[0.005s][info][metaspace]  - commit_granule_bytes: 65536.
[0.005s][info][metaspace]  - commit_granule_words: 8192.
[0.005s][info][metaspace]  - virtual_space_node_default_size: 8388608.
[0.005s][info][metaspace]  - enlarge_chunks_in_place: 1.
[0.008s][info][gc,init  ] CardTable entry size: 512
[0.011s][info][gc       ] Using G1
[0.016s][info][gc,init  ] Version: 24-internal-adhoc.root.jdk (release)
[0.016s][info][gc,init  ] CPUs: 2 total, 2 available
[0.016s][info][gc,init  ] Memory: 3908M
[0.016s][info][gc,init  ] Large Page Support: Disabled
[0.016s][info][gc,init  ] NUMA Support: Disabled
[0.016s][info][gc,init  ] Compressed Oops: Enabled (32-bit)
[0.016s][info][gc,init  ] Heap Region Size: 1M
[0.016s][info][gc,init  ] Heap Min Capacity: 256M
[0.016s][info][gc,init  ] Heap Initial Capacity: 256M
[0.016s][info][gc,init  ] Heap Max Capacity: 978M
[0.016s][info][gc,init  ] Pre-touch: Disabled
[0.016s][info][gc,init  ] Parallel Workers: 2
[0.016s][info][gc,init  ] Concurrent Workers: 1
[0.016s][info][gc,init  ] Concurrent Refinement Workers: 2
[0.016s][info][gc,init  ] Periodic GC: Disabled
[0.038s][info][gc,metaspace] CDS archive(s) mapped at: [0x00007f8a2a000000-0x00007f8a2adc0000-0x00007f8a2adc0000), size 14417920, SharedBaseAddress: 0x00007f8a2a000000, ArchiveRelocationMode: 1.
[0.038s][info][gc,metaspace] Compressed class space mapped at: 0x00007f8a2b000000-0x00007f8a6b000000, reserved size: 1073741824
[0.038s][info][gc,metaspace] UseCompressedClassPointers 1, UseCompactObjectHeaders 0
[0.038s][info][gc,metaspace] Narrow klass pointer bits 32, Max shift 3
[0.039s][info][gc,metaspace] Narrow klass base: 0x00007f8a2a000000, Narrow klass shift: 0
[0.039s][info][gc,metaspace] Encoding Range: [0x00007f8a2a000000 - 0x00007f8b2a000000), (4294967296 bytes)
[0.039s][info][gc,metaspace] Klass Range:    [0x00007f8a2a000000 - 0x00007f8a6b000000), (1090519040 bytes)
[0.039s][info][gc,metaspace] Klass ID Range:  [8 - 1090519033) (1090519025)
[0.285s][info][gc,start    ] GC(0) Pause Young (Normal) (G1 Evacuation Pause)
[0.285s][info][gc,task     ] GC(0) Using 2 workers of 2 for evacuation
[0.289s][info][gc,phases   ] GC(0)   Pre Evacuate Collection Set: 0.19ms
[0.289s][info][gc,phases   ] GC(0)   Merge Heap Roots: 0.08ms
[0.289s][info][gc,phases   ] GC(0)   Evacuate Collection Set: 3.97ms
[0.289s][info][gc,phases   ] GC(0)   Post Evacuate Collection Set: 0.23ms
[0.289s][info][gc,phases   ] GC(0)   Other: 0.18ms
[0.289s][info][gc,heap     ] GC(0) Eden regions: 12->0(10)
[0.289s][info][gc,heap     ] GC(0) Survivor regions: 0->2(2)
[0.289s][info][gc,heap     ] GC(0) Old regions: 2->2
[0.289s][info][gc,heap     ] GC(0) Humongous regions: 0->0
[0.289s][info][gc,metaspace] GC(0) Metaspace: 2351K(2496K)->2351K(2496K) NonClass: 2155K(2240K)->2155K(2240K) Class: 196K(256K)->196K(256K)
[0.289s][info][gc          ] GC(0) Pause Young (Normal) (G1 Evacuation Pause) 13M->2M(258M) 4.869ms
[0.289s][info][gc,cpu      ] GC(0) User=0.00s Sys=0.00s Real=0.00s
[0.326s][info][gc,start    ] GC(1) Pause Young (Normal) (G1 Evacuation Pause)
[0.326s][info][gc,task     ] GC(1) Using 2 workers of 2 for evacuation
[0.330s][info][gc,phases   ] GC(1)   Pre Evacuate Collection Set: 0.15ms
[0.330s][info][gc,phases   ] GC(1)   Merge Heap Roots: 0.04ms
[0.330s][info][gc,phases   ] GC(1)   Evacuate Collection Set: 3.92ms
[0.330s][info][gc,phases   ] GC(1)   Post Evacuate Collection Set: 0.16ms
[0.330s][info][gc,phases   ] GC(1)   Other: 0.06ms
[0.330s][info][gc,heap     ] GC(1) Eden regions: 10->0(19)
[0.330s][info][gc,heap     ] GC(1) Survivor regions: 2->1(2)
[0.330s][info][gc,heap     ] GC(1) Old regions: 2->4
[0.330s][info][gc,heap     ] GC(1) Humongous regions: 0->0
[0.330s][info][gc,metaspace] GC(1) Metaspace: 2416K(2560K)->2416K(2560K) NonClass: 2218K(2304K)->2218K(2304K) Class: 197K(256K)->197K(256K)
[0.330s][info][gc          ] GC(1) Pause Young (Normal) (G1 Evacuation Pause) 12M->3M(258M) 4.470ms
[0.330s][info][gc,cpu      ] GC(1) User=0.01s Sys=0.00s Real=0.00s
[0.861s][info][gc,start    ] GC(2) Pause Young (Normal) (G1 Evacuation Pause)
[0.861s][info][gc,task     ] GC(2) Using 2 workers of 2 for evacuation
[0.864s][info][gc,phases   ] GC(2)   Pre Evacuate Collection Set: 0.19ms
[0.864s][info][gc,phases   ] GC(2)   Merge Heap Roots: 0.05ms
[0.864s][info][gc,phases   ] GC(2)   Evacuate Collection Set: 2.65ms
[0.864s][info][gc,phases   ] GC(2)   Post Evacuate Collection Set: 0.20ms
[0.864s][info][gc,phases   ] GC(2)   Other: 0.07ms
[0.864s][info][gc,heap     ] GC(2) Eden regions: 19->0(23)
[0.864s][info][gc,heap     ] GC(2) Survivor regions: 1->2(3)
[0.864s][info][gc,heap     ] GC(2) Old regions: 4->4
[0.864s][info][gc,heap     ] GC(2) Humongous regions: 0->0
[0.864s][info][gc,metaspace] GC(2) Metaspace: 4628K(4800K)->4628K(4800K) NonClass: 4250K(4352K)->4250K(4352K) Class: 377K(448K)->377K(448K)
[0.864s][info][gc          ] GC(2) Pause Young (Normal) (G1 Evacuation Pause) 22M->4M(258M) 3.305ms
[0.864s][info][gc,cpu      ] GC(2) User=0.01s Sys=0.00s Real=0.01s
[1.295s][info][gc,start    ] GC(3) Pause Young (Normal) (G1 Evacuation Pause)
[1.295s][info][gc,task     ] GC(3) Using 2 workers of 2 for evacuation
[1.306s][info][gc,phases   ] GC(3)   Pre Evacuate Collection Set: 0.15ms
[1.306s][info][gc,phases   ] GC(3)   Merge Heap Roots: 0.03ms
[1.306s][info][gc,phases   ] GC(3)   Evacuate Collection Set: 10.49ms
[1.306s][info][gc,phases   ] GC(3)   Post Evacuate Collection Set: 0.28ms
[1.306s][info][gc,phases   ] GC(3)   Other: 0.07ms
[1.306s][info][gc,heap     ] GC(3) Eden regions: 23->0(26)
[1.306s][info][gc,heap     ] GC(3) Survivor regions: 2->4(4)
[1.306s][info][gc,heap     ] GC(3) Old regions: 4->4
[1.306s][info][gc,heap     ] GC(3) Humongous regions: 0->0
[1.306s][info][gc,metaspace] GC(3) Metaspace: 8807K(9024K)->8807K(9024K) NonClass: 8077K(8192K)->8077K(8192K) Class: 729K(832K)->729K(832K)
[1.306s][info][gc          ] GC(3) Pause Young (Normal) (G1 Evacuation Pause) 27M->7M(258M) 11.200ms
[1.306s][info][gc,cpu      ] GC(3) User=0.02s Sys=0.01s Real=0.01s
[1.787s][info][gc,start    ] GC(4) Pause Young (Normal) (G1 Evacuation Pause)
[1.787s][info][gc,task     ] GC(4) Using 2 workers of 2 for evacuation
[1.796s][info][gc,phases   ] GC(4)   Pre Evacuate Collection Set: 0.14ms
[1.796s][info][gc,phases   ] GC(4)   Merge Heap Roots: 0.04ms
[1.796s][info][gc,phases   ] GC(4)   Evacuate Collection Set: 8.34ms
[1.796s][info][gc,phases   ] GC(4)   Post Evacuate Collection Set: 0.39ms
[1.796s][info][gc,phases   ] GC(4)   Other: 0.07ms
[1.796s][info][gc,heap     ] GC(4) Eden regions: 26->0(36)
[1.796s][info][gc,heap     ] GC(4) Survivor regions: 4->3(4)
[1.796s][info][gc,heap     ] GC(4) Old regions: 4->8
[1.796s][info][gc,heap     ] GC(4) Humongous regions: 0->0
[1.796s][info][gc,metaspace] GC(4) Metaspace: 14871K(15168K)->14871K(15168K) NonClass: 13672K(13888K)->13672K(13888K) Class: 1198K(1280K)->1198K(1280K)
[1.796s][info][gc          ] GC(4) Pause Young (Normal) (G1 Evacuation Pause) 33M->9M(258M) 9.136ms
[1.796s][info][gc,cpu      ] GC(4) User=0.01s Sys=0.01s Real=0.01s
[4.400s][info][gc,start    ] GC(5) Pause Young (Normal) (G1 Evacuation Pause)
[4.400s][info][gc,task     ] GC(5) Using 2 workers of 2 for evacuation
[4.411s][info][gc,phases   ] GC(5)   Pre Evacuate Collection Set: 0.18ms
[4.411s][info][gc,phases   ] GC(5)   Merge Heap Roots: 0.05ms
[4.411s][info][gc,phases   ] GC(5)   Evacuate Collection Set: 10.05ms
[4.411s][info][gc,phases   ] GC(5)   Post Evacuate Collection Set: 0.42ms
[4.411s][info][gc,phases   ] GC(5)   Other: 0.09ms
[4.411s][info][gc,heap     ] GC(5) Eden regions: 35->0(44)
[4.411s][info][gc,heap     ] GC(5) Survivor regions: 3->4(5)
[4.411s][info][gc,heap     ] GC(5) Old regions: 8->8
[4.411s][info][gc,heap     ] GC(5) Humongous regions: 0->0
[4.411s][info][gc,metaspace] GC(5) Metaspace: 20904K(21312K)->20904K(21312K) NonClass: 19327K(19584K)->19327K(19584K) Class: 1577K(1728K)->1577K(1728K)
[4.411s][info][gc          ] GC(5) Pause Young (Normal) (G1 Evacuation Pause) 44M->9M(258M) 10.991ms
[4.411s][info][gc,cpu      ] GC(5) User=0.02s Sys=0.00s Real=0.01s
[4.974s][info][metaspace   ] Arena @0x00007f8aa0177600 (non-class arena): commit failure (requested size: 8)
[4.974s][info][metaspace   ] ChkMgr @0x00007f8aa015e5a0 (non-class-space): failed to commit 8 words on chunk @0x00007f8aa07a6208, f, base 0x00007f8a21380000, level lv05.
[4.974s][info][metaspace   ] Arena @0x00007f8aa0177600 (non-class arena): failed to allocate new chunk for requested word size 8.
[4.974s][info][metaspace   ] Arena @0x00007f8aa0177600 (non-class arena): allocation failed, returned null.
[4.974s][info][metaspace   ] Arena @0x00007f8aa0177600 (non-class arena): commit failure (requested size: 8)
[4.974s][info][metaspace   ] ChkMgr @0x00007f8aa015e5a0 (non-class-space): failed to commit 8 words on chunk @0x00007f8aa07a6208, f, base 0x00007f8a21380000, level lv05.
[4.974s][info][metaspace   ] Arena @0x00007f8aa0177600 (non-class arena): failed to allocate new chunk for requested word size 8.
[4.974s][info][metaspace   ] Arena @0x00007f8aa0177600 (non-class arena): allocation failed, returned null.
[4.975s][info][metaspace   ] Arena @0x00007f8aa0177600 (non-class arena): commit failure (requested size: 8)
[4.975s][info][metaspace   ] ChkMgr @0x00007f8aa015e5a0 (non-class-space): failed to commit 8 words on chunk @0x00007f8aa07a6208, f, base 0x00007f8a21380000, level lv05.
[4.975s][info][metaspace   ] Arena @0x00007f8aa0177600 (non-class arena): failed to allocate new chunk for requested word size 8.
[4.975s][info][metaspace   ] Arena @0x00007f8aa0177600 (non-class arena): allocation failed, returned null.
[4.975s][info][gc,start    ] GC(6) Pause Young (Concurrent Start) (Metadata GC Threshold)
[4.975s][info][gc,task     ] GC(6) Using 2 workers of 2 for evacuation
[4.989s][info][gc,phases   ] GC(6)   Pre Evacuate Collection Set: 1.03ms
[4.989s][info][gc,phases   ] GC(6)   Merge Heap Roots: 0.08ms
[4.989s][info][gc,phases   ] GC(6)   Evacuate Collection Set: 12.04ms
[4.989s][info][gc,phases   ] GC(6)   Post Evacuate Collection Set: 0.39ms
[4.989s][info][gc,phases   ] GC(6)   Other: 0.62ms
[4.989s][info][gc,heap     ] GC(6) Eden regions: 4->0(76)
[4.989s][info][gc,heap     ] GC(6) Survivor regions: 4->2(6)
[4.989s][info][gc,heap     ] GC(6) Old regions: 8->10
[4.989s][info][gc,heap     ] GC(6) Humongous regions: 0->0
[4.989s][info][gc,metaspace] GC(6) Metaspace: 21061K(21504K)->21061K(21504K) NonClass: 19471K(19712K)->19471K(19712K) Class: 1589K(1792K)->1589K(1792K)
[4.989s][info][gc          ] GC(6) Pause Young (Concurrent Start) (Metadata GC Threshold) 13M->10M(258M) 14.306ms
[4.989s][info][gc,cpu      ] GC(6) User=0.01s Sys=0.00s Real=0.01s
[4.989s][info][metaspace   ] CLMS @0x00007f8aa01775d0 : GC threshold increased: 22020096->22347776.
[4.989s][info][gc          ] GC(7) Concurrent Mark Cycle
[4.989s][info][gc,marking  ] GC(7) Concurrent Scan Root Regions
[4.994s][info][gc,marking  ] GC(7) Concurrent Scan Root Regions 4.728ms
[4.994s][info][gc,marking  ] GC(7) Concurrent Mark
[4.994s][info][gc,marking  ] GC(7) Concurrent Mark From Roots
[4.994s][info][gc,task     ] GC(7) Using 1 workers of 1 for marking
[5.009s][info][gc,marking  ] GC(7) Concurrent Mark From Roots 15.389ms
[5.010s][info][gc,marking  ] GC(7) Concurrent Preclean
[5.010s][info][gc,marking  ] GC(7) Concurrent Preclean 0.034ms
[5.010s][info][gc,start    ] GC(7) Pause Remark
[5.014s][info][gc          ] GC(7) Pause Remark 11M->11M(256M) 3.814ms
[5.014s][info][gc,cpu      ] GC(7) User=0.01s Sys=0.00s Real=0.01s
[5.014s][info][gc,marking  ] GC(7) Concurrent Mark 20.166ms
[5.014s][info][gc,marking  ] GC(7) Concurrent Rebuild Remembered Sets and Scrub Regions
[5.029s][info][gc,marking  ] GC(7) Concurrent Rebuild Remembered Sets and Scrub Regions 14.548ms
[5.030s][info][gc,start    ] GC(7) Pause Cleanup
[5.030s][info][gc          ] GC(7) Pause Cleanup 11M->11M(256M) 0.046ms
[5.030s][info][gc,cpu      ] GC(7) User=0.00s Sys=0.00s Real=0.00s
[5.030s][info][gc,marking  ] GC(7) Concurrent Clear Claimed Marks
[5.030s][info][gc,marking  ] GC(7) Concurrent Clear Claimed Marks 0.021ms
[5.030s][info][gc,marking  ] GC(7) Concurrent Cleanup for Next Mark
[5.037s][info][gc,marking  ] GC(7) Concurrent Cleanup for Next Mark 7.407ms
[5.037s][info][gc          ] GC(7) Concurrent Mark Cycle 47.955ms
[5.919s][info][gc,start    ] GC(8) Pause Young (Prepare Mixed) (G1 Evacuation Pause)
[5.919s][info][gc,task     ] GC(8) Using 2 workers of 2 for evacuation
[5.927s][info][gc,phases   ] GC(8)   Pre Evacuate Collection Set: 0.15ms
[5.927s][info][gc,phases   ] GC(8)   Merge Heap Roots: 0.05ms
[5.927s][info][gc,phases   ] GC(8)   Evacuate Collection Set: 7.60ms
[5.927s][info][gc,phases   ] GC(8)   Post Evacuate Collection Set: 0.45ms
[5.927s][info][gc,phases   ] GC(8)   Other: 0.12ms
[5.927s][info][gc,heap     ] GC(8) Eden regions: 75->0(64)
[5.927s][info][gc,heap     ] GC(8) Survivor regions: 2->5(10)
[5.927s][info][gc,heap     ] GC(8) Old regions: 10->10
[5.927s][info][gc,heap     ] GC(8) Humongous regions: 0->0
[5.927s][info][gc,metaspace] GC(8) Metaspace: 24107K(24448K)->24107K(24448K) NonClass: 22325K(22592K)->22325K(22592K) Class: 1782K(1856K)->1782K(1856K)
[5.927s][info][gc          ] GC(8) Pause Young (Prepare Mixed) (G1 Evacuation Pause) 85M->13M(256M) 8.529ms
[5.927s][info][gc,cpu      ] GC(8) User=0.02s Sys=0.00s Real=0.01s
[6.366s][info][gc,start    ] GC(9) Pause Young (Mixed) (G1 Evacuation Pause)
[6.366s][info][gc,task     ] GC(9) Using 2 workers of 2 for evacuation
[6.376s][info][gc,phases   ] GC(9)   Pre Evacuate Collection Set: 0.15ms
[6.376s][info][gc,phases   ] GC(9)   Merge Heap Roots: 0.05ms
[6.376s][info][gc,phases   ] GC(9)   Evacuate Collection Set: 9.21ms
[6.376s][info][gc,phases   ] GC(9)   Post Evacuate Collection Set: 0.39ms
[6.376s][info][gc,phases   ] GC(9)   Other: 0.06ms
[6.376s][info][gc,heap     ] GC(9) Eden regions: 64->0(77)
[6.376s][info][gc,heap     ] GC(9) Survivor regions: 5->6(9)
[6.376s][info][gc,heap     ] GC(9) Old regions: 10->10
[6.376s][info][gc,heap     ] GC(9) Humongous regions: 0->0
[6.376s][info][gc,metaspace] GC(9) Metaspace: 24416K(24768K)->24416K(24768K) NonClass: 22627K(22848K)->22627K(22848K) Class: 1789K(1920K)->1789K(1920K)
[6.376s][info][gc          ] GC(9) Pause Young (Mixed) (G1 Evacuation Pause) 77M->14M(256M) 10.066ms
[6.376s][info][gc,cpu      ] GC(9) User=0.02s Sys=0.00s Real=0.01s
[6.913s][info][gc,start    ] GC(10) Pause Young (Normal) (G1 Evacuation Pause)
[6.913s][info][gc,task     ] GC(10) Using 2 workers of 2 for evacuation
[6.927s][info][gc,phases   ] GC(10)   Pre Evacuate Collection Set: 0.20ms
[6.927s][info][gc,phases   ] GC(10)   Merge Heap Roots: 0.04ms
[6.927s][info][gc,phases   ] GC(10)   Evacuate Collection Set: 12.88ms
[6.927s][info][gc,phases   ] GC(10)   Post Evacuate Collection Set: 0.60ms
[6.927s][info][gc,phases   ] GC(10)   Other: 0.07ms
[6.927s][info][gc,heap     ] GC(10) Eden regions: 78->0(96)
[6.927s][info][gc,heap     ] GC(10) Survivor regions: 6->7(11)
[6.927s][info][gc,heap     ] GC(10) Old regions: 10->10
[6.927s][info][gc,heap     ] GC(10) Humongous regions: 0->0
[6.927s][info][gc,metaspace] GC(10) Metaspace: 25898K(26240K)->25898K(26240K) NonClass: 23971K(24192K)->23971K(24192K) Class: 1927K(2048K)->1927K(2048K)
[6.927s][info][gc          ] GC(10) Pause Young (Normal) (G1 Evacuation Pause) 92M->16M(256M) 13.947ms
[6.927s][info][gc,cpu      ] GC(10) User=0.03s Sys=0.00s Real=0.01s
[7.359s][info][gc,start    ] GC(11) Pause Young (Concurrent Start) (G1 Humongous Allocation)
[7.359s][info][gc,task     ] GC(11) Using 2 workers of 2 for evacuation
[7.369s][info][gc,phases   ] GC(11)   Pre Evacuate Collection Set: 0.21ms
[7.369s][info][gc,phases   ] GC(11)   Merge Heap Roots: 0.06ms
[7.369s][info][gc,phases   ] GC(11)   Evacuate Collection Set: 9.28ms
[7.369s][info][gc,phases   ] GC(11)   Post Evacuate Collection Set: 0.51ms
[7.369s][info][gc,phases   ] GC(11)   Other: 0.09ms
[7.369s][info][gc,heap     ] GC(11) Eden regions: 55->0(135)
[7.369s][info][gc,heap     ] GC(11) Survivor regions: 7->9(13)
[7.369s][info][gc,heap     ] GC(11) Old regions: 10->10
[7.369s][info][gc,heap     ] GC(11) Humongous regions: 104->0
[7.369s][info][gc,metaspace] GC(11) Metaspace: 26074K(26496K)->26074K(26496K) NonClass: 24142K(24384K)->24142K(24384K) Class: 1932K(2112K)->1932K(2112K)
[7.369s][info][gc          ] GC(11) Pause Young (Concurrent Start) (G1 Humongous Allocation) 175M->18M(256M) 10.319ms
[7.369s][info][gc          ] GC(12) Concurrent Undo Cycle
[7.369s][info][gc,marking  ] GC(12) Concurrent Clear Claimed Marks
[7.369s][info][gc,marking  ] GC(12) Concurrent Clear Claimed Marks 0.028ms
[7.369s][info][gc,marking  ] GC(12) Concurrent Cleanup for Next Mark
[7.369s][info][gc,cpu      ] GC(11) User=0.02s Sys=0.00s Real=0.01s
[7.370s][info][gc,marking  ] GC(12) Concurrent Cleanup for Next Mark 0.856ms
[7.370s][info][gc          ] GC(12) Concurrent Undo Cycle 0.939ms
[8.795s][info][gc,start    ] GC(13) Pause Young (Normal) (G1 Evacuation Pause)
[8.795s][info][gc,task     ] GC(13) Using 2 workers of 2 for evacuation
[8.807s][info][gc,phases   ] GC(13)   Pre Evacuate Collection Set: 0.39ms
[8.807s][info][gc,phases   ] GC(13)   Merge Heap Roots: 0.09ms
[8.807s][info][gc,phases   ] GC(13)   Evacuate Collection Set: 10.61ms
[8.807s][info][gc,phases   ] GC(13)   Post Evacuate Collection Set: 0.47ms
[8.807s][info][gc,phases   ] GC(13)   Other: 0.10ms
[8.807s][info][gc,heap     ] GC(13) Eden regions: 136->0(130)
[8.807s][info][gc,heap     ] GC(13) Survivor regions: 9->11(19)
[8.807s][info][gc,heap     ] GC(13) Old regions: 10->10
[8.807s][info][gc,heap     ] GC(13) Humongous regions: 24->0
[8.807s][info][gc,metaspace] GC(13) Metaspace: 28245K(28672K)->28245K(28672K) NonClass: 26175K(26432K)->26175K(26432K) Class: 2070K(2240K)->2070K(2240K)
[8.807s][info][gc          ] GC(13) Pause Young (Normal) (G1 Evacuation Pause) 178M->20M(256M) 11.838ms
[8.807s][info][gc,cpu      ] GC(13) User=0.02s Sys=0.00s Real=0.01s
[10.134s][info][gc,start    ] GC(14) Pause Young (Normal) (G1 Evacuation Pause)
[10.134s][info][gc,task     ] GC(14) Using 2 workers of 2 for evacuation
[10.148s][info][gc,phases   ] GC(14)   Pre Evacuate Collection Set: 0.18ms
[10.148s][info][gc,phases   ] GC(14)   Merge Heap Roots: 0.06ms
[10.148s][info][gc,phases   ] GC(14)   Evacuate Collection Set: 13.81ms
[10.148s][info][gc,phases   ] GC(14)   Post Evacuate Collection Set: 0.51ms
[10.148s][info][gc,phases   ] GC(14)   Other: 0.12ms
[10.148s][info][gc,heap     ] GC(14) Eden regions: 130->0(139)
[10.148s][info][gc,heap     ] GC(14) Survivor regions: 11->14(18)
[10.149s][info][gc,heap     ] GC(14) Old regions: 10->12
[10.149s][info][gc,heap     ] GC(14) Humongous regions: 0->0
[10.149s][info][gc,metaspace] GC(14) Metaspace: 28531K(28928K)->28531K(28928K) NonClass: 26438K(26688K)->26438K(26688K) Class: 2092K(2240K)->2092K(2240K)
[10.149s][info][gc          ] GC(14) Pause Young (Normal) (G1 Evacuation Pause) 150M->24M(256M) 14.858ms
[10.149s][info][gc,cpu      ] GC(14) User=0.03s Sys=0.00s Real=0.01s
[11.305s][info][gc,start    ] GC(15) Pause Young (Normal) (G1 Evacuation Pause)
[11.305s][info][gc,task     ] GC(15) Using 2 workers of 2 for evacuation
[11.319s][info][gc,phases   ] GC(15)   Pre Evacuate Collection Set: 0.15ms
[11.319s][info][gc,phases   ] GC(15)   Merge Heap Roots: 0.06ms
[11.319s][info][gc,phases   ] GC(15)   Evacuate Collection Set: 10.82ms
[11.319s][info][gc,phases   ] GC(15)   Post Evacuate Collection Set: 2.53ms
[11.319s][info][gc,phases   ] GC(15)   Other: 0.07ms
[11.319s][info][gc,heap     ] GC(15) Eden regions: 139->0(146)
[11.319s][info][gc,heap     ] GC(15) Survivor regions: 14->7(20)
[11.319s][info][gc,heap     ] GC(15) Old regions: 12->16
[11.319s][info][gc,heap     ] GC(15) Humongous regions: 0->0
[11.319s][info][gc,metaspace] GC(15) Metaspace: 28574K(28928K)->28574K(28928K) NonClass: 26481K(26688K)->26481K(26688K) Class: 2092K(2240K)->2092K(2240K)
[11.319s][info][gc          ] GC(15) Pause Young (Normal) (G1 Evacuation Pause) 163M->21M(256M) 13.797ms
[11.319s][info][gc,cpu      ] GC(15) User=0.03s Sys=0.00s Real=0.01s
[12.384s][info][gc,start    ] GC(16) Pause Young (Normal) (G1 Evacuation Pause)
[12.384s][info][gc,task     ] GC(16) Using 2 workers of 2 for evacuation
[12.396s][info][gc,phases   ] GC(16)   Pre Evacuate Collection Set: 0.16ms
[12.396s][info][gc,phases   ] GC(16)   Merge Heap Roots: 0.07ms
[12.396s][info][gc,phases   ] GC(16)   Evacuate Collection Set: 10.90ms
[12.396s][info][gc,phases   ] GC(16)   Post Evacuate Collection Set: 0.41ms
[12.396s][info][gc,phases   ] GC(16)   Other: 0.11ms
[12.396s][info][gc,heap     ] GC(16) Eden regions: 146->0(144)
[12.396s][info][gc,heap     ] GC(16) Survivor regions: 7->9(20)
[12.396s][info][gc,heap     ] GC(16) Old regions: 16->16
[12.396s][info][gc,heap     ] GC(16) Humongous regions: 0->0
[12.396s][info][gc,metaspace] GC(16) Metaspace: 28588K(28992K)->28588K(28992K) NonClass: 26493K(26752K)->26493K(26752K) Class: 2094K(2240K)->2094K(2240K)
[12.396s][info][gc          ] GC(16) Pause Young (Normal) (G1 Evacuation Pause) 167M->24M(256M) 11.850ms
[12.396s][info][gc,cpu      ] GC(16) User=0.02s Sys=0.00s Real=0.01s
[13.380s][info][gc,start    ] GC(17) Pause Young (Normal) (G1 Evacuation Pause)
[13.380s][info][gc,task     ] GC(17) Using 2 workers of 2 for evacuation
[13.387s][info][gc,phases   ] GC(17)   Pre Evacuate Collection Set: 0.17ms
[13.387s][info][gc,phases   ] GC(17)   Merge Heap Roots: 0.07ms
[13.387s][info][gc,phases   ] GC(17)   Evacuate Collection Set: 5.63ms
[13.387s][info][gc,phases   ] GC(17)   Post Evacuate Collection Set: 0.37ms
[13.387s][info][gc,phases   ] GC(17)   Other: 0.06ms
[13.387s][info][gc,heap     ] GC(17) Eden regions: 144->0(148)
[13.387s][info][gc,heap     ] GC(17) Survivor regions: 9->5(20)
[13.387s][info][gc,heap     ] GC(17) Old regions: 16->16
[13.387s][info][gc,heap     ] GC(17) Humongous regions: 0->0
[13.387s][info][gc,metaspace] GC(17) Metaspace: 28598K(28992K)->28598K(28992K) NonClass: 26504K(26752K)->26504K(26752K) Class: 2094K(2240K)->2094K(2240K)
[13.387s][info][gc          ] GC(17) Pause Young (Normal) (G1 Evacuation Pause) 168M->19M(256M) 6.466ms
[13.387s][info][gc,cpu      ] GC(17) User=0.01s Sys=0.00s Real=0.01s
[14.210s][info][gc,start    ] GC(18) Pause Young (Normal) (G1 Evacuation Pause)
[14.210s][info][gc,task     ] GC(18) Using 2 workers of 2 for evacuation
[14.222s][info][gc,phases   ] GC(18)   Pre Evacuate Collection Set: 0.15ms
[14.222s][info][gc,phases   ] GC(18)   Merge Heap Roots: 0.08ms
[14.222s][info][gc,phases   ] GC(18)   Evacuate Collection Set: 10.92ms
[14.222s][info][gc,phases   ] GC(18)   Post Evacuate Collection Set: 0.54ms
[14.222s][info][gc,phases   ] GC(18)   Other: 0.07ms
[14.222s][info][gc,heap     ] GC(18) Eden regions: 148->0(144)
[14.222s][info][gc,heap     ] GC(18) Survivor regions: 5->9(20)
[14.222s][info][gc,heap     ] GC(18) Old regions: 16->16
[14.222s][info][gc,heap     ] GC(18) Humongous regions: 3->2
[14.222s][info][gc,metaspace] GC(18) Metaspace: 28642K(28992K)->28642K(28992K) NonClass: 26546K(26752K)->26546K(26752K) Class: 2095K(2240K)->2095K(2240K)
[14.222s][info][gc          ] GC(18) Pause Young (Normal) (G1 Evacuation Pause) 170M->26M(256M) 11.953ms
[14.222s][info][gc,cpu      ] GC(18) User=0.02s Sys=0.00s Real=0.02s
[14.632s][info][gc,start    ] GC(19) Pause Young (Normal) (G1 Evacuation Pause)
[14.632s][info][gc,task     ] GC(19) Using 2 workers of 2 for evacuation
[14.661s][info][gc,phases   ] GC(19)   Pre Evacuate Collection Set: 0.15ms
[14.661s][info][gc,phases   ] GC(19)   Merge Heap Roots: 0.07ms
[14.661s][info][gc,phases   ] GC(19)   Evacuate Collection Set: 27.48ms
[14.661s][info][gc,phases   ] GC(19)   Post Evacuate Collection Set: 0.44ms
[14.661s][info][gc,phases   ] GC(19)   Other: 0.07ms
[14.661s][info][gc,heap     ] GC(19) Eden regions: 144->0(133)
[14.661s][info][gc,heap     ] GC(19) Survivor regions: 9->20(20)
[14.661s][info][gc,heap     ] GC(19) Old regions: 16->21
[14.661s][info][gc,heap     ] GC(19) Humongous regions: 3->3
[14.661s][info][gc,metaspace] GC(19) Metaspace: 28676K(29056K)->28676K(29056K) NonClass: 26571K(26816K)->26571K(26816K) Class: 2104K(2240K)->2104K(2240K)
[14.661s][info][gc          ] GC(19) Pause Young (Normal) (G1 Evacuation Pause) 171M->43M(256M) 28.408ms
[14.661s][info][gc,cpu      ] GC(19) User=0.06s Sys=0.00s Real=0.02s
[15.069s][info][gc,start    ] GC(20) Pause Young (Normal) (G1 Evacuation Pause)
[15.069s][info][gc,task     ] GC(20) Using 2 workers of 2 for evacuation
[15.126s][info][gc,phases   ] GC(20)   Pre Evacuate Collection Set: 0.16ms
[15.126s][info][gc,phases   ] GC(20)   Merge Heap Roots: 0.22ms
[15.126s][info][gc,phases   ] GC(20)   Evacuate Collection Set: 56.12ms
[15.126s][info][gc,phases   ] GC(20)   Post Evacuate Collection Set: 0.60ms
[15.126s][info][gc,phases   ] GC(20)   Other: 0.07ms
[15.126s][info][gc,heap     ] GC(20) Eden regions: 133->0(137)
[15.126s][info][gc,heap     ] GC(20) Survivor regions: 20->16(20)
[15.126s][info][gc,heap     ] GC(20) Old regions: 21->42
[15.126s][info][gc,heap     ] GC(20) Humongous regions: 5->5
[15.126s][info][gc,metaspace] GC(20) Metaspace: 28731K(29056K)->28731K(29056K) NonClass: 26623K(26816K)->26623K(26816K) Class: 2108K(2240K)->2108K(2240K)
[15.126s][info][gc          ] GC(20) Pause Young (Normal) (G1 Evacuation Pause) 178M->62M(256M) 57.393ms
[15.126s][info][gc,cpu      ] GC(20) User=0.12s Sys=0.00s Real=0.06s
[15.503s][info][gc,start    ] GC(21) Pause Young (Normal) (G1 Evacuation Pause)
[15.503s][info][gc,task     ] GC(21) Using 2 workers of 2 for evacuation
[15.539s][info][gc,phases   ] GC(21)   Pre Evacuate Collection Set: 0.17ms
[15.539s][info][gc,phases   ] GC(21)   Merge Heap Roots: 0.14ms
[15.539s][info][gc,phases   ] GC(21)   Evacuate Collection Set: 35.46ms
[15.539s][info][gc,phases   ] GC(21)   Post Evacuate Collection Set: 0.34ms
[15.539s][info][gc,phases   ] GC(21)   Other: 0.07ms
[15.539s][info][gc,heap     ] GC(21) Eden regions: 137->0(137)
[15.539s][info][gc,heap     ] GC(21) Survivor regions: 16->16(20)
[15.539s][info][gc,heap     ] GC(21) Old regions: 42->58
[15.539s][info][gc,heap     ] GC(21) Humongous regions: 5->5
[15.539s][info][gc,metaspace] GC(21) Metaspace: 28736K(29056K)->28736K(29056K) NonClass: 26627K(26816K)->26627K(26816K) Class: 2108K(2240K)->2108K(2240K)
[15.539s][info][gc          ] GC(21) Pause Young (Normal) (G1 Evacuation Pause) 199M->78M(256M) 36.389ms
[15.539s][info][gc,cpu      ] GC(21) User=0.07s Sys=0.01s Real=0.03s
[15.958s][info][gc,start    ] GC(22) Pause Young (Normal) (G1 Evacuation Pause)
[15.958s][info][gc,task     ] GC(22) Using 2 workers of 2 for evacuation
[15.997s][info][gc,phases   ] GC(22)   Pre Evacuate Collection Set: 0.15ms
[15.997s][info][gc,phases   ] GC(22)   Merge Heap Roots: 0.14ms
[15.997s][info][gc,phases   ] GC(22)   Evacuate Collection Set: 39.07ms
[15.997s][info][gc,phases   ] GC(22)   Post Evacuate Collection Set: 0.37ms
[15.997s][info][gc,phases   ] GC(22)   Other: 0.08ms
[15.997s][info][gc,heap     ] GC(22) Eden regions: 137->0(122)
[15.997s][info][gc,heap     ] GC(22) Survivor regions: 16->16(20)
[15.997s][info][gc,heap     ] GC(22) Old regions: 58->74
[15.997s][info][gc,heap     ] GC(22) Humongous regions: 9->9
[15.997s][info][gc,metaspace] GC(22) Metaspace: 28736K(29056K)->28736K(29056K) NonClass: 26627K(26816K)->26627K(26816K) Class: 2108K(2240K)->2108K(2240K)
[15.998s][info][gc          ] GC(22) Pause Young (Normal) (G1 Evacuation Pause) 219M->98M(256M) 40.010ms
[15.998s][info][gc,cpu      ] GC(22) User=0.07s Sys=0.00s Real=0.04s
[16.462s][info][gc,start    ] GC(23) Pause Young (Normal) (G1 Evacuation Pause)
[16.462s][info][gc,task     ] GC(23) Using 2 workers of 2 for evacuation
[16.511s][info][gc,phases   ] GC(23)   Pre Evacuate Collection Set: 0.18ms
[16.511s][info][gc,phases   ] GC(23)   Merge Heap Roots: 0.13ms
[16.511s][info][gc,phases   ] GC(23)   Evacuate Collection Set: 47.64ms
[16.511s][info][gc,phases   ] GC(23)   Post Evacuate Collection Set: 1.39ms
[16.511s][info][gc,phases   ] GC(23)   Other: 0.09ms
[16.511s][info][gc,heap     ] GC(23) Eden regions: 122->0(168)
[16.511s][info][gc,heap     ] GC(23) Survivor regions: 16->18(18)
[16.511s][info][gc,heap     ] GC(23) Old regions: 74->95
[16.511s][info][gc,heap     ] GC(23) Humongous regions: 11->11
[16.511s][info][gc,metaspace] GC(23) Metaspace: 28736K(29056K)->28736K(29056K) NonClass: 26627K(26816K)->26627K(26816K) Class: 2108K(2240K)->2108K(2240K)
[16.511s][info][gc          ] GC(23) Pause Young (Normal) (G1 Evacuation Pause) 221M->124M(354M) 49.625ms
[16.511s][info][gc,cpu      ] GC(23) User=0.09s Sys=0.00s Real=0.05s
[18.087s][info][gc,start    ] GC(24) Pause Young (Normal) (G1 Evacuation Pause)
[18.087s][info][gc,task     ] GC(24) Using 2 workers of 2 for evacuation
[18.158s][info][gc,phases   ] GC(24)   Pre Evacuate Collection Set: 0.25ms
[18.158s][info][gc,phases   ] GC(24)   Merge Heap Roots: 0.26ms
[18.158s][info][gc,phases   ] GC(24)   Evacuate Collection Set: 69.25ms
[18.158s][info][gc,phases   ] GC(24)   Post Evacuate Collection Set: 0.45ms
[18.158s][info][gc,phases   ] GC(24)   Other: 0.11ms
[18.158s][info][gc,heap     ] GC(24) Eden regions: 168->0(146)
[18.158s][info][gc,heap     ] GC(24) Survivor regions: 18->24(24)
[18.158s][info][gc,heap     ] GC(24) Old regions: 95->114
[18.158s][info][gc,heap     ] GC(24) Humongous regions: 17->15
[18.158s][info][gc,metaspace] GC(24) Metaspace: 28774K(29184K)->28774K(29184K) NonClass: 26665K(26944K)->26665K(26944K) Class: 2108K(2240K)->2108K(2240K)
[18.158s][info][gc          ] GC(24) Pause Young (Normal) (G1 Evacuation Pause) 298M->153M(354M) 70.509ms
[18.158s][info][gc,cpu      ] GC(24) User=0.14s Sys=0.00s Real=0.07s
[18.914s][info][gc,start    ] GC(25) Pause Young (Normal) (G1 Evacuation Pause)
[18.914s][info][gc,task     ] GC(25) Using 2 workers of 2 for evacuation
[18.955s][info][gc,phases   ] GC(25)   Pre Evacuate Collection Set: 0.21ms
[18.955s][info][gc,phases   ] GC(25)   Merge Heap Roots: 0.20ms
[18.955s][info][gc,phases   ] GC(25)   Evacuate Collection Set: 40.08ms
[18.955s][info][gc,phases   ] GC(25)   Post Evacuate Collection Set: 0.44ms
[18.955s][info][gc,phases   ] GC(25)   Other: 0.08ms
[18.955s][info][gc,heap     ] GC(25) Eden regions: 146->0(128)
[18.955s][info][gc,heap     ] GC(25) Survivor regions: 24->20(22)
[18.955s][info][gc,heap     ] GC(25) Old regions: 114->138
[18.955s][info][gc,heap     ] GC(25) Humongous regions: 17->17
[18.955s][info][gc,metaspace] GC(25) Metaspace: 28819K(29184K)->28819K(29184K) NonClass: 26706K(26944K)->26706K(26944K) Class: 2112K(2240K)->2112K(2240K)
[18.956s][info][gc          ] GC(25) Pause Young (Normal) (G1 Evacuation Pause) 301M->174M(354M) 41.197ms
[18.956s][info][gc,cpu      ] GC(25) User=0.08s Sys=0.00s Real=0.04s
[19.261s][info][gc,start    ] GC(26) Pause Young (Normal) (G1 Evacuation Pause)
[19.261s][info][gc,task     ] GC(26) Using 2 workers of 2 for evacuation
[19.292s][info][gc,phases   ] GC(26)   Pre Evacuate Collection Set: 0.19ms
[19.292s][info][gc,phases   ] GC(26)   Merge Heap Roots: 0.07ms
[19.292s][info][gc,phases   ] GC(26)   Evacuate Collection Set: 30.45ms
[19.292s][info][gc,phases   ] GC(26)   Post Evacuate Collection Set: 0.37ms
[19.292s][info][gc,phases   ] GC(26)   Other: 0.10ms
[19.292s][info][gc,heap     ] GC(26) Eden regions: 128->0(117)
[19.292s][info][gc,heap     ] GC(26) Survivor regions: 20->16(19)
[19.292s][info][gc,heap     ] GC(26) Old regions: 138->158
[19.293s][info][gc,heap     ] GC(26) Humongous regions: 18->18
[19.293s][info][gc,metaspace] GC(26) Metaspace: 28819K(29184K)->28819K(29184K) NonClass: 26706K(26944K)->26706K(26944K) Class: 2112K(2240K)->2112K(2240K)
[19.293s][info][gc          ] GC(26) Pause Young (Normal) (G1 Evacuation Pause) 303M->191M(354M) 31.363ms
[19.293s][info][gc,cpu      ] GC(26) User=0.06s Sys=0.00s Real=0.04s
[19.495s][info][gc,start    ] GC(27) Pause Young (Concurrent Start) (G1 Humongous Allocation)
[19.495s][info][gc,task     ] GC(27) Using 2 workers of 2 for evacuation
[19.525s][info][gc,phases   ] GC(27)   Pre Evacuate Collection Set: 0.21ms
[19.525s][info][gc,phases   ] GC(27)   Merge Heap Roots: 0.06ms
[19.525s][info][gc,phases   ] GC(27)   Evacuate Collection Set: 29.22ms
[19.525s][info][gc,phases   ] GC(27)   Post Evacuate Collection Set: 0.33ms
[19.525s][info][gc,phases   ] GC(27)   Other: 0.10ms
[19.525s][info][gc,heap     ] GC(27) Eden regions: 89->0(112)
[19.525s][info][gc,heap     ] GC(27) Survivor regions: 16->11(17)
[19.525s][info][gc,heap     ] GC(27) Old regions: 158->173
[19.525s][info][gc,heap     ] GC(27) Humongous regions: 18->18
[19.525s][info][gc,metaspace] GC(27) Metaspace: 28821K(29184K)->28821K(29184K) NonClass: 26709K(26944K)->26709K(26944K) Class: 2112K(2240K)->2112K(2240K)
[19.525s][info][gc          ] GC(27) Pause Young (Concurrent Start) (G1 Humongous Allocation) 280M->201M(354M) 30.164ms
[19.525s][info][gc          ] GC(28) Concurrent Mark Cycle
[19.525s][info][gc,marking  ] GC(28) Concurrent Scan Root Regions
[19.527s][info][gc,cpu      ] GC(27) User=0.06s Sys=0.00s Real=0.03s
[19.549s][info][gc,marking  ] GC(28) Concurrent Scan Root Regions 23.638ms
[19.549s][info][gc,marking  ] GC(28) Concurrent Mark
[19.549s][info][gc,marking  ] GC(28) Concurrent Mark From Roots
[19.549s][info][gc,task     ] GC(28) Using 1 workers of 1 for marking
[19.600s][info][gc,marking  ] GC(28) Concurrent Mark From Roots 50.602ms
[19.600s][info][gc,marking  ] GC(28) Concurrent Preclean
[19.600s][info][gc,marking  ] GC(28) Concurrent Preclean 0.034ms
[19.600s][info][gc,start    ] GC(28) Pause Remark
[19.613s][info][gc          ] GC(28) Pause Remark 228M->112M(294M) 12.738ms
[19.613s][info][gc,cpu      ] GC(28) User=0.02s Sys=0.00s Real=0.02s
[19.613s][info][gc,marking  ] GC(28) Concurrent Mark 63.676ms
[19.613s][info][gc,marking  ] GC(28) Concurrent Rebuild Remembered Sets and Scrub Regions
[19.643s][info][gc,marking  ] GC(28) Concurrent Rebuild Remembered Sets and Scrub Regions 29.864ms
[19.643s][info][gc,start    ] GC(28) Pause Cleanup
[19.643s][info][gc          ] GC(28) Pause Cleanup 125M->125M(294M) 0.041ms
[19.643s][info][gc,cpu      ] GC(28) User=0.00s Sys=0.00s Real=0.00s
[19.643s][info][gc,marking  ] GC(28) Concurrent Clear Claimed Marks
[19.643s][info][gc,marking  ] GC(28) Concurrent Clear Claimed Marks 0.028ms
[19.643s][info][gc,marking  ] GC(28) Concurrent Cleanup for Next Mark
[19.644s][info][gc,marking  ] GC(28) Concurrent Cleanup for Next Mark 1.263ms
[19.644s][info][gc          ] GC(28) Concurrent Mark Cycle 118.789ms
[19.806s][info][gc,start    ] GC(29) Pause Young (Prepare Mixed) (G1 Evacuation Pause)
[19.806s][info][gc,task     ] GC(29) Using 2 workers of 2 for evacuation
[19.832s][info][gc,phases   ] GC(29)   Pre Evacuate Collection Set: 0.16ms
[19.832s][info][gc,phases   ] GC(29)   Merge Heap Roots: 0.08ms
[19.832s][info][gc,phases   ] GC(29)   Evacuate Collection Set: 25.41ms
[19.832s][info][gc,phases   ] GC(29)   Post Evacuate Collection Set: 0.31ms
[19.832s][info][gc,phases   ] GC(29)   Other: 0.06ms
[19.832s][info][gc,heap     ] GC(29) Eden regions: 112->0(146)
[19.832s][info][gc,heap     ] GC(29) Survivor regions: 11->13(16)
[19.832s][info][gc,heap     ] GC(29) Old regions: 72->83
[19.832s][info][gc,heap     ] GC(29) Humongous regions: 5->5
[19.832s][info][gc,metaspace] GC(29) Metaspace: 28821K(29184K)->28821K(29184K) NonClass: 26709K(26944K)->26709K(26944K) Class: 2112K(2240K)->2112K(2240K)
[19.832s][info][gc          ] GC(29) Pause Young (Prepare Mixed) (G1 Evacuation Pause) 199M->101M(294M) 26.198ms
[19.832s][info][gc,cpu      ] GC(29) User=0.06s Sys=0.00s Real=0.03s
[20.157s][info][gc,start    ] GC(30) Pause Young (Mixed) (G1 Evacuation Pause)
[20.157s][info][gc,task     ] GC(30) Using 2 workers of 2 for evacuation
[20.190s][info][gc,phases   ] GC(30)   Pre Evacuate Collection Set: 0.15ms
[20.190s][info][gc,phases   ] GC(30)   Merge Heap Roots: 0.08ms
[20.191s][info][gc,phases   ] GC(30)   Evacuate Collection Set: 32.35ms
[20.191s][info][gc,phases   ] GC(30)   Post Evacuate Collection Set: 0.38ms
[20.191s][info][gc,phases   ] GC(30)   Other: 0.06ms
[20.191s][info][gc,heap     ] GC(30) Eden regions: 146->0(142)
[20.191s][info][gc,heap     ] GC(30) Survivor regions: 13->17(20)
[20.191s][info][gc,heap     ] GC(30) Old regions: 83->85
[20.191s][info][gc,heap     ] GC(30) Humongous regions: 5->5
[20.191s][info][gc,metaspace] GC(30) Metaspace: 28821K(29184K)->28821K(29184K) NonClass: 26709K(26944K)->26709K(26944K) Class: 2112K(2240K)->2112K(2240K)
[20.191s][info][gc          ] GC(30) Pause Young (Mixed) (G1 Evacuation Pause) 247M->106M(294M) 33.231ms
[20.191s][info][gc,cpu      ] GC(30) User=0.06s Sys=0.00s Real=0.03s
[20.570s][info][gc,start    ] GC(31) Pause Young (Normal) (G1 Evacuation Pause)
[20.570s][info][gc,task     ] GC(31) Using 2 workers of 2 for evacuation
[20.622s][info][gc,phases   ] GC(31)   Pre Evacuate Collection Set: 0.22ms
[20.622s][info][gc,phases   ] GC(31)   Merge Heap Roots: 0.25ms
[20.622s][info][gc,phases   ] GC(31)   Evacuate Collection Set: 49.51ms
[20.622s][info][gc,phases   ] GC(31)   Post Evacuate Collection Set: 1.47ms
[20.622s][info][gc,phases   ] GC(31)   Other: 0.10ms
[20.622s][info][gc,heap     ] GC(31) Eden regions: 142->0(202)
[20.622s][info][gc,heap     ] GC(31) Survivor regions: 17->17(20)
[20.622s][info][gc,heap     ] GC(31) Old regions: 85->102
[20.622s][info][gc,heap     ] GC(31) Humongous regions: 9->9
[20.622s][info][gc,metaspace] GC(31) Metaspace: 28821K(29184K)->28821K(29184K) NonClass: 26709K(26944K)->26709K(26944K) Class: 2112K(2240K)->2112K(2240K)
[20.622s][info][gc          ] GC(31) Pause Young (Normal) (G1 Evacuation Pause) 252M->127M(398M) 51.742ms
[20.622s][info][gc,cpu      ] GC(31) User=0.08s Sys=0.00s Real=0.06s
[22.194s][info][gc,start    ] GC(32) Pause Young (Normal) (G1 Evacuation Pause)
[22.194s][info][gc,task     ] GC(32) Using 2 workers of 2 for evacuation
[22.232s][info][gc,phases   ] GC(32)   Pre Evacuate Collection Set: 0.20ms
[22.232s][info][gc,phases   ] GC(32)   Merge Heap Roots: 0.18ms
[22.232s][info][gc,phases   ] GC(32)   Evacuate Collection Set: 37.15ms
[22.233s][info][gc,phases   ] GC(32)   Post Evacuate Collection Set: 0.47ms
[22.233s][info][gc,phases   ] GC(32)   Other: 0.11ms
[22.233s][info][gc,heap     ] GC(32) Eden regions: 202->0(184)
[22.233s][info][gc,heap     ] GC(32) Survivor regions: 17->12(28)
[22.233s][info][gc,heap     ] GC(32) Old regions: 102->118
[22.233s][info][gc,heap     ] GC(32) Humongous regions: 17->15
[22.233s][info][gc,metaspace] GC(32) Metaspace: 28869K(29248K)->28869K(29248K) NonClass: 26757K(27008K)->26757K(27008K) Class: 2112K(2240K)->2112K(2240K)
[22.233s][info][gc          ] GC(32) Pause Young (Normal) (G1 Evacuation Pause) 337M->144M(398M) 38.302ms
[22.233s][info][gc,cpu      ] GC(32) User=0.08s Sys=0.00s Real=0.04s
[23.087s][info][gc,start    ] GC(33) Pause Young (Normal) (G1 Evacuation Pause)
[23.087s][info][gc,task     ] GC(33) Using 2 workers of 2 for evacuation
[23.116s][info][gc,phases   ] GC(33)   Pre Evacuate Collection Set: 0.22ms
[23.117s][info][gc,phases   ] GC(33)   Merge Heap Roots: 0.16ms
[23.117s][info][gc,phases   ] GC(33)   Evacuate Collection Set: 28.23ms
[23.117s][info][gc,phases   ] GC(33)   Post Evacuate Collection Set: 0.45ms
[23.117s][info][gc,phases   ] GC(33)   Other: 0.07ms
[23.117s][info][gc,heap     ] GC(33) Eden regions: 184->0(187)
[23.117s][info][gc,heap     ] GC(33) Survivor regions: 12->20(25)
[23.117s][info][gc,heap     ] GC(33) Old regions: 118->118
[23.117s][info][gc,heap     ] GC(33) Humongous regions: 15->15
[23.117s][info][gc,metaspace] GC(33) Metaspace: 28884K(29248K)->28884K(29248K) NonClass: 26771K(27008K)->26771K(27008K) Class: 2112K(2240K)->2112K(2240K)
[23.117s][info][gc          ] GC(33) Pause Young (Normal) (G1 Evacuation Pause) 328M->152M(398M) 29.339ms
[23.117s][info][gc,cpu      ] GC(33) User=0.06s Sys=0.00s Real=0.03s
[24.167s][info][gc,start    ] GC(34) Pause Young (Normal) (G1 Evacuation Pause)
[24.167s][info][gc,task     ] GC(34) Using 2 workers of 2 for evacuation
[24.188s][info][gc,phases   ] GC(34)   Pre Evacuate Collection Set: 0.21ms
[24.188s][info][gc,phases   ] GC(34)   Merge Heap Roots: 0.19ms
[24.188s][info][gc,phases   ] GC(34)   Evacuate Collection Set: 19.85ms
[24.188s][info][gc,phases   ] GC(34)   Post Evacuate Collection Set: 0.37ms
[24.188s][info][gc,phases   ] GC(34)   Other: 0.10ms
[24.188s][info][gc,heap     ] GC(34) Eden regions: 187->0(197)
[24.188s][info][gc,heap     ] GC(34) Survivor regions: 20->7(26)
[24.188s][info][gc,heap     ] GC(34) Old regions: 118->127
[24.188s][info][gc,heap     ] GC(34) Humongous regions: 15->15
[24.188s][info][gc,metaspace] GC(34) Metaspace: 28889K(29248K)->28889K(29248K) NonClass: 26777K(27008K)->26777K(27008K) Class: 2112K(2240K)->2112K(2240K)
[24.188s][info][gc          ] GC(34) Pause Young (Normal) (G1 Evacuation Pause) 339M->148M(398M) 20.890ms
[24.188s][info][gc,cpu      ] GC(34) User=0.05s Sys=0.00s Real=0.02s
[25.234s][info][gc,start    ] GC(35) Pause Young (Normal) (G1 Evacuation Pause)
[25.234s][info][gc,task     ] GC(35) Using 2 workers of 2 for evacuation
[25.255s][info][gc,phases   ] GC(35)   Pre Evacuate Collection Set: 0.19ms
[25.256s][info][gc,phases   ] GC(35)   Merge Heap Roots: 0.06ms
[25.256s][info][gc,phases   ] GC(35)   Evacuate Collection Set: 20.80ms
[25.256s][info][gc,phases   ] GC(35)   Post Evacuate Collection Set: 0.39ms
[25.256s][info][gc,phases   ] GC(35)   Other: 0.09ms
[25.256s][info][gc,heap     ] GC(35) Eden regions: 197->0(186)
[25.256s][info][gc,heap     ] GC(35) Survivor regions: 7->24(26)
[25.256s][info][gc,heap     ] GC(35) Old regions: 127->127
[25.256s][info][gc,heap     ] GC(35) Humongous regions: 15->15
[25.256s][info][gc,metaspace] GC(35) Metaspace: 28892K(29248K)->28892K(29248K) NonClass: 26780K(27008K)->26780K(27008K) Class: 2112K(2240K)->2112K(2240K)
[25.256s][info][gc          ] GC(35) Pause Young (Normal) (G1 Evacuation Pause) 345M->165M(398M) 21.695ms
[25.256s][info][gc,cpu      ] GC(35) User=0.05s Sys=0.00s Real=0.02s
[26.214s][info][gc,start    ] GC(36) Pause Young (Normal) (G1 Evacuation Pause)
[26.214s][info][gc,task     ] GC(36) Using 2 workers of 2 for evacuation
[26.243s][info][gc,phases   ] GC(36)   Pre Evacuate Collection Set: 0.21ms
[26.243s][info][gc,phases   ] GC(36)   Merge Heap Roots: 0.08ms
[26.243s][info][gc,phases   ] GC(36)   Evacuate Collection Set: 28.61ms
[26.243s][info][gc,phases   ] GC(36)   Post Evacuate Collection Set: 0.39ms
[26.243s][info][gc,phases   ] GC(36)   Other: 0.14ms
[26.243s][info][gc,heap     ] GC(36) Eden regions: 186->0(177)
[26.243s][info][gc,heap     ] GC(36) Survivor regions: 24->14(27)
[26.243s][info][gc,heap     ] GC(36) Old regions: 127->150
[26.243s][info][gc,heap     ] GC(36) Humongous regions: 16->16
[26.243s][info][gc,metaspace] GC(36) Metaspace: 28896K(29248K)->28896K(29248K) NonClass: 26784K(27008K)->26784K(27008K) Class: 2112K(2240K)->2112K(2240K)
[26.243s][info][gc          ] GC(36) Pause Young (Normal) (G1 Evacuation Pause) 352M->179M(398M) 29.602ms
[26.243s][info][gc,cpu      ] GC(36) User=0.06s Sys=0.00s Real=0.03s
[27.866s][info][gc,start    ] GC(37) Pause Young (Normal) (G1 Evacuation Pause)
[27.866s][info][gc,task     ] GC(37) Using 2 workers of 2 for evacuation
[27.896s][info][gc,phases   ] GC(37)   Pre Evacuate Collection Set: 0.22ms
[27.896s][info][gc,phases   ] GC(37)   Merge Heap Roots: 0.09ms
[27.896s][info][gc,phases   ] GC(37)   Evacuate Collection Set: 29.44ms
[27.896s][info][gc,phases   ] GC(37)   Post Evacuate Collection Set: 0.49ms
[27.896s][info][gc,phases   ] GC(37)   Other: 0.10ms
[27.896s][info][gc,heap     ] GC(37) Eden regions: 177->0(153)
[27.896s][info][gc,heap     ] GC(37) Survivor regions: 14->21(24)
[27.896s][info][gc,heap     ] GC(37) Old regions: 150->164
[27.896s][info][gc,heap     ] GC(37) Humongous regions: 20->18
[27.896s][info][gc,metaspace] GC(37) Metaspace: 31934K(32256K)->31934K(32256K) NonClass: 29631K(29824K)->29631K(29824K) Class: 2302K(2432K)->2302K(2432K)
[27.896s][info][gc          ] GC(37) Pause Young (Normal) (G1 Evacuation Pause) 360M->202M(398M) 30.526ms
[27.897s][info][gc,cpu      ] GC(37) User=0.06s Sys=0.00s Real=0.03s
[28.611s][info][gc,start    ] GC(38) Pause Young (Concurrent Start) (G1 Humongous Allocation)
[28.611s][info][gc,task     ] GC(38) Using 2 workers of 2 for evacuation
[28.627s][info][gc,phases   ] GC(38)   Pre Evacuate Collection Set: 0.22ms
[28.627s][info][gc,phases   ] GC(38)   Merge Heap Roots: 0.06ms
[28.627s][info][gc,phases   ] GC(38)   Evacuate Collection Set: 15.07ms
[28.627s][info][gc,phases   ] GC(38)   Post Evacuate Collection Set: 0.40ms
[28.627s][info][gc,phases   ] GC(38)   Other: 0.10ms
[28.627s][info][gc,heap     ] GC(38) Eden regions: 34->0(166)
[28.627s][info][gc,heap     ] GC(38) Survivor regions: 21->1(22)
[28.627s][info][gc,heap     ] GC(38) Old regions: 164->179
[28.627s][info][gc,heap     ] GC(38) Humongous regions: 18->16
[28.627s][info][gc,metaspace] GC(38) Metaspace: 32728K(33024K)->32728K(33024K) NonClass: 30422K(30592K)->30422K(30592K) Class: 2306K(2432K)->2306K(2432K)
[28.627s][info][gc          ] GC(38) Pause Young (Concurrent Start) (G1 Humongous Allocation) 236M->195M(398M) 16.043ms
[28.627s][info][gc,cpu      ] GC(38) User=0.04s Sys=0.00s Real=0.02s
[28.627s][info][gc          ] GC(39) Concurrent Mark Cycle
[28.628s][info][gc,marking  ] GC(39) Concurrent Scan Root Regions
[28.650s][info][gc,marking  ] GC(39) Concurrent Scan Root Regions 21.861ms
[28.650s][info][gc,marking  ] GC(39) Concurrent Mark
[28.650s][info][gc,marking  ] GC(39) Concurrent Mark From Roots
[28.650s][info][gc,task     ] GC(39) Using 1 workers of 1 for marking
[28.726s][info][gc,marking  ] GC(39) Concurrent Mark From Roots 75.544ms
[28.726s][info][gc,marking  ] GC(39) Concurrent Preclean
[28.726s][info][gc,marking  ] GC(39) Concurrent Preclean 0.048ms
[28.726s][info][gc,start    ] GC(39) Pause Remark
[28.743s][info][gc          ] GC(39) Pause Remark 207M->97M(294M) 16.520ms
[28.743s][info][gc,cpu      ] GC(39) User=0.03s Sys=0.01s Real=0.02s
[28.745s][info][gc,marking  ] GC(39) Concurrent Mark 94.628ms
[28.745s][info][gc,marking  ] GC(39) Concurrent Rebuild Remembered Sets and Scrub Regions
[28.785s][info][gc,marking  ] GC(39) Concurrent Rebuild Remembered Sets and Scrub Regions 39.746ms
[28.785s][info][gc,start    ] GC(39) Pause Cleanup
[28.785s][info][gc          ] GC(39) Pause Cleanup 99M->99M(294M) 0.078ms
[28.785s][info][gc,cpu      ] GC(39) User=0.00s Sys=0.00s Real=0.00s
[28.787s][info][gc,marking  ] GC(39) Concurrent Clear Claimed Marks
[28.787s][info][gc,marking  ] GC(39) Concurrent Clear Claimed Marks 0.046ms
[28.787s][info][gc,marking  ] GC(39) Concurrent Cleanup for Next Mark
[28.789s][info][gc,marking  ] GC(39) Concurrent Cleanup for Next Mark 1.142ms
[28.789s][info][gc          ] GC(39) Concurrent Mark Cycle 161.098ms
[30.461s][info][gc,start    ] GC(40) Pause Young (Prepare Mixed) (G1 Evacuation Pause)
[30.461s][info][gc,task     ] GC(40) Using 2 workers of 2 for evacuation
[30.474s][info][gc,phases   ] GC(40)   Pre Evacuate Collection Set: 0.16ms
[30.474s][info][gc,phases   ] GC(40)   Merge Heap Roots: 0.06ms
[30.474s][info][gc,phases   ] GC(40)   Evacuate Collection Set: 12.31ms
[30.474s][info][gc,phases   ] GC(40)   Post Evacuate Collection Set: 0.39ms
[30.474s][info][gc,phases   ] GC(40)   Other: 0.09ms
[30.474s][info][gc,heap     ] GC(40) Eden regions: 166->0(157)
[30.474s][info][gc,heap     ] GC(40) Survivor regions: 1->13(21)
[30.474s][info][gc,heap     ] GC(40) Old regions: 85->85
[30.474s][info][gc,heap     ] GC(40) Humongous regions: 17->2
[30.474s][info][gc,metaspace] GC(40) Metaspace: 33790K(34176K)->33790K(34176K) NonClass: 31478K(31744K)->31478K(31744K) Class: 2311K(2432K)->2311K(2432K)
[30.474s][info][gc          ] GC(40) Pause Young (Prepare Mixed) (G1 Evacuation Pause) 268M->99M(294M) 13.201ms
[30.474s][info][gc,cpu      ] GC(40) User=0.03s Sys=0.00s Real=0.02s
[31.906s][info][gc,start    ] GC(41) Pause Young (Mixed) (G1 Evacuation Pause)
[31.906s][info][gc,task     ] GC(41) Using 2 workers of 2 for evacuation
[31.917s][info][gc,phases   ] GC(41)   Pre Evacuate Collection Set: 0.19ms
[31.917s][info][gc,phases   ] GC(41)   Merge Heap Roots: 0.12ms
[31.917s][info][gc,phases   ] GC(41)   Evacuate Collection Set: 10.21ms
[31.917s][info][gc,phases   ] GC(41)   Post Evacuate Collection Set: 0.40ms
[31.917s][info][gc,phases   ] GC(41)   Other: 0.09ms
[31.917s][info][gc,heap     ] GC(41) Eden regions: 157->0(171)
[31.917s][info][gc,heap     ] GC(41) Survivor regions: 13->5(22)
[31.917s][info][gc,heap     ] GC(41) Old regions: 85->57
[31.917s][info][gc,heap     ] GC(41) Humongous regions: 9->2
[31.917s][info][gc,metaspace] GC(41) Metaspace: 34032K(34432K)->34032K(34432K) NonClass: 31718K(32000K)->31718K(32000K) Class: 2313K(2432K)->2313K(2432K)
[31.917s][info][gc          ] GC(41) Pause Young (Mixed) (G1 Evacuation Pause) 263M->63M(294M) 11.169ms
[31.917s][info][gc,cpu      ] GC(41) User=0.02s Sys=0.00s Real=0.01s
[32.319s][info][gc,start    ] GC(42) Pause Young (Concurrent Start) (G1 Humongous Allocation)
[32.319s][info][gc,task     ] GC(42) Using 2 workers of 2 for evacuation
[32.322s][info][gc,phases   ] GC(42)   Pre Evacuate Collection Set: 0.17ms
[32.322s][info][gc,phases   ] GC(42)   Merge Heap Roots: 0.04ms
[32.322s][info][gc,phases   ] GC(42)   Evacuate Collection Set: 2.37ms
[32.322s][info][gc,phases   ] GC(42)   Post Evacuate Collection Set: 0.36ms
[32.322s][info][gc,phases   ] GC(42)   Other: 0.11ms
[32.322s][info][gc,heap     ] GC(42) Eden regions: 48->0(174)
[32.322s][info][gc,heap     ] GC(42) Survivor regions: 5->2(22)
[32.322s][info][gc,heap     ] GC(42) Old regions: 57->57
[32.322s][info][gc,heap     ] GC(42) Humongous regions: 2->0
[32.322s][info][gc,metaspace] GC(42) Metaspace: 34069K(34432K)->34069K(34432K) NonClass: 31755K(32000K)->31755K(32000K) Class: 2313K(2432K)->2313K(2432K)
[32.322s][info][gc          ] GC(42) Pause Young (Concurrent Start) (G1 Humongous Allocation) 110M->58M(294M) 3.239ms
[32.322s][info][gc          ] GC(43) Concurrent Mark Cycle
[32.322s][info][gc,marking  ] GC(43) Concurrent Scan Root Regions
[32.324s][info][gc,marking  ] GC(43) Concurrent Scan Root Regions 1.841ms
[32.324s][info][gc,marking  ] GC(43) Concurrent Mark
[32.324s][info][gc,marking  ] GC(43) Concurrent Mark From Roots
[32.324s][info][gc,task     ] GC(43) Using 1 workers of 1 for marking
[32.324s][info][gc,cpu      ] GC(42) User=0.01s Sys=0.00s Real=0.01s
[32.373s][info][gc,marking  ] GC(43) Concurrent Mark From Roots 48.721ms
[32.373s][info][gc,marking  ] GC(43) Concurrent Preclean
[32.373s][info][gc,marking  ] GC(43) Concurrent Preclean 0.034ms
[32.374s][info][gc,start    ] GC(43) Pause Remark
[32.394s][info][gc          ] GC(43) Pause Remark 65M->61M(256M) 19.809ms
[32.394s][info][gc,cpu      ] GC(43) User=0.04s Sys=0.00s Real=0.02s
[32.395s][info][gc,marking  ] GC(43) Concurrent Mark 70.411ms
[32.395s][info][gc,marking  ] GC(43) Concurrent Rebuild Remembered Sets and Scrub Regions
[32.412s][info][gc,marking  ] GC(43) Concurrent Rebuild Remembered Sets and Scrub Regions 17.768ms
[32.415s][info][gc,start    ] GC(43) Pause Cleanup
[32.415s][info][gc          ] GC(43) Pause Cleanup 62M->62M(256M) 0.046ms
[32.415s][info][gc,cpu      ] GC(43) User=0.00s Sys=0.00s Real=0.00s
[32.415s][info][gc,marking  ] GC(43) Concurrent Clear Claimed Marks
[32.415s][info][gc,marking  ] GC(43) Concurrent Clear Claimed Marks 0.032ms
[32.415s][info][gc,marking  ] GC(43) Concurrent Cleanup for Next Mark
[32.416s][info][gc,marking  ] GC(43) Concurrent Cleanup for Next Mark 0.772ms
[32.416s][info][gc          ] GC(43) Concurrent Mark Cycle 93.159ms
[33.657s][info][gc,start    ] GC(44) Pause Young (Prepare Mixed) (G1 Evacuation Pause)
[33.657s][info][gc,task     ] GC(44) Using 2 workers of 2 for evacuation
[33.687s][info][gc,phases   ] GC(44)   Pre Evacuate Collection Set: 0.20ms
[33.687s][info][gc,phases   ] GC(44)   Merge Heap Roots: 0.07ms
[33.687s][info][gc,phases   ] GC(44)   Evacuate Collection Set: 29.19ms
[33.687s][info][gc,phases   ] GC(44)   Post Evacuate Collection Set: 0.40ms
[33.687s][info][gc,phases   ] GC(44)   Other: 0.09ms
[33.687s][info][gc,heap     ] GC(44) Eden regions: 151->0(133)
[33.687s][info][gc,heap     ] GC(44) Survivor regions: 2->20(20)
[33.687s][info][gc,heap     ] GC(44) Old regions: 52->54
[33.687s][info][gc,heap     ] GC(44) Humongous regions: 4->2
[33.687s][info][gc,metaspace] GC(44) Metaspace: 34138K(34496K)->34138K(34496K) NonClass: 31823K(32064K)->31823K(32064K) Class: 2314K(2432K)->2314K(2432K)
[33.687s][info][gc          ] GC(44) Pause Young (Prepare Mixed) (G1 Evacuation Pause) 208M->74M(256M) 30.095ms
[33.687s][info][gc,cpu      ] GC(44) User=0.04s Sys=0.00s Real=0.03s
[34.889s][info][gc,start    ] GC(45) Pause Young (Mixed) (G1 Evacuation Pause)
[34.889s][info][gc,task     ] GC(45) Using 2 workers of 2 for evacuation
[34.915s][info][gc,phases   ] GC(45)   Pre Evacuate Collection Set: 0.16ms
[34.915s][info][gc,phases   ] GC(45)   Merge Heap Roots: 0.13ms
[34.915s][info][gc,phases   ] GC(45)   Evacuate Collection Set: 25.51ms
[34.915s][info][gc,phases   ] GC(45)   Post Evacuate Collection Set: 0.53ms
[34.915s][info][gc,phases   ] GC(45)   Other: 0.07ms
[34.915s][info][gc,heap     ] GC(45) Eden regions: 133->0(145)
[34.915s][info][gc,heap     ] GC(45) Survivor regions: 20->8(20)
[34.915s][info][gc,heap     ] GC(45) Old regions: 54->58
[34.915s][info][gc,heap     ] GC(45) Humongous regions: 12->2
[34.915s][info][gc,metaspace] GC(45) Metaspace: 34190K(34560K)->34190K(34560K) NonClass: 31875K(32128K)->31875K(32128K) Class: 2314K(2432K)->2314K(2432K)
[34.915s][info][gc          ] GC(45) Pause Young (Mixed) (G1 Evacuation Pause) 217M->66M(256M) 26.573ms
[34.915s][info][gc,cpu      ] GC(45) User=0.06s Sys=0.00s Real=0.03s
[35.010s][info][gc,start    ] GC(46) Pause Young (Concurrent Start) (G1 Humongous Allocation)
[35.010s][info][gc,task     ] GC(46) Using 2 workers of 2 for evacuation
[35.016s][info][gc,phases   ] GC(46)   Pre Evacuate Collection Set: 0.18ms
[35.016s][info][gc,phases   ] GC(46)   Merge Heap Roots: 0.09ms
[35.016s][info][gc,phases   ] GC(46)   Evacuate Collection Set: 6.12ms
[35.016s][info][gc,phases   ] GC(46)   Post Evacuate Collection Set: 0.26ms
[35.016s][info][gc,phases   ] GC(46)   Other: 0.14ms
[35.016s][info][gc,heap     ] GC(46) Eden regions: 15->0(147)
[35.016s][info][gc,heap     ] GC(46) Survivor regions: 8->6(20)
[35.016s][info][gc,heap     ] GC(46) Old regions: 58->58
[35.016s][info][gc,heap     ] GC(46) Humongous regions: 2->0
[35.016s][info][gc,metaspace] GC(46) Metaspace: 34190K(34560K)->34190K(34560K) NonClass: 31875K(32128K)->31875K(32128K) Class: 2314K(2432K)->2314K(2432K)
[35.016s][info][gc          ] GC(46) Pause Young (Concurrent Start) (G1 Humongous Allocation) 81M->62M(256M) 6.939ms
[35.016s][info][gc,cpu      ] GC(46) User=0.01s Sys=0.00s Real=0.01s
[35.017s][info][gc          ] GC(47) Concurrent Mark Cycle
[35.017s][info][gc,marking  ] GC(47) Concurrent Scan Root Regions
[35.029s][info][gc,marking  ] GC(47) Concurrent Scan Root Regions 12.039ms
[35.029s][info][gc,marking  ] GC(47) Concurrent Mark
[35.029s][info][gc,marking  ] GC(47) Concurrent Mark From Roots
[35.029s][info][gc,task     ] GC(47) Using 1 workers of 1 for marking
[35.152s][info][gc,marking  ] GC(47) Concurrent Mark From Roots 123.225ms
[35.152s][info][gc,marking  ] GC(47) Concurrent Preclean
[35.152s][info][gc,marking  ] GC(47) Concurrent Preclean 0.035ms
[35.152s][info][gc,start    ] GC(47) Pause Remark
[35.164s][info][gc          ] GC(47) Pause Remark 90M->90M(256M) 12.452ms
[35.165s][info][gc,cpu      ] GC(47) User=0.03s Sys=0.00s Real=0.01s
[35.166s][info][gc,marking  ] GC(47) Concurrent Mark 137.779ms
[35.166s][info][gc,marking  ] GC(47) Concurrent Rebuild Remembered Sets and Scrub Regions
[35.216s][info][gc,marking  ] GC(47) Concurrent Rebuild Remembered Sets and Scrub Regions 49.252ms
[35.216s][info][gc,start    ] GC(47) Pause Cleanup
[35.216s][info][gc          ] GC(47) Pause Cleanup 98M->98M(256M) 0.062ms
[35.216s][info][gc,cpu      ] GC(47) User=0.00s Sys=0.00s Real=0.00s
[35.216s][info][gc,marking  ] GC(47) Concurrent Clear Claimed Marks
[35.216s][info][gc,marking  ] GC(47) Concurrent Clear Claimed Marks 0.040ms
[35.216s][info][gc,marking  ] GC(47) Concurrent Cleanup for Next Mark
[35.219s][info][gc,marking  ] GC(47) Concurrent Cleanup for Next Mark 2.602ms
[35.219s][info][gc          ] GC(47) Concurrent Mark Cycle 202.108ms
[35.960s][info][gc,start    ] GC(48) Pause Young (Prepare Mixed) (G1 Evacuation Pause)
[35.960s][info][gc,task     ] GC(48) Using 2 workers of 2 for evacuation
[35.975s][info][gc,phases   ] GC(48)   Pre Evacuate Collection Set: 1.12ms
[35.975s][info][gc,phases   ] GC(48)   Merge Heap Roots: 0.17ms
[35.975s][info][gc,phases   ] GC(48)   Evacuate Collection Set: 13.21ms
[35.975s][info][gc,phases   ] GC(48)   Post Evacuate Collection Set: 0.39ms
[35.975s][info][gc,phases   ] GC(48)   Other: 0.11ms
[35.975s][info][gc,heap     ] GC(48) Eden regions: 147->0(141)
[35.975s][info][gc,heap     ] GC(48) Survivor regions: 6->12(20)
[35.975s][info][gc,heap     ] GC(48) Old regions: 58->58
[35.975s][info][gc,heap     ] GC(48) Humongous regions: 14->2
[35.975s][info][gc,metaspace] GC(48) Metaspace: 34217K(34560K)->34217K(34560K) NonClass: 31903K(32128K)->31903K(32128K) Class: 2314K(2432K)->2314K(2432K)
[35.975s][info][gc          ] GC(48) Pause Young (Prepare Mixed) (G1 Evacuation Pause) 223M->70M(256M) 15.175ms
[35.975s][info][gc,cpu      ] GC(48) User=0.03s Sys=0.00s Real=0.02s
[37.258s][info][gc,start    ] GC(49) Pause Young (Mixed) (G1 Evacuation Pause)
[37.259s][info][gc,task     ] GC(49) Using 2 workers of 2 for evacuation
[37.276s][info][gc,phases   ] GC(49)   Pre Evacuate Collection Set: 0.16ms
[37.276s][info][gc,phases   ] GC(49)   Merge Heap Roots: 0.10ms
[37.276s][info][gc,phases   ] GC(49)   Evacuate Collection Set: 16.63ms
[37.276s][info][gc,phases   ] GC(49)   Post Evacuate Collection Set: 0.38ms
[37.276s][info][gc,phases   ] GC(49)   Other: 0.07ms
[37.276s][info][gc,heap     ] GC(49) Eden regions: 141->0(146)
[37.276s][info][gc,heap     ] GC(49) Survivor regions: 12->7(20)
[37.276s][info][gc,heap     ] GC(49) Old regions: 58->59
[37.276s][info][gc,heap     ] GC(49) Humongous regions: 12->2
[37.276s][info][gc,metaspace] GC(49) Metaspace: 34244K(34624K)->34244K(34624K) NonClass: 31929K(32192K)->31929K(32192K) Class: 2314K(2432K)->2314K(2432K)
[37.276s][info][gc          ] GC(49) Pause Young (Mixed) (G1 Evacuation Pause) 221M->67M(256M) 17.518ms
[37.276s][info][gc,cpu      ] GC(49) User=0.03s Sys=0.01s Real=0.02s
[37.615s][info][gc,start    ] GC(50) Pause Young (Concurrent Start) (G1 Humongous Allocation)
[37.615s][info][gc,task     ] GC(50) Using 2 workers of 2 for evacuation
[37.619s][info][gc,phases   ] GC(50)   Pre Evacuate Collection Set: 0.17ms
[37.619s][info][gc,phases   ] GC(50)   Merge Heap Roots: 0.05ms
[37.619s][info][gc,phases   ] GC(50)   Evacuate Collection Set: 3.52ms
[37.619s][info][gc,phases   ] GC(50)   Post Evacuate Collection Set: 0.25ms
[37.619s][info][gc,phases   ] GC(50)   Other: 0.07ms
[37.619s][info][gc,heap     ] GC(50) Eden regions: 28->0(150)
[37.619s][info][gc,heap     ] GC(50) Survivor regions: 7->3(20)
[37.619s][info][gc,heap     ] GC(50) Old regions: 59->59
[37.619s][info][gc,heap     ] GC(50) Humongous regions: 2->0
[37.619s][info][gc,metaspace] GC(50) Metaspace: 34246K(34624K)->34246K(34624K) NonClass: 31931K(32192K)->31931K(32192K) Class: 2314K(2432K)->2314K(2432K)
[37.619s][info][gc          ] GC(50) Pause Young (Concurrent Start) (G1 Humongous Allocation) 95M->61M(256M) 4.216ms
[37.619s][info][gc,cpu      ] GC(50) User=0.01s Sys=0.00s Real=0.00s
[37.619s][info][gc          ] GC(51) Concurrent Mark Cycle
[37.619s][info][gc,marking  ] GC(51) Concurrent Scan Root Regions
[37.623s][info][gc,marking  ] GC(51) Concurrent Scan Root Regions 4.421ms
[37.623s][info][gc,marking  ] GC(51) Concurrent Mark
[37.623s][info][gc,marking  ] GC(51) Concurrent Mark From Roots
[37.623s][info][gc,task     ] GC(51) Using 1 workers of 1 for marking
[37.687s][info][gc,marking  ] GC(51) Concurrent Mark From Roots 63.803ms
[37.687s][info][gc,marking  ] GC(51) Concurrent Preclean
[37.687s][info][gc,marking  ] GC(51) Concurrent Preclean 0.035ms
[37.687s][info][gc,start    ] GC(51) Pause Remark
[37.699s][info][gc          ] GC(51) Pause Remark 70M->63M(256M) 11.526ms
[37.699s][info][gc,cpu      ] GC(51) User=0.02s Sys=0.00s Real=0.01s
[37.699s][info][gc,marking  ] GC(51) Concurrent Mark 75.577ms
[37.699s][info][gc,marking  ] GC(51) Concurrent Rebuild Remembered Sets and Scrub Regions
[37.716s][info][gc,marking  ] GC(51) Concurrent Rebuild Remembered Sets and Scrub Regions 17.167ms
[37.716s][info][gc,start    ] GC(51) Pause Cleanup
[37.716s][info][gc          ] GC(51) Pause Cleanup 63M->63M(256M) 0.054ms
[37.716s][info][gc,cpu      ] GC(51) User=0.00s Sys=0.00s Real=0.00s
[37.716s][info][gc,marking  ] GC(51) Concurrent Clear Claimed Marks
[37.716s][info][gc,marking  ] GC(51) Concurrent Clear Claimed Marks 0.034ms
[37.716s][info][gc,marking  ] GC(51) Concurrent Cleanup for Next Mark
[37.717s][info][gc,marking  ] GC(51) Concurrent Cleanup for Next Mark 0.766ms
[37.717s][info][gc          ] GC(51) Concurrent Mark Cycle 98.274ms
[38.514s][info][gc,start    ] GC(52) Pause Young (Prepare Mixed) (G1 Evacuation Pause)
[38.514s][info][gc,task     ] GC(52) Using 2 workers of 2 for evacuation
[38.553s][info][gc,phases   ] GC(52)   Pre Evacuate Collection Set: 0.19ms
[38.553s][info][gc,phases   ] GC(52)   Merge Heap Roots: 0.06ms
[38.553s][info][gc,phases   ] GC(52)   Evacuate Collection Set: 37.43ms
[38.553s][info][gc,phases   ] GC(52)   Post Evacuate Collection Set: 0.59ms
[38.553s][info][gc,phases   ] GC(52)   Other: 0.09ms
[38.553s][info][gc,heap     ] GC(52) Eden regions: 150->0(131)
[38.553s][info][gc,heap     ] GC(52) Survivor regions: 3->20(20)
[38.553s][info][gc,heap     ] GC(52) Old regions: 52->62
[38.553s][info][gc,heap     ] GC(52) Humongous regions: 4->2
[38.553s][info][gc,metaspace] GC(52) Metaspace: 34266K(34624K)->34266K(34624K) NonClass: 31951K(32192K)->31951K(32192K) Class: 2314K(2432K)->2314K(2432K)
[38.553s][info][gc          ] GC(52) Pause Young (Prepare Mixed) (G1 Evacuation Pause) 208M->83M(256M) 38.562ms
[38.553s][info][gc,cpu      ] GC(52) User=0.08s Sys=0.00s Real=0.04s
[39.366s][info][gc,start    ] GC(53) Pause Young (Mixed) (G1 Evacuation Pause)
[39.366s][info][gc,task     ] GC(53) Using 2 workers of 2 for evacuation
[39.436s][info][gc,phases   ] GC(53)   Pre Evacuate Collection Set: 0.18ms
[39.436s][info][gc,phases   ] GC(53)   Merge Heap Roots: 0.32ms
[39.436s][info][gc,phases   ] GC(53)   Evacuate Collection Set: 68.64ms
[39.436s][info][gc,phases   ] GC(53)   Post Evacuate Collection Set: 0.53ms
[39.436s][info][gc,phases   ] GC(53)   Other: 0.07ms
[39.436s][info][gc,heap     ] GC(53) Eden regions: 131->0(127)
[39.436s][info][gc,heap     ] GC(53) Survivor regions: 20->17(19)
[39.436s][info][gc,heap     ] GC(53) Old regions: 62->65
[39.436s][info][gc,heap     ] GC(53) Humongous regions: 2->2
[39.436s][info][gc,metaspace] GC(53) Metaspace: 34296K(34688K)->34296K(34688K) NonClass: 31981K(32256K)->31981K(32256K) Class: 2314K(2432K)->2314K(2432K)
[39.436s][info][gc          ] GC(53) Pause Young (Mixed) (G1 Evacuation Pause) 214M->83M(256M) 69.961ms
[39.436s][info][gc,cpu      ] GC(53) User=0.14s Sys=0.00s Real=0.07s
[39.734s][info][gc,start    ] GC(54) Pause Young (Concurrent Start) (G1 Humongous Allocation)
[39.735s][info][gc,task     ] GC(54) Using 2 workers of 2 for evacuation
[39.785s][info][gc,phases   ] GC(54)   Pre Evacuate Collection Set: 0.14ms
[39.785s][info][gc,phases   ] GC(54)   Merge Heap Roots: 0.18ms
[39.785s][info][gc,phases   ] GC(54)   Evacuate Collection Set: 49.53ms
[39.785s][info][gc,phases   ] GC(54)   Post Evacuate Collection Set: 0.31ms
[39.785s][info][gc,phases   ] GC(54)   Other: 0.12ms
[39.785s][info][gc,heap     ] GC(54) Eden regions: 51->0(109)
[39.785s][info][gc,heap     ] GC(54) Survivor regions: 17->14(18)
[39.785s][info][gc,heap     ] GC(54) Old regions: 65->82
[39.785s][info][gc,heap     ] GC(54) Humongous regions: 2->0
[39.785s][info][gc,metaspace] GC(54) Metaspace: 34298K(34688K)->34298K(34688K) NonClass: 31983K(32256K)->31983K(32256K) Class: 2314K(2432K)->2314K(2432K)
[39.785s][info][gc          ] GC(54) Pause Young (Concurrent Start) (G1 Humongous Allocation) 134M->95M(256M) 50.463ms
[39.785s][info][gc          ] GC(55) Concurrent Mark Cycle
[39.785s][info][gc,marking  ] GC(55) Concurrent Scan Root Regions
[39.785s][info][gc,cpu      ] GC(54) User=0.10s Sys=0.01s Real=0.05s
[39.836s][info][gc,marking  ] GC(55) Concurrent Scan Root Regions 51.289ms
[39.836s][info][gc,marking  ] GC(55) Concurrent Mark
[39.836s][info][gc,marking  ] GC(55) Concurrent Mark From Roots
[39.836s][info][gc,task     ] GC(55) Using 1 workers of 1 for marking
[39.974s][info][gc,marking  ] GC(55) Concurrent Mark From Roots 137.917ms
[39.974s][info][gc,marking  ] GC(55) Concurrent Preclean
[39.974s][info][gc,marking  ] GC(55) Concurrent Preclean 0.048ms
[39.982s][info][gc,start    ] GC(55) Pause Remark
[40.025s][info][gc          ] GC(55) Pause Remark 130M->128M(256M) 42.575ms
[40.025s][info][gc,cpu      ] GC(55) User=0.04s Sys=0.00s Real=0.04s
[40.027s][info][gc,marking  ] GC(55) Concurrent Mark 190.480ms
[40.027s][info][gc,marking  ] GC(55) Concurrent Rebuild Remembered Sets and Scrub Regions
[40.067s][info][gc,marking  ] GC(55) Concurrent Rebuild Remembered Sets and Scrub Regions 39.797ms
[40.067s][info][gc,start    ] GC(55) Pause Cleanup
[40.067s][info][gc          ] GC(55) Pause Cleanup 130M->130M(256M) 0.062ms
[40.067s][info][gc,cpu      ] GC(55) User=0.00s Sys=0.01s Real=0.00s
[40.067s][info][gc,marking  ] GC(55) Concurrent Clear Claimed Marks
[40.067s][info][gc,marking  ] GC(55) Concurrent Clear Claimed Marks 0.034ms
[40.067s][info][gc,marking  ] GC(55) Concurrent Cleanup for Next Mark
[40.068s][info][gc,marking  ] GC(55) Concurrent Cleanup for Next Mark 0.788ms
[40.068s][info][gc          ] GC(55) Concurrent Mark Cycle 282.759ms
[40.464s][info][gc,start    ] GC(56) Pause Young (Prepare Mixed) (G1 Evacuation Pause)
[40.464s][info][gc,task     ] GC(56) Using 2 workers of 2 for evacuation
[40.494s][info][gc,phases   ] GC(56)   Pre Evacuate Collection Set: 0.21ms
[40.494s][info][gc,phases   ] GC(56)   Merge Heap Roots: 0.22ms
[40.494s][info][gc,phases   ] GC(56)   Evacuate Collection Set: 29.11ms
[40.494s][info][gc,phases   ] GC(56)   Post Evacuate Collection Set: 0.37ms
[40.494s][info][gc,phases   ] GC(56)   Other: 0.09ms
[40.494s][info][gc,heap     ] GC(56) Eden regions: 109->0(104)
[40.494s][info][gc,heap     ] GC(56) Survivor regions: 14->10(16)
[40.494s][info][gc,heap     ] GC(56) Old regions: 80->94
[40.494s][info][gc,heap     ] GC(56) Humongous regions: 4->2
[40.494s][info][gc,metaspace] GC(56) Metaspace: 34306K(34688K)->34306K(34688K) NonClass: 31991K(32256K)->31991K(32256K) Class: 2314K(2432K)->2314K(2432K)
[40.494s][info][gc          ] GC(56) Pause Young (Prepare Mixed) (G1 Evacuation Pause) 206M->105M(256M) 30.173ms
[40.494s][info][gc,cpu      ] GC(56) User=0.06s Sys=0.00s Real=0.03s
[41.179s][info][gc,start    ] GC(57) Pause Young (Mixed) (G1 Evacuation Pause)
[41.179s][info][gc,task     ] GC(57) Using 2 workers of 2 for evacuation
[41.187s][info][gc,phases   ] GC(57)   Pre Evacuate Collection Set: 0.15ms
[41.187s][info][gc,phases   ] GC(57)   Merge Heap Roots: 0.11ms
[41.187s][info][gc,phases   ] GC(57)   Evacuate Collection Set: 7.19ms
[41.187s][info][gc,phases   ] GC(57)   Post Evacuate Collection Set: 0.38ms
[41.187s][info][gc,phases   ] GC(57)   Other: 0.07ms
[41.187s][info][gc,heap     ] GC(57) Eden regions: 104->0(119)
[41.187s][info][gc,heap     ] GC(57) Survivor regions: 10->4(15)
[41.187s][info][gc,heap     ] GC(57) Old regions: 94->88
[41.187s][info][gc,heap     ] GC(57) Humongous regions: 8->2
[41.187s][info][gc,metaspace] GC(57) Metaspace: 34327K(34688K)->34327K(34688K) NonClass: 32012K(32256K)->32012K(32256K) Class: 2314K(2432K)->2314K(2432K)
[41.187s][info][gc          ] GC(57) Pause Young (Mixed) (G1 Evacuation Pause) 215M->93M(256M) 8.061ms
[41.188s][info][gc,cpu      ] GC(57) User=0.01s Sys=0.00s Real=0.01s
[41.198s][info][gc,start    ] GC(58) Pause Young (Concurrent Start) (G1 Humongous Allocation)
[41.198s][info][gc,task     ] GC(58) Using 2 workers of 2 for evacuation
[41.200s][info][gc,phases   ] GC(58)   Pre Evacuate Collection Set: 0.14ms
[41.200s][info][gc,phases   ] GC(58)   Merge Heap Roots: 0.04ms
[41.200s][info][gc,phases   ] GC(58)   Evacuate Collection Set: 1.48ms
[41.200s][info][gc,phases   ] GC(58)   Post Evacuate Collection Set: 0.25ms
[41.200s][info][gc,phases   ] GC(58)   Other: 0.08ms
[41.200s][info][gc,heap     ] GC(58) Eden regions: 2->0(126)
[41.200s][info][gc,heap     ] GC(58) Survivor regions: 4->2(16)
[41.200s][info][gc,heap     ] GC(58) Old regions: 88->88
[41.200s][info][gc,heap     ] GC(58) Humongous regions: 2->0
[41.200s][info][gc,metaspace] GC(58) Metaspace: 34327K(34688K)->34327K(34688K) NonClass: 32012K(32256K)->32012K(32256K) Class: 2314K(2432K)->2314K(2432K)
[41.200s][info][gc          ] GC(58) Pause Young (Concurrent Start) (G1 Humongous Allocation) 95M->89M(256M) 2.139ms
[41.200s][info][gc,cpu      ] GC(58) User=0.00s Sys=0.00s Real=0.00s
[41.200s][info][gc          ] GC(59) Concurrent Mark Cycle
[41.200s][info][gc,marking  ] GC(59) Concurrent Scan Root Regions
[41.203s][info][gc,marking  ] GC(59) Concurrent Scan Root Regions 3.162ms
[41.203s][info][gc,marking  ] GC(59) Concurrent Mark
[41.203s][info][gc,marking  ] GC(59) Concurrent Mark From Roots
[41.203s][info][gc,task     ] GC(59) Using 1 workers of 1 for marking
[41.305s][info][gc,marking  ] GC(59) Concurrent Mark From Roots 102.111ms
[41.305s][info][gc,marking  ] GC(59) Concurrent Preclean
[41.305s][info][gc,marking  ] GC(59) Concurrent Preclean 0.034ms
[41.307s][info][gc,start    ] GC(59) Pause Remark
[41.323s][info][gc          ] GC(59) Pause Remark 111M->106M(256M) 15.410ms
[41.323s][info][gc,cpu      ] GC(59) User=0.03s Sys=0.00s Real=0.02s
[41.327s][info][gc,marking  ] GC(59) Concurrent Mark 123.590ms
[41.327s][info][gc,marking  ] GC(59) Concurrent Rebuild Remembered Sets and Scrub Regions
[41.367s][info][gc,marking  ] GC(59) Concurrent Rebuild Remembered Sets and Scrub Regions 40.632ms
[41.368s][info][gc,start    ] GC(59) Pause Cleanup
[41.368s][info][gc          ] GC(59) Pause Cleanup 111M->111M(256M) 0.070ms
[41.368s][info][gc,cpu      ] GC(59) User=0.00s Sys=0.00s Real=0.00s
[41.369s][info][gc,marking  ] GC(59) Concurrent Clear Claimed Marks
[41.369s][info][gc,marking  ] GC(59) Concurrent Clear Claimed Marks 0.047ms
[41.369s][info][gc,marking  ] GC(59) Concurrent Cleanup for Next Mark
[41.371s][info][gc,marking  ] GC(59) Concurrent Cleanup for Next Mark 1.843ms
[41.371s][info][gc          ] GC(59) Concurrent Mark Cycle 170.627ms
[42.033s][info][gc,start    ] GC(60) Pause Young (Prepare Mixed) (G1 Evacuation Pause)
[42.033s][info][gc,task     ] GC(60) Using 2 workers of 2 for evacuation
[42.044s][info][gc,phases   ] GC(60)   Pre Evacuate Collection Set: 0.18ms
[42.044s][info][gc,phases   ] GC(60)   Merge Heap Roots: 0.06ms
[42.044s][info][gc,phases   ] GC(60)   Evacuate Collection Set: 10.30ms
[42.044s][info][gc,phases   ] GC(60)   Post Evacuate Collection Set: 0.44ms
[42.044s][info][gc,phases   ] GC(60)   Other: 0.10ms
[42.044s][info][gc,heap     ] GC(60) Eden regions: 126->0(124)
[42.044s][info][gc,heap     ] GC(60) Survivor regions: 2->9(16)
[42.044s][info][gc,heap     ] GC(60) Old regions: 83->83
[42.044s][info][gc,heap     ] GC(60) Humongous regions: 6->2
[42.044s][info][gc,metaspace] GC(60) Metaspace: 34330K(34688K)->34330K(34688K) NonClass: 32015K(32256K)->32015K(32256K) Class: 2314K(2432K)->2314K(2432K)
[42.044s][info][gc          ] GC(60) Pause Young (Prepare Mixed) (G1 Evacuation Pause) 216M->93M(256M) 11.279ms
[42.044s][info][gc,cpu      ] GC(60) User=0.02s Sys=0.00s Real=0.01s
[42.862s][info][gc,start    ] GC(61) Pause Young (Mixed) (G1 Evacuation Pause)
[42.863s][info][gc,task     ] GC(61) Using 2 workers of 2 for evacuation
[42.875s][info][gc,phases   ] GC(61)   Pre Evacuate Collection Set: 0.18ms
[42.875s][info][gc,phases   ] GC(61)   Merge Heap Roots: 0.10ms
[42.875s][info][gc,phases   ] GC(61)   Evacuate Collection Set: 11.36ms
[42.875s][info][gc,phases   ] GC(61)   Post Evacuate Collection Set: 0.38ms
[42.875s][info][gc,phases   ] GC(61)   Other: 0.09ms
[42.875s][info][gc,heap     ] GC(61) Eden regions: 124->0(144)
[42.875s][info][gc,heap     ] GC(61) Survivor regions: 9->9(17)
[42.875s][info][gc,heap     ] GC(61) Old regions: 83->58
[42.875s][info][gc,heap     ] GC(61) Humongous regions: 4->2
[42.875s][info][gc,metaspace] GC(61) Metaspace: 34333K(34688K)->34333K(34688K) NonClass: 32018K(32256K)->32018K(32256K) Class: 2314K(2432K)->2314K(2432K)
[42.875s][info][gc          ] GC(61) Pause Young (Mixed) (G1 Evacuation Pause) 219M->67M(256M) 12.280ms
[42.875s][info][gc,cpu      ] GC(61) User=0.03s Sys=0.00s Real=0.01s
[43.778s][info][gc,start    ] GC(62) Pause Young (Mixed) (G1 Evacuation Pause)
[43.778s][info][gc,task     ] GC(62) Using 2 workers of 2 for evacuation
[43.797s][info][gc,phases   ] GC(62)   Pre Evacuate Collection Set: 0.17ms
[43.797s][info][gc,phases   ] GC(62)   Merge Heap Roots: 0.09ms
[43.797s][info][gc,phases   ] GC(62)   Evacuate Collection Set: 17.52ms
[43.797s][info][gc,phases   ] GC(62)   Post Evacuate Collection Set: 0.62ms
[43.797s][info][gc,phases   ] GC(62)   Other: 0.10ms
[43.797s][info][gc,heap     ] GC(62) Eden regions: 144->0(143)
[43.797s][info][gc,heap     ] GC(62) Survivor regions: 9->10(20)
[43.797s][info][gc,heap     ] GC(62) Old regions: 58->47
[43.797s][info][gc,heap     ] GC(62) Humongous regions: 8->2
[43.797s][info][gc,metaspace] GC(62) Metaspace: 34371K(34752K)->34371K(34752K) NonClass: 32056K(32320K)->32056K(32320K) Class: 2314K(2432K)->2314K(2432K)
[43.797s][info][gc          ] GC(62) Pause Young (Mixed) (G1 Evacuation Pause) 217M->58M(256M) 18.696ms
[43.797s][info][gc,cpu      ] GC(62) User=0.04s Sys=0.00s Real=0.02s
[44.716s][info][gc,start    ] GC(63) Pause Young (Normal) (G1 Evacuation Pause)
[44.716s][info][gc,task     ] GC(63) Using 2 workers of 2 for evacuation
[44.730s][info][gc,phases   ] GC(63)   Pre Evacuate Collection Set: 0.73ms
[44.730s][info][gc,phases   ] GC(63)   Merge Heap Roots: 0.07ms
[44.730s][info][gc,phases   ] GC(63)   Evacuate Collection Set: 12.44ms
[44.730s][info][gc,phases   ] GC(63)   Post Evacuate Collection Set: 0.51ms
[44.730s][info][gc,phases   ] GC(63)   Other: 0.10ms
[44.730s][info][gc,heap     ] GC(63) Eden regions: 143->0(142)
[44.730s][info][gc,heap     ] GC(63) Survivor regions: 10->11(20)
[44.730s][info][gc,heap     ] GC(63) Old regions: 47->47
[44.730s][info][gc,heap     ] GC(63) Humongous regions: 6->2
[44.730s][info][gc,metaspace] GC(63) Metaspace: 34389K(34752K)->34389K(34752K) NonClass: 32074K(32320K)->32074K(32320K) Class: 2314K(2432K)->2314K(2432K)
[44.730s][info][gc          ] GC(63) Pause Young (Normal) (G1 Evacuation Pause) 205M->59M(256M) 14.027ms
[44.730s][info][gc,cpu      ] GC(63) User=0.03s Sys=0.00s Real=0.01s
[45.187s][info][gc,start    ] GC(64) Pause Young (Concurrent Start) (G1 Humongous Allocation)
[45.187s][info][gc,task     ] GC(64) Using 2 workers of 2 for evacuation
[45.194s][info][gc,phases   ] GC(64)   Pre Evacuate Collection Set: 0.19ms
[45.194s][info][gc,phases   ] GC(64)   Merge Heap Roots: 0.05ms
[45.194s][info][gc,phases   ] GC(64)   Evacuate Collection Set: 4.87ms
[45.194s][info][gc,phases   ] GC(64)   Post Evacuate Collection Set: 0.32ms
[45.194s][info][gc,phases   ] GC(64)   Other: 1.38ms
[45.194s][info][gc,heap     ] GC(64) Eden regions: 64->0(149)
[45.194s][info][gc,heap     ] GC(64) Survivor regions: 11->4(20)
[45.194s][info][gc,heap     ] GC(64) Old regions: 47->48
[45.194s][info][gc,heap     ] GC(64) Humongous regions: 2->0
[45.194s][info][gc,metaspace] GC(64) Metaspace: 34394K(34752K)->34394K(34752K) NonClass: 32079K(32320K)->32079K(32320K) Class: 2314K(2432K)->2314K(2432K)
[45.194s][info][gc          ] GC(64) Pause Young (Concurrent Start) (G1 Humongous Allocation) 123M->50M(256M) 6.967ms
[45.194s][info][gc,cpu      ] GC(64) User=0.01s Sys=0.00s Real=0.01s
[45.194s][info][gc          ] GC(65) Concurrent Undo Cycle
[45.194s][info][gc,marking  ] GC(65) Concurrent Clear Claimed Marks
[45.194s][info][gc,marking  ] GC(65) Concurrent Clear Claimed Marks 0.036ms
[45.194s][info][gc,marking  ] GC(65) Concurrent Cleanup for Next Mark
[45.197s][info][gc,marking  ] GC(65) Concurrent Cleanup for Next Mark 2.546ms
[45.197s][info][gc          ] GC(65) Concurrent Undo Cycle 2.663ms
[45.459s][info][gc,start    ] GC(66) Pause Young (Concurrent Start) (G1 Humongous Allocation)
[45.459s][info][gc,task     ] GC(66) Using 2 workers of 2 for evacuation
[45.465s][info][gc,phases   ] GC(66)   Pre Evacuate Collection Set: 0.17ms
[45.465s][info][gc,phases   ] GC(66)   Merge Heap Roots: 0.04ms
[45.465s][info][gc,phases   ] GC(66)   Evacuate Collection Set: 5.38ms
[45.465s][info][gc,phases   ] GC(66)   Post Evacuate Collection Set: 0.29ms
[45.465s][info][gc,phases   ] GC(66)   Other: 0.12ms
[45.465s][info][gc,heap     ] GC(66) Eden regions: 44->0(149)
[45.465s][info][gc,heap     ] GC(66) Survivor regions: 4->4(20)
[45.465s][info][gc,heap     ] GC(66) Old regions: 48->48
[45.465s][info][gc,heap     ] GC(66) Humongous regions: 2->0
[45.465s][info][gc,metaspace] GC(66) Metaspace: 34395K(34752K)->34395K(34752K) NonClass: 32080K(32320K)->32080K(32320K) Class: 2314K(2432K)->2314K(2432K)
[45.465s][info][gc          ] GC(66) Pause Young (Concurrent Start) (G1 Humongous Allocation) 96M->51M(256M) 6.167ms
[45.465s][info][gc,cpu      ] GC(66) User=0.01s Sys=0.00s Real=0.01s
[45.465s][info][gc          ] GC(67) Concurrent Undo Cycle
[45.466s][info][gc,marking  ] GC(67) Concurrent Clear Claimed Marks
[45.466s][info][gc,marking  ] GC(67) Concurrent Clear Claimed Marks 0.038ms
[45.466s][info][gc,marking  ] GC(67) Concurrent Cleanup for Next Mark
[45.467s][info][gc,marking  ] GC(67) Concurrent Cleanup for Next Mark 0.997ms
[45.467s][info][gc          ] GC(67) Concurrent Undo Cycle 2.146ms
[45.574s][info][gc,start    ] GC(68) Pause Young (Concurrent Start) (G1 Humongous Allocation)
[45.574s][info][gc,task     ] GC(68) Using 2 workers of 2 for evacuation
[45.580s][info][gc,phases   ] GC(68)   Pre Evacuate Collection Set: 0.13ms
[45.580s][info][gc,phases   ] GC(68)   Merge Heap Roots: 0.04ms
[45.580s][info][gc,phases   ] GC(68)   Evacuate Collection Set: 5.87ms
[45.580s][info][gc,phases   ] GC(68)   Post Evacuate Collection Set: 0.27ms
[45.580s][info][gc,phases   ] GC(68)   Other: 0.11ms
[45.580s][info][gc,heap     ] GC(68) Eden regions: 22->0(148)
[45.580s][info][gc,heap     ] GC(68) Survivor regions: 4->5(20)
[45.580s][info][gc,heap     ] GC(68) Old regions: 48->48
[45.580s][info][gc,heap     ] GC(68) Humongous regions: 2->0
[45.580s][info][gc,metaspace] GC(68) Metaspace: 34408K(34752K)->34408K(34752K) NonClass: 32093K(32320K)->32093K(32320K) Class: 2314K(2432K)->2314K(2432K)
[45.580s][info][gc          ] GC(68) Pause Young (Concurrent Start) (G1 Humongous Allocation) 75M->52M(256M) 6.612ms
[45.580s][info][gc,cpu      ] GC(68) User=0.01s Sys=0.00s Real=0.00s
[45.580s][info][gc          ] GC(69) Concurrent Undo Cycle
[45.580s][info][gc,marking  ] GC(69) Concurrent Clear Claimed Marks
[45.580s][info][gc,marking  ] GC(69) Concurrent Clear Claimed Marks 0.029ms
[45.580s][info][gc,marking  ] GC(69) Concurrent Cleanup for Next Mark
[45.581s][info][gc,marking  ] GC(69) Concurrent Cleanup for Next Mark 0.815ms
[45.581s][info][gc          ] GC(69) Concurrent Undo Cycle 0.943ms
[46.130s][info][gc,start    ] GC(70) Pause Young (Normal) (G1 Evacuation Pause)
[46.130s][info][gc,task     ] GC(70) Using 2 workers of 2 for evacuation
[46.172s][info][gc,phases   ] GC(70)   Pre Evacuate Collection Set: 0.16ms
[46.172s][info][gc,phases   ] GC(70)   Merge Heap Roots: 0.05ms
[46.172s][info][gc,phases   ] GC(70)   Evacuate Collection Set: 40.85ms
[46.172s][info][gc,phases   ] GC(70)   Post Evacuate Collection Set: 0.48ms
[46.172s][info][gc,phases   ] GC(70)   Other: 0.09ms
[46.172s][info][gc,heap     ] GC(70) Eden regions: 148->0(123)
[46.172s][info][gc,heap     ] GC(70) Survivor regions: 5->20(20)
[46.172s][info][gc,heap     ] GC(70) Old regions: 48->69
[46.172s][info][gc,heap     ] GC(70) Humongous regions: 2->2
[46.172s][info][gc,metaspace] GC(70) Metaspace: 34411K(34752K)->34411K(34752K) NonClass: 32095K(32320K)->32095K(32320K) Class: 2315K(2432K)->2315K(2432K)
[46.172s][info][gc          ] GC(70) Pause Young (Normal) (G1 Evacuation Pause) 202M->90M(256M) 41.815ms
[46.172s][info][gc,cpu      ] GC(70) User=0.08s Sys=0.00s Real=0.04s
[46.963s][info][gc,start    ] GC(71) Pause Young (Concurrent Start) (G1 Evacuation Pause)
[46.966s][info][gc,task     ] GC(71) Using 2 workers of 2 for evacuation
[47.029s][info][gc,phases   ] GC(71)   Pre Evacuate Collection Set: 0.16ms
[47.029s][info][gc,phases   ] GC(71)   Merge Heap Roots: 0.23ms
[47.029s][info][gc,phases   ] GC(71)   Evacuate Collection Set: 62.65ms
[47.029s][info][gc,phases   ] GC(71)   Post Evacuate Collection Set: 0.39ms
[47.029s][info][gc,phases   ] GC(71)   Other: 2.44ms
[47.029s][info][gc,heap     ] GC(71) Eden regions: 123->0(97)
[47.029s][info][gc,heap     ] GC(71) Survivor regions: 20->18(18)
[47.029s][info][gc,heap     ] GC(71) Old regions: 69->101
[47.029s][info][gc,heap     ] GC(71) Humongous regions: 2->2
[47.029s][info][gc,metaspace] GC(71) Metaspace: 34414K(34752K)->34414K(34752K) NonClass: 32099K(32320K)->32099K(32320K) Class: 2315K(2432K)->2315K(2432K)
[47.029s][info][gc          ] GC(71) Pause Young (Concurrent Start) (G1 Evacuation Pause) 213M->120M(264M) 66.049ms
[47.030s][info][gc          ] GC(72) Concurrent Mark Cycle
[47.030s][info][gc,marking  ] GC(72) Concurrent Scan Root Regions
[47.030s][info][gc,cpu      ] GC(71) User=0.12s Sys=0.00s Real=0.06s
[47.138s][info][gc,marking  ] GC(72) Concurrent Scan Root Regions 108.409ms
[47.138s][info][gc,marking  ] GC(72) Concurrent Mark
[47.138s][info][gc,marking  ] GC(72) Concurrent Mark From Roots
[47.138s][info][gc,task     ] GC(72) Using 1 workers of 1 for marking
[47.232s][info][gc,marking  ] GC(72) Concurrent Mark From Roots 93.541ms
[47.232s][info][gc,marking  ] GC(72) Concurrent Preclean
[47.232s][info][gc,marking  ] GC(72) Concurrent Preclean 0.035ms
[47.232s][info][gc,start    ] GC(72) Pause Remark
[47.246s][info][gc          ] GC(72) Pause Remark 134M->134M(264M) 14.445ms
[47.246s][info][gc,cpu      ] GC(72) User=0.03s Sys=0.00s Real=0.02s
[47.246s][info][gc,marking  ] GC(72) Concurrent Mark 108.285ms
[47.246s][info][gc,marking  ] GC(72) Concurrent Rebuild Remembered Sets and Scrub Regions
[47.313s][info][gc,marking  ] GC(72) Concurrent Rebuild Remembered Sets and Scrub Regions 66.587ms
[47.315s][info][gc,start    ] GC(72) Pause Cleanup
[47.315s][info][gc          ] GC(72) Pause Cleanup 139M->139M(264M) 0.061ms
[47.315s][info][gc,cpu      ] GC(72) User=0.00s Sys=0.00s Real=0.00s
[47.317s][info][gc,marking  ] GC(72) Concurrent Clear Claimed Marks
[47.317s][info][gc,marking  ] GC(72) Concurrent Clear Claimed Marks 0.051ms
[47.317s][info][gc,marking  ] GC(72) Concurrent Cleanup for Next Mark
[47.318s][info][gc,marking  ] GC(72) Concurrent Cleanup for Next Mark 0.947ms
[47.318s][info][gc          ] GC(72) Concurrent Mark Cycle 288.220ms
[47.947s][info][gc,start    ] GC(73) Pause Young (Prepare Mixed) (G1 Evacuation Pause)
[47.947s][info][gc,task     ] GC(73) Using 2 workers of 2 for evacuation
[48.021s][info][gc,phases   ] GC(73)   Pre Evacuate Collection Set: 0.17ms
[48.021s][info][gc,phases   ] GC(73)   Merge Heap Roots: 0.35ms
[48.021s][info][gc,phases   ] GC(73)   Evacuate Collection Set: 70.05ms
[48.021s][info][gc,phases   ] GC(73)   Post Evacuate Collection Set: 0.46ms
[48.021s][info][gc,phases   ] GC(73)   Other: 2.54ms
[48.021s][info][gc,heap     ] GC(73) Eden regions: 97->0(74)
[48.021s][info][gc,heap     ] GC(73) Survivor regions: 18->15(15)
[48.021s][info][gc,heap     ] GC(73) Old regions: 101->131
[48.021s][info][gc,heap     ] GC(73) Humongous regions: 2->2
[48.021s][info][gc,metaspace] GC(73) Metaspace: 34414K(34752K)->34414K(34752K) NonClass: 32099K(32320K)->32099K(32320K) Class: 2315K(2432K)->2315K(2432K)
[48.021s][info][gc          ] GC(73) Pause Young (Prepare Mixed) (G1 Evacuation Pause) 217M->147M(264M) 73.773ms
[48.021s][info][gc,cpu      ] GC(73) User=0.14s Sys=0.00s Real=0.07s
[48.631s][info][gc,start    ] GC(74) Pause Young (Mixed) (G1 Evacuation Pause)
[48.631s][info][gc,task     ] GC(74) Using 2 workers of 2 for evacuation
[48.676s][info][gc,phases   ] GC(74)   Pre Evacuate Collection Set: 0.17ms
[48.676s][info][gc,phases   ] GC(74)   Merge Heap Roots: 0.24ms
[48.676s][info][gc,phases   ] GC(74)   Evacuate Collection Set: 44.12ms
[48.676s][info][gc,phases   ] GC(74)   Post Evacuate Collection Set: 0.36ms
[48.676s][info][gc,phases   ] GC(74)   Other: 0.08ms
[48.676s][info][gc,heap     ] GC(74) Eden regions: 74->0(60)
[48.676s][info][gc,heap     ] GC(74) Survivor regions: 15->12(12)
[48.676s][info][gc,heap     ] GC(74) Old regions: 131->152
[48.676s][info][gc,heap     ] GC(74) Humongous regions: 2->2
[48.676s][info][gc,metaspace] GC(74) Metaspace: 34418K(34752K)->34418K(34752K) NonClass: 32102K(32320K)->32102K(32320K) Class: 2315K(2432K)->2315K(2432K)
[48.676s][info][gc          ] GC(74) Pause Young (Mixed) (G1 Evacuation Pause) 221M->165M(264M) 45.172ms
[48.676s][info][gc,cpu      ] GC(74) User=0.09s Sys=0.01s Real=0.05s
[48.967s][info][gc,start    ] GC(75) Pause Young (Concurrent Start) (G1 Humongous Allocation)
[48.967s][info][gc,task     ] GC(75) Using 2 workers of 2 for evacuation
[49.000s][info][gc,phases   ] GC(75)   Pre Evacuate Collection Set: 0.16ms
[49.000s][info][gc,phases   ] GC(75)   Merge Heap Roots: 0.22ms
[49.000s][info][gc,phases   ] GC(75)   Evacuate Collection Set: 31.72ms
[49.000s][info][gc,phases   ] GC(75)   Post Evacuate Collection Set: 0.79ms
[49.000s][info][gc,phases   ] GC(75)   Other: 0.12ms
[49.000s][info][gc,heap     ] GC(75) Eden regions: 33->0(89)
[49.000s][info][gc,heap     ] GC(75) Survivor regions: 12->9(9)
[49.000s][info][gc,heap     ] GC(75) Old regions: 152->164
[49.000s][info][gc,heap     ] GC(75) Humongous regions: 2->0
[49.000s][info][gc,metaspace] GC(75) Metaspace: 34426K(34752K)->34426K(34752K) NonClass: 32110K(32320K)->32110K(32320K) Class: 2315K(2432K)->2315K(2432K)
[49.000s][info][gc          ] GC(75) Pause Young (Concurrent Start) (G1 Humongous Allocation) 198M->172M(326M) 33.193ms
[49.001s][info][gc          ] GC(76) Concurrent Undo Cycle
[49.001s][info][gc,cpu      ] GC(75) User=0.06s Sys=0.01s Real=0.03s
[49.001s][info][gc,marking  ] GC(76) Concurrent Clear Claimed Marks
[49.001s][info][gc,marking  ] GC(76) Concurrent Clear Claimed Marks 0.065ms
[49.001s][info][gc,marking  ] GC(76) Concurrent Cleanup for Next Mark
[49.003s][info][gc,marking  ] GC(76) Concurrent Cleanup for Next Mark 1.998ms
[49.003s][info][gc          ] GC(76) Concurrent Undo Cycle 2.137ms
[49.531s][info][gc,start    ] GC(77) Pause Young (Normal) (G1 Evacuation Pause)
[49.531s][info][gc,task     ] GC(77) Using 2 workers of 2 for evacuation
[49.559s][info][gc,phases   ] GC(77)   Pre Evacuate Collection Set: 0.18ms
[49.559s][info][gc,phases   ] GC(77)   Merge Heap Roots: 0.10ms
[49.559s][info][gc,phases   ] GC(77)   Evacuate Collection Set: 27.14ms
[49.559s][info][gc,phases   ] GC(77)   Post Evacuate Collection Set: 0.30ms
[49.559s][info][gc,phases   ] GC(77)   Other: 0.08ms
[49.559s][info][gc,heap     ] GC(77) Eden regions: 89->0(86)
[49.559s][info][gc,heap     ] GC(77) Survivor regions: 9->11(13)
[49.559s][info][gc,heap     ] GC(77) Old regions: 164->173
[49.559s][info][gc,heap     ] GC(77) Humongous regions: 2->2
[49.559s][info][gc,metaspace] GC(77) Metaspace: 34426K(34752K)->34426K(34752K) NonClass: 32110K(32320K)->32110K(32320K) Class: 2315K(2432K)->2315K(2432K)
[49.559s][info][gc          ] GC(77) Pause Young (Normal) (G1 Evacuation Pause) 263M->184M(326M) 27.998ms
[49.559s][info][gc,cpu      ] GC(77) User=0.06s Sys=0.00s Real=0.03s
[49.683s][info][gc,start    ] GC(78) Pause Young (Concurrent Start) (G1 Humongous Allocation)
[49.683s][info][gc,task     ] GC(78) Using 2 workers of 2 for evacuation
[49.698s][info][gc,phases   ] GC(78)   Pre Evacuate Collection Set: 0.20ms
[49.698s][info][gc,phases   ] GC(78)   Merge Heap Roots: 0.05ms
[49.698s][info][gc,phases   ] GC(78)   Evacuate Collection Set: 14.60ms
[49.698s][info][gc,phases   ] GC(78)   Post Evacuate Collection Set: 0.27ms
[49.698s][info][gc,phases   ] GC(78)   Other: 0.09ms
[49.698s][info][gc,heap     ] GC(78) Eden regions: 16->0(92)
[49.698s][info][gc,heap     ] GC(78) Survivor regions: 11->3(13)
[49.698s][info][gc,heap     ] GC(78) Old regions: 173->182
[49.698s][info][gc,heap     ] GC(78) Humongous regions: 2->0
[49.698s][info][gc,metaspace] GC(78) Metaspace: 34426K(34752K)->34426K(34752K) NonClass: 32110K(32320K)->32110K(32320K) Class: 2315K(2432K)->2315K(2432K)
[49.698s][info][gc          ] GC(78) Pause Young (Concurrent Start) (G1 Humongous Allocation) 200M->184M(326M) 15.393ms
[49.698s][info][gc          ] GC(79) Concurrent Mark Cycle
[49.698s][info][gc,marking  ] GC(79) Concurrent Scan Root Regions
[49.701s][info][gc,cpu      ] GC(78) User=0.03s Sys=0.00s Real=0.01s
[49.713s][info][gc,marking  ] GC(79) Concurrent Scan Root Regions 14.273ms
[49.713s][info][gc,marking  ] GC(79) Concurrent Mark
[49.713s][info][gc,marking  ] GC(79) Concurrent Mark From Roots
[49.713s][info][gc,task     ] GC(79) Using 1 workers of 1 for marking
[49.847s][info][gc,marking  ] GC(79) Concurrent Mark From Roots 133.796ms
[49.847s][info][gc,marking  ] GC(79) Concurrent Preclean
[49.847s][info][gc,marking  ] GC(79) Concurrent Preclean 0.036ms
[49.847s][info][gc,start    ] GC(79) Pause Remark
[49.861s][info][gc          ] GC(79) Pause Remark 215M->177M(326M) 14.684ms
[49.862s][info][gc,cpu      ] GC(79) User=0.03s Sys=0.00s Real=0.01s
[49.862s][info][gc,marking  ] GC(79) Concurrent Mark 149.127ms
[49.862s][info][gc,marking  ] GC(79) Concurrent Rebuild Remembered Sets and Scrub Regions
[49.933s][info][gc,marking  ] GC(79) Concurrent Rebuild Remembered Sets and Scrub Regions 71.439ms
[49.933s][info][gc,start    ] GC(79) Pause Cleanup
[49.934s][info][gc          ] GC(79) Pause Cleanup 203M->203M(326M) 0.089ms
[49.934s][info][gc,cpu      ] GC(79) User=0.00s Sys=0.00s Real=0.00s
[49.934s][info][gc,marking  ] GC(79) Concurrent Clear Claimed Marks
[49.934s][info][gc,marking  ] GC(79) Concurrent Clear Claimed Marks 0.050ms
[49.934s][info][gc,marking  ] GC(79) Concurrent Cleanup for Next Mark
[49.936s][info][gc,marking  ] GC(79) Concurrent Cleanup for Next Mark 1.630ms
[49.936s][info][gc          ] GC(79) Concurrent Mark Cycle 237.589ms
[50.166s][info][gc,start    ] GC(80) Pause Young (Prepare Mixed) (G1 Evacuation Pause)
[50.166s][info][gc,task     ] GC(80) Using 2 workers of 2 for evacuation
[50.179s][info][gc,phases   ] GC(80)   Pre Evacuate Collection Set: 0.17ms
[50.179s][info][gc,phases   ] GC(80)   Merge Heap Roots: 0.09ms
[50.179s][info][gc,phases   ] GC(80)   Evacuate Collection Set: 12.80ms
[50.179s][info][gc,phases   ] GC(80)   Post Evacuate Collection Set: 0.33ms
[50.179s][info][gc,phases   ] GC(80)   Other: 0.07ms
[50.179s][info][gc,heap     ] GC(80) Eden regions: 92->0(114)
[50.179s][info][gc,heap     ] GC(80) Survivor regions: 3->12(12)
[50.179s][info][gc,heap     ] GC(80) Old regions: 144->144
[50.179s][info][gc,heap     ] GC(80) Humongous regions: 4->2
[50.179s][info][gc,metaspace] GC(80) Metaspace: 34432K(34752K)->34432K(34752K) NonClass: 32116K(32320K)->32116K(32320K) Class: 2315K(2432K)->2315K(2432K)
[50.179s][info][gc          ] GC(80) Pause Young (Prepare Mixed) (G1 Evacuation Pause) 242M->157M(326M) 13.640ms
[50.179s][info][gc,cpu      ] GC(80) User=0.03s Sys=0.00s Real=0.01s
[50.867s][info][gc,start    ] GC(81) Pause Young (Mixed) (G1 Evacuation Pause)
[50.867s][info][gc,task     ] GC(81) Using 2 workers of 2 for evacuation
[50.885s][info][gc,phases   ] GC(81)   Pre Evacuate Collection Set: 0.26ms
[50.885s][info][gc,phases   ] GC(81)   Merge Heap Roots: 0.17ms
[50.885s][info][gc,phases   ] GC(81)   Evacuate Collection Set: 17.06ms
[50.885s][info][gc,phases   ] GC(81)   Post Evacuate Collection Set: 0.45ms
[50.885s][info][gc,phases   ] GC(81)   Other: 0.07ms
[50.885s][info][gc,heap     ] GC(81) Eden regions: 114->0(139)
[50.885s][info][gc,heap     ] GC(81) Survivor regions: 12->8(16)
[50.885s][info][gc,heap     ] GC(81) Old regions: 144->121
[50.885s][info][gc,heap     ] GC(81) Humongous regions: 10->2
[50.885s][info][gc,metaspace] GC(81) Metaspace: 34812K(35200K)->34812K(35200K) NonClass: 32468K(32704K)->32468K(32704K) Class: 2344K(2496K)->2344K(2496K)
[50.885s][info][gc          ] GC(81) Pause Young (Mixed) (G1 Evacuation Pause) 279M->130M(326M) 18.194ms
[50.885s][info][gc,cpu      ] GC(81) User=0.04s Sys=0.00s Real=0.02s
[51.781s][info][gc,start    ] GC(82) Pause Young (Mixed) (G1 Evacuation Pause)
[51.781s][info][gc,task     ] GC(82) Using 2 workers of 2 for evacuation
[51.812s][info][gc,phases   ] GC(82)   Pre Evacuate Collection Set: 2.22ms
[51.812s][info][gc,phases   ] GC(82)   Merge Heap Roots: 0.19ms
[51.812s][info][gc,phases   ] GC(82)   Evacuate Collection Set: 28.16ms
[51.812s][info][gc,phases   ] GC(82)   Post Evacuate Collection Set: 0.50ms
[51.812s][info][gc,phases   ] GC(82)   Other: 0.10ms
[51.812s][info][gc,heap     ] GC(82) Eden regions: 139->0(146)
[51.812s][info][gc,heap     ] GC(82) Survivor regions: 8->19(19)
[51.812s][info][gc,heap     ] GC(82) Old regions: 121->96
[51.812s][info][gc,heap     ] GC(82) Humongous regions: 3->2
[51.812s][info][gc,metaspace] GC(82) Metaspace: 35283K(35648K)->35283K(35648K) NonClass: 32902K(33152K)->32902K(33152K) Class: 2381K(2496K)->2381K(2496K)
[51.812s][info][gc          ] GC(82) Pause Young (Mixed) (G1 Evacuation Pause) 270M->116M(326M) 31.369ms
[51.812s][info][gc,cpu      ] GC(82) User=0.06s Sys=0.00s Real=0.04s
[52.453s][info][gc,start    ] GC(83) Pause Young (Mixed) (G1 Evacuation Pause)
[52.453s][info][gc,task     ] GC(83) Using 2 workers of 2 for evacuation
[52.479s][info][gc,phases   ] GC(83)   Pre Evacuate Collection Set: 1.67ms
[52.479s][info][gc,phases   ] GC(83)   Merge Heap Roots: 0.37ms
[52.479s][info][gc,phases   ] GC(83)   Evacuate Collection Set: 23.75ms
[52.479s][info][gc,phases   ] GC(83)   Post Evacuate Collection Set: 0.41ms
[52.479s][info][gc,phases   ] GC(83)   Other: 0.08ms
[52.479s][info][gc,heap     ] GC(83) Eden regions: 146->0(145)
[52.479s][info][gc,heap     ] GC(83) Survivor regions: 19->19(21)
[52.479s][info][gc,heap     ] GC(83) Old regions: 96->97
[52.479s][info][gc,heap     ] GC(83) Humongous regions: 3->3
[52.480s][info][gc,metaspace] GC(83) Metaspace: 35389K(35776K)->35389K(35776K) NonClass: 33008K(33280K)->33008K(33280K) Class: 2381K(2496K)->2381K(2496K)
[52.480s][info][gc          ] GC(83) Pause Young (Mixed) (G1 Evacuation Pause) 263M->117M(326M) 26.484ms
[52.480s][info][gc,cpu      ] GC(83) User=0.05s Sys=0.00s Real=0.02s
[53.088s][info][gc,start    ] GC(84) Pause Young (Normal) (G1 Evacuation Pause)
[53.088s][info][gc,task     ] GC(84) Using 2 workers of 2 for evacuation
[53.098s][info][gc,phases   ] GC(84)   Pre Evacuate Collection Set: 0.19ms
[53.098s][info][gc,phases   ] GC(84)   Merge Heap Roots: 0.07ms
[53.098s][info][gc,phases   ] GC(84)   Evacuate Collection Set: 8.62ms
[53.098s][info][gc,phases   ] GC(84)   Post Evacuate Collection Set: 0.35ms
[53.098s][info][gc,phases   ] GC(84)   Other: 0.07ms
[53.098s][info][gc,heap     ] GC(84) Eden regions: 145->0(157)
[53.098s][info][gc,heap     ] GC(84) Survivor regions: 19->3(21)
[53.098s][info][gc,heap     ] GC(84) Old regions: 97->109
[53.098s][info][gc,heap     ] GC(84) Humongous regions: 5->3
[53.098s][info][gc,metaspace] GC(84) Metaspace: 35409K(35776K)->35409K(35776K) NonClass: 33028K(33280K)->33028K(33280K) Class: 2381K(2496K)->2381K(2496K)
[53.098s][info][gc          ] GC(84) Pause Young (Normal) (G1 Evacuation Pause) 264M->114M(326M) 9.487ms
[53.098s][info][gc,cpu      ] GC(84) User=0.02s Sys=0.00s Real=0.01s
[53.647s][info][gc,start    ] GC(85) Pause Young (Normal) (G1 Evacuation Pause)
[53.647s][info][gc,task     ] GC(85) Using 2 workers of 2 for evacuation
[53.681s][info][gc,phases   ] GC(85)   Pre Evacuate Collection Set: 0.17ms
[53.681s][info][gc,phases   ] GC(85)   Merge Heap Roots: 0.07ms
[53.681s][info][gc,phases   ] GC(85)   Evacuate Collection Set: 32.91ms
[53.681s][info][gc,phases   ] GC(85)   Post Evacuate Collection Set: 0.47ms
[53.681s][info][gc,phases   ] GC(85)   Other: 0.07ms
[53.681s][info][gc,heap     ] GC(85) Eden regions: 157->0(85)
[53.681s][info][gc,heap     ] GC(85) Survivor regions: 3->20(20)
[53.681s][info][gc,heap     ] GC(85) Old regions: 109->144
[53.681s][info][gc,heap     ] GC(85) Humongous regions: 3->3
[53.681s][info][gc,metaspace] GC(85) Metaspace: 35420K(35776K)->35420K(35776K) NonClass: 33039K(33280K)->33039K(33280K) Class: 2381K(2496K)->2381K(2496K)
[53.681s][info][gc          ] GC(85) Pause Young (Normal) (G1 Evacuation Pause) 271M->166M(327M) 33.895ms
[53.681s][info][gc,cpu      ] GC(85) User=0.07s Sys=0.00s Real=0.03s
[54.025s][info][gc,start    ] GC(86) Pause Young (Concurrent Start) (G1 Evacuation Pause)
[54.025s][info][gc,task     ] GC(86) Using 2 workers of 2 for evacuation
[54.069s][info][gc,phases   ] GC(86)   Pre Evacuate Collection Set: 0.18ms
[54.069s][info][gc,phases   ] GC(86)   Merge Heap Roots: 0.32ms
[54.069s][info][gc,phases   ] GC(86)   Evacuate Collection Set: 43.61ms
[54.069s][info][gc,phases   ] GC(86)   Post Evacuate Collection Set: 0.42ms
[54.069s][info][gc,phases   ] GC(86)   Other: 0.13ms
[54.069s][info][gc,heap     ] GC(86) Eden regions: 85->0(54)
[54.069s][info][gc,heap     ] GC(86) Survivor regions: 20->14(14)
[54.069s][info][gc,heap     ] GC(86) Old regions: 144->186
[54.069s][info][gc,heap     ] GC(86) Humongous regions: 3->3
[54.069s][info][gc,metaspace] GC(86) Metaspace: 35430K(35776K)->35430K(35776K) NonClass: 33049K(33280K)->33049K(33280K) Class: 2381K(2496K)->2381K(2496K)
[54.069s][info][gc          ] GC(86) Pause Young (Concurrent Start) (G1 Evacuation Pause) 251M->202M(327M) 44.890ms
[54.069s][info][gc,cpu      ] GC(86) User=0.09s Sys=0.00s Real=0.04s
[54.070s][info][gc          ] GC(87) Concurrent Mark Cycle
[54.070s][info][gc,marking  ] GC(87) Concurrent Scan Root Regions
[54.118s][info][gc,marking  ] GC(87) Concurrent Scan Root Regions 48.174ms
[54.118s][info][gc,marking  ] GC(87) Concurrent Mark
[54.118s][info][gc,marking  ] GC(87) Concurrent Mark From Roots
[54.118s][info][gc,task     ] GC(87) Using 1 workers of 1 for marking
[54.314s][info][gc,marking  ] GC(87) Concurrent Mark From Roots 195.670ms
[54.314s][info][gc,marking  ] GC(87) Concurrent Preclean
[54.314s][info][gc,marking  ] GC(87) Concurrent Preclean 0.047ms
[54.316s][info][gc,start    ] GC(87) Pause Remark
[54.329s][info][gc          ] GC(87) Pause Remark 248M->227M(327M) 13.220ms
[54.329s][info][gc,cpu      ] GC(87) User=0.03s Sys=0.00s Real=0.01s
[54.329s][info][gc,marking  ] GC(87) Concurrent Mark 211.449ms
[54.329s][info][gc,marking  ] GC(87) Concurrent Rebuild Remembered Sets and Scrub Regions
[54.431s][info][gc,start    ] GC(88) Pause Young (Normal) (G1 Evacuation Pause)
[54.431s][info][gc,task     ] GC(88) Using 2 workers of 2 for evacuation
[54.477s][info][gc,phases   ] GC(88)   Pre Evacuate Collection Set: 0.16ms
[54.477s][info][gc,phases   ] GC(88)   Merge Heap Roots: 0.53ms
[54.477s][info][gc,phases   ] GC(88)   Evacuate Collection Set: 44.70ms
[54.477s][info][gc,phases   ] GC(88)   Post Evacuate Collection Set: 0.42ms
[54.477s][info][gc,phases   ] GC(88)   Other: 0.09ms
[54.477s][info][gc,heap     ] GC(88) Eden regions: 54->0(50)
[54.477s][info][gc,heap     ] GC(88) Survivor regions: 14->9(9)
[54.477s][info][gc,heap     ] GC(88) Old regions: 166->199
[54.477s][info][gc,heap     ] GC(88) Humongous regions: 3->3
[54.477s][info][gc,metaspace] GC(88) Metaspace: 35432K(35776K)->35432K(35776K) NonClass: 33051K(33280K)->33051K(33280K) Class: 2381K(2496K)->2381K(2496K)
[54.477s][info][gc          ] GC(88) Pause Young (Normal) (G1 Evacuation Pause) 236M->210M(327M) 46.107ms
[54.477s][info][gc,cpu      ] GC(88) User=0.09s Sys=0.00s Real=0.05s
[54.501s][info][gc,marking  ] GC(87) Concurrent Rebuild Remembered Sets and Scrub Regions 171.498ms
[54.503s][info][gc,start    ] GC(87) Pause Cleanup
[54.503s][info][gc          ] GC(87) Pause Cleanup 215M->215M(327M) 0.088ms
[54.503s][info][gc,cpu      ] GC(87) User=0.00s Sys=0.00s Real=0.00s
[54.503s][info][gc,marking  ] GC(87) Concurrent Clear Claimed Marks
[54.503s][info][gc,marking  ] GC(87) Concurrent Clear Claimed Marks 0.056ms
[54.503s][info][gc,marking  ] GC(87) Concurrent Cleanup for Next Mark
[54.504s][info][gc,marking  ] GC(87) Concurrent Cleanup for Next Mark 1.004ms
[54.504s][info][gc          ] GC(87) Concurrent Mark Cycle 434.573ms
[54.664s][info][gc,start    ] GC(89) Pause Young (Prepare Mixed) (G1 Evacuation Pause)
[54.664s][info][gc,task     ] GC(89) Using 2 workers of 2 for evacuation
[54.694s][info][gc,phases   ] GC(89)   Pre Evacuate Collection Set: 0.19ms
[54.694s][info][gc,phases   ] GC(89)   Merge Heap Roots: 1.86ms
[54.694s][info][gc,phases   ] GC(89)   Evacuate Collection Set: 27.34ms
[54.694s][info][gc,phases   ] GC(89)   Post Evacuate Collection Set: 0.52ms
[54.694s][info][gc,phases   ] GC(89)   Other: 0.07ms
[54.694s][info][gc,heap     ] GC(89) Eden regions: 50->0(57)
[54.694s][info][gc,heap     ] GC(89) Survivor regions: 9->8(8)
[54.694s][info][gc,heap     ] GC(89) Old regions: 199->218
[54.694s][info][gc,heap     ] GC(89) Humongous regions: 3->3
[54.694s][info][gc,metaspace] GC(89) Metaspace: 35432K(35776K)->35432K(35776K) NonClass: 33051K(33280K)->33051K(33280K) Class: 2381K(2496K)->2381K(2496K)
[54.694s][info][gc          ] GC(89) Pause Young (Prepare Mixed) (G1 Evacuation Pause) 260M->228M(354M) 30.209ms
[54.694s][info][gc,cpu      ] GC(89) User=0.06s Sys=0.00s Real=0.03s
[54.921s][info][gc,start    ] GC(90) Pause Young (Mixed) (G1 Evacuation Pause)
[54.921s][info][gc,task     ] GC(90) Using 2 workers of 2 for evacuation
[54.954s][info][gc,phases   ] GC(90)   Pre Evacuate Collection Set: 0.21ms
[54.954s][info][gc,phases   ] GC(90)   Merge Heap Roots: 0.24ms
[54.954s][info][gc,phases   ] GC(90)   Evacuate Collection Set: 31.83ms
[54.954s][info][gc,phases   ] GC(90)   Post Evacuate Collection Set: 0.40ms
[54.954s][info][gc,phases   ] GC(90)   Other: 0.10ms
[54.954s][info][gc,heap     ] GC(90) Eden regions: 57->0(54)
[54.954s][info][gc,heap     ] GC(90) Survivor regions: 8->9(9)
[54.954s][info][gc,heap     ] GC(90) Old regions: 218->218
[54.954s][info][gc,heap     ] GC(90) Humongous regions: 3->3
[54.954s][info][gc,metaspace] GC(90) Metaspace: 35432K(35776K)->35432K(35776K) NonClass: 33051K(33280K)->33051K(33280K) Class: 2381K(2496K)->2381K(2496K)
[54.954s][info][gc          ] GC(90) Pause Young (Mixed) (G1 Evacuation Pause) 285M->229M(354M) 32.984ms
[54.954s][info][gc,cpu      ] GC(90) User=0.07s Sys=0.00s Real=0.04s
[55.145s][info][gc,start    ] GC(91) Pause Young (Mixed) (G1 Evacuation Pause)
[55.145s][info][gc,task     ] GC(91) Using 2 workers of 2 for evacuation
[55.187s][info][gc,phases   ] GC(91)   Pre Evacuate Collection Set: 0.22ms
[55.187s][info][gc,phases   ] GC(91)   Merge Heap Roots: 0.42ms
[55.187s][info][gc,phases   ] GC(91)   Evacuate Collection Set: 41.10ms
[55.187s][info][gc,phases   ] GC(91)   Post Evacuate Collection Set: 0.41ms
[55.187s][info][gc,phases   ] GC(91)   Other: 0.07ms
[55.187s][info][gc,heap     ] GC(91) Eden regions: 54->0(53)
[55.187s][info][gc,heap     ] GC(91) Survivor regions: 9->8(8)
[55.187s][info][gc,heap     ] GC(91) Old regions: 218->223
[55.187s][info][gc,heap     ] GC(91) Humongous regions: 3->3
[55.187s][info][gc,metaspace] GC(91) Metaspace: 35433K(35776K)->35433K(35776K) NonClass: 33052K(33280K)->33052K(33280K) Class: 2381K(2496K)->2381K(2496K)
[55.187s][info][gc          ] GC(91) Pause Young (Mixed) (G1 Evacuation Pause) 283M->233M(354M) 42.430ms
[55.187s][info][gc,cpu      ] GC(91) User=0.08s Sys=0.00s Real=0.04s
[55.359s][info][gc,start    ] GC(92) Pause Young (Concurrent Start) (G1 Evacuation Pause)
[55.359s][info][gc,task     ] GC(92) Using 2 workers of 2 for evacuation
[55.391s][info][gc,phases   ] GC(92)   Pre Evacuate Collection Set: 0.62ms
[55.391s][info][gc,phases   ] GC(92)   Merge Heap Roots: 0.11ms
[55.391s][info][gc,phases   ] GC(92)   Evacuate Collection Set: 30.37ms
[55.391s][info][gc,phases   ] GC(92)   Post Evacuate Collection Set: 0.37ms
[55.391s][info][gc,phases   ] GC(92)   Other: 0.14ms
[55.391s][info][gc,heap     ] GC(92) Eden regions: 53->0(33)
[55.391s][info][gc,heap     ] GC(92) Survivor regions: 8->8(8)
[55.391s][info][gc,heap     ] GC(92) Old regions: 223->262
[55.391s][info][gc,heap     ] GC(92) Humongous regions: 3->3
[55.391s][info][gc,metaspace] GC(92) Metaspace: 35437K(35776K)->35437K(35776K) NonClass: 33056K(33280K)->33056K(33280K) Class: 2381K(2496K)->2381K(2496K)
[55.391s][info][gc          ] GC(92) Pause Young (Concurrent Start) (G1 Evacuation Pause) 286M->272M(354M) 31.814ms
[55.391s][info][gc,cpu      ] GC(92) User=0.06s Sys=0.00s Real=0.03s
[55.391s][info][gc          ] GC(93) Concurrent Mark Cycle
[55.391s][info][gc,marking  ] GC(93) Concurrent Scan Root Regions
[55.429s][info][gc,marking  ] GC(93) Concurrent Scan Root Regions 37.658ms
[55.429s][info][gc,marking  ] GC(93) Concurrent Mark
[55.429s][info][gc,marking  ] GC(93) Concurrent Mark From Roots
[55.429s][info][gc,task     ] GC(93) Using 1 workers of 1 for marking
[55.557s][info][gc,start    ] GC(94) Pause Young (Normal) (G1 Evacuation Pause)
[55.557s][info][gc,task     ] GC(94) Using 2 workers of 2 for evacuation
[55.577s][info][gc,phases   ] GC(94)   Pre Evacuate Collection Set: 0.17ms
[55.577s][info][gc,phases   ] GC(94)   Merge Heap Roots: 0.13ms
[55.577s][info][gc,phases   ] GC(94)   Evacuate Collection Set: 18.16ms
[55.577s][info][gc,phases   ] GC(94)   Post Evacuate Collection Set: 1.37ms
[55.577s][info][gc,phases   ] GC(94)   Other: 0.09ms
[55.577s][info][gc,heap     ] GC(94) Eden regions: 33->0(77)
[55.577s][info][gc,heap     ] GC(94) Survivor regions: 8->6(6)
[55.577s][info][gc,heap     ] GC(94) Old regions: 262->283
[55.577s][info][gc,heap     ] GC(94) Humongous regions: 4->4
[55.577s][info][gc,metaspace] GC(94) Metaspace: 35438K(35776K)->35438K(35776K) NonClass: 33056K(33280K)->33056K(33280K) Class: 2381K(2496K)->2381K(2496K)
[55.577s][info][gc          ] GC(94) Pause Young (Normal) (G1 Evacuation Pause) 306M->292M(479M) 20.130ms
[55.577s][info][gc,cpu      ] GC(94) User=0.03s Sys=0.00s Real=0.02s
[55.599s][info][gc,marking  ] GC(93) Concurrent Mark From Roots 169.967ms
[55.599s][info][gc,marking  ] GC(93) Concurrent Preclean
[55.599s][info][gc,marking  ] GC(93) Concurrent Preclean 0.048ms
[55.599s][info][gc,start    ] GC(93) Pause Remark
[55.613s][info][gc          ] GC(93) Pause Remark 294M->241M(479M) 13.340ms
[55.613s][info][gc,cpu      ] GC(93) User=0.02s Sys=0.00s Real=0.02s
[55.613s][info][gc,marking  ] GC(93) Concurrent Mark 183.760ms
[55.613s][info][gc,marking  ] GC(93) Concurrent Rebuild Remembered Sets and Scrub Regions
[55.688s][info][gc,marking  ] GC(93) Concurrent Rebuild Remembered Sets and Scrub Regions 74.880ms
[55.688s][info][gc,start    ] GC(93) Pause Cleanup
[55.688s][info][gc          ] GC(93) Pause Cleanup 250M->250M(479M) 0.119ms
[55.688s][info][gc,cpu      ] GC(93) User=0.00s Sys=0.00s Real=0.00s
[55.688s][info][gc,marking  ] GC(93) Concurrent Clear Claimed Marks
[55.688s][info][gc,marking  ] GC(93) Concurrent Clear Claimed Marks 0.042ms
[55.688s][info][gc,marking  ] GC(93) Concurrent Cleanup for Next Mark
[55.693s][info][gc,marking  ] GC(93) Concurrent Cleanup for Next Mark 4.937ms
[55.693s][info][gc          ] GC(93) Concurrent Mark Cycle 301.785ms
[56.011s][info][gc,start    ] GC(95) Pause Young (Prepare Mixed) (G1 Evacuation Pause)
[56.011s][info][gc,task     ] GC(95) Using 2 workers of 2 for evacuation
[56.053s][info][gc,phases   ] GC(95)   Pre Evacuate Collection Set: 0.23ms
[56.053s][info][gc,phases   ] GC(95)   Merge Heap Roots: 0.25ms
[56.053s][info][gc,phases   ] GC(95)   Evacuate Collection Set: 40.86ms
[56.053s][info][gc,phases   ] GC(95)   Post Evacuate Collection Set: 0.36ms
[56.053s][info][gc,phases   ] GC(95)   Other: 0.09ms
[56.053s][info][gc,heap     ] GC(95) Eden regions: 77->0(78)
[56.053s][info][gc,heap     ] GC(95) Survivor regions: 6->11(11)
[56.053s][info][gc,heap     ] GC(95) Old regions: 231->274
[56.053s][info][gc,heap     ] GC(95) Humongous regions: 3->3
[56.053s][info][gc,metaspace] GC(95) Metaspace: 35441K(35776K)->35441K(35776K) NonClass: 33060K(33280K)->33060K(33280K) Class: 2381K(2496K)->2381K(2496K)
[56.053s][info][gc          ] GC(95) Pause Young (Prepare Mixed) (G1 Evacuation Pause) 316M->287M(479M) 42.010ms
[56.053s][info][gc,cpu      ] GC(95) User=0.08s Sys=0.00s Real=0.05s
[56.342s][info][gc,start    ] GC(96) Pause Young (Mixed) (G1 Evacuation Pause)
[56.342s][info][gc,task     ] GC(96) Using 2 workers of 2 for evacuation
[56.389s][info][gc,phases   ] GC(96)   Pre Evacuate Collection Set: 0.23ms
[56.389s][info][gc,phases   ] GC(96)   Merge Heap Roots: 0.25ms
[56.389s][info][gc,phases   ] GC(96)   Evacuate Collection Set: 46.23ms
[56.389s][info][gc,phases   ] GC(96)   Post Evacuate Collection Set: 0.51ms
[56.389s][info][gc,phases   ] GC(96)   Other: 0.07ms
[56.389s][info][gc,heap     ] GC(96) Eden regions: 78->0(79)
[56.389s][info][gc,heap     ] GC(96) Survivor regions: 11->12(12)
[56.389s][info][gc,heap     ] GC(96) Old regions: 274->269
[56.389s][info][gc,heap     ] GC(96) Humongous regions: 4->4
[56.389s][info][gc,metaspace] GC(96) Metaspace: 35441K(35776K)->35441K(35776K) NonClass: 33060K(33280K)->33060K(33280K) Class: 2381K(2496K)->2381K(2496K)
[56.389s][info][gc          ] GC(96) Pause Young (Mixed) (G1 Evacuation Pause) 366M->284M(479M) 47.517ms
[56.389s][info][gc,cpu      ] GC(96) User=0.08s Sys=0.01s Real=0.04s
[56.648s][info][gc,start    ] GC(97) Pause Young (Mixed) (G1 Evacuation Pause)
[56.648s][info][gc,task     ] GC(97) Using 2 workers of 2 for evacuation
[56.703s][info][gc,phases   ] GC(97)   Pre Evacuate Collection Set: 0.26ms
[56.703s][info][gc,phases   ] GC(97)   Merge Heap Roots: 0.44ms
[56.703s][info][gc,phases   ] GC(97)   Evacuate Collection Set: 54.05ms
[56.703s][info][gc,phases   ] GC(97)   Post Evacuate Collection Set: 0.42ms
[56.703s][info][gc,phases   ] GC(97)   Other: 0.07ms
[56.703s][info][gc,heap     ] GC(97) Eden regions: 79->0(60)
[56.703s][info][gc,heap     ] GC(97) Survivor regions: 12->12(12)
[56.703s][info][gc,heap     ] GC(97) Old regions: 269->306
[56.703s][info][gc,heap     ] GC(97) Humongous regions: 4->4
[56.703s][info][gc,metaspace] GC(97) Metaspace: 35441K(35776K)->35441K(35776K) NonClass: 33060K(33280K)->33060K(33280K) Class: 2381K(2496K)->2381K(2496K)
[56.703s][info][gc          ] GC(97) Pause Young (Mixed) (G1 Evacuation Pause) 363M->321M(479M) 55.468ms
[56.703s][info][gc,cpu      ] GC(97) User=0.10s Sys=0.00s Real=0.06s
[56.798s][info][gc,start    ] GC(98) Pause Young (Concurrent Start) (G1 Humongous Allocation)
[56.798s][info][gc,task     ] GC(98) Using 2 workers of 2 for evacuation
[56.827s][info][gc,phases   ] GC(98)   Pre Evacuate Collection Set: 0.23ms
[56.827s][info][gc,phases   ] GC(98)   Merge Heap Roots: 0.25ms
[56.827s][info][gc,phases   ] GC(98)   Evacuate Collection Set: 27.61ms
[56.827s][info][gc,phases   ] GC(98)   Post Evacuate Collection Set: 0.31ms
[56.827s][info][gc,phases   ] GC(98)   Other: 0.12ms
[56.827s][info][gc,heap     ] GC(98) Eden regions: 26->0(54)
[56.827s][info][gc,heap     ] GC(98) Survivor regions: 12->9(9)
[56.827s][info][gc,heap     ] GC(98) Old regions: 306->326
[56.827s][info][gc,heap     ] GC(98) Humongous regions: 4->4
[56.827s][info][gc,metaspace] GC(98) Metaspace: 35441K(35776K)->35441K(35776K) NonClass: 33060K(33280K)->33060K(33280K) Class: 2381K(2496K)->2381K(2496K)
[56.827s][info][gc          ] GC(98) Pause Young (Concurrent Start) (G1 Humongous Allocation) 347M->338M(479M) 28.729ms
[56.827s][info][gc          ] GC(99) Concurrent Mark Cycle
[56.827s][info][gc,marking  ] GC(99) Concurrent Scan Root Regions
[56.827s][info][gc,cpu      ] GC(98) User=0.06s Sys=0.00s Real=0.03s
[56.844s][info][gc,marking  ] GC(99) Concurrent Scan Root Regions 17.303ms
[56.844s][info][gc,marking  ] GC(99) Concurrent Mark
[56.844s][info][gc,marking  ] GC(99) Concurrent Mark From Roots
[56.844s][info][gc,task     ] GC(99) Using 1 workers of 1 for marking
[57.104s][info][gc,marking  ] GC(99) Concurrent Mark From Roots 260.052ms
[57.104s][info][gc,marking  ] GC(99) Concurrent Preclean
[57.104s][info][gc,marking  ] GC(99) Concurrent Preclean 0.049ms
[57.105s][info][gc,start    ] GC(99) Pause Remark
[57.120s][info][gc          ] GC(99) Pause Remark 377M->348M(519M) 15.476ms
[57.120s][info][gc,cpu      ] GC(99) User=0.02s Sys=0.00s Real=0.01s
[57.120s][info][gc,marking  ] GC(99) Concurrent Mark 276.359ms
[57.120s][info][gc,marking  ] GC(99) Concurrent Rebuild Remembered Sets and Scrub Regions
[57.239s][info][gc,marking  ] GC(99) Concurrent Rebuild Remembered Sets and Scrub Regions 118.375ms
[57.241s][info][gc,start    ] GC(99) Pause Cleanup
[57.241s][info][gc          ] GC(99) Pause Cleanup 363M->363M(519M) 0.140ms
[57.241s][info][gc,cpu      ] GC(99) User=0.00s Sys=0.00s Real=0.00s
[57.241s][info][gc,marking  ] GC(99) Concurrent Clear Claimed Marks
[57.241s][info][gc,marking  ] GC(99) Concurrent Clear Claimed Marks 0.054ms
[57.241s][info][gc,marking  ] GC(99) Concurrent Cleanup for Next Mark
[57.245s][info][gc,marking  ] GC(99) Concurrent Cleanup for Next Mark 3.589ms
[57.245s][info][gc          ] GC(99) Concurrent Mark Cycle 418.122ms
[57.247s][info][gc,start    ] GC(100) Pause Young (Prepare Mixed) (G1 Evacuation Pause)
[57.247s][info][gc,task     ] GC(100) Using 2 workers of 2 for evacuation
[57.280s][info][gc,phases   ] GC(100)   Pre Evacuate Collection Set: 0.22ms
[57.280s][info][gc,phases   ] GC(100)   Merge Heap Roots: 0.34ms
[57.280s][info][gc,phases   ] GC(100)   Evacuate Collection Set: 32.23ms
[57.280s][info][gc,phases   ] GC(100)   Post Evacuate Collection Set: 0.38ms
[57.280s][info][gc,phases   ] GC(100)   Other: 0.07ms
[57.280s][info][gc,heap     ] GC(100) Eden regions: 54->0(74)
[57.280s][info][gc,heap     ] GC(100) Survivor regions: 9->8(8)
[57.280s][info][gc,heap     ] GC(100) Old regions: 298->324
[57.280s][info][gc,heap     ] GC(100) Humongous regions: 4->4
[57.280s][info][gc,metaspace] GC(100) Metaspace: 35441K(35776K)->35441K(35776K) NonClass: 33060K(33280K)->33060K(33280K) Class: 2381K(2496K)->2381K(2496K)
[57.280s][info][gc          ] GC(100) Pause Young (Prepare Mixed) (G1 Evacuation Pause) 364M->335M(519M) 33.418ms
[57.280s][info][gc,cpu      ] GC(100) User=0.06s Sys=0.01s Real=0.03s
[57.536s][info][gc,start    ] GC(101) Pause Young (Mixed) (G1 Evacuation Pause)
[57.536s][info][gc,task     ] GC(101) Using 2 workers of 2 for evacuation
[57.589s][info][gc,phases   ] GC(101)   Pre Evacuate Collection Set: 0.30ms
[57.589s][info][gc,phases   ] GC(101)   Merge Heap Roots: 0.33ms
[57.589s][info][gc,phases   ] GC(101)   Evacuate Collection Set: 49.64ms
[57.589s][info][gc,phases   ] GC(101)   Post Evacuate Collection Set: 2.41ms
[57.589s][info][gc,phases   ] GC(101)   Other: 0.10ms
[57.589s][info][gc,heap     ] GC(101) Eden regions: 74->0(150)
[57.589s][info][gc,heap     ] GC(101) Survivor regions: 8->11(11)
[57.589s][info][gc,heap     ] GC(101) Old regions: 324->310
[57.589s][info][gc,heap     ] GC(101) Humongous regions: 5->5
[57.589s][info][gc,metaspace] GC(101) Metaspace: 35443K(35776K)->35443K(35776K) NonClass: 33062K(33280K)->33062K(33280K) Class: 2381K(2496K)->2381K(2496K)
[57.589s][info][gc          ] GC(101) Pause Young (Mixed) (G1 Evacuation Pause) 410M->325M(688M) 52.997ms
[57.589s][info][gc,cpu      ] GC(101) User=0.09s Sys=0.02s Real=0.05s
[58.232s][info][gc,start    ] GC(102) Pause Young (Mixed) (G1 Evacuation Pause)
[58.232s][info][gc,task     ] GC(102) Using 2 workers of 2 for evacuation
[58.274s][info][gc,phases   ] GC(102)   Pre Evacuate Collection Set: 0.39ms
[58.274s][info][gc,phases   ] GC(102)   Merge Heap Roots: 0.74ms
[58.274s][info][gc,phases   ] GC(102)   Evacuate Collection Set: 40.47ms
[58.274s][info][gc,phases   ] GC(102)   Post Evacuate Collection Set: 0.54ms
[58.274s][info][gc,phases   ] GC(102)   Other: 0.10ms
[58.274s][info][gc,heap     ] GC(102) Eden regions: 150->0(186)
[58.274s][info][gc,heap     ] GC(102) Survivor regions: 11->14(21)
[58.274s][info][gc,heap     ] GC(102) Old regions: 310->253
[58.274s][info][gc,heap     ] GC(102) Humongous regions: 5->5
[58.274s][info][gc,metaspace] GC(102) Metaspace: 35446K(35776K)->35446K(35776K) NonClass: 33065K(33280K)->33065K(33280K) Class: 2381K(2496K)->2381K(2496K)
[58.274s][info][gc          ] GC(102) Pause Young (Mixed) (G1 Evacuation Pause) 475M->271M(688M) 42.438ms
[58.274s][info][gc,cpu      ] GC(102) User=0.07s Sys=0.01s Real=0.04s
[58.927s][info][gc,start    ] GC(103) Pause Young (Mixed) (G1 Evacuation Pause)
[58.927s][info][gc,task     ] GC(103) Using 2 workers of 2 for evacuation
[58.948s][info][gc,phases   ] GC(103)   Pre Evacuate Collection Set: 0.35ms
[58.948s][info][gc,phases   ] GC(103)   Merge Heap Roots: 0.45ms
[58.948s][info][gc,phases   ] GC(103)   Evacuate Collection Set: 20.12ms
[58.948s][info][gc,phases   ] GC(103)   Post Evacuate Collection Set: 0.41ms
[58.948s][info][gc,phases   ] GC(103)   Other: 0.07ms
[58.948s][info][gc,heap     ] GC(103) Eden regions: 186->0(206)
[58.948s][info][gc,heap     ] GC(103) Survivor regions: 14->7(25)
[58.948s][info][gc,heap     ] GC(103) Old regions: 253->255
[58.948s][info][gc,heap     ] GC(103) Humongous regions: 6->5
[58.948s][info][gc,metaspace] GC(103) Metaspace: 35460K(35840K)->35460K(35840K) NonClass: 33077K(33344K)->33077K(33344K) Class: 2382K(2496K)->2382K(2496K)
[58.948s][info][gc          ] GC(103) Pause Young (Mixed) (G1 Evacuation Pause) 458M->266M(688M) 21.587ms
[58.948s][info][gc,cpu      ] GC(103) User=0.04s Sys=0.00s Real=0.02s
[59.666s][info][gc,start    ] GC(104) Pause Young (Normal) (G1 Evacuation Pause)
[59.666s][info][gc,task     ] GC(104) Using 2 workers of 2 for evacuation
[59.670s][info][gc,phases   ] GC(104)   Pre Evacuate Collection Set: 0.35ms
[59.670s][info][gc,phases   ] GC(104)   Merge Heap Roots: 0.06ms
[59.670s][info][gc,phases   ] GC(104)   Evacuate Collection Set: 3.49ms
[59.670s][info][gc,phases   ] GC(104)   Post Evacuate Collection Set: 0.42ms
[59.670s][info][gc,phases   ] GC(104)   Other: 0.10ms
[59.670s][info][gc,heap     ] GC(104) Eden regions: 206->0(229)
[59.670s][info][gc,heap     ] GC(104) Survivor regions: 7->4(27)
[59.670s][info][gc,heap     ] GC(104) Old regions: 255->255
[59.670s][info][gc,heap     ] GC(104) Humongous regions: 6->5
[59.670s][info][gc,metaspace] GC(104) Metaspace: 35470K(35840K)->35470K(35840K) NonClass: 33088K(33344K)->33088K(33344K) Class: 2382K(2496K)->2382K(2496K)
[59.670s][info][gc          ] GC(104) Pause Young (Normal) (G1 Evacuation Pause) 473M->263M(688M) 4.630ms
[59.670s][info][gc,cpu      ] GC(104) User=0.01s Sys=0.00s Real=0.00s
[60.437s][info][gc,start    ] GC(105) Pause Young (Normal) (G1 Evacuation Pause)
[60.438s][info][gc,task     ] GC(105) Using 2 workers of 2 for evacuation
[60.442s][info][gc,phases   ] GC(105)   Pre Evacuate Collection Set: 0.25ms
[60.442s][info][gc,phases   ] GC(105)   Merge Heap Roots: 0.07ms
[60.442s][info][gc,phases   ] GC(105)   Evacuate Collection Set: 3.70ms
[60.442s][info][gc,phases   ] GC(105)   Post Evacuate Collection Set: 0.45ms
[60.442s][info][gc,phases   ] GC(105)   Other: 0.07ms
[60.442s][info][gc,heap     ] GC(105) Eden regions: 229->0(246)
[60.442s][info][gc,heap     ] GC(105) Survivor regions: 4->5(30)
[60.442s][info][gc,heap     ] GC(105) Old regions: 255->255
[60.442s][info][gc,heap     ] GC(105) Humongous regions: 8->5
[60.442s][info][gc,metaspace] GC(105) Metaspace: 35471K(35840K)->35471K(35840K) NonClass: 33088K(33344K)->33088K(33344K) Class: 2382K(2496K)->2382K(2496K)
[60.442s][info][gc          ] GC(105) Pause Young (Normal) (G1 Evacuation Pause) 495M->264M(688M) 4.720ms
[60.442s][info][gc,cpu      ] GC(105) User=0.01s Sys=0.00s Real=0.01s
[61.244s][info][gc,start    ] GC(106) Pause Young (Normal) (G1 Evacuation Pause)
[61.244s][info][gc,task     ] GC(106) Using 2 workers of 2 for evacuation
[61.249s][info][gc,phases   ] GC(106)   Pre Evacuate Collection Set: 0.25ms
[61.249s][info][gc,phases   ] GC(106)   Merge Heap Roots: 0.08ms
[61.249s][info][gc,phases   ] GC(106)   Evacuate Collection Set: 4.81ms
[61.249s][info][gc,phases   ] GC(106)   Post Evacuate Collection Set: 0.43ms
[61.249s][info][gc,phases   ] GC(106)   Other: 0.13ms
[61.249s][info][gc,heap     ] GC(106) Eden regions: 246->0(263)
[61.249s][info][gc,heap     ] GC(106) Survivor regions: 5->6(32)
[61.249s][info][gc,heap     ] GC(106) Old regions: 255->255
[61.249s][info][gc,heap     ] GC(106) Humongous regions: 8->5
[61.249s][info][gc,metaspace] GC(106) Metaspace: 35472K(35840K)->35472K(35840K) NonClass: 33090K(33344K)->33090K(33344K) Class: 2382K(2496K)->2382K(2496K)
[61.249s][info][gc          ] GC(106) Pause Young (Normal) (G1 Evacuation Pause) 513M->265M(688M) 5.870ms
[61.249s][info][gc,cpu      ] GC(106) User=0.01s Sys=0.00s Real=0.00s
[61.504s][info][gc,start    ] GC(107) Pause Young (Concurrent Start) (G1 Humongous Allocation)
[61.504s][info][gc,task     ] GC(107) Using 2 workers of 2 for evacuation
[61.522s][info][gc,phases   ] GC(107)   Pre Evacuate Collection Set: 0.27ms
[61.522s][info][gc,phases   ] GC(107)   Merge Heap Roots: 0.05ms
[61.522s][info][gc,phases   ] GC(107)   Evacuate Collection Set: 17.42ms
[61.522s][info][gc,phases   ] GC(107)   Post Evacuate Collection Set: 0.32ms
[61.522s][info][gc,phases   ] GC(107)   Other: 0.12ms
[61.522s][info][gc,heap     ] GC(107) Eden regions: 75->0(271)
[61.522s][info][gc,heap     ] GC(107) Survivor regions: 6->22(34)
[61.522s][info][gc,heap     ] GC(107) Old regions: 255->255
[61.522s][info][gc,heap     ] GC(107) Humongous regions: 5->3
[61.522s][info][gc,metaspace] GC(107) Metaspace: 35503K(35904K)->35503K(35904K) NonClass: 33115K(33344K)->33115K(33344K) Class: 2388K(2560K)->2388K(2560K)
[61.522s][info][gc          ] GC(107) Pause Young (Concurrent Start) (G1 Humongous Allocation) 340M->279M(688M) 18.376ms
[61.522s][info][gc          ] GC(108) Concurrent Mark Cycle
[61.522s][info][gc,marking  ] GC(108) Concurrent Scan Root Regions
[61.524s][info][gc,cpu      ] GC(107) User=0.03s Sys=0.00s Real=0.02s
[61.540s][info][gc,marking  ] GC(108) Concurrent Scan Root Regions 17.570ms
[61.540s][info][gc,marking  ] GC(108) Concurrent Mark
[61.540s][info][gc,marking  ] GC(108) Concurrent Mark From Roots
[61.540s][info][gc,task     ] GC(108) Using 1 workers of 1 for marking
[61.664s][info][gc,marking  ] GC(108) Concurrent Mark From Roots 123.868ms
[61.664s][info][gc,marking  ] GC(108) Concurrent Preclean
[61.664s][info][gc,marking  ] GC(108) Concurrent Preclean 0.037ms
[61.668s][info][gc,start    ] GC(108) Pause Remark
[61.684s][info][gc          ] GC(108) Pause Remark 311M->142M(377M) 15.818ms
[61.684s][info][gc,cpu      ] GC(108) User=0.03s Sys=0.00s Real=0.02s
[61.687s][info][gc,marking  ] GC(108) Concurrent Mark 146.558ms
[61.687s][info][gc,marking  ] GC(108) Concurrent Rebuild Remembered Sets and Scrub Regions
[61.743s][info][gc,marking  ] GC(108) Concurrent Rebuild Remembered Sets and Scrub Regions 55.792ms
[61.743s][info][gc,start    ] GC(108) Pause Cleanup
[61.743s][info][gc          ] GC(108) Pause Cleanup 162M->162M(377M) 0.071ms
[61.743s][info][gc,cpu      ] GC(108) User=0.00s Sys=0.00s Real=0.00s
[61.745s][info][gc,marking  ] GC(108) Concurrent Clear Claimed Marks
[61.745s][info][gc,marking  ] GC(108) Concurrent Clear Claimed Marks 0.050ms
[61.745s][info][gc,marking  ] GC(108) Concurrent Cleanup for Next Mark
[61.747s][info][gc,marking  ] GC(108) Concurrent Cleanup for Next Mark 1.741ms
[61.747s][info][gc          ] GC(108) Concurrent Mark Cycle 224.224ms
[62.165s][info][gc,start    ] GC(109) Pause Young (Prepare Mixed) (G1 Evacuation Pause)
[62.165s][info][gc,task     ] GC(109) Using 2 workers of 2 for evacuation
[62.179s][info][gc,phases   ] GC(109)   Pre Evacuate Collection Set: 0.17ms
[62.179s][info][gc,phases   ] GC(109)   Merge Heap Roots: 0.09ms
[62.179s][info][gc,phases   ] GC(109)   Evacuate Collection Set: 13.25ms
[62.179s][info][gc,phases   ] GC(109)   Post Evacuate Collection Set: 0.42ms
[62.179s][info][gc,phases   ] GC(109)   Other: 0.07ms
[62.179s][info][gc,heap     ] GC(109) Eden regions: 204->0(190)
[62.179s][info][gc,heap     ] GC(109) Survivor regions: 22->3(29)
[62.179s][info][gc,heap     ] GC(109) Old regions: 89->110
[62.179s][info][gc,heap     ] GC(109) Humongous regions: 2->2
[62.179s][info][gc,metaspace] GC(109) Metaspace: 35566K(35968K)->35566K(35968K) NonClass: 33178K(33408K)->33178K(33408K) Class: 2388K(2560K)->2388K(2560K)
[62.179s][info][gc          ] GC(109) Pause Young (Prepare Mixed) (G1 Evacuation Pause) 316M->113M(377M) 14.187ms
[62.179s][info][gc,cpu      ] GC(109) User=0.03s Sys=0.00s Real=0.01s
[62.702s][info][gc,start    ] GC(110) Pause Young (Mixed) (G1 Evacuation Pause)
[62.702s][info][gc,task     ] GC(110) Using 2 workers of 2 for evacuation
[62.705s][info][gc,phases   ] GC(110)   Pre Evacuate Collection Set: 0.21ms
[62.705s][info][gc,phases   ] GC(110)   Merge Heap Roots: 0.06ms
[62.705s][info][gc,phases   ] GC(110)   Evacuate Collection Set: 2.18ms
[62.705s][info][gc,phases   ] GC(110)   Post Evacuate Collection Set: 0.41ms
[62.705s][info][gc,phases   ] GC(110)   Other: 0.09ms
[62.705s][info][gc,heap     ] GC(110) Eden regions: 190->0(207)
[62.705s][info][gc,heap     ] GC(110) Survivor regions: 3->3(25)
[62.705s][info][gc,heap     ] GC(110) Old regions: 110->99
[62.705s][info][gc,heap     ] GC(110) Humongous regions: 3->2
[62.705s][info][gc,metaspace] GC(110) Metaspace: 35577K(36032K)->35577K(36032K) NonClass: 33189K(33472K)->33189K(33472K) Class: 2388K(2560K)->2388K(2560K)
[62.705s][info][gc          ] GC(110) Pause Young (Mixed) (G1 Evacuation Pause) 304M->102M(377M) 3.114ms
[62.705s][info][gc,cpu      ] GC(110) User=0.01s Sys=0.00s Real=0.00s
[62.928s][info][gc,start    ] GC(111) Pause Young (Concurrent Start) (G1 Humongous Allocation)
[62.928s][info][gc,task     ] GC(111) Using 2 workers of 2 for evacuation
[62.931s][info][gc,phases   ] GC(111)   Pre Evacuate Collection Set: 0.18ms
[62.931s][info][gc,phases   ] GC(111)   Merge Heap Roots: 0.05ms
[62.931s][info][gc,phases   ] GC(111)   Evacuate Collection Set: 1.56ms
[62.931s][info][gc,phases   ] GC(111)   Post Evacuate Collection Set: 0.32ms
[62.931s][info][gc,phases   ] GC(111)   Other: 0.09ms
[62.931s][info][gc,heap     ] GC(111) Eden regions: 79->0(219)
[62.931s][info][gc,heap     ] GC(111) Survivor regions: 3->2(27)
[62.931s][info][gc,heap     ] GC(111) Old regions: 99->99
[62.931s][info][gc,heap     ] GC(111) Humongous regions: 2->0
[62.931s][info][gc,metaspace] GC(111) Metaspace: 35815K(36224K)->35815K(36224K) NonClass: 33383K(33664K)->33383K(33664K) Class: 2431K(2560K)->2431K(2560K)
[62.931s][info][gc          ] GC(111) Pause Young (Concurrent Start) (G1 Humongous Allocation) 181M->99M(377M) 2.398ms
[62.931s][info][gc,cpu      ] GC(111) User=0.00s Sys=0.00s Real=0.00s
[62.931s][info][gc          ] GC(112) Concurrent Mark Cycle
[62.931s][info][gc,marking  ] GC(112) Concurrent Scan Root Regions
[62.935s][info][gc,marking  ] GC(112) Concurrent Scan Root Regions 4.631ms
[62.935s][info][gc,marking  ] GC(112) Concurrent Mark
[62.935s][info][gc,marking  ] GC(112) Concurrent Mark From Roots
[62.935s][info][gc,task     ] GC(112) Using 1 workers of 1 for marking
[63.056s][info][gc,marking  ] GC(112) Concurrent Mark From Roots 120.753ms
[63.056s][info][gc,marking  ] GC(112) Concurrent Preclean
[63.056s][info][gc,marking  ] GC(112) Concurrent Preclean 0.080ms
[63.056s][info][gc,start    ] GC(112) Pause Remark
[63.071s][info][gc          ] GC(112) Pause Remark 116M->112M(327M) 14.806ms
[63.071s][info][gc,cpu      ] GC(112) User=0.03s Sys=0.00s Real=0.01s
[63.071s][info][gc,marking  ] GC(112) Concurrent Mark 135.908ms
[63.071s][info][gc,marking  ] GC(112) Concurrent Rebuild Remembered Sets and Scrub Regions
[63.110s][info][gc,marking  ] GC(112) Concurrent Rebuild Remembered Sets and Scrub Regions 38.648ms
[63.112s][info][gc,start    ] GC(112) Pause Cleanup
[63.112s][info][gc          ] GC(112) Pause Cleanup 123M->123M(327M) 0.159ms
[63.112s][info][gc,cpu      ] GC(112) User=0.00s Sys=0.00s Real=0.00s
[63.113s][info][gc,marking  ] GC(112) Concurrent Clear Claimed Marks
[63.113s][info][gc,marking  ] GC(112) Concurrent Clear Claimed Marks 0.032ms
[63.113s][info][gc,marking  ] GC(112) Concurrent Cleanup for Next Mark
[63.114s][info][gc,marking  ] GC(112) Concurrent Cleanup for Next Mark 0.976ms
[63.114s][info][gc          ] GC(112) Concurrent Mark Cycle 182.791ms
[63.420s][info][gc,start    ] GC(113) Pause Young (Prepare Mixed) (G1 Evacuation Pause)
[63.420s][info][gc,task     ] GC(113) Using 2 workers of 2 for evacuation
[63.424s][info][gc,phases   ] GC(113)   Pre Evacuate Collection Set: 0.24ms
[63.424s][info][gc,phases   ] GC(113)   Merge Heap Roots: 0.13ms
[63.425s][info][gc,phases   ] GC(113)   Evacuate Collection Set: 3.91ms
[63.425s][info][gc,phases   ] GC(113)   Post Evacuate Collection Set: 0.40ms
[63.425s][info][gc,phases   ] GC(113)   Other: 0.08ms
[63.425s][info][gc,heap     ] GC(113) Eden regions: 194->0(187)
[63.425s][info][gc,heap     ] GC(113) Survivor regions: 2->5(25)
[63.425s][info][gc,heap     ] GC(113) Old regions: 95->95
[63.425s][info][gc,heap     ] GC(113) Humongous regions: 1->1
[63.425s][info][gc,metaspace] GC(113) Metaspace: 35970K(36352K)->35970K(36352K) NonClass: 33522K(33792K)->33522K(33792K) Class: 2447K(2560K)->2447K(2560K)
[63.425s][info][gc          ] GC(113) Pause Young (Prepare Mixed) (G1 Evacuation Pause) 290M->100M(327M) 4.946ms
[63.425s][info][gc,cpu      ] GC(113) User=0.01s Sys=0.00s Real=0.01s
[63.733s][info][gc,start    ] GC(114) Pause Young (Mixed) (G1 Evacuation Pause)
[63.734s][info][gc,task     ] GC(114) Using 2 workers of 2 for evacuation
[63.751s][info][gc,phases   ] GC(114)   Pre Evacuate Collection Set: 0.20ms
[63.751s][info][gc,phases   ] GC(114)   Merge Heap Roots: 0.26ms
[63.751s][info][gc,phases   ] GC(114)   Evacuate Collection Set: 16.08ms
[63.751s][info][gc,phases   ] GC(114)   Post Evacuate Collection Set: 0.51ms
[63.751s][info][gc,phases   ] GC(114)   Other: 0.07ms
[63.751s][info][gc,heap     ] GC(114) Eden regions: 187->0(192)
[63.751s][info][gc,heap     ] GC(114) Survivor regions: 5->4(24)
[63.751s][info][gc,heap     ] GC(114) Old regions: 95->69
[63.751s][info][gc,heap     ] GC(114) Humongous regions: 1->1
[63.751s][info][gc,metaspace] GC(114) Metaspace: 35993K(36352K)->35993K(36352K) NonClass: 33546K(33792K)->33546K(33792K) Class: 2447K(2560K)->2447K(2560K)
[63.751s][info][gc          ] GC(114) Pause Young (Mixed) (G1 Evacuation Pause) 287M->73M(327M) 17.358ms
[63.751s][info][gc,cpu      ] GC(114) User=0.04s Sys=0.01s Real=0.01s
[63.905s][info][gc,start    ] GC(115) Pause Young (Concurrent Start) (G1 Humongous Allocation)
[63.905s][info][gc,task     ] GC(115) Using 2 workers of 2 for evacuation
[63.909s][info][gc,phases   ] GC(115)   Pre Evacuate Collection Set: 0.16ms
[63.909s][info][gc,phases   ] GC(115)   Merge Heap Roots: 0.04ms
[63.909s][info][gc,phases   ] GC(115)   Evacuate Collection Set: 3.35ms
[63.909s][info][gc,phases   ] GC(115)   Post Evacuate Collection Set: 0.29ms
[63.909s][info][gc,phases   ] GC(115)   Other: 0.12ms
[63.909s][info][gc,heap     ] GC(115) Eden regions: 83->0(193)
[63.909s][info][gc,heap     ] GC(115) Survivor regions: 4->3(25)
[63.909s][info][gc,heap     ] GC(115) Old regions: 69->69
[63.909s][info][gc,heap     ] GC(115) Humongous regions: 1->1
[63.909s][info][gc,metaspace] GC(115) Metaspace: 36127K(36544K)->36127K(36544K) NonClass: 33665K(33920K)->33665K(33920K) Class: 2462K(2624K)->2462K(2624K)
[63.909s][info][gc          ] GC(115) Pause Young (Concurrent Start) (G1 Humongous Allocation) 155M->72M(327M) 4.143ms
[63.909s][info][gc          ] GC(116) Concurrent Mark Cycle
[63.909s][info][gc,marking  ] GC(116) Concurrent Scan Root Regions
[63.910s][info][gc,cpu      ] GC(115) User=0.01s Sys=0.00s Real=0.00s
[63.910s][info][gc,marking  ] GC(116) Concurrent Scan Root Regions 1.424ms
[63.910s][info][gc,marking  ] GC(116) Concurrent Mark
[63.910s][info][gc,marking  ] GC(116) Concurrent Mark From Roots
[63.910s][info][gc,task     ] GC(116) Using 1 workers of 1 for marking
[63.982s][info][gc,marking  ] GC(116) Concurrent Mark From Roots 71.325ms
[63.982s][info][gc,marking  ] GC(116) Concurrent Preclean
[63.982s][info][gc,marking  ] GC(116) Concurrent Preclean 0.055ms
[63.982s][info][gc,start    ] GC(116) Pause Remark
[63.993s][info][gc          ] GC(116) Pause Remark 78M->72M(256M) 11.025ms
[63.993s][info][gc,cpu      ] GC(116) User=0.02s Sys=0.00s Real=0.01s
[63.993s][info][gc,marking  ] GC(116) Concurrent Mark 82.739ms
[63.993s][info][gc,marking  ] GC(116) Concurrent Rebuild Remembered Sets and Scrub Regions
[64.024s][info][gc,marking  ] GC(116) Concurrent Rebuild Remembered Sets and Scrub Regions 30.579ms
[64.024s][info][gc,start    ] GC(116) Pause Cleanup
[64.024s][info][gc          ] GC(116) Pause Cleanup 75M->75M(256M) 0.041ms
[64.024s][info][gc,cpu      ] GC(116) User=0.00s Sys=0.00s Real=0.00s
[64.024s][info][gc,marking  ] GC(116) Concurrent Clear Claimed Marks
[64.024s][info][gc,marking  ] GC(116) Concurrent Clear Claimed Marks 0.032ms
[64.024s][info][gc,marking  ] GC(116) Concurrent Cleanup for Next Mark
[64.025s][info][gc,marking  ] GC(116) Concurrent Cleanup for Next Mark 0.736ms
[64.025s][info][gc          ] GC(116) Concurrent Mark Cycle 115.807ms
[64.635s][info][gc,start    ] GC(117) Pause Young (Prepare Mixed) (G1 Evacuation Pause)
[64.635s][info][gc,task     ] GC(117) Using 2 workers of 2 for evacuation
[64.646s][info][gc,phases   ] GC(117)   Pre Evacuate Collection Set: 0.60ms
[64.646s][info][gc,phases   ] GC(117)   Merge Heap Roots: 0.08ms
[64.646s][info][gc,phases   ] GC(117)   Evacuate Collection Set: 9.52ms
[64.646s][info][gc,phases   ] GC(117)   Post Evacuate Collection Set: 0.75ms
[64.646s][info][gc,phases   ] GC(117)   Other: 0.09ms
[64.646s][info][gc,heap     ] GC(117) Eden regions: 71->0(186)
[64.646s][info][gc,heap     ] GC(117) Survivor regions: 3->8(24)
[64.647s][info][gc,heap     ] GC(117) Old regions: 63->63
[64.647s][info][gc,heap     ] GC(117) Humongous regions: 179->3
[64.647s][info][gc,metaspace] GC(117) Metaspace: 36584K(36928K)->36584K(36928K) NonClass: 34093K(34304K)->34093K(34304K) Class: 2490K(2624K)->2490K(2624K)
[64.647s][info][gc          ] GC(117) Pause Young (Prepare Mixed) (G1 Evacuation Pause) 315M->72M(324M) 11.226ms
[64.647s][info][gc,cpu      ] GC(117) User=0.02s Sys=0.00s Real=0.01s
[65.219s][info][gc,start    ] GC(118) Pause Young (Mixed) (G1 Evacuation Pause)
[65.219s][info][gc,task     ] GC(118) Using 2 workers of 2 for evacuation
[65.235s][info][gc,phases   ] GC(118)   Pre Evacuate Collection Set: 0.27ms
[65.235s][info][gc,phases   ] GC(118)   Merge Heap Roots: 0.06ms
[65.235s][info][gc,phases   ] GC(118)   Evacuate Collection Set: 14.70ms
[65.235s][info][gc,phases   ] GC(118)   Post Evacuate Collection Set: 0.63ms
[65.235s][info][gc,phases   ] GC(118)   Other: 0.09ms
[65.235s][info][gc,heap     ] GC(118) Eden regions: 46->0(227)
[65.235s][info][gc,heap     ] GC(118) Survivor regions: 8->11(28)
[65.235s][info][gc,heap     ] GC(118) Old regions: 63->58
[65.235s][info][gc,heap     ] GC(118) Humongous regions: 269->3
[65.235s][info][gc,metaspace] GC(118) Metaspace: 38133K(38528K)->38133K(38528K) NonClass: 35534K(35776K)->35534K(35776K) Class: 2598K(2752K)->2598K(2752K)
[65.235s][info][gc          ] GC(118) Pause Young (Mixed) (G1 Evacuation Pause) 384M->71M(398M) 15.946ms
[65.235s][info][gc,cpu      ] GC(118) User=0.02s Sys=0.01s Real=0.02s
[65.261s][info][gc,start    ] GC(119) Pause Young (Concurrent Start) (G1 Humongous Allocation)
[65.261s][info][gc,task     ] GC(119) Using 2 workers of 2 for evacuation
[65.271s][info][gc,phases   ] GC(119)   Pre Evacuate Collection Set: 0.25ms
[65.271s][info][gc,phases   ] GC(119)   Merge Heap Roots: 0.08ms
[65.271s][info][gc,phases   ] GC(119)   Evacuate Collection Set: 9.52ms
[65.271s][info][gc,phases   ] GC(119)   Post Evacuate Collection Set: 0.47ms
[65.271s][info][gc,phases   ] GC(119)   Other: 0.14ms
[65.271s][info][gc,heap     ] GC(119) Eden regions: 3->0(227)
[65.271s][info][gc,heap     ] GC(119) Survivor regions: 11->11(30)
[65.271s][info][gc,heap     ] GC(119) Old regions: 58->58
[65.271s][info][gc,heap     ] GC(119) Humongous regions: 21->1
[65.271s][info][gc,metaspace] GC(119) Metaspace: 38167K(38528K)->38167K(38528K) NonClass: 35568K(35776K)->35568K(35776K) Class: 2598K(2752K)->2598K(2752K)
[65.271s][info][gc          ] GC(119) Pause Young (Concurrent Start) (G1 Humongous Allocation) 91M->69M(398M) 10.626ms
[65.271s][info][gc,cpu      ] GC(119) User=0.01s Sys=0.00s Real=0.01s
[65.271s][info][gc          ] GC(120) Concurrent Undo Cycle
[65.271s][info][gc,marking  ] GC(120) Concurrent Clear Claimed Marks
[65.271s][info][gc,marking  ] GC(120) Concurrent Clear Claimed Marks 0.033ms
[65.271s][info][gc,marking  ] GC(120) Concurrent Cleanup for Next Mark
[65.271s][info][gc,marking  ] GC(120) Concurrent Cleanup for Next Mark 0.190ms
[65.272s][info][gc          ] GC(120) Concurrent Undo Cycle 0.261ms
[65.275s][info][gc,start    ] GC(121) Pause Young (Concurrent Start) (G1 Humongous Allocation)
[65.275s][info][gc,task     ] GC(121) Using 2 workers of 2 for evacuation
[65.287s][info][gc,phases   ] GC(121)   Pre Evacuate Collection Set: 0.28ms
[65.287s][info][gc,phases   ] GC(121)   Merge Heap Roots: 0.06ms
[65.287s][info][gc,phases   ] GC(121)   Evacuate Collection Set: 10.48ms
[65.287s][info][gc,phases   ] GC(121)   Post Evacuate Collection Set: 0.48ms
[65.287s][info][gc,phases   ] GC(121)   Other: 0.10ms
[65.287s][info][gc,heap     ] GC(121) Eden regions: 1->0(227)
[65.287s][info][gc,heap     ] GC(121) Survivor regions: 11->11(30)
[65.287s][info][gc,heap     ] GC(121) Old regions: 58->58
[65.287s][info][gc,heap     ] GC(121) Humongous regions: 3->1
[65.287s][info][gc,metaspace] GC(121) Metaspace: 38167K(38528K)->38167K(38528K) NonClass: 35568K(35776K)->35568K(35776K) Class: 2598K(2752K)->2598K(2752K)
[65.287s][info][gc          ] GC(121) Pause Young (Concurrent Start) (G1 Humongous Allocation) 71M->69M(398M) 11.550ms
[65.287s][info][gc          ] GC(122) Concurrent Mark Cycle
[65.287s][info][gc,marking  ] GC(122) Concurrent Scan Root Regions
[65.287s][info][gc,cpu      ] GC(121) User=0.02s Sys=0.00s Real=0.01s
[65.292s][info][gc,marking  ] GC(122) Concurrent Scan Root Regions 5.748ms
[65.293s][info][gc,marking  ] GC(122) Concurrent Mark
[65.293s][info][gc,marking  ] GC(122) Concurrent Mark From Roots
[65.293s][info][gc,task     ] GC(122) Using 1 workers of 1 for marking
[65.382s][info][gc,marking  ] GC(122) Concurrent Mark From Roots 89.207ms
[65.382s][info][gc,marking  ] GC(122) Concurrent Preclean
[65.382s][info][gc,marking  ] GC(122) Concurrent Preclean 0.078ms
[65.383s][info][gc,start    ] GC(122) Pause Remark
[65.396s][info][gc          ] GC(122) Pause Remark 145M->145M(398M) 13.133ms
[65.396s][info][gc,cpu      ] GC(122) User=0.02s Sys=0.00s Real=0.01s
[65.397s][info][gc,marking  ] GC(122) Concurrent Mark 104.054ms
[65.397s][info][gc,marking  ] GC(122) Concurrent Rebuild Remembered Sets and Scrub Regions
[65.456s][info][gc,marking  ] GC(122) Concurrent Rebuild Remembered Sets and Scrub Regions 59.314ms
[65.456s][info][gc,start    ] GC(122) Pause Cleanup
[65.456s][info][gc          ] GC(122) Pause Cleanup 171M->171M(398M) 0.051ms
[65.456s][info][gc,cpu      ] GC(122) User=0.00s Sys=0.00s Real=0.00s
[65.458s][info][gc,marking  ] GC(122) Concurrent Clear Claimed Marks
[65.458s][info][gc,marking  ] GC(122) Concurrent Clear Claimed Marks 0.052ms
[65.458s][info][gc,marking  ] GC(122) Concurrent Cleanup for Next Mark
[65.462s][info][gc,marking  ] GC(122) Concurrent Cleanup for Next Mark 4.466ms
[65.462s][info][gc          ] GC(122) Concurrent Mark Cycle 175.665ms
[65.924s][info][gc,start    ] GC(123) Pause Young (Prepare Mixed) (G1 Evacuation Pause)
[65.924s][info][gc,task     ] GC(123) Using 2 workers of 2 for evacuation
[65.962s][info][gc,phases   ] GC(123)   Pre Evacuate Collection Set: 0.30ms
[65.962s][info][gc,phases   ] GC(123)   Merge Heap Roots: 0.07ms
[65.962s][info][gc,phases   ] GC(123)   Evacuate Collection Set: 35.12ms
[65.962s][info][gc,phases   ] GC(123)   Post Evacuate Collection Set: 2.18ms
[65.962s][info][gc,phases   ] GC(123)   Other: 0.08ms
[65.962s][info][gc,heap     ] GC(123) Eden regions: 58->0(264)
[65.962s][info][gc,heap     ] GC(123) Survivor regions: 11->19(34)
[65.962s][info][gc,heap     ] GC(123) Old regions: 58->58
[65.962s][info][gc,heap     ] GC(123) Humongous regions: 327->3
[65.962s][info][gc,metaspace] GC(123) Metaspace: 38322K(38720K)->38322K(38720K) NonClass: 35723K(35968K)->35723K(35968K) Class: 2598K(2752K)->2598K(2752K)
[65.962s][info][gc          ] GC(123) Pause Young (Prepare Mixed) (G1 Evacuation Pause) 453M->78M(473M) 37.974ms
[65.962s][info][gc,cpu      ] GC(123) User=0.06s Sys=0.01s Real=0.04s
[66.743s][info][gc,start    ] GC(124) Pause Young (Mixed) (G1 Evacuation Pause)
[66.743s][info][gc,task     ] GC(124) Using 2 workers of 2 for evacuation
[66.788s][info][gc,phases   ] GC(124)   Pre Evacuate Collection Set: 0.36ms
[66.788s][info][gc,phases   ] GC(124)   Merge Heap Roots: 0.19ms
[66.788s][info][gc,phases   ] GC(124)   Evacuate Collection Set: 42.96ms
[66.788s][info][gc,phases   ] GC(124)   Post Evacuate Collection Set: 0.91ms
[66.788s][info][gc,phases   ] GC(124)   Other: 0.13ms
[66.788s][info][gc,heap     ] GC(124) Eden regions: 79->0(333)
[66.788s][info][gc,heap     ] GC(124) Survivor regions: 19->28(41)
[66.788s][info][gc,heap     ] GC(124) Old regions: 58->55
[66.788s][info][gc,heap     ] GC(124) Humongous regions: 417->3
[66.788s][info][gc,metaspace] GC(124) Metaspace: 38396K(38784K)->38396K(38784K) NonClass: 35797K(36032K)->35797K(36032K) Class: 2598K(2752K)->2598K(2752K)
[66.788s][info][gc          ] GC(124) Pause Young (Mixed) (G1 Evacuation Pause) 571M->84M(603M) 44.765ms
[66.788s][info][gc,cpu      ] GC(124) User=0.06s Sys=0.02s Real=0.04s
[67.433s][info][gc,start    ] GC(125) Pause Young (Concurrent Start) (G1 Humongous Allocation)
[67.433s][info][gc,task     ] GC(125) Using 2 workers of 2 for evacuation
[67.441s][info][gc,phases   ] GC(125)   Pre Evacuate Collection Set: 0.29ms
[67.441s][info][gc,phases   ] GC(125)   Merge Heap Roots: 0.07ms
[67.441s][info][gc,phases   ] GC(125)   Evacuate Collection Set: 6.81ms
[67.441s][info][gc,phases   ] GC(125)   Post Evacuate Collection Set: 0.43ms
[67.441s][info][gc,phases   ] GC(125)   Other: 0.13ms
[67.441s][info][gc,heap     ] GC(125) Eden regions: 74->0(356)
[67.441s][info][gc,heap     ] GC(125) Survivor regions: 28->5(46)
[67.441s][info][gc,heap     ] GC(125) Old regions: 55->58
[67.441s][info][gc,heap     ] GC(125) Humongous regions: 141->1
[67.441s][info][gc,metaspace] GC(125) Metaspace: 38813K(39168K)->38813K(39168K) NonClass: 36148K(36352K)->36148K(36352K) Class: 2665K(2816K)->2665K(2816K)
[67.441s][info][gc          ] GC(125) Pause Young (Concurrent Start) (G1 Humongous Allocation) 296M->62M(603M) 7.927ms
[67.441s][info][gc          ] GC(126) Concurrent Undo Cycle
[67.441s][info][gc,marking  ] GC(126) Concurrent Clear Claimed Marks
[67.441s][info][gc,marking  ] GC(126) Concurrent Clear Claimed Marks 0.029ms
[67.441s][info][gc,marking  ] GC(126) Concurrent Cleanup for Next Mark
[67.441s][info][gc,cpu      ] GC(125) User=0.01s Sys=0.00s Real=0.00s
[67.443s][info][gc,marking  ] GC(126) Concurrent Cleanup for Next Mark 1.737ms
[67.443s][info][gc          ] GC(126) Concurrent Undo Cycle 1.804ms
[69.259s][info][gc,start    ] GC(127) Pause Young (Normal) (G1 Evacuation Pause)
[69.259s][info][gc,task     ] GC(127) Using 2 workers of 2 for evacuation
[69.272s][info][gc,phases   ] GC(127)   Pre Evacuate Collection Set: 0.32ms
[69.272s][info][gc,phases   ] GC(127)   Merge Heap Roots: 0.09ms
[69.272s][info][gc,phases   ] GC(127)   Evacuate Collection Set: 10.73ms
[69.272s][info][gc,phases   ] GC(127)   Post Evacuate Collection Set: 0.95ms
[69.272s][info][gc,phases   ] GC(127)   Other: 0.13ms
[69.272s][info][gc,heap     ] GC(127) Eden regions: 356->0(350)
[69.272s][info][gc,heap     ] GC(127) Survivor regions: 5->11(46)
[69.272s][info][gc,heap     ] GC(127) Old regions: 58->58
[69.272s][info][gc,heap     ] GC(127) Humongous regions: 43->1
[69.272s][info][gc,metaspace] GC(127) Metaspace: 39443K(39808K)->39443K(39808K) NonClass: 36754K(36992K)->36754K(36992K) Class: 2688K(2816K)->2688K(2816K)
[69.272s][info][gc          ] GC(127) Pause Young (Normal) (G1 Evacuation Pause) 460M->68M(603M) 12.426ms
[69.272s][info][gc,cpu      ] GC(127) User=0.02s Sys=0.00s Real=0.02s
[70.246s][info][gc,start    ] GC(128) Pause Young (Normal) (G1 Evacuation Pause)
[70.246s][info][gc,task     ] GC(128) Using 2 workers of 2 for evacuation
[70.260s][info][gc,phases   ] GC(128)   Pre Evacuate Collection Set: 0.25ms
[70.260s][info][gc,phases   ] GC(128)   Merge Heap Roots: 0.15ms
[70.260s][info][gc,phases   ] GC(128)   Evacuate Collection Set: 10.38ms
[70.260s][info][gc,phases   ] GC(128)   Post Evacuate Collection Set: 2.92ms
[70.260s][info][gc,phases   ] GC(128)   Other: 0.12ms
[70.260s][info][gc,heap     ] GC(128) Eden regions: 350->0(350)
[70.260s][info][gc,heap     ] GC(128) Survivor regions: 11->11(46)
[70.260s][info][gc,heap     ] GC(128) Old regions: 58->58
[70.260s][info][gc,heap     ] GC(128) Humongous regions: 1->1
[70.260s][info][gc,metaspace] GC(128) Metaspace: 39480K(39808K)->39480K(39808K) NonClass: 36791K(36992K)->36791K(36992K) Class: 2689K(2816K)->2689K(2816K)
[70.260s][info][gc          ] GC(128) Pause Young (Normal) (G1 Evacuation Pause) 418M->68M(603M) 14.023ms
[70.260s][info][gc,cpu      ] GC(128) User=0.03s Sys=0.00s Real=0.01s
[71.852s][info][gc,start    ] GC(129) Pause Young (Normal) (G1 Evacuation Pause)
[71.852s][info][gc,task     ] GC(129) Using 2 workers of 2 for evacuation
[71.860s][info][gc,phases   ] GC(129)   Pre Evacuate Collection Set: 0.24ms
[71.860s][info][gc,phases   ] GC(129)   Merge Heap Roots: 0.09ms
[71.860s][info][gc,phases   ] GC(129)   Evacuate Collection Set: 7.35ms
[71.860s][info][gc,phases   ] GC(129)   Post Evacuate Collection Set: 0.67ms
[71.860s][info][gc,phases   ] GC(129)   Other: 0.12ms
[71.860s][info][gc,heap     ] GC(129) Eden regions: 350->0(351)
[71.860s][info][gc,heap     ] GC(129) Survivor regions: 11->10(46)
[71.860s][info][gc,heap     ] GC(129) Old regions: 58->58
[71.860s][info][gc,heap     ] GC(129) Humongous regions: 1->1
[71.860s][info][gc,metaspace] GC(129) Metaspace: 40329K(40768K)->40329K(40768K) NonClass: 37542K(37824K)->37542K(37824K) Class: 2786K(2944K)->2786K(2944K)
[71.860s][info][gc          ] GC(129) Pause Young (Normal) (G1 Evacuation Pause) 418M->67M(603M) 8.672ms
[71.860s][info][gc,cpu      ] GC(129) User=0.02s Sys=0.00s Real=0.01s
[73.676s][info][gc,start    ] GC(130) Pause Young (Normal) (G1 Evacuation Pause)
[73.676s][info][gc,task     ] GC(130) Using 2 workers of 2 for evacuation
[73.686s][info][gc,phases   ] GC(130)   Pre Evacuate Collection Set: 0.23ms
[73.686s][info][gc,phases   ] GC(130)   Merge Heap Roots: 0.10ms
[73.686s][info][gc,phases   ] GC(130)   Evacuate Collection Set: 8.22ms
[73.686s][info][gc,phases   ] GC(130)   Post Evacuate Collection Set: 1.46ms
[73.686s][info][gc,phases   ] GC(130)   Other: 0.11ms
[73.686s][info][gc,heap     ] GC(130) Eden regions: 351->0(354)
[73.686s][info][gc,heap     ] GC(130) Survivor regions: 10->7(46)
[73.686s][info][gc,heap     ] GC(130) Old regions: 58->58
[73.686s][info][gc,heap     ] GC(130) Humongous regions: 1->1
[73.686s][info][gc,metaspace] GC(130) Metaspace: 40524K(40896K)->40524K(40896K) NonClass: 37731K(37952K)->37731K(37952K) Class: 2792K(2944K)->2792K(2944K)
[73.686s][info][gc          ] GC(130) Pause Young (Normal) (G1 Evacuation Pause) 418M->64M(603M) 10.309ms
[73.686s][info][gc,cpu      ] GC(130) User=0.02s Sys=0.00s Real=0.01s
[75.882s][info][gc,start    ] GC(131) Pause Young (Normal) (G1 Evacuation Pause)
[75.882s][info][gc,task     ] GC(131) Using 2 workers of 2 for evacuation
[75.919s][info][gc,phases   ] GC(131)   Pre Evacuate Collection Set: 0.35ms
[75.919s][info][gc,phases   ] GC(131)   Merge Heap Roots: 0.21ms
[75.919s][info][gc,phases   ] GC(131)   Evacuate Collection Set: 35.54ms
[75.919s][info][gc,phases   ] GC(131)   Post Evacuate Collection Set: 0.77ms
[75.919s][info][gc,phases   ] GC(131)   Other: 0.13ms
[75.919s][info][gc,heap     ] GC(131) Eden regions: 354->0(329)
[75.919s][info][gc,heap     ] GC(131) Survivor regions: 7->32(46)
[75.919s][info][gc,heap     ] GC(131) Old regions: 58->58
[75.919s][info][gc,heap     ] GC(131) Humongous regions: 14->4
[75.919s][info][gc,metaspace] GC(131) Metaspace: 40919K(41280K)->40919K(41280K) NonClass: 38105K(38336K)->38105K(38336K) Class: 2814K(2944K)->2814K(2944K)
[75.919s][info][gc          ] GC(131) Pause Young (Normal) (G1 Evacuation Pause) 431M->92M(603M) 37.221ms
[75.919s][info][gc,cpu      ] GC(131) User=0.07s Sys=0.00s Real=0.03s
[77.017s][info][gc,start    ] GC(132) Pause Young (Normal) (G1 Evacuation Pause)
[77.017s][info][gc,task     ] GC(132) Using 2 workers of 2 for evacuation
[77.087s][info][gc,phases   ] GC(132)   Pre Evacuate Collection Set: 0.27ms
[77.087s][info][gc,phases   ] GC(132)   Merge Heap Roots: 0.17ms
[77.087s][info][gc,phases   ] GC(132)   Evacuate Collection Set: 68.53ms
[77.087s][info][gc,phases   ] GC(132)   Post Evacuate Collection Set: 0.82ms
[77.087s][info][gc,phases   ] GC(132)   Other: 0.09ms
[77.087s][info][gc,heap     ] GC(132) Eden regions: 329->0(325)
[77.087s][info][gc,heap     ] GC(132) Survivor regions: 32->36(46)
[77.087s][info][gc,heap     ] GC(132) Old regions: 58->90
[77.087s][info][gc,heap     ] GC(132) Humongous regions: 6->6
[77.087s][info][gc,metaspace] GC(132) Metaspace: 40942K(41344K)->40942K(41344K) NonClass: 38128K(38400K)->38128K(38400K) Class: 2814K(2944K)->2814K(2944K)
[77.087s][info][gc          ] GC(132) Pause Young (Normal) (G1 Evacuation Pause) 423M->130M(603M) 70.091ms
[77.087s][info][gc,cpu      ] GC(132) User=0.14s Sys=0.00s Real=0.07s
[81.066s][info][gc,start    ] GC(133) Pause Young (Normal) (G1 Evacuation Pause)
[81.066s][info][gc,task     ] GC(133) Using 2 workers of 2 for evacuation
[81.139s][info][gc,phases   ] GC(133)   Pre Evacuate Collection Set: 0.31ms
[81.139s][info][gc,phases   ] GC(133)   Merge Heap Roots: 0.16ms
[81.139s][info][gc,phases   ] GC(133)   Evacuate Collection Set: 71.78ms
[81.139s][info][gc,phases   ] GC(133)   Post Evacuate Collection Set: 0.63ms
[81.139s][info][gc,phases   ] GC(133)   Other: 0.08ms
[81.139s][info][gc,heap     ] GC(133) Eden regions: 325->0(330)
[81.139s][info][gc,heap     ] GC(133) Survivor regions: 36->31(46)
[81.139s][info][gc,heap     ] GC(133) Old regions: 90->125
[81.139s][info][gc,heap     ] GC(133) Humongous regions: 13->8
[81.139s][info][gc,metaspace] GC(133) Metaspace: 41022K(41408K)->41022K(41408K) NonClass: 38208K(38464K)->38208K(38464K) Class: 2814K(2944K)->2814K(2944K)
[81.139s][info][gc          ] GC(133) Pause Young (Normal) (G1 Evacuation Pause) 462M->162M(603M) 73.154ms
[81.139s][info][gc,cpu      ] GC(133) User=0.14s Sys=0.00s Real=0.07s
[82.338s][info][gc,start    ] GC(134) Pause Young (Normal) (G1 Evacuation Pause)
[82.338s][info][gc,task     ] GC(134) Using 2 workers of 2 for evacuation
[82.385s][info][gc,phases   ] GC(134)   Pre Evacuate Collection Set: 0.26ms
[82.386s][info][gc,phases   ] GC(134)   Merge Heap Roots: 0.18ms
[82.386s][info][gc,phases   ] GC(134)   Evacuate Collection Set: 46.01ms
[82.386s][info][gc,phases   ] GC(134)   Post Evacuate Collection Set: 0.60ms
[82.386s][info][gc,phases   ] GC(134)   Other: 0.08ms
[82.386s][info][gc,heap     ] GC(134) Eden regions: 330->0(342)
[82.386s][info][gc,heap     ] GC(134) Survivor regions: 31->18(46)
[82.386s][info][gc,heap     ] GC(134) Old regions: 125->155
[82.386s][info][gc,heap     ] GC(134) Humongous regions: 10->10
[82.386s][info][gc,metaspace] GC(134) Metaspace: 41181K(41536K)->41181K(41536K) NonClass: 38367K(38592K)->38367K(38592K) Class: 2814K(2944K)->2814K(2944K)
[82.386s][info][gc          ] GC(134) Pause Young (Normal) (G1 Evacuation Pause) 494M->181M(603M) 47.345ms
[82.386s][info][gc,cpu      ] GC(134) User=0.10s Sys=0.00s Real=0.05s
[82.406s][info][gc,start    ] GC(135) Pause Young (Concurrent Start) (G1 Humongous Allocation)
[82.406s][info][gc,task     ] GC(135) Using 2 workers of 2 for evacuation
[82.422s][info][gc,phases   ] GC(135)   Pre Evacuate Collection Set: 0.24ms
[82.422s][info][gc,phases   ] GC(135)   Merge Heap Roots: 0.05ms
[82.422s][info][gc,phases   ] GC(135)   Evacuate Collection Set: 15.21ms
[82.422s][info][gc,phases   ] GC(135)   Post Evacuate Collection Set: 0.30ms
[82.422s][info][gc,phases   ] GC(135)   Other: 0.08ms
[82.422s][info][gc,heap     ] GC(135) Eden regions: 8->0(337)
[82.422s][info][gc,heap     ] GC(135) Survivor regions: 18->19(45)
[82.422s][info][gc,heap     ] GC(135) Old regions: 155->155
[82.422s][info][gc,heap     ] GC(135) Humongous regions: 10->10
[82.422s][info][gc,metaspace] GC(135) Metaspace: 41181K(41536K)->41181K(41536K) NonClass: 38367K(38592K)->38367K(38592K) Class: 2814K(2944K)->2814K(2944K)
[82.422s][info][gc          ] GC(135) Pause Young (Concurrent Start) (G1 Humongous Allocation) 189M->182M(603M) 16.044ms
[82.422s][info][gc          ] GC(136) Concurrent Mark Cycle
[82.422s][info][gc,marking  ] GC(136) Concurrent Scan Root Regions
[82.424s][info][gc,cpu      ] GC(135) User=0.03s Sys=0.00s Real=0.02s
[82.432s][info][gc,marking  ] GC(136) Concurrent Scan Root Regions 10.476ms
[82.432s][info][gc,marking  ] GC(136) Concurrent Mark
[82.432s][info][gc,marking  ] GC(136) Concurrent Mark From Roots
[82.432s][info][gc,task     ] GC(136) Using 1 workers of 1 for marking
[82.460s][info][gc,marking  ] GC(136) Concurrent Mark From Roots 27.727ms
[82.460s][info][gc,marking  ] GC(136) Concurrent Preclean
[82.460s][info][gc,marking  ] GC(136) Concurrent Preclean 0.142ms
[82.460s][info][gc,start    ] GC(136) Pause Remark
[82.480s][info][gc          ] GC(136) Pause Remark 197M->97M(284M) 19.438ms
[82.480s][info][gc,cpu      ] GC(136) User=0.04s Sys=0.00s Real=0.02s
[82.480s][info][gc,marking  ] GC(136) Concurrent Mark 47.575ms
[82.480s][info][gc,marking  ] GC(136) Concurrent Rebuild Remembered Sets and Scrub Regions
[82.503s][info][gc,marking  ] GC(136) Concurrent Rebuild Remembered Sets and Scrub Regions 22.899ms
[82.503s][info][gc,start    ] GC(136) Pause Cleanup
[82.503s][info][gc          ] GC(136) Pause Cleanup 107M->107M(284M) 0.045ms
[82.503s][info][gc,cpu      ] GC(136) User=0.00s Sys=0.00s Real=0.00s
[82.503s][info][gc,marking  ] GC(136) Concurrent Clear Claimed Marks
[82.503s][info][gc,marking  ] GC(136) Concurrent Clear Claimed Marks 0.032ms
[82.503s][info][gc,marking  ] GC(136) Concurrent Cleanup for Next Mark
[82.504s][info][gc,marking  ] GC(136) Concurrent Cleanup for Next Mark 1.143ms
[82.504s][info][gc          ] GC(136) Concurrent Mark Cycle 82.439ms
[82.784s][info][gc,start    ] GC(137) Pause Young (Prepare Mixed) (G1 Evacuation Pause)
[82.784s][info][gc,task     ] GC(137) Using 2 workers of 2 for evacuation
[82.820s][info][gc,phases   ] GC(137)   Pre Evacuate Collection Set: 0.16ms
[82.820s][info][gc,phases   ] GC(137)   Merge Heap Roots: 0.07ms
[82.820s][info][gc,phases   ] GC(137)   Evacuate Collection Set: 34.47ms
[82.820s][info][gc,phases   ] GC(137)   Post Evacuate Collection Set: 0.39ms
[82.820s][info][gc,phases   ] GC(137)   Other: 0.07ms
[82.820s][info][gc,heap     ] GC(137) Eden regions: 151->0(141)
[82.820s][info][gc,heap     ] GC(137) Survivor regions: 19->20(22)
[82.820s][info][gc,heap     ] GC(137) Old regions: 62->80
[82.820s][info][gc,heap     ] GC(137) Humongous regions: 4->4
[82.820s][info][gc,metaspace] GC(137) Metaspace: 41181K(41536K)->41181K(41536K) NonClass: 38367K(38592K)->38367K(38592K) Class: 2814K(2944K)->2814K(2944K)
[82.820s][info][gc          ] GC(137) Pause Young (Prepare Mixed) (G1 Evacuation Pause) 234M->102M(284M) 35.402ms
[82.820s][info][gc,cpu      ] GC(137) User=0.07s Sys=0.00s Real=0.03s
[83.139s][info][gc,start    ] GC(138) Pause Young (Mixed) (G1 Evacuation Pause)
[83.139s][info][gc,task     ] GC(138) Using 2 workers of 2 for evacuation
[83.177s][info][gc,phases   ] GC(138)   Pre Evacuate Collection Set: 0.16ms
[83.177s][info][gc,phases   ] GC(138)   Merge Heap Roots: 0.11ms
[83.177s][info][gc,phases   ] GC(138)   Evacuate Collection Set: 37.49ms
[83.177s][info][gc,phases   ] GC(138)   Post Evacuate Collection Set: 0.44ms
[83.177s][info][gc,phases   ] GC(138)   Other: 0.09ms
[83.177s][info][gc,heap     ] GC(138) Eden regions: 141->0(140)
[83.177s][info][gc,heap     ] GC(138) Survivor regions: 20->17(21)
[83.177s][info][gc,heap     ] GC(138) Old regions: 80->81
[83.177s][info][gc,heap     ] GC(138) Humongous regions: 6->6
[83.177s][info][gc,metaspace] GC(138) Metaspace: 41182K(41536K)->41182K(41536K) NonClass: 38368K(38592K)->38368K(38592K) Class: 2814K(2944K)->2814K(2944K)
[83.178s][info][gc          ] GC(138) Pause Young (Mixed) (G1 Evacuation Pause) 245M->102M(284M) 38.485ms
[83.178s][info][gc,cpu      ] GC(138) User=0.08s Sys=0.00s Real=0.04s
[83.477s][info][gc,start    ] GC(139) Pause Young (Concurrent Start) (G1 Humongous Allocation)
[83.477s][info][gc,task     ] GC(139) Using 2 workers of 2 for evacuation
[83.510s][info][gc,phases   ] GC(139)   Pre Evacuate Collection Set: 0.17ms
[83.510s][info][gc,phases   ] GC(139)   Merge Heap Roots: 0.08ms
[83.510s][info][gc,phases   ] GC(139)   Evacuate Collection Set: 31.81ms
[83.510s][info][gc,phases   ] GC(139)   Post Evacuate Collection Set: 0.38ms
[83.510s][info][gc,phases   ] GC(139)   Other: 0.11ms
[83.510s][info][gc,heap     ] GC(139) Eden regions: 136->0(128)
[83.510s][info][gc,heap     ] GC(139) Survivor regions: 17->16(20)
[83.510s][info][gc,heap     ] GC(139) Old regions: 81->98
[83.510s][info][gc,heap     ] GC(139) Humongous regions: 6->6
[83.510s][info][gc,metaspace] GC(139) Metaspace: 41182K(41536K)->41182K(41536K) NonClass: 38368K(38592K)->38368K(38592K) Class: 2814K(2944K)->2814K(2944K)
[83.510s][info][gc          ] GC(139) Pause Young (Concurrent Start) (G1 Humongous Allocation) 238M->119M(284M) 32.732ms
[83.510s][info][gc,cpu      ] GC(139) User=0.07s Sys=0.00s Real=0.03s
[83.510s][info][gc          ] GC(140) Concurrent Mark Cycle
[83.510s][info][gc,marking  ] GC(140) Concurrent Scan Root Regions
[83.536s][info][gc,marking  ] GC(140) Concurrent Scan Root Regions 25.551ms
[83.536s][info][gc,marking  ] GC(140) Concurrent Mark
[83.536s][info][gc,marking  ] GC(140) Concurrent Mark From Roots
[83.536s][info][gc,task     ] GC(140) Using 1 workers of 1 for marking
[83.608s][info][gc,marking  ] GC(140) Concurrent Mark From Roots 71.934ms
[83.608s][info][gc,marking  ] GC(140) Concurrent Preclean
[83.608s][info][gc,marking  ] GC(140) Concurrent Preclean 0.033ms
[83.608s][info][gc,start    ] GC(140) Pause Remark
[83.627s][info][gc          ] GC(140) Pause Remark 151M->150M(284M) 19.368ms
[83.627s][info][gc,cpu      ] GC(140) User=0.04s Sys=0.00s Real=0.02s
[83.628s][info][gc,marking  ] GC(140) Concurrent Mark 91.679ms
[83.628s][info][gc,marking  ] GC(140) Concurrent Rebuild Remembered Sets and Scrub Regions
[83.694s][info][gc,marking  ] GC(140) Concurrent Rebuild Remembered Sets and Scrub Regions 66.300ms
[83.694s][info][gc,start    ] GC(140) Pause Cleanup
[83.694s][info][gc          ] GC(140) Pause Cleanup 183M->183M(284M) 0.052ms
[83.694s][info][gc,cpu      ] GC(140) User=0.00s Sys=0.00s Real=0.00s
[83.694s][info][gc,marking  ] GC(140) Concurrent Clear Claimed Marks
[83.694s][info][gc,marking  ] GC(140) Concurrent Clear Claimed Marks 0.033ms
[83.694s][info][gc,marking  ] GC(140) Concurrent Cleanup for Next Mark
[83.695s][info][gc,marking  ] GC(140) Concurrent Cleanup for Next Mark 0.843ms
[83.695s][info][gc          ] GC(140) Concurrent Mark Cycle 184.780ms
[83.858s][info][gc,start    ] GC(141) Pause Young (Prepare Mixed) (G1 Evacuation Pause)
[83.858s][info][gc,task     ] GC(141) Using 2 workers of 2 for evacuation
[83.895s][info][gc,phases   ] GC(141)   Pre Evacuate Collection Set: 0.16ms
[83.895s][info][gc,phases   ] GC(141)   Merge Heap Roots: 0.12ms
[83.895s][info][gc,phases   ] GC(141)   Evacuate Collection Set: 36.63ms
[83.895s][info][gc,phases   ] GC(141)   Post Evacuate Collection Set: 0.36ms
[83.895s][info][gc,phases   ] GC(141)   Other: 0.11ms
[83.895s][info][gc,heap     ] GC(141) Eden regions: 128->0(114)
[83.895s][info][gc,heap     ] GC(141) Survivor regions: 16->15(18)
[83.895s][info][gc,heap     ] GC(141) Old regions: 98->114
[83.895s][info][gc,heap     ] GC(141) Humongous regions: 9->9
[83.895s][info][gc,metaspace] GC(141) Metaspace: 41182K(41536K)->41182K(41536K) NonClass: 38368K(38592K)->38368K(38592K) Class: 2814K(2944K)->2814K(2944K)
[83.895s][info][gc          ] GC(141) Pause Young (Prepare Mixed) (G1 Evacuation Pause) 250M->136M(284M) 37.593ms
[83.895s][info][gc,cpu      ] GC(141) User=0.07s Sys=0.00s Real=0.04s
[85.015s][info][gc,start    ] GC(142) Pause Young (Mixed) (G1 Evacuation Pause)
[85.015s][info][gc,task     ] GC(142) Using 2 workers of 2 for evacuation
[85.055s][info][gc,phases   ] GC(142)   Pre Evacuate Collection Set: 0.55ms
[85.055s][info][gc,phases   ] GC(142)   Merge Heap Roots: 0.37ms
[85.055s][info][gc,phases   ] GC(142)   Evacuate Collection Set: 39.04ms
[85.055s][info][gc,phases   ] GC(142)   Post Evacuate Collection Set: 0.56ms
[85.055s][info][gc,phases   ] GC(142)   Other: 0.09ms
[85.055s][info][gc,heap     ] GC(142) Eden regions: 114->0(115)
[85.055s][info][gc,heap     ] GC(142) Survivor regions: 15->12(17)
[85.055s][info][gc,heap     ] GC(142) Old regions: 114->112
[85.055s][info][gc,heap     ] GC(142) Humongous regions: 17->15
[85.055s][info][gc,metaspace] GC(142) Metaspace: 41187K(41536K)->41187K(41536K) NonClass: 38373K(38592K)->38373K(38592K) Class: 2814K(2944K)->2814K(2944K)
[85.055s][info][gc          ] GC(142) Pause Young (Mixed) (G1 Evacuation Pause) 258M->138M(287M) 40.785ms
[85.055s][info][gc,cpu      ] GC(142) User=0.07s Sys=0.00s Real=0.04s
[85.607s][info][gc,start    ] GC(143) Pause Young (Concurrent Start) (G1 Evacuation Pause)
[85.607s][info][gc,task     ] GC(143) Using 2 workers of 2 for evacuation
[85.629s][info][gc,phases   ] GC(143)   Pre Evacuate Collection Set: 0.18ms
[85.629s][info][gc,phases   ] GC(143)   Merge Heap Roots: 0.13ms
[85.629s][info][gc,phases   ] GC(143)   Evacuate Collection Set: 21.50ms
[85.629s][info][gc,phases   ] GC(143)   Post Evacuate Collection Set: 0.36ms
[85.629s][info][gc,phases   ] GC(143)   Other: 0.12ms
[85.629s][info][gc,heap     ] GC(143) Eden regions: 115->0(111)
[85.629s][info][gc,heap     ] GC(143) Survivor regions: 12->7(16)
[85.629s][info][gc,heap     ] GC(143) Old regions: 112->122
[85.629s][info][gc,heap     ] GC(143) Humongous regions: 15->15
[85.629s][info][gc,metaspace] GC(143) Metaspace: 41189K(41536K)->41189K(41536K) NonClass: 38374K(38592K)->38374K(38592K) Class: 2814K(2944K)->2814K(2944K)
[85.629s][info][gc          ] GC(143) Pause Young (Concurrent Start) (G1 Evacuation Pause) 253M->143M(287M) 22.448ms
[85.629s][info][gc          ] GC(144) Concurrent Mark Cycle
[85.629s][info][gc,marking  ] GC(144) Concurrent Scan Root Regions
[85.630s][info][gc,cpu      ] GC(143) User=0.05s Sys=0.00s Real=0.02s
[85.646s][info][gc,marking  ] GC(144) Concurrent Scan Root Regions 16.496ms
[85.646s][info][gc,marking  ] GC(144) Concurrent Mark
[85.646s][info][gc,marking  ] GC(144) Concurrent Mark From Roots
[85.646s][info][gc,task     ] GC(144) Using 1 workers of 1 for marking
[85.711s][info][gc,marking  ] GC(144) Concurrent Mark From Roots 65.694ms
[85.711s][info][gc,marking  ] GC(144) Concurrent Preclean
[85.711s][info][gc,marking  ] GC(144) Concurrent Preclean 0.048ms
[85.711s][info][gc,start    ] GC(144) Pause Remark
[85.728s][info][gc          ] GC(144) Pause Remark 149M->121M(287M) 16.910ms
[85.728s][info][gc,cpu      ] GC(144) User=0.04s Sys=0.00s Real=0.02s
[85.730s][info][gc,marking  ] GC(144) Concurrent Mark 84.703ms
[85.730s][info][gc,marking  ] GC(144) Concurrent Rebuild Remembered Sets and Scrub Regions
[85.778s][info][gc,marking  ] GC(144) Concurrent Rebuild Remembered Sets and Scrub Regions 47.609ms
[85.778s][info][gc,start    ] GC(144) Pause Cleanup
[85.778s][info][gc          ] GC(144) Pause Cleanup 128M->128M(287M) 0.069ms
[85.778s][info][gc,cpu      ] GC(144) User=0.00s Sys=0.00s Real=0.00s
[85.779s][info][gc,marking  ] GC(144) Concurrent Clear Claimed Marks
[85.779s][info][gc,marking  ] GC(144) Concurrent Clear Claimed Marks 0.050ms
[85.779s][info][gc,marking  ] GC(144) Concurrent Cleanup for Next Mark
[85.780s][info][gc,marking  ] GC(144) Concurrent Cleanup for Next Mark 0.935ms
[85.780s][info][gc          ] GC(144) Concurrent Mark Cycle 151.225ms
[86.432s][info][gc,start    ] GC(145) Pause Young (Prepare Mixed) (G1 Evacuation Pause)
[86.432s][info][gc,task     ] GC(145) Using 2 workers of 2 for evacuation
[86.445s][info][gc,phases   ] GC(145)   Pre Evacuate Collection Set: 0.17ms
[86.445s][info][gc,phases   ] GC(145)   Merge Heap Roots: 0.05ms
[86.445s][info][gc,phases   ] GC(145)   Evacuate Collection Set: 12.03ms
[86.445s][info][gc,phases   ] GC(145)   Post Evacuate Collection Set: 0.35ms
[86.445s][info][gc,phases   ] GC(145)   Other: 0.09ms
[86.445s][info][gc,heap     ] GC(145) Eden regions: 111->0(128)
[86.445s][info][gc,heap     ] GC(145) Survivor regions: 7->15(15)
[86.445s][info][gc,heap     ] GC(145) Old regions: 108->108
[86.445s][info][gc,heap     ] GC(145) Humongous regions: 1->1
[86.445s][info][gc,metaspace] GC(145) Metaspace: 41194K(41536K)->41194K(41536K) NonClass: 38379K(38592K)->38379K(38592K) Class: 2814K(2944K)->2814K(2944K)
[86.445s][info][gc          ] GC(145) Pause Young (Prepare Mixed) (G1 Evacuation Pause) 226M->123M(287M) 12.884ms
[86.445s][info][gc,cpu      ] GC(145) User=0.02s Sys=0.00s Real=0.02s
[87.235s][info][gc,start    ] GC(146) Pause Young (Mixed) (G1 Evacuation Pause)
[87.236s][info][gc,task     ] GC(146) Using 2 workers of 2 for evacuation
[87.258s][info][gc,phases   ] GC(146)   Pre Evacuate Collection Set: 0.22ms
[87.258s][info][gc,phases   ] GC(146)   Merge Heap Roots: 0.18ms
[87.258s][info][gc,phases   ] GC(146)   Evacuate Collection Set: 21.86ms
[87.258s][info][gc,phases   ] GC(146)   Post Evacuate Collection Set: 0.40ms
[87.258s][info][gc,phases   ] GC(146)   Other: 0.07ms
[87.258s][info][gc,heap     ] GC(146) Eden regions: 128->0(140)
[87.258s][info][gc,heap     ] GC(146) Survivor regions: 15->18(18)
[87.258s][info][gc,heap     ] GC(146) Old regions: 108->90
[87.258s][info][gc,heap     ] GC(146) Humongous regions: 1->1
[87.258s][info][gc,metaspace] GC(146) Metaspace: 41194K(41536K)->41194K(41536K) NonClass: 38379K(38592K)->38379K(38592K) Class: 2814K(2944K)->2814K(2944K)
[87.258s][info][gc          ] GC(146) Pause Young (Mixed) (G1 Evacuation Pause) 251M->107M(287M) 22.950ms
[87.258s][info][gc,cpu      ] GC(146) User=0.05s Sys=0.00s Real=0.02s
[88.052s][info][gc,start    ] GC(147) Pause Young (Mixed) (G1 Evacuation Pause)
[88.052s][info][gc,task     ] GC(147) Using 2 workers of 2 for evacuation
[88.081s][info][gc,phases   ] GC(147)   Pre Evacuate Collection Set: 0.16ms
[88.081s][info][gc,phases   ] GC(147)   Merge Heap Roots: 0.20ms
[88.081s][info][gc,phases   ] GC(147)   Evacuate Collection Set: 28.53ms
[88.081s][info][gc,phases   ] GC(147)   Post Evacuate Collection Set: 0.43ms
[88.081s][info][gc,phases   ] GC(147)   Other: 0.07ms
[88.081s][info][gc,heap     ] GC(147) Eden regions: 140->0(151)
[88.081s][info][gc,heap     ] GC(147) Survivor regions: 18->15(20)
[88.081s][info][gc,heap     ] GC(147) Old regions: 90->79
[88.081s][info][gc,heap     ] GC(147) Humongous regions: 1->1
[88.081s][info][gc,metaspace] GC(147) Metaspace: 41194K(41536K)->41194K(41536K) NonClass: 38379K(38592K)->38379K(38592K) Class: 2814K(2944K)->2814K(2944K)
[88.081s][info][gc          ] GC(147) Pause Young (Mixed) (G1 Evacuation Pause) 247M->94M(287M) 29.617ms
[88.081s][info][gc,cpu      ] GC(147) User=0.06s Sys=0.00s Real=0.03s
[88.932s][info][gc,start    ] GC(148) Pause Young (Mixed) (G1 Evacuation Pause)
[88.932s][info][gc,task     ] GC(148) Using 2 workers of 2 for evacuation
[88.960s][info][gc,phases   ] GC(148)   Pre Evacuate Collection Set: 0.17ms
[88.960s][info][gc,phases   ] GC(148)   Merge Heap Roots: 0.23ms
[88.960s][info][gc,phases   ] GC(148)   Evacuate Collection Set: 26.62ms
[88.960s][info][gc,phases   ] GC(148)   Post Evacuate Collection Set: 0.39ms
[88.960s][info][gc,phases   ] GC(148)   Other: 0.07ms
[88.960s][info][gc,heap     ] GC(148) Eden regions: 151->0(149)
[88.960s][info][gc,heap     ] GC(148) Survivor regions: 15->13(21)
[88.960s][info][gc,heap     ] GC(148) Old regions: 79->85
[88.960s][info][gc,heap     ] GC(148) Humongous regions: 1->1
[88.960s][info][gc,metaspace] GC(148) Metaspace: 41194K(41536K)->41194K(41536K) NonClass: 38379K(38592K)->38379K(38592K) Class: 2814K(2944K)->2814K(2944K)
[88.960s][info][gc          ] GC(148) Pause Young (Mixed) (G1 Evacuation Pause) 245M->98M(287M) 27.647ms
[88.960s][info][gc,cpu      ] GC(148) User=0.06s Sys=0.00s Real=0.02s
[89.092s][info][gc,start    ] GC(149) Pause Young (Concurrent Start) (G1 Humongous Allocation)
[89.092s][info][gc,task     ] GC(149) Using 2 workers of 2 for evacuation
[89.103s][info][gc,phases   ] GC(149)   Pre Evacuate Collection Set: 0.20ms
[89.103s][info][gc,phases   ] GC(149)   Merge Heap Roots: 0.05ms
[89.103s][info][gc,phases   ] GC(149)   Evacuate Collection Set: 11.25ms
[89.103s][info][gc,phases   ] GC(149)   Post Evacuate Collection Set: 0.30ms
[89.103s][info][gc,phases   ] GC(149)   Other: 0.10ms
[89.104s][info][gc,heap     ] GC(149) Eden regions: 22->0(147)
[89.104s][info][gc,heap     ] GC(149) Survivor regions: 13->4(21)
[89.104s][info][gc,heap     ] GC(149) Old regions: 85->98
[89.104s][info][gc,heap     ] GC(149) Humongous regions: 1->1
[89.104s][info][gc,metaspace] GC(149) Metaspace: 41195K(41536K)->41195K(41536K) NonClass: 38380K(38592K)->38380K(38592K) Class: 2814K(2944K)->2814K(2944K)
[89.104s][info][gc          ] GC(149) Pause Young (Concurrent Start) (G1 Humongous Allocation) 120M->101M(287M) 12.053ms
[89.104s][info][gc,cpu      ] GC(149) User=0.03s Sys=0.00s Real=0.02s
[89.104s][info][gc          ] GC(150) Concurrent Mark Cycle
[89.107s][info][gc,marking  ] GC(150) Concurrent Scan Root Regions
[89.125s][info][gc,marking  ] GC(150) Concurrent Scan Root Regions 18.364ms
[89.125s][info][gc,marking  ] GC(150) Concurrent Mark
[89.125s][info][gc,marking  ] GC(150) Concurrent Mark From Roots
[89.125s][info][gc,task     ] GC(150) Using 1 workers of 1 for marking
[89.167s][info][gc,marking  ] GC(150) Concurrent Mark From Roots 41.499ms
[89.167s][info][gc,marking  ] GC(150) Concurrent Preclean
[89.167s][info][gc,marking  ] GC(150) Concurrent Preclean 0.052ms
[89.167s][info][gc,start    ] GC(150) Pause Remark
[89.180s][info][gc          ] GC(150) Pause Remark 114M->102M(287M) 13.186ms
[89.180s][info][gc,cpu      ] GC(150) User=0.03s Sys=0.00s Real=0.01s
[89.180s][info][gc,marking  ] GC(150) Concurrent Mark 54.974ms
[89.180s][info][gc,marking  ] GC(150) Concurrent Rebuild Remembered Sets and Scrub Regions
[89.209s][info][gc,marking  ] GC(150) Concurrent Rebuild Remembered Sets and Scrub Regions 28.929ms
[89.209s][info][gc,start    ] GC(150) Pause Cleanup
[89.209s][info][gc          ] GC(150) Pause Cleanup 104M->104M(287M) 0.062ms
[89.209s][info][gc,cpu      ] GC(150) User=0.00s Sys=0.00s Real=0.00s
[89.209s][info][gc,marking  ] GC(150) Concurrent Clear Claimed Marks
[89.209s][info][gc,marking  ] GC(150) Concurrent Clear Claimed Marks 0.039ms
[89.209s][info][gc,marking  ] GC(150) Concurrent Cleanup for Next Mark
[89.210s][info][gc,marking  ] GC(150) Concurrent Cleanup for Next Mark 0.848ms
[89.210s][info][gc          ] GC(150) Concurrent Mark Cycle 106.686ms
[89.895s][info][gc,start    ] GC(151) Pause Young (Prepare Mixed) (G1 Evacuation Pause)
[89.895s][info][gc,task     ] GC(151) Using 2 workers of 2 for evacuation
[89.911s][info][gc,phases   ] GC(151)   Pre Evacuate Collection Set: 0.17ms
[89.911s][info][gc,phases   ] GC(151)   Merge Heap Roots: 0.08ms
[89.911s][info][gc,phases   ] GC(151)   Evacuate Collection Set: 15.19ms
[89.911s][info][gc,phases   ] GC(151)   Post Evacuate Collection Set: 0.37ms
[89.911s][info][gc,phases   ] GC(151)   Other: 0.07ms
[89.911s][info][gc,heap     ] GC(151) Eden regions: 147->0(145)
[89.911s][info][gc,heap     ] GC(151) Survivor regions: 4->16(19)
[89.911s][info][gc,heap     ] GC(151) Old regions: 86->86
[89.911s][info][gc,heap     ] GC(151) Humongous regions: 2->2
[89.911s][info][gc,metaspace] GC(151) Metaspace: 41195K(41536K)->41195K(41536K) NonClass: 38380K(38592K)->38380K(38592K) Class: 2814K(2944K)->2814K(2944K)
[89.911s][info][gc          ] GC(151) Pause Young (Prepare Mixed) (G1 Evacuation Pause) 237M->102M(287M) 16.053ms
[89.911s][info][gc,cpu      ] GC(151) User=0.03s Sys=0.00s Real=0.01s
[90.682s][info][gc,start    ] GC(152) Pause Young (Mixed) (G1 Evacuation Pause)
[90.682s][info][gc,task     ] GC(152) Using 2 workers of 2 for evacuation
[90.711s][info][gc,phases   ] GC(152)   Pre Evacuate Collection Set: 0.17ms
[90.711s][info][gc,phases   ] GC(152)   Merge Heap Roots: 0.20ms
[90.711s][info][gc,phases   ] GC(152)   Evacuate Collection Set: 27.90ms
[90.711s][info][gc,phases   ] GC(152)   Post Evacuate Collection Set: 0.53ms
[90.711s][info][gc,phases   ] GC(152)   Other: 0.07ms
[90.711s][info][gc,heap     ] GC(152) Eden regions: 145->0(156)
[90.711s][info][gc,heap     ] GC(152) Survivor regions: 16->14(21)
[90.711s][info][gc,heap     ] GC(152) Old regions: 86->70
[90.711s][info][gc,heap     ] GC(152) Humongous regions: 2->1
[90.711s][info][gc,metaspace] GC(152) Metaspace: 41195K(41536K)->41195K(41536K) NonClass: 38380K(38592K)->38380K(38592K) Class: 2814K(2944K)->2814K(2944K)
[90.711s][info][gc          ] GC(152) Pause Young (Mixed) (G1 Evacuation Pause) 247M->85M(287M) 29.049ms
[90.712s][info][gc,cpu      ] GC(152) User=0.06s Sys=0.00s Real=0.02s
[91.101s][info][gc,start    ] GC(153) Pause Young (Mixed) (G1 Evacuation Pause)
[91.101s][info][gc,task     ] GC(153) Using 2 workers of 2 for evacuation
[91.141s][info][gc,phases   ] GC(153)   Pre Evacuate Collection Set: 0.21ms
[91.141s][info][gc,phases   ] GC(153)   Merge Heap Roots: 0.30ms
[91.141s][info][gc,phases   ] GC(153)   Evacuate Collection Set: 38.96ms
[91.141s][info][gc,phases   ] GC(153)   Post Evacuate Collection Set: 0.42ms
[91.141s][info][gc,phases   ] GC(153)   Other: 0.09ms
[91.141s][info][gc,heap     ] GC(153) Eden regions: 156->0(140)
[91.141s][info][gc,heap     ] GC(153) Survivor regions: 14->21(22)
[91.141s][info][gc,heap     ] GC(153) Old regions: 70->82
[91.141s][info][gc,heap     ] GC(153) Humongous regions: 4->4
[91.141s][info][gc,metaspace] GC(153) Metaspace: 41195K(41536K)->41195K(41536K) NonClass: 38380K(38592K)->38380K(38592K) Class: 2814K(2944K)->2814K(2944K)
[91.141s][info][gc          ] GC(153) Pause Young (Mixed) (G1 Evacuation Pause) 244M->106M(287M) 40.184ms
[91.141s][info][gc,cpu      ] GC(153) User=0.08s Sys=0.00s Real=0.04s
[91.409s][info][gc,start    ] GC(154) Pause Young (Concurrent Start) (G1 Humongous Allocation)
[91.409s][info][gc,task     ] GC(154) Using 2 workers of 2 for evacuation
[91.441s][info][gc,phases   ] GC(154)   Pre Evacuate Collection Set: 0.17ms
[91.441s][info][gc,phases   ] GC(154)   Merge Heap Roots: 0.08ms
[91.441s][info][gc,phases   ] GC(154)   Evacuate Collection Set: 30.86ms
[91.441s][info][gc,phases   ] GC(154)   Post Evacuate Collection Set: 0.38ms
[91.441s][info][gc,phases   ] GC(154)   Other: 0.09ms
[91.441s][info][gc,heap     ] GC(154) Eden regions: 122->0(128)
[91.441s][info][gc,heap     ] GC(154) Survivor regions: 21->15(21)
[91.441s][info][gc,heap     ] GC(154) Old regions: 82->103
[91.441s][info][gc,heap     ] GC(154) Humongous regions: 4->4
[91.441s][info][gc,metaspace] GC(154) Metaspace: 41195K(41536K)->41195K(41536K) NonClass: 38380K(38592K)->38380K(38592K) Class: 2814K(2944K)->2814K(2944K)
[91.441s][info][gc          ] GC(154) Pause Young (Concurrent Start) (G1 Humongous Allocation) 228M->121M(287M) 31.836ms
[91.441s][info][gc,cpu      ] GC(154) User=0.06s Sys=0.00s Real=0.03s
[91.441s][info][gc          ] GC(155) Concurrent Mark Cycle
[91.441s][info][gc,marking  ] GC(155) Concurrent Scan Root Regions
[91.463s][info][gc,marking  ] GC(155) Concurrent Scan Root Regions 22.435ms
[91.463s][info][gc,marking  ] GC(155) Concurrent Mark
[91.463s][info][gc,marking  ] GC(155) Concurrent Mark From Roots
[91.463s][info][gc,task     ] GC(155) Using 1 workers of 1 for marking
[91.501s][info][gc,marking  ] GC(155) Concurrent Mark From Roots 37.983ms
[91.501s][info][gc,marking  ] GC(155) Concurrent Preclean
[91.501s][info][gc,marking  ] GC(155) Concurrent Preclean 0.036ms
[91.502s][info][gc,start    ] GC(155) Pause Remark
[91.515s][info][gc          ] GC(155) Pause Remark 142M->121M(287M) 13.551ms
[91.515s][info][gc,cpu      ] GC(155) User=0.03s Sys=0.00s Real=0.02s
[91.515s][info][gc,marking  ] GC(155) Concurrent Mark 51.824ms
[91.515s][info][gc,marking  ] GC(155) Concurrent Rebuild Remembered Sets and Scrub Regions
[91.548s][info][gc,marking  ] GC(155) Concurrent Rebuild Remembered Sets and Scrub Regions 33.050ms
[91.548s][info][gc,start    ] GC(155) Pause Cleanup
[91.548s][info][gc          ] GC(155) Pause Cleanup 135M->135M(287M) 0.042ms
[91.549s][info][gc,cpu      ] GC(155) User=0.00s Sys=0.00s Real=0.00s
[91.549s][info][gc,marking  ] GC(155) Concurrent Clear Claimed Marks
[91.549s][info][gc,marking  ] GC(155) Concurrent Clear Claimed Marks 0.033ms
[91.549s][info][gc,marking  ] GC(155) Concurrent Cleanup for Next Mark
[91.549s][info][gc,marking  ] GC(155) Concurrent Cleanup for Next Mark 0.831ms
[91.549s][info][gc          ] GC(155) Concurrent Mark Cycle 108.484ms
[91.756s][info][gc,start    ] GC(156) Pause Young (Prepare Mixed) (G1 Evacuation Pause)
[91.756s][info][gc,task     ] GC(156) Using 2 workers of 2 for evacuation
[91.789s][info][gc,phases   ] GC(156)   Pre Evacuate Collection Set: 0.21ms
[91.789s][info][gc,phases   ] GC(156)   Merge Heap Roots: 0.15ms
[91.789s][info][gc,phases   ] GC(156)   Evacuate Collection Set: 31.54ms
[91.789s][info][gc,phases   ] GC(156)   Post Evacuate Collection Set: 0.36ms
[91.789s][info][gc,phases   ] GC(156)   Other: 0.07ms
[91.789s][info][gc,heap     ] GC(156) Eden regions: 128->0(131)
[91.789s][info][gc,heap     ] GC(156) Survivor regions: 15->15(18)
[91.789s][info][gc,heap     ] GC(156) Old regions: 82->97
[91.789s][info][gc,heap     ] GC(156) Humongous regions: 6->6
[91.789s][info][gc,metaspace] GC(156) Metaspace: 41195K(41536K)->41195K(41536K) NonClass: 38380K(38592K)->38380K(38592K) Class: 2814K(2944K)->2814K(2944K)
[91.789s][info][gc          ] GC(156) Pause Young (Prepare Mixed) (G1 Evacuation Pause) 230M->117M(287M) 32.518ms
[91.789s][info][gc,cpu      ] GC(156) User=0.06s Sys=0.00s Real=0.03s
[92.072s][info][gc,start    ] GC(157) Pause Young (Mixed) (G1 Evacuation Pause)
[92.072s][info][gc,task     ] GC(157) Using 2 workers of 2 for evacuation
[92.107s][info][gc,phases   ] GC(157)   Pre Evacuate Collection Set: 0.18ms
[92.107s][info][gc,phases   ] GC(157)   Merge Heap Roots: 0.14ms
[92.107s][info][gc,phases   ] GC(157)   Evacuate Collection Set: 33.77ms
[92.107s][info][gc,phases   ] GC(157)   Post Evacuate Collection Set: 0.54ms
[92.107s][info][gc,phases   ] GC(157)   Other: 0.10ms
[92.107s][info][gc,heap     ] GC(157) Eden regions: 131->0(137)
[92.107s][info][gc,heap     ] GC(157) Survivor regions: 15->15(19)
[92.107s][info][gc,heap     ] GC(157) Old regions: 97->90
[92.107s][info][gc,heap     ] GC(157) Humongous regions: 6->6
[92.107s][info][gc,metaspace] GC(157) Metaspace: 41195K(41536K)->41195K(41536K) NonClass: 38380K(38592K)->38380K(38592K) Class: 2814K(2944K)->2814K(2944K)
[92.107s][info][gc          ] GC(157) Pause Young (Mixed) (G1 Evacuation Pause) 248M->110M(287M) 34.942ms
[92.107s][info][gc,cpu      ] GC(157) User=0.07s Sys=0.00s Real=0.03s
[92.142s][info][gc,start    ] GC(158) Pause Young (Concurrent Start) (G1 Humongous Allocation)
[92.142s][info][gc,task     ] GC(158) Using 2 workers of 2 for evacuation
[92.159s][info][gc,phases   ] GC(158)   Pre Evacuate Collection Set: 0.15ms
[92.159s][info][gc,phases   ] GC(158)   Merge Heap Roots: 0.06ms
[92.159s][info][gc,phases   ] GC(158)   Evacuate Collection Set: 16.24ms
[92.159s][info][gc,phases   ] GC(158)   Post Evacuate Collection Set: 0.28ms
[92.159s][info][gc,phases   ] GC(158)   Other: 0.12ms
[92.159s][info][gc,heap     ] GC(158) Eden regions: 15->0(136)
[92.159s][info][gc,heap     ] GC(158) Survivor regions: 15->3(19)
[92.159s][info][gc,heap     ] GC(158) Old regions: 90->105
[92.159s][info][gc,heap     ] GC(158) Humongous regions: 6->6
[92.159s][info][gc,metaspace] GC(158) Metaspace: 41195K(41536K)->41195K(41536K) NonClass: 38380K(38592K)->38380K(38592K) Class: 2814K(2944K)->2814K(2944K)
[92.159s][info][gc          ] GC(158) Pause Young (Concurrent Start) (G1 Humongous Allocation) 125M->113M(287M) 17.041ms
[92.159s][info][gc,cpu      ] GC(158) User=0.04s Sys=0.00s Real=0.01s
[92.159s][info][gc          ] GC(159) Concurrent Mark Cycle
[92.159s][info][gc,marking  ] GC(159) Concurrent Scan Root Regions
[92.175s][info][gc,marking  ] GC(159) Concurrent Scan Root Regions 16.213ms
[92.175s][info][gc,marking  ] GC(159) Concurrent Mark
[92.175s][info][gc,marking  ] GC(159) Concurrent Mark From Roots
[92.175s][info][gc,task     ] GC(159) Using 1 workers of 1 for marking
[92.267s][info][gc,marking  ] GC(159) Concurrent Mark From Roots 91.530ms
[92.267s][info][gc,marking  ] GC(159) Concurrent Preclean
[92.267s][info][gc,marking  ] GC(159) Concurrent Preclean 0.036ms
[92.267s][info][gc,start    ] GC(159) Pause Remark
[92.280s][info][gc          ] GC(159) Pause Remark 143M->142M(287M) 12.664ms
[92.280s][info][gc,cpu      ] GC(159) User=0.02s Sys=0.00s Real=0.01s
[92.280s][info][gc,marking  ] GC(159) Concurrent Mark 104.523ms
[92.280s][info][gc,marking  ] GC(159) Concurrent Rebuild Remembered Sets and Scrub Regions
[92.338s][info][gc,marking  ] GC(159) Concurrent Rebuild Remembered Sets and Scrub Regions 58.631ms
[92.339s][info][gc,start    ] GC(159) Pause Cleanup
[92.339s][info][gc          ] GC(159) Pause Cleanup 172M->172M(287M) 0.043ms
[92.339s][info][gc,cpu      ] GC(159) User=0.00s Sys=0.00s Real=0.00s
[92.339s][info][gc,marking  ] GC(159) Concurrent Clear Claimed Marks
[92.339s][info][gc,marking  ] GC(159) Concurrent Clear Claimed Marks 0.035ms
[92.339s][info][gc,marking  ] GC(159) Concurrent Cleanup for Next Mark
[92.340s][info][gc,marking  ] GC(159) Concurrent Cleanup for Next Mark 0.794ms
[92.340s][info][gc          ] GC(159) Concurrent Mark Cycle 180.563ms
[92.534s][info][gc,start    ] GC(160) Pause Young (Prepare Mixed) (G1 Evacuation Pause)
[92.534s][info][gc,task     ] GC(160) Using 2 workers of 2 for evacuation
[92.558s][info][gc,phases   ] GC(160)   Pre Evacuate Collection Set: 0.24ms
[92.558s][info][gc,phases   ] GC(160)   Merge Heap Roots: 0.12ms
[92.558s][info][gc,phases   ] GC(160)   Evacuate Collection Set: 23.32ms
[92.558s][info][gc,phases   ] GC(160)   Post Evacuate Collection Set: 0.41ms
[92.558s][info][gc,phases   ] GC(160)   Other: 0.07ms
[92.558s][info][gc,heap     ] GC(160) Eden regions: 136->0(121)
[92.558s][info][gc,heap     ] GC(160) Survivor regions: 3->18(18)
[92.558s][info][gc,heap     ] GC(160) Old regions: 105->105
[92.558s][info][gc,heap     ] GC(160) Humongous regions: 9->9
[92.558s][info][gc,metaspace] GC(160) Metaspace: 41195K(41536K)->41195K(41536K) NonClass: 38380K(38592K)->38380K(38592K) Class: 2814K(2944K)->2814K(2944K)
[92.558s][info][gc          ] GC(160) Pause Young (Prepare Mixed) (G1 Evacuation Pause) 252M->131M(287M) 24.369ms
[92.558s][info][gc,cpu      ] GC(160) User=0.04s Sys=0.00s Real=0.02s
[93.811s][info][gc,start    ] GC(161) Pause Young (Mixed) (G1 Evacuation Pause)
[93.811s][info][gc,task     ] GC(161) Using 2 workers of 2 for evacuation
[93.851s][info][gc,phases   ] GC(161)   Pre Evacuate Collection Set: 0.18ms
[93.852s][info][gc,phases   ] GC(161)   Merge Heap Roots: 0.24ms
[93.852s][info][gc,phases   ] GC(161)   Evacuate Collection Set: 39.05ms
[93.852s][info][gc,phases   ] GC(161)   Post Evacuate Collection Set: 1.19ms
[93.852s][info][gc,phases   ] GC(161)   Other: 0.10ms
[93.852s][info][gc,heap     ] GC(161) Eden regions: 121->0(205)
[93.852s][info][gc,heap     ] GC(161) Survivor regions: 18->7(18)
[93.852s][info][gc,heap     ] GC(161) Old regions: 105->117
[93.852s][info][gc,heap     ] GC(161) Humongous regions: 17->15
[93.852s][info][gc,metaspace] GC(161) Metaspace: 41195K(41536K)->41195K(41536K) NonClass: 38380K(38592K)->38380K(38592K) Class: 2814K(2944K)->2814K(2944K)
[93.852s][info][gc          ] GC(161) Pause Young (Mixed) (G1 Evacuation Pause) 260M->139M(407M) 40.951ms
[93.852s][info][gc,cpu      ] GC(161) User=0.08s Sys=0.00s Real=0.04s
[94.732s][info][gc,start    ] GC(162) Pause Young (Concurrent Start) (G1 Evacuation Pause)
[94.732s][info][gc,task     ] GC(162) Using 2 workers of 2 for evacuation
[94.753s][info][gc,phases   ] GC(162)   Pre Evacuate Collection Set: 0.25ms
[94.753s][info][gc,phases   ] GC(162)   Merge Heap Roots: 0.14ms
[94.753s][info][gc,phases   ] GC(162)   Evacuate Collection Set: 19.89ms
[94.753s][info][gc,phases   ] GC(162)   Post Evacuate Collection Set: 0.49ms
[94.753s][info][gc,phases   ] GC(162)   Other: 0.11ms
[94.753s][info][gc,heap     ] GC(162) Eden regions: 205->0(203)
[94.753s][info][gc,heap     ] GC(162) Survivor regions: 7->16(27)
[94.753s][info][gc,heap     ] GC(162) Old regions: 117->117
[94.753s][info][gc,heap     ] GC(162) Humongous regions: 15->15
[94.753s][info][gc,metaspace] GC(162) Metaspace: 41198K(41600K)->41198K(41600K) NonClass: 38383K(38656K)->38383K(38656K) Class: 2814K(2944K)->2814K(2944K)
[94.753s][info][gc          ] GC(162) Pause Young (Concurrent Start) (G1 Evacuation Pause) 344M->147M(407M) 21.049ms
[94.753s][info][gc,cpu      ] GC(162) User=0.04s Sys=0.00s Real=0.02s
[94.753s][info][gc          ] GC(163) Concurrent Mark Cycle
[94.753s][info][gc,marking  ] GC(163) Concurrent Scan Root Regions
[94.764s][info][gc,marking  ] GC(163) Concurrent Scan Root Regions 10.062ms
[94.764s][info][gc,marking  ] GC(163) Concurrent Mark
[94.764s][info][gc,marking  ] GC(163) Concurrent Mark From Roots
[94.764s][info][gc,task     ] GC(163) Using 1 workers of 1 for marking
[94.798s][info][gc,marking  ] GC(163) Concurrent Mark From Roots 34.703ms
[94.798s][info][gc,marking  ] GC(163) Concurrent Preclean
[94.798s][info][gc,marking  ] GC(163) Concurrent Preclean 0.040ms
[94.798s][info][gc,start    ] GC(163) Pause Remark
[94.811s][info][gc          ] GC(163) Pause Remark 156M->130M(407M) 12.381ms
[94.811s][info][gc,cpu      ] GC(163) User=0.02s Sys=0.00s Real=0.01s
[94.811s][info][gc,marking  ] GC(163) Concurrent Mark 47.443ms
[94.811s][info][gc,marking  ] GC(163) Concurrent Rebuild Remembered Sets and Scrub Regions
[94.824s][info][gc,marking  ] GC(163) Concurrent Rebuild Remembered Sets and Scrub Regions 13.486ms
[94.825s][info][gc,start    ] GC(163) Pause Cleanup
[94.825s][info][gc          ] GC(163) Pause Cleanup 133M->133M(407M) 0.056ms
[94.825s][info][gc,cpu      ] GC(163) User=0.00s Sys=0.00s Real=0.00s
[94.825s][info][gc,marking  ] GC(163) Concurrent Clear Claimed Marks
[94.825s][info][gc,marking  ] GC(163) Concurrent Clear Claimed Marks 0.030ms
[94.825s][info][gc,marking  ] GC(163) Concurrent Cleanup for Next Mark
[94.827s][info][gc,marking  ] GC(163) Concurrent Cleanup for Next Mark 2.295ms
[94.827s][info][gc          ] GC(163) Concurrent Mark Cycle 73.811ms
[95.816s][info][gc,start    ] GC(164) Pause Young (Prepare Mixed) (G1 Evacuation Pause)
[95.816s][info][gc,task     ] GC(164) Using 2 workers of 2 for evacuation
[95.821s][info][gc,phases   ] GC(164)   Pre Evacuate Collection Set: 0.19ms
[95.821s][info][gc,phases   ] GC(164)   Merge Heap Roots: 0.13ms
[95.821s][info][gc,phases   ] GC(164)   Evacuate Collection Set: 4.28ms
[95.821s][info][gc,phases   ] GC(164)   Post Evacuate Collection Set: 0.39ms
[95.821s][info][gc,phases   ] GC(164)   Other: 0.07ms
[95.821s][info][gc,heap     ] GC(164) Eden regions: 203->0(237)
[95.821s][info][gc,heap     ] GC(164) Survivor regions: 16->7(28)
[95.821s][info][gc,heap     ] GC(164) Old regions: 105->106
[95.821s][info][gc,heap     ] GC(164) Humongous regions: 1->1
[95.821s][info][gc,metaspace] GC(164) Metaspace: 41198K(41600K)->41198K(41600K) NonClass: 38383K(38656K)->38383K(38656K) Class: 2814K(2944K)->2814K(2944K)
[95.821s][info][gc          ] GC(164) Pause Young (Prepare Mixed) (G1 Evacuation Pause) 324M->113M(407M) 5.233ms
[95.821s][info][gc,cpu      ] GC(164) User=0.01s Sys=0.00s Real=0.00s
[97.090s][info][gc,start    ] GC(165) Pause Young (Mixed) (G1 Evacuation Pause)
[97.090s][info][gc,task     ] GC(165) Using 2 workers of 2 for evacuation
[97.094s][info][gc,phases   ] GC(165)   Pre Evacuate Collection Set: 0.20ms
[97.094s][info][gc,phases   ] GC(165)   Merge Heap Roots: 0.09ms
[97.094s][info][gc,phases   ] GC(165)   Evacuate Collection Set: 3.14ms
[97.094s][info][gc,phases   ] GC(165)   Post Evacuate Collection Set: 0.43ms
[97.094s][info][gc,phases   ] GC(165)   Other: 0.08ms
[97.094s][info][gc,heap     ] GC(165) Eden regions: 237->0(238)
[97.094s][info][gc,heap     ] GC(165) Survivor regions: 7->6(31)
[97.094s][info][gc,heap     ] GC(165) Old regions: 106->65
[97.094s][info][gc,heap     ] GC(165) Humongous regions: 1->1
[97.094s][info][gc,metaspace] GC(165) Metaspace: 41198K(41600K)->41198K(41600K) NonClass: 38383K(38656K)->38383K(38656K) Class: 2814K(2944K)->2814K(2944K)
[97.094s][info][gc          ] GC(165) Pause Young (Mixed) (G1 Evacuation Pause) 350M->71M(407M) 4.115ms
[97.094s][info][gc,cpu      ] GC(165) User=0.01s Sys=0.00s Real=0.01s
[98.335s][info][gc,start    ] GC(166) Pause Young (Mixed) (G1 Evacuation Pause)
[98.335s][info][gc,task     ] GC(166) Using 2 workers of 2 for evacuation
[98.345s][info][gc,phases   ] GC(166)   Pre Evacuate Collection Set: 0.23ms
[98.345s][info][gc,phases   ] GC(166)   Merge Heap Roots: 0.06ms
[98.345s][info][gc,phases   ] GC(166)   Evacuate Collection Set: 8.62ms
[98.345s][info][gc,phases   ] GC(166)   Post Evacuate Collection Set: 0.47ms
[98.345s][info][gc,phases   ] GC(166)   Other: 0.07ms
[98.345s][info][gc,heap     ] GC(166) Eden regions: 238->0(236)
[98.345s][info][gc,heap     ] GC(166) Survivor regions: 6->8(31)
[98.345s][info][gc,heap     ] GC(166) Old regions: 65->44
[98.345s][info][gc,heap     ] GC(166) Humongous regions: 2->1
[98.345s][info][gc,metaspace] GC(166) Metaspace: 41199K(41600K)->41199K(41600K) NonClass: 38384K(38656K)->38384K(38656K) Class: 2814K(2944K)->2814K(2944K)
[98.345s][info][gc          ] GC(166) Pause Young (Mixed) (G1 Evacuation Pause) 310M->52M(407M) 9.631ms
[98.345s][info][gc,cpu      ] GC(166) User=0.01s Sys=0.00s Real=0.01s
[98.681s][info][gc,start    ] GC(167) Pause Young (Concurrent Start) (G1 Humongous Allocation)
[98.681s][info][gc,task     ] GC(167) Using 2 workers of 2 for evacuation
[98.686s][info][gc,phases   ] GC(167)   Pre Evacuate Collection Set: 0.20ms
[98.686s][info][gc,phases   ] GC(167)   Merge Heap Roots: 0.05ms
[98.686s][info][gc,phases   ] GC(167)   Evacuate Collection Set: 4.82ms
[98.686s][info][gc,phases   ] GC(167)   Post Evacuate Collection Set: 0.33ms
[98.686s][info][gc,phases   ] GC(167)   Other: 0.08ms
[98.686s][info][gc,heap     ] GC(167) Eden regions: 70->0(237)
[98.686s][info][gc,heap     ] GC(167) Survivor regions: 8->7(31)
[98.686s][info][gc,heap     ] GC(167) Old regions: 44->44
[98.686s][info][gc,heap     ] GC(167) Humongous regions: 1->1
[98.686s][info][gc,metaspace] GC(167) Metaspace: 41220K(41600K)->41220K(41600K) NonClass: 38405K(38656K)->38405K(38656K) Class: 2814K(2944K)->2814K(2944K)
[98.686s][info][gc          ] GC(167) Pause Young (Concurrent Start) (G1 Humongous Allocation) 122M->51M(407M) 5.633ms
[98.686s][info][gc,cpu      ] GC(167) User=0.01s Sys=0.00s Real=0.01s
[98.687s][info][gc          ] GC(168) Concurrent Mark Cycle
[98.687s][info][gc,marking  ] GC(168) Concurrent Scan Root Regions
[98.705s][info][gc,marking  ] GC(168) Concurrent Scan Root Regions 18.112ms
[98.705s][info][gc,marking  ] GC(168) Concurrent Mark
[98.705s][info][gc,marking  ] GC(168) Concurrent Mark From Roots
[98.705s][info][gc,task     ] GC(168) Using 1 workers of 1 for marking
[98.739s][info][gc,marking  ] GC(168) Concurrent Mark From Roots 33.931ms
[98.739s][info][gc,marking  ] GC(168) Concurrent Preclean
[98.739s][info][gc,marking  ] GC(168) Concurrent Preclean 0.033ms
[98.739s][info][gc,start    ] GC(168) Pause Remark
[98.752s][info][gc          ] GC(168) Pause Remark 57M->56M(256M) 12.636ms
[98.752s][info][gc,cpu      ] GC(168) User=0.02s Sys=0.00s Real=0.01s
[98.752s][info][gc,marking  ] GC(168) Concurrent Mark 46.848ms
[98.752s][info][gc,marking  ] GC(168) Concurrent Rebuild Remembered Sets and Scrub Regions
[98.765s][info][gc,marking  ] GC(168) Concurrent Rebuild Remembered Sets and Scrub Regions 13.189ms
[98.765s][info][gc,start    ] GC(168) Pause Cleanup
[98.765s][info][gc          ] GC(168) Pause Cleanup 56M->56M(256M) 0.037ms
[98.765s][info][gc,cpu      ] GC(168) User=0.00s Sys=0.00s Real=0.00s
[98.765s][info][gc,marking  ] GC(168) Concurrent Clear Claimed Marks
[98.765s][info][gc,marking  ] GC(168) Concurrent Clear Claimed Marks 0.032ms
[98.765s][info][gc,marking  ] GC(168) Concurrent Cleanup for Next Mark
[98.766s][info][gc,marking  ] GC(168) Concurrent Cleanup for Next Mark 0.771ms
[98.766s][info][gc          ] GC(168) Concurrent Mark Cycle 79.261ms
[99.834s][info][gc,start    ] GC(169) Pause Young (Prepare Mixed) (G1 Evacuation Pause)
[99.834s][info][gc,task     ] GC(169) Using 2 workers of 2 for evacuation
[99.842s][info][gc,phases   ] GC(169)   Pre Evacuate Collection Set: 0.16ms
[99.842s][info][gc,phases   ] GC(169)   Merge Heap Roots: 0.07ms
[99.842s][info][gc,phases   ] GC(169)   Evacuate Collection Set: 7.19ms
[99.842s][info][gc,phases   ] GC(169)   Post Evacuate Collection Set: 0.39ms
[99.842s][info][gc,phases   ] GC(169)   Other: 0.10ms
[99.842s][info][gc,heap     ] GC(169) Eden regions: 146->0(144)
[99.842s][info][gc,heap     ] GC(169) Survivor regions: 7->9(20)
[99.842s][info][gc,heap     ] GC(169) Old regions: 43->43
[99.842s][info][gc,heap     ] GC(169) Humongous regions: 15->3
[99.842s][info][gc,metaspace] GC(169) Metaspace: 41225K(41600K)->41225K(41600K) NonClass: 38410K(38656K)->38410K(38656K) Class: 2814K(2944K)->2814K(2944K)
[99.842s][info][gc          ] GC(169) Pause Young (Prepare Mixed) (G1 Evacuation Pause) 210M->54M(256M) 8.097ms
[99.842s][info][gc,cpu      ] GC(169) User=0.01s Sys=0.00s Real=0.01s
[100.650s][info][gc,start    ] GC(170) Pause Young (Mixed) (G1 Evacuation Pause)
[100.650s][info][gc,task     ] GC(170) Using 2 workers of 2 for evacuation
[100.665s][info][gc,phases   ] GC(170)   Pre Evacuate Collection Set: 0.21ms
[100.665s][info][gc,phases   ] GC(170)   Merge Heap Roots: 0.08ms
[100.665s][info][gc,phases   ] GC(170)   Evacuate Collection Set: 14.39ms
[100.666s][info][gc,phases   ] GC(170)   Post Evacuate Collection Set: 0.42ms
[100.666s][info][gc,phases   ] GC(170)   Other: 0.11ms
[100.666s][info][gc,heap     ] GC(170) Eden regions: 144->0(135)
[100.666s][info][gc,heap     ] GC(170) Survivor regions: 9->18(20)
[100.666s][info][gc,heap     ] GC(170) Old regions: 43->40
[100.666s][info][gc,heap     ] GC(170) Humongous regions: 10->3
[100.666s][info][gc,metaspace] GC(170) Metaspace: 41229K(41600K)->41229K(41600K) NonClass: 38414K(38656K)->38414K(38656K) Class: 2814K(2944K)->2814K(2944K)
[100.666s][info][gc          ] GC(170) Pause Young (Mixed) (G1 Evacuation Pause) 205M->59M(256M) 15.390ms
[100.666s][info][gc,cpu      ] GC(170) User=0.03s Sys=0.00s Real=0.02s
[100.699s][info][gc,start    ] GC(171) Pause Young (Concurrent Start) (G1 Humongous Allocation)
[100.699s][info][gc,task     ] GC(171) Using 2 workers of 2 for evacuation
[100.713s][info][gc,phases   ] GC(171)   Pre Evacuate Collection Set: 0.16ms
[100.713s][info][gc,phases   ] GC(171)   Merge Heap Roots: 0.04ms
[100.713s][info][gc,phases   ] GC(171)   Evacuate Collection Set: 13.77ms
[100.713s][info][gc,phases   ] GC(171)   Post Evacuate Collection Set: 0.31ms
[100.713s][info][gc,phases   ] GC(171)   Other: 0.12ms
[100.713s][info][gc,heap     ] GC(171) Eden regions: 8->0(150)
[100.713s][info][gc,heap     ] GC(171) Survivor regions: 18->3(20)
[100.713s][info][gc,heap     ] GC(171) Old regions: 40->56
[100.713s][info][gc,heap     ] GC(171) Humongous regions: 3->3
[100.713s][info][gc,metaspace] GC(171) Metaspace: 41230K(41600K)->41230K(41600K) NonClass: 38415K(38656K)->38415K(38656K) Class: 2814K(2944K)->2814K(2944K)
[100.713s][info][gc          ] GC(171) Pause Young (Concurrent Start) (G1 Humongous Allocation) 67M->61M(256M) 14.570ms
[100.713s][info][gc,cpu      ] GC(171) User=0.03s Sys=0.00s Real=0.02s
[100.713s][info][gc          ] GC(172) Concurrent Mark Cycle
[100.713s][info][gc,marking  ] GC(172) Concurrent Scan Root Regions
[100.748s][info][gc,marking  ] GC(172) Concurrent Scan Root Regions 34.644ms
[100.748s][info][gc,marking  ] GC(172) Concurrent Mark
[100.748s][info][gc,marking  ] GC(172) Concurrent Mark From Roots
[100.748s][info][gc,task     ] GC(172) Using 1 workers of 1 for marking
[100.797s][info][gc,marking  ] GC(172) Concurrent Mark From Roots 49.114ms
[100.797s][info][gc,marking  ] GC(172) Concurrent Preclean
[100.797s][info][gc,marking  ] GC(172) Concurrent Preclean 0.034ms
[100.797s][info][gc,start    ] GC(172) Pause Remark
[100.810s][info][gc          ] GC(172) Pause Remark 72M->72M(256M) 13.109ms
[100.810s][info][gc,cpu      ] GC(172) User=0.02s Sys=0.00s Real=0.01s
[100.810s][info][gc,marking  ] GC(172) Concurrent Mark 62.438ms
[100.810s][info][gc,marking  ] GC(172) Concurrent Rebuild Remembered Sets and Scrub Regions
[100.833s][info][gc,marking  ] GC(172) Concurrent Rebuild Remembered Sets and Scrub Regions 23.061ms
[100.833s][info][gc,start    ] GC(172) Pause Cleanup
[100.833s][info][gc          ] GC(172) Pause Cleanup 72M->72M(256M) 0.040ms
[100.834s][info][gc,cpu      ] GC(172) User=0.00s Sys=0.00s Real=0.00s
[100.834s][info][gc,marking  ] GC(172) Concurrent Clear Claimed Marks
[100.834s][info][gc,marking  ] GC(172) Concurrent Clear Claimed Marks 0.032ms
[100.834s][info][gc,marking  ] GC(172) Concurrent Cleanup for Next Mark
[100.834s][info][gc,marking  ] GC(172) Concurrent Cleanup for Next Mark 0.780ms
[100.834s][info][gc          ] GC(172) Concurrent Mark Cycle 121.227ms
[101.832s][info][gc,start    ] GC(173) Pause Young (Prepare Mixed) (G1 Evacuation Pause)
[101.832s][info][gc,task     ] GC(173) Using 2 workers of 2 for evacuation
[101.842s][info][gc,phases   ] GC(173)   Pre Evacuate Collection Set: 0.19ms
[101.842s][info][gc,phases   ] GC(173)   Merge Heap Roots: 0.11ms
[101.842s][info][gc,phases   ] GC(173)   Evacuate Collection Set: 8.37ms
[101.842s][info][gc,phases   ] GC(173)   Post Evacuate Collection Set: 0.43ms
[101.842s][info][gc,phases   ] GC(173)   Other: 0.07ms
[101.842s][info][gc,heap     ] GC(173) Eden regions: 150->0(145)
[101.842s][info][gc,heap     ] GC(173) Survivor regions: 3->8(20)
[101.842s][info][gc,heap     ] GC(173) Old regions: 56->56
[101.842s][info][gc,heap     ] GC(173) Humongous regions: 12->3
[101.842s][info][gc,metaspace] GC(173) Metaspace: 41239K(41600K)->41239K(41600K) NonClass: 38424K(38656K)->38424K(38656K) Class: 2814K(2944K)->2814K(2944K)
[101.842s][info][gc          ] GC(173) Pause Young (Prepare Mixed) (G1 Evacuation Pause) 220M->66M(256M) 9.324ms
[101.842s][info][gc,cpu      ] GC(173) User=0.02s Sys=0.00s Real=0.00s
[102.661s][info][gc,start    ] GC(174) Pause Young (Mixed) (G1 Evacuation Pause)
[102.661s][info][gc,task     ] GC(174) Using 2 workers of 2 for evacuation
[102.689s][info][gc,phases   ] GC(174)   Pre Evacuate Collection Set: 0.20ms
[102.689s][info][gc,phases   ] GC(174)   Merge Heap Roots: 0.10ms
[102.689s][info][gc,phases   ] GC(174)   Evacuate Collection Set: 27.18ms
[102.689s][info][gc,phases   ] GC(174)   Post Evacuate Collection Set: 0.48ms
[102.689s][info][gc,phases   ] GC(174)   Other: 0.09ms
[102.689s][info][gc,heap     ] GC(174) Eden regions: 145->0(132)
[102.689s][info][gc,heap     ] GC(174) Survivor regions: 8->20(20)
[102.690s][info][gc,heap     ] GC(174) Old regions: 56->61
[102.690s][info][gc,heap     ] GC(174) Humongous regions: 5->3
[102.690s][info][gc,metaspace] GC(174) Metaspace: 41241K(41600K)->41241K(41600K) NonClass: 38426K(38656K)->38426K(38656K) Class: 2814K(2944K)->2814K(2944K)
[102.690s][info][gc          ] GC(174) Pause Young (Mixed) (G1 Evacuation Pause) 213M->83M(256M) 28.225ms
[102.690s][info][gc,cpu      ] GC(174) User=0.06s Sys=0.00s Real=0.03s
[103.014s][info][gc,start    ] GC(175) Pause Young (Concurrent Start) (G1 Humongous Allocation)
[103.014s][info][gc,task     ] GC(175) Using 2 workers of 2 for evacuation
[103.038s][info][gc,phases   ] GC(175)   Pre Evacuate Collection Set: 0.15ms
[103.038s][info][gc,phases   ] GC(175)   Merge Heap Roots: 0.23ms
[103.038s][info][gc,phases   ] GC(175)   Evacuate Collection Set: 22.81ms
[103.038s][info][gc,phases   ] GC(175)   Post Evacuate Collection Set: 0.37ms
[103.038s][info][gc,phases   ] GC(175)   Other: 0.11ms
[103.038s][info][gc,heap     ] GC(175) Eden regions: 49->0(136)
[103.038s][info][gc,heap     ] GC(175) Survivor regions: 20->5(19)
[103.038s][info][gc,heap     ] GC(175) Old regions: 61->76
[103.038s][info][gc,heap     ] GC(175) Humongous regions: 3->1
[103.038s][info][gc,metaspace] GC(175) Metaspace: 41245K(41600K)->41245K(41600K) NonClass: 38430K(38656K)->38430K(38656K) Class: 2814K(2944K)->2814K(2944K)
[103.038s][info][gc          ] GC(175) Pause Young (Concurrent Start) (G1 Humongous Allocation) 132M->82M(256M) 23.835ms
[103.038s][info][gc,cpu      ] GC(175) User=0.05s Sys=0.00s Real=0.02s
[103.038s][info][gc          ] GC(176) Concurrent Mark Cycle
[103.038s][info][gc,marking  ] GC(176) Concurrent Scan Root Regions
[103.059s][info][gc,marking  ] GC(176) Concurrent Scan Root Regions 20.336ms
[103.059s][info][gc,marking  ] GC(176) Concurrent Mark
[103.059s][info][gc,marking  ] GC(176) Concurrent Mark From Roots
[103.059s][info][gc,task     ] GC(176) Using 1 workers of 1 for marking
[103.153s][info][gc,marking  ] GC(176) Concurrent Mark From Roots 93.985ms
[103.153s][info][gc,marking  ] GC(176) Concurrent Preclean
[103.153s][info][gc,marking  ] GC(176) Concurrent Preclean 0.035ms
[103.153s][info][gc,start    ] GC(176) Pause Remark
[103.173s][info][gc          ] GC(176) Pause Remark 103M->103M(256M) 20.176ms
[103.173s][info][gc,cpu      ] GC(176) User=0.04s Sys=0.00s Real=0.02s
[103.173s][info][gc,marking  ] GC(176) Concurrent Mark 114.474ms
[103.173s][info][gc,marking  ] GC(176) Concurrent Rebuild Remembered Sets and Scrub Regions
[103.248s][info][gc,marking  ] GC(176) Concurrent Rebuild Remembered Sets and Scrub Regions 74.510ms
[103.248s][info][gc,start    ] GC(176) Pause Cleanup
[103.248s][info][gc          ] GC(176) Pause Cleanup 115M->115M(256M) 0.072ms
[103.248s][info][gc,cpu      ] GC(176) User=0.00s Sys=0.00s Real=0.00s
[103.248s][info][gc,marking  ] GC(176) Concurrent Clear Claimed Marks
[103.248s][info][gc,marking  ] GC(176) Concurrent Clear Claimed Marks 0.033ms
[103.248s][info][gc,marking  ] GC(176) Concurrent Cleanup for Next Mark
[103.249s][info][gc,marking  ] GC(176) Concurrent Cleanup for Next Mark 0.758ms
[103.249s][info][gc          ] GC(176) Concurrent Mark Cycle 210.485ms
[103.865s][info][gc,start    ] GC(177) Pause Young (Prepare Mixed) (G1 Evacuation Pause)
[103.865s][info][gc,task     ] GC(177) Using 2 workers of 2 for evacuation
[103.878s][info][gc,phases   ] GC(177)   Pre Evacuate Collection Set: 0.26ms
[103.879s][info][gc,phases   ] GC(177)   Merge Heap Roots: 0.16ms
[103.879s][info][gc,phases   ] GC(177)   Evacuate Collection Set: 12.83ms
[103.879s][info][gc,phases   ] GC(177)   Post Evacuate Collection Set: 0.39ms
[103.879s][info][gc,phases   ] GC(177)   Other: 0.09ms
[103.879s][info][gc,heap     ] GC(177) Eden regions: 136->0(130)
[103.879s][info][gc,heap     ] GC(177) Survivor regions: 5->13(18)
[103.879s][info][gc,heap     ] GC(177) Old regions: 76->76
[103.879s][info][gc,heap     ] GC(177) Humongous regions: 15->3
[103.879s][info][gc,metaspace] GC(177) Metaspace: 41258K(41664K)->41258K(41664K) NonClass: 38443K(38720K)->38443K(38720K) Class: 2814K(2944K)->2814K(2944K)
[103.879s][info][gc          ] GC(177) Pause Young (Prepare Mixed) (G1 Evacuation Pause) 232M->91M(256M) 13.918ms
[103.879s][info][gc,cpu      ] GC(177) User=0.02s Sys=0.00s Real=0.01s
[104.480s][info][gc,start    ] GC(178) Pause Young (Mixed) (G1 Evacuation Pause)
[104.480s][info][gc,task     ] GC(178) Using 2 workers of 2 for evacuation
[104.498s][info][gc,phases   ] GC(178)   Pre Evacuate Collection Set: 0.19ms
[104.498s][info][gc,phases   ] GC(178)   Merge Heap Roots: 0.17ms
[104.498s][info][gc,phases   ] GC(178)   Evacuate Collection Set: 16.64ms
[104.498s][info][gc,phases   ] GC(178)   Post Evacuate Collection Set: 0.49ms
[104.498s][info][gc,phases   ] GC(178)   Other: 0.07ms
[104.498s][info][gc,heap     ] GC(178) Eden regions: 130->0(136)
[104.498s][info][gc,heap     ] GC(178) Survivor regions: 13->8(18)
[104.498s][info][gc,heap     ] GC(178) Old regions: 76->77
[104.498s][info][gc,heap     ] GC(178) Humongous regions: 13->3
[104.498s][info][gc,metaspace] GC(178) Metaspace: 41263K(41664K)->41263K(41664K) NonClass: 38448K(38720K)->38448K(38720K) Class: 2814K(2944K)->2814K(2944K)
[104.498s][info][gc          ] GC(178) Pause Young (Mixed) (G1 Evacuation Pause) 231M->87M(256M) 17.726ms
[104.498s][info][gc,cpu      ] GC(178) User=0.03s Sys=0.01s Real=0.02s
[104.614s][info][gc,start    ] GC(179) Pause Young (Concurrent Start) (G1 Humongous Allocation)
[104.614s][info][gc,task     ] GC(179) Using 2 workers of 2 for evacuation
[104.618s][info][gc,phases   ] GC(179)   Pre Evacuate Collection Set: 0.17ms
[104.618s][info][gc,phases   ] GC(179)   Merge Heap Roots: 0.05ms
[104.618s][info][gc,phases   ] GC(179)   Evacuate Collection Set: 2.81ms
[104.618s][info][gc,phases   ] GC(179)   Post Evacuate Collection Set: 0.28ms
[104.618s][info][gc,phases   ] GC(179)   Other: 0.11ms
[104.618s][info][gc,heap     ] GC(179) Eden regions: 27->0(147)
[104.618s][info][gc,heap     ] GC(179) Survivor regions: 8->2(18)
[104.618s][info][gc,heap     ] GC(179) Old regions: 77->77
[104.618s][info][gc,heap     ] GC(179) Humongous regions: 3->1
[104.618s][info][gc,metaspace] GC(179) Metaspace: 41263K(41664K)->41263K(41664K) NonClass: 38449K(38720K)->38449K(38720K) Class: 2814K(2944K)->2814K(2944K)
[104.618s][info][gc          ] GC(179) Pause Young (Concurrent Start) (G1 Humongous Allocation) 114M->80M(256M) 3.568ms
[104.618s][info][gc          ] GC(180) Concurrent Mark Cycle
[104.618s][info][gc,marking  ] GC(180) Concurrent Scan Root Regions
[104.620s][info][gc,cpu      ] GC(179) User=0.01s Sys=0.00s Real=0.00s
[104.622s][info][gc,marking  ] GC(180) Concurrent Scan Root Regions 3.984ms
[104.622s][info][gc,marking  ] GC(180) Concurrent Mark
[104.622s][info][gc,marking  ] GC(180) Concurrent Mark From Roots
[104.622s][info][gc,task     ] GC(180) Using 1 workers of 1 for marking
[104.677s][info][gc,marking  ] GC(180) Concurrent Mark From Roots 55.472ms
[104.677s][info][gc,marking  ] GC(180) Concurrent Preclean
[104.678s][info][gc,marking  ] GC(180) Concurrent Preclean 0.036ms
[104.678s][info][gc,start    ] GC(180) Pause Remark
[104.691s][info][gc          ] GC(180) Pause Remark 89M->70M(256M) 13.478ms
[104.691s][info][gc,cpu      ] GC(180) User=0.02s Sys=0.00s Real=0.01s
[104.692s][info][gc,marking  ] GC(180) Concurrent Mark 69.660ms
[104.692s][info][gc,marking  ] GC(180) Concurrent Rebuild Remembered Sets and Scrub Regions
[104.726s][info][gc,marking  ] GC(180) Concurrent Rebuild Remembered Sets and Scrub Regions 34.801ms
[104.727s][info][gc,start    ] GC(180) Pause Cleanup
[104.727s][info][gc          ] GC(180) Pause Cleanup 71M->71M(256M) 0.042ms
[104.727s][info][gc,cpu      ] GC(180) User=0.00s Sys=0.00s Real=0.00s
[104.727s][info][gc,marking  ] GC(180) Concurrent Clear Claimed Marks
[104.727s][info][gc,marking  ] GC(180) Concurrent Clear Claimed Marks 0.034ms
[104.727s][info][gc,marking  ] GC(180) Concurrent Cleanup for Next Mark
[104.727s][info][gc,marking  ] GC(180) Concurrent Cleanup for Next Mark 0.751ms
[104.727s][info][gc          ] GC(180) Concurrent Mark Cycle 109.465ms
[105.529s][info][gc,start    ] GC(181) Pause Young (Prepare Mixed) (G1 Evacuation Pause)
[105.529s][info][gc,task     ] GC(181) Using 2 workers of 2 for evacuation
[105.538s][info][gc,phases   ] GC(181)   Pre Evacuate Collection Set: 0.15ms
[105.538s][info][gc,phases   ] GC(181)   Merge Heap Roots: 0.06ms
[105.538s][info][gc,phases   ] GC(181)   Evacuate Collection Set: 8.06ms
[105.538s][info][gc,phases   ] GC(181)   Post Evacuate Collection Set: 0.44ms
[105.538s][info][gc,phases   ] GC(181)   Other: 0.07ms
[105.538s][info][gc,heap     ] GC(181) Eden regions: 147->0(144)
[105.538s][info][gc,heap     ] GC(181) Survivor regions: 2->9(19)
[105.538s][info][gc,heap     ] GC(181) Old regions: 58->58
[105.538s][info][gc,heap     ] GC(181) Humongous regions: 15->3
[105.538s][info][gc,metaspace] GC(181) Metaspace: 41271K(41664K)->41271K(41664K) NonClass: 38456K(38720K)->38456K(38720K) Class: 2814K(2944K)->2814K(2944K)
[105.538s][info][gc          ] GC(181) Pause Young (Prepare Mixed) (G1 Evacuation Pause) 221M->69M(256M) 8.992ms
[105.538s][info][gc,cpu      ] GC(181) User=0.02s Sys=0.00s Real=0.01s
[106.143s][info][gc,start    ] GC(182) Pause Young (Mixed) (G1 Evacuation Pause)
[106.143s][info][gc,task     ] GC(182) Using 2 workers of 2 for evacuation
[106.176s][info][gc,phases   ] GC(182)   Pre Evacuate Collection Set: 0.25ms
[106.176s][info][gc,phases   ] GC(182)   Merge Heap Roots: 0.34ms
[106.176s][info][gc,phases   ] GC(182)   Evacuate Collection Set: 30.93ms
[106.176s][info][gc,phases   ] GC(182)   Post Evacuate Collection Set: 0.58ms
[106.176s][info][gc,phases   ] GC(182)   Other: 0.08ms
[106.176s][info][gc,heap     ] GC(182) Eden regions: 144->0(133)
[106.176s][info][gc,heap     ] GC(182) Survivor regions: 9->20(20)
[106.176s][info][gc,heap     ] GC(182) Old regions: 58->50
[106.176s][info][gc,heap     ] GC(182) Humongous regions: 3->3
[106.176s][info][gc,metaspace] GC(182) Metaspace: 41274K(41664K)->41274K(41664K) NonClass: 38459K(38720K)->38459K(38720K) Class: 2814K(2944K)->2814K(2944K)
[106.176s][info][gc          ] GC(182) Pause Young (Mixed) (G1 Evacuation Pause) 213M->72M(256M) 32.358ms
[106.176s][info][gc,cpu      ] GC(182) User=0.07s Sys=0.00s Real=0.03s
[106.877s][info][gc,start    ] GC(183) Pause Young (Concurrent Start) (G1 Evacuation Pause)
[106.877s][info][gc,task     ] GC(183) Using 2 workers of 2 for evacuation
[106.904s][info][gc,phases   ] GC(183)   Pre Evacuate Collection Set: 0.17ms
[106.904s][info][gc,phases   ] GC(183)   Merge Heap Roots: 0.18ms
[106.904s][info][gc,phases   ] GC(183)   Evacuate Collection Set: 25.94ms
[106.904s][info][gc,phases   ] GC(183)   Post Evacuate Collection Set: 0.40ms
[106.904s][info][gc,phases   ] GC(183)   Other: 0.09ms
[106.904s][info][gc,heap     ] GC(183) Eden regions: 133->0(136)
[106.904s][info][gc,heap     ] GC(183) Survivor regions: 20->15(20)
[106.904s][info][gc,heap     ] GC(183) Old regions: 50->61
[106.904s][info][gc,heap     ] GC(183) Humongous regions: 3->3
[106.904s][info][gc,metaspace] GC(183) Metaspace: 41278K(41664K)->41278K(41664K) NonClass: 38463K(38720K)->38463K(38720K) Class: 2814K(2944K)->2814K(2944K)
[106.904s][info][gc          ] GC(183) Pause Young (Concurrent Start) (G1 Evacuation Pause) 205M->79M(256M) 26.968ms
[106.904s][info][gc,cpu      ] GC(183) User=0.06s Sys=0.00s Real=0.03s
[106.904s][info][gc          ] GC(184) Concurrent Mark Cycle
[106.904s][info][gc,marking  ] GC(184) Concurrent Scan Root Regions
[106.931s][info][gc,marking  ] GC(184) Concurrent Scan Root Regions 26.821ms
[106.931s][info][gc,marking  ] GC(184) Concurrent Mark
[106.931s][info][gc,marking  ] GC(184) Concurrent Mark From Roots
[106.931s][info][gc,task     ] GC(184) Using 1 workers of 1 for marking
[106.979s][info][gc,marking  ] GC(184) Concurrent Mark From Roots 48.197ms
[106.979s][info][gc,marking  ] GC(184) Concurrent Preclean
[106.979s][info][gc,marking  ] GC(184) Concurrent Preclean 0.033ms
[106.979s][info][gc,start    ] GC(184) Pause Remark
[106.993s][info][gc          ] GC(184) Pause Remark 88M->88M(256M) 13.619ms
[106.993s][info][gc,cpu      ] GC(184) User=0.03s Sys=0.00s Real=0.02s
[106.993s][info][gc,marking  ] GC(184) Concurrent Mark 62.142ms
[106.993s][info][gc,marking  ] GC(184) Concurrent Rebuild Remembered Sets and Scrub Regions
[107.021s][info][gc,marking  ] GC(184) Concurrent Rebuild Remembered Sets and Scrub Regions 28.214ms
[107.021s][info][gc,start    ] GC(184) Pause Cleanup
[107.021s][info][gc          ] GC(184) Pause Cleanup 91M->91M(256M) 0.042ms
[107.021s][info][gc,cpu      ] GC(184) User=0.00s Sys=0.00s Real=0.00s
[107.021s][info][gc,marking  ] GC(184) Concurrent Clear Claimed Marks
[107.021s][info][gc,marking  ] GC(184) Concurrent Clear Claimed Marks 0.033ms
[107.021s][info][gc,marking  ] GC(184) Concurrent Cleanup for Next Mark
[107.022s][info][gc,marking  ] GC(184) Concurrent Cleanup for Next Mark 0.761ms
[107.022s][info][gc          ] GC(184) Concurrent Mark Cycle 118.304ms
[107.500s][info][gc,start    ] GC(185) Pause Young (Prepare Mixed) (G1 Evacuation Pause)
[107.500s][info][gc,task     ] GC(185) Using 2 workers of 2 for evacuation
[107.529s][info][gc,phases   ] GC(185)   Pre Evacuate Collection Set: 0.20ms
[107.529s][info][gc,phases   ] GC(185)   Merge Heap Roots: 0.27ms
[107.529s][info][gc,phases   ] GC(185)   Evacuate Collection Set: 27.92ms
[107.529s][info][gc,phases   ] GC(185)   Post Evacuate Collection Set: 0.44ms
[107.529s][info][gc,phases   ] GC(185)   Other: 0.08ms
[107.529s][info][gc,heap     ] GC(185) Eden regions: 136->0(122)
[107.529s][info][gc,heap     ] GC(185) Survivor regions: 15->16(19)
[107.529s][info][gc,heap     ] GC(185) Old regions: 61->76
[107.529s][info][gc,heap     ] GC(185) Humongous regions: 7->3
[107.529s][info][gc,metaspace] GC(185) Metaspace: 41278K(41664K)->41278K(41664K) NonClass: 38463K(38720K)->38463K(38720K) Class: 2814K(2944K)->2814K(2944K)
[107.529s][info][gc          ] GC(185) Pause Young (Prepare Mixed) (G1 Evacuation Pause) 219M->94M(256M) 29.071ms
[107.529s][info][gc,cpu      ] GC(185) User=0.06s Sys=0.00s Real=0.03s
[107.986s][info][gc,start    ] GC(186) Pause Young (Mixed) (G1 Evacuation Pause)
[107.986s][info][gc,task     ] GC(186) Using 2 workers of 2 for evacuation
[108.004s][info][gc,phases   ] GC(186)   Pre Evacuate Collection Set: 0.18ms
[108.004s][info][gc,phases   ] GC(186)   Merge Heap Roots: 0.12ms
[108.004s][info][gc,phases   ] GC(186)   Evacuate Collection Set: 17.27ms
[108.005s][info][gc,phases   ] GC(186)   Post Evacuate Collection Set: 0.51ms
[108.005s][info][gc,phases   ] GC(186)   Other: 0.08ms
[108.005s][info][gc,heap     ] GC(186) Eden regions: 122->0(131)
[108.005s][info][gc,heap     ] GC(186) Survivor regions: 16->6(18)
[108.005s][info][gc,heap     ] GC(186) Old regions: 76->79
[108.005s][info][gc,heap     ] GC(186) Humongous regions: 11->3
[108.005s][info][gc,metaspace] GC(186) Metaspace: 41282K(41728K)->41282K(41728K) NonClass: 38467K(38784K)->38467K(38784K) Class: 2814K(2944K)->2814K(2944K)
[108.005s][info][gc          ] GC(186) Pause Young (Mixed) (G1 Evacuation Pause) 224M->87M(256M) 18.332ms
[108.005s][info][gc,cpu      ] GC(186) User=0.04s Sys=0.00s Real=0.02s
[108.152s][info][gc,start    ] GC(187) Pause Young (Concurrent Start) (G1 Humongous Allocation)
[108.152s][info][gc,task     ] GC(187) Using 2 workers of 2 for evacuation
[108.155s][info][gc,phases   ] GC(187)   Pre Evacuate Collection Set: 0.16ms
[108.155s][info][gc,phases   ] GC(187)   Merge Heap Roots: 1.18ms
[108.156s][info][gc,phases   ] GC(187)   Evacuate Collection Set: 1.32ms
[108.156s][info][gc,phases   ] GC(187)   Post Evacuate Collection Set: 0.30ms
[108.156s][info][gc,phases   ] GC(187)   Other: 0.07ms
[108.156s][info][gc,heap     ] GC(187) Eden regions: 35->0(141)
[108.156s][info][gc,heap     ] GC(187) Survivor regions: 6->2(18)
[108.156s][info][gc,heap     ] GC(187) Old regions: 79->79
[108.156s][info][gc,heap     ] GC(187) Humongous regions: 3->1
[108.156s][info][gc,metaspace] GC(187) Metaspace: 41282K(41728K)->41282K(41728K) NonClass: 38467K(38784K)->38467K(38784K) Class: 2814K(2944K)->2814K(2944K)
[108.156s][info][gc          ] GC(187) Pause Young (Concurrent Start) (G1 Humongous Allocation) 121M->81M(256M) 3.188ms
[108.156s][info][gc          ] GC(188) Concurrent Mark Cycle
[108.156s][info][gc,marking  ] GC(188) Concurrent Scan Root Regions
[108.157s][info][gc,cpu      ] GC(187) User=0.01s Sys=0.00s Real=0.00s
[108.157s][info][gc,marking  ] GC(188) Concurrent Scan Root Regions 1.425ms
[108.157s][info][gc,marking  ] GC(188) Concurrent Mark
[108.157s][info][gc,marking  ] GC(188) Concurrent Mark From Roots
[108.157s][info][gc,task     ] GC(188) Using 1 workers of 1 for marking
[108.260s][info][gc,marking  ] GC(188) Concurrent Mark From Roots 102.782ms
[108.260s][info][gc,marking  ] GC(188) Concurrent Preclean
[108.260s][info][gc,marking  ] GC(188) Concurrent Preclean 0.037ms
[108.261s][info][gc,start    ] GC(188) Pause Remark
[108.277s][info][gc          ] GC(188) Pause Remark 111M->101M(256M) 15.981ms
[108.277s][info][gc,cpu      ] GC(188) User=0.02s Sys=0.00s Real=0.02s
[108.277s][info][gc,marking  ] GC(188) Concurrent Mark 119.992ms
[108.277s][info][gc,marking  ] GC(188) Concurrent Rebuild Remembered Sets and Scrub Regions
[108.307s][info][gc,marking  ] GC(188) Concurrent Rebuild Remembered Sets and Scrub Regions 30.016ms
[108.307s][info][gc,start    ] GC(188) Pause Cleanup
[108.307s][info][gc          ] GC(188) Pause Cleanup 108M->108M(256M) 0.076ms
[108.307s][info][gc,cpu      ] GC(188) User=0.00s Sys=0.00s Real=0.00s
[108.310s][info][gc,marking  ] GC(188) Concurrent Clear Claimed Marks
[108.310s][info][gc,marking  ] GC(188) Concurrent Clear Claimed Marks 0.077ms
[108.310s][info][gc,marking  ] GC(188) Concurrent Cleanup for Next Mark
[108.311s][info][gc,marking  ] GC(188) Concurrent Cleanup for Next Mark 0.758ms
[108.311s][info][gc          ] GC(188) Concurrent Mark Cycle 155.015ms
[108.802s][info][gc,start    ] GC(189) Pause Young (Prepare Mixed) (G1 Evacuation Pause)
[108.803s][info][gc,task     ] GC(189) Using 2 workers of 2 for evacuation
[108.818s][info][gc,phases   ] GC(189)   Pre Evacuate Collection Set: 0.21ms
[108.818s][info][gc,phases   ] GC(189)   Merge Heap Roots: 0.08ms
[108.818s][info][gc,phases   ] GC(189)   Evacuate Collection Set: 14.20ms
[108.818s][info][gc,phases   ] GC(189)   Post Evacuate Collection Set: 0.40ms
[108.818s][info][gc,phases   ] GC(189)   Other: 0.11ms
[108.818s][info][gc,heap     ] GC(189) Eden regions: 141->0(136)
[108.818s][info][gc,heap     ] GC(189) Survivor regions: 2->13(18)
[108.818s][info][gc,heap     ] GC(189) Old regions: 69->69
[108.818s][info][gc,heap     ] GC(189) Humongous regions: 5->3
[108.818s][info][gc,metaspace] GC(189) Metaspace: 41284K(41728K)->41284K(41728K) NonClass: 38469K(38784K)->38469K(38784K) Class: 2814K(2944K)->2814K(2944K)
[108.818s][info][gc          ] GC(189) Pause Young (Prepare Mixed) (G1 Evacuation Pause) 216M->84M(256M) 15.171ms
[108.818s][info][gc,cpu      ] GC(189) User=0.03s Sys=0.00s Real=0.01s
[109.321s][info][gc,start    ] GC(190) Pause Young (Mixed) (G1 Evacuation Pause)
[109.321s][info][gc,task     ] GC(190) Using 2 workers of 2 for evacuation
[109.335s][info][gc,phases   ] GC(190)   Pre Evacuate Collection Set: 0.16ms
[109.335s][info][gc,phases   ] GC(190)   Merge Heap Roots: 0.11ms
[109.335s][info][gc,phases   ] GC(190)   Evacuate Collection Set: 12.38ms
[109.335s][info][gc,phases   ] GC(190)   Post Evacuate Collection Set: 0.53ms
[109.335s][info][gc,phases   ] GC(190)   Other: 0.09ms
[109.335s][info][gc,heap     ] GC(190) Eden regions: 136->0(146)
[109.335s][info][gc,heap     ] GC(190) Survivor regions: 13->7(19)
[109.335s][info][gc,heap     ] GC(190) Old regions: 69->50
[109.335s][info][gc,heap     ] GC(190) Humongous regions: 9->3
[109.335s][info][gc,metaspace] GC(190) Metaspace: 41290K(41728K)->41290K(41728K) NonClass: 38475K(38784K)->38475K(38784K) Class: 2814K(2944K)->2814K(2944K)
[109.335s][info][gc          ] GC(190) Pause Young (Mixed) (G1 Evacuation Pause) 226M->59M(256M) 13.455ms
[109.335s][info][gc,cpu      ] GC(190) User=0.02s Sys=0.00s Real=0.02s
[109.381s][info][gc,start    ] GC(191) Pause Young (Concurrent Start) (G1 Humongous Allocation)
[109.382s][info][gc,task     ] GC(191) Using 2 workers of 2 for evacuation
[109.384s][info][gc,phases   ] GC(191)   Pre Evacuate Collection Set: 0.15ms
[109.384s][info][gc,phases   ] GC(191)   Merge Heap Roots: 0.03ms
[109.384s][info][gc,phases   ] GC(191)   Evacuate Collection Set: 1.29ms
[109.384s][info][gc,phases   ] GC(191)   Post Evacuate Collection Set: 0.43ms
[109.384s][info][gc,phases   ] GC(191)   Other: 0.11ms
[109.384s][info][gc,heap     ] GC(191) Eden regions: 10->0(151)
[109.384s][info][gc,heap     ] GC(191) Survivor regions: 7->2(20)
[109.384s][info][gc,heap     ] GC(191) Old regions: 50->50
[109.384s][info][gc,heap     ] GC(191) Humongous regions: 3->1
[109.384s][info][gc,metaspace] GC(191) Metaspace: 41290K(41728K)->41290K(41728K) NonClass: 38475K(38784K)->38475K(38784K) Class: 2814K(2944K)->2814K(2944K)
[109.384s][info][gc          ] GC(191) Pause Young (Concurrent Start) (G1 Humongous Allocation) 69M->52M(256M) 2.193ms
[109.384s][info][gc,cpu      ] GC(191) User=0.01s Sys=0.00s Real=0.01s
[109.389s][info][gc          ] GC(192) Concurrent Mark Cycle
[109.389s][info][gc,marking  ] GC(192) Concurrent Scan Root Regions
[109.411s][info][gc,marking  ] GC(192) Concurrent Scan Root Regions 21.292ms
[109.411s][info][gc,marking  ] GC(192) Concurrent Mark
[109.411s][info][gc,marking  ] GC(192) Concurrent Mark From Roots
[109.411s][info][gc,task     ] GC(192) Using 1 workers of 1 for marking
[109.466s][info][gc,marking  ] GC(192) Concurrent Mark From Roots 54.980ms
[109.466s][info][gc,marking  ] GC(192) Concurrent Preclean
[109.466s][info][gc,marking  ] GC(192) Concurrent Preclean 0.032ms
[109.466s][info][gc,start    ] GC(192) Pause Remark
[109.480s][info][gc          ] GC(192) Pause Remark 69M->69M(256M) 14.319ms
[109.480s][info][gc,cpu      ] GC(192) User=0.02s Sys=0.00s Real=0.01s
[109.480s][info][gc,marking  ] GC(192) Concurrent Mark 69.606ms
[109.480s][info][gc,marking  ] GC(192) Concurrent Rebuild Remembered Sets and Scrub Regions
[109.528s][info][gc,marking  ] GC(192) Concurrent Rebuild Remembered Sets and Scrub Regions 47.624ms
[109.528s][info][gc,start    ] GC(192) Pause Cleanup
[109.528s][info][gc          ] GC(192) Pause Cleanup 77M->77M(256M) 0.062ms
[109.528s][info][gc,cpu      ] GC(192) User=0.00s Sys=0.00s Real=0.00s
[109.528s][info][gc,marking  ] GC(192) Concurrent Clear Claimed Marks
[109.528s][info][gc,marking  ] GC(192) Concurrent Clear Claimed Marks 0.040ms
[109.528s][info][gc,marking  ] GC(192) Concurrent Cleanup for Next Mark
[109.529s][info][gc,marking  ] GC(192) Concurrent Cleanup for Next Mark 0.783ms
[109.529s][info][gc          ] GC(192) Concurrent Mark Cycle 139.708ms
[110.008s][info][gc,start    ] GC(193) Pause Young (Prepare Mixed) (G1 Evacuation Pause)
[110.008s][info][gc,task     ] GC(193) Using 2 workers of 2 for evacuation
[110.021s][info][gc,phases   ] GC(193)   Pre Evacuate Collection Set: 0.16ms
[110.021s][info][gc,phases   ] GC(193)   Merge Heap Roots: 0.06ms
[110.021s][info][gc,phases   ] GC(193)   Evacuate Collection Set: 12.10ms
[110.021s][info][gc,phases   ] GC(193)   Post Evacuate Collection Set: 0.39ms
[110.021s][info][gc,phases   ] GC(193)   Other: 0.07ms
[110.021s][info][gc,heap     ] GC(193) Eden regions: 151->0(140)
[110.021s][info][gc,heap     ] GC(193) Survivor regions: 2->13(20)
[110.021s][info][gc,heap     ] GC(193) Old regions: 50->50
[110.021s][info][gc,heap     ] GC(193) Humongous regions: 5->3
[110.021s][info][gc,metaspace] GC(193) Metaspace: 41290K(41728K)->41290K(41728K) NonClass: 38475K(38784K)->38475K(38784K) Class: 2814K(2944K)->2814K(2944K)
[110.021s][info][gc          ] GC(193) Pause Young (Prepare Mixed) (G1 Evacuation Pause) 207M->65M(256M) 12.955ms
[110.021s][info][gc,cpu      ] GC(193) User=0.03s Sys=0.00s Real=0.01s
[110.581s][info][gc,start    ] GC(194) Pause Young (Mixed) (G1 Evacuation Pause)
[110.581s][info][gc,task     ] GC(194) Using 2 workers of 2 for evacuation
[110.595s][info][gc,phases   ] GC(194)   Pre Evacuate Collection Set: 0.17ms
[110.595s][info][gc,phases   ] GC(194)   Merge Heap Roots: 0.18ms
[110.595s][info][gc,phases   ] GC(194)   Evacuate Collection Set: 12.42ms
[110.595s][info][gc,phases   ] GC(194)   Post Evacuate Collection Set: 0.49ms
[110.595s][info][gc,phases   ] GC(194)   Other: 0.08ms
[110.595s][info][gc,heap     ] GC(194) Eden regions: 140->0(146)
[110.595s][info][gc,heap     ] GC(194) Survivor regions: 13->7(20)
[110.595s][info][gc,heap     ] GC(194) Old regions: 50->50
[110.595s][info][gc,heap     ] GC(194) Humongous regions: 7->3
[110.595s][info][gc,metaspace] GC(194) Metaspace: 41311K(41728K)->41311K(41728K) NonClass: 38496K(38784K)->38496K(38784K) Class: 2814K(2944K)->2814K(2944K)
[110.595s][info][gc          ] GC(194) Pause Young (Mixed) (G1 Evacuation Pause) 209M->58M(256M) 13.529ms
[110.595s][info][gc,cpu      ] GC(194) User=0.02s Sys=0.00s Real=0.02s
[110.702s][info][gc,start    ] GC(195) Pause Young (Concurrent Start) (G1 Humongous Allocation)
[110.702s][info][gc,task     ] GC(195) Using 2 workers of 2 for evacuation
[110.706s][info][gc,phases   ] GC(195)   Pre Evacuate Collection Set: 0.16ms
[110.706s][info][gc,phases   ] GC(195)   Merge Heap Roots: 0.04ms
[110.706s][info][gc,phases   ] GC(195)   Evacuate Collection Set: 2.69ms
[110.706s][info][gc,phases   ] GC(195)   Post Evacuate Collection Set: 0.38ms
[110.706s][info][gc,phases   ] GC(195)   Other: 0.13ms
[110.706s][info][gc,heap     ] GC(195) Eden regions: 20->0(151)
[110.706s][info][gc,heap     ] GC(195) Survivor regions: 7->2(20)
[110.706s][info][gc,heap     ] GC(195) Old regions: 50->50
[110.706s][info][gc,heap     ] GC(195) Humongous regions: 3->1
[110.706s][info][gc,metaspace] GC(195) Metaspace: 41311K(41728K)->41311K(41728K) NonClass: 38496K(38784K)->38496K(38784K) Class: 2814K(2944K)->2814K(2944K)
[110.706s][info][gc          ] GC(195) Pause Young (Concurrent Start) (G1 Humongous Allocation) 78M->51M(256M) 3.553ms
[110.706s][info][gc,cpu      ] GC(195) User=0.01s Sys=0.00s Real=0.00s
[110.709s][info][gc          ] GC(196) Concurrent Mark Cycle
[110.709s][info][gc,marking  ] GC(196) Concurrent Scan Root Regions
[110.715s][info][gc,marking  ] GC(196) Concurrent Scan Root Regions 6.242ms
[110.715s][info][gc,marking  ] GC(196) Concurrent Mark
[110.715s][info][gc,marking  ] GC(196) Concurrent Mark From Roots
[110.715s][info][gc,task     ] GC(196) Using 1 workers of 1 for marking
[110.774s][info][gc,marking  ] GC(196) Concurrent Mark From Roots 58.817ms
[110.774s][info][gc,marking  ] GC(196) Concurrent Preclean
[110.774s][info][gc,marking  ] GC(196) Concurrent Preclean 0.035ms
[110.774s][info][gc,start    ] GC(196) Pause Remark
[110.787s][info][gc          ] GC(196) Pause Remark 73M->73M(256M) 12.826ms
[110.787s][info][gc,cpu      ] GC(196) User=0.03s Sys=0.00s Real=0.01s
[110.788s][info][gc,marking  ] GC(196) Concurrent Mark 72.747ms
[110.788s][info][gc,marking  ] GC(196) Concurrent Rebuild Remembered Sets and Scrub Regions
[110.812s][info][gc,marking  ] GC(196) Concurrent Rebuild Remembered Sets and Scrub Regions 24.304ms
[110.812s][info][gc,start    ] GC(196) Pause Cleanup
[110.812s][info][gc          ] GC(196) Pause Cleanup 75M->75M(256M) 0.040ms
[110.812s][info][gc,cpu      ] GC(196) User=0.00s Sys=0.00s Real=0.00s
[110.812s][info][gc,marking  ] GC(196) Concurrent Clear Claimed Marks
[110.812s][info][gc,marking  ] GC(196) Concurrent Clear Claimed Marks 0.032ms
[110.812s][info][gc,marking  ] GC(196) Concurrent Cleanup for Next Mark
[110.813s][info][gc,marking  ] GC(196) Concurrent Cleanup for Next Mark 0.743ms
[110.813s][info][gc          ] GC(196) Concurrent Mark Cycle 104.440ms
[111.151s][info][gc,start    ] GC(197) Pause Young (Prepare Mixed) (G1 Evacuation Pause)
[111.151s][info][gc,task     ] GC(197) Using 2 workers of 2 for evacuation
[111.182s][info][gc,phases   ] GC(197)   Pre Evacuate Collection Set: 0.15ms
[111.182s][info][gc,phases   ] GC(197)   Merge Heap Roots: 0.06ms
[111.182s][info][gc,phases   ] GC(197)   Evacuate Collection Set: 29.82ms
[111.182s][info][gc,phases   ] GC(197)   Post Evacuate Collection Set: 0.49ms
[111.182s][info][gc,phases   ] GC(197)   Other: 0.07ms
[111.182s][info][gc,heap     ] GC(197) Eden regions: 151->0(119)
[111.182s][info][gc,heap     ] GC(197) Survivor regions: 2->20(20)
[111.182s][info][gc,heap     ] GC(197) Old regions: 50->66
[111.182s][info][gc,heap     ] GC(197) Humongous regions: 5->3
[111.182s][info][gc,metaspace] GC(197) Metaspace: 41312K(41728K)->41312K(41728K) NonClass: 38497K(38784K)->38497K(38784K) Class: 2814K(2944K)->2814K(2944K)
[111.182s][info][gc          ] GC(197) Pause Young (Prepare Mixed) (G1 Evacuation Pause) 206M->88M(256M) 30.815ms
[111.182s][info][gc,cpu      ] GC(197) User=0.06s Sys=0.00s Real=0.04s
[111.696s][info][gc,start    ] GC(198) Pause Young (Mixed) (G1 Evacuation Pause)
[111.696s][info][gc,task     ] GC(198) Using 2 workers of 2 for evacuation
[111.757s][info][gc,phases   ] GC(198)   Pre Evacuate Collection Set: 0.19ms
[111.757s][info][gc,phases   ] GC(198)   Merge Heap Roots: 0.35ms
[111.757s][info][gc,phases   ] GC(198)   Evacuate Collection Set: 59.79ms
[111.757s][info][gc,phases   ] GC(198)   Post Evacuate Collection Set: 0.70ms
[111.757s][info][gc,phases   ] GC(198)   Other: 0.07ms
[111.757s][info][gc,heap     ] GC(198) Eden regions: 119->0(95)
[111.757s][info][gc,heap     ] GC(198) Survivor regions: 20->18(18)
[111.757s][info][gc,heap     ] GC(198) Old regions: 66->93
[111.757s][info][gc,heap     ] GC(198) Humongous regions: 3->3
[111.757s][info][gc,metaspace] GC(198) Metaspace: 41312K(41728K)->41312K(41728K) NonClass: 38497K(38784K)->38497K(38784K) Class: 2814K(2944K)->2814K(2944K)
[111.757s][info][gc          ] GC(198) Pause Young (Mixed) (G1 Evacuation Pause) 207M->114M(257M) 61.279ms
[111.757s][info][gc,cpu      ] GC(198) User=0.12s Sys=0.00s Real=0.06s
[112.221s][info][gc,start    ] GC(199) Pause Young (Concurrent Start) (G1 Evacuation Pause)
[112.221s][info][gc,task     ] GC(199) Using 2 workers of 2 for evacuation
[112.286s][info][gc,phases   ] GC(199)   Pre Evacuate Collection Set: 0.15ms
[112.287s][info][gc,phases   ] GC(199)   Merge Heap Roots: 0.39ms
[112.287s][info][gc,phases   ] GC(199)   Evacuate Collection Set: 63.92ms
[112.287s][info][gc,phases   ] GC(199)   Post Evacuate Collection Set: 0.42ms
[112.287s][info][gc,phases   ] GC(199)   Other: 0.12ms
[112.287s][info][gc,heap     ] GC(199) Eden regions: 95->0(73)
[112.287s][info][gc,heap     ] GC(199) Survivor regions: 18->15(15)
[112.287s][info][gc,heap     ] GC(199) Old regions: 93->123
[112.287s][info][gc,heap     ] GC(199) Humongous regions: 3->3
[112.287s][info][gc,metaspace] GC(199) Metaspace: 41312K(41728K)->41312K(41728K) NonClass: 38498K(38784K)->38498K(38784K) Class: 2814K(2944K)->2814K(2944K)
[112.287s][info][gc          ] GC(199) Pause Young (Concurrent Start) (G1 Evacuation Pause) 209M->140M(257M) 65.177ms
[112.287s][info][gc,cpu      ] GC(199) User=0.13s Sys=0.00s Real=0.07s
[112.287s][info][gc          ] GC(200) Concurrent Mark Cycle
[112.287s][info][gc,marking  ] GC(200) Concurrent Scan Root Regions
[112.376s][info][gc,marking  ] GC(200) Concurrent Scan Root Regions 89.147ms
[112.376s][info][gc,marking  ] GC(200) Concurrent Mark
[112.376s][info][gc,marking  ] GC(200) Concurrent Mark From Roots
[112.376s][info][gc,task     ] GC(200) Using 1 workers of 1 for marking
[112.551s][info][gc,marking  ] GC(200) Concurrent Mark From Roots 175.429ms
[112.551s][info][gc,marking  ] GC(200) Concurrent Preclean
[112.551s][info][gc,marking  ] GC(200) Concurrent Preclean 0.073ms
[112.555s][info][gc,start    ] GC(200) Pause Remark
[112.578s][info][gc          ] GC(200) Pause Remark 175M->175M(257M) 22.936ms
[112.578s][info][gc,cpu      ] GC(200) User=0.03s Sys=0.00s Real=0.02s
[112.578s][info][gc,marking  ] GC(200) Concurrent Mark 201.751ms
[112.578s][info][gc,marking  ] GC(200) Concurrent Rebuild Remembered Sets and Scrub Regions
[112.657s][info][gc,marking  ] GC(200) Concurrent Rebuild Remembered Sets and Scrub Regions 79.204ms
[112.657s][info][gc,start    ] GC(200) Pause Cleanup
[112.657s][info][gc          ] GC(200) Pause Cleanup 187M->187M(257M) 0.047ms
[112.657s][info][gc,cpu      ] GC(200) User=0.00s Sys=0.00s Real=0.00s
[112.658s][info][gc,marking  ] GC(200) Concurrent Clear Claimed Marks
[112.659s][info][gc,marking  ] GC(200) Concurrent Clear Claimed Marks 0.051ms
[112.659s][info][gc,marking  ] GC(200) Concurrent Cleanup for Next Mark
[112.660s][info][gc,marking  ] GC(200) Concurrent Cleanup for Next Mark 1.795ms
[112.660s][info][gc          ] GC(200) Concurrent Mark Cycle 373.712ms
[112.781s][info][gc,start    ] GC(201) Pause Young (Prepare Mixed) (G1 Evacuation Pause)
[112.781s][info][gc,task     ] GC(201) Using 2 workers of 2 for evacuation
[112.821s][info][gc,phases   ] GC(201)   Pre Evacuate Collection Set: 0.17ms
[112.821s][info][gc,phases   ] GC(201)   Merge Heap Roots: 0.34ms
[112.821s][info][gc,phases   ] GC(201)   Evacuate Collection Set: 38.49ms
[112.821s][info][gc,phases   ] GC(201)   Post Evacuate Collection Set: 0.32ms
[112.821s][info][gc,phases   ] GC(201)   Other: 0.09ms
[112.821s][info][gc,heap     ] GC(201) Eden regions: 73->0(60)
[112.821s][info][gc,heap     ] GC(201) Survivor regions: 15->11(11)
[112.821s][info][gc,heap     ] GC(201) Old regions: 123->145
[112.821s][info][gc,heap     ] GC(201) Humongous regions: 3->3
[112.821s][info][gc,metaspace] GC(201) Metaspace: 41312K(41728K)->41312K(41728K) NonClass: 38498K(38784K)->38498K(38784K) Class: 2814K(2944K)->2814K(2944K)
[112.821s][info][gc          ] GC(201) Pause Young (Prepare Mixed) (G1 Evacuation Pause) 213M->158M(257M) 39.598ms
[112.821s][info][gc,cpu      ] GC(201) User=0.08s Sys=0.00s Real=0.04s
[113.119s][info][gc,start    ] GC(202) Pause Young (Mixed) (G1 Evacuation Pause)
[113.119s][info][gc,task     ] GC(202) Using 2 workers of 2 for evacuation
[113.154s][info][gc,phases   ] GC(202)   Pre Evacuate Collection Set: 0.19ms
[113.154s][info][gc,phases   ] GC(202)   Merge Heap Roots: 0.21ms
[113.154s][info][gc,phases   ] GC(202)   Evacuate Collection Set: 33.31ms
[113.154s][info][gc,phases   ] GC(202)   Post Evacuate Collection Set: 0.31ms
[113.154s][info][gc,phases   ] GC(202)   Other: 0.08ms
[113.154s][info][gc,heap     ] GC(202) Eden regions: 60->0(53)
[113.154s][info][gc,heap     ] GC(202) Survivor regions: 11->9(9)
[113.154s][info][gc,heap     ] GC(202) Old regions: 145->158
[113.154s][info][gc,heap     ] GC(202) Humongous regions: 3->1
[113.154s][info][gc,metaspace] GC(202) Metaspace: 41312K(41728K)->41312K(41728K) NonClass: 38498K(38784K)->38498K(38784K) Class: 2814K(2944K)->2814K(2944K)
[113.154s][info][gc          ] GC(202) Pause Young (Mixed) (G1 Evacuation Pause) 218M->167M(257M) 34.262ms
[113.154s][info][gc,cpu      ] GC(202) User=0.06s Sys=0.00s Real=0.04s
[113.169s][info][gc,start    ] GC(203) Pause Young (Concurrent Start) (G1 Humongous Allocation)
[113.169s][info][gc,task     ] GC(203) Using 2 workers of 2 for evacuation
[113.182s][info][gc,phases   ] GC(203)   Pre Evacuate Collection Set: 0.15ms
[113.182s][info][gc,phases   ] GC(203)   Merge Heap Roots: 0.09ms
[113.182s][info][gc,phases   ] GC(203)   Evacuate Collection Set: 11.46ms
[113.182s][info][gc,phases   ] GC(203)   Post Evacuate Collection Set: 1.22ms
[113.182s][info][gc,phases   ] GC(203)   Other: 0.07ms
[113.182s][info][gc,heap     ] GC(203) Eden regions: 3->0(156)
[113.182s][info][gc,heap     ] GC(203) Survivor regions: 9->1(8)
[113.182s][info][gc,heap     ] GC(203) Old regions: 158->167
[113.182s][info][gc,heap     ] GC(203) Humongous regions: 1->1
[113.182s][info][gc,metaspace] GC(203) Metaspace: 41312K(41728K)->41312K(41728K) NonClass: 38498K(38784K)->38498K(38784K) Class: 2814K(2944K)->2814K(2944K)
[113.182s][info][gc          ] GC(203) Pause Young (Concurrent Start) (G1 Humongous Allocation) 170M->169M(402M) 13.141ms
[113.182s][info][gc,cpu      ] GC(203) User=0.02s Sys=0.00s Real=0.02s
[113.182s][info][gc          ] GC(204) Concurrent Undo Cycle
[113.182s][info][gc,marking  ] GC(204) Concurrent Clear Claimed Marks
[113.182s][info][gc,marking  ] GC(204) Concurrent Clear Claimed Marks 0.039ms
[113.182s][info][gc,marking  ] GC(204) Concurrent Cleanup for Next Mark
[113.185s][info][gc,marking  ] GC(204) Concurrent Cleanup for Next Mark 2.401ms
[113.185s][info][gc          ] GC(204) Concurrent Undo Cycle 2.518ms
[113.649s][info][gc,start    ] GC(205) Pause Young (Concurrent Start) (G1 Humongous Allocation)
[113.649s][info][gc,task     ] GC(205) Using 2 workers of 2 for evacuation
[113.651s][info][gc,phases   ] GC(205)   Pre Evacuate Collection Set: 0.22ms
[113.651s][info][gc,phases   ] GC(205)   Merge Heap Roots: 0.05ms
[113.651s][info][gc,phases   ] GC(205)   Evacuate Collection Set: 1.47ms
[113.651s][info][gc,phases   ] GC(205)   Post Evacuate Collection Set: 0.34ms
[113.651s][info][gc,phases   ] GC(205)   Other: 0.09ms
[113.651s][info][gc,heap     ] GC(205) Eden regions: 106->0(168)
[113.651s][info][gc,heap     ] GC(205) Survivor regions: 1->1(20)
[113.651s][info][gc,heap     ] GC(205) Old regions: 167->167
[113.651s][info][gc,heap     ] GC(205) Humongous regions: 3->1
[113.651s][info][gc,metaspace] GC(205) Metaspace: 41330K(41728K)->41330K(41728K) NonClass: 38515K(38784K)->38515K(38784K) Class: 2814K(2944K)->2814K(2944K)
[113.651s][info][gc          ] GC(205) Pause Young (Concurrent Start) (G1 Humongous Allocation) 277M->169M(402M) 2.328ms
[113.651s][info][gc,cpu      ] GC(205) User=0.00s Sys=0.00s Real=0.00s
[113.651s][info][gc          ] GC(206) Concurrent Mark Cycle
[113.651s][info][gc,marking  ] GC(206) Concurrent Scan Root Regions
[113.654s][info][gc,marking  ] GC(206) Concurrent Scan Root Regions 2.955ms
[113.654s][info][gc,marking  ] GC(206) Concurrent Mark
[113.654s][info][gc,marking  ] GC(206) Concurrent Mark From Roots
[113.654s][info][gc,task     ] GC(206) Using 1 workers of 1 for marking
[113.727s][info][gc,marking  ] GC(206) Concurrent Mark From Roots 72.992ms
[113.727s][info][gc,marking  ] GC(206) Concurrent Preclean
[113.727s][info][gc,marking  ] GC(206) Concurrent Preclean 0.036ms
[113.727s][info][gc,start    ] GC(206) Pause Remark
[113.740s][info][gc          ] GC(206) Pause Remark 187M->149M(402M) 12.768ms
[113.740s][info][gc,cpu      ] GC(206) User=0.03s Sys=0.01s Real=0.01s
[113.740s][info][gc,marking  ] GC(206) Concurrent Mark 86.046ms
[113.740s][info][gc,marking  ] GC(206) Concurrent Rebuild Remembered Sets and Scrub Regions
[113.765s][info][gc,marking  ] GC(206) Concurrent Rebuild Remembered Sets and Scrub Regions 24.438ms
[113.765s][info][gc,start    ] GC(206) Pause Cleanup
[113.765s][info][gc          ] GC(206) Pause Cleanup 151M->151M(402M) 0.070ms
[113.765s][info][gc,cpu      ] GC(206) User=0.00s Sys=0.00s Real=0.00s
[113.765s][info][gc,marking  ] GC(206) Concurrent Clear Claimed Marks
[113.765s][info][gc,marking  ] GC(206) Concurrent Clear Claimed Marks 0.032ms
[113.765s][info][gc,marking  ] GC(206) Concurrent Cleanup for Next Mark
[113.767s][info][gc,marking  ] GC(206) Concurrent Cleanup for Next Mark 2.589ms
[113.767s][info][gc          ] GC(206) Concurrent Mark Cycle 116.316ms
[114.383s][info][gc,start    ] GC(207) Pause Young (Prepare Mixed) (G1 Evacuation Pause)
[114.383s][info][gc,task     ] GC(207) Using 2 workers of 2 for evacuation
[114.388s][info][gc,phases   ] GC(207)   Pre Evacuate Collection Set: 0.83ms
[114.388s][info][gc,phases   ] GC(207)   Merge Heap Roots: 0.08ms
[114.388s][info][gc,phases   ] GC(207)   Evacuate Collection Set: 3.44ms
[114.388s][info][gc,phases   ] GC(207)   Post Evacuate Collection Set: 0.41ms
[114.388s][info][gc,phases   ] GC(207)   Other: 0.08ms
[114.388s][info][gc,heap     ] GC(207) Eden regions: 168->0(209)
[114.388s][info][gc,heap     ] GC(207) Survivor regions: 1->3(22)
[114.388s][info][gc,heap     ] GC(207) Old regions: 129->129
[114.388s][info][gc,heap     ] GC(207) Humongous regions: 11->1
[114.388s][info][gc,metaspace] GC(207) Metaspace: 41330K(41728K)->41330K(41728K) NonClass: 38515K(38784K)->38515K(38784K) Class: 2814K(2944K)->2814K(2944K)
[114.388s][info][gc          ] GC(207) Pause Young (Prepare Mixed) (G1 Evacuation Pause) 309M->132M(402M) 5.011ms
[114.388s][info][gc,cpu      ] GC(207) User=0.01s Sys=0.00s Real=0.00s
[115.075s][info][gc,start    ] GC(208) Pause Young (Mixed) (G1 Evacuation Pause)
[115.075s][info][gc,task     ] GC(208) Using 2 workers of 2 for evacuation
[115.089s][info][gc,phases   ] GC(208)   Pre Evacuate Collection Set: 0.24ms
[115.089s][info][gc,phases   ] GC(208)   Merge Heap Roots: 0.10ms
[115.089s][info][gc,phases   ] GC(208)   Evacuate Collection Set: 13.56ms
[115.090s][info][gc,phases   ] GC(208)   Post Evacuate Collection Set: 0.49ms
[115.090s][info][gc,phases   ] GC(208)   Other: 0.07ms
[115.090s][info][gc,heap     ] GC(208) Eden regions: 209->0(228)
[115.090s][info][gc,heap     ] GC(208) Survivor regions: 3->13(27)
[115.090s][info][gc,heap     ] GC(208) Old regions: 129->89
[115.090s][info][gc,heap     ] GC(208) Humongous regions: 5->3
[115.090s][info][gc,metaspace] GC(208) Metaspace: 41354K(41792K)->41354K(41792K) NonClass: 38539K(38848K)->38539K(38848K) Class: 2814K(2944K)->2814K(2944K)
[115.090s][info][gc          ] GC(208) Pause Young (Mixed) (G1 Evacuation Pause) 345M->104M(402M) 14.676ms
[115.090s][info][gc,cpu      ] GC(208) User=0.03s Sys=0.00s Real=0.01s
[115.915s][info][gc,start    ] GC(209) Pause Young (Mixed) (G1 Evacuation Pause)
[115.915s][info][gc,task     ] GC(209) Using 2 workers of 2 for evacuation
[115.926s][info][gc,phases   ] GC(209)   Pre Evacuate Collection Set: 0.20ms
[115.926s][info][gc,phases   ] GC(209)   Merge Heap Roots: 0.17ms
[115.926s][info][gc,phases   ] GC(209)   Evacuate Collection Set: 9.98ms
[115.926s][info][gc,phases   ] GC(209)   Post Evacuate Collection Set: 0.48ms
[115.926s][info][gc,phases   ] GC(209)   Other: 0.09ms
[115.926s][info][gc,heap     ] GC(209) Eden regions: 228->0(229)
[115.926s][info][gc,heap     ] GC(209) Survivor regions: 13->12(31)
[115.926s][info][gc,heap     ] GC(209) Old regions: 89->62
[115.926s][info][gc,heap     ] GC(209) Humongous regions: 4->3
[115.926s][info][gc,metaspace] GC(209) Metaspace: 41356K(41792K)->41356K(41792K) NonClass: 38541K(38848K)->38541K(38848K) Class: 2814K(2944K)->2814K(2944K)
[115.926s][info][gc          ] GC(209) Pause Young (Mixed) (G1 Evacuation Pause) 333M->75M(402M) 11.112ms
[115.926s][info][gc,cpu      ] GC(209) User=0.02s Sys=0.00s Real=0.01s
[115.928s][info][gc,start    ] GC(210) Pause Young (Concurrent Start) (G1 Humongous Allocation)
[115.928s][info][gc,task     ] GC(210) Using 2 workers of 2 for evacuation
[115.937s][info][gc,phases   ] GC(210)   Pre Evacuate Collection Set: 0.16ms
[115.937s][info][gc,phases   ] GC(210)   Merge Heap Roots: 0.03ms
[115.937s][info][gc,phases   ] GC(210)   Evacuate Collection Set: 8.72ms
[115.937s][info][gc,phases   ] GC(210)   Post Evacuate Collection Set: 0.28ms
[115.937s][info][gc,phases   ] GC(210)   Other: 0.10ms
[115.937s][info][gc,heap     ] GC(210) Eden regions: 1->0(197)
[115.937s][info][gc,heap     ] GC(210) Survivor regions: 12->12(31)
[115.937s][info][gc,heap     ] GC(210) Old regions: 62->62
[115.937s][info][gc,heap     ] GC(210) Humongous regions: 3->3
[115.937s][info][gc,metaspace] GC(210) Metaspace: 41356K(41792K)->41356K(41792K) NonClass: 38541K(38848K)->38541K(38848K) Class: 2814K(2944K)->2814K(2944K)
[115.937s][info][gc          ] GC(210) Pause Young (Concurrent Start) (G1 Humongous Allocation) 76M->76M(402M) 9.439ms
[115.937s][info][gc,cpu      ] GC(210) User=0.02s Sys=0.00s Real=0.01s
[115.937s][info][gc          ] GC(211) Concurrent Mark Cycle
[115.937s][info][gc,marking  ] GC(211) Concurrent Scan Root Regions
[115.953s][info][gc,marking  ] GC(211) Concurrent Scan Root Regions 15.863ms
[115.953s][info][gc,marking  ] GC(211) Concurrent Mark
[115.953s][info][gc,marking  ] GC(211) Concurrent Mark From Roots
[115.953s][info][gc,task     ] GC(211) Using 1 workers of 1 for marking
[116.062s][info][gc,marking  ] GC(211) Concurrent Mark From Roots 108.488ms
[116.062s][info][gc,marking  ] GC(211) Concurrent Preclean
[116.062s][info][gc,marking  ] GC(211) Concurrent Preclean 0.040ms
[116.062s][info][gc,start    ] GC(211) Pause Remark
[116.079s][info][gc          ] GC(211) Pause Remark 102M->102M(260M) 17.094ms
[116.079s][info][gc,cpu      ] GC(211) User=0.03s Sys=0.00s Real=0.01s
[116.079s][info][gc,marking  ] GC(211) Concurrent Mark 126.239ms
[116.079s][info][gc,marking  ] GC(211) Concurrent Rebuild Remembered Sets and Scrub Regions
[116.103s][info][gc,marking  ] GC(211) Concurrent Rebuild Remembered Sets and Scrub Regions 23.573ms
[116.105s][info][gc,start    ] GC(211) Pause Cleanup
[116.105s][info][gc          ] GC(211) Pause Cleanup 105M->105M(260M) 0.070ms
[116.105s][info][gc,cpu      ] GC(211) User=0.00s Sys=0.00s Real=0.00s
[116.105s][info][gc,marking  ] GC(211) Concurrent Clear Claimed Marks
[116.105s][info][gc,marking  ] GC(211) Concurrent Clear Claimed Marks 0.037ms
[116.105s][info][gc,marking  ] GC(211) Concurrent Cleanup for Next Mark
[116.106s][info][gc,marking  ] GC(211) Concurrent Cleanup for Next Mark 0.768ms
[116.106s][info][gc          ] GC(211) Concurrent Mark Cycle 168.866ms
[116.506s][info][gc,start    ] GC(212) Pause Young (Prepare Mixed) (G1 Evacuation Pause)
[116.506s][info][gc,task     ] GC(212) Using 2 workers of 2 for evacuation
[116.533s][info][gc,phases   ] GC(212)   Pre Evacuate Collection Set: 0.17ms
[116.533s][info][gc,phases   ] GC(212)   Merge Heap Roots: 0.06ms
[116.533s][info][gc,phases   ] GC(212)   Evacuate Collection Set: 25.89ms
[116.533s][info][gc,phases   ] GC(212)   Post Evacuate Collection Set: 0.46ms
[116.533s][info][gc,phases   ] GC(212)   Other: 0.08ms
[116.533s][info][gc,heap     ] GC(212) Eden regions: 144->0(90)
[116.533s][info][gc,heap     ] GC(212) Survivor regions: 12->20(20)
[116.533s][info][gc,heap     ] GC(212) Old regions: 62->78
[116.533s][info][gc,heap     ] GC(212) Humongous regions: 4->3
[116.533s][info][gc,metaspace] GC(212) Metaspace: 41358K(41792K)->41358K(41792K) NonClass: 38543K(38848K)->38543K(38848K) Class: 2814K(2944K)->2814K(2944K)
[116.533s][info][gc          ] GC(212) Pause Young (Prepare Mixed) (G1 Evacuation Pause) 221M->100M(260M) 26.852ms
[116.533s][info][gc,cpu      ] GC(212) User=0.05s Sys=0.00s Real=0.03s
[116.892s][info][gc,start    ] GC(213) Pause Young (Mixed) (G1 Evacuation Pause)
[116.892s][info][gc,task     ] GC(213) Using 2 workers of 2 for evacuation
[116.933s][info][gc,phases   ] GC(213)   Pre Evacuate Collection Set: 0.15ms
[116.933s][info][gc,phases   ] GC(213)   Merge Heap Roots: 0.12ms
[116.933s][info][gc,phases   ] GC(213)   Evacuate Collection Set: 40.14ms
[116.933s][info][gc,phases   ] GC(213)   Post Evacuate Collection Set: 0.44ms
[116.933s][info][gc,phases   ] GC(213)   Other: 0.09ms
[116.933s][info][gc,heap     ] GC(213) Eden regions: 90->0(62)
[116.933s][info][gc,heap     ] GC(213) Survivor regions: 20->14(14)
[116.933s][info][gc,heap     ] GC(213) Old regions: 78->113
[116.933s][info][gc,heap     ] GC(213) Humongous regions: 3->3
[116.933s][info][gc,metaspace] GC(213) Metaspace: 41358K(41792K)->41358K(41792K) NonClass: 38543K(38848K)->38543K(38848K) Class: 2814K(2944K)->2814K(2944K)
[116.933s][info][gc          ] GC(213) Pause Young (Mixed) (G1 Evacuation Pause) 190M->128M(260M) 41.159ms
[116.934s][info][gc,cpu      ] GC(213) User=0.08s Sys=0.00s Real=0.04s
[117.093s][info][gc,start    ] GC(214) Pause Young (Concurrent Start) (G1 Humongous Allocation)
[117.093s][info][gc,task     ] GC(214) Using 2 workers of 2 for evacuation
[117.127s][info][gc,phases   ] GC(214)   Pre Evacuate Collection Set: 0.20ms
[117.127s][info][gc,phases   ] GC(214)   Merge Heap Roots: 0.24ms
[117.127s][info][gc,phases   ] GC(214)   Evacuate Collection Set: 33.41ms
[117.127s][info][gc,phases   ] GC(214)   Post Evacuate Collection Set: 0.37ms
[117.127s][info][gc,phases   ] GC(214)   Other: 0.12ms
[117.127s][info][gc,heap     ] GC(214) Eden regions: 49->0(43)
[117.127s][info][gc,heap     ] GC(214) Survivor regions: 14->10(10)
[117.127s][info][gc,heap     ] GC(214) Old regions: 113->147
[117.127s][info][gc,heap     ] GC(214) Humongous regions: 3->3
[117.127s][info][gc,metaspace] GC(214) Metaspace: 41358K(41792K)->41358K(41792K) NonClass: 38543K(38848K)->38543K(38848K) Class: 2814K(2944K)->2814K(2944K)
[117.127s][info][gc          ] GC(214) Pause Young (Concurrent Start) (G1 Humongous Allocation) 177M->159M(260M) 34.545ms
[117.127s][info][gc,cpu      ] GC(214) User=0.07s Sys=0.00s Real=0.03s
[117.127s][info][gc          ] GC(215) Concurrent Mark Cycle
[117.127s][info][gc,marking  ] GC(215) Concurrent Scan Root Regions
[117.146s][info][gc,marking  ] GC(215) Concurrent Scan Root Regions 18.703ms
[117.146s][info][gc,marking  ] GC(215) Concurrent Mark
[117.146s][info][gc,marking  ] GC(215) Concurrent Mark From Roots
[117.146s][info][gc,task     ] GC(215) Using 1 workers of 1 for marking
[117.241s][info][gc,marking  ] GC(215) Concurrent Mark From Roots 95.014ms
[117.241s][info][gc,marking  ] GC(215) Concurrent Preclean
[117.241s][info][gc,marking  ] GC(215) Concurrent Preclean 0.045ms
[117.241s][info][gc,start    ] GC(215) Pause Remark
[117.255s][info][gc          ] GC(215) Pause Remark 183M->183M(269M) 13.669ms
[117.255s][info][gc,cpu      ] GC(215) User=0.03s Sys=0.00s Real=0.02s
[117.255s][info][gc,marking  ] GC(215) Concurrent Mark 109.044ms
[117.255s][info][gc,marking  ] GC(215) Concurrent Rebuild Remembered Sets and Scrub Regions
[117.322s][info][gc,marking  ] GC(215) Concurrent Rebuild Remembered Sets and Scrub Regions 66.859ms
[117.324s][info][gc,start    ] GC(215) Pause Cleanup
[117.324s][info][gc          ] GC(215) Pause Cleanup 201M->201M(269M) 0.077ms
[117.324s][info][gc,cpu      ] GC(215) User=0.00s Sys=0.00s Real=0.00s
[117.324s][info][gc,marking  ] GC(215) Concurrent Clear Claimed Marks
[117.324s][info][gc,marking  ] GC(215) Concurrent Clear Claimed Marks 0.055ms
[117.324s][info][gc,marking  ] GC(215) Concurrent Cleanup for Next Mark
[117.327s][info][gc,marking  ] GC(215) Concurrent Cleanup for Next Mark 2.608ms
[117.327s][info][gc          ] GC(215) Concurrent Mark Cycle 199.581ms
[117.334s][info][gc,start    ] GC(216) Pause Young (Prepare Mixed) (G1 Evacuation Pause)
[117.334s][info][gc,task     ] GC(216) Using 2 workers of 2 for evacuation
[117.361s][info][gc,phases   ] GC(216)   Pre Evacuate Collection Set: 0.13ms
[117.361s][info][gc,phases   ] GC(216)   Merge Heap Roots: 0.26ms
[117.361s][info][gc,phases   ] GC(216)   Evacuate Collection Set: 25.83ms
[117.361s][info][gc,phases   ] GC(216)   Post Evacuate Collection Set: 0.31ms
[117.361s][info][gc,phases   ] GC(216)   Other: 0.09ms
[117.361s][info][gc,heap     ] GC(216) Eden regions: 43->0(36)
[117.361s][info][gc,heap     ] GC(216) Survivor regions: 10->7(7)
[117.361s][info][gc,heap     ] GC(216) Old regions: 147->173
[117.361s][info][gc,heap     ] GC(216) Humongous regions: 4->4
[117.361s][info][gc,metaspace] GC(216) Metaspace: 41358K(41792K)->41358K(41792K) NonClass: 38543K(38848K)->38543K(38848K) Class: 2814K(2944K)->2814K(2944K)
[117.361s][info][gc          ] GC(216) Pause Young (Prepare Mixed) (G1 Evacuation Pause) 203M->182M(269M) 26.774ms
[117.361s][info][gc,cpu      ] GC(216) User=0.05s Sys=0.01s Real=0.02s
[117.474s][info][gc,start    ] GC(217) Pause Young (Mixed) (G1 Evacuation Pause)
[117.474s][info][gc,task     ] GC(217) Using 2 workers of 2 for evacuation
[117.499s][info][gc,phases   ] GC(217)   Pre Evacuate Collection Set: 0.23ms
[117.499s][info][gc,phases   ] GC(217)   Merge Heap Roots: 0.17ms
[117.499s][info][gc,phases   ] GC(217)   Evacuate Collection Set: 21.66ms
[117.499s][info][gc,phases   ] GC(217)   Post Evacuate Collection Set: 2.31ms
[117.499s][info][gc,phases   ] GC(217)   Other: 0.09ms
[117.499s][info][gc,heap     ] GC(217) Eden regions: 36->0(160)
[117.499s][info][gc,heap     ] GC(217) Survivor regions: 7->6(6)
[117.499s][info][gc,heap     ] GC(217) Old regions: 173->168
[117.499s][info][gc,heap     ] GC(217) Humongous regions: 4->4
[117.499s][info][gc,metaspace] GC(217) Metaspace: 41358K(41792K)->41358K(41792K) NonClass: 38543K(38848K)->38543K(38848K) Class: 2814K(2944K)->2814K(2944K)
[117.499s][info][gc          ] GC(217) Pause Young (Mixed) (G1 Evacuation Pause) 218M->177M(553M) 24.654ms
[117.499s][info][gc,cpu      ] GC(217) User=0.05s Sys=0.00s Real=0.02s
[118.128s][info][gc,start    ] GC(218) Pause Young (Mixed) (G1 Evacuation Pause)
[118.129s][info][gc,task     ] GC(218) Using 2 workers of 2 for evacuation
[118.179s][info][gc,phases   ] GC(218)   Pre Evacuate Collection Set: 0.36ms
[118.179s][info][gc,phases   ] GC(218)   Merge Heap Roots: 0.34ms
[118.179s][info][gc,phases   ] GC(218)   Evacuate Collection Set: 49.29ms
[118.179s][info][gc,phases   ] GC(218)   Post Evacuate Collection Set: 0.53ms
[118.179s][info][gc,phases   ] GC(218)   Other: 0.07ms
[118.179s][info][gc,heap     ] GC(218) Eden regions: 160->0(144)
[118.179s][info][gc,heap     ] GC(218) Survivor regions: 6->21(21)
[118.179s][info][gc,heap     ] GC(218) Old regions: 168->202
[118.179s][info][gc,heap     ] GC(218) Humongous regions: 4->4
[118.179s][info][gc,metaspace] GC(218) Metaspace: 41358K(41792K)->41358K(41792K) NonClass: 38543K(38848K)->38543K(38848K) Class: 2814K(2944K)->2814K(2944K)
[118.179s][info][gc          ] GC(218) Pause Young (Mixed) (G1 Evacuation Pause) 337M->227M(553M) 50.822ms
[118.179s][info][gc,cpu      ] GC(218) User=0.10s Sys=0.00s Real=0.05s
[118.676s][info][gc,start    ] GC(219) Pause Young (Normal) (G1 Evacuation Pause)
[118.676s][info][gc,task     ] GC(219) Using 2 workers of 2 for evacuation
[118.777s][info][gc,phases   ] GC(219)   Pre Evacuate Collection Set: 0.36ms
[118.777s][info][gc,phases   ] GC(219)   Merge Heap Roots: 0.36ms
[118.777s][info][gc,phases   ] GC(219)   Evacuate Collection Set: 99.15ms
[118.777s][info][gc,phases   ] GC(219)   Post Evacuate Collection Set: 0.52ms
[118.777s][info][gc,phases   ] GC(219)   Other: 0.07ms
[118.777s][info][gc,heap     ] GC(219) Eden regions: 144->0(97)
[118.777s][info][gc,heap     ] GC(219) Survivor regions: 21->21(21)
[118.777s][info][gc,heap     ] GC(219) Old regions: 202->290
[118.777s][info][gc,heap     ] GC(219) Humongous regions: 5->5
[118.777s][info][gc,metaspace] GC(219) Metaspace: 41359K(41792K)->41359K(41792K) NonClass: 38544K(38848K)->38544K(38848K) Class: 2814K(2944K)->2814K(2944K)
[118.777s][info][gc          ] GC(219) Pause Young (Normal) (G1 Evacuation Pause) 372M->315M(553M) 100.706ms
[118.777s][info][gc,cpu      ] GC(219) User=0.16s Sys=0.04s Real=0.10s
[118.814s][info][gc,start    ] GC(220) Pause Young (Concurrent Start) (G1 Humongous Allocation)
[118.814s][info][gc,task     ] GC(220) Using 2 workers of 2 for evacuation
[118.847s][info][gc,phases   ] GC(220)   Pre Evacuate Collection Set: 0.26ms
[118.847s][info][gc,phases   ] GC(220)   Merge Heap Roots: 0.28ms
[118.847s][info][gc,phases   ] GC(220)   Evacuate Collection Set: 32.17ms
[118.847s][info][gc,phases   ] GC(220)   Post Evacuate Collection Set: 0.30ms
[118.847s][info][gc,phases   ] GC(220)   Other: 0.08ms
[118.847s][info][gc,heap     ] GC(220) Eden regions: 12->0(93)
[118.847s][info][gc,heap     ] GC(220) Survivor regions: 21->8(15)
[118.847s][info][gc,heap     ] GC(220) Old regions: 290->311
[118.847s][info][gc,heap     ] GC(220) Humongous regions: 5->5
[118.847s][info][gc,metaspace] GC(220) Metaspace: 41359K(41792K)->41359K(41792K) NonClass: 38544K(38848K)->38544K(38848K) Class: 2814K(2944K)->2814K(2944K)
[118.847s][info][gc          ] GC(220) Pause Young (Concurrent Start) (G1 Humongous Allocation) 327M->323M(553M) 33.281ms
[118.847s][info][gc,cpu      ] GC(220) User=0.05s Sys=0.01s Real=0.03s
[118.847s][info][gc          ] GC(221) Concurrent Mark Cycle
[118.847s][info][gc,marking  ] GC(221) Concurrent Scan Root Regions
[118.856s][info][gc,marking  ] GC(221) Concurrent Scan Root Regions 8.805ms
[118.856s][info][gc,marking  ] GC(221) Concurrent Mark
[118.856s][info][gc,marking  ] GC(221) Concurrent Mark From Roots
[118.856s][info][gc,task     ] GC(221) Using 1 workers of 1 for marking
[119.030s][info][gc,marking  ] GC(221) Concurrent Mark From Roots 174.218ms
[119.030s][info][gc,marking  ] GC(221) Concurrent Preclean
[119.030s][info][gc,marking  ] GC(221) Concurrent Preclean 0.047ms
[119.031s][info][gc,start    ] GC(221) Pause Remark
[119.044s][info][gc          ] GC(221) Pause Remark 368M->305M(553M) 12.976ms
[119.044s][info][gc,cpu      ] GC(221) User=0.02s Sys=0.00s Real=0.02s
[119.046s][info][gc,marking  ] GC(221) Concurrent Mark 189.738ms
[119.046s][info][gc,marking  ] GC(221) Concurrent Rebuild Remembered Sets and Scrub Regions
[119.125s][info][gc,marking  ] GC(221) Concurrent Rebuild Remembered Sets and Scrub Regions 78.854ms
[119.125s][info][gc,start    ] GC(221) Pause Cleanup
[119.125s][info][gc          ] GC(221) Pause Cleanup 327M->327M(553M) 0.087ms
[119.125s][info][gc,cpu      ] GC(221) User=0.00s Sys=0.00s Real=0.00s
[119.125s][info][gc,marking  ] GC(221) Concurrent Clear Claimed Marks
[119.125s][info][gc,marking  ] GC(221) Concurrent Clear Claimed Marks 0.061ms
[119.125s][info][gc,marking  ] GC(221) Concurrent Cleanup for Next Mark
[119.129s][info][gc,marking  ] GC(221) Concurrent Cleanup for Next Mark 3.783ms
[119.129s][info][gc          ] GC(221) Concurrent Mark Cycle 281.649ms
[119.219s][info][gc,start    ] GC(222) Pause Young (Prepare Mixed) (G1 Evacuation Pause)
[119.219s][info][gc,task     ] GC(222) Using 2 workers of 2 for evacuation
[119.265s][info][gc,phases   ] GC(222)   Pre Evacuate Collection Set: 0.32ms
[119.265s][info][gc,phases   ] GC(222)   Merge Heap Roots: 0.28ms
[119.265s][info][gc,phases   ] GC(222)   Evacuate Collection Set: 44.90ms
[119.265s][info][gc,phases   ] GC(222)   Post Evacuate Collection Set: 0.39ms
[119.265s][info][gc,phases   ] GC(222)   Other: 0.08ms
[119.265s][info][gc,heap     ] GC(222) Eden regions: 93->0(92)
[119.265s][info][gc,heap     ] GC(222) Survivor regions: 8->13(13)
[119.265s][info][gc,heap     ] GC(222) Old regions: 249->304
[119.265s][info][gc,heap     ] GC(222) Humongous regions: 5->5
[119.265s][info][gc,metaspace] GC(222) Metaspace: 41359K(41792K)->41359K(41792K) NonClass: 38544K(38848K)->38544K(38848K) Class: 2814K(2944K)->2814K(2944K)
[119.265s][info][gc          ] GC(222) Pause Young (Prepare Mixed) (G1 Evacuation Pause) 354M->322M(553M) 46.148ms
[119.265s][info][gc,cpu      ] GC(222) User=0.09s Sys=0.00s Real=0.05s
[119.589s][info][gc,start    ] GC(223) Pause Young (Mixed) (G1 Evacuation Pause)
[119.590s][info][gc,task     ] GC(223) Using 2 workers of 2 for evacuation
[119.657s][info][gc,phases   ] GC(223)   Pre Evacuate Collection Set: 0.37ms
[119.657s][info][gc,phases   ] GC(223)   Merge Heap Roots: 0.33ms
[119.657s][info][gc,phases   ] GC(223)   Evacuate Collection Set: 65.95ms
[119.657s][info][gc,phases   ] GC(223)   Post Evacuate Collection Set: 0.50ms
[119.657s][info][gc,phases   ] GC(223)   Other: 0.07ms
[119.657s][info][gc,heap     ] GC(223) Eden regions: 92->0(94)
[119.657s][info][gc,heap     ] GC(223) Survivor regions: 13->14(14)
[119.657s][info][gc,heap     ] GC(223) Old regions: 304->299
[119.657s][info][gc,heap     ] GC(223) Humongous regions: 6->6
[119.657s][info][gc,metaspace] GC(223) Metaspace: 41359K(41792K)->41359K(41792K) NonClass: 38544K(38848K)->38544K(38848K) Class: 2814K(2944K)->2814K(2944K)
[119.657s][info][gc          ] GC(223) Pause Young (Mixed) (G1 Evacuation Pause) 415M->318M(553M) 67.458ms
[119.657s][info][gc,cpu      ] GC(223) User=0.10s Sys=0.04s Real=0.07s
[119.961s][info][gc,start    ] GC(224) Pause Young (Mixed) (G1 Evacuation Pause)
[119.961s][info][gc,task     ] GC(224) Using 2 workers of 2 for evacuation
[120.010s][info][gc,phases   ] GC(224)   Pre Evacuate Collection Set: 0.32ms
[120.010s][info][gc,phases   ] GC(224)   Merge Heap Roots: 0.45ms
[120.010s][info][gc,phases   ] GC(224)   Evacuate Collection Set: 46.47ms
[120.010s][info][gc,phases   ] GC(224)   Post Evacuate Collection Set: 1.07ms
[120.010s][info][gc,phases   ] GC(224)   Other: 0.11ms
[120.010s][info][gc,heap     ] GC(224) Eden regions: 94->0(129)
[120.010s][info][gc,heap     ] GC(224) Survivor regions: 14->14(14)
[120.010s][info][gc,heap     ] GC(224) Old regions: 299->322
[120.010s][info][gc,heap     ] GC(224) Humongous regions: 7->7
[120.010s][info][gc,metaspace] GC(224) Metaspace: 41359K(41792K)->41359K(41792K) NonClass: 38544K(38848K)->38544K(38848K) Class: 2814K(2944K)->2814K(2944K)
[120.010s][info][gc          ] GC(224) Pause Young (Mixed) (G1 Evacuation Pause) 413M->342M(649M) 48.619ms
[120.010s][info][gc,cpu      ] GC(224) User=0.09s Sys=0.00s Real=0.05s
[120.517s][info][gc,start    ] GC(225) Pause Young (Concurrent Start) (G1 Evacuation Pause)
[120.517s][info][gc,task     ] GC(225) Using 2 workers of 2 for evacuation
[120.538s][info][gc,phases   ] GC(225)   Pre Evacuate Collection Set: 0.27ms
[120.538s][info][gc,phases   ] GC(225)   Merge Heap Roots: 0.17ms
[120.538s][info][gc,phases   ] GC(225)   Evacuate Collection Set: 20.11ms
[120.538s][info][gc,phases   ] GC(225)   Post Evacuate Collection Set: 0.41ms
[120.538s][info][gc,phases   ] GC(225)   Other: 0.09ms
[120.538s][info][gc,heap     ] GC(225) Eden regions: 129->0(135)
[120.538s][info][gc,heap     ] GC(225) Survivor regions: 14->14(18)
[120.538s][info][gc,heap     ] GC(225) Old regions: 322->335
[120.538s][info][gc,heap     ] GC(225) Humongous regions: 7->7
[120.538s][info][gc,metaspace] GC(225) Metaspace: 41359K(41792K)->41359K(41792K) NonClass: 38544K(38848K)->38544K(38848K) Class: 2814K(2944K)->2814K(2944K)
[120.538s][info][gc          ] GC(225) Pause Young (Concurrent Start) (G1 Evacuation Pause) 471M->355M(649M) 21.305ms
[120.538s][info][gc,cpu      ] GC(225) User=0.04s Sys=0.00s Real=0.02s
[120.538s][info][gc          ] GC(226) Concurrent Mark Cycle
[120.538s][info][gc,marking  ] GC(226) Concurrent Scan Root Regions
[120.549s][info][gc,marking  ] GC(226) Concurrent Scan Root Regions 10.446ms
[120.549s][info][gc,marking  ] GC(226) Concurrent Mark
[120.549s][info][gc,marking  ] GC(226) Concurrent Mark From Roots
[120.549s][info][gc,task     ] GC(226) Using 1 workers of 1 for marking
[120.689s][info][gc,marking  ] GC(226) Concurrent Mark From Roots 139.791ms
[120.689s][info][gc,marking  ] GC(226) Concurrent Preclean
[120.689s][info][gc,marking  ] GC(226) Concurrent Preclean 0.040ms
[120.689s][info][gc,start    ] GC(226) Pause Remark
[120.702s][info][gc          ] GC(226) Pause Remark 399M->340M(649M) 12.924ms
[120.702s][info][gc,cpu      ] GC(226) User=0.02s Sys=0.00s Real=0.01s
[120.702s][info][gc,marking  ] GC(226) Concurrent Mark 153.030ms
[120.702s][info][gc,marking  ] GC(226) Concurrent Rebuild Remembered Sets and Scrub Regions
[120.773s][info][gc,marking  ] GC(226) Concurrent Rebuild Remembered Sets and Scrub Regions 70.801ms
[120.773s][info][gc,start    ] GC(226) Pause Cleanup
[120.773s][info][gc          ] GC(226) Pause Cleanup 357M->357M(649M) 0.120ms
[120.773s][info][gc,cpu      ] GC(226) User=0.00s Sys=0.00s Real=0.00s
[120.773s][info][gc,marking  ] GC(226) Concurrent Clear Claimed Marks
[120.773s][info][gc,marking  ] GC(226) Concurrent Clear Claimed Marks 0.035ms
[120.773s][info][gc,marking  ] GC(226) Concurrent Cleanup for Next Mark
[120.776s][info][gc,marking  ] GC(226) Concurrent Cleanup for Next Mark 2.808ms
[120.776s][info][gc          ] GC(226) Concurrent Mark Cycle 237.529ms
[121.029s][info][gc,start    ] GC(227) Pause Young (Prepare Mixed) (G1 Evacuation Pause)
[121.029s][info][gc,task     ] GC(227) Using 2 workers of 2 for evacuation
[121.050s][info][gc,phases   ] GC(227)   Pre Evacuate Collection Set: 0.39ms
[121.050s][info][gc,phases   ] GC(227)   Merge Heap Roots: 0.11ms
[121.050s][info][gc,phases   ] GC(227)   Evacuate Collection Set: 20.47ms
[121.050s][info][gc,phases   ] GC(227)   Post Evacuate Collection Set: 0.39ms
[121.050s][info][gc,phases   ] GC(227)   Other: 0.08ms
[121.050s][info][gc,heap     ] GC(227) Eden regions: 135->0(160)
[121.050s][info][gc,heap     ] GC(227) Survivor regions: 14->19(19)
[121.050s][info][gc,heap     ] GC(227) Old regions: 278->293
[121.050s][info][gc,heap     ] GC(227) Humongous regions: 5->5
[121.050s][info][gc,metaspace] GC(227) Metaspace: 41359K(41792K)->41359K(41792K) NonClass: 38544K(38848K)->38544K(38848K) Class: 2814K(2944K)->2814K(2944K)
[121.051s][info][gc          ] GC(227) Pause Young (Prepare Mixed) (G1 Evacuation Pause) 431M->317M(649M) 21.634ms
[121.051s][info][gc,cpu      ] GC(227) User=0.05s Sys=0.00s Real=0.02s
[121.599s][info][gc,start    ] GC(228) Pause Young (Mixed) (G1 Evacuation Pause)
[121.599s][info][gc,task     ] GC(228) Using 2 workers of 2 for evacuation
[121.633s][info][gc,phases   ] GC(228)   Pre Evacuate Collection Set: 0.37ms
[121.633s][info][gc,phases   ] GC(228)   Merge Heap Roots: 0.19ms
[121.633s][info][gc,phases   ] GC(228)   Evacuate Collection Set: 32.62ms
[121.633s][info][gc,phases   ] GC(228)   Post Evacuate Collection Set: 0.52ms
[121.633s][info][gc,phases   ] GC(228)   Other: 0.11ms
[121.633s][info][gc,heap     ] GC(228) Eden regions: 160->0(184)
[121.633s][info][gc,heap     ] GC(228) Survivor regions: 19->23(23)
[121.633s][info][gc,heap     ] GC(228) Old regions: 293->250
[121.633s][info][gc,heap     ] GC(228) Humongous regions: 7->6
[121.633s][info][gc,metaspace] GC(228) Metaspace: 41364K(41792K)->41364K(41792K) NonClass: 38549K(38848K)->38549K(38848K) Class: 2814K(2944K)->2814K(2944K)
[121.633s][info][gc          ] GC(228) Pause Young (Mixed) (G1 Evacuation Pause) 479M->279M(649M) 34.047ms
[121.633s][info][gc,cpu      ] GC(228) User=0.07s Sys=0.00s Real=0.04s
[122.234s][info][gc,start    ] GC(229) Pause Young (Mixed) (G1 Evacuation Pause)
[122.234s][info][gc,task     ] GC(229) Using 2 workers of 2 for evacuation
[122.271s][info][gc,phases   ] GC(229)   Pre Evacuate Collection Set: 0.29ms
[122.271s][info][gc,phases   ] GC(229)   Merge Heap Roots: 0.72ms
[122.271s][info][gc,phases   ] GC(229)   Evacuate Collection Set: 34.90ms
[122.271s][info][gc,phases   ] GC(229)   Post Evacuate Collection Set: 0.52ms
[122.271s][info][gc,phases   ] GC(229)   Other: 0.07ms
[122.271s][info][gc,heap     ] GC(229) Eden regions: 184->0(218)
[122.271s][info][gc,heap     ] GC(229) Survivor regions: 23->15(26)
[122.271s][info][gc,heap     ] GC(229) Old regions: 250->221
[122.271s][info][gc,heap     ] GC(229) Humongous regions: 8->6
[122.271s][info][gc,metaspace] GC(229) Metaspace: 41368K(41792K)->41368K(41792K) NonClass: 38553K(38848K)->38553K(38848K) Class: 2814K(2944K)->2814K(2944K)
[122.271s][info][gc          ] GC(229) Pause Young (Mixed) (G1 Evacuation Pause) 465M->241M(649M) 36.717ms
[122.271s][info][gc,cpu      ] GC(229) User=0.07s Sys=0.00s Real=0.03s
[122.563s][info][gc,start    ] GC(230) Pause Young (Concurrent Start) (G1 Humongous Allocation)
[122.563s][info][gc,task     ] GC(230) Using 2 workers of 2 for evacuation
[122.592s][info][gc,phases   ] GC(230)   Pre Evacuate Collection Set: 0.27ms
[122.592s][info][gc,phases   ] GC(230)   Merge Heap Roots: 0.11ms
[122.592s][info][gc,phases   ] GC(230)   Evacuate Collection Set: 28.48ms
[122.592s][info][gc,phases   ] GC(230)   Post Evacuate Collection Set: 0.41ms
[122.592s][info][gc,phases   ] GC(230)   Other: 0.09ms
[122.592s][info][gc,heap     ] GC(230) Eden regions: 91->0(209)
[122.592s][info][gc,heap     ] GC(230) Survivor regions: 15->30(30)
[122.592s][info][gc,heap     ] GC(230) Old regions: 221->236
[122.592s][info][gc,heap     ] GC(230) Humongous regions: 6->6
[122.592s][info][gc,metaspace] GC(230) Metaspace: 41368K(41792K)->41368K(41792K) NonClass: 38553K(38848K)->38553K(38848K) Class: 2814K(2944K)->2814K(2944K)
[122.592s][info][gc          ] GC(230) Pause Young (Concurrent Start) (G1 Humongous Allocation) 332M->272M(649M) 29.546ms
[122.592s][info][gc          ] GC(231) Concurrent Mark Cycle
[122.592s][info][gc,marking  ] GC(231) Concurrent Scan Root Regions
[122.594s][info][gc,cpu      ] GC(230) User=0.06s Sys=0.00s Real=0.03s
[122.611s][info][gc,marking  ] GC(231) Concurrent Scan Root Regions 18.899ms
[122.611s][info][gc,marking  ] GC(231) Concurrent Mark
[122.611s][info][gc,marking  ] GC(231) Concurrent Mark From Roots
[122.611s][info][gc,task     ] GC(231) Using 1 workers of 1 for marking
[122.714s][info][gc,marking  ] GC(231) Concurrent Mark From Roots 103.335ms
[122.714s][info][gc,marking  ] GC(231) Concurrent Preclean
[122.714s][info][gc,marking  ] GC(231) Concurrent Preclean 0.045ms
[122.715s][info][gc,start    ] GC(231) Pause Remark
[122.728s][info][gc          ] GC(231) Pause Remark 305M->211M(597M) 12.924ms
[122.728s][info][gc,cpu      ] GC(231) User=0.02s Sys=0.00s Real=0.01s
[122.728s][info][gc,marking  ] GC(231) Concurrent Mark 116.598ms
[122.728s][info][gc,marking  ] GC(231) Concurrent Rebuild Remembered Sets and Scrub Regions
[122.780s][info][gc,marking  ] GC(231) Concurrent Rebuild Remembered Sets and Scrub Regions 52.405ms
[122.780s][info][gc,start    ] GC(231) Pause Cleanup
[122.780s][info][gc          ] GC(231) Pause Cleanup 227M->227M(597M) 0.061ms
[122.780s][info][gc,cpu      ] GC(231) User=0.00s Sys=0.00s Real=0.00s
[122.780s][info][gc,marking  ] GC(231) Concurrent Clear Claimed Marks
[122.780s][info][gc,marking  ] GC(231) Concurrent Clear Claimed Marks 0.036ms
[122.780s][info][gc,marking  ] GC(231) Concurrent Cleanup for Next Mark
[122.782s][info][gc,marking  ] GC(231) Concurrent Cleanup for Next Mark 1.748ms
[122.782s][info][gc          ] GC(231) Concurrent Mark Cycle 190.043ms
[123.302s][info][gc,start    ] GC(232) Pause Young (Prepare Mixed) (G1 Evacuation Pause)
[123.302s][info][gc,task     ] GC(232) Using 2 workers of 2 for evacuation
[123.340s][info][gc,phases   ] GC(232)   Pre Evacuate Collection Set: 0.27ms
[123.340s][info][gc,phases   ] GC(232)   Merge Heap Roots: 0.21ms
[123.340s][info][gc,phases   ] GC(232)   Evacuate Collection Set: 37.18ms
[123.340s][info][gc,phases   ] GC(232)   Post Evacuate Collection Set: 0.45ms
[123.340s][info][gc,phases   ] GC(232)   Other: 0.07ms
[123.340s][info][gc,heap     ] GC(232) Eden regions: 209->0(221)
[123.340s][info][gc,heap     ] GC(232) Survivor regions: 30->30(30)
[123.340s][info][gc,heap     ] GC(232) Old regions: 144->171
[123.340s][info][gc,heap     ] GC(232) Humongous regions: 6->5
[123.340s][info][gc,metaspace] GC(232) Metaspace: 41373K(41792K)->41373K(41792K) NonClass: 38558K(38848K)->38558K(38848K) Class: 2814K(2944K)->2814K(2944K)
[123.340s][info][gc          ] GC(232) Pause Young (Prepare Mixed) (G1 Evacuation Pause) 389M->205M(597M) 38.376ms
[123.340s][info][gc,cpu      ] GC(232) User=0.08s Sys=0.00s Real=0.04s
[124.026s][info][gc,start    ] GC(233) Pause Young (Mixed) (G1 Evacuation Pause)
[124.026s][info][gc,task     ] GC(233) Using 2 workers of 2 for evacuation
[124.054s][info][gc,phases   ] GC(233)   Pre Evacuate Collection Set: 0.24ms
[124.054s][info][gc,phases   ] GC(233)   Merge Heap Roots: 0.15ms
[124.054s][info][gc,phases   ] GC(233)   Evacuate Collection Set: 26.48ms
[124.054s][info][gc,phases   ] GC(233)   Post Evacuate Collection Set: 0.54ms
[124.054s][info][gc,phases   ] GC(233)   Other: 0.09ms
[124.054s][info][gc,heap     ] GC(233) Eden regions: 221->0(233)
[124.054s][info][gc,heap     ] GC(233) Survivor regions: 30->23(32)
[124.054s][info][gc,heap     ] GC(233) Old regions: 171->172
[124.054s][info][gc,heap     ] GC(233) Humongous regions: 9->6
[124.054s][info][gc,metaspace] GC(233) Metaspace: 41373K(41792K)->41373K(41792K) NonClass: 38558K(38848K)->38558K(38848K) Class: 2814K(2944K)->2814K(2944K)
[124.054s][info][gc          ] GC(233) Pause Young (Mixed) (G1 Evacuation Pause) 430M->200M(597M) 27.685ms
[124.054s][info][gc,cpu      ] GC(233) User=0.06s Sys=0.00s Real=0.03s
[124.712s][info][gc,start    ] GC(234) Pause Young (Concurrent Start) (G1 Evacuation Pause)
[124.712s][info][gc,task     ] GC(234) Using 2 workers of 2 for evacuation
[124.725s][info][gc,phases   ] GC(234)   Pre Evacuate Collection Set: 0.25ms
[124.725s][info][gc,phases   ] GC(234)   Merge Heap Roots: 0.09ms
[124.725s][info][gc,phases   ] GC(234)   Evacuate Collection Set: 12.26ms
[124.725s][info][gc,phases   ] GC(234)   Post Evacuate Collection Set: 0.47ms
[124.725s][info][gc,phases   ] GC(234)   Other: 0.12ms
[124.725s][info][gc,heap     ] GC(234) Eden regions: 233->0(250)
[124.725s][info][gc,heap     ] GC(234) Survivor regions: 23->2(32)
[124.725s][info][gc,heap     ] GC(234) Old regions: 172->194
[124.725s][info][gc,heap     ] GC(234) Humongous regions: 6->6
[124.725s][info][gc,metaspace] GC(234) Metaspace: 41373K(41792K)->41373K(41792K) NonClass: 38558K(38848K)->38558K(38848K) Class: 2814K(2944K)->2814K(2944K)
[124.725s][info][gc          ] GC(234) Pause Young (Concurrent Start) (G1 Evacuation Pause) 433M->201M(597M) 13.381ms
[124.725s][info][gc          ] GC(235) Concurrent Mark Cycle
[124.725s][info][gc,marking  ] GC(235) Concurrent Scan Root Regions
[124.728s][info][gc,cpu      ] GC(234) User=0.02s Sys=0.00s Real=0.01s
[124.734s][info][gc,marking  ] GC(235) Concurrent Scan Root Regions 8.683ms
[124.734s][info][gc,marking  ] GC(235) Concurrent Mark
[124.734s][info][gc,marking  ] GC(235) Concurrent Mark From Roots
[124.734s][info][gc,task     ] GC(235) Using 1 workers of 1 for marking
[124.828s][info][gc,marking  ] GC(235) Concurrent Mark From Roots 94.203ms
[124.828s][info][gc,marking  ] GC(235) Concurrent Preclean
[124.828s][info][gc,marking  ] GC(235) Concurrent Preclean 0.039ms
[124.829s][info][gc,start    ] GC(235) Pause Remark
[124.842s][info][gc          ] GC(235) Pause Remark 233M->179M(494M) 12.989ms
[124.842s][info][gc,cpu      ] GC(235) User=0.02s Sys=0.00s Real=0.01s
[124.844s][info][gc,marking  ] GC(235) Concurrent Mark 109.759ms
[124.844s][info][gc,marking  ] GC(235) Concurrent Rebuild Remembered Sets and Scrub Regions
[124.889s][info][gc,marking  ] GC(235) Concurrent Rebuild Remembered Sets and Scrub Regions 45.384ms
[124.889s][info][gc,start    ] GC(235) Pause Cleanup
[124.889s][info][gc          ] GC(235) Pause Cleanup 194M->194M(494M) 0.056ms
[124.889s][info][gc,cpu      ] GC(235) User=0.00s Sys=0.00s Real=0.00s
[124.889s][info][gc,marking  ] GC(235) Concurrent Clear Claimed Marks
[124.889s][info][gc,marking  ] GC(235) Concurrent Clear Claimed Marks 0.034ms
[124.890s][info][gc,marking  ] GC(235) Concurrent Cleanup for Next Mark
[124.891s][info][gc,marking  ] GC(235) Concurrent Cleanup for Next Mark 1.417ms
[124.891s][info][gc          ] GC(235) Concurrent Mark Cycle 165.604ms
[125.438s][info][gc,start    ] GC(236) Pause Young (Prepare Mixed) (G1 Evacuation Pause)
[125.438s][info][gc,task     ] GC(236) Using 2 workers of 2 for evacuation
[125.443s][info][gc,phases   ] GC(236)   Pre Evacuate Collection Set: 0.21ms
[125.443s][info][gc,phases   ] GC(236)   Merge Heap Roots: 0.08ms
[125.443s][info][gc,phases   ] GC(236)   Evacuate Collection Set: 3.59ms
[125.443s][info][gc,phases   ] GC(236)   Post Evacuate Collection Set: 0.45ms
[125.443s][info][gc,phases   ] GC(236)   Other: 0.07ms
[125.443s][info][gc,heap     ] GC(236) Eden regions: 250->0(237)
[125.443s][info][gc,heap     ] GC(236) Survivor regions: 2->5(32)
[125.443s][info][gc,heap     ] GC(236) Old regions: 142->142
[125.443s][info][gc,heap     ] GC(236) Humongous regions: 5->2
[125.443s][info][gc,metaspace] GC(236) Metaspace: 41384K(41792K)->41384K(41792K) NonClass: 38570K(38848K)->38570K(38848K) Class: 2814K(2944K)->2814K(2944K)
[125.443s][info][gc          ] GC(236) Pause Young (Prepare Mixed) (G1 Evacuation Pause) 398M->148M(494M) 4.601ms
[125.443s][info][gc,cpu      ] GC(236) User=0.01s Sys=0.00s Real=0.01s
[125.816s][info][gc,start    ] GC(237) Pause Young (Mixed) (G1 Evacuation Pause)
[125.816s][info][gc,task     ] GC(237) Using 2 workers of 2 for evacuation
[125.822s][info][gc,phases   ] GC(237)   Pre Evacuate Collection Set: 0.23ms
[125.822s][info][gc,phases   ] GC(237)   Merge Heap Roots: 0.15ms
[125.822s][info][gc,phases   ] GC(237)   Evacuate Collection Set: 5.14ms
[125.822s][info][gc,phases   ] GC(237)   Post Evacuate Collection Set: 0.49ms
[125.822s][info][gc,phases   ] GC(237)   Other: 0.07ms
[125.822s][info][gc,heap     ] GC(237) Eden regions: 237->0(264)
[125.822s][info][gc,heap     ] GC(237) Survivor regions: 5->4(31)
[125.822s][info][gc,heap     ] GC(237) Old regions: 142->118
[125.822s][info][gc,heap     ] GC(237) Humongous regions: 2->2
[125.822s][info][gc,metaspace] GC(237) Metaspace: 41401K(41792K)->41401K(41792K) NonClass: 38586K(38848K)->38586K(38848K) Class: 2814K(2944K)->2814K(2944K)
[125.822s][info][gc          ] GC(237) Pause Young (Mixed) (G1 Evacuation Pause) 385M->123M(494M) 6.250ms
[125.822s][info][gc,cpu      ] GC(237) User=0.01s Sys=0.00s Real=0.01s
[126.084s][info][gc,start    ] GC(238) Pause Young (Concurrent Start) (G1 Humongous Allocation)
[126.084s][info][gc,task     ] GC(238) Using 2 workers of 2 for evacuation
[126.088s][info][gc,phases   ] GC(238)   Pre Evacuate Collection Set: 0.24ms
[126.088s][info][gc,phases   ] GC(238)   Merge Heap Roots: 0.06ms
[126.088s][info][gc,phases   ] GC(238)   Evacuate Collection Set: 2.73ms
[126.088s][info][gc,phases   ] GC(238)   Post Evacuate Collection Set: 0.39ms
[126.088s][info][gc,phases   ] GC(238)   Other: 0.08ms
[126.088s][info][gc,heap     ] GC(238) Eden regions: 166->0(278)
[126.088s][info][gc,heap     ] GC(238) Survivor regions: 4->4(34)
[126.088s][info][gc,heap     ] GC(238) Old regions: 118->118
[126.088s][info][gc,heap     ] GC(238) Humongous regions: 2->2
[126.088s][info][gc,metaspace] GC(238) Metaspace: 41401K(41792K)->41401K(41792K) NonClass: 38586K(38848K)->38586K(38848K) Class: 2814K(2944K)->2814K(2944K)
[126.088s][info][gc          ] GC(238) Pause Young (Concurrent Start) (G1 Humongous Allocation) 289M->123M(494M) 3.698ms
[126.088s][info][gc,cpu      ] GC(238) User=0.00s Sys=0.00s Real=0.00s
[126.088s][info][gc          ] GC(239) Concurrent Mark Cycle
[126.090s][info][gc,marking  ] GC(239) Concurrent Scan Root Regions
[126.094s][info][gc,marking  ] GC(239) Concurrent Scan Root Regions 3.817ms
[126.094s][info][gc,marking  ] GC(239) Concurrent Mark
[126.094s][info][gc,marking  ] GC(239) Concurrent Mark From Roots
[126.094s][info][gc,task     ] GC(239) Using 1 workers of 1 for marking
[126.246s][info][gc,marking  ] GC(239) Concurrent Mark From Roots 151.882ms
[126.246s][info][gc,marking  ] GC(239) Concurrent Preclean
[126.246s][info][gc,marking  ] GC(239) Concurrent Preclean 0.037ms
[126.248s][info][gc,start    ] GC(239) Pause Remark
[126.262s][info][gc          ] GC(239) Pause Remark 164M->129M(304M) 14.458ms
[126.262s][info][gc,cpu      ] GC(239) User=0.03s Sys=0.00s Real=0.02s
[126.262s][info][gc,marking  ] GC(239) Concurrent Mark 168.720ms
[126.262s][info][gc,marking  ] GC(239) Concurrent Rebuild Remembered Sets and Scrub Regions
[126.318s][info][gc,marking  ] GC(239) Concurrent Rebuild Remembered Sets and Scrub Regions 55.451ms
[126.319s][info][gc,start    ] GC(239) Pause Cleanup
[126.319s][info][gc          ] GC(239) Pause Cleanup 161M->161M(304M) 0.071ms
[126.319s][info][gc,cpu      ] GC(239) User=0.00s Sys=0.00s Real=0.00s
[126.319s][info][gc,marking  ] GC(239) Concurrent Clear Claimed Marks
[126.319s][info][gc,marking  ] GC(239) Concurrent Clear Claimed Marks 0.055ms
[126.319s][info][gc,marking  ] GC(239) Concurrent Cleanup for Next Mark
[126.320s][info][gc,marking  ] GC(239) Concurrent Cleanup for Next Mark 0.930ms
[126.320s][info][gc          ] GC(239) Concurrent Mark Cycle 232.192ms
[126.669s][info][gc,start    ] GC(240) Pause Young (Prepare Mixed) (G1 Evacuation Pause)
[126.670s][info][gc,task     ] GC(240) Using 2 workers of 2 for evacuation
[126.681s][info][gc,phases   ] GC(240)   Pre Evacuate Collection Set: 0.23ms
[126.681s][info][gc,phases   ] GC(240)   Merge Heap Roots: 0.08ms
[126.681s][info][gc,phases   ] GC(240)   Evacuate Collection Set: 10.53ms
[126.681s][info][gc,phases   ] GC(240)   Post Evacuate Collection Set: 0.97ms
[126.681s][info][gc,phases   ] GC(240)   Other: 0.07ms
[126.681s][info][gc,heap     ] GC(240) Eden regions: 81->0(244)
[126.681s][info][gc,heap     ] GC(240) Survivor regions: 4->9(30)
[126.681s][info][gc,heap     ] GC(240) Old regions: 84->84
[126.682s][info][gc,heap     ] GC(240) Humongous regions: 245->3
[126.682s][info][gc,metaspace] GC(240) Metaspace: 41446K(41856K)->41446K(41856K) NonClass: 38632K(38912K)->38632K(38912K) Class: 2814K(2944K)->2814K(2944K)
[126.682s][info][gc          ] GC(240) Pause Young (Prepare Mixed) (G1 Evacuation Pause) 413M->95M(423M) 12.082ms
[126.682s][info][gc,cpu      ] GC(240) User=0.02s Sys=0.01s Real=0.01s
[127.274s][info][gc,start    ] GC(241) Pause Young (Mixed) (G1 Evacuation Pause)
[127.274s][info][gc,task     ] GC(241) Using 2 workers of 2 for evacuation
[127.312s][info][gc,phases   ] GC(241)   Pre Evacuate Collection Set: 0.25ms
[127.312s][info][gc,phases   ] GC(241)   Merge Heap Roots: 0.18ms
[127.312s][info][gc,phases   ] GC(241)   Evacuate Collection Set: 34.68ms
[127.312s][info][gc,phases   ] GC(241)   Post Evacuate Collection Set: 2.19ms
[127.312s][info][gc,phases   ] GC(241)   Other: 0.07ms
[127.312s][info][gc,heap     ] GC(241) Eden regions: 61->0(308)
[127.312s][info][gc,heap     ] GC(241) Survivor regions: 9->15(34)
[127.312s][info][gc,heap     ] GC(241) Old regions: 84->67
[127.312s][info][gc,heap     ] GC(241) Humongous regions: 367->3
[127.312s][info][gc,metaspace] GC(241) Metaspace: 41451K(41856K)->41451K(41856K) NonClass: 38636K(38912K)->38636K(38912K) Class: 2814K(2944K)->2814K(2944K)
[127.312s][info][gc          ] GC(241) Pause Young (Mixed) (G1 Evacuation Pause) 520M->83M(539M) 37.568ms
[127.312s][info][gc,cpu      ] GC(241) User=0.07s Sys=0.00s Real=0.04s
[127.318s][info][gc,start    ] GC(242) Pause Young (Concurrent Start) (G1 Humongous Allocation)
[127.318s][info][gc,task     ] GC(242) Using 2 workers of 2 for evacuation
[127.340s][info][gc,phases   ] GC(242)   Pre Evacuate Collection Set: 0.20ms
[127.340s][info][gc,phases   ] GC(242)   Merge Heap Roots: 0.05ms
[127.340s][info][gc,phases   ] GC(242)   Evacuate Collection Set: 21.23ms
[127.340s][info][gc,phases   ] GC(242)   Post Evacuate Collection Set: 0.91ms
[127.340s][info][gc,phases   ] GC(242)   Other: 0.10ms
[127.340s][info][gc,heap     ] GC(242) Eden regions: 1->0(308)
[127.340s][info][gc,heap     ] GC(242) Survivor regions: 15->15(41)
[127.340s][info][gc,heap     ] GC(242) Old regions: 67->67
[127.340s][info][gc,heap     ] GC(242) Humongous regions: 3->1
[127.340s][info][gc,metaspace] GC(242) Metaspace: 41451K(41856K)->41451K(41856K) NonClass: 38636K(38912K)->38636K(38912K) Class: 2814K(2944K)->2814K(2944K)
[127.341s][info][gc          ] GC(242) Pause Young (Concurrent Start) (G1 Humongous Allocation) 84M->81M(539M) 22.673ms
[127.341s][info][gc,cpu      ] GC(242) User=0.05s Sys=0.01s Real=0.02s
[127.341s][info][gc          ] GC(243) Concurrent Mark Cycle
[127.341s][info][gc,marking  ] GC(243) Concurrent Scan Root Regions
[127.354s][info][gc,marking  ] GC(243) Concurrent Scan Root Regions 13.696ms
[127.354s][info][gc,marking  ] GC(243) Concurrent Mark
[127.354s][info][gc,marking  ] GC(243) Concurrent Mark From Roots
[127.354s][info][gc,task     ] GC(243) Using 1 workers of 1 for marking
[127.441s][info][gc,marking  ] GC(243) Concurrent Mark From Roots 86.393ms
[127.441s][info][gc,marking  ] GC(243) Concurrent Preclean
[127.441s][info][gc,marking  ] GC(243) Concurrent Preclean 0.052ms
[127.441s][info][gc,start    ] GC(243) Pause Remark
[127.457s][info][gc          ] GC(243) Pause Remark 147M->147M(470M) 15.699ms
[127.457s][info][gc,cpu      ] GC(243) User=0.02s Sys=0.00s Real=0.02s
[127.457s][info][gc,marking  ] GC(243) Concurrent Mark 102.424ms
[127.457s][info][gc,marking  ] GC(243) Concurrent Rebuild Remembered Sets and Scrub Regions
[127.484s][info][gc,marking  ] GC(243) Concurrent Rebuild Remembered Sets and Scrub Regions 27.615ms
[127.484s][info][gc,start    ] GC(243) Pause Cleanup
[127.485s][info][gc          ] GC(243) Pause Cleanup 172M->172M(470M) 0.061ms
[127.485s][info][gc,cpu      ] GC(243) User=0.00s Sys=0.00s Real=0.00s
[127.485s][info][gc,marking  ] GC(243) Concurrent Clear Claimed Marks
[127.485s][info][gc,marking  ] GC(243) Concurrent Clear Claimed Marks 0.038ms
[127.485s][info][gc,marking  ] GC(243) Concurrent Cleanup for Next Mark
[127.487s][info][gc,marking  ] GC(243) Concurrent Cleanup for Next Mark 2.867ms
[127.488s][info][gc          ] GC(243) Concurrent Mark Cycle 146.941ms
[127.988s][info][gc,start    ] GC(244) Pause Young (Prepare Mixed) (G1 Evacuation Pause)
[127.988s][info][gc,task     ] GC(244) Using 2 workers of 2 for evacuation
[128.020s][info][gc,phases   ] GC(244)   Pre Evacuate Collection Set: 0.27ms
[128.020s][info][gc,phases   ] GC(244)   Merge Heap Roots: 0.07ms
[128.020s][info][gc,phases   ] GC(244)   Evacuate Collection Set: 30.82ms
[128.020s][info][gc,phases   ] GC(244)   Post Evacuate Collection Set: 0.76ms
[128.020s][info][gc,phases   ] GC(244)   Other: 0.07ms
[128.020s][info][gc,heap     ] GC(244) Eden regions: 71->0(300)
[128.020s][info][gc,heap     ] GC(244) Survivor regions: 15->25(39)
[128.020s][info][gc,heap     ] GC(244) Old regions: 67->67
[128.020s][info][gc,heap     ] GC(244) Humongous regions: 365->3
[128.020s][info][gc,metaspace] GC(244) Metaspace: 41460K(41856K)->41460K(41856K) NonClass: 38646K(38912K)->38646K(38912K) Class: 2814K(2944K)->2814K(2944K)
[128.020s][info][gc          ] GC(244) Pause Young (Prepare Mixed) (G1 Evacuation Pause) 516M->94M(543M) 32.184ms
[128.020s][info][gc,cpu      ] GC(244) User=0.05s Sys=0.01s Real=0.03s
[128.615s][info][gc,start    ] GC(245) Pause Young (Mixed) (G1 Evacuation Pause)
[128.615s][info][gc,task     ] GC(245) Using 2 workers of 2 for evacuation
[128.629s][info][gc,phases   ] GC(245)   Pre Evacuate Collection Set: 0.35ms
[128.629s][info][gc,phases   ] GC(245)   Merge Heap Roots: 0.08ms
[128.629s][info][gc,phases   ] GC(245)   Evacuate Collection Set: 12.60ms
[128.629s][info][gc,phases   ] GC(245)   Post Evacuate Collection Set: 0.97ms
[128.629s][info][gc,phases   ] GC(245)   Other: 0.08ms
[128.629s][info][gc,heap     ] GC(245) Eden regions: 84->0(331)
[128.629s][info][gc,heap     ] GC(245) Survivor regions: 25->2(41)
[128.629s][info][gc,heap     ] GC(245) Old regions: 67->67
[128.629s][info][gc,heap     ] GC(245) Humongous regions: 371->1
[128.629s][info][gc,metaspace] GC(245) Metaspace: 41500K(41920K)->41500K(41920K) NonClass: 38685K(38976K)->38685K(38976K) Class: 2814K(2944K)->2814K(2944K)
[128.629s][info][gc          ] GC(245) Pause Young (Mixed) (G1 Evacuation Pause) 546M->68M(555M) 14.306ms
[128.629s][info][gc,cpu      ] GC(245) User=0.03s Sys=0.00s Real=0.01s
[128.766s][info][gc,start    ] GC(246) Pause Young (Concurrent Start) (G1 Humongous Allocation)
[128.766s][info][gc,task     ] GC(246) Using 2 workers of 2 for evacuation
[128.772s][info][gc,phases   ] GC(246)   Pre Evacuate Collection Set: 0.28ms
[128.772s][info][gc,phases   ] GC(246)   Merge Heap Roots: 0.06ms
[128.772s][info][gc,phases   ] GC(246)   Evacuate Collection Set: 5.01ms
[128.772s][info][gc,phases   ] GC(246)   Post Evacuate Collection Set: 0.31ms
[128.772s][info][gc,phases   ] GC(246)   Other: 0.12ms
[128.772s][info][gc,heap     ] GC(246) Eden regions: 29->0(329)
[128.772s][info][gc,heap     ] GC(246) Survivor regions: 2->4(42)
[128.772s][info][gc,heap     ] GC(246) Old regions: 67->67
[128.772s][info][gc,heap     ] GC(246) Humongous regions: 1->1
[128.772s][info][gc,metaspace] GC(246) Metaspace: 41510K(41920K)->41510K(41920K) NonClass: 38696K(38976K)->38696K(38976K) Class: 2814K(2944K)->2814K(2944K)
[128.772s][info][gc          ] GC(246) Pause Young (Concurrent Start) (G1 Humongous Allocation) 96M->70M(555M) 5.985ms
[128.772s][info][gc,cpu      ] GC(246) User=0.01s Sys=0.00s Real=0.01s
[128.772s][info][gc          ] GC(247) Concurrent Mark Cycle
[128.772s][info][gc,marking  ] GC(247) Concurrent Scan Root Regions
[128.776s][info][gc,marking  ] GC(247) Concurrent Scan Root Regions 3.684ms
[128.776s][info][gc,marking  ] GC(247) Concurrent Mark
[128.776s][info][gc,marking  ] GC(247) Concurrent Mark From Roots
[128.776s][info][gc,task     ] GC(247) Using 1 workers of 1 for marking
[128.925s][info][gc,marking  ] GC(247) Concurrent Mark From Roots 149.250ms
[128.925s][info][gc,marking  ] GC(247) Concurrent Preclean
[128.925s][info][gc,marking  ] GC(247) Concurrent Preclean 0.054ms
[128.925s][info][gc,start    ] GC(247) Pause Remark
[128.939s][info][gc          ] GC(247) Pause Remark 138M->134M(334M) 13.706ms
[128.939s][info][gc,cpu      ] GC(247) User=0.03s Sys=0.00s Real=0.01s
[128.941s][info][gc,marking  ] GC(247) Concurrent Mark 165.215ms
[128.941s][info][gc,marking  ] GC(247) Concurrent Rebuild Remembered Sets and Scrub Regions
[128.998s][info][gc,marking  ] GC(247) Concurrent Rebuild Remembered Sets and Scrub Regions 57.508ms
[128.999s][info][gc,start    ] GC(247) Pause Cleanup
[128.999s][info][gc          ] GC(247) Pause Cleanup 145M->145M(334M) 0.052ms
[128.999s][info][gc,cpu      ] GC(247) User=0.00s Sys=0.00s Real=0.00s
[128.999s][info][gc,marking  ] GC(247) Concurrent Clear Claimed Marks
[128.999s][info][gc,marking  ] GC(247) Concurrent Clear Claimed Marks 0.034ms
[128.999s][info][gc,marking  ] GC(247) Concurrent Cleanup for Next Mark
[129.000s][info][gc,marking  ] GC(247) Concurrent Cleanup for Next Mark 1.181ms
[129.000s][info][gc          ] GC(247) Concurrent Mark Cycle 228.032ms
[129.392s][info][gc,start    ] GC(248) Pause Young (Prepare Mixed) (G1 Evacuation Pause)
[129.392s][info][gc,task     ] GC(248) Using 2 workers of 2 for evacuation
[129.399s][info][gc,phases   ] GC(248)   Pre Evacuate Collection Set: 0.17ms
[129.399s][info][gc,phases   ] GC(248)   Merge Heap Roots: 0.08ms
[129.399s][info][gc,phases   ] GC(248)   Evacuate Collection Set: 5.28ms
[129.399s][info][gc,phases   ] GC(248)   Post Evacuate Collection Set: 0.58ms
[129.399s][info][gc,phases   ] GC(248)   Other: 0.10ms
[129.399s][info][gc,heap     ] GC(248) Eden regions: 196->0(192)
[129.399s][info][gc,heap     ] GC(248) Survivor regions: 4->8(25)
[129.399s][info][gc,heap     ] GC(248) Old regions: 63->63
[129.399s][info][gc,heap     ] GC(248) Humongous regions: 45->1
[129.399s][info][gc,metaspace] GC(248) Metaspace: 41532K(41920K)->41532K(41920K) NonClass: 38717K(38976K)->38717K(38976K) Class: 2814K(2944K)->2814K(2944K)
[129.399s][info][gc          ] GC(248) Pause Young (Prepare Mixed) (G1 Evacuation Pause) 306M->70M(334M) 6.436ms
[129.399s][info][gc,cpu      ] GC(248) User=0.01s Sys=0.00s Real=0.00s
[129.833s][info][gc,start    ] GC(249) Pause Young (Mixed) (G1 Evacuation Pause)
[129.833s][info][gc,task     ] GC(249) Using 2 workers of 2 for evacuation
[129.844s][info][gc,phases   ] GC(249)   Pre Evacuate Collection Set: 0.20ms
[129.845s][info][gc,phases   ] GC(249)   Merge Heap Roots: 0.09ms
[129.845s][info][gc,phases   ] GC(249)   Evacuate Collection Set: 10.78ms
[129.845s][info][gc,phases   ] GC(249)   Post Evacuate Collection Set: 0.46ms
[129.845s][info][gc,phases   ] GC(249)   Other: 0.10ms
[129.845s][info][gc,heap     ] GC(249) Eden regions: 192->0(190)
[129.845s][info][gc,heap     ] GC(249) Survivor regions: 8->10(25)
[129.845s][info][gc,heap     ] GC(249) Old regions: 63->58
[129.845s][info][gc,heap     ] GC(249) Humongous regions: 1->1
[129.845s][info][gc,metaspace] GC(249) Metaspace: 41538K(41920K)->41538K(41920K) NonClass: 38723K(38976K)->38723K(38976K) Class: 2814K(2944K)->2814K(2944K)
[129.845s][info][gc          ] GC(249) Pause Young (Mixed) (G1 Evacuation Pause) 262M->68M(334M) 11.824ms
[129.845s][info][gc,cpu      ] GC(249) User=0.02s Sys=0.00s Real=0.01s
[130.275s][info][gc,start    ] GC(250) Pause Young (Concurrent Start) (G1 Evacuation Pause)
[130.275s][info][gc,task     ] GC(250) Using 2 workers of 2 for evacuation
[130.283s][info][gc,phases   ] GC(250)   Pre Evacuate Collection Set: 0.22ms
[130.283s][info][gc,phases   ] GC(250)   Merge Heap Roots: 0.12ms
[130.283s][info][gc,phases   ] GC(250)   Evacuate Collection Set: 6.30ms
[130.283s][info][gc,phases   ] GC(250)   Post Evacuate Collection Set: 0.58ms
[130.283s][info][gc,phases   ] GC(250)   Other: 0.12ms
[130.283s][info][gc,heap     ] GC(250) Eden regions: 190->0(190)
[130.283s][info][gc,heap     ] GC(250) Survivor regions: 10->10(25)
[130.283s][info][gc,heap     ] GC(250) Old regions: 58->58
[130.283s][info][gc,heap     ] GC(250) Humongous regions: 1->1
[130.283s][info][gc,metaspace] GC(250) Metaspace: 41541K(41920K)->41541K(41920K) NonClass: 38726K(38976K)->38726K(38976K) Class: 2814K(2944K)->2814K(2944K)
[130.283s][info][gc          ] GC(250) Pause Young (Concurrent Start) (G1 Evacuation Pause) 258M->67M(334M) 7.527ms
[130.283s][info][gc,cpu      ] GC(250) User=0.02s Sys=0.00s Real=0.01s
[130.283s][info][gc          ] GC(251) Concurrent Mark Cycle
[130.283s][info][gc,marking  ] GC(251) Concurrent Scan Root Regions
[130.290s][info][gc,marking  ] GC(251) Concurrent Scan Root Regions 6.788ms
[130.290s][info][gc,marking  ] GC(251) Concurrent Mark
[130.290s][info][gc,marking  ] GC(251) Concurrent Mark From Roots
[130.290s][info][gc,task     ] GC(251) Using 1 workers of 1 for marking
[130.393s][info][gc,marking  ] GC(251) Concurrent Mark From Roots 102.714ms
[130.393s][info][gc,marking  ] GC(251) Concurrent Preclean
[130.393s][info][gc,marking  ] GC(251) Concurrent Preclean 0.052ms
[130.393s][info][gc,start    ] GC(251) Pause Remark
[130.407s][info][gc          ] GC(251) Pause Remark 94M->94M(256M) 14.538ms
[130.407s][info][gc,cpu      ] GC(251) User=0.03s Sys=0.00s Real=0.01s
[130.410s][info][gc,marking  ] GC(251) Concurrent Mark 120.064ms
[130.410s][info][gc,marking  ] GC(251) Concurrent Rebuild Remembered Sets and Scrub Regions
[130.438s][info][gc,marking  ] GC(251) Concurrent Rebuild Remembered Sets and Scrub Regions 28.075ms
[130.439s][info][gc,start    ] GC(251) Pause Cleanup
[130.439s][info][gc          ] GC(251) Pause Cleanup 99M->99M(256M) 0.064ms
[130.439s][info][gc,cpu      ] GC(251) User=0.01s Sys=0.00s Real=0.00s
[130.439s][info][gc,marking  ] GC(251) Concurrent Clear Claimed Marks
[130.439s][info][gc,marking  ] GC(251) Concurrent Clear Claimed Marks 0.041ms
[130.439s][info][gc,marking  ] GC(251) Concurrent Cleanup for Next Mark
[130.439s][info][gc,marking  ] GC(251) Concurrent Cleanup for Next Mark 0.768ms
[130.440s][info][gc          ] GC(251) Concurrent Mark Cycle 156.526ms
[130.703s][info][gc,start    ] GC(252) Pause Young (Prepare Mixed) (G1 Evacuation Pause)
[130.703s][info][gc,task     ] GC(252) Using 2 workers of 2 for evacuation
[130.710s][info][gc,phases   ] GC(252)   Pre Evacuate Collection Set: 0.18ms
[130.710s][info][gc,phases   ] GC(252)   Merge Heap Roots: 0.07ms
[130.710s][info][gc,phases   ] GC(252)   Evacuate Collection Set: 6.09ms
[130.710s][info][gc,phases   ] GC(252)   Post Evacuate Collection Set: 0.50ms
[130.710s][info][gc,phases   ] GC(252)   Other: 0.07ms
[130.710s][info][gc,heap     ] GC(252) Eden regions: 143->0(146)
[130.710s][info][gc,heap     ] GC(252) Survivor regions: 10->7(20)
[130.710s][info][gc,heap     ] GC(252) Old regions: 58->58
[130.710s][info][gc,heap     ] GC(252) Humongous regions: 1->1
[130.710s][info][gc,metaspace] GC(252) Metaspace: 41542K(41920K)->41542K(41920K) NonClass: 38727K(38976K)->38727K(38976K) Class: 2814K(2944K)->2814K(2944K)
[130.710s][info][gc          ] GC(252) Pause Young (Prepare Mixed) (G1 Evacuation Pause) 210M->65M(256M) 7.122ms
[130.710s][info][gc,cpu      ] GC(252) User=0.02s Sys=0.00s Real=0.00s
[131.027s][info][gc,start    ] GC(253) Pause Young (Mixed) (G1 Evacuation Pause)
[131.027s][info][gc,task     ] GC(253) Using 2 workers of 2 for evacuation
[131.041s][info][gc,phases   ] GC(253)   Pre Evacuate Collection Set: 0.15ms
[131.041s][info][gc,phases   ] GC(253)   Merge Heap Roots: 0.10ms
[131.041s][info][gc,phases   ] GC(253)   Evacuate Collection Set: 13.53ms
[131.041s][info][gc,phases   ] GC(253)   Post Evacuate Collection Set: 0.53ms
[131.041s][info][gc,phases   ] GC(253)   Other: 0.09ms
[131.041s][info][gc,heap     ] GC(253) Eden regions: 146->0(142)
[131.041s][info][gc,heap     ] GC(253) Survivor regions: 7->11(20)
[131.041s][info][gc,heap     ] GC(253) Old regions: 58->55
[131.041s][info][gc,heap     ] GC(253) Humongous regions: 1->1
[131.041s][info][gc,metaspace] GC(253) Metaspace: 41542K(41920K)->41542K(41920K) NonClass: 38727K(38976K)->38727K(38976K) Class: 2814K(2944K)->2814K(2944K)
[131.041s][info][gc          ] GC(253) Pause Young (Mixed) (G1 Evacuation Pause) 211M->66M(256M) 14.643ms
[131.041s][info][gc,cpu      ] GC(253) User=0.03s Sys=0.00s Real=0.01s
[131.434s][info][gc,start    ] GC(254) Pause Young (Concurrent Start) (G1 Evacuation Pause)
[131.434s][info][gc,task     ] GC(254) Using 2 workers of 2 for evacuation
[131.442s][info][gc,phases   ] GC(254)   Pre Evacuate Collection Set: 0.19ms
[131.442s][info][gc,phases   ] GC(254)   Merge Heap Roots: 0.11ms
[131.443s][info][gc,phases   ] GC(254)   Evacuate Collection Set: 7.37ms
[131.443s][info][gc,phases   ] GC(254)   Post Evacuate Collection Set: 0.52ms
[131.443s][info][gc,phases   ] GC(254)   Other: 0.09ms
[131.443s][info][gc,heap     ] GC(254) Eden regions: 142->0(143)
[131.443s][info][gc,heap     ] GC(254) Survivor regions: 11->10(20)
[131.443s][info][gc,heap     ] GC(254) Old regions: 55->56
[131.443s][info][gc,heap     ] GC(254) Humongous regions: 1->1
[131.443s][info][gc,metaspace] GC(254) Metaspace: 41547K(41920K)->41547K(41920K) NonClass: 38732K(38976K)->38732K(38976K) Class: 2814K(2944K)->2814K(2944K)
[131.443s][info][gc          ] GC(254) Pause Young (Concurrent Start) (G1 Evacuation Pause) 208M->66M(256M) 8.471ms
[131.443s][info][gc,cpu      ] GC(254) User=0.01s Sys=0.00s Real=0.01s
[131.443s][info][gc          ] GC(255) Concurrent Mark Cycle
[131.445s][info][gc,marking  ] GC(255) Concurrent Scan Root Regions
[131.453s][info][gc,marking  ] GC(255) Concurrent Scan Root Regions 7.965ms
[131.453s][info][gc,marking  ] GC(255) Concurrent Mark
[131.453s][info][gc,marking  ] GC(255) Concurrent Mark From Roots
[131.453s][info][gc,task     ] GC(255) Using 1 workers of 1 for marking
[131.556s][info][gc,marking  ] GC(255) Concurrent Mark From Roots 103.592ms
[131.556s][info][gc,marking  ] GC(255) Concurrent Preclean
[131.557s][info][gc,marking  ] GC(255) Concurrent Preclean 0.070ms
[131.557s][info][gc,start    ] GC(255) Pause Remark
[131.570s][info][gc          ] GC(255) Pause Remark 88M->88M(256M) 13.585ms
[131.570s][info][gc,cpu      ] GC(255) User=0.02s Sys=0.01s Real=0.01s
[131.570s][info][gc,marking  ] GC(255) Concurrent Mark 117.561ms
[131.570s][info][gc,marking  ] GC(255) Concurrent Rebuild Remembered Sets and Scrub Regions
[131.631s][info][gc,marking  ] GC(255) Concurrent Rebuild Remembered Sets and Scrub Regions 60.509ms
[131.632s][info][gc,start    ] GC(255) Pause Cleanup
[131.632s][info][gc          ] GC(255) Pause Cleanup 98M->98M(256M) 0.071ms
[131.632s][info][gc,cpu      ] GC(255) User=0.00s Sys=0.00s Real=0.00s
[131.632s][info][gc,marking  ] GC(255) Concurrent Clear Claimed Marks
[131.632s][info][gc,marking  ] GC(255) Concurrent Clear Claimed Marks 0.038ms
[131.632s][info][gc,marking  ] GC(255) Concurrent Cleanup for Next Mark
[131.634s][info][gc,marking  ] GC(255) Concurrent Cleanup for Next Mark 1.144ms
[131.634s][info][gc          ] GC(255) Concurrent Mark Cycle 190.972ms
[131.905s][info][gc,start    ] GC(256) Pause Young (Prepare Mixed) (G1 Evacuation Pause)
[131.906s][info][gc,task     ] GC(256) Using 2 workers of 2 for evacuation
[131.910s][info][gc,phases   ] GC(256)   Pre Evacuate Collection Set: 0.17ms
[131.910s][info][gc,phases   ] GC(256)   Merge Heap Roots: 0.09ms
[131.910s][info][gc,phases   ] GC(256)   Evacuate Collection Set: 3.83ms
[131.910s][info][gc,phases   ] GC(256)   Post Evacuate Collection Set: 0.54ms
[131.910s][info][gc,phases   ] GC(256)   Other: 0.07ms
[131.910s][info][gc,heap     ] GC(256) Eden regions: 143->0(145)
[131.910s][info][gc,heap     ] GC(256) Survivor regions: 10->8(20)
[131.910s][info][gc,heap     ] GC(256) Old regions: 56->56
[131.910s][info][gc,heap     ] GC(256) Humongous regions: 1->1
[131.910s][info][gc,metaspace] GC(256) Metaspace: 41548K(41920K)->41548K(41920K) NonClass: 38733K(38976K)->38733K(38976K) Class: 2814K(2944K)->2814K(2944K)
[131.910s][info][gc          ] GC(256) Pause Young (Prepare Mixed) (G1 Evacuation Pause) 209M->63M(256M) 4.900ms
[131.910s][info][gc,cpu      ] GC(256) User=0.01s Sys=0.00s Real=0.00s
[132.268s][info][gc,start    ] GC(257) Pause Young (Mixed) (G1 Evacuation Pause)
[132.269s][info][gc,task     ] GC(257) Using 2 workers of 2 for evacuation
[132.282s][info][gc,phases   ] GC(257)   Pre Evacuate Collection Set: 0.71ms
[132.282s][info][gc,phases   ] GC(257)   Merge Heap Roots: 0.14ms
[132.282s][info][gc,phases   ] GC(257)   Evacuate Collection Set: 11.93ms
[132.282s][info][gc,phases   ] GC(257)   Post Evacuate Collection Set: 0.68ms
[132.282s][info][gc,phases   ] GC(257)   Other: 0.10ms
[132.282s][info][gc,heap     ] GC(257) Eden regions: 145->0(138)
[132.282s][info][gc,heap     ] GC(257) Survivor regions: 8->15(20)
[132.282s][info][gc,heap     ] GC(257) Old regions: 56->53
[132.282s][info][gc,heap     ] GC(257) Humongous regions: 1->1
[132.282s][info][gc,metaspace] GC(257) Metaspace: 41551K(41920K)->41551K(41920K) NonClass: 38736K(38976K)->38736K(38976K) Class: 2814K(2944K)->2814K(2944K)
[132.282s][info][gc          ] GC(257) Pause Young (Mixed) (G1 Evacuation Pause) 208M->68M(256M) 13.763ms
[132.282s][info][gc,cpu      ] GC(257) User=0.02s Sys=0.00s Real=0.02s
[133.074s][info][gc,start    ] GC(258) Pause Young (Concurrent Start) (G1 Humongous Allocation)
[133.074s][info][gc,task     ] GC(258) Using 2 workers of 2 for evacuation
[133.080s][info][gc,phases   ] GC(258)   Pre Evacuate Collection Set: 0.16ms
[133.080s][info][gc,phases   ] GC(258)   Merge Heap Roots: 0.07ms
[133.080s][info][gc,phases   ] GC(258)   Evacuate Collection Set: 4.83ms
[133.080s][info][gc,phases   ] GC(258)   Post Evacuate Collection Set: 0.41ms
[133.080s][info][gc,phases   ] GC(258)   Other: 0.12ms
[133.080s][info][gc,heap     ] GC(258) Eden regions: 112->0(152)
[133.080s][info][gc,heap     ] GC(258) Survivor regions: 15->1(20)
[133.080s][info][gc,heap     ] GC(258) Old regions: 53->56
[133.080s][info][gc,heap     ] GC(258) Humongous regions: 1->1
[133.080s][info][gc,metaspace] GC(258) Metaspace: 41589K(41984K)->41589K(41984K) NonClass: 38774K(39040K)->38774K(39040K) Class: 2814K(2944K)->2814K(2944K)
[133.080s][info][gc          ] GC(258) Pause Young (Concurrent Start) (G1 Humongous Allocation) 179M->57M(256M) 5.765ms
[133.080s][info][gc,cpu      ] GC(258) User=0.01s Sys=0.00s Real=0.00s
[133.080s][info][gc          ] GC(259) Concurrent Mark Cycle
[133.080s][info][gc,marking  ] GC(259) Concurrent Scan Root Regions
[133.086s][info][gc,marking  ] GC(259) Concurrent Scan Root Regions 6.405ms
[133.086s][info][gc,marking  ] GC(259) Concurrent Mark
[133.086s][info][gc,marking  ] GC(259) Concurrent Mark From Roots
[133.086s][info][gc,task     ] GC(259) Using 1 workers of 1 for marking
[133.197s][info][gc,marking  ] GC(259) Concurrent Mark From Roots 111.262ms
[133.198s][info][gc,marking  ] GC(259) Concurrent Preclean
[133.198s][info][gc,marking  ] GC(259) Concurrent Preclean 0.180ms
[133.198s][info][gc,start    ] GC(259) Pause Remark
[133.215s][info][gc          ] GC(259) Pause Remark 68M->68M(256M) 17.574ms
[133.215s][info][gc,cpu      ] GC(259) User=0.03s Sys=0.00s Real=0.02s
[133.215s][info][gc,marking  ] GC(259) Concurrent Mark 129.201ms
[133.215s][info][gc,marking  ] GC(259) Concurrent Rebuild Remembered Sets and Scrub Regions
[133.264s][info][gc,marking  ] GC(259) Concurrent Rebuild Remembered Sets and Scrub Regions 48.420ms
[133.264s][info][gc,start    ] GC(259) Pause Cleanup
[133.264s][info][gc          ] GC(259) Pause Cleanup 72M->72M(256M) 0.046ms
[133.264s][info][gc,cpu      ] GC(259) User=0.00s Sys=0.00s Real=0.00s
[133.264s][info][gc,marking  ] GC(259) Concurrent Clear Claimed Marks
[133.264s][info][gc,marking  ] GC(259) Concurrent Clear Claimed Marks 0.033ms
[133.264s][info][gc,marking  ] GC(259) Concurrent Cleanup for Next Mark
[133.266s][info][gc,marking  ] GC(259) Concurrent Cleanup for Next Mark 1.967ms
[133.266s][info][gc          ] GC(259) Concurrent Mark Cycle 186.338ms
[134.023s][info][gc,start    ] GC(260) Pause Young (Prepare Mixed) (G1 Evacuation Pause)
[134.023s][info][gc,task     ] GC(260) Using 2 workers of 2 for evacuation
[134.037s][info][gc,phases   ] GC(260)   Pre Evacuate Collection Set: 0.24ms
[134.037s][info][gc,phases   ] GC(260)   Merge Heap Roots: 0.13ms
[134.037s][info][gc,phases   ] GC(260)   Evacuate Collection Set: 12.68ms
[134.037s][info][gc,phases   ] GC(260)   Post Evacuate Collection Set: 0.46ms
[134.037s][info][gc,phases   ] GC(260)   Other: 0.09ms
[134.037s][info][gc,heap     ] GC(260) Eden regions: 152->0(141)
[134.037s][info][gc,heap     ] GC(260) Survivor regions: 1->12(20)
[134.037s][info][gc,heap     ] GC(260) Old regions: 56->56
[134.037s][info][gc,heap     ] GC(260) Humongous regions: 13->3
[134.037s][info][gc,metaspace] GC(260) Metaspace: 41677K(42112K)->41677K(42112K) NonClass: 38862K(39168K)->38862K(39168K) Class: 2814K(2944K)->2814K(2944K)
[134.037s][info][gc          ] GC(260) Pause Young (Prepare Mixed) (G1 Evacuation Pause) 221M->69M(256M) 13.749ms
[134.037s][info][gc,cpu      ] GC(260) User=0.02s Sys=0.00s Real=0.01s
[134.357s][info][gc,start    ] GC(261) Pause Young (Mixed) (G1 Evacuation Pause)
[134.357s][info][gc,task     ] GC(261) Using 2 workers of 2 for evacuation
[134.385s][info][gc,phases   ] GC(261)   Pre Evacuate Collection Set: 0.21ms
[134.385s][info][gc,phases   ] GC(261)   Merge Heap Roots: 0.17ms
[134.385s][info][gc,phases   ] GC(261)   Evacuate Collection Set: 27.80ms
[134.385s][info][gc,phases   ] GC(261)   Post Evacuate Collection Set: 0.42ms
[134.385s][info][gc,phases   ] GC(261)   Other: 0.07ms
[134.385s][info][gc,heap     ] GC(261) Eden regions: 141->0(137)
[134.385s][info][gc,heap     ] GC(261) Survivor regions: 12->16(20)
[134.385s][info][gc,heap     ] GC(261) Old regions: 56->61
[134.385s][info][gc,heap     ] GC(261) Humongous regions: 4->4
[134.385s][info][gc,metaspace] GC(261) Metaspace: 41677K(42112K)->41677K(42112K) NonClass: 38862K(39168K)->38862K(39168K) Class: 2814K(2944K)->2814K(2944K)
[134.386s][info][gc          ] GC(261) Pause Young (Mixed) (G1 Evacuation Pause) 211M->80M(256M) 28.865ms
[134.386s][info][gc,cpu      ] GC(261) User=0.06s Sys=0.00s Real=0.03s
[134.678s][info][gc,start    ] GC(262) Pause Young (Concurrent Start) (G1 Humongous Allocation)
[134.679s][info][gc,task     ] GC(262) Using 2 workers of 2 for evacuation
[134.708s][info][gc,phases   ] GC(262)   Pre Evacuate Collection Set: 0.16ms
[134.708s][info][gc,phases   ] GC(262)   Merge Heap Roots: 0.08ms
[134.708s][info][gc,phases   ] GC(262)   Evacuate Collection Set: 28.37ms
[134.708s][info][gc,phases   ] GC(262)   Post Evacuate Collection Set: 0.42ms
[134.708s][info][gc,phases   ] GC(262)   Other: 0.08ms
[134.708s][info][gc,heap     ] GC(262) Eden regions: 129->0(128)
[134.708s][info][gc,heap     ] GC(262) Survivor regions: 16->15(20)
[134.708s][info][gc,heap     ] GC(262) Old regions: 61->77
[134.708s][info][gc,heap     ] GC(262) Humongous regions: 4->4
[134.708s][info][gc,metaspace] GC(262) Metaspace: 41677K(42112K)->41677K(42112K) NonClass: 38862K(39168K)->38862K(39168K) Class: 2814K(2944K)->2814K(2944K)
[134.708s][info][gc          ] GC(262) Pause Young (Concurrent Start) (G1 Humongous Allocation) 209M->95M(256M) 29.299ms
[134.708s][info][gc          ] GC(263) Concurrent Mark Cycle
[134.708s][info][gc,marking  ] GC(263) Concurrent Scan Root Regions
[134.708s][info][gc,cpu      ] GC(262) User=0.06s Sys=0.00s Real=0.03s
[134.742s][info][gc,marking  ] GC(263) Concurrent Scan Root Regions 34.238ms
[134.742s][info][gc,marking  ] GC(263) Concurrent Mark
[134.742s][info][gc,marking  ] GC(263) Concurrent Mark From Roots
[134.742s][info][gc,task     ] GC(263) Using 1 workers of 1 for marking
[134.865s][info][gc,marking  ] GC(263) Concurrent Mark From Roots 122.973ms
[134.865s][info][gc,marking  ] GC(263) Concurrent Preclean
[134.865s][info][gc,marking  ] GC(263) Concurrent Preclean 0.117ms
[134.865s][info][gc,start    ] GC(263) Pause Remark
[134.880s][info][gc          ] GC(263) Pause Remark 148M->142M(256M) 14.657ms
[134.880s][info][gc,cpu      ] GC(263) User=0.03s Sys=0.00s Real=0.01s
[134.880s][info][gc,marking  ] GC(263) Concurrent Mark 137.990ms
[134.880s][info][gc,marking  ] GC(263) Concurrent Rebuild Remembered Sets and Scrub Regions
[134.946s][info][gc,marking  ] GC(263) Concurrent Rebuild Remembered Sets and Scrub Regions 66.149ms
[134.946s][info][gc,start    ] GC(263) Pause Cleanup
[134.946s][info][gc          ] GC(263) Pause Cleanup 169M->169M(256M) 0.042ms
[134.946s][info][gc,cpu      ] GC(263) User=0.00s Sys=0.00s Real=0.00s
[134.946s][info][gc,marking  ] GC(263) Concurrent Clear Claimed Marks
[134.947s][info][gc,marking  ] GC(263) Concurrent Clear Claimed Marks 0.031ms
[134.947s][info][gc,marking  ] GC(263) Concurrent Cleanup for Next Mark
[134.947s][info][gc,marking  ] GC(263) Concurrent Cleanup for Next Mark 0.768ms
[134.947s][info][gc          ] GC(263) Concurrent Mark Cycle 239.504ms
[135.053s][info][gc,start    ] GC(264) Pause Young (Prepare Mixed) (G1 Evacuation Pause)
[135.053s][info][gc,task     ] GC(264) Using 2 workers of 2 for evacuation
[135.083s][info][gc,phases   ] GC(264)   Pre Evacuate Collection Set: 0.22ms
[135.083s][info][gc,phases   ] GC(264)   Merge Heap Roots: 0.16ms
[135.083s][info][gc,phases   ] GC(264)   Evacuate Collection Set: 29.35ms
[135.083s][info][gc,phases   ] GC(264)   Post Evacuate Collection Set: 0.38ms
[135.083s][info][gc,phases   ] GC(264)   Other: 0.08ms
[135.083s][info][gc,heap     ] GC(264) Eden regions: 128->0(119)
[135.083s][info][gc,heap     ] GC(264) Survivor regions: 15->14(18)
[135.083s][info][gc,heap     ] GC(264) Old regions: 71->85
[135.083s][info][gc,heap     ] GC(264) Humongous regions: 6->6
[135.083s][info][gc,metaspace] GC(264) Metaspace: 41677K(42112K)->41677K(42112K) NonClass: 38862K(39168K)->38862K(39168K) Class: 2814K(2944K)->2814K(2944K)
[135.083s][info][gc          ] GC(264) Pause Young (Prepare Mixed) (G1 Evacuation Pause) 219M->105M(256M) 30.369ms
[135.083s][info][gc,cpu      ] GC(264) User=0.06s Sys=0.00s Real=0.03s
[135.325s][info][gc,start    ] GC(265) Pause Young (Mixed) (G1 Evacuation Pause)
[135.325s][info][gc,task     ] GC(265) Using 2 workers of 2 for evacuation
[135.355s][info][gc,phases   ] GC(265)   Pre Evacuate Collection Set: 0.15ms
[135.355s][info][gc,phases   ] GC(265)   Merge Heap Roots: 0.10ms
[135.355s][info][gc,phases   ] GC(265)   Evacuate Collection Set: 29.07ms
[135.355s][info][gc,phases   ] GC(265)   Post Evacuate Collection Set: 0.60ms
[135.355s][info][gc,phases   ] GC(265)   Other: 0.09ms
[135.355s][info][gc,heap     ] GC(265) Eden regions: 119->0(115)
[135.355s][info][gc,heap     ] GC(265) Survivor regions: 14->13(17)
[135.355s][info][gc,heap     ] GC(265) Old regions: 85->91
[135.355s][info][gc,heap     ] GC(265) Humongous regions: 6->6
[135.355s][info][gc,metaspace] GC(265) Metaspace: 41677K(42112K)->41677K(42112K) NonClass: 38862K(39168K)->38862K(39168K) Class: 2814K(2944K)->2814K(2944K)
[135.355s][info][gc          ] GC(265) Pause Young (Mixed) (G1 Evacuation Pause) 224M->110M(256M) 30.205ms
[135.355s][info][gc,cpu      ] GC(265) User=0.06s Sys=0.00s Real=0.03s
[135.469s][info][gc,start    ] GC(266) Pause Young (Concurrent Start) (G1 Humongous Allocation)
[135.469s][info][gc,task     ] GC(266) Using 2 workers of 2 for evacuation
[135.490s][info][gc,phases   ] GC(266)   Pre Evacuate Collection Set: 0.17ms
[135.490s][info][gc,phases   ] GC(266)   Merge Heap Roots: 0.07ms
[135.490s][info][gc,phases   ] GC(266)   Evacuate Collection Set: 19.07ms
[135.490s][info][gc,phases   ] GC(266)   Post Evacuate Collection Set: 1.20ms
[135.490s][info][gc,phases   ] GC(266)   Other: 0.10ms
[135.490s][info][gc,heap     ] GC(266) Eden regions: 53->0(229)
[135.490s][info][gc,heap     ] GC(266) Survivor regions: 13->7(16)
[135.490s][info][gc,heap     ] GC(266) Old regions: 91->104
[135.490s][info][gc,heap     ] GC(266) Humongous regions: 6->6
[135.490s][info][gc,metaspace] GC(266) Metaspace: 41677K(42112K)->41677K(42112K) NonClass: 38862K(39168K)->38862K(39168K) Class: 2814K(2944K)->2814K(2944K)
[135.490s][info][gc          ] GC(266) Pause Young (Concurrent Start) (G1 Humongous Allocation) 162M->116M(395M) 20.783ms
[135.490s][info][gc,cpu      ] GC(266) User=0.04s Sys=0.00s Real=0.02s
[135.490s][info][gc          ] GC(267) Concurrent Mark Cycle
[135.490s][info][gc,marking  ] GC(267) Concurrent Scan Root Regions
[135.505s][info][gc,marking  ] GC(267) Concurrent Scan Root Regions 15.232ms
[135.505s][info][gc,marking  ] GC(267) Concurrent Mark
[135.505s][info][gc,marking  ] GC(267) Concurrent Mark From Roots
[135.505s][info][gc,task     ] GC(267) Using 1 workers of 1 for marking
[135.640s][info][gc,marking  ] GC(267) Concurrent Mark From Roots 134.653ms
[135.640s][info][gc,marking  ] GC(267) Concurrent Preclean
[135.640s][info][gc,marking  ] GC(267) Concurrent Preclean 0.046ms
[135.641s][info][gc,start    ] GC(267) Pause Remark
[135.654s][info][gc          ] GC(267) Pause Remark 137M->136M(395M) 13.388ms
[135.654s][info][gc,cpu      ] GC(267) User=0.02s Sys=0.00s Real=0.02s
[135.655s][info][gc,marking  ] GC(267) Concurrent Mark 149.476ms
[135.655s][info][gc,marking  ] GC(267) Concurrent Rebuild Remembered Sets and Scrub Regions
[135.768s][info][gc,marking  ] GC(267) Concurrent Rebuild Remembered Sets and Scrub Regions 112.768ms
[135.770s][info][gc,start    ] GC(267) Pause Cleanup
[135.770s][info][gc          ] GC(267) Pause Cleanup 169M->169M(395M) 0.053ms
[135.770s][info][gc,cpu      ] GC(267) User=0.00s Sys=0.00s Real=0.00s
[135.770s][info][gc,marking  ] GC(267) Concurrent Clear Claimed Marks
[135.770s][info][gc,marking  ] GC(267) Concurrent Clear Claimed Marks 0.036ms
[135.770s][info][gc,marking  ] GC(267) Concurrent Cleanup for Next Mark
[135.773s][info][gc,marking  ] GC(267) Concurrent Cleanup for Next Mark 2.534ms
[135.773s][info][gc          ] GC(267) Concurrent Mark Cycle 282.448ms
[139.140s][info][gc,start    ] GC(268) Pause Young (Prepare Mixed) (G1 Evacuation Pause)
[139.140s][info][gc,task     ] GC(268) Using 2 workers of 2 for evacuation
[139.171s][info][gc,phases   ] GC(268)   Pre Evacuate Collection Set: 0.25ms
[139.171s][info][gc,phases   ] GC(268)   Merge Heap Roots: 0.18ms
[139.171s][info][gc,phases   ] GC(268)   Evacuate Collection Set: 30.36ms
[139.171s][info][gc,phases   ] GC(268)   Post Evacuate Collection Set: 0.49ms
[139.171s][info][gc,phases   ] GC(268)   Other: 0.08ms
[139.172s][info][gc,heap     ] GC(268) Eden regions: 229->0(212)
[139.172s][info][gc,heap     ] GC(268) Survivor regions: 7->24(30)
[139.172s][info][gc,heap     ] GC(268) Old regions: 104->104
[139.172s][info][gc,heap     ] GC(268) Humongous regions: 13->7
[139.172s][info][gc,metaspace] GC(268) Metaspace: 41709K(42112K)->41709K(42112K) NonClass: 38894K(39168K)->38894K(39168K) Class: 2814K(2944K)->2814K(2944K)
[139.172s][info][gc          ] GC(268) Pause Young (Prepare Mixed) (G1 Evacuation Pause) 352M->134M(395M) 31.549ms
[139.172s][info][gc,cpu      ] GC(268) User=0.07s Sys=0.00s Real=0.03s
[139.997s][info][gc,start    ] GC(269) Pause Young (Mixed) (G1 Evacuation Pause)
[139.997s][info][gc,task     ] GC(269) Using 2 workers of 2 for evacuation
[140.029s][info][gc,phases   ] GC(269)   Pre Evacuate Collection Set: 0.21ms
[140.029s][info][gc,phases   ] GC(269)   Merge Heap Roots: 0.15ms
[140.029s][info][gc,phases   ] GC(269)   Evacuate Collection Set: 31.20ms
[140.029s][info][gc,phases   ] GC(269)   Post Evacuate Collection Set: 0.53ms
[140.029s][info][gc,phases   ] GC(269)   Other: 0.08ms
[140.029s][info][gc,heap     ] GC(269) Eden regions: 212->0(216)
[140.029s][info][gc,heap     ] GC(269) Survivor regions: 24->5(30)
[140.029s][info][gc,heap     ] GC(269) Old regions: 104->124
[140.029s][info][gc,heap     ] GC(269) Humongous regions: 9->9
[140.029s][info][gc,metaspace] GC(269) Metaspace: 41749K(42112K)->41749K(42112K) NonClass: 38934K(39168K)->38934K(39168K) Class: 2814K(2944K)->2814K(2944K)
[140.029s][info][gc          ] GC(269) Pause Young (Mixed) (G1 Evacuation Pause) 348M->138M(395M) 32.337ms
[140.029s][info][gc,cpu      ] GC(269) User=0.06s Sys=0.00s Real=0.03s
[140.274s][info][gc,start    ] GC(270) Pause Young (Concurrent Start) (G1 Humongous Allocation)
[140.274s][info][gc,task     ] GC(270) Using 2 workers of 2 for evacuation
[140.292s][info][gc,phases   ] GC(270)   Pre Evacuate Collection Set: 0.20ms
[140.292s][info][gc,phases   ] GC(270)   Merge Heap Roots: 0.06ms
[140.292s][info][gc,phases   ] GC(270)   Evacuate Collection Set: 16.98ms
[140.292s][info][gc,phases   ] GC(270)   Post Evacuate Collection Set: 0.37ms
[140.292s][info][gc,phases   ] GC(270)   Other: 0.10ms
[140.292s][info][gc,heap     ] GC(270) Eden regions: 111->0(201)
[140.292s][info][gc,heap     ] GC(270) Survivor regions: 5->19(28)
[140.292s][info][gc,heap     ] GC(270) Old regions: 124->124
[140.292s][info][gc,heap     ] GC(270) Humongous regions: 9->9
[140.292s][info][gc,metaspace] GC(270) Metaspace: 41749K(42112K)->41749K(42112K) NonClass: 38934K(39168K)->38934K(39168K) Class: 2814K(2944K)->2814K(2944K)
[140.292s][info][gc          ] GC(270) Pause Young (Concurrent Start) (G1 Humongous Allocation) 248M->151M(395M) 17.900ms
[140.292s][info][gc,cpu      ] GC(270) User=0.03s Sys=0.00s Real=0.02s
[140.292s][info][gc          ] GC(271) Concurrent Mark Cycle
[140.292s][info][gc,marking  ] GC(271) Concurrent Scan Root Regions
[140.303s][info][gc,marking  ] GC(271) Concurrent Scan Root Regions 10.514ms
[140.303s][info][gc,marking  ] GC(271) Concurrent Mark
[140.303s][info][gc,marking  ] GC(271) Concurrent Mark From Roots
[140.303s][info][gc,task     ] GC(271) Using 1 workers of 1 for marking
[140.329s][info][gc,marking  ] GC(271) Concurrent Mark From Roots 26.183ms
[140.329s][info][gc,marking  ] GC(271) Concurrent Preclean
[140.329s][info][gc,marking  ] GC(271) Concurrent Preclean 0.053ms
[140.329s][info][gc,start    ] GC(271) Pause Remark
[140.343s][info][gc          ] GC(271) Pause Remark 166M->75M(256M) 13.757ms
[140.343s][info][gc,cpu      ] GC(271) User=0.03s Sys=0.00s Real=0.02s
[140.345s][info][gc,marking  ] GC(271) Concurrent Mark 42.019ms
[140.345s][info][gc,marking  ] GC(271) Concurrent Rebuild Remembered Sets and Scrub Regions
[140.357s][info][gc,marking  ] GC(271) Concurrent Rebuild Remembered Sets and Scrub Regions 12.498ms
[140.357s][info][gc,start    ] GC(271) Pause Cleanup
[140.358s][info][gc          ] GC(271) Pause Cleanup 81M->81M(256M) 0.040ms
[140.358s][info][gc,cpu      ] GC(271) User=0.00s Sys=0.00s Real=0.00s
[140.358s][info][gc,marking  ] GC(271) Concurrent Clear Claimed Marks
[140.358s][info][gc,marking  ] GC(271) Concurrent Clear Claimed Marks 0.032ms
[140.358s][info][gc,marking  ] GC(271) Concurrent Cleanup for Next Mark
[140.358s][info][gc,marking  ] GC(271) Concurrent Cleanup for Next Mark 0.752ms
[140.358s][info][gc          ] GC(271) Concurrent Mark Cycle 66.279ms
[140.607s][info][gc,start    ] GC(272) Pause Young (Prepare Mixed) (G1 Evacuation Pause)
[140.607s][info][gc,task     ] GC(272) Using 2 workers of 2 for evacuation
[140.640s][info][gc,phases   ] GC(272)   Pre Evacuate Collection Set: 0.15ms
[140.640s][info][gc,phases   ] GC(272)   Merge Heap Roots: 0.07ms
[140.640s][info][gc,phases   ] GC(272)   Evacuate Collection Set: 32.45ms
[140.640s][info][gc,phases   ] GC(272)   Post Evacuate Collection Set: 0.40ms
[140.640s][info][gc,phases   ] GC(272)   Other: 0.07ms
[140.640s][info][gc,heap     ] GC(272) Eden regions: 134->0(136)
[140.640s][info][gc,heap     ] GC(272) Survivor regions: 19->17(20)
[140.640s][info][gc,heap     ] GC(272) Old regions: 39->57
[140.640s][info][gc,heap     ] GC(272) Humongous regions: 4->4
[140.640s][info][gc,metaspace] GC(272) Metaspace: 41749K(42112K)->41749K(42112K) NonClass: 38934K(39168K)->38934K(39168K) Class: 2814K(2944K)->2814K(2944K)
[140.640s][info][gc          ] GC(272) Pause Young (Prepare Mixed) (G1 Evacuation Pause) 195M->77M(256M) 33.367ms
[140.640s][info][gc,cpu      ] GC(272) User=0.06s Sys=0.01s Real=0.03s
[140.949s][info][gc,start    ] GC(273) Pause Young (Mixed) (G1 Evacuation Pause)
[140.950s][info][gc,task     ] GC(273) Using 2 workers of 2 for evacuation
[140.984s][info][gc,phases   ] GC(273)   Pre Evacuate Collection Set: 0.16ms
[140.984s][info][gc,phases   ] GC(273)   Merge Heap Roots: 0.11ms
[140.984s][info][gc,phases   ] GC(273)   Evacuate Collection Set: 34.12ms
[140.984s][info][gc,phases   ] GC(273)   Post Evacuate Collection Set: 0.40ms
[140.984s][info][gc,phases   ] GC(273)   Other: 0.07ms
[140.984s][info][gc,heap     ] GC(273) Eden regions: 136->0(129)
[140.984s][info][gc,heap     ] GC(273) Survivor regions: 17->17(20)
[140.984s][info][gc,heap     ] GC(273) Old regions: 57->69
[140.984s][info][gc,heap     ] GC(273) Humongous regions: 6->6
[140.984s][info][gc,metaspace] GC(273) Metaspace: 41749K(42112K)->41749K(42112K) NonClass: 38934K(39168K)->38934K(39168K) Class: 2814K(2944K)->2814K(2944K)
[140.985s][info][gc          ] GC(273) Pause Young (Mixed) (G1 Evacuation Pause) 215M->91M(256M) 35.066ms
[140.985s][info][gc,cpu      ] GC(273) User=0.07s Sys=0.00s Real=0.04s
[141.264s][info][gc,start    ] GC(274) Pause Young (Concurrent Start) (G1 Evacuation Pause)
[141.264s][info][gc,task     ] GC(274) Using 2 workers of 2 for evacuation
[141.296s][info][gc,phases   ] GC(274)   Pre Evacuate Collection Set: 0.18ms
[141.296s][info][gc,phases   ] GC(274)   Merge Heap Roots: 0.08ms
[141.296s][info][gc,phases   ] GC(274)   Evacuate Collection Set: 31.56ms
[141.296s][info][gc,phases   ] GC(274)   Post Evacuate Collection Set: 0.39ms
[141.297s][info][gc,phases   ] GC(274)   Other: 0.11ms
[141.297s][info][gc,heap     ] GC(274) Eden regions: 129->0(117)
[141.297s][info][gc,heap     ] GC(274) Survivor regions: 17->15(19)
[141.297s][info][gc,heap     ] GC(274) Old regions: 69->85
[141.297s][info][gc,heap     ] GC(274) Humongous regions: 6->6
[141.297s][info][gc,metaspace] GC(274) Metaspace: 41749K(42112K)->41749K(42112K) NonClass: 38934K(39168K)->38934K(39168K) Class: 2814K(2944K)->2814K(2944K)
[141.297s][info][gc          ] GC(274) Pause Young (Concurrent Start) (G1 Evacuation Pause) 220M->106M(256M) 32.503ms
[141.297s][info][gc,cpu      ] GC(274) User=0.06s Sys=0.00s Real=0.03s
[141.297s][info][gc          ] GC(275) Concurrent Mark Cycle
[141.297s][info][gc,marking  ] GC(275) Concurrent Scan Root Regions
[141.320s][info][gc,marking  ] GC(275) Concurrent Scan Root Regions 23.578ms
[141.320s][info][gc,marking  ] GC(275) Concurrent Mark
[141.320s][info][gc,marking  ] GC(275) Concurrent Mark From Roots
[141.320s][info][gc,task     ] GC(275) Using 1 workers of 1 for marking
[141.391s][info][gc,marking  ] GC(275) Concurrent Mark From Roots 70.541ms
[141.391s][info][gc,marking  ] GC(275) Concurrent Preclean
[141.391s][info][gc,marking  ] GC(275) Concurrent Preclean 0.037ms
[141.391s][info][gc,start    ] GC(275) Pause Remark
[141.405s][info][gc          ] GC(275) Pause Remark 138M->137M(256M) 13.816ms
[141.405s][info][gc,cpu      ] GC(275) User=0.03s Sys=0.00s Real=0.02s
[141.405s][info][gc,marking  ] GC(275) Concurrent Mark 84.676ms
[141.405s][info][gc,marking  ] GC(275) Concurrent Rebuild Remembered Sets and Scrub Regions
[141.455s][info][gc,marking  ] GC(275) Concurrent Rebuild Remembered Sets and Scrub Regions 50.023ms
[141.455s][info][gc,start    ] GC(275) Pause Cleanup
[141.455s][info][gc          ] GC(275) Pause Cleanup 154M->154M(256M) 0.050ms
[141.455s][info][gc,cpu      ] GC(275) User=0.00s Sys=0.00s Real=0.00s
[141.455s][info][gc,marking  ] GC(275) Concurrent Clear Claimed Marks
[141.455s][info][gc,marking  ] GC(275) Concurrent Clear Claimed Marks 0.035ms
[141.455s][info][gc,marking  ] GC(275) Concurrent Cleanup for Next Mark
[141.456s][info][gc,marking  ] GC(275) Concurrent Cleanup for Next Mark 0.736ms
[141.456s][info][gc          ] GC(275) Concurrent Mark Cycle 159.551ms
[141.612s][info][gc,start    ] GC(276) Pause Young (Prepare Mixed) (G1 Evacuation Pause)
[141.612s][info][gc,task     ] GC(276) Using 2 workers of 2 for evacuation
[141.648s][info][gc,phases   ] GC(276)   Pre Evacuate Collection Set: 0.16ms
[141.648s][info][gc,phases   ] GC(276)   Merge Heap Roots: 0.12ms
[141.648s][info][gc,phases   ] GC(276)   Evacuate Collection Set: 35.12ms
[141.648s][info][gc,phases   ] GC(276)   Post Evacuate Collection Set: 0.37ms
[141.648s][info][gc,phases   ] GC(276)   Other: 0.09ms
[141.648s][info][gc,heap     ] GC(276) Eden regions: 117->0(103)
[141.648s][info][gc,heap     ] GC(276) Survivor regions: 15->14(17)
[141.648s][info][gc,heap     ] GC(276) Old regions: 85->101
[141.648s][info][gc,heap     ] GC(276) Humongous regions: 9->9
[141.648s][info][gc,metaspace] GC(276) Metaspace: 41749K(42112K)->41749K(42112K) NonClass: 38934K(39168K)->38934K(39168K) Class: 2814K(2944K)->2814K(2944K)
[141.648s][info][gc          ] GC(276) Pause Young (Prepare Mixed) (G1 Evacuation Pause) 226M->123M(256M) 36.042ms
[141.648s][info][gc,cpu      ] GC(276) User=0.07s Sys=0.00s Real=0.04s
[142.355s][info][gc,start    ] GC(277) Pause Young (Mixed) (G1 Evacuation Pause)
[142.355s][info][gc,task     ] GC(277) Using 2 workers of 2 for evacuation
[142.415s][info][gc,phases   ] GC(277)   Pre Evacuate Collection Set: 0.18ms
[142.415s][info][gc,phases   ] GC(277)   Merge Heap Roots: 0.18ms
[142.415s][info][gc,phases   ] GC(277)   Evacuate Collection Set: 58.72ms
[142.415s][info][gc,phases   ] GC(277)   Post Evacuate Collection Set: 0.46ms
[142.415s][info][gc,phases   ] GC(277)   Other: 0.07ms
[142.415s][info][gc,heap     ] GC(277) Eden regions: 103->0(86)
[142.415s][info][gc,heap     ] GC(277) Survivor regions: 14->15(15)
[142.415s][info][gc,heap     ] GC(277) Old regions: 101->117
[142.415s][info][gc,heap     ] GC(277) Humongous regions: 17->17
[142.415s][info][gc,metaspace] GC(277) Metaspace: 41749K(42112K)->41749K(42112K) NonClass: 38934K(39168K)->38934K(39168K) Class: 2814K(2944K)->2814K(2944K)
[142.415s][info][gc          ] GC(277) Pause Young (Mixed) (G1 Evacuation Pause) 234M->148M(275M) 59.801ms
[142.415s][info][gc,cpu      ] GC(277) User=0.10s Sys=0.02s Real=0.06s
[143.040s][info][gc,start    ] GC(278) Pause Young (Concurrent Start) (G1 Evacuation Pause)
[143.040s][info][gc,task     ] GC(278) Using 2 workers of 2 for evacuation
[143.066s][info][gc,phases   ] GC(278)   Pre Evacuate Collection Set: 0.18ms
[143.066s][info][gc,phases   ] GC(278)   Merge Heap Roots: 0.16ms
[143.066s][info][gc,phases   ] GC(278)   Evacuate Collection Set: 24.19ms
[143.066s][info][gc,phases   ] GC(278)   Post Evacuate Collection Set: 1.32ms
[143.066s][info][gc,phases   ] GC(278)   Other: 0.09ms
[143.066s][info][gc,heap     ] GC(278) Eden regions: 86->0(172)
[143.066s][info][gc,heap     ] GC(278) Survivor regions: 15->5(13)
[143.066s][info][gc,heap     ] GC(278) Old regions: 117->128
[143.066s][info][gc,heap     ] GC(278) Humongous regions: 17->15
[143.066s][info][gc,metaspace] GC(278) Metaspace: 41749K(42112K)->41749K(42112K) NonClass: 38934K(39168K)->38934K(39168K) Class: 2814K(2944K)->2814K(2944K)
[143.066s][info][gc          ] GC(278) Pause Young (Concurrent Start) (G1 Evacuation Pause) 234M->147M(416M) 26.121ms
[143.066s][info][gc,cpu      ] GC(278) User=0.05s Sys=0.00s Real=0.03s
[143.066s][info][gc          ] GC(279) Concurrent Mark Cycle
[143.066s][info][gc,marking  ] GC(279) Concurrent Scan Root Regions
[143.077s][info][gc,marking  ] GC(279) Concurrent Scan Root Regions 10.426ms
[143.077s][info][gc,marking  ] GC(279) Concurrent Mark
[143.077s][info][gc,marking  ] GC(279) Concurrent Mark From Roots
[143.077s][info][gc,task     ] GC(279) Using 1 workers of 1 for marking
[143.110s][info][gc,marking  ] GC(279) Concurrent Mark From Roots 33.685ms
[143.110s][info][gc,marking  ] GC(279) Concurrent Preclean
[143.110s][info][gc,marking  ] GC(279) Concurrent Preclean 0.043ms
[143.110s][info][gc,start    ] GC(279) Pause Remark
[143.124s][info][gc          ] GC(279) Pause Remark 157M->117M(360M) 13.843ms
[143.124s][info][gc,cpu      ] GC(279) User=0.02s Sys=0.00s Real=0.02s
[143.124s][info][gc,marking  ] GC(279) Concurrent Mark 47.740ms
[143.124s][info][gc,marking  ] GC(279) Concurrent Rebuild Remembered Sets and Scrub Regions
[143.151s][info][gc,marking  ] GC(279) Concurrent Rebuild Remembered Sets and Scrub Regions 26.464ms
[143.151s][info][gc,start    ] GC(279) Pause Cleanup
[143.151s][info][gc          ] GC(279) Pause Cleanup 121M->121M(360M) 0.071ms
[143.151s][info][gc,cpu      ] GC(279) User=0.00s Sys=0.00s Real=0.00s
[143.151s][info][gc,marking  ] GC(279) Concurrent Clear Claimed Marks
[143.151s][info][gc,marking  ] GC(279) Concurrent Clear Claimed Marks 0.035ms
[143.151s][info][gc,marking  ] GC(279) Concurrent Cleanup for Next Mark
[143.153s][info][gc,marking  ] GC(279) Concurrent Cleanup for Next Mark 2.249ms
[143.153s][info][gc          ] GC(279) Concurrent Mark Cycle 87.277ms
[143.934s][info][gc,start    ] GC(280) Pause Young (Prepare Mixed) (G1 Evacuation Pause)
[143.934s][info][gc,task     ] GC(280) Using 2 workers of 2 for evacuation
[143.946s][info][gc,phases   ] GC(280)   Pre Evacuate Collection Set: 0.17ms
[143.946s][info][gc,phases   ] GC(280)   Merge Heap Roots: 0.09ms
[143.946s][info][gc,phases   ] GC(280)   Evacuate Collection Set: 12.03ms
[143.946s][info][gc,phases   ] GC(280)   Post Evacuate Collection Set: 0.39ms
[143.946s][info][gc,phases   ] GC(280)   Other: 0.09ms
[143.946s][info][gc,heap     ] GC(280) Eden regions: 172->0(164)
[143.946s][info][gc,heap     ] GC(280) Survivor regions: 5->14(23)
[143.946s][info][gc,heap     ] GC(280) Old regions: 102->102
[143.946s][info][gc,heap     ] GC(280) Humongous regions: 1->1
[143.946s][info][gc,metaspace] GC(280) Metaspace: 41749K(42112K)->41749K(42112K) NonClass: 38934K(39168K)->38934K(39168K) Class: 2814K(2944K)->2814K(2944K)
[143.946s][info][gc          ] GC(280) Pause Young (Prepare Mixed) (G1 Evacuation Pause) 279M->116M(360M) 12.982ms
[143.947s][info][gc,cpu      ] GC(280) User=0.02s Sys=0.00s Real=0.01s
[144.846s][info][gc,start    ] GC(281) Pause Young (Mixed) (G1 Evacuation Pause)
[144.846s][info][gc,task     ] GC(281) Using 2 workers of 2 for evacuation
[144.856s][info][gc,phases   ] GC(281)   Pre Evacuate Collection Set: 0.19ms
[144.856s][info][gc,phases   ] GC(281)   Merge Heap Roots: 0.32ms
[144.856s][info][gc,phases   ] GC(281)   Evacuate Collection Set: 8.47ms
[144.856s][info][gc,phases   ] GC(281)   Post Evacuate Collection Set: 0.41ms
[144.856s][info][gc,phases   ] GC(281)   Other: 0.07ms
[144.856s][info][gc,heap     ] GC(281) Eden regions: 164->0(201)
[144.856s][info][gc,heap     ] GC(281) Survivor regions: 14->8(23)
[144.856s][info][gc,heap     ] GC(281) Old regions: 102->68
[144.856s][info][gc,heap     ] GC(281) Humongous regions: 1->1
[144.856s][info][gc,metaspace] GC(281) Metaspace: 41750K(42112K)->41750K(42112K) NonClass: 38935K(39168K)->38935K(39168K) Class: 2814K(2944K)->2814K(2944K)
[144.856s][info][gc          ] GC(281) Pause Young (Mixed) (G1 Evacuation Pause) 280M->76M(360M) 9.661ms
[144.856s][info][gc,cpu      ] GC(281) User=0.01s Sys=0.00s Real=0.01s
[145.946s][info][gc,start    ] GC(282) Pause Young (Mixed) (G1 Evacuation Pause)
[145.946s][info][gc,task     ] GC(282) Using 2 workers of 2 for evacuation
[145.972s][info][gc,phases   ] GC(282)   Pre Evacuate Collection Set: 0.18ms
[145.972s][info][gc,phases   ] GC(282)   Merge Heap Roots: 0.23ms
[145.972s][info][gc,phases   ] GC(282)   Evacuate Collection Set: 25.20ms
[145.972s][info][gc,phases   ] GC(282)   Post Evacuate Collection Set: 0.44ms
[145.972s][info][gc,phases   ] GC(282)   Other: 0.07ms
[145.972s][info][gc,heap     ] GC(282) Eden regions: 201->0(189)
[145.972s][info][gc,heap     ] GC(282) Survivor regions: 8->27(27)
[145.972s][info][gc,heap     ] GC(282) Old regions: 68->53
[145.972s][info][gc,heap     ] GC(282) Humongous regions: 1->1
[145.972s][info][gc,metaspace] GC(282) Metaspace: 41751K(42112K)->41751K(42112K) NonClass: 38936K(39168K)->38936K(39168K) Class: 2814K(2944K)->2814K(2944K)
[145.972s][info][gc          ] GC(282) Pause Young (Mixed) (G1 Evacuation Pause) 277M->79M(360M) 26.317ms
[145.972s][info][gc,cpu      ] GC(282) User=0.05s Sys=0.00s Real=0.03s
[146.554s][info][gc,start    ] GC(283) Pause Young (Concurrent Start) (G1 Humongous Allocation)
[146.554s][info][gc,task     ] GC(283) Using 2 workers of 2 for evacuation
[146.581s][info][gc,phases   ] GC(283)   Pre Evacuate Collection Set: 0.20ms
[146.581s][info][gc,phases   ] GC(283)   Merge Heap Roots: 0.08ms
[146.581s][info][gc,phases   ] GC(283)   Evacuate Collection Set: 26.31ms
[146.581s][info][gc,phases   ] GC(283)   Post Evacuate Collection Set: 0.40ms
[146.581s][info][gc,phases   ] GC(283)   Other: 0.10ms
[146.581s][info][gc,heap     ] GC(283) Eden regions: 97->0(201)
[146.581s][info][gc,heap     ] GC(283) Survivor regions: 27->10(27)
[146.581s][info][gc,heap     ] GC(283) Old regions: 53->79
[146.581s][info][gc,heap     ] GC(283) Humongous regions: 1->1
[146.581s][info][gc,metaspace] GC(283) Metaspace: 41751K(42112K)->41751K(42112K) NonClass: 38936K(39168K)->38936K(39168K) Class: 2814K(2944K)->2814K(2944K)
[146.582s][info][gc          ] GC(283) Pause Young (Concurrent Start) (G1 Humongous Allocation) 175M->88M(360M) 27.278ms
[146.582s][info][gc          ] GC(284) Concurrent Mark Cycle
[146.582s][info][gc,marking  ] GC(284) Concurrent Scan Root Regions
[146.584s][info][gc,cpu      ] GC(283) User=0.05s Sys=0.00s Real=0.03s
[146.601s][info][gc,marking  ] GC(284) Concurrent Scan Root Regions 19.202ms
[146.601s][info][gc,marking  ] GC(284) Concurrent Mark
[146.601s][info][gc,marking  ] GC(284) Concurrent Mark From Roots
[146.601s][info][gc,task     ] GC(284) Using 1 workers of 1 for marking
[146.631s][info][gc,marking  ] GC(284) Concurrent Mark From Roots 30.530ms
[146.631s][info][gc,marking  ] GC(284) Concurrent Preclean
[146.631s][info][gc,marking  ] GC(284) Concurrent Preclean 0.032ms
[146.632s][info][gc,start    ] GC(284) Pause Remark
[146.645s][info][gc          ] GC(284) Pause Remark 99M->83M(256M) 13.275ms
[146.645s][info][gc,cpu      ] GC(284) User=0.03s Sys=0.00s Real=0.02s
[146.645s][info][gc,marking  ] GC(284) Concurrent Mark 44.097ms
[146.645s][info][gc,marking  ] GC(284) Concurrent Rebuild Remembered Sets and Scrub Regions
[146.672s][info][gc,marking  ] GC(284) Concurrent Rebuild Remembered Sets and Scrub Regions 27.569ms
[146.673s][info][gc,start    ] GC(284) Pause Cleanup
[146.673s][info][gc          ] GC(284) Pause Cleanup 88M->88M(256M) 0.039ms
[146.673s][info][gc,cpu      ] GC(284) User=0.00s Sys=0.00s Real=0.00s
[146.673s][info][gc,marking  ] GC(284) Concurrent Clear Claimed Marks
[146.673s][info][gc,marking  ] GC(284) Concurrent Clear Claimed Marks 0.033ms
[146.673s][info][gc,marking  ] GC(284) Concurrent Cleanup for Next Mark
[146.673s][info][gc,marking  ] GC(284) Concurrent Cleanup for Next Mark 0.769ms
[146.674s][info][gc          ] GC(284) Concurrent Mark Cycle 91.977ms
[147.397s][info][gc,start    ] GC(285) Pause Young (Prepare Mixed) (G1 Evacuation Pause)
[147.397s][info][gc,task     ] GC(285) Using 2 workers of 2 for evacuation
[147.412s][info][gc,phases   ] GC(285)   Pre Evacuate Collection Set: 0.20ms
[147.412s][info][gc,phases   ] GC(285)   Merge Heap Roots: 0.09ms
[147.412s][info][gc,phases   ] GC(285)   Evacuate Collection Set: 14.25ms
[147.412s][info][gc,phases   ] GC(285)   Post Evacuate Collection Set: 0.39ms
[147.412s][info][gc,phases   ] GC(285)   Other: 0.07ms
[147.412s][info][gc,heap     ] GC(285) Eden regions: 143->0(137)
[147.412s][info][gc,heap     ] GC(285) Survivor regions: 10->15(20)
[147.412s][info][gc,heap     ] GC(285) Old regions: 62->62
[147.412s][info][gc,heap     ] GC(285) Humongous regions: 2->2
[147.412s][info][gc,metaspace] GC(285) Metaspace: 41751K(42112K)->41751K(42112K) NonClass: 38936K(39168K)->38936K(39168K) Class: 2814K(2944K)->2814K(2944K)
[147.412s][info][gc          ] GC(285) Pause Young (Prepare Mixed) (G1 Evacuation Pause) 216M->78M(256M) 15.181ms
[147.412s][info][gc,cpu      ] GC(285) User=0.03s Sys=0.00s Real=0.01s
[148.128s][info][gc,start    ] GC(286) Pause Young (Mixed) (G1 Evacuation Pause)
[148.128s][info][gc,task     ] GC(286) Using 2 workers of 2 for evacuation
[148.156s][info][gc,phases   ] GC(286)   Pre Evacuate Collection Set: 0.15ms
[148.156s][info][gc,phases   ] GC(286)   Merge Heap Roots: 0.11ms
[148.156s][info][gc,phases   ] GC(286)   Evacuate Collection Set: 26.50ms
[148.156s][info][gc,phases   ] GC(286)   Post Evacuate Collection Set: 0.41ms
[148.156s][info][gc,phases   ] GC(286)   Other: 0.08ms
[148.156s][info][gc,heap     ] GC(286) Eden regions: 137->0(131)
[148.156s][info][gc,heap     ] GC(286) Survivor regions: 15->13(19)
[148.156s][info][gc,heap     ] GC(286) Old regions: 62->73
[148.156s][info][gc,heap     ] GC(286) Humongous regions: 2->2
[148.156s][info][gc,metaspace] GC(286) Metaspace: 41751K(42112K)->41751K(42112K) NonClass: 38936K(39168K)->38936K(39168K) Class: 2814K(2944K)->2814K(2944K)
[148.156s][info][gc          ] GC(286) Pause Young (Mixed) (G1 Evacuation Pause) 215M->87M(256M) 27.424ms
[148.156s][info][gc,cpu      ] GC(286) User=0.05s Sys=0.00s Real=0.03s
[148.205s][info][gc,start    ] GC(287) Pause Young (Concurrent Start) (G1 Humongous Allocation)
[148.205s][info][gc,task     ] GC(287) Using 2 workers of 2 for evacuation
[148.219s][info][gc,phases   ] GC(287)   Pre Evacuate Collection Set: 0.15ms
[148.219s][info][gc,phases   ] GC(287)   Merge Heap Roots: 0.05ms
[148.219s][info][gc,phases   ] GC(287)   Evacuate Collection Set: 12.92ms
[148.219s][info][gc,phases   ] GC(287)   Post Evacuate Collection Set: 0.29ms
[148.219s][info][gc,phases   ] GC(287)   Other: 0.09ms
[148.219s][info][gc,heap     ] GC(287) Eden regions: 15->0(124)
[148.219s][info][gc,heap     ] GC(287) Survivor regions: 13->7(18)
[148.219s][info][gc,heap     ] GC(287) Old regions: 73->85
[148.219s][info][gc,heap     ] GC(287) Humongous regions: 2->2
[148.219s][info][gc,metaspace] GC(287) Metaspace: 41751K(42112K)->41751K(42112K) NonClass: 38936K(39168K)->38936K(39168K) Class: 2814K(2944K)->2814K(2944K)
[148.219s][info][gc          ] GC(287) Pause Young (Concurrent Start) (G1 Humongous Allocation) 101M->93M(256M) 13.688ms
[148.219s][info][gc,cpu      ] GC(287) User=0.03s Sys=0.00s Real=0.01s
[148.219s][info][gc          ] GC(288) Concurrent Mark Cycle
[148.219s][info][gc,marking  ] GC(288) Concurrent Scan Root Regions
[148.240s][info][gc,marking  ] GC(288) Concurrent Scan Root Regions 20.691ms
[148.240s][info][gc,marking  ] GC(288) Concurrent Mark
[148.240s][info][gc,marking  ] GC(288) Concurrent Mark From Roots
[148.240s][info][gc,task     ] GC(288) Using 1 workers of 1 for marking
[148.273s][info][gc,marking  ] GC(288) Concurrent Mark From Roots 33.465ms
[148.273s][info][gc,marking  ] GC(288) Concurrent Preclean
[148.273s][info][gc,marking  ] GC(288) Concurrent Preclean 0.036ms
[148.273s][info][gc,start    ] GC(288) Pause Remark
[148.287s][info][gc          ] GC(288) Pause Remark 114M->108M(256M) 13.321ms
[148.287s][info][gc,cpu      ] GC(288) User=0.02s Sys=0.00s Real=0.01s
[148.287s][info][gc,marking  ] GC(288) Concurrent Mark 47.062ms
[148.287s][info][gc,marking  ] GC(288) Concurrent Rebuild Remembered Sets and Scrub Regions
[148.310s][info][gc,marking  ] GC(288) Concurrent Rebuild Remembered Sets and Scrub Regions 23.245ms
[148.310s][info][gc,start    ] GC(288) Pause Cleanup
[148.310s][info][gc          ] GC(288) Pause Cleanup 117M->117M(256M) 0.053ms
[148.310s][info][gc,cpu      ] GC(288) User=0.00s Sys=0.00s Real=0.00s
[148.312s][info][gc,marking  ] GC(288) Concurrent Clear Claimed Marks
[148.312s][info][gc,marking  ] GC(288) Concurrent Clear Claimed Marks 0.050ms
[148.312s][info][gc,marking  ] GC(288) Concurrent Cleanup for Next Mark
[148.313s][info][gc,marking  ] GC(288) Concurrent Cleanup for Next Mark 0.825ms
[148.313s][info][gc          ] GC(288) Concurrent Mark Cycle 93.784ms
[148.537s][info][gc,start    ] GC(289) Pause Young (Prepare Mixed) (G1 Evacuation Pause)
[148.537s][info][gc,task     ] GC(289) Using 2 workers of 2 for evacuation
[148.555s][info][gc,phases   ] GC(289)   Pre Evacuate Collection Set: 0.15ms
[148.555s][info][gc,phases   ] GC(289)   Merge Heap Roots: 0.09ms
[148.555s][info][gc,phases   ] GC(289)   Evacuate Collection Set: 16.83ms
[148.555s][info][gc,phases   ] GC(289)   Post Evacuate Collection Set: 0.37ms
[148.555s][info][gc,phases   ] GC(289)   Other: 0.09ms
[148.555s][info][gc,heap     ] GC(289) Eden regions: 124->0(118)
[148.555s][info][gc,heap     ] GC(289) Survivor regions: 7->17(17)
[148.555s][info][gc,heap     ] GC(289) Old regions: 80->80
[148.555s][info][gc,heap     ] GC(289) Humongous regions: 4->4
[148.555s][info][gc,metaspace] GC(289) Metaspace: 41751K(42112K)->41751K(42112K) NonClass: 38936K(39168K)->38936K(39168K) Class: 2814K(2944K)->2814K(2944K)
[148.555s][info][gc          ] GC(289) Pause Young (Prepare Mixed) (G1 Evacuation Pause) 214M->100M(256M) 17.724ms
[148.555s][info][gc,cpu      ] GC(289) User=0.03s Sys=0.00s Real=0.02s
[148.806s][info][gc,start    ] GC(290) Pause Young (Mixed) (G1 Evacuation Pause)
[148.806s][info][gc,task     ] GC(290) Using 2 workers of 2 for evacuation
[148.835s][info][gc,phases   ] GC(290)   Pre Evacuate Collection Set: 0.22ms
[148.835s][info][gc,phases   ] GC(290)   Merge Heap Roots: 0.12ms
[148.835s][info][gc,phases   ] GC(290)   Evacuate Collection Set: 28.35ms
[148.835s][info][gc,phases   ] GC(290)   Post Evacuate Collection Set: 0.39ms
[148.835s][info][gc,phases   ] GC(290)   Other: 0.07ms
[148.835s][info][gc,heap     ] GC(290) Eden regions: 118->0(126)
[148.835s][info][gc,heap     ] GC(290) Survivor regions: 17->15(17)
[148.835s][info][gc,heap     ] GC(290) Old regions: 80->71
[148.835s][info][gc,heap     ] GC(290) Humongous regions: 4->4
[148.835s][info][gc,metaspace] GC(290) Metaspace: 41751K(42112K)->41751K(42112K) NonClass: 38936K(39168K)->38936K(39168K) Class: 2814K(2944K)->2814K(2944K)
[148.835s][info][gc          ] GC(290) Pause Young (Mixed) (G1 Evacuation Pause) 218M->89M(256M) 29.382ms
[148.835s][info][gc,cpu      ] GC(290) User=0.06s Sys=0.00s Real=0.03s
[149.142s][info][gc,start    ] GC(291) Pause Young (Mixed) (G1 Evacuation Pause)
[149.142s][info][gc,task     ] GC(291) Using 2 workers of 2 for evacuation
[149.179s][info][gc,phases   ] GC(291)   Pre Evacuate Collection Set: 0.20ms
[149.179s][info][gc,phases   ] GC(291)   Merge Heap Roots: 0.22ms
[149.179s][info][gc,phases   ] GC(291)   Evacuate Collection Set: 36.55ms
[149.179s][info][gc,phases   ] GC(291)   Post Evacuate Collection Set: 0.45ms
[149.179s][info][gc,phases   ] GC(291)   Other: 0.07ms
[149.180s][info][gc,heap     ] GC(291) Eden regions: 126->0(119)
[149.180s][info][gc,heap     ] GC(291) Survivor regions: 15->16(18)
[149.180s][info][gc,heap     ] GC(291) Old regions: 71->78
[149.180s][info][gc,heap     ] GC(291) Humongous regions: 6->6
[149.180s][info][gc,metaspace] GC(291) Metaspace: 41751K(42112K)->41751K(42112K) NonClass: 38936K(39168K)->38936K(39168K) Class: 2814K(2944K)->2814K(2944K)
[149.180s][info][gc          ] GC(291) Pause Young (Mixed) (G1 Evacuation Pause) 217M->99M(256M) 37.716ms
[149.180s][info][gc,cpu      ] GC(291) User=0.07s Sys=0.00s Real=0.03s
[149.434s][info][gc,start    ] GC(292) Pause Young (Concurrent Start) (G1 Evacuation Pause)
[149.434s][info][gc,task     ] GC(292) Using 2 workers of 2 for evacuation
[149.464s][info][gc,phases   ] GC(292)   Pre Evacuate Collection Set: 0.18ms
[149.464s][info][gc,phases   ] GC(292)   Merge Heap Roots: 0.13ms
[149.464s][info][gc,phases   ] GC(292)   Evacuate Collection Set: 29.96ms
[149.464s][info][gc,phases   ] GC(292)   Post Evacuate Collection Set: 0.38ms
[149.465s][info][gc,phases   ] GC(292)   Other: 0.11ms
[149.465s][info][gc,heap     ] GC(292) Eden regions: 119->0(110)
[149.465s][info][gc,heap     ] GC(292) Survivor regions: 16->14(17)
[149.465s][info][gc,heap     ] GC(292) Old regions: 78->93
[149.465s][info][gc,heap     ] GC(292) Humongous regions: 6->6
[149.465s][info][gc,metaspace] GC(292) Metaspace: 41751K(42112K)->41751K(42112K) NonClass: 38936K(39168K)->38936K(39168K) Class: 2814K(2944K)->2814K(2944K)
[149.465s][info][gc          ] GC(292) Pause Young (Concurrent Start) (G1 Evacuation Pause) 218M->112M(256M) 30.967ms
[149.465s][info][gc          ] GC(293) Concurrent Mark Cycle
[149.465s][info][gc,marking  ] GC(293) Concurrent Scan Root Regions
[149.465s][info][gc,cpu      ] GC(292) User=0.06s Sys=0.00s Real=0.03s
[149.487s][info][gc,marking  ] GC(293) Concurrent Scan Root Regions 22.148ms
[149.487s][info][gc,marking  ] GC(293) Concurrent Mark
[149.487s][info][gc,marking  ] GC(293) Concurrent Mark From Roots
[149.487s][info][gc,task     ] GC(293) Using 1 workers of 1 for marking
[149.558s][info][gc,marking  ] GC(293) Concurrent Mark From Roots 71.299ms
[149.558s][info][gc,marking  ] GC(293) Concurrent Preclean
[149.558s][info][gc,marking  ] GC(293) Concurrent Preclean 0.035ms
[149.558s][info][gc,start    ] GC(293) Pause Remark
[149.572s][info][gc          ] GC(293) Pause Remark 153M->150M(256M) 13.210ms
[149.572s][info][gc,cpu      ] GC(293) User=0.02s Sys=0.00s Real=0.01s
[149.572s][info][gc,marking  ] GC(293) Concurrent Mark 84.851ms
[149.572s][info][gc,marking  ] GC(293) Concurrent Rebuild Remembered Sets and Scrub Regions
[149.615s][info][gc,marking  ] GC(293) Concurrent Rebuild Remembered Sets and Scrub Regions 42.994ms
[149.615s][info][gc,start    ] GC(293) Pause Cleanup
[149.615s][info][gc          ] GC(293) Pause Cleanup 172M->172M(256M) 0.047ms
[149.615s][info][gc,cpu      ] GC(293) User=0.00s Sys=0.00s Real=0.00s
[149.615s][info][gc,marking  ] GC(293) Concurrent Clear Claimed Marks
[149.615s][info][gc,marking  ] GC(293) Concurrent Clear Claimed Marks 0.034ms
[149.615s][info][gc,marking  ] GC(293) Concurrent Cleanup for Next Mark
[149.616s][info][gc,marking  ] GC(293) Concurrent Cleanup for Next Mark 0.729ms
[149.616s][info][gc          ] GC(293) Concurrent Mark Cycle 151.241ms
[149.762s][info][gc,start    ] GC(294) Pause Young (Prepare Mixed) (G1 Evacuation Pause)
[149.762s][info][gc,task     ] GC(294) Using 2 workers of 2 for evacuation
[149.794s][info][gc,phases   ] GC(294)   Pre Evacuate Collection Set: 0.16ms
[149.794s][info][gc,phases   ] GC(294)   Merge Heap Roots: 0.11ms
[149.794s][info][gc,phases   ] GC(294)   Evacuate Collection Set: 31.63ms
[149.794s][info][gc,phases   ] GC(294)   Post Evacuate Collection Set: 0.37ms
[149.794s][info][gc,phases   ] GC(294)   Other: 0.07ms
[149.794s][info][gc,heap     ] GC(294) Eden regions: 110->0(100)
[149.794s][info][gc,heap     ] GC(294) Survivor regions: 14->13(16)
[149.794s][info][gc,heap     ] GC(294) Old regions: 91->105
[149.794s][info][gc,heap     ] GC(294) Humongous regions: 9->9
[149.794s][info][gc,metaspace] GC(294) Metaspace: 41751K(42112K)->41751K(42112K) NonClass: 38936K(39168K)->38936K(39168K) Class: 2814K(2944K)->2814K(2944K)
[149.794s][info][gc          ] GC(294) Pause Young (Prepare Mixed) (G1 Evacuation Pause) 223M->126M(256M) 32.550ms
[149.794s][info][gc,cpu      ] GC(294) User=0.06s Sys=0.00s Real=0.04s
[150.048s][info][gc,start    ] GC(295) Pause Young (Mixed) (G1 Evacuation Pause)
[150.048s][info][gc,task     ] GC(295) Using 2 workers of 2 for evacuation
[150.080s][info][gc,phases   ] GC(295)   Pre Evacuate Collection Set: 0.22ms
[150.080s][info][gc,phases   ] GC(295)   Merge Heap Roots: 0.13ms
[150.080s][info][gc,phases   ] GC(295)   Evacuate Collection Set: 30.95ms
[150.080s][info][gc,phases   ] GC(295)   Post Evacuate Collection Set: 1.36ms
[150.080s][info][gc,phases   ] GC(295)   Other: 0.07ms
[150.080s][info][gc,heap     ] GC(295) Eden regions: 100->0(197)
[150.080s][info][gc,heap     ] GC(295) Survivor regions: 13->13(15)
[150.080s][info][gc,heap     ] GC(295) Old regions: 105->106
[150.080s][info][gc,heap     ] GC(295) Humongous regions: 9->9
[150.080s][info][gc,metaspace] GC(295) Metaspace: 41751K(42112K)->41751K(42112K) NonClass: 38936K(39168K)->38936K(39168K) Class: 2814K(2944K)->2814K(2944K)
[150.081s][info][gc          ] GC(295) Pause Young (Mixed) (G1 Evacuation Pause) 226M->127M(399M) 32.922ms
[150.081s][info][gc,cpu      ] GC(295) User=0.06s Sys=0.00s Real=0.03s
[150.241s][info][gc,start    ] GC(296) Pause Young (Concurrent Start) (G1 Humongous Allocation)
[150.241s][info][gc,task     ] GC(296) Using 2 workers of 2 for evacuation
[150.274s][info][gc,phases   ] GC(296)   Pre Evacuate Collection Set: 0.23ms
[150.274s][info][gc,phases   ] GC(296)   Merge Heap Roots: 0.08ms
[150.274s][info][gc,phases   ] GC(296)   Evacuate Collection Set: 31.62ms
[150.274s][info][gc,phases   ] GC(296)   Post Evacuate Collection Set: 0.34ms
[150.274s][info][gc,phases   ] GC(296)   Other: 0.09ms
[150.274s][info][gc,heap     ] GC(296) Eden regions: 16->0(170)
[150.274s][info][gc,heap     ] GC(296) Survivor regions: 13->24(27)
[150.274s][info][gc,heap     ] GC(296) Old regions: 106->106
[150.274s][info][gc,heap     ] GC(296) Humongous regions: 10->10
[150.274s][info][gc,metaspace] GC(296) Metaspace: 41751K(42112K)->41751K(42112K) NonClass: 38936K(39168K)->38936K(39168K) Class: 2814K(2944K)->2814K(2944K)
[150.274s][info][gc          ] GC(296) Pause Young (Concurrent Start) (G1 Humongous Allocation) 144M->139M(399M) 32.604ms
[150.274s][info][gc,cpu      ] GC(296) User=0.05s Sys=0.02s Real=0.04s
[150.274s][info][gc          ] GC(297) Concurrent Undo Cycle
[150.274s][info][gc,marking  ] GC(297) Concurrent Clear Claimed Marks
[150.274s][info][gc,marking  ] GC(297) Concurrent Clear Claimed Marks 0.038ms
[150.274s][info][gc,marking  ] GC(297) Concurrent Cleanup for Next Mark
[150.274s][info][gc,marking  ] GC(297) Concurrent Cleanup for Next Mark 0.186ms
[150.274s][info][gc          ] GC(297) Concurrent Undo Cycle 0.357ms
[150.454s][info][gc,start    ] GC(298) Pause Young (Concurrent Start) (G1 Humongous Allocation)
[150.454s][info][gc,task     ] GC(298) Using 2 workers of 2 for evacuation
[150.491s][info][gc,phases   ] GC(298)   Pre Evacuate Collection Set: 0.21ms
[150.491s][info][gc,phases   ] GC(298)   Merge Heap Roots: 0.11ms
[150.491s][info][gc,phases   ] GC(298)   Evacuate Collection Set: 36.53ms
[150.491s][info][gc,phases   ] GC(298)   Post Evacuate Collection Set: 0.31ms
[150.491s][info][gc,phases   ] GC(298)   Other: 0.10ms
[150.491s][info][gc,heap     ] GC(298) Eden regions: 14->0(116)
[150.491s][info][gc,heap     ] GC(298) Survivor regions: 24->21(25)
[150.491s][info][gc,heap     ] GC(298) Old regions: 106->118
[150.491s][info][gc,heap     ] GC(298) Humongous regions: 11->11
[150.491s][info][gc,metaspace] GC(298) Metaspace: 41751K(42112K)->41751K(42112K) NonClass: 38936K(39168K)->38936K(39168K) Class: 2814K(2944K)->2814K(2944K)
[150.491s][info][gc          ] GC(298) Pause Young (Concurrent Start) (G1 Humongous Allocation) 153M->149M(399M) 37.512ms
[150.491s][info][gc,cpu      ] GC(298) User=0.06s Sys=0.01s Real=0.03s
[150.491s][info][gc          ] GC(299) Concurrent Mark Cycle
[150.491s][info][gc,marking  ] GC(299) Concurrent Scan Root Regions
[150.529s][info][gc,marking  ] GC(299) Concurrent Scan Root Regions 37.813ms
[150.529s][info][gc,marking  ] GC(299) Concurrent Mark
[150.529s][info][gc,marking  ] GC(299) Concurrent Mark From Roots
[150.529s][info][gc,task     ] GC(299) Using 1 workers of 1 for marking
[150.658s][info][gc,marking  ] GC(299) Concurrent Mark From Roots 128.477ms
[150.658s][info][gc,marking  ] GC(299) Concurrent Preclean
[150.658s][info][gc,marking  ] GC(299) Concurrent Preclean 0.040ms
[150.658s][info][gc,start    ] GC(299) Pause Remark
[150.671s][info][gc          ] GC(299) Pause Remark 163M->161M(399M) 13.267ms
[150.671s][info][gc,cpu      ] GC(299) User=0.03s Sys=0.00s Real=0.01s
[150.671s][info][gc,marking  ] GC(299) Concurrent Mark 142.106ms
[150.671s][info][gc,marking  ] GC(299) Concurrent Rebuild Remembered Sets and Scrub Regions
[150.745s][info][gc,marking  ] GC(299) Concurrent Rebuild Remembered Sets and Scrub Regions 73.667ms
[150.745s][info][gc,start    ] GC(299) Pause Cleanup
[150.745s][info][gc          ] GC(299) Pause Cleanup 165M->165M(399M) 0.052ms
[150.745s][info][gc,cpu      ] GC(299) User=0.00s Sys=0.00s Real=0.00s
[150.745s][info][gc,marking  ] GC(299) Concurrent Clear Claimed Marks
[150.745s][info][gc,marking  ] GC(299) Concurrent Clear Claimed Marks 0.037ms
[150.745s][info][gc,marking  ] GC(299) Concurrent Cleanup for Next Mark
[150.748s][info][gc,marking  ] GC(299) Concurrent Cleanup for Next Mark 2.608ms
[150.748s][info][gc          ] GC(299) Concurrent Mark Cycle 256.664ms
[151.467s][info][gc,start    ] GC(300) Pause Young (Prepare Mixed) (G1 Evacuation Pause)
[151.468s][info][gc,task     ] GC(300) Using 2 workers of 2 for evacuation
[151.495s][info][gc,phases   ] GC(300)   Pre Evacuate Collection Set: 0.20ms
[151.495s][info][gc,phases   ] GC(300)   Merge Heap Roots: 0.13ms
[151.495s][info][gc,phases   ] GC(300)   Evacuate Collection Set: 26.63ms
[151.495s][info][gc,phases   ] GC(300)   Post Evacuate Collection Set: 0.46ms
[151.495s][info][gc,phases   ] GC(300)   Other: 0.07ms
[151.495s][info][gc,heap     ] GC(300) Eden regions: 116->0(120)
[151.495s][info][gc,heap     ] GC(300) Survivor regions: 21->15(18)
[151.495s][info][gc,heap     ] GC(300) Old regions: 118->130
[151.495s][info][gc,heap     ] GC(300) Humongous regions: 15->13
[151.495s][info][gc,metaspace] GC(300) Metaspace: 41751K(42112K)->41751K(42112K) NonClass: 38936K(39168K)->38936K(39168K) Class: 2814K(2944K)->2814K(2944K)
[151.495s][info][gc          ] GC(300) Pause Young (Prepare Mixed) (G1 Evacuation Pause) 269M->157M(399M) 27.678ms
[151.495s][info][gc,cpu      ] GC(300) User=0.05s Sys=0.00s Real=0.03s
[151.980s][info][gc,start    ] GC(301) Pause Young (Mixed) (G1 Evacuation Pause)
[151.980s][info][gc,task     ] GC(301) Using 2 workers of 2 for evacuation
[151.999s][info][gc,phases   ] GC(301)   Pre Evacuate Collection Set: 0.22ms
[151.999s][info][gc,phases   ] GC(301)   Merge Heap Roots: 0.14ms
[151.999s][info][gc,phases   ] GC(301)   Evacuate Collection Set: 17.85ms
[151.999s][info][gc,phases   ] GC(301)   Post Evacuate Collection Set: 0.36ms
[151.999s][info][gc,phases   ] GC(301)   Other: 0.07ms
[151.999s][info][gc,heap     ] GC(301) Eden regions: 120->0(129)
[151.999s][info][gc,heap     ] GC(301) Survivor regions: 15->5(17)
[151.999s][info][gc,heap     ] GC(301) Old regions: 130->139
[151.999s][info][gc,heap     ] GC(301) Humongous regions: 13->13
[151.999s][info][gc,metaspace] GC(301) Metaspace: 41751K(42112K)->41751K(42112K) NonClass: 38936K(39168K)->38936K(39168K) Class: 2814K(2944K)->2814K(2944K)
[151.999s][info][gc          ] GC(301) Pause Young (Mixed) (G1 Evacuation Pause) 277M->157M(399M) 18.817ms
[151.999s][info][gc,cpu      ] GC(301) User=0.04s Sys=0.00s Real=0.02s
[152.620s][info][gc,start    ] GC(302) Pause Young (Concurrent Start) (G1 Evacuation Pause)
[152.620s][info][gc,task     ] GC(302) Using 2 workers of 2 for evacuation
[152.632s][info][gc,phases   ] GC(302)   Pre Evacuate Collection Set: 0.22ms
[152.632s][info][gc,phases   ] GC(302)   Merge Heap Roots: 0.07ms
[152.632s][info][gc,phases   ] GC(302)   Evacuate Collection Set: 11.11ms
[152.632s][info][gc,phases   ] GC(302)   Post Evacuate Collection Set: 0.37ms
[152.632s][info][gc,phases   ] GC(302)   Other: 0.09ms
[152.632s][info][gc,heap     ] GC(302) Eden regions: 129->0(134)
[152.632s][info][gc,heap     ] GC(302) Survivor regions: 5->14(17)
[152.632s][info][gc,heap     ] GC(302) Old regions: 139->139
[152.632s][info][gc,heap     ] GC(302) Humongous regions: 13->13
[152.632s][info][gc,metaspace] GC(302) Metaspace: 41751K(42112K)->41751K(42112K) NonClass: 38936K(39168K)->38936K(39168K) Class: 2814K(2944K)->2814K(2944K)
[152.632s][info][gc          ] GC(302) Pause Young (Concurrent Start) (G1 Evacuation Pause) 286M->166M(399M) 12.040ms
[152.632s][info][gc,cpu      ] GC(302) User=0.02s Sys=0.00s Real=0.02s
[152.632s][info][gc          ] GC(303) Concurrent Mark Cycle
[152.632s][info][gc,marking  ] GC(303) Concurrent Scan Root Regions
[152.642s][info][gc,marking  ] GC(303) Concurrent Scan Root Regions 9.393ms
[152.642s][info][gc,marking  ] GC(303) Concurrent Mark
[152.642s][info][gc,marking  ] GC(303) Concurrent Mark From Roots
[152.642s][info][gc,task     ] GC(303) Using 1 workers of 1 for marking
[152.678s][info][gc,marking  ] GC(303) Concurrent Mark From Roots 36.260ms
[152.678s][info][gc,marking  ] GC(303) Concurrent Preclean
[152.678s][info][gc,marking  ] GC(303) Concurrent Preclean 0.033ms
[152.678s][info][gc,start    ] GC(303) Pause Remark
[152.691s][info][gc          ] GC(303) Pause Remark 174M->72M(256M) 13.419ms
[152.691s][info][gc,cpu      ] GC(303) User=0.03s Sys=0.00s Real=0.01s
[152.692s][info][gc,marking  ] GC(303) Concurrent Mark 49.952ms
[152.692s][info][gc,marking  ] GC(303) Concurrent Rebuild Remembered Sets and Scrub Regions
[152.705s][info][gc,marking  ] GC(303) Concurrent Rebuild Remembered Sets and Scrub Regions 13.510ms
[152.705s][info][gc,start    ] GC(303) Pause Cleanup
[152.705s][info][gc          ] GC(303) Pause Cleanup 74M->74M(256M) 0.036ms
[152.705s][info][gc,cpu      ] GC(303) User=0.00s Sys=0.00s Real=0.00s
[152.705s][info][gc,marking  ] GC(303) Concurrent Clear Claimed Marks
[152.705s][info][gc,marking  ] GC(303) Concurrent Clear Claimed Marks 0.031ms
[152.705s][info][gc,marking  ] GC(303) Concurrent Cleanup for Next Mark
[152.706s][info][gc,marking  ] GC(303) Concurrent Cleanup for Next Mark 0.749ms
[152.706s][info][gc          ] GC(303) Concurrent Mark Cycle 73.964ms
[153.390s][info][gc,start    ] GC(304) Pause Young (Prepare Mixed) (G1 Evacuation Pause)
[153.390s][info][gc,task     ] GC(304) Using 2 workers of 2 for evacuation
[153.407s][info][gc,phases   ] GC(304)   Pre Evacuate Collection Set: 0.15ms
[153.408s][info][gc,phases   ] GC(304)   Merge Heap Roots: 0.07ms
[153.408s][info][gc,phases   ] GC(304)   Evacuate Collection Set: 16.73ms
[153.408s][info][gc,phases   ] GC(304)   Post Evacuate Collection Set: 0.42ms
[153.408s][info][gc,phases   ] GC(304)   Other: 0.07ms
[153.408s][info][gc,heap     ] GC(304) Eden regions: 134->0(116)
[153.408s][info][gc,heap     ] GC(304) Survivor regions: 14->17(19)
[153.408s][info][gc,heap     ] GC(304) Old regions: 49->54
[153.408s][info][gc,heap     ] GC(304) Humongous regions: 1->1
[153.408s][info][gc,metaspace] GC(304) Metaspace: 41751K(42112K)->41751K(42112K) NonClass: 38936K(39168K)->38936K(39168K) Class: 2814K(2944K)->2814K(2944K)
[153.408s][info][gc          ] GC(304) Pause Young (Prepare Mixed) (G1 Evacuation Pause) 198M->71M(256M) 17.613ms
[153.408s][info][gc,cpu      ] GC(304) User=0.04s Sys=0.00s Real=0.02s
[154.021s][info][gc,start    ] GC(305) Pause Young (Mixed) (G1 Evacuation Pause)
[154.021s][info][gc,task     ] GC(305) Using 2 workers of 2 for evacuation
[154.044s][info][gc,phases   ] GC(305)   Pre Evacuate Collection Set: 0.17ms
[154.044s][info][gc,phases   ] GC(305)   Merge Heap Roots: 0.07ms
[154.044s][info][gc,phases   ] GC(305)   Evacuate Collection Set: 22.32ms
[154.044s][info][gc,phases   ] GC(305)   Post Evacuate Collection Set: 0.37ms
[154.044s][info][gc,phases   ] GC(305)   Other: 0.07ms
[154.044s][info][gc,heap     ] GC(305) Eden regions: 116->0(117)
[154.044s][info][gc,heap     ] GC(305) Survivor regions: 17->13(17)
[154.044s][info][gc,heap     ] GC(305) Old regions: 54->65
[154.044s][info][gc,heap     ] GC(305) Humongous regions: 1->1
[154.044s][info][gc,metaspace] GC(305) Metaspace: 41751K(42112K)->41751K(42112K) NonClass: 38936K(39168K)->38936K(39168K) Class: 2814K(2944K)->2814K(2944K)
[154.044s][info][gc          ] GC(305) Pause Young (Mixed) (G1 Evacuation Pause) 187M->78M(256M) 23.231ms
[154.044s][info][gc,cpu      ] GC(305) User=0.04s Sys=0.00s Real=0.03s
[154.696s][info][gc,start    ] GC(306) Pause Young (Concurrent Start) (G1 Evacuation Pause)
[154.696s][info][gc,task     ] GC(306) Using 2 workers of 2 for evacuation
[154.717s][info][gc,phases   ] GC(306)   Pre Evacuate Collection Set: 0.24ms
[154.717s][info][gc,phases   ] GC(306)   Merge Heap Roots: 0.09ms
[154.717s][info][gc,phases   ] GC(306)   Evacuate Collection Set: 20.34ms
[154.717s][info][gc,phases   ] GC(306)   Post Evacuate Collection Set: 0.35ms
[154.717s][info][gc,phases   ] GC(306)   Other: 0.12ms
[154.717s][info][gc,heap     ] GC(306) Eden regions: 117->0(115)
[154.717s][info][gc,heap     ] GC(306) Survivor regions: 13->11(17)
[154.717s][info][gc,heap     ] GC(306) Old regions: 65->77
[154.717s][info][gc,heap     ] GC(306) Humongous regions: 1->1
[154.717s][info][gc,metaspace] GC(306) Metaspace: 41751K(42112K)->41751K(42112K) NonClass: 38936K(39168K)->38936K(39168K) Class: 2814K(2944K)->2814K(2944K)
[154.717s][info][gc          ] GC(306) Pause Young (Concurrent Start) (G1 Evacuation Pause) 195M->88M(256M) 21.327ms
[154.717s][info][gc,cpu      ] GC(306) User=0.04s Sys=0.00s Real=0.02s
[154.717s][info][gc          ] GC(307) Concurrent Mark Cycle
[154.717s][info][gc,marking  ] GC(307) Concurrent Scan Root Regions
[154.730s][info][gc,marking  ] GC(307) Concurrent Scan Root Regions 13.051ms
[154.730s][info][gc,marking  ] GC(307) Concurrent Mark
[154.730s][info][gc,marking  ] GC(307) Concurrent Mark From Roots
[154.730s][info][gc,task     ] GC(307) Using 1 workers of 1 for marking
[154.769s][info][gc,marking  ] GC(307) Concurrent Mark From Roots 39.409ms
[154.770s][info][gc,marking  ] GC(307) Concurrent Preclean
[154.770s][info][gc,marking  ] GC(307) Concurrent Preclean 0.038ms
[154.770s][info][gc,start    ] GC(307) Pause Remark
[154.783s][info][gc          ] GC(307) Pause Remark 96M->92M(256M) 13.133ms
[154.783s][info][gc,cpu      ] GC(307) User=0.02s Sys=0.00s Real=0.02s
[154.783s][info][gc,marking  ] GC(307) Concurrent Mark 52.784ms
[154.783s][info][gc,marking  ] GC(307) Concurrent Rebuild Remembered Sets and Scrub Regions
[154.806s][info][gc,marking  ] GC(307) Concurrent Rebuild Remembered Sets and Scrub Regions 22.699ms
[154.806s][info][gc,start    ] GC(307) Pause Cleanup
[154.806s][info][gc          ] GC(307) Pause Cleanup 96M->96M(256M) 0.061ms
[154.806s][info][gc,cpu      ] GC(307) User=0.00s Sys=0.00s Real=0.00s
[154.806s][info][gc,marking  ] GC(307) Concurrent Clear Claimed Marks
[154.806s][info][gc,marking  ] GC(307) Concurrent Clear Claimed Marks 0.032ms
[154.806s][info][gc,marking  ] GC(307) Concurrent Cleanup for Next Mark
[154.807s][info][gc,marking  ] GC(307) Concurrent Cleanup for Next Mark 0.746ms
[154.807s][info][gc          ] GC(307) Concurrent Mark Cycle 89.577ms
[155.359s][info][gc,start    ] GC(308) Pause Young (Prepare Mixed) (G1 Evacuation Pause)
[155.359s][info][gc,task     ] GC(308) Using 2 workers of 2 for evacuation
[155.371s][info][gc,phases   ] GC(308)   Pre Evacuate Collection Set: 0.15ms
[155.371s][info][gc,phases   ] GC(308)   Merge Heap Roots: 0.07ms
[155.371s][info][gc,phases   ] GC(308)   Evacuate Collection Set: 11.55ms
[155.371s][info][gc,phases   ] GC(308)   Post Evacuate Collection Set: 0.36ms
[155.371s][info][gc,phases   ] GC(308)   Other: 0.07ms
[155.371s][info][gc,heap     ] GC(308) Eden regions: 115->0(119)
[155.371s][info][gc,heap     ] GC(308) Survivor regions: 11->11(16)
[155.371s][info][gc,heap     ] GC(308) Old regions: 73->75
[155.371s][info][gc,heap     ] GC(308) Humongous regions: 2->2
[155.371s][info][gc,metaspace] GC(308) Metaspace: 41751K(42112K)->41751K(42112K) NonClass: 38936K(39168K)->38936K(39168K) Class: 2814K(2944K)->2814K(2944K)
[155.371s][info][gc          ] GC(308) Pause Young (Prepare Mixed) (G1 Evacuation Pause) 200M->87M(256M) 12.374ms
[155.371s][info][gc,cpu      ] GC(308) User=0.03s Sys=0.00s Real=0.01s
[155.999s][info][gc,start    ] GC(309) Pause Young (Mixed) (G1 Evacuation Pause)
[155.999s][info][gc,task     ] GC(309) Using 2 workers of 2 for evacuation
[156.021s][info][gc,phases   ] GC(309)   Pre Evacuate Collection Set: 0.16ms
[156.021s][info][gc,phases   ] GC(309)   Merge Heap Roots: 0.13ms
[156.021s][info][gc,phases   ] GC(309)   Evacuate Collection Set: 21.54ms
[156.021s][info][gc,phases   ] GC(309)   Post Evacuate Collection Set: 0.41ms
[156.021s][info][gc,phases   ] GC(309)   Other: 0.10ms
[156.021s][info][gc,heap     ] GC(309) Eden regions: 119->0(126)
[156.021s][info][gc,heap     ] GC(309) Survivor regions: 11->12(17)
[156.021s][info][gc,heap     ] GC(309) Old regions: 75->66
[156.021s][info][gc,heap     ] GC(309) Humongous regions: 2->2
[156.021s][info][gc,metaspace] GC(309) Metaspace: 41751K(42112K)->41751K(42112K) NonClass: 38936K(39168K)->38936K(39168K) Class: 2814K(2944K)->2814K(2944K)
[156.021s][info][gc          ] GC(309) Pause Young (Mixed) (G1 Evacuation Pause) 206M->79M(256M) 22.547ms
[156.022s][info][gc,cpu      ] GC(309) User=0.04s Sys=0.00s Real=0.02s
[156.318s][info][gc,start    ] GC(310) Pause Young (Concurrent Start) (G1 Humongous Allocation)
[156.318s][info][gc,task     ] GC(310) Using 2 workers of 2 for evacuation
[156.334s][info][gc,phases   ] GC(310)   Pre Evacuate Collection Set: 0.17ms
[156.334s][info][gc,phases   ] GC(310)   Merge Heap Roots: 0.06ms
[156.334s][info][gc,phases   ] GC(310)   Evacuate Collection Set: 15.39ms
[156.334s][info][gc,phases   ] GC(310)   Post Evacuate Collection Set: 0.35ms
[156.334s][info][gc,phases   ] GC(310)   Other: 0.09ms
[156.334s][info][gc,heap     ] GC(310) Eden regions: 66->0(122)
[156.334s][info][gc,heap     ] GC(310) Survivor regions: 12->10(18)
[156.334s][info][gc,heap     ] GC(310) Old regions: 66->77
[156.334s][info][gc,heap     ] GC(310) Humongous regions: 2->2
[156.334s][info][gc,metaspace] GC(310) Metaspace: 41755K(42176K)->41755K(42176K) NonClass: 38940K(39232K)->38940K(39232K) Class: 2814K(2944K)->2814K(2944K)
[156.334s][info][gc          ] GC(310) Pause Young (Concurrent Start) (G1 Humongous Allocation) 144M->88M(256M) 16.228ms
[156.334s][info][gc,cpu      ] GC(310) User=0.03s Sys=0.00s Real=0.02s
[156.334s][info][gc          ] GC(311) Concurrent Mark Cycle
[156.334s][info][gc,marking  ] GC(311) Concurrent Scan Root Regions
[156.352s][info][gc,marking  ] GC(311) Concurrent Scan Root Regions 17.560ms
[156.352s][info][gc,marking  ] GC(311) Concurrent Mark
[156.352s][info][gc,marking  ] GC(311) Concurrent Mark From Roots
[156.352s][info][gc,task     ] GC(311) Using 1 workers of 1 for marking
[156.394s][info][gc,marking  ] GC(311) Concurrent Mark From Roots 42.134ms
[156.394s][info][gc,marking  ] GC(311) Concurrent Preclean
[156.394s][info][gc,marking  ] GC(311) Concurrent Preclean 0.038ms
[156.394s][info][gc,start    ] GC(311) Pause Remark
[156.407s][info][gc          ] GC(311) Pause Remark 96M->86M(256M) 12.970ms
[156.407s][info][gc,cpu      ] GC(311) User=0.03s Sys=0.00s Real=0.01s
[156.407s][info][gc,marking  ] GC(311) Concurrent Mark 55.387ms
[156.407s][info][gc,marking  ] GC(311) Concurrent Rebuild Remembered Sets and Scrub Regions
[156.429s][info][gc,marking  ] GC(311) Concurrent Rebuild Remembered Sets and Scrub Regions 21.374ms
[156.429s][info][gc,start    ] GC(311) Pause Cleanup
[156.429s][info][gc          ] GC(311) Pause Cleanup 86M->86M(256M) 0.071ms
[156.429s][info][gc,cpu      ] GC(311) User=0.00s Sys=0.00s Real=0.00s
[156.429s][info][gc,marking  ] GC(311) Concurrent Clear Claimed Marks
[156.429s][info][gc,marking  ] GC(311) Concurrent Clear Claimed Marks 0.050ms
[156.429s][info][gc,marking  ] GC(311) Concurrent Cleanup for Next Mark
[156.430s][info][gc,marking  ] GC(311) Concurrent Cleanup for Next Mark 0.770ms
[156.430s][info][gc          ] GC(311) Concurrent Mark Cycle 95.540ms
[156.931s][info][gc,start    ] GC(312) Pause Young (Prepare Mixed) (G1 Evacuation Pause)
[156.931s][info][gc,task     ] GC(312) Using 2 workers of 2 for evacuation
[156.936s][info][gc,phases   ] GC(312)   Pre Evacuate Collection Set: 0.16ms
[156.936s][info][gc,phases   ] GC(312)   Merge Heap Roots: 0.07ms
[156.936s][info][gc,phases   ] GC(312)   Evacuate Collection Set: 4.66ms
[156.936s][info][gc,phases   ] GC(312)   Post Evacuate Collection Set: 0.37ms
[156.936s][info][gc,phases   ] GC(312)   Other: 0.07ms
[156.936s][info][gc,heap     ] GC(312) Eden regions: 122->0(135)
[156.936s][info][gc,heap     ] GC(312) Survivor regions: 10->2(17)
[156.936s][info][gc,heap     ] GC(312) Old regions: 68->74
[156.936s][info][gc,heap     ] GC(312) Humongous regions: 13->3
[156.936s][info][gc,metaspace] GC(312) Metaspace: 41765K(42176K)->41765K(42176K) NonClass: 38950K(39232K)->38950K(39232K) Class: 2814K(2944K)->2814K(2944K)
[156.936s][info][gc          ] GC(312) Pause Young (Prepare Mixed) (G1 Evacuation Pause) 212M->78M(256M) 5.510ms
[156.936s][info][gc,cpu      ] GC(312) User=0.01s Sys=0.00s Real=0.01s
[157.465s][info][gc,start    ] GC(313) Pause Young (Mixed) (G1 Evacuation Pause)
[157.465s][info][gc,task     ] GC(313) Using 2 workers of 2 for evacuation
[157.483s][info][gc,phases   ] GC(313)   Pre Evacuate Collection Set: 0.74ms
[157.483s][info][gc,phases   ] GC(313)   Merge Heap Roots: 0.17ms
[157.483s][info][gc,phases   ] GC(313)   Evacuate Collection Set: 16.83ms
[157.483s][info][gc,phases   ] GC(313)   Post Evacuate Collection Set: 0.45ms
[157.483s][info][gc,phases   ] GC(313)   Other: 0.08ms
[157.483s][info][gc,heap     ] GC(313) Eden regions: 135->0(142)
[157.483s][info][gc,heap     ] GC(313) Survivor regions: 2->11(18)
[157.483s][info][gc,heap     ] GC(313) Old regions: 74->55
[157.483s][info][gc,heap     ] GC(313) Humongous regions: 12->3
[157.483s][info][gc,metaspace] GC(313) Metaspace: 41768K(42176K)->41768K(42176K) NonClass: 38953K(39232K)->38953K(39232K) Class: 2814K(2944K)->2814K(2944K)
[157.483s][info][gc          ] GC(313) Pause Young (Mixed) (G1 Evacuation Pause) 222M->67M(256M) 18.465ms
[157.483s][info][gc,cpu      ] GC(313) User=0.03s Sys=0.00s Real=0.02s
[157.635s][info][gc,start    ] GC(314) Pause Young (Concurrent Start) (G1 Humongous Allocation)
[157.635s][info][gc,task     ] GC(314) Using 2 workers of 2 for evacuation
[157.645s][info][gc,phases   ] GC(314)   Pre Evacuate Collection Set: 0.19ms
[157.645s][info][gc,phases   ] GC(314)   Merge Heap Roots: 0.04ms
[157.645s][info][gc,phases   ] GC(314)   Evacuate Collection Set: 9.45ms
[157.645s][info][gc,phases   ] GC(314)   Post Evacuate Collection Set: 0.30ms
[157.645s][info][gc,phases   ] GC(314)   Other: 0.10ms
[157.645s][info][gc,heap     ] GC(314) Eden regions: 38->0(141)
[157.645s][info][gc,heap     ] GC(314) Survivor regions: 11->12(20)
[157.645s][info][gc,heap     ] GC(314) Old regions: 55->56
[157.645s][info][gc,heap     ] GC(314) Humongous regions: 3->3
[157.645s][info][gc,metaspace] GC(314) Metaspace: 41768K(42176K)->41768K(42176K) NonClass: 38953K(39232K)->38953K(39232K) Class: 2814K(2944K)->2814K(2944K)
[157.645s][info][gc          ] GC(314) Pause Young (Concurrent Start) (G1 Humongous Allocation) 105M->69M(256M) 10.258ms
[157.645s][info][gc,cpu      ] GC(314) User=0.02s Sys=0.00s Real=0.01s
[157.645s][info][gc          ] GC(315) Concurrent Mark Cycle
[157.645s][info][gc,marking  ] GC(315) Concurrent Scan Root Regions
[157.653s][info][gc,marking  ] GC(315) Concurrent Scan Root Regions 7.412ms
[157.653s][info][gc,marking  ] GC(315) Concurrent Mark
[157.653s][info][gc,marking  ] GC(315) Concurrent Mark From Roots
[157.653s][info][gc,task     ] GC(315) Using 1 workers of 1 for marking
[157.704s][info][gc,marking  ] GC(315) Concurrent Mark From Roots 51.315ms
[157.704s][info][gc,marking  ] GC(315) Concurrent Preclean
[157.704s][info][gc,marking  ] GC(315) Concurrent Preclean 0.051ms
[157.704s][info][gc,start    ] GC(315) Pause Remark
[157.719s][info][gc          ] GC(315) Pause Remark 80M->78M(256M) 14.689ms
[157.719s][info][gc,cpu      ] GC(315) User=0.03s Sys=0.00s Real=0.01s
[157.719s][info][gc,marking  ] GC(315) Concurrent Mark 66.269ms
[157.719s][info][gc,marking  ] GC(315) Concurrent Rebuild Remembered Sets and Scrub Regions
[157.736s][info][gc,marking  ] GC(315) Concurrent Rebuild Remembered Sets and Scrub Regions 16.862ms
[157.736s][info][gc,start    ] GC(315) Pause Cleanup
[157.736s][info][gc          ] GC(315) Pause Cleanup 83M->83M(256M) 0.044ms
[157.736s][info][gc,cpu      ] GC(315) User=0.00s Sys=0.00s Real=0.00s
[157.736s][info][gc,marking  ] GC(315) Concurrent Clear Claimed Marks
[157.736s][info][gc,marking  ] GC(315) Concurrent Clear Claimed Marks 0.041ms
[157.736s][info][gc,marking  ] GC(315) Concurrent Cleanup for Next Mark
[157.737s][info][gc,marking  ] GC(315) Concurrent Cleanup for Next Mark 0.735ms
[157.737s][info][gc          ] GC(315) Concurrent Mark Cycle 91.643ms
[158.261s][info][gc,start    ] GC(316) Pause Young (Prepare Mixed) (G1 Evacuation Pause)
[158.261s][info][gc,task     ] GC(316) Using 2 workers of 2 for evacuation
[158.273s][info][gc,phases   ] GC(316)   Pre Evacuate Collection Set: 0.23ms
[158.273s][info][gc,phases   ] GC(316)   Merge Heap Roots: 0.07ms
[158.273s][info][gc,phases   ] GC(316)   Evacuate Collection Set: 10.89ms
[158.273s][info][gc,phases   ] GC(316)   Post Evacuate Collection Set: 0.96ms
[158.273s][info][gc,phases   ] GC(316)   Other: 0.07ms
[158.273s][info][gc,heap     ] GC(316) Eden regions: 141->0(141)
[158.273s][info][gc,heap     ] GC(316) Survivor regions: 12->12(20)
[158.273s][info][gc,heap     ] GC(316) Old regions: 54->54
[158.273s][info][gc,heap     ] GC(316) Humongous regions: 10->3
[158.273s][info][gc,metaspace] GC(316) Metaspace: 41775K(42176K)->41775K(42176K) NonClass: 38960K(39232K)->38960K(39232K) Class: 2814K(2944K)->2814K(2944K)
[158.273s][info][gc          ] GC(316) Pause Young (Prepare Mixed) (G1 Evacuation Pause) 215M->68M(256M) 12.405ms
[158.273s][info][gc,cpu      ] GC(316) User=0.02s Sys=0.00s Real=0.02s
[158.796s][info][gc,start    ] GC(317) Pause Young (Mixed) (G1 Evacuation Pause)
[158.796s][info][gc,task     ] GC(317) Using 2 workers of 2 for evacuation
[158.819s][info][gc,phases   ] GC(317)   Pre Evacuate Collection Set: 0.23ms
[158.819s][info][gc,phases   ] GC(317)   Merge Heap Roots: 0.10ms
[158.819s][info][gc,phases   ] GC(317)   Evacuate Collection Set: 22.57ms
[158.819s][info][gc,phases   ] GC(317)   Post Evacuate Collection Set: 0.54ms
[158.819s][info][gc,phases   ] GC(317)   Other: 0.09ms
[158.819s][info][gc,heap     ] GC(317) Eden regions: 141->0(133)
[158.819s][info][gc,heap     ] GC(317) Survivor regions: 12->20(20)
[158.819s][info][gc,heap     ] GC(317) Old regions: 54->46
[158.819s][info][gc,heap     ] GC(317) Humongous regions: 7->3
[158.819s][info][gc,metaspace] GC(317) Metaspace: 41779K(42176K)->41779K(42176K) NonClass: 38964K(39232K)->38964K(39232K) Class: 2814K(2944K)->2814K(2944K)
[158.819s][info][gc          ] GC(317) Pause Young (Mixed) (G1 Evacuation Pause) 213M->68M(256M) 23.680ms
[158.819s][info][gc,cpu      ] GC(317) User=0.05s Sys=0.00s Real=0.02s
[159.099s][info][gc,start    ] GC(318) Pause Young (Concurrent Start) (G1 Humongous Allocation)
[159.099s][info][gc,task     ] GC(318) Using 2 workers of 2 for evacuation
[159.123s][info][gc,phases   ] GC(318)   Pre Evacuate Collection Set: 0.16ms
[159.123s][info][gc,phases   ] GC(318)   Merge Heap Roots: 0.08ms
[159.123s][info][gc,phases   ] GC(318)   Evacuate Collection Set: 23.05ms
[159.123s][info][gc,phases   ] GC(318)   Post Evacuate Collection Set: 0.39ms
[159.123s][info][gc,phases   ] GC(318)   Other: 0.12ms
[159.123s][info][gc,heap     ] GC(318) Eden regions: 62->0(145)
[159.123s][info][gc,heap     ] GC(318) Survivor regions: 20->8(20)
[159.123s][info][gc,heap     ] GC(318) Old regions: 46->57
[159.123s][info][gc,heap     ] GC(318) Humongous regions: 3->1
[159.123s][info][gc,metaspace] GC(318) Metaspace: 41779K(42176K)->41779K(42176K) NonClass: 38964K(39232K)->38964K(39232K) Class: 2814K(2944K)->2814K(2944K)
[159.123s][info][gc          ] GC(318) Pause Young (Concurrent Start) (G1 Humongous Allocation) 130M->65M(256M) 23.972ms
[159.123s][info][gc,cpu      ] GC(318) User=0.03s Sys=0.00s Real=0.03s
[159.123s][info][gc          ] GC(319) Concurrent Mark Cycle
[159.123s][info][gc,marking  ] GC(319) Concurrent Scan Root Regions
[159.138s][info][gc,marking  ] GC(319) Concurrent Scan Root Regions 14.266ms
[159.138s][info][gc,marking  ] GC(319) Concurrent Mark
[159.138s][info][gc,marking  ] GC(319) Concurrent Mark From Roots
[159.138s][info][gc,task     ] GC(319) Using 1 workers of 1 for marking
[159.182s][info][gc,marking  ] GC(319) Concurrent Mark From Roots 44.105ms
[159.182s][info][gc,marking  ] GC(319) Concurrent Preclean
[159.182s][info][gc,marking  ] GC(319) Concurrent Preclean 0.044ms
[159.182s][info][gc,start    ] GC(319) Pause Remark
[159.196s][info][gc          ] GC(319) Pause Remark 83M->83M(256M) 13.595ms
[159.196s][info][gc,cpu      ] GC(319) User=0.02s Sys=0.00s Real=0.01s
[159.196s][info][gc,marking  ] GC(319) Concurrent Mark 58.031ms
[159.196s][info][gc,marking  ] GC(319) Concurrent Rebuild Remembered Sets and Scrub Regions
[159.222s][info][gc,marking  ] GC(319) Concurrent Rebuild Remembered Sets and Scrub Regions 26.194ms
[159.222s][info][gc,start    ] GC(319) Pause Cleanup
[159.222s][info][gc          ] GC(319) Pause Cleanup 89M->89M(256M) 0.041ms
[159.222s][info][gc,cpu      ] GC(319) User=0.00s Sys=0.00s Real=0.00s
[159.222s][info][gc,marking  ] GC(319) Concurrent Clear Claimed Marks
[159.222s][info][gc,marking  ] GC(319) Concurrent Clear Claimed Marks 0.032ms
[159.222s][info][gc,marking  ] GC(319) Concurrent Cleanup for Next Mark
[159.223s][info][gc,marking  ] GC(319) Concurrent Cleanup for Next Mark 0.752ms
[159.223s][info][gc          ] GC(319) Concurrent Mark Cycle 99.587ms
[159.651s][info][gc,start    ] GC(320) Pause Young (Prepare Mixed) (G1 Evacuation Pause)
[159.651s][info][gc,task     ] GC(320) Using 2 workers of 2 for evacuation
[159.667s][info][gc,phases   ] GC(320)   Pre Evacuate Collection Set: 0.16ms
[159.667s][info][gc,phases   ] GC(320)   Merge Heap Roots: 0.11ms
[159.667s][info][gc,phases   ] GC(320)   Evacuate Collection Set: 14.93ms
[159.667s][info][gc,phases   ] GC(320)   Post Evacuate Collection Set: 0.42ms
[159.667s][info][gc,phases   ] GC(320)   Other: 0.11ms
[159.667s][info][gc,heap     ] GC(320) Eden regions: 145->0(136)
[159.667s][info][gc,heap     ] GC(320) Survivor regions: 8->17(20)
[159.667s][info][gc,heap     ] GC(320) Old regions: 57->57
[159.667s][info][gc,heap     ] GC(320) Humongous regions: 15->3
[159.667s][info][gc,metaspace] GC(320) Metaspace: 41780K(42176K)->41780K(42176K) NonClass: 38965K(39232K)->38965K(39232K) Class: 2814K(2944K)->2814K(2944K)
[159.667s][info][gc          ] GC(320) Pause Young (Prepare Mixed) (G1 Evacuation Pause) 224M->76M(256M) 15.897ms
[159.667s][info][gc,cpu      ] GC(320) User=0.03s Sys=0.00s Real=0.02s
[160.153s][info][gc,start    ] GC(321) Pause Young (Mixed) (G1 Evacuation Pause)
[160.153s][info][gc,task     ] GC(321) Using 2 workers of 2 for evacuation
[160.175s][info][gc,phases   ] GC(321)   Pre Evacuate Collection Set: 0.22ms
[160.175s][info][gc,phases   ] GC(321)   Merge Heap Roots: 0.12ms
[160.175s][info][gc,phases   ] GC(321)   Evacuate Collection Set: 20.50ms
[160.175s][info][gc,phases   ] GC(321)   Post Evacuate Collection Set: 0.44ms
[160.175s][info][gc,phases   ] GC(321)   Other: 0.07ms
[160.175s][info][gc,heap     ] GC(321) Eden regions: 136->0(141)
[160.175s][info][gc,heap     ] GC(321) Survivor regions: 17->11(20)
[160.175s][info][gc,heap     ] GC(321) Old regions: 57->62
[160.175s][info][gc,heap     ] GC(321) Humongous regions: 13->3
[160.175s][info][gc,metaspace] GC(321) Metaspace: 41780K(42176K)->41780K(42176K) NonClass: 38965K(39232K)->38965K(39232K) Class: 2814K(2944K)->2814K(2944K)
[160.175s][info][gc          ] GC(321) Pause Young (Mixed) (G1 Evacuation Pause) 222M->75M(256M) 21.531ms
[160.175s][info][gc,cpu      ] GC(321) User=0.04s Sys=0.00s Real=0.02s
[160.212s][info][gc,start    ] GC(322) Pause Young (Concurrent Start) (G1 Humongous Allocation)
[160.212s][info][gc,task     ] GC(322) Using 2 workers of 2 for evacuation
[160.215s][info][gc,phases   ] GC(322)   Pre Evacuate Collection Set: 0.16ms
[160.215s][info][gc,phases   ] GC(322)   Merge Heap Roots: 0.03ms
[160.215s][info][gc,phases   ] GC(322)   Evacuate Collection Set: 1.88ms
[160.215s][info][gc,phases   ] GC(322)   Post Evacuate Collection Set: 0.26ms
[160.215s][info][gc,phases   ] GC(322)   Other: 0.10ms
[160.215s][info][gc,heap     ] GC(322) Eden regions: 12->0(152)
[160.215s][info][gc,heap     ] GC(322) Survivor regions: 11->1(19)
[160.215s][info][gc,heap     ] GC(322) Old regions: 62->63
[160.215s][info][gc,heap     ] GC(322) Humongous regions: 3->1
[160.215s][info][gc,metaspace] GC(322) Metaspace: 41780K(42176K)->41780K(42176K) NonClass: 38965K(39232K)->38965K(39232K) Class: 2814K(2944K)->2814K(2944K)
[160.215s][info][gc          ] GC(322) Pause Young (Concurrent Start) (G1 Humongous Allocation) 87M->65M(256M) 2.610ms
[160.215s][info][gc,cpu      ] GC(322) User=0.01s Sys=0.00s Real=0.00s
[160.215s][info][gc          ] GC(323) Concurrent Mark Cycle
[160.215s][info][gc,marking  ] GC(323) Concurrent Scan Root Regions
[160.219s][info][gc,marking  ] GC(323) Concurrent Scan Root Regions 3.939ms
[160.219s][info][gc,marking  ] GC(323) Concurrent Mark
[160.219s][info][gc,marking  ] GC(323) Concurrent Mark From Roots
[160.219s][info][gc,task     ] GC(323) Using 1 workers of 1 for marking
[160.267s][info][gc,marking  ] GC(323) Concurrent Mark From Roots 48.359ms
[160.267s][info][gc,marking  ] GC(323) Concurrent Preclean
[160.267s][info][gc,marking  ] GC(323) Concurrent Preclean 0.039ms
[160.267s][info][gc,start    ] GC(323) Pause Remark
[160.282s][info][gc          ] GC(323) Pause Remark 76M->73M(256M) 14.475ms
[160.282s][info][gc,cpu      ] GC(323) User=0.03s Sys=0.00s Real=0.02s
[160.282s][info][gc,marking  ] GC(323) Concurrent Mark 63.087ms
[160.282s][info][gc,marking  ] GC(323) Concurrent Rebuild Remembered Sets and Scrub Regions
[160.301s][info][gc,marking  ] GC(323) Concurrent Rebuild Remembered Sets and Scrub Regions 18.867ms
[160.301s][info][gc,start    ] GC(323) Pause Cleanup
[160.301s][info][gc          ] GC(323) Pause Cleanup 73M->73M(256M) 0.034ms
[160.301s][info][gc,cpu      ] GC(323) User=0.00s Sys=0.00s Real=0.00s
[160.301s][info][gc,marking  ] GC(323) Concurrent Clear Claimed Marks
[160.301s][info][gc,marking  ] GC(323) Concurrent Clear Claimed Marks 0.029ms
[160.301s][info][gc,marking  ] GC(323) Concurrent Cleanup for Next Mark
[160.302s][info][gc,marking  ] GC(323) Concurrent Cleanup for Next Mark 0.777ms
[160.302s][info][gc          ] GC(323) Concurrent Mark Cycle 86.889ms
[160.870s][info][gc,start    ] GC(324) Pause Young (Prepare Mixed) (G1 Evacuation Pause)
[160.870s][info][gc,task     ] GC(324) Using 2 workers of 2 for evacuation
[160.876s][info][gc,phases   ] GC(324)   Pre Evacuate Collection Set: 0.15ms
[160.876s][info][gc,phases   ] GC(324)   Merge Heap Roots: 0.06ms
[160.876s][info][gc,phases   ] GC(324)   Evacuate Collection Set: 5.56ms
[160.876s][info][gc,phases   ] GC(324)   Post Evacuate Collection Set: 0.39ms
[160.876s][info][gc,phases   ] GC(324)   Other: 0.07ms
[160.876s][info][gc,heap     ] GC(324) Eden regions: 152->0(145)
[160.876s][info][gc,heap     ] GC(324) Survivor regions: 1->8(20)
[160.876s][info][gc,heap     ] GC(324) Old regions: 60->60
[160.876s][info][gc,heap     ] GC(324) Humongous regions: 15->3
[160.876s][info][gc,metaspace] GC(324) Metaspace: 41780K(42176K)->41780K(42176K) NonClass: 38965K(39232K)->38965K(39232K) Class: 2814K(2944K)->2814K(2944K)
[160.876s][info][gc          ] GC(324) Pause Young (Prepare Mixed) (G1 Evacuation Pause) 228M->71M(256M) 6.397ms
[160.876s][info][gc,cpu      ] GC(324) User=0.01s Sys=0.00s Real=0.01s
[161.405s][info][gc,start    ] GC(325) Pause Young (Mixed) (G1 Evacuation Pause)
[161.405s][info][gc,task     ] GC(325) Using 2 workers of 2 for evacuation
[161.428s][info][gc,phases   ] GC(325)   Pre Evacuate Collection Set: 0.18ms
[161.428s][info][gc,phases   ] GC(325)   Merge Heap Roots: 0.07ms
[161.428s][info][gc,phases   ] GC(325)   Evacuate Collection Set: 22.09ms
[161.428s][info][gc,phases   ] GC(325)   Post Evacuate Collection Set: 0.44ms
[161.428s][info][gc,phases   ] GC(325)   Other: 0.09ms
[161.428s][info][gc,heap     ] GC(325) Eden regions: 145->0(133)
[161.428s][info][gc,heap     ] GC(325) Survivor regions: 8->20(20)
[161.428s][info][gc,heap     ] GC(325) Old regions: 60->52
[161.428s][info][gc,heap     ] GC(325) Humongous regions: 3->3
[161.428s][info][gc,metaspace] GC(325) Metaspace: 41782K(42176K)->41782K(42176K) NonClass: 38967K(39232K)->38967K(39232K) Class: 2814K(2944K)->2814K(2944K)
[161.428s][info][gc          ] GC(325) Pause Young (Mixed) (G1 Evacuation Pause) 216M->74M(256M) 23.058ms
[161.428s][info][gc,cpu      ] GC(325) User=0.04s Sys=0.00s Real=0.02s
[161.970s][info][gc,start    ] GC(326) Pause Young (Concurrent Start) (G1 Evacuation Pause)
[161.970s][info][gc,task     ] GC(326) Using 2 workers of 2 for evacuation
[161.998s][info][gc,phases   ] GC(326)   Pre Evacuate Collection Set: 0.17ms
[161.998s][info][gc,phases   ] GC(326)   Merge Heap Roots: 0.10ms
[161.998s][info][gc,phases   ] GC(326)   Evacuate Collection Set: 26.66ms
[161.998s][info][gc,phases   ] GC(326)   Post Evacuate Collection Set: 0.41ms
[161.998s][info][gc,phases   ] GC(326)   Other: 0.09ms
[161.998s][info][gc,heap     ] GC(326) Eden regions: 133->0(129)
[161.998s][info][gc,heap     ] GC(326) Survivor regions: 20->18(20)
[161.998s][info][gc,heap     ] GC(326) Old regions: 52->62
[161.998s][info][gc,heap     ] GC(326) Humongous regions: 3->3
[161.998s][info][gc,metaspace] GC(326) Metaspace: 41782K(42176K)->41782K(42176K) NonClass: 38967K(39232K)->38967K(39232K) Class: 2814K(2944K)->2814K(2944K)
[161.998s][info][gc          ] GC(326) Pause Young (Concurrent Start) (G1 Evacuation Pause) 207M->82M(256M) 27.606ms
[161.998s][info][gc,cpu      ] GC(326) User=0.05s Sys=0.00s Real=0.03s
[161.998s][info][gc          ] GC(327) Concurrent Mark Cycle
[161.998s][info][gc,marking  ] GC(327) Concurrent Scan Root Regions
[162.024s][info][gc,marking  ] GC(327) Concurrent Scan Root Regions 26.260ms
[162.024s][info][gc,marking  ] GC(327) Concurrent Mark
[162.024s][info][gc,marking  ] GC(327) Concurrent Mark From Roots
[162.024s][info][gc,task     ] GC(327) Using 1 workers of 1 for marking
[162.092s][info][gc,marking  ] GC(327) Concurrent Mark From Roots 67.413ms
[162.092s][info][gc,marking  ] GC(327) Concurrent Preclean
[162.092s][info][gc,marking  ] GC(327) Concurrent Preclean 0.037ms
[162.092s][info][gc,start    ] GC(327) Pause Remark
[162.105s][info][gc          ] GC(327) Pause Remark 103M->103M(256M) 13.146ms
[162.105s][info][gc,cpu      ] GC(327) User=0.03s Sys=0.00s Real=0.02s
[162.106s][info][gc,marking  ] GC(327) Concurrent Mark 81.756ms
[162.106s][info][gc,marking  ] GC(327) Concurrent Rebuild Remembered Sets and Scrub Regions
[162.136s][info][gc,marking  ] GC(327) Concurrent Rebuild Remembered Sets and Scrub Regions 29.839ms
[162.136s][info][gc,start    ] GC(327) Pause Cleanup
[162.136s][info][gc          ] GC(327) Pause Cleanup 109M->109M(256M) 0.041ms
[162.136s][info][gc,cpu      ] GC(327) User=0.00s Sys=0.00s Real=0.00s
[162.136s][info][gc,marking  ] GC(327) Concurrent Clear Claimed Marks
[162.136s][info][gc,marking  ] GC(327) Concurrent Clear Claimed Marks 0.032ms
[162.136s][info][gc,marking  ] GC(327) Concurrent Cleanup for Next Mark
[162.137s][info][gc,marking  ] GC(327) Concurrent Cleanup for Next Mark 0.738ms
[162.137s][info][gc          ] GC(327) Concurrent Mark Cycle 138.997ms
[162.480s][info][gc,start    ] GC(328) Pause Young (Prepare Mixed) (G1 Evacuation Pause)
[162.480s][info][gc,task     ] GC(328) Using 2 workers of 2 for evacuation
[162.509s][info][gc,phases   ] GC(328)   Pre Evacuate Collection Set: 0.18ms
[162.509s][info][gc,phases   ] GC(328)   Merge Heap Roots: 0.16ms
[162.509s][info][gc,phases   ] GC(328)   Evacuate Collection Set: 27.79ms
[162.509s][info][gc,phases   ] GC(328)   Post Evacuate Collection Set: 0.44ms
[162.509s][info][gc,phases   ] GC(328)   Other: 0.07ms
[162.509s][info][gc,heap     ] GC(328) Eden regions: 129->0(118)
[162.509s][info][gc,heap     ] GC(328) Survivor regions: 18->15(19)
[162.509s][info][gc,heap     ] GC(328) Old regions: 62->79
[162.509s][info][gc,heap     ] GC(328) Humongous regions: 7->3
[162.509s][info][gc,metaspace] GC(328) Metaspace: 41782K(42176K)->41782K(42176K) NonClass: 38967K(39232K)->38967K(39232K) Class: 2814K(2944K)->2814K(2944K)
[162.509s][info][gc          ] GC(328) Pause Young (Prepare Mixed) (G1 Evacuation Pause) 215M->96M(256M) 28.829ms
[162.509s][info][gc,cpu      ] GC(328) User=0.06s Sys=0.00s Real=0.03s
[162.980s][info][gc,start    ] GC(329) Pause Young (Mixed) (G1 Evacuation Pause)
[162.980s][info][gc,task     ] GC(329) Using 2 workers of 2 for evacuation
[162.993s][info][gc,phases   ] GC(329)   Pre Evacuate Collection Set: 0.15ms
[162.993s][info][gc,phases   ] GC(329)   Merge Heap Roots: 0.13ms
[162.993s][info][gc,phases   ] GC(329)   Evacuate Collection Set: 11.85ms
[162.993s][info][gc,phases   ] GC(329)   Post Evacuate Collection Set: 0.66ms
[162.993s][info][gc,phases   ] GC(329)   Other: 0.07ms
[162.993s][info][gc,heap     ] GC(329) Eden regions: 118->0(149)
[162.993s][info][gc,heap     ] GC(329) Survivor regions: 15->5(17)
[162.993s][info][gc,heap     ] GC(329) Old regions: 79->81
[162.993s][info][gc,heap     ] GC(329) Humongous regions: 11->3
[162.993s][info][gc,metaspace] GC(329) Metaspace: 41782K(42176K)->41782K(42176K) NonClass: 38967K(39232K)->38967K(39232K) Class: 2814K(2944K)->2814K(2944K)
[162.993s][info][gc          ] GC(329) Pause Young (Mixed) (G1 Evacuation Pause) 222M->89M(285M) 13.016ms
[162.993s][info][gc,cpu      ] GC(329) User=0.02s Sys=0.00s Real=0.02s
[163.164s][info][gc,start    ] GC(330) Pause Young (Concurrent Start) (G1 Humongous Allocation)
[163.164s][info][gc,task     ] GC(330) Using 2 workers of 2 for evacuation
[163.166s][info][gc,phases   ] GC(330)   Pre Evacuate Collection Set: 0.18ms
[163.166s][info][gc,phases   ] GC(330)   Merge Heap Roots: 0.06ms
[163.166s][info][gc,phases   ] GC(330)   Evacuate Collection Set: 1.76ms
[163.166s][info][gc,phases   ] GC(330)   Post Evacuate Collection Set: 0.29ms
[163.166s][info][gc,phases   ] GC(330)   Other: 0.07ms
[163.166s][info][gc,heap     ] GC(330) Eden regions: 40->0(161)
[163.166s][info][gc,heap     ] GC(330) Survivor regions: 5->2(20)
[163.166s][info][gc,heap     ] GC(330) Old regions: 81->81
[163.166s][info][gc,heap     ] GC(330) Humongous regions: 3->1
[163.166s][info][gc,metaspace] GC(330) Metaspace: 41782K(42176K)->41782K(42176K) NonClass: 38967K(39232K)->38967K(39232K) Class: 2814K(2944K)->2814K(2944K)
[163.166s][info][gc          ] GC(330) Pause Young (Concurrent Start) (G1 Humongous Allocation) 129M->83M(285M) 2.522ms
[163.166s][info][gc,cpu      ] GC(330) User=0.00s Sys=0.00s Real=0.00s
[163.166s][info][gc          ] GC(331) Concurrent Mark Cycle
[163.166s][info][gc,marking  ] GC(331) Concurrent Scan Root Regions
[163.168s][info][gc,marking  ] GC(331) Concurrent Scan Root Regions 1.438ms
[163.168s][info][gc,marking  ] GC(331) Concurrent Mark
[163.168s][info][gc,marking  ] GC(331) Concurrent Mark From Roots
[163.168s][info][gc,task     ] GC(331) Using 1 workers of 1 for marking
[163.221s][info][gc,marking  ] GC(331) Concurrent Mark From Roots 53.274ms
[163.221s][info][gc,marking  ] GC(331) Concurrent Preclean
[163.221s][info][gc,marking  ] GC(331) Concurrent Preclean 0.034ms
[163.221s][info][gc,start    ] GC(331) Pause Remark
[163.235s][info][gc          ] GC(331) Pause Remark 104M->93M(256M) 13.570ms
[163.235s][info][gc,cpu      ] GC(331) User=0.02s Sys=0.00s Real=0.02s
[163.235s][info][gc,marking  ] GC(331) Concurrent Mark 67.149ms
[163.235s][info][gc,marking  ] GC(331) Concurrent Rebuild Remembered Sets and Scrub Regions
[163.255s][info][gc,marking  ] GC(331) Concurrent Rebuild Remembered Sets and Scrub Regions 20.431ms
[163.255s][info][gc,start    ] GC(331) Pause Cleanup
[163.255s][info][gc          ] GC(331) Pause Cleanup 96M->96M(256M) 0.055ms
[163.255s][info][gc,cpu      ] GC(331) User=0.00s Sys=0.00s Real=0.00s
[163.255s][info][gc,marking  ] GC(331) Concurrent Clear Claimed Marks
[163.255s][info][gc,marking  ] GC(331) Concurrent Clear Claimed Marks 0.033ms
[163.255s][info][gc,marking  ] GC(331) Concurrent Cleanup for Next Mark
[163.256s][info][gc,marking  ] GC(331) Concurrent Cleanup for Next Mark 0.886ms
[163.256s][info][gc          ] GC(331) Concurrent Mark Cycle 90.239ms
[163.750s][info][gc,start    ] GC(332) Pause Young (Prepare Mixed) (G1 Evacuation Pause)
[163.750s][info][gc,task     ] GC(332) Using 2 workers of 2 for evacuation
[163.774s][info][gc,phases   ] GC(332)   Pre Evacuate Collection Set: 0.76ms
[163.774s][info][gc,phases   ] GC(332)   Merge Heap Roots: 2.34ms
[163.774s][info][gc,phases   ] GC(332)   Evacuate Collection Set: 20.82ms
[163.774s][info][gc,phases   ] GC(332)   Post Evacuate Collection Set: 0.42ms
[163.774s][info][gc,phases   ] GC(332)   Other: 0.09ms
[163.774s][info][gc,heap     ] GC(332) Eden regions: 151->0(132)
[163.774s][info][gc,heap     ] GC(332) Survivor regions: 2->15(20)
[163.774s][info][gc,heap     ] GC(332) Old regions: 70->70
[163.774s][info][gc,heap     ] GC(332) Humongous regions: 5->3
[163.774s][info][gc,metaspace] GC(332) Metaspace: 41782K(42176K)->41782K(42176K) NonClass: 38967K(39232K)->38967K(39232K) Class: 2814K(2944K)->2814K(2944K)
[163.774s][info][gc          ] GC(332) Pause Young (Prepare Mixed) (G1 Evacuation Pause) 227M->88M(256M) 24.625ms
[163.774s][info][gc,cpu      ] GC(332) User=0.03s Sys=0.00s Real=0.03s
[164.231s][info][gc,start    ] GC(333) Pause Young (Mixed) (G1 Evacuation Pause)
[164.231s][info][gc,task     ] GC(333) Using 2 workers of 2 for evacuation
[164.240s][info][gc,phases   ] GC(333)   Pre Evacuate Collection Set: 0.16ms
[164.240s][info][gc,phases   ] GC(333)   Merge Heap Roots: 0.07ms
[164.240s][info][gc,phases   ] GC(333)   Evacuate Collection Set: 8.22ms
[164.240s][info][gc,phases   ] GC(333)   Post Evacuate Collection Set: 0.39ms
[164.240s][info][gc,phases   ] GC(333)   Other: 0.07ms
[164.240s][info][gc,heap     ] GC(333) Eden regions: 132->0(146)
[164.240s][info][gc,heap     ] GC(333) Survivor regions: 15->7(19)
[164.240s][info][gc,heap     ] GC(333) Old regions: 70->52
[164.240s][info][gc,heap     ] GC(333) Humongous regions: 9->3
[164.240s][info][gc,metaspace] GC(333) Metaspace: 41782K(42176K)->41782K(42176K) NonClass: 38967K(39232K)->38967K(39232K) Class: 2814K(2944K)->2814K(2944K)
[164.240s][info][gc          ] GC(333) Pause Young (Mixed) (G1 Evacuation Pause) 226M->61M(256M) 9.067ms
[164.240s][info][gc,cpu      ] GC(333) User=0.01s Sys=0.00s Real=0.01s
[164.253s][info][gc,start    ] GC(334) Pause Young (Concurrent Start) (G1 Humongous Allocation)
[164.253s][info][gc,task     ] GC(334) Using 2 workers of 2 for evacuation
[164.255s][info][gc,phases   ] GC(334)   Pre Evacuate Collection Set: 0.20ms
[164.255s][info][gc,phases   ] GC(334)   Merge Heap Roots: 0.04ms
[164.255s][info][gc,phases   ] GC(334)   Evacuate Collection Set: 1.16ms
[164.255s][info][gc,phases   ] GC(334)   Post Evacuate Collection Set: 0.25ms
[164.255s][info][gc,phases   ] GC(334)   Other: 0.07ms
[164.255s][info][gc,heap     ] GC(334) Eden regions: 4->0(151)
[164.255s][info][gc,heap     ] GC(334) Survivor regions: 7->2(20)
[164.255s][info][gc,heap     ] GC(334) Old regions: 52->52
[164.255s][info][gc,heap     ] GC(334) Humongous regions: 3->1
[164.255s][info][gc,metaspace] GC(334) Metaspace: 41782K(42176K)->41782K(42176K) NonClass: 38967K(39232K)->38967K(39232K) Class: 2814K(2944K)->2814K(2944K)
[164.255s][info][gc          ] GC(334) Pause Young (Concurrent Start) (G1 Humongous Allocation) 65M->53M(256M) 1.852ms
[164.255s][info][gc,cpu      ] GC(334) User=0.00s Sys=0.00s Real=0.00s
[164.255s][info][gc          ] GC(335) Concurrent Mark Cycle
[164.255s][info][gc,marking  ] GC(335) Concurrent Scan Root Regions
[164.258s][info][gc,marking  ] GC(335) Concurrent Scan Root Regions 3.022ms
[164.258s][info][gc,marking  ] GC(335) Concurrent Mark
[164.258s][info][gc,marking  ] GC(335) Concurrent Mark From Roots
[164.258s][info][gc,task     ] GC(335) Using 1 workers of 1 for marking
[164.369s][info][gc,marking  ] GC(335) Concurrent Mark From Roots 110.678ms
[164.369s][info][gc,marking  ] GC(335) Concurrent Preclean
[164.369s][info][gc,marking  ] GC(335) Concurrent Preclean 0.033ms
[164.372s][info][gc,start    ] GC(335) Pause Remark
[164.390s][info][gc          ] GC(335) Pause Remark 86M->86M(256M) 18.084ms
[164.390s][info][gc,cpu      ] GC(335) User=0.04s Sys=0.00s Real=0.01s
[164.393s][info][gc,marking  ] GC(335) Concurrent Mark 134.753ms
[164.393s][info][gc,marking  ] GC(335) Concurrent Rebuild Remembered Sets and Scrub Regions
[164.433s][info][gc,marking  ] GC(335) Concurrent Rebuild Remembered Sets and Scrub Regions 40.585ms
[164.434s][info][gc,start    ] GC(335) Pause Cleanup
[164.434s][info][gc          ] GC(335) Pause Cleanup 94M->94M(256M) 0.060ms
[164.434s][info][gc,cpu      ] GC(335) User=0.00s Sys=0.00s Real=0.00s
[164.434s][info][gc,marking  ] GC(335) Concurrent Clear Claimed Marks
[164.434s][info][gc,marking  ] GC(335) Concurrent Clear Claimed Marks 0.049ms
[164.434s][info][gc,marking  ] GC(335) Concurrent Cleanup for Next Mark
[164.437s][info][gc,marking  ] GC(335) Concurrent Cleanup for Next Mark 2.705ms
[164.437s][info][gc          ] GC(335) Concurrent Mark Cycle 181.529ms
[164.972s][info][gc,start    ] GC(336) Pause Young (Prepare Mixed) (G1 Evacuation Pause)
[164.972s][info][gc,task     ] GC(336) Using 2 workers of 2 for evacuation
[164.988s][info][gc,phases   ] GC(336)   Pre Evacuate Collection Set: 0.16ms
[164.988s][info][gc,phases   ] GC(336)   Merge Heap Roots: 0.09ms
[164.988s][info][gc,phases   ] GC(336)   Evacuate Collection Set: 15.29ms
[164.988s][info][gc,phases   ] GC(336)   Post Evacuate Collection Set: 0.36ms
[164.988s][info][gc,phases   ] GC(336)   Other: 0.10ms
[164.988s][info][gc,heap     ] GC(336) Eden regions: 151->0(141)
[164.988s][info][gc,heap     ] GC(336) Survivor regions: 2->12(20)
[164.988s][info][gc,heap     ] GC(336) Old regions: 52->52
[164.988s][info][gc,heap     ] GC(336) Humongous regions: 5->3
[164.988s][info][gc,metaspace] GC(336) Metaspace: 41782K(42176K)->41782K(42176K) NonClass: 38967K(39232K)->38967K(39232K) Class: 2814K(2944K)->2814K(2944K)
[164.988s][info][gc          ] GC(336) Pause Young (Prepare Mixed) (G1 Evacuation Pause) 208M->65M(256M) 16.173ms
[164.988s][info][gc,cpu      ] GC(336) User=0.03s Sys=0.00s Real=0.02s
[165.536s][info][gc,start    ] GC(337) Pause Young (Mixed) (G1 Evacuation Pause)
[165.536s][info][gc,task     ] GC(337) Using 2 workers of 2 for evacuation
[165.545s][info][gc,phases   ] GC(337)   Pre Evacuate Collection Set: 0.16ms
[165.545s][info][gc,phases   ] GC(337)   Merge Heap Roots: 0.08ms
[165.545s][info][gc,phases   ] GC(337)   Evacuate Collection Set: 8.08ms
[165.545s][info][gc,phases   ] GC(337)   Post Evacuate Collection Set: 0.41ms
[165.545s][info][gc,phases   ] GC(337)   Other: 0.07ms
[165.545s][info][gc,heap     ] GC(337) Eden regions: 141->0(146)
[165.545s][info][gc,heap     ] GC(337) Survivor regions: 12->7(20)
[165.545s][info][gc,heap     ] GC(337) Old regions: 52->50
[165.545s][info][gc,heap     ] GC(337) Humongous regions: 7->3
[165.545s][info][gc,metaspace] GC(337) Metaspace: 41782K(42176K)->41782K(42176K) NonClass: 38967K(39232K)->38967K(39232K) Class: 2814K(2944K)->2814K(2944K)
[165.545s][info][gc          ] GC(337) Pause Young (Mixed) (G1 Evacuation Pause) 210M->59M(256M) 8.958ms
[165.545s][info][gc,cpu      ] GC(337) User=0.02s Sys=0.00s Real=0.01s
[165.607s][info][gc,start    ] GC(338) Pause Young (Concurrent Start) (G1 Humongous Allocation)
[165.607s][info][gc,task     ] GC(338) Using 2 workers of 2 for evacuation
[165.609s][info][gc,phases   ] GC(338)   Pre Evacuate Collection Set: 0.16ms
[165.609s][info][gc,phases   ] GC(338)   Merge Heap Roots: 0.04ms
[165.609s][info][gc,phases   ] GC(338)   Evacuate Collection Set: 1.41ms
[165.609s][info][gc,phases   ] GC(338)   Post Evacuate Collection Set: 0.26ms
[165.609s][info][gc,phases   ] GC(338)   Other: 0.14ms
[165.609s][info][gc,heap     ] GC(338) Eden regions: 15->0(151)
[165.609s][info][gc,heap     ] GC(338) Survivor regions: 7->2(20)
[165.609s][info][gc,heap     ] GC(338) Old regions: 50->50
[165.609s][info][gc,heap     ] GC(338) Humongous regions: 3->1
[165.609s][info][gc,metaspace] GC(338) Metaspace: 41782K(42176K)->41782K(42176K) NonClass: 38967K(39232K)->38967K(39232K) Class: 2814K(2944K)->2814K(2944K)
[165.609s][info][gc          ] GC(338) Pause Young (Concurrent Start) (G1 Humongous Allocation) 74M->52M(256M) 2.167ms
[165.609s][info][gc,cpu      ] GC(338) User=0.00s Sys=0.00s Real=0.00s
[165.609s][info][gc          ] GC(339) Concurrent Mark Cycle
[165.609s][info][gc,marking  ] GC(339) Concurrent Scan Root Regions
[165.611s][info][gc,marking  ] GC(339) Concurrent Scan Root Regions 1.702ms
[165.611s][info][gc,marking  ] GC(339) Concurrent Mark
[165.611s][info][gc,marking  ] GC(339) Concurrent Mark From Roots
[165.611s][info][gc,task     ] GC(339) Using 1 workers of 1 for marking
[165.671s][info][gc,marking  ] GC(339) Concurrent Mark From Roots 60.195ms
[165.671s][info][gc,marking  ] GC(339) Concurrent Preclean
[165.671s][info][gc,marking  ] GC(339) Concurrent Preclean 0.033ms
[165.671s][info][gc,start    ] GC(339) Pause Remark
[165.693s][info][gc          ] GC(339) Pause Remark 72M->72M(256M) 21.323ms
[165.693s][info][gc,cpu      ] GC(339) User=0.03s Sys=0.00s Real=0.03s
[165.693s][info][gc,marking  ] GC(339) Concurrent Mark 81.957ms
[165.693s][info][gc,marking  ] GC(339) Concurrent Rebuild Remembered Sets and Scrub Regions
[165.729s][info][gc,marking  ] GC(339) Concurrent Rebuild Remembered Sets and Scrub Regions 36.083ms
[165.729s][info][gc,start    ] GC(339) Pause Cleanup
[165.729s][info][gc          ] GC(339) Pause Cleanup 76M->76M(256M) 0.042ms
[165.729s][info][gc,cpu      ] GC(339) User=0.00s Sys=0.00s Real=0.00s
[165.729s][info][gc,marking  ] GC(339) Concurrent Clear Claimed Marks
[165.729s][info][gc,marking  ] GC(339) Concurrent Clear Claimed Marks 0.032ms
[165.729s][info][gc,marking  ] GC(339) Concurrent Cleanup for Next Mark
[165.730s][info][gc,marking  ] GC(339) Concurrent Cleanup for Next Mark 0.782ms
[165.730s][info][gc          ] GC(339) Concurrent Mark Cycle 120.839ms
[166.039s][info][gc,start    ] GC(340) Pause Young (Prepare Mixed) (G1 Evacuation Pause)
[166.039s][info][gc,task     ] GC(340) Using 2 workers of 2 for evacuation
[166.072s][info][gc,phases   ] GC(340)   Pre Evacuate Collection Set: 0.17ms
[166.072s][info][gc,phases   ] GC(340)   Merge Heap Roots: 0.05ms
[166.072s][info][gc,phases   ] GC(340)   Evacuate Collection Set: 31.38ms
[166.072s][info][gc,phases   ] GC(340)   Post Evacuate Collection Set: 0.47ms
[166.072s][info][gc,phases   ] GC(340)   Other: 0.08ms
[166.072s][info][gc,heap     ] GC(340) Eden regions: 151->0(119)
[166.072s][info][gc,heap     ] GC(340) Survivor regions: 2->20(20)
[166.072s][info][gc,heap     ] GC(340) Old regions: 50->66
[166.072s][info][gc,heap     ] GC(340) Humongous regions: 5->3
[166.072s][info][gc,metaspace] GC(340) Metaspace: 41782K(42176K)->41782K(42176K) NonClass: 38967K(39232K)->38967K(39232K) Class: 2814K(2944K)->2814K(2944K)
[166.072s][info][gc          ] GC(340) Pause Young (Prepare Mixed) (G1 Evacuation Pause) 207M->89M(256M) 32.341ms
[166.072s][info][gc,cpu      ] GC(340) User=0.06s Sys=0.00s Real=0.04s
[166.554s][info][gc,start    ] GC(341) Pause Young (Mixed) (G1 Evacuation Pause)
[166.554s][info][gc,task     ] GC(341) Using 2 workers of 2 for evacuation
[166.619s][info][gc,phases   ] GC(341)   Pre Evacuate Collection Set: 0.18ms
[166.619s][info][gc,phases   ] GC(341)   Merge Heap Roots: 0.32ms
[166.619s][info][gc,phases   ] GC(341)   Evacuate Collection Set: 63.51ms
[166.619s][info][gc,phases   ] GC(341)   Post Evacuate Collection Set: 0.61ms
[166.619s][info][gc,phases   ] GC(341)   Other: 0.10ms
[166.619s][info][gc,heap     ] GC(341) Eden regions: 119->0(95)
[166.619s][info][gc,heap     ] GC(341) Survivor regions: 20->18(18)
[166.619s][info][gc,heap     ] GC(341) Old regions: 66->94
[166.619s][info][gc,heap     ] GC(341) Humongous regions: 3->3
[166.619s][info][gc,metaspace] GC(341) Metaspace: 41782K(42176K)->41782K(42176K) NonClass: 38967K(39232K)->38967K(39232K) Class: 2814K(2944K)->2814K(2944K)
[166.619s][info][gc          ] GC(341) Pause Young (Mixed) (G1 Evacuation Pause) 208M->115M(258M) 64.927ms
[166.619s][info][gc,cpu      ] GC(341) User=0.13s Sys=0.00s Real=0.06s
[167.057s][info][gc,start    ] GC(342) Pause Young (Concurrent Start) (G1 Evacuation Pause)
[167.057s][info][gc,task     ] GC(342) Using 2 workers of 2 for evacuation
[167.111s][info][gc,phases   ] GC(342)   Pre Evacuate Collection Set: 0.18ms
[167.111s][info][gc,phases   ] GC(342)   Merge Heap Roots: 0.25ms
[167.111s][info][gc,phases   ] GC(342)   Evacuate Collection Set: 52.51ms
[167.111s][info][gc,phases   ] GC(342)   Post Evacuate Collection Set: 0.38ms
[167.111s][info][gc,phases   ] GC(342)   Other: 0.11ms
[167.111s][info][gc,heap     ] GC(342) Eden regions: 95->0(73)
[167.111s][info][gc,heap     ] GC(342) Survivor regions: 18->15(15)
[167.111s][info][gc,heap     ] GC(342) Old regions: 94->124
[167.111s][info][gc,heap     ] GC(342) Humongous regions: 3->3
[167.111s][info][gc,metaspace] GC(342) Metaspace: 41782K(42176K)->41782K(42176K) NonClass: 38967K(39232K)->38967K(39232K) Class: 2814K(2944K)->2814K(2944K)
[167.111s][info][gc          ] GC(342) Pause Young (Concurrent Start) (G1 Evacuation Pause) 210M->141M(258M) 53.622ms
[167.111s][info][gc,cpu      ] GC(342) User=0.10s Sys=0.00s Real=0.05s
[167.111s][info][gc          ] GC(343) Concurrent Mark Cycle
[167.112s][info][gc,marking  ] GC(343) Concurrent Scan Root Regions
[167.169s][info][gc,marking  ] GC(343) Concurrent Scan Root Regions 57.450ms
[167.169s][info][gc,marking  ] GC(343) Concurrent Mark
[167.169s][info][gc,marking  ] GC(343) Concurrent Mark From Roots
[167.169s][info][gc,task     ] GC(343) Using 1 workers of 1 for marking
[167.348s][info][gc,marking  ] GC(343) Concurrent Mark From Roots 178.913ms
[167.348s][info][gc,marking  ] GC(343) Concurrent Preclean
[167.348s][info][gc,marking  ] GC(343) Concurrent Preclean 0.055ms
[167.348s][info][gc,start    ] GC(343) Pause Remark
[167.362s][info][gc          ] GC(343) Pause Remark 180M->180M(258M) 13.198ms
[167.362s][info][gc,cpu      ] GC(343) User=0.03s Sys=0.00s Real=0.01s
[167.362s][info][gc,marking  ] GC(343) Concurrent Mark 192.472ms
[167.362s][info][gc,marking  ] GC(343) Concurrent Rebuild Remembered Sets and Scrub Regions
[167.434s][info][gc,marking  ] GC(343) Concurrent Rebuild Remembered Sets and Scrub Regions 71.954ms
[167.434s][info][gc,start    ] GC(343) Pause Cleanup
[167.434s][info][gc          ] GC(343) Pause Cleanup 191M->191M(258M) 0.046ms
[167.434s][info][gc,cpu      ] GC(343) User=0.00s Sys=0.00s Real=0.00s
[167.434s][info][gc,marking  ] GC(343) Concurrent Clear Claimed Marks
[167.434s][info][gc,marking  ] GC(343) Concurrent Clear Claimed Marks 0.034ms
[167.434s][info][gc,marking  ] GC(343) Concurrent Cleanup for Next Mark
[167.435s][info][gc,marking  ] GC(343) Concurrent Cleanup for Next Mark 0.800ms
[167.435s][info][gc          ] GC(343) Concurrent Mark Cycle 324.137ms
[167.552s][info][gc,start    ] GC(344) Pause Young (Prepare Mixed) (G1 Evacuation Pause)
[167.552s][info][gc,task     ] GC(344) Using 2 workers of 2 for evacuation
[167.593s][info][gc,phases   ] GC(344)   Pre Evacuate Collection Set: 0.14ms
[167.593s][info][gc,phases   ] GC(344)   Merge Heap Roots: 0.31ms
[167.593s][info][gc,phases   ] GC(344)   Evacuate Collection Set: 39.45ms
[167.593s][info][gc,phases   ] GC(344)   Post Evacuate Collection Set: 0.34ms
[167.593s][info][gc,phases   ] GC(344)   Other: 0.06ms
[167.593s][info][gc,heap     ] GC(344) Eden regions: 73->0(58)
[167.593s][info][gc,heap     ] GC(344) Survivor regions: 15->11(11)
[167.593s][info][gc,heap     ] GC(344) Old regions: 124->148
[167.593s][info][gc,heap     ] GC(344) Humongous regions: 3->3
[167.593s][info][gc,metaspace] GC(344) Metaspace: 41782K(42176K)->41782K(42176K) NonClass: 38967K(39232K)->38967K(39232K) Class: 2814K(2944K)->2814K(2944K)
[167.593s][info][gc          ] GC(344) Pause Young (Prepare Mixed) (G1 Evacuation Pause) 214M->161M(258M) 40.487ms
[167.593s][info][gc,cpu      ] GC(344) User=0.08s Sys=0.00s Real=0.04s
[167.868s][info][gc,start    ] GC(345) Pause Young (Mixed) (G1 Evacuation Pause)
[167.868s][info][gc,task     ] GC(345) Using 2 workers of 2 for evacuation
[167.911s][info][gc,phases   ] GC(345)   Pre Evacuate Collection Set: 0.17ms
[167.911s][info][gc,phases   ] GC(345)   Merge Heap Roots: 0.34ms
[167.911s][info][gc,phases   ] GC(345)   Evacuate Collection Set: 41.40ms
[167.911s][info][gc,phases   ] GC(345)   Post Evacuate Collection Set: 1.49ms
[167.911s][info][gc,phases   ] GC(345)   Other: 0.08ms
[167.911s][info][gc,heap     ] GC(345) Eden regions: 58->0(147)
[167.911s][info][gc,heap     ] GC(345) Survivor regions: 11->9(9)
[167.911s][info][gc,heap     ] GC(345) Old regions: 148->159
[167.911s][info][gc,heap     ] GC(345) Humongous regions: 3->3
[167.911s][info][gc,metaspace] GC(345) Metaspace: 41782K(42176K)->41782K(42176K) NonClass: 38968K(39232K)->38968K(39232K) Class: 2814K(2944K)->2814K(2944K)
[167.911s][info][gc          ] GC(345) Pause Young (Mixed) (G1 Evacuation Pause) 219M->171M(402M) 43.663ms
[167.911s][info][gc,cpu      ] GC(345) User=0.08s Sys=0.00s Real=0.04s
[168.559s][info][gc,start    ] GC(346) Pause Young (Normal) (G1 Evacuation Pause)
[168.559s][info][gc,task     ] GC(346) Using 2 workers of 2 for evacuation
[168.579s][info][gc,phases   ] GC(346)   Pre Evacuate Collection Set: 0.19ms
[168.579s][info][gc,phases   ] GC(346)   Merge Heap Roots: 0.13ms
[168.579s][info][gc,phases   ] GC(346)   Evacuate Collection Set: 18.86ms
[168.579s][info][gc,phases   ] GC(346)   Post Evacuate Collection Set: 0.46ms
[168.579s][info][gc,phases   ] GC(346)   Other: 0.09ms
[168.579s][info][gc,heap     ] GC(346) Eden regions: 147->0(154)
[168.579s][info][gc,heap     ] GC(346) Survivor regions: 9->14(20)
[168.579s][info][gc,heap     ] GC(346) Old regions: 159->159
[168.579s][info][gc,heap     ] GC(346) Humongous regions: 9->3
[168.579s][info][gc,metaspace] GC(346) Metaspace: 41782K(42176K)->41782K(42176K) NonClass: 38968K(39232K)->38968K(39232K) Class: 2814K(2944K)->2814K(2944K)
[168.579s][info][gc          ] GC(346) Pause Young (Normal) (G1 Evacuation Pause) 324M->176M(402M) 19.903ms
[168.579s][info][gc,cpu      ] GC(346) User=0.03s Sys=0.01s Real=0.02s
[168.840s][info][gc,start    ] GC(347) Pause Young (Concurrent Start) (G1 Humongous Allocation)
[168.840s][info][gc,task     ] GC(347) Using 2 workers of 2 for evacuation
[168.853s][info][gc,phases   ] GC(347)   Pre Evacuate Collection Set: 0.22ms
[168.853s][info][gc,phases   ] GC(347)   Merge Heap Roots: 0.12ms
[168.853s][info][gc,phases   ] GC(347)   Evacuate Collection Set: 11.97ms
[168.853s][info][gc,phases   ] GC(347)   Post Evacuate Collection Set: 0.35ms
[168.853s][info][gc,phases   ] GC(347)   Other: 0.08ms
[168.853s][info][gc,heap     ] GC(347) Eden regions: 75->0(169)
[168.853s][info][gc,heap     ] GC(347) Survivor regions: 14->2(21)
[168.853s][info][gc,heap     ] GC(347) Old regions: 159->169
[168.853s][info][gc,heap     ] GC(347) Humongous regions: 3->1
[168.853s][info][gc,metaspace] GC(347) Metaspace: 41783K(42176K)->41783K(42176K) NonClass: 38968K(39232K)->38968K(39232K) Class: 2814K(2944K)->2814K(2944K)
[168.853s][info][gc          ] GC(347) Pause Young (Concurrent Start) (G1 Humongous Allocation) 250M->171M(402M) 12.921ms
[168.853s][info][gc,cpu      ] GC(347) User=0.03s Sys=0.00s Real=0.02s
[168.853s][info][gc          ] GC(348) Concurrent Mark Cycle
[168.853s][info][gc,marking  ] GC(348) Concurrent Scan Root Regions
[168.863s][info][gc,marking  ] GC(348) Concurrent Scan Root Regions 9.956ms
[168.863s][info][gc,marking  ] GC(348) Concurrent Mark
[168.863s][info][gc,marking  ] GC(348) Concurrent Mark From Roots
[168.863s][info][gc,task     ] GC(348) Using 1 workers of 1 for marking
[168.976s][info][gc,marking  ] GC(348) Concurrent Mark From Roots 112.825ms
[168.976s][info][gc,marking  ] GC(348) Concurrent Preclean
[168.976s][info][gc,marking  ] GC(348) Concurrent Preclean 0.035ms
[168.976s][info][gc,start    ] GC(348) Pause Remark
[168.990s][info][gc          ] GC(348) Pause Remark 178M->178M(402M) 13.725ms
[168.990s][info][gc,cpu      ] GC(348) User=0.02s Sys=0.00s Real=0.01s
[168.990s][info][gc,marking  ] GC(348) Concurrent Mark 126.852ms
[168.990s][info][gc,marking  ] GC(348) Concurrent Rebuild Remembered Sets and Scrub Regions
[169.053s][info][gc,marking  ] GC(348) Concurrent Rebuild Remembered Sets and Scrub Regions 63.561ms
[169.053s][info][gc,start    ] GC(348) Pause Cleanup
[169.053s][info][gc          ] GC(348) Pause Cleanup 185M->185M(402M) 0.083ms
[169.053s][info][gc,cpu      ] GC(348) User=0.00s Sys=0.00s Real=0.00s
[169.053s][info][gc,marking  ] GC(348) Concurrent Clear Claimed Marks
[169.053s][info][gc,marking  ] GC(348) Concurrent Clear Claimed Marks 0.033ms
[169.053s][info][gc,marking  ] GC(348) Concurrent Cleanup for Next Mark
[169.056s][info][gc,marking  ] GC(348) Concurrent Cleanup for Next Mark 2.526ms
[169.056s][info][gc          ] GC(348) Concurrent Mark Cycle 203.200ms
[169.599s][info][gc,start    ] GC(349) Pause Young (Prepare Mixed) (G1 Evacuation Pause)
[169.599s][info][gc,task     ] GC(349) Using 2 workers of 2 for evacuation
[169.625s][info][gc,phases   ] GC(349)   Pre Evacuate Collection Set: 0.25ms
[169.625s][info][gc,phases   ] GC(349)   Merge Heap Roots: 0.13ms
[169.625s][info][gc,phases   ] GC(349)   Evacuate Collection Set: 24.82ms
[169.625s][info][gc,phases   ] GC(349)   Post Evacuate Collection Set: 0.47ms
[169.625s][info][gc,phases   ] GC(349)   Other: 0.08ms
[169.625s][info][gc,heap     ] GC(349) Eden regions: 169->0(123)
[169.625s][info][gc,heap     ] GC(349) Survivor regions: 2->22(22)
[169.625s][info][gc,heap     ] GC(349) Old regions: 169->184
[169.625s][info][gc,heap     ] GC(349) Humongous regions: 10->4
[169.625s][info][gc,metaspace] GC(349) Metaspace: 41789K(42176K)->41789K(42176K) NonClass: 38974K(39232K)->38974K(39232K) Class: 2814K(2944K)->2814K(2944K)
[169.625s][info][gc          ] GC(349) Pause Young (Prepare Mixed) (G1 Evacuation Pause) 349M->209M(402M) 25.943ms
[169.625s][info][gc,cpu      ] GC(349) User=0.05s Sys=0.00s Real=0.03s
[170.022s][info][gc,start    ] GC(350) Pause Young (Mixed) (G1 Evacuation Pause)
[170.022s][info][gc,task     ] GC(350) Using 2 workers of 2 for evacuation
[170.065s][info][gc,phases   ] GC(350)   Pre Evacuate Collection Set: 0.22ms
[170.065s][info][gc,phases   ] GC(350)   Merge Heap Roots: 0.24ms
[170.065s][info][gc,phases   ] GC(350)   Evacuate Collection Set: 41.68ms
[170.065s][info][gc,phases   ] GC(350)   Post Evacuate Collection Set: 0.46ms
[170.065s][info][gc,phases   ] GC(350)   Other: 0.08ms
[170.065s][info][gc,heap     ] GC(350) Eden regions: 123->0(117)
[170.065s][info][gc,heap     ] GC(350) Survivor regions: 22->19(19)
[170.065s][info][gc,heap     ] GC(350) Old regions: 184->184
[170.065s][info][gc,heap     ] GC(350) Humongous regions: 5->4
[170.065s][info][gc,metaspace] GC(350) Metaspace: 41789K(42176K)->41789K(42176K) NonClass: 38974K(39232K)->38974K(39232K) Class: 2814K(2944K)->2814K(2944K)
[170.065s][info][gc          ] GC(350) Pause Young (Mixed) (G1 Evacuation Pause) 333M->206M(402M) 42.891ms
[170.065s][info][gc,cpu      ] GC(350) User=0.09s Sys=0.00s Real=0.04s
[170.416s][info][gc,start    ] GC(351) Pause Young (Mixed) (G1 Evacuation Pause)
[170.416s][info][gc,task     ] GC(351) Using 2 workers of 2 for evacuation
[170.461s][info][gc,phases   ] GC(351)   Pre Evacuate Collection Set: 0.23ms
[170.461s][info][gc,phases   ] GC(351)   Merge Heap Roots: 0.50ms
[170.461s][info][gc,phases   ] GC(351)   Evacuate Collection Set: 44.45ms
[170.461s][info][gc,phases   ] GC(351)   Post Evacuate Collection Set: 0.50ms
[170.461s][info][gc,phases   ] GC(351)   Other: 0.08ms
[170.461s][info][gc,heap     ] GC(351) Eden regions: 117->0(124)
[170.461s][info][gc,heap     ] GC(351) Survivor regions: 19->17(17)
[170.461s][info][gc,heap     ] GC(351) Old regions: 184->172
[170.461s][info][gc,heap     ] GC(351) Humongous regions: 4->4
[170.461s][info][gc,metaspace] GC(351) Metaspace: 41789K(42176K)->41789K(42176K) NonClass: 38974K(39232K)->38974K(39232K) Class: 2814K(2944K)->2814K(2944K)
[170.461s][info][gc          ] GC(351) Pause Young (Mixed) (G1 Evacuation Pause) 323M->192M(402M) 45.947ms
[170.462s][info][gc,cpu      ] GC(351) User=0.09s Sys=0.00s Real=0.04s
[170.518s][info][gc,start    ] GC(352) Pause Young (Concurrent Start) (G1 Humongous Allocation)
[170.518s][info][gc,task     ] GC(352) Using 2 workers of 2 for evacuation
[170.535s][info][gc,phases   ] GC(352)   Pre Evacuate Collection Set: 0.20ms
[170.535s][info][gc,phases   ] GC(352)   Merge Heap Roots: 0.10ms
[170.535s][info][gc,phases   ] GC(352)   Evacuate Collection Set: 16.22ms
[170.535s][info][gc,phases   ] GC(352)   Post Evacuate Collection Set: 0.30ms
[170.535s][info][gc,phases   ] GC(352)   Other: 0.17ms
[170.535s][info][gc,heap     ] GC(352) Eden regions: 18->0(96)
[170.535s][info][gc,heap     ] GC(352) Survivor regions: 17->9(18)
[170.535s][info][gc,heap     ] GC(352) Old regions: 172->188
[170.535s][info][gc,heap     ] GC(352) Humongous regions: 4->4
[170.535s][info][gc,metaspace] GC(352) Metaspace: 41789K(42176K)->41789K(42176K) NonClass: 38974K(39232K)->38974K(39232K) Class: 2814K(2944K)->2814K(2944K)
[170.535s][info][gc          ] GC(352) Pause Young (Concurrent Start) (G1 Humongous Allocation) 209M->200M(402M) 17.214ms
[170.535s][info][gc,cpu      ] GC(352) User=0.03s Sys=0.00s Real=0.02s
[170.535s][info][gc          ] GC(353) Concurrent Mark Cycle
[170.535s][info][gc,marking  ] GC(353) Concurrent Scan Root Regions
[170.556s][info][gc,marking  ] GC(353) Concurrent Scan Root Regions 21.197ms
[170.556s][info][gc,marking  ] GC(353) Concurrent Mark
[170.556s][info][gc,marking  ] GC(353) Concurrent Mark From Roots
[170.556s][info][gc,task     ] GC(353) Using 1 workers of 1 for marking
[170.653s][info][gc,marking  ] GC(353) Concurrent Mark From Roots 96.909ms
[170.653s][info][gc,marking  ] GC(353) Concurrent Preclean
[170.653s][info][gc,marking  ] GC(353) Concurrent Preclean 0.042ms
[170.653s][info][gc,start    ] GC(353) Pause Remark
[170.667s][info][gc          ] GC(353) Pause Remark 225M->197M(402M) 13.451ms
[170.667s][info][gc,cpu      ] GC(353) User=0.03s Sys=0.00s Real=0.01s
[170.667s][info][gc,marking  ] GC(353) Concurrent Mark 110.757ms
[170.667s][info][gc,marking  ] GC(353) Concurrent Rebuild Remembered Sets and Scrub Regions
[170.719s][info][gc,marking  ] GC(353) Concurrent Rebuild Remembered Sets and Scrub Regions 51.646ms
[170.719s][info][gc,start    ] GC(353) Pause Cleanup
[170.719s][info][gc          ] GC(353) Pause Cleanup 213M->213M(402M) 0.070ms
[170.719s][info][gc,cpu      ] GC(353) User=0.00s Sys=0.00s Real=0.00s
[170.719s][info][gc,marking  ] GC(353) Concurrent Clear Claimed Marks
[170.719s][info][gc,marking  ] GC(353) Concurrent Clear Claimed Marks 0.045ms
[170.719s][info][gc,marking  ] GC(353) Concurrent Cleanup for Next Mark
[170.720s][info][gc,marking  ] GC(353) Concurrent Cleanup for Next Mark 1.143ms
[170.720s][info][gc          ] GC(353) Concurrent Mark Cycle 185.093ms
[170.893s][info][gc,start    ] GC(354) Pause Young (Prepare Mixed) (G1 Evacuation Pause)
[170.893s][info][gc,task     ] GC(354) Using 2 workers of 2 for evacuation
[170.910s][info][gc,phases   ] GC(354)   Pre Evacuate Collection Set: 0.19ms
[170.910s][info][gc,phases   ] GC(354)   Merge Heap Roots: 0.19ms
[170.910s][info][gc,phases   ] GC(354)   Evacuate Collection Set: 16.24ms
[170.910s][info][gc,phases   ] GC(354)   Post Evacuate Collection Set: 0.37ms
[170.910s][info][gc,phases   ] GC(354)   Other: 0.07ms
[170.910s][info][gc,heap     ] GC(354) Eden regions: 96->0(110)
[170.910s][info][gc,heap     ] GC(354) Survivor regions: 9->12(14)
[170.910s][info][gc,heap     ] GC(354) Old regions: 161->170
[170.910s][info][gc,heap     ] GC(354) Humongous regions: 5->4
[170.910s][info][gc,metaspace] GC(354) Metaspace: 41793K(42176K)->41793K(42176K) NonClass: 38978K(39232K)->38978K(39232K) Class: 2814K(2944K)->2814K(2944K)
[170.910s][info][gc          ] GC(354) Pause Young (Prepare Mixed) (G1 Evacuation Pause) 270M->185M(402M) 17.259ms
[170.910s][info][gc,cpu      ] GC(354) User=0.04s Sys=0.00s Real=0.01s
[171.270s][info][gc,start    ] GC(355) Pause Young (Mixed) (G1 Evacuation Pause)
[171.270s][info][gc,task     ] GC(355) Using 2 workers of 2 for evacuation
[171.295s][info][gc,phases   ] GC(355)   Pre Evacuate Collection Set: 0.22ms
[171.295s][info][gc,phases   ] GC(355)   Merge Heap Roots: 0.16ms
[171.295s][info][gc,phases   ] GC(355)   Evacuate Collection Set: 23.18ms
[171.295s][info][gc,phases   ] GC(355)   Post Evacuate Collection Set: 0.97ms
[171.295s][info][gc,phases   ] GC(355)   Other: 0.08ms
[171.295s][info][gc,heap     ] GC(355) Eden regions: 110->0(157)
[171.295s][info][gc,heap     ] GC(355) Survivor regions: 12->16(16)
[171.295s][info][gc,heap     ] GC(355) Old regions: 170->147
[171.295s][info][gc,heap     ] GC(355) Humongous regions: 4->4
[171.295s][info][gc,metaspace] GC(355) Metaspace: 41794K(42176K)->41794K(42176K) NonClass: 38979K(39232K)->38979K(39232K) Class: 2814K(2944K)->2814K(2944K)
[171.295s][info][gc          ] GC(355) Pause Young (Mixed) (G1 Evacuation Pause) 295M->166M(472M) 24.813ms
[171.295s][info][gc,cpu      ] GC(355) User=0.05s Sys=0.00s Real=0.03s
[171.890s][info][gc,start    ] GC(356) Pause Young (Mixed) (G1 Evacuation Pause)
[171.890s][info][gc,task     ] GC(356) Using 2 workers of 2 for evacuation
[171.959s][info][gc,phases   ] GC(356)   Pre Evacuate Collection Set: 0.25ms
[171.959s][info][gc,phases   ] GC(356)   Merge Heap Roots: 0.32ms
[171.959s][info][gc,phases   ] GC(356)   Evacuate Collection Set: 67.38ms
[171.959s][info][gc,phases   ] GC(356)   Post Evacuate Collection Set: 0.83ms
[171.959s][info][gc,phases   ] GC(356)   Other: 0.07ms
[171.959s][info][gc,heap     ] GC(356) Eden regions: 157->0(125)
[171.959s][info][gc,heap     ] GC(356) Survivor regions: 16->22(22)
[171.959s][info][gc,heap     ] GC(356) Old regions: 147->185
[171.959s][info][gc,heap     ] GC(356) Humongous regions: 5->5
[171.959s][info][gc,metaspace] GC(356) Metaspace: 41794K(42176K)->41794K(42176K) NonClass: 38979K(39232K)->38979K(39232K) Class: 2814K(2944K)->2814K(2944K)
[171.959s][info][gc          ] GC(356) Pause Young (Mixed) (G1 Evacuation Pause) 324M->212M(472M) 69.092ms
[171.959s][info][gc,cpu      ] GC(356) User=0.13s Sys=0.00s Real=0.07s
[172.365s][info][gc,start    ] GC(357) Pause Young (Normal) (G1 Evacuation Pause)
[172.365s][info][gc,task     ] GC(357) Using 2 workers of 2 for evacuation
[172.409s][info][gc,phases   ] GC(357)   Pre Evacuate Collection Set: 0.24ms
[172.410s][info][gc,phases   ] GC(357)   Merge Heap Roots: 0.43ms
[172.410s][info][gc,phases   ] GC(357)   Evacuate Collection Set: 43.23ms
[172.410s][info][gc,phases   ] GC(357)   Post Evacuate Collection Set: 0.41ms
[172.410s][info][gc,phases   ] GC(357)   Other: 0.07ms
[172.410s][info][gc,heap     ] GC(357) Eden regions: 125->0(114)
[172.410s][info][gc,heap     ] GC(357) Survivor regions: 22->19(19)
[172.410s][info][gc,heap     ] GC(357) Old regions: 185->222
[172.410s][info][gc,heap     ] GC(357) Humongous regions: 5->5
[172.410s][info][gc,metaspace] GC(357) Metaspace: 41795K(42176K)->41795K(42176K) NonClass: 38980K(39232K)->38980K(39232K) Class: 2814K(2944K)->2814K(2944K)
[172.410s][info][gc          ] GC(357) Pause Young (Normal) (G1 Evacuation Pause) 337M->245M(472M) 44.570ms
[172.410s][info][gc,cpu      ] GC(357) User=0.08s Sys=0.01s Real=0.04s
[172.759s][info][gc,start    ] GC(358) Pause Young (Concurrent Start) (G1 Evacuation Pause)
[172.759s][info][gc,task     ] GC(358) Using 2 workers of 2 for evacuation
[172.806s][info][gc,phases   ] GC(358)   Pre Evacuate Collection Set: 0.24ms
[172.806s][info][gc,phases   ] GC(358)   Merge Heap Roots: 0.11ms
[172.806s][info][gc,phases   ] GC(358)   Evacuate Collection Set: 46.03ms
[172.806s][info][gc,phases   ] GC(358)   Post Evacuate Collection Set: 0.42ms
[172.806s][info][gc,phases   ] GC(358)   Other: 0.11ms
[172.806s][info][gc,heap     ] GC(358) Eden regions: 114->0(69)
[172.806s][info][gc,heap     ] GC(358) Survivor regions: 19->17(17)
[172.806s][info][gc,heap     ] GC(358) Old regions: 222->283
[172.806s][info][gc,heap     ] GC(358) Humongous regions: 5->5
[172.806s][info][gc,metaspace] GC(358) Metaspace: 41795K(42176K)->41795K(42176K) NonClass: 38980K(39232K)->38980K(39232K) Class: 2814K(2944K)->2814K(2944K)
[172.806s][info][gc          ] GC(358) Pause Young (Concurrent Start) (G1 Evacuation Pause) 359M->304M(472M) 47.117ms
[172.806s][info][gc          ] GC(359) Concurrent Mark Cycle
[172.806s][info][gc,marking  ] GC(359) Concurrent Scan Root Regions
[172.809s][info][gc,cpu      ] GC(358) User=0.10s Sys=0.00s Real=0.05s
[172.833s][info][gc,marking  ] GC(359) Concurrent Scan Root Regions 26.789ms
[172.833s][info][gc,marking  ] GC(359) Concurrent Mark
[172.833s][info][gc,marking  ] GC(359) Concurrent Mark From Roots
[172.833s][info][gc,task     ] GC(359) Using 1 workers of 1 for marking
[172.911s][info][gc,marking  ] GC(359) Concurrent Mark From Roots 77.522ms
[172.911s][info][gc,marking  ] GC(359) Concurrent Preclean
[172.911s][info][gc,marking  ] GC(359) Concurrent Preclean 0.040ms
[172.911s][info][gc,start    ] GC(359) Pause Remark
[172.925s][info][gc          ] GC(359) Pause Remark 331M->220M(472M) 13.808ms
[172.925s][info][gc,cpu      ] GC(359) User=0.03s Sys=0.00s Real=0.02s
[172.927s][info][gc,marking  ] GC(359) Concurrent Mark 93.489ms
[172.927s][info][gc,marking  ] GC(359) Concurrent Rebuild Remembered Sets and Scrub Regions
[172.991s][info][gc,marking  ] GC(359) Concurrent Rebuild Remembered Sets and Scrub Regions 63.705ms
[172.991s][info][gc,start    ] GC(359) Pause Cleanup
[172.991s][info][gc          ] GC(359) Pause Cleanup 237M->237M(472M) 0.064ms
[172.991s][info][gc,cpu      ] GC(359) User=0.00s Sys=0.00s Real=0.00s
[172.991s][info][gc,marking  ] GC(359) Concurrent Clear Claimed Marks
[172.991s][info][gc,marking  ] GC(359) Concurrent Clear Claimed Marks 0.035ms
[172.991s][info][gc,marking  ] GC(359) Concurrent Cleanup for Next Mark
[172.993s][info][gc,marking  ] GC(359) Concurrent Cleanup for Next Mark 2.213ms
[172.993s][info][gc          ] GC(359) Concurrent Mark Cycle 186.559ms
[173.094s][info][gc,start    ] GC(360) Pause Young (Prepare Mixed) (G1 Evacuation Pause)
[173.094s][info][gc,task     ] GC(360) Using 2 workers of 2 for evacuation
[173.133s][info][gc,phases   ] GC(360)   Pre Evacuate Collection Set: 0.21ms
[173.133s][info][gc,phases   ] GC(360)   Merge Heap Roots: 0.39ms
[173.133s][info][gc,phases   ] GC(360)   Evacuate Collection Set: 37.65ms
[173.133s][info][gc,phases   ] GC(360)   Post Evacuate Collection Set: 0.39ms
[173.133s][info][gc,phases   ] GC(360)   Other: 0.09ms
[173.133s][info][gc,heap     ] GC(360) Eden regions: 69->0(109)
[173.133s][info][gc,heap     ] GC(360) Survivor regions: 17->11(11)
[173.133s][info][gc,heap     ] GC(360) Old regions: 174->214
[173.133s][info][gc,heap     ] GC(360) Humongous regions: 4->4
[173.133s][info][gc,metaspace] GC(360) Metaspace: 41795K(42176K)->41795K(42176K) NonClass: 38980K(39232K)->38980K(39232K) Class: 2814K(2944K)->2814K(2944K)
[173.133s][info][gc          ] GC(360) Pause Young (Prepare Mixed) (G1 Evacuation Pause) 263M->229M(472M) 38.917ms
[173.133s][info][gc,cpu      ] GC(360) User=0.08s Sys=0.00s Real=0.04s
[173.502s][info][gc,start    ] GC(361) Pause Young (Mixed) (G1 Evacuation Pause)
[173.502s][info][gc,task     ] GC(361) Using 2 workers of 2 for evacuation
[173.552s][info][gc,phases   ] GC(361)   Pre Evacuate Collection Set: 0.25ms
[173.552s][info][gc,phases   ] GC(361)   Merge Heap Roots: 0.23ms
[173.552s][info][gc,phases   ] GC(361)   Evacuate Collection Set: 49.37ms
[173.552s][info][gc,phases   ] GC(361)   Post Evacuate Collection Set: 0.51ms
[173.552s][info][gc,phases   ] GC(361)   Other: 0.07ms
[173.552s][info][gc,heap     ] GC(361) Eden regions: 109->0(93)
[173.552s][info][gc,heap     ] GC(361) Survivor regions: 11->15(15)
[173.552s][info][gc,heap     ] GC(361) Old regions: 214->234
[173.552s][info][gc,heap     ] GC(361) Humongous regions: 5->5
[173.552s][info][gc,metaspace] GC(361) Metaspace: 41795K(42176K)->41795K(42176K) NonClass: 38980K(39232K)->38980K(39232K) Class: 2814K(2944K)->2814K(2944K)
[173.552s][info][gc          ] GC(361) Pause Young (Mixed) (G1 Evacuation Pause) 339M->253M(472M) 50.640ms
[173.552s][info][gc,cpu      ] GC(361) User=0.10s Sys=0.00s Real=0.06s
[173.857s][info][gc,start    ] GC(362) Pause Young (Concurrent Start) (G1 Evacuation Pause)
[173.857s][info][gc,task     ] GC(362) Using 2 workers of 2 for evacuation
[173.913s][info][gc,phases   ] GC(362)   Pre Evacuate Collection Set: 0.24ms
[173.913s][info][gc,phases   ] GC(362)   Merge Heap Roots: 0.26ms
[173.913s][info][gc,phases   ] GC(362)   Evacuate Collection Set: 54.86ms
[173.913s][info][gc,phases   ] GC(362)   Post Evacuate Collection Set: 1.20ms
[173.913s][info][gc,phases   ] GC(362)   Other: 0.17ms
[173.914s][info][gc,heap     ] GC(362) Eden regions: 93->0(105)
[173.914s][info][gc,heap     ] GC(362) Survivor regions: 15->14(14)
[173.914s][info][gc,heap     ] GC(362) Old regions: 234->299
[173.914s][info][gc,heap     ] GC(362) Humongous regions: 5->5
[173.914s][info][gc,metaspace] GC(362) Metaspace: 41795K(42176K)->41795K(42176K) NonClass: 38980K(39232K)->38980K(39232K) Class: 2814K(2944K)->2814K(2944K)
[173.914s][info][gc          ] GC(362) Pause Young (Concurrent Start) (G1 Evacuation Pause) 346M->318M(570M) 56.955ms
[173.914s][info][gc,cpu      ] GC(362) User=0.11s Sys=0.00s Real=0.06s
[173.914s][info][gc          ] GC(363) Concurrent Mark Cycle
[173.914s][info][gc,marking  ] GC(363) Concurrent Scan Root Regions
[173.945s][info][gc,marking  ] GC(363) Concurrent Scan Root Regions 30.922ms
[173.945s][info][gc,marking  ] GC(363) Concurrent Mark
[173.945s][info][gc,marking  ] GC(363) Concurrent Mark From Roots
[173.945s][info][gc,task     ] GC(363) Using 1 workers of 1 for marking
[174.104s][info][gc,marking  ] GC(363) Concurrent Mark From Roots 159.374ms
[174.104s][info][gc,marking  ] GC(363) Concurrent Preclean
[174.104s][info][gc,marking  ] GC(363) Concurrent Preclean 0.040ms
[174.104s][info][gc,start    ] GC(363) Pause Remark
[174.118s][info][gc          ] GC(363) Pause Remark 357M->352M(570M) 13.386ms
[174.118s][info][gc,cpu      ] GC(363) User=0.03s Sys=0.00s Real=0.01s
[174.118s][info][gc,marking  ] GC(363) Concurrent Mark 172.997ms
[174.118s][info][gc,marking  ] GC(363) Concurrent Rebuild Remembered Sets and Scrub Regions
[174.224s][info][gc,marking  ] GC(363) Concurrent Rebuild Remembered Sets and Scrub Regions 106.517ms
[174.224s][info][gc,start    ] GC(363) Pause Cleanup
[174.224s][info][gc          ] GC(363) Pause Cleanup 372M->372M(570M) 0.086ms
[174.224s][info][gc,cpu      ] GC(363) User=0.00s Sys=0.00s Real=0.00s
[174.224s][info][gc,marking  ] GC(363) Concurrent Clear Claimed Marks
[174.225s][info][gc,marking  ] GC(363) Concurrent Clear Claimed Marks 0.038ms
[174.225s][info][gc,marking  ] GC(363) Concurrent Cleanup for Next Mark
[174.227s][info][gc,marking  ] GC(363) Concurrent Cleanup for Next Mark 2.608ms
[174.227s][info][gc          ] GC(363) Concurrent Mark Cycle 313.534ms
[174.413s][info][gc,start    ] GC(364) Pause Young (Prepare Mixed) (G1 Evacuation Pause)
[174.413s][info][gc,task     ] GC(364) Using 2 workers of 2 for evacuation
[174.465s][info][gc,phases   ] GC(364)   Pre Evacuate Collection Set: 0.27ms
[174.465s][info][gc,phases   ] GC(364)   Merge Heap Roots: 0.48ms
[174.465s][info][gc,phases   ] GC(364)   Evacuate Collection Set: 50.88ms
[174.465s][info][gc,phases   ] GC(364)   Post Evacuate Collection Set: 0.45ms
[174.465s][info][gc,phases   ] GC(364)   Other: 0.09ms
[174.465s][info][gc,heap     ] GC(364) Eden regions: 105->0(85)
[174.465s][info][gc,heap     ] GC(364) Survivor regions: 14->15(15)
[174.465s][info][gc,heap     ] GC(364) Old regions: 294->344
[174.465s][info][gc,heap     ] GC(364) Humongous regions: 6->6
[174.465s][info][gc,metaspace] GC(364) Metaspace: 41795K(42176K)->41795K(42176K) NonClass: 38980K(39232K)->38980K(39232K) Class: 2814K(2944K)->2814K(2944K)
[174.465s][info][gc          ] GC(364) Pause Young (Prepare Mixed) (G1 Evacuation Pause) 419M->365M(570M) 52.378ms
[174.465s][info][gc,cpu      ] GC(364) User=0.10s Sys=0.00s Real=0.05s
[174.751s][info][gc,start    ] GC(365) Pause Young (Mixed) (G1 Evacuation Pause)
[174.751s][info][gc,task     ] GC(365) Using 2 workers of 2 for evacuation
[174.783s][info][gc,phases   ] GC(365)   Pre Evacuate Collection Set: 0.28ms
[174.783s][info][gc,phases   ] GC(365)   Merge Heap Roots: 0.35ms
[174.783s][info][gc,phases   ] GC(365)   Evacuate Collection Set: 30.77ms
[174.783s][info][gc,phases   ] GC(365)   Post Evacuate Collection Set: 0.44ms
[174.783s][info][gc,phases   ] GC(365)   Other: 0.07ms
[174.783s][info][gc,heap     ] GC(365) Eden regions: 85->0(108)
[174.783s][info][gc,heap     ] GC(365) Survivor regions: 15->13(13)
[174.783s][info][gc,heap     ] GC(365) Old regions: 344->311
[174.783s][info][gc,heap     ] GC(365) Humongous regions: 7->6
[174.783s][info][gc,metaspace] GC(365) Metaspace: 41795K(42176K)->41795K(42176K) NonClass: 38980K(39232K)->38980K(39232K) Class: 2814K(2944K)->2814K(2944K)
[174.783s][info][gc          ] GC(365) Pause Young (Mixed) (G1 Evacuation Pause) 451M->329M(570M) 32.126ms
[174.783s][info][gc,cpu      ] GC(365) User=0.07s Sys=0.00s Real=0.04s
[175.130s][info][gc,start    ] GC(366) Pause Young (Mixed) (G1 Evacuation Pause)
[175.130s][info][gc,task     ] GC(366) Using 2 workers of 2 for evacuation
[175.149s][info][gc,phases   ] GC(366)   Pre Evacuate Collection Set: 0.27ms
[175.149s][info][gc,phases   ] GC(366)   Merge Heap Roots: 0.35ms
[175.149s][info][gc,phases   ] GC(366)   Evacuate Collection Set: 18.31ms
[175.149s][info][gc,phases   ] GC(366)   Post Evacuate Collection Set: 0.40ms
[175.149s][info][gc,phases   ] GC(366)   Other: 0.07ms
[175.149s][info][gc,heap     ] GC(366) Eden regions: 108->0(122)
[175.149s][info][gc,heap     ] GC(366) Survivor regions: 13->4(16)
[175.149s][info][gc,heap     ] GC(366) Old regions: 311->311
[175.149s][info][gc,heap     ] GC(366) Humongous regions: 6->6
[175.149s][info][gc,metaspace] GC(366) Metaspace: 41797K(42176K)->41797K(42176K) NonClass: 38982K(39232K)->38982K(39232K) Class: 2814K(2944K)->2814K(2944K)
[175.149s][info][gc          ] GC(366) Pause Young (Mixed) (G1 Evacuation Pause) 437M->320M(570M) 19.580ms
[175.149s][info][gc,cpu      ] GC(366) User=0.04s Sys=0.00s Real=0.02s
[175.551s][info][gc,start    ] GC(367) Pause Young (Concurrent Start) (G1 Humongous Allocation)
[175.551s][info][gc,task     ] GC(367) Using 2 workers of 2 for evacuation
[175.573s][info][gc,phases   ] GC(367)   Pre Evacuate Collection Set: 0.28ms
[175.573s][info][gc,phases   ] GC(367)   Merge Heap Roots: 0.07ms
[175.573s][info][gc,phases   ] GC(367)   Evacuate Collection Set: 21.48ms
[175.573s][info][gc,phases   ] GC(367)   Post Evacuate Collection Set: 0.44ms
[175.573s][info][gc,phases   ] GC(367)   Other: 0.09ms
[175.573s][info][gc,heap     ] GC(367) Eden regions: 119->0(109)
[175.573s][info][gc,heap     ] GC(367) Survivor regions: 4->16(16)
[175.573s][info][gc,heap     ] GC(367) Old regions: 311->330
[175.573s][info][gc,heap     ] GC(367) Humongous regions: 6->6
[175.573s][info][gc,metaspace] GC(367) Metaspace: 41797K(42176K)->41797K(42176K) NonClass: 38982K(39232K)->38982K(39232K) Class: 2814K(2944K)->2814K(2944K)
[175.573s][info][gc          ] GC(367) Pause Young (Concurrent Start) (G1 Humongous Allocation) 438M->352M(570M) 22.551ms
[175.573s][info][gc,cpu      ] GC(367) User=0.04s Sys=0.00s Real=0.03s
[175.573s][info][gc          ] GC(368) Concurrent Mark Cycle
[175.573s][info][gc,marking  ] GC(368) Concurrent Scan Root Regions
[175.587s][info][gc,marking  ] GC(368) Concurrent Scan Root Regions 14.230ms
[175.588s][info][gc,marking  ] GC(368) Concurrent Mark
[175.588s][info][gc,marking  ] GC(368) Concurrent Mark From Roots
[175.588s][info][gc,task     ] GC(368) Using 1 workers of 1 for marking
[175.668s][info][gc,marking  ] GC(368) Concurrent Mark From Roots 80.030ms
[175.668s][info][gc,marking  ] GC(368) Concurrent Preclean
[175.668s][info][gc,marking  ] GC(368) Concurrent Preclean 0.041ms
[175.668s][info][gc,start    ] GC(368) Pause Remark
[175.681s][info][gc          ] GC(368) Pause Remark 374M->206M(570M) 13.351ms
[175.681s][info][gc,cpu      ] GC(368) User=0.03s Sys=0.00s Real=0.01s
[175.681s][info][gc,marking  ] GC(368) Concurrent Mark 93.739ms
[175.681s][info][gc,marking  ] GC(368) Concurrent Rebuild Remembered Sets and Scrub Regions
[175.730s][info][gc,marking  ] GC(368) Concurrent Rebuild Remembered Sets and Scrub Regions 48.323ms
[175.730s][info][gc,start    ] GC(368) Pause Cleanup
[175.730s][info][gc          ] GC(368) Pause Cleanup 220M->220M(570M) 0.090ms
[175.730s][info][gc,cpu      ] GC(368) User=0.00s Sys=0.00s Real=0.00s
[175.730s][info][gc,marking  ] GC(368) Concurrent Clear Claimed Marks
[175.730s][info][gc,marking  ] GC(368) Concurrent Clear Claimed Marks 0.036ms
[175.730s][info][gc,marking  ] GC(368) Concurrent Cleanup for Next Mark
[175.732s][info][gc,marking  ] GC(368) Concurrent Cleanup for Next Mark 1.645ms
[175.732s][info][gc          ] GC(368) Concurrent Mark Cycle 158.358ms
[175.972s][info][gc,start    ] GC(369) Pause Young (Prepare Mixed) (G1 Evacuation Pause)
[175.973s][info][gc,task     ] GC(369) Using 2 workers of 2 for evacuation
[175.999s][info][gc,phases   ] GC(369)   Pre Evacuate Collection Set: 0.25ms
[175.999s][info][gc,phases   ] GC(369)   Merge Heap Roots: 0.26ms
[175.999s][info][gc,phases   ] GC(369)   Evacuate Collection Set: 25.04ms
[175.999s][info][gc,phases   ] GC(369)   Post Evacuate Collection Set: 0.43ms
[175.999s][info][gc,phases   ] GC(369)   Other: 0.07ms
[175.999s][info][gc,heap     ] GC(369) Eden regions: 109->0(197)
[175.999s][info][gc,heap     ] GC(369) Survivor regions: 16->16(16)
[175.999s][info][gc,heap     ] GC(369) Old regions: 165->176
[175.999s][info][gc,heap     ] GC(369) Humongous regions: 4->3
[175.999s][info][gc,metaspace] GC(369) Metaspace: 41797K(42176K)->41797K(42176K) NonClass: 38982K(39232K)->38982K(39232K) Class: 2814K(2944K)->2814K(2944K)
[175.999s][info][gc          ] GC(369) Pause Young (Prepare Mixed) (G1 Evacuation Pause) 294M->195M(570M) 26.240ms
[175.999s][info][gc,cpu      ] GC(369) User=0.05s Sys=0.00s Real=0.02s
[176.627s][info][gc,start    ] GC(370) Pause Young (Mixed) (G1 Evacuation Pause)
[176.627s][info][gc,task     ] GC(370) Using 2 workers of 2 for evacuation
[176.661s][info][gc,phases   ] GC(370)   Pre Evacuate Collection Set: 0.26ms
[176.661s][info][gc,phases   ] GC(370)   Merge Heap Roots: 0.23ms
[176.661s][info][gc,phases   ] GC(370)   Evacuate Collection Set: 32.69ms
[176.661s][info][gc,phases   ] GC(370)   Post Evacuate Collection Set: 0.56ms
[176.661s][info][gc,phases   ] GC(370)   Other: 0.08ms
[176.661s][info][gc,heap     ] GC(370) Eden regions: 197->0(218)
[176.661s][info][gc,heap     ] GC(370) Survivor regions: 16->27(27)
[176.661s][info][gc,heap     ] GC(370) Old regions: 176->138
[176.661s][info][gc,heap     ] GC(370) Humongous regions: 5->4
[176.661s][info][gc,metaspace] GC(370) Metaspace: 41797K(42176K)->41797K(42176K) NonClass: 38982K(39232K)->38982K(39232K) Class: 2814K(2944K)->2814K(2944K)
[176.661s][info][gc          ] GC(370) Pause Young (Mixed) (G1 Evacuation Pause) 394M->169M(570M) 34.018ms
[176.661s][info][gc,cpu      ] GC(370) User=0.06s Sys=0.00s Real=0.03s
[177.343s][info][gc,start    ] GC(371) Pause Young (Mixed) (G1 Evacuation Pause)
[177.343s][info][gc,task     ] GC(371) Using 2 workers of 2 for evacuation
[177.372s][info][gc,phases   ] GC(371)   Pre Evacuate Collection Set: 0.24ms
[177.372s][info][gc,phases   ] GC(371)   Merge Heap Roots: 0.18ms
[177.372s][info][gc,phases   ] GC(371)   Evacuate Collection Set: 27.22ms
[177.372s][info][gc,phases   ] GC(371)   Post Evacuate Collection Set: 0.48ms
[177.372s][info][gc,phases   ] GC(371)   Other: 0.08ms
[177.372s][info][gc,heap     ] GC(371) Eden regions: 218->0(223)
[177.372s][info][gc,heap     ] GC(371) Survivor regions: 27->23(31)
[177.372s][info][gc,heap     ] GC(371) Old regions: 138->157
[177.372s][info][gc,heap     ] GC(371) Humongous regions: 6->5
[177.372s][info][gc,metaspace] GC(371) Metaspace: 41797K(42176K)->41797K(42176K) NonClass: 38982K(39232K)->38982K(39232K) Class: 2814K(2944K)->2814K(2944K)
[177.372s][info][gc          ] GC(371) Pause Young (Mixed) (G1 Evacuation Pause) 389M->184M(570M) 28.395ms
[177.372s][info][gc,cpu      ] GC(371) User=0.05s Sys=0.00s Real=0.02s
[178.069s][info][gc,start    ] GC(372) Pause Young (Normal) (G1 Evacuation Pause)
[178.069s][info][gc,task     ] GC(372) Using 2 workers of 2 for evacuation
[178.079s][info][gc,phases   ] GC(372)   Pre Evacuate Collection Set: 0.27ms
[178.079s][info][gc,phases   ] GC(372)   Merge Heap Roots: 0.10ms
[178.079s][info][gc,phases   ] GC(372)   Evacuate Collection Set: 8.34ms
[178.079s][info][gc,phases   ] GC(372)   Post Evacuate Collection Set: 0.45ms
[178.079s][info][gc,phases   ] GC(372)   Other: 0.08ms
[178.079s][info][gc,heap     ] GC(372) Eden regions: 223->0(247)
[178.079s][info][gc,heap     ] GC(372) Survivor regions: 23->5(31)
[178.079s][info][gc,heap     ] GC(372) Old regions: 157->168
[178.079s][info][gc,heap     ] GC(372) Humongous regions: 8->5
[178.079s][info][gc,metaspace] GC(372) Metaspace: 41797K(42176K)->41797K(42176K) NonClass: 38982K(39232K)->38982K(39232K) Class: 2814K(2944K)->2814K(2944K)
[178.079s][info][gc          ] GC(372) Pause Young (Normal) (G1 Evacuation Pause) 410M->177M(570M) 9.445ms
[178.079s][info][gc,cpu      ] GC(372) User=0.02s Sys=0.00s Real=0.01s
[178.288s][info][gc,start    ] GC(373) Pause Young (Concurrent Start) (G1 Humongous Allocation)
[178.288s][info][gc,task     ] GC(373) Using 2 workers of 2 for evacuation
[178.301s][info][gc,phases   ] GC(373)   Pre Evacuate Collection Set: 0.26ms
[178.301s][info][gc,phases   ] GC(373)   Merge Heap Roots: 0.06ms
[178.301s][info][gc,phases   ] GC(373)   Evacuate Collection Set: 11.53ms
[178.301s][info][gc,phases   ] GC(373)   Post Evacuate Collection Set: 0.35ms
[178.301s][info][gc,phases   ] GC(373)   Other: 0.09ms
[178.301s][info][gc,heap     ] GC(373) Eden regions: 68->0(250)
[178.301s][info][gc,heap     ] GC(373) Survivor regions: 5->20(32)
[178.301s][info][gc,heap     ] GC(373) Old regions: 168->168
[178.301s][info][gc,heap     ] GC(373) Humongous regions: 5->3
[178.301s][info][gc,metaspace] GC(373) Metaspace: 41800K(42176K)->41800K(42176K) NonClass: 38985K(39232K)->38985K(39232K) Class: 2814K(2944K)->2814K(2944K)
[178.301s][info][gc          ] GC(373) Pause Young (Concurrent Start) (G1 Humongous Allocation) 245M->190M(570M) 12.479ms
[178.301s][info][gc          ] GC(374) Concurrent Mark Cycle
[178.301s][info][gc,marking  ] GC(374) Concurrent Scan Root Regions
[178.302s][info][gc,cpu      ] GC(373) User=0.02s Sys=0.00s Real=0.02s
[178.310s][info][gc,marking  ] GC(374) Concurrent Scan Root Regions 9.379ms
[178.310s][info][gc,marking  ] GC(374) Concurrent Mark
[178.310s][info][gc,marking  ] GC(374) Concurrent Mark From Roots
[178.310s][info][gc,task     ] GC(374) Using 1 workers of 1 for marking
[178.382s][info][gc,marking  ] GC(374) Concurrent Mark From Roots 72.293ms
[178.382s][info][gc,marking  ] GC(374) Concurrent Preclean
[178.382s][info][gc,marking  ] GC(374) Concurrent Preclean 0.041ms
[178.383s][info][gc,start    ] GC(374) Pause Remark
[178.396s][info][gc          ] GC(374) Pause Remark 216M->144M(404M) 13.807ms
[178.396s][info][gc,cpu      ] GC(374) User=0.03s Sys=0.00s Real=0.01s
[178.397s][info][gc,marking  ] GC(374) Concurrent Mark 86.420ms
[178.397s][info][gc,marking  ] GC(374) Concurrent Rebuild Remembered Sets and Scrub Regions
[178.425s][info][gc,marking  ] GC(374) Concurrent Rebuild Remembered Sets and Scrub Regions 28.733ms
[178.426s][info][gc,start    ] GC(374) Pause Cleanup
[178.426s][info][gc          ] GC(374) Pause Cleanup 155M->155M(404M) 0.055ms
[178.426s][info][gc,cpu      ] GC(374) User=0.00s Sys=0.00s Real=0.00s
[178.426s][info][gc,marking  ] GC(374) Concurrent Clear Claimed Marks
[178.426s][info][gc,marking  ] GC(374) Concurrent Clear Claimed Marks 0.035ms
[178.426s][info][gc,marking  ] GC(374) Concurrent Cleanup for Next Mark
[178.427s][info][gc,marking  ] GC(374) Concurrent Cleanup for Next Mark 1.167ms
[178.427s][info][gc          ] GC(374) Concurrent Mark Cycle 126.581ms
[178.948s][info][gc,start    ] GC(375) Pause Young (Prepare Mixed) (G1 Evacuation Pause)
[178.948s][info][gc,task     ] GC(375) Using 2 workers of 2 for evacuation
[178.960s][info][gc,phases   ] GC(375)   Pre Evacuate Collection Set: 0.20ms
[178.960s][info][gc,phases   ] GC(375)   Merge Heap Roots: 0.08ms
[178.960s][info][gc,phases   ] GC(375)   Evacuate Collection Set: 10.79ms
[178.960s][info][gc,phases   ] GC(375)   Post Evacuate Collection Set: 0.45ms
[178.960s][info][gc,phases   ] GC(375)   Other: 0.07ms
[178.960s][info][gc,heap     ] GC(375) Eden regions: 222->0(200)
[178.960s][info][gc,heap     ] GC(375) Survivor regions: 20->3(31)
[178.960s][info][gc,heap     ] GC(375) Old regions: 98->117
[178.960s][info][gc,heap     ] GC(375) Humongous regions: 3->3
[178.960s][info][gc,metaspace] GC(375) Metaspace: 41800K(42176K)->41800K(42176K) NonClass: 38985K(39232K)->38985K(39232K) Class: 2814K(2944K)->2814K(2944K)
[178.960s][info][gc          ] GC(375) Pause Young (Prepare Mixed) (G1 Evacuation Pause) 342M->122M(404M) 11.787ms
[178.960s][info][gc,cpu      ] GC(375) User=0.03s Sys=0.01s Real=0.01s
[179.514s][info][gc,start    ] GC(376) Pause Young (Mixed) (G1 Evacuation Pause)
[179.514s][info][gc,task     ] GC(376) Using 2 workers of 2 for evacuation
[179.518s][info][gc,phases   ] GC(376)   Pre Evacuate Collection Set: 0.23ms
[179.518s][info][gc,phases   ] GC(376)   Merge Heap Roots: 0.10ms
[179.518s][info][gc,phases   ] GC(376)   Evacuate Collection Set: 3.62ms
[179.518s][info][gc,phases   ] GC(376)   Post Evacuate Collection Set: 0.43ms
[179.518s][info][gc,phases   ] GC(376)   Other: 0.07ms
[179.518s][info][gc,heap     ] GC(376) Eden regions: 200->0(227)
[179.518s][info][gc,heap     ] GC(376) Survivor regions: 3->3(26)
[179.518s][info][gc,heap     ] GC(376) Old regions: 117->93
[179.518s][info][gc,heap     ] GC(376) Humongous regions: 4->3
[179.518s][info][gc,metaspace] GC(376) Metaspace: 41800K(42176K)->41800K(42176K) NonClass: 38985K(39232K)->38985K(39232K) Class: 2814K(2944K)->2814K(2944K)
[179.518s][info][gc          ] GC(376) Pause Young (Mixed) (G1 Evacuation Pause) 323M->98M(404M) 4.623ms
[179.518s][info][gc,cpu      ] GC(376) User=0.01s Sys=0.00s Real=0.00s
[179.998s][info][gc,start    ] GC(377) Pause Young (Concurrent Start) (G1 Evacuation Pause)
[179.998s][info][gc,task     ] GC(377) Using 2 workers of 2 for evacuation
[180.002s][info][gc,phases   ] GC(377)   Pre Evacuate Collection Set: 0.19ms
[180.003s][info][gc,phases   ] GC(377)   Merge Heap Roots: 0.07ms
[180.003s][info][gc,phases   ] GC(377)   Evacuate Collection Set: 3.69ms
[180.003s][info][gc,phases   ] GC(377)   Post Evacuate Collection Set: 0.48ms
[180.003s][info][gc,phases   ] GC(377)   Other: 0.19ms
[180.003s][info][gc,heap     ] GC(377) Eden regions: 227->0(236)
[180.003s][info][gc,heap     ] GC(377) Survivor regions: 3->5(29)
[180.003s][info][gc,heap     ] GC(377) Old regions: 93->93
[180.003s][info][gc,heap     ] GC(377) Humongous regions: 3->1
[180.003s][info][gc,metaspace] GC(377) Metaspace: 41805K(42176K)->41805K(42176K) NonClass: 38990K(39232K)->38990K(39232K) Class: 2814K(2944K)->2814K(2944K)
[180.003s][info][gc          ] GC(377) Pause Young (Concurrent Start) (G1 Evacuation Pause) 325M->98M(404M) 4.791ms
[180.003s][info][gc,cpu      ] GC(377) User=0.01s Sys=0.00s Real=0.01s
[180.003s][info][gc          ] GC(378) Concurrent Mark Cycle
[180.003s][info][gc,marking  ] GC(378) Concurrent Scan Root Regions
[180.005s][info][gc,marking  ] GC(378) Concurrent Scan Root Regions 2.409ms
[180.005s][info][gc,marking  ] GC(378) Concurrent Mark
[180.005s][info][gc,marking  ] GC(378) Concurrent Mark From Roots
[180.005s][info][gc,task     ] GC(378) Using 1 workers of 1 for marking
[180.090s][info][gc,marking  ] GC(378) Concurrent Mark From Roots 84.940ms
[180.090s][info][gc,marking  ] GC(378) Concurrent Preclean
[180.090s][info][gc,marking  ] GC(378) Concurrent Preclean 0.035ms
[180.090s][info][gc,start    ] GC(378) Pause Remark
[180.104s][info][gc          ] GC(378) Pause Remark 155M->137M(270M) 13.258ms
[180.104s][info][gc,cpu      ] GC(378) User=0.02s Sys=0.00s Real=0.02s
[180.106s][info][gc,marking  ] GC(378) Concurrent Mark 100.714ms
[180.106s][info][gc,marking  ] GC(378) Concurrent Rebuild Remembered Sets and Scrub Regions
[180.133s][info][gc,marking  ] GC(378) Concurrent Rebuild Remembered Sets and Scrub Regions 27.502ms
[180.133s][info][gc,start    ] GC(378) Pause Cleanup
[180.134s][info][gc          ] GC(378) Pause Cleanup 155M->155M(270M) 0.042ms
[180.134s][info][gc,cpu      ] GC(378) User=0.00s Sys=0.00s Real=0.00s
[180.134s][info][gc,marking  ] GC(378) Concurrent Clear Claimed Marks
[180.134s][info][gc,marking  ] GC(378) Concurrent Clear Claimed Marks 0.033ms
[180.134s][info][gc,marking  ] GC(378) Concurrent Cleanup for Next Mark
[180.134s][info][gc,marking  ] GC(378) Concurrent Cleanup for Next Mark 0.778ms
[180.134s][info][gc          ] GC(378) Concurrent Mark Cycle 131.763ms
[180.263s][info][gc,start    ] GC(379) Pause Young (Prepare Mixed) (G1 Evacuation Pause)
[180.263s][info][gc,task     ] GC(379) Using 2 workers of 2 for evacuation
[180.267s][info][gc,phases   ] GC(379)   Pre Evacuate Collection Set: 0.15ms
[180.267s][info][gc,phases   ] GC(379)   Merge Heap Roots: 0.06ms
[180.267s][info][gc,phases   ] GC(379)   Evacuate Collection Set: 2.93ms
[180.267s][info][gc,phases   ] GC(379)   Post Evacuate Collection Set: 0.37ms
[180.267s][info][gc,phases   ] GC(379)   Other: 0.08ms
[180.267s][info][gc,heap     ] GC(379) Eden regions: 157->0(154)
[180.267s][info][gc,heap     ] GC(379) Survivor regions: 5->5(21)
[180.267s][info][gc,heap     ] GC(379) Old regions: 75->75
[180.267s][info][gc,heap     ] GC(379) Humongous regions: 1->1
[180.267s][info][gc,metaspace] GC(379) Metaspace: 41805K(42176K)->41805K(42176K) NonClass: 38990K(39232K)->38990K(39232K) Class: 2814K(2944K)->2814K(2944K)
[180.267s][info][gc          ] GC(379) Pause Young (Prepare Mixed) (G1 Evacuation Pause) 237M->80M(270M) 3.772ms
[180.267s][info][gc,cpu      ] GC(379) User=0.01s Sys=0.00s Real=0.00s
[180.555s][info][gc,start    ] GC(380) Pause Young (Mixed) (G1 Evacuation Pause)
[180.555s][info][gc,task     ] GC(380) Using 2 workers of 2 for evacuation
[180.564s][info][gc,phases   ] GC(380)   Pre Evacuate Collection Set: 0.16ms
[180.564s][info][gc,phases   ] GC(380)   Merge Heap Roots: 0.09ms
[180.564s][info][gc,phases   ] GC(380)   Evacuate Collection Set: 8.55ms
[180.564s][info][gc,phases   ] GC(380)   Post Evacuate Collection Set: 0.44ms
[180.564s][info][gc,phases   ] GC(380)   Other: 0.10ms
[180.564s][info][gc,heap     ] GC(380) Eden regions: 154->0(147)
[180.564s][info][gc,heap     ] GC(380) Survivor regions: 5->15(20)
[180.564s][info][gc,heap     ] GC(380) Old regions: 75->64
[180.564s][info][gc,heap     ] GC(380) Humongous regions: 3->3
[180.564s][info][gc,metaspace] GC(380) Metaspace: 41817K(42176K)->41817K(42176K) NonClass: 39002K(39232K)->39002K(39232K) Class: 2814K(2944K)->2814K(2944K)
[180.564s][info][gc          ] GC(380) Pause Young (Mixed) (G1 Evacuation Pause) 236M->81M(270M) 9.520ms
[180.564s][info][gc,cpu      ] GC(380) User=0.02s Sys=0.00s Real=0.01s
[180.625s][info][gc,start    ] GC(381) Pause Young (Concurrent Start) (G1 Humongous Allocation)
[180.625s][info][gc,task     ] GC(381) Using 2 workers of 2 for evacuation
[180.631s][info][gc,phases   ] GC(381)   Pre Evacuate Collection Set: 0.16ms
[180.631s][info][gc,phases   ] GC(381)   Merge Heap Roots: 0.05ms
[180.631s][info][gc,phases   ] GC(381)   Evacuate Collection Set: 5.61ms
[180.632s][info][gc,phases   ] GC(381)   Post Evacuate Collection Set: 0.30ms
[180.632s][info][gc,phases   ] GC(381)   Other: 0.13ms
[180.632s][info][gc,heap     ] GC(381) Eden regions: 19->0(155)
[180.632s][info][gc,heap     ] GC(381) Survivor regions: 15->4(21)
[180.632s][info][gc,heap     ] GC(381) Old regions: 64->68
[180.632s][info][gc,heap     ] GC(381) Humongous regions: 3->1
[180.632s][info][gc,metaspace] GC(381) Metaspace: 41827K(42176K)->41827K(42176K) NonClass: 39012K(39232K)->39012K(39232K) Class: 2814K(2944K)->2814K(2944K)
[180.632s][info][gc          ] GC(381) Pause Young (Concurrent Start) (G1 Humongous Allocation) 99M->71M(270M) 6.425ms
[180.632s][info][gc          ] GC(382) Concurrent Mark Cycle
[180.632s][info][gc,marking  ] GC(382) Concurrent Scan Root Regions
[180.632s][info][gc,cpu      ] GC(381) User=0.01s Sys=0.00s Real=0.00s
[180.639s][info][gc,marking  ] GC(382) Concurrent Scan Root Regions 7.198ms
[180.639s][info][gc,marking  ] GC(382) Concurrent Mark
[180.639s][info][gc,marking  ] GC(382) Concurrent Mark From Roots
[180.639s][info][gc,task     ] GC(382) Using 1 workers of 1 for marking
[180.781s][info][gc,marking  ] GC(382) Concurrent Mark From Roots 141.805ms
[180.781s][info][gc,marking  ] GC(382) Concurrent Preclean
[180.781s][info][gc,marking  ] GC(382) Concurrent Preclean 0.041ms
[180.781s][info][gc,start    ] GC(382) Pause Remark
[180.795s][info][gc          ] GC(382) Pause Remark 195M->195M(302M) 14.080ms
[180.795s][info][gc,cpu      ] GC(382) User=0.02s Sys=0.00s Real=0.02s
[180.795s][info][gc,marking  ] GC(382) Concurrent Mark 156.205ms
[180.795s][info][gc,marking  ] GC(382) Concurrent Rebuild Remembered Sets and Scrub Regions
[180.853s][info][gc,marking  ] GC(382) Concurrent Rebuild Remembered Sets and Scrub Regions 57.435ms
[180.853s][info][gc,start    ] GC(382) Pause Cleanup
[180.853s][info][gc          ] GC(382) Pause Cleanup 220M->220M(302M) 0.080ms
[180.853s][info][gc,cpu      ] GC(382) User=0.00s Sys=0.00s Real=0.00s
[180.853s][info][gc,marking  ] GC(382) Concurrent Clear Claimed Marks
[180.853s][info][gc,marking  ] GC(382) Concurrent Clear Claimed Marks 0.052ms
[180.853s][info][gc,marking  ] GC(382) Concurrent Cleanup for Next Mark
[180.854s][info][gc,marking  ] GC(382) Concurrent Cleanup for Next Mark 1.237ms
[180.854s][info][gc          ] GC(382) Concurrent Mark Cycle 222.722ms
[181.118s][info][gc,start    ] GC(383) Pause Young (Prepare Mixed) (G1 Evacuation Pause)
[181.118s][info][gc,task     ] GC(383) Using 2 workers of 2 for evacuation
[181.126s][info][gc,phases   ] GC(383)   Pre Evacuate Collection Set: 0.29ms
[181.126s][info][gc,phases   ] GC(383)   Merge Heap Roots: 0.08ms
[181.126s][info][gc,phases   ] GC(383)   Evacuate Collection Set: 6.45ms
[181.126s][info][gc,phases   ] GC(383)   Post Evacuate Collection Set: 0.75ms
[181.126s][info][gc,phases   ] GC(383)   Other: 0.08ms
[181.126s][info][gc,heap     ] GC(383) Eden regions: 41->0(228)
[181.126s][info][gc,heap     ] GC(383) Survivor regions: 4->6(20)
[181.126s][info][gc,heap     ] GC(383) Old regions: 68->68
[181.126s][info][gc,heap     ] GC(383) Humongous regions: 271->3
[181.126s][info][gc,metaspace] GC(383) Metaspace: 41827K(42176K)->41827K(42176K) NonClass: 39012K(39232K)->39012K(39232K) Class: 2814K(2944K)->2814K(2944K)
[181.126s][info][gc          ] GC(383) Pause Young (Prepare Mixed) (G1 Evacuation Pause) 382M->76M(390M) 7.834ms
[181.126s][info][gc,cpu      ] GC(383) User=0.01s Sys=0.00s Real=0.01s
[181.605s][info][gc,start    ] GC(384) Pause Young (Mixed) (G1 Evacuation Pause)
[181.605s][info][gc,task     ] GC(384) Using 2 workers of 2 for evacuation
[181.624s][info][gc,phases   ] GC(384)   Pre Evacuate Collection Set: 0.25ms
[181.624s][info][gc,phases   ] GC(384)   Merge Heap Roots: 0.10ms
[181.624s][info][gc,phases   ] GC(384)   Evacuate Collection Set: 18.00ms
[181.624s][info][gc,phases   ] GC(384)   Post Evacuate Collection Set: 0.80ms
[181.624s][info][gc,phases   ] GC(384)   Other: 0.07ms
[181.624s][info][gc,heap     ] GC(384) Eden regions: 54->0(269)
[181.624s][info][gc,heap     ] GC(384) Survivor regions: 6->11(32)
[181.624s][info][gc,heap     ] GC(384) Old regions: 68->60
[181.624s][info][gc,heap     ] GC(384) Humongous regions: 325->1
[181.624s][info][gc,metaspace] GC(384) Metaspace: 41827K(42176K)->41827K(42176K) NonClass: 39012K(39232K)->39012K(39232K) Class: 2814K(2944K)->2814K(2944K)
[181.624s][info][gc          ] GC(384) Pause Young (Mixed) (G1 Evacuation Pause) 452M->71M(467M) 19.429ms
[181.624s][info][gc,cpu      ] GC(384) User=0.03s Sys=0.00s Real=0.02s
[181.677s][info][gc,start    ] GC(385) Pause Young (Concurrent Start) (G1 Humongous Allocation)
[181.677s][info][gc,task     ] GC(385) Using 2 workers of 2 for evacuation
[181.687s][info][gc,phases   ] GC(385)   Pre Evacuate Collection Set: 0.22ms
[181.687s][info][gc,phases   ] GC(385)   Merge Heap Roots: 0.06ms
[181.687s][info][gc,phases   ] GC(385)   Evacuate Collection Set: 8.64ms
[181.687s][info][gc,phases   ] GC(385)   Post Evacuate Collection Set: 0.36ms
[181.687s][info][gc,phases   ] GC(385)   Other: 0.14ms
[181.687s][info][gc,heap     ] GC(385) Eden regions: 7->0(269)
[181.687s][info][gc,heap     ] GC(385) Survivor regions: 11->11(35)
[181.687s][info][gc,heap     ] GC(385) Old regions: 60->60
[181.687s][info][gc,heap     ] GC(385) Humongous regions: 43->1
[181.687s][info][gc,metaspace] GC(385) Metaspace: 41827K(42176K)->41827K(42176K) NonClass: 39012K(39232K)->39012K(39232K) Class: 2814K(2944K)->2814K(2944K)
[181.687s][info][gc          ] GC(385) Pause Young (Concurrent Start) (G1 Humongous Allocation) 119M->71M(467M) 9.609ms
[181.687s][info][gc          ] GC(386) Concurrent Undo Cycle
[181.687s][info][gc,marking  ] GC(386) Concurrent Clear Claimed Marks
[181.687s][info][gc,marking  ] GC(386) Concurrent Clear Claimed Marks 0.037ms
[181.687s][info][gc,marking  ] GC(386) Concurrent Cleanup for Next Mark
[181.687s][info][gc,cpu      ] GC(385) User=0.02s Sys=0.00s Real=0.01s
[181.689s][info][gc,marking  ] GC(386) Concurrent Cleanup for Next Mark 1.931ms
[181.689s][info][gc          ] GC(386) Concurrent Undo Cycle 2.042ms
[181.692s][info][gc,start    ] GC(387) Pause Young (Concurrent Start) (G1 Humongous Allocation)
[181.692s][info][gc,task     ] GC(387) Using 2 workers of 2 for evacuation
[181.701s][info][gc,phases   ] GC(387)   Pre Evacuate Collection Set: 0.18ms
[181.701s][info][gc,phases   ] GC(387)   Merge Heap Roots: 0.04ms
[181.701s][info][gc,phases   ] GC(387)   Evacuate Collection Set: 8.32ms
[181.701s][info][gc,phases   ] GC(387)   Post Evacuate Collection Set: 0.30ms
[181.701s][info][gc,phases   ] GC(387)   Other: 0.07ms
[181.701s][info][gc,heap     ] GC(387) Eden regions: 1->0(269)
[181.701s][info][gc,heap     ] GC(387) Survivor regions: 11->11(35)
[181.701s][info][gc,heap     ] GC(387) Old regions: 60->60
[181.701s][info][gc,heap     ] GC(387) Humongous regions: 3->1
[181.701s][info][gc,metaspace] GC(387) Metaspace: 41827K(42176K)->41827K(42176K) NonClass: 39012K(39232K)->39012K(39232K) Class: 2814K(2944K)->2814K(2944K)
[181.701s][info][gc          ] GC(387) Pause Young (Concurrent Start) (G1 Humongous Allocation) 73M->71M(467M) 9.049ms
[181.701s][info][gc,cpu      ] GC(387) User=0.01s Sys=0.00s Real=0.00s
[181.701s][info][gc          ] GC(388) Concurrent Mark Cycle
[181.701s][info][gc,marking  ] GC(388) Concurrent Scan Root Regions
[181.712s][info][gc,marking  ] GC(388) Concurrent Scan Root Regions 10.838ms
[181.712s][info][gc,marking  ] GC(388) Concurrent Mark
[181.712s][info][gc,marking  ] GC(388) Concurrent Mark From Roots
[181.712s][info][gc,task     ] GC(388) Using 1 workers of 1 for marking
[181.785s][info][gc,marking  ] GC(388) Concurrent Mark From Roots 72.494ms
[181.785s][info][gc,marking  ] GC(388) Concurrent Preclean
[181.785s][info][gc,marking  ] GC(388) Concurrent Preclean 0.066ms
[181.785s][info][gc,start    ] GC(388) Pause Remark
[181.799s][info][gc          ] GC(388) Pause Remark 144M->144M(454M) 13.745ms
[181.799s][info][gc,cpu      ] GC(388) User=0.03s Sys=0.00s Real=0.01s
[181.799s][info][gc,marking  ] GC(388) Concurrent Mark 86.630ms
[181.799s][info][gc,marking  ] GC(388) Concurrent Rebuild Remembered Sets and Scrub Regions
[181.829s][info][gc,marking  ] GC(388) Concurrent Rebuild Remembered Sets and Scrub Regions 30.755ms
[181.830s][info][gc,start    ] GC(388) Pause Cleanup
[181.830s][info][gc          ] GC(388) Pause Cleanup 171M->171M(454M) 0.075ms
[181.830s][info][gc,cpu      ] GC(388) User=0.00s Sys=0.00s Real=0.00s
[181.830s][info][gc,marking  ] GC(388) Concurrent Clear Claimed Marks
[181.830s][info][gc,marking  ] GC(388) Concurrent Clear Claimed Marks 0.041ms
[181.830s][info][gc,marking  ] GC(388) Concurrent Cleanup for Next Mark
[181.833s][info][gc,marking  ] GC(388) Concurrent Cleanup for Next Mark 2.801ms
[181.833s][info][gc          ] GC(388) Concurrent Mark Cycle 131.574ms
[182.302s][info][gc,start    ] GC(389) Pause Young (Prepare Mixed) (G1 Evacuation Pause)
[182.302s][info][gc,task     ] GC(389) Using 2 workers of 2 for evacuation
[182.331s][info][gc,phases   ] GC(389)   Pre Evacuate Collection Set: 0.30ms
[182.331s][info][gc,phases   ] GC(389)   Merge Heap Roots: 0.07ms
[182.331s][info][gc,phases   ] GC(389)   Evacuate Collection Set: 28.06ms
[182.331s][info][gc,phases   ] GC(389)   Post Evacuate Collection Set: 0.83ms
[182.331s][info][gc,phases   ] GC(389)   Other: 0.07ms
[182.331s][info][gc,heap     ] GC(389) Eden regions: 72->0(296)
[182.331s][info][gc,heap     ] GC(389) Survivor regions: 11->22(38)
[182.331s][info][gc,heap     ] GC(389) Old regions: 60->60
[182.331s][info][gc,heap     ] GC(389) Humongous regions: 365->3
[182.331s][info][gc,metaspace] GC(389) Metaspace: 41831K(42176K)->41831K(42176K) NonClass: 39016K(39232K)->39016K(39232K) Class: 2814K(2944K)->2814K(2944K)
[182.331s][info][gc          ] GC(389) Pause Young (Prepare Mixed) (G1 Evacuation Pause) 507M->84M(530M) 29.533ms
[182.331s][info][gc,cpu      ] GC(389) User=0.05s Sys=0.00s Real=0.03s
[182.977s][info][gc,start    ] GC(390) Pause Young (Mixed) (G1 Evacuation Pause)
[182.977s][info][gc,task     ] GC(390) Using 2 workers of 2 for evacuation
[182.990s][info][gc,phases   ] GC(390)   Pre Evacuate Collection Set: 1.03ms
[182.990s][info][gc,phases   ] GC(390)   Merge Heap Roots: 0.17ms
[182.990s][info][gc,phases   ] GC(390)   Evacuate Collection Set: 11.40ms
[182.990s][info][gc,phases   ] GC(390)   Post Evacuate Collection Set: 0.69ms
[182.990s][info][gc,phases   ] GC(390)   Other: 0.07ms
[182.990s][info][gc,heap     ] GC(390) Eden regions: 107->0(317)
[182.990s][info][gc,heap     ] GC(390) Survivor regions: 22->5(40)
[182.990s][info][gc,heap     ] GC(390) Old regions: 60->58
[182.990s][info][gc,heap     ] GC(390) Humongous regions: 341->1
[182.990s][info][gc,metaspace] GC(390) Metaspace: 41835K(42240K)->41835K(42240K) NonClass: 39020K(39296K)->39020K(39296K) Class: 2814K(2944K)->2814K(2944K)
[182.990s][info][gc          ] GC(390) Pause Young (Mixed) (G1 Evacuation Pause) 529M->63M(538M) 13.541ms
[182.991s][info][gc,cpu      ] GC(390) User=0.03s Sys=0.01s Real=0.01s
[183.211s][info][gc,start    ] GC(391) Pause Young (Concurrent Start) (G1 Humongous Allocation)
[183.211s][info][gc,task     ] GC(391) Using 2 workers of 2 for evacuation
[183.217s][info][gc,phases   ] GC(391)   Pre Evacuate Collection Set: 0.25ms
[183.217s][info][gc,phases   ] GC(391)   Merge Heap Roots: 0.06ms
[183.217s][info][gc,phases   ] GC(391)   Evacuate Collection Set: 4.93ms
[183.217s][info][gc,phases   ] GC(391)   Post Evacuate Collection Set: 0.47ms
[183.217s][info][gc,phases   ] GC(391)   Other: 0.08ms
[183.217s][info][gc,heap     ] GC(391) Eden regions: 80->0(314)
[183.217s][info][gc,heap     ] GC(391) Survivor regions: 5->8(41)
[183.217s][info][gc,heap     ] GC(391) Old regions: 58->58
[183.217s][info][gc,heap     ] GC(391) Humongous regions: 37->1
[183.217s][info][gc,metaspace] GC(391) Metaspace: 41901K(42240K)->41901K(42240K) NonClass: 39086K(39296K)->39086K(39296K) Class: 2814K(2944K)->2814K(2944K)
[183.217s][info][gc          ] GC(391) Pause Young (Concurrent Start) (G1 Humongous Allocation) 178M->65M(538M) 5.984ms
[183.217s][info][gc,cpu      ] GC(391) User=0.01s Sys=0.00s Real=0.01s
[183.217s][info][gc          ] GC(392) Concurrent Undo Cycle
[183.217s][info][gc,marking  ] GC(392) Concurrent Clear Claimed Marks
[183.217s][info][gc,marking  ] GC(392) Concurrent Clear Claimed Marks 0.035ms
[183.217s][info][gc,marking  ] GC(392) Concurrent Cleanup for Next Mark
[183.219s][info][gc,marking  ] GC(392) Concurrent Cleanup for Next Mark 2.067ms
[183.219s][info][gc          ] GC(392) Concurrent Undo Cycle 2.202ms
[183.956s][info][gc,start    ] GC(393) Pause Young (Normal) (G1 Evacuation Pause)
[183.956s][info][gc,task     ] GC(393) Using 2 workers of 2 for evacuation
[183.966s][info][gc,phases   ] GC(393)   Pre Evacuate Collection Set: 0.32ms
[183.966s][info][gc,phases   ] GC(393)   Merge Heap Roots: 0.08ms
[183.966s][info][gc,phases   ] GC(393)   Evacuate Collection Set: 8.32ms
[183.966s][info][gc,phases   ] GC(393)   Post Evacuate Collection Set: 0.78ms
[183.966s][info][gc,phases   ] GC(393)   Other: 0.10ms
[183.966s][info][gc,heap     ] GC(393) Eden regions: 314->0(313)
[183.966s][info][gc,heap     ] GC(393) Survivor regions: 8->9(41)
[183.966s][info][gc,heap     ] GC(393) Old regions: 58->58
[183.966s][info][gc,heap     ] GC(393) Humongous regions: 9->1
[183.966s][info][gc,metaspace] GC(393) Metaspace: 41916K(42304K)->41916K(42304K) NonClass: 39101K(39360K)->39101K(39360K) Class: 2814K(2944K)->2814K(2944K)
[183.966s][info][gc          ] GC(393) Pause Young (Normal) (G1 Evacuation Pause) 387M->67M(538M) 9.810ms
[183.966s][info][gc,cpu      ] GC(393) User=0.02s Sys=0.00s Real=0.01s
[184.660s][info][gc,start    ] GC(394) Pause Young (Normal) (G1 Evacuation Pause)
[184.660s][info][gc,task     ] GC(394) Using 2 workers of 2 for evacuation
[184.672s][info][gc,phases   ] GC(394)   Pre Evacuate Collection Set: 0.25ms
[184.672s][info][gc,phases   ] GC(394)   Merge Heap Roots: 2.03ms
[184.672s][info][gc,phases   ] GC(394)   Evacuate Collection Set: 9.75ms
[184.672s][info][gc,phases   ] GC(394)   Post Evacuate Collection Set: 0.71ms
[184.673s][info][gc,phases   ] GC(394)   Other: 0.11ms
[184.673s][info][gc,heap     ] GC(394) Eden regions: 313->0(309)
[184.673s][info][gc,heap     ] GC(394) Survivor regions: 9->13(41)
[184.673s][info][gc,heap     ] GC(394) Old regions: 58->58
[184.673s][info][gc,heap     ] GC(394) Humongous regions: 1->1
[184.673s][info][gc,metaspace] GC(394) Metaspace: 41925K(42304K)->41925K(42304K) NonClass: 39110K(39360K)->39110K(39360K) Class: 2814K(2944K)->2814K(2944K)
[184.673s][info][gc          ] GC(394) Pause Young (Normal) (G1 Evacuation Pause) 380M->70M(538M) 13.069ms
[184.673s][info][gc,cpu      ] GC(394) User=0.03s Sys=0.00s Real=0.02s
[185.390s][info][gc,start    ] GC(395) Pause Young (Normal) (G1 Evacuation Pause)
[185.390s][info][gc,task     ] GC(395) Using 2 workers of 2 for evacuation
[185.398s][info][gc,phases   ] GC(395)   Pre Evacuate Collection Set: 0.29ms
[185.398s][info][gc,phases   ] GC(395)   Merge Heap Roots: 0.18ms
[185.398s][info][gc,phases   ] GC(395)   Evacuate Collection Set: 7.15ms
[185.398s][info][gc,phases   ] GC(395)   Post Evacuate Collection Set: 0.56ms
[185.398s][info][gc,phases   ] GC(395)   Other: 0.10ms
[185.398s][info][gc,heap     ] GC(395) Eden regions: 309->0(311)
[185.398s][info][gc,heap     ] GC(395) Survivor regions: 13->11(41)
[185.398s][info][gc,heap     ] GC(395) Old regions: 58->58
[185.398s][info][gc,heap     ] GC(395) Humongous regions: 1->1
[185.398s][info][gc,metaspace] GC(395) Metaspace: 41929K(42304K)->41929K(42304K) NonClass: 39114K(39360K)->39114K(39360K) Class: 2814K(2944K)->2814K(2944K)
[185.398s][info][gc          ] GC(395) Pause Young (Normal) (G1 Evacuation Pause) 379M->68M(538M) 8.491ms
[185.398s][info][gc,cpu      ] GC(395) User=0.01s Sys=0.00s Real=0.01s
[186.182s][info][gc,start    ] GC(396) Pause Young (Normal) (G1 Evacuation Pause)
[186.182s][info][gc,task     ] GC(396) Using 2 workers of 2 for evacuation
[186.195s][info][gc,phases   ] GC(396)   Pre Evacuate Collection Set: 0.25ms
[186.195s][info][gc,phases   ] GC(396)   Merge Heap Roots: 0.10ms
[186.195s][info][gc,phases   ] GC(396)   Evacuate Collection Set: 9.32ms
[186.195s][info][gc,phases   ] GC(396)   Post Evacuate Collection Set: 2.68ms
[186.195s][info][gc,phases   ] GC(396)   Other: 0.08ms
[186.195s][info][gc,heap     ] GC(396) Eden regions: 311->0(311)
[186.195s][info][gc,heap     ] GC(396) Survivor regions: 11->11(41)
[186.195s][info][gc,heap     ] GC(396) Old regions: 58->58
[186.195s][info][gc,heap     ] GC(396) Humongous regions: 1->1
[186.195s][info][gc,metaspace] GC(396) Metaspace: 41934K(42304K)->41934K(42304K) NonClass: 39119K(39360K)->39119K(39360K) Class: 2814K(2944K)->2814K(2944K)
[186.195s][info][gc          ] GC(396) Pause Young (Normal) (G1 Evacuation Pause) 379M->69M(538M) 12.608ms
[186.195s][info][gc,cpu      ] GC(396) User=0.02s Sys=0.00s Real=0.01s
[187.874s][info][gc,start    ] GC(397) Pause Young (Normal) (G1 Evacuation Pause)
[187.875s][info][gc,task     ] GC(397) Using 2 workers of 2 for evacuation
[187.900s][info][gc,phases   ] GC(397)   Pre Evacuate Collection Set: 0.25ms
[187.900s][info][gc,phases   ] GC(397)   Merge Heap Roots: 0.11ms
[187.900s][info][gc,phases   ] GC(397)   Evacuate Collection Set: 24.11ms
[187.900s][info][gc,phases   ] GC(397)   Post Evacuate Collection Set: 0.75ms
[187.900s][info][gc,phases   ] GC(397)   Other: 0.07ms
[187.900s][info][gc,heap     ] GC(397) Eden regions: 311->0(295)
[187.900s][info][gc,heap     ] GC(397) Survivor regions: 11->27(41)
[187.900s][info][gc,heap     ] GC(397) Old regions: 58->58
[187.900s][info][gc,heap     ] GC(397) Humongous regions: 13->3
[187.900s][info][gc,metaspace] GC(397) Metaspace: 42032K(42432K)->42032K(42432K) NonClass: 39217K(39488K)->39217K(39488K) Class: 2814K(2944K)->2814K(2944K)
[187.900s][info][gc          ] GC(397) Pause Young (Normal) (G1 Evacuation Pause) 392M->86M(538M) 25.482ms
[187.900s][info][gc,cpu      ] GC(397) User=0.05s Sys=0.00s Real=0.02s
[188.628s][info][gc,start    ] GC(398) Pause Young (Normal) (G1 Evacuation Pause)
[188.628s][info][gc,task     ] GC(398) Using 2 workers of 2 for evacuation
[188.702s][info][gc,phases   ] GC(398)   Pre Evacuate Collection Set: 0.25ms
[188.703s][info][gc,phases   ] GC(398)   Merge Heap Roots: 0.14ms
[188.703s][info][gc,phases   ] GC(398)   Evacuate Collection Set: 73.17ms
[188.703s][info][gc,phases   ] GC(398)   Post Evacuate Collection Set: 0.61ms
[188.703s][info][gc,phases   ] GC(398)   Other: 0.10ms
[188.703s][info][gc,heap     ] GC(398) Eden regions: 295->0(290)
[188.703s][info][gc,heap     ] GC(398) Survivor regions: 27->32(41)
[188.703s][info][gc,heap     ] GC(398) Old regions: 58->84
[188.703s][info][gc,heap     ] GC(398) Humongous regions: 6->6
[188.703s][info][gc,metaspace] GC(398) Metaspace: 42032K(42432K)->42032K(42432K) NonClass: 39217K(39488K)->39217K(39488K) Class: 2814K(2944K)->2814K(2944K)
[188.703s][info][gc          ] GC(398) Pause Young (Normal) (G1 Evacuation Pause) 384M->121M(538M) 74.470ms
[188.703s][info][gc,cpu      ] GC(398) User=0.15s Sys=0.00s Real=0.08s
[189.365s][info][gc,start    ] GC(399) Pause Young (Normal) (G1 Evacuation Pause)
[189.365s][info][gc,task     ] GC(399) Using 2 workers of 2 for evacuation
[189.437s][info][gc,phases   ] GC(399)   Pre Evacuate Collection Set: 0.23ms
[189.437s][info][gc,phases   ] GC(399)   Merge Heap Roots: 0.14ms
[189.437s][info][gc,phases   ] GC(399)   Evacuate Collection Set: 70.70ms
[189.437s][info][gc,phases   ] GC(399)   Post Evacuate Collection Set: 0.62ms
[189.437s][info][gc,phases   ] GC(399)   Other: 0.10ms
[189.437s][info][gc,heap     ] GC(399) Eden regions: 290->0(293)
[189.437s][info][gc,heap     ] GC(399) Survivor regions: 32->29(41)
[189.437s][info][gc,heap     ] GC(399) Old regions: 84->116
[189.437s][info][gc,heap     ] GC(399) Humongous regions: 11->10
[189.437s][info][gc,metaspace] GC(399) Metaspace: 42032K(42432K)->42032K(42432K) NonClass: 39217K(39488K)->39217K(39488K) Class: 2814K(2944K)->2814K(2944K)
[189.437s][info][gc          ] GC(399) Pause Young (Normal) (G1 Evacuation Pause) 416M->154M(538M) 71.970ms
[189.437s][info][gc,cpu      ] GC(399) User=0.14s Sys=0.00s Real=0.07s
[192.375s][info][gc,start    ] GC(400) Pause Young (Concurrent Start) (G1 Humongous Allocation)
[192.375s][info][gc,task     ] GC(400) Using 2 workers of 2 for evacuation
[192.416s][info][gc,phases   ] GC(400)   Pre Evacuate Collection Set: 0.29ms
[192.416s][info][gc,phases   ] GC(400)   Merge Heap Roots: 0.12ms
[192.416s][info][gc,phases   ] GC(400)   Evacuate Collection Set: 40.91ms
[192.416s][info][gc,phases   ] GC(400)   Post Evacuate Collection Set: 0.42ms
[192.416s][info][gc,phases   ] GC(400)   Other: 0.08ms
[192.416s][info][gc,heap     ] GC(400) Eden regions: 88->0(309)
[192.416s][info][gc,heap     ] GC(400) Survivor regions: 29->9(41)
[192.416s][info][gc,heap     ] GC(400) Old regions: 116->146
[192.416s][info][gc,heap     ] GC(400) Humongous regions: 10->8
[192.416s][info][gc,metaspace] GC(400) Metaspace: 42040K(42432K)->42040K(42432K) NonClass: 39225K(39488K)->39225K(39488K) Class: 2814K(2944K)->2814K(2944K)
[192.416s][info][gc          ] GC(400) Pause Young (Concurrent Start) (G1 Humongous Allocation) 242M->161M(538M) 41.984ms
[192.417s][info][gc          ] GC(401) Concurrent Mark Cycle
[192.417s][info][gc,marking  ] GC(401) Concurrent Scan Root Regions
[192.419s][info][gc,cpu      ] GC(400) User=0.08s Sys=0.00s Real=0.04s
[192.458s][info][gc,marking  ] GC(401) Concurrent Scan Root Regions 41.248ms
[192.458s][info][gc,marking  ] GC(401) Concurrent Mark
[192.458s][info][gc,marking  ] GC(401) Concurrent Mark From Roots
[192.458s][info][gc,task     ] GC(401) Using 1 workers of 1 for marking
[192.560s][info][gc,marking  ] GC(401) Concurrent Mark From Roots 102.564ms
[192.560s][info][gc,marking  ] GC(401) Concurrent Preclean
[192.561s][info][gc,marking  ] GC(401) Concurrent Preclean 0.227ms
[192.561s][info][gc,start    ] GC(401) Pause Remark
[192.598s][info][gc          ] GC(401) Pause Remark 183M->170M(507M) 37.123ms
[192.598s][info][gc,cpu      ] GC(401) User=0.07s Sys=0.01s Real=0.04s
[192.598s][info][gc,marking  ] GC(401) Concurrent Mark 140.441ms
[192.598s][info][gc,marking  ] GC(401) Concurrent Rebuild Remembered Sets and Scrub Regions
[192.659s][info][gc,marking  ] GC(401) Concurrent Rebuild Remembered Sets and Scrub Regions 60.849ms
[192.659s][info][gc,start    ] GC(401) Pause Cleanup
[192.659s][info][gc          ] GC(401) Pause Cleanup 178M->178M(507M) 0.062ms
[192.659s][info][gc,cpu      ] GC(401) User=0.00s Sys=0.00s Real=0.00s
[192.660s][info][gc,marking  ] GC(401) Concurrent Clear Claimed Marks
[192.660s][info][gc,marking  ] GC(401) Concurrent Clear Claimed Marks 0.045ms
[192.660s][info][gc,marking  ] GC(401) Concurrent Cleanup for Next Mark
[192.664s][info][gc,marking  ] GC(401) Concurrent Cleanup for Next Mark 4.047ms
[192.664s][info][gc          ] GC(401) Concurrent Mark Cycle 247.829ms
[193.507s][info][gc,start    ] GC(402) Pause Young (Prepare Mixed) (G1 Evacuation Pause)
[193.507s][info][gc,task     ] GC(402) Using 2 workers of 2 for evacuation
[193.521s][info][gc,phases   ] GC(402)   Pre Evacuate Collection Set: 0.28ms
[193.521s][info][gc,phases   ] GC(402)   Merge Heap Roots: 0.13ms
[193.521s][info][gc,phases   ] GC(402)   Evacuate Collection Set: 12.72ms
[193.521s][info][gc,phases   ] GC(402)   Post Evacuate Collection Set: 0.51ms
[193.521s][info][gc,phases   ] GC(402)   Other: 0.08ms
[193.521s][info][gc,heap     ] GC(402) Eden regions: 295->0(292)
[193.521s][info][gc,heap     ] GC(402) Survivor regions: 9->12(38)
[193.521s][info][gc,heap     ] GC(402) Old regions: 140->140
[193.521s][info][gc,heap     ] GC(402) Humongous regions: 5->3
[193.521s][info][gc,metaspace] GC(402) Metaspace: 42109K(42560K)->42109K(42560K) NonClass: 39294K(39616K)->39294K(39616K) Class: 2814K(2944K)->2814K(2944K)
[193.521s][info][gc          ] GC(402) Pause Young (Prepare Mixed) (G1 Evacuation Pause) 447M->153M(507M) 13.913ms
[193.521s][info][gc,cpu      ] GC(402) User=0.03s Sys=0.00s Real=0.01s
[194.201s][info][gc,start    ] GC(403) Pause Young (Mixed) (G1 Evacuation Pause)
[194.201s][info][gc,task     ] GC(403) Using 2 workers of 2 for evacuation
[194.253s][info][gc,phases   ] GC(403)   Pre Evacuate Collection Set: 0.31ms
[194.253s][info][gc,phases   ] GC(403)   Merge Heap Roots: 0.19ms
[194.253s][info][gc,phases   ] GC(403)   Evacuate Collection Set: 50.97ms
[194.253s][info][gc,phases   ] GC(403)   Post Evacuate Collection Set: 0.62ms
[194.253s][info][gc,phases   ] GC(403)   Other: 0.08ms
[194.253s][info][gc,heap     ] GC(403) Eden regions: 292->0(263)
[194.253s][info][gc,heap     ] GC(403) Survivor regions: 12->38(38)
[194.253s][info][gc,heap     ] GC(403) Old regions: 140->136
[194.253s][info][gc,heap     ] GC(403) Humongous regions: 6->6
[194.253s][info][gc,metaspace] GC(403) Metaspace: 42109K(42560K)->42109K(42560K) NonClass: 39294K(39616K)->39294K(39616K) Class: 2814K(2944K)->2814K(2944K)
[194.253s][info][gc          ] GC(403) Pause Young (Mixed) (G1 Evacuation Pause) 448M->179M(507M) 52.389ms
[194.253s][info][gc,cpu      ] GC(403) User=0.10s Sys=0.00s Real=0.06s
[194.689s][info][gc,start    ] GC(404) Pause Young (Concurrent Start) (G1 Humongous Allocation)
[194.689s][info][gc,task     ] GC(404) Using 2 workers of 2 for evacuation
[194.753s][info][gc,phases   ] GC(404)   Pre Evacuate Collection Set: 0.25ms
[194.753s][info][gc,phases   ] GC(404)   Merge Heap Roots: 0.19ms
[194.753s][info][gc,phases   ] GC(404)   Evacuate Collection Set: 62.67ms
[194.753s][info][gc,phases   ] GC(404)   Post Evacuate Collection Set: 0.49ms
[194.753s][info][gc,phases   ] GC(404)   Other: 0.12ms
[194.753s][info][gc,heap     ] GC(404) Eden regions: 202->0(242)
[194.753s][info][gc,heap     ] GC(404) Survivor regions: 38->23(38)
[194.753s][info][gc,heap     ] GC(404) Old regions: 136->175
[194.753s][info][gc,heap     ] GC(404) Humongous regions: 6->6
[194.753s][info][gc,metaspace] GC(404) Metaspace: 42109K(42560K)->42109K(42560K) NonClass: 39294K(39616K)->39294K(39616K) Class: 2814K(2944K)->2814K(2944K)
[194.753s][info][gc          ] GC(404) Pause Young (Concurrent Start) (G1 Humongous Allocation) 380M->202M(507M) 63.941ms
[194.753s][info][gc,cpu      ] GC(404) User=0.12s Sys=0.00s Real=0.07s
[194.753s][info][gc          ] GC(405) Concurrent Mark Cycle
[194.753s][info][gc,marking  ] GC(405) Concurrent Scan Root Regions
[194.783s][info][gc,marking  ] GC(405) Concurrent Scan Root Regions 29.804ms
[194.783s][info][gc,marking  ] GC(405) Concurrent Mark
[194.783s][info][gc,marking  ] GC(405) Concurrent Mark From Roots
[194.783s][info][gc,task     ] GC(405) Using 1 workers of 1 for marking
[194.826s][info][gc,marking  ] GC(405) Concurrent Mark From Roots 42.583ms
[194.826s][info][gc,marking  ] GC(405) Concurrent Preclean
[194.826s][info][gc,marking  ] GC(405) Concurrent Preclean 0.057ms
[194.826s][info][gc,start    ] GC(405) Pause Remark
[194.841s][info][gc          ] GC(405) Pause Remark 216M->139M(434M) 15.015ms
[194.841s][info][gc,cpu      ] GC(405) User=0.02s Sys=0.00s Real=0.01s
[194.841s][info][gc,marking  ] GC(405) Concurrent Mark 57.968ms
[194.841s][info][gc,marking  ] GC(405) Concurrent Rebuild Remembered Sets and Scrub Regions
[194.893s][info][gc,marking  ] GC(405) Concurrent Rebuild Remembered Sets and Scrub Regions 52.084ms
[194.893s][info][gc,start    ] GC(405) Pause Cleanup
[194.893s][info][gc          ] GC(405) Pause Cleanup 162M->162M(434M) 0.049ms
[194.893s][info][gc,cpu      ] GC(405) User=0.00s Sys=0.00s Real=0.00s
[194.893s][info][gc,marking  ] GC(405) Concurrent Clear Claimed Marks
[194.893s][info][gc,marking  ] GC(405) Concurrent Clear Claimed Marks 0.036ms
[194.893s][info][gc,marking  ] GC(405) Concurrent Cleanup for Next Mark
[194.895s][info][gc,marking  ] GC(405) Concurrent Cleanup for Next Mark 1.247ms
[194.895s][info][gc          ] GC(405) Concurrent Mark Cycle 141.622ms
[196.194s][info][gc,start    ] GC(406) Pause Young (Prepare Mixed) (G1 Evacuation Pause)
[196.194s][info][gc,task     ] GC(406) Using 2 workers of 2 for evacuation
[196.277s][info][gc,phases   ] GC(406)   Pre Evacuate Collection Set: 0.99ms
[196.277s][info][gc,phases   ] GC(406)   Merge Heap Roots: 0.43ms
[196.277s][info][gc,phases   ] GC(406)   Evacuate Collection Set: 80.55ms
[196.277s][info][gc,phases   ] GC(406)   Post Evacuate Collection Set: 0.58ms
[196.277s][info][gc,phases   ] GC(406)   Other: 0.10ms
[196.277s][info][gc,heap     ] GC(406) Eden regions: 237->0(215)
[196.277s][info][gc,heap     ] GC(406) Survivor regions: 23->25(33)
[196.277s][info][gc,heap     ] GC(406) Old regions: 98->122
[196.277s][info][gc,heap     ] GC(406) Humongous regions: 17->15
[196.277s][info][gc,metaspace] GC(406) Metaspace: 42109K(42560K)->42109K(42560K) NonClass: 39294K(39616K)->39294K(39616K) Class: 2814K(2944K)->2814K(2944K)
[196.277s][info][gc          ] GC(406) Pause Young (Prepare Mixed) (G1 Evacuation Pause) 374M->160M(434M) 82.913ms
[196.277s][info][gc,cpu      ] GC(406) User=0.13s Sys=0.00s Real=0.08s
[197.213s][info][gc,start    ] GC(407) Pause Young (Mixed) (G1 Evacuation Pause)
[197.213s][info][gc,task     ] GC(407) Using 2 workers of 2 for evacuation
[197.253s][info][gc,phases   ] GC(407)   Pre Evacuate Collection Set: 0.24ms
[197.253s][info][gc,phases   ] GC(407)   Merge Heap Roots: 0.17ms
[197.253s][info][gc,phases   ] GC(407)   Evacuate Collection Set: 38.38ms
[197.253s][info][gc,phases   ] GC(407)   Post Evacuate Collection Set: 0.47ms
[197.253s][info][gc,phases   ] GC(407)   Other: 0.10ms
[197.253s][info][gc,heap     ] GC(407) Eden regions: 215->0(218)
[197.253s][info][gc,heap     ] GC(407) Survivor regions: 25->13(30)
[197.253s][info][gc,heap     ] GC(407) Old regions: 122->133
[197.253s][info][gc,heap     ] GC(407) Humongous regions: 15->15
[197.253s][info][gc,metaspace] GC(407) Metaspace: 42109K(42560K)->42109K(42560K) NonClass: 39294K(39616K)->39294K(39616K) Class: 2814K(2944K)->2814K(2944K)
[197.253s][info][gc          ] GC(407) Pause Young (Mixed) (G1 Evacuation Pause) 375M->158M(434M) 39.592ms
[197.253s][info][gc,cpu      ] GC(407) User=0.07s Sys=0.00s Real=0.04s
[198.502s][info][gc,start    ] GC(408) Pause Young (Concurrent Start) (G1 Evacuation Pause)
[198.502s][info][gc,task     ] GC(408) Using 2 workers of 2 for evacuation
[198.531s][info][gc,phases   ] GC(408)   Pre Evacuate Collection Set: 0.24ms
[198.531s][info][gc,phases   ] GC(408)   Merge Heap Roots: 0.10ms
[198.531s][info][gc,phases   ] GC(408)   Evacuate Collection Set: 28.07ms
[198.531s][info][gc,phases   ] GC(408)   Post Evacuate Collection Set: 0.48ms
[198.531s][info][gc,phases   ] GC(408)   Other: 0.13ms
[198.531s][info][gc,heap     ] GC(408) Eden regions: 218->0(201)
[198.531s][info][gc,heap     ] GC(408) Survivor regions: 13->29(29)
[198.531s][info][gc,heap     ] GC(408) Old regions: 133->136
[198.531s][info][gc,heap     ] GC(408) Humongous regions: 15->15
[198.531s][info][gc,metaspace] GC(408) Metaspace: 42116K(42560K)->42116K(42560K) NonClass: 39301K(39616K)->39301K(39616K) Class: 2814K(2944K)->2814K(2944K)
[198.531s][info][gc          ] GC(408) Pause Young (Concurrent Start) (G1 Evacuation Pause) 376M->179M(434M) 29.261ms
[198.531s][info][gc,cpu      ] GC(408) User=0.06s Sys=0.00s Real=0.03s
[198.531s][info][gc          ] GC(409) Concurrent Mark Cycle
[198.531s][info][gc,marking  ] GC(409) Concurrent Scan Root Regions
[198.548s][info][gc,marking  ] GC(409) Concurrent Scan Root Regions 17.435ms
[198.549s][info][gc,marking  ] GC(409) Concurrent Mark
[198.549s][info][gc,marking  ] GC(409) Concurrent Mark From Roots
[198.549s][info][gc,task     ] GC(409) Using 1 workers of 1 for marking
[198.582s][info][gc,marking  ] GC(409) Concurrent Mark From Roots 33.472ms
[198.582s][info][gc,marking  ] GC(409) Concurrent Preclean
[198.582s][info][gc,marking  ] GC(409) Concurrent Preclean 0.033ms
[198.582s][info][gc,start    ] GC(409) Pause Remark
[198.597s][info][gc          ] GC(409) Pause Remark 187M->98M(304M) 15.140ms
[198.597s][info][gc,cpu      ] GC(409) User=0.03s Sys=0.00s Real=0.01s
[198.597s][info][gc,marking  ] GC(409) Concurrent Mark 48.914ms
[198.597s][info][gc,marking  ] GC(409) Concurrent Rebuild Remembered Sets and Scrub Regions
[198.611s][info][gc,marking  ] GC(409) Concurrent Rebuild Remembered Sets and Scrub Regions 13.846ms
[198.611s][info][gc,start    ] GC(409) Pause Cleanup
[198.611s][info][gc          ] GC(409) Pause Cleanup 100M->100M(304M) 0.043ms
[198.611s][info][gc,cpu      ] GC(409) User=0.00s Sys=0.00s Real=0.00s
[198.612s][info][gc,marking  ] GC(409) Concurrent Clear Claimed Marks
[198.612s][info][gc,marking  ] GC(409) Concurrent Clear Claimed Marks 0.032ms
[198.612s][info][gc,marking  ] GC(409) Concurrent Cleanup for Next Mark
[198.612s][info][gc,marking  ] GC(409) Concurrent Cleanup for Next Mark 0.862ms
[198.612s][info][gc          ] GC(409) Concurrent Mark Cycle 81.592ms
[199.395s][info][gc,start    ] GC(410) Pause Young (Prepare Mixed) (G1 Evacuation Pause)
[199.395s][info][gc,task     ] GC(410) Using 2 workers of 2 for evacuation
[199.414s][info][gc,phases   ] GC(410)   Pre Evacuate Collection Set: 0.17ms
[199.414s][info][gc,phases   ] GC(410)   Merge Heap Roots: 0.09ms
[199.414s][info][gc,phases   ] GC(410)   Evacuate Collection Set: 18.20ms
[199.414s][info][gc,phases   ] GC(410)   Post Evacuate Collection Set: 0.41ms
[199.414s][info][gc,phases   ] GC(410)   Other: 0.07ms
[199.414s][info][gc,heap     ] GC(410) Eden regions: 153->0(168)
[199.414s][info][gc,heap     ] GC(410) Survivor regions: 29->14(23)
[199.414s][info][gc,heap     ] GC(410) Old regions: 61->69
[199.414s][info][gc,heap     ] GC(410) Humongous regions: 1->1
[199.414s][info][gc,metaspace] GC(410) Metaspace: 42116K(42560K)->42116K(42560K) NonClass: 39302K(39616K)->39302K(39616K) Class: 2814K(2944K)->2814K(2944K)
[199.414s][info][gc          ] GC(410) Pause Young (Prepare Mixed) (G1 Evacuation Pause) 243M->82M(304M) 19.121ms
[199.414s][info][gc,cpu      ] GC(410) User=0.03s Sys=0.00s Real=0.02s
[200.490s][info][gc,start    ] GC(411) Pause Young (Mixed) (G1 Evacuation Pause)
[200.490s][info][gc,task     ] GC(411) Using 2 workers of 2 for evacuation
[200.517s][info][gc,phases   ] GC(411)   Pre Evacuate Collection Set: 0.21ms
[200.517s][info][gc,phases   ] GC(411)   Merge Heap Roots: 0.11ms
[200.517s][info][gc,phases   ] GC(411)   Evacuate Collection Set: 26.85ms
[200.517s][info][gc,phases   ] GC(411)   Post Evacuate Collection Set: 0.44ms
[200.517s][info][gc,phases   ] GC(411)   Other: 0.07ms
[200.517s][info][gc,heap     ] GC(411) Eden regions: 168->0(166)
[200.517s][info][gc,heap     ] GC(411) Survivor regions: 14->16(23)
[200.517s][info][gc,heap     ] GC(411) Old regions: 69->65
[200.517s][info][gc,heap     ] GC(411) Humongous regions: 2->2
[200.517s][info][gc,metaspace] GC(411) Metaspace: 42116K(42560K)->42116K(42560K) NonClass: 39302K(39616K)->39302K(39616K) Class: 2814K(2944K)->2814K(2944K)
[200.517s][info][gc          ] GC(411) Pause Young (Mixed) (G1 Evacuation Pause) 251M->82M(304M) 27.921ms
[200.517s][info][gc,cpu      ] GC(411) User=0.06s Sys=0.01s Real=0.03s
[201.474s][info][gc,start    ] GC(412) Pause Young (Concurrent Start) (G1 Evacuation Pause)
[201.474s][info][gc,task     ] GC(412) Using 2 workers of 2 for evacuation
[201.501s][info][gc,phases   ] GC(412)   Pre Evacuate Collection Set: 0.20ms
[201.501s][info][gc,phases   ] GC(412)   Merge Heap Roots: 0.10ms
[201.501s][info][gc,phases   ] GC(412)   Evacuate Collection Set: 26.05ms
[201.501s][info][gc,phases   ] GC(412)   Post Evacuate Collection Set: 0.43ms
[201.501s][info][gc,phases   ] GC(412)   Other: 0.10ms
[201.501s][info][gc,heap     ] GC(412) Eden regions: 166->0(164)
[201.501s][info][gc,heap     ] GC(412) Survivor regions: 16->15(23)
[201.501s][info][gc,heap     ] GC(412) Old regions: 65->81
[201.501s][info][gc,heap     ] GC(412) Humongous regions: 2->2
[201.501s][info][gc,metaspace] GC(412) Metaspace: 42116K(42560K)->42116K(42560K) NonClass: 39302K(39616K)->39302K(39616K) Class: 2814K(2944K)->2814K(2944K)
[201.501s][info][gc          ] GC(412) Pause Young (Concurrent Start) (G1 Evacuation Pause) 248M->97M(304M) 27.087ms
[201.501s][info][gc,cpu      ] GC(412) User=0.05s Sys=0.00s Real=0.02s
[201.501s][info][gc          ] GC(413) Concurrent Mark Cycle
[201.501s][info][gc,marking  ] GC(413) Concurrent Scan Root Regions
[201.521s][info][gc,marking  ] GC(413) Concurrent Scan Root Regions 19.940ms
[201.521s][info][gc,marking  ] GC(413) Concurrent Mark
[201.521s][info][gc,marking  ] GC(413) Concurrent Mark From Roots
[201.521s][info][gc,task     ] GC(413) Using 1 workers of 1 for marking
[201.557s][info][gc,marking  ] GC(413) Concurrent Mark From Roots 35.729ms
[201.557s][info][gc,marking  ] GC(413) Concurrent Preclean
[201.557s][info][gc,marking  ] GC(413) Concurrent Preclean 0.033ms
[201.557s][info][gc,start    ] GC(413) Pause Remark
[201.571s][info][gc          ] GC(413) Pause Remark 105M->101M(304M) 14.262ms
[201.571s][info][gc,cpu      ] GC(413) User=0.02s Sys=0.01s Real=0.01s
[201.571s][info][gc,marking  ] GC(413) Concurrent Mark 50.380ms
[201.572s][info][gc,marking  ] GC(413) Concurrent Rebuild Remembered Sets and Scrub Regions
[201.597s][info][gc,marking  ] GC(413) Concurrent Rebuild Remembered Sets and Scrub Regions 25.595ms
[201.597s][info][gc,start    ] GC(413) Pause Cleanup
[201.597s][info][gc          ] GC(413) Pause Cleanup 106M->106M(304M) 0.047ms
[201.597s][info][gc,cpu      ] GC(413) User=0.00s Sys=0.00s Real=0.00s
[201.597s][info][gc,marking  ] GC(413) Concurrent Clear Claimed Marks
[201.597s][info][gc,marking  ] GC(413) Concurrent Clear Claimed Marks 0.033ms
[201.597s][info][gc,marking  ] GC(413) Concurrent Cleanup for Next Mark
[201.598s][info][gc,marking  ] GC(413) Concurrent Cleanup for Next Mark 0.875ms
[201.598s][info][gc          ] GC(413) Concurrent Mark Cycle 97.187ms
[202.009s][info][gc,start    ] GC(414) Pause Young (Prepare Mixed) (G1 Evacuation Pause)
[202.009s][info][gc,task     ] GC(414) Using 2 workers of 2 for evacuation
[202.033s][info][gc,phases   ] GC(414)   Pre Evacuate Collection Set: 0.17ms
[202.033s][info][gc,phases   ] GC(414)   Merge Heap Roots: 0.09ms
[202.033s][info][gc,phases   ] GC(414)   Evacuate Collection Set: 23.15ms
[202.033s][info][gc,phases   ] GC(414)   Post Evacuate Collection Set: 0.41ms
[202.033s][info][gc,phases   ] GC(414)   Other: 0.10ms
[202.033s][info][gc,heap     ] GC(414) Eden regions: 164->0(150)
[202.033s][info][gc,heap     ] GC(414) Survivor regions: 15->23(23)
[202.033s][info][gc,heap     ] GC(414) Old regions: 77->80
[202.033s][info][gc,heap     ] GC(414) Humongous regions: 4->4
[202.033s][info][gc,metaspace] GC(414) Metaspace: 42116K(42560K)->42116K(42560K) NonClass: 39302K(39616K)->39302K(39616K) Class: 2814K(2944K)->2814K(2944K)
[202.033s][info][gc          ] GC(414) Pause Young (Prepare Mixed) (G1 Evacuation Pause) 258M->106M(304M) 24.142ms
[202.033s][info][gc,cpu      ] GC(414) User=0.05s Sys=0.00s Real=0.03s
[202.376s][info][gc,start    ] GC(415) Pause Young (Mixed) (G1 Evacuation Pause)
[202.376s][info][gc,task     ] GC(415) Using 2 workers of 2 for evacuation
[202.419s][info][gc,phases   ] GC(415)   Pre Evacuate Collection Set: 0.18ms
[202.419s][info][gc,phases   ] GC(415)   Merge Heap Roots: 0.22ms
[202.419s][info][gc,phases   ] GC(415)   Evacuate Collection Set: 41.54ms
[202.419s][info][gc,phases   ] GC(415)   Post Evacuate Collection Set: 0.65ms
[202.419s][info][gc,phases   ] GC(415)   Other: 0.07ms
[202.419s][info][gc,heap     ] GC(415) Eden regions: 150->0(152)
[202.419s][info][gc,heap     ] GC(415) Survivor regions: 23->18(22)
[202.419s][info][gc,heap     ] GC(415) Old regions: 80->81
[202.419s][info][gc,heap     ] GC(415) Humongous regions: 5->5
[202.419s][info][gc,metaspace] GC(415) Metaspace: 42116K(42560K)->42116K(42560K) NonClass: 39302K(39616K)->39302K(39616K) Class: 2814K(2944K)->2814K(2944K)
[202.419s][info][gc          ] GC(415) Pause Young (Mixed) (G1 Evacuation Pause) 257M->103M(304M) 42.858ms
[202.419s][info][gc,cpu      ] GC(415) User=0.08s Sys=0.00s Real=0.04s
[202.437s][info][gc,start    ] GC(416) Pause Young (Concurrent Start) (G1 Humongous Allocation)
[202.438s][info][gc,task     ] GC(416) Using 2 workers of 2 for evacuation
[202.452s][info][gc,phases   ] GC(416)   Pre Evacuate Collection Set: 0.16ms
[202.452s][info][gc,phases   ] GC(416)   Merge Heap Roots: 0.04ms
[202.452s][info][gc,phases   ] GC(416)   Evacuate Collection Set: 13.56ms
[202.452s][info][gc,phases   ] GC(416)   Post Evacuate Collection Set: 0.27ms
[202.452s][info][gc,phases   ] GC(416)   Other: 0.11ms
[202.452s][info][gc,heap     ] GC(416) Eden regions: 7->0(152)
[202.452s][info][gc,heap     ] GC(416) Survivor regions: 18->1(22)
[202.452s][info][gc,heap     ] GC(416) Old regions: 81->99
[202.452s][info][gc,heap     ] GC(416) Humongous regions: 5->5
[202.452s][info][gc,metaspace] GC(416) Metaspace: 42116K(42560K)->42116K(42560K) NonClass: 39302K(39616K)->39302K(39616K) Class: 2814K(2944K)->2814K(2944K)
[202.452s][info][gc          ] GC(416) Pause Young (Concurrent Start) (G1 Humongous Allocation) 110M->104M(304M) 14.308ms
[202.452s][info][gc,cpu      ] GC(416) User=0.03s Sys=0.00s Real=0.02s
[202.452s][info][gc          ] GC(417) Concurrent Mark Cycle
[202.452s][info][gc,marking  ] GC(417) Concurrent Scan Root Regions
[202.468s][info][gc,marking  ] GC(417) Concurrent Scan Root Regions 16.127ms
[202.468s][info][gc,marking  ] GC(417) Concurrent Mark
[202.468s][info][gc,marking  ] GC(417) Concurrent Mark From Roots
[202.468s][info][gc,task     ] GC(417) Using 1 workers of 1 for marking
[202.519s][info][gc,marking  ] GC(417) Concurrent Mark From Roots 50.772ms
[202.519s][info][gc,marking  ] GC(417) Concurrent Preclean
[202.519s][info][gc,marking  ] GC(417) Concurrent Preclean 0.034ms
[202.519s][info][gc,start    ] GC(417) Pause Remark
[202.534s][info][gc          ] GC(417) Pause Remark 128M->118M(304M) 15.093ms
[202.534s][info][gc,cpu      ] GC(417) User=0.03s Sys=0.00s Real=0.02s
[202.534s][info][gc,marking  ] GC(417) Concurrent Mark 66.240ms
[202.534s][info][gc,marking  ] GC(417) Concurrent Rebuild Remembered Sets and Scrub Regions
[202.571s][info][gc,marking  ] GC(417) Concurrent Rebuild Remembered Sets and Scrub Regions 36.313ms
[202.571s][info][gc,start    ] GC(417) Pause Cleanup
[202.571s][info][gc          ] GC(417) Pause Cleanup 134M->134M(304M) 0.058ms
[202.571s][info][gc,cpu      ] GC(417) User=0.00s Sys=0.00s Real=0.00s
[202.571s][info][gc,marking  ] GC(417) Concurrent Clear Claimed Marks
[202.571s][info][gc,marking  ] GC(417) Concurrent Clear Claimed Marks 0.033ms
[202.571s][info][gc,marking  ] GC(417) Concurrent Cleanup for Next Mark
[202.572s][info][gc,marking  ] GC(417) Concurrent Cleanup for Next Mark 0.858ms
[202.572s][info][gc          ] GC(417) Concurrent Mark Cycle 119.982ms
[202.829s][info][gc,start    ] GC(418) Pause Young (Prepare Mixed) (G1 Evacuation Pause)
[202.829s][info][gc,task     ] GC(418) Using 2 workers of 2 for evacuation
[202.851s][info][gc,phases   ] GC(418)   Pre Evacuate Collection Set: 0.17ms
[202.851s][info][gc,phases   ] GC(418)   Merge Heap Roots: 0.09ms
[202.851s][info][gc,phases   ] GC(418)   Evacuate Collection Set: 21.63ms
[202.851s][info][gc,phases   ] GC(418)   Post Evacuate Collection Set: 0.37ms
[202.851s][info][gc,phases   ] GC(418)   Other: 0.07ms
[202.851s][info][gc,heap     ] GC(418) Eden regions: 152->0(145)
[202.851s][info][gc,heap     ] GC(418) Survivor regions: 1->19(20)
[202.851s][info][gc,heap     ] GC(418) Old regions: 90->90
[202.851s][info][gc,heap     ] GC(418) Humongous regions: 6->6
[202.851s][info][gc,metaspace] GC(418) Metaspace: 42116K(42560K)->42116K(42560K) NonClass: 39302K(39616K)->39302K(39616K) Class: 2814K(2944K)->2814K(2944K)
[202.851s][info][gc          ] GC(418) Pause Young (Prepare Mixed) (G1 Evacuation Pause) 248M->114M(304M) 22.523ms
[202.851s][info][gc,cpu      ] GC(418) User=0.05s Sys=0.00s Real=0.02s
[203.239s][info][gc,start    ] GC(419) Pause Young (Mixed) (G1 Evacuation Pause)
[203.239s][info][gc,task     ] GC(419) Using 2 workers of 2 for evacuation
[203.284s][info][gc,phases   ] GC(419)   Pre Evacuate Collection Set: 0.17ms
[203.284s][info][gc,phases   ] GC(419)   Merge Heap Roots: 0.18ms
[203.284s][info][gc,phases   ] GC(419)   Evacuate Collection Set: 43.81ms
[203.284s][info][gc,phases   ] GC(419)   Post Evacuate Collection Set: 0.45ms
[203.284s][info][gc,phases   ] GC(419)   Other: 0.08ms
[203.284s][info][gc,heap     ] GC(419) Eden regions: 145->0(145)
[203.284s][info][gc,heap     ] GC(419) Survivor regions: 19->17(21)
[203.284s][info][gc,heap     ] GC(419) Old regions: 90->89
[203.284s][info][gc,heap     ] GC(419) Humongous regions: 10->10
[203.284s][info][gc,metaspace] GC(419) Metaspace: 42116K(42560K)->42116K(42560K) NonClass: 39302K(39616K)->39302K(39616K) Class: 2814K(2944K)->2814K(2944K)
[203.284s][info][gc          ] GC(419) Pause Young (Mixed) (G1 Evacuation Pause) 263M->115M(304M) 44.896ms
[203.284s][info][gc,cpu      ] GC(419) User=0.09s Sys=0.00s Real=0.05s
[203.754s][info][gc,start    ] GC(420) Pause Young (Concurrent Start) (G1 Humongous Allocation)
[203.754s][info][gc,task     ] GC(420) Using 2 workers of 2 for evacuation
[203.804s][info][gc,phases   ] GC(420)   Pre Evacuate Collection Set: 0.19ms
[203.804s][info][gc,phases   ] GC(420)   Merge Heap Roots: 0.11ms
[203.804s][info][gc,phases   ] GC(420)   Evacuate Collection Set: 48.07ms
[203.804s][info][gc,phases   ] GC(420)   Post Evacuate Collection Set: 0.92ms
[203.804s][info][gc,phases   ] GC(420)   Other: 0.10ms
[203.804s][info][gc,heap     ] GC(420) Eden regions: 145->0(172)
[203.804s][info][gc,heap     ] GC(420) Survivor regions: 17->21(21)
[203.804s][info][gc,heap     ] GC(420) Old regions: 89->110
[203.804s][info][gc,heap     ] GC(420) Humongous regions: 10->10
[203.804s][info][gc,metaspace] GC(420) Metaspace: 42116K(42560K)->42116K(42560K) NonClass: 39302K(39616K)->39302K(39616K) Class: 2814K(2944K)->2814K(2944K)
[203.804s][info][gc          ] GC(420) Pause Young (Concurrent Start) (G1 Humongous Allocation) 259M->141M(373M) 49.663ms
[203.804s][info][gc,cpu      ] GC(420) User=0.10s Sys=0.00s Real=0.05s
[203.804s][info][gc          ] GC(421) Concurrent Mark Cycle
[203.804s][info][gc,marking  ] GC(421) Concurrent Scan Root Regions
[203.848s][info][gc,marking  ] GC(421) Concurrent Scan Root Regions 43.992ms
[203.848s][info][gc,marking  ] GC(421) Concurrent Mark
[203.848s][info][gc,marking  ] GC(421) Concurrent Mark From Roots
[203.848s][info][gc,task     ] GC(421) Using 1 workers of 1 for marking
[203.949s][info][gc,marking  ] GC(421) Concurrent Mark From Roots 100.499ms
[203.949s][info][gc,marking  ] GC(421) Concurrent Preclean
[203.949s][info][gc,marking  ] GC(421) Concurrent Preclean 0.076ms
[203.949s][info][gc,start    ] GC(421) Pause Remark
[203.963s][info][gc          ] GC(421) Pause Remark 153M->150M(373M) 13.941ms
[203.963s][info][gc,cpu      ] GC(421) User=0.03s Sys=0.00s Real=0.02s
[203.963s][info][gc,marking  ] GC(421) Concurrent Mark 114.853ms
[203.963s][info][gc,marking  ] GC(421) Concurrent Rebuild Remembered Sets and Scrub Regions
[204.030s][info][gc,marking  ] GC(421) Concurrent Rebuild Remembered Sets and Scrub Regions 67.055ms
[204.031s][info][gc,start    ] GC(421) Pause Cleanup
[204.031s][info][gc          ] GC(421) Pause Cleanup 158M->158M(373M) 0.085ms
[204.031s][info][gc,cpu      ] GC(421) User=0.00s Sys=0.00s Real=0.00s
[204.031s][info][gc,marking  ] GC(421) Concurrent Clear Claimed Marks
[204.031s][info][gc,marking  ] GC(421) Concurrent Clear Claimed Marks 0.045ms
[204.031s][info][gc,marking  ] GC(421) Concurrent Cleanup for Next Mark
[204.033s][info][gc,marking  ] GC(421) Concurrent Cleanup for Next Mark 1.807ms
[204.033s][info][gc          ] GC(421) Concurrent Mark Cycle 228.888ms
[205.170s][info][gc,start    ] GC(422) Pause Young (Prepare Mixed) (G1 Evacuation Pause)
[205.170s][info][gc,task     ] GC(422) Using 2 workers of 2 for evacuation
[205.207s][info][gc,phases   ] GC(422)   Pre Evacuate Collection Set: 0.24ms
[205.207s][info][gc,phases   ] GC(422)   Merge Heap Roots: 0.21ms
[205.207s][info][gc,phases   ] GC(422)   Evacuate Collection Set: 35.85ms
[205.207s][info][gc,phases   ] GC(422)   Post Evacuate Collection Set: 0.51ms
[205.207s][info][gc,phases   ] GC(422)   Other: 0.10ms
[205.207s][info][gc,heap     ] GC(422) Eden regions: 172->0(162)
[205.207s][info][gc,heap     ] GC(422) Survivor regions: 21->16(25)
[205.207s][info][gc,heap     ] GC(422) Old regions: 110->126
[205.207s][info][gc,heap     ] GC(422) Humongous regions: 15->13
[205.207s][info][gc,metaspace] GC(422) Metaspace: 42117K(42560K)->42117K(42560K) NonClass: 39302K(39616K)->39302K(39616K) Class: 2814K(2944K)->2814K(2944K)
[205.207s][info][gc          ] GC(422) Pause Young (Prepare Mixed) (G1 Evacuation Pause) 318M->154M(373M) 37.121ms
[205.207s][info][gc,cpu      ] GC(422) User=0.07s Sys=0.00s Real=0.04s
[205.903s][info][gc,start    ] GC(423) Pause Young (Mixed) (G1 Evacuation Pause)
[205.903s][info][gc,task     ] GC(423) Using 2 workers of 2 for evacuation
[205.928s][info][gc,phases   ] GC(423)   Pre Evacuate Collection Set: 0.25ms
[205.928s][info][gc,phases   ] GC(423)   Merge Heap Roots: 0.16ms
[205.928s][info][gc,phases   ] GC(423)   Evacuate Collection Set: 23.98ms
[205.928s][info][gc,phases   ] GC(423)   Post Evacuate Collection Set: 0.45ms
[205.928s][info][gc,phases   ] GC(423)   Other: 0.07ms
[205.928s][info][gc,heap     ] GC(423) Eden regions: 162->0(162)
[205.928s][info][gc,heap     ] GC(423) Survivor regions: 16->10(23)
[205.928s][info][gc,heap     ] GC(423) Old regions: 126->137
[205.928s][info][gc,heap     ] GC(423) Humongous regions: 13->13
[205.928s][info][gc,metaspace] GC(423) Metaspace: 42117K(42560K)->42117K(42560K) NonClass: 39302K(39616K)->39302K(39616K) Class: 2814K(2944K)->2814K(2944K)
[205.929s][info][gc          ] GC(423) Pause Young (Mixed) (G1 Evacuation Pause) 316M->159M(373M) 25.119ms
[205.929s][info][gc,cpu      ] GC(423) User=0.05s Sys=0.00s Real=0.02s
[206.803s][info][gc,start    ] GC(424) Pause Young (Concurrent Start) (G1 Evacuation Pause)
[206.803s][info][gc,task     ] GC(424) Using 2 workers of 2 for evacuation
[206.825s][info][gc,phases   ] GC(424)   Pre Evacuate Collection Set: 0.22ms
[206.825s][info][gc,phases   ] GC(424)   Merge Heap Roots: 0.07ms
[206.825s][info][gc,phases   ] GC(424)   Evacuate Collection Set: 21.89ms
[206.825s][info][gc,phases   ] GC(424)   Post Evacuate Collection Set: 0.42ms
[206.825s][info][gc,phases   ] GC(424)   Other: 0.09ms
[206.825s][info][gc,heap     ] GC(424) Eden regions: 162->0(150)
[206.825s][info][gc,heap     ] GC(424) Survivor regions: 10->22(22)
[206.825s][info][gc,heap     ] GC(424) Old regions: 137->142
[206.825s][info][gc,heap     ] GC(424) Humongous regions: 13->13
[206.825s][info][gc,metaspace] GC(424) Metaspace: 42117K(42560K)->42117K(42560K) NonClass: 39302K(39616K)->39302K(39616K) Class: 2814K(2944K)->2814K(2944K)
[206.825s][info][gc          ] GC(424) Pause Young (Concurrent Start) (G1 Evacuation Pause) 321M->176M(373M) 22.924ms
[206.825s][info][gc,cpu      ] GC(424) User=0.04s Sys=0.00s Real=0.02s
[206.825s][info][gc          ] GC(425) Concurrent Mark Cycle
[206.826s][info][gc,marking  ] GC(425) Concurrent Scan Root Regions
[206.842s][info][gc,marking  ] GC(425) Concurrent Scan Root Regions 16.619ms
[206.842s][info][gc,marking  ] GC(425) Concurrent Mark
[206.842s][info][gc,marking  ] GC(425) Concurrent Mark From Roots
[206.842s][info][gc,task     ] GC(425) Using 1 workers of 1 for marking
[206.878s][info][gc,marking  ] GC(425) Concurrent Mark From Roots 35.755ms
[206.878s][info][gc,marking  ] GC(425) Concurrent Preclean
[206.878s][info][gc,marking  ] GC(425) Concurrent Preclean 0.033ms
[206.878s][info][gc,start    ] GC(425) Pause Remark
[206.892s][info][gc          ] GC(425) Pause Remark 185M->85M(257M) 13.887ms
[206.892s][info][gc,cpu      ] GC(425) User=0.03s Sys=0.00s Real=0.02s
[206.894s][info][gc,marking  ] GC(425) Concurrent Mark 51.675ms
[206.894s][info][gc,marking  ] GC(425) Concurrent Rebuild Remembered Sets and Scrub Regions
[206.911s][info][gc,marking  ] GC(425) Concurrent Rebuild Remembered Sets and Scrub Regions 17.315ms
[206.916s][info][gc,start    ] GC(425) Pause Cleanup
[206.916s][info][gc          ] GC(425) Pause Cleanup 87M->87M(257M) 0.064ms
[206.916s][info][gc,cpu      ] GC(425) User=0.00s Sys=0.00s Real=0.00s
[206.916s][info][gc,marking  ] GC(425) Concurrent Clear Claimed Marks
[206.916s][info][gc,marking  ] GC(425) Concurrent Clear Claimed Marks 0.041ms
[206.916s][info][gc,marking  ] GC(425) Concurrent Cleanup for Next Mark
[206.917s][info][gc,marking  ] GC(425) Concurrent Cleanup for Next Mark 0.804ms
[206.917s][info][gc          ] GC(425) Concurrent Mark Cycle 91.058ms
[207.569s][info][gc,start    ] GC(426) Pause Young (Prepare Mixed) (G1 Evacuation Pause)
[207.569s][info][gc,task     ] GC(426) Using 2 workers of 2 for evacuation
[207.585s][info][gc,phases   ] GC(426)   Pre Evacuate Collection Set: 0.23ms
[207.585s][info][gc,phases   ] GC(426)   Merge Heap Roots: 0.10ms
[207.585s][info][gc,phases   ] GC(426)   Evacuate Collection Set: 15.16ms
[207.585s][info][gc,phases   ] GC(426)   Post Evacuate Collection Set: 0.37ms
[207.585s][info][gc,phases   ] GC(426)   Other: 0.07ms
[207.585s][info][gc,heap     ] GC(426) Eden regions: 132->0(140)
[207.585s][info][gc,heap     ] GC(426) Survivor regions: 22->14(20)
[207.585s][info][gc,heap     ] GC(426) Old regions: 54->59
[207.585s][info][gc,heap     ] GC(426) Humongous regions: 1->1
[207.585s][info][gc,metaspace] GC(426) Metaspace: 42117K(42560K)->42117K(42560K) NonClass: 39302K(39616K)->39302K(39616K) Class: 2814K(2944K)->2814K(2944K)
[207.585s][info][gc          ] GC(426) Pause Young (Prepare Mixed) (G1 Evacuation Pause) 208M->72M(257M) 16.143ms
[207.585s][info][gc,cpu      ] GC(426) User=0.03s Sys=0.00s Real=0.02s
[208.348s][info][gc,start    ] GC(427) Pause Young (Mixed) (G1 Evacuation Pause)
[208.348s][info][gc,task     ] GC(427) Using 2 workers of 2 for evacuation
[208.373s][info][gc,phases   ] GC(427)   Pre Evacuate Collection Set: 0.17ms
[208.373s][info][gc,phases   ] GC(427)   Merge Heap Roots: 0.07ms
[208.373s][info][gc,phases   ] GC(427)   Evacuate Collection Set: 23.84ms
[208.373s][info][gc,phases   ] GC(427)   Post Evacuate Collection Set: 0.40ms
[208.373s][info][gc,phases   ] GC(427)   Other: 0.08ms
[208.373s][info][gc,heap     ] GC(427) Eden regions: 140->0(135)
[208.373s][info][gc,heap     ] GC(427) Survivor regions: 14->15(20)
[208.373s][info][gc,heap     ] GC(427) Old regions: 59->66
[208.373s][info][gc,heap     ] GC(427) Humongous regions: 2->2
[208.373s][info][gc,metaspace] GC(427) Metaspace: 42118K(42560K)->42118K(42560K) NonClass: 39303K(39616K)->39303K(39616K) Class: 2814K(2944K)->2814K(2944K)
[208.373s][info][gc          ] GC(427) Pause Young (Mixed) (G1 Evacuation Pause) 213M->82M(257M) 24.759ms
[208.373s][info][gc,cpu      ] GC(427) User=0.05s Sys=0.00s Real=0.03s
[209.084s][info][gc,start    ] GC(428) Pause Young (Concurrent Start) (G1 Evacuation Pause)
[209.084s][info][gc,task     ] GC(428) Using 2 workers of 2 for evacuation
[209.107s][info][gc,phases   ] GC(428)   Pre Evacuate Collection Set: 0.18ms
[209.107s][info][gc,phases   ] GC(428)   Merge Heap Roots: 0.06ms
[209.107s][info][gc,phases   ] GC(428)   Evacuate Collection Set: 21.97ms
[209.107s][info][gc,phases   ] GC(428)   Post Evacuate Collection Set: 0.40ms
[209.107s][info][gc,phases   ] GC(428)   Other: 0.13ms
[209.107s][info][gc,heap     ] GC(428) Eden regions: 135->0(127)
[209.107s][info][gc,heap     ] GC(428) Survivor regions: 15->12(19)
[209.107s][info][gc,heap     ] GC(428) Old regions: 66->80
[209.107s][info][gc,heap     ] GC(428) Humongous regions: 2->2
[209.107s][info][gc,metaspace] GC(428) Metaspace: 42118K(42560K)->42118K(42560K) NonClass: 39303K(39616K)->39303K(39616K) Class: 2814K(2944K)->2814K(2944K)
[209.107s][info][gc          ] GC(428) Pause Young (Concurrent Start) (G1 Evacuation Pause) 217M->93M(257M) 22.946ms
[209.107s][info][gc,cpu      ] GC(428) User=0.05s Sys=0.00s Real=0.02s
[209.107s][info][gc          ] GC(429) Concurrent Mark Cycle
[209.107s][info][gc,marking  ] GC(429) Concurrent Scan Root Regions
[209.127s][info][gc,marking  ] GC(429) Concurrent Scan Root Regions 20.029ms
[209.127s][info][gc,marking  ] GC(429) Concurrent Mark
[209.127s][info][gc,marking  ] GC(429) Concurrent Mark From Roots
[209.127s][info][gc,task     ] GC(429) Using 1 workers of 1 for marking
[209.171s][info][gc,marking  ] GC(429) Concurrent Mark From Roots 43.507ms
[209.171s][info][gc,marking  ] GC(429) Concurrent Preclean
[209.171s][info][gc,marking  ] GC(429) Concurrent Preclean 0.033ms
[209.171s][info][gc,start    ] GC(429) Pause Remark
[209.187s][info][gc          ] GC(429) Pause Remark 103M->101M(257M) 15.817ms
[209.187s][info][gc,cpu      ] GC(429) User=0.03s Sys=0.00s Real=0.02s
[209.187s][info][gc,marking  ] GC(429) Concurrent Mark 59.561ms
[209.187s][info][gc,marking  ] GC(429) Concurrent Rebuild Remembered Sets and Scrub Regions
[209.218s][info][gc,marking  ] GC(429) Concurrent Rebuild Remembered Sets and Scrub Regions 31.131ms
[209.218s][info][gc,start    ] GC(429) Pause Cleanup
[209.218s][info][gc          ] GC(429) Pause Cleanup 106M->106M(257M) 0.045ms
[209.218s][info][gc,cpu      ] GC(429) User=0.00s Sys=0.00s Real=0.00s
[209.218s][info][gc,marking  ] GC(429) Concurrent Clear Claimed Marks
[209.218s][info][gc,marking  ] GC(429) Concurrent Clear Claimed Marks 0.034ms
[209.218s][info][gc,marking  ] GC(429) Concurrent Cleanup for Next Mark
[209.219s][info][gc,marking  ] GC(429) Concurrent Cleanup for Next Mark 0.786ms
[209.219s][info][gc          ] GC(429) Concurrent Mark Cycle 111.800ms
[209.798s][info][gc,start    ] GC(430) Pause Young (Prepare Mixed) (G1 Evacuation Pause)
[209.798s][info][gc,task     ] GC(430) Using 2 workers of 2 for evacuation
[209.811s][info][gc,phases   ] GC(430)   Pre Evacuate Collection Set: 0.16ms
[209.811s][info][gc,phases   ] GC(430)   Merge Heap Roots: 0.08ms
[209.811s][info][gc,phases   ] GC(430)   Evacuate Collection Set: 12.56ms
[209.811s][info][gc,phases   ] GC(430)   Post Evacuate Collection Set: 0.35ms
[209.811s][info][gc,phases   ] GC(430)   Other: 0.07ms
[209.811s][info][gc,heap     ] GC(430) Eden regions: 127->0(129)
[209.811s][info][gc,heap     ] GC(430) Survivor regions: 12->11(18)
[209.811s][info][gc,heap     ] GC(430) Old regions: 78->81
[209.811s][info][gc,heap     ] GC(430) Humongous regions: 2->2
[209.811s][info][gc,metaspace] GC(430) Metaspace: 42118K(42560K)->42118K(42560K) NonClass: 39303K(39616K)->39303K(39616K) Class: 2814K(2944K)->2814K(2944K)
[209.811s][info][gc          ] GC(430) Pause Young (Prepare Mixed) (G1 Evacuation Pause) 218M->93M(257M) 13.402ms
[209.811s][info][gc,cpu      ] GC(430) User=0.02s Sys=0.00s Real=0.01s
[210.354s][info][gc,start    ] GC(431) Pause Young (Mixed) (G1 Evacuation Pause)
[210.354s][info][gc,task     ] GC(431) Using 2 workers of 2 for evacuation
[210.385s][info][gc,phases   ] GC(431)   Pre Evacuate Collection Set: 0.19ms
[210.385s][info][gc,phases   ] GC(431)   Merge Heap Roots: 0.49ms
[210.385s][info][gc,phases   ] GC(431)   Evacuate Collection Set: 30.24ms
[210.385s][info][gc,phases   ] GC(431)   Post Evacuate Collection Set: 0.75ms
[210.385s][info][gc,phases   ] GC(431)   Other: 0.12ms
[210.385s][info][gc,heap     ] GC(431) Eden regions: 129->0(137)
[210.385s][info][gc,heap     ] GC(431) Survivor regions: 11->7(18)
[210.385s][info][gc,heap     ] GC(431) Old regions: 81->74
[210.385s][info][gc,heap     ] GC(431) Humongous regions: 10->4
[210.385s][info][gc,metaspace] GC(431) Metaspace: 42126K(42560K)->42126K(42560K) NonClass: 39311K(39616K)->39311K(39616K) Class: 2814K(2944K)->2814K(2944K)
[210.385s][info][gc          ] GC(431) Pause Young (Mixed) (G1 Evacuation Pause) 229M->84M(257M) 31.959ms
[210.385s][info][gc,cpu      ] GC(431) User=0.05s Sys=0.00s Real=0.03s
[210.413s][info][gc,start    ] GC(432) Pause Young (Concurrent Start) (G1 Humongous Allocation)
[210.413s][info][gc,task     ] GC(432) Using 2 workers of 2 for evacuation
[210.417s][info][gc,phases   ] GC(432)   Pre Evacuate Collection Set: 0.17ms
[210.417s][info][gc,phases   ] GC(432)   Merge Heap Roots: 0.04ms
[210.417s][info][gc,phases   ] GC(432)   Evacuate Collection Set: 3.39ms
[210.417s][info][gc,phases   ] GC(432)   Post Evacuate Collection Set: 0.26ms
[210.417s][info][gc,phases   ] GC(432)   Other: 0.09ms
[210.417s][info][gc,heap     ] GC(432) Eden regions: 8->0(144)
[210.417s][info][gc,heap     ] GC(432) Survivor regions: 7->7(18)
[210.417s][info][gc,heap     ] GC(432) Old regions: 74->74
[210.417s][info][gc,heap     ] GC(432) Humongous regions: 4->2
[210.417s][info][gc,metaspace] GC(432) Metaspace: 42127K(42560K)->42127K(42560K) NonClass: 39312K(39616K)->39312K(39616K) Class: 2814K(2944K)->2814K(2944K)
[210.417s][info][gc          ] GC(432) Pause Young (Concurrent Start) (G1 Humongous Allocation) 91M->82M(257M) 4.143ms
[210.417s][info][gc,cpu      ] GC(432) User=0.00s Sys=0.00s Real=0.00s
[210.417s][info][gc          ] GC(433) Concurrent Mark Cycle
[210.417s][info][gc,marking  ] GC(433) Concurrent Scan Root Regions
[210.421s][info][gc,marking  ] GC(433) Concurrent Scan Root Regions 3.801ms
[210.421s][info][gc,marking  ] GC(433) Concurrent Mark
[210.421s][info][gc,marking  ] GC(433) Concurrent Mark From Roots
[210.421s][info][gc,task     ] GC(433) Using 1 workers of 1 for marking
[210.456s][info][gc,marking  ] GC(433) Concurrent Mark From Roots 35.580ms
[210.456s][info][gc,marking  ] GC(433) Concurrent Preclean
[210.456s][info][gc,marking  ] GC(433) Concurrent Preclean 0.036ms
[210.457s][info][gc,start    ] GC(433) Pause Remark
[210.470s][info][gc          ] GC(433) Pause Remark 88M->69M(256M) 13.447ms
[210.470s][info][gc,cpu      ] GC(433) User=0.03s Sys=0.00s Real=0.01s
[210.470s][info][gc,marking  ] GC(433) Concurrent Mark 49.351ms
[210.470s][info][gc,marking  ] GC(433) Concurrent Rebuild Remembered Sets and Scrub Regions
[210.484s][info][gc,marking  ] GC(433) Concurrent Rebuild Remembered Sets and Scrub Regions 13.500ms
[210.484s][info][gc,start    ] GC(433) Pause Cleanup
[210.484s][info][gc          ] GC(433) Pause Cleanup 69M->69M(256M) 0.095ms
[210.484s][info][gc,cpu      ] GC(433) User=0.00s Sys=0.00s Real=0.00s
[210.484s][info][gc,marking  ] GC(433) Concurrent Clear Claimed Marks
[210.484s][info][gc,marking  ] GC(433) Concurrent Clear Claimed Marks 0.033ms
[210.484s][info][gc,marking  ] GC(433) Concurrent Cleanup for Next Mark
[210.485s][info][gc,marking  ] GC(433) Concurrent Cleanup for Next Mark 0.731ms
[210.485s][info][gc          ] GC(433) Concurrent Mark Cycle 67.815ms
[211.125s][info][gc,start    ] GC(434) Pause Young (Prepare Mixed) (G1 Evacuation Pause)
[211.125s][info][gc,task     ] GC(434) Using 2 workers of 2 for evacuation
[211.138s][info][gc,phases   ] GC(434)   Pre Evacuate Collection Set: 0.18ms
[211.138s][info][gc,phases   ] GC(434)   Merge Heap Roots: 0.07ms
[211.138s][info][gc,phases   ] GC(434)   Evacuate Collection Set: 11.51ms
[211.138s][info][gc,phases   ] GC(434)   Post Evacuate Collection Set: 0.41ms
[211.138s][info][gc,phases   ] GC(434)   Other: 0.08ms
[211.138s][info][gc,heap     ] GC(434) Eden regions: 144->0(136)
[211.138s][info][gc,heap     ] GC(434) Survivor regions: 7->17(19)
[211.138s][info][gc,heap     ] GC(434) Old regions: 56->56
[211.138s][info][gc,heap     ] GC(434) Humongous regions: 14->3
[211.138s][info][gc,metaspace] GC(434) Metaspace: 42128K(42560K)->42128K(42560K) NonClass: 39313K(39616K)->39313K(39616K) Class: 2814K(2944K)->2814K(2944K)
[211.138s][info][gc          ] GC(434) Pause Young (Prepare Mixed) (G1 Evacuation Pause) 220M->75M(256M) 12.444ms
[211.138s][info][gc,cpu      ] GC(434) User=0.03s Sys=0.00s Real=0.01s
[211.799s][info][gc,start    ] GC(435) Pause Young (Mixed) (G1 Evacuation Pause)
[211.799s][info][gc,task     ] GC(435) Using 2 workers of 2 for evacuation
[211.809s][info][gc,phases   ] GC(435)   Pre Evacuate Collection Set: 0.24ms
[211.809s][info][gc,phases   ] GC(435)   Merge Heap Roots: 0.08ms
[211.809s][info][gc,phases   ] GC(435)   Evacuate Collection Set: 8.56ms
[211.809s][info][gc,phases   ] GC(435)   Post Evacuate Collection Set: 0.41ms
[211.809s][info][gc,phases   ] GC(435)   Other: 0.08ms
[211.809s][info][gc,heap     ] GC(435) Eden regions: 136->0(146)
[211.809s][info][gc,heap     ] GC(435) Survivor regions: 17->7(20)
[211.809s][info][gc,heap     ] GC(435) Old regions: 56->43
[211.809s][info][gc,heap     ] GC(435) Humongous regions: 10->3
[211.809s][info][gc,metaspace] GC(435) Metaspace: 42128K(42560K)->42128K(42560K) NonClass: 39313K(39616K)->39313K(39616K) Class: 2814K(2944K)->2814K(2944K)
[211.809s][info][gc          ] GC(435) Pause Young (Mixed) (G1 Evacuation Pause) 218M->52M(256M) 9.558ms
[211.809s][info][gc,cpu      ] GC(435) User=0.02s Sys=0.00s Real=0.01s
[211.964s][info][gc,start    ] GC(436) Pause Young (Concurrent Start) (G1 Humongous Allocation)
[211.964s][info][gc,task     ] GC(436) Using 2 workers of 2 for evacuation
[211.966s][info][gc,phases   ] GC(436)   Pre Evacuate Collection Set: 0.19ms
[211.966s][info][gc,phases   ] GC(436)   Merge Heap Roots: 0.05ms
[211.966s][info][gc,phases   ] GC(436)   Evacuate Collection Set: 1.68ms
[211.966s][info][gc,phases   ] GC(436)   Post Evacuate Collection Set: 0.30ms
[211.966s][info][gc,phases   ] GC(436)   Other: 0.12ms
[211.966s][info][gc,heap     ] GC(436) Eden regions: 43->0(151)
[211.966s][info][gc,heap     ] GC(436) Survivor regions: 7->2(20)
[211.966s][info][gc,heap     ] GC(436) Old regions: 43->43
[211.966s][info][gc,heap     ] GC(436) Humongous regions: 3->1
[211.966s][info][gc,metaspace] GC(436) Metaspace: 42128K(42560K)->42128K(42560K) NonClass: 39313K(39616K)->39313K(39616K) Class: 2814K(2944K)->2814K(2944K)
[211.966s][info][gc          ] GC(436) Pause Young (Concurrent Start) (G1 Humongous Allocation) 95M->45M(256M) 2.545ms
[211.966s][info][gc,cpu      ] GC(436) User=0.00s Sys=0.00s Real=0.00s
[211.966s][info][gc          ] GC(437) Concurrent Mark Cycle
[211.966s][info][gc,marking  ] GC(437) Concurrent Scan Root Regions
[211.969s][info][gc,marking  ] GC(437) Concurrent Scan Root Regions 2.206ms
[211.969s][info][gc,marking  ] GC(437) Concurrent Mark
[211.969s][info][gc,marking  ] GC(437) Concurrent Mark From Roots
[211.969s][info][gc,task     ] GC(437) Using 1 workers of 1 for marking
[212.011s][info][gc,marking  ] GC(437) Concurrent Mark From Roots 42.875ms
[212.011s][info][gc,marking  ] GC(437) Concurrent Preclean
[212.012s][info][gc,marking  ] GC(437) Concurrent Preclean 0.041ms
[212.012s][info][gc,start    ] GC(437) Pause Remark
[212.025s][info][gc          ] GC(437) Pause Remark 59M->59M(256M) 13.796ms
[212.025s][info][gc,cpu      ] GC(437) User=0.03s Sys=0.00s Real=0.02s
[212.026s][info][gc,marking  ] GC(437) Concurrent Mark 56.957ms
[212.026s][info][gc,marking  ] GC(437) Concurrent Rebuild Remembered Sets and Scrub Regions
[212.042s][info][gc,marking  ] GC(437) Concurrent Rebuild Remembered Sets and Scrub Regions 16.665ms
[212.042s][info][gc,start    ] GC(437) Pause Cleanup
[212.042s][info][gc          ] GC(437) Pause Cleanup 59M->59M(256M) 0.059ms
[212.042s][info][gc,cpu      ] GC(437) User=0.00s Sys=0.00s Real=0.00s
[212.042s][info][gc,marking  ] GC(437) Concurrent Clear Claimed Marks
[212.042s][info][gc,marking  ] GC(437) Concurrent Clear Claimed Marks 0.036ms
[212.042s][info][gc,marking  ] GC(437) Concurrent Cleanup for Next Mark
[212.043s][info][gc,marking  ] GC(437) Concurrent Cleanup for Next Mark 0.758ms
[212.043s][info][gc          ] GC(437) Concurrent Mark Cycle 76.916ms
[212.653s][info][gc,start    ] GC(438) Pause Young (Prepare Mixed) (G1 Evacuation Pause)
[212.653s][info][gc,task     ] GC(438) Using 2 workers of 2 for evacuation
[212.675s][info][gc,phases   ] GC(438)   Pre Evacuate Collection Set: 0.16ms
[212.675s][info][gc,phases   ] GC(438)   Merge Heap Roots: 0.06ms
[212.675s][info][gc,phases   ] GC(438)   Evacuate Collection Set: 21.53ms
[212.675s][info][gc,phases   ] GC(438)   Post Evacuate Collection Set: 0.44ms
[212.675s][info][gc,phases   ] GC(438)   Other: 0.07ms
[212.675s][info][gc,heap     ] GC(438) Eden regions: 151->0(133)
[212.675s][info][gc,heap     ] GC(438) Survivor regions: 2->20(20)
[212.675s][info][gc,heap     ] GC(438) Old regions: 43->46
[212.675s][info][gc,heap     ] GC(438) Humongous regions: 5->3
[212.675s][info][gc,metaspace] GC(438) Metaspace: 42129K(42560K)->42129K(42560K) NonClass: 39314K(39616K)->39314K(39616K) Class: 2814K(2944K)->2814K(2944K)
[212.675s][info][gc          ] GC(438) Pause Young (Prepare Mixed) (G1 Evacuation Pause) 200M->68M(256M) 22.459ms
[212.675s][info][gc,cpu      ] GC(438) User=0.04s Sys=0.00s Real=0.02s
[213.162s][info][gc,start    ] GC(439) Pause Young (Mixed) (G1 Evacuation Pause)
[213.162s][info][gc,task     ] GC(439) Using 2 workers of 2 for evacuation
[213.184s][info][gc,phases   ] GC(439)   Pre Evacuate Collection Set: 0.16ms
[213.184s][info][gc,phases   ] GC(439)   Merge Heap Roots: 0.10ms
[213.184s][info][gc,phases   ] GC(439)   Evacuate Collection Set: 20.81ms
[213.184s][info][gc,phases   ] GC(439)   Post Evacuate Collection Set: 0.43ms
[213.184s][info][gc,phases   ] GC(439)   Other: 0.08ms
[213.184s][info][gc,heap     ] GC(439) Eden regions: 133->0(144)
[213.184s][info][gc,heap     ] GC(439) Survivor regions: 20->9(20)
[213.184s][info][gc,heap     ] GC(439) Old regions: 46->56
[213.184s][info][gc,heap     ] GC(439) Humongous regions: 13->3
[213.184s][info][gc,metaspace] GC(439) Metaspace: 42138K(42560K)->42138K(42560K) NonClass: 39323K(39616K)->39323K(39616K) Class: 2814K(2944K)->2814K(2944K)
[213.184s][info][gc          ] GC(439) Pause Young (Mixed) (G1 Evacuation Pause) 211M->67M(256M) 21.756ms
[213.184s][info][gc,cpu      ] GC(439) User=0.04s Sys=0.01s Real=0.02s
[213.245s][info][gc,start    ] GC(440) Pause Young (Concurrent Start) (G1 Humongous Allocation)
[213.245s][info][gc,task     ] GC(440) Using 2 workers of 2 for evacuation
[213.264s][info][gc,phases   ] GC(440)   Pre Evacuate Collection Set: 0.17ms
[213.264s][info][gc,phases   ] GC(440)   Merge Heap Roots: 0.10ms
[213.264s][info][gc,phases   ] GC(440)   Evacuate Collection Set: 16.90ms
[213.264s][info][gc,phases   ] GC(440)   Post Evacuate Collection Set: 0.85ms
[213.264s][info][gc,phases   ] GC(440)   Other: 0.10ms
[213.264s][info][gc,heap     ] GC(440) Eden regions: 18->0(146)
[213.264s][info][gc,heap     ] GC(440) Survivor regions: 9->7(20)
[213.264s][info][gc,heap     ] GC(440) Old regions: 56->56
[213.264s][info][gc,heap     ] GC(440) Humongous regions: 3->1
[213.264s][info][gc,metaspace] GC(440) Metaspace: 42138K(42560K)->42138K(42560K) NonClass: 39323K(39616K)->39323K(39616K) Class: 2814K(2944K)->2814K(2944K)
[213.264s][info][gc          ] GC(440) Pause Young (Concurrent Start) (G1 Humongous Allocation) 85M->63M(256M) 18.341ms
[213.264s][info][gc,cpu      ] GC(440) User=0.02s Sys=0.00s Real=0.02s
[213.266s][info][gc          ] GC(441) Concurrent Mark Cycle
[213.266s][info][gc,marking  ] GC(441) Concurrent Scan Root Regions
[213.282s][info][gc,marking  ] GC(441) Concurrent Scan Root Regions 15.841ms
[213.282s][info][gc,marking  ] GC(441) Concurrent Mark
[213.282s][info][gc,marking  ] GC(441) Concurrent Mark From Roots
[213.282s][info][gc,task     ] GC(441) Using 1 workers of 1 for marking
[213.348s][info][gc,marking  ] GC(441) Concurrent Mark From Roots 65.991ms
[213.348s][info][gc,marking  ] GC(441) Concurrent Preclean
[213.348s][info][gc,marking  ] GC(441) Concurrent Preclean 0.041ms
[213.348s][info][gc,start    ] GC(441) Pause Remark
[213.362s][info][gc          ] GC(441) Pause Remark 84M->84M(256M) 13.879ms
[213.362s][info][gc,cpu      ] GC(441) User=0.03s Sys=0.00s Real=0.02s
[213.364s][info][gc,marking  ] GC(441) Concurrent Mark 82.215ms
[213.364s][info][gc,marking  ] GC(441) Concurrent Rebuild Remembered Sets and Scrub Regions
[213.395s][info][gc,marking  ] GC(441) Concurrent Rebuild Remembered Sets and Scrub Regions 30.960ms
[213.395s][info][gc,start    ] GC(441) Pause Cleanup
[213.395s][info][gc          ] GC(441) Pause Cleanup 92M->92M(256M) 0.039ms
[213.395s][info][gc,cpu      ] GC(441) User=0.00s Sys=0.00s Real=0.00s
[213.395s][info][gc,marking  ] GC(441) Concurrent Clear Claimed Marks
[213.395s][info][gc,marking  ] GC(441) Concurrent Clear Claimed Marks 0.033ms
[213.395s][info][gc,marking  ] GC(441) Concurrent Cleanup for Next Mark
[213.396s][info][gc,marking  ] GC(441) Concurrent Cleanup for Next Mark 0.750ms
[213.396s][info][gc          ] GC(441) Concurrent Mark Cycle 130.113ms
[213.831s][info][gc,start    ] GC(442) Pause Young (Prepare Mixed) (G1 Evacuation Pause)
[213.831s][info][gc,task     ] GC(442) Using 2 workers of 2 for evacuation
[213.844s][info][gc,phases   ] GC(442)   Pre Evacuate Collection Set: 0.17ms
[213.845s][info][gc,phases   ] GC(442)   Merge Heap Roots: 0.11ms
[213.845s][info][gc,phases   ] GC(442)   Evacuate Collection Set: 12.50ms
[213.845s][info][gc,phases   ] GC(442)   Post Evacuate Collection Set: 0.42ms
[213.845s][info][gc,phases   ] GC(442)   Other: 0.07ms
[213.845s][info][gc,heap     ] GC(442) Eden regions: 146->0(140)
[213.845s][info][gc,heap     ] GC(442) Survivor regions: 7->13(20)
[213.845s][info][gc,heap     ] GC(442) Old regions: 56->56
[213.845s][info][gc,heap     ] GC(442) Humongous regions: 15->3
[213.845s][info][gc,metaspace] GC(442) Metaspace: 42139K(42560K)->42139K(42560K) NonClass: 39324K(39616K)->39324K(39616K) Class: 2814K(2944K)->2814K(2944K)
[213.845s][info][gc          ] GC(442) Pause Young (Prepare Mixed) (G1 Evacuation Pause) 223M->71M(256M) 13.459ms
[213.845s][info][gc,cpu      ] GC(442) User=0.03s Sys=0.00s Real=0.02s
[214.378s][info][gc,start    ] GC(443) Pause Young (Mixed) (G1 Evacuation Pause)
[214.378s][info][gc,task     ] GC(443) Using 2 workers of 2 for evacuation
[214.397s][info][gc,phases   ] GC(443)   Pre Evacuate Collection Set: 0.18ms
[214.397s][info][gc,phases   ] GC(443)   Merge Heap Roots: 0.14ms
[214.397s][info][gc,phases   ] GC(443)   Evacuate Collection Set: 18.02ms
[214.397s][info][gc,phases   ] GC(443)   Post Evacuate Collection Set: 0.47ms
[214.397s][info][gc,phases   ] GC(443)   Other: 0.08ms
[214.397s][info][gc,heap     ] GC(443) Eden regions: 140->0(146)
[214.397s][info][gc,heap     ] GC(443) Survivor regions: 13->7(20)
[214.397s][info][gc,heap     ] GC(443) Old regions: 56->59
[214.397s][info][gc,heap     ] GC(443) Humongous regions: 13->3
[214.397s][info][gc,metaspace] GC(443) Metaspace: 42140K(42560K)->42140K(42560K) NonClass: 39325K(39616K)->39325K(39616K) Class: 2814K(2944K)->2814K(2944K)
[214.397s][info][gc          ] GC(443) Pause Young (Mixed) (G1 Evacuation Pause) 221M->68M(256M) 19.074ms
[214.397s][info][gc,cpu      ] GC(443) User=0.03s Sys=0.00s Real=0.02s
[214.527s][info][gc,start    ] GC(444) Pause Young (Concurrent Start) (G1 Humongous Allocation)
[214.527s][info][gc,task     ] GC(444) Using 2 workers of 2 for evacuation
[214.532s][info][gc,phases   ] GC(444)   Pre Evacuate Collection Set: 0.16ms
[214.532s][info][gc,phases   ] GC(444)   Merge Heap Roots: 0.04ms
[214.532s][info][gc,phases   ] GC(444)   Evacuate Collection Set: 4.68ms
[214.532s][info][gc,phases   ] GC(444)   Post Evacuate Collection Set: 0.30ms
[214.532s][info][gc,phases   ] GC(444)   Other: 0.10ms
[214.532s][info][gc,heap     ] GC(444) Eden regions: 28->0(150)
[214.532s][info][gc,heap     ] GC(444) Survivor regions: 7->3(20)
[214.532s][info][gc,heap     ] GC(444) Old regions: 59->59
[214.532s][info][gc,heap     ] GC(444) Humongous regions: 3->1
[214.532s][info][gc,metaspace] GC(444) Metaspace: 42140K(42560K)->42140K(42560K) NonClass: 39325K(39616K)->39325K(39616K) Class: 2814K(2944K)->2814K(2944K)
[214.532s][info][gc          ] GC(444) Pause Young (Concurrent Start) (G1 Humongous Allocation) 96M->62M(256M) 5.475ms
[214.532s][info][gc,cpu      ] GC(444) User=0.01s Sys=0.00s Real=0.01s
[214.537s][info][gc          ] GC(445) Concurrent Mark Cycle
[214.537s][info][gc,marking  ] GC(445) Concurrent Scan Root Regions
[214.543s][info][gc,marking  ] GC(445) Concurrent Scan Root Regions 6.323ms
[214.543s][info][gc,marking  ] GC(445) Concurrent Mark
[214.543s][info][gc,marking  ] GC(445) Concurrent Mark From Roots
[214.543s][info][gc,task     ] GC(445) Using 1 workers of 1 for marking
[214.603s][info][gc,marking  ] GC(445) Concurrent Mark From Roots 59.546ms
[214.603s][info][gc,marking  ] GC(445) Concurrent Preclean
[214.603s][info][gc,marking  ] GC(445) Concurrent Preclean 0.034ms
[214.603s][info][gc,start    ] GC(445) Pause Remark
[214.618s][info][gc          ] GC(445) Pause Remark 74M->71M(256M) 14.852ms
[214.618s][info][gc,cpu      ] GC(445) User=0.03s Sys=0.00s Real=0.01s
[214.618s][info][gc,marking  ] GC(445) Concurrent Mark 74.902ms
[214.618s][info][gc,marking  ] GC(445) Concurrent Rebuild Remembered Sets and Scrub Regions
[214.639s][info][gc,marking  ] GC(445) Concurrent Rebuild Remembered Sets and Scrub Regions 20.496ms
[214.639s][info][gc,start    ] GC(445) Pause Cleanup
[214.639s][info][gc          ] GC(445) Pause Cleanup 78M->78M(256M) 0.045ms
[214.639s][info][gc,cpu      ] GC(445) User=0.00s Sys=0.00s Real=0.00s
[214.639s][info][gc,marking  ] GC(445) Concurrent Clear Claimed Marks
[214.639s][info][gc,marking  ] GC(445) Concurrent Clear Claimed Marks 0.033ms
[214.639s][info][gc,marking  ] GC(445) Concurrent Cleanup for Next Mark
[214.640s][info][gc,marking  ] GC(445) Concurrent Cleanup for Next Mark 0.731ms
[214.640s][info][gc          ] GC(445) Concurrent Mark Cycle 102.852ms
[215.090s][info][gc,start    ] GC(446) Pause Young (Prepare Mixed) (G1 Evacuation Pause)
[215.090s][info][gc,task     ] GC(446) Using 2 workers of 2 for evacuation
[215.113s][info][gc,phases   ] GC(446)   Pre Evacuate Collection Set: 0.15ms
[215.113s][info][gc,phases   ] GC(446)   Merge Heap Roots: 0.07ms
[215.113s][info][gc,phases   ] GC(446)   Evacuate Collection Set: 21.49ms
[215.113s][info][gc,phases   ] GC(446)   Post Evacuate Collection Set: 0.64ms
[215.113s][info][gc,phases   ] GC(446)   Other: 0.09ms
[215.113s][info][gc,heap     ] GC(446) Eden regions: 150->0(151)
[215.113s][info][gc,heap     ] GC(446) Survivor regions: 3->20(20)
[215.113s][info][gc,heap     ] GC(446) Old regions: 56->62
[215.113s][info][gc,heap     ] GC(446) Humongous regions: 5->3
[215.113s][info][gc,metaspace] GC(446) Metaspace: 42141K(42560K)->42141K(42560K) NonClass: 39326K(39616K)->39326K(39616K) Class: 2814K(2944K)->2814K(2944K)
[215.113s][info][gc          ] GC(446) Pause Young (Prepare Mixed) (G1 Evacuation Pause) 213M->85M(285M) 22.611ms
[215.113s][info][gc,cpu      ] GC(446) User=0.05s Sys=0.00s Real=0.03s
[215.750s][info][gc,start    ] GC(447) Pause Young (Mixed) (G1 Evacuation Pause)
[215.751s][info][gc,task     ] GC(447) Using 2 workers of 2 for evacuation
[215.787s][info][gc,phases   ] GC(447)   Pre Evacuate Collection Set: 0.19ms
[215.787s][info][gc,phases   ] GC(447)   Merge Heap Roots: 0.19ms
[215.787s][info][gc,phases   ] GC(447)   Evacuate Collection Set: 35.48ms
[215.787s][info][gc,phases   ] GC(447)   Post Evacuate Collection Set: 0.45ms
[215.787s][info][gc,phases   ] GC(447)   Other: 0.08ms
[215.787s][info][gc,heap     ] GC(447) Eden regions: 151->0(146)
[215.787s][info][gc,heap     ] GC(447) Survivor regions: 20->22(22)
[215.787s][info][gc,heap     ] GC(447) Old regions: 62->62
[215.787s][info][gc,heap     ] GC(447) Humongous regions: 3->3
[215.787s][info][gc,metaspace] GC(447) Metaspace: 42142K(42560K)->42142K(42560K) NonClass: 39327K(39616K)->39327K(39616K) Class: 2814K(2944K)->2814K(2944K)
[215.787s][info][gc          ] GC(447) Pause Young (Mixed) (G1 Evacuation Pause) 236M->87M(285M) 36.584ms
[215.787s][info][gc,cpu      ] GC(447) User=0.07s Sys=0.00s Real=0.04s
[215.890s][info][gc,start    ] GC(448) Pause Young (Concurrent Start) (G1 Humongous Allocation)
[215.890s][info][gc,task     ] GC(448) Using 2 workers of 2 for evacuation
[215.917s][info][gc,phases   ] GC(448)   Pre Evacuate Collection Set: 0.19ms
[215.917s][info][gc,phases   ] GC(448)   Merge Heap Roots: 0.12ms
[215.917s][info][gc,phases   ] GC(448)   Evacuate Collection Set: 26.32ms
[215.917s][info][gc,phases   ] GC(448)   Post Evacuate Collection Set: 0.34ms
[215.917s][info][gc,phases   ] GC(448)   Other: 0.08ms
[215.917s][info][gc,heap     ] GC(448) Eden regions: 28->0(130)
[215.917s][info][gc,heap     ] GC(448) Survivor regions: 22->7(21)
[215.917s][info][gc,heap     ] GC(448) Old regions: 62->85
[215.917s][info][gc,heap     ] GC(448) Humongous regions: 3->1
[215.917s][info][gc,metaspace] GC(448) Metaspace: 42142K(42560K)->42142K(42560K) NonClass: 39327K(39616K)->39327K(39616K) Class: 2814K(2944K)->2814K(2944K)
[215.917s][info][gc          ] GC(448) Pause Young (Concurrent Start) (G1 Humongous Allocation) 115M->92M(285M) 27.270ms
[215.917s][info][gc,cpu      ] GC(448) User=0.06s Sys=0.00s Real=0.03s
[215.917s][info][gc          ] GC(449) Concurrent Mark Cycle
[215.917s][info][gc,marking  ] GC(449) Concurrent Scan Root Regions
[215.948s][info][gc,marking  ] GC(449) Concurrent Scan Root Regions 31.490ms
[215.948s][info][gc,marking  ] GC(449) Concurrent Mark
[215.948s][info][gc,marking  ] GC(449) Concurrent Mark From Roots
[215.948s][info][gc,task     ] GC(449) Using 1 workers of 1 for marking
[216.019s][info][gc,marking  ] GC(449) Concurrent Mark From Roots 70.043ms
[216.019s][info][gc,marking  ] GC(449) Concurrent Preclean
[216.019s][info][gc,marking  ] GC(449) Concurrent Preclean 0.033ms
[216.019s][info][gc,start    ] GC(449) Pause Remark
[216.033s][info][gc          ] GC(449) Pause Remark 121M->121M(285M) 13.918ms
[216.033s][info][gc,cpu      ] GC(449) User=0.03s Sys=0.00s Real=0.02s
[216.035s][info][gc,marking  ] GC(449) Concurrent Mark 86.428ms
[216.035s][info][gc,marking  ] GC(449) Concurrent Rebuild Remembered Sets and Scrub Regions
[216.078s][info][gc,marking  ] GC(449) Concurrent Rebuild Remembered Sets and Scrub Regions 42.726ms
[216.078s][info][gc,start    ] GC(449) Pause Cleanup
[216.078s][info][gc          ] GC(449) Pause Cleanup 131M->131M(285M) 0.065ms
[216.078s][info][gc,cpu      ] GC(449) User=0.00s Sys=0.00s Real=0.00s
[216.078s][info][gc,marking  ] GC(449) Concurrent Clear Claimed Marks
[216.078s][info][gc,marking  ] GC(449) Concurrent Clear Claimed Marks 0.038ms
[216.078s][info][gc,marking  ] GC(449) Concurrent Cleanup for Next Mark
[216.079s][info][gc,marking  ] GC(449) Concurrent Cleanup for Next Mark 1.131ms
[216.079s][info][gc          ] GC(449) Concurrent Mark Cycle 162.264ms
[216.459s][info][gc,start    ] GC(450) Pause Young (Prepare Mixed) (G1 Evacuation Pause)
[216.459s][info][gc,task     ] GC(450) Using 2 workers of 2 for evacuation
[216.493s][info][gc,phases   ] GC(450)   Pre Evacuate Collection Set: 0.20ms
[216.493s][info][gc,phases   ] GC(450)   Merge Heap Roots: 0.14ms
[216.493s][info][gc,phases   ] GC(450)   Evacuate Collection Set: 32.68ms
[216.493s][info][gc,phases   ] GC(450)   Post Evacuate Collection Set: 0.62ms
[216.493s][info][gc,phases   ] GC(450)   Other: 0.08ms
[216.493s][info][gc,heap     ] GC(450) Eden regions: 130->0(126)
[216.493s][info][gc,heap     ] GC(450) Survivor regions: 7->17(18)
[216.493s][info][gc,heap     ] GC(450) Old regions: 85->85
[216.493s][info][gc,heap     ] GC(450) Humongous regions: 5->3
[216.493s][info][gc,metaspace] GC(450) Metaspace: 42142K(42560K)->42142K(42560K) NonClass: 39327K(39616K)->39327K(39616K) Class: 2814K(2944K)->2814K(2944K)
[216.493s][info][gc          ] GC(450) Pause Young (Prepare Mixed) (G1 Evacuation Pause) 226M->104M(285M) 33.937ms
[216.493s][info][gc,cpu      ] GC(450) User=0.03s Sys=0.00s Real=0.04s
[216.942s][info][gc,start    ] GC(451) Pause Young (Mixed) (G1 Evacuation Pause)
[216.942s][info][gc,task     ] GC(451) Using 2 workers of 2 for evacuation
[216.957s][info][gc,phases   ] GC(451)   Pre Evacuate Collection Set: 0.17ms
[216.957s][info][gc,phases   ] GC(451)   Merge Heap Roots: 0.14ms
[216.957s][info][gc,phases   ] GC(451)   Evacuate Collection Set: 14.62ms
[216.957s][info][gc,phases   ] GC(451)   Post Evacuate Collection Set: 0.42ms
[216.957s][info][gc,phases   ] GC(451)   Other: 0.07ms
[216.957s][info][gc,heap     ] GC(451) Eden regions: 126->0(137)
[216.957s][info][gc,heap     ] GC(451) Survivor regions: 17->6(18)
[216.957s][info][gc,heap     ] GC(451) Old regions: 85->89
[216.957s][info][gc,heap     ] GC(451) Humongous regions: 11->3
[216.957s][info][gc,metaspace] GC(451) Metaspace: 42143K(42560K)->42143K(42560K) NonClass: 39328K(39616K)->39328K(39616K) Class: 2814K(2944K)->2814K(2944K)
[216.958s][info][gc          ] GC(451) Pause Young (Mixed) (G1 Evacuation Pause) 238M->97M(285M) 15.576ms
[216.958s][info][gc,cpu      ] GC(451) User=0.03s Sys=0.00s Real=0.01s
[217.013s][info][gc,start    ] GC(452) Pause Young (Concurrent Start) (G1 Humongous Allocation)
[217.013s][info][gc,task     ] GC(452) Using 2 workers of 2 for evacuation
[217.016s][info][gc,phases   ] GC(452)   Pre Evacuate Collection Set: 0.19ms
[217.016s][info][gc,phases   ] GC(452)   Merge Heap Roots: 0.04ms
[217.016s][info][gc,phases   ] GC(452)   Evacuate Collection Set: 2.32ms
[217.016s][info][gc,phases   ] GC(452)   Post Evacuate Collection Set: 0.35ms
[217.016s][info][gc,phases   ] GC(452)   Other: 0.11ms
[217.016s][info][gc,heap     ] GC(452) Eden regions: 13->0(149)
[217.016s][info][gc,heap     ] GC(452) Survivor regions: 6->2(18)
[217.016s][info][gc,heap     ] GC(452) Old regions: 89->89
[217.016s][info][gc,heap     ] GC(452) Humongous regions: 3->1
[217.016s][info][gc,metaspace] GC(452) Metaspace: 42143K(42560K)->42143K(42560K) NonClass: 39328K(39616K)->39328K(39616K) Class: 2814K(2944K)->2814K(2944K)
[217.016s][info][gc          ] GC(452) Pause Young (Concurrent Start) (G1 Humongous Allocation) 109M->91M(285M) 3.214ms
[217.016s][info][gc,cpu      ] GC(452) User=0.01s Sys=0.00s Real=0.00s
[217.018s][info][gc          ] GC(453) Concurrent Mark Cycle
[217.018s][info][gc,marking  ] GC(453) Concurrent Scan Root Regions
[217.028s][info][gc,marking  ] GC(453) Concurrent Scan Root Regions 9.497ms
[217.028s][info][gc,marking  ] GC(453) Concurrent Mark
[217.028s][info][gc,marking  ] GC(453) Concurrent Mark From Roots
[217.028s][info][gc,task     ] GC(453) Using 1 workers of 1 for marking
[217.085s][info][gc,marking  ] GC(453) Concurrent Mark From Roots 57.512ms
[217.085s][info][gc,marking  ] GC(453) Concurrent Preclean
[217.085s][info][gc,marking  ] GC(453) Concurrent Preclean 0.033ms
[217.085s][info][gc,start    ] GC(453) Pause Remark
[217.099s][info][gc          ] GC(453) Pause Remark 113M->101M(274M) 13.975ms
[217.099s][info][gc,cpu      ] GC(453) User=0.03s Sys=0.00s Real=0.01s
[217.099s][info][gc,marking  ] GC(453) Concurrent Mark 71.786ms
[217.099s][info][gc,marking  ] GC(453) Concurrent Rebuild Remembered Sets and Scrub Regions
[217.120s][info][gc,marking  ] GC(453) Concurrent Rebuild Remembered Sets and Scrub Regions 20.607ms
[217.120s][info][gc,start    ] GC(453) Pause Cleanup
[217.120s][info][gc          ] GC(453) Pause Cleanup 105M->105M(274M) 0.047ms
[217.120s][info][gc,cpu      ] GC(453) User=0.00s Sys=0.00s Real=0.00s
[217.120s][info][gc,marking  ] GC(453) Concurrent Clear Claimed Marks
[217.120s][info][gc,marking  ] GC(453) Concurrent Clear Claimed Marks 0.032ms
[217.120s][info][gc,marking  ] GC(453) Concurrent Cleanup for Next Mark
[217.121s][info][gc,marking  ] GC(453) Concurrent Cleanup for Next Mark 0.784ms
[217.121s][info][gc          ] GC(453) Concurrent Mark Cycle 103.025ms
[217.575s][info][gc,start    ] GC(454) Pause Young (Prepare Mixed) (G1 Evacuation Pause)
[217.575s][info][gc,task     ] GC(454) Using 2 workers of 2 for evacuation
[217.588s][info][gc,phases   ] GC(454)   Pre Evacuate Collection Set: 0.17ms
[217.588s][info][gc,phases   ] GC(454)   Merge Heap Roots: 0.05ms
[217.588s][info][gc,phases   ] GC(454)   Evacuate Collection Set: 13.00ms
[217.588s][info][gc,phases   ] GC(454)   Post Evacuate Collection Set: 0.38ms
[217.588s][info][gc,phases   ] GC(454)   Other: 0.07ms
[217.588s][info][gc,heap     ] GC(454) Eden regions: 149->0(138)
[217.588s][info][gc,heap     ] GC(454) Survivor regions: 2->14(19)
[217.588s][info][gc,heap     ] GC(454) Old regions: 77->77
[217.588s][info][gc,heap     ] GC(454) Humongous regions: 5->3
[217.588s][info][gc,metaspace] GC(454) Metaspace: 42143K(42560K)->42143K(42560K) NonClass: 39328K(39616K)->39328K(39616K) Class: 2814K(2944K)->2814K(2944K)
[217.589s][info][gc          ] GC(454) Pause Young (Prepare Mixed) (G1 Evacuation Pause) 232M->93M(274M) 13.855ms
[217.589s][info][gc,cpu      ] GC(454) User=0.03s Sys=0.00s Real=0.01s
[218.072s][info][gc,start    ] GC(455) Pause Young (Mixed) (G1 Evacuation Pause)
[218.072s][info][gc,task     ] GC(455) Using 2 workers of 2 for evacuation
[218.090s][info][gc,phases   ] GC(455)   Pre Evacuate Collection Set: 0.20ms
[218.090s][info][gc,phases   ] GC(455)   Merge Heap Roots: 0.10ms
[218.090s][info][gc,phases   ] GC(455)   Evacuate Collection Set: 16.89ms
[218.090s][info][gc,phases   ] GC(455)   Post Evacuate Collection Set: 0.58ms
[218.090s][info][gc,phases   ] GC(455)   Other: 0.09ms
[218.090s][info][gc,heap     ] GC(455) Eden regions: 138->0(157)
[218.090s][info][gc,heap     ] GC(455) Survivor regions: 14->7(19)
[218.090s][info][gc,heap     ] GC(455) Old regions: 77->52
[218.090s][info][gc,heap     ] GC(455) Humongous regions: 9->3
[218.090s][info][gc,metaspace] GC(455) Metaspace: 42143K(42560K)->42143K(42560K) NonClass: 39328K(39616K)->39328K(39616K) Class: 2814K(2944K)->2814K(2944K)
[218.090s][info][gc          ] GC(455) Pause Young (Mixed) (G1 Evacuation Pause) 237M->61M(274M) 18.060ms
[218.090s][info][gc,cpu      ] GC(455) User=0.02s Sys=0.00s Real=0.02s
[218.103s][info][gc,start    ] GC(456) Pause Young (Concurrent Start) (G1 Humongous Allocation)
[218.103s][info][gc,task     ] GC(456) Using 2 workers of 2 for evacuation
[218.105s][info][gc,phases   ] GC(456)   Pre Evacuate Collection Set: 0.15ms
[218.105s][info][gc,phases   ] GC(456)   Merge Heap Roots: 0.03ms
[218.105s][info][gc,phases   ] GC(456)   Evacuate Collection Set: 2.18ms
[218.105s][info][gc,phases   ] GC(456)   Post Evacuate Collection Set: 0.25ms
[218.105s][info][gc,phases   ] GC(456)   Other: 0.09ms
[218.105s][info][gc,heap     ] GC(456) Eden regions: 2->0(162)
[218.105s][info][gc,heap     ] GC(456) Survivor regions: 7->2(21)
[218.105s][info][gc,heap     ] GC(456) Old regions: 52->52
[218.105s][info][gc,heap     ] GC(456) Humongous regions: 3->1
[218.105s][info][gc,metaspace] GC(456) Metaspace: 42143K(42560K)->42143K(42560K) NonClass: 39328K(39616K)->39328K(39616K) Class: 2814K(2944K)->2814K(2944K)
[218.105s][info][gc          ] GC(456) Pause Young (Concurrent Start) (G1 Humongous Allocation) 63M->53M(274M) 2.849ms
[218.105s][info][gc          ] GC(457) Concurrent Mark Cycle
[218.105s][info][gc,marking  ] GC(457) Concurrent Scan Root Regions
[218.106s][info][gc,cpu      ] GC(456) User=0.00s Sys=0.00s Real=0.00s
[218.107s][info][gc,marking  ] GC(457) Concurrent Scan Root Regions 1.367ms
[218.107s][info][gc,marking  ] GC(457) Concurrent Mark
[218.107s][info][gc,marking  ] GC(457) Concurrent Mark From Roots
[218.107s][info][gc,task     ] GC(457) Using 1 workers of 1 for marking
[218.163s][info][gc,marking  ] GC(457) Concurrent Mark From Roots 56.662ms
[218.163s][info][gc,marking  ] GC(457) Concurrent Preclean
[218.164s][info][gc,marking  ] GC(457) Concurrent Preclean 0.032ms
[218.164s][info][gc,start    ] GC(457) Pause Remark
[218.177s][info][gc          ] GC(457) Pause Remark 73M->73M(256M) 13.559ms
[218.177s][info][gc,cpu      ] GC(457) User=0.03s Sys=0.00s Real=0.01s
[218.177s][info][gc,marking  ] GC(457) Concurrent Mark 70.520ms
[218.177s][info][gc,marking  ] GC(457) Concurrent Rebuild Remembered Sets and Scrub Regions
[218.199s][info][gc,marking  ] GC(457) Concurrent Rebuild Remembered Sets and Scrub Regions 21.338ms
[218.199s][info][gc,start    ] GC(457) Pause Cleanup
[218.199s][info][gc          ] GC(457) Pause Cleanup 78M->78M(256M) 0.037ms
[218.199s][info][gc,cpu      ] GC(457) User=0.00s Sys=0.00s Real=0.00s
[218.199s][info][gc,marking  ] GC(457) Concurrent Clear Claimed Marks
[218.199s][info][gc,marking  ] GC(457) Concurrent Clear Claimed Marks 0.033ms
[218.199s][info][gc,marking  ] GC(457) Concurrent Cleanup for Next Mark
[218.200s][info][gc,marking  ] GC(457) Concurrent Cleanup for Next Mark 0.729ms
[218.200s][info][gc          ] GC(457) Concurrent Mark Cycle 94.285ms
[218.694s][info][gc,start    ] GC(458) Pause Young (Prepare Mixed) (G1 Evacuation Pause)
[218.694s][info][gc,task     ] GC(458) Using 2 workers of 2 for evacuation
[218.708s][info][gc,phases   ] GC(458)   Pre Evacuate Collection Set: 0.17ms
[218.708s][info][gc,phases   ] GC(458)   Merge Heap Roots: 0.08ms
[218.708s][info][gc,phases   ] GC(458)   Evacuate Collection Set: 12.74ms
[218.708s][info][gc,phases   ] GC(458)   Post Evacuate Collection Set: 0.41ms
[218.708s][info][gc,phases   ] GC(458)   Other: 0.11ms
[218.708s][info][gc,heap     ] GC(458) Eden regions: 151->0(140)
[218.708s][info][gc,heap     ] GC(458) Survivor regions: 2->13(20)
[218.708s][info][gc,heap     ] GC(458) Old regions: 52->52
[218.708s][info][gc,heap     ] GC(458) Humongous regions: 5->3
[218.708s][info][gc,metaspace] GC(458) Metaspace: 42143K(42560K)->42143K(42560K) NonClass: 39328K(39616K)->39328K(39616K) Class: 2814K(2944K)->2814K(2944K)
[218.708s][info][gc          ] GC(458) Pause Young (Prepare Mixed) (G1 Evacuation Pause) 208M->67M(256M) 13.674ms
[218.708s][info][gc,cpu      ] GC(458) User=0.02s Sys=0.00s Real=0.01s
[219.224s][info][gc,start    ] GC(459) Pause Young (Mixed) (G1 Evacuation Pause)
[219.224s][info][gc,task     ] GC(459) Using 2 workers of 2 for evacuation
[219.233s][info][gc,phases   ] GC(459)   Pre Evacuate Collection Set: 0.17ms
[219.233s][info][gc,phases   ] GC(459)   Merge Heap Roots: 0.07ms
[219.233s][info][gc,phases   ] GC(459)   Evacuate Collection Set: 8.19ms
[219.233s][info][gc,phases   ] GC(459)   Post Evacuate Collection Set: 0.40ms
[219.233s][info][gc,phases   ] GC(459)   Other: 0.10ms
[219.233s][info][gc,heap     ] GC(459) Eden regions: 140->0(146)
[219.233s][info][gc,heap     ] GC(459) Survivor regions: 13->7(20)
[219.233s][info][gc,heap     ] GC(459) Old regions: 52->50
[219.233s][info][gc,heap     ] GC(459) Humongous regions: 7->3
[219.233s][info][gc,metaspace] GC(459) Metaspace: 42143K(42560K)->42143K(42560K) NonClass: 39328K(39616K)->39328K(39616K) Class: 2814K(2944K)->2814K(2944K)
[219.233s][info][gc          ] GC(459) Pause Young (Mixed) (G1 Evacuation Pause) 211M->59M(256M) 9.110ms
[219.233s][info][gc,cpu      ] GC(459) User=0.02s Sys=0.00s Real=0.01s
[219.321s][info][gc,start    ] GC(460) Pause Young (Concurrent Start) (G1 Humongous Allocation)
[219.321s][info][gc,task     ] GC(460) Using 2 workers of 2 for evacuation
[219.324s][info][gc,phases   ] GC(460)   Pre Evacuate Collection Set: 0.21ms
[219.324s][info][gc,phases   ] GC(460)   Merge Heap Roots: 0.04ms
[219.324s][info][gc,phases   ] GC(460)   Evacuate Collection Set: 1.43ms
[219.324s][info][gc,phases   ] GC(460)   Post Evacuate Collection Set: 1.58ms
[219.324s][info][gc,phases   ] GC(460)   Other: 0.10ms
[219.324s][info][gc,heap     ] GC(460) Eden regions: 20->0(151)
[219.324s][info][gc,heap     ] GC(460) Survivor regions: 7->2(20)
[219.324s][info][gc,heap     ] GC(460) Old regions: 50->50
[219.324s][info][gc,heap     ] GC(460) Humongous regions: 3->1
[219.324s][info][gc,metaspace] GC(460) Metaspace: 42143K(42560K)->42143K(42560K) NonClass: 39328K(39616K)->39328K(39616K) Class: 2814K(2944K)->2814K(2944K)
[219.324s][info][gc          ] GC(460) Pause Young (Concurrent Start) (G1 Humongous Allocation) 78M->52M(256M) 3.541ms
[219.324s][info][gc          ] GC(461) Concurrent Mark Cycle
[219.324s][info][gc,marking  ] GC(461) Concurrent Scan Root Regions
[219.326s][info][gc,cpu      ] GC(460) User=0.01s Sys=0.00s Real=0.01s
[219.331s][info][gc,marking  ] GC(461) Concurrent Scan Root Regions 6.803ms
[219.331s][info][gc,marking  ] GC(461) Concurrent Mark
[219.331s][info][gc,marking  ] GC(461) Concurrent Mark From Roots
[219.331s][info][gc,task     ] GC(461) Using 1 workers of 1 for marking
[219.390s][info][gc,marking  ] GC(461) Concurrent Mark From Roots 59.435ms
[219.390s][info][gc,marking  ] GC(461) Concurrent Preclean
[219.391s][info][gc,marking  ] GC(461) Concurrent Preclean 0.034ms
[219.391s][info][gc,start    ] GC(461) Pause Remark
[219.405s][info][gc          ] GC(461) Pause Remark 71M->71M(256M) 14.832ms
[219.406s][info][gc,cpu      ] GC(461) User=0.02s Sys=0.00s Real=0.02s
[219.407s][info][gc,marking  ] GC(461) Concurrent Mark 75.839ms
[219.407s][info][gc,marking  ] GC(461) Concurrent Rebuild Remembered Sets and Scrub Regions
[219.432s][info][gc,marking  ] GC(461) Concurrent Rebuild Remembered Sets and Scrub Regions 24.854ms
[219.432s][info][gc,start    ] GC(461) Pause Cleanup
[219.432s][info][gc          ] GC(461) Pause Cleanup 74M->74M(256M) 0.041ms
[219.432s][info][gc,cpu      ] GC(461) User=0.00s Sys=0.00s Real=0.00s
[219.432s][info][gc,marking  ] GC(461) Concurrent Clear Claimed Marks
[219.432s][info][gc,marking  ] GC(461) Concurrent Clear Claimed Marks 0.034ms
[219.432s][info][gc,marking  ] GC(461) Concurrent Cleanup for Next Mark
[219.433s][info][gc,marking  ] GC(461) Concurrent Cleanup for Next Mark 0.745ms
[219.433s][info][gc          ] GC(461) Concurrent Mark Cycle 108.566ms
[219.740s][info][gc,start    ] GC(462) Pause Young (Prepare Mixed) (G1 Evacuation Pause)
[219.740s][info][gc,task     ] GC(462) Using 2 workers of 2 for evacuation
[219.771s][info][gc,phases   ] GC(462)   Pre Evacuate Collection Set: 0.16ms
[219.771s][info][gc,phases   ] GC(462)   Merge Heap Roots: 0.08ms
[219.771s][info][gc,phases   ] GC(462)   Evacuate Collection Set: 30.05ms
[219.771s][info][gc,phases   ] GC(462)   Post Evacuate Collection Set: 0.48ms
[219.771s][info][gc,phases   ] GC(462)   Other: 0.07ms
[219.771s][info][gc,heap     ] GC(462) Eden regions: 151->0(117)
[219.771s][info][gc,heap     ] GC(462) Survivor regions: 2->20(20)
[219.771s][info][gc,heap     ] GC(462) Old regions: 50->67
[219.771s][info][gc,heap     ] GC(462) Humongous regions: 5->3
[219.771s][info][gc,metaspace] GC(462) Metaspace: 42143K(42560K)->42143K(42560K) NonClass: 39328K(39616K)->39328K(39616K) Class: 2814K(2944K)->2814K(2944K)
[219.771s][info][gc          ] GC(462) Pause Young (Prepare Mixed) (G1 Evacuation Pause) 207M->89M(256M) 31.030ms
[219.771s][info][gc,cpu      ] GC(462) User=0.06s Sys=0.00s Real=0.03s
[220.293s][info][gc,start    ] GC(463) Pause Young (Mixed) (G1 Evacuation Pause)
[220.293s][info][gc,task     ] GC(463) Using 2 workers of 2 for evacuation
[220.350s][info][gc,phases   ] GC(463)   Pre Evacuate Collection Set: 0.16ms
[220.350s][info][gc,phases   ] GC(463)   Merge Heap Roots: 0.26ms
[220.350s][info][gc,phases   ] GC(463)   Evacuate Collection Set: 55.87ms
[220.350s][info][gc,phases   ] GC(463)   Post Evacuate Collection Set: 0.48ms
[220.350s][info][gc,phases   ] GC(463)   Other: 0.07ms
[220.350s][info][gc,heap     ] GC(463) Eden regions: 117->0(93)
[220.350s][info][gc,heap     ] GC(463) Survivor regions: 20->18(18)
[220.350s][info][gc,heap     ] GC(463) Old regions: 67->94
[220.350s][info][gc,heap     ] GC(463) Humongous regions: 3->3
[220.350s][info][gc,metaspace] GC(463) Metaspace: 42143K(42560K)->42143K(42560K) NonClass: 39328K(39616K)->39328K(39616K) Class: 2814K(2944K)->2814K(2944K)
[220.350s][info][gc          ] GC(463) Pause Young (Mixed) (G1 Evacuation Pause) 206M->114M(256M) 57.009ms
[220.350s][info][gc,cpu      ] GC(463) User=0.11s Sys=0.00s Real=0.05s
[220.789s][info][gc,start    ] GC(464) Pause Young (Concurrent Start) (G1 Evacuation Pause)
[220.789s][info][gc,task     ] GC(464) Using 2 workers of 2 for evacuation
[220.863s][info][gc,phases   ] GC(464)   Pre Evacuate Collection Set: 1.77ms
[220.863s][info][gc,phases   ] GC(464)   Merge Heap Roots: 1.58ms
[220.863s][info][gc,phases   ] GC(464)   Evacuate Collection Set: 69.35ms
[220.863s][info][gc,phases   ] GC(464)   Post Evacuate Collection Set: 0.43ms
[220.863s][info][gc,phases   ] GC(464)   Other: 0.72ms
[220.863s][info][gc,heap     ] GC(464) Eden regions: 93->0(73)
[220.863s][info][gc,heap     ] GC(464) Survivor regions: 18->14(14)
[220.863s][info][gc,heap     ] GC(464) Old regions: 94->123
[220.863s][info][gc,heap     ] GC(464) Humongous regions: 3->3
[220.863s][info][gc,metaspace] GC(464) Metaspace: 42143K(42560K)->42143K(42560K) NonClass: 39328K(39616K)->39328K(39616K) Class: 2814K(2944K)->2814K(2944K)
[220.863s][info][gc          ] GC(464) Pause Young (Concurrent Start) (G1 Evacuation Pause) 207M->139M(256M) 74.100ms
[220.863s][info][gc          ] GC(465) Concurrent Mark Cycle
[220.863s][info][gc,marking  ] GC(465) Concurrent Scan Root Regions
[220.864s][info][gc,cpu      ] GC(464) User=0.10s Sys=0.00s Real=0.08s
[220.922s][info][gc,marking  ] GC(465) Concurrent Scan Root Regions 59.184ms
[220.922s][info][gc,marking  ] GC(465) Concurrent Mark
[220.922s][info][gc,marking  ] GC(465) Concurrent Mark From Roots
[220.922s][info][gc,task     ] GC(465) Using 1 workers of 1 for marking
[221.069s][info][gc,marking  ] GC(465) Concurrent Mark From Roots 146.722ms
[221.069s][info][gc,marking  ] GC(465) Concurrent Preclean
[221.069s][info][gc,marking  ] GC(465) Concurrent Preclean 0.042ms
[221.069s][info][gc,start    ] GC(465) Pause Remark
[221.083s][info][gc          ] GC(465) Pause Remark 170M->170M(256M) 13.668ms
[221.083s][info][gc,cpu      ] GC(465) User=0.02s Sys=0.00s Real=0.02s
[221.083s][info][gc,marking  ] GC(465) Concurrent Mark 160.694ms
[221.083s][info][gc,marking  ] GC(465) Concurrent Rebuild Remembered Sets and Scrub Regions
[221.154s][info][gc,marking  ] GC(465) Concurrent Rebuild Remembered Sets and Scrub Regions 71.116ms
[221.154s][info][gc,start    ] GC(465) Pause Cleanup
[221.154s][info][gc          ] GC(465) Pause Cleanup 180M->180M(256M) 0.046ms
[221.154s][info][gc,cpu      ] GC(465) User=0.00s Sys=0.00s Real=0.00s
[221.154s][info][gc,marking  ] GC(465) Concurrent Clear Claimed Marks
[221.154s][info][gc,marking  ] GC(465) Concurrent Clear Claimed Marks 0.034ms
[221.154s][info][gc,marking  ] GC(465) Concurrent Cleanup for Next Mark
[221.155s][info][gc,marking  ] GC(465) Concurrent Cleanup for Next Mark 0.755ms
[221.155s][info][gc          ] GC(465) Concurrent Mark Cycle 292.114ms
[221.313s][info][gc,start    ] GC(466) Pause Young (Prepare Mixed) (G1 Evacuation Pause)
[221.313s][info][gc,task     ] GC(466) Using 2 workers of 2 for evacuation
[221.354s][info][gc,phases   ] GC(466)   Pre Evacuate Collection Set: 0.20ms
[221.354s][info][gc,phases   ] GC(466)   Merge Heap Roots: 0.58ms
[221.354s][info][gc,phases   ] GC(466)   Evacuate Collection Set: 39.49ms
[221.354s][info][gc,phases   ] GC(466)   Post Evacuate Collection Set: 0.36ms
[221.354s][info][gc,phases   ] GC(466)   Other: 0.06ms
[221.354s][info][gc,heap     ] GC(466) Eden regions: 73->0(58)
[221.354s][info][gc,heap     ] GC(466) Survivor regions: 14->11(11)
[221.354s][info][gc,heap     ] GC(466) Old regions: 123->147
[221.354s][info][gc,heap     ] GC(466) Humongous regions: 3->3
[221.354s][info][gc,metaspace] GC(466) Metaspace: 42143K(42560K)->42143K(42560K) NonClass: 39328K(39616K)->39328K(39616K) Class: 2814K(2944K)->2814K(2944K)
[221.354s][info][gc          ] GC(466) Pause Young (Prepare Mixed) (G1 Evacuation Pause) 212M->160M(256M) 40.906ms
[221.354s][info][gc,cpu      ] GC(466) User=0.07s Sys=0.00s Real=0.04s
[221.629s][info][gc,start    ] GC(467) Pause Young (Mixed) (G1 Evacuation Pause)
[221.629s][info][gc,task     ] GC(467) Using 2 workers of 2 for evacuation
[221.678s][info][gc,phases   ] GC(467)   Pre Evacuate Collection Set: 0.19ms
[221.678s][info][gc,phases   ] GC(467)   Merge Heap Roots: 0.48ms
[221.678s][info][gc,phases   ] GC(467)   Evacuate Collection Set: 48.40ms
[221.678s][info][gc,phases   ] GC(467)   Post Evacuate Collection Set: 0.38ms
[221.678s][info][gc,phases   ] GC(467)   Other: 0.07ms
[221.678s][info][gc,heap     ] GC(467) Eden regions: 58->0(51)
[221.678s][info][gc,heap     ] GC(467) Survivor regions: 11->9(9)
[221.678s][info][gc,heap     ] GC(467) Old regions: 147->158
[221.678s][info][gc,heap     ] GC(467) Humongous regions: 3->3
[221.678s][info][gc,metaspace] GC(467) Metaspace: 42143K(42560K)->42143K(42560K) NonClass: 39328K(39616K)->39328K(39616K) Class: 2814K(2944K)->2814K(2944K)
[221.679s][info][gc          ] GC(467) Pause Young (Mixed) (G1 Evacuation Pause) 218M->169M(256M) 49.698ms
[221.679s][info][gc,cpu      ] GC(467) User=0.07s Sys=0.00s Real=0.05s
[221.698s][info][gc,start    ] GC(468) Pause Young (Concurrent Start) (G1 Humongous Allocation)
[221.698s][info][gc,task     ] GC(468) Using 2 workers of 2 for evacuation
[221.712s][info][gc,phases   ] GC(468)   Pre Evacuate Collection Set: 0.17ms
[221.712s][info][gc,phases   ] GC(468)   Merge Heap Roots: 0.10ms
[221.712s][info][gc,phases   ] GC(468)   Evacuate Collection Set: 12.30ms
[221.712s][info][gc,phases   ] GC(468)   Post Evacuate Collection Set: 1.22ms
[221.712s][info][gc,phases   ] GC(468)   Other: 0.08ms
[221.712s][info][gc,heap     ] GC(468) Eden regions: 5->0(142)
[221.712s][info][gc,heap     ] GC(468) Survivor regions: 9->2(8)
[221.712s][info][gc,heap     ] GC(468) Old regions: 158->167
[221.712s][info][gc,heap     ] GC(468) Humongous regions: 3->1
[221.712s][info][gc,metaspace] GC(468) Metaspace: 42143K(42560K)->42143K(42560K) NonClass: 39328K(39616K)->39328K(39616K) Class: 2814K(2944K)->2814K(2944K)
[221.712s][info][gc          ] GC(468) Pause Young (Concurrent Start) (G1 Humongous Allocation) 173M->168M(401M) 14.010ms
[221.712s][info][gc          ] GC(469) Concurrent Undo Cycle
[221.712s][info][gc,marking  ] GC(469) Concurrent Clear Claimed Marks
[221.712s][info][gc,marking  ] GC(469) Concurrent Clear Claimed Marks 0.041ms
[221.712s][info][gc,marking  ] GC(469) Concurrent Cleanup for Next Mark
[221.712s][info][gc,cpu      ] GC(468) User=0.03s Sys=0.00s Real=0.02s
[221.713s][info][gc,marking  ] GC(469) Concurrent Cleanup for Next Mark 0.167ms
[221.713s][info][gc          ] GC(469) Concurrent Undo Cycle 0.243ms
[222.211s][info][gc,start    ] GC(470) Pause Young (Concurrent Start) (G1 Humongous Allocation)
[222.211s][info][gc,task     ] GC(470) Using 2 workers of 2 for evacuation
[222.215s][info][gc,phases   ] GC(470)   Pre Evacuate Collection Set: 0.23ms
[222.215s][info][gc,phases   ] GC(470)   Merge Heap Roots: 0.09ms
[222.215s][info][gc,phases   ] GC(470)   Evacuate Collection Set: 3.45ms
[222.215s][info][gc,phases   ] GC(470)   Post Evacuate Collection Set: 0.36ms
[222.215s][info][gc,phases   ] GC(470)   Other: 0.08ms
[222.215s][info][gc,heap     ] GC(470) Eden regions: 109->0(154)
[222.215s][info][gc,heap     ] GC(470) Survivor regions: 2->2(18)
[222.215s][info][gc,heap     ] GC(470) Old regions: 167->167
[222.215s][info][gc,heap     ] GC(470) Humongous regions: 3->1
[222.215s][info][gc,metaspace] GC(470) Metaspace: 42143K(42560K)->42143K(42560K) NonClass: 39328K(39616K)->39328K(39616K) Class: 2814K(2944K)->2814K(2944K)
[222.215s][info][gc          ] GC(470) Pause Young (Concurrent Start) (G1 Humongous Allocation) 279M->168M(401M) 4.386ms
[222.216s][info][gc,cpu      ] GC(470) User=0.01s Sys=0.01s Real=0.01s
[222.216s][info][gc          ] GC(471) Concurrent Mark Cycle
[222.216s][info][gc,marking  ] GC(471) Concurrent Scan Root Regions
[222.217s][info][gc,marking  ] GC(471) Concurrent Scan Root Regions 1.844ms
[222.217s][info][gc,marking  ] GC(471) Concurrent Mark
[222.217s][info][gc,marking  ] GC(471) Concurrent Mark From Roots
[222.217s][info][gc,task     ] GC(471) Using 1 workers of 1 for marking
[222.335s][info][gc,marking  ] GC(471) Concurrent Mark From Roots 117.844ms
[222.335s][info][gc,marking  ] GC(471) Concurrent Preclean
[222.335s][info][gc,marking  ] GC(471) Concurrent Preclean 0.040ms
[222.335s][info][gc,start    ] GC(471) Pause Remark
[222.350s][info][gc          ] GC(471) Pause Remark 189M->189M(401M) 14.007ms
[222.350s][info][gc,cpu      ] GC(471) User=0.03s Sys=0.00s Real=0.01s
[222.350s][info][gc,marking  ] GC(471) Concurrent Mark 132.147ms
[222.350s][info][gc,marking  ] GC(471) Concurrent Rebuild Remembered Sets and Scrub Regions
[222.406s][info][gc,marking  ] GC(471) Concurrent Rebuild Remembered Sets and Scrub Regions 56.797ms
[222.407s][info][gc,start    ] GC(471) Pause Cleanup
[222.407s][info][gc          ] GC(471) Pause Cleanup 189M->189M(401M) 0.085ms
[222.407s][info][gc,cpu      ] GC(471) User=0.00s Sys=0.00s Real=0.00s
[222.407s][info][gc,marking  ] GC(471) Concurrent Clear Claimed Marks
[222.407s][info][gc,marking  ] GC(471) Concurrent Clear Claimed Marks 0.038ms
[222.407s][info][gc,marking  ] GC(471) Concurrent Cleanup for Next Mark
[222.409s][info][gc,marking  ] GC(471) Concurrent Cleanup for Next Mark 2.562ms
[222.409s][info][gc          ] GC(471) Concurrent Mark Cycle 193.831ms
[222.891s][info][gc,start    ] GC(472) Pause Young (Prepare Mixed) (G1 Evacuation Pause)
[222.891s][info][gc,task     ] GC(472) Using 2 workers of 2 for evacuation
[222.902s][info][gc,phases   ] GC(472)   Pre Evacuate Collection Set: 0.20ms
[222.902s][info][gc,phases   ] GC(472)   Merge Heap Roots: 0.09ms
[222.902s][info][gc,phases   ] GC(472)   Evacuate Collection Set: 10.05ms
[222.902s][info][gc,phases   ] GC(472)   Post Evacuate Collection Set: 0.42ms
[222.902s][info][gc,phases   ] GC(472)   Other: 0.08ms
[222.902s][info][gc,heap     ] GC(472) Eden regions: 154->0(158)
[222.902s][info][gc,heap     ] GC(472) Survivor regions: 2->8(20)
[222.902s][info][gc,heap     ] GC(472) Old regions: 167->167
[222.902s][info][gc,heap     ] GC(472) Humongous regions: 11->3
[222.902s][info][gc,metaspace] GC(472) Metaspace: 42145K(42560K)->42145K(42560K) NonClass: 39330K(39616K)->39330K(39616K) Class: 2814K(2944K)->2814K(2944K)
[222.902s][info][gc          ] GC(472) Pause Young (Prepare Mixed) (G1 Evacuation Pause) 332M->177M(401M) 11.014ms
[222.902s][info][gc,cpu      ] GC(472) User=0.02s Sys=0.00s Real=0.01s
[223.359s][info][gc,start    ] GC(473) Pause Young (Mixed) (G1 Evacuation Pause)
[223.359s][info][gc,task     ] GC(473) Using 2 workers of 2 for evacuation
[223.391s][info][gc,phases   ] GC(473)   Pre Evacuate Collection Set: 0.30ms
[223.391s][info][gc,phases   ] GC(473)   Merge Heap Roots: 0.19ms
[223.391s][info][gc,phases   ] GC(473)   Evacuate Collection Set: 31.22ms
[223.391s][info][gc,phases   ] GC(473)   Post Evacuate Collection Set: 0.54ms
[223.391s][info][gc,phases   ] GC(473)   Other: 0.08ms
[223.392s][info][gc,heap     ] GC(473) Eden regions: 158->0(145)
[223.392s][info][gc,heap     ] GC(473) Survivor regions: 8->21(21)
[223.392s][info][gc,heap     ] GC(473) Old regions: 167->151
[223.392s][info][gc,heap     ] GC(473) Humongous regions: 6->4
[223.392s][info][gc,metaspace] GC(473) Metaspace: 42157K(42560K)->42157K(42560K) NonClass: 39342K(39616K)->39342K(39616K) Class: 2814K(2944K)->2814K(2944K)
[223.392s][info][gc          ] GC(473) Pause Young (Mixed) (G1 Evacuation Pause) 338M->175M(401M) 32.517ms
[223.392s][info][gc,cpu      ] GC(473) User=0.06s Sys=0.00s Real=0.03s
[223.856s][info][gc,start    ] GC(474) Pause Young (Mixed) (G1 Evacuation Pause)
[223.856s][info][gc,task     ] GC(474) Using 2 workers of 2 for evacuation
[223.890s][info][gc,phases   ] GC(474)   Pre Evacuate Collection Set: 0.31ms
[223.890s][info][gc,phases   ] GC(474)   Merge Heap Roots: 0.39ms
[223.890s][info][gc,phases   ] GC(474)   Evacuate Collection Set: 32.87ms
[223.890s][info][gc,phases   ] GC(474)   Post Evacuate Collection Set: 0.50ms
[223.890s][info][gc,phases   ] GC(474)   Other: 0.08ms
[223.890s][info][gc,heap     ] GC(474) Eden regions: 145->0(170)
[223.890s][info][gc,heap     ] GC(474) Survivor regions: 21->9(21)
[223.890s][info][gc,heap     ] GC(474) Old regions: 151->142
[223.890s][info][gc,heap     ] GC(474) Humongous regions: 5->4
[223.890s][info][gc,metaspace] GC(474) Metaspace: 42157K(42560K)->42157K(42560K) NonClass: 39342K(39616K)->39342K(39616K) Class: 2814K(2944K)->2814K(2944K)
[223.890s][info][gc          ] GC(474) Pause Young (Mixed) (G1 Evacuation Pause) 321M->154M(401M) 34.383ms
[223.890s][info][gc,cpu      ] GC(474) User=0.07s Sys=0.00s Real=0.03s
[224.450s][info][gc,start    ] GC(475) Pause Young (Mixed) (G1 Evacuation Pause)
[224.450s][info][gc,task     ] GC(475) Using 2 workers of 2 for evacuation
[224.464s][info][gc,phases   ] GC(475)   Pre Evacuate Collection Set: 0.20ms
[224.464s][info][gc,phases   ] GC(475)   Merge Heap Roots: 0.28ms
[224.464s][info][gc,phases   ] GC(475)   Evacuate Collection Set: 12.50ms
[224.464s][info][gc,phases   ] GC(475)   Post Evacuate Collection Set: 0.41ms
[224.464s][info][gc,phases   ] GC(475)   Other: 0.10ms
[224.464s][info][gc,heap     ] GC(475) Eden regions: 170->0(189)
[224.464s][info][gc,heap     ] GC(475) Survivor regions: 9->6(23)
[224.464s][info][gc,heap     ] GC(475) Old regions: 142->135
[224.464s][info][gc,heap     ] GC(475) Humongous regions: 6->4
[224.464s][info][gc,metaspace] GC(475) Metaspace: 42158K(42560K)->42158K(42560K) NonClass: 39343K(39616K)->39343K(39616K) Class: 2814K(2944K)->2814K(2944K)
[224.464s][info][gc          ] GC(475) Pause Young (Mixed) (G1 Evacuation Pause) 326M->144M(401M) 13.710ms
[224.464s][info][gc,cpu      ] GC(475) User=0.02s Sys=0.00s Real=0.02s
[225.094s][info][gc,start    ] GC(476) Pause Young (Concurrent Start) (G1 Evacuation Pause)
[225.094s][info][gc,task     ] GC(476) Using 2 workers of 2 for evacuation
[225.120s][info][gc,phases   ] GC(476)   Pre Evacuate Collection Set: 0.20ms
[225.120s][info][gc,phases   ] GC(476)   Merge Heap Roots: 0.09ms
[225.120s][info][gc,phases   ] GC(476)   Evacuate Collection Set: 25.38ms
[225.120s][info][gc,phases   ] GC(476)   Post Evacuate Collection Set: 0.49ms
[225.120s][info][gc,phases   ] GC(476)   Other: 0.15ms
[225.120s][info][gc,heap     ] GC(476) Eden regions: 189->0(147)
[225.120s][info][gc,heap     ] GC(476) Survivor regions: 6->25(25)
[225.120s][info][gc,heap     ] GC(476) Old regions: 135->151
[225.120s][info][gc,heap     ] GC(476) Humongous regions: 4->4
[225.120s][info][gc,metaspace] GC(476) Metaspace: 42160K(42560K)->42160K(42560K) NonClass: 39345K(39616K)->39345K(39616K) Class: 2814K(2944K)->2814K(2944K)
[225.120s][info][gc          ] GC(476) Pause Young (Concurrent Start) (G1 Evacuation Pause) 333M->179M(401M) 26.548ms
[225.120s][info][gc,cpu      ] GC(476) User=0.05s Sys=0.00s Real=0.02s
[225.120s][info][gc          ] GC(477) Concurrent Mark Cycle
[225.120s][info][gc,marking  ] GC(477) Concurrent Scan Root Regions
[225.136s][info][gc,marking  ] GC(477) Concurrent Scan Root Regions 15.522ms
[225.136s][info][gc,marking  ] GC(477) Concurrent Mark
[225.136s][info][gc,marking  ] GC(477) Concurrent Mark From Roots
[225.136s][info][gc,task     ] GC(477) Using 1 workers of 1 for marking
[225.235s][info][gc,marking  ] GC(477) Concurrent Mark From Roots 99.443ms
[225.235s][info][gc,marking  ] GC(477) Concurrent Preclean
[225.235s][info][gc,marking  ] GC(477) Concurrent Preclean 0.037ms
[225.236s][info][gc,start    ] GC(477) Pause Remark
[225.250s][info][gc          ] GC(477) Pause Remark 205M->196M(401M) 14.509ms
[225.250s][info][gc,cpu      ] GC(477) User=0.03s Sys=0.00s Real=0.01s
[225.250s][info][gc,marking  ] GC(477) Concurrent Mark 114.273ms
[225.250s][info][gc,marking  ] GC(477) Concurrent Rebuild Remembered Sets and Scrub Regions
[225.303s][info][gc,marking  ] GC(477) Concurrent Rebuild Remembered Sets and Scrub Regions 52.603ms
[225.303s][info][gc,start    ] GC(477) Pause Cleanup
[225.303s][info][gc          ] GC(477) Pause Cleanup 211M->211M(401M) 0.054ms
[225.303s][info][gc,cpu      ] GC(477) User=0.00s Sys=0.00s Real=0.00s
[225.303s][info][gc,marking  ] GC(477) Concurrent Clear Claimed Marks
[225.303s][info][gc,marking  ] GC(477) Concurrent Clear Claimed Marks 0.034ms
[225.303s][info][gc,marking  ] GC(477) Concurrent Cleanup for Next Mark
[225.304s][info][gc,marking  ] GC(477) Concurrent Cleanup for Next Mark 1.130ms
[225.304s][info][gc          ] GC(477) Concurrent Mark Cycle 183.845ms
[225.682s][info][gc,start    ] GC(478) Pause Young (Prepare Mixed) (G1 Evacuation Pause)
[225.682s][info][gc,task     ] GC(478) Using 2 workers of 2 for evacuation
[225.714s][info][gc,phases   ] GC(478)   Pre Evacuate Collection Set: 0.20ms
[225.714s][info][gc,phases   ] GC(478)   Merge Heap Roots: 0.25ms
[225.714s][info][gc,phases   ] GC(478)   Evacuate Collection Set: 31.01ms
[225.714s][info][gc,phases   ] GC(478)   Post Evacuate Collection Set: 0.41ms
[225.715s][info][gc,phases   ] GC(478)   Other: 0.09ms
[225.715s][info][gc,heap     ] GC(478) Eden regions: 147->0(135)
[225.715s][info][gc,heap     ] GC(478) Survivor regions: 25->22(22)
[225.715s][info][gc,heap     ] GC(478) Old regions: 142->167
[225.715s][info][gc,heap     ] GC(478) Humongous regions: 5->4
[225.715s][info][gc,metaspace] GC(478) Metaspace: 42161K(42560K)->42161K(42560K) NonClass: 39346K(39616K)->39346K(39616K) Class: 2814K(2944K)->2814K(2944K)
[225.715s][info][gc          ] GC(478) Pause Young (Prepare Mixed) (G1 Evacuation Pause) 318M->192M(401M) 32.212ms
[225.715s][info][gc,cpu      ] GC(478) User=0.07s Sys=0.00s Real=0.03s
[226.160s][info][gc,start    ] GC(479) Pause Young (Mixed) (G1 Evacuation Pause)
[226.160s][info][gc,task     ] GC(479) Using 2 workers of 2 for evacuation
[226.200s][info][gc,phases   ] GC(479)   Pre Evacuate Collection Set: 0.29ms
[226.200s][info][gc,phases   ] GC(479)   Merge Heap Roots: 0.27ms
[226.200s][info][gc,phases   ] GC(479)   Evacuate Collection Set: 37.65ms
[226.200s][info][gc,phases   ] GC(479)   Post Evacuate Collection Set: 1.35ms
[226.200s][info][gc,phases   ] GC(479)   Other: 0.10ms
[226.200s][info][gc,heap     ] GC(479) Eden regions: 135->0(221)
[226.200s][info][gc,heap     ] GC(479) Survivor regions: 22->20(20)
[226.200s][info][gc,heap     ] GC(479) Old regions: 167->163
[226.200s][info][gc,heap     ] GC(479) Humongous regions: 4->4
[226.200s][info][gc,metaspace] GC(479) Metaspace: 42162K(42560K)->42162K(42560K) NonClass: 39346K(39616K)->39346K(39616K) Class: 2815K(2944K)->2815K(2944K)
[226.200s][info][gc          ] GC(479) Pause Young (Mixed) (G1 Evacuation Pause) 327M->186M(517M) 39.838ms
[226.200s][info][gc,cpu      ] GC(479) User=0.08s Sys=0.00s Real=0.04s
[227.096s][info][gc,start    ] GC(480) Pause Young (Normal) (G1 Evacuation Pause)
[227.096s][info][gc,task     ] GC(480) Using 2 workers of 2 for evacuation
[227.193s][info][gc,phases   ] GC(480)   Pre Evacuate Collection Set: 0.32ms
[227.193s][info][gc,phases   ] GC(480)   Merge Heap Roots: 0.17ms
[227.193s][info][gc,phases   ] GC(480)   Evacuate Collection Set: 95.62ms
[227.193s][info][gc,phases   ] GC(480)   Post Evacuate Collection Set: 0.64ms
[227.193s][info][gc,phases   ] GC(480)   Other: 0.09ms
[227.193s][info][gc,heap     ] GC(480) Eden regions: 221->0(124)
[227.193s][info][gc,heap     ] GC(480) Survivor regions: 20->31(31)
[227.193s][info][gc,heap     ] GC(480) Old regions: 163->265
[227.193s][info][gc,heap     ] GC(480) Humongous regions: 6->6
[227.193s][info][gc,metaspace] GC(480) Metaspace: 42163K(42560K)->42163K(42560K) NonClass: 39348K(39616K)->39348K(39616K) Class: 2815K(2944K)->2815K(2944K)
[227.193s][info][gc          ] GC(480) Pause Young (Normal) (G1 Evacuation Pause) 409M->301M(543M) 97.079ms
[227.193s][info][gc,cpu      ] GC(480) User=0.18s Sys=0.01s Real=0.10s
[227.570s][info][gc,start    ] GC(481) Pause Young (Concurrent Start) (G1 Humongous Allocation)
[227.570s][info][gc,task     ] GC(481) Using 2 workers of 2 for evacuation
[227.642s][info][gc,phases   ] GC(481)   Pre Evacuate Collection Set: 0.28ms
[227.642s][info][gc,phases   ] GC(481)   Merge Heap Roots: 0.40ms
[227.642s][info][gc,phases   ] GC(481)   Evacuate Collection Set: 71.13ms
[227.642s][info][gc,phases   ] GC(481)   Post Evacuate Collection Set: 0.47ms
[227.642s][info][gc,phases   ] GC(481)   Other: 0.10ms
[227.642s][info][gc,heap     ] GC(481) Eden regions: 109->0(71)
[227.642s][info][gc,heap     ] GC(481) Survivor regions: 31->20(20)
[227.642s][info][gc,heap     ] GC(481) Old regions: 265->348
[227.642s][info][gc,heap     ] GC(481) Humongous regions: 6->6
[227.642s][info][gc,metaspace] GC(481) Metaspace: 42163K(42560K)->42163K(42560K) NonClass: 39348K(39616K)->39348K(39616K) Class: 2815K(2944K)->2815K(2944K)
[227.642s][info][gc          ] GC(481) Pause Young (Concurrent Start) (G1 Humongous Allocation) 409M->373M(543M) 72.611ms
[227.642s][info][gc,cpu      ] GC(481) User=0.14s Sys=0.00s Real=0.08s
[227.642s][info][gc          ] GC(482) Concurrent Mark Cycle
[227.642s][info][gc,marking  ] GC(482) Concurrent Scan Root Regions
[227.679s][info][gc,marking  ] GC(482) Concurrent Scan Root Regions 36.250ms
[227.679s][info][gc,marking  ] GC(482) Concurrent Mark
[227.679s][info][gc,marking  ] GC(482) Concurrent Mark From Roots
[227.679s][info][gc,task     ] GC(482) Using 1 workers of 1 for marking
[227.828s][info][gc,marking  ] GC(482) Concurrent Mark From Roots 149.475ms
[227.828s][info][gc,marking  ] GC(482) Concurrent Preclean
[227.828s][info][gc,marking  ] GC(482) Concurrent Preclean 0.037ms
[227.828s][info][gc,start    ] GC(482) Pause Remark
[227.842s][info][gc          ] GC(482) Pause Remark 413M->358M(543M) 14.127ms
[227.842s][info][gc,cpu      ] GC(482) User=0.03s Sys=0.00s Real=0.02s
[227.843s][info][gc,marking  ] GC(482) Concurrent Mark 163.927ms
[227.843s][info][gc,marking  ] GC(482) Concurrent Rebuild Remembered Sets and Scrub Regions
[227.949s][info][gc,marking  ] GC(482) Concurrent Rebuild Remembered Sets and Scrub Regions 106.146ms
[227.949s][info][gc,start    ] GC(482) Pause Cleanup
[227.949s][info][gc          ] GC(482) Pause Cleanup 387M->387M(543M) 0.085ms
[227.949s][info][gc,cpu      ] GC(482) User=0.00s Sys=0.00s Real=0.00s
[227.949s][info][gc,marking  ] GC(482) Concurrent Clear Claimed Marks
[227.949s][info][gc,marking  ] GC(482) Concurrent Clear Claimed Marks 0.038ms
[227.949s][info][gc,marking  ] GC(482) Concurrent Cleanup for Next Mark
[227.952s][info][gc,marking  ] GC(482) Concurrent Cleanup for Next Mark 3.006ms
[227.952s][info][gc          ] GC(482) Concurrent Mark Cycle 309.811ms
[227.961s][info][gc,start    ] GC(483) Pause Young (Prepare Mixed) (G1 Evacuation Pause)
[227.961s][info][gc,task     ] GC(483) Using 2 workers of 2 for evacuation
[228.005s][info][gc,phases   ] GC(483)   Pre Evacuate Collection Set: 0.22ms
[228.005s][info][gc,phases   ] GC(483)   Merge Heap Roots: 0.44ms
[228.005s][info][gc,phases   ] GC(483)   Evacuate Collection Set: 43.55ms
[228.005s][info][gc,phases   ] GC(483)   Post Evacuate Collection Set: 0.40ms
[228.005s][info][gc,phases   ] GC(483)   Other: 0.08ms
[228.005s][info][gc,heap     ] GC(483) Eden regions: 71->0(79)
[228.005s][info][gc,heap     ] GC(483) Survivor regions: 20->12(12)
[228.005s][info][gc,heap     ] GC(483) Old regions: 294->338
[228.005s][info][gc,heap     ] GC(483) Humongous regions: 6->6
[228.005s][info][gc,metaspace] GC(483) Metaspace: 42163K(42560K)->42163K(42560K) NonClass: 39348K(39616K)->39348K(39616K) Class: 2815K(2944K)->2815K(2944K)
[228.006s][info][gc          ] GC(483) Pause Young (Prepare Mixed) (G1 Evacuation Pause) 390M->355M(543M) 44.866ms
[228.006s][info][gc,cpu      ] GC(483) User=0.09s Sys=0.00s Real=0.05s
[228.282s][info][gc,start    ] GC(484) Pause Young (Mixed) (G1 Evacuation Pause)
[228.282s][info][gc,task     ] GC(484) Using 2 workers of 2 for evacuation
[228.313s][info][gc,phases   ] GC(484)   Pre Evacuate Collection Set: 0.41ms
[228.313s][info][gc,phases   ] GC(484)   Merge Heap Roots: 0.31ms
[228.315s][info][gc,phases   ] GC(484)   Evacuate Collection Set: 28.51ms
[228.315s][info][gc,phases   ] GC(484)   Post Evacuate Collection Set: 1.61ms
[228.315s][info][gc,phases   ] GC(484)   Other: 0.07ms
[228.315s][info][gc,heap     ] GC(484) Eden regions: 79->0(99)
[228.315s][info][gc,heap     ] GC(484) Survivor regions: 12->12(12)
[228.315s][info][gc,heap     ] GC(484) Old regions: 338->305
[228.315s][info][gc,heap     ] GC(484) Humongous regions: 7->6
[228.315s][info][gc,metaspace] GC(484) Metaspace: 42165K(42560K)->42165K(42560K) NonClass: 39349K(39616K)->39349K(39616K) Class: 2815K(2944K)->2815K(2944K)
[228.315s][info][gc          ] GC(484) Pause Young (Mixed) (G1 Evacuation Pause) 435M->322M(543M) 32.308ms
[228.315s][info][gc,cpu      ] GC(484) User=0.06s Sys=0.00s Real=0.03s
[228.653s][info][gc,start    ] GC(485) Pause Young (Mixed) (G1 Evacuation Pause)
[228.653s][info][gc,task     ] GC(485) Using 2 workers of 2 for evacuation
[228.676s][info][gc,phases   ] GC(485)   Pre Evacuate Collection Set: 0.27ms
[228.676s][info][gc,phases   ] GC(485)   Merge Heap Roots: 0.32ms
[228.676s][info][gc,phases   ] GC(485)   Evacuate Collection Set: 20.69ms
[228.676s][info][gc,phases   ] GC(485)   Post Evacuate Collection Set: 1.36ms
[228.676s][info][gc,phases   ] GC(485)   Other: 0.08ms
[228.676s][info][gc,heap     ] GC(485) Eden regions: 99->0(173)
[228.676s][info][gc,heap     ] GC(485) Survivor regions: 12->14(14)
[228.676s][info][gc,heap     ] GC(485) Old regions: 305->302
[228.676s][info][gc,heap     ] GC(485) Humongous regions: 6->6
[228.676s][info][gc,metaspace] GC(485) Metaspace: 42165K(42560K)->42165K(42560K) NonClass: 39349K(39616K)->39349K(39616K) Class: 2815K(2944K)->2815K(2944K)
[228.676s][info][gc          ] GC(485) Pause Young (Mixed) (G1 Evacuation Pause) 421M->321M(673M) 22.932ms
[228.676s][info][gc,cpu      ] GC(485) User=0.04s Sys=0.00s Real=0.02s
[229.416s][info][gc,start    ] GC(486) Pause Young (Normal) (G1 Evacuation Pause)
[229.416s][info][gc,task     ] GC(486) Using 2 workers of 2 for evacuation
[229.431s][info][gc,phases   ] GC(486)   Pre Evacuate Collection Set: 0.27ms
[229.431s][info][gc,phases   ] GC(486)   Merge Heap Roots: 0.07ms
[229.431s][info][gc,phases   ] GC(486)   Evacuate Collection Set: 14.87ms
[229.431s][info][gc,phases   ] GC(486)   Post Evacuate Collection Set: 0.45ms
[229.431s][info][gc,phases   ] GC(486)   Other: 0.08ms
[229.431s][info][gc,heap     ] GC(486) Eden regions: 173->0(182)
[229.431s][info][gc,heap     ] GC(486) Survivor regions: 14->13(24)
[229.431s][info][gc,heap     ] GC(486) Old regions: 302->313
[229.431s][info][gc,heap     ] GC(486) Humongous regions: 7->7
[229.431s][info][gc,metaspace] GC(486) Metaspace: 42165K(42560K)->42165K(42560K) NonClass: 39349K(39616K)->39349K(39616K) Class: 2815K(2944K)->2815K(2944K)
[229.431s][info][gc          ] GC(486) Pause Young (Normal) (G1 Evacuation Pause) 495M->332M(673M) 15.923ms
[229.432s][info][gc,cpu      ] GC(486) User=0.03s Sys=0.00s Real=0.01s
[229.896s][info][gc,start    ] GC(487) Pause Young (Concurrent Start) (G1 Humongous Allocation)
[229.896s][info][gc,task     ] GC(487) Using 2 workers of 2 for evacuation
[229.917s][info][gc,phases   ] GC(487)   Pre Evacuate Collection Set: 0.29ms
[229.917s][info][gc,phases   ] GC(487)   Merge Heap Roots: 0.06ms
[229.917s][info][gc,phases   ] GC(487)   Evacuate Collection Set: 20.06ms
[229.917s][info][gc,phases   ] GC(487)   Post Evacuate Collection Set: 0.43ms
[229.917s][info][gc,phases   ] GC(487)   Other: 0.09ms
[229.917s][info][gc,heap     ] GC(487) Eden regions: 126->0(177)
[229.917s][info][gc,heap     ] GC(487) Survivor regions: 13->25(25)
[229.917s][info][gc,heap     ] GC(487) Old regions: 313->322
[229.917s][info][gc,heap     ] GC(487) Humongous regions: 7->6
[229.917s][info][gc,metaspace] GC(487) Metaspace: 42165K(42560K)->42165K(42560K) NonClass: 39349K(39616K)->39349K(39616K) Class: 2815K(2944K)->2815K(2944K)
[229.917s][info][gc          ] GC(487) Pause Young (Concurrent Start) (G1 Humongous Allocation) 457M->352M(673M) 21.149ms
[229.917s][info][gc          ] GC(488) Concurrent Mark Cycle
[229.917s][info][gc,marking  ] GC(488) Concurrent Scan Root Regions
[229.919s][info][gc,cpu      ] GC(487) User=0.05s Sys=0.00s Real=0.02s
[229.930s][info][gc,marking  ] GC(488) Concurrent Scan Root Regions 12.779ms
[229.930s][info][gc,marking  ] GC(488) Concurrent Mark
[229.930s][info][gc,marking  ] GC(488) Concurrent Mark From Roots
[229.930s][info][gc,task     ] GC(488) Using 1 workers of 1 for marking
[230.004s][info][gc,marking  ] GC(488) Concurrent Mark From Roots 73.972ms
[230.004s][info][gc,marking  ] GC(488) Concurrent Preclean
[230.004s][info][gc,marking  ] GC(488) Concurrent Preclean 0.054ms
[230.004s][info][gc,start    ] GC(488) Pause Remark
[230.018s][info][gc          ] GC(488) Pause Remark 371M->169M(507M) 14.200ms
[230.018s][info][gc,cpu      ] GC(488) User=0.03s Sys=0.00s Real=0.01s
[230.018s][info][gc,marking  ] GC(488) Concurrent Mark 88.501ms
[230.018s][info][gc,marking  ] GC(488) Concurrent Rebuild Remembered Sets and Scrub Regions
[230.054s][info][gc,marking  ] GC(488) Concurrent Rebuild Remembered Sets and Scrub Regions 35.853ms
[230.054s][info][gc,start    ] GC(488) Pause Cleanup
[230.054s][info][gc          ] GC(488) Pause Cleanup 177M->177M(507M) 0.083ms
[230.054s][info][gc,cpu      ] GC(488) User=0.00s Sys=0.00s Real=0.00s
[230.054s][info][gc,marking  ] GC(488) Concurrent Clear Claimed Marks
[230.054s][info][gc,marking  ] GC(488) Concurrent Clear Claimed Marks 0.036ms
[230.054s][info][gc,marking  ] GC(488) Concurrent Cleanup for Next Mark
[230.056s][info][gc,marking  ] GC(488) Concurrent Cleanup for Next Mark 1.712ms
[230.056s][info][gc          ] GC(488) Concurrent Mark Cycle 139.247ms
[230.551s][info][gc,start    ] GC(489) Pause Young (Prepare Mixed) (G1 Evacuation Pause)
[230.551s][info][gc,task     ] GC(489) Using 2 workers of 2 for evacuation
[230.581s][info][gc,phases   ] GC(489)   Pre Evacuate Collection Set: 0.24ms
[230.581s][info][gc,phases   ] GC(489)   Merge Heap Roots: 0.16ms
[230.581s][info][gc,phases   ] GC(489)   Evacuate Collection Set: 28.69ms
[230.581s][info][gc,phases   ] GC(489)   Post Evacuate Collection Set: 0.48ms
[230.581s][info][gc,phases   ] GC(489)   Other: 0.08ms
[230.581s][info][gc,heap     ] GC(489) Eden regions: 177->0(189)
[230.581s][info][gc,heap     ] GC(489) Survivor regions: 25->26(26)
[230.581s][info][gc,heap     ] GC(489) Old regions: 123->145
[230.581s][info][gc,heap     ] GC(489) Humongous regions: 6->5
[230.581s][info][gc,metaspace] GC(489) Metaspace: 42165K(42560K)->42165K(42560K) NonClass: 39349K(39616K)->39349K(39616K) Class: 2815K(2944K)->2815K(2944K)
[230.581s][info][gc          ] GC(489) Pause Young (Prepare Mixed) (G1 Evacuation Pause) 330M->175M(507M) 29.870ms
[230.581s][info][gc,cpu      ] GC(489) User=0.05s Sys=0.00s Real=0.03s
[231.224s][info][gc,start    ] GC(490) Pause Young (Mixed) (G1 Evacuation Pause)
[231.224s][info][gc,task     ] GC(490) Using 2 workers of 2 for evacuation
[231.243s][info][gc,phases   ] GC(490)   Pre Evacuate Collection Set: 0.25ms
[231.243s][info][gc,phases   ] GC(490)   Merge Heap Roots: 0.13ms
[231.243s][info][gc,phases   ] GC(490)   Evacuate Collection Set: 17.77ms
[231.243s][info][gc,phases   ] GC(490)   Post Evacuate Collection Set: 0.53ms
[231.243s][info][gc,phases   ] GC(490)   Other: 0.09ms
[231.243s][info][gc,heap     ] GC(490) Eden regions: 189->0(215)
[231.243s][info][gc,heap     ] GC(490) Survivor regions: 26->6(27)
[231.243s][info][gc,heap     ] GC(490) Old regions: 145->137
[231.243s][info][gc,heap     ] GC(490) Humongous regions: 6->5
[231.243s][info][gc,metaspace] GC(490) Metaspace: 42165K(42560K)->42165K(42560K) NonClass: 39349K(39616K)->39349K(39616K) Class: 2815K(2944K)->2815K(2944K)
[231.243s][info][gc          ] GC(490) Pause Young (Mixed) (G1 Evacuation Pause) 365M->147M(507M) 18.962ms
[231.243s][info][gc,cpu      ] GC(490) User=0.03s Sys=0.00s Real=0.02s
[231.293s][info][gc,start    ] GC(491) Pause Young (Concurrent Start) (G1 Humongous Allocation)
[231.293s][info][gc,task     ] GC(491) Using 2 workers of 2 for evacuation
[231.303s][info][gc,phases   ] GC(491)   Pre Evacuate Collection Set: 0.22ms
[231.303s][info][gc,phases   ] GC(491)   Merge Heap Roots: 0.04ms
[231.303s][info][gc,phases   ] GC(491)   Evacuate Collection Set: 9.22ms
[231.303s][info][gc,phases   ] GC(491)   Post Evacuate Collection Set: 0.32ms
[231.303s][info][gc,phases   ] GC(491)   Other: 0.10ms
[231.303s][info][gc,heap     ] GC(491) Eden regions: 16->0(158)
[231.303s][info][gc,heap     ] GC(491) Survivor regions: 6->17(28)
[231.303s][info][gc,heap     ] GC(491) Old regions: 137->137
[231.303s][info][gc,heap     ] GC(491) Humongous regions: 5->5
[231.303s][info][gc,metaspace] GC(491) Metaspace: 42165K(42560K)->42165K(42560K) NonClass: 39349K(39616K)->39349K(39616K) Class: 2815K(2944K)->2815K(2944K)
[231.303s][info][gc          ] GC(491) Pause Young (Concurrent Start) (G1 Humongous Allocation) 163M->157M(507M) 10.083ms
[231.303s][info][gc          ] GC(492) Concurrent Mark Cycle
[231.303s][info][gc,marking  ] GC(492) Concurrent Scan Root Regions
[231.305s][info][gc,cpu      ] GC(491) User=0.03s Sys=0.00s Real=0.01s
[231.309s][info][gc,marking  ] GC(492) Concurrent Scan Root Regions 6.419ms
[231.309s][info][gc,marking  ] GC(492) Concurrent Mark
[231.309s][info][gc,marking  ] GC(492) Concurrent Mark From Roots
[231.309s][info][gc,task     ] GC(492) Using 1 workers of 1 for marking
[231.400s][info][gc,marking  ] GC(492) Concurrent Mark From Roots 91.026ms
[231.400s][info][gc,marking  ] GC(492) Concurrent Preclean
[231.400s][info][gc,marking  ] GC(492) Concurrent Preclean 0.047ms
[231.401s][info][gc,start    ] GC(492) Pause Remark
[231.415s][info][gc          ] GC(492) Pause Remark 179M->161M(474M) 14.015ms
[231.415s][info][gc,cpu      ] GC(492) User=0.03s Sys=0.00s Real=0.02s
[231.415s][info][gc,marking  ] GC(492) Concurrent Mark 105.403ms
[231.415s][info][gc,marking  ] GC(492) Concurrent Rebuild Remembered Sets and Scrub Regions
[231.450s][info][gc,marking  ] GC(492) Concurrent Rebuild Remembered Sets and Scrub Regions 35.586ms
[231.450s][info][gc,start    ] GC(492) Pause Cleanup
[231.451s][info][gc          ] GC(492) Pause Cleanup 171M->171M(474M) 0.057ms
[231.451s][info][gc,cpu      ] GC(492) User=0.00s Sys=0.00s Real=0.00s
[231.451s][info][gc,marking  ] GC(492) Concurrent Clear Claimed Marks
[231.451s][info][gc,marking  ] GC(492) Concurrent Clear Claimed Marks 0.035ms
[231.451s][info][gc,marking  ] GC(492) Concurrent Cleanup for Next Mark
[231.452s][info][gc,marking  ] GC(492) Concurrent Cleanup for Next Mark 1.350ms
[231.452s][info][gc          ] GC(492) Concurrent Mark Cycle 149.123ms
[231.917s][info][gc,start    ] GC(493) Pause Young (Prepare Mixed) (G1 Evacuation Pause)
[231.917s][info][gc,task     ] GC(493) Using 2 workers of 2 for evacuation
[231.935s][info][gc,phases   ] GC(493)   Pre Evacuate Collection Set: 0.30ms
[231.935s][info][gc,phases   ] GC(493)   Merge Heap Roots: 0.14ms
[231.935s][info][gc,phases   ] GC(493)   Evacuate Collection Set: 16.85ms
[231.935s][info][gc,phases   ] GC(493)   Post Evacuate Collection Set: 0.66ms
[231.935s][info][gc,phases   ] GC(493)   Other: 0.07ms
[231.935s][info][gc,heap     ] GC(493) Eden regions: 158->0(159)
[231.935s][info][gc,heap     ] GC(493) Survivor regions: 17->22(22)
[231.935s][info][gc,heap     ] GC(493) Old regions: 120->124
[231.935s][info][gc,heap     ] GC(493) Humongous regions: 6->4
[231.935s][info][gc,metaspace] GC(493) Metaspace: 42165K(42560K)->42165K(42560K) NonClass: 39349K(39616K)->39349K(39616K) Class: 2815K(2944K)->2815K(2944K)
[231.935s][info][gc          ] GC(493) Pause Young (Prepare Mixed) (G1 Evacuation Pause) 299M->148M(474M) 18.240ms
[231.935s][info][gc,cpu      ] GC(493) User=0.03s Sys=0.00s Real=0.02s
[232.408s][info][gc,start    ] GC(494) Pause Young (Mixed) (G1 Evacuation Pause)
[232.408s][info][gc,task     ] GC(494) Using 2 workers of 2 for evacuation
[232.437s][info][gc,phases   ] GC(494)   Pre Evacuate Collection Set: 0.35ms
[232.437s][info][gc,phases   ] GC(494)   Merge Heap Roots: 0.21ms
[232.437s][info][gc,phases   ] GC(494)   Evacuate Collection Set: 28.13ms
[232.437s][info][gc,phases   ] GC(494)   Post Evacuate Collection Set: 0.62ms
[232.437s][info][gc,phases   ] GC(494)   Other: 0.08ms
[232.437s][info][gc,heap     ] GC(494) Eden regions: 159->0(170)
[232.437s][info][gc,heap     ] GC(494) Survivor regions: 22->23(23)
[232.438s][info][gc,heap     ] GC(494) Old regions: 124->114
[232.438s][info][gc,heap     ] GC(494) Humongous regions: 7->5
[232.438s][info][gc,metaspace] GC(494) Metaspace: 42165K(42560K)->42165K(42560K) NonClass: 39349K(39616K)->39349K(39616K) Class: 2815K(2944K)->2815K(2944K)
[232.438s][info][gc          ] GC(494) Pause Young (Mixed) (G1 Evacuation Pause) 310M->141M(474M) 29.577ms
[232.438s][info][gc,cpu      ] GC(494) User=0.06s Sys=0.00s Real=0.03s
[232.926s][info][gc,start    ] GC(495) Pause Young (Concurrent Start) (G1 Evacuation Pause)
[232.926s][info][gc,task     ] GC(495) Using 2 workers of 2 for evacuation
[232.942s][info][gc,phases   ] GC(495)   Pre Evacuate Collection Set: 0.25ms
[232.942s][info][gc,phases   ] GC(495)   Merge Heap Roots: 0.09ms
[232.942s][info][gc,phases   ] GC(495)   Evacuate Collection Set: 14.85ms
[232.942s][info][gc,phases   ] GC(495)   Post Evacuate Collection Set: 0.45ms
[232.942s][info][gc,phases   ] GC(495)   Other: 0.10ms
[232.942s][info][gc,heap     ] GC(495) Eden regions: 170->0(186)
[232.942s][info][gc,heap     ] GC(495) Survivor regions: 23->3(25)
[232.942s][info][gc,heap     ] GC(495) Old regions: 114->138
[232.942s][info][gc,heap     ] GC(495) Humongous regions: 5->5
[232.942s][info][gc,metaspace] GC(495) Metaspace: 42165K(42560K)->42165K(42560K) NonClass: 39349K(39616K)->39349K(39616K) Class: 2815K(2944K)->2815K(2944K)
[232.942s][info][gc          ] GC(495) Pause Young (Concurrent Start) (G1 Evacuation Pause) 311M->144M(474M) 15.958ms
[232.942s][info][gc,cpu      ] GC(495) User=0.03s Sys=0.00s Real=0.02s
[232.942s][info][gc          ] GC(496) Concurrent Mark Cycle
[232.942s][info][gc,marking  ] GC(496) Concurrent Scan Root Regions
[232.952s][info][gc,marking  ] GC(496) Concurrent Scan Root Regions 9.694ms
[232.952s][info][gc,marking  ] GC(496) Concurrent Mark
[232.952s][info][gc,marking  ] GC(496) Concurrent Mark From Roots
[232.952s][info][gc,task     ] GC(496) Using 1 workers of 1 for marking
[233.043s][info][gc,marking  ] GC(496) Concurrent Mark From Roots 90.696ms
[233.043s][info][gc,marking  ] GC(496) Concurrent Preclean
[233.043s][info][gc,marking  ] GC(496) Concurrent Preclean 0.036ms
[233.043s][info][gc,start    ] GC(496) Pause Remark
[233.057s][info][gc          ] GC(496) Pause Remark 173M->154M(424M) 13.921ms
[233.057s][info][gc,cpu      ] GC(496) User=0.03s Sys=0.00s Real=0.01s
[233.057s][info][gc,marking  ] GC(496) Concurrent Mark 104.921ms
[233.057s][info][gc,marking  ] GC(496) Concurrent Rebuild Remembered Sets and Scrub Regions
[233.100s][info][gc,marking  ] GC(496) Concurrent Rebuild Remembered Sets and Scrub Regions 42.777ms
[233.100s][info][gc,start    ] GC(496) Pause Cleanup
[233.100s][info][gc          ] GC(496) Pause Cleanup 167M->167M(424M) 0.044ms
[233.100s][info][gc,cpu      ] GC(496) User=0.00s Sys=0.00s Real=0.00s
[233.100s][info][gc,marking  ] GC(496) Concurrent Clear Claimed Marks
[233.100s][info][gc,marking  ] GC(496) Concurrent Clear Claimed Marks 0.044ms
[233.100s][info][gc,marking  ] GC(496) Concurrent Cleanup for Next Mark
[233.101s][info][gc,marking  ] GC(496) Concurrent Cleanup for Next Mark 1.196ms
[233.101s][info][gc          ] GC(496) Concurrent Mark Cycle 158.937ms
[233.519s][info][gc,start    ] GC(497) Pause Young (Prepare Mixed) (G1 Evacuation Pause)
[233.519s][info][gc,task     ] GC(497) Using 2 workers of 2 for evacuation
[233.521s][info][gc,phases   ] GC(497)   Pre Evacuate Collection Set: 0.21ms
[233.521s][info][gc,phases   ] GC(497)   Merge Heap Roots: 0.08ms
[233.521s][info][gc,phases   ] GC(497)   Evacuate Collection Set: 1.80ms
[233.521s][info][gc,phases   ] GC(497)   Post Evacuate Collection Set: 0.41ms
[233.521s][info][gc,phases   ] GC(497)   Other: 0.07ms
[233.521s][info][gc,heap     ] GC(497) Eden regions: 186->0(186)
[233.521s][info][gc,heap     ] GC(497) Survivor regions: 3->2(24)
[233.521s][info][gc,heap     ] GC(497) Old regions: 120->120
[233.521s][info][gc,heap     ] GC(497) Humongous regions: 5->4
[233.521s][info][gc,metaspace] GC(497) Metaspace: 42165K(42560K)->42165K(42560K) NonClass: 39349K(39616K)->39349K(39616K) Class: 2815K(2944K)->2815K(2944K)
[233.521s][info][gc          ] GC(497) Pause Young (Prepare Mixed) (G1 Evacuation Pause) 312M->125M(424M) 2.766ms
[233.521s][info][gc,cpu      ] GC(497) User=0.01s Sys=0.00s Real=0.00s
[233.974s][info][gc,start    ] GC(498) Pause Young (Mixed) (G1 Evacuation Pause)
[233.974s][info][gc,task     ] GC(498) Using 2 workers of 2 for evacuation
[233.980s][info][gc,phases   ] GC(498)   Pre Evacuate Collection Set: 0.21ms
[233.980s][info][gc,phases   ] GC(498)   Merge Heap Roots: 0.08ms
[233.980s][info][gc,phases   ] GC(498)   Evacuate Collection Set: 5.20ms
[233.980s][info][gc,phases   ] GC(498)   Post Evacuate Collection Set: 0.50ms
[233.980s][info][gc,phases   ] GC(498)   Other: 0.08ms
[233.980s][info][gc,heap     ] GC(498) Eden regions: 186->0(202)
[233.980s][info][gc,heap     ] GC(498) Survivor regions: 2->5(24)
[233.980s][info][gc,heap     ] GC(498) Old regions: 120->111
[233.980s][info][gc,heap     ] GC(498) Humongous regions: 4->2
[233.980s][info][gc,metaspace] GC(498) Metaspace: 42165K(42560K)->42165K(42560K) NonClass: 39349K(39616K)->39349K(39616K) Class: 2815K(2944K)->2815K(2944K)
[233.980s][info][gc          ] GC(498) Pause Young (Mixed) (G1 Evacuation Pause) 311M->116M(424M) 6.311ms
[233.980s][info][gc,cpu      ] GC(498) User=0.01s Sys=0.01s Real=0.00s
[234.296s][info][gc,start    ] GC(499) Pause Young (Concurrent Start) (G1 Evacuation Pause)
[234.296s][info][gc,task     ] GC(499) Using 2 workers of 2 for evacuation
[234.301s][info][gc,phases   ] GC(499)   Pre Evacuate Collection Set: 0.21ms
[234.301s][info][gc,phases   ] GC(499)   Merge Heap Roots: 0.06ms
[234.301s][info][gc,phases   ] GC(499)   Evacuate Collection Set: 3.59ms
[234.301s][info][gc,phases   ] GC(499)   Post Evacuate Collection Set: 0.49ms
[234.301s][info][gc,phases   ] GC(499)   Other: 0.16ms
[234.301s][info][gc,heap     ] GC(499) Eden regions: 202->0(215)
[234.301s][info][gc,heap     ] GC(499) Survivor regions: 5->5(26)
[234.301s][info][gc,heap     ] GC(499) Old regions: 111->111
[234.301s][info][gc,heap     ] GC(499) Humongous regions: 2->2
[234.301s][info][gc,metaspace] GC(499) Metaspace: 42165K(42560K)->42165K(42560K) NonClass: 39349K(39616K)->39349K(39616K) Class: 2815K(2944K)->2815K(2944K)
[234.301s][info][gc          ] GC(499) Pause Young (Concurrent Start) (G1 Evacuation Pause) 318M->117M(424M) 4.725ms
[234.301s][info][gc,cpu      ] GC(499) User=0.01s Sys=0.00s Real=0.00s
[234.301s][info][gc          ] GC(500) Concurrent Mark Cycle
[234.301s][info][gc,marking  ] GC(500) Concurrent Scan Root Regions
[234.303s][info][gc,marking  ] GC(500) Concurrent Scan Root Regions 2.475ms
[234.303s][info][gc,marking  ] GC(500) Concurrent Mark
[234.303s][info][gc,marking  ] GC(500) Concurrent Mark From Roots
[234.303s][info][gc,task     ] GC(500) Using 1 workers of 1 for marking
[234.377s][info][gc,marking  ] GC(500) Concurrent Mark From Roots 73.151ms
[234.377s][info][gc,marking  ] GC(500) Concurrent Preclean
[234.377s][info][gc,marking  ] GC(500) Concurrent Preclean 0.035ms
[234.377s][info][gc,start    ] GC(500) Pause Remark
[234.391s][info][gc          ] GC(500) Pause Remark 164M->129M(277M) 14.077ms
[234.391s][info][gc,cpu      ] GC(500) User=0.03s Sys=0.00s Real=0.01s
[234.391s][info][gc,marking  ] GC(500) Concurrent Mark 87.523ms
[234.391s][info][gc,marking  ] GC(500) Concurrent Rebuild Remembered Sets and Scrub Regions
[234.420s][info][gc,marking  ] GC(500) Concurrent Rebuild Remembered Sets and Scrub Regions 28.856ms
[234.420s][info][gc,start    ] GC(500) Pause Cleanup
[234.420s][info][gc          ] GC(500) Pause Cleanup 147M->147M(277M) 0.041ms
[234.420s][info][gc,cpu      ] GC(500) User=0.00s Sys=0.00s Real=0.00s
[234.420s][info][gc,marking  ] GC(500) Concurrent Clear Claimed Marks
[234.420s][info][gc,marking  ] GC(500) Concurrent Clear Claimed Marks 0.034ms
[234.420s][info][gc,marking  ] GC(500) Concurrent Cleanup for Next Mark
[234.421s][info][gc,marking  ] GC(500) Concurrent Cleanup for Next Mark 0.792ms
[234.421s][info][gc          ] GC(500) Concurrent Mark Cycle 119.984ms
[234.586s][info][gc,start    ] GC(501) Pause Young (Prepare Mixed) (G1 Evacuation Pause)
[234.586s][info][gc,task     ] GC(501) Using 2 workers of 2 for evacuation
[234.592s][info][gc,phases   ] GC(501)   Pre Evacuate Collection Set: 0.88ms
[234.592s][info][gc,phases   ] GC(501)   Merge Heap Roots: 0.11ms
[234.592s][info][gc,phases   ] GC(501)   Evacuate Collection Set: 4.55ms
[234.592s][info][gc,phases   ] GC(501)   Post Evacuate Collection Set: 0.46ms
[234.592s][info][gc,phases   ] GC(501)   Other: 0.09ms
[234.592s][info][gc,heap     ] GC(501) Eden regions: 161->0(145)
[234.592s][info][gc,heap     ] GC(501) Survivor regions: 5->5(21)
[234.592s][info][gc,heap     ] GC(501) Old regions: 77->77
[234.592s][info][gc,heap     ] GC(501) Humongous regions: 3->3
[234.592s][info][gc,metaspace] GC(501) Metaspace: 42165K(42560K)->42165K(42560K) NonClass: 39349K(39616K)->39349K(39616K) Class: 2815K(2944K)->2815K(2944K)
[234.592s][info][gc          ] GC(501) Pause Young (Prepare Mixed) (G1 Evacuation Pause) 245M->83M(277M) 6.280ms
[234.592s][info][gc,cpu      ] GC(501) User=0.01s Sys=0.00s Real=0.01s
[235.103s][info][gc,start    ] GC(502) Pause Young (Mixed) (G1 Evacuation Pause)
[235.103s][info][gc,task     ] GC(502) Using 2 workers of 2 for evacuation
[235.120s][info][gc,phases   ] GC(502)   Pre Evacuate Collection Set: 0.22ms
[235.120s][info][gc,phases   ] GC(502)   Merge Heap Roots: 0.11ms
[235.120s][info][gc,phases   ] GC(502)   Evacuate Collection Set: 15.39ms
[235.120s][info][gc,phases   ] GC(502)   Post Evacuate Collection Set: 1.05ms
[235.120s][info][gc,phases   ] GC(502)   Other: 0.10ms
[235.120s][info][gc,heap     ] GC(502) Eden regions: 76->0(233)
[235.120s][info][gc,heap     ] GC(502) Survivor regions: 5->9(19)
[235.120s][info][gc,heap     ] GC(502) Old regions: 77->65
[235.120s][info][gc,heap     ] GC(502) Humongous regions: 235->3
[235.120s][info][gc,metaspace] GC(502) Metaspace: 42173K(42624K)->42173K(42624K) NonClass: 39357K(39680K)->39357K(39680K) Class: 2816K(2944K)->2816K(2944K)
[235.120s][info][gc          ] GC(502) Pause Young (Mixed) (G1 Evacuation Pause) 391M->76M(404M) 17.101ms
[235.120s][info][gc,cpu      ] GC(502) User=0.02s Sys=0.01s Real=0.01s
[235.175s][info][gc,start    ] GC(503) Pause Young (Concurrent Start) (G1 Humongous Allocation)
[235.175s][info][gc,task     ] GC(503) Using 2 workers of 2 for evacuation
[235.183s][info][gc,phases   ] GC(503)   Pre Evacuate Collection Set: 0.22ms
[235.183s][info][gc,phases   ] GC(503)   Merge Heap Roots: 0.05ms
[235.183s][info][gc,phases   ] GC(503)   Evacuate Collection Set: 6.79ms
[235.183s][info][gc,phases   ] GC(503)   Post Evacuate Collection Set: 0.57ms
[235.183s][info][gc,phases   ] GC(503)   Other: 0.11ms
[235.183s][info][gc,heap     ] GC(503) Eden regions: 7->0(232)
[235.183s][info][gc,heap     ] GC(503) Survivor regions: 9->10(31)
[235.183s][info][gc,heap     ] GC(503) Old regions: 65->65
[235.183s][info][gc,heap     ] GC(503) Humongous regions: 37->1
[235.183s][info][gc,metaspace] GC(503) Metaspace: 42173K(42624K)->42173K(42624K) NonClass: 39357K(39680K)->39357K(39680K) Class: 2816K(2944K)->2816K(2944K)
[235.183s][info][gc          ] GC(503) Pause Young (Concurrent Start) (G1 Humongous Allocation) 117M->75M(404M) 7.929ms
[235.183s][info][gc,cpu      ] GC(503) User=0.01s Sys=0.00s Real=0.01s
[235.183s][info][gc          ] GC(504) Concurrent Undo Cycle
[235.183s][info][gc,marking  ] GC(504) Concurrent Clear Claimed Marks
[235.183s][info][gc,marking  ] GC(504) Concurrent Clear Claimed Marks 0.048ms
[235.183s][info][gc,marking  ] GC(504) Concurrent Cleanup for Next Mark
[235.183s][info][gc,marking  ] GC(504) Concurrent Cleanup for Next Mark 0.110ms
[235.183s][info][gc          ] GC(504) Concurrent Undo Cycle 0.195ms
[235.186s][info][gc,start    ] GC(505) Pause Young (Concurrent Start) (G1 Humongous Allocation)
[235.186s][info][gc,task     ] GC(505) Using 2 workers of 2 for evacuation
[235.193s][info][gc,phases   ] GC(505)   Pre Evacuate Collection Set: 0.17ms
[235.193s][info][gc,phases   ] GC(505)   Merge Heap Roots: 0.04ms
[235.193s][info][gc,phases   ] GC(505)   Evacuate Collection Set: 6.43ms
[235.193s][info][gc,phases   ] GC(505)   Post Evacuate Collection Set: 0.27ms
[235.193s][info][gc,phases   ] GC(505)   Other: 0.08ms
[235.193s][info][gc,heap     ] GC(505) Eden regions: 1->0(232)
[235.193s][info][gc,heap     ] GC(505) Survivor regions: 10->10(31)
[235.193s][info][gc,heap     ] GC(505) Old regions: 65->65
[235.193s][info][gc,heap     ] GC(505) Humongous regions: 3->1
[235.193s][info][gc,metaspace] GC(505) Metaspace: 42173K(42624K)->42173K(42624K) NonClass: 39357K(39680K)->39357K(39680K) Class: 2816K(2944K)->2816K(2944K)
[235.193s][info][gc          ] GC(505) Pause Young (Concurrent Start) (G1 Humongous Allocation) 77M->75M(404M) 7.131ms
[235.193s][info][gc          ] GC(506) Concurrent Mark Cycle
[235.193s][info][gc,marking  ] GC(506) Concurrent Scan Root Regions
[235.194s][info][gc,cpu      ] GC(505) User=0.02s Sys=0.00s Real=0.01s
[235.198s][info][gc,marking  ] GC(506) Concurrent Scan Root Regions 4.618ms
[235.198s][info][gc,marking  ] GC(506) Concurrent Mark
[235.198s][info][gc,marking  ] GC(506) Concurrent Mark From Roots
[235.198s][info][gc,task     ] GC(506) Using 1 workers of 1 for marking
[235.267s][info][gc,marking  ] GC(506) Concurrent Mark From Roots 69.087ms
[235.267s][info][gc,marking  ] GC(506) Concurrent Preclean
[235.267s][info][gc,marking  ] GC(506) Concurrent Preclean 0.044ms
[235.267s][info][gc,start    ] GC(506) Pause Remark
[235.281s][info][gc          ] GC(506) Pause Remark 137M->136M(404M) 14.137ms
[235.281s][info][gc,cpu      ] GC(506) User=0.03s Sys=0.00s Real=0.01s
[235.281s][info][gc,marking  ] GC(506) Concurrent Mark 83.483ms
[235.281s][info][gc,marking  ] GC(506) Concurrent Rebuild Remembered Sets and Scrub Regions
[235.312s][info][gc,marking  ] GC(506) Concurrent Rebuild Remembered Sets and Scrub Regions 31.034ms
[235.313s][info][gc,start    ] GC(506) Pause Cleanup
[235.313s][info][gc          ] GC(506) Pause Cleanup 161M->161M(404M) 0.058ms
[235.313s][info][gc,cpu      ] GC(506) User=0.00s Sys=0.00s Real=0.00s
[235.313s][info][gc,marking  ] GC(506) Concurrent Clear Claimed Marks
[235.313s][info][gc,marking  ] GC(506) Concurrent Clear Claimed Marks 0.039ms
[235.313s][info][gc,marking  ] GC(506) Concurrent Cleanup for Next Mark
[235.315s][info][gc,marking  ] GC(506) Concurrent Cleanup for Next Mark 2.321ms
[235.315s][info][gc          ] GC(506) Concurrent Mark Cycle 121.875ms
[235.739s][info][gc,start    ] GC(507) Pause Young (Prepare Mixed) (G1 Evacuation Pause)
[235.739s][info][gc,task     ] GC(507) Using 2 workers of 2 for evacuation
[235.757s][info][gc,phases   ] GC(507)   Pre Evacuate Collection Set: 0.27ms
[235.757s][info][gc,phases   ] GC(507)   Merge Heap Roots: 0.08ms
[235.757s][info][gc,phases   ] GC(507)   Evacuate Collection Set: 16.81ms
[235.757s][info][gc,phases   ] GC(507)   Post Evacuate Collection Set: 0.78ms
[235.757s][info][gc,phases   ] GC(507)   Other: 0.09ms
[235.757s][info][gc,heap     ] GC(507) Eden regions: 57->0(281)
[235.757s][info][gc,heap     ] GC(507) Survivor regions: 10->14(33)
[235.757s][info][gc,heap     ] GC(507) Old regions: 64->64
[235.757s][info][gc,heap     ] GC(507) Humongous regions: 347->3
[235.757s][info][gc,metaspace] GC(507) Metaspace: 42173K(42624K)->42173K(42624K) NonClass: 39357K(39680K)->39357K(39680K) Class: 2816K(2944K)->2816K(2944K)
[235.757s][info][gc          ] GC(507) Pause Young (Prepare Mixed) (G1 Evacuation Pause) 477M->80M(492M) 18.230ms
[235.757s][info][gc,cpu      ] GC(507) User=0.03s Sys=0.00s Real=0.02s
[236.432s][info][gc,start    ] GC(508) Pause Young (Mixed) (G1 Evacuation Pause)
[236.432s][info][gc,task     ] GC(508) Using 2 workers of 2 for evacuation
[236.474s][info][gc,phases   ] GC(508)   Pre Evacuate Collection Set: 0.41ms
[236.474s][info][gc,phases   ] GC(508)   Merge Heap Roots: 0.25ms
[236.474s][info][gc,phases   ] GC(508)   Evacuate Collection Set: 39.81ms
[236.474s][info][gc,phases   ] GC(508)   Post Evacuate Collection Set: 1.17ms
[236.474s][info][gc,phases   ] GC(508)   Other: 0.10ms
[236.474s][info][gc,heap     ] GC(508) Eden regions: 79->0(334)
[236.474s][info][gc,heap     ] GC(508) Survivor regions: 14->26(43)
[236.474s][info][gc,heap     ] GC(508) Old regions: 64->60
[236.474s][info][gc,heap     ] GC(508) Humongous regions: 415->3
[236.474s][info][gc,metaspace] GC(508) Metaspace: 42192K(42624K)->42192K(42624K) NonClass: 39375K(39680K)->39375K(39680K) Class: 2817K(2944K)->2817K(2944K)
[236.474s][info][gc          ] GC(508) Pause Young (Mixed) (G1 Evacuation Pause) 571M->88M(600M) 41.974ms
[236.474s][info][gc,cpu      ] GC(508) User=0.06s Sys=0.02s Real=0.05s
[236.622s][info][gc,start    ] GC(509) Pause Young (Concurrent Start) (G1 Humongous Allocation)
[236.622s][info][gc,task     ] GC(509) Using 2 workers of 2 for evacuation
[236.647s][info][gc,phases   ] GC(509)   Pre Evacuate Collection Set: 0.27ms
[236.647s][info][gc,phases   ] GC(509)   Merge Heap Roots: 0.06ms
[236.647s][info][gc,phases   ] GC(509)   Evacuate Collection Set: 24.01ms
[236.647s][info][gc,phases   ] GC(509)   Post Evacuate Collection Set: 0.64ms
[236.647s][info][gc,phases   ] GC(509)   Other: 0.10ms
[236.647s][info][gc,heap     ] GC(509) Eden regions: 20->0(334)
[236.647s][info][gc,heap     ] GC(509) Survivor regions: 26->26(45)
[236.647s][info][gc,heap     ] GC(509) Old regions: 60->63
[236.647s][info][gc,heap     ] GC(509) Humongous regions: 95->1
[236.647s][info][gc,metaspace] GC(509) Metaspace: 42192K(42624K)->42192K(42624K) NonClass: 39375K(39680K)->39375K(39680K) Class: 2817K(2944K)->2817K(2944K)
[236.647s][info][gc          ] GC(509) Pause Young (Concurrent Start) (G1 Humongous Allocation) 200M->89M(600M) 25.335ms
[236.647s][info][gc,cpu      ] GC(509) User=0.05s Sys=0.00s Real=0.03s
[236.647s][info][gc          ] GC(510) Concurrent Undo Cycle
[236.647s][info][gc,marking  ] GC(510) Concurrent Clear Claimed Marks
[236.647s][info][gc,marking  ] GC(510) Concurrent Clear Claimed Marks 0.036ms
[236.647s][info][gc,marking  ] GC(510) Concurrent Cleanup for Next Mark
[236.647s][info][gc,marking  ] GC(510) Concurrent Cleanup for Next Mark 0.219ms
[236.647s][info][gc          ] GC(510) Concurrent Undo Cycle 0.343ms
[236.685s][info][gc,start    ] GC(511) Pause Young (Concurrent Start) (G1 Humongous Allocation)
[236.685s][info][gc,task     ] GC(511) Using 2 workers of 2 for evacuation
[236.708s][info][gc,phases   ] GC(511)   Pre Evacuate Collection Set: 0.26ms
[236.708s][info][gc,phases   ] GC(511)   Merge Heap Roots: 0.06ms
[236.708s][info][gc,phases   ] GC(511)   Evacuate Collection Set: 22.30ms
[236.708s][info][gc,phases   ] GC(511)   Post Evacuate Collection Set: 0.40ms
[236.708s][info][gc,phases   ] GC(511)   Other: 0.18ms
[236.708s][info][gc,heap     ] GC(511) Eden regions: 5->0(339)
[236.709s][info][gc,heap     ] GC(511) Survivor regions: 26->21(45)
[236.709s][info][gc,heap     ] GC(511) Old regions: 63->68
[236.709s][info][gc,heap     ] GC(511) Humongous regions: 31->1
[236.709s][info][gc,metaspace] GC(511) Metaspace: 42192K(42624K)->42192K(42624K) NonClass: 39375K(39680K)->39375K(39680K) Class: 2817K(2944K)->2817K(2944K)
[236.709s][info][gc          ] GC(511) Pause Young (Concurrent Start) (G1 Humongous Allocation) 123M->89M(600M) 23.399ms
[236.709s][info][gc,cpu      ] GC(511) User=0.05s Sys=0.00s Real=0.02s
[236.709s][info][gc          ] GC(512) Concurrent Undo Cycle
[236.709s][info][gc,marking  ] GC(512) Concurrent Clear Claimed Marks
[236.709s][info][gc,marking  ] GC(512) Concurrent Clear Claimed Marks 0.036ms
[236.709s][info][gc,marking  ] GC(512) Concurrent Cleanup for Next Mark
[236.709s][info][gc,marking  ] GC(512) Concurrent Cleanup for Next Mark 0.182ms
[236.709s][info][gc          ] GC(512) Concurrent Undo Cycle 0.257ms
[236.735s][info][gc,start    ] GC(513) Pause Young (Concurrent Start) (G1 Humongous Allocation)
[236.735s][info][gc,task     ] GC(513) Using 2 workers of 2 for evacuation
[236.755s][info][gc,phases   ] GC(513)   Pre Evacuate Collection Set: 0.26ms
[236.755s][info][gc,phases   ] GC(513)   Merge Heap Roots: 0.08ms
[236.755s][info][gc,phases   ] GC(513)   Evacuate Collection Set: 18.42ms
[236.755s][info][gc,phases   ] GC(513)   Post Evacuate Collection Set: 0.35ms
[236.755s][info][gc,phases   ] GC(513)   Other: 0.11ms
[236.755s][info][gc,heap     ] GC(513) Eden regions: 3->0(339)
[236.755s][info][gc,heap     ] GC(513) Survivor regions: 21->21(45)
[236.755s][info][gc,heap     ] GC(513) Old regions: 68->68
[236.755s][info][gc,heap     ] GC(513) Humongous regions: 21->1
[236.755s][info][gc,metaspace] GC(513) Metaspace: 42192K(42624K)->42192K(42624K) NonClass: 39375K(39680K)->39375K(39680K) Class: 2817K(2944K)->2817K(2944K)
[236.755s][info][gc          ] GC(513) Pause Young (Concurrent Start) (G1 Humongous Allocation) 112M->89M(600M) 19.402ms
[236.755s][info][gc,cpu      ] GC(513) User=0.04s Sys=0.00s Real=0.02s
[236.755s][info][gc          ] GC(514) Concurrent Undo Cycle
[236.755s][info][gc,marking  ] GC(514) Concurrent Clear Claimed Marks
[236.755s][info][gc,marking  ] GC(514) Concurrent Clear Claimed Marks 0.036ms
[236.755s][info][gc,marking  ] GC(514) Concurrent Cleanup for Next Mark
[236.755s][info][gc,marking  ] GC(514) Concurrent Cleanup for Next Mark 0.144ms
[236.755s][info][gc          ] GC(514) Concurrent Undo Cycle 0.256ms
[236.786s][info][gc,start    ] GC(515) Pause Young (Concurrent Start) (G1 Humongous Allocation)
[236.786s][info][gc,task     ] GC(515) Using 2 workers of 2 for evacuation
[236.806s][info][gc,phases   ] GC(515)   Pre Evacuate Collection Set: 0.28ms
[236.806s][info][gc,phases   ] GC(515)   Merge Heap Roots: 0.07ms
[236.806s][info][gc,phases   ] GC(515)   Evacuate Collection Set: 18.40ms
[236.806s][info][gc,phases   ] GC(515)   Post Evacuate Collection Set: 1.21ms
[236.806s][info][gc,phases   ] GC(515)   Other: 0.13ms
[236.806s][info][gc,heap     ] GC(515) Eden regions: 4->0(406)
[236.806s][info][gc,heap     ] GC(515) Survivor regions: 21->21(45)
[236.806s][info][gc,heap     ] GC(515) Old regions: 68->68
[236.806s][info][gc,heap     ] GC(515) Humongous regions: 25->1
[236.806s][info][gc,metaspace] GC(515) Metaspace: 42192K(42624K)->42192K(42624K) NonClass: 39375K(39680K)->39375K(39680K) Class: 2817K(2944K)->2817K(2944K)
[236.806s][info][gc          ] GC(515) Pause Young (Concurrent Start) (G1 Humongous Allocation) 116M->88M(712M) 20.281ms
[236.806s][info][gc          ] GC(516) Concurrent Undo Cycle
[236.806s][info][gc,marking  ] GC(516) Concurrent Clear Claimed Marks
[236.806s][info][gc,marking  ] GC(516) Concurrent Clear Claimed Marks 0.036ms
[236.807s][info][gc,marking  ] GC(516) Concurrent Cleanup for Next Mark
[236.807s][info][gc,cpu      ] GC(515) User=0.04s Sys=0.00s Real=0.02s
[236.809s][info][gc,marking  ] GC(516) Concurrent Cleanup for Next Mark 2.454ms
[236.809s][info][gc          ] GC(516) Concurrent Undo Cycle 2.531ms
[236.922s][info][gc,start    ] GC(517) Pause Young (Concurrent Start) (G1 Humongous Allocation)
[236.922s][info][gc,task     ] GC(517) Using 2 workers of 2 for evacuation
[236.952s][info][gc,phases   ] GC(517)   Pre Evacuate Collection Set: 0.27ms
[236.952s][info][gc,phases   ] GC(517)   Merge Heap Roots: 0.08ms
[236.952s][info][gc,phases   ] GC(517)   Evacuate Collection Set: 28.92ms
[236.952s][info][gc,phases   ] GC(517)   Post Evacuate Collection Set: 0.37ms
[236.952s][info][gc,phases   ] GC(517)   Other: 0.12ms
[236.952s][info][gc,heap     ] GC(517) Eden regions: 14->0(404)
[236.952s][info][gc,heap     ] GC(517) Survivor regions: 21->23(54)
[236.952s][info][gc,heap     ] GC(517) Old regions: 68->68
[236.952s][info][gc,heap     ] GC(517) Humongous regions: 69->1
[236.952s][info][gc,metaspace] GC(517) Metaspace: 42192K(42624K)->42192K(42624K) NonClass: 39375K(39680K)->39375K(39680K) Class: 2817K(2944K)->2817K(2944K)
[236.952s][info][gc          ] GC(517) Pause Young (Concurrent Start) (G1 Humongous Allocation) 170M->90M(712M) 29.981ms
[236.952s][info][gc          ] GC(518) Concurrent Undo Cycle
[236.952s][info][gc,marking  ] GC(518) Concurrent Clear Claimed Marks
[236.952s][info][gc,marking  ] GC(518) Concurrent Clear Claimed Marks 0.035ms
[236.952s][info][gc,marking  ] GC(518) Concurrent Cleanup for Next Mark
[236.952s][info][gc,cpu      ] GC(517) User=0.05s Sys=0.01s Real=0.03s
[236.955s][info][gc,marking  ] GC(518) Concurrent Cleanup for Next Mark 2.615ms
[236.955s][info][gc          ] GC(518) Concurrent Undo Cycle 2.719ms
[237.088s][info][gc,start    ] GC(519) Pause Young (Concurrent Start) (G1 Humongous Allocation)
[237.088s][info][gc,task     ] GC(519) Using 2 workers of 2 for evacuation
[237.120s][info][gc,phases   ] GC(519)   Pre Evacuate Collection Set: 0.29ms
[237.120s][info][gc,phases   ] GC(519)   Merge Heap Roots: 0.08ms
[237.121s][info][gc,phases   ] GC(519)   Evacuate Collection Set: 31.34ms
[237.121s][info][gc,phases   ] GC(519)   Post Evacuate Collection Set: 0.42ms
[237.121s][info][gc,phases   ] GC(519)   Other: 0.12ms
[237.121s][info][gc,heap     ] GC(519) Eden regions: 19->0(399)
[237.121s][info][gc,heap     ] GC(519) Survivor regions: 23->28(54)
[237.121s][info][gc,heap     ] GC(519) Old regions: 68->68
[237.121s][info][gc,heap     ] GC(519) Humongous regions: 73->1
[237.121s][info][gc,metaspace] GC(519) Metaspace: 42192K(42624K)->42192K(42624K) NonClass: 39375K(39680K)->39375K(39680K) Class: 2817K(2944K)->2817K(2944K)
[237.121s][info][gc          ] GC(519) Pause Young (Concurrent Start) (G1 Humongous Allocation) 181M->95M(712M) 32.480ms
[237.121s][info][gc          ] GC(520) Concurrent Undo Cycle
[237.121s][info][gc,marking  ] GC(520) Concurrent Clear Claimed Marks
[237.121s][info][gc,marking  ] GC(520) Concurrent Clear Claimed Marks 0.035ms
[237.121s][info][gc,marking  ] GC(520) Concurrent Cleanup for Next Mark
[237.121s][info][gc,cpu      ] GC(519) User=0.04s Sys=0.02s Real=0.03s
[237.123s][info][gc,marking  ] GC(520) Concurrent Cleanup for Next Mark 2.167ms
[237.123s][info][gc          ] GC(520) Concurrent Undo Cycle 2.280ms
[238.310s][info][gc,start    ] GC(521) Pause Young (Normal) (G1 Evacuation Pause)
[238.310s][info][gc,task     ] GC(521) Using 2 workers of 2 for evacuation
[238.345s][info][gc,phases   ] GC(521)   Pre Evacuate Collection Set: 0.42ms
[238.345s][info][gc,phases   ] GC(521)   Merge Heap Roots: 0.16ms
[238.345s][info][gc,phases   ] GC(521)   Evacuate Collection Set: 33.58ms
[238.345s][info][gc,phases   ] GC(521)   Post Evacuate Collection Set: 0.69ms
[238.345s][info][gc,phases   ] GC(521)   Other: 0.12ms
[238.345s][info][gc,heap     ] GC(521) Eden regions: 399->0(389)
[238.345s][info][gc,heap     ] GC(521) Survivor regions: 28->38(54)
[238.345s][info][gc,heap     ] GC(521) Old regions: 68->68
[238.345s][info][gc,heap     ] GC(521) Humongous regions: 51->1
[238.345s][info][gc,metaspace] GC(521) Metaspace: 42233K(42624K)->42233K(42624K) NonClass: 39416K(39680K)->39416K(39680K) Class: 2817K(2944K)->2817K(2944K)
[238.345s][info][gc          ] GC(521) Pause Young (Normal) (G1 Evacuation Pause) 544M->105M(712M) 35.204ms
[238.345s][info][gc,cpu      ] GC(521) User=0.06s Sys=0.01s Real=0.04s
[239.172s][info][gc,start    ] GC(522) Pause Young (Normal) (G1 Evacuation Pause)
[239.172s][info][gc,task     ] GC(522) Using 2 workers of 2 for evacuation
[239.206s][info][gc,phases   ] GC(522)   Pre Evacuate Collection Set: 0.28ms
[239.206s][info][gc,phases   ] GC(522)   Merge Heap Roots: 0.13ms
[239.206s][info][gc,phases   ] GC(522)   Evacuate Collection Set: 32.59ms
[239.206s][info][gc,phases   ] GC(522)   Post Evacuate Collection Set: 0.77ms
[239.206s][info][gc,phases   ] GC(522)   Other: 0.10ms
[239.206s][info][gc,heap     ] GC(522) Eden regions: 389->0(403)
[239.206s][info][gc,heap     ] GC(522) Survivor regions: 38->24(54)
[239.206s][info][gc,heap     ] GC(522) Old regions: 68->85
[239.206s][info][gc,heap     ] GC(522) Humongous regions: 1->1
[239.206s][info][gc,metaspace] GC(522) Metaspace: 42236K(42624K)->42236K(42624K) NonClass: 39419K(39680K)->39419K(39680K) Class: 2817K(2944K)->2817K(2944K)
[239.206s][info][gc          ] GC(522) Pause Young (Normal) (G1 Evacuation Pause) 494M->109M(712M) 34.096ms
[239.206s][info][gc,cpu      ] GC(522) User=0.06s Sys=0.00s Real=0.04s
[240.095s][info][gc,start    ] GC(523) Pause Young (Normal) (G1 Evacuation Pause)
[240.095s][info][gc,task     ] GC(523) Using 2 workers of 2 for evacuation
[240.122s][info][gc,phases   ] GC(523)   Pre Evacuate Collection Set: 0.36ms
[240.122s][info][gc,phases   ] GC(523)   Merge Heap Roots: 0.11ms
[240.122s][info][gc,phases   ] GC(523)   Evacuate Collection Set: 22.57ms
[240.122s][info][gc,phases   ] GC(523)   Post Evacuate Collection Set: 3.27ms
[240.122s][info][gc,phases   ] GC(523)   Other: 0.12ms
[240.122s][info][gc,heap     ] GC(523) Eden regions: 403->0(402)
[240.122s][info][gc,heap     ] GC(523) Survivor regions: 24->25(54)
[240.122s][info][gc,heap     ] GC(523) Old regions: 85->85
[240.122s][info][gc,heap     ] GC(523) Humongous regions: 1->1
[240.122s][info][gc,metaspace] GC(523) Metaspace: 42418K(42816K)->42418K(42816K) NonClass: 39600K(39872K)->39600K(39872K) Class: 2817K(2944K)->2817K(2944K)
[240.122s][info][gc          ] GC(523) Pause Young (Normal) (G1 Evacuation Pause) 512M->109M(712M) 26.676ms
[240.122s][info][gc,cpu      ] GC(523) User=0.05s Sys=0.00s Real=0.03s
[242.057s][info][gc,start    ] GC(524) Pause Young (Normal) (G1 Evacuation Pause)
[242.057s][info][gc,task     ] GC(524) Using 2 workers of 2 for evacuation
[242.083s][info][gc,phases   ] GC(524)   Pre Evacuate Collection Set: 0.26ms
[242.083s][info][gc,phases   ] GC(524)   Merge Heap Roots: 0.16ms
[242.083s][info][gc,phases   ] GC(524)   Evacuate Collection Set: 24.03ms
[242.083s][info][gc,phases   ] GC(524)   Post Evacuate Collection Set: 0.81ms
[242.083s][info][gc,phases   ] GC(524)   Other: 0.12ms
[242.083s][info][gc,heap     ] GC(524) Eden regions: 402->0(399)
[242.083s][info][gc,heap     ] GC(524) Survivor regions: 25->28(54)
[242.083s][info][gc,heap     ] GC(524) Old regions: 85->85
[242.083s][info][gc,heap     ] GC(524) Humongous regions: 13->3
[242.083s][info][gc,metaspace] GC(524) Metaspace: 42485K(42880K)->42485K(42880K) NonClass: 39668K(39936K)->39668K(39936K) Class: 2817K(2944K)->2817K(2944K)
[242.083s][info][gc          ] GC(524) Pause Young (Normal) (G1 Evacuation Pause) 523M->114M(712M) 25.611ms
[242.083s][info][gc,cpu      ] GC(524) User=0.05s Sys=0.00s Real=0.03s
[242.972s][info][gc,start    ] GC(525) Pause Young (Normal) (G1 Evacuation Pause)
[242.972s][info][gc,task     ] GC(525) Using 2 workers of 2 for evacuation
[243.048s][info][gc,phases   ] GC(525)   Pre Evacuate Collection Set: 0.36ms
[243.049s][info][gc,phases   ] GC(525)   Merge Heap Roots: 0.28ms
[243.049s][info][gc,phases   ] GC(525)   Evacuate Collection Set: 74.87ms
[243.049s][info][gc,phases   ] GC(525)   Post Evacuate Collection Set: 0.86ms
[243.049s][info][gc,phases   ] GC(525)   Other: 0.11ms
[243.049s][info][gc,heap     ] GC(525) Eden regions: 399->0(373)
[243.049s][info][gc,heap     ] GC(525) Survivor regions: 28->54(54)
[243.049s][info][gc,heap     ] GC(525) Old regions: 85->100
[243.049s][info][gc,heap     ] GC(525) Humongous regions: 6->6
[243.049s][info][gc,metaspace] GC(525) Metaspace: 42485K(42880K)->42485K(42880K) NonClass: 39668K(39936K)->39668K(39936K) Class: 2817K(2944K)->2817K(2944K)
[243.049s][info][gc          ] GC(525) Pause Young (Normal) (G1 Evacuation Pause) 516M->159M(712M) 76.702ms
[243.049s][info][gc,cpu      ] GC(525) User=0.15s Sys=0.00s Real=0.07s
[246.772s][info][gc,start    ] GC(526) Pause Young (Normal) (G1 Evacuation Pause)
[246.772s][info][gc,task     ] GC(526) Using 2 workers of 2 for evacuation
[246.866s][info][gc,phases   ] GC(526)   Pre Evacuate Collection Set: 0.36ms
[246.866s][info][gc,phases   ] GC(526)   Merge Heap Roots: 0.50ms
[246.866s][info][gc,phases   ] GC(526)   Evacuate Collection Set: 91.82ms
[246.866s][info][gc,phases   ] GC(526)   Post Evacuate Collection Set: 1.22ms
[246.866s][info][gc,phases   ] GC(526)   Other: 0.08ms
[246.866s][info][gc,heap     ] GC(526) Eden regions: 373->0(441)
[246.866s][info][gc,heap     ] GC(526) Survivor regions: 54->23(54)
[246.866s][info][gc,heap     ] GC(526) Old regions: 100->153
[246.866s][info][gc,heap     ] GC(526) Humongous regions: 14->8
[246.866s][info][gc,metaspace] GC(526) Metaspace: 42502K(42880K)->42502K(42880K) NonClass: 39685K(39936K)->39685K(39936K) Class: 2817K(2944K)->2817K(2944K)
[246.866s][info][gc          ] GC(526) Pause Young (Normal) (G1 Evacuation Pause) 540M->183M(774M) 94.190ms
[246.867s][info][gc,cpu      ] GC(526) User=0.16s Sys=0.01s Real=0.09s
[248.138s][info][gc,start    ] GC(527) Pause Young (Normal) (G1 Evacuation Pause)
[248.138s][info][gc,task     ] GC(527) Using 2 workers of 2 for evacuation
[248.185s][info][gc,phases   ] GC(527)   Pre Evacuate Collection Set: 0.27ms
[248.185s][info][gc,phases   ] GC(527)   Merge Heap Roots: 0.18ms
[248.185s][info][gc,phases   ] GC(527)   Evacuate Collection Set: 45.28ms
[248.185s][info][gc,phases   ] GC(527)   Post Evacuate Collection Set: 0.72ms
[248.185s][info][gc,phases   ] GC(527)   Other: 0.12ms
[248.185s][info][gc,heap     ] GC(527) Eden regions: 441->0(412)
[248.185s][info][gc,heap     ] GC(527) Survivor regions: 23->52(58)
[248.185s][info][gc,heap     ] GC(527) Old regions: 153->153
[248.185s][info][gc,heap     ] GC(527) Humongous regions: 11->11
[248.185s][info][gc,metaspace] GC(527) Metaspace: 42518K(42944K)->42518K(42944K) NonClass: 39701K(40000K)->39701K(40000K) Class: 2817K(2944K)->2817K(2944K)
[248.185s][info][gc          ] GC(527) Pause Young (Normal) (G1 Evacuation Pause) 627M->215M(774M) 46.801ms
[248.185s][info][gc,cpu      ] GC(527) User=0.09s Sys=0.00s Real=0.05s
[249.166s][info][gc,start    ] GC(528) Pause Young (Normal) (G1 Evacuation Pause)
[249.166s][info][gc,task     ] GC(528) Using 2 workers of 2 for evacuation
[249.270s][info][gc,phases   ] GC(528)   Pre Evacuate Collection Set: 0.41ms
[249.270s][info][gc,phases   ] GC(528)   Merge Heap Roots: 0.28ms
[249.270s][info][gc,phases   ] GC(528)   Evacuate Collection Set: 102.65ms
[249.270s][info][gc,phases   ] GC(528)   Post Evacuate Collection Set: 0.72ms
[249.271s][info][gc,phases   ] GC(528)   Other: 0.08ms
[249.271s][info][gc,heap     ] GC(528) Eden regions: 412->0(407)
[249.271s][info][gc,heap     ] GC(528) Survivor regions: 52->47(58)
[249.271s][info][gc,heap     ] GC(528) Old regions: 153->205
[249.271s][info][gc,heap     ] GC(528) Humongous regions: 17->17
[249.271s][info][gc,metaspace] GC(528) Metaspace: 42518K(42944K)->42518K(42944K) NonClass: 39701K(40000K)->39701K(40000K) Class: 2817K(2944K)->2817K(2944K)
[249.271s][info][gc          ] GC(528) Pause Young (Normal) (G1 Evacuation Pause) 633M->268M(774M) 104.374ms
[249.271s][info][gc,cpu      ] GC(528) User=0.20s Sys=0.00s Real=0.10s
[249.606s][info][gc,start    ] GC(529) Pause Young (Concurrent Start) (G1 Humongous Allocation)
[249.607s][info][gc,task     ] GC(529) Using 2 workers of 2 for evacuation
[249.674s][info][gc,phases   ] GC(529)   Pre Evacuate Collection Set: 0.29ms
[249.674s][info][gc,phases   ] GC(529)   Merge Heap Roots: 0.14ms
[249.674s][info][gc,phases   ] GC(529)   Evacuate Collection Set: 66.06ms
[249.674s][info][gc,phases   ] GC(529)   Post Evacuate Collection Set: 0.45ms
[249.674s][info][gc,phases   ] GC(529)   Other: 0.09ms
[249.674s][info][gc,heap     ] GC(529) Eden regions: 85->0(381)
[249.674s][info][gc,heap     ] GC(529) Survivor regions: 47->20(57)
[249.674s][info][gc,heap     ] GC(529) Old regions: 205->252
[249.674s][info][gc,heap     ] GC(529) Humongous regions: 17->17
[249.674s][info][gc,metaspace] GC(529) Metaspace: 42518K(42944K)->42518K(42944K) NonClass: 39701K(40000K)->39701K(40000K) Class: 2817K(2944K)->2817K(2944K)
[249.674s][info][gc          ] GC(529) Pause Young (Concurrent Start) (G1 Humongous Allocation) 352M->287M(774M) 67.253ms
[249.674s][info][gc,cpu      ] GC(529) User=0.13s Sys=0.00s Real=0.07s
[249.674s][info][gc          ] GC(530) Concurrent Mark Cycle
[249.674s][info][gc,marking  ] GC(530) Concurrent Scan Root Regions
[249.728s][info][gc,marking  ] GC(530) Concurrent Scan Root Regions 53.754ms
[249.728s][info][gc,marking  ] GC(530) Concurrent Mark
[249.728s][info][gc,marking  ] GC(530) Concurrent Mark From Roots
[249.728s][info][gc,task     ] GC(530) Using 1 workers of 1 for marking
[249.796s][info][gc,marking  ] GC(530) Concurrent Mark From Roots 68.534ms
[249.796s][info][gc,marking  ] GC(530) Concurrent Preclean
[249.797s][info][gc,marking  ] GC(530) Concurrent Preclean 0.223ms
[249.797s][info][gc,start    ] GC(530) Pause Remark
[249.812s][info][gc          ] GC(530) Pause Remark 298M->204M(657M) 15.495ms
[249.812s][info][gc,cpu      ] GC(530) User=0.03s Sys=0.00s Real=0.02s
[249.812s][info][gc,marking  ] GC(530) Concurrent Mark 84.572ms
[249.812s][info][gc,marking  ] GC(530) Concurrent Rebuild Remembered Sets and Scrub Regions
[249.875s][info][gc,marking  ] GC(530) Concurrent Rebuild Remembered Sets and Scrub Regions 62.665ms
[249.876s][info][gc,start    ] GC(530) Pause Cleanup
[249.876s][info][gc          ] GC(530) Pause Cleanup 208M->208M(657M) 0.092ms
[249.876s][info][gc,cpu      ] GC(530) User=0.00s Sys=0.00s Real=0.00s
[249.876s][info][gc,marking  ] GC(530) Concurrent Clear Claimed Marks
[249.876s][info][gc,marking  ] GC(530) Concurrent Clear Claimed Marks 0.039ms
[249.876s][info][gc,marking  ] GC(530) Concurrent Cleanup for Next Mark
[249.880s][info][gc,marking  ] GC(530) Concurrent Cleanup for Next Mark 4.277ms
[249.880s][info][gc          ] GC(530) Concurrent Mark Cycle 206.653ms
[251.948s][info][gc,start    ] GC(531) Pause Young (Prepare Mixed) (G1 Evacuation Pause)
[251.948s][info][gc,task     ] GC(531) Using 2 workers of 2 for evacuation
[251.977s][info][gc,phases   ] GC(531)   Pre Evacuate Collection Set: 0.26ms
[251.977s][info][gc,phases   ] GC(531)   Merge Heap Roots: 0.19ms
[251.977s][info][gc,phases   ] GC(531)   Evacuate Collection Set: 27.96ms
[251.977s][info][gc,phases   ] GC(531)   Post Evacuate Collection Set: 0.61ms
[251.977s][info][gc,phases   ] GC(531)   Other: 0.08ms
[251.977s][info][gc,heap     ] GC(531) Eden regions: 374->0(365)
[251.977s][info][gc,heap     ] GC(531) Survivor regions: 20->22(50)
[251.977s][info][gc,heap     ] GC(531) Old regions: 168->168
[251.977s][info][gc,heap     ] GC(531) Humongous regions: 15->13
[251.977s][info][gc,metaspace] GC(531) Metaspace: 42518K(42944K)->42518K(42944K) NonClass: 39701K(40000K)->39701K(40000K) Class: 2817K(2944K)->2817K(2944K)
[251.977s][info][gc          ] GC(531) Pause Young (Prepare Mixed) (G1 Evacuation Pause) 575M->201M(657M) 29.310ms
[251.977s][info][gc,cpu      ] GC(531) User=0.06s Sys=0.00s Real=0.03s
[253.986s][info][gc,start    ] GC(532) Pause Young (Mixed) (G1 Evacuation Pause)
[253.986s][info][gc,task     ] GC(532) Using 2 workers of 2 for evacuation
[254.012s][info][gc,phases   ] GC(532)   Pre Evacuate Collection Set: 0.38ms
[254.012s][info][gc,phases   ] GC(532)   Merge Heap Roots: 0.20ms
[254.012s][info][gc,phases   ] GC(532)   Evacuate Collection Set: 24.83ms
[254.012s][info][gc,phases   ] GC(532)   Post Evacuate Collection Set: 0.62ms
[254.012s][info][gc,phases   ] GC(532)   Other: 0.11ms
[254.012s][info][gc,heap     ] GC(532) Eden regions: 365->0(374)
[254.012s][info][gc,heap     ] GC(532) Survivor regions: 22->20(49)
[254.012s][info][gc,heap     ] GC(532) Old regions: 168->131
[254.012s][info][gc,heap     ] GC(532) Humongous regions: 13->13
[254.012s][info][gc,metaspace] GC(532) Metaspace: 42519K(42944K)->42519K(42944K) NonClass: 39702K(40000K)->39702K(40000K) Class: 2817K(2944K)->2817K(2944K)
[254.012s][info][gc          ] GC(532) Pause Young (Mixed) (G1 Evacuation Pause) 566M->163M(657M) 26.319ms
[254.012s][info][gc,cpu      ] GC(532) User=0.05s Sys=0.00s Real=0.03s
[254.026s][info][gc,start    ] GC(533) Pause Young (Concurrent Start) (G1 Humongous Allocation)
[254.026s][info][gc,task     ] GC(533) Using 2 workers of 2 for evacuation
[254.051s][info][gc,phases   ] GC(533)   Pre Evacuate Collection Set: 0.25ms
[254.051s][info][gc,phases   ] GC(533)   Merge Heap Roots: 0.18ms
[254.051s][info][gc,phases   ] GC(533)   Evacuate Collection Set: 23.84ms
[254.051s][info][gc,phases   ] GC(533)   Post Evacuate Collection Set: 0.33ms
[254.051s][info][gc,phases   ] GC(533)   Other: 0.07ms
[254.051s][info][gc,heap     ] GC(533) Eden regions: 3->0(374)
[254.051s][info][gc,heap     ] GC(533) Survivor regions: 20->20(50)
[254.051s][info][gc,heap     ] GC(533) Old regions: 131->131
[254.051s][info][gc,heap     ] GC(533) Humongous regions: 13->13
[254.051s][info][gc,metaspace] GC(533) Metaspace: 42519K(42944K)->42519K(42944K) NonClass: 39702K(40000K)->39702K(40000K) Class: 2817K(2944K)->2817K(2944K)
[254.051s][info][gc          ] GC(533) Pause Young (Concurrent Start) (G1 Humongous Allocation) 165M->163M(657M) 24.819ms
[254.051s][info][gc,cpu      ] GC(533) User=0.05s Sys=0.01s Real=0.02s
[254.051s][info][gc          ] GC(534) Concurrent Mark Cycle
[254.051s][info][gc,marking  ] GC(534) Concurrent Scan Root Regions
[254.067s][info][gc,marking  ] GC(534) Concurrent Scan Root Regions 16.407ms
[254.067s][info][gc,marking  ] GC(534) Concurrent Mark
[254.067s][info][gc,marking  ] GC(534) Concurrent Mark From Roots
[254.067s][info][gc,task     ] GC(534) Using 1 workers of 1 for marking
[254.101s][info][gc,marking  ] GC(534) Concurrent Mark From Roots 33.478ms
[254.101s][info][gc,marking  ] GC(534) Concurrent Preclean
[254.101s][info][gc,marking  ] GC(534) Concurrent Preclean 0.042ms
[254.101s][info][gc,start    ] GC(534) Pause Remark
[254.115s][info][gc          ] GC(534) Pause Remark 175M->136M(420M) 14.519ms
[254.115s][info][gc,cpu      ] GC(534) User=0.03s Sys=0.00s Real=0.02s
[254.116s][info][gc,marking  ] GC(534) Concurrent Mark 48.367ms
[254.116s][info][gc,marking  ] GC(534) Concurrent Rebuild Remembered Sets and Scrub Regions
[254.130s][info][gc,marking  ] GC(534) Concurrent Rebuild Remembered Sets and Scrub Regions 14.704ms
[254.130s][info][gc,start    ] GC(534) Pause Cleanup
[254.131s][info][gc          ] GC(534) Pause Cleanup 139M->139M(420M) 0.061ms
[254.131s][info][gc,cpu      ] GC(534) User=0.00s Sys=0.00s Real=0.00s
[254.131s][info][gc,marking  ] GC(534) Concurrent Clear Claimed Marks
[254.131s][info][gc,marking  ] GC(534) Concurrent Clear Claimed Marks 0.031ms
[254.131s][info][gc,marking  ] GC(534) Concurrent Cleanup for Next Mark
[254.132s][info][gc,marking  ] GC(534) Concurrent Cleanup for Next Mark 1.160ms
[254.132s][info][gc          ] GC(534) Concurrent Mark Cycle 81.067ms
[255.252s][info][gc,start    ] GC(535) Pause Young (Prepare Mixed) (G1 Evacuation Pause)
[255.252s][info][gc,task     ] GC(535) Using 2 workers of 2 for evacuation
[255.263s][info][gc,phases   ] GC(535)   Pre Evacuate Collection Set: 0.20ms
[255.263s][info][gc,phases   ] GC(535)   Merge Heap Roots: 0.13ms
[255.263s][info][gc,phases   ] GC(535)   Evacuate Collection Set: 10.36ms
[255.263s][info][gc,phases   ] GC(535)   Post Evacuate Collection Set: 0.45ms
[255.263s][info][gc,phases   ] GC(535)   Other: 0.08ms
[255.263s][info][gc,heap     ] GC(535) Eden regions: 232->0(239)
[255.263s][info][gc,heap     ] GC(535) Survivor regions: 20->13(32)
[255.263s][info][gc,heap     ] GC(535) Old regions: 104->105
[255.263s][info][gc,heap     ] GC(535) Humongous regions: 2->1
[255.263s][info][gc,metaspace] GC(535) Metaspace: 42519K(42944K)->42519K(42944K) NonClass: 39702K(40000K)->39702K(40000K) Class: 2817K(2944K)->2817K(2944K)
[255.264s][info][gc          ] GC(535) Pause Young (Prepare Mixed) (G1 Evacuation Pause) 357M->118M(420M) 11.395ms
[255.264s][info][gc,cpu      ] GC(535) User=0.02s Sys=0.00s Real=0.01s
[255.983s][info][gc,start    ] GC(536) Pause Young (Mixed) (G1 Evacuation Pause)
[255.983s][info][gc,task     ] GC(536) Using 2 workers of 2 for evacuation
[256.010s][info][gc,phases   ] GC(536)   Pre Evacuate Collection Set: 0.22ms
[256.010s][info][gc,phases   ] GC(536)   Merge Heap Roots: 0.08ms
[256.010s][info][gc,phases   ] GC(536)   Evacuate Collection Set: 26.07ms
[256.010s][info][gc,phases   ] GC(536)   Post Evacuate Collection Set: 0.50ms
[256.010s][info][gc,phases   ] GC(536)   Other: 0.10ms
[256.010s][info][gc,heap     ] GC(536) Eden regions: 239->0(222)
[256.010s][info][gc,heap     ] GC(536) Survivor regions: 13->30(32)
[256.010s][info][gc,heap     ] GC(536) Old regions: 105->63
[256.010s][info][gc,heap     ] GC(536) Humongous regions: 4->4
[256.010s][info][gc,metaspace] GC(536) Metaspace: 42519K(42944K)->42519K(42944K) NonClass: 39702K(40000K)->39702K(40000K) Class: 2817K(2944K)->2817K(2944K)
[256.010s][info][gc          ] GC(536) Pause Young (Mixed) (G1 Evacuation Pause) 360M->96M(420M) 27.180ms
[256.010s][info][gc,cpu      ] GC(536) User=0.05s Sys=0.00s Real=0.02s
[256.508s][info][gc,start    ] GC(537) Pause Young (Mixed) (G1 Evacuation Pause)
[256.508s][info][gc,task     ] GC(537) Using 2 workers of 2 for evacuation
[256.563s][info][gc,phases   ] GC(537)   Pre Evacuate Collection Set: 0.20ms
[256.563s][info][gc,phases   ] GC(537)   Merge Heap Roots: 0.13ms
[256.563s][info][gc,phases   ] GC(537)   Evacuate Collection Set: 54.61ms
[256.563s][info][gc,phases   ] GC(537)   Post Evacuate Collection Set: 0.55ms
[256.563s][info][gc,phases   ] GC(537)   Other: 0.07ms
[256.563s][info][gc,heap     ] GC(537) Eden regions: 222->0(225)
[256.563s][info][gc,heap     ] GC(537) Survivor regions: 30->27(32)
[256.563s][info][gc,heap     ] GC(537) Old regions: 63->81
[256.563s][info][gc,heap     ] GC(537) Humongous regions: 6->6
[256.563s][info][gc,metaspace] GC(537) Metaspace: 42519K(42944K)->42519K(42944K) NonClass: 39702K(40000K)->39702K(40000K) Class: 2817K(2944K)->2817K(2944K)
[256.563s][info][gc          ] GC(537) Pause Young (Mixed) (G1 Evacuation Pause) 320M->112M(420M) 55.777ms
[256.564s][info][gc,cpu      ] GC(537) User=0.11s Sys=0.00s Real=0.06s
[256.889s][info][gc,start    ] GC(538) Pause Young (Concurrent Start) (G1 Humongous Allocation)
[256.889s][info][gc,task     ] GC(538) Using 2 workers of 2 for evacuation
[256.932s][info][gc,phases   ] GC(538)   Pre Evacuate Collection Set: 0.21ms
[256.932s][info][gc,phases   ] GC(538)   Merge Heap Roots: 0.09ms
[256.932s][info][gc,phases   ] GC(538)   Evacuate Collection Set: 42.46ms
[256.932s][info][gc,phases   ] GC(538)   Post Evacuate Collection Set: 0.45ms
[256.932s][info][gc,phases   ] GC(538)   Other: 0.10ms
[256.932s][info][gc,heap     ] GC(538) Eden regions: 151->0(224)
[256.932s][info][gc,heap     ] GC(538) Survivor regions: 27->18(32)
[256.932s][info][gc,heap     ] GC(538) Old regions: 81->107
[256.932s][info][gc,heap     ] GC(538) Humongous regions: 6->6
[256.932s][info][gc,metaspace] GC(538) Metaspace: 42519K(42944K)->42519K(42944K) NonClass: 39702K(40000K)->39702K(40000K) Class: 2817K(2944K)->2817K(2944K)
[256.932s][info][gc          ] GC(538) Pause Young (Concurrent Start) (G1 Humongous Allocation) 263M->130M(420M) 43.500ms
[256.932s][info][gc,cpu      ] GC(538) User=0.09s Sys=0.00s Real=0.05s
[256.932s][info][gc          ] GC(539) Concurrent Mark Cycle
[256.933s][info][gc,marking  ] GC(539) Concurrent Scan Root Regions
[256.964s][info][gc,marking  ] GC(539) Concurrent Scan Root Regions 31.823ms
[256.964s][info][gc,marking  ] GC(539) Concurrent Mark
[256.964s][info][gc,marking  ] GC(539) Concurrent Mark From Roots
[256.964s][info][gc,task     ] GC(539) Using 1 workers of 1 for marking
[257.023s][info][gc,marking  ] GC(539) Concurrent Mark From Roots 58.600ms
[257.023s][info][gc,marking  ] GC(539) Concurrent Preclean
[257.023s][info][gc,marking  ] GC(539) Concurrent Preclean 0.035ms
[257.023s][info][gc,start    ] GC(539) Pause Remark
[257.041s][info][gc          ] GC(539) Pause Remark 161M->148M(407M) 17.826ms
[257.041s][info][gc,cpu      ] GC(539) User=0.03s Sys=0.00s Real=0.01s
[257.043s][info][gc,marking  ] GC(539) Concurrent Mark 78.237ms
[257.043s][info][gc,marking  ] GC(539) Concurrent Rebuild Remembered Sets and Scrub Regions
[257.097s][info][gc,marking  ] GC(539) Concurrent Rebuild Remembered Sets and Scrub Regions 54.282ms
[257.097s][info][gc,start    ] GC(539) Pause Cleanup
[257.097s][info][gc          ] GC(539) Pause Cleanup 177M->177M(407M) 0.045ms
[257.097s][info][gc,cpu      ] GC(539) User=0.00s Sys=0.00s Real=0.00s
[257.097s][info][gc,marking  ] GC(539) Concurrent Clear Claimed Marks
[257.097s][info][gc,marking  ] GC(539) Concurrent Clear Claimed Marks 0.034ms
[257.097s][info][gc,marking  ] GC(539) Concurrent Cleanup for Next Mark
[257.098s][info][gc,marking  ] GC(539) Concurrent Cleanup for Next Mark 1.157ms
[257.098s][info][gc          ] GC(539) Concurrent Mark Cycle 166.000ms
[258.361s][info][gc,start    ] GC(540) Pause Young (Prepare Mixed) (G1 Evacuation Pause)
[258.361s][info][gc,task     ] GC(540) Using 2 workers of 2 for evacuation
[258.418s][info][gc,phases   ] GC(540)   Pre Evacuate Collection Set: 0.19ms
[258.418s][info][gc,phases   ] GC(540)   Merge Heap Roots: 0.18ms
[258.418s][info][gc,phases   ] GC(540)   Evacuate Collection Set: 55.50ms
[258.418s][info][gc,phases   ] GC(540)   Post Evacuate Collection Set: 0.54ms
[258.418s][info][gc,phases   ] GC(540)   Other: 0.08ms
[258.418s][info][gc,heap     ] GC(540) Eden regions: 224->0(200)
[258.418s][info][gc,heap     ] GC(540) Survivor regions: 18->22(31)
[258.418s][info][gc,heap     ] GC(540) Old regions: 95->113
[258.418s][info][gc,heap     ] GC(540) Humongous regions: 17->15
[258.418s][info][gc,metaspace] GC(540) Metaspace: 42519K(42944K)->42519K(42944K) NonClass: 39702K(40000K)->39702K(40000K) Class: 2817K(2944K)->2817K(2944K)
[258.418s][info][gc          ] GC(540) Pause Young (Prepare Mixed) (G1 Evacuation Pause) 353M->148M(407M) 56.688ms
[258.418s][info][gc,cpu      ] GC(540) User=0.11s Sys=0.00s Real=0.06s
[259.181s][info][gc,start    ] GC(541) Pause Young (Mixed) (G1 Evacuation Pause)
[259.181s][info][gc,task     ] GC(541) Using 2 workers of 2 for evacuation
[259.225s][info][gc,phases   ] GC(541)   Pre Evacuate Collection Set: 0.19ms
[259.225s][info][gc,phases   ] GC(541)   Merge Heap Roots: 0.31ms
[259.225s][info][gc,phases   ] GC(541)   Evacuate Collection Set: 42.71ms
[259.225s][info][gc,phases   ] GC(541)   Post Evacuate Collection Set: 0.50ms
[259.225s][info][gc,phases   ] GC(541)   Other: 0.07ms
[259.225s][info][gc,heap     ] GC(541) Eden regions: 200->0(203)
[259.225s][info][gc,heap     ] GC(541) Survivor regions: 22->8(28)
[259.225s][info][gc,heap     ] GC(541) Old regions: 113->129
[259.225s][info][gc,heap     ] GC(541) Humongous regions: 15->15
[259.225s][info][gc,metaspace] GC(541) Metaspace: 42519K(42944K)->42519K(42944K) NonClass: 39702K(40000K)->39702K(40000K) Class: 2817K(2944K)->2817K(2944K)
[259.225s][info][gc          ] GC(541) Pause Young (Mixed) (G1 Evacuation Pause) 348M->151M(407M) 43.985ms
[259.225s][info][gc,cpu      ] GC(541) User=0.08s Sys=0.00s Real=0.05s
[260.235s][info][gc,start    ] GC(542) Pause Young (Concurrent Start) (G1 Evacuation Pause)
[260.235s][info][gc,task     ] GC(542) Using 2 workers of 2 for evacuation
[260.241s][info][gc,phases   ] GC(542)   Pre Evacuate Collection Set: 0.22ms
[260.241s][info][gc,phases   ] GC(542)   Merge Heap Roots: 0.05ms
[260.241s][info][gc,phases   ] GC(542)   Evacuate Collection Set: 4.56ms
[260.241s][info][gc,phases   ] GC(542)   Post Evacuate Collection Set: 0.41ms
[260.241s][info][gc,phases   ] GC(542)   Other: 0.10ms
[260.241s][info][gc,heap     ] GC(542) Eden regions: 203->0(211)
[260.241s][info][gc,heap     ] GC(542) Survivor regions: 8->8(27)
[260.241s][info][gc,heap     ] GC(542) Old regions: 129->129
[260.241s][info][gc,heap     ] GC(542) Humongous regions: 15->15
[260.241s][info][gc,metaspace] GC(542) Metaspace: 42519K(42944K)->42519K(42944K) NonClass: 39702K(40000K)->39702K(40000K) Class: 2817K(2944K)->2817K(2944K)
[260.241s][info][gc          ] GC(542) Pause Young (Concurrent Start) (G1 Evacuation Pause) 354M->151M(407M) 5.513ms
[260.241s][info][gc          ] GC(543) Concurrent Mark Cycle
[260.241s][info][gc,marking  ] GC(543) Concurrent Scan Root Regions
[260.243s][info][gc,cpu      ] GC(542) User=0.01s Sys=0.00s Real=0.01s
[260.247s][info][gc,marking  ] GC(543) Concurrent Scan Root Regions 5.869ms
[260.247s][info][gc,marking  ] GC(543) Concurrent Mark
[260.247s][info][gc,marking  ] GC(543) Concurrent Mark From Roots
[260.247s][info][gc,task     ] GC(543) Using 1 workers of 1 for marking
[260.281s][info][gc,marking  ] GC(543) Concurrent Mark From Roots 34.802ms
[260.281s][info][gc,marking  ] GC(543) Concurrent Preclean
[260.281s][info][gc,marking  ] GC(543) Concurrent Preclean 0.032ms
[260.281s][info][gc,start    ] GC(543) Pause Remark
[260.295s][info][gc          ] GC(543) Pause Remark 158M->65M(256M) 13.961ms
[260.295s][info][gc,cpu      ] GC(543) User=0.03s Sys=0.00s Real=0.02s
[260.295s][info][gc,marking  ] GC(543) Concurrent Mark 48.952ms
[260.295s][info][gc,marking  ] GC(543) Concurrent Rebuild Remembered Sets and Scrub Regions
[260.308s][info][gc,marking  ] GC(543) Concurrent Rebuild Remembered Sets and Scrub Regions 12.593ms
[260.308s][info][gc,start    ] GC(543) Pause Cleanup
[260.308s][info][gc          ] GC(543) Pause Cleanup 68M->68M(256M) 0.033ms
[260.308s][info][gc,cpu      ] GC(543) User=0.00s Sys=0.00s Real=0.00s
[260.308s][info][gc,marking  ] GC(543) Concurrent Clear Claimed Marks
[260.308s][info][gc,marking  ] GC(543) Concurrent Clear Claimed Marks 0.029ms
[260.308s][info][gc,marking  ] GC(543) Concurrent Cleanup for Next Mark
[260.309s][info][gc,marking  ] GC(543) Concurrent Cleanup for Next Mark 0.725ms
[260.309s][info][gc          ] GC(543) Concurrent Mark Cycle 68.354ms
[261.019s][info][gc,start    ] GC(544) Pause Young (Prepare Mixed) (G1 Evacuation Pause)
[261.019s][info][gc,task     ] GC(544) Using 2 workers of 2 for evacuation
[261.026s][info][gc,phases   ] GC(544)   Pre Evacuate Collection Set: 0.17ms
[261.027s][info][gc,phases   ] GC(544)   Merge Heap Roots: 0.06ms
[261.027s][info][gc,phases   ] GC(544)   Evacuate Collection Set: 7.20ms
[261.027s][info][gc,phases   ] GC(544)   Post Evacuate Collection Set: 0.37ms
[261.027s][info][gc,phases   ] GC(544)   Other: 0.06ms
[261.027s][info][gc,heap     ] GC(544) Eden regions: 145->0(142)
[261.027s][info][gc,heap     ] GC(544) Survivor regions: 8->11(20)
[261.027s][info][gc,heap     ] GC(544) Old regions: 50->50
[261.027s][info][gc,heap     ] GC(544) Humongous regions: 1->1
[261.027s][info][gc,metaspace] GC(544) Metaspace: 42519K(42944K)->42519K(42944K) NonClass: 39702K(40000K)->39702K(40000K) Class: 2817K(2944K)->2817K(2944K)
[261.027s][info][gc          ] GC(544) Pause Young (Prepare Mixed) (G1 Evacuation Pause) 203M->61M(256M) 8.059ms
[261.027s][info][gc,cpu      ] GC(544) User=0.02s Sys=0.00s Real=0.01s
[261.801s][info][gc,start    ] GC(545) Pause Young (Mixed) (G1 Evacuation Pause)
[261.802s][info][gc,task     ] GC(545) Using 2 workers of 2 for evacuation
[261.806s][info][gc,phases   ] GC(545)   Pre Evacuate Collection Set: 0.16ms
[261.806s][info][gc,phases   ] GC(545)   Merge Heap Roots: 0.05ms
[261.806s][info][gc,phases   ] GC(545)   Evacuate Collection Set: 3.84ms
[261.806s][info][gc,phases   ] GC(545)   Post Evacuate Collection Set: 0.37ms
[261.806s][info][gc,phases   ] GC(545)   Other: 0.08ms
[261.806s][info][gc,heap     ] GC(545) Eden regions: 142->0(146)
[261.806s][info][gc,heap     ] GC(545) Survivor regions: 11->7(20)
[261.806s][info][gc,heap     ] GC(545) Old regions: 50->44
[261.806s][info][gc,heap     ] GC(545) Humongous regions: 1->1
[261.806s][info][gc,metaspace] GC(545) Metaspace: 42519K(42944K)->42519K(42944K) NonClass: 39702K(40000K)->39702K(40000K) Class: 2817K(2944K)->2817K(2944K)
[261.806s][info][gc          ] GC(545) Pause Young (Mixed) (G1 Evacuation Pause) 203M->50M(256M) 4.663ms
[261.806s][info][gc,cpu      ] GC(545) User=0.01s Sys=0.00s Real=0.01s
[261.896s][info][gc,start    ] GC(546) Pause Young (Concurrent Start) (G1 Humongous Allocation)
[261.896s][info][gc,task     ] GC(546) Using 2 workers of 2 for evacuation
[261.899s][info][gc,phases   ] GC(546)   Pre Evacuate Collection Set: 0.16ms
[261.899s][info][gc,phases   ] GC(546)   Merge Heap Roots: 0.04ms
[261.899s][info][gc,phases   ] GC(546)   Evacuate Collection Set: 2.96ms
[261.899s][info][gc,phases   ] GC(546)   Post Evacuate Collection Set: 0.28ms
[261.900s][info][gc,phases   ] GC(546)   Other: 0.07ms
[261.900s][info][gc,heap     ] GC(546) Eden regions: 16->0(147)
[261.900s][info][gc,heap     ] GC(546) Survivor regions: 7->6(20)
[261.900s][info][gc,heap     ] GC(546) Old regions: 44->44
[261.900s][info][gc,heap     ] GC(546) Humongous regions: 1->1
[261.900s][info][gc,metaspace] GC(546) Metaspace: 42519K(42944K)->42519K(42944K) NonClass: 39702K(40000K)->39702K(40000K) Class: 2817K(2944K)->2817K(2944K)
[261.900s][info][gc          ] GC(546) Pause Young (Concurrent Start) (G1 Humongous Allocation) 66M->49M(256M) 3.669ms
[261.900s][info][gc,cpu      ] GC(546) User=0.01s Sys=0.00s Real=0.00s
[261.900s][info][gc          ] GC(547) Concurrent Mark Cycle
[261.900s][info][gc,marking  ] GC(547) Concurrent Scan Root Regions
[261.904s][info][gc,marking  ] GC(547) Concurrent Scan Root Regions 4.645ms
[261.904s][info][gc,marking  ] GC(547) Concurrent Mark
[261.904s][info][gc,marking  ] GC(547) Concurrent Mark From Roots
[261.904s][info][gc,task     ] GC(547) Using 1 workers of 1 for marking
[261.939s][info][gc,marking  ] GC(547) Concurrent Mark From Roots 34.454ms
[261.939s][info][gc,marking  ] GC(547) Concurrent Preclean
[261.939s][info][gc,marking  ] GC(547) Concurrent Preclean 0.037ms
[261.939s][info][gc,start    ] GC(547) Pause Remark
[261.953s][info][gc          ] GC(547) Pause Remark 59M->59M(256M) 13.929ms
[261.953s][info][gc,cpu      ] GC(547) User=0.03s Sys=0.00s Real=0.02s
[261.953s][info][gc,marking  ] GC(547) Concurrent Mark 48.691ms
[261.953s][info][gc,marking  ] GC(547) Concurrent Rebuild Remembered Sets and Scrub Regions
[261.966s][info][gc,marking  ] GC(547) Concurrent Rebuild Remembered Sets and Scrub Regions 13.475ms
[261.967s][info][gc,start    ] GC(547) Pause Cleanup
[261.967s][info][gc          ] GC(547) Pause Cleanup 62M->62M(256M) 0.037ms
[261.967s][info][gc,cpu      ] GC(547) User=0.00s Sys=0.00s Real=0.00s
[261.967s][info][gc,marking  ] GC(547) Concurrent Clear Claimed Marks
[261.967s][info][gc,marking  ] GC(547) Concurrent Clear Claimed Marks 0.032ms
[261.967s][info][gc,marking  ] GC(547) Concurrent Cleanup for Next Mark
[261.967s][info][gc,marking  ] GC(547) Concurrent Cleanup for Next Mark 0.736ms
[261.967s][info][gc          ] GC(547) Concurrent Mark Cycle 67.901ms
[262.681s][info][gc,start    ] GC(548) Pause Young (Prepare Mixed) (G1 Evacuation Pause)
[262.681s][info][gc,task     ] GC(548) Using 2 workers of 2 for evacuation
[262.686s][info][gc,phases   ] GC(548)   Pre Evacuate Collection Set: 0.15ms
[262.686s][info][gc,phases   ] GC(548)   Merge Heap Roots: 0.06ms
[262.686s][info][gc,phases   ] GC(548)   Evacuate Collection Set: 4.48ms
[262.686s][info][gc,phases   ] GC(548)   Post Evacuate Collection Set: 0.35ms
[262.686s][info][gc,phases   ] GC(548)   Other: 0.08ms
[262.686s][info][gc,heap     ] GC(548) Eden regions: 147->0(146)
[262.686s][info][gc,heap     ] GC(548) Survivor regions: 6->7(20)
[262.686s][info][gc,heap     ] GC(548) Old regions: 44->44
[262.686s][info][gc,heap     ] GC(548) Humongous regions: 2->1
[262.686s][info][gc,metaspace] GC(548) Metaspace: 42519K(42944K)->42519K(42944K) NonClass: 39702K(40000K)->39702K(40000K) Class: 2817K(2944K)->2817K(2944K)
[262.686s][info][gc          ] GC(548) Pause Young (Prepare Mixed) (G1 Evacuation Pause) 197M->51M(256M) 5.292ms
[262.686s][info][gc,cpu      ] GC(548) User=0.01s Sys=0.00s Real=0.01s
[263.383s][info][gc,start    ] GC(549) Pause Young (Mixed) (G1 Evacuation Pause)
[263.383s][info][gc,task     ] GC(549) Using 2 workers of 2 for evacuation
[263.391s][info][gc,phases   ] GC(549)   Pre Evacuate Collection Set: 0.17ms
[263.391s][info][gc,phases   ] GC(549)   Merge Heap Roots: 0.09ms
[263.391s][info][gc,phases   ] GC(549)   Evacuate Collection Set: 6.80ms
[263.391s][info][gc,phases   ] GC(549)   Post Evacuate Collection Set: 0.40ms
[263.391s][info][gc,phases   ] GC(549)   Other: 0.07ms
[263.391s][info][gc,heap     ] GC(549) Eden regions: 146->0(145)
[263.391s][info][gc,heap     ] GC(549) Survivor regions: 7->8(20)
[263.391s][info][gc,heap     ] GC(549) Old regions: 44->36
[263.391s][info][gc,heap     ] GC(549) Humongous regions: 5->3
[263.391s][info][gc,metaspace] GC(549) Metaspace: 42522K(42944K)->42522K(42944K) NonClass: 39705K(40000K)->39705K(40000K) Class: 2817K(2944K)->2817K(2944K)
[263.391s][info][gc          ] GC(549) Pause Young (Mixed) (G1 Evacuation Pause) 201M->46M(256M) 7.706ms
[263.391s][info][gc,cpu      ] GC(549) User=0.01s Sys=0.00s Real=0.00s
[263.754s][info][gc,start    ] GC(550) Pause Young (Concurrent Start) (G1 Humongous Allocation)
[263.754s][info][gc,task     ] GC(550) Using 2 workers of 2 for evacuation
[263.759s][info][gc,phases   ] GC(550)   Pre Evacuate Collection Set: 0.16ms
[263.759s][info][gc,phases   ] GC(550)   Merge Heap Roots: 0.04ms
[263.759s][info][gc,phases   ] GC(550)   Evacuate Collection Set: 4.28ms
[263.759s][info][gc,phases   ] GC(550)   Post Evacuate Collection Set: 0.32ms
[263.759s][info][gc,phases   ] GC(550)   Other: 0.08ms
[263.759s][info][gc,heap     ] GC(550) Eden regions: 61->0(145)
[263.759s][info][gc,heap     ] GC(550) Survivor regions: 8->8(20)
[263.759s][info][gc,heap     ] GC(550) Old regions: 36->36
[263.759s][info][gc,heap     ] GC(550) Humongous regions: 3->1
[263.759s][info][gc,metaspace] GC(550) Metaspace: 42522K(42944K)->42522K(42944K) NonClass: 39705K(40000K)->39705K(40000K) Class: 2817K(2944K)->2817K(2944K)
[263.759s][info][gc          ] GC(550) Pause Young (Concurrent Start) (G1 Humongous Allocation) 107M->44M(256M) 5.041ms
[263.759s][info][gc          ] GC(551) Concurrent Mark Cycle
[263.759s][info][gc,marking  ] GC(551) Concurrent Scan Root Regions
[263.760s][info][gc,cpu      ] GC(550) User=0.01s Sys=0.00s Real=0.00s
[263.776s][info][gc,marking  ] GC(551) Concurrent Scan Root Regions 17.253ms
[263.777s][info][gc,marking  ] GC(551) Concurrent Mark
[263.777s][info][gc,marking  ] GC(551) Concurrent Mark From Roots
[263.777s][info][gc,task     ] GC(551) Using 1 workers of 1 for marking
[263.814s][info][gc,marking  ] GC(551) Concurrent Mark From Roots 37.249ms
[263.814s][info][gc,marking  ] GC(551) Concurrent Preclean
[263.814s][info][gc,marking  ] GC(551) Concurrent Preclean 0.037ms
[263.814s][info][gc,start    ] GC(551) Pause Remark
[263.828s][info][gc          ] GC(551) Pause Remark 56M->56M(256M) 13.678ms
[263.828s][info][gc,cpu      ] GC(551) User=0.03s Sys=0.00s Real=0.01s
[263.828s][info][gc,marking  ] GC(551) Concurrent Mark 51.231ms
[263.828s][info][gc,marking  ] GC(551) Concurrent Rebuild Remembered Sets and Scrub Regions
[263.842s][info][gc,marking  ] GC(551) Concurrent Rebuild Remembered Sets and Scrub Regions 14.690ms
[263.843s][info][gc,start    ] GC(551) Pause Cleanup
[263.843s][info][gc          ] GC(551) Pause Cleanup 59M->59M(256M) 0.052ms
[263.843s][info][gc,cpu      ] GC(551) User=0.00s Sys=0.00s Real=0.00s
[263.843s][info][gc,marking  ] GC(551) Concurrent Clear Claimed Marks
[263.843s][info][gc,marking  ] GC(551) Concurrent Clear Claimed Marks 0.036ms
[263.843s][info][gc,marking  ] GC(551) Concurrent Cleanup for Next Mark
[263.843s][info][gc,marking  ] GC(551) Concurrent Cleanup for Next Mark 0.756ms
[263.844s][info][gc          ] GC(551) Concurrent Mark Cycle 84.304ms
[264.543s][info][gc,start    ] GC(552) Pause Young (Prepare Mixed) (G1 Evacuation Pause)
[264.543s][info][gc,task     ] GC(552) Using 2 workers of 2 for evacuation
[264.556s][info][gc,phases   ] GC(552)   Pre Evacuate Collection Set: 0.15ms
[264.556s][info][gc,phases   ] GC(552)   Merge Heap Roots: 0.07ms
[264.556s][info][gc,phases   ] GC(552)   Evacuate Collection Set: 11.60ms
[264.556s][info][gc,phases   ] GC(552)   Post Evacuate Collection Set: 0.49ms
[264.556s][info][gc,phases   ] GC(552)   Other: 0.07ms
[264.556s][info][gc,heap     ] GC(552) Eden regions: 145->0(135)
[264.556s][info][gc,heap     ] GC(552) Survivor regions: 8->18(20)
[264.556s][info][gc,heap     ] GC(552) Old regions: 36->36
[264.556s][info][gc,heap     ] GC(552) Humongous regions: 18->3
[264.556s][info][gc,metaspace] GC(552) Metaspace: 42528K(42944K)->42528K(42944K) NonClass: 39711K(40000K)->39711K(40000K) Class: 2817K(2944K)->2817K(2944K)
[264.556s][info][gc          ] GC(552) Pause Young (Prepare Mixed) (G1 Evacuation Pause) 206M->56M(256M) 12.574ms
[264.556s][info][gc,cpu      ] GC(552) User=0.02s Sys=0.00s Real=0.01s
[265.090s][info][gc,start    ] GC(553) Pause Young (Mixed) (G1 Evacuation Pause)
[265.091s][info][gc,task     ] GC(553) Using 2 workers of 2 for evacuation
[265.104s][info][gc,phases   ] GC(553)   Pre Evacuate Collection Set: 0.17ms
[265.104s][info][gc,phases   ] GC(553)   Merge Heap Roots: 0.07ms
[265.104s][info][gc,phases   ] GC(553)   Evacuate Collection Set: 12.23ms
[265.104s][info][gc,phases   ] GC(553)   Post Evacuate Collection Set: 0.48ms
[265.104s][info][gc,phases   ] GC(553)   Other: 0.07ms
[265.104s][info][gc,heap     ] GC(553) Eden regions: 135->0(145)
[265.104s][info][gc,heap     ] GC(553) Survivor regions: 18->8(20)
[265.104s][info][gc,heap     ] GC(553) Old regions: 36->41
[265.104s][info][gc,heap     ] GC(553) Humongous regions: 6->3
[265.104s][info][gc,metaspace] GC(553) Metaspace: 42528K(42944K)->42528K(42944K) NonClass: 39711K(40000K)->39711K(40000K) Class: 2817K(2944K)->2817K(2944K)
[265.104s][info][gc          ] GC(553) Pause Young (Mixed) (G1 Evacuation Pause) 194M->50M(256M) 13.175ms
[265.104s][info][gc,cpu      ] GC(553) User=0.02s Sys=0.00s Real=0.02s
[265.129s][info][gc,start    ] GC(554) Pause Young (Concurrent Start) (G1 Humongous Allocation)
[265.129s][info][gc,task     ] GC(554) Using 2 workers of 2 for evacuation
[265.131s][info][gc,phases   ] GC(554)   Pre Evacuate Collection Set: 0.16ms
[265.131s][info][gc,phases   ] GC(554)   Merge Heap Roots: 0.04ms
[265.131s][info][gc,phases   ] GC(554)   Evacuate Collection Set: 1.22ms
[265.131s][info][gc,phases   ] GC(554)   Post Evacuate Collection Set: 0.25ms
[265.131s][info][gc,phases   ] GC(554)   Other: 0.09ms
[265.131s][info][gc,heap     ] GC(554) Eden regions: 7->0(151)
[265.131s][info][gc,heap     ] GC(554) Survivor regions: 8->2(20)
[265.131s][info][gc,heap     ] GC(554) Old regions: 41->41
[265.131s][info][gc,heap     ] GC(554) Humongous regions: 3->1
[265.131s][info][gc,metaspace] GC(554) Metaspace: 42528K(42944K)->42528K(42944K) NonClass: 39711K(40000K)->39711K(40000K) Class: 2817K(2944K)->2817K(2944K)
[265.131s][info][gc          ] GC(554) Pause Young (Concurrent Start) (G1 Humongous Allocation) 57M->42M(256M) 1.925ms
[265.131s][info][gc,cpu      ] GC(554) User=0.00s Sys=0.00s Real=0.00s
[265.131s][info][gc          ] GC(555) Concurrent Mark Cycle
[265.131s][info][gc,marking  ] GC(555) Concurrent Scan Root Regions
[265.132s][info][gc,marking  ] GC(555) Concurrent Scan Root Regions 1.377ms
[265.132s][info][gc,marking  ] GC(555) Concurrent Mark
[265.132s][info][gc,marking  ] GC(555) Concurrent Mark From Roots
[265.132s][info][gc,task     ] GC(555) Using 1 workers of 1 for marking
[265.175s][info][gc,marking  ] GC(555) Concurrent Mark From Roots 42.381ms
[265.175s][info][gc,marking  ] GC(555) Concurrent Preclean
[265.175s][info][gc,marking  ] GC(555) Concurrent Preclean 0.035ms
[265.175s][info][gc,start    ] GC(555) Pause Remark
[265.189s][info][gc          ] GC(555) Pause Remark 54M->54M(256M) 14.086ms
[265.189s][info][gc,cpu      ] GC(555) User=0.03s Sys=0.00s Real=0.01s
[265.189s][info][gc,marking  ] GC(555) Concurrent Mark 56.755ms
[265.189s][info][gc,marking  ] GC(555) Concurrent Rebuild Remembered Sets and Scrub Regions
[265.207s][info][gc,marking  ] GC(555) Concurrent Rebuild Remembered Sets and Scrub Regions 17.787ms
[265.207s][info][gc,start    ] GC(555) Pause Cleanup
[265.207s][info][gc          ] GC(555) Pause Cleanup 57M->57M(256M) 0.039ms
[265.207s][info][gc,cpu      ] GC(555) User=0.00s Sys=0.00s Real=0.00s
[265.207s][info][gc,marking  ] GC(555) Concurrent Clear Claimed Marks
[265.207s][info][gc,marking  ] GC(555) Concurrent Clear Claimed Marks 0.031ms
[265.207s][info][gc,marking  ] GC(555) Concurrent Cleanup for Next Mark
[265.208s][info][gc,marking  ] GC(555) Concurrent Cleanup for Next Mark 0.749ms
[265.208s][info][gc          ] GC(555) Concurrent Mark Cycle 77.016ms
[265.684s][info][gc,start    ] GC(556) Pause Young (Prepare Mixed) (G1 Evacuation Pause)
[265.684s][info][gc,task     ] GC(556) Using 2 workers of 2 for evacuation
[265.704s][info][gc,phases   ] GC(556)   Pre Evacuate Collection Set: 0.61ms
[265.704s][info][gc,phases   ] GC(556)   Merge Heap Roots: 0.76ms
[265.704s][info][gc,phases   ] GC(556)   Evacuate Collection Set: 17.61ms
[265.704s][info][gc,phases   ] GC(556)   Post Evacuate Collection Set: 0.41ms
[265.704s][info][gc,phases   ] GC(556)   Other: 0.07ms
[265.704s][info][gc,heap     ] GC(556) Eden regions: 151->0(134)
[265.704s][info][gc,heap     ] GC(556) Survivor regions: 2->19(20)
[265.704s][info][gc,heap     ] GC(556) Old regions: 41->41
[265.704s][info][gc,heap     ] GC(556) Humongous regions: 9->3
[265.704s][info][gc,metaspace] GC(556) Metaspace: 42528K(42944K)->42528K(42944K) NonClass: 39711K(40000K)->39711K(40000K) Class: 2817K(2944K)->2817K(2944K)
[265.704s][info][gc          ] GC(556) Pause Young (Prepare Mixed) (G1 Evacuation Pause) 201M->62M(256M) 19.624ms
[265.704s][info][gc,cpu      ] GC(556) User=0.03s Sys=0.00s Real=0.02s
[266.259s][info][gc,start    ] GC(557) Pause Young (Mixed) (G1 Evacuation Pause)
[266.259s][info][gc,task     ] GC(557) Using 2 workers of 2 for evacuation
[266.266s][info][gc,phases   ] GC(557)   Pre Evacuate Collection Set: 0.17ms
[266.266s][info][gc,phases   ] GC(557)   Merge Heap Roots: 0.08ms
[266.266s][info][gc,phases   ] GC(557)   Evacuate Collection Set: 6.31ms
[266.266s][info][gc,phases   ] GC(557)   Post Evacuate Collection Set: 0.37ms
[266.266s][info][gc,phases   ] GC(557)   Other: 0.08ms
[266.266s][info][gc,heap     ] GC(557) Eden regions: 134->0(151)
[266.266s][info][gc,heap     ] GC(557) Survivor regions: 19->2(20)
[266.266s][info][gc,heap     ] GC(557) Old regions: 41->40
[266.266s][info][gc,heap     ] GC(557) Humongous regions: 5->1
[266.266s][info][gc,metaspace] GC(557) Metaspace: 42528K(42944K)->42528K(42944K) NonClass: 39711K(40000K)->39711K(40000K) Class: 2817K(2944K)->2817K(2944K)
[266.266s][info][gc          ] GC(557) Pause Young (Mixed) (G1 Evacuation Pause) 198M->41M(256M) 7.188ms
[266.266s][info][gc,cpu      ] GC(557) User=0.02s Sys=0.00s Real=0.01s
[266.271s][info][gc,start    ] GC(558) Pause Young (Concurrent Start) (G1 Humongous Allocation)
[266.271s][info][gc,task     ] GC(558) Using 2 workers of 2 for evacuation
[266.274s][info][gc,phases   ] GC(558)   Pre Evacuate Collection Set: 0.16ms
[266.274s][info][gc,phases   ] GC(558)   Merge Heap Roots: 0.03ms
[266.274s][info][gc,phases   ] GC(558)   Evacuate Collection Set: 2.40ms
[266.274s][info][gc,phases   ] GC(558)   Post Evacuate Collection Set: 0.22ms
[266.274s][info][gc,phases   ] GC(558)   Other: 0.08ms
[266.274s][info][gc,heap     ] GC(558) Eden regions: 1->0(151)
[266.274s][info][gc,heap     ] GC(558) Survivor regions: 2->2(20)
[266.274s][info][gc,heap     ] GC(558) Old regions: 40->40
[266.274s][info][gc,heap     ] GC(558) Humongous regions: 1->1
[266.274s][info][gc,metaspace] GC(558) Metaspace: 42528K(42944K)->42528K(42944K) NonClass: 39711K(40000K)->39711K(40000K) Class: 2817K(2944K)->2817K(2944K)
[266.274s][info][gc          ] GC(558) Pause Young (Concurrent Start) (G1 Humongous Allocation) 42M->42M(256M) 3.025ms
[266.274s][info][gc,cpu      ] GC(558) User=0.00s Sys=0.00s Real=0.01s
[266.274s][info][gc          ] GC(559) Concurrent Mark Cycle
[266.275s][info][gc,marking  ] GC(559) Concurrent Scan Root Regions
[266.276s][info][gc,marking  ] GC(559) Concurrent Scan Root Regions 1.579ms
[266.276s][info][gc,marking  ] GC(559) Concurrent Mark
[266.276s][info][gc,marking  ] GC(559) Concurrent Mark From Roots
[266.276s][info][gc,task     ] GC(559) Using 1 workers of 1 for marking
[266.322s][info][gc,marking  ] GC(559) Concurrent Mark From Roots 46.122ms
[266.322s][info][gc,marking  ] GC(559) Concurrent Preclean
[266.322s][info][gc,marking  ] GC(559) Concurrent Preclean 0.033ms
[266.323s][info][gc,start    ] GC(559) Pause Remark
[266.346s][info][gc          ] GC(559) Pause Remark 55M->55M(256M) 22.808ms
[266.346s][info][gc,cpu      ] GC(559) User=0.03s Sys=0.00s Real=0.02s
[266.346s][info][gc,marking  ] GC(559) Concurrent Mark 70.152ms
[266.346s][info][gc,marking  ] GC(559) Concurrent Rebuild Remembered Sets and Scrub Regions
[266.365s][info][gc,marking  ] GC(559) Concurrent Rebuild Remembered Sets and Scrub Regions 19.033ms
[266.365s][info][gc,start    ] GC(559) Pause Cleanup
[266.366s][info][gc          ] GC(559) Pause Cleanup 58M->58M(256M) 0.041ms
[266.366s][info][gc,cpu      ] GC(559) User=0.00s Sys=0.00s Real=0.00s
[266.366s][info][gc,marking  ] GC(559) Concurrent Clear Claimed Marks
[266.366s][info][gc,marking  ] GC(559) Concurrent Clear Claimed Marks 0.033ms
[266.366s][info][gc,marking  ] GC(559) Concurrent Cleanup for Next Mark
[266.366s][info][gc,marking  ] GC(559) Concurrent Cleanup for Next Mark 0.742ms
[266.366s][info][gc          ] GC(559) Concurrent Mark Cycle 91.979ms
[266.922s][info][gc,start    ] GC(560) Pause Young (Prepare Mixed) (G1 Evacuation Pause)
[266.922s][info][gc,task     ] GC(560) Using 2 workers of 2 for evacuation
[266.937s][info][gc,phases   ] GC(560)   Pre Evacuate Collection Set: 0.18ms
[266.937s][info][gc,phases   ] GC(560)   Merge Heap Roots: 0.07ms
[266.937s][info][gc,phases   ] GC(560)   Evacuate Collection Set: 14.06ms
[266.937s][info][gc,phases   ] GC(560)   Post Evacuate Collection Set: 0.42ms
[266.937s][info][gc,phases   ] GC(560)   Other: 0.09ms
[266.937s][info][gc,heap     ] GC(560) Eden regions: 151->0(142)
[266.937s][info][gc,heap     ] GC(560) Survivor regions: 2->11(20)
[266.937s][info][gc,heap     ] GC(560) Old regions: 40->40
[266.937s][info][gc,heap     ] GC(560) Humongous regions: 13->3
[266.937s][info][gc,metaspace] GC(560) Metaspace: 42528K(42944K)->42528K(42944K) NonClass: 39711K(40000K)->39711K(40000K) Class: 2817K(2944K)->2817K(2944K)
[266.937s][info][gc          ] GC(560) Pause Young (Prepare Mixed) (G1 Evacuation Pause) 205M->53M(256M) 14.984ms
[266.937s][info][gc,cpu      ] GC(560) User=0.02s Sys=0.00s Real=0.01s
[267.408s][info][gc,start    ] GC(561) Pause Young (Mixed) (G1 Evacuation Pause)
[267.408s][info][gc,task     ] GC(561) Using 2 workers of 2 for evacuation
[267.415s][info][gc,phases   ] GC(561)   Pre Evacuate Collection Set: 0.16ms
[267.415s][info][gc,phases   ] GC(561)   Merge Heap Roots: 0.11ms
[267.415s][info][gc,phases   ] GC(561)   Evacuate Collection Set: 6.40ms
[267.415s][info][gc,phases   ] GC(561)   Post Evacuate Collection Set: 0.48ms
[267.415s][info][gc,phases   ] GC(561)   Other: 0.08ms
[267.415s][info][gc,heap     ] GC(561) Eden regions: 142->0(151)
[267.415s][info][gc,heap     ] GC(561) Survivor regions: 11->2(20)
[267.415s][info][gc,heap     ] GC(561) Old regions: 40->39
[267.415s][info][gc,heap     ] GC(561) Humongous regions: 15->3
[267.415s][info][gc,metaspace] GC(561) Metaspace: 42533K(42944K)->42533K(42944K) NonClass: 39715K(40000K)->39715K(40000K) Class: 2817K(2944K)->2817K(2944K)
[267.415s][info][gc          ] GC(561) Pause Young (Mixed) (G1 Evacuation Pause) 207M->43M(256M) 7.404ms
[267.415s][info][gc,cpu      ] GC(561) User=0.02s Sys=0.00s Real=0.01s
[267.551s][info][gc,start    ] GC(562) Pause Young (Concurrent Start) (G1 Humongous Allocation)
[267.551s][info][gc,task     ] GC(562) Using 2 workers of 2 for evacuation
[267.554s][info][gc,phases   ] GC(562)   Pre Evacuate Collection Set: 0.14ms
[267.554s][info][gc,phases   ] GC(562)   Merge Heap Roots: 0.04ms
[267.554s][info][gc,phases   ] GC(562)   Evacuate Collection Set: 1.78ms
[267.554s][info][gc,phases   ] GC(562)   Post Evacuate Collection Set: 0.26ms
[267.554s][info][gc,phases   ] GC(562)   Other: 0.07ms
[267.554s][info][gc,heap     ] GC(562) Eden regions: 10->0(150)
[267.554s][info][gc,heap     ] GC(562) Survivor regions: 2->3(20)
[267.554s][info][gc,heap     ] GC(562) Old regions: 39->39
[267.554s][info][gc,heap     ] GC(562) Humongous regions: 3->1
[267.554s][info][gc,metaspace] GC(562) Metaspace: 42539K(42944K)->42539K(42944K) NonClass: 39720K(40000K)->39720K(40000K) Class: 2818K(2944K)->2818K(2944K)
[267.554s][info][gc          ] GC(562) Pause Young (Concurrent Start) (G1 Humongous Allocation) 53M->41M(256M) 2.433ms
[267.554s][info][gc,cpu      ] GC(562) User=0.00s Sys=0.00s Real=0.01s
[267.554s][info][gc          ] GC(563) Concurrent Mark Cycle
[267.554s][info][gc,marking  ] GC(563) Concurrent Scan Root Regions
[267.556s][info][gc,marking  ] GC(563) Concurrent Scan Root Regions 2.000ms
[267.556s][info][gc,marking  ] GC(563) Concurrent Mark
[267.556s][info][gc,marking  ] GC(563) Concurrent Mark From Roots
[267.556s][info][gc,task     ] GC(563) Using 1 workers of 1 for marking
[267.603s][info][gc,marking  ] GC(563) Concurrent Mark From Roots 47.209ms
[267.603s][info][gc,marking  ] GC(563) Concurrent Preclean
[267.603s][info][gc,marking  ] GC(563) Concurrent Preclean 0.031ms
[267.603s][info][gc,start    ] GC(563) Pause Remark
[267.617s][info][gc          ] GC(563) Pause Remark 55M->55M(256M) 14.064ms
[267.617s][info][gc,cpu      ] GC(563) User=0.03s Sys=0.00s Real=0.01s
[267.617s][info][gc,marking  ] GC(563) Concurrent Mark 61.556ms
[267.617s][info][gc,marking  ] GC(563) Concurrent Rebuild Remembered Sets and Scrub Regions
[267.636s][info][gc,marking  ] GC(563) Concurrent Rebuild Remembered Sets and Scrub Regions 18.588ms
[267.636s][info][gc,start    ] GC(563) Pause Cleanup
[267.636s][info][gc          ] GC(563) Pause Cleanup 58M->58M(256M) 0.039ms
[267.636s][info][gc,cpu      ] GC(563) User=0.00s Sys=0.00s Real=0.00s
[267.636s][info][gc,marking  ] GC(563) Concurrent Clear Claimed Marks
[267.636s][info][gc,marking  ] GC(563) Concurrent Clear Claimed Marks 0.031ms
[267.636s][info][gc,marking  ] GC(563) Concurrent Cleanup for Next Mark
[267.637s][info][gc,marking  ] GC(563) Concurrent Cleanup for Next Mark 0.759ms
[267.637s][info][gc          ] GC(563) Concurrent Mark Cycle 83.243ms
[268.131s][info][gc,start    ] GC(564) Pause Young (Prepare Mixed) (G1 Evacuation Pause)
[268.131s][info][gc,task     ] GC(564) Using 2 workers of 2 for evacuation
[268.140s][info][gc,phases   ] GC(564)   Pre Evacuate Collection Set: 0.15ms
[268.140s][info][gc,phases   ] GC(564)   Merge Heap Roots: 0.08ms
[268.140s][info][gc,phases   ] GC(564)   Evacuate Collection Set: 8.05ms
[268.140s][info][gc,phases   ] GC(564)   Post Evacuate Collection Set: 0.42ms
[268.140s][info][gc,phases   ] GC(564)   Other: 0.07ms
[268.140s][info][gc,heap     ] GC(564) Eden regions: 150->0(141)
[268.140s][info][gc,heap     ] GC(564) Survivor regions: 3->12(20)
[268.140s][info][gc,heap     ] GC(564) Old regions: 39->39
[268.140s][info][gc,heap     ] GC(564) Humongous regions: 13->3
[268.140s][info][gc,metaspace] GC(564) Metaspace: 42539K(42944K)->42539K(42944K) NonClass: 39721K(40000K)->39721K(40000K) Class: 2818K(2944K)->2818K(2944K)
[268.140s][info][gc          ] GC(564) Pause Young (Prepare Mixed) (G1 Evacuation Pause) 203M->53M(256M) 8.969ms
[268.140s][info][gc,cpu      ] GC(564) User=0.02s Sys=0.00s Real=0.01s
[268.624s][info][gc,start    ] GC(565) Pause Young (Mixed) (G1 Evacuation Pause)
[268.624s][info][gc,task     ] GC(565) Using 2 workers of 2 for evacuation
[268.652s][info][gc,phases   ] GC(565)   Pre Evacuate Collection Set: 0.17ms
[268.652s][info][gc,phases   ] GC(565)   Merge Heap Roots: 0.10ms
[268.652s][info][gc,phases   ] GC(565)   Evacuate Collection Set: 26.81ms
[268.652s][info][gc,phases   ] GC(565)   Post Evacuate Collection Set: 0.55ms
[268.652s][info][gc,phases   ] GC(565)   Other: 0.07ms
[268.652s][info][gc,heap     ] GC(565) Eden regions: 141->0(133)
[268.652s][info][gc,heap     ] GC(565) Survivor regions: 12->20(20)
[268.652s][info][gc,heap     ] GC(565) Old regions: 39->45
[268.652s][info][gc,heap     ] GC(565) Humongous regions: 3->3
[268.652s][info][gc,metaspace] GC(565) Metaspace: 42539K(42944K)->42539K(42944K) NonClass: 39721K(40000K)->39721K(40000K) Class: 2818K(2944K)->2818K(2944K)
[268.652s][info][gc          ] GC(565) Pause Young (Mixed) (G1 Evacuation Pause) 194M->67M(256M) 27.860ms
[268.652s][info][gc,cpu      ] GC(565) User=0.05s Sys=0.00s Real=0.03s
[269.186s][info][gc,start    ] GC(566) Pause Young (Concurrent Start) (G1 Evacuation Pause)
[269.186s][info][gc,task     ] GC(566) Using 2 workers of 2 for evacuation
[269.219s][info][gc,phases   ] GC(566)   Pre Evacuate Collection Set: 0.17ms
[269.219s][info][gc,phases   ] GC(566)   Merge Heap Roots: 0.08ms
[269.219s][info][gc,phases   ] GC(566)   Evacuate Collection Set: 31.96ms
[269.219s][info][gc,phases   ] GC(566)   Post Evacuate Collection Set: 0.43ms
[269.219s][info][gc,phases   ] GC(566)   Other: 0.08ms
[269.219s][info][gc,heap     ] GC(566) Eden regions: 133->0(128)
[269.219s][info][gc,heap     ] GC(566) Survivor regions: 20->20(20)
[269.219s][info][gc,heap     ] GC(566) Old regions: 45->60
[269.219s][info][gc,heap     ] GC(566) Humongous regions: 3->3
[269.219s][info][gc,metaspace] GC(566) Metaspace: 42539K(42944K)->42539K(42944K) NonClass: 39721K(40000K)->39721K(40000K) Class: 2818K(2944K)->2818K(2944K)
[269.219s][info][gc          ] GC(566) Pause Young (Concurrent Start) (G1 Evacuation Pause) 200M->83M(256M) 32.899ms
[269.219s][info][gc          ] GC(567) Concurrent Mark Cycle
[269.219s][info][gc,marking  ] GC(567) Concurrent Scan Root Regions
[269.220s][info][gc,cpu      ] GC(566) User=0.06s Sys=0.00s Real=0.03s
[269.252s][info][gc,marking  ] GC(567) Concurrent Scan Root Regions 33.296ms
[269.252s][info][gc,marking  ] GC(567) Concurrent Mark
[269.252s][info][gc,marking  ] GC(567) Concurrent Mark From Roots
[269.252s][info][gc,task     ] GC(567) Using 1 workers of 1 for marking
[269.315s][info][gc,marking  ] GC(567) Concurrent Mark From Roots 62.462ms
[269.315s][info][gc,marking  ] GC(567) Concurrent Preclean
[269.315s][info][gc,marking  ] GC(567) Concurrent Preclean 0.033ms
[269.315s][info][gc,start    ] GC(567) Pause Remark
[269.329s][info][gc          ] GC(567) Pause Remark 104M->104M(256M) 14.094ms
[269.329s][info][gc,cpu      ] GC(567) User=0.02s Sys=0.00s Real=0.01s
[269.329s][info][gc,marking  ] GC(567) Concurrent Mark 76.857ms
[269.329s][info][gc,marking  ] GC(567) Concurrent Rebuild Remembered Sets and Scrub Regions
[269.362s][info][gc,marking  ] GC(567) Concurrent Rebuild Remembered Sets and Scrub Regions 32.828ms
[269.362s][info][gc,start    ] GC(567) Pause Cleanup
[269.362s][info][gc          ] GC(567) Pause Cleanup 116M->116M(256M) 0.052ms
[269.362s][info][gc,cpu      ] GC(567) User=0.00s Sys=0.00s Real=0.00s
[269.362s][info][gc,marking  ] GC(567) Concurrent Clear Claimed Marks
[269.362s][info][gc,marking  ] GC(567) Concurrent Clear Claimed Marks 0.034ms
[269.362s][info][gc,marking  ] GC(567) Concurrent Cleanup for Next Mark
[269.363s][info][gc,marking  ] GC(567) Concurrent Cleanup for Next Mark 0.763ms
[269.363s][info][gc          ] GC(567) Concurrent Mark Cycle 144.013ms
[269.691s][info][gc,start    ] GC(568) Pause Young (Prepare Mixed) (G1 Evacuation Pause)
[269.691s][info][gc,task     ] GC(568) Using 2 workers of 2 for evacuation
[269.745s][info][gc,phases   ] GC(568)   Pre Evacuate Collection Set: 0.64ms
[269.745s][info][gc,phases   ] GC(568)   Merge Heap Roots: 1.00ms
[269.745s][info][gc,phases   ] GC(568)   Evacuate Collection Set: 52.34ms
[269.745s][info][gc,phases   ] GC(568)   Post Evacuate Collection Set: 0.60ms
[269.745s][info][gc,phases   ] GC(568)   Other: 0.10ms
[269.745s][info][gc,heap     ] GC(568) Eden regions: 128->0(118)
[269.745s][info][gc,heap     ] GC(568) Survivor regions: 20->14(19)
[269.745s][info][gc,heap     ] GC(568) Old regions: 60->81
[269.745s][info][gc,heap     ] GC(568) Humongous regions: 7->3
[269.745s][info][gc,metaspace] GC(568) Metaspace: 42539K(42944K)->42539K(42944K) NonClass: 39721K(40000K)->39721K(40000K) Class: 2818K(2944K)->2818K(2944K)
[269.745s][info][gc          ] GC(568) Pause Young (Prepare Mixed) (G1 Evacuation Pause) 215M->97M(256M) 54.866ms
[269.745s][info][gc,cpu      ] GC(568) User=0.07s Sys=0.00s Real=0.06s
[270.142s][info][gc,start    ] GC(569) Pause Young (Mixed) (G1 Evacuation Pause)
[270.142s][info][gc,task     ] GC(569) Using 2 workers of 2 for evacuation
[270.153s][info][gc,phases   ] GC(569)   Pre Evacuate Collection Set: 0.24ms
[270.153s][info][gc,phases   ] GC(569)   Merge Heap Roots: 0.13ms
[270.153s][info][gc,phases   ] GC(569)   Evacuate Collection Set: 10.19ms
[270.153s][info][gc,phases   ] GC(569)   Post Evacuate Collection Set: 0.37ms
[270.153s][info][gc,phases   ] GC(569)   Other: 0.06ms
[270.153s][info][gc,heap     ] GC(569) Eden regions: 118->0(125)
[270.153s][info][gc,heap     ] GC(569) Survivor regions: 14->6(17)
[270.153s][info][gc,heap     ] GC(569) Old regions: 81->84
[270.153s][info][gc,heap     ] GC(569) Humongous regions: 11->3
[270.153s][info][gc,metaspace] GC(569) Metaspace: 42539K(42944K)->42539K(42944K) NonClass: 39721K(40000K)->39721K(40000K) Class: 2818K(2944K)->2818K(2944K)
[270.153s][info][gc          ] GC(569) Pause Young (Mixed) (G1 Evacuation Pause) 223M->92M(256M) 11.142ms
[270.153s][info][gc,cpu      ] GC(569) User=0.02s Sys=0.00s Real=0.01s
[270.284s][info][gc,start    ] GC(570) Pause Young (Concurrent Start) (G1 Humongous Allocation)
[270.284s][info][gc,task     ] GC(570) Using 2 workers of 2 for evacuation
[270.286s][info][gc,phases   ] GC(570)   Pre Evacuate Collection Set: 0.17ms
[270.286s][info][gc,phases   ] GC(570)   Merge Heap Roots: 0.04ms
[270.286s][info][gc,phases   ] GC(570)   Evacuate Collection Set: 1.44ms
[270.286s][info][gc,phases   ] GC(570)   Post Evacuate Collection Set: 0.29ms
[270.286s][info][gc,phases   ] GC(570)   Other: 0.09ms
[270.286s][info][gc,heap     ] GC(570) Eden regions: 32->0(134)
[270.286s][info][gc,heap     ] GC(570) Survivor regions: 6->2(17)
[270.286s][info][gc,heap     ] GC(570) Old regions: 84->84
[270.286s][info][gc,heap     ] GC(570) Humongous regions: 3->1
[270.286s][info][gc,metaspace] GC(570) Metaspace: 42540K(42944K)->42540K(42944K) NonClass: 39722K(40000K)->39722K(40000K) Class: 2818K(2944K)->2818K(2944K)
[270.286s][info][gc          ] GC(570) Pause Young (Concurrent Start) (G1 Humongous Allocation) 124M->86M(256M) 2.203ms
[270.286s][info][gc,cpu      ] GC(570) User=0.01s Sys=0.00s Real=0.00s
[270.286s][info][gc          ] GC(571) Concurrent Mark Cycle
[270.286s][info][gc,marking  ] GC(571) Concurrent Scan Root Regions
[270.288s][info][gc,marking  ] GC(571) Concurrent Scan Root Regions 2.332ms
[270.288s][info][gc,marking  ] GC(571) Concurrent Mark
[270.288s][info][gc,marking  ] GC(571) Concurrent Mark From Roots
[270.288s][info][gc,task     ] GC(571) Using 1 workers of 1 for marking
[270.340s][info][gc,marking  ] GC(571) Concurrent Mark From Roots 51.340ms
[270.340s][info][gc,marking  ] GC(571) Concurrent Preclean
[270.340s][info][gc,marking  ] GC(571) Concurrent Preclean 0.032ms
[270.340s][info][gc,start    ] GC(571) Pause Remark
[270.354s][info][gc          ] GC(571) Pause Remark 106M->87M(256M) 14.157ms
[270.354s][info][gc,cpu      ] GC(571) User=0.03s Sys=0.00s Real=0.02s
[270.354s][info][gc,marking  ] GC(571) Concurrent Mark 65.808ms
[270.354s][info][gc,marking  ] GC(571) Concurrent Rebuild Remembered Sets and Scrub Regions
[270.374s][info][gc,marking  ] GC(571) Concurrent Rebuild Remembered Sets and Scrub Regions 19.995ms
[270.374s][info][gc,start    ] GC(571) Pause Cleanup
[270.374s][info][gc          ] GC(571) Pause Cleanup 90M->90M(256M) 0.044ms
[270.374s][info][gc,cpu      ] GC(571) User=0.00s Sys=0.00s Real=0.00s
[270.374s][info][gc,marking  ] GC(571) Concurrent Clear Claimed Marks
[270.374s][info][gc,marking  ] GC(571) Concurrent Clear Claimed Marks 0.033ms
[270.374s][info][gc,marking  ] GC(571) Concurrent Cleanup for Next Mark
[270.375s][info][gc,marking  ] GC(571) Concurrent Cleanup for Next Mark 0.732ms
[270.375s][info][gc          ] GC(571) Concurrent Mark Cycle 89.252ms
[270.781s][info][gc,start    ] GC(572) Pause Young (Prepare Mixed) (G1 Evacuation Pause)
[270.781s][info][gc,task     ] GC(572) Using 2 workers of 2 for evacuation
[270.794s][info][gc,phases   ] GC(572)   Pre Evacuate Collection Set: 0.22ms
[270.794s][info][gc,phases   ] GC(572)   Merge Heap Roots: 0.07ms
[270.794s][info][gc,phases   ] GC(572)   Evacuate Collection Set: 12.42ms
[270.794s][info][gc,phases   ] GC(572)   Post Evacuate Collection Set: 0.38ms
[270.794s][info][gc,phases   ] GC(572)   Other: 0.09ms
[270.794s][info][gc,heap     ] GC(572) Eden regions: 134->0(136)
[270.794s][info][gc,heap     ] GC(572) Survivor regions: 2->14(17)
[270.794s][info][gc,heap     ] GC(572) Old regions: 65->65
[270.794s][info][gc,heap     ] GC(572) Humongous regions: 5->3
[270.794s][info][gc,metaspace] GC(572) Metaspace: 42540K(42944K)->42540K(42944K) NonClass: 39722K(40000K)->39722K(40000K) Class: 2818K(2944K)->2818K(2944K)
[270.794s][info][gc          ] GC(572) Pause Young (Prepare Mixed) (G1 Evacuation Pause) 205M->81M(256M) 13.356ms
[270.794s][info][gc,cpu      ] GC(572) User=0.03s Sys=0.00s Real=0.02s
[271.257s][info][gc,start    ] GC(573) Pause Young (Mixed) (G1 Evacuation Pause)
[271.257s][info][gc,task     ] GC(573) Using 2 workers of 2 for evacuation
[271.264s][info][gc,phases   ] GC(573)   Pre Evacuate Collection Set: 0.22ms
[271.264s][info][gc,phases   ] GC(573)   Merge Heap Roots: 0.08ms
[271.264s][info][gc,phases   ] GC(573)   Evacuate Collection Set: 5.62ms
[271.264s][info][gc,phases   ] GC(573)   Post Evacuate Collection Set: 0.41ms
[271.264s][info][gc,phases   ] GC(573)   Other: 0.09ms
[271.264s][info][gc,heap     ] GC(573) Eden regions: 136->0(148)
[271.264s][info][gc,heap     ] GC(573) Survivor regions: 14->5(19)
[271.264s][info][gc,heap     ] GC(573) Old regions: 65->50
[271.264s][info][gc,heap     ] GC(573) Humongous regions: 9->3
[271.264s][info][gc,metaspace] GC(573) Metaspace: 42541K(42944K)->42541K(42944K) NonClass: 39722K(40000K)->39722K(40000K) Class: 2818K(2944K)->2818K(2944K)
[271.264s][info][gc          ] GC(573) Pause Young (Mixed) (G1 Evacuation Pause) 223M->57M(256M) 6.606ms
[271.264s][info][gc,cpu      ] GC(573) User=0.01s Sys=0.00s Real=0.01s
[271.336s][info][gc,start    ] GC(574) Pause Young (Concurrent Start) (G1 Humongous Allocation)
[271.337s][info][gc,task     ] GC(574) Using 2 workers of 2 for evacuation
[271.338s][info][gc,phases   ] GC(574)   Pre Evacuate Collection Set: 0.16ms
[271.338s][info][gc,phases   ] GC(574)   Merge Heap Roots: 0.04ms
[271.338s][info][gc,phases   ] GC(574)   Evacuate Collection Set: 1.28ms
[271.338s][info][gc,phases   ] GC(574)   Post Evacuate Collection Set: 0.29ms
[271.338s][info][gc,phases   ] GC(574)   Other: 0.10ms
[271.338s][info][gc,heap     ] GC(574) Eden regions: 19->0(151)
[271.338s][info][gc,heap     ] GC(574) Survivor regions: 5->2(20)
[271.338s][info][gc,heap     ] GC(574) Old regions: 50->50
[271.338s][info][gc,heap     ] GC(574) Humongous regions: 3->1
[271.338s][info][gc,metaspace] GC(574) Metaspace: 42541K(42944K)->42541K(42944K) NonClass: 39722K(40000K)->39722K(40000K) Class: 2818K(2944K)->2818K(2944K)
[271.339s][info][gc          ] GC(574) Pause Young (Concurrent Start) (G1 Humongous Allocation) 76M->52M(256M) 2.027ms
[271.339s][info][gc,cpu      ] GC(574) User=0.00s Sys=0.00s Real=0.00s
[271.339s][info][gc          ] GC(575) Concurrent Mark Cycle
[271.339s][info][gc,marking  ] GC(575) Concurrent Scan Root Regions
[271.340s][info][gc,marking  ] GC(575) Concurrent Scan Root Regions 1.413ms
[271.340s][info][gc,marking  ] GC(575) Concurrent Mark
[271.340s][info][gc,marking  ] GC(575) Concurrent Mark From Roots
[271.340s][info][gc,task     ] GC(575) Using 1 workers of 1 for marking
[271.397s][info][gc,marking  ] GC(575) Concurrent Mark From Roots 56.514ms
[271.397s][info][gc,marking  ] GC(575) Concurrent Preclean
[271.397s][info][gc,marking  ] GC(575) Concurrent Preclean 0.031ms
[271.397s][info][gc,start    ] GC(575) Pause Remark
[271.411s][info][gc          ] GC(575) Pause Remark 72M->72M(256M) 13.920ms
[271.411s][info][gc,cpu      ] GC(575) User=0.02s Sys=0.00s Real=0.01s
[271.411s][info][gc,marking  ] GC(575) Concurrent Mark 70.702ms
[271.411s][info][gc,marking  ] GC(575) Concurrent Rebuild Remembered Sets and Scrub Regions
[271.432s][info][gc,marking  ] GC(575) Concurrent Rebuild Remembered Sets and Scrub Regions 21.215ms
[271.432s][info][gc,start    ] GC(575) Pause Cleanup
[271.432s][info][gc          ] GC(575) Pause Cleanup 78M->78M(256M) 0.040ms
[271.432s][info][gc,cpu      ] GC(575) User=0.00s Sys=0.00s Real=0.00s
[271.432s][info][gc,marking  ] GC(575) Concurrent Clear Claimed Marks
[271.432s][info][gc,marking  ] GC(575) Concurrent Clear Claimed Marks 0.033ms
[271.432s][info][gc,marking  ] GC(575) Concurrent Cleanup for Next Mark
[271.433s][info][gc,marking  ] GC(575) Concurrent Cleanup for Next Mark 0.741ms
[271.433s][info][gc          ] GC(575) Concurrent Mark Cycle 94.388ms
[271.860s][info][gc,start    ] GC(576) Pause Young (Prepare Mixed) (G1 Evacuation Pause)
[271.860s][info][gc,task     ] GC(576) Using 2 workers of 2 for evacuation
[271.888s][info][gc,phases   ] GC(576)   Pre Evacuate Collection Set: 0.18ms
[271.889s][info][gc,phases   ] GC(576)   Merge Heap Roots: 0.06ms
[271.889s][info][gc,phases   ] GC(576)   Evacuate Collection Set: 27.62ms
[271.889s][info][gc,phases   ] GC(576)   Post Evacuate Collection Set: 0.54ms
[271.889s][info][gc,phases   ] GC(576)   Other: 0.07ms
[271.889s][info][gc,heap     ] GC(576) Eden regions: 151->0(140)
[271.889s][info][gc,heap     ] GC(576) Survivor regions: 2->13(20)
[271.889s][info][gc,heap     ] GC(576) Old regions: 50->50
[271.889s][info][gc,heap     ] GC(576) Humongous regions: 5->3
[271.889s][info][gc,metaspace] GC(576) Metaspace: 42541K(42944K)->42541K(42944K) NonClass: 39722K(40000K)->39722K(40000K) Class: 2818K(2944K)->2818K(2944K)
[271.889s][info][gc          ] GC(576) Pause Young (Prepare Mixed) (G1 Evacuation Pause) 207M->65M(256M) 28.639ms
[271.889s][info][gc,cpu      ] GC(576) User=0.03s Sys=0.00s Real=0.03s
[272.416s][info][gc,start    ] GC(577) Pause Young (Mixed) (G1 Evacuation Pause)
[272.416s][info][gc,task     ] GC(577) Using 2 workers of 2 for evacuation
[272.424s][info][gc,phases   ] GC(577)   Pre Evacuate Collection Set: 0.15ms
[272.424s][info][gc,phases   ] GC(577)   Merge Heap Roots: 0.06ms
[272.424s][info][gc,phases   ] GC(577)   Evacuate Collection Set: 7.65ms
[272.424s][info][gc,phases   ] GC(577)   Post Evacuate Collection Set: 0.40ms
[272.424s][info][gc,phases   ] GC(577)   Other: 0.11ms
[272.424s][info][gc,heap     ] GC(577) Eden regions: 140->0(146)
[272.424s][info][gc,heap     ] GC(577) Survivor regions: 13->7(20)
[272.424s][info][gc,heap     ] GC(577) Old regions: 50->48
[272.424s][info][gc,heap     ] GC(577) Humongous regions: 7->3
[272.424s][info][gc,metaspace] GC(577) Metaspace: 42541K(42944K)->42541K(42944K) NonClass: 39722K(40000K)->39722K(40000K) Class: 2818K(2944K)->2818K(2944K)
[272.424s][info][gc          ] GC(577) Pause Young (Mixed) (G1 Evacuation Pause) 209M->57M(256M) 8.550ms
[272.424s][info][gc,cpu      ] GC(577) User=0.01s Sys=0.00s Real=0.01s
[272.502s][info][gc,start    ] GC(578) Pause Young (Concurrent Start) (G1 Humongous Allocation)
[272.502s][info][gc,task     ] GC(578) Using 2 workers of 2 for evacuation
[272.504s][info][gc,phases   ] GC(578)   Pre Evacuate Collection Set: 0.16ms
[272.504s][info][gc,phases   ] GC(578)   Merge Heap Roots: 0.04ms
[272.504s][info][gc,phases   ] GC(578)   Evacuate Collection Set: 1.78ms
[272.504s][info][gc,phases   ] GC(578)   Post Evacuate Collection Set: 0.29ms
[272.504s][info][gc,phases   ] GC(578)   Other: 0.09ms
[272.504s][info][gc,heap     ] GC(578) Eden regions: 20->0(151)
[272.504s][info][gc,heap     ] GC(578) Survivor regions: 7->2(20)
[272.504s][info][gc,heap     ] GC(578) Old regions: 48->48
[272.504s][info][gc,heap     ] GC(578) Humongous regions: 3->1
[272.504s][info][gc,metaspace] GC(578) Metaspace: 42541K(42944K)->42541K(42944K) NonClass: 39722K(40000K)->39722K(40000K) Class: 2818K(2944K)->2818K(2944K)
[272.504s][info][gc          ] GC(578) Pause Young (Concurrent Start) (G1 Humongous Allocation) 77M->50M(256M) 2.516ms
[272.504s][info][gc,cpu      ] GC(578) User=0.01s Sys=0.00s Real=0.01s
[272.504s][info][gc          ] GC(579) Concurrent Mark Cycle
[272.505s][info][gc,marking  ] GC(579) Concurrent Scan Root Regions
[272.507s][info][gc,marking  ] GC(579) Concurrent Scan Root Regions 2.078ms
[272.507s][info][gc,marking  ] GC(579) Concurrent Mark
[272.507s][info][gc,marking  ] GC(579) Concurrent Mark From Roots
[272.507s][info][gc,task     ] GC(579) Using 1 workers of 1 for marking
[272.563s][info][gc,marking  ] GC(579) Concurrent Mark From Roots 56.043ms
[272.563s][info][gc,marking  ] GC(579) Concurrent Preclean
[272.563s][info][gc,marking  ] GC(579) Concurrent Preclean 0.035ms
[272.563s][info][gc,start    ] GC(579) Pause Remark
[272.577s][info][gc          ] GC(579) Pause Remark 71M->71M(256M) 13.836ms
[272.577s][info][gc,cpu      ] GC(579) User=0.02s Sys=0.00s Real=0.01s
[272.577s][info][gc,marking  ] GC(579) Concurrent Mark 70.155ms
[272.577s][info][gc,marking  ] GC(579) Concurrent Rebuild Remembered Sets and Scrub Regions
[272.599s][info][gc,marking  ] GC(579) Concurrent Rebuild Remembered Sets and Scrub Regions 21.812ms
[272.599s][info][gc,start    ] GC(579) Pause Cleanup
[272.599s][info][gc          ] GC(579) Pause Cleanup 74M->74M(256M) 0.034ms
[272.599s][info][gc,cpu      ] GC(579) User=0.00s Sys=0.00s Real=0.00s
[272.599s][info][gc,marking  ] GC(579) Concurrent Clear Claimed Marks
[272.599s][info][gc,marking  ] GC(579) Concurrent Clear Claimed Marks 0.032ms
[272.599s][info][gc,marking  ] GC(579) Concurrent Cleanup for Next Mark
[272.600s][info][gc,marking  ] GC(579) Concurrent Cleanup for Next Mark 0.746ms
[272.600s][info][gc          ] GC(579) Concurrent Mark Cycle 95.930ms
[272.904s][info][gc,start    ] GC(580) Pause Young (Prepare Mixed) (G1 Evacuation Pause)
[272.904s][info][gc,task     ] GC(580) Using 2 workers of 2 for evacuation
[272.936s][info][gc,phases   ] GC(580)   Pre Evacuate Collection Set: 0.17ms
[272.936s][info][gc,phases   ] GC(580)   Merge Heap Roots: 0.06ms
[272.936s][info][gc,phases   ] GC(580)   Evacuate Collection Set: 30.91ms
[272.936s][info][gc,phases   ] GC(580)   Post Evacuate Collection Set: 0.49ms
[272.936s][info][gc,phases   ] GC(580)   Other: 0.10ms
[272.936s][info][gc,heap     ] GC(580) Eden regions: 151->0(120)
[272.936s][info][gc,heap     ] GC(580) Survivor regions: 2->20(20)
[272.936s][info][gc,heap     ] GC(580) Old regions: 48->64
[272.936s][info][gc,heap     ] GC(580) Humongous regions: 5->3
[272.936s][info][gc,metaspace] GC(580) Metaspace: 42541K(42944K)->42541K(42944K) NonClass: 39722K(40000K)->39722K(40000K) Class: 2818K(2944K)->2818K(2944K)
[272.936s][info][gc          ] GC(580) Pause Young (Prepare Mixed) (G1 Evacuation Pause) 205M->87M(256M) 31.898ms
[272.936s][info][gc,cpu      ] GC(580) User=0.06s Sys=0.00s Real=0.03s
[273.416s][info][gc,start    ] GC(581) Pause Young (Mixed) (G1 Evacuation Pause)
[273.416s][info][gc,task     ] GC(581) Using 2 workers of 2 for evacuation
[273.475s][info][gc,phases   ] GC(581)   Pre Evacuate Collection Set: 0.22ms
[273.475s][info][gc,phases   ] GC(581)   Merge Heap Roots: 0.29ms
[273.475s][info][gc,phases   ] GC(581)   Evacuate Collection Set: 58.02ms
[273.475s][info][gc,phases   ] GC(581)   Post Evacuate Collection Set: 0.43ms
[273.475s][info][gc,phases   ] GC(581)   Other: 0.08ms
[273.475s][info][gc,heap     ] GC(581) Eden regions: 120->0(100)
[273.475s][info][gc,heap     ] GC(581) Survivor regions: 20->18(18)
[273.475s][info][gc,heap     ] GC(581) Old regions: 64->87
[273.475s][info][gc,heap     ] GC(581) Humongous regions: 3->3
[273.475s][info][gc,metaspace] GC(581) Metaspace: 42542K(42944K)->42542K(42944K) NonClass: 39723K(40000K)->39723K(40000K) Class: 2818K(2944K)->2818K(2944K)
[273.475s][info][gc          ] GC(581) Pause Young (Mixed) (G1 Evacuation Pause) 207M->107M(256M) 59.231ms
[273.475s][info][gc,cpu      ] GC(581) User=0.10s Sys=0.00s Real=0.06s
[273.927s][info][gc,start    ] GC(582) Pause Young (Concurrent Start) (G1 Evacuation Pause)
[273.927s][info][gc,task     ] GC(582) Using 2 workers of 2 for evacuation
[273.991s][info][gc,phases   ] GC(582)   Pre Evacuate Collection Set: 0.17ms
[273.991s][info][gc,phases   ] GC(582)   Merge Heap Roots: 0.29ms
[273.991s][info][gc,phases   ] GC(582)   Evacuate Collection Set: 63.08ms
[273.991s][info][gc,phases   ] GC(582)   Post Evacuate Collection Set: 0.41ms
[273.991s][info][gc,phases   ] GC(582)   Other: 0.11ms
[273.991s][info][gc,heap     ] GC(582) Eden regions: 100->0(77)
[273.991s][info][gc,heap     ] GC(582) Survivor regions: 18->15(15)
[273.991s][info][gc,heap     ] GC(582) Old regions: 87->117
[273.991s][info][gc,heap     ] GC(582) Humongous regions: 3->3
[273.991s][info][gc,metaspace] GC(582) Metaspace: 42542K(42944K)->42542K(42944K) NonClass: 39724K(40000K)->39724K(40000K) Class: 2818K(2944K)->2818K(2944K)
[273.991s][info][gc          ] GC(582) Pause Young (Concurrent Start) (G1 Evacuation Pause) 207M->134M(256M) 64.267ms
[273.991s][info][gc,cpu      ] GC(582) User=0.12s Sys=0.00s Real=0.06s
[273.991s][info][gc          ] GC(583) Concurrent Mark Cycle
[273.991s][info][gc,marking  ] GC(583) Concurrent Scan Root Regions
[274.061s][info][gc,marking  ] GC(583) Concurrent Scan Root Regions 69.653ms
[274.061s][info][gc,marking  ] GC(583) Concurrent Mark
[274.061s][info][gc,marking  ] GC(583) Concurrent Mark From Roots
[274.061s][info][gc,task     ] GC(583) Using 1 workers of 1 for marking
[274.222s][info][gc,marking  ] GC(583) Concurrent Mark From Roots 161.026ms
[274.222s][info][gc,marking  ] GC(583) Concurrent Preclean
[274.222s][info][gc,marking  ] GC(583) Concurrent Preclean 0.038ms
[274.222s][info][gc,start    ] GC(583) Pause Remark
[274.236s][info][gc          ] GC(583) Pause Remark 161M->161M(256M) 14.310ms
[274.237s][info][gc,cpu      ] GC(583) User=0.02s Sys=0.00s Real=0.01s
[274.237s][info][gc,marking  ] GC(583) Concurrent Mark 175.614ms
[274.237s][info][gc,marking  ] GC(583) Concurrent Rebuild Remembered Sets and Scrub Regions
[274.340s][info][gc,marking  ] GC(583) Concurrent Rebuild Remembered Sets and Scrub Regions 103.492ms
[274.340s][info][gc,start    ] GC(583) Pause Cleanup
[274.340s][info][gc          ] GC(583) Pause Cleanup 183M->183M(256M) 0.045ms
[274.340s][info][gc,cpu      ] GC(583) User=0.00s Sys=0.00s Real=0.00s
[274.341s][info][gc,marking  ] GC(583) Concurrent Clear Claimed Marks
[274.341s][info][gc,marking  ] GC(583) Concurrent Clear Claimed Marks 0.060ms
[274.341s][info][gc,marking  ] GC(583) Concurrent Cleanup for Next Mark
[274.342s][info][gc,marking  ] GC(583) Concurrent Cleanup for Next Mark 0.886ms
[274.342s][info][gc          ] GC(583) Concurrent Mark Cycle 350.664ms
[274.481s][info][gc,start    ] GC(584) Pause Young (Prepare Mixed) (G1 Evacuation Pause)
[274.481s][info][gc,task     ] GC(584) Using 2 workers of 2 for evacuation
[274.523s][info][gc,phases   ] GC(584)   Pre Evacuate Collection Set: 0.22ms
[274.523s][info][gc,phases   ] GC(584)   Merge Heap Roots: 0.45ms
[274.523s][info][gc,phases   ] GC(584)   Evacuate Collection Set: 40.15ms
[274.523s][info][gc,phases   ] GC(584)   Post Evacuate Collection Set: 0.37ms
[274.523s][info][gc,phases   ] GC(584)   Other: 0.09ms
[274.523s][info][gc,heap     ] GC(584) Eden regions: 77->0(61)
[274.523s][info][gc,heap     ] GC(584) Survivor regions: 15->12(12)
[274.523s][info][gc,heap     ] GC(584) Old regions: 117->141
[274.523s][info][gc,heap     ] GC(584) Humongous regions: 3->3
[274.523s][info][gc,metaspace] GC(584) Metaspace: 42542K(42944K)->42542K(42944K) NonClass: 39724K(40000K)->39724K(40000K) Class: 2818K(2944K)->2818K(2944K)
[274.523s][info][gc          ] GC(584) Pause Young (Prepare Mixed) (G1 Evacuation Pause) 211M->155M(256M) 41.455ms
[274.523s][info][gc,cpu      ] GC(584) User=0.09s Sys=0.00s Real=0.05s
[274.805s][info][gc,start    ] GC(585) Pause Young (Mixed) (G1 Evacuation Pause)
[274.805s][info][gc,task     ] GC(585) Using 2 workers of 2 for evacuation
[274.838s][info][gc,phases   ] GC(585)   Pre Evacuate Collection Set: 0.15ms
[274.838s][info][gc,phases   ] GC(585)   Merge Heap Roots: 0.19ms
[274.838s][info][gc,phases   ] GC(585)   Evacuate Collection Set: 32.70ms
[274.838s][info][gc,phases   ] GC(585)   Post Evacuate Collection Set: 0.36ms
[274.838s][info][gc,phases   ] GC(585)   Other: 0.06ms
[274.838s][info][gc,heap     ] GC(585) Eden regions: 61->0(50)
[274.838s][info][gc,heap     ] GC(585) Survivor regions: 12->10(10)
[274.838s][info][gc,heap     ] GC(585) Old regions: 141->158
[274.838s][info][gc,heap     ] GC(585) Humongous regions: 5->3
[274.838s][info][gc,metaspace] GC(585) Metaspace: 42542K(42944K)->42542K(42944K) NonClass: 39724K(40000K)->39724K(40000K) Class: 2818K(2944K)->2818K(2944K)
[274.838s][info][gc          ] GC(585) Pause Young (Mixed) (G1 Evacuation Pause) 218M->170M(256M) 33.634ms
[274.838s][info][gc,cpu      ] GC(585) User=0.06s Sys=0.00s Real=0.03s
[274.988s][info][gc,start    ] GC(586) Pause Young (Concurrent Start) (G1 Evacuation Pause)
[274.988s][info][gc,task     ] GC(586) Using 2 workers of 2 for evacuation
[275.007s][info][gc,phases   ] GC(586)   Pre Evacuate Collection Set: 0.25ms
[275.007s][info][gc,phases   ] GC(586)   Merge Heap Roots: 0.15ms
[275.007s][info][gc,phases   ] GC(586)   Evacuate Collection Set: 17.88ms
[275.007s][info][gc,phases   ] GC(586)   Post Evacuate Collection Set: 1.29ms
[275.007s][info][gc,phases   ] GC(586)   Other: 0.14ms
[275.007s][info][gc,heap     ] GC(586) Eden regions: 50->0(149)
[275.007s][info][gc,heap     ] GC(586) Survivor regions: 10->8(8)
[275.007s][info][gc,heap     ] GC(586) Old regions: 158->168
[275.007s][info][gc,heap     ] GC(586) Humongous regions: 3->3
[275.008s][info][gc,metaspace] GC(586) Metaspace: 42542K(42944K)->42542K(42944K) NonClass: 39724K(40000K)->39724K(40000K) Class: 2818K(2944K)->2818K(2944K)
[275.008s][info][gc          ] GC(586) Pause Young (Concurrent Start) (G1 Evacuation Pause) 220M->178M(401M) 19.885ms
[275.008s][info][gc,cpu      ] GC(586) User=0.04s Sys=0.00s Real=0.02s
[275.008s][info][gc          ] GC(587) Concurrent Mark Cycle
[275.008s][info][gc,marking  ] GC(587) Concurrent Scan Root Regions
[275.023s][info][gc,marking  ] GC(587) Concurrent Scan Root Regions 15.244ms
[275.023s][info][gc,marking  ] GC(587) Concurrent Mark
[275.023s][info][gc,marking  ] GC(587) Concurrent Mark From Roots
[275.023s][info][gc,task     ] GC(587) Using 1 workers of 1 for marking
[275.204s][info][gc,marking  ] GC(587) Concurrent Mark From Roots 180.953ms
[275.204s][info][gc,marking  ] GC(587) Concurrent Preclean
[275.204s][info][gc,marking  ] GC(587) Concurrent Preclean 0.033ms
[275.204s][info][gc,start    ] GC(587) Pause Remark
[275.218s][info][gc          ] GC(587) Pause Remark 212M->212M(401M) 14.375ms
[275.218s][info][gc,cpu      ] GC(587) User=0.02s Sys=0.00s Real=0.01s
[275.219s][info][gc,marking  ] GC(587) Concurrent Mark 195.636ms
[275.219s][info][gc,marking  ] GC(587) Concurrent Rebuild Remembered Sets and Scrub Regions
[275.295s][info][gc,marking  ] GC(587) Concurrent Rebuild Remembered Sets and Scrub Regions 76.818ms
[275.296s][info][gc,start    ] GC(587) Pause Cleanup
[275.296s][info][gc          ] GC(587) Pause Cleanup 231M->231M(401M) 0.086ms
[275.296s][info][gc,cpu      ] GC(587) User=0.00s Sys=0.00s Real=0.00s
[275.296s][info][gc,marking  ] GC(587) Concurrent Clear Claimed Marks
[275.296s][info][gc,marking  ] GC(587) Concurrent Clear Claimed Marks 0.036ms
[275.296s][info][gc,marking  ] GC(587) Concurrent Cleanup for Next Mark
[275.298s][info][gc,marking  ] GC(587) Concurrent Cleanup for Next Mark 2.717ms
[275.298s][info][gc          ] GC(587) Concurrent Mark Cycle 290.872ms
[275.693s][info][gc,start    ] GC(588) Pause Young (Prepare Mixed) (G1 Evacuation Pause)
[275.693s][info][gc,task     ] GC(588) Using 2 workers of 2 for evacuation
[275.725s][info][gc,phases   ] GC(588)   Pre Evacuate Collection Set: 0.24ms
[275.725s][info][gc,phases   ] GC(588)   Merge Heap Roots: 0.09ms
[275.725s][info][gc,phases   ] GC(588)   Evacuate Collection Set: 31.11ms
[275.725s][info][gc,phases   ] GC(588)   Post Evacuate Collection Set: 0.50ms
[275.725s][info][gc,phases   ] GC(588)   Other: 0.09ms
[275.725s][info][gc,heap     ] GC(588) Eden regions: 149->0(136)
[275.725s][info][gc,heap     ] GC(588) Survivor regions: 8->20(20)
[275.725s][info][gc,heap     ] GC(588) Old regions: 168->177
[275.725s][info][gc,heap     ] GC(588) Humongous regions: 7->3
[275.725s][info][gc,metaspace] GC(588) Metaspace: 42542K(42944K)->42542K(42944K) NonClass: 39724K(40000K)->39724K(40000K) Class: 2818K(2944K)->2818K(2944K)
[275.725s][info][gc          ] GC(588) Pause Young (Prepare Mixed) (G1 Evacuation Pause) 331M->199M(401M) 32.215ms
[275.725s][info][gc,cpu      ] GC(588) User=0.06s Sys=0.00s Real=0.03s
[276.171s][info][gc,start    ] GC(589) Pause Young (Mixed) (G1 Evacuation Pause)
[276.171s][info][gc,task     ] GC(589) Using 2 workers of 2 for evacuation
[276.207s][info][gc,phases   ] GC(589)   Pre Evacuate Collection Set: 0.22ms
[276.207s][info][gc,phases   ] GC(589)   Merge Heap Roots: 0.26ms
[276.207s][info][gc,phases   ] GC(589)   Evacuate Collection Set: 34.84ms
[276.207s][info][gc,phases   ] GC(589)   Post Evacuate Collection Set: 0.47ms
[276.207s][info][gc,phases   ] GC(589)   Other: 0.09ms
[276.207s][info][gc,heap     ] GC(589) Eden regions: 136->0(161)
[276.207s][info][gc,heap     ] GC(589) Survivor regions: 20->11(20)
[276.207s][info][gc,heap     ] GC(589) Old regions: 177->158
[276.207s][info][gc,heap     ] GC(589) Humongous regions: 11->3
[276.207s][info][gc,metaspace] GC(589) Metaspace: 42544K(42944K)->42544K(42944K) NonClass: 39726K(40000K)->39726K(40000K) Class: 2818K(2944K)->2818K(2944K)
[276.207s][info][gc          ] GC(589) Pause Young (Mixed) (G1 Evacuation Pause) 343M->172M(401M) 36.085ms
[276.208s][info][gc,cpu      ] GC(589) User=0.07s Sys=0.00s Real=0.04s
[276.745s][info][gc,start    ] GC(590) Pause Young (Mixed) (G1 Evacuation Pause)
[276.745s][info][gc,task     ] GC(590) Using 2 workers of 2 for evacuation
[276.779s][info][gc,phases   ] GC(590)   Pre Evacuate Collection Set: 0.21ms
[276.779s][info][gc,phases   ] GC(590)   Merge Heap Roots: 0.42ms
[276.779s][info][gc,phases   ] GC(590)   Evacuate Collection Set: 32.93ms
[276.779s][info][gc,phases   ] GC(590)   Post Evacuate Collection Set: 0.51ms
[276.780s][info][gc,phases   ] GC(590)   Other: 0.08ms
[276.780s][info][gc,heap     ] GC(590) Eden regions: 161->0(171)
[276.780s][info][gc,heap     ] GC(590) Survivor regions: 11->22(22)
[276.780s][info][gc,heap     ] GC(590) Old regions: 158->133
[276.780s][info][gc,heap     ] GC(590) Humongous regions: 5->3
[276.780s][info][gc,metaspace] GC(590) Metaspace: 42546K(42944K)->42546K(42944K) NonClass: 39727K(40000K)->39727K(40000K) Class: 2818K(2944K)->2818K(2944K)
[276.780s][info][gc          ] GC(590) Pause Young (Mixed) (G1 Evacuation Pause) 335M->158M(401M) 34.339ms
[276.780s][info][gc,cpu      ] GC(590) User=0.06s Sys=0.00s Real=0.03s
[277.303s][info][gc,start    ] GC(591) Pause Young (Normal) (G1 Evacuation Pause)
[277.303s][info][gc,task     ] GC(591) Using 2 workers of 2 for evacuation
[277.321s][info][gc,phases   ] GC(591)   Pre Evacuate Collection Set: 0.19ms
[277.321s][info][gc,phases   ] GC(591)   Merge Heap Roots: 0.10ms
[277.321s][info][gc,phases   ] GC(591)   Evacuate Collection Set: 17.40ms
[277.321s][info][gc,phases   ] GC(591)   Post Evacuate Collection Set: 0.46ms
[277.321s][info][gc,phases   ] GC(591)   Other: 0.07ms
[277.321s][info][gc,heap     ] GC(591) Eden regions: 171->0(178)
[277.321s][info][gc,heap     ] GC(591) Survivor regions: 22->8(25)
[277.321s][info][gc,heap     ] GC(591) Old regions: 133->146
[277.321s][info][gc,heap     ] GC(591) Humongous regions: 4->3
[277.321s][info][gc,metaspace] GC(591) Metaspace: 42546K(42944K)->42546K(42944K) NonClass: 39727K(40000K)->39727K(40000K) Class: 2818K(2944K)->2818K(2944K)
[277.321s][info][gc          ] GC(591) Pause Young (Normal) (G1 Evacuation Pause) 330M->156M(401M) 18.433ms
[277.321s][info][gc,cpu      ] GC(591) User=0.03s Sys=0.00s Real=0.01s
[277.420s][info][gc,start    ] GC(592) Pause Young (Concurrent Start) (G1 Humongous Allocation)
[277.421s][info][gc,task     ] GC(592) Using 2 workers of 2 for evacuation
[277.430s][info][gc,phases   ] GC(592)   Pre Evacuate Collection Set: 0.20ms
[277.430s][info][gc,phases   ] GC(592)   Merge Heap Roots: 0.13ms
[277.430s][info][gc,phases   ] GC(592)   Evacuate Collection Set: 8.74ms
[277.430s][info][gc,phases   ] GC(592)   Post Evacuate Collection Set: 0.34ms
[277.430s][info][gc,phases   ] GC(592)   Other: 0.09ms
[277.430s][info][gc,heap     ] GC(592) Eden regions: 34->0(185)
[277.430s][info][gc,heap     ] GC(592) Survivor regions: 8->9(24)
[277.430s][info][gc,heap     ] GC(592) Old regions: 146->146
[277.430s][info][gc,heap     ] GC(592) Humongous regions: 3->3
[277.430s][info][gc,metaspace] GC(592) Metaspace: 42546K(42944K)->42546K(42944K) NonClass: 39727K(40000K)->39727K(40000K) Class: 2818K(2944K)->2818K(2944K)
[277.430s][info][gc          ] GC(592) Pause Young (Concurrent Start) (G1 Humongous Allocation) 190M->157M(401M) 9.674ms
[277.430s][info][gc,cpu      ] GC(592) User=0.02s Sys=0.00s Real=0.01s
[277.430s][info][gc          ] GC(593) Concurrent Mark Cycle
[277.430s][info][gc,marking  ] GC(593) Concurrent Scan Root Regions
[277.439s][info][gc,marking  ] GC(593) Concurrent Scan Root Regions 8.587ms
[277.439s][info][gc,marking  ] GC(593) Concurrent Mark
[277.439s][info][gc,marking  ] GC(593) Concurrent Mark From Roots
[277.439s][info][gc,task     ] GC(593) Using 1 workers of 1 for marking
[277.518s][info][gc,marking  ] GC(593) Concurrent Mark From Roots 79.070ms
[277.518s][info][gc,marking  ] GC(593) Concurrent Preclean
[277.518s][info][gc,marking  ] GC(593) Concurrent Preclean 0.036ms
[277.518s][info][gc,start    ] GC(593) Pause Remark
[277.532s][info][gc          ] GC(593) Pause Remark 182M->160M(401M) 14.019ms
[277.532s][info][gc,cpu      ] GC(593) User=0.03s Sys=0.00s Real=0.02s
[277.532s][info][gc,marking  ] GC(593) Concurrent Mark 93.396ms
[277.532s][info][gc,marking  ] GC(593) Concurrent Rebuild Remembered Sets and Scrub Regions
[277.566s][info][gc,marking  ] GC(593) Concurrent Rebuild Remembered Sets and Scrub Regions 33.293ms
[277.566s][info][gc,start    ] GC(593) Pause Cleanup
[277.566s][info][gc          ] GC(593) Pause Cleanup 172M->172M(401M) 0.065ms
[277.566s][info][gc,cpu      ] GC(593) User=0.00s Sys=0.00s Real=0.00s
[277.566s][info][gc,marking  ] GC(593) Concurrent Clear Claimed Marks
[277.566s][info][gc,marking  ] GC(593) Concurrent Clear Claimed Marks 0.044ms
[277.566s][info][gc,marking  ] GC(593) Concurrent Cleanup for Next Mark
[277.567s][info][gc,marking  ] GC(593) Concurrent Cleanup for Next Mark 1.142ms
[277.567s][info][gc          ] GC(593) Concurrent Mark Cycle 136.796ms
[278.027s][info][gc,start    ] GC(594) Pause Young (Prepare Mixed) (G1 Evacuation Pause)
[278.027s][info][gc,task     ] GC(594) Using 2 workers of 2 for evacuation
[278.068s][info][gc,phases   ] GC(594)   Pre Evacuate Collection Set: 0.22ms
[278.068s][info][gc,phases   ] GC(594)   Merge Heap Roots: 0.12ms
[278.068s][info][gc,phases   ] GC(594)   Evacuate Collection Set: 39.40ms
[278.068s][info][gc,phases   ] GC(594)   Post Evacuate Collection Set: 0.51ms
[278.068s][info][gc,phases   ] GC(594)   Other: 0.08ms
[278.068s][info][gc,heap     ] GC(594) Eden regions: 185->0(129)
[278.068s][info][gc,heap     ] GC(594) Survivor regions: 9->25(25)
[278.068s][info][gc,heap     ] GC(594) Old regions: 124->161
[278.068s][info][gc,heap     ] GC(594) Humongous regions: 4->3
[278.068s][info][gc,metaspace] GC(594) Metaspace: 42546K(42944K)->42546K(42944K) NonClass: 39727K(40000K)->39727K(40000K) Class: 2818K(2944K)->2818K(2944K)
[278.068s][info][gc          ] GC(594) Pause Young (Prepare Mixed) (G1 Evacuation Pause) 321M->189M(401M) 40.533ms
[278.068s][info][gc,cpu      ] GC(594) User=0.08s Sys=0.00s Real=0.04s
[278.538s][info][gc,start    ] GC(595) Pause Young (Mixed) (G1 Evacuation Pause)
[278.538s][info][gc,task     ] GC(595) Using 2 workers of 2 for evacuation
[278.596s][info][gc,phases   ] GC(595)   Pre Evacuate Collection Set: 0.29ms
[278.596s][info][gc,phases   ] GC(595)   Merge Heap Roots: 0.33ms
[278.596s][info][gc,phases   ] GC(595)   Evacuate Collection Set: 57.17ms
[278.596s][info][gc,phases   ] GC(595)   Post Evacuate Collection Set: 0.50ms
[278.596s][info][gc,phases   ] GC(595)   Other: 0.08ms
[278.596s][info][gc,heap     ] GC(595) Eden regions: 129->0(113)
[278.596s][info][gc,heap     ] GC(595) Survivor regions: 25->20(20)
[278.596s][info][gc,heap     ] GC(595) Old regions: 161->169
[278.596s][info][gc,heap     ] GC(595) Humongous regions: 4->4
[278.596s][info][gc,metaspace] GC(595) Metaspace: 42546K(42944K)->42546K(42944K) NonClass: 39727K(40000K)->39727K(40000K) Class: 2818K(2944K)->2818K(2944K)
[278.597s][info][gc          ] GC(595) Pause Young (Mixed) (G1 Evacuation Pause) 319M->193M(401M) 58.596ms
[278.597s][info][gc,cpu      ] GC(595) User=0.11s Sys=0.00s Real=0.06s
[278.939s][info][gc,start    ] GC(596) Pause Young (Mixed) (G1 Evacuation Pause)
[278.939s][info][gc,task     ] GC(596) Using 2 workers of 2 for evacuation
[278.973s][info][gc,phases   ] GC(596)   Pre Evacuate Collection Set: 0.23ms
[278.973s][info][gc,phases   ] GC(596)   Merge Heap Roots: 0.25ms
[278.973s][info][gc,phases   ] GC(596)   Evacuate Collection Set: 32.82ms
[278.973s][info][gc,phases   ] GC(596)   Post Evacuate Collection Set: 0.67ms
[278.973s][info][gc,phases   ] GC(596)   Other: 0.07ms
[278.973s][info][gc,heap     ] GC(596) Eden regions: 113->0(124)
[278.973s][info][gc,heap     ] GC(596) Survivor regions: 20->17(17)
[278.973s][info][gc,heap     ] GC(596) Old regions: 169->190
[278.973s][info][gc,heap     ] GC(596) Humongous regions: 4->4
[278.973s][info][gc,metaspace] GC(596) Metaspace: 42546K(42944K)->42546K(42944K) NonClass: 39728K(40000K)->39728K(40000K) Class: 2818K(2944K)->2818K(2944K)
[278.973s][info][gc          ] GC(596) Pause Young (Mixed) (G1 Evacuation Pause) 306M->211M(434M) 34.270ms
[278.973s][info][gc,cpu      ] GC(596) User=0.06s Sys=0.00s Real=0.04s
[279.337s][info][gc,start    ] GC(597) Pause Young (Concurrent Start) (G1 Humongous Allocation)
[279.337s][info][gc,task     ] GC(597) Using 2 workers of 2 for evacuation
[279.383s][info][gc,phases   ] GC(597)   Pre Evacuate Collection Set: 0.24ms
[279.383s][info][gc,phases   ] GC(597)   Merge Heap Roots: 0.12ms
[279.383s][info][gc,phases   ] GC(597)   Evacuate Collection Set: 44.29ms
[279.383s][info][gc,phases   ] GC(597)   Post Evacuate Collection Set: 0.43ms
[279.383s][info][gc,phases   ] GC(597)   Other: 0.11ms
[279.383s][info][gc,heap     ] GC(597) Eden regions: 111->0(68)
[279.383s][info][gc,heap     ] GC(597) Survivor regions: 17->18(18)
[279.383s][info][gc,heap     ] GC(597) Old regions: 190->248
[279.383s][info][gc,heap     ] GC(597) Humongous regions: 4->4
[279.383s][info][gc,metaspace] GC(597) Metaspace: 42546K(42944K)->42546K(42944K) NonClass: 39728K(40000K)->39728K(40000K) Class: 2818K(2944K)->2818K(2944K)
[279.383s][info][gc          ] GC(597) Pause Young (Concurrent Start) (G1 Humongous Allocation) 321M->270M(434M) 45.417ms
[279.383s][info][gc,cpu      ] GC(597) User=0.09s Sys=0.00s Real=0.05s
[279.383s][info][gc          ] GC(598) Concurrent Mark Cycle
[279.383s][info][gc,marking  ] GC(598) Concurrent Scan Root Regions
[279.409s][info][gc,marking  ] GC(598) Concurrent Scan Root Regions 26.336ms
[279.409s][info][gc,marking  ] GC(598) Concurrent Mark
[279.409s][info][gc,marking  ] GC(598) Concurrent Mark From Roots
[279.409s][info][gc,task     ] GC(598) Using 1 workers of 1 for marking
[279.525s][info][gc,marking  ] GC(598) Concurrent Mark From Roots 115.533ms
[279.525s][info][gc,marking  ] GC(598) Concurrent Preclean
[279.525s][info][gc,marking  ] GC(598) Concurrent Preclean 0.040ms
[279.525s][info][gc,start    ] GC(598) Pause Remark
[279.540s][info][gc          ] GC(598) Pause Remark 307M->266M(434M) 14.595ms
[279.540s][info][gc,cpu      ] GC(598) User=0.03s Sys=0.00s Real=0.01s
[279.540s][info][gc,marking  ] GC(598) Concurrent Mark 130.459ms
[279.540s][info][gc,marking  ] GC(598) Concurrent Rebuild Remembered Sets and Scrub Regions
[279.628s][info][gc,marking  ] GC(598) Concurrent Rebuild Remembered Sets and Scrub Regions 88.072ms
[279.628s][info][gc,start    ] GC(598) Pause Cleanup
[279.628s][info][gc          ] GC(598) Pause Cleanup 288M->288M(434M) 0.063ms
[279.628s][info][gc,cpu      ] GC(598) User=0.00s Sys=0.00s Real=0.00s
[279.628s][info][gc,marking  ] GC(598) Concurrent Clear Claimed Marks
[279.628s][info][gc,marking  ] GC(598) Concurrent Clear Claimed Marks 0.035ms
[279.628s][info][gc,marking  ] GC(598) Concurrent Cleanup for Next Mark
[279.630s][info][gc,marking  ] GC(598) Concurrent Cleanup for Next Mark 1.651ms
[279.630s][info][gc          ] GC(598) Concurrent Mark Cycle 246.920ms
[279.667s][info][gc,start    ] GC(599) Pause Young (Prepare Mixed) (G1 Evacuation Pause)
[279.667s][info][gc,task     ] GC(599) Using 2 workers of 2 for evacuation
[279.706s][info][gc,phases   ] GC(599)   Pre Evacuate Collection Set: 0.21ms
[279.706s][info][gc,phases   ] GC(599)   Merge Heap Roots: 0.38ms
[279.706s][info][gc,phases   ] GC(599)   Evacuate Collection Set: 38.16ms
[279.706s][info][gc,phases   ] GC(599)   Post Evacuate Collection Set: 0.46ms
[279.706s][info][gc,phases   ] GC(599)   Other: 0.09ms
[279.706s][info][gc,heap     ] GC(599) Eden regions: 68->0(72)
[279.706s][info][gc,heap     ] GC(599) Survivor regions: 18->11(11)
[279.706s][info][gc,heap     ] GC(599) Old regions: 207->248
[279.706s][info][gc,heap     ] GC(599) Humongous regions: 5->5
[279.706s][info][gc,metaspace] GC(599) Metaspace: 42546K(42944K)->42546K(42944K) NonClass: 39728K(40000K)->39728K(40000K) Class: 2818K(2944K)->2818K(2944K)
[279.706s][info][gc          ] GC(599) Pause Young (Prepare Mixed) (G1 Evacuation Pause) 298M->264M(434M) 39.472ms
[279.706s][info][gc,cpu      ] GC(599) User=0.08s Sys=0.00s Real=0.04s
[279.936s][info][gc,start    ] GC(600) Pause Young (Mixed) (G1 Evacuation Pause)
[279.936s][info][gc,task     ] GC(600) Using 2 workers of 2 for evacuation
[280.002s][info][gc,phases   ] GC(600)   Pre Evacuate Collection Set: 0.24ms
[280.002s][info][gc,phases   ] GC(600)   Merge Heap Roots: 0.83ms
[280.002s][info][gc,phases   ] GC(600)   Evacuate Collection Set: 64.43ms
[280.002s][info][gc,phases   ] GC(600)   Post Evacuate Collection Set: 0.55ms
[280.002s][info][gc,phases   ] GC(600)   Other: 0.09ms
[280.002s][info][gc,heap     ] GC(600) Eden regions: 72->0(61)
[280.002s][info][gc,heap     ] GC(600) Survivor regions: 11->11(11)
[280.002s][info][gc,heap     ] GC(600) Old regions: 248->267
[280.002s][info][gc,heap     ] GC(600) Humongous regions: 5->5
[280.002s][info][gc,metaspace] GC(600) Metaspace: 42546K(42944K)->42546K(42944K) NonClass: 39728K(40000K)->39728K(40000K) Class: 2818K(2944K)->2818K(2944K)
[280.002s][info][gc          ] GC(600) Pause Young (Mixed) (G1 Evacuation Pause) 336M->282M(434M) 66.372ms
[280.002s][info][gc,cpu      ] GC(600) User=0.13s Sys=0.00s Real=0.07s
[280.004s][info][gc,start    ] GC(601) Pause Young (Concurrent Start) (G1 Humongous Allocation)
[280.004s][info][gc,task     ] GC(601) Using 2 workers of 2 for evacuation
[280.015s][info][gc,phases   ] GC(601)   Pre Evacuate Collection Set: 0.21ms
[280.015s][info][gc,phases   ] GC(601)   Merge Heap Roots: 0.13ms
[280.015s][info][gc,phases   ] GC(601)   Evacuate Collection Set: 10.16ms
[280.015s][info][gc,phases   ] GC(601)   Post Evacuate Collection Set: 0.26ms
[280.015s][info][gc,phases   ] GC(601)   Other: 0.07ms
[280.015s][info][gc,heap     ] GC(601) Eden regions: 1->0(64)
[280.015s][info][gc,heap     ] GC(601) Survivor regions: 11->1(9)
[280.015s][info][gc,heap     ] GC(601) Old regions: 267->278
[280.015s][info][gc,heap     ] GC(601) Humongous regions: 5->5
[280.015s][info][gc,metaspace] GC(601) Metaspace: 42546K(42944K)->42546K(42944K) NonClass: 39728K(40000K)->39728K(40000K) Class: 2818K(2944K)->2818K(2944K)
[280.015s][info][gc          ] GC(601) Pause Young (Concurrent Start) (G1 Humongous Allocation) 283M->284M(434M) 11.007ms
[280.015s][info][gc,cpu      ] GC(601) User=0.02s Sys=0.00s Real=0.01s
[280.015s][info][gc          ] GC(602) Concurrent Mark Cycle
[280.015s][info][gc,marking  ] GC(602) Concurrent Scan Root Regions
[280.019s][info][gc,marking  ] GC(602) Concurrent Scan Root Regions 3.799ms
[280.019s][info][gc,marking  ] GC(602) Concurrent Mark
[280.019s][info][gc,marking  ] GC(602) Concurrent Mark From Roots
[280.019s][info][gc,task     ] GC(602) Using 1 workers of 1 for marking
[280.196s][info][gc,marking  ] GC(602) Concurrent Mark From Roots 177.458ms
[280.196s][info][gc,marking  ] GC(602) Concurrent Preclean
[280.196s][info][gc,marking  ] GC(602) Concurrent Preclean 0.046ms
[280.197s][info][gc,start    ] GC(602) Pause Remark
[280.211s][info][gc          ] GC(602) Pause Remark 329M->308M(440M) 14.345ms
[280.211s][info][gc,cpu      ] GC(602) User=0.03s Sys=0.00s Real=0.01s
[280.211s][info][gc,marking  ] GC(602) Concurrent Mark 192.385ms
[280.211s][info][gc,marking  ] GC(602) Concurrent Rebuild Remembered Sets and Scrub Regions
[280.289s][info][gc,marking  ] GC(602) Concurrent Rebuild Remembered Sets and Scrub Regions 77.524ms
[280.289s][info][gc,start    ] GC(602) Pause Cleanup
[280.289s][info][gc          ] GC(602) Pause Cleanup 327M->327M(440M) 0.088ms
[280.289s][info][gc,cpu      ] GC(602) User=0.00s Sys=0.00s Real=0.00s
[280.289s][info][gc,marking  ] GC(602) Concurrent Clear Claimed Marks
[280.289s][info][gc,marking  ] GC(602) Concurrent Clear Claimed Marks 0.037ms
[280.289s][info][gc,marking  ] GC(602) Concurrent Cleanup for Next Mark
[280.290s][info][gc,marking  ] GC(602) Concurrent Cleanup for Next Mark 1.332ms
[280.291s][info][gc          ] GC(602) Concurrent Mark Cycle 275.500ms
[280.294s][info][gc,start    ] GC(603) Pause Young (Prepare Mixed) (G1 Evacuation Pause)
[280.294s][info][gc,task     ] GC(603) Using 2 workers of 2 for evacuation
[280.321s][info][gc,phases   ] GC(603)   Pre Evacuate Collection Set: 0.19ms
[280.321s][info][gc,phases   ] GC(603)   Merge Heap Roots: 0.25ms
[280.321s][info][gc,phases   ] GC(603)   Evacuate Collection Set: 26.83ms
[280.321s][info][gc,phases   ] GC(603)   Post Evacuate Collection Set: 0.35ms
[280.321s][info][gc,phases   ] GC(603)   Other: 0.08ms
[280.321s][info][gc,heap     ] GC(603) Eden regions: 64->0(59)
[280.321s][info][gc,heap     ] GC(603) Survivor regions: 1->9(9)
[280.321s][info][gc,heap     ] GC(603) Old regions: 258->286
[280.321s][info][gc,heap     ] GC(603) Humongous regions: 5->5
[280.321s][info][gc,metaspace] GC(603) Metaspace: 42546K(42944K)->42546K(42944K) NonClass: 39728K(40000K)->39728K(40000K) Class: 2818K(2944K)->2818K(2944K)
[280.321s][info][gc          ] GC(603) Pause Young (Prepare Mixed) (G1 Evacuation Pause) 328M->299M(440M) 27.852ms
[280.321s][info][gc,cpu      ] GC(603) User=0.05s Sys=0.00s Real=0.02s
[280.507s][info][gc,start    ] GC(604) Pause Young (Mixed) (G1 Evacuation Pause)
[280.508s][info][gc,task     ] GC(604) Using 2 workers of 2 for evacuation
[280.546s][info][gc,phases   ] GC(604)   Pre Evacuate Collection Set: 0.25ms
[280.546s][info][gc,phases   ] GC(604)   Merge Heap Roots: 0.18ms
[280.546s][info][gc,phases   ] GC(604)   Evacuate Collection Set: 35.72ms
[280.546s][info][gc,phases   ] GC(604)   Post Evacuate Collection Set: 1.80ms
[280.546s][info][gc,phases   ] GC(604)   Other: 0.09ms
[280.546s][info][gc,heap     ] GC(604) Eden regions: 59->0(153)
[280.546s][info][gc,heap     ] GC(604) Survivor regions: 9->9(9)
[280.546s][info][gc,heap     ] GC(604) Old regions: 286->287
[280.546s][info][gc,heap     ] GC(604) Humongous regions: 5->5
[280.546s][info][gc,metaspace] GC(604) Metaspace: 42546K(42944K)->42546K(42944K) NonClass: 39728K(40000K)->39728K(40000K) Class: 2818K(2944K)->2818K(2944K)
[280.546s][info][gc          ] GC(604) Pause Young (Mixed) (G1 Evacuation Pause) 358M->301M(656M) 38.254ms
[280.546s][info][gc,cpu      ] GC(604) User=0.08s Sys=0.00s Real=0.04s
[281.193s][info][gc,start    ] GC(605) Pause Young (Mixed) (G1 Evacuation Pause)
[281.193s][info][gc,task     ] GC(605) Using 2 workers of 2 for evacuation
[281.268s][info][gc,phases   ] GC(605)   Pre Evacuate Collection Set: 0.41ms
[281.268s][info][gc,phases   ] GC(605)   Merge Heap Roots: 0.65ms
[281.268s][info][gc,phases   ] GC(605)   Evacuate Collection Set: 73.11ms
[281.268s][info][gc,phases   ] GC(605)   Post Evacuate Collection Set: 0.62ms
[281.268s][info][gc,phases   ] GC(605)   Other: 0.10ms
[281.268s][info][gc,heap     ] GC(605) Eden regions: 153->0(138)
[281.268s][info][gc,heap     ] GC(605) Survivor regions: 9->21(21)
[281.268s][info][gc,heap     ] GC(605) Old regions: 287->312
[281.268s][info][gc,heap     ] GC(605) Humongous regions: 7->7
[281.268s][info][gc,metaspace] GC(605) Metaspace: 42546K(42944K)->42546K(42944K) NonClass: 39728K(40000K)->39728K(40000K) Class: 2818K(2944K)->2818K(2944K)
[281.268s][info][gc          ] GC(605) Pause Young (Mixed) (G1 Evacuation Pause) 456M->339M(656M) 75.181ms
[281.268s][info][gc,cpu      ] GC(605) User=0.12s Sys=0.02s Real=0.07s
[281.712s][info][gc,start    ] GC(606) Pause Young (Concurrent Start) (G1 Evacuation Pause)
[281.712s][info][gc,task     ] GC(606) Using 2 workers of 2 for evacuation
[281.751s][info][gc,phases   ] GC(606)   Pre Evacuate Collection Set: 0.27ms
[281.751s][info][gc,phases   ] GC(606)   Merge Heap Roots: 0.47ms
[281.751s][info][gc,phases   ] GC(606)   Evacuate Collection Set: 37.16ms
[281.751s][info][gc,phases   ] GC(606)   Post Evacuate Collection Set: 0.43ms
[281.751s][info][gc,phases   ] GC(606)   Other: 0.09ms
[281.751s][info][gc,heap     ] GC(606) Eden regions: 138->0(143)
[281.751s][info][gc,heap     ] GC(606) Survivor regions: 21->17(20)
[281.751s][info][gc,heap     ] GC(606) Old regions: 312->331
[281.751s][info][gc,heap     ] GC(606) Humongous regions: 7->7
[281.751s][info][gc,metaspace] GC(606) Metaspace: 42546K(42944K)->42546K(42944K) NonClass: 39728K(40000K)->39728K(40000K) Class: 2818K(2944K)->2818K(2944K)
[281.751s][info][gc          ] GC(606) Pause Young (Concurrent Start) (G1 Evacuation Pause) 477M->354M(656M) 38.623ms
[281.751s][info][gc,cpu      ] GC(606) User=0.08s Sys=0.00s Real=0.03s
[281.751s][info][gc          ] GC(607) Concurrent Mark Cycle
[281.751s][info][gc,marking  ] GC(607) Concurrent Scan Root Regions
[281.765s][info][gc,marking  ] GC(607) Concurrent Scan Root Regions 13.842ms
[281.765s][info][gc,marking  ] GC(607) Concurrent Mark
[281.765s][info][gc,marking  ] GC(607) Concurrent Mark From Roots
[281.765s][info][gc,task     ] GC(607) Using 1 workers of 1 for marking
[281.889s][info][gc,marking  ] GC(607) Concurrent Mark From Roots 123.956ms
[281.889s][info][gc,marking  ] GC(607) Concurrent Preclean
[281.889s][info][gc,marking  ] GC(607) Concurrent Preclean 0.038ms
[281.889s][info][gc,start    ] GC(607) Pause Remark
[281.903s][info][gc          ] GC(607) Pause Remark 394M->318M(656M) 13.993ms
[281.903s][info][gc,cpu      ] GC(607) User=0.02s Sys=0.00s Real=0.02s
[281.903s][info][gc,marking  ] GC(607) Concurrent Mark 138.256ms
[281.903s][info][gc,marking  ] GC(607) Concurrent Rebuild Remembered Sets and Scrub Regions
[281.967s][info][gc,marking  ] GC(607) Concurrent Rebuild Remembered Sets and Scrub Regions 64.080ms
[281.967s][info][gc,start    ] GC(607) Pause Cleanup
[281.967s][info][gc          ] GC(607) Pause Cleanup 337M->337M(656M) 0.106ms
[281.967s][info][gc,cpu      ] GC(607) User=0.00s Sys=0.00s Real=0.00s
[281.967s][info][gc,marking  ] GC(607) Concurrent Clear Claimed Marks
[281.967s][info][gc,marking  ] GC(607) Concurrent Clear Claimed Marks 0.066ms
[281.967s][info][gc,marking  ] GC(607) Concurrent Cleanup for Next Mark
[281.971s][info][gc,marking  ] GC(607) Concurrent Cleanup for Next Mark 4.000ms
[281.971s][info][gc          ] GC(607) Concurrent Mark Cycle 220.654ms
[282.251s][info][gc,start    ] GC(608) Pause Young (Prepare Mixed) (G1 Evacuation Pause)
[282.251s][info][gc,task     ] GC(608) Using 2 workers of 2 for evacuation
[282.278s][info][gc,phases   ] GC(608)   Pre Evacuate Collection Set: 0.26ms
[282.278s][info][gc,phases   ] GC(608)   Merge Heap Roots: 0.13ms
[282.278s][info][gc,phases   ] GC(608)   Evacuate Collection Set: 25.41ms
[282.278s][info][gc,phases   ] GC(608)   Post Evacuate Collection Set: 0.47ms
[282.278s][info][gc,phases   ] GC(608)   Other: 0.08ms
[282.278s][info][gc,heap     ] GC(608) Eden regions: 143->0(180)
[282.278s][info][gc,heap     ] GC(608) Survivor regions: 17->20(20)
[282.278s][info][gc,heap     ] GC(608) Old regions: 257->274
[282.278s][info][gc,heap     ] GC(608) Humongous regions: 6->6
[282.278s][info][gc,metaspace] GC(608) Metaspace: 42547K(42944K)->42547K(42944K) NonClass: 39729K(40000K)->39729K(40000K) Class: 2818K(2944K)->2818K(2944K)
[282.278s][info][gc          ] GC(608) Pause Young (Prepare Mixed) (G1 Evacuation Pause) 422M->299M(656M) 26.514ms
[282.278s][info][gc,cpu      ] GC(608) User=0.05s Sys=0.01s Real=0.03s
[282.901s][info][gc,start    ] GC(609) Pause Young (Mixed) (G1 Evacuation Pause)
[282.901s][info][gc,task     ] GC(609) Using 2 workers of 2 for evacuation
[282.931s][info][gc,phases   ] GC(609)   Pre Evacuate Collection Set: 0.30ms
[282.931s][info][gc,phases   ] GC(609)   Merge Heap Roots: 0.23ms
[282.931s][info][gc,phases   ] GC(609)   Evacuate Collection Set: 28.61ms
[282.931s][info][gc,phases   ] GC(609)   Post Evacuate Collection Set: 0.53ms
[282.931s][info][gc,phases   ] GC(609)   Other: 0.08ms
[282.931s][info][gc,heap     ] GC(609) Eden regions: 180->0(230)
[282.931s][info][gc,heap     ] GC(609) Survivor regions: 20->22(25)
[282.931s][info][gc,heap     ] GC(609) Old regions: 274->210
[282.931s][info][gc,heap     ] GC(609) Humongous regions: 7->5
[282.931s][info][gc,metaspace] GC(609) Metaspace: 42547K(42944K)->42547K(42944K) NonClass: 39729K(40000K)->39729K(40000K) Class: 2818K(2944K)->2818K(2944K)
[282.931s][info][gc          ] GC(609) Pause Young (Mixed) (G1 Evacuation Pause) 480M->236M(656M) 29.975ms
[282.931s][info][gc,cpu      ] GC(609) User=0.05s Sys=0.00s Real=0.03s
[283.637s][info][gc,start    ] GC(610) Pause Young (Mixed) (G1 Evacuation Pause)
[283.637s][info][gc,task     ] GC(610) Using 2 workers of 2 for evacuation
[283.677s][info][gc,phases   ] GC(610)   Pre Evacuate Collection Set: 0.34ms
[283.677s][info][gc,phases   ] GC(610)   Merge Heap Roots: 0.53ms
[283.677s][info][gc,phases   ] GC(610)   Evacuate Collection Set: 38.61ms
[283.677s][info][gc,phases   ] GC(610)   Post Evacuate Collection Set: 0.58ms
[283.677s][info][gc,phases   ] GC(610)   Other: 0.08ms
[283.677s][info][gc,heap     ] GC(610) Eden regions: 230->0(254)
[283.677s][info][gc,heap     ] GC(610) Survivor regions: 22->32(32)
[283.677s][info][gc,heap     ] GC(610) Old regions: 210->176
[283.677s][info][gc,heap     ] GC(610) Humongous regions: 7->5
[283.677s][info][gc,metaspace] GC(610) Metaspace: 42548K(42944K)->42548K(42944K) NonClass: 39729K(40000K)->39729K(40000K) Class: 2818K(2944K)->2818K(2944K)
[283.677s][info][gc          ] GC(610) Pause Young (Mixed) (G1 Evacuation Pause) 468M->212M(656M) 40.342ms
[283.677s][info][gc,cpu      ] GC(610) User=0.08s Sys=0.00s Real=0.04s
[283.714s][info][gc,start    ] GC(611) Pause Young (Concurrent Start) (G1 Humongous Allocation)
[283.714s][info][gc,task     ] GC(611) Using 2 workers of 2 for evacuation
[283.736s][info][gc,phases   ] GC(611)   Pre Evacuate Collection Set: 0.24ms
[283.736s][info][gc,phases   ] GC(611)   Merge Heap Roots: 0.06ms
[283.736s][info][gc,phases   ] GC(611)   Evacuate Collection Set: 21.17ms
[283.736s][info][gc,phases   ] GC(611)   Post Evacuate Collection Set: 0.31ms
[283.736s][info][gc,phases   ] GC(611)   Other: 0.14ms
[283.736s][info][gc,heap     ] GC(611) Eden regions: 11->0(254)
[283.736s][info][gc,heap     ] GC(611) Survivor regions: 32->7(36)
[283.736s][info][gc,heap     ] GC(611) Old regions: 176->207
[283.736s][info][gc,heap     ] GC(611) Humongous regions: 5->5
[283.736s][info][gc,metaspace] GC(611) Metaspace: 42548K(42944K)->42548K(42944K) NonClass: 39729K(40000K)->39729K(40000K) Class: 2818K(2944K)->2818K(2944K)
[283.736s][info][gc          ] GC(611) Pause Young (Concurrent Start) (G1 Humongous Allocation) 223M->218M(656M) 22.115ms
[283.736s][info][gc,cpu      ] GC(611) User=0.05s Sys=0.00s Real=0.02s
[283.736s][info][gc          ] GC(612) Concurrent Mark Cycle
[283.737s][info][gc,marking  ] GC(612) Concurrent Scan Root Regions
[283.750s][info][gc,marking  ] GC(612) Concurrent Scan Root Regions 13.343ms
[283.750s][info][gc,marking  ] GC(612) Concurrent Mark
[283.750s][info][gc,marking  ] GC(612) Concurrent Mark From Roots
[283.750s][info][gc,task     ] GC(612) Using 1 workers of 1 for marking
[283.829s][info][gc,marking  ] GC(612) Concurrent Mark From Roots 79.287ms
[283.829s][info][gc,marking  ] GC(612) Concurrent Preclean
[283.829s][info][gc,marking  ] GC(612) Concurrent Preclean 0.039ms
[283.829s][info][gc,start    ] GC(612) Pause Remark
[283.844s][info][gc          ] GC(612) Pause Remark 244M->152M(427M) 14.258ms
[283.844s][info][gc,cpu      ] GC(612) User=0.03s Sys=0.00s Real=0.02s
[283.844s][info][gc,marking  ] GC(612) Concurrent Mark 93.800ms
[283.844s][info][gc,marking  ] GC(612) Concurrent Rebuild Remembered Sets and Scrub Regions
[283.892s][info][gc,marking  ] GC(612) Concurrent Rebuild Remembered Sets and Scrub Regions 47.916ms
[283.892s][info][gc,start    ] GC(612) Pause Cleanup
[283.892s][info][gc          ] GC(612) Pause Cleanup 164M->164M(427M) 0.066ms
[283.892s][info][gc,cpu      ] GC(612) User=0.00s Sys=0.00s Real=0.01s
[283.892s][info][gc,marking  ] GC(612) Concurrent Clear Claimed Marks
[283.892s][info][gc,marking  ] GC(612) Concurrent Clear Claimed Marks 0.036ms
[283.892s][info][gc,marking  ] GC(612) Concurrent Cleanup for Next Mark
[283.893s][info][gc,marking  ] GC(612) Concurrent Cleanup for Next Mark 1.224ms
[283.893s][info][gc          ] GC(612) Concurrent Mark Cycle 156.700ms
[284.560s][info][gc,start    ] GC(613) Pause Young (Prepare Mixed) (G1 Evacuation Pause)
[284.560s][info][gc,task     ] GC(613) Using 2 workers of 2 for evacuation
[284.589s][info][gc,phases   ] GC(613)   Pre Evacuate Collection Set: 0.22ms
[284.589s][info][gc,phases   ] GC(613)   Merge Heap Roots: 0.24ms
[284.589s][info][gc,phases   ] GC(613)   Evacuate Collection Set: 28.34ms
[284.589s][info][gc,phases   ] GC(613)   Post Evacuate Collection Set: 0.51ms
[284.589s][info][gc,phases   ] GC(613)   Other: 0.07ms
[284.589s][info][gc,heap     ] GC(613) Eden regions: 249->0(160)
[284.589s][info][gc,heap     ] GC(613) Survivor regions: 7->32(32)
[284.589s][info][gc,heap     ] GC(613) Old regions: 117->122
[284.589s][info][gc,heap     ] GC(613) Humongous regions: 6->4
[284.589s][info][gc,metaspace] GC(613) Metaspace: 42548K(42944K)->42548K(42944K) NonClass: 39729K(40000K)->39729K(40000K) Class: 2818K(2944K)->2818K(2944K)
[284.589s][info][gc          ] GC(613) Pause Young (Prepare Mixed) (G1 Evacuation Pause) 378M->158M(427M) 29.600ms
[284.589s][info][gc,cpu      ] GC(613) User=0.06s Sys=0.00s Real=0.03s
[285.060s][info][gc,start    ] GC(614) Pause Young (Mixed) (G1 Evacuation Pause)
[285.060s][info][gc,task     ] GC(614) Using 2 workers of 2 for evacuation
[285.094s][info][gc,phases   ] GC(614)   Pre Evacuate Collection Set: 0.23ms
[285.095s][info][gc,phases   ] GC(614)   Merge Heap Roots: 0.15ms
[285.095s][info][gc,phases   ] GC(614)   Evacuate Collection Set: 33.94ms
[285.095s][info][gc,phases   ] GC(614)   Post Evacuate Collection Set: 0.46ms
[285.095s][info][gc,phases   ] GC(614)   Other: 0.09ms
[285.095s][info][gc,heap     ] GC(614) Eden regions: 160->0(149)
[285.095s][info][gc,heap     ] GC(614) Survivor regions: 32->24(24)
[285.095s][info][gc,heap     ] GC(614) Old regions: 122->145
[285.095s][info][gc,heap     ] GC(614) Humongous regions: 7->5
[285.095s][info][gc,metaspace] GC(614) Metaspace: 42549K(42944K)->42549K(42944K) NonClass: 39731K(40000K)->39731K(40000K) Class: 2818K(2944K)->2818K(2944K)
[285.095s][info][gc          ] GC(614) Pause Young (Mixed) (G1 Evacuation Pause) 321M->173M(427M) 35.095ms
[285.095s][info][gc,cpu      ] GC(614) User=0.07s Sys=0.00s Real=0.04s
[285.501s][info][gc,start    ] GC(615) Pause Young (Concurrent Start) (G1 Evacuation Pause)
[285.501s][info][gc,task     ] GC(615) Using 2 workers of 2 for evacuation
[285.517s][info][gc,phases   ] GC(615)   Pre Evacuate Collection Set: 0.22ms
[285.517s][info][gc,phases   ] GC(615)   Merge Heap Roots: 0.12ms
[285.517s][info][gc,phases   ] GC(615)   Evacuate Collection Set: 14.36ms
[285.517s][info][gc,phases   ] GC(615)   Post Evacuate Collection Set: 0.81ms
[285.517s][info][gc,phases   ] GC(615)   Other: 0.09ms
[285.517s][info][gc,heap     ] GC(615) Eden regions: 149->0(202)
[285.517s][info][gc,heap     ] GC(615) Survivor regions: 24->2(22)
[285.517s][info][gc,heap     ] GC(615) Old regions: 145->169
[285.517s][info][gc,heap     ] GC(615) Humongous regions: 5->5
[285.517s][info][gc,metaspace] GC(615) Metaspace: 42549K(42944K)->42549K(42944K) NonClass: 39731K(40000K)->39731K(40000K) Class: 2818K(2944K)->2818K(2944K)
[285.517s][info][gc          ] GC(615) Pause Young (Concurrent Start) (G1 Evacuation Pause) 322M->175M(484M) 15.820ms
[285.517s][info][gc          ] GC(616) Concurrent Mark Cycle
[285.517s][info][gc,marking  ] GC(616) Concurrent Scan Root Regions
[285.519s][info][gc,cpu      ] GC(615) User=0.03s Sys=0.00s Real=0.02s
[285.526s][info][gc,marking  ] GC(616) Concurrent Scan Root Regions 8.874ms
[285.526s][info][gc,marking  ] GC(616) Concurrent Mark
[285.526s][info][gc,marking  ] GC(616) Concurrent Mark From Roots
[285.526s][info][gc,task     ] GC(616) Using 1 workers of 1 for marking
[285.615s][info][gc,marking  ] GC(616) Concurrent Mark From Roots 88.700ms
[285.615s][info][gc,marking  ] GC(616) Concurrent Preclean
[285.615s][info][gc,marking  ] GC(616) Concurrent Preclean 0.038ms
[285.615s][info][gc,start    ] GC(616) Pause Remark
[285.629s][info][gc          ] GC(616) Pause Remark 206M->184M(484M) 14.413ms
[285.629s][info][gc,cpu      ] GC(616) User=0.03s Sys=0.00s Real=0.01s
[285.629s][info][gc,marking  ] GC(616) Concurrent Mark 103.437ms
[285.629s][info][gc,marking  ] GC(616) Concurrent Rebuild Remembered Sets and Scrub Regions
[285.674s][info][gc,marking  ] GC(616) Concurrent Rebuild Remembered Sets and Scrub Regions 44.435ms
[285.674s][info][gc,start    ] GC(616) Pause Cleanup
[285.674s][info][gc          ] GC(616) Pause Cleanup 196M->196M(484M) 0.065ms
[285.674s][info][gc,cpu      ] GC(616) User=0.00s Sys=0.00s Real=0.00s
[285.674s][info][gc,marking  ] GC(616) Concurrent Clear Claimed Marks
[285.674s][info][gc,marking  ] GC(616) Concurrent Clear Claimed Marks 0.034ms
[285.674s][info][gc,marking  ] GC(616) Concurrent Cleanup for Next Mark
[285.676s][info][gc,marking  ] GC(616) Concurrent Cleanup for Next Mark 1.948ms
[285.676s][info][gc          ] GC(616) Concurrent Mark Cycle 159.069ms
[286.167s][info][gc,start    ] GC(617) Pause Young (Prepare Mixed) (G1 Evacuation Pause)
[286.167s][info][gc,task     ] GC(617) Using 2 workers of 2 for evacuation
[286.170s][info][gc,phases   ] GC(617)   Pre Evacuate Collection Set: 0.39ms
[286.170s][info][gc,phases   ] GC(617)   Merge Heap Roots: 0.09ms
[286.170s][info][gc,phases   ] GC(617)   Evacuate Collection Set: 2.52ms
[286.170s][info][gc,phases   ] GC(617)   Post Evacuate Collection Set: 0.43ms
[286.170s][info][gc,phases   ] GC(617)   Other: 0.08ms
[286.170s][info][gc,heap     ] GC(617) Eden regions: 202->0(234)
[286.170s][info][gc,heap     ] GC(617) Survivor regions: 2->2(26)
[286.170s][info][gc,heap     ] GC(617) Old regions: 148->148
[286.170s][info][gc,heap     ] GC(617) Humongous regions: 5->4
[286.171s][info][gc,metaspace] GC(617) Metaspace: 42550K(42944K)->42550K(42944K) NonClass: 39732K(40000K)->39732K(40000K) Class: 2818K(2944K)->2818K(2944K)
[286.171s][info][gc          ] GC(617) Pause Young (Prepare Mixed) (G1 Evacuation Pause) 356M->153M(484M) 3.702ms
[286.171s][info][gc,cpu      ] GC(617) User=0.01s Sys=0.00s Real=0.00s
[286.689s][info][gc,start    ] GC(618) Pause Young (Mixed) (G1 Evacuation Pause)
[286.689s][info][gc,task     ] GC(618) Using 2 workers of 2 for evacuation
[286.697s][info][gc,phases   ] GC(618)   Pre Evacuate Collection Set: 0.25ms
[286.697s][info][gc,phases   ] GC(618)   Merge Heap Roots: 0.19ms
[286.697s][info][gc,phases   ] GC(618)   Evacuate Collection Set: 6.66ms
[286.697s][info][gc,phases   ] GC(618)   Post Evacuate Collection Set: 0.49ms
[286.697s][info][gc,phases   ] GC(618)   Other: 0.10ms
[286.697s][info][gc,heap     ] GC(618) Eden regions: 234->0(265)
[286.697s][info][gc,heap     ] GC(618) Survivor regions: 2->6(30)
[286.697s][info][gc,heap     ] GC(618) Old regions: 148->112
[286.697s][info][gc,heap     ] GC(618) Humongous regions: 4->2
[286.697s][info][gc,metaspace] GC(618) Metaspace: 42550K(42944K)->42550K(42944K) NonClass: 39732K(40000K)->39732K(40000K) Class: 2818K(2944K)->2818K(2944K)
[286.697s][info][gc          ] GC(618) Pause Young (Mixed) (G1 Evacuation Pause) 387M->119M(484M) 7.888ms
[286.697s][info][gc,cpu      ] GC(618) User=0.01s Sys=0.00s Real=0.01s
[287.098s][info][gc,start    ] GC(619) Pause Young (Concurrent Start) (G1 Evacuation Pause)
[287.099s][info][gc,task     ] GC(619) Using 2 workers of 2 for evacuation
[287.103s][info][gc,phases   ] GC(619)   Pre Evacuate Collection Set: 0.26ms
[287.103s][info][gc,phases   ] GC(619)   Merge Heap Roots: 0.08ms
[287.103s][info][gc,phases   ] GC(619)   Evacuate Collection Set: 3.40ms
[287.103s][info][gc,phases   ] GC(619)   Post Evacuate Collection Set: 0.51ms
[287.103s][info][gc,phases   ] GC(619)   Other: 0.09ms
[287.103s][info][gc,heap     ] GC(619) Eden regions: 265->0(278)
[287.103s][info][gc,heap     ] GC(619) Survivor regions: 6->6(34)
[287.103s][info][gc,heap     ] GC(619) Old regions: 112->112
[287.103s][info][gc,heap     ] GC(619) Humongous regions: 2->2
[287.103s][info][gc,metaspace] GC(619) Metaspace: 42550K(42944K)->42550K(42944K) NonClass: 39732K(40000K)->39732K(40000K) Class: 2818K(2944K)->2818K(2944K)
[287.103s][info][gc          ] GC(619) Pause Young (Concurrent Start) (G1 Evacuation Pause) 384M->118M(484M) 4.514ms
[287.103s][info][gc,cpu      ] GC(619) User=0.01s Sys=0.00s Real=0.01s
[287.103s][info][gc          ] GC(620) Concurrent Mark Cycle
[287.103s][info][gc,marking  ] GC(620) Concurrent Scan Root Regions
[287.106s][info][gc,marking  ] GC(620) Concurrent Scan Root Regions 3.220ms
[287.106s][info][gc,marking  ] GC(620) Concurrent Mark
[287.106s][info][gc,marking  ] GC(620) Concurrent Mark From Roots
[287.106s][info][gc,task     ] GC(620) Using 1 workers of 1 for marking
[287.178s][info][gc,marking  ] GC(620) Concurrent Mark From Roots 71.533ms
[287.178s][info][gc,marking  ] GC(620) Concurrent Preclean
[287.178s][info][gc,marking  ] GC(620) Concurrent Preclean 0.036ms
[287.178s][info][gc,start    ] GC(620) Pause Remark
[287.192s][info][gc          ] GC(620) Pause Remark 165M->133M(290M) 14.443ms
[287.193s][info][gc,cpu      ] GC(620) User=0.03s Sys=0.00s Real=0.02s
[287.193s][info][gc,marking  ] GC(620) Concurrent Mark 86.272ms
[287.193s][info][gc,marking  ] GC(620) Concurrent Rebuild Remembered Sets and Scrub Regions
[287.220s][info][gc,marking  ] GC(620) Concurrent Rebuild Remembered Sets and Scrub Regions 27.924ms
[287.221s][info][gc,start    ] GC(620) Pause Cleanup
[287.221s][info][gc          ] GC(620) Pause Cleanup 147M->147M(290M) 0.050ms
[287.221s][info][gc,cpu      ] GC(620) User=0.00s Sys=0.00s Real=0.00s
[287.221s][info][gc,marking  ] GC(620) Concurrent Clear Claimed Marks
[287.221s][info][gc,marking  ] GC(620) Concurrent Clear Claimed Marks 0.035ms
[287.221s][info][gc,marking  ] GC(620) Concurrent Cleanup for Next Mark
[287.222s][info][gc,marking  ] GC(620) Concurrent Cleanup for Next Mark 0.843ms
[287.222s][info][gc          ] GC(620) Concurrent Mark Cycle 118.654ms
[287.662s][info][gc,start    ] GC(621) Pause Young (Prepare Mixed) (G1 Evacuation Pause)
[287.662s][info][gc,task     ] GC(621) Using 2 workers of 2 for evacuation
[287.672s][info][gc,phases   ] GC(621)   Pre Evacuate Collection Set: 0.20ms
[287.672s][info][gc,phases   ] GC(621)   Merge Heap Roots: 0.07ms
[287.672s][info][gc,phases   ] GC(621)   Evacuate Collection Set: 9.40ms
[287.672s][info][gc,phases   ] GC(621)   Post Evacuate Collection Set: 0.73ms
[287.672s][info][gc,phases   ] GC(621)   Other: 0.07ms
[287.672s][info][gc,heap     ] GC(621) Eden regions: 129->0(240)
[287.672s][info][gc,heap     ] GC(621) Survivor regions: 6->8(29)
[287.672s][info][gc,heap     ] GC(621) Old regions: 80->80
[287.672s][info][gc,heap     ] GC(621) Humongous regions: 191->1
[287.672s][info][gc,metaspace] GC(621) Metaspace: 42552K(42944K)->42552K(42944K) NonClass: 39734K(40000K)->39734K(40000K) Class: 2818K(2944K)->2818K(2944K)
[287.672s][info][gc          ] GC(621) Pause Young (Prepare Mixed) (G1 Evacuation Pause) 405M->88M(414M) 10.699ms
[287.672s][info][gc,cpu      ] GC(621) User=0.01s Sys=0.00s Real=0.02s
[288.278s][info][gc,start    ] GC(622) Pause Young (Mixed) (G1 Evacuation Pause)
[288.278s][info][gc,task     ] GC(622) Using 2 workers of 2 for evacuation
[288.298s][info][gc,phases   ] GC(622)   Pre Evacuate Collection Set: 0.27ms
[288.298s][info][gc,phases   ] GC(622)   Merge Heap Roots: 0.11ms
[288.298s][info][gc,phases   ] GC(622)   Evacuate Collection Set: 18.23ms
[288.298s][info][gc,phases   ] GC(622)   Post Evacuate Collection Set: 1.13ms
[288.298s][info][gc,phases   ] GC(622)   Other: 0.11ms
[288.298s][info][gc,heap     ] GC(622) Eden regions: 65->0(321)
[288.298s][info][gc,heap     ] GC(622) Survivor regions: 8->14(34)
[288.298s][info][gc,heap     ] GC(622) Old regions: 80->68
[288.298s][info][gc,heap     ] GC(622) Humongous regions: 391->3
[288.298s][info][gc,metaspace] GC(622) Metaspace: 42552K(42944K)->42552K(42944K) NonClass: 39734K(40000K)->39734K(40000K) Class: 2818K(2944K)->2818K(2944K)
[288.298s][info][gc          ] GC(622) Pause Young (Mixed) (G1 Evacuation Pause) 543M->84M(559M) 20.032ms
[288.298s][info][gc,cpu      ] GC(622) User=0.03s Sys=0.01s Real=0.02s
[288.300s][info][gc,start    ] GC(623) Pause Young (Concurrent Start) (G1 Humongous Allocation)
[288.300s][info][gc,task     ] GC(623) Using 2 workers of 2 for evacuation
[288.311s][info][gc,phases   ] GC(623)   Pre Evacuate Collection Set: 0.22ms
[288.311s][info][gc,phases   ] GC(623)   Merge Heap Roots: 0.05ms
[288.311s][info][gc,phases   ] GC(623)   Evacuate Collection Set: 9.96ms
[288.311s][info][gc,phases   ] GC(623)   Post Evacuate Collection Set: 0.50ms
[288.311s][info][gc,phases   ] GC(623)   Other: 0.09ms
[288.311s][info][gc,heap     ] GC(623) Eden regions: 1->0(321)
[288.311s][info][gc,heap     ] GC(623) Survivor regions: 14->14(42)
[288.311s][info][gc,heap     ] GC(623) Old regions: 68->68
[288.311s][info][gc,heap     ] GC(623) Humongous regions: 3->1
[288.311s][info][gc,metaspace] GC(623) Metaspace: 42552K(42944K)->42552K(42944K) NonClass: 39734K(40000K)->39734K(40000K) Class: 2818K(2944K)->2818K(2944K)
[288.311s][info][gc          ] GC(623) Pause Young (Concurrent Start) (G1 Humongous Allocation) 84M->82M(559M) 10.955ms
[288.311s][info][gc,cpu      ] GC(623) User=0.02s Sys=0.01s Real=0.01s
[288.311s][info][gc          ] GC(624) Concurrent Mark Cycle
[288.311s][info][gc,marking  ] GC(624) Concurrent Scan Root Regions
[288.318s][info][gc,marking  ] GC(624) Concurrent Scan Root Regions 7.052ms
[288.318s][info][gc,marking  ] GC(624) Concurrent Mark
[288.318s][info][gc,marking  ] GC(624) Concurrent Mark From Roots
[288.318s][info][gc,task     ] GC(624) Using 1 workers of 1 for marking
[288.396s][info][gc,marking  ] GC(624) Concurrent Mark From Roots 77.647ms
[288.396s][info][gc,marking  ] GC(624) Concurrent Preclean
[288.396s][info][gc,marking  ] GC(624) Concurrent Preclean 0.038ms
[288.396s][info][gc,start    ] GC(624) Pause Remark
[288.411s][info][gc          ] GC(624) Pause Remark 153M->152M(480M) 14.958ms
[288.411s][info][gc,cpu      ] GC(624) User=0.03s Sys=0.00s Real=0.01s
[288.411s][info][gc,marking  ] GC(624) Concurrent Mark 92.927ms
[288.411s][info][gc,marking  ] GC(624) Concurrent Rebuild Remembered Sets and Scrub Regions
[288.439s][info][gc,marking  ] GC(624) Concurrent Rebuild Remembered Sets and Scrub Regions 27.466ms
[288.439s][info][gc,start    ] GC(624) Pause Cleanup
[288.439s][info][gc          ] GC(624) Pause Cleanup 177M->177M(480M) 0.056ms
[288.439s][info][gc,cpu      ] GC(624) User=0.00s Sys=0.00s Real=0.00s
[288.439s][info][gc,marking  ] GC(624) Concurrent Clear Claimed Marks
[288.439s][info][gc,marking  ] GC(624) Concurrent Clear Claimed Marks 0.038ms
[288.439s][info][gc,marking  ] GC(624) Concurrent Cleanup for Next Mark
[288.442s][info][gc,marking  ] GC(624) Concurrent Cleanup for Next Mark 3.181ms
[288.442s][info][gc          ] GC(624) Concurrent Mark Cycle 130.983ms
[289.028s][info][gc,start    ] GC(625) Pause Young (Prepare Mixed) (G1 Evacuation Pause)
[289.028s][info][gc,task     ] GC(625) Using 2 workers of 2 for evacuation
[289.070s][info][gc,phases   ] GC(625)   Pre Evacuate Collection Set: 0.27ms
[289.070s][info][gc,phases   ] GC(625)   Merge Heap Roots: 0.10ms
[289.070s][info][gc,phases   ] GC(625)   Evacuate Collection Set: 40.26ms
[289.070s][info][gc,phases   ] GC(625)   Post Evacuate Collection Set: 0.95ms
[289.070s][info][gc,phases   ] GC(625)   Other: 0.07ms
[289.070s][info][gc,heap     ] GC(625) Eden regions: 80->0(336)
[289.070s][info][gc,heap     ] GC(625) Survivor regions: 14->26(41)
[289.070s][info][gc,heap     ] GC(625) Old regions: 67->67
[289.070s][info][gc,heap     ] GC(625) Humongous regions: 417->1
[289.070s][info][gc,metaspace] GC(625) Metaspace: 42552K(42944K)->42552K(42944K) NonClass: 39734K(40000K)->39734K(40000K) Class: 2818K(2944K)->2818K(2944K)
[289.070s][info][gc          ] GC(625) Pause Young (Prepare Mixed) (G1 Evacuation Pause) 577M->93M(604M) 41.859ms
[289.070s][info][gc,cpu      ] GC(625) User=0.05s Sys=0.02s Real=0.04s
[289.854s][info][gc,start    ] GC(626) Pause Young (Mixed) (G1 Evacuation Pause)
[289.854s][info][gc,task     ] GC(626) Using 2 workers of 2 for evacuation
[289.866s][info][gc,phases   ] GC(626)   Pre Evacuate Collection Set: 0.29ms
[289.866s][info][gc,phases   ] GC(626)   Merge Heap Roots: 0.08ms
[289.866s][info][gc,phases   ] GC(626)   Evacuate Collection Set: 11.23ms
[289.866s][info][gc,phases   ] GC(626)   Post Evacuate Collection Set: 0.83ms
[289.866s][info][gc,phases   ] GC(626)   Other: 0.08ms
[289.866s][info][gc,heap     ] GC(626) Eden regions: 144->0(368)
[289.866s][info][gc,heap     ] GC(626) Survivor regions: 26->6(46)
[289.866s][info][gc,heap     ] GC(626) Old regions: 67->65
[289.866s][info][gc,heap     ] GC(626) Humongous regions: 377->1
[289.866s][info][gc,metaspace] GC(626) Metaspace: 42554K(42944K)->42554K(42944K) NonClass: 39736K(40000K)->39736K(40000K) Class: 2818K(2944K)->2818K(2944K)
[289.866s][info][gc          ] GC(626) Pause Young (Mixed) (G1 Evacuation Pause) 613M->71M(624M) 12.747ms
[289.867s][info][gc,cpu      ] GC(626) User=0.02s Sys=0.01s Real=0.01s
[289.962s][info][gc,start    ] GC(627) Pause Young (Concurrent Start) (G1 Humongous Allocation)
[289.962s][info][gc,task     ] GC(627) Using 2 workers of 2 for evacuation
[289.967s][info][gc,phases   ] GC(627)   Pre Evacuate Collection Set: 0.26ms
[289.967s][info][gc,phases   ] GC(627)   Merge Heap Roots: 0.05ms
[289.967s][info][gc,phases   ] GC(627)   Evacuate Collection Set: 4.42ms
[289.967s][info][gc,phases   ] GC(627)   Post Evacuate Collection Set: 0.36ms
[289.967s][info][gc,phases   ] GC(627)   Other: 0.11ms
[289.967s][info][gc,heap     ] GC(627) Eden regions: 43->0(367)
[289.967s][info][gc,heap     ] GC(627) Survivor regions: 6->7(47)
[289.967s][info][gc,heap     ] GC(627) Old regions: 65->65
[289.967s][info][gc,heap     ] GC(627) Humongous regions: 1->1
[289.967s][info][gc,metaspace] GC(627) Metaspace: 42568K(42944K)->42568K(42944K) NonClass: 39750K(40000K)->39750K(40000K) Class: 2818K(2944K)->2818K(2944K)
[289.967s][info][gc          ] GC(627) Pause Young (Concurrent Start) (G1 Humongous Allocation) 114M->72M(624M) 5.367ms
[289.967s][info][gc          ] GC(628) Concurrent Mark Cycle
[289.967s][info][gc,marking  ] GC(628) Concurrent Scan Root Regions
[289.968s][info][gc,cpu      ] GC(627) User=0.01s Sys=0.00s Real=0.01s
[289.970s][info][gc,marking  ] GC(628) Concurrent Scan Root Regions 2.905ms
[289.970s][info][gc,marking  ] GC(628) Concurrent Mark
[289.970s][info][gc,marking  ] GC(628) Concurrent Mark From Roots
[289.970s][info][gc,task     ] GC(628) Using 1 workers of 1 for marking
[290.048s][info][gc,marking  ] GC(628) Concurrent Mark From Roots 77.818ms
[290.048s][info][gc,marking  ] GC(628) Concurrent Preclean
[290.048s][info][gc,marking  ] GC(628) Concurrent Preclean 0.046ms
[290.048s][info][gc,start    ] GC(628) Pause Remark
[290.063s][info][gc          ] GC(628) Pause Remark 112M->109M(267M) 14.573ms
[290.063s][info][gc,cpu      ] GC(628) User=0.03s Sys=0.00s Real=0.02s
[290.063s][info][gc,marking  ] GC(628) Concurrent Mark 92.671ms
[290.063s][info][gc,marking  ] GC(628) Concurrent Rebuild Remembered Sets and Scrub Regions
[290.091s][info][gc,marking  ] GC(628) Concurrent Rebuild Remembered Sets and Scrub Regions 27.997ms
[290.091s][info][gc,start    ] GC(628) Pause Cleanup
[290.091s][info][gc          ] GC(628) Pause Cleanup 120M->120M(267M) 0.042ms
[290.091s][info][gc,cpu      ] GC(628) User=0.00s Sys=0.00s Real=0.00s
[290.091s][info][gc,marking  ] GC(628) Concurrent Clear Claimed Marks
[290.091s][info][gc,marking  ] GC(628) Concurrent Clear Claimed Marks 0.034ms
[290.091s][info][gc,marking  ] GC(628) Concurrent Cleanup for Next Mark
[290.092s][info][gc,marking  ] GC(628) Concurrent Cleanup for Next Mark 0.937ms
[290.092s][info][gc          ] GC(628) Concurrent Mark Cycle 124.824ms
[290.337s][info][gc,start    ] GC(629) Pause Young (Prepare Mixed) (G1 Evacuation Pause)
[290.337s][info][gc,task     ] GC(629) Using 2 workers of 2 for evacuation
[290.343s][info][gc,phases   ] GC(629)   Pre Evacuate Collection Set: 0.18ms
[290.343s][info][gc,phases   ] GC(629)   Merge Heap Roots: 0.07ms
[290.343s][info][gc,phases   ] GC(629)   Evacuate Collection Set: 5.87ms
[290.343s][info][gc,phases   ] GC(629)   Post Evacuate Collection Set: 0.42ms
[290.343s][info][gc,phases   ] GC(629)   Other: 0.08ms
[290.343s][info][gc,heap     ] GC(629) Eden regions: 153->0(150)
[290.343s][info][gc,heap     ] GC(629) Survivor regions: 7->10(20)
[290.343s][info][gc,heap     ] GC(629) Old regions: 62->62
[290.343s][info][gc,heap     ] GC(629) Humongous regions: 13->1
[290.343s][info][gc,metaspace] GC(629) Metaspace: 42644K(43072K)->42644K(43072K) NonClass: 39826K(40128K)->39826K(40128K) Class: 2818K(2944K)->2818K(2944K)
[290.343s][info][gc          ] GC(629) Pause Young (Prepare Mixed) (G1 Evacuation Pause) 234M->72M(267M) 6.793ms
[290.343s][info][gc,cpu      ] GC(629) User=0.01s Sys=0.00s Real=0.01s
[290.666s][info][gc,start    ] GC(630) Pause Young (Mixed) (G1 Evacuation Pause)
[290.666s][info][gc,task     ] GC(630) Using 2 workers of 2 for evacuation
[290.673s][info][gc,phases   ] GC(630)   Pre Evacuate Collection Set: 0.16ms
[290.673s][info][gc,phases   ] GC(630)   Merge Heap Roots: 0.09ms
[290.673s][info][gc,phases   ] GC(630)   Evacuate Collection Set: 5.91ms
[290.673s][info][gc,phases   ] GC(630)   Post Evacuate Collection Set: 0.41ms
[290.673s][info][gc,phases   ] GC(630)   Other: 0.11ms
[290.673s][info][gc,heap     ] GC(630) Eden regions: 150->0(151)
[290.673s][info][gc,heap     ] GC(630) Survivor regions: 10->9(20)
[290.673s][info][gc,heap     ] GC(630) Old regions: 62->57
[290.673s][info][gc,heap     ] GC(630) Humongous regions: 1->1
[290.673s][info][gc,metaspace] GC(630) Metaspace: 42647K(43072K)->42647K(43072K) NonClass: 39828K(40128K)->39828K(40128K) Class: 2818K(2944K)->2818K(2944K)
[290.673s][info][gc          ] GC(630) Pause Young (Mixed) (G1 Evacuation Pause) 222M->65M(267M) 6.848ms
[290.673s][info][gc,cpu      ] GC(630) User=0.01s Sys=0.00s Real=0.01s
[290.980s][info][gc,start    ] GC(631) Pause Young (Concurrent Start) (G1 Evacuation Pause)
[290.980s][info][gc,task     ] GC(631) Using 2 workers of 2 for evacuation
[290.987s][info][gc,phases   ] GC(631)   Pre Evacuate Collection Set: 0.15ms
[290.987s][info][gc,phases   ] GC(631)   Merge Heap Roots: 0.08ms
[290.987s][info][gc,phases   ] GC(631)   Evacuate Collection Set: 6.12ms
[290.987s][info][gc,phases   ] GC(631)   Post Evacuate Collection Set: 0.46ms
[290.987s][info][gc,phases   ] GC(631)   Other: 0.12ms
[290.987s][info][gc,heap     ] GC(631) Eden regions: 151->0(150)
[290.987s][info][gc,heap     ] GC(631) Survivor regions: 9->10(20)
[290.987s][info][gc,heap     ] GC(631) Old regions: 57->57
[290.987s][info][gc,heap     ] GC(631) Humongous regions: 1->1
[290.987s][info][gc,metaspace] GC(631) Metaspace: 42647K(43072K)->42647K(43072K) NonClass: 39828K(40128K)->39828K(40128K) Class: 2818K(2944K)->2818K(2944K)
[290.987s][info][gc          ] GC(631) Pause Young (Concurrent Start) (G1 Evacuation Pause) 216M->66M(267M) 7.170ms
[290.987s][info][gc,cpu      ] GC(631) User=0.01s Sys=0.00s Real=0.01s
[290.987s][info][gc          ] GC(632) Concurrent Mark Cycle
[290.987s][info][gc,marking  ] GC(632) Concurrent Scan Root Regions
[290.993s][info][gc,marking  ] GC(632) Concurrent Scan Root Regions 5.725ms
[290.993s][info][gc,marking  ] GC(632) Concurrent Mark
[290.993s][info][gc,marking  ] GC(632) Concurrent Mark From Roots
[290.993s][info][gc,task     ] GC(632) Using 1 workers of 1 for marking
[291.064s][info][gc,marking  ] GC(632) Concurrent Mark From Roots 70.988ms
[291.064s][info][gc,marking  ] GC(632) Concurrent Preclean
[291.064s][info][gc,marking  ] GC(632) Concurrent Preclean 0.052ms
[291.064s][info][gc,start    ] GC(632) Pause Remark
[291.078s][info][gc          ] GC(632) Pause Remark 97M->97M(256M) 14.500ms
[291.078s][info][gc,cpu      ] GC(632) User=0.03s Sys=0.00s Real=0.01s
[291.079s][info][gc,marking  ] GC(632) Concurrent Mark 85.809ms
[291.079s][info][gc,marking  ] GC(632) Concurrent Rebuild Remembered Sets and Scrub Regions
[291.108s][info][gc,marking  ] GC(632) Concurrent Rebuild Remembered Sets and Scrub Regions 29.639ms
[291.108s][info][gc,start    ] GC(632) Pause Cleanup
[291.108s][info][gc          ] GC(632) Pause Cleanup 111M->111M(256M) 0.050ms
[291.108s][info][gc,cpu      ] GC(632) User=0.00s Sys=0.00s Real=0.00s
[291.108s][info][gc,marking  ] GC(632) Concurrent Clear Claimed Marks
[291.108s][info][gc,marking  ] GC(632) Concurrent Clear Claimed Marks 0.035ms
[291.108s][info][gc,marking  ] GC(632) Concurrent Cleanup for Next Mark
[291.109s][info][gc,marking  ] GC(632) Concurrent Cleanup for Next Mark 0.771ms
[291.109s][info][gc          ] GC(632) Concurrent Mark Cycle 122.324ms
[291.331s][info][gc,start    ] GC(633) Pause Young (Prepare Mixed) (G1 Evacuation Pause)
[291.331s][info][gc,task     ] GC(633) Using 2 workers of 2 for evacuation
[291.345s][info][gc,phases   ] GC(633)   Pre Evacuate Collection Set: 0.87ms
[291.345s][info][gc,phases   ] GC(633)   Merge Heap Roots: 0.09ms
[291.345s][info][gc,phases   ] GC(633)   Evacuate Collection Set: 12.39ms
[291.345s][info][gc,phases   ] GC(633)   Post Evacuate Collection Set: 0.54ms
[291.345s][info][gc,phases   ] GC(633)   Other: 0.10ms
[291.345s][info][gc,heap     ] GC(633) Eden regions: 143->0(143)
[291.345s][info][gc,heap     ] GC(633) Survivor regions: 10->10(20)
[291.345s][info][gc,heap     ] GC(633) Old regions: 57->57
[291.345s][info][gc,heap     ] GC(633) Humongous regions: 1->1
[291.345s][info][gc,metaspace] GC(633) Metaspace: 42647K(43072K)->42647K(43072K) NonClass: 39829K(40128K)->39829K(40128K) Class: 2818K(2944K)->2818K(2944K)
[291.345s][info][gc          ] GC(633) Pause Young (Prepare Mixed) (G1 Evacuation Pause) 209M->66M(256M) 14.185ms
[291.345s][info][gc,cpu      ] GC(633) User=0.02s Sys=0.00s Real=0.02s
[291.650s][info][gc,start    ] GC(634) Pause Young (Mixed) (G1 Evacuation Pause)
[291.650s][info][gc,task     ] GC(634) Using 2 workers of 2 for evacuation
[291.665s][info][gc,phases   ] GC(634)   Pre Evacuate Collection Set: 0.15ms
[291.665s][info][gc,phases   ] GC(634)   Merge Heap Roots: 0.17ms
[291.665s][info][gc,phases   ] GC(634)   Evacuate Collection Set: 13.68ms
[291.665s][info][gc,phases   ] GC(634)   Post Evacuate Collection Set: 0.59ms
[291.665s][info][gc,phases   ] GC(634)   Other: 0.10ms
[291.665s][info][gc,heap     ] GC(634) Eden regions: 143->0(141)
[291.665s][info][gc,heap     ] GC(634) Survivor regions: 10->12(20)
[291.665s][info][gc,heap     ] GC(634) Old regions: 57->54
[291.665s][info][gc,heap     ] GC(634) Humongous regions: 1->1
[291.665s][info][gc,metaspace] GC(634) Metaspace: 42648K(43072K)->42648K(43072K) NonClass: 39830K(40128K)->39830K(40128K) Class: 2818K(2944K)->2818K(2944K)
[291.665s][info][gc          ] GC(634) Pause Young (Mixed) (G1 Evacuation Pause) 209M->65M(256M) 14.923ms
[291.665s][info][gc,cpu      ] GC(634) User=0.03s Sys=0.00s Real=0.02s
[291.971s][info][gc,start    ] GC(635) Pause Young (Concurrent Start) (G1 Evacuation Pause)
[291.971s][info][gc,task     ] GC(635) Using 2 workers of 2 for evacuation
[291.976s][info][gc,phases   ] GC(635)   Pre Evacuate Collection Set: 0.18ms
[291.976s][info][gc,phases   ] GC(635)   Merge Heap Roots: 0.06ms
[291.976s][info][gc,phases   ] GC(635)   Evacuate Collection Set: 4.77ms
[291.976s][info][gc,phases   ] GC(635)   Post Evacuate Collection Set: 0.47ms
[291.976s][info][gc,phases   ] GC(635)   Other: 0.12ms
[291.976s][info][gc,heap     ] GC(635) Eden regions: 141->0(150)
[291.976s][info][gc,heap     ] GC(635) Survivor regions: 12->3(20)
[291.976s][info][gc,heap     ] GC(635) Old regions: 54->60
[291.976s][info][gc,heap     ] GC(635) Humongous regions: 1->1
[291.976s][info][gc,metaspace] GC(635) Metaspace: 42648K(43072K)->42648K(43072K) NonClass: 39830K(40128K)->39830K(40128K) Class: 2818K(2944K)->2818K(2944K)
[291.976s][info][gc          ] GC(635) Pause Young (Concurrent Start) (G1 Evacuation Pause) 206M->62M(256M) 5.784ms
[291.976s][info][gc,cpu      ] GC(635) User=0.01s Sys=0.00s Real=0.01s
[291.976s][info][gc          ] GC(636) Concurrent Mark Cycle
[291.976s][info][gc,marking  ] GC(636) Concurrent Scan Root Regions
[291.983s][info][gc,marking  ] GC(636) Concurrent Scan Root Regions 6.615ms
[291.983s][info][gc,marking  ] GC(636) Concurrent Mark
[291.983s][info][gc,marking  ] GC(636) Concurrent Mark From Roots
[291.983s][info][gc,task     ] GC(636) Using 1 workers of 1 for marking
[292.128s][info][gc,marking  ] GC(636) Concurrent Mark From Roots 145.087ms
[292.128s][info][gc,marking  ] GC(636) Concurrent Preclean
[292.128s][info][gc,marking  ] GC(636) Concurrent Preclean 0.048ms
[292.128s][info][gc,start    ] GC(636) Pause Remark
[292.147s][info][gc          ] GC(636) Pause Remark 115M->115M(256M) 18.714ms
[292.147s][info][gc,cpu      ] GC(636) User=0.04s Sys=0.00s Real=0.02s
[292.147s][info][gc,marking  ] GC(636) Concurrent Mark 164.161ms
[292.147s][info][gc,marking  ] GC(636) Concurrent Rebuild Remembered Sets and Scrub Regions
[292.180s][info][gc,marking  ] GC(636) Concurrent Rebuild Remembered Sets and Scrub Regions 33.071ms
[292.181s][info][gc,start    ] GC(636) Pause Cleanup
[292.181s][info][gc          ] GC(636) Pause Cleanup 122M->122M(256M) 0.046ms
[292.181s][info][gc,cpu      ] GC(636) User=0.00s Sys=0.00s Real=0.00s
[292.181s][info][gc,marking  ] GC(636) Concurrent Clear Claimed Marks
[292.181s][info][gc,marking  ] GC(636) Concurrent Clear Claimed Marks 0.035ms
[292.181s][info][gc,marking  ] GC(636) Concurrent Cleanup for Next Mark
[292.182s][info][gc,marking  ] GC(636) Concurrent Cleanup for Next Mark 0.777ms
[292.182s][info][gc          ] GC(636) Concurrent Mark Cycle 205.492ms
[292.379s][info][gc,start    ] GC(637) Pause Young (Prepare Mixed) (G1 Evacuation Pause)
[292.379s][info][gc,task     ] GC(637) Using 2 workers of 2 for evacuation
[292.386s][info][gc,phases   ] GC(637)   Pre Evacuate Collection Set: 0.18ms
[292.386s][info][gc,phases   ] GC(637)   Merge Heap Roots: 0.09ms
[292.386s][info][gc,phases   ] GC(637)   Evacuate Collection Set: 6.15ms
[292.386s][info][gc,phases   ] GC(637)   Post Evacuate Collection Set: 0.40ms
[292.386s][info][gc,phases   ] GC(637)   Other: 0.09ms
[292.386s][info][gc,heap     ] GC(637) Eden regions: 150->0(144)
[292.386s][info][gc,heap     ] GC(637) Survivor regions: 3->9(20)
[292.386s][info][gc,heap     ] GC(637) Old regions: 60->60
[292.386s][info][gc,heap     ] GC(637) Humongous regions: 1->1
[292.386s][info][gc,metaspace] GC(637) Metaspace: 42695K(43136K)->42695K(43136K) NonClass: 39876K(40192K)->39876K(40192K) Class: 2818K(2944K)->2818K(2944K)
[292.386s][info][gc          ] GC(637) Pause Young (Prepare Mixed) (G1 Evacuation Pause) 212M->67M(256M) 7.131ms
[292.386s][info][gc,cpu      ] GC(637) User=0.02s Sys=0.00s Real=0.01s
[292.687s][info][gc,start    ] GC(638) Pause Young (Mixed) (G1 Evacuation Pause)
[292.687s][info][gc,task     ] GC(638) Using 2 workers of 2 for evacuation
[292.694s][info][gc,phases   ] GC(638)   Pre Evacuate Collection Set: 0.25ms
[292.694s][info][gc,phases   ] GC(638)   Merge Heap Roots: 0.17ms
[292.694s][info][gc,phases   ] GC(638)   Evacuate Collection Set: 5.94ms
[292.694s][info][gc,phases   ] GC(638)   Post Evacuate Collection Set: 0.85ms
[292.694s][info][gc,phases   ] GC(638)   Other: 0.09ms
[292.694s][info][gc,heap     ] GC(638) Eden regions: 144->0(148)
[292.694s][info][gc,heap     ] GC(638) Survivor regions: 9->5(20)
[292.694s][info][gc,heap     ] GC(638) Old regions: 60->57
[292.694s][info][gc,heap     ] GC(638) Humongous regions: 1->1
[292.694s][info][gc,metaspace] GC(638) Metaspace: 42697K(43136K)->42697K(43136K) NonClass: 39879K(40192K)->39879K(40192K) Class: 2818K(2944K)->2818K(2944K)
[292.694s][info][gc          ] GC(638) Pause Young (Mixed) (G1 Evacuation Pause) 211M->61M(256M) 7.466ms
[292.694s][info][gc,cpu      ] GC(638) User=0.01s Sys=0.00s Real=0.01s
[293.450s][info][gc,start    ] GC(639) Pause Young (Concurrent Start) (G1 Evacuation Pause)
[293.450s][info][gc,task     ] GC(639) Using 2 workers of 2 for evacuation
[293.458s][info][gc,phases   ] GC(639)   Pre Evacuate Collection Set: 0.20ms
[293.458s][info][gc,phases   ] GC(639)   Merge Heap Roots: 0.09ms
[293.458s][info][gc,phases   ] GC(639)   Evacuate Collection Set: 6.30ms
[293.458s][info][gc,phases   ] GC(639)   Post Evacuate Collection Set: 0.47ms
[293.458s][info][gc,phases   ] GC(639)   Other: 0.14ms
[293.458s][info][gc,heap     ] GC(639) Eden regions: 148->0(148)
[293.458s][info][gc,heap     ] GC(639) Survivor regions: 5->5(20)
[293.458s][info][gc,heap     ] GC(639) Old regions: 57->57
[293.458s][info][gc,heap     ] GC(639) Humongous regions: 1->1
[293.458s][info][gc,metaspace] GC(639) Metaspace: 42716K(43136K)->42716K(43136K) NonClass: 39898K(40192K)->39898K(40192K) Class: 2818K(2944K)->2818K(2944K)
[293.458s][info][gc          ] GC(639) Pause Young (Concurrent Start) (G1 Evacuation Pause) 209M->61M(256M) 7.372ms
[293.458s][info][gc,cpu      ] GC(639) User=0.01s Sys=0.00s Real=0.01s
[293.458s][info][gc          ] GC(640) Concurrent Mark Cycle
[293.458s][info][gc,marking  ] GC(640) Concurrent Scan Root Regions
[293.462s][info][gc,marking  ] GC(640) Concurrent Scan Root Regions 4.276ms
[293.462s][info][gc,marking  ] GC(640) Concurrent Mark
[293.462s][info][gc,marking  ] GC(640) Concurrent Mark From Roots
[293.462s][info][gc,task     ] GC(640) Using 1 workers of 1 for marking
[293.534s][info][gc,marking  ] GC(640) Concurrent Mark From Roots 71.691ms
[293.534s][info][gc,marking  ] GC(640) Concurrent Preclean
[293.534s][info][gc,marking  ] GC(640) Concurrent Preclean 0.244ms
[293.536s][info][gc,start    ] GC(640) Pause Remark
[293.551s][info][gc          ] GC(640) Pause Remark 67M->63M(256M) 14.680ms
[293.551s][info][gc,cpu      ] GC(640) User=0.03s Sys=0.00s Real=0.01s
[293.553s][info][gc,marking  ] GC(640) Concurrent Mark 90.774ms
[293.553s][info][gc,marking  ] GC(640) Concurrent Rebuild Remembered Sets and Scrub Regions
[293.582s][info][gc,marking  ] GC(640) Concurrent Rebuild Remembered Sets and Scrub Regions 29.353ms
[293.582s][info][gc,start    ] GC(640) Pause Cleanup
[293.582s][info][gc          ] GC(640) Pause Cleanup 68M->68M(256M) 0.054ms
[293.582s][info][gc,cpu      ] GC(640) User=0.00s Sys=0.00s Real=0.00s
[293.584s][info][gc,marking  ] GC(640) Concurrent Clear Claimed Marks
[293.584s][info][gc,marking  ] GC(640) Concurrent Clear Claimed Marks 0.049ms
[293.584s][info][gc,marking  ] GC(640) Concurrent Cleanup for Next Mark
[293.584s][info][gc,marking  ] GC(640) Concurrent Cleanup for Next Mark 0.787ms
[293.584s][info][gc          ] GC(640) Concurrent Mark Cycle 126.707ms
[294.273s][info][gc,start    ] GC(641) Pause Young (Prepare Mixed) (G1 Evacuation Pause)
[294.273s][info][gc,task     ] GC(641) Using 2 workers of 2 for evacuation
[294.283s][info][gc,phases   ] GC(641)   Pre Evacuate Collection Set: 0.16ms
[294.284s][info][gc,phases   ] GC(641)   Merge Heap Roots: 0.10ms
[294.284s][info][gc,phases   ] GC(641)   Evacuate Collection Set: 10.09ms
[294.284s][info][gc,phases   ] GC(641)   Post Evacuate Collection Set: 0.49ms
[294.284s][info][gc,phases   ] GC(641)   Other: 0.09ms
[294.284s][info][gc,heap     ] GC(641) Eden regions: 148->0(142)
[294.284s][info][gc,heap     ] GC(641) Survivor regions: 5->11(20)
[294.284s][info][gc,heap     ] GC(641) Old regions: 53->53
[294.284s][info][gc,heap     ] GC(641) Humongous regions: 13->3
[294.284s][info][gc,metaspace] GC(641) Metaspace: 42742K(43136K)->42742K(43136K) NonClass: 39923K(40192K)->39923K(40192K) Class: 2818K(2944K)->2818K(2944K)
[294.284s][info][gc          ] GC(641) Pause Young (Prepare Mixed) (G1 Evacuation Pause) 217M->65M(256M) 11.089ms
[294.284s][info][gc,cpu      ] GC(641) User=0.02s Sys=0.00s Real=0.01s
[294.582s][info][gc,start    ] GC(642) Pause Young (Mixed) (G1 Evacuation Pause)
[294.582s][info][gc,task     ] GC(642) Using 2 workers of 2 for evacuation
[294.611s][info][gc,phases   ] GC(642)   Pre Evacuate Collection Set: 0.17ms
[294.611s][info][gc,phases   ] GC(642)   Merge Heap Roots: 0.11ms
[294.611s][info][gc,phases   ] GC(642)   Evacuate Collection Set: 28.22ms
[294.611s][info][gc,phases   ] GC(642)   Post Evacuate Collection Set: 0.50ms
[294.611s][info][gc,phases   ] GC(642)   Other: 0.07ms
[294.611s][info][gc,heap     ] GC(642) Eden regions: 142->0(133)
[294.611s][info][gc,heap     ] GC(642) Survivor regions: 11->20(20)
[294.611s][info][gc,heap     ] GC(642) Old regions: 53->53
[294.611s][info][gc,heap     ] GC(642) Humongous regions: 4->4
[294.611s][info][gc,metaspace] GC(642) Metaspace: 42742K(43136K)->42742K(43136K) NonClass: 39923K(40192K)->39923K(40192K) Class: 2818K(2944K)->2818K(2944K)
[294.611s][info][gc          ] GC(642) Pause Young (Mixed) (G1 Evacuation Pause) 208M->76M(256M) 29.254ms
[294.611s][info][gc,cpu      ] GC(642) User=0.06s Sys=0.00s Real=0.02s
[294.886s][info][gc,start    ] GC(643) Pause Young (Concurrent Start) (G1 Humongous Allocation)
[294.886s][info][gc,task     ] GC(643) Using 2 workers of 2 for evacuation
[294.920s][info][gc,phases   ] GC(643)   Pre Evacuate Collection Set: 0.16ms
[294.920s][info][gc,phases   ] GC(643)   Merge Heap Roots: 0.15ms
[294.920s][info][gc,phases   ] GC(643)   Evacuate Collection Set: 33.53ms
[294.920s][info][gc,phases   ] GC(643)   Post Evacuate Collection Set: 0.42ms
[294.920s][info][gc,phases   ] GC(643)   Other: 0.09ms
[294.920s][info][gc,heap     ] GC(643) Eden regions: 133->0(129)
[294.920s][info][gc,heap     ] GC(643) Survivor regions: 20->16(20)
[294.920s][info][gc,heap     ] GC(643) Old regions: 53->73
[294.920s][info][gc,heap     ] GC(643) Humongous regions: 4->4
[294.920s][info][gc,metaspace] GC(643) Metaspace: 42742K(43136K)->42742K(43136K) NonClass: 39923K(40192K)->39923K(40192K) Class: 2818K(2944K)->2818K(2944K)
[294.920s][info][gc          ] GC(643) Pause Young (Concurrent Start) (G1 Humongous Allocation) 209M->92M(256M) 34.552ms
[294.920s][info][gc,cpu      ] GC(643) User=0.07s Sys=0.00s Real=0.03s
[294.920s][info][gc          ] GC(644) Concurrent Mark Cycle
[294.920s][info][gc,marking  ] GC(644) Concurrent Scan Root Regions
[294.949s][info][gc,marking  ] GC(644) Concurrent Scan Root Regions 28.460ms
[294.949s][info][gc,marking  ] GC(644) Concurrent Mark
[294.949s][info][gc,marking  ] GC(644) Concurrent Mark From Roots
[294.949s][info][gc,task     ] GC(644) Using 1 workers of 1 for marking
[295.062s][info][gc,marking  ] GC(644) Concurrent Mark From Roots 113.253ms
[295.062s][info][gc,marking  ] GC(644) Concurrent Preclean
[295.062s][info][gc,marking  ] GC(644) Concurrent Preclean 0.074ms
[295.064s][info][gc,start    ] GC(644) Pause Remark
[295.079s][info][gc          ] GC(644) Pause Remark 122M->117M(256M) 14.867ms
[295.079s][info][gc,cpu      ] GC(644) User=0.03s Sys=0.00s Real=0.01s
[295.079s][info][gc,marking  ] GC(644) Concurrent Mark 130.445ms
[295.079s][info][gc,marking  ] GC(644) Concurrent Rebuild Remembered Sets and Scrub Regions
[295.136s][info][gc,marking  ] GC(644) Concurrent Rebuild Remembered Sets and Scrub Regions 56.670ms
[295.136s][info][gc,start    ] GC(644) Pause Cleanup
[295.136s][info][gc          ] GC(644) Pause Cleanup 138M->138M(256M) 0.041ms
[295.136s][info][gc,cpu      ] GC(644) User=0.00s Sys=0.00s Real=0.00s
[295.136s][info][gc,marking  ] GC(644) Concurrent Clear Claimed Marks
[295.136s][info][gc,marking  ] GC(644) Concurrent Clear Claimed Marks 0.033ms
[295.136s][info][gc,marking  ] GC(644) Concurrent Cleanup for Next Mark
[295.137s][info][gc,marking  ] GC(644) Concurrent Cleanup for Next Mark 0.833ms
[295.137s][info][gc          ] GC(644) Concurrent Mark Cycle 216.671ms
[295.299s][info][gc,start    ] GC(645) Pause Young (Prepare Mixed) (G1 Evacuation Pause)
[295.299s][info][gc,task     ] GC(645) Using 2 workers of 2 for evacuation
[295.328s][info][gc,phases   ] GC(645)   Pre Evacuate Collection Set: 0.22ms
[295.328s][info][gc,phases   ] GC(645)   Merge Heap Roots: 0.13ms
[295.328s][info][gc,phases   ] GC(645)   Evacuate Collection Set: 28.64ms
[295.328s][info][gc,phases   ] GC(645)   Post Evacuate Collection Set: 0.40ms
[295.328s][info][gc,phases   ] GC(645)   Other: 0.06ms
[295.328s][info][gc,heap     ] GC(645) Eden regions: 129->0(120)
[295.328s][info][gc,heap     ] GC(645) Survivor regions: 16->14(19)
[295.328s][info][gc,heap     ] GC(645) Old regions: 68->83
[295.328s][info][gc,heap     ] GC(645) Humongous regions: 6->6
[295.328s][info][gc,metaspace] GC(645) Metaspace: 42742K(43136K)->42742K(43136K) NonClass: 39924K(40192K)->39924K(40192K) Class: 2818K(2944K)->2818K(2944K)
[295.328s][info][gc          ] GC(645) Pause Young (Prepare Mixed) (G1 Evacuation Pause) 218M->102M(256M) 29.639ms
[295.328s][info][gc,cpu      ] GC(645) User=0.06s Sys=0.00s Real=0.03s
[295.561s][info][gc,start    ] GC(646) Pause Young (Mixed) (G1 Evacuation Pause)
[295.561s][info][gc,task     ] GC(646) Using 2 workers of 2 for evacuation
[295.591s][info][gc,phases   ] GC(646)   Pre Evacuate Collection Set: 0.16ms
[295.591s][info][gc,phases   ] GC(646)   Merge Heap Roots: 0.09ms
[295.591s][info][gc,phases   ] GC(646)   Evacuate Collection Set: 28.87ms
[295.591s][info][gc,phases   ] GC(646)   Post Evacuate Collection Set: 1.19ms
[295.591s][info][gc,phases   ] GC(646)   Other: 0.10ms
[295.591s][info][gc,heap     ] GC(646) Eden regions: 120->0(193)
[295.591s][info][gc,heap     ] GC(646) Survivor regions: 14->13(17)
[295.591s][info][gc,heap     ] GC(646) Old regions: 83->90
[295.591s][info][gc,heap     ] GC(646) Humongous regions: 6->6
[295.591s][info][gc,metaspace] GC(646) Metaspace: 42742K(43136K)->42742K(43136K) NonClass: 39924K(40192K)->39924K(40192K) Class: 2818K(2944K)->2818K(2944K)
[295.592s][info][gc          ] GC(646) Pause Young (Mixed) (G1 Evacuation Pause) 222M->109M(344M) 30.594ms
[295.592s][info][gc,cpu      ] GC(646) User=0.05s Sys=0.00s Real=0.03s
[295.722s][info][gc,start    ] GC(647) Pause Young (Concurrent Start) (G1 Humongous Allocation)
[295.722s][info][gc,task     ] GC(647) Using 2 workers of 2 for evacuation
[295.749s][info][gc,phases   ] GC(647)   Pre Evacuate Collection Set: 0.21ms
[295.749s][info][gc,phases   ] GC(647)   Merge Heap Roots: 0.07ms
[295.749s][info][gc,phases   ] GC(647)   Evacuate Collection Set: 26.53ms
[295.749s][info][gc,phases   ] GC(647)   Post Evacuate Collection Set: 0.37ms
[295.749s][info][gc,phases   ] GC(647)   Other: 0.10ms
[295.749s][info][gc,heap     ] GC(647) Eden regions: 58->0(187)
[295.749s][info][gc,heap     ] GC(647) Survivor regions: 13->19(26)
[295.749s][info][gc,heap     ] GC(647) Old regions: 90->90
[295.749s][info][gc,heap     ] GC(647) Humongous regions: 6->6
[295.749s][info][gc,metaspace] GC(647) Metaspace: 42742K(43136K)->42742K(43136K) NonClass: 39924K(40192K)->39924K(40192K) Class: 2818K(2944K)->2818K(2944K)
[295.749s][info][gc          ] GC(647) Pause Young (Concurrent Start) (G1 Humongous Allocation) 167M->115M(344M) 27.484ms
[295.749s][info][gc,cpu      ] GC(647) User=0.04s Sys=0.00s Real=0.03s
[295.749s][info][gc          ] GC(648) Concurrent Mark Cycle
[295.749s][info][gc,marking  ] GC(648) Concurrent Scan Root Regions
[295.781s][info][gc,marking  ] GC(648) Concurrent Scan Root Regions 31.604ms
[295.781s][info][gc,marking  ] GC(648) Concurrent Mark
[295.781s][info][gc,marking  ] GC(648) Concurrent Mark From Roots
[295.781s][info][gc,task     ] GC(648) Using 1 workers of 1 for marking
[295.996s][info][gc,marking  ] GC(648) Concurrent Mark From Roots 214.919ms
[295.996s][info][gc,marking  ] GC(648) Concurrent Preclean
[295.996s][info][gc,marking  ] GC(648) Concurrent Preclean 0.057ms
[295.996s][info][gc,start    ] GC(648) Pause Remark
[296.011s][info][gc          ] GC(648) Pause Remark 183M->182M(344M) 14.862ms
[296.011s][info][gc,cpu      ] GC(648) User=0.03s Sys=0.00s Real=0.01s
[296.012s][info][gc,marking  ] GC(648) Concurrent Mark 231.025ms
[296.012s][info][gc,marking  ] GC(648) Concurrent Rebuild Remembered Sets and Scrub Regions
[296.073s][info][gc,marking  ] GC(648) Concurrent Rebuild Remembered Sets and Scrub Regions 60.995ms
[296.073s][info][gc,start    ] GC(648) Pause Cleanup
[296.073s][info][gc          ] GC(648) Pause Cleanup 194M->194M(344M) 0.050ms
[296.073s][info][gc,cpu      ] GC(648) User=0.00s Sys=0.00s Real=0.00s
[296.073s][info][gc,marking  ] GC(648) Concurrent Clear Claimed Marks
[296.073s][info][gc,marking  ] GC(648) Concurrent Clear Claimed Marks 0.036ms
[296.073s][info][gc,marking  ] GC(648) Concurrent Cleanup for Next Mark
[296.080s][info][gc,marking  ] GC(648) Concurrent Cleanup for Next Mark 7.136ms
[296.080s][info][gc          ] GC(648) Concurrent Mark Cycle 331.353ms
[298.867s][info][gc,start    ] GC(649) Pause Young (Prepare Mixed) (G1 Evacuation Pause)
[298.867s][info][gc,task     ] GC(649) Using 2 workers of 2 for evacuation
[298.909s][info][gc,phases   ] GC(649)   Pre Evacuate Collection Set: 0.19ms
[298.909s][info][gc,phases   ] GC(649)   Merge Heap Roots: 0.12ms
[298.909s][info][gc,phases   ] GC(649)   Evacuate Collection Set: 41.43ms
[298.909s][info][gc,phases   ] GC(649)   Post Evacuate Collection Set: 0.52ms
[298.909s][info][gc,phases   ] GC(649)   Other: 0.08ms
[298.909s][info][gc,heap     ] GC(649) Eden regions: 187->0(170)
[298.909s][info][gc,heap     ] GC(649) Survivor regions: 19->23(26)
[298.909s][info][gc,heap     ] GC(649) Old regions: 90->103
[298.909s][info][gc,heap     ] GC(649) Humongous regions: 12->7
[298.909s][info][gc,metaspace] GC(649) Metaspace: 42747K(43136K)->42747K(43136K) NonClass: 39929K(40192K)->39929K(40192K) Class: 2818K(2944K)->2818K(2944K)
[298.909s][info][gc          ] GC(649) Pause Young (Prepare Mixed) (G1 Evacuation Pause) 308M->133M(344M) 42.519ms
[298.909s][info][gc,cpu      ] GC(649) User=0.09s Sys=0.00s Real=0.04s
[299.476s][info][gc,start    ] GC(650) Pause Young (Mixed) (G1 Evacuation Pause)
[299.477s][info][gc,task     ] GC(650) Using 2 workers of 2 for evacuation
[299.507s][info][gc,phases   ] GC(650)   Pre Evacuate Collection Set: 0.23ms
[299.507s][info][gc,phases   ] GC(650)   Merge Heap Roots: 0.17ms
[299.507s][info][gc,phases   ] GC(650)   Evacuate Collection Set: 29.44ms
[299.507s][info][gc,phases   ] GC(650)   Post Evacuate Collection Set: 0.44ms
[299.507s][info][gc,phases   ] GC(650)   Other: 0.10ms
[299.507s][info][gc,heap     ] GC(650) Eden regions: 170->0(178)
[299.507s][info][gc,heap     ] GC(650) Survivor regions: 23->3(25)
[299.507s][info][gc,heap     ] GC(650) Old regions: 103->123
[299.507s][info][gc,heap     ] GC(650) Humongous regions: 7->7
[299.507s][info][gc,metaspace] GC(650) Metaspace: 42750K(43136K)->42750K(43136K) NonClass: 39932K(40192K)->39932K(40192K) Class: 2818K(2944K)->2818K(2944K)
[299.507s][info][gc          ] GC(650) Pause Young (Mixed) (G1 Evacuation Pause) 303M->133M(344M) 30.544ms
[299.507s][info][gc,cpu      ] GC(650) User=0.06s Sys=0.00s Real=0.03s
[299.668s][info][gc,start    ] GC(651) Pause Young (Concurrent Start) (G1 Humongous Allocation)
[299.668s][info][gc,task     ] GC(651) Using 2 workers of 2 for evacuation
[299.672s][info][gc,phases   ] GC(651)   Pre Evacuate Collection Set: 0.23ms
[299.672s][info][gc,phases   ] GC(651)   Merge Heap Roots: 0.05ms
[299.672s][info][gc,phases   ] GC(651)   Evacuate Collection Set: 3.09ms
[299.672s][info][gc,phases   ] GC(651)   Post Evacuate Collection Set: 0.30ms
[299.672s][info][gc,phases   ] GC(651)   Other: 0.13ms
[299.672s][info][gc,heap     ] GC(651) Eden regions: 51->0(183)
[299.672s][info][gc,heap     ] GC(651) Survivor regions: 3->4(23)
[299.672s][info][gc,heap     ] GC(651) Old regions: 123->123
[299.672s][info][gc,heap     ] GC(651) Humongous regions: 7->7
[299.672s][info][gc,metaspace] GC(651) Metaspace: 42750K(43136K)->42750K(43136K) NonClass: 39932K(40192K)->39932K(40192K) Class: 2818K(2944K)->2818K(2944K)
[299.672s][info][gc          ] GC(651) Pause Young (Concurrent Start) (G1 Humongous Allocation) 183M->133M(344M) 3.953ms
[299.672s][info][gc,cpu      ] GC(651) User=0.01s Sys=0.00s Real=0.01s
[299.672s][info][gc          ] GC(652) Concurrent Mark Cycle
[299.672s][info][gc,marking  ] GC(652) Concurrent Scan Root Regions
[299.674s][info][gc,marking  ] GC(652) Concurrent Scan Root Regions 1.903ms
[299.674s][info][gc,marking  ] GC(652) Concurrent Mark
[299.674s][info][gc,marking  ] GC(652) Concurrent Mark From Roots
[299.674s][info][gc,task     ] GC(652) Using 1 workers of 1 for marking
[299.698s][info][gc,marking  ] GC(652) Concurrent Mark From Roots 24.225ms
[299.698s][info][gc,marking  ] GC(652) Concurrent Preclean
[299.698s][info][gc,marking  ] GC(652) Concurrent Preclean 0.048ms
[299.699s][info][gc,start    ] GC(652) Pause Remark
[299.713s][info][gc          ] GC(652) Pause Remark 146M->61M(256M) 14.381ms
[299.713s][info][gc,cpu      ] GC(652) User=0.03s Sys=0.00s Real=0.02s
[299.714s][info][gc,marking  ] GC(652) Concurrent Mark 39.717ms
[299.714s][info][gc,marking  ] GC(652) Concurrent Rebuild Remembered Sets and Scrub Regions
[299.723s][info][gc,marking  ] GC(652) Concurrent Rebuild Remembered Sets and Scrub Regions 9.386ms
[299.723s][info][gc,start    ] GC(652) Pause Cleanup
[299.723s][info][gc          ] GC(652) Pause Cleanup 66M->66M(256M) 0.038ms
[299.723s][info][gc,cpu      ] GC(652) User=0.00s Sys=0.00s Real=0.00s
[299.723s][info][gc,marking  ] GC(652) Concurrent Clear Claimed Marks
[299.723s][info][gc,marking  ] GC(652) Concurrent Clear Claimed Marks 0.031ms
[299.723s][info][gc,marking  ] GC(652) Concurrent Cleanup for Next Mark
[299.724s][info][gc,marking  ] GC(652) Concurrent Cleanup for Next Mark 0.725ms
[299.724s][info][gc          ] GC(652) Concurrent Mark Cycle 52.084ms
[300.034s][info][gc,start    ] GC(653) Pause Young (Prepare Mixed) (G1 Evacuation Pause)
[300.035s][info][gc,task     ] GC(653) Using 2 workers of 2 for evacuation
[300.057s][info][gc,phases   ] GC(653)   Pre Evacuate Collection Set: 0.15ms
[300.057s][info][gc,phases   ] GC(653)   Merge Heap Roots: 0.11ms
[300.057s][info][gc,phases   ] GC(653)   Evacuate Collection Set: 21.40ms
[300.057s][info][gc,phases   ] GC(653)   Post Evacuate Collection Set: 0.43ms
[300.057s][info][gc,phases   ] GC(653)   Other: 0.06ms
[300.057s][info][gc,heap     ] GC(653) Eden regions: 149->0(133)
[300.057s][info][gc,heap     ] GC(653) Survivor regions: 4->20(20)
[300.057s][info][gc,heap     ] GC(653) Old regions: 44->46
[300.057s][info][gc,heap     ] GC(653) Humongous regions: 4->4
[300.057s][info][gc,metaspace] GC(653) Metaspace: 42750K(43136K)->42750K(43136K) NonClass: 39932K(40192K)->39932K(40192K) Class: 2818K(2944K)->2818K(2944K)
[300.057s][info][gc          ] GC(653) Pause Young (Prepare Mixed) (G1 Evacuation Pause) 200M->69M(256M) 22.362ms
[300.057s][info][gc,cpu      ] GC(653) User=0.04s Sys=0.00s Real=0.02s
[300.367s][info][gc,start    ] GC(654) Pause Young (Mixed) (G1 Evacuation Pause)
[300.367s][info][gc,task     ] GC(654) Using 2 workers of 2 for evacuation
[300.404s][info][gc,phases   ] GC(654)   Pre Evacuate Collection Set: 0.21ms
[300.404s][info][gc,phases   ] GC(654)   Merge Heap Roots: 0.13ms
[300.404s][info][gc,phases   ] GC(654)   Evacuate Collection Set: 35.78ms
[300.404s][info][gc,phases   ] GC(654)   Post Evacuate Collection Set: 0.41ms
[300.404s][info][gc,phases   ] GC(654)   Other: 0.07ms
[300.404s][info][gc,heap     ] GC(654) Eden regions: 133->0(136)
[300.404s][info][gc,heap     ] GC(654) Survivor regions: 20->17(20)
[300.404s][info][gc,heap     ] GC(654) Old regions: 46->54
[300.404s][info][gc,heap     ] GC(654) Humongous regions: 6->6
[300.404s][info][gc,metaspace] GC(654) Metaspace: 42750K(43136K)->42750K(43136K) NonClass: 39932K(40192K)->39932K(40192K) Class: 2818K(2944K)->2818K(2944K)
[300.404s][info][gc          ] GC(654) Pause Young (Mixed) (G1 Evacuation Pause) 204M->76M(256M) 36.837ms
[300.404s][info][gc,cpu      ] GC(654) User=0.08s Sys=0.00s Real=0.04s
[300.693s][info][gc,start    ] GC(655) Pause Young (Concurrent Start) (G1 Evacuation Pause)
[300.693s][info][gc,task     ] GC(655) Using 2 workers of 2 for evacuation
[300.727s][info][gc,phases   ] GC(655)   Pre Evacuate Collection Set: 0.15ms
[300.727s][info][gc,phases   ] GC(655)   Merge Heap Roots: 0.10ms
[300.727s][info][gc,phases   ] GC(655)   Evacuate Collection Set: 33.02ms
[300.727s][info][gc,phases   ] GC(655)   Post Evacuate Collection Set: 0.42ms
[300.727s][info][gc,phases   ] GC(655)   Other: 0.09ms
[300.727s][info][gc,heap     ] GC(655) Eden regions: 136->0(128)
[300.727s][info][gc,heap     ] GC(655) Survivor regions: 17->17(20)
[300.727s][info][gc,heap     ] GC(655) Old regions: 54->71
[300.727s][info][gc,heap     ] GC(655) Humongous regions: 6->6
[300.727s][info][gc,metaspace] GC(655) Metaspace: 42750K(43136K)->42750K(43136K) NonClass: 39932K(40192K)->39932K(40192K) Class: 2818K(2944K)->2818K(2944K)
[300.727s][info][gc          ] GC(655) Pause Young (Concurrent Start) (G1 Evacuation Pause) 212M->93M(256M) 33.974ms
[300.727s][info][gc,cpu      ] GC(655) User=0.07s Sys=0.00s Real=0.03s
[300.727s][info][gc          ] GC(656) Concurrent Mark Cycle
[300.727s][info][gc,marking  ] GC(656) Concurrent Scan Root Regions
[300.754s][info][gc,marking  ] GC(656) Concurrent Scan Root Regions 26.449ms
[300.754s][info][gc,marking  ] GC(656) Concurrent Mark
[300.754s][info][gc,marking  ] GC(656) Concurrent Mark From Roots
[300.754s][info][gc,task     ] GC(656) Using 1 workers of 1 for marking
[300.809s][info][gc,marking  ] GC(656) Concurrent Mark From Roots 55.064ms
[300.809s][info][gc,marking  ] GC(656) Concurrent Preclean
[300.809s][info][gc,marking  ] GC(656) Concurrent Preclean 0.037ms
[300.809s][info][gc,start    ] GC(656) Pause Remark
[300.824s][info][gc          ] GC(656) Pause Remark 127M->126M(256M) 14.830ms
[300.824s][info][gc,cpu      ] GC(656) User=0.03s Sys=0.00s Real=0.02s
[300.824s][info][gc,marking  ] GC(656) Concurrent Mark 70.202ms
[300.824s][info][gc,marking  ] GC(656) Concurrent Rebuild Remembered Sets and Scrub Regions
[300.859s][info][gc,marking  ] GC(656) Concurrent Rebuild Remembered Sets and Scrub Regions 35.048ms
[300.859s][info][gc,start    ] GC(656) Pause Cleanup
[300.859s][info][gc          ] GC(656) Pause Cleanup 144M->144M(256M) 0.033ms
[300.859s][info][gc,cpu      ] GC(656) User=0.00s Sys=0.00s Real=0.00s
[300.859s][info][gc,marking  ] GC(656) Concurrent Clear Claimed Marks
[300.859s][info][gc,marking  ] GC(656) Concurrent Clear Claimed Marks 0.031ms
[300.859s][info][gc,marking  ] GC(656) Concurrent Cleanup for Next Mark
[300.860s][info][gc,marking  ] GC(656) Concurrent Cleanup for Next Mark 0.710ms
[300.860s][info][gc          ] GC(656) Concurrent Mark Cycle 132.660ms
[301.029s][info][gc,start    ] GC(657) Pause Young (Prepare Mixed) (G1 Evacuation Pause)
[301.029s][info][gc,task     ] GC(657) Using 2 workers of 2 for evacuation
[301.060s][info][gc,phases   ] GC(657)   Pre Evacuate Collection Set: 0.14ms
[301.060s][info][gc,phases   ] GC(657)   Merge Heap Roots: 0.08ms
[301.060s][info][gc,phases   ] GC(657)   Evacuate Collection Set: 30.24ms
[301.060s][info][gc,phases   ] GC(657)   Post Evacuate Collection Set: 0.38ms
[301.060s][info][gc,phases   ] GC(657)   Other: 0.07ms
[301.060s][info][gc,heap     ] GC(657) Eden regions: 128->0(117)
[301.060s][info][gc,heap     ] GC(657) Survivor regions: 17->15(19)
[301.060s][info][gc,heap     ] GC(657) Old regions: 71->87
[301.060s][info][gc,heap     ] GC(657) Humongous regions: 5->5
[301.060s][info][gc,metaspace] GC(657) Metaspace: 42750K(43136K)->42750K(43136K) NonClass: 39932K(40192K)->39932K(40192K) Class: 2818K(2944K)->2818K(2944K)
[301.060s][info][gc          ] GC(657) Pause Young (Prepare Mixed) (G1 Evacuation Pause) 220M->106M(256M) 31.119ms
[301.060s][info][gc,cpu      ] GC(657) User=0.06s Sys=0.00s Real=0.03s
[301.357s][info][gc,start    ] GC(658) Pause Young (Mixed) (G1 Evacuation Pause)
[301.357s][info][gc,task     ] GC(658) Using 2 workers of 2 for evacuation
[301.393s][info][gc,phases   ] GC(658)   Pre Evacuate Collection Set: 0.16ms
[301.393s][info][gc,phases   ] GC(658)   Merge Heap Roots: 0.13ms
[301.393s][info][gc,phases   ] GC(658)   Evacuate Collection Set: 34.67ms
[301.393s][info][gc,phases   ] GC(658)   Post Evacuate Collection Set: 1.26ms
[301.393s][info][gc,phases   ] GC(658)   Other: 0.07ms
[301.393s][info][gc,heap     ] GC(658) Eden regions: 117->0(205)
[301.393s][info][gc,heap     ] GC(658) Survivor regions: 15->14(17)
[301.393s][info][gc,heap     ] GC(658) Old regions: 87->96
[301.393s][info][gc,heap     ] GC(658) Humongous regions: 9->9
[301.393s][info][gc,metaspace] GC(658) Metaspace: 42750K(43136K)->42750K(43136K) NonClass: 39932K(40192K)->39932K(40192K) Class: 2818K(2944K)->2818K(2944K)
[301.393s][info][gc          ] GC(658) Pause Young (Mixed) (G1 Evacuation Pause) 227M->118M(388M) 36.479ms
[301.393s][info][gc,cpu      ] GC(658) User=0.07s Sys=0.00s Real=0.04s
[301.667s][info][gc,start    ] GC(659) Pause Young (Concurrent Start) (G1 Humongous Allocation)
[301.667s][info][gc,task     ] GC(659) Using 2 workers of 2 for evacuation
[301.708s][info][gc,phases   ] GC(659)   Pre Evacuate Collection Set: 0.23ms
[301.708s][info][gc,phases   ] GC(659)   Merge Heap Roots: 0.11ms
[301.708s][info][gc,phases   ] GC(659)   Evacuate Collection Set: 39.25ms
[301.708s][info][gc,phases   ] GC(659)   Post Evacuate Collection Set: 0.40ms
[301.708s][info][gc,phases   ] GC(659)   Other: 0.10ms
[301.708s][info][gc,heap     ] GC(659) Eden regions: 51->0(187)
[301.708s][info][gc,heap     ] GC(659) Survivor regions: 14->28(28)
[301.708s][info][gc,heap     ] GC(659) Old regions: 96->97
[301.708s][info][gc,heap     ] GC(659) Humongous regions: 9->9
[301.708s][info][gc,metaspace] GC(659) Metaspace: 42750K(43136K)->42750K(43136K) NonClass: 39932K(40192K)->39932K(40192K) Class: 2818K(2944K)->2818K(2944K)
[301.708s][info][gc          ] GC(659) Pause Young (Concurrent Start) (G1 Humongous Allocation) 168M->134M(388M) 40.342ms
[301.708s][info][gc,cpu      ] GC(659) User=0.07s Sys=0.01s Real=0.04s
[301.708s][info][gc          ] GC(660) Concurrent Mark Cycle
[301.708s][info][gc,marking  ] GC(660) Concurrent Scan Root Regions
[301.744s][info][gc,marking  ] GC(660) Concurrent Scan Root Regions 35.998ms
[301.744s][info][gc,marking  ] GC(660) Concurrent Mark
[301.744s][info][gc,marking  ] GC(660) Concurrent Mark From Roots
[301.744s][info][gc,task     ] GC(660) Using 1 workers of 1 for marking
[301.862s][info][gc,marking  ] GC(660) Concurrent Mark From Roots 118.163ms
[301.862s][info][gc,marking  ] GC(660) Concurrent Preclean
[301.862s][info][gc,marking  ] GC(660) Concurrent Preclean 0.042ms
[301.862s][info][gc,start    ] GC(660) Pause Remark
[301.877s][info][gc          ] GC(660) Pause Remark 146M->144M(388M) 14.360ms
[301.877s][info][gc,cpu      ] GC(660) User=0.03s Sys=0.00s Real=0.01s
[301.877s][info][gc,marking  ] GC(660) Concurrent Mark 132.867ms
[301.877s][info][gc,marking  ] GC(660) Concurrent Rebuild Remembered Sets and Scrub Regions
[301.935s][info][gc,marking  ] GC(660) Concurrent Rebuild Remembered Sets and Scrub Regions 57.998ms
[301.935s][info][gc,start    ] GC(660) Pause Cleanup
[301.935s][info][gc          ] GC(660) Pause Cleanup 152M->152M(388M) 0.054ms
[301.935s][info][gc,cpu      ] GC(660) User=0.00s Sys=0.00s Real=0.00s
[301.935s][info][gc,marking  ] GC(660) Concurrent Clear Claimed Marks
[301.935s][info][gc,marking  ] GC(660) Concurrent Clear Claimed Marks 0.066ms
[301.935s][info][gc,marking  ] GC(660) Concurrent Cleanup for Next Mark
[301.938s][info][gc,marking  ] GC(660) Concurrent Cleanup for Next Mark 2.517ms
[301.938s][info][gc          ] GC(660) Concurrent Mark Cycle 229.859ms
[303.109s][info][gc,start    ] GC(661) Pause Young (Prepare Mixed) (G1 Evacuation Pause)
[303.109s][info][gc,task     ] GC(661) Using 2 workers of 2 for evacuation
[303.149s][info][gc,phases   ] GC(661)   Pre Evacuate Collection Set: 0.19ms
[303.149s][info][gc,phases   ] GC(661)   Merge Heap Roots: 0.18ms
[303.149s][info][gc,phases   ] GC(661)   Evacuate Collection Set: 38.88ms
[303.149s][info][gc,phases   ] GC(661)   Post Evacuate Collection Set: 0.47ms
[303.149s][info][gc,phases   ] GC(661)   Other: 0.08ms
[303.149s][info][gc,heap     ] GC(661) Eden regions: 187->0(181)
[303.149s][info][gc,heap     ] GC(661) Survivor regions: 28->16(27)
[303.149s][info][gc,heap     ] GC(661) Old regions: 97->115
[303.149s][info][gc,heap     ] GC(661) Humongous regions: 15->13
[303.149s][info][gc,metaspace] GC(661) Metaspace: 42758K(43136K)->42758K(43136K) NonClass: 39939K(40192K)->39939K(40192K) Class: 2819K(2944K)->2819K(2944K)
[303.149s][info][gc          ] GC(661) Pause Young (Prepare Mixed) (G1 Evacuation Pause) 327M->144M(388M) 39.991ms
[303.149s][info][gc,cpu      ] GC(661) User=0.08s Sys=0.00s Real=0.04s
[304.075s][info][gc,start    ] GC(662) Pause Young (Mixed) (G1 Evacuation Pause)
[304.075s][info][gc,task     ] GC(662) Using 2 workers of 2 for evacuation
[304.089s][info][gc,phases   ] GC(662)   Pre Evacuate Collection Set: 0.21ms
[304.089s][info][gc,phases   ] GC(662)   Merge Heap Roots: 0.10ms
[304.089s][info][gc,phases   ] GC(662)   Evacuate Collection Set: 13.60ms
[304.089s][info][gc,phases   ] GC(662)   Post Evacuate Collection Set: 0.48ms
[304.089s][info][gc,phases   ] GC(662)   Other: 0.07ms
[304.089s][info][gc,heap     ] GC(662) Eden regions: 181->0(192)
[304.089s][info][gc,heap     ] GC(662) Survivor regions: 16->1(25)
[304.089s][info][gc,heap     ] GC(662) Old regions: 115->127
[304.089s][info][gc,heap     ] GC(662) Humongous regions: 13->13
[304.089s][info][gc,metaspace] GC(662) Metaspace: 42758K(43136K)->42758K(43136K) NonClass: 39939K(40192K)->39939K(40192K) Class: 2819K(2944K)->2819K(2944K)
[304.089s][info][gc          ] GC(662) Pause Young (Mixed) (G1 Evacuation Pause) 325M->140M(388M) 14.622ms
[304.089s][info][gc,cpu      ] GC(662) User=0.02s Sys=0.00s Real=0.01s
[305.146s][info][gc,start    ] GC(663) Pause Young (Concurrent Start) (G1 Evacuation Pause)
[305.146s][info][gc,task     ] GC(663) Using 2 workers of 2 for evacuation
[305.167s][info][gc,phases   ] GC(663)   Pre Evacuate Collection Set: 0.21ms
[305.167s][info][gc,phases   ] GC(663)   Merge Heap Roots: 0.08ms
[305.167s][info][gc,phases   ] GC(663)   Evacuate Collection Set: 20.22ms
[305.167s][info][gc,phases   ] GC(663)   Post Evacuate Collection Set: 0.42ms
[305.167s][info][gc,phases   ] GC(663)   Other: 0.08ms
[305.167s][info][gc,heap     ] GC(663) Eden regions: 192->0(175)
[305.167s][info][gc,heap     ] GC(663) Survivor regions: 1->22(25)
[305.167s][info][gc,heap     ] GC(663) Old regions: 127->127
[305.167s][info][gc,heap     ] GC(663) Humongous regions: 13->13
[305.167s][info][gc,metaspace] GC(663) Metaspace: 42759K(43136K)->42759K(43136K) NonClass: 39940K(40192K)->39940K(40192K) Class: 2819K(2944K)->2819K(2944K)
[305.167s][info][gc          ] GC(663) Pause Young (Concurrent Start) (G1 Evacuation Pause) 332M->161M(388M) 21.195ms
[305.167s][info][gc,cpu      ] GC(663) User=0.05s Sys=0.00s Real=0.02s
[305.167s][info][gc          ] GC(664) Concurrent Mark Cycle
[305.167s][info][gc,marking  ] GC(664) Concurrent Scan Root Regions
[305.184s][info][gc,marking  ] GC(664) Concurrent Scan Root Regions 16.561ms
[305.184s][info][gc,marking  ] GC(664) Concurrent Mark
[305.184s][info][gc,marking  ] GC(664) Concurrent Mark From Roots
[305.184s][info][gc,task     ] GC(664) Using 1 workers of 1 for marking
[305.221s][info][gc,marking  ] GC(664) Concurrent Mark From Roots 37.501ms
[305.221s][info][gc,marking  ] GC(664) Concurrent Preclean
[305.221s][info][gc,marking  ] GC(664) Concurrent Preclean 0.035ms
[305.221s][info][gc,start    ] GC(664) Pause Remark
[305.236s][info][gc          ] GC(664) Pause Remark 170M->81M(256M) 14.317ms
[305.236s][info][gc,cpu      ] GC(664) User=0.03s Sys=0.00s Real=0.02s
[305.236s][info][gc,marking  ] GC(664) Concurrent Mark 52.032ms
[305.236s][info][gc,marking  ] GC(664) Concurrent Rebuild Remembered Sets and Scrub Regions
[305.250s][info][gc,marking  ] GC(664) Concurrent Rebuild Remembered Sets and Scrub Regions 14.372ms
[305.250s][info][gc,start    ] GC(664) Pause Cleanup
[305.250s][info][gc          ] GC(664) Pause Cleanup 84M->84M(256M) 0.034ms
[305.250s][info][gc,cpu      ] GC(664) User=0.00s Sys=0.00s Real=0.00s
[305.250s][info][gc,marking  ] GC(664) Concurrent Clear Claimed Marks
[305.250s][info][gc,marking  ] GC(664) Concurrent Clear Claimed Marks 0.031ms
[305.250s][info][gc,marking  ] GC(664) Concurrent Cleanup for Next Mark
[305.251s][info][gc,marking  ] GC(664) Concurrent Cleanup for Next Mark 0.726ms
[305.251s][info][gc          ] GC(664) Concurrent Mark Cycle 84.034ms
[305.918s][info][gc,start    ] GC(665) Pause Young (Prepare Mixed) (G1 Evacuation Pause)
[305.918s][info][gc,task     ] GC(665) Using 2 workers of 2 for evacuation
[305.933s][info][gc,phases   ] GC(665)   Pre Evacuate Collection Set: 0.22ms
[305.933s][info][gc,phases   ] GC(665)   Merge Heap Roots: 0.10ms
[305.933s][info][gc,phases   ] GC(665)   Evacuate Collection Set: 13.86ms
[305.933s][info][gc,phases   ] GC(665)   Post Evacuate Collection Set: 0.42ms
[305.933s][info][gc,phases   ] GC(665)   Other: 0.07ms
[305.933s][info][gc,heap     ] GC(665) Eden regions: 131->0(142)
[305.933s][info][gc,heap     ] GC(665) Survivor regions: 22->11(20)
[305.933s][info][gc,heap     ] GC(665) Old regions: 50->55
[305.933s][info][gc,heap     ] GC(665) Humongous regions: 1->1
[305.933s][info][gc,metaspace] GC(665) Metaspace: 42759K(43136K)->42759K(43136K) NonClass: 39940K(40192K)->39940K(40192K) Class: 2819K(2944K)->2819K(2944K)
[305.933s][info][gc          ] GC(665) Pause Young (Prepare Mixed) (G1 Evacuation Pause) 203M->65M(256M) 14.843ms
[305.933s][info][gc,cpu      ] GC(665) User=0.03s Sys=0.01s Real=0.02s
[306.702s][info][gc,start    ] GC(666) Pause Young (Mixed) (G1 Evacuation Pause)
[306.702s][info][gc,task     ] GC(666) Using 2 workers of 2 for evacuation
[306.723s][info][gc,phases   ] GC(666)   Pre Evacuate Collection Set: 0.17ms
[306.723s][info][gc,phases   ] GC(666)   Merge Heap Roots: 0.09ms
[306.723s][info][gc,phases   ] GC(666)   Evacuate Collection Set: 19.86ms
[306.723s][info][gc,phases   ] GC(666)   Post Evacuate Collection Set: 0.39ms
[306.723s][info][gc,phases   ] GC(666)   Other: 0.07ms
[306.723s][info][gc,heap     ] GC(666) Eden regions: 142->0(139)
[306.723s][info][gc,heap     ] GC(666) Survivor regions: 11->14(20)
[306.723s][info][gc,heap     ] GC(666) Old regions: 55->60
[306.723s][info][gc,heap     ] GC(666) Humongous regions: 2->2
[306.723s][info][gc,metaspace] GC(666) Metaspace: 42759K(43136K)->42759K(43136K) NonClass: 39940K(40192K)->39940K(40192K) Class: 2819K(2944K)->2819K(2944K)
[306.723s][info][gc          ] GC(666) Pause Young (Mixed) (G1 Evacuation Pause) 208M->75M(256M) 20.764ms
[306.723s][info][gc,cpu      ] GC(666) User=0.04s Sys=0.00s Real=0.02s
[307.544s][info][gc,start    ] GC(667) Pause Young (Concurrent Start) (G1 Evacuation Pause)
[307.544s][info][gc,task     ] GC(667) Using 2 workers of 2 for evacuation
[307.567s][info][gc,phases   ] GC(667)   Pre Evacuate Collection Set: 0.17ms
[307.567s][info][gc,phases   ] GC(667)   Merge Heap Roots: 0.07ms
[307.567s][info][gc,phases   ] GC(667)   Evacuate Collection Set: 22.13ms
[307.567s][info][gc,phases   ] GC(667)   Post Evacuate Collection Set: 0.39ms
[307.567s][info][gc,phases   ] GC(667)   Other: 0.08ms
[307.567s][info][gc,heap     ] GC(667) Eden regions: 139->0(132)
[307.567s][info][gc,heap     ] GC(667) Survivor regions: 14->13(20)
[307.567s][info][gc,heap     ] GC(667) Old regions: 60->74
[307.567s][info][gc,heap     ] GC(667) Humongous regions: 2->2
[307.567s][info][gc,metaspace] GC(667) Metaspace: 42759K(43136K)->42759K(43136K) NonClass: 39940K(40192K)->39940K(40192K) Class: 2819K(2944K)->2819K(2944K)
[307.567s][info][gc          ] GC(667) Pause Young (Concurrent Start) (G1 Evacuation Pause) 214M->88M(256M) 23.063ms
[307.568s][info][gc,cpu      ] GC(667) User=0.05s Sys=0.00s Real=0.02s
[307.568s][info][gc          ] GC(668) Concurrent Mark Cycle
[307.568s][info][gc,marking  ] GC(668) Concurrent Scan Root Regions
[307.585s][info][gc,marking  ] GC(668) Concurrent Scan Root Regions 17.905ms
[307.585s][info][gc,marking  ] GC(668) Concurrent Mark
[307.586s][info][gc,marking  ] GC(668) Concurrent Mark From Roots
[307.586s][info][gc,task     ] GC(668) Using 1 workers of 1 for marking
[307.621s][info][gc,marking  ] GC(668) Concurrent Mark From Roots 35.872ms
[307.621s][info][gc,marking  ] GC(668) Concurrent Preclean
[307.621s][info][gc,marking  ] GC(668) Concurrent Preclean 0.039ms
[307.622s][info][gc,start    ] GC(668) Pause Remark
[307.637s][info][gc          ] GC(668) Pause Remark 93M->86M(256M) 14.962ms
[307.637s][info][gc,cpu      ] GC(668) User=0.03s Sys=0.00s Real=0.02s
[307.637s][info][gc,marking  ] GC(668) Concurrent Mark 51.211ms
[307.637s][info][gc,marking  ] GC(668) Concurrent Rebuild Remembered Sets and Scrub Regions
[307.662s][info][gc,marking  ] GC(668) Concurrent Rebuild Remembered Sets and Scrub Regions 25.174ms
[307.662s][info][gc,start    ] GC(668) Pause Cleanup
[307.662s][info][gc          ] GC(668) Pause Cleanup 91M->91M(256M) 0.043ms
[307.662s][info][gc,cpu      ] GC(668) User=0.00s Sys=0.00s Real=0.00s
[307.662s][info][gc,marking  ] GC(668) Concurrent Clear Claimed Marks
[307.662s][info][gc,marking  ] GC(668) Concurrent Clear Claimed Marks 0.034ms
[307.662s][info][gc,marking  ] GC(668) Concurrent Cleanup for Next Mark
[307.663s][info][gc,marking  ] GC(668) Concurrent Cleanup for Next Mark 0.748ms
[307.663s][info][gc          ] GC(668) Concurrent Mark Cycle 95.407ms
[308.044s][info][gc,start    ] GC(669) Pause Young (Prepare Mixed) (G1 Evacuation Pause)
[308.044s][info][gc,task     ] GC(669) Using 2 workers of 2 for evacuation
[308.066s][info][gc,phases   ] GC(669)   Pre Evacuate Collection Set: 0.23ms
[308.066s][info][gc,phases   ] GC(669)   Merge Heap Roots: 0.09ms
[308.066s][info][gc,phases   ] GC(669)   Evacuate Collection Set: 21.06ms
[308.066s][info][gc,phases   ] GC(669)   Post Evacuate Collection Set: 0.42ms
[308.066s][info][gc,phases   ] GC(669)   Other: 0.09ms
[308.066s][info][gc,heap     ] GC(669) Eden regions: 132->0(121)
[308.066s][info][gc,heap     ] GC(669) Survivor regions: 13->19(19)
[308.066s][info][gc,heap     ] GC(669) Old regions: 67->73
[308.066s][info][gc,heap     ] GC(669) Humongous regions: 4->4
[308.066s][info][gc,metaspace] GC(669) Metaspace: 42759K(43136K)->42759K(43136K) NonClass: 39940K(40192K)->39940K(40192K) Class: 2819K(2944K)->2819K(2944K)
[308.066s][info][gc          ] GC(669) Pause Young (Prepare Mixed) (G1 Evacuation Pause) 214M->95M(256M) 22.083ms
[308.066s][info][gc,cpu      ] GC(669) User=0.04s Sys=0.00s Real=0.02s
[308.334s][info][gc,start    ] GC(670) Pause Young (Mixed) (G1 Evacuation Pause)
[308.334s][info][gc,task     ] GC(670) Using 2 workers of 2 for evacuation
[308.371s][info][gc,phases   ] GC(670)   Pre Evacuate Collection Set: 0.16ms
[308.371s][info][gc,phases   ] GC(670)   Merge Heap Roots: 0.23ms
[308.371s][info][gc,phases   ] GC(670)   Evacuate Collection Set: 36.05ms
[308.371s][info][gc,phases   ] GC(670)   Post Evacuate Collection Set: 0.70ms
[308.371s][info][gc,phases   ] GC(670)   Other: 0.08ms
[308.371s][info][gc,heap     ] GC(670) Eden regions: 121->0(122)
[308.371s][info][gc,heap     ] GC(670) Survivor regions: 19->15(18)
[308.371s][info][gc,heap     ] GC(670) Old regions: 73->75
[308.371s][info][gc,heap     ] GC(670) Humongous regions: 5->5
[308.371s][info][gc,metaspace] GC(670) Metaspace: 42759K(43136K)->42759K(43136K) NonClass: 39940K(40192K)->39940K(40192K) Class: 2819K(2944K)->2819K(2944K)
[308.371s][info][gc          ] GC(670) Pause Young (Mixed) (G1 Evacuation Pause) 217M->94M(256M) 37.426ms
[308.371s][info][gc,cpu      ] GC(670) User=0.07s Sys=0.00s Real=0.03s
[308.563s][info][gc,start    ] GC(671) Pause Young (Concurrent Start) (G1 Humongous Allocation)
[308.563s][info][gc,task     ] GC(671) Using 2 workers of 2 for evacuation
[308.584s][info][gc,phases   ] GC(671)   Pre Evacuate Collection Set: 0.18ms
[308.584s][info][gc,phases   ] GC(671)   Merge Heap Roots: 0.06ms
[308.584s][info][gc,phases   ] GC(671)   Evacuate Collection Set: 21.05ms
[308.584s][info][gc,phases   ] GC(671)   Post Evacuate Collection Set: 0.35ms
[308.584s][info][gc,phases   ] GC(671)   Other: 0.08ms
[308.584s][info][gc,heap     ] GC(671) Eden regions: 87->0(113)
[308.584s][info][gc,heap     ] GC(671) Survivor regions: 15->11(18)
[308.584s][info][gc,heap     ] GC(671) Old regions: 75->90
[308.584s][info][gc,heap     ] GC(671) Humongous regions: 5->5
[308.584s][info][gc,metaspace] GC(671) Metaspace: 42759K(43136K)->42759K(43136K) NonClass: 39940K(40192K)->39940K(40192K) Class: 2819K(2944K)->2819K(2944K)
[308.585s][info][gc          ] GC(671) Pause Young (Concurrent Start) (G1 Humongous Allocation) 181M->105M(256M) 21.937ms
[308.585s][info][gc          ] GC(672) Concurrent Mark Cycle
[308.585s][info][gc,marking  ] GC(672) Concurrent Scan Root Regions
[308.587s][info][gc,cpu      ] GC(671) User=0.04s Sys=0.01s Real=0.02s
[308.602s][info][gc,marking  ] GC(672) Concurrent Scan Root Regions 17.102ms
[308.602s][info][gc,marking  ] GC(672) Concurrent Mark
[308.602s][info][gc,marking  ] GC(672) Concurrent Mark From Roots
[308.602s][info][gc,task     ] GC(672) Using 1 workers of 1 for marking
[308.645s][info][gc,marking  ] GC(672) Concurrent Mark From Roots 43.536ms
[308.645s][info][gc,marking  ] GC(672) Concurrent Preclean
[308.645s][info][gc,marking  ] GC(672) Concurrent Preclean 0.037ms
[308.645s][info][gc,start    ] GC(672) Pause Remark
[308.661s][info][gc          ] GC(672) Pause Remark 127M->109M(256M) 15.462ms
[308.661s][info][gc,cpu      ] GC(672) User=0.03s Sys=0.00s Real=0.01s
[308.661s][info][gc,marking  ] GC(672) Concurrent Mark 59.292ms
[308.661s][info][gc,marking  ] GC(672) Concurrent Rebuild Remembered Sets and Scrub Regions
[308.694s][info][gc,marking  ] GC(672) Concurrent Rebuild Remembered Sets and Scrub Regions 33.440ms
[308.695s][info][gc,start    ] GC(672) Pause Cleanup
[308.695s][info][gc          ] GC(672) Pause Cleanup 124M->124M(256M) 0.044ms
[308.695s][info][gc,cpu      ] GC(672) User=0.00s Sys=0.00s Real=0.00s
[308.696s][info][gc,marking  ] GC(672) Concurrent Clear Claimed Marks
[308.696s][info][gc,marking  ] GC(672) Concurrent Clear Claimed Marks 0.050ms
[308.696s][info][gc,marking  ] GC(672) Concurrent Cleanup for Next Mark
[308.697s][info][gc,marking  ] GC(672) Concurrent Cleanup for Next Mark 0.760ms
[308.697s][info][gc          ] GC(672) Concurrent Mark Cycle 112.296ms
[308.861s][info][gc,start    ] GC(673) Pause Young (Prepare Mixed) (G1 Evacuation Pause)
[308.861s][info][gc,task     ] GC(673) Using 2 workers of 2 for evacuation
[308.888s][info][gc,phases   ] GC(673)   Pre Evacuate Collection Set: 0.15ms
[308.888s][info][gc,phases   ] GC(673)   Merge Heap Roots: 0.09ms
[308.888s][info][gc,phases   ] GC(673)   Evacuate Collection Set: 26.26ms
[308.888s][info][gc,phases   ] GC(673)   Post Evacuate Collection Set: 0.63ms
[308.888s][info][gc,phases   ] GC(673)   Other: 0.07ms
[308.888s][info][gc,heap     ] GC(673) Eden regions: 113->0(139)
[308.888s][info][gc,heap     ] GC(673) Survivor regions: 11->14(16)
[308.888s][info][gc,heap     ] GC(673) Old regions: 73->84
[308.888s][info][gc,heap     ] GC(673) Humongous regions: 6->6
[308.888s][info][gc,metaspace] GC(673) Metaspace: 42759K(43136K)->42759K(43136K) NonClass: 39940K(40192K)->39940K(40192K) Class: 2819K(2944K)->2819K(2944K)
[308.888s][info][gc          ] GC(673) Pause Young (Prepare Mixed) (G1 Evacuation Pause) 202M->103M(285M) 27.382ms
[308.888s][info][gc,cpu      ] GC(673) User=0.05s Sys=0.01s Real=0.03s
[309.211s][info][gc,start    ] GC(674) Pause Young (Mixed) (G1 Evacuation Pause)
[309.211s][info][gc,task     ] GC(674) Using 2 workers of 2 for evacuation
[309.246s][info][gc,phases   ] GC(674)   Pre Evacuate Collection Set: 0.18ms
[309.246s][info][gc,phases   ] GC(674)   Merge Heap Roots: 0.13ms
[309.246s][info][gc,phases   ] GC(674)   Evacuate Collection Set: 34.51ms
[309.246s][info][gc,phases   ] GC(674)   Post Evacuate Collection Set: 0.52ms
[309.246s][info][gc,phases   ] GC(674)   Other: 0.09ms
[309.246s][info][gc,heap     ] GC(674) Eden regions: 139->0(139)
[309.246s][info][gc,heap     ] GC(674) Survivor regions: 14->16(20)
[309.246s][info][gc,heap     ] GC(674) Old regions: 84->83
[309.246s][info][gc,heap     ] GC(674) Humongous regions: 6->6
[309.246s][info][gc,metaspace] GC(674) Metaspace: 42759K(43136K)->42759K(43136K) NonClass: 39940K(40192K)->39940K(40192K) Class: 2819K(2944K)->2819K(2944K)
[309.247s][info][gc          ] GC(674) Pause Young (Mixed) (G1 Evacuation Pause) 242M->104M(285M) 35.632ms
[309.247s][info][gc,cpu      ] GC(674) User=0.07s Sys=0.00s Real=0.04s
[309.300s][info][gc,start    ] GC(675) Pause Young (Concurrent Start) (G1 Humongous Allocation)
[309.300s][info][gc,task     ] GC(675) Using 2 workers of 2 for evacuation
[309.318s][info][gc,phases   ] GC(675)   Pre Evacuate Collection Set: 0.19ms
[309.318s][info][gc,phases   ] GC(675)   Merge Heap Roots: 0.06ms
[309.318s][info][gc,phases   ] GC(675)   Evacuate Collection Set: 17.79ms
[309.318s][info][gc,phases   ] GC(675)   Post Evacuate Collection Set: 0.31ms
[309.318s][info][gc,phases   ] GC(675)   Other: 0.11ms
[309.318s][info][gc,heap     ] GC(675) Eden regions: 22->0(137)
[309.318s][info][gc,heap     ] GC(675) Survivor regions: 16->3(20)
[309.318s][info][gc,heap     ] GC(675) Old regions: 83->99
[309.318s][info][gc,heap     ] GC(675) Humongous regions: 6->6
[309.318s][info][gc,metaspace] GC(675) Metaspace: 42759K(43136K)->42759K(43136K) NonClass: 39940K(40192K)->39940K(40192K) Class: 2819K(2944K)->2819K(2944K)
[309.318s][info][gc          ] GC(675) Pause Young (Concurrent Start) (G1 Humongous Allocation) 126M->107M(285M) 18.619ms
[309.318s][info][gc,cpu      ] GC(675) User=0.04s Sys=0.00s Real=0.02s
[309.318s][info][gc          ] GC(676) Concurrent Mark Cycle
[309.318s][info][gc,marking  ] GC(676) Concurrent Scan Root Regions
[309.335s][info][gc,marking  ] GC(676) Concurrent Scan Root Regions 17.055ms
[309.335s][info][gc,marking  ] GC(676) Concurrent Mark
[309.335s][info][gc,marking  ] GC(676) Concurrent Mark From Roots
[309.335s][info][gc,task     ] GC(676) Using 1 workers of 1 for marking
[309.430s][info][gc,marking  ] GC(676) Concurrent Mark From Roots 94.634ms
[309.430s][info][gc,marking  ] GC(676) Concurrent Preclean
[309.430s][info][gc,marking  ] GC(676) Concurrent Preclean 0.037ms
[309.430s][info][gc,start    ] GC(676) Pause Remark
[309.445s][info][gc          ] GC(676) Pause Remark 136M->135M(285M) 14.876ms
[309.445s][info][gc,cpu      ] GC(676) User=0.03s Sys=0.00s Real=0.02s
[309.445s][info][gc,marking  ] GC(676) Concurrent Mark 109.841ms
[309.445s][info][gc,marking  ] GC(676) Concurrent Rebuild Remembered Sets and Scrub Regions
[309.514s][info][gc,marking  ] GC(676) Concurrent Rebuild Remembered Sets and Scrub Regions 68.815ms
[309.514s][info][gc,start    ] GC(676) Pause Cleanup
[309.514s][info][gc          ] GC(676) Pause Cleanup 169M->169M(285M) 0.043ms
[309.514s][info][gc,cpu      ] GC(676) User=0.00s Sys=0.00s Real=0.00s
[309.514s][info][gc,marking  ] GC(676) Concurrent Clear Claimed Marks
[309.514s][info][gc,marking  ] GC(676) Concurrent Clear Claimed Marks 0.035ms
[309.514s][info][gc,marking  ] GC(676) Concurrent Cleanup for Next Mark
[309.515s][info][gc,marking  ] GC(676) Concurrent Cleanup for Next Mark 1.076ms
[309.515s][info][gc          ] GC(676) Concurrent Mark Cycle 197.201ms
[309.701s][info][gc,start    ] GC(677) Pause Young (Prepare Mixed) (G1 Evacuation Pause)
[309.701s][info][gc,task     ] GC(677) Using 2 workers of 2 for evacuation
[309.726s][info][gc,phases   ] GC(677)   Pre Evacuate Collection Set: 0.17ms
[309.726s][info][gc,phases   ] GC(677)   Merge Heap Roots: 0.11ms
[309.726s][info][gc,phases   ] GC(677)   Evacuate Collection Set: 24.00ms
[309.726s][info][gc,phases   ] GC(677)   Post Evacuate Collection Set: 0.39ms
[309.726s][info][gc,phases   ] GC(677)   Other: 0.07ms
[309.726s][info][gc,heap     ] GC(677) Eden regions: 137->0(123)
[309.726s][info][gc,heap     ] GC(677) Survivor regions: 3->18(18)
[309.726s][info][gc,heap     ] GC(677) Old regions: 99->99
[309.726s][info][gc,heap     ] GC(677) Humongous regions: 9->9
[309.726s][info][gc,metaspace] GC(677) Metaspace: 42759K(43136K)->42759K(43136K) NonClass: 39940K(40192K)->39940K(40192K) Class: 2819K(2944K)->2819K(2944K)
[309.726s][info][gc          ] GC(677) Pause Young (Prepare Mixed) (G1 Evacuation Pause) 247M->125M(285M) 24.966ms
[309.726s][info][gc,cpu      ] GC(677) User=0.05s Sys=0.00s Real=0.03s
[310.895s][info][gc,start    ] GC(678) Pause Young (Mixed) (G1 Evacuation Pause)
[310.895s][info][gc,task     ] GC(678) Using 2 workers of 2 for evacuation
[310.954s][info][gc,phases   ] GC(678)   Pre Evacuate Collection Set: 0.17ms
[310.954s][info][gc,phases   ] GC(678)   Merge Heap Roots: 0.49ms
[310.954s][info][gc,phases   ] GC(678)   Evacuate Collection Set: 57.46ms
[310.954s][info][gc,phases   ] GC(678)   Post Evacuate Collection Set: 0.43ms
[310.954s][info][gc,phases   ] GC(678)   Other: 0.07ms
[310.954s][info][gc,heap     ] GC(678) Eden regions: 123->0(116)
[310.954s][info][gc,heap     ] GC(678) Survivor regions: 18->8(18)
[310.954s][info][gc,heap     ] GC(678) Old regions: 99->114
[310.954s][info][gc,heap     ] GC(678) Humongous regions: 17->15
[310.954s][info][gc,metaspace] GC(678) Metaspace: 42759K(43136K)->42759K(43136K) NonClass: 39940K(40192K)->39940K(40192K) Class: 2819K(2944K)->2819K(2944K)
[310.954s][info][gc          ] GC(678) Pause Young (Mixed) (G1 Evacuation Pause) 256M->136M(285M) 58.809ms
[310.954s][info][gc,cpu      ] GC(678) User=0.11s Sys=0.00s Real=0.06s
[311.327s][info][gc,start    ] GC(679) Pause Young (Concurrent Start) (G1 Evacuation Pause)
[311.327s][info][gc,task     ] GC(679) Using 2 workers of 2 for evacuation
[311.346s][info][gc,phases   ] GC(679)   Pre Evacuate Collection Set: 0.19ms
[311.346s][info][gc,phases   ] GC(679)   Merge Heap Roots: 0.12ms
[311.346s][info][gc,phases   ] GC(679)   Evacuate Collection Set: 17.07ms
[311.346s][info][gc,phases   ] GC(679)   Post Evacuate Collection Set: 1.11ms
[311.346s][info][gc,phases   ] GC(679)   Other: 0.08ms
[311.346s][info][gc,heap     ] GC(679) Eden regions: 116->0(196)
[311.346s][info][gc,heap     ] GC(679) Survivor regions: 8->13(16)
[311.346s][info][gc,heap     ] GC(679) Old regions: 114->114
[311.346s][info][gc,heap     ] GC(679) Humongous regions: 15->15
[311.346s][info][gc,metaspace] GC(679) Metaspace: 42759K(43136K)->42759K(43136K) NonClass: 39940K(40192K)->39940K(40192K) Class: 2819K(2944K)->2819K(2944K)
[311.346s][info][gc          ] GC(679) Pause Young (Concurrent Start) (G1 Evacuation Pause) 252M->142M(387M) 18.810ms
[311.346s][info][gc,cpu      ] GC(679) User=0.04s Sys=0.01s Real=0.02s
[311.346s][info][gc          ] GC(680) Concurrent Mark Cycle
[311.346s][info][gc,marking  ] GC(680) Concurrent Scan Root Regions
[311.355s][info][gc,marking  ] GC(680) Concurrent Scan Root Regions 8.956ms
[311.355s][info][gc,marking  ] GC(680) Concurrent Mark
[311.355s][info][gc,marking  ] GC(680) Concurrent Mark From Roots
[311.355s][info][gc,task     ] GC(680) Using 1 workers of 1 for marking
[311.388s][info][gc,marking  ] GC(680) Concurrent Mark From Roots 33.345ms
[311.388s][info][gc,marking  ] GC(680) Concurrent Preclean
[311.388s][info][gc,marking  ] GC(680) Concurrent Preclean 0.033ms
[311.389s][info][gc,start    ] GC(680) Pause Remark
[311.403s][info][gc          ] GC(680) Pause Remark 150M->130M(387M) 14.261ms
[311.403s][info][gc,cpu      ] GC(680) User=0.03s Sys=0.00s Real=0.02s
[311.403s][info][gc,marking  ] GC(680) Concurrent Mark 48.288ms
[311.403s][info][gc,marking  ] GC(680) Concurrent Rebuild Remembered Sets and Scrub Regions
[311.417s][info][gc,marking  ] GC(680) Concurrent Rebuild Remembered Sets and Scrub Regions 13.535ms
[311.417s][info][gc,start    ] GC(680) Pause Cleanup
[311.417s][info][gc          ] GC(680) Pause Cleanup 133M->133M(387M) 0.088ms
[311.417s][info][gc,cpu      ] GC(680) User=0.00s Sys=0.00s Real=0.00s
[311.417s][info][gc,marking  ] GC(680) Concurrent Clear Claimed Marks
[311.417s][info][gc,marking  ] GC(680) Concurrent Clear Claimed Marks 0.032ms
[311.417s][info][gc,marking  ] GC(680) Concurrent Cleanup for Next Mark
[311.419s][info][gc,marking  ] GC(680) Concurrent Cleanup for Next Mark 2.074ms
[311.419s][info][gc          ] GC(680) Concurrent Mark Cycle 73.261ms
[312.411s][info][gc,start    ] GC(681) Pause Young (Prepare Mixed) (G1 Evacuation Pause)
[312.411s][info][gc,task     ] GC(681) Using 2 workers of 2 for evacuation
[312.416s][info][gc,phases   ] GC(681)   Pre Evacuate Collection Set: 0.19ms
[312.416s][info][gc,phases   ] GC(681)   Merge Heap Roots: 0.11ms
[312.416s][info][gc,phases   ] GC(681)   Evacuate Collection Set: 4.12ms
[312.416s][info][gc,phases   ] GC(681)   Post Evacuate Collection Set: 0.39ms
[312.416s][info][gc,phases   ] GC(681)   Other: 0.08ms
[312.416s][info][gc,heap     ] GC(681) Eden regions: 196->0(225)
[312.416s][info][gc,heap     ] GC(681) Survivor regions: 13->7(27)
[312.416s][info][gc,heap     ] GC(681) Old regions: 108->108
[312.416s][info][gc,heap     ] GC(681) Humongous regions: 1->1
[312.416s][info][gc,metaspace] GC(681) Metaspace: 42759K(43136K)->42759K(43136K) NonClass: 39940K(40192K)->39940K(40192K) Class: 2819K(2944K)->2819K(2944K)
[312.416s][info][gc          ] GC(681) Pause Young (Prepare Mixed) (G1 Evacuation Pause) 318M->116M(387M) 5.061ms
[312.416s][info][gc,cpu      ] GC(681) User=0.01s Sys=0.00s Real=0.01s
[313.583s][info][gc,start    ] GC(682) Pause Young (Mixed) (G1 Evacuation Pause)
[313.583s][info][gc,task     ] GC(682) Using 2 workers of 2 for evacuation
[313.593s][info][gc,phases   ] GC(682)   Pre Evacuate Collection Set: 0.21ms
[313.593s][info][gc,phases   ] GC(682)   Merge Heap Roots: 0.07ms
[313.593s][info][gc,phases   ] GC(682)   Evacuate Collection Set: 9.32ms
[313.593s][info][gc,phases   ] GC(682)   Post Evacuate Collection Set: 0.43ms
[313.593s][info][gc,phases   ] GC(682)   Other: 0.08ms
[313.593s][info][gc,heap     ] GC(682) Eden regions: 225->0(219)
[313.593s][info][gc,heap     ] GC(682) Survivor regions: 7->13(29)
[313.593s][info][gc,heap     ] GC(682) Old regions: 108->70
[313.593s][info][gc,heap     ] GC(682) Humongous regions: 1->1
[313.593s][info][gc,metaspace] GC(682) Metaspace: 42759K(43136K)->42759K(43136K) NonClass: 39940K(40192K)->39940K(40192K) Class: 2819K(2944K)->2819K(2944K)
[313.593s][info][gc          ] GC(682) Pause Young (Mixed) (G1 Evacuation Pause) 341M->82M(387M) 10.281ms
[313.593s][info][gc,cpu      ] GC(682) User=0.02s Sys=0.00s Real=0.01s
[314.747s][info][gc,start    ] GC(683) Pause Young (Mixed) (G1 Evacuation Pause)
[314.747s][info][gc,task     ] GC(683) Using 2 workers of 2 for evacuation
[314.751s][info][gc,phases   ] GC(683)   Pre Evacuate Collection Set: 0.20ms
[314.751s][info][gc,phases   ] GC(683)   Merge Heap Roots: 0.06ms
[314.751s][info][gc,phases   ] GC(683)   Evacuate Collection Set: 3.24ms
[314.751s][info][gc,phases   ] GC(683)   Post Evacuate Collection Set: 0.44ms
[314.752s][info][gc,phases   ] GC(683)   Other: 0.07ms
[314.752s][info][gc,heap     ] GC(683) Eden regions: 219->0(226)
[314.752s][info][gc,heap     ] GC(683) Survivor regions: 13->6(29)
[314.752s][info][gc,heap     ] GC(683) Old regions: 70->43
[314.752s][info][gc,heap     ] GC(683) Humongous regions: 2->1
[314.752s][info][gc,metaspace] GC(683) Metaspace: 42760K(43136K)->42760K(43136K) NonClass: 39940K(40192K)->39940K(40192K) Class: 2819K(2944K)->2819K(2944K)
[314.752s][info][gc          ] GC(683) Pause Young (Mixed) (G1 Evacuation Pause) 302M->48M(387M) 4.180ms
[314.752s][info][gc,cpu      ] GC(683) User=0.01s Sys=0.00s Real=0.00s
[315.706s][info][gc,start    ] GC(684) Pause Young (Concurrent Start) (G1 Humongous Allocation)
[315.706s][info][gc,task     ] GC(684) Using 2 workers of 2 for evacuation
[315.712s][info][gc,phases   ] GC(684)   Pre Evacuate Collection Set: 0.18ms
[315.712s][info][gc,phases   ] GC(684)   Merge Heap Roots: 0.05ms
[315.712s][info][gc,phases   ] GC(684)   Evacuate Collection Set: 4.84ms
[315.712s][info][gc,phases   ] GC(684)   Post Evacuate Collection Set: 0.45ms
[315.712s][info][gc,phases   ] GC(684)   Other: 0.11ms
[315.712s][info][gc,heap     ] GC(684) Eden regions: 195->0(225)
[315.712s][info][gc,heap     ] GC(684) Survivor regions: 6->7(29)
[315.712s][info][gc,heap     ] GC(684) Old regions: 43->43
[315.712s][info][gc,heap     ] GC(684) Humongous regions: 1->1
[315.712s][info][gc,metaspace] GC(684) Metaspace: 42763K(43136K)->42763K(43136K) NonClass: 39944K(40192K)->39944K(40192K) Class: 2819K(2944K)->2819K(2944K)
[315.712s][info][gc          ] GC(684) Pause Young (Concurrent Start) (G1 Humongous Allocation) 243M->49M(387M) 5.803ms
[315.712s][info][gc          ] GC(685) Concurrent Mark Cycle
[315.712s][info][gc,marking  ] GC(685) Concurrent Scan Root Regions
[315.714s][info][gc,cpu      ] GC(684) User=0.01s Sys=0.00s Real=0.01s
[315.725s][info][gc,marking  ] GC(685) Concurrent Scan Root Regions 12.733ms
[315.725s][info][gc,marking  ] GC(685) Concurrent Mark
[315.725s][info][gc,marking  ] GC(685) Concurrent Mark From Roots
[315.725s][info][gc,task     ] GC(685) Using 1 workers of 1 for marking
[315.759s][info][gc,marking  ] GC(685) Concurrent Mark From Roots 34.417ms
[315.759s][info][gc,marking  ] GC(685) Concurrent Preclean
[315.759s][info][gc,marking  ] GC(685) Concurrent Preclean 0.046ms
[315.759s][info][gc,start    ] GC(685) Pause Remark
[315.774s][info][gc          ] GC(685) Pause Remark 59M->57M(256M) 14.099ms
[315.774s][info][gc,cpu      ] GC(685) User=0.03s Sys=0.00s Real=0.02s
[315.775s][info][gc,marking  ] GC(685) Concurrent Mark 50.086ms
[315.775s][info][gc,marking  ] GC(685) Concurrent Rebuild Remembered Sets and Scrub Regions
[315.795s][info][gc,marking  ] GC(685) Concurrent Rebuild Remembered Sets and Scrub Regions 19.465ms
[315.795s][info][gc,start    ] GC(685) Pause Cleanup
[315.795s][info][gc          ] GC(685) Pause Cleanup 64M->64M(256M) 0.039ms
[315.795s][info][gc,cpu      ] GC(685) User=0.00s Sys=0.00s Real=0.00s
[315.795s][info][gc,marking  ] GC(685) Concurrent Clear Claimed Marks
[315.795s][info][gc,marking  ] GC(685) Concurrent Clear Claimed Marks 0.039ms
[315.795s][info][gc,marking  ] GC(685) Concurrent Cleanup for Next Mark
[315.796s][info][gc,marking  ] GC(685) Concurrent Cleanup for Next Mark 0.771ms
[315.796s][info][gc          ] GC(685) Concurrent Mark Cycle 83.586ms
[316.297s][info][gc,start    ] GC(686) Pause Young (Prepare Mixed) (G1 Evacuation Pause)
[316.297s][info][gc,task     ] GC(686) Using 2 workers of 2 for evacuation
[316.305s][info][gc,phases   ] GC(686)   Pre Evacuate Collection Set: 0.22ms
[316.305s][info][gc,phases   ] GC(686)   Merge Heap Roots: 0.11ms
[316.305s][info][gc,phases   ] GC(686)   Evacuate Collection Set: 7.18ms
[316.305s][info][gc,phases   ] GC(686)   Post Evacuate Collection Set: 0.40ms
[316.305s][info][gc,phases   ] GC(686)   Other: 0.07ms
[316.305s][info][gc,heap     ] GC(686) Eden regions: 146->0(143)
[316.305s][info][gc,heap     ] GC(686) Survivor regions: 7->10(20)
[316.305s][info][gc,heap     ] GC(686) Old regions: 41->41
[316.305s][info][gc,heap     ] GC(686) Humongous regions: 15->3
[316.305s][info][gc,metaspace] GC(686) Metaspace: 42763K(43136K)->42763K(43136K) NonClass: 39944K(40192K)->39944K(40192K) Class: 2819K(2944K)->2819K(2944K)
[316.305s][info][gc          ] GC(686) Pause Young (Prepare Mixed) (G1 Evacuation Pause) 207M->52M(256M) 8.156ms
[316.305s][info][gc,cpu      ] GC(686) User=0.01s Sys=0.00s Real=0.01s
[316.865s][info][gc,start    ] GC(687) Pause Young (Mixed) (G1 Evacuation Pause)
[316.865s][info][gc,task     ] GC(687) Using 2 workers of 2 for evacuation
[316.893s][info][gc,phases   ] GC(687)   Pre Evacuate Collection Set: 0.19ms
[316.893s][info][gc,phases   ] GC(687)   Merge Heap Roots: 0.07ms
[316.893s][info][gc,phases   ] GC(687)   Evacuate Collection Set: 27.19ms
[316.893s][info][gc,phases   ] GC(687)   Post Evacuate Collection Set: 0.61ms
[316.893s][info][gc,phases   ] GC(687)   Other: 0.08ms
[316.893s][info][gc,heap     ] GC(687) Eden regions: 143->0(135)
[316.893s][info][gc,heap     ] GC(687) Survivor regions: 10->18(20)
[316.893s][info][gc,heap     ] GC(687) Old regions: 41->38
[316.893s][info][gc,heap     ] GC(687) Humongous regions: 10->3
[316.893s][info][gc,metaspace] GC(687) Metaspace: 42763K(43136K)->42763K(43136K) NonClass: 39944K(40192K)->39944K(40192K) Class: 2819K(2944K)->2819K(2944K)
[316.893s][info][gc          ] GC(687) Pause Young (Mixed) (G1 Evacuation Pause) 202M->56M(256M) 28.345ms
[316.893s][info][gc,cpu      ] GC(687) User=0.03s Sys=0.00s Real=0.03s
[316.909s][info][gc,start    ] GC(688) Pause Young (Concurrent Start) (G1 Humongous Allocation)
[316.909s][info][gc,task     ] GC(688) Using 2 workers of 2 for evacuation
[316.925s][info][gc,phases   ] GC(688)   Pre Evacuate Collection Set: 0.16ms
[316.925s][info][gc,phases   ] GC(688)   Merge Heap Roots: 0.04ms
[316.925s][info][gc,phases   ] GC(688)   Evacuate Collection Set: 15.15ms
[316.925s][info][gc,phases   ] GC(688)   Post Evacuate Collection Set: 0.30ms
[316.925s][info][gc,phases   ] GC(688)   Other: 0.12ms
[316.925s][info][gc,heap     ] GC(688) Eden regions: 4->0(124)
[316.925s][info][gc,heap     ] GC(688) Survivor regions: 18->2(20)
[316.925s][info][gc,heap     ] GC(688) Old regions: 38->55
[316.925s][info][gc,heap     ] GC(688) Humongous regions: 3->3
[316.925s][info][gc,metaspace] GC(688) Metaspace: 42763K(43136K)->42763K(43136K) NonClass: 39944K(40192K)->39944K(40192K) Class: 2819K(2944K)->2819K(2944K)
[316.925s][info][gc          ] GC(688) Pause Young (Concurrent Start) (G1 Humongous Allocation) 60M->59M(256M) 15.930ms
[316.925s][info][gc,cpu      ] GC(688) User=0.02s Sys=0.00s Real=0.02s
[316.925s][info][gc          ] GC(689) Concurrent Mark Cycle
[316.925s][info][gc,marking  ] GC(689) Concurrent Scan Root Regions
[316.944s][info][gc,marking  ] GC(689) Concurrent Scan Root Regions 18.636ms
[316.944s][info][gc,marking  ] GC(689) Concurrent Mark
[316.944s][info][gc,marking  ] GC(689) Concurrent Mark From Roots
[316.944s][info][gc,task     ] GC(689) Using 1 workers of 1 for marking
[316.992s][info][gc,marking  ] GC(689) Concurrent Mark From Roots 47.817ms
[316.992s][info][gc,marking  ] GC(689) Concurrent Preclean
[316.992s][info][gc,marking  ] GC(689) Concurrent Preclean 0.036ms
[316.992s][info][gc,start    ] GC(689) Pause Remark
[317.006s][info][gc          ] GC(689) Pause Remark 75M->75M(256M) 14.379ms
[317.006s][info][gc,cpu      ] GC(689) User=0.03s Sys=0.00s Real=0.02s
[317.006s][info][gc,marking  ] GC(689) Concurrent Mark 62.542ms
[317.006s][info][gc,marking  ] GC(689) Concurrent Rebuild Remembered Sets and Scrub Regions
[317.033s][info][gc,marking  ] GC(689) Concurrent Rebuild Remembered Sets and Scrub Regions 26.953ms
[317.033s][info][gc,start    ] GC(689) Pause Cleanup
[317.033s][info][gc          ] GC(689) Pause Cleanup 80M->80M(256M) 0.043ms
[317.033s][info][gc,cpu      ] GC(689) User=0.00s Sys=0.00s Real=0.00s
[317.034s][info][gc,marking  ] GC(689) Concurrent Clear Claimed Marks
[317.034s][info][gc,marking  ] GC(689) Concurrent Clear Claimed Marks 0.032ms
[317.034s][info][gc,marking  ] GC(689) Concurrent Cleanup for Next Mark
[317.034s][info][gc,marking  ] GC(689) Concurrent Cleanup for Next Mark 0.911ms
[317.034s][info][gc          ] GC(689) Concurrent Mark Cycle 109.516ms
[317.415s][info][gc,start    ] GC(690) Pause Young (Prepare Mixed) (G1 Evacuation Pause)
[317.416s][info][gc,task     ] GC(690) Using 2 workers of 2 for evacuation
[317.429s][info][gc,phases   ] GC(690)   Pre Evacuate Collection Set: 0.16ms
[317.429s][info][gc,phases   ] GC(690)   Merge Heap Roots: 0.10ms
[317.429s][info][gc,phases   ] GC(690)   Evacuate Collection Set: 12.32ms
[317.429s][info][gc,phases   ] GC(690)   Post Evacuate Collection Set: 0.40ms
[317.429s][info][gc,phases   ] GC(690)   Other: 0.07ms
[317.429s][info][gc,heap     ] GC(690) Eden regions: 124->0(121)
[317.429s][info][gc,heap     ] GC(690) Survivor regions: 2->15(16)
[317.429s][info][gc,heap     ] GC(690) Old regions: 55->55
[317.429s][info][gc,heap     ] GC(690) Humongous regions: 10->3
[317.429s][info][gc,metaspace] GC(690) Metaspace: 42763K(43136K)->42763K(43136K) NonClass: 39944K(40192K)->39944K(40192K) Class: 2819K(2944K)->2819K(2944K)
[317.429s][info][gc          ] GC(690) Pause Young (Prepare Mixed) (G1 Evacuation Pause) 190M->71M(256M) 13.256ms
[317.429s][info][gc,cpu      ] GC(690) User=0.03s Sys=0.00s Real=0.01s
[317.962s][info][gc,start    ] GC(691) Pause Young (Mixed) (G1 Evacuation Pause)
[317.962s][info][gc,task     ] GC(691) Using 2 workers of 2 for evacuation
[318.006s][info][gc,phases   ] GC(691)   Pre Evacuate Collection Set: 0.22ms
[318.006s][info][gc,phases   ] GC(691)   Merge Heap Roots: 0.15ms
[318.006s][info][gc,phases   ] GC(691)   Evacuate Collection Set: 43.30ms
[318.006s][info][gc,phases   ] GC(691)   Post Evacuate Collection Set: 0.47ms
[318.006s][info][gc,phases   ] GC(691)   Other: 0.08ms
[318.006s][info][gc,heap     ] GC(691) Eden regions: 121->0(115)
[318.006s][info][gc,heap     ] GC(691) Survivor regions: 15->17(17)
[318.006s][info][gc,heap     ] GC(691) Old regions: 55->61
[318.006s][info][gc,heap     ] GC(691) Humongous regions: 7->3
[318.006s][info][gc,metaspace] GC(691) Metaspace: 42763K(43136K)->42763K(43136K) NonClass: 39944K(40192K)->39944K(40192K) Class: 2819K(2944K)->2819K(2944K)
[318.006s][info][gc          ] GC(691) Pause Young (Mixed) (G1 Evacuation Pause) 196M->80M(256M) 44.404ms
[318.006s][info][gc,cpu      ] GC(691) User=0.05s Sys=0.00s Real=0.05s
[318.455s][info][gc,start    ] GC(692) Pause Young (Concurrent Start) (G1 Humongous Allocation)
[318.455s][info][gc,task     ] GC(692) Using 2 workers of 2 for evacuation
[318.475s][info][gc,phases   ] GC(692)   Pre Evacuate Collection Set: 0.16ms
[318.475s][info][gc,phases   ] GC(692)   Merge Heap Roots: 0.09ms
[318.475s][info][gc,phases   ] GC(692)   Evacuate Collection Set: 18.57ms
[318.475s][info][gc,phases   ] GC(692)   Post Evacuate Collection Set: 0.37ms
[318.475s][info][gc,phases   ] GC(692)   Other: 0.08ms
[318.475s][info][gc,heap     ] GC(692) Eden regions: 102->0(119)
[318.475s][info][gc,heap     ] GC(692) Survivor regions: 17->11(17)
[318.475s][info][gc,heap     ] GC(692) Old regions: 61->69
[318.475s][info][gc,heap     ] GC(692) Humongous regions: 3->1
[318.475s][info][gc,metaspace] GC(692) Metaspace: 42763K(43136K)->42763K(43136K) NonClass: 39944K(40192K)->39944K(40192K) Class: 2819K(2944K)->2819K(2944K)
[318.475s][info][gc          ] GC(692) Pause Young (Concurrent Start) (G1 Humongous Allocation) 182M->80M(256M) 19.446ms
[318.475s][info][gc,cpu      ] GC(692) User=0.04s Sys=0.00s Real=0.02s
[318.475s][info][gc          ] GC(693) Concurrent Mark Cycle
[318.475s][info][gc,marking  ] GC(693) Concurrent Scan Root Regions
[318.488s][info][gc,marking  ] GC(693) Concurrent Scan Root Regions 13.523ms
[318.488s][info][gc,marking  ] GC(693) Concurrent Mark
[318.488s][info][gc,marking  ] GC(693) Concurrent Mark From Roots
[318.488s][info][gc,task     ] GC(693) Using 1 workers of 1 for marking
[318.536s][info][gc,marking  ] GC(693) Concurrent Mark From Roots 47.352ms
[318.536s][info][gc,marking  ] GC(693) Concurrent Preclean
[318.536s][info][gc,marking  ] GC(693) Concurrent Preclean 0.036ms
[318.536s][info][gc,start    ] GC(693) Pause Remark
[318.550s][info][gc          ] GC(693) Pause Remark 99M->95M(256M) 14.376ms
[318.550s][info][gc,cpu      ] GC(693) User=0.03s Sys=0.00s Real=0.01s
[318.550s][info][gc,marking  ] GC(693) Concurrent Mark 62.086ms
[318.551s][info][gc,marking  ] GC(693) Concurrent Rebuild Remembered Sets and Scrub Regions
[318.578s][info][gc,marking  ] GC(693) Concurrent Rebuild Remembered Sets and Scrub Regions 27.376ms
[318.578s][info][gc,start    ] GC(693) Pause Cleanup
[318.578s][info][gc          ] GC(693) Pause Cleanup 100M->100M(256M) 0.059ms
[318.578s][info][gc,cpu      ] GC(693) User=0.00s Sys=0.00s Real=0.00s
[318.578s][info][gc,marking  ] GC(693) Concurrent Clear Claimed Marks
[318.578s][info][gc,marking  ] GC(693) Concurrent Clear Claimed Marks 0.037ms
[318.578s][info][gc,marking  ] GC(693) Concurrent Cleanup for Next Mark
[318.579s][info][gc,marking  ] GC(693) Concurrent Cleanup for Next Mark 0.763ms
[318.579s][info][gc          ] GC(693) Concurrent Mark Cycle 104.189ms
[319.007s][info][gc,start    ] GC(694) Pause Young (Prepare Mixed) (G1 Evacuation Pause)
[319.007s][info][gc,task     ] GC(694) Using 2 workers of 2 for evacuation
[319.020s][info][gc,phases   ] GC(694)   Pre Evacuate Collection Set: 0.15ms
[319.020s][info][gc,phases   ] GC(694)   Merge Heap Roots: 0.13ms
[319.020s][info][gc,phases   ] GC(694)   Evacuate Collection Set: 12.25ms
[319.020s][info][gc,phases   ] GC(694)   Post Evacuate Collection Set: 0.38ms
[319.020s][info][gc,phases   ] GC(694)   Other: 0.07ms
[319.020s][info][gc,heap     ] GC(694) Eden regions: 119->0(125)
[319.020s][info][gc,heap     ] GC(694) Survivor regions: 11->4(17)
[319.020s][info][gc,heap     ] GC(694) Old regions: 65->76
[319.020s][info][gc,heap     ] GC(694) Humongous regions: 15->3
[319.020s][info][gc,metaspace] GC(694) Metaspace: 42763K(43136K)->42763K(43136K) NonClass: 39944K(40192K)->39944K(40192K) Class: 2819K(2944K)->2819K(2944K)
[319.020s][info][gc          ] GC(694) Pause Young (Prepare Mixed) (G1 Evacuation Pause) 209M->82M(256M) 13.142ms
[319.020s][info][gc,cpu      ] GC(694) User=0.03s Sys=0.00s Real=0.01s
[319.530s][info][gc,start    ] GC(695) Pause Young (Mixed) (G1 Evacuation Pause)
[319.530s][info][gc,task     ] GC(695) Using 2 workers of 2 for evacuation
[319.545s][info][gc,phases   ] GC(695)   Pre Evacuate Collection Set: 0.16ms
[319.545s][info][gc,phases   ] GC(695)   Merge Heap Roots: 0.17ms
[319.545s][info][gc,phases   ] GC(695)   Evacuate Collection Set: 13.77ms
[319.545s][info][gc,phases   ] GC(695)   Post Evacuate Collection Set: 0.49ms
[319.545s][info][gc,phases   ] GC(695)   Other: 0.07ms
[319.545s][info][gc,heap     ] GC(695) Eden regions: 125->0(133)
[319.545s][info][gc,heap     ] GC(695) Survivor regions: 4->7(17)
[319.545s][info][gc,heap     ] GC(695) Old regions: 76->66
[319.545s][info][gc,heap     ] GC(695) Humongous regions: 13->3
[319.545s][info][gc,metaspace] GC(695) Metaspace: 42763K(43136K)->42763K(43136K) NonClass: 39944K(40192K)->39944K(40192K) Class: 2819K(2944K)->2819K(2944K)
[319.545s][info][gc          ] GC(695) Pause Young (Mixed) (G1 Evacuation Pause) 217M->75M(256M) 14.834ms
[319.545s][info][gc,cpu      ] GC(695) User=0.03s Sys=0.00s Real=0.02s
[319.745s][info][gc,start    ] GC(696) Pause Young (Concurrent Start) (G1 Humongous Allocation)
[319.745s][info][gc,task     ] GC(696) Using 2 workers of 2 for evacuation
[319.750s][info][gc,phases   ] GC(696)   Pre Evacuate Collection Set: 0.17ms
[319.750s][info][gc,phases   ] GC(696)   Merge Heap Roots: 0.04ms
[319.750s][info][gc,phases   ] GC(696)   Evacuate Collection Set: 4.08ms
[319.750s][info][gc,phases   ] GC(696)   Post Evacuate Collection Set: 0.38ms
[319.750s][info][gc,phases   ] GC(696)   Other: 0.10ms
[319.750s][info][gc,heap     ] GC(696) Eden regions: 50->0(144)
[319.750s][info][gc,heap     ] GC(696) Survivor regions: 7->2(18)
[319.750s][info][gc,heap     ] GC(696) Old regions: 66->66
[319.750s][info][gc,heap     ] GC(696) Humongous regions: 3->1
[319.750s][info][gc,metaspace] GC(696) Metaspace: 42764K(43136K)->42764K(43136K) NonClass: 39945K(40192K)->39945K(40192K) Class: 2819K(2944K)->2819K(2944K)
[319.750s][info][gc          ] GC(696) Pause Young (Concurrent Start) (G1 Humongous Allocation) 125M->68M(256M) 4.939ms
[319.750s][info][gc,cpu      ] GC(696) User=0.01s Sys=0.00s Real=0.00s
[319.750s][info][gc          ] GC(697) Concurrent Mark Cycle
[319.750s][info][gc,marking  ] GC(697) Concurrent Scan Root Regions
[319.755s][info][gc,marking  ] GC(697) Concurrent Scan Root Regions 5.160ms
[319.755s][info][gc,marking  ] GC(697) Concurrent Mark
[319.755s][info][gc,marking  ] GC(697) Concurrent Mark From Roots
[319.755s][info][gc,task     ] GC(697) Using 1 workers of 1 for marking
[319.806s][info][gc,marking  ] GC(697) Concurrent Mark From Roots 51.005ms
[319.806s][info][gc,marking  ] GC(697) Concurrent Preclean
[319.806s][info][gc,marking  ] GC(697) Concurrent Preclean 0.033ms
[319.807s][info][gc,start    ] GC(697) Pause Remark
[319.823s][info][gc          ] GC(697) Pause Remark 83M->81M(256M) 16.569ms
[319.823s][info][gc,cpu      ] GC(697) User=0.02s Sys=0.00s Real=0.02s
[319.823s][info][gc,marking  ] GC(697) Concurrent Mark 67.928ms
[319.823s][info][gc,marking  ] GC(697) Concurrent Rebuild Remembered Sets and Scrub Regions
[319.842s][info][gc,marking  ] GC(697) Concurrent Rebuild Remembered Sets and Scrub Regions 18.604ms
[319.842s][info][gc,start    ] GC(697) Pause Cleanup
[319.842s][info][gc          ] GC(697) Pause Cleanup 84M->84M(256M) 0.045ms
[319.842s][info][gc,cpu      ] GC(697) User=0.00s Sys=0.00s Real=0.00s
[319.842s][info][gc,marking  ] GC(697) Concurrent Clear Claimed Marks
[319.842s][info][gc,marking  ] GC(697) Concurrent Clear Claimed Marks 0.032ms
[319.842s][info][gc,marking  ] GC(697) Concurrent Cleanup for Next Mark
[319.843s][info][gc,marking  ] GC(697) Concurrent Cleanup for Next Mark 0.748ms
[319.843s][info][gc          ] GC(697) Concurrent Mark Cycle 92.780ms
[320.313s][info][gc,start    ] GC(698) Pause Young (Prepare Mixed) (G1 Evacuation Pause)
[320.313s][info][gc,task     ] GC(698) Using 2 workers of 2 for evacuation
[320.319s][info][gc,phases   ] GC(698)   Pre Evacuate Collection Set: 0.16ms
[320.319s][info][gc,phases   ] GC(698)   Merge Heap Roots: 0.05ms
[320.319s][info][gc,phases   ] GC(698)   Evacuate Collection Set: 5.43ms
[320.319s][info][gc,phases   ] GC(698)   Post Evacuate Collection Set: 0.39ms
[320.319s][info][gc,phases   ] GC(698)   Other: 0.07ms
[320.319s][info][gc,heap     ] GC(698) Eden regions: 144->0(143)
[320.319s][info][gc,heap     ] GC(698) Survivor regions: 2->8(19)
[320.319s][info][gc,heap     ] GC(698) Old regions: 64->64
[320.319s][info][gc,heap     ] GC(698) Humongous regions: 15->3
[320.319s][info][gc,metaspace] GC(698) Metaspace: 42764K(43136K)->42764K(43136K) NonClass: 39945K(40192K)->39945K(40192K) Class: 2819K(2944K)->2819K(2944K)
[320.319s][info][gc          ] GC(698) Pause Young (Prepare Mixed) (G1 Evacuation Pause) 224M->74M(256M) 6.258ms
[320.319s][info][gc,cpu      ] GC(698) User=0.01s Sys=0.00s Real=0.00s
[320.810s][info][gc,start    ] GC(699) Pause Young (Mixed) (G1 Evacuation Pause)
[320.810s][info][gc,task     ] GC(699) Using 2 workers of 2 for evacuation
[320.837s][info][gc,phases   ] GC(699)   Pre Evacuate Collection Set: 0.16ms
[320.837s][info][gc,phases   ] GC(699)   Merge Heap Roots: 0.10ms
[320.837s][info][gc,phases   ] GC(699)   Evacuate Collection Set: 25.73ms
[320.837s][info][gc,phases   ] GC(699)   Post Evacuate Collection Set: 0.56ms
[320.837s][info][gc,phases   ] GC(699)   Other: 0.09ms
[320.837s][info][gc,heap     ] GC(699) Eden regions: 143->0(134)
[320.837s][info][gc,heap     ] GC(699) Survivor regions: 8->19(19)
[320.837s][info][gc,heap     ] GC(699) Old regions: 64->53
[320.837s][info][gc,heap     ] GC(699) Humongous regions: 3->3
[320.837s][info][gc,metaspace] GC(699) Metaspace: 42764K(43136K)->42764K(43136K) NonClass: 39945K(40192K)->39945K(40192K) Class: 2819K(2944K)->2819K(2944K)
[320.837s][info][gc          ] GC(699) Pause Young (Mixed) (G1 Evacuation Pause) 217M->75M(256M) 26.808ms
[320.837s][info][gc,cpu      ] GC(699) User=0.05s Sys=0.00s Real=0.03s
[321.375s][info][gc,start    ] GC(700) Pause Young (Concurrent Start) (G1 Evacuation Pause)
[321.375s][info][gc,task     ] GC(700) Using 2 workers of 2 for evacuation
[321.400s][info][gc,phases   ] GC(700)   Pre Evacuate Collection Set: 0.18ms
[321.400s][info][gc,phases   ] GC(700)   Merge Heap Roots: 0.16ms
[321.400s][info][gc,phases   ] GC(700)   Evacuate Collection Set: 23.53ms
[321.400s][info][gc,phases   ] GC(700)   Post Evacuate Collection Set: 0.39ms
[321.400s][info][gc,phases   ] GC(700)   Other: 0.08ms
[321.400s][info][gc,heap     ] GC(700) Eden regions: 134->0(133)
[321.400s][info][gc,heap     ] GC(700) Survivor regions: 19->12(20)
[321.400s][info][gc,heap     ] GC(700) Old regions: 53->64
[321.400s][info][gc,heap     ] GC(700) Humongous regions: 3->3
[321.400s][info][gc,metaspace] GC(700) Metaspace: 42764K(43136K)->42764K(43136K) NonClass: 39945K(40192K)->39945K(40192K) Class: 2819K(2944K)->2819K(2944K)
[321.400s][info][gc          ] GC(700) Pause Young (Concurrent Start) (G1 Evacuation Pause) 209M->78M(256M) 24.506ms
[321.400s][info][gc,cpu      ] GC(700) User=0.04s Sys=0.00s Real=0.02s
[321.400s][info][gc          ] GC(701) Concurrent Mark Cycle
[321.400s][info][gc,marking  ] GC(701) Concurrent Scan Root Regions
[321.420s][info][gc,marking  ] GC(701) Concurrent Scan Root Regions 20.011ms
[321.420s][info][gc,marking  ] GC(701) Concurrent Mark
[321.420s][info][gc,marking  ] GC(701) Concurrent Mark From Roots
[321.420s][info][gc,task     ] GC(701) Using 1 workers of 1 for marking
[321.490s][info][gc,marking  ] GC(701) Concurrent Mark From Roots 69.788ms
[321.490s][info][gc,marking  ] GC(701) Concurrent Preclean
[321.490s][info][gc,marking  ] GC(701) Concurrent Preclean 0.038ms
[321.490s][info][gc,start    ] GC(701) Pause Remark
[321.504s][info][gc          ] GC(701) Pause Remark 100M->100M(256M) 14.183ms
[321.504s][info][gc,cpu      ] GC(701) User=0.02s Sys=0.00s Real=0.02s
[321.504s][info][gc,marking  ] GC(701) Concurrent Mark 84.277ms
[321.504s][info][gc,marking  ] GC(701) Concurrent Rebuild Remembered Sets and Scrub Regions
[321.540s][info][gc,marking  ] GC(701) Concurrent Rebuild Remembered Sets and Scrub Regions 35.954ms
[321.540s][info][gc,start    ] GC(701) Pause Cleanup
[321.540s][info][gc          ] GC(701) Pause Cleanup 109M->109M(256M) 0.048ms
[321.540s][info][gc,cpu      ] GC(701) User=0.00s Sys=0.00s Real=0.00s
[321.540s][info][gc,marking  ] GC(701) Concurrent Clear Claimed Marks
[321.540s][info][gc,marking  ] GC(701) Concurrent Clear Claimed Marks 0.034ms
[321.540s][info][gc,marking  ] GC(701) Concurrent Cleanup for Next Mark
[321.541s][info][gc,marking  ] GC(701) Concurrent Cleanup for Next Mark 0.759ms
[321.541s][info][gc          ] GC(701) Concurrent Mark Cycle 141.413ms
[321.861s][info][gc,start    ] GC(702) Pause Young (Prepare Mixed) (G1 Evacuation Pause)
[321.861s][info][gc,task     ] GC(702) Using 2 workers of 2 for evacuation
[321.887s][info][gc,phases   ] GC(702)   Pre Evacuate Collection Set: 0.16ms
[321.887s][info][gc,phases   ] GC(702)   Merge Heap Roots: 0.16ms
[321.887s][info][gc,phases   ] GC(702)   Evacuate Collection Set: 24.67ms
[321.887s][info][gc,phases   ] GC(702)   Post Evacuate Collection Set: 0.68ms
[321.887s][info][gc,phases   ] GC(702)   Other: 0.07ms
[321.887s][info][gc,heap     ] GC(702) Eden regions: 133->0(140)
[321.887s][info][gc,heap     ] GC(702) Survivor regions: 12->16(19)
[321.887s][info][gc,heap     ] GC(702) Old regions: 64->76
[321.887s][info][gc,heap     ] GC(702) Humongous regions: 7->3
[321.887s][info][gc,metaspace] GC(702) Metaspace: 42764K(43136K)->42764K(43136K) NonClass: 39945K(40192K)->39945K(40192K) Class: 2819K(2944K)->2819K(2944K)
[321.887s][info][gc          ] GC(702) Pause Young (Prepare Mixed) (G1 Evacuation Pause) 215M->94M(285M) 25.918ms
[321.887s][info][gc,cpu      ] GC(702) User=0.05s Sys=0.00s Real=0.03s
[322.387s][info][gc,start    ] GC(703) Pause Young (Mixed) (G1 Evacuation Pause)
[322.387s][info][gc,task     ] GC(703) Using 2 workers of 2 for evacuation
[322.402s][info][gc,phases   ] GC(703)   Pre Evacuate Collection Set: 0.16ms
[322.402s][info][gc,phases   ] GC(703)   Merge Heap Roots: 0.12ms
[322.402s][info][gc,phases   ] GC(703)   Evacuate Collection Set: 14.67ms
[322.402s][info][gc,phases   ] GC(703)   Post Evacuate Collection Set: 0.41ms
[322.402s][info][gc,phases   ] GC(703)   Other: 0.07ms
[322.402s][info][gc,heap     ] GC(703) Eden regions: 140->0(152)
[322.402s][info][gc,heap     ] GC(703) Survivor regions: 16->6(20)
[322.402s][info][gc,heap     ] GC(703) Old regions: 76->77
[322.402s][info][gc,heap     ] GC(703) Humongous regions: 11->3
[322.402s][info][gc,metaspace] GC(703) Metaspace: 42764K(43136K)->42764K(43136K) NonClass: 39945K(40192K)->39945K(40192K) Class: 2819K(2944K)->2819K(2944K)
[322.402s][info][gc          ] GC(703) Pause Young (Mixed) (G1 Evacuation Pause) 242M->86M(285M) 15.608ms
[322.403s][info][gc,cpu      ] GC(703) User=0.03s Sys=0.00s Real=0.02s
[322.482s][info][gc,start    ] GC(704) Pause Young (Concurrent Start) (G1 Humongous Allocation)
[322.482s][info][gc,task     ] GC(704) Using 2 workers of 2 for evacuation
[322.484s][info][gc,phases   ] GC(704)   Pre Evacuate Collection Set: 0.19ms
[322.484s][info][gc,phases   ] GC(704)   Merge Heap Roots: 0.04ms
[322.484s][info][gc,phases   ] GC(704)   Evacuate Collection Set: 1.35ms
[322.484s][info][gc,phases   ] GC(704)   Post Evacuate Collection Set: 0.28ms
[322.484s][info][gc,phases   ] GC(704)   Other: 0.08ms
[322.484s][info][gc,heap     ] GC(704) Eden regions: 20->0(163)
[322.484s][info][gc,heap     ] GC(704) Survivor regions: 6->2(20)
[322.484s][info][gc,heap     ] GC(704) Old regions: 77->77
[322.484s][info][gc,heap     ] GC(704) Humongous regions: 3->1
[322.484s][info][gc,metaspace] GC(704) Metaspace: 42764K(43136K)->42764K(43136K) NonClass: 39945K(40192K)->39945K(40192K) Class: 2819K(2944K)->2819K(2944K)
[322.484s][info][gc          ] GC(704) Pause Young (Concurrent Start) (G1 Humongous Allocation) 106M->79M(285M) 2.093ms
[322.484s][info][gc,cpu      ] GC(704) User=0.01s Sys=0.00s Real=0.01s
[322.484s][info][gc          ] GC(705) Concurrent Mark Cycle
[322.484s][info][gc,marking  ] GC(705) Concurrent Scan Root Regions
[322.485s][info][gc,marking  ] GC(705) Concurrent Scan Root Regions 1.493ms
[322.485s][info][gc,marking  ] GC(705) Concurrent Mark
[322.485s][info][gc,marking  ] GC(705) Concurrent Mark From Roots
[322.485s][info][gc,task     ] GC(705) Using 1 workers of 1 for marking
[322.542s][info][gc,marking  ] GC(705) Concurrent Mark From Roots 56.316ms
[322.542s][info][gc,marking  ] GC(705) Concurrent Preclean
[322.542s][info][gc,marking  ] GC(705) Concurrent Preclean 0.044ms
[322.543s][info][gc,start    ] GC(705) Pause Remark
[322.566s][info][gc          ] GC(705) Pause Remark 98M->94M(260M) 23.872ms
[322.566s][info][gc,cpu      ] GC(705) User=0.02s Sys=0.00s Real=0.02s
[322.567s][info][gc,marking  ] GC(705) Concurrent Mark 81.162ms
[322.567s][info][gc,marking  ] GC(705) Concurrent Rebuild Remembered Sets and Scrub Regions
[322.588s][info][gc,marking  ] GC(705) Concurrent Rebuild Remembered Sets and Scrub Regions 21.794ms
[322.589s][info][gc,start    ] GC(705) Pause Cleanup
[322.589s][info][gc          ] GC(705) Pause Cleanup 96M->96M(260M) 0.049ms
[322.589s][info][gc,cpu      ] GC(705) User=0.00s Sys=0.00s Real=0.00s
[322.589s][info][gc,marking  ] GC(705) Concurrent Clear Claimed Marks
[322.589s][info][gc,marking  ] GC(705) Concurrent Clear Claimed Marks 0.033ms
[322.589s][info][gc,marking  ] GC(705) Concurrent Cleanup for Next Mark
[322.590s][info][gc,marking  ] GC(705) Concurrent Cleanup for Next Mark 0.865ms
[322.590s][info][gc          ] GC(705) Concurrent Mark Cycle 105.731ms
[323.081s][info][gc,start    ] GC(706) Pause Young (Prepare Mixed) (G1 Evacuation Pause)
[323.081s][info][gc,task     ] GC(706) Using 2 workers of 2 for evacuation
[323.095s][info][gc,phases   ] GC(706)   Pre Evacuate Collection Set: 0.22ms
[323.095s][info][gc,phases   ] GC(706)   Merge Heap Roots: 0.06ms
[323.095s][info][gc,phases   ] GC(706)   Evacuate Collection Set: 13.93ms
[323.095s][info][gc,phases   ] GC(706)   Post Evacuate Collection Set: 0.39ms
[323.095s][info][gc,phases   ] GC(706)   Other: 0.07ms
[323.095s][info][gc,heap     ] GC(706) Eden regions: 154->0(134)
[323.095s][info][gc,heap     ] GC(706) Survivor regions: 2->14(20)
[323.095s][info][gc,heap     ] GC(706) Old regions: 73->73
[323.095s][info][gc,heap     ] GC(706) Humongous regions: 5->3
[323.096s][info][gc,metaspace] GC(706) Metaspace: 42764K(43136K)->42764K(43136K) NonClass: 39945K(40192K)->39945K(40192K) Class: 2819K(2944K)->2819K(2944K)
[323.096s][info][gc          ] GC(706) Pause Young (Prepare Mixed) (G1 Evacuation Pause) 233M->90M(260M) 14.833ms
[323.096s][info][gc,cpu      ] GC(706) User=0.03s Sys=0.00s Real=0.02s
[323.594s][info][gc,start    ] GC(707) Pause Young (Mixed) (G1 Evacuation Pause)
[323.595s][info][gc,task     ] GC(707) Using 2 workers of 2 for evacuation
[323.600s][info][gc,phases   ] GC(707)   Pre Evacuate Collection Set: 0.17ms
[323.600s][info][gc,phases   ] GC(707)   Merge Heap Roots: 0.07ms
[323.600s][info][gc,phases   ] GC(707)   Evacuate Collection Set: 4.44ms
[323.600s][info][gc,phases   ] GC(707)   Post Evacuate Collection Set: 0.40ms
[323.600s][info][gc,phases   ] GC(707)   Other: 0.09ms
[323.600s][info][gc,heap     ] GC(707) Eden regions: 134->0(154)
[323.600s][info][gc,heap     ] GC(707) Survivor regions: 14->2(19)
[323.600s][info][gc,heap     ] GC(707) Old regions: 73->52
[323.600s][info][gc,heap     ] GC(707) Humongous regions: 11->3
[323.600s][info][gc,metaspace] GC(707) Metaspace: 42764K(43136K)->42764K(43136K) NonClass: 39945K(40192K)->39945K(40192K) Class: 2819K(2944K)->2819K(2944K)
[323.600s][info][gc          ] GC(707) Pause Young (Mixed) (G1 Evacuation Pause) 232M->55M(260M) 5.355ms
[323.600s][info][gc,cpu      ] GC(707) User=0.00s Sys=0.01s Real=0.00s
[323.798s][info][gc,start    ] GC(708) Pause Young (Concurrent Start) (G1 Humongous Allocation)
[323.798s][info][gc,task     ] GC(708) Using 2 workers of 2 for evacuation
[323.800s][info][gc,phases   ] GC(708)   Pre Evacuate Collection Set: 0.16ms
[323.800s][info][gc,phases   ] GC(708)   Merge Heap Roots: 0.04ms
[323.800s][info][gc,phases   ] GC(708)   Evacuate Collection Set: 1.58ms
[323.800s][info][gc,phases   ] GC(708)   Post Evacuate Collection Set: 0.30ms
[323.800s][info][gc,phases   ] GC(708)   Other: 0.07ms
[323.800s][info][gc,heap     ] GC(708) Eden regions: 63->0(154)
[323.800s][info][gc,heap     ] GC(708) Survivor regions: 2->2(20)
[323.800s][info][gc,heap     ] GC(708) Old regions: 52->52
[323.800s][info][gc,heap     ] GC(708) Humongous regions: 3->1
[323.800s][info][gc,metaspace] GC(708) Metaspace: 42764K(43136K)->42764K(43136K) NonClass: 39945K(40192K)->39945K(40192K) Class: 2819K(2944K)->2819K(2944K)
[323.800s][info][gc          ] GC(708) Pause Young (Concurrent Start) (G1 Humongous Allocation) 118M->53M(260M) 2.326ms
[323.800s][info][gc,cpu      ] GC(708) User=0.00s Sys=0.00s Real=0.00s
[323.800s][info][gc          ] GC(709) Concurrent Mark Cycle
[323.800s][info][gc,marking  ] GC(709) Concurrent Scan Root Regions
[323.806s][info][gc,marking  ] GC(709) Concurrent Scan Root Regions 5.628ms
[323.806s][info][gc,marking  ] GC(709) Concurrent Mark
[323.806s][info][gc,marking  ] GC(709) Concurrent Mark From Roots
[323.806s][info][gc,task     ] GC(709) Using 1 workers of 1 for marking
[323.868s][info][gc,marking  ] GC(709) Concurrent Mark From Roots 61.994ms
[323.868s][info][gc,marking  ] GC(709) Concurrent Preclean
[323.868s][info][gc,marking  ] GC(709) Concurrent Preclean 0.032ms
[323.868s][info][gc,start    ] GC(709) Pause Remark
[323.883s][info][gc          ] GC(709) Pause Remark 77M->77M(256M) 14.627ms
[323.883s][info][gc,cpu      ] GC(709) User=0.02s Sys=0.00s Real=0.02s
[323.883s][info][gc,marking  ] GC(709) Concurrent Mark 76.839ms
[323.883s][info][gc,marking  ] GC(709) Concurrent Rebuild Remembered Sets and Scrub Regions
[323.907s][info][gc,marking  ] GC(709) Concurrent Rebuild Remembered Sets and Scrub Regions 23.707ms
[323.907s][info][gc,start    ] GC(709) Pause Cleanup
[323.907s][info][gc          ] GC(709) Pause Cleanup 85M->85M(256M) 0.051ms
[323.907s][info][gc,cpu      ] GC(709) User=0.00s Sys=0.00s Real=0.00s
[323.907s][info][gc,marking  ] GC(709) Concurrent Clear Claimed Marks
[323.907s][info][gc,marking  ] GC(709) Concurrent Clear Claimed Marks 0.033ms
[323.907s][info][gc,marking  ] GC(709) Concurrent Cleanup for Next Mark
[323.908s][info][gc,marking  ] GC(709) Concurrent Cleanup for Next Mark 0.729ms
[323.908s][info][gc          ] GC(709) Concurrent Mark Cycle 107.175ms
[324.323s][info][gc,start    ] GC(710) Pause Young (Prepare Mixed) (G1 Evacuation Pause)
[324.323s][info][gc,task     ] GC(710) Using 2 workers of 2 for evacuation
[324.338s][info][gc,phases   ] GC(710)   Pre Evacuate Collection Set: 0.21ms
[324.339s][info][gc,phases   ] GC(710)   Merge Heap Roots: 0.06ms
[324.339s][info][gc,phases   ] GC(710)   Evacuate Collection Set: 14.41ms
[324.339s][info][gc,phases   ] GC(710)   Post Evacuate Collection Set: 0.52ms
[324.339s][info][gc,phases   ] GC(710)   Other: 0.08ms
[324.339s][info][gc,heap     ] GC(710) Eden regions: 151->0(142)
[324.339s][info][gc,heap     ] GC(710) Survivor regions: 2->11(20)
[324.339s][info][gc,heap     ] GC(710) Old regions: 52->52
[324.339s][info][gc,heap     ] GC(710) Humongous regions: 5->3
[324.339s][info][gc,metaspace] GC(710) Metaspace: 42764K(43136K)->42764K(43136K) NonClass: 39945K(40192K)->39945K(40192K) Class: 2819K(2944K)->2819K(2944K)
[324.339s][info][gc          ] GC(710) Pause Young (Prepare Mixed) (G1 Evacuation Pause) 208M->64M(256M) 15.473ms
[324.339s][info][gc,cpu      ] GC(710) User=0.02s Sys=0.00s Real=0.01s
[324.852s][info][gc,start    ] GC(711) Pause Young (Mixed) (G1 Evacuation Pause)
[324.852s][info][gc,task     ] GC(711) Using 2 workers of 2 for evacuation
[324.871s][info][gc,phases   ] GC(711)   Pre Evacuate Collection Set: 0.20ms
[324.871s][info][gc,phases   ] GC(711)   Merge Heap Roots: 0.16ms
[324.871s][info][gc,phases   ] GC(711)   Evacuate Collection Set: 18.04ms
[324.871s][info][gc,phases   ] GC(711)   Post Evacuate Collection Set: 0.60ms
[324.871s][info][gc,phases   ] GC(711)   Other: 0.07ms
[324.871s][info][gc,heap     ] GC(711) Eden regions: 142->0(141)
[324.871s][info][gc,heap     ] GC(711) Survivor regions: 11->12(20)
[324.871s][info][gc,heap     ] GC(711) Old regions: 52->50
[324.871s][info][gc,heap     ] GC(711) Humongous regions: 9->3
[324.871s][info][gc,metaspace] GC(711) Metaspace: 42764K(43136K)->42764K(43136K) NonClass: 39945K(40192K)->39945K(40192K) Class: 2819K(2944K)->2819K(2944K)
[324.871s][info][gc          ] GC(711) Pause Young (Mixed) (G1 Evacuation Pause) 212M->64M(256M) 19.251ms
[324.872s][info][gc,cpu      ] GC(711) User=0.04s Sys=0.00s Real=0.01s
[325.230s][info][gc,start    ] GC(712) Pause Young (Concurrent Start) (G1 Evacuation Pause)
[325.230s][info][gc,task     ] GC(712) Using 2 workers of 2 for evacuation
[325.265s][info][gc,phases   ] GC(712)   Pre Evacuate Collection Set: 0.19ms
[325.265s][info][gc,phases   ] GC(712)   Merge Heap Roots: 0.05ms
[325.265s][info][gc,phases   ] GC(712)   Evacuate Collection Set: 34.18ms
[325.265s][info][gc,phases   ] GC(712)   Post Evacuate Collection Set: 0.43ms
[325.265s][info][gc,phases   ] GC(712)   Other: 0.10ms
[325.265s][info][gc,heap     ] GC(712) Eden regions: 141->0(120)
[325.265s][info][gc,heap     ] GC(712) Survivor regions: 12->20(20)
[325.265s][info][gc,heap     ] GC(712) Old regions: 50->70
[325.265s][info][gc,heap     ] GC(712) Humongous regions: 3->3
[325.265s][info][gc,metaspace] GC(712) Metaspace: 42764K(43136K)->42764K(43136K) NonClass: 39945K(40192K)->39945K(40192K) Class: 2819K(2944K)->2819K(2944K)
[325.265s][info][gc          ] GC(712) Pause Young (Concurrent Start) (G1 Evacuation Pause) 205M->91M(256M) 35.112ms
[325.265s][info][gc          ] GC(713) Concurrent Mark Cycle
[325.265s][info][gc,marking  ] GC(713) Concurrent Scan Root Regions
[325.267s][info][gc,cpu      ] GC(712) User=0.08s Sys=0.00s Real=0.04s
[325.296s][info][gc,marking  ] GC(713) Concurrent Scan Root Regions 31.655ms
[325.296s][info][gc,marking  ] GC(713) Concurrent Mark
[325.296s][info][gc,marking  ] GC(713) Concurrent Mark From Roots
[325.296s][info][gc,task     ] GC(713) Using 1 workers of 1 for marking
[325.357s][info][gc,marking  ] GC(713) Concurrent Mark From Roots 60.305ms
[325.357s][info][gc,marking  ] GC(713) Concurrent Preclean
[325.357s][info][gc,marking  ] GC(713) Concurrent Preclean 0.038ms
[325.357s][info][gc,start    ] GC(713) Pause Remark
[325.371s][info][gc          ] GC(713) Pause Remark 107M->107M(256M) 14.399ms
[325.371s][info][gc,cpu      ] GC(713) User=0.03s Sys=0.00s Real=0.01s
[325.371s][info][gc,marking  ] GC(713) Concurrent Mark 75.026ms
[325.371s][info][gc,marking  ] GC(713) Concurrent Rebuild Remembered Sets and Scrub Regions
[325.418s][info][gc,marking  ] GC(713) Concurrent Rebuild Remembered Sets and Scrub Regions 46.095ms
[325.418s][info][gc,start    ] GC(713) Pause Cleanup
[325.418s][info][gc          ] GC(713) Pause Cleanup 116M->116M(256M) 0.055ms
[325.418s][info][gc,cpu      ] GC(713) User=0.00s Sys=0.00s Real=0.00s
[325.418s][info][gc,marking  ] GC(713) Concurrent Clear Claimed Marks
[325.418s][info][gc,marking  ] GC(713) Concurrent Clear Claimed Marks 0.038ms
[325.418s][info][gc,marking  ] GC(713) Concurrent Cleanup for Next Mark
[325.419s][info][gc,marking  ] GC(713) Concurrent Cleanup for Next Mark 0.761ms
[325.419s][info][gc          ] GC(713) Concurrent Mark Cycle 153.934ms
[325.829s][info][gc,start    ] GC(714) Pause Young (Prepare Mixed) (G1 Evacuation Pause)
[325.829s][info][gc,task     ] GC(714) Using 2 workers of 2 for evacuation
[325.888s][info][gc,phases   ] GC(714)   Pre Evacuate Collection Set: 0.16ms
[325.888s][info][gc,phases   ] GC(714)   Merge Heap Roots: 0.22ms
[325.888s][info][gc,phases   ] GC(714)   Evacuate Collection Set: 58.24ms
[325.888s][info][gc,phases   ] GC(714)   Post Evacuate Collection Set: 0.44ms
[325.888s][info][gc,phases   ] GC(714)   Other: 0.07ms
[325.888s][info][gc,heap     ] GC(714) Eden regions: 120->0(92)
[325.888s][info][gc,heap     ] GC(714) Survivor regions: 20->18(18)
[325.888s][info][gc,heap     ] GC(714) Old regions: 70->105
[325.888s][info][gc,heap     ] GC(714) Humongous regions: 3->3
[325.888s][info][gc,metaspace] GC(714) Metaspace: 42764K(43136K)->42764K(43136K) NonClass: 39945K(40192K)->39945K(40192K) Class: 2819K(2944K)->2819K(2944K)
[325.888s][info][gc          ] GC(714) Pause Young (Prepare Mixed) (G1 Evacuation Pause) 211M->124M(266M) 59.302ms
[325.888s][info][gc,cpu      ] GC(714) User=0.11s Sys=0.00s Real=0.06s
[326.301s][info][gc,start    ] GC(715) Pause Young (Mixed) (G1 Evacuation Pause)
[326.301s][info][gc,task     ] GC(715) Using 2 workers of 2 for evacuation
[326.357s][info][gc,phases   ] GC(715)   Pre Evacuate Collection Set: 0.17ms
[326.357s][info][gc,phases   ] GC(715)   Merge Heap Roots: 0.32ms
[326.357s][info][gc,phases   ] GC(715)   Evacuate Collection Set: 55.71ms
[326.357s][info][gc,phases   ] GC(715)   Post Evacuate Collection Set: 0.41ms
[326.357s][info][gc,phases   ] GC(715)   Other: 0.08ms
[326.357s][info][gc,heap     ] GC(715) Eden regions: 92->0(72)
[326.357s][info][gc,heap     ] GC(715) Survivor regions: 18->14(14)
[326.357s][info][gc,heap     ] GC(715) Old regions: 105->131
[326.357s][info][gc,heap     ] GC(715) Humongous regions: 3->3
[326.358s][info][gc,metaspace] GC(715) Metaspace: 42764K(43136K)->42764K(43136K) NonClass: 39945K(40192K)->39945K(40192K) Class: 2819K(2944K)->2819K(2944K)
[326.358s][info][gc          ] GC(715) Pause Young (Mixed) (G1 Evacuation Pause) 216M->147M(266M) 56.861ms
[326.358s][info][gc,cpu      ] GC(715) User=0.11s Sys=0.01s Real=0.06s
[326.670s][info][gc,start    ] GC(716) Pause Young (Concurrent Start) (G1 Evacuation Pause)
[326.670s][info][gc,task     ] GC(716) Using 2 workers of 2 for evacuation
[326.709s][info][gc,phases   ] GC(716)   Pre Evacuate Collection Set: 0.16ms
[326.709s][info][gc,phases   ] GC(716)   Merge Heap Roots: 0.22ms
[326.709s][info][gc,phases   ] GC(716)   Evacuate Collection Set: 37.77ms
[326.709s][info][gc,phases   ] GC(716)   Post Evacuate Collection Set: 0.91ms
[326.709s][info][gc,phases   ] GC(716)   Other: 0.10ms
[326.709s][info][gc,heap     ] GC(716) Eden regions: 72->0(101)
[326.709s][info][gc,heap     ] GC(716) Survivor regions: 14->11(11)
[326.709s][info][gc,heap     ] GC(716) Old regions: 131->154
[326.709s][info][gc,heap     ] GC(716) Humongous regions: 3->3
[326.709s][info][gc,metaspace] GC(716) Metaspace: 42764K(43136K)->42764K(43136K) NonClass: 39945K(40192K)->39945K(40192K) Class: 2819K(2944K)->2819K(2944K)
[326.709s][info][gc          ] GC(716) Pause Young (Concurrent Start) (G1 Evacuation Pause) 219M->168M(334M) 39.336ms
[326.709s][info][gc,cpu      ] GC(716) User=0.08s Sys=0.01s Real=0.04s
[326.709s][info][gc          ] GC(717) Concurrent Mark Cycle
[326.709s][info][gc,marking  ] GC(717) Concurrent Scan Root Regions
[326.756s][info][gc,marking  ] GC(717) Concurrent Scan Root Regions 46.516ms
[326.756s][info][gc,marking  ] GC(717) Concurrent Mark
[326.756s][info][gc,marking  ] GC(717) Concurrent Mark From Roots
[326.756s][info][gc,task     ] GC(717) Using 1 workers of 1 for marking
[326.959s][info][gc,marking  ] GC(717) Concurrent Mark From Roots 203.014ms
[326.959s][info][gc,marking  ] GC(717) Concurrent Preclean
[326.959s][info][gc,marking  ] GC(717) Concurrent Preclean 0.059ms
[326.959s][info][gc,start    ] GC(717) Pause Remark
[326.974s][info][gc          ] GC(717) Pause Remark 193M->193M(334M) 14.779ms
[326.974s][info][gc,cpu      ] GC(717) User=0.03s Sys=0.00s Real=0.02s
[326.974s][info][gc,marking  ] GC(717) Concurrent Mark 218.052ms
[326.974s][info][gc,marking  ] GC(717) Concurrent Rebuild Remembered Sets and Scrub Regions
[327.059s][info][gc,marking  ] GC(717) Concurrent Rebuild Remembered Sets and Scrub Regions 85.348ms
[327.060s][info][gc,start    ] GC(717) Pause Cleanup
[327.060s][info][gc          ] GC(717) Pause Cleanup 214M->214M(334M) 0.064ms
[327.060s][info][gc,cpu      ] GC(717) User=0.00s Sys=0.00s Real=0.00s
[327.060s][info][gc,marking  ] GC(717) Concurrent Clear Claimed Marks
[327.060s][info][gc,marking  ] GC(717) Concurrent Clear Claimed Marks 0.037ms
[327.060s][info][gc,marking  ] GC(717) Concurrent Cleanup for Next Mark
[327.061s][info][gc,marking  ] GC(717) Concurrent Cleanup for Next Mark 1.657ms
[327.061s][info][gc          ] GC(717) Concurrent Mark Cycle 351.981ms
[327.277s][info][gc,start    ] GC(718) Pause Young (Prepare Mixed) (G1 Evacuation Pause)
[327.277s][info][gc,task     ] GC(718) Using 2 workers of 2 for evacuation
[327.309s][info][gc,phases   ] GC(718)   Pre Evacuate Collection Set: 0.18ms
[327.309s][info][gc,phases   ] GC(718)   Merge Heap Roots: 0.21ms
[327.309s][info][gc,phases   ] GC(718)   Evacuate Collection Set: 30.94ms
[327.309s][info][gc,phases   ] GC(718)   Post Evacuate Collection Set: 0.46ms
[327.309s][info][gc,phases   ] GC(718)   Other: 0.10ms
[327.309s][info][gc,heap     ] GC(718) Eden regions: 101->0(92)
[327.309s][info][gc,heap     ] GC(718) Survivor regions: 11->14(14)
[327.309s][info][gc,heap     ] GC(718) Old regions: 154->169
[327.309s][info][gc,heap     ] GC(718) Humongous regions: 5->3
[327.309s][info][gc,metaspace] GC(718) Metaspace: 42764K(43136K)->42764K(43136K) NonClass: 39945K(40192K)->39945K(40192K) Class: 2819K(2944K)->2819K(2944K)
[327.309s][info][gc          ] GC(718) Pause Young (Prepare Mixed) (G1 Evacuation Pause) 271M->185M(334M) 32.061ms
[327.309s][info][gc,cpu      ] GC(718) User=0.07s Sys=0.00s Real=0.03s
[327.617s][info][gc,start    ] GC(719) Pause Young (Mixed) (G1 Evacuation Pause)
[327.617s][info][gc,task     ] GC(719) Using 2 workers of 2 for evacuation
[327.656s][info][gc,phases   ] GC(719)   Pre Evacuate Collection Set: 0.26ms
[327.656s][info][gc,phases   ] GC(719)   Merge Heap Roots: 0.37ms
[327.656s][info][gc,phases   ] GC(719)   Evacuate Collection Set: 38.01ms
[327.656s][info][gc,phases   ] GC(719)   Post Evacuate Collection Set: 0.49ms
[327.656s][info][gc,phases   ] GC(719)   Other: 0.09ms
[327.656s][info][gc,heap     ] GC(719) Eden regions: 92->0(105)
[327.656s][info][gc,heap     ] GC(719) Survivor regions: 14->13(14)
[327.656s][info][gc,heap     ] GC(719) Old regions: 169->154
[327.656s][info][gc,heap     ] GC(719) Humongous regions: 7->3
[327.656s][info][gc,metaspace] GC(719) Metaspace: 42764K(43136K)->42764K(43136K) NonClass: 39945K(40192K)->39945K(40192K) Class: 2819K(2944K)->2819K(2944K)
[327.656s][info][gc          ] GC(719) Pause Young (Mixed) (G1 Evacuation Pause) 281M->169M(334M) 39.406ms
[327.656s][info][gc,cpu      ] GC(719) User=0.07s Sys=0.00s Real=0.04s
[328.115s][info][gc,start    ] GC(720) Pause Young (Mixed) (G1 Evacuation Pause)
[328.115s][info][gc,task     ] GC(720) Using 2 workers of 2 for evacuation
[328.153s][info][gc,phases   ] GC(720)   Pre Evacuate Collection Set: 0.20ms
[328.153s][info][gc,phases   ] GC(720)   Merge Heap Roots: 0.60ms
[328.153s][info][gc,phases   ] GC(720)   Evacuate Collection Set: 35.96ms
[328.153s][info][gc,phases   ] GC(720)   Post Evacuate Collection Set: 0.43ms
[328.153s][info][gc,phases   ] GC(720)   Other: 0.08ms
[328.153s][info][gc,heap     ] GC(720) Eden regions: 105->0(115)
[328.153s][info][gc,heap     ] GC(720) Survivor regions: 13->9(15)
[328.153s][info][gc,heap     ] GC(720) Old regions: 154->150
[328.153s][info][gc,heap     ] GC(720) Humongous regions: 9->3
[328.153s][info][gc,metaspace] GC(720) Metaspace: 42764K(43136K)->42764K(43136K) NonClass: 39945K(40192K)->39945K(40192K) Class: 2819K(2944K)->2819K(2944K)
[328.153s][info][gc          ] GC(720) Pause Young (Mixed) (G1 Evacuation Pause) 280M->161M(334M) 37.455ms
[328.153s][info][gc,cpu      ] GC(720) User=0.07s Sys=0.00s Real=0.04s
[328.211s][info][gc,start    ] GC(721) Pause Young (Concurrent Start) (G1 Humongous Allocation)
[328.211s][info][gc,task     ] GC(721) Using 2 workers of 2 for evacuation
[328.216s][info][gc,phases   ] GC(721)   Pre Evacuate Collection Set: 0.20ms
[328.216s][info][gc,phases   ] GC(721)   Merge Heap Roots: 0.04ms
[328.216s][info][gc,phases   ] GC(721)   Evacuate Collection Set: 3.70ms
[328.216s][info][gc,phases   ] GC(721)   Post Evacuate Collection Set: 0.31ms
[328.216s][info][gc,phases   ] GC(721)   Other: 0.10ms
[328.216s][info][gc,heap     ] GC(721) Eden regions: 28->0(126)
[328.216s][info][gc,heap     ] GC(721) Survivor regions: 9->5(16)
[328.216s][info][gc,heap     ] GC(721) Old regions: 150->151
[328.216s][info][gc,heap     ] GC(721) Humongous regions: 3->1
[328.216s][info][gc,metaspace] GC(721) Metaspace: 42764K(43136K)->42764K(43136K) NonClass: 39945K(40192K)->39945K(40192K) Class: 2819K(2944K)->2819K(2944K)
[328.216s][info][gc          ] GC(721) Pause Young (Concurrent Start) (G1 Humongous Allocation) 188M->156M(334M) 4.520ms
[328.216s][info][gc,cpu      ] GC(721) User=0.01s Sys=0.00s Real=0.01s
[328.216s][info][gc          ] GC(722) Concurrent Mark Cycle
[328.216s][info][gc,marking  ] GC(722) Concurrent Scan Root Regions
[328.223s][info][gc,marking  ] GC(722) Concurrent Scan Root Regions 7.533ms
[328.223s][info][gc,marking  ] GC(722) Concurrent Mark
[328.223s][info][gc,marking  ] GC(722) Concurrent Mark From Roots
[328.223s][info][gc,task     ] GC(722) Using 1 workers of 1 for marking
[328.306s][info][gc,marking  ] GC(722) Concurrent Mark From Roots 82.265ms
[328.306s][info][gc,marking  ] GC(722) Concurrent Preclean
[328.306s][info][gc,marking  ] GC(722) Concurrent Preclean 0.038ms
[328.306s][info][gc,start    ] GC(722) Pause Remark
[328.320s][info][gc          ] GC(722) Pause Remark 193M->163M(334M) 14.443ms
[328.320s][info][gc,cpu      ] GC(722) User=0.02s Sys=0.00s Real=0.01s
[328.321s][info][gc,marking  ] GC(722) Concurrent Mark 97.338ms
[328.321s][info][gc,marking  ] GC(722) Concurrent Rebuild Remembered Sets and Scrub Regions
[328.347s][info][gc,marking  ] GC(722) Concurrent Rebuild Remembered Sets and Scrub Regions 25.809ms
[328.347s][info][gc,start    ] GC(722) Pause Cleanup
[328.347s][info][gc          ] GC(722) Pause Cleanup 169M->169M(334M) 0.069ms
[328.347s][info][gc,cpu      ] GC(722) User=0.00s Sys=0.00s Real=0.00s
[328.347s][info][gc,marking  ] GC(722) Concurrent Clear Claimed Marks
[328.347s][info][gc,marking  ] GC(722) Concurrent Clear Claimed Marks 0.035ms
[328.347s][info][gc,marking  ] GC(722) Concurrent Cleanup for Next Mark
[328.348s][info][gc,marking  ] GC(722) Concurrent Cleanup for Next Mark 0.949ms
[328.348s][info][gc          ] GC(722) Concurrent Mark Cycle 132.138ms
[328.638s][info][gc,start    ] GC(723) Pause Young (Prepare Mixed) (G1 Evacuation Pause)
[328.638s][info][gc,task     ] GC(723) Using 2 workers of 2 for evacuation
[328.661s][info][gc,phases   ] GC(723)   Pre Evacuate Collection Set: 0.17ms
[328.661s][info][gc,phases   ] GC(723)   Merge Heap Roots: 0.06ms
[328.661s][info][gc,phases   ] GC(723)   Evacuate Collection Set: 22.29ms
[328.661s][info][gc,phases   ] GC(723)   Post Evacuate Collection Set: 0.48ms
[328.661s][info][gc,phases   ] GC(723)   Other: 0.10ms
[328.661s][info][gc,heap     ] GC(723) Eden regions: 126->0(108)
[328.661s][info][gc,heap     ] GC(723) Survivor regions: 5->17(17)
[328.661s][info][gc,heap     ] GC(723) Old regions: 121->142
[328.661s][info][gc,heap     ] GC(723) Humongous regions: 4->4
[328.661s][info][gc,metaspace] GC(723) Metaspace: 42764K(43136K)->42764K(43136K) NonClass: 39945K(40192K)->39945K(40192K) Class: 2819K(2944K)->2819K(2944K)
[328.661s][info][gc          ] GC(723) Pause Young (Prepare Mixed) (G1 Evacuation Pause) 255M->162M(334M) 23.304ms
[328.661s][info][gc,cpu      ] GC(723) User=0.04s Sys=0.00s Real=0.02s
[328.988s][info][gc,start    ] GC(724) Pause Young (Mixed) (G1 Evacuation Pause)
[328.989s][info][gc,task     ] GC(724) Using 2 workers of 2 for evacuation
[329.004s][info][gc,phases   ] GC(724)   Pre Evacuate Collection Set: 0.18ms
[329.004s][info][gc,phases   ] GC(724)   Merge Heap Roots: 0.16ms
[329.004s][info][gc,phases   ] GC(724)   Evacuate Collection Set: 14.41ms
[329.004s][info][gc,phases   ] GC(724)   Post Evacuate Collection Set: 0.93ms
[329.004s][info][gc,phases   ] GC(724)   Other: 0.07ms
[329.004s][info][gc,heap     ] GC(724) Eden regions: 108->0(186)
[329.004s][info][gc,heap     ] GC(724) Survivor regions: 17->3(16)
[329.004s][info][gc,heap     ] GC(724) Old regions: 142->125
[329.004s][info][gc,heap     ] GC(724) Humongous regions: 5->4
[329.004s][info][gc,metaspace] GC(724) Metaspace: 42764K(43136K)->42764K(43136K) NonClass: 39945K(40192K)->39945K(40192K) Class: 2819K(2944K)->2819K(2944K)
[329.004s][info][gc          ] GC(724) Pause Young (Mixed) (G1 Evacuation Pause) 271M->131M(409M) 15.956ms
[329.004s][info][gc,cpu      ] GC(724) User=0.03s Sys=0.00s Real=0.02s
[329.631s][info][gc,start    ] GC(725) Pause Young (Mixed) (G1 Evacuation Pause)
[329.631s][info][gc,task     ] GC(725) Using 2 workers of 2 for evacuation
[329.642s][info][gc,phases   ] GC(725)   Pre Evacuate Collection Set: 0.29ms
[329.642s][info][gc,phases   ] GC(725)   Merge Heap Roots: 0.28ms
[329.642s][info][gc,phases   ] GC(725)   Evacuate Collection Set: 9.75ms
[329.642s][info][gc,phases   ] GC(725)   Post Evacuate Collection Set: 0.45ms
[329.642s][info][gc,phases   ] GC(725)   Other: 0.07ms
[329.642s][info][gc,heap     ] GC(725) Eden regions: 186->0(210)
[329.642s][info][gc,heap     ] GC(725) Survivor regions: 3->9(24)
[329.642s][info][gc,heap     ] GC(725) Old regions: 125->96
[329.642s][info][gc,heap     ] GC(725) Humongous regions: 6->5
[329.642s][info][gc,metaspace] GC(725) Metaspace: 42764K(43136K)->42764K(43136K) NonClass: 39945K(40192K)->39945K(40192K) Class: 2819K(2944K)->2819K(2944K)
[329.642s][info][gc          ] GC(725) Pause Young (Mixed) (G1 Evacuation Pause) 319M->109M(409M) 11.017ms
[329.642s][info][gc,cpu      ] GC(725) User=0.02s Sys=0.00s Real=0.02s
[330.316s][info][gc,start    ] GC(726) Pause Young (Concurrent Start) (G1 Evacuation Pause)
[330.316s][info][gc,task     ] GC(726) Using 2 workers of 2 for evacuation
[330.332s][info][gc,phases   ] GC(726)   Pre Evacuate Collection Set: 0.20ms
[330.332s][info][gc,phases   ] GC(726)   Merge Heap Roots: 0.06ms
[330.332s][info][gc,phases   ] GC(726)   Evacuate Collection Set: 15.62ms
[330.332s][info][gc,phases   ] GC(726)   Post Evacuate Collection Set: 0.47ms
[330.332s][info][gc,phases   ] GC(726)   Other: 0.18ms
[330.332s][info][gc,heap     ] GC(726) Eden regions: 210->0(197)
[330.332s][info][gc,heap     ] GC(726) Survivor regions: 9->27(28)
[330.332s][info][gc,heap     ] GC(726) Old regions: 96->96
[330.332s][info][gc,heap     ] GC(726) Humongous regions: 5->4
[330.332s][info][gc,metaspace] GC(726) Metaspace: 42764K(43136K)->42764K(43136K) NonClass: 39945K(40192K)->39945K(40192K) Class: 2819K(2944K)->2819K(2944K)
[330.332s][info][gc          ] GC(726) Pause Young (Concurrent Start) (G1 Evacuation Pause) 319M->126M(409M) 16.722ms
[330.332s][info][gc,cpu      ] GC(726) User=0.03s Sys=0.00s Real=0.02s
[330.332s][info][gc          ] GC(727) Concurrent Mark Cycle
[330.332s][info][gc,marking  ] GC(727) Concurrent Scan Root Regions
[330.342s][info][gc,marking  ] GC(727) Concurrent Scan Root Regions 9.442ms
[330.342s][info][gc,marking  ] GC(727) Concurrent Mark
[330.342s][info][gc,marking  ] GC(727) Concurrent Mark From Roots
[330.342s][info][gc,task     ] GC(727) Using 1 workers of 1 for marking
[330.413s][info][gc,marking  ] GC(727) Concurrent Mark From Roots 71.395ms
[330.413s][info][gc,marking  ] GC(727) Concurrent Preclean
[330.413s][info][gc,marking  ] GC(727) Concurrent Preclean 0.035ms
[330.413s][info][gc,start    ] GC(727) Pause Remark
[330.428s][info][gc          ] GC(727) Pause Remark 148M->122M(337M) 14.888ms
[330.428s][info][gc,cpu      ] GC(727) User=0.02s Sys=0.00s Real=0.01s
[330.429s][info][gc,marking  ] GC(727) Concurrent Mark 86.830ms
[330.429s][info][gc,marking  ] GC(727) Concurrent Rebuild Remembered Sets and Scrub Regions
[330.456s][info][gc,marking  ] GC(727) Concurrent Rebuild Remembered Sets and Scrub Regions 26.776ms
[330.456s][info][gc,start    ] GC(727) Pause Cleanup
[330.456s][info][gc          ] GC(727) Pause Cleanup 130M->130M(337M) 0.057ms
[330.456s][info][gc,cpu      ] GC(727) User=0.00s Sys=0.00s Real=0.00s
[330.456s][info][gc,marking  ] GC(727) Concurrent Clear Claimed Marks
[330.456s][info][gc,marking  ] GC(727) Concurrent Clear Claimed Marks 0.046ms
[330.456s][info][gc,marking  ] GC(727) Concurrent Cleanup for Next Mark
[330.457s][info][gc,marking  ] GC(727) Concurrent Cleanup for Next Mark 1.003ms
[330.457s][info][gc          ] GC(727) Concurrent Mark Cycle 124.484ms
[330.936s][info][gc,start    ] GC(728) Pause Young (Prepare Mixed) (G1 Evacuation Pause)
[330.936s][info][gc,task     ] GC(728) Using 2 workers of 2 for evacuation
[330.944s][info][gc,phases   ] GC(728)   Pre Evacuate Collection Set: 0.25ms
[330.944s][info][gc,phases   ] GC(728)   Merge Heap Roots: 0.09ms
[330.944s][info][gc,phases   ] GC(728)   Evacuate Collection Set: 6.45ms
[330.944s][info][gc,phases   ] GC(728)   Post Evacuate Collection Set: 0.48ms
[330.944s][info][gc,phases   ] GC(728)   Other: 0.08ms
[330.944s][info][gc,heap     ] GC(728) Eden regions: 175->0(184)
[330.944s][info][gc,heap     ] GC(728) Survivor regions: 27->9(26)
[330.944s][info][gc,heap     ] GC(728) Old regions: 71->72
[330.944s][info][gc,heap     ] GC(728) Humongous regions: 4->3
[330.944s][info][gc,metaspace] GC(728) Metaspace: 42764K(43136K)->42764K(43136K) NonClass: 39945K(40192K)->39945K(40192K) Class: 2819K(2944K)->2819K(2944K)
[330.944s][info][gc          ] GC(728) Pause Young (Prepare Mixed) (G1 Evacuation Pause) 276M->83M(337M) 7.560ms
[330.944s][info][gc,cpu      ] GC(728) User=0.02s Sys=0.00s Real=0.01s
[331.519s][info][gc,start    ] GC(729) Pause Young (Mixed) (G1 Evacuation Pause)
[331.520s][info][gc,task     ] GC(729) Using 2 workers of 2 for evacuation
[331.559s][info][gc,phases   ] GC(729)   Pre Evacuate Collection Set: 0.17ms
[331.559s][info][gc,phases   ] GC(729)   Merge Heap Roots: 0.09ms
[331.559s][info][gc,phases   ] GC(729)   Evacuate Collection Set: 38.22ms
[331.559s][info][gc,phases   ] GC(729)   Post Evacuate Collection Set: 0.51ms
[331.559s][info][gc,phases   ] GC(729)   Other: 0.07ms
[331.559s][info][gc,heap     ] GC(729) Eden regions: 184->0(108)
[331.559s][info][gc,heap     ] GC(729) Survivor regions: 9->25(25)
[331.559s][info][gc,heap     ] GC(729) Old regions: 72->106
[331.559s][info][gc,heap     ] GC(729) Humongous regions: 4->4
[331.559s][info][gc,metaspace] GC(729) Metaspace: 42764K(43136K)->42764K(43136K) NonClass: 39945K(40192K)->39945K(40192K) Class: 2819K(2944K)->2819K(2944K)
[331.559s][info][gc          ] GC(729) Pause Young (Mixed) (G1 Evacuation Pause) 268M->135M(337M) 39.268ms
[331.559s][info][gc,cpu      ] GC(729) User=0.08s Sys=0.00s Real=0.04s
[331.896s][info][gc,start    ] GC(730) Pause Young (Concurrent Start) (G1 Humongous Allocation)
[331.897s][info][gc,task     ] GC(730) Using 2 workers of 2 for evacuation
[331.956s][info][gc,phases   ] GC(730)   Pre Evacuate Collection Set: 0.18ms
[331.956s][info][gc,phases   ] GC(730)   Merge Heap Roots: 0.25ms
[331.956s][info][gc,phases   ] GC(730)   Evacuate Collection Set: 58.16ms
[331.956s][info][gc,phases   ] GC(730)   Post Evacuate Collection Set: 0.46ms
[331.956s][info][gc,phases   ] GC(730)   Other: 0.09ms
[331.956s][info][gc,heap     ] GC(730) Eden regions: 101->0(61)
[331.956s][info][gc,heap     ] GC(730) Survivor regions: 25->17(17)
[331.956s][info][gc,heap     ] GC(730) Old regions: 106->178
[331.956s][info][gc,heap     ] GC(730) Humongous regions: 4->4
[331.956s][info][gc,metaspace] GC(730) Metaspace: 42764K(43136K)->42764K(43136K) NonClass: 39945K(40192K)->39945K(40192K) Class: 2819K(2944K)->2819K(2944K)
[331.956s][info][gc          ] GC(730) Pause Young (Concurrent Start) (G1 Humongous Allocation) 236M->198M(337M) 59.360ms
[331.956s][info][gc,cpu      ] GC(730) User=0.12s Sys=0.01s Real=0.06s
[331.956s][info][gc          ] GC(731) Concurrent Mark Cycle
[331.956s][info][gc,marking  ] GC(731) Concurrent Scan Root Regions
[331.988s][info][gc,marking  ] GC(731) Concurrent Scan Root Regions 32.363ms
[331.988s][info][gc,marking  ] GC(731) Concurrent Mark
[331.988s][info][gc,marking  ] GC(731) Concurrent Mark From Roots
[331.988s][info][gc,task     ] GC(731) Using 1 workers of 1 for marking
[332.097s][info][gc,marking  ] GC(731) Concurrent Mark From Roots 109.016ms
[332.097s][info][gc,marking  ] GC(731) Concurrent Preclean
[332.097s][info][gc,marking  ] GC(731) Concurrent Preclean 0.047ms
[332.098s][info][gc,start    ] GC(731) Pause Remark
[332.112s][info][gc          ] GC(731) Pause Remark 234M->234M(337M) 14.636ms
[332.112s][info][gc,cpu      ] GC(731) User=0.03s Sys=0.00s Real=0.02s
[332.112s][info][gc,marking  ] GC(731) Concurrent Mark 123.964ms
[332.112s][info][gc,marking  ] GC(731) Concurrent Rebuild Remembered Sets and Scrub Regions
[332.196s][info][gc,marking  ] GC(731) Concurrent Rebuild Remembered Sets and Scrub Regions 83.897ms
[332.196s][info][gc,start    ] GC(731) Pause Cleanup
[332.196s][info][gc          ] GC(731) Pause Cleanup 255M->255M(337M) 0.053ms
[332.196s][info][gc,cpu      ] GC(731) User=0.00s Sys=0.00s Real=0.00s
[332.196s][info][gc,marking  ] GC(731) Concurrent Clear Claimed Marks
[332.196s][info][gc,marking  ] GC(731) Concurrent Clear Claimed Marks 0.036ms
[332.196s][info][gc,marking  ] GC(731) Concurrent Cleanup for Next Mark
[332.197s][info][gc,marking  ] GC(731) Concurrent Cleanup for Next Mark 0.981ms
[332.198s][info][gc          ] GC(731) Concurrent Mark Cycle 241.595ms
[332.214s][info][gc,start    ] GC(732) Pause Young (Prepare Mixed) (G1 Evacuation Pause)
[332.214s][info][gc,task     ] GC(732) Using 2 workers of 2 for evacuation
[332.252s][info][gc,phases   ] GC(732)   Pre Evacuate Collection Set: 0.16ms
[332.252s][info][gc,phases   ] GC(732)   Merge Heap Roots: 0.37ms
[332.252s][info][gc,phases   ] GC(732)   Evacuate Collection Set: 37.07ms
[332.252s][info][gc,phases   ] GC(732)   Post Evacuate Collection Set: 0.35ms
[332.252s][info][gc,phases   ] GC(732)   Other: 0.08ms
[332.252s][info][gc,heap     ] GC(732) Eden regions: 61->0(46)
[332.252s][info][gc,heap     ] GC(732) Survivor regions: 17->10(10)
[332.252s][info][gc,heap     ] GC(732) Old regions: 178->218
[332.252s][info][gc,heap     ] GC(732) Humongous regions: 5->5
[332.252s][info][gc,metaspace] GC(732) Metaspace: 42764K(43136K)->42764K(43136K) NonClass: 39945K(40192K)->39945K(40192K) Class: 2819K(2944K)->2819K(2944K)
[332.252s][info][gc          ] GC(732) Pause Young (Prepare Mixed) (G1 Evacuation Pause) 260M->232M(337M) 38.196ms
[332.252s][info][gc,cpu      ] GC(732) User=0.07s Sys=0.00s Real=0.04s
[332.400s][info][gc,start    ] GC(733) Pause Young (Mixed) (G1 Evacuation Pause)
[332.400s][info][gc,task     ] GC(733) Using 2 workers of 2 for evacuation
[332.444s][info][gc,phases   ] GC(733)   Pre Evacuate Collection Set: 0.18ms
[332.444s][info][gc,phases   ] GC(733)   Merge Heap Roots: 0.30ms
[332.444s][info][gc,phases   ] GC(733)   Evacuate Collection Set: 43.28ms
[332.444s][info][gc,phases   ] GC(733)   Post Evacuate Collection Set: 0.37ms
[332.444s][info][gc,phases   ] GC(733)   Other: 0.06ms
[332.444s][info][gc,heap     ] GC(733) Eden regions: 46->0(32)
[332.444s][info][gc,heap     ] GC(733) Survivor regions: 10->7(7)
[332.444s][info][gc,heap     ] GC(733) Old regions: 218->245
[332.444s][info][gc,heap     ] GC(733) Humongous regions: 5->5
[332.444s][info][gc,metaspace] GC(733) Metaspace: 42764K(43136K)->42764K(43136K) NonClass: 39945K(40192K)->39945K(40192K) Class: 2819K(2944K)->2819K(2944K)
[332.445s][info][gc          ] GC(733) Pause Young (Mixed) (G1 Evacuation Pause) 278M->256M(337M) 44.385ms
[332.445s][info][gc,cpu      ] GC(733) User=0.09s Sys=0.00s Real=0.05s
[332.550s][info][gc,start    ] GC(734) Pause Young (Concurrent Start) (G1 Evacuation Pause)
[332.550s][info][gc,task     ] GC(734) Using 2 workers of 2 for evacuation
[332.570s][info][gc,phases   ] GC(734)   Pre Evacuate Collection Set: 0.21ms
[332.570s][info][gc,phases   ] GC(734)   Merge Heap Roots: 0.12ms
[332.570s][info][gc,phases   ] GC(734)   Evacuate Collection Set: 18.55ms
[332.570s][info][gc,phases   ] GC(734)   Post Evacuate Collection Set: 0.32ms
[332.570s][info][gc,phases   ] GC(734)   Other: 0.11ms
[332.570s][info][gc,heap     ] GC(734) Eden regions: 32->0(24)
[332.570s][info][gc,heap     ] GC(734) Survivor regions: 7->5(5)
[332.570s][info][gc,heap     ] GC(734) Old regions: 245->267
[332.570s][info][gc,heap     ] GC(734) Humongous regions: 5->5
[332.570s][info][gc,metaspace] GC(734) Metaspace: 42764K(43136K)->42764K(43136K) NonClass: 39945K(40192K)->39945K(40192K) Class: 2819K(2944K)->2819K(2944K)
[332.570s][info][gc          ] GC(734) Pause Young (Concurrent Start) (G1 Evacuation Pause) 288M->277M(337M) 19.498ms
[332.570s][info][gc,cpu      ] GC(734) User=0.03s Sys=0.00s Real=0.02s
[332.570s][info][gc          ] GC(735) Concurrent Mark Cycle
[332.570s][info][gc,marking  ] GC(735) Concurrent Scan Root Regions
[332.579s][info][gc,marking  ] GC(735) Concurrent Scan Root Regions 9.237ms
[332.579s][info][gc,marking  ] GC(735) Concurrent Mark
[332.579s][info][gc,marking  ] GC(735) Concurrent Mark From Roots
[332.579s][info][gc,task     ] GC(735) Using 1 workers of 1 for marking
[332.672s][info][gc,start    ] GC(736) Pause Young (Normal) (G1 Evacuation Pause)
[332.672s][info][gc,task     ] GC(736) Using 2 workers of 2 for evacuation
[332.688s][info][gc,phases   ] GC(736)   Pre Evacuate Collection Set: 0.19ms
[332.688s][info][gc,phases   ] GC(736)   Merge Heap Roots: 0.14ms
[332.688s][info][gc,phases   ] GC(736)   Evacuate Collection Set: 14.18ms
[332.688s][info][gc,phases   ] GC(736)   Post Evacuate Collection Set: 1.69ms
[332.688s][info][gc,phases   ] GC(736)   Other: 0.07ms
[332.688s][info][gc,heap     ] GC(736) Eden regions: 24->0(113)
[332.688s][info][gc,heap     ] GC(736) Survivor regions: 5->4(4)
[332.688s][info][gc,heap     ] GC(736) Old regions: 267->281
[332.688s][info][gc,heap     ] GC(736) Humongous regions: 6->6
[332.688s][info][gc,metaspace] GC(736) Metaspace: 42764K(43136K)->42764K(43136K) NonClass: 39945K(40192K)->39945K(40192K) Class: 2819K(2944K)->2819K(2944K)
[332.688s][info][gc          ] GC(736) Pause Young (Normal) (G1 Evacuation Pause) 302M->291M(562M) 16.456ms
[332.688s][info][gc,cpu      ] GC(736) User=0.03s Sys=0.00s Real=0.02s
[332.717s][info][gc,marking  ] GC(735) Concurrent Mark From Roots 138.204ms
[332.717s][info][gc,marking  ] GC(735) Concurrent Preclean
[332.717s][info][gc,marking  ] GC(735) Concurrent Preclean 0.061ms
[332.718s][info][gc,start    ] GC(735) Pause Remark
[332.732s][info][gc          ] GC(735) Pause Remark 297M->249M(562M) 14.656ms
[332.732s][info][gc,cpu      ] GC(735) User=0.03s Sys=0.00s Real=0.02s
[332.732s][info][gc,marking  ] GC(735) Concurrent Mark 153.196ms
[332.732s][info][gc,marking  ] GC(735) Concurrent Rebuild Remembered Sets and Scrub Regions
[332.800s][info][gc,marking  ] GC(735) Concurrent Rebuild Remembered Sets and Scrub Regions 67.787ms
[332.800s][info][gc,start    ] GC(735) Pause Cleanup
[332.800s][info][gc          ] GC(735) Pause Cleanup 264M->264M(562M) 0.087ms
[332.800s][info][gc,cpu      ] GC(735) User=0.00s Sys=0.00s Real=0.00s
[332.800s][info][gc,marking  ] GC(735) Concurrent Clear Claimed Marks
[332.800s][info][gc,marking  ] GC(735) Concurrent Clear Claimed Marks 0.045ms
[332.800s][info][gc,marking  ] GC(735) Concurrent Cleanup for Next Mark
[332.804s][info][gc,marking  ] GC(735) Concurrent Cleanup for Next Mark 3.793ms
[332.804s][info][gc          ] GC(735) Concurrent Mark Cycle 234.440ms
[333.172s][info][gc,start    ] GC(737) Pause Young (Prepare Mixed) (G1 Evacuation Pause)
[333.172s][info][gc,task     ] GC(737) Using 2 workers of 2 for evacuation
[333.219s][info][gc,phases   ] GC(737)   Pre Evacuate Collection Set: 0.25ms
[333.219s][info][gc,phases   ] GC(737)   Merge Heap Roots: 0.28ms
[333.219s][info][gc,phases   ] GC(737)   Evacuate Collection Set: 46.23ms
[333.219s][info][gc,phases   ] GC(737)   Post Evacuate Collection Set: 0.49ms
[333.219s][info][gc,phases   ] GC(737)   Other: 0.11ms
[333.219s][info][gc,heap     ] GC(737) Eden regions: 113->0(113)
[333.219s][info][gc,heap     ] GC(737) Survivor regions: 4->15(15)
[333.219s][info][gc,heap     ] GC(737) Old regions: 235->277
[333.219s][info][gc,heap     ] GC(737) Humongous regions: 5->5
[333.219s][info][gc,metaspace] GC(737) Metaspace: 42764K(43136K)->42764K(43136K) NonClass: 39945K(40192K)->39945K(40192K) Class: 2819K(2944K)->2819K(2944K)
[333.219s][info][gc          ] GC(737) Pause Young (Prepare Mixed) (G1 Evacuation Pause) 357M->296M(562M) 47.571ms
[333.219s][info][gc,cpu      ] GC(737) User=0.09s Sys=0.00s Real=0.05s
[333.666s][info][gc,start    ] GC(738) Pause Young (Mixed) (G1 Evacuation Pause)
[333.666s][info][gc,task     ] GC(738) Using 2 workers of 2 for evacuation
[333.701s][info][gc,phases   ] GC(738)   Pre Evacuate Collection Set: 0.26ms
[333.701s][info][gc,phases   ] GC(738)   Merge Heap Roots: 0.27ms
[333.701s][info][gc,phases   ] GC(738)   Evacuate Collection Set: 33.61ms
[333.701s][info][gc,phases   ] GC(738)   Post Evacuate Collection Set: 0.49ms
[333.701s][info][gc,phases   ] GC(738)   Other: 0.10ms
[333.701s][info][gc,heap     ] GC(738) Eden regions: 113->0(147)
[333.701s][info][gc,heap     ] GC(738) Survivor regions: 15->12(16)
[333.701s][info][gc,heap     ] GC(738) Old regions: 277->234
[333.701s][info][gc,heap     ] GC(738) Humongous regions: 5->5
[333.701s][info][gc,metaspace] GC(738) Metaspace: 42764K(43136K)->42764K(43136K) NonClass: 39945K(40192K)->39945K(40192K) Class: 2819K(2944K)->2819K(2944K)
[333.701s][info][gc          ] GC(738) Pause Young (Mixed) (G1 Evacuation Pause) 409M->251M(562M) 34.958ms
[333.701s][info][gc,cpu      ] GC(738) User=0.06s Sys=0.01s Real=0.03s
[334.203s][info][gc,start    ] GC(739) Pause Young (Mixed) (G1 Evacuation Pause)
[334.203s][info][gc,task     ] GC(739) Using 2 workers of 2 for evacuation
[334.235s][info][gc,phases   ] GC(739)   Pre Evacuate Collection Set: 0.38ms
[334.235s][info][gc,phases   ] GC(739)   Merge Heap Roots: 0.45ms
[334.235s][info][gc,phases   ] GC(739)   Evacuate Collection Set: 31.46ms
[334.235s][info][gc,phases   ] GC(739)   Post Evacuate Collection Set: 0.44ms
[334.235s][info][gc,phases   ] GC(739)   Other: 0.07ms
[334.236s][info][gc,heap     ] GC(739) Eden regions: 147->0(164)
[334.236s][info][gc,heap     ] GC(739) Survivor regions: 12->20(20)
[334.236s][info][gc,heap     ] GC(739) Old regions: 234->211
[334.236s][info][gc,heap     ] GC(739) Humongous regions: 5->5
[334.236s][info][gc,metaspace] GC(739) Metaspace: 42764K(43136K)->42764K(43136K) NonClass: 39945K(40192K)->39945K(40192K) Class: 2819K(2944K)->2819K(2944K)
[334.236s][info][gc          ] GC(739) Pause Young (Mixed) (G1 Evacuation Pause) 398M->235M(562M) 32.992ms
[334.236s][info][gc,cpu      ] GC(739) User=0.05s Sys=0.01s Real=0.03s
[334.270s][info][gc,start    ] GC(740) Pause Young (Concurrent Start) (G1 Humongous Allocation)
[334.271s][info][gc,task     ] GC(740) Using 2 workers of 2 for evacuation
[334.288s][info][gc,phases   ] GC(740)   Pre Evacuate Collection Set: 0.24ms
[334.288s][info][gc,phases   ] GC(740)   Merge Heap Roots: 0.06ms
[334.288s][info][gc,phases   ] GC(740)   Evacuate Collection Set: 16.87ms
[334.288s][info][gc,phases   ] GC(740)   Post Evacuate Collection Set: 0.30ms
[334.288s][info][gc,phases   ] GC(740)   Other: 0.09ms
[334.288s][info][gc,heap     ] GC(740) Eden regions: 10->0(134)
[334.288s][info][gc,heap     ] GC(740) Survivor regions: 20->9(23)
[334.288s][info][gc,heap     ] GC(740) Old regions: 211->231
[334.288s][info][gc,heap     ] GC(740) Humongous regions: 5->5
[334.288s][info][gc,metaspace] GC(740) Metaspace: 42764K(43136K)->42764K(43136K) NonClass: 39945K(40192K)->39945K(40192K) Class: 2819K(2944K)->2819K(2944K)
[334.288s][info][gc          ] GC(740) Pause Young (Concurrent Start) (G1 Humongous Allocation) 245M->244M(562M) 17.718ms
[334.288s][info][gc,cpu      ] GC(740) User=0.03s Sys=0.01s Real=0.02s
[334.288s][info][gc          ] GC(741) Concurrent Mark Cycle
[334.288s][info][gc,marking  ] GC(741) Concurrent Scan Root Regions
[334.300s][info][gc,marking  ] GC(741) Concurrent Scan Root Regions 11.250ms
[334.300s][info][gc,marking  ] GC(741) Concurrent Mark
[334.300s][info][gc,marking  ] GC(741) Concurrent Mark From Roots
[334.300s][info][gc,task     ] GC(741) Using 1 workers of 1 for marking
[334.380s][info][gc,marking  ] GC(741) Concurrent Mark From Roots 80.367ms
[334.380s][info][gc,marking  ] GC(741) Concurrent Preclean
[334.380s][info][gc,marking  ] GC(741) Concurrent Preclean 0.052ms
[334.380s][info][gc,start    ] GC(741) Pause Remark
[334.395s][info][gc          ] GC(741) Pause Remark 265M->162M(477M) 14.490ms
[334.395s][info][gc,cpu      ] GC(741) User=0.03s Sys=0.00s Real=0.02s
[334.395s][info][gc,marking  ] GC(741) Concurrent Mark 95.182ms
[334.395s][info][gc,marking  ] GC(741) Concurrent Rebuild Remembered Sets and Scrub Regions
[334.460s][info][gc,marking  ] GC(741) Concurrent Rebuild Remembered Sets and Scrub Regions 65.003ms
[334.460s][info][gc,start    ] GC(741) Pause Cleanup
[334.460s][info][gc          ] GC(741) Pause Cleanup 182M->182M(477M) 0.085ms
[334.460s][info][gc,cpu      ] GC(741) User=0.00s Sys=0.00s Real=0.00s
[334.460s][info][gc,marking  ] GC(741) Concurrent Clear Claimed Marks
[334.460s][info][gc,marking  ] GC(741) Concurrent Clear Claimed Marks 0.040ms
[334.460s][info][gc,marking  ] GC(741) Concurrent Cleanup for Next Mark
[334.462s][info][gc,marking  ] GC(741) Concurrent Cleanup for Next Mark 1.389ms
[334.462s][info][gc          ] GC(741) Concurrent Mark Cycle 173.360ms
[334.806s][info][gc,start    ] GC(742) Pause Young (Prepare Mixed) (G1 Evacuation Pause)
[334.806s][info][gc,task     ] GC(742) Using 2 workers of 2 for evacuation
[334.849s][info][gc,phases   ] GC(742)   Pre Evacuate Collection Set: 0.32ms
[334.849s][info][gc,phases   ] GC(742)   Merge Heap Roots: 0.28ms
[334.849s][info][gc,phases   ] GC(742)   Evacuate Collection Set: 41.68ms
[334.849s][info][gc,phases   ] GC(742)   Post Evacuate Collection Set: 0.48ms
[334.849s][info][gc,phases   ] GC(742)   Other: 0.08ms
[334.849s][info][gc,heap     ] GC(742) Eden regions: 134->0(133)
[334.849s][info][gc,heap     ] GC(742) Survivor regions: 9->18(18)
[334.849s][info][gc,heap     ] GC(742) Old regions: 130->157
[334.849s][info][gc,heap     ] GC(742) Humongous regions: 4->3
[334.849s][info][gc,metaspace] GC(742) Metaspace: 42764K(43136K)->42764K(43136K) NonClass: 39945K(40192K)->39945K(40192K) Class: 2819K(2944K)->2819K(2944K)
[334.849s][info][gc          ] GC(742) Pause Young (Prepare Mixed) (G1 Evacuation Pause) 276M->177M(477M) 43.053ms
[334.849s][info][gc,cpu      ] GC(742) User=0.07s Sys=0.01s Real=0.04s
[335.287s][info][gc,start    ] GC(743) Pause Young (Mixed) (G1 Evacuation Pause)
[335.287s][info][gc,task     ] GC(743) Using 2 workers of 2 for evacuation
[335.322s][info][gc,phases   ] GC(743)   Pre Evacuate Collection Set: 0.22ms
[335.322s][info][gc,phases   ] GC(743)   Merge Heap Roots: 0.33ms
[335.322s][info][gc,phases   ] GC(743)   Evacuate Collection Set: 33.99ms
[335.322s][info][gc,phases   ] GC(743)   Post Evacuate Collection Set: 0.43ms
[335.322s][info][gc,phases   ] GC(743)   Other: 0.07ms
[335.322s][info][gc,heap     ] GC(743) Eden regions: 133->0(146)
[335.322s][info][gc,heap     ] GC(743) Survivor regions: 18->19(19)
[335.322s][info][gc,heap     ] GC(743) Old regions: 157->149
[335.322s][info][gc,heap     ] GC(743) Humongous regions: 4->4
[335.322s][info][gc,metaspace] GC(743) Metaspace: 42764K(43136K)->42764K(43136K) NonClass: 39945K(40192K)->39945K(40192K) Class: 2819K(2944K)->2819K(2944K)
[335.322s][info][gc          ] GC(743) Pause Young (Mixed) (G1 Evacuation Pause) 311M->171M(477M) 35.257ms
[335.322s][info][gc,cpu      ] GC(743) User=0.07s Sys=0.00s Real=0.04s
[335.353s][info][gc,start    ] GC(744) Pause Young (Concurrent Start) (G1 Humongous Allocation)
[335.353s][info][gc,task     ] GC(744) Using 2 workers of 2 for evacuation
[335.369s][info][gc,phases   ] GC(744)   Pre Evacuate Collection Set: 0.21ms
[335.369s][info][gc,phases   ] GC(744)   Merge Heap Roots: 0.10ms
[335.369s][info][gc,phases   ] GC(744)   Evacuate Collection Set: 15.52ms
[335.369s][info][gc,phases   ] GC(744)   Post Evacuate Collection Set: 0.29ms
[335.369s][info][gc,phases   ] GC(744)   Other: 0.08ms
[335.369s][info][gc,heap     ] GC(744) Eden regions: 11->0(142)
[335.369s][info][gc,heap     ] GC(744) Survivor regions: 19->8(21)
[335.369s][info][gc,heap     ] GC(744) Old regions: 149->168
[335.369s][info][gc,heap     ] GC(744) Humongous regions: 4->4
[335.369s][info][gc,metaspace] GC(744) Metaspace: 42764K(43136K)->42764K(43136K) NonClass: 39945K(40192K)->39945K(40192K) Class: 2819K(2944K)->2819K(2944K)
[335.369s][info][gc          ] GC(744) Pause Young (Concurrent Start) (G1 Humongous Allocation) 182M->178M(477M) 16.396ms
[335.369s][info][gc          ] GC(745) Concurrent Mark Cycle
[335.369s][info][gc,marking  ] GC(745) Concurrent Scan Root Regions
[335.372s][info][gc,cpu      ] GC(744) User=0.04s Sys=0.00s Real=0.02s
[335.378s][info][gc,marking  ] GC(745) Concurrent Scan Root Regions 8.877ms
[335.378s][info][gc,marking  ] GC(745) Concurrent Mark
[335.378s][info][gc,marking  ] GC(745) Concurrent Mark From Roots
[335.378s][info][gc,task     ] GC(745) Using 1 workers of 1 for marking
[335.471s][info][gc,marking  ] GC(745) Concurrent Mark From Roots 92.291ms
[335.471s][info][gc,marking  ] GC(745) Concurrent Preclean
[335.471s][info][gc,marking  ] GC(745) Concurrent Preclean 0.054ms
[335.471s][info][gc,start    ] GC(745) Pause Remark
[335.486s][info][gc          ] GC(745) Pause Remark 209M->185M(477M) 15.783ms
[335.487s][info][gc,cpu      ] GC(745) User=0.03s Sys=0.00s Real=0.02s
[335.487s][info][gc,marking  ] GC(745) Concurrent Mark 108.320ms
[335.487s][info][gc,marking  ] GC(745) Concurrent Rebuild Remembered Sets and Scrub Regions
[335.529s][info][gc,marking  ] GC(745) Concurrent Rebuild Remembered Sets and Scrub Regions 42.375ms
[335.529s][info][gc,start    ] GC(745) Pause Cleanup
[335.529s][info][gc          ] GC(745) Pause Cleanup 198M->198M(477M) 0.061ms
[335.529s][info][gc,cpu      ] GC(745) User=0.00s Sys=0.00s Real=0.00s
[335.529s][info][gc,marking  ] GC(745) Concurrent Clear Claimed Marks
[335.529s][info][gc,marking  ] GC(745) Concurrent Clear Claimed Marks 0.035ms
[335.529s][info][gc,marking  ] GC(745) Concurrent Cleanup for Next Mark
[335.531s][info][gc,marking  ] GC(745) Concurrent Cleanup for Next Mark 1.358ms
[335.531s][info][gc          ] GC(745) Concurrent Mark Cycle 161.216ms
[335.840s][info][gc,start    ] GC(746) Pause Young (Prepare Mixed) (G1 Evacuation Pause)
[335.840s][info][gc,task     ] GC(746) Using 2 workers of 2 for evacuation
[335.862s][info][gc,phases   ] GC(746)   Pre Evacuate Collection Set: 0.25ms
[335.862s][info][gc,phases   ] GC(746)   Merge Heap Roots: 0.08ms
[335.862s][info][gc,phases   ] GC(746)   Evacuate Collection Set: 20.69ms
[335.862s][info][gc,phases   ] GC(746)   Post Evacuate Collection Set: 0.44ms
[335.862s][info][gc,phases   ] GC(746)   Other: 0.09ms
[335.862s][info][gc,heap     ] GC(746) Eden regions: 142->0(146)
[335.862s][info][gc,heap     ] GC(746) Survivor regions: 8->19(19)
[335.862s][info][gc,heap     ] GC(746) Old regions: 144->160
[335.862s][info][gc,heap     ] GC(746) Humongous regions: 6->4
[335.862s][info][gc,metaspace] GC(746) Metaspace: 42764K(43136K)->42764K(43136K) NonClass: 39945K(40192K)->39945K(40192K) Class: 2819K(2944K)->2819K(2944K)
[335.862s][info][gc          ] GC(746) Pause Young (Prepare Mixed) (G1 Evacuation Pause) 298M->182M(477M) 21.760ms
[335.862s][info][gc,cpu      ] GC(746) User=0.04s Sys=0.00s Real=0.03s
[336.332s][info][gc,start    ] GC(747) Pause Young (Mixed) (G1 Evacuation Pause)
[336.332s][info][gc,task     ] GC(747) Using 2 workers of 2 for evacuation
[336.362s][info][gc,phases   ] GC(747)   Pre Evacuate Collection Set: 0.37ms
[336.362s][info][gc,phases   ] GC(747)   Merge Heap Roots: 0.22ms
[336.362s][info][gc,phases   ] GC(747)   Evacuate Collection Set: 28.82ms
[336.362s][info][gc,phases   ] GC(747)   Post Evacuate Collection Set: 0.45ms
[336.362s][info][gc,phases   ] GC(747)   Other: 0.07ms
[336.362s][info][gc,heap     ] GC(747) Eden regions: 146->0(161)
[336.362s][info][gc,heap     ] GC(747) Survivor regions: 19->21(21)
[336.362s][info][gc,heap     ] GC(747) Old regions: 160->142
[336.362s][info][gc,heap     ] GC(747) Humongous regions: 6->5
[336.362s][info][gc,metaspace] GC(747) Metaspace: 42764K(43136K)->42764K(43136K) NonClass: 39945K(40192K)->39945K(40192K) Class: 2819K(2944K)->2819K(2944K)
[336.362s][info][gc          ] GC(747) Pause Young (Mixed) (G1 Evacuation Pause) 330M->167M(477M) 30.162ms
[336.362s][info][gc,cpu      ] GC(747) User=0.06s Sys=0.00s Real=0.03s
[336.618s][info][gc,start    ] GC(748) Pause Young (Concurrent Start) (G1 Humongous Allocation)
[336.618s][info][gc,task     ] GC(748) Using 2 workers of 2 for evacuation
[336.641s][info][gc,phases   ] GC(748)   Pre Evacuate Collection Set: 0.24ms
[336.641s][info][gc,phases   ] GC(748)   Merge Heap Roots: 0.12ms
[336.641s][info][gc,phases   ] GC(748)   Evacuate Collection Set: 21.52ms
[336.641s][info][gc,phases   ] GC(748)   Post Evacuate Collection Set: 0.36ms
[336.641s][info][gc,phases   ] GC(748)   Other: 0.10ms
[336.641s][info][gc,heap     ] GC(748) Eden regions: 83->0(160)
[336.641s][info][gc,heap     ] GC(748) Survivor regions: 21->23(23)
[336.641s][info][gc,heap     ] GC(748) Old regions: 142->155
[336.641s][info][gc,heap     ] GC(748) Humongous regions: 5->5
[336.641s][info][gc,metaspace] GC(748) Metaspace: 42764K(43136K)->42764K(43136K) NonClass: 39945K(40192K)->39945K(40192K) Class: 2819K(2944K)->2819K(2944K)
[336.641s][info][gc          ] GC(748) Pause Young (Concurrent Start) (G1 Humongous Allocation) 250M->182M(477M) 22.531ms
[336.641s][info][gc,cpu      ] GC(748) User=0.04s Sys=0.00s Real=0.02s
[336.641s][info][gc          ] GC(749) Concurrent Mark Cycle
[336.641s][info][gc,marking  ] GC(749) Concurrent Scan Root Regions
[336.653s][info][gc,marking  ] GC(749) Concurrent Scan Root Regions 12.373ms
[336.653s][info][gc,marking  ] GC(749) Concurrent Mark
[336.653s][info][gc,marking  ] GC(749) Concurrent Mark From Roots
[336.653s][info][gc,task     ] GC(749) Using 1 workers of 1 for marking
[336.745s][info][gc,marking  ] GC(749) Concurrent Mark From Roots 92.245ms
[336.745s][info][gc,marking  ] GC(749) Concurrent Preclean
[336.745s][info][gc,marking  ] GC(749) Concurrent Preclean 0.052ms
[336.746s][info][gc,start    ] GC(749) Pause Remark
[336.760s][info][gc          ] GC(749) Pause Remark 209M->190M(477M) 14.517ms
[336.760s][info][gc,cpu      ] GC(749) User=0.03s Sys=0.00s Real=0.01s
[336.760s][info][gc,marking  ] GC(749) Concurrent Mark 107.097ms
[336.760s][info][gc,marking  ] GC(749) Concurrent Rebuild Remembered Sets and Scrub Regions
[336.803s][info][gc,marking  ] GC(749) Concurrent Rebuild Remembered Sets and Scrub Regions 42.282ms
[336.803s][info][gc,start    ] GC(749) Pause Cleanup
[336.803s][info][gc          ] GC(749) Pause Cleanup 204M->204M(477M) 0.062ms
[336.803s][info][gc,cpu      ] GC(749) User=0.00s Sys=0.00s Real=0.00s
[336.803s][info][gc,marking  ] GC(749) Concurrent Clear Claimed Marks
[336.803s][info][gc,marking  ] GC(749) Concurrent Clear Claimed Marks 0.044ms
[336.803s][info][gc,marking  ] GC(749) Concurrent Cleanup for Next Mark
[336.804s][info][gc,marking  ] GC(749) Concurrent Cleanup for Next Mark 1.345ms
[336.804s][info][gc          ] GC(749) Concurrent Mark Cycle 163.507ms
[337.173s][info][gc,start    ] GC(750) Pause Young (Prepare Mixed) (G1 Evacuation Pause)
[337.173s][info][gc,task     ] GC(750) Using 2 workers of 2 for evacuation
[337.216s][info][gc,phases   ] GC(750)   Pre Evacuate Collection Set: 0.21ms
[337.216s][info][gc,phases   ] GC(750)   Merge Heap Roots: 0.09ms
[337.216s][info][gc,phases   ] GC(750)   Evacuate Collection Set: 42.43ms
[337.216s][info][gc,phases   ] GC(750)   Post Evacuate Collection Set: 0.50ms
[337.216s][info][gc,phases   ] GC(750)   Other: 0.07ms
[337.216s][info][gc,heap     ] GC(750) Eden regions: 160->0(144)
[337.216s][info][gc,heap     ] GC(750) Survivor regions: 23->23(23)
[337.216s][info][gc,heap     ] GC(750) Old regions: 137->183
[337.216s][info][gc,heap     ] GC(750) Humongous regions: 6->4
[337.216s][info][gc,metaspace] GC(750) Metaspace: 42764K(43136K)->42764K(43136K) NonClass: 39945K(40192K)->39945K(40192K) Class: 2819K(2944K)->2819K(2944K)
[337.216s][info][gc          ] GC(750) Pause Young (Prepare Mixed) (G1 Evacuation Pause) 325M->210M(477M) 43.529ms
[337.216s][info][gc,cpu      ] GC(750) User=0.08s Sys=0.00s Real=0.04s
[337.605s][info][gc,start    ] GC(751) Pause Young (Mixed) (G1 Evacuation Pause)
[337.606s][info][gc,task     ] GC(751) Using 2 workers of 2 for evacuation
[337.630s][info][gc,phases   ] GC(751)   Pre Evacuate Collection Set: 0.25ms
[337.630s][info][gc,phases   ] GC(751)   Merge Heap Roots: 0.28ms
[337.630s][info][gc,phases   ] GC(751)   Evacuate Collection Set: 23.11ms
[337.630s][info][gc,phases   ] GC(751)   Post Evacuate Collection Set: 0.69ms
[337.630s][info][gc,phases   ] GC(751)   Other: 0.07ms
[337.630s][info][gc,heap     ] GC(751) Eden regions: 144->0(182)
[337.630s][info][gc,heap     ] GC(751) Survivor regions: 23->5(21)
[337.630s][info][gc,heap     ] GC(751) Old regions: 183->171
[337.630s][info][gc,heap     ] GC(751) Humongous regions: 6->6
[337.630s][info][gc,metaspace] GC(751) Metaspace: 42764K(43136K)->42764K(43136K) NonClass: 39945K(40192K)->39945K(40192K) Class: 2819K(2944K)->2819K(2944K)
[337.630s][info][gc          ] GC(751) Pause Young (Mixed) (G1 Evacuation Pause) 356M->181M(498M) 24.591ms
[337.630s][info][gc,cpu      ] GC(751) User=0.05s Sys=0.00s Real=0.02s
[338.173s][info][gc,start    ] GC(752) Pause Young (Concurrent Start) (G1 Evacuation Pause)
[338.173s][info][gc,task     ] GC(752) Using 2 workers of 2 for evacuation
[338.177s][info][gc,phases   ] GC(752)   Pre Evacuate Collection Set: 0.26ms
[338.177s][info][gc,phases   ] GC(752)   Merge Heap Roots: 0.06ms
[338.177s][info][gc,phases   ] GC(752)   Evacuate Collection Set: 2.65ms
[338.177s][info][gc,phases   ] GC(752)   Post Evacuate Collection Set: 0.43ms
[338.177s][info][gc,phases   ] GC(752)   Other: 0.09ms
[338.177s][info][gc,heap     ] GC(752) Eden regions: 182->0(198)
[338.177s][info][gc,heap     ] GC(752) Survivor regions: 5->4(24)
[338.177s][info][gc,heap     ] GC(752) Old regions: 171->171
[338.177s][info][gc,heap     ] GC(752) Humongous regions: 6->6
[338.177s][info][gc,metaspace] GC(752) Metaspace: 42764K(43136K)->42764K(43136K) NonClass: 39945K(40192K)->39945K(40192K) Class: 2819K(2944K)->2819K(2944K)
[338.177s][info][gc          ] GC(752) Pause Young (Concurrent Start) (G1 Evacuation Pause) 363M->180M(498M) 3.667ms
[338.177s][info][gc          ] GC(753) Concurrent Mark Cycle
[338.177s][info][gc,marking  ] GC(753) Concurrent Scan Root Regions
[338.179s][info][gc,cpu      ] GC(752) User=0.01s Sys=0.00s Real=0.00s
[338.179s][info][gc,marking  ] GC(753) Concurrent Scan Root Regions 2.018ms
[338.179s][info][gc,marking  ] GC(753) Concurrent Mark
[338.179s][info][gc,marking  ] GC(753) Concurrent Mark From Roots
[338.179s][info][gc,task     ] GC(753) Using 1 workers of 1 for marking
[338.256s][info][gc,marking  ] GC(753) Concurrent Mark From Roots 76.832ms
[338.256s][info][gc,marking  ] GC(753) Concurrent Preclean
[338.256s][info][gc,marking  ] GC(753) Concurrent Preclean 0.058ms
[338.256s][info][gc,start    ] GC(753) Pause Remark
[338.271s][info][gc          ] GC(753) Pause Remark 205M->118M(317M) 14.589ms
[338.271s][info][gc,cpu      ] GC(753) User=0.03s Sys=0.00s Real=0.01s
[338.271s][info][gc,marking  ] GC(753) Concurrent Mark 91.738ms
[338.271s][info][gc,marking  ] GC(753) Concurrent Rebuild Remembered Sets and Scrub Regions
[338.300s][info][gc,marking  ] GC(753) Concurrent Rebuild Remembered Sets and Scrub Regions 29.636ms
[338.300s][info][gc,start    ] GC(753) Pause Cleanup
[338.300s][info][gc          ] GC(753) Pause Cleanup 128M->128M(317M) 0.052ms
[338.300s][info][gc,cpu      ] GC(753) User=0.00s Sys=0.00s Real=0.00s
[338.300s][info][gc,marking  ] GC(753) Concurrent Clear Claimed Marks
[338.301s][info][gc,marking  ] GC(753) Concurrent Clear Claimed Marks 0.033ms
[338.301s][info][gc,marking  ] GC(753) Concurrent Cleanup for Next Mark
[338.301s][info][gc,marking  ] GC(753) Concurrent Cleanup for Next Mark 0.884ms
[338.301s][info][gc          ] GC(753) Concurrent Mark Cycle 124.639ms
[338.753s][info][gc,start    ] GC(754) Pause Young (Prepare Mixed) (G1 Evacuation Pause)
[338.753s][info][gc,task     ] GC(754) Using 2 workers of 2 for evacuation
[338.760s][info][gc,phases   ] GC(754)   Pre Evacuate Collection Set: 0.18ms
[338.760s][info][gc,phases   ] GC(754)   Merge Heap Roots: 0.07ms
[338.760s][info][gc,phases   ] GC(754)   Evacuate Collection Set: 6.20ms
[338.760s][info][gc,phases   ] GC(754)   Post Evacuate Collection Set: 0.42ms
[338.760s][info][gc,phases   ] GC(754)   Other: 0.07ms
[338.760s][info][gc,heap     ] GC(754) Eden regions: 186->0(152)
[338.760s][info][gc,heap     ] GC(754) Survivor regions: 4->8(24)
[338.760s][info][gc,heap     ] GC(754) Old regions: 87->87
[338.760s][info][gc,heap     ] GC(754) Humongous regions: 4->1
[338.760s][info][gc,metaspace] GC(754) Metaspace: 42764K(43136K)->42764K(43136K) NonClass: 39945K(40192K)->39945K(40192K) Class: 2819K(2944K)->2819K(2944K)
[338.760s][info][gc          ] GC(754) Pause Young (Prepare Mixed) (G1 Evacuation Pause) 280M->95M(317M) 7.108ms
[338.760s][info][gc,cpu      ] GC(754) User=0.01s Sys=0.00s Real=0.00s
[338.994s][info][gc,start    ] GC(755) Pause Young (Mixed) (G1 Evacuation Pause)
[338.994s][info][gc,task     ] GC(755) Using 2 workers of 2 for evacuation
[338.999s][info][gc,phases   ] GC(755)   Pre Evacuate Collection Set: 0.17ms
[338.999s][info][gc,phases   ] GC(755)   Merge Heap Roots: 0.07ms
[338.999s][info][gc,phases   ] GC(755)   Evacuate Collection Set: 4.69ms
[338.999s][info][gc,phases   ] GC(755)   Post Evacuate Collection Set: 0.39ms
[338.999s][info][gc,phases   ] GC(755)   Other: 0.09ms
[338.999s][info][gc,heap     ] GC(755) Eden regions: 152->0(169)
[338.999s][info][gc,heap     ] GC(755) Survivor regions: 8->7(20)
[338.999s][info][gc,heap     ] GC(755) Old regions: 87->74
[338.999s][info][gc,heap     ] GC(755) Humongous regions: 1->1
[338.999s][info][gc,metaspace] GC(755) Metaspace: 42764K(43136K)->42764K(43136K) NonClass: 39945K(40192K)->39945K(40192K) Class: 2819K(2944K)->2819K(2944K)
[338.999s][info][gc          ] GC(755) Pause Young (Mixed) (G1 Evacuation Pause) 247M->81M(317M) 5.582ms
[338.999s][info][gc,cpu      ] GC(755) User=0.01s Sys=0.00s Real=0.00s
[339.265s][info][gc,start    ] GC(756) Pause Young (Concurrent Start) (G1 Evacuation Pause)
[339.265s][info][gc,task     ] GC(756) Using 2 workers of 2 for evacuation
[339.271s][info][gc,phases   ] GC(756)   Pre Evacuate Collection Set: 0.20ms
[339.271s][info][gc,phases   ] GC(756)   Merge Heap Roots: 0.09ms
[339.271s][info][gc,phases   ] GC(756)   Evacuate Collection Set: 5.03ms
[339.271s][info][gc,phases   ] GC(756)   Post Evacuate Collection Set: 0.41ms
[339.271s][info][gc,phases   ] GC(756)   Other: 0.10ms
[339.271s][info][gc,heap     ] GC(756) Eden regions: 169->0(177)
[339.271s][info][gc,heap     ] GC(756) Survivor regions: 7->8(22)
[339.271s][info][gc,heap     ] GC(756) Old regions: 74->74
[339.271s][info][gc,heap     ] GC(756) Humongous regions: 1->1
[339.271s][info][gc,metaspace] GC(756) Metaspace: 42764K(43136K)->42764K(43136K) NonClass: 39945K(40192K)->39945K(40192K) Class: 2819K(2944K)->2819K(2944K)
[339.271s][info][gc          ] GC(756) Pause Young (Concurrent Start) (G1 Evacuation Pause) 250M->82M(317M) 6.023ms
[339.271s][info][gc,cpu      ] GC(756) User=0.01s Sys=0.00s Real=0.00s
[339.271s][info][gc          ] GC(757) Concurrent Mark Cycle
[339.271s][info][gc,marking  ] GC(757) Concurrent Scan Root Regions
[339.275s][info][gc,marking  ] GC(757) Concurrent Scan Root Regions 4.227ms
[339.275s][info][gc,marking  ] GC(757) Concurrent Mark
[339.275s][info][gc,marking  ] GC(757) Concurrent Mark From Roots
[339.275s][info][gc,task     ] GC(757) Using 1 workers of 1 for marking
[339.345s][info][gc,marking  ] GC(757) Concurrent Mark From Roots 70.015ms
[339.345s][info][gc,marking  ] GC(757) Concurrent Preclean
[339.345s][info][gc,marking  ] GC(757) Concurrent Preclean 0.046ms
[339.345s][info][gc,start    ] GC(757) Pause Remark
[339.360s][info][gc          ] GC(757) Pause Remark 129M->124M(260M) 14.436ms
[339.360s][info][gc,cpu      ] GC(757) User=0.03s Sys=0.00s Real=0.01s
[339.360s][info][gc,marking  ] GC(757) Concurrent Mark 84.793ms
[339.360s][info][gc,marking  ] GC(757) Concurrent Rebuild Remembered Sets and Scrub Regions
[339.387s][info][gc,marking  ] GC(757) Concurrent Rebuild Remembered Sets and Scrub Regions 27.227ms
[339.387s][info][gc,start    ] GC(757) Pause Cleanup
[339.387s][info][gc          ] GC(757) Pause Cleanup 141M->141M(260M) 0.042ms
[339.387s][info][gc,cpu      ] GC(757) User=0.00s Sys=0.00s Real=0.00s
[339.387s][info][gc,marking  ] GC(757) Concurrent Clear Claimed Marks
[339.387s][info][gc,marking  ] GC(757) Concurrent Clear Claimed Marks 0.033ms
[339.387s][info][gc,marking  ] GC(757) Concurrent Cleanup for Next Mark
[339.388s][info][gc,marking  ] GC(757) Concurrent Cleanup for Next Mark 0.743ms
[339.388s][info][gc          ] GC(757) Concurrent Mark Cycle 117.345ms
[339.587s][info][gc,start    ] GC(758) Pause Young (Prepare Mixed) (G1 Evacuation Pause)
[339.587s][info][gc,task     ] GC(758) Using 2 workers of 2 for evacuation
[339.595s][info][gc,phases   ] GC(758)   Pre Evacuate Collection Set: 0.15ms
[339.595s][info][gc,phases   ] GC(758)   Merge Heap Roots: 0.07ms
[339.595s][info][gc,phases   ] GC(758)   Evacuate Collection Set: 6.43ms
[339.595s][info][gc,phases   ] GC(758)   Post Evacuate Collection Set: 0.63ms
[339.595s][info][gc,phases   ] GC(758)   Other: 0.08ms
[339.595s][info][gc,heap     ] GC(758) Eden regions: 148->0(143)
[339.595s][info][gc,heap     ] GC(758) Survivor regions: 8->9(20)
[339.595s][info][gc,heap     ] GC(758) Old regions: 69->69
[339.595s][info][gc,heap     ] GC(758) Humongous regions: 3->1
[339.595s][info][gc,metaspace] GC(758) Metaspace: 42764K(43136K)->42764K(43136K) NonClass: 39945K(40192K)->39945K(40192K) Class: 2819K(2944K)->2819K(2944K)
[339.595s][info][gc          ] GC(758) Pause Young (Prepare Mixed) (G1 Evacuation Pause) 227M->77M(260M) 7.544ms
[339.595s][info][gc,cpu      ] GC(758) User=0.02s Sys=0.00s Real=0.01s
[339.929s][info][gc,start    ] GC(759) Pause Young (Mixed) (G1 Evacuation Pause)
[339.929s][info][gc,task     ] GC(759) Using 2 workers of 2 for evacuation
[339.945s][info][gc,phases   ] GC(759)   Pre Evacuate Collection Set: 0.21ms
[339.945s][info][gc,phases   ] GC(759)   Merge Heap Roots: 0.11ms
[339.945s][info][gc,phases   ] GC(759)   Evacuate Collection Set: 15.14ms
[339.945s][info][gc,phases   ] GC(759)   Post Evacuate Collection Set: 0.61ms
[339.945s][info][gc,phases   ] GC(759)   Other: 0.07ms
[339.945s][info][gc,heap     ] GC(759) Eden regions: 36->0(199)
[339.945s][info][gc,heap     ] GC(759) Survivor regions: 9->11(19)
[339.945s][info][gc,heap     ] GC(759) Old regions: 69->58
[339.945s][info][gc,heap     ] GC(759) Humongous regions: 223->3
[339.945s][info][gc,metaspace] GC(759) Metaspace: 42764K(43136K)->42764K(43136K) NonClass: 39945K(40192K)->39945K(40192K) Class: 2819K(2944K)->2819K(2944K)
[339.945s][info][gc          ] GC(759) Pause Young (Mixed) (G1 Evacuation Pause) 335M->70M(351M) 16.347ms
[339.945s][info][gc,cpu      ] GC(759) User=0.02s Sys=0.01s Real=0.02s
[339.947s][info][gc,start    ] GC(760) Pause Young (Concurrent Start) (G1 Humongous Allocation)
[339.948s][info][gc,task     ] GC(760) Using 2 workers of 2 for evacuation
[339.955s][info][gc,phases   ] GC(760)   Pre Evacuate Collection Set: 0.16ms
[339.955s][info][gc,phases   ] GC(760)   Merge Heap Roots: 0.04ms
[339.955s][info][gc,phases   ] GC(760)   Evacuate Collection Set: 6.97ms
[339.955s][info][gc,phases   ] GC(760)   Post Evacuate Collection Set: 0.52ms
[339.955s][info][gc,phases   ] GC(760)   Other: 0.06ms
[339.955s][info][gc,heap     ] GC(760) Eden regions: 1->0(199)
[339.955s][info][gc,heap     ] GC(760) Survivor regions: 11->11(27)
[339.955s][info][gc,heap     ] GC(760) Old regions: 58->58
[339.955s][info][gc,heap     ] GC(760) Humongous regions: 3->1
[339.955s][info][gc,metaspace] GC(760) Metaspace: 42764K(43136K)->42764K(43136K) NonClass: 39945K(40192K)->39945K(40192K) Class: 2819K(2944K)->2819K(2944K)
[339.955s][info][gc          ] GC(760) Pause Young (Concurrent Start) (G1 Humongous Allocation) 71M->69M(351M) 7.873ms
[339.955s][info][gc,cpu      ] GC(760) User=0.01s Sys=0.00s Real=0.01s
[339.956s][info][gc          ] GC(761) Concurrent Mark Cycle
[339.956s][info][gc,marking  ] GC(761) Concurrent Scan Root Regions
[339.961s][info][gc,marking  ] GC(761) Concurrent Scan Root Regions 4.977ms
[339.961s][info][gc,marking  ] GC(761) Concurrent Mark
[339.961s][info][gc,marking  ] GC(761) Concurrent Mark From Roots
[339.961s][info][gc,task     ] GC(761) Using 1 workers of 1 for marking
[340.029s][info][gc,marking  ] GC(761) Concurrent Mark From Roots 68.410ms
[340.029s][info][gc,marking  ] GC(761) Concurrent Preclean
[340.029s][info][gc,marking  ] GC(761) Concurrent Preclean 0.050ms
[340.030s][info][gc,start    ] GC(761) Pause Remark
[340.048s][info][gc          ] GC(761) Pause Remark 123M->123M(351M) 18.396ms
[340.048s][info][gc,cpu      ] GC(761) User=0.03s Sys=0.00s Real=0.02s
[340.051s][info][gc,marking  ] GC(761) Concurrent Mark 90.262ms
[340.051s][info][gc,marking  ] GC(761) Concurrent Rebuild Remembered Sets and Scrub Regions
[340.080s][info][gc,marking  ] GC(761) Concurrent Rebuild Remembered Sets and Scrub Regions 28.842ms
[340.080s][info][gc,start    ] GC(761) Pause Cleanup
[340.080s][info][gc          ] GC(761) Pause Cleanup 141M->141M(351M) 0.055ms
[340.080s][info][gc,cpu      ] GC(761) User=0.00s Sys=0.00s Real=0.00s
[340.080s][info][gc,marking  ] GC(761) Concurrent Clear Claimed Marks
[340.080s][info][gc,marking  ] GC(761) Concurrent Clear Claimed Marks 0.038ms
[340.080s][info][gc,marking  ] GC(761) Concurrent Cleanup for Next Mark
[340.082s][info][gc,marking  ] GC(761) Concurrent Cleanup for Next Mark 1.933ms
[340.082s][info][gc          ] GC(761) Concurrent Mark Cycle 126.402ms
[340.417s][info][gc,start    ] GC(762) Pause Young (Prepare Mixed) (G1 Evacuation Pause)
[340.417s][info][gc,task     ] GC(762) Using 2 workers of 2 for evacuation
[340.433s][info][gc,phases   ] GC(762)   Pre Evacuate Collection Set: 0.25ms
[340.433s][info][gc,phases   ] GC(762)   Merge Heap Roots: 0.06ms
[340.433s][info][gc,phases   ] GC(762)   Evacuate Collection Set: 15.31ms
[340.433s][info][gc,phases   ] GC(762)   Post Evacuate Collection Set: 0.91ms
[340.433s][info][gc,phases   ] GC(762)   Other: 0.07ms
[340.433s][info][gc,heap     ] GC(762) Eden regions: 45->0(233)
[340.433s][info][gc,heap     ] GC(762) Survivor regions: 11->14(28)
[340.433s][info][gc,heap     ] GC(762) Old regions: 58->58
[340.433s][info][gc,heap     ] GC(762) Humongous regions: 285->1
[340.433s][info][gc,metaspace] GC(762) Metaspace: 42764K(43136K)->42764K(43136K) NonClass: 39945K(40192K)->39945K(40192K) Class: 2819K(2944K)->2819K(2944K)
[340.433s][info][gc          ] GC(762) Pause Young (Prepare Mixed) (G1 Evacuation Pause) 398M->71M(413M) 16.798ms
[340.434s][info][gc,cpu      ] GC(762) User=0.02s Sys=0.01s Real=0.02s
[340.899s][info][gc,start    ] GC(763) Pause Young (Mixed) (G1 Evacuation Pause)
[340.899s][info][gc,task     ] GC(763) Using 2 workers of 2 for evacuation
[340.928s][info][gc,phases   ] GC(763)   Pre Evacuate Collection Set: 0.27ms
[340.928s][info][gc,phases   ] GC(763)   Merge Heap Roots: 0.07ms
[340.928s][info][gc,phases   ] GC(763)   Evacuate Collection Set: 27.69ms
[340.928s][info][gc,phases   ] GC(763)   Post Evacuate Collection Set: 0.91ms
[340.928s][info][gc,phases   ] GC(763)   Other: 0.07ms
[340.928s][info][gc,heap     ] GC(763) Eden regions: 58->0(260)
[340.928s][info][gc,heap     ] GC(763) Survivor regions: 14->21(34)
[340.928s][info][gc,heap     ] GC(763) Old regions: 58->53
[340.928s][info][gc,heap     ] GC(763) Humongous regions: 317->1
[340.928s][info][gc,metaspace] GC(763) Metaspace: 42764K(43136K)->42764K(43136K) NonClass: 39945K(40192K)->39945K(40192K) Class: 2819K(2944K)->2819K(2944K)
[340.928s][info][gc          ] GC(763) Pause Young (Mixed) (G1 Evacuation Pause) 445M->74M(469M) 29.199ms
[340.928s][info][gc,cpu      ] GC(763) User=0.04s Sys=0.02s Real=0.03s
[340.932s][info][gc,start    ] GC(764) Pause Young (Concurrent Start) (G1 Humongous Allocation)
[340.932s][info][gc,task     ] GC(764) Using 2 workers of 2 for evacuation
[340.948s][info][gc,phases   ] GC(764)   Pre Evacuate Collection Set: 0.22ms
[340.948s][info][gc,phases   ] GC(764)   Merge Heap Roots: 0.04ms
[340.948s][info][gc,phases   ] GC(764)   Evacuate Collection Set: 15.99ms
[340.948s][info][gc,phases   ] GC(764)   Post Evacuate Collection Set: 0.35ms
[340.948s][info][gc,phases   ] GC(764)   Other: 0.07ms
[340.948s][info][gc,heap     ] GC(764) Eden regions: 1->0(241)
[340.948s][info][gc,heap     ] GC(764) Survivor regions: 21->18(36)
[340.948s][info][gc,heap     ] GC(764) Old regions: 53->57
[340.948s][info][gc,heap     ] GC(764) Humongous regions: 1->1
[340.948s][info][gc,metaspace] GC(764) Metaspace: 42764K(43136K)->42764K(43136K) NonClass: 39945K(40192K)->39945K(40192K) Class: 2819K(2944K)->2819K(2944K)
[340.948s][info][gc          ] GC(764) Pause Young (Concurrent Start) (G1 Humongous Allocation) 75M->75M(469M) 16.842ms
[340.949s][info][gc          ] GC(765) Concurrent Mark Cycle
[340.949s][info][gc,marking  ] GC(765) Concurrent Scan Root Regions
[340.951s][info][gc,cpu      ] GC(764) User=0.04s Sys=0.00s Real=0.02s
[340.960s][info][gc,marking  ] GC(765) Concurrent Scan Root Regions 11.692ms
[340.960s][info][gc,marking  ] GC(765) Concurrent Mark
[340.960s][info][gc,marking  ] GC(765) Concurrent Mark From Roots
[340.960s][info][gc,task     ] GC(765) Using 1 workers of 1 for marking
[341.029s][info][gc,marking  ] GC(765) Concurrent Mark From Roots 68.794ms
[341.029s][info][gc,marking  ] GC(765) Concurrent Preclean
[341.029s][info][gc,marking  ] GC(765) Concurrent Preclean 0.055ms
[341.029s][info][gc,start    ] GC(765) Pause Remark
[341.044s][info][gc          ] GC(765) Pause Remark 140M->140M(440M) 14.714ms
[341.044s][info][gc,cpu      ] GC(765) User=0.03s Sys=0.00s Real=0.02s
[341.044s][info][gc,marking  ] GC(765) Concurrent Mark 83.882ms
[341.044s][info][gc,marking  ] GC(765) Concurrent Rebuild Remembered Sets and Scrub Regions
[341.072s][info][gc,marking  ] GC(765) Concurrent Rebuild Remembered Sets and Scrub Regions 28.210ms
[341.072s][info][gc,start    ] GC(765) Pause Cleanup
[341.073s][info][gc          ] GC(765) Pause Cleanup 157M->157M(440M) 0.056ms
[341.073s][info][gc,cpu      ] GC(765) User=0.00s Sys=0.00s Real=0.00s
[341.073s][info][gc,marking  ] GC(765) Concurrent Clear Claimed Marks
[341.073s][info][gc,marking  ] GC(765) Concurrent Clear Claimed Marks 0.036ms
[341.073s][info][gc,marking  ] GC(765) Concurrent Cleanup for Next Mark
[341.075s][info][gc,marking  ] GC(765) Concurrent Cleanup for Next Mark 2.150ms
[341.075s][info][gc          ] GC(765) Concurrent Mark Cycle 126.246ms
[341.498s][info][gc,start    ] GC(766) Pause Young (Prepare Mixed) (G1 Evacuation Pause)
[341.498s][info][gc,task     ] GC(766) Using 2 workers of 2 for evacuation
[341.534s][info][gc,phases   ] GC(766)   Pre Evacuate Collection Set: 0.24ms
[341.534s][info][gc,phases   ] GC(766)   Merge Heap Roots: 0.12ms
[341.534s][info][gc,phases   ] GC(766)   Evacuate Collection Set: 35.13ms
[341.534s][info][gc,phases   ] GC(766)   Post Evacuate Collection Set: 0.77ms
[341.534s][info][gc,phases   ] GC(766)   Other: 0.09ms
[341.534s][info][gc,heap     ] GC(766) Eden regions: 66->0(278)
[341.534s][info][gc,heap     ] GC(766) Survivor regions: 18->23(33)
[341.534s][info][gc,heap     ] GC(766) Old regions: 57->61
[341.534s][info][gc,heap     ] GC(766) Humongous regions: 341->3
[341.534s][info][gc,metaspace] GC(766) Metaspace: 42764K(43136K)->42764K(43136K) NonClass: 39945K(40192K)->39945K(40192K) Class: 2819K(2944K)->2819K(2944K)
[341.534s][info][gc          ] GC(766) Pause Young (Prepare Mixed) (G1 Evacuation Pause) 480M->86M(509M) 36.556ms
[341.534s][info][gc,cpu      ] GC(766) User=0.06s Sys=0.01s Real=0.04s
[342.269s][info][gc,start    ] GC(767) Pause Young (Mixed) (G1 Evacuation Pause)
[342.269s][info][gc,task     ] GC(767) Using 2 workers of 2 for evacuation
[342.330s][info][gc,phases   ] GC(767)   Pre Evacuate Collection Set: 0.34ms
[342.330s][info][gc,phases   ] GC(767)   Merge Heap Roots: 0.14ms
[342.330s][info][gc,phases   ] GC(767)   Evacuate Collection Set: 59.73ms
[342.330s][info][gc,phases   ] GC(767)   Post Evacuate Collection Set: 0.78ms
[342.330s][info][gc,phases   ] GC(767)   Other: 0.07ms
[342.330s][info][gc,heap     ] GC(767) Eden regions: 204->0(296)
[342.330s][info][gc,heap     ] GC(767) Survivor regions: 23->34(38)
[342.330s][info][gc,heap     ] GC(767) Old regions: 61->63
[342.330s][info][gc,heap     ] GC(767) Humongous regions: 221->1
[342.330s][info][gc,metaspace] GC(767) Metaspace: 42767K(43136K)->42767K(43136K) NonClass: 39948K(40192K)->39948K(40192K) Class: 2819K(2944K)->2819K(2944K)
[342.330s][info][gc          ] GC(767) Pause Young (Mixed) (G1 Evacuation Pause) 508M->97M(550M) 61.306ms
[342.330s][info][gc,cpu      ] GC(767) User=0.10s Sys=0.03s Real=0.06s
[342.377s][info][gc,start    ] GC(768) Pause Young (Concurrent Start) (G1 Humongous Allocation)
[342.377s][info][gc,task     ] GC(768) Using 2 workers of 2 for evacuation
[342.414s][info][gc,phases   ] GC(768)   Pre Evacuate Collection Set: 0.26ms
[342.414s][info][gc,phases   ] GC(768)   Merge Heap Roots: 0.09ms
[342.414s][info][gc,phases   ] GC(768)   Evacuate Collection Set: 36.06ms
[342.414s][info][gc,phases   ] GC(768)   Post Evacuate Collection Set: 0.44ms
[342.414s][info][gc,phases   ] GC(768)   Other: 0.12ms
[342.414s][info][gc,heap     ] GC(768) Eden regions: 19->0(313)
[342.414s][info][gc,heap     ] GC(768) Survivor regions: 34->17(42)
[342.414s][info][gc,heap     ] GC(768) Old regions: 63->81
[342.414s][info][gc,heap     ] GC(768) Humongous regions: 1->1
[342.414s][info][gc,metaspace] GC(768) Metaspace: 42806K(43200K)->42806K(43200K) NonClass: 39987K(40256K)->39987K(40256K) Class: 2819K(2944K)->2819K(2944K)
[342.414s][info][gc          ] GC(768) Pause Young (Concurrent Start) (G1 Humongous Allocation) 116M->98M(550M) 37.187ms
[342.414s][info][gc          ] GC(769) Concurrent Mark Cycle
[342.414s][info][gc,marking  ] GC(769) Concurrent Scan Root Regions
[342.417s][info][gc,cpu      ] GC(768) User=0.08s Sys=0.00s Real=0.04s
[342.445s][info][gc,marking  ] GC(769) Concurrent Scan Root Regions 30.007ms
[342.445s][info][gc,marking  ] GC(769) Concurrent Mark
[342.445s][info][gc,marking  ] GC(769) Concurrent Mark From Roots
[342.445s][info][gc,task     ] GC(769) Using 1 workers of 1 for marking
[342.532s][info][gc,marking  ] GC(769) Concurrent Mark From Roots 87.770ms
[342.532s][info][gc,marking  ] GC(769) Concurrent Preclean
[342.532s][info][gc,marking  ] GC(769) Concurrent Preclean 0.053ms
[342.533s][info][gc,start    ] GC(769) Pause Remark
[342.547s][info][gc          ] GC(769) Pause Remark 144M->143M(334M) 14.566ms
[342.547s][info][gc,cpu      ] GC(769) User=0.02s Sys=0.00s Real=0.01s
[342.547s][info][gc,marking  ] GC(769) Concurrent Mark 102.679ms
[342.547s][info][gc,marking  ] GC(769) Concurrent Rebuild Remembered Sets and Scrub Regions
[342.591s][info][gc,marking  ] GC(769) Concurrent Rebuild Remembered Sets and Scrub Regions 43.616ms
[342.591s][info][gc,start    ] GC(769) Pause Cleanup
[342.591s][info][gc          ] GC(769) Pause Cleanup 161M->161M(334M) 0.047ms
[342.591s][info][gc,cpu      ] GC(769) User=0.00s Sys=0.00s Real=0.00s
[342.591s][info][gc,marking  ] GC(769) Concurrent Clear Claimed Marks
[342.591s][info][gc,marking  ] GC(769) Concurrent Clear Claimed Marks 0.036ms
[342.591s][info][gc,marking  ] GC(769) Concurrent Cleanup for Next Mark
[342.593s][info][gc,marking  ] GC(769) Concurrent Cleanup for Next Mark 1.387ms
[342.593s][info][gc          ] GC(769) Concurrent Mark Cycle 178.095ms
[342.846s][info][gc,start    ] GC(770) Pause Young (Prepare Mixed) (G1 Evacuation Pause)
[342.846s][info][gc,task     ] GC(770) Using 2 workers of 2 for evacuation
[342.861s][info][gc,phases   ] GC(770)   Pre Evacuate Collection Set: 0.21ms
[342.861s][info][gc,phases   ] GC(770)   Merge Heap Roots: 0.18ms
[342.861s][info][gc,phases   ] GC(770)   Evacuate Collection Set: 14.11ms
[342.861s][info][gc,phases   ] GC(770)   Post Evacuate Collection Set: 0.57ms
[342.861s][info][gc,phases   ] GC(770)   Other: 0.07ms
[342.861s][info][gc,heap     ] GC(770) Eden regions: 183->0(177)
[342.861s][info][gc,heap     ] GC(770) Survivor regions: 17->5(25)
[342.861s][info][gc,heap     ] GC(770) Old regions: 80->96
[342.861s][info][gc,heap     ] GC(770) Humongous regions: 3->1
[342.861s][info][gc,metaspace] GC(770) Metaspace: 42806K(43200K)->42806K(43200K) NonClass: 39987K(40256K)->39987K(40256K) Class: 2819K(2944K)->2819K(2944K)
[342.861s][info][gc          ] GC(770) Pause Young (Prepare Mixed) (G1 Evacuation Pause) 282M->100M(334M) 15.357ms
[342.861s][info][gc,cpu      ] GC(770) User=0.03s Sys=0.00s Real=0.01s
[343.232s][info][gc,start    ] GC(771) Pause Young (Mixed) (G1 Evacuation Pause)
[343.232s][info][gc,task     ] GC(771) Using 2 workers of 2 for evacuation
[343.239s][info][gc,phases   ] GC(771)   Pre Evacuate Collection Set: 0.18ms
[343.239s][info][gc,phases   ] GC(771)   Merge Heap Roots: 0.16ms
[343.239s][info][gc,phases   ] GC(771)   Evacuate Collection Set: 6.18ms
[343.239s][info][gc,phases   ] GC(771)   Post Evacuate Collection Set: 0.43ms
[343.239s][info][gc,phases   ] GC(771)   Other: 0.09ms
[343.239s][info][gc,heap     ] GC(771) Eden regions: 177->0(188)
[343.239s][info][gc,heap     ] GC(771) Survivor regions: 5->4(23)
[343.239s][info][gc,heap     ] GC(771) Old regions: 96->92
[343.239s][info][gc,heap     ] GC(771) Humongous regions: 1->1
[343.239s][info][gc,metaspace] GC(771) Metaspace: 42810K(43200K)->42810K(43200K) NonClass: 39991K(40256K)->39991K(40256K) Class: 2819K(2944K)->2819K(2944K)
[343.239s][info][gc          ] GC(771) Pause Young (Mixed) (G1 Evacuation Pause) 277M->95M(334M) 7.212ms
[343.239s][info][gc,cpu      ] GC(771) User=0.01s Sys=0.00s Real=0.00s
[343.637s][info][gc,start    ] GC(772) Pause Young (Concurrent Start) (G1 Evacuation Pause)
[343.637s][info][gc,task     ] GC(772) Using 2 workers of 2 for evacuation
[343.640s][info][gc,phases   ] GC(772)   Pre Evacuate Collection Set: 0.20ms
[343.640s][info][gc,phases   ] GC(772)   Merge Heap Roots: 0.06ms
[343.640s][info][gc,phases   ] GC(772)   Evacuate Collection Set: 2.44ms
[343.640s][info][gc,phases   ] GC(772)   Post Evacuate Collection Set: 0.41ms
[343.640s][info][gc,phases   ] GC(772)   Other: 0.10ms
[343.640s][info][gc,heap     ] GC(772) Eden regions: 188->0(195)
[343.640s][info][gc,heap     ] GC(772) Survivor regions: 4->3(24)
[343.640s][info][gc,heap     ] GC(772) Old regions: 92->92
[343.640s][info][gc,heap     ] GC(772) Humongous regions: 1->1
[343.640s][info][gc,metaspace] GC(772) Metaspace: 42826K(43200K)->42826K(43200K) NonClass: 40007K(40256K)->40007K(40256K) Class: 2819K(2944K)->2819K(2944K)
[343.640s][info][gc          ] GC(772) Pause Young (Concurrent Start) (G1 Evacuation Pause) 283M->94M(334M) 3.389ms
[343.640s][info][gc,cpu      ] GC(772) User=0.01s Sys=0.00s Real=0.00s
[343.641s][info][gc          ] GC(773) Concurrent Mark Cycle
[343.641s][info][gc,marking  ] GC(773) Concurrent Scan Root Regions
[343.646s][info][gc,marking  ] GC(773) Concurrent Scan Root Regions 5.050ms
[343.646s][info][gc,marking  ] GC(773) Concurrent Mark
[343.646s][info][gc,marking  ] GC(773) Concurrent Mark From Roots
[343.646s][info][gc,task     ] GC(773) Using 1 workers of 1 for marking
[343.722s][info][gc,marking  ] GC(773) Concurrent Mark From Roots 75.797ms
[343.722s][info][gc,marking  ] GC(773) Concurrent Preclean
[343.722s][info][gc,marking  ] GC(773) Concurrent Preclean 0.056ms
[343.722s][info][gc,start    ] GC(773) Pause Remark
[343.737s][info][gc          ] GC(773) Pause Remark 134M->120M(274M) 14.840ms
[343.737s][info][gc,cpu      ] GC(773) User=0.02s Sys=0.00s Real=0.01s
[343.737s][info][gc,marking  ] GC(773) Concurrent Mark 91.029ms
[343.737s][info][gc,marking  ] GC(773) Concurrent Rebuild Remembered Sets and Scrub Regions
[343.766s][info][gc,marking  ] GC(773) Concurrent Rebuild Remembered Sets and Scrub Regions 28.655ms
[343.766s][info][gc,start    ] GC(773) Pause Cleanup
[343.766s][info][gc          ] GC(773) Pause Cleanup 132M->132M(274M) 0.046ms
[343.766s][info][gc,cpu      ] GC(773) User=0.00s Sys=0.00s Real=0.00s
[343.766s][info][gc,marking  ] GC(773) Concurrent Clear Claimed Marks
[343.766s][info][gc,marking  ] GC(773) Concurrent Clear Claimed Marks 0.034ms
[343.766s][info][gc,marking  ] GC(773) Concurrent Cleanup for Next Mark
[343.767s][info][gc,marking  ] GC(773) Concurrent Cleanup for Next Mark 0.788ms
[343.767s][info][gc          ] GC(773) Concurrent Mark Cycle 125.919ms
[343.989s][info][gc,start    ] GC(774) Pause Young (Prepare Mixed) (G1 Evacuation Pause)
[343.989s][info][gc,task     ] GC(774) Using 2 workers of 2 for evacuation
[343.993s][info][gc,phases   ] GC(774)   Pre Evacuate Collection Set: 0.15ms
[343.993s][info][gc,phases   ] GC(774)   Merge Heap Roots: 0.07ms
[343.993s][info][gc,phases   ] GC(774)   Evacuate Collection Set: 3.20ms
[343.993s][info][gc,phases   ] GC(774)   Post Evacuate Collection Set: 0.38ms
[343.993s][info][gc,phases   ] GC(774)   Other: 0.07ms
[343.993s][info][gc,heap     ] GC(774) Eden regions: 161->0(160)
[343.993s][info][gc,heap     ] GC(774) Survivor regions: 3->4(21)
[343.993s][info][gc,heap     ] GC(774) Old regions: 78->78
[343.993s][info][gc,heap     ] GC(774) Humongous regions: 1->1
[343.993s][info][gc,metaspace] GC(774) Metaspace: 42826K(43200K)->42826K(43200K) NonClass: 40007K(40256K)->40007K(40256K) Class: 2819K(2944K)->2819K(2944K)
[343.993s][info][gc          ] GC(774) Pause Young (Prepare Mixed) (G1 Evacuation Pause) 241M->81M(274M) 4.058ms
[343.993s][info][gc,cpu      ] GC(774) User=0.01s Sys=0.00s Real=0.01s
[344.366s][info][gc,start    ] GC(775) Pause Young (Mixed) (G1 Evacuation Pause)
[344.366s][info][gc,task     ] GC(775) Using 2 workers of 2 for evacuation
[344.370s][info][gc,phases   ] GC(775)   Pre Evacuate Collection Set: 0.25ms
[344.370s][info][gc,phases   ] GC(775)   Merge Heap Roots: 0.08ms
[344.370s][info][gc,phases   ] GC(775)   Evacuate Collection Set: 3.39ms
[344.370s][info][gc,phases   ] GC(775)   Post Evacuate Collection Set: 0.42ms
[344.370s][info][gc,phases   ] GC(775)   Other: 0.07ms
[344.370s][info][gc,heap     ] GC(775) Eden regions: 160->0(159)
[344.370s][info][gc,heap     ] GC(775) Survivor regions: 4->5(21)
[344.370s][info][gc,heap     ] GC(775) Old regions: 78->64
[344.370s][info][gc,heap     ] GC(775) Humongous regions: 1->1
[344.370s][info][gc,metaspace] GC(775) Metaspace: 42829K(43200K)->42829K(43200K) NonClass: 40010K(40256K)->40010K(40256K) Class: 2819K(2944K)->2819K(2944K)
[344.370s][info][gc          ] GC(775) Pause Young (Mixed) (G1 Evacuation Pause) 241M->68M(274M) 4.409ms
[344.370s][info][gc,cpu      ] GC(775) User=0.01s Sys=0.00s Real=0.00s
[344.700s][info][gc,start    ] GC(776) Pause Young (Concurrent Start) (G1 Evacuation Pause)
[344.701s][info][gc,task     ] GC(776) Using 2 workers of 2 for evacuation
[344.707s][info][gc,phases   ] GC(776)   Pre Evacuate Collection Set: 0.20ms
[344.707s][info][gc,phases   ] GC(776)   Merge Heap Roots: 0.10ms
[344.707s][info][gc,phases   ] GC(776)   Evacuate Collection Set: 5.35ms
[344.707s][info][gc,phases   ] GC(776)   Post Evacuate Collection Set: 0.53ms
[344.707s][info][gc,phases   ] GC(776)   Other: 0.08ms
[344.707s][info][gc,heap     ] GC(776) Eden regions: 159->0(156)
[344.707s][info][gc,heap     ] GC(776) Survivor regions: 5->8(21)
[344.707s][info][gc,heap     ] GC(776) Old regions: 64->64
[344.707s][info][gc,heap     ] GC(776) Humongous regions: 1->1
[344.707s][info][gc,metaspace] GC(776) Metaspace: 42831K(43200K)->42831K(43200K) NonClass: 40011K(40256K)->40011K(40256K) Class: 2819K(2944K)->2819K(2944K)
[344.707s][info][gc          ] GC(776) Pause Young (Concurrent Start) (G1 Evacuation Pause) 227M->71M(274M) 6.472ms
[344.707s][info][gc,cpu      ] GC(776) User=0.01s Sys=0.00s Real=0.01s
[344.707s][info][gc          ] GC(777) Concurrent Mark Cycle
[344.707s][info][gc,marking  ] GC(777) Concurrent Scan Root Regions
[344.711s][info][gc,marking  ] GC(777) Concurrent Scan Root Regions 3.635ms
[344.711s][info][gc,marking  ] GC(777) Concurrent Mark
[344.711s][info][gc,marking  ] GC(777) Concurrent Mark From Roots
[344.711s][info][gc,task     ] GC(777) Using 1 workers of 1 for marking
[344.794s][info][gc,marking  ] GC(777) Concurrent Mark From Roots 83.270ms
[344.794s][info][gc,marking  ] GC(777) Concurrent Preclean
[344.794s][info][gc,marking  ] GC(777) Concurrent Preclean 0.087ms
[344.794s][info][gc,start    ] GC(777) Pause Remark
[344.811s][info][gc          ] GC(777) Pause Remark 107M->107M(256M) 16.294ms
[344.811s][info][gc,cpu      ] GC(777) User=0.03s Sys=0.00s Real=0.01s
[344.811s][info][gc,marking  ] GC(777) Concurrent Mark 100.606ms
[344.811s][info][gc,marking  ] GC(777) Concurrent Rebuild Remembered Sets and Scrub Regions
[344.841s][info][gc,marking  ] GC(777) Concurrent Rebuild Remembered Sets and Scrub Regions 29.722ms
[344.841s][info][gc,start    ] GC(777) Pause Cleanup
[344.841s][info][gc          ] GC(777) Pause Cleanup 119M->119M(256M) 0.067ms
[344.841s][info][gc,cpu      ] GC(777) User=0.00s Sys=0.00s Real=0.00s
[344.841s][info][gc,marking  ] GC(777) Concurrent Clear Claimed Marks
[344.841s][info][gc,marking  ] GC(777) Concurrent Clear Claimed Marks 0.041ms
[344.841s][info][gc,marking  ] GC(777) Concurrent Cleanup for Next Mark
[344.842s][info][gc,marking  ] GC(777) Concurrent Cleanup for Next Mark 0.762ms
[344.842s][info][gc          ] GC(777) Concurrent Mark Cycle 135.147ms
[345.073s][info][gc,start    ] GC(778) Pause Young (Prepare Mixed) (G1 Evacuation Pause)
[345.073s][info][gc,task     ] GC(778) Using 2 workers of 2 for evacuation
[345.079s][info][gc,phases   ] GC(778)   Pre Evacuate Collection Set: 0.16ms
[345.079s][info][gc,phases   ] GC(778)   Merge Heap Roots: 0.07ms
[345.079s][info][gc,phases   ] GC(778)   Evacuate Collection Set: 4.59ms
[345.079s][info][gc,phases   ] GC(778)   Post Evacuate Collection Set: 0.53ms
[345.079s][info][gc,phases   ] GC(778)   Other: 0.07ms
[345.079s][info][gc,heap     ] GC(778) Eden regions: 145->0(143)
[345.079s][info][gc,heap     ] GC(778) Survivor regions: 8->10(20)
[345.079s][info][gc,heap     ] GC(778) Old regions: 64->64
[345.079s][info][gc,heap     ] GC(778) Humongous regions: 1->1
[345.079s][info][gc,metaspace] GC(778) Metaspace: 42833K(43200K)->42833K(43200K) NonClass: 40014K(40256K)->40014K(40256K) Class: 2819K(2944K)->2819K(2944K)
[345.079s][info][gc          ] GC(778) Pause Young (Prepare Mixed) (G1 Evacuation Pause) 216M->73M(256M) 5.589ms
[345.079s][info][gc,cpu      ] GC(778) User=0.01s Sys=0.00s Real=0.00s
[345.958s][info][gc,start    ] GC(779) Pause Young (Mixed) (G1 Evacuation Pause)
[345.958s][info][gc,task     ] GC(779) Using 2 workers of 2 for evacuation
[345.965s][info][gc,phases   ] GC(779)   Pre Evacuate Collection Set: 0.16ms
[345.965s][info][gc,phases   ] GC(779)   Merge Heap Roots: 0.11ms
[345.965s][info][gc,phases   ] GC(779)   Evacuate Collection Set: 5.92ms
[345.965s][info][gc,phases   ] GC(779)   Post Evacuate Collection Set: 0.49ms
[345.965s][info][gc,phases   ] GC(779)   Other: 0.07ms
[345.965s][info][gc,heap     ] GC(779) Eden regions: 143->0(149)
[345.965s][info][gc,heap     ] GC(779) Survivor regions: 10->4(20)
[345.965s][info][gc,heap     ] GC(779) Old regions: 64->59
[345.965s][info][gc,heap     ] GC(779) Humongous regions: 11->1
[345.965s][info][gc,metaspace] GC(779) Metaspace: 42865K(43264K)->42865K(43264K) NonClass: 40045K(40320K)->40045K(40320K) Class: 2819K(2944K)->2819K(2944K)
[345.965s][info][gc          ] GC(779) Pause Young (Mixed) (G1 Evacuation Pause) 226M->62M(256M) 6.938ms
[345.965s][info][gc,cpu      ] GC(779) User=0.02s Sys=0.00s Real=0.01s
[346.398s][info][gc,start    ] GC(780) Pause Young (Concurrent Start) (G1 Humongous Allocation)
[346.398s][info][gc,task     ] GC(780) Using 2 workers of 2 for evacuation
[346.407s][info][gc,phases   ] GC(780)   Pre Evacuate Collection Set: 0.23ms
[346.407s][info][gc,phases   ] GC(780)   Merge Heap Roots: 0.06ms
[346.407s][info][gc,phases   ] GC(780)   Evacuate Collection Set: 8.97ms
[346.407s][info][gc,phases   ] GC(780)   Post Evacuate Collection Set: 0.34ms
[346.407s][info][gc,phases   ] GC(780)   Other: 0.07ms
[346.407s][info][gc,heap     ] GC(780) Eden regions: 66->0(142)
[346.407s][info][gc,heap     ] GC(780) Survivor regions: 4->11(20)
[346.407s][info][gc,heap     ] GC(780) Old regions: 59->59
[346.407s][info][gc,heap     ] GC(780) Humongous regions: 1->1
[346.407s][info][gc,metaspace] GC(780) Metaspace: 42877K(43264K)->42877K(43264K) NonClass: 40058K(40320K)->40058K(40320K) Class: 2819K(2944K)->2819K(2944K)
[346.407s][info][gc          ] GC(780) Pause Young (Concurrent Start) (G1 Humongous Allocation) 128M->69M(256M) 9.861ms
[346.407s][info][gc,cpu      ] GC(780) User=0.02s Sys=0.00s Real=0.01s
[346.407s][info][gc          ] GC(781) Concurrent Mark Cycle
[346.408s][info][gc,marking  ] GC(781) Concurrent Scan Root Regions
[346.418s][info][gc,marking  ] GC(781) Concurrent Scan Root Regions 10.134ms
[346.418s][info][gc,marking  ] GC(781) Concurrent Mark
[346.418s][info][gc,marking  ] GC(781) Concurrent Mark From Roots
[346.418s][info][gc,task     ] GC(781) Using 1 workers of 1 for marking
[346.533s][info][gc,marking  ] GC(781) Concurrent Mark From Roots 115.117ms
[346.533s][info][gc,marking  ] GC(781) Concurrent Preclean
[346.533s][info][gc,marking  ] GC(781) Concurrent Preclean 0.218ms
[346.533s][info][gc,start    ] GC(781) Pause Remark
[346.548s][info][gc          ] GC(781) Pause Remark 105M->100M(256M) 15.090ms
[346.548s][info][gc,cpu      ] GC(781) User=0.03s Sys=0.00s Real=0.01s
[346.549s][info][gc,marking  ] GC(781) Concurrent Mark 131.099ms
[346.549s][info][gc,marking  ] GC(781) Concurrent Rebuild Remembered Sets and Scrub Regions
[346.593s][info][gc,marking  ] GC(781) Concurrent Rebuild Remembered Sets and Scrub Regions 43.499ms
[346.595s][info][gc,start    ] GC(781) Pause Cleanup
[346.595s][info][gc          ] GC(781) Pause Cleanup 111M->111M(256M) 0.056ms
[346.595s][info][gc,cpu      ] GC(781) User=0.00s Sys=0.00s Real=0.00s
[346.595s][info][gc,marking  ] GC(781) Concurrent Clear Claimed Marks
[346.595s][info][gc,marking  ] GC(781) Concurrent Clear Claimed Marks 0.033ms
[346.595s][info][gc,marking  ] GC(781) Concurrent Cleanup for Next Mark
[346.596s][info][gc,marking  ] GC(781) Concurrent Cleanup for Next Mark 0.745ms
[346.596s][info][gc          ] GC(781) Concurrent Mark Cycle 188.240ms
[346.799s][info][gc,start    ] GC(782) Pause Young (Prepare Mixed) (G1 Evacuation Pause)
[346.799s][info][gc,task     ] GC(782) Using 2 workers of 2 for evacuation
[346.821s][info][gc,phases   ] GC(782)   Pre Evacuate Collection Set: 0.16ms
[346.821s][info][gc,phases   ] GC(782)   Merge Heap Roots: 0.09ms
[346.821s][info][gc,phases   ] GC(782)   Evacuate Collection Set: 21.59ms
[346.821s][info][gc,phases   ] GC(782)   Post Evacuate Collection Set: 0.39ms
[346.821s][info][gc,phases   ] GC(782)   Other: 0.07ms
[346.821s][info][gc,heap     ] GC(782) Eden regions: 142->0(133)
[346.821s][info][gc,heap     ] GC(782) Survivor regions: 11->20(20)
[346.821s][info][gc,heap     ] GC(782) Old regions: 54->57
[346.821s][info][gc,heap     ] GC(782) Humongous regions: 4->4
[346.821s][info][gc,metaspace] GC(782) Metaspace: 42877K(43264K)->42877K(43264K) NonClass: 40058K(40320K)->40058K(40320K) Class: 2819K(2944K)->2819K(2944K)
[346.821s][info][gc          ] GC(782) Pause Young (Prepare Mixed) (G1 Evacuation Pause) 209M->80M(256M) 22.494ms
[346.822s][info][gc,cpu      ] GC(782) User=0.04s Sys=0.00s Real=0.02s
[347.094s][info][gc,start    ] GC(783) Pause Young (Mixed) (G1 Evacuation Pause)
[347.094s][info][gc,task     ] GC(783) Using 2 workers of 2 for evacuation
[347.130s][info][gc,phases   ] GC(783)   Pre Evacuate Collection Set: 0.16ms
[347.130s][info][gc,phases   ] GC(783)   Merge Heap Roots: 0.11ms
[347.130s][info][gc,phases   ] GC(783)   Evacuate Collection Set: 34.61ms
[347.130s][info][gc,phases   ] GC(783)   Post Evacuate Collection Set: 0.41ms
[347.130s][info][gc,phases   ] GC(783)   Other: 0.09ms
[347.130s][info][gc,heap     ] GC(783) Eden regions: 133->0(132)
[347.130s][info][gc,heap     ] GC(783) Survivor regions: 20->16(20)
[347.130s][info][gc,heap     ] GC(783) Old regions: 57->67
[347.130s][info][gc,heap     ] GC(783) Humongous regions: 4->4
[347.130s][info][gc,metaspace] GC(783) Metaspace: 42877K(43264K)->42877K(43264K) NonClass: 40058K(40320K)->40058K(40320K) Class: 2819K(2944K)->2819K(2944K)
[347.130s][info][gc          ] GC(783) Pause Young (Mixed) (G1 Evacuation Pause) 213M->86M(256M) 35.585ms
[347.130s][info][gc,cpu      ] GC(783) User=0.07s Sys=0.00s Real=0.03s
[347.189s][info][gc,start    ] GC(784) Pause Young (Concurrent Start) (G1 Humongous Allocation)
[347.189s][info][gc,task     ] GC(784) Using 2 workers of 2 for evacuation
[347.203s][info][gc,phases   ] GC(784)   Pre Evacuate Collection Set: 0.15ms
[347.203s][info][gc,phases   ] GC(784)   Merge Heap Roots: 0.04ms
[347.203s][info][gc,phases   ] GC(784)   Evacuate Collection Set: 13.91ms
[347.203s][info][gc,phases   ] GC(784)   Post Evacuate Collection Set: 0.31ms
[347.203s][info][gc,phases   ] GC(784)   Other: 0.11ms
[347.203s][info][gc,heap     ] GC(784) Eden regions: 28->0(132)
[347.203s][info][gc,heap     ] GC(784) Survivor regions: 16->3(19)
[347.203s][info][gc,heap     ] GC(784) Old regions: 67->82
[347.203s][info][gc,heap     ] GC(784) Humongous regions: 4->4
[347.203s][info][gc,metaspace] GC(784) Metaspace: 42877K(43264K)->42877K(43264K) NonClass: 40058K(40320K)->40058K(40320K) Class: 2819K(2944K)->2819K(2944K)
[347.203s][info][gc          ] GC(784) Pause Young (Concurrent Start) (G1 Humongous Allocation) 114M->89M(256M) 14.714ms
[347.203s][info][gc          ] GC(785) Concurrent Mark Cycle
[347.203s][info][gc,marking  ] GC(785) Concurrent Scan Root Regions
[347.205s][info][gc,cpu      ] GC(784) User=0.03s Sys=0.00s Real=0.02s
[347.230s][info][gc,marking  ] GC(785) Concurrent Scan Root Regions 26.475ms
[347.230s][info][gc,marking  ] GC(785) Concurrent Mark
[347.230s][info][gc,marking  ] GC(785) Concurrent Mark From Roots
[347.230s][info][gc,task     ] GC(785) Using 1 workers of 1 for marking
[347.334s][info][gc,marking  ] GC(785) Concurrent Mark From Roots 104.450ms
[347.334s][info][gc,marking  ] GC(785) Concurrent Preclean
[347.335s][info][gc,marking  ] GC(785) Concurrent Preclean 0.070ms
[347.336s][info][gc,start    ] GC(785) Pause Remark
[347.352s][info][gc          ] GC(785) Pause Remark 116M->116M(256M) 16.317ms
[347.352s][info][gc,cpu      ] GC(785) User=0.03s Sys=0.00s Real=0.02s
[347.354s][info][gc,marking  ] GC(785) Concurrent Mark 124.196ms
[347.354s][info][gc,marking  ] GC(785) Concurrent Rebuild Remembered Sets and Scrub Regions
[347.445s][info][gc,marking  ] GC(785) Concurrent Rebuild Remembered Sets and Scrub Regions 90.614ms
[347.445s][info][gc,start    ] GC(785) Pause Cleanup
[347.445s][info][gc          ] GC(785) Pause Cleanup 141M->141M(256M) 0.050ms
[347.445s][info][gc,cpu      ] GC(785) User=0.00s Sys=0.00s Real=0.00s
[347.446s][info][gc,marking  ] GC(785) Concurrent Clear Claimed Marks
[347.446s][info][gc,marking  ] GC(785) Concurrent Clear Claimed Marks 0.044ms
[347.446s][info][gc,marking  ] GC(785) Concurrent Cleanup for Next Mark
[347.447s][info][gc,marking  ] GC(785) Concurrent Cleanup for Next Mark 0.767ms
[347.447s][info][gc          ] GC(785) Concurrent Mark Cycle 243.272ms
[347.608s][info][gc,start    ] GC(786) Pause Young (Prepare Mixed) (G1 Evacuation Pause)
[347.609s][info][gc,task     ] GC(786) Using 2 workers of 2 for evacuation
[347.629s][info][gc,phases   ] GC(786)   Pre Evacuate Collection Set: 0.14ms
[347.629s][info][gc,phases   ] GC(786)   Merge Heap Roots: 0.09ms
[347.629s][info][gc,phases   ] GC(786)   Evacuate Collection Set: 19.92ms
[347.629s][info][gc,phases   ] GC(786)   Post Evacuate Collection Set: 0.38ms
[347.629s][info][gc,phases   ] GC(786)   Other: 0.08ms
[347.629s][info][gc,heap     ] GC(786) Eden regions: 132->0(119)
[347.629s][info][gc,heap     ] GC(786) Survivor regions: 3->17(17)
[347.629s][info][gc,heap     ] GC(786) Old regions: 82->82
[347.629s][info][gc,heap     ] GC(786) Humongous regions: 6->6
[347.629s][info][gc,metaspace] GC(786) Metaspace: 42877K(43264K)->42877K(43264K) NonClass: 40058K(40320K)->40058K(40320K) Class: 2819K(2944K)->2819K(2944K)
[347.629s][info][gc          ] GC(786) Pause Young (Prepare Mixed) (G1 Evacuation Pause) 223M->105M(256M) 20.772ms
[347.629s][info][gc,cpu      ] GC(786) User=0.04s Sys=0.00s Real=0.02s
[347.861s][info][gc,start    ] GC(787) Pause Young (Mixed) (G1 Evacuation Pause)
[347.861s][info][gc,task     ] GC(787) Using 2 workers of 2 for evacuation
[347.901s][info][gc,phases   ] GC(787)   Pre Evacuate Collection Set: 0.21ms
[347.901s][info][gc,phases   ] GC(787)   Merge Heap Roots: 0.24ms
[347.901s][info][gc,phases   ] GC(787)   Evacuate Collection Set: 38.19ms
[347.901s][info][gc,phases   ] GC(787)   Post Evacuate Collection Set: 0.53ms
[347.901s][info][gc,phases   ] GC(787)   Other: 0.11ms
[347.901s][info][gc,heap     ] GC(787) Eden regions: 119->0(116)
[347.901s][info][gc,heap     ] GC(787) Survivor regions: 17->13(17)
[347.901s][info][gc,heap     ] GC(787) Old regions: 82->90
[347.901s][info][gc,heap     ] GC(787) Humongous regions: 6->6
[347.901s][info][gc,metaspace] GC(787) Metaspace: 42877K(43264K)->42877K(43264K) NonClass: 40058K(40320K)->40058K(40320K) Class: 2819K(2944K)->2819K(2944K)
[347.901s][info][gc          ] GC(787) Pause Young (Mixed) (G1 Evacuation Pause) 224M->108M(256M) 39.480ms
[347.901s][info][gc,cpu      ] GC(787) User=0.08s Sys=0.00s Real=0.04s
[348.017s][info][gc,start    ] GC(788) Pause Young (Concurrent Start) (G1 Humongous Allocation)
[348.017s][info][gc,task     ] GC(788) Using 2 workers of 2 for evacuation
[348.037s][info][gc,phases   ] GC(788)   Pre Evacuate Collection Set: 0.16ms
[348.037s][info][gc,phases   ] GC(788)   Merge Heap Roots: 0.07ms
[348.037s][info][gc,phases   ] GC(788)   Evacuate Collection Set: 18.97ms
[348.037s][info][gc,phases   ] GC(788)   Post Evacuate Collection Set: 1.31ms
[348.037s][info][gc,phases   ] GC(788)   Other: 0.10ms
[348.037s][info][gc,heap     ] GC(788) Eden regions: 54->0(233)
[348.037s][info][gc,heap     ] GC(788) Survivor regions: 13->7(17)
[348.038s][info][gc,heap     ] GC(788) Old regions: 90->103
[348.038s][info][gc,heap     ] GC(788) Humongous regions: 6->6
[348.038s][info][gc,metaspace] GC(788) Metaspace: 42877K(43264K)->42877K(43264K) NonClass: 40058K(40320K)->40058K(40320K) Class: 2819K(2944K)->2819K(2944K)
[348.038s][info][gc          ] GC(788) Pause Young (Concurrent Start) (G1 Humongous Allocation) 162M->115M(401M) 20.803ms
[348.038s][info][gc          ] GC(789) Concurrent Mark Cycle
[348.038s][info][gc,marking  ] GC(789) Concurrent Scan Root Regions
[348.038s][info][gc,cpu      ] GC(788) User=0.03s Sys=0.00s Real=0.02s
[348.053s][info][gc,marking  ] GC(789) Concurrent Scan Root Regions 15.230ms
[348.053s][info][gc,marking  ] GC(789) Concurrent Mark
[348.053s][info][gc,marking  ] GC(789) Concurrent Mark From Roots
[348.053s][info][gc,task     ] GC(789) Using 1 workers of 1 for marking
[348.238s][info][gc,marking  ] GC(789) Concurrent Mark From Roots 184.955ms
[348.238s][info][gc,marking  ] GC(789) Concurrent Preclean
[348.238s][info][gc,marking  ] GC(789) Concurrent Preclean 0.052ms
[348.239s][info][gc,start    ] GC(789) Pause Remark
[348.253s][info][gc          ] GC(789) Pause Remark 156M->155M(400M) 14.502ms
[348.253s][info][gc,cpu      ] GC(789) User=0.03s Sys=0.00s Real=0.02s
[348.254s][info][gc,marking  ] GC(789) Concurrent Mark 200.648ms
[348.254s][info][gc,marking  ] GC(789) Concurrent Rebuild Remembered Sets and Scrub Regions
[348.347s][info][gc,marking  ] GC(789) Concurrent Rebuild Remembered Sets and Scrub Regions 93.941ms
[348.348s][info][gc,start    ] GC(789) Pause Cleanup
[348.348s][info][gc          ] GC(789) Pause Cleanup 171M->171M(400M) 0.050ms
[348.348s][info][gc,cpu      ] GC(789) User=0.00s Sys=0.00s Real=0.00s
[348.348s][info][gc,marking  ] GC(789) Concurrent Clear Claimed Marks
[348.348s][info][gc,marking  ] GC(789) Concurrent Clear Claimed Marks 0.036ms
[348.348s][info][gc,marking  ] GC(789) Concurrent Cleanup for Next Mark
[348.350s][info][gc,marking  ] GC(789) Concurrent Cleanup for Next Mark 2.669ms
[348.350s][info][gc          ] GC(789) Concurrent Mark Cycle 312.887ms
[351.338s][info][gc,start    ] GC(790) Pause Young (Prepare Mixed) (G1 Evacuation Pause)
[351.338s][info][gc,task     ] GC(790) Using 2 workers of 2 for evacuation
[351.369s][info][gc,phases   ] GC(790)   Pre Evacuate Collection Set: 0.25ms
[351.369s][info][gc,phases   ] GC(790)   Merge Heap Roots: 0.15ms
[351.369s][info][gc,phases   ] GC(790)   Evacuate Collection Set: 29.78ms
[351.369s][info][gc,phases   ] GC(790)   Post Evacuate Collection Set: 0.52ms
[351.369s][info][gc,phases   ] GC(790)   Other: 0.13ms
[351.369s][info][gc,heap     ] GC(790) Eden regions: 233->0(216)
[351.369s][info][gc,heap     ] GC(790) Survivor regions: 7->24(30)
[351.369s][info][gc,heap     ] GC(790) Old regions: 103->103
[351.369s][info][gc,heap     ] GC(790) Humongous regions: 12->7
[351.369s][info][gc,metaspace] GC(790) Metaspace: 42885K(43264K)->42885K(43264K) NonClass: 40065K(40320K)->40065K(40320K) Class: 2819K(2944K)->2819K(2944K)
[351.369s][info][gc          ] GC(790) Pause Young (Prepare Mixed) (G1 Evacuation Pause) 354M->133M(400M) 31.093ms
[351.369s][info][gc,cpu      ] GC(790) User=0.06s Sys=0.00s Real=0.03s
[352.018s][info][gc,start    ] GC(791) Pause Young (Mixed) (G1 Evacuation Pause)
[352.018s][info][gc,task     ] GC(791) Using 2 workers of 2 for evacuation
[352.053s][info][gc,phases   ] GC(791)   Pre Evacuate Collection Set: 0.22ms
[352.053s][info][gc,phases   ] GC(791)   Merge Heap Roots: 0.15ms
[352.053s][info][gc,phases   ] GC(791)   Evacuate Collection Set: 33.92ms
[352.053s][info][gc,phases   ] GC(791)   Post Evacuate Collection Set: 0.55ms
[352.053s][info][gc,phases   ] GC(791)   Other: 0.10ms
[352.053s][info][gc,heap     ] GC(791) Eden regions: 216->0(216)
[352.053s][info][gc,heap     ] GC(791) Survivor regions: 24->8(30)
[352.053s][info][gc,heap     ] GC(791) Old regions: 103->124
[352.053s][info][gc,heap     ] GC(791) Humongous regions: 9->9
[352.053s][info][gc,metaspace] GC(791) Metaspace: 42892K(43264K)->42892K(43264K) NonClass: 40072K(40320K)->40072K(40320K) Class: 2819K(2944K)->2819K(2944K)
[352.053s][info][gc          ] GC(791) Pause Young (Mixed) (G1 Evacuation Pause) 351M->140M(400M) 35.171ms
[352.053s][info][gc,cpu      ] GC(791) User=0.07s Sys=0.00s Real=0.04s
[352.247s][info][gc,start    ] GC(792) Pause Young (Concurrent Start) (G1 Humongous Allocation)
[352.247s][info][gc,task     ] GC(792) Using 2 workers of 2 for evacuation
[352.264s][info][gc,phases   ] GC(792)   Pre Evacuate Collection Set: 0.21ms
[352.264s][info][gc,phases   ] GC(792)   Merge Heap Roots: 0.06ms
[352.264s][info][gc,phases   ] GC(792)   Evacuate Collection Set: 16.05ms
[352.264s][info][gc,phases   ] GC(792)   Post Evacuate Collection Set: 0.41ms
[352.264s][info][gc,phases   ] GC(792)   Other: 0.13ms
[352.264s][info][gc,heap     ] GC(792) Eden regions: 83->0(193)
[352.264s][info][gc,heap     ] GC(792) Survivor regions: 8->18(28)
[352.264s][info][gc,heap     ] GC(792) Old regions: 124->124
[352.264s][info][gc,heap     ] GC(792) Humongous regions: 9->9
[352.264s][info][gc,metaspace] GC(792) Metaspace: 42892K(43264K)->42892K(43264K) NonClass: 40072K(40320K)->40072K(40320K) Class: 2819K(2944K)->2819K(2944K)
[352.264s][info][gc          ] GC(792) Pause Young (Concurrent Start) (G1 Humongous Allocation) 223M->150M(400M) 17.077ms
[352.264s][info][gc          ] GC(793) Concurrent Mark Cycle
[352.264s][info][gc,marking  ] GC(793) Concurrent Scan Root Regions
[352.267s][info][gc,cpu      ] GC(792) User=0.04s Sys=0.00s Real=0.02s
[352.275s][info][gc,marking  ] GC(793) Concurrent Scan Root Regions 10.351ms
[352.275s][info][gc,marking  ] GC(793) Concurrent Mark
[352.275s][info][gc,marking  ] GC(793) Concurrent Mark From Roots
[352.275s][info][gc,task     ] GC(793) Using 1 workers of 1 for marking
[352.301s][info][gc,marking  ] GC(793) Concurrent Mark From Roots 26.579ms
[352.301s][info][gc,marking  ] GC(793) Concurrent Preclean
[352.301s][info][gc,marking  ] GC(793) Concurrent Preclean 0.059ms
[352.302s][info][gc,start    ] GC(793) Pause Remark
[352.317s][info][gc          ] GC(793) Pause Remark 163M->76M(256M) 15.258ms
[352.317s][info][gc,cpu      ] GC(793) User=0.03s Sys=0.00s Real=0.02s
[352.318s][info][gc,marking  ] GC(793) Concurrent Mark 43.139ms
[352.318s][info][gc,marking  ] GC(793) Concurrent Rebuild Remembered Sets and Scrub Regions
[352.331s][info][gc,marking  ] GC(793) Concurrent Rebuild Remembered Sets and Scrub Regions 12.671ms
[352.331s][info][gc,start    ] GC(793) Pause Cleanup
[352.331s][info][gc          ] GC(793) Pause Cleanup 81M->81M(256M) 0.038ms
[352.331s][info][gc,cpu      ] GC(793) User=0.00s Sys=0.00s Real=0.00s
[352.331s][info][gc,marking  ] GC(793) Concurrent Clear Claimed Marks
[352.331s][info][gc,marking  ] GC(793) Concurrent Clear Claimed Marks 0.032ms
[352.331s][info][gc,marking  ] GC(793) Concurrent Cleanup for Next Mark
[352.332s][info][gc,marking  ] GC(793) Concurrent Cleanup for Next Mark 0.728ms
[352.332s][info][gc          ] GC(793) Concurrent Mark Cycle 67.285ms
[352.609s][info][gc,start    ] GC(794) Pause Young (Prepare Mixed) (G1 Evacuation Pause)
[352.609s][info][gc,task     ] GC(794) Using 2 workers of 2 for evacuation
[352.642s][info][gc,phases   ] GC(794)   Pre Evacuate Collection Set: 0.16ms
[352.642s][info][gc,phases   ] GC(794)   Merge Heap Roots: 0.08ms
[352.642s][info][gc,phases   ] GC(794)   Evacuate Collection Set: 31.66ms
[352.642s][info][gc,phases   ] GC(794)   Post Evacuate Collection Set: 0.38ms
[352.642s][info][gc,phases   ] GC(794)   Other: 0.07ms
[352.642s][info][gc,heap     ] GC(794) Eden regions: 135->0(135)
[352.642s][info][gc,heap     ] GC(794) Survivor regions: 18->17(20)
[352.642s][info][gc,heap     ] GC(794) Old regions: 42->60
[352.642s][info][gc,heap     ] GC(794) Humongous regions: 4->4
[352.642s][info][gc,metaspace] GC(794) Metaspace: 42892K(43264K)->42892K(43264K) NonClass: 40072K(40320K)->40072K(40320K) Class: 2819K(2944K)->2819K(2944K)
[352.642s][info][gc          ] GC(794) Pause Young (Prepare Mixed) (G1 Evacuation Pause) 199M->80M(256M) 32.535ms
[352.642s][info][gc,cpu      ] GC(794) User=0.06s Sys=0.00s Real=0.03s
[352.962s][info][gc,start    ] GC(795) Pause Young (Mixed) (G1 Evacuation Pause)
[352.963s][info][gc,task     ] GC(795) Using 2 workers of 2 for evacuation
[352.997s][info][gc,phases   ] GC(795)   Pre Evacuate Collection Set: 0.18ms
[352.997s][info][gc,phases   ] GC(795)   Merge Heap Roots: 0.14ms
[352.997s][info][gc,phases   ] GC(795)   Evacuate Collection Set: 34.01ms
[352.997s][info][gc,phases   ] GC(795)   Post Evacuate Collection Set: 0.40ms
[352.997s][info][gc,phases   ] GC(795)   Other: 0.09ms
[352.997s][info][gc,heap     ] GC(795) Eden regions: 135->0(127)
[352.997s][info][gc,heap     ] GC(795) Survivor regions: 17->17(19)
[352.997s][info][gc,heap     ] GC(795) Old regions: 60->69
[352.997s][info][gc,heap     ] GC(795) Humongous regions: 6->6
[352.997s][info][gc,metaspace] GC(795) Metaspace: 42892K(43264K)->42892K(43264K) NonClass: 40072K(40320K)->40072K(40320K) Class: 2819K(2944K)->2819K(2944K)
[352.997s][info][gc          ] GC(795) Pause Young (Mixed) (G1 Evacuation Pause) 217M->91M(256M) 35.044ms
[352.998s][info][gc,cpu      ] GC(795) User=0.07s Sys=0.00s Real=0.03s
[353.287s][info][gc,start    ] GC(796) Pause Young (Concurrent Start) (G1 Evacuation Pause)
[353.288s][info][gc,task     ] GC(796) Using 2 workers of 2 for evacuation
[353.320s][info][gc,phases   ] GC(796)   Pre Evacuate Collection Set: 0.21ms
[353.320s][info][gc,phases   ] GC(796)   Merge Heap Roots: 0.09ms
[353.320s][info][gc,phases   ] GC(796)   Evacuate Collection Set: 31.55ms
[353.320s][info][gc,phases   ] GC(796)   Post Evacuate Collection Set: 0.40ms
[353.320s][info][gc,phases   ] GC(796)   Other: 0.11ms
[353.320s][info][gc,heap     ] GC(796) Eden regions: 127->0(117)
[353.320s][info][gc,heap     ] GC(796) Survivor regions: 17->15(18)
[353.320s][info][gc,heap     ] GC(796) Old regions: 69->85
[353.320s][info][gc,heap     ] GC(796) Humongous regions: 6->6
[353.320s][info][gc,metaspace] GC(796) Metaspace: 42892K(43264K)->42892K(43264K) NonClass: 40072K(40320K)->40072K(40320K) Class: 2819K(2944K)->2819K(2944K)
[353.320s][info][gc          ] GC(796) Pause Young (Concurrent Start) (G1 Evacuation Pause) 218M->106M(256M) 32.575ms
[353.320s][info][gc,cpu      ] GC(796) User=0.06s Sys=0.00s Real=0.03s
[353.320s][info][gc          ] GC(797) Concurrent Mark Cycle
[353.320s][info][gc,marking  ] GC(797) Concurrent Scan Root Regions
[353.344s][info][gc,marking  ] GC(797) Concurrent Scan Root Regions 24.119ms
[353.344s][info][gc,marking  ] GC(797) Concurrent Mark
[353.344s][info][gc,marking  ] GC(797) Concurrent Mark From Roots
[353.344s][info][gc,task     ] GC(797) Using 1 workers of 1 for marking
[353.417s][info][gc,marking  ] GC(797) Concurrent Mark From Roots 72.527ms
[353.417s][info][gc,marking  ] GC(797) Concurrent Preclean
[353.417s][info][gc,marking  ] GC(797) Concurrent Preclean 0.038ms
[353.417s][info][gc,start    ] GC(797) Pause Remark
[353.432s][info][gc          ] GC(797) Pause Remark 140M->139M(256M) 15.367ms
[353.432s][info][gc,cpu      ] GC(797) User=0.03s Sys=0.00s Real=0.02s
[353.433s][info][gc,marking  ] GC(797) Concurrent Mark 88.279ms
[353.433s][info][gc,marking  ] GC(797) Concurrent Rebuild Remembered Sets and Scrub Regions
[353.484s][info][gc,marking  ] GC(797) Concurrent Rebuild Remembered Sets and Scrub Regions 50.940ms
[353.484s][info][gc,start    ] GC(797) Pause Cleanup
[353.484s][info][gc          ] GC(797) Pause Cleanup 153M->153M(256M) 0.046ms
[353.484s][info][gc,cpu      ] GC(797) User=0.00s Sys=0.00s Real=0.00s
[353.484s][info][gc,marking  ] GC(797) Concurrent Clear Claimed Marks
[353.484s][info][gc,marking  ] GC(797) Concurrent Clear Claimed Marks 0.046ms
[353.484s][info][gc,marking  ] GC(797) Concurrent Cleanup for Next Mark
[353.485s][info][gc,marking  ] GC(797) Concurrent Cleanup for Next Mark 0.748ms
[353.485s][info][gc          ] GC(797) Concurrent Mark Cycle 164.460ms
[353.651s][info][gc,start    ] GC(798) Pause Young (Prepare Mixed) (G1 Evacuation Pause)
[353.651s][info][gc,task     ] GC(798) Using 2 workers of 2 for evacuation
[353.686s][info][gc,phases   ] GC(798)   Pre Evacuate Collection Set: 0.23ms
[353.686s][info][gc,phases   ] GC(798)   Merge Heap Roots: 0.20ms
[353.686s][info][gc,phases   ] GC(798)   Evacuate Collection Set: 34.57ms
[353.686s][info][gc,phases   ] GC(798)   Post Evacuate Collection Set: 0.41ms
[353.686s][info][gc,phases   ] GC(798)   Other: 0.09ms
[353.686s][info][gc,heap     ] GC(798) Eden regions: 117->0(104)
[353.686s][info][gc,heap     ] GC(798) Survivor regions: 15->13(17)
[353.686s][info][gc,heap     ] GC(798) Old regions: 85->100
[353.686s][info][gc,heap     ] GC(798) Humongous regions: 9->9
[353.686s][info][gc,metaspace] GC(798) Metaspace: 42892K(43264K)->42892K(43264K) NonClass: 40072K(40320K)->40072K(40320K) Class: 2819K(2944K)->2819K(2944K)
[353.686s][info][gc          ] GC(798) Pause Young (Prepare Mixed) (G1 Evacuation Pause) 226M->122M(256M) 35.681ms
[353.686s][info][gc,cpu      ] GC(798) User=0.07s Sys=0.01s Real=0.04s
[354.414s][info][gc,start    ] GC(799) Pause Young (Mixed) (G1 Evacuation Pause)
[354.414s][info][gc,task     ] GC(799) Using 2 workers of 2 for evacuation
[354.475s][info][gc,phases   ] GC(799)   Pre Evacuate Collection Set: 0.20ms
[354.475s][info][gc,phases   ] GC(799)   Merge Heap Roots: 0.17ms
[354.475s][info][gc,phases   ] GC(799)   Evacuate Collection Set: 59.98ms
[354.475s][info][gc,phases   ] GC(799)   Post Evacuate Collection Set: 0.50ms
[354.475s][info][gc,phases   ] GC(799)   Other: 0.07ms
[354.475s][info][gc,heap     ] GC(799) Eden regions: 104->0(85)
[354.475s][info][gc,heap     ] GC(799) Survivor regions: 13->15(15)
[354.475s][info][gc,heap     ] GC(799) Old regions: 100->118
[354.475s][info][gc,heap     ] GC(799) Humongous regions: 17->17
[354.475s][info][gc,metaspace] GC(799) Metaspace: 42892K(43264K)->42892K(43264K) NonClass: 40072K(40320K)->40072K(40320K) Class: 2819K(2944K)->2819K(2944K)
[354.475s][info][gc          ] GC(799) Pause Young (Mixed) (G1 Evacuation Pause) 234M->149M(276M) 61.145ms
[354.475s][info][gc,cpu      ] GC(799) User=0.11s Sys=0.02s Real=0.06s
[355.088s][info][gc,start    ] GC(800) Pause Young (Concurrent Start) (G1 Evacuation Pause)
[355.088s][info][gc,task     ] GC(800) Using 2 workers of 2 for evacuation
[355.114s][info][gc,phases   ] GC(800)   Pre Evacuate Collection Set: 0.18ms
[355.114s][info][gc,phases   ] GC(800)   Merge Heap Roots: 0.16ms
[355.114s][info][gc,phases   ] GC(800)   Evacuate Collection Set: 24.07ms
[355.114s][info][gc,phases   ] GC(800)   Post Evacuate Collection Set: 1.24ms
[355.114s][info][gc,phases   ] GC(800)   Other: 0.12ms
[355.114s][info][gc,heap     ] GC(800) Eden regions: 85->0(192)
[355.114s][info][gc,heap     ] GC(800) Survivor regions: 15->6(13)
[355.114s][info][gc,heap     ] GC(800) Old regions: 118->129
[355.114s][info][gc,heap     ] GC(800) Humongous regions: 17->15
[355.114s][info][gc,metaspace] GC(800) Metaspace: 42892K(43264K)->42892K(43264K) NonClass: 40072K(40320K)->40072K(40320K) Class: 2819K(2944K)->2819K(2944K)
[355.114s][info][gc          ] GC(800) Pause Young (Concurrent Start) (G1 Evacuation Pause) 234M->149M(404M) 25.954ms
[355.114s][info][gc,cpu      ] GC(800) User=0.04s Sys=0.00s Real=0.03s
[355.114s][info][gc          ] GC(801) Concurrent Mark Cycle
[355.114s][info][gc,marking  ] GC(801) Concurrent Scan Root Regions
[355.140s][info][gc,marking  ] GC(801) Concurrent Scan Root Regions 25.497ms
[355.140s][info][gc,marking  ] GC(801) Concurrent Mark
[355.140s][info][gc,marking  ] GC(801) Concurrent Mark From Roots
[355.140s][info][gc,task     ] GC(801) Using 1 workers of 1 for marking
[355.179s][info][gc,marking  ] GC(801) Concurrent Mark From Roots 39.381ms
[355.179s][info][gc,marking  ] GC(801) Concurrent Preclean
[355.179s][info][gc,marking  ] GC(801) Concurrent Preclean 0.033ms
[355.179s][info][gc,start    ] GC(801) Pause Remark
[355.196s][info][gc          ] GC(801) Pause Remark 160M->120M(367M) 16.689ms
[355.196s][info][gc,cpu      ] GC(801) User=0.03s Sys=0.00s Real=0.02s
[355.197s][info][gc,marking  ] GC(801) Concurrent Mark 57.066ms
[355.197s][info][gc,marking  ] GC(801) Concurrent Rebuild Remembered Sets and Scrub Regions
[355.226s][info][gc,marking  ] GC(801) Concurrent Rebuild Remembered Sets and Scrub Regions 28.777ms
[355.226s][info][gc,start    ] GC(801) Pause Cleanup
[355.226s][info][gc          ] GC(801) Pause Cleanup 125M->125M(367M) 0.060ms
[355.226s][info][gc,cpu      ] GC(801) User=0.01s Sys=0.00s Real=0.00s
[355.226s][info][gc,marking  ] GC(801) Concurrent Clear Claimed Marks
[355.226s][info][gc,marking  ] GC(801) Concurrent Clear Claimed Marks 0.035ms
[355.226s][info][gc,marking  ] GC(801) Concurrent Cleanup for Next Mark
[355.228s][info][gc,marking  ] GC(801) Concurrent Cleanup for Next Mark 2.449ms
[355.228s][info][gc          ] GC(801) Concurrent Mark Cycle 114.101ms
[356.123s][info][gc,start    ] GC(802) Pause Young (Prepare Mixed) (G1 Evacuation Pause)
[356.123s][info][gc,task     ] GC(802) Using 2 workers of 2 for evacuation
[356.137s][info][gc,phases   ] GC(802)   Pre Evacuate Collection Set: 0.19ms
[356.137s][info][gc,phases   ] GC(802)   Merge Heap Roots: 0.10ms
[356.137s][info][gc,phases   ] GC(802)   Evacuate Collection Set: 13.03ms
[356.137s][info][gc,phases   ] GC(802)   Post Evacuate Collection Set: 0.40ms
[356.137s][info][gc,phases   ] GC(802)   Other: 0.07ms
[356.137s][info][gc,heap     ] GC(802) Eden regions: 192->0(187)
[356.137s][info][gc,heap     ] GC(802) Survivor regions: 6->17(25)
[356.137s][info][gc,heap     ] GC(802) Old regions: 103->103
[356.137s][info][gc,heap     ] GC(802) Humongous regions: 1->1
[356.137s][info][gc,metaspace] GC(802) Metaspace: 42892K(43264K)->42892K(43264K) NonClass: 40072K(40320K)->40072K(40320K) Class: 2819K(2944K)->2819K(2944K)
[356.137s][info][gc          ] GC(802) Pause Young (Prepare Mixed) (G1 Evacuation Pause) 301M->120M(367M) 13.980ms
[356.137s][info][gc,cpu      ] GC(802) User=0.02s Sys=0.00s Real=0.01s
[357.206s][info][gc,start    ] GC(803) Pause Young (Mixed) (G1 Evacuation Pause)
[357.206s][info][gc,task     ] GC(803) Using 2 workers of 2 for evacuation
[357.216s][info][gc,phases   ] GC(803)   Pre Evacuate Collection Set: 0.22ms
[357.216s][info][gc,phases   ] GC(803)   Merge Heap Roots: 0.21ms
[357.216s][info][gc,phases   ] GC(803)   Evacuate Collection Set: 8.24ms
[357.216s][info][gc,phases   ] GC(803)   Post Evacuate Collection Set: 0.45ms
[357.216s][info][gc,phases   ] GC(803)   Other: 0.07ms
[357.216s][info][gc,heap     ] GC(803) Eden regions: 187->0(218)
[357.216s][info][gc,heap     ] GC(803) Survivor regions: 17->2(26)
[357.216s][info][gc,heap     ] GC(803) Old regions: 103->75
[357.216s][info][gc,heap     ] GC(803) Humongous regions: 1->1
[357.216s][info][gc,metaspace] GC(803) Metaspace: 42892K(43264K)->42892K(43264K) NonClass: 40072K(40320K)->40072K(40320K) Class: 2819K(2944K)->2819K(2944K)
[357.216s][info][gc          ] GC(803) Pause Young (Mixed) (G1 Evacuation Pause) 307M->77M(367M) 9.409ms
[357.216s][info][gc,cpu      ] GC(803) User=0.02s Sys=0.00s Real=0.01s
[358.454s][info][gc,start    ] GC(804) Pause Young (Mixed) (G1 Evacuation Pause)
[358.455s][info][gc,task     ] GC(804) Using 2 workers of 2 for evacuation
[358.478s][info][gc,phases   ] GC(804)   Pre Evacuate Collection Set: 0.19ms
[358.478s][info][gc,phases   ] GC(804)   Merge Heap Roots: 0.33ms
[358.478s][info][gc,phases   ] GC(804)   Evacuate Collection Set: 22.38ms
[358.478s][info][gc,phases   ] GC(804)   Post Evacuate Collection Set: 0.46ms
[358.478s][info][gc,phases   ] GC(804)   Other: 0.07ms
[358.478s][info][gc,heap     ] GC(804) Eden regions: 218->0(200)
[358.478s][info][gc,heap     ] GC(804) Survivor regions: 2->20(28)
[358.478s][info][gc,heap     ] GC(804) Old regions: 75->59
[358.478s][info][gc,heap     ] GC(804) Humongous regions: 1->1
[358.478s][info][gc,metaspace] GC(804) Metaspace: 42892K(43264K)->42892K(43264K) NonClass: 40072K(40320K)->40072K(40320K) Class: 2819K(2944K)->2819K(2944K)
[358.478s][info][gc          ] GC(804) Pause Young (Mixed) (G1 Evacuation Pause) 295M->79M(367M) 23.606ms
[358.478s][info][gc,cpu      ] GC(804) User=0.04s Sys=0.00s Real=0.02s
[358.706s][info][gc,start    ] GC(805) Pause Young (Concurrent Start) (G1 Humongous Allocation)
[358.706s][info][gc,task     ] GC(805) Using 2 workers of 2 for evacuation
[358.725s][info][gc,phases   ] GC(805)   Pre Evacuate Collection Set: 0.20ms
[358.725s][info][gc,phases   ] GC(805)   Merge Heap Roots: 0.06ms
[358.725s][info][gc,phases   ] GC(805)   Evacuate Collection Set: 18.32ms
[358.725s][info][gc,phases   ] GC(805)   Post Evacuate Collection Set: 0.35ms
[358.725s][info][gc,phases   ] GC(805)   Other: 0.12ms
[358.725s][info][gc,heap     ] GC(805) Eden regions: 38->0(214)
[358.725s][info][gc,heap     ] GC(805) Survivor regions: 20->6(28)
[358.725s][info][gc,heap     ] GC(805) Old regions: 59->78
[358.725s][info][gc,heap     ] GC(805) Humongous regions: 1->1
[358.725s][info][gc,metaspace] GC(805) Metaspace: 42892K(43264K)->42892K(43264K) NonClass: 40072K(40320K)->40072K(40320K) Class: 2819K(2944K)->2819K(2944K)
[358.725s][info][gc          ] GC(805) Pause Young (Concurrent Start) (G1 Humongous Allocation) 117M->84M(367M) 19.243ms
[358.725s][info][gc          ] GC(806) Concurrent Mark Cycle
[358.725s][info][gc,marking  ] GC(806) Concurrent Scan Root Regions
[358.726s][info][gc,cpu      ] GC(805) User=0.04s Sys=0.00s Real=0.02s
[358.741s][info][gc,marking  ] GC(806) Concurrent Scan Root Regions 16.121ms
[358.741s][info][gc,marking  ] GC(806) Concurrent Mark
[358.741s][info][gc,marking  ] GC(806) Concurrent Mark From Roots
[358.741s][info][gc,task     ] GC(806) Using 1 workers of 1 for marking
[358.783s][info][gc,marking  ] GC(806) Concurrent Mark From Roots 42.223ms
[358.783s][info][gc,marking  ] GC(806) Concurrent Preclean
[358.783s][info][gc,marking  ] GC(806) Concurrent Preclean 0.032ms
[358.784s][info][gc,start    ] GC(806) Pause Remark
[358.798s][info][gc          ] GC(806) Pause Remark 96M->81M(256M) 14.523ms
[358.798s][info][gc,cpu      ] GC(806) User=0.03s Sys=0.00s Real=0.01s
[358.801s][info][gc,marking  ] GC(806) Concurrent Mark 59.639ms
[358.801s][info][gc,marking  ] GC(806) Concurrent Rebuild Remembered Sets and Scrub Regions
[358.832s][info][gc,marking  ] GC(806) Concurrent Rebuild Remembered Sets and Scrub Regions 31.606ms
[358.833s][info][gc,start    ] GC(806) Pause Cleanup
[358.833s][info][gc          ] GC(806) Pause Cleanup 88M->88M(256M) 0.058ms
[358.833s][info][gc,cpu      ] GC(806) User=0.00s Sys=0.00s Real=0.00s
[358.833s][info][gc,marking  ] GC(806) Concurrent Clear Claimed Marks
[358.833s][info][gc,marking  ] GC(806) Concurrent Clear Claimed Marks 0.039ms
[358.833s][info][gc,marking  ] GC(806) Concurrent Cleanup for Next Mark
[358.833s][info][gc,marking  ] GC(806) Concurrent Cleanup for Next Mark 0.754ms
[358.833s][info][gc          ] GC(806) Concurrent Mark Cycle 108.452ms
[359.556s][info][gc,start    ] GC(807) Pause Young (Prepare Mixed) (G1 Evacuation Pause)
[359.556s][info][gc,task     ] GC(807) Using 2 workers of 2 for evacuation
[359.570s][info][gc,phases   ] GC(807)   Pre Evacuate Collection Set: 0.17ms
[359.570s][info][gc,phases   ] GC(807)   Merge Heap Roots: 0.08ms
[359.570s][info][gc,phases   ] GC(807)   Evacuate Collection Set: 13.32ms
[359.570s][info][gc,phases   ] GC(807)   Post Evacuate Collection Set: 0.41ms
[359.570s][info][gc,phases   ] GC(807)   Other: 0.07ms
[359.570s][info][gc,heap     ] GC(807) Eden regions: 147->0(139)
[359.570s][info][gc,heap     ] GC(807) Survivor regions: 6->14(20)
[359.570s][info][gc,heap     ] GC(807) Old regions: 63->63
[359.570s][info][gc,heap     ] GC(807) Humongous regions: 2->2
[359.570s][info][gc,metaspace] GC(807) Metaspace: 42892K(43264K)->42892K(43264K) NonClass: 40072K(40320K)->40072K(40320K) Class: 2819K(2944K)->2819K(2944K)
[359.570s][info][gc          ] GC(807) Pause Young (Prepare Mixed) (G1 Evacuation Pause) 217M->79M(256M) 14.252ms
[359.570s][info][gc,cpu      ] GC(807) User=0.03s Sys=0.00s Real=0.01s
[360.279s][info][gc,start    ] GC(808) Pause Young (Mixed) (G1 Evacuation Pause)
[360.279s][info][gc,task     ] GC(808) Using 2 workers of 2 for evacuation
[360.306s][info][gc,phases   ] GC(808)   Pre Evacuate Collection Set: 0.17ms
[360.306s][info][gc,phases   ] GC(808)   Merge Heap Roots: 0.17ms
[360.306s][info][gc,phases   ] GC(808)   Evacuate Collection Set: 25.66ms
[360.306s][info][gc,phases   ] GC(808)   Post Evacuate Collection Set: 0.42ms
[360.306s][info][gc,phases   ] GC(808)   Other: 0.08ms
[360.306s][info][gc,heap     ] GC(808) Eden regions: 139->0(133)
[360.306s][info][gc,heap     ] GC(808) Survivor regions: 14->14(20)
[360.306s][info][gc,heap     ] GC(808) Old regions: 63->74
[360.306s][info][gc,heap     ] GC(808) Humongous regions: 2->2
[360.306s][info][gc,metaspace] GC(808) Metaspace: 42892K(43264K)->42892K(43264K) NonClass: 40072K(40320K)->40072K(40320K) Class: 2819K(2944K)->2819K(2944K)
[360.306s][info][gc          ] GC(808) Pause Young (Mixed) (G1 Evacuation Pause) 218M->88M(256M) 26.694ms
[360.306s][info][gc,cpu      ] GC(808) User=0.05s Sys=0.00s Real=0.03s
[360.342s][info][gc,start    ] GC(809) Pause Young (Concurrent Start) (G1 Humongous Allocation)
[360.342s][info][gc,task     ] GC(809) Using 2 workers of 2 for evacuation
[360.355s][info][gc,phases   ] GC(809)   Pre Evacuate Collection Set: 0.16ms
[360.355s][info][gc,phases   ] GC(809)   Merge Heap Roots: 0.05ms
[360.355s][info][gc,phases   ] GC(809)   Evacuate Collection Set: 12.28ms
[360.355s][info][gc,phases   ] GC(809)   Post Evacuate Collection Set: 0.31ms
[360.355s][info][gc,phases   ] GC(809)   Other: 0.08ms
[360.355s][info][gc,heap     ] GC(809) Eden regions: 10->0(101)
[360.355s][info][gc,heap     ] GC(809) Survivor regions: 14->6(19)
[360.355s][info][gc,heap     ] GC(809) Old regions: 74->86
[360.355s][info][gc,heap     ] GC(809) Humongous regions: 2->2
[360.355s][info][gc,metaspace] GC(809) Metaspace: 42892K(43264K)->42892K(43264K) NonClass: 40072K(40320K)->40072K(40320K) Class: 2819K(2944K)->2819K(2944K)
[360.355s][info][gc          ] GC(809) Pause Young (Concurrent Start) (G1 Humongous Allocation) 98M->93M(256M) 13.108ms
[360.355s][info][gc,cpu      ] GC(809) User=0.02s Sys=0.00s Real=0.02s
[360.355s][info][gc          ] GC(810) Concurrent Mark Cycle
[360.355s][info][gc,marking  ] GC(810) Concurrent Scan Root Regions
[360.366s][info][gc,marking  ] GC(810) Concurrent Scan Root Regions 11.363ms
[360.366s][info][gc,marking  ] GC(810) Concurrent Mark
[360.366s][info][gc,marking  ] GC(810) Concurrent Mark From Roots
[360.366s][info][gc,task     ] GC(810) Using 1 workers of 1 for marking
[360.398s][info][gc,marking  ] GC(810) Concurrent Mark From Roots 31.685ms
[360.398s][info][gc,marking  ] GC(810) Concurrent Preclean
[360.398s][info][gc,marking  ] GC(810) Concurrent Preclean 0.035ms
[360.398s][info][gc,start    ] GC(810) Pause Remark
[360.413s][info][gc          ] GC(810) Pause Remark 113M->90M(256M) 15.030ms
[360.413s][info][gc,cpu      ] GC(810) User=0.03s Sys=0.00s Real=0.02s
[360.413s][info][gc,marking  ] GC(810) Concurrent Mark 47.020ms
[360.413s][info][gc,marking  ] GC(810) Concurrent Rebuild Remembered Sets and Scrub Regions
[360.434s][info][gc,marking  ] GC(810) Concurrent Rebuild Remembered Sets and Scrub Regions 20.419ms
[360.434s][info][gc,start    ] GC(810) Pause Cleanup
[360.434s][info][gc          ] GC(810) Pause Cleanup 99M->99M(256M) 0.041ms
[360.434s][info][gc,cpu      ] GC(810) User=0.00s Sys=0.00s Real=0.00s
[360.434s][info][gc,marking  ] GC(810) Concurrent Clear Claimed Marks
[360.434s][info][gc,marking  ] GC(810) Concurrent Clear Claimed Marks 0.031ms
[360.434s][info][gc,marking  ] GC(810) Concurrent Cleanup for Next Mark
[360.435s][info][gc,marking  ] GC(810) Concurrent Cleanup for Next Mark 0.729ms
[360.435s][info][gc          ] GC(810) Concurrent Mark Cycle 79.892ms
[360.629s][info][gc,start    ] GC(811) Pause Young (Prepare Mixed) (G1 Evacuation Pause)
[360.629s][info][gc,task     ] GC(811) Using 2 workers of 2 for evacuation
[360.643s][info][gc,phases   ] GC(811)   Pre Evacuate Collection Set: 0.16ms
[360.643s][info][gc,phases   ] GC(811)   Merge Heap Roots: 0.06ms
[360.643s][info][gc,phases   ] GC(811)   Evacuate Collection Set: 13.22ms
[360.643s][info][gc,phases   ] GC(811)   Post Evacuate Collection Set: 0.39ms
[360.643s][info][gc,phases   ] GC(811)   Other: 0.08ms
[360.643s][info][gc,heap     ] GC(811) Eden regions: 101->0(113)
[360.643s][info][gc,heap     ] GC(811) Survivor regions: 6->14(14)
[360.643s][info][gc,heap     ] GC(811) Old regions: 64->64
[360.643s][info][gc,heap     ] GC(811) Humongous regions: 3->3
[360.643s][info][gc,metaspace] GC(811) Metaspace: 42892K(43264K)->42892K(43264K) NonClass: 40072K(40320K)->40072K(40320K) Class: 2819K(2944K)->2819K(2944K)
[360.643s][info][gc          ] GC(811) Pause Young (Prepare Mixed) (G1 Evacuation Pause) 173M->81M(256M) 14.132ms
[360.643s][info][gc,cpu      ] GC(811) User=0.02s Sys=0.00s Real=0.02s
[360.899s][info][gc,start    ] GC(812) Pause Young (Mixed) (G1 Evacuation Pause)
[360.899s][info][gc,task     ] GC(812) Using 2 workers of 2 for evacuation
[360.928s][info][gc,phases   ] GC(812)   Pre Evacuate Collection Set: 0.18ms
[360.928s][info][gc,phases   ] GC(812)   Merge Heap Roots: 0.15ms
[360.928s][info][gc,phases   ] GC(812)   Evacuate Collection Set: 28.30ms
[360.928s][info][gc,phases   ] GC(812)   Post Evacuate Collection Set: 0.41ms
[360.928s][info][gc,phases   ] GC(812)   Other: 0.08ms
[360.928s][info][gc,heap     ] GC(812) Eden regions: 113->0(119)
[360.928s][info][gc,heap     ] GC(812) Survivor regions: 14->14(16)
[360.928s][info][gc,heap     ] GC(812) Old regions: 64->60
[360.928s][info][gc,heap     ] GC(812) Humongous regions: 4->4
[360.928s][info][gc,metaspace] GC(812) Metaspace: 42892K(43264K)->42892K(43264K) NonClass: 40072K(40320K)->40072K(40320K) Class: 2819K(2944K)->2819K(2944K)
[360.928s][info][gc          ] GC(812) Pause Young (Mixed) (G1 Evacuation Pause) 195M->77M(256M) 29.334ms
[360.928s][info][gc,cpu      ] GC(812) User=0.05s Sys=0.00s Real=0.03s
[361.063s][info][gc,start    ] GC(813) Pause Young (Concurrent Start) (G1 Humongous Allocation)
[361.063s][info][gc,task     ] GC(813) Using 2 workers of 2 for evacuation
[361.080s][info][gc,phases   ] GC(813)   Pre Evacuate Collection Set: 0.17ms
[361.080s][info][gc,phases   ] GC(813)   Merge Heap Roots: 0.05ms
[361.080s][info][gc,phases   ] GC(813)   Evacuate Collection Set: 16.68ms
[361.080s][info][gc,phases   ] GC(813)   Post Evacuate Collection Set: 0.33ms
[361.080s][info][gc,phases   ] GC(813)   Other: 0.10ms
[361.080s][info][gc,heap     ] GC(813) Eden regions: 58->0(118)
[361.080s][info][gc,heap     ] GC(813) Survivor regions: 14->7(17)
[361.080s][info][gc,heap     ] GC(813) Old regions: 60->74
[361.080s][info][gc,heap     ] GC(813) Humongous regions: 4->4
[361.080s][info][gc,metaspace] GC(813) Metaspace: 42892K(43264K)->42892K(43264K) NonClass: 40072K(40320K)->40072K(40320K) Class: 2819K(2944K)->2819K(2944K)
[361.080s][info][gc          ] GC(813) Pause Young (Concurrent Start) (G1 Humongous Allocation) 135M->84M(256M) 17.545ms
[361.080s][info][gc,cpu      ] GC(813) User=0.04s Sys=0.00s Real=0.01s
[361.080s][info][gc          ] GC(814) Concurrent Mark Cycle
[361.080s][info][gc,marking  ] GC(814) Concurrent Scan Root Regions
[361.094s][info][gc,marking  ] GC(814) Concurrent Scan Root Regions 13.434ms
[361.094s][info][gc,marking  ] GC(814) Concurrent Mark
[361.094s][info][gc,marking  ] GC(814) Concurrent Mark From Roots
[361.094s][info][gc,task     ] GC(814) Using 1 workers of 1 for marking
[361.142s][info][gc,marking  ] GC(814) Concurrent Mark From Roots 48.370ms
[361.142s][info][gc,marking  ] GC(814) Concurrent Preclean
[361.142s][info][gc,marking  ] GC(814) Concurrent Preclean 0.035ms
[361.142s][info][gc,start    ] GC(814) Pause Remark
[361.158s][info][gc          ] GC(814) Pause Remark 108M->102M(256M) 16.148ms
[361.158s][info][gc,cpu      ] GC(814) User=0.03s Sys=0.00s Real=0.01s
[361.160s][info][gc,marking  ] GC(814) Concurrent Mark 66.478ms
[361.160s][info][gc,marking  ] GC(814) Concurrent Rebuild Remembered Sets and Scrub Regions
[361.195s][info][gc,marking  ] GC(814) Concurrent Rebuild Remembered Sets and Scrub Regions 34.709ms
[361.195s][info][gc,start    ] GC(814) Pause Cleanup
[361.195s][info][gc          ] GC(814) Pause Cleanup 117M->117M(256M) 0.044ms
[361.195s][info][gc,cpu      ] GC(814) User=0.00s Sys=0.00s Real=0.00s
[361.195s][info][gc,marking  ] GC(814) Concurrent Clear Claimed Marks
[361.195s][info][gc,marking  ] GC(814) Concurrent Clear Claimed Marks 0.034ms
[361.195s][info][gc,marking  ] GC(814) Concurrent Cleanup for Next Mark
[361.196s][info][gc,marking  ] GC(814) Concurrent Cleanup for Next Mark 0.768ms
[361.196s][info][gc          ] GC(814) Concurrent Mark Cycle 115.982ms
[361.379s][info][gc,start    ] GC(815) Pause Young (Prepare Mixed) (G1 Evacuation Pause)
[361.379s][info][gc,task     ] GC(815) Using 2 workers of 2 for evacuation
[361.403s][info][gc,phases   ] GC(815)   Pre Evacuate Collection Set: 0.15ms
[361.403s][info][gc,phases   ] GC(815)   Merge Heap Roots: 0.10ms
[361.403s][info][gc,phases   ] GC(815)   Evacuate Collection Set: 23.72ms
[361.403s][info][gc,phases   ] GC(815)   Post Evacuate Collection Set: 0.39ms
[361.403s][info][gc,phases   ] GC(815)   Other: 0.07ms
[361.403s][info][gc,heap     ] GC(815) Eden regions: 118->0(115)
[361.403s][info][gc,heap     ] GC(815) Survivor regions: 7->16(16)
[361.403s][info][gc,heap     ] GC(815) Old regions: 68->72
[361.403s][info][gc,heap     ] GC(815) Humongous regions: 6->6
[361.403s][info][gc,metaspace] GC(815) Metaspace: 42892K(43264K)->42892K(43264K) NonClass: 40072K(40320K)->40072K(40320K) Class: 2819K(2944K)->2819K(2944K)
[361.403s][info][gc          ] GC(815) Pause Young (Prepare Mixed) (G1 Evacuation Pause) 198M->94M(256M) 24.622ms
[361.403s][info][gc,cpu      ] GC(815) User=0.05s Sys=0.00s Real=0.03s
[361.663s][info][gc,start    ] GC(816) Pause Young (Mixed) (G1 Evacuation Pause)
[361.663s][info][gc,task     ] GC(816) Using 2 workers of 2 for evacuation
[361.702s][info][gc,phases   ] GC(816)   Pre Evacuate Collection Set: 0.17ms
[361.702s][info][gc,phases   ] GC(816)   Merge Heap Roots: 0.22ms
[361.702s][info][gc,phases   ] GC(816)   Evacuate Collection Set: 38.16ms
[361.702s][info][gc,phases   ] GC(816)   Post Evacuate Collection Set: 0.41ms
[361.702s][info][gc,phases   ] GC(816)   Other: 0.07ms
[361.702s][info][gc,heap     ] GC(816) Eden regions: 115->0(111)
[361.702s][info][gc,heap     ] GC(816) Survivor regions: 16->14(17)
[361.702s][info][gc,heap     ] GC(816) Old regions: 72->83
[361.702s][info][gc,heap     ] GC(816) Humongous regions: 6->6
[361.702s][info][gc,metaspace] GC(816) Metaspace: 42892K(43264K)->42892K(43264K) NonClass: 40072K(40320K)->40072K(40320K) Class: 2819K(2944K)->2819K(2944K)
[361.702s][info][gc          ] GC(816) Pause Young (Mixed) (G1 Evacuation Pause) 209M->102M(256M) 39.236ms
[361.702s][info][gc,cpu      ] GC(816) User=0.07s Sys=0.00s Real=0.04s
[361.803s][info][gc,start    ] GC(817) Pause Young (Concurrent Start) (G1 Humongous Allocation)
[361.803s][info][gc,task     ] GC(817) Using 2 workers of 2 for evacuation
[361.823s][info][gc,phases   ] GC(817)   Pre Evacuate Collection Set: 0.18ms
[361.823s][info][gc,phases   ] GC(817)   Merge Heap Roots: 0.06ms
[361.823s][info][gc,phases   ] GC(817)   Evacuate Collection Set: 18.21ms
[361.823s][info][gc,phases   ] GC(817)   Post Evacuate Collection Set: 1.17ms
[361.823s][info][gc,phases   ] GC(817)   Other: 0.14ms
[361.823s][info][gc,heap     ] GC(817) Eden regions: 41->0(189)
[361.823s][info][gc,heap     ] GC(817) Survivor regions: 14->5(16)
[361.823s][info][gc,heap     ] GC(817) Old regions: 83->97
[361.823s][info][gc,heap     ] GC(817) Humongous regions: 6->6
[361.823s][info][gc,metaspace] GC(817) Metaspace: 42892K(43264K)->42892K(43264K) NonClass: 40072K(40320K)->40072K(40320K) Class: 2819K(2944K)->2819K(2944K)
[361.823s][info][gc          ] GC(817) Pause Young (Concurrent Start) (G1 Humongous Allocation) 143M->107M(376M) 19.941ms
[361.823s][info][gc          ] GC(818) Concurrent Mark Cycle
[361.823s][info][gc,marking  ] GC(818) Concurrent Scan Root Regions
[361.824s][info][gc,cpu      ] GC(817) User=0.04s Sys=0.00s Real=0.02s
[361.838s][info][gc,marking  ] GC(818) Concurrent Scan Root Regions 15.003ms
[361.838s][info][gc,marking  ] GC(818) Concurrent Mark
[361.838s][info][gc,marking  ] GC(818) Concurrent Mark From Roots
[361.838s][info][gc,task     ] GC(818) Using 1 workers of 1 for marking
[361.933s][info][gc,marking  ] GC(818) Concurrent Mark From Roots 94.912ms
[361.933s][info][gc,marking  ] GC(818) Concurrent Preclean
[361.933s][info][gc,marking  ] GC(818) Concurrent Preclean 0.039ms
[361.933s][info][gc,start    ] GC(818) Pause Remark
[361.948s][info][gc          ] GC(818) Pause Remark 133M->132M(370M) 14.664ms
[361.948s][info][gc,cpu      ] GC(818) User=0.02s Sys=0.00s Real=0.01s
[361.948s][info][gc,marking  ] GC(818) Concurrent Mark 109.913ms
[361.948s][info][gc,marking  ] GC(818) Concurrent Rebuild Remembered Sets and Scrub Regions
[362.006s][info][gc,marking  ] GC(818) Concurrent Rebuild Remembered Sets and Scrub Regions 57.766ms
[362.006s][info][gc,start    ] GC(818) Pause Cleanup
[362.006s][info][gc          ] GC(818) Pause Cleanup 150M->150M(370M) 0.048ms
[362.006s][info][gc,cpu      ] GC(818) User=0.00s Sys=0.00s Real=0.00s
[362.006s][info][gc,marking  ] GC(818) Concurrent Clear Claimed Marks
[362.006s][info][gc,marking  ] GC(818) Concurrent Clear Claimed Marks 0.038ms
[362.006s][info][gc,marking  ] GC(818) Concurrent Cleanup for Next Mark
[362.008s][info][gc,marking  ] GC(818) Concurrent Cleanup for Next Mark 2.179ms
[362.009s][info][gc          ] GC(818) Concurrent Mark Cycle 185.254ms
[362.875s][info][gc,start    ] GC(819) Pause Young (Prepare Mixed) (G1 Evacuation Pause)
[362.875s][info][gc,task     ] GC(819) Using 2 workers of 2 for evacuation
[362.935s][info][gc,phases   ] GC(819)   Pre Evacuate Collection Set: 0.22ms
[362.935s][info][gc,phases   ] GC(819)   Merge Heap Roots: 0.16ms
[362.935s][info][gc,phases   ] GC(819)   Evacuate Collection Set: 58.63ms
[362.935s][info][gc,phases   ] GC(819)   Post Evacuate Collection Set: 0.58ms
[362.935s][info][gc,phases   ] GC(819)   Other: 0.08ms
[362.935s][info][gc,heap     ] GC(819) Eden regions: 189->0(138)
[362.935s][info][gc,heap     ] GC(819) Survivor regions: 5->25(25)
[362.935s][info][gc,heap     ] GC(819) Old regions: 97->119
[362.935s][info][gc,heap     ] GC(819) Humongous regions: 17->17
[362.935s][info][gc,metaspace] GC(819) Metaspace: 42892K(43264K)->42892K(43264K) NonClass: 40072K(40320K)->40072K(40320K) Class: 2819K(2944K)->2819K(2944K)
[362.935s][info][gc          ] GC(819) Pause Young (Prepare Mixed) (G1 Evacuation Pause) 307M->160M(370M) 59.898ms
[362.935s][info][gc,cpu      ] GC(819) User=0.12s Sys=0.00s Real=0.06s
[363.809s][info][gc,start    ] GC(820) Pause Young (Mixed) (G1 Evacuation Pause)
[363.809s][info][gc,task     ] GC(820) Using 2 workers of 2 for evacuation
[363.865s][info][gc,phases   ] GC(820)   Pre Evacuate Collection Set: 0.20ms
[363.865s][info][gc,phases   ] GC(820)   Merge Heap Roots: 0.28ms
[363.865s][info][gc,phases   ] GC(820)   Evacuate Collection Set: 54.44ms
[363.865s][info][gc,phases   ] GC(820)   Post Evacuate Collection Set: 0.69ms
[363.865s][info][gc,phases   ] GC(820)   Other: 0.07ms
[363.865s][info][gc,heap     ] GC(820) Eden regions: 138->0(142)
[363.865s][info][gc,heap     ] GC(820) Survivor regions: 25->9(21)
[363.865s][info][gc,heap     ] GC(820) Old regions: 119->140
[363.865s][info][gc,heap     ] GC(820) Humongous regions: 17->15
[363.865s][info][gc,metaspace] GC(820) Metaspace: 42892K(43264K)->42892K(43264K) NonClass: 40072K(40320K)->40072K(40320K) Class: 2819K(2944K)->2819K(2944K)
[363.865s][info][gc          ] GC(820) Pause Young (Mixed) (G1 Evacuation Pause) 298M->162M(370M) 55.930ms
[363.865s][info][gc,cpu      ] GC(820) User=0.11s Sys=0.00s Real=0.06s
[364.482s][info][gc,start    ] GC(821) Pause Young (Concurrent Start) (G1 Evacuation Pause)
[364.483s][info][gc,task     ] GC(821) Using 2 workers of 2 for evacuation
[364.496s][info][gc,phases   ] GC(821)   Pre Evacuate Collection Set: 0.23ms
[364.496s][info][gc,phases   ] GC(821)   Merge Heap Roots: 0.08ms
[364.496s][info][gc,phases   ] GC(821)   Evacuate Collection Set: 12.37ms
[364.496s][info][gc,phases   ] GC(821)   Post Evacuate Collection Set: 0.40ms
[364.496s][info][gc,phases   ] GC(821)   Other: 0.10ms
[364.496s][info][gc,heap     ] GC(821) Eden regions: 142->0(144)
[364.496s][info][gc,heap     ] GC(821) Survivor regions: 9->15(19)
[364.496s][info][gc,heap     ] GC(821) Old regions: 140->140
[364.496s][info][gc,heap     ] GC(821) Humongous regions: 15->15
[364.496s][info][gc,metaspace] GC(821) Metaspace: 42892K(43264K)->42892K(43264K) NonClass: 40072K(40320K)->40072K(40320K) Class: 2819K(2944K)->2819K(2944K)
[364.496s][info][gc          ] GC(821) Pause Young (Concurrent Start) (G1 Evacuation Pause) 304M->168M(370M) 13.412ms
[364.496s][info][gc,cpu      ] GC(821) User=0.03s Sys=0.00s Real=0.01s
[364.496s][info][gc          ] GC(822) Concurrent Mark Cycle
[364.496s][info][gc,marking  ] GC(822) Concurrent Scan Root Regions
[364.504s][info][gc,marking  ] GC(822) Concurrent Scan Root Regions 7.823ms
[364.504s][info][gc,marking  ] GC(822) Concurrent Mark
[364.504s][info][gc,marking  ] GC(822) Concurrent Mark From Roots
[364.504s][info][gc,task     ] GC(822) Using 1 workers of 1 for marking
[364.538s][info][gc,marking  ] GC(822) Concurrent Mark From Roots 33.523ms
[364.538s][info][gc,marking  ] GC(822) Concurrent Preclean
[364.538s][info][gc,marking  ] GC(822) Concurrent Preclean 0.030ms
[364.538s][info][gc,start    ] GC(822) Pause Remark
[364.553s][info][gc          ] GC(822) Pause Remark 176M->71M(256M) 14.925ms
[364.553s][info][gc,cpu      ] GC(822) User=0.03s Sys=0.00s Real=0.02s
[364.553s][info][gc,marking  ] GC(822) Concurrent Mark 48.986ms
[364.553s][info][gc,marking  ] GC(822) Concurrent Rebuild Remembered Sets and Scrub Regions
[364.566s][info][gc,marking  ] GC(822) Concurrent Rebuild Remembered Sets and Scrub Regions 12.698ms
[364.566s][info][gc,start    ] GC(822) Pause Cleanup
[364.566s][info][gc          ] GC(822) Pause Cleanup 73M->73M(256M) 0.039ms
[364.566s][info][gc,cpu      ] GC(822) User=0.00s Sys=0.00s Real=0.00s
[364.566s][info][gc,marking  ] GC(822) Concurrent Clear Claimed Marks
[364.566s][info][gc,marking  ] GC(822) Concurrent Clear Claimed Marks 0.030ms
[364.566s][info][gc,marking  ] GC(822) Concurrent Cleanup for Next Mark
[364.567s][info][gc,marking  ] GC(822) Concurrent Cleanup for Next Mark 0.740ms
[364.567s][info][gc          ] GC(822) Concurrent Mark Cycle 70.779ms
[365.242s][info][gc,start    ] GC(823) Pause Young (Prepare Mixed) (G1 Evacuation Pause)
[365.242s][info][gc,task     ] GC(823) Using 2 workers of 2 for evacuation
[365.246s][info][gc,phases   ] GC(823)   Pre Evacuate Collection Set: 0.17ms
[365.246s][info][gc,phases   ] GC(823)   Merge Heap Roots: 0.09ms
[365.246s][info][gc,phases   ] GC(823)   Evacuate Collection Set: 3.82ms
[365.246s][info][gc,phases   ] GC(823)   Post Evacuate Collection Set: 0.37ms
[365.246s][info][gc,phases   ] GC(823)   Other: 0.07ms
[365.246s][info][gc,heap     ] GC(823) Eden regions: 138->0(148)
[365.247s][info][gc,heap     ] GC(823) Survivor regions: 15->5(20)
[365.247s][info][gc,heap     ] GC(823) Old regions: 48->50
[365.247s][info][gc,heap     ] GC(823) Humongous regions: 1->1
[365.247s][info][gc,metaspace] GC(823) Metaspace: 42892K(43264K)->42892K(43264K) NonClass: 40072K(40320K)->40072K(40320K) Class: 2819K(2944K)->2819K(2944K)
[365.247s][info][gc          ] GC(823) Pause Young (Prepare Mixed) (G1 Evacuation Pause) 201M->55M(256M) 4.688ms
[365.247s][info][gc,cpu      ] GC(823) User=0.01s Sys=0.01s Real=0.00s
[366.046s][info][gc,start    ] GC(824) Pause Young (Mixed) (G1 Evacuation Pause)
[366.046s][info][gc,task     ] GC(824) Using 2 workers of 2 for evacuation
[366.065s][info][gc,phases   ] GC(824)   Pre Evacuate Collection Set: 0.17ms
[366.065s][info][gc,phases   ] GC(824)   Merge Heap Roots: 0.07ms
[366.065s][info][gc,phases   ] GC(824)   Evacuate Collection Set: 17.95ms
[366.065s][info][gc,phases   ] GC(824)   Post Evacuate Collection Set: 0.44ms
[366.065s][info][gc,phases   ] GC(824)   Other: 0.07ms
[366.065s][info][gc,heap     ] GC(824) Eden regions: 148->0(133)
[366.065s][info][gc,heap     ] GC(824) Survivor regions: 5->20(20)
[366.065s][info][gc,heap     ] GC(824) Old regions: 50->45
[366.065s][info][gc,heap     ] GC(824) Humongous regions: 1->1
[366.065s][info][gc,metaspace] GC(824) Metaspace: 42892K(43264K)->42892K(43264K) NonClass: 40072K(40320K)->40072K(40320K) Class: 2819K(2944K)->2819K(2944K)
[366.065s][info][gc          ] GC(824) Pause Young (Mixed) (G1 Evacuation Pause) 203M->65M(256M) 18.916ms
[366.065s][info][gc,cpu      ] GC(824) User=0.03s Sys=0.00s Real=0.02s
[366.793s][info][gc,start    ] GC(825) Pause Young (Concurrent Start) (G1 Evacuation Pause)
[366.793s][info][gc,task     ] GC(825) Using 2 workers of 2 for evacuation
[366.820s][info][gc,phases   ] GC(825)   Pre Evacuate Collection Set: 0.15ms
[366.820s][info][gc,phases   ] GC(825)   Merge Heap Roots: 0.06ms
[366.820s][info][gc,phases   ] GC(825)   Evacuate Collection Set: 25.37ms
[366.820s][info][gc,phases   ] GC(825)   Post Evacuate Collection Set: 0.40ms
[366.820s][info][gc,phases   ] GC(825)   Other: 0.09ms
[366.820s][info][gc,heap     ] GC(825) Eden regions: 133->0(137)
[366.820s][info][gc,heap     ] GC(825) Survivor regions: 20->12(20)
[366.820s][info][gc,heap     ] GC(825) Old regions: 45->66
[366.820s][info][gc,heap     ] GC(825) Humongous regions: 1->1
[366.820s][info][gc,metaspace] GC(825) Metaspace: 42892K(43264K)->42892K(43264K) NonClass: 40072K(40320K)->40072K(40320K) Class: 2819K(2944K)->2819K(2944K)
[366.820s][info][gc          ] GC(825) Pause Young (Concurrent Start) (G1 Evacuation Pause) 198M->78M(256M) 26.307ms
[366.820s][info][gc,cpu      ] GC(825) User=0.05s Sys=0.00s Real=0.02s
[366.820s][info][gc          ] GC(826) Concurrent Mark Cycle
[366.820s][info][gc,marking  ] GC(826) Concurrent Scan Root Regions
[366.841s][info][gc,marking  ] GC(826) Concurrent Scan Root Regions 21.561ms
[366.841s][info][gc,marking  ] GC(826) Concurrent Mark
[366.841s][info][gc,marking  ] GC(826) Concurrent Mark From Roots
[366.841s][info][gc,task     ] GC(826) Using 1 workers of 1 for marking
[366.877s][info][gc,marking  ] GC(826) Concurrent Mark From Roots 35.390ms
[366.877s][info][gc,marking  ] GC(826) Concurrent Preclean
[366.877s][info][gc,marking  ] GC(826) Concurrent Preclean 0.034ms
[366.877s][info][gc,start    ] GC(826) Pause Remark
[366.892s][info][gc          ] GC(826) Pause Remark 86M->86M(256M) 14.687ms
[366.892s][info][gc,cpu      ] GC(826) User=0.03s Sys=0.00s Real=0.01s
[366.892s][info][gc,marking  ] GC(826) Concurrent Mark 50.282ms
[366.892s][info][gc,marking  ] GC(826) Concurrent Rebuild Remembered Sets and Scrub Regions
[366.919s][info][gc,marking  ] GC(826) Concurrent Rebuild Remembered Sets and Scrub Regions 27.240ms
[366.919s][info][gc,start    ] GC(826) Pause Cleanup
[366.919s][info][gc          ] GC(826) Pause Cleanup 91M->91M(256M) 0.041ms
[366.919s][info][gc,cpu      ] GC(826) User=0.00s Sys=0.00s Real=0.00s
[366.919s][info][gc,marking  ] GC(826) Concurrent Clear Claimed Marks
[366.919s][info][gc,marking  ] GC(826) Concurrent Clear Claimed Marks 0.033ms
[366.919s][info][gc,marking  ] GC(826) Concurrent Cleanup for Next Mark
[366.920s][info][gc,marking  ] GC(826) Concurrent Cleanup for Next Mark 0.766ms
[366.920s][info][gc          ] GC(826) Concurrent Mark Cycle 100.204ms
[367.598s][info][gc,start    ] GC(827) Pause Young (Prepare Mixed) (G1 Evacuation Pause)
[367.598s][info][gc,task     ] GC(827) Using 2 workers of 2 for evacuation
[367.612s][info][gc,phases   ] GC(827)   Pre Evacuate Collection Set: 0.16ms
[367.612s][info][gc,phases   ] GC(827)   Merge Heap Roots: 0.07ms
[367.612s][info][gc,phases   ] GC(827)   Evacuate Collection Set: 13.72ms
[367.612s][info][gc,phases   ] GC(827)   Post Evacuate Collection Set: 0.36ms
[367.612s][info][gc,phases   ] GC(827)   Other: 0.07ms
[367.612s][info][gc,heap     ] GC(827) Eden regions: 137->0(134)
[367.612s][info][gc,heap     ] GC(827) Survivor regions: 12->14(19)
[367.612s][info][gc,heap     ] GC(827) Old regions: 66->67
[367.612s][info][gc,heap     ] GC(827) Humongous regions: 2->2
[367.612s][info][gc,metaspace] GC(827) Metaspace: 42892K(43264K)->42892K(43264K) NonClass: 40072K(40320K)->40072K(40320K) Class: 2819K(2944K)->2819K(2944K)
[367.612s][info][gc          ] GC(827) Pause Young (Prepare Mixed) (G1 Evacuation Pause) 216M->82M(256M) 14.560ms
[367.612s][info][gc,cpu      ] GC(827) User=0.03s Sys=0.00s Real=0.02s
[368.415s][info][gc,start    ] GC(828) Pause Young (Mixed) (G1 Evacuation Pause)
[368.415s][info][gc,task     ] GC(828) Using 2 workers of 2 for evacuation
[368.443s][info][gc,phases   ] GC(828)   Pre Evacuate Collection Set: 0.16ms
[368.443s][info][gc,phases   ] GC(828)   Merge Heap Roots: 0.12ms
[368.443s][info][gc,phases   ] GC(828)   Evacuate Collection Set: 26.97ms
[368.443s][info][gc,phases   ] GC(828)   Post Evacuate Collection Set: 0.51ms
[368.443s][info][gc,phases   ] GC(828)   Other: 0.08ms
[368.443s][info][gc,heap     ] GC(828) Eden regions: 134->0(129)
[368.443s][info][gc,heap     ] GC(828) Survivor regions: 14->14(19)
[368.443s][info][gc,heap     ] GC(828) Old regions: 67->74
[368.443s][info][gc,heap     ] GC(828) Humongous regions: 2->2
[368.443s][info][gc,metaspace] GC(828) Metaspace: 42892K(43264K)->42892K(43264K) NonClass: 40072K(40320K)->40072K(40320K) Class: 2819K(2944K)->2819K(2944K)
[368.443s][info][gc          ] GC(828) Pause Young (Mixed) (G1 Evacuation Pause) 216M->89M(256M) 28.027ms
[368.443s][info][gc,cpu      ] GC(828) User=0.05s Sys=0.00s Real=0.03s
[368.667s][info][gc,start    ] GC(829) Pause Young (Concurrent Start) (G1 Humongous Allocation)
[368.667s][info][gc,task     ] GC(829) Using 2 workers of 2 for evacuation
[368.688s][info][gc,phases   ] GC(829)   Pre Evacuate Collection Set: 0.19ms
[368.688s][info][gc,phases   ] GC(829)   Merge Heap Roots: 0.06ms
[368.688s][info][gc,phases   ] GC(829)   Evacuate Collection Set: 20.37ms
[368.688s][info][gc,phases   ] GC(829)   Post Evacuate Collection Set: 0.35ms
[368.688s][info][gc,phases   ] GC(829)   Other: 0.12ms
[368.688s][info][gc,heap     ] GC(829) Eden regions: 53->0(118)
[368.688s][info][gc,heap     ] GC(829) Survivor regions: 14->9(18)
[368.688s][info][gc,heap     ] GC(829) Old regions: 74->86
[368.688s][info][gc,heap     ] GC(829) Humongous regions: 2->2
[368.688s][info][gc,metaspace] GC(829) Metaspace: 42897K(43264K)->42897K(43264K) NonClass: 40078K(40320K)->40078K(40320K) Class: 2819K(2944K)->2819K(2944K)
[368.688s][info][gc          ] GC(829) Pause Young (Concurrent Start) (G1 Humongous Allocation) 141M->96M(256M) 21.311ms
[368.688s][info][gc,cpu      ] GC(829) User=0.03s Sys=0.00s Real=0.02s
[368.688s][info][gc          ] GC(830) Concurrent Mark Cycle
[368.688s][info][gc,marking  ] GC(830) Concurrent Scan Root Regions
[368.702s][info][gc,marking  ] GC(830) Concurrent Scan Root Regions 13.681ms
[368.702s][info][gc,marking  ] GC(830) Concurrent Mark
[368.702s][info][gc,marking  ] GC(830) Concurrent Mark From Roots
[368.702s][info][gc,task     ] GC(830) Using 1 workers of 1 for marking
[368.737s][info][gc,marking  ] GC(830) Concurrent Mark From Roots 34.746ms
[368.737s][info][gc,marking  ] GC(830) Concurrent Preclean
[368.737s][info][gc,marking  ] GC(830) Concurrent Preclean 0.046ms
[368.737s][info][gc,start    ] GC(830) Pause Remark
[368.751s][info][gc          ] GC(830) Pause Remark 106M->88M(256M) 14.489ms
[368.751s][info][gc,cpu      ] GC(830) User=0.03s Sys=0.00s Real=0.01s
[368.752s][info][gc,marking  ] GC(830) Concurrent Mark 49.717ms
[368.752s][info][gc,marking  ] GC(830) Concurrent Rebuild Remembered Sets and Scrub Regions
[368.776s][info][gc,marking  ] GC(830) Concurrent Rebuild Remembered Sets and Scrub Regions 24.729ms
[368.776s][info][gc,start    ] GC(830) Pause Cleanup
[368.776s][info][gc          ] GC(830) Pause Cleanup 96M->96M(256M) 0.048ms
[368.776s][info][gc,cpu      ] GC(830) User=0.00s Sys=0.00s Real=0.00s
[368.777s][info][gc,marking  ] GC(830) Concurrent Clear Claimed Marks
[368.777s][info][gc,marking  ] GC(830) Concurrent Clear Claimed Marks 0.034ms
[368.777s][info][gc,marking  ] GC(830) Concurrent Cleanup for Next Mark
[368.777s][info][gc,marking  ] GC(830) Concurrent Cleanup for Next Mark 0.836ms
[368.777s][info][gc          ] GC(830) Concurrent Mark Cycle 89.490ms
[369.173s][info][gc,start    ] GC(831) Pause Young (Prepare Mixed) (G1 Evacuation Pause)
[369.173s][info][gc,task     ] GC(831) Using 2 workers of 2 for evacuation
[369.179s][info][gc,phases   ] GC(831)   Pre Evacuate Collection Set: 0.18ms
[369.179s][info][gc,phases   ] GC(831)   Merge Heap Roots: 0.06ms
[369.179s][info][gc,phases   ] GC(831)   Evacuate Collection Set: 5.36ms
[369.179s][info][gc,phases   ] GC(831)   Post Evacuate Collection Set: 0.42ms
[369.179s][info][gc,phases   ] GC(831)   Other: 0.07ms
[369.179s][info][gc,heap     ] GC(831) Eden regions: 118->0(137)
[369.179s][info][gc,heap     ] GC(831) Survivor regions: 9->8(16)
[369.179s][info][gc,heap     ] GC(831) Old regions: 69->69
[369.179s][info][gc,heap     ] GC(831) Humongous regions: 9->3
[369.179s][info][gc,metaspace] GC(831) Metaspace: 42898K(43264K)->42898K(43264K) NonClass: 40078K(40320K)->40078K(40320K) Class: 2819K(2944K)->2819K(2944K)
[369.179s][info][gc          ] GC(831) Pause Young (Prepare Mixed) (G1 Evacuation Pause) 203M->79M(256M) 6.247ms
[369.179s][info][gc,cpu      ] GC(831) User=0.01s Sys=0.00s Real=0.00s
[369.691s][info][gc,start    ] GC(832) Pause Young (Mixed) (G1 Evacuation Pause)
[369.691s][info][gc,task     ] GC(832) Using 2 workers of 2 for evacuation
[369.707s][info][gc,phases   ] GC(832)   Pre Evacuate Collection Set: 0.17ms
[369.707s][info][gc,phases   ] GC(832)   Merge Heap Roots: 0.12ms
[369.707s][info][gc,phases   ] GC(832)   Evacuate Collection Set: 15.43ms
[369.707s][info][gc,phases   ] GC(832)   Post Evacuate Collection Set: 0.48ms
[369.707s][info][gc,phases   ] GC(832)   Other: 0.08ms
[369.707s][info][gc,heap     ] GC(832) Eden regions: 137->0(135)
[369.707s][info][gc,heap     ] GC(832) Survivor regions: 8->18(19)
[369.707s][info][gc,heap     ] GC(832) Old regions: 69->49
[369.707s][info][gc,heap     ] GC(832) Humongous regions: 16->3
[369.707s][info][gc,metaspace] GC(832) Metaspace: 42919K(43264K)->42919K(43264K) NonClass: 40099K(40320K)->40099K(40320K) Class: 2819K(2944K)->2819K(2944K)
[369.707s][info][gc          ] GC(832) Pause Young (Mixed) (G1 Evacuation Pause) 229M->69M(256M) 16.477ms
[369.707s][info][gc,cpu      ] GC(832) User=0.03s Sys=0.00s Real=0.02s
[369.893s][info][gc,start    ] GC(833) Pause Young (Concurrent Start) (G1 Humongous Allocation)
[369.893s][info][gc,task     ] GC(833) Using 2 workers of 2 for evacuation
[369.908s][info][gc,phases   ] GC(833)   Pre Evacuate Collection Set: 0.17ms
[369.908s][info][gc,phases   ] GC(833)   Merge Heap Roots: 0.06ms
[369.908s][info][gc,phases   ] GC(833)   Evacuate Collection Set: 14.62ms
[369.908s][info][gc,phases   ] GC(833)   Post Evacuate Collection Set: 0.34ms
[369.908s][info][gc,phases   ] GC(833)   Other: 0.12ms
[369.908s][info][gc,heap     ] GC(833) Eden regions: 46->0(146)
[369.908s][info][gc,heap     ] GC(833) Survivor regions: 18->6(20)
[369.908s][info][gc,heap     ] GC(833) Old regions: 49->63
[369.908s][info][gc,heap     ] GC(833) Humongous regions: 3->3
[369.908s][info][gc,metaspace] GC(833) Metaspace: 42919K(43264K)->42919K(43264K) NonClass: 40099K(40320K)->40099K(40320K) Class: 2819K(2944K)->2819K(2944K)
[369.908s][info][gc          ] GC(833) Pause Young (Concurrent Start) (G1 Humongous Allocation) 115M->71M(256M) 15.512ms
[369.908s][info][gc,cpu      ] GC(833) User=0.03s Sys=0.00s Real=0.01s
[369.908s][info][gc          ] GC(834) Concurrent Mark Cycle
[369.908s][info][gc,marking  ] GC(834) Concurrent Scan Root Regions
[369.921s][info][gc,marking  ] GC(834) Concurrent Scan Root Regions 12.703ms
[369.921s][info][gc,marking  ] GC(834) Concurrent Mark
[369.921s][info][gc,marking  ] GC(834) Concurrent Mark From Roots
[369.921s][info][gc,task     ] GC(834) Using 1 workers of 1 for marking
[369.964s][info][gc,marking  ] GC(834) Concurrent Mark From Roots 43.467ms
[369.964s][info][gc,marking  ] GC(834) Concurrent Preclean
[369.965s][info][gc,marking  ] GC(834) Concurrent Preclean 0.037ms
[369.965s][info][gc,start    ] GC(834) Pause Remark
[369.980s][info][gc          ] GC(834) Pause Remark 83M->83M(256M) 15.265ms
[369.980s][info][gc,cpu      ] GC(834) User=0.02s Sys=0.01s Real=0.01s
[369.980s][info][gc,marking  ] GC(834) Concurrent Mark 59.045ms
[369.980s][info][gc,marking  ] GC(834) Concurrent Rebuild Remembered Sets and Scrub Regions
[370.009s][info][gc,marking  ] GC(834) Concurrent Rebuild Remembered Sets and Scrub Regions 28.942ms
[370.009s][info][gc,start    ] GC(834) Pause Cleanup
[370.009s][info][gc          ] GC(834) Pause Cleanup 89M->89M(256M) 0.043ms
[370.009s][info][gc,cpu      ] GC(834) User=0.00s Sys=0.00s Real=0.00s
[370.009s][info][gc,marking  ] GC(834) Concurrent Clear Claimed Marks
[370.009s][info][gc,marking  ] GC(834) Concurrent Clear Claimed Marks 0.035ms
[370.009s][info][gc,marking  ] GC(834) Concurrent Cleanup for Next Mark
[370.010s][info][gc,marking  ] GC(834) Concurrent Cleanup for Next Mark 0.764ms
[370.010s][info][gc          ] GC(834) Concurrent Mark Cycle 101.912ms
[370.526s][info][gc,start    ] GC(835) Pause Young (Prepare Mixed) (G1 Evacuation Pause)
[370.526s][info][gc,task     ] GC(835) Using 2 workers of 2 for evacuation
[370.537s][info][gc,phases   ] GC(835)   Pre Evacuate Collection Set: 0.16ms
[370.537s][info][gc,phases   ] GC(835)   Merge Heap Roots: 0.11ms
[370.537s][info][gc,phases   ] GC(835)   Evacuate Collection Set: 10.13ms
[370.537s][info][gc,phases   ] GC(835)   Post Evacuate Collection Set: 0.42ms
[370.537s][info][gc,phases   ] GC(835)   Other: 0.09ms
[370.537s][info][gc,heap     ] GC(835) Eden regions: 146->0(141)
[370.537s][info][gc,heap     ] GC(835) Survivor regions: 6->12(19)
[370.537s][info][gc,heap     ] GC(835) Old regions: 63->63
[370.537s][info][gc,heap     ] GC(835) Humongous regions: 12->3
[370.537s][info][gc,metaspace] GC(835) Metaspace: 42919K(43264K)->42919K(43264K) NonClass: 40099K(40320K)->40099K(40320K) Class: 2819K(2944K)->2819K(2944K)
[370.537s][info][gc          ] GC(835) Pause Young (Prepare Mixed) (G1 Evacuation Pause) 226M->77M(256M) 11.076ms
[370.537s][info][gc,cpu      ] GC(835) User=0.02s Sys=0.00s Real=0.01s
[371.090s][info][gc,start    ] GC(836) Pause Young (Mixed) (G1 Evacuation Pause)
[371.090s][info][gc,task     ] GC(836) Using 2 workers of 2 for evacuation
[371.119s][info][gc,phases   ] GC(836)   Pre Evacuate Collection Set: 0.23ms
[371.119s][info][gc,phases   ] GC(836)   Merge Heap Roots: 0.10ms
[371.119s][info][gc,phases   ] GC(836)   Evacuate Collection Set: 28.47ms
[371.119s][info][gc,phases   ] GC(836)   Post Evacuate Collection Set: 0.46ms
[371.119s][info][gc,phases   ] GC(836)   Other: 0.08ms
[371.119s][info][gc,heap     ] GC(836) Eden regions: 141->0(131)
[371.119s][info][gc,heap     ] GC(836) Survivor regions: 12->20(20)
[371.119s][info][gc,heap     ] GC(836) Old regions: 63->62
[371.119s][info][gc,heap     ] GC(836) Humongous regions: 5->3
[371.119s][info][gc,metaspace] GC(836) Metaspace: 42920K(43264K)->42920K(43264K) NonClass: 40100K(40320K)->40100K(40320K) Class: 2819K(2944K)->2819K(2944K)
[371.119s][info][gc          ] GC(836) Pause Young (Mixed) (G1 Evacuation Pause) 220M->84M(256M) 29.522ms
[371.119s][info][gc,cpu      ] GC(836) User=0.06s Sys=0.00s Real=0.03s
[371.348s][info][gc,start    ] GC(837) Pause Young (Concurrent Start) (G1 Humongous Allocation)
[371.348s][info][gc,task     ] GC(837) Using 2 workers of 2 for evacuation
[371.368s][info][gc,phases   ] GC(837)   Pre Evacuate Collection Set: 0.19ms
[371.369s][info][gc,phases   ] GC(837)   Merge Heap Roots: 0.12ms
[371.369s][info][gc,phases   ] GC(837)   Evacuate Collection Set: 20.06ms
[371.369s][info][gc,phases   ] GC(837)   Post Evacuate Collection Set: 0.34ms
[371.369s][info][gc,phases   ] GC(837)   Other: 0.12ms
[371.369s][info][gc,heap     ] GC(837) Eden regions: 56->0(131)
[371.369s][info][gc,heap     ] GC(837) Survivor regions: 20->7(19)
[371.369s][info][gc,heap     ] GC(837) Old regions: 62->76
[371.369s][info][gc,heap     ] GC(837) Humongous regions: 3->1
[371.369s][info][gc,metaspace] GC(837) Metaspace: 42920K(43264K)->42920K(43264K) NonClass: 40100K(40320K)->40100K(40320K) Class: 2819K(2944K)->2819K(2944K)
[371.369s][info][gc          ] GC(837) Pause Young (Concurrent Start) (G1 Humongous Allocation) 139M->83M(256M) 21.016ms
[371.369s][info][gc          ] GC(838) Concurrent Mark Cycle
[371.369s][info][gc,marking  ] GC(838) Concurrent Scan Root Regions
[371.371s][info][gc,cpu      ] GC(837) User=0.04s Sys=0.00s Real=0.02s
[371.383s][info][gc,marking  ] GC(838) Concurrent Scan Root Regions 14.050ms
[371.383s][info][gc,marking  ] GC(838) Concurrent Mark
[371.383s][info][gc,marking  ] GC(838) Concurrent Mark From Roots
[371.383s][info][gc,task     ] GC(838) Using 1 workers of 1 for marking
[371.446s][info][gc,marking  ] GC(838) Concurrent Mark From Roots 63.012ms
[371.446s][info][gc,marking  ] GC(838) Concurrent Preclean
[371.446s][info][gc,marking  ] GC(838) Concurrent Preclean 0.045ms
[371.446s][info][gc,start    ] GC(838) Pause Remark
[371.461s][info][gc          ] GC(838) Pause Remark 105M->105M(256M) 14.901ms
[371.461s][info][gc,cpu      ] GC(838) User=0.02s Sys=0.00s Real=0.01s
[371.461s][info][gc,marking  ] GC(838) Concurrent Mark 78.207ms
[371.461s][info][gc,marking  ] GC(838) Concurrent Rebuild Remembered Sets and Scrub Regions
[371.499s][info][gc,marking  ] GC(838) Concurrent Rebuild Remembered Sets and Scrub Regions 38.002ms
[371.499s][info][gc,start    ] GC(838) Pause Cleanup
[371.499s][info][gc          ] GC(838) Pause Cleanup 116M->116M(256M) 0.043ms
[371.499s][info][gc,cpu      ] GC(838) User=0.00s Sys=0.00s Real=0.00s
[371.499s][info][gc,marking  ] GC(838) Concurrent Clear Claimed Marks
[371.499s][info][gc,marking  ] GC(838) Concurrent Clear Claimed Marks 0.035ms
[371.499s][info][gc,marking  ] GC(838) Concurrent Cleanup for Next Mark
[371.500s][info][gc,marking  ] GC(838) Concurrent Cleanup for Next Mark 0.782ms
[371.500s][info][gc          ] GC(838) Concurrent Mark Cycle 131.381ms
[371.841s][info][gc,start    ] GC(839) Pause Young (Prepare Mixed) (G1 Evacuation Pause)
[371.841s][info][gc,task     ] GC(839) Using 2 workers of 2 for evacuation
[371.852s][info][gc,phases   ] GC(839)   Pre Evacuate Collection Set: 0.16ms
[371.852s][info][gc,phases   ] GC(839)   Merge Heap Roots: 0.11ms
[371.852s][info][gc,phases   ] GC(839)   Evacuate Collection Set: 10.74ms
[371.852s][info][gc,phases   ] GC(839)   Post Evacuate Collection Set: 0.38ms
[371.852s][info][gc,phases   ] GC(839)   Other: 0.07ms
[371.852s][info][gc,heap     ] GC(839) Eden regions: 131->0(129)
[371.852s][info][gc,heap     ] GC(839) Survivor regions: 7->12(18)
[371.852s][info][gc,heap     ] GC(839) Old regions: 76->76
[371.852s][info][gc,heap     ] GC(839) Humongous regions: 15->3
[371.852s][info][gc,metaspace] GC(839) Metaspace: 42922K(43264K)->42922K(43264K) NonClass: 40102K(40320K)->40102K(40320K) Class: 2819K(2944K)->2819K(2944K)
[371.852s][info][gc          ] GC(839) Pause Young (Prepare Mixed) (G1 Evacuation Pause) 228M->90M(256M) 11.643ms
[371.852s][info][gc,cpu      ] GC(839) User=0.02s Sys=0.00s Real=0.02s
[372.289s][info][gc,start    ] GC(840) Pause Young (Mixed) (G1 Evacuation Pause)
[372.289s][info][gc,task     ] GC(840) Using 2 workers of 2 for evacuation
[372.307s][info][gc,phases   ] GC(840)   Pre Evacuate Collection Set: 0.16ms
[372.307s][info][gc,phases   ] GC(840)   Merge Heap Roots: 0.13ms
[372.307s][info][gc,phases   ] GC(840)   Evacuate Collection Set: 16.81ms
[372.307s][info][gc,phases   ] GC(840)   Post Evacuate Collection Set: 0.41ms
[372.307s][info][gc,phases   ] GC(840)   Other: 0.07ms
[372.307s][info][gc,heap     ] GC(840) Eden regions: 129->0(133)
[372.307s][info][gc,heap     ] GC(840) Survivor regions: 12->8(18)
[372.307s][info][gc,heap     ] GC(840) Old regions: 76->78
[372.307s][info][gc,heap     ] GC(840) Humongous regions: 13->3
[372.307s][info][gc,metaspace] GC(840) Metaspace: 42922K(43264K)->42922K(43264K) NonClass: 40102K(40320K)->40102K(40320K) Class: 2819K(2944K)->2819K(2944K)
[372.307s][info][gc          ] GC(840) Pause Young (Mixed) (G1 Evacuation Pause) 229M->87M(256M) 17.786ms
[372.307s][info][gc,cpu      ] GC(840) User=0.03s Sys=0.00s Real=0.02s
[372.435s][info][gc,start    ] GC(841) Pause Young (Concurrent Start) (G1 Humongous Allocation)
[372.435s][info][gc,task     ] GC(841) Using 2 workers of 2 for evacuation
[372.438s][info][gc,phases   ] GC(841)   Pre Evacuate Collection Set: 0.18ms
[372.438s][info][gc,phases   ] GC(841)   Merge Heap Roots: 0.05ms
[372.438s][info][gc,phases   ] GC(841)   Evacuate Collection Set: 1.86ms
[372.438s][info][gc,phases   ] GC(841)   Post Evacuate Collection Set: 0.30ms
[372.438s][info][gc,phases   ] GC(841)   Other: 0.09ms
[372.438s][info][gc,heap     ] GC(841) Eden regions: 32->0(145)
[372.438s][info][gc,heap     ] GC(841) Survivor regions: 8->2(18)
[372.438s][info][gc,heap     ] GC(841) Old regions: 78->78
[372.438s][info][gc,heap     ] GC(841) Humongous regions: 3->1
[372.438s][info][gc,metaspace] GC(841) Metaspace: 42922K(43264K)->42922K(43264K) NonClass: 40102K(40320K)->40102K(40320K) Class: 2819K(2944K)->2819K(2944K)
[372.438s][info][gc          ] GC(841) Pause Young (Concurrent Start) (G1 Humongous Allocation) 119M->80M(256M) 2.684ms
[372.438s][info][gc,cpu      ] GC(841) User=0.01s Sys=0.00s Real=0.00s
[372.438s][info][gc          ] GC(842) Concurrent Mark Cycle
[372.438s][info][gc,marking  ] GC(842) Concurrent Scan Root Regions
[372.440s][info][gc,marking  ] GC(842) Concurrent Scan Root Regions 1.933ms
[372.440s][info][gc,marking  ] GC(842) Concurrent Mark
[372.440s][info][gc,marking  ] GC(842) Concurrent Mark From Roots
[372.440s][info][gc,task     ] GC(842) Using 1 workers of 1 for marking
[372.485s][info][gc,marking  ] GC(842) Concurrent Mark From Roots 44.921ms
[372.485s][info][gc,marking  ] GC(842) Concurrent Preclean
[372.485s][info][gc,marking  ] GC(842) Concurrent Preclean 0.033ms
[372.485s][info][gc,start    ] GC(842) Pause Remark
[372.500s][info][gc          ] GC(842) Pause Remark 91M->78M(256M) 14.396ms
[372.500s][info][gc,cpu      ] GC(842) User=0.03s Sys=0.00s Real=0.01s
[372.502s][info][gc,marking  ] GC(842) Concurrent Mark 61.737ms
[372.502s][info][gc,marking  ] GC(842) Concurrent Rebuild Remembered Sets and Scrub Regions
[372.522s][info][gc,marking  ] GC(842) Concurrent Rebuild Remembered Sets and Scrub Regions 19.636ms
[372.522s][info][gc,start    ] GC(842) Pause Cleanup
[372.522s][info][gc          ] GC(842) Pause Cleanup 85M->85M(256M) 0.066ms
[372.522s][info][gc,cpu      ] GC(842) User=0.00s Sys=0.00s Real=0.00s
[372.522s][info][gc,marking  ] GC(842) Concurrent Clear Claimed Marks
[372.522s][info][gc,marking  ] GC(842) Concurrent Clear Claimed Marks 0.038ms
[372.522s][info][gc,marking  ] GC(842) Concurrent Cleanup for Next Mark
[372.523s][info][gc,marking  ] GC(842) Concurrent Cleanup for Next Mark 1.612ms
[372.523s][info][gc          ] GC(842) Concurrent Mark Cycle 85.384ms
[373.039s][info][gc,start    ] GC(843) Pause Young (Prepare Mixed) (G1 Evacuation Pause)
[373.039s][info][gc,task     ] GC(843) Using 2 workers of 2 for evacuation
[373.045s][info][gc,phases   ] GC(843)   Pre Evacuate Collection Set: 0.16ms
[373.045s][info][gc,phases   ] GC(843)   Merge Heap Roots: 0.06ms
[373.045s][info][gc,phases   ] GC(843)   Evacuate Collection Set: 5.78ms
[373.045s][info][gc,phases   ] GC(843)   Post Evacuate Collection Set: 0.41ms
[373.045s][info][gc,phases   ] GC(843)   Other: 0.09ms
[373.045s][info][gc,heap     ] GC(843) Eden regions: 145->0(144)
[373.045s][info][gc,heap     ] GC(843) Survivor regions: 2->9(19)
[373.045s][info][gc,heap     ] GC(843) Old regions: 65->65
[373.045s][info][gc,heap     ] GC(843) Humongous regions: 15->3
[373.045s][info][gc,metaspace] GC(843) Metaspace: 42922K(43264K)->42922K(43264K) NonClass: 40102K(40320K)->40102K(40320K) Class: 2819K(2944K)->2819K(2944K)
[373.045s][info][gc          ] GC(843) Pause Young (Prepare Mixed) (G1 Evacuation Pause) 226M->76M(256M) 6.686ms
[373.045s][info][gc,cpu      ] GC(843) User=0.02s Sys=0.00s Real=0.01s
[373.549s][info][gc,start    ] GC(844) Pause Young (Mixed) (G1 Evacuation Pause)
[373.549s][info][gc,task     ] GC(844) Using 2 workers of 2 for evacuation
[373.576s][info][gc,phases   ] GC(844)   Pre Evacuate Collection Set: 0.24ms
[373.576s][info][gc,phases   ] GC(844)   Merge Heap Roots: 0.12ms
[373.576s][info][gc,phases   ] GC(844)   Evacuate Collection Set: 26.12ms
[373.576s][info][gc,phases   ] GC(844)   Post Evacuate Collection Set: 0.47ms
[373.576s][info][gc,phases   ] GC(844)   Other: 0.08ms
[373.576s][info][gc,heap     ] GC(844) Eden regions: 144->0(133)
[373.576s][info][gc,heap     ] GC(844) Survivor regions: 9->20(20)
[373.576s][info][gc,heap     ] GC(844) Old regions: 65->51
[373.576s][info][gc,heap     ] GC(844) Humongous regions: 3->3
[373.576s][info][gc,metaspace] GC(844) Metaspace: 42922K(43264K)->42922K(43264K) NonClass: 40103K(40320K)->40103K(40320K) Class: 2819K(2944K)->2819K(2944K)
[373.576s][info][gc          ] GC(844) Pause Young (Mixed) (G1 Evacuation Pause) 220M->73M(256M) 27.205ms
[373.576s][info][gc,cpu      ] GC(844) User=0.06s Sys=0.00s Real=0.03s
[374.154s][info][gc,start    ] GC(845) Pause Young (Concurrent Start) (G1 Evacuation Pause)
[374.154s][info][gc,task     ] GC(845) Using 2 workers of 2 for evacuation
[374.184s][info][gc,phases   ] GC(845)   Pre Evacuate Collection Set: 0.19ms
[374.184s][info][gc,phases   ] GC(845)   Merge Heap Roots: 0.12ms
[374.184s][info][gc,phases   ] GC(845)   Evacuate Collection Set: 28.70ms
[374.184s][info][gc,phases   ] GC(845)   Post Evacuate Collection Set: 0.44ms
[374.184s][info][gc,phases   ] GC(845)   Other: 0.09ms
[374.184s][info][gc,heap     ] GC(845) Eden regions: 133->0(128)
[374.184s][info][gc,heap     ] GC(845) Survivor regions: 20->19(20)
[374.184s][info][gc,heap     ] GC(845) Old regions: 51->62
[374.184s][info][gc,heap     ] GC(845) Humongous regions: 3->3
[374.184s][info][gc,metaspace] GC(845) Metaspace: 42922K(43264K)->42922K(43264K) NonClass: 40103K(40320K)->40103K(40320K) Class: 2819K(2944K)->2819K(2944K)
[374.184s][info][gc          ] GC(845) Pause Young (Concurrent Start) (G1 Evacuation Pause) 206M->83M(256M) 29.722ms
[374.184s][info][gc,cpu      ] GC(845) User=0.06s Sys=0.00s Real=0.03s
[374.184s][info][gc          ] GC(846) Concurrent Mark Cycle
[374.185s][info][gc,marking  ] GC(846) Concurrent Scan Root Regions
[374.208s][info][gc,marking  ] GC(846) Concurrent Scan Root Regions 23.603ms
[374.208s][info][gc,marking  ] GC(846) Concurrent Mark
[374.209s][info][gc,marking  ] GC(846) Concurrent Mark From Roots
[374.209s][info][gc,task     ] GC(846) Using 1 workers of 1 for marking
[374.274s][info][gc,marking  ] GC(846) Concurrent Mark From Roots 65.076ms
[374.274s][info][gc,marking  ] GC(846) Concurrent Preclean
[374.274s][info][gc,marking  ] GC(846) Concurrent Preclean 0.035ms
[374.274s][info][gc,start    ] GC(846) Pause Remark
[374.288s][info][gc          ] GC(846) Pause Remark 104M->104M(256M) 14.684ms
[374.289s][info][gc,cpu      ] GC(846) User=0.03s Sys=0.00s Real=0.01s
[374.289s][info][gc,marking  ] GC(846) Concurrent Mark 80.064ms
[374.289s][info][gc,marking  ] GC(846) Concurrent Rebuild Remembered Sets and Scrub Regions
[374.332s][info][gc,marking  ] GC(846) Concurrent Rebuild Remembered Sets and Scrub Regions 43.498ms
[374.332s][info][gc,start    ] GC(846) Pause Cleanup
[374.332s][info][gc          ] GC(846) Pause Cleanup 113M->113M(256M) 0.042ms
[374.332s][info][gc,cpu      ] GC(846) User=0.00s Sys=0.00s Real=0.00s
[374.332s][info][gc,marking  ] GC(846) Concurrent Clear Claimed Marks
[374.332s][info][gc,marking  ] GC(846) Concurrent Clear Claimed Marks 0.039ms
[374.332s][info][gc,marking  ] GC(846) Concurrent Cleanup for Next Mark
[374.334s][info][gc,marking  ] GC(846) Concurrent Cleanup for Next Mark 1.292ms
[374.334s][info][gc          ] GC(846) Concurrent Mark Cycle 149.726ms
[374.657s][info][gc,start    ] GC(847) Pause Young (Prepare Mixed) (G1 Evacuation Pause)
[374.658s][info][gc,task     ] GC(847) Using 2 workers of 2 for evacuation
[374.689s][info][gc,phases   ] GC(847)   Pre Evacuate Collection Set: 0.16ms
[374.689s][info][gc,phases   ] GC(847)   Merge Heap Roots: 0.19ms
[374.689s][info][gc,phases   ] GC(847)   Evacuate Collection Set: 30.48ms
[374.689s][info][gc,phases   ] GC(847)   Post Evacuate Collection Set: 0.54ms
[374.689s][info][gc,phases   ] GC(847)   Other: 0.09ms
[374.689s][info][gc,heap     ] GC(847) Eden regions: 128->0(116)
[374.689s][info][gc,heap     ] GC(847) Survivor regions: 19->15(19)
[374.689s][info][gc,heap     ] GC(847) Old regions: 62->81
[374.689s][info][gc,heap     ] GC(847) Humongous regions: 7->3
[374.689s][info][gc,metaspace] GC(847) Metaspace: 42922K(43264K)->42922K(43264K) NonClass: 40103K(40320K)->40103K(40320K) Class: 2819K(2944K)->2819K(2944K)
[374.689s][info][gc          ] GC(847) Pause Young (Prepare Mixed) (G1 Evacuation Pause) 215M->98M(256M) 31.614ms
[374.689s][info][gc,cpu      ] GC(847) User=0.07s Sys=0.00s Real=0.03s
[375.102s][info][gc,start    ] GC(848) Pause Young (Mixed) (G1 Evacuation Pause)
[375.102s][info][gc,task     ] GC(848) Using 2 workers of 2 for evacuation
[375.127s][info][gc,phases   ] GC(848)   Pre Evacuate Collection Set: 0.16ms
[375.127s][info][gc,phases   ] GC(848)   Merge Heap Roots: 0.36ms
[375.127s][info][gc,phases   ] GC(848)   Evacuate Collection Set: 23.34ms
[375.127s][info][gc,phases   ] GC(848)   Post Evacuate Collection Set: 0.50ms
[375.127s][info][gc,phases   ] GC(848)   Other: 0.07ms
[375.127s][info][gc,heap     ] GC(848) Eden regions: 116->0(128)
[375.127s][info][gc,heap     ] GC(848) Survivor regions: 15->2(17)
[375.127s][info][gc,heap     ] GC(848) Old regions: 81->85
[375.127s][info][gc,heap     ] GC(848) Humongous regions: 11->3
[375.127s][info][gc,metaspace] GC(848) Metaspace: 42922K(43264K)->42922K(43264K) NonClass: 40103K(40320K)->40103K(40320K) Class: 2819K(2944K)->2819K(2944K)
[375.127s][info][gc          ] GC(848) Pause Young (Mixed) (G1 Evacuation Pause) 222M->90M(256M) 24.629ms
[375.127s][info][gc,cpu      ] GC(848) User=0.05s Sys=0.00s Real=0.02s
[375.326s][info][gc,start    ] GC(849) Pause Young (Concurrent Start) (G1 Humongous Allocation)
[375.326s][info][gc,task     ] GC(849) Using 2 workers of 2 for evacuation
[375.330s][info][gc,phases   ] GC(849)   Pre Evacuate Collection Set: 0.17ms
[375.330s][info][gc,phases   ] GC(849)   Merge Heap Roots: 0.05ms
[375.330s][info][gc,phases   ] GC(849)   Evacuate Collection Set: 3.04ms
[375.330s][info][gc,phases   ] GC(849)   Post Evacuate Collection Set: 0.68ms
[375.330s][info][gc,phases   ] GC(849)   Other: 0.13ms
[375.330s][info][gc,heap     ] GC(849) Eden regions: 51->0(164)
[375.330s][info][gc,heap     ] GC(849) Survivor regions: 2->2(17)
[375.330s][info][gc,heap     ] GC(849) Old regions: 85->85
[375.330s][info][gc,heap     ] GC(849) Humongous regions: 3->1
[375.330s][info][gc,metaspace] GC(849) Metaspace: 42923K(43264K)->42923K(43264K) NonClass: 40103K(40320K)->40103K(40320K) Class: 2819K(2944K)->2819K(2944K)
[375.330s][info][gc          ] GC(849) Pause Young (Concurrent Start) (G1 Humongous Allocation) 140M->87M(296M) 4.286ms
[375.330s][info][gc,cpu      ] GC(849) User=0.00s Sys=0.00s Real=0.00s
[375.331s][info][gc          ] GC(850) Concurrent Mark Cycle
[375.331s][info][gc,marking  ] GC(850) Concurrent Scan Root Regions
[375.341s][info][gc,marking  ] GC(850) Concurrent Scan Root Regions 10.139ms
[375.341s][info][gc,marking  ] GC(850) Concurrent Mark
[375.341s][info][gc,marking  ] GC(850) Concurrent Mark From Roots
[375.341s][info][gc,task     ] GC(850) Using 1 workers of 1 for marking
[375.441s][info][gc,marking  ] GC(850) Concurrent Mark From Roots 100.634ms
[375.441s][info][gc,marking  ] GC(850) Concurrent Preclean
[375.441s][info][gc,marking  ] GC(850) Concurrent Preclean 0.036ms
[375.442s][info][gc,start    ] GC(850) Pause Remark
[375.457s][info][gc          ] GC(850) Pause Remark 111M->102M(270M) 15.101ms
[375.457s][info][gc,cpu      ] GC(850) User=0.03s Sys=0.00s Real=0.02s
[375.457s][info][gc,marking  ] GC(850) Concurrent Mark 116.102ms
[375.457s][info][gc,marking  ] GC(850) Concurrent Rebuild Remembered Sets and Scrub Regions
[375.484s][info][gc,marking  ] GC(850) Concurrent Rebuild Remembered Sets and Scrub Regions 26.771ms
[375.484s][info][gc,start    ] GC(850) Pause Cleanup
[375.484s][info][gc          ] GC(850) Pause Cleanup 109M->109M(270M) 0.055ms
[375.484s][info][gc,cpu      ] GC(850) User=0.00s Sys=0.00s Real=0.00s
[375.484s][info][gc,marking  ] GC(850) Concurrent Clear Claimed Marks
[375.484s][info][gc,marking  ] GC(850) Concurrent Clear Claimed Marks 0.035ms
[375.484s][info][gc,marking  ] GC(850) Concurrent Cleanup for Next Mark
[375.485s][info][gc,marking  ] GC(850) Concurrent Cleanup for Next Mark 0.976ms
[375.485s][info][gc          ] GC(850) Concurrent Mark Cycle 154.564ms
[376.001s][info][gc,start    ] GC(851) Pause Young (Prepare Mixed) (G1 Evacuation Pause)
[376.001s][info][gc,task     ] GC(851) Using 2 workers of 2 for evacuation
[376.016s][info][gc,phases   ] GC(851)   Pre Evacuate Collection Set: 0.17ms
[376.016s][info][gc,phases   ] GC(851)   Merge Heap Roots: 0.10ms
[376.016s][info][gc,phases   ] GC(851)   Evacuate Collection Set: 14.19ms
[376.016s][info][gc,phases   ] GC(851)   Post Evacuate Collection Set: 0.40ms
[376.016s][info][gc,phases   ] GC(851)   Other: 0.08ms
[376.016s][info][gc,heap     ] GC(851) Eden regions: 160->0(139)
[376.016s][info][gc,heap     ] GC(851) Survivor regions: 2->15(21)
[376.016s][info][gc,heap     ] GC(851) Old regions: 76->76
[376.016s][info][gc,heap     ] GC(851) Humongous regions: 5->3
[376.016s][info][gc,metaspace] GC(851) Metaspace: 42923K(43264K)->42923K(43264K) NonClass: 40103K(40320K)->40103K(40320K) Class: 2819K(2944K)->2819K(2944K)
[376.016s][info][gc          ] GC(851) Pause Young (Prepare Mixed) (G1 Evacuation Pause) 242M->93M(270M) 15.126ms
[376.016s][info][gc,cpu      ] GC(851) User=0.03s Sys=0.00s Real=0.02s
[376.496s][info][gc,start    ] GC(852) Pause Young (Mixed) (G1 Evacuation Pause)
[376.496s][info][gc,task     ] GC(852) Using 2 workers of 2 for evacuation
[376.504s][info][gc,phases   ] GC(852)   Pre Evacuate Collection Set: 0.20ms
[376.504s][info][gc,phases   ] GC(852)   Merge Heap Roots: 0.10ms
[376.504s][info][gc,phases   ] GC(852)   Evacuate Collection Set: 6.46ms
[376.504s][info][gc,phases   ] GC(852)   Post Evacuate Collection Set: 0.43ms
[376.504s][info][gc,phases   ] GC(852)   Other: 0.09ms
[376.504s][info][gc,heap     ] GC(852) Eden regions: 139->0(158)
[376.504s][info][gc,heap     ] GC(852) Survivor regions: 15->4(20)
[376.504s][info][gc,heap     ] GC(852) Old regions: 76->52
[376.504s][info][gc,heap     ] GC(852) Humongous regions: 11->3
[376.504s][info][gc,metaspace] GC(852) Metaspace: 42923K(43264K)->42923K(43264K) NonClass: 40103K(40320K)->40103K(40320K) Class: 2819K(2944K)->2819K(2944K)
[376.504s][info][gc          ] GC(852) Pause Young (Mixed) (G1 Evacuation Pause) 240M->58M(270M) 7.451ms
[376.504s][info][gc,cpu      ] GC(852) User=0.02s Sys=0.00s Real=0.01s
[376.678s][info][gc,start    ] GC(853) Pause Young (Concurrent Start) (G1 Humongous Allocation)
[376.678s][info][gc,task     ] GC(853) Using 2 workers of 2 for evacuation
[376.686s][info][gc,phases   ] GC(853)   Pre Evacuate Collection Set: 0.31ms
[376.686s][info][gc,phases   ] GC(853)   Merge Heap Roots: 0.05ms
[376.686s][info][gc,phases   ] GC(853)   Evacuate Collection Set: 6.35ms
[376.686s][info][gc,phases   ] GC(853)   Post Evacuate Collection Set: 0.41ms
[376.686s][info][gc,phases   ] GC(853)   Other: 0.11ms
[376.686s][info][gc,heap     ] GC(853) Eden regions: 51->0(160)
[376.686s][info][gc,heap     ] GC(853) Survivor regions: 4->2(21)
[376.686s][info][gc,heap     ] GC(853) Old regions: 52->52
[376.686s][info][gc,heap     ] GC(853) Humongous regions: 3->1
[376.686s][info][gc,metaspace] GC(853) Metaspace: 42923K(43264K)->42923K(43264K) NonClass: 40103K(40320K)->40103K(40320K) Class: 2819K(2944K)->2819K(2944K)
[376.686s][info][gc          ] GC(853) Pause Young (Concurrent Start) (G1 Humongous Allocation) 109M->54M(270M) 7.464ms
[376.686s][info][gc,cpu      ] GC(853) User=0.01s Sys=0.00s Real=0.01s
[376.687s][info][gc          ] GC(854) Concurrent Mark Cycle
[376.687s][info][gc,marking  ] GC(854) Concurrent Scan Root Regions
[376.705s][info][gc,marking  ] GC(854) Concurrent Scan Root Regions 18.555ms
[376.705s][info][gc,marking  ] GC(854) Concurrent Mark
[376.705s][info][gc,marking  ] GC(854) Concurrent Mark From Roots
[376.705s][info][gc,task     ] GC(854) Using 1 workers of 1 for marking
[376.761s][info][gc,marking  ] GC(854) Concurrent Mark From Roots 55.610ms
[376.761s][info][gc,marking  ] GC(854) Concurrent Preclean
[376.761s][info][gc,marking  ] GC(854) Concurrent Preclean 0.034ms
[376.761s][info][gc,start    ] GC(854) Pause Remark
[376.777s][info][gc          ] GC(854) Pause Remark 77M->77M(256M) 16.042ms
[376.777s][info][gc,cpu      ] GC(854) User=0.03s Sys=0.00s Real=0.02s
[376.777s][info][gc,marking  ] GC(854) Concurrent Mark 71.958ms
[376.777s][info][gc,marking  ] GC(854) Concurrent Rebuild Remembered Sets and Scrub Regions
[376.801s][info][gc,marking  ] GC(854) Concurrent Rebuild Remembered Sets and Scrub Regions 24.181ms
[376.802s][info][gc,start    ] GC(854) Pause Cleanup
[376.802s][info][gc          ] GC(854) Pause Cleanup 85M->85M(256M) 0.058ms
[376.802s][info][gc,cpu      ] GC(854) User=0.00s Sys=0.00s Real=0.00s
[376.802s][info][gc,marking  ] GC(854) Concurrent Clear Claimed Marks
[376.802s][info][gc,marking  ] GC(854) Concurrent Clear Claimed Marks 0.033ms
[376.802s][info][gc,marking  ] GC(854) Concurrent Cleanup for Next Mark
[376.803s][info][gc,marking  ] GC(854) Concurrent Cleanup for Next Mark 0.744ms
[376.803s][info][gc          ] GC(854) Concurrent Mark Cycle 116.245ms
[377.236s][info][gc,start    ] GC(855) Pause Young (Prepare Mixed) (G1 Evacuation Pause)
[377.236s][info][gc,task     ] GC(855) Using 2 workers of 2 for evacuation
[377.245s][info][gc,phases   ] GC(855)   Pre Evacuate Collection Set: 0.15ms
[377.245s][info][gc,phases   ] GC(855)   Merge Heap Roots: 0.06ms
[377.245s][info][gc,phases   ] GC(855)   Evacuate Collection Set: 8.78ms
[377.245s][info][gc,phases   ] GC(855)   Post Evacuate Collection Set: 0.40ms
[377.245s][info][gc,phases   ] GC(855)   Other: 0.08ms
[377.245s][info][gc,heap     ] GC(855) Eden regions: 151->0(142)
[377.245s][info][gc,heap     ] GC(855) Survivor regions: 2->11(20)
[377.245s][info][gc,heap     ] GC(855) Old regions: 52->52
[377.245s][info][gc,heap     ] GC(855) Humongous regions: 5->3
[377.245s][info][gc,metaspace] GC(855) Metaspace: 42923K(43264K)->42923K(43264K) NonClass: 40103K(40320K)->40103K(40320K) Class: 2819K(2944K)->2819K(2944K)
[377.245s][info][gc          ] GC(855) Pause Young (Prepare Mixed) (G1 Evacuation Pause) 209M->65M(256M) 9.633ms
[377.246s][info][gc,cpu      ] GC(855) User=0.02s Sys=0.00s Real=0.01s
[377.795s][info][gc,start    ] GC(856) Pause Young (Mixed) (G1 Evacuation Pause)
[377.795s][info][gc,task     ] GC(856) Using 2 workers of 2 for evacuation
[377.813s][info][gc,phases   ] GC(856)   Pre Evacuate Collection Set: 0.21ms
[377.813s][info][gc,phases   ] GC(856)   Merge Heap Roots: 0.26ms
[377.813s][info][gc,phases   ] GC(856)   Evacuate Collection Set: 16.38ms
[377.813s][info][gc,phases   ] GC(856)   Post Evacuate Collection Set: 0.72ms
[377.813s][info][gc,phases   ] GC(856)   Other: 0.08ms
[377.813s][info][gc,heap     ] GC(856) Eden regions: 142->0(140)
[377.813s][info][gc,heap     ] GC(856) Survivor regions: 11->13(20)
[377.813s][info][gc,heap     ] GC(856) Old regions: 52->50
[377.813s][info][gc,heap     ] GC(856) Humongous regions: 9->3
[377.813s][info][gc,metaspace] GC(856) Metaspace: 42923K(43264K)->42923K(43264K) NonClass: 40103K(40320K)->40103K(40320K) Class: 2819K(2944K)->2819K(2944K)
[377.813s][info][gc          ] GC(856) Pause Young (Mixed) (G1 Evacuation Pause) 213M->65M(256M) 17.839ms
[377.813s][info][gc,cpu      ] GC(856) User=0.03s Sys=0.00s Real=0.02s
[378.177s][info][gc,start    ] GC(857) Pause Young (Concurrent Start) (G1 Evacuation Pause)
[378.177s][info][gc,task     ] GC(857) Using 2 workers of 2 for evacuation
[378.216s][info][gc,phases   ] GC(857)   Pre Evacuate Collection Set: 0.22ms
[378.216s][info][gc,phases   ] GC(857)   Merge Heap Roots: 0.06ms
[378.216s][info][gc,phases   ] GC(857)   Evacuate Collection Set: 38.13ms
[378.216s][info][gc,phases   ] GC(857)   Post Evacuate Collection Set: 0.57ms
[378.216s][info][gc,phases   ] GC(857)   Other: 0.12ms
[378.216s][info][gc,heap     ] GC(857) Eden regions: 140->0(117)
[378.216s][info][gc,heap     ] GC(857) Survivor regions: 13->20(20)
[378.216s][info][gc,heap     ] GC(857) Old regions: 50->72
[378.216s][info][gc,heap     ] GC(857) Humongous regions: 3->3
[378.216s][info][gc,metaspace] GC(857) Metaspace: 42923K(43264K)->42923K(43264K) NonClass: 40103K(40320K)->40103K(40320K) Class: 2819K(2944K)->2819K(2944K)
[378.217s][info][gc          ] GC(857) Pause Young (Concurrent Start) (G1 Evacuation Pause) 205M->94M(256M) 39.287ms
[378.217s][info][gc,cpu      ] GC(857) User=0.07s Sys=0.00s Real=0.04s
[378.217s][info][gc          ] GC(858) Concurrent Mark Cycle
[378.217s][info][gc,marking  ] GC(858) Concurrent Scan Root Regions
[378.248s][info][gc,marking  ] GC(858) Concurrent Scan Root Regions 31.044ms
[378.248s][info][gc,marking  ] GC(858) Concurrent Mark
[378.248s][info][gc,marking  ] GC(858) Concurrent Mark From Roots
[378.248s][info][gc,task     ] GC(858) Using 1 workers of 1 for marking
[378.318s][info][gc,marking  ] GC(858) Concurrent Mark From Roots 70.708ms
[378.318s][info][gc,marking  ] GC(858) Concurrent Preclean
[378.318s][info][gc,marking  ] GC(858) Concurrent Preclean 0.044ms
[378.319s][info][gc,start    ] GC(858) Pause Remark
[378.334s][info][gc          ] GC(858) Pause Remark 114M->114M(256M) 14.689ms
[378.334s][info][gc,cpu      ] GC(858) User=0.03s Sys=0.00s Real=0.02s
[378.334s][info][gc,marking  ] GC(858) Concurrent Mark 86.377ms
[378.334s][info][gc,marking  ] GC(858) Concurrent Rebuild Remembered Sets and Scrub Regions
[378.385s][info][gc,marking  ] GC(858) Concurrent Rebuild Remembered Sets and Scrub Regions 51.252ms
[378.385s][info][gc,start    ] GC(858) Pause Cleanup
[378.385s][info][gc          ] GC(858) Pause Cleanup 122M->122M(256M) 0.044ms
[378.386s][info][gc,cpu      ] GC(858) User=0.00s Sys=0.00s Real=0.00s
[378.386s][info][gc,marking  ] GC(858) Concurrent Clear Claimed Marks
[378.386s][info][gc,marking  ] GC(858) Concurrent Clear Claimed Marks 0.035ms
[378.386s][info][gc,marking  ] GC(858) Concurrent Cleanup for Next Mark
[378.386s][info][gc,marking  ] GC(858) Concurrent Cleanup for Next Mark 0.758ms
[378.386s][info][gc          ] GC(858) Concurrent Mark Cycle 169.783ms
[378.806s][info][gc,start    ] GC(859) Pause Young (Prepare Mixed) (G1 Evacuation Pause)
[378.807s][info][gc,task     ] GC(859) Using 2 workers of 2 for evacuation
[378.888s][info][gc,phases   ] GC(859)   Pre Evacuate Collection Set: 0.20ms
[378.888s][info][gc,phases   ] GC(859)   Merge Heap Roots: 0.44ms
[378.888s][info][gc,phases   ] GC(859)   Evacuate Collection Set: 80.35ms
[378.888s][info][gc,phases   ] GC(859)   Post Evacuate Collection Set: 0.47ms
[378.888s][info][gc,phases   ] GC(859)   Other: 0.09ms
[378.888s][info][gc,heap     ] GC(859) Eden regions: 117->0(90)
[378.888s][info][gc,heap     ] GC(859) Survivor regions: 20->18(18)
[378.888s][info][gc,heap     ] GC(859) Old regions: 72->104
[378.888s][info][gc,heap     ] GC(859) Humongous regions: 3->3
[378.888s][info][gc,metaspace] GC(859) Metaspace: 42923K(43264K)->42923K(43264K) NonClass: 40103K(40320K)->40103K(40320K) Class: 2819K(2944K)->2819K(2944K)
[378.888s][info][gc          ] GC(859) Pause Young (Prepare Mixed) (G1 Evacuation Pause) 211M->124M(262M) 81.756ms
[378.888s][info][gc,cpu      ] GC(859) User=0.13s Sys=0.00s Real=0.08s
[379.332s][info][gc,start    ] GC(860) Pause Young (Mixed) (G1 Evacuation Pause)
[379.332s][info][gc,task     ] GC(860) Using 2 workers of 2 for evacuation
[379.385s][info][gc,phases   ] GC(860)   Pre Evacuate Collection Set: 0.17ms
[379.385s][info][gc,phases   ] GC(860)   Merge Heap Roots: 0.30ms
[379.385s][info][gc,phases   ] GC(860)   Evacuate Collection Set: 51.98ms
[379.385s][info][gc,phases   ] GC(860)   Post Evacuate Collection Set: 0.42ms
[379.385s][info][gc,phases   ] GC(860)   Other: 0.07ms
[379.385s][info][gc,heap     ] GC(860) Eden regions: 90->0(68)
[379.385s][info][gc,heap     ] GC(860) Survivor regions: 18->14(14)
[379.385s][info][gc,heap     ] GC(860) Old regions: 104->132
[379.385s][info][gc,heap     ] GC(860) Humongous regions: 3->3
[379.385s][info][gc,metaspace] GC(860) Metaspace: 42923K(43264K)->42923K(43264K) NonClass: 40103K(40320K)->40103K(40320K) Class: 2819K(2944K)->2819K(2944K)
[379.385s][info][gc          ] GC(860) Pause Young (Mixed) (G1 Evacuation Pause) 214M->148M(262M) 53.137ms
[379.385s][info][gc,cpu      ] GC(860) User=0.11s Sys=0.00s Real=0.06s
[379.711s][info][gc,start    ] GC(861) Pause Young (Concurrent Start) (G1 Evacuation Pause)
[379.711s][info][gc,task     ] GC(861) Using 2 workers of 2 for evacuation
[379.747s][info][gc,phases   ] GC(861)   Pre Evacuate Collection Set: 0.17ms
[379.747s][info][gc,phases   ] GC(861)   Merge Heap Roots: 0.19ms
[379.747s][info][gc,phases   ] GC(861)   Evacuate Collection Set: 35.30ms
[379.747s][info][gc,phases   ] GC(861)   Post Evacuate Collection Set: 0.37ms
[379.747s][info][gc,phases   ] GC(861)   Other: 0.08ms
[379.747s][info][gc,heap     ] GC(861) Eden regions: 68->0(55)
[379.747s][info][gc,heap     ] GC(861) Survivor regions: 14->11(11)
[379.747s][info][gc,heap     ] GC(861) Old regions: 132->154
[379.747s][info][gc,heap     ] GC(861) Humongous regions: 3->3
[379.747s][info][gc,metaspace] GC(861) Metaspace: 42923K(43264K)->42923K(43264K) NonClass: 40103K(40320K)->40103K(40320K) Class: 2819K(2944K)->2819K(2944K)
[379.747s][info][gc          ] GC(861) Pause Young (Concurrent Start) (G1 Evacuation Pause) 216M->167M(262M) 36.321ms
[379.747s][info][gc          ] GC(862) Concurrent Mark Cycle
[379.747s][info][gc,marking  ] GC(862) Concurrent Scan Root Regions
[379.748s][info][gc,cpu      ] GC(861) User=0.07s Sys=0.00s Real=0.04s
[379.783s][info][gc,marking  ] GC(862) Concurrent Scan Root Regions 36.130ms
[379.783s][info][gc,marking  ] GC(862) Concurrent Mark
[379.783s][info][gc,marking  ] GC(862) Concurrent Mark From Roots
[379.783s][info][gc,task     ] GC(862) Using 1 workers of 1 for marking
[379.944s][info][gc,marking  ] GC(862) Concurrent Mark From Roots 161.088ms
[379.944s][info][gc,marking  ] GC(862) Concurrent Preclean
[379.944s][info][gc,marking  ] GC(862) Concurrent Preclean 0.052ms
[379.946s][info][gc,start    ] GC(862) Pause Remark
[379.961s][info][gc          ] GC(862) Pause Remark 202M->202M(280M) 15.045ms
[379.961s][info][gc,cpu      ] GC(862) User=0.03s Sys=0.00s Real=0.01s
[379.961s][info][gc,marking  ] GC(862) Concurrent Mark 177.790ms
[379.961s][info][gc,marking  ] GC(862) Concurrent Rebuild Remembered Sets and Scrub Regions
[380.064s][info][gc,start    ] GC(863) Pause Young (Normal) (G1 Evacuation Pause)
[380.065s][info][gc,task     ] GC(863) Using 2 workers of 2 for evacuation
[380.092s][info][gc,phases   ] GC(863)   Pre Evacuate Collection Set: 0.16ms
[380.092s][info][gc,phases   ] GC(863)   Merge Heap Roots: 0.22ms
[380.092s][info][gc,phases   ] GC(863)   Evacuate Collection Set: 26.81ms
[380.092s][info][gc,phases   ] GC(863)   Post Evacuate Collection Set: 0.37ms
[380.092s][info][gc,phases   ] GC(863)   Other: 0.09ms
[380.092s][info][gc,heap     ] GC(863) Eden regions: 55->0(56)
[380.092s][info][gc,heap     ] GC(863) Survivor regions: 11->9(9)
[380.092s][info][gc,heap     ] GC(863) Old regions: 154->171
[380.092s][info][gc,heap     ] GC(863) Humongous regions: 5->3
[380.092s][info][gc,metaspace] GC(863) Metaspace: 42923K(43264K)->42923K(43264K) NonClass: 40103K(40320K)->40103K(40320K) Class: 2819K(2944K)->2819K(2944K)
[380.092s][info][gc          ] GC(863) Pause Young (Normal) (G1 Evacuation Pause) 224M->182M(280M) 27.862ms
[380.092s][info][gc,cpu      ] GC(863) User=0.05s Sys=0.00s Real=0.03s
[380.098s][info][gc,marking  ] GC(862) Concurrent Rebuild Remembered Sets and Scrub Regions 136.749ms
[380.098s][info][gc,start    ] GC(862) Pause Cleanup
[380.098s][info][gc          ] GC(862) Pause Cleanup 184M->184M(280M) 0.075ms
[380.098s][info][gc,cpu      ] GC(862) User=0.00s Sys=0.00s Real=0.00s
[380.098s][info][gc,marking  ] GC(862) Concurrent Clear Claimed Marks
[380.098s][info][gc,marking  ] GC(862) Concurrent Clear Claimed Marks 0.038ms
[380.098s][info][gc,marking  ] GC(862) Concurrent Cleanup for Next Mark
[380.099s][info][gc,marking  ] GC(862) Concurrent Cleanup for Next Mark 1.015ms
[380.099s][info][gc          ] GC(862) Concurrent Mark Cycle 352.100ms
[380.278s][info][gc,start    ] GC(864) Pause Young (Prepare Mixed) (G1 Evacuation Pause)
[380.278s][info][gc,task     ] GC(864) Using 2 workers of 2 for evacuation
[380.299s][info][gc,phases   ] GC(864)   Pre Evacuate Collection Set: 0.20ms
[380.299s][info][gc,phases   ] GC(864)   Merge Heap Roots: 0.17ms
[380.299s][info][gc,phases   ] GC(864)   Evacuate Collection Set: 19.62ms
[380.299s][info][gc,phases   ] GC(864)   Post Evacuate Collection Set: 0.36ms
[380.299s][info][gc,phases   ] GC(864)   Other: 0.07ms
[380.299s][info][gc,heap     ] GC(864) Eden regions: 56->0(55)
[380.299s][info][gc,heap     ] GC(864) Survivor regions: 9->8(9)
[380.299s][info][gc,heap     ] GC(864) Old regions: 171->179
[380.299s][info][gc,heap     ] GC(864) Humongous regions: 3->3
[380.299s][info][gc,metaspace] GC(864) Metaspace: 42923K(43264K)->42923K(43264K) NonClass: 40103K(40320K)->40103K(40320K) Class: 2819K(2944K)->2819K(2944K)
[380.299s][info][gc          ] GC(864) Pause Young (Prepare Mixed) (G1 Evacuation Pause) 238M->189M(280M) 20.599ms
[380.299s][info][gc,cpu      ] GC(864) User=0.04s Sys=0.00s Real=0.02s
[380.534s][info][gc,start    ] GC(865) Pause Young (Mixed) (G1 Evacuation Pause)
[380.534s][info][gc,task     ] GC(865) Using 2 workers of 2 for evacuation
[380.564s][info][gc,phases   ] GC(865)   Pre Evacuate Collection Set: 0.24ms
[380.564s][info][gc,phases   ] GC(865)   Merge Heap Roots: 0.26ms
[380.564s][info][gc,phases   ] GC(865)   Evacuate Collection Set: 27.78ms
[380.564s][info][gc,phases   ] GC(865)   Post Evacuate Collection Set: 1.21ms
[380.564s][info][gc,phases   ] GC(865)   Other: 0.07ms
[380.564s][info][gc,heap     ] GC(865) Eden regions: 55->0(154)
[380.564s][info][gc,heap     ] GC(865) Survivor regions: 8->8(8)
[380.564s][info][gc,heap     ] GC(865) Old regions: 179->164
[380.564s][info][gc,heap     ] GC(865) Humongous regions: 5->1
[380.564s][info][gc,metaspace] GC(865) Metaspace: 42923K(43264K)->42923K(43264K) NonClass: 40103K(40320K)->40103K(40320K) Class: 2819K(2944K)->2819K(2944K)
[380.564s][info][gc          ] GC(865) Pause Young (Mixed) (G1 Evacuation Pause) 246M->172M(400M) 29.705ms
[380.564s][info][gc,cpu      ] GC(865) User=0.06s Sys=0.00s Real=0.03s
[381.159s][info][gc,start    ] GC(866) Pause Young (Mixed) (G1 Evacuation Pause)
[381.159s][info][gc,task     ] GC(866) Using 2 workers of 2 for evacuation
[381.205s][info][gc,phases   ] GC(866)   Pre Evacuate Collection Set: 0.22ms
[381.206s][info][gc,phases   ] GC(866)   Merge Heap Roots: 0.58ms
[381.206s][info][gc,phases   ] GC(866)   Evacuate Collection Set: 44.98ms
[381.206s][info][gc,phases   ] GC(866)   Post Evacuate Collection Set: 0.60ms
[381.206s][info][gc,phases   ] GC(866)   Other: 0.07ms
[381.206s][info][gc,heap     ] GC(866) Eden regions: 154->0(165)
[381.206s][info][gc,heap     ] GC(866) Survivor regions: 8->18(21)
[381.206s][info][gc,heap     ] GC(866) Old regions: 164->148
[381.206s][info][gc,heap     ] GC(866) Humongous regions: 9->1
[381.206s][info][gc,metaspace] GC(866) Metaspace: 42923K(43264K)->42923K(43264K) NonClass: 40103K(40320K)->40103K(40320K) Class: 2819K(2944K)->2819K(2944K)
[381.206s][info][gc          ] GC(866) Pause Young (Mixed) (G1 Evacuation Pause) 334M->166M(400M) 46.633ms
[381.206s][info][gc,cpu      ] GC(866) User=0.10s Sys=0.00s Real=0.05s
[381.660s][info][gc,start    ] GC(867) Pause Young (Normal) (G1 Evacuation Pause)
[381.660s][info][gc,task     ] GC(867) Using 2 workers of 2 for evacuation
[381.691s][info][gc,phases   ] GC(867)   Pre Evacuate Collection Set: 0.21ms
[381.691s][info][gc,phases   ] GC(867)   Merge Heap Roots: 0.16ms
[381.691s][info][gc,phases   ] GC(867)   Evacuate Collection Set: 30.61ms
[381.691s][info][gc,phases   ] GC(867)   Post Evacuate Collection Set: 0.50ms
[381.691s][info][gc,phases   ] GC(867)   Other: 0.07ms
[381.691s][info][gc,heap     ] GC(867) Eden regions: 165->0(145)
[381.691s][info][gc,heap     ] GC(867) Survivor regions: 18->23(23)
[381.691s][info][gc,heap     ] GC(867) Old regions: 148->165
[381.691s][info][gc,heap     ] GC(867) Humongous regions: 4->3
[381.691s][info][gc,metaspace] GC(867) Metaspace: 42932K(43264K)->42932K(43264K) NonClass: 40112K(40320K)->40112K(40320K) Class: 2819K(2944K)->2819K(2944K)
[381.692s][info][gc          ] GC(867) Pause Young (Normal) (G1 Evacuation Pause) 334M->190M(400M) 31.807ms
[381.692s][info][gc,cpu      ] GC(867) User=0.06s Sys=0.00s Real=0.03s
[381.730s][info][gc,start    ] GC(868) Pause Young (Concurrent Start) (G1 Humongous Allocation)
[381.730s][info][gc,task     ] GC(868) Using 2 workers of 2 for evacuation
[381.749s][info][gc,phases   ] GC(868)   Pre Evacuate Collection Set: 0.21ms
[381.749s][info][gc,phases   ] GC(868)   Merge Heap Roots: 0.12ms
[381.749s][info][gc,phases   ] GC(868)   Evacuate Collection Set: 18.12ms
[381.749s][info][gc,phases   ] GC(868)   Post Evacuate Collection Set: 0.30ms
[381.749s][info][gc,phases   ] GC(868)   Other: 0.12ms
[381.749s][info][gc,heap     ] GC(868) Eden regions: 12->0(102)
[381.749s][info][gc,heap     ] GC(868) Survivor regions: 23->7(21)
[381.749s][info][gc,heap     ] GC(868) Old regions: 165->186
[381.749s][info][gc,heap     ] GC(868) Humongous regions: 3->3
[381.749s][info][gc,metaspace] GC(868) Metaspace: 42932K(43264K)->42932K(43264K) NonClass: 40112K(40320K)->40112K(40320K) Class: 2819K(2944K)->2819K(2944K)
[381.749s][info][gc          ] GC(868) Pause Young (Concurrent Start) (G1 Humongous Allocation) 201M->195M(400M) 19.066ms
[381.749s][info][gc,cpu      ] GC(868) User=0.04s Sys=0.00s Real=0.02s
[381.749s][info][gc          ] GC(869) Concurrent Mark Cycle
[381.750s][info][gc,marking  ] GC(869) Concurrent Scan Root Regions
[381.765s][info][gc,marking  ] GC(869) Concurrent Scan Root Regions 15.663ms
[381.765s][info][gc,marking  ] GC(869) Concurrent Mark
[381.765s][info][gc,marking  ] GC(869) Concurrent Mark From Roots
[381.765s][info][gc,task     ] GC(869) Using 1 workers of 1 for marking
[381.841s][info][gc,marking  ] GC(869) Concurrent Mark From Roots 75.320ms
[381.841s][info][gc,marking  ] GC(869) Concurrent Preclean
[381.841s][info][gc,marking  ] GC(869) Concurrent Preclean 0.047ms
[381.841s][info][gc,start    ] GC(869) Pause Remark
[381.856s][info][gc          ] GC(869) Pause Remark 221M->188M(400M) 14.731ms
[381.856s][info][gc,cpu      ] GC(869) User=0.03s Sys=0.00s Real=0.02s
[381.856s][info][gc,marking  ] GC(869) Concurrent Mark 90.453ms
[381.856s][info][gc,marking  ] GC(869) Concurrent Rebuild Remembered Sets and Scrub Regions
[381.897s][info][gc,marking  ] GC(869) Concurrent Rebuild Remembered Sets and Scrub Regions 41.633ms
[381.897s][info][gc,start    ] GC(869) Pause Cleanup
[381.898s][info][gc          ] GC(869) Pause Cleanup 200M->200M(400M) 0.077ms
[381.898s][info][gc,cpu      ] GC(869) User=0.00s Sys=0.00s Real=0.00s
[381.898s][info][gc,marking  ] GC(869) Concurrent Clear Claimed Marks
[381.898s][info][gc,marking  ] GC(869) Concurrent Clear Claimed Marks 0.037ms
[381.898s][info][gc,marking  ] GC(869) Concurrent Cleanup for Next Mark
[381.900s][info][gc,marking  ] GC(869) Concurrent Cleanup for Next Mark 2.358ms
[381.900s][info][gc          ] GC(869) Concurrent Mark Cycle 150.571ms
[382.088s][info][gc,start    ] GC(870) Pause Young (Prepare Mixed) (G1 Evacuation Pause)
[382.088s][info][gc,task     ] GC(870) Using 2 workers of 2 for evacuation
[382.102s][info][gc,phases   ] GC(870)   Pre Evacuate Collection Set: 0.25ms
[382.102s][info][gc,phases   ] GC(870)   Merge Heap Roots: 0.13ms
[382.102s][info][gc,phases   ] GC(870)   Evacuate Collection Set: 13.69ms
[382.102s][info][gc,phases   ] GC(870)   Post Evacuate Collection Set: 0.38ms
[382.102s][info][gc,phases   ] GC(870)   Other: 0.10ms
[382.102s][info][gc,heap     ] GC(870) Eden regions: 102->0(117)
[382.102s][info][gc,heap     ] GC(870) Survivor regions: 7->14(14)
[382.102s][info][gc,heap     ] GC(870) Old regions: 153->159
[382.102s][info][gc,heap     ] GC(870) Humongous regions: 4->4
[382.102s][info][gc,metaspace] GC(870) Metaspace: 42932K(43264K)->42932K(43264K) NonClass: 40112K(40320K)->40112K(40320K) Class: 2819K(2944K)->2819K(2944K)
[382.102s][info][gc          ] GC(870) Pause Young (Prepare Mixed) (G1 Evacuation Pause) 265M->176M(400M) 14.774ms
[382.102s][info][gc,cpu      ] GC(870) User=0.03s Sys=0.00s Real=0.02s
[382.467s][info][gc,start    ] GC(871) Pause Young (Mixed) (G1 Evacuation Pause)
[382.467s][info][gc,task     ] GC(871) Using 2 workers of 2 for evacuation
[382.481s][info][gc,phases   ] GC(871)   Pre Evacuate Collection Set: 0.23ms
[382.481s][info][gc,phases   ] GC(871)   Merge Heap Roots: 0.15ms
[382.481s][info][gc,phases   ] GC(871)   Evacuate Collection Set: 12.71ms
[382.481s][info][gc,phases   ] GC(871)   Post Evacuate Collection Set: 0.68ms
[382.481s][info][gc,phases   ] GC(871)   Other: 0.10ms
[382.481s][info][gc,heap     ] GC(871) Eden regions: 117->0(158)
[382.481s][info][gc,heap     ] GC(871) Survivor regions: 14->10(17)
[382.481s][info][gc,heap     ] GC(871) Old regions: 159->125
[382.481s][info][gc,heap     ] GC(871) Humongous regions: 5->4
[382.481s][info][gc,metaspace] GC(871) Metaspace: 42932K(43264K)->42932K(43264K) NonClass: 40112K(40320K)->40112K(40320K) Class: 2819K(2944K)->2819K(2944K)
[382.481s][info][gc          ] GC(871) Pause Young (Mixed) (G1 Evacuation Pause) 294M->138M(426M) 14.069ms
[382.481s][info][gc,cpu      ] GC(871) User=0.02s Sys=0.00s Real=0.01s
[382.978s][info][gc,start    ] GC(872) Pause Young (Mixed) (G1 Evacuation Pause)
[382.978s][info][gc,task     ] GC(872) Using 2 workers of 2 for evacuation
[382.996s][info][gc,phases   ] GC(872)   Pre Evacuate Collection Set: 0.21ms
[382.996s][info][gc,phases   ] GC(872)   Merge Heap Roots: 0.20ms
[382.996s][info][gc,phases   ] GC(872)   Evacuate Collection Set: 17.29ms
[382.996s][info][gc,phases   ] GC(872)   Post Evacuate Collection Set: 0.45ms
[382.996s][info][gc,phases   ] GC(872)   Other: 0.07ms
[382.996s][info][gc,heap     ] GC(872) Eden regions: 158->0(173)
[382.996s][info][gc,heap     ] GC(872) Survivor regions: 10->20(21)
[382.996s][info][gc,heap     ] GC(872) Old regions: 125->102
[382.996s][info][gc,heap     ] GC(872) Humongous regions: 5->4
[382.996s][info][gc,metaspace] GC(872) Metaspace: 42932K(43264K)->42932K(43264K) NonClass: 40112K(40320K)->40112K(40320K) Class: 2819K(2944K)->2819K(2944K)
[382.996s][info][gc          ] GC(872) Pause Young (Mixed) (G1 Evacuation Pause) 297M->125M(426M) 18.408ms
[382.996s][info][gc,cpu      ] GC(872) User=0.03s Sys=0.00s Real=0.02s
[383.525s][info][gc,start    ] GC(873) Pause Young (Concurrent Start) (G1 Humongous Allocation)
[383.525s][info][gc,task     ] GC(873) Using 2 workers of 2 for evacuation
[383.557s][info][gc,phases   ] GC(873)   Pre Evacuate Collection Set: 0.21ms
[383.558s][info][gc,phases   ] GC(873)   Merge Heap Roots: 0.13ms
[383.558s][info][gc,phases   ] GC(873)   Evacuate Collection Set: 31.06ms
[383.558s][info][gc,phases   ] GC(873)   Post Evacuate Collection Set: 0.51ms
[383.558s][info][gc,phases   ] GC(873)   Other: 0.10ms
[383.558s][info][gc,heap     ] GC(873) Eden regions: 160->0(155)
[383.558s][info][gc,heap     ] GC(873) Survivor regions: 20->25(25)
[383.558s][info][gc,heap     ] GC(873) Old regions: 102->126
[383.558s][info][gc,heap     ] GC(873) Humongous regions: 4->4
[383.558s][info][gc,metaspace] GC(873) Metaspace: 42932K(43264K)->42932K(43264K) NonClass: 40112K(40320K)->40112K(40320K) Class: 2819K(2944K)->2819K(2944K)
[383.558s][info][gc          ] GC(873) Pause Young (Concurrent Start) (G1 Humongous Allocation) 284M->154M(426M) 32.220ms
[383.558s][info][gc,cpu      ] GC(873) User=0.06s Sys=0.00s Real=0.03s
[383.558s][info][gc          ] GC(874) Concurrent Mark Cycle
[383.558s][info][gc,marking  ] GC(874) Concurrent Scan Root Regions
[383.577s][info][gc,marking  ] GC(874) Concurrent Scan Root Regions 19.541ms
[383.577s][info][gc,marking  ] GC(874) Concurrent Mark
[383.577s][info][gc,marking  ] GC(874) Concurrent Mark From Roots
[383.577s][info][gc,task     ] GC(874) Using 1 workers of 1 for marking
[383.688s][info][gc,marking  ] GC(874) Concurrent Mark From Roots 111.006ms
[383.688s][info][gc,marking  ] GC(874) Concurrent Preclean
[383.688s][info][gc,marking  ] GC(874) Concurrent Preclean 0.058ms
[383.689s][info][gc,start    ] GC(874) Pause Remark
[383.704s][info][gc          ] GC(874) Pause Remark 184M->180M(426M) 14.991ms
[383.704s][info][gc,cpu      ] GC(874) User=0.03s Sys=0.00s Real=0.02s
[383.704s][info][gc,marking  ] GC(874) Concurrent Mark 126.365ms
[383.704s][info][gc,marking  ] GC(874) Concurrent Rebuild Remembered Sets and Scrub Regions
[383.758s][info][gc,marking  ] GC(874) Concurrent Rebuild Remembered Sets and Scrub Regions 53.979ms
[383.758s][info][gc,start    ] GC(874) Pause Cleanup
[383.758s][info][gc          ] GC(874) Pause Cleanup 195M->195M(426M) 0.057ms
[383.758s][info][gc,cpu      ] GC(874) User=0.00s Sys=0.00s Real=0.00s
[383.758s][info][gc,marking  ] GC(874) Concurrent Clear Claimed Marks
[383.758s][info][gc,marking  ] GC(874) Concurrent Clear Claimed Marks 0.036ms
[383.758s][info][gc,marking  ] GC(874) Concurrent Cleanup for Next Mark
[383.759s][info][gc,marking  ] GC(874) Concurrent Cleanup for Next Mark 1.499ms
[383.760s][info][gc          ] GC(874) Concurrent Mark Cycle 201.844ms
[384.099s][info][gc,start    ] GC(875) Pause Young (Prepare Mixed) (G1 Evacuation Pause)
[384.099s][info][gc,task     ] GC(875) Using 2 workers of 2 for evacuation
[384.130s][info][gc,phases   ] GC(875)   Pre Evacuate Collection Set: 0.22ms
[384.130s][info][gc,phases   ] GC(875)   Merge Heap Roots: 0.27ms
[384.130s][info][gc,phases   ] GC(875)   Evacuate Collection Set: 29.95ms
[384.130s][info][gc,phases   ] GC(875)   Post Evacuate Collection Set: 0.46ms
[384.130s][info][gc,phases   ] GC(875)   Other: 0.11ms
[384.130s][info][gc,heap     ] GC(875) Eden regions: 155->0(152)
[384.130s][info][gc,heap     ] GC(875) Survivor regions: 25->20(23)
[384.130s][info][gc,heap     ] GC(875) Old regions: 122->147
[384.130s][info][gc,heap     ] GC(875) Humongous regions: 5->5
[384.130s][info][gc,metaspace] GC(875) Metaspace: 42932K(43264K)->42932K(43264K) NonClass: 40112K(40320K)->40112K(40320K) Class: 2819K(2944K)->2819K(2944K)
[384.130s][info][gc          ] GC(875) Pause Young (Prepare Mixed) (G1 Evacuation Pause) 306M->171M(426M) 31.224ms
[384.130s][info][gc,cpu      ] GC(875) User=0.06s Sys=0.00s Real=0.03s
[384.613s][info][gc,start    ] GC(876) Pause Young (Mixed) (G1 Evacuation Pause)
[384.613s][info][gc,task     ] GC(876) Using 2 workers of 2 for evacuation
[384.668s][info][gc,phases   ] GC(876)   Pre Evacuate Collection Set: 0.29ms
[384.668s][info][gc,phases   ] GC(876)   Merge Heap Roots: 0.22ms
[384.668s][info][gc,phases   ] GC(876)   Evacuate Collection Set: 54.20ms
[384.668s][info][gc,phases   ] GC(876)   Post Evacuate Collection Set: 0.51ms
[384.668s][info][gc,phases   ] GC(876)   Other: 0.08ms
[384.668s][info][gc,heap     ] GC(876) Eden regions: 152->0(103)
[384.668s][info][gc,heap     ] GC(876) Survivor regions: 20->22(22)
[384.668s][info][gc,heap     ] GC(876) Old regions: 147->195
[384.668s][info][gc,heap     ] GC(876) Humongous regions: 6->6
[384.668s][info][gc,metaspace] GC(876) Metaspace: 42932K(43264K)->42932K(43264K) NonClass: 40112K(40320K)->40112K(40320K) Class: 2819K(2944K)->2819K(2944K)
[384.668s][info][gc          ] GC(876) Pause Young (Mixed) (G1 Evacuation Pause) 324M->222M(426M) 55.504ms
[384.668s][info][gc,cpu      ] GC(876) User=0.11s Sys=0.00s Real=0.05s
[384.964s][info][gc,start    ] GC(877) Pause Young (Concurrent Start) (G1 Humongous Allocation)
[384.964s][info][gc,task     ] GC(877) Using 2 workers of 2 for evacuation
[385.018s][info][gc,phases   ] GC(877)   Pre Evacuate Collection Set: 0.26ms
[385.018s][info][gc,phases   ] GC(877)   Merge Heap Roots: 0.25ms
[385.018s][info][gc,phases   ] GC(877)   Evacuate Collection Set: 52.27ms
[385.018s][info][gc,phases   ] GC(877)   Post Evacuate Collection Set: 0.45ms
[385.018s][info][gc,phases   ] GC(877)   Other: 0.13ms
[385.018s][info][gc,heap     ] GC(877) Eden regions: 89->0(64)
[385.018s][info][gc,heap     ] GC(877) Survivor regions: 22->16(16)
[385.018s][info][gc,heap     ] GC(877) Old regions: 195->257
[385.018s][info][gc,heap     ] GC(877) Humongous regions: 6->6
[385.018s][info][gc,metaspace] GC(877) Metaspace: 42932K(43264K)->42932K(43264K) NonClass: 40112K(40320K)->40112K(40320K) Class: 2819K(2944K)->2819K(2944K)
[385.018s][info][gc          ] GC(877) Pause Young (Concurrent Start) (G1 Humongous Allocation) 311M->278M(426M) 53.622ms
[385.018s][info][gc          ] GC(878) Concurrent Mark Cycle
[385.018s][info][gc,marking  ] GC(878) Concurrent Scan Root Regions
[385.020s][info][gc,cpu      ] GC(877) User=0.10s Sys=0.00s Real=0.05s
[385.047s][info][gc,marking  ] GC(878) Concurrent Scan Root Regions 28.700ms
[385.047s][info][gc,marking  ] GC(878) Concurrent Mark
[385.047s][info][gc,marking  ] GC(878) Concurrent Mark From Roots
[385.047s][info][gc,task     ] GC(878) Using 1 workers of 1 for marking
[385.162s][info][gc,marking  ] GC(878) Concurrent Mark From Roots 114.851ms
[385.162s][info][gc,marking  ] GC(878) Concurrent Preclean
[385.162s][info][gc,marking  ] GC(878) Concurrent Preclean 0.054ms
[385.162s][info][gc,start    ] GC(878) Pause Remark
[385.178s][info][gc          ] GC(878) Pause Remark 315M->269M(426M) 15.782ms
[385.178s][info][gc,cpu      ] GC(878) User=0.03s Sys=0.00s Real=0.02s
[385.180s][info][gc,marking  ] GC(878) Concurrent Mark 133.128ms
[385.180s][info][gc,marking  ] GC(878) Concurrent Rebuild Remembered Sets and Scrub Regions
[385.262s][info][gc,marking  ] GC(878) Concurrent Rebuild Remembered Sets and Scrub Regions 81.763ms
[385.262s][info][gc,start    ] GC(878) Pause Cleanup
[385.262s][info][gc          ] GC(878) Pause Cleanup 290M->290M(426M) 0.090ms
[385.262s][info][gc,cpu      ] GC(878) User=0.00s Sys=0.00s Real=0.01s
[385.262s][info][gc,marking  ] GC(878) Concurrent Clear Claimed Marks
[385.262s][info][gc,marking  ] GC(878) Concurrent Clear Claimed Marks 0.039ms
[385.262s][info][gc,marking  ] GC(878) Concurrent Cleanup for Next Mark
[385.263s][info][gc,marking  ] GC(878) Concurrent Cleanup for Next Mark 1.248ms
[385.263s][info][gc          ] GC(878) Concurrent Mark Cycle 245.308ms
[385.288s][info][gc,start    ] GC(879) Pause Young (Prepare Mixed) (G1 Evacuation Pause)
[385.288s][info][gc,task     ] GC(879) Using 2 workers of 2 for evacuation
[385.326s][info][gc,phases   ] GC(879)   Pre Evacuate Collection Set: 0.21ms
[385.326s][info][gc,phases   ] GC(879)   Merge Heap Roots: 0.39ms
[385.326s][info][gc,phases   ] GC(879)   Evacuate Collection Set: 37.22ms
[385.326s][info][gc,phases   ] GC(879)   Post Evacuate Collection Set: 0.38ms
[385.326s][info][gc,phases   ] GC(879)   Other: 0.08ms
[385.326s][info][gc,heap     ] GC(879) Eden regions: 64->0(66)
[385.326s][info][gc,heap     ] GC(879) Survivor regions: 16->10(10)
[385.326s][info][gc,heap     ] GC(879) Old regions: 213->255
[385.326s][info][gc,heap     ] GC(879) Humongous regions: 5->5
[385.326s][info][gc,metaspace] GC(879) Metaspace: 42932K(43264K)->42932K(43264K) NonClass: 40112K(40320K)->40112K(40320K) Class: 2819K(2944K)->2819K(2944K)
[385.326s][info][gc          ] GC(879) Pause Young (Prepare Mixed) (G1 Evacuation Pause) 297M->269M(426M) 38.456ms
[385.326s][info][gc,cpu      ] GC(879) User=0.08s Sys=0.00s Real=0.04s
[385.533s][info][gc,start    ] GC(880) Pause Young (Mixed) (G1 Evacuation Pause)
[385.533s][info][gc,task     ] GC(880) Using 2 workers of 2 for evacuation
[385.577s][info][gc,phases   ] GC(880)   Pre Evacuate Collection Set: 0.24ms
[385.577s][info][gc,phases   ] GC(880)   Merge Heap Roots: 0.26ms
[385.577s][info][gc,phases   ] GC(880)   Evacuate Collection Set: 42.82ms
[385.577s][info][gc,phases   ] GC(880)   Post Evacuate Collection Set: 0.46ms
[385.577s][info][gc,phases   ] GC(880)   Other: 0.08ms
[385.577s][info][gc,heap     ] GC(880) Eden regions: 66->0(58)
[385.577s][info][gc,heap     ] GC(880) Survivor regions: 10->10(10)
[385.577s][info][gc,heap     ] GC(880) Old regions: 255->265
[385.577s][info][gc,heap     ] GC(880) Humongous regions: 5->5
[385.577s][info][gc,metaspace] GC(880) Metaspace: 42932K(43264K)->42932K(43264K) NonClass: 40112K(40320K)->40112K(40320K) Class: 2819K(2944K)->2819K(2944K)
[385.577s][info][gc          ] GC(880) Pause Young (Mixed) (G1 Evacuation Pause) 335M->279M(426M) 44.129ms
[385.577s][info][gc,cpu      ] GC(880) User=0.09s Sys=0.00s Real=0.04s
[385.804s][info][gc,start    ] GC(881) Pause Young (Mixed) (G1 Evacuation Pause)
[385.804s][info][gc,task     ] GC(881) Using 2 workers of 2 for evacuation
[385.842s][info][gc,phases   ] GC(881)   Pre Evacuate Collection Set: 0.26ms
[385.842s][info][gc,phases   ] GC(881)   Merge Heap Roots: 0.37ms
[385.842s][info][gc,phases   ] GC(881)   Evacuate Collection Set: 35.94ms
[385.842s][info][gc,phases   ] GC(881)   Post Evacuate Collection Set: 1.42ms
[385.842s][info][gc,phases   ] GC(881)   Other: 0.08ms
[385.842s][info][gc,heap     ] GC(881) Eden regions: 58->0(120)
[385.842s][info][gc,heap     ] GC(881) Survivor regions: 10->9(9)
[385.842s][info][gc,heap     ] GC(881) Old regions: 265->289
[385.842s][info][gc,heap     ] GC(881) Humongous regions: 6->6
[385.842s][info][gc,metaspace] GC(881) Metaspace: 42932K(43264K)->42932K(43264K) NonClass: 40112K(40320K)->40112K(40320K) Class: 2819K(2944K)->2819K(2944K)
[385.842s][info][gc          ] GC(881) Pause Young (Mixed) (G1 Evacuation Pause) 338M->303M(578M) 38.325ms
[385.842s][info][gc,cpu      ] GC(881) User=0.08s Sys=0.00s Real=0.04s
[386.153s][info][gc,start    ] GC(882) Pause Young (Concurrent Start) (G1 Humongous Allocation)
[386.153s][info][gc,task     ] GC(882) Using 2 workers of 2 for evacuation
[386.195s][info][gc,phases   ] GC(882)   Pre Evacuate Collection Set: 0.29ms
[386.195s][info][gc,phases   ] GC(882)   Merge Heap Roots: 0.16ms
[386.195s][info][gc,phases   ] GC(882)   Evacuate Collection Set: 40.70ms
[386.195s][info][gc,phases   ] GC(882)   Post Evacuate Collection Set: 0.53ms
[386.195s][info][gc,phases   ] GC(882)   Other: 0.20ms
[386.195s][info][gc,heap     ] GC(882) Eden regions: 82->0(100)
[386.195s][info][gc,heap     ] GC(882) Survivor regions: 9->17(17)
[386.195s][info][gc,heap     ] GC(882) Old regions: 289->325
[386.195s][info][gc,heap     ] GC(882) Humongous regions: 6->6
[386.195s][info][gc,metaspace] GC(882) Metaspace: 42932K(43264K)->42932K(43264K) NonClass: 40112K(40320K)->40112K(40320K) Class: 2819K(2944K)->2819K(2944K)
[386.195s][info][gc          ] GC(882) Pause Young (Concurrent Start) (G1 Humongous Allocation) 385M->347M(578M) 42.138ms
[386.195s][info][gc,cpu      ] GC(882) User=0.07s Sys=0.01s Real=0.04s
[386.195s][info][gc          ] GC(883) Concurrent Mark Cycle
[386.195s][info][gc,marking  ] GC(883) Concurrent Scan Root Regions
[386.214s][info][gc,marking  ] GC(883) Concurrent Scan Root Regions 19.464ms
[386.214s][info][gc,marking  ] GC(883) Concurrent Mark
[386.214s][info][gc,marking  ] GC(883) Concurrent Mark From Roots
[386.214s][info][gc,task     ] GC(883) Using 1 workers of 1 for marking
[386.328s][info][gc,marking  ] GC(883) Concurrent Mark From Roots 113.423ms
[386.328s][info][gc,marking  ] GC(883) Concurrent Preclean
[386.328s][info][gc,marking  ] GC(883) Concurrent Preclean 0.055ms
[386.328s][info][gc,start    ] GC(883) Pause Remark
[386.343s][info][gc          ] GC(883) Pause Remark 384M->327M(578M) 14.794ms
[386.343s][info][gc,cpu      ] GC(883) User=0.03s Sys=0.00s Real=0.02s
[386.343s][info][gc,marking  ] GC(883) Concurrent Mark 128.587ms
[386.343s][info][gc,marking  ] GC(883) Concurrent Rebuild Remembered Sets and Scrub Regions
[386.414s][info][gc,marking  ] GC(883) Concurrent Rebuild Remembered Sets and Scrub Regions 70.442ms
[386.415s][info][gc,start    ] GC(883) Pause Cleanup
[386.415s][info][gc          ] GC(883) Pause Cleanup 346M->346M(578M) 0.137ms
[386.415s][info][gc,cpu      ] GC(883) User=0.00s Sys=0.00s Real=0.00s
[386.415s][info][gc,marking  ] GC(883) Concurrent Clear Claimed Marks
[386.415s][info][gc,marking  ] GC(883) Concurrent Clear Claimed Marks 0.062ms
[386.415s][info][gc,marking  ] GC(883) Concurrent Cleanup for Next Mark
[386.419s][info][gc,marking  ] GC(883) Concurrent Cleanup for Next Mark 3.280ms
[386.419s][info][gc          ] GC(883) Concurrent Mark Cycle 223.734ms
[386.571s][info][gc,start    ] GC(884) Pause Young (Prepare Mixed) (G1 Evacuation Pause)
[386.571s][info][gc,task     ] GC(884) Using 2 workers of 2 for evacuation
[386.596s][info][gc,phases   ] GC(884)   Pre Evacuate Collection Set: 0.24ms
[386.596s][info][gc,phases   ] GC(884)   Merge Heap Roots: 0.27ms
[386.596s][info][gc,phases   ] GC(884)   Evacuate Collection Set: 23.38ms
[386.596s][info][gc,phases   ] GC(884)   Post Evacuate Collection Set: 0.43ms
[386.596s][info][gc,phases   ] GC(884)   Other: 0.07ms
[386.596s][info][gc,heap     ] GC(884) Eden regions: 100->0(131)
[386.596s][info][gc,heap     ] GC(884) Survivor regions: 17->12(15)
[386.596s][info][gc,heap     ] GC(884) Old regions: 270->283
[386.596s][info][gc,heap     ] GC(884) Humongous regions: 5->5
[386.596s][info][gc,metaspace] GC(884) Metaspace: 42932K(43264K)->42932K(43264K) NonClass: 40112K(40320K)->40112K(40320K) Class: 2819K(2944K)->2819K(2944K)
[386.596s][info][gc          ] GC(884) Pause Young (Prepare Mixed) (G1 Evacuation Pause) 391M->299M(578M) 24.599ms
[386.596s][info][gc,cpu      ] GC(884) User=0.04s Sys=0.01s Real=0.03s
[387.024s][info][gc,start    ] GC(885) Pause Young (Mixed) (G1 Evacuation Pause)
[387.024s][info][gc,task     ] GC(885) Using 2 workers of 2 for evacuation
[387.048s][info][gc,phases   ] GC(885)   Pre Evacuate Collection Set: 0.33ms
[387.049s][info][gc,phases   ] GC(885)   Merge Heap Roots: 0.16ms
[387.049s][info][gc,phases   ] GC(885)   Evacuate Collection Set: 23.70ms
[387.049s][info][gc,phases   ] GC(885)   Post Evacuate Collection Set: 0.49ms
[387.049s][info][gc,phases   ] GC(885)   Other: 0.10ms
[387.049s][info][gc,heap     ] GC(885) Eden regions: 131->0(161)
[387.049s][info][gc,heap     ] GC(885) Survivor regions: 12->18(18)
[387.049s][info][gc,heap     ] GC(885) Old regions: 283->232
[387.049s][info][gc,heap     ] GC(885) Humongous regions: 5->5
[387.049s][info][gc,metaspace] GC(885) Metaspace: 42932K(43264K)->42932K(43264K) NonClass: 40112K(40320K)->40112K(40320K) Class: 2819K(2944K)->2819K(2944K)
[387.049s][info][gc          ] GC(885) Pause Young (Mixed) (G1 Evacuation Pause) 430M->254M(578M) 25.010ms
[387.049s][info][gc,cpu      ] GC(885) User=0.04s Sys=0.01s Real=0.02s
[387.596s][info][gc,start    ] GC(886) Pause Young (Mixed) (G1 Evacuation Pause)
[387.596s][info][gc,task     ] GC(886) Using 2 workers of 2 for evacuation
[387.625s][info][gc,phases   ] GC(886)   Pre Evacuate Collection Set: 0.29ms
[387.625s][info][gc,phases   ] GC(886)   Merge Heap Roots: 0.30ms
[387.625s][info][gc,phases   ] GC(886)   Evacuate Collection Set: 28.08ms
[387.625s][info][gc,phases   ] GC(886)   Post Evacuate Collection Set: 0.53ms
[387.625s][info][gc,phases   ] GC(886)   Other: 0.09ms
[387.625s][info][gc,heap     ] GC(886) Eden regions: 161->0(187)
[387.625s][info][gc,heap     ] GC(886) Survivor regions: 18->22(23)
[387.625s][info][gc,heap     ] GC(886) Old regions: 232->192
[387.625s][info][gc,heap     ] GC(886) Humongous regions: 6->5
[387.626s][info][gc,metaspace] GC(886) Metaspace: 42932K(43264K)->42932K(43264K) NonClass: 40112K(40320K)->40112K(40320K) Class: 2819K(2944K)->2819K(2944K)
[387.626s][info][gc          ] GC(886) Pause Young (Mixed) (G1 Evacuation Pause) 416M->218M(578M) 29.488ms
[387.626s][info][gc,cpu      ] GC(886) User=0.05s Sys=0.00s Real=0.03s
[388.218s][info][gc,start    ] GC(887) Pause Young (Mixed) (G1 Evacuation Pause)
[388.218s][info][gc,task     ] GC(887) Using 2 workers of 2 for evacuation
[388.233s][info][gc,phases   ] GC(887)   Pre Evacuate Collection Set: 0.25ms
[388.233s][info][gc,phases   ] GC(887)   Merge Heap Roots: 0.24ms
[388.233s][info][gc,phases   ] GC(887)   Evacuate Collection Set: 13.94ms
[388.233s][info][gc,phases   ] GC(887)   Post Evacuate Collection Set: 0.46ms
[388.233s][info][gc,phases   ] GC(887)   Other: 0.07ms
[388.233s][info][gc,heap     ] GC(887) Eden regions: 187->0(204)
[388.233s][info][gc,heap     ] GC(887) Survivor regions: 22->13(27)
[388.233s][info][gc,heap     ] GC(887) Old regions: 192->192
[388.233s][info][gc,heap     ] GC(887) Humongous regions: 7->5
[388.233s][info][gc,metaspace] GC(887) Metaspace: 42932K(43264K)->42932K(43264K) NonClass: 40112K(40320K)->40112K(40320K) Class: 2819K(2944K)->2819K(2944K)
[388.233s][info][gc          ] GC(887) Pause Young (Mixed) (G1 Evacuation Pause) 407M->209M(578M) 15.192ms
[388.233s][info][gc,cpu      ] GC(887) User=0.03s Sys=0.00s Real=0.02s
[388.870s][info][gc,start    ] GC(888) Pause Young (Normal) (G1 Evacuation Pause)
[388.870s][info][gc,task     ] GC(888) Using 2 workers of 2 for evacuation
[388.877s][info][gc,phases   ] GC(888)   Pre Evacuate Collection Set: 0.24ms
[388.877s][info][gc,phases   ] GC(888)   Merge Heap Roots: 0.07ms
[388.877s][info][gc,phases   ] GC(888)   Evacuate Collection Set: 5.48ms
[388.877s][info][gc,phases   ] GC(888)   Post Evacuate Collection Set: 0.47ms
[388.877s][info][gc,phases   ] GC(888)   Other: 0.08ms
[388.877s][info][gc,heap     ] GC(888) Eden regions: 204->0(221)
[388.877s][info][gc,heap     ] GC(888) Survivor regions: 13->10(28)
[388.877s][info][gc,heap     ] GC(888) Old regions: 192->192
[388.877s][info][gc,heap     ] GC(888) Humongous regions: 7->5
[388.877s][info][gc,metaspace] GC(888) Metaspace: 42932K(43264K)->42932K(43264K) NonClass: 40112K(40320K)->40112K(40320K) Class: 2819K(2944K)->2819K(2944K)
[388.877s][info][gc          ] GC(888) Pause Young (Normal) (G1 Evacuation Pause) 415M->206M(578M) 6.548ms
[388.877s][info][gc,cpu      ] GC(888) User=0.01s Sys=0.00s Real=0.01s
[388.941s][info][gc,start    ] GC(889) Pause Young (Concurrent Start) (G1 Humongous Allocation)
[388.941s][info][gc,task     ] GC(889) Using 2 workers of 2 for evacuation
[388.951s][info][gc,phases   ] GC(889)   Pre Evacuate Collection Set: 0.23ms
[388.951s][info][gc,phases   ] GC(889)   Merge Heap Roots: 0.07ms
[388.951s][info][gc,phases   ] GC(889)   Evacuate Collection Set: 9.53ms
[388.951s][info][gc,phases   ] GC(889)   Post Evacuate Collection Set: 0.33ms
[388.951s][info][gc,phases   ] GC(889)   Other: 0.09ms
[388.951s][info][gc,heap     ] GC(889) Eden regions: 23->0(199)
[388.951s][info][gc,heap     ] GC(889) Survivor regions: 10->17(29)
[388.951s][info][gc,heap     ] GC(889) Old regions: 192->192
[388.951s][info][gc,heap     ] GC(889) Humongous regions: 5->5
[388.951s][info][gc,metaspace] GC(889) Metaspace: 42932K(43264K)->42932K(43264K) NonClass: 40112K(40320K)->40112K(40320K) Class: 2819K(2944K)->2819K(2944K)
[388.951s][info][gc          ] GC(889) Pause Young (Concurrent Start) (G1 Humongous Allocation) 228M->213M(578M) 10.447ms
[388.951s][info][gc,cpu      ] GC(889) User=0.02s Sys=0.00s Real=0.01s
[388.951s][info][gc          ] GC(890) Concurrent Mark Cycle
[388.951s][info][gc,marking  ] GC(890) Concurrent Scan Root Regions
[388.958s][info][gc,marking  ] GC(890) Concurrent Scan Root Regions 6.965ms
[388.958s][info][gc,marking  ] GC(890) Concurrent Mark
[388.958s][info][gc,marking  ] GC(890) Concurrent Mark From Roots
[388.958s][info][gc,task     ] GC(890) Using 1 workers of 1 for marking
[389.032s][info][gc,marking  ] GC(890) Concurrent Mark From Roots 74.182ms
[389.033s][info][gc,marking  ] GC(890) Concurrent Preclean
[389.033s][info][gc,marking  ] GC(890) Concurrent Preclean 0.049ms
[389.033s][info][gc,start    ] GC(890) Pause Remark
[389.047s][info][gc          ] GC(890) Pause Remark 233M->134M(387M) 14.642ms
[389.047s][info][gc,cpu      ] GC(890) User=0.03s Sys=0.00s Real=0.01s
[389.047s][info][gc,marking  ] GC(890) Concurrent Mark 89.135ms
[389.047s][info][gc,marking  ] GC(890) Concurrent Rebuild Remembered Sets and Scrub Regions
[389.077s][info][gc,marking  ] GC(890) Concurrent Rebuild Remembered Sets and Scrub Regions 29.174ms
[389.077s][info][gc,start    ] GC(890) Pause Cleanup
[389.077s][info][gc          ] GC(890) Pause Cleanup 144M->144M(387M) 0.069ms
[389.077s][info][gc,cpu      ] GC(890) User=0.00s Sys=0.00s Real=0.00s
[389.077s][info][gc,marking  ] GC(890) Concurrent Clear Claimed Marks
[389.077s][info][gc,marking  ] GC(890) Concurrent Clear Claimed Marks 0.036ms
[389.077s][info][gc,marking  ] GC(890) Concurrent Cleanup for Next Mark
[389.078s][info][gc,marking  ] GC(890) Concurrent Cleanup for Next Mark 1.124ms
[389.078s][info][gc          ] GC(890) Concurrent Mark Cycle 126.908ms
[389.615s][info][gc,start    ] GC(891) Pause Young (Prepare Mixed) (G1 Evacuation Pause)
[389.615s][info][gc,task     ] GC(891) Using 2 workers of 2 for evacuation
[389.631s][info][gc,phases   ] GC(891)   Pre Evacuate Collection Set: 0.24ms
[389.631s][info][gc,phases   ] GC(891)   Merge Heap Roots: 0.08ms
[389.631s][info][gc,phases   ] GC(891)   Evacuate Collection Set: 14.60ms
[389.631s][info][gc,phases   ] GC(891)   Post Evacuate Collection Set: 0.45ms
[389.631s][info][gc,phases   ] GC(891)   Other: 0.10ms
[389.631s][info][gc,heap     ] GC(891) Eden regions: 199->0(151)
[389.631s][info][gc,heap     ] GC(891) Survivor regions: 17->25(27)
[389.631s][info][gc,heap     ] GC(891) Old regions: 95->96
[389.631s][info][gc,heap     ] GC(891) Humongous regions: 6->4
[389.631s][info][gc,metaspace] GC(891) Metaspace: 42932K(43264K)->42932K(43264K) NonClass: 40112K(40320K)->40112K(40320K) Class: 2819K(2944K)->2819K(2944K)
[389.631s][info][gc          ] GC(891) Pause Young (Prepare Mixed) (G1 Evacuation Pause) 316M->124M(387M) 15.694ms
[389.631s][info][gc,cpu      ] GC(891) User=0.03s Sys=0.00s Real=0.01s
[390.061s][info][gc,start    ] GC(892) Pause Young (Mixed) (G1 Evacuation Pause)
[390.061s][info][gc,task     ] GC(892) Using 2 workers of 2 for evacuation
[390.076s][info][gc,phases   ] GC(892)   Pre Evacuate Collection Set: 0.22ms
[390.076s][info][gc,phases   ] GC(892)   Merge Heap Roots: 0.09ms
[390.076s][info][gc,phases   ] GC(892)   Evacuate Collection Set: 14.12ms
[390.076s][info][gc,phases   ] GC(892)   Post Evacuate Collection Set: 0.45ms
[390.076s][info][gc,phases   ] GC(892)   Other: 0.08ms
[390.076s][info][gc,heap     ] GC(892) Eden regions: 151->0(169)
[390.076s][info][gc,heap     ] GC(892) Survivor regions: 25->21(22)
[390.076s][info][gc,heap     ] GC(892) Old regions: 96->78
[390.076s][info][gc,heap     ] GC(892) Humongous regions: 6->3
[390.076s][info][gc,metaspace] GC(892) Metaspace: 42932K(43264K)->42932K(43264K) NonClass: 40112K(40320K)->40112K(40320K) Class: 2819K(2944K)->2819K(2944K)
[390.076s][info][gc          ] GC(892) Pause Young (Mixed) (G1 Evacuation Pause) 277M->101M(387M) 15.184ms
[390.076s][info][gc,cpu      ] GC(892) User=0.03s Sys=0.00s Real=0.02s
[390.558s][info][gc,start    ] GC(893) Pause Young (Concurrent Start) (G1 Evacuation Pause)
[390.558s][info][gc,task     ] GC(893) Using 2 workers of 2 for evacuation
[390.570s][info][gc,phases   ] GC(893)   Pre Evacuate Collection Set: 0.21ms
[390.570s][info][gc,phases   ] GC(893)   Merge Heap Roots: 0.07ms
[390.570s][info][gc,phases   ] GC(893)   Evacuate Collection Set: 11.44ms
[390.570s][info][gc,phases   ] GC(893)   Post Evacuate Collection Set: 0.45ms
[390.570s][info][gc,phases   ] GC(893)   Other: 0.10ms
[390.570s][info][gc,heap     ] GC(893) Eden regions: 169->0(184)
[390.570s][info][gc,heap     ] GC(893) Survivor regions: 21->2(24)
[390.570s][info][gc,heap     ] GC(893) Old regions: 78->98
[390.570s][info][gc,heap     ] GC(893) Humongous regions: 3->3
[390.570s][info][gc,metaspace] GC(893) Metaspace: 42932K(43264K)->42932K(43264K) NonClass: 40112K(40320K)->40112K(40320K) Class: 2819K(2944K)->2819K(2944K)
[390.570s][info][gc          ] GC(893) Pause Young (Concurrent Start) (G1 Evacuation Pause) 270M->102M(387M) 12.461ms
[390.570s][info][gc,cpu      ] GC(893) User=0.02s Sys=0.00s Real=0.01s
[390.570s][info][gc          ] GC(894) Concurrent Mark Cycle
[390.570s][info][gc,marking  ] GC(894) Concurrent Scan Root Regions
[390.578s][info][gc,marking  ] GC(894) Concurrent Scan Root Regions 7.825ms
[390.578s][info][gc,marking  ] GC(894) Concurrent Mark
[390.578s][info][gc,marking  ] GC(894) Concurrent Mark From Roots
[390.578s][info][gc,task     ] GC(894) Using 1 workers of 1 for marking
[390.650s][info][gc,marking  ] GC(894) Concurrent Mark From Roots 71.779ms
[390.650s][info][gc,marking  ] GC(894) Concurrent Preclean
[390.650s][info][gc,marking  ] GC(894) Concurrent Preclean 0.046ms
[390.650s][info][gc,start    ] GC(894) Pause Remark
[390.665s][info][gc          ] GC(894) Pause Remark 127M->126M(340M) 14.865ms
[390.665s][info][gc,cpu      ] GC(894) User=0.03s Sys=0.00s Real=0.02s
[390.667s][info][gc,marking  ] GC(894) Concurrent Mark 88.546ms
[390.667s][info][gc,marking  ] GC(894) Concurrent Rebuild Remembered Sets and Scrub Regions
[390.703s][info][gc,marking  ] GC(894) Concurrent Rebuild Remembered Sets and Scrub Regions 36.204ms
[390.703s][info][gc,start    ] GC(894) Pause Cleanup
[390.703s][info][gc          ] GC(894) Pause Cleanup 138M->138M(340M) 0.050ms
[390.703s][info][gc,cpu      ] GC(894) User=0.00s Sys=0.00s Real=0.00s
[390.703s][info][gc,marking  ] GC(894) Concurrent Clear Claimed Marks
[390.703s][info][gc,marking  ] GC(894) Concurrent Clear Claimed Marks 0.034ms
[390.703s][info][gc,marking  ] GC(894) Concurrent Cleanup for Next Mark
[390.704s][info][gc,marking  ] GC(894) Concurrent Cleanup for Next Mark 0.966ms
[390.704s][info][gc          ] GC(894) Concurrent Mark Cycle 133.994ms
[391.099s][info][gc,start    ] GC(895) Pause Young (Prepare Mixed) (G1 Evacuation Pause)
[391.099s][info][gc,task     ] GC(895) Using 2 workers of 2 for evacuation
[391.102s][info][gc,phases   ] GC(895)   Pre Evacuate Collection Set: 0.22ms
[391.102s][info][gc,phases   ] GC(895)   Merge Heap Roots: 0.07ms
[391.102s][info][gc,phases   ] GC(895)   Evacuate Collection Set: 1.85ms
[391.102s][info][gc,phases   ] GC(895)   Post Evacuate Collection Set: 0.43ms
[391.102s][info][gc,phases   ] GC(895)   Other: 0.08ms
[391.102s][info][gc,heap     ] GC(895) Eden regions: 184->0(166)
[391.102s][info][gc,heap     ] GC(895) Survivor regions: 2->2(24)
[391.102s][info][gc,heap     ] GC(895) Old regions: 97->97
[391.102s][info][gc,heap     ] GC(895) Humongous regions: 4->3
[391.102s][info][gc,metaspace] GC(895) Metaspace: 42932K(43264K)->42932K(43264K) NonClass: 40112K(40320K)->40112K(40320K) Class: 2819K(2944K)->2819K(2944K)
[391.102s][info][gc          ] GC(895) Pause Young (Prepare Mixed) (G1 Evacuation Pause) 286M->101M(340M) 2.845ms
[391.102s][info][gc,cpu      ] GC(895) User=0.01s Sys=0.00s Real=0.01s
[391.536s][info][gc,start    ] GC(896) Pause Young (Mixed) (G1 Evacuation Pause)
[391.536s][info][gc,task     ] GC(896) Using 2 workers of 2 for evacuation
[391.543s][info][gc,phases   ] GC(896)   Pre Evacuate Collection Set: 0.18ms
[391.543s][info][gc,phases   ] GC(896)   Merge Heap Roots: 0.11ms
[391.543s][info][gc,phases   ] GC(896)   Evacuate Collection Set: 6.18ms
[391.543s][info][gc,phases   ] GC(896)   Post Evacuate Collection Set: 0.44ms
[391.543s][info][gc,phases   ] GC(896)   Other: 0.11ms
[391.543s][info][gc,heap     ] GC(896) Eden regions: 166->0(184)
[391.544s][info][gc,heap     ] GC(896) Survivor regions: 2->4(21)
[391.544s][info][gc,heap     ] GC(896) Old regions: 97->85
[391.544s][info][gc,heap     ] GC(896) Humongous regions: 3->1
[391.544s][info][gc,metaspace] GC(896) Metaspace: 42932K(43264K)->42932K(43264K) NonClass: 40112K(40320K)->40112K(40320K) Class: 2819K(2944K)->2819K(2944K)
[391.544s][info][gc          ] GC(896) Pause Young (Mixed) (G1 Evacuation Pause) 267M->89M(340M) 7.216ms
[391.544s][info][gc,cpu      ] GC(896) User=0.02s Sys=0.00s Real=0.01s
[391.833s][info][gc,start    ] GC(897) Pause Young (Concurrent Start) (G1 Evacuation Pause)
[391.833s][info][gc,task     ] GC(897) Using 2 workers of 2 for evacuation
[391.838s][info][gc,phases   ] GC(897)   Pre Evacuate Collection Set: 0.19ms
[391.838s][info][gc,phases   ] GC(897)   Merge Heap Roots: 0.07ms
[391.838s][info][gc,phases   ] GC(897)   Evacuate Collection Set: 4.07ms
[391.838s][info][gc,phases   ] GC(897)   Post Evacuate Collection Set: 0.41ms
[391.838s][info][gc,phases   ] GC(897)   Other: 0.09ms
[391.838s][info][gc,heap     ] GC(897) Eden regions: 184->0(193)
[391.838s][info][gc,heap     ] GC(897) Survivor regions: 4->5(24)
[391.838s][info][gc,heap     ] GC(897) Old regions: 85->85
[391.838s][info][gc,heap     ] GC(897) Humongous regions: 1->1
[391.838s][info][gc,metaspace] GC(897) Metaspace: 42932K(43264K)->42932K(43264K) NonClass: 40112K(40320K)->40112K(40320K) Class: 2819K(2944K)->2819K(2944K)
[391.838s][info][gc          ] GC(897) Pause Young (Concurrent Start) (G1 Evacuation Pause) 273M->89M(340M) 5.067ms
[391.838s][info][gc          ] GC(898) Concurrent Mark Cycle
[391.838s][info][gc,marking  ] GC(898) Concurrent Scan Root Regions
[391.840s][info][gc,cpu      ] GC(897) User=0.01s Sys=0.01s Real=0.00s
[391.840s][info][gc,marking  ] GC(898) Concurrent Scan Root Regions 2.077ms
[391.840s][info][gc,marking  ] GC(898) Concurrent Mark
[391.840s][info][gc,marking  ] GC(898) Concurrent Mark From Roots
[391.840s][info][gc,task     ] GC(898) Using 1 workers of 1 for marking
[391.916s][info][gc,marking  ] GC(898) Concurrent Mark From Roots 75.967ms
[391.916s][info][gc,marking  ] GC(898) Concurrent Preclean
[391.916s][info][gc,marking  ] GC(898) Concurrent Preclean 0.046ms
[391.916s][info][gc,start    ] GC(898) Pause Remark
[391.931s][info][gc          ] GC(898) Pause Remark 137M->123M(257M) 14.977ms
[391.931s][info][gc,cpu      ] GC(898) User=0.03s Sys=0.00s Real=0.01s
[391.931s][info][gc,marking  ] GC(898) Concurrent Mark 91.277ms
[391.931s][info][gc,marking  ] GC(898) Concurrent Rebuild Remembered Sets and Scrub Regions
[391.961s][info][gc,marking  ] GC(898) Concurrent Rebuild Remembered Sets and Scrub Regions 29.318ms
[391.961s][info][gc,start    ] GC(898) Pause Cleanup
[391.961s][info][gc          ] GC(898) Pause Cleanup 142M->142M(257M) 0.047ms
[391.961s][info][gc,cpu      ] GC(898) User=0.00s Sys=0.00s Real=0.00s
[391.961s][info][gc,marking  ] GC(898) Concurrent Clear Claimed Marks
[391.961s][info][gc,marking  ] GC(898) Concurrent Clear Claimed Marks 0.036ms
[391.961s][info][gc,marking  ] GC(898) Concurrent Cleanup for Next Mark
[391.962s][info][gc,marking  ] GC(898) Concurrent Cleanup for Next Mark 0.728ms
[391.962s][info][gc          ] GC(898) Concurrent Mark Cycle 123.772ms
[392.086s][info][gc,start    ] GC(899) Pause Young (Prepare Mixed) (G1 Evacuation Pause)
[392.086s][info][gc,task     ] GC(899) Using 2 workers of 2 for evacuation
[392.090s][info][gc,phases   ] GC(899)   Pre Evacuate Collection Set: 0.16ms
[392.090s][info][gc,phases   ] GC(899)   Merge Heap Roots: 0.06ms
[392.090s][info][gc,phases   ] GC(899)   Evacuate Collection Set: 3.03ms
[392.090s][info][gc,phases   ] GC(899)   Post Evacuate Collection Set: 0.41ms
[392.090s][info][gc,phases   ] GC(899)   Other: 0.10ms
[392.090s][info][gc,heap     ] GC(899) Eden regions: 149->0(145)
[392.090s][info][gc,heap     ] GC(899) Survivor regions: 5->5(20)
[392.090s][info][gc,heap     ] GC(899) Old regions: 71->71
[392.090s][info][gc,heap     ] GC(899) Humongous regions: 1->1
[392.090s][info][gc,metaspace] GC(899) Metaspace: 42932K(43264K)->42932K(43264K) NonClass: 40112K(40320K)->40112K(40320K) Class: 2819K(2944K)->2819K(2944K)
[392.090s][info][gc          ] GC(899) Pause Young (Prepare Mixed) (G1 Evacuation Pause) 224M->76M(257M) 3.944ms
[392.090s][info][gc,cpu      ] GC(899) User=0.01s Sys=0.00s Real=0.00s
[392.558s][info][gc,start    ] GC(900) Pause Young (Mixed) (G1 Evacuation Pause)
[392.558s][info][gc,task     ] GC(900) Using 2 workers of 2 for evacuation
[392.575s][info][gc,phases   ] GC(900)   Pre Evacuate Collection Set: 0.21ms
[392.575s][info][gc,phases   ] GC(900)   Merge Heap Roots: 0.13ms
[392.576s][info][gc,phases   ] GC(900)   Evacuate Collection Set: 16.28ms
[392.576s][info][gc,phases   ] GC(900)   Post Evacuate Collection Set: 0.91ms
[392.576s][info][gc,phases   ] GC(900)   Other: 0.08ms
[392.576s][info][gc,heap     ] GC(900) Eden regions: 90->0(214)
[392.576s][info][gc,heap     ] GC(900) Survivor regions: 5->9(19)
[392.576s][info][gc,heap     ] GC(900) Old regions: 71->62
[392.576s][info][gc,heap     ] GC(900) Humongous regions: 193->1
[392.576s][info][gc,metaspace] GC(900) Metaspace: 42932K(43264K)->42932K(43264K) NonClass: 40112K(40320K)->40112K(40320K) Class: 2819K(2944K)->2819K(2944K)
[392.576s][info][gc          ] GC(900) Pause Young (Mixed) (G1 Evacuation Pause) 358M->70M(372M) 17.875ms
[392.576s][info][gc,cpu      ] GC(900) User=0.02s Sys=0.01s Real=0.02s
[392.578s][info][gc,start    ] GC(901) Pause Young (Concurrent Start) (G1 Humongous Allocation)
[392.578s][info][gc,task     ] GC(901) Using 2 workers of 2 for evacuation
[392.584s][info][gc,phases   ] GC(901)   Pre Evacuate Collection Set: 0.19ms
[392.584s][info][gc,phases   ] GC(901)   Merge Heap Roots: 0.04ms
[392.584s][info][gc,phases   ] GC(901)   Evacuate Collection Set: 5.64ms
[392.584s][info][gc,phases   ] GC(901)   Post Evacuate Collection Set: 0.30ms
[392.584s][info][gc,phases   ] GC(901)   Other: 0.07ms
[392.584s][info][gc,heap     ] GC(901) Eden regions: 1->0(214)
[392.584s][info][gc,heap     ] GC(901) Survivor regions: 9->9(28)
[392.584s][info][gc,heap     ] GC(901) Old regions: 62->62
[392.584s][info][gc,heap     ] GC(901) Humongous regions: 1->1
[392.584s][info][gc,metaspace] GC(901) Metaspace: 42932K(43264K)->42932K(43264K) NonClass: 40112K(40320K)->40112K(40320K) Class: 2819K(2944K)->2819K(2944K)
[392.584s][info][gc          ] GC(901) Pause Young (Concurrent Start) (G1 Humongous Allocation) 70M->70M(372M) 6.402ms
[392.584s][info][gc          ] GC(902) Concurrent Mark Cycle
[392.584s][info][gc,marking  ] GC(902) Concurrent Scan Root Regions
[392.587s][info][gc,cpu      ] GC(901) User=0.01s Sys=0.00s Real=0.01s
[392.589s][info][gc,marking  ] GC(902) Concurrent Scan Root Regions 4.248ms
[392.589s][info][gc,marking  ] GC(902) Concurrent Mark
[392.589s][info][gc,marking  ] GC(902) Concurrent Mark From Roots
[392.589s][info][gc,task     ] GC(902) Using 1 workers of 1 for marking
[392.657s][info][gc,marking  ] GC(902) Concurrent Mark From Roots 68.567ms
[392.657s][info][gc,marking  ] GC(902) Concurrent Preclean
[392.657s][info][gc,marking  ] GC(902) Concurrent Preclean 0.046ms
[392.657s][info][gc,start    ] GC(902) Pause Remark
[392.673s][info][gc          ] GC(902) Pause Remark 135M->134M(372M) 15.480ms
[392.673s][info][gc,cpu      ] GC(902) User=0.03s Sys=0.00s Real=0.02s
[392.673s][info][gc,marking  ] GC(902) Concurrent Mark 84.330ms
[392.673s][info][gc,marking  ] GC(902) Concurrent Rebuild Remembered Sets and Scrub Regions
[392.703s][info][gc,marking  ] GC(902) Concurrent Rebuild Remembered Sets and Scrub Regions 29.517ms
[392.703s][info][gc,start    ] GC(902) Pause Cleanup
[392.703s][info][gc          ] GC(902) Pause Cleanup 155M->155M(372M) 0.060ms
[392.703s][info][gc,cpu      ] GC(902) User=0.00s Sys=0.00s Real=0.00s
[392.703s][info][gc,marking  ] GC(902) Concurrent Clear Claimed Marks
[392.703s][info][gc,marking  ] GC(902) Concurrent Clear Claimed Marks 0.041ms
[392.703s][info][gc,marking  ] GC(902) Concurrent Cleanup for Next Mark
[392.705s][info][gc,marking  ] GC(902) Concurrent Cleanup for Next Mark 2.216ms
[392.705s][info][gc          ] GC(902) Concurrent Mark Cycle 120.787ms
[393.151s][info][gc,start    ] GC(903) Pause Young (Prepare Mixed) (G1 Evacuation Pause)
[393.151s][info][gc,task     ] GC(903) Using 2 workers of 2 for evacuation
[393.167s][info][gc,phases   ] GC(903)   Pre Evacuate Collection Set: 0.28ms
[393.167s][info][gc,phases   ] GC(903)   Merge Heap Roots: 0.07ms
[393.167s][info][gc,phases   ] GC(903)   Evacuate Collection Set: 14.30ms
[393.167s][info][gc,phases   ] GC(903)   Post Evacuate Collection Set: 1.04ms
[393.167s][info][gc,phases   ] GC(903)   Other: 0.13ms
[393.167s][info][gc,heap     ] GC(903) Eden regions: 57->0(285)
[393.167s][info][gc,heap     ] GC(903) Survivor regions: 9->13(33)
[393.167s][info][gc,heap     ] GC(903) Old regions: 61->61
[393.167s][info][gc,heap     ] GC(903) Humongous regions: 357->1
[393.167s][info][gc,metaspace] GC(903) Metaspace: 42932K(43264K)->42932K(43264K) NonClass: 40112K(40320K)->40112K(40320K) Class: 2819K(2944K)->2819K(2944K)
[393.167s][info][gc          ] GC(903) Pause Young (Prepare Mixed) (G1 Evacuation Pause) 482M->73M(497M) 16.070ms
[393.167s][info][gc,cpu      ] GC(903) User=0.03s Sys=0.01s Real=0.02s
[393.839s][info][gc,start    ] GC(904) Pause Young (Mixed) (G1 Evacuation Pause)
[393.839s][info][gc,task     ] GC(904) Using 2 workers of 2 for evacuation
[393.884s][info][gc,phases   ] GC(904)   Pre Evacuate Collection Set: 0.33ms
[393.884s][info][gc,phases   ] GC(904)   Merge Heap Roots: 0.13ms
[393.884s][info][gc,phases   ] GC(904)   Evacuate Collection Set: 42.54ms
[393.884s][info][gc,phases   ] GC(904)   Post Evacuate Collection Set: 1.42ms
[393.884s][info][gc,phases   ] GC(904)   Other: 0.09ms
[393.884s][info][gc,heap     ] GC(904) Eden regions: 82->0(337)
[393.884s][info][gc,heap     ] GC(904) Survivor regions: 13->25(41)
[393.884s][info][gc,heap     ] GC(904) Old regions: 61->57
[393.884s][info][gc,heap     ] GC(904) Humongous regions: 421->1
[393.884s][info][gc,metaspace] GC(904) Metaspace: 42932K(43264K)->42932K(43264K) NonClass: 40112K(40320K)->40112K(40320K) Class: 2819K(2944K)->2819K(2944K)
[393.884s][info][gc          ] GC(904) Pause Young (Mixed) (G1 Evacuation Pause) 575M->82M(604M) 44.759ms
[393.884s][info][gc,cpu      ] GC(904) User=0.06s Sys=0.02s Real=0.05s
[394.003s][info][gc,start    ] GC(905) Pause Young (Concurrent Start) (G1 Humongous Allocation)
[394.003s][info][gc,task     ] GC(905) Using 2 workers of 2 for evacuation
[394.027s][info][gc,phases   ] GC(905)   Pre Evacuate Collection Set: 0.29ms
[394.027s][info][gc,phases   ] GC(905)   Merge Heap Roots: 0.05ms
[394.027s][info][gc,phases   ] GC(905)   Evacuate Collection Set: 23.26ms
[394.027s][info][gc,phases   ] GC(905)   Post Evacuate Collection Set: 0.39ms
[394.027s][info][gc,phases   ] GC(905)   Other: 0.09ms
[394.027s][info][gc,heap     ] GC(905) Eden regions: 15->0(337)
[394.027s][info][gc,heap     ] GC(905) Survivor regions: 25->25(46)
[394.027s][info][gc,heap     ] GC(905) Old regions: 57->59
[394.027s][info][gc,heap     ] GC(905) Humongous regions: 85->1
[394.027s][info][gc,metaspace] GC(905) Metaspace: 42932K(43264K)->42932K(43264K) NonClass: 40112K(40320K)->40112K(40320K) Class: 2819K(2944K)->2819K(2944K)
[394.027s][info][gc          ] GC(905) Pause Young (Concurrent Start) (G1 Humongous Allocation) 181M->83M(604M) 24.323ms
[394.027s][info][gc          ] GC(906) Concurrent Undo Cycle
[394.028s][info][gc,marking  ] GC(906) Concurrent Clear Claimed Marks
[394.028s][info][gc,marking  ] GC(906) Concurrent Clear Claimed Marks 0.038ms
[394.028s][info][gc,marking  ] GC(906) Concurrent Cleanup for Next Mark
[394.028s][info][gc,cpu      ] GC(905) User=0.04s Sys=0.00s Real=0.02s
[394.028s][info][gc,marking  ] GC(906) Concurrent Cleanup for Next Mark 0.276ms
[394.028s][info][gc          ] GC(906) Concurrent Undo Cycle 0.359ms
[394.072s][info][gc,start    ] GC(907) Pause Young (Concurrent Start) (G1 Humongous Allocation)
[394.072s][info][gc,task     ] GC(907) Using 2 workers of 2 for evacuation
[394.095s][info][gc,phases   ] GC(907)   Pre Evacuate Collection Set: 0.30ms
[394.095s][info][gc,phases   ] GC(907)   Merge Heap Roots: 0.06ms
[394.095s][info][gc,phases   ] GC(907)   Evacuate Collection Set: 21.87ms
[394.095s][info][gc,phases   ] GC(907)   Post Evacuate Collection Set: 0.34ms
[394.095s][info][gc,phases   ] GC(907)   Other: 0.14ms
[394.095s][info][gc,heap     ] GC(907) Eden regions: 6->0(342)
[394.095s][info][gc,heap     ] GC(907) Survivor regions: 25->20(46)
[394.095s][info][gc,heap     ] GC(907) Old regions: 59->64
[394.095s][info][gc,heap     ] GC(907) Humongous regions: 23->1
[394.095s][info][gc,metaspace] GC(907) Metaspace: 42932K(43264K)->42932K(43264K) NonClass: 40112K(40320K)->40112K(40320K) Class: 2819K(2944K)->2819K(2944K)
[394.095s][info][gc          ] GC(907) Pause Young (Concurrent Start) (G1 Humongous Allocation) 111M->84M(604M) 22.919ms
[394.095s][info][gc          ] GC(908) Concurrent Undo Cycle
[394.095s][info][gc,marking  ] GC(908) Concurrent Clear Claimed Marks
[394.095s][info][gc,marking  ] GC(908) Concurrent Clear Claimed Marks 0.036ms
[394.095s][info][gc,marking  ] GC(908) Concurrent Cleanup for Next Mark
[394.095s][info][gc,cpu      ] GC(907) User=0.05s Sys=0.00s Real=0.02s
[394.096s][info][gc,marking  ] GC(908) Concurrent Cleanup for Next Mark 0.769ms
[394.096s][info][gc          ] GC(908) Concurrent Undo Cycle 0.852ms
[394.113s][info][gc,start    ] GC(909) Pause Young (Concurrent Start) (G1 Humongous Allocation)
[394.113s][info][gc,task     ] GC(909) Using 2 workers of 2 for evacuation
[394.131s][info][gc,phases   ] GC(909)   Pre Evacuate Collection Set: 0.24ms
[394.131s][info][gc,phases   ] GC(909)   Merge Heap Roots: 0.07ms
[394.131s][info][gc,phases   ] GC(909)   Evacuate Collection Set: 17.60ms
[394.131s][info][gc,phases   ] GC(909)   Post Evacuate Collection Set: 0.36ms
[394.131s][info][gc,phases   ] GC(909)   Other: 0.17ms
[394.131s][info][gc,heap     ] GC(909) Eden regions: 2->0(342)
[394.131s][info][gc,heap     ] GC(909) Survivor regions: 20->20(46)
[394.131s][info][gc,heap     ] GC(909) Old regions: 64->64
[394.131s][info][gc,heap     ] GC(909) Humongous regions: 13->1
[394.131s][info][gc,metaspace] GC(909) Metaspace: 42932K(43264K)->42932K(43264K) NonClass: 40112K(40320K)->40112K(40320K) Class: 2819K(2944K)->2819K(2944K)
[394.131s][info][gc          ] GC(909) Pause Young (Concurrent Start) (G1 Humongous Allocation) 98M->84M(604M) 18.642ms
[394.131s][info][gc,cpu      ] GC(909) User=0.04s Sys=0.00s Real=0.01s
[394.131s][info][gc          ] GC(910) Concurrent Undo Cycle
[394.131s][info][gc,marking  ] GC(910) Concurrent Clear Claimed Marks
[394.131s][info][gc,marking  ] GC(910) Concurrent Clear Claimed Marks 0.038ms
[394.131s][info][gc,marking  ] GC(910) Concurrent Cleanup for Next Mark
[394.132s][info][gc,marking  ] GC(910) Concurrent Cleanup for Next Mark 0.228ms
[394.132s][info][gc          ] GC(910) Concurrent Undo Cycle 0.364ms
[394.162s][info][gc,start    ] GC(911) Pause Young (Concurrent Start) (G1 Humongous Allocation)
[394.162s][info][gc,task     ] GC(911) Using 2 workers of 2 for evacuation
[394.181s][info][gc,phases   ] GC(911)   Pre Evacuate Collection Set: 0.26ms
[394.181s][info][gc,phases   ] GC(911)   Merge Heap Roots: 0.06ms
[394.181s][info][gc,phases   ] GC(911)   Evacuate Collection Set: 18.14ms
[394.181s][info][gc,phases   ] GC(911)   Post Evacuate Collection Set: 0.39ms
[394.181s][info][gc,phases   ] GC(911)   Other: 0.16ms
[394.181s][info][gc,heap     ] GC(911) Eden regions: 4->0(342)
[394.181s][info][gc,heap     ] GC(911) Survivor regions: 20->20(46)
[394.181s][info][gc,heap     ] GC(911) Old regions: 64->64
[394.181s][info][gc,heap     ] GC(911) Humongous regions: 19->1
[394.181s][info][gc,metaspace] GC(911) Metaspace: 42932K(43264K)->42932K(43264K) NonClass: 40112K(40320K)->40112K(40320K) Class: 2819K(2944K)->2819K(2944K)
[394.181s][info][gc          ] GC(911) Pause Young (Concurrent Start) (G1 Humongous Allocation) 106M->84M(604M) 19.221ms
[394.181s][info][gc,cpu      ] GC(911) User=0.04s Sys=0.00s Real=0.01s
[394.181s][info][gc          ] GC(912) Concurrent Undo Cycle
[394.181s][info][gc,marking  ] GC(912) Concurrent Clear Claimed Marks
[394.181s][info][gc,marking  ] GC(912) Concurrent Clear Claimed Marks 0.035ms
[394.181s][info][gc,marking  ] GC(912) Concurrent Cleanup for Next Mark
[394.183s][info][gc,marking  ] GC(912) Concurrent Cleanup for Next Mark 1.501ms
[394.183s][info][gc          ] GC(912) Concurrent Undo Cycle 1.583ms
[394.221s][info][gc,start    ] GC(913) Pause Young (Concurrent Start) (G1 Humongous Allocation)
[394.221s][info][gc,task     ] GC(913) Using 2 workers of 2 for evacuation
[394.241s][info][gc,phases   ] GC(913)   Pre Evacuate Collection Set: 0.26ms
[394.241s][info][gc,phases   ] GC(913)   Merge Heap Roots: 0.06ms
[394.241s][info][gc,phases   ] GC(913)   Evacuate Collection Set: 18.55ms
[394.241s][info][gc,phases   ] GC(913)   Post Evacuate Collection Set: 1.38ms
[394.241s][info][gc,phases   ] GC(913)   Other: 0.17ms
[394.241s][info][gc,heap     ] GC(913) Eden regions: 5->0(431)
[394.241s][info][gc,heap     ] GC(913) Survivor regions: 20->21(46)
[394.241s][info][gc,heap     ] GC(913) Old regions: 64->64
[394.241s][info][gc,heap     ] GC(913) Humongous regions: 23->1
[394.241s][info][gc,metaspace] GC(913) Metaspace: 42932K(43264K)->42932K(43264K) NonClass: 40112K(40320K)->40112K(40320K) Class: 2819K(2944K)->2819K(2944K)
[394.241s][info][gc          ] GC(913) Pause Young (Concurrent Start) (G1 Humongous Allocation) 111M->85M(754M) 20.646ms
[394.241s][info][gc,cpu      ] GC(913) User=0.03s Sys=0.00s Real=0.02s
[394.241s][info][gc          ] GC(914) Concurrent Undo Cycle
[394.241s][info][gc,marking  ] GC(914) Concurrent Clear Claimed Marks
[394.241s][info][gc,marking  ] GC(914) Concurrent Clear Claimed Marks 0.039ms
[394.241s][info][gc,marking  ] GC(914) Concurrent Cleanup for Next Mark
[394.242s][info][gc,marking  ] GC(914) Concurrent Cleanup for Next Mark 0.246ms
[394.242s][info][gc          ] GC(914) Concurrent Undo Cycle 0.386ms
[394.340s][info][gc,start    ] GC(915) Pause Young (Concurrent Start) (G1 Humongous Allocation)
[394.340s][info][gc,task     ] GC(915) Using 2 workers of 2 for evacuation
[394.368s][info][gc,phases   ] GC(915)   Pre Evacuate Collection Set: 0.28ms
[394.368s][info][gc,phases   ] GC(915)   Merge Heap Roots: 0.07ms
[394.368s][info][gc,phases   ] GC(915)   Evacuate Collection Set: 26.60ms
[394.368s][info][gc,phases   ] GC(915)   Post Evacuate Collection Set: 0.39ms
[394.368s][info][gc,phases   ] GC(915)   Other: 0.11ms
[394.368s][info][gc,heap     ] GC(915) Eden regions: 12->0(431)
[394.368s][info][gc,heap     ] GC(915) Survivor regions: 21->21(57)
[394.368s][info][gc,heap     ] GC(915) Old regions: 64->64
[394.368s][info][gc,heap     ] GC(915) Humongous regions: 79->1
[394.368s][info][gc,metaspace] GC(915) Metaspace: 42932K(43264K)->42932K(43264K) NonClass: 40112K(40320K)->40112K(40320K) Class: 2819K(2944K)->2819K(2944K)
[394.368s][info][gc          ] GC(915) Pause Young (Concurrent Start) (G1 Humongous Allocation) 175M->85M(754M) 27.660ms
[394.368s][info][gc,cpu      ] GC(915) User=0.04s Sys=0.01s Real=0.03s
[394.368s][info][gc          ] GC(916) Concurrent Undo Cycle
[394.368s][info][gc,marking  ] GC(916) Concurrent Clear Claimed Marks
[394.368s][info][gc,marking  ] GC(916) Concurrent Clear Claimed Marks 0.040ms
[394.368s][info][gc,marking  ] GC(916) Concurrent Cleanup for Next Mark
[394.368s][info][gc,marking  ] GC(916) Concurrent Cleanup for Next Mark 0.239ms
[394.368s][info][gc          ] GC(916) Concurrent Undo Cycle 0.366ms
[394.494s][info][gc,start    ] GC(917) Pause Young (Concurrent Start) (G1 Humongous Allocation)
[394.494s][info][gc,task     ] GC(917) Using 2 workers of 2 for evacuation
[394.525s][info][gc,phases   ] GC(917)   Pre Evacuate Collection Set: 0.33ms
[394.525s][info][gc,phases   ] GC(917)   Merge Heap Roots: 0.08ms
[394.525s][info][gc,phases   ] GC(917)   Evacuate Collection Set: 29.86ms
[394.525s][info][gc,phases   ] GC(917)   Post Evacuate Collection Set: 0.43ms
[394.525s][info][gc,phases   ] GC(917)   Other: 0.13ms
[394.525s][info][gc,heap     ] GC(917) Eden regions: 17->0(429)
[394.525s][info][gc,heap     ] GC(917) Survivor regions: 21->23(57)
[394.525s][info][gc,heap     ] GC(917) Old regions: 64->64
[394.525s][info][gc,heap     ] GC(917) Humongous regions: 83->1
[394.525s][info][gc,metaspace] GC(917) Metaspace: 42932K(43264K)->42932K(43264K) NonClass: 40112K(40320K)->40112K(40320K) Class: 2819K(2944K)->2819K(2944K)
[394.525s][info][gc          ] GC(917) Pause Young (Concurrent Start) (G1 Humongous Allocation) 183M->87M(754M) 31.064ms
[394.525s][info][gc,cpu      ] GC(917) User=0.05s Sys=0.02s Real=0.03s
[394.525s][info][gc          ] GC(918) Concurrent Undo Cycle
[394.525s][info][gc,marking  ] GC(918) Concurrent Clear Claimed Marks
[394.525s][info][gc,marking  ] GC(918) Concurrent Clear Claimed Marks 0.037ms
[394.525s][info][gc,marking  ] GC(918) Concurrent Cleanup for Next Mark
[394.528s][info][gc,marking  ] GC(918) Concurrent Cleanup for Next Mark 2.556ms
[394.528s][info][gc          ] GC(918) Concurrent Undo Cycle 2.669ms
[395.065s][info][gc,start    ] GC(919) Pause Young (Concurrent Start) (G1 Humongous Allocation)
[395.065s][info][gc,task     ] GC(919) Using 2 workers of 2 for evacuation
[395.099s][info][gc,phases   ] GC(919)   Pre Evacuate Collection Set: 0.28ms
[395.099s][info][gc,phases   ] GC(919)   Merge Heap Roots: 0.12ms
[395.099s][info][gc,phases   ] GC(919)   Evacuate Collection Set: 32.78ms
[395.099s][info][gc,phases   ] GC(919)   Post Evacuate Collection Set: 0.50ms
[395.099s][info][gc,phases   ] GC(919)   Other: 0.22ms
[395.099s][info][gc,heap     ] GC(919) Eden regions: 135->0(415)
[395.099s][info][gc,heap     ] GC(919) Survivor regions: 23->37(57)
[395.099s][info][gc,heap     ] GC(919) Old regions: 64->64
[395.099s][info][gc,heap     ] GC(919) Humongous regions: 87->1
[395.099s][info][gc,metaspace] GC(919) Metaspace: 42933K(43264K)->42933K(43264K) NonClass: 40113K(40320K)->40113K(40320K) Class: 2819K(2944K)->2819K(2944K)
[395.099s][info][gc          ] GC(919) Pause Young (Concurrent Start) (G1 Humongous Allocation) 308M->101M(754M) 34.107ms
[395.099s][info][gc          ] GC(920) Concurrent Undo Cycle
[395.099s][info][gc,marking  ] GC(920) Concurrent Clear Claimed Marks
[395.099s][info][gc,marking  ] GC(920) Concurrent Clear Claimed Marks 0.035ms
[395.099s][info][gc,marking  ] GC(920) Concurrent Cleanup for Next Mark
[395.099s][info][gc,cpu      ] GC(919) User=0.07s Sys=0.00s Real=0.03s
[395.099s][info][gc,marking  ] GC(920) Concurrent Cleanup for Next Mark 0.285ms
[395.099s][info][gc          ] GC(920) Concurrent Undo Cycle 0.357ms
[396.003s][info][gc,start    ] GC(921) Pause Young (Normal) (G1 Evacuation Pause)
[396.003s][info][gc,task     ] GC(921) Using 2 workers of 2 for evacuation
[396.035s][info][gc,phases   ] GC(921)   Pre Evacuate Collection Set: 0.27ms
[396.035s][info][gc,phases   ] GC(921)   Merge Heap Roots: 0.16ms
[396.035s][info][gc,phases   ] GC(921)   Evacuate Collection Set: 30.59ms
[396.035s][info][gc,phases   ] GC(921)   Post Evacuate Collection Set: 0.77ms
[396.035s][info][gc,phases   ] GC(921)   Other: 0.10ms
[396.035s][info][gc,heap     ] GC(921) Eden regions: 415->0(430)
[396.035s][info][gc,heap     ] GC(921) Survivor regions: 37->22(57)
[396.035s][info][gc,heap     ] GC(921) Old regions: 64->81
[396.035s][info][gc,heap     ] GC(921) Humongous regions: 13->1
[396.035s][info][gc,metaspace] GC(921) Metaspace: 42969K(43328K)->42969K(43328K) NonClass: 40149K(40384K)->40149K(40384K) Class: 2819K(2944K)->2819K(2944K)
[396.035s][info][gc          ] GC(921) Pause Young (Normal) (G1 Evacuation Pause) 528M->102M(754M) 32.087ms
[396.035s][info][gc,cpu      ] GC(921) User=0.06s Sys=0.00s Real=0.03s
[396.915s][info][gc,start    ] GC(922) Pause Young (Normal) (G1 Evacuation Pause)
[396.915s][info][gc,task     ] GC(922) Using 2 workers of 2 for evacuation
[396.935s][info][gc,phases   ] GC(922)   Pre Evacuate Collection Set: 0.26ms
[396.935s][info][gc,phases   ] GC(922)   Merge Heap Roots: 0.15ms
[396.935s][info][gc,phases   ] GC(922)   Evacuate Collection Set: 18.35ms
[396.935s][info][gc,phases   ] GC(922)   Post Evacuate Collection Set: 0.75ms
[396.935s][info][gc,phases   ] GC(922)   Other: 0.12ms
[396.935s][info][gc,heap     ] GC(922) Eden regions: 430->0(428)
[396.935s][info][gc,heap     ] GC(922) Survivor regions: 22->24(57)
[396.935s][info][gc,heap     ] GC(922) Old regions: 81->81
[396.935s][info][gc,heap     ] GC(922) Humongous regions: 1->1
[396.935s][info][gc,metaspace] GC(922) Metaspace: 42970K(43328K)->42970K(43328K) NonClass: 40150K(40384K)->40150K(40384K) Class: 2819K(2944K)->2819K(2944K)
[396.935s][info][gc          ] GC(922) Pause Young (Normal) (G1 Evacuation Pause) 532M->105M(754M) 19.836ms
[396.935s][info][gc,cpu      ] GC(922) User=0.04s Sys=0.00s Real=0.02s
[398.025s][info][gc,start    ] GC(923) Pause Young (Normal) (G1 Evacuation Pause)
[398.025s][info][gc,task     ] GC(923) Using 2 workers of 2 for evacuation
[398.043s][info][gc,phases   ] GC(923)   Pre Evacuate Collection Set: 0.24ms
[398.043s][info][gc,phases   ] GC(923)   Merge Heap Roots: 0.14ms
[398.043s][info][gc,phases   ] GC(923)   Evacuate Collection Set: 16.41ms
[398.043s][info][gc,phases   ] GC(923)   Post Evacuate Collection Set: 0.88ms
[398.043s][info][gc,phases   ] GC(923)   Other: 0.08ms
[398.043s][info][gc,heap     ] GC(923) Eden regions: 428->0(432)
[398.043s][info][gc,heap     ] GC(923) Survivor regions: 24->20(57)
[398.043s][info][gc,heap     ] GC(923) Old regions: 81->81
[398.043s][info][gc,heap     ] GC(923) Humongous regions: 1->1
[398.043s][info][gc,metaspace] GC(923) Metaspace: 42985K(43328K)->42985K(43328K) NonClass: 40165K(40384K)->40165K(40384K) Class: 2819K(2944K)->2819K(2944K)
[398.043s][info][gc          ] GC(923) Pause Young (Normal) (G1 Evacuation Pause) 533M->101M(754M) 17.955ms
[398.043s][info][gc,cpu      ] GC(923) User=0.03s Sys=0.01s Real=0.02s
[399.812s][info][gc,start    ] GC(924) Pause Young (Normal) (G1 Evacuation Pause)
[399.812s][info][gc,task     ] GC(924) Using 2 workers of 2 for evacuation
[399.865s][info][gc,phases   ] GC(924)   Pre Evacuate Collection Set: 0.31ms
[399.865s][info][gc,phases   ] GC(924)   Merge Heap Roots: 0.16ms
[399.865s][info][gc,phases   ] GC(924)   Evacuate Collection Set: 51.65ms
[399.865s][info][gc,phases   ] GC(924)   Post Evacuate Collection Set: 0.73ms
[399.865s][info][gc,phases   ] GC(924)   Other: 0.09ms
[399.865s][info][gc,heap     ] GC(924) Eden regions: 432->0(396)
[399.865s][info][gc,heap     ] GC(924) Survivor regions: 20->56(57)
[399.865s][info][gc,heap     ] GC(924) Old regions: 81->81
[399.865s][info][gc,heap     ] GC(924) Humongous regions: 14->4
[399.865s][info][gc,metaspace] GC(924) Metaspace: 43001K(43328K)->43001K(43328K) NonClass: 40182K(40384K)->40182K(40384K) Class: 2819K(2944K)->2819K(2944K)
[399.865s][info][gc          ] GC(924) Pause Young (Normal) (G1 Evacuation Pause) 546M->139M(754M) 53.134ms
[399.865s][info][gc,cpu      ] GC(924) User=0.10s Sys=0.00s Real=0.05s
[400.739s][info][gc,start    ] GC(925) Pause Young (Normal) (G1 Evacuation Pause)
[400.739s][info][gc,task     ] GC(925) Using 2 workers of 2 for evacuation
[400.846s][info][gc,phases   ] GC(925)   Pre Evacuate Collection Set: 0.28ms
[400.846s][info][gc,phases   ] GC(925)   Merge Heap Roots: 0.22ms
[400.846s][info][gc,phases   ] GC(925)   Evacuate Collection Set: 105.93ms
[400.846s][info][gc,phases   ] GC(925)   Post Evacuate Collection Set: 0.73ms
[400.846s][info][gc,phases   ] GC(925)   Other: 0.10ms
[400.846s][info][gc,heap     ] GC(925) Eden regions: 396->0(410)
[400.846s][info][gc,heap     ] GC(925) Survivor regions: 56->42(57)
[400.846s][info][gc,heap     ] GC(925) Old regions: 81->137
[400.846s][info][gc,heap     ] GC(925) Humongous regions: 10->10
[400.846s][info][gc,metaspace] GC(925) Metaspace: 43001K(43328K)->43001K(43328K) NonClass: 40182K(40384K)->40182K(40384K) Class: 2819K(2944K)->2819K(2944K)
[400.847s][info][gc          ] GC(925) Pause Young (Normal) (G1 Evacuation Pause) 541M->187M(754M) 107.472ms
[400.847s][info][gc,cpu      ] GC(925) User=0.21s Sys=0.00s Real=0.11s
[404.648s][info][gc,start    ] GC(926) Pause Young (Normal) (G1 Evacuation Pause)
[404.648s][info][gc,task     ] GC(926) Using 2 workers of 2 for evacuation
[404.716s][info][gc,phases   ] GC(926)   Pre Evacuate Collection Set: 0.29ms
[404.716s][info][gc,phases   ] GC(926)   Merge Heap Roots: 0.19ms
[404.716s][info][gc,phases   ] GC(926)   Evacuate Collection Set: 66.54ms
[404.716s][info][gc,phases   ] GC(926)   Post Evacuate Collection Set: 1.17ms
[404.716s][info][gc,phases   ] GC(926)   Other: 0.11ms
[404.716s][info][gc,heap     ] GC(926) Eden regions: 410->0(462)
[404.716s][info][gc,heap     ] GC(926) Survivor regions: 42->21(57)
[404.716s][info][gc,heap     ] GC(926) Old regions: 137->178
[404.716s][info][gc,heap     ] GC(926) Humongous regions: 15->10
[404.716s][info][gc,metaspace] GC(926) Metaspace: 43012K(43328K)->43012K(43328K) NonClass: 40192K(40384K)->40192K(40384K) Class: 2819K(2944K)->2819K(2944K)
[404.716s][info][gc          ] GC(926) Pause Young (Normal) (G1 Evacuation Pause) 602M->208M(806M) 68.497ms
[404.716s][info][gc,cpu      ] GC(926) User=0.13s Sys=0.00s Real=0.07s
[405.262s][info][gc,start    ] GC(927) Pause Young (Concurrent Start) (G1 Humongous Allocation)
[405.262s][info][gc,task     ] GC(927) Using 2 workers of 2 for evacuation
[405.310s][info][gc,phases   ] GC(927)   Pre Evacuate Collection Set: 0.30ms
[405.310s][info][gc,phases   ] GC(927)   Merge Heap Roots: 0.12ms
[405.310s][info][gc,phases   ] GC(927)   Evacuate Collection Set: 46.67ms
[405.310s][info][gc,phases   ] GC(927)   Post Evacuate Collection Set: 0.58ms
[405.310s][info][gc,phases   ] GC(927)   Other: 0.15ms
[405.310s][info][gc,heap     ] GC(927) Eden regions: 227->0(435)
[405.310s][info][gc,heap     ] GC(927) Survivor regions: 21->48(61)
[405.310s][info][gc,heap     ] GC(927) Old regions: 178->178
[405.310s][info][gc,heap     ] GC(927) Humongous regions: 11->11
[405.310s][info][gc,metaspace] GC(927) Metaspace: 43012K(43328K)->43012K(43328K) NonClass: 40192K(40384K)->40192K(40384K) Class: 2819K(2944K)->2819K(2944K)
[405.310s][info][gc          ] GC(927) Pause Young (Concurrent Start) (G1 Humongous Allocation) 435M->235M(806M) 48.028ms
[405.310s][info][gc          ] GC(928) Concurrent Mark Cycle
[405.310s][info][gc,marking  ] GC(928) Concurrent Scan Root Regions
[405.310s][info][gc,cpu      ] GC(927) User=0.10s Sys=0.00s Real=0.05s
[405.344s][info][gc,marking  ] GC(928) Concurrent Scan Root Regions 34.740ms
[405.344s][info][gc,marking  ] GC(928) Concurrent Mark
[405.344s][info][gc,marking  ] GC(928) Concurrent Mark From Roots
[405.345s][info][gc,task     ] GC(928) Using 1 workers of 1 for marking
[405.474s][info][gc,marking  ] GC(928) Concurrent Mark From Roots 129.038ms
[405.474s][info][gc,marking  ] GC(928) Concurrent Preclean
[405.474s][info][gc,marking  ] GC(928) Concurrent Preclean 0.197ms
[405.474s][info][gc,start    ] GC(928) Pause Remark
[405.490s][info][gc          ] GC(928) Pause Remark 305M->262M(654M) 15.615ms
[405.490s][info][gc,cpu      ] GC(928) User=0.04s Sys=0.00s Real=0.01s
[405.490s][info][gc,marking  ] GC(928) Concurrent Mark 145.134ms
[405.490s][info][gc,marking  ] GC(928) Concurrent Rebuild Remembered Sets and Scrub Regions
[405.547s][info][gc,marking  ] GC(928) Concurrent Rebuild Remembered Sets and Scrub Regions 56.929ms
[405.547s][info][gc,start    ] GC(928) Pause Cleanup
[405.547s][info][gc          ] GC(928) Pause Cleanup 288M->288M(654M) 0.053ms
[405.547s][info][gc,cpu      ] GC(928) User=0.00s Sys=0.00s Real=0.00s
[405.547s][info][gc,marking  ] GC(928) Concurrent Clear Claimed Marks
[405.547s][info][gc,marking  ] GC(928) Concurrent Clear Claimed Marks 0.035ms
[405.547s][info][gc,marking  ] GC(928) Concurrent Cleanup for Next Mark
[405.551s][info][gc,marking  ] GC(928) Concurrent Cleanup for Next Mark 4.368ms
[405.551s][info][gc          ] GC(928) Concurrent Mark Cycle 241.568ms
[406.186s][info][gc,start    ] GC(929) Pause Young (Prepare Mixed) (G1 Evacuation Pause)
[406.186s][info][gc,task     ] GC(929) Using 2 workers of 2 for evacuation
[406.275s][info][gc,phases   ] GC(929)   Pre Evacuate Collection Set: 0.26ms
[406.275s][info][gc,phases   ] GC(929)   Merge Heap Roots: 0.21ms
[406.275s][info][gc,phases   ] GC(929)   Evacuate Collection Set: 87.60ms
[406.275s][info][gc,phases   ] GC(929)   Post Evacuate Collection Set: 0.64ms
[406.275s][info][gc,phases   ] GC(929)   Other: 0.08ms
[406.275s][info][gc,heap     ] GC(929) Eden regions: 344->0(335)
[406.275s][info][gc,heap     ] GC(929) Survivor regions: 48->39(49)
[406.275s][info][gc,heap     ] GC(929) Old regions: 142->179
[406.275s][info][gc,heap     ] GC(929) Humongous regions: 10->10
[406.275s][info][gc,metaspace] GC(929) Metaspace: 43012K(43328K)->43012K(43328K) NonClass: 40192K(40384K)->40192K(40384K) Class: 2819K(2944K)->2819K(2944K)
[406.275s][info][gc          ] GC(929) Pause Young (Prepare Mixed) (G1 Evacuation Pause) 542M->226M(654M) 89.009ms
[406.275s][info][gc,cpu      ] GC(929) User=0.18s Sys=0.00s Real=0.09s
[408.139s][info][gc,start    ] GC(930) Pause Young (Mixed) (G1 Evacuation Pause)
[408.139s][info][gc,task     ] GC(930) Using 2 workers of 2 for evacuation
[408.215s][info][gc,phases   ] GC(930)   Pre Evacuate Collection Set: 0.27ms
[408.215s][info][gc,phases   ] GC(930)   Merge Heap Roots: 0.19ms
[408.215s][info][gc,phases   ] GC(930)   Evacuate Collection Set: 74.38ms
[408.215s][info][gc,phases   ] GC(930)   Post Evacuate Collection Set: 0.65ms
[408.215s][info][gc,phases   ] GC(930)   Other: 0.08ms
[408.215s][info][gc,heap     ] GC(930) Eden regions: 335->0(322)
[408.215s][info][gc,heap     ] GC(930) Survivor regions: 39->26(47)
[408.215s][info][gc,heap     ] GC(930) Old regions: 179->205
[408.215s][info][gc,heap     ] GC(930) Humongous regions: 18->16
[408.215s][info][gc,metaspace] GC(930) Metaspace: 43012K(43328K)->43012K(43328K) NonClass: 40192K(40384K)->40192K(40384K) Class: 2819K(2944K)->2819K(2944K)
[408.215s][info][gc          ] GC(930) Pause Young (Mixed) (G1 Evacuation Pause) 569M->246M(654M) 75.824ms
[408.215s][info][gc,cpu      ] GC(930) User=0.15s Sys=0.00s Real=0.08s
[409.931s][info][gc,start    ] GC(931) Pause Young (Concurrent Start) (G1 Evacuation Pause)
[409.931s][info][gc,task     ] GC(931) Using 2 workers of 2 for evacuation
[409.960s][info][gc,phases   ] GC(931)   Pre Evacuate Collection Set: 0.27ms
[409.960s][info][gc,phases   ] GC(931)   Merge Heap Roots: 0.19ms
[409.960s][info][gc,phases   ] GC(931)   Evacuate Collection Set: 28.24ms
[409.960s][info][gc,phases   ] GC(931)   Post Evacuate Collection Set: 0.54ms
[409.960s][info][gc,phases   ] GC(931)   Other: 0.09ms
[409.960s][info][gc,heap     ] GC(931) Eden regions: 322->0(333)
[409.960s][info][gc,heap     ] GC(931) Survivor regions: 26->5(44)
[409.960s][info][gc,heap     ] GC(931) Old regions: 205->228
[409.960s][info][gc,heap     ] GC(931) Humongous regions: 16->16
[409.960s][info][gc,metaspace] GC(931) Metaspace: 43012K(43328K)->43012K(43328K) NonClass: 40192K(40384K)->40192K(40384K) Class: 2819K(2944K)->2819K(2944K)
[409.960s][info][gc          ] GC(931) Pause Young (Concurrent Start) (G1 Evacuation Pause) 568M->247M(654M) 29.538ms
[409.961s][info][gc          ] GC(932) Concurrent Mark Cycle
[409.961s][info][gc,marking  ] GC(932) Concurrent Scan Root Regions
[409.963s][info][gc,cpu      ] GC(931) User=0.06s Sys=0.00s Real=0.04s
[409.981s][info][gc,marking  ] GC(932) Concurrent Scan Root Regions 20.763ms
[409.981s][info][gc,marking  ] GC(932) Concurrent Mark
[409.981s][info][gc,marking  ] GC(932) Concurrent Mark From Roots
[409.981s][info][gc,task     ] GC(932) Using 1 workers of 1 for marking
[410.103s][info][gc,marking  ] GC(932) Concurrent Mark From Roots 121.831ms
[410.103s][info][gc,marking  ] GC(932) Concurrent Preclean
[410.103s][info][gc,marking  ] GC(932) Concurrent Preclean 0.038ms
[410.103s][info][gc,start    ] GC(932) Pause Remark
[410.119s][info][gc          ] GC(932) Pause Remark 273M->185M(537M) 15.192ms
[410.119s][info][gc,cpu      ] GC(932) User=0.03s Sys=0.00s Real=0.01s
[410.120s][info][gc,marking  ] GC(932) Concurrent Mark 139.012ms
[410.120s][info][gc,marking  ] GC(932) Concurrent Rebuild Remembered Sets and Scrub Regions
[410.181s][info][gc,marking  ] GC(932) Concurrent Rebuild Remembered Sets and Scrub Regions 60.992ms
[410.182s][info][gc,start    ] GC(932) Pause Cleanup
[410.182s][info][gc          ] GC(932) Pause Cleanup 197M->197M(537M) 0.056ms
[410.182s][info][gc,cpu      ] GC(932) User=0.00s Sys=0.00s Real=0.00s
[410.182s][info][gc,marking  ] GC(932) Concurrent Clear Claimed Marks
[410.182s][info][gc,marking  ] GC(932) Concurrent Clear Claimed Marks 0.049ms
[410.182s][info][gc,marking  ] GC(932) Concurrent Cleanup for Next Mark
[410.184s][info][gc,marking  ] GC(932) Concurrent Cleanup for Next Mark 1.536ms
[410.184s][info][gc          ] GC(932) Concurrent Mark Cycle 223.303ms
[411.735s][info][gc,start    ] GC(933) Pause Young (Prepare Mixed) (G1 Evacuation Pause)
[411.735s][info][gc,task     ] GC(933) Using 2 workers of 2 for evacuation
[411.767s][info][gc,phases   ] GC(933)   Pre Evacuate Collection Set: 0.23ms
[411.767s][info][gc,phases   ] GC(933)   Merge Heap Roots: 0.11ms
[411.767s][info][gc,phases   ] GC(933)   Evacuate Collection Set: 30.86ms
[411.767s][info][gc,phases   ] GC(933)   Post Evacuate Collection Set: 0.55ms
[411.767s][info][gc,phases   ] GC(933)   Other: 0.10ms
[411.767s][info][gc,heap     ] GC(933) Eden regions: 317->0(284)
[411.767s][info][gc,heap     ] GC(933) Survivor regions: 5->32(41)
[411.767s][info][gc,heap     ] GC(933) Old regions: 155->155
[411.767s][info][gc,heap     ] GC(933) Humongous regions: 2->2
[411.767s][info][gc,metaspace] GC(933) Metaspace: 43012K(43328K)->43012K(43328K) NonClass: 40192K(40384K)->40192K(40384K) Class: 2819K(2944K)->2819K(2944K)
[411.767s][info][gc          ] GC(933) Pause Young (Prepare Mixed) (G1 Evacuation Pause) 477M->188M(537M) 32.075ms
[411.767s][info][gc,cpu      ] GC(933) User=0.06s Sys=0.00s Real=0.03s
[412.861s][info][gc,start    ] GC(934) Pause Young (Mixed) (G1 Evacuation Pause)
[412.861s][info][gc,task     ] GC(934) Using 2 workers of 2 for evacuation
[412.920s][info][gc,phases   ] GC(934)   Pre Evacuate Collection Set: 0.30ms
[412.920s][info][gc,phases   ] GC(934)   Merge Heap Roots: 0.15ms
[412.920s][info][gc,phases   ] GC(934)   Evacuate Collection Set: 57.88ms
[412.920s][info][gc,phases   ] GC(934)   Post Evacuate Collection Set: 0.59ms
[412.920s][info][gc,phases   ] GC(934)   Other: 0.08ms
[412.920s][info][gc,heap     ] GC(934) Eden regions: 284->0(259)
[412.920s][info][gc,heap     ] GC(934) Survivor regions: 32->34(40)
[412.920s][info][gc,heap     ] GC(934) Old regions: 155->176
[412.920s][info][gc,heap     ] GC(934) Humongous regions: 5->5
[412.920s][info][gc,metaspace] GC(934) Metaspace: 43012K(43328K)->43012K(43328K) NonClass: 40192K(40384K)->40192K(40384K) Class: 2819K(2944K)->2819K(2944K)
[412.920s][info][gc          ] GC(934) Pause Young (Mixed) (G1 Evacuation Pause) 475M->214M(542M) 59.217ms
[412.920s][info][gc,cpu      ] GC(934) User=0.12s Sys=0.00s Real=0.06s
[413.244s][info][gc,start    ] GC(935) Pause Young (Concurrent Start) (G1 Humongous Allocation)
[413.245s][info][gc,task     ] GC(935) Using 2 workers of 2 for evacuation
[413.287s][info][gc,phases   ] GC(935)   Pre Evacuate Collection Set: 0.26ms
[413.287s][info][gc,phases   ] GC(935)   Merge Heap Roots: 0.08ms
[413.287s][info][gc,phases   ] GC(935)   Evacuate Collection Set: 41.96ms
[413.287s][info][gc,phases   ] GC(935)   Post Evacuate Collection Set: 0.44ms
[413.287s][info][gc,phases   ] GC(935)   Other: 0.10ms
[413.287s][info][gc,heap     ] GC(935) Eden regions: 150->0(240)
[413.287s][info][gc,heap     ] GC(935) Survivor regions: 34->18(37)
[413.287s][info][gc,heap     ] GC(935) Old regions: 176->210
[413.287s][info][gc,heap     ] GC(935) Humongous regions: 5->5
[413.288s][info][gc,metaspace] GC(935) Metaspace: 43012K(43328K)->43012K(43328K) NonClass: 40192K(40384K)->40192K(40384K) Class: 2819K(2944K)->2819K(2944K)
[413.288s][info][gc          ] GC(935) Pause Young (Concurrent Start) (G1 Humongous Allocation) 364M->232M(542M) 43.056ms
[413.288s][info][gc,cpu      ] GC(935) User=0.08s Sys=0.00s Real=0.04s
[413.288s][info][gc          ] GC(936) Concurrent Mark Cycle
[413.288s][info][gc,marking  ] GC(936) Concurrent Scan Root Regions
[413.317s][info][gc,marking  ] GC(936) Concurrent Scan Root Regions 29.734ms
[413.317s][info][gc,marking  ] GC(936) Concurrent Mark
[413.317s][info][gc,marking  ] GC(936) Concurrent Mark From Roots
[413.317s][info][gc,task     ] GC(936) Using 1 workers of 1 for marking
[413.352s][info][gc,marking  ] GC(936) Concurrent Mark From Roots 34.327ms
[413.352s][info][gc,marking  ] GC(936) Concurrent Preclean
[413.352s][info][gc,marking  ] GC(936) Concurrent Preclean 0.044ms
[413.352s][info][gc,start    ] GC(936) Pause Remark
[413.368s][info][gc          ] GC(936) Pause Remark 256M->162M(470M) 15.890ms
[413.368s][info][gc,cpu      ] GC(936) User=0.03s Sys=0.00s Real=0.01s
[413.368s][info][gc,marking  ] GC(936) Concurrent Mark 50.519ms
[413.368s][info][gc,marking  ] GC(936) Concurrent Rebuild Remembered Sets and Scrub Regions
[413.413s][info][gc,marking  ] GC(936) Concurrent Rebuild Remembered Sets and Scrub Regions 45.340ms
[413.413s][info][gc,start    ] GC(936) Pause Cleanup
[413.413s][info][gc          ] GC(936) Pause Cleanup 182M->182M(470M) 0.069ms
[413.413s][info][gc,cpu      ] GC(936) User=0.00s Sys=0.00s Real=0.00s
[413.414s][info][gc,marking  ] GC(936) Concurrent Clear Claimed Marks
[413.414s][info][gc,marking  ] GC(936) Concurrent Clear Claimed Marks 0.036ms
[413.414s][info][gc,marking  ] GC(936) Concurrent Cleanup for Next Mark
[413.415s][info][gc,marking  ] GC(936) Concurrent Cleanup for Next Mark 1.421ms
[413.415s][info][gc          ] GC(936) Concurrent Mark Cycle 127.443ms
[413.842s][info][gc,start    ] GC(937) Pause Young (Prepare Mixed) (G1 Evacuation Pause)
[413.842s][info][gc,task     ] GC(937) Using 2 workers of 2 for evacuation
[413.890s][info][gc,phases   ] GC(937)   Pre Evacuate Collection Set: 0.30ms
[413.890s][info][gc,phases   ] GC(937)   Merge Heap Roots: 0.13ms
[413.890s][info][gc,phases   ] GC(937)   Evacuate Collection Set: 47.24ms
[413.890s][info][gc,phases   ] GC(937)   Post Evacuate Collection Set: 0.50ms
[413.890s][info][gc,phases   ] GC(937)   Other: 0.09ms
[413.890s][info][gc,heap     ] GC(937) Eden regions: 240->0(233)
[413.890s][info][gc,heap     ] GC(937) Survivor regions: 18->28(33)
[413.890s][info][gc,heap     ] GC(937) Old regions: 117->135
[413.890s][info][gc,heap     ] GC(937) Humongous regions: 6->6
[413.890s][info][gc,metaspace] GC(937) Metaspace: 43012K(43328K)->43012K(43328K) NonClass: 40192K(40384K)->40192K(40384K) Class: 2819K(2944K)->2819K(2944K)
[413.890s][info][gc          ] GC(937) Pause Young (Prepare Mixed) (G1 Evacuation Pause) 380M->168M(470M) 48.457ms
[413.890s][info][gc,cpu      ] GC(937) User=0.09s Sys=0.00s Real=0.04s
[415.291s][info][gc,start    ] GC(938) Pause Young (Mixed) (G1 Evacuation Pause)
[415.291s][info][gc,task     ] GC(938) Using 2 workers of 2 for evacuation
[415.368s][info][gc,phases   ] GC(938)   Pre Evacuate Collection Set: 0.25ms
[415.368s][info][gc,phases   ] GC(938)   Merge Heap Roots: 0.33ms
[415.368s][info][gc,phases   ] GC(938)   Evacuate Collection Set: 75.06ms
[415.368s][info][gc,phases   ] GC(938)   Post Evacuate Collection Set: 0.65ms
[415.368s][info][gc,phases   ] GC(938)   Other: 0.08ms
[415.368s][info][gc,heap     ] GC(938) Eden regions: 233->0(233)
[415.368s][info][gc,heap     ] GC(938) Survivor regions: 28->26(33)
[415.368s][info][gc,heap     ] GC(938) Old regions: 135->128
[415.368s][info][gc,heap     ] GC(938) Humongous regions: 18->16
[415.368s][info][gc,metaspace] GC(938) Metaspace: 43012K(43328K)->43012K(43328K) NonClass: 40192K(40384K)->40192K(40384K) Class: 2819K(2944K)->2819K(2944K)
[415.368s][info][gc          ] GC(938) Pause Young (Mixed) (G1 Evacuation Pause) 413M->168M(470M) 76.567ms
[415.368s][info][gc,cpu      ] GC(938) User=0.15s Sys=0.00s Real=0.08s
[416.228s][info][gc,start    ] GC(939) Pause Young (Concurrent Start) (G1 Evacuation Pause)
[416.228s][info][gc,task     ] GC(939) Using 2 workers of 2 for evacuation
[416.267s][info][gc,phases   ] GC(939)   Pre Evacuate Collection Set: 0.24ms
[416.267s][info][gc,phases   ] GC(939)   Merge Heap Roots: 0.16ms
[416.267s][info][gc,phases   ] GC(939)   Evacuate Collection Set: 37.85ms
[416.267s][info][gc,phases   ] GC(939)   Post Evacuate Collection Set: 0.49ms
[416.267s][info][gc,phases   ] GC(939)   Other: 0.09ms
[416.267s][info][gc,heap     ] GC(939) Eden regions: 233->0(232)
[416.267s][info][gc,heap     ] GC(939) Survivor regions: 26->8(33)
[416.267s][info][gc,heap     ] GC(939) Old regions: 128->153
[416.267s][info][gc,heap     ] GC(939) Humongous regions: 16->16
[416.267s][info][gc,metaspace] GC(939) Metaspace: 43012K(43328K)->43012K(43328K) NonClass: 40192K(40384K)->40192K(40384K) Class: 2819K(2944K)->2819K(2944K)
[416.267s][info][gc          ] GC(939) Pause Young (Concurrent Start) (G1 Evacuation Pause) 401M->176M(470M) 39.062ms
[416.267s][info][gc,cpu      ] GC(939) User=0.08s Sys=0.00s Real=0.04s
[416.267s][info][gc          ] GC(940) Concurrent Mark Cycle
[416.267s][info][gc,marking  ] GC(940) Concurrent Scan Root Regions
[416.297s][info][gc,marking  ] GC(940) Concurrent Scan Root Regions 30.453ms
[416.297s][info][gc,marking  ] GC(940) Concurrent Mark
[416.297s][info][gc,marking  ] GC(940) Concurrent Mark From Roots
[416.297s][info][gc,task     ] GC(940) Using 1 workers of 1 for marking
[416.408s][info][gc,marking  ] GC(940) Concurrent Mark From Roots 110.172ms
[416.408s][info][gc,marking  ] GC(940) Concurrent Preclean
[416.408s][info][gc,marking  ] GC(940) Concurrent Preclean 0.036ms
[416.408s][info][gc,start    ] GC(940) Pause Remark
[416.423s][info][gc          ] GC(940) Pause Remark 206M->180M(470M) 14.686ms
[416.423s][info][gc,cpu      ] GC(940) User=0.03s Sys=0.00s Real=0.02s
[416.423s][info][gc,marking  ] GC(940) Concurrent Mark 125.147ms
[416.423s][info][gc,marking  ] GC(940) Concurrent Rebuild Remembered Sets and Scrub Regions
[416.483s][info][gc,marking  ] GC(940) Concurrent Rebuild Remembered Sets and Scrub Regions 60.460ms
[416.483s][info][gc,start    ] GC(940) Pause Cleanup
[416.483s][info][gc          ] GC(940) Pause Cleanup 192M->192M(470M) 0.054ms
[416.483s][info][gc,cpu      ] GC(940) User=0.00s Sys=0.00s Real=0.00s
[416.483s][info][gc,marking  ] GC(940) Concurrent Clear Claimed Marks
[416.483s][info][gc,marking  ] GC(940) Concurrent Clear Claimed Marks 0.035ms
[416.483s][info][gc,marking  ] GC(940) Concurrent Cleanup for Next Mark
[416.485s][info][gc,marking  ] GC(940) Concurrent Cleanup for Next Mark 1.427ms
[416.485s][info][gc          ] GC(940) Concurrent Mark Cycle 217.915ms
[417.472s][info][gc,start    ] GC(941) Pause Young (Prepare Mixed) (G1 Evacuation Pause)
[417.472s][info][gc,task     ] GC(941) Using 2 workers of 2 for evacuation
[417.477s][info][gc,phases   ] GC(941)   Pre Evacuate Collection Set: 0.22ms
[417.477s][info][gc,phases   ] GC(941)   Merge Heap Roots: 0.08ms
[417.477s][info][gc,phases   ] GC(941)   Evacuate Collection Set: 4.28ms
[417.477s][info][gc,phases   ] GC(941)   Post Evacuate Collection Set: 0.42ms
[417.477s][info][gc,phases   ] GC(941)   Other: 0.07ms
[417.477s][info][gc,heap     ] GC(941) Eden regions: 232->0(266)
[417.477s][info][gc,heap     ] GC(941) Survivor regions: 8->7(30)
[417.477s][info][gc,heap     ] GC(941) Old regions: 142->142
[417.477s][info][gc,heap     ] GC(941) Humongous regions: 1->1
[417.477s][info][gc,metaspace] GC(941) Metaspace: 43012K(43328K)->43012K(43328K) NonClass: 40192K(40384K)->40192K(40384K) Class: 2819K(2944K)->2819K(2944K)
[417.477s][info][gc          ] GC(941) Pause Young (Prepare Mixed) (G1 Evacuation Pause) 382M->149M(470M) 5.238ms
[417.477s][info][gc,cpu      ] GC(941) User=0.01s Sys=0.00s Real=0.00s
[418.911s][info][gc,start    ] GC(942) Pause Young (Mixed) (G1 Evacuation Pause)
[418.911s][info][gc,task     ] GC(942) Using 2 workers of 2 for evacuation
[418.918s][info][gc,phases   ] GC(942)   Pre Evacuate Collection Set: 0.21ms
[418.918s][info][gc,phases   ] GC(942)   Merge Heap Roots: 0.15ms
[418.918s][info][gc,phases   ] GC(942)   Evacuate Collection Set: 6.28ms
[418.918s][info][gc,phases   ] GC(942)   Post Evacuate Collection Set: 0.47ms
[418.918s][info][gc,phases   ] GC(942)   Other: 0.07ms
[418.918s][info][gc,heap     ] GC(942) Eden regions: 266->0(276)
[418.918s][info][gc,heap     ] GC(942) Survivor regions: 7->6(35)
[418.918s][info][gc,heap     ] GC(942) Old regions: 142->132
[418.918s][info][gc,heap     ] GC(942) Humongous regions: 2->2
[418.918s][info][gc,metaspace] GC(942) Metaspace: 43012K(43328K)->43012K(43328K) NonClass: 40192K(40384K)->40192K(40384K) Class: 2819K(2944K)->2819K(2944K)
[418.918s][info][gc          ] GC(942) Pause Young (Mixed) (G1 Evacuation Pause) 416M->139M(470M) 7.355ms
[418.918s][info][gc,cpu      ] GC(942) User=0.01s Sys=0.00s Real=0.01s
[420.293s][info][gc,start    ] GC(943) Pause Young (Concurrent Start) (G1 Evacuation Pause)
[420.293s][info][gc,task     ] GC(943) Using 2 workers of 2 for evacuation
[420.298s][info][gc,phases   ] GC(943)   Pre Evacuate Collection Set: 0.23ms
[420.298s][info][gc,phases   ] GC(943)   Merge Heap Roots: 0.08ms
[420.298s][info][gc,phases   ] GC(943)   Evacuate Collection Set: 4.29ms
[420.298s][info][gc,phases   ] GC(943)   Post Evacuate Collection Set: 0.49ms
[420.298s][info][gc,phases   ] GC(943)   Other: 0.08ms
[420.298s][info][gc,heap     ] GC(943) Eden regions: 276->0(274)
[420.298s][info][gc,heap     ] GC(943) Survivor regions: 6->8(36)
[420.298s][info][gc,heap     ] GC(943) Old regions: 132->132
[420.298s][info][gc,heap     ] GC(943) Humongous regions: 2->1
[420.298s][info][gc,metaspace] GC(943) Metaspace: 43012K(43328K)->43012K(43328K) NonClass: 40192K(40384K)->40192K(40384K) Class: 2819K(2944K)->2819K(2944K)
[420.298s][info][gc          ] GC(943) Pause Young (Concurrent Start) (G1 Evacuation Pause) 415M->139M(470M) 5.369ms
[420.298s][info][gc,cpu      ] GC(943) User=0.01s Sys=0.00s Real=0.00s
[420.298s][info][gc          ] GC(944) Concurrent Mark Cycle
[420.298s][info][gc,marking  ] GC(944) Concurrent Scan Root Regions
[420.305s][info][gc,marking  ] GC(944) Concurrent Scan Root Regions 6.777ms
[420.305s][info][gc,marking  ] GC(944) Concurrent Mark
[420.305s][info][gc,marking  ] GC(944) Concurrent Mark From Roots
[420.305s][info][gc,task     ] GC(944) Using 1 workers of 1 for marking
[420.339s][info][gc,marking  ] GC(944) Concurrent Mark From Roots 33.320ms
[420.339s][info][gc,marking  ] GC(944) Concurrent Preclean
[420.339s][info][gc,marking  ] GC(944) Concurrent Preclean 0.033ms
[420.339s][info][gc,start    ] GC(944) Pause Remark
[420.353s][info][gc          ] GC(944) Pause Remark 146M->68M(256M) 14.713ms
[420.353s][info][gc,cpu      ] GC(944) User=0.03s Sys=0.00s Real=0.02s
[420.353s][info][gc,marking  ] GC(944) Concurrent Mark 48.305ms
[420.353s][info][gc,marking  ] GC(944) Concurrent Rebuild Remembered Sets and Scrub Regions
[420.368s][info][gc,marking  ] GC(944) Concurrent Rebuild Remembered Sets and Scrub Regions 14.759ms
[420.368s][info][gc,start    ] GC(944) Pause Cleanup
[420.368s][info][gc          ] GC(944) Pause Cleanup 71M->71M(256M) 0.045ms
[420.368s][info][gc,cpu      ] GC(944) User=0.00s Sys=0.00s Real=0.00s
[420.368s][info][gc,marking  ] GC(944) Concurrent Clear Claimed Marks
[420.369s][info][gc,marking  ] GC(944) Concurrent Clear Claimed Marks 0.032ms
[420.369s][info][gc,marking  ] GC(944) Concurrent Cleanup for Next Mark
[420.369s][info][gc,marking  ] GC(944) Concurrent Cleanup for Next Mark 0.743ms
[420.369s][info][gc          ] GC(944) Concurrent Mark Cycle 70.915ms
[420.887s][info][gc,start    ] GC(945) Pause Young (Prepare Mixed) (G1 Evacuation Pause)
[420.887s][info][gc,task     ] GC(945) Using 2 workers of 2 for evacuation
[420.894s][info][gc,phases   ] GC(945)   Pre Evacuate Collection Set: 0.16ms
[420.894s][info][gc,phases   ] GC(945)   Merge Heap Roots: 0.07ms
[420.894s][info][gc,phases   ] GC(945)   Evacuate Collection Set: 6.27ms
[420.894s][info][gc,phases   ] GC(945)   Post Evacuate Collection Set: 0.41ms
[420.894s][info][gc,phases   ] GC(945)   Other: 0.07ms
[420.894s][info][gc,heap     ] GC(945) Eden regions: 145->0(144)
[420.894s][info][gc,heap     ] GC(945) Survivor regions: 8->9(20)
[420.894s][info][gc,heap     ] GC(945) Old regions: 53->53
[420.894s][info][gc,heap     ] GC(945) Humongous regions: 15->3
[420.894s][info][gc,metaspace] GC(945) Metaspace: 43013K(43328K)->43013K(43328K) NonClass: 40194K(40384K)->40194K(40384K) Class: 2819K(2944K)->2819K(2944K)
[420.894s][info][gc          ] GC(945) Pause Young (Prepare Mixed) (G1 Evacuation Pause) 220M->64M(256M) 7.141ms
[420.894s][info][gc,cpu      ] GC(945) User=0.02s Sys=0.00s Real=0.01s
[421.437s][info][gc,start    ] GC(946) Pause Young (Mixed) (G1 Evacuation Pause)
[421.437s][info][gc,task     ] GC(946) Using 2 workers of 2 for evacuation
[421.461s][info][gc,phases   ] GC(946)   Pre Evacuate Collection Set: 0.20ms
[421.461s][info][gc,phases   ] GC(946)   Merge Heap Roots: 0.07ms
[421.461s][info][gc,phases   ] GC(946)   Evacuate Collection Set: 23.65ms
[421.461s][info][gc,phases   ] GC(946)   Post Evacuate Collection Set: 0.43ms
[421.461s][info][gc,phases   ] GC(946)   Other: 0.09ms
[421.461s][info][gc,heap     ] GC(946) Eden regions: 144->0(134)
[421.461s][info][gc,heap     ] GC(946) Survivor regions: 9->19(20)
[421.461s][info][gc,heap     ] GC(946) Old regions: 53->48
[421.461s][info][gc,heap     ] GC(946) Humongous regions: 10->3
[421.461s][info][gc,metaspace] GC(946) Metaspace: 43014K(43328K)->43014K(43328K) NonClass: 40194K(40384K)->40194K(40384K) Class: 2819K(2944K)->2819K(2944K)
[421.461s][info][gc          ] GC(946) Pause Young (Mixed) (G1 Evacuation Pause) 215M->68M(256M) 24.627ms
[421.461s][info][gc,cpu      ] GC(946) User=0.04s Sys=0.00s Real=0.02s
[421.500s][info][gc,start    ] GC(947) Pause Young (Concurrent Start) (G1 Humongous Allocation)
[421.500s][info][gc,task     ] GC(947) Using 2 workers of 2 for evacuation
[421.514s][info][gc,phases   ] GC(947)   Pre Evacuate Collection Set: 0.19ms
[421.514s][info][gc,phases   ] GC(947)   Merge Heap Roots: 0.04ms
[421.514s][info][gc,phases   ] GC(947)   Evacuate Collection Set: 13.18ms
[421.514s][info][gc,phases   ] GC(947)   Post Evacuate Collection Set: 0.30ms
[421.514s][info][gc,phases   ] GC(947)   Other: 0.08ms
[421.514s][info][gc,heap     ] GC(947) Eden regions: 10->0(126)
[421.514s][info][gc,heap     ] GC(947) Survivor regions: 19->3(20)
[421.514s][info][gc,heap     ] GC(947) Old regions: 48->64
[421.514s][info][gc,heap     ] GC(947) Humongous regions: 3->3
[421.514s][info][gc,metaspace] GC(947) Metaspace: 43014K(43328K)->43014K(43328K) NonClass: 40194K(40384K)->40194K(40384K) Class: 2819K(2944K)->2819K(2944K)
[421.514s][info][gc          ] GC(947) Pause Young (Concurrent Start) (G1 Humongous Allocation) 77M->69M(256M) 13.951ms
[421.514s][info][gc          ] GC(948) Concurrent Mark Cycle
[421.514s][info][gc,marking  ] GC(948) Concurrent Scan Root Regions
[421.515s][info][gc,cpu      ] GC(947) User=0.03s Sys=0.00s Real=0.02s
[421.530s][info][gc,marking  ] GC(948) Concurrent Scan Root Regions 15.444ms
[421.530s][info][gc,marking  ] GC(948) Concurrent Mark
[421.530s][info][gc,marking  ] GC(948) Concurrent Mark From Roots
[421.530s][info][gc,task     ] GC(948) Using 1 workers of 1 for marking
[421.572s][info][gc,marking  ] GC(948) Concurrent Mark From Roots 42.300ms
[421.572s][info][gc,marking  ] GC(948) Concurrent Preclean
[421.572s][info][gc,marking  ] GC(948) Concurrent Preclean 0.037ms
[421.572s][info][gc,start    ] GC(948) Pause Remark
[421.587s][info][gc          ] GC(948) Pause Remark 82M->82M(256M) 14.578ms
[421.587s][info][gc,cpu      ] GC(948) User=0.03s Sys=0.00s Real=0.01s
[421.587s][info][gc,marking  ] GC(948) Concurrent Mark 57.107ms
[421.587s][info][gc,marking  ] GC(948) Concurrent Rebuild Remembered Sets and Scrub Regions
[421.618s][info][gc,marking  ] GC(948) Concurrent Rebuild Remembered Sets and Scrub Regions 30.961ms
[421.618s][info][gc,start    ] GC(948) Pause Cleanup
[421.618s][info][gc          ] GC(948) Pause Cleanup 90M->90M(256M) 0.046ms
[421.618s][info][gc,cpu      ] GC(948) User=0.00s Sys=0.00s Real=0.00s
[421.618s][info][gc,marking  ] GC(948) Concurrent Clear Claimed Marks
[421.618s][info][gc,marking  ] GC(948) Concurrent Clear Claimed Marks 0.034ms
[421.618s][info][gc,marking  ] GC(948) Concurrent Cleanup for Next Mark
[421.619s][info][gc,marking  ] GC(948) Concurrent Cleanup for Next Mark 0.874ms
[421.619s][info][gc          ] GC(948) Concurrent Mark Cycle 104.792ms
[422.017s][info][gc,start    ] GC(949) Pause Young (Prepare Mixed) (G1 Evacuation Pause)
[422.017s][info][gc,task     ] GC(949) Using 2 workers of 2 for evacuation
[422.031s][info][gc,phases   ] GC(949)   Pre Evacuate Collection Set: 0.16ms
[422.031s][info][gc,phases   ] GC(949)   Merge Heap Roots: 0.10ms
[422.031s][info][gc,phases   ] GC(949)   Evacuate Collection Set: 13.19ms
[422.031s][info][gc,phases   ] GC(949)   Post Evacuate Collection Set: 0.41ms
[422.031s][info][gc,phases   ] GC(949)   Other: 0.07ms
[422.031s][info][gc,heap     ] GC(949) Eden regions: 126->0(121)
[422.031s][info][gc,heap     ] GC(949) Survivor regions: 3->16(17)
[422.031s][info][gc,heap     ] GC(949) Old regions: 64->64
[422.031s][info][gc,heap     ] GC(949) Humongous regions: 10->3
[422.031s][info][gc,metaspace] GC(949) Metaspace: 43014K(43328K)->43014K(43328K) NonClass: 40194K(40384K)->40194K(40384K) Class: 2819K(2944K)->2819K(2944K)
[422.031s][info][gc          ] GC(949) Pause Young (Prepare Mixed) (G1 Evacuation Pause) 202M->82M(256M) 14.093ms
[422.031s][info][gc,cpu      ] GC(949) User=0.02s Sys=0.00s Real=0.01s
[422.441s][info][gc,start    ] GC(950) Pause Young (Mixed) (G1 Evacuation Pause)
[422.441s][info][gc,task     ] GC(950) Using 2 workers of 2 for evacuation
[422.472s][info][gc,phases   ] GC(950)   Pre Evacuate Collection Set: 0.18ms
[422.472s][info][gc,phases   ] GC(950)   Merge Heap Roots: 0.18ms
[422.472s][info][gc,phases   ] GC(950)   Evacuate Collection Set: 30.12ms
[422.472s][info][gc,phases   ] GC(950)   Post Evacuate Collection Set: 0.54ms
[422.472s][info][gc,phases   ] GC(950)   Other: 0.07ms
[422.472s][info][gc,heap     ] GC(950) Eden regions: 121->0(119)
[422.472s][info][gc,heap     ] GC(950) Survivor regions: 16->18(18)
[422.472s][info][gc,heap     ] GC(950) Old regions: 64->61
[422.472s][info][gc,heap     ] GC(950) Humongous regions: 7->3
[422.472s][info][gc,metaspace] GC(950) Metaspace: 43014K(43328K)->43014K(43328K) NonClass: 40194K(40384K)->40194K(40384K) Class: 2819K(2944K)->2819K(2944K)
[422.472s][info][gc          ] GC(950) Pause Young (Mixed) (G1 Evacuation Pause) 207M->81M(256M) 31.285ms
[422.472s][info][gc,cpu      ] GC(950) User=0.06s Sys=0.00s Real=0.04s
[422.881s][info][gc,start    ] GC(951) Pause Young (Concurrent Start) (G1 Humongous Allocation)
[422.882s][info][gc,task     ] GC(951) Using 2 workers of 2 for evacuation
[422.901s][info][gc,phases   ] GC(951)   Pre Evacuate Collection Set: 0.16ms
[422.901s][info][gc,phases   ] GC(951)   Merge Heap Roots: 0.09ms
[422.901s][info][gc,phases   ] GC(951)   Evacuate Collection Set: 18.85ms
[422.901s][info][gc,phases   ] GC(951)   Post Evacuate Collection Set: 0.37ms
[422.901s][info][gc,phases   ] GC(951)   Other: 0.10ms
[422.901s][info][gc,heap     ] GC(951) Eden regions: 99->0(123)
[422.901s][info][gc,heap     ] GC(951) Survivor regions: 18->10(18)
[422.901s][info][gc,heap     ] GC(951) Old regions: 61->71
[422.901s][info][gc,heap     ] GC(951) Humongous regions: 3->1
[422.901s][info][gc,metaspace] GC(951) Metaspace: 43014K(43328K)->43014K(43328K) NonClass: 40194K(40384K)->40194K(40384K) Class: 2819K(2944K)->2819K(2944K)
[422.901s][info][gc          ] GC(951) Pause Young (Concurrent Start) (G1 Humongous Allocation) 180M->81M(256M) 19.725ms
[422.901s][info][gc,cpu      ] GC(951) User=0.04s Sys=0.00s Real=0.02s
[422.901s][info][gc          ] GC(952) Concurrent Mark Cycle
[422.902s][info][gc,marking  ] GC(952) Concurrent Scan Root Regions
[422.914s][info][gc,marking  ] GC(952) Concurrent Scan Root Regions 11.943ms
[422.914s][info][gc,marking  ] GC(952) Concurrent Mark
[422.914s][info][gc,marking  ] GC(952) Concurrent Mark From Roots
[422.914s][info][gc,task     ] GC(952) Using 1 workers of 1 for marking
[422.959s][info][gc,marking  ] GC(952) Concurrent Mark From Roots 45.330ms
[422.959s][info][gc,marking  ] GC(952) Concurrent Preclean
[422.959s][info][gc,marking  ] GC(952) Concurrent Preclean 0.037ms
[422.959s][info][gc,start    ] GC(952) Pause Remark
[422.974s][info][gc          ] GC(952) Pause Remark 99M->90M(256M) 14.853ms
[422.974s][info][gc,cpu      ] GC(952) User=0.03s Sys=0.00s Real=0.02s
[422.974s][info][gc,marking  ] GC(952) Concurrent Mark 60.517ms
[422.974s][info][gc,marking  ] GC(952) Concurrent Rebuild Remembered Sets and Scrub Regions
[422.999s][info][gc,marking  ] GC(952) Concurrent Rebuild Remembered Sets and Scrub Regions 25.382ms
[423.000s][info][gc,start    ] GC(952) Pause Cleanup
[423.000s][info][gc          ] GC(952) Pause Cleanup 95M->95M(256M) 0.055ms
[423.000s][info][gc,cpu      ] GC(952) User=0.00s Sys=0.00s Real=0.00s
[423.001s][info][gc,marking  ] GC(952) Concurrent Clear Claimed Marks
[423.001s][info][gc,marking  ] GC(952) Concurrent Clear Claimed Marks 0.039ms
[423.001s][info][gc,marking  ] GC(952) Concurrent Cleanup for Next Mark
[423.001s][info][gc,marking  ] GC(952) Concurrent Cleanup for Next Mark 0.765ms
[423.001s][info][gc          ] GC(952) Concurrent Mark Cycle 100.118ms
[423.342s][info][gc,start    ] GC(953) Pause Young (Prepare Mixed) (G1 Evacuation Pause)
[423.342s][info][gc,task     ] GC(953) Using 2 workers of 2 for evacuation
[423.356s][info][gc,phases   ] GC(953)   Pre Evacuate Collection Set: 0.16ms
[423.356s][info][gc,phases   ] GC(953)   Merge Heap Roots: 0.12ms
[423.356s][info][gc,phases   ] GC(953)   Evacuate Collection Set: 13.01ms
[423.356s][info][gc,phases   ] GC(953)   Post Evacuate Collection Set: 0.39ms
[423.356s][info][gc,phases   ] GC(953)   Other: 0.07ms
[423.356s][info][gc,heap     ] GC(953) Eden regions: 123->0(129)
[423.356s][info][gc,heap     ] GC(953) Survivor regions: 10->5(17)
[423.356s][info][gc,heap     ] GC(953) Old regions: 62->71
[423.356s][info][gc,heap     ] GC(953) Humongous regions: 15->3
[423.356s][info][gc,metaspace] GC(953) Metaspace: 43014K(43328K)->43014K(43328K) NonClass: 40194K(40384K)->40194K(40384K) Class: 2819K(2944K)->2819K(2944K)
[423.356s][info][gc          ] GC(953) Pause Young (Prepare Mixed) (G1 Evacuation Pause) 209M->78M(256M) 13.921ms
[423.356s][info][gc,cpu      ] GC(953) User=0.02s Sys=0.00s Real=0.01s
[423.782s][info][gc,start    ] GC(954) Pause Young (Mixed) (G1 Evacuation Pause)
[423.782s][info][gc,task     ] GC(954) Using 2 workers of 2 for evacuation
[423.793s][info][gc,phases   ] GC(954)   Pre Evacuate Collection Set: 0.16ms
[423.793s][info][gc,phases   ] GC(954)   Merge Heap Roots: 0.12ms
[423.793s][info][gc,phases   ] GC(954)   Evacuate Collection Set: 10.34ms
[423.793s][info][gc,phases   ] GC(954)   Post Evacuate Collection Set: 0.45ms
[423.793s][info][gc,phases   ] GC(954)   Other: 0.07ms
[423.793s][info][gc,heap     ] GC(954) Eden regions: 129->0(133)
[423.793s][info][gc,heap     ] GC(954) Survivor regions: 5->9(17)
[423.793s][info][gc,heap     ] GC(954) Old regions: 71->65
[423.793s][info][gc,heap     ] GC(954) Humongous regions: 13->3
[423.793s][info][gc,metaspace] GC(954) Metaspace: 43014K(43328K)->43014K(43328K) NonClass: 40194K(40384K)->40194K(40384K) Class: 2819K(2944K)->2819K(2944K)
[423.793s][info][gc          ] GC(954) Pause Young (Mixed) (G1 Evacuation Pause) 217M->75M(256M) 11.309ms
[423.793s][info][gc,cpu      ] GC(954) User=0.03s Sys=0.00s Real=0.01s
[423.957s][info][gc,start    ] GC(955) Pause Young (Concurrent Start) (G1 Humongous Allocation)
[423.957s][info][gc,task     ] GC(955) Using 2 workers of 2 for evacuation
[423.960s][info][gc,phases   ] GC(955)   Pre Evacuate Collection Set: 0.16ms
[423.960s][info][gc,phases   ] GC(955)   Merge Heap Roots: 0.05ms
[423.960s][info][gc,phases   ] GC(955)   Evacuate Collection Set: 1.79ms
[423.960s][info][gc,phases   ] GC(955)   Post Evacuate Collection Set: 0.28ms
[423.960s][info][gc,phases   ] GC(955)   Other: 0.08ms
[423.960s][info][gc,heap     ] GC(955) Eden regions: 39->0(144)
[423.960s][info][gc,heap     ] GC(955) Survivor regions: 9->2(18)
[423.960s][info][gc,heap     ] GC(955) Old regions: 65->65
[423.960s][info][gc,heap     ] GC(955) Humongous regions: 3->1
[423.960s][info][gc,metaspace] GC(955) Metaspace: 43014K(43328K)->43014K(43328K) NonClass: 40194K(40384K)->40194K(40384K) Class: 2819K(2944K)->2819K(2944K)
[423.960s][info][gc          ] GC(955) Pause Young (Concurrent Start) (G1 Humongous Allocation) 114M->67M(256M) 2.524ms
[423.960s][info][gc,cpu      ] GC(955) User=0.01s Sys=0.00s Real=0.00s
[423.960s][info][gc          ] GC(956) Concurrent Mark Cycle
[423.960s][info][gc,marking  ] GC(956) Concurrent Scan Root Regions
[423.964s][info][gc,marking  ] GC(956) Concurrent Scan Root Regions 3.972ms
[423.964s][info][gc,marking  ] GC(956) Concurrent Mark
[423.964s][info][gc,marking  ] GC(956) Concurrent Mark From Roots
[423.964s][info][gc,task     ] GC(956) Using 1 workers of 1 for marking
[424.013s][info][gc,marking  ] GC(956) Concurrent Mark From Roots 49.325ms
[424.013s][info][gc,marking  ] GC(956) Concurrent Preclean
[424.013s][info][gc,marking  ] GC(956) Concurrent Preclean 0.036ms
[424.013s][info][gc,start    ] GC(956) Pause Remark
[424.028s][info][gc          ] GC(956) Pause Remark 78M->74M(256M) 14.643ms
[424.028s][info][gc,cpu      ] GC(956) User=0.03s Sys=0.00s Real=0.01s
[424.028s][info][gc,marking  ] GC(956) Concurrent Mark 64.334ms
[424.028s][info][gc,marking  ] GC(956) Concurrent Rebuild Remembered Sets and Scrub Regions
[424.048s][info][gc,marking  ] GC(956) Concurrent Rebuild Remembered Sets and Scrub Regions 20.186ms
[424.049s][info][gc,start    ] GC(956) Pause Cleanup
[424.049s][info][gc          ] GC(956) Pause Cleanup 80M->80M(256M) 0.045ms
[424.049s][info][gc,cpu      ] GC(956) User=0.00s Sys=0.00s Real=0.00s
[424.049s][info][gc,marking  ] GC(956) Concurrent Clear Claimed Marks
[424.049s][info][gc,marking  ] GC(956) Concurrent Clear Claimed Marks 0.048ms
[424.049s][info][gc,marking  ] GC(956) Concurrent Cleanup for Next Mark
[424.050s][info][gc,marking  ] GC(956) Concurrent Cleanup for Next Mark 0.896ms
[424.050s][info][gc          ] GC(956) Concurrent Mark Cycle 89.762ms
[424.519s][info][gc,start    ] GC(957) Pause Young (Prepare Mixed) (G1 Evacuation Pause)
[424.519s][info][gc,task     ] GC(957) Using 2 workers of 2 for evacuation
[424.525s][info][gc,phases   ] GC(957)   Pre Evacuate Collection Set: 0.15ms
[424.525s][info][gc,phases   ] GC(957)   Merge Heap Roots: 0.06ms
[424.525s][info][gc,phases   ] GC(957)   Evacuate Collection Set: 5.43ms
[424.525s][info][gc,phases   ] GC(957)   Post Evacuate Collection Set: 0.39ms
[424.525s][info][gc,phases   ] GC(957)   Other: 0.09ms
[424.525s][info][gc,heap     ] GC(957) Eden regions: 144->0(144)
[424.525s][info][gc,heap     ] GC(957) Survivor regions: 2->8(19)
[424.525s][info][gc,heap     ] GC(957) Old regions: 61->61
[424.525s][info][gc,heap     ] GC(957) Humongous regions: 15->3
[424.525s][info][gc,metaspace] GC(957) Metaspace: 43015K(43328K)->43015K(43328K) NonClass: 40195K(40384K)->40195K(40384K) Class: 2819K(2944K)->2819K(2944K)
[424.525s][info][gc          ] GC(957) Pause Young (Prepare Mixed) (G1 Evacuation Pause) 221M->70M(256M) 6.282ms
[424.525s][info][gc,cpu      ] GC(957) User=0.01s Sys=0.00s Real=0.01s
[425.007s][info][gc,start    ] GC(958) Pause Young (Mixed) (G1 Evacuation Pause)
[425.008s][info][gc,task     ] GC(958) Using 2 workers of 2 for evacuation
[425.030s][info][gc,phases   ] GC(958)   Pre Evacuate Collection Set: 0.17ms
[425.030s][info][gc,phases   ] GC(958)   Merge Heap Roots: 0.07ms
[425.030s][info][gc,phases   ] GC(958)   Evacuate Collection Set: 21.78ms
[425.030s][info][gc,phases   ] GC(958)   Post Evacuate Collection Set: 0.45ms
[425.030s][info][gc,phases   ] GC(958)   Other: 0.08ms
[425.030s][info][gc,heap     ] GC(958) Eden regions: 144->0(134)
[425.030s][info][gc,heap     ] GC(958) Survivor regions: 8->19(19)
[425.030s][info][gc,heap     ] GC(958) Old regions: 61->52
[425.030s][info][gc,heap     ] GC(958) Humongous regions: 3->3
[425.030s][info][gc,metaspace] GC(958) Metaspace: 43015K(43328K)->43015K(43328K) NonClass: 40195K(40384K)->40195K(40384K) Class: 2819K(2944K)->2819K(2944K)
[425.030s][info][gc          ] GC(958) Pause Young (Mixed) (G1 Evacuation Pause) 214M->72M(256M) 22.720ms
[425.030s][info][gc,cpu      ] GC(958) User=0.04s Sys=0.00s Real=0.02s
[425.569s][info][gc,start    ] GC(959) Pause Young (Concurrent Start) (G1 Evacuation Pause)
[425.569s][info][gc,task     ] GC(959) Using 2 workers of 2 for evacuation
[425.603s][info][gc,phases   ] GC(959)   Pre Evacuate Collection Set: 0.17ms
[425.603s][info][gc,phases   ] GC(959)   Merge Heap Roots: 0.13ms
[425.603s][info][gc,phases   ] GC(959)   Evacuate Collection Set: 32.69ms
[425.603s][info][gc,phases   ] GC(959)   Post Evacuate Collection Set: 0.42ms
[425.603s][info][gc,phases   ] GC(959)   Other: 0.10ms
[425.603s][info][gc,heap     ] GC(959) Eden regions: 134->0(121)
[425.603s][info][gc,heap     ] GC(959) Survivor regions: 19->20(20)
[425.603s][info][gc,heap     ] GC(959) Old regions: 52->65
[425.603s][info][gc,heap     ] GC(959) Humongous regions: 3->3
[425.603s][info][gc,metaspace] GC(959) Metaspace: 43015K(43328K)->43015K(43328K) NonClass: 40195K(40384K)->40195K(40384K) Class: 2819K(2944K)->2819K(2944K)
[425.603s][info][gc          ] GC(959) Pause Young (Concurrent Start) (G1 Evacuation Pause) 206M->87M(256M) 33.716ms
[425.603s][info][gc,cpu      ] GC(959) User=0.06s Sys=0.00s Real=0.04s
[425.603s][info][gc          ] GC(960) Concurrent Mark Cycle
[425.603s][info][gc,marking  ] GC(960) Concurrent Scan Root Regions
[425.639s][info][gc,marking  ] GC(960) Concurrent Scan Root Regions 36.342ms
[425.639s][info][gc,marking  ] GC(960) Concurrent Mark
[425.639s][info][gc,marking  ] GC(960) Concurrent Mark From Roots
[425.639s][info][gc,task     ] GC(960) Using 1 workers of 1 for marking
[425.741s][info][gc,marking  ] GC(960) Concurrent Mark From Roots 101.578ms
[425.741s][info][gc,marking  ] GC(960) Concurrent Preclean
[425.741s][info][gc,marking  ] GC(960) Concurrent Preclean 0.040ms
[425.742s][info][gc,start    ] GC(960) Pause Remark
[425.756s][info][gc          ] GC(960) Pause Remark 110M->110M(256M) 14.749ms
[425.756s][info][gc,cpu      ] GC(960) User=0.03s Sys=0.00s Real=0.02s
[425.756s][info][gc,marking  ] GC(960) Concurrent Mark 117.030ms
[425.756s][info][gc,marking  ] GC(960) Concurrent Rebuild Remembered Sets and Scrub Regions
[425.797s][info][gc,marking  ] GC(960) Concurrent Rebuild Remembered Sets and Scrub Regions 40.862ms
[425.797s][info][gc,start    ] GC(960) Pause Cleanup
[425.797s][info][gc          ] GC(960) Pause Cleanup 120M->120M(256M) 0.051ms
[425.797s][info][gc,cpu      ] GC(960) User=0.00s Sys=0.00s Real=0.00s
[425.797s][info][gc,marking  ] GC(960) Concurrent Clear Claimed Marks
[425.798s][info][gc,marking  ] GC(960) Concurrent Clear Claimed Marks 0.034ms
[425.798s][info][gc,marking  ] GC(960) Concurrent Cleanup for Next Mark
[425.798s][info][gc,marking  ] GC(960) Concurrent Cleanup for Next Mark 0.762ms
[425.798s][info][gc          ] GC(960) Concurrent Mark Cycle 195.359ms
[426.074s][info][gc,start    ] GC(961) Pause Young (Prepare Mixed) (G1 Evacuation Pause)
[426.074s][info][gc,task     ] GC(961) Using 2 workers of 2 for evacuation
[426.117s][info][gc,phases   ] GC(961)   Pre Evacuate Collection Set: 0.18ms
[426.117s][info][gc,phases   ] GC(961)   Merge Heap Roots: 0.32ms
[426.117s][info][gc,phases   ] GC(961)   Evacuate Collection Set: 41.60ms
[426.117s][info][gc,phases   ] GC(961)   Post Evacuate Collection Set: 0.70ms
[426.117s][info][gc,phases   ] GC(961)   Other: 0.07ms
[426.117s][info][gc,heap     ] GC(961) Eden regions: 121->0(128)
[426.117s][info][gc,heap     ] GC(961) Survivor regions: 20->16(18)
[426.117s][info][gc,heap     ] GC(961) Old regions: 65->86
[426.117s][info][gc,heap     ] GC(961) Humongous regions: 7->3
[426.117s][info][gc,metaspace] GC(961) Metaspace: 43015K(43328K)->43015K(43328K) NonClass: 40195K(40384K)->40195K(40384K) Class: 2819K(2944K)->2819K(2944K)
[426.117s][info][gc          ] GC(961) Pause Young (Prepare Mixed) (G1 Evacuation Pause) 212M->103M(285M) 43.051ms
[426.117s][info][gc,cpu      ] GC(961) User=0.06s Sys=0.00s Real=0.04s
[426.580s][info][gc,start    ] GC(962) Pause Young (Mixed) (G1 Evacuation Pause)
[426.580s][info][gc,task     ] GC(962) Using 2 workers of 2 for evacuation
[426.599s][info][gc,phases   ] GC(962)   Pre Evacuate Collection Set: 0.17ms
[426.599s][info][gc,phases   ] GC(962)   Merge Heap Roots: 0.22ms
[426.599s][info][gc,phases   ] GC(962)   Evacuate Collection Set: 17.19ms
[426.599s][info][gc,phases   ] GC(962)   Post Evacuate Collection Set: 0.44ms
[426.599s][info][gc,phases   ] GC(962)   Other: 0.07ms
[426.599s][info][gc,heap     ] GC(962) Eden regions: 128->0(138)
[426.599s][info][gc,heap     ] GC(962) Survivor regions: 16->4(18)
[426.599s][info][gc,heap     ] GC(962) Old regions: 86->89
[426.599s][info][gc,heap     ] GC(962) Humongous regions: 11->3
[426.599s][info][gc,metaspace] GC(962) Metaspace: 43015K(43328K)->43015K(43328K) NonClass: 40195K(40384K)->40195K(40384K) Class: 2819K(2944K)->2819K(2944K)
[426.599s][info][gc          ] GC(962) Pause Young (Mixed) (G1 Evacuation Pause) 239M->95M(285M) 18.245ms
[426.599s][info][gc,cpu      ] GC(962) User=0.03s Sys=0.00s Real=0.02s
[426.752s][info][gc,start    ] GC(963) Pause Young (Concurrent Start) (G1 Humongous Allocation)
[426.752s][info][gc,task     ] GC(963) Using 2 workers of 2 for evacuation
[426.754s][info][gc,phases   ] GC(963)   Pre Evacuate Collection Set: 0.18ms
[426.754s][info][gc,phases   ] GC(963)   Merge Heap Roots: 0.04ms
[426.754s][info][gc,phases   ] GC(963)   Evacuate Collection Set: 1.43ms
[426.754s][info][gc,phases   ] GC(963)   Post Evacuate Collection Set: 0.30ms
[426.754s][info][gc,phases   ] GC(963)   Other: 0.08ms
[426.754s][info][gc,heap     ] GC(963) Eden regions: 43->0(147)
[426.754s][info][gc,heap     ] GC(963) Survivor regions: 4->2(18)
[426.754s][info][gc,heap     ] GC(963) Old regions: 89->89
[426.754s][info][gc,heap     ] GC(963) Humongous regions: 3->1
[426.754s][info][gc,metaspace] GC(963) Metaspace: 43017K(43328K)->43017K(43328K) NonClass: 40197K(40384K)->40197K(40384K) Class: 2819K(2944K)->2819K(2944K)
[426.755s][info][gc          ] GC(963) Pause Young (Concurrent Start) (G1 Humongous Allocation) 138M->91M(285M) 2.196ms
[426.755s][info][gc,cpu      ] GC(963) User=0.00s Sys=0.00s Real=0.00s
[426.755s][info][gc          ] GC(964) Concurrent Mark Cycle
[426.755s][info][gc,marking  ] GC(964) Concurrent Scan Root Regions
[426.757s][info][gc,marking  ] GC(964) Concurrent Scan Root Regions 2.679ms
[426.757s][info][gc,marking  ] GC(964) Concurrent Mark
[426.757s][info][gc,marking  ] GC(964) Concurrent Mark From Roots
[426.757s][info][gc,task     ] GC(964) Using 1 workers of 1 for marking
[426.811s][info][gc,marking  ] GC(964) Concurrent Mark From Roots 53.402ms
[426.811s][info][gc,marking  ] GC(964) Concurrent Preclean
[426.811s][info][gc,marking  ] GC(964) Concurrent Preclean 0.044ms
[426.811s][info][gc,start    ] GC(964) Pause Remark
[426.826s][info][gc          ] GC(964) Pause Remark 111M->102M(284M) 15.004ms
[426.826s][info][gc,cpu      ] GC(964) User=0.02s Sys=0.00s Real=0.02s
[426.827s][info][gc,marking  ] GC(964) Concurrent Mark 69.502ms
[426.827s][info][gc,marking  ] GC(964) Concurrent Rebuild Remembered Sets and Scrub Regions
[426.848s][info][gc,marking  ] GC(964) Concurrent Rebuild Remembered Sets and Scrub Regions 20.764ms
[426.848s][info][gc,start    ] GC(964) Pause Cleanup
[426.848s][info][gc          ] GC(964) Pause Cleanup 106M->106M(284M) 0.055ms
[426.848s][info][gc,cpu      ] GC(964) User=0.00s Sys=0.00s Real=0.00s
[426.848s][info][gc,marking  ] GC(964) Concurrent Clear Claimed Marks
[426.848s][info][gc,marking  ] GC(964) Concurrent Clear Claimed Marks 0.034ms
[426.848s][info][gc,marking  ] GC(964) Concurrent Cleanup for Next Mark
[426.849s][info][gc,marking  ] GC(964) Concurrent Cleanup for Next Mark 1.119ms
[426.849s][info][gc          ] GC(964) Concurrent Mark Cycle 94.679ms
[427.310s][info][gc,start    ] GC(965) Pause Young (Prepare Mixed) (G1 Evacuation Pause)
[427.310s][info][gc,task     ] GC(965) Using 2 workers of 2 for evacuation
[427.324s][info][gc,phases   ] GC(965)   Pre Evacuate Collection Set: 0.18ms
[427.324s][info][gc,phases   ] GC(965)   Merge Heap Roots: 0.06ms
[427.324s][info][gc,phases   ] GC(965)   Evacuate Collection Set: 13.75ms
[427.324s][info][gc,phases   ] GC(965)   Post Evacuate Collection Set: 0.40ms
[427.324s][info][gc,phases   ] GC(965)   Other: 0.07ms
[427.324s][info][gc,heap     ] GC(965) Eden regions: 147->0(142)
[427.324s][info][gc,heap     ] GC(965) Survivor regions: 2->15(19)
[427.324s][info][gc,heap     ] GC(965) Old regions: 80->80
[427.324s][info][gc,heap     ] GC(965) Humongous regions: 5->3
[427.324s][info][gc,metaspace] GC(965) Metaspace: 43018K(43328K)->43018K(43328K) NonClass: 40198K(40384K)->40198K(40384K) Class: 2819K(2944K)->2819K(2944K)
[427.324s][info][gc          ] GC(965) Pause Young (Prepare Mixed) (G1 Evacuation Pause) 233M->98M(284M) 14.617ms
[427.324s][info][gc,cpu      ] GC(965) User=0.03s Sys=0.00s Real=0.02s
[427.802s][info][gc,start    ] GC(966) Pause Young (Mixed) (G1 Evacuation Pause)
[427.802s][info][gc,task     ] GC(966) Using 2 workers of 2 for evacuation
[427.807s][info][gc,phases   ] GC(966)   Pre Evacuate Collection Set: 0.23ms
[427.807s][info][gc,phases   ] GC(966)   Merge Heap Roots: 0.08ms
[427.807s][info][gc,phases   ] GC(966)   Evacuate Collection Set: 4.13ms
[427.807s][info][gc,phases   ] GC(966)   Post Evacuate Collection Set: 0.41ms
[427.807s][info][gc,phases   ] GC(966)   Other: 0.07ms
[427.807s][info][gc,heap     ] GC(966) Eden regions: 142->0(167)
[427.807s][info][gc,heap     ] GC(966) Survivor regions: 15->3(20)
[427.807s][info][gc,heap     ] GC(966) Old regions: 80->54
[427.807s][info][gc,heap     ] GC(966) Humongous regions: 11->3
[427.807s][info][gc,metaspace] GC(966) Metaspace: 43018K(43328K)->43018K(43328K) NonClass: 40198K(40384K)->40198K(40384K) Class: 2819K(2944K)->2819K(2944K)
[427.807s][info][gc          ] GC(966) Pause Young (Mixed) (G1 Evacuation Pause) 248M->59M(284M) 5.087ms
[427.807s][info][gc,cpu      ] GC(966) User=0.01s Sys=0.00s Real=0.01s
[428.339s][info][gc,start    ] GC(967) Pause Young (Mixed) (G1 Evacuation Pause)
[428.339s][info][gc,task     ] GC(967) Using 2 workers of 2 for evacuation
[428.354s][info][gc,phases   ] GC(967)   Pre Evacuate Collection Set: 0.16ms
[428.354s][info][gc,phases   ] GC(967)   Merge Heap Roots: 0.07ms
[428.354s][info][gc,phases   ] GC(967)   Evacuate Collection Set: 14.26ms
[428.354s][info][gc,phases   ] GC(967)   Post Evacuate Collection Set: 0.41ms
[428.354s][info][gc,phases   ] GC(967)   Other: 0.08ms
[428.354s][info][gc,heap     ] GC(967) Eden regions: 167->0(157)
[428.354s][info][gc,heap     ] GC(967) Survivor regions: 3->13(22)
[428.354s][info][gc,heap     ] GC(967) Old regions: 54->52
[428.354s][info][gc,heap     ] GC(967) Humongous regions: 5->3
[428.354s][info][gc,metaspace] GC(967) Metaspace: 43018K(43328K)->43018K(43328K) NonClass: 40198K(40384K)->40198K(40384K) Class: 2819K(2944K)->2819K(2944K)
[428.354s][info][gc          ] GC(967) Pause Young (Mixed) (G1 Evacuation Pause) 228M->67M(284M) 15.165ms
[428.354s][info][gc,cpu      ] GC(967) User=0.03s Sys=0.00s Real=0.02s
[428.371s][info][gc,start    ] GC(968) Pause Young (Concurrent Start) (G1 Humongous Allocation)
[428.371s][info][gc,task     ] GC(968) Using 2 workers of 2 for evacuation
[428.373s][info][gc,phases   ] GC(968)   Pre Evacuate Collection Set: 0.16ms
[428.373s][info][gc,phases   ] GC(968)   Merge Heap Roots: 0.04ms
[428.373s][info][gc,phases   ] GC(968)   Evacuate Collection Set: 2.02ms
[428.373s][info][gc,phases   ] GC(968)   Post Evacuate Collection Set: 0.25ms
[428.373s][info][gc,phases   ] GC(968)   Other: 0.06ms
[428.373s][info][gc,heap     ] GC(968) Eden regions: 5->0(169)
[428.373s][info][gc,heap     ] GC(968) Survivor regions: 13->1(22)
[428.373s][info][gc,heap     ] GC(968) Old regions: 52->54
[428.373s][info][gc,heap     ] GC(968) Humongous regions: 3->1
[428.373s][info][gc,metaspace] GC(968) Metaspace: 43018K(43328K)->43018K(43328K) NonClass: 40198K(40384K)->40198K(40384K) Class: 2819K(2944K)->2819K(2944K)
[428.373s][info][gc          ] GC(968) Pause Young (Concurrent Start) (G1 Humongous Allocation) 72M->55M(284M) 2.684ms
[428.374s][info][gc          ] GC(969) Concurrent Mark Cycle
[428.374s][info][gc,marking  ] GC(969) Concurrent Scan Root Regions
[428.376s][info][gc,cpu      ] GC(968) User=0.00s Sys=0.00s Real=0.01s
[428.376s][info][gc,marking  ] GC(969) Concurrent Scan Root Regions 2.839ms
[428.376s][info][gc,marking  ] GC(969) Concurrent Mark
[428.376s][info][gc,marking  ] GC(969) Concurrent Mark From Roots
[428.376s][info][gc,task     ] GC(969) Using 1 workers of 1 for marking
[428.443s][info][gc,marking  ] GC(969) Concurrent Mark From Roots 66.143ms
[428.443s][info][gc,marking  ] GC(969) Concurrent Preclean
[428.443s][info][gc,marking  ] GC(969) Concurrent Preclean 0.033ms
[428.443s][info][gc,start    ] GC(969) Pause Remark
[428.459s][info][gc          ] GC(969) Pause Remark 79M->79M(256M) 16.202ms
[428.459s][info][gc,cpu      ] GC(969) User=0.03s Sys=0.00s Real=0.01s
[428.459s][info][gc,marking  ] GC(969) Concurrent Mark 82.620ms
[428.459s][info][gc,marking  ] GC(969) Concurrent Rebuild Remembered Sets and Scrub Regions
[428.484s][info][gc,marking  ] GC(969) Concurrent Rebuild Remembered Sets and Scrub Regions 25.239ms
[428.484s][info][gc,start    ] GC(969) Pause Cleanup
[428.484s][info][gc          ] GC(969) Pause Cleanup 87M->87M(256M) 0.047ms
[428.484s][info][gc,cpu      ] GC(969) User=0.00s Sys=0.00s Real=0.00s
[428.484s][info][gc,marking  ] GC(969) Concurrent Clear Claimed Marks
[428.485s][info][gc,marking  ] GC(969) Concurrent Clear Claimed Marks 0.034ms
[428.485s][info][gc,marking  ] GC(969) Concurrent Cleanup for Next Mark
[428.485s][info][gc,marking  ] GC(969) Concurrent Cleanup for Next Mark 0.788ms
[428.485s][info][gc          ] GC(969) Concurrent Mark Cycle 111.822ms
[428.997s][info][gc,start    ] GC(970) Pause Young (Prepare Mixed) (G1 Evacuation Pause)
[428.997s][info][gc,task     ] GC(970) Using 2 workers of 2 for evacuation
[429.000s][info][gc,phases   ] GC(970)   Pre Evacuate Collection Set: 0.15ms
[429.000s][info][gc,phases   ] GC(970)   Merge Heap Roots: 0.06ms
[429.000s][info][gc,phases   ] GC(970)   Evacuate Collection Set: 1.56ms
[429.000s][info][gc,phases   ] GC(970)   Post Evacuate Collection Set: 0.39ms
[429.000s][info][gc,phases   ] GC(970)   Other: 0.08ms
[429.000s][info][gc,heap     ] GC(970) Eden regions: 152->0(151)
[429.000s][info][gc,heap     ] GC(970) Survivor regions: 1->2(20)
[429.000s][info][gc,heap     ] GC(970) Old regions: 54->54
[429.000s][info][gc,heap     ] GC(970) Humongous regions: 7->1
[429.000s][info][gc,metaspace] GC(970) Metaspace: 43018K(43328K)->43018K(43328K) NonClass: 40198K(40384K)->40198K(40384K) Class: 2819K(2944K)->2819K(2944K)
[429.000s][info][gc          ] GC(970) Pause Young (Prepare Mixed) (G1 Evacuation Pause) 213M->55M(256M) 2.409ms
[429.000s][info][gc,cpu      ] GC(970) User=0.00s Sys=0.00s Real=0.00s
[429.402s][info][gc,start    ] GC(971) Pause Young (Mixed) (G1 Evacuation Pause)
[429.402s][info][gc,task     ] GC(971) Using 2 workers of 2 for evacuation
[429.443s][info][gc,phases   ] GC(971)   Pre Evacuate Collection Set: 0.16ms
[429.443s][info][gc,phases   ] GC(971)   Merge Heap Roots: 0.21ms
[429.443s][info][gc,phases   ] GC(971)   Evacuate Collection Set: 40.18ms
[429.443s][info][gc,phases   ] GC(971)   Post Evacuate Collection Set: 0.57ms
[429.443s][info][gc,phases   ] GC(971)   Other: 0.07ms
[429.443s][info][gc,heap     ] GC(971) Eden regions: 151->0(120)
[429.443s][info][gc,heap     ] GC(971) Survivor regions: 2->20(20)
[429.443s][info][gc,heap     ] GC(971) Old regions: 54->70
[429.443s][info][gc,heap     ] GC(971) Humongous regions: 3->3
[429.443s][info][gc,metaspace] GC(971) Metaspace: 43018K(43328K)->43018K(43328K) NonClass: 40198K(40384K)->40198K(40384K) Class: 2819K(2944K)->2819K(2944K)
[429.443s][info][gc          ] GC(971) Pause Young (Mixed) (G1 Evacuation Pause) 208M->91M(256M) 41.376ms
[429.443s][info][gc,cpu      ] GC(971) User=0.07s Sys=0.00s Real=0.04s
[429.946s][info][gc,start    ] GC(972) Pause Young (Concurrent Start) (G1 Evacuation Pause)
[429.946s][info][gc,task     ] GC(972) Using 2 workers of 2 for evacuation
[430.000s][info][gc,phases   ] GC(972)   Pre Evacuate Collection Set: 0.19ms
[430.000s][info][gc,phases   ] GC(972)   Merge Heap Roots: 0.31ms
[430.000s][info][gc,phases   ] GC(972)   Evacuate Collection Set: 53.82ms
[430.000s][info][gc,phases   ] GC(972)   Post Evacuate Collection Set: 0.43ms
[430.000s][info][gc,phases   ] GC(972)   Other: 0.09ms
[430.001s][info][gc,heap     ] GC(972) Eden regions: 120->0(96)
[430.001s][info][gc,heap     ] GC(972) Survivor regions: 20->18(18)
[430.001s][info][gc,heap     ] GC(972) Old regions: 70->99
[430.001s][info][gc,heap     ] GC(972) Humongous regions: 3->3
[430.001s][info][gc,metaspace] GC(972) Metaspace: 43018K(43328K)->43018K(43328K) NonClass: 40198K(40384K)->40198K(40384K) Class: 2819K(2944K)->2819K(2944K)
[430.001s][info][gc          ] GC(972) Pause Young (Concurrent Start) (G1 Evacuation Pause) 211M->119M(260M) 55.042ms
[430.001s][info][gc,cpu      ] GC(972) User=0.10s Sys=0.00s Real=0.05s
[430.001s][info][gc          ] GC(973) Concurrent Mark Cycle
[430.001s][info][gc,marking  ] GC(973) Concurrent Scan Root Regions
[430.061s][info][gc,marking  ] GC(973) Concurrent Scan Root Regions 60.040ms
[430.061s][info][gc,marking  ] GC(973) Concurrent Mark
[430.061s][info][gc,marking  ] GC(973) Concurrent Mark From Roots
[430.061s][info][gc,task     ] GC(973) Using 1 workers of 1 for marking
[430.176s][info][gc,marking  ] GC(973) Concurrent Mark From Roots 115.358ms
[430.176s][info][gc,marking  ] GC(973) Concurrent Preclean
[430.176s][info][gc,marking  ] GC(973) Concurrent Preclean 0.038ms
[430.176s][info][gc,start    ] GC(973) Pause Remark
[430.191s][info][gc          ] GC(973) Pause Remark 150M->150M(260M) 14.930ms
[430.191s][info][gc,cpu      ] GC(973) User=0.03s Sys=0.00s Real=0.01s
[430.191s][info][gc,marking  ] GC(973) Concurrent Mark 130.604ms
[430.191s][info][gc,marking  ] GC(973) Concurrent Rebuild Remembered Sets and Scrub Regions
[430.295s][info][gc,marking  ] GC(973) Concurrent Rebuild Remembered Sets and Scrub Regions 103.365ms
[430.295s][info][gc,start    ] GC(973) Pause Cleanup
[430.295s][info][gc          ] GC(973) Pause Cleanup 168M->168M(260M) 0.066ms
[430.295s][info][gc,cpu      ] GC(973) User=0.00s Sys=0.00s Real=0.00s
[430.295s][info][gc,marking  ] GC(973) Concurrent Clear Claimed Marks
[430.295s][info][gc,marking  ] GC(973) Concurrent Clear Claimed Marks 0.040ms
[430.295s][info][gc,marking  ] GC(973) Concurrent Cleanup for Next Mark
[430.296s][info][gc,marking  ] GC(973) Concurrent Cleanup for Next Mark 0.852ms
[430.296s][info][gc          ] GC(973) Concurrent Mark Cycle 295.346ms
[430.515s][info][gc,start    ] GC(974) Pause Young (Prepare Mixed) (G1 Evacuation Pause)
[430.515s][info][gc,task     ] GC(974) Using 2 workers of 2 for evacuation
[430.575s][info][gc,phases   ] GC(974)   Pre Evacuate Collection Set: 0.18ms
[430.575s][info][gc,phases   ] GC(974)   Merge Heap Roots: 0.61ms
[430.575s][info][gc,phases   ] GC(974)   Evacuate Collection Set: 58.38ms
[430.575s][info][gc,phases   ] GC(974)   Post Evacuate Collection Set: 0.42ms
[430.575s][info][gc,phases   ] GC(974)   Other: 0.07ms
[430.575s][info][gc,heap     ] GC(974) Eden regions: 96->0(73)
[430.575s][info][gc,heap     ] GC(974) Survivor regions: 18->15(15)
[430.575s][info][gc,heap     ] GC(974) Old regions: 99->129
[430.575s][info][gc,heap     ] GC(974) Humongous regions: 3->3
[430.575s][info][gc,metaspace] GC(974) Metaspace: 43018K(43328K)->43018K(43328K) NonClass: 40198K(40384K)->40198K(40384K) Class: 2819K(2944K)->2819K(2944K)
[430.575s][info][gc          ] GC(974) Pause Young (Prepare Mixed) (G1 Evacuation Pause) 215M->146M(261M) 59.855ms
[430.575s][info][gc,cpu      ] GC(974) User=0.10s Sys=0.00s Real=0.06s
[430.925s][info][gc,start    ] GC(975) Pause Young (Mixed) (G1 Evacuation Pause)
[430.925s][info][gc,task     ] GC(975) Using 2 workers of 2 for evacuation
[430.969s][info][gc,phases   ] GC(975)   Pre Evacuate Collection Set: 0.17ms
[430.969s][info][gc,phases   ] GC(975)   Merge Heap Roots: 0.22ms
[430.969s][info][gc,phases   ] GC(975)   Evacuate Collection Set: 42.56ms
[430.969s][info][gc,phases   ] GC(975)   Post Evacuate Collection Set: 0.87ms
[430.969s][info][gc,phases   ] GC(975)   Other: 0.10ms
[430.969s][info][gc,heap     ] GC(975) Eden regions: 73->0(98)
[430.969s][info][gc,heap     ] GC(975) Survivor regions: 15->11(11)
[430.969s][info][gc,heap     ] GC(975) Old regions: 129->152
[430.969s][info][gc,heap     ] GC(975) Humongous regions: 3->3
[430.969s][info][gc,metaspace] GC(975) Metaspace: 43018K(43328K)->43018K(43328K) NonClass: 40198K(40384K)->40198K(40384K) Class: 2819K(2944K)->2819K(2944K)
[430.969s][info][gc          ] GC(975) Pause Young (Mixed) (G1 Evacuation Pause) 219M->165M(324M) 44.158ms
[430.969s][info][gc,cpu      ] GC(975) User=0.09s Sys=0.00s Real=0.04s
[431.178s][info][gc,start    ] GC(976) Pause Young (Concurrent Start) (G1 Humongous Allocation)
[431.178s][info][gc,task     ] GC(976) Using 2 workers of 2 for evacuation
[431.207s][info][gc,phases   ] GC(976)   Pre Evacuate Collection Set: 0.20ms
[431.207s][info][gc,phases   ] GC(976)   Merge Heap Roots: 0.23ms
[431.207s][info][gc,phases   ] GC(976)   Evacuate Collection Set: 28.04ms
[431.207s][info][gc,phases   ] GC(976)   Post Evacuate Collection Set: 0.40ms
[431.207s][info][gc,phases   ] GC(976)   Other: 0.13ms
[431.207s][info][gc,heap     ] GC(976) Eden regions: 44->0(92)
[431.207s][info][gc,heap     ] GC(976) Survivor regions: 11->12(14)
[431.207s][info][gc,heap     ] GC(976) Old regions: 152->163
[431.207s][info][gc,heap     ] GC(976) Humongous regions: 3->1
[431.207s][info][gc,metaspace] GC(976) Metaspace: 43018K(43328K)->43018K(43328K) NonClass: 40198K(40384K)->40198K(40384K) Class: 2819K(2944K)->2819K(2944K)
[431.207s][info][gc          ] GC(976) Pause Young (Concurrent Start) (G1 Humongous Allocation) 209M->175M(324M) 29.194ms
[431.207s][info][gc,cpu      ] GC(976) User=0.05s Sys=0.00s Real=0.03s
[431.207s][info][gc          ] GC(977) Concurrent Mark Cycle
[431.207s][info][gc,marking  ] GC(977) Concurrent Scan Root Regions
[431.253s][info][gc,marking  ] GC(977) Concurrent Scan Root Regions 45.724ms
[431.253s][info][gc,marking  ] GC(977) Concurrent Mark
[431.253s][info][gc,marking  ] GC(977) Concurrent Mark From Roots
[431.253s][info][gc,task     ] GC(977) Using 1 workers of 1 for marking
[431.383s][info][gc,marking  ] GC(977) Concurrent Mark From Roots 129.564ms
[431.383s][info][gc,marking  ] GC(977) Concurrent Preclean
[431.383s][info][gc,marking  ] GC(977) Concurrent Preclean 0.035ms
[431.383s][info][gc,start    ] GC(977) Pause Remark
[431.398s][info][gc          ] GC(977) Pause Remark 214M->214M(324M) 14.951ms
[431.398s][info][gc,cpu      ] GC(977) User=0.03s Sys=0.00s Real=0.01s
[431.398s][info][gc,marking  ] GC(977) Concurrent Mark 144.854ms
[431.398s][info][gc,marking  ] GC(977) Concurrent Rebuild Remembered Sets and Scrub Regions
[431.464s][info][gc,marking  ] GC(977) Concurrent Rebuild Remembered Sets and Scrub Regions 66.552ms
[431.465s][info][gc,start    ] GC(977) Pause Cleanup
[431.465s][info][gc          ] GC(977) Pause Cleanup 226M->226M(324M) 0.081ms
[431.465s][info][gc,cpu      ] GC(977) User=0.00s Sys=0.00s Real=0.00s
[431.465s][info][gc,marking  ] GC(977) Concurrent Clear Claimed Marks
[431.465s][info][gc,marking  ] GC(977) Concurrent Clear Claimed Marks 0.038ms
[431.465s][info][gc,marking  ] GC(977) Concurrent Cleanup for Next Mark
[431.466s][info][gc,marking  ] GC(977) Concurrent Cleanup for Next Mark 1.672ms
[431.466s][info][gc          ] GC(977) Concurrent Mark Cycle 259.255ms
[431.691s][info][gc,start    ] GC(978) Pause Young (Prepare Mixed) (G1 Evacuation Pause)
[431.691s][info][gc,task     ] GC(978) Using 2 workers of 2 for evacuation
[431.713s][info][gc,phases   ] GC(978)   Pre Evacuate Collection Set: 0.20ms
[431.713s][info][gc,phases   ] GC(978)   Merge Heap Roots: 0.14ms
[431.713s][info][gc,phases   ] GC(978)   Evacuate Collection Set: 21.39ms
[431.713s][info][gc,phases   ] GC(978)   Post Evacuate Collection Set: 0.41ms
[431.713s][info][gc,phases   ] GC(978)   Other: 0.11ms
[431.713s][info][gc,heap     ] GC(978) Eden regions: 92->0(87)
[431.713s][info][gc,heap     ] GC(978) Survivor regions: 12->12(13)
[431.713s][info][gc,heap     ] GC(978) Old regions: 163->174
[431.713s][info][gc,heap     ] GC(978) Humongous regions: 3->3
[431.713s][info][gc,metaspace] GC(978) Metaspace: 43018K(43328K)->43018K(43328K) NonClass: 40198K(40384K)->40198K(40384K) Class: 2819K(2944K)->2819K(2944K)
[431.713s][info][gc          ] GC(978) Pause Young (Prepare Mixed) (G1 Evacuation Pause) 269M->188M(324M) 22.458ms
[431.713s][info][gc,cpu      ] GC(978) User=0.05s Sys=0.00s Real=0.03s
[432.002s][info][gc,start    ] GC(979) Pause Young (Mixed) (G1 Evacuation Pause)
[432.002s][info][gc,task     ] GC(979) Using 2 workers of 2 for evacuation
[432.027s][info][gc,phases   ] GC(979)   Pre Evacuate Collection Set: 0.21ms
[432.027s][info][gc,phases   ] GC(979)   Merge Heap Roots: 0.18ms
[432.027s][info][gc,phases   ] GC(979)   Evacuate Collection Set: 24.52ms
[432.027s][info][gc,phases   ] GC(979)   Post Evacuate Collection Set: 0.44ms
[432.027s][info][gc,phases   ] GC(979)   Other: 0.07ms
[432.027s][info][gc,heap     ] GC(979) Eden regions: 87->0(102)
[432.027s][info][gc,heap     ] GC(979) Survivor regions: 12->11(13)
[432.028s][info][gc,heap     ] GC(979) Old regions: 174->153
[432.028s][info][gc,heap     ] GC(979) Humongous regions: 7->3
[432.028s][info][gc,metaspace] GC(979) Metaspace: 43018K(43328K)->43018K(43328K) NonClass: 40198K(40384K)->40198K(40384K) Class: 2819K(2944K)->2819K(2944K)
[432.028s][info][gc          ] GC(979) Pause Young (Mixed) (G1 Evacuation Pause) 279M->166M(324M) 25.600ms
[432.028s][info][gc,cpu      ] GC(979) User=0.05s Sys=0.00s Real=0.02s
[432.395s][info][gc,start    ] GC(980) Pause Young (Mixed) (G1 Evacuation Pause)
[432.395s][info][gc,task     ] GC(980) Using 2 workers of 2 for evacuation
[432.414s][info][gc,phases   ] GC(980)   Pre Evacuate Collection Set: 0.24ms
[432.414s][info][gc,phases   ] GC(980)   Merge Heap Roots: 0.34ms
[432.414s][info][gc,phases   ] GC(980)   Evacuate Collection Set: 17.54ms
[432.414s][info][gc,phases   ] GC(980)   Post Evacuate Collection Set: 0.42ms
[432.414s][info][gc,phases   ] GC(980)   Other: 0.07ms
[432.414s][info][gc,heap     ] GC(980) Eden regions: 102->0(128)
[432.414s][info][gc,heap     ] GC(980) Survivor regions: 11->2(15)
[432.414s][info][gc,heap     ] GC(980) Old regions: 153->129
[432.414s][info][gc,heap     ] GC(980) Humongous regions: 9->1
[432.414s][info][gc,metaspace] GC(980) Metaspace: 43018K(43328K)->43018K(43328K) NonClass: 40198K(40384K)->40198K(40384K) Class: 2819K(2944K)->2819K(2944K)
[432.414s][info][gc          ] GC(980) Pause Young (Mixed) (G1 Evacuation Pause) 274M->132M(324M) 18.789ms
[432.414s][info][gc,cpu      ] GC(980) User=0.04s Sys=0.00s Real=0.02s
[432.750s][info][gc,start    ] GC(981) Pause Young (Mixed) (G1 Evacuation Pause)
[432.750s][info][gc,task     ] GC(981) Using 2 workers of 2 for evacuation
[432.794s][info][gc,phases   ] GC(981)   Pre Evacuate Collection Set: 0.19ms
[432.794s][info][gc,phases   ] GC(981)   Merge Heap Roots: 0.37ms
[432.794s][info][gc,phases   ] GC(981)   Evacuate Collection Set: 42.94ms
[432.794s][info][gc,phases   ] GC(981)   Post Evacuate Collection Set: 0.70ms
[432.794s][info][gc,phases   ] GC(981)   Other: 0.07ms
[432.794s][info][gc,heap     ] GC(981) Eden regions: 128->0(95)
[432.794s][info][gc,heap     ] GC(981) Survivor regions: 2->17(17)
[432.794s][info][gc,heap     ] GC(981) Old regions: 129->145
[432.794s][info][gc,heap     ] GC(981) Humongous regions: 4->4
[432.794s][info][gc,metaspace] GC(981) Metaspace: 43018K(43328K)->43018K(43328K) NonClass: 40198K(40384K)->40198K(40384K) Class: 2819K(2944K)->2819K(2944K)
[432.794s][info][gc          ] GC(981) Pause Young (Mixed) (G1 Evacuation Pause) 263M->165M(324M) 44.474ms
[432.794s][info][gc,cpu      ] GC(981) User=0.09s Sys=0.00s Real=0.05s
[432.959s][info][gc,start    ] GC(982) Pause Young (Concurrent Start) (G1 Humongous Allocation)
[432.959s][info][gc,task     ] GC(982) Using 2 workers of 2 for evacuation
[432.989s][info][gc,phases   ] GC(982)   Pre Evacuate Collection Set: 0.25ms
[432.989s][info][gc,phases   ] GC(982)   Merge Heap Roots: 0.17ms
[432.989s][info][gc,phases   ] GC(982)   Evacuate Collection Set: 28.70ms
[432.989s][info][gc,phases   ] GC(982)   Post Evacuate Collection Set: 0.93ms
[432.989s][info][gc,phases   ] GC(982)   Other: 0.15ms
[432.989s][info][gc,heap     ] GC(982) Eden regions: 49->0(110)
[432.989s][info][gc,heap     ] GC(982) Survivor regions: 17->14(14)
[432.989s][info][gc,heap     ] GC(982) Old regions: 145->173
[432.989s][info][gc,heap     ] GC(982) Humongous regions: 4->4
[432.989s][info][gc,metaspace] GC(982) Metaspace: 43018K(43328K)->43018K(43328K) NonClass: 40198K(40384K)->40198K(40384K) Class: 2819K(2944K)->2819K(2944K)
[432.989s][info][gc          ] GC(982) Pause Young (Concurrent Start) (G1 Humongous Allocation) 213M->190M(407M) 30.395ms
[432.989s][info][gc,cpu      ] GC(982) User=0.06s Sys=0.00s Real=0.03s
[432.989s][info][gc          ] GC(983) Concurrent Mark Cycle
[432.989s][info][gc,marking  ] GC(983) Concurrent Scan Root Regions
[433.009s][info][gc,marking  ] GC(983) Concurrent Scan Root Regions 19.610ms
[433.009s][info][gc,marking  ] GC(983) Concurrent Mark
[433.009s][info][gc,marking  ] GC(983) Concurrent Mark From Roots
[433.009s][info][gc,task     ] GC(983) Using 1 workers of 1 for marking
[433.093s][info][gc,marking  ] GC(983) Concurrent Mark From Roots 83.497ms
[433.093s][info][gc,marking  ] GC(983) Concurrent Preclean
[433.093s][info][gc,marking  ] GC(983) Concurrent Preclean 0.036ms
[433.093s][info][gc,start    ] GC(983) Pause Remark
[433.108s][info][gc          ] GC(983) Pause Remark 215M->192M(407M) 14.982ms
[433.108s][info][gc,cpu      ] GC(983) User=0.03s Sys=0.00s Real=0.01s
[433.108s][info][gc,marking  ] GC(983) Concurrent Mark 98.811ms
[433.108s][info][gc,marking  ] GC(983) Concurrent Rebuild Remembered Sets and Scrub Regions
[433.156s][info][gc,marking  ] GC(983) Concurrent Rebuild Remembered Sets and Scrub Regions 48.016ms
[433.156s][info][gc,start    ] GC(983) Pause Cleanup
[433.156s][info][gc          ] GC(983) Pause Cleanup 203M->203M(407M) 0.071ms
[433.156s][info][gc,cpu      ] GC(983) User=0.00s Sys=0.00s Real=0.00s
[433.156s][info][gc,marking  ] GC(983) Concurrent Clear Claimed Marks
[433.156s][info][gc,marking  ] GC(983) Concurrent Clear Claimed Marks 0.037ms
[433.156s][info][gc,marking  ] GC(983) Concurrent Cleanup for Next Mark
[433.158s][info][gc,marking  ] GC(983) Concurrent Cleanup for Next Mark 2.031ms
[433.158s][info][gc          ] GC(983) Concurrent Mark Cycle 168.939ms
[433.454s][info][gc,start    ] GC(984) Pause Young (Prepare Mixed) (G1 Evacuation Pause)
[433.454s][info][gc,task     ] GC(984) Using 2 workers of 2 for evacuation
[433.467s][info][gc,phases   ] GC(984)   Pre Evacuate Collection Set: 0.26ms
[433.467s][info][gc,phases   ] GC(984)   Merge Heap Roots: 0.18ms
[433.467s][info][gc,phases   ] GC(984)   Evacuate Collection Set: 12.06ms
[433.467s][info][gc,phases   ] GC(984)   Post Evacuate Collection Set: 0.40ms
[433.467s][info][gc,phases   ] GC(984)   Other: 0.07ms
[433.467s][info][gc,heap     ] GC(984) Eden regions: 110->0(127)
[433.467s][info][gc,heap     ] GC(984) Survivor regions: 14->7(16)
[433.467s][info][gc,heap     ] GC(984) Old regions: 150->161
[433.467s][info][gc,heap     ] GC(984) Humongous regions: 5->5
[433.467s][info][gc,metaspace] GC(984) Metaspace: 43018K(43328K)->43018K(43328K) NonClass: 40198K(40384K)->40198K(40384K) Class: 2819K(2944K)->2819K(2944K)
[433.467s][info][gc          ] GC(984) Pause Young (Prepare Mixed) (G1 Evacuation Pause) 278M->172M(407M) 13.187ms
[433.467s][info][gc,cpu      ] GC(984) User=0.02s Sys=0.00s Real=0.01s
[433.882s][info][gc,start    ] GC(985) Pause Young (Mixed) (G1 Evacuation Pause)
[433.882s][info][gc,task     ] GC(985) Using 2 workers of 2 for evacuation
[433.893s][info][gc,phases   ] GC(985)   Pre Evacuate Collection Set: 0.24ms
[433.893s][info][gc,phases   ] GC(985)   Merge Heap Roots: 0.19ms
[433.893s][info][gc,phases   ] GC(985)   Evacuate Collection Set: 10.31ms
[433.893s][info][gc,phases   ] GC(985)   Post Evacuate Collection Set: 0.45ms
[433.893s][info][gc,phases   ] GC(985)   Other: 0.08ms
[433.893s][info][gc,heap     ] GC(985) Eden regions: 127->0(155)
[433.893s][info][gc,heap     ] GC(985) Survivor regions: 7->8(17)
[433.893s][info][gc,heap     ] GC(985) Old regions: 161->123
[433.893s][info][gc,heap     ] GC(985) Humongous regions: 6->5
[433.893s][info][gc,metaspace] GC(985) Metaspace: 43018K(43328K)->43018K(43328K) NonClass: 40198K(40384K)->40198K(40384K) Class: 2819K(2944K)->2819K(2944K)
[433.893s][info][gc          ] GC(985) Pause Young (Mixed) (G1 Evacuation Pause) 300M->136M(407M) 11.478ms
[433.893s][info][gc,cpu      ] GC(985) User=0.02s Sys=0.00s Real=0.01s
[434.390s][info][gc,start    ] GC(986) Pause Young (Mixed) (G1 Evacuation Pause)
[434.390s][info][gc,task     ] GC(986) Using 2 workers of 2 for evacuation
[434.413s][info][gc,phases   ] GC(986)   Pre Evacuate Collection Set: 0.29ms
[434.413s][info][gc,phases   ] GC(986)   Merge Heap Roots: 0.24ms
[434.413s][info][gc,phases   ] GC(986)   Evacuate Collection Set: 22.01ms
[434.413s][info][gc,phases   ] GC(986)   Post Evacuate Collection Set: 0.42ms
[434.413s][info][gc,phases   ] GC(986)   Other: 0.07ms
[434.413s][info][gc,heap     ] GC(986) Eden regions: 155->0(148)
[434.413s][info][gc,heap     ] GC(986) Survivor regions: 8->21(21)
[434.413s][info][gc,heap     ] GC(986) Old regions: 123->127
[434.413s][info][gc,heap     ] GC(986) Humongous regions: 6->5
[434.413s][info][gc,metaspace] GC(986) Metaspace: 43019K(43328K)->43019K(43328K) NonClass: 40199K(40384K)->40199K(40384K) Class: 2819K(2944K)->2819K(2944K)
[434.413s][info][gc          ] GC(986) Pause Young (Mixed) (G1 Evacuation Pause) 292M->153M(407M) 23.260ms
[434.413s][info][gc,cpu      ] GC(986) User=0.05s Sys=0.00s Real=0.03s
[434.941s][info][gc,start    ] GC(987) Pause Young (Normal) (G1 Evacuation Pause)
[434.941s][info][gc,task     ] GC(987) Using 2 workers of 2 for evacuation
[434.991s][info][gc,phases   ] GC(987)   Pre Evacuate Collection Set: 0.22ms
[434.991s][info][gc,phases   ] GC(987)   Merge Heap Roots: 0.11ms
[434.991s][info][gc,phases   ] GC(987)   Evacuate Collection Set: 48.89ms
[434.991s][info][gc,phases   ] GC(987)   Post Evacuate Collection Set: 0.53ms
[434.991s][info][gc,phases   ] GC(987)   Other: 0.08ms
[434.991s][info][gc,heap     ] GC(987) Eden regions: 148->0(103)
[434.991s][info][gc,heap     ] GC(987) Survivor regions: 21->22(22)
[434.991s][info][gc,heap     ] GC(987) Old regions: 127->181
[434.991s][info][gc,heap     ] GC(987) Humongous regions: 6->6
[434.991s][info][gc,metaspace] GC(987) Metaspace: 43019K(43328K)->43019K(43328K) NonClass: 40199K(40384K)->40199K(40384K) Class: 2819K(2944K)->2819K(2944K)
[434.991s][info][gc          ] GC(987) Pause Young (Normal) (G1 Evacuation Pause) 302M->209M(407M) 50.077ms
[434.991s][info][gc,cpu      ] GC(987) User=0.10s Sys=0.00s Real=0.05s
[435.358s][info][gc,start    ] GC(988) Pause Young (Concurrent Start) (G1 Evacuation Pause)
[435.358s][info][gc,task     ] GC(988) Using 2 workers of 2 for evacuation
[435.393s][info][gc,phases   ] GC(988)   Pre Evacuate Collection Set: 0.23ms
[435.393s][info][gc,phases   ] GC(988)   Merge Heap Roots: 0.32ms
[435.393s][info][gc,phases   ] GC(988)   Evacuate Collection Set: 33.65ms
[435.393s][info][gc,phases   ] GC(988)   Post Evacuate Collection Set: 0.42ms
[435.393s][info][gc,phases   ] GC(988)   Other: 0.10ms
[435.393s][info][gc,heap     ] GC(988) Eden regions: 103->0(96)
[435.393s][info][gc,heap     ] GC(988) Survivor regions: 22->16(16)
[435.393s][info][gc,heap     ] GC(988) Old regions: 181->208
[435.393s][info][gc,heap     ] GC(988) Humongous regions: 6->6
[435.393s][info][gc,metaspace] GC(988) Metaspace: 43019K(43328K)->43019K(43328K) NonClass: 40199K(40384K)->40199K(40384K) Class: 2819K(2944K)->2819K(2944K)
[435.393s][info][gc          ] GC(988) Pause Young (Concurrent Start) (G1 Evacuation Pause) 312M->229M(407M) 34.931ms
[435.393s][info][gc,cpu      ] GC(988) User=0.07s Sys=0.00s Real=0.04s
[435.393s][info][gc          ] GC(989) Concurrent Mark Cycle
[435.393s][info][gc,marking  ] GC(989) Concurrent Scan Root Regions
[435.410s][info][gc,marking  ] GC(989) Concurrent Scan Root Regions 16.746ms
[435.410s][info][gc,marking  ] GC(989) Concurrent Mark
[435.410s][info][gc,marking  ] GC(989) Concurrent Mark From Roots
[435.410s][info][gc,task     ] GC(989) Using 1 workers of 1 for marking
[435.520s][info][gc,marking  ] GC(989) Concurrent Mark From Roots 110.433ms
[435.520s][info][gc,marking  ] GC(989) Concurrent Preclean
[435.520s][info][gc,marking  ] GC(989) Concurrent Preclean 0.038ms
[435.521s][info][gc,start    ] GC(989) Pause Remark
[435.535s][info][gc          ] GC(989) Pause Remark 265M->226M(407M) 14.947ms
[435.536s][info][gc,cpu      ] GC(989) User=0.03s Sys=0.00s Real=0.02s
[435.538s][info][gc,marking  ] GC(989) Concurrent Mark 127.962ms
[435.538s][info][gc,marking  ] GC(989) Concurrent Rebuild Remembered Sets and Scrub Regions
[435.592s][info][gc,marking  ] GC(989) Concurrent Rebuild Remembered Sets and Scrub Regions 54.521ms
[435.592s][info][gc,start    ] GC(989) Pause Cleanup
[435.593s][info][gc          ] GC(989) Pause Cleanup 241M->241M(407M) 0.065ms
[435.593s][info][gc,cpu      ] GC(989) User=0.00s Sys=0.00s Real=0.00s
[435.593s][info][gc,marking  ] GC(989) Concurrent Clear Claimed Marks
[435.593s][info][gc,marking  ] GC(989) Concurrent Clear Claimed Marks 0.035ms
[435.593s][info][gc,marking  ] GC(989) Concurrent Cleanup for Next Mark
[435.594s][info][gc,marking  ] GC(989) Concurrent Cleanup for Next Mark 1.197ms
[435.594s][info][gc          ] GC(989) Concurrent Mark Cycle 200.835ms
[435.740s][info][gc,start    ] GC(990) Pause Young (Prepare Mixed) (G1 Evacuation Pause)
[435.740s][info][gc,task     ] GC(990) Using 2 workers of 2 for evacuation
[435.777s][info][gc,phases   ] GC(990)   Pre Evacuate Collection Set: 0.26ms
[435.777s][info][gc,phases   ] GC(990)   Merge Heap Roots: 0.12ms
[435.777s][info][gc,phases   ] GC(990)   Evacuate Collection Set: 35.55ms
[435.777s][info][gc,phases   ] GC(990)   Post Evacuate Collection Set: 0.38ms
[435.777s][info][gc,phases   ] GC(990)   Other: 0.09ms
[435.777s][info][gc,heap     ] GC(990) Eden regions: 96->0(85)
[435.777s][info][gc,heap     ] GC(990) Survivor regions: 16->14(14)
[435.777s][info][gc,heap     ] GC(990) Old regions: 171->219
[435.777s][info][gc,heap     ] GC(990) Humongous regions: 4->4
[435.777s][info][gc,metaspace] GC(990) Metaspace: 43019K(43328K)->43019K(43328K) NonClass: 40199K(40384K)->40199K(40384K) Class: 2819K(2944K)->2819K(2944K)
[435.777s][info][gc          ] GC(990) Pause Young (Prepare Mixed) (G1 Evacuation Pause) 286M->236M(407M) 36.626ms
[435.777s][info][gc,cpu      ] GC(990) User=0.07s Sys=0.00s Real=0.04s
[436.065s][info][gc,start    ] GC(991) Pause Young (Mixed) (G1 Evacuation Pause)
[436.066s][info][gc,task     ] GC(991) Using 2 workers of 2 for evacuation
[436.109s][info][gc,phases   ] GC(991)   Pre Evacuate Collection Set: 0.21ms
[436.109s][info][gc,phases   ] GC(991)   Merge Heap Roots: 0.20ms
[436.109s][info][gc,phases   ] GC(991)   Evacuate Collection Set: 42.36ms
[436.109s][info][gc,phases   ] GC(991)   Post Evacuate Collection Set: 0.51ms
[436.109s][info][gc,phases   ] GC(991)   Other: 0.08ms
[436.109s][info][gc,heap     ] GC(991) Eden regions: 85->0(72)
[436.109s][info][gc,heap     ] GC(991) Survivor regions: 14->13(13)
[436.109s][info][gc,heap     ] GC(991) Old regions: 219->230
[436.109s][info][gc,heap     ] GC(991) Humongous regions: 5->5
[436.109s][info][gc,metaspace] GC(991) Metaspace: 43019K(43328K)->43019K(43328K) NonClass: 40199K(40384K)->40199K(40384K) Class: 2819K(2944K)->2819K(2944K)
[436.109s][info][gc          ] GC(991) Pause Young (Mixed) (G1 Evacuation Pause) 322M->248M(407M) 43.621ms
[436.109s][info][gc,cpu      ] GC(991) User=0.09s Sys=0.00s Real=0.04s
[436.386s][info][gc,start    ] GC(992) Pause Young (Mixed) (G1 Evacuation Pause)
[436.386s][info][gc,task     ] GC(992) Using 2 workers of 2 for evacuation
[436.433s][info][gc,phases   ] GC(992)   Pre Evacuate Collection Set: 0.20ms
[436.433s][info][gc,phases   ] GC(992)   Merge Heap Roots: 0.31ms
[436.433s][info][gc,phases   ] GC(992)   Evacuate Collection Set: 46.25ms
[436.433s][info][gc,phases   ] GC(992)   Post Evacuate Collection Set: 0.42ms
[436.433s][info][gc,phases   ] GC(992)   Other: 0.07ms
[436.433s][info][gc,heap     ] GC(992) Eden regions: 72->0(49)
[436.433s][info][gc,heap     ] GC(992) Survivor regions: 13->11(11)
[436.433s][info][gc,heap     ] GC(992) Old regions: 230->273
[436.433s][info][gc,heap     ] GC(992) Humongous regions: 5->5
[436.433s][info][gc,metaspace] GC(992) Metaspace: 43019K(43328K)->43019K(43328K) NonClass: 40199K(40384K)->40199K(40384K) Class: 2819K(2944K)->2819K(2944K)
[436.433s][info][gc          ] GC(992) Pause Young (Mixed) (G1 Evacuation Pause) 320M->288M(407M) 47.490ms
[436.433s][info][gc,cpu      ] GC(992) User=0.09s Sys=0.00s Real=0.05s
[436.544s][info][gc,start    ] GC(993) Pause Young (Concurrent Start) (G1 Humongous Allocation)
[436.544s][info][gc,task     ] GC(993) Using 2 workers of 2 for evacuation
[436.568s][info][gc,phases   ] GC(993)   Pre Evacuate Collection Set: 0.22ms
[436.568s][info][gc,phases   ] GC(993)   Merge Heap Roots: 0.15ms
[436.568s][info][gc,phases   ] GC(993)   Evacuate Collection Set: 22.70ms
[436.568s][info][gc,phases   ] GC(993)   Post Evacuate Collection Set: 1.13ms
[436.568s][info][gc,phases   ] GC(993)   Other: 0.11ms
[436.568s][info][gc,heap     ] GC(993) Eden regions: 36->0(87)
[436.568s][info][gc,heap     ] GC(993) Survivor regions: 11->8(8)
[436.568s][info][gc,heap     ] GC(993) Old regions: 273->298
[436.568s][info][gc,heap     ] GC(993) Humongous regions: 5->5
[436.568s][info][gc,metaspace] GC(993) Metaspace: 43019K(43328K)->43019K(43328K) NonClass: 40199K(40384K)->40199K(40384K) Class: 2819K(2944K)->2819K(2944K)
[436.568s][info][gc          ] GC(993) Pause Young (Concurrent Start) (G1 Humongous Allocation) 323M->310M(520M) 24.517ms
[436.568s][info][gc,cpu      ] GC(993) User=0.04s Sys=0.01s Real=0.02s
[436.568s][info][gc          ] GC(994) Concurrent Mark Cycle
[436.568s][info][gc,marking  ] GC(994) Concurrent Scan Root Regions
[436.582s][info][gc,marking  ] GC(994) Concurrent Scan Root Regions 13.065ms
[436.582s][info][gc,marking  ] GC(994) Concurrent Mark
[436.582s][info][gc,marking  ] GC(994) Concurrent Mark From Roots
[436.582s][info][gc,task     ] GC(994) Using 1 workers of 1 for marking
[436.730s][info][gc,marking  ] GC(994) Concurrent Mark From Roots 148.337ms
[436.730s][info][gc,marking  ] GC(994) Concurrent Preclean
[436.730s][info][gc,marking  ] GC(994) Concurrent Preclean 0.041ms
[436.731s][info][gc,start    ] GC(994) Pause Remark
[436.746s][info][gc          ] GC(994) Pause Remark 345M->290M(520M) 15.456ms
[436.746s][info][gc,cpu      ] GC(994) User=0.03s Sys=0.00s Real=0.02s
[436.747s][info][gc,marking  ] GC(994) Concurrent Mark 164.960ms
[436.747s][info][gc,marking  ] GC(994) Concurrent Rebuild Remembered Sets and Scrub Regions
[436.826s][info][gc,marking  ] GC(994) Concurrent Rebuild Remembered Sets and Scrub Regions 79.041ms
[436.827s][info][gc,start    ] GC(994) Pause Cleanup
[436.827s][info][gc          ] GC(994) Pause Cleanup 304M->304M(520M) 0.106ms
[436.827s][info][gc,cpu      ] GC(994) User=0.00s Sys=0.00s Real=0.00s
[436.827s][info][gc,marking  ] GC(994) Concurrent Clear Claimed Marks
[436.827s][info][gc,marking  ] GC(994) Concurrent Clear Claimed Marks 0.063ms
[436.827s][info][gc,marking  ] GC(994) Concurrent Cleanup for Next Mark
[436.830s][info][gc,marking  ] GC(994) Concurrent Cleanup for Next Mark 2.640ms
[436.830s][info][gc          ] GC(994) Concurrent Mark Cycle 261.481ms
[437.010s][info][gc,start    ] GC(995) Pause Young (Prepare Mixed) (G1 Evacuation Pause)
[437.010s][info][gc,task     ] GC(995) Using 2 workers of 2 for evacuation
[437.059s][info][gc,phases   ] GC(995)   Pre Evacuate Collection Set: 0.23ms
[437.059s][info][gc,phases   ] GC(995)   Merge Heap Roots: 0.32ms
[437.059s][info][gc,phases   ] GC(995)   Evacuate Collection Set: 48.12ms
[437.059s][info][gc,phases   ] GC(995)   Post Evacuate Collection Set: 0.44ms
[437.059s][info][gc,phases   ] GC(995)   Other: 0.08ms
[437.059s][info][gc,heap     ] GC(995) Eden regions: 87->0(84)
[437.059s][info][gc,heap     ] GC(995) Survivor regions: 8->12(12)
[437.059s][info][gc,heap     ] GC(995) Old regions: 244->295
[437.059s][info][gc,heap     ] GC(995) Humongous regions: 5->5
[437.059s][info][gc,metaspace] GC(995) Metaspace: 43019K(43328K)->43019K(43328K) NonClass: 40199K(40384K)->40199K(40384K) Class: 2819K(2944K)->2819K(2944K)
[437.059s][info][gc          ] GC(995) Pause Young (Prepare Mixed) (G1 Evacuation Pause) 343M->312M(520M) 49.450ms
[437.059s][info][gc,cpu      ] GC(995) User=0.09s Sys=0.01s Real=0.05s
[437.357s][info][gc,start    ] GC(996) Pause Young (Mixed) (G1 Evacuation Pause)
[437.357s][info][gc,task     ] GC(996) Using 2 workers of 2 for evacuation
[437.409s][info][gc,phases   ] GC(996)   Pre Evacuate Collection Set: 0.31ms
[437.409s][info][gc,phases   ] GC(996)   Merge Heap Roots: 0.32ms
[437.409s][info][gc,phases   ] GC(996)   Evacuate Collection Set: 51.17ms
[437.409s][info][gc,phases   ] GC(996)   Post Evacuate Collection Set: 0.51ms
[437.409s][info][gc,phases   ] GC(996)   Other: 0.09ms
[437.409s][info][gc,heap     ] GC(996) Eden regions: 84->0(83)
[437.409s][info][gc,heap     ] GC(996) Survivor regions: 12->12(12)
[437.409s][info][gc,heap     ] GC(996) Old regions: 295->294
[437.409s][info][gc,heap     ] GC(996) Humongous regions: 6->6
[437.409s][info][gc,metaspace] GC(996) Metaspace: 43019K(43328K)->43019K(43328K) NonClass: 40199K(40384K)->40199K(40384K) Class: 2819K(2944K)->2819K(2944K)
[437.409s][info][gc          ] GC(996) Pause Young (Mixed) (G1 Evacuation Pause) 397M->312M(520M) 52.639ms
[437.409s][info][gc,cpu      ] GC(996) User=0.10s Sys=0.01s Real=0.05s
[437.690s][info][gc,start    ] GC(997) Pause Young (Mixed) (G1 Evacuation Pause)
[437.690s][info][gc,task     ] GC(997) Using 2 workers of 2 for evacuation
[437.740s][info][gc,phases   ] GC(997)   Pre Evacuate Collection Set: 0.27ms
[437.740s][info][gc,phases   ] GC(997)   Merge Heap Roots: 0.60ms
[437.740s][info][gc,phases   ] GC(997)   Evacuate Collection Set: 48.75ms
[437.740s][info][gc,phases   ] GC(997)   Post Evacuate Collection Set: 0.42ms
[437.740s][info][gc,phases   ] GC(997)   Other: 0.08ms
[437.740s][info][gc,heap     ] GC(997) Eden regions: 83->0(76)
[437.740s][info][gc,heap     ] GC(997) Survivor regions: 12->12(12)
[437.740s][info][gc,heap     ] GC(997) Old regions: 294->318
[437.740s][info][gc,heap     ] GC(997) Humongous regions: 6->6
[437.740s][info][gc,metaspace] GC(997) Metaspace: 43019K(43328K)->43019K(43328K) NonClass: 40199K(40384K)->40199K(40384K) Class: 2819K(2944K)->2819K(2944K)
[437.740s][info][gc          ] GC(997) Pause Young (Mixed) (G1 Evacuation Pause) 395M->336M(520M) 50.358ms
[437.740s][info][gc,cpu      ] GC(997) User=0.09s Sys=0.00s Real=0.05s
[437.787s][info][gc,start    ] GC(998) Pause Young (Concurrent Start) (G1 Humongous Allocation)
[437.787s][info][gc,task     ] GC(998) Using 2 workers of 2 for evacuation
[437.804s][info][gc,phases   ] GC(998)   Pre Evacuate Collection Set: 0.27ms
[437.804s][info][gc,phases   ] GC(998)   Merge Heap Roots: 0.13ms
[437.804s][info][gc,phases   ] GC(998)   Evacuate Collection Set: 15.67ms
[437.804s][info][gc,phases   ] GC(998)   Post Evacuate Collection Set: 0.33ms
[437.804s][info][gc,phases   ] GC(998)   Other: 0.14ms
[437.804s][info][gc,heap     ] GC(998) Eden regions: 16->0(66)
[437.804s][info][gc,heap     ] GC(998) Survivor regions: 12->10(11)
[437.804s][info][gc,heap     ] GC(998) Old regions: 318->330
[437.804s][info][gc,heap     ] GC(998) Humongous regions: 6->6
[437.804s][info][gc,metaspace] GC(998) Metaspace: 43019K(43328K)->43019K(43328K) NonClass: 40199K(40384K)->40199K(40384K) Class: 2819K(2944K)->2819K(2944K)
[437.804s][info][gc          ] GC(998) Pause Young (Concurrent Start) (G1 Humongous Allocation) 351M->346M(520M) 16.720ms
[437.804s][info][gc,cpu      ] GC(998) User=0.03s Sys=0.00s Real=0.02s
[437.804s][info][gc          ] GC(999) Concurrent Mark Cycle
[437.804s][info][gc,marking  ] GC(999) Concurrent Scan Root Regions
[437.824s][info][gc,marking  ] GC(999) Concurrent Scan Root Regions 19.968ms
[437.824s][info][gc,marking  ] GC(999) Concurrent Mark
[437.824s][info][gc,marking  ] GC(999) Concurrent Mark From Roots
[437.824s][info][gc,task     ] GC(999) Using 1 workers of 1 for marking
[437.960s][info][gc,marking  ] GC(999) Concurrent Mark From Roots 135.961ms
[437.960s][info][gc,marking  ] GC(999) Concurrent Preclean
[437.960s][info][gc,marking  ] GC(999) Concurrent Preclean 0.040ms
[437.960s][info][gc,start    ] GC(999) Pause Remark
[437.976s][info][gc          ] GC(999) Pause Remark 383M->226M(520M) 15.241ms
[437.976s][info][gc,cpu      ] GC(999) User=0.03s Sys=0.00s Real=0.02s
[437.976s][info][gc,marking  ] GC(999) Concurrent Mark 151.438ms
[437.976s][info][gc,marking  ] GC(999) Concurrent Rebuild Remembered Sets and Scrub Regions
[438.020s][info][gc,marking  ] GC(999) Concurrent Rebuild Remembered Sets and Scrub Regions 44.061ms
[438.020s][info][gc,start    ] GC(999) Pause Cleanup
[438.020s][info][gc          ] GC(999) Pause Cleanup 236M->236M(520M) 0.092ms
[438.020s][info][gc,cpu      ] GC(999) User=0.00s Sys=0.00s Real=0.00s
[438.020s][info][gc,marking  ] GC(999) Concurrent Clear Claimed Marks
[438.020s][info][gc,marking  ] GC(999) Concurrent Clear Claimed Marks 0.035ms
[438.020s][info][gc,marking  ] GC(999) Concurrent Cleanup for Next Mark
[438.021s][info][gc,marking  ] GC(999) Concurrent Cleanup for Next Mark 1.481ms
[438.021s][info][gc          ] GC(999) Concurrent Mark Cycle 217.276ms
[438.087s][info][gc,start    ] GC(1000) Pause Young (Prepare Mixed) (G1 Evacuation Pause)
[438.087s][info][gc,task     ] GC(1000) Using 2 workers of 2 for evacuation
[438.099s][info][gc,phases   ] GC(1000)   Pre Evacuate Collection Set: 0.23ms
[438.099s][info][gc,phases   ] GC(1000)   Merge Heap Roots: 0.12ms
[438.099s][info][gc,phases   ] GC(1000)   Evacuate Collection Set: 11.47ms
[438.099s][info][gc,phases   ] GC(1000)   Post Evacuate Collection Set: 0.35ms
[438.099s][info][gc,phases   ] GC(1000)   Other: 0.07ms
[438.099s][info][gc,heap     ] GC(1000) Eden regions: 66->0(131)
[438.099s][info][gc,heap     ] GC(1000) Survivor regions: 10->7(10)
[438.099s][info][gc,heap     ] GC(1000) Old regions: 176->185
[438.099s][info][gc,heap     ] GC(1000) Humongous regions: 4->4
[438.099s][info][gc,metaspace] GC(1000) Metaspace: 43019K(43328K)->43019K(43328K) NonClass: 40199K(40384K)->40199K(40384K) Class: 2819K(2944K)->2819K(2944K)
[438.099s][info][gc          ] GC(1000) Pause Young (Prepare Mixed) (G1 Evacuation Pause) 256M->196M(520M) 12.453ms
[438.099s][info][gc,cpu      ] GC(1000) User=0.03s Sys=0.00s Real=0.01s
[438.555s][info][gc,start    ] GC(1001) Pause Young (Mixed) (G1 Evacuation Pause)
[438.555s][info][gc,task     ] GC(1001) Using 2 workers of 2 for evacuation
[438.567s][info][gc,phases   ] GC(1001)   Pre Evacuate Collection Set: 0.26ms
[438.567s][info][gc,phases   ] GC(1001)   Merge Heap Roots: 0.19ms
[438.567s][info][gc,phases   ] GC(1001)   Evacuate Collection Set: 9.62ms
[438.567s][info][gc,phases   ] GC(1001)   Post Evacuate Collection Set: 1.16ms
[438.567s][info][gc,phases   ] GC(1001)   Other: 0.11ms
[438.567s][info][gc,heap     ] GC(1001) Eden regions: 131->0(199)
[438.567s][info][gc,heap     ] GC(1001) Survivor regions: 7->11(18)
[438.567s][info][gc,heap     ] GC(1001) Old regions: 185->134
[438.567s][info][gc,heap     ] GC(1001) Humongous regions: 4->4
[438.567s][info][gc,metaspace] GC(1001) Metaspace: 43019K(43328K)->43019K(43328K) NonClass: 40199K(40384K)->40199K(40384K) Class: 2819K(2944K)->2819K(2944K)
[438.567s][info][gc          ] GC(1001) Pause Young (Mixed) (G1 Evacuation Pause) 327M->149M(612M) 11.529ms
[438.567s][info][gc,cpu      ] GC(1001) User=0.02s Sys=0.00s Real=0.01s
[439.372s][info][gc,start    ] GC(1002) Pause Young (Mixed) (G1 Evacuation Pause)
[439.372s][info][gc,task     ] GC(1002) Using 2 workers of 2 for evacuation
[439.400s][info][gc,phases   ] GC(1002)   Pre Evacuate Collection Set: 0.44ms
[439.401s][info][gc,phases   ] GC(1002)   Merge Heap Roots: 0.42ms
[439.401s][info][gc,phases   ] GC(1002)   Evacuate Collection Set: 26.83ms
[439.401s][info][gc,phases   ] GC(1002)   Post Evacuate Collection Set: 0.51ms
[439.401s][info][gc,phases   ] GC(1002)   Other: 0.08ms
[439.401s][info][gc,heap     ] GC(1002) Eden regions: 199->0(216)
[439.401s][info][gc,heap     ] GC(1002) Survivor regions: 11->27(27)
[439.401s][info][gc,heap     ] GC(1002) Old regions: 134->112
[439.401s][info][gc,heap     ] GC(1002) Humongous regions: 5->4
[439.401s][info][gc,metaspace] GC(1002) Metaspace: 43019K(43328K)->43019K(43328K) NonClass: 40199K(40384K)->40199K(40384K) Class: 2819K(2944K)->2819K(2944K)
[439.401s][info][gc          ] GC(1002) Pause Young (Mixed) (G1 Evacuation Pause) 349M->142M(612M) 28.498ms
[439.401s][info][gc,cpu      ] GC(1002) User=0.05s Sys=0.00s Real=0.02s
[440.124s][info][gc,start    ] GC(1003) Pause Young (Normal) (G1 Evacuation Pause)
[440.124s][info][gc,task     ] GC(1003) Using 2 workers of 2 for evacuation
[440.135s][info][gc,phases   ] GC(1003)   Pre Evacuate Collection Set: 0.25ms
[440.136s][info][gc,phases   ] GC(1003)   Merge Heap Roots: 0.13ms
[440.136s][info][gc,phases   ] GC(1003)   Evacuate Collection Set: 10.69ms
[440.136s][info][gc,phases   ] GC(1003)   Post Evacuate Collection Set: 0.49ms
[440.136s][info][gc,phases   ] GC(1003)   Other: 0.09ms
[440.136s][info][gc,heap     ] GC(1003) Eden regions: 216->0(243)
[440.136s][info][gc,heap     ] GC(1003) Survivor regions: 27->7(31)
[440.136s][info][gc,heap     ] GC(1003) Old regions: 112->119
[440.136s][info][gc,heap     ] GC(1003) Humongous regions: 7->4
[440.136s][info][gc,metaspace] GC(1003) Metaspace: 43019K(43328K)->43019K(43328K) NonClass: 40199K(40384K)->40199K(40384K) Class: 2819K(2944K)->2819K(2944K)
[440.136s][info][gc          ] GC(1003) Pause Young (Normal) (G1 Evacuation Pause) 361M->129M(612M) 11.871ms
[440.136s][info][gc,cpu      ] GC(1003) User=0.02s Sys=0.00s Real=0.01s
[440.955s][info][gc,start    ] GC(1004) Pause Young (Normal) (G1 Evacuation Pause)
[440.955s][info][gc,task     ] GC(1004) Using 2 workers of 2 for evacuation
[440.971s][info][gc,phases   ] GC(1004)   Pre Evacuate Collection Set: 0.28ms
[440.971s][info][gc,phases   ] GC(1004)   Merge Heap Roots: 0.09ms
[440.971s][info][gc,phases   ] GC(1004)   Evacuate Collection Set: 14.74ms
[440.971s][info][gc,phases   ] GC(1004)   Post Evacuate Collection Set: 0.53ms
[440.971s][info][gc,phases   ] GC(1004)   Other: 0.08ms
[440.971s][info][gc,heap     ] GC(1004) Eden regions: 243->0(252)
[440.971s][info][gc,heap     ] GC(1004) Survivor regions: 7->24(32)
[440.971s][info][gc,heap     ] GC(1004) Old regions: 119->119
[440.971s][info][gc,heap     ] GC(1004) Humongous regions: 6->4
[440.971s][info][gc,metaspace] GC(1004) Metaspace: 43019K(43328K)->43019K(43328K) NonClass: 40199K(40384K)->40199K(40384K) Class: 2819K(2944K)->2819K(2944K)
[440.971s][info][gc          ] GC(1004) Pause Young (Normal) (G1 Evacuation Pause) 374M->146M(612M) 15.954ms
[440.971s][info][gc,cpu      ] GC(1004) User=0.03s Sys=0.00s Real=0.01s
[441.777s][info][gc,start    ] GC(1005) Pause Young (Normal) (G1 Evacuation Pause)
[441.777s][info][gc,task     ] GC(1005) Using 2 workers of 2 for evacuation
[441.791s][info][gc,phases   ] GC(1005)   Pre Evacuate Collection Set: 0.26ms
[441.791s][info][gc,phases   ] GC(1005)   Merge Heap Roots: 0.09ms
[441.791s][info][gc,phases   ] GC(1005)   Evacuate Collection Set: 13.20ms
[441.791s][info][gc,phases   ] GC(1005)   Post Evacuate Collection Set: 0.54ms
[441.791s][info][gc,phases   ] GC(1005)   Other: 0.08ms
[441.791s][info][gc,heap     ] GC(1005) Eden regions: 252->0(270)
[441.791s][info][gc,heap     ] GC(1005) Survivor regions: 24->21(35)
[441.791s][info][gc,heap     ] GC(1005) Old regions: 119->121
[441.791s][info][gc,heap     ] GC(1005) Humongous regions: 8->4
[441.791s][info][gc,metaspace] GC(1005) Metaspace: 43019K(43328K)->43019K(43328K) NonClass: 40199K(40384K)->40199K(40384K) Class: 2819K(2944K)->2819K(2944K)
[441.791s][info][gc          ] GC(1005) Pause Young (Normal) (G1 Evacuation Pause) 402M->145M(612M) 14.384ms
[441.791s][info][gc,cpu      ] GC(1005) User=0.02s Sys=0.00s Real=0.01s
[442.545s][info][gc,start    ] GC(1006) Pause Young (Normal) (G1 Evacuation Pause)
[442.545s][info][gc,task     ] GC(1006) Using 2 workers of 2 for evacuation
[442.556s][info][gc,phases   ] GC(1006)   Pre Evacuate Collection Set: 0.27ms
[442.556s][info][gc,phases   ] GC(1006)   Merge Heap Roots: 0.08ms
[442.556s][info][gc,phases   ] GC(1006)   Evacuate Collection Set: 10.43ms
[442.556s][info][gc,phases   ] GC(1006)   Post Evacuate Collection Set: 0.53ms
[442.556s][info][gc,phases   ] GC(1006)   Other: 0.09ms
[442.556s][info][gc,heap     ] GC(1006) Eden regions: 270->0(295)
[442.556s][info][gc,heap     ] GC(1006) Survivor regions: 21->2(37)
[442.556s][info][gc,heap     ] GC(1006) Old regions: 121->141
[442.556s][info][gc,heap     ] GC(1006) Humongous regions: 4->4
[442.556s][info][gc,metaspace] GC(1006) Metaspace: 43019K(43328K)->43019K(43328K) NonClass: 40199K(40384K)->40199K(40384K) Class: 2819K(2944K)->2819K(2944K)
[442.556s][info][gc          ] GC(1006) Pause Young (Normal) (G1 Evacuation Pause) 415M->146M(612M) 11.620ms
[442.556s][info][gc,cpu      ] GC(1006) User=0.03s Sys=0.00s Real=0.01s
[443.285s][info][gc,start    ] GC(1007) Pause Young (Normal) (G1 Evacuation Pause)
[443.285s][info][gc,task     ] GC(1007) Using 2 workers of 2 for evacuation
[443.290s][info][gc,phases   ] GC(1007)   Pre Evacuate Collection Set: 0.27ms
[443.290s][info][gc,phases   ] GC(1007)   Merge Heap Roots: 0.10ms
[443.290s][info][gc,phases   ] GC(1007)   Evacuate Collection Set: 4.29ms
[443.290s][info][gc,phases   ] GC(1007)   Post Evacuate Collection Set: 0.57ms
[443.290s][info][gc,phases   ] GC(1007)   Other: 0.09ms
[443.290s][info][gc,heap     ] GC(1007) Eden regions: 295->0(316)
[443.290s][info][gc,heap     ] GC(1007) Survivor regions: 2->6(38)
[443.290s][info][gc,heap     ] GC(1007) Old regions: 141->141
[443.290s][info][gc,heap     ] GC(1007) Humongous regions: 5->2
[443.290s][info][gc,metaspace] GC(1007) Metaspace: 43019K(43328K)->43019K(43328K) NonClass: 40199K(40384K)->40199K(40384K) Class: 2819K(2944K)->2819K(2944K)
[443.290s][info][gc          ] GC(1007) Pause Young (Normal) (G1 Evacuation Pause) 442M->148M(612M) 5.515ms
[443.290s][info][gc,cpu      ] GC(1007) User=0.01s Sys=0.00s Real=0.00s
[443.779s][info][gc,start    ] GC(1008) Pause Young (Normal) (G1 Evacuation Pause)
[443.779s][info][gc,task     ] GC(1008) Using 2 workers of 2 for evacuation
[443.783s][info][gc,phases   ] GC(1008)   Pre Evacuate Collection Set: 0.25ms
[443.783s][info][gc,phases   ] GC(1008)   Merge Heap Roots: 0.08ms
[443.783s][info][gc,phases   ] GC(1008)   Evacuate Collection Set: 3.00ms
[443.783s][info][gc,phases   ] GC(1008)   Post Evacuate Collection Set: 0.54ms
[443.783s][info][gc,phases   ] GC(1008)   Other: 0.08ms
[443.783s][info][gc,heap     ] GC(1008) Eden regions: 316->0(338)
[443.783s][info][gc,heap     ] GC(1008) Survivor regions: 6->5(41)
[443.783s][info][gc,heap     ] GC(1008) Old regions: 141->141
[443.783s][info][gc,heap     ] GC(1008) Humongous regions: 2->2
[443.783s][info][gc,metaspace] GC(1008) Metaspace: 43019K(43328K)->43019K(43328K) NonClass: 40199K(40384K)->40199K(40384K) Class: 2819K(2944K)->2819K(2944K)
[443.783s][info][gc          ] GC(1008) Pause Young (Normal) (G1 Evacuation Pause) 464M->147M(612M) 4.167ms
[443.783s][info][gc,cpu      ] GC(1008) User=0.01s Sys=0.00s Real=0.01s
[443.841s][info][gc,start    ] GC(1009) Pause Young (Concurrent Start) (G1 Humongous Allocation)
[443.841s][info][gc,task     ] GC(1009) Using 2 workers of 2 for evacuation
[443.844s][info][gc,phases   ] GC(1009)   Pre Evacuate Collection Set: 0.26ms
[443.844s][info][gc,phases   ] GC(1009)   Merge Heap Roots: 0.05ms
[443.844s][info][gc,phases   ] GC(1009)   Evacuate Collection Set: 2.49ms
[443.844s][info][gc,phases   ] GC(1009)   Post Evacuate Collection Set: 0.35ms
[443.844s][info][gc,phases   ] GC(1009)   Other: 0.09ms
[443.844s][info][gc,heap     ] GC(1009) Eden regions: 36->0(358)
[443.844s][info][gc,heap     ] GC(1009) Survivor regions: 5->4(43)
[443.844s][info][gc,heap     ] GC(1009) Old regions: 141->141
[443.844s][info][gc,heap     ] GC(1009) Humongous regions: 2->2
[443.844s][info][gc,metaspace] GC(1009) Metaspace: 43019K(43328K)->43019K(43328K) NonClass: 40199K(40384K)->40199K(40384K) Class: 2819K(2944K)->2819K(2944K)
[443.844s][info][gc          ] GC(1009) Pause Young (Concurrent Start) (G1 Humongous Allocation) 183M->146M(612M) 3.428ms
[443.844s][info][gc,cpu      ] GC(1009) User=0.01s Sys=0.00s Real=0.01s
[443.844s][info][gc          ] GC(1010) Concurrent Mark Cycle
[443.844s][info][gc,marking  ] GC(1010) Concurrent Scan Root Regions
[443.849s][info][gc,marking  ] GC(1010) Concurrent Scan Root Regions 4.859ms
[443.849s][info][gc,marking  ] GC(1010) Concurrent Mark
[443.849s][info][gc,marking  ] GC(1010) Concurrent Mark From Roots
[443.849s][info][gc,task     ] GC(1010) Using 1 workers of 1 for marking
[443.983s][info][gc,marking  ] GC(1010) Concurrent Mark From Roots 134.300ms
[443.983s][info][gc,marking  ] GC(1010) Concurrent Preclean
[443.983s][info][gc,marking  ] GC(1010) Concurrent Preclean 0.037ms
[443.985s][info][gc,start    ] GC(1010) Pause Remark
[444.000s][info][gc          ] GC(1010) Pause Remark 166M->94M(256M) 14.922ms
[444.000s][info][gc,cpu      ] GC(1010) User=0.03s Sys=0.00s Real=0.01s
[444.001s][info][gc,marking  ] GC(1010) Concurrent Mark 151.628ms
[444.001s][info][gc,marking  ] GC(1010) Concurrent Rebuild Remembered Sets and Scrub Regions
[444.028s][info][gc,marking  ] GC(1010) Concurrent Rebuild Remembered Sets and Scrub Regions 26.937ms
[444.028s][info][gc,start    ] GC(1010) Pause Cleanup
[444.028s][info][gc          ] GC(1010) Pause Cleanup 100M->100M(256M) 0.066ms
[444.028s][info][gc,cpu      ] GC(1010) User=0.00s Sys=0.00s Real=0.00s
[444.028s][info][gc,marking  ] GC(1010) Concurrent Clear Claimed Marks
[444.028s][info][gc,marking  ] GC(1010) Concurrent Clear Claimed Marks 0.040ms
[444.028s][info][gc,marking  ] GC(1010) Concurrent Cleanup for Next Mark
[444.029s][info][gc,marking  ] GC(1010) Concurrent Cleanup for Next Mark 0.851ms
[444.029s][info][gc          ] GC(1010) Concurrent Mark Cycle 184.780ms
[444.406s][info][gc,start    ] GC(1011) Pause Young (Prepare Mixed) (G1 Evacuation Pause)
[444.406s][info][gc,task     ] GC(1011) Using 2 workers of 2 for evacuation
[444.418s][info][gc,phases   ] GC(1011)   Pre Evacuate Collection Set: 0.22ms
[444.418s][info][gc,phases   ] GC(1011)   Merge Heap Roots: 0.09ms
[444.418s][info][gc,phases   ] GC(1011)   Evacuate Collection Set: 10.13ms
[444.418s][info][gc,phases   ] GC(1011)   Post Evacuate Collection Set: 0.90ms
[444.418s][info][gc,phases   ] GC(1011)   Other: 0.09ms
[444.418s][info][gc,heap     ] GC(1011) Eden regions: 74->0(204)
[444.418s][info][gc,heap     ] GC(1011) Survivor regions: 4->9(25)
[444.418s][info][gc,heap     ] GC(1011) Old regions: 69->69
[444.418s][info][gc,heap     ] GC(1011) Humongous regions: 199->3
[444.418s][info][gc,metaspace] GC(1011) Metaspace: 43019K(43328K)->43019K(43328K) NonClass: 40199K(40384K)->40199K(40384K) Class: 2819K(2944K)->2819K(2944K)
[444.418s][info][gc          ] GC(1011) Pause Young (Prepare Mixed) (G1 Evacuation Pause) 345M->80M(355M) 11.666ms
[444.418s][info][gc,cpu      ] GC(1011) User=0.02s Sys=0.01s Real=0.01s
[444.901s][info][gc,start    ] GC(1012) Pause Young (Mixed) (G1 Evacuation Pause)
[444.901s][info][gc,task     ] GC(1012) Using 2 workers of 2 for evacuation
[444.917s][info][gc,phases   ] GC(1012)   Pre Evacuate Collection Set: 0.36ms
[444.917s][info][gc,phases   ] GC(1012)   Merge Heap Roots: 0.07ms
[444.917s][info][gc,phases   ] GC(1012)   Evacuate Collection Set: 14.23ms
[444.917s][info][gc,phases   ] GC(1012)   Post Evacuate Collection Set: 1.00ms
[444.917s][info][gc,phases   ] GC(1012)   Other: 0.08ms
[444.917s][info][gc,heap     ] GC(1012) Eden regions: 50->0(262)
[444.917s][info][gc,heap     ] GC(1012) Survivor regions: 9->12(29)
[444.917s][info][gc,heap     ] GC(1012) Old regions: 69->63
[444.917s][info][gc,heap     ] GC(1012) Humongous regions: 317->3
[444.917s][info][gc,metaspace] GC(1012) Metaspace: 43021K(43328K)->43021K(43328K) NonClass: 40201K(40384K)->40201K(40384K) Class: 2819K(2944K)->2819K(2944K)
[444.917s][info][gc          ] GC(1012) Pause Young (Mixed) (G1 Evacuation Pause) 444M->77M(458M) 15.988ms
[444.917s][info][gc,cpu      ] GC(1012) User=0.02s Sys=0.01s Real=0.02s
[444.969s][info][gc,start    ] GC(1013) Pause Young (Concurrent Start) (G1 Humongous Allocation)
[444.969s][info][gc,task     ] GC(1013) Using 2 workers of 2 for evacuation
[444.979s][info][gc,phases   ] GC(1013)   Pre Evacuate Collection Set: 0.25ms
[444.979s][info][gc,phases   ] GC(1013)   Merge Heap Roots: 0.05ms
[444.979s][info][gc,phases   ] GC(1013)   Evacuate Collection Set: 9.37ms
[444.979s][info][gc,phases   ] GC(1013)   Post Evacuate Collection Set: 0.56ms
[444.979s][info][gc,phases   ] GC(1013)   Other: 0.11ms
[444.979s][info][gc,heap     ] GC(1013) Eden regions: 7->0(261)
[444.979s][info][gc,heap     ] GC(1013) Survivor regions: 12->13(35)
[444.979s][info][gc,heap     ] GC(1013) Old regions: 63->63
[444.979s][info][gc,heap     ] GC(1013) Humongous regions: 39->1
[444.979s][info][gc,metaspace] GC(1013) Metaspace: 43021K(43328K)->43021K(43328K) NonClass: 40201K(40384K)->40201K(40384K) Class: 2819K(2944K)->2819K(2944K)
[444.979s][info][gc          ] GC(1013) Pause Young (Concurrent Start) (G1 Humongous Allocation) 119M->76M(458M) 10.533ms
[444.979s][info][gc,cpu      ] GC(1013) User=0.02s Sys=0.00s Real=0.01s
[444.979s][info][gc          ] GC(1014) Concurrent Undo Cycle
[444.979s][info][gc,marking  ] GC(1014) Concurrent Clear Claimed Marks
[444.979s][info][gc,marking  ] GC(1014) Concurrent Clear Claimed Marks 0.036ms
[444.979s][info][gc,marking  ] GC(1014) Concurrent Cleanup for Next Mark
[444.979s][info][gc,marking  ] GC(1014) Concurrent Cleanup for Next Mark 0.110ms
[444.979s][info][gc          ] GC(1014) Concurrent Undo Cycle 0.182ms
[444.982s][info][gc,start    ] GC(1015) Pause Young (Concurrent Start) (G1 Humongous Allocation)
[444.983s][info][gc,task     ] GC(1015) Using 2 workers of 2 for evacuation
[444.993s][info][gc,phases   ] GC(1015)   Pre Evacuate Collection Set: 0.21ms
[444.993s][info][gc,phases   ] GC(1015)   Merge Heap Roots: 0.05ms
[444.993s][info][gc,phases   ] GC(1015)   Evacuate Collection Set: 9.29ms
[444.993s][info][gc,phases   ] GC(1015)   Post Evacuate Collection Set: 0.62ms
[444.993s][info][gc,phases   ] GC(1015)   Other: 0.09ms
[444.993s][info][gc,heap     ] GC(1015) Eden regions: 1->0(261)
[444.993s][info][gc,heap     ] GC(1015) Survivor regions: 13->13(35)
[444.993s][info][gc,heap     ] GC(1015) Old regions: 63->63
[444.993s][info][gc,heap     ] GC(1015) Humongous regions: 3->1
[444.993s][info][gc,metaspace] GC(1015) Metaspace: 43021K(43328K)->43021K(43328K) NonClass: 40201K(40384K)->40201K(40384K) Class: 2819K(2944K)->2819K(2944K)
[444.993s][info][gc          ] GC(1015) Pause Young (Concurrent Start) (G1 Humongous Allocation) 78M->76M(458M) 10.458ms
[444.993s][info][gc,cpu      ] GC(1015) User=0.02s Sys=0.00s Real=0.01s
[444.993s][info][gc          ] GC(1016) Concurrent Mark Cycle
[444.993s][info][gc,marking  ] GC(1016) Concurrent Scan Root Regions
[445.000s][info][gc,marking  ] GC(1016) Concurrent Scan Root Regions 6.553ms
[445.000s][info][gc,marking  ] GC(1016) Concurrent Mark
[445.000s][info][gc,marking  ] GC(1016) Concurrent Mark From Roots
[445.000s][info][gc,task     ] GC(1016) Using 1 workers of 1 for marking
[445.069s][info][gc,marking  ] GC(1016) Concurrent Mark From Roots 69.538ms
[445.069s][info][gc,marking  ] GC(1016) Concurrent Preclean
[445.069s][info][gc,marking  ] GC(1016) Concurrent Preclean 0.038ms
[445.069s][info][gc,start    ] GC(1016) Pause Remark
[445.084s][info][gc          ] GC(1016) Pause Remark 131M->131M(410M) 14.950ms
[445.084s][info][gc,cpu      ] GC(1016) User=0.03s Sys=0.00s Real=0.02s
[445.085s][info][gc,marking  ] GC(1016) Concurrent Mark 84.976ms
[445.085s][info][gc,marking  ] GC(1016) Concurrent Rebuild Remembered Sets and Scrub Regions
[445.112s][info][gc,marking  ] GC(1016) Concurrent Rebuild Remembered Sets and Scrub Regions 27.243ms
[445.112s][info][gc,start    ] GC(1016) Pause Cleanup
[445.112s][info][gc          ] GC(1016) Pause Cleanup 154M->154M(410M) 0.054ms
[445.112s][info][gc,cpu      ] GC(1016) User=0.00s Sys=0.00s Real=0.00s
[445.112s][info][gc,marking  ] GC(1016) Concurrent Clear Claimed Marks
[445.112s][info][gc,marking  ] GC(1016) Concurrent Clear Claimed Marks 0.038ms
[445.112s][info][gc,marking  ] GC(1016) Concurrent Cleanup for Next Mark
[445.115s][info][gc,marking  ] GC(1016) Concurrent Cleanup for Next Mark 2.588ms
[445.115s][info][gc          ] GC(1016) Concurrent Mark Cycle 121.746ms
[445.563s][info][gc,start    ] GC(1017) Pause Young (Prepare Mixed) (G1 Evacuation Pause)
[445.563s][info][gc,task     ] GC(1017) Using 2 workers of 2 for evacuation
[445.590s][info][gc,phases   ] GC(1017)   Pre Evacuate Collection Set: 0.36ms
[445.590s][info][gc,phases   ] GC(1017)   Merge Heap Roots: 0.08ms
[445.590s][info][gc,phases   ] GC(1017)   Evacuate Collection Set: 25.70ms
[445.590s][info][gc,phases   ] GC(1017)   Post Evacuate Collection Set: 1.09ms
[445.590s][info][gc,phases   ] GC(1017)   Other: 0.07ms
[445.590s][info][gc,heap     ] GC(1017) Eden regions: 63->0(280)
[445.590s][info][gc,heap     ] GC(1017) Survivor regions: 13->21(34)
[445.590s][info][gc,heap     ] GC(1017) Old regions: 63->63
[445.590s][info][gc,heap     ] GC(1017) Humongous regions: 343->3
[445.590s][info][gc,metaspace] GC(1017) Metaspace: 43021K(43328K)->43021K(43328K) NonClass: 40201K(40384K)->40201K(40384K) Class: 2819K(2944K)->2819K(2944K)
[445.590s][info][gc          ] GC(1017) Pause Young (Prepare Mixed) (G1 Evacuation Pause) 480M->86M(503M) 27.494ms
[445.590s][info][gc,cpu      ] GC(1017) User=0.04s Sys=0.01s Real=0.02s
[446.223s][info][gc,start    ] GC(1018) Pause Young (Mixed) (G1 Evacuation Pause)
[446.223s][info][gc,task     ] GC(1018) Using 2 workers of 2 for evacuation
[446.267s][info][gc,phases   ] GC(1018)   Pre Evacuate Collection Set: 0.28ms
[446.267s][info][gc,phases   ] GC(1018)   Merge Heap Roots: 0.08ms
[446.267s][info][gc,phases   ] GC(1018)   Evacuate Collection Set: 41.92ms
[446.267s][info][gc,phases   ] GC(1018)   Post Evacuate Collection Set: 1.23ms
[446.267s][info][gc,phases   ] GC(1018)   Other: 0.08ms
[446.267s][info][gc,heap     ] GC(1018) Eden regions: 78->0(326)
[446.267s][info][gc,heap     ] GC(1018) Survivor regions: 21->30(38)
[446.267s][info][gc,heap     ] GC(1018) Old regions: 63->60
[446.267s][info][gc,heap     ] GC(1018) Humongous regions: 399->1
[446.267s][info][gc,metaspace] GC(1018) Metaspace: 43025K(43392K)->43025K(43392K) NonClass: 40205K(40448K)->40205K(40448K) Class: 2819K(2944K)->2819K(2944K)
[446.267s][info][gc          ] GC(1018) Pause Young (Mixed) (G1 Evacuation Pause) 560M->90M(594M) 43.819ms
[446.267s][info][gc,cpu      ] GC(1018) User=0.06s Sys=0.03s Real=0.04s
[446.896s][info][gc,start    ] GC(1019) Pause Young (Concurrent Start) (G1 Humongous Allocation)
[446.896s][info][gc,task     ] GC(1019) Using 2 workers of 2 for evacuation
[446.904s][info][gc,phases   ] GC(1019)   Pre Evacuate Collection Set: 0.26ms
[446.904s][info][gc,phases   ] GC(1019)   Merge Heap Roots: 0.07ms
[446.904s][info][gc,phases   ] GC(1019)   Evacuate Collection Set: 7.08ms
[446.904s][info][gc,phases   ] GC(1019)   Post Evacuate Collection Set: 0.54ms
[446.904s][info][gc,phases   ] GC(1019)   Other: 0.09ms
[446.904s][info][gc,heap     ] GC(1019) Eden regions: 199->0(349)
[446.904s][info][gc,heap     ] GC(1019) Survivor regions: 30->7(45)
[446.904s][info][gc,heap     ] GC(1019) Old regions: 60->64
[446.904s][info][gc,heap     ] GC(1019) Humongous regions: 95->1
[446.904s][info][gc,metaspace] GC(1019) Metaspace: 43025K(43392K)->43025K(43392K) NonClass: 40205K(40448K)->40205K(40448K) Class: 2819K(2944K)->2819K(2944K)
[446.904s][info][gc          ] GC(1019) Pause Young (Concurrent Start) (G1 Humongous Allocation) 383M->70M(594M) 8.214ms
[446.904s][info][gc          ] GC(1020) Concurrent Undo Cycle
[446.904s][info][gc,marking  ] GC(1020) Concurrent Clear Claimed Marks
[446.904s][info][gc,marking  ] GC(1020) Concurrent Clear Claimed Marks 0.035ms
[446.904s][info][gc,marking  ] GC(1020) Concurrent Cleanup for Next Mark
[446.904s][info][gc,cpu      ] GC(1019) User=0.01s Sys=0.00s Real=0.01s
[446.904s][info][gc,marking  ] GC(1020) Concurrent Cleanup for Next Mark 0.154ms
[446.904s][info][gc          ] GC(1020) Concurrent Undo Cycle 0.223ms
[447.651s][info][gc,start    ] GC(1021) Pause Young (Normal) (G1 Evacuation Pause)
[447.651s][info][gc,task     ] GC(1021) Using 2 workers of 2 for evacuation
[447.658s][info][gc,phases   ] GC(1021)   Pre Evacuate Collection Set: 0.38ms
[447.658s][info][gc,phases   ] GC(1021)   Merge Heap Roots: 0.14ms
[447.658s][info][gc,phases   ] GC(1021)   Evacuate Collection Set: 5.47ms
[447.658s][info][gc,phases   ] GC(1021)   Post Evacuate Collection Set: 0.69ms
[447.658s][info][gc,phases   ] GC(1021)   Other: 0.09ms
[447.658s][info][gc,heap     ] GC(1021) Eden regions: 349->0(348)
[447.658s][info][gc,heap     ] GC(1021) Survivor regions: 7->8(45)
[447.658s][info][gc,heap     ] GC(1021) Old regions: 64->64
[447.658s][info][gc,heap     ] GC(1021) Humongous regions: 3->1
[447.658s][info][gc,metaspace] GC(1021) Metaspace: 43039K(43392K)->43039K(43392K) NonClass: 40220K(40448K)->40220K(40448K) Class: 2819K(2944K)->2819K(2944K)
[447.658s][info][gc          ] GC(1021) Pause Young (Normal) (G1 Evacuation Pause) 421M->71M(594M) 6.976ms
[447.658s][info][gc,cpu      ] GC(1021) User=0.01s Sys=0.00s Real=0.01s
[448.380s][info][gc,start    ] GC(1022) Pause Young (Normal) (G1 Evacuation Pause)
[448.380s][info][gc,task     ] GC(1022) Using 2 workers of 2 for evacuation
[448.386s][info][gc,phases   ] GC(1022)   Pre Evacuate Collection Set: 0.26ms
[448.386s][info][gc,phases   ] GC(1022)   Merge Heap Roots: 0.09ms
[448.386s][info][gc,phases   ] GC(1022)   Evacuate Collection Set: 5.45ms
[448.386s][info][gc,phases   ] GC(1022)   Post Evacuate Collection Set: 0.65ms
[448.387s][info][gc,phases   ] GC(1022)   Other: 0.08ms
[448.387s][info][gc,heap     ] GC(1022) Eden regions: 348->0(348)
[448.387s][info][gc,heap     ] GC(1022) Survivor regions: 8->8(45)
[448.387s][info][gc,heap     ] GC(1022) Old regions: 64->64
[448.387s][info][gc,heap     ] GC(1022) Humongous regions: 1->1
[448.387s][info][gc,metaspace] GC(1022) Metaspace: 43042K(43392K)->43042K(43392K) NonClass: 40222K(40448K)->40222K(40448K) Class: 2819K(2944K)->2819K(2944K)
[448.387s][info][gc          ] GC(1022) Pause Young (Normal) (G1 Evacuation Pause) 419M->71M(594M) 6.793ms
[448.387s][info][gc,cpu      ] GC(1022) User=0.01s Sys=0.00s Real=0.01s
[449.136s][info][gc,start    ] GC(1023) Pause Young (Normal) (G1 Evacuation Pause)
[449.136s][info][gc,task     ] GC(1023) Using 2 workers of 2 for evacuation
[449.145s][info][gc,phases   ] GC(1023)   Pre Evacuate Collection Set: 0.28ms
[449.145s][info][gc,phases   ] GC(1023)   Merge Heap Roots: 0.12ms
[449.145s][info][gc,phases   ] GC(1023)   Evacuate Collection Set: 7.14ms
[449.145s][info][gc,phases   ] GC(1023)   Post Evacuate Collection Set: 0.63ms
[449.145s][info][gc,phases   ] GC(1023)   Other: 0.09ms
[449.145s][info][gc,heap     ] GC(1023) Eden regions: 348->0(342)
[449.145s][info][gc,heap     ] GC(1023) Survivor regions: 8->14(45)
[449.145s][info][gc,heap     ] GC(1023) Old regions: 64->64
[449.145s][info][gc,heap     ] GC(1023) Humongous regions: 1->1
[449.145s][info][gc,metaspace] GC(1023) Metaspace: 43043K(43392K)->43043K(43392K) NonClass: 40223K(40448K)->40223K(40448K) Class: 2820K(2944K)->2820K(2944K)
[449.145s][info][gc          ] GC(1023) Pause Young (Normal) (G1 Evacuation Pause) 419M->77M(594M) 8.491ms
[449.145s][info][gc,cpu      ] GC(1023) User=0.02s Sys=0.00s Real=0.01s
[450.736s][info][gc,start    ] GC(1024) Pause Young (Normal) (G1 Evacuation Pause)
[450.736s][info][gc,task     ] GC(1024) Using 2 workers of 2 for evacuation
[450.750s][info][gc,phases   ] GC(1024)   Pre Evacuate Collection Set: 0.24ms
[450.750s][info][gc,phases   ] GC(1024)   Merge Heap Roots: 0.13ms
[450.750s][info][gc,phases   ] GC(1024)   Evacuate Collection Set: 12.79ms
[450.750s][info][gc,phases   ] GC(1024)   Post Evacuate Collection Set: 0.76ms
[450.750s][info][gc,phases   ] GC(1024)   Other: 0.08ms
[450.750s][info][gc,heap     ] GC(1024) Eden regions: 342->0(341)
[450.750s][info][gc,heap     ] GC(1024) Survivor regions: 14->15(45)
[450.750s][info][gc,heap     ] GC(1024) Old regions: 64->64
[450.750s][info][gc,heap     ] GC(1024) Humongous regions: 13->3
[450.750s][info][gc,metaspace] GC(1024) Metaspace: 43049K(43392K)->43049K(43392K) NonClass: 40228K(40448K)->40228K(40448K) Class: 2820K(2944K)->2820K(2944K)
[450.750s][info][gc          ] GC(1024) Pause Young (Normal) (G1 Evacuation Pause) 431M->80M(594M) 14.164ms
[450.750s][info][gc,cpu      ] GC(1024) User=0.03s Sys=0.00s Real=0.01s
[451.498s][info][gc,start    ] GC(1025) Pause Young (Normal) (G1 Evacuation Pause)
[451.499s][info][gc,task     ] GC(1025) Using 2 workers of 2 for evacuation
[451.558s][info][gc,phases   ] GC(1025)   Pre Evacuate Collection Set: 1.26ms
[451.558s][info][gc,phases   ] GC(1025)   Merge Heap Roots: 0.13ms
[451.558s][info][gc,phases   ] GC(1025)   Evacuate Collection Set: 57.26ms
[451.558s][info][gc,phases   ] GC(1025)   Post Evacuate Collection Set: 0.71ms
[451.558s][info][gc,phases   ] GC(1025)   Other: 0.08ms
[451.558s][info][gc,heap     ] GC(1025) Eden regions: 341->0(311)
[451.558s][info][gc,heap     ] GC(1025) Survivor regions: 15->45(45)
[451.558s][info][gc,heap     ] GC(1025) Old regions: 64->71
[451.558s][info][gc,heap     ] GC(1025) Humongous regions: 6->6
[451.558s][info][gc,metaspace] GC(1025) Metaspace: 43049K(43392K)->43049K(43392K) NonClass: 40229K(40448K)->40229K(40448K) Class: 2820K(2944K)->2820K(2944K)
[451.558s][info][gc          ] GC(1025) Pause Young (Normal) (G1 Evacuation Pause) 424M->121M(594M) 59.638ms
[451.558s][info][gc,cpu      ] GC(1025) User=0.11s Sys=0.00s Real=0.06s
[452.241s][info][gc,start    ] GC(1026) Pause Young (Normal) (G1 Evacuation Pause)
[452.241s][info][gc,task     ] GC(1026) Using 2 workers of 2 for evacuation
[452.332s][info][gc,phases   ] GC(1026)   Pre Evacuate Collection Set: 0.25ms
[452.332s][info][gc,phases   ] GC(1026)   Merge Heap Roots: 0.30ms
[452.332s][info][gc,phases   ] GC(1026)   Evacuate Collection Set: 89.51ms
[452.332s][info][gc,phases   ] GC(1026)   Post Evacuate Collection Set: 0.65ms
[452.332s][info][gc,phases   ] GC(1026)   Other: 0.08ms
[452.332s][info][gc,heap     ] GC(1026) Eden regions: 311->0(323)
[452.332s][info][gc,heap     ] GC(1026) Survivor regions: 45->33(45)
[452.332s][info][gc,heap     ] GC(1026) Old regions: 71->116
[452.332s][info][gc,heap     ] GC(1026) Humongous regions: 10->10
[452.332s][info][gc,metaspace] GC(1026) Metaspace: 43049K(43392K)->43049K(43392K) NonClass: 40229K(40448K)->40229K(40448K) Class: 2820K(2944K)->2820K(2944K)
[452.332s][info][gc          ] GC(1026) Pause Young (Normal) (G1 Evacuation Pause) 436M->158M(594M) 91.012ms
[452.332s][info][gc,cpu      ] GC(1026) User=0.18s Sys=0.00s Real=0.10s
[452.372s][info][gc,start    ] GC(1027) Pause Young (Concurrent Start) (G1 Humongous Allocation)
[452.372s][info][gc,task     ] GC(1027) Using 2 workers of 2 for evacuation
[452.413s][info][gc,phases   ] GC(1027)   Pre Evacuate Collection Set: 0.25ms
[452.413s][info][gc,phases   ] GC(1027)   Merge Heap Roots: 0.10ms
[452.413s][info][gc,phases   ] GC(1027)   Evacuate Collection Set: 40.09ms
[452.413s][info][gc,phases   ] GC(1027)   Post Evacuate Collection Set: 0.38ms
[452.413s][info][gc,phases   ] GC(1027)   Other: 0.09ms
[452.413s][info][gc,heap     ] GC(1027) Eden regions: 24->0(347)
[452.413s][info][gc,heap     ] GC(1027) Survivor regions: 33->7(45)
[452.413s][info][gc,heap     ] GC(1027) Old regions: 116->148
[452.413s][info][gc,heap     ] GC(1027) Humongous regions: 10->10
[452.413s][info][gc,metaspace] GC(1027) Metaspace: 43049K(43392K)->43049K(43392K) NonClass: 40229K(40448K)->40229K(40448K) Class: 2820K(2944K)->2820K(2944K)
[452.413s][info][gc          ] GC(1027) Pause Young (Concurrent Start) (G1 Humongous Allocation) 181M->163M(594M) 41.116ms
[452.413s][info][gc          ] GC(1028) Concurrent Mark Cycle
[452.413s][info][gc,marking  ] GC(1028) Concurrent Scan Root Regions
[452.416s][info][gc,cpu      ] GC(1027) User=0.09s Sys=0.00s Real=0.04s
[452.461s][info][gc,marking  ] GC(1028) Concurrent Scan Root Regions 47.275ms
[452.461s][info][gc,marking  ] GC(1028) Concurrent Mark
[452.461s][info][gc,marking  ] GC(1028) Concurrent Mark From Roots
[452.461s][info][gc,task     ] GC(1028) Using 1 workers of 1 for marking
[452.643s][info][gc,marking  ] GC(1028) Concurrent Mark From Roots 182.031ms
[452.643s][info][gc,marking  ] GC(1028) Concurrent Preclean
[452.643s][info][gc,marking  ] GC(1028) Concurrent Preclean 0.171ms
[452.643s][info][gc,start    ] GC(1028) Pause Remark
[452.659s][info][gc          ] GC(1028) Pause Remark 233M->222M(517M) 15.805ms
[452.659s][info][gc,cpu      ] GC(1028) User=0.03s Sys=0.00s Real=0.01s
[452.660s][info][gc,marking  ] GC(1028) Concurrent Mark 199.347ms
[452.660s][info][gc,marking  ] GC(1028) Concurrent Rebuild Remembered Sets and Scrub Regions
[452.742s][info][gc,marking  ] GC(1028) Concurrent Rebuild Remembered Sets and Scrub Regions 81.997ms
[452.742s][info][gc,start    ] GC(1028) Pause Cleanup
[452.742s][info][gc          ] GC(1028) Pause Cleanup 235M->235M(517M) 0.062ms
[452.742s][info][gc,cpu      ] GC(1028) User=0.00s Sys=0.00s Real=0.00s
[452.742s][info][gc,marking  ] GC(1028) Concurrent Clear Claimed Marks
[452.743s][info][gc,marking  ] GC(1028) Concurrent Clear Claimed Marks 0.046ms
[452.743s][info][gc,marking  ] GC(1028) Concurrent Cleanup for Next Mark
[452.745s][info][gc,marking  ] GC(1028) Concurrent Cleanup for Next Mark 2.476ms
[452.745s][info][gc          ] GC(1028) Concurrent Mark Cycle 331.558ms
[456.478s][info][gc,start    ] GC(1029) Pause Young (Prepare Mixed) (G1 Evacuation Pause)
[456.478s][info][gc,task     ] GC(1029) Using 2 workers of 2 for evacuation
[456.509s][info][gc,phases   ] GC(1029)   Pre Evacuate Collection Set: 0.23ms
[456.509s][info][gc,phases   ] GC(1029)   Merge Heap Roots: 0.19ms
[456.509s][info][gc,phases   ] GC(1029)   Evacuate Collection Set: 29.24ms
[456.509s][info][gc,phases   ] GC(1029)   Post Evacuate Collection Set: 0.61ms
[456.509s][info][gc,phases   ] GC(1029)   Other: 0.12ms
[456.509s][info][gc,heap     ] GC(1029) Eden regions: 303->0(282)
[456.509s][info][gc,heap     ] GC(1029) Survivor regions: 7->19(39)
[456.509s][info][gc,heap     ] GC(1029) Old regions: 140->141
[456.509s][info][gc,heap     ] GC(1029) Humongous regions: 18->13
[456.509s][info][gc,metaspace] GC(1029) Metaspace: 43052K(43392K)->43052K(43392K) NonClass: 40231K(40448K)->40231K(40448K) Class: 2820K(2944K)->2820K(2944K)
[456.509s][info][gc          ] GC(1029) Pause Young (Prepare Mixed) (G1 Evacuation Pause) (Evacuation Failure: Pinned) 466M->172M(517M) 30.645ms
[456.509s][info][gc,cpu      ] GC(1029) User=0.06s Sys=0.00s Real=0.03s
[457.594s][info][gc,start    ] GC(1030) Pause Young (Mixed) (G1 Evacuation Pause)
[457.594s][info][gc,task     ] GC(1030) Using 2 workers of 2 for evacuation
[457.625s][info][gc,phases   ] GC(1030)   Pre Evacuate Collection Set: 0.25ms
[457.625s][info][gc,phases   ] GC(1030)   Merge Heap Roots: 0.19ms
[457.625s][info][gc,phases   ] GC(1030)   Evacuate Collection Set: 29.71ms
[457.625s][info][gc,phases   ] GC(1030)   Post Evacuate Collection Set: 0.60ms
[457.625s][info][gc,phases   ] GC(1030)   Other: 0.07ms
[457.625s][info][gc,heap     ] GC(1030) Eden regions: 282->0(285)
[457.625s][info][gc,heap     ] GC(1030) Survivor regions: 19->25(38)
[457.625s][info][gc,heap     ] GC(1030) Old regions: 141->132
[457.625s][info][gc,heap     ] GC(1030) Humongous regions: 13->13
[457.625s][info][gc,metaspace] GC(1030) Metaspace: 43052K(43392K)->43052K(43392K) NonClass: 40231K(40448K)->40231K(40448K) Class: 2820K(2944K)->2820K(2944K)
[457.625s][info][gc          ] GC(1030) Pause Young (Mixed) (G1 Evacuation Pause) 454M->169M(517M) 31.021ms
[457.625s][info][gc,cpu      ] GC(1030) User=0.06s Sys=0.00s Real=0.03s
[459.172s][info][gc,start    ] GC(1031) Pause Young (Concurrent Start) (G1 Evacuation Pause)
[459.172s][info][gc,task     ] GC(1031) Using 2 workers of 2 for evacuation
[459.201s][info][gc,phases   ] GC(1031)   Pre Evacuate Collection Set: 0.27ms
[459.201s][info][gc,phases   ] GC(1031)   Merge Heap Roots: 0.21ms
[459.201s][info][gc,phases   ] GC(1031)   Evacuate Collection Set: 27.22ms
[459.201s][info][gc,phases   ] GC(1031)   Post Evacuate Collection Set: 0.55ms
[459.201s][info][gc,phases   ] GC(1031)   Other: 0.11ms
[459.201s][info][gc,heap     ] GC(1031) Eden regions: 285->0(302)
[459.201s][info][gc,heap     ] GC(1031) Survivor regions: 25->6(39)
[459.201s][info][gc,heap     ] GC(1031) Old regions: 132->149
[459.201s][info][gc,heap     ] GC(1031) Humongous regions: 13->13
[459.201s][info][gc,metaspace] GC(1031) Metaspace: 43052K(43392K)->43052K(43392K) NonClass: 40231K(40448K)->40231K(40448K) Class: 2820K(2944K)->2820K(2944K)
[459.201s][info][gc          ] GC(1031) Pause Young (Concurrent Start) (G1 Evacuation Pause) 454M->167M(517M) 28.576ms
[459.201s][info][gc,cpu      ] GC(1031) User=0.05s Sys=0.00s Real=0.02s
[459.201s][info][gc          ] GC(1032) Concurrent Mark Cycle
[459.201s][info][gc,marking  ] GC(1032) Concurrent Scan Root Regions
[459.220s][info][gc,marking  ] GC(1032) Concurrent Scan Root Regions 18.538ms
[459.220s][info][gc,marking  ] GC(1032) Concurrent Mark
[459.220s][info][gc,marking  ] GC(1032) Concurrent Mark From Roots
[459.220s][info][gc,task     ] GC(1032) Using 1 workers of 1 for marking
[459.357s][info][gc,marking  ] GC(1032) Concurrent Mark From Roots 137.794ms
[459.357s][info][gc,marking  ] GC(1032) Concurrent Preclean
[459.358s][info][gc,marking  ] GC(1032) Concurrent Preclean 0.075ms
[459.360s][info][gc,start    ] GC(1032) Pause Remark
[459.389s][info][gc          ] GC(1032) Pause Remark 191M->173M(500M) 29.300ms
[459.389s][info][gc,cpu      ] GC(1032) User=0.03s Sys=0.00s Real=0.03s
[459.389s][info][gc,marking  ] GC(1032) Concurrent Mark 169.678ms
[459.389s][info][gc,marking  ] GC(1032) Concurrent Rebuild Remembered Sets and Scrub Regions
[459.453s][info][gc,marking  ] GC(1032) Concurrent Rebuild Remembered Sets and Scrub Regions 63.321ms
[459.453s][info][gc,start    ] GC(1032) Pause Cleanup
[459.453s][info][gc          ] GC(1032) Pause Cleanup 184M->184M(500M) 0.058ms
[459.453s][info][gc,cpu      ] GC(1032) User=0.00s Sys=0.00s Real=0.00s
[459.453s][info][gc,marking  ] GC(1032) Concurrent Clear Claimed Marks
[459.453s][info][gc,marking  ] GC(1032) Concurrent Clear Claimed Marks 0.038ms
[459.454s][info][gc,marking  ] GC(1032) Concurrent Cleanup for Next Mark
[459.456s][info][gc,marking  ] GC(1032) Concurrent Cleanup for Next Mark 2.257ms
[459.456s][info][gc          ] GC(1032) Concurrent Mark Cycle 255.090ms
[460.882s][info][gc,start    ] GC(1033) Pause Young (Prepare Mixed) (G1 Evacuation Pause)
[460.882s][info][gc,task     ] GC(1033) Using 2 workers of 2 for evacuation
[460.886s][info][gc,phases   ] GC(1033)   Pre Evacuate Collection Set: 0.24ms
[460.886s][info][gc,phases   ] GC(1033)   Merge Heap Roots: 0.10ms
[460.886s][info][gc,phases   ] GC(1033)   Evacuate Collection Set: 3.06ms
[460.886s][info][gc,phases   ] GC(1033)   Post Evacuate Collection Set: 0.52ms
[460.886s][info][gc,phases   ] GC(1033)   Other: 0.10ms
[460.886s][info][gc,heap     ] GC(1033) Eden regions: 294->0(296)
[460.886s][info][gc,heap     ] GC(1033) Survivor regions: 6->4(38)
[460.886s][info][gc,heap     ] GC(1033) Old regions: 143->143
[460.886s][info][gc,heap     ] GC(1033) Humongous regions: 2->1
[460.887s][info][gc,metaspace] GC(1033) Metaspace: 43052K(43392K)->43052K(43392K) NonClass: 40231K(40448K)->40231K(40448K) Class: 2820K(2944K)->2820K(2944K)
[460.887s][info][gc          ] GC(1033) Pause Young (Prepare Mixed) (G1 Evacuation Pause) 444M->147M(500M) 4.225ms
[460.887s][info][gc,cpu      ] GC(1033) User=0.01s Sys=0.00s Real=0.00s
[462.141s][info][gc,start    ] GC(1034) Pause Young (Mixed) (G1 Evacuation Pause)
[462.141s][info][gc,task     ] GC(1034) Using 2 workers of 2 for evacuation
[462.157s][info][gc,phases   ] GC(1034)   Pre Evacuate Collection Set: 0.25ms
[462.157s][info][gc,phases   ] GC(1034)   Merge Heap Roots: 0.17ms
[462.157s][info][gc,phases   ] GC(1034)   Evacuate Collection Set: 15.06ms
[462.157s][info][gc,phases   ] GC(1034)   Post Evacuate Collection Set: 0.54ms
[462.157s][info][gc,phases   ] GC(1034)   Other: 0.08ms
[462.157s][info][gc,heap     ] GC(1034) Eden regions: 296->0(284)
[462.157s][info][gc,heap     ] GC(1034) Survivor regions: 4->16(38)
[462.157s][info][gc,heap     ] GC(1034) Old regions: 143->135
[462.157s][info][gc,heap     ] GC(1034) Humongous regions: 3->3
[462.157s][info][gc,metaspace] GC(1034) Metaspace: 43052K(43456K)->43052K(43456K) NonClass: 40232K(40512K)->40232K(40512K) Class: 2820K(2944K)->2820K(2944K)
[462.157s][info][gc          ] GC(1034) Pause Young (Mixed) (G1 Evacuation Pause) 445M->153M(500M) 16.315ms
[462.157s][info][gc,cpu      ] GC(1034) User=0.04s Sys=0.00s Real=0.02s
[462.220s][info][gc,start    ] GC(1035) Pause Young (Concurrent Start) (G1 Humongous Allocation)
[462.220s][info][gc,task     ] GC(1035) Using 2 workers of 2 for evacuation
[462.236s][info][gc,phases   ] GC(1035)   Pre Evacuate Collection Set: 0.23ms
[462.236s][info][gc,phases   ] GC(1035)   Merge Heap Roots: 0.06ms
[462.236s][info][gc,phases   ] GC(1035)   Evacuate Collection Set: 14.79ms
[462.236s][info][gc,phases   ] GC(1035)   Post Evacuate Collection Set: 0.35ms
[462.236s][info][gc,phases   ] GC(1035)   Other: 0.08ms
[462.236s][info][gc,heap     ] GC(1035) Eden regions: 28->0(281)
[462.236s][info][gc,heap     ] GC(1035) Survivor regions: 16->19(38)
[462.236s][info][gc,heap     ] GC(1035) Old regions: 135->135
[462.236s][info][gc,heap     ] GC(1035) Humongous regions: 3->3
[462.236s][info][gc,metaspace] GC(1035) Metaspace: 43052K(43456K)->43052K(43456K) NonClass: 40232K(40512K)->40232K(40512K) Class: 2820K(2944K)->2820K(2944K)
[462.236s][info][gc          ] GC(1035) Pause Young (Concurrent Start) (G1 Humongous Allocation) 180M->156M(500M) 15.692ms
[462.236s][info][gc,cpu      ] GC(1035) User=0.03s Sys=0.00s Real=0.02s
[462.236s][info][gc          ] GC(1036) Concurrent Mark Cycle
[462.236s][info][gc,marking  ] GC(1036) Concurrent Scan Root Regions
[462.259s][info][gc,marking  ] GC(1036) Concurrent Scan Root Regions 22.939ms
[462.259s][info][gc,marking  ] GC(1036) Concurrent Mark
[462.259s][info][gc,marking  ] GC(1036) Concurrent Mark From Roots
[462.259s][info][gc,task     ] GC(1036) Using 1 workers of 1 for marking
[462.294s][info][gc,marking  ] GC(1036) Concurrent Mark From Roots 35.606ms
[462.295s][info][gc,marking  ] GC(1036) Concurrent Preclean
[462.295s][info][gc,marking  ] GC(1036) Concurrent Preclean 0.046ms
[462.295s][info][gc,start    ] GC(1036) Pause Remark
[462.310s][info][gc          ] GC(1036) Pause Remark 172M->89M(256M) 15.762ms
[462.311s][info][gc,cpu      ] GC(1036) User=0.03s Sys=0.00s Real=0.01s
[462.311s][info][gc,marking  ] GC(1036) Concurrent Mark 51.708ms
[462.311s][info][gc,marking  ] GC(1036) Concurrent Rebuild Remembered Sets and Scrub Regions
[462.324s][info][gc,marking  ] GC(1036) Concurrent Rebuild Remembered Sets and Scrub Regions 13.779ms
[462.325s][info][gc,start    ] GC(1036) Pause Cleanup
[462.325s][info][gc          ] GC(1036) Pause Cleanup 95M->95M(256M) 0.044ms
[462.325s][info][gc,cpu      ] GC(1036) User=0.00s Sys=0.00s Real=0.00s
[462.325s][info][gc,marking  ] GC(1036) Concurrent Clear Claimed Marks
[462.325s][info][gc,marking  ] GC(1036) Concurrent Clear Claimed Marks 0.034ms
[462.325s][info][gc,marking  ] GC(1036) Concurrent Cleanup for Next Mark
[462.325s][info][gc,marking  ] GC(1036) Concurrent Cleanup for Next Mark 0.744ms
[462.325s][info][gc          ] GC(1036) Concurrent Mark Cycle 89.580ms
[462.574s][info][gc,start    ] GC(1037) Pause Young (Prepare Mixed) (G1 Evacuation Pause)
[462.574s][info][gc,task     ] GC(1037) Using 2 workers of 2 for evacuation
[462.608s][info][gc,phases   ] GC(1037)   Pre Evacuate Collection Set: 0.21ms
[462.608s][info][gc,phases   ] GC(1037)   Merge Heap Roots: 0.18ms
[462.608s][info][gc,phases   ] GC(1037)   Evacuate Collection Set: 32.74ms
[462.608s][info][gc,phases   ] GC(1037)   Post Evacuate Collection Set: 0.41ms
[462.608s][info][gc,phases   ] GC(1037)   Other: 0.07ms
[462.608s][info][gc,heap     ] GC(1037) Eden regions: 134->0(131)
[462.608s][info][gc,heap     ] GC(1037) Survivor regions: 19->20(20)
[462.608s][info][gc,heap     ] GC(1037) Old regions: 51->66
[462.608s][info][gc,heap     ] GC(1037) Humongous regions: 4->4
[462.608s][info][gc,metaspace] GC(1037) Metaspace: 43052K(43456K)->43052K(43456K) NonClass: 40232K(40512K)->40232K(40512K) Class: 2820K(2944K)->2820K(2944K)
[462.608s][info][gc          ] GC(1037) Pause Young (Prepare Mixed) (G1 Evacuation Pause) 207M->89M(256M) 33.860ms
[462.608s][info][gc,cpu      ] GC(1037) User=0.06s Sys=0.00s Real=0.03s
[462.910s][info][gc,start    ] GC(1038) Pause Young (Mixed) (G1 Evacuation Pause)
[462.911s][info][gc,task     ] GC(1038) Using 2 workers of 2 for evacuation
[462.948s][info][gc,phases   ] GC(1038)   Pre Evacuate Collection Set: 0.15ms
[462.948s][info][gc,phases   ] GC(1038)   Merge Heap Roots: 0.12ms
[462.948s][info][gc,phases   ] GC(1038)   Evacuate Collection Set: 36.86ms
[462.948s][info][gc,phases   ] GC(1038)   Post Evacuate Collection Set: 0.45ms
[462.948s][info][gc,phases   ] GC(1038)   Other: 0.09ms
[462.948s][info][gc,heap     ] GC(1038) Eden regions: 131->0(124)
[462.948s][info][gc,heap     ] GC(1038) Survivor regions: 20->16(19)
[462.948s][info][gc,heap     ] GC(1038) Old regions: 66->78
[462.948s][info][gc,heap     ] GC(1038) Humongous regions: 6->6
[462.948s][info][gc,metaspace] GC(1038) Metaspace: 43052K(43456K)->43052K(43456K) NonClass: 40232K(40512K)->40232K(40512K) Class: 2820K(2944K)->2820K(2944K)
[462.948s][info][gc          ] GC(1038) Pause Young (Mixed) (G1 Evacuation Pause) 222M->98M(259M) 37.882ms
[462.948s][info][gc,cpu      ] GC(1038) User=0.07s Sys=0.00s Real=0.04s
[463.227s][info][gc,start    ] GC(1039) Pause Young (Concurrent Start) (G1 Evacuation Pause)
[463.227s][info][gc,task     ] GC(1039) Using 2 workers of 2 for evacuation
[463.258s][info][gc,phases   ] GC(1039)   Pre Evacuate Collection Set: 0.18ms
[463.258s][info][gc,phases   ] GC(1039)   Merge Heap Roots: 0.10ms
[463.258s][info][gc,phases   ] GC(1039)   Evacuate Collection Set: 30.12ms
[463.258s][info][gc,phases   ] GC(1039)   Post Evacuate Collection Set: 0.40ms
[463.258s][info][gc,phases   ] GC(1039)   Other: 0.19ms
[463.259s][info][gc,heap     ] GC(1039) Eden regions: 124->0(112)
[463.259s][info][gc,heap     ] GC(1039) Survivor regions: 16->15(18)
[463.259s][info][gc,heap     ] GC(1039) Old regions: 78->94
[463.259s][info][gc,heap     ] GC(1039) Humongous regions: 6->6
[463.259s][info][gc,metaspace] GC(1039) Metaspace: 43052K(43456K)->43052K(43456K) NonClass: 40232K(40512K)->40232K(40512K) Class: 2820K(2944K)->2820K(2944K)
[463.259s][info][gc          ] GC(1039) Pause Young (Concurrent Start) (G1 Evacuation Pause) 222M->113M(259M) 31.243ms
[463.259s][info][gc,cpu      ] GC(1039) User=0.06s Sys=0.01s Real=0.03s
[463.259s][info][gc          ] GC(1040) Concurrent Mark Cycle
[463.259s][info][gc,marking  ] GC(1040) Concurrent Scan Root Regions
[463.282s][info][gc,marking  ] GC(1040) Concurrent Scan Root Regions 22.947ms
[463.282s][info][gc,marking  ] GC(1040) Concurrent Mark
[463.282s][info][gc,marking  ] GC(1040) Concurrent Mark From Roots
[463.282s][info][gc,task     ] GC(1040) Using 1 workers of 1 for marking
[463.357s][info][gc,marking  ] GC(1040) Concurrent Mark From Roots 75.259ms
[463.357s][info][gc,marking  ] GC(1040) Concurrent Preclean
[463.357s][info][gc,marking  ] GC(1040) Concurrent Preclean 0.038ms
[463.357s][info][gc,start    ] GC(1040) Pause Remark
[463.372s][info][gc          ] GC(1040) Pause Remark 156M->155M(259M) 15.304ms
[463.373s][info][gc,cpu      ] GC(1040) User=0.03s Sys=0.00s Real=0.02s
[463.373s][info][gc,marking  ] GC(1040) Concurrent Mark 90.901ms
[463.373s][info][gc,marking  ] GC(1040) Concurrent Rebuild Remembered Sets and Scrub Regions
[463.424s][info][gc,marking  ] GC(1040) Concurrent Rebuild Remembered Sets and Scrub Regions 51.291ms
[463.424s][info][gc,start    ] GC(1040) Pause Cleanup
[463.424s][info][gc          ] GC(1040) Pause Cleanup 162M->162M(259M) 0.048ms
[463.424s][info][gc,cpu      ] GC(1040) User=0.00s Sys=0.00s Real=0.00s
[463.424s][info][gc,marking  ] GC(1040) Concurrent Clear Claimed Marks
[463.424s][info][gc,marking  ] GC(1040) Concurrent Clear Claimed Marks 0.035ms
[463.424s][info][gc,marking  ] GC(1040) Concurrent Cleanup for Next Mark
[463.425s][info][gc,marking  ] GC(1040) Concurrent Cleanup for Next Mark 0.788ms
[463.425s][info][gc          ] GC(1040) Concurrent Mark Cycle 166.317ms
[463.575s][info][gc,start    ] GC(1041) Pause Young (Prepare Mixed) (G1 Evacuation Pause)
[463.575s][info][gc,task     ] GC(1041) Using 2 workers of 2 for evacuation
[463.609s][info][gc,phases   ] GC(1041)   Pre Evacuate Collection Set: 0.16ms
[463.609s][info][gc,phases   ] GC(1041)   Merge Heap Roots: 0.11ms
[463.609s][info][gc,phases   ] GC(1041)   Evacuate Collection Set: 32.97ms
[463.609s][info][gc,phases   ] GC(1041)   Post Evacuate Collection Set: 0.40ms
[463.609s][info][gc,phases   ] GC(1041)   Other: 0.08ms
[463.609s][info][gc,heap     ] GC(1041) Eden regions: 112->0(101)
[463.609s][info][gc,heap     ] GC(1041) Survivor regions: 15->13(16)
[463.609s][info][gc,heap     ] GC(1041) Old regions: 94->108
[463.609s][info][gc,heap     ] GC(1041) Humongous regions: 9->9
[463.609s][info][gc,metaspace] GC(1041) Metaspace: 43052K(43456K)->43052K(43456K) NonClass: 40232K(40512K)->40232K(40512K) Class: 2820K(2944K)->2820K(2944K)
[463.609s][info][gc          ] GC(1041) Pause Young (Prepare Mixed) (G1 Evacuation Pause) 228M->129M(259M) 33.912ms
[463.609s][info][gc,cpu      ] GC(1041) User=0.07s Sys=0.00s Real=0.03s
[464.077s][info][gc,start    ] GC(1042) Pause Young (Mixed) (G1 Evacuation Pause)
[464.077s][info][gc,task     ] GC(1042) Using 2 workers of 2 for evacuation
[464.126s][info][gc,phases   ] GC(1042)   Pre Evacuate Collection Set: 0.16ms
[464.126s][info][gc,phases   ] GC(1042)   Merge Heap Roots: 0.16ms
[464.126s][info][gc,phases   ] GC(1042)   Evacuate Collection Set: 48.00ms
[464.126s][info][gc,phases   ] GC(1042)   Post Evacuate Collection Set: 0.49ms
[464.126s][info][gc,phases   ] GC(1042)   Other: 0.08ms
[464.126s][info][gc,heap     ] GC(1042) Eden regions: 101->0(88)
[464.126s][info][gc,heap     ] GC(1042) Survivor regions: 13->15(15)
[464.126s][info][gc,heap     ] GC(1042) Old regions: 108->118
[464.126s][info][gc,heap     ] GC(1042) Humongous regions: 11->11
[464.126s][info][gc,metaspace] GC(1042) Metaspace: 43052K(43456K)->43052K(43456K) NonClass: 40232K(40512K)->40232K(40512K) Class: 2820K(2944K)->2820K(2944K)
[464.126s][info][gc          ] GC(1042) Pause Young (Mixed) (G1 Evacuation Pause) 232M->143M(272M) 49.192ms
[464.126s][info][gc,cpu      ] GC(1042) User=0.08s Sys=0.01s Real=0.05s
[464.195s][info][gc,start    ] GC(1043) Pause Young (Concurrent Start) (G1 Humongous Allocation)
[464.195s][info][gc,task     ] GC(1043) Using 2 workers of 2 for evacuation
[464.221s][info][gc,phases   ] GC(1043)   Pre Evacuate Collection Set: 0.17ms
[464.221s][info][gc,phases   ] GC(1043)   Merge Heap Roots: 0.13ms
[464.221s][info][gc,phases   ] GC(1043)   Evacuate Collection Set: 24.35ms
[464.221s][info][gc,phases   ] GC(1043)   Post Evacuate Collection Set: 1.27ms
[464.221s][info][gc,phases   ] GC(1043)   Other: 0.10ms
[464.221s][info][gc,heap     ] GC(1043) Eden regions: 6->0(114)
[464.221s][info][gc,heap     ] GC(1043) Survivor regions: 15->6(13)
[464.221s][info][gc,heap     ] GC(1043) Old regions: 118->133
[464.221s][info][gc,heap     ] GC(1043) Humongous regions: 11->11
[464.221s][info][gc,metaspace] GC(1043) Metaspace: 43052K(43456K)->43052K(43456K) NonClass: 40232K(40512K)->40232K(40512K) Class: 2820K(2944K)->2820K(2944K)
[464.221s][info][gc          ] GC(1043) Pause Young (Concurrent Start) (G1 Humongous Allocation) 149M->149M(414M) 26.258ms
[464.221s][info][gc,cpu      ] GC(1043) User=0.05s Sys=0.00s Real=0.02s
[464.221s][info][gc          ] GC(1044) Concurrent Mark Cycle
[464.221s][info][gc,marking  ] GC(1044) Concurrent Scan Root Regions
[464.251s][info][gc,marking  ] GC(1044) Concurrent Scan Root Regions 29.460ms
[464.251s][info][gc,marking  ] GC(1044) Concurrent Mark
[464.251s][info][gc,marking  ] GC(1044) Concurrent Mark From Roots
[464.251s][info][gc,task     ] GC(1044) Using 1 workers of 1 for marking
[464.397s][info][gc,marking  ] GC(1044) Concurrent Mark From Roots 146.403ms
[464.397s][info][gc,marking  ] GC(1044) Concurrent Preclean
[464.397s][info][gc,marking  ] GC(1044) Concurrent Preclean 0.041ms
[464.398s][info][gc,start    ] GC(1044) Pause Remark
[464.413s][info][gc          ] GC(1044) Pause Remark 165M->163M(414M) 15.208ms
[464.413s][info][gc,cpu      ] GC(1044) User=0.03s Sys=0.00s Real=0.02s
[464.413s][info][gc,marking  ] GC(1044) Concurrent Mark 161.957ms
[464.413s][info][gc,marking  ] GC(1044) Concurrent Rebuild Remembered Sets and Scrub Regions
[464.500s][info][gc,marking  ] GC(1044) Concurrent Rebuild Remembered Sets and Scrub Regions 86.709ms
[464.500s][info][gc,start    ] GC(1044) Pause Cleanup
[464.500s][info][gc          ] GC(1044) Pause Cleanup 166M->166M(414M) 0.055ms
[464.500s][info][gc,cpu      ] GC(1044) User=0.00s Sys=0.00s Real=0.00s
[464.500s][info][gc,marking  ] GC(1044) Concurrent Clear Claimed Marks
[464.500s][info][gc,marking  ] GC(1044) Concurrent Clear Claimed Marks 0.046ms
[464.500s][info][gc,marking  ] GC(1044) Concurrent Cleanup for Next Mark
[464.502s][info][gc,marking  ] GC(1044) Concurrent Cleanup for Next Mark 2.614ms
[464.502s][info][gc          ] GC(1044) Concurrent Mark Cycle 281.070ms
[465.211s][info][gc,start    ] GC(1045) Pause Young (Prepare Mixed) (G1 Evacuation Pause)
[465.212s][info][gc,task     ] GC(1045) Using 2 workers of 2 for evacuation
[465.243s][info][gc,phases   ] GC(1045)   Pre Evacuate Collection Set: 0.21ms
[465.243s][info][gc,phases   ] GC(1045)   Merge Heap Roots: 0.27ms
[465.243s][info][gc,phases   ] GC(1045)   Evacuate Collection Set: 30.65ms
[465.243s][info][gc,phases   ] GC(1045)   Post Evacuate Collection Set: 0.48ms
[465.243s][info][gc,phases   ] GC(1045)   Other: 0.08ms
[465.243s][info][gc,heap     ] GC(1045) Eden regions: 114->0(115)
[465.243s][info][gc,heap     ] GC(1045) Survivor regions: 6->15(15)
[465.243s][info][gc,heap     ] GC(1045) Old regions: 133->140
[465.243s][info][gc,heap     ] GC(1045) Humongous regions: 15->13
[465.243s][info][gc,metaspace] GC(1045) Metaspace: 43052K(43456K)->43052K(43456K) NonClass: 40232K(40512K)->40232K(40512K) Class: 2820K(2944K)->2820K(2944K)
[465.243s][info][gc          ] GC(1045) Pause Young (Prepare Mixed) (G1 Evacuation Pause) 267M->167M(414M) 31.867ms
[465.243s][info][gc,cpu      ] GC(1045) User=0.06s Sys=0.01s Real=0.04s
[465.700s][info][gc,start    ] GC(1046) Pause Young (Mixed) (G1 Evacuation Pause)
[465.700s][info][gc,task     ] GC(1046) Using 2 workers of 2 for evacuation
[465.728s][info][gc,phases   ] GC(1046)   Pre Evacuate Collection Set: 0.21ms
[465.728s][info][gc,phases   ] GC(1046)   Merge Heap Roots: 0.18ms
[465.728s][info][gc,phases   ] GC(1046)   Evacuate Collection Set: 26.53ms
[465.728s][info][gc,phases   ] GC(1046)   Post Evacuate Collection Set: 0.41ms
[465.728s][info][gc,phases   ] GC(1046)   Other: 0.07ms
[465.728s][info][gc,heap     ] GC(1046) Eden regions: 115->0(121)
[465.728s][info][gc,heap     ] GC(1046) Survivor regions: 15->10(17)
[465.728s][info][gc,heap     ] GC(1046) Old regions: 140->151
[465.728s][info][gc,heap     ] GC(1046) Humongous regions: 13->13
[465.728s][info][gc,metaspace] GC(1046) Metaspace: 43052K(43456K)->43052K(43456K) NonClass: 40232K(40512K)->40232K(40512K) Class: 2820K(2944K)->2820K(2944K)
[465.728s][info][gc          ] GC(1046) Pause Young (Mixed) (G1 Evacuation Pause) 282M->173M(414M) 27.609ms
[465.728s][info][gc,cpu      ] GC(1046) User=0.05s Sys=0.00s Real=0.03s
[466.267s][info][gc,start    ] GC(1047) Pause Young (Concurrent Start) (G1 Evacuation Pause)
[466.267s][info][gc,task     ] GC(1047) Using 2 workers of 2 for evacuation
[466.283s][info][gc,phases   ] GC(1047)   Pre Evacuate Collection Set: 0.23ms
[466.283s][info][gc,phases   ] GC(1047)   Merge Heap Roots: 0.06ms
[466.283s][info][gc,phases   ] GC(1047)   Evacuate Collection Set: 14.95ms
[466.283s][info][gc,phases   ] GC(1047)   Post Evacuate Collection Set: 0.39ms
[466.283s][info][gc,phases   ] GC(1047)   Other: 0.15ms
[466.283s][info][gc,heap     ] GC(1047) Eden regions: 121->0(126)
[466.283s][info][gc,heap     ] GC(1047) Survivor regions: 10->10(17)
[466.283s][info][gc,heap     ] GC(1047) Old regions: 151->161
[466.283s][info][gc,heap     ] GC(1047) Humongous regions: 13->13
[466.283s][info][gc,metaspace] GC(1047) Metaspace: 43052K(43456K)->43052K(43456K) NonClass: 40232K(40512K)->40232K(40512K) Class: 2820K(2944K)->2820K(2944K)
[466.283s][info][gc          ] GC(1047) Pause Young (Concurrent Start) (G1 Evacuation Pause) 294M->183M(414M) 15.975ms
[466.283s][info][gc          ] GC(1048) Concurrent Mark Cycle
[466.283s][info][gc,marking  ] GC(1048) Concurrent Scan Root Regions
[466.286s][info][gc,cpu      ] GC(1047) User=0.03s Sys=0.00s Real=0.02s
[466.296s][info][gc,marking  ] GC(1048) Concurrent Scan Root Regions 12.734ms
[466.296s][info][gc,marking  ] GC(1048) Concurrent Mark
[466.296s][info][gc,marking  ] GC(1048) Concurrent Mark From Roots
[466.296s][info][gc,task     ] GC(1048) Using 1 workers of 1 for marking
[466.332s][info][gc,marking  ] GC(1048) Concurrent Mark From Roots 36.039ms
[466.332s][info][gc,marking  ] GC(1048) Concurrent Preclean
[466.332s][info][gc,marking  ] GC(1048) Concurrent Preclean 0.036ms
[466.332s][info][gc,start    ] GC(1048) Pause Remark
[466.348s][info][gc          ] GC(1048) Pause Remark 191M->77M(256M) 15.491ms
[466.348s][info][gc,cpu      ] GC(1048) User=0.03s Sys=0.00s Real=0.01s
[466.348s][info][gc,marking  ] GC(1048) Concurrent Mark 51.843ms
[466.348s][info][gc,marking  ] GC(1048) Concurrent Rebuild Remembered Sets and Scrub Regions
[466.369s][info][gc,marking  ] GC(1048) Concurrent Rebuild Remembered Sets and Scrub Regions 20.860ms
[466.373s][info][gc,start    ] GC(1048) Pause Cleanup
[466.373s][info][gc          ] GC(1048) Pause Cleanup 77M->77M(256M) 0.055ms
[466.373s][info][gc,cpu      ] GC(1048) User=0.00s Sys=0.00s Real=0.00s
[466.373s][info][gc,marking  ] GC(1048) Concurrent Clear Claimed Marks
[466.373s][info][gc,marking  ] GC(1048) Concurrent Clear Claimed Marks 0.036ms
[466.373s][info][gc,marking  ] GC(1048) Concurrent Cleanup for Next Mark
[466.375s][info][gc,marking  ] GC(1048) Concurrent Cleanup for Next Mark 1.492ms
[466.375s][info][gc          ] GC(1048) Concurrent Mark Cycle 91.557ms
[467.051s][info][gc,start    ] GC(1049) Pause Young (Prepare Mixed) (G1 Evacuation Pause)
[467.051s][info][gc,task     ] GC(1049) Using 2 workers of 2 for evacuation
[467.069s][info][gc,phases   ] GC(1049)   Pre Evacuate Collection Set: 0.23ms
[467.069s][info][gc,phases   ] GC(1049)   Merge Heap Roots: 0.07ms
[467.069s][info][gc,phases   ] GC(1049)   Evacuate Collection Set: 17.61ms
[467.069s][info][gc,phases   ] GC(1049)   Post Evacuate Collection Set: 0.40ms
[467.069s][info][gc,phases   ] GC(1049)   Other: 0.08ms
[467.069s][info][gc,heap     ] GC(1049) Eden regions: 126->0(105)
[467.069s][info][gc,heap     ] GC(1049) Survivor regions: 10->15(17)
[467.069s][info][gc,heap     ] GC(1049) Old regions: 59->66
[467.069s][info][gc,heap     ] GC(1049) Humongous regions: 1->1
[467.069s][info][gc,metaspace] GC(1049) Metaspace: 43052K(43456K)->43052K(43456K) NonClass: 40232K(40512K)->40232K(40512K) Class: 2820K(2944K)->2820K(2944K)
[467.069s][info][gc          ] GC(1049) Pause Young (Prepare Mixed) (G1 Evacuation Pause) 195M->81M(256M) 18.582ms
[467.069s][info][gc,cpu      ] GC(1049) User=0.04s Sys=0.00s Real=0.02s
[467.632s][info][gc,start    ] GC(1050) Pause Young (Mixed) (G1 Evacuation Pause)
[467.632s][info][gc,task     ] GC(1050) Using 2 workers of 2 for evacuation
[467.653s][info][gc,phases   ] GC(1050)   Pre Evacuate Collection Set: 0.16ms
[467.653s][info][gc,phases   ] GC(1050)   Merge Heap Roots: 0.06ms
[467.653s][info][gc,phases   ] GC(1050)   Evacuate Collection Set: 19.97ms
[467.653s][info][gc,phases   ] GC(1050)   Post Evacuate Collection Set: 0.37ms
[467.653s][info][gc,phases   ] GC(1050)   Other: 0.08ms
[467.653s][info][gc,heap     ] GC(1050) Eden regions: 105->0(106)
[467.653s][info][gc,heap     ] GC(1050) Survivor regions: 15->12(15)
[467.653s][info][gc,heap     ] GC(1050) Old regions: 66->76
[467.653s][info][gc,heap     ] GC(1050) Humongous regions: 1->1
[467.653s][info][gc,metaspace] GC(1050) Metaspace: 43052K(43456K)->43052K(43456K) NonClass: 40232K(40512K)->40232K(40512K) Class: 2820K(2944K)->2820K(2944K)
[467.653s][info][gc          ] GC(1050) Pause Young (Mixed) (G1 Evacuation Pause) 186M->87M(256M) 20.831ms
[467.653s][info][gc,cpu      ] GC(1050) User=0.04s Sys=0.00s Real=0.02s
[468.246s][info][gc,start    ] GC(1051) Pause Young (Concurrent Start) (G1 Evacuation Pause)
[468.246s][info][gc,task     ] GC(1051) Using 2 workers of 2 for evacuation
[468.264s][info][gc,phases   ] GC(1051)   Pre Evacuate Collection Set: 0.22ms
[468.264s][info][gc,phases   ] GC(1051)   Merge Heap Roots: 0.06ms
[468.264s][info][gc,phases   ] GC(1051)   Evacuate Collection Set: 17.50ms
[468.265s][info][gc,phases   ] GC(1051)   Post Evacuate Collection Set: 0.36ms
[468.265s][info][gc,phases   ] GC(1051)   Other: 0.09ms
[468.265s][info][gc,heap     ] GC(1051) Eden regions: 106->0(106)
[468.265s][info][gc,heap     ] GC(1051) Survivor regions: 12->9(15)
[468.265s][info][gc,heap     ] GC(1051) Old regions: 76->87
[468.265s][info][gc,heap     ] GC(1051) Humongous regions: 1->1
[468.265s][info][gc,metaspace] GC(1051) Metaspace: 43052K(43456K)->43052K(43456K) NonClass: 40232K(40512K)->40232K(40512K) Class: 2820K(2944K)->2820K(2944K)
[468.265s][info][gc          ] GC(1051) Pause Young (Concurrent Start) (G1 Evacuation Pause) 193M->96M(256M) 18.418ms
[468.265s][info][gc,cpu      ] GC(1051) User=0.04s Sys=0.00s Real=0.02s
[468.265s][info][gc          ] GC(1052) Concurrent Mark Cycle
[468.265s][info][gc,marking  ] GC(1052) Concurrent Scan Root Regions
[468.279s][info][gc,marking  ] GC(1052) Concurrent Scan Root Regions 14.095ms
[468.279s][info][gc,marking  ] GC(1052) Concurrent Mark
[468.279s][info][gc,marking  ] GC(1052) Concurrent Mark From Roots
[468.279s][info][gc,task     ] GC(1052) Using 1 workers of 1 for marking
[468.319s][info][gc,marking  ] GC(1052) Concurrent Mark From Roots 40.172ms
[468.319s][info][gc,marking  ] GC(1052) Concurrent Preclean
[468.319s][info][gc,marking  ] GC(1052) Concurrent Preclean 0.035ms
[468.319s][info][gc,start    ] GC(1052) Pause Remark
[468.334s][info][gc          ] GC(1052) Pause Remark 106M->98M(256M) 15.195ms
[468.334s][info][gc,cpu      ] GC(1052) User=0.03s Sys=0.00s Real=0.02s
[468.334s][info][gc,marking  ] GC(1052) Concurrent Mark 55.709ms
[468.335s][info][gc,marking  ] GC(1052) Concurrent Rebuild Remembered Sets and Scrub Regions
[468.361s][info][gc,marking  ] GC(1052) Concurrent Rebuild Remembered Sets and Scrub Regions 26.706ms
[468.361s][info][gc,start    ] GC(1052) Pause Cleanup
[468.361s][info][gc          ] GC(1052) Pause Cleanup 102M->102M(256M) 0.053ms
[468.361s][info][gc,cpu      ] GC(1052) User=0.00s Sys=0.00s Real=0.00s
[468.361s][info][gc,marking  ] GC(1052) Concurrent Clear Claimed Marks
[468.362s][info][gc,marking  ] GC(1052) Concurrent Clear Claimed Marks 0.035ms
[468.362s][info][gc,marking  ] GC(1052) Concurrent Cleanup for Next Mark
[468.362s][info][gc,marking  ] GC(1052) Concurrent Cleanup for Next Mark 0.743ms
[468.362s][info][gc          ] GC(1052) Concurrent Mark Cycle 97.640ms
[468.843s][info][gc,start    ] GC(1053) Pause Young (Prepare Mixed) (G1 Evacuation Pause)
[468.844s][info][gc,task     ] GC(1053) Using 2 workers of 2 for evacuation
[468.856s][info][gc,phases   ] GC(1053)   Pre Evacuate Collection Set: 0.19ms
[468.856s][info][gc,phases   ] GC(1053)   Merge Heap Roots: 0.08ms
[468.856s][info][gc,phases   ] GC(1053)   Evacuate Collection Set: 11.26ms
[468.856s][info][gc,phases   ] GC(1053)   Post Evacuate Collection Set: 0.36ms
[468.856s][info][gc,phases   ] GC(1053)   Other: 0.09ms
[468.856s][info][gc,heap     ] GC(1053) Eden regions: 106->0(112)
[468.856s][info][gc,heap     ] GC(1053) Survivor regions: 9->11(15)
[468.856s][info][gc,heap     ] GC(1053) Old regions: 79->80
[468.856s][info][gc,heap     ] GC(1053) Humongous regions: 2->2
[468.856s][info][gc,metaspace] GC(1053) Metaspace: 43052K(43456K)->43052K(43456K) NonClass: 40232K(40512K)->40232K(40512K) Class: 2820K(2944K)->2820K(2944K)
[468.856s][info][gc          ] GC(1053) Pause Young (Prepare Mixed) (G1 Evacuation Pause) 195M->92M(256M) 12.211ms
[468.856s][info][gc,cpu      ] GC(1053) User=0.03s Sys=0.00s Real=0.01s
[469.477s][info][gc,start    ] GC(1054) Pause Young (Mixed) (G1 Evacuation Pause)
[469.477s][info][gc,task     ] GC(1054) Using 2 workers of 2 for evacuation
[469.490s][info][gc,phases   ] GC(1054)   Pre Evacuate Collection Set: 0.19ms
[469.490s][info][gc,phases   ] GC(1054)   Merge Heap Roots: 0.16ms
[469.490s][info][gc,phases   ] GC(1054)   Evacuate Collection Set: 12.09ms
[469.490s][info][gc,phases   ] GC(1054)   Post Evacuate Collection Set: 0.45ms
[469.490s][info][gc,phases   ] GC(1054)   Other: 0.08ms
[469.490s][info][gc,heap     ] GC(1054) Eden regions: 112->0(131)
[469.490s][info][gc,heap     ] GC(1054) Survivor regions: 11->7(16)
[469.490s][info][gc,heap     ] GC(1054) Old regions: 80->59
[469.490s][info][gc,heap     ] GC(1054) Humongous regions: 2->2
[469.490s][info][gc,metaspace] GC(1054) Metaspace: 43052K(43456K)->43052K(43456K) NonClass: 40232K(40512K)->40232K(40512K) Class: 2820K(2944K)->2820K(2944K)
[469.490s][info][gc          ] GC(1054) Pause Young (Mixed) (G1 Evacuation Pause) 204M->67M(256M) 13.168ms
[469.490s][info][gc,cpu      ] GC(1054) User=0.02s Sys=0.00s Real=0.01s
[470.116s][info][gc,start    ] GC(1055) Pause Young (Mixed) (G1 Evacuation Pause)
[470.116s][info][gc,task     ] GC(1055) Using 2 workers of 2 for evacuation
[470.139s][info][gc,phases   ] GC(1055)   Pre Evacuate Collection Set: 0.17ms
[470.139s][info][gc,phases   ] GC(1055)   Merge Heap Roots: 0.11ms
[470.139s][info][gc,phases   ] GC(1055)   Evacuate Collection Set: 22.23ms
[470.139s][info][gc,phases   ] GC(1055)   Post Evacuate Collection Set: 0.56ms
[470.139s][info][gc,phases   ] GC(1055)   Other: 0.09ms
[470.139s][info][gc,heap     ] GC(1055) Eden regions: 131->0(122)
[470.139s][info][gc,heap     ] GC(1055) Survivor regions: 7->18(18)
[470.139s][info][gc,heap     ] GC(1055) Old regions: 59->61
[470.139s][info][gc,heap     ] GC(1055) Humongous regions: 4->4
[470.139s][info][gc,metaspace] GC(1055) Metaspace: 43053K(43456K)->43053K(43456K) NonClass: 40232K(40512K)->40232K(40512K) Class: 2820K(2944K)->2820K(2944K)
[470.139s][info][gc          ] GC(1055) Pause Young (Mixed) (G1 Evacuation Pause) 200M->82M(256M) 23.359ms
[470.139s][info][gc,cpu      ] GC(1055) User=0.04s Sys=0.00s Real=0.02s
[470.157s][info][gc,start    ] GC(1056) Pause Young (Concurrent Start) (G1 Humongous Allocation)
[470.157s][info][gc,task     ] GC(1056) Using 2 workers of 2 for evacuation
[470.172s][info][gc,phases   ] GC(1056)   Pre Evacuate Collection Set: 0.15ms
[470.173s][info][gc,phases   ] GC(1056)   Merge Heap Roots: 0.07ms
[470.173s][info][gc,phases   ] GC(1056)   Evacuate Collection Set: 14.64ms
[470.173s][info][gc,phases   ] GC(1056)   Post Evacuate Collection Set: 0.29ms
[470.173s][info][gc,phases   ] GC(1056)   Other: 0.08ms
[470.173s][info][gc,heap     ] GC(1056) Eden regions: 4->0(99)
[470.173s][info][gc,heap     ] GC(1056) Survivor regions: 18->2(18)
[470.173s][info][gc,heap     ] GC(1056) Old regions: 61->79
[470.173s][info][gc,heap     ] GC(1056) Humongous regions: 4->2
[470.173s][info][gc,metaspace] GC(1056) Metaspace: 43053K(43456K)->43053K(43456K) NonClass: 40232K(40512K)->40232K(40512K) Class: 2820K(2944K)->2820K(2944K)
[470.173s][info][gc          ] GC(1056) Pause Young (Concurrent Start) (G1 Humongous Allocation) 86M->81M(256M) 15.434ms
[470.173s][info][gc,cpu      ] GC(1056) User=0.03s Sys=0.00s Real=0.02s
[470.173s][info][gc          ] GC(1057) Concurrent Mark Cycle
[470.173s][info][gc,marking  ] GC(1057) Concurrent Scan Root Regions
[470.186s][info][gc,marking  ] GC(1057) Concurrent Scan Root Regions 13.456ms
[470.186s][info][gc,marking  ] GC(1057) Concurrent Mark
[470.186s][info][gc,marking  ] GC(1057) Concurrent Mark From Roots
[470.186s][info][gc,task     ] GC(1057) Using 1 workers of 1 for marking
[470.232s][info][gc,marking  ] GC(1057) Concurrent Mark From Roots 45.547ms
[470.232s][info][gc,marking  ] GC(1057) Concurrent Preclean
[470.232s][info][gc,marking  ] GC(1057) Concurrent Preclean 0.033ms
[470.232s][info][gc,start    ] GC(1057) Pause Remark
[470.247s][info][gc          ] GC(1057) Pause Remark 99M->93M(256M) 14.706ms
[470.247s][info][gc,cpu      ] GC(1057) User=0.03s Sys=0.00s Real=0.01s
[470.247s][info][gc,marking  ] GC(1057) Concurrent Mark 60.470ms
[470.247s][info][gc,marking  ] GC(1057) Concurrent Rebuild Remembered Sets and Scrub Regions
[470.272s][info][gc,marking  ] GC(1057) Concurrent Rebuild Remembered Sets and Scrub Regions 25.444ms
[470.272s][info][gc,start    ] GC(1057) Pause Cleanup
[470.272s][info][gc          ] GC(1057) Pause Cleanup 99M->99M(256M) 0.046ms
[470.272s][info][gc,cpu      ] GC(1057) User=0.00s Sys=0.00s Real=0.00s
[470.272s][info][gc,marking  ] GC(1057) Concurrent Clear Claimed Marks
[470.272s][info][gc,marking  ] GC(1057) Concurrent Clear Claimed Marks 0.037ms
[470.272s][info][gc,marking  ] GC(1057) Concurrent Cleanup for Next Mark
[470.273s][info][gc,marking  ] GC(1057) Concurrent Cleanup for Next Mark 0.753ms
[470.273s][info][gc          ] GC(1057) Concurrent Mark Cycle 100.415ms
[470.596s][info][gc,start    ] GC(1058) Pause Young (Prepare Mixed) (G1 Evacuation Pause)
[470.596s][info][gc,task     ] GC(1058) Using 2 workers of 2 for evacuation
[470.603s][info][gc,phases   ] GC(1058)   Pre Evacuate Collection Set: 0.16ms
[470.603s][info][gc,phases   ] GC(1058)   Merge Heap Roots: 0.06ms
[470.603s][info][gc,phases   ] GC(1058)   Evacuate Collection Set: 5.87ms
[470.603s][info][gc,phases   ] GC(1058)   Post Evacuate Collection Set: 0.35ms
[470.603s][info][gc,phases   ] GC(1058)   Other: 0.07ms
[470.603s][info][gc,heap     ] GC(1058) Eden regions: 99->0(107)
[470.603s][info][gc,heap     ] GC(1058) Survivor regions: 2->7(13)
[470.603s][info][gc,heap     ] GC(1058) Old regions: 74->74
[470.603s][info][gc,heap     ] GC(1058) Humongous regions: 5->3
[470.603s][info][gc,metaspace] GC(1058) Metaspace: 43053K(43456K)->43053K(43456K) NonClass: 40233K(40512K)->40233K(40512K) Class: 2820K(2944K)->2820K(2944K)
[470.603s][info][gc          ] GC(1058) Pause Young (Prepare Mixed) (G1 Evacuation Pause) 178M->82M(256M) 6.678ms
[470.603s][info][gc,cpu      ] GC(1058) User=0.01s Sys=0.00s Real=0.01s
[470.950s][info][gc,start    ] GC(1059) Pause Young (Mixed) (G1 Evacuation Pause)
[470.950s][info][gc,task     ] GC(1059) Using 2 workers of 2 for evacuation
[470.963s][info][gc,phases   ] GC(1059)   Pre Evacuate Collection Set: 0.16ms
[470.963s][info][gc,phases   ] GC(1059)   Merge Heap Roots: 0.12ms
[470.963s][info][gc,phases   ] GC(1059)   Evacuate Collection Set: 12.43ms
[470.963s][info][gc,phases   ] GC(1059)   Post Evacuate Collection Set: 0.50ms
[470.963s][info][gc,phases   ] GC(1059)   Other: 0.08ms
[470.963s][info][gc,heap     ] GC(1059) Eden regions: 107->0(119)
[470.963s][info][gc,heap     ] GC(1059) Survivor regions: 7->12(15)
[470.963s][info][gc,heap     ] GC(1059) Old regions: 74->57
[470.963s][info][gc,heap     ] GC(1059) Humongous regions: 18->3
[470.963s][info][gc,metaspace] GC(1059) Metaspace: 43053K(43456K)->43053K(43456K) NonClass: 40233K(40512K)->40233K(40512K) Class: 2820K(2944K)->2820K(2944K)
[470.963s][info][gc          ] GC(1059) Pause Young (Mixed) (G1 Evacuation Pause) 204M->70M(256M) 13.492ms
[470.963s][info][gc,cpu      ] GC(1059) User=0.02s Sys=0.00s Real=0.02s
[471.300s][info][gc,start    ] GC(1060) Pause Young (Concurrent Start) (G1 Humongous Allocation)
[471.300s][info][gc,task     ] GC(1060) Using 2 workers of 2 for evacuation
[471.311s][info][gc,phases   ] GC(1060)   Pre Evacuate Collection Set: 0.18ms
[471.312s][info][gc,phases   ] GC(1060)   Merge Heap Roots: 0.05ms
[471.312s][info][gc,phases   ] GC(1060)   Evacuate Collection Set: 10.61ms
[471.312s][info][gc,phases   ] GC(1060)   Post Evacuate Collection Set: 0.35ms
[471.312s][info][gc,phases   ] GC(1060)   Other: 0.09ms
[471.312s][info][gc,heap     ] GC(1060) Eden regions: 80->0(124)
[471.312s][info][gc,heap     ] GC(1060) Survivor regions: 12->8(17)
[471.312s][info][gc,heap     ] GC(1060) Old regions: 57->62
[471.312s][info][gc,heap     ] GC(1060) Humongous regions: 3->3
[471.312s][info][gc,metaspace] GC(1060) Metaspace: 43053K(43456K)->43053K(43456K) NonClass: 40233K(40512K)->40233K(40512K) Class: 2820K(2944K)->2820K(2944K)
[471.312s][info][gc          ] GC(1060) Pause Young (Concurrent Start) (G1 Humongous Allocation) 150M->72M(256M) 11.481ms
[471.312s][info][gc,cpu      ] GC(1060) User=0.02s Sys=0.00s Real=0.01s
[471.312s][info][gc          ] GC(1061) Concurrent Mark Cycle
[471.312s][info][gc,marking  ] GC(1061) Concurrent Scan Root Regions
[471.322s][info][gc,marking  ] GC(1061) Concurrent Scan Root Regions 10.068ms
[471.322s][info][gc,marking  ] GC(1061) Concurrent Mark
[471.322s][info][gc,marking  ] GC(1061) Concurrent Mark From Roots
[471.322s][info][gc,task     ] GC(1061) Using 1 workers of 1 for marking
[471.374s][info][gc,marking  ] GC(1061) Concurrent Mark From Roots 52.007ms
[471.374s][info][gc,marking  ] GC(1061) Concurrent Preclean
[471.374s][info][gc,marking  ] GC(1061) Concurrent Preclean 0.041ms
[471.374s][info][gc,start    ] GC(1061) Pause Remark
[471.390s][info][gc          ] GC(1061) Pause Remark 83M->82M(256M) 16.440ms
[471.391s][info][gc,cpu      ] GC(1061) User=0.04s Sys=0.00s Real=0.01s
[471.391s][info][gc,marking  ] GC(1061) Concurrent Mark 68.806ms
[471.391s][info][gc,marking  ] GC(1061) Concurrent Rebuild Remembered Sets and Scrub Regions
[471.416s][info][gc,marking  ] GC(1061) Concurrent Rebuild Remembered Sets and Scrub Regions 25.455ms
[471.416s][info][gc,start    ] GC(1061) Pause Cleanup
[471.416s][info][gc          ] GC(1061) Pause Cleanup 83M->83M(256M) 0.064ms
[471.416s][info][gc,cpu      ] GC(1061) User=0.00s Sys=0.00s Real=0.00s
[471.417s][info][gc,marking  ] GC(1061) Concurrent Clear Claimed Marks
[471.417s][info][gc,marking  ] GC(1061) Concurrent Clear Claimed Marks 0.048ms
[471.417s][info][gc,marking  ] GC(1061) Concurrent Cleanup for Next Mark
[471.418s][info][gc,marking  ] GC(1061) Concurrent Cleanup for Next Mark 0.827ms
[471.418s][info][gc          ] GC(1061) Concurrent Mark Cycle 106.100ms
[471.870s][info][gc,start    ] GC(1062) Pause Young (Prepare Mixed) (G1 Evacuation Pause)
[471.870s][info][gc,task     ] GC(1062) Using 2 workers of 2 for evacuation
[471.887s][info][gc,phases   ] GC(1062)   Pre Evacuate Collection Set: 0.17ms
[471.887s][info][gc,phases   ] GC(1062)   Merge Heap Roots: 0.10ms
[471.887s][info][gc,phases   ] GC(1062)   Evacuate Collection Set: 16.45ms
[471.887s][info][gc,phases   ] GC(1062)   Post Evacuate Collection Set: 0.40ms
[471.888s][info][gc,phases   ] GC(1062)   Other: 0.08ms
[471.888s][info][gc,heap     ] GC(1062) Eden regions: 124->0(121)
[471.888s][info][gc,heap     ] GC(1062) Survivor regions: 8->17(17)
[471.888s][info][gc,heap     ] GC(1062) Old regions: 61->63
[471.888s][info][gc,heap     ] GC(1062) Humongous regions: 10->3
[471.888s][info][gc,metaspace] GC(1062) Metaspace: 43083K(43456K)->43083K(43456K) NonClass: 40262K(40512K)->40262K(40512K) Class: 2820K(2944K)->2820K(2944K)
[471.888s][info][gc          ] GC(1062) Pause Young (Prepare Mixed) (G1 Evacuation Pause) 202M->82M(256M) 17.413ms
[471.888s][info][gc,cpu      ] GC(1062) User=0.04s Sys=0.00s Real=0.02s
[472.310s][info][gc,start    ] GC(1063) Pause Young (Mixed) (G1 Evacuation Pause)
[472.310s][info][gc,task     ] GC(1063) Using 2 workers of 2 for evacuation
[472.346s][info][gc,phases   ] GC(1063)   Pre Evacuate Collection Set: 0.17ms
[472.346s][info][gc,phases   ] GC(1063)   Merge Heap Roots: 0.13ms
[472.346s][info][gc,phases   ] GC(1063)   Evacuate Collection Set: 35.41ms
[472.346s][info][gc,phases   ] GC(1063)   Post Evacuate Collection Set: 0.54ms
[472.346s][info][gc,phases   ] GC(1063)   Other: 0.07ms
[472.346s][info][gc,heap     ] GC(1063) Eden regions: 121->0(111)
[472.346s][info][gc,heap     ] GC(1063) Survivor regions: 17->18(18)
[472.346s][info][gc,heap     ] GC(1063) Old regions: 63->70
[472.346s][info][gc,heap     ] GC(1063) Humongous regions: 7->3
[472.346s][info][gc,metaspace] GC(1063) Metaspace: 43084K(43456K)->43084K(43456K) NonClass: 40264K(40512K)->40264K(40512K) Class: 2820K(2944K)->2820K(2944K)
[472.346s][info][gc          ] GC(1063) Pause Young (Mixed) (G1 Evacuation Pause) 207M->90M(256M) 36.560ms
[472.346s][info][gc,cpu      ] GC(1063) User=0.07s Sys=0.00s Real=0.04s
[472.782s][info][gc,start    ] GC(1064) Pause Young (Concurrent Start) (G1 Humongous Allocation)
[472.782s][info][gc,task     ] GC(1064) Using 2 workers of 2 for evacuation
[472.808s][info][gc,phases   ] GC(1064)   Pre Evacuate Collection Set: 0.18ms
[472.809s][info][gc,phases   ] GC(1064)   Merge Heap Roots: 0.17ms
[472.809s][info][gc,phases   ] GC(1064)   Evacuate Collection Set: 25.69ms
[472.809s][info][gc,phases   ] GC(1064)   Post Evacuate Collection Set: 0.41ms
[472.809s][info][gc,phases   ] GC(1064)   Other: 0.09ms
[472.809s][info][gc,heap     ] GC(1064) Eden regions: 98->0(110)
[472.809s][info][gc,heap     ] GC(1064) Survivor regions: 18->13(17)
[472.809s][info][gc,heap     ] GC(1064) Old regions: 70->81
[472.809s][info][gc,heap     ] GC(1064) Humongous regions: 3->1
[472.809s][info][gc,metaspace] GC(1064) Metaspace: 43084K(43456K)->43084K(43456K) NonClass: 40264K(40512K)->40264K(40512K) Class: 2820K(2944K)->2820K(2944K)
[472.809s][info][gc          ] GC(1064) Pause Young (Concurrent Start) (G1 Humongous Allocation) 187M->94M(256M) 26.750ms
[472.809s][info][gc,cpu      ] GC(1064) User=0.05s Sys=0.00s Real=0.02s
[472.809s][info][gc          ] GC(1065) Concurrent Mark Cycle
[472.809s][info][gc,marking  ] GC(1065) Concurrent Scan Root Regions
[472.827s][info][gc,marking  ] GC(1065) Concurrent Scan Root Regions 18.219ms
[472.827s][info][gc,marking  ] GC(1065) Concurrent Mark
[472.827s][info][gc,marking  ] GC(1065) Concurrent Mark From Roots
[472.827s][info][gc,task     ] GC(1065) Using 1 workers of 1 for marking
[472.883s][info][gc,marking  ] GC(1065) Concurrent Mark From Roots 55.557ms
[472.883s][info][gc,marking  ] GC(1065) Concurrent Preclean
[472.883s][info][gc,marking  ] GC(1065) Concurrent Preclean 0.038ms
[472.883s][info][gc,start    ] GC(1065) Pause Remark
[472.898s][info][gc          ] GC(1065) Pause Remark 115M->114M(256M) 14.937ms
[472.898s][info][gc,cpu      ] GC(1065) User=0.03s Sys=0.00s Real=0.01s
[472.900s][info][gc,marking  ] GC(1065) Concurrent Mark 72.873ms
[472.900s][info][gc,marking  ] GC(1065) Concurrent Rebuild Remembered Sets and Scrub Regions
[472.933s][info][gc,marking  ] GC(1065) Concurrent Rebuild Remembered Sets and Scrub Regions 33.380ms
[472.933s][info][gc,start    ] GC(1065) Pause Cleanup
[472.933s][info][gc          ] GC(1065) Pause Cleanup 123M->123M(256M) 0.083ms
[472.933s][info][gc,cpu      ] GC(1065) User=0.00s Sys=0.00s Real=0.00s
[472.934s][info][gc,marking  ] GC(1065) Concurrent Clear Claimed Marks
[472.934s][info][gc,marking  ] GC(1065) Concurrent Clear Claimed Marks 0.051ms
[472.934s][info][gc,marking  ] GC(1065) Concurrent Cleanup for Next Mark
[472.935s][info][gc,marking  ] GC(1065) Concurrent Cleanup for Next Mark 0.809ms
[472.935s][info][gc          ] GC(1065) Concurrent Mark Cycle 125.946ms
[473.216s][info][gc,start    ] GC(1066) Pause Young (Prepare Mixed) (G1 Evacuation Pause)
[473.216s][info][gc,task     ] GC(1066) Using 2 workers of 2 for evacuation
[473.230s][info][gc,phases   ] GC(1066)   Pre Evacuate Collection Set: 0.17ms
[473.230s][info][gc,phases   ] GC(1066)   Merge Heap Roots: 0.15ms
[473.230s][info][gc,phases   ] GC(1066)   Evacuate Collection Set: 13.09ms
[473.230s][info][gc,phases   ] GC(1066)   Post Evacuate Collection Set: 0.36ms
[473.230s][info][gc,phases   ] GC(1066)   Other: 0.07ms
[473.230s][info][gc,heap     ] GC(1066) Eden regions: 110->0(117)
[473.230s][info][gc,heap     ] GC(1066) Survivor regions: 13->1(16)
[473.230s][info][gc,heap     ] GC(1066) Old regions: 80->93
[473.230s][info][gc,heap     ] GC(1066) Humongous regions: 15->3
[473.230s][info][gc,metaspace] GC(1066) Metaspace: 43084K(43456K)->43084K(43456K) NonClass: 40264K(40512K)->40264K(40512K) Class: 2820K(2944K)->2820K(2944K)
[473.230s][info][gc          ] GC(1066) Pause Young (Prepare Mixed) (G1 Evacuation Pause) 217M->96M(256M) 14.000ms
[473.230s][info][gc,cpu      ] GC(1066) User=0.03s Sys=0.00s Real=0.01s
[473.633s][info][gc,start    ] GC(1067) Pause Young (Mixed) (G1 Evacuation Pause)
[473.633s][info][gc,task     ] GC(1067) Using 2 workers of 2 for evacuation
[473.649s][info][gc,phases   ] GC(1067)   Pre Evacuate Collection Set: 0.23ms
[473.649s][info][gc,phases   ] GC(1067)   Merge Heap Roots: 0.39ms
[473.649s][info][gc,phases   ] GC(1067)   Evacuate Collection Set: 14.49ms
[473.649s][info][gc,phases   ] GC(1067)   Post Evacuate Collection Set: 0.48ms
[473.649s][info][gc,phases   ] GC(1067)   Other: 0.10ms
[473.649s][info][gc,heap     ] GC(1067) Eden regions: 117->0(130)
[473.649s][info][gc,heap     ] GC(1067) Survivor regions: 1->3(15)
[473.649s][info][gc,heap     ] GC(1067) Old regions: 93->76
[473.649s][info][gc,heap     ] GC(1067) Humongous regions: 13->3
[473.649s][info][gc,metaspace] GC(1067) Metaspace: 43084K(43456K)->43084K(43456K) NonClass: 40264K(40512K)->40264K(40512K) Class: 2820K(2944K)->2820K(2944K)
[473.649s][info][gc          ] GC(1067) Pause Young (Mixed) (G1 Evacuation Pause) 223M->82M(256M) 15.854ms
[473.649s][info][gc,cpu      ] GC(1067) User=0.03s Sys=0.00s Real=0.01s
[473.898s][info][gc,start    ] GC(1068) Pause Young (Concurrent Start) (G1 Humongous Allocation)
[473.898s][info][gc,task     ] GC(1068) Using 2 workers of 2 for evacuation
[473.900s][info][gc,phases   ] GC(1068)   Pre Evacuate Collection Set: 0.16ms
[473.900s][info][gc,phases   ] GC(1068)   Merge Heap Roots: 0.04ms
[473.900s][info][gc,phases   ] GC(1068)   Evacuate Collection Set: 1.93ms
[473.900s][info][gc,phases   ] GC(1068)   Post Evacuate Collection Set: 0.32ms
[473.900s][info][gc,phases   ] GC(1068)   Other: 0.10ms
[473.900s][info][gc,heap     ] GC(1068) Eden regions: 64->0(138)
[473.900s][info][gc,heap     ] GC(1068) Survivor regions: 3->2(17)
[473.900s][info][gc,heap     ] GC(1068) Old regions: 76->76
[473.900s][info][gc,heap     ] GC(1068) Humongous regions: 3->1
[473.900s][info][gc,metaspace] GC(1068) Metaspace: 43084K(43456K)->43084K(43456K) NonClass: 40264K(40512K)->40264K(40512K) Class: 2820K(2944K)->2820K(2944K)
[473.900s][info][gc          ] GC(1068) Pause Young (Concurrent Start) (G1 Humongous Allocation) 146M->78M(256M) 2.739ms
[473.901s][info][gc,cpu      ] GC(1068) User=0.00s Sys=0.00s Real=0.00s
[473.901s][info][gc          ] GC(1069) Concurrent Mark Cycle
[473.901s][info][gc,marking  ] GC(1069) Concurrent Scan Root Regions
[473.903s][info][gc,marking  ] GC(1069) Concurrent Scan Root Regions 1.938ms
[473.903s][info][gc,marking  ] GC(1069) Concurrent Mark
[473.903s][info][gc,marking  ] GC(1069) Concurrent Mark From Roots
[473.903s][info][gc,task     ] GC(1069) Using 1 workers of 1 for marking
[473.963s][info][gc,marking  ] GC(1069) Concurrent Mark From Roots 60.784ms
[473.963s][info][gc,marking  ] GC(1069) Concurrent Preclean
[473.963s][info][gc,marking  ] GC(1069) Concurrent Preclean 0.038ms
[473.963s][info][gc,start    ] GC(1069) Pause Remark
[473.991s][info][gc          ] GC(1069) Pause Remark 92M->81M(256M) 27.818ms
[473.991s][info][gc,cpu      ] GC(1069) User=0.03s Sys=0.00s Real=0.02s
[473.993s][info][gc,marking  ] GC(1069) Concurrent Mark 89.976ms
[473.993s][info][gc,marking  ] GC(1069) Concurrent Rebuild Remembered Sets and Scrub Regions
[474.019s][info][gc,marking  ] GC(1069) Concurrent Rebuild Remembered Sets and Scrub Regions 26.241ms
[474.019s][info][gc,start    ] GC(1069) Pause Cleanup
[474.019s][info][gc          ] GC(1069) Pause Cleanup 87M->87M(256M) 0.050ms
[474.019s][info][gc,cpu      ] GC(1069) User=0.00s Sys=0.00s Real=0.00s
[474.019s][info][gc,marking  ] GC(1069) Concurrent Clear Claimed Marks
[474.019s][info][gc,marking  ] GC(1069) Concurrent Clear Claimed Marks 0.036ms
[474.019s][info][gc,marking  ] GC(1069) Concurrent Cleanup for Next Mark
[474.020s][info][gc,marking  ] GC(1069) Concurrent Cleanup for Next Mark 0.906ms
[474.020s][info][gc          ] GC(1069) Concurrent Mark Cycle 119.446ms
[474.493s][info][gc,start    ] GC(1070) Pause Young (Prepare Mixed) (G1 Evacuation Pause)
[474.493s][info][gc,task     ] GC(1070) Using 2 workers of 2 for evacuation
[474.501s][info][gc,phases   ] GC(1070)   Pre Evacuate Collection Set: 0.24ms
[474.501s][info][gc,phases   ] GC(1070)   Merge Heap Roots: 0.07ms
[474.501s][info][gc,phases   ] GC(1070)   Evacuate Collection Set: 7.02ms
[474.501s][info][gc,phases   ] GC(1070)   Post Evacuate Collection Set: 0.41ms
[474.501s][info][gc,phases   ] GC(1070)   Other: 0.07ms
[474.501s][info][gc,heap     ] GC(1070) Eden regions: 138->0(143)
[474.501s][info][gc,heap     ] GC(1070) Survivor regions: 2->7(18)
[474.501s][info][gc,heap     ] GC(1070) Old regions: 65->65
[474.501s][info][gc,heap     ] GC(1070) Humongous regions: 15->3
[474.501s][info][gc,metaspace] GC(1070) Metaspace: 43084K(43456K)->43084K(43456K) NonClass: 40264K(40512K)->40264K(40512K) Class: 2820K(2944K)->2820K(2944K)
[474.501s][info][gc          ] GC(1070) Pause Young (Prepare Mixed) (G1 Evacuation Pause) 219M->74M(256M) 8.002ms
[474.501s][info][gc,cpu      ] GC(1070) User=0.01s Sys=0.00s Real=0.00s
[475.007s][info][gc,start    ] GC(1071) Pause Young (Mixed) (G1 Evacuation Pause)
[475.007s][info][gc,task     ] GC(1071) Using 2 workers of 2 for evacuation
[475.033s][info][gc,phases   ] GC(1071)   Pre Evacuate Collection Set: 0.17ms
[475.033s][info][gc,phases   ] GC(1071)   Merge Heap Roots: 0.07ms
[475.033s][info][gc,phases   ] GC(1071)   Evacuate Collection Set: 25.62ms
[475.033s][info][gc,phases   ] GC(1071)   Post Evacuate Collection Set: 0.51ms
[475.033s][info][gc,phases   ] GC(1071)   Other: 0.07ms
[475.033s][info][gc,heap     ] GC(1071) Eden regions: 143->0(132)
[475.033s][info][gc,heap     ] GC(1071) Survivor regions: 7->19(19)
[475.033s][info][gc,heap     ] GC(1071) Old regions: 65->56
[475.033s][info][gc,heap     ] GC(1071) Humongous regions: 3->3
[475.033s][info][gc,metaspace] GC(1071) Metaspace: 43084K(43456K)->43084K(43456K) NonClass: 40264K(40512K)->40264K(40512K) Class: 2820K(2944K)->2820K(2944K)
[475.033s][info][gc          ] GC(1071) Pause Young (Mixed) (G1 Evacuation Pause) 217M->78M(256M) 26.596ms
[475.033s][info][gc,cpu      ] GC(1071) User=0.05s Sys=0.00s Real=0.03s
[475.617s][info][gc,start    ] GC(1072) Pause Young (Concurrent Start) (G1 Evacuation Pause)
[475.617s][info][gc,task     ] GC(1072) Using 2 workers of 2 for evacuation
[475.647s][info][gc,phases   ] GC(1072)   Pre Evacuate Collection Set: 0.17ms
[475.647s][info][gc,phases   ] GC(1072)   Merge Heap Roots: 0.19ms
[475.647s][info][gc,phases   ] GC(1072)   Evacuate Collection Set: 28.94ms
[475.647s][info][gc,phases   ] GC(1072)   Post Evacuate Collection Set: 0.42ms
[475.647s][info][gc,phases   ] GC(1072)   Other: 0.12ms
[475.647s][info][gc,heap     ] GC(1072) Eden regions: 132->0(125)
[475.647s][info][gc,heap     ] GC(1072) Survivor regions: 19->16(19)
[475.647s][info][gc,heap     ] GC(1072) Old regions: 56->68
[475.647s][info][gc,heap     ] GC(1072) Humongous regions: 3->3
[475.647s][info][gc,metaspace] GC(1072) Metaspace: 43084K(43456K)->43084K(43456K) NonClass: 40264K(40512K)->40264K(40512K) Class: 2820K(2944K)->2820K(2944K)
[475.647s][info][gc          ] GC(1072) Pause Young (Concurrent Start) (G1 Evacuation Pause) 210M->86M(256M) 30.030ms
[475.647s][info][gc,cpu      ] GC(1072) User=0.06s Sys=0.00s Real=0.03s
[475.648s][info][gc          ] GC(1073) Concurrent Mark Cycle
[475.648s][info][gc,marking  ] GC(1073) Concurrent Scan Root Regions
[475.668s][info][gc,marking  ] GC(1073) Concurrent Scan Root Regions 20.500ms
[475.668s][info][gc,marking  ] GC(1073) Concurrent Mark
[475.668s][info][gc,marking  ] GC(1073) Concurrent Mark From Roots
[475.668s][info][gc,task     ] GC(1073) Using 1 workers of 1 for marking
[475.740s][info][gc,marking  ] GC(1073) Concurrent Mark From Roots 71.456ms
[475.740s][info][gc,marking  ] GC(1073) Concurrent Preclean
[475.740s][info][gc,marking  ] GC(1073) Concurrent Preclean 0.036ms
[475.740s][info][gc,start    ] GC(1073) Pause Remark
[475.755s][info][gc          ] GC(1073) Pause Remark 108M->107M(256M) 15.098ms
[475.755s][info][gc,cpu      ] GC(1073) User=0.03s Sys=0.01s Real=0.02s
[475.755s][info][gc,marking  ] GC(1073) Concurrent Mark 86.884ms
[475.755s][info][gc,marking  ] GC(1073) Concurrent Rebuild Remembered Sets and Scrub Regions
[475.793s][info][gc,marking  ] GC(1073) Concurrent Rebuild Remembered Sets and Scrub Regions 38.092ms
[475.793s][info][gc,start    ] GC(1073) Pause Cleanup
[475.793s][info][gc          ] GC(1073) Pause Cleanup 116M->116M(256M) 0.049ms
[475.793s][info][gc,cpu      ] GC(1073) User=0.00s Sys=0.00s Real=0.00s
[475.793s][info][gc,marking  ] GC(1073) Concurrent Clear Claimed Marks
[475.793s][info][gc,marking  ] GC(1073) Concurrent Clear Claimed Marks 0.036ms
[475.793s][info][gc,marking  ] GC(1073) Concurrent Cleanup for Next Mark
[475.794s][info][gc,marking  ] GC(1073) Concurrent Cleanup for Next Mark 0.765ms
[475.794s][info][gc          ] GC(1073) Concurrent Mark Cycle 146.655ms
[476.082s][info][gc,start    ] GC(1074) Pause Young (Prepare Mixed) (G1 Evacuation Pause)
[476.083s][info][gc,task     ] GC(1074) Using 2 workers of 2 for evacuation
[476.137s][info][gc,phases   ] GC(1074)   Pre Evacuate Collection Set: 1.41ms
[476.137s][info][gc,phases   ] GC(1074)   Merge Heap Roots: 0.28ms
[476.137s][info][gc,phases   ] GC(1074)   Evacuate Collection Set: 52.35ms
[476.137s][info][gc,phases   ] GC(1074)   Post Evacuate Collection Set: 0.44ms
[476.137s][info][gc,phases   ] GC(1074)   Other: 0.10ms
[476.137s][info][gc,heap     ] GC(1074) Eden regions: 125->0(110)
[476.137s][info][gc,heap     ] GC(1074) Survivor regions: 16->18(18)
[476.137s][info][gc,heap     ] GC(1074) Old regions: 67->83
[476.137s][info][gc,heap     ] GC(1074) Humongous regions: 7->3
[476.137s][info][gc,metaspace] GC(1074) Metaspace: 43084K(43456K)->43084K(43456K) NonClass: 40264K(40512K)->40264K(40512K) Class: 2820K(2944K)->2820K(2944K)
[476.137s][info][gc          ] GC(1074) Pause Young (Prepare Mixed) (G1 Evacuation Pause) 214M->103M(256M) 54.759ms
[476.137s][info][gc,cpu      ] GC(1074) User=0.07s Sys=0.00s Real=0.05s
[476.526s][info][gc,start    ] GC(1075) Pause Young (Mixed) (G1 Evacuation Pause)
[476.526s][info][gc,task     ] GC(1075) Using 2 workers of 2 for evacuation
[476.548s][info][gc,phases   ] GC(1075)   Pre Evacuate Collection Set: 0.17ms
[476.548s][info][gc,phases   ] GC(1075)   Merge Heap Roots: 0.11ms
[476.548s][info][gc,phases   ] GC(1075)   Evacuate Collection Set: 20.18ms
[476.548s][info][gc,phases   ] GC(1075)   Post Evacuate Collection Set: 0.99ms
[476.548s][info][gc,phases   ] GC(1075)   Other: 0.09ms
[476.548s][info][gc,heap     ] GC(1075) Eden regions: 110->0(161)
[476.548s][info][gc,heap     ] GC(1075) Survivor regions: 18->8(16)
[476.548s][info][gc,heap     ] GC(1075) Old regions: 83->91
[476.548s][info][gc,heap     ] GC(1075) Humongous regions: 9->3
[476.548s][info][gc,metaspace] GC(1075) Metaspace: 43084K(43456K)->43084K(43456K) NonClass: 40264K(40512K)->40264K(40512K) Class: 2820K(2944K)->2820K(2944K)
[476.548s][info][gc          ] GC(1075) Pause Young (Mixed) (G1 Evacuation Pause) 219M->101M(338M) 21.723ms
[476.548s][info][gc,cpu      ] GC(1075) User=0.04s Sys=0.00s Real=0.02s
[476.595s][info][gc,start    ] GC(1076) Pause Young (Concurrent Start) (G1 Humongous Allocation)
[476.595s][info][gc,task     ] GC(1076) Using 2 workers of 2 for evacuation
[476.604s][info][gc,phases   ] GC(1076)   Pre Evacuate Collection Set: 0.18ms
[476.604s][info][gc,phases   ] GC(1076)   Merge Heap Roots: 0.06ms
[476.604s][info][gc,phases   ] GC(1076)   Evacuate Collection Set: 8.81ms
[476.604s][info][gc,phases   ] GC(1076)   Post Evacuate Collection Set: 0.31ms
[476.604s][info][gc,phases   ] GC(1076)   Other: 0.08ms
[476.604s][info][gc,heap     ] GC(1076) Eden regions: 16->0(172)
[476.604s][info][gc,heap     ] GC(1076) Survivor regions: 8->7(22)
[476.604s][info][gc,heap     ] GC(1076) Old regions: 91->91
[476.604s][info][gc,heap     ] GC(1076) Humongous regions: 3->1
[476.604s][info][gc,metaspace] GC(1076) Metaspace: 43084K(43456K)->43084K(43456K) NonClass: 40264K(40512K)->40264K(40512K) Class: 2820K(2944K)->2820K(2944K)
[476.604s][info][gc          ] GC(1076) Pause Young (Concurrent Start) (G1 Humongous Allocation) 117M->98M(338M) 9.628ms
[476.604s][info][gc,cpu      ] GC(1076) User=0.01s Sys=0.00s Real=0.01s
[476.604s][info][gc          ] GC(1077) Concurrent Mark Cycle
[476.604s][info][gc,marking  ] GC(1077) Concurrent Scan Root Regions
[476.613s][info][gc,marking  ] GC(1077) Concurrent Scan Root Regions 8.202ms
[476.613s][info][gc,marking  ] GC(1077) Concurrent Mark
[476.613s][info][gc,marking  ] GC(1077) Concurrent Mark From Roots
[476.613s][info][gc,task     ] GC(1077) Using 1 workers of 1 for marking
[476.674s][info][gc,marking  ] GC(1077) Concurrent Mark From Roots 61.048ms
[476.674s][info][gc,marking  ] GC(1077) Concurrent Preclean
[476.674s][info][gc,marking  ] GC(1077) Concurrent Preclean 0.036ms
[476.674s][info][gc,start    ] GC(1077) Pause Remark
[476.689s][info][gc          ] GC(1077) Pause Remark 115M->97M(277M) 15.373ms
[476.689s][info][gc,cpu      ] GC(1077) User=0.03s Sys=0.00s Real=0.01s
[476.692s][info][gc,marking  ] GC(1077) Concurrent Mark 79.118ms
[476.692s][info][gc,marking  ] GC(1077) Concurrent Rebuild Remembered Sets and Scrub Regions
[476.715s][info][gc,marking  ] GC(1077) Concurrent Rebuild Remembered Sets and Scrub Regions 22.738ms
[476.715s][info][gc,start    ] GC(1077) Pause Cleanup
[476.715s][info][gc          ] GC(1077) Pause Cleanup 101M->101M(277M) 0.054ms
[476.715s][info][gc,cpu      ] GC(1077) User=0.00s Sys=0.00s Real=0.00s
[476.716s][info][gc,marking  ] GC(1077) Concurrent Clear Claimed Marks
[476.716s][info][gc,marking  ] GC(1077) Concurrent Clear Claimed Marks 0.053ms
[476.716s][info][gc,marking  ] GC(1077) Concurrent Cleanup for Next Mark
[476.717s][info][gc,marking  ] GC(1077) Concurrent Cleanup for Next Mark 1.142ms
[476.717s][info][gc          ] GC(1077) Concurrent Mark Cycle 112.625ms
[477.236s][info][gc,start    ] GC(1078) Pause Young (Prepare Mixed) (G1 Evacuation Pause)
[477.236s][info][gc,task     ] GC(1078) Using 2 workers of 2 for evacuation
[477.253s][info][gc,phases   ] GC(1078)   Pre Evacuate Collection Set: 0.17ms
[477.253s][info][gc,phases   ] GC(1078)   Merge Heap Roots: 0.09ms
[477.253s][info][gc,phases   ] GC(1078)   Evacuate Collection Set: 16.20ms
[477.253s][info][gc,phases   ] GC(1078)   Post Evacuate Collection Set: 0.42ms
[477.253s][info][gc,phases   ] GC(1078)   Other: 0.07ms
[477.253s][info][gc,heap     ] GC(1078) Eden regions: 159->0(137)
[477.253s][info][gc,heap     ] GC(1078) Survivor regions: 7->19(21)
[477.253s][info][gc,heap     ] GC(1078) Old regions: 73->73
[477.253s][info][gc,heap     ] GC(1078) Humongous regions: 7->3
[477.253s][info][gc,metaspace] GC(1078) Metaspace: 43084K(43456K)->43084K(43456K) NonClass: 40264K(40512K)->40264K(40512K) Class: 2820K(2944K)->2820K(2944K)
[477.253s][info][gc          ] GC(1078) Pause Young (Prepare Mixed) (G1 Evacuation Pause) 245M->94M(277M) 17.145ms
[477.253s][info][gc,cpu      ] GC(1078) User=0.04s Sys=0.00s Real=0.02s
[477.773s][info][gc,start    ] GC(1079) Pause Young (Mixed) (G1 Evacuation Pause)
[477.773s][info][gc,task     ] GC(1079) Using 2 workers of 2 for evacuation
[477.793s][info][gc,phases   ] GC(1079)   Pre Evacuate Collection Set: 0.26ms
[477.793s][info][gc,phases   ] GC(1079)   Merge Heap Roots: 0.18ms
[477.793s][info][gc,phases   ] GC(1079)   Evacuate Collection Set: 18.19ms
[477.793s][info][gc,phases   ] GC(1079)   Post Evacuate Collection Set: 0.43ms
[477.793s][info][gc,phases   ] GC(1079)   Other: 0.11ms
[477.793s][info][gc,heap     ] GC(1079) Eden regions: 137->0(158)
[477.793s][info][gc,heap     ] GC(1079) Survivor regions: 19->5(20)
[477.793s][info][gc,heap     ] GC(1079) Old regions: 73->63
[477.793s][info][gc,heap     ] GC(1079) Humongous regions: 7->3
[477.793s][info][gc,metaspace] GC(1079) Metaspace: 43084K(43456K)->43084K(43456K) NonClass: 40264K(40512K)->40264K(40512K) Class: 2820K(2944K)->2820K(2944K)
[477.793s][info][gc          ] GC(1079) Pause Young (Mixed) (G1 Evacuation Pause) 235M->69M(277M) 19.397ms
[477.793s][info][gc,cpu      ] GC(1079) User=0.02s Sys=0.00s Real=0.02s
[477.822s][info][gc,start    ] GC(1080) Pause Young (Concurrent Start) (G1 Humongous Allocation)
[477.822s][info][gc,task     ] GC(1080) Using 2 workers of 2 for evacuation
[477.824s][info][gc,phases   ] GC(1080)   Pre Evacuate Collection Set: 0.15ms
[477.824s][info][gc,phases   ] GC(1080)   Merge Heap Roots: 0.04ms
[477.824s][info][gc,phases   ] GC(1080)   Evacuate Collection Set: 1.38ms
[477.824s][info][gc,phases   ] GC(1080)   Post Evacuate Collection Set: 0.27ms
[477.824s][info][gc,phases   ] GC(1080)   Other: 0.06ms
[477.824s][info][gc,heap     ] GC(1080) Eden regions: 8->0(164)
[477.824s][info][gc,heap     ] GC(1080) Survivor regions: 5->2(21)
[477.824s][info][gc,heap     ] GC(1080) Old regions: 63->63
[477.824s][info][gc,heap     ] GC(1080) Humongous regions: 3->1
[477.824s][info][gc,metaspace] GC(1080) Metaspace: 43084K(43456K)->43084K(43456K) NonClass: 40264K(40512K)->40264K(40512K) Class: 2820K(2944K)->2820K(2944K)
[477.824s][info][gc          ] GC(1080) Pause Young (Concurrent Start) (G1 Humongous Allocation) 77M->64M(277M) 2.057ms
[477.824s][info][gc,cpu      ] GC(1080) User=0.01s Sys=0.00s Real=0.00s
[477.824s][info][gc          ] GC(1081) Concurrent Mark Cycle
[477.824s][info][gc,marking  ] GC(1081) Concurrent Scan Root Regions
[477.826s][info][gc,marking  ] GC(1081) Concurrent Scan Root Regions 2.102ms
[477.826s][info][gc,marking  ] GC(1081) Concurrent Mark
[477.826s][info][gc,marking  ] GC(1081) Concurrent Mark From Roots
[477.826s][info][gc,task     ] GC(1081) Using 1 workers of 1 for marking
[477.886s][info][gc,marking  ] GC(1081) Concurrent Mark From Roots 60.277ms
[477.887s][info][gc,marking  ] GC(1081) Concurrent Preclean
[477.887s][info][gc,marking  ] GC(1081) Concurrent Preclean 0.033ms
[477.887s][info][gc,start    ] GC(1081) Pause Remark
[477.902s][info][gc          ] GC(1081) Pause Remark 81M->79M(256M) 14.863ms
[477.902s][info][gc,cpu      ] GC(1081) User=0.03s Sys=0.00s Real=0.01s
[477.902s][info][gc,marking  ] GC(1081) Concurrent Mark 75.459ms
[477.902s][info][gc,marking  ] GC(1081) Concurrent Rebuild Remembered Sets and Scrub Regions
[477.923s][info][gc,marking  ] GC(1081) Concurrent Rebuild Remembered Sets and Scrub Regions 20.837ms
[477.923s][info][gc,start    ] GC(1081) Pause Cleanup
[477.923s][info][gc          ] GC(1081) Pause Cleanup 82M->82M(256M) 0.043ms
[477.923s][info][gc,cpu      ] GC(1081) User=0.00s Sys=0.00s Real=0.00s
[477.923s][info][gc,marking  ] GC(1081) Concurrent Clear Claimed Marks
[477.923s][info][gc,marking  ] GC(1081) Concurrent Clear Claimed Marks 0.044ms
[477.923s][info][gc,marking  ] GC(1081) Concurrent Cleanup for Next Mark
[477.924s][info][gc,marking  ] GC(1081) Concurrent Cleanup for Next Mark 0.725ms
[477.924s][info][gc          ] GC(1081) Concurrent Mark Cycle 99.527ms
[478.354s][info][gc,start    ] GC(1082) Pause Young (Prepare Mixed) (G1 Evacuation Pause)
[478.354s][info][gc,task     ] GC(1082) Using 2 workers of 2 for evacuation
[478.364s][info][gc,phases   ] GC(1082)   Pre Evacuate Collection Set: 0.16ms
[478.364s][info][gc,phases   ] GC(1082)   Merge Heap Roots: 0.07ms
[478.364s][info][gc,phases   ] GC(1082)   Evacuate Collection Set: 9.65ms
[478.364s][info][gc,phases   ] GC(1082)   Post Evacuate Collection Set: 0.42ms
[478.364s][info][gc,phases   ] GC(1082)   Other: 0.10ms
[478.364s][info][gc,heap     ] GC(1082) Eden regions: 151->0(142)
[478.364s][info][gc,heap     ] GC(1082) Survivor regions: 2->11(20)
[478.364s][info][gc,heap     ] GC(1082) Old regions: 60->60
[478.364s][info][gc,heap     ] GC(1082) Humongous regions: 7->3
[478.364s][info][gc,metaspace] GC(1082) Metaspace: 43084K(43456K)->43084K(43456K) NonClass: 40264K(40512K)->40264K(40512K) Class: 2820K(2944K)->2820K(2944K)
[478.364s][info][gc          ] GC(1082) Pause Young (Prepare Mixed) (G1 Evacuation Pause) 219M->73M(256M) 10.578ms
[478.364s][info][gc,cpu      ] GC(1082) User=0.02s Sys=0.00s Real=0.01s
[478.912s][info][gc,start    ] GC(1083) Pause Young (Mixed) (G1 Evacuation Pause)
[478.912s][info][gc,task     ] GC(1083) Using 2 workers of 2 for evacuation
[478.927s][info][gc,phases   ] GC(1083)   Pre Evacuate Collection Set: 0.23ms
[478.927s][info][gc,phases   ] GC(1083)   Merge Heap Roots: 0.10ms
[478.927s][info][gc,phases   ] GC(1083)   Evacuate Collection Set: 13.71ms
[478.927s][info][gc,phases   ] GC(1083)   Post Evacuate Collection Set: 0.43ms
[478.927s][info][gc,phases   ] GC(1083)   Other: 0.07ms
[478.927s][info][gc,heap     ] GC(1083) Eden regions: 142->0(140)
[478.927s][info][gc,heap     ] GC(1083) Survivor regions: 11->13(20)
[478.927s][info][gc,heap     ] GC(1083) Old regions: 60->53
[478.927s][info][gc,heap     ] GC(1083) Humongous regions: 5->3
[478.927s][info][gc,metaspace] GC(1083) Metaspace: 43084K(43456K)->43084K(43456K) NonClass: 40264K(40512K)->40264K(40512K) Class: 2820K(2944K)->2820K(2944K)
[478.927s][info][gc          ] GC(1083) Pause Young (Mixed) (G1 Evacuation Pause) 217M->67M(256M) 14.702ms
[478.927s][info][gc,cpu      ] GC(1083) User=0.02s Sys=0.00s Real=0.01s
[478.956s][info][gc,start    ] GC(1084) Pause Young (Concurrent Start) (G1 Humongous Allocation)
[478.956s][info][gc,task     ] GC(1084) Using 2 workers of 2 for evacuation
[478.959s][info][gc,phases   ] GC(1084)   Pre Evacuate Collection Set: 0.17ms
[478.959s][info][gc,phases   ] GC(1084)   Merge Heap Roots: 0.03ms
[478.959s][info][gc,phases   ] GC(1084)   Evacuate Collection Set: 1.72ms
[478.959s][info][gc,phases   ] GC(1084)   Post Evacuate Collection Set: 0.27ms
[478.959s][info][gc,phases   ] GC(1084)   Other: 0.07ms
[478.959s][info][gc,heap     ] GC(1084) Eden regions: 9->0(152)
[478.959s][info][gc,heap     ] GC(1084) Survivor regions: 13->1(20)
[478.959s][info][gc,heap     ] GC(1084) Old regions: 53->54
[478.959s][info][gc,heap     ] GC(1084) Humongous regions: 3->1
[478.959s][info][gc,metaspace] GC(1084) Metaspace: 43084K(43456K)->43084K(43456K) NonClass: 40264K(40512K)->40264K(40512K) Class: 2820K(2944K)->2820K(2944K)
[478.959s][info][gc          ] GC(1084) Pause Young (Concurrent Start) (G1 Humongous Allocation) 76M->55M(256M) 2.414ms
[478.959s][info][gc,cpu      ] GC(1084) User=0.01s Sys=0.00s Real=0.00s
[478.959s][info][gc          ] GC(1085) Concurrent Mark Cycle
[478.959s][info][gc,marking  ] GC(1085) Concurrent Scan Root Regions
[478.964s][info][gc,marking  ] GC(1085) Concurrent Scan Root Regions 5.180ms
[478.964s][info][gc,marking  ] GC(1085) Concurrent Mark
[478.964s][info][gc,marking  ] GC(1085) Concurrent Mark From Roots
[478.964s][info][gc,task     ] GC(1085) Using 1 workers of 1 for marking
[479.024s][info][gc,marking  ] GC(1085) Concurrent Mark From Roots 59.679ms
[479.024s][info][gc,marking  ] GC(1085) Concurrent Preclean
[479.024s][info][gc,marking  ] GC(1085) Concurrent Preclean 0.032ms
[479.024s][info][gc,start    ] GC(1085) Pause Remark
[479.039s][info][gc          ] GC(1085) Pause Remark 74M->74M(256M) 14.898ms
[479.039s][info][gc,cpu      ] GC(1085) User=0.03s Sys=0.00s Real=0.01s
[479.039s][info][gc,marking  ] GC(1085) Concurrent Mark 74.876ms
[479.039s][info][gc,marking  ] GC(1085) Concurrent Rebuild Remembered Sets and Scrub Regions
[479.062s][info][gc,marking  ] GC(1085) Concurrent Rebuild Remembered Sets and Scrub Regions 23.455ms
[479.063s][info][gc,start    ] GC(1085) Pause Cleanup
[479.063s][info][gc          ] GC(1085) Pause Cleanup 78M->78M(256M) 0.044ms
[479.063s][info][gc,cpu      ] GC(1085) User=0.00s Sys=0.00s Real=0.00s
[479.063s][info][gc,marking  ] GC(1085) Concurrent Clear Claimed Marks
[479.063s][info][gc,marking  ] GC(1085) Concurrent Clear Claimed Marks 0.033ms
[479.063s][info][gc,marking  ] GC(1085) Concurrent Cleanup for Next Mark
[479.063s][info][gc,marking  ] GC(1085) Concurrent Cleanup for Next Mark 0.744ms
[479.063s][info][gc          ] GC(1085) Concurrent Mark Cycle 104.597ms
[479.456s][info][gc,start    ] GC(1086) Pause Young (Prepare Mixed) (G1 Evacuation Pause)
[479.456s][info][gc,task     ] GC(1086) Using 2 workers of 2 for evacuation
[479.476s][info][gc,phases   ] GC(1086)   Pre Evacuate Collection Set: 0.22ms
[479.476s][info][gc,phases   ] GC(1086)   Merge Heap Roots: 0.11ms
[479.476s][info][gc,phases   ] GC(1086)   Evacuate Collection Set: 19.57ms
[479.476s][info][gc,phases   ] GC(1086)   Post Evacuate Collection Set: 0.45ms
[479.476s][info][gc,phases   ] GC(1086)   Other: 0.07ms
[479.476s][info][gc,heap     ] GC(1086) Eden regions: 152->0(128)
[479.476s][info][gc,heap     ] GC(1086) Survivor regions: 1->20(20)
[479.476s][info][gc,heap     ] GC(1086) Old regions: 54->60
[479.476s][info][gc,heap     ] GC(1086) Humongous regions: 7->3
[479.476s][info][gc,metaspace] GC(1086) Metaspace: 43084K(43456K)->43084K(43456K) NonClass: 40264K(40512K)->40264K(40512K) Class: 2820K(2944K)->2820K(2944K)
[479.476s][info][gc          ] GC(1086) Pause Young (Prepare Mixed) (G1 Evacuation Pause) 213M->82M(256M) 20.608ms
[479.476s][info][gc,cpu      ] GC(1086) User=0.04s Sys=0.00s Real=0.02s
[479.899s][info][gc,start    ] GC(1087) Pause Young (Mixed) (G1 Evacuation Pause)
[479.899s][info][gc,task     ] GC(1087) Using 2 workers of 2 for evacuation
[479.944s][info][gc,phases   ] GC(1087)   Pre Evacuate Collection Set: 0.17ms
[479.944s][info][gc,phases   ] GC(1087)   Merge Heap Roots: 0.15ms
[479.944s][info][gc,phases   ] GC(1087)   Evacuate Collection Set: 43.51ms
[479.944s][info][gc,phases   ] GC(1087)   Post Evacuate Collection Set: 0.47ms
[479.944s][info][gc,phases   ] GC(1087)   Other: 0.07ms
[479.944s][info][gc,heap     ] GC(1087) Eden regions: 128->0(102)
[479.944s][info][gc,heap     ] GC(1087) Survivor regions: 20->19(19)
[479.944s][info][gc,heap     ] GC(1087) Old regions: 60->80
[479.944s][info][gc,heap     ] GC(1087) Humongous regions: 3->3
[479.944s][info][gc,metaspace] GC(1087) Metaspace: 43084K(43456K)->43084K(43456K) NonClass: 40264K(40512K)->40264K(40512K) Class: 2820K(2944K)->2820K(2944K)
[479.944s][info][gc          ] GC(1087) Pause Young (Mixed) (G1 Evacuation Pause) 210M->102M(256M) 44.544ms
[479.944s][info][gc,cpu      ] GC(1087) User=0.09s Sys=0.00s Real=0.05s
[480.440s][info][gc,start    ] GC(1088) Pause Young (Concurrent Start) (G1 Evacuation Pause)
[480.440s][info][gc,task     ] GC(1088) Using 2 workers of 2 for evacuation
[480.525s][info][gc,phases   ] GC(1088)   Pre Evacuate Collection Set: 0.18ms
[480.525s][info][gc,phases   ] GC(1088)   Merge Heap Roots: 0.32ms
[480.525s][info][gc,phases   ] GC(1088)   Evacuate Collection Set: 83.63ms
[480.525s][info][gc,phases   ] GC(1088)   Post Evacuate Collection Set: 0.45ms
[480.525s][info][gc,phases   ] GC(1088)   Other: 0.17ms
[480.525s][info][gc,heap     ] GC(1088) Eden regions: 102->0(80)
[480.525s][info][gc,heap     ] GC(1088) Survivor regions: 19->16(16)
[480.525s][info][gc,heap     ] GC(1088) Old regions: 80->111
[480.525s][info][gc,heap     ] GC(1088) Humongous regions: 3->3
[480.525s][info][gc,metaspace] GC(1088) Metaspace: 43084K(43456K)->43084K(43456K) NonClass: 40264K(40512K)->40264K(40512K) Class: 2820K(2944K)->2820K(2944K)
[480.525s][info][gc          ] GC(1088) Pause Young (Concurrent Start) (G1 Evacuation Pause) 204M->130M(256M) 85.007ms
[480.525s][info][gc,cpu      ] GC(1088) User=0.12s Sys=0.00s Real=0.09s
[480.525s][info][gc          ] GC(1089) Concurrent Mark Cycle
[480.525s][info][gc,marking  ] GC(1089) Concurrent Scan Root Regions
[480.568s][info][gc,marking  ] GC(1089) Concurrent Scan Root Regions 42.866ms
[480.568s][info][gc,marking  ] GC(1089) Concurrent Mark
[480.568s][info][gc,marking  ] GC(1089) Concurrent Mark From Roots
[480.568s][info][gc,task     ] GC(1089) Using 1 workers of 1 for marking
[480.661s][info][gc,marking  ] GC(1089) Concurrent Mark From Roots 92.819ms
[480.661s][info][gc,marking  ] GC(1089) Concurrent Preclean
[480.661s][info][gc,marking  ] GC(1089) Concurrent Preclean 0.037ms
[480.661s][info][gc,start    ] GC(1089) Pause Remark
[480.676s][info][gc          ] GC(1089) Pause Remark 148M->148M(256M) 14.880ms
[480.676s][info][gc,cpu      ] GC(1089) User=0.03s Sys=0.00s Real=0.02s
[480.676s][info][gc,marking  ] GC(1089) Concurrent Mark 108.048ms
[480.676s][info][gc,marking  ] GC(1089) Concurrent Rebuild Remembered Sets and Scrub Regions
[480.746s][info][gc,marking  ] GC(1089) Concurrent Rebuild Remembered Sets and Scrub Regions 70.511ms
[480.747s][info][gc,start    ] GC(1089) Pause Cleanup
[480.747s][info][gc          ] GC(1089) Pause Cleanup 157M->157M(256M) 0.065ms
[480.747s][info][gc,cpu      ] GC(1089) User=0.00s Sys=0.00s Real=0.00s
[480.747s][info][gc,marking  ] GC(1089) Concurrent Clear Claimed Marks
[480.747s][info][gc,marking  ] GC(1089) Concurrent Clear Claimed Marks 0.043ms
[480.747s][info][gc,marking  ] GC(1089) Concurrent Cleanup for Next Mark
[480.748s][info][gc,marking  ] GC(1089) Concurrent Cleanup for Next Mark 0.779ms
[480.748s][info][gc          ] GC(1089) Concurrent Mark Cycle 223.161ms
[480.998s][info][gc,start    ] GC(1090) Pause Young (Prepare Mixed) (G1 Evacuation Pause)
[480.998s][info][gc,task     ] GC(1090) Using 2 workers of 2 for evacuation
[481.043s][info][gc,phases   ] GC(1090)   Pre Evacuate Collection Set: 0.16ms
[481.044s][info][gc,phases   ] GC(1090)   Merge Heap Roots: 0.35ms
[481.044s][info][gc,phases   ] GC(1090)   Evacuate Collection Set: 44.08ms
[481.044s][info][gc,phases   ] GC(1090)   Post Evacuate Collection Set: 0.49ms
[481.044s][info][gc,phases   ] GC(1090)   Other: 0.10ms
[481.044s][info][gc,heap     ] GC(1090) Eden regions: 80->0(64)
[481.044s][info][gc,heap     ] GC(1090) Survivor regions: 16->12(12)
[481.044s][info][gc,heap     ] GC(1090) Old regions: 111->137
[481.044s][info][gc,heap     ] GC(1090) Humongous regions: 3->3
[481.044s][info][gc,metaspace] GC(1090) Metaspace: 43084K(43456K)->43084K(43456K) NonClass: 40264K(40512K)->40264K(40512K) Class: 2820K(2944K)->2820K(2944K)
[481.044s][info][gc          ] GC(1090) Pause Young (Prepare Mixed) (G1 Evacuation Pause) 210M->151M(256M) 45.406ms
[481.044s][info][gc,cpu      ] GC(1090) User=0.09s Sys=0.00s Real=0.05s
[481.353s][info][gc,start    ] GC(1091) Pause Young (Mixed) (G1 Evacuation Pause)
[481.354s][info][gc,task     ] GC(1091) Using 2 workers of 2 for evacuation
[481.414s][info][gc,phases   ] GC(1091)   Pre Evacuate Collection Set: 0.18ms
[481.414s][info][gc,phases   ] GC(1091)   Merge Heap Roots: 0.70ms
[481.414s][info][gc,phases   ] GC(1091)   Evacuate Collection Set: 59.15ms
[481.414s][info][gc,phases   ] GC(1091)   Post Evacuate Collection Set: 0.39ms
[481.414s][info][gc,phases   ] GC(1091)   Other: 0.09ms
[481.414s][info][gc,heap     ] GC(1091) Eden regions: 64->0(55)
[481.414s][info][gc,heap     ] GC(1091) Survivor regions: 12->10(10)
[481.414s][info][gc,heap     ] GC(1091) Old regions: 137->152
[481.414s][info][gc,heap     ] GC(1091) Humongous regions: 3->3
[481.414s][info][gc,metaspace] GC(1091) Metaspace: 43084K(43456K)->43084K(43456K) NonClass: 40264K(40512K)->40264K(40512K) Class: 2820K(2944K)->2820K(2944K)
[481.414s][info][gc          ] GC(1091) Pause Young (Mixed) (G1 Evacuation Pause) 215M->165M(256M) 60.698ms
[481.414s][info][gc,cpu      ] GC(1091) User=0.12s Sys=0.00s Real=0.06s
[481.483s][info][gc,start    ] GC(1092) Pause Young (Concurrent Start) (G1 Humongous Allocation)
[481.483s][info][gc,task     ] GC(1092) Using 2 workers of 2 for evacuation
[481.502s][info][gc,phases   ] GC(1092)   Pre Evacuate Collection Set: 0.18ms
[481.502s][info][gc,phases   ] GC(1092)   Merge Heap Roots: 0.20ms
[481.502s][info][gc,phases   ] GC(1092)   Evacuate Collection Set: 17.33ms
[481.502s][info][gc,phases   ] GC(1092)   Post Evacuate Collection Set: 1.25ms
[481.502s][info][gc,phases   ] GC(1092)   Other: 0.13ms
[481.502s][info][gc,heap     ] GC(1092) Eden regions: 15->0(144)
[481.502s][info][gc,heap     ] GC(1092) Survivor regions: 10->4(9)
[481.502s][info][gc,heap     ] GC(1092) Old regions: 152->163
[481.502s][info][gc,heap     ] GC(1092) Humongous regions: 3->1
[481.502s][info][gc,metaspace] GC(1092) Metaspace: 43084K(43456K)->43084K(43456K) NonClass: 40264K(40512K)->40264K(40512K) Class: 2820K(2944K)->2820K(2944K)
[481.502s][info][gc          ] GC(1092) Pause Young (Concurrent Start) (G1 Humongous Allocation) 180M->167M(397M) 19.258ms
[481.502s][info][gc,cpu      ] GC(1092) User=0.03s Sys=0.00s Real=0.02s
[481.503s][info][gc          ] GC(1093) Concurrent Mark Cycle
[481.503s][info][gc,marking  ] GC(1093) Concurrent Scan Root Regions
[481.530s][info][gc,marking  ] GC(1093) Concurrent Scan Root Regions 27.006ms
[481.530s][info][gc,marking  ] GC(1093) Concurrent Mark
[481.530s][info][gc,marking  ] GC(1093) Concurrent Mark From Roots
[481.530s][info][gc,task     ] GC(1093) Using 1 workers of 1 for marking
[481.654s][info][gc,marking  ] GC(1093) Concurrent Mark From Roots 123.970ms
[481.654s][info][gc,marking  ] GC(1093) Concurrent Preclean
[481.654s][info][gc,marking  ] GC(1093) Concurrent Preclean 0.035ms
[481.654s][info][gc,start    ] GC(1093) Pause Remark
[481.669s][info][gc          ] GC(1093) Pause Remark 204M->204M(397M) 14.824ms
[481.669s][info][gc,cpu      ] GC(1093) User=0.03s Sys=0.00s Real=0.01s
[481.669s][info][gc,marking  ] GC(1093) Concurrent Mark 139.129ms
[481.669s][info][gc,marking  ] GC(1093) Concurrent Rebuild Remembered Sets and Scrub Regions
[481.748s][info][gc,marking  ] GC(1093) Concurrent Rebuild Remembered Sets and Scrub Regions 79.086ms
[481.748s][info][gc,start    ] GC(1093) Pause Cleanup
[481.748s][info][gc          ] GC(1093) Pause Cleanup 218M->218M(397M) 0.079ms
[481.748s][info][gc,cpu      ] GC(1093) User=0.00s Sys=0.00s Real=0.00s
[481.748s][info][gc,marking  ] GC(1093) Concurrent Clear Claimed Marks
[481.748s][info][gc,marking  ] GC(1093) Concurrent Clear Claimed Marks 0.037ms
[481.748s][info][gc,marking  ] GC(1093) Concurrent Cleanup for Next Mark
[481.751s][info][gc,marking  ] GC(1093) Concurrent Cleanup for Next Mark 2.596ms
[481.751s][info][gc          ] GC(1093) Concurrent Mark Cycle 248.291ms
[482.176s][info][gc,start    ] GC(1094) Pause Young (Prepare Mixed) (G1 Evacuation Pause)
[482.176s][info][gc,task     ] GC(1094) Using 2 workers of 2 for evacuation
[482.188s][info][gc,phases   ] GC(1094)   Pre Evacuate Collection Set: 0.20ms
[482.188s][info][gc,phases   ] GC(1094)   Merge Heap Roots: 0.12ms
[482.188s][info][gc,phases   ] GC(1094)   Evacuate Collection Set: 11.26ms
[482.188s][info][gc,phases   ] GC(1094)   Post Evacuate Collection Set: 0.41ms
[482.188s][info][gc,phases   ] GC(1094)   Other: 0.10ms
[482.188s][info][gc,heap     ] GC(1094) Eden regions: 144->0(150)
[482.188s][info][gc,heap     ] GC(1094) Survivor regions: 4->8(19)
[482.188s][info][gc,heap     ] GC(1094) Old regions: 163->163
[482.188s][info][gc,heap     ] GC(1094) Humongous regions: 7->3
[482.188s][info][gc,metaspace] GC(1094) Metaspace: 43084K(43456K)->43084K(43456K) NonClass: 40264K(40512K)->40264K(40512K) Class: 2820K(2944K)->2820K(2944K)
[482.188s][info][gc          ] GC(1094) Pause Young (Prepare Mixed) (G1 Evacuation Pause) 317M->173M(397M) 12.282ms
[482.188s][info][gc,cpu      ] GC(1094) User=0.02s Sys=0.01s Real=0.01s
[482.685s][info][gc,start    ] GC(1095) Pause Young (Mixed) (G1 Evacuation Pause)
[482.685s][info][gc,task     ] GC(1095) Using 2 workers of 2 for evacuation
[482.701s][info][gc,phases   ] GC(1095)   Pre Evacuate Collection Set: 0.25ms
[482.701s][info][gc,phases   ] GC(1095)   Merge Heap Roots: 0.21ms
[482.702s][info][gc,phases   ] GC(1095)   Evacuate Collection Set: 15.68ms
[482.702s][info][gc,phases   ] GC(1095)   Post Evacuate Collection Set: 0.51ms
[482.702s][info][gc,phases   ] GC(1095)   Other: 0.11ms
[482.702s][info][gc,heap     ] GC(1095) Eden regions: 150->0(183)
[482.702s][info][gc,heap     ] GC(1095) Survivor regions: 8->11(20)
[482.702s][info][gc,heap     ] GC(1095) Old regions: 163->128
[482.702s][info][gc,heap     ] GC(1095) Humongous regions: 9->1
[482.702s][info][gc,metaspace] GC(1095) Metaspace: 43084K(43456K)->43084K(43456K) NonClass: 40264K(40512K)->40264K(40512K) Class: 2820K(2944K)->2820K(2944K)
[482.702s][info][gc          ] GC(1095) Pause Young (Mixed) (G1 Evacuation Pause) 329M->138M(397M) 16.999ms
[482.702s][info][gc,cpu      ] GC(1095) User=0.03s Sys=0.00s Real=0.01s
[483.230s][info][gc,start    ] GC(1096) Pause Young (Mixed) (G1 Evacuation Pause)
[483.230s][info][gc,task     ] GC(1096) Using 2 workers of 2 for evacuation
[483.267s][info][gc,phases   ] GC(1096)   Pre Evacuate Collection Set: 0.31ms
[483.267s][info][gc,phases   ] GC(1096)   Merge Heap Roots: 1.10ms
[483.267s][info][gc,phases   ] GC(1096)   Evacuate Collection Set: 34.77ms
[483.267s][info][gc,phases   ] GC(1096)   Post Evacuate Collection Set: 0.53ms
[483.267s][info][gc,phases   ] GC(1096)   Other: 0.13ms
[483.267s][info][gc,heap     ] GC(1096) Eden regions: 183->0(206)
[483.267s][info][gc,heap     ] GC(1096) Survivor regions: 11->13(25)
[483.267s][info][gc,heap     ] GC(1096) Old regions: 128->102
[483.267s][info][gc,heap     ] GC(1096) Humongous regions: 5->3
[483.267s][info][gc,metaspace] GC(1096) Metaspace: 43084K(43456K)->43084K(43456K) NonClass: 40264K(40512K)->40264K(40512K) Class: 2820K(2944K)->2820K(2944K)
[483.267s][info][gc          ] GC(1096) Pause Young (Mixed) (G1 Evacuation Pause) 325M->118M(397M) 37.041ms
[483.267s][info][gc,cpu      ] GC(1096) User=0.07s Sys=0.00s Real=0.04s
[483.771s][info][gc,start    ] GC(1097) Pause Young (Concurrent Start) (G1 Humongous Allocation)
[483.771s][info][gc,task     ] GC(1097) Using 2 workers of 2 for evacuation
[483.800s][info][gc,phases   ] GC(1097)   Pre Evacuate Collection Set: 0.21ms
[483.801s][info][gc,phases   ] GC(1097)   Merge Heap Roots: 0.09ms
[483.801s][info][gc,phases   ] GC(1097)   Evacuate Collection Set: 28.17ms
[483.801s][info][gc,phases   ] GC(1097)   Post Evacuate Collection Set: 0.50ms
[483.801s][info][gc,phases   ] GC(1097)   Other: 0.10ms
[483.801s][info][gc,heap     ] GC(1097) Eden regions: 168->0(173)
[483.801s][info][gc,heap     ] GC(1097) Survivor regions: 13->28(28)
[483.801s][info][gc,heap     ] GC(1097) Old regions: 102->118
[483.801s][info][gc,heap     ] GC(1097) Humongous regions: 3->3
[483.801s][info][gc,metaspace] GC(1097) Metaspace: 43084K(43456K)->43084K(43456K) NonClass: 40264K(40512K)->40264K(40512K) Class: 2820K(2944K)->2820K(2944K)
[483.801s][info][gc          ] GC(1097) Pause Young (Concurrent Start) (G1 Humongous Allocation) 285M->149M(397M) 29.278ms
[483.801s][info][gc,cpu      ] GC(1097) User=0.06s Sys=0.00s Real=0.03s
[483.801s][info][gc          ] GC(1098) Concurrent Mark Cycle
[483.801s][info][gc,marking  ] GC(1098) Concurrent Scan Root Regions
[483.821s][info][gc,marking  ] GC(1098) Concurrent Scan Root Regions 20.745ms
[483.821s][info][gc,marking  ] GC(1098) Concurrent Mark
[483.821s][info][gc,marking  ] GC(1098) Concurrent Mark From Roots
[483.822s][info][gc,task     ] GC(1098) Using 1 workers of 1 for marking
[483.939s][info][gc,marking  ] GC(1098) Concurrent Mark From Roots 117.135ms
[483.939s][info][gc,marking  ] GC(1098) Concurrent Preclean
[483.939s][info][gc,marking  ] GC(1098) Concurrent Preclean 0.039ms
[483.939s][info][gc,start    ] GC(1098) Pause Remark
[483.954s][info][gc          ] GC(1098) Pause Remark 185M->185M(397M) 15.396ms
[483.954s][info][gc,cpu      ] GC(1098) User=0.03s Sys=0.00s Real=0.02s
[483.954s][info][gc,marking  ] GC(1098) Concurrent Mark 132.935ms
[483.954s][info][gc,marking  ] GC(1098) Concurrent Rebuild Remembered Sets and Scrub Regions
[484.015s][info][gc,marking  ] GC(1098) Concurrent Rebuild Remembered Sets and Scrub Regions 60.190ms
[484.015s][info][gc,start    ] GC(1098) Pause Cleanup
[484.015s][info][gc          ] GC(1098) Pause Cleanup 205M->205M(397M) 0.059ms
[484.015s][info][gc,cpu      ] GC(1098) User=0.00s Sys=0.00s Real=0.00s
[484.015s][info][gc,marking  ] GC(1098) Concurrent Clear Claimed Marks
[484.015s][info][gc,marking  ] GC(1098) Concurrent Clear Claimed Marks 0.039ms
[484.015s][info][gc,marking  ] GC(1098) Concurrent Cleanup for Next Mark
[484.016s][info][gc,marking  ] GC(1098) Concurrent Cleanup for Next Mark 1.158ms
[484.016s][info][gc          ] GC(1098) Concurrent Mark Cycle 215.500ms
[484.378s][info][gc,start    ] GC(1099) Pause Young (Prepare Mixed) (G1 Evacuation Pause)
[484.378s][info][gc,task     ] GC(1099) Using 2 workers of 2 for evacuation
[484.414s][info][gc,phases   ] GC(1099)   Pre Evacuate Collection Set: 0.21ms
[484.414s][info][gc,phases   ] GC(1099)   Merge Heap Roots: 0.24ms
[484.414s][info][gc,phases   ] GC(1099)   Evacuate Collection Set: 35.24ms
[484.414s][info][gc,phases   ] GC(1099)   Post Evacuate Collection Set: 0.47ms
[484.414s][info][gc,phases   ] GC(1099)   Other: 0.08ms
[484.414s][info][gc,heap     ] GC(1099) Eden regions: 173->0(157)
[484.414s][info][gc,heap     ] GC(1099) Survivor regions: 28->26(26)
[484.414s][info][gc,heap     ] GC(1099) Old regions: 118->141
[484.414s][info][gc,heap     ] GC(1099) Humongous regions: 5->4
[484.414s][info][gc,metaspace] GC(1099) Metaspace: 43084K(43456K)->43084K(43456K) NonClass: 40264K(40512K)->40264K(40512K) Class: 2820K(2944K)->2820K(2944K)
[484.414s][info][gc          ] GC(1099) Pause Young (Prepare Mixed) (G1 Evacuation Pause) 324M->170M(397M) 36.465ms
[484.414s][info][gc,cpu      ] GC(1099) User=0.07s Sys=0.00s Real=0.04s
[484.934s][info][gc,start    ] GC(1100) Pause Young (Mixed) (G1 Evacuation Pause)
[484.934s][info][gc,task     ] GC(1100) Using 2 workers of 2 for evacuation
[484.973s][info][gc,phases   ] GC(1100)   Pre Evacuate Collection Set: 0.30ms
[484.973s][info][gc,phases   ] GC(1100)   Merge Heap Roots: 0.33ms
[484.973s][info][gc,phases   ] GC(1100)   Evacuate Collection Set: 38.11ms
[484.973s][info][gc,phases   ] GC(1100)   Post Evacuate Collection Set: 0.61ms
[484.973s][info][gc,phases   ] GC(1100)   Other: 0.07ms
[484.973s][info][gc,heap     ] GC(1100) Eden regions: 157->0(149)
[484.973s][info][gc,heap     ] GC(1100) Survivor regions: 26->23(23)
[484.973s][info][gc,heap     ] GC(1100) Old regions: 141->145
[484.973s][info][gc,heap     ] GC(1100) Humongous regions: 4->4
[484.973s][info][gc,metaspace] GC(1100) Metaspace: 43084K(43456K)->43084K(43456K) NonClass: 40264K(40512K)->40264K(40512K) Class: 2820K(2944K)->2820K(2944K)
[484.973s][info][gc          ] GC(1100) Pause Young (Mixed) (G1 Evacuation Pause) 327M->171M(397M) 39.638ms
[484.973s][info][gc,cpu      ] GC(1100) User=0.07s Sys=0.00s Real=0.04s
[485.037s][info][gc,start    ] GC(1101) Pause Young (Concurrent Start) (G1 Humongous Allocation)
[485.037s][info][gc,task     ] GC(1101) Using 2 workers of 2 for evacuation
[485.055s][info][gc,phases   ] GC(1101)   Pre Evacuate Collection Set: 0.22ms
[485.055s][info][gc,phases   ] GC(1101)   Merge Heap Roots: 0.09ms
[485.055s][info][gc,phases   ] GC(1101)   Evacuate Collection Set: 17.16ms
[485.055s][info][gc,phases   ] GC(1101)   Post Evacuate Collection Set: 0.33ms
[485.055s][info][gc,phases   ] GC(1101)   Other: 0.09ms
[485.055s][info][gc,heap     ] GC(1101) Eden regions: 19->0(103)
[485.055s][info][gc,heap     ] GC(1101) Survivor regions: 23->11(22)
[485.055s][info][gc,heap     ] GC(1101) Old regions: 145->165
[485.055s][info][gc,heap     ] GC(1101) Humongous regions: 4->4
[485.055s][info][gc,metaspace] GC(1101) Metaspace: 43084K(43456K)->43084K(43456K) NonClass: 40264K(40512K)->40264K(40512K) Class: 2820K(2944K)->2820K(2944K)
[485.055s][info][gc          ] GC(1101) Pause Young (Concurrent Start) (G1 Humongous Allocation) 190M->179M(397M) 18.160ms
[485.055s][info][gc          ] GC(1102) Concurrent Mark Cycle
[485.055s][info][gc,marking  ] GC(1102) Concurrent Scan Root Regions
[485.057s][info][gc,cpu      ] GC(1101) User=0.04s Sys=0.00s Real=0.02s
[485.064s][info][gc,marking  ] GC(1102) Concurrent Scan Root Regions 9.348ms
[485.064s][info][gc,marking  ] GC(1102) Concurrent Mark
[485.064s][info][gc,marking  ] GC(1102) Concurrent Mark From Roots
[485.064s][info][gc,task     ] GC(1102) Using 1 workers of 1 for marking
[485.150s][info][gc,marking  ] GC(1102) Concurrent Mark From Roots 86.059ms
[485.150s][info][gc,marking  ] GC(1102) Concurrent Preclean
[485.151s][info][gc,marking  ] GC(1102) Concurrent Preclean 0.047ms
[485.151s][info][gc,start    ] GC(1102) Pause Remark
[485.166s][info][gc          ] GC(1102) Pause Remark 199M->174M(397M) 14.869ms
[485.166s][info][gc,cpu      ] GC(1102) User=0.03s Sys=0.00s Real=0.02s
[485.166s][info][gc,marking  ] GC(1102) Concurrent Mark 101.295ms
[485.166s][info][gc,marking  ] GC(1102) Concurrent Rebuild Remembered Sets and Scrub Regions
[485.216s][info][gc,marking  ] GC(1102) Concurrent Rebuild Remembered Sets and Scrub Regions 49.927ms
[485.216s][info][gc,start    ] GC(1102) Pause Cleanup
[485.216s][info][gc          ] GC(1102) Pause Cleanup 186M->186M(397M) 0.072ms
[485.216s][info][gc,cpu      ] GC(1102) User=0.00s Sys=0.00s Real=0.00s
[485.216s][info][gc,marking  ] GC(1102) Concurrent Clear Claimed Marks
[485.216s][info][gc,marking  ] GC(1102) Concurrent Clear Claimed Marks 0.038ms
[485.216s][info][gc,marking  ] GC(1102) Concurrent Cleanup for Next Mark
[485.217s][info][gc,marking  ] GC(1102) Concurrent Cleanup for Next Mark 1.153ms
[485.217s][info][gc          ] GC(1102) Concurrent Mark Cycle 162.173ms
[485.437s][info][gc,start    ] GC(1103) Pause Young (Prepare Mixed) (G1 Evacuation Pause)
[485.437s][info][gc,task     ] GC(1103) Using 2 workers of 2 for evacuation
[485.460s][info][gc,phases   ] GC(1103)   Pre Evacuate Collection Set: 0.22ms
[485.460s][info][gc,phases   ] GC(1103)   Merge Heap Roots: 0.20ms
[485.460s][info][gc,phases   ] GC(1103)   Evacuate Collection Set: 21.47ms
[485.460s][info][gc,phases   ] GC(1103)   Post Evacuate Collection Set: 0.43ms
[485.460s][info][gc,phases   ] GC(1103)   Other: 0.08ms
[485.460s][info][gc,heap     ] GC(1103) Eden regions: 103->0(111)
[485.460s][info][gc,heap     ] GC(1103) Survivor regions: 11->15(15)
[485.460s][info][gc,heap     ] GC(1103) Old regions: 141->155
[485.460s][info][gc,heap     ] GC(1103) Humongous regions: 4->4
[485.460s][info][gc,metaspace] GC(1103) Metaspace: 43084K(43456K)->43084K(43456K) NonClass: 40264K(40512K)->40264K(40512K) Class: 2820K(2944K)->2820K(2944K)
[485.460s][info][gc          ] GC(1103) Pause Young (Prepare Mixed) (G1 Evacuation Pause) 258M->174M(397M) 22.627ms
[485.460s][info][gc,cpu      ] GC(1103) User=0.04s Sys=0.00s Real=0.02s
[485.804s][info][gc,start    ] GC(1104) Pause Young (Mixed) (G1 Evacuation Pause)
[485.804s][info][gc,task     ] GC(1104) Using 2 workers of 2 for evacuation
[485.852s][info][gc,phases   ] GC(1104)   Pre Evacuate Collection Set: 0.30ms
[485.852s][info][gc,phases   ] GC(1104)   Merge Heap Roots: 0.24ms
[485.852s][info][gc,phases   ] GC(1104)   Evacuate Collection Set: 46.62ms
[485.852s][info][gc,phases   ] GC(1104)   Post Evacuate Collection Set: 0.83ms
[485.852s][info][gc,phases   ] GC(1104)   Other: 0.08ms
[485.852s][info][gc,heap     ] GC(1104) Eden regions: 111->0(108)
[485.852s][info][gc,heap     ] GC(1104) Survivor regions: 15->16(16)
[485.852s][info][gc,heap     ] GC(1104) Old regions: 155->171
[485.852s][info][gc,heap     ] GC(1104) Humongous regions: 4->4
[485.852s][info][gc,metaspace] GC(1104) Metaspace: 43084K(43456K)->43084K(43456K) NonClass: 40264K(40512K)->40264K(40512K) Class: 2820K(2944K)->2820K(2944K)
[485.852s][info][gc          ] GC(1104) Pause Young (Mixed) (G1 Evacuation Pause) 285M->190M(423M) 48.298ms
[485.852s][info][gc,cpu      ] GC(1104) User=0.10s Sys=0.00s Real=0.05s
[486.242s][info][gc,start    ] GC(1105) Pause Young (Mixed) (G1 Evacuation Pause)
[486.242s][info][gc,task     ] GC(1105) Using 2 workers of 2 for evacuation
[486.306s][info][gc,phases   ] GC(1105)   Pre Evacuate Collection Set: 0.24ms
[486.306s][info][gc,phases   ] GC(1105)   Merge Heap Roots: 0.58ms
[486.306s][info][gc,phases   ] GC(1105)   Evacuate Collection Set: 62.39ms
[486.306s][info][gc,phases   ] GC(1105)   Post Evacuate Collection Set: 0.56ms
[486.306s][info][gc,phases   ] GC(1105)   Other: 0.09ms
[486.306s][info][gc,heap     ] GC(1105) Eden regions: 108->0(83)
[486.306s][info][gc,heap     ] GC(1105) Survivor regions: 16->16(16)
[486.306s][info][gc,heap     ] GC(1105) Old regions: 171->218
[486.306s][info][gc,heap     ] GC(1105) Humongous regions: 5->5
[486.306s][info][gc,metaspace] GC(1105) Metaspace: 43084K(43456K)->43084K(43456K) NonClass: 40264K(40512K)->40264K(40512K) Class: 2820K(2944K)->2820K(2944K)
[486.306s][info][gc          ] GC(1105) Pause Young (Mixed) (G1 Evacuation Pause) 299M->238M(423M) 64.113ms
[486.306s][info][gc,cpu      ] GC(1105) User=0.12s Sys=0.00s Real=0.06s
[486.541s][info][gc,start    ] GC(1106) Pause Young (Concurrent Start) (G1 Humongous Allocation)
[486.541s][info][gc,task     ] GC(1106) Using 2 workers of 2 for evacuation
[486.590s][info][gc,phases   ] GC(1106)   Pre Evacuate Collection Set: 0.24ms
[486.590s][info][gc,phases   ] GC(1106)   Merge Heap Roots: 0.29ms
[486.590s][info][gc,phases   ] GC(1106)   Evacuate Collection Set: 48.47ms
[486.590s][info][gc,phases   ] GC(1106)   Post Evacuate Collection Set: 0.44ms
[486.590s][info][gc,phases   ] GC(1106)   Other: 0.10ms
[486.590s][info][gc,heap     ] GC(1106) Eden regions: 73->0(55)
[486.590s][info][gc,heap     ] GC(1106) Survivor regions: 16->13(13)
[486.590s][info][gc,heap     ] GC(1106) Old regions: 218->272
[486.590s][info][gc,heap     ] GC(1106) Humongous regions: 5->5
[486.590s][info][gc,metaspace] GC(1106) Metaspace: 43084K(43456K)->43084K(43456K) NonClass: 40264K(40512K)->40264K(40512K) Class: 2820K(2944K)->2820K(2944K)
[486.590s][info][gc          ] GC(1106) Pause Young (Concurrent Start) (G1 Humongous Allocation) 311M->289M(423M) 49.780ms
[486.590s][info][gc,cpu      ] GC(1106) User=0.09s Sys=0.00s Real=0.05s
[486.590s][info][gc          ] GC(1107) Concurrent Mark Cycle
[486.590s][info][gc,marking  ] GC(1107) Concurrent Scan Root Regions
[486.614s][info][gc,marking  ] GC(1107) Concurrent Scan Root Regions 23.483ms
[486.614s][info][gc,marking  ] GC(1107) Concurrent Mark
[486.614s][info][gc,marking  ] GC(1107) Concurrent Mark From Roots
[486.614s][info][gc,task     ] GC(1107) Using 1 workers of 1 for marking
[486.729s][info][gc,marking  ] GC(1107) Concurrent Mark From Roots 114.692ms
[486.729s][info][gc,marking  ] GC(1107) Concurrent Preclean
[486.729s][info][gc,marking  ] GC(1107) Concurrent Preclean 0.040ms
[486.729s][info][gc,start    ] GC(1107) Pause Remark
[486.744s][info][gc          ] GC(1107) Pause Remark 324M->291M(430M) 15.453ms
[486.744s][info][gc,cpu      ] GC(1107) User=0.03s Sys=0.00s Real=0.02s
[486.747s][info][gc,marking  ] GC(1107) Concurrent Mark 132.867ms
[486.747s][info][gc,marking  ] GC(1107) Concurrent Rebuild Remembered Sets and Scrub Regions
[486.831s][info][gc,marking  ] GC(1107) Concurrent Rebuild Remembered Sets and Scrub Regions 83.903ms
[486.831s][info][gc,start    ] GC(1107) Pause Cleanup
[486.831s][info][gc          ] GC(1107) Pause Cleanup 311M->311M(430M) 0.094ms
[486.831s][info][gc,cpu      ] GC(1107) User=0.00s Sys=0.00s Real=0.00s
[486.831s][info][gc,marking  ] GC(1107) Concurrent Clear Claimed Marks
[486.831s][info][gc,marking  ] GC(1107) Concurrent Clear Claimed Marks 0.040ms
[486.831s][info][gc,marking  ] GC(1107) Concurrent Cleanup for Next Mark
[486.833s][info][gc,marking  ] GC(1107) Concurrent Cleanup for Next Mark 1.622ms
[486.833s][info][gc          ] GC(1107) Concurrent Mark Cycle 242.366ms
[486.833s][info][gc,start    ] GC(1108) Pause Young (Prepare Mixed) (G1 Evacuation Pause)
[486.833s][info][gc,task     ] GC(1108) Using 2 workers of 2 for evacuation
[486.866s][info][gc,phases   ] GC(1108)   Pre Evacuate Collection Set: 0.20ms
[486.866s][info][gc,phases   ] GC(1108)   Merge Heap Roots: 0.36ms
[486.866s][info][gc,phases   ] GC(1108)   Evacuate Collection Set: 31.64ms
[486.866s][info][gc,phases   ] GC(1108)   Post Evacuate Collection Set: 0.36ms
[486.866s][info][gc,phases   ] GC(1108)   Other: 0.07ms
[486.866s][info][gc,heap     ] GC(1108) Eden regions: 55->0(60)
[486.866s][info][gc,heap     ] GC(1108) Survivor regions: 13->9(9)
[486.866s][info][gc,heap     ] GC(1108) Old regions: 240->272
[486.866s][info][gc,heap     ] GC(1108) Humongous regions: 5->5
[486.866s][info][gc,metaspace] GC(1108) Metaspace: 43084K(43456K)->43084K(43456K) NonClass: 40264K(40512K)->40264K(40512K) Class: 2820K(2944K)->2820K(2944K)
[486.866s][info][gc          ] GC(1108) Pause Young (Prepare Mixed) (G1 Evacuation Pause) 312M->285M(430M) 32.857ms
[486.866s][info][gc,cpu      ] GC(1108) User=0.06s Sys=0.00s Real=0.03s
[487.059s][info][gc,start    ] GC(1109) Pause Young (Mixed) (G1 Evacuation Pause)
[487.059s][info][gc,task     ] GC(1109) Using 2 workers of 2 for evacuation
[487.098s][info][gc,phases   ] GC(1109)   Pre Evacuate Collection Set: 0.24ms
[487.098s][info][gc,phases   ] GC(1109)   Merge Heap Roots: 0.19ms
[487.098s][info][gc,phases   ] GC(1109)   Evacuate Collection Set: 37.42ms
[487.098s][info][gc,phases   ] GC(1109)   Post Evacuate Collection Set: 0.40ms
[487.098s][info][gc,phases   ] GC(1109)   Other: 0.10ms
[487.098s][info][gc,heap     ] GC(1109) Eden regions: 60->0(54)
[487.098s][info][gc,heap     ] GC(1109) Survivor regions: 9->9(9)
[487.098s][info][gc,heap     ] GC(1109) Old regions: 272->277
[487.098s][info][gc,heap     ] GC(1109) Humongous regions: 5->5
[487.098s][info][gc,metaspace] GC(1109) Metaspace: 43084K(43456K)->43084K(43456K) NonClass: 40264K(40512K)->40264K(40512K) Class: 2820K(2944K)->2820K(2944K)
[487.098s][info][gc          ] GC(1109) Pause Young (Mixed) (G1 Evacuation Pause) 345M->290M(430M) 38.574ms
[487.098s][info][gc,cpu      ] GC(1109) User=0.08s Sys=0.00s Real=0.04s
[487.295s][info][gc,start    ] GC(1110) Pause Young (Mixed) (G1 Evacuation Pause)
[487.295s][info][gc,task     ] GC(1110) Using 2 workers of 2 for evacuation
[487.340s][info][gc,phases   ] GC(1110)   Pre Evacuate Collection Set: 0.24ms
[487.340s][info][gc,phases   ] GC(1110)   Merge Heap Roots: 0.53ms
[487.340s][info][gc,phases   ] GC(1110)   Evacuate Collection Set: 41.90ms
[487.340s][info][gc,phases   ] GC(1110)   Post Evacuate Collection Set: 1.87ms
[487.340s][info][gc,phases   ] GC(1110)   Other: 0.13ms
[487.340s][info][gc,heap     ] GC(1110) Eden regions: 54->0(151)
[487.340s][info][gc,heap     ] GC(1110) Survivor regions: 9->8(8)
[487.340s][info][gc,heap     ] GC(1110) Old regions: 277->275
[487.340s][info][gc,heap     ] GC(1110) Humongous regions: 6->6
[487.340s][info][gc,metaspace] GC(1110) Metaspace: 43084K(43456K)->43084K(43456K) NonClass: 40264K(40512K)->40264K(40512K) Class: 2820K(2944K)->2820K(2944K)
[487.340s][info][gc          ] GC(1110) Pause Young (Mixed) (G1 Evacuation Pause) 345M->289M(650M) 44.919ms
[487.340s][info][gc,cpu      ] GC(1110) User=0.09s Sys=0.00s Real=0.04s
[487.959s][info][gc,start    ] GC(1111) Pause Young (Normal) (G1 Evacuation Pause)
[487.959s][info][gc,task     ] GC(1111) Using 2 workers of 2 for evacuation
[488.008s][info][gc,phases   ] GC(1111)   Pre Evacuate Collection Set: 0.40ms
[488.008s][info][gc,phases   ] GC(1111)   Merge Heap Roots: 0.29ms
[488.008s][info][gc,phases   ] GC(1111)   Evacuate Collection Set: 47.61ms
[488.008s][info][gc,phases   ] GC(1111)   Post Evacuate Collection Set: 0.54ms
[488.008s][info][gc,phases   ] GC(1111)   Other: 0.08ms
[488.008s][info][gc,heap     ] GC(1111) Eden regions: 151->0(139)
[488.008s][info][gc,heap     ] GC(1111) Survivor regions: 8->20(20)
[488.008s][info][gc,heap     ] GC(1111) Old regions: 275->308
[488.008s][info][gc,heap     ] GC(1111) Humongous regions: 7->6
[488.008s][info][gc,metaspace] GC(1111) Metaspace: 43084K(43456K)->43084K(43456K) NonClass: 40264K(40512K)->40264K(40512K) Class: 2820K(2944K)->2820K(2944K)
[488.008s][info][gc          ] GC(1111) Pause Young (Normal) (G1 Evacuation Pause) 441M->334M(650M) 49.139ms
[488.008s][info][gc,cpu      ] GC(1111) User=0.08s Sys=0.01s Real=0.05s
[488.445s][info][gc,start    ] GC(1112) Pause Young (Normal) (G1 Evacuation Pause)
[488.445s][info][gc,task     ] GC(1112) Using 2 workers of 2 for evacuation
[488.468s][info][gc,phases   ] GC(1112)   Pre Evacuate Collection Set: 0.38ms
[488.468s][info][gc,phases   ] GC(1112)   Merge Heap Roots: 0.30ms
[488.468s][info][gc,phases   ] GC(1112)   Evacuate Collection Set: 21.83ms
[488.468s][info][gc,phases   ] GC(1112)   Post Evacuate Collection Set: 0.44ms
[488.468s][info][gc,phases   ] GC(1112)   Other: 0.07ms
[488.468s][info][gc,heap     ] GC(1112) Eden regions: 139->0(152)
[488.468s][info][gc,heap     ] GC(1112) Survivor regions: 20->5(20)
[488.468s][info][gc,heap     ] GC(1112) Old regions: 308->327
[488.468s][info][gc,heap     ] GC(1112) Humongous regions: 6->6
[488.468s][info][gc,metaspace] GC(1112) Metaspace: 43084K(43456K)->43084K(43456K) NonClass: 40264K(40512K)->40264K(40512K) Class: 2820K(2944K)->2820K(2944K)
[488.468s][info][gc          ] GC(1112) Pause Young (Normal) (G1 Evacuation Pause) 473M->337M(650M) 23.229ms
[488.468s][info][gc,cpu      ] GC(1112) User=0.05s Sys=0.00s Real=0.02s
[488.757s][info][gc,start    ] GC(1113) Pause Young (Concurrent Start) (G1 Humongous Allocation)
[488.757s][info][gc,task     ] GC(1113) Using 2 workers of 2 for evacuation
[488.779s][info][gc,phases   ] GC(1113)   Pre Evacuate Collection Set: 0.27ms
[488.779s][info][gc,phases   ] GC(1113)   Merge Heap Roots: 0.07ms
[488.779s][info][gc,phases   ] GC(1113)   Evacuate Collection Set: 21.04ms
[488.779s][info][gc,phases   ] GC(1113)   Post Evacuate Collection Set: 0.41ms
[488.779s][info][gc,phases   ] GC(1113)   Other: 0.10ms
[488.779s][info][gc,heap     ] GC(1113) Eden regions: 87->0(142)
[488.779s][info][gc,heap     ] GC(1113) Survivor regions: 5->20(20)
[488.779s][info][gc,heap     ] GC(1113) Old regions: 327->342
[488.779s][info][gc,heap     ] GC(1113) Humongous regions: 6->6
[488.779s][info][gc,metaspace] GC(1113) Metaspace: 43084K(43456K)->43084K(43456K) NonClass: 40264K(40512K)->40264K(40512K) Class: 2820K(2944K)->2820K(2944K)
[488.779s][info][gc          ] GC(1113) Pause Young (Concurrent Start) (G1 Humongous Allocation) 424M->368M(650M) 22.122ms
[488.779s][info][gc          ] GC(1114) Concurrent Mark Cycle
[488.779s][info][gc,marking  ] GC(1114) Concurrent Scan Root Regions
[488.781s][info][gc,cpu      ] GC(1113) User=0.04s Sys=0.00s Real=0.02s
[488.793s][info][gc,marking  ] GC(1114) Concurrent Scan Root Regions 14.240ms
[488.793s][info][gc,marking  ] GC(1114) Concurrent Mark
[488.793s][info][gc,marking  ] GC(1114) Concurrent Mark From Roots
[488.793s][info][gc,task     ] GC(1114) Using 1 workers of 1 for marking
[488.876s][info][gc,marking  ] GC(1114) Concurrent Mark From Roots 82.646ms
[488.876s][info][gc,marking  ] GC(1114) Concurrent Preclean
[488.876s][info][gc,marking  ] GC(1114) Concurrent Preclean 0.035ms
[488.876s][info][gc,start    ] GC(1114) Pause Remark
[488.891s][info][gc          ] GC(1114) Pause Remark 390M->189M(560M) 15.182ms
[488.891s][info][gc,cpu      ] GC(1114) User=0.03s Sys=0.00s Real=0.01s
[488.891s][info][gc,marking  ] GC(1114) Concurrent Mark 98.170ms
[488.891s][info][gc,marking  ] GC(1114) Concurrent Rebuild Remembered Sets and Scrub Regions
[488.935s][info][gc,marking  ] GC(1114) Concurrent Rebuild Remembered Sets and Scrub Regions 43.583ms
[488.935s][info][gc,start    ] GC(1114) Pause Cleanup
[488.935s][info][gc          ] GC(1114) Pause Cleanup 202M->202M(560M) 0.076ms
[488.935s][info][gc,cpu      ] GC(1114) User=0.00s Sys=0.00s Real=0.00s
[488.935s][info][gc,marking  ] GC(1114) Concurrent Clear Claimed Marks
[488.935s][info][gc,marking  ] GC(1114) Concurrent Clear Claimed Marks 0.040ms
[488.935s][info][gc,marking  ] GC(1114) Concurrent Cleanup for Next Mark
[488.938s][info][gc,marking  ] GC(1114) Concurrent Cleanup for Next Mark 2.957ms
[488.938s][info][gc          ] GC(1114) Concurrent Mark Cycle 159.436ms
[489.335s][info][gc,start    ] GC(1115) Pause Young (Prepare Mixed) (G1 Evacuation Pause)
[489.336s][info][gc,task     ] GC(1115) Using 2 workers of 2 for evacuation
[489.370s][info][gc,phases   ] GC(1115)   Pre Evacuate Collection Set: 0.29ms
[489.370s][info][gc,phases   ] GC(1115)   Merge Heap Roots: 0.23ms
[489.370s][info][gc,phases   ] GC(1115)   Evacuate Collection Set: 33.32ms
[489.370s][info][gc,phases   ] GC(1115)   Post Evacuate Collection Set: 0.50ms
[489.370s][info][gc,phases   ] GC(1115)   Other: 0.13ms
[489.370s][info][gc,heap     ] GC(1115) Eden regions: 142->0(195)
[489.370s][info][gc,heap     ] GC(1115) Survivor regions: 20->21(21)
[489.370s][info][gc,heap     ] GC(1115) Old regions: 144->168
[489.370s][info][gc,heap     ] GC(1115) Humongous regions: 4->3
[489.370s][info][gc,metaspace] GC(1115) Metaspace: 43084K(43456K)->43084K(43456K) NonClass: 40264K(40512K)->40264K(40512K) Class: 2820K(2944K)->2820K(2944K)
[489.370s][info][gc          ] GC(1115) Pause Young (Prepare Mixed) (G1 Evacuation Pause) 310M->191M(560M) 34.684ms
[489.370s][info][gc,cpu      ] GC(1115) User=0.07s Sys=0.00s Real=0.03s
[489.987s][info][gc,start    ] GC(1116) Pause Young (Mixed) (G1 Evacuation Pause)
[489.987s][info][gc,task     ] GC(1116) Using 2 workers of 2 for evacuation
[490.018s][info][gc,phases   ] GC(1116)   Pre Evacuate Collection Set: 0.27ms
[490.018s][info][gc,phases   ] GC(1116)   Merge Heap Roots: 0.28ms
[490.018s][info][gc,phases   ] GC(1116)   Evacuate Collection Set: 29.43ms
[490.018s][info][gc,phases   ] GC(1116)   Post Evacuate Collection Set: 0.60ms
[490.018s][info][gc,phases   ] GC(1116)   Other: 0.10ms
[490.018s][info][gc,heap     ] GC(1116) Eden regions: 195->0(223)
[490.018s][info][gc,heap     ] GC(1116) Survivor regions: 21->19(27)
[490.018s][info][gc,heap     ] GC(1116) Old regions: 168->147
[490.018s][info][gc,heap     ] GC(1116) Humongous regions: 6->4
[490.018s][info][gc,metaspace] GC(1116) Metaspace: 43084K(43456K)->43084K(43456K) NonClass: 40264K(40512K)->40264K(40512K) Class: 2820K(2944K)->2820K(2944K)
[490.018s][info][gc          ] GC(1116) Pause Young (Mixed) (G1 Evacuation Pause) 389M->169M(560M) 30.901ms
[490.018s][info][gc,cpu      ] GC(1116) User=0.06s Sys=0.00s Real=0.03s
[490.317s][info][gc,start    ] GC(1117) Pause Young (Concurrent Start) (G1 Humongous Allocation)
[490.317s][info][gc,task     ] GC(1117) Using 2 workers of 2 for evacuation
[490.350s][info][gc,phases   ] GC(1117)   Pre Evacuate Collection Set: 0.27ms
[490.350s][info][gc,phases   ] GC(1117)   Merge Heap Roots: 0.14ms
[490.350s][info][gc,phases   ] GC(1117)   Evacuate Collection Set: 32.25ms
[490.350s][info][gc,phases   ] GC(1117)   Post Evacuate Collection Set: 0.39ms
[490.350s][info][gc,phases   ] GC(1117)   Other: 0.12ms
[490.351s][info][gc,heap     ] GC(1117) Eden regions: 95->0(208)
[490.351s][info][gc,heap     ] GC(1117) Survivor regions: 19->31(31)
[490.351s][info][gc,heap     ] GC(1117) Old regions: 147->167
[490.351s][info][gc,heap     ] GC(1117) Humongous regions: 4->4
[490.351s][info][gc,metaspace] GC(1117) Metaspace: 43084K(43456K)->43084K(43456K) NonClass: 40264K(40512K)->40264K(40512K) Class: 2820K(2944K)->2820K(2944K)
[490.351s][info][gc          ] GC(1117) Pause Young (Concurrent Start) (G1 Humongous Allocation) 263M->201M(560M) 33.388ms
[490.351s][info][gc,cpu      ] GC(1117) User=0.06s Sys=0.00s Real=0.03s
[490.351s][info][gc          ] GC(1118) Concurrent Mark Cycle
[490.351s][info][gc,marking  ] GC(1118) Concurrent Scan Root Regions
[490.372s][info][gc,marking  ] GC(1118) Concurrent Scan Root Regions 21.446ms
[490.372s][info][gc,marking  ] GC(1118) Concurrent Mark
[490.372s][info][gc,marking  ] GC(1118) Concurrent Mark From Roots
[490.372s][info][gc,task     ] GC(1118) Using 1 workers of 1 for marking
[490.473s][info][gc,marking  ] GC(1118) Concurrent Mark From Roots 101.196ms
[490.473s][info][gc,marking  ] GC(1118) Concurrent Preclean
[490.474s][info][gc,marking  ] GC(1118) Concurrent Preclean 0.040ms
[490.474s][info][gc,start    ] GC(1118) Pause Remark
[490.489s][info][gc          ] GC(1118) Pause Remark 235M->207M(560M) 15.339ms
[490.489s][info][gc,cpu      ] GC(1118) User=0.03s Sys=0.00s Real=0.01s
[490.489s][info][gc,marking  ] GC(1118) Concurrent Mark 116.907ms
[490.489s][info][gc,marking  ] GC(1118) Concurrent Rebuild Remembered Sets and Scrub Regions
[490.547s][info][gc,marking  ] GC(1118) Concurrent Rebuild Remembered Sets and Scrub Regions 58.155ms
[490.547s][info][gc,start    ] GC(1118) Pause Cleanup
[490.548s][info][gc          ] GC(1118) Pause Cleanup 225M->225M(560M) 0.066ms
[490.548s][info][gc,cpu      ] GC(1118) User=0.00s Sys=0.00s Real=0.00s
[490.548s][info][gc,marking  ] GC(1118) Concurrent Clear Claimed Marks
[490.548s][info][gc,marking  ] GC(1118) Concurrent Clear Claimed Marks 0.045ms
[490.548s][info][gc,marking  ] GC(1118) Concurrent Cleanup for Next Mark
[490.549s][info][gc,marking  ] GC(1118) Concurrent Cleanup for Next Mark 1.621ms
[490.549s][info][gc          ] GC(1118) Concurrent Mark Cycle 198.598ms
[491.046s][info][gc,start    ] GC(1119) Pause Young (Prepare Mixed) (G1 Evacuation Pause)
[491.046s][info][gc,task     ] GC(1119) Using 2 workers of 2 for evacuation
[491.082s][info][gc,phases   ] GC(1119)   Pre Evacuate Collection Set: 0.26ms
[491.082s][info][gc,phases   ] GC(1119)   Merge Heap Roots: 0.17ms
[491.082s][info][gc,phases   ] GC(1119)   Evacuate Collection Set: 34.67ms
[491.082s][info][gc,phases   ] GC(1119)   Post Evacuate Collection Set: 0.55ms
[491.082s][info][gc,phases   ] GC(1119)   Other: 0.11ms
[491.082s][info][gc,heap     ] GC(1119) Eden regions: 208->0(212)
[491.082s][info][gc,heap     ] GC(1119) Survivor regions: 31->30(30)
[491.082s][info][gc,heap     ] GC(1119) Old regions: 139->165
[491.082s][info][gc,heap     ] GC(1119) Humongous regions: 6->5
[491.082s][info][gc,metaspace] GC(1119) Metaspace: 43084K(43456K)->43084K(43456K) NonClass: 40264K(40512K)->40264K(40512K) Class: 2820K(2944K)->2820K(2944K)
[491.082s][info][gc          ] GC(1119) Pause Young (Prepare Mixed) (G1 Evacuation Pause) 383M->199M(560M) 35.989ms
[491.082s][info][gc,cpu      ] GC(1119) User=0.07s Sys=0.00s Real=0.04s
[491.719s][info][gc,start    ] GC(1120) Pause Young (Mixed) (G1 Evacuation Pause)
[491.719s][info][gc,task     ] GC(1120) Using 2 workers of 2 for evacuation
[491.784s][info][gc,phases   ] GC(1120)   Pre Evacuate Collection Set: 0.33ms
[491.784s][info][gc,phases   ] GC(1120)   Merge Heap Roots: 0.90ms
[491.784s][info][gc,phases   ] GC(1120)   Evacuate Collection Set: 63.80ms
[491.784s][info][gc,phases   ] GC(1120)   Post Evacuate Collection Set: 0.64ms
[491.784s][info][gc,phases   ] GC(1120)   Other: 0.08ms
[491.784s][info][gc,heap     ] GC(1120) Eden regions: 212->0(193)
[491.784s][info][gc,heap     ] GC(1120) Survivor regions: 30->31(31)
[491.785s][info][gc,heap     ] GC(1120) Old regions: 165->189
[491.785s][info][gc,heap     ] GC(1120) Humongous regions: 9->7
[491.785s][info][gc,metaspace] GC(1120) Metaspace: 43084K(43456K)->43084K(43456K) NonClass: 40264K(40512K)->40264K(40512K) Class: 2820K(2944K)->2820K(2944K)
[491.785s][info][gc          ] GC(1120) Pause Young (Mixed) (G1 Evacuation Pause) 415M->227M(560M) 65.968ms
[491.785s][info][gc,cpu      ] GC(1120) User=0.13s Sys=0.00s Real=0.07s
[492.321s][info][gc,start    ] GC(1121) Pause Young (Concurrent Start) (G1 Evacuation Pause)
[492.321s][info][gc,task     ] GC(1121) Using 2 workers of 2 for evacuation
[492.343s][info][gc,phases   ] GC(1121)   Pre Evacuate Collection Set: 0.26ms
[492.343s][info][gc,phases   ] GC(1121)   Merge Heap Roots: 0.19ms
[492.343s][info][gc,phases   ] GC(1121)   Evacuate Collection Set: 21.16ms
[492.343s][info][gc,phases   ] GC(1121)   Post Evacuate Collection Set: 0.48ms
[492.343s][info][gc,phases   ] GC(1121)   Other: 0.11ms
[492.343s][info][gc,heap     ] GC(1121) Eden regions: 193->0(210)
[492.343s][info][gc,heap     ] GC(1121) Survivor regions: 31->2(28)
[492.343s][info][gc,heap     ] GC(1121) Old regions: 189->220
[492.343s][info][gc,heap     ] GC(1121) Humongous regions: 7->7
[492.343s][info][gc,metaspace] GC(1121) Metaspace: 43084K(43456K)->43084K(43456K) NonClass: 40264K(40512K)->40264K(40512K) Class: 2820K(2944K)->2820K(2944K)
[492.343s][info][gc          ] GC(1121) Pause Young (Concurrent Start) (G1 Evacuation Pause) 420M->229M(560M) 22.411ms
[492.343s][info][gc,cpu      ] GC(1121) User=0.04s Sys=0.00s Real=0.03s
[492.343s][info][gc          ] GC(1122) Concurrent Mark Cycle
[492.343s][info][gc,marking  ] GC(1122) Concurrent Scan Root Regions
[492.355s][info][gc,marking  ] GC(1122) Concurrent Scan Root Regions 11.388ms
[492.355s][info][gc,marking  ] GC(1122) Concurrent Mark
[492.355s][info][gc,marking  ] GC(1122) Concurrent Mark From Roots
[492.355s][info][gc,task     ] GC(1122) Using 1 workers of 1 for marking
[492.444s][info][gc,marking  ] GC(1122) Concurrent Mark From Roots 89.531ms
[492.444s][info][gc,marking  ] GC(1122) Concurrent Preclean
[492.445s][info][gc,marking  ] GC(1122) Concurrent Preclean 0.037ms
[492.445s][info][gc,start    ] GC(1122) Pause Remark
[492.460s][info][gc          ] GC(1122) Pause Remark 258M->195M(554M) 15.399ms
[492.460s][info][gc,cpu      ] GC(1122) User=0.03s Sys=0.00s Real=0.01s
[492.464s][info][gc,marking  ] GC(1122) Concurrent Mark 108.924ms
[492.464s][info][gc,marking  ] GC(1122) Concurrent Rebuild Remembered Sets and Scrub Regions
[492.508s][info][gc,marking  ] GC(1122) Concurrent Rebuild Remembered Sets and Scrub Regions 44.620ms
[492.509s][info][gc,start    ] GC(1122) Pause Cleanup
[492.509s][info][gc          ] GC(1122) Pause Cleanup 209M->209M(554M) 0.069ms
[492.509s][info][gc,cpu      ] GC(1122) User=0.00s Sys=0.00s Real=0.00s
[492.509s][info][gc,marking  ] GC(1122) Concurrent Clear Claimed Marks
[492.509s][info][gc,marking  ] GC(1122) Concurrent Clear Claimed Marks 0.037ms
[492.509s][info][gc,marking  ] GC(1122) Concurrent Cleanup for Next Mark
[492.510s][info][gc,marking  ] GC(1122) Concurrent Cleanup for Next Mark 1.585ms
[492.510s][info][gc          ] GC(1122) Concurrent Mark Cycle 166.945ms
[492.956s][info][gc,start    ] GC(1123) Pause Young (Prepare Mixed) (G1 Evacuation Pause)
[492.956s][info][gc,task     ] GC(1123) Using 2 workers of 2 for evacuation
[492.959s][info][gc,phases   ] GC(1123)   Pre Evacuate Collection Set: 0.26ms
[492.959s][info][gc,phases   ] GC(1123)   Merge Heap Roots: 0.08ms
[492.959s][info][gc,phases   ] GC(1123)   Evacuate Collection Set: 2.13ms
[492.959s][info][gc,phases   ] GC(1123)   Post Evacuate Collection Set: 0.44ms
[492.959s][info][gc,phases   ] GC(1123)   Other: 0.10ms
[492.959s][info][gc,heap     ] GC(1123) Eden regions: 210->0(259)
[492.959s][info][gc,heap     ] GC(1123) Survivor regions: 2->3(27)
[492.959s][info][gc,heap     ] GC(1123) Old regions: 160->160
[492.959s][info][gc,heap     ] GC(1123) Humongous regions: 5->4
[492.959s][info][gc,metaspace] GC(1123) Metaspace: 43084K(43456K)->43084K(43456K) NonClass: 40264K(40512K)->40264K(40512K) Class: 2820K(2944K)->2820K(2944K)
[492.959s][info][gc          ] GC(1123) Pause Young (Prepare Mixed) (G1 Evacuation Pause) 377M->166M(554M) 3.225ms
[492.959s][info][gc,cpu      ] GC(1123) User=0.00s Sys=0.00s Real=0.00s
[493.444s][info][gc,start    ] GC(1124) Pause Young (Mixed) (G1 Evacuation Pause)
[493.445s][info][gc,task     ] GC(1124) Using 2 workers of 2 for evacuation
[493.451s][info][gc,phases   ] GC(1124)   Pre Evacuate Collection Set: 0.26ms
[493.451s][info][gc,phases   ] GC(1124)   Merge Heap Roots: 0.15ms
[493.451s][info][gc,phases   ] GC(1124)   Evacuate Collection Set: 5.67ms
[493.451s][info][gc,phases   ] GC(1124)   Post Evacuate Collection Set: 0.55ms
[493.451s][info][gc,phases   ] GC(1124)   Other: 0.08ms
[493.451s][info][gc,heap     ] GC(1124) Eden regions: 259->0(301)
[493.451s][info][gc,heap     ] GC(1124) Survivor regions: 3->5(33)
[493.451s][info][gc,heap     ] GC(1124) Old regions: 160->116
[493.451s][info][gc,heap     ] GC(1124) Humongous regions: 4->2
[493.451s][info][gc,metaspace] GC(1124) Metaspace: 43084K(43456K)->43084K(43456K) NonClass: 40264K(40512K)->40264K(40512K) Class: 2820K(2944K)->2820K(2944K)
[493.451s][info][gc          ] GC(1124) Pause Young (Mixed) (G1 Evacuation Pause) 425M->122M(554M) 6.889ms
[493.451s][info][gc,cpu      ] GC(1124) User=0.01s Sys=0.00s Real=0.00s
[493.802s][info][gc,start    ] GC(1125) Pause Young (Concurrent Start) (G1 Humongous Allocation)
[493.802s][info][gc,task     ] GC(1125) Using 2 workers of 2 for evacuation
[493.807s][info][gc,phases   ] GC(1125)   Pre Evacuate Collection Set: 0.32ms
[493.807s][info][gc,phases   ] GC(1125)   Merge Heap Roots: 0.13ms
[493.807s][info][gc,phases   ] GC(1125)   Evacuate Collection Set: 3.82ms
[493.807s][info][gc,phases   ] GC(1125)   Post Evacuate Collection Set: 0.49ms
[493.807s][info][gc,phases   ] GC(1125)   Other: 0.13ms
[493.807s][info][gc,heap     ] GC(1125) Eden regions: 234->0(320)
[493.807s][info][gc,heap     ] GC(1125) Survivor regions: 5->4(39)
[493.807s][info][gc,heap     ] GC(1125) Old regions: 116->116
[493.807s][info][gc,heap     ] GC(1125) Humongous regions: 2->2
[493.807s][info][gc,metaspace] GC(1125) Metaspace: 43084K(43456K)->43084K(43456K) NonClass: 40264K(40512K)->40264K(40512K) Class: 2820K(2944K)->2820K(2944K)
[493.807s][info][gc          ] GC(1125) Pause Young (Concurrent Start) (G1 Humongous Allocation) 356M->122M(554M) 5.079ms
[493.807s][info][gc          ] GC(1126) Concurrent Mark Cycle
[493.807s][info][gc,marking  ] GC(1126) Concurrent Scan Root Regions
[493.809s][info][gc,cpu      ] GC(1125) User=0.01s Sys=0.00s Real=0.00s
[493.809s][info][gc,marking  ] GC(1126) Concurrent Scan Root Regions 1.987ms
[493.809s][info][gc,marking  ] GC(1126) Concurrent Mark
[493.809s][info][gc,marking  ] GC(1126) Concurrent Mark From Roots
[493.809s][info][gc,task     ] GC(1126) Using 1 workers of 1 for marking
[493.883s][info][gc,marking  ] GC(1126) Concurrent Mark From Roots 73.350ms
[493.883s][info][gc,marking  ] GC(1126) Concurrent Preclean
[493.883s][info][gc,marking  ] GC(1126) Concurrent Preclean 0.036ms
[493.883s][info][gc,start    ] GC(1126) Pause Remark
[493.898s][info][gc          ] GC(1126) Pause Remark 143M->104M(284M) 14.978ms
[493.898s][info][gc,cpu      ] GC(1126) User=0.03s Sys=0.00s Real=0.01s
[493.898s][info][gc,marking  ] GC(1126) Concurrent Mark 88.649ms
[493.898s][info][gc,marking  ] GC(1126) Concurrent Rebuild Remembered Sets and Scrub Regions
[493.925s][info][gc,marking  ] GC(1126) Concurrent Rebuild Remembered Sets and Scrub Regions 27.319ms
[493.926s][info][gc,start    ] GC(1126) Pause Cleanup
[493.926s][info][gc          ] GC(1126) Pause Cleanup 113M->113M(284M) 0.047ms
[493.926s][info][gc,cpu      ] GC(1126) User=0.00s Sys=0.00s Real=0.00s
[493.926s][info][gc,marking  ] GC(1126) Concurrent Clear Claimed Marks
[493.926s][info][gc,marking  ] GC(1126) Concurrent Clear Claimed Marks 0.036ms
[493.926s][info][gc,marking  ] GC(1126) Concurrent Cleanup for Next Mark
[493.927s][info][gc,marking  ] GC(1126) Concurrent Cleanup for Next Mark 0.818ms
[493.927s][info][gc          ] GC(1126) Concurrent Mark Cycle 119.185ms
[494.277s][info][gc,start    ] GC(1127) Pause Young (Prepare Mixed) (G1 Evacuation Pause)
[494.278s][info][gc,task     ] GC(1127) Using 2 workers of 2 for evacuation
[494.289s][info][gc,phases   ] GC(1127)   Pre Evacuate Collection Set: 0.26ms
[494.289s][info][gc,phases   ] GC(1127)   Merge Heap Roots: 0.07ms
[494.289s][info][gc,phases   ] GC(1127)   Evacuate Collection Set: 10.34ms
[494.289s][info][gc,phases   ] GC(1127)   Post Evacuate Collection Set: 0.74ms
[494.289s][info][gc,phases   ] GC(1127)   Other: 0.08ms
[494.289s][info][gc,heap     ] GC(1127) Eden regions: 75->0(213)
[494.289s][info][gc,heap     ] GC(1127) Survivor regions: 4->9(27)
[494.289s][info][gc,heap     ] GC(1127) Old regions: 78->78
[494.289s][info][gc,heap     ] GC(1127) Humongous regions: 205->3
[494.289s][info][gc,metaspace] GC(1127) Metaspace: 43084K(43456K)->43084K(43456K) NonClass: 40264K(40512K)->40264K(40512K) Class: 2820K(2944K)->2820K(2944K)
[494.289s][info][gc          ] GC(1127) Pause Young (Prepare Mixed) (G1 Evacuation Pause) 361M->90M(371M) 11.718ms
[494.289s][info][gc,cpu      ] GC(1127) User=0.02s Sys=0.01s Real=0.01s
[494.804s][info][gc,start    ] GC(1128) Pause Young (Mixed) (G1 Evacuation Pause)
[494.804s][info][gc,task     ] GC(1128) Using 2 workers of 2 for evacuation
[494.821s][info][gc,phases   ] GC(1128)   Pre Evacuate Collection Set: 0.26ms
[494.821s][info][gc,phases   ] GC(1128)   Merge Heap Roots: 0.07ms
[494.821s][info][gc,phases   ] GC(1128)   Evacuate Collection Set: 15.19ms
[494.821s][info][gc,phases   ] GC(1128)   Post Evacuate Collection Set: 1.04ms
[494.821s][info][gc,phases   ] GC(1128)   Other: 0.07ms
[494.821s][info][gc,heap     ] GC(1128) Eden regions: 53->0(282)
[494.821s][info][gc,heap     ] GC(1128) Survivor regions: 9->12(29)
[494.821s][info][gc,heap     ] GC(1128) Old regions: 78->70
[494.821s][info][gc,heap     ] GC(1128) Humongous regions: 337->3
[494.821s][info][gc,metaspace] GC(1128) Metaspace: 43084K(43456K)->43084K(43456K) NonClass: 40264K(40512K)->40264K(40512K) Class: 2820K(2944K)->2820K(2944K)
[494.821s][info][gc          ] GC(1128) Pause Young (Mixed) (G1 Evacuation Pause) 476M->84M(490M) 16.857ms
[494.821s][info][gc,cpu      ] GC(1128) User=0.03s Sys=0.01s Real=0.01s
[494.825s][info][gc,start    ] GC(1129) Pause Young (Concurrent Start) (G1 Humongous Allocation)
[494.825s][info][gc,task     ] GC(1129) Using 2 workers of 2 for evacuation
[494.834s][info][gc,phases   ] GC(1129)   Pre Evacuate Collection Set: 0.22ms
[494.834s][info][gc,phases   ] GC(1129)   Merge Heap Roots: 0.04ms
[494.834s][info][gc,phases   ] GC(1129)   Evacuate Collection Set: 8.14ms
[494.834s][info][gc,phases   ] GC(1129)   Post Evacuate Collection Set: 0.53ms
[494.834s][info][gc,phases   ] GC(1129)   Other: 0.07ms
[494.834s][info][gc,heap     ] GC(1129) Eden regions: 1->0(282)
[494.834s][info][gc,heap     ] GC(1129) Survivor regions: 12->12(37)
[494.834s][info][gc,heap     ] GC(1129) Old regions: 70->70
[494.834s][info][gc,heap     ] GC(1129) Humongous regions: 5->1
[494.834s][info][gc,metaspace] GC(1129) Metaspace: 43084K(43456K)->43084K(43456K) NonClass: 40264K(40512K)->40264K(40512K) Class: 2820K(2944K)->2820K(2944K)
[494.834s][info][gc          ] GC(1129) Pause Young (Concurrent Start) (G1 Humongous Allocation) 86M->82M(490M) 9.141ms
[494.834s][info][gc,cpu      ] GC(1129) User=0.02s Sys=0.00s Real=0.01s
[494.834s][info][gc          ] GC(1130) Concurrent Undo Cycle
[494.834s][info][gc,marking  ] GC(1130) Concurrent Clear Claimed Marks
[494.834s][info][gc,marking  ] GC(1130) Concurrent Clear Claimed Marks 0.032ms
[494.834s][info][gc,marking  ] GC(1130) Concurrent Cleanup for Next Mark
[494.835s][info][gc,marking  ] GC(1130) Concurrent Cleanup for Next Mark 0.118ms
[494.835s][info][gc          ] GC(1130) Concurrent Undo Cycle 0.194ms
[494.838s][info][gc,start    ] GC(1131) Pause Young (Concurrent Start) (G1 Humongous Allocation)
[494.838s][info][gc,task     ] GC(1131) Using 2 workers of 2 for evacuation
[494.847s][info][gc,phases   ] GC(1131)   Pre Evacuate Collection Set: 0.20ms
[494.847s][info][gc,phases   ] GC(1131)   Merge Heap Roots: 0.04ms
[494.847s][info][gc,phases   ] GC(1131)   Evacuate Collection Set: 8.57ms
[494.847s][info][gc,phases   ] GC(1131)   Post Evacuate Collection Set: 0.28ms
[494.847s][info][gc,phases   ] GC(1131)   Other: 0.09ms
[494.847s][info][gc,heap     ] GC(1131) Eden regions: 1->0(282)
[494.847s][info][gc,heap     ] GC(1131) Survivor regions: 12->12(37)
[494.847s][info][gc,heap     ] GC(1131) Old regions: 70->70
[494.847s][info][gc,heap     ] GC(1131) Humongous regions: 3->1
[494.847s][info][gc,metaspace] GC(1131) Metaspace: 43084K(43456K)->43084K(43456K) NonClass: 40264K(40512K)->40264K(40512K) Class: 2820K(2944K)->2820K(2944K)
[494.847s][info][gc          ] GC(1131) Pause Young (Concurrent Start) (G1 Humongous Allocation) 84M->82M(490M) 9.309ms
[494.847s][info][gc,cpu      ] GC(1131) User=0.02s Sys=0.00s Real=0.01s
[494.847s][info][gc          ] GC(1132) Concurrent Mark Cycle
[494.847s][info][gc,marking  ] GC(1132) Concurrent Scan Root Regions
[494.853s][info][gc,marking  ] GC(1132) Concurrent Scan Root Regions 5.972ms
[494.853s][info][gc,marking  ] GC(1132) Concurrent Mark
[494.853s][info][gc,marking  ] GC(1132) Concurrent Mark From Roots
[494.853s][info][gc,task     ] GC(1132) Using 1 workers of 1 for marking
[494.924s][info][gc,marking  ] GC(1132) Concurrent Mark From Roots 70.041ms
[494.924s][info][gc,marking  ] GC(1132) Concurrent Preclean
[494.924s][info][gc,marking  ] GC(1132) Concurrent Preclean 0.040ms
[494.924s][info][gc,start    ] GC(1132) Pause Remark
[494.939s][info][gc          ] GC(1132) Pause Remark 138M->138M(430M) 15.046ms
[494.939s][info][gc,cpu      ] GC(1132) User=0.03s Sys=0.00s Real=0.01s
[494.939s][info][gc,marking  ] GC(1132) Concurrent Mark 85.535ms
[494.939s][info][gc,marking  ] GC(1132) Concurrent Rebuild Remembered Sets and Scrub Regions
[494.967s][info][gc,marking  ] GC(1132) Concurrent Rebuild Remembered Sets and Scrub Regions 27.538ms
[494.967s][info][gc,start    ] GC(1132) Pause Cleanup
[494.967s][info][gc          ] GC(1132) Pause Cleanup 157M->157M(430M) 0.073ms
[494.967s][info][gc,cpu      ] GC(1132) User=0.00s Sys=0.00s Real=0.00s
[494.967s][info][gc,marking  ] GC(1132) Concurrent Clear Claimed Marks
[494.967s][info][gc,marking  ] GC(1132) Concurrent Clear Claimed Marks 0.038ms
[494.967s][info][gc,marking  ] GC(1132) Concurrent Cleanup for Next Mark
[494.969s][info][gc,marking  ] GC(1132) Concurrent Cleanup for Next Mark 2.546ms
[494.969s][info][gc          ] GC(1132) Concurrent Mark Cycle 121.999ms
[495.442s][info][gc,start    ] GC(1133) Pause Young (Prepare Mixed) (G1 Evacuation Pause)
[495.442s][info][gc,task     ] GC(1133) Using 2 workers of 2 for evacuation
[495.479s][info][gc,phases   ] GC(1133)   Pre Evacuate Collection Set: 0.28ms
[495.479s][info][gc,phases   ] GC(1133)   Merge Heap Roots: 0.08ms
[495.479s][info][gc,phases   ] GC(1133)   Evacuate Collection Set: 34.55ms
[495.479s][info][gc,phases   ] GC(1133)   Post Evacuate Collection Set: 1.10ms
[495.479s][info][gc,phases   ] GC(1133)   Other: 0.07ms
[495.479s][info][gc,heap     ] GC(1133) Eden regions: 67->0(298)
[495.479s][info][gc,heap     ] GC(1133) Survivor regions: 12->21(36)
[495.479s][info][gc,heap     ] GC(1133) Old regions: 70->70
[495.479s][info][gc,heap     ] GC(1133) Humongous regions: 363->3
[495.479s][info][gc,metaspace] GC(1133) Metaspace: 43084K(43456K)->43084K(43456K) NonClass: 40264K(40512K)->40264K(40512K) Class: 2820K(2944K)->2820K(2944K)
[495.479s][info][gc          ] GC(1133) Pause Young (Prepare Mixed) (G1 Evacuation Pause) 511M->93M(533M) 36.295ms
[495.479s][info][gc,cpu      ] GC(1133) User=0.06s Sys=0.01s Real=0.03s
[496.147s][info][gc,start    ] GC(1134) Pause Young (Mixed) (G1 Evacuation Pause)
[496.147s][info][gc,task     ] GC(1134) Using 2 workers of 2 for evacuation
[496.219s][info][gc,phases   ] GC(1134)   Pre Evacuate Collection Set: 0.46ms
[496.219s][info][gc,phases   ] GC(1134)   Merge Heap Roots: 0.13ms
[496.219s][info][gc,phases   ] GC(1134)   Evacuate Collection Set: 70.13ms
[496.219s][info][gc,phases   ] GC(1134)   Post Evacuate Collection Set: 0.93ms
[496.219s][info][gc,phases   ] GC(1134)   Other: 0.07ms
[496.219s][info][gc,heap     ] GC(1134) Eden regions: 85->0(346)
[496.219s][info][gc,heap     ] GC(1134) Survivor regions: 21->33(43)
[496.219s][info][gc,heap     ] GC(1134) Old regions: 70->64
[496.219s][info][gc,heap     ] GC(1134) Humongous regions: 423->3
[496.219s][info][gc,metaspace] GC(1134) Metaspace: 43084K(43456K)->43084K(43456K) NonClass: 40264K(40512K)->40264K(40512K) Class: 2820K(2944K)->2820K(2944K)
[496.219s][info][gc          ] GC(1134) Pause Young (Mixed) (G1 Evacuation Pause) 598M->99M(633M) 71.924ms
[496.219s][info][gc,cpu      ] GC(1134) User=0.12s Sys=0.03s Real=0.07s
[497.089s][info][gc,start    ] GC(1135) Pause Young (Normal) (G1 Evacuation Pause)
[497.089s][info][gc,task     ] GC(1135) Using 2 workers of 2 for evacuation
[497.099s][info][gc,phases   ] GC(1135)   Pre Evacuate Collection Set: 0.26ms
[497.099s][info][gc,phases   ] GC(1135)   Merge Heap Roots: 0.10ms
[497.099s][info][gc,phases   ] GC(1135)   Evacuate Collection Set: 8.68ms
[497.099s][info][gc,phases   ] GC(1135)   Post Evacuate Collection Set: 0.59ms
[497.099s][info][gc,phases   ] GC(1135)   Other: 0.08ms
[497.099s][info][gc,heap     ] GC(1135) Eden regions: 346->0(370)
[497.099s][info][gc,heap     ] GC(1135) Survivor regions: 33->9(48)
[497.099s][info][gc,heap     ] GC(1135) Old regions: 64->68
[497.099s][info][gc,heap     ] GC(1135) Humongous regions: 63->1
[497.099s][info][gc,metaspace] GC(1135) Metaspace: 43093K(43520K)->43093K(43520K) NonClass: 40272K(40576K)->40272K(40576K) Class: 2820K(2944K)->2820K(2944K)
[497.099s][info][gc          ] GC(1135) Pause Young (Normal) (G1 Evacuation Pause) 505M->76M(633M) 9.947ms
[497.099s][info][gc,cpu      ] GC(1135) User=0.02s Sys=0.00s Real=0.01s
[497.858s][info][gc,start    ] GC(1136) Pause Young (Normal) (G1 Evacuation Pause)
[497.858s][info][gc,task     ] GC(1136) Using 2 workers of 2 for evacuation
[497.867s][info][gc,phases   ] GC(1136)   Pre Evacuate Collection Set: 0.27ms
[497.867s][info][gc,phases   ] GC(1136)   Merge Heap Roots: 0.10ms
[497.867s][info][gc,phases   ] GC(1136)   Evacuate Collection Set: 7.60ms
[497.867s][info][gc,phases   ] GC(1136)   Post Evacuate Collection Set: 0.59ms
[497.867s][info][gc,phases   ] GC(1136)   Other: 0.08ms
[497.867s][info][gc,heap     ] GC(1136) Eden regions: 370->0(367)
[497.867s][info][gc,heap     ] GC(1136) Survivor regions: 9->12(48)
[497.867s][info][gc,heap     ] GC(1136) Old regions: 68->68
[497.867s][info][gc,heap     ] GC(1136) Humongous regions: 1->1
[497.867s][info][gc,metaspace] GC(1136) Metaspace: 43094K(43520K)->43094K(43520K) NonClass: 40273K(40576K)->40273K(40576K) Class: 2820K(2944K)->2820K(2944K)
[497.867s][info][gc          ] GC(1136) Pause Young (Normal) (G1 Evacuation Pause) 446M->79M(633M) 8.856ms
[497.867s][info][gc,cpu      ] GC(1136) User=0.02s Sys=0.00s Real=0.01s
[498.660s][info][gc,start    ] GC(1137) Pause Young (Normal) (G1 Evacuation Pause)
[498.660s][info][gc,task     ] GC(1137) Using 2 workers of 2 for evacuation
[498.665s][info][gc,phases   ] GC(1137)   Pre Evacuate Collection Set: 0.26ms
[498.665s][info][gc,phases   ] GC(1137)   Merge Heap Roots: 0.09ms
[498.665s][info][gc,phases   ] GC(1137)   Evacuate Collection Set: 3.73ms
[498.665s][info][gc,phases   ] GC(1137)   Post Evacuate Collection Set: 0.55ms
[498.665s][info][gc,phases   ] GC(1137)   Other: 0.07ms
[498.665s][info][gc,heap     ] GC(1137) Eden regions: 367->0(371)
[498.665s][info][gc,heap     ] GC(1137) Survivor regions: 12->8(48)
[498.665s][info][gc,heap     ] GC(1137) Old regions: 68->68
[498.665s][info][gc,heap     ] GC(1137) Humongous regions: 1->1
[498.665s][info][gc,metaspace] GC(1137) Metaspace: 43094K(43520K)->43094K(43520K) NonClass: 40273K(40576K)->40273K(40576K) Class: 2820K(2944K)->2820K(2944K)
[498.665s][info][gc          ] GC(1137) Pause Young (Normal) (G1 Evacuation Pause) 446M->75M(633M) 4.909ms
[498.665s][info][gc,cpu      ] GC(1137) User=0.01s Sys=0.00s Real=0.01s
[499.953s][info][gc,start    ] GC(1138) Pause Young (Normal) (G1 Evacuation Pause)
[499.953s][info][gc,task     ] GC(1138) Using 2 workers of 2 for evacuation
[499.960s][info][gc,phases   ] GC(1138)   Pre Evacuate Collection Set: 0.26ms
[499.960s][info][gc,phases   ] GC(1138)   Merge Heap Roots: 0.12ms
[499.960s][info][gc,phases   ] GC(1138)   Evacuate Collection Set: 5.61ms
[499.960s][info][gc,phases   ] GC(1138)   Post Evacuate Collection Set: 0.73ms
[499.960s][info][gc,phases   ] GC(1138)   Other: 0.07ms
[499.960s][info][gc,heap     ] GC(1138) Eden regions: 371->0(372)
[499.960s][info][gc,heap     ] GC(1138) Survivor regions: 8->7(48)
[499.960s][info][gc,heap     ] GC(1138) Old regions: 68->68
[499.960s][info][gc,heap     ] GC(1138) Humongous regions: 1->1
[499.960s][info][gc,metaspace] GC(1138) Metaspace: 43103K(43520K)->43103K(43520K) NonClass: 40282K(40576K)->40282K(40576K) Class: 2820K(2944K)->2820K(2944K)
[499.960s][info][gc          ] GC(1138) Pause Young (Normal) (G1 Evacuation Pause) 446M->74M(633M) 6.963ms
[499.960s][info][gc,cpu      ] GC(1138) User=0.01s Sys=0.00s Real=0.00s
[501.132s][info][gc,start    ] GC(1139) Pause Young (Normal) (G1 Evacuation Pause)
[501.132s][info][gc,task     ] GC(1139) Using 2 workers of 2 for evacuation
[501.172s][info][gc,phases   ] GC(1139)   Pre Evacuate Collection Set: 0.27ms
[501.172s][info][gc,phases   ] GC(1139)   Merge Heap Roots: 0.12ms
[501.172s][info][gc,phases   ] GC(1139)   Evacuate Collection Set: 39.45ms
[501.172s][info][gc,phases   ] GC(1139)   Post Evacuate Collection Set: 0.67ms
[501.172s][info][gc,phases   ] GC(1139)   Other: 0.08ms
[501.172s][info][gc,heap     ] GC(1139) Eden regions: 372->0(337)
[501.172s][info][gc,heap     ] GC(1139) Survivor regions: 7->42(48)
[501.172s][info][gc,heap     ] GC(1139) Old regions: 68->68
[501.172s][info][gc,heap     ] GC(1139) Humongous regions: 14->4
[501.172s][info][gc,metaspace] GC(1139) Metaspace: 43116K(43520K)->43116K(43520K) NonClass: 40295K(40576K)->40295K(40576K) Class: 2820K(2944K)->2820K(2944K)
[501.172s][info][gc          ] GC(1139) Pause Young (Normal) (G1 Evacuation Pause) 459M->112M(633M) 40.803ms
[501.172s][info][gc,cpu      ] GC(1139) User=0.08s Sys=0.00s Real=0.05s
[501.895s][info][gc,start    ] GC(1140) Pause Young (Normal) (G1 Evacuation Pause)
[501.895s][info][gc,task     ] GC(1140) Using 2 workers of 2 for evacuation
[501.976s][info][gc,phases   ] GC(1140)   Pre Evacuate Collection Set: 0.26ms
[501.976s][info][gc,phases   ] GC(1140)   Merge Heap Roots: 0.14ms
[501.976s][info][gc,phases   ] GC(1140)   Evacuate Collection Set: 79.45ms
[501.976s][info][gc,phases   ] GC(1140)   Post Evacuate Collection Set: 0.68ms
[501.976s][info][gc,phases   ] GC(1140)   Other: 0.08ms
[501.976s][info][gc,heap     ] GC(1140) Eden regions: 337->0(342)
[501.976s][info][gc,heap     ] GC(1140) Survivor regions: 42->37(48)
[501.976s][info][gc,heap     ] GC(1140) Old regions: 68->109
[501.976s][info][gc,heap     ] GC(1140) Humongous regions: 6->6
[501.976s][info][gc,metaspace] GC(1140) Metaspace: 43116K(43520K)->43116K(43520K) NonClass: 40295K(40576K)->40295K(40576K) Class: 2820K(2944K)->2820K(2944K)
[501.976s][info][gc          ] GC(1140) Pause Young (Normal) (G1 Evacuation Pause) 451M->150M(633M) 80.824ms
[501.976s][info][gc,cpu      ] GC(1140) User=0.16s Sys=0.00s Real=0.08s
[501.981s][info][gc,start    ] GC(1141) Pause Young (Concurrent Start) (G1 Humongous Allocation)
[501.981s][info][gc,task     ] GC(1141) Using 2 workers of 2 for evacuation
[502.012s][info][gc,phases   ] GC(1141)   Pre Evacuate Collection Set: 0.31ms
[502.012s][info][gc,phases   ] GC(1141)   Merge Heap Roots: 0.07ms
[502.012s][info][gc,phases   ] GC(1141)   Evacuate Collection Set: 30.41ms
[502.012s][info][gc,phases   ] GC(1141)   Post Evacuate Collection Set: 0.29ms
[502.012s][info][gc,phases   ] GC(1141)   Other: 0.09ms
[502.012s][info][gc,heap     ] GC(1141) Eden regions: 2->0(378)
[502.012s][info][gc,heap     ] GC(1141) Survivor regions: 37->1(48)
[502.012s][info][gc,heap     ] GC(1141) Old regions: 109->145
[502.012s][info][gc,heap     ] GC(1141) Humongous regions: 6->6
[502.012s][info][gc,metaspace] GC(1141) Metaspace: 43116K(43520K)->43116K(43520K) NonClass: 40295K(40576K)->40295K(40576K) Class: 2820K(2944K)->2820K(2944K)
[502.012s][info][gc          ] GC(1141) Pause Young (Concurrent Start) (G1 Humongous Allocation) 152M->151M(633M) 31.328ms
[502.012s][info][gc,cpu      ] GC(1141) User=0.06s Sys=0.00s Real=0.04s
[502.012s][info][gc          ] GC(1142) Concurrent Mark Cycle
[502.012s][info][gc,marking  ] GC(1142) Concurrent Scan Root Regions
[502.074s][info][gc,marking  ] GC(1142) Concurrent Scan Root Regions 61.808ms
[502.074s][info][gc,marking  ] GC(1142) Concurrent Mark
[502.074s][info][gc,marking  ] GC(1142) Concurrent Mark From Roots
[502.074s][info][gc,task     ] GC(1142) Using 1 workers of 1 for marking
[502.175s][info][gc,marking  ] GC(1142) Concurrent Mark From Roots 101.013ms
[502.175s][info][gc,marking  ] GC(1142) Concurrent Preclean
[502.175s][info][gc,marking  ] GC(1142) Concurrent Preclean 0.170ms
[502.176s][info][gc,start    ] GC(1142) Pause Remark
[502.194s][info][gc          ] GC(1142) Pause Remark 199M->189M(487M) 18.013ms
[502.194s][info][gc,cpu      ] GC(1142) User=0.03s Sys=0.00s Real=0.02s
[502.196s][info][gc,marking  ] GC(1142) Concurrent Mark 121.636ms
[502.196s][info][gc,marking  ] GC(1142) Concurrent Rebuild Remembered Sets and Scrub Regions
[502.264s][info][gc,marking  ] GC(1142) Concurrent Rebuild Remembered Sets and Scrub Regions 68.294ms
[502.264s][info][gc,start    ] GC(1142) Pause Cleanup
[502.264s][info][gc          ] GC(1142) Pause Cleanup 208M->208M(487M) 0.069ms
[502.264s][info][gc,cpu      ] GC(1142) User=0.00s Sys=0.00s Real=0.00s
[502.266s][info][gc,marking  ] GC(1142) Concurrent Clear Claimed Marks
[502.266s][info][gc,marking  ] GC(1142) Concurrent Clear Claimed Marks 0.059ms
[502.266s][info][gc,marking  ] GC(1142) Concurrent Cleanup for Next Mark
[502.268s][info][gc,marking  ] GC(1142) Concurrent Cleanup for Next Mark 1.908ms
[502.268s][info][gc          ] GC(1142) Concurrent Mark Cycle 255.290ms
[505.602s][info][gc,start    ] GC(1143) Pause Young (Prepare Mixed) (G1 Evacuation Pause)
[505.602s][info][gc,task     ] GC(1143) Using 2 workers of 2 for evacuation
[505.640s][info][gc,phases   ] GC(1143)   Pre Evacuate Collection Set: 0.26ms
[505.640s][info][gc,phases   ] GC(1143)   Merge Heap Roots: 0.24ms
[505.640s][info][gc,phases   ] GC(1143)   Evacuate Collection Set: 36.46ms
[505.640s][info][gc,phases   ] GC(1143)   Post Evacuate Collection Set: 0.58ms
[505.640s][info][gc,phases   ] GC(1143)   Other: 0.09ms
[505.640s][info][gc,heap     ] GC(1143) Eden regions: 291->0(257)
[505.640s][info][gc,heap     ] GC(1143) Survivor regions: 1->23(37)
[505.640s][info][gc,heap     ] GC(1143) Old regions: 136->136
[505.640s][info][gc,heap     ] GC(1143) Humongous regions: 20->15
[505.640s][info][gc,metaspace] GC(1143) Metaspace: 43126K(43520K)->43126K(43520K) NonClass: 40306K(40576K)->40306K(40576K) Class: 2820K(2944K)->2820K(2944K)
[505.640s][info][gc          ] GC(1143) Pause Young (Prepare Mixed) (G1 Evacuation Pause) 447M->172M(487M) 37.813ms
[505.640s][info][gc,cpu      ] GC(1143) User=0.07s Sys=0.00s Real=0.03s
[506.426s][info][gc,start    ] GC(1144) Pause Young (Mixed) (G1 Evacuation Pause)
[506.427s][info][gc,task     ] GC(1144) Using 2 workers of 2 for evacuation
[506.461s][info][gc,phases   ] GC(1144)   Pre Evacuate Collection Set: 0.24ms
[506.461s][info][gc,phases   ] GC(1144)   Merge Heap Roots: 0.16ms
[506.461s][info][gc,phases   ] GC(1144)   Evacuate Collection Set: 33.80ms
[506.461s][info][gc,phases   ] GC(1144)   Post Evacuate Collection Set: 0.51ms
[506.461s][info][gc,phases   ] GC(1144)   Other: 0.10ms
[506.461s][info][gc,heap     ] GC(1144) Eden regions: 257->0(267)
[506.461s][info][gc,heap     ] GC(1144) Survivor regions: 23->6(35)
[506.461s][info][gc,heap     ] GC(1144) Old regions: 136->149
[506.461s][info][gc,heap     ] GC(1144) Humongous regions: 15->15
[506.461s][info][gc,metaspace] GC(1144) Metaspace: 43126K(43520K)->43126K(43520K) NonClass: 40306K(40576K)->40306K(40576K) Class: 2820K(2944K)->2820K(2944K)
[506.461s][info][gc          ] GC(1144) Pause Young (Mixed) (G1 Evacuation Pause) 429M->169M(487M) 34.997ms
[506.462s][info][gc,cpu      ] GC(1144) User=0.07s Sys=0.00s Real=0.03s
[507.762s][info][gc,start    ] GC(1145) Pause Young (Concurrent Start) (G1 Evacuation Pause)
[507.762s][info][gc,task     ] GC(1145) Using 2 workers of 2 for evacuation
[507.771s][info][gc,phases   ] GC(1145)   Pre Evacuate Collection Set: 0.25ms
[507.771s][info][gc,phases   ] GC(1145)   Merge Heap Roots: 0.09ms
[507.771s][info][gc,phases   ] GC(1145)   Evacuate Collection Set: 7.22ms
[507.771s][info][gc,phases   ] GC(1145)   Post Evacuate Collection Set: 0.67ms
[507.771s][info][gc,phases   ] GC(1145)   Other: 0.09ms
[507.771s][info][gc,heap     ] GC(1145) Eden regions: 267->0(272)
[507.771s][info][gc,heap     ] GC(1145) Survivor regions: 6->8(35)
[507.771s][info][gc,heap     ] GC(1145) Old regions: 149->149
[507.771s][info][gc,heap     ] GC(1145) Humongous regions: 15->15
[507.771s][info][gc,metaspace] GC(1145) Metaspace: 43126K(43520K)->43126K(43520K) NonClass: 40306K(40576K)->40306K(40576K) Class: 2820K(2944K)->2820K(2944K)
[507.771s][info][gc          ] GC(1145) Pause Young (Concurrent Start) (G1 Evacuation Pause) 436M->171M(487M) 8.480ms
[507.771s][info][gc,cpu      ] GC(1145) User=0.02s Sys=0.00s Real=0.00s
[507.771s][info][gc          ] GC(1146) Concurrent Mark Cycle
[507.771s][info][gc,marking  ] GC(1146) Concurrent Scan Root Regions
[507.776s][info][gc,marking  ] GC(1146) Concurrent Scan Root Regions 5.190ms
[507.776s][info][gc,marking  ] GC(1146) Concurrent Mark
[507.776s][info][gc,marking  ] GC(1146) Concurrent Mark From Roots
[507.776s][info][gc,task     ] GC(1146) Using 1 workers of 1 for marking
[507.803s][info][gc,marking  ] GC(1146) Concurrent Mark From Roots 27.153ms
[507.803s][info][gc,marking  ] GC(1146) Concurrent Preclean
[507.803s][info][gc,marking  ] GC(1146) Concurrent Preclean 0.059ms
[507.803s][info][gc,start    ] GC(1146) Pause Remark
[507.820s][info][gc          ] GC(1146) Pause Remark 175M->69M(256M) 16.786ms
[507.820s][info][gc,cpu      ] GC(1146) User=0.03s Sys=0.00s Real=0.01s
[507.820s][info][gc,marking  ] GC(1146) Concurrent Mark 44.173ms
[507.820s][info][gc,marking  ] GC(1146) Concurrent Rebuild Remembered Sets and Scrub Regions
[507.830s][info][gc,marking  ] GC(1146) Concurrent Rebuild Remembered Sets and Scrub Regions 10.307ms
[507.831s][info][gc,start    ] GC(1146) Pause Cleanup
[507.831s][info][gc          ] GC(1146) Pause Cleanup 71M->71M(256M) 0.049ms
[507.831s][info][gc,cpu      ] GC(1146) User=0.00s Sys=0.00s Real=0.00s
[507.831s][info][gc,marking  ] GC(1146) Concurrent Clear Claimed Marks
[507.831s][info][gc,marking  ] GC(1146) Concurrent Clear Claimed Marks 0.033ms
[507.831s][info][gc,marking  ] GC(1146) Concurrent Cleanup for Next Mark
[507.831s][info][gc,marking  ] GC(1146) Concurrent Cleanup for Next Mark 0.724ms
[507.831s][info][gc          ] GC(1146) Concurrent Mark Cycle 60.755ms
[508.586s][info][gc,start    ] GC(1147) Pause Young (Prepare Mixed) (G1 Evacuation Pause)
[508.586s][info][gc,task     ] GC(1147) Using 2 workers of 2 for evacuation
[508.592s][info][gc,phases   ] GC(1147)   Pre Evacuate Collection Set: 0.17ms
[508.592s][info][gc,phases   ] GC(1147)   Merge Heap Roots: 0.07ms
[508.592s][info][gc,phases   ] GC(1147)   Evacuate Collection Set: 5.42ms
[508.592s][info][gc,phases   ] GC(1147)   Post Evacuate Collection Set: 0.36ms
[508.592s][info][gc,phases   ] GC(1147)   Other: 0.06ms
[508.592s][info][gc,heap     ] GC(1147) Eden regions: 145->0(145)
[508.592s][info][gc,heap     ] GC(1147) Survivor regions: 8->8(20)
[508.592s][info][gc,heap     ] GC(1147) Old regions: 56->56
[508.592s][info][gc,heap     ] GC(1147) Humongous regions: 1->1
[508.592s][info][gc,metaspace] GC(1147) Metaspace: 43126K(43520K)->43126K(43520K) NonClass: 40306K(40576K)->40306K(40576K) Class: 2820K(2944K)->2820K(2944K)
[508.592s][info][gc          ] GC(1147) Pause Young (Prepare Mixed) (G1 Evacuation Pause) 209M->64M(256M) 6.252ms
[508.592s][info][gc,cpu      ] GC(1147) User=0.01s Sys=0.00s Real=0.01s
[509.373s][info][gc,start    ] GC(1148) Pause Young (Mixed) (G1 Evacuation Pause)
[509.373s][info][gc,task     ] GC(1148) Using 2 workers of 2 for evacuation
[509.379s][info][gc,phases   ] GC(1148)   Pre Evacuate Collection Set: 0.16ms
[509.379s][info][gc,phases   ] GC(1148)   Merge Heap Roots: 0.08ms
[509.379s][info][gc,phases   ] GC(1148)   Evacuate Collection Set: 5.46ms
[509.379s][info][gc,phases   ] GC(1148)   Post Evacuate Collection Set: 0.47ms
[509.379s][info][gc,phases   ] GC(1148)   Other: 0.10ms
[509.379s][info][gc,heap     ] GC(1148) Eden regions: 145->0(147)
[509.379s][info][gc,heap     ] GC(1148) Survivor regions: 8->6(20)
[509.379s][info][gc,heap     ] GC(1148) Old regions: 56->40
[509.379s][info][gc,heap     ] GC(1148) Humongous regions: 1->1
[509.379s][info][gc,metaspace] GC(1148) Metaspace: 43126K(43520K)->43126K(43520K) NonClass: 40306K(40576K)->40306K(40576K) Class: 2820K(2944K)->2820K(2944K)
[509.379s][info][gc          ] GC(1148) Pause Young (Mixed) (G1 Evacuation Pause) 209M->46M(256M) 6.435ms
[509.379s][info][gc,cpu      ] GC(1148) User=0.01s Sys=0.00s Real=0.00s
[509.720s][info][gc,start    ] GC(1149) Pause Young (Concurrent Start) (G1 Humongous Allocation)
[509.720s][info][gc,task     ] GC(1149) Using 2 workers of 2 for evacuation
[509.724s][info][gc,phases   ] GC(1149)   Pre Evacuate Collection Set: 0.18ms
[509.724s][info][gc,phases   ] GC(1149)   Merge Heap Roots: 0.05ms
[509.724s][info][gc,phases   ] GC(1149)   Evacuate Collection Set: 4.06ms
[509.724s][info][gc,phases   ] GC(1149)   Post Evacuate Collection Set: 0.32ms
[509.724s][info][gc,phases   ] GC(1149)   Other: 0.09ms
[509.724s][info][gc,heap     ] GC(1149) Eden regions: 63->0(147)
[509.724s][info][gc,heap     ] GC(1149) Survivor regions: 6->6(20)
[509.724s][info][gc,heap     ] GC(1149) Old regions: 40->40
[509.724s][info][gc,heap     ] GC(1149) Humongous regions: 1->1
[509.724s][info][gc,metaspace] GC(1149) Metaspace: 43126K(43520K)->43126K(43520K) NonClass: 40306K(40576K)->40306K(40576K) Class: 2820K(2944K)->2820K(2944K)
[509.724s][info][gc          ] GC(1149) Pause Young (Concurrent Start) (G1 Humongous Allocation) 108M->45M(256M) 4.868ms
[509.724s][info][gc,cpu      ] GC(1149) User=0.01s Sys=0.00s Real=0.01s
[509.724s][info][gc          ] GC(1150) Concurrent Mark Cycle
[509.724s][info][gc,marking  ] GC(1150) Concurrent Scan Root Regions
[509.727s][info][gc,marking  ] GC(1150) Concurrent Scan Root Regions 2.696ms
[509.727s][info][gc,marking  ] GC(1150) Concurrent Mark
[509.727s][info][gc,marking  ] GC(1150) Concurrent Mark From Roots
[509.727s][info][gc,task     ] GC(1150) Using 1 workers of 1 for marking
[509.753s][info][gc,marking  ] GC(1150) Concurrent Mark From Roots 26.197ms
[509.753s][info][gc,marking  ] GC(1150) Concurrent Preclean
[509.753s][info][gc,marking  ] GC(1150) Concurrent Preclean 0.035ms
[509.754s][info][gc,start    ] GC(1150) Pause Remark
[509.769s][info][gc          ] GC(1150) Pause Remark 53M->53M(256M) 15.149ms
[509.769s][info][gc,cpu      ] GC(1150) User=0.03s Sys=0.00s Real=0.01s
[509.769s][info][gc,marking  ] GC(1150) Concurrent Mark 41.626ms
[509.769s][info][gc,marking  ] GC(1150) Concurrent Rebuild Remembered Sets and Scrub Regions
[509.781s][info][gc,marking  ] GC(1150) Concurrent Rebuild Remembered Sets and Scrub Regions 11.793ms
[509.781s][info][gc,start    ] GC(1150) Pause Cleanup
[509.781s][info][gc          ] GC(1150) Pause Cleanup 55M->55M(256M) 0.055ms
[509.781s][info][gc,cpu      ] GC(1150) User=0.00s Sys=0.00s Real=0.00s
[509.781s][info][gc,marking  ] GC(1150) Concurrent Clear Claimed Marks
[509.781s][info][gc,marking  ] GC(1150) Concurrent Clear Claimed Marks 0.032ms
[509.781s][info][gc,marking  ] GC(1150) Concurrent Cleanup for Next Mark
[509.782s][info][gc,marking  ] GC(1150) Concurrent Cleanup for Next Mark 0.742ms
[509.782s][info][gc          ] GC(1150) Concurrent Mark Cycle 57.224ms
[510.519s][info][gc,start    ] GC(1151) Pause Young (Prepare Mixed) (G1 Evacuation Pause)
[510.519s][info][gc,task     ] GC(1151) Using 2 workers of 2 for evacuation
[510.525s][info][gc,phases   ] GC(1151)   Pre Evacuate Collection Set: 0.19ms
[510.525s][info][gc,phases   ] GC(1151)   Merge Heap Roots: 0.06ms
[510.525s][info][gc,phases   ] GC(1151)   Evacuate Collection Set: 5.20ms
[510.525s][info][gc,phases   ] GC(1151)   Post Evacuate Collection Set: 0.36ms
[510.525s][info][gc,phases   ] GC(1151)   Other: 0.07ms
[510.525s][info][gc,heap     ] GC(1151) Eden regions: 147->0(146)
[510.525s][info][gc,heap     ] GC(1151) Survivor regions: 6->7(20)
[510.525s][info][gc,heap     ] GC(1151) Old regions: 40->40
[510.525s][info][gc,heap     ] GC(1151) Humongous regions: 2->1
[510.525s][info][gc,metaspace] GC(1151) Metaspace: 43126K(43520K)->43126K(43520K) NonClass: 40306K(40576K)->40306K(40576K) Class: 2820K(2944K)->2820K(2944K)
[510.525s][info][gc          ] GC(1151) Pause Young (Prepare Mixed) (G1 Evacuation Pause) 193M->46M(256M) 6.085ms
[510.525s][info][gc,cpu      ] GC(1151) User=0.01s Sys=0.00s Real=0.01s
[511.227s][info][gc,start    ] GC(1152) Pause Young (Mixed) (G1 Evacuation Pause)
[511.227s][info][gc,task     ] GC(1152) Using 2 workers of 2 for evacuation
[511.237s][info][gc,phases   ] GC(1152)   Pre Evacuate Collection Set: 0.16ms
[511.237s][info][gc,phases   ] GC(1152)   Merge Heap Roots: 0.11ms
[511.237s][info][gc,phases   ] GC(1152)   Evacuate Collection Set: 9.05ms
[511.237s][info][gc,phases   ] GC(1152)   Post Evacuate Collection Set: 0.43ms
[511.237s][info][gc,phases   ] GC(1152)   Other: 0.06ms
[511.237s][info][gc,heap     ] GC(1152) Eden regions: 146->0(142)
[511.237s][info][gc,heap     ] GC(1152) Survivor regions: 7->11(20)
[511.237s][info][gc,heap     ] GC(1152) Old regions: 40->28
[511.237s][info][gc,heap     ] GC(1152) Humongous regions: 1->1
[511.237s][info][gc,metaspace] GC(1152) Metaspace: 43126K(43520K)->43126K(43520K) NonClass: 40306K(40576K)->40306K(40576K) Class: 2820K(2944K)->2820K(2944K)
[511.237s][info][gc          ] GC(1152) Pause Young (Mixed) (G1 Evacuation Pause) 192M->39M(256M) 9.992ms
[511.237s][info][gc,cpu      ] GC(1152) User=0.02s Sys=0.00s Real=0.01s
[511.253s][info][gc,start    ] GC(1153) Pause Young (Concurrent Start) (G1 Humongous Allocation)
[511.253s][info][gc,task     ] GC(1153) Using 2 workers of 2 for evacuation
[511.257s][info][gc,phases   ] GC(1153)   Pre Evacuate Collection Set: 0.15ms
[511.257s][info][gc,phases   ] GC(1153)   Merge Heap Roots: 0.04ms
[511.257s][info][gc,phases   ] GC(1153)   Evacuate Collection Set: 3.31ms
[511.257s][info][gc,phases   ] GC(1153)   Post Evacuate Collection Set: 0.26ms
[511.257s][info][gc,phases   ] GC(1153)   Other: 0.08ms
[511.257s][info][gc,heap     ] GC(1153) Eden regions: 3->0(147)
[511.257s][info][gc,heap     ] GC(1153) Survivor regions: 11->6(20)
[511.257s][info][gc,heap     ] GC(1153) Old regions: 28->28
[511.257s][info][gc,heap     ] GC(1153) Humongous regions: 1->1
[511.257s][info][gc,metaspace] GC(1153) Metaspace: 43126K(43520K)->43126K(43520K) NonClass: 40306K(40576K)->40306K(40576K) Class: 2820K(2944K)->2820K(2944K)
[511.257s][info][gc          ] GC(1153) Pause Young (Concurrent Start) (G1 Humongous Allocation) 41M->34M(256M) 3.987ms
[511.257s][info][gc,cpu      ] GC(1153) User=0.00s Sys=0.00s Real=0.00s
[511.257s][info][gc          ] GC(1154) Concurrent Mark Cycle
[511.257s][info][gc,marking  ] GC(1154) Concurrent Scan Root Regions
[511.260s][info][gc,marking  ] GC(1154) Concurrent Scan Root Regions 2.326ms
[511.260s][info][gc,marking  ] GC(1154) Concurrent Mark
[511.260s][info][gc,marking  ] GC(1154) Concurrent Mark From Roots
[511.260s][info][gc,task     ] GC(1154) Using 1 workers of 1 for marking
[511.288s][info][gc,marking  ] GC(1154) Concurrent Mark From Roots 28.819ms
[511.288s][info][gc,marking  ] GC(1154) Concurrent Preclean
[511.288s][info][gc,marking  ] GC(1154) Concurrent Preclean 0.038ms
[511.289s][info][gc,start    ] GC(1154) Pause Remark
[511.303s][info][gc          ] GC(1154) Pause Remark 48M->48M(256M) 14.781ms
[511.303s][info][gc,cpu      ] GC(1154) User=0.03s Sys=0.00s Real=0.02s
[511.303s][info][gc,marking  ] GC(1154) Concurrent Mark 43.816ms
[511.303s][info][gc,marking  ] GC(1154) Concurrent Rebuild Remembered Sets and Scrub Regions
[511.314s][info][gc,marking  ] GC(1154) Concurrent Rebuild Remembered Sets and Scrub Regions 10.150ms
[511.314s][info][gc,start    ] GC(1154) Pause Cleanup
[511.314s][info][gc          ] GC(1154) Pause Cleanup 52M->52M(256M) 0.044ms
[511.314s][info][gc,cpu      ] GC(1154) User=0.00s Sys=0.00s Real=0.00s
[511.314s][info][gc,marking  ] GC(1154) Concurrent Clear Claimed Marks
[511.314s][info][gc,marking  ] GC(1154) Concurrent Clear Claimed Marks 0.048ms
[511.314s][info][gc,marking  ] GC(1154) Concurrent Cleanup for Next Mark
[511.315s][info][gc,marking  ] GC(1154) Concurrent Cleanup for Next Mark 0.733ms
[511.315s][info][gc          ] GC(1154) Concurrent Mark Cycle 57.420ms
[511.616s][info][gc,start    ] GC(1155) Pause Young (Prepare Mixed) (G1 Evacuation Pause)
[511.616s][info][gc,task     ] GC(1155) Using 2 workers of 2 for evacuation
[511.638s][info][gc,phases   ] GC(1155)   Pre Evacuate Collection Set: 0.19ms
[511.638s][info][gc,phases   ] GC(1155)   Merge Heap Roots: 0.08ms
[511.638s][info][gc,phases   ] GC(1155)   Evacuate Collection Set: 21.61ms
[511.638s][info][gc,phases   ] GC(1155)   Post Evacuate Collection Set: 0.45ms
[511.638s][info][gc,phases   ] GC(1155)   Other: 0.07ms
[511.638s][info][gc,heap     ] GC(1155) Eden regions: 147->0(133)
[511.638s][info][gc,heap     ] GC(1155) Survivor regions: 6->20(20)
[511.638s][info][gc,heap     ] GC(1155) Old regions: 28->31
[511.638s][info][gc,heap     ] GC(1155) Humongous regions: 4->4
[511.638s][info][gc,metaspace] GC(1155) Metaspace: 43126K(43520K)->43126K(43520K) NonClass: 40306K(40576K)->40306K(40576K) Class: 2820K(2944K)->2820K(2944K)
[511.638s][info][gc          ] GC(1155) Pause Young (Prepare Mixed) (G1 Evacuation Pause) 184M->54M(256M) 22.628ms
[511.638s][info][gc,cpu      ] GC(1155) User=0.04s Sys=0.00s Real=0.02s
[511.947s][info][gc,start    ] GC(1156) Pause Young (Mixed) (G1 Evacuation Pause)
[511.947s][info][gc,task     ] GC(1156) Using 2 workers of 2 for evacuation
[511.985s][info][gc,phases   ] GC(1156)   Pre Evacuate Collection Set: 0.18ms
[511.985s][info][gc,phases   ] GC(1156)   Merge Heap Roots: 0.18ms
[511.985s][info][gc,phases   ] GC(1156)   Evacuate Collection Set: 36.65ms
[511.985s][info][gc,phases   ] GC(1156)   Post Evacuate Collection Set: 0.45ms
[511.985s][info][gc,phases   ] GC(1156)   Other: 0.09ms
[511.985s][info][gc,heap     ] GC(1156) Eden regions: 133->0(137)
[511.985s][info][gc,heap     ] GC(1156) Survivor regions: 20->16(20)
[511.985s][info][gc,heap     ] GC(1156) Old regions: 31->48
[511.985s][info][gc,heap     ] GC(1156) Humongous regions: 6->6
[511.985s][info][gc,metaspace] GC(1156) Metaspace: 43126K(43520K)->43126K(43520K) NonClass: 40306K(40576K)->40306K(40576K) Class: 2820K(2944K)->2820K(2944K)
[511.985s][info][gc          ] GC(1156) Pause Young (Mixed) (G1 Evacuation Pause) 189M->70M(256M) 37.753ms
[511.985s][info][gc,cpu      ] GC(1156) User=0.07s Sys=0.00s Real=0.04s
[512.275s][info][gc,start    ] GC(1157) Pause Young (Concurrent Start) (G1 Evacuation Pause)
[512.275s][info][gc,task     ] GC(1157) Using 2 workers of 2 for evacuation
[512.309s][info][gc,phases   ] GC(1157)   Pre Evacuate Collection Set: 0.15ms
[512.309s][info][gc,phases   ] GC(1157)   Merge Heap Roots: 0.10ms
[512.309s][info][gc,phases   ] GC(1157)   Evacuate Collection Set: 33.23ms
[512.309s][info][gc,phases   ] GC(1157)   Post Evacuate Collection Set: 0.40ms
[512.309s][info][gc,phases   ] GC(1157)   Other: 0.09ms
[512.309s][info][gc,heap     ] GC(1157) Eden regions: 137->0(135)
[512.309s][info][gc,heap     ] GC(1157) Survivor regions: 16->16(20)
[512.309s][info][gc,heap     ] GC(1157) Old regions: 48->64
[512.309s][info][gc,heap     ] GC(1157) Humongous regions: 6->6
[512.309s][info][gc,metaspace] GC(1157) Metaspace: 43126K(43520K)->43126K(43520K) NonClass: 40306K(40576K)->40306K(40576K) Class: 2820K(2944K)->2820K(2944K)
[512.309s][info][gc          ] GC(1157) Pause Young (Concurrent Start) (G1 Evacuation Pause) 207M->86M(256M) 34.170ms
[512.310s][info][gc          ] GC(1158) Concurrent Mark Cycle
[512.310s][info][gc,marking  ] GC(1158) Concurrent Scan Root Regions
[512.310s][info][gc,cpu      ] GC(1157) User=0.07s Sys=0.00s Real=0.03s
[512.332s][info][gc,marking  ] GC(1158) Concurrent Scan Root Regions 22.390ms
[512.332s][info][gc,marking  ] GC(1158) Concurrent Mark
[512.332s][info][gc,marking  ] GC(1158) Concurrent Mark From Roots
[512.332s][info][gc,task     ] GC(1158) Using 1 workers of 1 for marking
[512.389s][info][gc,marking  ] GC(1158) Concurrent Mark From Roots 57.483ms
[512.389s][info][gc,marking  ] GC(1158) Concurrent Preclean
[512.390s][info][gc,marking  ] GC(1158) Concurrent Preclean 0.040ms
[512.390s][info][gc,start    ] GC(1158) Pause Remark
[512.405s][info][gc          ] GC(1158) Pause Remark 122M->121M(256M) 15.527ms
[512.405s][info][gc,cpu      ] GC(1158) User=0.03s Sys=0.00s Real=0.02s
[512.406s][info][gc,marking  ] GC(1158) Concurrent Mark 73.887ms
[512.406s][info][gc,marking  ] GC(1158) Concurrent Rebuild Remembered Sets and Scrub Regions
[512.442s][info][gc,marking  ] GC(1158) Concurrent Rebuild Remembered Sets and Scrub Regions 36.272ms
[512.442s][info][gc,start    ] GC(1158) Pause Cleanup
[512.442s][info][gc          ] GC(1158) Pause Cleanup 139M->139M(256M) 0.061ms
[512.442s][info][gc,cpu      ] GC(1158) User=0.00s Sys=0.00s Real=0.00s
[512.442s][info][gc,marking  ] GC(1158) Concurrent Clear Claimed Marks
[512.442s][info][gc,marking  ] GC(1158) Concurrent Clear Claimed Marks 0.040ms
[512.442s][info][gc,marking  ] GC(1158) Concurrent Cleanup for Next Mark
[512.443s][info][gc,marking  ] GC(1158) Concurrent Cleanup for Next Mark 0.773ms
[512.443s][info][gc          ] GC(1158) Concurrent Mark Cycle 133.744ms
[512.670s][info][gc,start    ] GC(1159) Pause Young (Prepare Mixed) (G1 Evacuation Pause)
[512.670s][info][gc,task     ] GC(1159) Using 2 workers of 2 for evacuation
[512.707s][info][gc,phases   ] GC(1159)   Pre Evacuate Collection Set: 0.16ms
[512.707s][info][gc,phases   ] GC(1159)   Merge Heap Roots: 0.11ms
[512.707s][info][gc,phases   ] GC(1159)   Evacuate Collection Set: 36.09ms
[512.707s][info][gc,phases   ] GC(1159)   Post Evacuate Collection Set: 0.43ms
[512.707s][info][gc,phases   ] GC(1159)   Other: 0.07ms
[512.707s][info][gc,heap     ] GC(1159) Eden regions: 135->0(119)
[512.707s][info][gc,heap     ] GC(1159) Survivor regions: 16->16(19)
[512.707s][info][gc,heap     ] GC(1159) Old regions: 64->80
[512.707s][info][gc,heap     ] GC(1159) Humongous regions: 9->9
[512.707s][info][gc,metaspace] GC(1159) Metaspace: 43126K(43520K)->43126K(43520K) NonClass: 40306K(40576K)->40306K(40576K) Class: 2820K(2944K)->2820K(2944K)
[512.707s][info][gc          ] GC(1159) Pause Young (Prepare Mixed) (G1 Evacuation Pause) 224M->105M(256M) 37.055ms
[512.707s][info][gc,cpu      ] GC(1159) User=0.07s Sys=0.00s Real=0.04s
[512.974s][info][gc,start    ] GC(1160) Pause Young (Mixed) (G1 Evacuation Pause)
[512.974s][info][gc,task     ] GC(1160) Using 2 workers of 2 for evacuation
[513.011s][info][gc,phases   ] GC(1160)   Pre Evacuate Collection Set: 0.16ms
[513.011s][info][gc,phases   ] GC(1160)   Merge Heap Roots: 0.11ms
[513.011s][info][gc,phases   ] GC(1160)   Evacuate Collection Set: 35.70ms
[513.011s][info][gc,phases   ] GC(1160)   Post Evacuate Collection Set: 0.39ms
[513.011s][info][gc,phases   ] GC(1160)   Other: 0.09ms
[513.011s][info][gc,heap     ] GC(1160) Eden regions: 119->0(110)
[513.011s][info][gc,heap     ] GC(1160) Survivor regions: 16->14(17)
[513.011s][info][gc,heap     ] GC(1160) Old regions: 80->93
[513.011s][info][gc,heap     ] GC(1160) Humongous regions: 9->9
[513.011s][info][gc,metaspace] GC(1160) Metaspace: 43126K(43520K)->43126K(43520K) NonClass: 40306K(40576K)->40306K(40576K) Class: 2820K(2944K)->2820K(2944K)
[513.011s][info][gc          ] GC(1160) Pause Young (Mixed) (G1 Evacuation Pause) 224M->115M(256M) 36.663ms
[513.011s][info][gc,cpu      ] GC(1160) User=0.07s Sys=0.00s Real=0.03s
[513.228s][info][gc,start    ] GC(1161) Pause Young (Concurrent Start) (G1 Humongous Allocation)
[513.228s][info][gc,task     ] GC(1161) Using 2 workers of 2 for evacuation
[513.256s][info][gc,phases   ] GC(1161)   Pre Evacuate Collection Set: 0.17ms
[513.256s][info][gc,phases   ] GC(1161)   Merge Heap Roots: 0.09ms
[513.256s][info][gc,phases   ] GC(1161)   Evacuate Collection Set: 26.43ms
[513.256s][info][gc,phases   ] GC(1161)   Post Evacuate Collection Set: 1.20ms
[513.256s][info][gc,phases   ] GC(1161)   Other: 0.17ms
[513.256s][info][gc,heap     ] GC(1161) Eden regions: 42->0(190)
[513.256s][info][gc,heap     ] GC(1161) Survivor regions: 14->15(16)
[513.256s][info][gc,heap     ] GC(1161) Old regions: 93->107
[513.256s][info][gc,heap     ] GC(1161) Humongous regions: 9->9
[513.256s][info][gc,metaspace] GC(1161) Metaspace: 43126K(43520K)->43126K(43520K) NonClass: 40306K(40576K)->40306K(40576K) Class: 2820K(2944K)->2820K(2944K)
[513.256s][info][gc          ] GC(1161) Pause Young (Concurrent Start) (G1 Humongous Allocation) 157M->130M(386M) 28.291ms
[513.256s][info][gc,cpu      ] GC(1161) User=0.06s Sys=0.00s Real=0.03s
[513.256s][info][gc          ] GC(1162) Concurrent Mark Cycle
[513.256s][info][gc,marking  ] GC(1162) Concurrent Scan Root Regions
[513.291s][info][gc,marking  ] GC(1162) Concurrent Scan Root Regions 34.873ms
[513.291s][info][gc,marking  ] GC(1162) Concurrent Mark
[513.291s][info][gc,marking  ] GC(1162) Concurrent Mark From Roots
[513.291s][info][gc,task     ] GC(1162) Using 1 workers of 1 for marking
[513.412s][info][gc,marking  ] GC(1162) Concurrent Mark From Roots 120.802ms
[513.412s][info][gc,marking  ] GC(1162) Concurrent Preclean
[513.412s][info][gc,marking  ] GC(1162) Concurrent Preclean 0.042ms
[513.412s][info][gc,start    ] GC(1162) Pause Remark
[513.428s][info][gc          ] GC(1162) Pause Remark 144M->142M(386M) 15.256ms
[513.428s][info][gc,cpu      ] GC(1162) User=0.03s Sys=0.00s Real=0.01s
[513.428s][info][gc,marking  ] GC(1162) Concurrent Mark 136.494ms
[513.428s][info][gc,marking  ] GC(1162) Concurrent Rebuild Remembered Sets and Scrub Regions
[513.492s][info][gc,marking  ] GC(1162) Concurrent Rebuild Remembered Sets and Scrub Regions 63.981ms
[513.493s][info][gc,start    ] GC(1162) Pause Cleanup
[513.493s][info][gc          ] GC(1162) Pause Cleanup 148M->148M(386M) 0.060ms
[513.493s][info][gc,cpu      ] GC(1162) User=0.00s Sys=0.00s Real=0.00s
[513.493s][info][gc,marking  ] GC(1162) Concurrent Clear Claimed Marks
[513.493s][info][gc,marking  ] GC(1162) Concurrent Clear Claimed Marks 0.040ms
[513.493s][info][gc,marking  ] GC(1162) Concurrent Cleanup for Next Mark
[513.496s][info][gc,marking  ] GC(1162) Concurrent Cleanup for Next Mark 2.424ms
[513.496s][info][gc          ] GC(1162) Concurrent Mark Cycle 239.144ms
[514.661s][info][gc,start    ] GC(1163) Pause Young (Prepare Mixed) (G1 Evacuation Pause)
[514.662s][info][gc,task     ] GC(1163) Using 2 workers of 2 for evacuation
[514.685s][info][gc,phases   ] GC(1163)   Pre Evacuate Collection Set: 0.29ms
[514.685s][info][gc,phases   ] GC(1163)   Merge Heap Roots: 0.19ms
[514.685s][info][gc,phases   ] GC(1163)   Evacuate Collection Set: 22.84ms
[514.685s][info][gc,phases   ] GC(1163)   Post Evacuate Collection Set: 0.43ms
[514.685s][info][gc,phases   ] GC(1163)   Other: 0.07ms
[514.685s][info][gc,heap     ] GC(1163) Eden regions: 190->0(188)
[514.685s][info][gc,heap     ] GC(1163) Survivor regions: 15->14(26)
[514.685s][info][gc,heap     ] GC(1163) Old regions: 107->111
[514.685s][info][gc,heap     ] GC(1163) Humongous regions: 15->13
[514.685s][info][gc,metaspace] GC(1163) Metaspace: 43126K(43520K)->43126K(43520K) NonClass: 40306K(40576K)->40306K(40576K) Class: 2820K(2944K)->2820K(2944K)
[514.685s][info][gc          ] GC(1163) Pause Young (Prepare Mixed) (G1 Evacuation Pause) 326M->137M(386M) 23.989ms
[514.685s][info][gc,cpu      ] GC(1163) User=0.05s Sys=0.00s Real=0.03s
[515.591s][info][gc,start    ] GC(1164) Pause Young (Mixed) (G1 Evacuation Pause)
[515.591s][info][gc,task     ] GC(1164) Using 2 workers of 2 for evacuation
[515.606s][info][gc,phases   ] GC(1164)   Pre Evacuate Collection Set: 0.20ms
[515.606s][info][gc,phases   ] GC(1164)   Merge Heap Roots: 0.11ms
[515.606s][info][gc,phases   ] GC(1164)   Evacuate Collection Set: 14.56ms
[515.606s][info][gc,phases   ] GC(1164)   Post Evacuate Collection Set: 0.41ms
[515.606s][info][gc,phases   ] GC(1164)   Other: 0.07ms
[515.606s][info][gc,heap     ] GC(1164) Eden regions: 188->0(197)
[515.606s][info][gc,heap     ] GC(1164) Survivor regions: 14->5(26)
[515.606s][info][gc,heap     ] GC(1164) Old regions: 111->117
[515.606s][info][gc,heap     ] GC(1164) Humongous regions: 13->13
[515.606s][info][gc,metaspace] GC(1164) Metaspace: 43126K(43520K)->43126K(43520K) NonClass: 40306K(40576K)->40306K(40576K) Class: 2820K(2944K)->2820K(2944K)
[515.607s][info][gc          ] GC(1164) Pause Young (Mixed) (G1 Evacuation Pause) 325M->134M(386M) 15.525ms
[515.607s][info][gc,cpu      ] GC(1164) User=0.03s Sys=0.00s Real=0.02s
[516.662s][info][gc,start    ] GC(1165) Pause Young (Concurrent Start) (G1 Evacuation Pause)
[516.662s][info][gc,task     ] GC(1165) Using 2 workers of 2 for evacuation
[516.688s][info][gc,phases   ] GC(1165)   Pre Evacuate Collection Set: 0.20ms
[516.688s][info][gc,phases   ] GC(1165)   Merge Heap Roots: 0.07ms
[516.688s][info][gc,phases   ] GC(1165)   Evacuate Collection Set: 24.55ms
[516.688s][info][gc,phases   ] GC(1165)   Post Evacuate Collection Set: 0.44ms
[516.688s][info][gc,phases   ] GC(1165)   Other: 0.10ms
[516.688s][info][gc,heap     ] GC(1165) Eden regions: 197->0(179)
[516.688s][info][gc,heap     ] GC(1165) Survivor regions: 5->26(26)
[516.688s][info][gc,heap     ] GC(1165) Old regions: 117->118
[516.688s][info][gc,heap     ] GC(1165) Humongous regions: 13->13
[516.688s][info][gc,metaspace] GC(1165) Metaspace: 43126K(43520K)->43126K(43520K) NonClass: 40306K(40576K)->40306K(40576K) Class: 2820K(2944K)->2820K(2944K)
[516.688s][info][gc          ] GC(1165) Pause Young (Concurrent Start) (G1 Evacuation Pause) 331M->157M(386M) 25.616ms
[516.688s][info][gc,cpu      ] GC(1165) User=0.05s Sys=0.00s Real=0.02s
[516.688s][info][gc          ] GC(1166) Concurrent Mark Cycle
[516.688s][info][gc,marking  ] GC(1166) Concurrent Scan Root Regions
[516.706s][info][gc,marking  ] GC(1166) Concurrent Scan Root Regions 18.398ms
[516.706s][info][gc,marking  ] GC(1166) Concurrent Mark
[516.706s][info][gc,marking  ] GC(1166) Concurrent Mark From Roots
[516.706s][info][gc,task     ] GC(1166) Using 1 workers of 1 for marking
[516.741s][info][gc,marking  ] GC(1166) Concurrent Mark From Roots 34.740ms
[516.741s][info][gc,marking  ] GC(1166) Concurrent Preclean
[516.741s][info][gc,marking  ] GC(1166) Concurrent Preclean 0.034ms
[516.741s][info][gc,start    ] GC(1166) Pause Remark
[516.756s][info][gc          ] GC(1166) Pause Remark 167M->82M(256M) 14.909ms
[516.756s][info][gc,cpu      ] GC(1166) User=0.03s Sys=0.00s Real=0.02s
[516.756s][info][gc,marking  ] GC(1166) Concurrent Mark 49.940ms
[516.756s][info][gc,marking  ] GC(1166) Concurrent Rebuild Remembered Sets and Scrub Regions
[516.770s][info][gc,marking  ] GC(1166) Concurrent Rebuild Remembered Sets and Scrub Regions 13.727ms
[516.770s][info][gc,start    ] GC(1166) Pause Cleanup
[516.770s][info][gc          ] GC(1166) Pause Cleanup 85M->85M(256M) 0.037ms
[516.770s][info][gc,cpu      ] GC(1166) User=0.00s Sys=0.00s Real=0.00s
[516.770s][info][gc,marking  ] GC(1166) Concurrent Clear Claimed Marks
[516.770s][info][gc,marking  ] GC(1166) Concurrent Clear Claimed Marks 0.032ms
[516.770s][info][gc,marking  ] GC(1166) Concurrent Cleanup for Next Mark
[516.771s][info][gc,marking  ] GC(1166) Concurrent Cleanup for Next Mark 0.727ms
[516.771s][info][gc          ] GC(1166) Concurrent Mark Cycle 83.273ms
[517.392s][info][gc,start    ] GC(1167) Pause Young (Prepare Mixed) (G1 Evacuation Pause)
[517.392s][info][gc,task     ] GC(1167) Using 2 workers of 2 for evacuation
[517.408s][info][gc,phases   ] GC(1167)   Pre Evacuate Collection Set: 0.16ms
[517.408s][info][gc,phases   ] GC(1167)   Merge Heap Roots: 0.09ms
[517.408s][info][gc,phases   ] GC(1167)   Evacuate Collection Set: 15.94ms
[517.408s][info][gc,phases   ] GC(1167)   Post Evacuate Collection Set: 0.38ms
[517.408s][info][gc,phases   ] GC(1167)   Other: 0.07ms
[517.408s][info][gc,heap     ] GC(1167) Eden regions: 127->0(142)
[517.408s][info][gc,heap     ] GC(1167) Survivor regions: 26->11(20)
[517.408s][info][gc,heap     ] GC(1167) Old regions: 45->53
[517.408s][info][gc,heap     ] GC(1167) Humongous regions: 1->1
[517.408s][info][gc,metaspace] GC(1167) Metaspace: 43126K(43520K)->43126K(43520K) NonClass: 40306K(40576K)->40306K(40576K) Class: 2820K(2944K)->2820K(2944K)
[517.408s][info][gc          ] GC(1167) Pause Young (Prepare Mixed) (G1 Evacuation Pause) 199M->64M(256M) 16.831ms
[517.408s][info][gc,cpu      ] GC(1167) User=0.03s Sys=0.00s Real=0.02s
[518.147s][info][gc,start    ] GC(1168) Pause Young (Mixed) (G1 Evacuation Pause)
[518.147s][info][gc,task     ] GC(1168) Using 2 workers of 2 for evacuation
[518.169s][info][gc,phases   ] GC(1168)   Pre Evacuate Collection Set: 0.23ms
[518.169s][info][gc,phases   ] GC(1168)   Merge Heap Roots: 0.08ms
[518.169s][info][gc,phases   ] GC(1168)   Evacuate Collection Set: 20.68ms
[518.169s][info][gc,phases   ] GC(1168)   Post Evacuate Collection Set: 0.40ms
[518.169s][info][gc,phases   ] GC(1168)   Other: 0.07ms
[518.169s][info][gc,heap     ] GC(1168) Eden regions: 142->0(138)
[518.169s][info][gc,heap     ] GC(1168) Survivor regions: 11->15(20)
[518.169s][info][gc,heap     ] GC(1168) Old regions: 53->60
[518.169s][info][gc,heap     ] GC(1168) Humongous regions: 2->2
[518.169s][info][gc,metaspace] GC(1168) Metaspace: 43126K(43520K)->43126K(43520K) NonClass: 40306K(40576K)->40306K(40576K) Class: 2820K(2944K)->2820K(2944K)
[518.169s][info][gc          ] GC(1168) Pause Young (Mixed) (G1 Evacuation Pause) 207M->76M(256M) 21.648ms
[518.169s][info][gc,cpu      ] GC(1168) User=0.04s Sys=0.00s Real=0.02s
[518.893s][info][gc,start    ] GC(1169) Pause Young (Concurrent Start) (G1 Evacuation Pause)
[518.893s][info][gc,task     ] GC(1169) Using 2 workers of 2 for evacuation
[518.917s][info][gc,phases   ] GC(1169)   Pre Evacuate Collection Set: 0.18ms
[518.917s][info][gc,phases   ] GC(1169)   Merge Heap Roots: 0.07ms
[518.917s][info][gc,phases   ] GC(1169)   Evacuate Collection Set: 23.64ms
[518.917s][info][gc,phases   ] GC(1169)   Post Evacuate Collection Set: 0.41ms
[518.917s][info][gc,phases   ] GC(1169)   Other: 0.13ms
[518.917s][info][gc,heap     ] GC(1169) Eden regions: 138->0(130)
[518.917s][info][gc,heap     ] GC(1169) Survivor regions: 15->14(20)
[518.917s][info][gc,heap     ] GC(1169) Old regions: 60->74
[518.917s][info][gc,heap     ] GC(1169) Humongous regions: 2->2
[518.917s][info][gc,metaspace] GC(1169) Metaspace: 43126K(43520K)->43126K(43520K) NonClass: 40306K(40576K)->40306K(40576K) Class: 2820K(2944K)->2820K(2944K)
[518.917s][info][gc          ] GC(1169) Pause Young (Concurrent Start) (G1 Evacuation Pause) 214M->89M(256M) 24.617ms
[518.917s][info][gc,cpu      ] GC(1169) User=0.05s Sys=0.00s Real=0.02s
[518.917s][info][gc          ] GC(1170) Concurrent Mark Cycle
[518.917s][info][gc,marking  ] GC(1170) Concurrent Scan Root Regions
[518.934s][info][gc,marking  ] GC(1170) Concurrent Scan Root Regions 16.991ms
[518.934s][info][gc,marking  ] GC(1170) Concurrent Mark
[518.934s][info][gc,marking  ] GC(1170) Concurrent Mark From Roots
[518.934s][info][gc,task     ] GC(1170) Using 1 workers of 1 for marking
[518.975s][info][gc,marking  ] GC(1170) Concurrent Mark From Roots 40.746ms
[518.975s][info][gc,marking  ] GC(1170) Concurrent Preclean
[518.975s][info][gc,marking  ] GC(1170) Concurrent Preclean 0.035ms
[518.975s][info][gc,start    ] GC(1170) Pause Remark
[518.991s][info][gc          ] GC(1170) Pause Remark 96M->90M(256M) 15.593ms
[518.991s][info][gc,cpu      ] GC(1170) User=0.03s Sys=0.00s Real=0.01s
[518.991s][info][gc,marking  ] GC(1170) Concurrent Mark 56.640ms
[518.991s][info][gc,marking  ] GC(1170) Concurrent Rebuild Remembered Sets and Scrub Regions
[519.016s][info][gc,marking  ] GC(1170) Concurrent Rebuild Remembered Sets and Scrub Regions 24.901ms
[519.016s][info][gc,start    ] GC(1170) Pause Cleanup
[519.016s][info][gc          ] GC(1170) Pause Cleanup 95M->95M(256M) 0.043ms
[519.016s][info][gc,cpu      ] GC(1170) User=0.00s Sys=0.00s Real=0.00s
[519.016s][info][gc,marking  ] GC(1170) Concurrent Clear Claimed Marks
[519.016s][info][gc,marking  ] GC(1170) Concurrent Clear Claimed Marks 0.034ms
[519.016s][info][gc,marking  ] GC(1170) Concurrent Cleanup for Next Mark
[519.017s][info][gc,marking  ] GC(1170) Concurrent Cleanup for Next Mark 0.767ms
[519.017s][info][gc          ] GC(1170) Concurrent Mark Cycle 99.748ms
[519.499s][info][gc,start    ] GC(1171) Pause Young (Prepare Mixed) (G1 Evacuation Pause)
[519.499s][info][gc,task     ] GC(1171) Using 2 workers of 2 for evacuation
[519.531s][info][gc,phases   ] GC(1171)   Pre Evacuate Collection Set: 0.22ms
[519.531s][info][gc,phases   ] GC(1171)   Merge Heap Roots: 0.11ms
[519.531s][info][gc,phases   ] GC(1171)   Evacuate Collection Set: 30.88ms
[519.531s][info][gc,phases   ] GC(1171)   Post Evacuate Collection Set: 0.43ms
[519.531s][info][gc,phases   ] GC(1171)   Other: 0.09ms
[519.531s][info][gc,heap     ] GC(1171) Eden regions: 130->0(124)
[519.531s][info][gc,heap     ] GC(1171) Survivor regions: 14->16(18)
[519.531s][info][gc,heap     ] GC(1171) Old regions: 68->74
[519.531s][info][gc,heap     ] GC(1171) Humongous regions: 6->4
[519.531s][info][gc,metaspace] GC(1171) Metaspace: 43126K(43520K)->43126K(43520K) NonClass: 40306K(40576K)->40306K(40576K) Class: 2820K(2944K)->2820K(2944K)
[519.531s][info][gc          ] GC(1171) Pause Young (Prepare Mixed) (G1 Evacuation Pause) 217M->93M(256M) 31.907ms
[519.531s][info][gc,cpu      ] GC(1171) User=0.04s Sys=0.00s Real=0.03s
[519.987s][info][gc,start    ] GC(1172) Pause Young (Mixed) (G1 Evacuation Pause)
[519.988s][info][gc,task     ] GC(1172) Using 2 workers of 2 for evacuation
[520.001s][info][gc,phases   ] GC(1172)   Pre Evacuate Collection Set: 0.17ms
[520.001s][info][gc,phases   ] GC(1172)   Merge Heap Roots: 0.15ms
[520.001s][info][gc,phases   ] GC(1172)   Evacuate Collection Set: 12.29ms
[520.001s][info][gc,phases   ] GC(1172)   Post Evacuate Collection Set: 0.41ms
[520.001s][info][gc,phases   ] GC(1172)   Other: 0.07ms
[520.001s][info][gc,heap     ] GC(1172) Eden regions: 124->0(141)
[520.001s][info][gc,heap     ] GC(1172) Survivor regions: 16->5(18)
[520.001s][info][gc,heap     ] GC(1172) Old regions: 74->69
[520.001s][info][gc,heap     ] GC(1172) Humongous regions: 20->4
[520.001s][info][gc,metaspace] GC(1172) Metaspace: 43126K(43520K)->43126K(43520K) NonClass: 40306K(40576K)->40306K(40576K) Class: 2820K(2944K)->2820K(2944K)
[520.001s][info][gc          ] GC(1172) Pause Young (Mixed) (G1 Evacuation Pause) 233M->77M(256M) 13.290ms
[520.001s][info][gc,cpu      ] GC(1172) User=0.03s Sys=0.00s Real=0.01s
[520.026s][info][gc,start    ] GC(1173) Pause Young (Concurrent Start) (G1 Humongous Allocation)
[520.026s][info][gc,task     ] GC(1173) Using 2 workers of 2 for evacuation
[520.031s][info][gc,phases   ] GC(1173)   Pre Evacuate Collection Set: 0.15ms
[520.031s][info][gc,phases   ] GC(1173)   Merge Heap Roots: 0.04ms
[520.031s][info][gc,phases   ] GC(1173)   Evacuate Collection Set: 4.34ms
[520.031s][info][gc,phases   ] GC(1173)   Post Evacuate Collection Set: 0.31ms
[520.031s][info][gc,phases   ] GC(1173)   Other: 0.07ms
[520.031s][info][gc,heap     ] GC(1173) Eden regions: 8->0(116)
[520.031s][info][gc,heap     ] GC(1173) Survivor regions: 5->7(19)
[520.031s][info][gc,heap     ] GC(1173) Old regions: 69->69
[520.031s][info][gc,heap     ] GC(1173) Humongous regions: 4->4
[520.031s][info][gc,metaspace] GC(1173) Metaspace: 43126K(43520K)->43126K(43520K) NonClass: 40306K(40576K)->40306K(40576K) Class: 2820K(2944K)->2820K(2944K)
[520.031s][info][gc          ] GC(1173) Pause Young (Concurrent Start) (G1 Humongous Allocation) 84M->80M(256M) 5.062ms
[520.031s][info][gc,cpu      ] GC(1173) User=0.01s Sys=0.01s Real=0.00s
[520.031s][info][gc          ] GC(1174) Concurrent Mark Cycle
[520.031s][info][gc,marking  ] GC(1174) Concurrent Scan Root Regions
[520.035s][info][gc,marking  ] GC(1174) Concurrent Scan Root Regions 4.255ms
[520.035s][info][gc,marking  ] GC(1174) Concurrent Mark
[520.035s][info][gc,marking  ] GC(1174) Concurrent Mark From Roots
[520.035s][info][gc,task     ] GC(1174) Using 1 workers of 1 for marking
[520.082s][info][gc,marking  ] GC(1174) Concurrent Mark From Roots 46.605ms
[520.082s][info][gc,marking  ] GC(1174) Concurrent Preclean
[520.082s][info][gc,marking  ] GC(1174) Concurrent Preclean 0.036ms
[520.082s][info][gc,start    ] GC(1174) Pause Remark
[520.097s][info][gc          ] GC(1174) Pause Remark 95M->81M(256M) 14.682ms
[520.097s][info][gc,cpu      ] GC(1174) User=0.03s Sys=0.00s Real=0.01s
[520.097s][info][gc,marking  ] GC(1174) Concurrent Mark 61.568ms
[520.097s][info][gc,marking  ] GC(1174) Concurrent Rebuild Remembered Sets and Scrub Regions
[520.115s][info][gc,marking  ] GC(1174) Concurrent Rebuild Remembered Sets and Scrub Regions 17.775ms
[520.115s][info][gc,start    ] GC(1174) Pause Cleanup
[520.115s][info][gc          ] GC(1174) Pause Cleanup 84M->84M(256M) 0.048ms
[520.115s][info][gc,cpu      ] GC(1174) User=0.00s Sys=0.00s Real=0.00s
[520.115s][info][gc,marking  ] GC(1174) Concurrent Clear Claimed Marks
[520.115s][info][gc,marking  ] GC(1174) Concurrent Clear Claimed Marks 0.034ms
[520.115s][info][gc,marking  ] GC(1174) Concurrent Cleanup for Next Mark
[520.116s][info][gc,marking  ] GC(1174) Concurrent Cleanup for Next Mark 0.775ms
[520.116s][info][gc          ] GC(1174) Concurrent Mark Cycle 84.761ms
[520.522s][info][gc,start    ] GC(1175) Pause Young (Prepare Mixed) (G1 Evacuation Pause)
[520.522s][info][gc,task     ] GC(1175) Using 2 workers of 2 for evacuation
[520.527s][info][gc,phases   ] GC(1175)   Pre Evacuate Collection Set: 0.15ms
[520.527s][info][gc,phases   ] GC(1175)   Merge Heap Roots: 0.06ms
[520.527s][info][gc,phases   ] GC(1175)   Evacuate Collection Set: 4.25ms
[520.527s][info][gc,phases   ] GC(1175)   Post Evacuate Collection Set: 0.36ms
[520.527s][info][gc,phases   ] GC(1175)   Other: 0.09ms
[520.527s][info][gc,heap     ] GC(1175) Eden regions: 116->0(134)
[520.527s][info][gc,heap     ] GC(1175) Survivor regions: 7->6(16)
[520.527s][info][gc,heap     ] GC(1175) Old regions: 56->56
[520.527s][info][gc,heap     ] GC(1175) Humongous regions: 7->3
[520.527s][info][gc,metaspace] GC(1175) Metaspace: 43126K(43520K)->43126K(43520K) NonClass: 40306K(40576K)->40306K(40576K) Class: 2820K(2944K)->2820K(2944K)
[520.527s][info][gc          ] GC(1175) Pause Young (Prepare Mixed) (G1 Evacuation Pause) 186M->64M(256M) 5.103ms
[520.527s][info][gc,cpu      ] GC(1175) User=0.01s Sys=0.00s Real=0.00s
[521.013s][info][gc,start    ] GC(1176) Pause Young (Mixed) (G1 Evacuation Pause)
[521.013s][info][gc,task     ] GC(1176) Using 2 workers of 2 for evacuation
[521.031s][info][gc,phases   ] GC(1176)   Pre Evacuate Collection Set: 0.63ms
[521.032s][info][gc,phases   ] GC(1176)   Merge Heap Roots: 0.09ms
[521.032s][info][gc,phases   ] GC(1176)   Evacuate Collection Set: 17.72ms
[521.032s][info][gc,phases   ] GC(1176)   Post Evacuate Collection Set: 0.41ms
[521.032s][info][gc,phases   ] GC(1176)   Other: 0.07ms
[521.032s][info][gc,heap     ] GC(1176) Eden regions: 134->0(150)
[521.032s][info][gc,heap     ] GC(1176) Survivor regions: 6->3(18)
[521.032s][info][gc,heap     ] GC(1176) Old regions: 56->43
[521.032s][info][gc,heap     ] GC(1176) Humongous regions: 11->3
[521.032s][info][gc,metaspace] GC(1176) Metaspace: 43126K(43520K)->43126K(43520K) NonClass: 40306K(40576K)->40306K(40576K) Class: 2820K(2944K)->2820K(2944K)
[521.032s][info][gc          ] GC(1176) Pause Young (Mixed) (G1 Evacuation Pause) 206M->48M(256M) 19.088ms
[521.032s][info][gc,cpu      ] GC(1176) User=0.02s Sys=0.00s Real=0.01s
[521.577s][info][gc,start    ] GC(1177) Pause Young (Concurrent Start) (G1 Evacuation Pause)
[521.577s][info][gc,task     ] GC(1177) Using 2 workers of 2 for evacuation
[521.605s][info][gc,phases   ] GC(1177)   Pre Evacuate Collection Set: 0.20ms
[521.605s][info][gc,phases   ] GC(1177)   Merge Heap Roots: 0.07ms
[521.605s][info][gc,phases   ] GC(1177)   Evacuate Collection Set: 26.42ms
[521.605s][info][gc,phases   ] GC(1177)   Post Evacuate Collection Set: 0.44ms
[521.605s][info][gc,phases   ] GC(1177)   Other: 0.11ms
[521.605s][info][gc,heap     ] GC(1177) Eden regions: 150->0(133)
[521.605s][info][gc,heap     ] GC(1177) Survivor regions: 3->20(20)
[521.605s][info][gc,heap     ] GC(1177) Old regions: 43->44
[521.605s][info][gc,heap     ] GC(1177) Humongous regions: 3->3
[521.605s][info][gc,metaspace] GC(1177) Metaspace: 43126K(43520K)->43126K(43520K) NonClass: 40306K(40576K)->40306K(40576K) Class: 2820K(2944K)->2820K(2944K)
[521.605s][info][gc          ] GC(1177) Pause Young (Concurrent Start) (G1 Evacuation Pause) 198M->66M(256M) 27.432ms
[521.605s][info][gc          ] GC(1178) Concurrent Mark Cycle
[521.605s][info][gc,marking  ] GC(1178) Concurrent Scan Root Regions
[521.606s][info][gc,cpu      ] GC(1177) User=0.04s Sys=0.00s Real=0.03s
[521.628s][info][gc,marking  ] GC(1178) Concurrent Scan Root Regions 23.573ms
[521.628s][info][gc,marking  ] GC(1178) Concurrent Mark
[521.628s][info][gc,marking  ] GC(1178) Concurrent Mark From Roots
[521.628s][info][gc,task     ] GC(1178) Using 1 workers of 1 for marking
[521.692s][info][gc,marking  ] GC(1178) Concurrent Mark From Roots 63.921ms
[521.692s][info][gc,marking  ] GC(1178) Concurrent Preclean
[521.692s][info][gc,marking  ] GC(1178) Concurrent Preclean 0.036ms
[521.693s][info][gc,start    ] GC(1178) Pause Remark
[521.708s][info][gc          ] GC(1178) Pause Remark 84M->84M(256M) 15.576ms
[521.708s][info][gc,cpu      ] GC(1178) User=0.03s Sys=0.00s Real=0.01s
[521.710s][info][gc,marking  ] GC(1178) Concurrent Mark 81.363ms
[521.710s][info][gc,marking  ] GC(1178) Concurrent Rebuild Remembered Sets and Scrub Regions
[521.736s][info][gc,marking  ] GC(1178) Concurrent Rebuild Remembered Sets and Scrub Regions 26.367ms
[521.736s][info][gc,start    ] GC(1178) Pause Cleanup
[521.736s][info][gc          ] GC(1178) Pause Cleanup 89M->89M(256M) 0.062ms
[521.736s][info][gc,cpu      ] GC(1178) User=0.00s Sys=0.00s Real=0.00s
[521.737s][info][gc,marking  ] GC(1178) Concurrent Clear Claimed Marks
[521.737s][info][gc,marking  ] GC(1178) Concurrent Clear Claimed Marks 0.037ms
[521.737s][info][gc,marking  ] GC(1178) Concurrent Cleanup for Next Mark
[521.737s][info][gc,marking  ] GC(1178) Concurrent Cleanup for Next Mark 0.797ms
[521.737s][info][gc          ] GC(1178) Concurrent Mark Cycle 132.588ms
[522.099s][info][gc,start    ] GC(1179) Pause Young (Prepare Mixed) (G1 Evacuation Pause)
[522.099s][info][gc,task     ] GC(1179) Using 2 workers of 2 for evacuation
[522.117s][info][gc,phases   ] GC(1179)   Pre Evacuate Collection Set: 0.15ms
[522.117s][info][gc,phases   ] GC(1179)   Merge Heap Roots: 0.09ms
[522.117s][info][gc,phases   ] GC(1179)   Evacuate Collection Set: 17.03ms
[522.117s][info][gc,phases   ] GC(1179)   Post Evacuate Collection Set: 0.42ms
[522.117s][info][gc,phases   ] GC(1179)   Other: 0.07ms
[522.117s][info][gc,heap     ] GC(1179) Eden regions: 133->0(145)
[522.117s][info][gc,heap     ] GC(1179) Survivor regions: 20->6(20)
[522.117s][info][gc,heap     ] GC(1179) Old regions: 44->58
[522.117s][info][gc,heap     ] GC(1179) Humongous regions: 15->3
[522.117s][info][gc,metaspace] GC(1179) Metaspace: 43126K(43520K)->43126K(43520K) NonClass: 40306K(40576K)->40306K(40576K) Class: 2820K(2944K)->2820K(2944K)
[522.117s][info][gc          ] GC(1179) Pause Young (Prepare Mixed) (G1 Evacuation Pause) 211M->66M(256M) 17.924ms
[522.117s][info][gc,cpu      ] GC(1179) User=0.03s Sys=0.00s Real=0.02s
[522.564s][info][gc,start    ] GC(1180) Pause Young (Mixed) (G1 Evacuation Pause)
[522.564s][info][gc,task     ] GC(1180) Using 2 workers of 2 for evacuation
[522.578s][info][gc,phases   ] GC(1180)   Pre Evacuate Collection Set: 0.16ms
[522.578s][info][gc,phases   ] GC(1180)   Merge Heap Roots: 0.12ms
[522.578s][info][gc,phases   ] GC(1180)   Evacuate Collection Set: 12.97ms
[522.578s][info][gc,phases   ] GC(1180)   Post Evacuate Collection Set: 0.38ms
[522.578s][info][gc,phases   ] GC(1180)   Other: 0.07ms
[522.578s][info][gc,heap     ] GC(1180) Eden regions: 145->0(142)
[522.578s][info][gc,heap     ] GC(1180) Survivor regions: 6->11(19)
[522.578s][info][gc,heap     ] GC(1180) Old regions: 58->56
[522.578s][info][gc,heap     ] GC(1180) Humongous regions: 15->3
[522.578s][info][gc,metaspace] GC(1180) Metaspace: 43126K(43520K)->43126K(43520K) NonClass: 40306K(40576K)->40306K(40576K) Class: 2820K(2944K)->2820K(2944K)
[522.578s][info][gc          ] GC(1180) Pause Young (Mixed) (G1 Evacuation Pause) 223M->69M(256M) 13.878ms
[522.578s][info][gc,cpu      ] GC(1180) User=0.03s Sys=0.00s Real=0.01s
[522.783s][info][gc,start    ] GC(1181) Pause Young (Concurrent Start) (G1 Humongous Allocation)
[522.783s][info][gc,task     ] GC(1181) Using 2 workers of 2 for evacuation
[522.790s][info][gc,phases   ] GC(1181)   Pre Evacuate Collection Set: 0.16ms
[522.790s][info][gc,phases   ] GC(1181)   Merge Heap Roots: 0.07ms
[522.790s][info][gc,phases   ] GC(1181)   Evacuate Collection Set: 5.91ms
[522.790s][info][gc,phases   ] GC(1181)   Post Evacuate Collection Set: 0.36ms
[522.790s][info][gc,phases   ] GC(1181)   Other: 0.07ms
[522.790s][info][gc,heap     ] GC(1181) Eden regions: 52->0(151)
[522.790s][info][gc,heap     ] GC(1181) Survivor regions: 11->2(20)
[522.790s][info][gc,heap     ] GC(1181) Old regions: 56->60
[522.790s][info][gc,heap     ] GC(1181) Humongous regions: 3->1
[522.790s][info][gc,metaspace] GC(1181) Metaspace: 43126K(43520K)->43126K(43520K) NonClass: 40306K(40576K)->40306K(40576K) Class: 2820K(2944K)->2820K(2944K)
[522.790s][info][gc          ] GC(1181) Pause Young (Concurrent Start) (G1 Humongous Allocation) 121M->63M(256M) 6.721ms
[522.790s][info][gc          ] GC(1182) Concurrent Mark Cycle
[522.790s][info][gc,marking  ] GC(1182) Concurrent Scan Root Regions
[522.790s][info][gc,cpu      ] GC(1181) User=0.01s Sys=0.00s Real=0.00s
[522.797s][info][gc,marking  ] GC(1182) Concurrent Scan Root Regions 6.720ms
[522.797s][info][gc,marking  ] GC(1182) Concurrent Mark
[522.797s][info][gc,marking  ] GC(1182) Concurrent Mark From Roots
[522.797s][info][gc,task     ] GC(1182) Using 1 workers of 1 for marking
[522.865s][info][gc,marking  ] GC(1182) Concurrent Mark From Roots 68.437ms
[522.865s][info][gc,marking  ] GC(1182) Concurrent Preclean
[522.865s][info][gc,marking  ] GC(1182) Concurrent Preclean 0.035ms
[522.865s][info][gc,start    ] GC(1182) Pause Remark
[522.881s][info][gc          ] GC(1182) Pause Remark 82M->82M(256M) 15.201ms
[522.881s][info][gc,cpu      ] GC(1182) User=0.03s Sys=0.00s Real=0.01s
[522.881s][info][gc,marking  ] GC(1182) Concurrent Mark 83.980ms
[522.881s][info][gc,marking  ] GC(1182) Concurrent Rebuild Remembered Sets and Scrub Regions
[522.910s][info][gc,marking  ] GC(1182) Concurrent Rebuild Remembered Sets and Scrub Regions 28.770ms
[522.910s][info][gc,start    ] GC(1182) Pause Cleanup
[522.910s][info][gc          ] GC(1182) Pause Cleanup 90M->90M(256M) 0.045ms
[522.910s][info][gc,cpu      ] GC(1182) User=0.00s Sys=0.00s Real=0.00s
[522.910s][info][gc,marking  ] GC(1182) Concurrent Clear Claimed Marks
[522.910s][info][gc,marking  ] GC(1182) Concurrent Clear Claimed Marks 0.046ms
[522.910s][info][gc,marking  ] GC(1182) Concurrent Cleanup for Next Mark
[522.911s][info][gc,marking  ] GC(1182) Concurrent Cleanup for Next Mark 0.732ms
[522.911s][info][gc          ] GC(1182) Concurrent Mark Cycle 120.557ms
[523.365s][info][gc,start    ] GC(1183) Pause Young (Prepare Mixed) (G1 Evacuation Pause)
[523.365s][info][gc,task     ] GC(1183) Using 2 workers of 2 for evacuation
[523.373s][info][gc,phases   ] GC(1183)   Pre Evacuate Collection Set: 0.16ms
[523.373s][info][gc,phases   ] GC(1183)   Merge Heap Roots: 0.06ms
[523.373s][info][gc,phases   ] GC(1183)   Evacuate Collection Set: 6.49ms
[523.373s][info][gc,phases   ] GC(1183)   Post Evacuate Collection Set: 0.39ms
[523.373s][info][gc,phases   ] GC(1183)   Other: 0.07ms
[523.373s][info][gc,heap     ] GC(1183) Eden regions: 151->0(143)
[523.373s][info][gc,heap     ] GC(1183) Survivor regions: 2->10(20)
[523.373s][info][gc,heap     ] GC(1183) Old regions: 60->60
[523.373s][info][gc,heap     ] GC(1183) Humongous regions: 15->3
[523.373s][info][gc,metaspace] GC(1183) Metaspace: 43126K(43520K)->43126K(43520K) NonClass: 40306K(40576K)->40306K(40576K) Class: 2820K(2944K)->2820K(2944K)
[523.373s][info][gc          ] GC(1183) Pause Young (Prepare Mixed) (G1 Evacuation Pause) 228M->72M(256M) 7.371ms
[523.373s][info][gc,cpu      ] GC(1183) User=0.01s Sys=0.00s Real=0.01s
[523.865s][info][gc,start    ] GC(1184) Pause Young (Mixed) (G1 Evacuation Pause)
[523.866s][info][gc,task     ] GC(1184) Using 2 workers of 2 for evacuation
[523.891s][info][gc,phases   ] GC(1184)   Pre Evacuate Collection Set: 0.19ms
[523.891s][info][gc,phases   ] GC(1184)   Merge Heap Roots: 0.10ms
[523.891s][info][gc,phases   ] GC(1184)   Evacuate Collection Set: 24.83ms
[523.891s][info][gc,phases   ] GC(1184)   Post Evacuate Collection Set: 0.51ms
[523.891s][info][gc,phases   ] GC(1184)   Other: 0.07ms
[523.891s][info][gc,heap     ] GC(1184) Eden regions: 143->0(129)
[523.891s][info][gc,heap     ] GC(1184) Survivor regions: 10->20(20)
[523.891s][info][gc,heap     ] GC(1184) Old regions: 60->65
[523.891s][info][gc,heap     ] GC(1184) Humongous regions: 3->3
[523.891s][info][gc,metaspace] GC(1184) Metaspace: 43127K(43520K)->43127K(43520K) NonClass: 40306K(40576K)->40306K(40576K) Class: 2820K(2944K)->2820K(2944K)
[523.891s][info][gc          ] GC(1184) Pause Young (Mixed) (G1 Evacuation Pause) 215M->87M(256M) 25.858ms
[523.891s][info][gc,cpu      ] GC(1184) User=0.05s Sys=0.00s Real=0.02s
[524.409s][info][gc,start    ] GC(1185) Pause Young (Concurrent Start) (G1 Evacuation Pause)
[524.409s][info][gc,task     ] GC(1185) Using 2 workers of 2 for evacuation
[524.441s][info][gc,phases   ] GC(1185)   Pre Evacuate Collection Set: 0.17ms
[524.441s][info][gc,phases   ] GC(1185)   Merge Heap Roots: 0.12ms
[524.441s][info][gc,phases   ] GC(1185)   Evacuate Collection Set: 30.33ms
[524.441s][info][gc,phases   ] GC(1185)   Post Evacuate Collection Set: 0.64ms
[524.441s][info][gc,phases   ] GC(1185)   Other: 0.09ms
[524.441s][info][gc,heap     ] GC(1185) Eden regions: 129->0(137)
[524.441s][info][gc,heap     ] GC(1185) Survivor regions: 20->19(19)
[524.441s][info][gc,heap     ] GC(1185) Old regions: 65->76
[524.441s][info][gc,heap     ] GC(1185) Humongous regions: 3->3
[524.441s][info][gc,metaspace] GC(1185) Metaspace: 43127K(43520K)->43127K(43520K) NonClass: 40306K(40576K)->40306K(40576K) Class: 2820K(2944K)->2820K(2944K)
[524.441s][info][gc          ] GC(1185) Pause Young (Concurrent Start) (G1 Evacuation Pause) 216M->98M(285M) 31.545ms
[524.441s][info][gc,cpu      ] GC(1185) User=0.06s Sys=0.00s Real=0.03s
[524.441s][info][gc          ] GC(1186) Concurrent Mark Cycle
[524.441s][info][gc,marking  ] GC(1186) Concurrent Scan Root Regions
[524.467s][info][gc,marking  ] GC(1186) Concurrent Scan Root Regions 25.839ms
[524.467s][info][gc,marking  ] GC(1186) Concurrent Mark
[524.467s][info][gc,marking  ] GC(1186) Concurrent Mark From Roots
[524.467s][info][gc,task     ] GC(1186) Using 1 workers of 1 for marking
[524.536s][info][gc,marking  ] GC(1186) Concurrent Mark From Roots 69.850ms
[524.536s][info][gc,marking  ] GC(1186) Concurrent Preclean
[524.537s][info][gc,marking  ] GC(1186) Concurrent Preclean 0.041ms
[524.537s][info][gc,start    ] GC(1186) Pause Remark
[524.552s][info][gc          ] GC(1186) Pause Remark 119M->114M(285M) 14.898ms
[524.552s][info][gc,cpu      ] GC(1186) User=0.03s Sys=0.00s Real=0.02s
[524.552s][info][gc,marking  ] GC(1186) Concurrent Mark 85.331ms
[524.552s][info][gc,marking  ] GC(1186) Concurrent Rebuild Remembered Sets and Scrub Regions
[524.590s][info][gc,marking  ] GC(1186) Concurrent Rebuild Remembered Sets and Scrub Regions 38.164ms
[524.590s][info][gc,start    ] GC(1186) Pause Cleanup
[524.590s][info][gc          ] GC(1186) Pause Cleanup 122M->122M(285M) 0.049ms
[524.590s][info][gc,cpu      ] GC(1186) User=0.00s Sys=0.00s Real=0.00s
[524.590s][info][gc,marking  ] GC(1186) Concurrent Clear Claimed Marks
[524.590s][info][gc,marking  ] GC(1186) Concurrent Clear Claimed Marks 0.036ms
[524.590s][info][gc,marking  ] GC(1186) Concurrent Cleanup for Next Mark
[524.592s][info][gc,marking  ] GC(1186) Concurrent Cleanup for Next Mark 1.180ms
[524.592s][info][gc          ] GC(1186) Concurrent Mark Cycle 151.037ms
[524.944s][info][gc,start    ] GC(1187) Pause Young (Prepare Mixed) (G1 Evacuation Pause)
[524.944s][info][gc,task     ] GC(1187) Using 2 workers of 2 for evacuation
[524.977s][info][gc,phases   ] GC(1187)   Pre Evacuate Collection Set: 0.20ms
[524.977s][info][gc,phases   ] GC(1187)   Merge Heap Roots: 0.19ms
[524.977s][info][gc,phases   ] GC(1187)   Evacuate Collection Set: 31.99ms
[524.977s][info][gc,phases   ] GC(1187)   Post Evacuate Collection Set: 0.43ms
[524.977s][info][gc,phases   ] GC(1187)   Other: 0.07ms
[524.977s][info][gc,heap     ] GC(1187) Eden regions: 137->0(128)
[524.977s][info][gc,heap     ] GC(1187) Survivor regions: 19->16(20)
[524.977s][info][gc,heap     ] GC(1187) Old regions: 71->90
[524.977s][info][gc,heap     ] GC(1187) Humongous regions: 7->3
[524.977s][info][gc,metaspace] GC(1187) Metaspace: 43127K(43520K)->43127K(43520K) NonClass: 40306K(40576K)->40306K(40576K) Class: 2820K(2944K)->2820K(2944K)
[524.977s][info][gc          ] GC(1187) Pause Young (Prepare Mixed) (G1 Evacuation Pause) 234M->108M(285M) 33.041ms
[524.977s][info][gc,cpu      ] GC(1187) User=0.07s Sys=0.00s Real=0.03s
[525.401s][info][gc,start    ] GC(1188) Pause Young (Mixed) (G1 Evacuation Pause)
[525.401s][info][gc,task     ] GC(1188) Using 2 workers of 2 for evacuation
[525.416s][info][gc,phases   ] GC(1188)   Pre Evacuate Collection Set: 0.17ms
[525.416s][info][gc,phases   ] GC(1188)   Merge Heap Roots: 0.13ms
[525.416s][info][gc,phases   ] GC(1188)   Evacuate Collection Set: 13.50ms
[525.416s][info][gc,phases   ] GC(1188)   Post Evacuate Collection Set: 0.39ms
[525.416s][info][gc,phases   ] GC(1188)   Other: 0.09ms
[525.416s][info][gc,heap     ] GC(1188) Eden regions: 128->0(140)
[525.416s][info][gc,heap     ] GC(1188) Survivor regions: 16->7(18)
[525.416s][info][gc,heap     ] GC(1188) Old regions: 90->89
[525.416s][info][gc,heap     ] GC(1188) Humongous regions: 11->3
[525.416s][info][gc,metaspace] GC(1188) Metaspace: 43127K(43520K)->43127K(43520K) NonClass: 40306K(40576K)->40306K(40576K) Class: 2820K(2944K)->2820K(2944K)
[525.416s][info][gc          ] GC(1188) Pause Young (Mixed) (G1 Evacuation Pause) 244M->99M(285M) 14.459ms
[525.416s][info][gc,cpu      ] GC(1188) User=0.03s Sys=0.00s Real=0.02s
[525.529s][info][gc,start    ] GC(1189) Pause Young (Concurrent Start) (G1 Humongous Allocation)
[525.529s][info][gc,task     ] GC(1189) Using 2 workers of 2 for evacuation
[525.531s][info][gc,phases   ] GC(1189)   Pre Evacuate Collection Set: 0.18ms
[525.531s][info][gc,phases   ] GC(1189)   Merge Heap Roots: 0.04ms
[525.531s][info][gc,phases   ] GC(1189)   Evacuate Collection Set: 1.39ms
[525.531s][info][gc,phases   ] GC(1189)   Post Evacuate Collection Set: 0.31ms
[525.531s][info][gc,phases   ] GC(1189)   Other: 0.08ms
[525.531s][info][gc,heap     ] GC(1189) Eden regions: 30->0(153)
[525.531s][info][gc,heap     ] GC(1189) Survivor regions: 7->2(19)
[525.531s][info][gc,heap     ] GC(1189) Old regions: 89->89
[525.531s][info][gc,heap     ] GC(1189) Humongous regions: 3->1
[525.531s][info][gc,metaspace] GC(1189) Metaspace: 43127K(43520K)->43127K(43520K) NonClass: 40306K(40576K)->40306K(40576K) Class: 2820K(2944K)->2820K(2944K)
[525.531s][info][gc          ] GC(1189) Pause Young (Concurrent Start) (G1 Humongous Allocation) 129M->91M(285M) 2.150ms
[525.531s][info][gc,cpu      ] GC(1189) User=0.00s Sys=0.00s Real=0.00s
[525.531s][info][gc          ] GC(1190) Concurrent Mark Cycle
[525.531s][info][gc,marking  ] GC(1190) Concurrent Scan Root Regions
[525.535s][info][gc,marking  ] GC(1190) Concurrent Scan Root Regions 4.226ms
[525.535s][info][gc,marking  ] GC(1190) Concurrent Mark
[525.535s][info][gc,marking  ] GC(1190) Concurrent Mark From Roots
[525.535s][info][gc,task     ] GC(1190) Using 1 workers of 1 for marking
[525.590s][info][gc,marking  ] GC(1190) Concurrent Mark From Roots 54.677ms
[525.590s][info][gc,marking  ] GC(1190) Concurrent Preclean
[525.590s][info][gc,marking  ] GC(1190) Concurrent Preclean 0.034ms
[525.590s][info][gc,start    ] GC(1190) Pause Remark
[525.605s][info][gc          ] GC(1190) Pause Remark 112M->101M(277M) 15.049ms
[525.605s][info][gc,cpu      ] GC(1190) User=0.03s Sys=0.00s Real=0.02s
[525.605s][info][gc,marking  ] GC(1190) Concurrent Mark 70.005ms
[525.605s][info][gc,marking  ] GC(1190) Concurrent Rebuild Remembered Sets and Scrub Regions
[525.626s][info][gc,marking  ] GC(1190) Concurrent Rebuild Remembered Sets and Scrub Regions 20.351ms
[525.626s][info][gc,start    ] GC(1190) Pause Cleanup
[525.626s][info][gc          ] GC(1190) Pause Cleanup 106M->106M(277M) 0.090ms
[525.626s][info][gc,cpu      ] GC(1190) User=0.00s Sys=0.00s Real=0.00s
[525.626s][info][gc,marking  ] GC(1190) Concurrent Clear Claimed Marks
[525.626s][info][gc,marking  ] GC(1190) Concurrent Clear Claimed Marks 0.032ms
[525.626s][info][gc,marking  ] GC(1190) Concurrent Cleanup for Next Mark
[525.627s][info][gc,marking  ] GC(1190) Concurrent Cleanup for Next Mark 0.789ms
[525.627s][info][gc          ] GC(1190) Concurrent Mark Cycle 95.779ms
[526.093s][info][gc,start    ] GC(1191) Pause Young (Prepare Mixed) (G1 Evacuation Pause)
[526.093s][info][gc,task     ] GC(1191) Using 2 workers of 2 for evacuation
[526.107s][info][gc,phases   ] GC(1191)   Pre Evacuate Collection Set: 0.18ms
[526.107s][info][gc,phases   ] GC(1191)   Merge Heap Roots: 0.06ms
[526.107s][info][gc,phases   ] GC(1191)   Evacuate Collection Set: 13.59ms
[526.107s][info][gc,phases   ] GC(1191)   Post Evacuate Collection Set: 0.40ms
[526.107s][info][gc,phases   ] GC(1191)   Other: 0.07ms
[526.107s][info][gc,heap     ] GC(1191) Eden regions: 153->0(143)
[526.107s][info][gc,heap     ] GC(1191) Survivor regions: 2->14(20)
[526.107s][info][gc,heap     ] GC(1191) Old regions: 78->78
[526.107s][info][gc,heap     ] GC(1191) Humongous regions: 5->3
[526.107s][info][gc,metaspace] GC(1191) Metaspace: 43127K(43520K)->43127K(43520K) NonClass: 40307K(40576K)->40307K(40576K) Class: 2820K(2944K)->2820K(2944K)
[526.107s][info][gc          ] GC(1191) Pause Young (Prepare Mixed) (G1 Evacuation Pause) 237M->95M(277M) 14.505ms
[526.107s][info][gc,cpu      ] GC(1191) User=0.02s Sys=0.00s Real=0.01s
[526.584s][info][gc,start    ] GC(1192) Pause Young (Mixed) (G1 Evacuation Pause)
[526.584s][info][gc,task     ] GC(1192) Using 2 workers of 2 for evacuation
[526.590s][info][gc,phases   ] GC(1192)   Pre Evacuate Collection Set: 0.17ms
[526.590s][info][gc,phases   ] GC(1192)   Merge Heap Roots: 0.08ms
[526.590s][info][gc,phases   ] GC(1192)   Evacuate Collection Set: 5.04ms
[526.590s][info][gc,phases   ] GC(1192)   Post Evacuate Collection Set: 0.39ms
[526.590s][info][gc,phases   ] GC(1192)   Other: 0.10ms
[526.590s][info][gc,heap     ] GC(1192) Eden regions: 143->0(163)
[526.590s][info][gc,heap     ] GC(1192) Survivor regions: 14->3(20)
[526.590s][info][gc,heap     ] GC(1192) Old regions: 78->53
[526.590s][info][gc,heap     ] GC(1192) Humongous regions: 11->3
[526.590s][info][gc,metaspace] GC(1192) Metaspace: 43127K(43520K)->43127K(43520K) NonClass: 40307K(40576K)->40307K(40576K) Class: 2820K(2944K)->2820K(2944K)
[526.590s][info][gc          ] GC(1192) Pause Young (Mixed) (G1 Evacuation Pause) 246M->58M(277M) 5.969ms
[526.590s][info][gc,cpu      ] GC(1192) User=0.01s Sys=0.00s Real=0.00s
[527.128s][info][gc,start    ] GC(1193) Pause Young (Mixed) (G1 Evacuation Pause)
[527.128s][info][gc,task     ] GC(1193) Using 2 workers of 2 for evacuation
[527.142s][info][gc,phases   ] GC(1193)   Pre Evacuate Collection Set: 0.17ms
[527.142s][info][gc,phases   ] GC(1193)   Merge Heap Roots: 0.06ms
[527.142s][info][gc,phases   ] GC(1193)   Evacuate Collection Set: 13.51ms
[527.142s][info][gc,phases   ] GC(1193)   Post Evacuate Collection Set: 0.39ms
[527.142s][info][gc,phases   ] GC(1193)   Other: 0.09ms
[527.142s][info][gc,heap     ] GC(1193) Eden regions: 163->0(152)
[527.142s][info][gc,heap     ] GC(1193) Survivor regions: 3->14(21)
[527.142s][info][gc,heap     ] GC(1193) Old regions: 53->52
[527.143s][info][gc,heap     ] GC(1193) Humongous regions: 5->3
[527.143s][info][gc,metaspace] GC(1193) Metaspace: 43127K(43520K)->43127K(43520K) NonClass: 40307K(40576K)->40307K(40576K) Class: 2820K(2944K)->2820K(2944K)
[527.143s][info][gc          ] GC(1193) Pause Young (Mixed) (G1 Evacuation Pause) 223M->67M(277M) 14.390ms
[527.143s][info][gc,cpu      ] GC(1193) User=0.02s Sys=0.00s Real=0.02s
[527.158s][info][gc,start    ] GC(1194) Pause Young (Concurrent Start) (G1 Humongous Allocation)
[527.158s][info][gc,task     ] GC(1194) Using 2 workers of 2 for evacuation
[527.160s][info][gc,phases   ] GC(1194)   Pre Evacuate Collection Set: 0.16ms
[527.160s][info][gc,phases   ] GC(1194)   Merge Heap Roots: 0.05ms
[527.160s][info][gc,phases   ] GC(1194)   Evacuate Collection Set: 1.92ms
[527.160s][info][gc,phases   ] GC(1194)   Post Evacuate Collection Set: 0.28ms
[527.160s][info][gc,phases   ] GC(1194)   Other: 0.10ms
[527.160s][info][gc,heap     ] GC(1194) Eden regions: 4->0(164)
[527.160s][info][gc,heap     ] GC(1194) Survivor regions: 14->2(21)
[527.160s][info][gc,heap     ] GC(1194) Old regions: 52->53
[527.160s][info][gc,heap     ] GC(1194) Humongous regions: 3->1
[527.160s][info][gc,metaspace] GC(1194) Metaspace: 43127K(43520K)->43127K(43520K) NonClass: 40307K(40576K)->40307K(40576K) Class: 2820K(2944K)->2820K(2944K)
[527.160s][info][gc          ] GC(1194) Pause Young (Concurrent Start) (G1 Humongous Allocation) 71M->55M(277M) 2.649ms
[527.160s][info][gc,cpu      ] GC(1194) User=0.00s Sys=0.00s Real=0.00s
[527.160s][info][gc          ] GC(1195) Concurrent Mark Cycle
[527.160s][info][gc,marking  ] GC(1195) Concurrent Scan Root Regions
[527.165s][info][gc,marking  ] GC(1195) Concurrent Scan Root Regions 4.601ms
[527.165s][info][gc,marking  ] GC(1195) Concurrent Mark
[527.165s][info][gc,marking  ] GC(1195) Concurrent Mark From Roots
[527.165s][info][gc,task     ] GC(1195) Using 1 workers of 1 for marking
[527.231s][info][gc,marking  ] GC(1195) Concurrent Mark From Roots 65.682ms
[527.231s][info][gc,marking  ] GC(1195) Concurrent Preclean
[527.231s][info][gc,marking  ] GC(1195) Concurrent Preclean 0.049ms
[527.231s][info][gc,start    ] GC(1195) Pause Remark
[527.246s][info][gc          ] GC(1195) Pause Remark 75M->75M(256M) 15.086ms
[527.246s][info][gc,cpu      ] GC(1195) User=0.03s Sys=0.00s Real=0.02s
[527.246s][info][gc,marking  ] GC(1195) Concurrent Mark 81.109ms
[527.246s][info][gc,marking  ] GC(1195) Concurrent Rebuild Remembered Sets and Scrub Regions
[527.271s][info][gc,marking  ] GC(1195) Concurrent Rebuild Remembered Sets and Scrub Regions 24.534ms
[527.271s][info][gc,start    ] GC(1195) Pause Cleanup
[527.271s][info][gc          ] GC(1195) Pause Cleanup 83M->83M(256M) 0.041ms
[527.271s][info][gc,cpu      ] GC(1195) User=0.00s Sys=0.00s Real=0.00s
[527.271s][info][gc,marking  ] GC(1195) Concurrent Clear Claimed Marks
[527.271s][info][gc,marking  ] GC(1195) Concurrent Clear Claimed Marks 0.034ms
[527.271s][info][gc,marking  ] GC(1195) Concurrent Cleanup for Next Mark
[527.272s][info][gc,marking  ] GC(1195) Concurrent Cleanup for Next Mark 0.764ms
[527.272s][info][gc          ] GC(1195) Concurrent Mark Cycle 111.609ms
[527.735s][info][gc,start    ] GC(1196) Pause Young (Prepare Mixed) (G1 Evacuation Pause)
[527.735s][info][gc,task     ] GC(1196) Using 2 workers of 2 for evacuation
[527.737s][info][gc,phases   ] GC(1196)   Pre Evacuate Collection Set: 0.15ms
[527.737s][info][gc,phases   ] GC(1196)   Merge Heap Roots: 0.06ms
[527.737s][info][gc,phases   ] GC(1196)   Evacuate Collection Set: 1.60ms
[527.737s][info][gc,phases   ] GC(1196)   Post Evacuate Collection Set: 0.36ms
[527.737s][info][gc,phases   ] GC(1196)   Other: 0.06ms
[527.737s][info][gc,heap     ] GC(1196) Eden regions: 151->0(151)
[527.737s][info][gc,heap     ] GC(1196) Survivor regions: 2->2(20)
[527.737s][info][gc,heap     ] GC(1196) Old regions: 53->53
[527.737s][info][gc,heap     ] GC(1196) Humongous regions: 7->1
[527.737s][info][gc,metaspace] GC(1196) Metaspace: 43127K(43520K)->43127K(43520K) NonClass: 40307K(40576K)->40307K(40576K) Class: 2820K(2944K)->2820K(2944K)
[527.737s][info][gc          ] GC(1196) Pause Young (Prepare Mixed) (G1 Evacuation Pause) 212M->55M(256M) 2.394ms
[527.737s][info][gc,cpu      ] GC(1196) User=0.01s Sys=0.00s Real=0.00s
[528.136s][info][gc,start    ] GC(1197) Pause Young (Mixed) (G1 Evacuation Pause)
[528.136s][info][gc,task     ] GC(1197) Using 2 workers of 2 for evacuation
[528.176s][info][gc,phases   ] GC(1197)   Pre Evacuate Collection Set: 0.16ms
[528.176s][info][gc,phases   ] GC(1197)   Merge Heap Roots: 0.15ms
[528.176s][info][gc,phases   ] GC(1197)   Evacuate Collection Set: 39.27ms
[528.176s][info][gc,phases   ] GC(1197)   Post Evacuate Collection Set: 0.58ms
[528.176s][info][gc,phases   ] GC(1197)   Other: 0.07ms
[528.176s][info][gc,heap     ] GC(1197) Eden regions: 151->0(120)
[528.176s][info][gc,heap     ] GC(1197) Survivor regions: 2->20(20)
[528.176s][info][gc,heap     ] GC(1197) Old regions: 53->69
[528.176s][info][gc,heap     ] GC(1197) Humongous regions: 3->3
[528.176s][info][gc,metaspace] GC(1197) Metaspace: 43127K(43520K)->43127K(43520K) NonClass: 40307K(40576K)->40307K(40576K) Class: 2820K(2944K)->2820K(2944K)
[528.177s][info][gc          ] GC(1197) Pause Young (Mixed) (G1 Evacuation Pause) 208M->91M(256M) 40.394ms
[528.177s][info][gc,cpu      ] GC(1197) User=0.08s Sys=0.00s Real=0.04s
[528.660s][info][gc,start    ] GC(1198) Pause Young (Concurrent Start) (G1 Evacuation Pause)
[528.661s][info][gc,task     ] GC(1198) Using 2 workers of 2 for evacuation
[528.724s][info][gc,phases   ] GC(1198)   Pre Evacuate Collection Set: 0.33ms
[528.724s][info][gc,phases   ] GC(1198)   Merge Heap Roots: 0.30ms
[528.724s][info][gc,phases   ] GC(1198)   Evacuate Collection Set: 62.51ms
[528.724s][info][gc,phases   ] GC(1198)   Post Evacuate Collection Set: 0.43ms
[528.724s][info][gc,phases   ] GC(1198)   Other: 0.11ms
[528.724s][info][gc,heap     ] GC(1198) Eden regions: 120->0(95)
[528.724s][info][gc,heap     ] GC(1198) Survivor regions: 20->18(18)
[528.724s][info][gc,heap     ] GC(1198) Old regions: 69->99
[528.724s][info][gc,heap     ] GC(1198) Humongous regions: 3->3
[528.724s][info][gc,metaspace] GC(1198) Metaspace: 43127K(43520K)->43127K(43520K) NonClass: 40307K(40576K)->40307K(40576K) Class: 2820K(2944K)->2820K(2944K)
[528.724s][info][gc          ] GC(1198) Pause Young (Concurrent Start) (G1 Evacuation Pause) 211M->119M(260M) 63.881ms
[528.724s][info][gc,cpu      ] GC(1198) User=0.11s Sys=0.01s Real=0.07s
[528.724s][info][gc          ] GC(1199) Concurrent Mark Cycle
[528.724s][info][gc,marking  ] GC(1199) Concurrent Scan Root Regions
[528.783s][info][gc,marking  ] GC(1199) Concurrent Scan Root Regions 58.368ms
[528.783s][info][gc,marking  ] GC(1199) Concurrent Mark
[528.783s][info][gc,marking  ] GC(1199) Concurrent Mark From Roots
[528.783s][info][gc,task     ] GC(1199) Using 1 workers of 1 for marking
[528.900s][info][gc,marking  ] GC(1199) Concurrent Mark From Roots 117.314ms
[528.900s][info][gc,marking  ] GC(1199) Concurrent Preclean
[528.900s][info][gc,marking  ] GC(1199) Concurrent Preclean 0.055ms
[528.900s][info][gc,start    ] GC(1199) Pause Remark
[528.917s][info][gc          ] GC(1199) Pause Remark 151M->151M(260M) 16.783ms
[528.917s][info][gc,cpu      ] GC(1199) User=0.03s Sys=0.00s Real=0.02s
[528.917s][info][gc,marking  ] GC(1199) Concurrent Mark 134.419ms
[528.917s][info][gc,marking  ] GC(1199) Concurrent Rebuild Remembered Sets and Scrub Regions
[529.008s][info][gc,marking  ] GC(1199) Concurrent Rebuild Remembered Sets and Scrub Regions 90.673ms
[529.008s][info][gc,start    ] GC(1199) Pause Cleanup
[529.008s][info][gc          ] GC(1199) Pause Cleanup 170M->170M(260M) 0.046ms
[529.008s][info][gc,cpu      ] GC(1199) User=0.00s Sys=0.00s Real=0.00s
[529.009s][info][gc,marking  ] GC(1199) Concurrent Clear Claimed Marks
[529.009s][info][gc,marking  ] GC(1199) Concurrent Clear Claimed Marks 0.055ms
[529.009s][info][gc,marking  ] GC(1199) Concurrent Cleanup for Next Mark
[529.010s][info][gc,marking  ] GC(1199) Concurrent Cleanup for Next Mark 0.859ms
[529.010s][info][gc          ] GC(1199) Concurrent Mark Cycle 285.345ms
[529.229s][info][gc,start    ] GC(1200) Pause Young (Prepare Mixed) (G1 Evacuation Pause)
[529.229s][info][gc,task     ] GC(1200) Using 2 workers of 2 for evacuation
[529.278s][info][gc,phases   ] GC(1200)   Pre Evacuate Collection Set: 0.17ms
[529.279s][info][gc,phases   ] GC(1200)   Merge Heap Roots: 0.33ms
[529.279s][info][gc,phases   ] GC(1200)   Evacuate Collection Set: 48.90ms
[529.279s][info][gc,phases   ] GC(1200)   Post Evacuate Collection Set: 0.39ms
[529.279s][info][gc,phases   ] GC(1200)   Other: 0.07ms
[529.279s][info][gc,heap     ] GC(1200) Eden regions: 95->0(73)
[529.279s][info][gc,heap     ] GC(1200) Survivor regions: 18->15(15)
[529.279s][info][gc,heap     ] GC(1200) Old regions: 99->128
[529.279s][info][gc,heap     ] GC(1200) Humongous regions: 3->3
[529.279s][info][gc,metaspace] GC(1200) Metaspace: 43127K(43520K)->43127K(43520K) NonClass: 40307K(40576K)->40307K(40576K) Class: 2820K(2944K)->2820K(2944K)
[529.279s][info][gc          ] GC(1200) Pause Young (Prepare Mixed) (G1 Evacuation Pause) 214M->145M(260M) 50.046ms
[529.279s][info][gc,cpu      ] GC(1200) User=0.10s Sys=0.00s Real=0.05s
[529.657s][info][gc,start    ] GC(1201) Pause Young (Mixed) (G1 Evacuation Pause)
[529.657s][info][gc,task     ] GC(1201) Using 2 workers of 2 for evacuation
[529.702s][info][gc,phases   ] GC(1201)   Pre Evacuate Collection Set: 0.16ms
[529.702s][info][gc,phases   ] GC(1201)   Merge Heap Roots: 0.25ms
[529.702s][info][gc,phases   ] GC(1201)   Evacuate Collection Set: 43.22ms
[529.702s][info][gc,phases   ] GC(1201)   Post Evacuate Collection Set: 0.90ms
[529.702s][info][gc,phases   ] GC(1201)   Other: 0.08ms
[529.702s][info][gc,heap     ] GC(1201) Eden regions: 73->0(101)
[529.702s][info][gc,heap     ] GC(1201) Survivor regions: 15->11(11)
[529.702s][info][gc,heap     ] GC(1201) Old regions: 128->150
[529.702s][info][gc,heap     ] GC(1201) Humongous regions: 3->3
[529.702s][info][gc,metaspace] GC(1201) Metaspace: 43130K(43520K)->43130K(43520K) NonClass: 40309K(40576K)->40309K(40576K) Class: 2820K(2944K)->2820K(2944K)
[529.702s][info][gc          ] GC(1201) Pause Young (Mixed) (G1 Evacuation Pause) 218M->163M(326M) 44.801ms
[529.702s][info][gc,cpu      ] GC(1201) User=0.09s Sys=0.00s Real=0.04s
[529.913s][info][gc,start    ] GC(1202) Pause Young (Concurrent Start) (G1 Humongous Allocation)
[529.913s][info][gc,task     ] GC(1202) Using 2 workers of 2 for evacuation
[529.943s][info][gc,phases   ] GC(1202)   Pre Evacuate Collection Set: 0.19ms
[529.943s][info][gc,phases   ] GC(1202)   Merge Heap Roots: 0.16ms
[529.943s][info][gc,phases   ] GC(1202)   Evacuate Collection Set: 29.10ms
[529.943s][info][gc,phases   ] GC(1202)   Post Evacuate Collection Set: 0.35ms
[529.943s][info][gc,phases   ] GC(1202)   Other: 0.10ms
[529.943s][info][gc,heap     ] GC(1202) Eden regions: 39->0(91)
[529.943s][info][gc,heap     ] GC(1202) Survivor regions: 11->12(14)
[529.943s][info][gc,heap     ] GC(1202) Old regions: 150->161
[529.943s][info][gc,heap     ] GC(1202) Humongous regions: 3->1
[529.943s][info][gc,metaspace] GC(1202) Metaspace: 43130K(43520K)->43130K(43520K) NonClass: 40309K(40576K)->40309K(40576K) Class: 2820K(2944K)->2820K(2944K)
[529.943s][info][gc          ] GC(1202) Pause Young (Concurrent Start) (G1 Humongous Allocation) 202M->173M(326M) 30.076ms
[529.943s][info][gc          ] GC(1203) Concurrent Mark Cycle
[529.943s][info][gc,marking  ] GC(1203) Concurrent Scan Root Regions
[529.943s][info][gc,cpu      ] GC(1202) User=0.05s Sys=0.00s Real=0.03s
[529.981s][info][gc,marking  ] GC(1203) Concurrent Scan Root Regions 38.194ms
[529.981s][info][gc,marking  ] GC(1203) Concurrent Mark
[529.981s][info][gc,marking  ] GC(1203) Concurrent Mark From Roots
[529.981s][info][gc,task     ] GC(1203) Using 1 workers of 1 for marking
[530.107s][info][gc,marking  ] GC(1203) Concurrent Mark From Roots 125.548ms
[530.107s][info][gc,marking  ] GC(1203) Concurrent Preclean
[530.107s][info][gc,marking  ] GC(1203) Concurrent Preclean 0.043ms
[530.110s][info][gc,start    ] GC(1203) Pause Remark
[530.126s][info][gc          ] GC(1203) Pause Remark 224M->224M(326M) 15.911ms
[530.126s][info][gc,cpu      ] GC(1203) User=0.03s Sys=0.00s Real=0.02s
[530.126s][info][gc,marking  ] GC(1203) Concurrent Mark 144.890ms
[530.126s][info][gc,marking  ] GC(1203) Concurrent Rebuild Remembered Sets and Scrub Regions
[530.188s][info][gc,marking  ] GC(1203) Concurrent Rebuild Remembered Sets and Scrub Regions 62.390ms
[530.188s][info][gc,start    ] GC(1203) Pause Cleanup
[530.189s][info][gc          ] GC(1203) Pause Cleanup 235M->235M(326M) 0.078ms
[530.189s][info][gc,cpu      ] GC(1203) User=0.00s Sys=0.00s Real=0.00s
[530.189s][info][gc,marking  ] GC(1203) Concurrent Clear Claimed Marks
[530.189s][info][gc,marking  ] GC(1203) Concurrent Clear Claimed Marks 0.035ms
[530.189s][info][gc,marking  ] GC(1203) Concurrent Cleanup for Next Mark
[530.190s][info][gc,marking  ] GC(1203) Concurrent Cleanup for Next Mark 1.609ms
[530.190s][info][gc          ] GC(1203) Concurrent Mark Cycle 247.471ms
[530.350s][info][gc,start    ] GC(1204) Pause Young (Prepare Mixed) (G1 Evacuation Pause)
[530.350s][info][gc,task     ] GC(1204) Using 2 workers of 2 for evacuation
[530.372s][info][gc,phases   ] GC(1204)   Pre Evacuate Collection Set: 0.22ms
[530.372s][info][gc,phases   ] GC(1204)   Merge Heap Roots: 0.13ms
[530.372s][info][gc,phases   ] GC(1204)   Evacuate Collection Set: 21.12ms
[530.372s][info][gc,phases   ] GC(1204)   Post Evacuate Collection Set: 0.39ms
[530.372s][info][gc,phases   ] GC(1204)   Other: 0.07ms
[530.372s][info][gc,heap     ] GC(1204) Eden regions: 91->0(86)
[530.372s][info][gc,heap     ] GC(1204) Survivor regions: 12->12(13)
[530.372s][info][gc,heap     ] GC(1204) Old regions: 161->173
[530.372s][info][gc,heap     ] GC(1204) Humongous regions: 3->3
[530.372s][info][gc,metaspace] GC(1204) Metaspace: 43130K(43520K)->43130K(43520K) NonClass: 40309K(40576K)->40309K(40576K) Class: 2820K(2944K)->2820K(2944K)
[530.372s][info][gc          ] GC(1204) Pause Young (Prepare Mixed) (G1 Evacuation Pause) 266M->186M(326M) 22.099ms
[530.372s][info][gc,cpu      ] GC(1204) User=0.05s Sys=0.00s Real=0.03s
[530.640s][info][gc,start    ] GC(1205) Pause Young (Mixed) (G1 Evacuation Pause)
[530.641s][info][gc,task     ] GC(1205) Using 2 workers of 2 for evacuation
[530.665s][info][gc,phases   ] GC(1205)   Pre Evacuate Collection Set: 0.21ms
[530.666s][info][gc,phases   ] GC(1205)   Merge Heap Roots: 0.20ms
[530.666s][info][gc,phases   ] GC(1205)   Evacuate Collection Set: 24.07ms
[530.666s][info][gc,phases   ] GC(1205)   Post Evacuate Collection Set: 0.43ms
[530.666s][info][gc,phases   ] GC(1205)   Other: 0.07ms
[530.666s][info][gc,heap     ] GC(1205) Eden regions: 86->0(101)
[530.666s][info][gc,heap     ] GC(1205) Survivor regions: 12->11(13)
[530.666s][info][gc,heap     ] GC(1205) Old regions: 173->152
[530.666s][info][gc,heap     ] GC(1205) Humongous regions: 7->3
[530.666s][info][gc,metaspace] GC(1205) Metaspace: 43130K(43520K)->43130K(43520K) NonClass: 40309K(40576K)->40309K(40576K) Class: 2820K(2944K)->2820K(2944K)
[530.666s][info][gc          ] GC(1205) Pause Young (Mixed) (G1 Evacuation Pause) 276M->165M(326M) 25.147ms
[530.666s][info][gc,cpu      ] GC(1205) User=0.05s Sys=0.00s Real=0.03s
[531.004s][info][gc,start    ] GC(1206) Pause Young (Mixed) (G1 Evacuation Pause)
[531.004s][info][gc,task     ] GC(1206) Using 2 workers of 2 for evacuation
[531.024s][info][gc,phases   ] GC(1206)   Pre Evacuate Collection Set: 0.20ms
[531.024s][info][gc,phases   ] GC(1206)   Merge Heap Roots: 0.27ms
[531.024s][info][gc,phases   ] GC(1206)   Evacuate Collection Set: 19.09ms
[531.024s][info][gc,phases   ] GC(1206)   Post Evacuate Collection Set: 0.44ms
[531.024s][info][gc,phases   ] GC(1206)   Other: 0.07ms
[531.024s][info][gc,heap     ] GC(1206) Eden regions: 101->0(123)
[531.024s][info][gc,heap     ] GC(1206) Survivor regions: 11->4(14)
[531.024s][info][gc,heap     ] GC(1206) Old regions: 152->129
[531.024s][info][gc,heap     ] GC(1206) Humongous regions: 9->1
[531.024s][info][gc,metaspace] GC(1206) Metaspace: 43130K(43520K)->43130K(43520K) NonClass: 40309K(40576K)->40309K(40576K) Class: 2820K(2944K)->2820K(2944K)
[531.024s][info][gc          ] GC(1206) Pause Young (Mixed) (G1 Evacuation Pause) 272M->133M(326M) 20.241ms
[531.024s][info][gc,cpu      ] GC(1206) User=0.04s Sys=0.00s Real=0.02s
[531.318s][info][gc,start    ] GC(1207) Pause Young (Mixed) (G1 Evacuation Pause)
[531.318s][info][gc,task     ] GC(1207) Using 2 workers of 2 for evacuation
[531.356s][info][gc,phases   ] GC(1207)   Pre Evacuate Collection Set: 0.18ms
[531.356s][info][gc,phases   ] GC(1207)   Merge Heap Roots: 0.27ms
[531.356s][info][gc,phases   ] GC(1207)   Evacuate Collection Set: 36.11ms
[531.356s][info][gc,phases   ] GC(1207)   Post Evacuate Collection Set: 0.98ms
[531.356s][info][gc,phases   ] GC(1207)   Other: 0.07ms
[531.356s][info][gc,heap     ] GC(1207) Eden regions: 123->0(131)
[531.356s][info][gc,heap     ] GC(1207) Survivor regions: 4->16(16)
[531.356s][info][gc,heap     ] GC(1207) Old regions: 129->148
[531.356s][info][gc,heap     ] GC(1207) Humongous regions: 4->4
[531.356s][info][gc,metaspace] GC(1207) Metaspace: 43130K(43520K)->43130K(43520K) NonClass: 40309K(40576K)->40309K(40576K) Class: 2820K(2944K)->2820K(2944K)
[531.356s][info][gc          ] GC(1207) Pause Young (Mixed) (G1 Evacuation Pause) 259M->167M(394M) 37.814ms
[531.356s][info][gc,cpu      ] GC(1207) User=0.07s Sys=0.00s Real=0.04s
[531.601s][info][gc,start    ] GC(1208) Pause Young (Concurrent Start) (G1 Humongous Allocation)
[531.601s][info][gc,task     ] GC(1208) Using 2 workers of 2 for evacuation
[531.640s][info][gc,phases   ] GC(1208)   Pre Evacuate Collection Set: 0.21ms
[531.640s][info][gc,phases   ] GC(1208)   Merge Heap Roots: 0.16ms
[531.640s][info][gc,phases   ] GC(1208)   Evacuate Collection Set: 37.49ms
[531.640s][info][gc,phases   ] GC(1208)   Post Evacuate Collection Set: 0.38ms
[531.640s][info][gc,phases   ] GC(1208)   Other: 0.10ms
[531.640s][info][gc,heap     ] GC(1208) Eden regions: 60->0(103)
[531.640s][info][gc,heap     ] GC(1208) Survivor regions: 16->19(19)
[531.640s][info][gc,heap     ] GC(1208) Old regions: 148->175
[531.640s][info][gc,heap     ] GC(1208) Humongous regions: 4->4
[531.640s][info][gc,metaspace] GC(1208) Metaspace: 43130K(43520K)->43130K(43520K) NonClass: 40309K(40576K)->40309K(40576K) Class: 2820K(2944K)->2820K(2944K)
[531.640s][info][gc          ] GC(1208) Pause Young (Concurrent Start) (G1 Humongous Allocation) 226M->197M(394M) 38.574ms
[531.640s][info][gc,cpu      ] GC(1208) User=0.06s Sys=0.01s Real=0.04s
[531.640s][info][gc          ] GC(1209) Concurrent Mark Cycle
[531.640s][info][gc,marking  ] GC(1209) Concurrent Scan Root Regions
[531.660s][info][gc,marking  ] GC(1209) Concurrent Scan Root Regions 19.995ms
[531.660s][info][gc,marking  ] GC(1209) Concurrent Mark
[531.660s][info][gc,marking  ] GC(1209) Concurrent Mark From Roots
[531.660s][info][gc,task     ] GC(1209) Using 1 workers of 1 for marking
[531.746s][info][gc,marking  ] GC(1209) Concurrent Mark From Roots 85.716ms
[531.746s][info][gc,marking  ] GC(1209) Concurrent Preclean
[531.746s][info][gc,marking  ] GC(1209) Concurrent Preclean 0.048ms
[531.746s][info][gc,start    ] GC(1209) Pause Remark
[531.762s][info][gc          ] GC(1209) Pause Remark 229M->205M(394M) 15.617ms
[531.762s][info][gc,cpu      ] GC(1209) User=0.03s Sys=0.00s Real=0.01s
[531.762s][info][gc,marking  ] GC(1209) Concurrent Mark 101.727ms
[531.762s][info][gc,marking  ] GC(1209) Concurrent Rebuild Remembered Sets and Scrub Regions
[531.814s][info][gc,marking  ] GC(1209) Concurrent Rebuild Remembered Sets and Scrub Regions 52.024ms
[531.814s][info][gc,start    ] GC(1209) Pause Cleanup
[531.814s][info][gc          ] GC(1209) Pause Cleanup 219M->219M(394M) 0.060ms
[531.814s][info][gc,cpu      ] GC(1209) User=0.00s Sys=0.00s Real=0.00s
[531.814s][info][gc,marking  ] GC(1209) Concurrent Clear Claimed Marks
[531.814s][info][gc,marking  ] GC(1209) Concurrent Clear Claimed Marks 0.035ms
[531.814s][info][gc,marking  ] GC(1209) Concurrent Cleanup for Next Mark
[531.816s][info][gc,marking  ] GC(1209) Concurrent Cleanup for Next Mark 1.956ms
[531.816s][info][gc          ] GC(1209) Concurrent Mark Cycle 176.117ms
[531.985s][info][gc,start    ] GC(1210) Pause Young (Prepare Mixed) (G1 Evacuation Pause)
[531.985s][info][gc,task     ] GC(1210) Using 2 workers of 2 for evacuation
[532.005s][info][gc,phases   ] GC(1210)   Pre Evacuate Collection Set: 0.20ms
[532.005s][info][gc,phases   ] GC(1210)   Merge Heap Roots: 0.16ms
[532.005s][info][gc,phases   ] GC(1210)   Evacuate Collection Set: 18.64ms
[532.005s][info][gc,phases   ] GC(1210)   Post Evacuate Collection Set: 0.37ms
[532.005s][info][gc,phases   ] GC(1210)   Other: 0.08ms
[532.005s][info][gc,heap     ] GC(1210) Eden regions: 103->0(115)
[532.005s][info][gc,heap     ] GC(1210) Survivor regions: 19->14(16)
[532.005s][info][gc,heap     ] GC(1210) Old regions: 151->167
[532.005s][info][gc,heap     ] GC(1210) Humongous regions: 5->5
[532.005s][info][gc,metaspace] GC(1210) Metaspace: 43130K(43520K)->43130K(43520K) NonClass: 40309K(40576K)->40309K(40576K) Class: 2820K(2944K)->2820K(2944K)
[532.005s][info][gc          ] GC(1210) Pause Young (Prepare Mixed) (G1 Evacuation Pause) 277M->185M(394M) 19.650ms
[532.005s][info][gc,cpu      ] GC(1210) User=0.04s Sys=0.00s Real=0.02s
[532.365s][info][gc,start    ] GC(1211) Pause Young (Mixed) (G1 Evacuation Pause)
[532.365s][info][gc,task     ] GC(1211) Using 2 workers of 2 for evacuation
[532.375s][info][gc,phases   ] GC(1211)   Pre Evacuate Collection Set: 0.22ms
[532.375s][info][gc,phases   ] GC(1211)   Merge Heap Roots: 0.16ms
[532.375s][info][gc,phases   ] GC(1211)   Evacuate Collection Set: 8.46ms
[532.375s][info][gc,phases   ] GC(1211)   Post Evacuate Collection Set: 0.39ms
[532.375s][info][gc,phases   ] GC(1211)   Other: 0.08ms
[532.375s][info][gc,heap     ] GC(1211) Eden regions: 115->0(146)
[532.375s][info][gc,heap     ] GC(1211) Survivor regions: 14->2(17)
[532.375s][info][gc,heap     ] GC(1211) Old regions: 167->135
[532.375s][info][gc,heap     ] GC(1211) Humongous regions: 6->5
[532.375s][info][gc,metaspace] GC(1211) Metaspace: 43131K(43520K)->43131K(43520K) NonClass: 40310K(40576K)->40310K(40576K) Class: 2820K(2944K)->2820K(2944K)
[532.375s][info][gc          ] GC(1211) Pause Young (Mixed) (G1 Evacuation Pause) 301M->141M(394M) 9.514ms
[532.375s][info][gc,cpu      ] GC(1211) User=0.02s Sys=0.00s Real=0.01s
[532.819s][info][gc,start    ] GC(1212) Pause Young (Mixed) (G1 Evacuation Pause)
[532.819s][info][gc,task     ] GC(1212) Using 2 workers of 2 for evacuation
[532.840s][info][gc,phases   ] GC(1212)   Pre Evacuate Collection Set: 0.23ms
[532.840s][info][gc,phases   ] GC(1212)   Merge Heap Roots: 0.27ms
[532.840s][info][gc,phases   ] GC(1212)   Evacuate Collection Set: 20.69ms
[532.840s][info][gc,phases   ] GC(1212)   Post Evacuate Collection Set: 0.41ms
[532.840s][info][gc,phases   ] GC(1212)   Other: 0.07ms
[532.840s][info][gc,heap     ] GC(1212) Eden regions: 146->0(150)
[532.840s][info][gc,heap     ] GC(1212) Survivor regions: 2->14(19)
[532.840s][info][gc,heap     ] GC(1212) Old regions: 135->127
[532.840s][info][gc,heap     ] GC(1212) Humongous regions: 6->5
[532.840s][info][gc,metaspace] GC(1212) Metaspace: 43131K(43520K)->43131K(43520K) NonClass: 40310K(40576K)->40310K(40576K) Class: 2820K(2944K)->2820K(2944K)
[532.840s][info][gc          ] GC(1212) Pause Young (Mixed) (G1 Evacuation Pause) 288M->144M(394M) 21.846ms
[532.840s][info][gc,cpu      ] GC(1212) User=0.05s Sys=0.00s Real=0.02s
[533.335s][info][gc,start    ] GC(1213) Pause Young (Concurrent Start) (G1 Evacuation Pause)
[533.335s][info][gc,task     ] GC(1213) Using 2 workers of 2 for evacuation
[533.356s][info][gc,phases   ] GC(1213)   Pre Evacuate Collection Set: 0.23ms
[533.356s][info][gc,phases   ] GC(1213)   Merge Heap Roots: 0.06ms
[533.356s][info][gc,phases   ] GC(1213)   Evacuate Collection Set: 19.37ms
[533.356s][info][gc,phases   ] GC(1213)   Post Evacuate Collection Set: 0.41ms
[533.356s][info][gc,phases   ] GC(1213)   Other: 0.09ms
[533.356s][info][gc,heap     ] GC(1213) Eden regions: 150->0(138)
[533.356s][info][gc,heap     ] GC(1213) Survivor regions: 14->21(21)
[533.356s][info][gc,heap     ] GC(1213) Old regions: 127->138
[533.356s][info][gc,heap     ] GC(1213) Humongous regions: 5->5
[533.356s][info][gc,metaspace] GC(1213) Metaspace: 43131K(43520K)->43131K(43520K) NonClass: 40310K(40576K)->40310K(40576K) Class: 2820K(2944K)->2820K(2944K)
[533.356s][info][gc          ] GC(1213) Pause Young (Concurrent Start) (G1 Evacuation Pause) 294M->163M(394M) 20.359ms
[533.356s][info][gc,cpu      ] GC(1213) User=0.04s Sys=0.00s Real=0.02s
[533.356s][info][gc          ] GC(1214) Concurrent Mark Cycle
[533.356s][info][gc,marking  ] GC(1214) Concurrent Scan Root Regions
[533.368s][info][gc,marking  ] GC(1214) Concurrent Scan Root Regions 12.570ms
[533.368s][info][gc,marking  ] GC(1214) Concurrent Mark
[533.368s][info][gc,marking  ] GC(1214) Concurrent Mark From Roots
[533.368s][info][gc,task     ] GC(1214) Using 1 workers of 1 for marking
[533.438s][info][gc,marking  ] GC(1214) Concurrent Mark From Roots 69.470ms
[533.438s][info][gc,marking  ] GC(1214) Concurrent Preclean
[533.438s][info][gc,marking  ] GC(1214) Concurrent Preclean 0.046ms
[533.439s][info][gc,start    ] GC(1214) Pause Remark
[533.454s][info][gc          ] GC(1214) Pause Remark 185M->147M(394M) 15.266ms
[533.454s][info][gc,cpu      ] GC(1214) User=0.03s Sys=0.00s Real=0.02s
[533.454s][info][gc,marking  ] GC(1214) Concurrent Mark 85.735ms
[533.454s][info][gc,marking  ] GC(1214) Concurrent Rebuild Remembered Sets and Scrub Regions
[533.490s][info][gc,marking  ] GC(1214) Concurrent Rebuild Remembered Sets and Scrub Regions 35.330ms
[533.490s][info][gc,start    ] GC(1214) Pause Cleanup
[533.490s][info][gc          ] GC(1214) Pause Cleanup 156M->156M(394M) 0.075ms
[533.490s][info][gc,cpu      ] GC(1214) User=0.00s Sys=0.00s Real=0.00s
[533.490s][info][gc,marking  ] GC(1214) Concurrent Clear Claimed Marks
[533.490s][info][gc,marking  ] GC(1214) Concurrent Clear Claimed Marks 0.041ms
[533.490s][info][gc,marking  ] GC(1214) Concurrent Cleanup for Next Mark
[533.491s][info][gc,marking  ] GC(1214) Concurrent Cleanup for Next Mark 1.131ms
[533.491s][info][gc          ] GC(1214) Concurrent Mark Cycle 135.282ms
[533.845s][info][gc,start    ] GC(1215) Pause Young (Prepare Mixed) (G1 Evacuation Pause)
[533.845s][info][gc,task     ] GC(1215) Using 2 workers of 2 for evacuation
[533.878s][info][gc,phases   ] GC(1215)   Pre Evacuate Collection Set: 0.28ms
[533.878s][info][gc,phases   ] GC(1215)   Merge Heap Roots: 0.16ms
[533.878s][info][gc,phases   ] GC(1215)   Evacuate Collection Set: 31.78ms
[533.878s][info][gc,phases   ] GC(1215)   Post Evacuate Collection Set: 0.42ms
[533.878s][info][gc,phases   ] GC(1215)   Other: 0.08ms
[533.878s][info][gc,heap     ] GC(1215) Eden regions: 138->0(136)
[533.878s][info][gc,heap     ] GC(1215) Survivor regions: 21->20(20)
[533.878s][info][gc,heap     ] GC(1215) Old regions: 102->135
[533.878s][info][gc,heap     ] GC(1215) Humongous regions: 4->4
[533.878s][info][gc,metaspace] GC(1215) Metaspace: 43131K(43520K)->43131K(43520K) NonClass: 40310K(40576K)->40310K(40576K) Class: 2820K(2944K)->2820K(2944K)
[533.878s][info][gc          ] GC(1215) Pause Young (Prepare Mixed) (G1 Evacuation Pause) 264M->158M(394M) 32.943ms
[533.878s][info][gc,cpu      ] GC(1215) User=0.07s Sys=0.00s Real=0.03s
[534.297s][info][gc,start    ] GC(1216) Pause Young (Mixed) (G1 Evacuation Pause)
[534.297s][info][gc,task     ] GC(1216) Using 2 workers of 2 for evacuation
[534.354s][info][gc,phases   ] GC(1216)   Pre Evacuate Collection Set: 0.21ms
[534.354s][info][gc,phases   ] GC(1216)   Merge Heap Roots: 0.19ms
[534.355s][info][gc,phases   ] GC(1216)   Evacuate Collection Set: 56.01ms
[534.355s][info][gc,phases   ] GC(1216)   Post Evacuate Collection Set: 0.53ms
[534.355s][info][gc,phases   ] GC(1216)   Other: 0.07ms
[534.355s][info][gc,heap     ] GC(1216) Eden regions: 136->0(94)
[534.355s][info][gc,heap     ] GC(1216) Survivor regions: 20->20(20)
[534.355s][info][gc,heap     ] GC(1216) Old regions: 135->181
[534.355s][info][gc,heap     ] GC(1216) Humongous regions: 4->4
[534.355s][info][gc,metaspace] GC(1216) Metaspace: 43131K(43520K)->43131K(43520K) NonClass: 40310K(40576K)->40310K(40576K) Class: 2820K(2944K)->2820K(2944K)
[534.355s][info][gc          ] GC(1216) Pause Young (Mixed) (G1 Evacuation Pause) 294M->204M(394M) 57.221ms
[534.355s][info][gc,cpu      ] GC(1216) User=0.11s Sys=0.00s Real=0.06s
[534.366s][info][gc,start    ] GC(1217) Pause Young (Concurrent Start) (G1 Humongous Allocation)
[534.366s][info][gc,task     ] GC(1217) Using 2 workers of 2 for evacuation
[534.384s][info][gc,phases   ] GC(1217)   Pre Evacuate Collection Set: 0.20ms
[534.384s][info][gc,phases   ] GC(1217)   Merge Heap Roots: 0.16ms
[534.384s][info][gc,phases   ] GC(1217)   Evacuate Collection Set: 16.77ms
[534.384s][info][gc,phases   ] GC(1217)   Post Evacuate Collection Set: 0.72ms
[534.384s][info][gc,phases   ] GC(1217)   Other: 0.08ms
[534.384s][info][gc,heap     ] GC(1217) Eden regions: 3->0(118)
[534.384s][info][gc,heap     ] GC(1217) Survivor regions: 20->2(15)
[534.384s][info][gc,heap     ] GC(1217) Old regions: 181->201
[534.384s][info][gc,heap     ] GC(1217) Humongous regions: 4->4
[534.384s][info][gc,metaspace] GC(1217) Metaspace: 43131K(43520K)->43131K(43520K) NonClass: 40310K(40576K)->40310K(40576K) Class: 2820K(2944K)->2820K(2944K)
[534.384s][info][gc          ] GC(1217) Pause Young (Concurrent Start) (G1 Humongous Allocation) 207M->206M(459M) 18.118ms
[534.384s][info][gc,cpu      ] GC(1217) User=0.03s Sys=0.00s Real=0.02s
[534.384s][info][gc          ] GC(1218) Concurrent Mark Cycle
[534.384s][info][gc,marking  ] GC(1218) Concurrent Scan Root Regions
[534.390s][info][gc,marking  ] GC(1218) Concurrent Scan Root Regions 5.975ms
[534.390s][info][gc,marking  ] GC(1218) Concurrent Mark
[534.390s][info][gc,marking  ] GC(1218) Concurrent Mark From Roots
[534.390s][info][gc,task     ] GC(1218) Using 1 workers of 1 for marking
[534.531s][info][gc,marking  ] GC(1218) Concurrent Mark From Roots 140.982ms
[534.531s][info][gc,marking  ] GC(1218) Concurrent Preclean
[534.531s][info][gc,marking  ] GC(1218) Concurrent Preclean 0.058ms
[534.531s][info][gc,start    ] GC(1218) Pause Remark
[534.547s][info][gc          ] GC(1218) Pause Remark 239M->213M(459M) 15.483ms
[534.547s][info][gc,cpu      ] GC(1218) User=0.03s Sys=0.00s Real=0.02s
[534.547s][info][gc,marking  ] GC(1218) Concurrent Mark 156.848ms
[534.547s][info][gc,marking  ] GC(1218) Concurrent Rebuild Remembered Sets and Scrub Regions
[534.641s][info][gc,marking  ] GC(1218) Concurrent Rebuild Remembered Sets and Scrub Regions 94.360ms
[534.641s][info][gc,start    ] GC(1218) Pause Cleanup
[534.641s][info][gc          ] GC(1218) Pause Cleanup 232M->232M(459M) 0.077ms
[534.641s][info][gc,cpu      ] GC(1218) User=0.00s Sys=0.00s Real=0.00s
[534.642s][info][gc,marking  ] GC(1218) Concurrent Clear Claimed Marks
[534.642s][info][gc,marking  ] GC(1218) Concurrent Clear Claimed Marks 0.043ms
[534.642s][info][gc,marking  ] GC(1218) Concurrent Cleanup for Next Mark
[534.644s][info][gc,marking  ] GC(1218) Concurrent Cleanup for Next Mark 2.017ms
[534.644s][info][gc          ] GC(1218) Concurrent Mark Cycle 259.671ms
[534.902s][info][gc,start    ] GC(1219) Pause Young (Prepare Mixed) (G1 Evacuation Pause)
[534.902s][info][gc,task     ] GC(1219) Using 2 workers of 2 for evacuation
[534.954s][info][gc,phases   ] GC(1219)   Pre Evacuate Collection Set: 0.22ms
[534.954s][info][gc,phases   ] GC(1219)   Merge Heap Roots: 0.28ms
[534.954s][info][gc,phases   ] GC(1219)   Evacuate Collection Set: 51.13ms
[534.954s][info][gc,phases   ] GC(1219)   Post Evacuate Collection Set: 0.46ms
[534.954s][info][gc,phases   ] GC(1219)   Other: 0.07ms
[534.954s][info][gc,heap     ] GC(1219) Eden regions: 118->0(89)
[534.954s][info][gc,heap     ] GC(1219) Survivor regions: 2->15(15)
[534.954s][info][gc,heap     ] GC(1219) Old regions: 176->234
[534.954s][info][gc,heap     ] GC(1219) Humongous regions: 4->4
[534.954s][info][gc,metaspace] GC(1219) Metaspace: 43131K(43520K)->43131K(43520K) NonClass: 40310K(40576K)->40310K(40576K) Class: 2820K(2944K)->2820K(2944K)
[534.954s][info][gc          ] GC(1219) Pause Young (Prepare Mixed) (G1 Evacuation Pause) 299M->252M(459M) 52.357ms
[534.954s][info][gc,cpu      ] GC(1219) User=0.10s Sys=0.00s Real=0.05s
[535.266s][info][gc,start    ] GC(1220) Pause Young (Mixed) (G1 Evacuation Pause)
[535.266s][info][gc,task     ] GC(1220) Using 2 workers of 2 for evacuation
[535.322s][info][gc,phases   ] GC(1220)   Pre Evacuate Collection Set: 0.24ms
[535.322s][info][gc,phases   ] GC(1220)   Merge Heap Roots: 0.44ms
[535.322s][info][gc,phases   ] GC(1220)   Evacuate Collection Set: 54.65ms
[535.322s][info][gc,phases   ] GC(1220)   Post Evacuate Collection Set: 0.45ms
[535.322s][info][gc,phases   ] GC(1220)   Other: 0.07ms
[535.322s][info][gc,heap     ] GC(1220) Eden regions: 89->0(74)
[535.322s][info][gc,heap     ] GC(1220) Survivor regions: 15->13(13)
[535.322s][info][gc,heap     ] GC(1220) Old regions: 234->262
[535.322s][info][gc,heap     ] GC(1220) Humongous regions: 5->5
[535.322s][info][gc,metaspace] GC(1220) Metaspace: 43131K(43520K)->43131K(43520K) NonClass: 40310K(40576K)->40310K(40576K) Class: 2820K(2944K)->2820K(2944K)
[535.322s][info][gc          ] GC(1220) Pause Young (Mixed) (G1 Evacuation Pause) 342M->279M(459M) 56.070ms
[535.322s][info][gc,cpu      ] GC(1220) User=0.12s Sys=0.00s Real=0.06s
[535.559s][info][gc,start    ] GC(1221) Pause Young (Concurrent Start) (G1 Evacuation Pause)
[535.559s][info][gc,task     ] GC(1221) Using 2 workers of 2 for evacuation
[535.603s][info][gc,phases   ] GC(1221)   Pre Evacuate Collection Set: 0.25ms
[535.604s][info][gc,phases   ] GC(1221)   Merge Heap Roots: 0.21ms
[535.604s][info][gc,phases   ] GC(1221)   Evacuate Collection Set: 43.40ms
[535.604s][info][gc,phases   ] GC(1221)   Post Evacuate Collection Set: 0.39ms
[535.604s][info][gc,phases   ] GC(1221)   Other: 0.08ms
[535.604s][info][gc,heap     ] GC(1221) Eden regions: 74->0(50)
[535.604s][info][gc,heap     ] GC(1221) Survivor regions: 13->11(11)
[535.604s][info][gc,heap     ] GC(1221) Old regions: 262->315
[535.604s][info][gc,heap     ] GC(1221) Humongous regions: 5->5
[535.604s][info][gc,metaspace] GC(1221) Metaspace: 43131K(43520K)->43131K(43520K) NonClass: 40310K(40576K)->40310K(40576K) Class: 2820K(2944K)->2820K(2944K)
[535.604s][info][gc          ] GC(1221) Pause Young (Concurrent Start) (G1 Evacuation Pause) 353M->330M(459M) 44.544ms
[535.604s][info][gc          ] GC(1222) Concurrent Mark Cycle
[535.604s][info][gc,marking  ] GC(1222) Concurrent Scan Root Regions
[535.606s][info][gc,cpu      ] GC(1221) User=0.09s Sys=0.00s Real=0.05s
[535.627s][info][gc,marking  ] GC(1222) Concurrent Scan Root Regions 23.659ms
[535.627s][info][gc,marking  ] GC(1222) Concurrent Mark
[535.627s][info][gc,marking  ] GC(1222) Concurrent Mark From Roots
[535.627s][info][gc,task     ] GC(1222) Using 1 workers of 1 for marking
[535.758s][info][gc,marking  ] GC(1222) Concurrent Mark From Roots 131.026ms
[535.758s][info][gc,marking  ] GC(1222) Concurrent Preclean
[535.759s][info][gc,marking  ] GC(1222) Concurrent Preclean 0.048ms
[535.759s][info][gc,start    ] GC(1222) Pause Remark
[535.775s][info][gc          ] GC(1222) Pause Remark 367M->344M(515M) 16.525ms
[535.775s][info][gc,cpu      ] GC(1222) User=0.03s Sys=0.00s Real=0.02s
[535.775s][info][gc,marking  ] GC(1222) Concurrent Mark 147.795ms
[535.775s][info][gc,marking  ] GC(1222) Concurrent Rebuild Remembered Sets and Scrub Regions
[535.852s][info][gc,start    ] GC(1223) Pause Young (Normal) (G1 Evacuation Pause)
[535.852s][info][gc,task     ] GC(1223) Using 2 workers of 2 for evacuation
[535.885s][info][gc,phases   ] GC(1223)   Pre Evacuate Collection Set: 0.23ms
[535.885s][info][gc,phases   ] GC(1223)   Merge Heap Roots: 0.31ms
[535.885s][info][gc,phases   ] GC(1223)   Evacuate Collection Set: 31.95ms
[535.885s][info][gc,phases   ] GC(1223)   Post Evacuate Collection Set: 0.40ms
[535.885s][info][gc,phases   ] GC(1223)   Other: 0.07ms
[535.885s][info][gc,heap     ] GC(1223) Eden regions: 50->0(74)
[535.885s][info][gc,heap     ] GC(1223) Survivor regions: 11->8(8)
[535.885s][info][gc,heap     ] GC(1223) Old regions: 293->318
[535.885s][info][gc,heap     ] GC(1223) Humongous regions: 5->5
[535.885s][info][gc,metaspace] GC(1223) Metaspace: 43131K(43520K)->43131K(43520K) NonClass: 40310K(40576K)->40310K(40576K) Class: 2820K(2944K)->2820K(2944K)
[535.885s][info][gc          ] GC(1223) Pause Young (Normal) (G1 Evacuation Pause) 358M->330M(515M) 33.152ms
[535.885s][info][gc,cpu      ] GC(1223) User=0.07s Sys=0.00s Real=0.03s
[535.902s][info][gc,marking  ] GC(1222) Concurrent Rebuild Remembered Sets and Scrub Regions 127.194ms
[535.903s][info][gc,start    ] GC(1222) Pause Cleanup
[535.903s][info][gc          ] GC(1222) Pause Cleanup 335M->335M(515M) 0.136ms
[535.903s][info][gc,cpu      ] GC(1222) User=0.00s Sys=0.00s Real=0.00s
[535.903s][info][gc,marking  ] GC(1222) Concurrent Clear Claimed Marks
[535.903s][info][gc,marking  ] GC(1222) Concurrent Clear Claimed Marks 0.050ms
[535.903s][info][gc,marking  ] GC(1222) Concurrent Cleanup for Next Mark
[535.905s][info][gc,marking  ] GC(1222) Concurrent Cleanup for Next Mark 2.072ms
[535.905s][info][gc          ] GC(1222) Concurrent Mark Cycle 301.244ms
[536.145s][info][gc,start    ] GC(1224) Pause Young (Prepare Mixed) (G1 Evacuation Pause)
[536.146s][info][gc,task     ] GC(1224) Using 2 workers of 2 for evacuation
[536.182s][info][gc,phases   ] GC(1224)   Pre Evacuate Collection Set: 0.26ms
[536.182s][info][gc,phases   ] GC(1224)   Merge Heap Roots: 0.20ms
[536.182s][info][gc,phases   ] GC(1224)   Evacuate Collection Set: 35.44ms
[536.182s][info][gc,phases   ] GC(1224)   Post Evacuate Collection Set: 0.48ms
[536.182s][info][gc,phases   ] GC(1224)   Other: 0.08ms
[536.182s][info][gc,heap     ] GC(1224) Eden regions: 74->0(57)
[536.182s][info][gc,heap     ] GC(1224) Survivor regions: 8->11(11)
[536.182s][info][gc,heap     ] GC(1224) Old regions: 318->357
[536.182s][info][gc,heap     ] GC(1224) Humongous regions: 5->5
[536.182s][info][gc,metaspace] GC(1224) Metaspace: 43131K(43520K)->43131K(43520K) NonClass: 40310K(40576K)->40310K(40576K) Class: 2820K(2944K)->2820K(2944K)
[536.182s][info][gc          ] GC(1224) Pause Young (Prepare Mixed) (G1 Evacuation Pause) 404M->372M(515M) 36.664ms
[536.182s][info][gc,cpu      ] GC(1224) User=0.07s Sys=0.00s Real=0.04s
[536.374s][info][gc,start    ] GC(1225) Pause Young (Mixed) (G1 Evacuation Pause)
[536.374s][info][gc,task     ] GC(1225) Using 2 workers of 2 for evacuation
[536.400s][info][gc,phases   ] GC(1225)   Pre Evacuate Collection Set: 0.26ms
[536.400s][info][gc,phases   ] GC(1225)   Merge Heap Roots: 0.28ms
[536.400s][info][gc,phases   ] GC(1225)   Evacuate Collection Set: 24.44ms
[536.400s][info][gc,phases   ] GC(1225)   Post Evacuate Collection Set: 0.92ms
[536.400s][info][gc,phases   ] GC(1225)   Other: 0.12ms
[536.400s][info][gc,heap     ] GC(1225) Eden regions: 57->0(109)
[536.400s][info][gc,heap     ] GC(1225) Survivor regions: 11->9(9)
[536.400s][info][gc,heap     ] GC(1225) Old regions: 357->321
[536.400s][info][gc,heap     ] GC(1225) Humongous regions: 6->6
[536.400s][info][gc,metaspace] GC(1225) Metaspace: 43131K(43520K)->43131K(43520K) NonClass: 40310K(40576K)->40310K(40576K) Class: 2820K(2944K)->2820K(2944K)
[536.400s][info][gc          ] GC(1225) Pause Young (Mixed) (G1 Evacuation Pause) 430M->335M(587M) 26.231ms
[536.400s][info][gc,cpu      ] GC(1225) User=0.05s Sys=0.00s Real=0.02s
[536.807s][info][gc,start    ] GC(1226) Pause Young (Mixed) (G1 Evacuation Pause)
[536.807s][info][gc,task     ] GC(1226) Using 2 workers of 2 for evacuation
[536.832s][info][gc,phases   ] GC(1226)   Pre Evacuate Collection Set: 0.40ms
[536.832s][info][gc,phases   ] GC(1226)   Merge Heap Roots: 0.40ms
[536.832s][info][gc,phases   ] GC(1226)   Evacuate Collection Set: 23.32ms
[536.832s][info][gc,phases   ] GC(1226)   Post Evacuate Collection Set: 0.52ms
[536.832s][info][gc,phases   ] GC(1226)   Other: 0.07ms
[536.832s][info][gc,heap     ] GC(1226) Eden regions: 109->0(141)
[536.832s][info][gc,heap     ] GC(1226) Survivor regions: 9->5(15)
[536.832s][info][gc,heap     ] GC(1226) Old regions: 321->277
[536.832s][info][gc,heap     ] GC(1226) Humongous regions: 6->6
[536.832s][info][gc,metaspace] GC(1226) Metaspace: 43132K(43520K)->43132K(43520K) NonClass: 40312K(40576K)->40312K(40576K) Class: 2820K(2944K)->2820K(2944K)
[536.832s][info][gc          ] GC(1226) Pause Young (Mixed) (G1 Evacuation Pause) 444M->287M(587M) 24.905ms
[536.832s][info][gc,cpu      ] GC(1226) User=0.05s Sys=0.00s Real=0.03s
[537.302s][info][gc,start    ] GC(1227) Pause Young (Mixed) (G1 Evacuation Pause)
[537.302s][info][gc,task     ] GC(1227) Using 2 workers of 2 for evacuation
[537.329s][info][gc,phases   ] GC(1227)   Pre Evacuate Collection Set: 0.36ms
[537.329s][info][gc,phases   ] GC(1227)   Merge Heap Roots: 0.66ms
[537.329s][info][gc,phases   ] GC(1227)   Evacuate Collection Set: 25.01ms
[537.329s][info][gc,phases   ] GC(1227)   Post Evacuate Collection Set: 0.39ms
[537.329s][info][gc,phases   ] GC(1227)   Other: 0.08ms
[537.329s][info][gc,heap     ] GC(1227) Eden regions: 141->0(154)
[537.329s][info][gc,heap     ] GC(1227) Survivor regions: 5->12(19)
[537.329s][info][gc,heap     ] GC(1227) Old regions: 277->266
[537.329s][info][gc,heap     ] GC(1227) Humongous regions: 7->7
[537.329s][info][gc,metaspace] GC(1227) Metaspace: 43132K(43520K)->43132K(43520K) NonClass: 40312K(40576K)->40312K(40576K) Class: 2820K(2944K)->2820K(2944K)
[537.329s][info][gc          ] GC(1227) Pause Young (Mixed) (G1 Evacuation Pause) 429M->284M(587M) 26.721ms
[537.329s][info][gc,cpu      ] GC(1227) User=0.05s Sys=0.00s Real=0.02s
[537.718s][info][gc,start    ] GC(1228) Pause Young (Concurrent Start) (G1 Humongous Allocation)
[537.718s][info][gc,task     ] GC(1228) Using 2 workers of 2 for evacuation
[537.739s][info][gc,phases   ] GC(1228)   Pre Evacuate Collection Set: 0.29ms
[537.739s][info][gc,phases   ] GC(1228)   Merge Heap Roots: 0.07ms
[537.739s][info][gc,phases   ] GC(1228)   Evacuate Collection Set: 20.89ms
[537.739s][info][gc,phases   ] GC(1228)   Post Evacuate Collection Set: 0.41ms
[537.739s][info][gc,phases   ] GC(1228)   Other: 0.10ms
[537.739s][info][gc,heap     ] GC(1228) Eden regions: 122->0(147)
[537.739s][info][gc,heap     ] GC(1228) Survivor regions: 12->21(21)
[537.739s][info][gc,heap     ] GC(1228) Old regions: 266->281
[537.739s][info][gc,heap     ] GC(1228) Humongous regions: 7->6
[537.739s][info][gc,metaspace] GC(1228) Metaspace: 43132K(43520K)->43132K(43520K) NonClass: 40312K(40576K)->40312K(40576K) Class: 2820K(2944K)->2820K(2944K)
[537.740s][info][gc          ] GC(1228) Pause Young (Concurrent Start) (G1 Humongous Allocation) 405M->307M(587M) 21.977ms
[537.740s][info][gc,cpu      ] GC(1228) User=0.05s Sys=0.00s Real=0.02s
[537.740s][info][gc          ] GC(1229) Concurrent Mark Cycle
[537.740s][info][gc,marking  ] GC(1229) Concurrent Scan Root Regions
[537.753s][info][gc,marking  ] GC(1229) Concurrent Scan Root Regions 13.285ms
[537.753s][info][gc,marking  ] GC(1229) Concurrent Mark
[537.753s][info][gc,marking  ] GC(1229) Concurrent Mark From Roots
[537.753s][info][gc,task     ] GC(1229) Using 1 workers of 1 for marking
[537.833s][info][gc,marking  ] GC(1229) Concurrent Mark From Roots 80.509ms
[537.834s][info][gc,marking  ] GC(1229) Concurrent Preclean
[537.834s][info][gc,marking  ] GC(1229) Concurrent Preclean 0.049ms
[537.834s][info][gc,start    ] GC(1229) Pause Remark
[537.849s][info][gc          ] GC(1229) Pause Remark 330M->199M(587M) 15.032ms
[537.849s][info][gc,cpu      ] GC(1229) User=0.03s Sys=0.00s Real=0.01s
[537.849s][info][gc,marking  ] GC(1229) Concurrent Mark 95.875ms
[537.849s][info][gc,marking  ] GC(1229) Concurrent Rebuild Remembered Sets and Scrub Regions
[537.893s][info][gc,marking  ] GC(1229) Concurrent Rebuild Remembered Sets and Scrub Regions 44.430ms
[537.893s][info][gc,start    ] GC(1229) Pause Cleanup
[537.894s][info][gc          ] GC(1229) Pause Cleanup 210M->210M(587M) 0.072ms
[537.894s][info][gc,cpu      ] GC(1229) User=0.00s Sys=0.00s Real=0.00s
[537.894s][info][gc,marking  ] GC(1229) Concurrent Clear Claimed Marks
[537.894s][info][gc,marking  ] GC(1229) Concurrent Clear Claimed Marks 0.035ms
[537.894s][info][gc,marking  ] GC(1229) Concurrent Cleanup for Next Mark
[537.896s][info][gc,marking  ] GC(1229) Concurrent Cleanup for Next Mark 2.355ms
[537.896s][info][gc          ] GC(1229) Concurrent Mark Cycle 156.362ms
[538.242s][info][gc,start    ] GC(1230) Pause Young (Prepare Mixed) (G1 Evacuation Pause)
[538.242s][info][gc,task     ] GC(1230) Using 2 workers of 2 for evacuation
[538.267s][info][gc,phases   ] GC(1230)   Pre Evacuate Collection Set: 0.27ms
[538.267s][info][gc,phases   ] GC(1230)   Merge Heap Roots: 0.21ms
[538.267s][info][gc,phases   ] GC(1230)   Evacuate Collection Set: 23.97ms
[538.267s][info][gc,phases   ] GC(1230)   Post Evacuate Collection Set: 0.43ms
[538.267s][info][gc,phases   ] GC(1230)   Other: 0.07ms
[538.267s][info][gc,heap     ] GC(1230) Eden regions: 147->0(206)
[538.267s][info][gc,heap     ] GC(1230) Survivor regions: 21->16(21)
[538.267s][info][gc,heap     ] GC(1230) Old regions: 153->173
[538.267s][info][gc,heap     ] GC(1230) Humongous regions: 5->4
[538.267s][info][gc,metaspace] GC(1230) Metaspace: 43132K(43520K)->43132K(43520K) NonClass: 40312K(40576K)->40312K(40576K) Class: 2820K(2944K)->2820K(2944K)
[538.267s][info][gc          ] GC(1230) Pause Young (Prepare Mixed) (G1 Evacuation Pause) 325M->191M(587M) 25.150ms
[538.267s][info][gc,cpu      ] GC(1230) User=0.05s Sys=0.00s Real=0.02s
[538.914s][info][gc,start    ] GC(1231) Pause Young (Mixed) (G1 Evacuation Pause)
[538.914s][info][gc,task     ] GC(1231) Using 2 workers of 2 for evacuation
[538.929s][info][gc,phases   ] GC(1231)   Pre Evacuate Collection Set: 0.28ms
[538.929s][info][gc,phases   ] GC(1231)   Merge Heap Roots: 0.21ms
[538.929s][info][gc,phases   ] GC(1231)   Evacuate Collection Set: 13.82ms
[538.929s][info][gc,phases   ] GC(1231)   Post Evacuate Collection Set: 0.47ms
[538.929s][info][gc,phases   ] GC(1231)   Other: 0.07ms
[538.929s][info][gc,heap     ] GC(1231) Eden regions: 206->0(246)
[538.929s][info][gc,heap     ] GC(1231) Survivor regions: 16->6(28)
[538.929s][info][gc,heap     ] GC(1231) Old regions: 173->129
[538.929s][info][gc,heap     ] GC(1231) Humongous regions: 6->4
[538.929s][info][gc,metaspace] GC(1231) Metaspace: 43132K(43520K)->43132K(43520K) NonClass: 40312K(40576K)->40312K(40576K) Class: 2820K(2944K)->2820K(2944K)
[538.929s][info][gc          ] GC(1231) Pause Young (Mixed) (G1 Evacuation Pause) 399M->138M(587M) 15.073ms
[538.929s][info][gc,cpu      ] GC(1231) User=0.03s Sys=0.00s Real=0.01s
[539.014s][info][gc,start    ] GC(1232) Pause Young (Concurrent Start) (G1 Humongous Allocation)
[539.014s][info][gc,task     ] GC(1232) Using 2 workers of 2 for evacuation
[539.023s][info][gc,phases   ] GC(1232)   Pre Evacuate Collection Set: 0.25ms
[539.023s][info][gc,phases   ] GC(1232)   Merge Heap Roots: 0.04ms
[539.023s][info][gc,phases   ] GC(1232)   Evacuate Collection Set: 8.50ms
[539.023s][info][gc,phases   ] GC(1232)   Post Evacuate Collection Set: 0.30ms
[539.023s][info][gc,phases   ] GC(1232)   Other: 0.08ms
[539.023s][info][gc,heap     ] GC(1232) Eden regions: 29->0(257)
[539.023s][info][gc,heap     ] GC(1232) Survivor regions: 6->16(32)
[539.023s][info][gc,heap     ] GC(1232) Old regions: 129->129
[539.023s][info][gc,heap     ] GC(1232) Humongous regions: 4->4
[539.023s][info][gc,metaspace] GC(1232) Metaspace: 43132K(43520K)->43132K(43520K) NonClass: 40312K(40576K)->40312K(40576K) Class: 2820K(2944K)->2820K(2944K)
[539.023s][info][gc          ] GC(1232) Pause Young (Concurrent Start) (G1 Humongous Allocation) 167M->148M(587M) 9.365ms
[539.023s][info][gc,cpu      ] GC(1232) User=0.02s Sys=0.00s Real=0.01s
[539.023s][info][gc          ] GC(1233) Concurrent Mark Cycle
[539.023s][info][gc,marking  ] GC(1233) Concurrent Scan Root Regions
[539.029s][info][gc,marking  ] GC(1233) Concurrent Scan Root Regions 5.886ms
[539.029s][info][gc,marking  ] GC(1233) Concurrent Mark
[539.029s][info][gc,marking  ] GC(1233) Concurrent Mark From Roots
[539.029s][info][gc,task     ] GC(1233) Using 1 workers of 1 for marking
[539.102s][info][gc,marking  ] GC(1233) Concurrent Mark From Roots 72.961ms
[539.102s][info][gc,marking  ] GC(1233) Concurrent Preclean
[539.102s][info][gc,marking  ] GC(1233) Concurrent Preclean 0.057ms
[539.102s][info][gc,start    ] GC(1233) Pause Remark
[539.118s][info][gc          ] GC(1233) Pause Remark 168M->140M(407M) 15.218ms
[539.118s][info][gc,cpu      ] GC(1233) User=0.03s Sys=0.00s Real=0.01s
[539.118s][info][gc,marking  ] GC(1233) Concurrent Mark 88.554ms
[539.118s][info][gc,marking  ] GC(1233) Concurrent Rebuild Remembered Sets and Scrub Regions
[539.146s][info][gc,marking  ] GC(1233) Concurrent Rebuild Remembered Sets and Scrub Regions 28.127ms
[539.146s][info][gc,start    ] GC(1233) Pause Cleanup
[539.146s][info][gc          ] GC(1233) Pause Cleanup 149M->149M(407M) 0.056ms
[539.146s][info][gc,cpu      ] GC(1233) User=0.00s Sys=0.00s Real=0.00s
[539.146s][info][gc,marking  ] GC(1233) Concurrent Clear Claimed Marks
[539.146s][info][gc,marking  ] GC(1233) Concurrent Clear Claimed Marks 0.034ms
[539.146s][info][gc,marking  ] GC(1233) Concurrent Cleanup for Next Mark
[539.147s][info][gc,marking  ] GC(1233) Concurrent Cleanup for Next Mark 1.149ms
[539.147s][info][gc          ] GC(1233) Concurrent Mark Cycle 124.027ms
[539.777s][info][gc,start    ] GC(1234) Pause Young (Prepare Mixed) (G1 Evacuation Pause)
[539.777s][info][gc,task     ] GC(1234) Using 2 workers of 2 for evacuation
[539.786s][info][gc,phases   ] GC(1234)   Pre Evacuate Collection Set: 0.20ms
[539.786s][info][gc,phases   ] GC(1234)   Merge Heap Roots: 0.07ms
[539.786s][info][gc,phases   ] GC(1234)   Evacuate Collection Set: 7.81ms
[539.786s][info][gc,phases   ] GC(1234)   Post Evacuate Collection Set: 0.45ms
[539.786s][info][gc,phases   ] GC(1234)   Other: 0.07ms
[539.786s][info][gc,heap     ] GC(1234) Eden regions: 228->0(191)
[539.786s][info][gc,heap     ] GC(1234) Survivor regions: 16->12(31)
[539.786s][info][gc,heap     ] GC(1234) Old regions: 102->102
[539.786s][info][gc,heap     ] GC(1234) Humongous regions: 6->3
[539.786s][info][gc,metaspace] GC(1234) Metaspace: 43132K(43520K)->43132K(43520K) NonClass: 40312K(40576K)->40312K(40576K) Class: 2820K(2944K)->2820K(2944K)
[539.786s][info][gc          ] GC(1234) Pause Young (Prepare Mixed) (G1 Evacuation Pause) 351M->116M(407M) 8.773ms
[539.786s][info][gc,cpu      ] GC(1234) User=0.01s Sys=0.00s Real=0.01s
[540.322s][info][gc,start    ] GC(1235) Pause Young (Mixed) (G1 Evacuation Pause)
[540.322s][info][gc,task     ] GC(1235) Using 2 workers of 2 for evacuation
[540.335s][info][gc,phases   ] GC(1235)   Pre Evacuate Collection Set: 0.21ms
[540.335s][info][gc,phases   ] GC(1235)   Merge Heap Roots: 0.09ms
[540.335s][info][gc,phases   ] GC(1235)   Evacuate Collection Set: 12.70ms
[540.335s][info][gc,phases   ] GC(1235)   Post Evacuate Collection Set: 0.46ms
[540.335s][info][gc,phases   ] GC(1235)   Other: 0.07ms
[540.336s][info][gc,heap     ] GC(1235) Eden regions: 191->0(203)
[540.336s][info][gc,heap     ] GC(1235) Survivor regions: 12->22(26)
[540.336s][info][gc,heap     ] GC(1235) Old regions: 102->77
[540.336s][info][gc,heap     ] GC(1235) Humongous regions: 5->3
[540.336s][info][gc,metaspace] GC(1235) Metaspace: 43132K(43520K)->43132K(43520K) NonClass: 40312K(40576K)->40312K(40576K) Class: 2820K(2944K)->2820K(2944K)
[540.336s][info][gc          ] GC(1235) Pause Young (Mixed) (G1 Evacuation Pause) 309M->100M(407M) 13.721ms
[540.336s][info][gc,cpu      ] GC(1235) User=0.03s Sys=0.00s Real=0.01s
[540.895s][info][gc,start    ] GC(1236) Pause Young (Concurrent Start) (G1 Humongous Allocation)
[540.895s][info][gc,task     ] GC(1236) Using 2 workers of 2 for evacuation
[540.907s][info][gc,phases   ] GC(1236)   Pre Evacuate Collection Set: 0.22ms
[540.907s][info][gc,phases   ] GC(1236)   Merge Heap Roots: 0.07ms
[540.907s][info][gc,phases   ] GC(1236)   Evacuate Collection Set: 10.95ms
[540.907s][info][gc,phases   ] GC(1236)   Post Evacuate Collection Set: 0.43ms
[540.907s][info][gc,phases   ] GC(1236)   Other: 0.17ms
[540.907s][info][gc,heap     ] GC(1236) Eden regions: 195->0(216)
[540.907s][info][gc,heap     ] GC(1236) Survivor regions: 22->2(29)
[540.907s][info][gc,heap     ] GC(1236) Old regions: 77->97
[540.907s][info][gc,heap     ] GC(1236) Humongous regions: 3->3
[540.907s][info][gc,metaspace] GC(1236) Metaspace: 43132K(43520K)->43132K(43520K) NonClass: 40312K(40576K)->40312K(40576K) Class: 2820K(2944K)->2820K(2944K)
[540.907s][info][gc          ] GC(1236) Pause Young (Concurrent Start) (G1 Humongous Allocation) 295M->100M(407M) 12.047ms
[540.907s][info][gc,cpu      ] GC(1236) User=0.03s Sys=0.00s Real=0.01s
[540.907s][info][gc          ] GC(1237) Concurrent Mark Cycle
[540.907s][info][gc,marking  ] GC(1237) Concurrent Scan Root Regions
[540.915s][info][gc,marking  ] GC(1237) Concurrent Scan Root Regions 7.888ms
[540.915s][info][gc,marking  ] GC(1237) Concurrent Mark
[540.915s][info][gc,marking  ] GC(1237) Concurrent Mark From Roots
[540.915s][info][gc,task     ] GC(1237) Using 1 workers of 1 for marking
[540.986s][info][gc,marking  ] GC(1237) Concurrent Mark From Roots 71.703ms
[540.986s][info][gc,marking  ] GC(1237) Concurrent Preclean
[540.986s][info][gc,marking  ] GC(1237) Concurrent Preclean 0.046ms
[540.987s][info][gc,start    ] GC(1237) Pause Remark
[541.002s][info][gc          ] GC(1237) Pause Remark 127M->127M(344M) 14.993ms
[541.002s][info][gc,cpu      ] GC(1237) User=0.03s Sys=0.00s Real=0.01s
[541.002s][info][gc,marking  ] GC(1237) Concurrent Mark 87.023ms
[541.002s][info][gc,marking  ] GC(1237) Concurrent Rebuild Remembered Sets and Scrub Regions
[541.037s][info][gc,marking  ] GC(1237) Concurrent Rebuild Remembered Sets and Scrub Regions 35.346ms
[541.037s][info][gc,start    ] GC(1237) Pause Cleanup
[541.037s][info][gc          ] GC(1237) Pause Cleanup 140M->140M(344M) 0.044ms
[541.037s][info][gc,cpu      ] GC(1237) User=0.00s Sys=0.00s Real=0.00s
[541.037s][info][gc,marking  ] GC(1237) Concurrent Clear Claimed Marks
[541.037s][info][gc,marking  ] GC(1237) Concurrent Clear Claimed Marks 0.035ms
[541.037s][info][gc,marking  ] GC(1237) Concurrent Cleanup for Next Mark
[541.038s][info][gc,marking  ] GC(1237) Concurrent Cleanup for Next Mark 0.973ms
[541.038s][info][gc          ] GC(1237) Concurrent Mark Cycle 131.648ms
[541.464s][info][gc,start    ] GC(1238) Pause Young (Prepare Mixed) (G1 Evacuation Pause)
[541.464s][info][gc,task     ] GC(1238) Using 2 workers of 2 for evacuation
[541.469s][info][gc,phases   ] GC(1238)   Pre Evacuate Collection Set: 0.18ms
[541.469s][info][gc,phases   ] GC(1238)   Merge Heap Roots: 0.09ms
[541.469s][info][gc,phases   ] GC(1238)   Evacuate Collection Set: 4.28ms
[541.469s][info][gc,phases   ] GC(1238)   Post Evacuate Collection Set: 0.41ms
[541.469s][info][gc,phases   ] GC(1238)   Other: 0.09ms
[541.469s][info][gc,heap     ] GC(1238) Eden regions: 204->0(180)
[541.470s][info][gc,heap     ] GC(1238) Survivor regions: 2->6(26)
[541.470s][info][gc,heap     ] GC(1238) Old regions: 97->97
[541.470s][info][gc,heap     ] GC(1238) Humongous regions: 4->1
[541.470s][info][gc,metaspace] GC(1238) Metaspace: 43132K(43520K)->43132K(43520K) NonClass: 40312K(40576K)->40312K(40576K) Class: 2820K(2944K)->2820K(2944K)
[541.470s][info][gc          ] GC(1238) Pause Young (Prepare Mixed) (G1 Evacuation Pause) 305M->102M(344M) 5.218ms
[541.470s][info][gc,cpu      ] GC(1238) User=0.01s Sys=0.00s Real=0.00s
[541.753s][info][gc,start    ] GC(1239) Pause Young (Mixed) (G1 Evacuation Pause)
[541.753s][info][gc,task     ] GC(1239) Using 2 workers of 2 for evacuation
[541.759s][info][gc,phases   ] GC(1239)   Pre Evacuate Collection Set: 0.16ms
[541.759s][info][gc,phases   ] GC(1239)   Merge Heap Roots: 0.08ms
[541.759s][info][gc,phases   ] GC(1239)   Evacuate Collection Set: 5.06ms
[541.759s][info][gc,phases   ] GC(1239)   Post Evacuate Collection Set: 0.42ms
[541.759s][info][gc,phases   ] GC(1239)   Other: 0.06ms
[541.759s][info][gc,heap     ] GC(1239) Eden regions: 180->0(197)
[541.759s][info][gc,heap     ] GC(1239) Survivor regions: 6->6(24)
[541.759s][info][gc,heap     ] GC(1239) Old regions: 97->86
[541.759s][info][gc,heap     ] GC(1239) Humongous regions: 1->1
[541.759s][info][gc,metaspace] GC(1239) Metaspace: 43132K(43520K)->43132K(43520K) NonClass: 40312K(40576K)->40312K(40576K) Class: 2820K(2944K)->2820K(2944K)
[541.759s][info][gc          ] GC(1239) Pause Young (Mixed) (G1 Evacuation Pause) 282M->91M(344M) 5.972ms
[541.759s][info][gc,cpu      ] GC(1239) User=0.01s Sys=0.00s Real=0.00s
[542.062s][info][gc,start    ] GC(1240) Pause Young (Concurrent Start) (G1 Evacuation Pause)
[542.062s][info][gc,task     ] GC(1240) Using 2 workers of 2 for evacuation
[542.067s][info][gc,phases   ] GC(1240)   Pre Evacuate Collection Set: 0.19ms
[542.067s][info][gc,phases   ] GC(1240)   Merge Heap Roots: 0.07ms
[542.067s][info][gc,phases   ] GC(1240)   Evacuate Collection Set: 3.45ms
[542.067s][info][gc,phases   ] GC(1240)   Post Evacuate Collection Set: 0.38ms
[542.067s][info][gc,phases   ] GC(1240)   Other: 0.09ms
[542.067s][info][gc,heap     ] GC(1240) Eden regions: 197->0(200)
[542.067s][info][gc,heap     ] GC(1240) Survivor regions: 6->6(26)
[542.067s][info][gc,heap     ] GC(1240) Old regions: 86->86
[542.067s][info][gc,heap     ] GC(1240) Humongous regions: 1->1
[542.067s][info][gc,metaspace] GC(1240) Metaspace: 43132K(43520K)->43132K(43520K) NonClass: 40312K(40576K)->40312K(40576K) Class: 2820K(2944K)->2820K(2944K)
[542.067s][info][gc          ] GC(1240) Pause Young (Concurrent Start) (G1 Evacuation Pause) 288M->91M(344M) 4.367ms
[542.067s][info][gc,cpu      ] GC(1240) User=0.00s Sys=0.00s Real=0.00s
[542.067s][info][gc          ] GC(1241) Concurrent Mark Cycle
[542.067s][info][gc,marking  ] GC(1241) Concurrent Scan Root Regions
[542.069s][info][gc,marking  ] GC(1241) Concurrent Scan Root Regions 2.387ms
[542.069s][info][gc,marking  ] GC(1241) Concurrent Mark
[542.069s][info][gc,marking  ] GC(1241) Concurrent Mark From Roots
[542.069s][info][gc,task     ] GC(1241) Using 1 workers of 1 for marking
[542.138s][info][gc,marking  ] GC(1241) Concurrent Mark From Roots 69.110ms
[542.138s][info][gc,marking  ] GC(1241) Concurrent Preclean
[542.138s][info][gc,marking  ] GC(1241) Concurrent Preclean 0.041ms
[542.138s][info][gc,start    ] GC(1241) Pause Remark
[542.167s][info][gc          ] GC(1241) Pause Remark 125M->114M(280M) 28.326ms
[542.167s][info][gc,cpu      ] GC(1241) User=0.03s Sys=0.00s Real=0.03s
[542.169s][info][gc,marking  ] GC(1241) Concurrent Mark 99.936ms
[542.169s][info][gc,marking  ] GC(1241) Concurrent Rebuild Remembered Sets and Scrub Regions
[542.199s][info][gc,marking  ] GC(1241) Concurrent Rebuild Remembered Sets and Scrub Regions 29.844ms
[542.199s][info][gc,start    ] GC(1241) Pause Cleanup
[542.199s][info][gc          ] GC(1241) Pause Cleanup 124M->124M(280M) 0.048ms
[542.199s][info][gc,cpu      ] GC(1241) User=0.00s Sys=0.00s Real=0.00s
[542.199s][info][gc,marking  ] GC(1241) Concurrent Clear Claimed Marks
[542.199s][info][gc,marking  ] GC(1241) Concurrent Clear Claimed Marks 0.035ms
[542.199s][info][gc,marking  ] GC(1241) Concurrent Cleanup for Next Mark
[542.200s][info][gc,marking  ] GC(1241) Concurrent Cleanup for Next Mark 0.801ms
[542.200s][info][gc          ] GC(1241) Concurrent Mark Cycle 133.345ms
[542.583s][info][gc,start    ] GC(1242) Pause Young (Prepare Mixed) (G1 Evacuation Pause)
[542.583s][info][gc,task     ] GC(1242) Using 2 workers of 2 for evacuation
[542.597s][info][gc,phases   ] GC(1242)   Pre Evacuate Collection Set: 0.26ms
[542.597s][info][gc,phases   ] GC(1242)   Merge Heap Roots: 0.08ms
[542.597s][info][gc,phases   ] GC(1242)   Evacuate Collection Set: 12.49ms
[542.597s][info][gc,phases   ] GC(1242)   Post Evacuate Collection Set: 1.01ms
[542.597s][info][gc,phases   ] GC(1242)   Other: 0.10ms
[542.597s][info][gc,heap     ] GC(1242) Eden regions: 98->0(223)
[542.597s][info][gc,heap     ] GC(1242) Survivor regions: 6->9(27)
[542.597s][info][gc,heap     ] GC(1242) Old regions: 75->75
[542.597s][info][gc,heap     ] GC(1242) Humongous regions: 199->3
[542.597s][info][gc,metaspace] GC(1242) Metaspace: 43132K(43520K)->43132K(43520K) NonClass: 40312K(40576K)->40312K(40576K) Class: 2820K(2944K)->2820K(2944K)
[542.597s][info][gc          ] GC(1242) Pause Young (Prepare Mixed) (G1 Evacuation Pause) 376M->85M(387M) 14.156ms
[542.597s][info][gc,cpu      ] GC(1242) User=0.01s Sys=0.01s Real=0.01s
[543.107s][info][gc,start    ] GC(1243) Pause Young (Mixed) (G1 Evacuation Pause)
[543.107s][info][gc,task     ] GC(1243) Using 2 workers of 2 for evacuation
[543.130s][info][gc,phases   ] GC(1243)   Pre Evacuate Collection Set: 0.36ms
[543.131s][info][gc,phases   ] GC(1243)   Merge Heap Roots: 0.17ms
[543.131s][info][gc,phases   ] GC(1243)   Evacuate Collection Set: 21.76ms
[543.131s][info][gc,phases   ] GC(1243)   Post Evacuate Collection Set: 0.93ms
[543.131s][info][gc,phases   ] GC(1243)   Other: 0.07ms
[543.131s][info][gc,heap     ] GC(1243) Eden regions: 54->0(288)
[543.131s][info][gc,heap     ] GC(1243) Survivor regions: 9->12(32)
[543.131s][info][gc,heap     ] GC(1243) Old regions: 75->62
[543.131s][info][gc,heap     ] GC(1243) Humongous regions: 345->3
[543.131s][info][gc,metaspace] GC(1243) Metaspace: 43132K(43520K)->43132K(43520K) NonClass: 40312K(40576K)->40312K(40576K) Class: 2820K(2944K)->2820K(2944K)
[543.131s][info][gc          ] GC(1243) Pause Young (Mixed) (G1 Evacuation Pause) 481M->74M(501M) 23.489ms
[543.131s][info][gc,cpu      ] GC(1243) User=0.04s Sys=0.01s Real=0.02s
[543.132s][info][gc,start    ] GC(1244) Pause Young (Concurrent Start) (G1 Humongous Allocation)
[543.132s][info][gc,task     ] GC(1244) Using 2 workers of 2 for evacuation
[543.141s][info][gc,phases   ] GC(1244)   Pre Evacuate Collection Set: 0.22ms
[543.142s][info][gc,phases   ] GC(1244)   Merge Heap Roots: 0.05ms
[543.142s][info][gc,phases   ] GC(1244)   Evacuate Collection Set: 8.37ms
[543.142s][info][gc,phases   ] GC(1244)   Post Evacuate Collection Set: 0.47ms
[543.142s][info][gc,phases   ] GC(1244)   Other: 0.08ms
[543.142s][info][gc,heap     ] GC(1244) Eden regions: 1->0(288)
[543.142s][info][gc,heap     ] GC(1244) Survivor regions: 12->12(38)
[543.142s][info][gc,heap     ] GC(1244) Old regions: 62->62
[543.142s][info][gc,heap     ] GC(1244) Humongous regions: 3->1
[543.142s][info][gc,metaspace] GC(1244) Metaspace: 43132K(43520K)->43132K(43520K) NonClass: 40312K(40576K)->40312K(40576K) Class: 2820K(2944K)->2820K(2944K)
[543.142s][info][gc          ] GC(1244) Pause Young (Concurrent Start) (G1 Humongous Allocation) 75M->73M(501M) 9.335ms
[543.142s][info][gc,cpu      ] GC(1244) User=0.02s Sys=0.00s Real=0.00s
[543.142s][info][gc          ] GC(1245) Concurrent Mark Cycle
[543.142s][info][gc,marking  ] GC(1245) Concurrent Scan Root Regions
[543.148s][info][gc,marking  ] GC(1245) Concurrent Scan Root Regions 6.237ms
[543.148s][info][gc,marking  ] GC(1245) Concurrent Mark
[543.148s][info][gc,marking  ] GC(1245) Concurrent Mark From Roots
[543.148s][info][gc,task     ] GC(1245) Using 1 workers of 1 for marking
[543.217s][info][gc,marking  ] GC(1245) Concurrent Mark From Roots 68.512ms
[543.217s][info][gc,marking  ] GC(1245) Concurrent Preclean
[543.217s][info][gc,marking  ] GC(1245) Concurrent Preclean 0.055ms
[543.217s][info][gc,start    ] GC(1245) Pause Remark
[543.232s][info][gc          ] GC(1245) Pause Remark 129M->129M(404M) 15.276ms
[543.232s][info][gc,cpu      ] GC(1245) User=0.03s Sys=0.00s Real=0.02s
[543.232s][info][gc,marking  ] GC(1245) Concurrent Mark 84.115ms
[543.232s][info][gc,marking  ] GC(1245) Concurrent Rebuild Remembered Sets and Scrub Regions
[543.261s][info][gc,marking  ] GC(1245) Concurrent Rebuild Remembered Sets and Scrub Regions 28.532ms
[543.261s][info][gc,start    ] GC(1245) Pause Cleanup
[543.261s][info][gc          ] GC(1245) Pause Cleanup 148M->148M(404M) 0.055ms
[543.261s][info][gc,cpu      ] GC(1245) User=0.00s Sys=0.00s Real=0.00s
[543.261s][info][gc,marking  ] GC(1245) Concurrent Clear Claimed Marks
[543.261s][info][gc,marking  ] GC(1245) Concurrent Clear Claimed Marks 0.038ms
[543.261s][info][gc,marking  ] GC(1245) Concurrent Cleanup for Next Mark
[543.263s][info][gc,marking  ] GC(1245) Concurrent Cleanup for Next Mark 2.176ms
[543.263s][info][gc          ] GC(1245) Concurrent Mark Cycle 121.549ms
[543.698s][info][gc,start    ] GC(1246) Pause Young (Prepare Mixed) (G1 Evacuation Pause)
[543.698s][info][gc,task     ] GC(1246) Using 2 workers of 2 for evacuation
[543.724s][info][gc,phases   ] GC(1246)   Pre Evacuate Collection Set: 0.36ms
[543.724s][info][gc,phases   ] GC(1246)   Merge Heap Roots: 0.08ms
[543.724s][info][gc,phases   ] GC(1246)   Evacuate Collection Set: 24.42ms
[543.724s][info][gc,phases   ] GC(1246)   Post Evacuate Collection Set: 1.15ms
[543.724s][info][gc,phases   ] GC(1246)   Other: 0.07ms
[543.724s][info][gc,heap     ] GC(1246) Eden regions: 63->0(278)
[543.724s][info][gc,heap     ] GC(1246) Survivor regions: 12->20(34)
[543.724s][info][gc,heap     ] GC(1246) Old regions: 62->62
[543.724s][info][gc,heap     ] GC(1246) Humongous regions: 341->1
[543.724s][info][gc,metaspace] GC(1246) Metaspace: 43133K(43520K)->43133K(43520K) NonClass: 40313K(40576K)->40313K(40576K) Class: 2820K(2944K)->2820K(2944K)
[543.724s][info][gc          ] GC(1246) Pause Young (Prepare Mixed) (G1 Evacuation Pause) 476M->81M(498M) 26.291ms
[543.724s][info][gc,cpu      ] GC(1246) User=0.03s Sys=0.02s Real=0.03s
[544.366s][info][gc,start    ] GC(1247) Pause Young (Mixed) (G1 Evacuation Pause)
[544.366s][info][gc,task     ] GC(1247) Using 2 workers of 2 for evacuation
[544.408s][info][gc,phases   ] GC(1247)   Pre Evacuate Collection Set: 0.28ms
[544.408s][info][gc,phases   ] GC(1247)   Merge Heap Roots: 0.07ms
[544.408s][info][gc,phases   ] GC(1247)   Evacuate Collection Set: 40.70ms
[544.408s][info][gc,phases   ] GC(1247)   Post Evacuate Collection Set: 0.87ms
[544.408s][info][gc,phases   ] GC(1247)   Other: 0.09ms
[544.408s][info][gc,heap     ] GC(1247) Eden regions: 79->0(329)
[544.408s][info][gc,heap     ] GC(1247) Survivor regions: 20->31(41)
[544.408s][info][gc,heap     ] GC(1247) Old regions: 62->58
[544.408s][info][gc,heap     ] GC(1247) Humongous regions: 407->3
[544.408s][info][gc,metaspace] GC(1247) Metaspace: 43133K(43520K)->43133K(43520K) NonClass: 40313K(40576K)->40313K(40576K) Class: 2820K(2944K)->2820K(2944K)
[544.408s][info][gc          ] GC(1247) Pause Young (Mixed) (G1 Evacuation Pause) 566M->90M(601M) 42.213ms
[544.408s][info][gc,cpu      ] GC(1247) User=0.06s Sys=0.02s Real=0.04s
[544.410s][info][gc,start    ] GC(1248) Pause Young (Concurrent Start) (G1 Humongous Allocation)
[544.410s][info][gc,task     ] GC(1248) Using 2 workers of 2 for evacuation
[544.436s][info][gc,phases   ] GC(1248)   Pre Evacuate Collection Set: 0.23ms
[544.436s][info][gc,phases   ] GC(1248)   Merge Heap Roots: 0.05ms
[544.436s][info][gc,phases   ] GC(1248)   Evacuate Collection Set: 25.43ms
[544.436s][info][gc,phases   ] GC(1248)   Post Evacuate Collection Set: 0.36ms
[544.436s][info][gc,phases   ] GC(1248)   Other: 0.07ms
[544.436s][info][gc,heap     ] GC(1248) Eden regions: 1->0(340)
[544.436s][info][gc,heap     ] GC(1248) Survivor regions: 31->20(45)
[544.437s][info][gc,heap     ] GC(1248) Old regions: 58->69
[544.437s][info][gc,heap     ] GC(1248) Humongous regions: 3->1
[544.437s][info][gc,metaspace] GC(1248) Metaspace: 43133K(43520K)->43133K(43520K) NonClass: 40313K(40576K)->40313K(40576K) Class: 2820K(2944K)->2820K(2944K)
[544.437s][info][gc          ] GC(1248) Pause Young (Concurrent Start) (G1 Humongous Allocation) 90M->88M(601M) 26.318ms
[544.437s][info][gc,cpu      ] GC(1248) User=0.05s Sys=0.00s Real=0.03s
[544.437s][info][gc          ] GC(1249) Concurrent Mark Cycle
[544.437s][info][gc,marking  ] GC(1249) Concurrent Scan Root Regions
[544.454s][info][gc,marking  ] GC(1249) Concurrent Scan Root Regions 17.606ms
[544.454s][info][gc,marking  ] GC(1249) Concurrent Mark
[544.454s][info][gc,marking  ] GC(1249) Concurrent Mark From Roots
[544.454s][info][gc,task     ] GC(1249) Using 1 workers of 1 for marking
[544.524s][info][gc,marking  ] GC(1249) Concurrent Mark From Roots 69.358ms
[544.524s][info][gc,marking  ] GC(1249) Concurrent Preclean
[544.524s][info][gc,marking  ] GC(1249) Concurrent Preclean 0.050ms
[544.524s][info][gc,start    ] GC(1249) Pause Remark
[544.540s][info][gc          ] GC(1249) Pause Remark 146M->146M(454M) 15.666ms
[544.540s][info][gc,cpu      ] GC(1249) User=0.03s Sys=0.00s Real=0.01s
[544.540s][info][gc,marking  ] GC(1249) Concurrent Mark 85.395ms
[544.540s][info][gc,marking  ] GC(1249) Concurrent Rebuild Remembered Sets and Scrub Regions
[544.577s][info][gc,marking  ] GC(1249) Concurrent Rebuild Remembered Sets and Scrub Regions 36.914ms
[544.577s][info][gc,start    ] GC(1249) Pause Cleanup
[544.577s][info][gc          ] GC(1249) Pause Cleanup 162M->162M(454M) 0.073ms
[544.577s][info][gc,cpu      ] GC(1249) User=0.00s Sys=0.00s Real=0.00s
[544.577s][info][gc,marking  ] GC(1249) Concurrent Clear Claimed Marks
[544.577s][info][gc,marking  ] GC(1249) Concurrent Clear Claimed Marks 0.038ms
[544.577s][info][gc,marking  ] GC(1249) Concurrent Cleanup for Next Mark
[544.579s][info][gc,marking  ] GC(1249) Concurrent Cleanup for Next Mark 1.765ms
[544.579s][info][gc          ] GC(1249) Concurrent Mark Cycle 142.135ms
[545.191s][info][gc,start    ] GC(1250) Pause Young (Prepare Mixed) (G1 Evacuation Pause)
[545.191s][info][gc,task     ] GC(1250) Using 2 workers of 2 for evacuation
[545.230s][info][gc,phases   ] GC(1250)   Pre Evacuate Collection Set: 0.23ms
[545.230s][info][gc,phases   ] GC(1250)   Merge Heap Roots: 0.13ms
[545.230s][info][gc,phases   ] GC(1250)   Evacuate Collection Set: 37.59ms
[545.230s][info][gc,phases   ] GC(1250)   Post Evacuate Collection Set: 0.56ms
[545.230s][info][gc,phases   ] GC(1250)   Other: 0.07ms
[545.230s][info][gc,heap     ] GC(1250) Eden regions: 252->0(258)
[545.230s][info][gc,heap     ] GC(1250) Survivor regions: 20->27(34)
[545.230s][info][gc,heap     ] GC(1250) Old regions: 69->78
[545.230s][info][gc,heap     ] GC(1250) Humongous regions: 99->1
[545.230s][info][gc,metaspace] GC(1250) Metaspace: 43133K(43520K)->43133K(43520K) NonClass: 40313K(40576K)->40313K(40576K) Class: 2820K(2944K)->2820K(2944K)
[545.230s][info][gc          ] GC(1250) Pause Young (Prepare Mixed) (G1 Evacuation Pause) 438M->103M(476M) 38.814ms
[545.230s][info][gc,cpu      ] GC(1250) User=0.06s Sys=0.02s Real=0.04s
[545.764s][info][gc,start    ] GC(1251) Pause Young (Mixed) (G1 Evacuation Pause)
[545.764s][info][gc,task     ] GC(1251) Using 2 workers of 2 for evacuation
[545.794s][info][gc,phases   ] GC(1251)   Pre Evacuate Collection Set: 0.21ms
[545.794s][info][gc,phases   ] GC(1251)   Merge Heap Roots: 0.19ms
[545.794s][info][gc,phases   ] GC(1251)   Evacuate Collection Set: 28.49ms
[545.794s][info][gc,phases   ] GC(1251)   Post Evacuate Collection Set: 0.54ms
[545.794s][info][gc,phases   ] GC(1251)   Other: 0.07ms
[545.794s][info][gc,heap     ] GC(1251) Eden regions: 258->0(267)
[545.794s][info][gc,heap     ] GC(1251) Survivor regions: 27->18(36)
[545.794s][info][gc,heap     ] GC(1251) Old regions: 78->86
[545.794s][info][gc,heap     ] GC(1251) Humongous regions: 1->1
[545.794s][info][gc,metaspace] GC(1251) Metaspace: 43136K(43520K)->43136K(43520K) NonClass: 40316K(40576K)->40316K(40576K) Class: 2820K(2944K)->2820K(2944K)
[545.794s][info][gc          ] GC(1251) Pause Young (Mixed) (G1 Evacuation Pause) 361M->104M(476M) 29.743ms
[545.794s][info][gc,cpu      ] GC(1251) User=0.06s Sys=0.00s Real=0.03s
[546.352s][info][gc,start    ] GC(1252) Pause Young (Concurrent Start) (G1 Evacuation Pause)
[546.352s][info][gc,task     ] GC(1252) Using 2 workers of 2 for evacuation
[546.364s][info][gc,phases   ] GC(1252)   Pre Evacuate Collection Set: 0.23ms
[546.364s][info][gc,phases   ] GC(1252)   Merge Heap Roots: 0.10ms
[546.364s][info][gc,phases   ] GC(1252)   Evacuate Collection Set: 10.99ms
[546.364s][info][gc,phases   ] GC(1252)   Post Evacuate Collection Set: 0.52ms
[546.364s][info][gc,phases   ] GC(1252)   Other: 0.09ms
[546.364s][info][gc,heap     ] GC(1252) Eden regions: 267->0(269)
[546.364s][info][gc,heap     ] GC(1252) Survivor regions: 18->16(36)
[546.364s][info][gc,heap     ] GC(1252) Old regions: 86->86
[546.364s][info][gc,heap     ] GC(1252) Humongous regions: 1->1
[546.364s][info][gc,metaspace] GC(1252) Metaspace: 43141K(43520K)->43141K(43520K) NonClass: 40321K(40576K)->40321K(40576K) Class: 2820K(2944K)->2820K(2944K)
[546.364s][info][gc          ] GC(1252) Pause Young (Concurrent Start) (G1 Evacuation Pause) 371M->101M(476M) 12.124ms
[546.364s][info][gc,cpu      ] GC(1252) User=0.02s Sys=0.00s Real=0.01s
[546.364s][info][gc          ] GC(1253) Concurrent Mark Cycle
[546.365s][info][gc,marking  ] GC(1253) Concurrent Scan Root Regions
[546.375s][info][gc,marking  ] GC(1253) Concurrent Scan Root Regions 10.004ms
[546.375s][info][gc,marking  ] GC(1253) Concurrent Mark
[546.375s][info][gc,marking  ] GC(1253) Concurrent Mark From Roots
[546.375s][info][gc,task     ] GC(1253) Using 1 workers of 1 for marking
[546.491s][info][gc,marking  ] GC(1253) Concurrent Mark From Roots 116.877ms
[546.492s][info][gc,marking  ] GC(1253) Concurrent Preclean
[546.492s][info][gc,marking  ] GC(1253) Concurrent Preclean 0.125ms
[546.492s][info][gc,start    ] GC(1253) Pause Remark
[546.507s][info][gc          ] GC(1253) Pause Remark 157M->157M(344M) 15.222ms
[546.507s][info][gc,cpu      ] GC(1253) User=0.03s Sys=0.00s Real=0.01s
[546.507s][info][gc,marking  ] GC(1253) Concurrent Mark 132.531ms
[546.507s][info][gc,marking  ] GC(1253) Concurrent Rebuild Remembered Sets and Scrub Regions
[546.552s][info][gc,marking  ] GC(1253) Concurrent Rebuild Remembered Sets and Scrub Regions 44.600ms
[546.552s][info][gc,start    ] GC(1253) Pause Cleanup
[546.552s][info][gc          ] GC(1253) Pause Cleanup 179M->179M(344M) 0.066ms
[546.552s][info][gc,cpu      ] GC(1253) User=0.00s Sys=0.00s Real=0.00s
[546.552s][info][gc,marking  ] GC(1253) Concurrent Clear Claimed Marks
[546.552s][info][gc,marking  ] GC(1253) Concurrent Clear Claimed Marks 0.042ms
[546.552s][info][gc,marking  ] GC(1253) Concurrent Cleanup for Next Mark
[546.553s][info][gc,marking  ] GC(1253) Concurrent Cleanup for Next Mark 1.217ms
[546.553s][info][gc          ] GC(1253) Concurrent Mark Cycle 188.863ms
[546.786s][info][gc,start    ] GC(1254) Pause Young (Prepare Mixed) (G1 Evacuation Pause)
[546.787s][info][gc,task     ] GC(1254) Using 2 workers of 2 for evacuation
[546.801s][info][gc,phases   ] GC(1254)   Pre Evacuate Collection Set: 0.18ms
[546.801s][info][gc,phases   ] GC(1254)   Merge Heap Roots: 0.13ms
[546.801s][info][gc,phases   ] GC(1254)   Evacuate Collection Set: 13.82ms
[546.801s][info][gc,phases   ] GC(1254)   Post Evacuate Collection Set: 0.46ms
[546.801s][info][gc,phases   ] GC(1254)   Other: 0.09ms
[546.801s][info][gc,heap     ] GC(1254) Eden regions: 190->0(199)
[546.801s][info][gc,heap     ] GC(1254) Survivor regions: 16->7(26)
[546.801s][info][gc,heap     ] GC(1254) Old regions: 86->100
[546.801s][info][gc,heap     ] GC(1254) Humongous regions: 1->1
[546.801s][info][gc,metaspace] GC(1254) Metaspace: 43141K(43520K)->43141K(43520K) NonClass: 40321K(40576K)->40321K(40576K) Class: 2820K(2944K)->2820K(2944K)
[546.801s][info][gc          ] GC(1254) Pause Young (Prepare Mixed) (G1 Evacuation Pause) 291M->106M(344M) 14.886ms
[546.801s][info][gc,cpu      ] GC(1254) User=0.03s Sys=0.00s Real=0.01s
[547.256s][info][gc,start    ] GC(1255) Pause Young (Mixed) (G1 Evacuation Pause)
[547.256s][info][gc,task     ] GC(1255) Using 2 workers of 2 for evacuation
[547.266s][info][gc,phases   ] GC(1255)   Pre Evacuate Collection Set: 0.84ms
[547.267s][info][gc,phases   ] GC(1255)   Merge Heap Roots: 0.16ms
[547.267s][info][gc,phases   ] GC(1255)   Evacuate Collection Set: 8.72ms
[547.267s][info][gc,phases   ] GC(1255)   Post Evacuate Collection Set: 0.54ms
[547.267s][info][gc,phases   ] GC(1255)   Other: 0.07ms
[547.267s][info][gc,heap     ] GC(1255) Eden regions: 199->0(198)
[547.267s][info][gc,heap     ] GC(1255) Survivor regions: 7->8(26)
[547.267s][info][gc,heap     ] GC(1255) Old regions: 100->95
[547.267s][info][gc,heap     ] GC(1255) Humongous regions: 1->1
[547.267s][info][gc,metaspace] GC(1255) Metaspace: 43161K(43584K)->43161K(43584K) NonClass: 40341K(40640K)->40341K(40640K) Class: 2820K(2944K)->2820K(2944K)
[547.267s][info][gc          ] GC(1255) Pause Young (Mixed) (G1 Evacuation Pause) 305M->103M(344M) 10.538ms
[547.267s][info][gc,cpu      ] GC(1255) User=0.02s Sys=0.00s Real=0.01s
[547.691s][info][gc,start    ] GC(1256) Pause Young (Concurrent Start) (G1 Evacuation Pause)
[547.691s][info][gc,task     ] GC(1256) Using 2 workers of 2 for evacuation
[547.698s][info][gc,phases   ] GC(1256)   Pre Evacuate Collection Set: 0.19ms
[547.698s][info][gc,phases   ] GC(1256)   Merge Heap Roots: 0.08ms
[547.698s][info][gc,phases   ] GC(1256)   Evacuate Collection Set: 5.54ms
[547.698s][info][gc,phases   ] GC(1256)   Post Evacuate Collection Set: 0.47ms
[547.698s][info][gc,phases   ] GC(1256)   Other: 0.09ms
[547.698s][info][gc,heap     ] GC(1256) Eden regions: 198->0(194)
[547.698s][info][gc,heap     ] GC(1256) Survivor regions: 8->12(26)
[547.698s][info][gc,heap     ] GC(1256) Old regions: 95->95
[547.698s][info][gc,heap     ] GC(1256) Humongous regions: 1->1
[547.698s][info][gc,metaspace] GC(1256) Metaspace: 43161K(43584K)->43161K(43584K) NonClass: 40341K(40640K)->40341K(40640K) Class: 2820K(2944K)->2820K(2944K)
[547.698s][info][gc          ] GC(1256) Pause Young (Concurrent Start) (G1 Evacuation Pause) 301M->107M(344M) 6.577ms
[547.698s][info][gc          ] GC(1257) Concurrent Mark Cycle
[547.698s][info][gc,marking  ] GC(1257) Concurrent Scan Root Regions
[547.698s][info][gc,cpu      ] GC(1256) User=0.01s Sys=0.00s Real=0.01s
[547.701s][info][gc,marking  ] GC(1257) Concurrent Scan Root Regions 3.331ms
[547.701s][info][gc,marking  ] GC(1257) Concurrent Mark
[547.701s][info][gc,marking  ] GC(1257) Concurrent Mark From Roots
[547.701s][info][gc,task     ] GC(1257) Using 1 workers of 1 for marking
[547.783s][info][gc,marking  ] GC(1257) Concurrent Mark From Roots 82.235ms
[547.783s][info][gc,marking  ] GC(1257) Concurrent Preclean
[547.784s][info][gc,marking  ] GC(1257) Concurrent Preclean 0.171ms
[547.784s][info][gc,start    ] GC(1257) Pause Remark
[547.803s][info][gc          ] GC(1257) Pause Remark 125M->121M(344M) 19.289ms
[547.803s][info][gc,cpu      ] GC(1257) User=0.03s Sys=0.00s Real=0.02s
[547.804s][info][gc,marking  ] GC(1257) Concurrent Mark 103.055ms
[547.804s][info][gc,marking  ] GC(1257) Concurrent Rebuild Remembered Sets and Scrub Regions
[547.840s][info][gc,marking  ] GC(1257) Concurrent Rebuild Remembered Sets and Scrub Regions 35.935ms
[547.842s][info][gc,start    ] GC(1257) Pause Cleanup
[547.842s][info][gc          ] GC(1257) Pause Cleanup 127M->127M(344M) 0.074ms
[547.842s][info][gc,cpu      ] GC(1257) User=0.00s Sys=0.00s Real=0.00s
[547.844s][info][gc,marking  ] GC(1257) Concurrent Clear Claimed Marks
[547.844s][info][gc,marking  ] GC(1257) Concurrent Clear Claimed Marks 0.052ms
[547.844s][info][gc,marking  ] GC(1257) Concurrent Cleanup for Next Mark
[547.845s][info][gc,marking  ] GC(1257) Concurrent Cleanup for Next Mark 1.017ms
[547.845s][info][gc          ] GC(1257) Concurrent Mark Cycle 147.143ms
[548.736s][info][gc,start    ] GC(1258) Pause Young (Prepare Mixed) (G1 Evacuation Pause)
[548.736s][info][gc,task     ] GC(1258) Using 2 workers of 2 for evacuation
[548.746s][info][gc,phases   ] GC(1258)   Pre Evacuate Collection Set: 0.18ms
[548.746s][info][gc,phases   ] GC(1258)   Merge Heap Roots: 0.10ms
[548.746s][info][gc,phases   ] GC(1258)   Evacuate Collection Set: 9.14ms
[548.746s][info][gc,phases   ] GC(1258)   Post Evacuate Collection Set: 0.52ms
[548.746s][info][gc,phases   ] GC(1258)   Other: 0.07ms
[548.746s][info][gc,heap     ] GC(1258) Eden regions: 194->0(196)
[548.746s][info][gc,heap     ] GC(1258) Survivor regions: 12->10(26)
[548.746s][info][gc,heap     ] GC(1258) Old regions: 91->91
[548.746s][info][gc,heap     ] GC(1258) Humongous regions: 11->1
[548.746s][info][gc,metaspace] GC(1258) Metaspace: 43165K(43584K)->43165K(43584K) NonClass: 40345K(40640K)->40345K(40640K) Class: 2820K(2944K)->2820K(2944K)
[548.746s][info][gc          ] GC(1258) Pause Young (Prepare Mixed) (G1 Evacuation Pause) 307M->101M(344M) 10.164ms
[548.746s][info][gc,cpu      ] GC(1258) User=0.01s Sys=0.01s Real=0.01s
[549.416s][info][gc,start    ] GC(1259) Pause Young (Mixed) (G1 Evacuation Pause)
[549.416s][info][gc,task     ] GC(1259) Using 2 workers of 2 for evacuation
[549.452s][info][gc,phases   ] GC(1259)   Pre Evacuate Collection Set: 0.22ms
[549.453s][info][gc,phases   ] GC(1259)   Merge Heap Roots: 0.24ms
[549.453s][info][gc,phases   ] GC(1259)   Evacuate Collection Set: 34.98ms
[549.453s][info][gc,phases   ] GC(1259)   Post Evacuate Collection Set: 0.53ms
[549.453s][info][gc,phases   ] GC(1259)   Other: 0.09ms
[549.453s][info][gc,heap     ] GC(1259) Eden regions: 196->0(180)
[549.453s][info][gc,heap     ] GC(1259) Survivor regions: 10->26(26)
[549.453s][info][gc,heap     ] GC(1259) Old regions: 91->66
[549.453s][info][gc,heap     ] GC(1259) Humongous regions: 4->4
[549.453s][info][gc,metaspace] GC(1259) Metaspace: 43166K(43584K)->43166K(43584K) NonClass: 40346K(40640K)->40346K(40640K) Class: 2820K(2944K)->2820K(2944K)
[549.453s][info][gc          ] GC(1259) Pause Young (Mixed) (G1 Evacuation Pause) 300M->94M(344M) 36.254ms
[549.453s][info][gc,cpu      ] GC(1259) User=0.07s Sys=0.00s Real=0.04s
[549.706s][info][gc,start    ] GC(1260) Pause Young (Concurrent Start) (G1 Humongous Allocation)
[549.706s][info][gc,task     ] GC(1260) Using 2 workers of 2 for evacuation
[549.743s][info][gc,phases   ] GC(1260)   Pre Evacuate Collection Set: 0.24ms
[549.743s][info][gc,phases   ] GC(1260)   Merge Heap Roots: 0.23ms
[549.743s][info][gc,phases   ] GC(1260)   Evacuate Collection Set: 36.74ms
[549.743s][info][gc,phases   ] GC(1260)   Post Evacuate Collection Set: 0.41ms
[549.743s][info][gc,phases   ] GC(1260)   Other: 0.11ms
[549.743s][info][gc,heap     ] GC(1260) Eden regions: 125->0(190)
[549.743s][info][gc,heap     ] GC(1260) Survivor regions: 26->14(26)
[549.743s][info][gc,heap     ] GC(1260) Old regions: 66->92
[549.743s][info][gc,heap     ] GC(1260) Humongous regions: 4->4
[549.743s][info][gc,metaspace] GC(1260) Metaspace: 43166K(43584K)->43166K(43584K) NonClass: 40346K(40640K)->40346K(40640K) Class: 2820K(2944K)->2820K(2944K)
[549.743s][info][gc          ] GC(1260) Pause Young (Concurrent Start) (G1 Humongous Allocation) 219M->109M(344M) 37.921ms
[549.743s][info][gc          ] GC(1261) Concurrent Mark Cycle
[549.743s][info][gc,marking  ] GC(1261) Concurrent Scan Root Regions
[549.746s][info][gc,cpu      ] GC(1260) User=0.07s Sys=0.00s Real=0.04s
[549.782s][info][gc,marking  ] GC(1261) Concurrent Scan Root Regions 38.834ms
[549.782s][info][gc,marking  ] GC(1261) Concurrent Mark
[549.782s][info][gc,marking  ] GC(1261) Concurrent Mark From Roots
[549.782s][info][gc,task     ] GC(1261) Using 1 workers of 1 for marking
[549.911s][info][gc,marking  ] GC(1261) Concurrent Mark From Roots 128.814ms
[549.911s][info][gc,marking  ] GC(1261) Concurrent Preclean
[549.911s][info][gc,marking  ] GC(1261) Concurrent Preclean 0.194ms
[549.912s][info][gc,start    ] GC(1261) Pause Remark
[549.927s][info][gc          ] GC(1261) Pause Remark 151M->143M(344M) 15.616ms
[549.927s][info][gc,cpu      ] GC(1261) User=0.03s Sys=0.00s Real=0.02s
[549.929s][info][gc,marking  ] GC(1261) Concurrent Mark 146.856ms
[549.929s][info][gc,marking  ] GC(1261) Concurrent Rebuild Remembered Sets and Scrub Regions
[550.013s][info][gc,marking  ] GC(1261) Concurrent Rebuild Remembered Sets and Scrub Regions 84.225ms
[550.014s][info][gc,start    ] GC(1261) Pause Cleanup
[550.014s][info][gc          ] GC(1261) Pause Cleanup 167M->167M(344M) 0.047ms
[550.014s][info][gc,cpu      ] GC(1261) User=0.00s Sys=0.00s Real=0.00s
[550.014s][info][gc,marking  ] GC(1261) Concurrent Clear Claimed Marks
[550.014s][info][gc,marking  ] GC(1261) Concurrent Clear Claimed Marks 0.046ms
[550.014s][info][gc,marking  ] GC(1261) Concurrent Cleanup for Next Mark
[550.015s][info][gc,marking  ] GC(1261) Concurrent Cleanup for Next Mark 0.994ms
[550.015s][info][gc          ] GC(1261) Concurrent Mark Cycle 271.371ms
[550.271s][info][gc,start    ] GC(1262) Pause Young (Prepare Mixed) (G1 Evacuation Pause)
[550.271s][info][gc,task     ] GC(1262) Using 2 workers of 2 for evacuation
[550.308s][info][gc,phases   ] GC(1262)   Pre Evacuate Collection Set: 0.22ms
[550.308s][info][gc,phases   ] GC(1262)   Merge Heap Roots: 0.12ms
[550.308s][info][gc,phases   ] GC(1262)   Evacuate Collection Set: 36.35ms
[550.308s][info][gc,phases   ] GC(1262)   Post Evacuate Collection Set: 0.46ms
[550.308s][info][gc,phases   ] GC(1262)   Other: 0.07ms
[550.308s][info][gc,heap     ] GC(1262) Eden regions: 190->0(176)
[550.308s][info][gc,heap     ] GC(1262) Survivor regions: 14->20(26)
[550.308s][info][gc,heap     ] GC(1262) Old regions: 84->98
[550.308s][info][gc,heap     ] GC(1262) Humongous regions: 6->6
[550.308s][info][gc,metaspace] GC(1262) Metaspace: 43166K(43584K)->43166K(43584K) NonClass: 40346K(40640K)->40346K(40640K) Class: 2820K(2944K)->2820K(2944K)
[550.308s][info][gc          ] GC(1262) Pause Young (Prepare Mixed) (G1 Evacuation Pause) 293M->123M(344M) 37.403ms
[550.308s][info][gc,cpu      ] GC(1262) User=0.07s Sys=0.00s Real=0.04s
[550.695s][info][gc,start    ] GC(1263) Pause Young (Mixed) (G1 Evacuation Pause)
[550.695s][info][gc,task     ] GC(1263) Using 2 workers of 2 for evacuation
[550.740s][info][gc,phases   ] GC(1263)   Pre Evacuate Collection Set: 0.19ms
[550.740s][info][gc,phases   ] GC(1263)   Merge Heap Roots: 0.21ms
[550.740s][info][gc,phases   ] GC(1263)   Evacuate Collection Set: 43.93ms
[550.740s][info][gc,phases   ] GC(1263)   Post Evacuate Collection Set: 0.47ms
[550.740s][info][gc,phases   ] GC(1263)   Other: 0.09ms
[550.740s][info][gc,heap     ] GC(1263) Eden regions: 176->0(165)
[550.740s][info][gc,heap     ] GC(1263) Survivor regions: 20->17(25)
[550.740s][info][gc,heap     ] GC(1263) Old regions: 98->110
[550.740s][info][gc,heap     ] GC(1263) Humongous regions: 11->10
[550.740s][info][gc,metaspace] GC(1263) Metaspace: 43166K(43584K)->43166K(43584K) NonClass: 40346K(40640K)->40346K(40640K) Class: 2820K(2944K)->2820K(2944K)
[550.740s][info][gc          ] GC(1263) Pause Young (Mixed) (G1 Evacuation Pause) 304M->136M(344M) 45.067ms
[550.740s][info][gc,cpu      ] GC(1263) User=0.09s Sys=0.00s Real=0.04s
[553.707s][info][gc,start    ] GC(1264) Pause Young (Concurrent Start) (G1 Humongous Allocation)
[553.707s][info][gc,task     ] GC(1264) Using 2 workers of 2 for evacuation
[553.748s][info][gc,phases   ] GC(1264)   Pre Evacuate Collection Set: 0.20ms
[553.748s][info][gc,phases   ] GC(1264)   Merge Heap Roots: 0.15ms
[553.748s][info][gc,phases   ] GC(1264)   Evacuate Collection Set: 39.87ms
[553.748s][info][gc,phases   ] GC(1264)   Post Evacuate Collection Set: 0.44ms
[553.748s][info][gc,phases   ] GC(1264)   Other: 0.11ms
[553.748s][info][gc,heap     ] GC(1264) Eden regions: 123->0(156)
[553.748s][info][gc,heap     ] GC(1264) Survivor regions: 17->13(23)
[553.748s][info][gc,heap     ] GC(1264) Old regions: 110->127
[553.748s][info][gc,heap     ] GC(1264) Humongous regions: 10->8
[553.748s][info][gc,metaspace] GC(1264) Metaspace: 43169K(43584K)->43169K(43584K) NonClass: 40349K(40640K)->40349K(40640K) Class: 2820K(2944K)->2820K(2944K)
[553.748s][info][gc          ] GC(1264) Pause Young (Concurrent Start) (G1 Humongous Allocation) 258M->146M(344M) 40.965ms
[553.748s][info][gc          ] GC(1265) Concurrent Mark Cycle
[553.748s][info][gc,marking  ] GC(1265) Concurrent Scan Root Regions
[553.749s][info][gc,cpu      ] GC(1264) User=0.07s Sys=0.00s Real=0.04s
[553.781s][info][gc,marking  ] GC(1265) Concurrent Scan Root Regions 33.071ms
[553.781s][info][gc,marking  ] GC(1265) Concurrent Mark
[553.781s][info][gc,marking  ] GC(1265) Concurrent Mark From Roots
[553.781s][info][gc,task     ] GC(1265) Using 1 workers of 1 for marking
[553.881s][info][gc,marking  ] GC(1265) Concurrent Mark From Roots 100.228ms
[553.881s][info][gc,marking  ] GC(1265) Concurrent Preclean
[553.882s][info][gc,marking  ] GC(1265) Concurrent Preclean 0.073ms
[553.882s][info][gc,start    ] GC(1265) Pause Remark
[553.905s][info][gc          ] GC(1265) Pause Remark 175M->165M(344M) 23.099ms
[553.905s][info][gc,cpu      ] GC(1265) User=0.04s Sys=0.00s Real=0.03s
[553.905s][info][gc,marking  ] GC(1265) Concurrent Mark 123.702ms
[553.905s][info][gc,marking  ] GC(1265) Concurrent Rebuild Remembered Sets and Scrub Regions
[553.962s][info][gc,marking  ] GC(1265) Concurrent Rebuild Remembered Sets and Scrub Regions 57.310ms
[553.962s][info][gc,start    ] GC(1265) Pause Cleanup
[553.962s][info][gc          ] GC(1265) Pause Cleanup 178M->178M(344M) 0.046ms
[553.962s][info][gc,cpu      ] GC(1265) User=0.00s Sys=0.00s Real=0.00s
[553.962s][info][gc,marking  ] GC(1265) Concurrent Clear Claimed Marks
[553.963s][info][gc,marking  ] GC(1265) Concurrent Clear Claimed Marks 0.034ms
[553.963s][info][gc,marking  ] GC(1265) Concurrent Cleanup for Next Mark
[553.964s][info][gc,marking  ] GC(1265) Concurrent Cleanup for Next Mark 1.009ms
[553.964s][info][gc          ] GC(1265) Concurrent Mark Cycle 215.438ms
[554.318s][info][gc,start    ] GC(1266) Pause Young (Prepare Mixed) (G1 Evacuation Pause)
[554.318s][info][gc,task     ] GC(1266) Using 2 workers of 2 for evacuation
[554.325s][info][gc,phases   ] GC(1266)   Pre Evacuate Collection Set: 0.18ms
[554.325s][info][gc,phases   ] GC(1266)   Merge Heap Roots: 0.09ms
[554.325s][info][gc,phases   ] GC(1266)   Evacuate Collection Set: 6.02ms
[554.325s][info][gc,phases   ] GC(1266)   Post Evacuate Collection Set: 0.42ms
[554.325s][info][gc,phases   ] GC(1266)   Other: 0.10ms
[554.325s][info][gc,heap     ] GC(1266) Eden regions: 156->0(173)
[554.325s][info][gc,heap     ] GC(1266) Survivor regions: 13->6(22)
[554.325s][info][gc,heap     ] GC(1266) Old regions: 124->126
[554.325s][info][gc,heap     ] GC(1266) Humongous regions: 3->1
[554.325s][info][gc,metaspace] GC(1266) Metaspace: 43169K(43584K)->43169K(43584K) NonClass: 40349K(40640K)->40349K(40640K) Class: 2820K(2944K)->2820K(2944K)
[554.325s][info][gc          ] GC(1266) Pause Young (Prepare Mixed) (G1 Evacuation Pause) (Evacuation Failure: Pinned) 294M->131M(344M) 6.984ms
[554.325s][info][gc,cpu      ] GC(1266) User=0.01s Sys=0.00s Real=0.01s
[554.762s][info][gc,start    ] GC(1267) Pause Young (Mixed) (G1 Evacuation Pause)
[554.762s][info][gc,task     ] GC(1267) Using 2 workers of 2 for evacuation
[554.780s][info][gc,phases   ] GC(1267)   Pre Evacuate Collection Set: 0.20ms
[554.780s][info][gc,phases   ] GC(1267)   Merge Heap Roots: 0.17ms
[554.780s][info][gc,phases   ] GC(1267)   Evacuate Collection Set: 16.83ms
[554.780s][info][gc,phases   ] GC(1267)   Post Evacuate Collection Set: 0.44ms
[554.780s][info][gc,phases   ] GC(1267)   Other: 0.07ms
[554.780s][info][gc,heap     ] GC(1267) Eden regions: 173->0(168)
[554.780s][info][gc,heap     ] GC(1267) Survivor regions: 6->17(23)
[554.780s][info][gc,heap     ] GC(1267) Old regions: 126->118
[554.780s][info][gc,heap     ] GC(1267) Humongous regions: 3->3
[554.780s][info][gc,metaspace] GC(1267) Metaspace: 43169K(43584K)->43169K(43584K) NonClass: 40349K(40640K)->40349K(40640K) Class: 2820K(2944K)->2820K(2944K)
[554.780s][info][gc          ] GC(1267) Pause Young (Mixed) (G1 Evacuation Pause) 306M->137M(344M) 17.916ms
[554.780s][info][gc,cpu      ] GC(1267) User=0.04s Sys=0.00s Real=0.01s
[554.826s][info][gc,start    ] GC(1268) Pause Young (Concurrent Start) (G1 Humongous Allocation)
[554.826s][info][gc,task     ] GC(1268) Using 2 workers of 2 for evacuation
[554.842s][info][gc,phases   ] GC(1268)   Pre Evacuate Collection Set: 0.17ms
[554.842s][info][gc,phases   ] GC(1268)   Merge Heap Roots: 0.06ms
[554.842s][info][gc,phases   ] GC(1268)   Evacuate Collection Set: 14.87ms
[554.842s][info][gc,phases   ] GC(1268)   Post Evacuate Collection Set: 0.32ms
[554.842s][info][gc,phases   ] GC(1268)   Other: 0.12ms
[554.842s][info][gc,heap     ] GC(1268) Eden regions: 21->0(163)
[554.842s][info][gc,heap     ] GC(1268) Survivor regions: 17->3(24)
[554.842s][info][gc,heap     ] GC(1268) Old regions: 118->135
[554.842s][info][gc,heap     ] GC(1268) Humongous regions: 3->3
[554.842s][info][gc,metaspace] GC(1268) Metaspace: 43169K(43584K)->43169K(43584K) NonClass: 40349K(40640K)->40349K(40640K) Class: 2820K(2944K)->2820K(2944K)
[554.842s][info][gc          ] GC(1268) Pause Young (Concurrent Start) (G1 Humongous Allocation) 158M->140M(344M) 15.712ms
[554.842s][info][gc,cpu      ] GC(1268) User=0.03s Sys=0.00s Real=0.02s
[554.842s][info][gc          ] GC(1269) Concurrent Mark Cycle
[554.842s][info][gc,marking  ] GC(1269) Concurrent Scan Root Regions
[554.854s][info][gc,marking  ] GC(1269) Concurrent Scan Root Regions 12.239ms
[554.854s][info][gc,marking  ] GC(1269) Concurrent Mark
[554.854s][info][gc,marking  ] GC(1269) Concurrent Mark From Roots
[554.854s][info][gc,task     ] GC(1269) Using 1 workers of 1 for marking
[554.879s][info][gc,marking  ] GC(1269) Concurrent Mark From Roots 25.082ms
[554.879s][info][gc,marking  ] GC(1269) Concurrent Preclean
[554.880s][info][gc,marking  ] GC(1269) Concurrent Preclean 0.045ms
[554.880s][info][gc,start    ] GC(1269) Pause Remark
[554.895s][info][gc          ] GC(1269) Pause Remark 156M->82M(256M) 15.373ms
[554.895s][info][gc,cpu      ] GC(1269) User=0.03s Sys=0.00s Real=0.02s
[554.895s][info][gc,marking  ] GC(1269) Concurrent Mark 40.810ms
[554.895s][info][gc,marking  ] GC(1269) Concurrent Rebuild Remembered Sets and Scrub Regions
[554.916s][info][gc,marking  ] GC(1269) Concurrent Rebuild Remembered Sets and Scrub Regions 21.212ms
[554.917s][info][gc,start    ] GC(1269) Pause Cleanup
[554.917s][info][gc          ] GC(1269) Pause Cleanup 91M->91M(256M) 0.037ms
[554.917s][info][gc,cpu      ] GC(1269) User=0.00s Sys=0.00s Real=0.00s
[554.917s][info][gc,marking  ] GC(1269) Concurrent Clear Claimed Marks
[554.917s][info][gc,marking  ] GC(1269) Concurrent Clear Claimed Marks 0.031ms
[554.917s][info][gc,marking  ] GC(1269) Concurrent Cleanup for Next Mark
[554.917s][info][gc,marking  ] GC(1269) Concurrent Cleanup for Next Mark 0.732ms
[554.917s][info][gc          ] GC(1269) Concurrent Mark Cycle 75.327ms
[555.227s][info][gc,start    ] GC(1270) Pause Young (Prepare Mixed) (G1 Evacuation Pause)
[555.227s][info][gc,task     ] GC(1270) Using 2 workers of 2 for evacuation
[555.248s][info][gc,phases   ] GC(1270)   Pre Evacuate Collection Set: 0.16ms
[555.248s][info][gc,phases   ] GC(1270)   Merge Heap Roots: 0.09ms
[555.248s][info][gc,phases   ] GC(1270)   Evacuate Collection Set: 20.60ms
[555.248s][info][gc,phases   ] GC(1270)   Post Evacuate Collection Set: 0.40ms
[555.248s][info][gc,phases   ] GC(1270)   Other: 0.07ms
[555.248s][info][gc,heap     ] GC(1270) Eden regions: 150->0(133)
[555.248s][info][gc,heap     ] GC(1270) Survivor regions: 3->20(20)
[555.248s][info][gc,heap     ] GC(1270) Old regions: 61->62
[555.248s][info][gc,heap     ] GC(1270) Humongous regions: 4->4
[555.248s][info][gc,metaspace] GC(1270) Metaspace: 43169K(43584K)->43169K(43584K) NonClass: 40349K(40640K)->40349K(40640K) Class: 2820K(2944K)->2820K(2944K)
[555.248s][info][gc          ] GC(1270) Pause Young (Prepare Mixed) (G1 Evacuation Pause) 217M->85M(256M) 21.525ms
[555.248s][info][gc,cpu      ] GC(1270) User=0.04s Sys=0.00s Real=0.02s
[555.552s][info][gc,start    ] GC(1271) Pause Young (Mixed) (G1 Evacuation Pause)
[555.552s][info][gc,task     ] GC(1271) Using 2 workers of 2 for evacuation
[555.590s][info][gc,phases   ] GC(1271)   Pre Evacuate Collection Set: 0.16ms
[555.590s][info][gc,phases   ] GC(1271)   Merge Heap Roots: 0.09ms
[555.590s][info][gc,phases   ] GC(1271)   Evacuate Collection Set: 37.51ms
[555.590s][info][gc,phases   ] GC(1271)   Post Evacuate Collection Set: 0.43ms
[555.590s][info][gc,phases   ] GC(1271)   Other: 0.07ms
[555.590s][info][gc,heap     ] GC(1271) Eden regions: 133->0(129)
[555.590s][info][gc,heap     ] GC(1271) Survivor regions: 20->16(20)
[555.590s][info][gc,heap     ] GC(1271) Old regions: 62->71
[555.590s][info][gc,heap     ] GC(1271) Humongous regions: 6->6
[555.590s][info][gc,metaspace] GC(1271) Metaspace: 43169K(43584K)->43169K(43584K) NonClass: 40349K(40640K)->40349K(40640K) Class: 2820K(2944K)->2820K(2944K)
[555.590s][info][gc          ] GC(1271) Pause Young (Mixed) (G1 Evacuation Pause) 220M->92M(258M) 38.489ms
[555.590s][info][gc,cpu      ] GC(1271) User=0.07s Sys=0.00s Real=0.04s
[555.867s][info][gc,start    ] GC(1272) Pause Young (Concurrent Start) (G1 Evacuation Pause)
[555.867s][info][gc,task     ] GC(1272) Using 2 workers of 2 for evacuation
[555.899s][info][gc,phases   ] GC(1272)   Pre Evacuate Collection Set: 0.18ms
[555.899s][info][gc,phases   ] GC(1272)   Merge Heap Roots: 0.07ms
[555.899s][info][gc,phases   ] GC(1272)   Evacuate Collection Set: 31.12ms
[555.899s][info][gc,phases   ] GC(1272)   Post Evacuate Collection Set: 0.39ms
[555.899s][info][gc,phases   ] GC(1272)   Other: 0.11ms
[555.899s][info][gc,heap     ] GC(1272) Eden regions: 129->0(117)
[555.899s][info][gc,heap     ] GC(1272) Survivor regions: 16->15(19)
[555.899s][info][gc,heap     ] GC(1272) Old regions: 71->87
[555.899s][info][gc,heap     ] GC(1272) Humongous regions: 6->6
[555.899s][info][gc,metaspace] GC(1272) Metaspace: 43169K(43584K)->43169K(43584K) NonClass: 40349K(40640K)->40349K(40640K) Class: 2820K(2944K)->2820K(2944K)
[555.899s][info][gc          ] GC(1272) Pause Young (Concurrent Start) (G1 Evacuation Pause) 221M->107M(258M) 32.080ms
[555.899s][info][gc,cpu      ] GC(1272) User=0.06s Sys=0.00s Real=0.03s
[555.899s][info][gc          ] GC(1273) Concurrent Mark Cycle
[555.899s][info][gc,marking  ] GC(1273) Concurrent Scan Root Regions
[555.926s][info][gc,marking  ] GC(1273) Concurrent Scan Root Regions 26.243ms
[555.926s][info][gc,marking  ] GC(1273) Concurrent Mark
[555.926s][info][gc,marking  ] GC(1273) Concurrent Mark From Roots
[555.926s][info][gc,task     ] GC(1273) Using 1 workers of 1 for marking
[555.997s][info][gc,marking  ] GC(1273) Concurrent Mark From Roots 71.379ms
[555.997s][info][gc,marking  ] GC(1273) Concurrent Preclean
[555.997s][info][gc,marking  ] GC(1273) Concurrent Preclean 0.039ms
[555.997s][info][gc,start    ] GC(1273) Pause Remark
[556.013s][info][gc          ] GC(1273) Pause Remark 134M->133M(258M) 15.469ms
[556.013s][info][gc,cpu      ] GC(1273) User=0.03s Sys=0.00s Real=0.02s
[556.013s][info][gc,marking  ] GC(1273) Concurrent Mark 87.188ms
[556.013s][info][gc,marking  ] GC(1273) Concurrent Rebuild Remembered Sets and Scrub Regions
[556.064s][info][gc,marking  ] GC(1273) Concurrent Rebuild Remembered Sets and Scrub Regions 51.181ms
[556.064s][info][gc,start    ] GC(1273) Pause Cleanup
[556.064s][info][gc          ] GC(1273) Pause Cleanup 155M->155M(258M) 0.038ms
[556.064s][info][gc,cpu      ] GC(1273) User=0.00s Sys=0.00s Real=0.00s
[556.064s][info][gc,marking  ] GC(1273) Concurrent Clear Claimed Marks
[556.064s][info][gc,marking  ] GC(1273) Concurrent Clear Claimed Marks 0.035ms
[556.064s][info][gc,marking  ] GC(1273) Concurrent Cleanup for Next Mark
[556.065s][info][gc,marking  ] GC(1273) Concurrent Cleanup for Next Mark 0.763ms
[556.065s][info][gc          ] GC(1273) Concurrent Mark Cycle 165.810ms
[556.223s][info][gc,start    ] GC(1274) Pause Young (Prepare Mixed) (G1 Evacuation Pause)
[556.223s][info][gc,task     ] GC(1274) Using 2 workers of 2 for evacuation
[556.257s][info][gc,phases   ] GC(1274)   Pre Evacuate Collection Set: 0.15ms
[556.257s][info][gc,phases   ] GC(1274)   Merge Heap Roots: 0.11ms
[556.257s][info][gc,phases   ] GC(1274)   Evacuate Collection Set: 33.64ms
[556.257s][info][gc,phases   ] GC(1274)   Post Evacuate Collection Set: 0.42ms
[556.257s][info][gc,phases   ] GC(1274)   Other: 0.07ms
[556.257s][info][gc,heap     ] GC(1274) Eden regions: 117->0(104)
[556.257s][info][gc,heap     ] GC(1274) Survivor regions: 15->14(17)
[556.257s][info][gc,heap     ] GC(1274) Old regions: 87->102
[556.257s][info][gc,heap     ] GC(1274) Humongous regions: 9->9
[556.257s][info][gc,metaspace] GC(1274) Metaspace: 43169K(43584K)->43169K(43584K) NonClass: 40349K(40640K)->40349K(40640K) Class: 2820K(2944K)->2820K(2944K)
[556.257s][info][gc          ] GC(1274) Pause Young (Prepare Mixed) (G1 Evacuation Pause) 227M->123M(258M) 34.564ms
[556.257s][info][gc,cpu      ] GC(1274) User=0.07s Sys=0.00s Real=0.03s
[557.332s][info][gc,start    ] GC(1275) Pause Young (Mixed) (G1 Evacuation Pause)
[557.332s][info][gc,task     ] GC(1275) Using 2 workers of 2 for evacuation
[557.372s][info][gc,phases   ] GC(1275)   Pre Evacuate Collection Set: 0.80ms
[557.372s][info][gc,phases   ] GC(1275)   Merge Heap Roots: 0.17ms
[557.372s][info][gc,phases   ] GC(1275)   Evacuate Collection Set: 38.82ms
[557.372s][info][gc,phases   ] GC(1275)   Post Evacuate Collection Set: 0.40ms
[557.372s][info][gc,phases   ] GC(1275)   Other: 0.07ms
[557.372s][info][gc,heap     ] GC(1275) Eden regions: 104->0(100)
[557.372s][info][gc,heap     ] GC(1275) Survivor regions: 14->11(15)
[557.372s][info][gc,heap     ] GC(1275) Old regions: 102->108
[557.372s][info][gc,heap     ] GC(1275) Humongous regions: 17->15
[557.372s][info][gc,metaspace] GC(1275) Metaspace: 43169K(43584K)->43169K(43584K) NonClass: 40349K(40640K)->40349K(40640K) Class: 2820K(2944K)->2820K(2944K)
[557.372s][info][gc          ] GC(1275) Pause Young (Mixed) (G1 Evacuation Pause) 235M->133M(262M) 40.434ms
[557.372s][info][gc,cpu      ] GC(1275) User=0.08s Sys=0.00s Real=0.04s
[557.693s][info][gc,start    ] GC(1276) Pause Young (Concurrent Start) (G1 Evacuation Pause)
[557.693s][info][gc,task     ] GC(1276) Using 2 workers of 2 for evacuation
[557.714s][info][gc,phases   ] GC(1276)   Pre Evacuate Collection Set: 0.20ms
[557.714s][info][gc,phases   ] GC(1276)   Merge Heap Roots: 0.16ms
[557.715s][info][gc,phases   ] GC(1276)   Evacuate Collection Set: 20.29ms
[557.715s][info][gc,phases   ] GC(1276)   Post Evacuate Collection Set: 0.36ms
[557.715s][info][gc,phases   ] GC(1276)   Other: 0.13ms
[557.715s][info][gc,heap     ] GC(1276) Eden regions: 100->0(98)
[557.715s][info][gc,heap     ] GC(1276) Survivor regions: 11->5(14)
[557.715s][info][gc,heap     ] GC(1276) Old regions: 108->118
[557.715s][info][gc,heap     ] GC(1276) Humongous regions: 15->15
[557.715s][info][gc,metaspace] GC(1276) Metaspace: 43169K(43584K)->43169K(43584K) NonClass: 40349K(40640K)->40349K(40640K) Class: 2820K(2944K)->2820K(2944K)
[557.715s][info][gc          ] GC(1276) Pause Young (Concurrent Start) (G1 Evacuation Pause) 233M->138M(262M) 21.307ms
[557.715s][info][gc          ] GC(1277) Concurrent Mark Cycle
[557.715s][info][gc,marking  ] GC(1277) Concurrent Scan Root Regions
[557.716s][info][gc,cpu      ] GC(1276) User=0.04s Sys=0.00s Real=0.02s
[557.734s][info][gc,marking  ] GC(1277) Concurrent Scan Root Regions 19.173ms
[557.734s][info][gc,marking  ] GC(1277) Concurrent Mark
[557.734s][info][gc,marking  ] GC(1277) Concurrent Mark From Roots
[557.734s][info][gc,task     ] GC(1277) Using 1 workers of 1 for marking
[557.768s][info][gc,marking  ] GC(1277) Concurrent Mark From Roots 34.142ms
[557.768s][info][gc,marking  ] GC(1277) Concurrent Preclean
[557.768s][info][gc,marking  ] GC(1277) Concurrent Preclean 0.036ms
[557.768s][info][gc,start    ] GC(1277) Pause Remark
[557.783s][info][gc          ] GC(1277) Pause Remark 157M->128M(262M) 15.209ms
[557.783s][info][gc,cpu      ] GC(1277) User=0.03s Sys=0.00s Real=0.02s
[557.785s][info][gc,marking  ] GC(1277) Concurrent Mark 50.907ms
[557.785s][info][gc,marking  ] GC(1277) Concurrent Rebuild Remembered Sets and Scrub Regions
[557.810s][info][gc,marking  ] GC(1277) Concurrent Rebuild Remembered Sets and Scrub Regions 25.653ms
[557.811s][info][gc,start    ] GC(1277) Pause Cleanup
[557.811s][info][gc          ] GC(1277) Pause Cleanup 133M->133M(262M) 0.063ms
[557.811s][info][gc,cpu      ] GC(1277) User=0.00s Sys=0.00s Real=0.00s
[557.811s][info][gc,marking  ] GC(1277) Concurrent Clear Claimed Marks
[557.811s][info][gc,marking  ] GC(1277) Concurrent Clear Claimed Marks 0.035ms
[557.811s][info][gc,marking  ] GC(1277) Concurrent Cleanup for Next Mark
[557.811s][info][gc,marking  ] GC(1277) Concurrent Cleanup for Next Mark 0.782ms
[557.812s][info][gc          ] GC(1277) Concurrent Mark Cycle 96.888ms
[558.174s][info][gc,start    ] GC(1278) Pause Young (Prepare Mixed) (G1 Evacuation Pause)
[558.174s][info][gc,task     ] GC(1278) Using 2 workers of 2 for evacuation
[558.189s][info][gc,phases   ] GC(1278)   Pre Evacuate Collection Set: 0.16ms
[558.189s][info][gc,phases   ] GC(1278)   Merge Heap Roots: 0.07ms
[558.189s][info][gc,phases   ] GC(1278)   Evacuate Collection Set: 14.50ms
[558.189s][info][gc,phases   ] GC(1278)   Post Evacuate Collection Set: 0.39ms
[558.189s][info][gc,phases   ] GC(1278)   Other: 0.11ms
[558.189s][info][gc,heap     ] GC(1278) Eden regions: 98->0(106)
[558.189s][info][gc,heap     ] GC(1278) Survivor regions: 5->13(13)
[558.189s][info][gc,heap     ] GC(1278) Old regions: 103->108
[558.189s][info][gc,heap     ] GC(1278) Humongous regions: 1->1
[558.189s][info][gc,metaspace] GC(1278) Metaspace: 43169K(43584K)->43169K(43584K) NonClass: 40349K(40640K)->40349K(40640K) Class: 2820K(2944K)->2820K(2944K)
[558.189s][info][gc          ] GC(1278) Pause Young (Prepare Mixed) (G1 Evacuation Pause) 207M->122M(262M) 15.447ms
[558.189s][info][gc,cpu      ] GC(1278) User=0.02s Sys=0.01s Real=0.01s
[558.725s][info][gc,start    ] GC(1279) Pause Young (Mixed) (G1 Evacuation Pause)
[558.725s][info][gc,task     ] GC(1279) Using 2 workers of 2 for evacuation
[558.741s][info][gc,phases   ] GC(1279)   Pre Evacuate Collection Set: 0.17ms
[558.741s][info][gc,phases   ] GC(1279)   Merge Heap Roots: 0.13ms
[558.741s][info][gc,phases   ] GC(1279)   Evacuate Collection Set: 15.70ms
[558.741s][info][gc,phases   ] GC(1279)   Post Evacuate Collection Set: 0.38ms
[558.741s][info][gc,phases   ] GC(1279)   Other: 0.07ms
[558.741s][info][gc,heap     ] GC(1279) Eden regions: 106->0(124)
[558.741s][info][gc,heap     ] GC(1279) Survivor regions: 13->7(15)
[558.741s][info][gc,heap     ] GC(1279) Old regions: 108->95
[558.741s][info][gc,heap     ] GC(1279) Humongous regions: 1->1
[558.741s][info][gc,metaspace] GC(1279) Metaspace: 43169K(43584K)->43169K(43584K) NonClass: 40349K(40640K)->40349K(40640K) Class: 2820K(2944K)->2820K(2944K)
[558.741s][info][gc          ] GC(1279) Pause Young (Mixed) (G1 Evacuation Pause) 228M->102M(262M) 16.651ms
[558.741s][info][gc,cpu      ] GC(1279) User=0.04s Sys=0.00s Real=0.01s
[559.437s][info][gc,start    ] GC(1280) Pause Young (Mixed) (G1 Evacuation Pause)
[559.437s][info][gc,task     ] GC(1280) Using 2 workers of 2 for evacuation
[559.460s][info][gc,phases   ] GC(1280)   Pre Evacuate Collection Set: 0.16ms
[559.460s][info][gc,phases   ] GC(1280)   Merge Heap Roots: 0.24ms
[559.460s][info][gc,phases   ] GC(1280)   Evacuate Collection Set: 21.46ms
[559.460s][info][gc,phases   ] GC(1280)   Post Evacuate Collection Set: 0.41ms
[559.460s][info][gc,phases   ] GC(1280)   Other: 0.07ms
[559.460s][info][gc,heap     ] GC(1280) Eden regions: 124->0(132)
[559.460s][info][gc,heap     ] GC(1280) Survivor regions: 7->17(17)
[559.460s][info][gc,heap     ] GC(1280) Old regions: 95->73
[559.460s][info][gc,heap     ] GC(1280) Humongous regions: 1->1
[559.460s][info][gc,metaspace] GC(1280) Metaspace: 43169K(43584K)->43169K(43584K) NonClass: 40349K(40640K)->40349K(40640K) Class: 2820K(2944K)->2820K(2944K)
[559.460s][info][gc          ] GC(1280) Pause Young (Mixed) (G1 Evacuation Pause) 226M->90M(262M) 22.570ms
[559.460s][info][gc,cpu      ] GC(1280) User=0.05s Sys=0.00s Real=0.02s
[560.166s][info][gc,start    ] GC(1281) Pause Young (Mixed) (G1 Evacuation Pause)
[560.166s][info][gc,task     ] GC(1281) Using 2 workers of 2 for evacuation
[560.196s][info][gc,phases   ] GC(1281)   Pre Evacuate Collection Set: 0.19ms
[560.196s][info][gc,phases   ] GC(1281)   Merge Heap Roots: 0.22ms
[560.196s][info][gc,phases   ] GC(1281)   Evacuate Collection Set: 29.08ms
[560.196s][info][gc,phases   ] GC(1281)   Post Evacuate Collection Set: 0.37ms
[560.196s][info][gc,phases   ] GC(1281)   Other: 0.09ms
[560.196s][info][gc,heap     ] GC(1281) Eden regions: 132->0(128)
[560.196s][info][gc,heap     ] GC(1281) Survivor regions: 17->13(19)
[560.196s][info][gc,heap     ] GC(1281) Old regions: 73->83
[560.196s][info][gc,heap     ] GC(1281) Humongous regions: 1->1
[560.196s][info][gc,metaspace] GC(1281) Metaspace: 43169K(43584K)->43169K(43584K) NonClass: 40349K(40640K)->40349K(40640K) Class: 2820K(2944K)->2820K(2944K)
[560.196s][info][gc          ] GC(1281) Pause Young (Mixed) (G1 Evacuation Pause) 222M->96M(262M) 30.163ms
[560.196s][info][gc,cpu      ] GC(1281) User=0.06s Sys=0.00s Real=0.03s
[560.913s][info][gc,start    ] GC(1282) Pause Young (Concurrent Start) (G1 Evacuation Pause)
[560.913s][info][gc,task     ] GC(1282) Using 2 workers of 2 for evacuation
[560.935s][info][gc,phases   ] GC(1282)   Pre Evacuate Collection Set: 0.17ms
[560.935s][info][gc,phases   ] GC(1282)   Merge Heap Roots: 0.08ms
[560.935s][info][gc,phases   ] GC(1282)   Evacuate Collection Set: 20.98ms
[560.935s][info][gc,phases   ] GC(1282)   Post Evacuate Collection Set: 0.38ms
[560.935s][info][gc,phases   ] GC(1282)   Other: 0.08ms
[560.935s][info][gc,heap     ] GC(1282) Eden regions: 128->0(120)
[560.935s][info][gc,heap     ] GC(1282) Survivor regions: 13->12(18)
[560.935s][info][gc,heap     ] GC(1282) Old regions: 83->95
[560.935s][info][gc,heap     ] GC(1282) Humongous regions: 1->1
[560.935s][info][gc,metaspace] GC(1282) Metaspace: 43169K(43584K)->43169K(43584K) NonClass: 40349K(40640K)->40349K(40640K) Class: 2820K(2944K)->2820K(2944K)
[560.935s][info][gc          ] GC(1282) Pause Young (Concurrent Start) (G1 Evacuation Pause) 224M->107M(262M) 21.878ms
[560.935s][info][gc,cpu      ] GC(1282) User=0.05s Sys=0.00s Real=0.02s
[560.935s][info][gc          ] GC(1283) Concurrent Mark Cycle
[560.935s][info][gc,marking  ] GC(1283) Concurrent Scan Root Regions
[560.953s][info][gc,marking  ] GC(1283) Concurrent Scan Root Regions 18.107ms
[560.953s][info][gc,marking  ] GC(1283) Concurrent Mark
[560.953s][info][gc,marking  ] GC(1283) Concurrent Mark From Roots
[560.953s][info][gc,task     ] GC(1283) Using 1 workers of 1 for marking
[560.992s][info][gc,marking  ] GC(1283) Concurrent Mark From Roots 38.906ms
[560.992s][info][gc,marking  ] GC(1283) Concurrent Preclean
[560.992s][info][gc,marking  ] GC(1283) Concurrent Preclean 0.035ms
[560.993s][info][gc,start    ] GC(1283) Pause Remark
[561.008s][info][gc          ] GC(1283) Pause Remark 115M->103M(262M) 15.439ms
[561.008s][info][gc,cpu      ] GC(1283) User=0.03s Sys=0.00s Real=0.01s
[561.008s][info][gc,marking  ] GC(1283) Concurrent Mark 54.646ms
[561.008s][info][gc,marking  ] GC(1283) Concurrent Rebuild Remembered Sets and Scrub Regions
[561.033s][info][gc,marking  ] GC(1283) Concurrent Rebuild Remembered Sets and Scrub Regions 25.155ms
[561.033s][info][gc,start    ] GC(1283) Pause Cleanup
[561.033s][info][gc          ] GC(1283) Pause Cleanup 107M->107M(262M) 0.047ms
[561.033s][info][gc,cpu      ] GC(1283) User=0.00s Sys=0.00s Real=0.00s
[561.033s][info][gc,marking  ] GC(1283) Concurrent Clear Claimed Marks
[561.034s][info][gc,marking  ] GC(1283) Concurrent Clear Claimed Marks 0.033ms
[561.034s][info][gc,marking  ] GC(1283) Concurrent Cleanup for Next Mark
[561.034s][info][gc,marking  ] GC(1283) Concurrent Cleanup for Next Mark 0.754ms
[561.034s][info][gc          ] GC(1283) Concurrent Mark Cycle 99.019ms
[561.617s][info][gc,start    ] GC(1284) Pause Young (Prepare Mixed) (G1 Evacuation Pause)
[561.617s][info][gc,task     ] GC(1284) Using 2 workers of 2 for evacuation
[561.630s][info][gc,phases   ] GC(1284)   Pre Evacuate Collection Set: 0.16ms
[561.630s][info][gc,phases   ] GC(1284)   Merge Heap Roots: 0.07ms
[561.630s][info][gc,phases   ] GC(1284)   Evacuate Collection Set: 11.40ms
[561.630s][info][gc,phases   ] GC(1284)   Post Evacuate Collection Set: 0.61ms
[561.630s][info][gc,phases   ] GC(1284)   Other: 0.10ms
[561.630s][info][gc,heap     ] GC(1284) Eden regions: 120->0(151)
[561.630s][info][gc,heap     ] GC(1284) Survivor regions: 12->12(17)
[561.630s][info][gc,heap     ] GC(1284) Old regions: 83->85
[561.630s][info][gc,heap     ] GC(1284) Humongous regions: 2->2
[561.630s][info][gc,metaspace] GC(1284) Metaspace: 43169K(43584K)->43169K(43584K) NonClass: 40349K(40640K)->40349K(40640K) Class: 2820K(2944K)->2820K(2944K)
[561.630s][info][gc          ] GC(1284) Pause Young (Prepare Mixed) (G1 Evacuation Pause) 216M->98M(291M) 12.526ms
[561.630s][info][gc,cpu      ] GC(1284) User=0.02s Sys=0.00s Real=0.01s
[562.479s][info][gc,start    ] GC(1285) Pause Young (Mixed) (G1 Evacuation Pause)
[562.479s][info][gc,task     ] GC(1285) Using 2 workers of 2 for evacuation
[562.497s][info][gc,phases   ] GC(1285)   Pre Evacuate Collection Set: 0.19ms
[562.497s][info][gc,phases   ] GC(1285)   Merge Heap Roots: 0.16ms
[562.497s][info][gc,phases   ] GC(1285)   Evacuate Collection Set: 16.79ms
[562.497s][info][gc,phases   ] GC(1285)   Post Evacuate Collection Set: 0.44ms
[562.497s][info][gc,phases   ] GC(1285)   Other: 0.08ms
[562.497s][info][gc,heap     ] GC(1285) Eden regions: 151->0(165)
[562.497s][info][gc,heap     ] GC(1285) Survivor regions: 12->9(21)
[562.497s][info][gc,heap     ] GC(1285) Old regions: 85->64
[562.497s][info][gc,heap     ] GC(1285) Humongous regions: 2->2
[562.497s][info][gc,metaspace] GC(1285) Metaspace: 43169K(43584K)->43169K(43584K) NonClass: 40349K(40640K)->40349K(40640K) Class: 2820K(2944K)->2820K(2944K)
[562.497s][info][gc          ] GC(1285) Pause Young (Mixed) (G1 Evacuation Pause) 249M->74M(291M) 17.836ms
[562.497s][info][gc,cpu      ] GC(1285) User=0.03s Sys=0.00s Real=0.02s
[562.934s][info][gc,start    ] GC(1286) Pause Young (Mixed) (G1 Evacuation Pause)
[562.934s][info][gc,task     ] GC(1286) Using 2 workers of 2 for evacuation
[562.967s][info][gc,phases   ] GC(1286)   Pre Evacuate Collection Set: 0.26ms
[562.967s][info][gc,phases   ] GC(1286)   Merge Heap Roots: 0.19ms
[562.967s][info][gc,phases   ] GC(1286)   Evacuate Collection Set: 32.50ms
[562.967s][info][gc,phases   ] GC(1286)   Post Evacuate Collection Set: 0.47ms
[562.967s][info][gc,phases   ] GC(1286)   Other: 0.07ms
[562.967s][info][gc,heap     ] GC(1286) Eden regions: 165->0(147)
[562.967s][info][gc,heap     ] GC(1286) Survivor regions: 9->22(22)
[562.967s][info][gc,heap     ] GC(1286) Old regions: 64->72
[562.967s][info][gc,heap     ] GC(1286) Humongous regions: 5->5
[562.967s][info][gc,metaspace] GC(1286) Metaspace: 43169K(43584K)->43169K(43584K) NonClass: 40349K(40640K)->40349K(40640K) Class: 2820K(2944K)->2820K(2944K)
[562.967s][info][gc          ] GC(1286) Pause Young (Mixed) (G1 Evacuation Pause) 242M->98M(291M) 33.680ms
[562.967s][info][gc,cpu      ] GC(1286) User=0.07s Sys=0.00s Real=0.03s
[563.285s][info][gc,start    ] GC(1287) Pause Young (Concurrent Start) (G1 Evacuation Pause)
[563.285s][info][gc,task     ] GC(1287) Using 2 workers of 2 for evacuation
[563.323s][info][gc,phases   ] GC(1287)   Pre Evacuate Collection Set: 0.19ms
[563.323s][info][gc,phases   ] GC(1287)   Merge Heap Roots: 0.17ms
[563.323s][info][gc,phases   ] GC(1287)   Evacuate Collection Set: 36.40ms
[563.323s][info][gc,phases   ] GC(1287)   Post Evacuate Collection Set: 0.41ms
[563.323s][info][gc,phases   ] GC(1287)   Other: 0.10ms
[563.323s][info][gc,heap     ] GC(1287) Eden regions: 147->0(133)
[563.323s][info][gc,heap     ] GC(1287) Survivor regions: 22->18(22)
[563.323s][info][gc,heap     ] GC(1287) Old regions: 72->94
[563.323s][info][gc,heap     ] GC(1287) Humongous regions: 5->5
[563.323s][info][gc,metaspace] GC(1287) Metaspace: 43169K(43584K)->43169K(43584K) NonClass: 40349K(40640K)->40349K(40640K) Class: 2820K(2944K)->2820K(2944K)
[563.323s][info][gc          ] GC(1287) Pause Young (Concurrent Start) (G1 Evacuation Pause) 245M->117M(291M) 37.513ms
[563.323s][info][gc,cpu      ] GC(1287) User=0.07s Sys=0.00s Real=0.04s
[563.323s][info][gc          ] GC(1288) Concurrent Mark Cycle
[563.323s][info][gc,marking  ] GC(1288) Concurrent Scan Root Regions
[563.347s][info][gc,marking  ] GC(1288) Concurrent Scan Root Regions 24.133ms
[563.347s][info][gc,marking  ] GC(1288) Concurrent Mark
[563.347s][info][gc,marking  ] GC(1288) Concurrent Mark From Roots
[563.347s][info][gc,task     ] GC(1288) Using 1 workers of 1 for marking
[563.395s][info][gc,marking  ] GC(1288) Concurrent Mark From Roots 47.460ms
[563.395s][info][gc,marking  ] GC(1288) Concurrent Preclean
[563.395s][info][gc,marking  ] GC(1288) Concurrent Preclean 0.044ms
[563.395s][info][gc,start    ] GC(1288) Pause Remark
[563.411s][info][gc          ] GC(1288) Pause Remark 139M->122M(291M) 16.041ms
[563.411s][info][gc,cpu      ] GC(1288) User=0.03s Sys=0.00s Real=0.01s
[563.411s][info][gc,marking  ] GC(1288) Concurrent Mark 63.828ms
[563.411s][info][gc,marking  ] GC(1288) Concurrent Rebuild Remembered Sets and Scrub Regions
[563.451s][info][gc,marking  ] GC(1288) Concurrent Rebuild Remembered Sets and Scrub Regions 39.943ms
[563.451s][info][gc,start    ] GC(1288) Pause Cleanup
[563.451s][info][gc          ] GC(1288) Pause Cleanup 139M->139M(291M) 0.039ms
[563.451s][info][gc,cpu      ] GC(1288) User=0.00s Sys=0.00s Real=0.00s
[563.451s][info][gc,marking  ] GC(1288) Concurrent Clear Claimed Marks
[563.451s][info][gc,marking  ] GC(1288) Concurrent Clear Claimed Marks 0.033ms
[563.451s][info][gc,marking  ] GC(1288) Concurrent Cleanup for Next Mark
[563.452s][info][gc,marking  ] GC(1288) Concurrent Cleanup for Next Mark 1.177ms
[563.452s][info][gc          ] GC(1288) Concurrent Mark Cycle 129.405ms
[563.654s][info][gc,start    ] GC(1289) Pause Young (Prepare Mixed) (G1 Evacuation Pause)
[563.654s][info][gc,task     ] GC(1289) Using 2 workers of 2 for evacuation
[563.690s][info][gc,phases   ] GC(1289)   Pre Evacuate Collection Set: 0.16ms
[563.690s][info][gc,phases   ] GC(1289)   Merge Heap Roots: 0.08ms
[563.690s][info][gc,phases   ] GC(1289)   Evacuate Collection Set: 35.10ms
[563.690s][info][gc,phases   ] GC(1289)   Post Evacuate Collection Set: 0.41ms
[563.690s][info][gc,phases   ] GC(1289)   Other: 0.07ms
[563.690s][info][gc,heap     ] GC(1289) Eden regions: 133->0(133)
[563.690s][info][gc,heap     ] GC(1289) Survivor regions: 18->16(19)
[563.690s][info][gc,heap     ] GC(1289) Old regions: 78->96
[563.690s][info][gc,heap     ] GC(1289) Humongous regions: 6->6
[563.690s][info][gc,metaspace] GC(1289) Metaspace: 43169K(43584K)->43169K(43584K) NonClass: 40349K(40640K)->40349K(40640K) Class: 2820K(2944K)->2820K(2944K)
[563.690s][info][gc          ] GC(1289) Pause Young (Prepare Mixed) (G1 Evacuation Pause) 235M->117M(291M) 36.013ms
[563.690s][info][gc,cpu      ] GC(1289) User=0.07s Sys=0.00s Real=0.03s
[563.980s][info][gc,start    ] GC(1290) Pause Young (Mixed) (G1 Evacuation Pause)
[563.980s][info][gc,task     ] GC(1290) Using 2 workers of 2 for evacuation
[564.012s][info][gc,phases   ] GC(1290)   Pre Evacuate Collection Set: 0.17ms
[564.012s][info][gc,phases   ] GC(1290)   Merge Heap Roots: 0.09ms
[564.012s][info][gc,phases   ] GC(1290)   Evacuate Collection Set: 31.37ms
[564.012s][info][gc,phases   ] GC(1290)   Post Evacuate Collection Set: 0.39ms
[564.012s][info][gc,phases   ] GC(1290)   Other: 0.08ms
[564.012s][info][gc,heap     ] GC(1290) Eden regions: 133->0(131)
[564.012s][info][gc,heap     ] GC(1290) Survivor regions: 16->16(19)
[564.012s][info][gc,heap     ] GC(1290) Old regions: 96->100
[564.012s][info][gc,heap     ] GC(1290) Humongous regions: 6->6
[564.012s][info][gc,metaspace] GC(1290) Metaspace: 43169K(43584K)->43169K(43584K) NonClass: 40349K(40640K)->40349K(40640K) Class: 2820K(2944K)->2820K(2944K)
[564.012s][info][gc          ] GC(1290) Pause Young (Mixed) (G1 Evacuation Pause) 250M->121M(291M) 32.312ms
[564.012s][info][gc,cpu      ] GC(1290) User=0.06s Sys=0.00s Real=0.04s
[564.034s][info][gc,start    ] GC(1291) Pause Young (Concurrent Start) (G1 Humongous Allocation)
[564.034s][info][gc,task     ] GC(1291) Using 2 workers of 2 for evacuation
[564.051s][info][gc,phases   ] GC(1291)   Pre Evacuate Collection Set: 0.17ms
[564.051s][info][gc,phases   ] GC(1291)   Merge Heap Roots: 0.05ms
[564.051s][info][gc,phases   ] GC(1291)   Evacuate Collection Set: 16.79ms
[564.051s][info][gc,phases   ] GC(1291)   Post Evacuate Collection Set: 0.28ms
[564.051s][info][gc,phases   ] GC(1291)   Other: 0.08ms
[564.051s][info][gc,heap     ] GC(1291) Eden regions: 9->0(130)
[564.051s][info][gc,heap     ] GC(1291) Survivor regions: 16->2(19)
[564.051s][info][gc,heap     ] GC(1291) Old regions: 100->116
[564.051s][info][gc,heap     ] GC(1291) Humongous regions: 6->6
[564.051s][info][gc,metaspace] GC(1291) Metaspace: 43169K(43584K)->43169K(43584K) NonClass: 40349K(40640K)->40349K(40640K) Class: 2820K(2944K)->2820K(2944K)
[564.052s][info][gc          ] GC(1291) Pause Young (Concurrent Start) (G1 Humongous Allocation) 130M->123M(291M) 17.529ms
[564.052s][info][gc          ] GC(1292) Concurrent Mark Cycle
[564.052s][info][gc,marking  ] GC(1292) Concurrent Scan Root Regions
[564.054s][info][gc,cpu      ] GC(1291) User=0.04s Sys=0.00s Real=0.02s
[564.065s][info][gc,marking  ] GC(1292) Concurrent Scan Root Regions 13.680ms
[564.065s][info][gc,marking  ] GC(1292) Concurrent Mark
[564.065s][info][gc,marking  ] GC(1292) Concurrent Mark From Roots
[564.065s][info][gc,task     ] GC(1292) Using 1 workers of 1 for marking
[564.161s][info][gc,marking  ] GC(1292) Concurrent Mark From Roots 96.139ms
[564.161s][info][gc,marking  ] GC(1292) Concurrent Preclean
[564.161s][info][gc,marking  ] GC(1292) Concurrent Preclean 0.039ms
[564.162s][info][gc,start    ] GC(1292) Pause Remark
[564.177s][info][gc          ] GC(1292) Pause Remark 152M->145M(291M) 15.488ms
[564.177s][info][gc,cpu      ] GC(1292) User=0.03s Sys=0.00s Real=0.02s
[564.177s][info][gc,marking  ] GC(1292) Concurrent Mark 111.945ms
[564.177s][info][gc,marking  ] GC(1292) Concurrent Rebuild Remembered Sets and Scrub Regions
[564.235s][info][gc,marking  ] GC(1292) Concurrent Rebuild Remembered Sets and Scrub Regions 57.316ms
[564.235s][info][gc,start    ] GC(1292) Pause Cleanup
[564.235s][info][gc          ] GC(1292) Pause Cleanup 174M->174M(291M) 0.044ms
[564.235s][info][gc,cpu      ] GC(1292) User=0.00s Sys=0.00s Real=0.00s
[564.235s][info][gc,marking  ] GC(1292) Concurrent Clear Claimed Marks
[564.235s][info][gc,marking  ] GC(1292) Concurrent Clear Claimed Marks 0.046ms
[564.235s][info][gc,marking  ] GC(1292) Concurrent Cleanup for Next Mark
[564.236s][info][gc,marking  ] GC(1292) Concurrent Cleanup for Next Mark 0.814ms
[564.236s][info][gc          ] GC(1292) Concurrent Mark Cycle 184.096ms
[564.414s][info][gc,start    ] GC(1293) Pause Young (Prepare Mixed) (G1 Evacuation Pause)
[564.415s][info][gc,task     ] GC(1293) Using 2 workers of 2 for evacuation
[564.436s][info][gc,phases   ] GC(1293)   Pre Evacuate Collection Set: 0.17ms
[564.436s][info][gc,phases   ] GC(1293)   Merge Heap Roots: 0.13ms
[564.436s][info][gc,phases   ] GC(1293)   Evacuate Collection Set: 20.73ms
[564.436s][info][gc,phases   ] GC(1293)   Post Evacuate Collection Set: 0.38ms
[564.436s][info][gc,phases   ] GC(1293)   Other: 0.07ms
[564.436s][info][gc,heap     ] GC(1293) Eden regions: 130->0(122)
[564.436s][info][gc,heap     ] GC(1293) Survivor regions: 2->16(17)
[564.436s][info][gc,heap     ] GC(1293) Old regions: 110->110
[564.436s][info][gc,heap     ] GC(1293) Humongous regions: 9->9
[564.436s][info][gc,metaspace] GC(1293) Metaspace: 43169K(43584K)->43169K(43584K) NonClass: 40349K(40640K)->40349K(40640K) Class: 2820K(2944K)->2820K(2944K)
[564.436s][info][gc          ] GC(1293) Pause Young (Prepare Mixed) (G1 Evacuation Pause) 250M->134M(291M) 21.694ms
[564.436s][info][gc,cpu      ] GC(1293) User=0.04s Sys=0.00s Real=0.02s
[565.586s][info][gc,start    ] GC(1294) Pause Young (Mixed) (G1 Evacuation Pause)
[565.586s][info][gc,task     ] GC(1294) Using 2 workers of 2 for evacuation
[565.623s][info][gc,phases   ] GC(1294)   Pre Evacuate Collection Set: 0.18ms
[565.623s][info][gc,phases   ] GC(1294)   Merge Heap Roots: 0.21ms
[565.623s][info][gc,phases   ] GC(1294)   Evacuate Collection Set: 34.82ms
[565.623s][info][gc,phases   ] GC(1294)   Post Evacuate Collection Set: 1.26ms
[565.623s][info][gc,phases   ] GC(1294)   Other: 0.07ms
[565.623s][info][gc,heap     ] GC(1294) Eden regions: 122->0(205)
[565.623s][info][gc,heap     ] GC(1294) Survivor regions: 16->8(18)
[565.623s][info][gc,heap     ] GC(1294) Old regions: 110->117
[565.623s][info][gc,heap     ] GC(1294) Humongous regions: 17->15
[565.623s][info][gc,metaspace] GC(1294) Metaspace: 43169K(43584K)->43169K(43584K) NonClass: 40349K(40640K)->40349K(40640K) Class: 2820K(2944K)->2820K(2944K)
[565.623s][info][gc          ] GC(1294) Pause Young (Mixed) (G1 Evacuation Pause) 264M->140M(400M) 36.726ms
[565.623s][info][gc,cpu      ] GC(1294) User=0.07s Sys=0.00s Real=0.04s
[566.465s][info][gc,start    ] GC(1295) Pause Young (Concurrent Start) (G1 Evacuation Pause)
[566.465s][info][gc,task     ] GC(1295) Using 2 workers of 2 for evacuation
[566.487s][info][gc,phases   ] GC(1295)   Pre Evacuate Collection Set: 0.23ms
[566.487s][info][gc,phases   ] GC(1295)   Merge Heap Roots: 0.14ms
[566.487s][info][gc,phases   ] GC(1295)   Evacuate Collection Set: 20.59ms
[566.487s][info][gc,phases   ] GC(1295)   Post Evacuate Collection Set: 0.44ms
[566.487s][info][gc,phases   ] GC(1295)   Other: 0.10ms
[566.487s][info][gc,heap     ] GC(1295) Eden regions: 205->0(201)
[566.487s][info][gc,heap     ] GC(1295) Survivor regions: 8->16(27)
[566.487s][info][gc,heap     ] GC(1295) Old regions: 117->117
[566.487s][info][gc,heap     ] GC(1295) Humongous regions: 15->15
[566.487s][info][gc,metaspace] GC(1295) Metaspace: 43169K(43584K)->43169K(43584K) NonClass: 40349K(40640K)->40349K(40640K) Class: 2820K(2944K)->2820K(2944K)
[566.487s][info][gc          ] GC(1295) Pause Young (Concurrent Start) (G1 Evacuation Pause) 345M->148M(400M) 21.689ms
[566.487s][info][gc          ] GC(1296) Concurrent Mark Cycle
[566.487s][info][gc,cpu      ] GC(1295) User=0.04s Sys=0.00s Real=0.02s
[566.487s][info][gc,marking  ] GC(1296) Concurrent Scan Root Regions
[566.499s][info][gc,marking  ] GC(1296) Concurrent Scan Root Regions 12.477ms
[566.499s][info][gc,marking  ] GC(1296) Concurrent Mark
[566.499s][info][gc,marking  ] GC(1296) Concurrent Mark From Roots
[566.499s][info][gc,task     ] GC(1296) Using 1 workers of 1 for marking
[566.535s][info][gc,marking  ] GC(1296) Concurrent Mark From Roots 35.549ms
[566.535s][info][gc,marking  ] GC(1296) Concurrent Preclean
[566.535s][info][gc,marking  ] GC(1296) Concurrent Preclean 0.036ms
[566.535s][info][gc,start    ] GC(1296) Pause Remark
[566.550s][info][gc          ] GC(1296) Pause Remark 157M->130M(400M) 15.108ms
[566.550s][info][gc,cpu      ] GC(1296) User=0.03s Sys=0.00s Real=0.01s
[566.550s][info][gc,marking  ] GC(1296) Concurrent Mark 50.956ms
[566.550s][info][gc,marking  ] GC(1296) Concurrent Rebuild Remembered Sets and Scrub Regions
[566.564s][info][gc,marking  ] GC(1296) Concurrent Rebuild Remembered Sets and Scrub Regions 13.791ms
[566.564s][info][gc,start    ] GC(1296) Pause Cleanup
[566.564s][info][gc          ] GC(1296) Pause Cleanup 132M->132M(400M) 0.062ms
[566.564s][info][gc,cpu      ] GC(1296) User=0.00s Sys=0.00s Real=0.00s
[566.564s][info][gc,marking  ] GC(1296) Concurrent Clear Claimed Marks
[566.564s][info][gc,marking  ] GC(1296) Concurrent Clear Claimed Marks 0.031ms
[566.564s][info][gc,marking  ] GC(1296) Concurrent Cleanup for Next Mark
[566.567s][info][gc,marking  ] GC(1296) Concurrent Cleanup for Next Mark 2.172ms
[566.567s][info][gc          ] GC(1296) Concurrent Mark Cycle 79.781ms
[567.566s][info][gc,start    ] GC(1297) Pause Young (Prepare Mixed) (G1 Evacuation Pause)
[567.566s][info][gc,task     ] GC(1297) Using 2 workers of 2 for evacuation
[567.572s][info][gc,phases   ] GC(1297)   Pre Evacuate Collection Set: 0.19ms
[567.572s][info][gc,phases   ] GC(1297)   Merge Heap Roots: 0.13ms
[567.572s][info][gc,phases   ] GC(1297)   Evacuate Collection Set: 5.02ms
[567.572s][info][gc,phases   ] GC(1297)   Post Evacuate Collection Set: 0.43ms
[567.572s][info][gc,phases   ] GC(1297)   Other: 0.08ms
[567.572s][info][gc,heap     ] GC(1297) Eden regions: 201->0(233)
[567.572s][info][gc,heap     ] GC(1297) Survivor regions: 16->7(28)
[567.572s][info][gc,heap     ] GC(1297) Old regions: 104->105
[567.572s][info][gc,heap     ] GC(1297) Humongous regions: 1->1
[567.572s][info][gc,metaspace] GC(1297) Metaspace: 43169K(43584K)->43169K(43584K) NonClass: 40349K(40640K)->40349K(40640K) Class: 2820K(2944K)->2820K(2944K)
[567.572s][info][gc          ] GC(1297) Pause Young (Prepare Mixed) (G1 Evacuation Pause) 322M->112M(400M) 6.026ms
[567.572s][info][gc,cpu      ] GC(1297) User=0.01s Sys=0.00s Real=0.01s
[568.794s][info][gc,start    ] GC(1298) Pause Young (Mixed) (G1 Evacuation Pause)
[568.794s][info][gc,task     ] GC(1298) Using 2 workers of 2 for evacuation
[568.800s][info][gc,phases   ] GC(1298)   Pre Evacuate Collection Set: 0.23ms
[568.800s][info][gc,phases   ] GC(1298)   Merge Heap Roots: 0.10ms
[568.800s][info][gc,phases   ] GC(1298)   Evacuate Collection Set: 4.96ms
[568.800s][info][gc,phases   ] GC(1298)   Post Evacuate Collection Set: 0.45ms
[568.800s][info][gc,phases   ] GC(1298)   Other: 0.09ms
[568.800s][info][gc,heap     ] GC(1298) Eden regions: 233->0(233)
[568.800s][info][gc,heap     ] GC(1298) Survivor regions: 7->7(30)
[568.800s][info][gc,heap     ] GC(1298) Old regions: 105->65
[568.800s][info][gc,heap     ] GC(1298) Humongous regions: 1->1
[568.800s][info][gc,metaspace] GC(1298) Metaspace: 43169K(43584K)->43169K(43584K) NonClass: 40349K(40640K)->40349K(40640K) Class: 2820K(2944K)->2820K(2944K)
[568.800s][info][gc          ] GC(1298) Pause Young (Mixed) (G1 Evacuation Pause) 345M->72M(400M) 6.008ms
[568.800s][info][gc,cpu      ] GC(1298) User=0.01s Sys=0.00s Real=0.00s
[570.019s][info][gc,start    ] GC(1299) Pause Young (Mixed) (G1 Evacuation Pause)
[570.019s][info][gc,task     ] GC(1299) Using 2 workers of 2 for evacuation
[570.025s][info][gc,phases   ] GC(1299)   Pre Evacuate Collection Set: 0.27ms
[570.025s][info][gc,phases   ] GC(1299)   Merge Heap Roots: 0.10ms
[570.025s][info][gc,phases   ] GC(1299)   Evacuate Collection Set: 5.20ms
[570.025s][info][gc,phases   ] GC(1299)   Post Evacuate Collection Set: 0.46ms
[570.025s][info][gc,phases   ] GC(1299)   Other: 0.07ms
[570.025s][info][gc,heap     ] GC(1299) Eden regions: 233->0(232)
[570.025s][info][gc,heap     ] GC(1299) Survivor regions: 7->8(30)
[570.025s][info][gc,heap     ] GC(1299) Old regions: 65->44
[570.025s][info][gc,heap     ] GC(1299) Humongous regions: 2->1
[570.025s][info][gc,metaspace] GC(1299) Metaspace: 43169K(43584K)->43169K(43584K) NonClass: 40349K(40640K)->40349K(40640K) Class: 2820K(2944K)->2820K(2944K)
[570.025s][info][gc          ] GC(1299) Pause Young (Mixed) (G1 Evacuation Pause) 306M->51M(400M) 6.266ms
[570.025s][info][gc,cpu      ] GC(1299) User=0.02s Sys=0.00s Real=0.01s
[570.423s][info][gc,start    ] GC(1300) Pause Young (Concurrent Start) (G1 Humongous Allocation)
[570.423s][info][gc,task     ] GC(1300) Using 2 workers of 2 for evacuation
[570.429s][info][gc,phases   ] GC(1300)   Pre Evacuate Collection Set: 0.20ms
[570.429s][info][gc,phases   ] GC(1300)   Merge Heap Roots: 0.05ms
[570.429s][info][gc,phases   ] GC(1300)   Evacuate Collection Set: 4.82ms
[570.429s][info][gc,phases   ] GC(1300)   Post Evacuate Collection Set: 0.41ms
[570.429s][info][gc,phases   ] GC(1300)   Other: 0.08ms
[570.429s][info][gc,heap     ] GC(1300) Eden regions: 88->0(233)
[570.429s][info][gc,heap     ] GC(1300) Survivor regions: 8->7(30)
[570.429s][info][gc,heap     ] GC(1300) Old regions: 44->44
[570.429s][info][gc,heap     ] GC(1300) Humongous regions: 1->1
[570.429s][info][gc,metaspace] GC(1300) Metaspace: 43169K(43584K)->43169K(43584K) NonClass: 40349K(40640K)->40349K(40640K) Class: 2820K(2944K)->2820K(2944K)
[570.429s][info][gc          ] GC(1300) Pause Young (Concurrent Start) (G1 Humongous Allocation) 138M->51M(400M) 5.740ms
[570.429s][info][gc          ] GC(1301) Concurrent Mark Cycle
[570.429s][info][gc,marking  ] GC(1301) Concurrent Scan Root Regions
[570.431s][info][gc,cpu      ] GC(1300) User=0.01s Sys=0.01s Real=0.00s
[570.436s][info][gc,marking  ] GC(1301) Concurrent Scan Root Regions 7.535ms
[570.436s][info][gc,marking  ] GC(1301) Concurrent Mark
[570.436s][info][gc,marking  ] GC(1301) Concurrent Mark From Roots
[570.436s][info][gc,task     ] GC(1301) Using 1 workers of 1 for marking
[570.475s][info][gc,marking  ] GC(1301) Concurrent Mark From Roots 38.820ms
[570.475s][info][gc,marking  ] GC(1301) Concurrent Preclean
[570.475s][info][gc,marking  ] GC(1301) Concurrent Preclean 0.034ms
[570.475s][info][gc,start    ] GC(1301) Pause Remark
[570.490s][info][gc          ] GC(1301) Pause Remark 64M->62M(256M) 15.075ms
[570.491s][info][gc,cpu      ] GC(1301) User=0.03s Sys=0.00s Real=0.01s
[570.491s][info][gc,marking  ] GC(1301) Concurrent Mark 54.203ms
[570.491s][info][gc,marking  ] GC(1301) Concurrent Rebuild Remembered Sets and Scrub Regions
[570.504s][info][gc,marking  ] GC(1301) Concurrent Rebuild Remembered Sets and Scrub Regions 13.852ms
[570.505s][info][gc,start    ] GC(1301) Pause Cleanup
[570.505s][info][gc          ] GC(1301) Pause Cleanup 66M->66M(256M) 0.037ms
[570.505s][info][gc,cpu      ] GC(1301) User=0.00s Sys=0.00s Real=0.00s
[570.505s][info][gc,marking  ] GC(1301) Concurrent Clear Claimed Marks
[570.505s][info][gc,marking  ] GC(1301) Concurrent Clear Claimed Marks 0.033ms
[570.505s][info][gc,marking  ] GC(1301) Concurrent Cleanup for Next Mark
[570.506s][info][gc,marking  ] GC(1301) Concurrent Cleanup for Next Mark 0.942ms
[570.506s][info][gc          ] GC(1301) Concurrent Mark Cycle 76.878ms
[571.094s][info][gc,start    ] GC(1302) Pause Young (Prepare Mixed) (G1 Evacuation Pause)
[571.094s][info][gc,task     ] GC(1302) Using 2 workers of 2 for evacuation
[571.101s][info][gc,phases   ] GC(1302)   Pre Evacuate Collection Set: 0.15ms
[571.101s][info][gc,phases   ] GC(1302)   Merge Heap Roots: 0.06ms
[571.101s][info][gc,phases   ] GC(1302)   Evacuate Collection Set: 5.65ms
[571.101s][info][gc,phases   ] GC(1302)   Post Evacuate Collection Set: 0.38ms
[571.101s][info][gc,phases   ] GC(1302)   Other: 0.07ms
[571.101s][info][gc,heap     ] GC(1302) Eden regions: 146->0(144)
[571.101s][info][gc,heap     ] GC(1302) Survivor regions: 7->9(20)
[571.101s][info][gc,heap     ] GC(1302) Old regions: 42->42
[571.101s][info][gc,heap     ] GC(1302) Humongous regions: 15->3
[571.101s][info][gc,metaspace] GC(1302) Metaspace: 43169K(43584K)->43169K(43584K) NonClass: 40349K(40640K)->40349K(40640K) Class: 2820K(2944K)->2820K(2944K)
[571.101s][info][gc          ] GC(1302) Pause Young (Prepare Mixed) (G1 Evacuation Pause) 209M->53M(256M) 6.487ms
[571.101s][info][gc,cpu      ] GC(1302) User=0.02s Sys=0.00s Real=0.00s
[571.634s][info][gc,start    ] GC(1303) Pause Young (Mixed) (G1 Evacuation Pause)
[571.634s][info][gc,task     ] GC(1303) Using 2 workers of 2 for evacuation
[571.650s][info][gc,phases   ] GC(1303)   Pre Evacuate Collection Set: 0.15ms
[571.650s][info][gc,phases   ] GC(1303)   Merge Heap Roots: 0.07ms
[571.650s][info][gc,phases   ] GC(1303)   Evacuate Collection Set: 15.41ms
[571.650s][info][gc,phases   ] GC(1303)   Post Evacuate Collection Set: 0.41ms
[571.650s][info][gc,phases   ] GC(1303)   Other: 0.08ms
[571.650s][info][gc,heap     ] GC(1303) Eden regions: 144->0(133)
[571.650s][info][gc,heap     ] GC(1303) Survivor regions: 9->20(20)
[571.650s][info][gc,heap     ] GC(1303) Old regions: 42->39
[571.650s][info][gc,heap     ] GC(1303) Humongous regions: 10->3
[571.650s][info][gc,metaspace] GC(1303) Metaspace: 43169K(43584K)->43169K(43584K) NonClass: 40349K(40640K)->40349K(40640K) Class: 2820K(2944K)->2820K(2944K)
[571.650s][info][gc          ] GC(1303) Pause Young (Mixed) (G1 Evacuation Pause) 204M->61M(256M) 16.317ms
[571.650s][info][gc,cpu      ] GC(1303) User=0.03s Sys=0.00s Real=0.01s
[571.691s][info][gc,start    ] GC(1304) Pause Young (Concurrent Start) (G1 Humongous Allocation)
[571.691s][info][gc,task     ] GC(1304) Using 2 workers of 2 for evacuation
[571.706s][info][gc,phases   ] GC(1304)   Pre Evacuate Collection Set: 0.19ms
[571.706s][info][gc,phases   ] GC(1304)   Merge Heap Roots: 0.05ms
[571.706s][info][gc,phases   ] GC(1304)   Evacuate Collection Set: 14.14ms
[571.706s][info][gc,phases   ] GC(1304)   Post Evacuate Collection Set: 0.31ms
[571.706s][info][gc,phases   ] GC(1304)   Other: 0.08ms
[571.706s][info][gc,heap     ] GC(1304) Eden regions: 12->0(150)
[571.706s][info][gc,heap     ] GC(1304) Survivor regions: 20->3(20)
[571.706s][info][gc,heap     ] GC(1304) Old regions: 39->57
[571.706s][info][gc,heap     ] GC(1304) Humongous regions: 3->3
[571.706s][info][gc,metaspace] GC(1304) Metaspace: 43169K(43584K)->43169K(43584K) NonClass: 40349K(40640K)->40349K(40640K) Class: 2820K(2944K)->2820K(2944K)
[571.706s][info][gc          ] GC(1304) Pause Young (Concurrent Start) (G1 Humongous Allocation) 72M->62M(256M) 14.961ms
[571.706s][info][gc          ] GC(1305) Concurrent Mark Cycle
[571.706s][info][gc,marking  ] GC(1305) Concurrent Scan Root Regions
[571.706s][info][gc,cpu      ] GC(1304) User=0.03s Sys=0.00s Real=0.02s
[571.723s][info][gc,marking  ] GC(1305) Concurrent Scan Root Regions 16.827ms
[571.723s][info][gc,marking  ] GC(1305) Concurrent Mark
[571.723s][info][gc,marking  ] GC(1305) Concurrent Mark From Roots
[571.723s][info][gc,task     ] GC(1305) Using 1 workers of 1 for marking
[571.765s][info][gc,marking  ] GC(1305) Concurrent Mark From Roots 42.188ms
[571.765s][info][gc,marking  ] GC(1305) Concurrent Preclean
[571.765s][info][gc,marking  ] GC(1305) Concurrent Preclean 0.056ms
[571.766s][info][gc,start    ] GC(1305) Pause Remark
[571.795s][info][gc          ] GC(1305) Pause Remark 74M->74M(256M) 28.440ms
[571.795s][info][gc,cpu      ] GC(1305) User=0.03s Sys=0.00s Real=0.03s
[571.795s][info][gc,marking  ] GC(1305) Concurrent Mark 72.191ms
[571.795s][info][gc,marking  ] GC(1305) Concurrent Rebuild Remembered Sets and Scrub Regions
[571.820s][info][gc,marking  ] GC(1305) Concurrent Rebuild Remembered Sets and Scrub Regions 25.658ms
[571.820s][info][gc,start    ] GC(1305) Pause Cleanup
[571.821s][info][gc          ] GC(1305) Pause Cleanup 81M->81M(256M) 0.037ms
[571.821s][info][gc,cpu      ] GC(1305) User=0.00s Sys=0.00s Real=0.00s
[571.821s][info][gc,marking  ] GC(1305) Concurrent Clear Claimed Marks
[571.821s][info][gc,marking  ] GC(1305) Concurrent Clear Claimed Marks 0.033ms
[571.821s][info][gc,marking  ] GC(1305) Concurrent Cleanup for Next Mark
[571.821s][info][gc,marking  ] GC(1305) Concurrent Cleanup for Next Mark 0.806ms
[571.821s][info][gc          ] GC(1305) Concurrent Mark Cycle 115.739ms
[572.312s][info][gc,start    ] GC(1306) Pause Young (Prepare Mixed) (G1 Evacuation Pause)
[572.312s][info][gc,task     ] GC(1306) Using 2 workers of 2 for evacuation
[572.323s][info][gc,phases   ] GC(1306)   Pre Evacuate Collection Set: 0.18ms
[572.323s][info][gc,phases   ] GC(1306)   Merge Heap Roots: 0.11ms
[572.323s][info][gc,phases   ] GC(1306)   Evacuate Collection Set: 9.74ms
[572.323s][info][gc,phases   ] GC(1306)   Post Evacuate Collection Set: 0.43ms
[572.323s][info][gc,phases   ] GC(1306)   Other: 0.08ms
[572.323s][info][gc,heap     ] GC(1306) Eden regions: 150->0(144)
[572.323s][info][gc,heap     ] GC(1306) Survivor regions: 3->9(20)
[572.323s][info][gc,heap     ] GC(1306) Old regions: 57->57
[572.323s][info][gc,heap     ] GC(1306) Humongous regions: 12->3
[572.323s][info][gc,metaspace] GC(1306) Metaspace: 43169K(43584K)->43169K(43584K) NonClass: 40349K(40640K)->40349K(40640K) Class: 2820K(2944K)->2820K(2944K)
[572.323s][info][gc          ] GC(1306) Pause Young (Prepare Mixed) (G1 Evacuation Pause) 221M->67M(256M) 10.709ms
[572.323s][info][gc,cpu      ] GC(1306) User=0.02s Sys=0.00s Real=0.01s
[572.835s][info][gc,start    ] GC(1307) Pause Young (Mixed) (G1 Evacuation Pause)
[572.836s][info][gc,task     ] GC(1307) Using 2 workers of 2 for evacuation
[572.887s][info][gc,phases   ] GC(1307)   Pre Evacuate Collection Set: 0.28ms
[572.887s][info][gc,phases   ] GC(1307)   Merge Heap Roots: 0.12ms
[572.887s][info][gc,phases   ] GC(1307)   Evacuate Collection Set: 50.04ms
[572.887s][info][gc,phases   ] GC(1307)   Post Evacuate Collection Set: 0.49ms
[572.887s][info][gc,phases   ] GC(1307)   Other: 0.07ms
[572.887s][info][gc,heap     ] GC(1307) Eden regions: 144->0(133)
[572.887s][info][gc,heap     ] GC(1307) Survivor regions: 9->20(20)
[572.887s][info][gc,heap     ] GC(1307) Old regions: 57->61
[572.887s][info][gc,heap     ] GC(1307) Humongous regions: 5->3
[572.887s][info][gc,metaspace] GC(1307) Metaspace: 43169K(43584K)->43169K(43584K) NonClass: 40349K(40640K)->40349K(40640K) Class: 2820K(2944K)->2820K(2944K)
[572.887s][info][gc          ] GC(1307) Pause Young (Mixed) (G1 Evacuation Pause) 213M->84M(256M) 51.191ms
[572.887s][info][gc,cpu      ] GC(1307) User=0.06s Sys=0.00s Real=0.05s
[573.100s][info][gc,start    ] GC(1308) Pause Young (Concurrent Start) (G1 Humongous Allocation)
[573.100s][info][gc,task     ] GC(1308) Using 2 workers of 2 for evacuation
[573.130s][info][gc,phases   ] GC(1308)   Pre Evacuate Collection Set: 0.18ms
[573.130s][info][gc,phases   ] GC(1308)   Merge Heap Roots: 0.25ms
[573.130s][info][gc,phases   ] GC(1308)   Evacuate Collection Set: 28.47ms
[573.130s][info][gc,phases   ] GC(1308)   Post Evacuate Collection Set: 0.34ms
[573.130s][info][gc,phases   ] GC(1308)   Other: 0.11ms
[573.130s][info][gc,heap     ] GC(1308) Eden regions: 51->0(131)
[573.130s][info][gc,heap     ] GC(1308) Survivor regions: 20->6(20)
[573.130s][info][gc,heap     ] GC(1308) Old regions: 61->77
[573.130s][info][gc,heap     ] GC(1308) Humongous regions: 3->1
[573.130s][info][gc,metaspace] GC(1308) Metaspace: 43169K(43584K)->43169K(43584K) NonClass: 40349K(40640K)->40349K(40640K) Class: 2820K(2944K)->2820K(2944K)
[573.130s][info][gc          ] GC(1308) Pause Young (Concurrent Start) (G1 Humongous Allocation) 134M->84M(256M) 29.536ms
[573.130s][info][gc          ] GC(1309) Concurrent Mark Cycle
[573.130s][info][gc,marking  ] GC(1309) Concurrent Scan Root Regions
[573.130s][info][gc,cpu      ] GC(1308) User=0.05s Sys=0.00s Real=0.03s
[573.160s][info][gc,marking  ] GC(1309) Concurrent Scan Root Regions 29.888ms
[573.160s][info][gc,marking  ] GC(1309) Concurrent Mark
[573.160s][info][gc,marking  ] GC(1309) Concurrent Mark From Roots
[573.160s][info][gc,task     ] GC(1309) Using 1 workers of 1 for marking
[573.224s][info][gc,marking  ] GC(1309) Concurrent Mark From Roots 64.727ms
[573.224s][info][gc,marking  ] GC(1309) Concurrent Preclean
[573.224s][info][gc,marking  ] GC(1309) Concurrent Preclean 0.039ms
[573.225s][info][gc,start    ] GC(1309) Pause Remark
[573.240s][info][gc          ] GC(1309) Pause Remark 107M->107M(256M) 15.508ms
[573.240s][info][gc,cpu      ] GC(1309) User=0.03s Sys=0.00s Real=0.01s
[573.240s][info][gc,marking  ] GC(1309) Concurrent Mark 80.470ms
[573.240s][info][gc,marking  ] GC(1309) Concurrent Rebuild Remembered Sets and Scrub Regions
[573.276s][info][gc,marking  ] GC(1309) Concurrent Rebuild Remembered Sets and Scrub Regions 35.924ms
[573.276s][info][gc,start    ] GC(1309) Pause Cleanup
[573.276s][info][gc          ] GC(1309) Pause Cleanup 107M->107M(256M) 0.035ms
[573.276s][info][gc,cpu      ] GC(1309) User=0.00s Sys=0.00s Real=0.00s
[573.276s][info][gc,marking  ] GC(1309) Concurrent Clear Claimed Marks
[573.276s][info][gc,marking  ] GC(1309) Concurrent Clear Claimed Marks 0.031ms
[573.276s][info][gc,marking  ] GC(1309) Concurrent Cleanup for Next Mark
[573.277s][info][gc,marking  ] GC(1309) Concurrent Cleanup for Next Mark 0.777ms
[573.277s][info][gc          ] GC(1309) Concurrent Mark Cycle 147.325ms
[573.662s][info][gc,start    ] GC(1310) Pause Young (Prepare Mixed) (G1 Evacuation Pause)
[573.662s][info][gc,task     ] GC(1310) Using 2 workers of 2 for evacuation
[573.686s][info][gc,phases   ] GC(1310)   Pre Evacuate Collection Set: 0.20ms
[573.686s][info][gc,phases   ] GC(1310)   Merge Heap Roots: 0.14ms
[573.686s][info][gc,phases   ] GC(1310)   Evacuate Collection Set: 23.08ms
[573.686s][info][gc,phases   ] GC(1310)   Post Evacuate Collection Set: 0.58ms
[573.686s][info][gc,phases   ] GC(1310)   Other: 0.09ms
[573.686s][info][gc,heap     ] GC(1310) Eden regions: 131->0(128)
[573.686s][info][gc,heap     ] GC(1310) Survivor regions: 6->12(18)
[573.686s][info][gc,heap     ] GC(1310) Old regions: 77->77
[573.686s][info][gc,heap     ] GC(1310) Humongous regions: 15->3
[573.686s][info][gc,metaspace] GC(1310) Metaspace: 43186K(43584K)->43186K(43584K) NonClass: 40366K(40640K)->40366K(40640K) Class: 2820K(2944K)->2820K(2944K)
[573.686s][info][gc          ] GC(1310) Pause Young (Prepare Mixed) (G1 Evacuation Pause) 229M->91M(256M) 24.286ms
[573.686s][info][gc,cpu      ] GC(1310) User=0.02s Sys=0.00s Real=0.02s
[574.117s][info][gc,start    ] GC(1311) Pause Young (Mixed) (G1 Evacuation Pause)
[574.117s][info][gc,task     ] GC(1311) Using 2 workers of 2 for evacuation
[574.133s][info][gc,phases   ] GC(1311)   Pre Evacuate Collection Set: 0.18ms
[574.133s][info][gc,phases   ] GC(1311)   Merge Heap Roots: 0.14ms
[574.133s][info][gc,phases   ] GC(1311)   Evacuate Collection Set: 14.28ms
[574.133s][info][gc,phases   ] GC(1311)   Post Evacuate Collection Set: 0.46ms
[574.133s][info][gc,phases   ] GC(1311)   Other: 0.07ms
[574.133s][info][gc,heap     ] GC(1311) Eden regions: 128->0(132)
[574.133s][info][gc,heap     ] GC(1311) Survivor regions: 12->8(18)
[574.133s][info][gc,heap     ] GC(1311) Old regions: 77->79
[574.133s][info][gc,heap     ] GC(1311) Humongous regions: 13->3
[574.133s][info][gc,metaspace] GC(1311) Metaspace: 43186K(43584K)->43186K(43584K) NonClass: 40366K(40640K)->40366K(40640K) Class: 2820K(2944K)->2820K(2944K)
[574.133s][info][gc          ] GC(1311) Pause Young (Mixed) (G1 Evacuation Pause) 229M->89M(256M) 15.337ms
[574.133s][info][gc,cpu      ] GC(1311) User=0.03s Sys=0.00s Real=0.02s
[574.270s][info][gc,start    ] GC(1312) Pause Young (Concurrent Start) (G1 Humongous Allocation)
[574.270s][info][gc,task     ] GC(1312) Using 2 workers of 2 for evacuation
[574.273s][info][gc,phases   ] GC(1312)   Pre Evacuate Collection Set: 0.17ms
[574.273s][info][gc,phases   ] GC(1312)   Merge Heap Roots: 0.04ms
[574.273s][info][gc,phases   ] GC(1312)   Evacuate Collection Set: 1.89ms
[574.273s][info][gc,phases   ] GC(1312)   Post Evacuate Collection Set: 0.31ms
[574.273s][info][gc,phases   ] GC(1312)   Other: 0.09ms
[574.273s][info][gc,heap     ] GC(1312) Eden regions: 32->0(143)
[574.273s][info][gc,heap     ] GC(1312) Survivor regions: 8->2(18)
[574.273s][info][gc,heap     ] GC(1312) Old regions: 79->79
[574.273s][info][gc,heap     ] GC(1312) Humongous regions: 3->1
[574.273s][info][gc,metaspace] GC(1312) Metaspace: 43186K(43584K)->43186K(43584K) NonClass: 40366K(40640K)->40366K(40640K) Class: 2820K(2944K)->2820K(2944K)
[574.273s][info][gc          ] GC(1312) Pause Young (Concurrent Start) (G1 Humongous Allocation) 121M->81M(256M) 2.650ms
[574.273s][info][gc,cpu      ] GC(1312) User=0.00s Sys=0.00s Real=0.01s
[574.273s][info][gc          ] GC(1313) Concurrent Mark Cycle
[574.273s][info][gc,marking  ] GC(1313) Concurrent Scan Root Regions
[574.275s][info][gc,marking  ] GC(1313) Concurrent Scan Root Regions 1.990ms
[574.275s][info][gc,marking  ] GC(1313) Concurrent Mark
[574.275s][info][gc,marking  ] GC(1313) Concurrent Mark From Roots
[574.275s][info][gc,task     ] GC(1313) Using 1 workers of 1 for marking
[574.324s][info][gc,marking  ] GC(1313) Concurrent Mark From Roots 48.997ms
[574.324s][info][gc,marking  ] GC(1313) Concurrent Preclean
[574.324s][info][gc,marking  ] GC(1313) Concurrent Preclean 0.039ms
[574.324s][info][gc,start    ] GC(1313) Pause Remark
[574.340s][info][gc          ] GC(1313) Pause Remark 97M->85M(256M) 15.297ms
[574.340s][info][gc,cpu      ] GC(1313) User=0.03s Sys=0.00s Real=0.01s
[574.340s][info][gc,marking  ] GC(1313) Concurrent Mark 65.194ms
[574.340s][info][gc,marking  ] GC(1313) Concurrent Rebuild Remembered Sets and Scrub Regions
[574.365s][info][gc,marking  ] GC(1313) Concurrent Rebuild Remembered Sets and Scrub Regions 24.659ms
[574.365s][info][gc,start    ] GC(1313) Pause Cleanup
[574.365s][info][gc          ] GC(1313) Pause Cleanup 91M->91M(256M) 0.054ms
[574.365s][info][gc,cpu      ] GC(1313) User=0.00s Sys=0.00s Real=0.00s
[574.365s][info][gc,marking  ] GC(1313) Concurrent Clear Claimed Marks
[574.365s][info][gc,marking  ] GC(1313) Concurrent Clear Claimed Marks 0.036ms
[574.365s][info][gc,marking  ] GC(1313) Concurrent Cleanup for Next Mark
[574.366s][info][gc,marking  ] GC(1313) Concurrent Cleanup for Next Mark 0.761ms
[574.366s][info][gc          ] GC(1313) Concurrent Mark Cycle 93.061ms
[574.817s][info][gc,start    ] GC(1314) Pause Young (Prepare Mixed) (G1 Evacuation Pause)
[574.817s][info][gc,task     ] GC(1314) Using 2 workers of 2 for evacuation
[574.823s][info][gc,phases   ] GC(1314)   Pre Evacuate Collection Set: 0.15ms
[574.823s][info][gc,phases   ] GC(1314)   Merge Heap Roots: 0.06ms
[574.823s][info][gc,phases   ] GC(1314)   Evacuate Collection Set: 5.43ms
[574.823s][info][gc,phases   ] GC(1314)   Post Evacuate Collection Set: 0.41ms
[574.823s][info][gc,phases   ] GC(1314)   Other: 0.07ms
[574.823s][info][gc,heap     ] GC(1314) Eden regions: 143->0(145)
[574.823s][info][gc,heap     ] GC(1314) Survivor regions: 2->8(19)
[574.823s][info][gc,heap     ] GC(1314) Old regions: 67->67
[574.823s][info][gc,heap     ] GC(1314) Humongous regions: 15->3
[574.823s][info][gc,metaspace] GC(1314) Metaspace: 43186K(43584K)->43186K(43584K) NonClass: 40366K(40640K)->40366K(40640K) Class: 2820K(2944K)->2820K(2944K)
[574.823s][info][gc          ] GC(1314) Pause Young (Prepare Mixed) (G1 Evacuation Pause) 226M->77M(256M) 6.284ms
[574.823s][info][gc,cpu      ] GC(1314) User=0.01s Sys=0.00s Real=0.01s
[575.318s][info][gc,start    ] GC(1315) Pause Young (Mixed) (G1 Evacuation Pause)
[575.318s][info][gc,task     ] GC(1315) Using 2 workers of 2 for evacuation
[575.351s][info][gc,phases   ] GC(1315)   Pre Evacuate Collection Set: 0.23ms
[575.351s][info][gc,phases   ] GC(1315)   Merge Heap Roots: 0.27ms
[575.351s][info][gc,phases   ] GC(1315)   Evacuate Collection Set: 31.59ms
[575.351s][info][gc,phases   ] GC(1315)   Post Evacuate Collection Set: 0.68ms
[575.351s][info][gc,phases   ] GC(1315)   Other: 0.08ms
[575.351s][info][gc,heap     ] GC(1315) Eden regions: 145->0(133)
[575.351s][info][gc,heap     ] GC(1315) Survivor regions: 8->20(20)
[575.351s][info][gc,heap     ] GC(1315) Old regions: 67->51
[575.351s][info][gc,heap     ] GC(1315) Humongous regions: 3->3
[575.351s][info][gc,metaspace] GC(1315) Metaspace: 43186K(43584K)->43186K(43584K) NonClass: 40366K(40640K)->40366K(40640K) Class: 2820K(2944K)->2820K(2944K)
[575.351s][info][gc          ] GC(1315) Pause Young (Mixed) (G1 Evacuation Pause) 222M->74M(256M) 33.037ms
[575.351s][info][gc,cpu      ] GC(1315) User=0.07s Sys=0.00s Real=0.03s
[575.898s][info][gc,start    ] GC(1316) Pause Young (Concurrent Start) (G1 Evacuation Pause)
[575.898s][info][gc,task     ] GC(1316) Using 2 workers of 2 for evacuation
[575.921s][info][gc,phases   ] GC(1316)   Pre Evacuate Collection Set: 0.18ms
[575.921s][info][gc,phases   ] GC(1316)   Merge Heap Roots: 0.13ms
[575.921s][info][gc,phases   ] GC(1316)   Evacuate Collection Set: 22.40ms
[575.921s][info][gc,phases   ] GC(1316)   Post Evacuate Collection Set: 0.41ms
[575.921s][info][gc,phases   ] GC(1316)   Other: 0.09ms
[575.921s][info][gc,heap     ] GC(1316) Eden regions: 133->0(137)
[575.921s][info][gc,heap     ] GC(1316) Survivor regions: 20->11(20)
[575.921s][info][gc,heap     ] GC(1316) Old regions: 51->62
[575.921s][info][gc,heap     ] GC(1316) Humongous regions: 3->3
[575.921s][info][gc,metaspace] GC(1316) Metaspace: 43186K(43584K)->43186K(43584K) NonClass: 40366K(40640K)->40366K(40640K) Class: 2820K(2944K)->2820K(2944K)
[575.921s][info][gc          ] GC(1316) Pause Young (Concurrent Start) (G1 Evacuation Pause) 207M->76M(256M) 23.385ms
[575.921s][info][gc,cpu      ] GC(1316) User=0.04s Sys=0.00s Real=0.02s
[575.921s][info][gc          ] GC(1317) Concurrent Mark Cycle
[575.921s][info][gc,marking  ] GC(1317) Concurrent Scan Root Regions
[575.938s][info][gc,marking  ] GC(1317) Concurrent Scan Root Regions 16.686ms
[575.938s][info][gc,marking  ] GC(1317) Concurrent Mark
[575.938s][info][gc,marking  ] GC(1317) Concurrent Mark From Roots
[575.938s][info][gc,task     ] GC(1317) Using 1 workers of 1 for marking
[576.003s][info][gc,marking  ] GC(1317) Concurrent Mark From Roots 64.608ms
[576.003s][info][gc,marking  ] GC(1317) Concurrent Preclean
[576.003s][info][gc,marking  ] GC(1317) Concurrent Preclean 0.053ms
[576.003s][info][gc,start    ] GC(1317) Pause Remark
[576.018s][info][gc          ] GC(1317) Pause Remark 95M->95M(256M) 15.430ms
[576.018s][info][gc,cpu      ] GC(1317) User=0.03s Sys=0.00s Real=0.01s
[576.018s][info][gc,marking  ] GC(1317) Concurrent Mark 80.366ms
[576.019s][info][gc,marking  ] GC(1317) Concurrent Rebuild Remembered Sets and Scrub Regions
[576.059s][info][gc,marking  ] GC(1317) Concurrent Rebuild Remembered Sets and Scrub Regions 40.377ms
[576.059s][info][gc,start    ] GC(1317) Pause Cleanup
[576.059s][info][gc          ] GC(1317) Pause Cleanup 103M->103M(256M) 0.048ms
[576.059s][info][gc,cpu      ] GC(1317) User=0.00s Sys=0.00s Real=0.00s
[576.059s][info][gc,marking  ] GC(1317) Concurrent Clear Claimed Marks
[576.059s][info][gc,marking  ] GC(1317) Concurrent Clear Claimed Marks 0.046ms
[576.059s][info][gc,marking  ] GC(1317) Concurrent Cleanup for Next Mark
[576.060s][info][gc,marking  ] GC(1317) Concurrent Cleanup for Next Mark 0.977ms
[576.060s][info][gc          ] GC(1317) Concurrent Mark Cycle 138.988ms
[576.427s][info][gc,start    ] GC(1318) Pause Young (Prepare Mixed) (G1 Evacuation Pause)
[576.427s][info][gc,task     ] GC(1318) Using 2 workers of 2 for evacuation
[576.452s][info][gc,phases   ] GC(1318)   Pre Evacuate Collection Set: 0.16ms
[576.452s][info][gc,phases   ] GC(1318)   Merge Heap Roots: 0.15ms
[576.452s][info][gc,phases   ] GC(1318)   Evacuate Collection Set: 24.48ms
[576.452s][info][gc,phases   ] GC(1318)   Post Evacuate Collection Set: 0.41ms
[576.452s][info][gc,phases   ] GC(1318)   Other: 0.07ms
[576.452s][info][gc,heap     ] GC(1318) Eden regions: 137->0(125)
[576.452s][info][gc,heap     ] GC(1318) Survivor regions: 11->16(19)
[576.452s][info][gc,heap     ] GC(1318) Old regions: 62->73
[576.452s][info][gc,heap     ] GC(1318) Humongous regions: 7->3
[576.452s][info][gc,metaspace] GC(1318) Metaspace: 43187K(43584K)->43187K(43584K) NonClass: 40367K(40640K)->40367K(40640K) Class: 2820K(2944K)->2820K(2944K)
[576.452s][info][gc          ] GC(1318) Pause Young (Prepare Mixed) (G1 Evacuation Pause) 217M->92M(256M) 25.441ms
[576.452s][info][gc,cpu      ] GC(1318) User=0.05s Sys=0.00s Real=0.03s
[576.977s][info][gc,start    ] GC(1319) Pause Young (Mixed) (G1 Evacuation Pause)
[576.978s][info][gc,task     ] GC(1319) Using 2 workers of 2 for evacuation
[576.991s][info][gc,phases   ] GC(1319)   Pre Evacuate Collection Set: 0.23ms
[576.991s][info][gc,phases   ] GC(1319)   Merge Heap Roots: 0.11ms
[576.991s][info][gc,phases   ] GC(1319)   Evacuate Collection Set: 12.60ms
[576.991s][info][gc,phases   ] GC(1319)   Post Evacuate Collection Set: 0.76ms
[576.991s][info][gc,phases   ] GC(1319)   Other: 0.08ms
[576.991s][info][gc,heap     ] GC(1319) Eden regions: 125->0(163)
[576.991s][info][gc,heap     ] GC(1319) Survivor regions: 16->6(18)
[576.991s][info][gc,heap     ] GC(1319) Old regions: 73->76
[576.991s][info][gc,heap     ] GC(1319) Humongous regions: 11->3
[576.991s][info][gc,metaspace] GC(1319) Metaspace: 43187K(43584K)->43187K(43584K) NonClass: 40367K(40640K)->40367K(40640K) Class: 2820K(2944K)->2820K(2944K)
[576.991s][info][gc          ] GC(1319) Pause Young (Mixed) (G1 Evacuation Pause) 225M->84M(310M) 13.935ms
[576.991s][info][gc,cpu      ] GC(1319) User=0.03s Sys=0.00s Real=0.01s
[577.147s][info][gc,start    ] GC(1320) Pause Young (Concurrent Start) (G1 Humongous Allocation)
[577.147s][info][gc,task     ] GC(1320) Using 2 workers of 2 for evacuation
[577.150s][info][gc,phases   ] GC(1320)   Pre Evacuate Collection Set: 0.25ms
[577.150s][info][gc,phases   ] GC(1320)   Merge Heap Roots: 0.08ms
[577.151s][info][gc,phases   ] GC(1320)   Evacuate Collection Set: 2.26ms
[577.151s][info][gc,phases   ] GC(1320)   Post Evacuate Collection Set: 0.32ms
[577.151s][info][gc,phases   ] GC(1320)   Other: 0.09ms
[577.151s][info][gc,heap     ] GC(1320) Eden regions: 34->0(174)
[577.151s][info][gc,heap     ] GC(1320) Survivor regions: 6->2(22)
[577.151s][info][gc,heap     ] GC(1320) Old regions: 76->76
[577.151s][info][gc,heap     ] GC(1320) Humongous regions: 3->1
[577.151s][info][gc,metaspace] GC(1320) Metaspace: 43187K(43584K)->43187K(43584K) NonClass: 40367K(40640K)->40367K(40640K) Class: 2820K(2944K)->2820K(2944K)
[577.151s][info][gc          ] GC(1320) Pause Young (Concurrent Start) (G1 Humongous Allocation) 118M->78M(310M) 3.184ms
[577.151s][info][gc,cpu      ] GC(1320) User=0.01s Sys=0.00s Real=0.00s
[577.151s][info][gc          ] GC(1321) Concurrent Mark Cycle
[577.151s][info][gc,marking  ] GC(1321) Concurrent Scan Root Regions
[577.154s][info][gc,marking  ] GC(1321) Concurrent Scan Root Regions 3.718ms
[577.154s][info][gc,marking  ] GC(1321) Concurrent Mark
[577.154s][info][gc,marking  ] GC(1321) Concurrent Mark From Roots
[577.154s][info][gc,task     ] GC(1321) Using 1 workers of 1 for marking
[577.208s][info][gc,marking  ] GC(1321) Concurrent Mark From Roots 53.077ms
[577.208s][info][gc,marking  ] GC(1321) Concurrent Preclean
[577.208s][info][gc,marking  ] GC(1321) Concurrent Preclean 0.039ms
[577.208s][info][gc,start    ] GC(1321) Pause Remark
[577.223s][info][gc          ] GC(1321) Pause Remark 98M->96M(264M) 15.249ms
[577.223s][info][gc,cpu      ] GC(1321) User=0.03s Sys=0.00s Real=0.02s
[577.223s][info][gc,marking  ] GC(1321) Concurrent Mark 68.639ms
[577.223s][info][gc,marking  ] GC(1321) Concurrent Rebuild Remembered Sets and Scrub Regions
[577.243s][info][gc,marking  ] GC(1321) Concurrent Rebuild Remembered Sets and Scrub Regions 20.424ms
[577.244s][info][gc,start    ] GC(1321) Pause Cleanup
[577.244s][info][gc          ] GC(1321) Pause Cleanup 99M->99M(264M) 0.051ms
[577.244s][info][gc,cpu      ] GC(1321) User=0.00s Sys=0.00s Real=0.00s
[577.244s][info][gc,marking  ] GC(1321) Concurrent Clear Claimed Marks
[577.244s][info][gc,marking  ] GC(1321) Concurrent Clear Claimed Marks 0.033ms
[577.244s][info][gc,marking  ] GC(1321) Concurrent Cleanup for Next Mark
[577.245s][info][gc,marking  ] GC(1321) Concurrent Cleanup for Next Mark 0.859ms
[577.245s][info][gc          ] GC(1321) Concurrent Mark Cycle 94.011ms
[577.747s][info][gc,start    ] GC(1322) Pause Young (Prepare Mixed) (G1 Evacuation Pause)
[577.747s][info][gc,task     ] GC(1322) Using 2 workers of 2 for evacuation
[577.762s][info][gc,phases   ] GC(1322)   Pre Evacuate Collection Set: 0.18ms
[577.762s][info][gc,phases   ] GC(1322)   Merge Heap Roots: 0.08ms
[577.762s][info][gc,phases   ] GC(1322)   Evacuate Collection Set: 13.60ms
[577.762s][info][gc,phases   ] GC(1322)   Post Evacuate Collection Set: 0.41ms
[577.762s][info][gc,phases   ] GC(1322)   Other: 0.07ms
[577.762s][info][gc,heap     ] GC(1322) Eden regions: 156->0(136)
[577.762s][info][gc,heap     ] GC(1322) Survivor regions: 2->15(20)
[577.762s][info][gc,heap     ] GC(1322) Old regions: 74->74
[577.762s][info][gc,heap     ] GC(1322) Humongous regions: 5->3
[577.762s][info][gc,metaspace] GC(1322) Metaspace: 43187K(43584K)->43187K(43584K) NonClass: 40367K(40640K)->40367K(40640K) Class: 2820K(2944K)->2820K(2944K)
[577.762s][info][gc          ] GC(1322) Pause Young (Prepare Mixed) (G1 Evacuation Pause) 236M->91M(264M) 14.510ms
[577.762s][info][gc,cpu      ] GC(1322) User=0.03s Sys=0.00s Real=0.02s
[578.212s][info][gc,start    ] GC(1323) Pause Young (Mixed) (G1 Evacuation Pause)
[578.212s][info][gc,task     ] GC(1323) Using 2 workers of 2 for evacuation
[578.216s][info][gc,phases   ] GC(1323)   Pre Evacuate Collection Set: 0.18ms
[578.216s][info][gc,phases   ] GC(1323)   Merge Heap Roots: 0.07ms
[578.216s][info][gc,phases   ] GC(1323)   Evacuate Collection Set: 3.74ms
[578.216s][info][gc,phases   ] GC(1323)   Post Evacuate Collection Set: 0.41ms
[578.216s][info][gc,phases   ] GC(1323)   Other: 0.07ms
[578.216s][info][gc,heap     ] GC(1323) Eden regions: 136->0(155)
[578.216s][info][gc,heap     ] GC(1323) Survivor regions: 15->3(19)
[578.216s][info][gc,heap     ] GC(1323) Old regions: 74->53
[578.216s][info][gc,heap     ] GC(1323) Humongous regions: 11->3
[578.216s][info][gc,metaspace] GC(1323) Metaspace: 43187K(43584K)->43187K(43584K) NonClass: 40367K(40640K)->40367K(40640K) Class: 2820K(2944K)->2820K(2944K)
[578.217s][info][gc          ] GC(1323) Pause Young (Mixed) (G1 Evacuation Pause) 235M->57M(264M) 4.641ms
[578.217s][info][gc,cpu      ] GC(1323) User=0.01s Sys=0.00s Real=0.00s
[578.430s][info][gc,start    ] GC(1324) Pause Young (Concurrent Start) (G1 Humongous Allocation)
[578.430s][info][gc,task     ] GC(1324) Using 2 workers of 2 for evacuation
[578.435s][info][gc,phases   ] GC(1324)   Pre Evacuate Collection Set: 0.19ms
[578.435s][info][gc,phases   ] GC(1324)   Merge Heap Roots: 0.05ms
[578.435s][info][gc,phases   ] GC(1324)   Evacuate Collection Set: 4.30ms
[578.435s][info][gc,phases   ] GC(1324)   Post Evacuate Collection Set: 0.36ms
[578.435s][info][gc,phases   ] GC(1324)   Other: 0.10ms
[578.435s][info][gc,heap     ] GC(1324) Eden regions: 60->0(156)
[578.435s][info][gc,heap     ] GC(1324) Survivor regions: 3->2(20)
[578.435s][info][gc,heap     ] GC(1324) Old regions: 53->53
[578.435s][info][gc,heap     ] GC(1324) Humongous regions: 3->1
[578.435s][info][gc,metaspace] GC(1324) Metaspace: 43187K(43584K)->43187K(43584K) NonClass: 40367K(40640K)->40367K(40640K) Class: 2820K(2944K)->2820K(2944K)
[578.435s][info][gc          ] GC(1324) Pause Young (Concurrent Start) (G1 Humongous Allocation) 117M->54M(264M) 5.190ms
[578.435s][info][gc          ] GC(1325) Concurrent Mark Cycle
[578.435s][info][gc,marking  ] GC(1325) Concurrent Scan Root Regions
[578.437s][info][gc,marking  ] GC(1325) Concurrent Scan Root Regions 1.664ms
[578.437s][info][gc,marking  ] GC(1325) Concurrent Mark
[578.437s][info][gc,marking  ] GC(1325) Concurrent Mark From Roots
[578.437s][info][gc,task     ] GC(1325) Using 1 workers of 1 for marking
[578.437s][info][gc,cpu      ] GC(1324) User=0.01s Sys=0.00s Real=0.01s
[578.530s][info][gc,marking  ] GC(1325) Concurrent Mark From Roots 93.413ms
[578.530s][info][gc,marking  ] GC(1325) Concurrent Preclean
[578.530s][info][gc,marking  ] GC(1325) Concurrent Preclean 0.042ms
[578.530s][info][gc,start    ] GC(1325) Pause Remark
[578.547s][info][gc          ] GC(1325) Pause Remark 77M->77M(256M) 17.126ms
[578.547s][info][gc,cpu      ] GC(1325) User=0.03s Sys=0.00s Real=0.02s
[578.547s][info][gc,marking  ] GC(1325) Concurrent Mark 110.843ms
[578.547s][info][gc,marking  ] GC(1325) Concurrent Rebuild Remembered Sets and Scrub Regions
[578.570s][info][gc,marking  ] GC(1325) Concurrent Rebuild Remembered Sets and Scrub Regions 22.083ms
[578.570s][info][gc,start    ] GC(1325) Pause Cleanup
[578.570s][info][gc          ] GC(1325) Pause Cleanup 84M->84M(256M) 0.060ms
[578.570s][info][gc,cpu      ] GC(1325) User=0.00s Sys=0.00s Real=0.00s
[578.570s][info][gc,marking  ] GC(1325) Concurrent Clear Claimed Marks
[578.570s][info][gc,marking  ] GC(1325) Concurrent Clear Claimed Marks 0.057ms
[578.570s][info][gc,marking  ] GC(1325) Concurrent Cleanup for Next Mark
[578.571s][info][gc,marking  ] GC(1325) Concurrent Cleanup for Next Mark 0.758ms
[578.571s][info][gc          ] GC(1325) Concurrent Mark Cycle 135.788ms
[579.014s][info][gc,start    ] GC(1326) Pause Young (Prepare Mixed) (G1 Evacuation Pause)
[579.014s][info][gc,task     ] GC(1326) Using 2 workers of 2 for evacuation
[579.033s][info][gc,phases   ] GC(1326)   Pre Evacuate Collection Set: 0.20ms
[579.033s][info][gc,phases   ] GC(1326)   Merge Heap Roots: 0.07ms
[579.033s][info][gc,phases   ] GC(1326)   Evacuate Collection Set: 18.64ms
[579.033s][info][gc,phases   ] GC(1326)   Post Evacuate Collection Set: 0.55ms
[579.033s][info][gc,phases   ] GC(1326)   Other: 0.11ms
[579.033s][info][gc,heap     ] GC(1326) Eden regions: 151->0(142)
[579.033s][info][gc,heap     ] GC(1326) Survivor regions: 2->11(20)
[579.033s][info][gc,heap     ] GC(1326) Old regions: 53->53
[579.033s][info][gc,heap     ] GC(1326) Humongous regions: 5->3
[579.033s][info][gc,metaspace] GC(1326) Metaspace: 43187K(43584K)->43187K(43584K) NonClass: 40367K(40640K)->40367K(40640K) Class: 2820K(2944K)->2820K(2944K)
[579.034s][info][gc          ] GC(1326) Pause Young (Prepare Mixed) (G1 Evacuation Pause) 209M->65M(256M) 19.787ms
[579.034s][info][gc,cpu      ] GC(1326) User=0.02s Sys=0.01s Real=0.02s
[579.588s][info][gc,start    ] GC(1327) Pause Young (Mixed) (G1 Evacuation Pause)
[579.588s][info][gc,task     ] GC(1327) Using 2 workers of 2 for evacuation
[579.602s][info][gc,phases   ] GC(1327)   Pre Evacuate Collection Set: 0.20ms
[579.602s][info][gc,phases   ] GC(1327)   Merge Heap Roots: 0.11ms
[579.602s][info][gc,phases   ] GC(1327)   Evacuate Collection Set: 13.01ms
[579.602s][info][gc,phases   ] GC(1327)   Post Evacuate Collection Set: 0.45ms
[579.602s][info][gc,phases   ] GC(1327)   Other: 0.10ms
[579.602s][info][gc,heap     ] GC(1327) Eden regions: 142->0(140)
[579.602s][info][gc,heap     ] GC(1327) Survivor regions: 11->13(20)
[579.602s][info][gc,heap     ] GC(1327) Old regions: 53->51
[579.602s][info][gc,heap     ] GC(1327) Humongous regions: 9->3
[579.602s][info][gc,metaspace] GC(1327) Metaspace: 43187K(43584K)->43187K(43584K) NonClass: 40367K(40640K)->40367K(40640K) Class: 2820K(2944K)->2820K(2944K)
[579.602s][info][gc          ] GC(1327) Pause Young (Mixed) (G1 Evacuation Pause) 213M->65M(256M) 14.057ms
[579.602s][info][gc,cpu      ] GC(1327) User=0.03s Sys=0.00s Real=0.02s
[579.963s][info][gc,start    ] GC(1328) Pause Young (Concurrent Start) (G1 Evacuation Pause)
[579.963s][info][gc,task     ] GC(1328) Using 2 workers of 2 for evacuation
[579.998s][info][gc,phases   ] GC(1328)   Pre Evacuate Collection Set: 0.17ms
[579.998s][info][gc,phases   ] GC(1328)   Merge Heap Roots: 0.06ms
[579.998s][info][gc,phases   ] GC(1328)   Evacuate Collection Set: 34.48ms
[579.998s][info][gc,phases   ] GC(1328)   Post Evacuate Collection Set: 0.45ms
[579.998s][info][gc,phases   ] GC(1328)   Other: 0.09ms
[579.998s][info][gc,heap     ] GC(1328) Eden regions: 140->0(119)
[579.998s][info][gc,heap     ] GC(1328) Survivor regions: 13->20(20)
[579.998s][info][gc,heap     ] GC(1328) Old regions: 51->71
[579.998s][info][gc,heap     ] GC(1328) Humongous regions: 3->3
[579.998s][info][gc,metaspace] GC(1328) Metaspace: 43187K(43584K)->43187K(43584K) NonClass: 40367K(40640K)->40367K(40640K) Class: 2820K(2944K)->2820K(2944K)
[579.998s][info][gc          ] GC(1328) Pause Young (Concurrent Start) (G1 Evacuation Pause) 205M->93M(256M) 35.463ms
[579.998s][info][gc,cpu      ] GC(1328) User=0.07s Sys=0.00s Real=0.03s
[579.998s][info][gc          ] GC(1329) Concurrent Mark Cycle
[579.998s][info][gc,marking  ] GC(1329) Concurrent Scan Root Regions
[580.024s][info][gc,marking  ] GC(1329) Concurrent Scan Root Regions 25.496ms
[580.024s][info][gc,marking  ] GC(1329) Concurrent Mark
[580.024s][info][gc,marking  ] GC(1329) Concurrent Mark From Roots
[580.024s][info][gc,task     ] GC(1329) Using 1 workers of 1 for marking
[580.080s][info][gc,marking  ] GC(1329) Concurrent Mark From Roots 56.080ms
[580.080s][info][gc,marking  ] GC(1329) Concurrent Preclean
[580.080s][info][gc,marking  ] GC(1329) Concurrent Preclean 0.042ms
[580.080s][info][gc,start    ] GC(1329) Pause Remark
[580.095s][info][gc          ] GC(1329) Pause Remark 105M->105M(256M) 15.077ms
[580.095s][info][gc,cpu      ] GC(1329) User=0.03s Sys=0.00s Real=0.02s
[580.095s][info][gc,marking  ] GC(1329) Concurrent Mark 71.473ms
[580.096s][info][gc,marking  ] GC(1329) Concurrent Rebuild Remembered Sets and Scrub Regions
[580.131s][info][gc,marking  ] GC(1329) Concurrent Rebuild Remembered Sets and Scrub Regions 35.866ms
[580.132s][info][gc,start    ] GC(1329) Pause Cleanup
[580.132s][info][gc          ] GC(1329) Pause Cleanup 112M->112M(256M) 0.047ms
[580.132s][info][gc,cpu      ] GC(1329) User=0.00s Sys=0.00s Real=0.00s
[580.132s][info][gc,marking  ] GC(1329) Concurrent Clear Claimed Marks
[580.132s][info][gc,marking  ] GC(1329) Concurrent Clear Claimed Marks 0.043ms
[580.132s][info][gc,marking  ] GC(1329) Concurrent Cleanup for Next Mark
[580.132s][info][gc,marking  ] GC(1329) Concurrent Cleanup for Next Mark 0.758ms
[580.132s][info][gc          ] GC(1329) Concurrent Mark Cycle 134.074ms
[580.571s][info][gc,start    ] GC(1330) Pause Young (Prepare Mixed) (G1 Evacuation Pause)
[580.571s][info][gc,task     ] GC(1330) Using 2 workers of 2 for evacuation
[580.638s][info][gc,phases   ] GC(1330)   Pre Evacuate Collection Set: 0.19ms
[580.638s][info][gc,phases   ] GC(1330)   Merge Heap Roots: 0.37ms
[580.638s][info][gc,phases   ] GC(1330)   Evacuate Collection Set: 66.28ms
[580.638s][info][gc,phases   ] GC(1330)   Post Evacuate Collection Set: 0.46ms
[580.638s][info][gc,phases   ] GC(1330)   Other: 0.10ms
[580.638s][info][gc,heap     ] GC(1330) Eden regions: 119->0(91)
[580.638s][info][gc,heap     ] GC(1330) Survivor regions: 20->18(18)
[580.638s][info][gc,heap     ] GC(1330) Old regions: 71->105
[580.638s][info][gc,heap     ] GC(1330) Humongous regions: 3->3
[580.638s][info][gc,metaspace] GC(1330) Metaspace: 43187K(43584K)->43187K(43584K) NonClass: 40367K(40640K)->40367K(40640K) Class: 2820K(2944K)->2820K(2944K)
[580.638s][info][gc          ] GC(1330) Pause Young (Prepare Mixed) (G1 Evacuation Pause) 212M->125M(265M) 67.577ms
[580.638s][info][gc,cpu      ] GC(1330) User=0.12s Sys=0.01s Real=0.07s
[581.053s][info][gc,start    ] GC(1331) Pause Young (Mixed) (G1 Evacuation Pause)
[581.053s][info][gc,task     ] GC(1331) Using 2 workers of 2 for evacuation
[581.103s][info][gc,phases   ] GC(1331)   Pre Evacuate Collection Set: 0.17ms
[581.103s][info][gc,phases   ] GC(1331)   Merge Heap Roots: 0.23ms
[581.103s][info][gc,phases   ] GC(1331)   Evacuate Collection Set: 49.06ms
[581.103s][info][gc,phases   ] GC(1331)   Post Evacuate Collection Set: 0.41ms
[581.103s][info][gc,phases   ] GC(1331)   Other: 0.09ms
[581.103s][info][gc,heap     ] GC(1331) Eden regions: 91->0(72)
[581.103s][info][gc,heap     ] GC(1331) Survivor regions: 18->14(14)
[581.103s][info][gc,heap     ] GC(1331) Old regions: 105->131
[581.103s][info][gc,heap     ] GC(1331) Humongous regions: 3->3
[581.103s][info][gc,metaspace] GC(1331) Metaspace: 43187K(43584K)->43187K(43584K) NonClass: 40367K(40640K)->40367K(40640K) Class: 2820K(2944K)->2820K(2944K)
[581.103s][info][gc          ] GC(1331) Pause Young (Mixed) (G1 Evacuation Pause) 216M->147M(265M) 50.172ms
[581.103s][info][gc,cpu      ] GC(1331) User=0.10s Sys=0.00s Real=0.05s
[581.503s][info][gc,start    ] GC(1332) Pause Young (Concurrent Start) (G1 Evacuation Pause)
[581.504s][info][gc,task     ] GC(1332) Using 2 workers of 2 for evacuation
[581.542s][info][gc,phases   ] GC(1332)   Pre Evacuate Collection Set: 0.21ms
[581.542s][info][gc,phases   ] GC(1332)   Merge Heap Roots: 0.22ms
[581.542s][info][gc,phases   ] GC(1332)   Evacuate Collection Set: 37.60ms
[581.542s][info][gc,phases   ] GC(1332)   Post Evacuate Collection Set: 0.39ms
[581.542s][info][gc,phases   ] GC(1332)   Other: 0.10ms
[581.542s][info][gc,heap     ] GC(1332) Eden regions: 72->0(57)
[581.542s][info][gc,heap     ] GC(1332) Survivor regions: 14->11(11)
[581.542s][info][gc,heap     ] GC(1332) Old regions: 131->154
[581.542s][info][gc,heap     ] GC(1332) Humongous regions: 3->3
[581.542s][info][gc,metaspace] GC(1332) Metaspace: 43187K(43584K)->43187K(43584K) NonClass: 40367K(40640K)->40367K(40640K) Class: 2820K(2944K)->2820K(2944K)
[581.542s][info][gc          ] GC(1332) Pause Young (Concurrent Start) (G1 Evacuation Pause) 219M->167M(265M) 38.713ms
[581.542s][info][gc,cpu      ] GC(1332) User=0.08s Sys=0.00s Real=0.04s
[581.542s][info][gc          ] GC(1333) Concurrent Mark Cycle
[581.542s][info][gc,marking  ] GC(1333) Concurrent Scan Root Regions
[581.587s][info][gc,marking  ] GC(1333) Concurrent Scan Root Regions 44.862ms
[581.587s][info][gc,marking  ] GC(1333) Concurrent Mark
[581.587s][info][gc,marking  ] GC(1333) Concurrent Mark From Roots
[581.587s][info][gc,task     ] GC(1333) Using 1 workers of 1 for marking
[581.735s][info][gc,marking  ] GC(1333) Concurrent Mark From Roots 148.253ms
[581.736s][info][gc,marking  ] GC(1333) Concurrent Preclean
[581.736s][info][gc,marking  ] GC(1333) Concurrent Preclean 0.052ms
[581.736s][info][gc,start    ] GC(1333) Pause Remark
[581.751s][info][gc          ] GC(1333) Pause Remark 204M->204M(284M) 15.698ms
[581.751s][info][gc,cpu      ] GC(1333) User=0.03s Sys=0.00s Real=0.01s
[581.752s][info][gc,marking  ] GC(1333) Concurrent Mark 164.315ms
[581.752s][info][gc,marking  ] GC(1333) Concurrent Rebuild Remembered Sets and Scrub Regions
[581.817s][info][gc,start    ] GC(1334) Pause Young (Normal) (G1 Evacuation Pause)
[581.817s][info][gc,task     ] GC(1334) Using 2 workers of 2 for evacuation
[581.846s][info][gc,phases   ] GC(1334)   Pre Evacuate Collection Set: 0.17ms
[581.846s][info][gc,phases   ] GC(1334)   Merge Heap Roots: 0.21ms
[581.846s][info][gc,phases   ] GC(1334)   Evacuate Collection Set: 26.82ms
[581.846s][info][gc,phases   ] GC(1334)   Post Evacuate Collection Set: 1.09ms
[581.846s][info][gc,phases   ] GC(1334)   Other: 0.12ms
[581.846s][info][gc,heap     ] GC(1334) Eden regions: 57->0(113)
[581.846s][info][gc,heap     ] GC(1334) Survivor regions: 11->9(9)
[581.846s][info][gc,heap     ] GC(1334) Old regions: 154->169
[581.846s][info][gc,heap     ] GC(1334) Humongous regions: 5->3
[581.846s][info][gc,metaspace] GC(1334) Metaspace: 43187K(43584K)->43187K(43584K) NonClass: 40367K(40640K)->40367K(40640K) Class: 2820K(2944K)->2820K(2944K)
[581.846s][info][gc          ] GC(1334) Pause Young (Normal) (G1 Evacuation Pause) 226M->181M(365M) 28.588ms
[581.846s][info][gc,cpu      ] GC(1334) User=0.06s Sys=0.00s Real=0.03s
[581.873s][info][gc,marking  ] GC(1333) Concurrent Rebuild Remembered Sets and Scrub Regions 121.030ms
[581.873s][info][gc,start    ] GC(1333) Pause Cleanup
[581.874s][info][gc          ] GC(1333) Pause Cleanup 188M->188M(365M) 0.081ms
[581.874s][info][gc,cpu      ] GC(1333) User=0.00s Sys=0.00s Real=0.00s
[581.874s][info][gc,marking  ] GC(1333) Concurrent Clear Claimed Marks
[581.874s][info][gc,marking  ] GC(1333) Concurrent Clear Claimed Marks 0.043ms
[581.874s][info][gc,marking  ] GC(1333) Concurrent Cleanup for Next Mark
[581.876s][info][gc,marking  ] GC(1333) Concurrent Cleanup for Next Mark 2.096ms
[581.876s][info][gc          ] GC(1333) Concurrent Mark Cycle 333.764ms
[582.353s][info][gc,start    ] GC(1335) Pause Young (Prepare Mixed) (G1 Evacuation Pause)
[582.353s][info][gc,task     ] GC(1335) Using 2 workers of 2 for evacuation
[582.381s][info][gc,phases   ] GC(1335)   Pre Evacuate Collection Set: 0.27ms
[582.381s][info][gc,phases   ] GC(1335)   Merge Heap Roots: 0.27ms
[582.381s][info][gc,phases   ] GC(1335)   Evacuate Collection Set: 27.26ms
[582.381s][info][gc,phases   ] GC(1335)   Post Evacuate Collection Set: 0.46ms
[582.381s][info][gc,phases   ] GC(1335)   Other: 0.09ms
[582.381s][info][gc,heap     ] GC(1335) Eden regions: 113->0(112)
[582.381s][info][gc,heap     ] GC(1335) Survivor regions: 9->13(16)
[582.381s][info][gc,heap     ] GC(1335) Old regions: 169->175
[582.381s][info][gc,heap     ] GC(1335) Humongous regions: 7->3
[582.381s][info][gc,metaspace] GC(1335) Metaspace: 43187K(43584K)->43187K(43584K) NonClass: 40367K(40640K)->40367K(40640K) Class: 2820K(2944K)->2820K(2944K)
[582.381s][info][gc          ] GC(1335) Pause Young (Prepare Mixed) (G1 Evacuation Pause) 298M->191M(365M) 28.521ms
[582.381s][info][gc,cpu      ] GC(1335) User=0.05s Sys=0.00s Real=0.02s
[582.756s][info][gc,start    ] GC(1336) Pause Young (Mixed) (G1 Evacuation Pause)
[582.756s][info][gc,task     ] GC(1336) Using 2 workers of 2 for evacuation
[582.791s][info][gc,phases   ] GC(1336)   Pre Evacuate Collection Set: 0.26ms
[582.792s][info][gc,phases   ] GC(1336)   Merge Heap Roots: 0.50ms
[582.792s][info][gc,phases   ] GC(1336)   Evacuate Collection Set: 33.86ms
[582.792s][info][gc,phases   ] GC(1336)   Post Evacuate Collection Set: 0.55ms
[582.792s][info][gc,phases   ] GC(1336)   Other: 0.07ms
[582.792s][info][gc,heap     ] GC(1336) Eden regions: 112->0(136)
[582.792s][info][gc,heap     ] GC(1336) Survivor regions: 13->6(16)
[582.792s][info][gc,heap     ] GC(1336) Old regions: 175->155
[582.792s][info][gc,heap     ] GC(1336) Humongous regions: 9->3
[582.792s][info][gc,metaspace] GC(1336) Metaspace: 43187K(43584K)->43187K(43584K) NonClass: 40367K(40640K)->40367K(40640K) Class: 2820K(2944K)->2820K(2944K)
[582.792s][info][gc          ] GC(1336) Pause Young (Mixed) (G1 Evacuation Pause) 309M->163M(365M) 35.439ms
[582.792s][info][gc,cpu      ] GC(1336) User=0.07s Sys=0.00s Real=0.03s
[583.157s][info][gc,start    ] GC(1337) Pause Young (Mixed) (G1 Evacuation Pause)
[583.157s][info][gc,task     ] GC(1337) Using 2 workers of 2 for evacuation
[583.222s][info][gc,phases   ] GC(1337)   Pre Evacuate Collection Set: 0.21ms
[583.223s][info][gc,phases   ] GC(1337)   Merge Heap Roots: 0.91ms
[583.223s][info][gc,phases   ] GC(1337)   Evacuate Collection Set: 63.44ms
[583.223s][info][gc,phases   ] GC(1337)   Post Evacuate Collection Set: 0.50ms
[583.223s][info][gc,phases   ] GC(1337)   Other: 0.07ms
[583.223s][info][gc,heap     ] GC(1337) Eden regions: 136->0(109)
[583.223s][info][gc,heap     ] GC(1337) Survivor regions: 6->18(18)
[583.223s][info][gc,heap     ] GC(1337) Old regions: 155->164
[583.223s][info][gc,heap     ] GC(1337) Humongous regions: 6->4
[583.223s][info][gc,metaspace] GC(1337) Metaspace: 43187K(43584K)->43187K(43584K) NonClass: 40367K(40640K)->40367K(40640K) Class: 2820K(2944K)->2820K(2944K)
[583.223s][info][gc          ] GC(1337) Pause Young (Mixed) (G1 Evacuation Pause) 302M->186M(365M) 65.329ms
[583.223s][info][gc,cpu      ] GC(1337) User=0.13s Sys=0.00s Real=0.07s
[583.459s][info][gc,start    ] GC(1338) Pause Young (Concurrent Start) (G1 Humongous Allocation)
[583.459s][info][gc,task     ] GC(1338) Using 2 workers of 2 for evacuation
[583.493s][info][gc,phases   ] GC(1338)   Pre Evacuate Collection Set: 0.21ms
[583.493s][info][gc,phases   ] GC(1338)   Merge Heap Roots: 0.17ms
[583.493s][info][gc,phases   ] GC(1338)   Evacuate Collection Set: 33.18ms
[583.493s][info][gc,phases   ] GC(1338)   Post Evacuate Collection Set: 0.37ms
[583.493s][info][gc,phases   ] GC(1338)   Other: 0.16ms
[583.493s][info][gc,heap     ] GC(1338) Eden regions: 67->0(72)
[583.493s][info][gc,heap     ] GC(1338) Survivor regions: 18->16(16)
[583.493s][info][gc,heap     ] GC(1338) Old regions: 164->201
[583.493s][info][gc,heap     ] GC(1338) Humongous regions: 4->4
[583.493s][info][gc,metaspace] GC(1338) Metaspace: 43187K(43584K)->43187K(43584K) NonClass: 40367K(40640K)->40367K(40640K) Class: 2820K(2944K)->2820K(2944K)
[583.493s][info][gc          ] GC(1338) Pause Young (Concurrent Start) (G1 Humongous Allocation) 252M->221M(365M) 34.318ms
[583.493s][info][gc,cpu      ] GC(1338) User=0.07s Sys=0.00s Real=0.04s
[583.493s][info][gc          ] GC(1339) Concurrent Mark Cycle
[583.493s][info][gc,marking  ] GC(1339) Concurrent Scan Root Regions
[583.516s][info][gc,marking  ] GC(1339) Concurrent Scan Root Regions 22.222ms
[583.516s][info][gc,marking  ] GC(1339) Concurrent Mark
[583.516s][info][gc,marking  ] GC(1339) Concurrent Mark From Roots
[583.516s][info][gc,task     ] GC(1339) Using 1 workers of 1 for marking
[583.598s][info][gc,marking  ] GC(1339) Concurrent Mark From Roots 82.108ms
[583.598s][info][gc,marking  ] GC(1339) Concurrent Preclean
[583.598s][info][gc,marking  ] GC(1339) Concurrent Preclean 0.050ms
[583.598s][info][gc,start    ] GC(1339) Pause Remark
[583.613s][info][gc          ] GC(1339) Pause Remark 252M->231M(365M) 15.329ms
[583.613s][info][gc,cpu      ] GC(1339) User=0.03s Sys=0.00s Real=0.02s
[583.613s][info][gc,marking  ] GC(1339) Concurrent Mark 97.809ms
[583.613s][info][gc,marking  ] GC(1339) Concurrent Rebuild Remembered Sets and Scrub Regions
[583.665s][info][gc,marking  ] GC(1339) Concurrent Rebuild Remembered Sets and Scrub Regions 51.240ms
[583.665s][info][gc,start    ] GC(1339) Pause Cleanup
[583.665s][info][gc          ] GC(1339) Pause Cleanup 245M->245M(365M) 0.079ms
[583.665s][info][gc,cpu      ] GC(1339) User=0.00s Sys=0.00s Real=0.00s
[583.665s][info][gc,marking  ] GC(1339) Concurrent Clear Claimed Marks
[583.665s][info][gc,marking  ] GC(1339) Concurrent Clear Claimed Marks 0.037ms
[583.665s][info][gc,marking  ] GC(1339) Concurrent Cleanup for Next Mark
[583.666s][info][gc,marking  ] GC(1339) Concurrent Cleanup for Next Mark 1.092ms
[583.666s][info][gc          ] GC(1339) Concurrent Mark Cycle 172.729ms
[583.749s][info][gc,start    ] GC(1340) Pause Young (Prepare Mixed) (G1 Evacuation Pause)
[583.749s][info][gc,task     ] GC(1340) Using 2 workers of 2 for evacuation
[583.767s][info][gc,phases   ] GC(1340)   Pre Evacuate Collection Set: 0.23ms
[583.767s][info][gc,phases   ] GC(1340)   Merge Heap Roots: 0.17ms
[583.767s][info][gc,phases   ] GC(1340)   Evacuate Collection Set: 17.09ms
[583.767s][info][gc,phases   ] GC(1340)   Post Evacuate Collection Set: 0.34ms
[583.767s][info][gc,phases   ] GC(1340)   Other: 0.08ms
[583.767s][info][gc,heap     ] GC(1340) Eden regions: 72->0(82)
[583.767s][info][gc,heap     ] GC(1340) Survivor regions: 16->11(11)
[583.767s][info][gc,heap     ] GC(1340) Old regions: 180->194
[583.767s][info][gc,heap     ] GC(1340) Humongous regions: 5->5
[583.767s][info][gc,metaspace] GC(1340) Metaspace: 43187K(43584K)->43187K(43584K) NonClass: 40367K(40640K)->40367K(40640K) Class: 2820K(2944K)->2820K(2944K)
[583.767s][info][gc          ] GC(1340) Pause Young (Prepare Mixed) (G1 Evacuation Pause) 273M->209M(365M) 18.139ms
[583.767s][info][gc,cpu      ] GC(1340) User=0.04s Sys=0.00s Real=0.02s
[584.027s][info][gc,start    ] GC(1341) Pause Young (Mixed) (G1 Evacuation Pause)
[584.027s][info][gc,task     ] GC(1341) Using 2 workers of 2 for evacuation
[584.046s][info][gc,phases   ] GC(1341)   Pre Evacuate Collection Set: 0.31ms
[584.046s][info][gc,phases   ] GC(1341)   Merge Heap Roots: 0.12ms
[584.046s][info][gc,phases   ] GC(1341)   Evacuate Collection Set: 18.09ms
[584.046s][info][gc,phases   ] GC(1341)   Post Evacuate Collection Set: 0.39ms
[584.046s][info][gc,phases   ] GC(1341)   Other: 0.10ms
[584.046s][info][gc,heap     ] GC(1341) Eden regions: 82->0(94)
[584.046s][info][gc,heap     ] GC(1341) Survivor regions: 11->12(12)
[584.046s][info][gc,heap     ] GC(1341) Old regions: 194->172
[584.046s][info][gc,heap     ] GC(1341) Humongous regions: 5->5
[584.046s][info][gc,metaspace] GC(1341) Metaspace: 43187K(43584K)->43187K(43584K) NonClass: 40367K(40640K)->40367K(40640K) Class: 2820K(2944K)->2820K(2944K)
[584.046s][info][gc          ] GC(1341) Pause Young (Mixed) (G1 Evacuation Pause) 291M->189M(365M) 19.231ms
[584.046s][info][gc,cpu      ] GC(1341) User=0.04s Sys=0.00s Real=0.02s
[584.353s][info][gc,start    ] GC(1342) Pause Young (Mixed) (G1 Evacuation Pause)
[584.353s][info][gc,task     ] GC(1342) Using 2 workers of 2 for evacuation
[584.387s][info][gc,phases   ] GC(1342)   Pre Evacuate Collection Set: 0.28ms
[584.387s][info][gc,phases   ] GC(1342)   Merge Heap Roots: 0.21ms
[584.387s][info][gc,phases   ] GC(1342)   Evacuate Collection Set: 31.98ms
[584.387s][info][gc,phases   ] GC(1342)   Post Evacuate Collection Set: 1.18ms
[584.387s][info][gc,phases   ] GC(1342)   Other: 0.09ms
[584.387s][info][gc,heap     ] GC(1342) Eden regions: 94->0(143)
[584.387s][info][gc,heap     ] GC(1342) Survivor regions: 12->14(14)
[584.387s][info][gc,heap     ] GC(1342) Old regions: 172->165
[584.387s][info][gc,heap     ] GC(1342) Humongous regions: 6->6
[584.387s][info][gc,metaspace] GC(1342) Metaspace: 43187K(43584K)->43187K(43584K) NonClass: 40367K(40640K)->40367K(40640K) Class: 2820K(2944K)->2820K(2944K)
[584.387s][info][gc          ] GC(1342) Pause Young (Mixed) (G1 Evacuation Pause) 284M->185M(465M) 33.928ms
[584.387s][info][gc,cpu      ] GC(1342) User=0.06s Sys=0.00s Real=0.03s
[584.944s][info][gc,start    ] GC(1343) Pause Young (Mixed) (G1 Evacuation Pause)
[584.944s][info][gc,task     ] GC(1343) Using 2 workers of 2 for evacuation
[584.974s][info][gc,phases   ] GC(1343)   Pre Evacuate Collection Set: 0.34ms
[584.974s][info][gc,phases   ] GC(1343)   Merge Heap Roots: 0.39ms
[584.974s][info][gc,phases   ] GC(1343)   Evacuate Collection Set: 29.27ms
[584.974s][info][gc,phases   ] GC(1343)   Post Evacuate Collection Set: 0.41ms
[584.974s][info][gc,phases   ] GC(1343)   Other: 0.07ms
[584.974s][info][gc,heap     ] GC(1343) Eden regions: 143->0(139)
[584.974s][info][gc,heap     ] GC(1343) Survivor regions: 14->20(20)
[584.974s][info][gc,heap     ] GC(1343) Old regions: 165->180
[584.974s][info][gc,heap     ] GC(1343) Humongous regions: 7->6
[584.975s][info][gc,metaspace] GC(1343) Metaspace: 43187K(43584K)->43187K(43584K) NonClass: 40367K(40640K)->40367K(40640K) Class: 2820K(2944K)->2820K(2944K)
[584.975s][info][gc          ] GC(1343) Pause Young (Mixed) (G1 Evacuation Pause) 329M->205M(465M) 30.700ms
[584.975s][info][gc,cpu      ] GC(1343) User=0.06s Sys=0.00s Real=0.03s
[585.469s][info][gc,start    ] GC(1344) Pause Young (Concurrent Start) (G1 Evacuation Pause)
[585.469s][info][gc,task     ] GC(1344) Using 2 workers of 2 for evacuation
[585.517s][info][gc,phases   ] GC(1344)   Pre Evacuate Collection Set: 0.25ms
[585.517s][info][gc,phases   ] GC(1344)   Merge Heap Roots: 0.08ms
[585.517s][info][gc,phases   ] GC(1344)   Evacuate Collection Set: 47.29ms
[585.517s][info][gc,phases   ] GC(1344)   Post Evacuate Collection Set: 0.55ms
[585.517s][info][gc,phases   ] GC(1344)   Other: 0.12ms
[585.517s][info][gc,heap     ] GC(1344) Eden regions: 139->0(99)
[585.517s][info][gc,heap     ] GC(1344) Survivor regions: 20->20(20)
[585.517s][info][gc,heap     ] GC(1344) Old regions: 180->233
[585.517s][info][gc,heap     ] GC(1344) Humongous regions: 6->6
[585.517s][info][gc,metaspace] GC(1344) Metaspace: 43187K(43584K)->43187K(43584K) NonClass: 40367K(40640K)->40367K(40640K) Class: 2820K(2944K)->2820K(2944K)
[585.517s][info][gc          ] GC(1344) Pause Young (Concurrent Start) (G1 Evacuation Pause) 344M->258M(465M) 48.491ms
[585.518s][info][gc,cpu      ] GC(1344) User=0.09s Sys=0.00s Real=0.05s
[585.518s][info][gc          ] GC(1345) Concurrent Mark Cycle
[585.518s][info][gc,marking  ] GC(1345) Concurrent Scan Root Regions
[585.548s][info][gc,marking  ] GC(1345) Concurrent Scan Root Regions 30.899ms
[585.549s][info][gc,marking  ] GC(1345) Concurrent Mark
[585.549s][info][gc,marking  ] GC(1345) Concurrent Mark From Roots
[585.549s][info][gc,task     ] GC(1345) Using 1 workers of 1 for marking
[585.627s][info][gc,marking  ] GC(1345) Concurrent Mark From Roots 78.297ms
[585.627s][info][gc,marking  ] GC(1345) Concurrent Preclean
[585.627s][info][gc,marking  ] GC(1345) Concurrent Preclean 0.047ms
[585.627s][info][gc,start    ] GC(1345) Pause Remark
[585.643s][info][gc          ] GC(1345) Pause Remark 284M->215M(465M) 15.798ms
[585.643s][info][gc,cpu      ] GC(1345) User=0.03s Sys=0.00s Real=0.02s
[585.643s][info][gc,marking  ] GC(1345) Concurrent Mark 94.476ms
[585.643s][info][gc,marking  ] GC(1345) Concurrent Rebuild Remembered Sets and Scrub Regions
[585.714s][info][gc,marking  ] GC(1345) Concurrent Rebuild Remembered Sets and Scrub Regions 71.327ms
[585.714s][info][gc,start    ] GC(1345) Pause Cleanup
[585.715s][info][gc          ] GC(1345) Pause Cleanup 228M->228M(465M) 0.066ms
[585.715s][info][gc,cpu      ] GC(1345) User=0.00s Sys=0.00s Real=0.00s
[585.715s][info][gc,marking  ] GC(1345) Concurrent Clear Claimed Marks
[585.715s][info][gc,marking  ] GC(1345) Concurrent Clear Claimed Marks 0.037ms
[585.715s][info][gc,marking  ] GC(1345) Concurrent Cleanup for Next Mark
[585.717s][info][gc,marking  ] GC(1345) Concurrent Cleanup for Next Mark 2.338ms
[585.717s][info][gc          ] GC(1345) Concurrent Mark Cycle 199.487ms
[585.932s][info][gc,start    ] GC(1346) Pause Young (Prepare Mixed) (G1 Evacuation Pause)
[585.932s][info][gc,task     ] GC(1346) Using 2 workers of 2 for evacuation
[585.977s][info][gc,phases   ] GC(1346)   Pre Evacuate Collection Set: 0.25ms
[585.978s][info][gc,phases   ] GC(1346)   Merge Heap Roots: 0.49ms
[585.978s][info][gc,phases   ] GC(1346)   Evacuate Collection Set: 43.61ms
[585.978s][info][gc,phases   ] GC(1346)   Post Evacuate Collection Set: 0.49ms
[585.978s][info][gc,phases   ] GC(1346)   Other: 0.15ms
[585.978s][info][gc,heap     ] GC(1346) Eden regions: 99->0(115)
[585.978s][info][gc,heap     ] GC(1346) Survivor regions: 20->15(15)
[585.978s][info][gc,heap     ] GC(1346) Old regions: 167->208
[585.978s][info][gc,heap     ] GC(1346) Humongous regions: 4->4
[585.978s][info][gc,metaspace] GC(1346) Metaspace: 43187K(43584K)->43187K(43584K) NonClass: 40367K(40640K)->40367K(40640K) Class: 2820K(2944K)->2820K(2944K)
[585.978s][info][gc          ] GC(1346) Pause Young (Prepare Mixed) (G1 Evacuation Pause) 289M->227M(465M) 45.205ms
[585.978s][info][gc,cpu      ] GC(1346) User=0.09s Sys=0.00s Real=0.04s
[586.348s][info][gc,start    ] GC(1347) Pause Young (Mixed) (G1 Evacuation Pause)
[586.348s][info][gc,task     ] GC(1347) Using 2 workers of 2 for evacuation
[586.392s][info][gc,phases   ] GC(1347)   Pre Evacuate Collection Set: 0.24ms
[586.392s][info][gc,phases   ] GC(1347)   Merge Heap Roots: 0.63ms
[586.392s][info][gc,phases   ] GC(1347)   Evacuate Collection Set: 42.84ms
[586.392s][info][gc,phases   ] GC(1347)   Post Evacuate Collection Set: 0.47ms
[586.392s][info][gc,phases   ] GC(1347)   Other: 0.09ms
[586.392s][info][gc,heap     ] GC(1347) Eden regions: 115->0(124)
[586.392s][info][gc,heap     ] GC(1347) Survivor regions: 15->17(17)
[586.392s][info][gc,heap     ] GC(1347) Old regions: 208->197
[586.392s][info][gc,heap     ] GC(1347) Humongous regions: 4->4
[586.392s][info][gc,metaspace] GC(1347) Metaspace: 43187K(43584K)->43187K(43584K) NonClass: 40367K(40640K)->40367K(40640K) Class: 2820K(2944K)->2820K(2944K)
[586.392s][info][gc          ] GC(1347) Pause Young (Mixed) (G1 Evacuation Pause) 342M->218M(465M) 44.489ms
[586.392s][info][gc,cpu      ] GC(1347) User=0.09s Sys=0.00s Real=0.05s
[586.540s][info][gc,start    ] GC(1348) Pause Young (Concurrent Start) (G1 Humongous Allocation)
[586.540s][info][gc,task     ] GC(1348) Using 2 workers of 2 for evacuation
[586.569s][info][gc,phases   ] GC(1348)   Pre Evacuate Collection Set: 0.24ms
[586.569s][info][gc,phases   ] GC(1348)   Merge Heap Roots: 0.08ms
[586.569s][info][gc,phases   ] GC(1348)   Evacuate Collection Set: 28.63ms
[586.569s][info][gc,phases   ] GC(1348)   Post Evacuate Collection Set: 0.43ms
[586.569s][info][gc,phases   ] GC(1348)   Other: 0.17ms
[586.569s][info][gc,heap     ] GC(1348) Eden regions: 47->0(91)
[586.569s][info][gc,heap     ] GC(1348) Survivor regions: 17->18(18)
[586.569s][info][gc,heap     ] GC(1348) Old regions: 197->227
[586.569s][info][gc,heap     ] GC(1348) Humongous regions: 4->4
[586.569s][info][gc,metaspace] GC(1348) Metaspace: 43187K(43584K)->43187K(43584K) NonClass: 40367K(40640K)->40367K(40640K) Class: 2820K(2944K)->2820K(2944K)
[586.569s][info][gc          ] GC(1348) Pause Young (Concurrent Start) (G1 Humongous Allocation) 265M->248M(465M) 29.790ms
[586.569s][info][gc,cpu      ] GC(1348) User=0.06s Sys=0.00s Real=0.03s
[586.569s][info][gc          ] GC(1349) Concurrent Mark Cycle
[586.570s][info][gc,marking  ] GC(1349) Concurrent Scan Root Regions
[586.587s][info][gc,marking  ] GC(1349) Concurrent Scan Root Regions 17.613ms
[586.587s][info][gc,marking  ] GC(1349) Concurrent Mark
[586.587s][info][gc,marking  ] GC(1349) Concurrent Mark From Roots
[586.587s][info][gc,task     ] GC(1349) Using 1 workers of 1 for marking
[586.671s][info][gc,marking  ] GC(1349) Concurrent Mark From Roots 84.152ms
[586.671s][info][gc,marking  ] GC(1349) Concurrent Preclean
[586.671s][info][gc,marking  ] GC(1349) Concurrent Preclean 0.049ms
[586.672s][info][gc,start    ] GC(1349) Pause Remark
[586.688s][info][gc          ] GC(1349) Pause Remark 274M->229M(465M) 15.771ms
[586.688s][info][gc,cpu      ] GC(1349) User=0.03s Sys=0.00s Real=0.01s
[586.688s][info][gc,marking  ] GC(1349) Concurrent Mark 100.686ms
[586.688s][info][gc,marking  ] GC(1349) Concurrent Rebuild Remembered Sets and Scrub Regions
[586.740s][info][gc,marking  ] GC(1349) Concurrent Rebuild Remembered Sets and Scrub Regions 51.676ms
[586.740s][info][gc,start    ] GC(1349) Pause Cleanup
[586.740s][info][gc          ] GC(1349) Pause Cleanup 241M->241M(465M) 0.104ms
[586.740s][info][gc,cpu      ] GC(1349) User=0.00s Sys=0.00s Real=0.00s
[586.740s][info][gc,marking  ] GC(1349) Concurrent Clear Claimed Marks
[586.740s][info][gc,marking  ] GC(1349) Concurrent Clear Claimed Marks 0.037ms
[586.740s][info][gc,marking  ] GC(1349) Concurrent Cleanup for Next Mark
[586.741s][info][gc,marking  ] GC(1349) Concurrent Cleanup for Next Mark 1.336ms
[586.741s][info][gc          ] GC(1349) Concurrent Mark Cycle 171.852ms
[586.955s][info][gc,start    ] GC(1350) Pause Young (Prepare Mixed) (G1 Evacuation Pause)
[586.955s][info][gc,task     ] GC(1350) Using 2 workers of 2 for evacuation
[587.004s][info][gc,phases   ] GC(1350)   Pre Evacuate Collection Set: 0.21ms
[587.004s][info][gc,phases   ] GC(1350)   Merge Heap Roots: 0.26ms
[587.004s][info][gc,phases   ] GC(1350)   Evacuate Collection Set: 47.81ms
[587.004s][info][gc,phases   ] GC(1350)   Post Evacuate Collection Set: 0.42ms
[587.004s][info][gc,phases   ] GC(1350)   Other: 0.09ms
[587.004s][info][gc,heap     ] GC(1350) Eden regions: 91->0(86)
[587.004s][info][gc,heap     ] GC(1350) Survivor regions: 18->14(14)
[587.004s][info][gc,heap     ] GC(1350) Old regions: 183->240
[587.004s][info][gc,heap     ] GC(1350) Humongous regions: 4->4
[587.004s][info][gc,metaspace] GC(1350) Metaspace: 43187K(43584K)->43187K(43584K) NonClass: 40367K(40640K)->40367K(40640K) Class: 2820K(2944K)->2820K(2944K)
[587.004s][info][gc          ] GC(1350) Pause Young (Prepare Mixed) (G1 Evacuation Pause) 295M->257M(465M) 49.111ms
[587.004s][info][gc,cpu      ] GC(1350) User=0.09s Sys=0.00s Real=0.05s
[587.306s][info][gc,start    ] GC(1351) Pause Young (Mixed) (G1 Evacuation Pause)
[587.306s][info][gc,task     ] GC(1351) Using 2 workers of 2 for evacuation
[587.355s][info][gc,phases   ] GC(1351)   Pre Evacuate Collection Set: 0.26ms
[587.355s][info][gc,phases   ] GC(1351)   Merge Heap Roots: 0.30ms
[587.355s][info][gc,phases   ] GC(1351)   Evacuate Collection Set: 47.17ms
[587.355s][info][gc,phases   ] GC(1351)   Post Evacuate Collection Set: 1.14ms
[587.355s][info][gc,phases   ] GC(1351)   Other: 0.08ms
[587.355s][info][gc,heap     ] GC(1351) Eden regions: 86->0(118)
[587.355s][info][gc,heap     ] GC(1351) Survivor regions: 14->13(13)
[587.355s][info][gc,heap     ] GC(1351) Old regions: 240->247
[587.355s][info][gc,heap     ] GC(1351) Humongous regions: 5->5
[587.356s][info][gc,metaspace] GC(1351) Metaspace: 43187K(43584K)->43187K(43584K) NonClass: 40367K(40640K)->40367K(40640K) Class: 2820K(2944K)->2820K(2944K)
[587.356s][info][gc          ] GC(1351) Pause Young (Mixed) (G1 Evacuation Pause) 344M->265M(555M) 49.185ms
[587.356s][info][gc,cpu      ] GC(1351) User=0.09s Sys=0.00s Real=0.05s
[587.856s][info][gc,start    ] GC(1352) Pause Young (Mixed) (G1 Evacuation Pause)
[587.856s][info][gc,task     ] GC(1352) Using 2 workers of 2 for evacuation
[587.923s][info][gc,phases   ] GC(1352)   Pre Evacuate Collection Set: 0.38ms
[587.923s][info][gc,phases   ] GC(1352)   Merge Heap Roots: 0.44ms
[587.923s][info][gc,phases   ] GC(1352)   Evacuate Collection Set: 65.19ms
[587.923s][info][gc,phases   ] GC(1352)   Post Evacuate Collection Set: 0.53ms
[587.923s][info][gc,phases   ] GC(1352)   Other: 0.08ms
[587.923s][info][gc,heap     ] GC(1352) Eden regions: 118->0(94)
[587.923s][info][gc,heap     ] GC(1352) Survivor regions: 13->17(17)
[587.923s][info][gc,heap     ] GC(1352) Old regions: 247->292
[587.923s][info][gc,heap     ] GC(1352) Humongous regions: 6->6
[587.923s][info][gc,metaspace] GC(1352) Metaspace: 43187K(43584K)->43187K(43584K) NonClass: 40367K(40640K)->40367K(40640K) Class: 2820K(2944K)->2820K(2944K)
[587.923s][info][gc          ] GC(1352) Pause Young (Mixed) (G1 Evacuation Pause) 384M->315M(555M) 66.849ms
[587.923s][info][gc,cpu      ] GC(1352) User=0.13s Sys=0.00s Real=0.07s
[588.269s][info][gc,start    ] GC(1353) Pause Young (Concurrent Start) (G1 Evacuation Pause)
[588.269s][info][gc,task     ] GC(1353) Using 2 workers of 2 for evacuation
[588.318s][info][gc,phases   ] GC(1353)   Pre Evacuate Collection Set: 0.29ms
[588.318s][info][gc,phases   ] GC(1353)   Merge Heap Roots: 0.34ms
[588.318s][info][gc,phases   ] GC(1353)   Evacuate Collection Set: 47.93ms
[588.318s][info][gc,phases   ] GC(1353)   Post Evacuate Collection Set: 0.47ms
[588.318s][info][gc,phases   ] GC(1353)   Other: 0.10ms
[588.318s][info][gc,heap     ] GC(1353) Eden regions: 94->0(80)
[588.318s][info][gc,heap     ] GC(1353) Survivor regions: 17->14(14)
[588.318s][info][gc,heap     ] GC(1353) Old regions: 292->339
[588.318s][info][gc,heap     ] GC(1353) Humongous regions: 6->6
[588.318s][info][gc,metaspace] GC(1353) Metaspace: 43187K(43584K)->43187K(43584K) NonClass: 40367K(40640K)->40367K(40640K) Class: 2820K(2944K)->2820K(2944K)
[588.318s][info][gc          ] GC(1353) Pause Young (Concurrent Start) (G1 Evacuation Pause) 409M->358M(555M) 49.379ms
[588.318s][info][gc,cpu      ] GC(1353) User=0.10s Sys=0.00s Real=0.05s
[588.318s][info][gc          ] GC(1354) Concurrent Mark Cycle
[588.318s][info][gc,marking  ] GC(1354) Concurrent Scan Root Regions
[588.343s][info][gc,marking  ] GC(1354) Concurrent Scan Root Regions 24.595ms
[588.343s][info][gc,marking  ] GC(1354) Concurrent Mark
[588.343s][info][gc,marking  ] GC(1354) Concurrent Mark From Roots
[588.343s][info][gc,task     ] GC(1354) Using 1 workers of 1 for marking
[588.503s][info][gc,marking  ] GC(1354) Concurrent Mark From Roots 159.911ms
[588.503s][info][gc,marking  ] GC(1354) Concurrent Preclean
[588.503s][info][gc,marking  ] GC(1354) Concurrent Preclean 0.053ms
[588.504s][info][gc,start    ] GC(1354) Pause Remark
[588.519s][info][gc          ] GC(1354) Pause Remark 406M->379M(555M) 15.216ms
[588.519s][info][gc,cpu      ] GC(1354) User=0.03s Sys=0.00s Real=0.01s
[588.519s][info][gc,marking  ] GC(1354) Concurrent Mark 176.203ms
[588.519s][info][gc,marking  ] GC(1354) Concurrent Rebuild Remembered Sets and Scrub Regions
[588.626s][info][gc,marking  ] GC(1354) Concurrent Rebuild Remembered Sets and Scrub Regions 107.182ms
[588.627s][info][gc,start    ] GC(1354) Pause Cleanup
[588.627s][info][gc          ] GC(1354) Pause Cleanup 407M->407M(555M) 0.113ms
[588.627s][info][gc,cpu      ] GC(1354) User=0.00s Sys=0.00s Real=0.00s
[588.627s][info][gc,marking  ] GC(1354) Concurrent Clear Claimed Marks
[588.627s][info][gc,marking  ] GC(1354) Concurrent Clear Claimed Marks 0.048ms
[588.627s][info][gc,marking  ] GC(1354) Concurrent Cleanup for Next Mark
[588.629s][info][gc,marking  ] GC(1354) Concurrent Cleanup for Next Mark 2.501ms
[588.629s][info][gc          ] GC(1354) Concurrent Mark Cycle 311.036ms
[588.644s][info][gc,start    ] GC(1355) Pause Young (Prepare Mixed) (G1 Evacuation Pause)
[588.644s][info][gc,task     ] GC(1355) Using 2 workers of 2 for evacuation
[588.673s][info][gc,phases   ] GC(1355)   Pre Evacuate Collection Set: 0.21ms
[588.673s][info][gc,phases   ] GC(1355)   Merge Heap Roots: 0.36ms
[588.673s][info][gc,phases   ] GC(1355)   Evacuate Collection Set: 27.66ms
[588.673s][info][gc,phases   ] GC(1355)   Post Evacuate Collection Set: 0.43ms
[588.673s][info][gc,phases   ] GC(1355)   Other: 0.09ms
[588.673s][info][gc,heap     ] GC(1355) Eden regions: 80->0(89)
[588.673s][info][gc,heap     ] GC(1355) Survivor regions: 14->12(12)
[588.673s][info][gc,heap     ] GC(1355) Old regions: 313->333
[588.673s][info][gc,heap     ] GC(1355) Humongous regions: 6->6
[588.673s][info][gc,metaspace] GC(1355) Metaspace: 43187K(43584K)->43187K(43584K) NonClass: 40367K(40640K)->40367K(40640K) Class: 2820K(2944K)->2820K(2944K)
[588.673s][info][gc          ] GC(1355) Pause Young (Prepare Mixed) (G1 Evacuation Pause) 412M->350M(555M) 28.921ms
[588.673s][info][gc,cpu      ] GC(1355) User=0.05s Sys=0.00s Real=0.03s
[588.989s][info][gc,start    ] GC(1356) Pause Young (Mixed) (G1 Evacuation Pause)
[588.989s][info][gc,task     ] GC(1356) Using 2 workers of 2 for evacuation
[589.017s][info][gc,phases   ] GC(1356)   Pre Evacuate Collection Set: 0.31ms
[589.017s][info][gc,phases   ] GC(1356)   Merge Heap Roots: 0.33ms
[589.017s][info][gc,phases   ] GC(1356)   Evacuate Collection Set: 26.83ms
[589.017s][info][gc,phases   ] GC(1356)   Post Evacuate Collection Set: 0.51ms
[589.017s][info][gc,phases   ] GC(1356)   Other: 0.11ms
[589.017s][info][gc,heap     ] GC(1356) Eden regions: 89->0(112)
[589.017s][info][gc,heap     ] GC(1356) Survivor regions: 12->13(13)
[589.017s][info][gc,heap     ] GC(1356) Old regions: 333->293
[589.017s][info][gc,heap     ] GC(1356) Humongous regions: 6->6
[589.017s][info][gc,metaspace] GC(1356) Metaspace: 43187K(43584K)->43187K(43584K) NonClass: 40367K(40640K)->40367K(40640K) Class: 2820K(2944K)->2820K(2944K)
[589.017s][info][gc          ] GC(1356) Pause Young (Mixed) (G1 Evacuation Pause) 439M->311M(555M) 28.300ms
[589.017s][info][gc,cpu      ] GC(1356) User=0.06s Sys=0.01s Real=0.03s
[589.397s][info][gc,start    ] GC(1357) Pause Young (Mixed) (G1 Evacuation Pause)
[589.397s][info][gc,task     ] GC(1357) Using 2 workers of 2 for evacuation
[589.437s][info][gc,phases   ] GC(1357)   Pre Evacuate Collection Set: 0.38ms
[589.437s][info][gc,phases   ] GC(1357)   Merge Heap Roots: 0.46ms
[589.437s][info][gc,phases   ] GC(1357)   Evacuate Collection Set: 37.46ms
[589.437s][info][gc,phases   ] GC(1357)   Post Evacuate Collection Set: 1.41ms
[589.437s][info][gc,phases   ] GC(1357)   Other: 0.09ms
[589.437s][info][gc,heap     ] GC(1357) Eden regions: 112->0(179)
[589.437s][info][gc,heap     ] GC(1357) Survivor regions: 13->16(16)
[589.437s][info][gc,heap     ] GC(1357) Old regions: 293->257
[589.437s][info][gc,heap     ] GC(1357) Humongous regions: 6->6
[589.437s][info][gc,metaspace] GC(1357) Metaspace: 43187K(43584K)->43187K(43584K) NonClass: 40367K(40640K)->40367K(40640K) Class: 2820K(2944K)->2820K(2944K)
[589.437s][info][gc          ] GC(1357) Pause Young (Mixed) (G1 Evacuation Pause) 423M->278M(666M) 40.025ms
[589.437s][info][gc,cpu      ] GC(1357) User=0.08s Sys=0.00s Real=0.04s
[590.192s][info][gc,start    ] GC(1358) Pause Young (Mixed) (G1 Evacuation Pause)
[590.192s][info][gc,task     ] GC(1358) Using 2 workers of 2 for evacuation
[590.254s][info][gc,phases   ] GC(1358)   Pre Evacuate Collection Set: 0.41ms
[590.255s][info][gc,phases   ] GC(1358)   Merge Heap Roots: 0.95ms
[590.255s][info][gc,phases   ] GC(1358)   Evacuate Collection Set: 60.53ms
[590.255s][info][gc,phases   ] GC(1358)   Post Evacuate Collection Set: 0.62ms
[590.255s][info][gc,phases   ] GC(1358)   Other: 0.08ms
[590.255s][info][gc,heap     ] GC(1358) Eden regions: 179->0(174)
[590.255s][info][gc,heap     ] GC(1358) Survivor regions: 16->25(25)
[590.255s][info][gc,heap     ] GC(1358) Old regions: 257->274
[590.255s][info][gc,heap     ] GC(1358) Humongous regions: 8->7
[590.255s][info][gc,metaspace] GC(1358) Metaspace: 43187K(43584K)->43187K(43584K) NonClass: 40367K(40640K)->40367K(40640K) Class: 2820K(2944K)->2820K(2944K)
[590.255s][info][gc          ] GC(1358) Pause Young (Mixed) (G1 Evacuation Pause) 459M->305M(666M) 62.813ms
[590.255s][info][gc,cpu      ] GC(1358) User=0.12s Sys=0.00s Real=0.06s
[590.639s][info][gc,start    ] GC(1359) Pause Young (Concurrent Start) (G1 Humongous Allocation)
[590.639s][info][gc,task     ] GC(1359) Using 2 workers of 2 for evacuation
[590.669s][info][gc,phases   ] GC(1359)   Pre Evacuate Collection Set: 0.32ms
[590.669s][info][gc,phases   ] GC(1359)   Merge Heap Roots: 0.21ms
[590.669s][info][gc,phases   ] GC(1359)   Evacuate Collection Set: 28.73ms
[590.669s][info][gc,phases   ] GC(1359)   Post Evacuate Collection Set: 0.44ms
[590.669s][info][gc,phases   ] GC(1359)   Other: 0.18ms
[590.669s][info][gc,heap     ] GC(1359) Eden regions: 116->0(180)
[590.669s][info][gc,heap     ] GC(1359) Survivor regions: 25->11(25)
[590.669s][info][gc,heap     ] GC(1359) Old regions: 274->299
[590.669s][info][gc,heap     ] GC(1359) Humongous regions: 7->7
[590.669s][info][gc,metaspace] GC(1359) Metaspace: 43187K(43584K)->43187K(43584K) NonClass: 40367K(40640K)->40367K(40640K) Class: 2820K(2944K)->2820K(2944K)
[590.669s][info][gc          ] GC(1359) Pause Young (Concurrent Start) (G1 Humongous Allocation) 421M->316M(666M) 30.113ms
[590.669s][info][gc,cpu      ] GC(1359) User=0.06s Sys=0.00s Real=0.03s
[590.669s][info][gc          ] GC(1360) Concurrent Mark Cycle
[590.670s][info][gc,marking  ] GC(1360) Concurrent Scan Root Regions
[590.686s][info][gc,marking  ] GC(1360) Concurrent Scan Root Regions 16.425ms
[590.686s][info][gc,marking  ] GC(1360) Concurrent Mark
[590.686s][info][gc,marking  ] GC(1360) Concurrent Mark From Roots
[590.686s][info][gc,task     ] GC(1360) Using 1 workers of 1 for marking
[590.782s][info][gc,marking  ] GC(1360) Concurrent Mark From Roots 96.225ms
[590.782s][info][gc,marking  ] GC(1360) Concurrent Preclean
[590.782s][info][gc,marking  ] GC(1360) Concurrent Preclean 0.053ms
[590.783s][info][gc,start    ] GC(1360) Pause Remark
[590.798s][info][gc          ] GC(1360) Pause Remark 349M->232M(666M) 15.630ms
[590.798s][info][gc,cpu      ] GC(1360) User=0.03s Sys=0.00s Real=0.01s
[590.798s][info][gc,marking  ] GC(1360) Concurrent Mark 112.289ms
[590.798s][info][gc,marking  ] GC(1360) Concurrent Rebuild Remembered Sets and Scrub Regions
[590.850s][info][gc,marking  ] GC(1360) Concurrent Rebuild Remembered Sets and Scrub Regions 51.492ms
[590.850s][info][gc,start    ] GC(1360) Pause Cleanup
[590.850s][info][gc          ] GC(1360) Pause Cleanup 247M->247M(666M) 0.082ms
[590.850s][info][gc,cpu      ] GC(1360) User=0.00s Sys=0.00s Real=0.00s
[590.850s][info][gc,marking  ] GC(1360) Concurrent Clear Claimed Marks
[590.850s][info][gc,marking  ] GC(1360) Concurrent Clear Claimed Marks 0.037ms
[590.850s][info][gc,marking  ] GC(1360) Concurrent Cleanup for Next Mark
[590.853s][info][gc,marking  ] GC(1360) Concurrent Cleanup for Next Mark 3.032ms
[590.853s][info][gc          ] GC(1360) Concurrent Mark Cycle 183.818ms
[591.302s][info][gc,start    ] GC(1361) Pause Young (Prepare Mixed) (G1 Evacuation Pause)
[591.302s][info][gc,task     ] GC(1361) Using 2 workers of 2 for evacuation
[591.327s][info][gc,phases   ] GC(1361)   Pre Evacuate Collection Set: 0.26ms
[591.327s][info][gc,phases   ] GC(1361)   Merge Heap Roots: 0.13ms
[591.327s][info][gc,phases   ] GC(1361)   Evacuate Collection Set: 24.12ms
[591.327s][info][gc,phases   ] GC(1361)   Post Evacuate Collection Set: 0.50ms
[591.327s][info][gc,phases   ] GC(1361)   Other: 0.10ms
[591.327s][info][gc,heap     ] GC(1361) Eden regions: 180->0(229)
[591.327s][info][gc,heap     ] GC(1361) Survivor regions: 11->24(24)
[591.327s][info][gc,heap     ] GC(1361) Old regions: 185->199
[591.327s][info][gc,heap     ] GC(1361) Humongous regions: 7->5
[591.327s][info][gc,metaspace] GC(1361) Metaspace: 43187K(43584K)->43187K(43584K) NonClass: 40367K(40640K)->40367K(40640K) Class: 2820K(2944K)->2820K(2944K)
[591.327s][info][gc          ] GC(1361) Pause Young (Prepare Mixed) (G1 Evacuation Pause) 382M->228M(666M) 25.311ms
[591.327s][info][gc,cpu      ] GC(1361) User=0.05s Sys=0.00s Real=0.02s
[592.102s][info][gc,start    ] GC(1362) Pause Young (Mixed) (G1 Evacuation Pause)
[592.102s][info][gc,task     ] GC(1362) Using 2 workers of 2 for evacuation
[592.136s][info][gc,phases   ] GC(1362)   Pre Evacuate Collection Set: 0.31ms
[592.136s][info][gc,phases   ] GC(1362)   Merge Heap Roots: 0.27ms
[592.136s][info][gc,phases   ] GC(1362)   Evacuate Collection Set: 32.42ms
[592.136s][info][gc,phases   ] GC(1362)   Post Evacuate Collection Set: 0.57ms
[592.136s][info][gc,phases   ] GC(1362)   Other: 0.08ms
[592.136s][info][gc,heap     ] GC(1362) Eden regions: 229->0(260)
[592.136s][info][gc,heap     ] GC(1362) Survivor regions: 24->28(32)
[592.136s][info][gc,heap     ] GC(1362) Old regions: 199->159
[592.136s][info][gc,heap     ] GC(1362) Humongous regions: 7->5
[592.136s][info][gc,metaspace] GC(1362) Metaspace: 43187K(43584K)->43187K(43584K) NonClass: 40367K(40640K)->40367K(40640K) Class: 2820K(2944K)->2820K(2944K)
[592.136s][info][gc          ] GC(1362) Pause Young (Mixed) (G1 Evacuation Pause) 459M->191M(666M) 33.829ms
[592.136s][info][gc,cpu      ] GC(1362) User=0.06s Sys=0.00s Real=0.03s
[592.146s][info][gc,start    ] GC(1363) Pause Young (Concurrent Start) (G1 Humongous Allocation)
[592.146s][info][gc,task     ] GC(1363) Using 2 workers of 2 for evacuation
[592.164s][info][gc,phases   ] GC(1363)   Pre Evacuate Collection Set: 0.24ms
[592.164s][info][gc,phases   ] GC(1363)   Merge Heap Roots: 0.06ms
[592.164s][info][gc,phases   ] GC(1363)   Evacuate Collection Set: 17.12ms
[592.164s][info][gc,phases   ] GC(1363)   Post Evacuate Collection Set: 0.31ms
[592.164s][info][gc,phases   ] GC(1363)   Other: 0.09ms
[592.164s][info][gc,heap     ] GC(1363) Eden regions: 4->0(222)
[592.164s][info][gc,heap     ] GC(1363) Survivor regions: 28->3(36)
[592.164s][info][gc,heap     ] GC(1363) Old regions: 159->186
[592.164s][info][gc,heap     ] GC(1363) Humongous regions: 5->5
[592.164s][info][gc,metaspace] GC(1363) Metaspace: 43187K(43584K)->43187K(43584K) NonClass: 40367K(40640K)->40367K(40640K) Class: 2820K(2944K)->2820K(2944K)
[592.164s][info][gc          ] GC(1363) Pause Young (Concurrent Start) (G1 Humongous Allocation) 194M->193M(666M) 17.977ms
[592.164s][info][gc,cpu      ] GC(1363) User=0.04s Sys=0.00s Real=0.02s
[592.164s][info][gc          ] GC(1364) Concurrent Mark Cycle
[592.164s][info][gc,marking  ] GC(1364) Concurrent Scan Root Regions
[592.176s][info][gc,marking  ] GC(1364) Concurrent Scan Root Regions 11.750ms
[592.176s][info][gc,marking  ] GC(1364) Concurrent Mark
[592.176s][info][gc,marking  ] GC(1364) Concurrent Mark From Roots
[592.176s][info][gc,task     ] GC(1364) Using 1 workers of 1 for marking
[592.280s][info][gc,marking  ] GC(1364) Concurrent Mark From Roots 104.058ms
[592.280s][info][gc,marking  ] GC(1364) Concurrent Preclean
[592.280s][info][gc,marking  ] GC(1364) Concurrent Preclean 0.056ms
[592.280s][info][gc,start    ] GC(1364) Pause Remark
[592.295s][info][gc          ] GC(1364) Pause Remark 225M->180M(500M) 15.231ms
[592.295s][info][gc,cpu      ] GC(1364) User=0.03s Sys=0.00s Real=0.02s
[592.295s][info][gc,marking  ] GC(1364) Concurrent Mark 119.619ms
[592.296s][info][gc,marking  ] GC(1364) Concurrent Rebuild Remembered Sets and Scrub Regions
[592.350s][info][gc,marking  ] GC(1364) Concurrent Rebuild Remembered Sets and Scrub Regions 54.848ms
[592.351s][info][gc,start    ] GC(1364) Pause Cleanup
[592.351s][info][gc          ] GC(1364) Pause Cleanup 197M->197M(500M) 0.056ms
[592.351s][info][gc,cpu      ] GC(1364) User=0.00s Sys=0.00s Real=0.00s
[592.351s][info][gc,marking  ] GC(1364) Concurrent Clear Claimed Marks
[592.351s][info][gc,marking  ] GC(1364) Concurrent Clear Claimed Marks 0.045ms
[592.351s][info][gc,marking  ] GC(1364) Concurrent Cleanup for Next Mark
[592.352s][info][gc,marking  ] GC(1364) Concurrent Cleanup for Next Mark 1.462ms
[592.352s][info][gc          ] GC(1364) Concurrent Mark Cycle 188.066ms
[592.870s][info][gc,start    ] GC(1365) Pause Young (Prepare Mixed) (G1 Evacuation Pause)
[592.871s][info][gc,task     ] GC(1365) Using 2 workers of 2 for evacuation
[592.898s][info][gc,phases   ] GC(1365)   Pre Evacuate Collection Set: 0.36ms
[592.898s][info][gc,phases   ] GC(1365)   Merge Heap Roots: 0.40ms
[592.898s][info][gc,phases   ] GC(1365)   Evacuate Collection Set: 25.92ms
[592.898s][info][gc,phases   ] GC(1365)   Post Evacuate Collection Set: 0.55ms
[592.898s][info][gc,phases   ] GC(1365)   Other: 0.08ms
[592.898s][info][gc,heap     ] GC(1365) Eden regions: 222->0(161)
[592.898s][info][gc,heap     ] GC(1365) Survivor regions: 3->29(29)
[592.898s][info][gc,heap     ] GC(1365) Old regions: 142->149
[592.898s][info][gc,heap     ] GC(1365) Humongous regions: 7->5
[592.898s][info][gc,metaspace] GC(1365) Metaspace: 43187K(43584K)->43187K(43584K) NonClass: 40367K(40640K)->40367K(40640K) Class: 2820K(2944K)->2820K(2944K)
[592.898s][info][gc          ] GC(1365) Pause Young (Prepare Mixed) (G1 Evacuation Pause) 373M->182M(500M) 27.514ms
[592.898s][info][gc,cpu      ] GC(1365) User=0.05s Sys=0.00s Real=0.03s
[593.379s][info][gc,start    ] GC(1366) Pause Young (Mixed) (G1 Evacuation Pause)
[593.379s][info][gc,task     ] GC(1366) Using 2 workers of 2 for evacuation
[593.402s][info][gc,phases   ] GC(1366)   Pre Evacuate Collection Set: 0.33ms
[593.402s][info][gc,phases   ] GC(1366)   Merge Heap Roots: 0.23ms
[593.402s][info][gc,phases   ] GC(1366)   Evacuate Collection Set: 21.74ms
[593.402s][info][gc,phases   ] GC(1366)   Post Evacuate Collection Set: 0.47ms
[593.402s][info][gc,phases   ] GC(1366)   Other: 0.08ms
[593.402s][info][gc,heap     ] GC(1366) Eden regions: 161->0(183)
[593.402s][info][gc,heap     ] GC(1366) Survivor regions: 29->2(24)
[593.402s][info][gc,heap     ] GC(1366) Old regions: 149->167
[593.402s][info][gc,heap     ] GC(1366) Humongous regions: 5->5
[593.402s][info][gc,metaspace] GC(1366) Metaspace: 43187K(43584K)->43187K(43584K) NonClass: 40367K(40640K)->40367K(40640K) Class: 2820K(2944K)->2820K(2944K)
[593.402s][info][gc          ] GC(1366) Pause Young (Mixed) (G1 Evacuation Pause) 343M->173M(500M) 23.067ms
[593.402s][info][gc,cpu      ] GC(1366) User=0.04s Sys=0.00s Real=0.03s
[593.611s][info][gc,start    ] GC(1367) Pause Young (Concurrent Start) (G1 Humongous Allocation)
[593.611s][info][gc,task     ] GC(1367) Using 2 workers of 2 for evacuation
[593.614s][info][gc,phases   ] GC(1367)   Pre Evacuate Collection Set: 0.24ms
[593.614s][info][gc,phases   ] GC(1367)   Merge Heap Roots: 0.05ms
[593.614s][info][gc,phases   ] GC(1367)   Evacuate Collection Set: 2.58ms
[593.614s][info][gc,phases   ] GC(1367)   Post Evacuate Collection Set: 0.34ms
[593.614s][info][gc,phases   ] GC(1367)   Other: 0.09ms
[593.614s][info][gc,heap     ] GC(1367) Eden regions: 70->0(200)
[593.615s][info][gc,heap     ] GC(1367) Survivor regions: 2->2(24)
[593.615s][info][gc,heap     ] GC(1367) Old regions: 167->167
[593.615s][info][gc,heap     ] GC(1367) Humongous regions: 5->5
[593.615s][info][gc,metaspace] GC(1367) Metaspace: 43187K(43584K)->43187K(43584K) NonClass: 40367K(40640K)->40367K(40640K) Class: 2820K(2944K)->2820K(2944K)
[593.615s][info][gc          ] GC(1367) Pause Young (Concurrent Start) (G1 Humongous Allocation) 243M->173M(500M) 3.502ms
[593.615s][info][gc,cpu      ] GC(1367) User=0.00s Sys=0.00s Real=0.01s
[593.615s][info][gc          ] GC(1368) Concurrent Mark Cycle
[593.615s][info][gc,marking  ] GC(1368) Concurrent Scan Root Regions
[593.615s][info][gc,marking  ] GC(1368) Concurrent Scan Root Regions 0.811ms
[593.615s][info][gc,marking  ] GC(1368) Concurrent Mark
[593.615s][info][gc,marking  ] GC(1368) Concurrent Mark From Roots
[593.615s][info][gc,task     ] GC(1368) Using 1 workers of 1 for marking
[593.694s][info][gc,marking  ] GC(1368) Concurrent Mark From Roots 78.382ms
[593.694s][info][gc,marking  ] GC(1368) Concurrent Preclean
[593.694s][info][gc,marking  ] GC(1368) Concurrent Preclean 0.048ms
[593.694s][info][gc,start    ] GC(1368) Pause Remark
[593.712s][info][gc          ] GC(1368) Pause Remark 199M->140M(387M) 17.614ms
[593.712s][info][gc,cpu      ] GC(1368) User=0.03s Sys=0.00s Real=0.01s
[593.714s][info][gc,marking  ] GC(1368) Concurrent Mark 98.340ms
[593.714s][info][gc,marking  ] GC(1368) Concurrent Rebuild Remembered Sets and Scrub Regions
[593.745s][info][gc,marking  ] GC(1368) Concurrent Rebuild Remembered Sets and Scrub Regions 31.177ms
[593.745s][info][gc,start    ] GC(1368) Pause Cleanup
[593.745s][info][gc          ] GC(1368) Pause Cleanup 151M->151M(387M) 0.055ms
[593.745s][info][gc,cpu      ] GC(1368) User=0.00s Sys=0.00s Real=0.00s
[593.745s][info][gc,marking  ] GC(1368) Concurrent Clear Claimed Marks
[593.745s][info][gc,marking  ] GC(1368) Concurrent Clear Claimed Marks 0.034ms
[593.745s][info][gc,marking  ] GC(1368) Concurrent Cleanup for Next Mark
[593.746s][info][gc,marking  ] GC(1368) Concurrent Cleanup for Next Mark 1.091ms
[593.746s][info][gc          ] GC(1368) Concurrent Mark Cycle 131.797ms
[594.183s][info][gc,start    ] GC(1369) Pause Young (Prepare Mixed) (G1 Evacuation Pause)
[594.183s][info][gc,task     ] GC(1369) Using 2 workers of 2 for evacuation
[594.191s][info][gc,phases   ] GC(1369)   Pre Evacuate Collection Set: 0.22ms
[594.191s][info][gc,phases   ] GC(1369)   Merge Heap Roots: 0.07ms
[594.191s][info][gc,phases   ] GC(1369)   Evacuate Collection Set: 7.11ms
[594.191s][info][gc,phases   ] GC(1369)   Post Evacuate Collection Set: 0.59ms
[594.191s][info][gc,phases   ] GC(1369)   Other: 0.06ms
[594.191s][info][gc,heap     ] GC(1369) Eden regions: 200->0(181)
[594.191s][info][gc,heap     ] GC(1369) Survivor regions: 2->5(26)
[594.191s][info][gc,heap     ] GC(1369) Old regions: 110->110
[594.191s][info][gc,heap     ] GC(1369) Humongous regions: 4->1
[594.191s][info][gc,metaspace] GC(1369) Metaspace: 43187K(43584K)->43187K(43584K) NonClass: 40367K(40640K)->40367K(40640K) Class: 2820K(2944K)->2820K(2944K)
[594.191s][info][gc          ] GC(1369) Pause Young (Prepare Mixed) (G1 Evacuation Pause) 315M->116M(387M) 8.243ms
[594.191s][info][gc,cpu      ] GC(1369) User=0.00s Sys=0.00s Real=0.00s
[594.476s][info][gc,start    ] GC(1370) Pause Young (Mixed) (G1 Evacuation Pause)
[594.476s][info][gc,task     ] GC(1370) Using 2 workers of 2 for evacuation
[594.486s][info][gc,phases   ] GC(1370)   Pre Evacuate Collection Set: 0.25ms
[594.486s][info][gc,phases   ] GC(1370)   Merge Heap Roots: 0.10ms
[594.486s][info][gc,phases   ] GC(1370)   Evacuate Collection Set: 8.46ms
[594.486s][info][gc,phases   ] GC(1370)   Post Evacuate Collection Set: 0.71ms
[594.486s][info][gc,phases   ] GC(1370)   Other: 0.09ms
[594.486s][info][gc,heap     ] GC(1370) Eden regions: 181->0(211)
[594.486s][info][gc,heap     ] GC(1370) Survivor regions: 5->6(24)
[594.486s][info][gc,heap     ] GC(1370) Old regions: 110->76
[594.486s][info][gc,heap     ] GC(1370) Humongous regions: 1->1
[594.486s][info][gc,metaspace] GC(1370) Metaspace: 43187K(43584K)->43187K(43584K) NonClass: 40367K(40640K)->40367K(40640K) Class: 2820K(2944K)->2820K(2944K)
[594.486s][info][gc          ] GC(1370) Pause Young (Mixed) (G1 Evacuation Pause) 297M->82M(387M) 9.826ms
[594.486s][info][gc,cpu      ] GC(1370) User=0.01s Sys=0.00s Real=0.01s
[594.812s][info][gc,start    ] GC(1371) Pause Young (Concurrent Start) (G1 Evacuation Pause)
[594.812s][info][gc,task     ] GC(1371) Using 2 workers of 2 for evacuation
[594.817s][info][gc,phases   ] GC(1371)   Pre Evacuate Collection Set: 0.20ms
[594.817s][info][gc,phases   ] GC(1371)   Merge Heap Roots: 0.06ms
[594.817s][info][gc,phases   ] GC(1371)   Evacuate Collection Set: 3.61ms
[594.817s][info][gc,phases   ] GC(1371)   Post Evacuate Collection Set: 0.45ms
[594.817s][info][gc,phases   ] GC(1371)   Other: 0.08ms
[594.817s][info][gc,heap     ] GC(1371) Eden regions: 211->0(223)
[594.817s][info][gc,heap     ] GC(1371) Survivor regions: 6->6(28)
[594.817s][info][gc,heap     ] GC(1371) Old regions: 76->76
[594.817s][info][gc,heap     ] GC(1371) Humongous regions: 1->1
[594.817s][info][gc,metaspace] GC(1371) Metaspace: 43187K(43584K)->43187K(43584K) NonClass: 40367K(40640K)->40367K(40640K) Class: 2820K(2944K)->2820K(2944K)
[594.817s][info][gc          ] GC(1371) Pause Young (Concurrent Start) (G1 Evacuation Pause) 293M->82M(387M) 4.581ms
[594.817s][info][gc          ] GC(1372) Concurrent Mark Cycle
[594.817s][info][gc,marking  ] GC(1372) Concurrent Scan Root Regions
[594.819s][info][gc,cpu      ] GC(1371) User=0.01s Sys=0.00s Real=0.00s
[594.819s][info][gc,marking  ] GC(1372) Concurrent Scan Root Regions 2.452ms
[594.819s][info][gc,marking  ] GC(1372) Concurrent Mark
[594.819s][info][gc,marking  ] GC(1372) Concurrent Mark From Roots
[594.819s][info][gc,task     ] GC(1372) Using 1 workers of 1 for marking
[594.892s][info][gc,marking  ] GC(1372) Concurrent Mark From Roots 72.440ms
[594.892s][info][gc,marking  ] GC(1372) Concurrent Preclean
[594.892s][info][gc,marking  ] GC(1372) Concurrent Preclean 0.062ms
[594.892s][info][gc,start    ] GC(1372) Pause Remark
[594.907s][info][gc          ] GC(1372) Pause Remark 110M->105M(267M) 15.349ms
[594.907s][info][gc,cpu      ] GC(1372) User=0.03s Sys=0.00s Real=0.01s
[594.910s][info][gc,marking  ] GC(1372) Concurrent Mark 90.296ms
[594.910s][info][gc,marking  ] GC(1372) Concurrent Rebuild Remembered Sets and Scrub Regions
[594.949s][info][gc,marking  ] GC(1372) Concurrent Rebuild Remembered Sets and Scrub Regions 39.782ms
[594.950s][info][gc,start    ] GC(1372) Pause Cleanup
[594.950s][info][gc          ] GC(1372) Pause Cleanup 118M->118M(267M) 0.045ms
[594.950s][info][gc,cpu      ] GC(1372) User=0.00s Sys=0.00s Real=0.00s
[594.950s][info][gc,marking  ] GC(1372) Concurrent Clear Claimed Marks
[594.950s][info][gc,marking  ] GC(1372) Concurrent Clear Claimed Marks 0.036ms
[594.950s][info][gc,marking  ] GC(1372) Concurrent Cleanup for Next Mark
[594.950s][info][gc,marking  ] GC(1372) Concurrent Cleanup for Next Mark 0.781ms
[594.951s][info][gc          ] GC(1372) Concurrent Mark Cycle 133.700ms
[595.400s][info][gc,start    ] GC(1373) Pause Young (Prepare Mixed) (G1 Evacuation Pause)
[595.400s][info][gc,task     ] GC(1373) Using 2 workers of 2 for evacuation
[595.413s][info][gc,phases   ] GC(1373)   Pre Evacuate Collection Set: 0.21ms
[595.413s][info][gc,phases   ] GC(1373)   Merge Heap Roots: 0.12ms
[595.413s][info][gc,phases   ] GC(1373)   Evacuate Collection Set: 11.89ms
[595.413s][info][gc,phases   ] GC(1373)   Post Evacuate Collection Set: 1.08ms
[595.413s][info][gc,phases   ] GC(1373)   Other: 0.08ms
[595.413s][info][gc,heap     ] GC(1373) Eden regions: 93->0(241)
[595.413s][info][gc,heap     ] GC(1373) Survivor regions: 6->9(29)
[595.413s][info][gc,heap     ] GC(1373) Old regions: 71->71
[595.413s][info][gc,heap     ] GC(1373) Humongous regions: 239->3
[595.413s][info][gc,metaspace] GC(1373) Metaspace: 43187K(43584K)->43187K(43584K) NonClass: 40367K(40640K)->40367K(40640K) Class: 2820K(2944K)->2820K(2944K)
[595.413s][info][gc          ] GC(1373) Pause Young (Prepare Mixed) (G1 Evacuation Pause) 408M->82M(418M) 13.604ms
[595.413s][info][gc,cpu      ] GC(1373) User=0.02s Sys=0.01s Real=0.02s
[596.027s][info][gc,start    ] GC(1374) Pause Young (Mixed) (G1 Evacuation Pause)
[596.027s][info][gc,task     ] GC(1374) Using 2 workers of 2 for evacuation
[596.047s][info][gc,phases   ] GC(1374)   Pre Evacuate Collection Set: 0.29ms
[596.047s][info][gc,phases   ] GC(1374)   Merge Heap Roots: 0.09ms
[596.047s][info][gc,phases   ] GC(1374)   Evacuate Collection Set: 18.86ms
[596.047s][info][gc,phases   ] GC(1374)   Post Evacuate Collection Set: 1.17ms
[596.047s][info][gc,phases   ] GC(1374)   Other: 0.07ms
[596.047s][info][gc,heap     ] GC(1374) Eden regions: 65->0(320)
[596.047s][info][gc,heap     ] GC(1374) Survivor regions: 9->14(33)
[596.047s][info][gc,heap     ] GC(1374) Old regions: 71->64
[596.047s][info][gc,heap     ] GC(1374) Humongous regions: 397->3
[596.047s][info][gc,metaspace] GC(1374) Metaspace: 43187K(43584K)->43187K(43584K) NonClass: 40367K(40640K)->40367K(40640K) Class: 2820K(2944K)->2820K(2944K)
[596.047s][info][gc          ] GC(1374) Pause Young (Mixed) (G1 Evacuation Pause) 541M->80M(558M) 20.706ms
[596.047s][info][gc,cpu      ] GC(1374) User=0.02s Sys=0.01s Real=0.02s
[596.049s][info][gc,start    ] GC(1375) Pause Young (Concurrent Start) (G1 Humongous Allocation)
[596.049s][info][gc,task     ] GC(1375) Using 2 workers of 2 for evacuation
[596.060s][info][gc,phases   ] GC(1375)   Pre Evacuate Collection Set: 0.24ms
[596.060s][info][gc,phases   ] GC(1375)   Merge Heap Roots: 0.05ms
[596.060s][info][gc,phases   ] GC(1375)   Evacuate Collection Set: 10.14ms
[596.060s][info][gc,phases   ] GC(1375)   Post Evacuate Collection Set: 0.32ms
[596.060s][info][gc,phases   ] GC(1375)   Other: 0.07ms
[596.060s][info][gc,heap     ] GC(1375) Eden regions: 1->0(320)
[596.060s][info][gc,heap     ] GC(1375) Survivor regions: 14->14(42)
[596.060s][info][gc,heap     ] GC(1375) Old regions: 64->64
[596.060s][info][gc,heap     ] GC(1375) Humongous regions: 3->1
[596.060s][info][gc,metaspace] GC(1375) Metaspace: 43187K(43584K)->43187K(43584K) NonClass: 40367K(40640K)->40367K(40640K) Class: 2820K(2944K)->2820K(2944K)
[596.060s][info][gc          ] GC(1375) Pause Young (Concurrent Start) (G1 Humongous Allocation) 80M->78M(558M) 10.951ms
[596.060s][info][gc,cpu      ] GC(1375) User=0.02s Sys=0.00s Real=0.01s
[596.060s][info][gc          ] GC(1376) Concurrent Mark Cycle
[596.060s][info][gc,marking  ] GC(1376) Concurrent Scan Root Regions
[596.068s][info][gc,marking  ] GC(1376) Concurrent Scan Root Regions 7.383ms
[596.068s][info][gc,marking  ] GC(1376) Concurrent Mark
[596.068s][info][gc,marking  ] GC(1376) Concurrent Mark From Roots
[596.068s][info][gc,task     ] GC(1376) Using 1 workers of 1 for marking
[596.138s][info][gc,marking  ] GC(1376) Concurrent Mark From Roots 70.410ms
[596.138s][info][gc,marking  ] GC(1376) Concurrent Preclean
[596.138s][info][gc,marking  ] GC(1376) Concurrent Preclean 0.054ms
[596.138s][info][gc,start    ] GC(1376) Pause Remark
[596.154s][info][gc          ] GC(1376) Pause Remark 148M->148M(470M) 15.792ms
[596.154s][info][gc,cpu      ] GC(1376) User=0.03s Sys=0.00s Real=0.02s
[596.154s][info][gc,marking  ] GC(1376) Concurrent Mark 86.571ms
[596.154s][info][gc,marking  ] GC(1376) Concurrent Rebuild Remembered Sets and Scrub Regions
[596.181s][info][gc,marking  ] GC(1376) Concurrent Rebuild Remembered Sets and Scrub Regions 27.314ms
[596.182s][info][gc,start    ] GC(1376) Pause Cleanup
[596.182s][info][gc          ] GC(1376) Pause Cleanup 171M->171M(470M) 0.060ms
[596.182s][info][gc,cpu      ] GC(1376) User=0.00s Sys=0.00s Real=0.00s
[596.182s][info][gc,marking  ] GC(1376) Concurrent Clear Claimed Marks
[596.182s][info][gc,marking  ] GC(1376) Concurrent Clear Claimed Marks 0.046ms
[596.182s][info][gc,marking  ] GC(1376) Concurrent Cleanup for Next Mark
[596.185s][info][gc,marking  ] GC(1376) Concurrent Cleanup for Next Mark 3.136ms
[596.185s][info][gc          ] GC(1376) Concurrent Mark Cycle 124.730ms
[596.769s][info][gc,start    ] GC(1377) Pause Young (Prepare Mixed) (G1 Evacuation Pause)
[596.769s][info][gc,task     ] GC(1377) Using 2 workers of 2 for evacuation
[596.804s][info][gc,phases   ] GC(1377)   Pre Evacuate Collection Set: 0.31ms
[596.804s][info][gc,phases   ] GC(1377)   Merge Heap Roots: 0.08ms
[596.804s][info][gc,phases   ] GC(1377)   Evacuate Collection Set: 32.72ms
[596.804s][info][gc,phases   ] GC(1377)   Post Evacuate Collection Set: 1.22ms
[596.804s][info][gc,phases   ] GC(1377)   Other: 0.07ms
[596.804s][info][gc,heap     ] GC(1377) Eden regions: 81->0(336)
[596.804s][info][gc,heap     ] GC(1377) Survivor regions: 14->26(41)
[596.804s][info][gc,heap     ] GC(1377) Old regions: 64->64
[596.804s][info][gc,heap     ] GC(1377) Humongous regions: 419->1
[596.804s][info][gc,metaspace] GC(1377) Metaspace: 43187K(43584K)->43187K(43584K) NonClass: 40367K(40640K)->40367K(40640K) Class: 2820K(2944K)->2820K(2944K)
[596.804s][info][gc          ] GC(1377) Pause Young (Prepare Mixed) (G1 Evacuation Pause) 577M->90M(604M) 34.622ms
[596.804s][info][gc,cpu      ] GC(1377) User=0.05s Sys=0.01s Real=0.04s
[597.660s][info][gc,start    ] GC(1378) Pause Young (Mixed) (G1 Evacuation Pause)
[597.660s][info][gc,task     ] GC(1378) Using 2 workers of 2 for evacuation
[597.674s][info][gc,phases   ] GC(1378)   Pre Evacuate Collection Set: 0.30ms
[597.674s][info][gc,phases   ] GC(1378)   Merge Heap Roots: 0.11ms
[597.674s][info][gc,phases   ] GC(1378)   Evacuate Collection Set: 12.00ms
[597.674s][info][gc,phases   ] GC(1378)   Post Evacuate Collection Set: 0.66ms
[597.674s][info][gc,phases   ] GC(1378)   Other: 0.08ms
[597.674s][info][gc,heap     ] GC(1378) Eden regions: 191->0(367)
[597.674s][info][gc,heap     ] GC(1378) Survivor regions: 26->6(46)
[597.674s][info][gc,heap     ] GC(1378) Old regions: 64->62
[597.674s][info][gc,heap     ] GC(1378) Humongous regions: 331->1
[597.674s][info][gc,metaspace] GC(1378) Metaspace: 43187K(43584K)->43187K(43584K) NonClass: 40367K(40640K)->40367K(40640K) Class: 2820K(2944K)->2820K(2944K)
[597.674s][info][gc          ] GC(1378) Pause Young (Mixed) (G1 Evacuation Pause) 611M->67M(623M) 13.353ms
[597.674s][info][gc,cpu      ] GC(1378) User=0.02s Sys=0.00s Real=0.02s
[597.708s][info][gc,start    ] GC(1379) Pause Young (Concurrent Start) (G1 Humongous Allocation)
[597.708s][info][gc,task     ] GC(1379) Using 2 workers of 2 for evacuation
[597.714s][info][gc,phases   ] GC(1379)   Pre Evacuate Collection Set: 0.24ms
[597.714s][info][gc,phases   ] GC(1379)   Merge Heap Roots: 0.09ms
[597.714s][info][gc,phases   ] GC(1379)   Evacuate Collection Set: 4.47ms
[597.714s][info][gc,phases   ] GC(1379)   Post Evacuate Collection Set: 0.32ms
[597.714s][info][gc,phases   ] GC(1379)   Other: 0.12ms
[597.714s][info][gc,heap     ] GC(1379) Eden regions: 17->0(366)
[597.714s][info][gc,heap     ] GC(1379) Survivor regions: 6->7(47)
[597.714s][info][gc,heap     ] GC(1379) Old regions: 62->62
[597.714s][info][gc,heap     ] GC(1379) Humongous regions: 1->1
[597.714s][info][gc,metaspace] GC(1379) Metaspace: 43187K(43584K)->43187K(43584K) NonClass: 40367K(40640K)->40367K(40640K) Class: 2820K(2944K)->2820K(2944K)
[597.714s][info][gc          ] GC(1379) Pause Young (Concurrent Start) (G1 Humongous Allocation) 84M->68M(623M) 5.408ms
[597.714s][info][gc          ] GC(1380) Concurrent Mark Cycle
[597.714s][info][gc,marking  ] GC(1380) Concurrent Scan Root Regions
[597.716s][info][gc,cpu      ] GC(1379) User=0.01s Sys=0.00s Real=0.01s
[597.717s][info][gc,marking  ] GC(1380) Concurrent Scan Root Regions 3.050ms
[597.717s][info][gc,marking  ] GC(1380) Concurrent Mark
[597.717s][info][gc,marking  ] GC(1380) Concurrent Mark From Roots
[597.717s][info][gc,task     ] GC(1380) Using 1 workers of 1 for marking
[597.836s][info][gc,marking  ] GC(1380) Concurrent Mark From Roots 118.918ms
[597.836s][info][gc,marking  ] GC(1380) Concurrent Preclean
[597.836s][info][gc,marking  ] GC(1380) Concurrent Preclean 0.131ms
[597.836s][info][gc,start    ] GC(1380) Pause Remark
[597.856s][info][gc          ] GC(1380) Pause Remark 115M->113M(256M) 20.089ms
[597.856s][info][gc,cpu      ] GC(1380) User=0.04s Sys=0.00s Real=0.02s
[597.856s][info][gc,marking  ] GC(1380) Concurrent Mark 139.410ms
[597.856s][info][gc,marking  ] GC(1380) Concurrent Rebuild Remembered Sets and Scrub Regions
[597.897s][info][gc,marking  ] GC(1380) Concurrent Rebuild Remembered Sets and Scrub Regions 40.329ms
[597.897s][info][gc,start    ] GC(1380) Pause Cleanup
[597.897s][info][gc          ] GC(1380) Pause Cleanup 131M->131M(256M) 0.046ms
[597.897s][info][gc,cpu      ] GC(1380) User=0.00s Sys=0.00s Real=0.00s
[597.897s][info][gc,marking  ] GC(1380) Concurrent Clear Claimed Marks
[597.897s][info][gc,marking  ] GC(1380) Concurrent Clear Claimed Marks 0.038ms
[597.897s][info][gc,marking  ] GC(1380) Concurrent Cleanup for Next Mark
[597.898s][info][gc,marking  ] GC(1380) Concurrent Cleanup for Next Mark 1.029ms
[597.898s][info][gc          ] GC(1380) Concurrent Mark Cycle 184.196ms
[598.080s][info][gc,start    ] GC(1381) Pause Young (Prepare Mixed) (G1 Evacuation Pause)
[598.080s][info][gc,task     ] GC(1381) Using 2 workers of 2 for evacuation
[598.088s][info][gc,phases   ] GC(1381)   Pre Evacuate Collection Set: 0.27ms
[598.088s][info][gc,phases   ] GC(1381)   Merge Heap Roots: 0.10ms
[598.088s][info][gc,phases   ] GC(1381)   Evacuate Collection Set: 6.44ms
[598.088s][info][gc,phases   ] GC(1381)   Post Evacuate Collection Set: 0.58ms
[598.088s][info][gc,phases   ] GC(1381)   Other: 0.07ms
[598.088s][info][gc,heap     ] GC(1381) Eden regions: 146->0(144)
[598.088s][info][gc,heap     ] GC(1381) Survivor regions: 7->9(20)
[598.088s][info][gc,heap     ] GC(1381) Old regions: 60->60
[598.088s][info][gc,heap     ] GC(1381) Humongous regions: 5->1
[598.088s][info][gc,metaspace] GC(1381) Metaspace: 43197K(43584K)->43197K(43584K) NonClass: 40377K(40640K)->40377K(40640K) Class: 2820K(2944K)->2820K(2944K)
[598.088s][info][gc          ] GC(1381) Pause Young (Prepare Mixed) (G1 Evacuation Pause) 216M->68M(256M) 7.646ms
[598.088s][info][gc,cpu      ] GC(1381) User=0.01s Sys=0.01s Real=0.01s
[598.392s][info][gc,start    ] GC(1382) Pause Young (Mixed) (G1 Evacuation Pause)
[598.392s][info][gc,task     ] GC(1382) Using 2 workers of 2 for evacuation
[598.401s][info][gc,phases   ] GC(1382)   Pre Evacuate Collection Set: 0.19ms
[598.401s][info][gc,phases   ] GC(1382)   Merge Heap Roots: 0.08ms
[598.401s][info][gc,phases   ] GC(1382)   Evacuate Collection Set: 8.08ms
[598.401s][info][gc,phases   ] GC(1382)   Post Evacuate Collection Set: 0.56ms
[598.401s][info][gc,phases   ] GC(1382)   Other: 0.07ms
[598.401s][info][gc,heap     ] GC(1382) Eden regions: 144->0(143)
[598.401s][info][gc,heap     ] GC(1382) Survivor regions: 9->10(20)
[598.401s][info][gc,heap     ] GC(1382) Old regions: 60->56
[598.401s][info][gc,heap     ] GC(1382) Humongous regions: 1->1
[598.401s][info][gc,metaspace] GC(1382) Metaspace: 43197K(43584K)->43197K(43584K) NonClass: 40377K(40640K)->40377K(40640K) Class: 2820K(2944K)->2820K(2944K)
[598.401s][info][gc          ] GC(1382) Pause Young (Mixed) (G1 Evacuation Pause) 212M->66M(256M) 9.177ms
[598.401s][info][gc,cpu      ] GC(1382) User=0.02s Sys=0.00s Real=0.00s
[598.699s][info][gc,start    ] GC(1383) Pause Young (Concurrent Start) (G1 Evacuation Pause)
[598.699s][info][gc,task     ] GC(1383) Using 2 workers of 2 for evacuation
[598.706s][info][gc,phases   ] GC(1383)   Pre Evacuate Collection Set: 0.15ms
[598.706s][info][gc,phases   ] GC(1383)   Merge Heap Roots: 0.08ms
[598.706s][info][gc,phases   ] GC(1383)   Evacuate Collection Set: 6.00ms
[598.706s][info][gc,phases   ] GC(1383)   Post Evacuate Collection Set: 0.44ms
[598.706s][info][gc,phases   ] GC(1383)   Other: 0.13ms
[598.706s][info][gc,heap     ] GC(1383) Eden regions: 143->0(144)
[598.706s][info][gc,heap     ] GC(1383) Survivor regions: 10->9(20)
[598.706s][info][gc,heap     ] GC(1383) Old regions: 56->56
[598.706s][info][gc,heap     ] GC(1383) Humongous regions: 1->1
[598.706s][info][gc,metaspace] GC(1383) Metaspace: 43197K(43584K)->43197K(43584K) NonClass: 40377K(40640K)->40377K(40640K) Class: 2820K(2944K)->2820K(2944K)
[598.706s][info][gc          ] GC(1383) Pause Young (Concurrent Start) (G1 Evacuation Pause) 209M->65M(256M) 7.012ms
[598.706s][info][gc,cpu      ] GC(1383) User=0.01s Sys=0.00s Real=0.01s
[598.707s][info][gc          ] GC(1384) Concurrent Mark Cycle
[598.707s][info][gc,marking  ] GC(1384) Concurrent Scan Root Regions
[598.720s][info][gc,marking  ] GC(1384) Concurrent Scan Root Regions 12.927ms
[598.720s][info][gc,marking  ] GC(1384) Concurrent Mark
[598.720s][info][gc,marking  ] GC(1384) Concurrent Mark From Roots
[598.720s][info][gc,task     ] GC(1384) Using 1 workers of 1 for marking
[598.795s][info][gc,marking  ] GC(1384) Concurrent Mark From Roots 75.355ms
[598.795s][info][gc,marking  ] GC(1384) Concurrent Preclean
[598.795s][info][gc,marking  ] GC(1384) Concurrent Preclean 0.123ms
[598.796s][info][gc,start    ] GC(1384) Pause Remark
[598.811s][info][gc          ] GC(1384) Pause Remark 100M->100M(256M) 15.338ms
[598.811s][info][gc,cpu      ] GC(1384) User=0.03s Sys=0.00s Real=0.01s
[598.811s][info][gc,marking  ] GC(1384) Concurrent Mark 91.103ms
[598.811s][info][gc,marking  ] GC(1384) Concurrent Rebuild Remembered Sets and Scrub Regions
[598.842s][info][gc,marking  ] GC(1384) Concurrent Rebuild Remembered Sets and Scrub Regions 30.873ms
[598.842s][info][gc,start    ] GC(1384) Pause Cleanup
[598.842s][info][gc          ] GC(1384) Pause Cleanup 113M->113M(256M) 0.043ms
[598.842s][info][gc,cpu      ] GC(1384) User=0.00s Sys=0.00s Real=0.00s
[598.842s][info][gc,marking  ] GC(1384) Concurrent Clear Claimed Marks
[598.842s][info][gc,marking  ] GC(1384) Concurrent Clear Claimed Marks 0.035ms
[598.842s][info][gc,marking  ] GC(1384) Concurrent Cleanup for Next Mark
[598.843s][info][gc,marking  ] GC(1384) Concurrent Cleanup for Next Mark 0.770ms
[598.843s][info][gc          ] GC(1384) Concurrent Mark Cycle 136.070ms
[599.053s][info][gc,start    ] GC(1385) Pause Young (Prepare Mixed) (G1 Evacuation Pause)
[599.053s][info][gc,task     ] GC(1385) Using 2 workers of 2 for evacuation
[599.061s][info][gc,phases   ] GC(1385)   Pre Evacuate Collection Set: 0.22ms
[599.061s][info][gc,phases   ] GC(1385)   Merge Heap Roots: 0.08ms
[599.061s][info][gc,phases   ] GC(1385)   Evacuate Collection Set: 6.96ms
[599.061s][info][gc,phases   ] GC(1385)   Post Evacuate Collection Set: 0.63ms
[599.061s][info][gc,phases   ] GC(1385)   Other: 0.09ms
[599.061s][info][gc,heap     ] GC(1385) Eden regions: 144->0(142)
[599.061s][info][gc,heap     ] GC(1385) Survivor regions: 9->11(20)
[599.061s][info][gc,heap     ] GC(1385) Old regions: 56->56
[599.061s][info][gc,heap     ] GC(1385) Humongous regions: 1->1
[599.061s][info][gc,metaspace] GC(1385) Metaspace: 43197K(43584K)->43197K(43584K) NonClass: 40377K(40640K)->40377K(40640K) Class: 2820K(2944K)->2820K(2944K)
[599.061s][info][gc          ] GC(1385) Pause Young (Prepare Mixed) (G1 Evacuation Pause) 209M->67M(256M) 8.169ms
[599.061s][info][gc,cpu      ] GC(1385) User=0.01s Sys=0.00s Real=0.00s
[599.345s][info][gc,start    ] GC(1386) Pause Young (Mixed) (G1 Evacuation Pause)
[599.345s][info][gc,task     ] GC(1386) Using 2 workers of 2 for evacuation
[599.358s][info][gc,phases   ] GC(1386)   Pre Evacuate Collection Set: 0.22ms
[599.358s][info][gc,phases   ] GC(1386)   Merge Heap Roots: 0.16ms
[599.358s][info][gc,phases   ] GC(1386)   Evacuate Collection Set: 11.87ms
[599.358s][info][gc,phases   ] GC(1386)   Post Evacuate Collection Set: 0.56ms
[599.358s][info][gc,phases   ] GC(1386)   Other: 0.10ms
[599.358s][info][gc,heap     ] GC(1386) Eden regions: 142->0(143)
[599.358s][info][gc,heap     ] GC(1386) Survivor regions: 11->10(20)
[599.358s][info][gc,heap     ] GC(1386) Old regions: 56->54
[599.358s][info][gc,heap     ] GC(1386) Humongous regions: 1->1
[599.358s][info][gc,metaspace] GC(1386) Metaspace: 43197K(43584K)->43197K(43584K) NonClass: 40377K(40640K)->40377K(40640K) Class: 2820K(2944K)->2820K(2944K)
[599.358s][info][gc          ] GC(1386) Pause Young (Mixed) (G1 Evacuation Pause) 209M->64M(256M) 13.145ms
[599.358s][info][gc,cpu      ] GC(1386) User=0.03s Sys=0.00s Real=0.01s
[599.678s][info][gc,start    ] GC(1387) Pause Young (Concurrent Start) (G1 Evacuation Pause)
[599.678s][info][gc,task     ] GC(1387) Using 2 workers of 2 for evacuation
[599.682s][info][gc,phases   ] GC(1387)   Pre Evacuate Collection Set: 0.16ms
[599.683s][info][gc,phases   ] GC(1387)   Merge Heap Roots: 0.07ms
[599.683s][info][gc,phases   ] GC(1387)   Evacuate Collection Set: 4.01ms
[599.683s][info][gc,phases   ] GC(1387)   Post Evacuate Collection Set: 0.42ms
[599.683s][info][gc,phases   ] GC(1387)   Other: 0.11ms
[599.683s][info][gc,heap     ] GC(1387) Eden regions: 143->0(145)
[599.683s][info][gc,heap     ] GC(1387) Survivor regions: 10->8(20)
[599.683s][info][gc,heap     ] GC(1387) Old regions: 54->54
[599.683s][info][gc,heap     ] GC(1387) Humongous regions: 1->1
[599.683s][info][gc,metaspace] GC(1387) Metaspace: 43197K(43584K)->43197K(43584K) NonClass: 40377K(40640K)->40377K(40640K) Class: 2820K(2944K)->2820K(2944K)
[599.683s][info][gc          ] GC(1387) Pause Young (Concurrent Start) (G1 Evacuation Pause) 207M->62M(256M) 4.957ms
[599.683s][info][gc,cpu      ] GC(1387) User=0.01s Sys=0.00s Real=0.01s
[599.683s][info][gc          ] GC(1388) Concurrent Mark Cycle
[599.683s][info][gc,marking  ] GC(1388) Concurrent Scan Root Regions
[599.685s][info][gc,marking  ] GC(1388) Concurrent Scan Root Regions 2.493ms
[599.685s][info][gc,marking  ] GC(1388) Concurrent Mark
[599.685s][info][gc,marking  ] GC(1388) Concurrent Mark From Roots
[599.685s][info][gc,task     ] GC(1388) Using 1 workers of 1 for marking
[599.756s][info][gc,marking  ] GC(1388) Concurrent Mark From Roots 71.041ms
[599.756s][info][gc,marking  ] GC(1388) Concurrent Preclean
[599.756s][info][gc,marking  ] GC(1388) Concurrent Preclean 0.135ms
[599.757s][info][gc,start    ] GC(1388) Pause Remark
[599.772s][info][gc          ] GC(1388) Pause Remark 89M->89M(256M) 15.557ms
[599.772s][info][gc,cpu      ] GC(1388) User=0.03s Sys=0.00s Real=0.02s
[599.772s][info][gc,marking  ] GC(1388) Concurrent Mark 87.013ms
[599.772s][info][gc,marking  ] GC(1388) Concurrent Rebuild Remembered Sets and Scrub Regions
[599.800s][info][gc,marking  ] GC(1388) Concurrent Rebuild Remembered Sets and Scrub Regions 27.890ms
[599.800s][info][gc,start    ] GC(1388) Pause Cleanup
[599.800s][info][gc          ] GC(1388) Pause Cleanup 99M->99M(256M) 0.046ms
[599.800s][info][gc,cpu      ] GC(1388) User=0.00s Sys=0.00s Real=0.00s
[599.800s][info][gc,marking  ] GC(1388) Concurrent Clear Claimed Marks
[599.800s][info][gc,marking  ] GC(1388) Concurrent Clear Claimed Marks 0.036ms
[599.800s][info][gc,marking  ] GC(1388) Concurrent Cleanup for Next Mark
[599.801s][info][gc,marking  ] GC(1388) Concurrent Cleanup for Next Mark 0.741ms
[599.801s][info][gc          ] GC(1388) Concurrent Mark Cycle 118.502ms
[600.037s][info][gc,start    ] GC(1389) Pause Young (Prepare Mixed) (G1 Evacuation Pause)
[600.037s][info][gc,task     ] GC(1389) Using 2 workers of 2 for evacuation
[600.045s][info][gc,phases   ] GC(1389)   Pre Evacuate Collection Set: 0.14ms
[600.045s][info][gc,phases   ] GC(1389)   Merge Heap Roots: 0.08ms
[600.045s][info][gc,phases   ] GC(1389)   Evacuate Collection Set: 6.76ms
[600.045s][info][gc,phases   ] GC(1389)   Post Evacuate Collection Set: 0.64ms
[600.045s][info][gc,phases   ] GC(1389)   Other: 0.07ms
[600.045s][info][gc,heap     ] GC(1389) Eden regions: 145->0(141)
[600.045s][info][gc,heap     ] GC(1389) Survivor regions: 8->12(20)
[600.045s][info][gc,heap     ] GC(1389) Old regions: 54->54
[600.045s][info][gc,heap     ] GC(1389) Humongous regions: 1->1
[600.045s][info][gc,metaspace] GC(1389) Metaspace: 43197K(43584K)->43197K(43584K) NonClass: 40377K(40640K)->40377K(40640K) Class: 2820K(2944K)->2820K(2944K)
[600.045s][info][gc          ] GC(1389) Pause Young (Prepare Mixed) (G1 Evacuation Pause) 207M->66M(256M) 7.949ms
[600.045s][info][gc,cpu      ] GC(1389) User=0.01s Sys=0.00s Real=0.01s
[600.344s][info][gc,start    ] GC(1390) Pause Young (Mixed) (G1 Evacuation Pause)
[600.344s][info][gc,task     ] GC(1390) Using 2 workers of 2 for evacuation
[600.352s][info][gc,phases   ] GC(1390)   Pre Evacuate Collection Set: 0.17ms
[600.352s][info][gc,phases   ] GC(1390)   Merge Heap Roots: 0.07ms
[600.352s][info][gc,phases   ] GC(1390)   Evacuate Collection Set: 7.60ms
[600.352s][info][gc,phases   ] GC(1390)   Post Evacuate Collection Set: 0.51ms
[600.352s][info][gc,phases   ] GC(1390)   Other: 0.07ms
[600.352s][info][gc,heap     ] GC(1390) Eden regions: 141->0(147)
[600.352s][info][gc,heap     ] GC(1390) Survivor regions: 12->6(20)
[600.353s][info][gc,heap     ] GC(1390) Old regions: 54->56
[600.353s][info][gc,heap     ] GC(1390) Humongous regions: 1->1
[600.353s][info][gc,metaspace] GC(1390) Metaspace: 43197K(43584K)->43197K(43584K) NonClass: 40377K(40640K)->40377K(40640K) Class: 2820K(2944K)->2820K(2944K)
[600.353s][info][gc          ] GC(1390) Pause Young (Mixed) (G1 Evacuation Pause) 207M->62M(256M) 8.609ms
[600.353s][info][gc,cpu      ] GC(1390) User=0.02s Sys=0.00s Real=0.01s
[601.134s][info][gc,start    ] GC(1391) Pause Young (Concurrent Start) (G1 Evacuation Pause)
[601.134s][info][gc,task     ] GC(1391) Using 2 workers of 2 for evacuation
[601.141s][info][gc,phases   ] GC(1391)   Pre Evacuate Collection Set: 0.17ms
[601.141s][info][gc,phases   ] GC(1391)   Merge Heap Roots: 0.08ms
[601.141s][info][gc,phases   ] GC(1391)   Evacuate Collection Set: 6.34ms
[601.141s][info][gc,phases   ] GC(1391)   Post Evacuate Collection Set: 0.48ms
[601.141s][info][gc,phases   ] GC(1391)   Other: 0.09ms
[601.141s][info][gc,heap     ] GC(1391) Eden regions: 147->0(149)
[601.141s][info][gc,heap     ] GC(1391) Survivor regions: 6->4(20)
[601.141s][info][gc,heap     ] GC(1391) Old regions: 56->56
[601.141s][info][gc,heap     ] GC(1391) Humongous regions: 1->1
[601.141s][info][gc,metaspace] GC(1391) Metaspace: 43197K(43584K)->43197K(43584K) NonClass: 40377K(40640K)->40377K(40640K) Class: 2820K(2944K)->2820K(2944K)
[601.141s][info][gc          ] GC(1391) Pause Young (Concurrent Start) (G1 Evacuation Pause) 209M->60M(256M) 7.315ms
[601.141s][info][gc          ] GC(1392) Concurrent Mark Cycle
[601.141s][info][gc,marking  ] GC(1392) Concurrent Scan Root Regions
[601.143s][info][gc,cpu      ] GC(1391) User=0.01s Sys=0.00s Real=0.01s
[601.144s][info][gc,marking  ] GC(1392) Concurrent Scan Root Regions 2.773ms
[601.144s][info][gc,marking  ] GC(1392) Concurrent Mark
[601.144s][info][gc,marking  ] GC(1392) Concurrent Mark From Roots
[601.144s][info][gc,task     ] GC(1392) Using 1 workers of 1 for marking
[601.223s][info][gc,marking  ] GC(1392) Concurrent Mark From Roots 78.969ms
[601.223s][info][gc,marking  ] GC(1392) Concurrent Preclean
[601.224s][info][gc,marking  ] GC(1392) Concurrent Preclean 0.226ms
[601.224s][info][gc,start    ] GC(1392) Pause Remark
[601.239s][info][gc          ] GC(1392) Pause Remark 68M->68M(256M) 15.577ms
[601.239s][info][gc,cpu      ] GC(1392) User=0.03s Sys=0.00s Real=0.01s
[601.240s][info][gc,marking  ] GC(1392) Concurrent Mark 95.409ms
[601.240s][info][gc,marking  ] GC(1392) Concurrent Rebuild Remembered Sets and Scrub Regions
[601.275s][info][gc,marking  ] GC(1392) Concurrent Rebuild Remembered Sets and Scrub Regions 35.184ms
[601.275s][info][gc,start    ] GC(1392) Pause Cleanup
[601.275s][info][gc          ] GC(1392) Pause Cleanup 73M->73M(256M) 0.055ms
[601.275s][info][gc,cpu      ] GC(1392) User=0.00s Sys=0.00s Real=0.00s
[601.276s][info][gc,marking  ] GC(1392) Concurrent Clear Claimed Marks
[601.276s][info][gc,marking  ] GC(1392) Concurrent Clear Claimed Marks 0.067ms
[601.276s][info][gc,marking  ] GC(1392) Concurrent Cleanup for Next Mark
[601.277s][info][gc,marking  ] GC(1392) Concurrent Cleanup for Next Mark 0.938ms
[601.277s][info][gc          ] GC(1392) Concurrent Mark Cycle 135.416ms
[602.046s][info][gc,start    ] GC(1393) Pause Young (Prepare Mixed) (G1 Evacuation Pause)
[602.046s][info][gc,task     ] GC(1393) Using 2 workers of 2 for evacuation
[602.058s][info][gc,phases   ] GC(1393)   Pre Evacuate Collection Set: 0.17ms
[602.058s][info][gc,phases   ] GC(1393)   Merge Heap Roots: 0.11ms
[602.058s][info][gc,phases   ] GC(1393)   Evacuate Collection Set: 10.36ms
[602.058s][info][gc,phases   ] GC(1393)   Post Evacuate Collection Set: 0.49ms
[602.058s][info][gc,phases   ] GC(1393)   Other: 0.07ms
[602.058s][info][gc,heap     ] GC(1393) Eden regions: 149->0(142)
[602.058s][info][gc,heap     ] GC(1393) Survivor regions: 4->11(20)
[602.058s][info][gc,heap     ] GC(1393) Old regions: 56->56
[602.058s][info][gc,heap     ] GC(1393) Humongous regions: 13->3
[602.058s][info][gc,metaspace] GC(1393) Metaspace: 43203K(43584K)->43203K(43584K) NonClass: 40383K(40640K)->40383K(40640K) Class: 2820K(2944K)->2820K(2944K)
[602.058s][info][gc          ] GC(1393) Pause Young (Prepare Mixed) (G1 Evacuation Pause) 221M->69M(256M) 11.376ms
[602.058s][info][gc,cpu      ] GC(1393) User=0.02s Sys=0.00s Real=0.01s
[602.373s][info][gc,start    ] GC(1394) Pause Young (Mixed) (G1 Evacuation Pause)
[602.373s][info][gc,task     ] GC(1394) Using 2 workers of 2 for evacuation
[602.402s][info][gc,phases   ] GC(1394)   Pre Evacuate Collection Set: 0.17ms
[602.402s][info][gc,phases   ] GC(1394)   Merge Heap Roots: 0.12ms
[602.402s][info][gc,phases   ] GC(1394)   Evacuate Collection Set: 27.30ms
[602.402s][info][gc,phases   ] GC(1394)   Post Evacuate Collection Set: 0.51ms
[602.402s][info][gc,phases   ] GC(1394)   Other: 0.12ms
[602.402s][info][gc,heap     ] GC(1394) Eden regions: 142->0(136)
[602.402s][info][gc,heap     ] GC(1394) Survivor regions: 11->17(20)
[602.402s][info][gc,heap     ] GC(1394) Old regions: 56->57
[602.402s][info][gc,heap     ] GC(1394) Humongous regions: 4->4
[602.402s][info][gc,metaspace] GC(1394) Metaspace: 43203K(43584K)->43203K(43584K) NonClass: 40383K(40640K)->40383K(40640K) Class: 2820K(2944K)->2820K(2944K)
[602.402s][info][gc          ] GC(1394) Pause Young (Mixed) (G1 Evacuation Pause) 212M->77M(256M) 28.438ms
[602.402s][info][gc,cpu      ] GC(1394) User=0.05s Sys=0.00s Real=0.03s
[602.677s][info][gc,start    ] GC(1395) Pause Young (Concurrent Start) (G1 Humongous Allocation)
[602.677s][info][gc,task     ] GC(1395) Using 2 workers of 2 for evacuation
[602.705s][info][gc,phases   ] GC(1395)   Pre Evacuate Collection Set: 0.20ms
[602.705s][info][gc,phases   ] GC(1395)   Merge Heap Roots: 0.06ms
[602.705s][info][gc,phases   ] GC(1395)   Evacuate Collection Set: 27.56ms
[602.705s][info][gc,phases   ] GC(1395)   Post Evacuate Collection Set: 0.43ms
[602.705s][info][gc,phases   ] GC(1395)   Other: 0.11ms
[602.705s][info][gc,heap     ] GC(1395) Eden regions: 131->0(130)
[602.705s][info][gc,heap     ] GC(1395) Survivor regions: 17->15(20)
[602.705s][info][gc,heap     ] GC(1395) Old regions: 57->74
[602.705s][info][gc,heap     ] GC(1395) Humongous regions: 4->4
[602.705s][info][gc,metaspace] GC(1395) Metaspace: 43203K(43584K)->43203K(43584K) NonClass: 40383K(40640K)->40383K(40640K) Class: 2820K(2944K)->2820K(2944K)
[602.705s][info][gc          ] GC(1395) Pause Young (Concurrent Start) (G1 Humongous Allocation) 207M->92M(256M) 28.591ms
[602.705s][info][gc,cpu      ] GC(1395) User=0.05s Sys=0.00s Real=0.03s
[602.705s][info][gc          ] GC(1396) Concurrent Mark Cycle
[602.705s][info][gc,marking  ] GC(1396) Concurrent Scan Root Regions
[602.748s][info][gc,marking  ] GC(1396) Concurrent Scan Root Regions 42.393ms
[602.748s][info][gc,marking  ] GC(1396) Concurrent Mark
[602.748s][info][gc,marking  ] GC(1396) Concurrent Mark From Roots
[602.748s][info][gc,task     ] GC(1396) Using 1 workers of 1 for marking
[602.854s][info][gc,marking  ] GC(1396) Concurrent Mark From Roots 106.368ms
[602.854s][info][gc,marking  ] GC(1396) Concurrent Preclean
[602.854s][info][gc,marking  ] GC(1396) Concurrent Preclean 0.081ms
[602.855s][info][gc,start    ] GC(1396) Pause Remark
[602.871s][info][gc          ] GC(1396) Pause Remark 148M->145M(256M) 16.458ms
[602.871s][info][gc,cpu      ] GC(1396) User=0.03s Sys=0.00s Real=0.01s
[602.871s][info][gc,marking  ] GC(1396) Concurrent Mark 123.248ms
[602.871s][info][gc,marking  ] GC(1396) Concurrent Rebuild Remembered Sets and Scrub Regions
[602.910s][info][gc,marking  ] GC(1396) Concurrent Rebuild Remembered Sets and Scrub Regions 38.992ms
[602.910s][info][gc,start    ] GC(1396) Pause Cleanup
[602.910s][info][gc          ] GC(1396) Pause Cleanup 153M->153M(256M) 0.043ms
[602.910s][info][gc,cpu      ] GC(1396) User=0.00s Sys=0.00s Real=0.00s
[602.910s][info][gc,marking  ] GC(1396) Concurrent Clear Claimed Marks
[602.911s][info][gc,marking  ] GC(1396) Concurrent Clear Claimed Marks 0.034ms
[602.911s][info][gc,marking  ] GC(1396) Concurrent Cleanup for Next Mark
[602.911s][info][gc,marking  ] GC(1396) Concurrent Cleanup for Next Mark 0.746ms
[602.911s][info][gc          ] GC(1396) Concurrent Mark Cycle 205.869ms
[603.047s][info][gc,start    ] GC(1397) Pause Young (Prepare Mixed) (G1 Evacuation Pause)
[603.047s][info][gc,task     ] GC(1397) Using 2 workers of 2 for evacuation
[603.079s][info][gc,phases   ] GC(1397)   Pre Evacuate Collection Set: 0.15ms
[603.079s][info][gc,phases   ] GC(1397)   Merge Heap Roots: 0.10ms
[603.079s][info][gc,phases   ] GC(1397)   Evacuate Collection Set: 30.45ms
[603.079s][info][gc,phases   ] GC(1397)   Post Evacuate Collection Set: 0.42ms
[603.079s][info][gc,phases   ] GC(1397)   Other: 0.07ms
[603.079s][info][gc,heap     ] GC(1397) Eden regions: 130->0(118)
[603.079s][info][gc,heap     ] GC(1397) Survivor regions: 15->15(19)
[603.079s][info][gc,heap     ] GC(1397) Old regions: 71->85
[603.079s][info][gc,heap     ] GC(1397) Humongous regions: 6->6
[603.079s][info][gc,metaspace] GC(1397) Metaspace: 43203K(43584K)->43203K(43584K) NonClass: 40383K(40640K)->40383K(40640K) Class: 2820K(2944K)->2820K(2944K)
[603.079s][info][gc          ] GC(1397) Pause Young (Prepare Mixed) (G1 Evacuation Pause) 221M->105M(256M) 31.369ms
[603.079s][info][gc,cpu      ] GC(1397) User=0.06s Sys=0.00s Real=0.03s
[603.315s][info][gc,start    ] GC(1398) Pause Young (Mixed) (G1 Evacuation Pause)
[603.315s][info][gc,task     ] GC(1398) Using 2 workers of 2 for evacuation
[603.345s][info][gc,phases   ] GC(1398)   Pre Evacuate Collection Set: 0.14ms
[603.345s][info][gc,phases   ] GC(1398)   Merge Heap Roots: 0.13ms
[603.345s][info][gc,phases   ] GC(1398)   Evacuate Collection Set: 28.65ms
[603.345s][info][gc,phases   ] GC(1398)   Post Evacuate Collection Set: 0.43ms
[603.345s][info][gc,phases   ] GC(1398)   Other: 0.08ms
[603.345s][info][gc,heap     ] GC(1398) Eden regions: 118->0(115)
[603.345s][info][gc,heap     ] GC(1398) Survivor regions: 15->13(17)
[603.345s][info][gc,heap     ] GC(1398) Old regions: 85->91
[603.345s][info][gc,heap     ] GC(1398) Humongous regions: 6->6
[603.345s][info][gc,metaspace] GC(1398) Metaspace: 43203K(43584K)->43203K(43584K) NonClass: 40383K(40640K)->40383K(40640K) Class: 2820K(2944K)->2820K(2944K)
[603.345s][info][gc          ] GC(1398) Pause Young (Mixed) (G1 Evacuation Pause) 223M->109M(256M) 29.622ms
[603.345s][info][gc,cpu      ] GC(1398) User=0.05s Sys=0.00s Real=0.03s
[603.453s][info][gc,start    ] GC(1399) Pause Young (Concurrent Start) (G1 Humongous Allocation)
[603.453s][info][gc,task     ] GC(1399) Using 2 workers of 2 for evacuation
[603.474s][info][gc,phases   ] GC(1399)   Pre Evacuate Collection Set: 0.19ms
[603.474s][info][gc,phases   ] GC(1399)   Merge Heap Roots: 0.07ms
[603.474s][info][gc,phases   ] GC(1399)   Evacuate Collection Set: 19.17ms
[603.474s][info][gc,phases   ] GC(1399)   Post Evacuate Collection Set: 1.12ms
[603.474s][info][gc,phases   ] GC(1399)   Other: 0.10ms
[603.474s][info][gc,heap     ] GC(1399) Eden regions: 49->0(219)
[603.474s][info][gc,heap     ] GC(1399) Survivor regions: 13->6(16)
[603.474s][info][gc,heap     ] GC(1399) Old regions: 91->104
[603.474s][info][gc,heap     ] GC(1399) Humongous regions: 6->6
[603.474s][info][gc,metaspace] GC(1399) Metaspace: 43203K(43584K)->43203K(43584K) NonClass: 40383K(40640K)->40383K(40640K) Class: 2820K(2944K)->2820K(2944K)
[603.474s][info][gc          ] GC(1399) Pause Young (Concurrent Start) (G1 Humongous Allocation) 158M->115M(378M) 20.845ms
[603.474s][info][gc,cpu      ] GC(1399) User=0.04s Sys=0.00s Real=0.02s
[603.474s][info][gc          ] GC(1400) Concurrent Mark Cycle
[603.474s][info][gc,marking  ] GC(1400) Concurrent Scan Root Regions
[603.490s][info][gc,marking  ] GC(1400) Concurrent Scan Root Regions 15.240ms
[603.490s][info][gc,marking  ] GC(1400) Concurrent Mark
[603.490s][info][gc,marking  ] GC(1400) Concurrent Mark From Roots
[603.490s][info][gc,task     ] GC(1400) Using 1 workers of 1 for marking
[603.668s][info][gc,marking  ] GC(1400) Concurrent Mark From Roots 178.902ms
[603.669s][info][gc,marking  ] GC(1400) Concurrent Preclean
[603.669s][info][gc,marking  ] GC(1400) Concurrent Preclean 0.053ms
[603.669s][info][gc,start    ] GC(1400) Pause Remark
[603.685s][info][gc          ] GC(1400) Pause Remark 155M->154M(378M) 15.821ms
[603.685s][info][gc,cpu      ] GC(1400) User=0.03s Sys=0.00s Real=0.02s
[603.685s][info][gc,marking  ] GC(1400) Concurrent Mark 195.270ms
[603.685s][info][gc,marking  ] GC(1400) Concurrent Rebuild Remembered Sets and Scrub Regions
[603.815s][info][gc,marking  ] GC(1400) Concurrent Rebuild Remembered Sets and Scrub Regions 129.737ms
[603.816s][info][gc,start    ] GC(1400) Pause Cleanup
[603.816s][info][gc          ] GC(1400) Pause Cleanup 184M->184M(378M) 0.068ms
[603.816s][info][gc,cpu      ] GC(1400) User=0.00s Sys=0.00s Real=0.00s
[603.816s][info][gc,marking  ] GC(1400) Concurrent Clear Claimed Marks
[603.816s][info][gc,marking  ] GC(1400) Concurrent Clear Claimed Marks 0.053ms
[603.816s][info][gc,marking  ] GC(1400) Concurrent Cleanup for Next Mark
[603.821s][info][gc,marking  ] GC(1400) Concurrent Cleanup for Next Mark 5.081ms
[603.821s][info][gc          ] GC(1400) Concurrent Mark Cycle 346.919ms
[604.123s][info][gc,heap,exit] Heap
[604.123s][info][gc,heap,exit]  garbage-first heap   total reserved 1001472K, committed 387072K, used 273408K [0x00000000c2e00000, 0x0000000100000000)
[604.123s][info][gc,heap,exit]   region size 1024K, 154 young (157696K), 6 survivors (6144K)
[604.123s][info][gc,heap,exit]  Metaspace       used 43340K, committed 43648K, reserved 1114112K
[604.123s][info][gc,heap,exit]   class space    used 2834K, committed 2944K, reserved 1048576K
