[0.002s][info][metaspace]  - commit_granule_bytes: 65536.
[0.002s][info][metaspace]  - commit_granule_words: 8192.
[0.002s][info][metaspace]  - virtual_space_node_default_size: 8388608.
[0.002s][info][metaspace]  - enlarge_chunks_in_place: 1.
[0.004s][info][gc,init  ] CardTable entry size: 512
[0.007s][info][gc       ] Using G1
[0.011s][info][gc,init  ] Version: 24-internal-adhoc.root.jdk (release)
[0.011s][info][gc,init  ] CPUs: 2 total, 2 available
[0.011s][info][gc,init  ] Memory: 3908M
[0.011s][info][gc,init  ] Large Page Support: Disabled
[0.011s][info][gc,init  ] NUMA Support: Disabled
[0.011s][info][gc,init  ] Compressed Oops: Enabled (32-bit)
[0.011s][info][gc,init  ] Heap Region Size: 1M
[0.011s][info][gc,init  ] Heap Min Capacity: 256M
[0.011s][info][gc,init  ] Heap Initial Capacity: 256M
[0.011s][info][gc,init  ] Heap Max Capacity: 978M
[0.011s][info][gc,init  ] Pre-touch: Disabled
[0.011s][info][gc,init  ] Parallel Workers: 2
[0.011s][info][gc,init  ] Concurrent Workers: 1
[0.011s][info][gc,init  ] Concurrent Refinement Workers: 2
[0.011s][info][gc,init  ] Periodic GC: Disabled
[0.023s][info][gc,metaspace] CDS archive(s) mapped at: [0x00007f44e2000000-0x00007f44e2dc0000-0x00007f44e2dc0000), size 14417920, SharedBaseAddress: 0x00007f44e2000000, ArchiveRelocationMode: 1.
[0.023s][info][gc,metaspace] Compressed class space mapped at: 0x00007f44e3000000-0x00007f4523000000, reserved size: 1073741824
[0.023s][info][gc,metaspace] UseCompressedClassPointers 1, UseCompactObjectHeaders 0
[0.023s][info][gc,metaspace] Narrow klass pointer bits 32, Max shift 3
[0.023s][info][gc,metaspace] Narrow klass base: 0x00007f44e2000000, Narrow klass shift: 0
[0.023s][info][gc,metaspace] Encoding Range: [0x00007f44e2000000 - 0x00007f45e2000000), (4294967296 bytes)
[0.023s][info][gc,metaspace] Klass Range:    [0x00007f44e2000000 - 0x00007f4523000000), (1090519040 bytes)
[0.023s][info][gc,metaspace] Klass ID Range:  [8 - 1090519033) (1090519025)
[0.313s][info][gc,start    ] GC(0) Pause Young (Normal) (G1 Evacuation Pause)
[0.314s][info][gc,task     ] GC(0) Using 2 workers of 2 for evacuation
[0.319s][info][gc,phases   ] GC(0)   Pre Evacuate Collection Set: 0.14ms
[0.319s][info][gc,phases   ] GC(0)   Merge Heap Roots: 0.07ms
[0.319s][info][gc,phases   ] GC(0)   Evacuate Collection Set: 4.47ms
[0.319s][info][gc,phases   ] GC(0)   Post Evacuate Collection Set: 0.24ms
[0.319s][info][gc,phases   ] GC(0)   Other: 0.19ms
[0.319s][info][gc,heap     ] GC(0) Eden regions: 12->0(10)
[0.319s][info][gc,heap     ] GC(0) Survivor regions: 0->2(2)
[0.319s][info][gc,heap     ] GC(0) Old regions: 2->4
[0.319s][info][gc,heap     ] GC(0) Humongous regions: 0->0
[0.319s][info][gc,metaspace] GC(0) Metaspace: 2721K(2944K)->2721K(2944K) NonClass: 2497K(2624K)->2497K(2624K) Class: 223K(320K)->223K(320K)
[0.319s][info][gc          ] GC(0) Pause Young (Normal) (G1 Evacuation Pause) 13M->4M(258M) 5.303ms
[0.319s][info][gc,cpu      ] GC(0) User=0.00s Sys=0.00s Real=0.01s
[0.538s][info][gc,start    ] GC(1) Pause Young (Normal) (G1 Evacuation Pause)
[0.538s][info][gc,task     ] GC(1) Using 2 workers of 2 for evacuation
[0.541s][info][gc,phases   ] GC(1)   Pre Evacuate Collection Set: 0.13ms
[0.541s][info][gc,phases   ] GC(1)   Merge Heap Roots: 0.03ms
[0.541s][info][gc,phases   ] GC(1)   Evacuate Collection Set: 2.71ms
[0.541s][info][gc,phases   ] GC(1)   Post Evacuate Collection Set: 0.23ms
[0.541s][info][gc,phases   ] GC(1)   Other: 0.06ms
[0.541s][info][gc,heap     ] GC(1) Eden regions: 10->0(16)
[0.541s][info][gc,heap     ] GC(1) Survivor regions: 2->1(2)
[0.541s][info][gc,heap     ] GC(1) Old regions: 4->6
[0.541s][info][gc,heap     ] GC(1) Humongous regions: 0->0
[0.541s][info][gc,metaspace] GC(1) Metaspace: 6959K(7168K)->6959K(7168K) NonClass: 6250K(6336K)->6250K(6336K) Class: 709K(832K)->709K(832K)
[0.541s][info][gc          ] GC(1) Pause Young (Normal) (G1 Evacuation Pause) 14M->5M(258M) 3.325ms
[0.541s][info][gc,cpu      ] GC(1) User=0.01s Sys=0.00s Real=0.00s
[0.859s][info][gc,start    ] GC(2) Pause Young (Normal) (G1 Evacuation Pause)
[0.859s][info][gc,task     ] GC(2) Using 2 workers of 2 for evacuation
[0.864s][info][gc,phases   ] GC(2)   Pre Evacuate Collection Set: 0.13ms
[0.864s][info][gc,phases   ] GC(2)   Merge Heap Roots: 0.04ms
[0.864s][info][gc,phases   ] GC(2)   Evacuate Collection Set: 4.49ms
[0.864s][info][gc,phases   ] GC(2)   Post Evacuate Collection Set: 0.34ms
[0.864s][info][gc,phases   ] GC(2)   Other: 0.11ms
[0.865s][info][gc,heap     ] GC(2) Eden regions: 17->0(18)
[0.865s][info][gc,heap     ] GC(2) Survivor regions: 1->3(3)
[0.865s][info][gc,heap     ] GC(2) Old regions: 6->6
[0.865s][info][gc,heap     ] GC(2) Humongous regions: 0->0
[0.865s][info][gc,metaspace] GC(2) Metaspace: 12917K(13056K)->12917K(13056K) NonClass: 11659K(11776K)->11659K(11776K) Class: 1258K(1280K)->1258K(1280K)
[0.865s][info][gc          ] GC(2) Pause Young (Normal) (G1 Evacuation Pause) 22M->7M(258M) 5.273ms
[0.865s][info][gc,cpu      ] GC(2) User=0.01s Sys=0.00s Real=0.00s
[1.268s][info][gc,start    ] GC(3) Pause Young (Normal) (G1 Evacuation Pause)
[1.268s][info][gc,task     ] GC(3) Using 2 workers of 2 for evacuation
[1.276s][info][gc,phases   ] GC(3)   Pre Evacuate Collection Set: 0.13ms
[1.276s][info][gc,phases   ] GC(3)   Merge Heap Roots: 0.03ms
[1.276s][info][gc,phases   ] GC(3)   Evacuate Collection Set: 6.44ms
[1.276s][info][gc,phases   ] GC(3)   Post Evacuate Collection Set: 1.33ms
[1.276s][info][gc,phases   ] GC(3)   Other: 0.06ms
[1.276s][info][gc,heap     ] GC(3) Eden regions: 19->0(25)
[1.276s][info][gc,heap     ] GC(3) Survivor regions: 3->3(3)
[1.276s][info][gc,heap     ] GC(3) Old regions: 6->8
[1.276s][info][gc,heap     ] GC(3) Humongous regions: 0->0
[1.276s][info][gc,metaspace] GC(3) Metaspace: 19681K(19776K)->19681K(19776K) NonClass: 17813K(17856K)->17813K(17856K) Class: 1867K(1920K)->1867K(1920K)
[1.276s][info][gc          ] GC(3) Pause Young (Normal) (G1 Evacuation Pause) 26M->9M(258M) 8.157ms
[1.276s][info][gc,cpu      ] GC(3) User=0.01s Sys=0.00s Real=0.00s
[1.673s][info][metaspace   ] Arena @0x00007f455c1775c0 (non-class arena): commit failure (requested size: 62)
[1.673s][info][metaspace   ] ChkMgr @0x00007f455c15e580 (non-class-space): failed to commit 62 words on chunk @0x00007f455c7909d8, f, base 0x00007f44d9380000, level lv05.
[1.673s][info][metaspace   ] Arena @0x00007f455c1775c0 (non-class arena): failed to allocate new chunk for requested word size 62.
[1.673s][info][metaspace   ] Arena @0x00007f455c1775c0 (non-class arena): allocation failed, returned null.
[1.673s][info][metaspace   ] Arena @0x00007f455c1775c0 (non-class arena): commit failure (requested size: 62)
[1.673s][info][metaspace   ] ChkMgr @0x00007f455c15e580 (non-class-space): failed to commit 62 words on chunk @0x00007f455c7909d8, f, base 0x00007f44d9380000, level lv05.
[1.673s][info][metaspace   ] Arena @0x00007f455c1775c0 (non-class arena): failed to allocate new chunk for requested word size 62.
[1.673s][info][metaspace   ] Arena @0x00007f455c1775c0 (non-class arena): allocation failed, returned null.
[1.673s][info][metaspace   ] Arena @0x00007f455c1775c0 (non-class arena): commit failure (requested size: 62)
[1.674s][info][metaspace   ] ChkMgr @0x00007f455c15e580 (non-class-space): failed to commit 62 words on chunk @0x00007f455c7909d8, f, base 0x00007f44d9380000, level lv05.
[1.674s][info][metaspace   ] Arena @0x00007f455c1775c0 (non-class arena): failed to allocate new chunk for requested word size 62.
[1.674s][info][metaspace   ] Arena @0x00007f455c1775c0 (non-class arena): allocation failed, returned null.
[1.674s][info][gc,start    ] GC(4) Pause Young (Concurrent Start) (Metadata GC Threshold)
[1.674s][info][gc,task     ] GC(4) Using 2 workers of 2 for evacuation
[1.679s][info][gc,phases   ] GC(4)   Pre Evacuate Collection Set: 0.15ms
[1.679s][info][gc,phases   ] GC(4)   Merge Heap Roots: 0.05ms
[1.679s][info][gc,phases   ] GC(4)   Evacuate Collection Set: 3.31ms
[1.679s][info][gc,phases   ] GC(4)   Post Evacuate Collection Set: 1.42ms
[1.679s][info][gc,phases   ] GC(4)   Other: 0.08ms
[1.679s][info][gc,heap     ] GC(4) Eden regions: 21->0(36)
[1.679s][info][gc,heap     ] GC(4) Survivor regions: 3->2(4)
[1.679s][info][gc,heap     ] GC(4) Old regions: 8->10
[1.679s][info][gc,heap     ] GC(4) Humongous regions: 0->0
[1.679s][info][gc,metaspace] GC(4) Metaspace: 21417K(21504K)->21417K(21504K) NonClass: 19412K(19456K)->19412K(19456K) Class: 2005K(2048K)->2005K(2048K)
[1.679s][info][gc          ] GC(4) Pause Young (Concurrent Start) (Metadata GC Threshold) 30M->10M(258M) 5.154ms
[1.679s][info][gc,cpu      ] GC(4) User=0.01s Sys=0.00s Real=0.01s
[1.679s][info][gc          ] GC(5) Concurrent Mark Cycle
[1.679s][info][metaspace   ] CLMS @0x00007f455c177590 : GC threshold increased: 22020096->22347776.
[1.679s][info][gc,marking  ] GC(5) Concurrent Scan Root Regions
[1.681s][info][gc,marking  ] GC(5) Concurrent Scan Root Regions 2.385ms
[1.681s][info][gc,marking  ] GC(5) Concurrent Mark
[1.681s][info][gc,marking  ] GC(5) Concurrent Mark From Roots
[1.681s][info][gc,task     ] GC(5) Using 1 workers of 1 for marking
[1.699s][info][gc,marking  ] GC(5) Concurrent Mark From Roots 17.597ms
[1.699s][info][gc,marking  ] GC(5) Concurrent Preclean
[1.699s][info][gc,marking  ] GC(5) Concurrent Preclean 0.041ms
[1.699s][info][gc,start    ] GC(5) Pause Remark
[1.703s][info][gc          ] GC(5) Pause Remark 11M->11M(256M) 3.897ms
[1.703s][info][gc,cpu      ] GC(5) User=0.01s Sys=0.00s Real=0.00s
[1.705s][info][gc,marking  ] GC(5) Concurrent Mark 24.308ms
[1.705s][info][gc,marking  ] GC(5) Concurrent Rebuild Remembered Sets and Scrub Regions
[1.714s][info][gc,marking  ] GC(5) Concurrent Rebuild Remembered Sets and Scrub Regions 8.890ms
[1.714s][info][gc,start    ] GC(5) Pause Cleanup
[1.714s][info][gc          ] GC(5) Pause Cleanup 11M->11M(256M) 0.027ms
[1.714s][info][gc,cpu      ] GC(5) User=0.00s Sys=0.00s Real=0.00s
[1.714s][info][gc,marking  ] GC(5) Concurrent Clear Claimed Marks
[1.714s][info][gc,marking  ] GC(5) Concurrent Clear Claimed Marks 0.012ms
[1.714s][info][gc,marking  ] GC(5) Concurrent Cleanup for Next Mark
[1.720s][info][gc,marking  ] GC(5) Concurrent Cleanup for Next Mark 5.237ms
[1.720s][info][gc          ] GC(5) Concurrent Mark Cycle 41.053ms
[2.159s][info][gc,start    ] GC(6) Pause Young (Prepare Mixed) (G1 Evacuation Pause)
[2.159s][info][gc,task     ] GC(6) Using 2 workers of 2 for evacuation
[2.161s][info][gc,phases   ] GC(6)   Pre Evacuate Collection Set: 0.13ms
[2.161s][info][gc,phases   ] GC(6)   Merge Heap Roots: 0.04ms
[2.161s][info][gc,phases   ] GC(6)   Evacuate Collection Set: 1.23ms
[2.161s][info][gc,phases   ] GC(6)   Post Evacuate Collection Set: 0.30ms
[2.161s][info][gc,phases   ] GC(6)   Other: 0.08ms
[2.161s][info][gc,heap     ] GC(6) Eden regions: 35->0(48)
[2.161s][info][gc,heap     ] GC(6) Survivor regions: 2->1(5)
[2.161s][info][gc,heap     ] GC(6) Old regions: 10->10
[2.161s][info][gc,heap     ] GC(6) Humongous regions: 0->0
[2.161s][info][gc,metaspace] GC(6) Metaspace: 22147K(22272K)->22147K(22272K) NonClass: 20129K(20224K)->20129K(20224K) Class: 2017K(2048K)->2017K(2048K)
[2.161s][info][gc          ] GC(6) Pause Young (Prepare Mixed) (G1 Evacuation Pause) 45M->9M(256M) 1.932ms
[2.161s][info][gc,cpu      ] GC(6) User=0.00s Sys=0.00s Real=0.00s
[2.601s][info][gc,start    ] GC(7) Pause Young (Mixed) (G1 Evacuation Pause)
[2.601s][info][gc,task     ] GC(7) Using 2 workers of 2 for evacuation
[2.616s][info][gc,phases   ] GC(7)   Pre Evacuate Collection Set: 0.13ms
[2.616s][info][gc,phases   ] GC(7)   Merge Heap Roots: 0.05ms
[2.616s][info][gc,phases   ] GC(7)   Evacuate Collection Set: 8.60ms
[2.616s][info][gc,phases   ] GC(7)   Post Evacuate Collection Set: 5.53ms
[2.616s][info][gc,phases   ] GC(7)   Other: 0.09ms
[2.616s][info][gc,heap     ] GC(7) Eden regions: 49->0(43)
[2.616s][info][gc,heap     ] GC(7) Survivor regions: 1->7(7)
[2.616s][info][gc,heap     ] GC(7) Old regions: 10->10
[2.616s][info][gc,heap     ] GC(7) Humongous regions: 0->0
[2.616s][info][gc,metaspace] GC(7) Metaspace: 23252K(23360K)->23252K(23360K) NonClass: 21168K(21248K)->21168K(21248K) Class: 2084K(2112K)->2084K(2112K)
[2.616s][info][gc          ] GC(7) Pause Young (Mixed) (G1 Evacuation Pause) 58M->15M(256M) 14.573ms
[2.616s][info][gc,cpu      ] GC(7) User=0.02s Sys=0.00s Real=0.01s
[2.865s][info][gc,start    ] GC(8) Pause Young (Normal) (G1 Evacuation Pause)
[2.865s][info][gc,task     ] GC(8) Using 2 workers of 2 for evacuation
[2.872s][info][gc,phases   ] GC(8)   Pre Evacuate Collection Set: 0.17ms
[2.872s][info][gc,phases   ] GC(8)   Merge Heap Roots: 0.06ms
[2.872s][info][gc,phases   ] GC(8)   Evacuate Collection Set: 6.34ms
[2.872s][info][gc,phases   ] GC(8)   Post Evacuate Collection Set: 0.40ms
[2.872s][info][gc,phases   ] GC(8)   Other: 0.08ms
[2.872s][info][gc,heap     ] GC(8) Eden regions: 43->0(81)
[2.872s][info][gc,heap     ] GC(8) Survivor regions: 7->3(7)
[2.872s][info][gc,heap     ] GC(8) Old regions: 10->11
[2.872s][info][gc,heap     ] GC(8) Humongous regions: 0->0
[2.872s][info][gc,metaspace] GC(8) Metaspace: 23349K(23488K)->23349K(23488K) NonClass: 21264K(21376K)->21264K(21376K) Class: 2085K(2112K)->2085K(2112K)
[2.872s][info][gc          ] GC(8) Pause Young (Normal) (G1 Evacuation Pause) 58M->13M(256M) 7.217ms
[2.872s][info][gc,cpu      ] GC(8) User=0.01s Sys=0.00s Real=0.01s
[3.662s][info][gc,start    ] GC(9) Pause Young (Normal) (G1 Evacuation Pause)
[3.662s][info][gc,task     ] GC(9) Using 2 workers of 2 for evacuation
[3.667s][info][gc,phases   ] GC(9)   Pre Evacuate Collection Set: 0.14ms
[3.667s][info][gc,phases   ] GC(9)   Merge Heap Roots: 0.05ms
[3.667s][info][gc,phases   ] GC(9)   Evacuate Collection Set: 1.74ms
[3.667s][info][gc,phases   ] GC(9)   Post Evacuate Collection Set: 2.91ms
[3.667s][info][gc,phases   ] GC(9)   Other: 0.07ms
[3.667s][info][gc,heap     ] GC(9) Eden regions: 84->0(85)
[3.667s][info][gc,heap     ] GC(9) Survivor regions: 3->4(11)
[3.667s][info][gc,heap     ] GC(9) Old regions: 11->11
[3.667s][info][gc,heap     ] GC(9) Humongous regions: 0->0
[3.667s][info][gc,metaspace] GC(9) Metaspace: 24023K(24192K)->24023K(24192K) NonClass: 21925K(22016K)->21925K(22016K) Class: 2097K(2176K)->2097K(2176K)
[3.667s][info][gc          ] GC(9) Pause Young (Normal) (G1 Evacuation Pause) 97M->13M(256M) 5.071ms
[3.667s][info][gc,cpu      ] GC(9) User=0.00s Sys=0.01s Real=0.00s
[4.231s][info][gc,start    ] GC(10) Pause Young (Normal) (G1 Evacuation Pause)
[4.231s][info][gc,task     ] GC(10) Using 2 workers of 2 for evacuation
[4.237s][info][gc,phases   ] GC(10)   Pre Evacuate Collection Set: 0.13ms
[4.237s][info][gc,phases   ] GC(10)   Merge Heap Roots: 0.05ms
[4.237s][info][gc,phases   ] GC(10)   Evacuate Collection Set: 4.96ms
[4.237s][info][gc,phases   ] GC(10)   Post Evacuate Collection Set: 0.40ms
[4.237s][info][gc,phases   ] GC(10)   Other: 0.10ms
[4.237s][info][gc,heap     ] GC(10) Eden regions: 86->0(115)
[4.237s][info][gc,heap     ] GC(10) Survivor regions: 4->3(12)
[4.237s][info][gc,heap     ] GC(10) Old regions: 11->11
[4.237s][info][gc,heap     ] GC(10) Humongous regions: 0->0
[4.237s][info][gc,metaspace] GC(10) Metaspace: 24651K(24832K)->24651K(24832K) NonClass: 22527K(22656K)->22527K(22656K) Class: 2124K(2176K)->2124K(2176K)
[4.237s][info][gc          ] GC(10) Pause Young (Normal) (G1 Evacuation Pause) 99M->13M(256M) 5.829ms
[4.237s][info][gc,cpu      ] GC(10) User=0.01s Sys=0.00s Real=0.01s
[4.965s][info][gc,start    ] GC(11) Pause Young (Normal) (G1 Evacuation Pause)
[4.966s][info][gc,task     ] GC(11) Using 2 workers of 2 for evacuation
[4.980s][info][gc,phases   ] GC(11)   Pre Evacuate Collection Set: 0.84ms
[4.980s][info][gc,phases   ] GC(11)   Merge Heap Roots: 0.05ms
[4.980s][info][gc,phases   ] GC(11)   Evacuate Collection Set: 6.95ms
[4.980s][info][gc,phases   ] GC(11)   Post Evacuate Collection Set: 6.12ms
[4.980s][info][gc,phases   ] GC(11)   Other: 0.08ms
[4.980s][info][gc,heap     ] GC(11) Eden regions: 116->0(134)
[4.980s][info][gc,heap     ] GC(11) Survivor regions: 3->7(15)
[4.980s][info][gc,heap     ] GC(11) Old regions: 11->11
[4.980s][info][gc,heap     ] GC(11) Humongous regions: 0->0
[4.980s][info][gc,metaspace] GC(11) Metaspace: 25154K(25280K)->25154K(25280K) NonClass: 23026K(23104K)->23026K(23104K) Class: 2127K(2176K)->2127K(2176K)
[4.980s][info][gc          ] GC(11) Pause Young (Normal) (G1 Evacuation Pause) 129M->16M(256M) 14.215ms
[4.980s][info][gc,cpu      ] GC(11) User=0.02s Sys=0.00s Real=0.02s
[5.599s][info][gc,start    ] GC(12) Pause Young (Normal) (G1 Evacuation Pause)
[5.599s][info][gc,task     ] GC(12) Using 2 workers of 2 for evacuation
[5.606s][info][gc,phases   ] GC(12)   Pre Evacuate Collection Set: 0.14ms
[5.606s][info][gc,phases   ] GC(12)   Merge Heap Roots: 0.04ms
[5.606s][info][gc,phases   ] GC(12)   Evacuate Collection Set: 2.62ms
[5.606s][info][gc,phases   ] GC(12)   Post Evacuate Collection Set: 3.74ms
[5.606s][info][gc,phases   ] GC(12)   Other: 0.09ms
[5.606s][info][gc,heap     ] GC(12) Eden regions: 134->0(148)
[5.606s][info][gc,heap     ] GC(12) Survivor regions: 7->5(18)
[5.606s][info][gc,heap     ] GC(12) Old regions: 11->11
[5.606s][info][gc,heap     ] GC(12) Humongous regions: 0->0
[5.606s][info][gc,metaspace] GC(12) Metaspace: 25439K(25600K)->25439K(25600K) NonClass: 23310K(23424K)->23310K(23424K) Class: 2128K(2176K)->2128K(2176K)
[5.606s][info][gc          ] GC(12) Pause Young (Normal) (G1 Evacuation Pause) 150M->15M(256M) 6.811ms
[5.606s][info][gc,cpu      ] GC(12) User=0.01s Sys=0.00s Real=0.00s
[6.299s][info][gc,start    ] GC(13) Pause Young (Normal) (G1 Evacuation Pause)
[6.299s][info][gc,task     ] GC(13) Using 2 workers of 2 for evacuation
[6.306s][info][gc,phases   ] GC(13)   Pre Evacuate Collection Set: 0.53ms
[6.306s][info][gc,phases   ] GC(13)   Merge Heap Roots: 0.06ms
[6.306s][info][gc,phases   ] GC(13)   Evacuate Collection Set: 3.69ms
[6.306s][info][gc,phases   ] GC(13)   Post Evacuate Collection Set: 3.25ms
[6.306s][info][gc,phases   ] GC(13)   Other: 0.09ms
[6.306s][info][gc,heap     ] GC(13) Eden regions: 148->0(150)
[6.306s][info][gc,heap     ] GC(13) Survivor regions: 5->3(20)
[6.307s][info][gc,heap     ] GC(13) Old regions: 11->11
[6.307s][info][gc,heap     ] GC(13) Humongous regions: 0->0
[6.307s][info][gc,metaspace] GC(13) Metaspace: 25686K(25792K)->25686K(25792K) NonClass: 23558K(23616K)->23558K(23616K) Class: 2128K(2176K)->2128K(2176K)
[6.307s][info][gc          ] GC(13) Pause Young (Normal) (G1 Evacuation Pause) 163M->12M(256M) 7.768ms
[6.307s][info][gc,cpu      ] GC(13) User=0.00s Sys=0.01s Real=0.00s
[6.895s][info][gc,start    ] GC(14) Pause Young (Normal) (G1 Evacuation Pause)
[6.895s][info][gc,task     ] GC(14) Using 2 workers of 2 for evacuation
[6.905s][info][gc,phases   ] GC(14)   Pre Evacuate Collection Set: 0.12ms
[6.905s][info][gc,phases   ] GC(14)   Merge Heap Roots: 0.05ms
[6.905s][info][gc,phases   ] GC(14)   Evacuate Collection Set: 2.31ms
[6.905s][info][gc,phases   ] GC(14)   Post Evacuate Collection Set: 6.92ms
[6.905s][info][gc,phases   ] GC(14)   Other: 0.10ms
[6.905s][info][gc,heap     ] GC(14) Eden regions: 150->0(146)
[6.905s][info][gc,heap     ] GC(14) Survivor regions: 3->7(20)
[6.905s][info][gc,heap     ] GC(14) Old regions: 11->11
[6.905s][info][gc,heap     ] GC(14) Humongous regions: 0->0
[6.905s][info][gc,metaspace] GC(14) Metaspace: 25902K(26048K)->25902K(26048K) NonClass: 23774K(23872K)->23774K(23872K) Class: 2128K(2176K)->2128K(2176K)
[6.905s][info][gc          ] GC(14) Pause Young (Normal) (G1 Evacuation Pause) 162M->16M(256M) 9.679ms
[6.905s][info][gc,cpu      ] GC(14) User=0.02s Sys=0.00s Real=0.01s
[7.432s][info][gc,start    ] GC(15) Pause Young (Normal) (G1 Evacuation Pause)
[7.432s][info][gc,task     ] GC(15) Using 2 workers of 2 for evacuation
[7.440s][info][gc,phases   ] GC(15)   Pre Evacuate Collection Set: 0.14ms
[7.440s][info][gc,phases   ] GC(15)   Merge Heap Roots: 0.07ms
[7.440s][info][gc,phases   ] GC(15)   Evacuate Collection Set: 4.16ms
[7.440s][info][gc,phases   ] GC(15)   Post Evacuate Collection Set: 3.62ms
[7.440s][info][gc,phases   ] GC(15)   Other: 0.10ms
[7.440s][info][gc,heap     ] GC(15) Eden regions: 146->0(148)
[7.440s][info][gc,heap     ] GC(15) Survivor regions: 7->5(20)
[7.440s][info][gc,heap     ] GC(15) Old regions: 11->11
[7.440s][info][gc,heap     ] GC(15) Humongous regions: 0->0
[7.440s][info][gc,metaspace] GC(15) Metaspace: 25996K(26176K)->25996K(26176K) NonClass: 23868K(24000K)->23868K(24000K) Class: 2128K(2176K)->2128K(2176K)
[7.440s][info][gc          ] GC(15) Pause Young (Normal) (G1 Evacuation Pause) 162M->15M(256M) 8.306ms
[7.440s][info][gc,cpu      ] GC(15) User=0.01s Sys=0.00s Real=0.01s
[8.050s][info][gc,start    ] GC(16) Pause Young (Normal) (G1 Evacuation Pause)
[8.050s][info][gc,task     ] GC(16) Using 2 workers of 2 for evacuation
[8.061s][info][gc,phases   ] GC(16)   Pre Evacuate Collection Set: 0.14ms
[8.061s][info][gc,phases   ] GC(16)   Merge Heap Roots: 0.06ms
[8.061s][info][gc,phases   ] GC(16)   Evacuate Collection Set: 4.66ms
[8.061s][info][gc,phases   ] GC(16)   Post Evacuate Collection Set: 6.57ms
[8.061s][info][gc,phases   ] GC(16)   Other: 0.08ms
[8.061s][info][gc,heap     ] GC(16) Eden regions: 148->0(143)
[8.061s][info][gc,heap     ] GC(16) Survivor regions: 5->10(20)
[8.061s][info][gc,heap     ] GC(16) Old regions: 11->11
[8.061s][info][gc,heap     ] GC(16) Humongous regions: 0->0
[8.061s][info][gc,metaspace] GC(16) Metaspace: 26160K(26304K)->26160K(26304K) NonClass: 24032K(24128K)->24032K(24128K) Class: 2128K(2176K)->2128K(2176K)
[8.061s][info][gc          ] GC(16) Pause Young (Normal) (G1 Evacuation Pause) 163M->19M(256M) 11.703ms
[8.061s][info][gc,cpu      ] GC(16) User=0.02s Sys=0.00s Real=0.01s
[8.571s][info][gc,start    ] GC(17) Pause Young (Normal) (G1 Evacuation Pause)
[8.571s][info][gc,task     ] GC(17) Using 2 workers of 2 for evacuation
[8.577s][info][gc,phases   ] GC(17)   Pre Evacuate Collection Set: 0.17ms
[8.577s][info][gc,phases   ] GC(17)   Merge Heap Roots: 0.04ms
[8.577s][info][gc,phases   ] GC(17)   Evacuate Collection Set: 3.40ms
[8.577s][info][gc,phases   ] GC(17)   Post Evacuate Collection Set: 2.22ms
[8.577s][info][gc,phases   ] GC(17)   Other: 0.06ms
[8.577s][info][gc,heap     ] GC(17) Eden regions: 143->0(148)
[8.577s][info][gc,heap     ] GC(17) Survivor regions: 10->5(20)
[8.577s][info][gc,heap     ] GC(17) Old regions: 11->11
[8.577s][info][gc,heap     ] GC(17) Humongous regions: 0->0
[8.577s][info][gc,metaspace] GC(17) Metaspace: 26309K(26432K)->26309K(26432K) NonClass: 24181K(24256K)->24181K(24256K) Class: 2128K(2176K)->2128K(2176K)
[8.577s][info][gc          ] GC(17) Pause Young (Normal) (G1 Evacuation Pause) 162M->14M(256M) 6.054ms
[8.577s][info][gc,cpu      ] GC(17) User=0.02s Sys=0.00s Real=0.00s
[9.233s][info][gc,start    ] GC(18) Pause Young (Normal) (G1 Evacuation Pause)
[9.233s][info][gc,task     ] GC(18) Using 2 workers of 2 for evacuation
[9.238s][info][gc,phases   ] GC(18)   Pre Evacuate Collection Set: 0.14ms
[9.238s][info][gc,phases   ] GC(18)   Merge Heap Roots: 0.05ms
[9.238s][info][gc,phases   ] GC(18)   Evacuate Collection Set: 1.85ms
[9.238s][info][gc,phases   ] GC(18)   Post Evacuate Collection Set: 2.50ms
[9.238s][info][gc,phases   ] GC(18)   Other: 0.06ms
[9.238s][info][gc,heap     ] GC(18) Eden regions: 148->0(150)
[9.238s][info][gc,heap     ] GC(18) Survivor regions: 5->3(20)
[9.238s][info][gc,heap     ] GC(18) Old regions: 11->11
[9.238s][info][gc,heap     ] GC(18) Humongous regions: 0->0
[9.238s][info][gc,metaspace] GC(18) Metaspace: 26457K(26624K)->26457K(26624K) NonClass: 24328K(24448K)->24328K(24448K) Class: 2128K(2176K)->2128K(2176K)
[9.238s][info][gc          ] GC(18) Pause Young (Normal) (G1 Evacuation Pause) 162M->13M(256M) 4.759ms
[9.238s][info][gc,cpu      ] GC(18) User=0.01s Sys=0.00s Real=0.01s
[9.699s][info][gc,start    ] GC(19) Pause Young (Normal) (G1 Evacuation Pause)
[9.699s][info][gc,task     ] GC(19) Using 2 workers of 2 for evacuation
[9.707s][info][gc,phases   ] GC(19)   Pre Evacuate Collection Set: 0.13ms
[9.707s][info][gc,phases   ] GC(19)   Merge Heap Roots: 0.05ms
[9.707s][info][gc,phases   ] GC(19)   Evacuate Collection Set: 3.27ms
[9.707s][info][gc,phases   ] GC(19)   Post Evacuate Collection Set: 4.50ms
[9.707s][info][gc,phases   ] GC(19)   Other: 0.06ms
[9.707s][info][gc,heap     ] GC(19) Eden regions: 150->0(146)
[9.707s][info][gc,heap     ] GC(19) Survivor regions: 3->7(20)
[9.707s][info][gc,heap     ] GC(19) Old regions: 11->11
[9.707s][info][gc,heap     ] GC(19) Humongous regions: 0->0
[9.707s][info][gc,metaspace] GC(19) Metaspace: 26508K(26624K)->26508K(26624K) NonClass: 24380K(24448K)->24380K(24448K) Class: 2128K(2176K)->2128K(2176K)
[9.708s][info][gc          ] GC(19) Pause Young (Normal) (G1 Evacuation Pause) 163M->16M(256M) 8.203ms
[9.708s][info][gc,cpu      ] GC(19) User=0.02s Sys=0.00s Real=0.01s
[10.208s][info][gc,start    ] GC(20) Pause Young (Normal) (G1 Evacuation Pause)
[10.208s][info][gc,task     ] GC(20) Using 2 workers of 2 for evacuation
[10.212s][info][gc,phases   ] GC(20)   Pre Evacuate Collection Set: 0.13ms
[10.212s][info][gc,phases   ] GC(20)   Merge Heap Roots: 0.05ms
[10.212s][info][gc,phases   ] GC(20)   Evacuate Collection Set: 2.49ms
[10.212s][info][gc,phases   ] GC(20)   Post Evacuate Collection Set: 1.25ms
[10.212s][info][gc,phases   ] GC(20)   Other: 0.06ms
[10.212s][info][gc,heap     ] GC(20) Eden regions: 146->0(150)
[10.212s][info][gc,heap     ] GC(20) Survivor regions: 7->3(20)
[10.212s][info][gc,heap     ] GC(20) Old regions: 11->11
[10.212s][info][gc,heap     ] GC(20) Humongous regions: 0->0
[10.212s][info][gc,metaspace] GC(20) Metaspace: 26615K(26752K)->26615K(26752K) NonClass: 24487K(24576K)->24487K(24576K) Class: 2128K(2176K)->2128K(2176K)
[10.212s][info][gc          ] GC(20) Pause Young (Normal) (G1 Evacuation Pause) 162M->13M(256M) 4.159ms
[10.212s][info][gc,cpu      ] GC(20) User=0.01s Sys=0.00s Real=0.00s
[10.699s][info][gc,start    ] GC(21) Pause Young (Normal) (G1 Evacuation Pause)
[10.699s][info][gc,task     ] GC(21) Using 2 workers of 2 for evacuation
[10.708s][info][gc,phases   ] GC(21)   Pre Evacuate Collection Set: 0.12ms
[10.708s][info][gc,phases   ] GC(21)   Merge Heap Roots: 0.05ms
[10.708s][info][gc,phases   ] GC(21)   Evacuate Collection Set: 2.38ms
[10.708s][info][gc,phases   ] GC(21)   Post Evacuate Collection Set: 7.13ms
[10.708s][info][gc,phases   ] GC(21)   Other: 0.09ms
[10.708s][info][gc,heap     ] GC(21) Eden regions: 150->0(146)
[10.708s][info][gc,heap     ] GC(21) Survivor regions: 3->7(20)
[10.708s][info][gc,heap     ] GC(21) Old regions: 11->11
[10.708s][info][gc,heap     ] GC(21) Humongous regions: 0->0
[10.708s][info][gc,metaspace] GC(21) Metaspace: 26692K(26880K)->26692K(26880K) NonClass: 24564K(24704K)->24564K(24704K) Class: 2128K(2176K)->2128K(2176K)
[10.708s][info][gc          ] GC(21) Pause Young (Normal) (G1 Evacuation Pause) 163M->17M(256M) 9.926ms
[10.708s][info][gc,cpu      ] GC(21) User=0.02s Sys=0.00s Real=0.01s
[11.204s][info][gc,start    ] GC(22) Pause Young (Normal) (G1 Evacuation Pause)
[11.204s][info][gc,task     ] GC(22) Using 2 workers of 2 for evacuation
[11.211s][info][gc,phases   ] GC(22)   Pre Evacuate Collection Set: 0.15ms
[11.211s][info][gc,phases   ] GC(22)   Merge Heap Roots: 0.09ms
[11.211s][info][gc,phases   ] GC(22)   Evacuate Collection Set: 4.04ms
[11.211s][info][gc,phases   ] GC(22)   Post Evacuate Collection Set: 2.22ms
[11.211s][info][gc,phases   ] GC(22)   Other: 0.12ms
[11.211s][info][gc,heap     ] GC(22) Eden regions: 146->0(149)
[11.211s][info][gc,heap     ] GC(22) Survivor regions: 7->4(20)
[11.211s][info][gc,heap     ] GC(22) Old regions: 11->11
[11.211s][info][gc,heap     ] GC(22) Humongous regions: 0->0
[11.211s][info][gc,metaspace] GC(22) Metaspace: 26742K(26880K)->26742K(26880K) NonClass: 24612K(24704K)->24612K(24704K) Class: 2129K(2176K)->2129K(2176K)
[11.211s][info][gc          ] GC(22) Pause Young (Normal) (G1 Evacuation Pause) 163M->14M(256M) 6.785ms
[11.211s][info][gc,cpu      ] GC(22) User=0.01s Sys=0.00s Real=0.01s
[11.700s][info][gc,start    ] GC(23) Pause Young (Normal) (G1 Evacuation Pause)
[11.700s][info][gc,task     ] GC(23) Using 2 workers of 2 for evacuation
[11.710s][info][gc,phases   ] GC(23)   Pre Evacuate Collection Set: 0.14ms
[11.710s][info][gc,phases   ] GC(23)   Merge Heap Roots: 0.06ms
[11.710s][info][gc,phases   ] GC(23)   Evacuate Collection Set: 4.48ms
[11.710s][info][gc,phases   ] GC(23)   Post Evacuate Collection Set: 5.10ms
[11.710s][info][gc,phases   ] GC(23)   Other: 0.12ms
[11.710s][info][gc,heap     ] GC(23) Eden regions: 149->0(143)
[11.710s][info][gc,heap     ] GC(23) Survivor regions: 4->10(20)
[11.710s][info][gc,heap     ] GC(23) Old regions: 11->11
[11.710s][info][gc,heap     ] GC(23) Humongous regions: 0->0
[11.710s][info][gc,metaspace] GC(23) Metaspace: 26827K(26944K)->26827K(26944K) NonClass: 24697K(24768K)->24697K(24768K) Class: 2130K(2176K)->2130K(2176K)
[11.710s][info][gc          ] GC(23) Pause Young (Normal) (G1 Evacuation Pause) 163M->20M(256M) 10.098ms
[11.710s][info][gc,cpu      ] GC(23) User=0.02s Sys=0.00s Real=0.01s
[12.121s][info][gc,start    ] GC(24) Pause Young (Normal) (G1 Evacuation Pause)
[12.121s][info][gc,task     ] GC(24) Using 2 workers of 2 for evacuation
[12.127s][info][gc,phases   ] GC(24)   Pre Evacuate Collection Set: 0.13ms
[12.127s][info][gc,phases   ] GC(24)   Merge Heap Roots: 0.08ms
[12.127s][info][gc,phases   ] GC(24)   Evacuate Collection Set: 3.84ms
[12.127s][info][gc,phases   ] GC(24)   Post Evacuate Collection Set: 2.28ms
[12.127s][info][gc,phases   ] GC(24)   Other: 0.07ms
[12.127s][info][gc,heap     ] GC(24) Eden regions: 143->0(148)
[12.127s][info][gc,heap     ] GC(24) Survivor regions: 10->5(20)
[12.127s][info][gc,heap     ] GC(24) Old regions: 11->11
[12.127s][info][gc,heap     ] GC(24) Humongous regions: 0->0
[12.127s][info][gc,metaspace] GC(24) Metaspace: 26877K(27072K)->26877K(27072K) NonClass: 24746K(24896K)->24746K(24896K) Class: 2130K(2176K)->2130K(2176K)
[12.128s][info][gc          ] GC(24) Pause Young (Normal) (G1 Evacuation Pause) 163M->14M(256M) 6.552ms
[12.128s][info][gc,cpu      ] GC(24) User=0.01s Sys=0.00s Real=0.01s
[12.658s][info][gc,start    ] GC(25) Pause Young (Normal) (G1 Evacuation Pause)
[12.658s][info][gc,task     ] GC(25) Using 2 workers of 2 for evacuation
[12.666s][info][gc,phases   ] GC(25)   Pre Evacuate Collection Set: 1.84ms
[12.666s][info][gc,phases   ] GC(25)   Merge Heap Roots: 0.07ms
[12.666s][info][gc,phases   ] GC(25)   Evacuate Collection Set: 3.19ms
[12.666s][info][gc,phases   ] GC(25)   Post Evacuate Collection Set: 2.44ms
[12.666s][info][gc,phases   ] GC(25)   Other: 0.10ms
[12.666s][info][gc,heap     ] GC(25) Eden regions: 148->0(150)
[12.666s][info][gc,heap     ] GC(25) Survivor regions: 5->3(20)
[12.666s][info][gc,heap     ] GC(25) Old regions: 11->11
[12.666s][info][gc,heap     ] GC(25) Humongous regions: 0->0
[12.666s][info][gc,metaspace] GC(25) Metaspace: 27009K(27136K)->27009K(27136K) NonClass: 24878K(24960K)->24878K(24960K) Class: 2130K(2176K)->2130K(2176K)
[12.666s][info][gc          ] GC(25) Pause Young (Normal) (G1 Evacuation Pause) 162M->13M(256M) 7.819ms
[12.666s][info][gc,cpu      ] GC(25) User=0.01s Sys=0.00s Real=0.00s
[13.091s][info][gc,start    ] GC(26) Pause Young (Normal) (G1 Evacuation Pause)
[13.091s][info][gc,task     ] GC(26) Using 2 workers of 2 for evacuation
[13.098s][info][gc,phases   ] GC(26)   Pre Evacuate Collection Set: 0.14ms
[13.098s][info][gc,phases   ] GC(26)   Merge Heap Roots: 0.07ms
[13.098s][info][gc,phases   ] GC(26)   Evacuate Collection Set: 2.40ms
[13.098s][info][gc,phases   ] GC(26)   Post Evacuate Collection Set: 4.74ms
[13.098s][info][gc,phases   ] GC(26)   Other: 0.07ms
[13.099s][info][gc,heap     ] GC(26) Eden regions: 150->0(146)
[13.099s][info][gc,heap     ] GC(26) Survivor regions: 3->7(20)
[13.099s][info][gc,heap     ] GC(26) Old regions: 11->11
[13.099s][info][gc,heap     ] GC(26) Humongous regions: 0->0
[13.099s][info][gc,metaspace] GC(26) Metaspace: 27051K(27200K)->27051K(27200K) NonClass: 24920K(25024K)->24920K(25024K) Class: 2130K(2176K)->2130K(2176K)
[13.099s][info][gc          ] GC(26) Pause Young (Normal) (G1 Evacuation Pause) 163M->17M(256M) 7.572ms
[13.099s][info][gc,cpu      ] GC(26) User=0.02s Sys=0.00s Real=0.01s
[13.521s][info][gc,start    ] GC(27) Pause Young (Normal) (G1 Evacuation Pause)
[13.521s][info][gc,task     ] GC(27) Using 2 workers of 2 for evacuation
[13.527s][info][gc,phases   ] GC(27)   Pre Evacuate Collection Set: 0.15ms
[13.527s][info][gc,phases   ] GC(27)   Merge Heap Roots: 0.04ms
[13.527s][info][gc,phases   ] GC(27)   Evacuate Collection Set: 2.19ms
[13.527s][info][gc,phases   ] GC(27)   Post Evacuate Collection Set: 3.24ms
[13.527s][info][gc,phases   ] GC(27)   Other: 0.09ms
[13.527s][info][gc,heap     ] GC(27) Eden regions: 146->0(150)
[13.527s][info][gc,heap     ] GC(27) Survivor regions: 7->3(20)
[13.527s][info][gc,heap     ] GC(27) Old regions: 11->11
[13.527s][info][gc,heap     ] GC(27) Humongous regions: 0->0
[13.527s][info][gc,metaspace] GC(27) Metaspace: 27100K(27264K)->27100K(27264K) NonClass: 24970K(25088K)->24970K(25088K) Class: 2130K(2176K)->2130K(2176K)
[13.527s][info][gc          ] GC(27) Pause Young (Normal) (G1 Evacuation Pause) 163M->13M(256M) 5.920ms
[13.527s][info][gc,cpu      ] GC(27) User=0.01s Sys=0.00s Real=0.01s
[13.916s][info][gc,start    ] GC(28) Pause Young (Normal) (G1 Evacuation Pause)
[13.916s][info][gc,task     ] GC(28) Using 2 workers of 2 for evacuation
[13.922s][info][gc,phases   ] GC(28)   Pre Evacuate Collection Set: 0.13ms
[13.922s][info][gc,phases   ] GC(28)   Merge Heap Roots: 0.08ms
[13.922s][info][gc,phases   ] GC(28)   Evacuate Collection Set: 2.00ms
[13.922s][info][gc,phases   ] GC(28)   Post Evacuate Collection Set: 3.80ms
[13.922s][info][gc,phases   ] GC(28)   Other: 0.08ms
[13.922s][info][gc,heap     ] GC(28) Eden regions: 150->0(146)
[13.922s][info][gc,heap     ] GC(28) Survivor regions: 3->7(20)
[13.922s][info][gc,heap     ] GC(28) Old regions: 11->11
[13.922s][info][gc,heap     ] GC(28) Humongous regions: 0->0
[13.922s][info][gc,metaspace] GC(28) Metaspace: 27127K(27264K)->27127K(27264K) NonClass: 24997K(25088K)->24997K(25088K) Class: 2130K(2176K)->2130K(2176K)
[13.922s][info][gc          ] GC(28) Pause Young (Normal) (G1 Evacuation Pause) 163M->16M(256M) 6.253ms
[13.922s][info][gc,cpu      ] GC(28) User=0.01s Sys=0.01s Real=0.01s
[14.335s][info][gc,start    ] GC(29) Pause Young (Normal) (G1 Evacuation Pause)
[14.335s][info][gc,task     ] GC(29) Using 2 workers of 2 for evacuation
[14.342s][info][gc,phases   ] GC(29)   Pre Evacuate Collection Set: 0.13ms
[14.342s][info][gc,phases   ] GC(29)   Merge Heap Roots: 0.05ms
[14.342s][info][gc,phases   ] GC(29)   Evacuate Collection Set: 4.17ms
[14.342s][info][gc,phases   ] GC(29)   Post Evacuate Collection Set: 2.33ms
[14.342s][info][gc,phases   ] GC(29)   Other: 0.09ms
[14.342s][info][gc,heap     ] GC(29) Eden regions: 146->0(147)
[14.342s][info][gc,heap     ] GC(29) Survivor regions: 7->6(20)
[14.342s][info][gc,heap     ] GC(29) Old regions: 11->11
[14.342s][info][gc,heap     ] GC(29) Humongous regions: 0->0
[14.342s][info][gc,metaspace] GC(29) Metaspace: 27151K(27264K)->27151K(27264K) NonClass: 25021K(25088K)->25021K(25088K) Class: 2130K(2176K)->2130K(2176K)
[14.342s][info][gc          ] GC(29) Pause Young (Normal) (G1 Evacuation Pause) 162M->15M(256M) 6.946ms
[14.342s][info][gc,cpu      ] GC(29) User=0.01s Sys=0.00s Real=0.01s
[14.787s][info][gc,start    ] GC(30) Pause Young (Normal) (G1 Evacuation Pause)
[14.787s][info][gc,task     ] GC(30) Using 2 workers of 2 for evacuation
[14.795s][info][gc,phases   ] GC(30)   Pre Evacuate Collection Set: 0.20ms
[14.795s][info][gc,phases   ] GC(30)   Merge Heap Roots: 0.07ms
[14.795s][info][gc,phases   ] GC(30)   Evacuate Collection Set: 1.18ms
[14.795s][info][gc,phases   ] GC(30)   Post Evacuate Collection Set: 6.74ms
[14.795s][info][gc,phases   ] GC(30)   Other: 0.08ms
[14.795s][info][gc,heap     ] GC(30) Eden regions: 147->0(146)
[14.795s][info][gc,heap     ] GC(30) Survivor regions: 6->7(20)
[14.795s][info][gc,heap     ] GC(30) Old regions: 11->11
[14.795s][info][gc,heap     ] GC(30) Humongous regions: 0->0
[14.795s][info][gc,metaspace] GC(30) Metaspace: 27252K(27392K)->27252K(27392K) NonClass: 25122K(25216K)->25122K(25216K) Class: 2130K(2176K)->2130K(2176K)
[14.795s][info][gc          ] GC(30) Pause Young (Normal) (G1 Evacuation Pause) 162M->17M(256M) 8.433ms
[14.795s][info][gc,cpu      ] GC(30) User=0.02s Sys=0.00s Real=0.01s
[15.175s][info][gc,start    ] GC(31) Pause Young (Normal) (G1 Evacuation Pause)
[15.175s][info][gc,task     ] GC(31) Using 2 workers of 2 for evacuation
[15.180s][info][gc,phases   ] GC(31)   Pre Evacuate Collection Set: 0.13ms
[15.180s][info][gc,phases   ] GC(31)   Merge Heap Roots: 0.06ms
[15.180s][info][gc,phases   ] GC(31)   Evacuate Collection Set: 1.51ms
[15.180s][info][gc,phases   ] GC(31)   Post Evacuate Collection Set: 3.48ms
[15.180s][info][gc,phases   ] GC(31)   Other: 0.09ms
[15.180s][info][gc,heap     ] GC(31) Eden regions: 146->0(149)
[15.180s][info][gc,heap     ] GC(31) Survivor regions: 7->4(20)
[15.180s][info][gc,heap     ] GC(31) Old regions: 11->11
[15.180s][info][gc,heap     ] GC(31) Humongous regions: 0->0
[15.180s][info][gc,metaspace] GC(31) Metaspace: 27260K(27392K)->27260K(27392K) NonClass: 25129K(25216K)->25129K(25216K) Class: 2130K(2176K)->2130K(2176K)
[15.180s][info][gc          ] GC(31) Pause Young (Normal) (G1 Evacuation Pause) 163M->13M(256M) 5.449ms
[15.180s][info][gc,cpu      ] GC(31) User=0.01s Sys=0.00s Real=0.01s
[15.638s][info][gc,start    ] GC(32) Pause Young (Normal) (G1 Evacuation Pause)
[15.638s][info][gc,task     ] GC(32) Using 2 workers of 2 for evacuation
[15.646s][info][gc,phases   ] GC(32)   Pre Evacuate Collection Set: 0.12ms
[15.646s][info][gc,phases   ] GC(32)   Merge Heap Roots: 0.06ms
[15.646s][info][gc,phases   ] GC(32)   Evacuate Collection Set: 2.72ms
[15.646s][info][gc,phases   ] GC(32)   Post Evacuate Collection Set: 4.35ms
[15.646s][info][gc,phases   ] GC(32)   Other: 0.09ms
[15.646s][info][gc,heap     ] GC(32) Eden regions: 149->0(149)
[15.646s][info][gc,heap     ] GC(32) Survivor regions: 4->4(20)
[15.646s][info][gc,heap     ] GC(32) Old regions: 11->11
[15.646s][info][gc,heap     ] GC(32) Humongous regions: 0->0
[15.646s][info][gc,metaspace] GC(32) Metaspace: 27299K(27392K)->27299K(27392K) NonClass: 25168K(25216K)->25168K(25216K) Class: 2131K(2176K)->2131K(2176K)
[15.646s][info][gc          ] GC(32) Pause Young (Normal) (G1 Evacuation Pause) 162M->14M(256M) 7.550ms
[15.646s][info][gc,cpu      ] GC(32) User=0.01s Sys=0.00s Real=0.00s
[16.044s][info][gc,start    ] GC(33) Pause Young (Normal) (G1 Evacuation Pause)
[16.045s][info][gc,task     ] GC(33) Using 2 workers of 2 for evacuation
[16.054s][info][gc,phases   ] GC(33)   Pre Evacuate Collection Set: 0.13ms
[16.054s][info][gc,phases   ] GC(33)   Merge Heap Roots: 0.07ms
[16.054s][info][gc,phases   ] GC(33)   Evacuate Collection Set: 2.52ms
[16.054s][info][gc,phases   ] GC(33)   Post Evacuate Collection Set: 6.41ms
[16.054s][info][gc,phases   ] GC(33)   Other: 0.09ms
[16.054s][info][gc,heap     ] GC(33) Eden regions: 149->0(146)
[16.054s][info][gc,heap     ] GC(33) Survivor regions: 4->7(20)
[16.054s][info][gc,heap     ] GC(33) Old regions: 11->11
[16.054s][info][gc,heap     ] GC(33) Humongous regions: 0->0
[16.054s][info][gc,metaspace] GC(33) Metaspace: 27436K(27584K)->27436K(27584K) NonClass: 25305K(25408K)->25305K(25408K) Class: 2131K(2176K)->2131K(2176K)
[16.054s][info][gc          ] GC(33) Pause Young (Normal) (G1 Evacuation Pause) 163M->17M(256M) 9.400ms
[16.054s][info][gc,cpu      ] GC(33) User=0.02s Sys=0.00s Real=0.01s
[16.373s][info][gc,heap,exit] Heap
[16.373s][info][gc,heap,exit]  garbage-first heap   total reserved 1001472K, committed 262144K, used 148700K [0x00000000c2e00000, 0x0000000100000000)
[16.373s][info][gc,heap,exit]   region size 1024K, 135 young (138240K), 7 survivors (7168K)
[16.373s][info][gc,heap,exit]  Metaspace       used 27449K, committed 27648K, reserved 1114112K
[16.373s][info][gc,heap,exit]   class space    used 2132K, committed 2176K, reserved 1048576K
