[0.002s][info][metaspace]  - commit_granule_bytes: 65536.
[0.002s][info][metaspace]  - commit_granule_words: 8192.
[0.002s][info][metaspace]  - virtual_space_node_default_size: 8388608.
[0.002s][info][metaspace]  - enlarge_chunks_in_place: 1.
[0.004s][info][gc,init  ] CardTable entry size: 512
[0.008s][info][gc       ] Using G1
[0.012s][info][gc,init  ] Version: 24-internal-adhoc.root.jdk (release)
[0.012s][info][gc,init  ] CPUs: 2 total, 2 available
[0.012s][info][gc,init  ] Memory: 3908M
[0.012s][info][gc,init  ] Large Page Support: Disabled
[0.012s][info][gc,init  ] NUMA Support: Disabled
[0.012s][info][gc,init  ] Compressed Oops: Enabled (32-bit)
[0.012s][info][gc,init  ] Heap Region Size: 1M
[0.012s][info][gc,init  ] Heap Min Capacity: 256M
[0.012s][info][gc,init  ] Heap Initial Capacity: 256M
[0.012s][info][gc,init  ] Heap Max Capacity: 978M
[0.012s][info][gc,init  ] Pre-touch: Disabled
[0.012s][info][gc,init  ] Parallel Workers: 2
[0.012s][info][gc,init  ] Concurrent Workers: 1
[0.012s][info][gc,init  ] Concurrent Refinement Workers: 2
[0.012s][info][gc,init  ] Periodic GC: Disabled
[0.031s][info][gc,metaspace] CDS archive(s) mapped at: [0x00007fc5da000000-0x00007fc5dadc0000-0x00007fc5dadc0000), size 14417920, SharedBaseAddress: 0x00007fc5da000000, ArchiveRelocationMode: 1.
[0.031s][info][gc,metaspace] Compressed class space mapped at: 0x00007fc5db000000-0x00007fc61b000000, reserved size: 1073741824
[0.031s][info][gc,metaspace] UseCompressedClassPointers 1, UseCompactObjectHeaders 0
[0.031s][info][gc,metaspace] Narrow klass pointer bits 32, Max shift 3
[0.031s][info][gc,metaspace] Narrow klass base: 0x00007fc5da000000, Narrow klass shift: 0
[0.031s][info][gc,metaspace] Encoding Range: [0x00007fc5da000000 - 0x00007fc6da000000), (4294967296 bytes)
[0.031s][info][gc,metaspace] Klass Range:    [0x00007fc5da000000 - 0x00007fc61b000000), (1090519040 bytes)
[0.031s][info][gc,metaspace] Klass ID Range:  [8 - 1090519033) (1090519025)
[0.495s][info][gc,start    ] GC(0) Pause Young (Normal) (G1 Evacuation Pause)
[0.496s][info][gc,task     ] GC(0) Using 2 workers of 2 for evacuation
[0.501s][info][gc,phases   ] GC(0)   Pre Evacuate Collection Set: 0.20ms
[0.501s][info][gc,phases   ] GC(0)   Merge Heap Roots: 0.08ms
[0.501s][info][gc,phases   ] GC(0)   Evacuate Collection Set: 4.63ms
[0.501s][info][gc,phases   ] GC(0)   Post Evacuate Collection Set: 0.23ms
[0.501s][info][gc,phases   ] GC(0)   Other: 0.18ms
[0.501s][info][gc,heap     ] GC(0) Eden regions: 12->0(10)
[0.501s][info][gc,heap     ] GC(0) Survivor regions: 0->2(2)
[0.501s][info][gc,heap     ] GC(0) Old regions: 2->4
[0.501s][info][gc,heap     ] GC(0) Humongous regions: 0->0
[0.501s][info][gc,metaspace] GC(0) Metaspace: 2701K(2880K)->2701K(2880K) NonClass: 2477K(2560K)->2477K(2560K) Class: 223K(320K)->223K(320K)
[0.501s][info][gc          ] GC(0) Pause Young (Normal) (G1 Evacuation Pause) 13M->4M(258M) 5.512ms
[0.501s][info][gc,cpu      ] GC(0) User=0.00s Sys=0.00s Real=0.01s
[0.721s][info][gc,start    ] GC(1) Pause Young (Normal) (G1 Evacuation Pause)
[0.721s][info][gc,task     ] GC(1) Using 2 workers of 2 for evacuation
[0.724s][info][gc,phases   ] GC(1)   Pre Evacuate Collection Set: 0.14ms
[0.725s][info][gc,phases   ] GC(1)   Merge Heap Roots: 0.03ms
[0.725s][info][gc,phases   ] GC(1)   Evacuate Collection Set: 2.63ms
[0.725s][info][gc,phases   ] GC(1)   Post Evacuate Collection Set: 0.26ms
[0.725s][info][gc,phases   ] GC(1)   Other: 0.11ms
[0.725s][info][gc,heap     ] GC(1) Eden regions: 10->0(16)
[0.725s][info][gc,heap     ] GC(1) Survivor regions: 2->1(2)
[0.725s][info][gc,heap     ] GC(1) Old regions: 4->6
[0.725s][info][gc,heap     ] GC(1) Humongous regions: 0->0
[0.725s][info][gc,metaspace] GC(1) Metaspace: 6956K(7168K)->6956K(7168K) NonClass: 6247K(6336K)->6247K(6336K) Class: 709K(832K)->709K(832K)
[0.725s][info][gc          ] GC(1) Pause Young (Normal) (G1 Evacuation Pause) 14M->4M(258M) 3.328ms
[0.725s][info][gc,cpu      ] GC(1) User=0.01s Sys=0.01s Real=0.00s
[1.295s][info][gc,start    ] GC(2) Pause Young (Normal) (G1 Evacuation Pause)
[1.295s][info][gc,task     ] GC(2) Using 2 workers of 2 for evacuation
[1.300s][info][gc,phases   ] GC(2)   Pre Evacuate Collection Set: 0.17ms
[1.300s][info][gc,phases   ] GC(2)   Merge Heap Roots: 0.03ms
[1.300s][info][gc,phases   ] GC(2)   Evacuate Collection Set: 4.42ms
[1.300s][info][gc,phases   ] GC(2)   Post Evacuate Collection Set: 0.33ms
[1.300s][info][gc,phases   ] GC(2)   Other: 0.10ms
[1.300s][info][gc,heap     ] GC(2) Eden regions: 17->0(19)
[1.300s][info][gc,heap     ] GC(2) Survivor regions: 1->3(3)
[1.300s][info][gc,heap     ] GC(2) Old regions: 6->6
[1.300s][info][gc,heap     ] GC(2) Humongous regions: 0->0
[1.300s][info][gc,metaspace] GC(2) Metaspace: 12949K(13056K)->12949K(13056K) NonClass: 11686K(11776K)->11686K(11776K) Class: 1262K(1280K)->1262K(1280K)
[1.300s][info][gc          ] GC(2) Pause Young (Normal) (G1 Evacuation Pause) 21M->7M(258M) 5.222ms
[1.300s][info][gc,cpu      ] GC(2) User=0.01s Sys=0.00s Real=0.01s
[2.322s][info][gc,start    ] GC(3) Pause Young (Normal) (G1 Evacuation Pause)
[2.322s][info][gc,task     ] GC(3) Using 2 workers of 2 for evacuation
[2.330s][info][gc,phases   ] GC(3)   Pre Evacuate Collection Set: 0.15ms
[2.330s][info][gc,phases   ] GC(3)   Merge Heap Roots: 0.04ms
[2.330s][info][gc,phases   ] GC(3)   Evacuate Collection Set: 6.64ms
[2.330s][info][gc,phases   ] GC(3)   Post Evacuate Collection Set: 1.39ms
[2.330s][info][gc,phases   ] GC(3)   Other: 0.09ms
[2.330s][info][gc,heap     ] GC(3) Eden regions: 19->0(26)
[2.330s][info][gc,heap     ] GC(3) Survivor regions: 3->3(3)
[2.330s][info][gc,heap     ] GC(3) Old regions: 6->8
[2.330s][info][gc,heap     ] GC(3) Humongous regions: 0->0
[2.330s][info][gc,metaspace] GC(3) Metaspace: 19778K(19904K)->19778K(19904K) NonClass: 17911K(17984K)->17911K(17984K) Class: 1867K(1920K)->1867K(1920K)
[2.330s][info][gc          ] GC(3) Pause Young (Normal) (G1 Evacuation Pause) 26M->9M(258M) 8.507ms
[2.330s][info][gc,cpu      ] GC(3) User=0.01s Sys=0.00s Real=0.01s
[2.683s][info][metaspace   ] ChkMgr @0x00007fc65015e580 (non-class-space): failed to commit 305 words on chunk @0x00007fc6507f0788, f, base 0x00007fc5d1360000, level lv10.
[2.683s][info][metaspace   ] Arena @0x00007fc6503a5600 (non-class arena): failed to allocate new chunk for requested word size 305.
[2.683s][info][metaspace   ] Arena @0x00007fc6503a5600 (non-class arena): allocation failed, returned null.
[2.683s][info][metaspace   ] ChkMgr @0x00007fc65015e580 (non-class-space): failed to commit 305 words on chunk @0x00007fc6507f0788, f, base 0x00007fc5d1360000, level lv10.
[2.683s][info][metaspace   ] Arena @0x00007fc6503a5600 (non-class arena): failed to allocate new chunk for requested word size 305.
[2.683s][info][metaspace   ] Arena @0x00007fc6503a5600 (non-class arena): allocation failed, returned null.
[2.683s][info][metaspace   ] ChkMgr @0x00007fc65015e580 (non-class-space): failed to commit 305 words on chunk @0x00007fc6507f0788, f, base 0x00007fc5d1360000, level lv10.
[2.683s][info][metaspace   ] Arena @0x00007fc6503a5600 (non-class arena): failed to allocate new chunk for requested word size 305.
[2.683s][info][metaspace   ] Arena @0x00007fc6503a5600 (non-class arena): allocation failed, returned null.
[2.683s][info][gc,start    ] GC(4) Pause Young (Concurrent Start) (Metadata GC Threshold)
[2.684s][info][gc,task     ] GC(4) Using 2 workers of 2 for evacuation
[2.689s][info][gc,phases   ] GC(4)   Pre Evacuate Collection Set: 0.14ms
[2.689s][info][gc,phases   ] GC(4)   Merge Heap Roots: 0.04ms
[2.689s][info][gc,phases   ] GC(4)   Evacuate Collection Set: 3.82ms
[2.689s][info][gc,phases   ] GC(4)   Post Evacuate Collection Set: 1.10ms
[2.689s][info][gc,phases   ] GC(4)   Other: 0.11ms
[2.689s][info][gc,heap     ] GC(4) Eden regions: 20->0(36)
[2.689s][info][gc,heap     ] GC(4) Survivor regions: 3->2(4)
[2.689s][info][gc,heap     ] GC(4) Old regions: 8->10
[2.689s][info][gc,heap     ] GC(4) Humongous regions: 0->0
[2.689s][info][gc,metaspace] GC(4) Metaspace: 21406K(21504K)->21406K(21504K) NonClass: 19406K(19456K)->19406K(19456K) Class: 2000K(2048K)->2000K(2048K)
[2.689s][info][gc          ] GC(4) Pause Young (Concurrent Start) (Metadata GC Threshold) 28M->10M(258M) 5.336ms
[2.689s][info][gc,cpu      ] GC(4) User=0.01s Sys=0.00s Real=0.01s
[2.689s][info][metaspace   ] CLMS @0x00007fc6503a55d0 : GC threshold increased: 22020096->22347776.
[2.689s][info][gc          ] GC(5) Concurrent Mark Cycle
[2.689s][info][gc,marking  ] GC(5) Concurrent Scan Root Regions
[2.695s][info][gc,marking  ] GC(5) Concurrent Scan Root Regions 6.411ms
[2.695s][info][gc,marking  ] GC(5) Concurrent Mark
[2.695s][info][gc,marking  ] GC(5) Concurrent Mark From Roots
[2.695s][info][gc,task     ] GC(5) Using 1 workers of 1 for marking
[2.717s][info][gc,marking  ] GC(5) Concurrent Mark From Roots 21.178ms
[2.717s][info][gc,marking  ] GC(5) Concurrent Preclean
[2.717s][info][gc,marking  ] GC(5) Concurrent Preclean 0.043ms
[2.717s][info][gc,start    ] GC(5) Pause Remark
[2.720s][info][gc          ] GC(5) Pause Remark 11M->11M(256M) 2.904ms
[2.720s][info][gc,cpu      ] GC(5) User=0.00s Sys=0.00s Real=0.00s
[2.720s][info][gc,marking  ] GC(5) Concurrent Mark 24.279ms
[2.720s][info][gc,marking  ] GC(5) Concurrent Rebuild Remembered Sets and Scrub Regions
[2.729s][info][gc,marking  ] GC(5) Concurrent Rebuild Remembered Sets and Scrub Regions 8.897ms
[2.729s][info][gc,start    ] GC(5) Pause Cleanup
[2.729s][info][gc          ] GC(5) Pause Cleanup 11M->11M(256M) 0.031ms
[2.729s][info][gc,cpu      ] GC(5) User=0.00s Sys=0.00s Real=0.00s
[2.730s][info][gc,marking  ] GC(5) Concurrent Clear Claimed Marks
[2.730s][info][gc,marking  ] GC(5) Concurrent Clear Claimed Marks 0.027ms
[2.730s][info][gc,marking  ] GC(5) Concurrent Cleanup for Next Mark
[2.737s][info][gc,marking  ] GC(5) Concurrent Cleanup for Next Mark 6.221ms
[2.737s][info][gc          ] GC(5) Concurrent Mark Cycle 47.743ms
[3.226s][info][gc,start    ] GC(6) Pause Young (Prepare Mixed) (G1 Evacuation Pause)
[3.226s][info][gc,task     ] GC(6) Using 2 workers of 2 for evacuation
[3.229s][info][gc,phases   ] GC(6)   Pre Evacuate Collection Set: 0.17ms
[3.229s][info][gc,phases   ] GC(6)   Merge Heap Roots: 0.04ms
[3.229s][info][gc,phases   ] GC(6)   Evacuate Collection Set: 2.10ms
[3.229s][info][gc,phases   ] GC(6)   Post Evacuate Collection Set: 0.53ms
[3.229s][info][gc,phases   ] GC(6)   Other: 0.07ms
[3.229s][info][gc,heap     ] GC(6) Eden regions: 35->0(48)
[3.229s][info][gc,heap     ] GC(6) Survivor regions: 2->2(5)
[3.229s][info][gc,heap     ] GC(6) Old regions: 10->10
[3.229s][info][gc,heap     ] GC(6) Humongous regions: 0->0
[3.229s][info][gc,metaspace] GC(6) Metaspace: 22213K(22336K)->22213K(22336K) NonClass: 20195K(20288K)->20195K(20288K) Class: 2017K(2048K)->2017K(2048K)
[3.229s][info][gc          ] GC(6) Pause Young (Prepare Mixed) (G1 Evacuation Pause) 45M->10M(256M) 3.058ms
[3.229s][info][gc,cpu      ] GC(6) User=0.00s Sys=0.00s Real=0.01s
[3.741s][info][gc,start    ] GC(7) Pause Young (Mixed) (G1 Evacuation Pause)
[3.741s][info][gc,task     ] GC(7) Using 2 workers of 2 for evacuation
[3.750s][info][gc,phases   ] GC(7)   Pre Evacuate Collection Set: 0.15ms
[3.750s][info][gc,phases   ] GC(7)   Merge Heap Roots: 0.05ms
[3.750s][info][gc,phases   ] GC(7)   Evacuate Collection Set: 4.65ms
[3.750s][info][gc,phases   ] GC(7)   Post Evacuate Collection Set: 4.47ms
[3.750s][info][gc,phases   ] GC(7)   Other: 0.07ms
[3.750s][info][gc,heap     ] GC(7) Eden regions: 48->0(46)
[3.750s][info][gc,heap     ] GC(7) Survivor regions: 2->6(7)
[3.750s][info][gc,heap     ] GC(7) Old regions: 10->10
[3.750s][info][gc,heap     ] GC(7) Humongous regions: 0->0
[3.750s][info][gc,metaspace] GC(7) Metaspace: 23349K(23424K)->23349K(23424K) NonClass: 21264K(21312K)->21264K(21312K) Class: 2085K(2112K)->2085K(2112K)
[3.750s][info][gc          ] GC(7) Pause Young (Mixed) (G1 Evacuation Pause) 58M->14M(256M) 9.571ms
[3.750s][info][gc,cpu      ] GC(7) User=0.01s Sys=0.00s Real=0.01s
[3.938s][info][gc,start    ] GC(8) Pause Young (Normal) (G1 Evacuation Pause)
[3.938s][info][gc,task     ] GC(8) Using 2 workers of 2 for evacuation
[3.945s][info][gc,phases   ] GC(8)   Pre Evacuate Collection Set: 0.16ms
[3.945s][info][gc,phases   ] GC(8)   Merge Heap Roots: 0.04ms
[3.945s][info][gc,phases   ] GC(8)   Evacuate Collection Set: 6.69ms
[3.945s][info][gc,phases   ] GC(8)   Post Evacuate Collection Set: 0.39ms
[3.945s][info][gc,phases   ] GC(8)   Other: 0.07ms
[3.945s][info][gc,heap     ] GC(8) Eden regions: 46->0(82)
[3.945s][info][gc,heap     ] GC(8) Survivor regions: 6->4(7)
[3.945s][info][gc,heap     ] GC(8) Old regions: 10->11
[3.945s][info][gc,heap     ] GC(8) Humongous regions: 0->0
[3.945s][info][gc,metaspace] GC(8) Metaspace: 23415K(23552K)->23415K(23552K) NonClass: 21329K(21440K)->21329K(21440K) Class: 2085K(2112K)->2085K(2112K)
[3.945s][info][gc          ] GC(8) Pause Young (Normal) (G1 Evacuation Pause) 60M->13M(256M) 7.545ms
[3.945s][info][gc,cpu      ] GC(8) User=0.02s Sys=0.00s Real=0.00s
[4.696s][info][gc,start    ] GC(9) Pause Young (Normal) (G1 Evacuation Pause)
[4.696s][info][gc,task     ] GC(9) Using 2 workers of 2 for evacuation
[4.702s][info][gc,phases   ] GC(9)   Pre Evacuate Collection Set: 0.15ms
[4.702s][info][gc,phases   ] GC(9)   Merge Heap Roots: 0.07ms
[4.702s][info][gc,phases   ] GC(9)   Evacuate Collection Set: 3.09ms
[4.702s][info][gc,phases   ] GC(9)   Post Evacuate Collection Set: 2.96ms
[4.702s][info][gc,phases   ] GC(9)   Other: 0.07ms
[4.702s][info][gc,heap     ] GC(9) Eden regions: 84->0(86)
[4.702s][info][gc,heap     ] GC(9) Survivor regions: 4->4(11)
[4.702s][info][gc,heap     ] GC(9) Old regions: 11->11
[4.702s][info][gc,heap     ] GC(9) Humongous regions: 0->0
[4.702s][info][gc,metaspace] GC(9) Metaspace: 23982K(24128K)->23982K(24128K) NonClass: 21884K(21952K)->21884K(21952K) Class: 2097K(2176K)->2097K(2176K)
[4.702s][info][gc          ] GC(9) Pause Young (Normal) (G1 Evacuation Pause) 97M->13M(256M) 6.504ms
[4.702s][info][gc,cpu      ] GC(9) User=0.01s Sys=0.00s Real=0.01s
[5.349s][info][gc,start    ] GC(10) Pause Young (Normal) (G1 Evacuation Pause)
[5.349s][info][gc,task     ] GC(10) Using 2 workers of 2 for evacuation
[5.355s][info][gc,phases   ] GC(10)   Pre Evacuate Collection Set: 0.19ms
[5.355s][info][gc,phases   ] GC(10)   Merge Heap Roots: 0.09ms
[5.355s][info][gc,phases   ] GC(10)   Evacuate Collection Set: 5.17ms
[5.355s][info][gc,phases   ] GC(10)   Post Evacuate Collection Set: 0.32ms
[5.355s][info][gc,phases   ] GC(10)   Other: 0.07ms
[5.355s][info][gc,heap     ] GC(10) Eden regions: 86->0(116)
[5.355s][info][gc,heap     ] GC(10) Survivor regions: 4->4(12)
[5.355s][info][gc,heap     ] GC(10) Old regions: 11->11
[5.355s][info][gc,heap     ] GC(10) Humongous regions: 0->0
[5.355s][info][gc,metaspace] GC(10) Metaspace: 24708K(24832K)->24708K(24832K) NonClass: 22584K(22656K)->22584K(22656K) Class: 2124K(2176K)->2124K(2176K)
[5.355s][info][gc          ] GC(10) Pause Young (Normal) (G1 Evacuation Pause) 99M->13M(256M) 5.992ms
[5.355s][info][gc,cpu      ] GC(10) User=0.01s Sys=0.00s Real=0.00s
[6.097s][info][gc,start    ] GC(11) Pause Young (Normal) (G1 Evacuation Pause)
[6.097s][info][gc,task     ] GC(11) Using 2 workers of 2 for evacuation
[6.105s][info][gc,phases   ] GC(11)   Pre Evacuate Collection Set: 0.15ms
[6.105s][info][gc,phases   ] GC(11)   Merge Heap Roots: 0.04ms
[6.105s][info][gc,phases   ] GC(11)   Evacuate Collection Set: 1.63ms
[6.105s][info][gc,phases   ] GC(11)   Post Evacuate Collection Set: 6.85ms
[6.105s][info][gc,phases   ] GC(11)   Other: 0.09ms
[6.105s][info][gc,heap     ] GC(11) Eden regions: 116->0(140)
[6.105s][info][gc,heap     ] GC(11) Survivor regions: 4->6(15)
[6.105s][info][gc,heap     ] GC(11) Old regions: 11->11
[6.105s][info][gc,heap     ] GC(11) Humongous regions: 0->0
[6.105s][info][gc,metaspace] GC(11) Metaspace: 25189K(25344K)->25189K(25344K) NonClass: 23061K(23168K)->23061K(23168K) Class: 2127K(2176K)->2127K(2176K)
[6.105s][info][gc          ] GC(11) Pause Young (Normal) (G1 Evacuation Pause) 129M->15M(256M) 8.910ms
[6.106s][info][gc,cpu      ] GC(11) User=0.01s Sys=0.00s Real=0.00s
[6.781s][info][gc,start    ] GC(12) Pause Young (Normal) (G1 Evacuation Pause)
[6.781s][info][gc,task     ] GC(12) Using 2 workers of 2 for evacuation
[6.786s][info][gc,phases   ] GC(12)   Pre Evacuate Collection Set: 0.15ms
[6.787s][info][gc,phases   ] GC(12)   Merge Heap Roots: 0.04ms
[6.787s][info][gc,phases   ] GC(12)   Evacuate Collection Set: 2.08ms
[6.787s][info][gc,phases   ] GC(12)   Post Evacuate Collection Set: 3.28ms
[6.787s][info][gc,phases   ] GC(12)   Other: 0.09ms
[6.787s][info][gc,heap     ] GC(12) Eden regions: 140->0(149)
[6.787s][info][gc,heap     ] GC(12) Survivor regions: 6->4(19)
[6.787s][info][gc,heap     ] GC(12) Old regions: 11->11
[6.787s][info][gc,heap     ] GC(12) Humongous regions: 0->0
[6.787s][info][gc,metaspace] GC(12) Metaspace: 25454K(25600K)->25454K(25600K) NonClass: 23326K(23424K)->23326K(23424K) Class: 2128K(2176K)->2128K(2176K)
[6.787s][info][gc          ] GC(12) Pause Young (Normal) (G1 Evacuation Pause) 155M->13M(256M) 5.810ms
[6.787s][info][gc,cpu      ] GC(12) User=0.00s Sys=0.00s Real=0.01s
[7.554s][info][gc,start    ] GC(13) Pause Young (Normal) (G1 Evacuation Pause)
[7.554s][info][gc,task     ] GC(13) Using 2 workers of 2 for evacuation
[7.560s][info][gc,phases   ] GC(13)   Pre Evacuate Collection Set: 0.14ms
[7.560s][info][gc,phases   ] GC(13)   Merge Heap Roots: 0.06ms
[7.560s][info][gc,phases   ] GC(13)   Evacuate Collection Set: 1.81ms
[7.560s][info][gc,phases   ] GC(13)   Post Evacuate Collection Set: 3.62ms
[7.560s][info][gc,phases   ] GC(13)   Other: 0.10ms
[7.560s][info][gc,heap     ] GC(13) Eden regions: 149->0(150)
[7.560s][info][gc,heap     ] GC(13) Survivor regions: 4->3(20)
[7.560s][info][gc,heap     ] GC(13) Old regions: 11->11
[7.560s][info][gc,heap     ] GC(13) Humongous regions: 0->0
[7.560s][info][gc,metaspace] GC(13) Metaspace: 25692K(25856K)->25692K(25856K) NonClass: 23564K(23680K)->23564K(23680K) Class: 2128K(2176K)->2128K(2176K)
[7.560s][info][gc          ] GC(13) Pause Young (Normal) (G1 Evacuation Pause) 162M->12M(256M) 5.879ms
[7.560s][info][gc,cpu      ] GC(13) User=0.01s Sys=0.00s Real=0.01s
[8.170s][info][gc,start    ] GC(14) Pause Young (Normal) (G1 Evacuation Pause)
[8.170s][info][gc,task     ] GC(14) Using 2 workers of 2 for evacuation
[8.177s][info][gc,phases   ] GC(14)   Pre Evacuate Collection Set: 0.21ms
[8.177s][info][gc,phases   ] GC(14)   Merge Heap Roots: 0.07ms
[8.177s][info][gc,phases   ] GC(14)   Evacuate Collection Set: 2.39ms
[8.177s][info][gc,phases   ] GC(14)   Post Evacuate Collection Set: 4.78ms
[8.177s][info][gc,phases   ] GC(14)   Other: 0.09ms
[8.177s][info][gc,heap     ] GC(14) Eden regions: 150->0(147)
[8.178s][info][gc,heap     ] GC(14) Survivor regions: 3->6(20)
[8.178s][info][gc,heap     ] GC(14) Old regions: 11->11
[8.178s][info][gc,heap     ] GC(14) Humongous regions: 0->0
[8.178s][info][gc,metaspace] GC(14) Metaspace: 26039K(26176K)->26039K(26176K) NonClass: 23911K(24000K)->23911K(24000K) Class: 2128K(2176K)->2128K(2176K)
[8.178s][info][gc          ] GC(14) Pause Young (Normal) (G1 Evacuation Pause) 162M->15M(256M) 7.694ms
[8.178s][info][gc,cpu      ] GC(14) User=0.02s Sys=0.00s Real=0.01s
[8.839s][info][gc,start    ] GC(15) Pause Young (Normal) (G1 Evacuation Pause)
[8.839s][info][gc,task     ] GC(15) Using 2 workers of 2 for evacuation
[8.844s][info][gc,phases   ] GC(15)   Pre Evacuate Collection Set: 0.16ms
[8.844s][info][gc,phases   ] GC(15)   Merge Heap Roots: 0.06ms
[8.844s][info][gc,phases   ] GC(15)   Evacuate Collection Set: 1.66ms
[8.844s][info][gc,phases   ] GC(15)   Post Evacuate Collection Set: 2.60ms
[8.844s][info][gc,phases   ] GC(15)   Other: 0.06ms
[8.844s][info][gc,heap     ] GC(15) Eden regions: 147->0(149)
[8.844s][info][gc,heap     ] GC(15) Survivor regions: 6->4(20)
[8.844s][info][gc,heap     ] GC(15) Old regions: 11->11
[8.844s][info][gc,heap     ] GC(15) Humongous regions: 0->0
[8.844s][info][gc,metaspace] GC(15) Metaspace: 26140K(26240K)->26140K(26240K) NonClass: 24012K(24064K)->24012K(24064K) Class: 2128K(2176K)->2128K(2176K)
[8.844s][info][gc          ] GC(15) Pause Young (Normal) (G1 Evacuation Pause) 162M->13M(256M) 4.701ms
[8.844s][info][gc,cpu      ] GC(15) User=0.01s Sys=0.00s Real=0.00s
[9.452s][info][gc,start    ] GC(16) Pause Young (Normal) (G1 Evacuation Pause)
[9.452s][info][gc,task     ] GC(16) Using 2 workers of 2 for evacuation
[9.462s][info][gc,phases   ] GC(16)   Pre Evacuate Collection Set: 0.19ms
[9.462s][info][gc,phases   ] GC(16)   Merge Heap Roots: 0.07ms
[9.462s][info][gc,phases   ] GC(16)   Evacuate Collection Set: 3.28ms
[9.462s][info][gc,phases   ] GC(16)   Post Evacuate Collection Set: 6.00ms
[9.462s][info][gc,phases   ] GC(16)   Other: 0.09ms
[9.462s][info][gc,heap     ] GC(16) Eden regions: 149->0(144)
[9.462s][info][gc,heap     ] GC(16) Survivor regions: 4->9(20)
[9.462s][info][gc,heap     ] GC(16) Old regions: 11->11
[9.462s][info][gc,heap     ] GC(16) Humongous regions: 0->0
[9.462s][info][gc,metaspace] GC(16) Metaspace: 26241K(26432K)->26241K(26432K) NonClass: 24113K(24256K)->24113K(24256K) Class: 2128K(2176K)->2128K(2176K)
[9.462s][info][gc          ] GC(16) Pause Young (Normal) (G1 Evacuation Pause) 162M->18M(256M) 9.801ms
[9.462s][info][gc,cpu      ] GC(16) User=0.02s Sys=0.01s Real=0.01s
[10.045s][info][gc,start    ] GC(17) Pause Young (Normal) (G1 Evacuation Pause)
[10.045s][info][gc,task     ] GC(17) Using 2 workers of 2 for evacuation
[10.049s][info][gc,phases   ] GC(17)   Pre Evacuate Collection Set: 0.15ms
[10.049s][info][gc,phases   ] GC(17)   Merge Heap Roots: 0.04ms
[10.049s][info][gc,phases   ] GC(17)   Evacuate Collection Set: 1.83ms
[10.049s][info][gc,phases   ] GC(17)   Post Evacuate Collection Set: 2.37ms
[10.049s][info][gc,phases   ] GC(17)   Other: 0.09ms
[10.049s][info][gc,heap     ] GC(17) Eden regions: 144->0(149)
[10.049s][info][gc,heap     ] GC(17) Survivor regions: 9->4(20)
[10.049s][info][gc,heap     ] GC(17) Old regions: 11->11
[10.049s][info][gc,heap     ] GC(17) Humongous regions: 0->0
[10.049s][info][gc,metaspace] GC(17) Metaspace: 26383K(26560K)->26383K(26560K) NonClass: 24255K(24384K)->24255K(24384K) Class: 2128K(2176K)->2128K(2176K)
[10.049s][info][gc          ] GC(17) Pause Young (Normal) (G1 Evacuation Pause) 162M->13M(256M) 4.682ms
[10.049s][info][gc,cpu      ] GC(17) User=0.01s Sys=0.00s Real=0.01s
[10.578s][info][gc,start    ] GC(18) Pause Young (Normal) (G1 Evacuation Pause)
[10.578s][info][gc,task     ] GC(18) Using 2 workers of 2 for evacuation
[10.585s][info][gc,phases   ] GC(18)   Pre Evacuate Collection Set: 0.15ms
[10.585s][info][gc,phases   ] GC(18)   Merge Heap Roots: 0.05ms
[10.585s][info][gc,phases   ] GC(18)   Evacuate Collection Set: 4.86ms
[10.585s][info][gc,phases   ] GC(18)   Post Evacuate Collection Set: 2.40ms
[10.585s][info][gc,phases   ] GC(18)   Other: 0.14ms
[10.585s][info][gc,heap     ] GC(18) Eden regions: 149->0(148)
[10.585s][info][gc,heap     ] GC(18) Survivor regions: 4->5(20)
[10.585s][info][gc,heap     ] GC(18) Old regions: 11->11
[10.585s][info][gc,heap     ] GC(18) Humongous regions: 0->0
[10.585s][info][gc,metaspace] GC(18) Metaspace: 26481K(26624K)->26481K(26624K) NonClass: 24353K(24448K)->24353K(24448K) Class: 2128K(2176K)->2128K(2176K)
[10.585s][info][gc          ] GC(18) Pause Young (Normal) (G1 Evacuation Pause) 162M->14M(256M) 7.782ms
[10.585s][info][gc,cpu      ] GC(18) User=0.02s Sys=0.00s Real=0.00s
[11.035s][info][gc,start    ] GC(19) Pause Young (Normal) (G1 Evacuation Pause)
[11.035s][info][gc,task     ] GC(19) Using 2 workers of 2 for evacuation
[11.044s][info][gc,phases   ] GC(19)   Pre Evacuate Collection Set: 0.18ms
[11.044s][info][gc,phases   ] GC(19)   Merge Heap Roots: 0.05ms
[11.044s][info][gc,phases   ] GC(19)   Evacuate Collection Set: 2.21ms
[11.044s][info][gc,phases   ] GC(19)   Post Evacuate Collection Set: 6.27ms
[11.044s][info][gc,phases   ] GC(19)   Other: 0.08ms
[11.044s][info][gc,heap     ] GC(19) Eden regions: 148->0(146)
[11.044s][info][gc,heap     ] GC(19) Survivor regions: 5->7(20)
[11.044s][info][gc,heap     ] GC(19) Old regions: 11->11
[11.044s][info][gc,heap     ] GC(19) Humongous regions: 0->0
[11.044s][info][gc,metaspace] GC(19) Metaspace: 26524K(26624K)->26524K(26624K) NonClass: 24396K(24448K)->24396K(24448K) Class: 2128K(2176K)->2128K(2176K)
[11.044s][info][gc          ] GC(19) Pause Young (Normal) (G1 Evacuation Pause) 162M->16M(256M) 8.946ms
[11.044s][info][gc,cpu      ] GC(19) User=0.02s Sys=0.00s Real=0.01s
[11.559s][info][gc,start    ] GC(20) Pause Young (Normal) (G1 Evacuation Pause)
[11.559s][info][gc,task     ] GC(20) Using 2 workers of 2 for evacuation
[11.564s][info][gc,phases   ] GC(20)   Pre Evacuate Collection Set: 0.22ms
[11.564s][info][gc,phases   ] GC(20)   Merge Heap Roots: 0.11ms
[11.564s][info][gc,phases   ] GC(20)   Evacuate Collection Set: 3.19ms
[11.564s][info][gc,phases   ] GC(20)   Post Evacuate Collection Set: 1.73ms
[11.564s][info][gc,phases   ] GC(20)   Other: 0.10ms
[11.564s][info][gc,heap     ] GC(20) Eden regions: 146->0(149)
[11.564s][info][gc,heap     ] GC(20) Survivor regions: 7->4(20)
[11.564s][info][gc,heap     ] GC(20) Old regions: 11->11
[11.564s][info][gc,heap     ] GC(20) Humongous regions: 0->0
[11.564s][info][gc,metaspace] GC(20) Metaspace: 26688K(26880K)->26688K(26880K) NonClass: 24559K(24704K)->24559K(24704K) Class: 2128K(2176K)->2128K(2176K)
[11.564s][info][gc          ] GC(20) Pause Young (Normal) (G1 Evacuation Pause) 162M->13M(256M) 5.526ms
[11.564s][info][gc,cpu      ] GC(20) User=0.01s Sys=0.00s Real=0.00s
[11.988s][info][gc,start    ] GC(21) Pause Young (Normal) (G1 Evacuation Pause)
[11.988s][info][gc,task     ] GC(21) Using 2 workers of 2 for evacuation
[11.998s][info][gc,phases   ] GC(21)   Pre Evacuate Collection Set: 0.17ms
[11.998s][info][gc,phases   ] GC(21)   Merge Heap Roots: 0.05ms
[11.998s][info][gc,phases   ] GC(21)   Evacuate Collection Set: 2.31ms
[11.998s][info][gc,phases   ] GC(21)   Post Evacuate Collection Set: 7.00ms
[11.998s][info][gc,phases   ] GC(21)   Other: 0.10ms
[11.998s][info][gc,heap     ] GC(21) Eden regions: 149->0(147)
[11.998s][info][gc,heap     ] GC(21) Survivor regions: 4->6(20)
[11.998s][info][gc,heap     ] GC(21) Old regions: 11->11
[11.998s][info][gc,heap     ] GC(21) Humongous regions: 0->0
[11.998s][info][gc,metaspace] GC(21) Metaspace: 26736K(26880K)->26736K(26880K) NonClass: 24606K(24704K)->24606K(24704K) Class: 2129K(2176K)->2129K(2176K)
[11.998s][info][gc          ] GC(21) Pause Young (Normal) (G1 Evacuation Pause) 162M->15M(256M) 9.794ms
[11.998s][info][gc,cpu      ] GC(21) User=0.02s Sys=0.00s Real=0.01s
[12.504s][info][gc,start    ] GC(22) Pause Young (Normal) (G1 Evacuation Pause)
[12.504s][info][gc,task     ] GC(22) Using 2 workers of 2 for evacuation
[12.513s][info][gc,phases   ] GC(22)   Pre Evacuate Collection Set: 0.15ms
[12.513s][info][gc,phases   ] GC(22)   Merge Heap Roots: 0.05ms
[12.513s][info][gc,phases   ] GC(22)   Evacuate Collection Set: 6.57ms
[12.513s][info][gc,phases   ] GC(22)   Post Evacuate Collection Set: 2.21ms
[12.513s][info][gc,phases   ] GC(22)   Other: 0.06ms
[12.513s][info][gc,heap     ] GC(22) Eden regions: 147->0(147)
[12.513s][info][gc,heap     ] GC(22) Survivor regions: 6->6(20)
[12.513s][info][gc,heap     ] GC(22) Old regions: 11->11
[12.513s][info][gc,heap     ] GC(22) Humongous regions: 0->0
[12.513s][info][gc,metaspace] GC(22) Metaspace: 26802K(26944K)->26802K(26944K) NonClass: 24672K(24768K)->24672K(24768K) Class: 2129K(2176K)->2129K(2176K)
[12.513s][info][gc          ] GC(22) Pause Young (Normal) (G1 Evacuation Pause) 162M->15M(256M) 9.206ms
[12.513s][info][gc,cpu      ] GC(22) User=0.01s Sys=0.00s Real=0.01s
[13.026s][info][gc,start    ] GC(23) Pause Young (Normal) (G1 Evacuation Pause)
[13.026s][info][gc,task     ] GC(23) Using 2 workers of 2 for evacuation
[13.036s][info][gc,phases   ] GC(23)   Pre Evacuate Collection Set: 0.16ms
[13.037s][info][gc,phases   ] GC(23)   Merge Heap Roots: 0.05ms
[13.037s][info][gc,phases   ] GC(23)   Evacuate Collection Set: 3.15ms
[13.037s][info][gc,phases   ] GC(23)   Post Evacuate Collection Set: 7.37ms
[13.037s][info][gc,phases   ] GC(23)   Other: 0.07ms
[13.037s][info][gc,heap     ] GC(23) Eden regions: 147->0(145)
[13.037s][info][gc,heap     ] GC(23) Survivor regions: 6->8(20)
[13.037s][info][gc,heap     ] GC(23) Old regions: 11->11
[13.037s][info][gc,heap     ] GC(23) Humongous regions: 0->0
[13.037s][info][gc,metaspace] GC(23) Metaspace: 26870K(27008K)->26870K(27008K) NonClass: 24739K(24832K)->24739K(24832K) Class: 2130K(2176K)->2130K(2176K)
[13.037s][info][gc          ] GC(23) Pause Young (Normal) (G1 Evacuation Pause) 162M->17M(256M) 10.989ms
[13.037s][info][gc,cpu      ] GC(23) User=0.02s Sys=0.00s Real=0.02s
[13.447s][info][gc,start    ] GC(24) Pause Young (Normal) (G1 Evacuation Pause)
[13.447s][info][gc,task     ] GC(24) Using 2 workers of 2 for evacuation
[13.451s][info][gc,phases   ] GC(24)   Pre Evacuate Collection Set: 0.18ms
[13.451s][info][gc,phases   ] GC(24)   Merge Heap Roots: 0.07ms
[13.451s][info][gc,phases   ] GC(24)   Evacuate Collection Set: 1.95ms
[13.451s][info][gc,phases   ] GC(24)   Post Evacuate Collection Set: 2.38ms
[13.451s][info][gc,phases   ] GC(24)   Other: 0.07ms
[13.451s][info][gc,heap     ] GC(24) Eden regions: 145->0(149)
[13.451s][info][gc,heap     ] GC(24) Survivor regions: 8->4(20)
[13.451s][info][gc,heap     ] GC(24) Old regions: 11->11
[13.451s][info][gc,heap     ] GC(24) Humongous regions: 0->0
[13.451s][info][gc,metaspace] GC(24) Metaspace: 26934K(27072K)->26934K(27072K) NonClass: 24804K(24896K)->24804K(24896K) Class: 2130K(2176K)->2130K(2176K)
[13.451s][info][gc          ] GC(24) Pause Young (Normal) (G1 Evacuation Pause) 162M->13M(256M) 4.865ms
[13.451s][info][gc,cpu      ] GC(24) User=0.01s Sys=0.00s Real=0.00s
[13.928s][info][gc,start    ] GC(25) Pause Young (Normal) (G1 Evacuation Pause)
[13.928s][info][gc,task     ] GC(25) Using 2 workers of 2 for evacuation
[13.934s][info][gc,phases   ] GC(25)   Pre Evacuate Collection Set: 0.14ms
[13.934s][info][gc,phases   ] GC(25)   Merge Heap Roots: 0.07ms
[13.934s][info][gc,phases   ] GC(25)   Evacuate Collection Set: 3.44ms
[13.934s][info][gc,phases   ] GC(25)   Post Evacuate Collection Set: 2.45ms
[13.934s][info][gc,phases   ] GC(25)   Other: 0.07ms
[13.934s][info][gc,heap     ] GC(25) Eden regions: 149->0(148)
[13.934s][info][gc,heap     ] GC(25) Survivor regions: 4->5(20)
[13.934s][info][gc,heap     ] GC(25) Old regions: 11->11
[13.934s][info][gc,heap     ] GC(25) Humongous regions: 0->0
[13.934s][info][gc,metaspace] GC(25) Metaspace: 27002K(27136K)->27002K(27136K) NonClass: 24872K(24960K)->24872K(24960K) Class: 2130K(2176K)->2130K(2176K)
[13.934s][info][gc          ] GC(25) Pause Young (Normal) (G1 Evacuation Pause) 162M->14M(256M) 6.342ms
[13.934s][info][gc,cpu      ] GC(25) User=0.02s Sys=0.00s Real=0.00s
[14.332s][info][gc,start    ] GC(26) Pause Young (Normal) (G1 Evacuation Pause)
[14.332s][info][gc,task     ] GC(26) Using 2 workers of 2 for evacuation
[14.338s][info][gc,phases   ] GC(26)   Pre Evacuate Collection Set: 0.17ms
[14.338s][info][gc,phases   ] GC(26)   Merge Heap Roots: 0.07ms
[14.338s][info][gc,phases   ] GC(26)   Evacuate Collection Set: 1.76ms
[14.338s][info][gc,phases   ] GC(26)   Post Evacuate Collection Set: 4.28ms
[14.338s][info][gc,phases   ] GC(26)   Other: 0.07ms
[14.338s][info][gc,heap     ] GC(26) Eden regions: 148->0(146)
[14.338s][info][gc,heap     ] GC(26) Survivor regions: 5->7(20)
[14.338s][info][gc,heap     ] GC(26) Old regions: 11->11
[14.338s][info][gc,heap     ] GC(26) Humongous regions: 0->0
[14.338s][info][gc,metaspace] GC(26) Metaspace: 27039K(27200K)->27039K(27200K) NonClass: 24908K(25024K)->24908K(25024K) Class: 2130K(2176K)->2130K(2176K)
[14.338s][info][gc          ] GC(26) Pause Young (Normal) (G1 Evacuation Pause) 162M->16M(256M) 6.516ms
[14.338s][info][gc,cpu      ] GC(26) User=0.01s Sys=0.00s Real=0.01s
[14.750s][info][gc,start    ] GC(27) Pause Young (Normal) (G1 Evacuation Pause)
[14.750s][info][gc,task     ] GC(27) Using 2 workers of 2 for evacuation
[14.754s][info][gc,phases   ] GC(27)   Pre Evacuate Collection Set: 0.15ms
[14.754s][info][gc,phases   ] GC(27)   Merge Heap Roots: 0.05ms
[14.754s][info][gc,phases   ] GC(27)   Evacuate Collection Set: 1.88ms
[14.754s][info][gc,phases   ] GC(27)   Post Evacuate Collection Set: 1.76ms
[14.754s][info][gc,phases   ] GC(27)   Other: 0.12ms
[14.754s][info][gc,heap     ] GC(27) Eden regions: 146->0(150)
[14.754s][info][gc,heap     ] GC(27) Survivor regions: 7->3(20)
[14.754s][info][gc,heap     ] GC(27) Old regions: 11->11
[14.754s][info][gc,heap     ] GC(27) Humongous regions: 0->0
[14.754s][info][gc,metaspace] GC(27) Metaspace: 27071K(27200K)->27071K(27200K) NonClass: 24941K(25024K)->24941K(25024K) Class: 2130K(2176K)->2130K(2176K)
[14.754s][info][gc          ] GC(27) Pause Young (Normal) (G1 Evacuation Pause) 162M->12M(256M) 4.156ms
[14.754s][info][gc,cpu      ] GC(27) User=0.01s Sys=0.00s Real=0.00s
[15.142s][info][gc,start    ] GC(28) Pause Young (Normal) (G1 Evacuation Pause)
[15.142s][info][gc,task     ] GC(28) Using 2 workers of 2 for evacuation
[15.147s][info][gc,phases   ] GC(28)   Pre Evacuate Collection Set: 0.14ms
[15.147s][info][gc,phases   ] GC(28)   Merge Heap Roots: 0.05ms
[15.148s][info][gc,phases   ] GC(28)   Evacuate Collection Set: 1.22ms
[15.148s][info][gc,phases   ] GC(28)   Post Evacuate Collection Set: 4.26ms
[15.148s][info][gc,phases   ] GC(28)   Other: 0.10ms
[15.148s][info][gc,heap     ] GC(28) Eden regions: 150->0(146)
[15.148s][info][gc,heap     ] GC(28) Survivor regions: 3->7(20)
[15.148s][info][gc,heap     ] GC(28) Old regions: 11->11
[15.148s][info][gc,heap     ] GC(28) Humongous regions: 0->0
[15.148s][info][gc,metaspace] GC(28) Metaspace: 27097K(27200K)->27097K(27200K) NonClass: 24966K(25024K)->24966K(25024K) Class: 2130K(2176K)->2130K(2176K)
[15.148s][info][gc          ] GC(28) Pause Young (Normal) (G1 Evacuation Pause) 162M->16M(256M) 5.945ms
[15.148s][info][gc,cpu      ] GC(28) User=0.02s Sys=0.00s Real=0.01s
[15.541s][info][gc,start    ] GC(29) Pause Young (Normal) (G1 Evacuation Pause)
[15.541s][info][gc,task     ] GC(29) Using 2 workers of 2 for evacuation
[15.544s][info][gc,phases   ] GC(29)   Pre Evacuate Collection Set: 0.15ms
[15.544s][info][gc,phases   ] GC(29)   Merge Heap Roots: 0.04ms
[15.544s][info][gc,phases   ] GC(29)   Evacuate Collection Set: 1.44ms
[15.544s][info][gc,phases   ] GC(29)   Post Evacuate Collection Set: 1.39ms
[15.544s][info][gc,phases   ] GC(29)   Other: 0.10ms
[15.544s][info][gc,heap     ] GC(29) Eden regions: 146->0(150)
[15.544s][info][gc,heap     ] GC(29) Survivor regions: 7->3(20)
[15.544s][info][gc,heap     ] GC(29) Old regions: 11->11
[15.544s][info][gc,heap     ] GC(29) Humongous regions: 0->0
[15.544s][info][gc,metaspace] GC(29) Metaspace: 27115K(27264K)->27115K(27264K) NonClass: 24985K(25088K)->24985K(25088K) Class: 2130K(2176K)->2130K(2176K)
[15.544s][info][gc          ] GC(29) Pause Young (Normal) (G1 Evacuation Pause) 162M->12M(256M) 3.287ms
[15.544s][info][gc,cpu      ] GC(29) User=0.01s Sys=0.00s Real=0.00s
[15.948s][info][gc,start    ] GC(30) Pause Young (Normal) (G1 Evacuation Pause)
[15.948s][info][gc,task     ] GC(30) Using 2 workers of 2 for evacuation
[15.969s][info][gc,phases   ] GC(30)   Pre Evacuate Collection Set: 0.72ms
[15.969s][info][gc,phases   ] GC(30)   Merge Heap Roots: 0.05ms
[15.969s][info][gc,phases   ] GC(30)   Evacuate Collection Set: 8.47ms
[15.969s][info][gc,phases   ] GC(30)   Post Evacuate Collection Set: 12.01ms
[15.969s][info][gc,phases   ] GC(30)   Other: 0.08ms
[15.969s][info][gc,heap     ] GC(30) Eden regions: 150->0(143)
[15.969s][info][gc,heap     ] GC(30) Survivor regions: 3->10(20)
[15.969s][info][gc,heap     ] GC(30) Old regions: 11->11
[15.969s][info][gc,heap     ] GC(30) Humongous regions: 0->0
[15.969s][info][gc,metaspace] GC(30) Metaspace: 27174K(27328K)->27174K(27328K) NonClass: 25044K(25152K)->25044K(25152K) Class: 2130K(2176K)->2130K(2176K)
[15.969s][info][gc          ] GC(30) Pause Young (Normal) (G1 Evacuation Pause) 162M->20M(256M) 21.540ms
[15.969s][info][gc,cpu      ] GC(30) User=0.04s Sys=0.01s Real=0.02s
[16.343s][info][gc,start    ] GC(31) Pause Young (Normal) (G1 Evacuation Pause)
[16.343s][info][gc,task     ] GC(31) Using 2 workers of 2 for evacuation
[16.351s][info][gc,phases   ] GC(31)   Pre Evacuate Collection Set: 0.16ms
[16.351s][info][gc,phases   ] GC(31)   Merge Heap Roots: 0.04ms
[16.351s][info][gc,phases   ] GC(31)   Evacuate Collection Set: 2.46ms
[16.351s][info][gc,phases   ] GC(31)   Post Evacuate Collection Set: 4.48ms
[16.351s][info][gc,phases   ] GC(31)   Other: 0.07ms
[16.351s][info][gc,heap     ] GC(31) Eden regions: 143->0(149)
[16.351s][info][gc,heap     ] GC(31) Survivor regions: 10->4(20)
[16.351s][info][gc,heap     ] GC(31) Old regions: 11->11
[16.351s][info][gc,heap     ] GC(31) Humongous regions: 0->0
[16.351s][info][gc,metaspace] GC(31) Metaspace: 27206K(27392K)->27206K(27392K) NonClass: 25074K(25216K)->25074K(25216K) Class: 2132K(2176K)->2132K(2176K)
[16.351s][info][gc          ] GC(31) Pause Young (Normal) (G1 Evacuation Pause) 163M->14M(256M) 7.400ms
[16.351s][info][gc,cpu      ] GC(31) User=0.01s Sys=0.00s Real=0.01s
[16.755s][info][gc,start    ] GC(32) Pause Young (Normal) (G1 Evacuation Pause)
[16.755s][info][gc,task     ] GC(32) Using 2 workers of 2 for evacuation
[16.767s][info][gc,phases   ] GC(32)   Pre Evacuate Collection Set: 0.15ms
[16.767s][info][gc,phases   ] GC(32)   Merge Heap Roots: 0.05ms
[16.767s][info][gc,phases   ] GC(32)   Evacuate Collection Set: 4.93ms
[16.767s][info][gc,phases   ] GC(32)   Post Evacuate Collection Set: 6.77ms
[16.767s][info][gc,phases   ] GC(32)   Other: 0.07ms
[16.767s][info][gc,heap     ] GC(32) Eden regions: 149->0(146)
[16.767s][info][gc,heap     ] GC(32) Survivor regions: 4->7(20)
[16.767s][info][gc,heap     ] GC(32) Old regions: 11->11
[16.767s][info][gc,heap     ] GC(32) Humongous regions: 0->0
[16.767s][info][gc,metaspace] GC(32) Metaspace: 27237K(27392K)->27237K(27392K) NonClass: 25105K(25216K)->25105K(25216K) Class: 2132K(2176K)->2132K(2176K)
[16.767s][info][gc          ] GC(32) Pause Young (Normal) (G1 Evacuation Pause) 163M->16M(256M) 12.142ms
[16.767s][info][gc,cpu      ] GC(32) User=0.02s Sys=0.00s Real=0.02s
[17.145s][info][gc,start    ] GC(33) Pause Young (Normal) (G1 Evacuation Pause)
[17.145s][info][gc,task     ] GC(33) Using 2 workers of 2 for evacuation
[17.155s][info][gc,phases   ] GC(33)   Pre Evacuate Collection Set: 0.17ms
[17.155s][info][gc,phases   ] GC(33)   Merge Heap Roots: 0.05ms
[17.155s][info][gc,phases   ] GC(33)   Evacuate Collection Set: 4.47ms
[17.155s][info][gc,phases   ] GC(33)   Post Evacuate Collection Set: 5.14ms
[17.155s][info][gc,phases   ] GC(33)   Other: 0.07ms
[17.155s][info][gc,heap     ] GC(33) Eden regions: 146->0(148)
[17.155s][info][gc,heap     ] GC(33) Survivor regions: 7->5(20)
[17.155s][info][gc,heap     ] GC(33) Old regions: 11->11
[17.155s][info][gc,heap     ] GC(33) Humongous regions: 0->0
[17.155s][info][gc,metaspace] GC(33) Metaspace: 27388K(27520K)->27388K(27520K) NonClass: 25256K(25344K)->25256K(25344K) Class: 2132K(2176K)->2132K(2176K)
[17.155s][info][gc          ] GC(33) Pause Young (Normal) (G1 Evacuation Pause) 162M->14M(256M) 10.069ms
[17.155s][info][gc,cpu      ] GC(33) User=0.01s Sys=0.00s Real=0.01s
[17.464s][info][gc,heap,exit] Heap
[17.464s][info][gc,heap,exit]  garbage-first heap   total reserved 1001472K, committed 262144K, used 136547K [0x00000000c2e00000, 0x0000000100000000)
[17.464s][info][gc,heap,exit]   region size 1024K, 124 young (126976K), 5 survivors (5120K)
[17.464s][info][gc,heap,exit]  Metaspace       used 27394K, committed 27520K, reserved 1114112K
[17.464s][info][gc,heap,exit]   class space    used 2133K, committed 2176K, reserved 1048576K
