[0.002s][info][metaspace]  - commit_granule_bytes: 65536.
[0.002s][info][metaspace]  - commit_granule_words: 8192.
[0.002s][info][metaspace]  - virtual_space_node_default_size: 8388608.
[0.002s][info][metaspace]  - enlarge_chunks_in_place: 1.
[0.004s][info][gc,init  ] CardTable entry size: 512
[0.008s][info][gc       ] Using G1
[0.011s][info][gc,init  ] Version: 24-internal-adhoc.root.jdk (release)
[0.012s][info][gc,init  ] CPUs: 2 total, 2 available
[0.012s][info][gc,init  ] Memory: 3908M
[0.012s][info][gc,init  ] Large Page Support: Disabled
[0.012s][info][gc,init  ] NUMA Support: Disabled
[0.012s][info][gc,init  ] Compressed Oops: Enabled (32-bit)
[0.012s][info][gc,init  ] Heap Region Size: 1M
[0.012s][info][gc,init  ] Heap Min Capacity: 256M
[0.012s][info][gc,init  ] Heap Initial Capacity: 256M
[0.012s][info][gc,init  ] Heap Max Capacity: 978M
[0.012s][info][gc,init  ] Pre-touch: Disabled
[0.012s][info][gc,init  ] Parallel Workers: 2
[0.012s][info][gc,init  ] Concurrent Workers: 1
[0.012s][info][gc,init  ] Concurrent Refinement Workers: 2
[0.012s][info][gc,init  ] Periodic GC: Disabled
[0.024s][info][gc,metaspace] CDS archive(s) mapped at: [0x00007f826a000000-0x00007f826adc0000-0x00007f826adc0000), size 14417920, SharedBaseAddress: 0x00007f826a000000, ArchiveRelocationMode: 1.
[0.024s][info][gc,metaspace] Compressed class space mapped at: 0x00007f826b000000-0x00007f82ab000000, reserved size: 1073741824
[0.024s][info][gc,metaspace] UseCompressedClassPointers 1, UseCompactObjectHeaders 0
[0.024s][info][gc,metaspace] Narrow klass pointer bits 32, Max shift 3
[0.024s][info][gc,metaspace] Narrow klass base: 0x00007f826a000000, Narrow klass shift: 0
[0.024s][info][gc,metaspace] Encoding Range: [0x00007f826a000000 - 0x00007f836a000000), (4294967296 bytes)
[0.024s][info][gc,metaspace] Klass Range:    [0x00007f826a000000 - 0x00007f82ab000000), (1090519040 bytes)
[0.024s][info][gc,metaspace] Klass ID Range:  [8 - 1090519033) (1090519025)
[0.304s][info][gc,start    ] GC(0) Pause Young (Normal) (G1 Evacuation Pause)
[0.304s][info][gc,task     ] GC(0) Using 2 workers of 2 for evacuation
[0.309s][info][gc,phases   ] GC(0)   Pre Evacuate Collection Set: 0.22ms
[0.309s][info][gc,phases   ] GC(0)   Merge Heap Roots: 0.08ms
[0.309s][info][gc,phases   ] GC(0)   Evacuate Collection Set: 3.95ms
[0.309s][info][gc,phases   ] GC(0)   Post Evacuate Collection Set: 0.20ms
[0.309s][info][gc,phases   ] GC(0)   Other: 0.18ms
[0.309s][info][gc,heap     ] GC(0) Eden regions: 12->0(10)
[0.309s][info][gc,heap     ] GC(0) Survivor regions: 0->2(2)
[0.309s][info][gc,heap     ] GC(0) Old regions: 2->4
[0.309s][info][gc,heap     ] GC(0) Humongous regions: 0->0
[0.309s][info][gc,metaspace] GC(0) Metaspace: 2688K(2880K)->2688K(2880K) NonClass: 2464K(2560K)->2464K(2560K) Class: 223K(320K)->223K(320K)
[0.309s][info][gc          ] GC(0) Pause Young (Normal) (G1 Evacuation Pause) 13M->4M(258M) 4.809ms
[0.309s][info][gc,cpu      ] GC(0) User=0.00s Sys=0.00s Real=0.00s
[0.531s][info][gc,start    ] GC(1) Pause Young (Normal) (G1 Evacuation Pause)
[0.531s][info][gc,task     ] GC(1) Using 2 workers of 2 for evacuation
[0.534s][info][gc,phases   ] GC(1)   Pre Evacuate Collection Set: 0.17ms
[0.534s][info][gc,phases   ] GC(1)   Merge Heap Roots: 0.04ms
[0.534s][info][gc,phases   ] GC(1)   Evacuate Collection Set: 2.79ms
[0.534s][info][gc,phases   ] GC(1)   Post Evacuate Collection Set: 0.22ms
[0.534s][info][gc,phases   ] GC(1)   Other: 0.06ms
[0.534s][info][gc,heap     ] GC(1) Eden regions: 10->0(16)
[0.534s][info][gc,heap     ] GC(1) Survivor regions: 2->1(2)
[0.534s][info][gc,heap     ] GC(1) Old regions: 4->6
[0.534s][info][gc,heap     ] GC(1) Humongous regions: 0->0
[0.534s][info][gc,metaspace] GC(1) Metaspace: 6958K(7168K)->6958K(7168K) NonClass: 6249K(6336K)->6249K(6336K) Class: 709K(832K)->709K(832K)
[0.534s][info][gc          ] GC(1) Pause Young (Normal) (G1 Evacuation Pause) 14M->5M(258M) 3.435ms
[0.534s][info][gc,cpu      ] GC(1) User=0.00s Sys=0.00s Real=0.01s
[0.849s][info][gc,start    ] GC(2) Pause Young (Normal) (G1 Evacuation Pause)
[0.849s][info][gc,task     ] GC(2) Using 2 workers of 2 for evacuation
[0.855s][info][gc,phases   ] GC(2)   Pre Evacuate Collection Set: 0.14ms
[0.855s][info][gc,phases   ] GC(2)   Merge Heap Roots: 0.04ms
[0.855s][info][gc,phases   ] GC(2)   Evacuate Collection Set: 4.51ms
[0.855s][info][gc,phases   ] GC(2)   Post Evacuate Collection Set: 0.31ms
[0.855s][info][gc,phases   ] GC(2)   Other: 0.09ms
[0.855s][info][gc,heap     ] GC(2) Eden regions: 17->0(18)
[0.855s][info][gc,heap     ] GC(2) Survivor regions: 1->3(3)
[0.855s][info][gc,heap     ] GC(2) Old regions: 6->6
[0.855s][info][gc,heap     ] GC(2) Humongous regions: 0->0
[0.855s][info][gc,metaspace] GC(2) Metaspace: 12923K(13056K)->12923K(13056K) NonClass: 11667K(11776K)->11667K(11776K) Class: 1255K(1280K)->1255K(1280K)
[0.855s][info][gc          ] GC(2) Pause Young (Normal) (G1 Evacuation Pause) 22M->7M(258M) 5.272ms
[0.855s][info][gc,cpu      ] GC(2) User=0.01s Sys=0.00s Real=0.01s
[1.259s][info][gc,start    ] GC(3) Pause Young (Normal) (G1 Evacuation Pause)
[1.259s][info][gc,task     ] GC(3) Using 2 workers of 2 for evacuation
[1.268s][info][gc,phases   ] GC(3)   Pre Evacuate Collection Set: 0.19ms
[1.268s][info][gc,phases   ] GC(3)   Merge Heap Roots: 0.03ms
[1.268s][info][gc,phases   ] GC(3)   Evacuate Collection Set: 6.98ms
[1.268s][info][gc,phases   ] GC(3)   Post Evacuate Collection Set: 1.34ms
[1.268s][info][gc,phases   ] GC(3)   Other: 0.08ms
[1.268s][info][gc,heap     ] GC(3) Eden regions: 19->0(26)
[1.268s][info][gc,heap     ] GC(3) Survivor regions: 3->3(3)
[1.268s][info][gc,heap     ] GC(3) Old regions: 6->8
[1.268s][info][gc,heap     ] GC(3) Humongous regions: 0->0
[1.268s][info][gc,metaspace] GC(3) Metaspace: 19698K(19840K)->19698K(19840K) NonClass: 17832K(17920K)->17832K(17920K) Class: 1865K(1920K)->1865K(1920K)
[1.268s][info][gc          ] GC(3) Pause Young (Normal) (G1 Evacuation Pause) 26M->9M(258M) 8.787ms
[1.268s][info][gc,cpu      ] GC(3) User=0.01s Sys=0.00s Real=0.01s
[1.702s][info][metaspace   ] ChkMgr @0x00007f82e015e5a0 (non-class-space): failed to commit 69 words on chunk @0x00007f82e07b7780, f, base 0x00007f8261370000, level lv10.
[1.702s][info][metaspace   ] Arena @0x00007f82e0260f20 (non-class arena): failed to allocate new chunk for requested word size 69.
[1.702s][info][metaspace   ] Arena @0x00007f82e0260f20 (non-class arena): allocation failed, returned null.
[1.702s][info][metaspace   ] ChkMgr @0x00007f82e015e5a0 (non-class-space): failed to commit 69 words on chunk @0x00007f82e07b7780, f, base 0x00007f8261370000, level lv10.
[1.702s][info][metaspace   ] Arena @0x00007f82e0260f20 (non-class arena): failed to allocate new chunk for requested word size 69.
[1.702s][info][metaspace   ] Arena @0x00007f82e0260f20 (non-class arena): allocation failed, returned null.
[1.702s][info][metaspace   ] ChkMgr @0x00007f82e015e5a0 (non-class-space): failed to commit 69 words on chunk @0x00007f82e07b7780, f, base 0x00007f8261370000, level lv10.
[1.702s][info][metaspace   ] Arena @0x00007f82e0260f20 (non-class arena): failed to allocate new chunk for requested word size 69.
[1.702s][info][metaspace   ] Arena @0x00007f82e0260f20 (non-class arena): allocation failed, returned null.
[1.702s][info][gc,start    ] GC(4) Pause Young (Concurrent Start) (Metadata GC Threshold)
[1.702s][info][gc,task     ] GC(4) Using 2 workers of 2 for evacuation
[1.708s][info][gc,phases   ] GC(4)   Pre Evacuate Collection Set: 0.13ms
[1.708s][info][gc,phases   ] GC(4)   Merge Heap Roots: 0.04ms
[1.708s][info][gc,phases   ] GC(4)   Evacuate Collection Set: 4.17ms
[1.708s][info][gc,phases   ] GC(4)   Post Evacuate Collection Set: 1.63ms
[1.708s][info][gc,phases   ] GC(4)   Other: 0.09ms
[1.708s][info][gc,heap     ] GC(4) Eden regions: 22->0(35)
[1.708s][info][gc,heap     ] GC(4) Survivor regions: 3->2(4)
[1.708s][info][gc,heap     ] GC(4) Old regions: 8->10
[1.708s][info][gc,heap     ] GC(4) Humongous regions: 0->0
[1.708s][info][gc,metaspace] GC(4) Metaspace: 21435K(21504K)->21435K(21504K) NonClass: 19428K(19456K)->19428K(19456K) Class: 2006K(2048K)->2006K(2048K)
[1.708s][info][gc          ] GC(4) Pause Young (Concurrent Start) (Metadata GC Threshold) 30M->11M(258M) 6.189ms
[1.708s][info][gc,cpu      ] GC(4) User=0.01s Sys=0.01s Real=0.00s
[1.708s][info][gc          ] GC(5) Concurrent Mark Cycle
[1.708s][info][metaspace   ] CLMS @0x00007f82e0260ef0 : GC threshold increased: 22020096->22347776.
[1.708s][info][gc,marking  ] GC(5) Concurrent Scan Root Regions
[1.714s][info][gc,marking  ] GC(5) Concurrent Scan Root Regions 6.228ms
[1.714s][info][gc,marking  ] GC(5) Concurrent Mark
[1.714s][info][gc,marking  ] GC(5) Concurrent Mark From Roots
[1.714s][info][gc,task     ] GC(5) Using 1 workers of 1 for marking
[1.734s][info][gc,marking  ] GC(5) Concurrent Mark From Roots 19.279ms
[1.734s][info][gc,marking  ] GC(5) Concurrent Preclean
[1.734s][info][gc,marking  ] GC(5) Concurrent Preclean 0.039ms
[1.734s][info][gc,start    ] GC(5) Pause Remark
[1.737s][info][gc          ] GC(5) Pause Remark 12M->12M(256M) 3.014ms
[1.737s][info][gc,cpu      ] GC(5) User=0.00s Sys=0.00s Real=0.00s
[1.737s][info][gc,marking  ] GC(5) Concurrent Mark 22.979ms
[1.737s][info][gc,marking  ] GC(5) Concurrent Rebuild Remembered Sets and Scrub Regions
[1.746s][info][gc,marking  ] GC(5) Concurrent Rebuild Remembered Sets and Scrub Regions 8.827ms
[1.746s][info][gc,start    ] GC(5) Pause Cleanup
[1.746s][info][gc          ] GC(5) Pause Cleanup 12M->12M(256M) 0.033ms
[1.746s][info][gc,cpu      ] GC(5) User=0.00s Sys=0.00s Real=0.00s
[1.747s][info][gc,marking  ] GC(5) Concurrent Clear Claimed Marks
[1.747s][info][gc,marking  ] GC(5) Concurrent Clear Claimed Marks 0.024ms
[1.747s][info][gc,marking  ] GC(5) Concurrent Cleanup for Next Mark
[1.752s][info][gc,marking  ] GC(5) Concurrent Cleanup for Next Mark 5.186ms
[1.752s][info][gc          ] GC(5) Concurrent Mark Cycle 44.137ms
[2.221s][info][gc,start    ] GC(6) Pause Young (Prepare Mixed) (G1 Evacuation Pause)
[2.221s][info][gc,task     ] GC(6) Using 2 workers of 2 for evacuation
[2.223s][info][gc,phases   ] GC(6)   Pre Evacuate Collection Set: 0.16ms
[2.223s][info][gc,phases   ] GC(6)   Merge Heap Roots: 0.04ms
[2.223s][info][gc,phases   ] GC(6)   Evacuate Collection Set: 1.23ms
[2.223s][info][gc,phases   ] GC(6)   Post Evacuate Collection Set: 0.28ms
[2.223s][info][gc,phases   ] GC(6)   Other: 0.06ms
[2.223s][info][gc,heap     ] GC(6) Eden regions: 34->0(48)
[2.223s][info][gc,heap     ] GC(6) Survivor regions: 2->1(5)
[2.223s][info][gc,heap     ] GC(6) Old regions: 10->10
[2.223s][info][gc,heap     ] GC(6) Humongous regions: 0->0
[2.223s][info][gc,metaspace] GC(6) Metaspace: 22159K(22272K)->22159K(22272K) NonClass: 20141K(20224K)->20141K(20224K) Class: 2017K(2048K)->2017K(2048K)
[2.223s][info][gc          ] GC(6) Pause Young (Prepare Mixed) (G1 Evacuation Pause) 45M->9M(256M) 1.920ms
[2.223s][info][gc,cpu      ] GC(6) User=0.01s Sys=0.00s Real=0.01s
[2.757s][info][gc,start    ] GC(7) Pause Young (Mixed) (G1 Evacuation Pause)
[2.757s][info][gc,task     ] GC(7) Using 2 workers of 2 for evacuation
[2.769s][info][gc,phases   ] GC(7)   Pre Evacuate Collection Set: 0.24ms
[2.769s][info][gc,phases   ] GC(7)   Merge Heap Roots: 0.08ms
[2.769s][info][gc,phases   ] GC(7)   Evacuate Collection Set: 6.56ms
[2.769s][info][gc,phases   ] GC(7)   Post Evacuate Collection Set: 4.35ms
[2.769s][info][gc,phases   ] GC(7)   Other: 0.10ms
[2.769s][info][gc,heap     ] GC(7) Eden regions: 49->0(43)
[2.769s][info][gc,heap     ] GC(7) Survivor regions: 1->7(7)
[2.769s][info][gc,heap     ] GC(7) Old regions: 10->10
[2.769s][info][gc,heap     ] GC(7) Humongous regions: 0->0
[2.769s][info][gc,metaspace] GC(7) Metaspace: 23315K(23424K)->23315K(23424K) NonClass: 21230K(21312K)->21230K(21312K) Class: 2085K(2112K)->2085K(2112K)
[2.769s][info][gc          ] GC(7) Pause Young (Mixed) (G1 Evacuation Pause) 58M->15M(256M) 11.504ms
[2.769s][info][gc,cpu      ] GC(7) User=0.02s Sys=0.01s Real=0.01s
[2.944s][info][gc,start    ] GC(8) Pause Young (Normal) (G1 Evacuation Pause)
[2.944s][info][gc,task     ] GC(8) Using 2 workers of 2 for evacuation
[2.950s][info][gc,phases   ] GC(8)   Pre Evacuate Collection Set: 0.17ms
[2.950s][info][gc,phases   ] GC(8)   Merge Heap Roots: 0.04ms
[2.950s][info][gc,phases   ] GC(8)   Evacuate Collection Set: 5.44ms
[2.950s][info][gc,phases   ] GC(8)   Post Evacuate Collection Set: 0.38ms
[2.950s][info][gc,phases   ] GC(8)   Other: 0.06ms
[2.950s][info][gc,heap     ] GC(8) Eden regions: 43->0(80)
[2.950s][info][gc,heap     ] GC(8) Survivor regions: 7->4(7)
[2.950s][info][gc,heap     ] GC(8) Old regions: 10->11
[2.950s][info][gc,heap     ] GC(8) Humongous regions: 0->0
[2.950s][info][gc,metaspace] GC(8) Metaspace: 23380K(23488K)->23380K(23488K) NonClass: 21294K(21376K)->21294K(21376K) Class: 2085K(2112K)->2085K(2112K)
[2.950s][info][gc          ] GC(8) Pause Young (Normal) (G1 Evacuation Pause) 58M->13M(256M) 6.278ms
[2.950s][info][gc,cpu      ] GC(8) User=0.01s Sys=0.00s Real=0.00s
[3.713s][info][gc,start    ] GC(9) Pause Young (Normal) (G1 Evacuation Pause)
[3.714s][info][gc,task     ] GC(9) Using 2 workers of 2 for evacuation
[3.722s][info][gc,phases   ] GC(9)   Pre Evacuate Collection Set: 0.15ms
[3.722s][info][gc,phases   ] GC(9)   Merge Heap Roots: 0.05ms
[3.722s][info][gc,phases   ] GC(9)   Evacuate Collection Set: 3.71ms
[3.722s][info][gc,phases   ] GC(9)   Post Evacuate Collection Set: 4.45ms
[3.722s][info][gc,phases   ] GC(9)   Other: 0.08ms
[3.722s][info][gc,heap     ] GC(9) Eden regions: 84->0(84)
[3.722s][info][gc,heap     ] GC(9) Survivor regions: 4->4(11)
[3.722s][info][gc,heap     ] GC(9) Old regions: 11->11
[3.722s][info][gc,heap     ] GC(9) Humongous regions: 0->0
[3.722s][info][gc,metaspace] GC(9) Metaspace: 23965K(24128K)->23965K(24128K) NonClass: 21867K(21952K)->21867K(21952K) Class: 2097K(2176K)->2097K(2176K)
[3.722s][info][gc          ] GC(9) Pause Young (Normal) (G1 Evacuation Pause) 97M->13M(256M) 8.617ms
[3.722s][info][gc,cpu      ] GC(9) User=0.01s Sys=0.00s Real=0.01s
[4.324s][info][gc,start    ] GC(10) Pause Young (Normal) (G1 Evacuation Pause)
[4.324s][info][gc,task     ] GC(10) Using 2 workers of 2 for evacuation
[4.330s][info][gc,phases   ] GC(10)   Pre Evacuate Collection Set: 0.18ms
[4.330s][info][gc,phases   ] GC(10)   Merge Heap Roots: 0.04ms
[4.330s][info][gc,phases   ] GC(10)   Evacuate Collection Set: 4.71ms
[4.330s][info][gc,phases   ] GC(10)   Post Evacuate Collection Set: 0.33ms
[4.330s][info][gc,phases   ] GC(10)   Other: 0.06ms
[4.330s][info][gc,heap     ] GC(10) Eden regions: 85->0(114)
[4.330s][info][gc,heap     ] GC(10) Survivor regions: 4->3(12)
[4.330s][info][gc,heap     ] GC(10) Old regions: 11->11
[4.330s][info][gc,heap     ] GC(10) Humongous regions: 0->0
[4.330s][info][gc,metaspace] GC(10) Metaspace: 24657K(24768K)->24657K(24768K) NonClass: 22533K(22592K)->22533K(22592K) Class: 2124K(2176K)->2124K(2176K)
[4.330s][info][gc          ] GC(10) Pause Young (Normal) (G1 Evacuation Pause) 98M->13M(256M) 5.519ms
[4.330s][info][gc,cpu      ] GC(10) User=0.01s Sys=0.00s Real=0.00s
[5.025s][info][gc,start    ] GC(11) Pause Young (Normal) (G1 Evacuation Pause)
[5.025s][info][gc,task     ] GC(11) Using 2 workers of 2 for evacuation
[5.033s][info][gc,phases   ] GC(11)   Pre Evacuate Collection Set: 0.16ms
[5.033s][info][gc,phases   ] GC(11)   Merge Heap Roots: 0.05ms
[5.033s][info][gc,phases   ] GC(11)   Evacuate Collection Set: 2.85ms
[5.033s][info][gc,phases   ] GC(11)   Post Evacuate Collection Set: 5.05ms
[5.033s][info][gc,phases   ] GC(11)   Other: 0.08ms
[5.033s][info][gc,heap     ] GC(11) Eden regions: 115->0(135)
[5.033s][info][gc,heap     ] GC(11) Survivor regions: 3->7(15)
[5.033s][info][gc,heap     ] GC(11) Old regions: 11->11
[5.033s][info][gc,heap     ] GC(11) Humongous regions: 0->0
[5.033s][info][gc,metaspace] GC(11) Metaspace: 25123K(25280K)->25123K(25280K) NonClass: 22995K(23104K)->22995K(23104K) Class: 2127K(2176K)->2127K(2176K)
[5.033s][info][gc          ] GC(11) Pause Young (Normal) (G1 Evacuation Pause) 128M->16M(256M) 8.356ms
[5.033s][info][gc,cpu      ] GC(11) User=0.01s Sys=0.00s Real=0.01s
[5.653s][info][gc,start    ] GC(12) Pause Young (Normal) (G1 Evacuation Pause)
[5.653s][info][gc,task     ] GC(12) Using 2 workers of 2 for evacuation
[5.660s][info][gc,phases   ] GC(12)   Pre Evacuate Collection Set: 0.17ms
[5.660s][info][gc,phases   ] GC(12)   Merge Heap Roots: 0.05ms
[5.660s][info][gc,phases   ] GC(12)   Evacuate Collection Set: 2.63ms
[5.660s][info][gc,phases   ] GC(12)   Post Evacuate Collection Set: 3.75ms
[5.660s][info][gc,phases   ] GC(12)   Other: 0.11ms
[5.660s][info][gc,heap     ] GC(12) Eden regions: 135->0(149)
[5.660s][info][gc,heap     ] GC(12) Survivor regions: 7->4(18)
[5.660s][info][gc,heap     ] GC(12) Old regions: 11->11
[5.660s][info][gc,heap     ] GC(12) Humongous regions: 0->0
[5.660s][info][gc,metaspace] GC(12) Metaspace: 25376K(25536K)->25376K(25536K) NonClass: 23247K(23360K)->23247K(23360K) Class: 2128K(2176K)->2128K(2176K)
[5.660s][info][gc          ] GC(12) Pause Young (Normal) (G1 Evacuation Pause) 151M->14M(256M) 6.886ms
[5.660s][info][gc,cpu      ] GC(12) User=0.01s Sys=0.00s Real=0.00s
[6.400s][info][gc,start    ] GC(13) Pause Young (Normal) (G1 Evacuation Pause)
[6.400s][info][gc,task     ] GC(13) Using 2 workers of 2 for evacuation
[6.407s][info][gc,phases   ] GC(13)   Pre Evacuate Collection Set: 0.17ms
[6.407s][info][gc,phases   ] GC(13)   Merge Heap Roots: 0.04ms
[6.407s][info][gc,phases   ] GC(13)   Evacuate Collection Set: 2.46ms
[6.407s][info][gc,phases   ] GC(13)   Post Evacuate Collection Set: 4.35ms
[6.407s][info][gc,phases   ] GC(13)   Other: 0.08ms
[6.407s][info][gc,heap     ] GC(13) Eden regions: 149->0(150)
[6.407s][info][gc,heap     ] GC(13) Survivor regions: 4->3(20)
[6.407s][info][gc,heap     ] GC(13) Old regions: 11->11
[6.407s][info][gc,heap     ] GC(13) Humongous regions: 0->0
[6.407s][info][gc,metaspace] GC(13) Metaspace: 25615K(25728K)->25615K(25728K) NonClass: 23487K(23552K)->23487K(23552K) Class: 2128K(2176K)->2128K(2176K)
[6.407s][info][gc          ] GC(13) Pause Young (Normal) (G1 Evacuation Pause) 163M->13M(256M) 7.276ms
[6.407s][info][gc,cpu      ] GC(13) User=0.01s Sys=0.00s Real=0.01s
[6.918s][info][gc,start    ] GC(14) Pause Young (Normal) (G1 Evacuation Pause)
[6.918s][info][gc,task     ] GC(14) Using 2 workers of 2 for evacuation
[6.926s][info][gc,phases   ] GC(14)   Pre Evacuate Collection Set: 0.18ms
[6.926s][info][gc,phases   ] GC(14)   Merge Heap Roots: 0.07ms
[6.926s][info][gc,phases   ] GC(14)   Evacuate Collection Set: 2.47ms
[6.926s][info][gc,phases   ] GC(14)   Post Evacuate Collection Set: 4.71ms
[6.926s][info][gc,phases   ] GC(14)   Other: 0.08ms
[6.926s][info][gc,heap     ] GC(14) Eden regions: 150->0(146)
[6.926s][info][gc,heap     ] GC(14) Survivor regions: 3->7(20)
[6.926s][info][gc,heap     ] GC(14) Old regions: 11->11
[6.926s][info][gc,heap     ] GC(14) Humongous regions: 0->0
[6.926s][info][gc,metaspace] GC(14) Metaspace: 25846K(26048K)->25846K(26048K) NonClass: 23718K(23872K)->23718K(23872K) Class: 2128K(2176K)->2128K(2176K)
[6.926s][info][gc          ] GC(14) Pause Young (Normal) (G1 Evacuation Pause) 163M->16M(256M) 7.679ms
[6.926s][info][gc,cpu      ] GC(14) User=0.01s Sys=0.00s Real=0.01s
[7.468s][info][gc,start    ] GC(15) Pause Young (Normal) (G1 Evacuation Pause)
[7.468s][info][gc,task     ] GC(15) Using 2 workers of 2 for evacuation
[7.476s][info][gc,phases   ] GC(15)   Pre Evacuate Collection Set: 0.18ms
[7.476s][info][gc,phases   ] GC(15)   Merge Heap Roots: 0.05ms
[7.476s][info][gc,phases   ] GC(15)   Evacuate Collection Set: 5.08ms
[7.476s][info][gc,phases   ] GC(15)   Post Evacuate Collection Set: 2.15ms
[7.476s][info][gc,phases   ] GC(15)   Other: 0.07ms
[7.476s][info][gc,heap     ] GC(15) Eden regions: 146->0(148)
[7.476s][info][gc,heap     ] GC(15) Survivor regions: 7->5(20)
[7.476s][info][gc,heap     ] GC(15) Old regions: 11->11
[7.476s][info][gc,heap     ] GC(15) Humongous regions: 0->0
[7.476s][info][gc,metaspace] GC(15) Metaspace: 25945K(26048K)->25945K(26048K) NonClass: 23817K(23872K)->23817K(23872K) Class: 2128K(2176K)->2128K(2176K)
[7.476s][info][gc          ] GC(15) Pause Young (Normal) (G1 Evacuation Pause) 162M->15M(256M) 7.698ms
[7.476s][info][gc,cpu      ] GC(15) User=0.02s Sys=0.00s Real=0.01s
[8.127s][info][gc,start    ] GC(16) Pause Young (Normal) (G1 Evacuation Pause)
[8.128s][info][gc,task     ] GC(16) Using 2 workers of 2 for evacuation
[8.139s][info][gc,phases   ] GC(16)   Pre Evacuate Collection Set: 0.15ms
[8.139s][info][gc,phases   ] GC(16)   Merge Heap Roots: 0.06ms
[8.139s][info][gc,phases   ] GC(16)   Evacuate Collection Set: 4.33ms
[8.139s][info][gc,phases   ] GC(16)   Post Evacuate Collection Set: 6.39ms
[8.139s][info][gc,phases   ] GC(16)   Other: 0.07ms
[8.139s][info][gc,heap     ] GC(16) Eden regions: 148->0(143)
[8.139s][info][gc,heap     ] GC(16) Survivor regions: 5->10(20)
[8.139s][info][gc,heap     ] GC(16) Old regions: 11->11
[8.139s][info][gc,heap     ] GC(16) Humongous regions: 0->0
[8.139s][info][gc,metaspace] GC(16) Metaspace: 26098K(26240K)->26098K(26240K) NonClass: 23969K(24064K)->23969K(24064K) Class: 2128K(2176K)->2128K(2176K)
[8.139s][info][gc          ] GC(16) Pause Young (Normal) (G1 Evacuation Pause) 163M->20M(256M) 11.171ms
[8.139s][info][gc,cpu      ] GC(16) User=0.02s Sys=0.00s Real=0.01s
[8.760s][info][gc,start    ] GC(17) Pause Young (Normal) (G1 Evacuation Pause)
[8.760s][info][gc,task     ] GC(17) Using 2 workers of 2 for evacuation
[8.765s][info][gc,phases   ] GC(17)   Pre Evacuate Collection Set: 0.15ms
[8.765s][info][gc,phases   ] GC(17)   Merge Heap Roots: 0.06ms
[8.765s][info][gc,phases   ] GC(17)   Evacuate Collection Set: 2.55ms
[8.765s][info][gc,phases   ] GC(17)   Post Evacuate Collection Set: 2.18ms
[8.765s][info][gc,phases   ] GC(17)   Other: 0.07ms
[8.765s][info][gc,heap     ] GC(17) Eden regions: 143->0(148)
[8.765s][info][gc,heap     ] GC(17) Survivor regions: 10->5(20)
[8.765s][info][gc,heap     ] GC(17) Old regions: 11->11
[8.765s][info][gc,heap     ] GC(17) Humongous regions: 0->0
[8.765s][info][gc,metaspace] GC(17) Metaspace: 26299K(26432K)->26299K(26432K) NonClass: 24170K(24256K)->24170K(24256K) Class: 2128K(2176K)->2128K(2176K)
[8.765s][info][gc          ] GC(17) Pause Young (Normal) (G1 Evacuation Pause) 163M->14M(256M) 5.154ms
[8.765s][info][gc,cpu      ] GC(17) User=0.01s Sys=0.00s Real=0.01s
[9.317s][info][gc,start    ] GC(18) Pause Young (Normal) (G1 Evacuation Pause)
[9.317s][info][gc,task     ] GC(18) Using 2 workers of 2 for evacuation
[9.322s][info][gc,phases   ] GC(18)   Pre Evacuate Collection Set: 0.20ms
[9.322s][info][gc,phases   ] GC(18)   Merge Heap Roots: 0.08ms
[9.322s][info][gc,phases   ] GC(18)   Evacuate Collection Set: 1.97ms
[9.322s][info][gc,phases   ] GC(18)   Post Evacuate Collection Set: 2.51ms
[9.322s][info][gc,phases   ] GC(18)   Other: 0.10ms
[9.322s][info][gc,heap     ] GC(18) Eden regions: 148->0(150)
[9.322s][info][gc,heap     ] GC(18) Survivor regions: 5->3(20)
[9.322s][info][gc,heap     ] GC(18) Old regions: 11->11
[9.322s][info][gc,heap     ] GC(18) Humongous regions: 0->0
[9.322s][info][gc,metaspace] GC(18) Metaspace: 26424K(26560K)->26424K(26560K) NonClass: 24295K(24384K)->24295K(24384K) Class: 2128K(2176K)->2128K(2176K)
[9.322s][info][gc          ] GC(18) Pause Young (Normal) (G1 Evacuation Pause) 162M->13M(256M) 5.020ms
[9.322s][info][gc,cpu      ] GC(18) User=0.01s Sys=0.00s Real=0.01s
[9.800s][info][gc,start    ] GC(19) Pause Young (Normal) (G1 Evacuation Pause)
[9.800s][info][gc,task     ] GC(19) Using 2 workers of 2 for evacuation
[9.809s][info][gc,phases   ] GC(19)   Pre Evacuate Collection Set: 0.17ms
[9.809s][info][gc,phases   ] GC(19)   Merge Heap Roots: 0.04ms
[9.809s][info][gc,phases   ] GC(19)   Evacuate Collection Set: 1.99ms
[9.809s][info][gc,phases   ] GC(19)   Post Evacuate Collection Set: 6.83ms
[9.809s][info][gc,phases   ] GC(19)   Other: 0.10ms
[9.809s][info][gc,heap     ] GC(19) Eden regions: 150->0(146)
[9.809s][info][gc,heap     ] GC(19) Survivor regions: 3->7(20)
[9.809s][info][gc,heap     ] GC(19) Old regions: 11->11
[9.809s][info][gc,heap     ] GC(19) Humongous regions: 0->0
[9.809s][info][gc,metaspace] GC(19) Metaspace: 26478K(26624K)->26478K(26624K) NonClass: 24349K(24448K)->24349K(24448K) Class: 2128K(2176K)->2128K(2176K)
[9.809s][info][gc          ] GC(19) Pause Young (Normal) (G1 Evacuation Pause) 163M->16M(256M) 9.299ms
[9.809s][info][gc,cpu      ] GC(19) User=0.02s Sys=0.00s Real=0.01s
[10.292s][info][gc,start    ] GC(20) Pause Young (Normal) (G1 Evacuation Pause)
[10.292s][info][gc,task     ] GC(20) Using 2 workers of 2 for evacuation
[10.297s][info][gc,phases   ] GC(20)   Pre Evacuate Collection Set: 0.21ms
[10.297s][info][gc,phases   ] GC(20)   Merge Heap Roots: 0.06ms
[10.297s][info][gc,phases   ] GC(20)   Evacuate Collection Set: 2.93ms
[10.297s][info][gc,phases   ] GC(20)   Post Evacuate Collection Set: 1.19ms
[10.297s][info][gc,phases   ] GC(20)   Other: 0.10ms
[10.297s][info][gc,heap     ] GC(20) Eden regions: 146->0(150)
[10.297s][info][gc,heap     ] GC(20) Survivor regions: 7->3(20)
[10.297s][info][gc,heap     ] GC(20) Old regions: 11->11
[10.297s][info][gc,heap     ] GC(20) Humongous regions: 0->0
[10.297s][info][gc,metaspace] GC(20) Metaspace: 26582K(26752K)->26582K(26752K) NonClass: 24453K(24576K)->24453K(24576K) Class: 2128K(2176K)->2128K(2176K)
[10.297s][info][gc          ] GC(20) Pause Young (Normal) (G1 Evacuation Pause) 162M->12M(256M) 4.666ms
[10.297s][info][gc,cpu      ] GC(20) User=0.01s Sys=0.00s Real=0.00s
[10.762s][info][gc,start    ] GC(21) Pause Young (Normal) (G1 Evacuation Pause)
[10.762s][info][gc,task     ] GC(21) Using 2 workers of 2 for evacuation
[10.771s][info][gc,phases   ] GC(21)   Pre Evacuate Collection Set: 0.17ms
[10.771s][info][gc,phases   ] GC(21)   Merge Heap Roots: 0.05ms
[10.771s][info][gc,phases   ] GC(21)   Evacuate Collection Set: 2.20ms
[10.771s][info][gc,phases   ] GC(21)   Post Evacuate Collection Set: 6.67ms
[10.771s][info][gc,phases   ] GC(21)   Other: 0.10ms
[10.771s][info][gc,heap     ] GC(21) Eden regions: 150->0(146)
[10.771s][info][gc,heap     ] GC(21) Survivor regions: 3->7(20)
[10.771s][info][gc,heap     ] GC(21) Old regions: 11->11
[10.771s][info][gc,heap     ] GC(21) Humongous regions: 0->0
[10.771s][info][gc,metaspace] GC(21) Metaspace: 26653K(26752K)->26653K(26752K) NonClass: 24524K(24576K)->24524K(24576K) Class: 2128K(2176K)->2128K(2176K)
[10.771s][info][gc          ] GC(21) Pause Young (Normal) (G1 Evacuation Pause) 162M->16M(256M) 9.357ms
[10.771s][info][gc,cpu      ] GC(21) User=0.02s Sys=0.00s Real=0.00s
[11.266s][info][gc,start    ] GC(22) Pause Young (Normal) (G1 Evacuation Pause)
[11.266s][info][gc,task     ] GC(22) Using 2 workers of 2 for evacuation
[11.270s][info][gc,phases   ] GC(22)   Pre Evacuate Collection Set: 0.16ms
[11.270s][info][gc,phases   ] GC(22)   Merge Heap Roots: 0.06ms
[11.270s][info][gc,phases   ] GC(22)   Evacuate Collection Set: 2.25ms
[11.270s][info][gc,phases   ] GC(22)   Post Evacuate Collection Set: 2.18ms
[11.270s][info][gc,phases   ] GC(22)   Other: 0.12ms
[11.270s][info][gc,heap     ] GC(22) Eden regions: 146->0(149)
[11.271s][info][gc,heap     ] GC(22) Survivor regions: 7->4(20)
[11.271s][info][gc,heap     ] GC(22) Old regions: 11->11
[11.271s][info][gc,heap     ] GC(22) Humongous regions: 0->0
[11.271s][info][gc,metaspace] GC(22) Metaspace: 26698K(26880K)->26698K(26880K) NonClass: 24569K(24704K)->24569K(24704K) Class: 2129K(2176K)->2129K(2176K)
[11.271s][info][gc          ] GC(22) Pause Young (Normal) (G1 Evacuation Pause) 162M->13M(256M) 4.926ms
[11.271s][info][gc,cpu      ] GC(22) User=0.01s Sys=0.00s Real=0.00s
[11.752s][info][gc,start    ] GC(23) Pause Young (Normal) (G1 Evacuation Pause)
[11.752s][info][gc,task     ] GC(23) Using 2 workers of 2 for evacuation
[11.761s][info][gc,phases   ] GC(23)   Pre Evacuate Collection Set: 0.14ms
[11.761s][info][gc,phases   ] GC(23)   Merge Heap Roots: 0.07ms
[11.761s][info][gc,phases   ] GC(23)   Evacuate Collection Set: 4.24ms
[11.761s][info][gc,phases   ] GC(23)   Post Evacuate Collection Set: 4.82ms
[11.761s][info][gc,phases   ] GC(23)   Other: 0.07ms
[11.761s][info][gc,heap     ] GC(23) Eden regions: 149->0(143)
[11.761s][info][gc,heap     ] GC(23) Survivor regions: 4->10(20)
[11.761s][info][gc,heap     ] GC(23) Old regions: 11->11
[11.761s][info][gc,heap     ] GC(23) Humongous regions: 0->0
[11.761s][info][gc,metaspace] GC(23) Metaspace: 26802K(26944K)->26802K(26944K) NonClass: 24672K(24768K)->24672K(24768K) Class: 2130K(2176K)->2130K(2176K)
[11.761s][info][gc          ] GC(23) Pause Young (Normal) (G1 Evacuation Pause) 162M->19M(256M) 9.525ms
[11.761s][info][gc,cpu      ] GC(23) User=0.02s Sys=0.00s Real=0.00s
[12.158s][info][gc,start    ] GC(24) Pause Young (Normal) (G1 Evacuation Pause)
[12.158s][info][gc,task     ] GC(24) Using 2 workers of 2 for evacuation
[12.166s][info][gc,phases   ] GC(24)   Pre Evacuate Collection Set: 0.17ms
[12.166s][info][gc,phases   ] GC(24)   Merge Heap Roots: 0.05ms
[12.166s][info][gc,phases   ] GC(24)   Evacuate Collection Set: 5.47ms
[12.166s][info][gc,phases   ] GC(24)   Post Evacuate Collection Set: 2.29ms
[12.166s][info][gc,phases   ] GC(24)   Other: 0.07ms
[12.166s][info][gc,heap     ] GC(24) Eden regions: 143->0(149)
[12.166s][info][gc,heap     ] GC(24) Survivor regions: 10->4(20)
[12.166s][info][gc,heap     ] GC(24) Old regions: 11->11
[12.166s][info][gc,heap     ] GC(24) Humongous regions: 0->0
[12.166s][info][gc,metaspace] GC(24) Metaspace: 26840K(27008K)->26840K(27008K) NonClass: 24709K(24832K)->24709K(24832K) Class: 2130K(2176K)->2130K(2176K)
[12.166s][info][gc          ] GC(24) Pause Young (Normal) (G1 Evacuation Pause) 162M->14M(256M) 8.209ms
[12.166s][info][gc,cpu      ] GC(24) User=0.02s Sys=0.00s Real=0.01s
[12.629s][info][gc,start    ] GC(25) Pause Young (Normal) (G1 Evacuation Pause)
[12.629s][info][gc,task     ] GC(25) Using 2 workers of 2 for evacuation
[12.634s][info][gc,phases   ] GC(25)   Pre Evacuate Collection Set: 0.21ms
[12.634s][info][gc,phases   ] GC(25)   Merge Heap Roots: 0.06ms
[12.634s][info][gc,phases   ] GC(25)   Evacuate Collection Set: 2.07ms
[12.634s][info][gc,phases   ] GC(25)   Post Evacuate Collection Set: 2.38ms
[12.634s][info][gc,phases   ] GC(25)   Other: 0.07ms
[12.634s][info][gc,heap     ] GC(25) Eden regions: 149->0(149)
[12.634s][info][gc,heap     ] GC(25) Survivor regions: 4->4(20)
[12.634s][info][gc,heap     ] GC(25) Old regions: 11->11
[12.634s][info][gc,heap     ] GC(25) Humongous regions: 0->0
[12.634s][info][gc,metaspace] GC(25) Metaspace: 26963K(27136K)->26963K(27136K) NonClass: 24832K(24960K)->24832K(24960K) Class: 2130K(2176K)->2130K(2176K)
[12.634s][info][gc          ] GC(25) Pause Young (Normal) (G1 Evacuation Pause) 163M->13M(256M) 4.948ms
[12.634s][info][gc,cpu      ] GC(25) User=0.00s Sys=0.01s Real=0.01s
[13.050s][info][gc,start    ] GC(26) Pause Young (Normal) (G1 Evacuation Pause)
[13.050s][info][gc,task     ] GC(26) Using 2 workers of 2 for evacuation
[13.058s][info][gc,phases   ] GC(26)   Pre Evacuate Collection Set: 0.19ms
[13.058s][info][gc,phases   ] GC(26)   Merge Heap Roots: 0.04ms
[13.058s][info][gc,phases   ] GC(26)   Evacuate Collection Set: 2.86ms
[13.058s][info][gc,phases   ] GC(26)   Post Evacuate Collection Set: 4.33ms
[13.058s][info][gc,phases   ] GC(26)   Other: 0.07ms
[13.058s][info][gc,heap     ] GC(26) Eden regions: 149->0(146)
[13.058s][info][gc,heap     ] GC(26) Survivor regions: 4->7(20)
[13.058s][info][gc,heap     ] GC(26) Old regions: 11->11
[13.058s][info][gc,heap     ] GC(26) Humongous regions: 0->0
[13.058s][info][gc,metaspace] GC(26) Metaspace: 27004K(27200K)->27004K(27200K) NonClass: 24874K(25024K)->24874K(25024K) Class: 2130K(2176K)->2130K(2176K)
[13.058s][info][gc          ] GC(26) Pause Young (Normal) (G1 Evacuation Pause) 162M->16M(256M) 7.651ms
[13.058s][info][gc,cpu      ] GC(26) User=0.01s Sys=0.00s Real=0.01s
[13.491s][info][gc,start    ] GC(27) Pause Young (Normal) (G1 Evacuation Pause)
[13.491s][info][gc,task     ] GC(27) Using 2 workers of 2 for evacuation
[13.495s][info][gc,phases   ] GC(27)   Pre Evacuate Collection Set: 0.16ms
[13.495s][info][gc,phases   ] GC(27)   Merge Heap Roots: 0.05ms
[13.495s][info][gc,phases   ] GC(27)   Evacuate Collection Set: 1.76ms
[13.495s][info][gc,phases   ] GC(27)   Post Evacuate Collection Set: 1.76ms
[13.495s][info][gc,phases   ] GC(27)   Other: 0.07ms
[13.495s][info][gc,heap     ] GC(27) Eden regions: 146->0(150)
[13.495s][info][gc,heap     ] GC(27) Survivor regions: 7->3(20)
[13.495s][info][gc,heap     ] GC(27) Old regions: 11->11
[13.495s][info][gc,heap     ] GC(27) Humongous regions: 0->0
[13.495s][info][gc,metaspace] GC(27) Metaspace: 27067K(27200K)->27067K(27200K) NonClass: 24936K(25024K)->24936K(25024K) Class: 2130K(2176K)->2130K(2176K)
[13.495s][info][gc          ] GC(27) Pause Young (Normal) (G1 Evacuation Pause) 162M->13M(256M) 4.024ms
[13.495s][info][gc,cpu      ] GC(27) User=0.01s Sys=0.00s Real=0.01s
[13.897s][info][gc,start    ] GC(28) Pause Young (Normal) (G1 Evacuation Pause)
[13.897s][info][gc,task     ] GC(28) Using 2 workers of 2 for evacuation
[13.904s][info][gc,phases   ] GC(28)   Pre Evacuate Collection Set: 0.18ms
[13.904s][info][gc,phases   ] GC(28)   Merge Heap Roots: 0.05ms
[13.904s][info][gc,phases   ] GC(28)   Evacuate Collection Set: 3.18ms
[13.904s][info][gc,phases   ] GC(28)   Post Evacuate Collection Set: 3.71ms
[13.904s][info][gc,phases   ] GC(28)   Other: 0.08ms
[13.904s][info][gc,heap     ] GC(28) Eden regions: 150->0(146)
[13.904s][info][gc,heap     ] GC(28) Survivor regions: 3->7(20)
[13.904s][info][gc,heap     ] GC(28) Old regions: 11->11
[13.904s][info][gc,heap     ] GC(28) Humongous regions: 0->0
[13.904s][info][gc,metaspace] GC(28) Metaspace: 27093K(27264K)->27093K(27264K) NonClass: 24962K(25088K)->24962K(25088K) Class: 2130K(2176K)->2130K(2176K)
[13.904s][info][gc          ] GC(28) Pause Young (Normal) (G1 Evacuation Pause) 163M->16M(256M) 7.367ms
[13.904s][info][gc,cpu      ] GC(28) User=0.01s Sys=0.01s Real=0.01s
[14.310s][info][gc,start    ] GC(29) Pause Young (Normal) (G1 Evacuation Pause)
[14.310s][info][gc,task     ] GC(29) Using 2 workers of 2 for evacuation
[14.316s][info][gc,phases   ] GC(29)   Pre Evacuate Collection Set: 0.23ms
[14.316s][info][gc,phases   ] GC(29)   Merge Heap Roots: 0.07ms
[14.316s][info][gc,phases   ] GC(29)   Evacuate Collection Set: 3.08ms
[14.316s][info][gc,phases   ] GC(29)   Post Evacuate Collection Set: 2.21ms
[14.316s][info][gc,phases   ] GC(29)   Other: 0.09ms
[14.316s][info][gc,heap     ] GC(29) Eden regions: 146->0(147)
[14.316s][info][gc,heap     ] GC(29) Survivor regions: 7->6(20)
[14.316s][info][gc,heap     ] GC(29) Old regions: 11->11
[14.316s][info][gc,heap     ] GC(29) Humongous regions: 0->0
[14.316s][info][gc,metaspace] GC(29) Metaspace: 27115K(27264K)->27115K(27264K) NonClass: 24984K(25088K)->24984K(25088K) Class: 2131K(2176K)->2131K(2176K)
[14.316s][info][gc          ] GC(29) Pause Young (Normal) (G1 Evacuation Pause) 162M->15M(256M) 5.867ms
[14.316s][info][gc,cpu      ] GC(29) User=0.01s Sys=0.00s Real=0.01s
[14.794s][info][gc,start    ] GC(30) Pause Young (Normal) (G1 Evacuation Pause)
[14.794s][info][gc,task     ] GC(30) Using 2 workers of 2 for evacuation
[14.802s][info][gc,phases   ] GC(30)   Pre Evacuate Collection Set: 0.17ms
[14.802s][info][gc,phases   ] GC(30)   Merge Heap Roots: 0.04ms
[14.802s][info][gc,phases   ] GC(30)   Evacuate Collection Set: 1.33ms
[14.802s][info][gc,phases   ] GC(30)   Post Evacuate Collection Set: 6.34ms
[14.802s][info][gc,phases   ] GC(30)   Other: 0.10ms
[14.802s][info][gc,heap     ] GC(30) Eden regions: 147->0(146)
[14.802s][info][gc,heap     ] GC(30) Survivor regions: 6->7(20)
[14.802s][info][gc,heap     ] GC(30) Old regions: 11->11
[14.802s][info][gc,heap     ] GC(30) Humongous regions: 0->0
[14.802s][info][gc,metaspace] GC(30) Metaspace: 27204K(27328K)->27204K(27328K) NonClass: 25073K(25152K)->25073K(25152K) Class: 2131K(2176K)->2131K(2176K)
[14.802s][info][gc          ] GC(30) Pause Young (Normal) (G1 Evacuation Pause) 162M->17M(256M) 8.141ms
[14.802s][info][gc,cpu      ] GC(30) User=0.01s Sys=0.00s Real=0.01s
[15.181s][info][gc,start    ] GC(31) Pause Young (Normal) (G1 Evacuation Pause)
[15.181s][info][gc,task     ] GC(31) Using 2 workers of 2 for evacuation
[15.187s][info][gc,phases   ] GC(31)   Pre Evacuate Collection Set: 0.20ms
[15.187s][info][gc,phases   ] GC(31)   Merge Heap Roots: 0.09ms
[15.187s][info][gc,phases   ] GC(31)   Evacuate Collection Set: 2.65ms
[15.187s][info][gc,phases   ] GC(31)   Post Evacuate Collection Set: 2.91ms
[15.187s][info][gc,phases   ] GC(31)   Other: 0.10ms
[15.187s][info][gc,heap     ] GC(31) Eden regions: 146->0(149)
[15.187s][info][gc,heap     ] GC(31) Survivor regions: 7->4(20)
[15.187s][info][gc,heap     ] GC(31) Old regions: 11->11
[15.187s][info][gc,heap     ] GC(31) Humongous regions: 0->0
[15.187s][info][gc,metaspace] GC(31) Metaspace: 27211K(27328K)->27211K(27328K) NonClass: 25080K(25152K)->25080K(25152K) Class: 2131K(2176K)->2131K(2176K)
[15.187s][info][gc          ] GC(31) Pause Young (Normal) (G1 Evacuation Pause) 163M->14M(256M) 6.144ms
[15.187s][info][gc,cpu      ] GC(31) User=0.02s Sys=0.00s Real=0.01s
[15.634s][info][gc,start    ] GC(32) Pause Young (Normal) (G1 Evacuation Pause)
[15.634s][info][gc,task     ] GC(32) Using 2 workers of 2 for evacuation
[15.641s][info][gc,phases   ] GC(32)   Pre Evacuate Collection Set: 0.18ms
[15.641s][info][gc,phases   ] GC(32)   Merge Heap Roots: 0.05ms
[15.641s][info][gc,phases   ] GC(32)   Evacuate Collection Set: 3.64ms
[15.641s][info][gc,phases   ] GC(32)   Post Evacuate Collection Set: 3.30ms
[15.641s][info][gc,phases   ] GC(32)   Other: 0.09ms
[15.641s][info][gc,heap     ] GC(32) Eden regions: 149->0(148)
[15.641s][info][gc,heap     ] GC(32) Survivor regions: 4->5(20)
[15.641s][info][gc,heap     ] GC(32) Old regions: 11->11
[15.641s][info][gc,heap     ] GC(32) Humongous regions: 0->0
[15.641s][info][gc,metaspace] GC(32) Metaspace: 27247K(27392K)->27247K(27392K) NonClass: 25116K(25216K)->25116K(25216K) Class: 2131K(2176K)->2131K(2176K)
[15.641s][info][gc          ] GC(32) Pause Young (Normal) (G1 Evacuation Pause) 163M->14M(256M) 7.460ms
[15.641s][info][gc,cpu      ] GC(32) User=0.01s Sys=0.00s Real=0.01s
[16.025s][info][gc,start    ] GC(33) Pause Young (Normal) (G1 Evacuation Pause)
[16.025s][info][gc,task     ] GC(33) Using 2 workers of 2 for evacuation
[16.034s][info][gc,phases   ] GC(33)   Pre Evacuate Collection Set: 0.77ms
[16.034s][info][gc,phases   ] GC(33)   Merge Heap Roots: 0.05ms
[16.034s][info][gc,phases   ] GC(33)   Evacuate Collection Set: 1.68ms
[16.034s][info][gc,phases   ] GC(33)   Post Evacuate Collection Set: 6.48ms
[16.034s][info][gc,phases   ] GC(33)   Other: 0.08ms
[16.034s][info][gc,heap     ] GC(33) Eden regions: 148->0(146)
[16.034s][info][gc,heap     ] GC(33) Survivor regions: 5->7(20)
[16.034s][info][gc,heap     ] GC(33) Old regions: 11->11
[16.034s][info][gc,heap     ] GC(33) Humongous regions: 0->0
[16.034s][info][gc,metaspace] GC(33) Metaspace: 27272K(27392K)->27272K(27392K) NonClass: 25141K(25216K)->25141K(25216K) Class: 2131K(2176K)->2131K(2176K)
[16.034s][info][gc          ] GC(33) Pause Young (Normal) (G1 Evacuation Pause) 162M->17M(256M) 9.243ms
[16.034s][info][gc,cpu      ] GC(33) User=0.02s Sys=0.00s Real=0.01s
[16.372s][info][gc,heap,exit] Heap
[16.372s][info][gc,heap,exit]  garbage-first heap   total reserved 1001472K, committed 262144K, used 148842K [0x00000000c2e00000, 0x0000000100000000)
[16.372s][info][gc,heap,exit]   region size 1024K, 135 young (138240K), 7 survivors (7168K)
[16.372s][info][gc,heap,exit]  Metaspace       used 27282K, committed 27392K, reserved 1114112K
[16.372s][info][gc,heap,exit]   class space    used 2131K, committed 2176K, reserved 1048576K
