[0.002s][info][metaspace]  - commit_granule_bytes: 65536.
[0.002s][info][metaspace]  - commit_granule_words: 8192.
[0.002s][info][metaspace]  - virtual_space_node_default_size: 8388608.
[0.002s][info][metaspace]  - enlarge_chunks_in_place: 1.
[0.004s][info][gc,init  ] CardTable entry size: 512
[0.008s][info][gc       ] Using G1
[0.011s][info][gc,init  ] Version: 24-internal-adhoc.root.jdk (release)
[0.011s][info][gc,init  ] CPUs: 2 total, 2 available
[0.011s][info][gc,init  ] Memory: 3908M
[0.011s][info][gc,init  ] Large Page Support: Disabled
[0.011s][info][gc,init  ] NUMA Support: Disabled
[0.011s][info][gc,init  ] Compressed Oops: Enabled (32-bit)
[0.011s][info][gc,init  ] Heap Region Size: 1M
[0.011s][info][gc,init  ] Heap Min Capacity: 256M
[0.011s][info][gc,init  ] Heap Initial Capacity: 256M
[0.011s][info][gc,init  ] Heap Max Capacity: 978M
[0.011s][info][gc,init  ] Pre-touch: Disabled
[0.011s][info][gc,init  ] Parallel Workers: 2
[0.011s][info][gc,init  ] Concurrent Workers: 1
[0.011s][info][gc,init  ] Concurrent Refinement Workers: 2
[0.011s][info][gc,init  ] Periodic GC: Disabled
[0.023s][info][gc,metaspace] CDS archive(s) mapped at: [0x00007f8792000000-0x00007f8792dc0000-0x00007f8792dc0000), size 14417920, SharedBaseAddress: 0x00007f8792000000, ArchiveRelocationMode: 1.
[0.023s][info][gc,metaspace] Compressed class space mapped at: 0x00007f8793000000-0x00007f87d3000000, reserved size: 1073741824
[0.023s][info][gc,metaspace] UseCompressedClassPointers 1, UseCompactObjectHeaders 0
[0.023s][info][gc,metaspace] Narrow klass pointer bits 32, Max shift 3
[0.023s][info][gc,metaspace] Narrow klass base: 0x00007f8792000000, Narrow klass shift: 0
[0.023s][info][gc,metaspace] Encoding Range: [0x00007f8792000000 - 0x00007f8892000000), (4294967296 bytes)
[0.023s][info][gc,metaspace] Klass Range:    [0x00007f8792000000 - 0x00007f87d3000000), (1090519040 bytes)
[0.024s][info][gc,metaspace] Klass ID Range:  [8 - 1090519033) (1090519025)
[0.303s][info][gc,start    ] GC(0) Pause Young (Normal) (G1 Evacuation Pause)
[0.304s][info][gc,task     ] GC(0) Using 2 workers of 2 for evacuation
[0.308s][info][gc,phases   ] GC(0)   Pre Evacuate Collection Set: 0.15ms
[0.308s][info][gc,phases   ] GC(0)   Merge Heap Roots: 0.09ms
[0.308s][info][gc,phases   ] GC(0)   Evacuate Collection Set: 4.03ms
[0.308s][info][gc,phases   ] GC(0)   Post Evacuate Collection Set: 0.19ms
[0.308s][info][gc,phases   ] GC(0)   Other: 0.19ms
[0.308s][info][gc,heap     ] GC(0) Eden regions: 12->0(10)
[0.308s][info][gc,heap     ] GC(0) Survivor regions: 0->2(2)
[0.308s][info][gc,heap     ] GC(0) Old regions: 2->4
[0.308s][info][gc,heap     ] GC(0) Humongous regions: 0->0
[0.308s][info][gc,metaspace] GC(0) Metaspace: 2676K(2880K)->2676K(2880K) NonClass: 2452K(2560K)->2452K(2560K) Class: 223K(320K)->223K(320K)
[0.308s][info][gc          ] GC(0) Pause Young (Normal) (G1 Evacuation Pause) 13M->4M(258M) 4.891ms
[0.308s][info][gc,cpu      ] GC(0) User=0.01s Sys=0.01s Real=0.00s
[0.524s][info][gc,start    ] GC(1) Pause Young (Normal) (G1 Evacuation Pause)
[0.524s][info][gc,task     ] GC(1) Using 2 workers of 2 for evacuation
[0.527s][info][gc,phases   ] GC(1)   Pre Evacuate Collection Set: 0.17ms
[0.527s][info][gc,phases   ] GC(1)   Merge Heap Roots: 0.04ms
[0.527s][info][gc,phases   ] GC(1)   Evacuate Collection Set: 2.71ms
[0.527s][info][gc,phases   ] GC(1)   Post Evacuate Collection Set: 0.27ms
[0.527s][info][gc,phases   ] GC(1)   Other: 0.06ms
[0.527s][info][gc,heap     ] GC(1) Eden regions: 10->0(16)
[0.527s][info][gc,heap     ] GC(1) Survivor regions: 2->1(2)
[0.527s][info][gc,heap     ] GC(1) Old regions: 4->6
[0.527s][info][gc,heap     ] GC(1) Humongous regions: 0->0
[0.527s][info][gc,metaspace] GC(1) Metaspace: 6945K(7168K)->6945K(7168K) NonClass: 6236K(6336K)->6236K(6336K) Class: 709K(832K)->709K(832K)
[0.527s][info][gc          ] GC(1) Pause Young (Normal) (G1 Evacuation Pause) 14M->4M(258M) 3.408ms
[0.527s][info][gc,cpu      ] GC(1) User=0.01s Sys=0.00s Real=0.00s
[0.848s][info][gc,start    ] GC(2) Pause Young (Normal) (G1 Evacuation Pause)
[0.848s][info][gc,task     ] GC(2) Using 2 workers of 2 for evacuation
[0.853s][info][gc,phases   ] GC(2)   Pre Evacuate Collection Set: 0.13ms
[0.853s][info][gc,phases   ] GC(2)   Merge Heap Roots: 0.07ms
[0.853s][info][gc,phases   ] GC(2)   Evacuate Collection Set: 4.62ms
[0.853s][info][gc,phases   ] GC(2)   Post Evacuate Collection Set: 0.31ms
[0.853s][info][gc,phases   ] GC(2)   Other: 0.08ms
[0.853s][info][gc,heap     ] GC(2) Eden regions: 17->0(18)
[0.853s][info][gc,heap     ] GC(2) Survivor regions: 1->3(3)
[0.853s][info][gc,heap     ] GC(2) Old regions: 6->6
[0.853s][info][gc,heap     ] GC(2) Humongous regions: 0->0
[0.853s][info][gc,metaspace] GC(2) Metaspace: 12909K(13056K)->12909K(13056K) NonClass: 11654K(11776K)->11654K(11776K) Class: 1255K(1280K)->1255K(1280K)
[0.853s][info][gc          ] GC(2) Pause Young (Normal) (G1 Evacuation Pause) 21M->7M(258M) 5.367ms
[0.853s][info][gc,cpu      ] GC(2) User=0.01s Sys=0.00s Real=0.01s
[1.252s][info][gc,start    ] GC(3) Pause Young (Normal) (G1 Evacuation Pause)
[1.252s][info][gc,task     ] GC(3) Using 2 workers of 2 for evacuation
[1.261s][info][gc,phases   ] GC(3)   Pre Evacuate Collection Set: 0.13ms
[1.261s][info][gc,phases   ] GC(3)   Merge Heap Roots: 0.03ms
[1.261s][info][gc,phases   ] GC(3)   Evacuate Collection Set: 6.92ms
[1.261s][info][gc,phases   ] GC(3)   Post Evacuate Collection Set: 1.28ms
[1.261s][info][gc,phases   ] GC(3)   Other: 0.08ms
[1.261s][info][gc,heap     ] GC(3) Eden regions: 19->0(26)
[1.261s][info][gc,heap     ] GC(3) Survivor regions: 3->3(3)
[1.261s][info][gc,heap     ] GC(3) Old regions: 6->8
[1.261s][info][gc,heap     ] GC(3) Humongous regions: 0->0
[1.261s][info][gc,metaspace] GC(3) Metaspace: 19680K(19776K)->19680K(19776K) NonClass: 17814K(17856K)->17814K(17856K) Class: 1865K(1920K)->1865K(1920K)
[1.261s][info][gc          ] GC(3) Pause Young (Normal) (G1 Evacuation Pause) 26M->9M(258M) 8.594ms
[1.261s][info][gc,cpu      ] GC(3) User=0.01s Sys=0.01s Real=0.01s
[1.655s][info][metaspace   ] ChkMgr @0x00007f880815e580 (non-class-space): failed to commit 91 words on chunk @0x00007f88087e6b88, f, base 0x00007f8789370000, level lv10.
[1.655s][info][metaspace   ] Arena @0x00007f880826b530 (non-class arena): failed to allocate new chunk for requested word size 91.
[1.655s][info][metaspace   ] Arena @0x00007f880826b530 (non-class arena): allocation failed, returned null.
[1.655s][info][metaspace   ] ChkMgr @0x00007f880815e580 (non-class-space): failed to commit 91 words on chunk @0x00007f88087e6b88, f, base 0x00007f8789370000, level lv10.
[1.655s][info][metaspace   ] Arena @0x00007f880826b530 (non-class arena): failed to allocate new chunk for requested word size 91.
[1.655s][info][metaspace   ] Arena @0x00007f880826b530 (non-class arena): allocation failed, returned null.
[1.655s][info][metaspace   ] ChkMgr @0x00007f880815e580 (non-class-space): failed to commit 91 words on chunk @0x00007f88087e6b88, f, base 0x00007f8789370000, level lv10.
[1.655s][info][metaspace   ] Arena @0x00007f880826b530 (non-class arena): failed to allocate new chunk for requested word size 91.
[1.655s][info][metaspace   ] Arena @0x00007f880826b530 (non-class arena): allocation failed, returned null.
[1.655s][info][gc,start    ] GC(4) Pause Young (Concurrent Start) (Metadata GC Threshold)
[1.655s][info][gc,task     ] GC(4) Using 2 workers of 2 for evacuation
[1.663s][info][gc,phases   ] GC(4)   Pre Evacuate Collection Set: 0.12ms
[1.663s][info][gc,phases   ] GC(4)   Merge Heap Roots: 0.04ms
[1.663s][info][gc,phases   ] GC(4)   Evacuate Collection Set: 6.22ms
[1.663s][info][gc,phases   ] GC(4)   Post Evacuate Collection Set: 1.42ms
[1.663s][info][gc,phases   ] GC(4)   Other: 0.09ms
[1.663s][info][gc,heap     ] GC(4) Eden regions: 20->0(36)
[1.663s][info][gc,heap     ] GC(4) Survivor regions: 3->2(4)
[1.663s][info][gc,heap     ] GC(4) Old regions: 8->10
[1.663s][info][gc,heap     ] GC(4) Humongous regions: 0->0
[1.663s][info][gc,metaspace] GC(4) Metaspace: 21423K(21504K)->21423K(21504K) NonClass: 19418K(19456K)->19418K(19456K) Class: 2005K(2048K)->2005K(2048K)
[1.663s][info][gc          ] GC(4) Pause Young (Concurrent Start) (Metadata GC Threshold) 29M->10M(258M) 8.011ms
[1.663s][info][gc,cpu      ] GC(4) User=0.01s Sys=0.00s Real=0.01s
[1.663s][info][metaspace   ] CLMS @0x00007f880826b500 : GC threshold increased: 22020096->22347776.
[1.667s][info][gc          ] GC(5) Concurrent Mark Cycle
[1.667s][info][gc,marking  ] GC(5) Concurrent Scan Root Regions
[1.674s][info][gc,marking  ] GC(5) Concurrent Scan Root Regions 6.411ms
[1.674s][info][gc,marking  ] GC(5) Concurrent Mark
[1.674s][info][gc,marking  ] GC(5) Concurrent Mark From Roots
[1.674s][info][gc,task     ] GC(5) Using 1 workers of 1 for marking
[1.695s][info][gc,marking  ] GC(5) Concurrent Mark From Roots 21.582ms
[1.695s][info][gc,marking  ] GC(5) Concurrent Preclean
[1.695s][info][gc,marking  ] GC(5) Concurrent Preclean 0.042ms
[1.696s][info][gc,start    ] GC(5) Pause Remark
[1.700s][info][gc          ] GC(5) Pause Remark 12M->12M(256M) 3.904ms
[1.700s][info][gc,cpu      ] GC(5) User=0.01s Sys=0.00s Real=0.00s
[1.701s][info][gc,marking  ] GC(5) Concurrent Mark 27.087ms
[1.701s][info][gc,marking  ] GC(5) Concurrent Rebuild Remembered Sets and Scrub Regions
[1.711s][info][gc,marking  ] GC(5) Concurrent Rebuild Remembered Sets and Scrub Regions 10.530ms
[1.712s][info][gc,start    ] GC(5) Pause Cleanup
[1.712s][info][gc          ] GC(5) Pause Cleanup 12M->12M(256M) 0.044ms
[1.712s][info][gc,cpu      ] GC(5) User=0.00s Sys=0.00s Real=0.00s
[1.713s][info][gc,marking  ] GC(5) Concurrent Clear Claimed Marks
[1.713s][info][gc,marking  ] GC(5) Concurrent Clear Claimed Marks 0.027ms
[1.713s][info][gc,marking  ] GC(5) Concurrent Cleanup for Next Mark
[1.721s][info][gc,marking  ] GC(5) Concurrent Cleanup for Next Mark 7.384ms
[1.721s][info][gc          ] GC(5) Concurrent Mark Cycle 53.465ms
[2.221s][info][gc,start    ] GC(6) Pause Young (Prepare Mixed) (G1 Evacuation Pause)
[2.221s][info][gc,task     ] GC(6) Using 2 workers of 2 for evacuation
[2.226s][info][gc,phases   ] GC(6)   Pre Evacuate Collection Set: 0.19ms
[2.226s][info][gc,phases   ] GC(6)   Merge Heap Roots: 0.06ms
[2.226s][info][gc,phases   ] GC(6)   Evacuate Collection Set: 4.51ms
[2.226s][info][gc,phases   ] GC(6)   Post Evacuate Collection Set: 0.29ms
[2.226s][info][gc,phases   ] GC(6)   Other: 0.08ms
[2.226s][info][gc,heap     ] GC(6) Eden regions: 36->0(49)
[2.226s][info][gc,heap     ] GC(6) Survivor regions: 2->1(5)
[2.226s][info][gc,heap     ] GC(6) Old regions: 10->10
[2.226s][info][gc,heap     ] GC(6) Humongous regions: 0->0
[2.226s][info][gc,metaspace] GC(6) Metaspace: 22174K(22272K)->22174K(22272K) NonClass: 20156K(20224K)->20156K(20224K) Class: 2017K(2048K)->2017K(2048K)
[2.226s][info][gc          ] GC(6) Pause Young (Prepare Mixed) (G1 Evacuation Pause) 46M->9M(256M) 5.275ms
[2.226s][info][gc,cpu      ] GC(6) User=0.00s Sys=0.00s Real=0.00s
[2.707s][info][gc,start    ] GC(7) Pause Young (Mixed) (G1 Evacuation Pause)
[2.707s][info][gc,task     ] GC(7) Using 2 workers of 2 for evacuation
[2.718s][info][gc,phases   ] GC(7)   Pre Evacuate Collection Set: 0.14ms
[2.718s][info][gc,phases   ] GC(7)   Merge Heap Roots: 0.04ms
[2.718s][info][gc,phases   ] GC(7)   Evacuate Collection Set: 5.76ms
[2.718s][info][gc,phases   ] GC(7)   Post Evacuate Collection Set: 5.69ms
[2.718s][info][gc,phases   ] GC(7)   Other: 0.09ms
[2.718s][info][gc,heap     ] GC(7) Eden regions: 49->0(43)
[2.718s][info][gc,heap     ] GC(7) Survivor regions: 1->7(7)
[2.718s][info][gc,heap     ] GC(7) Old regions: 10->10
[2.719s][info][gc,heap     ] GC(7) Humongous regions: 0->0
[2.719s][info][gc,metaspace] GC(7) Metaspace: 23298K(23424K)->23298K(23424K) NonClass: 21213K(21312K)->21213K(21312K) Class: 2085K(2112K)->2085K(2112K)
[2.719s][info][gc          ] GC(7) Pause Young (Mixed) (G1 Evacuation Pause) 58M->15M(256M) 11.920ms
[2.719s][info][gc,cpu      ] GC(7) User=0.02s Sys=0.00s Real=0.01s
[2.961s][info][gc,start    ] GC(8) Pause Young (Normal) (G1 Evacuation Pause)
[2.961s][info][gc,task     ] GC(8) Using 2 workers of 2 for evacuation
[2.966s][info][gc,phases   ] GC(8)   Pre Evacuate Collection Set: 0.13ms
[2.966s][info][gc,phases   ] GC(8)   Merge Heap Roots: 0.04ms
[2.966s][info][gc,phases   ] GC(8)   Evacuate Collection Set: 4.91ms
[2.966s][info][gc,phases   ] GC(8)   Post Evacuate Collection Set: 0.29ms
[2.966s][info][gc,phases   ] GC(8)   Other: 0.09ms
[2.966s][info][gc,heap     ] GC(8) Eden regions: 44->0(80)
[2.966s][info][gc,heap     ] GC(8) Survivor regions: 7->4(7)
[2.966s][info][gc,heap     ] GC(8) Old regions: 10->11
[2.966s][info][gc,heap     ] GC(8) Humongous regions: 0->0
[2.966s][info][gc,metaspace] GC(8) Metaspace: 23388K(23552K)->23388K(23552K) NonClass: 21302K(21440K)->21302K(21440K) Class: 2085K(2112K)->2085K(2112K)
[2.966s][info][gc          ] GC(8) Pause Young (Normal) (G1 Evacuation Pause) 59M->13M(256M) 5.657ms
[2.966s][info][gc,cpu      ] GC(8) User=0.01s Sys=0.00s Real=0.00s
[3.618s][info][gc,start    ] GC(9) Pause Young (Normal) (G1 Evacuation Pause)
[3.618s][info][gc,task     ] GC(9) Using 2 workers of 2 for evacuation
[3.623s][info][gc,phases   ] GC(9)   Pre Evacuate Collection Set: 0.13ms
[3.623s][info][gc,phases   ] GC(9)   Merge Heap Roots: 0.04ms
[3.623s][info][gc,phases   ] GC(9)   Evacuate Collection Set: 1.62ms
[3.623s][info][gc,phases   ] GC(9)   Post Evacuate Collection Set: 2.93ms
[3.623s][info][gc,phases   ] GC(9)   Other: 0.11ms
[3.623s][info][gc,heap     ] GC(9) Eden regions: 82->0(86)
[3.623s][info][gc,heap     ] GC(9) Survivor regions: 4->4(11)
[3.623s][info][gc,heap     ] GC(9) Old regions: 11->11
[3.623s][info][gc,heap     ] GC(9) Humongous regions: 0->0
[3.623s][info][gc,metaspace] GC(9) Metaspace: 23981K(24192K)->23981K(24192K) NonClass: 21883K(22016K)->21883K(22016K) Class: 2097K(2176K)->2097K(2176K)
[3.623s][info][gc          ] GC(9) Pause Young (Normal) (G1 Evacuation Pause) 95M->13M(256M) 4.974ms
[3.623s][info][gc,cpu      ] GC(9) User=0.01s Sys=0.01s Real=0.01s
[4.178s][info][gc,start    ] GC(10) Pause Young (Normal) (G1 Evacuation Pause)
[4.178s][info][gc,task     ] GC(10) Using 2 workers of 2 for evacuation
[4.185s][info][gc,phases   ] GC(10)   Pre Evacuate Collection Set: 0.13ms
[4.185s][info][gc,phases   ] GC(10)   Merge Heap Roots: 0.04ms
[4.185s][info][gc,phases   ] GC(10)   Evacuate Collection Set: 6.04ms
[4.185s][info][gc,phases   ] GC(10)   Post Evacuate Collection Set: 0.32ms
[4.185s][info][gc,phases   ] GC(10)   Other: 0.10ms
[4.185s][info][gc,heap     ] GC(10) Eden regions: 87->0(113)
[4.185s][info][gc,heap     ] GC(10) Survivor regions: 4->4(12)
[4.185s][info][gc,heap     ] GC(10) Old regions: 11->11
[4.185s][info][gc,heap     ] GC(10) Humongous regions: 0->0
[4.185s][info][gc,metaspace] GC(10) Metaspace: 24634K(24768K)->24634K(24768K) NonClass: 22510K(22592K)->22510K(22592K) Class: 2124K(2176K)->2124K(2176K)
[4.185s][info][gc          ] GC(10) Pause Young (Normal) (G1 Evacuation Pause) 100M->13M(256M) 6.772ms
[4.185s][info][gc,cpu      ] GC(10) User=0.01s Sys=0.00s Real=0.01s
[4.916s][info][gc,start    ] GC(11) Pause Young (Normal) (G1 Evacuation Pause)
[4.916s][info][gc,task     ] GC(11) Using 2 workers of 2 for evacuation
[4.929s][info][gc,phases   ] GC(11)   Pre Evacuate Collection Set: 0.99ms
[4.929s][info][gc,phases   ] GC(11)   Merge Heap Roots: 0.07ms
[4.929s][info][gc,phases   ] GC(11)   Evacuate Collection Set: 4.17ms
[4.929s][info][gc,phases   ] GC(11)   Post Evacuate Collection Set: 7.12ms
[4.929s][info][gc,phases   ] GC(11)   Other: 0.09ms
[4.929s][info][gc,heap     ] GC(11) Eden regions: 114->0(135)
[4.929s][info][gc,heap     ] GC(11) Survivor regions: 4->6(15)
[4.929s][info][gc,heap     ] GC(11) Old regions: 11->11
[4.929s][info][gc,heap     ] GC(11) Humongous regions: 0->0
[4.929s][info][gc,metaspace] GC(11) Metaspace: 25111K(25280K)->25111K(25280K) NonClass: 22984K(23104K)->22984K(23104K) Class: 2127K(2176K)->2127K(2176K)
[4.929s][info][gc          ] GC(11) Pause Young (Normal) (G1 Evacuation Pause) 127M->16M(256M) 12.609ms
[4.929s][info][gc,cpu      ] GC(11) User=0.02s Sys=0.00s Real=0.01s
[5.527s][info][gc,start    ] GC(12) Pause Young (Normal) (G1 Evacuation Pause)
[5.527s][info][gc,task     ] GC(12) Using 2 workers of 2 for evacuation
[5.533s][info][gc,phases   ] GC(12)   Pre Evacuate Collection Set: 0.17ms
[5.533s][info][gc,phases   ] GC(12)   Merge Heap Roots: 0.04ms
[5.533s][info][gc,phases   ] GC(12)   Evacuate Collection Set: 1.96ms
[5.533s][info][gc,phases   ] GC(12)   Post Evacuate Collection Set: 3.58ms
[5.533s][info][gc,phases   ] GC(12)   Other: 0.09ms
[5.533s][info][gc,heap     ] GC(12) Eden regions: 134->0(149)
[5.533s][info][gc,heap     ] GC(12) Survivor regions: 6->4(18)
[5.533s][info][gc,heap     ] GC(12) Old regions: 11->11
[5.533s][info][gc,heap     ] GC(12) Humongous regions: 0->0
[5.533s][info][gc,metaspace] GC(12) Metaspace: 25384K(25536K)->25384K(25536K) NonClass: 23256K(23360K)->23256K(23360K) Class: 2128K(2176K)->2128K(2176K)
[5.533s][info][gc          ] GC(12) Pause Young (Normal) (G1 Evacuation Pause) 150M->13M(256M) 6.026ms
[5.533s][info][gc,cpu      ] GC(12) User=0.01s Sys=0.01s Real=0.01s
[6.212s][info][gc,start    ] GC(13) Pause Young (Normal) (G1 Evacuation Pause)
[6.212s][info][gc,task     ] GC(13) Using 2 workers of 2 for evacuation
[6.218s][info][gc,phases   ] GC(13)   Pre Evacuate Collection Set: 0.14ms
[6.218s][info][gc,phases   ] GC(13)   Merge Heap Roots: 0.05ms
[6.218s][info][gc,phases   ] GC(13)   Evacuate Collection Set: 3.14ms
[6.218s][info][gc,phases   ] GC(13)   Post Evacuate Collection Set: 2.65ms
[6.218s][info][gc,phases   ] GC(13)   Other: 0.09ms
[6.219s][info][gc,heap     ] GC(13) Eden regions: 149->0(150)
[6.219s][info][gc,heap     ] GC(13) Survivor regions: 4->3(20)
[6.219s][info][gc,heap     ] GC(13) Old regions: 11->11
[6.219s][info][gc,heap     ] GC(13) Humongous regions: 0->0
[6.219s][info][gc,metaspace] GC(13) Metaspace: 25613K(25728K)->25613K(25728K) NonClass: 23485K(23552K)->23485K(23552K) Class: 2128K(2176K)->2128K(2176K)
[6.219s][info][gc          ] GC(13) Pause Young (Normal) (G1 Evacuation Pause) 162M->13M(256M) 6.230ms
[6.219s][info][gc,cpu      ] GC(13) User=0.01s Sys=0.00s Real=0.00s
[6.790s][info][gc,start    ] GC(14) Pause Young (Normal) (G1 Evacuation Pause)
[6.790s][info][gc,task     ] GC(14) Using 2 workers of 2 for evacuation
[6.800s][info][gc,phases   ] GC(14)   Pre Evacuate Collection Set: 0.14ms
[6.800s][info][gc,phases   ] GC(14)   Merge Heap Roots: 0.06ms
[6.800s][info][gc,phases   ] GC(14)   Evacuate Collection Set: 3.35ms
[6.800s][info][gc,phases   ] GC(14)   Post Evacuate Collection Set: 6.27ms
[6.800s][info][gc,phases   ] GC(14)   Other: 0.07ms
[6.800s][info][gc,heap     ] GC(14) Eden regions: 150->0(147)
[6.800s][info][gc,heap     ] GC(14) Survivor regions: 3->6(20)
[6.800s][info][gc,heap     ] GC(14) Old regions: 11->11
[6.800s][info][gc,heap     ] GC(14) Humongous regions: 0->0
[6.800s][info][gc,metaspace] GC(14) Metaspace: 25896K(26048K)->25896K(26048K) NonClass: 23767K(23872K)->23767K(23872K) Class: 2128K(2176K)->2128K(2176K)
[6.800s][info][gc          ] GC(14) Pause Young (Normal) (G1 Evacuation Pause) 163M->16M(256M) 10.076ms
[6.800s][info][gc,cpu      ] GC(14) User=0.02s Sys=0.00s Real=0.01s
[7.368s][info][gc,start    ] GC(15) Pause Young (Normal) (G1 Evacuation Pause)
[7.368s][info][gc,task     ] GC(15) Using 2 workers of 2 for evacuation
[7.376s][info][gc,phases   ] GC(15)   Pre Evacuate Collection Set: 0.12ms
[7.376s][info][gc,phases   ] GC(15)   Merge Heap Roots: 0.08ms
[7.376s][info][gc,phases   ] GC(15)   Evacuate Collection Set: 4.99ms
[7.376s][info][gc,phases   ] GC(15)   Post Evacuate Collection Set: 2.34ms
[7.376s][info][gc,phases   ] GC(15)   Other: 0.07ms
[7.376s][info][gc,heap     ] GC(15) Eden regions: 147->0(148)
[7.376s][info][gc,heap     ] GC(15) Survivor regions: 6->5(20)
[7.376s][info][gc,heap     ] GC(15) Old regions: 11->11
[7.376s][info][gc,heap     ] GC(15) Humongous regions: 0->0
[7.376s][info][gc,metaspace] GC(15) Metaspace: 26008K(26176K)->26008K(26176K) NonClass: 23879K(24000K)->23879K(24000K) Class: 2128K(2176K)->2128K(2176K)
[7.376s][info][gc          ] GC(15) Pause Young (Normal) (G1 Evacuation Pause) 163M->14M(256M) 7.800ms
[7.376s][info][gc,cpu      ] GC(15) User=0.02s Sys=0.00s Real=0.01s
[8.039s][info][gc,start    ] GC(16) Pause Young (Normal) (G1 Evacuation Pause)
[8.039s][info][gc,task     ] GC(16) Using 2 workers of 2 for evacuation
[8.051s][info][gc,phases   ] GC(16)   Pre Evacuate Collection Set: 0.20ms
[8.051s][info][gc,phases   ] GC(16)   Merge Heap Roots: 0.11ms
[8.051s][info][gc,phases   ] GC(16)   Evacuate Collection Set: 4.98ms
[8.051s][info][gc,phases   ] GC(16)   Post Evacuate Collection Set: 6.56ms
[8.051s][info][gc,phases   ] GC(16)   Other: 0.09ms
[8.051s][info][gc,heap     ] GC(16) Eden regions: 148->0(142)
[8.051s][info][gc,heap     ] GC(16) Survivor regions: 5->11(20)
[8.051s][info][gc,heap     ] GC(16) Old regions: 11->11
[8.051s][info][gc,heap     ] GC(16) Humongous regions: 0->0
[8.051s][info][gc,metaspace] GC(16) Metaspace: 26194K(26304K)->26194K(26304K) NonClass: 24066K(24128K)->24066K(24128K) Class: 2128K(2176K)->2128K(2176K)
[8.051s][info][gc          ] GC(16) Pause Young (Normal) (G1 Evacuation Pause) 162M->20M(256M) 12.120ms
[8.051s][info][gc,cpu      ] GC(16) User=0.02s Sys=0.01s Real=0.02s
[8.589s][info][gc,start    ] GC(17) Pause Young (Normal) (G1 Evacuation Pause)
[8.589s][info][gc,task     ] GC(17) Using 2 workers of 2 for evacuation
[8.594s][info][gc,phases   ] GC(17)   Pre Evacuate Collection Set: 0.13ms
[8.594s][info][gc,phases   ] GC(17)   Merge Heap Roots: 0.04ms
[8.594s][info][gc,phases   ] GC(17)   Evacuate Collection Set: 2.96ms
[8.594s][info][gc,phases   ] GC(17)   Post Evacuate Collection Set: 2.25ms
[8.594s][info][gc,phases   ] GC(17)   Other: 0.06ms
[8.594s][info][gc,heap     ] GC(17) Eden regions: 142->0(148)
[8.594s][info][gc,heap     ] GC(17) Survivor regions: 11->5(20)
[8.594s][info][gc,heap     ] GC(17) Old regions: 11->11
[8.594s][info][gc,heap     ] GC(17) Humongous regions: 0->0
[8.594s][info][gc,metaspace] GC(17) Metaspace: 26334K(26496K)->26334K(26496K) NonClass: 24206K(24320K)->24206K(24320K) Class: 2128K(2176K)->2128K(2176K)
[8.594s][info][gc          ] GC(17) Pause Young (Normal) (G1 Evacuation Pause) 162M->14M(256M) 5.592ms
[8.594s][info][gc,cpu      ] GC(17) User=0.02s Sys=0.00s Real=0.01s
[9.151s][info][gc,start    ] GC(18) Pause Young (Normal) (G1 Evacuation Pause)
[9.151s][info][gc,task     ] GC(18) Using 2 workers of 2 for evacuation
[9.157s][info][gc,phases   ] GC(18)   Pre Evacuate Collection Set: 0.14ms
[9.157s][info][gc,phases   ] GC(18)   Merge Heap Roots: 0.05ms
[9.157s][info][gc,phases   ] GC(18)   Evacuate Collection Set: 2.54ms
[9.157s][info][gc,phases   ] GC(18)   Post Evacuate Collection Set: 2.56ms
[9.157s][info][gc,phases   ] GC(18)   Other: 0.11ms
[9.157s][info][gc,heap     ] GC(18) Eden regions: 148->0(150)
[9.157s][info][gc,heap     ] GC(18) Survivor regions: 5->3(20)
[9.157s][info][gc,heap     ] GC(18) Old regions: 11->11
[9.157s][info][gc,heap     ] GC(18) Humongous regions: 0->0
[9.157s][info][gc,metaspace] GC(18) Metaspace: 26443K(26560K)->26443K(26560K) NonClass: 24314K(24384K)->24314K(24384K) Class: 2128K(2176K)->2128K(2176K)
[9.157s][info][gc          ] GC(18) Pause Young (Normal) (G1 Evacuation Pause) 162M->13M(256M) 5.565ms
[9.157s][info][gc,cpu      ] GC(18) User=0.01s Sys=0.00s Real=0.00s
[9.663s][info][gc,start    ] GC(19) Pause Young (Normal) (G1 Evacuation Pause)
[9.663s][info][gc,task     ] GC(19) Using 2 workers of 2 for evacuation
[9.673s][info][gc,phases   ] GC(19)   Pre Evacuate Collection Set: 0.14ms
[9.673s][info][gc,phases   ] GC(19)   Merge Heap Roots: 0.09ms
[9.673s][info][gc,phases   ] GC(19)   Evacuate Collection Set: 2.20ms
[9.673s][info][gc,phases   ] GC(19)   Post Evacuate Collection Set: 7.57ms
[9.673s][info][gc,phases   ] GC(19)   Other: 0.10ms
[9.673s][info][gc,heap     ] GC(19) Eden regions: 150->0(146)
[9.673s][info][gc,heap     ] GC(19) Survivor regions: 3->7(20)
[9.673s][info][gc,heap     ] GC(19) Old regions: 11->11
[9.673s][info][gc,heap     ] GC(19) Humongous regions: 0->0
[9.673s][info][gc,metaspace] GC(19) Metaspace: 26501K(26624K)->26501K(26624K) NonClass: 24372K(24448K)->24372K(24448K) Class: 2129K(2176K)->2129K(2176K)
[9.673s][info][gc          ] GC(19) Pause Young (Normal) (G1 Evacuation Pause) 163M->16M(256M) 10.321ms
[9.673s][info][gc,cpu      ] GC(19) User=0.02s Sys=0.00s Real=0.01s
[10.231s][info][gc,start    ] GC(20) Pause Young (Normal) (G1 Evacuation Pause)
[10.231s][info][gc,task     ] GC(20) Using 2 workers of 2 for evacuation
[10.235s][info][gc,phases   ] GC(20)   Pre Evacuate Collection Set: 0.15ms
[10.235s][info][gc,phases   ] GC(20)   Merge Heap Roots: 0.07ms
[10.235s][info][gc,phases   ] GC(20)   Evacuate Collection Set: 2.25ms
[10.235s][info][gc,phases   ] GC(20)   Post Evacuate Collection Set: 1.08ms
[10.235s][info][gc,phases   ] GC(20)   Other: 0.10ms
[10.235s][info][gc,heap     ] GC(20) Eden regions: 146->0(150)
[10.235s][info][gc,heap     ] GC(20) Survivor regions: 7->3(20)
[10.235s][info][gc,heap     ] GC(20) Old regions: 11->11
[10.235s][info][gc,heap     ] GC(20) Humongous regions: 0->0
[10.235s][info][gc,metaspace] GC(20) Metaspace: 26617K(26752K)->26617K(26752K) NonClass: 24487K(24576K)->24487K(24576K) Class: 2129K(2176K)->2129K(2176K)
[10.235s][info][gc          ] GC(20) Pause Young (Normal) (G1 Evacuation Pause) 162M->12M(256M) 3.808ms
[10.235s][info][gc,cpu      ] GC(20) User=0.01s Sys=0.00s Real=0.00s
[10.728s][info][gc,start    ] GC(21) Pause Young (Normal) (G1 Evacuation Pause)
[10.728s][info][gc,task     ] GC(21) Using 2 workers of 2 for evacuation
[10.738s][info][gc,phases   ] GC(21)   Pre Evacuate Collection Set: 0.17ms
[10.738s][info][gc,phases   ] GC(21)   Merge Heap Roots: 0.05ms
[10.738s][info][gc,phases   ] GC(21)   Evacuate Collection Set: 4.22ms
[10.738s][info][gc,phases   ] GC(21)   Post Evacuate Collection Set: 4.92ms
[10.738s][info][gc,phases   ] GC(21)   Other: 0.08ms
[10.738s][info][gc,heap     ] GC(21) Eden regions: 150->0(146)
[10.738s][info][gc,heap     ] GC(21) Survivor regions: 3->7(20)
[10.738s][info][gc,heap     ] GC(21) Old regions: 11->11
[10.738s][info][gc,heap     ] GC(21) Humongous regions: 0->0
[10.738s][info][gc,metaspace] GC(21) Metaspace: 26747K(26880K)->26747K(26880K) NonClass: 24617K(24704K)->24617K(24704K) Class: 2129K(2176K)->2129K(2176K)
[10.738s][info][gc          ] GC(21) Pause Young (Normal) (G1 Evacuation Pause) 162M->16M(256M) 9.602ms
[10.738s][info][gc,cpu      ] GC(21) User=0.02s Sys=0.00s Real=0.01s
[11.238s][info][gc,start    ] GC(22) Pause Young (Normal) (G1 Evacuation Pause)
[11.239s][info][gc,task     ] GC(22) Using 2 workers of 2 for evacuation
[11.244s][info][gc,phases   ] GC(22)   Pre Evacuate Collection Set: 0.13ms
[11.244s][info][gc,phases   ] GC(22)   Merge Heap Roots: 0.05ms
[11.244s][info][gc,phases   ] GC(22)   Evacuate Collection Set: 2.61ms
[11.244s][info][gc,phases   ] GC(22)   Post Evacuate Collection Set: 2.20ms
[11.244s][info][gc,phases   ] GC(22)   Other: 0.09ms
[11.244s][info][gc,heap     ] GC(22) Eden regions: 146->0(149)
[11.244s][info][gc,heap     ] GC(22) Survivor regions: 7->4(20)
[11.244s][info][gc,heap     ] GC(22) Old regions: 11->11
[11.244s][info][gc,heap     ] GC(22) Humongous regions: 0->0
[11.244s][info][gc,metaspace] GC(22) Metaspace: 26807K(26944K)->26807K(26944K) NonClass: 24677K(24768K)->24677K(24768K) Class: 2129K(2176K)->2129K(2176K)
[11.244s][info][gc          ] GC(22) Pause Young (Normal) (G1 Evacuation Pause) 162M->14M(256M) 5.244ms
[11.244s][info][gc,cpu      ] GC(22) User=0.01s Sys=0.00s Real=0.01s
[11.775s][info][gc,start    ] GC(23) Pause Young (Normal) (G1 Evacuation Pause)
[11.775s][info][gc,task     ] GC(23) Using 2 workers of 2 for evacuation
[11.785s][info][gc,phases   ] GC(23)   Pre Evacuate Collection Set: 0.13ms
[11.785s][info][gc,phases   ] GC(23)   Merge Heap Roots: 0.07ms
[11.785s][info][gc,phases   ] GC(23)   Evacuate Collection Set: 4.68ms
[11.785s][info][gc,phases   ] GC(23)   Post Evacuate Collection Set: 4.80ms
[11.785s][info][gc,phases   ] GC(23)   Other: 0.12ms
[11.785s][info][gc,heap     ] GC(23) Eden regions: 149->0(143)
[11.785s][info][gc,heap     ] GC(23) Survivor regions: 4->10(20)
[11.785s][info][gc,heap     ] GC(23) Old regions: 11->11
[11.785s][info][gc,heap     ] GC(23) Humongous regions: 0->0
[11.785s][info][gc,metaspace] GC(23) Metaspace: 26869K(27008K)->26869K(27008K) NonClass: 24739K(24832K)->24739K(24832K) Class: 2130K(2176K)->2130K(2176K)
[11.785s][info][gc          ] GC(23) Pause Young (Normal) (G1 Evacuation Pause) 163M->20M(256M) 9.966ms
[11.785s][info][gc,cpu      ] GC(23) User=0.02s Sys=0.00s Real=0.01s
[12.210s][info][gc,start    ] GC(24) Pause Young (Normal) (G1 Evacuation Pause)
[12.210s][info][gc,task     ] GC(24) Using 2 workers of 2 for evacuation
[12.214s][info][gc,phases   ] GC(24)   Pre Evacuate Collection Set: 0.16ms
[12.214s][info][gc,phases   ] GC(24)   Merge Heap Roots: 0.06ms
[12.214s][info][gc,phases   ] GC(24)   Evacuate Collection Set: 2.00ms
[12.214s][info][gc,phases   ] GC(24)   Post Evacuate Collection Set: 2.35ms
[12.215s][info][gc,phases   ] GC(24)   Other: 0.07ms
[12.215s][info][gc,heap     ] GC(24) Eden regions: 143->0(150)
[12.215s][info][gc,heap     ] GC(24) Survivor regions: 10->3(20)
[12.215s][info][gc,heap     ] GC(24) Old regions: 11->11
[12.215s][info][gc,heap     ] GC(24) Humongous regions: 0->0
[12.215s][info][gc,metaspace] GC(24) Metaspace: 26943K(27072K)->26943K(27072K) NonClass: 24812K(24896K)->24812K(24896K) Class: 2130K(2176K)->2130K(2176K)
[12.215s][info][gc          ] GC(24) Pause Young (Normal) (G1 Evacuation Pause) 163M->13M(256M) 4.811ms
[12.215s][info][gc,cpu      ] GC(24) User=0.01s Sys=0.00s Real=0.01s
[12.674s][info][gc,start    ] GC(25) Pause Young (Normal) (G1 Evacuation Pause)
[12.675s][info][gc,task     ] GC(25) Using 2 workers of 2 for evacuation
[12.679s][info][gc,phases   ] GC(25)   Pre Evacuate Collection Set: 0.17ms
[12.679s][info][gc,phases   ] GC(25)   Merge Heap Roots: 0.06ms
[12.679s][info][gc,phases   ] GC(25)   Evacuate Collection Set: 1.80ms
[12.679s][info][gc,phases   ] GC(25)   Post Evacuate Collection Set: 2.48ms
[12.679s][info][gc,phases   ] GC(25)   Other: 0.10ms
[12.679s][info][gc,heap     ] GC(25) Eden regions: 150->0(150)
[12.679s][info][gc,heap     ] GC(25) Survivor regions: 3->3(20)
[12.679s][info][gc,heap     ] GC(25) Old regions: 11->11
[12.679s][info][gc,heap     ] GC(25) Humongous regions: 0->0
[12.679s][info][gc,metaspace] GC(25) Metaspace: 27008K(27136K)->27008K(27136K) NonClass: 24878K(24960K)->24878K(24960K) Class: 2130K(2176K)->2130K(2176K)
[12.679s][info][gc          ] GC(25) Pause Young (Normal) (G1 Evacuation Pause) 163M->13M(256M) 4.809ms
[12.679s][info][gc,cpu      ] GC(25) User=0.01s Sys=0.00s Real=0.00s
[13.073s][info][gc,start    ] GC(26) Pause Young (Normal) (G1 Evacuation Pause)
[13.073s][info][gc,task     ] GC(26) Using 2 workers of 2 for evacuation
[13.081s][info][gc,phases   ] GC(26)   Pre Evacuate Collection Set: 0.15ms
[13.081s][info][gc,phases   ] GC(26)   Merge Heap Roots: 0.04ms
[13.081s][info][gc,phases   ] GC(26)   Evacuate Collection Set: 2.49ms
[13.081s][info][gc,phases   ] GC(26)   Post Evacuate Collection Set: 4.41ms
[13.081s][info][gc,phases   ] GC(26)   Other: 0.10ms
[13.081s][info][gc,heap     ] GC(26) Eden regions: 150->0(146)
[13.081s][info][gc,heap     ] GC(26) Survivor regions: 3->7(20)
[13.081s][info][gc,heap     ] GC(26) Old regions: 11->11
[13.081s][info][gc,heap     ] GC(26) Humongous regions: 0->0
[13.081s][info][gc,metaspace] GC(26) Metaspace: 27043K(27200K)->27043K(27200K) NonClass: 24912K(25024K)->24912K(25024K) Class: 2130K(2176K)->2130K(2176K)
[13.081s][info][gc          ] GC(26) Pause Young (Normal) (G1 Evacuation Pause) 163M->17M(256M) 7.365ms
[13.081s][info][gc,cpu      ] GC(26) User=0.02s Sys=0.00s Real=0.01s
[13.502s][info][gc,start    ] GC(27) Pause Young (Normal) (G1 Evacuation Pause)
[13.502s][info][gc,task     ] GC(27) Using 2 workers of 2 for evacuation
[13.506s][info][gc,phases   ] GC(27)   Pre Evacuate Collection Set: 0.15ms
[13.506s][info][gc,phases   ] GC(27)   Merge Heap Roots: 0.05ms
[13.506s][info][gc,phases   ] GC(27)   Evacuate Collection Set: 1.96ms
[13.506s][info][gc,phases   ] GC(27)   Post Evacuate Collection Set: 1.92ms
[13.506s][info][gc,phases   ] GC(27)   Other: 0.11ms
[13.506s][info][gc,heap     ] GC(27) Eden regions: 146->0(150)
[13.506s][info][gc,heap     ] GC(27) Survivor regions: 7->3(20)
[13.506s][info][gc,heap     ] GC(27) Old regions: 11->11
[13.506s][info][gc,heap     ] GC(27) Humongous regions: 0->0
[13.506s][info][gc,metaspace] GC(27) Metaspace: 27072K(27200K)->27072K(27200K) NonClass: 24942K(25024K)->24942K(25024K) Class: 2130K(2176K)->2130K(2176K)
[13.506s][info][gc          ] GC(27) Pause Young (Normal) (G1 Evacuation Pause) 163M->13M(256M) 4.363ms
[13.506s][info][gc,cpu      ] GC(27) User=0.01s Sys=0.00s Real=0.00s
[13.910s][info][gc,start    ] GC(28) Pause Young (Normal) (G1 Evacuation Pause)
[13.910s][info][gc,task     ] GC(28) Using 2 workers of 2 for evacuation
[13.915s][info][gc,phases   ] GC(28)   Pre Evacuate Collection Set: 0.14ms
[13.915s][info][gc,phases   ] GC(28)   Merge Heap Roots: 0.05ms
[13.915s][info][gc,phases   ] GC(28)   Evacuate Collection Set: 1.27ms
[13.915s][info][gc,phases   ] GC(28)   Post Evacuate Collection Set: 3.87ms
[13.915s][info][gc,phases   ] GC(28)   Other: 0.09ms
[13.915s][info][gc,heap     ] GC(28) Eden regions: 150->0(148)
[13.915s][info][gc,heap     ] GC(28) Survivor regions: 3->5(20)
[13.915s][info][gc,heap     ] GC(28) Old regions: 11->11
[13.915s][info][gc,heap     ] GC(28) Humongous regions: 0->0
[13.915s][info][gc,metaspace] GC(28) Metaspace: 27106K(27264K)->27106K(27264K) NonClass: 24975K(25088K)->24975K(25088K) Class: 2130K(2176K)->2130K(2176K)
[13.915s][info][gc          ] GC(28) Pause Young (Normal) (G1 Evacuation Pause) 163M->15M(256M) 5.596ms
[13.915s][info][gc,cpu      ] GC(28) User=0.01s Sys=0.00s Real=0.01s
[14.323s][info][gc,start    ] GC(29) Pause Young (Normal) (G1 Evacuation Pause)
[14.323s][info][gc,task     ] GC(29) Using 2 workers of 2 for evacuation
[14.327s][info][gc,phases   ] GC(29)   Pre Evacuate Collection Set: 0.16ms
[14.327s][info][gc,phases   ] GC(29)   Merge Heap Roots: 0.06ms
[14.327s][info][gc,phases   ] GC(29)   Evacuate Collection Set: 1.29ms
[14.327s][info][gc,phases   ] GC(29)   Post Evacuate Collection Set: 2.20ms
[14.327s][info][gc,phases   ] GC(29)   Other: 0.06ms
[14.327s][info][gc,heap     ] GC(29) Eden regions: 148->0(149)
[14.327s][info][gc,heap     ] GC(29) Survivor regions: 5->4(20)
[14.327s][info][gc,heap     ] GC(29) Old regions: 11->11
[14.327s][info][gc,heap     ] GC(29) Humongous regions: 0->0
[14.327s][info][gc,metaspace] GC(29) Metaspace: 27122K(27264K)->27122K(27264K) NonClass: 24991K(25088K)->24991K(25088K) Class: 2130K(2176K)->2130K(2176K)
[14.327s][info][gc          ] GC(29) Pause Young (Normal) (G1 Evacuation Pause) 163M->14M(256M) 3.946ms
[14.327s][info][gc,cpu      ] GC(29) User=0.00s Sys=0.00s Real=0.00s
[14.773s][info][gc,start    ] GC(30) Pause Young (Normal) (G1 Evacuation Pause)
[14.773s][info][gc,task     ] GC(30) Using 2 workers of 2 for evacuation
[14.783s][info][gc,phases   ] GC(30)   Pre Evacuate Collection Set: 0.15ms
[14.783s][info][gc,phases   ] GC(30)   Merge Heap Roots: 0.05ms
[14.783s][info][gc,phases   ] GC(30)   Evacuate Collection Set: 4.02ms
[14.783s][info][gc,phases   ] GC(30)   Post Evacuate Collection Set: 6.25ms
[14.783s][info][gc,phases   ] GC(30)   Other: 0.08ms
[14.783s][info][gc,heap     ] GC(30) Eden regions: 149->0(144)
[14.783s][info][gc,heap     ] GC(30) Survivor regions: 4->9(20)
[14.783s][info][gc,heap     ] GC(30) Old regions: 11->11
[14.783s][info][gc,heap     ] GC(30) Humongous regions: 0->0
[14.783s][info][gc,metaspace] GC(30) Metaspace: 27207K(27328K)->27207K(27328K) NonClass: 25076K(25152K)->25076K(25152K) Class: 2131K(2176K)->2131K(2176K)
[14.784s][info][gc          ] GC(30) Pause Young (Normal) (G1 Evacuation Pause) 163M->19M(256M) 10.735ms
[14.784s][info][gc,cpu      ] GC(30) User=0.02s Sys=0.00s Real=0.01s
[15.188s][info][gc,start    ] GC(31) Pause Young (Normal) (G1 Evacuation Pause)
[15.188s][info][gc,task     ] GC(31) Using 2 workers of 2 for evacuation
[15.193s][info][gc,phases   ] GC(31)   Pre Evacuate Collection Set: 0.20ms
[15.193s][info][gc,phases   ] GC(31)   Merge Heap Roots: 0.09ms
[15.193s][info][gc,phases   ] GC(31)   Evacuate Collection Set: 2.48ms
[15.193s][info][gc,phases   ] GC(31)   Post Evacuate Collection Set: 2.28ms
[15.193s][info][gc,phases   ] GC(31)   Other: 0.12ms
[15.193s][info][gc,heap     ] GC(31) Eden regions: 144->0(149)
[15.193s][info][gc,heap     ] GC(31) Survivor regions: 9->4(20)
[15.193s][info][gc,heap     ] GC(31) Old regions: 11->11
[15.193s][info][gc,heap     ] GC(31) Humongous regions: 0->0
[15.193s][info][gc,metaspace] GC(31) Metaspace: 27213K(27328K)->27213K(27328K) NonClass: 25082K(25152K)->25082K(25152K) Class: 2131K(2176K)->2131K(2176K)
[15.193s][info][gc          ] GC(31) Pause Young (Normal) (G1 Evacuation Pause) 163M->14M(256M) 5.345ms
[15.193s][info][gc,cpu      ] GC(31) User=0.01s Sys=0.00s Real=0.01s
[15.599s][info][gc,start    ] GC(32) Pause Young (Normal) (G1 Evacuation Pause)
[15.599s][info][gc,task     ] GC(32) Using 2 workers of 2 for evacuation
[15.605s][info][gc,phases   ] GC(32)   Pre Evacuate Collection Set: 0.14ms
[15.605s][info][gc,phases   ] GC(32)   Merge Heap Roots: 0.05ms
[15.605s][info][gc,phases   ] GC(32)   Evacuate Collection Set: 2.97ms
[15.605s][info][gc,phases   ] GC(32)   Post Evacuate Collection Set: 2.37ms
[15.605s][info][gc,phases   ] GC(32)   Other: 0.11ms
[15.605s][info][gc,heap     ] GC(32) Eden regions: 149->0(147)
[15.605s][info][gc,heap     ] GC(32) Survivor regions: 4->6(20)
[15.605s][info][gc,heap     ] GC(32) Old regions: 11->11
[15.605s][info][gc,heap     ] GC(32) Humongous regions: 0->0
[15.605s][info][gc,metaspace] GC(32) Metaspace: 27247K(27328K)->27247K(27328K) NonClass: 25115K(25152K)->25115K(25152K) Class: 2131K(2176K)->2131K(2176K)
[15.605s][info][gc          ] GC(32) Pause Young (Normal) (G1 Evacuation Pause) 163M->16M(256M) 5.836ms
[15.605s][info][gc,cpu      ] GC(32) User=0.02s Sys=0.00s Real=0.01s
[15.977s][info][gc,start    ] GC(33) Pause Young (Normal) (G1 Evacuation Pause)
[15.977s][info][gc,task     ] GC(33) Using 2 workers of 2 for evacuation
[15.984s][info][gc,phases   ] GC(33)   Pre Evacuate Collection Set: 0.15ms
[15.984s][info][gc,phases   ] GC(33)   Merge Heap Roots: 0.05ms
[15.984s][info][gc,phases   ] GC(33)   Evacuate Collection Set: 1.92ms
[15.984s][info][gc,phases   ] GC(33)   Post Evacuate Collection Set: 5.06ms
[15.984s][info][gc,phases   ] GC(33)   Other: 0.06ms
[15.984s][info][gc,heap     ] GC(33) Eden regions: 147->0(145)
[15.984s][info][gc,heap     ] GC(33) Survivor regions: 6->8(20)
[15.984s][info][gc,heap     ] GC(33) Old regions: 11->11
[15.984s][info][gc,heap     ] GC(33) Humongous regions: 0->0
[15.984s][info][gc,metaspace] GC(33) Metaspace: 27279K(27392K)->27279K(27392K) NonClass: 25148K(25216K)->25148K(25216K) Class: 2131K(2176K)->2131K(2176K)
[15.984s][info][gc          ] GC(33) Pause Young (Normal) (G1 Evacuation Pause) 163M->17M(256M) 7.404ms
[15.984s][info][gc,cpu      ] GC(33) User=0.02s Sys=0.00s Real=0.01s
[16.302s][info][gc,heap,exit] Heap
[16.302s][info][gc,heap,exit]  garbage-first heap   total reserved 1001472K, committed 262144K, used 142559K [0x00000000c2e00000, 0x0000000100000000)
[16.302s][info][gc,heap,exit]   region size 1024K, 130 young (133120K), 8 survivors (8192K)
[16.302s][info][gc,heap,exit]  Metaspace       used 27288K, committed 27456K, reserved 1114112K
[16.302s][info][gc,heap,exit]   class space    used 2132K, committed 2176K, reserved 1048576K
