[0.002s][info][metaspace]  - commit_granule_bytes: 65536.
[0.002s][info][metaspace]  - commit_granule_words: 8192.
[0.002s][info][metaspace]  - virtual_space_node_default_size: 8388608.
[0.002s][info][metaspace]  - enlarge_chunks_in_place: 1.
[0.004s][info][gc,init  ] CardTable entry size: 512
[0.008s][info][gc       ] Using G1
[0.011s][info][gc,init  ] Version: 24-internal-adhoc.root.jdk (release)
[0.011s][info][gc,init  ] CPUs: 2 total, 2 available
[0.011s][info][gc,init  ] Memory: 3908M
[0.011s][info][gc,init  ] Large Page Support: Disabled
[0.011s][info][gc,init  ] NUMA Support: Disabled
[0.011s][info][gc,init  ] Compressed Oops: Enabled (32-bit)
[0.011s][info][gc,init  ] Heap Region Size: 1M
[0.011s][info][gc,init  ] Heap Min Capacity: 256M
[0.011s][info][gc,init  ] Heap Initial Capacity: 256M
[0.011s][info][gc,init  ] Heap Max Capacity: 978M
[0.011s][info][gc,init  ] Pre-touch: Disabled
[0.011s][info][gc,init  ] Parallel Workers: 2
[0.011s][info][gc,init  ] Concurrent Workers: 1
[0.011s][info][gc,init  ] Concurrent Refinement Workers: 2
[0.011s][info][gc,init  ] Periodic GC: Disabled
[0.025s][info][gc,metaspace] CDS archive(s) mapped at: [0x00007f2db6000000-0x00007f2db6dc0000-0x00007f2db6dc0000), size 14417920, SharedBaseAddress: 0x00007f2db6000000, ArchiveRelocationMode: 1.
[0.025s][info][gc,metaspace] Compressed class space mapped at: 0x00007f2db7000000-0x00007f2df7000000, reserved size: 1073741824
[0.025s][info][gc,metaspace] UseCompressedClassPointers 1, UseCompactObjectHeaders 0
[0.025s][info][gc,metaspace] Narrow klass pointer bits 32, Max shift 3
[0.025s][info][gc,metaspace] Narrow klass base: 0x00007f2db6000000, Narrow klass shift: 0
[0.025s][info][gc,metaspace] Encoding Range: [0x00007f2db6000000 - 0x00007f2eb6000000), (4294967296 bytes)
[0.025s][info][gc,metaspace] Klass Range:    [0x00007f2db6000000 - 0x00007f2df7000000), (1090519040 bytes)
[0.025s][info][gc,metaspace] Klass ID Range:  [8 - 1090519033) (1090519025)
[0.708s][info][gc,start    ] GC(0) Pause Young (Normal) (G1 Evacuation Pause)
[0.709s][info][gc,task     ] GC(0) Using 2 workers of 2 for evacuation
[0.715s][info][gc,phases   ] GC(0)   Pre Evacuate Collection Set: 0.16ms
[0.715s][info][gc,phases   ] GC(0)   Merge Heap Roots: 0.08ms
[0.715s][info][gc,phases   ] GC(0)   Evacuate Collection Set: 5.85ms
[0.715s][info][gc,phases   ] GC(0)   Post Evacuate Collection Set: 0.29ms
[0.715s][info][gc,phases   ] GC(0)   Other: 0.21ms
[0.715s][info][gc,heap     ] GC(0) Eden regions: 12->0(10)
[0.715s][info][gc,heap     ] GC(0) Survivor regions: 0->2(2)
[0.715s][info][gc,heap     ] GC(0) Old regions: 2->4
[0.715s][info][gc,heap     ] GC(0) Humongous regions: 0->0
[0.715s][info][gc,metaspace] GC(0) Metaspace: 2648K(2752K)->2648K(2752K) NonClass: 2443K(2496K)->2443K(2496K) Class: 205K(256K)->205K(256K)
[0.715s][info][gc          ] GC(0) Pause Young (Normal) (G1 Evacuation Pause) 13M->4M(258M) 6.853ms
[0.715s][info][gc,cpu      ] GC(0) User=0.02s Sys=0.00s Real=0.00s
[0.894s][info][gc,start    ] GC(1) Pause Young (Normal) (G1 Evacuation Pause)
[0.894s][info][gc,task     ] GC(1) Using 2 workers of 2 for evacuation
[0.898s][info][gc,phases   ] GC(1)   Pre Evacuate Collection Set: 0.13ms
[0.898s][info][gc,phases   ] GC(1)   Merge Heap Roots: 0.03ms
[0.898s][info][gc,phases   ] GC(1)   Evacuate Collection Set: 3.88ms
[0.898s][info][gc,phases   ] GC(1)   Post Evacuate Collection Set: 0.28ms
[0.898s][info][gc,phases   ] GC(1)   Other: 0.08ms
[0.898s][info][gc,heap     ] GC(1) Eden regions: 10->0(12)
[0.898s][info][gc,heap     ] GC(1) Survivor regions: 2->2(2)
[0.898s][info][gc,heap     ] GC(1) Old regions: 4->6
[0.898s][info][gc,heap     ] GC(1) Humongous regions: 0->0
[0.898s][info][gc,metaspace] GC(1) Metaspace: 6691K(6848K)->6691K(6848K) NonClass: 6122K(6208K)->6122K(6208K) Class: 568K(640K)->568K(640K)
[0.898s][info][gc          ] GC(1) Pause Young (Normal) (G1 Evacuation Pause) 14M->5M(258M) 4.583ms
[0.898s][info][gc,cpu      ] GC(1) User=0.01s Sys=0.00s Real=0.01s
[1.139s][info][gc,start    ] GC(2) Pause Young (Normal) (G1 Evacuation Pause)
[1.139s][info][gc,task     ] GC(2) Using 2 workers of 2 for evacuation
[1.143s][info][gc,phases   ] GC(2)   Pre Evacuate Collection Set: 0.18ms
[1.143s][info][gc,phases   ] GC(2)   Merge Heap Roots: 0.05ms
[1.143s][info][gc,phases   ] GC(2)   Evacuate Collection Set: 2.81ms
[1.143s][info][gc,phases   ] GC(2)   Post Evacuate Collection Set: 0.23ms
[1.143s][info][gc,phases   ] GC(2)   Other: 0.08ms
[1.143s][info][gc,heap     ] GC(2) Eden regions: 12->0(23)
[1.143s][info][gc,heap     ] GC(2) Survivor regions: 2->1(2)
[1.143s][info][gc,heap     ] GC(2) Old regions: 6->7
[1.143s][info][gc,heap     ] GC(2) Humongous regions: 0->0
[1.143s][info][gc,metaspace] GC(2) Metaspace: 11295K(11456K)->11295K(11456K) NonClass: 10160K(10240K)->10160K(10240K) Class: 1135K(1216K)->1135K(1216K)
[1.143s][info][gc          ] GC(2) Pause Young (Normal) (G1 Evacuation Pause) 17M->6M(258M) 3.510ms
[1.143s][info][gc,cpu      ] GC(2) User=0.00s Sys=0.00s Real=0.00s
[1.490s][info][gc,start    ] GC(3) Pause Young (Normal) (G1 Evacuation Pause)
[1.490s][info][gc,task     ] GC(3) Using 2 workers of 2 for evacuation
[1.493s][info][gc,phases   ] GC(3)   Pre Evacuate Collection Set: 0.14ms
[1.493s][info][gc,phases   ] GC(3)   Merge Heap Roots: 0.04ms
[1.493s][info][gc,phases   ] GC(3)   Evacuate Collection Set: 3.15ms
[1.493s][info][gc,phases   ] GC(3)   Post Evacuate Collection Set: 0.22ms
[1.493s][info][gc,phases   ] GC(3)   Other: 0.06ms
[1.493s][info][gc,heap     ] GC(3) Eden regions: 24->0(26)
[1.493s][info][gc,heap     ] GC(3) Survivor regions: 1->3(4)
[1.493s][info][gc,heap     ] GC(3) Old regions: 7->7
[1.493s][info][gc,heap     ] GC(3) Humongous regions: 16->2
[1.493s][info][gc,metaspace] GC(3) Metaspace: 12621K(12800K)->12621K(12800K) NonClass: 11383K(11456K)->11383K(11456K) Class: 1238K(1344K)->1238K(1344K)
[1.493s][info][gc          ] GC(3) Pause Young (Normal) (G1 Evacuation Pause) 46M->10M(258M) 3.774ms
[1.493s][info][gc,cpu      ] GC(3) User=0.01s Sys=0.00s Real=0.00s
[1.598s][info][gc,start    ] GC(4) Pause Young (Normal) (G1 Evacuation Pause)
[1.598s][info][gc,task     ] GC(4) Using 2 workers of 2 for evacuation
[1.603s][info][gc,phases   ] GC(4)   Pre Evacuate Collection Set: 0.13ms
[1.603s][info][gc,phases   ] GC(4)   Merge Heap Roots: 0.03ms
[1.603s][info][gc,phases   ] GC(4)   Evacuate Collection Set: 4.16ms
[1.603s][info][gc,phases   ] GC(4)   Post Evacuate Collection Set: 0.23ms
[1.603s][info][gc,phases   ] GC(4)   Other: 0.06ms
[1.603s][info][gc,heap     ] GC(4) Eden regions: 26->0(38)
[1.603s][info][gc,heap     ] GC(4) Survivor regions: 3->3(4)
[1.603s][info][gc,heap     ] GC(4) Old regions: 7->7
[1.603s][info][gc,heap     ] GC(4) Humongous regions: 2->2
[1.603s][info][gc,metaspace] GC(4) Metaspace: 12680K(12864K)->12680K(12864K) NonClass: 11440K(11520K)->11440K(11520K) Class: 1239K(1344K)->1239K(1344K)
[1.603s][info][gc          ] GC(4) Pause Young (Normal) (G1 Evacuation Pause) 36M->10M(258M) 4.783ms
[1.603s][info][gc,cpu      ] GC(4) User=0.01s Sys=0.00s Real=0.00s
[34.986s][info][gc,start    ] GC(5) Pause Young (Normal) (G1 Evacuation Pause)
[34.986s][info][gc,task     ] GC(5) Using 2 workers of 2 for evacuation
[34.989s][info][gc,phases   ] GC(5)   Pre Evacuate Collection Set: 0.18ms
[34.989s][info][gc,phases   ] GC(5)   Merge Heap Roots: 0.05ms
[34.989s][info][gc,phases   ] GC(5)   Evacuate Collection Set: 2.84ms
[34.989s][info][gc,phases   ] GC(5)   Post Evacuate Collection Set: 0.32ms
[34.989s][info][gc,phases   ] GC(5)   Other: 0.08ms
[34.989s][info][gc,heap     ] GC(5) Eden regions: 38->0(50)
[34.989s][info][gc,heap     ] GC(5) Survivor regions: 3->3(6)
[34.989s][info][gc,heap     ] GC(5) Old regions: 7->7
[34.989s][info][gc,heap     ] GC(5) Humongous regions: 2->0
[34.989s][info][gc,metaspace] GC(5) Metaspace: 13067K(13248K)->13067K(13248K) NonClass: 11813K(11904K)->11813K(11904K) Class: 1254K(1344K)->1254K(1344K)
[34.989s][info][gc          ] GC(5) Pause Young (Normal) (G1 Evacuation Pause) 48M->8M(258M) 3.732ms
[34.989s][info][gc,cpu      ] GC(5) User=0.00s Sys=0.00s Real=0.01s
[137.870s][info][gc,start    ] GC(6) Pause Full (System.gc())
[137.870s][info][gc,task     ] GC(6) Using 2 workers of 2 for full compaction
[137.870s][info][gc,phases,start] GC(6) Phase 1: Mark live objects
[137.876s][info][gc,phases      ] GC(6) Phase 1: Mark live objects 6.428ms
[137.876s][info][gc,phases,start] GC(6) Phase 2: Prepare compaction
[137.878s][info][gc,phases      ] GC(6) Phase 2: Prepare compaction 1.678ms
[137.878s][info][gc,phases,start] GC(6) Phase 3: Adjust pointers
[137.881s][info][gc,phases      ] GC(6) Phase 3: Adjust pointers 2.482ms
[137.881s][info][gc,phases,start] GC(6) Phase 4: Compact heap
[137.882s][info][gc,phases      ] GC(6) Phase 4: Compact heap 1.106ms
[137.882s][info][gc,phases,start] GC(6) Phase 5: Reset Metadata
[137.882s][info][gc,phases      ] GC(6) Phase 5: Reset Metadata 0.759ms
[137.886s][info][gc,heap        ] GC(6) Eden regions: 3->0(54)
[137.886s][info][gc,heap        ] GC(6) Survivor regions: 3->0(6)
[137.886s][info][gc,heap        ] GC(6) Old regions: 7->9
[137.886s][info][gc,heap        ] GC(6) Humongous regions: 0->0
[137.886s][info][gc,metaspace   ] GC(6) Metaspace: 13088K(13248K)->13088K(13248K) NonClass: 11833K(11904K)->11833K(11904K) Class: 1254K(1344K)->1254K(1344K)
[137.886s][info][gc             ] GC(6) Pause Full (System.gc()) 11M->7M(256M) 16.106ms
[137.886s][info][gc,cpu         ] GC(6) User=0.02s Sys=0.01s Real=0.01s
[274.622s][info][gc,start       ] GC(7) Pause Full (System.gc())
[274.622s][info][gc,task        ] GC(7) Using 2 workers of 2 for full compaction
[274.622s][info][gc,phases,start] GC(7) Phase 1: Mark live objects
[274.628s][info][gc,phases      ] GC(7) Phase 1: Mark live objects 6.753ms
[274.628s][info][gc,phases,start] GC(7) Phase 2: Prepare compaction
[274.629s][info][gc,phases      ] GC(7) Phase 2: Prepare compaction 0.876ms
[274.629s][info][gc,phases,start] GC(7) Phase 3: Adjust pointers
[274.632s][info][gc,phases      ] GC(7) Phase 3: Adjust pointers 2.647ms
[274.632s][info][gc,phases,start] GC(7) Phase 4: Compact heap
[274.633s][info][gc,phases      ] GC(7) Phase 4: Compact heap 1.291ms
[274.633s][info][gc,phases,start] GC(7) Phase 5: Reset Metadata
[274.634s][info][gc,phases      ] GC(7) Phase 5: Reset Metadata 0.472ms
[274.635s][info][gc,heap        ] GC(7) Eden regions: 26->0(54)
[274.635s][info][gc,heap        ] GC(7) Survivor regions: 0->0(6)
[274.635s][info][gc,heap        ] GC(7) Old regions: 9->9
[274.635s][info][gc,heap        ] GC(7) Humongous regions: 16->0
[274.635s][info][gc,metaspace   ] GC(7) Metaspace: 13299K(13504K)->13299K(13504K) NonClass: 12037K(12160K)->12037K(12160K) Class: 1261K(1344K)->1261K(1344K)
[274.635s][info][gc             ] GC(7) Pause Full (System.gc()) 49M->7M(256M) 13.829ms
[274.635s][info][gc,cpu         ] GC(7) User=0.02s Sys=0.00s Real=0.01s
[411.252s][info][gc,start       ] GC(8) Pause Full (System.gc())
[411.252s][info][gc,task        ] GC(8) Using 2 workers of 2 for full compaction
[411.252s][info][gc,phases,start] GC(8) Phase 1: Mark live objects
[411.259s][info][gc,phases      ] GC(8) Phase 1: Mark live objects 6.501ms
[411.259s][info][gc,phases,start] GC(8) Phase 2: Prepare compaction
[411.260s][info][gc,phases      ] GC(8) Phase 2: Prepare compaction 0.595ms
[411.260s][info][gc,phases,start] GC(8) Phase 3: Adjust pointers
[411.262s][info][gc,phases      ] GC(8) Phase 3: Adjust pointers 2.404ms
[411.262s][info][gc,phases,start] GC(8) Phase 4: Compact heap
[411.263s][info][gc,phases      ] GC(8) Phase 4: Compact heap 0.676ms
[411.263s][info][gc,phases,start] GC(8) Phase 5: Reset Metadata
[411.263s][info][gc,phases      ] GC(8) Phase 5: Reset Metadata 0.709ms
[411.265s][info][gc,heap        ] GC(8) Eden regions: 26->0(54)
[411.265s][info][gc,heap        ] GC(8) Survivor regions: 0->0(6)
[411.265s][info][gc,heap        ] GC(8) Old regions: 9->9
[411.265s][info][gc,heap        ] GC(8) Humongous regions: 16->0
[411.265s][info][gc,metaspace   ] GC(8) Metaspace: 13365K(13568K)->13365K(13568K) NonClass: 12103K(12224K)->12103K(12224K) Class: 1261K(1344K)->1261K(1344K)
[411.265s][info][gc             ] GC(8) Pause Full (System.gc()) 49M->7M(256M) 12.981ms
[411.265s][info][gc,cpu         ] GC(8) User=0.02s Sys=0.00s Real=0.01s
[547.929s][info][gc,start       ] GC(9) Pause Full (System.gc())
[547.929s][info][gc,task        ] GC(9) Using 2 workers of 2 for full compaction
[547.929s][info][gc,phases,start] GC(9) Phase 1: Mark live objects
[547.936s][info][gc,phases      ] GC(9) Phase 1: Mark live objects 6.464ms
[547.936s][info][gc,phases,start] GC(9) Phase 2: Prepare compaction
[547.936s][info][gc,phases      ] GC(9) Phase 2: Prepare compaction 0.568ms
[547.936s][info][gc,phases,start] GC(9) Phase 3: Adjust pointers
[547.939s][info][gc,phases      ] GC(9) Phase 3: Adjust pointers 2.447ms
[547.939s][info][gc,phases,start] GC(9) Phase 4: Compact heap
[547.939s][info][gc,phases      ] GC(9) Phase 4: Compact heap 0.619ms
[547.939s][info][gc,phases,start] GC(9) Phase 5: Reset Metadata
[547.940s][info][gc,phases      ] GC(9) Phase 5: Reset Metadata 0.698ms
[547.942s][info][gc,heap        ] GC(9) Eden regions: 25->0(54)
[547.942s][info][gc,heap        ] GC(9) Survivor regions: 0->0(6)
[547.942s][info][gc,heap        ] GC(9) Old regions: 9->9
[547.942s][info][gc,heap        ] GC(9) Humongous regions: 16->0
[547.942s][info][gc,metaspace   ] GC(9) Metaspace: 13424K(13568K)->13424K(13568K) NonClass: 12162K(12224K)->12162K(12224K) Class: 1261K(1344K)->1261K(1344K)
[547.942s][info][gc             ] GC(9) Pause Full (System.gc()) 48M->7M(256M) 12.629ms
[547.942s][info][gc,cpu         ] GC(9) User=0.02s Sys=0.00s Real=0.01s
[684.846s][info][gc,start       ] GC(10) Pause Full (System.gc())
[684.846s][info][gc,task        ] GC(10) Using 2 workers of 2 for full compaction
[684.846s][info][gc,phases,start] GC(10) Phase 1: Mark live objects
[684.853s][info][gc,phases      ] GC(10) Phase 1: Mark live objects 6.456ms
[684.853s][info][gc,phases,start] GC(10) Phase 2: Prepare compaction
[684.853s][info][gc,phases      ] GC(10) Phase 2: Prepare compaction 0.539ms
[684.853s][info][gc,phases,start] GC(10) Phase 3: Adjust pointers
[684.856s][info][gc,phases      ] GC(10) Phase 3: Adjust pointers 2.517ms
[684.856s][info][gc,phases,start] GC(10) Phase 4: Compact heap
[684.856s][info][gc,phases      ] GC(10) Phase 4: Compact heap 0.578ms
[684.856s][info][gc,phases,start] GC(10) Phase 5: Reset Metadata
[684.857s][info][gc,phases      ] GC(10) Phase 5: Reset Metadata 0.699ms
[684.859s][info][gc,heap        ] GC(10) Eden regions: 25->0(54)
[684.859s][info][gc,heap        ] GC(10) Survivor regions: 0->0(6)
[684.859s][info][gc,heap        ] GC(10) Old regions: 9->9
[684.859s][info][gc,heap        ] GC(10) Humongous regions: 16->0
[684.859s][info][gc,metaspace   ] GC(10) Metaspace: 13459K(13632K)->13459K(13632K) NonClass: 12197K(12288K)->12197K(12288K) Class: 1261K(1344K)->1261K(1344K)
[684.859s][info][gc             ] GC(10) Pause Full (System.gc()) 48M->7M(256M) 12.698ms
[684.859s][info][gc,cpu         ] GC(10) User=0.03s Sys=0.00s Real=0.02s
[821.776s][info][gc,start       ] GC(11) Pause Full (System.gc())
[821.776s][info][gc,task        ] GC(11) Using 2 workers of 2 for full compaction
[821.776s][info][gc,phases,start] GC(11) Phase 1: Mark live objects
[821.782s][info][gc,phases      ] GC(11) Phase 1: Mark live objects 6.430ms
[821.782s][info][gc,phases,start] GC(11) Phase 2: Prepare compaction
[821.783s][info][gc,phases      ] GC(11) Phase 2: Prepare compaction 0.564ms
[821.783s][info][gc,phases,start] GC(11) Phase 3: Adjust pointers
[821.785s][info][gc,phases      ] GC(11) Phase 3: Adjust pointers 2.438ms
[821.785s][info][gc,phases,start] GC(11) Phase 4: Compact heap
[821.786s][info][gc,phases      ] GC(11) Phase 4: Compact heap 0.594ms
[821.786s][info][gc,phases,start] GC(11) Phase 5: Reset Metadata
[821.787s][info][gc,phases      ] GC(11) Phase 5: Reset Metadata 0.647ms
[821.788s][info][gc,heap        ] GC(11) Eden regions: 25->0(54)
[821.788s][info][gc,heap        ] GC(11) Survivor regions: 0->0(6)
[821.788s][info][gc,heap        ] GC(11) Old regions: 9->9
[821.788s][info][gc,heap        ] GC(11) Humongous regions: 16->0
[821.788s][info][gc,metaspace   ] GC(11) Metaspace: 13498K(13632K)->13498K(13632K) NonClass: 12236K(12288K)->12236K(12288K) Class: 1261K(1344K)->1261K(1344K)
[821.788s][info][gc             ] GC(11) Pause Full (System.gc()) 48M->7M(256M) 12.706ms
[821.788s][info][gc,cpu         ] GC(11) User=0.02s Sys=0.00s Real=0.02s
[958.646s][info][gc,start       ] GC(12) Pause Full (System.gc())
[958.646s][info][gc,task        ] GC(12) Using 2 workers of 2 for full compaction
[958.647s][info][gc,phases,start] GC(12) Phase 1: Mark live objects
[958.653s][info][gc,phases      ] GC(12) Phase 1: Mark live objects 6.528ms
[958.653s][info][gc,phases,start] GC(12) Phase 2: Prepare compaction
[958.654s][info][gc,phases      ] GC(12) Phase 2: Prepare compaction 0.593ms
[958.654s][info][gc,phases,start] GC(12) Phase 3: Adjust pointers
[958.656s][info][gc,phases      ] GC(12) Phase 3: Adjust pointers 2.500ms
[958.656s][info][gc,phases,start] GC(12) Phase 4: Compact heap
[958.657s][info][gc,phases      ] GC(12) Phase 4: Compact heap 0.612ms
[958.657s][info][gc,phases,start] GC(12) Phase 5: Reset Metadata
[958.658s][info][gc,phases      ] GC(12) Phase 5: Reset Metadata 0.654ms
[958.659s][info][gc,heap        ] GC(12) Eden regions: 25->0(54)
[958.659s][info][gc,heap        ] GC(12) Survivor regions: 0->0(6)
[958.659s][info][gc,heap        ] GC(12) Old regions: 9->9
[958.659s][info][gc,heap        ] GC(12) Humongous regions: 16->0
[958.659s][info][gc,metaspace   ] GC(12) Metaspace: 13532K(13760K)->13532K(13760K) NonClass: 12270K(12416K)->12270K(12416K) Class: 1261K(1344K)->1261K(1344K)
[958.659s][info][gc             ] GC(12) Pause Full (System.gc()) 48M->7M(256M) 12.806ms
[958.659s][info][gc,cpu         ] GC(12) User=0.02s Sys=0.00s Real=0.02s
[1095.540s][info][gc,start       ] GC(13) Pause Full (System.gc())
[1095.540s][info][gc,task        ] GC(13) Using 2 workers of 2 for full compaction
[1095.541s][info][gc,phases,start] GC(13) Phase 1: Mark live objects
[1095.547s][info][gc,phases      ] GC(13) Phase 1: Mark live objects 6.434ms
[1095.547s][info][gc,phases,start] GC(13) Phase 2: Prepare compaction
[1095.548s][info][gc,phases      ] GC(13) Phase 2: Prepare compaction 0.538ms
[1095.548s][info][gc,phases,start] GC(13) Phase 3: Adjust pointers
[1095.550s][info][gc,phases      ] GC(13) Phase 3: Adjust pointers 2.569ms
[1095.550s][info][gc,phases,start] GC(13) Phase 4: Compact heap
[1095.551s][info][gc,phases      ] GC(13) Phase 4: Compact heap 0.663ms
[1095.551s][info][gc,phases,start] GC(13) Phase 5: Reset Metadata
[1095.552s][info][gc,phases      ] GC(13) Phase 5: Reset Metadata 0.658ms
[1095.554s][info][gc,heap        ] GC(13) Eden regions: 25->0(54)
[1095.554s][info][gc,heap        ] GC(13) Survivor regions: 0->0(6)
[1095.554s][info][gc,heap        ] GC(13) Old regions: 9->9
[1095.554s][info][gc,heap        ] GC(13) Humongous regions: 16->0
[1095.554s][info][gc,metaspace   ] GC(13) Metaspace: 13567K(13760K)->13567K(13760K) NonClass: 12305K(12416K)->12305K(12416K) Class: 1261K(1344K)->1261K(1344K)
[1095.554s][info][gc             ] GC(13) Pause Full (System.gc()) 48M->7M(256M) 13.204ms
[1095.554s][info][gc,cpu         ] GC(13) User=0.03s Sys=0.00s Real=0.01s
[1232.353s][info][gc,start       ] GC(14) Pause Full (System.gc())
[1232.353s][info][gc,task        ] GC(14) Using 2 workers of 2 for full compaction
[1232.353s][info][gc,phases,start] GC(14) Phase 1: Mark live objects
[1232.361s][info][metaspace      ] ChkMgr @0x00007f2e3015e5a0 (non-class-space): : reclaiming memory...
[1232.361s][info][metaspace      ] ChkMgr @0x00007f2e3015e5a0 (non-class-space): nothing reclaimed.
[1232.361s][info][metaspace      ] ChkMgr @0x00007f2e3015c6b0 (class-space): : reclaiming memory...
[1232.361s][info][metaspace      ] ChkMgr @0x00007f2e3015c6b0 (class-space): nothing reclaimed.
[1232.361s][info][gc,phases      ] GC(14) Phase 1: Mark live objects 8.582ms
[1232.361s][info][gc,phases,start] GC(14) Phase 2: Prepare compaction
[1232.362s][info][gc,phases      ] GC(14) Phase 2: Prepare compaction 0.788ms
[1232.362s][info][gc,phases,start] GC(14) Phase 3: Adjust pointers
[1232.365s][info][gc,phases      ] GC(14) Phase 3: Adjust pointers 2.704ms
[1232.365s][info][gc,phases,start] GC(14) Phase 4: Compact heap
[1232.366s][info][gc,phases      ] GC(14) Phase 4: Compact heap 1.043ms
[1232.366s][info][gc,phases,start] GC(14) Phase 5: Reset Metadata
[1232.366s][info][gc,phases      ] GC(14) Phase 5: Reset Metadata 0.462ms
[1232.368s][info][gc,heap        ] GC(14) Eden regions: 25->0(54)
[1232.368s][info][gc,heap        ] GC(14) Survivor regions: 0->0(6)
[1232.368s][info][gc,heap        ] GC(14) Old regions: 9->8
[1232.368s][info][gc,heap        ] GC(14) Humongous regions: 16->0
[1232.368s][info][gc,metaspace   ] GC(14) Metaspace: 13609K(13760K)->13590K(13760K) NonClass: 12347K(12416K)->12328K(12416K) Class: 1261K(1344K)->1261K(1344K)
[1232.368s][info][gc             ] GC(14) Pause Full (System.gc()) 48M->7M(256M) 15.609ms
[1232.368s][info][gc,cpu         ] GC(14) User=0.02s Sys=0.00s Real=0.02s
[1369.070s][info][gc,start       ] GC(15) Pause Full (System.gc())
[1369.070s][info][gc,task        ] GC(15) Using 2 workers of 2 for full compaction
[1369.070s][info][gc,phases,start] GC(15) Phase 1: Mark live objects
[1369.079s][info][gc,phases      ] GC(15) Phase 1: Mark live objects 9.051ms
[1369.079s][info][gc,phases,start] GC(15) Phase 2: Prepare compaction
[1369.080s][info][gc,phases      ] GC(15) Phase 2: Prepare compaction 0.702ms
[1369.080s][info][gc,phases,start] GC(15) Phase 3: Adjust pointers
[1369.083s][info][gc,phases      ] GC(15) Phase 3: Adjust pointers 3.556ms
[1369.083s][info][gc,phases,start] GC(15) Phase 4: Compact heap
[1369.084s][info][gc,phases      ] GC(15) Phase 4: Compact heap 0.805ms
[1369.084s][info][gc,phases,start] GC(15) Phase 5: Reset Metadata
[1369.085s][info][gc,phases      ] GC(15) Phase 5: Reset Metadata 0.895ms
[1369.087s][info][gc,heap        ] GC(15) Eden regions: 25->0(54)
[1369.087s][info][gc,heap        ] GC(15) Survivor regions: 0->0(6)
[1369.087s][info][gc,heap        ] GC(15) Old regions: 8->9
[1369.087s][info][gc,heap        ] GC(15) Humongous regions: 16->0
[1369.087s][info][gc,metaspace   ] GC(15) Metaspace: 13637K(13824K)->13637K(13824K) NonClass: 12375K(12480K)->12375K(12480K) Class: 1261K(1344K)->1261K(1344K)
[1369.087s][info][gc             ] GC(15) Pause Full (System.gc()) 48M->7M(256M) 17.512ms
[1369.087s][info][gc,cpu         ] GC(15) User=0.03s Sys=0.00s Real=0.02s
[1506.000s][info][gc,start       ] GC(16) Pause Full (System.gc())
[1506.000s][info][gc,task        ] GC(16) Using 2 workers of 2 for full compaction
[1506.000s][info][gc,phases,start] GC(16) Phase 1: Mark live objects
[1506.006s][info][gc,phases      ] GC(16) Phase 1: Mark live objects 6.661ms
[1506.006s][info][gc,phases,start] GC(16) Phase 2: Prepare compaction
[1506.007s][info][gc,phases      ] GC(16) Phase 2: Prepare compaction 0.565ms
[1506.007s][info][gc,phases,start] GC(16) Phase 3: Adjust pointers
[1506.009s][info][gc,phases      ] GC(16) Phase 3: Adjust pointers 2.490ms
[1506.009s][info][gc,phases,start] GC(16) Phase 4: Compact heap
[1506.010s][info][gc,phases      ] GC(16) Phase 4: Compact heap 0.587ms
[1506.010s][info][gc,phases,start] GC(16) Phase 5: Reset Metadata
[1506.011s][info][gc,phases      ] GC(16) Phase 5: Reset Metadata 0.704ms
[1506.013s][info][gc,heap        ] GC(16) Eden regions: 25->0(54)
[1506.013s][info][gc,heap        ] GC(16) Survivor regions: 0->0(6)
[1506.013s][info][gc,heap        ] GC(16) Old regions: 9->9
[1506.013s][info][gc,heap        ] GC(16) Humongous regions: 16->0
[1506.013s][info][gc,metaspace   ] GC(16) Metaspace: 13673K(13824K)->13673K(13824K) NonClass: 12411K(12480K)->12411K(12480K) Class: 1261K(1344K)->1261K(1344K)
[1506.013s][info][gc             ] GC(16) Pause Full (System.gc()) 48M->7M(256M) 13.065ms
[1506.013s][info][gc,cpu         ] GC(16) User=0.03s Sys=0.00s Real=0.01s
[1506.018s][info][gc,heap,exit   ] Heap
[1506.018s][info][gc,heap,exit   ]  garbage-first heap   total reserved 1001472K, committed 262144K, used 8956K [0x00000000c2e00000, 0x0000000100000000)
[1506.019s][info][gc,heap,exit   ]   region size 1024K, 1 young (1024K), 0 survivors (0K)
[1506.019s][info][gc,heap,exit   ]  Metaspace       used 13675K, committed 13824K, reserved 1114112K
[1506.019s][info][gc,heap,exit   ]   class space    used 1261K, committed 1344K, reserved 1048576K
