[0.002s][info][metaspace]  - commit_granule_bytes: 65536.
[0.002s][info][metaspace]  - commit_granule_words: 8192.
[0.002s][info][metaspace]  - virtual_space_node_default_size: 8388608.
[0.002s][info][metaspace]  - enlarge_chunks_in_place: 1.
[0.004s][info][gc,init  ] CardTable entry size: 512
[0.008s][info][gc       ] Using G1
[0.011s][info][gc,init  ] Version: 24-internal-adhoc.root.jdk (release)
[0.011s][info][gc,init  ] CPUs: 2 total, 2 available
[0.011s][info][gc,init  ] Memory: 3908M
[0.011s][info][gc,init  ] Large Page Support: Disabled
[0.011s][info][gc,init  ] NUMA Support: Disabled
[0.011s][info][gc,init  ] Compressed Oops: Enabled (32-bit)
[0.011s][info][gc,init  ] Heap Region Size: 1M
[0.011s][info][gc,init  ] Heap Min Capacity: 256M
[0.011s][info][gc,init  ] Heap Initial Capacity: 256M
[0.011s][info][gc,init  ] Heap Max Capacity: 978M
[0.011s][info][gc,init  ] Pre-touch: Disabled
[0.011s][info][gc,init  ] Parallel Workers: 2
[0.011s][info][gc,init  ] Concurrent Workers: 1
[0.012s][info][gc,init  ] Concurrent Refinement Workers: 2
[0.012s][info][gc,init  ] Periodic GC: Disabled
[0.026s][info][gc,metaspace] CDS archive(s) mapped at: [0x00007f62ee000000-0x00007f62eedc0000-0x00007f62eedc0000), size 14417920, SharedBaseAddress: 0x00007f62ee000000, ArchiveRelocationMode: 1.
[0.026s][info][gc,metaspace] Compressed class space mapped at: 0x00007f62ef000000-0x00007f632f000000, reserved size: 1073741824
[0.026s][info][gc,metaspace] UseCompressedClassPointers 1, UseCompactObjectHeaders 0
[0.026s][info][gc,metaspace] Narrow klass pointer bits 32, Max shift 3
[0.026s][info][gc,metaspace] Narrow klass base: 0x00007f62ee000000, Narrow klass shift: 0
[0.026s][info][gc,metaspace] Encoding Range: [0x00007f62ee000000 - 0x00007f63ee000000), (4294967296 bytes)
[0.026s][info][gc,metaspace] Klass Range:    [0x00007f62ee000000 - 0x00007f632f000000), (1090519040 bytes)
[0.026s][info][gc,metaspace] Klass ID Range:  [8 - 1090519033) (1090519025)
[0.751s][info][gc,start    ] GC(0) Pause Young (Normal) (G1 Evacuation Pause)
[0.752s][info][gc,task     ] GC(0) Using 2 workers of 2 for evacuation
[0.758s][info][gc,phases   ] GC(0)   Pre Evacuate Collection Set: 0.19ms
[0.758s][info][gc,phases   ] GC(0)   Merge Heap Roots: 0.09ms
[0.758s][info][gc,phases   ] GC(0)   Evacuate Collection Set: 4.88ms
[0.758s][info][gc,phases   ] GC(0)   Post Evacuate Collection Set: 0.30ms
[0.758s][info][gc,phases   ] GC(0)   Other: 0.94ms
[0.758s][info][gc,heap     ] GC(0) Eden regions: 12->0(10)
[0.758s][info][gc,heap     ] GC(0) Survivor regions: 0->2(2)
[0.758s][info][gc,heap     ] GC(0) Old regions: 2->4
[0.758s][info][gc,heap     ] GC(0) Humongous regions: 0->0
[0.758s][info][gc,metaspace] GC(0) Metaspace: 2683K(2816K)->2683K(2816K) NonClass: 2478K(2560K)->2478K(2560K) Class: 205K(256K)->205K(256K)
[0.758s][info][gc          ] GC(0) Pause Young (Normal) (G1 Evacuation Pause) 13M->4M(258M) 6.611ms
[0.758s][info][gc,cpu      ] GC(0) User=0.01s Sys=0.00s Real=0.00s
[0.933s][info][gc,start    ] GC(1) Pause Young (Normal) (G1 Evacuation Pause)
[0.933s][info][gc,task     ] GC(1) Using 2 workers of 2 for evacuation
[0.938s][info][gc,phases   ] GC(1)   Pre Evacuate Collection Set: 0.24ms
[0.938s][info][gc,phases   ] GC(1)   Merge Heap Roots: 0.04ms
[0.938s][info][gc,phases   ] GC(1)   Evacuate Collection Set: 4.04ms
[0.938s][info][gc,phases   ] GC(1)   Post Evacuate Collection Set: 0.30ms
[0.938s][info][gc,phases   ] GC(1)   Other: 0.08ms
[0.938s][info][gc,heap     ] GC(1) Eden regions: 10->0(12)
[0.938s][info][gc,heap     ] GC(1) Survivor regions: 2->2(2)
[0.938s][info][gc,heap     ] GC(1) Old regions: 4->6
[0.938s][info][gc,heap     ] GC(1) Humongous regions: 0->0
[0.938s][info][gc,metaspace] GC(1) Metaspace: 6718K(6848K)->6718K(6848K) NonClass: 6149K(6208K)->6149K(6208K) Class: 568K(640K)->568K(640K)
[0.938s][info][gc          ] GC(1) Pause Young (Normal) (G1 Evacuation Pause) 14M->6M(258M) 4.865ms
[0.938s][info][gc,cpu      ] GC(1) User=0.00s Sys=0.01s Real=0.00s
[1.177s][info][gc,start    ] GC(2) Pause Young (Normal) (G1 Evacuation Pause)
[1.177s][info][gc,task     ] GC(2) Using 2 workers of 2 for evacuation
[1.182s][info][gc,phases   ] GC(2)   Pre Evacuate Collection Set: 0.15ms
[1.182s][info][gc,phases   ] GC(2)   Merge Heap Roots: 0.03ms
[1.182s][info][gc,phases   ] GC(2)   Evacuate Collection Set: 3.53ms
[1.182s][info][gc,phases   ] GC(2)   Post Evacuate Collection Set: 0.25ms
[1.182s][info][gc,phases   ] GC(2)   Other: 0.11ms
[1.182s][info][gc,heap     ] GC(2) Eden regions: 12->0(23)
[1.182s][info][gc,heap     ] GC(2) Survivor regions: 2->1(2)
[1.182s][info][gc,heap     ] GC(2) Old regions: 6->7
[1.182s][info][gc,heap     ] GC(2) Humongous regions: 0->0
[1.182s][info][gc,metaspace] GC(2) Metaspace: 11337K(11520K)->11337K(11520K) NonClass: 10200K(10304K)->10200K(10304K) Class: 1136K(1216K)->1136K(1216K)
[1.182s][info][gc          ] GC(2) Pause Young (Normal) (G1 Evacuation Pause) 18M->6M(258M) 4.248ms
[1.182s][info][gc,cpu      ] GC(2) User=0.01s Sys=0.00s Real=0.01s
[1.545s][info][gc,start    ] GC(3) Pause Young (Normal) (G1 Evacuation Pause)
[1.545s][info][gc,task     ] GC(3) Using 2 workers of 2 for evacuation
[1.550s][info][gc,phases   ] GC(3)   Pre Evacuate Collection Set: 0.14ms
[1.550s][info][gc,phases   ] GC(3)   Merge Heap Roots: 0.04ms
[1.550s][info][gc,phases   ] GC(3)   Evacuate Collection Set: 3.81ms
[1.550s][info][gc,phases   ] GC(3)   Post Evacuate Collection Set: 0.31ms
[1.550s][info][gc,phases   ] GC(3)   Other: 0.10ms
[1.550s][info][gc,heap     ] GC(3) Eden regions: 24->0(26)
[1.550s][info][gc,heap     ] GC(3) Survivor regions: 1->2(4)
[1.550s][info][gc,heap     ] GC(3) Old regions: 7->7
[1.550s][info][gc,heap     ] GC(3) Humongous regions: 16->2
[1.550s][info][gc,metaspace] GC(3) Metaspace: 12641K(12800K)->12641K(12800K) NonClass: 11402K(11456K)->11402K(11456K) Class: 1238K(1344K)->1238K(1344K)
[1.550s][info][gc          ] GC(3) Pause Young (Normal) (G1 Evacuation Pause) 46M->9M(258M) 4.555ms
[1.550s][info][gc,cpu      ] GC(3) User=0.01s Sys=0.00s Real=0.01s
[1.652s][info][gc,start    ] GC(4) Pause Young (Normal) (G1 Evacuation Pause)
[1.652s][info][gc,task     ] GC(4) Using 2 workers of 2 for evacuation
[1.655s][info][gc,phases   ] GC(4)   Pre Evacuate Collection Set: 0.14ms
[1.655s][info][gc,phases   ] GC(4)   Merge Heap Roots: 0.04ms
[1.655s][info][gc,phases   ] GC(4)   Evacuate Collection Set: 2.50ms
[1.655s][info][gc,phases   ] GC(4)   Post Evacuate Collection Set: 0.27ms
[1.655s][info][gc,phases   ] GC(4)   Other: 0.08ms
[1.655s][info][gc,heap     ] GC(4) Eden regions: 27->0(38)
[1.655s][info][gc,heap     ] GC(4) Survivor regions: 2->3(4)
[1.655s][info][gc,heap     ] GC(4) Old regions: 7->7
[1.655s][info][gc,heap     ] GC(4) Humongous regions: 2->2
[1.655s][info][gc,metaspace] GC(4) Metaspace: 12701K(12928K)->12701K(12928K) NonClass: 11461K(11584K)->11461K(11584K) Class: 1239K(1344K)->1239K(1344K)
[1.655s][info][gc          ] GC(4) Pause Young (Normal) (G1 Evacuation Pause) 36M->10M(258M) 3.192ms
[1.655s][info][gc,cpu      ] GC(4) User=0.00s Sys=0.00s Real=0.00s
[53.979s][info][gc,start    ] GC(5) Pause Young (Normal) (G1 Evacuation Pause)
[53.979s][info][gc,task     ] GC(5) Using 2 workers of 2 for evacuation
[53.983s][info][gc,phases   ] GC(5)   Pre Evacuate Collection Set: 0.13ms
[53.983s][info][gc,phases   ] GC(5)   Merge Heap Roots: 0.05ms
[53.983s][info][gc,phases   ] GC(5)   Evacuate Collection Set: 2.77ms
[53.983s][info][gc,phases   ] GC(5)   Post Evacuate Collection Set: 0.30ms
[53.983s][info][gc,phases   ] GC(5)   Other: 0.07ms
[53.983s][info][gc,heap     ] GC(5) Eden regions: 38->0(50)
[53.983s][info][gc,heap     ] GC(5) Survivor regions: 3->3(6)
[53.983s][info][gc,heap     ] GC(5) Old regions: 7->7
[53.983s][info][gc,heap     ] GC(5) Humongous regions: 2->0
[53.983s][info][gc,metaspace] GC(5) Metaspace: 13083K(13312K)->13083K(13312K) NonClass: 11828K(11968K)->11828K(11968K) Class: 1254K(1344K)->1254K(1344K)
[53.983s][info][gc          ] GC(5) Pause Young (Normal) (G1 Evacuation Pause) 48M->8M(258M) 3.497ms
[53.983s][info][gc,cpu      ] GC(5) User=0.00s Sys=0.01s Real=0.00s
[138.351s][info][gc,start    ] GC(6) Pause Full (System.gc())
[138.351s][info][gc,task     ] GC(6) Using 2 workers of 2 for full compaction
[138.352s][info][gc,phases,start] GC(6) Phase 1: Mark live objects
[138.358s][info][gc,phases      ] GC(6) Phase 1: Mark live objects 6.417ms
[138.358s][info][gc,phases,start] GC(6) Phase 2: Prepare compaction
[138.360s][info][gc,phases      ] GC(6) Phase 2: Prepare compaction 1.751ms
[138.360s][info][gc,phases,start] GC(6) Phase 3: Adjust pointers
[138.362s][info][gc,phases      ] GC(6) Phase 3: Adjust pointers 2.614ms
[138.363s][info][gc,phases,start] GC(6) Phase 4: Compact heap
[138.364s][info][gc,phases      ] GC(6) Phase 4: Compact heap 1.482ms
[138.364s][info][gc,phases,start] GC(6) Phase 5: Reset Metadata
[138.365s][info][gc,phases      ] GC(6) Phase 5: Reset Metadata 0.511ms
[138.368s][info][gc,heap        ] GC(6) Eden regions: 2->0(55)
[138.368s][info][gc,heap        ] GC(6) Survivor regions: 3->0(6)
[138.368s][info][gc,heap        ] GC(6) Old regions: 7->9
[138.368s][info][gc,heap        ] GC(6) Humongous regions: 0->0
[138.368s][info][gc,metaspace   ] GC(6) Metaspace: 13087K(13312K)->13087K(13312K) NonClass: 11832K(11968K)->11832K(11968K) Class: 1254K(1344K)->1254K(1344K)
[138.368s][info][gc             ] GC(6) Pause Full (System.gc()) 10M->7M(256M) 16.297ms
[138.368s][info][gc,cpu         ] GC(6) User=0.03s Sys=0.01s Real=0.01s
[275.150s][info][gc,start       ] GC(7) Pause Full (System.gc())
[275.150s][info][gc,task        ] GC(7) Using 2 workers of 2 for full compaction
[275.150s][info][gc,phases,start] GC(7) Phase 1: Mark live objects
[275.157s][info][gc,phases      ] GC(7) Phase 1: Mark live objects 6.716ms
[275.157s][info][gc,phases,start] GC(7) Phase 2: Prepare compaction
[275.158s][info][gc,phases      ] GC(7) Phase 2: Prepare compaction 0.975ms
[275.158s][info][gc,phases,start] GC(7) Phase 3: Adjust pointers
[275.161s][info][gc,phases      ] GC(7) Phase 3: Adjust pointers 2.612ms
[275.161s][info][gc,phases,start] GC(7) Phase 4: Compact heap
[275.162s][info][gc,phases      ] GC(7) Phase 4: Compact heap 1.214ms
[275.162s][info][gc,phases,start] GC(7) Phase 5: Reset Metadata
[275.162s][info][gc,phases      ] GC(7) Phase 5: Reset Metadata 0.528ms
[275.164s][info][gc,heap        ] GC(7) Eden regions: 26->0(55)
[275.164s][info][gc,heap        ] GC(7) Survivor regions: 0->0(6)
[275.164s][info][gc,heap        ] GC(7) Old regions: 9->9
[275.164s][info][gc,heap        ] GC(7) Humongous regions: 16->0
[275.164s][info][gc,metaspace   ] GC(7) Metaspace: 13309K(13440K)->13309K(13440K) NonClass: 12047K(12096K)->12047K(12096K) Class: 1261K(1344K)->1261K(1344K)
[275.164s][info][gc             ] GC(7) Pause Full (System.gc()) 49M->7M(256M) 13.904ms
[275.164s][info][gc,cpu         ] GC(7) User=0.02s Sys=0.01s Real=0.01s
[412.093s][info][gc,start       ] GC(8) Pause Full (System.gc())
[412.093s][info][gc,task        ] GC(8) Using 2 workers of 2 for full compaction
[412.093s][info][gc,phases,start] GC(8) Phase 1: Mark live objects
[412.100s][info][gc,phases      ] GC(8) Phase 1: Mark live objects 6.836ms
[412.100s][info][gc,phases,start] GC(8) Phase 2: Prepare compaction
[412.101s][info][gc,phases      ] GC(8) Phase 2: Prepare compaction 0.990ms
[412.101s][info][gc,phases,start] GC(8) Phase 3: Adjust pointers
[412.104s][info][gc,phases      ] GC(8) Phase 3: Adjust pointers 2.778ms
[412.104s][info][gc,phases,start] GC(8) Phase 4: Compact heap
[412.105s][info][gc,phases      ] GC(8) Phase 4: Compact heap 1.466ms
[412.105s][info][gc,phases,start] GC(8) Phase 5: Reset Metadata
[412.106s][info][gc,phases      ] GC(8) Phase 5: Reset Metadata 0.568ms
[412.107s][info][gc,heap        ] GC(8) Eden regions: 25->0(55)
[412.107s][info][gc,heap        ] GC(8) Survivor regions: 0->0(6)
[412.107s][info][gc,heap        ] GC(8) Old regions: 9->9
[412.107s][info][gc,heap        ] GC(8) Humongous regions: 16->0
[412.107s][info][gc,metaspace   ] GC(8) Metaspace: 13362K(13568K)->13362K(13568K) NonClass: 12100K(12224K)->12100K(12224K) Class: 1261K(1344K)->1261K(1344K)
[412.107s][info][gc             ] GC(8) Pause Full (System.gc()) 48M->7M(256M) 14.527ms
[412.107s][info][gc,cpu         ] GC(8) User=0.03s Sys=0.00s Real=0.01s
[549.080s][info][gc,start       ] GC(9) Pause Full (System.gc())
[549.081s][info][gc,task        ] GC(9) Using 2 workers of 2 for full compaction
[549.081s][info][gc,phases,start] GC(9) Phase 1: Mark live objects
[549.087s][info][gc,phases      ] GC(9) Phase 1: Mark live objects 6.398ms
[549.087s][info][gc,phases,start] GC(9) Phase 2: Prepare compaction
[549.088s][info][gc,phases      ] GC(9) Phase 2: Prepare compaction 0.464ms
[549.088s][info][gc,phases,start] GC(9) Phase 3: Adjust pointers
[549.090s][info][gc,phases      ] GC(9) Phase 3: Adjust pointers 2.259ms
[549.090s][info][gc,phases,start] GC(9) Phase 4: Compact heap
[549.090s][info][gc,phases      ] GC(9) Phase 4: Compact heap 0.612ms
[549.090s][info][gc,phases,start] GC(9) Phase 5: Reset Metadata
[549.091s][info][gc,phases      ] GC(9) Phase 5: Reset Metadata 0.769ms
[549.093s][info][gc,heap        ] GC(9) Eden regions: 25->0(55)
[549.093s][info][gc,heap        ] GC(9) Survivor regions: 0->0(6)
[549.093s][info][gc,heap        ] GC(9) Old regions: 9->9
[549.093s][info][gc,heap        ] GC(9) Humongous regions: 16->0
[549.093s][info][gc,metaspace   ] GC(9) Metaspace: 13410K(13568K)->13410K(13568K) NonClass: 12148K(12224K)->12148K(12224K) Class: 1261K(1344K)->1261K(1344K)
[549.093s][info][gc             ] GC(9) Pause Full (System.gc()) 48M->7M(256M) 12.426ms
[549.093s][info][gc,cpu         ] GC(9) User=0.02s Sys=0.00s Real=0.01s
[685.895s][info][gc,start       ] GC(10) Pause Full (System.gc())
[685.895s][info][gc,task        ] GC(10) Using 2 workers of 2 for full compaction
[685.895s][info][gc,phases,start] GC(10) Phase 1: Mark live objects
[685.902s][info][gc,phases      ] GC(10) Phase 1: Mark live objects 6.604ms
[685.902s][info][gc,phases,start] GC(10) Phase 2: Prepare compaction
[685.902s][info][gc,phases      ] GC(10) Phase 2: Prepare compaction 0.434ms
[685.902s][info][gc,phases,start] GC(10) Phase 3: Adjust pointers
[685.904s][info][gc,phases      ] GC(10) Phase 3: Adjust pointers 2.325ms
[685.904s][info][gc,phases,start] GC(10) Phase 4: Compact heap
[685.905s][info][gc,phases      ] GC(10) Phase 4: Compact heap 0.546ms
[685.905s][info][gc,phases,start] GC(10) Phase 5: Reset Metadata
[685.906s][info][gc,phases      ] GC(10) Phase 5: Reset Metadata 0.823ms
[685.907s][info][gc,heap        ] GC(10) Eden regions: 25->0(55)
[685.907s][info][gc,heap        ] GC(10) Survivor regions: 0->0(6)
[685.907s][info][gc,heap        ] GC(10) Old regions: 9->9
[685.907s][info][gc,heap        ] GC(10) Humongous regions: 16->0
[685.907s][info][gc,metaspace   ] GC(10) Metaspace: 13454K(13632K)->13454K(13632K) NonClass: 12192K(12288K)->12192K(12288K) Class: 1261K(1344K)->1261K(1344K)
[685.908s][info][gc             ] GC(10) Pause Full (System.gc()) 48M->7M(256M) 12.678ms
[685.908s][info][gc,cpu         ] GC(10) User=0.02s Sys=0.00s Real=0.01s
[822.860s][info][gc,start       ] GC(11) Pause Full (System.gc())
[822.861s][info][gc,task        ] GC(11) Using 2 workers of 2 for full compaction
[822.861s][info][gc,phases,start] GC(11) Phase 1: Mark live objects
[822.867s][info][gc,phases      ] GC(11) Phase 1: Mark live objects 6.469ms
[822.867s][info][gc,phases,start] GC(11) Phase 2: Prepare compaction
[822.868s][info][gc,phases      ] GC(11) Phase 2: Prepare compaction 0.434ms
[822.868s][info][gc,phases,start] GC(11) Phase 3: Adjust pointers
[822.870s][info][gc,phases      ] GC(11) Phase 3: Adjust pointers 2.333ms
[822.870s][info][gc,phases,start] GC(11) Phase 4: Compact heap
[822.870s][info][gc,phases      ] GC(11) Phase 4: Compact heap 0.576ms
[822.871s][info][gc,phases,start] GC(11) Phase 5: Reset Metadata
[822.871s][info][gc,phases      ] GC(11) Phase 5: Reset Metadata 0.822ms
[822.873s][info][gc,heap        ] GC(11) Eden regions: 25->0(55)
[822.873s][info][gc,heap        ] GC(11) Survivor regions: 0->0(6)
[822.873s][info][gc,heap        ] GC(11) Old regions: 9->9
[822.873s][info][gc,heap        ] GC(11) Humongous regions: 16->0
[822.873s][info][gc,metaspace   ] GC(11) Metaspace: 13485K(13632K)->13485K(13632K) NonClass: 12223K(12288K)->12223K(12288K) Class: 1261K(1344K)->1261K(1344K)
[822.873s][info][gc             ] GC(11) Pause Full (System.gc()) 48M->7M(256M) 12.956ms
[822.873s][info][gc,cpu         ] GC(11) User=0.02s Sys=0.00s Real=0.01s
[959.485s][info][gc,start       ] GC(12) Pause Full (System.gc())
[959.485s][info][gc,task        ] GC(12) Using 2 workers of 2 for full compaction
[959.485s][info][gc,phases,start] GC(12) Phase 1: Mark live objects
[959.492s][info][gc,phases      ] GC(12) Phase 1: Mark live objects 6.557ms
[959.492s][info][gc,phases,start] GC(12) Phase 2: Prepare compaction
[959.492s][info][gc,phases      ] GC(12) Phase 2: Prepare compaction 0.402ms
[959.492s][info][gc,phases,start] GC(12) Phase 3: Adjust pointers
[959.495s][info][gc,phases      ] GC(12) Phase 3: Adjust pointers 2.352ms
[959.495s][info][gc,phases,start] GC(12) Phase 4: Compact heap
[959.495s][info][gc,phases      ] GC(12) Phase 4: Compact heap 0.529ms
[959.495s][info][gc,phases,start] GC(12) Phase 5: Reset Metadata
[959.496s][info][gc,phases      ] GC(12) Phase 5: Reset Metadata 0.777ms
[959.498s][info][gc,heap        ] GC(12) Eden regions: 25->0(55)
[959.498s][info][gc,heap        ] GC(12) Survivor regions: 0->0(6)
[959.498s][info][gc,heap        ] GC(12) Old regions: 9->9
[959.498s][info][gc,heap        ] GC(12) Humongous regions: 16->0
[959.498s][info][gc,metaspace   ] GC(12) Metaspace: 13517K(13696K)->13517K(13696K) NonClass: 12255K(12352K)->12255K(12352K) Class: 1261K(1344K)->1261K(1344K)
[959.498s][info][gc             ] GC(12) Pause Full (System.gc()) 48M->7M(256M) 12.653ms
[959.498s][info][gc,cpu         ] GC(12) User=0.02s Sys=0.00s Real=0.01s
[1096.476s][info][gc,start       ] GC(13) Pause Full (System.gc())
[1096.477s][info][gc,task        ] GC(13) Using 2 workers of 2 for full compaction
[1096.477s][info][gc,phases,start] GC(13) Phase 1: Mark live objects
[1096.484s][info][gc,phases      ] GC(13) Phase 1: Mark live objects 6.979ms
[1096.484s][info][gc,phases,start] GC(13) Phase 2: Prepare compaction
[1096.484s][info][gc,phases      ] GC(13) Phase 2: Prepare compaction 0.391ms
[1096.484s][info][gc,phases,start] GC(13) Phase 3: Adjust pointers
[1096.487s][info][gc,phases      ] GC(13) Phase 3: Adjust pointers 2.386ms
[1096.487s][info][gc,phases,start] GC(13) Phase 4: Compact heap
[1096.487s][info][gc,phases      ] GC(13) Phase 4: Compact heap 0.473ms
[1096.487s][info][gc,phases,start] GC(13) Phase 5: Reset Metadata
[1096.488s][info][gc,phases      ] GC(13) Phase 5: Reset Metadata 0.843ms
[1096.490s][info][gc,heap        ] GC(13) Eden regions: 25->0(55)
[1096.490s][info][gc,heap        ] GC(13) Survivor regions: 0->0(6)
[1096.490s][info][gc,heap        ] GC(13) Old regions: 9->9
[1096.490s][info][gc,heap        ] GC(13) Humongous regions: 16->0
[1096.490s][info][gc,metaspace   ] GC(13) Metaspace: 13557K(13760K)->13557K(13760K) NonClass: 12295K(12416K)->12295K(12416K) Class: 1261K(1344K)->1261K(1344K)
[1096.490s][info][gc             ] GC(13) Pause Full (System.gc()) 48M->7M(256M) 13.193ms
[1096.490s][info][gc,cpu         ] GC(13) User=0.03s Sys=0.00s Real=0.02s
[1233.416s][info][gc,start       ] GC(14) Pause Full (System.gc())
[1233.416s][info][gc,task        ] GC(14) Using 2 workers of 2 for full compaction
[1233.417s][info][gc,phases,start] GC(14) Phase 1: Mark live objects
[1233.425s][info][metaspace      ] ChkMgr @0x00007f636415e580 (non-class-space): : reclaiming memory...
[1233.425s][info][metaspace      ] ChkMgr @0x00007f636415e580 (non-class-space): nothing reclaimed.
[1233.425s][info][metaspace      ] ChkMgr @0x00007f636415c690 (class-space): : reclaiming memory...
[1233.425s][info][metaspace      ] ChkMgr @0x00007f636415c690 (class-space): nothing reclaimed.
[1233.425s][info][gc,phases      ] GC(14) Phase 1: Mark live objects 8.412ms
[1233.425s][info][gc,phases,start] GC(14) Phase 2: Prepare compaction
[1233.426s][info][gc,phases      ] GC(14) Phase 2: Prepare compaction 0.890ms
[1233.426s][info][gc,phases,start] GC(14) Phase 3: Adjust pointers
[1233.429s][info][gc,phases      ] GC(14) Phase 3: Adjust pointers 2.558ms
[1233.429s][info][gc,phases,start] GC(14) Phase 4: Compact heap
[1233.430s][info][gc,phases      ] GC(14) Phase 4: Compact heap 1.256ms
[1233.430s][info][gc,phases,start] GC(14) Phase 5: Reset Metadata
[1233.430s][info][gc,phases      ] GC(14) Phase 5: Reset Metadata 0.509ms
[1233.432s][info][gc,heap        ] GC(14) Eden regions: 25->0(55)
[1233.432s][info][gc,heap        ] GC(14) Survivor regions: 0->0(6)
[1233.432s][info][gc,heap        ] GC(14) Old regions: 9->9
[1233.432s][info][gc,heap        ] GC(14) Humongous regions: 16->0
[1233.432s][info][gc,metaspace   ] GC(14) Metaspace: 13596K(13760K)->13577K(13760K) NonClass: 12334K(12416K)->12315K(12416K) Class: 1261K(1344K)->1261K(1344K)
[1233.432s][info][gc             ] GC(14) Pause Full (System.gc()) 48M->7M(256M) 15.663ms
[1233.432s][info][gc,cpu         ] GC(14) User=0.03s Sys=0.00s Real=0.02s
[1370.320s][info][gc,start       ] GC(15) Pause Full (System.gc())
[1370.320s][info][gc,task        ] GC(15) Using 2 workers of 2 for full compaction
[1370.320s][info][gc,phases,start] GC(15) Phase 1: Mark live objects
[1370.326s][info][gc,phases      ] GC(15) Phase 1: Mark live objects 6.653ms
[1370.326s][info][gc,phases,start] GC(15) Phase 2: Prepare compaction
[1370.327s][info][gc,phases      ] GC(15) Phase 2: Prepare compaction 0.463ms
[1370.327s][info][gc,phases,start] GC(15) Phase 3: Adjust pointers
[1370.329s][info][gc,phases      ] GC(15) Phase 3: Adjust pointers 2.374ms
[1370.329s][info][gc,phases,start] GC(15) Phase 4: Compact heap
[1370.330s][info][gc,phases      ] GC(15) Phase 4: Compact heap 0.494ms
[1370.330s][info][gc,phases,start] GC(15) Phase 5: Reset Metadata
[1370.331s][info][gc,phases      ] GC(15) Phase 5: Reset Metadata 0.716ms
[1370.332s][info][gc,heap        ] GC(15) Eden regions: 25->0(55)
[1370.332s][info][gc,heap        ] GC(15) Survivor regions: 0->0(6)
[1370.332s][info][gc,heap        ] GC(15) Old regions: 9->8
[1370.332s][info][gc,heap        ] GC(15) Humongous regions: 16->0
[1370.332s][info][gc,metaspace   ] GC(15) Metaspace: 13604K(13760K)->13604K(13760K) NonClass: 12342K(12416K)->12342K(12416K) Class: 1261K(1344K)->1261K(1344K)
[1370.332s][info][gc             ] GC(15) Pause Full (System.gc()) 48M->7M(256M) 12.702ms
[1370.332s][info][gc,cpu         ] GC(15) User=0.03s Sys=0.00s Real=0.01s
[1507.228s][info][gc,start       ] GC(16) Pause Full (System.gc())
[1507.228s][info][gc,task        ] GC(16) Using 2 workers of 2 for full compaction
[1507.228s][info][gc,phases,start] GC(16) Phase 1: Mark live objects
[1507.239s][info][gc,phases      ] GC(16) Phase 1: Mark live objects 10.475ms
[1507.239s][info][gc,phases,start] GC(16) Phase 2: Prepare compaction
[1507.239s][info][gc,phases      ] GC(16) Phase 2: Prepare compaction 0.290ms
[1507.239s][info][gc,phases,start] GC(16) Phase 3: Adjust pointers
[1507.241s][info][gc,phases      ] GC(16) Phase 3: Adjust pointers 2.347ms
[1507.241s][info][gc,phases,start] GC(16) Phase 4: Compact heap
[1507.242s][info][gc,phases      ] GC(16) Phase 4: Compact heap 0.396ms
[1507.242s][info][gc,phases,start] GC(16) Phase 5: Reset Metadata
[1507.243s][info][gc,phases      ] GC(16) Phase 5: Reset Metadata 0.785ms
[1507.244s][info][gc,heap        ] GC(16) Eden regions: 25->0(55)
[1507.244s][info][gc,heap        ] GC(16) Survivor regions: 0->0(6)
[1507.244s][info][gc,heap        ] GC(16) Old regions: 8->8
[1507.244s][info][gc,heap        ] GC(16) Humongous regions: 16->0
[1507.244s][info][gc,metaspace   ] GC(16) Metaspace: 13634K(13824K)->13634K(13824K) NonClass: 12372K(12480K)->12372K(12480K) Class: 1261K(1344K)->1261K(1344K)
[1507.244s][info][gc             ] GC(16) Pause Full (System.gc()) 48M->7M(256M) 16.400ms
[1507.244s][info][gc,cpu         ] GC(16) User=0.02s Sys=0.00s Real=0.02s
[1507.250s][info][gc,heap,exit   ] Heap
[1507.250s][info][gc,heap,exit   ]  garbage-first heap   total reserved 1001472K, committed 262144K, used 8931K [0x00000000c2e00000, 0x0000000100000000)
[1507.250s][info][gc,heap,exit   ]   region size 1024K, 1 young (1024K), 0 survivors (0K)
[1507.250s][info][gc,heap,exit   ]  Metaspace       used 13636K, committed 13824K, reserved 1114112K
[1507.250s][info][gc,heap,exit   ]   class space    used 1261K, committed 1344K, reserved 1048576K
