[0.002s][info][metaspace]  - commit_granule_bytes: 65536.
[0.002s][info][metaspace]  - commit_granule_words: 8192.
[0.002s][info][metaspace]  - virtual_space_node_default_size: 8388608.
[0.002s][info][metaspace]  - enlarge_chunks_in_place: 1.
[0.004s][info][gc,init  ] CardTable entry size: 512
[0.008s][info][gc       ] Using G1
[0.011s][info][gc,init  ] Version: 24-internal-adhoc.root.jdk (release)
[0.011s][info][gc,init  ] CPUs: 2 total, 2 available
[0.011s][info][gc,init  ] Memory: 3908M
[0.011s][info][gc,init  ] Large Page Support: Disabled
[0.011s][info][gc,init  ] NUMA Support: Disabled
[0.011s][info][gc,init  ] Compressed Oops: Enabled (32-bit)
[0.011s][info][gc,init  ] Heap Region Size: 1M
[0.011s][info][gc,init  ] Heap Min Capacity: 256M
[0.011s][info][gc,init  ] Heap Initial Capacity: 256M
[0.011s][info][gc,init  ] Heap Max Capacity: 978M
[0.011s][info][gc,init  ] Pre-touch: Disabled
[0.011s][info][gc,init  ] Parallel Workers: 2
[0.011s][info][gc,init  ] Concurrent Workers: 1
[0.011s][info][gc,init  ] Concurrent Refinement Workers: 2
[0.011s][info][gc,init  ] Periodic GC: Disabled
[0.025s][info][gc,metaspace] CDS archive(s) mapped at: [0x00007fa4aa000000-0x00007fa4aadc0000-0x00007fa4aadc0000), size 14417920, SharedBaseAddress: 0x00007fa4aa000000, ArchiveRelocationMode: 1.
[0.025s][info][gc,metaspace] Compressed class space mapped at: 0x00007fa4ab000000-0x00007fa4eb000000, reserved size: 1073741824
[0.025s][info][gc,metaspace] UseCompressedClassPointers 1, UseCompactObjectHeaders 0
[0.025s][info][gc,metaspace] Narrow klass pointer bits 32, Max shift 3
[0.025s][info][gc,metaspace] Narrow klass base: 0x00007fa4aa000000, Narrow klass shift: 0
[0.025s][info][gc,metaspace] Encoding Range: [0x00007fa4aa000000 - 0x00007fa5aa000000), (4294967296 bytes)
[0.025s][info][gc,metaspace] Klass Range:    [0x00007fa4aa000000 - 0x00007fa4eb000000), (1090519040 bytes)
[0.025s][info][gc,metaspace] Klass ID Range:  [8 - 1090519033) (1090519025)
[0.712s][info][gc,start    ] GC(0) Pause Young (Normal) (G1 Evacuation Pause)
[0.713s][info][gc,task     ] GC(0) Using 2 workers of 2 for evacuation
[0.717s][info][gc,phases   ] GC(0)   Pre Evacuate Collection Set: 0.16ms
[0.717s][info][gc,phases   ] GC(0)   Merge Heap Roots: 0.08ms
[0.717s][info][gc,phases   ] GC(0)   Evacuate Collection Set: 3.85ms
[0.717s][info][gc,phases   ] GC(0)   Post Evacuate Collection Set: 0.26ms
[0.717s][info][gc,phases   ] GC(0)   Other: 0.20ms
[0.717s][info][gc,heap     ] GC(0) Eden regions: 12->0(10)
[0.717s][info][gc,heap     ] GC(0) Survivor regions: 0->2(2)
[0.717s][info][gc,heap     ] GC(0) Old regions: 2->4
[0.717s][info][gc,heap     ] GC(0) Humongous regions: 0->0
[0.717s][info][gc,metaspace] GC(0) Metaspace: 2681K(2816K)->2681K(2816K) NonClass: 2475K(2560K)->2475K(2560K) Class: 205K(256K)->205K(256K)
[0.717s][info][gc          ] GC(0) Pause Young (Normal) (G1 Evacuation Pause) 13M->4M(258M) 4.773ms
[0.717s][info][gc,cpu      ] GC(0) User=0.00s Sys=0.00s Real=0.00s
[0.906s][info][gc,start    ] GC(1) Pause Young (Normal) (G1 Evacuation Pause)
[0.906s][info][gc,task     ] GC(1) Using 2 workers of 2 for evacuation
[0.910s][info][gc,phases   ] GC(1)   Pre Evacuate Collection Set: 0.15ms
[0.910s][info][gc,phases   ] GC(1)   Merge Heap Roots: 0.04ms
[0.910s][info][gc,phases   ] GC(1)   Evacuate Collection Set: 3.19ms
[0.910s][info][gc,phases   ] GC(1)   Post Evacuate Collection Set: 0.27ms
[0.910s][info][gc,phases   ] GC(1)   Other: 0.06ms
[0.910s][info][gc,heap     ] GC(1) Eden regions: 10->0(12)
[0.910s][info][gc,heap     ] GC(1) Survivor regions: 2->2(2)
[0.910s][info][gc,heap     ] GC(1) Old regions: 4->6
[0.910s][info][gc,heap     ] GC(1) Humongous regions: 0->0
[0.910s][info][gc,metaspace] GC(1) Metaspace: 6706K(6848K)->6706K(6848K) NonClass: 6137K(6208K)->6137K(6208K) Class: 568K(640K)->568K(640K)
[0.910s][info][gc          ] GC(1) Pause Young (Normal) (G1 Evacuation Pause) 14M->5M(258M) 3.892ms
[0.910s][info][gc,cpu      ] GC(1) User=0.01s Sys=0.00s Real=0.01s
[1.147s][info][gc,start    ] GC(2) Pause Young (Normal) (G1 Evacuation Pause)
[1.147s][info][gc,task     ] GC(2) Using 2 workers of 2 for evacuation
[1.151s][info][gc,phases   ] GC(2)   Pre Evacuate Collection Set: 0.14ms
[1.151s][info][gc,phases   ] GC(2)   Merge Heap Roots: 0.03ms
[1.151s][info][gc,phases   ] GC(2)   Evacuate Collection Set: 3.26ms
[1.151s][info][gc,phases   ] GC(2)   Post Evacuate Collection Set: 0.26ms
[1.151s][info][gc,phases   ] GC(2)   Other: 0.07ms
[1.151s][info][gc,heap     ] GC(2) Eden regions: 12->0(23)
[1.151s][info][gc,heap     ] GC(2) Survivor regions: 2->1(2)
[1.151s][info][gc,heap     ] GC(2) Old regions: 6->7
[1.151s][info][gc,heap     ] GC(2) Humongous regions: 0->0
[1.151s][info][gc,metaspace] GC(2) Metaspace: 11308K(11456K)->11308K(11456K) NonClass: 10172K(10240K)->10172K(10240K) Class: 1136K(1216K)->1136K(1216K)
[1.151s][info][gc          ] GC(2) Pause Young (Normal) (G1 Evacuation Pause) 17M->6M(258M) 3.924ms
[1.151s][info][gc,cpu      ] GC(2) User=0.01s Sys=0.00s Real=0.01s
[1.524s][info][gc,start    ] GC(3) Pause Young (Normal) (G1 Evacuation Pause)
[1.524s][info][gc,task     ] GC(3) Using 2 workers of 2 for evacuation
[1.528s][info][gc,phases   ] GC(3)   Pre Evacuate Collection Set: 0.14ms
[1.528s][info][gc,phases   ] GC(3)   Merge Heap Roots: 0.06ms
[1.528s][info][gc,phases   ] GC(3)   Evacuate Collection Set: 3.07ms
[1.528s][info][gc,phases   ] GC(3)   Post Evacuate Collection Set: 0.29ms
[1.528s][info][gc,phases   ] GC(3)   Other: 0.08ms
[1.528s][info][gc,heap     ] GC(3) Eden regions: 24->0(26)
[1.528s][info][gc,heap     ] GC(3) Survivor regions: 1->3(4)
[1.528s][info][gc,heap     ] GC(3) Old regions: 7->7
[1.528s][info][gc,heap     ] GC(3) Humongous regions: 16->2
[1.528s][info][gc,metaspace] GC(3) Metaspace: 12620K(12800K)->12620K(12800K) NonClass: 11381K(11456K)->11381K(11456K) Class: 1238K(1344K)->1238K(1344K)
[1.528s][info][gc          ] GC(3) Pause Young (Normal) (G1 Evacuation Pause) 46M->9M(258M) 3.798ms
[1.528s][info][gc,cpu      ] GC(3) User=0.00s Sys=0.00s Real=0.00s
[1.630s][info][gc,start    ] GC(4) Pause Young (Normal) (G1 Evacuation Pause)
[1.630s][info][gc,task     ] GC(4) Using 2 workers of 2 for evacuation
[1.633s][info][gc,phases   ] GC(4)   Pre Evacuate Collection Set: 0.14ms
[1.633s][info][gc,phases   ] GC(4)   Merge Heap Roots: 0.04ms
[1.633s][info][gc,phases   ] GC(4)   Evacuate Collection Set: 2.60ms
[1.633s][info][gc,phases   ] GC(4)   Post Evacuate Collection Set: 0.26ms
[1.633s][info][gc,phases   ] GC(4)   Other: 0.07ms
[1.633s][info][gc,heap     ] GC(4) Eden regions: 27->0(37)
[1.633s][info][gc,heap     ] GC(4) Survivor regions: 3->3(4)
[1.633s][info][gc,heap     ] GC(4) Old regions: 7->7
[1.633s][info][gc,heap     ] GC(4) Humongous regions: 2->2
[1.633s][info][gc,metaspace] GC(4) Metaspace: 12677K(12864K)->12677K(12864K) NonClass: 11437K(11520K)->11437K(11520K) Class: 1239K(1344K)->1239K(1344K)
[1.633s][info][gc          ] GC(4) Pause Young (Normal) (G1 Evacuation Pause) 36M->10M(258M) 3.268ms
[1.633s][info][gc,cpu      ] GC(4) User=0.01s Sys=0.00s Real=0.00s
[1.839s][info][gc,start    ] GC(5) Pause Young (Normal) (G1 Evacuation Pause)
[1.839s][info][gc,task     ] GC(5) Using 2 workers of 2 for evacuation
[1.844s][info][gc,phases   ] GC(5)   Pre Evacuate Collection Set: 0.17ms
[1.844s][info][gc,phases   ] GC(5)   Merge Heap Roots: 0.04ms
[1.844s][info][gc,phases   ] GC(5)   Evacuate Collection Set: 4.04ms
[1.844s][info][gc,phases   ] GC(5)   Post Evacuate Collection Set: 0.30ms
[1.844s][info][gc,phases   ] GC(5)   Other: 0.08ms
[1.844s][info][gc,heap     ] GC(5) Eden regions: 38->0(50)
[1.844s][info][gc,heap     ] GC(5) Survivor regions: 3->3(6)
[1.844s][info][gc,heap     ] GC(5) Old regions: 7->7
[1.844s][info][gc,heap     ] GC(5) Humongous regions: 2->0
[1.844s][info][gc,metaspace] GC(5) Metaspace: 12883K(13056K)->12883K(13056K) NonClass: 11632K(11712K)->11632K(11712K) Class: 1251K(1344K)->1251K(1344K)
[1.844s][info][gc          ] GC(5) Pause Young (Normal) (G1 Evacuation Pause) 48M->8M(258M) 4.833ms
[1.844s][info][gc,cpu      ] GC(5) User=0.01s Sys=0.01s Real=0.00s
[138.371s][info][gc,start    ] GC(6) Pause Full (System.gc())
[138.371s][info][gc,task     ] GC(6) Using 2 workers of 2 for full compaction
[138.371s][info][gc,phases,start] GC(6) Phase 1: Mark live objects
[138.377s][info][gc,phases      ] GC(6) Phase 1: Mark live objects 6.655ms
[138.377s][info][gc,phases,start] GC(6) Phase 2: Prepare compaction
[138.379s][info][gc,phases      ] GC(6) Phase 2: Prepare compaction 1.740ms
[138.379s][info][gc,phases,start] GC(6) Phase 3: Adjust pointers
[138.382s][info][gc,phases      ] GC(6) Phase 3: Adjust pointers 2.498ms
[138.382s][info][gc,phases,start] GC(6) Phase 4: Compact heap
[138.384s][info][gc,phases      ] GC(6) Phase 4: Compact heap 2.445ms
[138.384s][info][gc,phases,start] GC(6) Phase 5: Reset Metadata
[138.385s][info][gc,phases      ] GC(6) Phase 5: Reset Metadata 0.543ms
[138.388s][info][gc,heap        ] GC(6) Eden regions: 20->0(54)
[138.388s][info][gc,heap        ] GC(6) Survivor regions: 3->0(6)
[138.388s][info][gc,heap        ] GC(6) Old regions: 7->9
[138.388s][info][gc,heap        ] GC(6) Humongous regions: 0->0
[138.388s][info][gc,metaspace   ] GC(6) Metaspace: 13053K(13248K)->13053K(13248K) NonClass: 11798K(11904K)->11798K(11904K) Class: 1254K(1344K)->1254K(1344K)
[138.388s][info][gc             ] GC(6) Pause Full (System.gc()) 28M->7M(256M) 17.495ms
[138.388s][info][gc,cpu         ] GC(6) User=0.02s Sys=0.00s Real=0.01s
[275.312s][info][gc,start       ] GC(7) Pause Full (System.gc())
[275.312s][info][gc,task        ] GC(7) Using 2 workers of 2 for full compaction
[275.313s][info][gc,phases,start] GC(7) Phase 1: Mark live objects
[275.320s][info][gc,phases      ] GC(7) Phase 1: Mark live objects 6.953ms
[275.320s][info][gc,phases,start] GC(7) Phase 2: Prepare compaction
[275.321s][info][gc,phases      ] GC(7) Phase 2: Prepare compaction 1.027ms
[275.321s][info][gc,phases,start] GC(7) Phase 3: Adjust pointers
[275.323s][info][gc,phases      ] GC(7) Phase 3: Adjust pointers 2.686ms
[275.323s][info][gc,phases,start] GC(7) Phase 4: Compact heap
[275.325s][info][gc,phases      ] GC(7) Phase 4: Compact heap 1.292ms
[275.325s][info][gc,phases,start] GC(7) Phase 5: Reset Metadata
[275.325s][info][gc,phases      ] GC(7) Phase 5: Reset Metadata 0.496ms
[275.327s][info][gc,heap        ] GC(7) Eden regions: 26->0(54)
[275.327s][info][gc,heap        ] GC(7) Survivor regions: 0->0(6)
[275.327s][info][gc,heap        ] GC(7) Old regions: 9->9
[275.327s][info][gc,heap        ] GC(7) Humongous regions: 16->0
[275.327s][info][gc,metaspace   ] GC(7) Metaspace: 13301K(13504K)->13301K(13504K) NonClass: 12039K(12160K)->12039K(12160K) Class: 1261K(1344K)->1261K(1344K)
[275.327s][info][gc             ] GC(7) Pause Full (System.gc()) 49M->7M(256M) 14.348ms
[275.327s][info][gc,cpu         ] GC(7) User=0.03s Sys=0.00s Real=0.01s
[412.147s][info][gc,start       ] GC(8) Pause Full (System.gc())
[412.147s][info][gc,task        ] GC(8) Using 2 workers of 2 for full compaction
[412.148s][info][gc,phases,start] GC(8) Phase 1: Mark live objects
[412.157s][info][gc,phases      ] GC(8) Phase 1: Mark live objects 8.935ms
[412.157s][info][gc,phases,start] GC(8) Phase 2: Prepare compaction
[412.157s][info][gc,phases      ] GC(8) Phase 2: Prepare compaction 0.877ms
[412.157s][info][gc,phases,start] GC(8) Phase 3: Adjust pointers
[412.162s][info][gc,phases      ] GC(8) Phase 3: Adjust pointers 4.093ms
[412.162s][info][gc,phases,start] GC(8) Phase 4: Compact heap
[412.163s][info][gc,phases      ] GC(8) Phase 4: Compact heap 0.991ms
[412.163s][info][gc,phases,start] GC(8) Phase 5: Reset Metadata
[412.163s][info][gc,phases      ] GC(8) Phase 5: Reset Metadata 0.859ms
[412.165s][info][gc,heap        ] GC(8) Eden regions: 25->0(54)
[412.165s][info][gc,heap        ] GC(8) Survivor regions: 0->0(6)
[412.165s][info][gc,heap        ] GC(8) Old regions: 9->9
[412.165s][info][gc,heap        ] GC(8) Humongous regions: 16->0
[412.165s][info][gc,metaspace   ] GC(8) Metaspace: 13355K(13568K)->13355K(13568K) NonClass: 12093K(12224K)->12093K(12224K) Class: 1261K(1344K)->1261K(1344K)
[412.165s][info][gc             ] GC(8) Pause Full (System.gc()) 48M->7M(256M) 17.891ms
[412.165s][info][gc,cpu         ] GC(8) User=0.04s Sys=0.00s Real=0.02s
[549.109s][info][gc,start       ] GC(9) Pause Full (System.gc())
[549.109s][info][gc,task        ] GC(9) Using 2 workers of 2 for full compaction
[549.109s][info][gc,phases,start] GC(9) Phase 1: Mark live objects
[549.116s][info][gc,phases      ] GC(9) Phase 1: Mark live objects 6.383ms
[549.116s][info][gc,phases,start] GC(9) Phase 2: Prepare compaction
[549.116s][info][gc,phases      ] GC(9) Phase 2: Prepare compaction 0.706ms
[549.117s][info][gc,phases,start] GC(9) Phase 3: Adjust pointers
[549.119s][info][gc,phases      ] GC(9) Phase 3: Adjust pointers 2.380ms
[549.119s][info][gc,phases,start] GC(9) Phase 4: Compact heap
[549.120s][info][gc,phases      ] GC(9) Phase 4: Compact heap 0.715ms
[549.120s][info][gc,phases,start] GC(9) Phase 5: Reset Metadata
[549.120s][info][gc,phases      ] GC(9) Phase 5: Reset Metadata 0.620ms
[549.122s][info][gc,heap        ] GC(9) Eden regions: 25->0(54)
[549.122s][info][gc,heap        ] GC(9) Survivor regions: 0->0(6)
[549.122s][info][gc,heap        ] GC(9) Old regions: 9->9
[549.122s][info][gc,heap        ] GC(9) Humongous regions: 16->0
[549.122s][info][gc,metaspace   ] GC(9) Metaspace: 13405K(13568K)->13405K(13568K) NonClass: 12143K(12224K)->12143K(12224K) Class: 1261K(1344K)->1261K(1344K)
[549.122s][info][gc             ] GC(9) Pause Full (System.gc()) 48M->7M(256M) 12.667ms
[549.122s][info][gc,cpu         ] GC(9) User=0.02s Sys=0.00s Real=0.01s
[685.961s][info][gc,start       ] GC(10) Pause Full (System.gc())
[685.961s][info][gc,task        ] GC(10) Using 2 workers of 2 for full compaction
[685.961s][info][gc,phases,start] GC(10) Phase 1: Mark live objects
[685.968s][info][gc,phases      ] GC(10) Phase 1: Mark live objects 6.480ms
[685.968s][info][gc,phases,start] GC(10) Phase 2: Prepare compaction
[685.968s][info][gc,phases      ] GC(10) Phase 2: Prepare compaction 0.703ms
[685.969s][info][gc,phases,start] GC(10) Phase 3: Adjust pointers
[685.971s][info][gc,phases      ] GC(10) Phase 3: Adjust pointers 2.334ms
[685.971s][info][gc,phases,start] GC(10) Phase 4: Compact heap
[685.972s][info][gc,phases      ] GC(10) Phase 4: Compact heap 0.763ms
[685.972s][info][gc,phases,start] GC(10) Phase 5: Reset Metadata
[685.972s][info][gc,phases      ] GC(10) Phase 5: Reset Metadata 0.619ms
[685.974s][info][gc,heap        ] GC(10) Eden regions: 25->0(54)
[685.974s][info][gc,heap        ] GC(10) Survivor regions: 0->0(6)
[685.974s][info][gc,heap        ] GC(10) Old regions: 9->9
[685.974s][info][gc,heap        ] GC(10) Humongous regions: 16->0
[685.974s][info][gc,metaspace   ] GC(10) Metaspace: 13441K(13632K)->13441K(13632K) NonClass: 12179K(12288K)->12179K(12288K) Class: 1261K(1344K)->1261K(1344K)
[685.974s][info][gc             ] GC(10) Pause Full (System.gc()) 48M->7M(256M) 12.766ms
[685.974s][info][gc,cpu         ] GC(10) User=0.03s Sys=0.00s Real=0.01s
[822.846s][info][gc,start       ] GC(11) Pause Full (System.gc())
[822.846s][info][gc,task        ] GC(11) Using 2 workers of 2 for full compaction
[822.846s][info][gc,phases,start] GC(11) Phase 1: Mark live objects
[822.858s][info][gc,phases      ] GC(11) Phase 1: Mark live objects 11.367ms
[822.858s][info][gc,phases,start] GC(11) Phase 2: Prepare compaction
[822.859s][info][gc,phases      ] GC(11) Phase 2: Prepare compaction 0.724ms
[822.859s][info][gc,phases,start] GC(11) Phase 3: Adjust pointers
[822.861s][info][gc,phases      ] GC(11) Phase 3: Adjust pointers 2.438ms
[822.861s][info][gc,phases,start] GC(11) Phase 4: Compact heap
[822.862s][info][gc,phases      ] GC(11) Phase 4: Compact heap 0.755ms
[822.862s][info][gc,phases,start] GC(11) Phase 5: Reset Metadata
[822.862s][info][gc,phases      ] GC(11) Phase 5: Reset Metadata 0.641ms
[822.864s][info][gc,heap        ] GC(11) Eden regions: 25->0(54)
[822.864s][info][gc,heap        ] GC(11) Survivor regions: 0->0(6)
[822.864s][info][gc,heap        ] GC(11) Old regions: 9->9
[822.864s][info][gc,heap        ] GC(11) Humongous regions: 16->0
[822.864s][info][gc,metaspace   ] GC(11) Metaspace: 13482K(13632K)->13482K(13632K) NonClass: 12220K(12288K)->12220K(12288K) Class: 1261K(1344K)->1261K(1344K)
[822.864s][info][gc             ] GC(11) Pause Full (System.gc()) 48M->7M(256M) 18.038ms
[822.864s][info][gc,cpu         ] GC(11) User=0.02s Sys=0.00s Real=0.02s
[959.625s][info][gc,start       ] GC(12) Pause Full (System.gc())
[959.625s][info][gc,task        ] GC(12) Using 2 workers of 2 for full compaction
[959.625s][info][gc,phases,start] GC(12) Phase 1: Mark live objects
[959.631s][info][gc,phases      ] GC(12) Phase 1: Mark live objects 6.578ms
[959.631s][info][gc,phases,start] GC(12) Phase 2: Prepare compaction
[959.632s][info][gc,phases      ] GC(12) Phase 2: Prepare compaction 0.675ms
[959.632s][info][gc,phases,start] GC(12) Phase 3: Adjust pointers
[959.634s][info][gc,phases      ] GC(12) Phase 3: Adjust pointers 2.406ms
[959.634s][info][gc,phases,start] GC(12) Phase 4: Compact heap
[959.635s][info][gc,phases      ] GC(12) Phase 4: Compact heap 0.699ms
[959.635s][info][gc,phases,start] GC(12) Phase 5: Reset Metadata
[959.636s][info][gc,phases      ] GC(12) Phase 5: Reset Metadata 0.630ms
[959.637s][info][gc,heap        ] GC(12) Eden regions: 25->0(54)
[959.637s][info][gc,heap        ] GC(12) Survivor regions: 0->0(6)
[959.637s][info][gc,heap        ] GC(12) Old regions: 9->9
[959.637s][info][gc,heap        ] GC(12) Humongous regions: 16->0
[959.637s][info][gc,metaspace   ] GC(12) Metaspace: 13520K(13696K)->13520K(13696K) NonClass: 12258K(12352K)->12258K(12352K) Class: 1261K(1344K)->1261K(1344K)
[959.637s][info][gc             ] GC(12) Pause Full (System.gc()) 48M->7M(256M) 12.990ms
[959.638s][info][gc,cpu         ] GC(12) User=0.03s Sys=0.00s Real=0.01s
[1096.500s][info][gc,start       ] GC(13) Pause Full (System.gc())
[1096.500s][info][gc,task        ] GC(13) Using 2 workers of 2 for full compaction
[1096.500s][info][gc,phases,start] GC(13) Phase 1: Mark live objects
[1096.506s][info][gc,phases      ] GC(13) Phase 1: Mark live objects 6.644ms
[1096.506s][info][gc,phases,start] GC(13) Phase 2: Prepare compaction
[1096.507s][info][gc,phases      ] GC(13) Phase 2: Prepare compaction 0.678ms
[1096.507s][info][gc,phases,start] GC(13) Phase 3: Adjust pointers
[1096.510s][info][gc,phases      ] GC(13) Phase 3: Adjust pointers 2.454ms
[1096.510s][info][gc,phases,start] GC(13) Phase 4: Compact heap
[1096.510s][info][gc,phases      ] GC(13) Phase 4: Compact heap 0.803ms
[1096.511s][info][gc,phases,start] GC(13) Phase 5: Reset Metadata
[1096.511s][info][gc,phases      ] GC(13) Phase 5: Reset Metadata 0.626ms
[1096.513s][info][gc,heap        ] GC(13) Eden regions: 26->0(54)
[1096.513s][info][gc,heap        ] GC(13) Survivor regions: 0->0(6)
[1096.513s][info][gc,heap        ] GC(13) Old regions: 9->9
[1096.513s][info][gc,heap        ] GC(13) Humongous regions: 16->0
[1096.513s][info][gc,metaspace   ] GC(13) Metaspace: 13549K(13760K)->13549K(13760K) NonClass: 12287K(12416K)->12287K(12416K) Class: 1261K(1344K)->1261K(1344K)
[1096.513s][info][gc             ] GC(13) Pause Full (System.gc()) 49M->7M(256M) 13.162ms
[1096.513s][info][gc,cpu         ] GC(13) User=0.02s Sys=0.00s Real=0.01s
[1233.407s][info][gc,start       ] GC(14) Pause Full (System.gc())
[1233.407s][info][gc,task        ] GC(14) Using 2 workers of 2 for full compaction
[1233.407s][info][gc,phases,start] GC(14) Phase 1: Mark live objects
[1233.415s][info][metaspace      ] ChkMgr @0x00007fa52015e580 (non-class-space): : reclaiming memory...
[1233.415s][info][metaspace      ] ChkMgr @0x00007fa52015e580 (non-class-space): nothing reclaimed.
[1233.415s][info][metaspace      ] ChkMgr @0x00007fa52015c690 (class-space): : reclaiming memory...
[1233.415s][info][metaspace      ] ChkMgr @0x00007fa52015c690 (class-space): nothing reclaimed.
[1233.415s][info][gc,phases      ] GC(14) Phase 1: Mark live objects 8.294ms
[1233.415s][info][gc,phases,start] GC(14) Phase 2: Prepare compaction
[1233.416s][info][gc,phases      ] GC(14) Phase 2: Prepare compaction 0.715ms
[1233.416s][info][gc,phases,start] GC(14) Phase 3: Adjust pointers
[1233.419s][info][gc,phases      ] GC(14) Phase 3: Adjust pointers 2.525ms
[1233.419s][info][gc,phases,start] GC(14) Phase 4: Compact heap
[1233.420s][info][gc,phases      ] GC(14) Phase 4: Compact heap 0.908ms
[1233.420s][info][gc,phases,start] GC(14) Phase 5: Reset Metadata
[1233.420s][info][gc,phases      ] GC(14) Phase 5: Reset Metadata 0.540ms
[1233.422s][info][gc,heap        ] GC(14) Eden regions: 25->0(54)
[1233.422s][info][gc,heap        ] GC(14) Survivor regions: 0->0(6)
[1233.422s][info][gc,heap        ] GC(14) Old regions: 9->8
[1233.422s][info][gc,heap        ] GC(14) Humongous regions: 16->0
[1233.422s][info][gc,metaspace   ] GC(14) Metaspace: 13590K(13760K)->13572K(13760K) NonClass: 12328K(12416K)->12310K(12416K) Class: 1261K(1344K)->1261K(1344K)
[1233.422s][info][gc             ] GC(14) Pause Full (System.gc()) 48M->7M(256M) 14.916ms
[1233.422s][info][gc,cpu         ] GC(14) User=0.03s Sys=0.00s Real=0.02s
[1370.092s][info][gc,start       ] GC(15) Pause Full (System.gc())
[1370.092s][info][gc,task        ] GC(15) Using 2 workers of 2 for full compaction
[1370.092s][info][gc,phases,start] GC(15) Phase 1: Mark live objects
[1370.099s][info][gc,phases      ] GC(15) Phase 1: Mark live objects 6.787ms
[1370.099s][info][gc,phases,start] GC(15) Phase 2: Prepare compaction
[1370.100s][info][gc,phases      ] GC(15) Phase 2: Prepare compaction 0.595ms
[1370.100s][info][gc,phases,start] GC(15) Phase 3: Adjust pointers
[1370.102s][info][gc,phases      ] GC(15) Phase 3: Adjust pointers 2.614ms
[1370.103s][info][gc,phases,start] GC(15) Phase 4: Compact heap
[1370.103s][info][gc,phases      ] GC(15) Phase 4: Compact heap 0.759ms
[1370.103s][info][gc,phases,start] GC(15) Phase 5: Reset Metadata
[1370.104s][info][gc,phases      ] GC(15) Phase 5: Reset Metadata 0.656ms
[1370.106s][info][gc,heap        ] GC(15) Eden regions: 25->0(54)
[1370.106s][info][gc,heap        ] GC(15) Survivor regions: 0->0(6)
[1370.106s][info][gc,heap        ] GC(15) Old regions: 8->8
[1370.106s][info][gc,heap        ] GC(15) Humongous regions: 16->0
[1370.106s][info][gc,metaspace   ] GC(15) Metaspace: 13597K(13760K)->13597K(13760K) NonClass: 12335K(12416K)->12335K(12416K) Class: 1261K(1344K)->1261K(1344K)
[1370.106s][info][gc             ] GC(15) Pause Full (System.gc()) 48M->7M(256M) 13.569ms
[1370.106s][info][gc,cpu         ] GC(15) User=0.02s Sys=0.00s Real=0.01s
[1506.980s][info][gc,start       ] GC(16) Pause Full (System.gc())
[1506.980s][info][gc,task        ] GC(16) Using 2 workers of 2 for full compaction
[1506.980s][info][gc,phases,start] GC(16) Phase 1: Mark live objects
[1506.987s][info][gc,phases      ] GC(16) Phase 1: Mark live objects 6.398ms
[1506.987s][info][gc,phases,start] GC(16) Phase 2: Prepare compaction
[1506.987s][info][gc,phases      ] GC(16) Phase 2: Prepare compaction 0.591ms
[1506.987s][info][gc,phases,start] GC(16) Phase 3: Adjust pointers
[1506.990s][info][gc,phases      ] GC(16) Phase 3: Adjust pointers 2.435ms
[1506.990s][info][gc,phases,start] GC(16) Phase 4: Compact heap
[1506.990s][info][gc,phases      ] GC(16) Phase 4: Compact heap 0.719ms
[1506.991s][info][gc,phases,start] GC(16) Phase 5: Reset Metadata
[1506.991s][info][gc,phases      ] GC(16) Phase 5: Reset Metadata 0.663ms
[1506.993s][info][gc,heap        ] GC(16) Eden regions: 25->0(54)
[1506.993s][info][gc,heap        ] GC(16) Survivor regions: 0->0(6)
[1506.993s][info][gc,heap        ] GC(16) Old regions: 8->8
[1506.993s][info][gc,heap        ] GC(16) Humongous regions: 16->0
[1506.993s][info][gc,metaspace   ] GC(16) Metaspace: 13629K(13824K)->13629K(13824K) NonClass: 12367K(12480K)->12367K(12480K) Class: 1261K(1344K)->1261K(1344K)
[1506.993s][info][gc             ] GC(16) Pause Full (System.gc()) 48M->7M(256M) 12.894ms
[1506.993s][info][gc,cpu         ] GC(16) User=0.03s Sys=0.00s Real=0.01s
[1507.002s][info][gc,heap,exit   ] Heap
[1507.002s][info][gc,heap,exit   ]  garbage-first heap   total reserved 1001472K, committed 262144K, used 8935K [0x00000000c2e00000, 0x0000000100000000)
[1507.002s][info][gc,heap,exit   ]   region size 1024K, 1 young (1024K), 0 survivors (0K)
[1507.002s][info][gc,heap,exit   ]  Metaspace       used 13631K, committed 13824K, reserved 1114112K
[1507.002s][info][gc,heap,exit   ]   class space    used 1261K, committed 1344K, reserved 1048576K
