[0.002s][info][metaspace]  - commit_granule_bytes: 65536.
[0.002s][info][metaspace]  - commit_granule_words: 8192.
[0.002s][info][metaspace]  - virtual_space_node_default_size: 8388608.
[0.002s][info][metaspace]  - enlarge_chunks_in_place: 1.
[0.004s][info][gc,init  ] CardTable entry size: 512
[0.008s][info][gc       ] Using G1
[0.011s][info][gc,init  ] Version: 24-internal-adhoc.root.jdk (release)
[0.011s][info][gc,init  ] CPUs: 2 total, 2 available
[0.012s][info][gc,init  ] Memory: 3908M
[0.012s][info][gc,init  ] Large Page Support: Disabled
[0.012s][info][gc,init  ] NUMA Support: Disabled
[0.012s][info][gc,init  ] Compressed Oops: Enabled (32-bit)
[0.012s][info][gc,init  ] Heap Region Size: 1M
[0.012s][info][gc,init  ] Heap Min Capacity: 256M
[0.012s][info][gc,init  ] Heap Initial Capacity: 256M
[0.012s][info][gc,init  ] Heap Max Capacity: 978M
[0.012s][info][gc,init  ] Pre-touch: Disabled
[0.012s][info][gc,init  ] Parallel Workers: 2
[0.012s][info][gc,init  ] Concurrent Workers: 1
[0.012s][info][gc,init  ] Concurrent Refinement Workers: 2
[0.012s][info][gc,init  ] Periodic GC: Disabled
[0.024s][info][gc,metaspace] CDS archive(s) mapped at: [0x00007f7c16000000-0x00007f7c16dc0000-0x00007f7c16dc0000), size 14417920, SharedBaseAddress: 0x00007f7c16000000, ArchiveRelocationMode: 1.
[0.024s][info][gc,metaspace] Compressed class space mapped at: 0x00007f7c17000000-0x00007f7c57000000, reserved size: 1073741824
[0.024s][info][gc,metaspace] UseCompressedClassPointers 1, UseCompactObjectHeaders 0
[0.024s][info][gc,metaspace] Narrow klass pointer bits 32, Max shift 3
[0.024s][info][gc,metaspace] Narrow klass base: 0x00007f7c16000000, Narrow klass shift: 0
[0.024s][info][gc,metaspace] Encoding Range: [0x00007f7c16000000 - 0x00007f7d16000000), (4294967296 bytes)
[0.024s][info][gc,metaspace] Klass Range:    [0x00007f7c16000000 - 0x00007f7c57000000), (1090519040 bytes)
[0.024s][info][gc,metaspace] Klass ID Range:  [8 - 1090519033) (1090519025)
[1.098s][info][gc,start    ] GC(0) Pause Young (Normal) (G1 Evacuation Pause)
[1.098s][info][gc,task     ] GC(0) Using 2 workers of 2 for evacuation
[1.104s][info][gc,phases   ] GC(0)   Pre Evacuate Collection Set: 0.16ms
[1.104s][info][gc,phases   ] GC(0)   Merge Heap Roots: 0.07ms
[1.104s][info][gc,phases   ] GC(0)   Evacuate Collection Set: 5.03ms
[1.104s][info][gc,phases   ] GC(0)   Post Evacuate Collection Set: 0.29ms
[1.104s][info][gc,phases   ] GC(0)   Other: 0.17ms
[1.104s][info][gc,heap     ] GC(0) Eden regions: 12->0(10)
[1.104s][info][gc,heap     ] GC(0) Survivor regions: 0->2(2)
[1.104s][info][gc,heap     ] GC(0) Old regions: 2->4
[1.104s][info][gc,heap     ] GC(0) Humongous regions: 0->0
[1.104s][info][gc,metaspace] GC(0) Metaspace: 2673K(2752K)->2673K(2752K) NonClass: 2468K(2496K)->2468K(2496K) Class: 205K(256K)->205K(256K)
[1.104s][info][gc          ] GC(0) Pause Young (Normal) (G1 Evacuation Pause) 13M->4M(258M) 5.929ms
[1.104s][info][gc,cpu      ] GC(0) User=0.01s Sys=0.00s Real=0.00s
[1.325s][info][gc,start    ] GC(1) Pause Young (Normal) (G1 Evacuation Pause)
[1.325s][info][gc,task     ] GC(1) Using 2 workers of 2 for evacuation
[1.329s][info][gc,phases   ] GC(1)   Pre Evacuate Collection Set: 0.15ms
[1.329s][info][gc,phases   ] GC(1)   Merge Heap Roots: 0.04ms
[1.329s][info][gc,phases   ] GC(1)   Evacuate Collection Set: 3.74ms
[1.329s][info][gc,phases   ] GC(1)   Post Evacuate Collection Set: 0.26ms
[1.329s][info][gc,phases   ] GC(1)   Other: 0.07ms
[1.329s][info][gc,heap     ] GC(1) Eden regions: 10->0(11)
[1.329s][info][gc,heap     ] GC(1) Survivor regions: 2->2(2)
[1.329s][info][gc,heap     ] GC(1) Old regions: 4->6
[1.329s][info][gc,heap     ] GC(1) Humongous regions: 0->0
[1.329s][info][gc,metaspace] GC(1) Metaspace: 6718K(6848K)->6718K(6848K) NonClass: 6150K(6208K)->6150K(6208K) Class: 568K(640K)->568K(640K)
[1.329s][info][gc          ] GC(1) Pause Young (Normal) (G1 Evacuation Pause) 14M->6M(258M) 4.405ms
[1.329s][info][gc,cpu      ] GC(1) User=0.01s Sys=0.00s Real=0.01s
[1.579s][info][gc,start    ] GC(2) Pause Young (Normal) (G1 Evacuation Pause)
[1.579s][info][gc,task     ] GC(2) Using 2 workers of 2 for evacuation
[1.583s][info][gc,phases   ] GC(2)   Pre Evacuate Collection Set: 0.13ms
[1.583s][info][gc,phases   ] GC(2)   Merge Heap Roots: 0.04ms
[1.583s][info][gc,phases   ] GC(2)   Evacuate Collection Set: 2.91ms
[1.583s][info][gc,phases   ] GC(2)   Post Evacuate Collection Set: 0.22ms
[1.583s][info][gc,phases   ] GC(2)   Other: 0.09ms
[1.583s][info][gc,heap     ] GC(2) Eden regions: 12->0(23)
[1.583s][info][gc,heap     ] GC(2) Survivor regions: 2->1(2)
[1.583s][info][gc,heap     ] GC(2) Old regions: 6->7
[1.583s][info][gc,heap     ] GC(2) Humongous regions: 0->0
[1.583s][info][gc,metaspace] GC(2) Metaspace: 11337K(11520K)->11337K(11520K) NonClass: 10201K(10304K)->10201K(10304K) Class: 1136K(1216K)->1136K(1216K)
[1.583s][info][gc          ] GC(2) Pause Young (Normal) (G1 Evacuation Pause) 18M->6M(258M) 3.579ms
[1.583s][info][gc,cpu      ] GC(2) User=0.01s Sys=0.00s Real=0.00s
[2.092s][info][gc,start    ] GC(3) Pause Young (Normal) (G1 Evacuation Pause)
[2.093s][info][gc,task     ] GC(3) Using 2 workers of 2 for evacuation
[2.096s][info][gc,phases   ] GC(3)   Pre Evacuate Collection Set: 0.15ms
[2.096s][info][gc,phases   ] GC(3)   Merge Heap Roots: 0.03ms
[2.096s][info][gc,phases   ] GC(3)   Evacuate Collection Set: 3.27ms
[2.096s][info][gc,phases   ] GC(3)   Post Evacuate Collection Set: 0.25ms
[2.096s][info][gc,phases   ] GC(3)   Other: 0.09ms
[2.096s][info][gc,heap     ] GC(3) Eden regions: 24->0(26)
[2.096s][info][gc,heap     ] GC(3) Survivor regions: 1->3(4)
[2.096s][info][gc,heap     ] GC(3) Old regions: 7->7
[2.096s][info][gc,heap     ] GC(3) Humongous regions: 16->2
[2.096s][info][gc,metaspace] GC(3) Metaspace: 12640K(12864K)->12640K(12864K) NonClass: 11401K(11520K)->11401K(11520K) Class: 1238K(1344K)->1238K(1344K)
[2.096s][info][gc          ] GC(3) Pause Young (Normal) (G1 Evacuation Pause) 46M->10M(258M) 3.952ms
[2.096s][info][gc,cpu      ] GC(3) User=0.01s Sys=0.00s Real=0.00s
[2.192s][info][gc,start    ] GC(4) Pause Young (Normal) (G1 Evacuation Pause)
[2.192s][info][gc,task     ] GC(4) Using 2 workers of 2 for evacuation
[2.196s][info][gc,phases   ] GC(4)   Pre Evacuate Collection Set: 0.30ms
[2.196s][info][gc,phases   ] GC(4)   Merge Heap Roots: 0.06ms
[2.196s][info][gc,phases   ] GC(4)   Evacuate Collection Set: 3.78ms
[2.196s][info][gc,phases   ] GC(4)   Post Evacuate Collection Set: 0.26ms
[2.196s][info][gc,phases   ] GC(4)   Other: 0.07ms
[2.196s][info][gc,heap     ] GC(4) Eden regions: 27->0(38)
[2.196s][info][gc,heap     ] GC(4) Survivor regions: 3->3(4)
[2.196s][info][gc,heap     ] GC(4) Old regions: 7->7
[2.196s][info][gc,heap     ] GC(4) Humongous regions: 2->2
[2.196s][info][gc,metaspace] GC(4) Metaspace: 12694K(12864K)->12694K(12864K) NonClass: 11454K(11520K)->11454K(11520K) Class: 1239K(1344K)->1239K(1344K)
[2.196s][info][gc          ] GC(4) Pause Young (Normal) (G1 Evacuation Pause) 37M->10M(258M) 4.623ms
[2.196s][info][gc,cpu      ] GC(4) User=0.01s Sys=0.00s Real=0.00s
[2.408s][info][gc,start    ] GC(5) Pause Young (Normal) (G1 Evacuation Pause)
[2.408s][info][gc,task     ] GC(5) Using 2 workers of 2 for evacuation
[2.412s][info][gc,phases   ] GC(5)   Pre Evacuate Collection Set: 0.15ms
[2.412s][info][gc,phases   ] GC(5)   Merge Heap Roots: 0.04ms
[2.412s][info][gc,phases   ] GC(5)   Evacuate Collection Set: 2.97ms
[2.412s][info][gc,phases   ] GC(5)   Post Evacuate Collection Set: 0.31ms
[2.412s][info][gc,phases   ] GC(5)   Other: 0.07ms
[2.412s][info][gc,heap     ] GC(5) Eden regions: 38->0(50)
[2.412s][info][gc,heap     ] GC(5) Survivor regions: 3->3(6)
[2.412s][info][gc,heap     ] GC(5) Old regions: 7->7
[2.412s][info][gc,heap     ] GC(5) Humongous regions: 2->0
[2.412s][info][gc,metaspace] GC(5) Metaspace: 12893K(13056K)->12893K(13056K) NonClass: 11641K(11712K)->11641K(11712K) Class: 1251K(1344K)->1251K(1344K)
[2.412s][info][gc          ] GC(5) Pause Young (Normal) (G1 Evacuation Pause) 48M->8M(258M) 3.709ms
[2.412s][info][gc,cpu      ] GC(5) User=0.00s Sys=0.01s Real=0.00s
[138.943s][info][gc,start    ] GC(6) Pause Full (System.gc())
[138.943s][info][gc,task     ] GC(6) Using 2 workers of 2 for full compaction
[138.944s][info][gc,phases,start] GC(6) Phase 1: Mark live objects
[138.950s][info][gc,phases      ] GC(6) Phase 1: Mark live objects 6.623ms
[138.950s][info][gc,phases,start] GC(6) Phase 2: Prepare compaction
[138.952s][info][gc,phases      ] GC(6) Phase 2: Prepare compaction 1.847ms
[138.952s][info][gc,phases,start] GC(6) Phase 3: Adjust pointers
[138.955s][info][gc,phases      ] GC(6) Phase 3: Adjust pointers 2.672ms
[138.955s][info][gc,phases,start] GC(6) Phase 4: Compact heap
[138.957s][info][gc,phases      ] GC(6) Phase 4: Compact heap 2.364ms
[138.957s][info][gc,phases,start] GC(6) Phase 5: Reset Metadata
[138.958s][info][gc,phases      ] GC(6) Phase 5: Reset Metadata 0.486ms
[138.961s][info][gc,heap        ] GC(6) Eden regions: 19->0(55)
[138.961s][info][gc,heap        ] GC(6) Survivor regions: 3->0(6)
[138.961s][info][gc,heap        ] GC(6) Old regions: 7->8
[138.961s][info][gc,heap        ] GC(6) Humongous regions: 0->0
[138.961s][info][gc,metaspace   ] GC(6) Metaspace: 13064K(13248K)->13064K(13248K) NonClass: 11810K(11904K)->11810K(11904K) Class: 1254K(1344K)->1254K(1344K)
[138.961s][info][gc             ] GC(6) Pause Full (System.gc()) 27M->7M(256M) 17.640ms
[138.961s][info][gc,cpu         ] GC(6) User=0.03s Sys=0.00s Real=0.02s
[275.881s][info][gc,start       ] GC(7) Pause Full (System.gc())
[275.881s][info][gc,task        ] GC(7) Using 2 workers of 2 for full compaction
[275.881s][info][gc,phases,start] GC(7) Phase 1: Mark live objects
[275.888s][info][gc,phases      ] GC(7) Phase 1: Mark live objects 7.029ms
[275.888s][info][gc,phases,start] GC(7) Phase 2: Prepare compaction
[275.889s][info][gc,phases      ] GC(7) Phase 2: Prepare compaction 1.087ms
[275.889s][info][gc,phases,start] GC(7) Phase 3: Adjust pointers
[275.892s][info][gc,phases      ] GC(7) Phase 3: Adjust pointers 2.566ms
[275.892s][info][gc,phases,start] GC(7) Phase 4: Compact heap
[275.893s][info][gc,phases      ] GC(7) Phase 4: Compact heap 1.293ms
[275.893s][info][gc,phases,start] GC(7) Phase 5: Reset Metadata
[275.893s][info][gc,phases      ] GC(7) Phase 5: Reset Metadata 0.446ms
[275.895s][info][gc,heap        ] GC(7) Eden regions: 26->0(55)
[275.895s][info][gc,heap        ] GC(7) Survivor regions: 0->0(6)
[275.895s][info][gc,heap        ] GC(7) Old regions: 8->9
[275.895s][info][gc,heap        ] GC(7) Humongous regions: 16->0
[275.895s][info][gc,metaspace   ] GC(7) Metaspace: 13292K(13440K)->13292K(13440K) NonClass: 12030K(12096K)->12030K(12096K) Class: 1261K(1344K)->1261K(1344K)
[275.895s][info][gc             ] GC(7) Pause Full (System.gc()) 49M->7M(256M) 14.214ms
[275.895s][info][gc,cpu         ] GC(7) User=0.03s Sys=0.00s Real=0.01s
[412.847s][info][gc,start       ] GC(8) Pause Full (System.gc())
[412.847s][info][gc,task        ] GC(8) Using 2 workers of 2 for full compaction
[412.848s][info][gc,phases,start] GC(8) Phase 1: Mark live objects
[412.854s][info][gc,phases      ] GC(8) Phase 1: Mark live objects 6.581ms
[412.854s][info][gc,phases,start] GC(8) Phase 2: Prepare compaction
[412.855s][info][gc,phases      ] GC(8) Phase 2: Prepare compaction 0.401ms
[412.855s][info][gc,phases,start] GC(8) Phase 3: Adjust pointers
[412.857s][info][gc,phases      ] GC(8) Phase 3: Adjust pointers 2.328ms
[412.857s][info][gc,phases,start] GC(8) Phase 4: Compact heap
[412.857s][info][gc,phases      ] GC(8) Phase 4: Compact heap 0.530ms
[412.858s][info][gc,phases,start] GC(8) Phase 5: Reset Metadata
[412.858s][info][gc,phases      ] GC(8) Phase 5: Reset Metadata 0.764ms
[412.860s][info][gc,heap        ] GC(8) Eden regions: 25->0(55)
[412.860s][info][gc,heap        ] GC(8) Survivor regions: 0->0(6)
[412.860s][info][gc,heap        ] GC(8) Old regions: 9->9
[412.860s][info][gc,heap        ] GC(8) Humongous regions: 16->0
[412.860s][info][gc,metaspace   ] GC(8) Metaspace: 13361K(13568K)->13361K(13568K) NonClass: 12099K(12224K)->12099K(12224K) Class: 1261K(1344K)->1261K(1344K)
[412.860s][info][gc             ] GC(8) Pause Full (System.gc()) 48M->7M(256M) 12.385ms
[412.860s][info][gc,cpu         ] GC(8) User=0.02s Sys=0.00s Real=0.02s
[549.792s][info][gc,start       ] GC(9) Pause Full (System.gc())
[549.792s][info][gc,task        ] GC(9) Using 2 workers of 2 for full compaction
[549.792s][info][gc,phases,start] GC(9) Phase 1: Mark live objects
[549.799s][info][gc,phases      ] GC(9) Phase 1: Mark live objects 6.442ms
[549.799s][info][gc,phases,start] GC(9) Phase 2: Prepare compaction
[549.799s][info][gc,phases      ] GC(9) Phase 2: Prepare compaction 0.448ms
[549.799s][info][gc,phases,start] GC(9) Phase 3: Adjust pointers
[549.801s][info][gc,phases      ] GC(9) Phase 3: Adjust pointers 2.277ms
[549.801s][info][gc,phases,start] GC(9) Phase 4: Compact heap
[549.802s][info][gc,phases      ] GC(9) Phase 4: Compact heap 0.583ms
[549.802s][info][gc,phases,start] GC(9) Phase 5: Reset Metadata
[549.803s][info][gc,phases      ] GC(9) Phase 5: Reset Metadata 0.741ms
[549.804s][info][gc,heap        ] GC(9) Eden regions: 25->0(55)
[549.804s][info][gc,heap        ] GC(9) Survivor regions: 0->0(6)
[549.804s][info][gc,heap        ] GC(9) Old regions: 9->9
[549.804s][info][gc,heap        ] GC(9) Humongous regions: 16->0
[549.804s][info][gc,metaspace   ] GC(9) Metaspace: 13424K(13568K)->13424K(13568K) NonClass: 12162K(12224K)->12162K(12224K) Class: 1261K(1344K)->1261K(1344K)
[549.804s][info][gc             ] GC(9) Pause Full (System.gc()) 48M->7M(256M) 12.311ms
[549.804s][info][gc,cpu         ] GC(9) User=0.02s Sys=0.00s Real=0.01s
[686.733s][info][gc,start       ] GC(10) Pause Full (System.gc())
[686.733s][info][gc,task        ] GC(10) Using 2 workers of 2 for full compaction
[686.733s][info][gc,phases,start] GC(10) Phase 1: Mark live objects
[686.739s][info][gc,phases      ] GC(10) Phase 1: Mark live objects 6.390ms
[686.739s][info][gc,phases,start] GC(10) Phase 2: Prepare compaction
[686.740s][info][gc,phases      ] GC(10) Phase 2: Prepare compaction 0.388ms
[686.740s][info][gc,phases,start] GC(10) Phase 3: Adjust pointers
[686.742s][info][gc,phases      ] GC(10) Phase 3: Adjust pointers 2.290ms
[686.742s][info][gc,phases,start] GC(10) Phase 4: Compact heap
[686.743s][info][gc,phases      ] GC(10) Phase 4: Compact heap 0.499ms
[686.743s][info][gc,phases,start] GC(10) Phase 5: Reset Metadata
[686.743s][info][gc,phases      ] GC(10) Phase 5: Reset Metadata 0.730ms
[686.745s][info][gc,heap        ] GC(10) Eden regions: 25->0(55)
[686.745s][info][gc,heap        ] GC(10) Survivor regions: 0->0(6)
[686.745s][info][gc,heap        ] GC(10) Old regions: 9->9
[686.745s][info][gc,heap        ] GC(10) Humongous regions: 16->0
[686.745s][info][gc,metaspace   ] GC(10) Metaspace: 13457K(13632K)->13457K(13632K) NonClass: 12195K(12288K)->12195K(12288K) Class: 1261K(1344K)->1261K(1344K)
[686.745s][info][gc             ] GC(10) Pause Full (System.gc()) 48M->7M(256M) 12.130ms
[686.745s][info][gc,cpu         ] GC(10) User=0.02s Sys=0.00s Real=0.01s
[823.658s][info][gc,start       ] GC(11) Pause Full (System.gc())
[823.658s][info][gc,task        ] GC(11) Using 2 workers of 2 for full compaction
[823.659s][info][gc,phases,start] GC(11) Phase 1: Mark live objects
[823.665s][info][gc,phases      ] GC(11) Phase 1: Mark live objects 6.574ms
[823.665s][info][gc,phases,start] GC(11) Phase 2: Prepare compaction
[823.666s][info][gc,phases      ] GC(11) Phase 2: Prepare compaction 0.420ms
[823.666s][info][gc,phases,start] GC(11) Phase 3: Adjust pointers
[823.668s][info][gc,phases      ] GC(11) Phase 3: Adjust pointers 2.377ms
[823.668s][info][gc,phases,start] GC(11) Phase 4: Compact heap
[823.669s][info][gc,phases      ] GC(11) Phase 4: Compact heap 0.536ms
[823.669s][info][gc,phases,start] GC(11) Phase 5: Reset Metadata
[823.669s][info][gc,phases      ] GC(11) Phase 5: Reset Metadata 0.776ms
[823.671s][info][gc,heap        ] GC(11) Eden regions: 25->0(55)
[823.671s][info][gc,heap        ] GC(11) Survivor regions: 0->0(6)
[823.671s][info][gc,heap        ] GC(11) Old regions: 9->9
[823.671s][info][gc,heap        ] GC(11) Humongous regions: 16->0
[823.671s][info][gc,metaspace   ] GC(11) Metaspace: 13491K(13632K)->13491K(13632K) NonClass: 12229K(12288K)->12229K(12288K) Class: 1261K(1344K)->1261K(1344K)
[823.671s][info][gc             ] GC(11) Pause Full (System.gc()) 48M->7M(256M) 12.657ms
[823.671s][info][gc,cpu         ] GC(11) User=0.02s Sys=0.00s Real=0.01s
[960.615s][info][gc,start       ] GC(12) Pause Full (System.gc())
[960.616s][info][gc,task        ] GC(12) Using 2 workers of 2 for full compaction
[960.616s][info][gc,phases,start] GC(12) Phase 1: Mark live objects
[960.622s][info][gc,phases      ] GC(12) Phase 1: Mark live objects 6.788ms
[960.622s][info][gc,phases,start] GC(12) Phase 2: Prepare compaction
[960.623s][info][gc,phases      ] GC(12) Phase 2: Prepare compaction 0.448ms
[960.623s][info][gc,phases,start] GC(12) Phase 3: Adjust pointers
[960.625s][info][gc,phases      ] GC(12) Phase 3: Adjust pointers 2.518ms
[960.625s][info][gc,phases,start] GC(12) Phase 4: Compact heap
[960.626s][info][gc,phases      ] GC(12) Phase 4: Compact heap 0.584ms
[960.626s][info][gc,phases,start] GC(12) Phase 5: Reset Metadata
[960.627s][info][gc,phases      ] GC(12) Phase 5: Reset Metadata 0.818ms
[960.629s][info][gc,heap        ] GC(12) Eden regions: 26->0(55)
[960.629s][info][gc,heap        ] GC(12) Survivor regions: 0->0(6)
[960.629s][info][gc,heap        ] GC(12) Old regions: 9->9
[960.629s][info][gc,heap        ] GC(12) Humongous regions: 16->0
[960.629s][info][gc,metaspace   ] GC(12) Metaspace: 13522K(13696K)->13522K(13696K) NonClass: 12260K(12352K)->12260K(12352K) Class: 1261K(1344K)->1261K(1344K)
[960.629s][info][gc             ] GC(12) Pause Full (System.gc()) 49M->7M(256M) 13.115ms
[960.629s][info][gc,cpu         ] GC(12) User=0.02s Sys=0.00s Real=0.02s
[1097.597s][info][gc,start       ] GC(13) Pause Full (System.gc())
[1097.597s][info][gc,task        ] GC(13) Using 2 workers of 2 for full compaction
[1097.597s][info][gc,phases,start] GC(13) Phase 1: Mark live objects
[1097.604s][info][gc,phases      ] GC(13) Phase 1: Mark live objects 6.665ms
[1097.604s][info][gc,phases,start] GC(13) Phase 2: Prepare compaction
[1097.604s][info][gc,phases      ] GC(13) Phase 2: Prepare compaction 0.421ms
[1097.604s][info][gc,phases,start] GC(13) Phase 3: Adjust pointers
[1097.607s][info][gc,phases      ] GC(13) Phase 3: Adjust pointers 2.388ms
[1097.607s][info][gc,phases,start] GC(13) Phase 4: Compact heap
[1097.607s][info][gc,phases      ] GC(13) Phase 4: Compact heap 0.514ms
[1097.607s][info][gc,phases,start] GC(13) Phase 5: Reset Metadata
[1097.608s][info][gc,phases      ] GC(13) Phase 5: Reset Metadata 0.768ms
[1097.610s][info][gc,heap        ] GC(13) Eden regions: 26->0(55)
[1097.610s][info][gc,heap        ] GC(13) Survivor regions: 0->0(6)
[1097.610s][info][gc,heap        ] GC(13) Old regions: 9->9
[1097.610s][info][gc,heap        ] GC(13) Humongous regions: 16->0
[1097.610s][info][gc,metaspace   ] GC(13) Metaspace: 13556K(13760K)->13556K(13760K) NonClass: 12294K(12416K)->12294K(12416K) Class: 1261K(1344K)->1261K(1344K)
[1097.610s][info][gc             ] GC(13) Pause Full (System.gc()) 49M->7M(256M) 12.701ms
[1097.610s][info][gc,cpu         ] GC(13) User=0.02s Sys=0.00s Real=0.02s
[1234.550s][info][gc,start       ] GC(14) Pause Full (System.gc())
[1234.550s][info][gc,task        ] GC(14) Using 2 workers of 2 for full compaction
[1234.550s][info][gc,phases,start] GC(14) Phase 1: Mark live objects
[1234.558s][info][metaspace      ] ChkMgr @0x00007f7c8c15e5a0 (non-class-space): : reclaiming memory...
[1234.558s][info][metaspace      ] ChkMgr @0x00007f7c8c15e5a0 (non-class-space): nothing reclaimed.
[1234.558s][info][metaspace      ] ChkMgr @0x00007f7c8c15c6b0 (class-space): : reclaiming memory...
[1234.558s][info][metaspace      ] ChkMgr @0x00007f7c8c15c6b0 (class-space): nothing reclaimed.
[1234.558s][info][gc,phases      ] GC(14) Phase 1: Mark live objects 8.069ms
[1234.558s][info][gc,phases,start] GC(14) Phase 2: Prepare compaction
[1234.559s][info][gc,phases      ] GC(14) Phase 2: Prepare compaction 0.654ms
[1234.559s][info][gc,phases,start] GC(14) Phase 3: Adjust pointers
[1234.561s][info][gc,phases      ] GC(14) Phase 3: Adjust pointers 2.570ms
[1234.561s][info][gc,phases,start] GC(14) Phase 4: Compact heap
[1234.562s][info][gc,phases      ] GC(14) Phase 4: Compact heap 0.865ms
[1234.562s][info][gc,phases,start] GC(14) Phase 5: Reset Metadata
[1234.563s][info][gc,phases      ] GC(14) Phase 5: Reset Metadata 0.545ms
[1234.565s][info][gc,heap        ] GC(14) Eden regions: 25->0(55)
[1234.565s][info][gc,heap        ] GC(14) Survivor regions: 0->0(6)
[1234.565s][info][gc,heap        ] GC(14) Old regions: 9->8
[1234.565s][info][gc,heap        ] GC(14) Humongous regions: 16->0
[1234.565s][info][gc,metaspace   ] GC(14) Metaspace: 13598K(13760K)->13580K(13760K) NonClass: 12336K(12416K)->12318K(12416K) Class: 1261K(1344K)->1261K(1344K)
[1234.565s][info][gc             ] GC(14) Pause Full (System.gc()) 48M->7M(256M) 14.734ms
[1234.565s][info][gc,cpu         ] GC(14) User=0.02s Sys=0.00s Real=0.01s
[1371.419s][info][gc,start       ] GC(15) Pause Full (System.gc())
[1371.419s][info][gc,task        ] GC(15) Using 2 workers of 2 for full compaction
[1371.419s][info][gc,phases,start] GC(15) Phase 1: Mark live objects
[1371.426s][info][gc,phases      ] GC(15) Phase 1: Mark live objects 6.862ms
[1371.426s][info][gc,phases,start] GC(15) Phase 2: Prepare compaction
[1371.427s][info][gc,phases      ] GC(15) Phase 2: Prepare compaction 0.603ms
[1371.427s][info][gc,phases,start] GC(15) Phase 3: Adjust pointers
[1371.429s][info][gc,phases      ] GC(15) Phase 3: Adjust pointers 2.473ms
[1371.429s][info][gc,phases,start] GC(15) Phase 4: Compact heap
[1371.430s][info][gc,phases      ] GC(15) Phase 4: Compact heap 0.825ms
[1371.430s][info][gc,phases,start] GC(15) Phase 5: Reset Metadata
[1371.431s][info][gc,phases      ] GC(15) Phase 5: Reset Metadata 0.658ms
[1371.432s][info][gc,heap        ] GC(15) Eden regions: 25->0(55)
[1371.432s][info][gc,heap        ] GC(15) Survivor regions: 0->0(6)
[1371.432s][info][gc,heap        ] GC(15) Old regions: 8->8
[1371.432s][info][gc,heap        ] GC(15) Humongous regions: 16->0
[1371.432s][info][gc,metaspace   ] GC(15) Metaspace: 13609K(13824K)->13609K(13824K) NonClass: 12347K(12480K)->12347K(12480K) Class: 1261K(1344K)->1261K(1344K)
[1371.432s][info][gc             ] GC(15) Pause Full (System.gc()) 48M->7M(256M) 13.479ms
[1371.432s][info][gc,cpu         ] GC(15) User=0.03s Sys=0.00s Real=0.01s
[1508.334s][info][gc,start       ] GC(16) Pause Full (System.gc())
[1508.334s][info][gc,task        ] GC(16) Using 2 workers of 2 for full compaction
[1508.335s][info][gc,phases,start] GC(16) Phase 1: Mark live objects
[1508.341s][info][gc,phases      ] GC(16) Phase 1: Mark live objects 6.398ms
[1508.341s][info][gc,phases,start] GC(16) Phase 2: Prepare compaction
[1508.342s][info][gc,phases      ] GC(16) Phase 2: Prepare compaction 0.570ms
[1508.342s][info][gc,phases,start] GC(16) Phase 3: Adjust pointers
[1508.344s][info][gc,phases      ] GC(16) Phase 3: Adjust pointers 2.450ms
[1508.344s][info][gc,phases,start] GC(16) Phase 4: Compact heap
[1508.345s][info][gc,phases      ] GC(16) Phase 4: Compact heap 0.589ms
[1508.345s][info][gc,phases,start] GC(16) Phase 5: Reset Metadata
[1508.345s][info][gc,phases      ] GC(16) Phase 5: Reset Metadata 0.665ms
[1508.347s][info][gc,heap        ] GC(16) Eden regions: 25->0(55)
[1508.347s][info][gc,heap        ] GC(16) Survivor regions: 0->0(6)
[1508.347s][info][gc,heap        ] GC(16) Old regions: 8->8
[1508.347s][info][gc,heap        ] GC(16) Humongous regions: 16->0
[1508.347s][info][gc,metaspace   ] GC(16) Metaspace: 13639K(13824K)->13639K(13824K) NonClass: 12377K(12480K)->12377K(12480K) Class: 1261K(1344K)->1261K(1344K)
[1508.347s][info][gc             ] GC(16) Pause Full (System.gc()) 48M->7M(256M) 12.748ms
[1508.347s][info][gc,cpu         ] GC(16) User=0.02s Sys=0.00s Real=0.01s
[1508.353s][info][gc,heap,exit   ] Heap
[1508.353s][info][gc,heap,exit   ]  garbage-first heap   total reserved 1001472K, committed 262144K, used 8915K [0x00000000c2e00000, 0x0000000100000000)
[1508.353s][info][gc,heap,exit   ]   region size 1024K, 1 young (1024K), 0 survivors (0K)
[1508.353s][info][gc,heap,exit   ]  Metaspace       used 13641K, committed 13824K, reserved 1114112K
[1508.353s][info][gc,heap,exit   ]   class space    used 1261K, committed 1344K, reserved 1048576K
