[0.002s][info][metaspace]  - commit_granule_bytes: 65536.
[0.002s][info][metaspace]  - commit_granule_words: 8192.
[0.002s][info][metaspace]  - virtual_space_node_default_size: 8388608.
[0.002s][info][metaspace]  - enlarge_chunks_in_place: 1.
[0.004s][info][gc,init  ] CardTable entry size: 512
[0.008s][info][gc       ] Using G1
[0.012s][info][gc,init  ] Version: 24-internal-adhoc.root.jdk (release)
[0.012s][info][gc,init  ] CPUs: 2 total, 2 available
[0.012s][info][gc,init  ] Memory: 3908M
[0.012s][info][gc,init  ] Large Page Support: Disabled
[0.012s][info][gc,init  ] NUMA Support: Disabled
[0.012s][info][gc,init  ] Compressed Oops: Enabled (32-bit)
[0.012s][info][gc,init  ] Heap Region Size: 1M
[0.012s][info][gc,init  ] Heap Min Capacity: 256M
[0.012s][info][gc,init  ] Heap Initial Capacity: 256M
[0.012s][info][gc,init  ] Heap Max Capacity: 978M
[0.012s][info][gc,init  ] Pre-touch: Disabled
[0.012s][info][gc,init  ] Parallel Workers: 2
[0.012s][info][gc,init  ] Concurrent Workers: 1
[0.012s][info][gc,init  ] Concurrent Refinement Workers: 2
[0.012s][info][gc,init  ] Periodic GC: Disabled
[0.027s][info][gc,metaspace] CDS archive(s) mapped at: [0x00007f77c6000000-0x00007f77c6dc0000-0x00007f77c6dc0000), size 14417920, SharedBaseAddress: 0x00007f77c6000000, ArchiveRelocationMode: 1.
[0.027s][info][gc,metaspace] Compressed class space mapped at: 0x00007f77c7000000-0x00007f7807000000, reserved size: 1073741824
[0.027s][info][gc,metaspace] UseCompressedClassPointers 1, UseCompactObjectHeaders 0
[0.027s][info][gc,metaspace] Narrow klass pointer bits 32, Max shift 3
[0.027s][info][gc,metaspace] Narrow klass base: 0x00007f77c6000000, Narrow klass shift: 0
[0.027s][info][gc,metaspace] Encoding Range: [0x00007f77c6000000 - 0x00007f78c6000000), (4294967296 bytes)
[0.027s][info][gc,metaspace] Klass Range:    [0x00007f77c6000000 - 0x00007f7807000000), (1090519040 bytes)
[0.027s][info][gc,metaspace] Klass ID Range:  [8 - 1090519033) (1090519025)
[0.719s][info][gc,start    ] GC(0) Pause Young (Normal) (G1 Evacuation Pause)
[0.719s][info][gc,task     ] GC(0) Using 2 workers of 2 for evacuation
[0.725s][info][gc,phases   ] GC(0)   Pre Evacuate Collection Set: 0.19ms
[0.725s][info][gc,phases   ] GC(0)   Merge Heap Roots: 0.10ms
[0.725s][info][gc,phases   ] GC(0)   Evacuate Collection Set: 5.19ms
[0.725s][info][gc,phases   ] GC(0)   Post Evacuate Collection Set: 0.21ms
[0.725s][info][gc,phases   ] GC(0)   Other: 0.24ms
[0.725s][info][gc,heap     ] GC(0) Eden regions: 12->0(10)
[0.725s][info][gc,heap     ] GC(0) Survivor regions: 0->2(2)
[0.725s][info][gc,heap     ] GC(0) Old regions: 2->4
[0.725s][info][gc,heap     ] GC(0) Humongous regions: 0->0
[0.725s][info][gc,metaspace] GC(0) Metaspace: 2650K(2752K)->2650K(2752K) NonClass: 2445K(2496K)->2445K(2496K) Class: 205K(256K)->205K(256K)
[0.725s][info][gc          ] GC(0) Pause Young (Normal) (G1 Evacuation Pause) 13M->4M(258M) 6.180ms
[0.725s][info][gc,cpu      ] GC(0) User=0.01s Sys=0.01s Real=0.00s
[0.910s][info][gc,start    ] GC(1) Pause Young (Normal) (G1 Evacuation Pause)
[0.910s][info][gc,task     ] GC(1) Using 2 workers of 2 for evacuation
[0.915s][info][gc,phases   ] GC(1)   Pre Evacuate Collection Set: 0.44ms
[0.915s][info][gc,phases   ] GC(1)   Merge Heap Roots: 0.04ms
[0.915s][info][gc,phases   ] GC(1)   Evacuate Collection Set: 3.76ms
[0.915s][info][gc,phases   ] GC(1)   Post Evacuate Collection Set: 0.28ms
[0.915s][info][gc,phases   ] GC(1)   Other: 0.06ms
[0.915s][info][gc,heap     ] GC(1) Eden regions: 10->0(12)
[0.915s][info][gc,heap     ] GC(1) Survivor regions: 2->2(2)
[0.915s][info][gc,heap     ] GC(1) Old regions: 4->6
[0.915s][info][gc,heap     ] GC(1) Humongous regions: 0->0
[0.915s][info][gc,metaspace] GC(1) Metaspace: 6684K(6848K)->6684K(6848K) NonClass: 6115K(6208K)->6115K(6208K) Class: 568K(640K)->568K(640K)
[0.915s][info][gc          ] GC(1) Pause Young (Normal) (G1 Evacuation Pause) 14M->6M(258M) 4.770ms
[0.915s][info][gc,cpu      ] GC(1) User=0.01s Sys=0.00s Real=0.00s
[1.139s][info][gc,start    ] GC(2) Pause Young (Normal) (G1 Evacuation Pause)
[1.139s][info][gc,task     ] GC(2) Using 2 workers of 2 for evacuation
[1.145s][info][gc,phases   ] GC(2)   Pre Evacuate Collection Set: 0.13ms
[1.145s][info][gc,phases   ] GC(2)   Merge Heap Roots: 0.03ms
[1.145s][info][gc,phases   ] GC(2)   Evacuate Collection Set: 5.56ms
[1.145s][info][gc,phases   ] GC(2)   Post Evacuate Collection Set: 0.22ms
[1.145s][info][gc,phases   ] GC(2)   Other: 0.11ms
[1.145s][info][gc,heap     ] GC(2) Eden regions: 12->0(23)
[1.145s][info][gc,heap     ] GC(2) Survivor regions: 2->1(2)
[1.145s][info][gc,heap     ] GC(2) Old regions: 6->7
[1.145s][info][gc,heap     ] GC(2) Humongous regions: 0->0
[1.145s][info][gc,metaspace] GC(2) Metaspace: 11313K(11456K)->11313K(11456K) NonClass: 10177K(10240K)->10177K(10240K) Class: 1136K(1216K)->1136K(1216K)
[1.145s][info][gc          ] GC(2) Pause Young (Normal) (G1 Evacuation Pause) 18M->7M(258M) 6.209ms
[1.145s][info][gc,cpu      ] GC(2) User=0.01s Sys=0.00s Real=0.00s
[1.537s][info][gc,start    ] GC(3) Pause Young (Normal) (G1 Evacuation Pause)
[1.537s][info][gc,task     ] GC(3) Using 2 workers of 2 for evacuation
[1.540s][info][gc,phases   ] GC(3)   Pre Evacuate Collection Set: 0.11ms
[1.540s][info][gc,phases   ] GC(3)   Merge Heap Roots: 0.03ms
[1.540s][info][gc,phases   ] GC(3)   Evacuate Collection Set: 2.40ms
[1.540s][info][gc,phases   ] GC(3)   Post Evacuate Collection Set: 0.31ms
[1.540s][info][gc,phases   ] GC(3)   Other: 0.09ms
[1.540s][info][gc,heap     ] GC(3) Eden regions: 24->0(26)
[1.540s][info][gc,heap     ] GC(3) Survivor regions: 1->2(4)
[1.540s][info][gc,heap     ] GC(3) Old regions: 7->7
[1.540s][info][gc,heap     ] GC(3) Humongous regions: 16->2
[1.540s][info][gc,metaspace] GC(3) Metaspace: 12626K(12864K)->12626K(12864K) NonClass: 11387K(11520K)->11387K(11520K) Class: 1238K(1344K)->1238K(1344K)
[1.540s][info][gc          ] GC(3) Pause Young (Normal) (G1 Evacuation Pause) 47M->10M(258M) 3.116ms
[1.540s][info][gc,cpu      ] GC(3) User=0.01s Sys=0.01s Real=0.01s
[1.636s][info][gc,start    ] GC(4) Pause Young (Normal) (G1 Evacuation Pause)
[1.636s][info][gc,task     ] GC(4) Using 2 workers of 2 for evacuation
[1.640s][info][gc,phases   ] GC(4)   Pre Evacuate Collection Set: 0.12ms
[1.640s][info][gc,phases   ] GC(4)   Merge Heap Roots: 0.04ms
[1.640s][info][gc,phases   ] GC(4)   Evacuate Collection Set: 3.31ms
[1.640s][info][gc,phases   ] GC(4)   Post Evacuate Collection Set: 0.28ms
[1.640s][info][gc,phases   ] GC(4)   Other: 0.06ms
[1.640s][info][gc,heap     ] GC(4) Eden regions: 27->0(37)
[1.640s][info][gc,heap     ] GC(4) Survivor regions: 2->3(4)
[1.640s][info][gc,heap     ] GC(4) Old regions: 7->7
[1.640s][info][gc,heap     ] GC(4) Humongous regions: 2->2
[1.640s][info][gc,metaspace] GC(4) Metaspace: 12679K(12864K)->12679K(12864K) NonClass: 11439K(11520K)->11439K(11520K) Class: 1239K(1344K)->1239K(1344K)
[1.640s][info][gc          ] GC(4) Pause Young (Normal) (G1 Evacuation Pause) 37M->10M(258M) 3.974ms
[1.640s][info][gc,cpu      ] GC(4) User=0.00s Sys=0.00s Real=0.01s
[1.845s][info][gc,start    ] GC(5) Pause Young (Normal) (G1 Evacuation Pause)
[1.846s][info][gc,task     ] GC(5) Using 2 workers of 2 for evacuation
[1.849s][info][gc,phases   ] GC(5)   Pre Evacuate Collection Set: 0.15ms
[1.849s][info][gc,phases   ] GC(5)   Merge Heap Roots: 0.05ms
[1.849s][info][gc,phases   ] GC(5)   Evacuate Collection Set: 2.79ms
[1.849s][info][gc,phases   ] GC(5)   Post Evacuate Collection Set: 0.32ms
[1.849s][info][gc,phases   ] GC(5)   Other: 0.10ms
[1.849s][info][gc,heap     ] GC(5) Eden regions: 38->0(50)
[1.849s][info][gc,heap     ] GC(5) Survivor regions: 3->3(6)
[1.849s][info][gc,heap     ] GC(5) Old regions: 7->7
[1.849s][info][gc,heap     ] GC(5) Humongous regions: 2->0
[1.849s][info][gc,metaspace] GC(5) Metaspace: 12885K(13056K)->12885K(13056K) NonClass: 11634K(11712K)->11634K(11712K) Class: 1251K(1344K)->1251K(1344K)
[1.849s][info][gc          ] GC(5) Pause Young (Normal) (G1 Evacuation Pause) 48M->8M(258M) 3.578ms
[1.849s][info][gc,cpu      ] GC(5) User=0.01s Sys=0.00s Real=0.01s
[138.161s][info][gc,start    ] GC(6) Pause Full (System.gc())
[138.161s][info][gc,task     ] GC(6) Using 2 workers of 2 for full compaction
[138.161s][info][gc,phases,start] GC(6) Phase 1: Mark live objects
[138.168s][info][gc,phases      ] GC(6) Phase 1: Mark live objects 6.942ms
[138.168s][info][gc,phases,start] GC(6) Phase 2: Prepare compaction
[138.170s][info][gc,phases      ] GC(6) Phase 2: Prepare compaction 1.794ms
[138.170s][info][gc,phases,start] GC(6) Phase 3: Adjust pointers
[138.173s][info][gc,phases      ] GC(6) Phase 3: Adjust pointers 2.550ms
[138.173s][info][gc,phases,start] GC(6) Phase 4: Compact heap
[138.174s][info][gc,phases      ] GC(6) Phase 4: Compact heap 1.387ms
[138.174s][info][gc,phases,start] GC(6) Phase 5: Reset Metadata
[138.175s][info][gc,phases      ] GC(6) Phase 5: Reset Metadata 0.649ms
[138.178s][info][gc,heap        ] GC(6) Eden regions: 44->0(55)
[138.178s][info][gc,heap        ] GC(6) Survivor regions: 3->0(6)
[138.178s][info][gc,heap        ] GC(6) Old regions: 7->9
[138.178s][info][gc,heap        ] GC(6) Humongous regions: 0->0
[138.178s][info][gc,metaspace   ] GC(6) Metaspace: 13072K(13248K)->13072K(13248K) NonClass: 11818K(11904K)->11818K(11904K) Class: 1254K(1344K)->1254K(1344K)
[138.178s][info][gc             ] GC(6) Pause Full (System.gc()) 52M->7M(256M) 17.008ms
[138.178s][info][gc,cpu         ] GC(6) User=0.03s Sys=0.00s Real=0.02s
[275.105s][info][gc,start       ] GC(7) Pause Full (System.gc())
[275.105s][info][gc,task        ] GC(7) Using 2 workers of 2 for full compaction
[275.105s][info][gc,phases,start] GC(7) Phase 1: Mark live objects
[275.112s][info][gc,phases      ] GC(7) Phase 1: Mark live objects 6.837ms
[275.112s][info][gc,phases,start] GC(7) Phase 2: Prepare compaction
[275.113s][info][gc,phases      ] GC(7) Phase 2: Prepare compaction 0.979ms
[275.113s][info][gc,phases,start] GC(7) Phase 3: Adjust pointers
[275.116s][info][gc,phases      ] GC(7) Phase 3: Adjust pointers 2.792ms
[275.116s][info][gc,phases,start] GC(7) Phase 4: Compact heap
[275.117s][info][gc,phases      ] GC(7) Phase 4: Compact heap 1.385ms
[275.117s][info][gc,phases,start] GC(7) Phase 5: Reset Metadata
[275.118s][info][gc,phases      ] GC(7) Phase 5: Reset Metadata 0.432ms
[275.119s][info][gc,heap        ] GC(7) Eden regions: 26->0(55)
[275.119s][info][gc,heap        ] GC(7) Survivor regions: 0->0(6)
[275.119s][info][gc,heap        ] GC(7) Old regions: 9->9
[275.119s][info][gc,heap        ] GC(7) Humongous regions: 16->0
[275.119s][info][gc,metaspace   ] GC(7) Metaspace: 13288K(13440K)->13288K(13440K) NonClass: 12026K(12096K)->12026K(12096K) Class: 1261K(1344K)->1261K(1344K)
[275.119s][info][gc             ] GC(7) Pause Full (System.gc()) 49M->7M(256M) 14.303ms
[275.119s][info][gc,cpu         ] GC(7) User=0.02s Sys=0.00s Real=0.02s
[412.027s][info][gc,start       ] GC(8) Pause Full (System.gc())
[412.027s][info][gc,task        ] GC(8) Using 2 workers of 2 for full compaction
[412.027s][info][gc,phases,start] GC(8) Phase 1: Mark live objects
[412.034s][info][gc,phases      ] GC(8) Phase 1: Mark live objects 6.605ms
[412.034s][info][gc,phases,start] GC(8) Phase 2: Prepare compaction
[412.034s][info][gc,phases      ] GC(8) Phase 2: Prepare compaction 0.377ms
[412.034s][info][gc,phases,start] GC(8) Phase 3: Adjust pointers
[412.036s][info][gc,phases      ] GC(8) Phase 3: Adjust pointers 2.235ms
[412.036s][info][gc,phases,start] GC(8) Phase 4: Compact heap
[412.037s][info][gc,phases      ] GC(8) Phase 4: Compact heap 0.551ms
[412.037s][info][gc,phases,start] GC(8) Phase 5: Reset Metadata
[412.038s][info][gc,phases      ] GC(8) Phase 5: Reset Metadata 0.813ms
[412.039s][info][gc,heap        ] GC(8) Eden regions: 25->0(55)
[412.039s][info][gc,heap        ] GC(8) Survivor regions: 0->0(6)
[412.039s][info][gc,heap        ] GC(8) Old regions: 9->9
[412.039s][info][gc,heap        ] GC(8) Humongous regions: 16->0
[412.039s][info][gc,metaspace   ] GC(8) Metaspace: 13347K(13568K)->13347K(13568K) NonClass: 12085K(12224K)->12085K(12224K) Class: 1261K(1344K)->1261K(1344K)
[412.039s][info][gc             ] GC(8) Pause Full (System.gc()) 48M->7M(256M) 12.370ms
[412.039s][info][gc,cpu         ] GC(8) User=0.02s Sys=0.00s Real=0.02s
[548.995s][info][gc,start       ] GC(9) Pause Full (System.gc())
[548.995s][info][gc,task        ] GC(9) Using 2 workers of 2 for full compaction
[548.995s][info][gc,phases,start] GC(9) Phase 1: Mark live objects
[549.001s][info][gc,phases      ] GC(9) Phase 1: Mark live objects 6.253ms
[549.001s][info][gc,phases,start] GC(9) Phase 2: Prepare compaction
[549.002s][info][gc,phases      ] GC(9) Phase 2: Prepare compaction 0.356ms
[549.002s][info][gc,phases,start] GC(9) Phase 3: Adjust pointers
[549.004s][info][gc,phases      ] GC(9) Phase 3: Adjust pointers 2.231ms
[549.004s][info][gc,phases,start] GC(9) Phase 4: Compact heap
[549.004s][info][gc,phases      ] GC(9) Phase 4: Compact heap 0.552ms
[549.004s][info][gc,phases,start] GC(9) Phase 5: Reset Metadata
[549.005s][info][gc,phases      ] GC(9) Phase 5: Reset Metadata 0.747ms
[549.007s][info][gc,heap        ] GC(9) Eden regions: 25->0(55)
[549.007s][info][gc,heap        ] GC(9) Survivor regions: 0->0(6)
[549.007s][info][gc,heap        ] GC(9) Old regions: 9->9
[549.007s][info][gc,heap        ] GC(9) Humongous regions: 16->0
[549.007s][info][gc,metaspace   ] GC(9) Metaspace: 13407K(13568K)->13407K(13568K) NonClass: 12145K(12224K)->12145K(12224K) Class: 1261K(1344K)->1261K(1344K)
[549.007s][info][gc             ] GC(9) Pause Full (System.gc()) 48M->7M(256M) 11.932ms
[549.007s][info][gc,cpu         ] GC(9) User=0.02s Sys=0.00s Real=0.01s
[685.925s][info][gc,start       ] GC(10) Pause Full (System.gc())
[685.925s][info][gc,task        ] GC(10) Using 2 workers of 2 for full compaction
[685.925s][info][gc,phases,start] GC(10) Phase 1: Mark live objects
[685.932s][info][gc,phases      ] GC(10) Phase 1: Mark live objects 6.472ms
[685.932s][info][gc,phases,start] GC(10) Phase 2: Prepare compaction
[685.932s][info][gc,phases      ] GC(10) Phase 2: Prepare compaction 0.373ms
[685.932s][info][gc,phases,start] GC(10) Phase 3: Adjust pointers
[685.934s][info][gc,phases      ] GC(10) Phase 3: Adjust pointers 2.260ms
[685.934s][info][gc,phases,start] GC(10) Phase 4: Compact heap
[685.935s][info][gc,phases      ] GC(10) Phase 4: Compact heap 0.521ms
[685.935s][info][gc,phases,start] GC(10) Phase 5: Reset Metadata
[685.936s][info][gc,phases      ] GC(10) Phase 5: Reset Metadata 0.762ms
[685.937s][info][gc,heap        ] GC(10) Eden regions: 26->0(55)
[685.937s][info][gc,heap        ] GC(10) Survivor regions: 0->0(6)
[685.937s][info][gc,heap        ] GC(10) Old regions: 9->9
[685.937s][info][gc,heap        ] GC(10) Humongous regions: 16->0
[685.937s][info][gc,metaspace   ] GC(10) Metaspace: 13445K(13632K)->13445K(13632K) NonClass: 12183K(12288K)->12183K(12288K) Class: 1261K(1344K)->1261K(1344K)
[685.937s][info][gc             ] GC(10) Pause Full (System.gc()) 49M->7M(256M) 12.201ms
[685.937s][info][gc,cpu         ] GC(10) User=0.02s Sys=0.00s Real=0.01s
[822.868s][info][gc,start       ] GC(11) Pause Full (System.gc())
[822.868s][info][gc,task        ] GC(11) Using 2 workers of 2 for full compaction
[822.869s][info][gc,phases,start] GC(11) Phase 1: Mark live objects
[822.875s][info][gc,phases      ] GC(11) Phase 1: Mark live objects 6.595ms
[822.875s][info][gc,phases,start] GC(11) Phase 2: Prepare compaction
[822.876s][info][gc,phases      ] GC(11) Phase 2: Prepare compaction 0.412ms
[822.876s][info][gc,phases,start] GC(11) Phase 3: Adjust pointers
[822.878s][info][gc,phases      ] GC(11) Phase 3: Adjust pointers 2.315ms
[822.878s][info][gc,phases,start] GC(11) Phase 4: Compact heap
[822.879s][info][gc,phases      ] GC(11) Phase 4: Compact heap 0.575ms
[822.879s][info][gc,phases,start] GC(11) Phase 5: Reset Metadata
[822.879s][info][gc,phases      ] GC(11) Phase 5: Reset Metadata 0.781ms
[822.881s][info][gc,heap        ] GC(11) Eden regions: 25->0(55)
[822.881s][info][gc,heap        ] GC(11) Survivor regions: 0->0(6)
[822.881s][info][gc,heap        ] GC(11) Old regions: 9->9
[822.881s][info][gc,heap        ] GC(11) Humongous regions: 16->0
[822.881s][info][gc,metaspace   ] GC(11) Metaspace: 13484K(13632K)->13484K(13632K) NonClass: 12222K(12288K)->12222K(12288K) Class: 1261K(1344K)->1261K(1344K)
[822.881s][info][gc             ] GC(11) Pause Full (System.gc()) 48M->7M(256M) 12.621ms
[822.881s][info][gc,cpu         ] GC(11) User=0.02s Sys=0.00s Real=0.01s
[959.706s][info][gc,start       ] GC(12) Pause Full (System.gc())
[959.706s][info][gc,task        ] GC(12) Using 2 workers of 2 for full compaction
[959.706s][info][gc,phases,start] GC(12) Phase 1: Mark live objects
[959.713s][info][gc,phases      ] GC(12) Phase 1: Mark live objects 6.640ms
[959.713s][info][gc,phases,start] GC(12) Phase 2: Prepare compaction
[959.713s][info][gc,phases      ] GC(12) Phase 2: Prepare compaction 0.366ms
[959.713s][info][gc,phases,start] GC(12) Phase 3: Adjust pointers
[959.716s][info][gc,phases      ] GC(12) Phase 3: Adjust pointers 2.369ms
[959.716s][info][gc,phases,start] GC(12) Phase 4: Compact heap
[959.716s][info][gc,phases      ] GC(12) Phase 4: Compact heap 0.482ms
[959.716s][info][gc,phases,start] GC(12) Phase 5: Reset Metadata
[959.717s][info][gc,phases      ] GC(12) Phase 5: Reset Metadata 0.785ms
[959.719s][info][gc,heap        ] GC(12) Eden regions: 25->0(55)
[959.719s][info][gc,heap        ] GC(12) Survivor regions: 0->0(6)
[959.719s][info][gc,heap        ] GC(12) Old regions: 9->9
[959.719s][info][gc,heap        ] GC(12) Humongous regions: 16->0
[959.719s][info][gc,metaspace   ] GC(12) Metaspace: 13524K(13696K)->13524K(13696K) NonClass: 12262K(12352K)->12262K(12352K) Class: 1261K(1344K)->1261K(1344K)
[959.719s][info][gc             ] GC(12) Pause Full (System.gc()) 48M->7M(256M) 12.614ms
[959.719s][info][gc,cpu         ] GC(12) User=0.02s Sys=0.00s Real=0.02s
[1096.339s][info][gc,start       ] GC(13) Pause Full (System.gc())
[1096.339s][info][gc,task        ] GC(13) Using 2 workers of 2 for full compaction
[1096.339s][info][gc,phases,start] GC(13) Phase 1: Mark live objects
[1096.346s][info][gc,phases      ] GC(13) Phase 1: Mark live objects 6.644ms
[1096.346s][info][gc,phases,start] GC(13) Phase 2: Prepare compaction
[1096.346s][info][gc,phases      ] GC(13) Phase 2: Prepare compaction 0.370ms
[1096.346s][info][gc,phases,start] GC(13) Phase 3: Adjust pointers
[1096.348s][info][gc,phases      ] GC(13) Phase 3: Adjust pointers 2.369ms
[1096.348s][info][gc,phases,start] GC(13) Phase 4: Compact heap
[1096.349s][info][gc,phases      ] GC(13) Phase 4: Compact heap 0.537ms
[1096.349s][info][gc,phases,start] GC(13) Phase 5: Reset Metadata
[1096.350s][info][gc,phases      ] GC(13) Phase 5: Reset Metadata 0.786ms
[1096.351s][info][gc,heap        ] GC(13) Eden regions: 25->0(55)
[1096.351s][info][gc,heap        ] GC(13) Survivor regions: 0->0(6)
[1096.351s][info][gc,heap        ] GC(13) Old regions: 9->8
[1096.351s][info][gc,heap        ] GC(13) Humongous regions: 16->0
[1096.351s][info][gc,metaspace   ] GC(13) Metaspace: 13551K(13760K)->13551K(13760K) NonClass: 12289K(12416K)->12289K(12416K) Class: 1261K(1344K)->1261K(1344K)
[1096.351s][info][gc             ] GC(13) Pause Full (System.gc()) 48M->7M(256M) 12.624ms
[1096.351s][info][gc,cpu         ] GC(13) User=0.02s Sys=0.00s Real=0.01s
[1233.315s][info][gc,start       ] GC(14) Pause Full (System.gc())
[1233.315s][info][gc,task        ] GC(14) Using 2 workers of 2 for full compaction
[1233.315s][info][gc,phases,start] GC(14) Phase 1: Mark live objects
[1233.323s][info][metaspace      ] ChkMgr @0x00007f784015e580 (non-class-space): : reclaiming memory...
[1233.323s][info][metaspace      ] ChkMgr @0x00007f784015e580 (non-class-space): nothing reclaimed.
[1233.324s][info][metaspace      ] ChkMgr @0x00007f784015c690 (class-space): : reclaiming memory...
[1233.324s][info][metaspace      ] ChkMgr @0x00007f784015c690 (class-space): nothing reclaimed.
[1233.324s][info][gc,phases      ] GC(14) Phase 1: Mark live objects 8.347ms
[1233.324s][info][gc,phases,start] GC(14) Phase 2: Prepare compaction
[1233.324s][info][gc,phases      ] GC(14) Phase 2: Prepare compaction 0.826ms
[1233.324s][info][gc,phases,start] GC(14) Phase 3: Adjust pointers
[1233.327s][info][gc,phases      ] GC(14) Phase 3: Adjust pointers 2.640ms
[1233.327s][info][gc,phases,start] GC(14) Phase 4: Compact heap
[1233.328s][info][gc,phases      ] GC(14) Phase 4: Compact heap 1.221ms
[1233.328s][info][gc,phases,start] GC(14) Phase 5: Reset Metadata
[1233.329s][info][gc,phases      ] GC(14) Phase 5: Reset Metadata 0.555ms
[1233.331s][info][gc,heap        ] GC(14) Eden regions: 25->0(55)
[1233.331s][info][gc,heap        ] GC(14) Survivor regions: 0->0(6)
[1233.331s][info][gc,heap        ] GC(14) Old regions: 8->8
[1233.331s][info][gc,heap        ] GC(14) Humongous regions: 16->0
[1233.331s][info][gc,metaspace   ] GC(14) Metaspace: 13595K(13760K)->13577K(13760K) NonClass: 12333K(12416K)->12315K(12416K) Class: 1261K(1344K)->1261K(1344K)
[1233.331s][info][gc             ] GC(14) Pause Full (System.gc()) 48M->7M(256M) 15.659ms
[1233.331s][info][gc,cpu         ] GC(14) User=0.02s Sys=0.00s Real=0.02s
[1369.805s][info][gc,start       ] GC(15) Pause Full (System.gc())
[1369.805s][info][gc,task        ] GC(15) Using 2 workers of 2 for full compaction
[1369.805s][info][gc,phases,start] GC(15) Phase 1: Mark live objects
[1369.812s][info][gc,phases      ] GC(15) Phase 1: Mark live objects 6.929ms
[1369.812s][info][gc,phases,start] GC(15) Phase 2: Prepare compaction
[1369.812s][info][gc,phases      ] GC(15) Phase 2: Prepare compaction 0.634ms
[1369.812s][info][gc,phases,start] GC(15) Phase 3: Adjust pointers
[1369.815s][info][gc,phases      ] GC(15) Phase 3: Adjust pointers 2.519ms
[1369.815s][info][gc,phases,start] GC(15) Phase 4: Compact heap
[1369.816s][info][gc,phases      ] GC(15) Phase 4: Compact heap 0.809ms
[1369.816s][info][gc,phases,start] GC(15) Phase 5: Reset Metadata
[1369.816s][info][gc,phases      ] GC(15) Phase 5: Reset Metadata 0.680ms
[1369.818s][info][gc,heap        ] GC(15) Eden regions: 25->0(55)
[1369.818s][info][gc,heap        ] GC(15) Survivor regions: 0->0(6)
[1369.818s][info][gc,heap        ] GC(15) Old regions: 8->8
[1369.818s][info][gc,heap        ] GC(15) Humongous regions: 16->0
[1369.818s][info][gc,metaspace   ] GC(15) Metaspace: 13606K(13760K)->13606K(13760K) NonClass: 12345K(12416K)->12345K(12416K) Class: 1261K(1344K)->1261K(1344K)
[1369.818s][info][gc             ] GC(15) Pause Full (System.gc()) 48M->7M(256M) 13.683ms
[1369.818s][info][gc,cpu         ] GC(15) User=0.02s Sys=0.00s Real=0.02s
[1506.700s][info][gc,start       ] GC(16) Pause Full (System.gc())
[1506.700s][info][gc,task        ] GC(16) Using 2 workers of 2 for full compaction
[1506.700s][info][gc,phases,start] GC(16) Phase 1: Mark live objects
[1506.707s][info][gc,phases      ] GC(16) Phase 1: Mark live objects 6.580ms
[1506.707s][info][gc,phases,start] GC(16) Phase 2: Prepare compaction
[1506.707s][info][gc,phases      ] GC(16) Phase 2: Prepare compaction 0.584ms
[1506.707s][info][gc,phases,start] GC(16) Phase 3: Adjust pointers
[1506.710s][info][gc,phases      ] GC(16) Phase 3: Adjust pointers 2.517ms
[1506.710s][info][gc,phases,start] GC(16) Phase 4: Compact heap
[1506.711s][info][gc,phases      ] GC(16) Phase 4: Compact heap 0.622ms
[1506.711s][info][gc,phases,start] GC(16) Phase 5: Reset Metadata
[1506.711s][info][gc,phases      ] GC(16) Phase 5: Reset Metadata 0.650ms
[1506.713s][info][gc,heap        ] GC(16) Eden regions: 25->0(55)
[1506.713s][info][gc,heap        ] GC(16) Survivor regions: 0->0(6)
[1506.713s][info][gc,heap        ] GC(16) Old regions: 8->8
[1506.713s][info][gc,heap        ] GC(16) Humongous regions: 16->0
[1506.713s][info][gc,metaspace   ] GC(16) Metaspace: 13638K(13824K)->13638K(13824K) NonClass: 12376K(12480K)->12376K(12480K) Class: 1261K(1344K)->1261K(1344K)
[1506.713s][info][gc             ] GC(16) Pause Full (System.gc()) 48M->7M(256M) 13.031ms
[1506.713s][info][gc,cpu         ] GC(16) User=0.02s Sys=0.00s Real=0.01s
[1506.720s][info][gc,heap,exit   ] Heap
[1506.720s][info][gc,heap,exit   ]  garbage-first heap   total reserved 1001472K, committed 262144K, used 8931K [0x00000000c2e00000, 0x0000000100000000)
[1506.720s][info][gc,heap,exit   ]   region size 1024K, 1 young (1024K), 0 survivors (0K)
[1506.720s][info][gc,heap,exit   ]  Metaspace       used 13640K, committed 13824K, reserved 1114112K
[1506.720s][info][gc,heap,exit   ]   class space    used 1261K, committed 1344K, reserved 1048576K
