[0.002s][info][metaspace]  - commit_granule_bytes: 65536.
[0.002s][info][metaspace]  - commit_granule_words: 8192.
[0.002s][info][metaspace]  - virtual_space_node_default_size: 8388608.
[0.002s][info][metaspace]  - enlarge_chunks_in_place: 1.
[0.004s][info][gc,init  ] CardTable entry size: 512
[0.008s][info][gc       ] Using G1
[0.012s][info][gc,init  ] Version: 24-internal-adhoc.root.jdk (release)
[0.012s][info][gc,init  ] CPUs: 2 total, 2 available
[0.012s][info][gc,init  ] Memory: 3908M
[0.012s][info][gc,init  ] Large Page Support: Disabled
[0.012s][info][gc,init  ] NUMA Support: Disabled
[0.012s][info][gc,init  ] Compressed Oops: Enabled (32-bit)
[0.012s][info][gc,init  ] Heap Region Size: 1M
[0.012s][info][gc,init  ] Heap Min Capacity: 256M
[0.012s][info][gc,init  ] Heap Initial Capacity: 256M
[0.012s][info][gc,init  ] Heap Max Capacity: 978M
[0.012s][info][gc,init  ] Pre-touch: Disabled
[0.012s][info][gc,init  ] Parallel Workers: 2
[0.012s][info][gc,init  ] Concurrent Workers: 1
[0.012s][info][gc,init  ] Concurrent Refinement Workers: 2
[0.012s][info][gc,init  ] Periodic GC: Disabled
[0.027s][info][gc,metaspace] CDS archive(s) mapped at: [0x00007f64ba000000-0x00007f64badc0000-0x00007f64badc0000), size 14417920, SharedBaseAddress: 0x00007f64ba000000, ArchiveRelocationMode: 1.
[0.027s][info][gc,metaspace] Compressed class space mapped at: 0x00007f64bb000000-0x00007f64fb000000, reserved size: 1073741824
[0.027s][info][gc,metaspace] UseCompressedClassPointers 1, UseCompactObjectHeaders 0
[0.027s][info][gc,metaspace] Narrow klass pointer bits 32, Max shift 3
[0.027s][info][gc,metaspace] Narrow klass base: 0x00007f64ba000000, Narrow klass shift: 0
[0.027s][info][gc,metaspace] Encoding Range: [0x00007f64ba000000 - 0x00007f65ba000000), (4294967296 bytes)
[0.027s][info][gc,metaspace] Klass Range:    [0x00007f64ba000000 - 0x00007f64fb000000), (1090519040 bytes)
[0.027s][info][gc,metaspace] Klass ID Range:  [8 - 1090519033) (1090519025)
[0.394s][info][gc,start    ] GC(0) Pause Young (Normal) (G1 Evacuation Pause)
[0.394s][info][gc,task     ] GC(0) Using 2 workers of 2 for evacuation
[0.397s][info][gc,phases   ] GC(0)   Pre Evacuate Collection Set: 0.17ms
[0.397s][info][gc,phases   ] GC(0)   Merge Heap Roots: 0.09ms
[0.397s][info][gc,phases   ] GC(0)   Evacuate Collection Set: 2.65ms
[0.397s][info][gc,phases   ] GC(0)   Post Evacuate Collection Set: 0.25ms
[0.397s][info][gc,phases   ] GC(0)   Other: 0.23ms
[0.397s][info][gc,heap     ] GC(0) Eden regions: 12->0(10)
[0.397s][info][gc,heap     ] GC(0) Survivor regions: 0->2(2)
[0.397s][info][gc,heap     ] GC(0) Old regions: 2->2
[0.397s][info][gc,heap     ] GC(0) Humongous regions: 0->0
[0.397s][info][gc,metaspace] GC(0) Metaspace: 2384K(2496K)->2384K(2496K) NonClass: 2186K(2240K)->2186K(2240K) Class: 197K(256K)->197K(256K)
[0.397s][info][gc          ] GC(0) Pause Young (Normal) (G1 Evacuation Pause) 13M->2M(258M) 3.611ms
[0.397s][info][gc,cpu      ] GC(0) User=0.01s Sys=0.01s Real=0.00s
[0.793s][info][gc,start    ] GC(1) Pause Young (Normal) (G1 Evacuation Pause)
[0.793s][info][gc,task     ] GC(1) Using 2 workers of 2 for evacuation
[0.799s][info][gc,phases   ] GC(1)   Pre Evacuate Collection Set: 0.17ms
[0.799s][info][gc,phases   ] GC(1)   Merge Heap Roots: 0.03ms
[0.799s][info][gc,phases   ] GC(1)   Evacuate Collection Set: 4.64ms
[0.799s][info][gc,phases   ] GC(1)   Post Evacuate Collection Set: 0.27ms
[0.799s][info][gc,phases   ] GC(1)   Other: 0.08ms
[0.799s][info][gc,heap     ] GC(1) Eden regions: 10->0(12)
[0.799s][info][gc,heap     ] GC(1) Survivor regions: 2->2(2)
[0.799s][info][gc,heap     ] GC(1) Old regions: 2->6
[0.799s][info][gc,heap     ] GC(1) Humongous regions: 0->0
[0.799s][info][gc,metaspace] GC(1) Metaspace: 3719K(3840K)->3719K(3840K) NonClass: 3401K(3456K)->3401K(3456K) Class: 318K(384K)->318K(384K)
[0.799s][info][gc          ] GC(1) Pause Young (Normal) (G1 Evacuation Pause) 12M->6M(258M) 5.351ms
[0.799s][info][gc,cpu      ] GC(1) User=0.01s Sys=0.00s Real=0.00s
[1.093s][info][gc,start    ] GC(2) Pause Young (Normal) (G1 Evacuation Pause)
[1.093s][info][gc,task     ] GC(2) Using 2 workers of 2 for evacuation
[1.099s][info][gc,phases   ] GC(2)   Pre Evacuate Collection Set: 0.15ms
[1.099s][info][gc,phases   ] GC(2)   Merge Heap Roots: 0.04ms
[1.099s][info][gc,phases   ] GC(2)   Evacuate Collection Set: 5.44ms
[1.099s][info][gc,phases   ] GC(2)   Post Evacuate Collection Set: 0.23ms
[1.099s][info][gc,phases   ] GC(2)   Other: 0.08ms
[1.099s][info][gc,heap     ] GC(2) Eden regions: 12->0(21)
[1.099s][info][gc,heap     ] GC(2) Survivor regions: 2->2(2)
[1.099s][info][gc,heap     ] GC(2) Old regions: 6->9
[1.099s][info][gc,heap     ] GC(2) Humongous regions: 0->0
[1.099s][info][gc,metaspace] GC(2) Metaspace: 7802K(8064K)->7802K(8064K) NonClass: 7166K(7296K)->7166K(7296K) Class: 636K(768K)->636K(768K)
[1.099s][info][gc          ] GC(2) Pause Young (Normal) (G1 Evacuation Pause) 18M->9M(258M) 6.103ms
[1.099s][info][gc,cpu      ] GC(2) User=0.00s Sys=0.01s Real=0.00s
[1.432s][info][gc,start    ] GC(3) Pause Young (Normal) (G1 Evacuation Pause)
[1.432s][info][gc,task     ] GC(3) Using 2 workers of 2 for evacuation
[1.436s][info][gc,phases   ] GC(3)   Pre Evacuate Collection Set: 0.14ms
[1.436s][info][gc,phases   ] GC(3)   Merge Heap Roots: 0.04ms
[1.436s][info][gc,phases   ] GC(3)   Evacuate Collection Set: 3.76ms
[1.436s][info][gc,phases   ] GC(3)   Post Evacuate Collection Set: 0.26ms
[1.436s][info][gc,phases   ] GC(3)   Other: 0.08ms
[1.436s][info][gc,heap     ] GC(3) Eden regions: 22->0(26)
[1.436s][info][gc,heap     ] GC(3) Survivor regions: 2->2(3)
[1.436s][info][gc,heap     ] GC(3) Old regions: 9->11
[1.436s][info][gc,heap     ] GC(3) Humongous regions: 0->0
[1.436s][info][gc,metaspace] GC(3) Metaspace: 12647K(12800K)->12647K(12800K) NonClass: 11504K(11584K)->11504K(11584K) Class: 1142K(1216K)->1142K(1216K)
[1.436s][info][gc          ] GC(3) Pause Young (Normal) (G1 Evacuation Pause) 31M->10M(258M) 4.449ms
[1.436s][info][gc,cpu      ] GC(3) User=0.01s Sys=0.01s Real=0.01s
[1.731s][info][gc,start    ] GC(4) Pause Young (Normal) (G1 Evacuation Pause)
[1.731s][info][gc,task     ] GC(4) Using 2 workers of 2 for evacuation
[1.736s][info][gc,phases   ] GC(4)   Pre Evacuate Collection Set: 0.18ms
[1.736s][info][gc,phases   ] GC(4)   Merge Heap Roots: 0.04ms
[1.736s][info][gc,phases   ] GC(4)   Evacuate Collection Set: 3.88ms
[1.736s][info][gc,phases   ] GC(4)   Post Evacuate Collection Set: 0.30ms
[1.736s][info][gc,phases   ] GC(4)   Other: 0.07ms
[1.736s][info][gc,heap     ] GC(4) Eden regions: 27->0(38)
[1.736s][info][gc,heap     ] GC(4) Survivor regions: 2->2(4)
[1.736s][info][gc,heap     ] GC(4) Old regions: 11->11
[1.736s][info][gc,heap     ] GC(4) Humongous regions: 0->0
[1.736s][info][gc,metaspace] GC(4) Metaspace: 16894K(17088K)->16894K(17088K) NonClass: 15308K(15424K)->15308K(15424K) Class: 1585K(1664K)->1585K(1664K)
[1.736s][info][gc          ] GC(4) Pause Young (Normal) (G1 Evacuation Pause) 37M->11M(258M) 4.626ms
[1.736s][info][gc,cpu      ] GC(4) User=0.01s Sys=0.01s Real=0.01s
[1.997s][info][metaspace   ] Arena @0x00007f65341775b0 (non-class arena): commit failure (requested size: 191)
[1.997s][info][metaspace   ] ChkMgr @0x00007f653415e590 (non-class-space): failed to commit 191 words on chunk @0x00007f64a42c7ff8, f, base 0x00007f64b1380000, level lv05.
[1.997s][info][metaspace   ] Arena @0x00007f65341775b0 (non-class arena): failed to allocate new chunk for requested word size 191.
[1.997s][info][metaspace   ] Arena @0x00007f65341775b0 (non-class arena): allocation failed, returned null.
[1.997s][info][metaspace   ] Arena @0x00007f65341775b0 (non-class arena): commit failure (requested size: 191)
[1.997s][info][metaspace   ] ChkMgr @0x00007f653415e590 (non-class-space): failed to commit 191 words on chunk @0x00007f64a42c7ff8, f, base 0x00007f64b1380000, level lv05.
[1.997s][info][metaspace   ] Arena @0x00007f65341775b0 (non-class arena): failed to allocate new chunk for requested word size 191.
[1.997s][info][metaspace   ] Arena @0x00007f65341775b0 (non-class arena): allocation failed, returned null.
[1.997s][info][metaspace   ] Arena @0x00007f65341775b0 (non-class arena): commit failure (requested size: 191)
[1.997s][info][metaspace   ] ChkMgr @0x00007f653415e590 (non-class-space): failed to commit 191 words on chunk @0x00007f64a42c7ff8, f, base 0x00007f64b1380000, level lv05.
[1.997s][info][metaspace   ] Arena @0x00007f65341775b0 (non-class arena): failed to allocate new chunk for requested word size 191.
[1.997s][info][metaspace   ] Arena @0x00007f65341775b0 (non-class arena): allocation failed, returned null.
[1.997s][info][gc,start    ] GC(5) Pause Young (Concurrent Start) (Metadata GC Threshold)
[1.997s][info][gc,task     ] GC(5) Using 2 workers of 2 for evacuation
[2.001s][info][gc,phases   ] GC(5)   Pre Evacuate Collection Set: 0.15ms
[2.001s][info][gc,phases   ] GC(5)   Merge Heap Roots: 0.04ms
[2.001s][info][gc,phases   ] GC(5)   Evacuate Collection Set: 2.82ms
[2.001s][info][gc,phases   ] GC(5)   Post Evacuate Collection Set: 0.27ms
[2.001s][info][gc,phases   ] GC(5)   Other: 0.09ms
[2.001s][info][gc,heap     ] GC(5) Eden regions: 17->0(62)
[2.001s][info][gc,heap     ] GC(5) Survivor regions: 2->3(5)
[2.001s][info][gc,heap     ] GC(5) Old regions: 11->11
[2.001s][info][gc,heap     ] GC(5) Humongous regions: 0->0
[2.001s][info][gc,metaspace] GC(5) Metaspace: 21432K(21504K)->21432K(21504K) NonClass: 19418K(19456K)->19418K(19456K) Class: 2014K(2048K)->2014K(2048K)
[2.001s][info][gc          ] GC(5) Pause Young (Concurrent Start) (Metadata GC Threshold) 28M->11M(258M) 3.506ms
[2.001s][info][gc,cpu      ] GC(5) User=0.01s Sys=0.00s Real=0.00s
[2.001s][info][metaspace   ] CLMS @0x00007f6534177580 : GC threshold increased: 22020096->22347776.
[2.003s][info][gc          ] GC(6) Concurrent Mark Cycle
[2.003s][info][gc,marking  ] GC(6) Concurrent Scan Root Regions
[2.007s][info][gc,marking  ] GC(6) Concurrent Scan Root Regions 4.368ms
[2.007s][info][gc,marking  ] GC(6) Concurrent Mark
[2.007s][info][gc,marking  ] GC(6) Concurrent Mark From Roots
[2.007s][info][gc,task     ] GC(6) Using 1 workers of 1 for marking
[2.028s][info][gc,marking  ] GC(6) Concurrent Mark From Roots 20.884ms
[2.028s][info][gc,marking  ] GC(6) Concurrent Preclean
[2.028s][info][gc,marking  ] GC(6) Concurrent Preclean 0.035ms
[2.028s][info][gc,start    ] GC(6) Pause Remark
[2.032s][info][gc          ] GC(6) Pause Remark 13M->13M(256M) 3.684ms
[2.032s][info][gc,cpu      ] GC(6) User=0.01s Sys=0.00s Real=0.01s
[2.033s][info][gc,marking  ] GC(6) Concurrent Mark 25.237ms
[2.033s][info][gc,marking  ] GC(6) Concurrent Rebuild Remembered Sets and Scrub Regions
[2.038s][info][gc,marking  ] GC(6) Concurrent Rebuild Remembered Sets and Scrub Regions 5.210ms
[2.038s][info][gc,start    ] GC(6) Pause Cleanup
[2.038s][info][gc          ] GC(6) Pause Cleanup 13M->13M(256M) 0.029ms
[2.038s][info][gc,cpu      ] GC(6) User=0.00s Sys=0.00s Real=0.00s
[2.039s][info][gc,marking  ] GC(6) Concurrent Clear Claimed Marks
[2.039s][info][gc,marking  ] GC(6) Concurrent Clear Claimed Marks 0.025ms
[2.039s][info][gc,marking  ] GC(6) Concurrent Cleanup for Next Mark
[2.042s][info][gc,marking  ] GC(6) Concurrent Cleanup for Next Mark 3.736ms
[2.042s][info][gc          ] GC(6) Concurrent Mark Cycle 39.494ms
[3.760s][info][gc,start    ] GC(7) Pause Young (Prepare Mixed) (G1 Evacuation Pause)
[3.760s][info][gc,task     ] GC(7) Using 2 workers of 2 for evacuation
[3.771s][info][gc,phases   ] GC(7)   Pre Evacuate Collection Set: 0.15ms
[3.771s][info][gc,phases   ] GC(7)   Merge Heap Roots: 0.06ms
[3.771s][info][gc,phases   ] GC(7)   Evacuate Collection Set: 9.94ms
[3.771s][info][gc,phases   ] GC(7)   Post Evacuate Collection Set: 0.59ms
[3.771s][info][gc,phases   ] GC(7)   Other: 0.07ms
[3.771s][info][gc,heap     ] GC(7) Eden regions: 59->0(51)
[3.771s][info][gc,heap     ] GC(7) Survivor regions: 3->6(8)
[3.771s][info][gc,heap     ] GC(7) Old regions: 11->11
[3.771s][info][gc,heap     ] GC(7) Humongous regions: 129->129
[3.771s][info][gc,metaspace] GC(7) Metaspace: 31435K(31616K)->31435K(31616K) NonClass: 28424K(28544K)->28424K(28544K) Class: 3010K(3072K)->3010K(3072K)
[3.771s][info][gc          ] GC(7) Pause Young (Prepare Mixed) (G1 Evacuation Pause) 199M->144M(256M) 10.996ms
[3.771s][info][gc,cpu      ] GC(7) User=0.02s Sys=0.00s Real=0.01s
[4.077s][info][metaspace   ] ChkMgr @0x00007f653415e590 (non-class-space): failed to commit 61 words on chunk @0x00007f64a45c6c30, f, base 0x00007f64b2040000, level lv10.
[4.077s][info][metaspace   ] Arena @0x00007f65343ff420 (non-class arena): failed to allocate new chunk for requested word size 61.
[4.077s][info][metaspace   ] Arena @0x00007f65343ff420 (non-class arena): allocation failed, returned null.
[4.077s][info][metaspace   ] ChkMgr @0x00007f653415e590 (non-class-space): failed to commit 61 words on chunk @0x00007f64a45c6c30, f, base 0x00007f64b2040000, level lv10.
[4.077s][info][metaspace   ] Arena @0x00007f65343ff420 (non-class arena): failed to allocate new chunk for requested word size 61.
[4.077s][info][metaspace   ] Arena @0x00007f65343ff420 (non-class arena): allocation failed, returned null.
[4.078s][info][metaspace   ] ChkMgr @0x00007f653415e590 (non-class-space): failed to commit 61 words on chunk @0x00007f64a45c6c30, f, base 0x00007f64b2040000, level lv10.
[4.078s][info][metaspace   ] Arena @0x00007f65343ff420 (non-class arena): failed to allocate new chunk for requested word size 61.
[4.078s][info][metaspace   ] Arena @0x00007f65343ff420 (non-class arena): allocation failed, returned null.
[4.078s][info][gc,start    ] GC(8) Pause Young (Mixed) (Metadata GC Threshold)
[4.078s][info][gc,task     ] GC(8) Using 2 workers of 2 for evacuation
[4.097s][info][gc,phases   ] GC(8)   Pre Evacuate Collection Set: 0.17ms
[4.097s][info][gc,phases   ] GC(8)   Merge Heap Roots: 0.06ms
[4.097s][info][gc,phases   ] GC(8)   Evacuate Collection Set: 15.98ms
[4.097s][info][gc,phases   ] GC(8)   Post Evacuate Collection Set: 2.73ms
[4.097s][info][gc,phases   ] GC(8)   Other: 0.07ms
[4.097s][info][gc,heap     ] GC(8) Eden regions: 22->0(13)
[4.097s][info][gc,heap     ] GC(8) Survivor regions: 6->3(7)
[4.097s][info][gc,heap     ] GC(8) Old regions: 11->16
[4.097s][info][gc,heap     ] GC(8) Humongous regions: 207->207
[4.097s][info][gc,metaspace] GC(8) Metaspace: 36252K(36416K)->36252K(36416K) NonClass: 32842K(32960K)->32842K(32960K) Class: 3409K(3456K)->3409K(3456K)
[4.097s][info][gc          ] GC(8) Pause Young (Mixed) (Metadata GC Threshold) 244M->225M(256M) 19.164ms
[4.097s][info][gc,cpu      ] GC(8) User=0.03s Sys=0.01s Real=0.02s
[4.097s][info][metaspace   ] CLMS @0x00007f65342169c0 : GC threshold increased: 37289984->37617664.
[4.143s][info][metaspace   ] ChkMgr @0x00007f653415e590 (non-class-space): failed to commit 11 words on chunk @0x00007f64a45c7218, f, base 0x00007f64b2090000, level lv10.
[4.143s][info][metaspace   ] Arena @0x00007f65343ff420 (non-class arena): failed to allocate new chunk for requested word size 11.
[4.143s][info][metaspace   ] Arena @0x00007f65343ff420 (non-class arena): allocation failed, returned null.
[4.143s][info][metaspace   ] ChkMgr @0x00007f653415e590 (non-class-space): failed to commit 11 words on chunk @0x00007f64a45c7218, f, base 0x00007f64b2090000, level lv10.
[4.143s][info][metaspace   ] Arena @0x00007f65343ff420 (non-class arena): failed to allocate new chunk for requested word size 11.
[4.143s][info][metaspace   ] Arena @0x00007f65343ff420 (non-class arena): allocation failed, returned null.
[4.143s][info][metaspace   ] ChkMgr @0x00007f653415e590 (non-class-space): failed to commit 11 words on chunk @0x00007f64a45c7218, f, base 0x00007f64b2090000, level lv10.
[4.143s][info][metaspace   ] Arena @0x00007f65343ff420 (non-class arena): failed to allocate new chunk for requested word size 11.
[4.143s][info][metaspace   ] Arena @0x00007f65343ff420 (non-class arena): allocation failed, returned null.
[4.143s][info][gc,start    ] GC(9) Pause Young (Concurrent Start) (Metadata GC Threshold)
[4.143s][info][gc,task     ] GC(9) Using 2 workers of 2 for evacuation
[4.150s][info][gc,phases   ] GC(9)   Pre Evacuate Collection Set: 0.21ms
[4.150s][info][gc,phases   ] GC(9)   Merge Heap Roots: 0.06ms
[4.150s][info][gc,phases   ] GC(9)   Evacuate Collection Set: 5.50ms
[4.150s][info][gc,phases   ] GC(9)   Post Evacuate Collection Set: 0.31ms
[4.150s][info][gc,phases   ] GC(9)   Other: 0.15ms
[4.150s][info][gc,heap     ] GC(9) Eden regions: 5->0(15)
[4.150s][info][gc,heap     ] GC(9) Survivor regions: 3->1(2)
[4.150s][info][gc,heap     ] GC(9) Old regions: 16->18
[4.150s][info][gc,heap     ] GC(9) Humongous regions: 207->207
[4.150s][info][gc,metaspace] GC(9) Metaspace: 36633K(36736K)->36633K(36736K) NonClass: 33191K(33280K)->33191K(33280K) Class: 3442K(3456K)->3442K(3456K)
[4.150s][info][gc          ] GC(9) Pause Young (Concurrent Start) (Metadata GC Threshold) 229M->224M(256M) 6.363ms
[4.150s][info][gc          ] GC(10) Concurrent Mark Cycle
[4.150s][info][gc,marking  ] GC(10) Concurrent Scan Root Regions
[4.150s][info][gc,cpu      ] GC(9) User=0.01s Sys=0.00s Real=0.00s
[4.150s][info][metaspace   ] CLMS @0x00007f65342169c0 : GC threshold increased: 37617664->37945344.
[4.155s][info][gc,marking  ] GC(10) Concurrent Scan Root Regions 4.960ms
[4.155s][info][gc,marking  ] GC(10) Concurrent Mark
[4.155s][info][gc,marking  ] GC(10) Concurrent Mark From Roots
[4.155s][info][gc,task     ] GC(10) Using 1 workers of 1 for marking
[4.191s][info][metaspace   ] ChkMgr @0x00007f653415e590 (non-class-space): failed to commit 11 words on chunk @0x00007f64a45c74a0, f, base 0x00007f64b20d0000, level lv10.
[4.192s][info][metaspace   ] Arena @0x00007f65343ff420 (non-class arena): failed to allocate new chunk for requested word size 11.
[4.192s][info][metaspace   ] Arena @0x00007f65343ff420 (non-class arena): allocation failed, returned null.
[4.192s][info][metaspace   ] ChkMgr @0x00007f653415e590 (non-class-space): failed to commit 11 words on chunk @0x00007f64a45c74a0, f, base 0x00007f64b20d0000, level lv10.
[4.192s][info][metaspace   ] Arena @0x00007f65343ff420 (non-class arena): failed to allocate new chunk for requested word size 11.
[4.192s][info][metaspace   ] Arena @0x00007f65343ff420 (non-class arena): allocation failed, returned null.
[4.192s][info][metaspace   ] ChkMgr @0x00007f653415e590 (non-class-space): failed to commit 11 words on chunk @0x00007f64a45c74a0, f, base 0x00007f64b20d0000, level lv10.
[4.192s][info][metaspace   ] Arena @0x00007f65343ff420 (non-class arena): failed to allocate new chunk for requested word size 11.
[4.192s][info][metaspace   ] Arena @0x00007f65343ff420 (non-class arena): allocation failed, returned null.
[4.192s][info][metaspace   ] CLMS @0x00007f65342169c0 : GC threshold increased: 37945344->38273024.
[4.213s][info][gc,marking  ] GC(10) Concurrent Mark From Roots 58.644ms
[4.213s][info][gc,marking  ] GC(10) Concurrent Preclean
[4.213s][info][gc,marking  ] GC(10) Concurrent Preclean 0.102ms
[4.214s][info][gc,start    ] GC(10) Pause Remark
[4.219s][info][gc          ] GC(10) Pause Remark 228M->228M(377M) 5.840ms
[4.219s][info][gc,cpu      ] GC(10) User=0.01s Sys=0.00s Real=0.00s
[4.222s][info][gc,marking  ] GC(10) Concurrent Mark 67.354ms
[4.222s][info][gc,marking  ] GC(10) Concurrent Rebuild Remembered Sets and Scrub Regions
[4.246s][info][gc,marking  ] GC(10) Concurrent Rebuild Remembered Sets and Scrub Regions 23.701ms
[4.249s][info][gc,start    ] GC(10) Pause Cleanup
[4.249s][info][gc          ] GC(10) Pause Cleanup 230M->230M(377M) 0.186ms
[4.249s][info][gc,cpu      ] GC(10) User=0.00s Sys=0.00s Real=0.00s
[4.249s][info][gc,marking  ] GC(10) Concurrent Clear Claimed Marks
[4.249s][info][gc,marking  ] GC(10) Concurrent Clear Claimed Marks 0.031ms
[4.249s][info][gc,marking  ] GC(10) Concurrent Cleanup for Next Mark
[4.262s][info][gc,marking  ] GC(10) Concurrent Cleanup for Next Mark 12.349ms
[4.262s][info][gc          ] GC(10) Concurrent Mark Cycle 112.093ms
[4.400s][info][gc,start    ] GC(11) Pause Young (Prepare Mixed) (G1 Evacuation Pause)
[4.400s][info][gc,task     ] GC(11) Using 2 workers of 2 for evacuation
[4.406s][info][gc,phases   ] GC(11)   Pre Evacuate Collection Set: 1.29ms
[4.406s][info][gc,phases   ] GC(11)   Merge Heap Roots: 0.11ms
[4.406s][info][gc,phases   ] GC(11)   Evacuate Collection Set: 3.25ms
[4.406s][info][gc,phases   ] GC(11)   Post Evacuate Collection Set: 0.33ms
[4.406s][info][gc,phases   ] GC(11)   Other: 0.10ms
[4.406s][info][gc,heap     ] GC(11) Eden regions: 17->0(102)
[4.406s][info][gc,heap     ] GC(11) Survivor regions: 1->1(3)
[4.406s][info][gc,heap     ] GC(11) Old regions: 18->18
[4.406s][info][gc,heap     ] GC(11) Humongous regions: 207->207
[4.406s][info][gc,metaspace] GC(11) Metaspace: 39555K(39808K)->39555K(39808K) NonClass: 35822K(35968K)->35822K(35968K) Class: 3733K(3840K)->3733K(3840K)
[4.406s][info][gc          ] GC(11) Pause Young (Prepare Mixed) (G1 Evacuation Pause) 241M->225M(377M) 5.268ms
[4.406s][info][gc,cpu      ] GC(11) User=0.01s Sys=0.00s Real=0.01s
[7.361s][info][gc,start    ] GC(12) Pause Young (Mixed) (G1 Evacuation Pause)
[7.361s][info][gc,task     ] GC(12) Using 2 workers of 2 for evacuation
[7.374s][info][gc,phases   ] GC(12)   Pre Evacuate Collection Set: 0.24ms
[7.374s][info][gc,phases   ] GC(12)   Merge Heap Roots: 0.10ms
[7.374s][info][gc,phases   ] GC(12)   Evacuate Collection Set: 11.93ms
[7.374s][info][gc,phases   ] GC(12)   Post Evacuate Collection Set: 0.99ms
[7.374s][info][gc,phases   ] GC(12)   Other: 0.11ms
[7.374s][info][gc,heap     ] GC(12) Eden regions: 102->0(90)
[7.374s][info][gc,heap     ] GC(12) Survivor regions: 1->5(13)
[7.374s][info][gc,heap     ] GC(12) Old regions: 18->18
[7.374s][info][gc,heap     ] GC(12) Humongous regions: 207->207
[7.374s][info][gc,metaspace] GC(12) Metaspace: 52313K(52544K)->52313K(52544K) NonClass: 46931K(47104K)->46931K(47104K) Class: 5382K(5440K)->5382K(5440K)
[7.374s][info][gc          ] GC(12) Pause Young (Mixed) (G1 Evacuation Pause) 327M->229M(377M) 13.554ms
[7.374s][info][gc,cpu      ] GC(12) User=0.02s Sys=0.01s Real=0.02s
[8.226s][info][gc,start    ] GC(13) Pause Young (Concurrent Start) (G1 Evacuation Pause)
[8.226s][info][gc,task     ] GC(13) Using 2 workers of 2 for evacuation
[8.248s][info][gc,phases   ] GC(13)   Pre Evacuate Collection Set: 0.24ms
[8.248s][info][gc,phases   ] GC(13)   Merge Heap Roots: 0.07ms
[8.248s][info][gc,phases   ] GC(13)   Evacuate Collection Set: 20.27ms
[8.248s][info][gc,phases   ] GC(13)   Post Evacuate Collection Set: 0.75ms
[8.248s][info][gc,phases   ] GC(13)   Other: 0.09ms
[8.248s][info][gc,heap     ] GC(13) Eden regions: 90->0(77)
[8.248s][info][gc,heap     ] GC(13) Survivor regions: 5->12(12)
[8.248s][info][gc,heap     ] GC(13) Old regions: 18->33
[8.248s][info][gc,heap     ] GC(13) Humongous regions: 207->207
[8.248s][info][gc,metaspace] GC(13) Metaspace: 54326K(54592K)->54326K(54592K) NonClass: 48746K(48960K)->48746K(48960K) Class: 5579K(5632K)->5579K(5632K)
[8.248s][info][gc          ] GC(13) Pause Young (Concurrent Start) (G1 Evacuation Pause) 319M->252M(377M) 21.584ms
[8.248s][info][gc          ] GC(14) Concurrent Mark Cycle
[8.248s][info][gc,marking  ] GC(14) Concurrent Scan Root Regions
[8.248s][info][gc,cpu      ] GC(13) User=0.04s Sys=0.00s Real=0.02s
[8.280s][info][gc,start    ] GC(15) Pause Young (Normal) (G1 Evacuation Pause)
[8.280s][info][gc,task     ] GC(15) Using 2 workers of 2 for evacuation
[8.280s][info][gc,marking  ] GC(14) Concurrent Scan Root Regions 32.363ms
[8.280s][info][gc,marking  ] GC(14) Concurrent Mark
[8.280s][info][gc,marking  ] GC(14) Concurrent Mark From Roots
[8.280s][info][gc,task     ] GC(14) Using 1 workers of 1 for marking
[8.292s][info][gc,phases   ] GC(15)   Pre Evacuate Collection Set: 0.19ms
[8.292s][info][gc,phases   ] GC(15)   Merge Heap Roots: 0.14ms
[8.292s][info][gc,phases   ] GC(15)   Evacuate Collection Set: 11.20ms
[8.292s][info][gc,phases   ] GC(15)   Post Evacuate Collection Set: 0.44ms
[8.292s][info][gc,phases   ] GC(15)   Other: 0.08ms
[8.292s][info][gc,heap     ] GC(15) Eden regions: 6->0(76)
[8.292s][info][gc,heap     ] GC(15) Survivor regions: 12->2(3)
[8.292s][info][gc,heap     ] GC(15) Old regions: 33->45
[8.292s][info][gc,heap     ] GC(15) Humongous regions: 207->207
[8.292s][info][gc,metaspace] GC(15) Metaspace: 54353K(54656K)->54353K(54656K) NonClass: 48773K(49024K)->48773K(49024K) Class: 5579K(5632K)->5579K(5632K)
[8.292s][info][gc          ] GC(15) Pause Young (Normal) (G1 Evacuation Pause) 257M->254M(377M) 12.287ms
[8.292s][info][gc,cpu      ] GC(15) User=0.02s Sys=0.00s Real=0.02s
[8.369s][info][gc,marking  ] GC(14) Concurrent Mark From Roots 88.814ms
[8.369s][info][gc,marking  ] GC(14) Concurrent Preclean
[8.369s][info][gc,marking  ] GC(14) Concurrent Preclean 0.104ms
[8.369s][info][gc,start    ] GC(14) Pause Remark
[8.377s][info][gc          ] GC(14) Pause Remark 265M->265M(424M) 7.468ms
[8.377s][info][gc,cpu      ] GC(14) User=0.01s Sys=0.00s Real=0.01s
[8.380s][info][gc,marking  ] GC(14) Concurrent Mark 99.912ms
[8.380s][info][gc,marking  ] GC(14) Concurrent Rebuild Remembered Sets and Scrub Regions
[8.421s][info][gc,marking  ] GC(14) Concurrent Rebuild Remembered Sets and Scrub Regions 40.646ms
[8.422s][info][gc,start    ] GC(14) Pause Cleanup
[8.422s][info][gc          ] GC(14) Pause Cleanup 273M->273M(424M) 0.071ms
[8.422s][info][gc,cpu      ] GC(14) User=0.00s Sys=0.00s Real=0.00s
[8.422s][info][gc,marking  ] GC(14) Concurrent Clear Claimed Marks
[8.422s][info][gc,marking  ] GC(14) Concurrent Clear Claimed Marks 0.074ms
[8.422s][info][gc,marking  ] GC(14) Concurrent Cleanup for Next Mark
[8.426s][info][gc,marking  ] GC(14) Concurrent Cleanup for Next Mark 3.819ms
[8.426s][info][gc          ] GC(14) Concurrent Mark Cycle 177.936ms
[8.668s][info][gc,start    ] GC(16) Pause Young (Prepare Mixed) (G1 Evacuation Pause)
[8.668s][info][gc,task     ] GC(16) Using 2 workers of 2 for evacuation
[8.689s][info][gc,phases   ] GC(16)   Pre Evacuate Collection Set: 0.28ms
[8.689s][info][gc,phases   ] GC(16)   Merge Heap Roots: 0.08ms
[8.689s][info][gc,phases   ] GC(16)   Evacuate Collection Set: 20.48ms
[8.689s][info][gc,phases   ] GC(16)   Post Evacuate Collection Set: 0.39ms
[8.690s][info][gc,phases   ] GC(16)   Other: 0.11ms
[8.690s][info][gc,heap     ] GC(16) Eden regions: 76->0(93)
[8.690s][info][gc,heap     ] GC(16) Survivor regions: 2->10(10)
[8.690s][info][gc,heap     ] GC(16) Old regions: 45->55
[8.690s][info][gc,heap     ] GC(16) Humongous regions: 207->207
[8.690s][info][gc,metaspace] GC(16) Metaspace: 54491K(54720K)->54491K(54720K) NonClass: 48910K(49088K)->48910K(49088K) Class: 5580K(5632K)->5580K(5632K)
[8.690s][info][gc          ] GC(16) Pause Young (Prepare Mixed) (G1 Evacuation Pause) 330M->271M(424M) 21.502ms
[8.690s][info][gc,cpu      ] GC(16) User=0.03s Sys=0.00s Real=0.02s
[9.106s][info][gc,start    ] GC(17) Pause Young (Mixed) (G1 Evacuation Pause)
[9.106s][info][gc,task     ] GC(17) Using 2 workers of 2 for evacuation
[9.132s][info][gc,phases   ] GC(17)   Pre Evacuate Collection Set: 0.32ms
[9.132s][info][gc,phases   ] GC(17)   Merge Heap Roots: 0.17ms
[9.132s][info][gc,phases   ] GC(17)   Evacuate Collection Set: 24.98ms
[9.132s][info][gc,phases   ] GC(17)   Post Evacuate Collection Set: 0.44ms
[9.132s][info][gc,phases   ] GC(17)   Other: 0.08ms
[9.132s][info][gc,heap     ] GC(17) Eden regions: 93->0(89)
[9.132s][info][gc,heap     ] GC(17) Survivor regions: 10->13(13)
[9.132s][info][gc,heap     ] GC(17) Old regions: 55->65
[9.132s][info][gc,heap     ] GC(17) Humongous regions: 207->207
[9.132s][info][gc,metaspace] GC(17) Metaspace: 54819K(55168K)->54819K(55168K) NonClass: 49238K(49472K)->49238K(49472K) Class: 5581K(5696K)->5581K(5696K)
[9.132s][info][gc          ] GC(17) Pause Young (Mixed) (G1 Evacuation Pause) 364M->285M(424M) 26.155ms
[9.132s][info][gc,cpu      ] GC(17) User=0.05s Sys=0.01s Real=0.02s
[9.417s][info][gc,start    ] GC(18) Pause Young (Concurrent Start) (G1 Evacuation Pause)
[9.417s][info][gc,task     ] GC(18) Using 2 workers of 2 for evacuation
[9.438s][info][gc,phases   ] GC(18)   Pre Evacuate Collection Set: 0.23ms
[9.438s][info][gc,phases   ] GC(18)   Merge Heap Roots: 0.10ms
[9.438s][info][gc,phases   ] GC(18)   Evacuate Collection Set: 19.68ms
[9.438s][info][gc,phases   ] GC(18)   Post Evacuate Collection Set: 0.41ms
[9.438s][info][gc,phases   ] GC(18)   Other: 0.17ms
[9.438s][info][gc,heap     ] GC(18) Eden regions: 89->0(88)
[9.438s][info][gc,heap     ] GC(18) Survivor regions: 13->9(13)
[9.438s][info][gc,heap     ] GC(18) Old regions: 65->77
[9.438s][info][gc,heap     ] GC(18) Humongous regions: 207->207
[9.438s][info][gc,metaspace] GC(18) Metaspace: 54859K(55232K)->54859K(55232K) NonClass: 49278K(49536K)->49278K(49536K) Class: 5581K(5696K)->5581K(5696K)
[9.438s][info][gc          ] GC(18) Pause Young (Concurrent Start) (G1 Evacuation Pause) 373M->292M(424M) 20.778ms
[9.438s][info][gc,cpu      ] GC(18) User=0.04s Sys=0.00s Real=0.02s
[9.438s][info][gc          ] GC(19) Concurrent Mark Cycle
[9.444s][info][gc,marking  ] GC(19) Concurrent Scan Root Regions
[9.460s][info][gc,marking  ] GC(19) Concurrent Scan Root Regions 16.141ms
[9.460s][info][gc,marking  ] GC(19) Concurrent Mark
[9.460s][info][gc,marking  ] GC(19) Concurrent Mark From Roots
[9.460s][info][gc,task     ] GC(19) Using 1 workers of 1 for marking
[9.549s][info][gc,marking  ] GC(19) Concurrent Mark From Roots 88.441ms
[9.549s][info][gc,marking  ] GC(19) Concurrent Preclean
[9.549s][info][gc,marking  ] GC(19) Concurrent Preclean 0.086ms
[9.549s][info][gc,start    ] GC(19) Pause Remark
[9.560s][info][gc          ] GC(19) Pause Remark 315M->315M(489M) 11.341ms
[9.560s][info][gc,cpu      ] GC(19) User=0.02s Sys=0.00s Real=0.01s
[9.564s][info][gc,marking  ] GC(19) Concurrent Mark 103.825ms
[9.564s][info][gc,marking  ] GC(19) Concurrent Rebuild Remembered Sets and Scrub Regions
[9.608s][info][gc,marking  ] GC(19) Concurrent Rebuild Remembered Sets and Scrub Regions 44.400ms
[9.609s][info][gc,start    ] GC(19) Pause Cleanup
[9.609s][info][gc          ] GC(19) Pause Cleanup 322M->322M(489M) 0.068ms
[9.609s][info][gc,cpu      ] GC(19) User=0.00s Sys=0.00s Real=0.00s
[9.609s][info][gc,marking  ] GC(19) Concurrent Clear Claimed Marks
[9.609s][info][gc,marking  ] GC(19) Concurrent Clear Claimed Marks 0.074ms
[9.609s][info][gc,marking  ] GC(19) Concurrent Cleanup for Next Mark
[9.611s][info][gc,marking  ] GC(19) Concurrent Cleanup for Next Mark 2.094ms
[9.611s][info][gc          ] GC(19) Concurrent Mark Cycle 173.407ms
[9.842s][info][gc,start    ] GC(20) Pause Young (Prepare Mixed) (G1 Evacuation Pause)
[9.842s][info][gc,task     ] GC(20) Using 2 workers of 2 for evacuation
[9.859s][info][gc,phases   ] GC(20)   Pre Evacuate Collection Set: 0.27ms
[9.859s][info][gc,phases   ] GC(20)   Merge Heap Roots: 0.11ms
[9.859s][info][gc,phases   ] GC(20)   Evacuate Collection Set: 15.98ms
[9.859s][info][gc,phases   ] GC(20)   Post Evacuate Collection Set: 0.42ms
[9.859s][info][gc,phases   ] GC(20)   Other: 0.09ms
[9.859s][info][gc,heap     ] GC(20) Eden regions: 88->0(131)
[9.859s][info][gc,heap     ] GC(20) Survivor regions: 9->9(13)
[9.859s][info][gc,heap     ] GC(20) Old regions: 77->84
[9.859s][info][gc,heap     ] GC(20) Humongous regions: 207->207
[9.859s][info][gc,metaspace] GC(20) Metaspace: 54949K(55296K)->54949K(55296K) NonClass: 49358K(49600K)->49358K(49600K) Class: 5591K(5696K)->5591K(5696K)
[9.859s][info][gc          ] GC(20) Pause Young (Prepare Mixed) (G1 Evacuation Pause) 380M->298M(489M) 17.019ms
[9.859s][info][gc,cpu      ] GC(20) User=0.03s Sys=0.00s Real=0.01s
[10.147s][info][gc,start    ] GC(21) Pause Young (Mixed) (G1 Evacuation Pause)
[10.147s][info][gc,task     ] GC(21) Using 2 workers of 2 for evacuation
[10.170s][info][gc,phases   ] GC(21)   Pre Evacuate Collection Set: 0.29ms
[10.170s][info][gc,phases   ] GC(21)   Merge Heap Roots: 0.15ms
[10.170s][info][gc,phases   ] GC(21)   Evacuate Collection Set: 21.57ms
[10.170s][info][gc,phases   ] GC(21)   Post Evacuate Collection Set: 0.45ms
[10.170s][info][gc,phases   ] GC(21)   Other: 0.10ms
[10.170s][info][gc,heap     ] GC(21) Eden regions: 131->0(122)
[10.170s][info][gc,heap     ] GC(21) Survivor regions: 9->16(18)
[10.170s][info][gc,heap     ] GC(21) Old regions: 84->81
[10.170s][info][gc,heap     ] GC(21) Humongous regions: 207->207
[10.170s][info][gc,metaspace] GC(21) Metaspace: 55088K(55424K)->55088K(55424K) NonClass: 49496K(49728K)->49496K(49728K) Class: 5591K(5696K)->5591K(5696K)
[10.170s][info][gc          ] GC(21) Pause Young (Mixed) (G1 Evacuation Pause) 429M->303M(489M) 22.718ms
[10.170s][info][gc,cpu      ] GC(21) User=0.05s Sys=0.00s Real=0.02s
[10.466s][info][gc,start    ] GC(22) Pause Young (Concurrent Start) (G1 Evacuation Pause)
[10.466s][info][gc,task     ] GC(22) Using 2 workers of 2 for evacuation
[10.487s][info][gc,phases   ] GC(22)   Pre Evacuate Collection Set: 0.29ms
[10.487s][info][gc,phases   ] GC(22)   Merge Heap Roots: 0.09ms
[10.487s][info][gc,phases   ] GC(22)   Evacuate Collection Set: 20.08ms
[10.487s][info][gc,phases   ] GC(22)   Post Evacuate Collection Set: 0.53ms
[10.487s][info][gc,phases   ] GC(22)   Other: 0.10ms
[10.487s][info][gc,heap     ] GC(22) Eden regions: 122->0(128)
[10.487s][info][gc,heap     ] GC(22) Survivor regions: 16->11(18)
[10.487s][info][gc,heap     ] GC(22) Old regions: 81->87
[10.487s][info][gc,heap     ] GC(22) Humongous regions: 207->207
[10.487s][info][gc,metaspace] GC(22) Metaspace: 55112K(55424K)->55112K(55424K) NonClass: 49520K(49728K)->49520K(49728K) Class: 5591K(5696K)->5591K(5696K)
[10.487s][info][gc          ] GC(22) Pause Young (Concurrent Start) (G1 Evacuation Pause) 425M->304M(489M) 21.250ms
[10.487s][info][gc,cpu      ] GC(22) User=0.04s Sys=0.00s Real=0.02s
[10.489s][info][gc          ] GC(23) Concurrent Mark Cycle
[10.489s][info][gc,marking  ] GC(23) Concurrent Scan Root Regions
[10.527s][info][gc,marking  ] GC(23) Concurrent Scan Root Regions 38.117ms
[10.527s][info][gc,marking  ] GC(23) Concurrent Mark
[10.527s][info][gc,marking  ] GC(23) Concurrent Mark From Roots
[10.527s][info][gc,task     ] GC(23) Using 1 workers of 1 for marking
[10.607s][info][gc,marking  ] GC(23) Concurrent Mark From Roots 79.617ms
[10.607s][info][gc,marking  ] GC(23) Concurrent Preclean
[10.607s][info][gc,marking  ] GC(23) Concurrent Preclean 0.063ms
[10.607s][info][gc,start    ] GC(23) Pause Remark
[10.615s][info][gc          ] GC(23) Pause Remark 340M->340M(509M) 8.367ms
[10.615s][info][gc,cpu      ] GC(23) User=0.01s Sys=0.00s Real=0.01s
[10.617s][info][gc,marking  ] GC(23) Concurrent Mark 90.092ms
[10.617s][info][gc,marking  ] GC(23) Concurrent Rebuild Remembered Sets and Scrub Regions
[10.653s][info][gc,marking  ] GC(23) Concurrent Rebuild Remembered Sets and Scrub Regions 36.145ms
[10.654s][info][gc,start    ] GC(23) Pause Cleanup
[10.654s][info][gc          ] GC(23) Pause Cleanup 349M->349M(509M) 0.080ms
[10.654s][info][gc,cpu      ] GC(23) User=0.00s Sys=0.00s Real=0.00s
[10.654s][info][gc,marking  ] GC(23) Concurrent Clear Claimed Marks
[10.654s][info][gc,marking  ] GC(23) Concurrent Clear Claimed Marks 0.083ms
[10.654s][info][gc,marking  ] GC(23) Concurrent Cleanup for Next Mark
[10.656s][info][gc,marking  ] GC(23) Concurrent Cleanup for Next Mark 1.830ms
[10.656s][info][gc          ] GC(23) Concurrent Mark Cycle 167.560ms
[10.855s][info][gc,start    ] GC(24) Pause Young (Prepare Mixed) (G1 Evacuation Pause)
[10.855s][info][gc,task     ] GC(24) Using 2 workers of 2 for evacuation
[10.879s][info][gc,phases   ] GC(24)   Pre Evacuate Collection Set: 0.27ms
[10.879s][info][gc,phases   ] GC(24)   Merge Heap Roots: 0.12ms
[10.879s][info][gc,phases   ] GC(24)   Evacuate Collection Set: 23.28ms
[10.879s][info][gc,phases   ] GC(24)   Post Evacuate Collection Set: 0.59ms
[10.879s][info][gc,phases   ] GC(24)   Other: 0.09ms
[10.879s][info][gc,heap     ] GC(24) Eden regions: 128->0(143)
[10.879s][info][gc,heap     ] GC(24) Survivor regions: 11->11(18)
[10.879s][info][gc,heap     ] GC(24) Old regions: 87->91
[10.879s][info][gc,heap     ] GC(24) Humongous regions: 207->207
[10.879s][info][gc,metaspace] GC(24) Metaspace: 55166K(55488K)->55166K(55488K) NonClass: 49574K(49792K)->49574K(49792K) Class: 5591K(5696K)->5591K(5696K)
[10.879s][info][gc          ] GC(24) Pause Young (Prepare Mixed) (G1 Evacuation Pause) 432M->309M(509M) 24.512ms
[10.879s][info][gc,cpu      ] GC(24) User=0.05s Sys=0.00s Real=0.02s
[11.171s][info][gc,start    ] GC(25) Pause Young (Mixed) (G1 Evacuation Pause)
[11.171s][info][gc,task     ] GC(25) Using 2 workers of 2 for evacuation
[11.192s][info][gc,phases   ] GC(25)   Pre Evacuate Collection Set: 0.27ms
[11.192s][info][gc,phases   ] GC(25)   Merge Heap Roots: 0.12ms
[11.192s][info][gc,phases   ] GC(25)   Evacuate Collection Set: 19.64ms
[11.192s][info][gc,phases   ] GC(25)   Post Evacuate Collection Set: 0.48ms
[11.192s][info][gc,phases   ] GC(25)   Other: 0.07ms
[11.192s][info][gc,heap     ] GC(25) Eden regions: 143->0(143)
[11.192s][info][gc,heap     ] GC(25) Survivor regions: 11->13(20)
[11.192s][info][gc,heap     ] GC(25) Old regions: 91->87
[11.192s][info][gc,heap     ] GC(25) Humongous regions: 207->207
[11.192s][info][gc,metaspace] GC(25) Metaspace: 55252K(55552K)->55252K(55552K) NonClass: 49661K(49856K)->49661K(49856K) Class: 5591K(5696K)->5591K(5696K)
[11.192s][info][gc          ] GC(25) Pause Young (Mixed) (G1 Evacuation Pause) 452M->306M(509M) 20.767ms
[11.192s][info][gc,cpu      ] GC(25) User=0.04s Sys=0.00s Real=0.02s
[11.497s][info][gc,start    ] GC(26) Pause Young (Concurrent Start) (G1 Evacuation Pause)
[11.497s][info][gc,task     ] GC(26) Using 2 workers of 2 for evacuation
[11.517s][info][gc,phases   ] GC(26)   Pre Evacuate Collection Set: 0.27ms
[11.517s][info][gc,phases   ] GC(26)   Merge Heap Roots: 0.10ms
[11.517s][info][gc,phases   ] GC(26)   Evacuate Collection Set: 18.94ms
[11.517s][info][gc,phases   ] GC(26)   Post Evacuate Collection Set: 0.44ms
[11.517s][info][gc,phases   ] GC(26)   Other: 0.12ms
[11.517s][info][gc,heap     ] GC(26) Eden regions: 143->0(146)
[11.517s][info][gc,heap     ] GC(26) Survivor regions: 13->13(20)
[11.517s][info][gc,heap     ] GC(26) Old regions: 87->90
[11.517s][info][gc,heap     ] GC(26) Humongous regions: 207->207
[11.517s][info][gc,metaspace] GC(26) Metaspace: 55368K(55680K)->55368K(55680K) NonClass: 49777K(49984K)->49777K(49984K) Class: 5591K(5696K)->5591K(5696K)
[11.517s][info][gc          ] GC(26) Pause Young (Concurrent Start) (G1 Evacuation Pause) 449M->309M(509M) 20.022ms
[11.517s][info][gc          ] GC(27) Concurrent Mark Cycle
[11.517s][info][gc,marking  ] GC(27) Concurrent Scan Root Regions
[11.518s][info][gc,cpu      ] GC(26) User=0.03s Sys=0.00s Real=0.02s
[11.539s][info][gc,marking  ] GC(27) Concurrent Scan Root Regions 21.279ms
[11.539s][info][gc,marking  ] GC(27) Concurrent Mark
[11.539s][info][gc,marking  ] GC(27) Concurrent Mark From Roots
[11.539s][info][gc,task     ] GC(27) Using 1 workers of 1 for marking
[11.618s][info][gc,marking  ] GC(27) Concurrent Mark From Roots 79.214ms
[11.618s][info][gc,marking  ] GC(27) Concurrent Preclean
[11.618s][info][gc,marking  ] GC(27) Concurrent Preclean 0.062ms
[11.618s][info][gc,start    ] GC(27) Pause Remark
[11.630s][info][gc          ] GC(27) Pause Remark 352M->352M(517M) 11.437ms
[11.630s][info][gc,cpu      ] GC(27) User=0.03s Sys=0.00s Real=0.01s
[11.630s][info][gc,marking  ] GC(27) Concurrent Mark 91.159ms
[11.630s][info][gc,marking  ] GC(27) Concurrent Rebuild Remembered Sets and Scrub Regions
[11.647s][info][gc,marking  ] GC(27) Concurrent Rebuild Remembered Sets and Scrub Regions 17.196ms
[11.647s][info][gc,start    ] GC(27) Pause Cleanup
[11.647s][info][gc          ] GC(27) Pause Cleanup 355M->355M(517M) 0.057ms
[11.647s][info][gc,cpu      ] GC(27) User=0.00s Sys=0.00s Real=0.00s
[11.647s][info][gc,marking  ] GC(27) Concurrent Clear Claimed Marks
[11.647s][info][gc,marking  ] GC(27) Concurrent Clear Claimed Marks 0.078ms
[11.647s][info][gc,marking  ] GC(27) Concurrent Cleanup for Next Mark
[11.649s][info][gc,marking  ] GC(27) Concurrent Cleanup for Next Mark 1.693ms
[11.649s][info][gc          ] GC(27) Concurrent Mark Cycle 131.673ms
[11.832s][info][gc,start    ] GC(28) Pause Young (Prepare Mixed) (G1 Evacuation Pause)
[11.833s][info][gc,task     ] GC(28) Using 2 workers of 2 for evacuation
[11.853s][info][gc,phases   ] GC(28)   Pre Evacuate Collection Set: 0.31ms
[11.853s][info][gc,phases   ] GC(28)   Merge Heap Roots: 0.11ms
[11.853s][info][gc,phases   ] GC(28)   Evacuate Collection Set: 19.70ms
[11.853s][info][gc,phases   ] GC(28)   Post Evacuate Collection Set: 0.48ms
[11.853s][info][gc,phases   ] GC(28)   Other: 0.11ms
[11.853s][info][gc,heap     ] GC(28) Eden regions: 146->0(151)
[11.853s][info][gc,heap     ] GC(28) Survivor regions: 13->13(20)
[11.853s][info][gc,heap     ] GC(28) Old regions: 90->92
[11.853s][info][gc,heap     ] GC(28) Humongous regions: 207->207
[11.853s][info][gc,metaspace] GC(28) Metaspace: 55372K(55680K)->55372K(55680K) NonClass: 49780K(49984K)->49780K(49984K) Class: 5591K(5696K)->5591K(5696K)
[11.853s][info][gc          ] GC(28) Pause Young (Prepare Mixed) (G1 Evacuation Pause) 455M->311M(517M) 20.899ms
[11.853s][info][gc,cpu      ] GC(28) User=0.04s Sys=0.00s Real=0.02s
[12.245s][info][gc,start    ] GC(29) Pause Young (Mixed) (G1 Evacuation Pause)
[12.246s][info][gc,task     ] GC(29) Using 2 workers of 2 for evacuation
[12.265s][info][gc,phases   ] GC(29)   Pre Evacuate Collection Set: 0.28ms
[12.265s][info][gc,phases   ] GC(29)   Merge Heap Roots: 0.10ms
[12.265s][info][gc,phases   ] GC(29)   Evacuate Collection Set: 18.50ms
[12.265s][info][gc,phases   ] GC(29)   Post Evacuate Collection Set: 0.47ms
[12.265s][info][gc,phases   ] GC(29)   Other: 0.09ms
[12.265s][info][gc,heap     ] GC(29) Eden regions: 151->0(156)
[12.265s][info][gc,heap     ] GC(29) Survivor regions: 13->13(21)
[12.265s][info][gc,heap     ] GC(29) Old regions: 92->85
[12.265s][info][gc,heap     ] GC(29) Humongous regions: 207->207
[12.265s][info][gc,metaspace] GC(29) Metaspace: 55374K(55680K)->55374K(55680K) NonClass: 49783K(49984K)->49783K(49984K) Class: 5591K(5696K)->5591K(5696K)
[12.265s][info][gc          ] GC(29) Pause Young (Mixed) (G1 Evacuation Pause) 462M->304M(517M) 19.601ms
[12.265s][info][gc,cpu      ] GC(29) User=0.04s Sys=0.00s Real=0.02s
[12.596s][info][gc,start    ] GC(30) Pause Young (Concurrent Start) (G1 Evacuation Pause)
[12.596s][info][gc,task     ] GC(30) Using 2 workers of 2 for evacuation
[12.621s][info][gc,phases   ] GC(30)   Pre Evacuate Collection Set: 0.27ms
[12.621s][info][gc,phases   ] GC(30)   Merge Heap Roots: 0.09ms
[12.621s][info][gc,phases   ] GC(30)   Evacuate Collection Set: 24.34ms
[12.621s][info][gc,phases   ] GC(30)   Post Evacuate Collection Set: 0.68ms
[12.621s][info][gc,phases   ] GC(30)   Other: 0.14ms
[12.621s][info][gc,heap     ] GC(30) Eden regions: 156->0(157)
[12.621s][info][gc,heap     ] GC(30) Survivor regions: 13->14(22)
[12.621s][info][gc,heap     ] GC(30) Old regions: 85->86
[12.621s][info][gc,heap     ] GC(30) Humongous regions: 207->207
[12.621s][info][gc,metaspace] GC(30) Metaspace: 55375K(55680K)->55375K(55680K) NonClass: 49783K(49984K)->49783K(49984K) Class: 5591K(5696K)->5591K(5696K)
[12.621s][info][gc          ] GC(30) Pause Young (Concurrent Start) (G1 Evacuation Pause) 460M->306M(517M) 25.693ms
[12.621s][info][gc,cpu      ] GC(30) User=0.05s Sys=0.00s Real=0.02s
[12.622s][info][gc          ] GC(31) Concurrent Mark Cycle
[12.622s][info][gc,marking  ] GC(31) Concurrent Scan Root Regions
[12.648s][info][gc,marking  ] GC(31) Concurrent Scan Root Regions 26.837ms
[12.648s][info][gc,marking  ] GC(31) Concurrent Mark
[12.648s][info][gc,marking  ] GC(31) Concurrent Mark From Roots
[12.648s][info][gc,task     ] GC(31) Using 1 workers of 1 for marking
[12.731s][info][gc,marking  ] GC(31) Concurrent Mark From Roots 82.903ms
[12.731s][info][gc,marking  ] GC(31) Concurrent Preclean
[12.731s][info][gc,marking  ] GC(31) Concurrent Preclean 0.067ms
[12.733s][info][gc,start    ] GC(31) Pause Remark
[12.744s][info][gc          ] GC(31) Pause Remark 349M->349M(517M) 10.872ms
[12.744s][info][gc,cpu      ] GC(31) User=0.02s Sys=0.00s Real=0.01s
[12.746s][info][gc,marking  ] GC(31) Concurrent Mark 98.078ms
[12.747s][info][gc,marking  ] GC(31) Concurrent Rebuild Remembered Sets and Scrub Regions
[12.783s][info][gc,marking  ] GC(31) Concurrent Rebuild Remembered Sets and Scrub Regions 36.007ms
[12.783s][info][gc,start    ] GC(31) Pause Cleanup
[12.783s][info][gc          ] GC(31) Pause Cleanup 365M->365M(517M) 0.073ms
[12.783s][info][gc,cpu      ] GC(31) User=0.00s Sys=0.00s Real=0.00s
[12.785s][info][gc,marking  ] GC(31) Concurrent Clear Claimed Marks
[12.785s][info][gc,marking  ] GC(31) Concurrent Clear Claimed Marks 0.109ms
[12.785s][info][gc,marking  ] GC(31) Concurrent Cleanup for Next Mark
[12.788s][info][gc,marking  ] GC(31) Concurrent Cleanup for Next Mark 3.514ms
[12.789s][info][gc          ] GC(31) Concurrent Mark Cycle 167.006ms
[12.993s][info][gc,start    ] GC(32) Pause Young (Prepare Mixed) (G1 Evacuation Pause)
[12.993s][info][gc,task     ] GC(32) Using 2 workers of 2 for evacuation
[13.020s][info][gc,phases   ] GC(32)   Pre Evacuate Collection Set: 0.36ms
[13.020s][info][gc,phases   ] GC(32)   Merge Heap Roots: 0.16ms
[13.020s][info][gc,phases   ] GC(32)   Evacuate Collection Set: 25.66ms
[13.020s][info][gc,phases   ] GC(32)   Post Evacuate Collection Set: 0.47ms
[13.020s][info][gc,phases   ] GC(32)   Other: 0.09ms
[13.020s][info][gc,heap     ] GC(32) Eden regions: 157->0(159)
[13.020s][info][gc,heap     ] GC(32) Survivor regions: 14->14(22)
[13.020s][info][gc,heap     ] GC(32) Old regions: 86->86
[13.020s][info][gc,heap     ] GC(32) Humongous regions: 207->207
[13.020s][info][gc,metaspace] GC(32) Metaspace: 55375K(55680K)->55375K(55680K) NonClass: 49783K(49984K)->49783K(49984K) Class: 5591K(5696K)->5591K(5696K)
[13.020s][info][gc          ] GC(32) Pause Young (Prepare Mixed) (G1 Evacuation Pause) 463M->306M(517M) 26.910ms
[13.020s][info][gc,cpu      ] GC(32) User=0.05s Sys=0.00s Real=0.02s
[13.381s][info][gc,start    ] GC(33) Pause Young (Mixed) (G1 Evacuation Pause)
[13.381s][info][gc,task     ] GC(33) Using 2 workers of 2 for evacuation
[13.401s][info][gc,phases   ] GC(33)   Pre Evacuate Collection Set: 0.25ms
[13.401s][info][gc,phases   ] GC(33)   Merge Heap Roots: 0.11ms
[13.401s][info][gc,phases   ] GC(33)   Evacuate Collection Set: 18.66ms
[13.401s][info][gc,phases   ] GC(33)   Post Evacuate Collection Set: 0.48ms
[13.401s][info][gc,phases   ] GC(33)   Other: 0.09ms
[13.401s][info][gc,heap     ] GC(33) Eden regions: 159->0(165)
[13.401s][info][gc,heap     ] GC(33) Survivor regions: 14->14(22)
[13.401s][info][gc,heap     ] GC(33) Old regions: 86->78
[13.401s][info][gc,heap     ] GC(33) Humongous regions: 207->207
[13.401s][info][gc,metaspace] GC(33) Metaspace: 55376K(55680K)->55376K(55680K) NonClass: 49784K(49984K)->49784K(49984K) Class: 5591K(5696K)->5591K(5696K)
[13.401s][info][gc          ] GC(33) Pause Young (Mixed) (G1 Evacuation Pause) 465M->297M(517M) 19.771ms
[13.401s][info][gc,cpu      ] GC(33) User=0.04s Sys=0.00s Real=0.02s
[13.703s][info][gc,start    ] GC(34) Pause Young (Concurrent Start) (G1 Evacuation Pause)
[13.703s][info][gc,task     ] GC(34) Using 2 workers of 2 for evacuation
[13.723s][info][gc,phases   ] GC(34)   Pre Evacuate Collection Set: 0.27ms
[13.723s][info][gc,phases   ] GC(34)   Merge Heap Roots: 0.08ms
[13.723s][info][gc,phases   ] GC(34)   Evacuate Collection Set: 18.42ms
[13.723s][info][gc,phases   ] GC(34)   Post Evacuate Collection Set: 0.49ms
[13.723s][info][gc,phases   ] GC(34)   Other: 0.17ms
[13.723s][info][gc,heap     ] GC(34) Eden regions: 165->0(166)
[13.723s][info][gc,heap     ] GC(34) Survivor regions: 14->14(23)
[13.723s][info][gc,heap     ] GC(34) Old regions: 78->78
[13.723s][info][gc,heap     ] GC(34) Humongous regions: 207->207
[13.723s][info][gc,metaspace] GC(34) Metaspace: 55380K(55680K)->55380K(55680K) NonClass: 49788K(49984K)->49788K(49984K) Class: 5591K(5696K)->5591K(5696K)
[13.723s][info][gc          ] GC(34) Pause Young (Concurrent Start) (G1 Evacuation Pause) 462M->298M(517M) 19.582ms
[13.723s][info][gc          ] GC(35) Concurrent Mark Cycle
[13.723s][info][gc,marking  ] GC(35) Concurrent Scan Root Regions
[13.723s][info][gc,cpu      ] GC(34) User=0.04s Sys=0.00s Real=0.02s
[13.745s][info][gc,marking  ] GC(35) Concurrent Scan Root Regions 21.807ms
[13.745s][info][gc,marking  ] GC(35) Concurrent Mark
[13.745s][info][gc,marking  ] GC(35) Concurrent Mark From Roots
[13.745s][info][gc,task     ] GC(35) Using 1 workers of 1 for marking
[13.873s][info][gc,marking  ] GC(35) Concurrent Mark From Roots 128.064ms
[13.873s][info][gc,marking  ] GC(35) Concurrent Preclean
[13.873s][info][gc,marking  ] GC(35) Concurrent Preclean 0.077ms
[13.873s][info][gc,start    ] GC(35) Pause Remark
[13.919s][info][gc          ] GC(35) Pause Remark 335M->335M(517M) 46.288ms
[13.919s][info][gc,cpu      ] GC(35) User=0.02s Sys=0.00s Real=0.04s
[13.926s][info][gc,marking  ] GC(35) Concurrent Mark 180.966ms
[13.926s][info][gc,marking  ] GC(35) Concurrent Rebuild Remembered Sets and Scrub Regions
[13.965s][info][gc,marking  ] GC(35) Concurrent Rebuild Remembered Sets and Scrub Regions 39.550ms
[13.965s][info][gc,start    ] GC(35) Pause Cleanup
[13.965s][info][gc          ] GC(35) Pause Cleanup 336M->336M(517M) 0.065ms
[13.965s][info][gc,cpu      ] GC(35) User=0.00s Sys=0.00s Real=0.00s
[13.965s][info][gc,marking  ] GC(35) Concurrent Clear Claimed Marks
[13.965s][info][gc,marking  ] GC(35) Concurrent Clear Claimed Marks 0.083ms
[13.965s][info][gc,marking  ] GC(35) Concurrent Cleanup for Next Mark
[13.971s][info][gc,marking  ] GC(35) Concurrent Cleanup for Next Mark 5.891ms
[13.971s][info][gc          ] GC(35) Concurrent Mark Cycle 248.626ms
[14.314s][info][gc,start    ] GC(36) Pause Young (Prepare Mixed) (G1 Evacuation Pause)
[14.314s][info][gc,task     ] GC(36) Using 2 workers of 2 for evacuation
[14.321s][info][gc,phases   ] GC(36)   Pre Evacuate Collection Set: 0.31ms
[14.321s][info][gc,phases   ] GC(36)   Merge Heap Roots: 0.10ms
[14.321s][info][gc,phases   ] GC(36)   Evacuate Collection Set: 5.50ms
[14.321s][info][gc,phases   ] GC(36)   Post Evacuate Collection Set: 0.47ms
[14.321s][info][gc,phases   ] GC(36)   Other: 0.07ms
[14.321s][info][gc,heap     ] GC(36) Eden regions: 166->0(176)
[14.321s][info][gc,heap     ] GC(36) Survivor regions: 14->4(23)
[14.321s][info][gc,heap     ] GC(36) Old regions: 78->78
[14.321s][info][gc,heap     ] GC(36) Humongous regions: 207->207
[14.321s][info][gc,metaspace] GC(36) Metaspace: 55397K(55680K)->55397K(55680K) NonClass: 49801K(49984K)->49801K(49984K) Class: 5595K(5696K)->5595K(5696K)
[14.321s][info][gc          ] GC(36) Pause Young (Prepare Mixed) (G1 Evacuation Pause) 464M->288M(517M) 6.616ms
[14.321s][info][gc,cpu      ] GC(36) User=0.02s Sys=0.00s Real=0.00s
[14.661s][info][gc,start    ] GC(37) Pause Young (Mixed) (G1 Evacuation Pause)
[14.661s][info][gc,task     ] GC(37) Using 2 workers of 2 for evacuation
[14.665s][info][gc,phases   ] GC(37)   Pre Evacuate Collection Set: 0.35ms
[14.665s][info][gc,phases   ] GC(37)   Merge Heap Roots: 0.11ms
[14.665s][info][gc,phases   ] GC(37)   Evacuate Collection Set: 3.23ms
[14.665s][info][gc,phases   ] GC(37)   Post Evacuate Collection Set: 0.48ms
[14.665s][info][gc,phases   ] GC(37)   Other: 0.09ms
[14.665s][info][gc,heap     ] GC(37) Eden regions: 176->0(183)
[14.665s][info][gc,heap     ] GC(37) Survivor regions: 4->2(23)
[14.665s][info][gc,heap     ] GC(37) Old regions: 78->72
[14.665s][info][gc,heap     ] GC(37) Humongous regions: 207->207
[14.665s][info][gc,metaspace] GC(37) Metaspace: 55398K(55680K)->55398K(55680K) NonClass: 49802K(49984K)->49802K(49984K) Class: 5595K(5696K)->5595K(5696K)
[14.665s][info][gc          ] GC(37) Pause Young (Mixed) (G1 Evacuation Pause) 464M->280M(517M) 4.444ms
[14.665s][info][gc,cpu      ] GC(37) User=0.01s Sys=0.00s Real=0.01s
[15.096s][info][gc,start    ] GC(38) Pause Young (Concurrent Start) (G1 Evacuation Pause)
[15.097s][info][gc,task     ] GC(38) Using 2 workers of 2 for evacuation
[15.104s][info][gc,phases   ] GC(38)   Pre Evacuate Collection Set: 0.26ms
[15.104s][info][gc,phases   ] GC(38)   Merge Heap Roots: 0.09ms
[15.104s][info][gc,phases   ] GC(38)   Evacuate Collection Set: 5.94ms
[15.104s][info][gc,phases   ] GC(38)   Post Evacuate Collection Set: 0.64ms
[15.104s][info][gc,phases   ] GC(38)   Other: 0.14ms
[15.104s][info][gc,heap     ] GC(38) Eden regions: 183->0(187)
[15.104s][info][gc,heap     ] GC(38) Survivor regions: 2->3(24)
[15.104s][info][gc,heap     ] GC(38) Old regions: 72->72
[15.104s][info][gc,heap     ] GC(38) Humongous regions: 207->207
[15.104s][info][gc,metaspace] GC(38) Metaspace: 55400K(55680K)->55400K(55680K) NonClass: 49805K(49984K)->49805K(49984K) Class: 5595K(5696K)->5595K(5696K)
[15.104s][info][gc          ] GC(38) Pause Young (Concurrent Start) (G1 Evacuation Pause) 463M->281M(517M) 7.248ms
[15.104s][info][gc,cpu      ] GC(38) User=0.01s Sys=0.00s Real=0.01s
[15.110s][info][gc          ] GC(39) Concurrent Mark Cycle
[15.110s][info][gc,marking  ] GC(39) Concurrent Scan Root Regions
[15.119s][info][gc,marking  ] GC(39) Concurrent Scan Root Regions 8.870ms
[15.119s][info][gc,marking  ] GC(39) Concurrent Mark
[15.119s][info][gc,marking  ] GC(39) Concurrent Mark From Roots
[15.119s][info][gc,task     ] GC(39) Using 1 workers of 1 for marking
[15.222s][info][gc,marking  ] GC(39) Concurrent Mark From Roots 102.926ms
[15.222s][info][gc,marking  ] GC(39) Concurrent Preclean
[15.222s][info][gc,marking  ] GC(39) Concurrent Preclean 0.067ms
[15.222s][info][gc,start    ] GC(39) Pause Remark
[15.230s][info][gc          ] GC(39) Pause Remark 348M->348M(517M) 7.768ms
[15.230s][info][gc,cpu      ] GC(39) User=0.01s Sys=0.00s Real=0.01s
[15.231s][info][gc,marking  ] GC(39) Concurrent Mark 111.876ms
[15.231s][info][gc,marking  ] GC(39) Concurrent Rebuild Remembered Sets and Scrub Regions
[15.267s][info][gc,marking  ] GC(39) Concurrent Rebuild Remembered Sets and Scrub Regions 36.837ms
[15.268s][info][gc,start    ] GC(39) Pause Cleanup
[15.268s][info][gc          ] GC(39) Pause Cleanup 354M->354M(517M) 0.067ms
[15.268s][info][gc,cpu      ] GC(39) User=0.00s Sys=0.00s Real=0.00s
[15.268s][info][gc,marking  ] GC(39) Concurrent Clear Claimed Marks
[15.268s][info][gc,marking  ] GC(39) Concurrent Clear Claimed Marks 0.078ms
[15.268s][info][gc,marking  ] GC(39) Concurrent Cleanup for Next Mark
[15.272s][info][gc,marking  ] GC(39) Concurrent Cleanup for Next Mark 4.437ms
[15.272s][info][gc          ] GC(39) Concurrent Mark Cycle 162.428ms
[15.492s][info][gc,start    ] GC(40) Pause Young (Prepare Mixed) (G1 Evacuation Pause)
[15.493s][info][gc,task     ] GC(40) Using 2 workers of 2 for evacuation
[15.499s][info][gc,phases   ] GC(40)   Pre Evacuate Collection Set: 0.31ms
[15.499s][info][gc,phases   ] GC(40)   Merge Heap Roots: 0.11ms
[15.499s][info][gc,phases   ] GC(40)   Evacuate Collection Set: 5.06ms
[15.499s][info][gc,phases   ] GC(40)   Post Evacuate Collection Set: 0.48ms
[15.499s][info][gc,phases   ] GC(40)   Other: 0.09ms
[15.499s][info][gc,heap     ] GC(40) Eden regions: 187->0(192)
[15.499s][info][gc,heap     ] GC(40) Survivor regions: 3->2(24)
[15.499s][info][gc,heap     ] GC(40) Old regions: 72->72
[15.499s][info][gc,heap     ] GC(40) Humongous regions: 207->207
[15.499s][info][gc,metaspace] GC(40) Metaspace: 55402K(55680K)->55402K(55680K) NonClass: 49806K(49984K)->49806K(49984K) Class: 5595K(5696K)->5595K(5696K)
[15.499s][info][gc          ] GC(40) Pause Young (Prepare Mixed) (G1 Evacuation Pause) 468M->280M(517M) 6.198ms
[15.499s][info][gc,cpu      ] GC(40) User=0.02s Sys=0.00s Real=0.00s
[16.066s][info][gc,start    ] GC(41) Pause Young (Mixed) (G1 Evacuation Pause)
[16.066s][info][gc,task     ] GC(41) Using 2 workers of 2 for evacuation
[16.074s][info][gc,phases   ] GC(41)   Pre Evacuate Collection Set: 0.37ms
[16.074s][info][gc,phases   ] GC(41)   Merge Heap Roots: 0.12ms
[16.074s][info][gc,phases   ] GC(41)   Evacuate Collection Set: 7.19ms
[16.074s][info][gc,phases   ] GC(41)   Post Evacuate Collection Set: 0.57ms
[16.074s][info][gc,phases   ] GC(41)   Other: 0.14ms
[16.075s][info][gc,heap     ] GC(41) Eden regions: 192->0(197)
[16.075s][info][gc,heap     ] GC(41) Survivor regions: 2->3(25)
[16.075s][info][gc,heap     ] GC(41) Old regions: 72->69
[16.075s][info][gc,heap     ] GC(41) Humongous regions: 207->207
[16.075s][info][gc,metaspace] GC(41) Metaspace: 55402K(55680K)->55402K(55680K) NonClass: 49806K(49984K)->49806K(49984K) Class: 5595K(5696K)->5595K(5696K)
[16.075s][info][gc          ] GC(41) Pause Young (Mixed) (G1 Evacuation Pause) 472M->277M(517M) 8.551ms
[16.075s][info][gc,cpu      ] GC(41) User=0.01s Sys=0.00s Real=0.01s
[16.514s][info][gc,start    ] GC(42) Pause Young (Concurrent Start) (G1 Evacuation Pause)
[16.514s][info][gc,task     ] GC(42) Using 2 workers of 2 for evacuation
[16.519s][info][gc,phases   ] GC(42)   Pre Evacuate Collection Set: 0.26ms
[16.519s][info][gc,phases   ] GC(42)   Merge Heap Roots: 0.10ms
[16.519s][info][gc,phases   ] GC(42)   Evacuate Collection Set: 3.68ms
[16.519s][info][gc,phases   ] GC(42)   Post Evacuate Collection Set: 0.66ms
[16.519s][info][gc,phases   ] GC(42)   Other: 0.14ms
[16.519s][info][gc,heap     ] GC(42) Eden regions: 197->0(201)
[16.521s][info][gc,heap     ] GC(42) Survivor regions: 3->2(25)
[16.521s][info][gc,heap     ] GC(42) Old regions: 69->69
[16.521s][info][gc,heap     ] GC(42) Humongous regions: 207->207
[16.521s][info][gc,metaspace] GC(42) Metaspace: 55402K(55680K)->55402K(55680K) NonClass: 49806K(49984K)->49806K(49984K) Class: 5595K(5696K)->5595K(5696K)
[16.521s][info][gc          ] GC(42) Pause Young (Concurrent Start) (G1 Evacuation Pause) 474M->276M(517M) 7.468ms
[16.521s][info][gc,cpu      ] GC(42) User=0.01s Sys=0.00s Real=0.00s
[16.521s][info][gc          ] GC(43) Concurrent Mark Cycle
[16.522s][info][gc,marking  ] GC(43) Concurrent Scan Root Regions
[16.528s][info][gc,marking  ] GC(43) Concurrent Scan Root Regions 6.437ms
[16.528s][info][gc,marking  ] GC(43) Concurrent Mark
[16.528s][info][gc,marking  ] GC(43) Concurrent Mark From Roots
[16.528s][info][gc,task     ] GC(43) Using 1 workers of 1 for marking
[16.609s][info][gc,marking  ] GC(43) Concurrent Mark From Roots 80.944ms
[16.609s][info][gc,marking  ] GC(43) Concurrent Preclean
[16.609s][info][gc,marking  ] GC(43) Concurrent Preclean 0.069ms
[16.610s][info][gc,start    ] GC(43) Pause Remark
[16.620s][info][gc          ] GC(43) Pause Remark 303M->303M(517M) 10.290ms
[16.620s][info][gc,cpu      ] GC(43) User=0.02s Sys=0.00s Real=0.01s
[16.623s][info][gc,marking  ] GC(43) Concurrent Mark 94.958ms
[16.623s][info][gc,marking  ] GC(43) Concurrent Rebuild Remembered Sets and Scrub Regions
[16.655s][info][gc,marking  ] GC(43) Concurrent Rebuild Remembered Sets and Scrub Regions 32.402ms
[16.656s][info][gc,start    ] GC(43) Pause Cleanup
[16.656s][info][gc          ] GC(43) Pause Cleanup 329M->329M(517M) 0.079ms
[16.656s][info][gc,cpu      ] GC(43) User=0.00s Sys=0.00s Real=0.00s
[16.656s][info][gc,marking  ] GC(43) Concurrent Clear Claimed Marks
[16.656s][info][gc,marking  ] GC(43) Concurrent Clear Claimed Marks 0.083ms
[16.656s][info][gc,marking  ] GC(43) Concurrent Cleanup for Next Mark
[16.662s][info][gc,marking  ] GC(43) Concurrent Cleanup for Next Mark 5.832ms
[16.662s][info][gc          ] GC(43) Concurrent Mark Cycle 140.202ms
[16.947s][info][gc,start    ] GC(44) Pause Young (Prepare Mixed) (G1 Evacuation Pause)
[16.947s][info][gc,task     ] GC(44) Using 2 workers of 2 for evacuation
[16.953s][info][gc,phases   ] GC(44)   Pre Evacuate Collection Set: 0.26ms
[16.953s][info][gc,phases   ] GC(44)   Merge Heap Roots: 0.09ms
[16.953s][info][gc,phases   ] GC(44)   Evacuate Collection Set: 4.23ms
[16.953s][info][gc,phases   ] GC(44)   Post Evacuate Collection Set: 0.53ms
[16.953s][info][gc,phases   ] GC(44)   Other: 0.09ms
[16.953s][info][gc,heap     ] GC(44) Eden regions: 201->0(205)
[16.953s][info][gc,heap     ] GC(44) Survivor regions: 2->2(26)
[16.953s][info][gc,heap     ] GC(44) Old regions: 69->69
[16.953s][info][gc,heap     ] GC(44) Humongous regions: 207->207
[16.953s][info][gc,metaspace] GC(44) Metaspace: 55402K(55680K)->55402K(55680K) NonClass: 49806K(49984K)->49806K(49984K) Class: 5595K(5696K)->5595K(5696K)
[16.953s][info][gc          ] GC(44) Pause Young (Prepare Mixed) (G1 Evacuation Pause) 477M->276M(517M) 5.358ms
[16.953s][info][gc,cpu      ] GC(44) User=0.01s Sys=0.00s Real=0.01s
[17.354s][info][gc,start    ] GC(45) Pause Young (Mixed) (G1 Evacuation Pause)
[17.354s][info][gc,task     ] GC(45) Using 2 workers of 2 for evacuation
[17.359s][info][gc,phases   ] GC(45)   Pre Evacuate Collection Set: 0.37ms
[17.359s][info][gc,phases   ] GC(45)   Merge Heap Roots: 0.10ms
[17.359s][info][gc,phases   ] GC(45)   Evacuate Collection Set: 3.76ms
[17.359s][info][gc,phases   ] GC(45)   Post Evacuate Collection Set: 0.55ms
[17.359s][info][gc,phases   ] GC(45)   Other: 0.09ms
[17.359s][info][gc,heap     ] GC(45) Eden regions: 205->0(209)
[17.359s][info][gc,heap     ] GC(45) Survivor regions: 2->2(26)
[17.359s][info][gc,heap     ] GC(45) Old regions: 69->66
[17.359s][info][gc,heap     ] GC(45) Humongous regions: 207->207
[17.359s][info][gc,metaspace] GC(45) Metaspace: 55402K(55680K)->55402K(55680K) NonClass: 49806K(49984K)->49806K(49984K) Class: 5595K(5696K)->5595K(5696K)
[17.359s][info][gc          ] GC(45) Pause Young (Mixed) (G1 Evacuation Pause) 481M->274M(517M) 5.040ms
[17.359s][info][gc,cpu      ] GC(45) User=0.01s Sys=0.00s Real=0.00s
[17.862s][info][gc,start    ] GC(46) Pause Young (Concurrent Start) (G1 Evacuation Pause)
[17.862s][info][gc,task     ] GC(46) Using 2 workers of 2 for evacuation
[17.868s][info][gc,phases   ] GC(46)   Pre Evacuate Collection Set: 0.26ms
[17.868s][info][gc,phases   ] GC(46)   Merge Heap Roots: 0.09ms
[17.868s][info][gc,phases   ] GC(46)   Evacuate Collection Set: 4.86ms
[17.868s][info][gc,phases   ] GC(46)   Post Evacuate Collection Set: 0.72ms
[17.868s][info][gc,phases   ] GC(46)   Other: 0.14ms
[17.868s][info][gc,heap     ] GC(46) Eden regions: 209->0(209)
[17.868s][info][gc,heap     ] GC(46) Survivor regions: 2->4(27)
[17.868s][info][gc,heap     ] GC(46) Old regions: 66->66
[17.868s][info][gc,heap     ] GC(46) Humongous regions: 207->207
[17.868s][info][gc,metaspace] GC(46) Metaspace: 55402K(55680K)->55402K(55680K) NonClass: 49806K(49984K)->49806K(49984K) Class: 5595K(5696K)->5595K(5696K)
[17.868s][info][gc          ] GC(46) Pause Young (Concurrent Start) (G1 Evacuation Pause) 483M->276M(517M) 6.237ms
[17.868s][info][gc          ] GC(47) Concurrent Mark Cycle
[17.868s][info][gc,marking  ] GC(47) Concurrent Scan Root Regions
[17.870s][info][gc,cpu      ] GC(46) User=0.01s Sys=0.00s Real=0.01s
[17.875s][info][gc,marking  ] GC(47) Concurrent Scan Root Regions 6.575ms
[17.875s][info][gc,marking  ] GC(47) Concurrent Mark
[17.875s][info][gc,marking  ] GC(47) Concurrent Mark From Roots
[17.875s][info][gc,task     ] GC(47) Using 1 workers of 1 for marking
[17.965s][info][gc,marking  ] GC(47) Concurrent Mark From Roots 90.049ms
[17.965s][info][gc,marking  ] GC(47) Concurrent Preclean
[17.965s][info][gc,marking  ] GC(47) Concurrent Preclean 0.064ms
[17.966s][info][gc,start    ] GC(47) Pause Remark
[17.974s][info][gc          ] GC(47) Pause Remark 313M->313M(517M) 7.888ms
[17.974s][info][gc,cpu      ] GC(47) User=0.02s Sys=0.00s Real=0.01s
[17.974s][info][gc,marking  ] GC(47) Concurrent Mark 99.705ms
[17.974s][info][gc,marking  ] GC(47) Concurrent Rebuild Remembered Sets and Scrub Regions
[18.014s][info][gc,marking  ] GC(47) Concurrent Rebuild Remembered Sets and Scrub Regions 40.093ms
[18.014s][info][gc,start    ] GC(47) Pause Cleanup
[18.015s][info][gc          ] GC(47) Pause Cleanup 336M->336M(517M) 0.066ms
[18.015s][info][gc,cpu      ] GC(47) User=0.00s Sys=0.00s Real=0.00s
[18.015s][info][gc,marking  ] GC(47) Concurrent Clear Claimed Marks
[18.015s][info][gc,marking  ] GC(47) Concurrent Clear Claimed Marks 0.080ms
[18.015s][info][gc,marking  ] GC(47) Concurrent Cleanup for Next Mark
[18.019s][info][gc,marking  ] GC(47) Concurrent Cleanup for Next Mark 4.178ms
[18.019s][info][gc          ] GC(47) Concurrent Mark Cycle 150.910ms
[18.345s][info][gc,start    ] GC(48) Pause Young (Prepare Mixed) (G1 Evacuation Pause)
[18.345s][info][gc,task     ] GC(48) Using 2 workers of 2 for evacuation
[18.352s][info][gc,phases   ] GC(48)   Pre Evacuate Collection Set: 0.33ms
[18.352s][info][gc,phases   ] GC(48)   Merge Heap Roots: 0.10ms
[18.352s][info][gc,phases   ] GC(48)   Evacuate Collection Set: 5.58ms
[18.352s][info][gc,phases   ] GC(48)   Post Evacuate Collection Set: 0.69ms
[18.352s][info][gc,phases   ] GC(48)   Other: 0.09ms
[18.352s][info][gc,heap     ] GC(48) Eden regions: 209->0(211)
[18.352s][info][gc,heap     ] GC(48) Survivor regions: 4->3(27)
[18.352s][info][gc,heap     ] GC(48) Old regions: 66->66
[18.352s][info][gc,heap     ] GC(48) Humongous regions: 207->207
[18.352s][info][gc,metaspace] GC(48) Metaspace: 55402K(55680K)->55402K(55680K) NonClass: 49806K(49984K)->49806K(49984K) Class: 5595K(5696K)->5595K(5696K)
[18.352s][info][gc          ] GC(48) Pause Young (Prepare Mixed) (G1 Evacuation Pause) 485M->275M(517M) 6.960ms
[18.352s][info][gc,cpu      ] GC(48) User=0.02s Sys=0.00s Real=0.01s
[18.744s][info][gc,start    ] GC(49) Pause Young (Mixed) (G1 Evacuation Pause)
[18.744s][info][gc,task     ] GC(49) Using 2 workers of 2 for evacuation
[18.750s][info][gc,phases   ] GC(49)   Pre Evacuate Collection Set: 0.36ms
[18.750s][info][gc,phases   ] GC(49)   Merge Heap Roots: 0.10ms
[18.750s][info][gc,phases   ] GC(49)   Evacuate Collection Set: 4.01ms
[18.750s][info][gc,phases   ] GC(49)   Post Evacuate Collection Set: 0.70ms
[18.750s][info][gc,phases   ] GC(49)   Other: 0.08ms
[18.750s][info][gc,heap     ] GC(49) Eden regions: 211->0(215)
[18.750s][info][gc,heap     ] GC(49) Survivor regions: 3->2(27)
[18.750s][info][gc,heap     ] GC(49) Old regions: 66->64
[18.750s][info][gc,heap     ] GC(49) Humongous regions: 207->207
[18.750s][info][gc,metaspace] GC(49) Metaspace: 55402K(55680K)->55402K(55680K) NonClass: 49806K(49984K)->49806K(49984K) Class: 5596K(5696K)->5596K(5696K)
[18.750s][info][gc          ] GC(49) Pause Young (Mixed) (G1 Evacuation Pause) 486M->272M(517M) 5.417ms
[18.750s][info][gc,cpu      ] GC(49) User=0.01s Sys=0.00s Real=0.00s
[19.196s][info][gc,start    ] GC(50) Pause Young (Concurrent Start) (G1 Evacuation Pause)
[19.196s][info][gc,task     ] GC(50) Using 2 workers of 2 for evacuation
[19.203s][info][gc,phases   ] GC(50)   Pre Evacuate Collection Set: 0.30ms
[19.203s][info][gc,phases   ] GC(50)   Merge Heap Roots: 0.09ms
[19.203s][info][gc,phases   ] GC(50)   Evacuate Collection Set: 5.53ms
[19.203s][info][gc,phases   ] GC(50)   Post Evacuate Collection Set: 0.46ms
[19.203s][info][gc,phases   ] GC(50)   Other: 0.11ms
[19.203s][info][gc,heap     ] GC(50) Eden regions: 215->0(213)
[19.203s][info][gc,heap     ] GC(50) Survivor regions: 2->3(28)
[19.203s][info][gc,heap     ] GC(50) Old regions: 64->64
[19.203s][info][gc,heap     ] GC(50) Humongous regions: 207->207
[19.203s][info][gc,metaspace] GC(50) Metaspace: 55421K(55744K)->55421K(55744K) NonClass: 49822K(50048K)->49822K(50048K) Class: 5599K(5696K)->5599K(5696K)
[19.203s][info][gc          ] GC(50) Pause Young (Concurrent Start) (G1 Evacuation Pause) 487M->273M(517M) 6.638ms
[19.203s][info][gc          ] GC(51) Concurrent Mark Cycle
[19.203s][info][gc,marking  ] GC(51) Concurrent Scan Root Regions
[19.205s][info][gc,cpu      ] GC(50) User=0.02s Sys=0.00s Real=0.01s
[19.214s][info][gc,marking  ] GC(51) Concurrent Scan Root Regions 11.027ms
[19.214s][info][gc,marking  ] GC(51) Concurrent Mark
[19.214s][info][gc,marking  ] GC(51) Concurrent Mark From Roots
[19.214s][info][gc,task     ] GC(51) Using 1 workers of 1 for marking
[19.314s][info][gc,marking  ] GC(51) Concurrent Mark From Roots 99.499ms
[19.314s][info][gc,marking  ] GC(51) Concurrent Preclean
[19.314s][info][gc,marking  ] GC(51) Concurrent Preclean 0.067ms
[19.314s][info][gc,start    ] GC(51) Pause Remark
[19.322s][info][gc          ] GC(51) Pause Remark 322M->322M(517M) 7.760ms
[19.322s][info][gc,cpu      ] GC(51) User=0.01s Sys=0.00s Real=0.00s
[19.322s][info][gc,marking  ] GC(51) Concurrent Mark 107.601ms
[19.322s][info][gc,marking  ] GC(51) Concurrent Rebuild Remembered Sets and Scrub Regions
[19.344s][info][gc,marking  ] GC(51) Concurrent Rebuild Remembered Sets and Scrub Regions 22.628ms
[19.344s][info][gc,start    ] GC(51) Pause Cleanup
[19.344s][info][gc          ] GC(51) Pause Cleanup 339M->339M(517M) 0.065ms
[19.345s][info][gc,cpu      ] GC(51) User=0.00s Sys=0.00s Real=0.00s
[19.345s][info][gc,marking  ] GC(51) Concurrent Clear Claimed Marks
[19.345s][info][gc,marking  ] GC(51) Concurrent Clear Claimed Marks 0.079ms
[19.345s][info][gc,marking  ] GC(51) Concurrent Cleanup for Next Mark
[19.346s][info][gc,marking  ] GC(51) Concurrent Cleanup for Next Mark 1.497ms
[19.346s][info][gc          ] GC(51) Concurrent Mark Cycle 143.182ms
[19.672s][info][gc,start    ] GC(52) Pause Young (Prepare Mixed) (G1 Evacuation Pause)
[19.672s][info][gc,task     ] GC(52) Using 2 workers of 2 for evacuation
[19.678s][info][gc,phases   ] GC(52)   Pre Evacuate Collection Set: 2.33ms
[19.678s][info][gc,phases   ] GC(52)   Merge Heap Roots: 0.14ms
[19.678s][info][gc,phases   ] GC(52)   Evacuate Collection Set: 2.75ms
[19.678s][info][gc,phases   ] GC(52)   Post Evacuate Collection Set: 0.72ms
[19.678s][info][gc,phases   ] GC(52)   Other: 0.11ms
[19.678s][info][gc,heap     ] GC(52) Eden regions: 213->0(215)
[19.678s][info][gc,heap     ] GC(52) Survivor regions: 3->2(27)
[19.678s][info][gc,heap     ] GC(52) Old regions: 64->64
[19.678s][info][gc,heap     ] GC(52) Humongous regions: 207->207
[19.678s][info][gc,metaspace] GC(52) Metaspace: 55421K(55744K)->55421K(55744K) NonClass: 49822K(50048K)->49822K(50048K) Class: 5599K(5696K)->5599K(5696K)
[19.678s][info][gc          ] GC(52) Pause Young (Prepare Mixed) (G1 Evacuation Pause) 486M->272M(517M) 6.233ms
[19.678s][info][gc,cpu      ] GC(52) User=0.00s Sys=0.00s Real=0.01s
[20.052s][info][gc,start    ] GC(53) Pause Young (Mixed) (G1 Evacuation Pause)
[20.052s][info][gc,task     ] GC(53) Using 2 workers of 2 for evacuation
[20.060s][info][gc,phases   ] GC(53)   Pre Evacuate Collection Set: 0.31ms
[20.060s][info][gc,phases   ] GC(53)   Merge Heap Roots: 0.11ms
[20.060s][info][gc,phases   ] GC(53)   Evacuate Collection Set: 7.06ms
[20.060s][info][gc,phases   ] GC(53)   Post Evacuate Collection Set: 0.55ms
[20.060s][info][gc,phases   ] GC(53)   Other: 0.10ms
[20.060s][info][gc,heap     ] GC(53) Eden regions: 215->0(214)
[20.060s][info][gc,heap     ] GC(53) Survivor regions: 2->3(28)
[20.060s][info][gc,heap     ] GC(53) Old regions: 64->63
[20.060s][info][gc,heap     ] GC(53) Humongous regions: 207->207
[20.060s][info][gc,metaspace] GC(53) Metaspace: 55423K(55744K)->55423K(55744K) NonClass: 49824K(50048K)->49824K(50048K) Class: 5599K(5696K)->5599K(5696K)
[20.060s][info][gc          ] GC(53) Pause Young (Mixed) (G1 Evacuation Pause) 487M->272M(517M) 8.292ms
[20.060s][info][gc,cpu      ] GC(53) User=0.02s Sys=0.00s Real=0.00s
[20.479s][info][gc,start    ] GC(54) Pause Young (Concurrent Start) (G1 Evacuation Pause)
[20.479s][info][gc,task     ] GC(54) Using 2 workers of 2 for evacuation
[20.486s][info][gc,phases   ] GC(54)   Pre Evacuate Collection Set: 0.35ms
[20.486s][info][gc,phases   ] GC(54)   Merge Heap Roots: 0.16ms
[20.486s][info][gc,phases   ] GC(54)   Evacuate Collection Set: 5.25ms
[20.486s][info][gc,phases   ] GC(54)   Post Evacuate Collection Set: 0.52ms
[20.486s][info][gc,phases   ] GC(54)   Other: 0.62ms
[20.486s][info][gc,heap     ] GC(54) Eden regions: 214->0(214)
[20.486s][info][gc,heap     ] GC(54) Survivor regions: 3->3(28)
[20.486s][info][gc,heap     ] GC(54) Old regions: 63->63
[20.486s][info][gc,heap     ] GC(54) Humongous regions: 207->207
[20.486s][info][gc,metaspace] GC(54) Metaspace: 55423K(55744K)->55423K(55744K) NonClass: 49824K(50048K)->49824K(50048K) Class: 5599K(5696K)->5599K(5696K)
[20.486s][info][gc          ] GC(54) Pause Young (Concurrent Start) (G1 Evacuation Pause) 486M->272M(517M) 7.058ms
[20.486s][info][gc,cpu      ] GC(54) User=0.01s Sys=0.00s Real=0.01s
[20.486s][info][gc          ] GC(55) Concurrent Mark Cycle
[20.486s][info][gc,marking  ] GC(55) Concurrent Scan Root Regions
[20.494s][info][gc,marking  ] GC(55) Concurrent Scan Root Regions 8.134ms
[20.494s][info][gc,marking  ] GC(55) Concurrent Mark
[20.494s][info][gc,marking  ] GC(55) Concurrent Mark From Roots
[20.494s][info][gc,task     ] GC(55) Using 1 workers of 1 for marking
[20.540s][info][gc,marking  ] GC(55) Concurrent Mark From Roots 45.955ms
[20.540s][info][gc,marking  ] GC(55) Concurrent Preclean
[20.540s][info][gc,marking  ] GC(55) Concurrent Preclean 0.063ms
[20.540s][info][gc,start    ] GC(55) Pause Remark
[20.548s][info][gc          ] GC(55) Pause Remark 289M->289M(517M) 7.509ms
[20.548s][info][gc,cpu      ] GC(55) User=0.02s Sys=0.00s Real=0.01s
[20.551s][info][gc,marking  ] GC(55) Concurrent Mark 56.567ms
[20.551s][info][gc,marking  ] GC(55) Concurrent Rebuild Remembered Sets and Scrub Regions
[20.583s][info][gc,marking  ] GC(55) Concurrent Rebuild Remembered Sets and Scrub Regions 32.766ms
[20.583s][info][gc,start    ] GC(55) Pause Cleanup
[20.584s][info][gc          ] GC(55) Pause Cleanup 315M->315M(517M) 0.076ms
[20.584s][info][gc,cpu      ] GC(55) User=0.00s Sys=0.00s Real=0.00s
[20.584s][info][gc,marking  ] GC(55) Concurrent Clear Claimed Marks
[20.584s][info][gc,marking  ] GC(55) Concurrent Clear Claimed Marks 0.110ms
[20.584s][info][gc,marking  ] GC(55) Concurrent Cleanup for Next Mark
[20.587s][info][gc,marking  ] GC(55) Concurrent Cleanup for Next Mark 2.519ms
[20.587s][info][gc          ] GC(55) Concurrent Mark Cycle 101.139ms
[20.935s][info][gc,start    ] GC(56) Pause Young (Prepare Mixed) (G1 Evacuation Pause)
[20.935s][info][gc,task     ] GC(56) Using 2 workers of 2 for evacuation
[20.941s][info][gc,phases   ] GC(56)   Pre Evacuate Collection Set: 0.35ms
[20.941s][info][gc,phases   ] GC(56)   Merge Heap Roots: 0.12ms
[20.941s][info][gc,phases   ] GC(56)   Evacuate Collection Set: 4.49ms
[20.941s][info][gc,phases   ] GC(56)   Post Evacuate Collection Set: 0.50ms
[20.941s][info][gc,phases   ] GC(56)   Other: 0.07ms
[20.941s][info][gc,heap     ] GC(56) Eden regions: 214->0(216)
[20.941s][info][gc,heap     ] GC(56) Survivor regions: 3->2(28)
[20.941s][info][gc,heap     ] GC(56) Old regions: 63->63
[20.941s][info][gc,heap     ] GC(56) Humongous regions: 207->207
[20.941s][info][gc,metaspace] GC(56) Metaspace: 55423K(55744K)->55423K(55744K) NonClass: 49824K(50048K)->49824K(50048K) Class: 5599K(5696K)->5599K(5696K)
[20.941s][info][gc          ] GC(56) Pause Young (Prepare Mixed) (G1 Evacuation Pause) 486M->271M(517M) 5.697ms
[20.941s][info][gc,cpu      ] GC(56) User=0.01s Sys=0.00s Real=0.00s
[21.350s][info][gc,start    ] GC(57) Pause Young (Mixed) (G1 Evacuation Pause)
[21.350s][info][gc,task     ] GC(57) Using 2 workers of 2 for evacuation
[21.356s][info][gc,phases   ] GC(57)   Pre Evacuate Collection Set: 0.26ms
[21.356s][info][gc,phases   ] GC(57)   Merge Heap Roots: 0.11ms
[21.356s][info][gc,phases   ] GC(57)   Evacuate Collection Set: 5.48ms
[21.356s][info][gc,phases   ] GC(57)   Post Evacuate Collection Set: 0.56ms
[21.356s][info][gc,phases   ] GC(57)   Other: 0.12ms
[21.356s][info][gc,heap     ] GC(57) Eden regions: 216->0(213)
[21.356s][info][gc,heap     ] GC(57) Survivor regions: 2->4(28)
[21.356s][info][gc,heap     ] GC(57) Old regions: 63->62
[21.356s][info][gc,heap     ] GC(57) Humongous regions: 207->207
[21.356s][info][gc,metaspace] GC(57) Metaspace: 55423K(55744K)->55423K(55744K) NonClass: 49824K(50048K)->49824K(50048K) Class: 5599K(5696K)->5599K(5696K)
[21.356s][info][gc          ] GC(57) Pause Young (Mixed) (G1 Evacuation Pause) 487M->271M(517M) 6.702ms
[21.357s][info][gc,cpu      ] GC(57) User=0.02s Sys=0.00s Real=0.01s
[21.772s][info][gc,start    ] GC(58) Pause Young (Concurrent Start) (G1 Evacuation Pause)
[21.772s][info][gc,task     ] GC(58) Using 2 workers of 2 for evacuation
[21.778s][info][gc,phases   ] GC(58)   Pre Evacuate Collection Set: 0.28ms
[21.778s][info][gc,phases   ] GC(58)   Merge Heap Roots: 0.10ms
[21.778s][info][gc,phases   ] GC(58)   Evacuate Collection Set: 4.70ms
[21.778s][info][gc,phases   ] GC(58)   Post Evacuate Collection Set: 0.51ms
[21.778s][info][gc,phases   ] GC(58)   Other: 0.10ms
[21.778s][info][gc,heap     ] GC(58) Eden regions: 213->0(215)
[21.778s][info][gc,heap     ] GC(58) Survivor regions: 4->3(28)
[21.778s][info][gc,heap     ] GC(58) Old regions: 62->62
[21.778s][info][gc,heap     ] GC(58) Humongous regions: 207->207
[21.778s][info][gc,metaspace] GC(58) Metaspace: 55433K(55744K)->55433K(55744K) NonClass: 49834K(50048K)->49834K(50048K) Class: 5599K(5696K)->5599K(5696K)
[21.778s][info][gc          ] GC(58) Pause Young (Concurrent Start) (G1 Evacuation Pause) 484M->271M(517M) 5.853ms
[21.778s][info][gc,cpu      ] GC(58) User=0.01s Sys=0.00s Real=0.00s
[21.778s][info][gc          ] GC(59) Concurrent Mark Cycle
[21.778s][info][gc,marking  ] GC(59) Concurrent Scan Root Regions
[21.783s][info][gc,marking  ] GC(59) Concurrent Scan Root Regions 5.184ms
[21.784s][info][gc,marking  ] GC(59) Concurrent Mark
[21.784s][info][gc,marking  ] GC(59) Concurrent Mark From Roots
[21.784s][info][gc,task     ] GC(59) Using 1 workers of 1 for marking
[21.823s][info][gc,marking  ] GC(59) Concurrent Mark From Roots 39.073ms
[21.823s][info][gc,marking  ] GC(59) Concurrent Preclean
[21.823s][info][gc,marking  ] GC(59) Concurrent Preclean 0.058ms
[21.823s][info][gc,start    ] GC(59) Pause Remark
[21.830s][info][gc          ] GC(59) Pause Remark 278M->278M(517M) 7.232ms
[21.830s][info][gc,cpu      ] GC(59) User=0.01s Sys=0.00s Real=0.00s
[21.830s][info][gc,marking  ] GC(59) Concurrent Mark 46.550ms
[21.830s][info][gc,marking  ] GC(59) Concurrent Rebuild Remembered Sets and Scrub Regions
[21.852s][info][gc,marking  ] GC(59) Concurrent Rebuild Remembered Sets and Scrub Regions 21.848ms
[21.852s][info][gc,start    ] GC(59) Pause Cleanup
[21.852s][info][gc          ] GC(59) Pause Cleanup 297M->297M(517M) 0.063ms
[21.852s][info][gc,cpu      ] GC(59) User=0.00s Sys=0.00s Real=0.00s
[21.853s][info][gc,marking  ] GC(59) Concurrent Clear Claimed Marks
[21.853s][info][gc,marking  ] GC(59) Concurrent Clear Claimed Marks 0.094ms
[21.853s][info][gc,marking  ] GC(59) Concurrent Cleanup for Next Mark
[21.855s][info][gc,marking  ] GC(59) Concurrent Cleanup for Next Mark 1.498ms
[21.855s][info][gc          ] GC(59) Concurrent Mark Cycle 76.332ms
[22.243s][info][gc,start    ] GC(60) Pause Young (Prepare Mixed) (G1 Evacuation Pause)
[22.243s][info][gc,task     ] GC(60) Using 2 workers of 2 for evacuation
[22.249s][info][gc,phases   ] GC(60)   Pre Evacuate Collection Set: 0.26ms
[22.249s][info][gc,phases   ] GC(60)   Merge Heap Roots: 0.10ms
[22.249s][info][gc,phases   ] GC(60)   Evacuate Collection Set: 4.65ms
[22.249s][info][gc,phases   ] GC(60)   Post Evacuate Collection Set: 0.51ms
[22.249s][info][gc,phases   ] GC(60)   Other: 0.07ms
[22.249s][info][gc,heap     ] GC(60) Eden regions: 215->0(213)
[22.249s][info][gc,heap     ] GC(60) Survivor regions: 3->4(28)
[22.249s][info][gc,heap     ] GC(60) Old regions: 62->62
[22.249s][info][gc,heap     ] GC(60) Humongous regions: 207->207
[22.249s][info][gc,metaspace] GC(60) Metaspace: 55433K(55744K)->55433K(55744K) NonClass: 49834K(50048K)->49834K(50048K) Class: 5599K(5696K)->5599K(5696K)
[22.249s][info][gc          ] GC(60) Pause Young (Prepare Mixed) (G1 Evacuation Pause) 486M->271M(517M) 5.745ms
[22.249s][info][gc,cpu      ] GC(60) User=0.01s Sys=0.00s Real=0.00s
[22.660s][info][gc,start    ] GC(61) Pause Young (Mixed) (G1 Evacuation Pause)
[22.660s][info][gc,task     ] GC(61) Using 2 workers of 2 for evacuation
[22.672s][info][gc,phases   ] GC(61)   Pre Evacuate Collection Set: 0.27ms
[22.672s][info][gc,phases   ] GC(61)   Merge Heap Roots: 0.11ms
[22.672s][info][gc,phases   ] GC(61)   Evacuate Collection Set: 10.63ms
[22.672s][info][gc,phases   ] GC(61)   Post Evacuate Collection Set: 1.47ms
[22.672s][info][gc,phases   ] GC(61)   Other: 0.09ms
[22.672s][info][gc,heap     ] GC(61) Eden regions: 213->0(212)
[22.672s][info][gc,heap     ] GC(61) Survivor regions: 4->5(28)
[22.672s][info][gc,heap     ] GC(61) Old regions: 62->61
[22.672s][info][gc,heap     ] GC(61) Humongous regions: 207->207
[22.672s][info][gc,metaspace] GC(61) Metaspace: 55433K(55744K)->55433K(55744K) NonClass: 49834K(50048K)->49834K(50048K) Class: 5599K(5696K)->5599K(5696K)
[22.672s][info][gc          ] GC(61) Pause Young (Mixed) (G1 Evacuation Pause) 484M->272M(517M) 12.739ms
[22.672s][info][gc,cpu      ] GC(61) User=0.02s Sys=0.00s Real=0.02s
[23.068s][info][gc,start    ] GC(62) Pause Young (Concurrent Start) (G1 Evacuation Pause)
[23.068s][info][gc,task     ] GC(62) Using 2 workers of 2 for evacuation
[23.074s][info][gc,phases   ] GC(62)   Pre Evacuate Collection Set: 0.31ms
[23.074s][info][gc,phases   ] GC(62)   Merge Heap Roots: 0.10ms
[23.074s][info][gc,phases   ] GC(62)   Evacuate Collection Set: 4.59ms
[23.074s][info][gc,phases   ] GC(62)   Post Evacuate Collection Set: 0.51ms
[23.074s][info][gc,phases   ] GC(62)   Other: 0.10ms
[23.074s][info][gc,heap     ] GC(62) Eden regions: 212->0(216)
[23.074s][info][gc,heap     ] GC(62) Survivor regions: 5->3(28)
[23.074s][info][gc,heap     ] GC(62) Old regions: 61->61
[23.074s][info][gc,heap     ] GC(62) Humongous regions: 207->207
[23.074s][info][gc,metaspace] GC(62) Metaspace: 55433K(55744K)->55433K(55744K) NonClass: 49834K(50048K)->49834K(50048K) Class: 5599K(5696K)->5599K(5696K)
[23.074s][info][gc          ] GC(62) Pause Young (Concurrent Start) (G1 Evacuation Pause) 484M->270M(517M) 5.780ms
[23.074s][info][gc,cpu      ] GC(62) User=0.01s Sys=0.00s Real=0.01s
[23.074s][info][gc          ] GC(63) Concurrent Mark Cycle
[23.074s][info][gc,marking  ] GC(63) Concurrent Scan Root Regions
[23.079s][info][gc,marking  ] GC(63) Concurrent Scan Root Regions 4.457ms
[23.079s][info][gc,marking  ] GC(63) Concurrent Mark
[23.079s][info][gc,marking  ] GC(63) Concurrent Mark From Roots
[23.079s][info][gc,task     ] GC(63) Using 1 workers of 1 for marking
[23.145s][info][gc,marking  ] GC(63) Concurrent Mark From Roots 66.620ms
[23.145s][info][gc,marking  ] GC(63) Concurrent Preclean
[23.145s][info][gc,marking  ] GC(63) Concurrent Preclean 0.079ms
[23.146s][info][gc,start    ] GC(63) Pause Remark
[23.169s][info][gc          ] GC(63) Pause Remark 276M->276M(517M) 22.983ms
[23.169s][info][gc,cpu      ] GC(63) User=0.02s Sys=0.00s Real=0.02s
[23.172s][info][gc,marking  ] GC(63) Concurrent Mark 93.220ms
[23.172s][info][gc,marking  ] GC(63) Concurrent Rebuild Remembered Sets and Scrub Regions
[23.189s][info][gc,marking  ] GC(63) Concurrent Rebuild Remembered Sets and Scrub Regions 17.408ms
[23.189s][info][gc,start    ] GC(63) Pause Cleanup
[23.190s][info][gc          ] GC(63) Pause Cleanup 277M->277M(517M) 0.056ms
[23.190s][info][gc,cpu      ] GC(63) User=0.00s Sys=0.00s Real=0.00s
[23.190s][info][gc,marking  ] GC(63) Concurrent Clear Claimed Marks
[23.190s][info][gc,marking  ] GC(63) Concurrent Clear Claimed Marks 0.077ms
[23.190s][info][gc,marking  ] GC(63) Concurrent Cleanup for Next Mark
[23.191s][info][gc,marking  ] GC(63) Concurrent Cleanup for Next Mark 1.696ms
[23.191s][info][gc          ] GC(63) Concurrent Mark Cycle 117.116ms
[23.538s][info][gc,start    ] GC(64) Pause Young (Prepare Mixed) (G1 Evacuation Pause)
[23.538s][info][gc,task     ] GC(64) Using 2 workers of 2 for evacuation
[23.543s][info][gc,phases   ] GC(64)   Pre Evacuate Collection Set: 0.32ms
[23.543s][info][gc,phases   ] GC(64)   Merge Heap Roots: 0.11ms
[23.543s][info][gc,phases   ] GC(64)   Evacuate Collection Set: 4.17ms
[23.543s][info][gc,phases   ] GC(64)   Post Evacuate Collection Set: 0.52ms
[23.543s][info][gc,phases   ] GC(64)   Other: 0.09ms
[23.543s][info][gc,heap     ] GC(64) Eden regions: 216->0(218)
[23.543s][info][gc,heap     ] GC(64) Survivor regions: 3->2(28)
[23.543s][info][gc,heap     ] GC(64) Old regions: 61->61
[23.543s][info][gc,heap     ] GC(64) Humongous regions: 207->207
[23.543s][info][gc,metaspace] GC(64) Metaspace: 55433K(55744K)->55433K(55744K) NonClass: 49834K(50048K)->49834K(50048K) Class: 5599K(5696K)->5599K(5696K)
[23.543s][info][gc          ] GC(64) Pause Young (Prepare Mixed) (G1 Evacuation Pause) 486M->269M(517M) 5.384ms
[23.543s][info][gc,cpu      ] GC(64) User=0.01s Sys=0.00s Real=0.01s
[23.956s][info][gc,start    ] GC(65) Pause Young (Mixed) (G1 Evacuation Pause)
[23.956s][info][gc,task     ] GC(65) Using 2 workers of 2 for evacuation
[23.963s][info][gc,phases   ] GC(65)   Pre Evacuate Collection Set: 0.26ms
[23.963s][info][gc,phases   ] GC(65)   Merge Heap Roots: 0.10ms
[23.963s][info][gc,phases   ] GC(65)   Evacuate Collection Set: 5.52ms
[23.963s][info][gc,phases   ] GC(65)   Post Evacuate Collection Set: 0.51ms
[23.963s][info][gc,phases   ] GC(65)   Other: 0.07ms
[23.963s][info][gc,heap     ] GC(65) Eden regions: 218->0(215)
[23.963s][info][gc,heap     ] GC(65) Survivor regions: 2->4(28)
[23.963s][info][gc,heap     ] GC(65) Old regions: 61->60
[23.963s][info][gc,heap     ] GC(65) Humongous regions: 207->207
[23.963s][info][gc,metaspace] GC(65) Metaspace: 55436K(55744K)->55436K(55744K) NonClass: 49836K(50048K)->49836K(50048K) Class: 5600K(5696K)->5600K(5696K)
[23.963s][info][gc          ] GC(65) Pause Young (Mixed) (G1 Evacuation Pause) 487M->270M(517M) 6.624ms
[23.963s][info][gc,cpu      ] GC(65) User=0.01s Sys=0.00s Real=0.01s
[24.373s][info][gc,start    ] GC(66) Pause Young (Concurrent Start) (G1 Evacuation Pause)
[24.373s][info][gc,task     ] GC(66) Using 2 workers of 2 for evacuation
[24.378s][info][gc,phases   ] GC(66)   Pre Evacuate Collection Set: 0.28ms
[24.378s][info][gc,phases   ] GC(66)   Merge Heap Roots: 0.09ms
[24.378s][info][gc,phases   ] GC(66)   Evacuate Collection Set: 4.19ms
[24.378s][info][gc,phases   ] GC(66)   Post Evacuate Collection Set: 0.51ms
[24.378s][info][gc,phases   ] GC(66)   Other: 0.11ms
[24.378s][info][gc,heap     ] GC(66) Eden regions: 215->0(216)
[24.378s][info][gc,heap     ] GC(66) Survivor regions: 4->3(28)
[24.378s][info][gc,heap     ] GC(66) Old regions: 60->61
[24.378s][info][gc,heap     ] GC(66) Humongous regions: 207->207
[24.378s][info][gc,metaspace] GC(66) Metaspace: 55436K(55744K)->55436K(55744K) NonClass: 49836K(50048K)->49836K(50048K) Class: 5600K(5696K)->5600K(5696K)
[24.378s][info][gc          ] GC(66) Pause Young (Concurrent Start) (G1 Evacuation Pause) 485M->269M(517M) 5.340ms
[24.378s][info][gc,cpu      ] GC(66) User=0.01s Sys=0.00s Real=0.00s
[24.378s][info][gc          ] GC(67) Concurrent Mark Cycle
[24.381s][info][gc,marking  ] GC(67) Concurrent Scan Root Regions
[24.390s][info][gc,marking  ] GC(67) Concurrent Scan Root Regions 8.243ms
[24.390s][info][gc,marking  ] GC(67) Concurrent Mark
[24.390s][info][gc,marking  ] GC(67) Concurrent Mark From Roots
[24.390s][info][gc,task     ] GC(67) Using 1 workers of 1 for marking
[24.451s][info][gc,marking  ] GC(67) Concurrent Mark From Roots 61.757ms
[24.451s][info][gc,marking  ] GC(67) Concurrent Preclean
[24.451s][info][gc,marking  ] GC(67) Concurrent Preclean 0.070ms
[24.452s][info][gc,start    ] GC(67) Pause Remark
[24.460s][info][gc          ] GC(67) Pause Remark 302M->302M(517M) 7.214ms
[24.460s][info][gc,cpu      ] GC(67) User=0.01s Sys=0.00s Real=0.00s
[24.460s][info][gc,marking  ] GC(67) Concurrent Mark 70.120ms
[24.460s][info][gc,marking  ] GC(67) Concurrent Rebuild Remembered Sets and Scrub Regions
[24.495s][info][gc,marking  ] GC(67) Concurrent Rebuild Remembered Sets and Scrub Regions 34.872ms
[24.495s][info][gc,start    ] GC(67) Pause Cleanup
[24.495s][info][gc          ] GC(67) Pause Cleanup 321M->321M(517M) 0.076ms
[24.495s][info][gc,cpu      ] GC(67) User=0.00s Sys=0.00s Real=0.00s
[24.495s][info][gc,marking  ] GC(67) Concurrent Clear Claimed Marks
[24.495s][info][gc,marking  ] GC(67) Concurrent Clear Claimed Marks 0.088ms
[24.495s][info][gc,marking  ] GC(67) Concurrent Cleanup for Next Mark
[24.499s][info][gc,marking  ] GC(67) Concurrent Cleanup for Next Mark 3.599ms
[24.499s][info][gc          ] GC(67) Concurrent Mark Cycle 120.259ms
[24.838s][info][gc,start    ] GC(68) Pause Young (Prepare Mixed) (G1 Evacuation Pause)
[24.838s][info][gc,task     ] GC(68) Using 2 workers of 2 for evacuation
[24.842s][info][gc,phases   ] GC(68)   Pre Evacuate Collection Set: 0.26ms
[24.842s][info][gc,phases   ] GC(68)   Merge Heap Roots: 0.11ms
[24.842s][info][gc,phases   ] GC(68)   Evacuate Collection Set: 3.58ms
[24.843s][info][gc,phases   ] GC(68)   Post Evacuate Collection Set: 0.52ms
[24.843s][info][gc,phases   ] GC(68)   Other: 0.10ms
[24.843s][info][gc,heap     ] GC(68) Eden regions: 216->0(216)
[24.843s][info][gc,heap     ] GC(68) Survivor regions: 3->3(28)
[24.843s][info][gc,heap     ] GC(68) Old regions: 61->61
[24.843s][info][gc,heap     ] GC(68) Humongous regions: 207->207
[24.843s][info][gc,metaspace] GC(68) Metaspace: 55438K(55744K)->55438K(55744K) NonClass: 49838K(50048K)->49838K(50048K) Class: 5600K(5696K)->5600K(5696K)
[24.843s][info][gc          ] GC(68) Pause Young (Prepare Mixed) (G1 Evacuation Pause) 485M->269M(517M) 4.732ms
[24.843s][info][gc,cpu      ] GC(68) User=0.00s Sys=0.00s Real=0.01s
[25.257s][info][gc,start    ] GC(69) Pause Young (Mixed) (G1 Evacuation Pause)
[25.257s][info][gc,task     ] GC(69) Using 2 workers of 2 for evacuation
[25.266s][info][gc,phases   ] GC(69)   Pre Evacuate Collection Set: 0.25ms
[25.266s][info][gc,phases   ] GC(69)   Merge Heap Roots: 0.12ms
[25.266s][info][gc,phases   ] GC(69)   Evacuate Collection Set: 7.71ms
[25.266s][info][gc,phases   ] GC(69)   Post Evacuate Collection Set: 0.65ms
[25.266s][info][gc,phases   ] GC(69)   Other: 0.07ms
[25.266s][info][gc,heap     ] GC(69) Eden regions: 216->0(217)
[25.266s][info][gc,heap     ] GC(69) Survivor regions: 3->3(28)
[25.266s][info][gc,heap     ] GC(69) Old regions: 61->60
[25.266s][info][gc,heap     ] GC(69) Humongous regions: 207->207
[25.266s][info][gc,metaspace] GC(69) Metaspace: 55438K(55744K)->55438K(55744K) NonClass: 49838K(50048K)->49838K(50048K) Class: 5600K(5696K)->5600K(5696K)
[25.266s][info][gc          ] GC(69) Pause Young (Mixed) (G1 Evacuation Pause) 485M->269M(517M) 8.978ms
[25.266s][info][gc,cpu      ] GC(69) User=0.02s Sys=0.00s Real=0.01s
[25.733s][info][gc,start    ] GC(70) Pause Young (Concurrent Start) (G1 Evacuation Pause)
[25.733s][info][gc,task     ] GC(70) Using 2 workers of 2 for evacuation
[25.736s][info][gc,phases   ] GC(70)   Pre Evacuate Collection Set: 0.29ms
[25.737s][info][gc,phases   ] GC(70)   Merge Heap Roots: 0.10ms
[25.737s][info][gc,phases   ] GC(70)   Evacuate Collection Set: 2.78ms
[25.737s][info][gc,phases   ] GC(70)   Post Evacuate Collection Set: 0.50ms
[25.737s][info][gc,phases   ] GC(70)   Other: 0.08ms
[25.737s][info][gc,heap     ] GC(70) Eden regions: 217->0(221)
[25.737s][info][gc,heap     ] GC(70) Survivor regions: 3->1(28)
[25.737s][info][gc,heap     ] GC(70) Old regions: 60->60
[25.737s][info][gc,heap     ] GC(70) Humongous regions: 207->207
[25.737s][info][gc,metaspace] GC(70) Metaspace: 55439K(55744K)->55439K(55744K) NonClass: 49839K(50048K)->49839K(50048K) Class: 5600K(5696K)->5600K(5696K)
[25.737s][info][gc          ] GC(70) Pause Young (Concurrent Start) (G1 Evacuation Pause) 486M->267M(517M) 3.913ms
[25.737s][info][gc,cpu      ] GC(70) User=0.00s Sys=0.00s Real=0.00s
[25.737s][info][gc          ] GC(71) Concurrent Mark Cycle
[25.737s][info][gc,marking  ] GC(71) Concurrent Scan Root Regions
[25.740s][info][gc,marking  ] GC(71) Concurrent Scan Root Regions 2.565ms
[25.740s][info][gc,marking  ] GC(71) Concurrent Mark
[25.740s][info][gc,marking  ] GC(71) Concurrent Mark From Roots
[25.740s][info][gc,task     ] GC(71) Using 1 workers of 1 for marking
[25.818s][info][gc,marking  ] GC(71) Concurrent Mark From Roots 78.069ms
[25.818s][info][gc,marking  ] GC(71) Concurrent Preclean
[25.818s][info][gc,marking  ] GC(71) Concurrent Preclean 0.087ms
[25.818s][info][gc,start    ] GC(71) Pause Remark
[25.825s][info][gc          ] GC(71) Pause Remark 315M->315M(517M) 7.193ms
[25.825s][info][gc,cpu      ] GC(71) User=0.01s Sys=0.00s Real=0.01s
[25.826s][info][gc,marking  ] GC(71) Concurrent Mark 86.109ms
[25.826s][info][gc,marking  ] GC(71) Concurrent Rebuild Remembered Sets and Scrub Regions
[25.857s][info][gc,marking  ] GC(71) Concurrent Rebuild Remembered Sets and Scrub Regions 31.091ms
[25.857s][info][gc,start    ] GC(71) Pause Cleanup
[25.857s][info][gc          ] GC(71) Pause Cleanup 338M->338M(517M) 0.077ms
[25.857s][info][gc,cpu      ] GC(71) User=0.00s Sys=0.00s Real=0.00s
[25.857s][info][gc,marking  ] GC(71) Concurrent Clear Claimed Marks
[25.858s][info][gc,marking  ] GC(71) Concurrent Clear Claimed Marks 0.091ms
[25.858s][info][gc,marking  ] GC(71) Concurrent Cleanup for Next Mark
[25.860s][info][gc,marking  ] GC(71) Concurrent Cleanup for Next Mark 1.929ms
[25.860s][info][gc          ] GC(71) Concurrent Mark Cycle 122.396ms
[26.165s][info][gc,start    ] GC(72) Pause Young (Prepare Mixed) (G1 Evacuation Pause)
[26.165s][info][gc,task     ] GC(72) Using 2 workers of 2 for evacuation
[26.172s][info][gc,phases   ] GC(72)   Pre Evacuate Collection Set: 0.32ms
[26.172s][info][gc,phases   ] GC(72)   Merge Heap Roots: 0.12ms
[26.172s][info][gc,phases   ] GC(72)   Evacuate Collection Set: 5.65ms
[26.172s][info][gc,phases   ] GC(72)   Post Evacuate Collection Set: 0.51ms
[26.172s][info][gc,phases   ] GC(72)   Other: 0.12ms
[26.172s][info][gc,heap     ] GC(72) Eden regions: 221->0(217)
[26.172s][info][gc,heap     ] GC(72) Survivor regions: 1->3(28)
[26.172s][info][gc,heap     ] GC(72) Old regions: 60->60
[26.172s][info][gc,heap     ] GC(72) Humongous regions: 207->207
[26.172s][info][gc,metaspace] GC(72) Metaspace: 55439K(55744K)->55439K(55744K) NonClass: 49839K(50048K)->49839K(50048K) Class: 5600K(5696K)->5600K(5696K)
[26.172s][info][gc          ] GC(72) Pause Young (Prepare Mixed) (G1 Evacuation Pause) 488M->269M(517M) 6.922ms
[26.172s][info][gc,cpu      ] GC(72) User=0.01s Sys=0.00s Real=0.01s
[26.634s][info][gc,start    ] GC(73) Pause Young (Mixed) (G1 Evacuation Pause)
[26.634s][info][gc,task     ] GC(73) Using 2 workers of 2 for evacuation
[26.639s][info][gc,phases   ] GC(73)   Pre Evacuate Collection Set: 0.27ms
[26.639s][info][gc,phases   ] GC(73)   Merge Heap Roots: 0.10ms
[26.639s][info][gc,phases   ] GC(73)   Evacuate Collection Set: 4.17ms
[26.639s][info][gc,phases   ] GC(73)   Post Evacuate Collection Set: 0.55ms
[26.639s][info][gc,phases   ] GC(73)   Other: 0.09ms
[26.639s][info][gc,heap     ] GC(73) Eden regions: 217->0(220)
[26.639s][info][gc,heap     ] GC(73) Survivor regions: 3->2(28)
[26.639s][info][gc,heap     ] GC(73) Old regions: 60->59
[26.639s][info][gc,heap     ] GC(73) Humongous regions: 207->207
[26.639s][info][gc,metaspace] GC(73) Metaspace: 55439K(55744K)->55439K(55744K) NonClass: 49839K(50048K)->49839K(50048K) Class: 5600K(5696K)->5600K(5696K)
[26.639s][info][gc          ] GC(73) Pause Young (Mixed) (G1 Evacuation Pause) 486M->267M(517M) 5.357ms
[26.639s][info][gc,cpu      ] GC(73) User=0.01s Sys=0.00s Real=0.00s
[27.055s][info][gc,start    ] GC(74) Pause Young (Concurrent Start) (G1 Evacuation Pause)
[27.055s][info][gc,task     ] GC(74) Using 2 workers of 2 for evacuation
[27.087s][info][gc,phases   ] GC(74)   Pre Evacuate Collection Set: 1.85ms
[27.087s][info][gc,phases   ] GC(74)   Merge Heap Roots: 0.14ms
[27.087s][info][gc,phases   ] GC(74)   Evacuate Collection Set: 29.31ms
[27.087s][info][gc,phases   ] GC(74)   Post Evacuate Collection Set: 0.73ms
[27.087s][info][gc,phases   ] GC(74)   Other: 0.15ms
[27.087s][info][gc,heap     ] GC(74) Eden regions: 220->0(215)
[27.087s][info][gc,heap     ] GC(74) Survivor regions: 2->4(28)
[27.087s][info][gc,heap     ] GC(74) Old regions: 59->60
[27.087s][info][gc,heap     ] GC(74) Humongous regions: 207->207
[27.087s][info][gc,metaspace] GC(74) Metaspace: 55440K(55744K)->55440K(55744K) NonClass: 49840K(50048K)->49840K(50048K) Class: 5600K(5696K)->5600K(5696K)
[27.087s][info][gc          ] GC(74) Pause Young (Concurrent Start) (G1 Evacuation Pause) 487M->269M(517M) 32.361ms
[27.087s][info][gc,cpu      ] GC(74) User=0.02s Sys=0.00s Real=0.03s
[27.088s][info][gc          ] GC(75) Concurrent Mark Cycle
[27.088s][info][gc,marking  ] GC(75) Concurrent Scan Root Regions
[27.110s][info][gc,marking  ] GC(75) Concurrent Scan Root Regions 22.405ms
[27.110s][info][gc,marking  ] GC(75) Concurrent Mark
[27.110s][info][gc,marking  ] GC(75) Concurrent Mark From Roots
[27.110s][info][gc,task     ] GC(75) Using 1 workers of 1 for marking
[27.161s][info][gc,marking  ] GC(75) Concurrent Mark From Roots 51.132ms
[27.161s][info][gc,marking  ] GC(75) Concurrent Preclean
[27.161s][info][gc,marking  ] GC(75) Concurrent Preclean 0.090ms
[27.161s][info][gc,start    ] GC(75) Pause Remark
[27.169s][info][gc          ] GC(75) Pause Remark 278M->278M(517M) 7.888ms
[27.169s][info][gc,cpu      ] GC(75) User=0.01s Sys=0.01s Real=0.01s
[27.170s][info][gc,marking  ] GC(75) Concurrent Mark 59.613ms
[27.170s][info][gc,marking  ] GC(75) Concurrent Rebuild Remembered Sets and Scrub Regions
[27.195s][info][gc,marking  ] GC(75) Concurrent Rebuild Remembered Sets and Scrub Regions 25.454ms
[27.196s][info][gc,start    ] GC(75) Pause Cleanup
[27.196s][info][gc          ] GC(75) Pause Cleanup 288M->288M(517M) 0.075ms
[27.196s][info][gc,cpu      ] GC(75) User=0.00s Sys=0.00s Real=0.00s
[27.196s][info][gc,marking  ] GC(75) Concurrent Clear Claimed Marks
[27.196s][info][gc,marking  ] GC(75) Concurrent Clear Claimed Marks 0.079ms
[27.196s][info][gc,marking  ] GC(75) Concurrent Cleanup for Next Mark
[27.197s][info][gc,marking  ] GC(75) Concurrent Cleanup for Next Mark 1.589ms
[27.197s][info][gc          ] GC(75) Concurrent Mark Cycle 109.903ms
[27.476s][info][gc,start    ] GC(76) Pause Young (Prepare Mixed) (G1 Evacuation Pause)
[27.476s][info][gc,task     ] GC(76) Using 2 workers of 2 for evacuation
[27.481s][info][gc,phases   ] GC(76)   Pre Evacuate Collection Set: 0.29ms
[27.481s][info][gc,phases   ] GC(76)   Merge Heap Roots: 0.10ms
[27.481s][info][gc,phases   ] GC(76)   Evacuate Collection Set: 3.76ms
[27.481s][info][gc,phases   ] GC(76)   Post Evacuate Collection Set: 0.50ms
[27.481s][info][gc,phases   ] GC(76)   Other: 0.10ms
[27.481s][info][gc,heap     ] GC(76) Eden regions: 215->0(219)
[27.481s][info][gc,heap     ] GC(76) Survivor regions: 4->2(28)
[27.481s][info][gc,heap     ] GC(76) Old regions: 60->60
[27.481s][info][gc,heap     ] GC(76) Humongous regions: 207->207
[27.481s][info][gc,metaspace] GC(76) Metaspace: 55440K(55744K)->55440K(55744K) NonClass: 49840K(50048K)->49840K(50048K) Class: 5600K(5696K)->5600K(5696K)
[27.481s][info][gc          ] GC(76) Pause Young (Prepare Mixed) (G1 Evacuation Pause) 484M->268M(517M) 4.916ms
[27.481s][info][gc,cpu      ] GC(76) User=0.01s Sys=0.00s Real=0.00s
[27.945s][info][gc,start    ] GC(77) Pause Young (Mixed) (G1 Evacuation Pause)
[27.945s][info][gc,task     ] GC(77) Using 2 workers of 2 for evacuation
[27.952s][info][gc,phases   ] GC(77)   Pre Evacuate Collection Set: 0.27ms
[27.952s][info][gc,phases   ] GC(77)   Merge Heap Roots: 0.11ms
[27.952s][info][gc,phases   ] GC(77)   Evacuate Collection Set: 6.54ms
[27.952s][info][gc,phases   ] GC(77)   Post Evacuate Collection Set: 0.56ms
[27.952s][info][gc,phases   ] GC(77)   Other: 0.09ms
[27.952s][info][gc,heap     ] GC(77) Eden regions: 219->0(218)
[27.952s][info][gc,heap     ] GC(77) Survivor regions: 2->3(28)
[27.952s][info][gc,heap     ] GC(77) Old regions: 60->59
[27.952s][info][gc,heap     ] GC(77) Humongous regions: 207->207
[27.952s][info][gc,metaspace] GC(77) Metaspace: 55440K(55744K)->55440K(55744K) NonClass: 49840K(50048K)->49840K(50048K) Class: 5600K(5696K)->5600K(5696K)
[27.952s][info][gc          ] GC(77) Pause Young (Mixed) (G1 Evacuation Pause) 487M->268M(517M) 7.732ms
[27.952s][info][gc,cpu      ] GC(77) User=0.01s Sys=0.01s Real=0.01s
[28.369s][info][gc,start    ] GC(78) Pause Young (Concurrent Start) (G1 Evacuation Pause)
[28.370s][info][gc,task     ] GC(78) Using 2 workers of 2 for evacuation
[28.376s][info][gc,phases   ] GC(78)   Pre Evacuate Collection Set: 0.26ms
[28.376s][info][gc,phases   ] GC(78)   Merge Heap Roots: 0.12ms
[28.376s][info][gc,phases   ] GC(78)   Evacuate Collection Set: 5.69ms
[28.376s][info][gc,phases   ] GC(78)   Post Evacuate Collection Set: 0.53ms
[28.376s][info][gc,phases   ] GC(78)   Other: 0.10ms
[28.376s][info][gc,heap     ] GC(78) Eden regions: 218->0(216)
[28.376s][info][gc,heap     ] GC(78) Survivor regions: 3->4(28)
[28.376s][info][gc,heap     ] GC(78) Old regions: 59->59
[28.376s][info][gc,heap     ] GC(78) Humongous regions: 207->207
[28.376s][info][gc,metaspace] GC(78) Metaspace: 55440K(55744K)->55440K(55744K) NonClass: 49840K(50048K)->49840K(50048K) Class: 5600K(5696K)->5600K(5696K)
[28.376s][info][gc          ] GC(78) Pause Young (Concurrent Start) (G1 Evacuation Pause) 486M->269M(517M) 6.863ms
[28.376s][info][gc          ] GC(79) Concurrent Mark Cycle
[28.376s][info][gc,marking  ] GC(79) Concurrent Scan Root Regions
[28.376s][info][gc,cpu      ] GC(78) User=0.02s Sys=0.00s Real=0.01s
[28.385s][info][gc,marking  ] GC(79) Concurrent Scan Root Regions 8.389ms
[28.385s][info][gc,marking  ] GC(79) Concurrent Mark
[28.385s][info][gc,marking  ] GC(79) Concurrent Mark From Roots
[28.385s][info][gc,task     ] GC(79) Using 1 workers of 1 for marking
[28.428s][info][gc,marking  ] GC(79) Concurrent Mark From Roots 42.941ms
[28.428s][info][gc,marking  ] GC(79) Concurrent Preclean
[28.428s][info][gc,marking  ] GC(79) Concurrent Preclean 0.078ms
[28.428s][info][gc,start    ] GC(79) Pause Remark
[28.435s][info][gc          ] GC(79) Pause Remark 283M->283M(517M) 7.225ms
[28.435s][info][gc,cpu      ] GC(79) User=0.01s Sys=0.00s Real=0.01s
[28.438s][info][gc,marking  ] GC(79) Concurrent Mark 53.645ms
[28.438s][info][gc,marking  ] GC(79) Concurrent Rebuild Remembered Sets and Scrub Regions
[28.470s][info][gc,marking  ] GC(79) Concurrent Rebuild Remembered Sets and Scrub Regions 31.111ms
[28.470s][info][gc,start    ] GC(79) Pause Cleanup
[28.470s][info][gc          ] GC(79) Pause Cleanup 315M->315M(517M) 0.067ms
[28.470s][info][gc,cpu      ] GC(79) User=0.00s Sys=0.00s Real=0.00s
[28.470s][info][gc,marking  ] GC(79) Concurrent Clear Claimed Marks
[28.470s][info][gc,marking  ] GC(79) Concurrent Clear Claimed Marks 0.091ms
[28.470s][info][gc,marking  ] GC(79) Concurrent Cleanup for Next Mark
[28.472s][info][gc,marking  ] GC(79) Concurrent Cleanup for Next Mark 1.526ms
[28.472s][info][gc          ] GC(79) Concurrent Mark Cycle 95.517ms
[28.834s][info][gc,start    ] GC(80) Pause Young (Prepare Mixed) (G1 Evacuation Pause)
[28.834s][info][gc,task     ] GC(80) Using 2 workers of 2 for evacuation
[28.838s][info][gc,phases   ] GC(80)   Pre Evacuate Collection Set: 0.26ms
[28.838s][info][gc,phases   ] GC(80)   Merge Heap Roots: 0.11ms
[28.838s][info][gc,phases   ] GC(80)   Evacuate Collection Set: 2.84ms
[28.838s][info][gc,phases   ] GC(80)   Post Evacuate Collection Set: 0.51ms
[28.838s][info][gc,phases   ] GC(80)   Other: 0.07ms
[28.838s][info][gc,heap     ] GC(80) Eden regions: 216->0(220)
[28.838s][info][gc,heap     ] GC(80) Survivor regions: 4->2(28)
[28.838s][info][gc,heap     ] GC(80) Old regions: 59->59
[28.838s][info][gc,heap     ] GC(80) Humongous regions: 207->207
[28.838s][info][gc,metaspace] GC(80) Metaspace: 55440K(55744K)->55440K(55744K) NonClass: 49840K(50048K)->49840K(50048K) Class: 5600K(5696K)->5600K(5696K)
[28.838s][info][gc          ] GC(80) Pause Young (Prepare Mixed) (G1 Evacuation Pause) 485M->267M(517M) 3.945ms
[28.838s][info][gc,cpu      ] GC(80) User=0.01s Sys=0.00s Real=0.00s
[29.261s][info][gc,start    ] GC(81) Pause Young (Mixed) (G1 Evacuation Pause)
[29.261s][info][gc,task     ] GC(81) Using 2 workers of 2 for evacuation
[29.266s][info][gc,phases   ] GC(81)   Pre Evacuate Collection Set: 0.26ms
[29.266s][info][gc,phases   ] GC(81)   Merge Heap Roots: 0.10ms
[29.266s][info][gc,phases   ] GC(81)   Evacuate Collection Set: 4.43ms
[29.266s][info][gc,phases   ] GC(81)   Post Evacuate Collection Set: 0.52ms
[29.266s][info][gc,phases   ] GC(81)   Other: 0.07ms
[29.266s][info][gc,heap     ] GC(81) Eden regions: 220->0(220)
[29.266s][info][gc,heap     ] GC(81) Survivor regions: 2->2(28)
[29.266s][info][gc,heap     ] GC(81) Old regions: 59->59
[29.266s][info][gc,heap     ] GC(81) Humongous regions: 207->207
[29.266s][info][gc,metaspace] GC(81) Metaspace: 55440K(55744K)->55440K(55744K) NonClass: 49840K(50048K)->49840K(50048K) Class: 5600K(5696K)->5600K(5696K)
[29.266s][info][gc          ] GC(81) Pause Young (Mixed) (G1 Evacuation Pause) 487M->267M(517M) 5.541ms
[29.266s][info][gc,cpu      ] GC(81) User=0.01s Sys=0.00s Real=0.01s
[29.689s][info][gc,start    ] GC(82) Pause Young (Concurrent Start) (G1 Evacuation Pause)
[29.689s][info][gc,task     ] GC(82) Using 2 workers of 2 for evacuation
[29.693s][info][gc,phases   ] GC(82)   Pre Evacuate Collection Set: 0.28ms
[29.693s][info][gc,phases   ] GC(82)   Merge Heap Roots: 0.09ms
[29.693s][info][gc,phases   ] GC(82)   Evacuate Collection Set: 2.82ms
[29.693s][info][gc,phases   ] GC(82)   Post Evacuate Collection Set: 0.50ms
[29.693s][info][gc,phases   ] GC(82)   Other: 0.10ms
[29.693s][info][gc,heap     ] GC(82) Eden regions: 220->0(220)
[29.693s][info][gc,heap     ] GC(82) Survivor regions: 2->2(28)
[29.693s][info][gc,heap     ] GC(82) Old regions: 59->59
[29.693s][info][gc,heap     ] GC(82) Humongous regions: 207->207
[29.693s][info][gc,metaspace] GC(82) Metaspace: 55440K(55744K)->55440K(55744K) NonClass: 49840K(50048K)->49840K(50048K) Class: 5600K(5696K)->5600K(5696K)
[29.693s][info][gc          ] GC(82) Pause Young (Concurrent Start) (G1 Evacuation Pause) 487M->267M(517M) 3.972ms
[29.693s][info][gc          ] GC(83) Concurrent Mark Cycle
[29.693s][info][gc,marking  ] GC(83) Concurrent Scan Root Regions
[29.694s][info][gc,cpu      ] GC(82) User=0.01s Sys=0.00s Real=0.01s
[29.696s][info][gc,marking  ] GC(83) Concurrent Scan Root Regions 2.327ms
[29.696s][info][gc,marking  ] GC(83) Concurrent Mark
[29.696s][info][gc,marking  ] GC(83) Concurrent Mark From Roots
[29.696s][info][gc,task     ] GC(83) Using 1 workers of 1 for marking
[29.741s][info][gc,marking  ] GC(83) Concurrent Mark From Roots 45.900ms
[29.741s][info][gc,marking  ] GC(83) Concurrent Preclean
[29.742s][info][gc,marking  ] GC(83) Concurrent Preclean 0.070ms
[29.742s][info][gc,start    ] GC(83) Pause Remark
[29.749s][info][gc          ] GC(83) Pause Remark 280M->280M(517M) 7.020ms
[29.749s][info][gc,cpu      ] GC(83) User=0.01s Sys=0.00s Real=0.01s
[29.749s][info][gc,marking  ] GC(83) Concurrent Mark 53.512ms
[29.749s][info][gc,marking  ] GC(83) Concurrent Rebuild Remembered Sets and Scrub Regions
[29.781s][info][gc,marking  ] GC(83) Concurrent Rebuild Remembered Sets and Scrub Regions 31.602ms
[29.781s][info][gc,start    ] GC(83) Pause Cleanup
[29.781s][info][gc          ] GC(83) Pause Cleanup 306M->306M(517M) 0.079ms
[29.781s][info][gc,cpu      ] GC(83) User=0.00s Sys=0.00s Real=0.00s
[29.781s][info][gc,marking  ] GC(83) Concurrent Clear Claimed Marks
[29.781s][info][gc,marking  ] GC(83) Concurrent Clear Claimed Marks 0.086ms
[29.781s][info][gc,marking  ] GC(83) Concurrent Cleanup for Next Mark
[29.783s][info][gc,marking  ] GC(83) Concurrent Cleanup for Next Mark 1.513ms
[29.783s][info][gc          ] GC(83) Concurrent Mark Cycle 89.551ms
[30.150s][info][gc,start    ] GC(84) Pause Young (Prepare Mixed) (G1 Evacuation Pause)
[30.150s][info][gc,task     ] GC(84) Using 2 workers of 2 for evacuation
[30.155s][info][gc,phases   ] GC(84)   Pre Evacuate Collection Set: 0.26ms
[30.155s][info][gc,phases   ] GC(84)   Merge Heap Roots: 0.12ms
[30.155s][info][gc,phases   ] GC(84)   Evacuate Collection Set: 3.33ms
[30.155s][info][gc,phases   ] GC(84)   Post Evacuate Collection Set: 0.51ms
[30.155s][info][gc,phases   ] GC(84)   Other: 0.07ms
[30.155s][info][gc,heap     ] GC(84) Eden regions: 220->0(220)
[30.155s][info][gc,heap     ] GC(84) Survivor regions: 2->2(28)
[30.155s][info][gc,heap     ] GC(84) Old regions: 59->59
[30.155s][info][gc,heap     ] GC(84) Humongous regions: 207->207
[30.155s][info][gc,metaspace] GC(84) Metaspace: 55440K(55744K)->55440K(55744K) NonClass: 49840K(50048K)->49840K(50048K) Class: 5600K(5696K)->5600K(5696K)
[30.155s][info][gc          ] GC(84) Pause Young (Prepare Mixed) (G1 Evacuation Pause) 487M->267M(517M) 4.464ms
[30.155s][info][gc,cpu      ] GC(84) User=0.01s Sys=0.00s Real=0.01s
[30.564s][info][gc,start    ] GC(85) Pause Young (Mixed) (G1 Evacuation Pause)
[30.564s][info][gc,task     ] GC(85) Using 2 workers of 2 for evacuation
[30.573s][info][gc,phases   ] GC(85)   Pre Evacuate Collection Set: 0.25ms
[30.573s][info][gc,phases   ] GC(85)   Merge Heap Roots: 0.11ms
[30.573s][info][gc,phases   ] GC(85)   Evacuate Collection Set: 7.64ms
[30.573s][info][gc,phases   ] GC(85)   Post Evacuate Collection Set: 0.54ms
[30.573s][info][gc,phases   ] GC(85)   Other: 0.09ms
[30.573s][info][gc,heap     ] GC(85) Eden regions: 220->0(216)
[30.573s][info][gc,heap     ] GC(85) Survivor regions: 2->4(28)
[30.573s][info][gc,heap     ] GC(85) Old regions: 59->59
[30.573s][info][gc,heap     ] GC(85) Humongous regions: 207->207
[30.573s][info][gc,metaspace] GC(85) Metaspace: 55440K(55744K)->55440K(55744K) NonClass: 49840K(50048K)->49840K(50048K) Class: 5600K(5696K)->5600K(5696K)
[30.573s][info][gc          ] GC(85) Pause Young (Mixed) (G1 Evacuation Pause) 487M->268M(517M) 8.785ms
[30.573s][info][gc,cpu      ] GC(85) User=0.02s Sys=0.00s Real=0.01s
[31.037s][info][gc,start    ] GC(86) Pause Young (Concurrent Start) (G1 Evacuation Pause)
[31.037s][info][gc,task     ] GC(86) Using 2 workers of 2 for evacuation
[31.041s][info][gc,phases   ] GC(86)   Pre Evacuate Collection Set: 0.28ms
[31.041s][info][gc,phases   ] GC(86)   Merge Heap Roots: 0.10ms
[31.041s][info][gc,phases   ] GC(86)   Evacuate Collection Set: 2.85ms
[31.041s][info][gc,phases   ] GC(86)   Post Evacuate Collection Set: 0.49ms
[31.041s][info][gc,phases   ] GC(86)   Other: 0.09ms
[31.041s][info][gc,heap     ] GC(86) Eden regions: 216->0(220)
[31.041s][info][gc,heap     ] GC(86) Survivor regions: 4->2(28)
[31.041s][info][gc,heap     ] GC(86) Old regions: 59->59
[31.041s][info][gc,heap     ] GC(86) Humongous regions: 207->207
[31.041s][info][gc,metaspace] GC(86) Metaspace: 55440K(55744K)->55440K(55744K) NonClass: 49840K(50048K)->49840K(50048K) Class: 5600K(5696K)->5600K(5696K)
[31.041s][info][gc          ] GC(86) Pause Young (Concurrent Start) (G1 Evacuation Pause) 484M->266M(517M) 3.990ms
[31.041s][info][gc,cpu      ] GC(86) User=0.01s Sys=0.00s Real=0.00s
[31.041s][info][gc          ] GC(87) Concurrent Mark Cycle
[31.041s][info][gc,marking  ] GC(87) Concurrent Scan Root Regions
[31.046s][info][gc,marking  ] GC(87) Concurrent Scan Root Regions 4.475ms
[31.046s][info][gc,marking  ] GC(87) Concurrent Mark
[31.046s][info][gc,marking  ] GC(87) Concurrent Mark From Roots
[31.046s][info][gc,task     ] GC(87) Using 1 workers of 1 for marking
[31.128s][info][gc,marking  ] GC(87) Concurrent Mark From Roots 82.389ms
[31.128s][info][gc,marking  ] GC(87) Concurrent Preclean
[31.128s][info][gc,marking  ] GC(87) Concurrent Preclean 0.095ms
[31.128s][info][gc,start    ] GC(87) Pause Remark
[31.136s][info][gc          ] GC(87) Pause Remark 309M->309M(517M) 7.206ms
[31.136s][info][gc,cpu      ] GC(87) User=0.01s Sys=0.00s Real=0.01s
[31.136s][info][gc,marking  ] GC(87) Concurrent Mark 89.886ms
[31.136s][info][gc,marking  ] GC(87) Concurrent Rebuild Remembered Sets and Scrub Regions
[31.164s][info][gc,marking  ] GC(87) Concurrent Rebuild Remembered Sets and Scrub Regions 28.331ms
[31.164s][info][gc,start    ] GC(87) Pause Cleanup
[31.164s][info][gc          ] GC(87) Pause Cleanup 324M->324M(517M) 0.081ms
[31.164s][info][gc,cpu      ] GC(87) User=0.00s Sys=0.00s Real=0.00s
[31.164s][info][gc,marking  ] GC(87) Concurrent Clear Claimed Marks
[31.164s][info][gc,marking  ] GC(87) Concurrent Clear Claimed Marks 0.089ms
[31.164s][info][gc,marking  ] GC(87) Concurrent Cleanup for Next Mark
[31.169s][info][gc,marking  ] GC(87) Concurrent Cleanup for Next Mark 4.432ms
[31.169s][info][gc          ] GC(87) Concurrent Mark Cycle 127.718ms
[31.587s][info][gc,start    ] GC(88) Pause Young (Prepare Mixed) (G1 Evacuation Pause)
[31.587s][info][gc,task     ] GC(88) Using 2 workers of 2 for evacuation
[31.592s][info][gc,phases   ] GC(88)   Pre Evacuate Collection Set: 0.26ms
[31.592s][info][gc,phases   ] GC(88)   Merge Heap Roots: 0.12ms
[31.592s][info][gc,phases   ] GC(88)   Evacuate Collection Set: 4.13ms
[31.592s][info][gc,phases   ] GC(88)   Post Evacuate Collection Set: 0.50ms
[31.592s][info][gc,phases   ] GC(88)   Other: 0.08ms
[31.592s][info][gc,heap     ] GC(88) Eden regions: 220->0(216)
[31.592s][info][gc,heap     ] GC(88) Survivor regions: 2->4(28)
[31.592s][info][gc,heap     ] GC(88) Old regions: 59->59
[31.592s][info][gc,heap     ] GC(88) Humongous regions: 207->207
[31.592s][info][gc,metaspace] GC(88) Metaspace: 55440K(55744K)->55440K(55744K) NonClass: 49840K(50048K)->49840K(50048K) Class: 5600K(5696K)->5600K(5696K)
[31.592s][info][gc          ] GC(88) Pause Young (Prepare Mixed) (G1 Evacuation Pause) 486M->268M(517M) 5.273ms
[31.592s][info][gc,cpu      ] GC(88) User=0.01s Sys=0.00s Real=0.01s
[31.998s][info][gc,start    ] GC(89) Pause Young (Mixed) (G1 Evacuation Pause)
[31.998s][info][gc,task     ] GC(89) Using 2 workers of 2 for evacuation
[32.003s][info][gc,phases   ] GC(89)   Pre Evacuate Collection Set: 0.35ms
[32.003s][info][gc,phases   ] GC(89)   Merge Heap Roots: 0.11ms
[32.003s][info][gc,phases   ] GC(89)   Evacuate Collection Set: 3.88ms
[32.003s][info][gc,phases   ] GC(89)   Post Evacuate Collection Set: 0.76ms
[32.003s][info][gc,phases   ] GC(89)   Other: 0.07ms
[32.003s][info][gc,heap     ] GC(89) Eden regions: 216->0(222)
[32.003s][info][gc,heap     ] GC(89) Survivor regions: 4->1(28)
[32.003s][info][gc,heap     ] GC(89) Old regions: 59->59
[32.003s][info][gc,heap     ] GC(89) Humongous regions: 207->207
[32.003s][info][gc,metaspace] GC(89) Metaspace: 55440K(55744K)->55440K(55744K) NonClass: 49840K(50048K)->49840K(50048K) Class: 5600K(5696K)->5600K(5696K)
[32.003s][info][gc          ] GC(89) Pause Young (Mixed) (G1 Evacuation Pause) 484M->266M(517M) 5.339ms
[32.003s][info][gc,cpu      ] GC(89) User=0.01s Sys=0.00s Real=0.01s
[32.455s][info][gc,start    ] GC(90) Pause Young (Concurrent Start) (G1 Evacuation Pause)
[32.455s][info][gc,task     ] GC(90) Using 2 workers of 2 for evacuation
[32.463s][info][gc,phases   ] GC(90)   Pre Evacuate Collection Set: 0.33ms
[32.463s][info][gc,phases   ] GC(90)   Merge Heap Roots: 0.11ms
[32.463s][info][gc,phases   ] GC(90)   Evacuate Collection Set: 6.85ms
[32.463s][info][gc,phases   ] GC(90)   Post Evacuate Collection Set: 0.50ms
[32.463s][info][gc,phases   ] GC(90)   Other: 0.17ms
[32.463s][info][gc,heap     ] GC(90) Eden regions: 222->0(218)
[32.463s][info][gc,heap     ] GC(90) Survivor regions: 1->3(28)
[32.463s][info][gc,heap     ] GC(90) Old regions: 59->59
[32.463s][info][gc,heap     ] GC(90) Humongous regions: 207->207
[32.463s][info][gc,metaspace] GC(90) Metaspace: 55440K(55744K)->55440K(55744K) NonClass: 49840K(50048K)->49840K(50048K) Class: 5600K(5696K)->5600K(5696K)
[32.463s][info][gc          ] GC(90) Pause Young (Concurrent Start) (G1 Evacuation Pause) 487M->267M(517M) 8.144ms
[32.463s][info][gc,cpu      ] GC(90) User=0.01s Sys=0.00s Real=0.01s
[32.463s][info][gc          ] GC(91) Concurrent Mark Cycle
[32.463s][info][gc,marking  ] GC(91) Concurrent Scan Root Regions
[32.473s][info][gc,marking  ] GC(91) Concurrent Scan Root Regions 9.919ms
[32.473s][info][gc,marking  ] GC(91) Concurrent Mark
[32.473s][info][gc,marking  ] GC(91) Concurrent Mark From Roots
[32.473s][info][gc,task     ] GC(91) Using 1 workers of 1 for marking
[32.518s][info][gc,marking  ] GC(91) Concurrent Mark From Roots 44.712ms
[32.518s][info][gc,marking  ] GC(91) Concurrent Preclean
[32.518s][info][gc,marking  ] GC(91) Concurrent Preclean 0.085ms
[32.518s][info][gc,start    ] GC(91) Pause Remark
[32.526s][info][gc          ] GC(91) Pause Remark 292M->292M(517M) 7.249ms
[32.526s][info][gc,cpu      ] GC(91) User=0.02s Sys=0.00s Real=0.01s
[32.526s][info][gc,marking  ] GC(91) Concurrent Mark 52.304ms
[32.526s][info][gc,marking  ] GC(91) Concurrent Rebuild Remembered Sets and Scrub Regions
[32.542s][info][gc,marking  ] GC(91) Concurrent Rebuild Remembered Sets and Scrub Regions 16.666ms
[32.543s][info][gc,start    ] GC(91) Pause Cleanup
[32.543s][info][gc          ] GC(91) Pause Cleanup 302M->302M(517M) 0.075ms
[32.543s][info][gc,cpu      ] GC(91) User=0.00s Sys=0.00s Real=0.00s
[32.543s][info][gc,marking  ] GC(91) Concurrent Clear Claimed Marks
[32.543s][info][gc,marking  ] GC(91) Concurrent Clear Claimed Marks 0.088ms
[32.543s][info][gc,marking  ] GC(91) Concurrent Cleanup for Next Mark
[32.545s][info][gc,marking  ] GC(91) Concurrent Cleanup for Next Mark 1.499ms
[32.545s][info][gc          ] GC(91) Concurrent Mark Cycle 81.491ms
[32.884s][info][gc,start    ] GC(92) Pause Young (Prepare Mixed) (G1 Evacuation Pause)
[32.884s][info][gc,task     ] GC(92) Using 2 workers of 2 for evacuation
[32.890s][info][gc,phases   ] GC(92)   Pre Evacuate Collection Set: 1.20ms
[32.890s][info][gc,phases   ] GC(92)   Merge Heap Roots: 0.13ms
[32.890s][info][gc,phases   ] GC(92)   Evacuate Collection Set: 4.03ms
[32.890s][info][gc,phases   ] GC(92)   Post Evacuate Collection Set: 0.72ms
[32.890s][info][gc,phases   ] GC(92)   Other: 0.09ms
[32.890s][info][gc,heap     ] GC(92) Eden regions: 218->0(220)
[32.890s][info][gc,heap     ] GC(92) Survivor regions: 3->2(28)
[32.890s][info][gc,heap     ] GC(92) Old regions: 59->59
[32.890s][info][gc,heap     ] GC(92) Humongous regions: 207->207
[32.890s][info][gc,metaspace] GC(92) Metaspace: 55440K(55744K)->55440K(55744K) NonClass: 49840K(50048K)->49840K(50048K) Class: 5600K(5696K)->5600K(5696K)
[32.890s][info][gc          ] GC(92) Pause Young (Prepare Mixed) (G1 Evacuation Pause) 485M->266M(517M) 6.338ms
[32.890s][info][gc,cpu      ] GC(92) User=0.01s Sys=0.00s Real=0.00s
[33.345s][info][gc,start    ] GC(93) Pause Young (Mixed) (G1 Evacuation Pause)
[33.345s][info][gc,task     ] GC(93) Using 2 workers of 2 for evacuation
[33.353s][info][gc,phases   ] GC(93)   Pre Evacuate Collection Set: 0.33ms
[33.353s][info][gc,phases   ] GC(93)   Merge Heap Roots: 0.12ms
[33.353s][info][gc,phases   ] GC(93)   Evacuate Collection Set: 6.95ms
[33.353s][info][gc,phases   ] GC(93)   Post Evacuate Collection Set: 0.54ms
[33.353s][info][gc,phases   ] GC(93)   Other: 0.09ms
[33.353s][info][gc,heap     ] GC(93) Eden regions: 220->0(219)
[33.353s][info][gc,heap     ] GC(93) Survivor regions: 2->3(28)
[33.353s][info][gc,heap     ] GC(93) Old regions: 59->58
[33.353s][info][gc,heap     ] GC(93) Humongous regions: 207->207
[33.353s][info][gc,metaspace] GC(93) Metaspace: 55440K(55744K)->55440K(55744K) NonClass: 49840K(50048K)->49840K(50048K) Class: 5600K(5696K)->5600K(5696K)
[33.353s][info][gc          ] GC(93) Pause Young (Mixed) (G1 Evacuation Pause) 486M->267M(517M) 8.209ms
[33.353s][info][gc,cpu      ] GC(93) User=0.01s Sys=0.00s Real=0.01s
[33.762s][info][gc,start    ] GC(94) Pause Young (Concurrent Start) (G1 Evacuation Pause)
[33.762s][info][gc,task     ] GC(94) Using 2 workers of 2 for evacuation
[33.768s][info][gc,phases   ] GC(94)   Pre Evacuate Collection Set: 0.28ms
[33.769s][info][gc,phases   ] GC(94)   Merge Heap Roots: 0.09ms
[33.769s][info][gc,phases   ] GC(94)   Evacuate Collection Set: 5.10ms
[33.769s][info][gc,phases   ] GC(94)   Post Evacuate Collection Set: 0.50ms
[33.769s][info][gc,phases   ] GC(94)   Other: 0.09ms
[33.769s][info][gc,heap     ] GC(94) Eden regions: 219->0(219)
[33.769s][info][gc,heap     ] GC(94) Survivor regions: 3->3(28)
[33.769s][info][gc,heap     ] GC(94) Old regions: 58->58
[33.769s][info][gc,heap     ] GC(94) Humongous regions: 207->207
[33.769s][info][gc,metaspace] GC(94) Metaspace: 55440K(55744K)->55440K(55744K) NonClass: 49840K(50048K)->49840K(50048K) Class: 5600K(5696K)->5600K(5696K)
[33.769s][info][gc          ] GC(94) Pause Young (Concurrent Start) (G1 Evacuation Pause) 486M->267M(517M) 6.227ms
[33.769s][info][gc,cpu      ] GC(94) User=0.01s Sys=0.00s Real=0.00s
[33.769s][info][gc          ] GC(95) Concurrent Mark Cycle
[33.770s][info][gc,marking  ] GC(95) Concurrent Scan Root Regions
[33.775s][info][gc,marking  ] GC(95) Concurrent Scan Root Regions 5.042ms
[33.775s][info][gc,marking  ] GC(95) Concurrent Mark
[33.775s][info][gc,marking  ] GC(95) Concurrent Mark From Roots
[33.775s][info][gc,task     ] GC(95) Using 1 workers of 1 for marking
[33.821s][info][gc,marking  ] GC(95) Concurrent Mark From Roots 45.921ms
[33.821s][info][gc,marking  ] GC(95) Concurrent Preclean
[33.821s][info][gc,marking  ] GC(95) Concurrent Preclean 0.076ms
[33.821s][info][gc,start    ] GC(95) Pause Remark
[33.828s][info][gc          ] GC(95) Pause Remark 281M->281M(517M) 7.139ms
[33.828s][info][gc,cpu      ] GC(95) User=0.01s Sys=0.00s Real=0.01s
[33.828s][info][gc,marking  ] GC(95) Concurrent Mark 53.463ms
[33.828s][info][gc,marking  ] GC(95) Concurrent Rebuild Remembered Sets and Scrub Regions
[33.843s][info][gc,marking  ] GC(95) Concurrent Rebuild Remembered Sets and Scrub Regions 15.336ms
[33.844s][info][gc,start    ] GC(95) Pause Cleanup
[33.844s][info][gc          ] GC(95) Pause Cleanup 292M->292M(517M) 0.052ms
[33.844s][info][gc,cpu      ] GC(95) User=0.00s Sys=0.00s Real=0.00s
[33.844s][info][gc,marking  ] GC(95) Concurrent Clear Claimed Marks
[33.844s][info][gc,marking  ] GC(95) Concurrent Clear Claimed Marks 0.075ms
[33.844s][info][gc,marking  ] GC(95) Concurrent Cleanup for Next Mark
[33.845s][info][gc,marking  ] GC(95) Concurrent Cleanup for Next Mark 1.499ms
[33.845s][info][gc          ] GC(95) Concurrent Mark Cycle 76.680ms
[34.240s][info][gc,start    ] GC(96) Pause Young (Prepare Mixed) (G1 Evacuation Pause)
[34.240s][info][gc,task     ] GC(96) Using 2 workers of 2 for evacuation
[34.244s][info][gc,phases   ] GC(96)   Pre Evacuate Collection Set: 0.26ms
[34.245s][info][gc,phases   ] GC(96)   Merge Heap Roots: 0.10ms
[34.245s][info][gc,phases   ] GC(96)   Evacuate Collection Set: 3.38ms
[34.245s][info][gc,phases   ] GC(96)   Post Evacuate Collection Set: 0.53ms
[34.245s][info][gc,phases   ] GC(96)   Other: 0.07ms
[34.245s][info][gc,heap     ] GC(96) Eden regions: 219->0(220)
[34.245s][info][gc,heap     ] GC(96) Survivor regions: 3->2(28)
[34.245s][info][gc,heap     ] GC(96) Old regions: 58->59
[34.245s][info][gc,heap     ] GC(96) Humongous regions: 207->207
[34.245s][info][gc,metaspace] GC(96) Metaspace: 55440K(55744K)->55440K(55744K) NonClass: 49840K(50048K)->49840K(50048K) Class: 5600K(5696K)->5600K(5696K)
[34.245s][info][gc          ] GC(96) Pause Young (Prepare Mixed) (G1 Evacuation Pause) 486M->266M(517M) 4.526ms
[34.245s][info][gc,cpu      ] GC(96) User=0.01s Sys=0.00s Real=0.01s
[34.661s][info][gc,start    ] GC(97) Pause Young (Mixed) (G1 Evacuation Pause)
[34.661s][info][gc,task     ] GC(97) Using 2 workers of 2 for evacuation
[34.675s][info][gc,phases   ] GC(97)   Pre Evacuate Collection Set: 0.26ms
[34.675s][info][gc,phases   ] GC(97)   Merge Heap Roots: 0.12ms
[34.675s][info][gc,phases   ] GC(97)   Evacuate Collection Set: 11.96ms
[34.675s][info][gc,phases   ] GC(97)   Post Evacuate Collection Set: 0.79ms
[34.675s][info][gc,phases   ] GC(97)   Other: 0.07ms
[34.675s][info][gc,heap     ] GC(97) Eden regions: 220->0(219)
[34.675s][info][gc,heap     ] GC(97) Survivor regions: 2->3(28)
[34.675s][info][gc,heap     ] GC(97) Old regions: 59->58
[34.675s][info][gc,heap     ] GC(97) Humongous regions: 207->207
[34.675s][info][gc,metaspace] GC(97) Metaspace: 55440K(55744K)->55440K(55744K) NonClass: 49840K(50048K)->49840K(50048K) Class: 5600K(5696K)->5600K(5696K)
[34.675s][info][gc          ] GC(97) Pause Young (Mixed) (G1 Evacuation Pause) 486M->267M(517M) 13.366ms
[34.675s][info][gc,cpu      ] GC(97) User=0.01s Sys=0.00s Real=0.02s
[35.132s][info][gc,start    ] GC(98) Pause Young (Concurrent Start) (G1 Evacuation Pause)
[35.132s][info][gc,task     ] GC(98) Using 2 workers of 2 for evacuation
[35.138s][info][gc,phases   ] GC(98)   Pre Evacuate Collection Set: 0.32ms
[35.138s][info][gc,phases   ] GC(98)   Merge Heap Roots: 0.11ms
[35.138s][info][gc,phases   ] GC(98)   Evacuate Collection Set: 4.64ms
[35.138s][info][gc,phases   ] GC(98)   Post Evacuate Collection Set: 0.51ms
[35.138s][info][gc,phases   ] GC(98)   Other: 0.19ms
[35.138s][info][gc,heap     ] GC(98) Eden regions: 219->0(223)
[35.138s][info][gc,heap     ] GC(98) Survivor regions: 3->1(28)
[35.138s][info][gc,heap     ] GC(98) Old regions: 58->58
[35.138s][info][gc,heap     ] GC(98) Humongous regions: 207->207
[35.138s][info][gc,metaspace] GC(98) Metaspace: 55443K(55744K)->55443K(55744K) NonClass: 49843K(50048K)->49843K(50048K) Class: 5600K(5696K)->5600K(5696K)
[35.138s][info][gc          ] GC(98) Pause Young (Concurrent Start) (G1 Evacuation Pause) 486M->265M(517M) 5.940ms
[35.138s][info][gc,cpu      ] GC(98) User=0.01s Sys=0.01s Real=0.01s
[35.138s][info][gc          ] GC(99) Concurrent Mark Cycle
[35.138s][info][gc,marking  ] GC(99) Concurrent Scan Root Regions
[35.141s][info][gc,marking  ] GC(99) Concurrent Scan Root Regions 2.602ms
[35.141s][info][gc,marking  ] GC(99) Concurrent Mark
[35.141s][info][gc,marking  ] GC(99) Concurrent Mark From Roots
[35.141s][info][gc,task     ] GC(99) Using 1 workers of 1 for marking
[35.197s][info][gc,marking  ] GC(99) Concurrent Mark From Roots 55.795ms
[35.197s][info][gc,marking  ] GC(99) Concurrent Preclean
[35.197s][info][gc,marking  ] GC(99) Concurrent Preclean 0.093ms
[35.197s][info][gc,start    ] GC(99) Pause Remark
[35.204s][info][gc          ] GC(99) Pause Remark 310M->310M(517M) 7.140ms
[35.204s][info][gc,cpu      ] GC(99) User=0.02s Sys=0.00s Real=0.01s
[35.206s][info][gc,marking  ] GC(99) Concurrent Mark 64.833ms
[35.206s][info][gc,marking  ] GC(99) Concurrent Rebuild Remembered Sets and Scrub Regions
[35.222s][info][gc,marking  ] GC(99) Concurrent Rebuild Remembered Sets and Scrub Regions 16.097ms
[35.222s][info][gc,start    ] GC(99) Pause Cleanup
[35.222s][info][gc          ] GC(99) Pause Cleanup 314M->314M(517M) 0.053ms
[35.222s][info][gc,cpu      ] GC(99) User=0.00s Sys=0.00s Real=0.00s
[35.222s][info][gc,marking  ] GC(99) Concurrent Clear Claimed Marks
[35.222s][info][gc,marking  ] GC(99) Concurrent Clear Claimed Marks 0.080ms
[35.222s][info][gc,marking  ] GC(99) Concurrent Cleanup for Next Mark
[35.224s][info][gc,marking  ] GC(99) Concurrent Cleanup for Next Mark 1.484ms
[35.224s][info][gc          ] GC(99) Concurrent Mark Cycle 85.979ms
[35.556s][info][gc,start    ] GC(100) Pause Young (Prepare Mixed) (G1 Evacuation Pause)
[35.556s][info][gc,task     ] GC(100) Using 2 workers of 2 for evacuation
[35.562s][info][gc,phases   ] GC(100)   Pre Evacuate Collection Set: 0.25ms
[35.562s][info][gc,phases   ] GC(100)   Merge Heap Roots: 0.10ms
[35.562s][info][gc,phases   ] GC(100)   Evacuate Collection Set: 4.64ms
[35.562s][info][gc,phases   ] GC(100)   Post Evacuate Collection Set: 0.51ms
[35.562s][info][gc,phases   ] GC(100)   Other: 0.07ms
[35.562s][info][gc,heap     ] GC(100) Eden regions: 223->0(219)
[35.562s][info][gc,heap     ] GC(100) Survivor regions: 1->3(28)
[35.562s][info][gc,heap     ] GC(100) Old regions: 58->58
[35.562s][info][gc,heap     ] GC(100) Humongous regions: 207->207
[35.562s][info][gc,metaspace] GC(100) Metaspace: 55443K(55744K)->55443K(55744K) NonClass: 49843K(50048K)->49843K(50048K) Class: 5600K(5696K)->5600K(5696K)
[35.562s][info][gc          ] GC(100) Pause Young (Prepare Mixed) (G1 Evacuation Pause) 488M->267M(517M) 5.746ms
[35.562s][info][gc,cpu      ] GC(100) User=0.01s Sys=0.01s Real=0.01s
[35.979s][info][gc,start    ] GC(101) Pause Young (Mixed) (G1 Evacuation Pause)
[35.979s][info][gc,task     ] GC(101) Using 2 workers of 2 for evacuation
[35.983s][info][gc,phases   ] GC(101)   Pre Evacuate Collection Set: 0.27ms
[35.983s][info][gc,phases   ] GC(101)   Merge Heap Roots: 0.10ms
[35.983s][info][gc,phases   ] GC(101)   Evacuate Collection Set: 3.37ms
[35.983s][info][gc,phases   ] GC(101)   Post Evacuate Collection Set: 0.56ms
[35.983s][info][gc,phases   ] GC(101)   Other: 0.07ms
[35.983s][info][gc,heap     ] GC(101) Eden regions: 219->0(223)
[35.983s][info][gc,heap     ] GC(101) Survivor regions: 3->1(28)
[35.983s][info][gc,heap     ] GC(101) Old regions: 58->58
[35.983s][info][gc,heap     ] GC(101) Humongous regions: 207->207
[35.983s][info][gc,metaspace] GC(101) Metaspace: 55443K(55744K)->55443K(55744K) NonClass: 49843K(50048K)->49843K(50048K) Class: 5600K(5696K)->5600K(5696K)
[35.983s][info][gc          ] GC(101) Pause Young (Mixed) (G1 Evacuation Pause) 486M->265M(517M) 4.540ms
[35.983s][info][gc,cpu      ] GC(101) User=0.01s Sys=0.00s Real=0.01s
[36.447s][info][gc,start    ] GC(102) Pause Young (Concurrent Start) (G1 Evacuation Pause)
[36.447s][info][gc,task     ] GC(102) Using 2 workers of 2 for evacuation
[36.454s][info][gc,phases   ] GC(102)   Pre Evacuate Collection Set: 0.32ms
[36.454s][info][gc,phases   ] GC(102)   Merge Heap Roots: 0.10ms
[36.454s][info][gc,phases   ] GC(102)   Evacuate Collection Set: 5.74ms
[36.454s][info][gc,phases   ] GC(102)   Post Evacuate Collection Set: 0.56ms
[36.454s][info][gc,phases   ] GC(102)   Other: 0.10ms
[36.454s][info][gc,heap     ] GC(102) Eden regions: 223->0(217)
[36.454s][info][gc,heap     ] GC(102) Survivor regions: 1->4(28)
[36.454s][info][gc,heap     ] GC(102) Old regions: 58->58
[36.454s][info][gc,heap     ] GC(102) Humongous regions: 207->207
[36.454s][info][gc,metaspace] GC(102) Metaspace: 55443K(55744K)->55443K(55744K) NonClass: 49843K(50048K)->49843K(50048K) Class: 5600K(5696K)->5600K(5696K)
[36.454s][info][gc          ] GC(102) Pause Young (Concurrent Start) (G1 Evacuation Pause) 488M->268M(517M) 7.047ms
[36.454s][info][gc,cpu      ] GC(102) User=0.01s Sys=0.00s Real=0.01s
[36.454s][info][gc          ] GC(103) Concurrent Mark Cycle
[36.456s][info][gc,marking  ] GC(103) Concurrent Scan Root Regions
[36.462s][info][gc,marking  ] GC(103) Concurrent Scan Root Regions 5.956ms
[36.462s][info][gc,marking  ] GC(103) Concurrent Mark
[36.462s][info][gc,marking  ] GC(103) Concurrent Mark From Roots
[36.462s][info][gc,task     ] GC(103) Using 1 workers of 1 for marking
[36.514s][info][gc,marking  ] GC(103) Concurrent Mark From Roots 51.794ms
[36.514s][info][gc,marking  ] GC(103) Concurrent Preclean
[36.514s][info][gc,marking  ] GC(103) Concurrent Preclean 0.078ms
[36.514s][info][gc,start    ] GC(103) Pause Remark
[36.521s][info][gc          ] GC(103) Pause Remark 293M->293M(517M) 7.101ms
[36.521s][info][gc,cpu      ] GC(103) User=0.02s Sys=0.00s Real=0.00s
[36.521s][info][gc,marking  ] GC(103) Concurrent Mark 59.372ms
[36.521s][info][gc,marking  ] GC(103) Concurrent Rebuild Remembered Sets and Scrub Regions
[36.546s][info][gc,marking  ] GC(103) Concurrent Rebuild Remembered Sets and Scrub Regions 24.778ms
[36.546s][info][gc,start    ] GC(103) Pause Cleanup
[36.546s][info][gc          ] GC(103) Pause Cleanup 310M->310M(517M) 0.071ms
[36.546s][info][gc,cpu      ] GC(103) User=0.00s Sys=0.00s Real=0.00s
[36.546s][info][gc,marking  ] GC(103) Concurrent Clear Claimed Marks
[36.546s][info][gc,marking  ] GC(103) Concurrent Clear Claimed Marks 0.087ms
[36.546s][info][gc,marking  ] GC(103) Concurrent Cleanup for Next Mark
[36.548s][info][gc,marking  ] GC(103) Concurrent Cleanup for Next Mark 1.502ms
[36.548s][info][gc          ] GC(103) Concurrent Mark Cycle 93.574ms
[36.891s][info][gc,start    ] GC(104) Pause Young (Prepare Mixed) (G1 Evacuation Pause)
[36.891s][info][gc,task     ] GC(104) Using 2 workers of 2 for evacuation
[36.895s][info][gc,phases   ] GC(104)   Pre Evacuate Collection Set: 0.28ms
[36.895s][info][gc,phases   ] GC(104)   Merge Heap Roots: 0.13ms
[36.895s][info][gc,phases   ] GC(104)   Evacuate Collection Set: 3.28ms
[36.895s][info][gc,phases   ] GC(104)   Post Evacuate Collection Set: 0.53ms
[36.895s][info][gc,phases   ] GC(104)   Other: 0.10ms
[36.895s][info][gc,heap     ] GC(104) Eden regions: 217->0(221)
[36.895s][info][gc,heap     ] GC(104) Survivor regions: 4->2(28)
[36.895s][info][gc,heap     ] GC(104) Old regions: 58->58
[36.895s][info][gc,heap     ] GC(104) Humongous regions: 207->207
[36.895s][info][gc,metaspace] GC(104) Metaspace: 55443K(55744K)->55443K(55744K) NonClass: 49843K(50048K)->49843K(50048K) Class: 5600K(5696K)->5600K(5696K)
[36.895s][info][gc          ] GC(104) Pause Young (Prepare Mixed) (G1 Evacuation Pause) 485M->266M(517M) 4.481ms
[36.895s][info][gc,cpu      ] GC(104) User=0.00s Sys=0.00s Real=0.01s
[37.349s][info][gc,start    ] GC(105) Pause Young (Mixed) (G1 Evacuation Pause)
[37.349s][info][gc,task     ] GC(105) Using 2 workers of 2 for evacuation
[37.356s][info][gc,phases   ] GC(105)   Pre Evacuate Collection Set: 0.26ms
[37.356s][info][gc,phases   ] GC(105)   Merge Heap Roots: 0.11ms
[37.356s][info][gc,phases   ] GC(105)   Evacuate Collection Set: 5.61ms
[37.356s][info][gc,phases   ] GC(105)   Post Evacuate Collection Set: 0.54ms
[37.356s][info][gc,phases   ] GC(105)   Other: 0.07ms
[37.356s][info][gc,heap     ] GC(105) Eden regions: 221->0(219)
[37.356s][info][gc,heap     ] GC(105) Survivor regions: 2->3(28)
[37.356s][info][gc,heap     ] GC(105) Old regions: 58->58
[37.356s][info][gc,heap     ] GC(105) Humongous regions: 207->207
[37.356s][info][gc,metaspace] GC(105) Metaspace: 55443K(55744K)->55443K(55744K) NonClass: 49843K(50048K)->49843K(50048K) Class: 5600K(5696K)->5600K(5696K)
[37.356s][info][gc          ] GC(105) Pause Young (Mixed) (G1 Evacuation Pause) 487M->267M(517M) 6.770ms
[37.356s][info][gc,cpu      ] GC(105) User=0.02s Sys=0.00s Real=0.01s
[37.767s][info][gc,start    ] GC(106) Pause Young (Concurrent Start) (G1 Evacuation Pause)
[37.767s][info][gc,task     ] GC(106) Using 2 workers of 2 for evacuation
[37.772s][info][gc,phases   ] GC(106)   Pre Evacuate Collection Set: 0.30ms
[37.772s][info][gc,phases   ] GC(106)   Merge Heap Roots: 0.10ms
[37.772s][info][gc,phases   ] GC(106)   Evacuate Collection Set: 3.72ms
[37.772s][info][gc,phases   ] GC(106)   Post Evacuate Collection Set: 0.51ms
[37.772s][info][gc,phases   ] GC(106)   Other: 0.12ms
[37.772s][info][gc,heap     ] GC(106) Eden regions: 219->0(219)
[37.772s][info][gc,heap     ] GC(106) Survivor regions: 3->3(28)
[37.772s][info][gc,heap     ] GC(106) Old regions: 58->58
[37.772s][info][gc,heap     ] GC(106) Humongous regions: 207->207
[37.772s][info][gc,metaspace] GC(106) Metaspace: 55465K(55744K)->55465K(55744K) NonClass: 49863K(50048K)->49863K(50048K) Class: 5601K(5696K)->5601K(5696K)
[37.772s][info][gc          ] GC(106) Pause Young (Concurrent Start) (G1 Evacuation Pause) 486M->266M(517M) 4.896ms
[37.772s][info][gc,cpu      ] GC(106) User=0.01s Sys=0.00s Real=0.00s
[37.772s][info][gc          ] GC(107) Concurrent Mark Cycle
[37.772s][info][gc,marking  ] GC(107) Concurrent Scan Root Regions
[37.777s][info][gc,marking  ] GC(107) Concurrent Scan Root Regions 4.916ms
[37.777s][info][gc,marking  ] GC(107) Concurrent Mark
[37.777s][info][gc,marking  ] GC(107) Concurrent Mark From Roots
[37.777s][info][gc,task     ] GC(107) Using 1 workers of 1 for marking
[37.820s][info][gc,marking  ] GC(107) Concurrent Mark From Roots 43.281ms
[37.820s][info][gc,marking  ] GC(107) Concurrent Preclean
[37.820s][info][gc,marking  ] GC(107) Concurrent Preclean 0.060ms
[37.820s][info][gc,start    ] GC(107) Pause Remark
[37.828s][info][gc          ] GC(107) Pause Remark 273M->273M(517M) 7.181ms
[37.828s][info][gc,cpu      ] GC(107) User=0.01s Sys=0.00s Real=0.01s
[37.828s][info][gc,marking  ] GC(107) Concurrent Mark 51.201ms
[37.828s][info][gc,marking  ] GC(107) Concurrent Rebuild Remembered Sets and Scrub Regions
[37.853s][info][gc,marking  ] GC(107) Concurrent Rebuild Remembered Sets and Scrub Regions 25.299ms
[37.854s][info][gc,start    ] GC(107) Pause Cleanup
[37.854s][info][gc          ] GC(107) Pause Cleanup 294M->294M(517M) 0.061ms
[37.854s][info][gc,cpu      ] GC(107) User=0.00s Sys=0.00s Real=0.00s
[37.855s][info][gc,marking  ] GC(107) Concurrent Clear Claimed Marks
[37.855s][info][gc,marking  ] GC(107) Concurrent Clear Claimed Marks 0.090ms
[37.855s][info][gc,marking  ] GC(107) Concurrent Cleanup for Next Mark
[37.857s][info][gc,marking  ] GC(107) Concurrent Cleanup for Next Mark 2.443ms
[37.857s][info][gc          ] GC(107) Concurrent Mark Cycle 85.238ms
[38.268s][info][gc,start    ] GC(108) Pause Young (Prepare Mixed) (G1 Evacuation Pause)
[38.268s][info][gc,task     ] GC(108) Using 2 workers of 2 for evacuation
[38.275s][info][gc,phases   ] GC(108)   Pre Evacuate Collection Set: 0.27ms
[38.275s][info][gc,phases   ] GC(108)   Merge Heap Roots: 0.11ms
[38.275s][info][gc,phases   ] GC(108)   Evacuate Collection Set: 6.60ms
[38.275s][info][gc,phases   ] GC(108)   Post Evacuate Collection Set: 0.52ms
[38.275s][info][gc,phases   ] GC(108)   Other: 0.10ms
[38.275s][info][gc,heap     ] GC(108) Eden regions: 219->0(215)
[38.275s][info][gc,heap     ] GC(108) Survivor regions: 3->5(28)
[38.275s][info][gc,heap     ] GC(108) Old regions: 58->58
[38.275s][info][gc,heap     ] GC(108) Humongous regions: 207->207
[38.275s][info][gc,metaspace] GC(108) Metaspace: 55465K(55744K)->55465K(55744K) NonClass: 49864K(50048K)->49864K(50048K) Class: 5601K(5696K)->5601K(5696K)
[38.276s][info][gc          ] GC(108) Pause Young (Prepare Mixed) (G1 Evacuation Pause) 485M->269M(517M) 7.771ms
[38.276s][info][gc,cpu      ] GC(108) User=0.01s Sys=0.00s Real=0.01s
[38.654s][info][gc,start    ] GC(109) Pause Young (Mixed) (G1 Evacuation Pause)
[38.655s][info][gc,task     ] GC(109) Using 2 workers of 2 for evacuation
[38.662s][info][gc,phases   ] GC(109)   Pre Evacuate Collection Set: 0.24ms
[38.662s][info][gc,phases   ] GC(109)   Merge Heap Roots: 0.10ms
[38.662s][info][gc,phases   ] GC(109)   Evacuate Collection Set: 6.35ms
[38.662s][info][gc,phases   ] GC(109)   Post Evacuate Collection Set: 0.53ms
[38.662s][info][gc,phases   ] GC(109)   Other: 0.08ms
[38.662s][info][gc,heap     ] GC(109) Eden regions: 215->0(217)
[38.662s][info][gc,heap     ] GC(109) Survivor regions: 5->4(28)
[38.662s][info][gc,heap     ] GC(109) Old regions: 58->58
[38.662s][info][gc,heap     ] GC(109) Humongous regions: 207->207
[38.662s][info][gc,metaspace] GC(109) Metaspace: 55465K(55744K)->55465K(55744K) NonClass: 49864K(50048K)->49864K(50048K) Class: 5601K(5696K)->5601K(5696K)
[38.662s][info][gc          ] GC(109) Pause Young (Mixed) (G1 Evacuation Pause) 484M->267M(517M) 7.471ms
[38.662s][info][gc,cpu      ] GC(109) User=0.02s Sys=0.00s Real=0.01s
[39.132s][info][gc,start    ] GC(110) Pause Young (Concurrent Start) (G1 Evacuation Pause)
[39.132s][info][gc,task     ] GC(110) Using 2 workers of 2 for evacuation
[39.136s][info][gc,phases   ] GC(110)   Pre Evacuate Collection Set: 0.27ms
[39.136s][info][gc,phases   ] GC(110)   Merge Heap Roots: 0.09ms
[39.136s][info][gc,phases   ] GC(110)   Evacuate Collection Set: 2.42ms
[39.136s][info][gc,phases   ] GC(110)   Post Evacuate Collection Set: 0.49ms
[39.136s][info][gc,phases   ] GC(110)   Other: 0.10ms
[39.136s][info][gc,heap     ] GC(110) Eden regions: 217->0(223)
[39.136s][info][gc,heap     ] GC(110) Survivor regions: 4->1(28)
[39.136s][info][gc,heap     ] GC(110) Old regions: 58->58
[39.136s][info][gc,heap     ] GC(110) Humongous regions: 207->207
[39.136s][info][gc,metaspace] GC(110) Metaspace: 55465K(55744K)->55465K(55744K) NonClass: 49864K(50048K)->49864K(50048K) Class: 5601K(5696K)->5601K(5696K)
[39.136s][info][gc          ] GC(110) Pause Young (Concurrent Start) (G1 Evacuation Pause) 484M->265M(517M) 3.545ms
[39.136s][info][gc          ] GC(111) Concurrent Mark Cycle
[39.136s][info][gc,marking  ] GC(111) Concurrent Scan Root Regions
[39.136s][info][gc,cpu      ] GC(110) User=0.01s Sys=0.00s Real=0.00s
[39.139s][info][gc,marking  ] GC(111) Concurrent Scan Root Regions 2.659ms
[39.139s][info][gc,marking  ] GC(111) Concurrent Mark
[39.139s][info][gc,marking  ] GC(111) Concurrent Mark From Roots
[39.139s][info][gc,task     ] GC(111) Using 1 workers of 1 for marking
[39.194s][info][gc,marking  ] GC(111) Concurrent Mark From Roots 55.076ms
[39.194s][info][gc,marking  ] GC(111) Concurrent Preclean
[39.194s][info][gc,marking  ] GC(111) Concurrent Preclean 0.080ms
[39.194s][info][gc,start    ] GC(111) Pause Remark
[39.201s][info][gc          ] GC(111) Pause Remark 309M->309M(517M) 7.256ms
[39.201s][info][gc,cpu      ] GC(111) User=0.02s Sys=0.00s Real=0.00s
[39.202s][info][gc,marking  ] GC(111) Concurrent Mark 63.535ms
[39.202s][info][gc,marking  ] GC(111) Concurrent Rebuild Remembered Sets and Scrub Regions
[39.222s][info][gc,marking  ] GC(111) Concurrent Rebuild Remembered Sets and Scrub Regions 20.038ms
[39.222s][info][gc,start    ] GC(111) Pause Cleanup
[39.222s][info][gc          ] GC(111) Pause Cleanup 311M->311M(517M) 0.066ms
[39.222s][info][gc,cpu      ] GC(111) User=0.00s Sys=0.00s Real=0.00s
[39.223s][info][gc,marking  ] GC(111) Concurrent Clear Claimed Marks
[39.223s][info][gc,marking  ] GC(111) Concurrent Clear Claimed Marks 0.084ms
[39.223s][info][gc,marking  ] GC(111) Concurrent Cleanup for Next Mark
[39.224s][info][gc,marking  ] GC(111) Concurrent Cleanup for Next Mark 1.543ms
[39.224s][info][gc          ] GC(111) Concurrent Mark Cycle 88.295ms
[39.555s][info][gc,start    ] GC(112) Pause Young (Prepare Mixed) (G1 Evacuation Pause)
[39.555s][info][gc,task     ] GC(112) Using 2 workers of 2 for evacuation
[39.561s][info][gc,phases   ] GC(112)   Pre Evacuate Collection Set: 0.26ms
[39.561s][info][gc,phases   ] GC(112)   Merge Heap Roots: 0.13ms
[39.561s][info][gc,phases   ] GC(112)   Evacuate Collection Set: 4.92ms
[39.561s][info][gc,phases   ] GC(112)   Post Evacuate Collection Set: 0.52ms
[39.561s][info][gc,phases   ] GC(112)   Other: 0.08ms
[39.561s][info][gc,heap     ] GC(112) Eden regions: 223->0(219)
[39.561s][info][gc,heap     ] GC(112) Survivor regions: 1->3(28)
[39.561s][info][gc,heap     ] GC(112) Old regions: 58->58
[39.561s][info][gc,heap     ] GC(112) Humongous regions: 207->207
[39.561s][info][gc,metaspace] GC(112) Metaspace: 55465K(55744K)->55465K(55744K) NonClass: 49864K(50048K)->49864K(50048K) Class: 5601K(5696K)->5601K(5696K)
[39.561s][info][gc          ] GC(112) Pause Young (Prepare Mixed) (G1 Evacuation Pause) 488M->267M(517M) 6.074ms
[39.561s][info][gc,cpu      ] GC(112) User=0.02s Sys=0.00s Real=0.00s
[40.033s][info][gc,start    ] GC(113) Pause Young (Mixed) (G1 Evacuation Pause)
[40.033s][info][gc,task     ] GC(113) Using 2 workers of 2 for evacuation
[40.037s][info][gc,phases   ] GC(113)   Pre Evacuate Collection Set: 0.24ms
[40.037s][info][gc,phases   ] GC(113)   Merge Heap Roots: 0.11ms
[40.037s][info][gc,phases   ] GC(113)   Evacuate Collection Set: 3.49ms
[40.037s][info][gc,phases   ] GC(113)   Post Evacuate Collection Set: 0.53ms
[40.037s][info][gc,phases   ] GC(113)   Other: 0.09ms
[40.037s][info][gc,heap     ] GC(113) Eden regions: 219->0(223)
[40.037s][info][gc,heap     ] GC(113) Survivor regions: 3->1(28)
[40.037s][info][gc,heap     ] GC(113) Old regions: 58->58
[40.037s][info][gc,heap     ] GC(113) Humongous regions: 207->207
[40.037s][info][gc,metaspace] GC(113) Metaspace: 55465K(55744K)->55465K(55744K) NonClass: 49864K(50048K)->49864K(50048K) Class: 5601K(5696K)->5601K(5696K)
[40.037s][info][gc          ] GC(113) Pause Young (Mixed) (G1 Evacuation Pause) 486M->264M(517M) 4.640ms
[40.037s][info][gc,cpu      ] GC(113) User=0.01s Sys=0.00s Real=0.00s
[40.502s][info][gc,start    ] GC(114) Pause Young (Concurrent Start) (G1 Evacuation Pause)
[40.503s][info][gc,task     ] GC(114) Using 2 workers of 2 for evacuation
[40.508s][info][gc,phases   ] GC(114)   Pre Evacuate Collection Set: 0.27ms
[40.508s][info][gc,phases   ] GC(114)   Merge Heap Roots: 0.09ms
[40.508s][info][gc,phases   ] GC(114)   Evacuate Collection Set: 4.69ms
[40.508s][info][gc,phases   ] GC(114)   Post Evacuate Collection Set: 0.51ms
[40.508s][info][gc,phases   ] GC(114)   Other: 0.09ms
[40.508s][info][gc,heap     ] GC(114) Eden regions: 223->0(219)
[40.508s][info][gc,heap     ] GC(114) Survivor regions: 1->3(28)
[40.508s][info][gc,heap     ] GC(114) Old regions: 58->58
[40.508s][info][gc,heap     ] GC(114) Humongous regions: 207->207
[40.508s][info][gc,metaspace] GC(114) Metaspace: 55466K(55744K)->55466K(55744K) NonClass: 49864K(50048K)->49864K(50048K) Class: 5601K(5696K)->5601K(5696K)
[40.508s][info][gc          ] GC(114) Pause Young (Concurrent Start) (G1 Evacuation Pause) 487M->266M(517M) 5.824ms
[40.508s][info][gc,cpu      ] GC(114) User=0.01s Sys=0.00s Real=0.00s
[40.509s][info][gc          ] GC(115) Concurrent Mark Cycle
[40.509s][info][gc,marking  ] GC(115) Concurrent Scan Root Regions
[40.515s][info][gc,marking  ] GC(115) Concurrent Scan Root Regions 6.566ms
[40.515s][info][gc,marking  ] GC(115) Concurrent Mark
[40.515s][info][gc,marking  ] GC(115) Concurrent Mark From Roots
[40.515s][info][gc,task     ] GC(115) Using 1 workers of 1 for marking
[40.587s][info][gc,marking  ] GC(115) Concurrent Mark From Roots 71.038ms
[40.587s][info][gc,marking  ] GC(115) Concurrent Preclean
[40.587s][info][gc,marking  ] GC(115) Concurrent Preclean 0.083ms
[40.587s][info][gc,start    ] GC(115) Pause Remark
[40.594s][info][gc          ] GC(115) Pause Remark 328M->328M(517M) 7.217ms
[40.594s][info][gc,cpu      ] GC(115) User=0.01s Sys=0.00s Real=0.01s
[40.595s][info][gc,marking  ] GC(115) Concurrent Mark 79.546ms
[40.595s][info][gc,marking  ] GC(115) Concurrent Rebuild Remembered Sets and Scrub Regions
[40.616s][info][gc,marking  ] GC(115) Concurrent Rebuild Remembered Sets and Scrub Regions 20.706ms
[40.616s][info][gc,start    ] GC(115) Pause Cleanup
[40.616s][info][gc          ] GC(115) Pause Cleanup 336M->336M(517M) 0.061ms
[40.616s][info][gc,cpu      ] GC(115) User=0.00s Sys=0.00s Real=0.00s
[40.616s][info][gc,marking  ] GC(115) Concurrent Clear Claimed Marks
[40.616s][info][gc,marking  ] GC(115) Concurrent Clear Claimed Marks 0.084ms
[40.616s][info][gc,marking  ] GC(115) Concurrent Cleanup for Next Mark
[40.619s][info][gc,marking  ] GC(115) Concurrent Cleanup for Next Mark 2.454ms
[40.619s][info][gc          ] GC(115) Concurrent Mark Cycle 109.677ms
[40.881s][info][gc,start    ] GC(116) Pause Young (Prepare Mixed) (G1 Evacuation Pause)
[40.881s][info][gc,task     ] GC(116) Using 2 workers of 2 for evacuation
[40.884s][info][gc,phases   ] GC(116)   Pre Evacuate Collection Set: 0.27ms
[40.884s][info][gc,phases   ] GC(116)   Merge Heap Roots: 0.11ms
[40.884s][info][gc,phases   ] GC(116)   Evacuate Collection Set: 2.74ms
[40.884s][info][gc,phases   ] GC(116)   Post Evacuate Collection Set: 0.53ms
[40.884s][info][gc,phases   ] GC(116)   Other: 0.07ms
[40.885s][info][gc,heap     ] GC(116) Eden regions: 219->0(221)
[40.885s][info][gc,heap     ] GC(116) Survivor regions: 3->2(28)
[40.885s][info][gc,heap     ] GC(116) Old regions: 58->58
[40.885s][info][gc,heap     ] GC(116) Humongous regions: 207->207
[40.885s][info][gc,metaspace] GC(116) Metaspace: 55466K(55744K)->55466K(55744K) NonClass: 49864K(50048K)->49864K(50048K) Class: 5601K(5696K)->5601K(5696K)
[40.885s][info][gc          ] GC(116) Pause Young (Prepare Mixed) (G1 Evacuation Pause) 485M->265M(517M) 3.900ms
[40.885s][info][gc,cpu      ] GC(116) User=0.01s Sys=0.00s Real=0.01s
[41.350s][info][gc,start    ] GC(117) Pause Young (Mixed) (G1 Evacuation Pause)
[41.350s][info][gc,task     ] GC(117) Using 2 workers of 2 for evacuation
[41.356s][info][gc,phases   ] GC(117)   Pre Evacuate Collection Set: 0.25ms
[41.356s][info][gc,phases   ] GC(117)   Merge Heap Roots: 0.09ms
[41.356s][info][gc,phases   ] GC(117)   Evacuate Collection Set: 4.91ms
[41.356s][info][gc,phases   ] GC(117)   Post Evacuate Collection Set: 0.53ms
[41.356s][info][gc,phases   ] GC(117)   Other: 0.07ms
[41.356s][info][gc,heap     ] GC(117) Eden regions: 221->0(217)
[41.356s][info][gc,heap     ] GC(117) Survivor regions: 2->4(28)
[41.356s][info][gc,heap     ] GC(117) Old regions: 58->58
[41.356s][info][gc,heap     ] GC(117) Humongous regions: 207->207
[41.356s][info][gc,metaspace] GC(117) Metaspace: 55466K(55744K)->55466K(55744K) NonClass: 49864K(50048K)->49864K(50048K) Class: 5601K(5696K)->5601K(5696K)
[41.356s][info][gc          ] GC(117) Pause Young (Mixed) (G1 Evacuation Pause) 486M->267M(517M) 6.043ms
[41.356s][info][gc,cpu      ] GC(117) User=0.01s Sys=0.00s Real=0.01s
[41.761s][info][gc,start    ] GC(118) Pause Young (Concurrent Start) (G1 Evacuation Pause)
[41.761s][info][gc,task     ] GC(118) Using 2 workers of 2 for evacuation
[41.768s][info][gc,phases   ] GC(118)   Pre Evacuate Collection Set: 0.27ms
[41.768s][info][gc,phases   ] GC(118)   Merge Heap Roots: 0.09ms
[41.768s][info][gc,phases   ] GC(118)   Evacuate Collection Set: 5.24ms
[41.768s][info][gc,phases   ] GC(118)   Post Evacuate Collection Set: 0.51ms
[41.768s][info][gc,phases   ] GC(118)   Other: 0.11ms
[41.768s][info][gc,heap     ] GC(118) Eden regions: 217->0(217)
[41.768s][info][gc,heap     ] GC(118) Survivor regions: 4->4(28)
[41.768s][info][gc,heap     ] GC(118) Old regions: 58->58
[41.768s][info][gc,heap     ] GC(118) Humongous regions: 207->207
[41.768s][info][gc,metaspace] GC(118) Metaspace: 55466K(55744K)->55466K(55744K) NonClass: 49864K(50048K)->49864K(50048K) Class: 5601K(5696K)->5601K(5696K)
[41.768s][info][gc          ] GC(118) Pause Young (Concurrent Start) (G1 Evacuation Pause) 484M->267M(517M) 6.375ms
[41.768s][info][gc,cpu      ] GC(118) User=0.02s Sys=0.00s Real=0.01s
[41.768s][info][gc          ] GC(119) Concurrent Mark Cycle
[41.768s][info][gc,marking  ] GC(119) Concurrent Scan Root Regions
[41.776s][info][gc,marking  ] GC(119) Concurrent Scan Root Regions 7.917ms
[41.776s][info][gc,marking  ] GC(119) Concurrent Mark
[41.776s][info][gc,marking  ] GC(119) Concurrent Mark From Roots
[41.776s][info][gc,task     ] GC(119) Using 1 workers of 1 for marking
[41.832s][info][gc,marking  ] GC(119) Concurrent Mark From Roots 56.551ms
[41.832s][info][gc,marking  ] GC(119) Concurrent Preclean
[41.832s][info][gc,marking  ] GC(119) Concurrent Preclean 0.069ms
[41.833s][info][gc,start    ] GC(119) Pause Remark
[41.840s][info][gc          ] GC(119) Pause Remark 283M->283M(517M) 7.126ms
[41.840s][info][gc,cpu      ] GC(119) User=0.02s Sys=0.00s Real=0.00s
[41.840s][info][gc,marking  ] GC(119) Concurrent Mark 64.020ms
[41.840s][info][gc,marking  ] GC(119) Concurrent Rebuild Remembered Sets and Scrub Regions
[41.856s][info][gc,marking  ] GC(119) Concurrent Rebuild Remembered Sets and Scrub Regions 15.748ms
[41.856s][info][gc,start    ] GC(119) Pause Cleanup
[41.856s][info][gc          ] GC(119) Pause Cleanup 296M->296M(517M) 0.057ms
[41.856s][info][gc,cpu      ] GC(119) User=0.00s Sys=0.00s Real=0.00s
[41.856s][info][gc,marking  ] GC(119) Concurrent Clear Claimed Marks
[41.856s][info][gc,marking  ] GC(119) Concurrent Clear Claimed Marks 0.078ms
[41.856s][info][gc,marking  ] GC(119) Concurrent Cleanup for Next Mark
[41.857s][info][gc,marking  ] GC(119) Concurrent Cleanup for Next Mark 1.485ms
[41.857s][info][gc          ] GC(119) Concurrent Mark Cycle 89.559ms
[42.236s][info][gc,start    ] GC(120) Pause Young (Prepare Mixed) (G1 Evacuation Pause)
[42.236s][info][gc,task     ] GC(120) Using 2 workers of 2 for evacuation
[42.240s][info][gc,phases   ] GC(120)   Pre Evacuate Collection Set: 0.28ms
[42.240s][info][gc,phases   ] GC(120)   Merge Heap Roots: 0.10ms
[42.240s][info][gc,phases   ] GC(120)   Evacuate Collection Set: 2.77ms
[42.240s][info][gc,phases   ] GC(120)   Post Evacuate Collection Set: 0.49ms
[42.240s][info][gc,phases   ] GC(120)   Other: 0.13ms
[42.240s][info][gc,heap     ] GC(120) Eden regions: 217->0(221)
[42.240s][info][gc,heap     ] GC(120) Survivor regions: 4->2(28)
[42.240s][info][gc,heap     ] GC(120) Old regions: 58->58
[42.240s][info][gc,heap     ] GC(120) Humongous regions: 207->207
[42.240s][info][gc,metaspace] GC(120) Metaspace: 55469K(55744K)->55469K(55744K) NonClass: 49867K(50048K)->49867K(50048K) Class: 5601K(5696K)->5601K(5696K)
[42.240s][info][gc          ] GC(120) Pause Young (Prepare Mixed) (G1 Evacuation Pause) 484M->265M(517M) 3.944ms
[42.240s][info][gc,cpu      ] GC(120) User=0.00s Sys=0.00s Real=0.00s
[42.668s][info][gc,start    ] GC(121) Pause Young (Mixed) (G1 Evacuation Pause)
[42.668s][info][gc,task     ] GC(121) Using 2 workers of 2 for evacuation
[42.674s][info][gc,phases   ] GC(121)   Pre Evacuate Collection Set: 0.24ms
[42.674s][info][gc,phases   ] GC(121)   Merge Heap Roots: 0.09ms
[42.674s][info][gc,phases   ] GC(121)   Evacuate Collection Set: 5.02ms
[42.674s][info][gc,phases   ] GC(121)   Post Evacuate Collection Set: 0.71ms
[42.674s][info][gc,phases   ] GC(121)   Other: 0.07ms
[42.674s][info][gc,heap     ] GC(121) Eden regions: 221->0(221)
[42.674s][info][gc,heap     ] GC(121) Survivor regions: 2->2(28)
[42.674s][info][gc,heap     ] GC(121) Old regions: 58->58
[42.674s][info][gc,heap     ] GC(121) Humongous regions: 207->207
[42.674s][info][gc,metaspace] GC(121) Metaspace: 55469K(55744K)->55469K(55744K) NonClass: 49867K(50048K)->49867K(50048K) Class: 5601K(5696K)->5601K(5696K)
[42.674s][info][gc          ] GC(121) Pause Young (Mixed) (G1 Evacuation Pause) 486M->266M(517M) 6.307ms
[42.674s][info][gc,cpu      ] GC(121) User=0.01s Sys=0.00s Real=0.01s
[43.131s][info][gc,start    ] GC(122) Pause Young (Concurrent Start) (G1 Evacuation Pause)
[43.132s][info][gc,task     ] GC(122) Using 2 workers of 2 for evacuation
[43.135s][info][gc,phases   ] GC(122)   Pre Evacuate Collection Set: 0.27ms
[43.135s][info][gc,phases   ] GC(122)   Merge Heap Roots: 0.09ms
[43.135s][info][gc,phases   ] GC(122)   Evacuate Collection Set: 2.26ms
[43.135s][info][gc,phases   ] GC(122)   Post Evacuate Collection Set: 0.50ms
[43.135s][info][gc,phases   ] GC(122)   Other: 0.09ms
[43.135s][info][gc,heap     ] GC(122) Eden regions: 221->0(223)
[43.135s][info][gc,heap     ] GC(122) Survivor regions: 2->1(28)
[43.135s][info][gc,heap     ] GC(122) Old regions: 58->58
[43.135s][info][gc,heap     ] GC(122) Humongous regions: 207->207
[43.135s][info][gc,metaspace] GC(122) Metaspace: 55469K(55744K)->55469K(55744K) NonClass: 49867K(50048K)->49867K(50048K) Class: 5601K(5696K)->5601K(5696K)
[43.135s][info][gc          ] GC(122) Pause Young (Concurrent Start) (G1 Evacuation Pause) 487M->264M(517M) 3.360ms
[43.135s][info][gc,cpu      ] GC(122) User=0.01s Sys=0.00s Real=0.01s
[43.135s][info][gc          ] GC(123) Concurrent Mark Cycle
[43.135s][info][gc,marking  ] GC(123) Concurrent Scan Root Regions
[43.139s][info][gc,marking  ] GC(123) Concurrent Scan Root Regions 3.643ms
[43.139s][info][gc,marking  ] GC(123) Concurrent Mark
[43.139s][info][gc,marking  ] GC(123) Concurrent Mark From Roots
[43.139s][info][gc,task     ] GC(123) Using 1 workers of 1 for marking
[43.186s][info][gc,marking  ] GC(123) Concurrent Mark From Roots 46.911ms
[43.186s][info][gc,marking  ] GC(123) Concurrent Preclean
[43.186s][info][gc,marking  ] GC(123) Concurrent Preclean 0.071ms
[43.186s][info][gc,start    ] GC(123) Pause Remark
[43.193s][info][gc          ] GC(123) Pause Remark 303M->303M(517M) 7.075ms
[43.193s][info][gc,cpu      ] GC(123) User=0.01s Sys=0.00s Real=0.01s
[43.193s][info][gc,marking  ] GC(123) Concurrent Mark 54.775ms
[43.193s][info][gc,marking  ] GC(123) Concurrent Rebuild Remembered Sets and Scrub Regions
[43.209s][info][gc,marking  ] GC(123) Concurrent Rebuild Remembered Sets and Scrub Regions 15.343ms
[43.209s][info][gc,start    ] GC(123) Pause Cleanup
[43.209s][info][gc          ] GC(123) Pause Cleanup 308M->308M(517M) 0.056ms
[43.209s][info][gc,cpu      ] GC(123) User=0.00s Sys=0.00s Real=0.00s
[43.209s][info][gc,marking  ] GC(123) Concurrent Clear Claimed Marks
[43.209s][info][gc,marking  ] GC(123) Concurrent Clear Claimed Marks 0.079ms
[43.209s][info][gc,marking  ] GC(123) Concurrent Cleanup for Next Mark
[43.211s][info][gc,marking  ] GC(123) Concurrent Cleanup for Next Mark 2.159ms
[43.211s][info][gc          ] GC(123) Concurrent Mark Cycle 76.451ms
[43.554s][info][gc,start    ] GC(124) Pause Young (Prepare Mixed) (G1 Evacuation Pause)
[43.554s][info][gc,task     ] GC(124) Using 2 workers of 2 for evacuation
[43.561s][info][gc,phases   ] GC(124)   Pre Evacuate Collection Set: 0.25ms
[43.561s][info][gc,phases   ] GC(124)   Merge Heap Roots: 0.12ms
[43.561s][info][gc,phases   ] GC(124)   Evacuate Collection Set: 5.26ms
[43.561s][info][gc,phases   ] GC(124)   Post Evacuate Collection Set: 0.50ms
[43.561s][info][gc,phases   ] GC(124)   Other: 0.07ms
[43.561s][info][gc,heap     ] GC(124) Eden regions: 223->0(217)
[43.561s][info][gc,heap     ] GC(124) Survivor regions: 1->4(28)
[43.561s][info][gc,heap     ] GC(124) Old regions: 58->58
[43.561s][info][gc,heap     ] GC(124) Humongous regions: 207->207
[43.561s][info][gc,metaspace] GC(124) Metaspace: 55469K(55744K)->55469K(55744K) NonClass: 49867K(50048K)->49867K(50048K) Class: 5601K(5696K)->5601K(5696K)
[43.561s][info][gc          ] GC(124) Pause Young (Prepare Mixed) (G1 Evacuation Pause) 487M->267M(517M) 6.369ms
[43.561s][info][gc,cpu      ] GC(124) User=0.01s Sys=0.00s Real=0.00s
[44.074s][info][gc,start    ] GC(125) Pause Young (Mixed) (G1 Evacuation Pause)
[44.074s][info][gc,task     ] GC(125) Using 2 workers of 2 for evacuation
[44.079s][info][gc,phases   ] GC(125)   Pre Evacuate Collection Set: 0.34ms
[44.079s][info][gc,phases   ] GC(125)   Merge Heap Roots: 0.13ms
[44.079s][info][gc,phases   ] GC(125)   Evacuate Collection Set: 3.93ms
[44.079s][info][gc,phases   ] GC(125)   Post Evacuate Collection Set: 0.53ms
[44.079s][info][gc,phases   ] GC(125)   Other: 0.10ms
[44.079s][info][gc,heap     ] GC(125) Eden regions: 217->0(222)
[44.079s][info][gc,heap     ] GC(125) Survivor regions: 4->2(28)
[44.079s][info][gc,heap     ] GC(125) Old regions: 58->57
[44.079s][info][gc,heap     ] GC(125) Humongous regions: 207->207
[44.079s][info][gc,metaspace] GC(125) Metaspace: 55469K(55744K)->55469K(55744K) NonClass: 49867K(50048K)->49867K(50048K) Class: 5601K(5696K)->5601K(5696K)
[44.079s][info][gc          ] GC(125) Pause Young (Mixed) (G1 Evacuation Pause) 484M->265M(517M) 5.215ms
[44.079s][info][gc,cpu      ] GC(125) User=0.01s Sys=0.00s Real=0.00s
[44.542s][info][gc,start    ] GC(126) Pause Young (Concurrent Start) (G1 Evacuation Pause)
[44.542s][info][gc,task     ] GC(126) Using 2 workers of 2 for evacuation
[44.547s][info][gc,phases   ] GC(126)   Pre Evacuate Collection Set: 0.30ms
[44.547s][info][gc,phases   ] GC(126)   Merge Heap Roots: 0.10ms
[44.547s][info][gc,phases   ] GC(126)   Evacuate Collection Set: 4.16ms
[44.547s][info][gc,phases   ] GC(126)   Post Evacuate Collection Set: 0.50ms
[44.547s][info][gc,phases   ] GC(126)   Other: 0.09ms
[44.547s][info][gc,heap     ] GC(126) Eden regions: 222->0(219)
[44.547s][info][gc,heap     ] GC(126) Survivor regions: 2->3(28)
[44.547s][info][gc,heap     ] GC(126) Old regions: 57->58
[44.547s][info][gc,heap     ] GC(126) Humongous regions: 207->207
[44.547s][info][gc,metaspace] GC(126) Metaspace: 55469K(55744K)->55469K(55744K) NonClass: 49867K(50048K)->49867K(50048K) Class: 5601K(5696K)->5601K(5696K)
[44.547s][info][gc          ] GC(126) Pause Young (Concurrent Start) (G1 Evacuation Pause) 487M->266M(517M) 5.322ms
[44.547s][info][gc,cpu      ] GC(126) User=0.01s Sys=0.00s Real=0.01s
[44.547s][info][gc          ] GC(127) Concurrent Mark Cycle
[44.548s][info][gc,marking  ] GC(127) Concurrent Scan Root Regions
[44.555s][info][gc,marking  ] GC(127) Concurrent Scan Root Regions 6.889ms
[44.555s][info][gc,marking  ] GC(127) Concurrent Mark
[44.555s][info][gc,marking  ] GC(127) Concurrent Mark From Roots
[44.555s][info][gc,task     ] GC(127) Using 1 workers of 1 for marking
[44.608s][info][gc,marking  ] GC(127) Concurrent Mark From Roots 52.926ms
[44.608s][info][gc,marking  ] GC(127) Concurrent Preclean
[44.608s][info][gc,marking  ] GC(127) Concurrent Preclean 0.095ms
[44.608s][info][gc,start    ] GC(127) Pause Remark
[44.615s][info][gc          ] GC(127) Pause Remark 300M->300M(517M) 7.164ms
[44.615s][info][gc,cpu      ] GC(127) User=0.01s Sys=0.00s Real=0.01s
[44.616s][info][gc,marking  ] GC(127) Concurrent Mark 60.637ms
[44.616s][info][gc,marking  ] GC(127) Concurrent Rebuild Remembered Sets and Scrub Regions
[44.633s][info][gc,marking  ] GC(127) Concurrent Rebuild Remembered Sets and Scrub Regions 17.895ms
[44.634s][info][gc,start    ] GC(127) Pause Cleanup
[44.634s][info][gc          ] GC(127) Pause Cleanup 303M->303M(517M) 0.069ms
[44.634s][info][gc,cpu      ] GC(127) User=0.00s Sys=0.00s Real=0.00s
[44.634s][info][gc,marking  ] GC(127) Concurrent Clear Claimed Marks
[44.634s][info][gc,marking  ] GC(127) Concurrent Clear Claimed Marks 0.079ms
[44.634s][info][gc,marking  ] GC(127) Concurrent Cleanup for Next Mark
[44.638s][info][gc,marking  ] GC(127) Concurrent Cleanup for Next Mark 3.846ms
[44.638s][info][gc          ] GC(127) Concurrent Mark Cycle 90.986ms
[44.961s][info][gc,start    ] GC(128) Pause Young (Prepare Mixed) (G1 Evacuation Pause)
[44.961s][info][gc,task     ] GC(128) Using 2 workers of 2 for evacuation
[44.966s][info][gc,phases   ] GC(128)   Pre Evacuate Collection Set: 0.26ms
[44.966s][info][gc,phases   ] GC(128)   Merge Heap Roots: 0.14ms
[44.966s][info][gc,phases   ] GC(128)   Evacuate Collection Set: 4.51ms
[44.966s][info][gc,phases   ] GC(128)   Post Evacuate Collection Set: 0.50ms
[44.966s][info][gc,phases   ] GC(128)   Other: 0.07ms
[44.966s][info][gc,heap     ] GC(128) Eden regions: 219->0(219)
[44.966s][info][gc,heap     ] GC(128) Survivor regions: 3->3(28)
[44.966s][info][gc,heap     ] GC(128) Old regions: 58->58
[44.966s][info][gc,heap     ] GC(128) Humongous regions: 207->207
[44.966s][info][gc,metaspace] GC(128) Metaspace: 55469K(55744K)->55469K(55744K) NonClass: 49867K(50048K)->49867K(50048K) Class: 5601K(5696K)->5601K(5696K)
[44.966s][info][gc          ] GC(128) Pause Young (Prepare Mixed) (G1 Evacuation Pause) 485M->266M(517M) 5.642ms
[44.966s][info][gc,cpu      ] GC(128) User=0.02s Sys=0.00s Real=0.01s
[45.438s][info][gc,start    ] GC(129) Pause Young (Mixed) (G1 Evacuation Pause)
[45.438s][info][gc,task     ] GC(129) Using 2 workers of 2 for evacuation
[45.446s][info][gc,phases   ] GC(129)   Pre Evacuate Collection Set: 0.25ms
[45.446s][info][gc,phases   ] GC(129)   Merge Heap Roots: 0.11ms
[45.446s][info][gc,phases   ] GC(129)   Evacuate Collection Set: 7.03ms
[45.446s][info][gc,phases   ] GC(129)   Post Evacuate Collection Set: 1.14ms
[45.446s][info][gc,phases   ] GC(129)   Other: 0.07ms
[45.446s][info][gc,heap     ] GC(129) Eden regions: 219->0(222)
[45.446s][info][gc,heap     ] GC(129) Survivor regions: 3->2(28)
[45.446s][info][gc,heap     ] GC(129) Old regions: 58->57
[45.446s][info][gc,heap     ] GC(129) Humongous regions: 207->207
[45.446s][info][gc,metaspace] GC(129) Metaspace: 55469K(55744K)->55469K(55744K) NonClass: 49867K(50048K)->49867K(50048K) Class: 5601K(5696K)->5601K(5696K)
[45.446s][info][gc          ] GC(129) Pause Young (Mixed) (G1 Evacuation Pause) 485M->265M(517M) 8.761ms
[45.446s][info][gc,cpu      ] GC(129) User=0.01s Sys=0.00s Real=0.01s
[45.856s][info][gc,start    ] GC(130) Pause Young (Concurrent Start) (G1 Evacuation Pause)
[45.856s][info][gc,task     ] GC(130) Using 2 workers of 2 for evacuation
[45.862s][info][gc,phases   ] GC(130)   Pre Evacuate Collection Set: 0.31ms
[45.862s][info][gc,phases   ] GC(130)   Merge Heap Roots: 0.15ms
[45.862s][info][gc,phases   ] GC(130)   Evacuate Collection Set: 5.23ms
[45.862s][info][gc,phases   ] GC(130)   Post Evacuate Collection Set: 0.53ms
[45.862s][info][gc,phases   ] GC(130)   Other: 0.19ms
[45.862s][info][gc,heap     ] GC(130) Eden regions: 222->0(218)
[45.862s][info][gc,heap     ] GC(130) Survivor regions: 2->4(28)
[45.862s][info][gc,heap     ] GC(130) Old regions: 57->57
[45.862s][info][gc,heap     ] GC(130) Humongous regions: 207->207
[45.862s][info][gc,metaspace] GC(130) Metaspace: 55469K(55744K)->55469K(55744K) NonClass: 49867K(50048K)->49867K(50048K) Class: 5601K(5696K)->5601K(5696K)
[45.862s][info][gc          ] GC(130) Pause Young (Concurrent Start) (G1 Evacuation Pause) 487M->267M(517M) 6.593ms
[45.862s][info][gc,cpu      ] GC(130) User=0.01s Sys=0.00s Real=0.01s
[45.863s][info][gc          ] GC(131) Concurrent Mark Cycle
[45.864s][info][gc,marking  ] GC(131) Concurrent Scan Root Regions
[45.873s][info][gc,marking  ] GC(131) Concurrent Scan Root Regions 8.846ms
[45.873s][info][gc,marking  ] GC(131) Concurrent Mark
[45.873s][info][gc,marking  ] GC(131) Concurrent Mark From Roots
[45.873s][info][gc,task     ] GC(131) Using 1 workers of 1 for marking
[45.919s][info][gc,marking  ] GC(131) Concurrent Mark From Roots 45.928ms
[45.919s][info][gc,marking  ] GC(131) Concurrent Preclean
[45.919s][info][gc,marking  ] GC(131) Concurrent Preclean 0.089ms
[45.919s][info][gc,start    ] GC(131) Pause Remark
[45.926s][info][gc          ] GC(131) Pause Remark 290M->290M(517M) 6.935ms
[45.926s][info][gc,cpu      ] GC(131) User=0.01s Sys=0.00s Real=0.01s
[45.926s][info][gc,marking  ] GC(131) Concurrent Mark 53.236ms
[45.926s][info][gc,marking  ] GC(131) Concurrent Rebuild Remembered Sets and Scrub Regions
[45.958s][info][gc,marking  ] GC(131) Concurrent Rebuild Remembered Sets and Scrub Regions 31.753ms
[45.958s][info][gc,start    ] GC(131) Pause Cleanup
[45.958s][info][gc          ] GC(131) Pause Cleanup 323M->323M(517M) 0.062ms
[45.958s][info][gc,cpu      ] GC(131) User=0.00s Sys=0.00s Real=0.00s
[45.958s][info][gc,marking  ] GC(131) Concurrent Clear Claimed Marks
[45.958s][info][gc,marking  ] GC(131) Concurrent Clear Claimed Marks 0.089ms
[45.958s][info][gc,marking  ] GC(131) Concurrent Cleanup for Next Mark
[45.960s][info][gc,marking  ] GC(131) Concurrent Cleanup for Next Mark 1.513ms
[45.960s][info][gc          ] GC(131) Concurrent Mark Cycle 97.463ms
[46.381s][info][gc,start    ] GC(132) Pause Young (Prepare Mixed) (G1 Evacuation Pause)
[46.381s][info][gc,task     ] GC(132) Using 2 workers of 2 for evacuation
[46.385s][info][gc,phases   ] GC(132)   Pre Evacuate Collection Set: 0.24ms
[46.385s][info][gc,phases   ] GC(132)   Merge Heap Roots: 0.11ms
[46.385s][info][gc,phases   ] GC(132)   Evacuate Collection Set: 2.72ms
[46.385s][info][gc,phases   ] GC(132)   Post Evacuate Collection Set: 0.51ms
[46.385s][info][gc,phases   ] GC(132)   Other: 0.11ms
[46.385s][info][gc,heap     ] GC(132) Eden regions: 218->0(221)
[46.385s][info][gc,heap     ] GC(132) Survivor regions: 4->2(28)
[46.385s][info][gc,heap     ] GC(132) Old regions: 57->58
[46.385s][info][gc,heap     ] GC(132) Humongous regions: 207->207
[46.385s][info][gc,metaspace] GC(132) Metaspace: 55469K(55744K)->55469K(55744K) NonClass: 49867K(50048K)->49867K(50048K) Class: 5601K(5696K)->5601K(5696K)
[46.385s][info][gc          ] GC(132) Pause Young (Prepare Mixed) (G1 Evacuation Pause) 485M->265M(517M) 3.859ms
[46.385s][info][gc,cpu      ] GC(132) User=0.01s Sys=0.00s Real=0.01s
[46.744s][info][gc,start    ] GC(133) Pause Young (Mixed) (G1 Evacuation Pause)
[46.744s][info][gc,task     ] GC(133) Using 2 workers of 2 for evacuation
[46.750s][info][gc,phases   ] GC(133)   Pre Evacuate Collection Set: 0.26ms
[46.750s][info][gc,phases   ] GC(133)   Merge Heap Roots: 0.09ms
[46.750s][info][gc,phases   ] GC(133)   Evacuate Collection Set: 4.79ms
[46.750s][info][gc,phases   ] GC(133)   Post Evacuate Collection Set: 0.54ms
[46.750s][info][gc,phases   ] GC(133)   Other: 0.08ms
[46.750s][info][gc,heap     ] GC(133) Eden regions: 221->0(220)
[46.750s][info][gc,heap     ] GC(133) Survivor regions: 2->3(28)
[46.750s][info][gc,heap     ] GC(133) Old regions: 58->57
[46.750s][info][gc,heap     ] GC(133) Humongous regions: 207->207
[46.750s][info][gc,metaspace] GC(133) Metaspace: 55469K(55744K)->55469K(55744K) NonClass: 49867K(50048K)->49867K(50048K) Class: 5601K(5696K)->5601K(5696K)
[46.750s][info][gc          ] GC(133) Pause Young (Mixed) (G1 Evacuation Pause) 486M->265M(517M) 5.943ms
[46.750s][info][gc,cpu      ] GC(133) User=0.01s Sys=0.00s Real=0.00s
[47.159s][info][gc,start    ] GC(134) Pause Young (Concurrent Start) (G1 Evacuation Pause)
[47.159s][info][gc,task     ] GC(134) Using 2 workers of 2 for evacuation
[47.165s][info][gc,phases   ] GC(134)   Pre Evacuate Collection Set: 0.27ms
[47.165s][info][gc,phases   ] GC(134)   Merge Heap Roots: 0.08ms
[47.165s][info][gc,phases   ] GC(134)   Evacuate Collection Set: 4.86ms
[47.165s][info][gc,phases   ] GC(134)   Post Evacuate Collection Set: 0.52ms
[47.165s][info][gc,phases   ] GC(134)   Other: 0.10ms
[47.165s][info][gc,heap     ] GC(134) Eden regions: 220->0(218)
[47.165s][info][gc,heap     ] GC(134) Survivor regions: 3->4(28)
[47.165s][info][gc,heap     ] GC(134) Old regions: 57->57
[47.165s][info][gc,heap     ] GC(134) Humongous regions: 207->207
[47.165s][info][gc,metaspace] GC(134) Metaspace: 55469K(55744K)->55469K(55744K) NonClass: 49867K(50048K)->49867K(50048K) Class: 5601K(5696K)->5601K(5696K)
[47.165s][info][gc          ] GC(134) Pause Young (Concurrent Start) (G1 Evacuation Pause) 485M->267M(517M) 6.000ms
[47.165s][info][gc,cpu      ] GC(134) User=0.01s Sys=0.00s Real=0.01s
[47.165s][info][gc          ] GC(135) Concurrent Mark Cycle
[47.165s][info][gc,marking  ] GC(135) Concurrent Scan Root Regions
[47.171s][info][gc,marking  ] GC(135) Concurrent Scan Root Regions 5.392ms
[47.171s][info][gc,marking  ] GC(135) Concurrent Mark
[47.171s][info][gc,marking  ] GC(135) Concurrent Mark From Roots
[47.171s][info][gc,task     ] GC(135) Using 1 workers of 1 for marking
[47.210s][info][gc,marking  ] GC(135) Concurrent Mark From Roots 39.110ms
[47.210s][info][gc,marking  ] GC(135) Concurrent Preclean
[47.210s][info][gc,marking  ] GC(135) Concurrent Preclean 0.064ms
[47.210s][info][gc,start    ] GC(135) Pause Remark
[47.218s][info][gc          ] GC(135) Pause Remark 279M->279M(517M) 8.132ms
[47.218s][info][gc,cpu      ] GC(135) User=0.01s Sys=0.00s Real=0.01s
[47.218s][info][gc,marking  ] GC(135) Concurrent Mark 47.492ms
[47.218s][info][gc,marking  ] GC(135) Concurrent Rebuild Remembered Sets and Scrub Regions
[47.238s][info][gc,marking  ] GC(135) Concurrent Rebuild Remembered Sets and Scrub Regions 19.994ms
[47.239s][info][gc,start    ] GC(135) Pause Cleanup
[47.239s][info][gc          ] GC(135) Pause Cleanup 289M->289M(517M) 0.050ms
[47.239s][info][gc,cpu      ] GC(135) User=0.00s Sys=0.00s Real=0.00s
[47.239s][info][gc,marking  ] GC(135) Concurrent Clear Claimed Marks
[47.239s][info][gc,marking  ] GC(135) Concurrent Clear Claimed Marks 0.083ms
[47.239s][info][gc,marking  ] GC(135) Concurrent Cleanup for Next Mark
[47.242s][info][gc,marking  ] GC(135) Concurrent Cleanup for Next Mark 3.221ms
[47.242s][info][gc          ] GC(135) Concurrent Mark Cycle 76.963ms
[47.636s][info][gc,start    ] GC(136) Pause Young (Prepare Mixed) (G1 Evacuation Pause)
[47.636s][info][gc,task     ] GC(136) Using 2 workers of 2 for evacuation
[47.640s][info][gc,phases   ] GC(136)   Pre Evacuate Collection Set: 0.26ms
[47.640s][info][gc,phases   ] GC(136)   Merge Heap Roots: 0.12ms
[47.640s][info][gc,phases   ] GC(136)   Evacuate Collection Set: 2.92ms
[47.640s][info][gc,phases   ] GC(136)   Post Evacuate Collection Set: 0.52ms
[47.640s][info][gc,phases   ] GC(136)   Other: 0.07ms
[47.640s][info][gc,heap     ] GC(136) Eden regions: 218->0(220)
[47.640s][info][gc,heap     ] GC(136) Survivor regions: 4->3(28)
[47.640s][info][gc,heap     ] GC(136) Old regions: 57->57
[47.640s][info][gc,heap     ] GC(136) Humongous regions: 207->207
[47.640s][info][gc,metaspace] GC(136) Metaspace: 55469K(55744K)->55469K(55744K) NonClass: 49867K(50048K)->49867K(50048K) Class: 5601K(5696K)->5601K(5696K)
[47.640s][info][gc          ] GC(136) Pause Young (Prepare Mixed) (G1 Evacuation Pause) 485M->266M(517M) 4.064ms
[47.640s][info][gc,cpu      ] GC(136) User=0.00s Sys=0.00s Real=0.00s
[48.052s][info][gc,start    ] GC(137) Pause Young (Mixed) (G1 Evacuation Pause)
[48.052s][info][gc,task     ] GC(137) Using 2 workers of 2 for evacuation
[48.059s][info][gc,phases   ] GC(137)   Pre Evacuate Collection Set: 0.25ms
[48.059s][info][gc,phases   ] GC(137)   Merge Heap Roots: 0.10ms
[48.059s][info][gc,phases   ] GC(137)   Evacuate Collection Set: 5.30ms
[48.059s][info][gc,phases   ] GC(137)   Post Evacuate Collection Set: 0.52ms
[48.059s][info][gc,phases   ] GC(137)   Other: 0.07ms
[48.059s][info][gc,heap     ] GC(137) Eden regions: 220->0(220)
[48.059s][info][gc,heap     ] GC(137) Survivor regions: 3->3(28)
[48.059s][info][gc,heap     ] GC(137) Old regions: 57->57
[48.059s][info][gc,heap     ] GC(137) Humongous regions: 207->207
[48.059s][info][gc,metaspace] GC(137) Metaspace: 55469K(55744K)->55469K(55744K) NonClass: 49867K(50048K)->49867K(50048K) Class: 5601K(5696K)->5601K(5696K)
[48.059s][info][gc          ] GC(137) Pause Young (Mixed) (G1 Evacuation Pause) 486M->266M(517M) 6.408ms
[48.059s][info][gc,cpu      ] GC(137) User=0.01s Sys=0.00s Real=0.00s
[48.481s][info][gc,start    ] GC(138) Pause Young (Concurrent Start) (G1 Evacuation Pause)
[48.481s][info][gc,task     ] GC(138) Using 2 workers of 2 for evacuation
[48.485s][info][gc,phases   ] GC(138)   Pre Evacuate Collection Set: 0.27ms
[48.485s][info][gc,phases   ] GC(138)   Merge Heap Roots: 0.08ms
[48.485s][info][gc,phases   ] GC(138)   Evacuate Collection Set: 2.59ms
[48.485s][info][gc,phases   ] GC(138)   Post Evacuate Collection Set: 0.49ms
[48.485s][info][gc,phases   ] GC(138)   Other: 0.09ms
[48.485s][info][gc,heap     ] GC(138) Eden regions: 220->0(224)
[48.485s][info][gc,heap     ] GC(138) Survivor regions: 3->1(28)
[48.485s][info][gc,heap     ] GC(138) Old regions: 57->57
[48.485s][info][gc,heap     ] GC(138) Humongous regions: 207->207
[48.485s][info][gc,metaspace] GC(138) Metaspace: 55469K(55744K)->55469K(55744K) NonClass: 49867K(50048K)->49867K(50048K) Class: 5601K(5696K)->5601K(5696K)
[48.485s][info][gc          ] GC(138) Pause Young (Concurrent Start) (G1 Evacuation Pause) 486M->264M(517M) 3.712ms
[48.485s][info][gc          ] GC(139) Concurrent Mark Cycle
[48.485s][info][gc,marking  ] GC(139) Concurrent Scan Root Regions
[48.486s][info][gc,cpu      ] GC(138) User=0.01s Sys=0.00s Real=0.01s
[48.487s][info][gc,marking  ] GC(139) Concurrent Scan Root Regions 2.265ms
[48.487s][info][gc,marking  ] GC(139) Concurrent Mark
[48.487s][info][gc,marking  ] GC(139) Concurrent Mark From Roots
[48.487s][info][gc,task     ] GC(139) Using 1 workers of 1 for marking
[48.526s][info][gc,marking  ] GC(139) Concurrent Mark From Roots 39.168ms
[48.526s][info][gc,marking  ] GC(139) Concurrent Preclean
[48.527s][info][gc,marking  ] GC(139) Concurrent Preclean 0.062ms
[48.527s][info][gc,start    ] GC(139) Pause Remark
[48.534s][info][gc          ] GC(139) Pause Remark 267M->267M(517M) 6.859ms
[48.534s][info][gc,cpu      ] GC(139) User=0.01s Sys=0.00s Real=0.01s
[48.534s][info][gc,marking  ] GC(139) Concurrent Mark 46.892ms
[48.534s][info][gc,marking  ] GC(139) Concurrent Rebuild Remembered Sets and Scrub Regions
[48.576s][info][gc,marking  ] GC(139) Concurrent Rebuild Remembered Sets and Scrub Regions 42.049ms
[48.591s][info][gc,start    ] GC(139) Pause Cleanup
[48.591s][info][gc          ] GC(139) Pause Cleanup 290M->290M(517M) 0.109ms
[48.591s][info][gc,cpu      ] GC(139) User=0.00s Sys=0.00s Real=0.00s
[48.591s][info][gc,marking  ] GC(139) Concurrent Clear Claimed Marks
[48.591s][info][gc,marking  ] GC(139) Concurrent Clear Claimed Marks 0.093ms
[48.591s][info][gc,marking  ] GC(139) Concurrent Cleanup for Next Mark
[48.597s][info][gc,marking  ] GC(139) Concurrent Cleanup for Next Mark 5.835ms
[48.597s][info][gc          ] GC(139) Concurrent Mark Cycle 112.281ms
[48.954s][info][gc,start    ] GC(140) Pause Young (Prepare Mixed) (G1 Evacuation Pause)
[48.954s][info][gc,task     ] GC(140) Using 2 workers of 2 for evacuation
[48.959s][info][gc,phases   ] GC(140)   Pre Evacuate Collection Set: 0.25ms
[48.959s][info][gc,phases   ] GC(140)   Merge Heap Roots: 0.11ms
[48.959s][info][gc,phases   ] GC(140)   Evacuate Collection Set: 4.71ms
[48.959s][info][gc,phases   ] GC(140)   Post Evacuate Collection Set: 0.54ms
[48.959s][info][gc,phases   ] GC(140)   Other: 0.09ms
[48.959s][info][gc,heap     ] GC(140) Eden regions: 224->0(218)
[48.959s][info][gc,heap     ] GC(140) Survivor regions: 1->4(29)
[48.959s][info][gc,heap     ] GC(140) Old regions: 57->57
[48.959s][info][gc,heap     ] GC(140) Humongous regions: 207->207
[48.959s][info][gc,metaspace] GC(140) Metaspace: 55469K(55744K)->55469K(55744K) NonClass: 49868K(50048K)->49868K(50048K) Class: 5601K(5696K)->5601K(5696K)
[48.959s][info][gc          ] GC(140) Pause Young (Prepare Mixed) (G1 Evacuation Pause) 488M->267M(517M) 5.863ms
[48.959s][info][gc,cpu      ] GC(140) User=0.01s Sys=0.00s Real=0.00s
[49.371s][info][gc,start    ] GC(141) Pause Young (Mixed) (G1 Evacuation Pause)
[49.372s][info][gc,task     ] GC(141) Using 2 workers of 2 for evacuation
[49.379s][info][gc,phases   ] GC(141)   Pre Evacuate Collection Set: 0.32ms
[49.379s][info][gc,phases   ] GC(141)   Merge Heap Roots: 0.11ms
[49.379s][info][gc,phases   ] GC(141)   Evacuate Collection Set: 6.05ms
[49.379s][info][gc,phases   ] GC(141)   Post Evacuate Collection Set: 0.54ms
[49.379s][info][gc,phases   ] GC(141)   Other: 0.07ms
[49.379s][info][gc,heap     ] GC(141) Eden regions: 218->0(222)
[49.379s][info][gc,heap     ] GC(141) Survivor regions: 4->2(28)
[49.379s][info][gc,heap     ] GC(141) Old regions: 57->57
[49.379s][info][gc,heap     ] GC(141) Humongous regions: 207->207
[49.379s][info][gc,metaspace] GC(141) Metaspace: 55469K(55744K)->55469K(55744K) NonClass: 49868K(50048K)->49868K(50048K) Class: 5601K(5696K)->5601K(5696K)
[49.379s][info][gc          ] GC(141) Pause Young (Mixed) (G1 Evacuation Pause) 485M->265M(517M) 7.260ms
[49.379s][info][gc,cpu      ] GC(141) User=0.01s Sys=0.00s Real=0.01s
[49.846s][info][gc,start    ] GC(142) Pause Young (Concurrent Start) (G1 Evacuation Pause)
[49.846s][info][gc,task     ] GC(142) Using 2 workers of 2 for evacuation
[49.855s][info][gc,phases   ] GC(142)   Pre Evacuate Collection Set: 0.31ms
[49.855s][info][gc,phases   ] GC(142)   Merge Heap Roots: 0.09ms
[49.855s][info][gc,phases   ] GC(142)   Evacuate Collection Set: 7.64ms
[49.855s][info][gc,phases   ] GC(142)   Post Evacuate Collection Set: 0.50ms
[49.855s][info][gc,phases   ] GC(142)   Other: 0.08ms
[49.855s][info][gc,heap     ] GC(142) Eden regions: 222->0(222)
[49.855s][info][gc,heap     ] GC(142) Survivor regions: 2->2(28)
[49.855s][info][gc,heap     ] GC(142) Old regions: 57->57
[49.855s][info][gc,heap     ] GC(142) Humongous regions: 207->207
[49.855s][info][gc,metaspace] GC(142) Metaspace: 55472K(55744K)->55472K(55744K) NonClass: 49870K(50048K)->49870K(50048K) Class: 5601K(5696K)->5601K(5696K)
[49.855s][info][gc          ] GC(142) Pause Young (Concurrent Start) (G1 Evacuation Pause) 487M->265M(517M) 8.786ms
[49.855s][info][gc          ] GC(143) Concurrent Mark Cycle
[49.855s][info][gc,marking  ] GC(143) Concurrent Scan Root Regions
[49.856s][info][gc,cpu      ] GC(142) User=0.01s Sys=0.00s Real=0.01s
[49.861s][info][gc,marking  ] GC(143) Concurrent Scan Root Regions 6.074ms
[49.861s][info][gc,marking  ] GC(143) Concurrent Mark
[49.861s][info][gc,marking  ] GC(143) Concurrent Mark From Roots
[49.861s][info][gc,task     ] GC(143) Using 1 workers of 1 for marking
[49.909s][info][gc,marking  ] GC(143) Concurrent Mark From Roots 48.237ms
[49.909s][info][gc,marking  ] GC(143) Concurrent Preclean
[49.909s][info][gc,marking  ] GC(143) Concurrent Preclean 0.074ms
[49.909s][info][gc,start    ] GC(143) Pause Remark
[49.916s][info][gc          ] GC(143) Pause Remark 296M->296M(517M) 6.992ms
[49.916s][info][gc,cpu      ] GC(143) User=0.01s Sys=0.00s Real=0.01s
[49.916s][info][gc,marking  ] GC(143) Concurrent Mark 55.522ms
[49.916s][info][gc,marking  ] GC(143) Concurrent Rebuild Remembered Sets and Scrub Regions
[49.936s][info][gc,marking  ] GC(143) Concurrent Rebuild Remembered Sets and Scrub Regions 19.705ms
[49.936s][info][gc,start    ] GC(143) Pause Cleanup
[49.936s][info][gc          ] GC(143) Pause Cleanup 302M->302M(517M) 0.059ms
[49.936s][info][gc,cpu      ] GC(143) User=0.00s Sys=0.00s Real=0.00s
[49.937s][info][gc,marking  ] GC(143) Concurrent Clear Claimed Marks
[49.937s][info][gc,marking  ] GC(143) Concurrent Clear Claimed Marks 0.085ms
[49.937s][info][gc,marking  ] GC(143) Concurrent Cleanup for Next Mark
[49.941s][info][gc,marking  ] GC(143) Concurrent Cleanup for Next Mark 3.668ms
[49.941s][info][gc          ] GC(143) Concurrent Mark Cycle 85.828ms
[50.275s][info][gc,start    ] GC(144) Pause Young (Prepare Mixed) (G1 Evacuation Pause)
[50.275s][info][gc,task     ] GC(144) Using 2 workers of 2 for evacuation
[50.279s][info][gc,phases   ] GC(144)   Pre Evacuate Collection Set: 0.26ms
[50.279s][info][gc,phases   ] GC(144)   Merge Heap Roots: 0.13ms
[50.279s][info][gc,phases   ] GC(144)   Evacuate Collection Set: 3.00ms
[50.279s][info][gc,phases   ] GC(144)   Post Evacuate Collection Set: 0.51ms
[50.279s][info][gc,phases   ] GC(144)   Other: 0.07ms
[50.279s][info][gc,heap     ] GC(144) Eden regions: 222->0(222)
[50.279s][info][gc,heap     ] GC(144) Survivor regions: 2->2(28)
[50.279s][info][gc,heap     ] GC(144) Old regions: 57->57
[50.279s][info][gc,heap     ] GC(144) Humongous regions: 207->207
[50.279s][info][gc,metaspace] GC(144) Metaspace: 55472K(55744K)->55472K(55744K) NonClass: 49870K(50048K)->49870K(50048K) Class: 5601K(5696K)->5601K(5696K)
[50.279s][info][gc          ] GC(144) Pause Young (Prepare Mixed) (G1 Evacuation Pause) 487M->265M(517M) 4.134ms
[50.279s][info][gc,cpu      ] GC(144) User=0.01s Sys=0.00s Real=0.00s
[50.744s][info][gc,start    ] GC(145) Pause Young (Mixed) (G1 Evacuation Pause)
[50.744s][info][gc,task     ] GC(145) Using 2 workers of 2 for evacuation
[50.750s][info][gc,phases   ] GC(145)   Pre Evacuate Collection Set: 0.25ms
[50.750s][info][gc,phases   ] GC(145)   Merge Heap Roots: 0.11ms
[50.750s][info][gc,phases   ] GC(145)   Evacuate Collection Set: 5.31ms
[50.750s][info][gc,phases   ] GC(145)   Post Evacuate Collection Set: 0.52ms
[50.750s][info][gc,phases   ] GC(145)   Other: 0.07ms
[50.750s][info][gc,heap     ] GC(145) Eden regions: 222->0(220)
[50.750s][info][gc,heap     ] GC(145) Survivor regions: 2->3(28)
[50.750s][info][gc,heap     ] GC(145) Old regions: 57->57
[50.750s][info][gc,heap     ] GC(145) Humongous regions: 207->207
[50.750s][info][gc,metaspace] GC(145) Metaspace: 55472K(55744K)->55472K(55744K) NonClass: 49870K(50048K)->49870K(50048K) Class: 5601K(5696K)->5601K(5696K)
[50.750s][info][gc          ] GC(145) Pause Young (Mixed) (G1 Evacuation Pause) 487M->265M(517M) 6.450ms
[50.750s][info][gc,cpu      ] GC(145) User=0.01s Sys=0.00s Real=0.00s
[51.161s][info][gc,start    ] GC(146) Pause Young (Concurrent Start) (G1 Evacuation Pause)
[51.161s][info][gc,task     ] GC(146) Using 2 workers of 2 for evacuation
[51.167s][info][gc,phases   ] GC(146)   Pre Evacuate Collection Set: 0.29ms
[51.167s][info][gc,phases   ] GC(146)   Merge Heap Roots: 0.11ms
[51.167s][info][gc,phases   ] GC(146)   Evacuate Collection Set: 4.90ms
[51.167s][info][gc,phases   ] GC(146)   Post Evacuate Collection Set: 0.53ms
[51.167s][info][gc,phases   ] GC(146)   Other: 0.11ms
[51.167s][info][gc,heap     ] GC(146) Eden regions: 220->0(220)
[51.167s][info][gc,heap     ] GC(146) Survivor regions: 3->3(28)
[51.167s][info][gc,heap     ] GC(146) Old regions: 57->57
[51.167s][info][gc,heap     ] GC(146) Humongous regions: 207->207
[51.167s][info][gc,metaspace] GC(146) Metaspace: 55472K(55744K)->55472K(55744K) NonClass: 49870K(50048K)->49870K(50048K) Class: 5601K(5696K)->5601K(5696K)
[51.167s][info][gc          ] GC(146) Pause Young (Concurrent Start) (G1 Evacuation Pause) 485M->266M(517M) 6.093ms
[51.167s][info][gc          ] GC(147) Concurrent Mark Cycle
[51.167s][info][gc,marking  ] GC(147) Concurrent Scan Root Regions
[51.169s][info][gc,cpu      ] GC(146) User=0.02s Sys=0.00s Real=0.01s
[51.172s][info][gc,marking  ] GC(147) Concurrent Scan Root Regions 5.078ms
[51.172s][info][gc,marking  ] GC(147) Concurrent Mark
[51.172s][info][gc,marking  ] GC(147) Concurrent Mark From Roots
[51.172s][info][gc,task     ] GC(147) Using 1 workers of 1 for marking
[51.218s][info][gc,marking  ] GC(147) Concurrent Mark From Roots 46.196ms
[51.218s][info][gc,marking  ] GC(147) Concurrent Preclean
[51.218s][info][gc,marking  ] GC(147) Concurrent Preclean 0.069ms
[51.218s][info][gc,start    ] GC(147) Pause Remark
[51.226s][info][gc          ] GC(147) Pause Remark 281M->281M(517M) 7.710ms
[51.226s][info][gc,cpu      ] GC(147) User=0.01s Sys=0.00s Real=0.01s
[51.226s][info][gc,marking  ] GC(147) Concurrent Mark 54.589ms
[51.226s][info][gc,marking  ] GC(147) Concurrent Rebuild Remembered Sets and Scrub Regions
[51.255s][info][gc,marking  ] GC(147) Concurrent Rebuild Remembered Sets and Scrub Regions 28.580ms
[51.255s][info][gc,start    ] GC(147) Pause Cleanup
[51.255s][info][gc          ] GC(147) Pause Cleanup 302M->302M(517M) 0.071ms
[51.255s][info][gc,cpu      ] GC(147) User=0.00s Sys=0.00s Real=0.00s
[51.255s][info][gc,marking  ] GC(147) Concurrent Clear Claimed Marks
[51.255s][info][gc,marking  ] GC(147) Concurrent Clear Claimed Marks 0.089ms
[51.255s][info][gc,marking  ] GC(147) Concurrent Cleanup for Next Mark
[51.257s][info][gc,marking  ] GC(147) Concurrent Cleanup for Next Mark 1.516ms
[51.257s][info][gc          ] GC(147) Concurrent Mark Cycle 90.387ms
[51.638s][info][gc,start    ] GC(148) Pause Young (Prepare Mixed) (G1 Evacuation Pause)
[51.638s][info][gc,task     ] GC(148) Using 2 workers of 2 for evacuation
[51.642s][info][gc,phases   ] GC(148)   Pre Evacuate Collection Set: 0.25ms
[51.642s][info][gc,phases   ] GC(148)   Merge Heap Roots: 0.10ms
[51.642s][info][gc,phases   ] GC(148)   Evacuate Collection Set: 2.84ms
[51.642s][info][gc,phases   ] GC(148)   Post Evacuate Collection Set: 0.52ms
[51.642s][info][gc,phases   ] GC(148)   Other: 0.07ms
[51.642s][info][gc,heap     ] GC(148) Eden regions: 220->0(222)
[51.642s][info][gc,heap     ] GC(148) Survivor regions: 3->2(28)
[51.642s][info][gc,heap     ] GC(148) Old regions: 57->57
[51.642s][info][gc,heap     ] GC(148) Humongous regions: 207->207
[51.642s][info][gc,metaspace] GC(148) Metaspace: 55472K(55744K)->55472K(55744K) NonClass: 49870K(50048K)->49870K(50048K) Class: 5601K(5696K)->5601K(5696K)
[51.642s][info][gc          ] GC(148) Pause Young (Prepare Mixed) (G1 Evacuation Pause) 486M->265M(517M) 3.952ms
[51.642s][info][gc,cpu      ] GC(148) User=0.01s Sys=0.00s Real=0.00s
[52.060s][info][gc,start    ] GC(149) Pause Young (Mixed) (G1 Evacuation Pause)
[52.060s][info][gc,task     ] GC(149) Using 2 workers of 2 for evacuation
[52.067s][info][gc,phases   ] GC(149)   Pre Evacuate Collection Set: 0.27ms
[52.067s][info][gc,phases   ] GC(149)   Merge Heap Roots: 0.08ms
[52.067s][info][gc,phases   ] GC(149)   Evacuate Collection Set: 5.98ms
[52.067s][info][gc,phases   ] GC(149)   Post Evacuate Collection Set: 0.53ms
[52.067s][info][gc,phases   ] GC(149)   Other: 0.07ms
[52.067s][info][gc,heap     ] GC(149) Eden regions: 222->0(220)
[52.067s][info][gc,heap     ] GC(149) Survivor regions: 2->3(28)
[52.067s][info][gc,heap     ] GC(149) Old regions: 57->57
[52.067s][info][gc,heap     ] GC(149) Humongous regions: 207->207
[52.067s][info][gc,metaspace] GC(149) Metaspace: 55472K(55744K)->55472K(55744K) NonClass: 49870K(50048K)->49870K(50048K) Class: 5601K(5696K)->5601K(5696K)
[52.067s][info][gc          ] GC(149) Pause Young (Mixed) (G1 Evacuation Pause) 487M->266M(517M) 7.118ms
[52.067s][info][gc,cpu      ] GC(149) User=0.01s Sys=0.00s Real=0.01s
[52.590s][info][gc,start    ] GC(150) Pause Young (Concurrent Start) (G1 Evacuation Pause)
[52.590s][info][gc,task     ] GC(150) Using 2 workers of 2 for evacuation
[52.594s][info][gc,phases   ] GC(150)   Pre Evacuate Collection Set: 0.29ms
[52.594s][info][gc,phases   ] GC(150)   Merge Heap Roots: 0.10ms
[52.594s][info][gc,phases   ] GC(150)   Evacuate Collection Set: 2.74ms
[52.594s][info][gc,phases   ] GC(150)   Post Evacuate Collection Set: 0.49ms
[52.594s][info][gc,phases   ] GC(150)   Other: 0.10ms
[52.594s][info][gc,heap     ] GC(150) Eden regions: 220->0(222)
[52.594s][info][gc,heap     ] GC(150) Survivor regions: 3->2(28)
[52.594s][info][gc,heap     ] GC(150) Old regions: 57->57
[52.594s][info][gc,heap     ] GC(150) Humongous regions: 207->207
[52.594s][info][gc,metaspace] GC(150) Metaspace: 55477K(55808K)->55477K(55808K) NonClass: 49876K(50112K)->49876K(50112K) Class: 5601K(5696K)->5601K(5696K)
[52.594s][info][gc          ] GC(150) Pause Young (Concurrent Start) (G1 Evacuation Pause) 486M->264M(517M) 3.907ms
[52.594s][info][gc,cpu      ] GC(150) User=0.00s Sys=0.01s Real=0.01s
[52.594s][info][gc          ] GC(151) Concurrent Mark Cycle
[52.595s][info][gc,marking  ] GC(151) Concurrent Scan Root Regions
[52.597s][info][gc,marking  ] GC(151) Concurrent Scan Root Regions 2.638ms
[52.597s][info][gc,marking  ] GC(151) Concurrent Mark
[52.597s][info][gc,marking  ] GC(151) Concurrent Mark From Roots
[52.597s][info][gc,task     ] GC(151) Using 1 workers of 1 for marking
[52.665s][info][gc,marking  ] GC(151) Concurrent Mark From Roots 67.312ms
[52.665s][info][gc,marking  ] GC(151) Concurrent Preclean
[52.665s][info][gc,marking  ] GC(151) Concurrent Preclean 0.081ms
[52.665s][info][gc,start    ] GC(151) Pause Remark
[52.672s][info][gc          ] GC(151) Pause Remark 315M->315M(517M) 7.054ms
[52.672s][info][gc,cpu      ] GC(151) User=0.01s Sys=0.00s Real=0.01s
[52.672s][info][gc,marking  ] GC(151) Concurrent Mark 74.961ms
[52.672s][info][gc,marking  ] GC(151) Concurrent Rebuild Remembered Sets and Scrub Regions
[52.703s][info][gc,marking  ] GC(151) Concurrent Rebuild Remembered Sets and Scrub Regions 30.852ms
[52.703s][info][gc,start    ] GC(151) Pause Cleanup
[52.703s][info][gc          ] GC(151) Pause Cleanup 341M->341M(517M) 0.066ms
[52.703s][info][gc,cpu      ] GC(151) User=0.00s Sys=0.00s Real=0.00s
[52.704s][info][gc,marking  ] GC(151) Concurrent Clear Claimed Marks
[52.704s][info][gc,marking  ] GC(151) Concurrent Clear Claimed Marks 0.324ms
[52.704s][info][gc,marking  ] GC(151) Concurrent Cleanup for Next Mark
[52.706s][info][gc,marking  ] GC(151) Concurrent Cleanup for Next Mark 1.533ms
[52.706s][info][gc          ] GC(151) Concurrent Mark Cycle 112.159ms
[52.957s][info][gc,start    ] GC(152) Pause Young (Prepare Mixed) (G1 Evacuation Pause)
[52.957s][info][gc,task     ] GC(152) Using 2 workers of 2 for evacuation
[52.963s][info][gc,phases   ] GC(152)   Pre Evacuate Collection Set: 0.25ms
[52.963s][info][gc,phases   ] GC(152)   Merge Heap Roots: 0.10ms
[52.963s][info][gc,phases   ] GC(152)   Evacuate Collection Set: 4.90ms
[52.963s][info][gc,phases   ] GC(152)   Post Evacuate Collection Set: 0.50ms
[52.963s][info][gc,phases   ] GC(152)   Other: 0.07ms
[52.963s][info][gc,heap     ] GC(152) Eden regions: 222->0(218)
[52.963s][info][gc,heap     ] GC(152) Survivor regions: 2->4(28)
[52.963s][info][gc,heap     ] GC(152) Old regions: 57->57
[52.963s][info][gc,heap     ] GC(152) Humongous regions: 207->207
[52.963s][info][gc,metaspace] GC(152) Metaspace: 55477K(55808K)->55477K(55808K) NonClass: 49876K(50112K)->49876K(50112K) Class: 5601K(5696K)->5601K(5696K)
[52.963s][info][gc          ] GC(152) Pause Young (Prepare Mixed) (G1 Evacuation Pause) 486M->267M(517M) 5.987ms
[52.963s][info][gc,cpu      ] GC(152) User=0.01s Sys=0.00s Real=0.01s
[53.433s][info][gc,start    ] GC(153) Pause Young (Mixed) (G1 Evacuation Pause)
[53.433s][info][gc,task     ] GC(153) Using 2 workers of 2 for evacuation
[53.438s][info][gc,phases   ] GC(153)   Pre Evacuate Collection Set: 0.25ms
[53.438s][info][gc,phases   ] GC(153)   Merge Heap Roots: 0.10ms
[53.438s][info][gc,phases   ] GC(153)   Evacuate Collection Set: 3.56ms
[53.438s][info][gc,phases   ] GC(153)   Post Evacuate Collection Set: 0.65ms
[53.438s][info][gc,phases   ] GC(153)   Other: 0.08ms
[53.438s][info][gc,heap     ] GC(153) Eden regions: 218->0(224)
[53.438s][info][gc,heap     ] GC(153) Survivor regions: 4->1(28)
[53.438s][info][gc,heap     ] GC(153) Old regions: 57->57
[53.438s][info][gc,heap     ] GC(153) Humongous regions: 207->207
[53.438s][info][gc,metaspace] GC(153) Metaspace: 55477K(55808K)->55477K(55808K) NonClass: 49876K(50112K)->49876K(50112K) Class: 5601K(5696K)->5601K(5696K)
[53.438s][info][gc          ] GC(153) Pause Young (Mixed) (G1 Evacuation Pause) 485M->264M(517M) 4.811ms
[53.438s][info][gc,cpu      ] GC(153) User=0.01s Sys=0.00s Real=0.00s
[53.863s][info][gc,start    ] GC(154) Pause Young (Concurrent Start) (G1 Evacuation Pause)
[53.863s][info][gc,task     ] GC(154) Using 2 workers of 2 for evacuation
[53.868s][info][gc,phases   ] GC(154)   Pre Evacuate Collection Set: 0.29ms
[53.868s][info][gc,phases   ] GC(154)   Merge Heap Roots: 0.09ms
[53.868s][info][gc,phases   ] GC(154)   Evacuate Collection Set: 4.06ms
[53.868s][info][gc,phases   ] GC(154)   Post Evacuate Collection Set: 0.50ms
[53.868s][info][gc,phases   ] GC(154)   Other: 0.12ms
[53.868s][info][gc,heap     ] GC(154) Eden regions: 224->0(220)
[53.868s][info][gc,heap     ] GC(154) Survivor regions: 1->3(29)
[53.868s][info][gc,heap     ] GC(154) Old regions: 57->57
[53.868s][info][gc,heap     ] GC(154) Humongous regions: 207->207
[53.868s][info][gc,metaspace] GC(154) Metaspace: 55477K(55808K)->55477K(55808K) NonClass: 49876K(50112K)->49876K(50112K) Class: 5601K(5696K)->5601K(5696K)
[53.868s][info][gc          ] GC(154) Pause Young (Concurrent Start) (G1 Evacuation Pause) 488M->266M(517M) 5.224ms
[53.868s][info][gc          ] GC(155) Concurrent Mark Cycle
[53.868s][info][gc,marking  ] GC(155) Concurrent Scan Root Regions
[53.869s][info][gc,cpu      ] GC(154) User=0.01s Sys=0.00s Real=0.00s
[53.875s][info][gc,marking  ] GC(155) Concurrent Scan Root Regions 6.585ms
[53.875s][info][gc,marking  ] GC(155) Concurrent Mark
[53.875s][info][gc,marking  ] GC(155) Concurrent Mark From Roots
[53.875s][info][gc,task     ] GC(155) Using 1 workers of 1 for marking
[53.944s][info][gc,marking  ] GC(155) Concurrent Mark From Roots 69.741ms
[53.944s][info][gc,marking  ] GC(155) Concurrent Preclean
[53.945s][info][gc,marking  ] GC(155) Concurrent Preclean 0.076ms
[53.945s][info][gc,start    ] GC(155) Pause Remark
[53.952s][info][gc          ] GC(155) Pause Remark 302M->302M(517M) 7.113ms
[53.952s][info][gc,cpu      ] GC(155) User=0.01s Sys=0.00s Real=0.01s
[53.953s][info][gc,marking  ] GC(155) Concurrent Mark 78.496ms
[53.953s][info][gc,marking  ] GC(155) Concurrent Rebuild Remembered Sets and Scrub Regions
[53.973s][info][gc,marking  ] GC(155) Concurrent Rebuild Remembered Sets and Scrub Regions 20.105ms
[53.973s][info][gc,start    ] GC(155) Pause Cleanup
[53.974s][info][gc          ] GC(155) Pause Cleanup 319M->319M(517M) 0.073ms
[53.974s][info][gc,cpu      ] GC(155) User=0.00s Sys=0.00s Real=0.00s
[53.974s][info][gc,marking  ] GC(155) Concurrent Clear Claimed Marks
[53.974s][info][gc,marking  ] GC(155) Concurrent Clear Claimed Marks 0.086ms
[53.974s][info][gc,marking  ] GC(155) Concurrent Cleanup for Next Mark
[53.975s][info][gc,marking  ] GC(155) Concurrent Cleanup for Next Mark 1.516ms
[53.975s][info][gc          ] GC(155) Concurrent Mark Cycle 107.179ms
[54.283s][info][gc,start    ] GC(156) Pause Young (Normal) (G1 Evacuation Pause)
[54.283s][info][gc,task     ] GC(156) Using 2 workers of 2 for evacuation
[54.286s][info][gc,phases   ] GC(156)   Pre Evacuate Collection Set: 0.28ms
[54.286s][info][gc,phases   ] GC(156)   Merge Heap Roots: 0.11ms
[54.286s][info][gc,phases   ] GC(156)   Evacuate Collection Set: 2.45ms
[54.286s][info][gc,phases   ] GC(156)   Post Evacuate Collection Set: 0.51ms
[54.286s][info][gc,phases   ] GC(156)   Other: 0.07ms
[54.286s][info][gc,heap     ] GC(156) Eden regions: 220->0(224)
[54.286s][info][gc,heap     ] GC(156) Survivor regions: 3->1(28)
[54.286s][info][gc,heap     ] GC(156) Old regions: 57->57
[54.287s][info][gc,heap     ] GC(156) Humongous regions: 207->207
[54.287s][info][gc,metaspace] GC(156) Metaspace: 55477K(55808K)->55477K(55808K) NonClass: 49876K(50112K)->49876K(50112K) Class: 5601K(5696K)->5601K(5696K)
[54.287s][info][gc          ] GC(156) Pause Young (Normal) (G1 Evacuation Pause) 485M->264M(517M) 3.576ms
[54.287s][info][gc,cpu      ] GC(156) User=0.01s Sys=0.01s Real=0.00s
[54.750s][info][gc,start    ] GC(157) Pause Young (Concurrent Start) (G1 Evacuation Pause)
[54.750s][info][gc,task     ] GC(157) Using 2 workers of 2 for evacuation
[54.756s][info][gc,phases   ] GC(157)   Pre Evacuate Collection Set: 0.29ms
[54.756s][info][gc,phases   ] GC(157)   Merge Heap Roots: 0.09ms
[54.756s][info][gc,phases   ] GC(157)   Evacuate Collection Set: 4.38ms
[54.756s][info][gc,phases   ] GC(157)   Post Evacuate Collection Set: 0.50ms
[54.756s][info][gc,phases   ] GC(157)   Other: 0.09ms
[54.756s][info][gc,heap     ] GC(157) Eden regions: 224->0(220)
[54.756s][info][gc,heap     ] GC(157) Survivor regions: 1->3(29)
[54.756s][info][gc,heap     ] GC(157) Old regions: 57->57
[54.756s][info][gc,heap     ] GC(157) Humongous regions: 207->207
[54.756s][info][gc,metaspace] GC(157) Metaspace: 55477K(55808K)->55477K(55808K) NonClass: 49876K(50112K)->49876K(50112K) Class: 5601K(5696K)->5601K(5696K)
[54.756s][info][gc          ] GC(157) Pause Young (Concurrent Start) (G1 Evacuation Pause) 488M->266M(517M) 5.533ms
[54.756s][info][gc          ] GC(158) Concurrent Mark Cycle
[54.756s][info][gc,marking  ] GC(158) Concurrent Scan Root Regions
[54.756s][info][gc,cpu      ] GC(157) User=0.01s Sys=0.00s Real=0.01s
[54.764s][info][gc,marking  ] GC(158) Concurrent Scan Root Regions 7.882ms
[54.764s][info][gc,marking  ] GC(158) Concurrent Mark
[54.764s][info][gc,marking  ] GC(158) Concurrent Mark From Roots
[54.764s][info][gc,task     ] GC(158) Using 1 workers of 1 for marking
[54.848s][info][gc,marking  ] GC(158) Concurrent Mark From Roots 84.073ms
[54.848s][info][gc,marking  ] GC(158) Concurrent Preclean
[54.848s][info][gc,marking  ] GC(158) Concurrent Preclean 0.086ms
[54.850s][info][gc,start    ] GC(158) Pause Remark
[54.868s][info][gc          ] GC(158) Pause Remark 289M->289M(517M) 18.374ms
[54.868s][info][gc,cpu      ] GC(158) User=0.02s Sys=0.00s Real=0.02s
[54.876s][info][gc,marking  ] GC(158) Concurrent Mark 112.479ms
[54.876s][info][gc,marking  ] GC(158) Concurrent Rebuild Remembered Sets and Scrub Regions
[54.913s][info][gc,marking  ] GC(158) Concurrent Rebuild Remembered Sets and Scrub Regions 36.570ms
[54.913s][info][gc,start    ] GC(158) Pause Cleanup
[54.913s][info][gc          ] GC(158) Pause Cleanup 303M->303M(517M) 0.066ms
[54.913s][info][gc,cpu      ] GC(158) User=0.00s Sys=0.00s Real=0.00s
[54.913s][info][gc,marking  ] GC(158) Concurrent Clear Claimed Marks
[54.913s][info][gc,marking  ] GC(158) Concurrent Clear Claimed Marks 0.089ms
[54.913s][info][gc,marking  ] GC(158) Concurrent Cleanup for Next Mark
[54.916s][info][gc,marking  ] GC(158) Concurrent Cleanup for Next Mark 2.914ms
[54.916s][info][gc          ] GC(158) Concurrent Mark Cycle 160.407ms
[55.175s][info][gc,start    ] GC(159) Pause Young (Normal) (G1 Evacuation Pause)
[55.175s][info][gc,task     ] GC(159) Using 2 workers of 2 for evacuation
[55.180s][info][gc,phases   ] GC(159)   Pre Evacuate Collection Set: 0.35ms
[55.180s][info][gc,phases   ] GC(159)   Merge Heap Roots: 0.12ms
[55.180s][info][gc,phases   ] GC(159)   Evacuate Collection Set: 3.50ms
[55.180s][info][gc,phases   ] GC(159)   Post Evacuate Collection Set: 0.55ms
[55.180s][info][gc,phases   ] GC(159)   Other: 0.08ms
[55.180s][info][gc,heap     ] GC(159) Eden regions: 220->0(222)
[55.180s][info][gc,heap     ] GC(159) Survivor regions: 3->2(28)
[55.180s][info][gc,heap     ] GC(159) Old regions: 57->57
[55.180s][info][gc,heap     ] GC(159) Humongous regions: 207->207
[55.180s][info][gc,metaspace] GC(159) Metaspace: 55477K(55808K)->55477K(55808K) NonClass: 49876K(50112K)->49876K(50112K) Class: 5601K(5696K)->5601K(5696K)
[55.180s][info][gc          ] GC(159) Pause Young (Normal) (G1 Evacuation Pause) 486M->265M(517M) 4.748ms
[55.180s][info][gc,cpu      ] GC(159) User=0.01s Sys=0.00s Real=0.00s
[55.646s][info][gc,start    ] GC(160) Pause Young (Concurrent Start) (G1 Evacuation Pause)
[55.646s][info][gc,task     ] GC(160) Using 2 workers of 2 for evacuation
[55.651s][info][gc,phases   ] GC(160)   Pre Evacuate Collection Set: 0.27ms
[55.651s][info][gc,phases   ] GC(160)   Merge Heap Roots: 0.09ms
[55.651s][info][gc,phases   ] GC(160)   Evacuate Collection Set: 3.55ms
[55.651s][info][gc,phases   ] GC(160)   Post Evacuate Collection Set: 0.49ms
[55.651s][info][gc,phases   ] GC(160)   Other: 0.09ms
[55.651s][info][gc,heap     ] GC(160) Eden regions: 222->0(220)
[55.651s][info][gc,heap     ] GC(160) Survivor regions: 2->3(28)
[55.651s][info][gc,heap     ] GC(160) Old regions: 57->57
[55.651s][info][gc,heap     ] GC(160) Humongous regions: 207->207
[55.651s][info][gc,metaspace] GC(160) Metaspace: 55477K(55808K)->55477K(55808K) NonClass: 49876K(50112K)->49876K(50112K) Class: 5601K(5696K)->5601K(5696K)
[55.651s][info][gc          ] GC(160) Pause Young (Concurrent Start) (G1 Evacuation Pause) 487M->266M(517M) 4.673ms
[55.651s][info][gc,cpu      ] GC(160) User=0.01s Sys=0.00s Real=0.00s
[55.651s][info][gc          ] GC(161) Concurrent Mark Cycle
[55.654s][info][gc,marking  ] GC(161) Concurrent Scan Root Regions
[55.658s][info][gc,marking  ] GC(161) Concurrent Scan Root Regions 4.303ms
[55.658s][info][gc,marking  ] GC(161) Concurrent Mark
[55.658s][info][gc,marking  ] GC(161) Concurrent Mark From Roots
[55.658s][info][gc,task     ] GC(161) Using 1 workers of 1 for marking
[55.772s][info][gc,marking  ] GC(161) Concurrent Mark From Roots 113.434ms
[55.772s][info][gc,marking  ] GC(161) Concurrent Preclean
[55.772s][info][gc,marking  ] GC(161) Concurrent Preclean 0.088ms
[55.772s][info][gc,start    ] GC(161) Pause Remark
[55.801s][info][gc          ] GC(161) Pause Remark 292M->292M(517M) 29.379ms
[55.801s][info][gc,cpu      ] GC(161) User=0.01s Sys=0.00s Real=0.02s
[55.802s][info][gc,marking  ] GC(161) Concurrent Mark 144.026ms
[55.802s][info][gc,marking  ] GC(161) Concurrent Rebuild Remembered Sets and Scrub Regions
[55.827s][info][gc,marking  ] GC(161) Concurrent Rebuild Remembered Sets and Scrub Regions 24.463ms
[55.827s][info][gc,start    ] GC(161) Pause Cleanup
[55.827s][info][gc          ] GC(161) Pause Cleanup 301M->301M(517M) 0.058ms
[55.827s][info][gc,cpu      ] GC(161) User=0.00s Sys=0.00s Real=0.00s
[55.827s][info][gc,marking  ] GC(161) Concurrent Clear Claimed Marks
[55.827s][info][gc,marking  ] GC(161) Concurrent Clear Claimed Marks 0.085ms
[55.827s][info][gc,marking  ] GC(161) Concurrent Cleanup for Next Mark
[55.831s][info][gc,marking  ] GC(161) Concurrent Cleanup for Next Mark 4.008ms
[55.832s][info][gc          ] GC(161) Concurrent Mark Cycle 180.571ms
[56.066s][info][gc,start    ] GC(162) Pause Young (Normal) (G1 Evacuation Pause)
[56.066s][info][gc,task     ] GC(162) Using 2 workers of 2 for evacuation
[56.074s][info][gc,phases   ] GC(162)   Pre Evacuate Collection Set: 0.33ms
[56.074s][info][gc,phases   ] GC(162)   Merge Heap Roots: 0.12ms
[56.074s][info][gc,phases   ] GC(162)   Evacuate Collection Set: 7.08ms
[56.074s][info][gc,phases   ] GC(162)   Post Evacuate Collection Set: 0.54ms
[56.074s][info][gc,phases   ] GC(162)   Other: 0.10ms
[56.074s][info][gc,heap     ] GC(162) Eden regions: 220->0(218)
[56.074s][info][gc,heap     ] GC(162) Survivor regions: 3->4(28)
[56.074s][info][gc,heap     ] GC(162) Old regions: 57->57
[56.074s][info][gc,heap     ] GC(162) Humongous regions: 207->207
[56.074s][info][gc,metaspace] GC(162) Metaspace: 55477K(55808K)->55477K(55808K) NonClass: 49876K(50112K)->49876K(50112K) Class: 5601K(5696K)->5601K(5696K)
[56.074s][info][gc          ] GC(162) Pause Young (Normal) (G1 Evacuation Pause) 486M->267M(517M) 8.329ms
[56.074s][info][gc,cpu      ] GC(162) User=0.02s Sys=0.00s Real=0.01s
[56.540s][info][gc,start    ] GC(163) Pause Young (Concurrent Start) (G1 Evacuation Pause)
[56.540s][info][gc,task     ] GC(163) Using 2 workers of 2 for evacuation
[56.544s][info][gc,phases   ] GC(163)   Pre Evacuate Collection Set: 0.27ms
[56.544s][info][gc,phases   ] GC(163)   Merge Heap Roots: 0.10ms
[56.544s][info][gc,phases   ] GC(163)   Evacuate Collection Set: 3.03ms
[56.544s][info][gc,phases   ] GC(163)   Post Evacuate Collection Set: 0.50ms
[56.544s][info][gc,phases   ] GC(163)   Other: 0.09ms
[56.544s][info][gc,heap     ] GC(163) Eden regions: 218->0(222)
[56.544s][info][gc,heap     ] GC(163) Survivor regions: 4->2(28)
[56.544s][info][gc,heap     ] GC(163) Old regions: 57->57
[56.544s][info][gc,heap     ] GC(163) Humongous regions: 207->207
[56.544s][info][gc,metaspace] GC(163) Metaspace: 55477K(55808K)->55477K(55808K) NonClass: 49876K(50112K)->49876K(50112K) Class: 5601K(5696K)->5601K(5696K)
[56.544s][info][gc          ] GC(163) Pause Young (Concurrent Start) (G1 Evacuation Pause) 485M->265M(517M) 4.166ms
[56.544s][info][gc,cpu      ] GC(163) User=0.01s Sys=0.00s Real=0.01s
[56.544s][info][gc          ] GC(164) Concurrent Mark Cycle
[56.544s][info][gc,marking  ] GC(164) Concurrent Scan Root Regions
[56.550s][info][gc,marking  ] GC(164) Concurrent Scan Root Regions 6.345ms
[56.550s][info][gc,marking  ] GC(164) Concurrent Mark
[56.550s][info][gc,marking  ] GC(164) Concurrent Mark From Roots
[56.550s][info][gc,task     ] GC(164) Using 1 workers of 1 for marking
[56.609s][info][gc,marking  ] GC(164) Concurrent Mark From Roots 59.323ms
[56.609s][info][gc,marking  ] GC(164) Concurrent Preclean
[56.610s][info][gc,marking  ] GC(164) Concurrent Preclean 0.082ms
[56.610s][info][gc,start    ] GC(164) Pause Remark
[56.617s][info][gc          ] GC(164) Pause Remark 307M->307M(517M) 7.079ms
[56.617s][info][gc,cpu      ] GC(164) User=0.01s Sys=0.00s Real=0.01s
[56.618s][info][gc,marking  ] GC(164) Concurrent Mark 67.810ms
[56.618s][info][gc,marking  ] GC(164) Concurrent Rebuild Remembered Sets and Scrub Regions
[56.637s][info][gc,marking  ] GC(164) Concurrent Rebuild Remembered Sets and Scrub Regions 18.996ms
[56.637s][info][gc,start    ] GC(164) Pause Cleanup
[56.637s][info][gc          ] GC(164) Pause Cleanup 314M->314M(517M) 0.051ms
[56.637s][info][gc,cpu      ] GC(164) User=0.00s Sys=0.00s Real=0.00s
[56.637s][info][gc,marking  ] GC(164) Concurrent Clear Claimed Marks
[56.638s][info][gc,marking  ] GC(164) Concurrent Clear Claimed Marks 0.085ms
[56.638s][info][gc,marking  ] GC(164) Concurrent Cleanup for Next Mark
[56.641s][info][gc,marking  ] GC(164) Concurrent Cleanup for Next Mark 3.878ms
[56.642s][info][gc          ] GC(164) Concurrent Mark Cycle 97.791ms
[56.989s][info][gc,start    ] GC(165) Pause Young (Normal) (G1 Evacuation Pause)
[56.989s][info][gc,task     ] GC(165) Using 2 workers of 2 for evacuation
[56.995s][info][gc,phases   ] GC(165)   Pre Evacuate Collection Set: 0.32ms
[56.995s][info][gc,phases   ] GC(165)   Merge Heap Roots: 0.12ms
[56.995s][info][gc,phases   ] GC(165)   Evacuate Collection Set: 5.35ms
[56.995s][info][gc,phases   ] GC(165)   Post Evacuate Collection Set: 0.50ms
[56.995s][info][gc,phases   ] GC(165)   Other: 0.07ms
[56.995s][info][gc,heap     ] GC(165) Eden regions: 222->0(218)
[56.995s][info][gc,heap     ] GC(165) Survivor regions: 2->4(28)
[56.995s][info][gc,heap     ] GC(165) Old regions: 57->57
[56.995s][info][gc,heap     ] GC(165) Humongous regions: 207->207
[56.995s][info][gc,metaspace] GC(165) Metaspace: 55477K(55808K)->55477K(55808K) NonClass: 49876K(50112K)->49876K(50112K) Class: 5601K(5696K)->5601K(5696K)
[56.996s][info][gc          ] GC(165) Pause Young (Normal) (G1 Evacuation Pause) 487M->267M(517M) 6.532ms
[56.996s][info][gc,cpu      ] GC(165) User=0.02s Sys=0.00s Real=0.01s
[57.436s][info][gc,start    ] GC(166) Pause Young (Concurrent Start) (G1 Evacuation Pause)
[57.436s][info][gc,task     ] GC(166) Using 2 workers of 2 for evacuation
[57.440s][info][gc,phases   ] GC(166)   Pre Evacuate Collection Set: 0.27ms
[57.440s][info][gc,phases   ] GC(166)   Merge Heap Roots: 0.10ms
[57.440s][info][gc,phases   ] GC(166)   Evacuate Collection Set: 2.64ms
[57.440s][info][gc,phases   ] GC(166)   Post Evacuate Collection Set: 0.53ms
[57.440s][info][gc,phases   ] GC(166)   Other: 0.09ms
[57.440s][info][gc,heap     ] GC(166) Eden regions: 218->0(222)
[57.440s][info][gc,heap     ] GC(166) Survivor regions: 4->2(28)
[57.440s][info][gc,heap     ] GC(166) Old regions: 57->57
[57.440s][info][gc,heap     ] GC(166) Humongous regions: 207->207
[57.440s][info][gc,metaspace] GC(166) Metaspace: 55478K(55808K)->55478K(55808K) NonClass: 49877K(50112K)->49877K(50112K) Class: 5601K(5696K)->5601K(5696K)
[57.440s][info][gc          ] GC(166) Pause Young (Concurrent Start) (G1 Evacuation Pause) 485M->265M(517M) 3.784ms
[57.440s][info][gc          ] GC(167) Concurrent Mark Cycle
[57.440s][info][gc,marking  ] GC(167) Concurrent Scan Root Regions
[57.442s][info][gc,marking  ] GC(167) Concurrent Scan Root Regions 1.786ms
[57.442s][info][gc,marking  ] GC(167) Concurrent Mark
[57.442s][info][gc,marking  ] GC(167) Concurrent Mark From Roots
[57.442s][info][gc,task     ] GC(167) Using 1 workers of 1 for marking
[57.442s][info][gc,cpu      ] GC(166) User=0.01s Sys=0.00s Real=0.00s
[57.483s][info][gc,marking  ] GC(167) Concurrent Mark From Roots 41.768ms
[57.484s][info][gc,marking  ] GC(167) Concurrent Preclean
[57.484s][info][gc,marking  ] GC(167) Concurrent Preclean 0.079ms
[57.484s][info][gc,start    ] GC(167) Pause Remark
[57.491s][info][gc          ] GC(167) Pause Remark 296M->296M(517M) 7.047ms
[57.491s][info][gc,cpu      ] GC(167) User=0.01s Sys=0.00s Real=0.00s
[57.491s][info][gc,marking  ] GC(167) Concurrent Mark 49.430ms
[57.491s][info][gc,marking  ] GC(167) Concurrent Rebuild Remembered Sets and Scrub Regions
[57.514s][info][gc,marking  ] GC(167) Concurrent Rebuild Remembered Sets and Scrub Regions 22.831ms
[57.514s][info][gc,start    ] GC(167) Pause Cleanup
[57.514s][info][gc          ] GC(167) Pause Cleanup 306M->306M(517M) 0.070ms
[57.514s][info][gc,cpu      ] GC(167) User=0.00s Sys=0.00s Real=0.00s
[57.514s][info][gc,marking  ] GC(167) Concurrent Clear Claimed Marks
[57.514s][info][gc,marking  ] GC(167) Concurrent Clear Claimed Marks 0.082ms
[57.514s][info][gc,marking  ] GC(167) Concurrent Cleanup for Next Mark
[57.516s][info][gc,marking  ] GC(167) Concurrent Cleanup for Next Mark 1.526ms
[57.516s][info][gc          ] GC(167) Concurrent Mark Cycle 76.036ms
[57.859s][info][gc,start    ] GC(168) Pause Young (Normal) (G1 Evacuation Pause)
[57.859s][info][gc,task     ] GC(168) Using 2 workers of 2 for evacuation
[57.865s][info][gc,phases   ] GC(168)   Pre Evacuate Collection Set: 0.25ms
[57.865s][info][gc,phases   ] GC(168)   Merge Heap Roots: 0.10ms
[57.865s][info][gc,phases   ] GC(168)   Evacuate Collection Set: 4.90ms
[57.865s][info][gc,phases   ] GC(168)   Post Evacuate Collection Set: 0.50ms
[57.865s][info][gc,phases   ] GC(168)   Other: 0.09ms
[57.865s][info][gc,heap     ] GC(168) Eden regions: 222->0(219)
[57.865s][info][gc,heap     ] GC(168) Survivor regions: 2->3(28)
[57.865s][info][gc,heap     ] GC(168) Old regions: 57->58
[57.865s][info][gc,heap     ] GC(168) Humongous regions: 207->207
[57.865s][info][gc,metaspace] GC(168) Metaspace: 55478K(55808K)->55478K(55808K) NonClass: 49877K(50112K)->49877K(50112K) Class: 5601K(5696K)->5601K(5696K)
[57.865s][info][gc          ] GC(168) Pause Young (Normal) (G1 Evacuation Pause) 487M->266M(517M) 6.020ms
[57.865s][info][gc,cpu      ] GC(168) User=0.01s Sys=0.00s Real=0.01s
[58.335s][info][gc,start    ] GC(169) Pause Young (Concurrent Start) (G1 Evacuation Pause)
[58.335s][info][gc,task     ] GC(169) Using 2 workers of 2 for evacuation
[58.339s][info][gc,phases   ] GC(169)   Pre Evacuate Collection Set: 0.28ms
[58.339s][info][gc,phases   ] GC(169)   Merge Heap Roots: 0.09ms
[58.339s][info][gc,phases   ] GC(169)   Evacuate Collection Set: 2.52ms
[58.339s][info][gc,phases   ] GC(169)   Post Evacuate Collection Set: 0.49ms
[58.339s][info][gc,phases   ] GC(169)   Other: 0.11ms
[58.339s][info][gc,heap     ] GC(169) Eden regions: 219->0(223)
[58.339s][info][gc,heap     ] GC(169) Survivor regions: 3->1(28)
[58.339s][info][gc,heap     ] GC(169) Old regions: 58->58
[58.339s][info][gc,heap     ] GC(169) Humongous regions: 207->207
[58.339s][info][gc,metaspace] GC(169) Metaspace: 55478K(55808K)->55478K(55808K) NonClass: 49877K(50112K)->49877K(50112K) Class: 5601K(5696K)->5601K(5696K)
[58.339s][info][gc          ] GC(169) Pause Young (Concurrent Start) (G1 Evacuation Pause) 485M->264M(517M) 3.647ms
[58.339s][info][gc,cpu      ] GC(169) User=0.00s Sys=0.00s Real=0.00s
[58.339s][info][gc          ] GC(170) Concurrent Mark Cycle
[58.340s][info][gc,marking  ] GC(170) Concurrent Scan Root Regions
[58.345s][info][gc,marking  ] GC(170) Concurrent Scan Root Regions 5.701ms
[58.345s][info][gc,marking  ] GC(170) Concurrent Mark
[58.345s][info][gc,marking  ] GC(170) Concurrent Mark From Roots
[58.345s][info][gc,task     ] GC(170) Using 1 workers of 1 for marking
[58.412s][info][gc,marking  ] GC(170) Concurrent Mark From Roots 66.917ms
[58.412s][info][gc,marking  ] GC(170) Concurrent Preclean
[58.412s][info][gc,marking  ] GC(170) Concurrent Preclean 0.077ms
[58.412s][info][gc,start    ] GC(170) Pause Remark
[58.420s][info][gc          ] GC(170) Pause Remark 310M->310M(517M) 7.048ms
[58.420s][info][gc,cpu      ] GC(170) User=0.01s Sys=0.00s Real=0.00s
[58.420s][info][gc,marking  ] GC(170) Concurrent Mark 74.311ms
[58.420s][info][gc,marking  ] GC(170) Concurrent Rebuild Remembered Sets and Scrub Regions
[58.439s][info][gc,marking  ] GC(170) Concurrent Rebuild Remembered Sets and Scrub Regions 19.309ms
[58.439s][info][gc,start    ] GC(170) Pause Cleanup
[58.439s][info][gc          ] GC(170) Pause Cleanup 318M->318M(517M) 0.050ms
[58.439s][info][gc,cpu      ] GC(170) User=0.00s Sys=0.00s Real=0.00s
[58.439s][info][gc,marking  ] GC(170) Concurrent Clear Claimed Marks
[58.439s][info][gc,marking  ] GC(170) Concurrent Clear Claimed Marks 0.083ms
[58.439s][info][gc,marking  ] GC(170) Concurrent Cleanup for Next Mark
[58.444s][info][gc,marking  ] GC(170) Concurrent Cleanup for Next Mark 4.216ms
[58.444s][info][gc          ] GC(170) Concurrent Mark Cycle 104.843ms
[58.752s][info][gc,start    ] GC(171) Pause Young (Prepare Mixed) (G1 Evacuation Pause)
[58.752s][info][gc,task     ] GC(171) Using 2 workers of 2 for evacuation
[58.757s][info][gc,phases   ] GC(171)   Pre Evacuate Collection Set: 0.27ms
[58.757s][info][gc,phases   ] GC(171)   Merge Heap Roots: 0.10ms
[58.757s][info][gc,phases   ] GC(171)   Evacuate Collection Set: 4.68ms
[58.757s][info][gc,phases   ] GC(171)   Post Evacuate Collection Set: 0.51ms
[58.757s][info][gc,phases   ] GC(171)   Other: 0.09ms
[58.757s][info][gc,heap     ] GC(171) Eden regions: 223->0(219)
[58.757s][info][gc,heap     ] GC(171) Survivor regions: 1->3(28)
[58.757s][info][gc,heap     ] GC(171) Old regions: 58->58
[58.757s][info][gc,heap     ] GC(171) Humongous regions: 207->207
[58.757s][info][gc,metaspace] GC(171) Metaspace: 55478K(55808K)->55478K(55808K) NonClass: 49877K(50112K)->49877K(50112K) Class: 5601K(5696K)->5601K(5696K)
[58.757s][info][gc          ] GC(171) Pause Young (Prepare Mixed) (G1 Evacuation Pause) 487M->266M(517M) 5.839ms
[58.758s][info][gc,cpu      ] GC(171) User=0.02s Sys=0.00s Real=0.01s
[59.235s][info][gc,start    ] GC(172) Pause Young (Mixed) (G1 Evacuation Pause)
[59.235s][info][gc,task     ] GC(172) Using 2 workers of 2 for evacuation
[59.239s][info][gc,phases   ] GC(172)   Pre Evacuate Collection Set: 0.26ms
[59.239s][info][gc,phases   ] GC(172)   Merge Heap Roots: 0.11ms
[59.239s][info][gc,phases   ] GC(172)   Evacuate Collection Set: 3.46ms
[59.239s][info][gc,phases   ] GC(172)   Post Evacuate Collection Set: 0.52ms
[59.239s][info][gc,phases   ] GC(172)   Other: 0.07ms
[59.239s][info][gc,heap     ] GC(172) Eden regions: 219->0(224)
[59.239s][info][gc,heap     ] GC(172) Survivor regions: 3->1(28)
[59.239s][info][gc,heap     ] GC(172) Old regions: 58->57
[59.239s][info][gc,heap     ] GC(172) Humongous regions: 207->207
[59.239s][info][gc,metaspace] GC(172) Metaspace: 55478K(55808K)->55478K(55808K) NonClass: 49877K(50112K)->49877K(50112K) Class: 5601K(5696K)->5601K(5696K)
[59.239s][info][gc          ] GC(172) Pause Young (Mixed) (G1 Evacuation Pause) 485M->264M(517M) 4.590ms
[59.239s][info][gc,cpu      ] GC(172) User=0.01s Sys=0.00s Real=0.00s
[59.660s][info][gc,start    ] GC(173) Pause Young (Concurrent Start) (G1 Evacuation Pause)
[59.660s][info][gc,task     ] GC(173) Using 2 workers of 2 for evacuation
[59.665s][info][gc,phases   ] GC(173)   Pre Evacuate Collection Set: 0.29ms
[59.665s][info][gc,phases   ] GC(173)   Merge Heap Roots: 0.10ms
[59.665s][info][gc,phases   ] GC(173)   Evacuate Collection Set: 4.20ms
[59.665s][info][gc,phases   ] GC(173)   Post Evacuate Collection Set: 0.50ms
[59.665s][info][gc,phases   ] GC(173)   Other: 0.09ms
[59.665s][info][gc,heap     ] GC(173) Eden regions: 224->0(220)
[59.665s][info][gc,heap     ] GC(173) Survivor regions: 1->3(29)
[59.665s][info][gc,heap     ] GC(173) Old regions: 57->57
[59.665s][info][gc,heap     ] GC(173) Humongous regions: 207->207
[59.665s][info][gc,metaspace] GC(173) Metaspace: 55478K(55808K)->55478K(55808K) NonClass: 49877K(50112K)->49877K(50112K) Class: 5601K(5696K)->5601K(5696K)
[59.665s][info][gc          ] GC(173) Pause Young (Concurrent Start) (G1 Evacuation Pause) 488M->266M(517M) 5.383ms
[59.665s][info][gc          ] GC(174) Concurrent Mark Cycle
[59.665s][info][gc,marking  ] GC(174) Concurrent Scan Root Regions
[59.666s][info][gc,cpu      ] GC(173) User=0.01s Sys=0.00s Real=0.01s
[59.669s][info][gc,marking  ] GC(174) Concurrent Scan Root Regions 3.748ms
[59.669s][info][gc,marking  ] GC(174) Concurrent Mark
[59.669s][info][gc,marking  ] GC(174) Concurrent Mark From Roots
[59.669s][info][gc,task     ] GC(174) Using 1 workers of 1 for marking
[59.716s][info][gc,marking  ] GC(174) Concurrent Mark From Roots 46.830ms
[59.716s][info][gc,marking  ] GC(174) Concurrent Preclean
[59.716s][info][gc,marking  ] GC(174) Concurrent Preclean 0.072ms
[59.716s][info][gc,start    ] GC(174) Pause Remark
[59.723s][info][gc          ] GC(174) Pause Remark 286M->286M(517M) 6.896ms
[59.723s][info][gc,cpu      ] GC(174) User=0.01s Sys=0.00s Real=0.01s
[59.723s][info][gc,marking  ] GC(174) Concurrent Mark 54.065ms
[59.723s][info][gc,marking  ] GC(174) Concurrent Rebuild Remembered Sets and Scrub Regions
[59.731s][info][gc,marking  ] GC(174) Concurrent Rebuild Remembered Sets and Scrub Regions 7.921ms
[59.731s][info][gc,start    ] GC(174) Pause Cleanup
[59.731s][info][gc          ] GC(174) Pause Cleanup 287M->287M(517M) 0.034ms
[59.731s][info][gc,cpu      ] GC(174) User=0.00s Sys=0.00s Real=0.00s
[59.733s][info][gc,marking  ] GC(174) Concurrent Clear Claimed Marks
[59.733s][info][gc,marking  ] GC(174) Concurrent Clear Claimed Marks 0.083ms
[59.733s][info][gc,marking  ] GC(174) Concurrent Cleanup for Next Mark
[59.734s][info][gc,marking  ] GC(174) Concurrent Cleanup for Next Mark 1.497ms
[59.734s][info][gc          ] GC(174) Concurrent Mark Cycle 68.853ms
[60.131s][info][gc,start    ] GC(175) Pause Young (Normal) (G1 Evacuation Pause)
[60.131s][info][gc,task     ] GC(175) Using 2 workers of 2 for evacuation
[60.134s][info][gc,phases   ] GC(175)   Pre Evacuate Collection Set: 0.26ms
[60.134s][info][gc,phases   ] GC(175)   Merge Heap Roots: 0.10ms
[60.134s][info][gc,phases   ] GC(175)   Evacuate Collection Set: 1.91ms
[60.134s][info][gc,phases   ] GC(175)   Post Evacuate Collection Set: 0.54ms
[60.134s][info][gc,phases   ] GC(175)   Other: 0.07ms
[60.134s][info][gc,heap     ] GC(175) Eden regions: 220->0(224)
[60.134s][info][gc,heap     ] GC(175) Survivor regions: 3->1(28)
[60.134s][info][gc,heap     ] GC(175) Old regions: 57->57
[60.134s][info][gc,heap     ] GC(175) Humongous regions: 207->207
[60.134s][info][gc,metaspace] GC(175) Metaspace: 55478K(55808K)->55478K(55808K) NonClass: 49877K(50112K)->49877K(50112K) Class: 5601K(5696K)->5601K(5696K)
[60.134s][info][gc          ] GC(175) Pause Young (Normal) (G1 Evacuation Pause) 486M->264M(517M) 3.047ms
[60.134s][info][gc,cpu      ] GC(175) User=0.01s Sys=0.00s Real=0.01s
[60.750s][info][gc,start    ] GC(176) Pause Young (Concurrent Start) (G1 Evacuation Pause)
[60.750s][info][gc,task     ] GC(176) Using 2 workers of 2 for evacuation
[60.756s][info][gc,phases   ] GC(176)   Pre Evacuate Collection Set: 0.31ms
[60.756s][info][gc,phases   ] GC(176)   Merge Heap Roots: 0.10ms
[60.756s][info][gc,phases   ] GC(176)   Evacuate Collection Set: 4.81ms
[60.756s][info][gc,phases   ] GC(176)   Post Evacuate Collection Set: 0.63ms
[60.756s][info][gc,phases   ] GC(176)   Other: 0.11ms
[60.756s][info][gc,heap     ] GC(176) Eden regions: 224->0(222)
[60.756s][info][gc,heap     ] GC(176) Survivor regions: 1->2(29)
[60.756s][info][gc,heap     ] GC(176) Old regions: 57->57
[60.757s][info][gc,heap     ] GC(176) Humongous regions: 207->207
[60.757s][info][gc,metaspace] GC(176) Metaspace: 55481K(55808K)->55481K(55808K) NonClass: 49879K(50112K)->49879K(50112K) Class: 5601K(5696K)->5601K(5696K)
[60.757s][info][gc          ] GC(176) Pause Young (Concurrent Start) (G1 Evacuation Pause) 488M->266M(517M) 6.190ms
[60.757s][info][gc,cpu      ] GC(176) User=0.01s Sys=0.00s Real=0.01s
[60.757s][info][gc          ] GC(177) Concurrent Mark Cycle
[60.759s][info][gc,marking  ] GC(177) Concurrent Scan Root Regions
[60.765s][info][gc,marking  ] GC(177) Concurrent Scan Root Regions 5.784ms
[60.765s][info][gc,marking  ] GC(177) Concurrent Mark
[60.765s][info][gc,marking  ] GC(177) Concurrent Mark From Roots
[60.765s][info][gc,task     ] GC(177) Using 1 workers of 1 for marking
[60.837s][info][gc,marking  ] GC(177) Concurrent Mark From Roots 71.739ms
[60.837s][info][gc,marking  ] GC(177) Concurrent Preclean
[60.837s][info][gc,marking  ] GC(177) Concurrent Preclean 0.077ms
[60.837s][info][gc,start    ] GC(177) Pause Remark
[60.844s][info][gc          ] GC(177) Pause Remark 288M->288M(517M) 6.931ms
[60.844s][info][gc,cpu      ] GC(177) User=0.01s Sys=0.00s Real=0.01s
[60.846s][info][gc,marking  ] GC(177) Concurrent Mark 81.194ms
[60.846s][info][gc,marking  ] GC(177) Concurrent Rebuild Remembered Sets and Scrub Regions
[60.866s][info][gc,marking  ] GC(177) Concurrent Rebuild Remembered Sets and Scrub Regions 19.674ms
[60.866s][info][gc,start    ] GC(177) Pause Cleanup
[60.866s][info][gc          ] GC(177) Pause Cleanup 328M->328M(517M) 0.073ms
[60.866s][info][gc,cpu      ] GC(177) User=0.00s Sys=0.00s Real=0.00s
[60.867s][info][gc,marking  ] GC(177) Concurrent Clear Claimed Marks
[60.867s][info][gc,marking  ] GC(177) Concurrent Clear Claimed Marks 0.114ms
[60.867s][info][gc,marking  ] GC(177) Concurrent Cleanup for Next Mark
[60.868s][info][gc,marking  ] GC(177) Concurrent Cleanup for Next Mark 1.571ms
[60.868s][info][gc          ] GC(177) Concurrent Mark Cycle 111.853ms
[61.215s][info][gc,start    ] GC(178) Pause Young (Concurrent Start) (G1 Humongous Allocation)
[61.215s][info][gc,task     ] GC(178) Using 2 workers of 2 for evacuation
[61.218s][info][gc,phases   ] GC(178)   Pre Evacuate Collection Set: 0.29ms
[61.218s][info][gc,phases   ] GC(178)   Merge Heap Roots: 0.09ms
[61.218s][info][gc,phases   ] GC(178)   Evacuate Collection Set: 2.03ms
[61.218s][info][gc,phases   ] GC(178)   Post Evacuate Collection Set: 0.34ms
[61.218s][info][gc,phases   ] GC(178)   Other: 0.09ms
[61.218s][info][gc,heap     ] GC(178) Eden regions: 26->0(184)
[61.218s][info][gc,heap     ] GC(178) Survivor regions: 2->1(28)
[61.218s][info][gc,heap     ] GC(178) Old regions: 57->58
[61.218s][info][gc,heap     ] GC(178) Humongous regions: 246->246
[61.218s][info][gc,metaspace] GC(178) Metaspace: 55677K(56000K)->55677K(56000K) NonClass: 50053K(50304K)->50053K(50304K) Class: 5624K(5696K)->5624K(5696K)
[61.218s][info][gc          ] GC(178) Pause Young (Concurrent Start) (G1 Humongous Allocation) 330M->303M(517M) 3.012ms
[61.218s][info][gc          ] GC(179) Concurrent Mark Cycle
[61.218s][info][gc,marking  ] GC(179) Concurrent Scan Root Regions
[61.219s][info][gc,cpu      ] GC(178) User=0.01s Sys=0.00s Real=0.00s
[61.220s][info][gc,marking  ] GC(179) Concurrent Scan Root Regions 1.581ms
[61.220s][info][gc,marking  ] GC(179) Concurrent Mark
[61.220s][info][gc,marking  ] GC(179) Concurrent Mark From Roots
[61.220s][info][gc,task     ] GC(179) Using 1 workers of 1 for marking
[61.284s][info][gc,marking  ] GC(179) Concurrent Mark From Roots 64.687ms
[61.284s][info][gc,marking  ] GC(179) Concurrent Preclean
[61.284s][info][gc,marking  ] GC(179) Concurrent Preclean 0.068ms
[61.285s][info][gc,start    ] GC(179) Pause Remark
[61.292s][info][gc          ] GC(179) Pause Remark 342M->342M(574M) 7.778ms
[61.292s][info][gc,cpu      ] GC(179) User=0.02s Sys=0.00s Real=0.01s
[61.293s][info][gc,marking  ] GC(179) Concurrent Mark 73.182ms
[61.293s][info][gc,marking  ] GC(179) Concurrent Rebuild Remembered Sets and Scrub Regions
[61.317s][info][gc,marking  ] GC(179) Concurrent Rebuild Remembered Sets and Scrub Regions 24.475ms
[61.318s][info][gc,start    ] GC(179) Pause Cleanup
[61.318s][info][gc          ] GC(179) Pause Cleanup 342M->342M(574M) 0.058ms
[61.318s][info][gc,cpu      ] GC(179) User=0.00s Sys=0.00s Real=0.00s
[61.318s][info][gc,marking  ] GC(179) Concurrent Clear Claimed Marks
[61.318s][info][gc,marking  ] GC(179) Concurrent Clear Claimed Marks 0.080ms
[61.318s][info][gc,marking  ] GC(179) Concurrent Cleanup for Next Mark
[61.320s][info][gc,marking  ] GC(179) Concurrent Cleanup for Next Mark 2.214ms
[61.320s][info][gc          ] GC(179) Concurrent Mark Cycle 101.926ms
[64.211s][info][gc,start    ] GC(180) Pause Young (Prepare Mixed) (G1 Evacuation Pause)
[64.211s][info][gc,task     ] GC(180) Using 2 workers of 2 for evacuation
[64.252s][info][gc,phases   ] GC(180)   Pre Evacuate Collection Set: 0.30ms
[64.252s][info][gc,phases   ] GC(180)   Merge Heap Roots: 0.36ms
[64.252s][info][gc,phases   ] GC(180)   Evacuate Collection Set: 39.26ms
[64.252s][info][gc,phases   ] GC(180)   Post Evacuate Collection Set: 0.74ms
[64.252s][info][gc,phases   ] GC(180)   Other: 0.09ms
[64.252s][info][gc,heap     ] GC(180) Eden regions: 152->0(254)
[64.252s][info][gc,heap     ] GC(180) Survivor regions: 1->23(23)
[64.252s][info][gc,heap     ] GC(180) Old regions: 58->73
[64.252s][info][gc,heap     ] GC(180) Humongous regions: 363->207
[64.252s][info][gc,metaspace] GC(180) Metaspace: 56033K(56384K)->56033K(56384K) NonClass: 50409K(50688K)->50409K(50688K) Class: 5624K(5696K)->5624K(5696K)
[64.252s][info][gc          ] GC(180) Pause Young (Prepare Mixed) (G1 Evacuation Pause) 572M->302M(612M) 40.951ms
[64.252s][info][gc,cpu      ] GC(180) User=0.06s Sys=0.02s Real=0.05s
[64.701s][info][gc,start    ] GC(181) Pause Young (Mixed) (G1 Evacuation Pause)
[64.701s][info][gc,task     ] GC(181) Using 2 workers of 2 for evacuation
[64.726s][info][gc,phases   ] GC(181)   Pre Evacuate Collection Set: 0.34ms
[64.726s][info][gc,phases   ] GC(181)   Merge Heap Roots: 0.22ms
[64.726s][info][gc,phases   ] GC(181)   Evacuate Collection Set: 24.43ms
[64.726s][info][gc,phases   ] GC(181)   Post Evacuate Collection Set: 0.65ms
[64.726s][info][gc,phases   ] GC(181)   Other: 0.11ms
[64.726s][info][gc,heap     ] GC(181) Eden regions: 254->0(238)
[64.726s][info][gc,heap     ] GC(181) Survivor regions: 23->13(35)
[64.726s][info][gc,heap     ] GC(181) Old regions: 73->93
[64.726s][info][gc,heap     ] GC(181) Humongous regions: 207->207
[64.726s][info][gc,metaspace] GC(181) Metaspace: 56034K(56384K)->56034K(56384K) NonClass: 50409K(50688K)->50409K(50688K) Class: 5624K(5696K)->5624K(5696K)
[64.726s][info][gc          ] GC(181) Pause Young (Mixed) (G1 Evacuation Pause) 556M->312M(612M) 25.929ms
[64.726s][info][gc,cpu      ] GC(181) User=0.06s Sys=0.00s Real=0.03s
[65.161s][info][gc,start    ] GC(182) Pause Young (Concurrent Start) (G1 Evacuation Pause)
[65.161s][info][gc,task     ] GC(182) Using 2 workers of 2 for evacuation
[65.169s][info][gc,phases   ] GC(182)   Pre Evacuate Collection Set: 0.28ms
[65.169s][info][gc,phases   ] GC(182)   Merge Heap Roots: 0.12ms
[65.169s][info][gc,phases   ] GC(182)   Evacuate Collection Set: 7.27ms
[65.169s][info][gc,phases   ] GC(182)   Post Evacuate Collection Set: 0.56ms
[65.169s][info][gc,phases   ] GC(182)   Other: 0.11ms
[65.169s][info][gc,heap     ] GC(182) Eden regions: 238->0(247)
[65.169s][info][gc,heap     ] GC(182) Survivor regions: 13->12(32)
[65.169s][info][gc,heap     ] GC(182) Old regions: 93->93
[65.169s][info][gc,heap     ] GC(182) Humongous regions: 207->207
[65.169s][info][gc,metaspace] GC(182) Metaspace: 56035K(56384K)->56035K(56384K) NonClass: 50410K(50688K)->50410K(50688K) Class: 5624K(5696K)->5624K(5696K)
[65.169s][info][gc          ] GC(182) Pause Young (Concurrent Start) (G1 Evacuation Pause) 550M->311M(612M) 8.519ms
[65.169s][info][gc          ] GC(183) Concurrent Mark Cycle
[65.169s][info][gc,marking  ] GC(183) Concurrent Scan Root Regions
[65.171s][info][gc,cpu      ] GC(182) User=0.02s Sys=0.00s Real=0.01s
[65.180s][info][gc,marking  ] GC(183) Concurrent Scan Root Regions 11.274ms
[65.180s][info][gc,marking  ] GC(183) Concurrent Mark
[65.180s][info][gc,marking  ] GC(183) Concurrent Mark From Roots
[65.180s][info][gc,task     ] GC(183) Using 1 workers of 1 for marking
[65.267s][info][gc,marking  ] GC(183) Concurrent Mark From Roots 86.205ms
[65.267s][info][gc,marking  ] GC(183) Concurrent Preclean
[65.267s][info][gc,marking  ] GC(183) Concurrent Preclean 0.073ms
[65.270s][info][gc,start    ] GC(183) Pause Remark
[65.280s][info][gc          ] GC(183) Pause Remark 359M->349M(612M) 10.151ms
[65.280s][info][gc,cpu      ] GC(183) User=0.02s Sys=0.01s Real=0.01s
[65.282s][info][gc,marking  ] GC(183) Concurrent Mark 101.960ms
[65.282s][info][gc,marking  ] GC(183) Concurrent Rebuild Remembered Sets and Scrub Regions
[65.312s][info][gc,marking  ] GC(183) Concurrent Rebuild Remembered Sets and Scrub Regions 29.262ms
[65.312s][info][gc,start    ] GC(183) Pause Cleanup
[65.312s][info][gc          ] GC(183) Pause Cleanup 365M->365M(612M) 0.076ms
[65.312s][info][gc,cpu      ] GC(183) User=0.00s Sys=0.00s Real=0.00s
[65.312s][info][gc,marking  ] GC(183) Concurrent Clear Claimed Marks
[65.312s][info][gc,marking  ] GC(183) Concurrent Clear Claimed Marks 0.084ms
[65.312s][info][gc,marking  ] GC(183) Concurrent Cleanup for Next Mark
[65.319s][info][gc,marking  ] GC(183) Concurrent Cleanup for Next Mark 7.111ms
[65.319s][info][gc          ] GC(183) Concurrent Mark Cycle 150.215ms
[65.673s][info][gc,start    ] GC(184) Pause Young (Prepare Mixed) (G1 Evacuation Pause)
[65.673s][info][gc,task     ] GC(184) Using 2 workers of 2 for evacuation
[65.680s][info][gc,phases   ] GC(184)   Pre Evacuate Collection Set: 0.88ms
[65.680s][info][gc,phases   ] GC(184)   Merge Heap Roots: 0.15ms
[65.680s][info][gc,phases   ] GC(184)   Evacuate Collection Set: 4.96ms
[65.680s][info][gc,phases   ] GC(184)   Post Evacuate Collection Set: 0.54ms
[65.680s][info][gc,phases   ] GC(184)   Other: 0.09ms
[65.680s][info][gc,heap     ] GC(184) Eden regions: 247->0(262)
[65.680s][info][gc,heap     ] GC(184) Survivor regions: 12->10(33)
[65.680s][info][gc,heap     ] GC(184) Old regions: 83->83
[65.680s][info][gc,heap     ] GC(184) Humongous regions: 207->207
[65.680s][info][gc,metaspace] GC(184) Metaspace: 56035K(56384K)->56035K(56384K) NonClass: 50410K(50688K)->50410K(50688K) Class: 5624K(5696K)->5624K(5696K)
[65.680s][info][gc          ] GC(184) Pause Young (Prepare Mixed) (G1 Evacuation Pause) 548M->299M(612M) 6.803ms
[65.680s][info][gc,cpu      ] GC(184) User=0.01s Sys=0.00s Real=0.00s
[66.234s][info][gc,start    ] GC(185) Pause Young (Mixed) (G1 Evacuation Pause)
[66.234s][info][gc,task     ] GC(185) Using 2 workers of 2 for evacuation
[66.240s][info][gc,phases   ] GC(185)   Pre Evacuate Collection Set: 0.38ms
[66.240s][info][gc,phases   ] GC(185)   Merge Heap Roots: 0.11ms
[66.240s][info][gc,phases   ] GC(185)   Evacuate Collection Set: 4.78ms
[66.240s][info][gc,phases   ] GC(185)   Post Evacuate Collection Set: 0.58ms
[66.240s][info][gc,phases   ] GC(185)   Other: 0.10ms
[66.240s][info][gc,heap     ] GC(185) Eden regions: 262->0(268)
[66.240s][info][gc,heap     ] GC(185) Survivor regions: 10->9(34)
[66.240s][info][gc,heap     ] GC(185) Old regions: 83->75
[66.240s][info][gc,heap     ] GC(185) Humongous regions: 207->207
[66.240s][info][gc,metaspace] GC(185) Metaspace: 56035K(56384K)->56035K(56384K) NonClass: 50410K(50688K)->50410K(50688K) Class: 5624K(5696K)->5624K(5696K)
[66.240s][info][gc          ] GC(185) Pause Young (Mixed) (G1 Evacuation Pause) 561M->290M(612M) 6.130ms
[66.240s][info][gc,cpu      ] GC(185) User=0.01s Sys=0.00s Real=0.00s
[66.799s][info][gc,start    ] GC(186) Pause Young (Normal) (G1 Evacuation Pause)
[66.799s][info][gc,task     ] GC(186) Using 2 workers of 2 for evacuation
[66.818s][info][gc,phases   ] GC(186)   Pre Evacuate Collection Set: 0.87ms
[66.818s][info][gc,phases   ] GC(186)   Merge Heap Roots: 0.24ms
[66.818s][info][gc,phases   ] GC(186)   Evacuate Collection Set: 16.15ms
[66.818s][info][gc,phases   ] GC(186)   Post Evacuate Collection Set: 1.30ms
[66.818s][info][gc,phases   ] GC(186)   Other: 0.14ms
[66.818s][info][gc,heap     ] GC(186) Eden regions: 268->0(273)
[66.818s][info][gc,heap     ] GC(186) Survivor regions: 9->10(35)
[66.818s][info][gc,heap     ] GC(186) Old regions: 75->75
[66.818s][info][gc,heap     ] GC(186) Humongous regions: 207->207
[66.818s][info][gc,metaspace] GC(186) Metaspace: 56035K(56384K)->56035K(56384K) NonClass: 50410K(50688K)->50410K(50688K) Class: 5624K(5696K)->5624K(5696K)
[66.818s][info][gc          ] GC(186) Pause Young (Normal) (G1 Evacuation Pause) 558M->291M(612M) 19.079ms
[66.818s][info][gc,cpu      ] GC(186) User=0.02s Sys=0.00s Real=0.02s
[67.340s][info][gc,start    ] GC(187) Pause Young (Normal) (G1 Evacuation Pause)
[67.340s][info][gc,task     ] GC(187) Using 2 workers of 2 for evacuation
[67.344s][info][gc,phases   ] GC(187)   Pre Evacuate Collection Set: 0.28ms
[67.344s][info][gc,phases   ] GC(187)   Merge Heap Roots: 0.09ms
[67.344s][info][gc,phases   ] GC(187)   Evacuate Collection Set: 3.03ms
[67.344s][info][gc,phases   ] GC(187)   Post Evacuate Collection Set: 0.59ms
[67.344s][info][gc,phases   ] GC(187)   Other: 0.08ms
[67.344s][info][gc,heap     ] GC(187) Eden regions: 273->0(278)
[67.344s][info][gc,heap     ] GC(187) Survivor regions: 10->9(36)
[67.344s][info][gc,heap     ] GC(187) Old regions: 75->75
[67.344s][info][gc,heap     ] GC(187) Humongous regions: 207->207
[67.344s][info][gc,metaspace] GC(187) Metaspace: 56035K(56384K)->56035K(56384K) NonClass: 50410K(50688K)->50410K(50688K) Class: 5624K(5696K)->5624K(5696K)
[67.344s][info][gc          ] GC(187) Pause Young (Normal) (G1 Evacuation Pause) 564M->290M(612M) 4.236ms
[67.344s][info][gc,cpu      ] GC(187) User=0.01s Sys=0.00s Real=0.01s
[67.861s][info][gc,start    ] GC(188) Pause Young (Concurrent Start) (G1 Evacuation Pause)
[67.861s][info][gc,task     ] GC(188) Using 2 workers of 2 for evacuation
[67.868s][info][gc,phases   ] GC(188)   Pre Evacuate Collection Set: 0.28ms
[67.868s][info][gc,phases   ] GC(188)   Merge Heap Roots: 0.11ms
[67.868s][info][gc,phases   ] GC(188)   Evacuate Collection Set: 6.31ms
[67.868s][info][gc,phases   ] GC(188)   Post Evacuate Collection Set: 0.58ms
[67.868s][info][gc,phases   ] GC(188)   Other: 0.10ms
[67.868s][info][gc,heap     ] GC(188) Eden regions: 278->0(276)
[67.868s][info][gc,heap     ] GC(188) Survivor regions: 9->11(36)
[67.868s][info][gc,heap     ] GC(188) Old regions: 75->75
[67.868s][info][gc,heap     ] GC(188) Humongous regions: 207->207
[67.868s][info][gc,metaspace] GC(188) Metaspace: 56035K(56384K)->56035K(56384K) NonClass: 50411K(50688K)->50411K(50688K) Class: 5624K(5696K)->5624K(5696K)
[67.868s][info][gc          ] GC(188) Pause Young (Concurrent Start) (G1 Evacuation Pause) 568M->292M(612M) 7.556ms
[67.868s][info][gc          ] GC(189) Concurrent Mark Cycle
[67.868s][info][gc,marking  ] GC(189) Concurrent Scan Root Regions
[67.869s][info][gc,cpu      ] GC(188) User=0.01s Sys=0.00s Real=0.01s
[67.872s][info][gc,marking  ] GC(189) Concurrent Scan Root Regions 3.657ms
[67.872s][info][gc,marking  ] GC(189) Concurrent Mark
[67.872s][info][gc,marking  ] GC(189) Concurrent Mark From Roots
[67.872s][info][gc,task     ] GC(189) Using 1 workers of 1 for marking
[67.938s][info][gc,marking  ] GC(189) Concurrent Mark From Roots 66.422ms
[67.939s][info][gc,marking  ] GC(189) Concurrent Preclean
[67.939s][info][gc,marking  ] GC(189) Concurrent Preclean 0.071ms
[67.939s][info][gc,start    ] GC(189) Pause Remark
[67.948s][info][gc          ] GC(189) Pause Remark 313M->313M(612M) 9.261ms
[67.948s][info][gc,cpu      ] GC(189) User=0.02s Sys=0.00s Real=0.01s
[67.948s][info][gc,marking  ] GC(189) Concurrent Mark 76.264ms
[67.948s][info][gc,marking  ] GC(189) Concurrent Rebuild Remembered Sets and Scrub Regions
[67.977s][info][gc,marking  ] GC(189) Concurrent Rebuild Remembered Sets and Scrub Regions 28.484ms
[67.977s][info][gc,start    ] GC(189) Pause Cleanup
[67.977s][info][gc          ] GC(189) Pause Cleanup 330M->330M(612M) 0.070ms
[67.977s][info][gc,cpu      ] GC(189) User=0.00s Sys=0.00s Real=0.00s
[67.978s][info][gc,marking  ] GC(189) Concurrent Clear Claimed Marks
[67.978s][info][gc,marking  ] GC(189) Concurrent Clear Claimed Marks 0.100ms
[67.978s][info][gc,marking  ] GC(189) Concurrent Cleanup for Next Mark
[67.980s][info][gc,marking  ] GC(189) Concurrent Cleanup for Next Mark 1.875ms
[67.980s][info][gc          ] GC(189) Concurrent Mark Cycle 111.330ms
[68.441s][info][gc,start    ] GC(190) Pause Young (Prepare Mixed) (G1 Evacuation Pause)
[68.441s][info][gc,task     ] GC(190) Using 2 workers of 2 for evacuation
[68.447s][info][gc,phases   ] GC(190)   Pre Evacuate Collection Set: 0.32ms
[68.447s][info][gc,phases   ] GC(190)   Merge Heap Roots: 0.13ms
[68.447s][info][gc,phases   ] GC(190)   Evacuate Collection Set: 4.48ms
[68.447s][info][gc,phases   ] GC(190)   Post Evacuate Collection Set: 0.58ms
[68.447s][info][gc,phases   ] GC(190)   Other: 0.08ms
[68.447s][info][gc,heap     ] GC(190) Eden regions: 276->0(278)
[68.447s][info][gc,heap     ] GC(190) Survivor regions: 11->10(36)
[68.447s][info][gc,heap     ] GC(190) Old regions: 75->75
[68.447s][info][gc,heap     ] GC(190) Humongous regions: 207->207
[68.447s][info][gc,metaspace] GC(190) Metaspace: 56035K(56384K)->56035K(56384K) NonClass: 50411K(50688K)->50411K(50688K) Class: 5624K(5696K)->5624K(5696K)
[68.447s][info][gc          ] GC(190) Pause Young (Prepare Mixed) (G1 Evacuation Pause) 568M->291M(612M) 5.774ms
[68.447s][info][gc,cpu      ] GC(190) User=0.01s Sys=0.00s Real=0.01s
[68.985s][info][gc,start    ] GC(191) Pause Young (Mixed) (G1 Evacuation Pause)
[68.985s][info][gc,task     ] GC(191) Using 2 workers of 2 for evacuation
[68.992s][info][gc,phases   ] GC(191)   Pre Evacuate Collection Set: 0.27ms
[68.992s][info][gc,phases   ] GC(191)   Merge Heap Roots: 0.12ms
[68.992s][info][gc,phases   ] GC(191)   Evacuate Collection Set: 5.48ms
[68.992s][info][gc,phases   ] GC(191)   Post Evacuate Collection Set: 0.83ms
[68.992s][info][gc,phases   ] GC(191)   Other: 0.08ms
[68.992s][info][gc,heap     ] GC(191) Eden regions: 278->0(286)
[68.992s][info][gc,heap     ] GC(191) Survivor regions: 10->9(36)
[68.992s][info][gc,heap     ] GC(191) Old regions: 75->69
[68.992s][info][gc,heap     ] GC(191) Humongous regions: 207->207
[68.992s][info][gc,metaspace] GC(191) Metaspace: 56035K(56384K)->56035K(56384K) NonClass: 50411K(50688K)->50411K(50688K) Class: 5624K(5696K)->5624K(5696K)
[68.992s][info][gc          ] GC(191) Pause Young (Mixed) (G1 Evacuation Pause) 569M->284M(612M) 6.949ms
[68.992s][info][gc,cpu      ] GC(191) User=0.01s Sys=0.00s Real=0.00s
[69.554s][info][gc,start    ] GC(192) Pause Young (Concurrent Start) (G1 Evacuation Pause)
[69.554s][info][gc,task     ] GC(192) Using 2 workers of 2 for evacuation
[69.561s][info][gc,phases   ] GC(192)   Pre Evacuate Collection Set: 0.31ms
[69.561s][info][gc,phases   ] GC(192)   Merge Heap Roots: 0.12ms
[69.561s][info][gc,phases   ] GC(192)   Evacuate Collection Set: 5.82ms
[69.561s][info][gc,phases   ] GC(192)   Post Evacuate Collection Set: 0.61ms
[69.562s][info][gc,phases   ] GC(192)   Other: 0.10ms
[69.562s][info][gc,heap     ] GC(192) Eden regions: 286->0(282)
[69.562s][info][gc,heap     ] GC(192) Survivor regions: 9->11(37)
[69.562s][info][gc,heap     ] GC(192) Old regions: 69->69
[69.562s][info][gc,heap     ] GC(192) Humongous regions: 207->207
[69.562s][info][gc,metaspace] GC(192) Metaspace: 56035K(56384K)->56035K(56384K) NonClass: 50411K(50688K)->50411K(50688K) Class: 5624K(5696K)->5624K(5696K)
[69.562s][info][gc          ] GC(192) Pause Young (Concurrent Start) (G1 Evacuation Pause) 570M->285M(612M) 7.132ms
[69.562s][info][gc,cpu      ] GC(192) User=0.02s Sys=0.00s Real=0.00s
[69.562s][info][gc          ] GC(193) Concurrent Mark Cycle
[69.562s][info][gc,marking  ] GC(193) Concurrent Scan Root Regions
[69.569s][info][gc,marking  ] GC(193) Concurrent Scan Root Regions 7.753ms
[69.569s][info][gc,marking  ] GC(193) Concurrent Mark
[69.569s][info][gc,marking  ] GC(193) Concurrent Mark From Roots
[69.569s][info][gc,task     ] GC(193) Using 1 workers of 1 for marking
[69.618s][info][gc,marking  ] GC(193) Concurrent Mark From Roots 48.404ms
[69.618s][info][gc,marking  ] GC(193) Concurrent Preclean
[69.618s][info][gc,marking  ] GC(193) Concurrent Preclean 0.073ms
[69.618s][info][gc,start    ] GC(193) Pause Remark
[69.626s][info][gc          ] GC(193) Pause Remark 305M->305M(612M) 8.324ms
[69.626s][info][gc,cpu      ] GC(193) User=0.02s Sys=0.00s Real=0.01s
[69.627s][info][gc,marking  ] GC(193) Concurrent Mark 57.144ms
[69.627s][info][gc,marking  ] GC(193) Concurrent Rebuild Remembered Sets and Scrub Regions
[69.662s][info][gc,marking  ] GC(193) Concurrent Rebuild Remembered Sets and Scrub Regions 34.977ms
[69.662s][info][gc,start    ] GC(193) Pause Cleanup
[69.662s][info][gc          ] GC(193) Pause Cleanup 336M->336M(612M) 0.077ms
[69.662s][info][gc,cpu      ] GC(193) User=0.00s Sys=0.00s Real=0.00s
[69.663s][info][gc,marking  ] GC(193) Concurrent Clear Claimed Marks
[69.663s][info][gc,marking  ] GC(193) Concurrent Clear Claimed Marks 0.099ms
[69.663s][info][gc,marking  ] GC(193) Concurrent Cleanup for Next Mark
[69.665s][info][gc,marking  ] GC(193) Concurrent Cleanup for Next Mark 1.862ms
[69.665s][info][gc          ] GC(193) Concurrent Mark Cycle 103.103ms
[70.144s][info][gc,start    ] GC(194) Pause Young (Prepare Mixed) (G1 Evacuation Pause)
[70.144s][info][gc,task     ] GC(194) Using 2 workers of 2 for evacuation
[70.150s][info][gc,phases   ] GC(194)   Pre Evacuate Collection Set: 0.37ms
[70.150s][info][gc,phases   ] GC(194)   Merge Heap Roots: 0.13ms
[70.150s][info][gc,phases   ] GC(194)   Evacuate Collection Set: 4.68ms
[70.150s][info][gc,phases   ] GC(194)   Post Evacuate Collection Set: 0.60ms
[70.150s][info][gc,phases   ] GC(194)   Other: 0.08ms
[70.150s][info][gc,heap     ] GC(194) Eden regions: 282->0(284)
[70.150s][info][gc,heap     ] GC(194) Survivor regions: 11->10(37)
[70.150s][info][gc,heap     ] GC(194) Old regions: 69->69
[70.150s][info][gc,heap     ] GC(194) Humongous regions: 207->207
[70.150s][info][gc,metaspace] GC(194) Metaspace: 56038K(56384K)->56038K(56384K) NonClass: 50414K(50688K)->50414K(50688K) Class: 5624K(5696K)->5624K(5696K)
[70.150s][info][gc          ] GC(194) Pause Young (Prepare Mixed) (G1 Evacuation Pause) 567M->284M(612M) 6.052ms
[70.150s][info][gc,cpu      ] GC(194) User=0.01s Sys=0.00s Real=0.00s
[70.753s][info][gc,start    ] GC(195) Pause Young (Mixed) (G1 Evacuation Pause)
[70.753s][info][gc,task     ] GC(195) Using 2 workers of 2 for evacuation
[70.761s][info][gc,phases   ] GC(195)   Pre Evacuate Collection Set: 0.26ms
[70.761s][info][gc,phases   ] GC(195)   Merge Heap Roots: 0.12ms
[70.761s][info][gc,phases   ] GC(195)   Evacuate Collection Set: 6.19ms
[70.761s][info][gc,phases   ] GC(195)   Post Evacuate Collection Set: 0.63ms
[70.761s][info][gc,phases   ] GC(195)   Other: 0.10ms
[70.761s][info][gc,heap     ] GC(195) Eden regions: 284->0(291)
[70.761s][info][gc,heap     ] GC(195) Survivor regions: 10->9(37)
[70.761s][info][gc,heap     ] GC(195) Old regions: 69->64
[70.761s][info][gc,heap     ] GC(195) Humongous regions: 207->207
[70.761s][info][gc,metaspace] GC(195) Metaspace: 56038K(56384K)->56038K(56384K) NonClass: 50414K(50688K)->50414K(50688K) Class: 5624K(5696K)->5624K(5696K)
[70.761s][info][gc          ] GC(195) Pause Young (Mixed) (G1 Evacuation Pause) 568M->279M(612M) 7.485ms
[70.761s][info][gc,cpu      ] GC(195) User=0.01s Sys=0.00s Real=0.00s
[71.279s][info][gc,start    ] GC(196) Pause Young (Concurrent Start) (G1 Evacuation Pause)
[71.279s][info][gc,task     ] GC(196) Using 2 workers of 2 for evacuation
[71.284s][info][gc,phases   ] GC(196)   Pre Evacuate Collection Set: 0.28ms
[71.284s][info][gc,phases   ] GC(196)   Merge Heap Roots: 0.09ms
[71.284s][info][gc,phases   ] GC(196)   Evacuate Collection Set: 3.48ms
[71.284s][info][gc,phases   ] GC(196)   Post Evacuate Collection Set: 0.59ms
[71.284s][info][gc,phases   ] GC(196)   Other: 0.10ms
[71.284s][info][gc,heap     ] GC(196) Eden regions: 291->0(291)
[71.284s][info][gc,heap     ] GC(196) Survivor regions: 9->9(38)
[71.284s][info][gc,heap     ] GC(196) Old regions: 64->64
[71.284s][info][gc,heap     ] GC(196) Humongous regions: 207->207
[71.284s][info][gc,metaspace] GC(196) Metaspace: 56038K(56384K)->56038K(56384K) NonClass: 50414K(50688K)->50414K(50688K) Class: 5624K(5696K)->5624K(5696K)
[71.284s][info][gc          ] GC(196) Pause Young (Concurrent Start) (G1 Evacuation Pause) 570M->278M(612M) 4.727ms
[71.284s][info][gc          ] GC(197) Concurrent Mark Cycle
[71.284s][info][gc,marking  ] GC(197) Concurrent Scan Root Regions
[71.284s][info][gc,cpu      ] GC(196) User=0.01s Sys=0.01s Real=0.01s
[71.287s][info][gc,marking  ] GC(197) Concurrent Scan Root Regions 3.235ms
[71.287s][info][gc,marking  ] GC(197) Concurrent Mark
[71.287s][info][gc,marking  ] GC(197) Concurrent Mark From Roots
[71.287s][info][gc,task     ] GC(197) Using 1 workers of 1 for marking
[71.326s][info][gc,marking  ] GC(197) Concurrent Mark From Roots 39.119ms
[71.327s][info][gc,marking  ] GC(197) Concurrent Preclean
[71.327s][info][gc,marking  ] GC(197) Concurrent Preclean 0.059ms
[71.327s][info][gc,start    ] GC(197) Pause Remark
[71.335s][info][gc          ] GC(197) Pause Remark 280M->280M(612M) 8.157ms
[71.335s][info][gc,cpu      ] GC(197) User=0.01s Sys=0.00s Real=0.01s
[71.335s][info][gc,marking  ] GC(197) Concurrent Mark 47.522ms
[71.335s][info][gc,marking  ] GC(197) Concurrent Rebuild Remembered Sets and Scrub Regions
[71.370s][info][gc,marking  ] GC(197) Concurrent Rebuild Remembered Sets and Scrub Regions 35.520ms
[71.371s][info][gc,start    ] GC(197) Pause Cleanup
[71.371s][info][gc          ] GC(197) Pause Cleanup 318M->318M(612M) 0.070ms
[71.371s][info][gc,cpu      ] GC(197) User=0.00s Sys=0.00s Real=0.00s
[71.371s][info][gc,marking  ] GC(197) Concurrent Clear Claimed Marks
[71.371s][info][gc,marking  ] GC(197) Concurrent Clear Claimed Marks 0.106ms
[71.371s][info][gc,marking  ] GC(197) Concurrent Cleanup for Next Mark
[71.373s][info][gc,marking  ] GC(197) Concurrent Cleanup for Next Mark 2.211ms
[71.373s][info][gc          ] GC(197) Concurrent Mark Cycle 89.318ms
[71.865s][info][gc,start    ] GC(198) Pause Young (Prepare Mixed) (G1 Evacuation Pause)
[71.865s][info][gc,task     ] GC(198) Using 2 workers of 2 for evacuation
[71.872s][info][gc,phases   ] GC(198)   Pre Evacuate Collection Set: 0.27ms
[71.872s][info][gc,phases   ] GC(198)   Merge Heap Roots: 0.12ms
[71.872s][info][gc,phases   ] GC(198)   Evacuate Collection Set: 5.27ms
[71.872s][info][gc,phases   ] GC(198)   Post Evacuate Collection Set: 0.61ms
[71.872s][info][gc,phases   ] GC(198)   Other: 0.08ms
[71.872s][info][gc,heap     ] GC(198) Eden regions: 291->0(287)
[71.872s][info][gc,heap     ] GC(198) Survivor regions: 9->11(38)
[71.872s][info][gc,heap     ] GC(198) Old regions: 64->64
[71.872s][info][gc,heap     ] GC(198) Humongous regions: 207->207
[71.872s][info][gc,metaspace] GC(198) Metaspace: 56040K(56384K)->56040K(56384K) NonClass: 50415K(50688K)->50415K(50688K) Class: 5624K(5696K)->5624K(5696K)
[71.872s][info][gc          ] GC(198) Pause Young (Prepare Mixed) (G1 Evacuation Pause) 569M->280M(612M) 6.541ms
[71.872s][info][gc,cpu      ] GC(198) User=0.01s Sys=0.00s Real=0.00s
[72.450s][info][gc,start    ] GC(199) Pause Young (Mixed) (G1 Evacuation Pause)
[72.450s][info][gc,task     ] GC(199) Using 2 workers of 2 for evacuation
[72.461s][info][gc,phases   ] GC(199)   Pre Evacuate Collection Set: 0.30ms
[72.461s][info][gc,phases   ] GC(199)   Merge Heap Roots: 0.16ms
[72.461s][info][gc,phases   ] GC(199)   Evacuate Collection Set: 9.97ms
[72.461s][info][gc,phases   ] GC(199)   Post Evacuate Collection Set: 0.68ms
[72.461s][info][gc,phases   ] GC(199)   Other: 0.08ms
[72.461s][info][gc,heap     ] GC(199) Eden regions: 287->0(291)
[72.461s][info][gc,heap     ] GC(199) Survivor regions: 11->11(38)
[72.461s][info][gc,heap     ] GC(199) Old regions: 64->60
[72.461s][info][gc,heap     ] GC(199) Humongous regions: 207->207
[72.461s][info][gc,metaspace] GC(199) Metaspace: 56040K(56384K)->56040K(56384K) NonClass: 50415K(50688K)->50415K(50688K) Class: 5624K(5696K)->5624K(5696K)
[72.461s][info][gc          ] GC(199) Pause Young (Mixed) (G1 Evacuation Pause) 567M->277M(612M) 11.371ms
[72.461s][info][gc,cpu      ] GC(199) User=0.02s Sys=0.00s Real=0.01s
[73.148s][info][gc,start    ] GC(200) Pause Young (Concurrent Start) (G1 Evacuation Pause)
[73.148s][info][gc,task     ] GC(200) Using 2 workers of 2 for evacuation
[73.154s][info][gc,phases   ] GC(200)   Pre Evacuate Collection Set: 0.32ms
[73.154s][info][gc,phases   ] GC(200)   Merge Heap Roots: 0.10ms
[73.154s][info][gc,phases   ] GC(200)   Evacuate Collection Set: 5.32ms
[73.154s][info][gc,phases   ] GC(200)   Post Evacuate Collection Set: 0.61ms
[73.154s][info][gc,phases   ] GC(200)   Other: 0.10ms
[73.154s][info][gc,heap     ] GC(200) Eden regions: 291->0(298)
[73.154s][info][gc,heap     ] GC(200) Survivor regions: 11->4(38)
[73.154s][info][gc,heap     ] GC(200) Old regions: 60->67
[73.154s][info][gc,heap     ] GC(200) Humongous regions: 207->207
[73.154s][info][gc,metaspace] GC(200) Metaspace: 56040K(56384K)->56040K(56384K) NonClass: 50415K(50688K)->50415K(50688K) Class: 5624K(5696K)->5624K(5696K)
[73.154s][info][gc          ] GC(200) Pause Young (Concurrent Start) (G1 Evacuation Pause) 568M->277M(612M) 6.632ms
[73.154s][info][gc,cpu      ] GC(200) User=0.01s Sys=0.00s Real=0.01s
[73.154s][info][gc          ] GC(201) Concurrent Mark Cycle
[73.155s][info][gc,marking  ] GC(201) Concurrent Scan Root Regions
[73.162s][info][gc,marking  ] GC(201) Concurrent Scan Root Regions 7.096ms
[73.162s][info][gc,marking  ] GC(201) Concurrent Mark
[73.162s][info][gc,marking  ] GC(201) Concurrent Mark From Roots
[73.162s][info][gc,task     ] GC(201) Using 1 workers of 1 for marking
[73.210s][info][gc,marking  ] GC(201) Concurrent Mark From Roots 48.316ms
[73.210s][info][gc,marking  ] GC(201) Concurrent Preclean
[73.210s][info][gc,marking  ] GC(201) Concurrent Preclean 0.076ms
[73.210s][info][gc,start    ] GC(201) Pause Remark
[73.218s][info][gc          ] GC(201) Pause Remark 309M->309M(612M) 8.104ms
[73.218s][info][gc,cpu      ] GC(201) User=0.01s Sys=0.00s Real=0.01s
[73.219s][info][gc,marking  ] GC(201) Concurrent Mark 57.024ms
[73.219s][info][gc,marking  ] GC(201) Concurrent Rebuild Remembered Sets and Scrub Regions
[73.238s][info][gc,marking  ] GC(201) Concurrent Rebuild Remembered Sets and Scrub Regions 19.363ms
[73.238s][info][gc,start    ] GC(201) Pause Cleanup
[73.238s][info][gc          ] GC(201) Pause Cleanup 317M->317M(612M) 0.064ms
[73.238s][info][gc,cpu      ] GC(201) User=0.00s Sys=0.00s Real=0.00s
[73.238s][info][gc,marking  ] GC(201) Concurrent Clear Claimed Marks
[73.239s][info][gc,marking  ] GC(201) Concurrent Clear Claimed Marks 0.085ms
[73.239s][info][gc,marking  ] GC(201) Concurrent Cleanup for Next Mark
[73.241s][info][gc,marking  ] GC(201) Concurrent Cleanup for Next Mark 2.223ms
[73.241s][info][gc          ] GC(201) Concurrent Mark Cycle 86.327ms
[73.745s][info][gc,start    ] GC(202) Pause Young (Prepare Mixed) (G1 Evacuation Pause)
[73.745s][info][gc,task     ] GC(202) Using 2 workers of 2 for evacuation
[73.749s][info][gc,phases   ] GC(202)   Pre Evacuate Collection Set: 0.28ms
[73.749s][info][gc,phases   ] GC(202)   Merge Heap Roots: 0.13ms
[73.749s][info][gc,phases   ] GC(202)   Evacuate Collection Set: 3.42ms
[73.749s][info][gc,phases   ] GC(202)   Post Evacuate Collection Set: 0.60ms
[73.749s][info][gc,phases   ] GC(202)   Other: 0.08ms
[73.749s][info][gc,heap     ] GC(202) Eden regions: 298->0(301)
[73.749s][info][gc,heap     ] GC(202) Survivor regions: 4->2(38)
[73.749s][info][gc,heap     ] GC(202) Old regions: 67->68
[73.749s][info][gc,heap     ] GC(202) Humongous regions: 207->207
[73.749s][info][gc,metaspace] GC(202) Metaspace: 56040K(56384K)->56040K(56384K) NonClass: 50415K(50688K)->50415K(50688K) Class: 5624K(5696K)->5624K(5696K)
[73.749s][info][gc          ] GC(202) Pause Young (Prepare Mixed) (G1 Evacuation Pause) 575M->276M(612M) 4.677ms
[73.750s][info][gc,cpu      ] GC(202) User=0.01s Sys=0.00s Real=0.00s
[74.340s][info][gc,start    ] GC(203) Pause Young (Mixed) (G1 Evacuation Pause)
[74.340s][info][gc,task     ] GC(203) Using 2 workers of 2 for evacuation
[74.352s][info][gc,phases   ] GC(203)   Pre Evacuate Collection Set: 0.31ms
[74.352s][info][gc,phases   ] GC(203)   Merge Heap Roots: 0.15ms
[74.352s][info][gc,phases   ] GC(203)   Evacuate Collection Set: 9.88ms
[74.352s][info][gc,phases   ] GC(203)   Post Evacuate Collection Set: 1.59ms
[74.352s][info][gc,phases   ] GC(203)   Other: 0.08ms
[74.352s][info][gc,heap     ] GC(203) Eden regions: 301->0(303)
[74.352s][info][gc,heap     ] GC(203) Survivor regions: 2->2(38)
[74.352s][info][gc,heap     ] GC(203) Old regions: 68->66
[74.352s][info][gc,heap     ] GC(203) Humongous regions: 207->207
[74.352s][info][gc,metaspace] GC(203) Metaspace: 56041K(56384K)->56041K(56384K) NonClass: 50417K(50688K)->50417K(50688K) Class: 5624K(5696K)->5624K(5696K)
[74.352s][info][gc          ] GC(203) Pause Young (Mixed) (G1 Evacuation Pause) 577M->274M(612M) 12.203ms
[74.352s][info][gc,cpu      ] GC(203) User=0.02s Sys=0.00s Real=0.02s
[74.950s][info][gc,start    ] GC(204) Pause Young (Concurrent Start) (G1 Evacuation Pause)
[74.950s][info][gc,task     ] GC(204) Using 2 workers of 2 for evacuation
[74.956s][info][gc,phases   ] GC(204)   Pre Evacuate Collection Set: 0.30ms
[74.956s][info][gc,phases   ] GC(204)   Merge Heap Roots: 0.11ms
[74.956s][info][gc,phases   ] GC(204)   Evacuate Collection Set: 4.25ms
[74.956s][info][gc,phases   ] GC(204)   Post Evacuate Collection Set: 0.60ms
[74.956s][info][gc,phases   ] GC(204)   Other: 0.11ms
[74.956s][info][gc,heap     ] GC(204) Eden regions: 303->0(300)
[74.956s][info][gc,heap     ] GC(204) Survivor regions: 2->3(39)
[74.956s][info][gc,heap     ] GC(204) Old regions: 66->67
[74.956s][info][gc,heap     ] GC(204) Humongous regions: 207->207
[74.956s][info][gc,metaspace] GC(204) Metaspace: 56043K(56384K)->56043K(56384K) NonClass: 50419K(50688K)->50419K(50688K) Class: 5624K(5696K)->5624K(5696K)
[74.956s][info][gc          ] GC(204) Pause Young (Concurrent Start) (G1 Evacuation Pause) 577M->275M(612M) 5.528ms
[74.956s][info][gc,cpu      ] GC(204) User=0.00s Sys=0.00s Real=0.01s
[74.956s][info][gc          ] GC(205) Concurrent Mark Cycle
[74.956s][info][gc,marking  ] GC(205) Concurrent Scan Root Regions
[74.961s][info][gc,marking  ] GC(205) Concurrent Scan Root Regions 4.470ms
[74.961s][info][gc,marking  ] GC(205) Concurrent Mark
[74.961s][info][gc,marking  ] GC(205) Concurrent Mark From Roots
[74.961s][info][gc,task     ] GC(205) Using 1 workers of 1 for marking
[75.015s][info][gc,marking  ] GC(205) Concurrent Mark From Roots 54.628ms
[75.015s][info][gc,marking  ] GC(205) Concurrent Preclean
[75.016s][info][gc,marking  ] GC(205) Concurrent Preclean 0.068ms
[75.016s][info][gc,start    ] GC(205) Pause Remark
[75.024s][info][gc          ] GC(205) Pause Remark 306M->306M(612M) 7.907ms
[75.024s][info][gc,cpu      ] GC(205) User=0.01s Sys=0.01s Real=0.01s
[75.024s][info][gc,marking  ] GC(205) Concurrent Mark 63.108ms
[75.024s][info][gc,marking  ] GC(205) Concurrent Rebuild Remembered Sets and Scrub Regions
[75.041s][info][gc,marking  ] GC(205) Concurrent Rebuild Remembered Sets and Scrub Regions 17.183ms
[75.041s][info][gc,start    ] GC(205) Pause Cleanup
[75.041s][info][gc          ] GC(205) Pause Cleanup 313M->313M(612M) 0.060ms
[75.041s][info][gc,cpu      ] GC(205) User=0.00s Sys=0.00s Real=0.00s
[75.041s][info][gc,marking  ] GC(205) Concurrent Clear Claimed Marks
[75.041s][info][gc,marking  ] GC(205) Concurrent Clear Claimed Marks 0.084ms
[75.041s][info][gc,marking  ] GC(205) Concurrent Cleanup for Next Mark
[75.050s][info][gc,marking  ] GC(205) Concurrent Cleanup for Next Mark 8.543ms
[75.050s][info][gc          ] GC(205) Concurrent Mark Cycle 94.323ms
[75.548s][info][gc,start    ] GC(206) Pause Young (Prepare Mixed) (G1 Evacuation Pause)
[75.548s][info][gc,task     ] GC(206) Using 2 workers of 2 for evacuation
[75.554s][info][gc,phases   ] GC(206)   Pre Evacuate Collection Set: 0.26ms
[75.554s][info][gc,phases   ] GC(206)   Merge Heap Roots: 0.11ms
[75.554s][info][gc,phases   ] GC(206)   Evacuate Collection Set: 4.16ms
[75.554s][info][gc,phases   ] GC(206)   Post Evacuate Collection Set: 0.58ms
[75.554s][info][gc,phases   ] GC(206)   Other: 0.08ms
[75.554s][info][gc,heap     ] GC(206) Eden regions: 300->0(300)
[75.554s][info][gc,heap     ] GC(206) Survivor regions: 3->3(38)
[75.554s][info][gc,heap     ] GC(206) Old regions: 67->67
[75.554s][info][gc,heap     ] GC(206) Humongous regions: 207->207
[75.554s][info][gc,metaspace] GC(206) Metaspace: 56043K(56384K)->56043K(56384K) NonClass: 50419K(50688K)->50419K(50688K) Class: 5624K(5696K)->5624K(5696K)
[75.554s][info][gc          ] GC(206) Pause Young (Prepare Mixed) (G1 Evacuation Pause) 575M->275M(612M) 5.374ms
[75.554s][info][gc,cpu      ] GC(206) User=0.01s Sys=0.00s Real=0.01s
[76.152s][info][gc,start    ] GC(207) Pause Young (Mixed) (G1 Evacuation Pause)
[76.152s][info][gc,task     ] GC(207) Using 2 workers of 2 for evacuation
[76.164s][info][gc,phases   ] GC(207)   Pre Evacuate Collection Set: 0.28ms
[76.164s][info][gc,phases   ] GC(207)   Merge Heap Roots: 0.16ms
[76.164s][info][gc,phases   ] GC(207)   Evacuate Collection Set: 10.45ms
[76.164s][info][gc,phases   ] GC(207)   Post Evacuate Collection Set: 1.50ms
[76.164s][info][gc,phases   ] GC(207)   Other: 0.08ms
[76.164s][info][gc,heap     ] GC(207) Eden regions: 300->0(303)
[76.164s][info][gc,heap     ] GC(207) Survivor regions: 3->3(38)
[76.164s][info][gc,heap     ] GC(207) Old regions: 67->64
[76.164s][info][gc,heap     ] GC(207) Humongous regions: 207->207
[76.164s][info][gc,metaspace] GC(207) Metaspace: 56043K(56384K)->56043K(56384K) NonClass: 50419K(50688K)->50419K(50688K) Class: 5624K(5696K)->5624K(5696K)
[76.164s][info][gc          ] GC(207) Pause Young (Mixed) (G1 Evacuation Pause) 575M->273M(612M) 12.638ms
[76.164s][info][gc,cpu      ] GC(207) User=0.03s Sys=0.00s Real=0.02s
[76.750s][info][gc,start    ] GC(208) Pause Young (Concurrent Start) (G1 Evacuation Pause)
[76.750s][info][gc,task     ] GC(208) Using 2 workers of 2 for evacuation
[76.755s][info][gc,phases   ] GC(208)   Pre Evacuate Collection Set: 0.29ms
[76.755s][info][gc,phases   ] GC(208)   Merge Heap Roots: 0.10ms
[76.755s][info][gc,phases   ] GC(208)   Evacuate Collection Set: 3.93ms
[76.755s][info][gc,phases   ] GC(208)   Post Evacuate Collection Set: 0.58ms
[76.755s][info][gc,phases   ] GC(208)   Other: 0.09ms
[76.755s][info][gc,heap     ] GC(208) Eden regions: 303->0(304)
[76.755s][info][gc,heap     ] GC(208) Survivor regions: 3->2(39)
[76.755s][info][gc,heap     ] GC(208) Old regions: 64->65
[76.755s][info][gc,heap     ] GC(208) Humongous regions: 207->207
[76.755s][info][gc,metaspace] GC(208) Metaspace: 56043K(56384K)->56043K(56384K) NonClass: 50419K(50688K)->50419K(50688K) Class: 5624K(5696K)->5624K(5696K)
[76.755s][info][gc          ] GC(208) Pause Young (Concurrent Start) (G1 Evacuation Pause) 576M->273M(612M) 5.158ms
[76.755s][info][gc          ] GC(209) Concurrent Mark Cycle
[76.755s][info][gc,marking  ] GC(209) Concurrent Scan Root Regions
[76.757s][info][gc,cpu      ] GC(208) User=0.01s Sys=0.00s Real=0.01s
[76.759s][info][gc,marking  ] GC(209) Concurrent Scan Root Regions 4.509ms
[76.759s][info][gc,marking  ] GC(209) Concurrent Mark
[76.760s][info][gc,marking  ] GC(209) Concurrent Mark From Roots
[76.760s][info][gc,task     ] GC(209) Using 1 workers of 1 for marking
[76.808s][info][gc,marking  ] GC(209) Concurrent Mark From Roots 48.153ms
[76.808s][info][gc,marking  ] GC(209) Concurrent Preclean
[76.808s][info][gc,marking  ] GC(209) Concurrent Preclean 0.068ms
[76.808s][info][gc,start    ] GC(209) Pause Remark
[76.816s][info][gc          ] GC(209) Pause Remark 301M->301M(612M) 7.990ms
[76.816s][info][gc,cpu      ] GC(209) User=0.02s Sys=0.00s Real=0.01s
[76.816s][info][gc,marking  ] GC(209) Concurrent Mark 56.674ms
[76.816s][info][gc,marking  ] GC(209) Concurrent Rebuild Remembered Sets and Scrub Regions
[76.833s][info][gc,marking  ] GC(209) Concurrent Rebuild Remembered Sets and Scrub Regions 16.820ms
[76.833s][info][gc,start    ] GC(209) Pause Cleanup
[76.833s][info][gc          ] GC(209) Pause Cleanup 304M->304M(612M) 0.053ms
[76.833s][info][gc,cpu      ] GC(209) User=0.00s Sys=0.00s Real=0.00s
[76.833s][info][gc,marking  ] GC(209) Concurrent Clear Claimed Marks
[76.833s][info][gc,marking  ] GC(209) Concurrent Clear Claimed Marks 0.084ms
[76.833s][info][gc,marking  ] GC(209) Concurrent Cleanup for Next Mark
[76.838s][info][gc,marking  ] GC(209) Concurrent Cleanup for Next Mark 4.264ms
[76.838s][info][gc          ] GC(209) Concurrent Mark Cycle 82.738ms
[77.356s][info][gc,start    ] GC(210) Pause Young (Prepare Mixed) (G1 Evacuation Pause)
[77.356s][info][gc,task     ] GC(210) Using 2 workers of 2 for evacuation
[77.361s][info][gc,phases   ] GC(210)   Pre Evacuate Collection Set: 0.28ms
[77.361s][info][gc,phases   ] GC(210)   Merge Heap Roots: 0.12ms
[77.361s][info][gc,phases   ] GC(210)   Evacuate Collection Set: 4.67ms
[77.361s][info][gc,phases   ] GC(210)   Post Evacuate Collection Set: 0.58ms
[77.361s][info][gc,phases   ] GC(210)   Other: 0.08ms
[77.361s][info][gc,heap     ] GC(210) Eden regions: 304->0(302)
[77.362s][info][gc,heap     ] GC(210) Survivor regions: 2->3(39)
[77.362s][info][gc,heap     ] GC(210) Old regions: 65->65
[77.362s][info][gc,heap     ] GC(210) Humongous regions: 207->207
[77.362s][info][gc,metaspace] GC(210) Metaspace: 56043K(56384K)->56043K(56384K) NonClass: 50419K(50688K)->50419K(50688K) Class: 5624K(5696K)->5624K(5696K)
[77.362s][info][gc          ] GC(210) Pause Young (Prepare Mixed) (G1 Evacuation Pause) 577M->274M(612M) 5.897ms
[77.362s][info][gc,cpu      ] GC(210) User=0.01s Sys=0.00s Real=0.00s
[77.966s][info][gc,start    ] GC(211) Pause Young (Mixed) (G1 Evacuation Pause)
[77.966s][info][gc,task     ] GC(211) Using 2 workers of 2 for evacuation
[77.992s][info][gc,phases   ] GC(211)   Pre Evacuate Collection Set: 0.38ms
[77.992s][info][gc,phases   ] GC(211)   Merge Heap Roots: 0.15ms
[77.992s][info][gc,phases   ] GC(211)   Evacuate Collection Set: 22.28ms
[77.992s][info][gc,phases   ] GC(211)   Post Evacuate Collection Set: 2.58ms
[77.992s][info][gc,phases   ] GC(211)   Other: 0.10ms
[77.992s][info][gc,heap     ] GC(211) Eden regions: 302->0(302)
[77.992s][info][gc,heap     ] GC(211) Survivor regions: 3->4(39)
[77.992s][info][gc,heap     ] GC(211) Old regions: 65->63
[77.992s][info][gc,heap     ] GC(211) Humongous regions: 207->207
[77.992s][info][gc,metaspace] GC(211) Metaspace: 56043K(56384K)->56043K(56384K) NonClass: 50419K(50688K)->50419K(50688K) Class: 5624K(5696K)->5624K(5696K)
[77.992s][info][gc          ] GC(211) Pause Young (Mixed) (G1 Evacuation Pause) 576M->273M(612M) 25.662ms
[77.992s][info][gc,cpu      ] GC(211) User=0.03s Sys=0.00s Real=0.02s
[78.558s][info][gc,start    ] GC(212) Pause Young (Concurrent Start) (G1 Evacuation Pause)
[78.558s][info][gc,task     ] GC(212) Using 2 workers of 2 for evacuation
[78.567s][info][gc,phases   ] GC(212)   Pre Evacuate Collection Set: 0.32ms
[78.567s][info][gc,phases   ] GC(212)   Merge Heap Roots: 0.10ms
[78.567s][info][gc,phases   ] GC(212)   Evacuate Collection Set: 7.13ms
[78.567s][info][gc,phases   ] GC(212)   Post Evacuate Collection Set: 0.62ms
[78.567s][info][gc,phases   ] GC(212)   Other: 0.18ms
[78.567s][info][gc,heap     ] GC(212) Eden regions: 302->0(302)
[78.567s][info][gc,heap     ] GC(212) Survivor regions: 4->4(39)
[78.567s][info][gc,heap     ] GC(212) Old regions: 63->63
[78.567s][info][gc,heap     ] GC(212) Humongous regions: 207->207
[78.567s][info][gc,metaspace] GC(212) Metaspace: 56043K(56384K)->56043K(56384K) NonClass: 50419K(50688K)->50419K(50688K) Class: 5624K(5696K)->5624K(5696K)
[78.567s][info][gc          ] GC(212) Pause Young (Concurrent Start) (G1 Evacuation Pause) 575M->273M(612M) 8.528ms
[78.567s][info][gc          ] GC(213) Concurrent Mark Cycle
[78.567s][info][gc,marking  ] GC(213) Concurrent Scan Root Regions
[78.568s][info][gc,cpu      ] GC(212) User=0.02s Sys=0.00s Real=0.01s
[78.573s][info][gc,marking  ] GC(213) Concurrent Scan Root Regions 6.203ms
[78.573s][info][gc,marking  ] GC(213) Concurrent Mark
[78.573s][info][gc,marking  ] GC(213) Concurrent Mark From Roots
[78.573s][info][gc,task     ] GC(213) Using 1 workers of 1 for marking
[78.622s][info][gc,marking  ] GC(213) Concurrent Mark From Roots 49.218ms
[78.622s][info][gc,marking  ] GC(213) Concurrent Preclean
[78.622s][info][gc,marking  ] GC(213) Concurrent Preclean 0.066ms
[78.623s][info][gc,start    ] GC(213) Pause Remark
[78.631s][info][gc          ] GC(213) Pause Remark 288M->288M(612M) 8.510ms
[78.631s][info][gc,cpu      ] GC(213) User=0.02s Sys=0.00s Real=0.00s
[78.632s][info][gc,marking  ] GC(213) Concurrent Mark 58.979ms
[78.632s][info][gc,marking  ] GC(213) Concurrent Rebuild Remembered Sets and Scrub Regions
[78.664s][info][gc,marking  ] GC(213) Concurrent Rebuild Remembered Sets and Scrub Regions 31.401ms
[78.664s][info][gc,start    ] GC(213) Pause Cleanup
[78.664s][info][gc          ] GC(213) Pause Cleanup 316M->316M(612M) 0.074ms
[78.664s][info][gc,cpu      ] GC(213) User=0.00s Sys=0.00s Real=0.00s
[78.664s][info][gc,marking  ] GC(213) Concurrent Clear Claimed Marks
[78.664s][info][gc,marking  ] GC(213) Concurrent Clear Claimed Marks 0.088ms
[78.664s][info][gc,marking  ] GC(213) Concurrent Cleanup for Next Mark
[78.666s][info][gc,marking  ] GC(213) Concurrent Cleanup for Next Mark 1.813ms
[78.666s][info][gc          ] GC(213) Concurrent Mark Cycle 98.881ms
[79.158s][info][gc,start    ] GC(214) Pause Young (Prepare Mixed) (G1 Evacuation Pause)
[79.158s][info][gc,task     ] GC(214) Using 2 workers of 2 for evacuation
[79.163s][info][gc,phases   ] GC(214)   Pre Evacuate Collection Set: 0.28ms
[79.163s][info][gc,phases   ] GC(214)   Merge Heap Roots: 0.13ms
[79.163s][info][gc,phases   ] GC(214)   Evacuate Collection Set: 4.51ms
[79.163s][info][gc,phases   ] GC(214)   Post Evacuate Collection Set: 0.56ms
[79.163s][info][gc,phases   ] GC(214)   Other: 0.11ms
[79.163s][info][gc,heap     ] GC(214) Eden regions: 302->0(304)
[79.163s][info][gc,heap     ] GC(214) Survivor regions: 4->3(39)
[79.163s][info][gc,heap     ] GC(214) Old regions: 63->63
[79.163s][info][gc,heap     ] GC(214) Humongous regions: 207->207
[79.163s][info][gc,metaspace] GC(214) Metaspace: 56043K(56384K)->56043K(56384K) NonClass: 50419K(50688K)->50419K(50688K) Class: 5624K(5696K)->5624K(5696K)
[79.163s][info][gc          ] GC(214) Pause Young (Prepare Mixed) (G1 Evacuation Pause) 574M->272M(612M) 5.754ms
[79.163s][info][gc,cpu      ] GC(214) User=0.01s Sys=0.00s Real=0.01s
[79.770s][info][gc,start    ] GC(215) Pause Young (Mixed) (G1 Evacuation Pause)
[79.770s][info][gc,task     ] GC(215) Using 2 workers of 2 for evacuation
[79.776s][info][gc,phases   ] GC(215)   Pre Evacuate Collection Set: 0.27ms
[79.776s][info][gc,phases   ] GC(215)   Merge Heap Roots: 0.11ms
[79.776s][info][gc,phases   ] GC(215)   Evacuate Collection Set: 4.68ms
[79.776s][info][gc,phases   ] GC(215)   Post Evacuate Collection Set: 0.61ms
[79.776s][info][gc,phases   ] GC(215)   Other: 0.07ms
[79.776s][info][gc,heap     ] GC(215) Eden regions: 304->0(305)
[79.776s][info][gc,heap     ] GC(215) Survivor regions: 3->3(39)
[79.776s][info][gc,heap     ] GC(215) Old regions: 63->62
[79.776s][info][gc,heap     ] GC(215) Humongous regions: 207->207
[79.776s][info][gc,metaspace] GC(215) Metaspace: 56043K(56384K)->56043K(56384K) NonClass: 50419K(50688K)->50419K(50688K) Class: 5624K(5696K)->5624K(5696K)
[79.776s][info][gc          ] GC(215) Pause Young (Mixed) (G1 Evacuation Pause) 576M->271M(612M) 5.921ms
[79.776s][info][gc,cpu      ] GC(215) User=0.01s Sys=0.00s Real=0.01s
[80.377s][info][gc,start    ] GC(216) Pause Young (Concurrent Start) (G1 Evacuation Pause)
[80.377s][info][gc,task     ] GC(216) Using 2 workers of 2 for evacuation
[80.381s][info][gc,phases   ] GC(216)   Pre Evacuate Collection Set: 0.31ms
[80.381s][info][gc,phases   ] GC(216)   Merge Heap Roots: 0.11ms
[80.381s][info][gc,phases   ] GC(216)   Evacuate Collection Set: 2.73ms
[80.381s][info][gc,phases   ] GC(216)   Post Evacuate Collection Set: 0.58ms
[80.381s][info][gc,phases   ] GC(216)   Other: 0.11ms
[80.381s][info][gc,heap     ] GC(216) Eden regions: 305->0(307)
[80.381s][info][gc,heap     ] GC(216) Survivor regions: 3->2(39)
[80.381s][info][gc,heap     ] GC(216) Old regions: 62->62
[80.381s][info][gc,heap     ] GC(216) Humongous regions: 207->207
[80.381s][info][gc,metaspace] GC(216) Metaspace: 56043K(56384K)->56043K(56384K) NonClass: 50419K(50688K)->50419K(50688K) Class: 5624K(5696K)->5624K(5696K)
[80.381s][info][gc          ] GC(216) Pause Young (Concurrent Start) (G1 Evacuation Pause) 576M->270M(612M) 3.994ms
[80.381s][info][gc          ] GC(217) Concurrent Mark Cycle
[80.381s][info][gc,marking  ] GC(217) Concurrent Scan Root Regions
[80.382s][info][gc,cpu      ] GC(216) User=0.01s Sys=0.00s Real=0.01s
[80.384s][info][gc,marking  ] GC(217) Concurrent Scan Root Regions 3.261ms
[80.384s][info][gc,marking  ] GC(217) Concurrent Mark
[80.384s][info][gc,marking  ] GC(217) Concurrent Mark From Roots
[80.384s][info][gc,task     ] GC(217) Using 1 workers of 1 for marking
[80.424s][info][gc,marking  ] GC(217) Concurrent Mark From Roots 39.700ms
[80.424s][info][gc,marking  ] GC(217) Concurrent Preclean
[80.424s][info][gc,marking  ] GC(217) Concurrent Preclean 0.066ms
[80.424s][info][gc,start    ] GC(217) Pause Remark
[80.432s][info][gc          ] GC(217) Pause Remark 274M->274M(612M) 8.007ms
[80.432s][info][gc,cpu      ] GC(217) User=0.01s Sys=0.00s Real=0.01s
[80.432s][info][gc,marking  ] GC(217) Concurrent Mark 48.018ms
[80.432s][info][gc,marking  ] GC(217) Concurrent Rebuild Remembered Sets and Scrub Regions
[80.461s][info][gc,marking  ] GC(217) Concurrent Rebuild Remembered Sets and Scrub Regions 28.555ms
[80.461s][info][gc,start    ] GC(217) Pause Cleanup
[80.461s][info][gc          ] GC(217) Pause Cleanup 300M->300M(612M) 0.080ms
[80.461s][info][gc,cpu      ] GC(217) User=0.00s Sys=0.00s Real=0.00s
[80.463s][info][gc,marking  ] GC(217) Concurrent Clear Claimed Marks
[80.463s][info][gc,marking  ] GC(217) Concurrent Clear Claimed Marks 0.106ms
[80.463s][info][gc,marking  ] GC(217) Concurrent Cleanup for Next Mark
[80.466s][info][gc,marking  ] GC(217) Concurrent Cleanup for Next Mark 3.080ms
[80.466s][info][gc          ] GC(217) Concurrent Mark Cycle 84.900ms
[81.038s][info][gc,start    ] GC(218) Pause Young (Prepare Mixed) (G1 Evacuation Pause)
[81.038s][info][gc,task     ] GC(218) Using 2 workers of 2 for evacuation
[81.041s][info][gc,phases   ] GC(218)   Pre Evacuate Collection Set: 0.26ms
[81.041s][info][gc,phases   ] GC(218)   Merge Heap Roots: 0.12ms
[81.041s][info][gc,phases   ] GC(218)   Evacuate Collection Set: 2.73ms
[81.041s][info][gc,phases   ] GC(218)   Post Evacuate Collection Set: 0.59ms
[81.041s][info][gc,phases   ] GC(218)   Other: 0.08ms
[81.041s][info][gc,heap     ] GC(218) Eden regions: 307->0(307)
[81.041s][info][gc,heap     ] GC(218) Survivor regions: 2->2(39)
[81.041s][info][gc,heap     ] GC(218) Old regions: 62->62
[81.041s][info][gc,heap     ] GC(218) Humongous regions: 207->207
[81.041s][info][gc,metaspace] GC(218) Metaspace: 56043K(56384K)->56043K(56384K) NonClass: 50419K(50688K)->50419K(50688K) Class: 5624K(5696K)->5624K(5696K)
[81.041s][info][gc          ] GC(218) Pause Young (Prepare Mixed) (G1 Evacuation Pause) 577M->270M(612M) 3.940ms
[81.041s][info][gc,cpu      ] GC(218) User=0.01s Sys=0.00s Real=0.00s
[81.646s][info][gc,start    ] GC(219) Pause Young (Mixed) (G1 Evacuation Pause)
[81.646s][info][gc,task     ] GC(219) Using 2 workers of 2 for evacuation
[81.651s][info][gc,phases   ] GC(219)   Pre Evacuate Collection Set: 0.28ms
[81.651s][info][gc,phases   ] GC(219)   Merge Heap Roots: 0.10ms
[81.651s][info][gc,phases   ] GC(219)   Evacuate Collection Set: 3.83ms
[81.651s][info][gc,phases   ] GC(219)   Post Evacuate Collection Set: 0.59ms
[81.651s][info][gc,phases   ] GC(219)   Other: 0.08ms
[81.651s][info][gc,heap     ] GC(219) Eden regions: 307->0(305)
[81.651s][info][gc,heap     ] GC(219) Survivor regions: 2->3(39)
[81.651s][info][gc,heap     ] GC(219) Old regions: 62->62
[81.651s][info][gc,heap     ] GC(219) Humongous regions: 207->207
[81.651s][info][gc,metaspace] GC(219) Metaspace: 56043K(56384K)->56043K(56384K) NonClass: 50419K(50688K)->50419K(50688K) Class: 5624K(5696K)->5624K(5696K)
[81.651s][info][gc          ] GC(219) Pause Young (Mixed) (G1 Evacuation Pause) 577M->270M(612M) 5.044ms
[81.651s][info][gc,cpu      ] GC(219) User=0.01s Sys=0.00s Real=0.00s
[82.247s][info][gc,start    ] GC(220) Pause Young (Concurrent Start) (G1 Evacuation Pause)
[82.247s][info][gc,task     ] GC(220) Using 2 workers of 2 for evacuation
[82.253s][info][gc,phases   ] GC(220)   Pre Evacuate Collection Set: 0.28ms
[82.253s][info][gc,phases   ] GC(220)   Merge Heap Roots: 0.10ms
[82.253s][info][gc,phases   ] GC(220)   Evacuate Collection Set: 4.47ms
[82.253s][info][gc,phases   ] GC(220)   Post Evacuate Collection Set: 0.57ms
[82.253s][info][gc,phases   ] GC(220)   Other: 0.09ms
[82.253s][info][gc,heap     ] GC(220) Eden regions: 305->0(305)
[82.253s][info][gc,heap     ] GC(220) Survivor regions: 3->3(39)
[82.253s][info][gc,heap     ] GC(220) Old regions: 62->62
[82.253s][info][gc,heap     ] GC(220) Humongous regions: 207->207
[82.253s][info][gc,metaspace] GC(220) Metaspace: 56043K(56384K)->56043K(56384K) NonClass: 50419K(50688K)->50419K(50688K) Class: 5624K(5696K)->5624K(5696K)
[82.253s][info][gc          ] GC(220) Pause Young (Concurrent Start) (G1 Evacuation Pause) 575M->270M(612M) 5.710ms
[82.253s][info][gc          ] GC(221) Concurrent Mark Cycle
[82.253s][info][gc,marking  ] GC(221) Concurrent Scan Root Regions
[82.255s][info][gc,cpu      ] GC(220) User=0.02s Sys=0.00s Real=0.01s
[82.259s][info][gc,marking  ] GC(221) Concurrent Scan Root Regions 5.892ms
[82.259s][info][gc,marking  ] GC(221) Concurrent Mark
[82.259s][info][gc,marking  ] GC(221) Concurrent Mark From Roots
[82.259s][info][gc,task     ] GC(221) Using 1 workers of 1 for marking
[82.310s][info][gc,marking  ] GC(221) Concurrent Mark From Roots 51.351ms
[82.310s][info][gc,marking  ] GC(221) Concurrent Preclean
[82.310s][info][gc,marking  ] GC(221) Concurrent Preclean 0.065ms
[82.310s][info][gc,start    ] GC(221) Pause Remark
[82.319s][info][gc          ] GC(221) Pause Remark 300M->300M(612M) 8.105ms
[82.319s][info][gc,cpu      ] GC(221) User=0.02s Sys=0.00s Real=0.01s
[82.319s][info][gc,marking  ] GC(221) Concurrent Mark 59.972ms
[82.319s][info][gc,marking  ] GC(221) Concurrent Rebuild Remembered Sets and Scrub Regions
[82.340s][info][gc,marking  ] GC(221) Concurrent Rebuild Remembered Sets and Scrub Regions 21.442ms
[82.341s][info][gc,start    ] GC(221) Pause Cleanup
[82.341s][info][gc          ] GC(221) Pause Cleanup 310M->310M(612M) 0.073ms
[82.341s][info][gc,cpu      ] GC(221) User=0.00s Sys=0.00s Real=0.00s
[82.342s][info][gc,marking  ] GC(221) Concurrent Clear Claimed Marks
[82.342s][info][gc,marking  ] GC(221) Concurrent Clear Claimed Marks 0.105ms
[82.342s][info][gc,marking  ] GC(221) Concurrent Cleanup for Next Mark
[82.346s][info][gc,marking  ] GC(221) Concurrent Cleanup for Next Mark 3.991ms
[82.346s][info][gc          ] GC(221) Concurrent Mark Cycle 93.040ms
[82.854s][info][gc,start    ] GC(222) Pause Young (Prepare Mixed) (G1 Evacuation Pause)
[82.855s][info][gc,task     ] GC(222) Using 2 workers of 2 for evacuation
[82.864s][info][gc,phases   ] GC(222)   Pre Evacuate Collection Set: 0.36ms
[82.864s][info][gc,phases   ] GC(222)   Merge Heap Roots: 0.14ms
[82.864s][info][gc,phases   ] GC(222)   Evacuate Collection Set: 8.09ms
[82.864s][info][gc,phases   ] GC(222)   Post Evacuate Collection Set: 0.61ms
[82.864s][info][gc,phases   ] GC(222)   Other: 0.08ms
[82.864s][info][gc,heap     ] GC(222) Eden regions: 305->0(303)
[82.864s][info][gc,heap     ] GC(222) Survivor regions: 3->4(39)
[82.864s][info][gc,heap     ] GC(222) Old regions: 62->62
[82.864s][info][gc,heap     ] GC(222) Humongous regions: 207->207
[82.864s][info][gc,metaspace] GC(222) Metaspace: 56043K(56384K)->56043K(56384K) NonClass: 50419K(50688K)->50419K(50688K) Class: 5624K(5696K)->5624K(5696K)
[82.864s][info][gc          ] GC(222) Pause Young (Prepare Mixed) (G1 Evacuation Pause) 575M->271M(612M) 9.446ms
[82.864s][info][gc,cpu      ] GC(222) User=0.01s Sys=0.00s Real=0.01s
[83.457s][info][gc,start    ] GC(223) Pause Young (Mixed) (G1 Evacuation Pause)
[83.457s][info][gc,task     ] GC(223) Using 2 workers of 2 for evacuation
[83.464s][info][gc,phases   ] GC(223)   Pre Evacuate Collection Set: 0.27ms
[83.464s][info][gc,phases   ] GC(223)   Merge Heap Roots: 0.11ms
[83.464s][info][gc,phases   ] GC(223)   Evacuate Collection Set: 5.20ms
[83.464s][info][gc,phases   ] GC(223)   Post Evacuate Collection Set: 0.61ms
[83.464s][info][gc,phases   ] GC(223)   Other: 0.09ms
[83.464s][info][gc,heap     ] GC(223) Eden regions: 303->0(306)
[83.464s][info][gc,heap     ] GC(223) Survivor regions: 4->3(39)
[83.464s][info][gc,heap     ] GC(223) Old regions: 62->61
[83.464s][info][gc,heap     ] GC(223) Humongous regions: 207->207
[83.464s][info][gc,metaspace] GC(223) Metaspace: 56043K(56384K)->56043K(56384K) NonClass: 50419K(50688K)->50419K(50688K) Class: 5624K(5696K)->5624K(5696K)
[83.464s][info][gc          ] GC(223) Pause Young (Mixed) (G1 Evacuation Pause) 574M->269M(612M) 6.473ms
[83.464s][info][gc,cpu      ] GC(223) User=0.01s Sys=0.00s Real=0.01s
[84.060s][info][gc,start    ] GC(224) Pause Young (Concurrent Start) (G1 Evacuation Pause)
[84.061s][info][gc,task     ] GC(224) Using 2 workers of 2 for evacuation
[84.067s][info][gc,phases   ] GC(224)   Pre Evacuate Collection Set: 0.27ms
[84.067s][info][gc,phases   ] GC(224)   Merge Heap Roots: 0.11ms
[84.067s][info][gc,phases   ] GC(224)   Evacuate Collection Set: 5.30ms
[84.067s][info][gc,phases   ] GC(224)   Post Evacuate Collection Set: 0.57ms
[84.067s][info][gc,phases   ] GC(224)   Other: 0.09ms
[84.067s][info][gc,heap     ] GC(224) Eden regions: 306->0(304)
[84.067s][info][gc,heap     ] GC(224) Survivor regions: 3->4(39)
[84.067s][info][gc,heap     ] GC(224) Old regions: 61->61
[84.067s][info][gc,heap     ] GC(224) Humongous regions: 207->207
[84.067s][info][gc,metaspace] GC(224) Metaspace: 56043K(56384K)->56043K(56384K) NonClass: 50419K(50688K)->50419K(50688K) Class: 5624K(5696K)->5624K(5696K)
[84.067s][info][gc          ] GC(224) Pause Young (Concurrent Start) (G1 Evacuation Pause) 575M->270M(612M) 6.528ms
[84.067s][info][gc,cpu      ] GC(224) User=0.01s Sys=0.01s Real=0.01s
[84.067s][info][gc          ] GC(225) Concurrent Mark Cycle
[84.069s][info][gc,marking  ] GC(225) Concurrent Scan Root Regions
[84.075s][info][gc,marking  ] GC(225) Concurrent Scan Root Regions 5.904ms
[84.075s][info][gc,marking  ] GC(225) Concurrent Mark
[84.075s][info][gc,marking  ] GC(225) Concurrent Mark From Roots
[84.075s][info][gc,task     ] GC(225) Using 1 workers of 1 for marking
[84.120s][info][gc,marking  ] GC(225) Concurrent Mark From Roots 44.982ms
[84.120s][info][gc,marking  ] GC(225) Concurrent Preclean
[84.120s][info][gc,marking  ] GC(225) Concurrent Preclean 0.081ms
[84.120s][info][gc,start    ] GC(225) Pause Remark
[84.128s][info][gc          ] GC(225) Pause Remark 286M->286M(612M) 8.002ms
[84.128s][info][gc,cpu      ] GC(225) User=0.01s Sys=0.00s Real=0.01s
[84.129s][info][gc,marking  ] GC(225) Concurrent Mark 53.600ms
[84.129s][info][gc,marking  ] GC(225) Concurrent Rebuild Remembered Sets and Scrub Regions
[84.151s][info][gc,marking  ] GC(225) Concurrent Rebuild Remembered Sets and Scrub Regions 22.483ms
[84.152s][info][gc,start    ] GC(225) Pause Cleanup
[84.152s][info][gc          ] GC(225) Pause Cleanup 304M->304M(612M) 0.070ms
[84.152s][info][gc,cpu      ] GC(225) User=0.00s Sys=0.00s Real=0.00s
[84.152s][info][gc,marking  ] GC(225) Concurrent Clear Claimed Marks
[84.152s][info][gc,marking  ] GC(225) Concurrent Clear Claimed Marks 0.087ms
[84.152s][info][gc,marking  ] GC(225) Concurrent Cleanup for Next Mark
[84.154s][info][gc,marking  ] GC(225) Concurrent Cleanup for Next Mark 2.411ms
[84.154s][info][gc          ] GC(225) Concurrent Mark Cycle 87.229ms
[84.669s][info][gc,start    ] GC(226) Pause Young (Prepare Mixed) (G1 Evacuation Pause)
[84.669s][info][gc,task     ] GC(226) Using 2 workers of 2 for evacuation
[84.673s][info][gc,phases   ] GC(226)   Pre Evacuate Collection Set: 0.27ms
[84.673s][info][gc,phases   ] GC(226)   Merge Heap Roots: 0.12ms
[84.673s][info][gc,phases   ] GC(226)   Evacuate Collection Set: 3.21ms
[84.673s][info][gc,phases   ] GC(226)   Post Evacuate Collection Set: 0.59ms
[84.673s][info][gc,phases   ] GC(226)   Other: 0.11ms
[84.673s][info][gc,heap     ] GC(226) Eden regions: 304->0(308)
[84.673s][info][gc,heap     ] GC(226) Survivor regions: 4->2(39)
[84.673s][info][gc,heap     ] GC(226) Old regions: 61->61
[84.673s][info][gc,heap     ] GC(226) Humongous regions: 207->207
[84.673s][info][gc,metaspace] GC(226) Metaspace: 56043K(56384K)->56043K(56384K) NonClass: 50419K(50688K)->50419K(50688K) Class: 5624K(5696K)->5624K(5696K)
[84.673s][info][gc          ] GC(226) Pause Young (Prepare Mixed) (G1 Evacuation Pause) 574M->268M(612M) 4.494ms
[84.673s][info][gc,cpu      ] GC(226) User=0.00s Sys=0.00s Real=0.01s
[85.332s][info][gc,start    ] GC(227) Pause Young (Mixed) (G1 Evacuation Pause)
[85.332s][info][gc,task     ] GC(227) Using 2 workers of 2 for evacuation
[85.336s][info][gc,phases   ] GC(227)   Pre Evacuate Collection Set: 0.27ms
[85.336s][info][gc,phases   ] GC(227)   Merge Heap Roots: 0.11ms
[85.336s][info][gc,phases   ] GC(227)   Evacuate Collection Set: 3.05ms
[85.336s][info][gc,phases   ] GC(227)   Post Evacuate Collection Set: 0.59ms
[85.336s][info][gc,phases   ] GC(227)   Other: 0.07ms
[85.336s][info][gc,heap     ] GC(227) Eden regions: 308->0(311)
[85.336s][info][gc,heap     ] GC(227) Survivor regions: 2->1(39)
[85.336s][info][gc,heap     ] GC(227) Old regions: 61->60
[85.336s][info][gc,heap     ] GC(227) Humongous regions: 207->207
[85.336s][info][gc,metaspace] GC(227) Metaspace: 56043K(56384K)->56043K(56384K) NonClass: 50419K(50688K)->50419K(50688K) Class: 5624K(5696K)->5624K(5696K)
[85.336s][info][gc          ] GC(227) Pause Young (Mixed) (G1 Evacuation Pause) 576M->267M(612M) 4.265ms
[85.336s][info][gc,cpu      ] GC(227) User=0.01s Sys=0.00s Real=0.00s
[85.946s][info][gc,start    ] GC(228) Pause Young (Concurrent Start) (G1 Evacuation Pause)
[85.946s][info][gc,task     ] GC(228) Using 2 workers of 2 for evacuation
[85.951s][info][gc,phases   ] GC(228)   Pre Evacuate Collection Set: 0.31ms
[85.951s][info][gc,phases   ] GC(228)   Merge Heap Roots: 0.11ms
[85.951s][info][gc,phases   ] GC(228)   Evacuate Collection Set: 3.79ms
[85.951s][info][gc,phases   ] GC(228)   Post Evacuate Collection Set: 0.58ms
[85.951s][info][gc,phases   ] GC(228)   Other: 0.10ms
[85.951s][info][gc,heap     ] GC(228) Eden regions: 311->0(307)
[85.951s][info][gc,heap     ] GC(228) Survivor regions: 1->3(39)
[85.951s][info][gc,heap     ] GC(228) Old regions: 60->60
[85.951s][info][gc,heap     ] GC(228) Humongous regions: 207->207
[85.951s][info][gc,metaspace] GC(228) Metaspace: 56043K(56384K)->56043K(56384K) NonClass: 50419K(50688K)->50419K(50688K) Class: 5624K(5696K)->5624K(5696K)
[85.951s][info][gc          ] GC(228) Pause Young (Concurrent Start) (G1 Evacuation Pause) 578M->269M(612M) 5.052ms
[85.951s][info][gc,cpu      ] GC(228) User=0.01s Sys=0.00s Real=0.00s
[85.951s][info][gc          ] GC(229) Concurrent Mark Cycle
[85.951s][info][gc,marking  ] GC(229) Concurrent Scan Root Regions
[85.955s][info][gc,marking  ] GC(229) Concurrent Scan Root Regions 4.057ms
[85.955s][info][gc,marking  ] GC(229) Concurrent Mark
[85.955s][info][gc,marking  ] GC(229) Concurrent Mark From Roots
[85.955s][info][gc,task     ] GC(229) Using 1 workers of 1 for marking
[86.004s][info][gc,marking  ] GC(229) Concurrent Mark From Roots 49.478ms
[86.004s][info][gc,marking  ] GC(229) Concurrent Preclean
[86.004s][info][gc,marking  ] GC(229) Concurrent Preclean 0.072ms
[86.005s][info][gc,start    ] GC(229) Pause Remark
[86.012s][info][gc          ] GC(229) Pause Remark 304M->304M(612M) 7.857ms
[86.012s][info][gc,cpu      ] GC(229) User=0.02s Sys=0.00s Real=0.01s
[86.013s][info][gc,marking  ] GC(229) Concurrent Mark 57.930ms
[86.013s][info][gc,marking  ] GC(229) Concurrent Rebuild Remembered Sets and Scrub Regions
[86.028s][info][gc,marking  ] GC(229) Concurrent Rebuild Remembered Sets and Scrub Regions 15.263ms
[86.028s][info][gc,start    ] GC(229) Pause Cleanup
[86.028s][info][gc          ] GC(229) Pause Cleanup 304M->304M(612M) 0.047ms
[86.028s][info][gc,cpu      ] GC(229) User=0.00s Sys=0.00s Real=0.00s
[86.028s][info][gc,marking  ] GC(229) Concurrent Clear Claimed Marks
[86.028s][info][gc,marking  ] GC(229) Concurrent Clear Claimed Marks 0.085ms
[86.028s][info][gc,marking  ] GC(229) Concurrent Cleanup for Next Mark
[86.030s][info][gc,marking  ] GC(229) Concurrent Cleanup for Next Mark 1.746ms
[86.030s][info][gc          ] GC(229) Concurrent Mark Cycle 79.343ms
[86.546s][info][gc,start    ] GC(230) Pause Young (Prepare Mixed) (G1 Evacuation Pause)
[86.546s][info][gc,task     ] GC(230) Using 2 workers of 2 for evacuation
[86.551s][info][gc,phases   ] GC(230)   Pre Evacuate Collection Set: 0.27ms
[86.551s][info][gc,phases   ] GC(230)   Merge Heap Roots: 0.12ms
[86.551s][info][gc,phases   ] GC(230)   Evacuate Collection Set: 4.14ms
[86.551s][info][gc,phases   ] GC(230)   Post Evacuate Collection Set: 0.58ms
[86.551s][info][gc,phases   ] GC(230)   Other: 0.08ms
[86.551s][info][gc,heap     ] GC(230) Eden regions: 307->0(305)
[86.551s][info][gc,heap     ] GC(230) Survivor regions: 3->4(39)
[86.551s][info][gc,heap     ] GC(230) Old regions: 60->60
[86.551s][info][gc,heap     ] GC(230) Humongous regions: 207->207
[86.551s][info][gc,metaspace] GC(230) Metaspace: 56043K(56384K)->56043K(56384K) NonClass: 50419K(50688K)->50419K(50688K) Class: 5624K(5696K)->5624K(5696K)
[86.551s][info][gc          ] GC(230) Pause Young (Prepare Mixed) (G1 Evacuation Pause) 576M->269M(612M) 5.412ms
[86.551s][info][gc,cpu      ] GC(230) User=0.01s Sys=0.00s Real=0.00s
[87.148s][info][gc,start    ] GC(231) Pause Young (Mixed) (G1 Evacuation Pause)
[87.148s][info][gc,task     ] GC(231) Using 2 workers of 2 for evacuation
[87.153s][info][gc,phases   ] GC(231)   Pre Evacuate Collection Set: 0.27ms
[87.153s][info][gc,phases   ] GC(231)   Merge Heap Roots: 0.11ms
[87.153s][info][gc,phases   ] GC(231)   Evacuate Collection Set: 3.99ms
[87.153s][info][gc,phases   ] GC(231)   Post Evacuate Collection Set: 0.59ms
[87.153s][info][gc,phases   ] GC(231)   Other: 0.07ms
[87.153s][info][gc,heap     ] GC(231) Eden regions: 305->0(307)
[87.153s][info][gc,heap     ] GC(231) Survivor regions: 4->3(39)
[87.153s][info][gc,heap     ] GC(231) Old regions: 60->60
[87.153s][info][gc,heap     ] GC(231) Humongous regions: 207->207
[87.153s][info][gc,metaspace] GC(231) Metaspace: 56043K(56384K)->56043K(56384K) NonClass: 50419K(50688K)->50419K(50688K) Class: 5624K(5696K)->5624K(5696K)
[87.153s][info][gc          ] GC(231) Pause Young (Mixed) (G1 Evacuation Pause) 574M->268M(612M) 5.204ms
[87.153s][info][gc,cpu      ] GC(231) User=0.01s Sys=0.00s Real=0.01s
[87.757s][info][gc,start    ] GC(232) Pause Young (Concurrent Start) (G1 Evacuation Pause)
[87.757s][info][gc,task     ] GC(232) Using 2 workers of 2 for evacuation
[87.764s][info][gc,phases   ] GC(232)   Pre Evacuate Collection Set: 0.30ms
[87.764s][info][gc,phases   ] GC(232)   Merge Heap Roots: 0.11ms
[87.764s][info][gc,phases   ] GC(232)   Evacuate Collection Set: 5.47ms
[87.764s][info][gc,phases   ] GC(232)   Post Evacuate Collection Set: 0.59ms
[87.764s][info][gc,phases   ] GC(232)   Other: 0.09ms
[87.764s][info][gc,heap     ] GC(232) Eden regions: 307->0(305)
[87.764s][info][gc,heap     ] GC(232) Survivor regions: 3->4(39)
[87.764s][info][gc,heap     ] GC(232) Old regions: 60->60
[87.764s][info][gc,heap     ] GC(232) Humongous regions: 207->207
[87.764s][info][gc,metaspace] GC(232) Metaspace: 56043K(56384K)->56043K(56384K) NonClass: 50419K(50688K)->50419K(50688K) Class: 5624K(5696K)->5624K(5696K)
[87.764s][info][gc          ] GC(232) Pause Young (Concurrent Start) (G1 Evacuation Pause) 575M->269M(612M) 6.729ms
[87.764s][info][gc,cpu      ] GC(232) User=0.01s Sys=0.00s Real=0.01s
[87.764s][info][gc          ] GC(233) Concurrent Mark Cycle
[87.764s][info][gc,marking  ] GC(233) Concurrent Scan Root Regions
[87.768s][info][gc,marking  ] GC(233) Concurrent Scan Root Regions 3.410ms
[87.768s][info][gc,marking  ] GC(233) Concurrent Mark
[87.768s][info][gc,marking  ] GC(233) Concurrent Mark From Roots
[87.768s][info][gc,task     ] GC(233) Using 1 workers of 1 for marking
[87.807s][info][gc,marking  ] GC(233) Concurrent Mark From Roots 39.414ms
[87.807s][info][gc,marking  ] GC(233) Concurrent Preclean
[87.807s][info][gc,marking  ] GC(233) Concurrent Preclean 0.062ms
[87.808s][info][gc,start    ] GC(233) Pause Remark
[87.815s][info][gc          ] GC(233) Pause Remark 283M->283M(612M) 7.791ms
[87.815s][info][gc,cpu      ] GC(233) User=0.01s Sys=0.00s Real=0.01s
[87.816s][info][gc,marking  ] GC(233) Concurrent Mark 47.618ms
[87.816s][info][gc,marking  ] GC(233) Concurrent Rebuild Remembered Sets and Scrub Regions
[87.831s][info][gc,marking  ] GC(233) Concurrent Rebuild Remembered Sets and Scrub Regions 15.589ms
[87.832s][info][gc,start    ] GC(233) Pause Cleanup
[87.832s][info][gc          ] GC(233) Pause Cleanup 284M->284M(612M) 0.063ms
[87.832s][info][gc,cpu      ] GC(233) User=0.00s Sys=0.00s Real=0.00s
[87.832s][info][gc,marking  ] GC(233) Concurrent Clear Claimed Marks
[87.832s][info][gc,marking  ] GC(233) Concurrent Clear Claimed Marks 0.078ms
[87.832s][info][gc,marking  ] GC(233) Concurrent Cleanup for Next Mark
[87.834s][info][gc,marking  ] GC(233) Concurrent Cleanup for Next Mark 1.814ms
[87.834s][info][gc          ] GC(233) Concurrent Mark Cycle 69.773ms
[88.368s][info][gc,start    ] GC(234) Pause Young (Prepare Mixed) (G1 Evacuation Pause)
[88.369s][info][gc,task     ] GC(234) Using 2 workers of 2 for evacuation
[88.374s][info][gc,phases   ] GC(234)   Pre Evacuate Collection Set: 0.27ms
[88.374s][info][gc,phases   ] GC(234)   Merge Heap Roots: 0.13ms
[88.374s][info][gc,phases   ] GC(234)   Evacuate Collection Set: 4.16ms
[88.374s][info][gc,phases   ] GC(234)   Post Evacuate Collection Set: 0.59ms
[88.374s][info][gc,phases   ] GC(234)   Other: 0.10ms
[88.374s][info][gc,heap     ] GC(234) Eden regions: 305->0(307)
[88.374s][info][gc,heap     ] GC(234) Survivor regions: 4->3(39)
[88.374s][info][gc,heap     ] GC(234) Old regions: 60->60
[88.374s][info][gc,heap     ] GC(234) Humongous regions: 207->207
[88.374s][info][gc,metaspace] GC(234) Metaspace: 56043K(56384K)->56043K(56384K) NonClass: 50419K(50688K)->50419K(50688K) Class: 5624K(5696K)->5624K(5696K)
[88.374s][info][gc          ] GC(234) Pause Young (Prepare Mixed) (G1 Evacuation Pause) 574M->268M(612M) 5.418ms
[88.374s][info][gc,cpu      ] GC(234) User=0.01s Sys=0.00s Real=0.01s
[89.079s][info][gc,start    ] GC(235) Pause Young (Mixed) (G1 Evacuation Pause)
[89.079s][info][gc,task     ] GC(235) Using 2 workers of 2 for evacuation
[89.083s][info][gc,phases   ] GC(235)   Pre Evacuate Collection Set: 0.28ms
[89.083s][info][gc,phases   ] GC(235)   Merge Heap Roots: 0.10ms
[89.083s][info][gc,phases   ] GC(235)   Evacuate Collection Set: 2.93ms
[89.083s][info][gc,phases   ] GC(235)   Post Evacuate Collection Set: 0.59ms
[89.083s][info][gc,phases   ] GC(235)   Other: 0.10ms
[89.083s][info][gc,heap     ] GC(235) Eden regions: 307->0(310)
[89.083s][info][gc,heap     ] GC(235) Survivor regions: 3->2(39)
[89.083s][info][gc,heap     ] GC(235) Old regions: 60->59
[89.083s][info][gc,heap     ] GC(235) Humongous regions: 207->207
[89.083s][info][gc,metaspace] GC(235) Metaspace: 56045K(56384K)->56045K(56384K) NonClass: 50420K(50688K)->50420K(50688K) Class: 5624K(5696K)->5624K(5696K)
[89.083s][info][gc          ] GC(235) Pause Young (Mixed) (G1 Evacuation Pause) 575M->266M(612M) 4.168ms
[89.083s][info][gc,cpu      ] GC(235) User=0.01s Sys=0.00s Real=0.01s
[89.738s][info][gc,start    ] GC(236) Pause Young (Concurrent Start) (G1 Evacuation Pause)
[89.738s][info][gc,task     ] GC(236) Using 2 workers of 2 for evacuation
[89.742s][info][gc,phases   ] GC(236)   Pre Evacuate Collection Set: 0.28ms
[89.742s][info][gc,phases   ] GC(236)   Merge Heap Roots: 0.10ms
[89.742s][info][gc,phases   ] GC(236)   Evacuate Collection Set: 2.94ms
[89.742s][info][gc,phases   ] GC(236)   Post Evacuate Collection Set: 0.62ms
[89.742s][info][gc,phases   ] GC(236)   Other: 0.09ms
[89.743s][info][gc,heap     ] GC(236) Eden regions: 310->0(310)
[89.743s][info][gc,heap     ] GC(236) Survivor regions: 2->2(39)
[89.743s][info][gc,heap     ] GC(236) Old regions: 59->59
[89.743s][info][gc,heap     ] GC(236) Humongous regions: 207->207
[89.743s][info][gc,metaspace] GC(236) Metaspace: 56045K(56384K)->56045K(56384K) NonClass: 50420K(50688K)->50420K(50688K) Class: 5624K(5696K)->5624K(5696K)
[89.743s][info][gc          ] GC(236) Pause Young (Concurrent Start) (G1 Evacuation Pause) 576M->266M(612M) 4.187ms
[89.743s][info][gc,cpu      ] GC(236) User=0.01s Sys=0.00s Real=0.01s
[89.743s][info][gc          ] GC(237) Concurrent Mark Cycle
[89.743s][info][gc,marking  ] GC(237) Concurrent Scan Root Regions
[89.746s][info][gc,marking  ] GC(237) Concurrent Scan Root Regions 2.441ms
[89.746s][info][gc,marking  ] GC(237) Concurrent Mark
[89.746s][info][gc,marking  ] GC(237) Concurrent Mark From Roots
[89.746s][info][gc,task     ] GC(237) Using 1 workers of 1 for marking
[89.805s][info][gc,marking  ] GC(237) Concurrent Mark From Roots 59.095ms
[89.805s][info][gc,marking  ] GC(237) Concurrent Preclean
[89.805s][info][gc,marking  ] GC(237) Concurrent Preclean 0.069ms
[89.805s][info][gc,start    ] GC(237) Pause Remark
[89.813s][info][gc          ] GC(237) Pause Remark 306M->306M(612M) 7.813ms
[89.813s][info][gc,cpu      ] GC(237) User=0.01s Sys=0.00s Real=0.01s
[89.814s][info][gc,marking  ] GC(237) Concurrent Mark 67.900ms
[89.814s][info][gc,marking  ] GC(237) Concurrent Rebuild Remembered Sets and Scrub Regions
[89.830s][info][gc,marking  ] GC(237) Concurrent Rebuild Remembered Sets and Scrub Regions 16.509ms
[89.830s][info][gc,start    ] GC(237) Pause Cleanup
[89.830s][info][gc          ] GC(237) Pause Cleanup 306M->306M(612M) 0.055ms
[89.830s][info][gc,cpu      ] GC(237) User=0.00s Sys=0.00s Real=0.00s
[89.830s][info][gc,marking  ] GC(237) Concurrent Clear Claimed Marks
[89.830s][info][gc,marking  ] GC(237) Concurrent Clear Claimed Marks 0.088ms
[89.830s][info][gc,marking  ] GC(237) Concurrent Cleanup for Next Mark
[89.833s][info][gc,marking  ] GC(237) Concurrent Cleanup for Next Mark 2.677ms
[89.833s][info][gc          ] GC(237) Concurrent Mark Cycle 90.412ms
[90.349s][info][gc,start    ] GC(238) Pause Young (Prepare Mixed) (G1 Evacuation Pause)
[90.349s][info][gc,task     ] GC(238) Using 2 workers of 2 for evacuation
[90.354s][info][gc,phases   ] GC(238)   Pre Evacuate Collection Set: 0.28ms
[90.354s][info][gc,phases   ] GC(238)   Merge Heap Roots: 0.12ms
[90.354s][info][gc,phases   ] GC(238)   Evacuate Collection Set: 4.66ms
[90.354s][info][gc,phases   ] GC(238)   Post Evacuate Collection Set: 0.60ms
[90.355s][info][gc,phases   ] GC(238)   Other: 0.08ms
[90.355s][info][gc,heap     ] GC(238) Eden regions: 310->0(306)
[90.355s][info][gc,heap     ] GC(238) Survivor regions: 2->4(39)
[90.355s][info][gc,heap     ] GC(238) Old regions: 59->59
[90.355s][info][gc,heap     ] GC(238) Humongous regions: 207->207
[90.355s][info][gc,metaspace] GC(238) Metaspace: 56045K(56384K)->56045K(56384K) NonClass: 50420K(50688K)->50420K(50688K) Class: 5624K(5696K)->5624K(5696K)
[90.355s][info][gc          ] GC(238) Pause Young (Prepare Mixed) (G1 Evacuation Pause) 576M->268M(612M) 5.903ms
[90.355s][info][gc,cpu      ] GC(238) User=0.01s Sys=0.00s Real=0.01s
[90.954s][info][gc,start    ] GC(239) Pause Young (Mixed) (G1 Evacuation Pause)
[90.954s][info][gc,task     ] GC(239) Using 2 workers of 2 for evacuation
[90.960s][info][gc,phases   ] GC(239)   Pre Evacuate Collection Set: 0.28ms
[90.960s][info][gc,phases   ] GC(239)   Merge Heap Roots: 0.09ms
[90.960s][info][gc,phases   ] GC(239)   Evacuate Collection Set: 4.84ms
[90.960s][info][gc,phases   ] GC(239)   Post Evacuate Collection Set: 0.58ms
[90.960s][info][gc,phases   ] GC(239)   Other: 0.08ms
[90.960s][info][gc,heap     ] GC(239) Eden regions: 306->0(309)
[90.960s][info][gc,heap     ] GC(239) Survivor regions: 4->3(39)
[90.960s][info][gc,heap     ] GC(239) Old regions: 59->58
[90.960s][info][gc,heap     ] GC(239) Humongous regions: 207->207
[90.960s][info][gc,metaspace] GC(239) Metaspace: 56045K(56384K)->56045K(56384K) NonClass: 50420K(50688K)->50420K(50688K) Class: 5624K(5696K)->5624K(5696K)
[90.960s][info][gc          ] GC(239) Pause Young (Mixed) (G1 Evacuation Pause) 574M->267M(612M) 6.066ms
[90.960s][info][gc,cpu      ] GC(239) User=0.01s Sys=0.00s Real=0.00s
[91.561s][info][gc,start    ] GC(240) Pause Young (Concurrent Start) (G1 Evacuation Pause)
[91.561s][info][gc,task     ] GC(240) Using 2 workers of 2 for evacuation
[91.568s][info][gc,phases   ] GC(240)   Pre Evacuate Collection Set: 0.29ms
[91.568s][info][gc,phases   ] GC(240)   Merge Heap Roots: 0.10ms
[91.568s][info][gc,phases   ] GC(240)   Evacuate Collection Set: 5.40ms
[91.568s][info][gc,phases   ] GC(240)   Post Evacuate Collection Set: 0.58ms
[91.568s][info][gc,phases   ] GC(240)   Other: 0.10ms
[91.568s][info][gc,heap     ] GC(240) Eden regions: 309->0(307)
[91.568s][info][gc,heap     ] GC(240) Survivor regions: 3->4(39)
[91.568s][info][gc,heap     ] GC(240) Old regions: 58->58
[91.568s][info][gc,heap     ] GC(240) Humongous regions: 207->207
[91.568s][info][gc,metaspace] GC(240) Metaspace: 56045K(56384K)->56045K(56384K) NonClass: 50420K(50688K)->50420K(50688K) Class: 5624K(5696K)->5624K(5696K)
[91.568s][info][gc          ] GC(240) Pause Young (Concurrent Start) (G1 Evacuation Pause) 576M->268M(612M) 6.649ms
[91.568s][info][gc,cpu      ] GC(240) User=0.01s Sys=0.00s Real=0.01s
[91.568s][info][gc          ] GC(241) Concurrent Mark Cycle
[91.568s][info][gc,marking  ] GC(241) Concurrent Scan Root Regions
[91.573s][info][gc,marking  ] GC(241) Concurrent Scan Root Regions 4.764ms
[91.573s][info][gc,marking  ] GC(241) Concurrent Mark
[91.573s][info][gc,marking  ] GC(241) Concurrent Mark From Roots
[91.573s][info][gc,task     ] GC(241) Using 1 workers of 1 for marking
[91.615s][info][gc,marking  ] GC(241) Concurrent Mark From Roots 42.213ms
[91.615s][info][gc,marking  ] GC(241) Concurrent Preclean
[91.615s][info][gc,marking  ] GC(241) Concurrent Preclean 0.062ms
[91.615s][info][gc,start    ] GC(241) Pause Remark
[91.623s][info][gc          ] GC(241) Pause Remark 281M->281M(612M) 7.810ms
[91.623s][info][gc,cpu      ] GC(241) User=0.01s Sys=0.00s Real=0.01s
[91.623s][info][gc,marking  ] GC(241) Concurrent Mark 50.298ms
[91.623s][info][gc,marking  ] GC(241) Concurrent Rebuild Remembered Sets and Scrub Regions
[91.647s][info][gc,marking  ] GC(241) Concurrent Rebuild Remembered Sets and Scrub Regions 24.106ms
[91.648s][info][gc,start    ] GC(241) Pause Cleanup
[91.648s][info][gc          ] GC(241) Pause Cleanup 295M->295M(612M) 0.069ms
[91.648s][info][gc,cpu      ] GC(241) User=0.00s Sys=0.00s Real=0.00s
[91.648s][info][gc,marking  ] GC(241) Concurrent Clear Claimed Marks
[91.648s][info][gc,marking  ] GC(241) Concurrent Clear Claimed Marks 0.081ms
[91.648s][info][gc,marking  ] GC(241) Concurrent Cleanup for Next Mark
[91.652s][info][gc,marking  ] GC(241) Concurrent Cleanup for Next Mark 3.815ms
[91.652s][info][gc          ] GC(241) Concurrent Mark Cycle 84.328ms
[92.263s][info][gc,start    ] GC(242) Pause Young (Prepare Mixed) (G1 Evacuation Pause)
[92.263s][info][gc,task     ] GC(242) Using 2 workers of 2 for evacuation
[92.268s][info][gc,phases   ] GC(242)   Pre Evacuate Collection Set: 0.29ms
[92.269s][info][gc,phases   ] GC(242)   Merge Heap Roots: 0.12ms
[92.269s][info][gc,phases   ] GC(242)   Evacuate Collection Set: 4.32ms
[92.269s][info][gc,phases   ] GC(242)   Post Evacuate Collection Set: 0.61ms
[92.269s][info][gc,phases   ] GC(242)   Other: 0.08ms
[92.269s][info][gc,heap     ] GC(242) Eden regions: 307->0(309)
[92.269s][info][gc,heap     ] GC(242) Survivor regions: 4->3(39)
[92.269s][info][gc,heap     ] GC(242) Old regions: 58->58
[92.269s][info][gc,heap     ] GC(242) Humongous regions: 207->207
[92.269s][info][gc,metaspace] GC(242) Metaspace: 56045K(56384K)->56045K(56384K) NonClass: 50420K(50688K)->50420K(50688K) Class: 5624K(5696K)->5624K(5696K)
[92.269s][info][gc          ] GC(242) Pause Young (Prepare Mixed) (G1 Evacuation Pause) 575M->267M(612M) 5.594ms
[92.269s][info][gc,cpu      ] GC(242) User=0.01s Sys=0.00s Real=0.00s
[92.780s][info][gc,start    ] GC(243) Pause Young (Mixed) (G1 Evacuation Pause)
[92.780s][info][gc,task     ] GC(243) Using 2 workers of 2 for evacuation
[92.785s][info][gc,phases   ] GC(243)   Pre Evacuate Collection Set: 0.27ms
[92.785s][info][gc,phases   ] GC(243)   Merge Heap Roots: 0.10ms
[92.785s][info][gc,phases   ] GC(243)   Evacuate Collection Set: 4.11ms
[92.785s][info][gc,phases   ] GC(243)   Post Evacuate Collection Set: 0.67ms
[92.785s][info][gc,phases   ] GC(243)   Other: 0.09ms
[92.785s][info][gc,heap     ] GC(243) Eden regions: 309->0(313)
[92.785s][info][gc,heap     ] GC(243) Survivor regions: 3->1(39)
[92.785s][info][gc,heap     ] GC(243) Old regions: 58->58
[92.785s][info][gc,heap     ] GC(243) Humongous regions: 207->207
[92.785s][info][gc,metaspace] GC(243) Metaspace: 56045K(56384K)->56045K(56384K) NonClass: 50420K(50688K)->50420K(50688K) Class: 5624K(5696K)->5624K(5696K)
[92.786s][info][gc          ] GC(243) Pause Young (Mixed) (G1 Evacuation Pause) 576M->265M(612M) 5.415ms
[92.786s][info][gc,cpu      ] GC(243) User=0.01s Sys=0.00s Real=0.01s
[93.442s][info][gc,start    ] GC(244) Pause Young (Concurrent Start) (G1 Evacuation Pause)
[93.442s][info][gc,task     ] GC(244) Using 2 workers of 2 for evacuation
[93.447s][info][gc,phases   ] GC(244)   Pre Evacuate Collection Set: 0.29ms
[93.447s][info][gc,phases   ] GC(244)   Merge Heap Roots: 0.10ms
[93.447s][info][gc,phases   ] GC(244)   Evacuate Collection Set: 3.61ms
[93.447s][info][gc,phases   ] GC(244)   Post Evacuate Collection Set: 0.58ms
[93.447s][info][gc,phases   ] GC(244)   Other: 0.10ms
[93.447s][info][gc,heap     ] GC(244) Eden regions: 313->0(311)
[93.447s][info][gc,heap     ] GC(244) Survivor regions: 1->2(40)
[93.447s][info][gc,heap     ] GC(244) Old regions: 58->58
[93.447s][info][gc,heap     ] GC(244) Humongous regions: 207->207
[93.447s][info][gc,metaspace] GC(244) Metaspace: 56045K(56384K)->56045K(56384K) NonClass: 50420K(50688K)->50420K(50688K) Class: 5624K(5696K)->5624K(5696K)
[93.447s][info][gc          ] GC(244) Pause Young (Concurrent Start) (G1 Evacuation Pause) 578M->266M(612M) 4.843ms
[93.447s][info][gc          ] GC(245) Concurrent Mark Cycle
[93.447s][info][gc,marking  ] GC(245) Concurrent Scan Root Regions
[93.449s][info][gc,cpu      ] GC(244) User=0.01s Sys=0.00s Real=0.00s
[93.450s][info][gc,marking  ] GC(245) Concurrent Scan Root Regions 2.914ms
[93.450s][info][gc,marking  ] GC(245) Concurrent Mark
[93.450s][info][gc,marking  ] GC(245) Concurrent Mark From Roots
[93.450s][info][gc,task     ] GC(245) Using 1 workers of 1 for marking
[93.502s][info][gc,marking  ] GC(245) Concurrent Mark From Roots 51.970ms
[93.502s][info][gc,marking  ] GC(245) Concurrent Preclean
[93.502s][info][gc,marking  ] GC(245) Concurrent Preclean 0.073ms
[93.502s][info][gc,start    ] GC(245) Pause Remark
[93.510s][info][gc          ] GC(245) Pause Remark 301M->301M(612M) 7.741ms
[93.510s][info][gc,cpu      ] GC(245) User=0.01s Sys=0.00s Real=0.00s
[93.511s][info][gc,marking  ] GC(245) Concurrent Mark 60.839ms
[93.511s][info][gc,marking  ] GC(245) Concurrent Rebuild Remembered Sets and Scrub Regions
[93.536s][info][gc,marking  ] GC(245) Concurrent Rebuild Remembered Sets and Scrub Regions 25.358ms
[93.536s][info][gc,start    ] GC(245) Pause Cleanup
[93.536s][info][gc          ] GC(245) Pause Cleanup 311M->311M(612M) 0.076ms
[93.536s][info][gc,cpu      ] GC(245) User=0.00s Sys=0.00s Real=0.00s
[93.537s][info][gc,marking  ] GC(245) Concurrent Clear Claimed Marks
[93.537s][info][gc,marking  ] GC(245) Concurrent Clear Claimed Marks 0.095ms
[93.537s][info][gc,marking  ] GC(245) Concurrent Cleanup for Next Mark
[93.541s][info][gc,marking  ] GC(245) Concurrent Cleanup for Next Mark 3.423ms
[93.541s][info][gc          ] GC(245) Concurrent Mark Cycle 93.772ms
[94.049s][info][gc,start    ] GC(246) Pause Young (Prepare Mixed) (G1 Evacuation Pause)
[94.049s][info][gc,task     ] GC(246) Using 2 workers of 2 for evacuation
[94.054s][info][gc,phases   ] GC(246)   Pre Evacuate Collection Set: 0.29ms
[94.054s][info][gc,phases   ] GC(246)   Merge Heap Roots: 0.14ms
[94.054s][info][gc,phases   ] GC(246)   Evacuate Collection Set: 3.96ms
[94.054s][info][gc,phases   ] GC(246)   Post Evacuate Collection Set: 0.59ms
[94.054s][info][gc,phases   ] GC(246)   Other: 0.07ms
[94.054s][info][gc,heap     ] GC(246) Eden regions: 311->0(309)
[94.054s][info][gc,heap     ] GC(246) Survivor regions: 2->3(40)
[94.054s][info][gc,heap     ] GC(246) Old regions: 58->58
[94.054s][info][gc,heap     ] GC(246) Humongous regions: 207->207
[94.054s][info][gc,metaspace] GC(246) Metaspace: 56045K(56384K)->56045K(56384K) NonClass: 50420K(50688K)->50420K(50688K) Class: 5624K(5696K)->5624K(5696K)
[94.054s][info][gc          ] GC(246) Pause Young (Prepare Mixed) (G1 Evacuation Pause) 577M->267M(612M) 5.217ms
[94.055s][info][gc,cpu      ] GC(246) User=0.01s Sys=0.00s Real=0.01s
[94.655s][info][gc,start    ] GC(247) Pause Young (Mixed) (G1 Evacuation Pause)
[94.655s][info][gc,task     ] GC(247) Using 2 workers of 2 for evacuation
[94.668s][info][gc,phases   ] GC(247)   Pre Evacuate Collection Set: 0.28ms
[94.668s][info][gc,phases   ] GC(247)   Merge Heap Roots: 0.12ms
[94.668s][info][gc,phases   ] GC(247)   Evacuate Collection Set: 10.94ms
[94.668s][info][gc,phases   ] GC(247)   Post Evacuate Collection Set: 1.46ms
[94.668s][info][gc,phases   ] GC(247)   Other: 0.07ms
[94.668s][info][gc,heap     ] GC(247) Eden regions: 309->0(307)
[94.668s][info][gc,heap     ] GC(247) Survivor regions: 3->4(39)
[94.668s][info][gc,heap     ] GC(247) Old regions: 58->58
[94.668s][info][gc,heap     ] GC(247) Humongous regions: 207->207
[94.668s][info][gc,metaspace] GC(247) Metaspace: 56045K(56384K)->56045K(56384K) NonClass: 50420K(50688K)->50420K(50688K) Class: 5624K(5696K)->5624K(5696K)
[94.668s][info][gc          ] GC(247) Pause Young (Mixed) (G1 Evacuation Pause) 576M->268M(612M) 13.041ms
[94.668s][info][gc,cpu      ] GC(247) User=0.03s Sys=0.00s Real=0.01s
[95.311s][info][gc,start    ] GC(248) Pause Young (Concurrent Start) (G1 Evacuation Pause)
[95.311s][info][gc,task     ] GC(248) Using 2 workers of 2 for evacuation
[95.316s][info][gc,phases   ] GC(248)   Pre Evacuate Collection Set: 0.29ms
[95.316s][info][gc,phases   ] GC(248)   Merge Heap Roots: 0.10ms
[95.316s][info][gc,phases   ] GC(248)   Evacuate Collection Set: 4.29ms
[95.316s][info][gc,phases   ] GC(248)   Post Evacuate Collection Set: 0.60ms
[95.316s][info][gc,phases   ] GC(248)   Other: 0.10ms
[95.316s][info][gc,heap     ] GC(248) Eden regions: 307->0(309)
[95.316s][info][gc,heap     ] GC(248) Survivor regions: 4->3(39)
[95.316s][info][gc,heap     ] GC(248) Old regions: 58->58
[95.316s][info][gc,heap     ] GC(248) Humongous regions: 207->207
[95.316s][info][gc,metaspace] GC(248) Metaspace: 56047K(56384K)->56047K(56384K) NonClass: 50423K(50688K)->50423K(50688K) Class: 5624K(5696K)->5624K(5696K)
[95.316s][info][gc          ] GC(248) Pause Young (Concurrent Start) (G1 Evacuation Pause) 575M->267M(612M) 5.544ms
[95.316s][info][gc          ] GC(249) Concurrent Mark Cycle
[95.316s][info][gc,marking  ] GC(249) Concurrent Scan Root Regions
[95.317s][info][gc,cpu      ] GC(248) User=0.02s Sys=0.00s Real=0.01s
[95.321s][info][gc,marking  ] GC(249) Concurrent Scan Root Regions 4.669ms
[95.321s][info][gc,marking  ] GC(249) Concurrent Mark
[95.321s][info][gc,marking  ] GC(249) Concurrent Mark From Roots
[95.321s][info][gc,task     ] GC(249) Using 1 workers of 1 for marking
[95.388s][info][gc,marking  ] GC(249) Concurrent Mark From Roots 67.015ms
[95.388s][info][gc,marking  ] GC(249) Concurrent Preclean
[95.388s][info][gc,marking  ] GC(249) Concurrent Preclean 0.076ms
[95.388s][info][gc,start    ] GC(249) Pause Remark
[95.396s][info][gc          ] GC(249) Pause Remark 320M->320M(612M) 7.891ms
[95.396s][info][gc,cpu      ] GC(249) User=0.02s Sys=0.00s Real=0.01s
[95.396s][info][gc,marking  ] GC(249) Concurrent Mark 75.322ms
[95.396s][info][gc,marking  ] GC(249) Concurrent Rebuild Remembered Sets and Scrub Regions
[95.413s][info][gc,marking  ] GC(249) Concurrent Rebuild Remembered Sets and Scrub Regions 16.545ms
[95.413s][info][gc,start    ] GC(249) Pause Cleanup
[95.413s][info][gc          ] GC(249) Pause Cleanup 326M->326M(612M) 0.078ms
[95.413s][info][gc,cpu      ] GC(249) User=0.00s Sys=0.00s Real=0.00s
[95.413s][info][gc,marking  ] GC(249) Concurrent Clear Claimed Marks
[95.413s][info][gc,marking  ] GC(249) Concurrent Clear Claimed Marks 0.091ms
[95.413s][info][gc,marking  ] GC(249) Concurrent Cleanup for Next Mark
[95.415s][info][gc,marking  ] GC(249) Concurrent Cleanup for Next Mark 1.877ms
[95.415s][info][gc          ] GC(249) Concurrent Mark Cycle 98.838ms
[95.935s][info][gc,start    ] GC(250) Pause Young (Prepare Mixed) (G1 Evacuation Pause)
[95.935s][info][gc,task     ] GC(250) Using 2 workers of 2 for evacuation
[95.940s][info][gc,phases   ] GC(250)   Pre Evacuate Collection Set: 0.33ms
[95.940s][info][gc,phases   ] GC(250)   Merge Heap Roots: 0.13ms
[95.940s][info][gc,phases   ] GC(250)   Evacuate Collection Set: 3.85ms
[95.940s][info][gc,phases   ] GC(250)   Post Evacuate Collection Set: 0.63ms
[95.940s][info][gc,phases   ] GC(250)   Other: 0.08ms
[95.940s][info][gc,heap     ] GC(250) Eden regions: 309->0(313)
[95.940s][info][gc,heap     ] GC(250) Survivor regions: 3->1(39)
[95.940s][info][gc,heap     ] GC(250) Old regions: 58->58
[95.940s][info][gc,heap     ] GC(250) Humongous regions: 207->207
[95.940s][info][gc,metaspace] GC(250) Metaspace: 56048K(56384K)->56048K(56384K) NonClass: 50423K(50688K)->50423K(50688K) Class: 5624K(5696K)->5624K(5696K)
[95.940s][info][gc          ] GC(250) Pause Young (Prepare Mixed) (G1 Evacuation Pause) 576M->265M(612M) 5.184ms
[95.940s][info][gc,cpu      ] GC(250) User=0.01s Sys=0.00s Real=0.00s
[96.545s][info][gc,start    ] GC(251) Pause Young (Mixed) (G1 Evacuation Pause)
[96.545s][info][gc,task     ] GC(251) Using 2 workers of 2 for evacuation
[96.551s][info][gc,phases   ] GC(251)   Pre Evacuate Collection Set: 0.26ms
[96.551s][info][gc,phases   ] GC(251)   Merge Heap Roots: 0.11ms
[96.551s][info][gc,phases   ] GC(251)   Evacuate Collection Set: 4.34ms
[96.551s][info][gc,phases   ] GC(251)   Post Evacuate Collection Set: 0.61ms
[96.551s][info][gc,phases   ] GC(251)   Other: 0.08ms
[96.551s][info][gc,heap     ] GC(251) Eden regions: 313->0(309)
[96.551s][info][gc,heap     ] GC(251) Survivor regions: 1->3(40)
[96.551s][info][gc,heap     ] GC(251) Old regions: 58->58
[96.551s][info][gc,heap     ] GC(251) Humongous regions: 207->207
[96.551s][info][gc,metaspace] GC(251) Metaspace: 56051K(56384K)->56051K(56384K) NonClass: 50427K(50688K)->50427K(50688K) Class: 5624K(5696K)->5624K(5696K)
[96.551s][info][gc          ] GC(251) Pause Young (Mixed) (G1 Evacuation Pause) 578M->267M(612M) 5.566ms
[96.551s][info][gc,cpu      ] GC(251) User=0.01s Sys=0.00s Real=0.00s
[97.147s][info][gc,start    ] GC(252) Pause Young (Concurrent Start) (G1 Evacuation Pause)
[97.147s][info][gc,task     ] GC(252) Using 2 workers of 2 for evacuation
[97.153s][info][gc,phases   ] GC(252)   Pre Evacuate Collection Set: 0.28ms
[97.153s][info][gc,phases   ] GC(252)   Merge Heap Roots: 0.10ms
[97.153s][info][gc,phases   ] GC(252)   Evacuate Collection Set: 4.71ms
[97.153s][info][gc,phases   ] GC(252)   Post Evacuate Collection Set: 0.62ms
[97.153s][info][gc,phases   ] GC(252)   Other: 0.10ms
[97.153s][info][gc,heap     ] GC(252) Eden regions: 309->0(309)
[97.153s][info][gc,heap     ] GC(252) Survivor regions: 3->3(39)
[97.153s][info][gc,heap     ] GC(252) Old regions: 58->58
[97.153s][info][gc,heap     ] GC(252) Humongous regions: 207->207
[97.153s][info][gc,metaspace] GC(252) Metaspace: 56051K(56384K)->56051K(56384K) NonClass: 50427K(50688K)->50427K(50688K) Class: 5624K(5696K)->5624K(5696K)
[97.153s][info][gc          ] GC(252) Pause Young (Concurrent Start) (G1 Evacuation Pause) 576M->267M(612M) 6.030ms
[97.153s][info][gc,cpu      ] GC(252) User=0.01s Sys=0.00s Real=0.01s
[97.154s][info][gc          ] GC(253) Concurrent Mark Cycle
[97.154s][info][gc,marking  ] GC(253) Concurrent Scan Root Regions
[97.163s][info][gc,marking  ] GC(253) Concurrent Scan Root Regions 8.679ms
[97.163s][info][gc,marking  ] GC(253) Concurrent Mark
[97.163s][info][gc,marking  ] GC(253) Concurrent Mark From Roots
[97.163s][info][gc,task     ] GC(253) Using 1 workers of 1 for marking
[97.226s][info][gc,marking  ] GC(253) Concurrent Mark From Roots 62.914ms
[97.226s][info][gc,marking  ] GC(253) Concurrent Preclean
[97.226s][info][gc,marking  ] GC(253) Concurrent Preclean 0.078ms
[97.226s][info][gc,start    ] GC(253) Pause Remark
[97.234s][info][gc          ] GC(253) Pause Remark 291M->291M(612M) 7.887ms
[97.234s][info][gc,cpu      ] GC(253) User=0.02s Sys=0.00s Real=0.01s
[97.234s][info][gc,marking  ] GC(253) Concurrent Mark 71.397ms
[97.234s][info][gc,marking  ] GC(253) Concurrent Rebuild Remembered Sets and Scrub Regions
[97.288s][info][gc,marking  ] GC(253) Concurrent Rebuild Remembered Sets and Scrub Regions 54.183ms
[97.289s][info][gc,start    ] GC(253) Pause Cleanup
[97.289s][info][gc          ] GC(253) Pause Cleanup 321M->321M(612M) 0.094ms
[97.289s][info][gc,cpu      ] GC(253) User=0.00s Sys=0.00s Real=0.00s
[97.289s][info][gc,marking  ] GC(253) Concurrent Clear Claimed Marks
[97.290s][info][gc,marking  ] GC(253) Concurrent Clear Claimed Marks 0.111ms
[97.290s][info][gc,marking  ] GC(253) Concurrent Cleanup for Next Mark
[97.298s][info][gc,marking  ] GC(253) Concurrent Cleanup for Next Mark 8.013ms
[97.298s][info][gc          ] GC(253) Concurrent Mark Cycle 143.744ms
[97.759s][info][gc,start    ] GC(254) Pause Young (Prepare Mixed) (G1 Evacuation Pause)
[97.759s][info][gc,task     ] GC(254) Using 2 workers of 2 for evacuation
[97.765s][info][gc,phases   ] GC(254)   Pre Evacuate Collection Set: 0.29ms
[97.765s][info][gc,phases   ] GC(254)   Merge Heap Roots: 0.13ms
[97.765s][info][gc,phases   ] GC(254)   Evacuate Collection Set: 5.13ms
[97.765s][info][gc,phases   ] GC(254)   Post Evacuate Collection Set: 0.58ms
[97.765s][info][gc,phases   ] GC(254)   Other: 0.09ms
[97.765s][info][gc,heap     ] GC(254) Eden regions: 309->0(307)
[97.765s][info][gc,heap     ] GC(254) Survivor regions: 3->4(39)
[97.765s][info][gc,heap     ] GC(254) Old regions: 58->58
[97.765s][info][gc,heap     ] GC(254) Humongous regions: 207->207
[97.765s][info][gc,metaspace] GC(254) Metaspace: 56051K(56384K)->56051K(56384K) NonClass: 50427K(50688K)->50427K(50688K) Class: 5624K(5696K)->5624K(5696K)
[97.765s][info][gc          ] GC(254) Pause Young (Prepare Mixed) (G1 Evacuation Pause) 576M->267M(612M) 6.383ms
[97.765s][info][gc,cpu      ] GC(254) User=0.02s Sys=0.00s Real=0.01s
[98.473s][info][gc,start    ] GC(255) Pause Young (Mixed) (G1 Evacuation Pause)
[98.473s][info][gc,task     ] GC(255) Using 2 workers of 2 for evacuation
[98.480s][info][gc,phases   ] GC(255)   Pre Evacuate Collection Set: 0.41ms
[98.480s][info][gc,phases   ] GC(255)   Merge Heap Roots: 0.12ms
[98.480s][info][gc,phases   ] GC(255)   Evacuate Collection Set: 5.18ms
[98.480s][info][gc,phases   ] GC(255)   Post Evacuate Collection Set: 0.64ms
[98.480s][info][gc,phases   ] GC(255)   Other: 0.08ms
[98.480s][info][gc,heap     ] GC(255) Eden regions: 307->0(311)
[98.480s][info][gc,heap     ] GC(255) Survivor regions: 4->2(39)
[98.480s][info][gc,heap     ] GC(255) Old regions: 58->58
[98.480s][info][gc,heap     ] GC(255) Humongous regions: 207->207
[98.480s][info][gc,metaspace] GC(255) Metaspace: 56051K(56384K)->56051K(56384K) NonClass: 50427K(50688K)->50427K(50688K) Class: 5624K(5696K)->5624K(5696K)
[98.480s][info][gc          ] GC(255) Pause Young (Mixed) (G1 Evacuation Pause) 574M->266M(612M) 6.600ms
[98.480s][info][gc,cpu      ] GC(255) User=0.01s Sys=0.00s Real=0.00s
[99.037s][info][gc,start    ] GC(256) Pause Young (Concurrent Start) (G1 Evacuation Pause)
[99.037s][info][gc,task     ] GC(256) Using 2 workers of 2 for evacuation
[99.041s][info][gc,phases   ] GC(256)   Pre Evacuate Collection Set: 0.27ms
[99.042s][info][gc,phases   ] GC(256)   Merge Heap Roots: 0.10ms
[99.042s][info][gc,phases   ] GC(256)   Evacuate Collection Set: 2.96ms
[99.042s][info][gc,phases   ] GC(256)   Post Evacuate Collection Set: 0.79ms
[99.042s][info][gc,phases   ] GC(256)   Other: 0.11ms
[99.042s][info][gc,heap     ] GC(256) Eden regions: 311->0(311)
[99.042s][info][gc,heap     ] GC(256) Survivor regions: 2->2(40)
[99.042s][info][gc,heap     ] GC(256) Old regions: 58->58
[99.042s][info][gc,heap     ] GC(256) Humongous regions: 207->207
[99.042s][info][gc,metaspace] GC(256) Metaspace: 56051K(56384K)->56051K(56384K) NonClass: 50427K(50688K)->50427K(50688K) Class: 5624K(5696K)->5624K(5696K)
[99.042s][info][gc          ] GC(256) Pause Young (Concurrent Start) (G1 Evacuation Pause) 577M->265M(612M) 4.403ms
[99.042s][info][gc,cpu      ] GC(256) User=0.00s Sys=0.00s Real=0.00s
[99.042s][info][gc          ] GC(257) Concurrent Mark Cycle
[99.042s][info][gc,marking  ] GC(257) Concurrent Scan Root Regions
[99.046s][info][gc,marking  ] GC(257) Concurrent Scan Root Regions 4.451ms
[99.046s][info][gc,marking  ] GC(257) Concurrent Mark
[99.046s][info][gc,marking  ] GC(257) Concurrent Mark From Roots
[99.046s][info][gc,task     ] GC(257) Using 1 workers of 1 for marking
[99.110s][info][gc,marking  ] GC(257) Concurrent Mark From Roots 63.755ms
[99.110s][info][gc,marking  ] GC(257) Concurrent Preclean
[99.110s][info][gc,marking  ] GC(257) Concurrent Preclean 0.073ms
[99.110s][info][gc,start    ] GC(257) Pause Remark
[99.119s][info][gc          ] GC(257) Pause Remark 309M->309M(612M) 8.607ms
[99.119s][info][gc,cpu      ] GC(257) User=0.01s Sys=0.00s Real=0.01s
[99.119s][info][gc,marking  ] GC(257) Concurrent Mark 72.880ms
[99.119s][info][gc,marking  ] GC(257) Concurrent Rebuild Remembered Sets and Scrub Regions
[99.135s][info][gc,marking  ] GC(257) Concurrent Rebuild Remembered Sets and Scrub Regions 16.221ms
[99.135s][info][gc,start    ] GC(257) Pause Cleanup
[99.136s][info][gc          ] GC(257) Pause Cleanup 313M->313M(612M) 0.052ms
[99.136s][info][gc,cpu      ] GC(257) User=0.00s Sys=0.00s Real=0.00s
[99.136s][info][gc,marking  ] GC(257) Concurrent Clear Claimed Marks
[99.136s][info][gc,marking  ] GC(257) Concurrent Clear Claimed Marks 0.080ms
[99.136s][info][gc,marking  ] GC(257) Concurrent Cleanup for Next Mark
[99.137s][info][gc,marking  ] GC(257) Concurrent Cleanup for Next Mark 1.770ms
[99.137s][info][gc          ] GC(257) Concurrent Mark Cycle 95.795ms
[99.663s][info][gc,start    ] GC(258) Pause Young (Prepare Mixed) (G1 Evacuation Pause)
[99.663s][info][gc,task     ] GC(258) Using 2 workers of 2 for evacuation
[99.667s][info][gc,phases   ] GC(258)   Pre Evacuate Collection Set: 0.28ms
[99.667s][info][gc,phases   ] GC(258)   Merge Heap Roots: 0.12ms
[99.667s][info][gc,phases   ] GC(258)   Evacuate Collection Set: 3.46ms
[99.667s][info][gc,phases   ] GC(258)   Post Evacuate Collection Set: 0.60ms
[99.667s][info][gc,phases   ] GC(258)   Other: 0.08ms
[99.667s][info][gc,heap     ] GC(258) Eden regions: 311->0(309)
[99.667s][info][gc,heap     ] GC(258) Survivor regions: 2->3(40)
[99.667s][info][gc,heap     ] GC(258) Old regions: 58->58
[99.667s][info][gc,heap     ] GC(258) Humongous regions: 207->207
[99.667s][info][gc,metaspace] GC(258) Metaspace: 56051K(56384K)->56051K(56384K) NonClass: 50427K(50688K)->50427K(50688K) Class: 5624K(5696K)->5624K(5696K)
[99.667s][info][gc          ] GC(258) Pause Young (Prepare Mixed) (G1 Evacuation Pause) 576M->267M(612M) 4.714ms
[99.667s][info][gc,cpu      ] GC(258) User=0.00s Sys=0.00s Real=0.00s
[100.247s][info][gc,start    ] GC(259) Pause Young (Mixed) (G1 Evacuation Pause)
[100.247s][info][gc,task     ] GC(259) Using 2 workers of 2 for evacuation
[100.254s][info][gc,phases   ] GC(259)   Pre Evacuate Collection Set: 0.29ms
[100.254s][info][gc,phases   ] GC(259)   Merge Heap Roots: 0.11ms
[100.254s][info][gc,phases   ] GC(259)   Evacuate Collection Set: 5.81ms
[100.254s][info][gc,phases   ] GC(259)   Post Evacuate Collection Set: 0.61ms
[100.254s][info][gc,phases   ] GC(259)   Other: 0.07ms
[100.254s][info][gc,heap     ] GC(259) Eden regions: 309->0(309)
[100.254s][info][gc,heap     ] GC(259) Survivor regions: 3->3(39)
[100.254s][info][gc,heap     ] GC(259) Old regions: 58->58
[100.254s][info][gc,heap     ] GC(259) Humongous regions: 207->207
[100.254s][info][gc,metaspace] GC(259) Metaspace: 56056K(56384K)->56056K(56384K) NonClass: 50431K(50688K)->50431K(50688K) Class: 5624K(5696K)->5624K(5696K)
[100.254s][info][gc          ] GC(259) Pause Young (Mixed) (G1 Evacuation Pause) 576M->266M(612M) 7.052ms
[100.254s][info][gc,cpu      ] GC(259) User=0.01s Sys=0.00s Real=0.01s
[100.861s][info][gc,start    ] GC(260) Pause Young (Concurrent Start) (G1 Evacuation Pause)
[100.861s][info][gc,task     ] GC(260) Using 2 workers of 2 for evacuation
[100.869s][info][gc,phases   ] GC(260)   Pre Evacuate Collection Set: 0.37ms
[100.869s][info][gc,phases   ] GC(260)   Merge Heap Roots: 0.18ms
[100.869s][info][gc,phases   ] GC(260)   Evacuate Collection Set: 6.54ms
[100.869s][info][gc,phases   ] GC(260)   Post Evacuate Collection Set: 0.62ms
[100.869s][info][gc,phases   ] GC(260)   Other: 0.18ms
[100.869s][info][gc,heap     ] GC(260) Eden regions: 309->0(307)
[100.869s][info][gc,heap     ] GC(260) Survivor regions: 3->4(39)
[100.869s][info][gc,heap     ] GC(260) Old regions: 58->58
[100.869s][info][gc,heap     ] GC(260) Humongous regions: 207->207
[100.869s][info][gc,metaspace] GC(260) Metaspace: 56056K(56384K)->56056K(56384K) NonClass: 50431K(50688K)->50431K(50688K) Class: 5624K(5696K)->5624K(5696K)
[100.869s][info][gc          ] GC(260) Pause Young (Concurrent Start) (G1 Evacuation Pause) 575M->268M(612M) 8.075ms
[100.869s][info][gc,cpu      ] GC(260) User=0.01s Sys=0.00s Real=0.01s
[100.870s][info][gc          ] GC(261) Concurrent Mark Cycle
[100.870s][info][gc,marking  ] GC(261) Concurrent Scan Root Regions
[100.878s][info][gc,marking  ] GC(261) Concurrent Scan Root Regions 7.434ms
[100.878s][info][gc,marking  ] GC(261) Concurrent Mark
[100.878s][info][gc,marking  ] GC(261) Concurrent Mark From Roots
[100.878s][info][gc,task     ] GC(261) Using 1 workers of 1 for marking
[100.924s][info][gc,marking  ] GC(261) Concurrent Mark From Roots 46.011ms
[100.924s][info][gc,marking  ] GC(261) Concurrent Preclean
[100.924s][info][gc,marking  ] GC(261) Concurrent Preclean 0.071ms
[100.924s][info][gc,start    ] GC(261) Pause Remark
[100.932s][info][gc          ] GC(261) Pause Remark 281M->281M(612M) 7.810ms
[100.932s][info][gc,cpu      ] GC(261) User=0.02s Sys=0.00s Real=0.00s
[100.932s][info][gc,marking  ] GC(261) Concurrent Mark 54.286ms
[100.932s][info][gc,marking  ] GC(261) Concurrent Rebuild Remembered Sets and Scrub Regions
[100.947s][info][gc,marking  ] GC(261) Concurrent Rebuild Remembered Sets and Scrub Regions 15.201ms
[100.947s][info][gc,start    ] GC(261) Pause Cleanup
[100.947s][info][gc          ] GC(261) Pause Cleanup 293M->293M(612M) 0.062ms
[100.948s][info][gc,cpu      ] GC(261) User=0.00s Sys=0.00s Real=0.00s
[100.948s][info][gc,marking  ] GC(261) Concurrent Clear Claimed Marks
[100.948s][info][gc,marking  ] GC(261) Concurrent Clear Claimed Marks 0.079ms
[100.948s][info][gc,marking  ] GC(261) Concurrent Cleanup for Next Mark
[100.949s][info][gc,marking  ] GC(261) Concurrent Cleanup for Next Mark 1.774ms
[100.949s][info][gc          ] GC(261) Concurrent Mark Cycle 79.171ms
[101.478s][info][gc,start    ] GC(262) Pause Young (Prepare Mixed) (G1 Evacuation Pause)
[101.478s][info][gc,task     ] GC(262) Using 2 workers of 2 for evacuation
[101.481s][info][gc,phases   ] GC(262)   Pre Evacuate Collection Set: 0.32ms
[101.481s][info][gc,phases   ] GC(262)   Merge Heap Roots: 0.16ms
[101.481s][info][gc,phases   ] GC(262)   Evacuate Collection Set: 2.11ms
[101.481s][info][gc,phases   ] GC(262)   Post Evacuate Collection Set: 0.59ms
[101.481s][info][gc,phases   ] GC(262)   Other: 0.08ms
[101.481s][info][gc,heap     ] GC(262) Eden regions: 307->0(313)
[101.481s][info][gc,heap     ] GC(262) Survivor regions: 4->1(39)
[101.481s][info][gc,heap     ] GC(262) Old regions: 58->58
[101.481s][info][gc,heap     ] GC(262) Humongous regions: 207->207
[101.481s][info][gc,metaspace] GC(262) Metaspace: 56056K(56384K)->56056K(56384K) NonClass: 50431K(50688K)->50431K(50688K) Class: 5624K(5696K)->5624K(5696K)
[101.481s][info][gc          ] GC(262) Pause Young (Prepare Mixed) (G1 Evacuation Pause) 575M->265M(612M) 3.421ms
[101.481s][info][gc,cpu      ] GC(262) User=0.00s Sys=0.00s Real=0.00s
[102.138s][info][gc,start    ] GC(263) Pause Young (Mixed) (G1 Evacuation Pause)
[102.138s][info][gc,task     ] GC(263) Using 2 workers of 2 for evacuation
[102.143s][info][gc,phases   ] GC(263)   Pre Evacuate Collection Set: 0.27ms
[102.143s][info][gc,phases   ] GC(263)   Merge Heap Roots: 0.10ms
[102.143s][info][gc,phases   ] GC(263)   Evacuate Collection Set: 3.73ms
[102.143s][info][gc,phases   ] GC(263)   Post Evacuate Collection Set: 0.60ms
[102.143s][info][gc,phases   ] GC(263)   Other: 0.07ms
[102.143s][info][gc,heap     ] GC(263) Eden regions: 313->0(311)
[102.143s][info][gc,heap     ] GC(263) Survivor regions: 1->2(40)
[102.143s][info][gc,heap     ] GC(263) Old regions: 58->58
[102.143s][info][gc,heap     ] GC(263) Humongous regions: 207->207
[102.143s][info][gc,metaspace] GC(263) Metaspace: 56056K(56384K)->56056K(56384K) NonClass: 50431K(50688K)->50431K(50688K) Class: 5624K(5696K)->5624K(5696K)
[102.143s][info][gc          ] GC(263) Pause Young (Mixed) (G1 Evacuation Pause) 578M->266M(612M) 4.959ms
[102.143s][info][gc,cpu      ] GC(263) User=0.01s Sys=0.00s Real=0.01s
[102.799s][info][gc,start    ] GC(264) Pause Young (Concurrent Start) (G1 Evacuation Pause)
[102.799s][info][gc,task     ] GC(264) Using 2 workers of 2 for evacuation
[102.804s][info][gc,phases   ] GC(264)   Pre Evacuate Collection Set: 0.28ms
[102.804s][info][gc,phases   ] GC(264)   Merge Heap Roots: 0.11ms
[102.804s][info][gc,phases   ] GC(264)   Evacuate Collection Set: 4.25ms
[102.804s][info][gc,phases   ] GC(264)   Post Evacuate Collection Set: 0.60ms
[102.804s][info][gc,phases   ] GC(264)   Other: 0.09ms
[102.804s][info][gc,heap     ] GC(264) Eden regions: 311->0(309)
[102.804s][info][gc,heap     ] GC(264) Survivor regions: 2->3(40)
[102.804s][info][gc,heap     ] GC(264) Old regions: 58->58
[102.804s][info][gc,heap     ] GC(264) Humongous regions: 207->207
[102.804s][info][gc,metaspace] GC(264) Metaspace: 56056K(56384K)->56056K(56384K) NonClass: 50431K(50688K)->50431K(50688K) Class: 5624K(5696K)->5624K(5696K)
[102.805s][info][gc          ] GC(264) Pause Young (Concurrent Start) (G1 Evacuation Pause) 577M->267M(612M) 5.505ms
[102.805s][info][gc,cpu      ] GC(264) User=0.01s Sys=0.00s Real=0.01s
[102.805s][info][gc          ] GC(265) Concurrent Mark Cycle
[102.805s][info][gc,marking  ] GC(265) Concurrent Scan Root Regions
[102.812s][info][gc,marking  ] GC(265) Concurrent Scan Root Regions 7.223ms
[102.812s][info][gc,marking  ] GC(265) Concurrent Mark
[102.812s][info][gc,marking  ] GC(265) Concurrent Mark From Roots
[102.812s][info][gc,task     ] GC(265) Using 1 workers of 1 for marking
[102.890s][info][gc,marking  ] GC(265) Concurrent Mark From Roots 78.283ms
[102.890s][info][gc,marking  ] GC(265) Concurrent Preclean
[102.890s][info][gc,marking  ] GC(265) Concurrent Preclean 0.095ms
[102.891s][info][gc,start    ] GC(265) Pause Remark
[102.898s][info][gc          ] GC(265) Pause Remark 330M->330M(612M) 7.849ms
[102.898s][info][gc,cpu      ] GC(265) User=0.01s Sys=0.00s Real=0.01s
[102.899s][info][gc,marking  ] GC(265) Concurrent Mark 86.881ms
[102.899s][info][gc,marking  ] GC(265) Concurrent Rebuild Remembered Sets and Scrub Regions
[102.928s][info][gc,marking  ] GC(265) Concurrent Rebuild Remembered Sets and Scrub Regions 29.467ms
[102.928s][info][gc,start    ] GC(265) Pause Cleanup
[102.928s][info][gc          ] GC(265) Pause Cleanup 344M->344M(612M) 0.069ms
[102.928s][info][gc,cpu      ] GC(265) User=0.00s Sys=0.00s Real=0.00s
[102.928s][info][gc,marking  ] GC(265) Concurrent Clear Claimed Marks
[102.929s][info][gc,marking  ] GC(265) Concurrent Clear Claimed Marks 0.088ms
[102.929s][info][gc,marking  ] GC(265) Concurrent Cleanup for Next Mark
[102.930s][info][gc,marking  ] GC(265) Concurrent Cleanup for Next Mark 1.854ms
[102.930s][info][gc          ] GC(265) Concurrent Mark Cycle 125.799ms
[103.354s][info][gc,start    ] GC(266) Pause Young (Prepare Mixed) (G1 Evacuation Pause)
[103.354s][info][gc,task     ] GC(266) Using 2 workers of 2 for evacuation
[103.359s][info][gc,phases   ] GC(266)   Pre Evacuate Collection Set: 0.28ms
[103.359s][info][gc,phases   ] GC(266)   Merge Heap Roots: 0.12ms
[103.359s][info][gc,phases   ] GC(266)   Evacuate Collection Set: 4.45ms
[103.359s][info][gc,phases   ] GC(266)   Post Evacuate Collection Set: 0.58ms
[103.359s][info][gc,phases   ] GC(266)   Other: 0.08ms
[103.359s][info][gc,heap     ] GC(266) Eden regions: 309->0(309)
[103.359s][info][gc,heap     ] GC(266) Survivor regions: 3->3(39)
[103.359s][info][gc,heap     ] GC(266) Old regions: 58->58
[103.359s][info][gc,heap     ] GC(266) Humongous regions: 207->207
[103.359s][info][gc,metaspace] GC(266) Metaspace: 56056K(56384K)->56056K(56384K) NonClass: 50431K(50688K)->50431K(50688K) Class: 5624K(5696K)->5624K(5696K)
[103.359s][info][gc          ] GC(266) Pause Young (Prepare Mixed) (G1 Evacuation Pause) 576M->267M(612M) 5.700ms
[103.359s][info][gc,cpu      ] GC(266) User=0.01s Sys=0.00s Real=0.00s
[103.970s][info][gc,start    ] GC(267) Pause Young (Mixed) (G1 Evacuation Pause)
[103.970s][info][gc,task     ] GC(267) Using 2 workers of 2 for evacuation
[103.977s][info][gc,phases   ] GC(267)   Pre Evacuate Collection Set: 0.26ms
[103.977s][info][gc,phases   ] GC(267)   Merge Heap Roots: 0.13ms
[103.977s][info][gc,phases   ] GC(267)   Evacuate Collection Set: 5.73ms
[103.977s][info][gc,phases   ] GC(267)   Post Evacuate Collection Set: 0.62ms
[103.977s][info][gc,phases   ] GC(267)   Other: 0.09ms
[103.977s][info][gc,heap     ] GC(267) Eden regions: 309->0(309)
[103.977s][info][gc,heap     ] GC(267) Survivor regions: 3->3(39)
[103.977s][info][gc,heap     ] GC(267) Old regions: 58->58
[103.977s][info][gc,heap     ] GC(267) Humongous regions: 207->207
[103.977s][info][gc,metaspace] GC(267) Metaspace: 56056K(56384K)->56056K(56384K) NonClass: 50431K(50688K)->50431K(50688K) Class: 5624K(5696K)->5624K(5696K)
[103.977s][info][gc          ] GC(267) Pause Young (Mixed) (G1 Evacuation Pause) 576M->267M(612M) 7.005ms
[103.977s][info][gc,cpu      ] GC(267) User=0.02s Sys=0.00s Real=0.01s
[104.631s][info][gc,start    ] GC(268) Pause Young (Concurrent Start) (G1 Evacuation Pause)
[104.631s][info][gc,task     ] GC(268) Using 2 workers of 2 for evacuation
[104.634s][info][gc,phases   ] GC(268)   Pre Evacuate Collection Set: 0.28ms
[104.634s][info][gc,phases   ] GC(268)   Merge Heap Roots: 0.10ms
[104.634s][info][gc,phases   ] GC(268)   Evacuate Collection Set: 1.98ms
[104.634s][info][gc,phases   ] GC(268)   Post Evacuate Collection Set: 0.61ms
[104.634s][info][gc,phases   ] GC(268)   Other: 0.09ms
[104.634s][info][gc,heap     ] GC(268) Eden regions: 309->0(313)
[104.634s][info][gc,heap     ] GC(268) Survivor regions: 3->1(39)
[104.634s][info][gc,heap     ] GC(268) Old regions: 58->58
[104.634s][info][gc,heap     ] GC(268) Humongous regions: 207->207
[104.634s][info][gc,metaspace] GC(268) Metaspace: 56056K(56384K)->56056K(56384K) NonClass: 50431K(50688K)->50431K(50688K) Class: 5624K(5696K)->5624K(5696K)
[104.634s][info][gc          ] GC(268) Pause Young (Concurrent Start) (G1 Evacuation Pause) 576M->265M(612M) 3.239ms
[104.634s][info][gc,cpu      ] GC(268) User=0.00s Sys=0.00s Real=0.01s
[104.634s][info][gc          ] GC(269) Concurrent Mark Cycle
[104.634s][info][gc,marking  ] GC(269) Concurrent Scan Root Regions
[104.636s][info][gc,marking  ] GC(269) Concurrent Scan Root Regions 1.893ms
[104.636s][info][gc,marking  ] GC(269) Concurrent Mark
[104.636s][info][gc,marking  ] GC(269) Concurrent Mark From Roots
[104.636s][info][gc,task     ] GC(269) Using 1 workers of 1 for marking
[104.698s][info][gc,marking  ] GC(269) Concurrent Mark From Roots 61.177ms
[104.698s][info][gc,marking  ] GC(269) Concurrent Preclean
[104.698s][info][gc,marking  ] GC(269) Concurrent Preclean 0.075ms
[104.698s][info][gc,start    ] GC(269) Pause Remark
[104.706s][info][gc          ] GC(269) Pause Remark 313M->313M(612M) 7.887ms
[104.706s][info][gc,cpu      ] GC(269) User=0.02s Sys=0.00s Real=0.01s
[104.706s][info][gc,marking  ] GC(269) Concurrent Mark 69.622ms
[104.706s][info][gc,marking  ] GC(269) Concurrent Rebuild Remembered Sets and Scrub Regions
[104.722s][info][gc,marking  ] GC(269) Concurrent Rebuild Remembered Sets and Scrub Regions 15.976ms
[104.722s][info][gc,start    ] GC(269) Pause Cleanup
[104.722s][info][gc          ] GC(269) Pause Cleanup 314M->314M(612M) 0.048ms
[104.722s][info][gc,cpu      ] GC(269) User=0.00s Sys=0.00s Real=0.00s
[104.722s][info][gc,marking  ] GC(269) Concurrent Clear Claimed Marks
[104.722s][info][gc,marking  ] GC(269) Concurrent Clear Claimed Marks 0.077ms
[104.722s][info][gc,marking  ] GC(269) Concurrent Cleanup for Next Mark
[104.724s][info][gc,marking  ] GC(269) Concurrent Cleanup for Next Mark 1.756ms
[104.724s][info][gc          ] GC(269) Concurrent Mark Cycle 89.598ms
[105.342s][info][gc,start    ] GC(270) Pause Young (Prepare Mixed) (G1 Evacuation Pause)
[105.342s][info][gc,task     ] GC(270) Using 2 workers of 2 for evacuation
[105.347s][info][gc,phases   ] GC(270)   Pre Evacuate Collection Set: 0.27ms
[105.347s][info][gc,phases   ] GC(270)   Merge Heap Roots: 0.12ms
[105.347s][info][gc,phases   ] GC(270)   Evacuate Collection Set: 3.45ms
[105.347s][info][gc,phases   ] GC(270)   Post Evacuate Collection Set: 0.58ms
[105.347s][info][gc,phases   ] GC(270)   Other: 0.10ms
[105.347s][info][gc,heap     ] GC(270) Eden regions: 313->0(309)
[105.347s][info][gc,heap     ] GC(270) Survivor regions: 1->3(40)
[105.347s][info][gc,heap     ] GC(270) Old regions: 58->58
[105.347s][info][gc,heap     ] GC(270) Humongous regions: 207->207
[105.347s][info][gc,metaspace] GC(270) Metaspace: 56056K(56384K)->56056K(56384K) NonClass: 50431K(50688K)->50431K(50688K) Class: 5624K(5696K)->5624K(5696K)
[105.347s][info][gc          ] GC(270) Pause Young (Prepare Mixed) (G1 Evacuation Pause) 578M->267M(612M) 4.689ms
[105.347s][info][gc,cpu      ] GC(270) User=0.01s Sys=0.00s Real=0.00s
[105.945s][info][gc,start    ] GC(271) Pause Young (Mixed) (G1 Evacuation Pause)
[105.945s][info][gc,task     ] GC(271) Using 2 workers of 2 for evacuation
[105.957s][info][gc,phases   ] GC(271)   Pre Evacuate Collection Set: 0.27ms
[105.957s][info][gc,phases   ] GC(271)   Merge Heap Roots: 0.12ms
[105.957s][info][gc,phases   ] GC(271)   Evacuate Collection Set: 9.82ms
[105.957s][info][gc,phases   ] GC(271)   Post Evacuate Collection Set: 1.41ms
[105.957s][info][gc,phases   ] GC(271)   Other: 0.08ms
[105.957s][info][gc,heap     ] GC(271) Eden regions: 309->0(309)
[105.957s][info][gc,heap     ] GC(271) Survivor regions: 3->3(39)
[105.957s][info][gc,heap     ] GC(271) Old regions: 58->58
[105.957s][info][gc,heap     ] GC(271) Humongous regions: 207->207
[105.957s][info][gc,metaspace] GC(271) Metaspace: 56056K(56384K)->56056K(56384K) NonClass: 50431K(50688K)->50431K(50688K) Class: 5624K(5696K)->5624K(5696K)
[105.957s][info][gc          ] GC(271) Pause Young (Mixed) (G1 Evacuation Pause) 576M->266M(612M) 11.887ms
[105.957s][info][gc,cpu      ] GC(271) User=0.02s Sys=0.00s Real=0.01s
[106.557s][info][gc,start    ] GC(272) Pause Young (Concurrent Start) (G1 Evacuation Pause)
[106.557s][info][gc,task     ] GC(272) Using 2 workers of 2 for evacuation
[106.564s][info][gc,phases   ] GC(272)   Pre Evacuate Collection Set: 0.28ms
[106.564s][info][gc,phases   ] GC(272)   Merge Heap Roots: 0.10ms
[106.564s][info][gc,phases   ] GC(272)   Evacuate Collection Set: 5.52ms
[106.564s][info][gc,phases   ] GC(272)   Post Evacuate Collection Set: 0.58ms
[106.564s][info][gc,phases   ] GC(272)   Other: 0.10ms
[106.564s][info][gc,heap     ] GC(272) Eden regions: 309->0(305)
[106.564s][info][gc,heap     ] GC(272) Survivor regions: 3->5(39)
[106.564s][info][gc,heap     ] GC(272) Old regions: 58->58
[106.564s][info][gc,heap     ] GC(272) Humongous regions: 207->207
[106.564s][info][gc,metaspace] GC(272) Metaspace: 56056K(56384K)->56056K(56384K) NonClass: 50431K(50688K)->50431K(50688K) Class: 5624K(5696K)->5624K(5696K)
[106.564s][info][gc          ] GC(272) Pause Young (Concurrent Start) (G1 Evacuation Pause) 575M->268M(612M) 6.755ms
[106.564s][info][gc          ] GC(273) Concurrent Mark Cycle
[106.564s][info][gc,marking  ] GC(273) Concurrent Scan Root Regions
[106.565s][info][gc,cpu      ] GC(272) User=0.02s Sys=0.00s Real=0.01s
[106.568s][info][gc,marking  ] GC(273) Concurrent Scan Root Regions 3.882ms
[106.568s][info][gc,marking  ] GC(273) Concurrent Mark
[106.568s][info][gc,marking  ] GC(273) Concurrent Mark From Roots
[106.568s][info][gc,task     ] GC(273) Using 1 workers of 1 for marking
[106.622s][info][gc,marking  ] GC(273) Concurrent Mark From Roots 54.049ms
[106.622s][info][gc,marking  ] GC(273) Concurrent Preclean
[106.622s][info][gc,marking  ] GC(273) Concurrent Preclean 0.074ms
[106.622s][info][gc,start    ] GC(273) Pause Remark
[106.630s][info][gc          ] GC(273) Pause Remark 286M->286M(612M) 7.771ms
[106.630s][info][gc,cpu      ] GC(273) User=0.01s Sys=0.00s Real=0.00s
[106.631s][info][gc,marking  ] GC(273) Concurrent Mark 62.743ms
[106.631s][info][gc,marking  ] GC(273) Concurrent Rebuild Remembered Sets and Scrub Regions
[106.661s][info][gc,marking  ] GC(273) Concurrent Rebuild Remembered Sets and Scrub Regions 29.620ms
[106.661s][info][gc,start    ] GC(273) Pause Cleanup
[106.661s][info][gc          ] GC(273) Pause Cleanup 316M->316M(612M) 0.074ms
[106.661s][info][gc,cpu      ] GC(273) User=0.00s Sys=0.00s Real=0.00s
[106.661s][info][gc,marking  ] GC(273) Concurrent Clear Claimed Marks
[106.661s][info][gc,marking  ] GC(273) Concurrent Clear Claimed Marks 0.099ms
[106.661s][info][gc,marking  ] GC(273) Concurrent Cleanup for Next Mark
[106.664s][info][gc,marking  ] GC(273) Concurrent Cleanup for Next Mark 2.897ms
[106.664s][info][gc          ] GC(273) Concurrent Mark Cycle 99.709ms
[107.164s][info][gc,start    ] GC(274) Pause Young (Prepare Mixed) (G1 Evacuation Pause)
[107.164s][info][gc,task     ] GC(274) Using 2 workers of 2 for evacuation
[107.170s][info][gc,phases   ] GC(274)   Pre Evacuate Collection Set: 0.27ms
[107.170s][info][gc,phases   ] GC(274)   Merge Heap Roots: 0.12ms
[107.170s][info][gc,phases   ] GC(274)   Evacuate Collection Set: 5.00ms
[107.170s][info][gc,phases   ] GC(274)   Post Evacuate Collection Set: 0.59ms
[107.170s][info][gc,phases   ] GC(274)   Other: 0.07ms
[107.170s][info][gc,heap     ] GC(274) Eden regions: 305->0(307)
[107.170s][info][gc,heap     ] GC(274) Survivor regions: 5->4(39)
[107.170s][info][gc,heap     ] GC(274) Old regions: 58->58
[107.170s][info][gc,heap     ] GC(274) Humongous regions: 207->207
[107.170s][info][gc,metaspace] GC(274) Metaspace: 56056K(56384K)->56056K(56384K) NonClass: 50431K(50688K)->50431K(50688K) Class: 5624K(5696K)->5624K(5696K)
[107.170s][info][gc          ] GC(274) Pause Young (Prepare Mixed) (G1 Evacuation Pause) 573M->267M(612M) 6.233ms
[107.170s][info][gc,cpu      ] GC(274) User=0.01s Sys=0.00s Real=0.00s
[107.776s][info][gc,start    ] GC(275) Pause Young (Mixed) (G1 Evacuation Pause)
[107.776s][info][gc,task     ] GC(275) Using 2 workers of 2 for evacuation
[107.781s][info][gc,phases   ] GC(275)   Pre Evacuate Collection Set: 0.27ms
[107.781s][info][gc,phases   ] GC(275)   Merge Heap Roots: 0.10ms
[107.781s][info][gc,phases   ] GC(275)   Evacuate Collection Set: 3.53ms
[107.781s][info][gc,phases   ] GC(275)   Post Evacuate Collection Set: 0.58ms
[107.781s][info][gc,phases   ] GC(275)   Other: 0.09ms
[107.781s][info][gc,heap     ] GC(275) Eden regions: 307->0(311)
[107.781s][info][gc,heap     ] GC(275) Survivor regions: 4->2(39)
[107.781s][info][gc,heap     ] GC(275) Old regions: 58->58
[107.781s][info][gc,heap     ] GC(275) Humongous regions: 207->207
[107.781s][info][gc,metaspace] GC(275) Metaspace: 56056K(56384K)->56056K(56384K) NonClass: 50431K(50688K)->50431K(50688K) Class: 5624K(5696K)->5624K(5696K)
[107.781s][info][gc          ] GC(275) Pause Young (Mixed) (G1 Evacuation Pause) 574M->266M(612M) 4.731ms
[107.781s][info][gc,cpu      ] GC(275) User=0.01s Sys=0.00s Real=0.00s
[108.444s][info][gc,start    ] GC(276) Pause Young (Concurrent Start) (G1 Evacuation Pause)
[108.444s][info][gc,task     ] GC(276) Using 2 workers of 2 for evacuation
[108.448s][info][gc,phases   ] GC(276)   Pre Evacuate Collection Set: 0.32ms
[108.448s][info][gc,phases   ] GC(276)   Merge Heap Roots: 0.12ms
[108.448s][info][gc,phases   ] GC(276)   Evacuate Collection Set: 2.64ms
[108.448s][info][gc,phases   ] GC(276)   Post Evacuate Collection Set: 0.74ms
[108.448s][info][gc,phases   ] GC(276)   Other: 0.12ms
[108.448s][info][gc,heap     ] GC(276) Eden regions: 311->0(313)
[108.448s][info][gc,heap     ] GC(276) Survivor regions: 2->1(40)
[108.448s][info][gc,heap     ] GC(276) Old regions: 58->58
[108.448s][info][gc,heap     ] GC(276) Humongous regions: 207->207
[108.448s][info][gc,metaspace] GC(276) Metaspace: 56056K(56384K)->56056K(56384K) NonClass: 50431K(50688K)->50431K(50688K) Class: 5624K(5696K)->5624K(5696K)
[108.448s][info][gc          ] GC(276) Pause Young (Concurrent Start) (G1 Evacuation Pause) 577M->265M(612M) 4.129ms
[108.448s][info][gc,cpu      ] GC(276) User=0.01s Sys=0.00s Real=0.00s
[108.448s][info][gc          ] GC(277) Concurrent Mark Cycle
[108.448s][info][gc,marking  ] GC(277) Concurrent Scan Root Regions
[108.451s][info][gc,marking  ] GC(277) Concurrent Scan Root Regions 2.579ms
[108.451s][info][gc,marking  ] GC(277) Concurrent Mark
[108.451s][info][gc,marking  ] GC(277) Concurrent Mark From Roots
[108.451s][info][gc,task     ] GC(277) Using 1 workers of 1 for marking
[108.505s][info][gc,marking  ] GC(277) Concurrent Mark From Roots 53.804ms
[108.505s][info][gc,marking  ] GC(277) Concurrent Preclean
[108.505s][info][gc,marking  ] GC(277) Concurrent Preclean 0.071ms
[108.505s][info][gc,start    ] GC(277) Pause Remark
[108.513s][info][gc          ] GC(277) Pause Remark 305M->305M(612M) 7.893ms
[108.513s][info][gc,cpu      ] GC(277) User=0.02s Sys=0.00s Real=0.01s
[108.513s][info][gc,marking  ] GC(277) Concurrent Mark 62.323ms
[108.513s][info][gc,marking  ] GC(277) Concurrent Rebuild Remembered Sets and Scrub Regions
[108.529s][info][gc,marking  ] GC(277) Concurrent Rebuild Remembered Sets and Scrub Regions 15.701ms
[108.529s][info][gc,start    ] GC(277) Pause Cleanup
[108.529s][info][gc          ] GC(277) Pause Cleanup 308M->308M(612M) 0.093ms
[108.529s][info][gc,cpu      ] GC(277) User=0.00s Sys=0.00s Real=0.00s
[108.529s][info][gc,marking  ] GC(277) Concurrent Clear Claimed Marks
[108.529s][info][gc,marking  ] GC(277) Concurrent Clear Claimed Marks 0.084ms
[108.529s][info][gc,marking  ] GC(277) Concurrent Cleanup for Next Mark
[108.531s][info][gc,marking  ] GC(277) Concurrent Cleanup for Next Mark 1.786ms
[108.531s][info][gc          ] GC(277) Concurrent Mark Cycle 82.923ms
[109.050s][info][gc,start    ] GC(278) Pause Young (Prepare Mixed) (G1 Evacuation Pause)
[109.050s][info][gc,task     ] GC(278) Using 2 workers of 2 for evacuation
[109.056s][info][gc,phases   ] GC(278)   Pre Evacuate Collection Set: 0.28ms
[109.056s][info][gc,phases   ] GC(278)   Merge Heap Roots: 0.12ms
[109.056s][info][gc,phases   ] GC(278)   Evacuate Collection Set: 4.44ms
[109.056s][info][gc,phases   ] GC(278)   Post Evacuate Collection Set: 0.59ms
[109.056s][info][gc,phases   ] GC(278)   Other: 0.08ms
[109.056s][info][gc,heap     ] GC(278) Eden regions: 313->0(309)
[109.056s][info][gc,heap     ] GC(278) Survivor regions: 1->3(40)
[109.056s][info][gc,heap     ] GC(278) Old regions: 58->58
[109.056s][info][gc,heap     ] GC(278) Humongous regions: 207->207
[109.056s][info][gc,metaspace] GC(278) Metaspace: 56056K(56384K)->56056K(56384K) NonClass: 50431K(50688K)->50431K(50688K) Class: 5624K(5696K)->5624K(5696K)
[109.056s][info][gc          ] GC(278) Pause Young (Prepare Mixed) (G1 Evacuation Pause) 578M->266M(612M) 5.669ms
[109.056s][info][gc,cpu      ] GC(278) User=0.01s Sys=0.00s Real=0.01s
[109.659s][info][gc,start    ] GC(279) Pause Young (Mixed) (G1 Evacuation Pause)
[109.659s][info][gc,task     ] GC(279) Using 2 workers of 2 for evacuation
[109.666s][info][gc,phases   ] GC(279)   Pre Evacuate Collection Set: 0.30ms
[109.666s][info][gc,phases   ] GC(279)   Merge Heap Roots: 0.14ms
[109.666s][info][gc,phases   ] GC(279)   Evacuate Collection Set: 5.99ms
[109.666s][info][gc,phases   ] GC(279)   Post Evacuate Collection Set: 0.65ms
[109.666s][info][gc,phases   ] GC(279)   Other: 0.08ms
[109.666s][info][gc,heap     ] GC(279) Eden regions: 309->0(309)
[109.666s][info][gc,heap     ] GC(279) Survivor regions: 3->3(39)
[109.666s][info][gc,heap     ] GC(279) Old regions: 58->58
[109.666s][info][gc,heap     ] GC(279) Humongous regions: 207->207
[109.666s][info][gc,metaspace] GC(279) Metaspace: 56056K(56384K)->56056K(56384K) NonClass: 50431K(50688K)->50431K(50688K) Class: 5624K(5696K)->5624K(5696K)
[109.666s][info][gc          ] GC(279) Pause Young (Mixed) (G1 Evacuation Pause) 575M->267M(612M) 7.354ms
[109.666s][info][gc,cpu      ] GC(279) User=0.01s Sys=0.00s Real=0.01s
[110.270s][info][gc,start    ] GC(280) Pause Young (Concurrent Start) (G1 Evacuation Pause)
[110.270s][info][gc,task     ] GC(280) Using 2 workers of 2 for evacuation
[110.276s][info][gc,phases   ] GC(280)   Pre Evacuate Collection Set: 0.30ms
[110.276s][info][gc,phases   ] GC(280)   Merge Heap Roots: 0.10ms
[110.276s][info][gc,phases   ] GC(280)   Evacuate Collection Set: 4.75ms
[110.276s][info][gc,phases   ] GC(280)   Post Evacuate Collection Set: 0.56ms
[110.276s][info][gc,phases   ] GC(280)   Other: 0.10ms
[110.276s][info][gc,heap     ] GC(280) Eden regions: 309->0(307)
[110.276s][info][gc,heap     ] GC(280) Survivor regions: 3->4(39)
[110.276s][info][gc,heap     ] GC(280) Old regions: 58->58
[110.276s][info][gc,heap     ] GC(280) Humongous regions: 207->207
[110.276s][info][gc,metaspace] GC(280) Metaspace: 56057K(56384K)->56057K(56384K) NonClass: 50432K(50688K)->50432K(50688K) Class: 5624K(5696K)->5624K(5696K)
[110.276s][info][gc          ] GC(280) Pause Young (Concurrent Start) (G1 Evacuation Pause) 576M->267M(612M) 6.003ms
[110.276s][info][gc,cpu      ] GC(280) User=0.01s Sys=0.00s Real=0.01s
[110.276s][info][gc          ] GC(281) Concurrent Mark Cycle
[110.276s][info][gc,marking  ] GC(281) Concurrent Scan Root Regions
[110.283s][info][gc,marking  ] GC(281) Concurrent Scan Root Regions 6.564ms
[110.283s][info][gc,marking  ] GC(281) Concurrent Mark
[110.283s][info][gc,marking  ] GC(281) Concurrent Mark From Roots
[110.283s][info][gc,task     ] GC(281) Using 1 workers of 1 for marking
[110.329s][info][gc,marking  ] GC(281) Concurrent Mark From Roots 45.758ms
[110.329s][info][gc,marking  ] GC(281) Concurrent Preclean
[110.329s][info][gc,marking  ] GC(281) Concurrent Preclean 0.068ms
[110.329s][info][gc,start    ] GC(281) Pause Remark
[110.336s][info][gc          ] GC(281) Pause Remark 279M->279M(612M) 7.752ms
[110.336s][info][gc,cpu      ] GC(281) User=0.02s Sys=0.00s Real=0.01s
[110.338s][info][gc,marking  ] GC(281) Concurrent Mark 55.114ms
[110.338s][info][gc,marking  ] GC(281) Concurrent Rebuild Remembered Sets and Scrub Regions
[110.360s][info][gc,marking  ] GC(281) Concurrent Rebuild Remembered Sets and Scrub Regions 21.795ms
[110.360s][info][gc,start    ] GC(281) Pause Cleanup
[110.360s][info][gc          ] GC(281) Pause Cleanup 299M->299M(612M) 0.065ms
[110.360s][info][gc,cpu      ] GC(281) User=0.00s Sys=0.00s Real=0.00s
[110.360s][info][gc,marking  ] GC(281) Concurrent Clear Claimed Marks
[110.360s][info][gc,marking  ] GC(281) Concurrent Clear Claimed Marks 0.095ms
[110.360s][info][gc,marking  ] GC(281) Concurrent Cleanup for Next Mark
[110.363s][info][gc,marking  ] GC(281) Concurrent Cleanup for Next Mark 2.628ms
[110.363s][info][gc          ] GC(281) Concurrent Mark Cycle 86.602ms
[110.876s][info][gc,start    ] GC(282) Pause Young (Prepare Mixed) (G1 Evacuation Pause)
[110.876s][info][gc,task     ] GC(282) Using 2 workers of 2 for evacuation
[110.880s][info][gc,phases   ] GC(282)   Pre Evacuate Collection Set: 0.30ms
[110.880s][info][gc,phases   ] GC(282)   Merge Heap Roots: 0.13ms
[110.880s][info][gc,phases   ] GC(282)   Evacuate Collection Set: 2.81ms
[110.880s][info][gc,phases   ] GC(282)   Post Evacuate Collection Set: 0.57ms
[110.880s][info][gc,phases   ] GC(282)   Other: 0.08ms
[110.880s][info][gc,heap     ] GC(282) Eden regions: 307->0(311)
[110.880s][info][gc,heap     ] GC(282) Survivor regions: 4->2(39)
[110.880s][info][gc,heap     ] GC(282) Old regions: 58->58
[110.880s][info][gc,heap     ] GC(282) Humongous regions: 207->207
[110.880s][info][gc,metaspace] GC(282) Metaspace: 56057K(56384K)->56057K(56384K) NonClass: 50432K(50688K)->50432K(50688K) Class: 5624K(5696K)->5624K(5696K)
[110.880s][info][gc          ] GC(282) Pause Young (Prepare Mixed) (G1 Evacuation Pause) 574M->266M(612M) 4.085ms
[110.880s][info][gc,cpu      ] GC(282) User=0.00s Sys=0.00s Real=0.00s
[111.575s][info][gc,start    ] GC(283) Pause Young (Mixed) (G1 Evacuation Pause)
[111.575s][info][gc,task     ] GC(283) Using 2 workers of 2 for evacuation
[111.579s][info][gc,phases   ] GC(283)   Pre Evacuate Collection Set: 0.28ms
[111.579s][info][gc,phases   ] GC(283)   Merge Heap Roots: 0.10ms
[111.579s][info][gc,phases   ] GC(283)   Evacuate Collection Set: 2.99ms
[111.579s][info][gc,phases   ] GC(283)   Post Evacuate Collection Set: 0.61ms
[111.580s][info][gc,phases   ] GC(283)   Other: 0.08ms
[111.580s][info][gc,heap     ] GC(283) Eden regions: 311->0(311)
[111.580s][info][gc,heap     ] GC(283) Survivor regions: 2->2(40)
[111.580s][info][gc,heap     ] GC(283) Old regions: 58->58
[111.580s][info][gc,heap     ] GC(283) Humongous regions: 207->207
[111.580s][info][gc,metaspace] GC(283) Metaspace: 56057K(56384K)->56057K(56384K) NonClass: 50432K(50688K)->50432K(50688K) Class: 5624K(5696K)->5624K(5696K)
[111.580s][info][gc          ] GC(283) Pause Young (Mixed) (G1 Evacuation Pause) 577M->265M(612M) 4.248ms
[111.580s][info][gc,cpu      ] GC(283) User=0.01s Sys=0.00s Real=0.00s
[112.142s][info][gc,start    ] GC(284) Pause Young (Concurrent Start) (G1 Evacuation Pause)
[112.142s][info][gc,task     ] GC(284) Using 2 workers of 2 for evacuation
[112.149s][info][gc,phases   ] GC(284)   Pre Evacuate Collection Set: 0.37ms
[112.149s][info][gc,phases   ] GC(284)   Merge Heap Roots: 0.09ms
[112.149s][info][gc,phases   ] GC(284)   Evacuate Collection Set: 6.05ms
[112.149s][info][gc,phases   ] GC(284)   Post Evacuate Collection Set: 0.59ms
[112.149s][info][gc,phases   ] GC(284)   Other: 0.10ms
[112.149s][info][gc,heap     ] GC(284) Eden regions: 311->0(309)
[112.149s][info][gc,heap     ] GC(284) Survivor regions: 2->3(40)
[112.149s][info][gc,heap     ] GC(284) Old regions: 58->58
[112.149s][info][gc,heap     ] GC(284) Humongous regions: 207->207
[112.149s][info][gc,metaspace] GC(284) Metaspace: 56057K(56384K)->56057K(56384K) NonClass: 50432K(50688K)->50432K(50688K) Class: 5624K(5696K)->5624K(5696K)
[112.149s][info][gc          ] GC(284) Pause Young (Concurrent Start) (G1 Evacuation Pause) 576M->266M(612M) 7.372ms
[112.149s][info][gc,cpu      ] GC(284) User=0.01s Sys=0.00s Real=0.01s
[112.149s][info][gc          ] GC(285) Concurrent Mark Cycle
[112.149s][info][gc,marking  ] GC(285) Concurrent Scan Root Regions
[112.155s][info][gc,marking  ] GC(285) Concurrent Scan Root Regions 5.945ms
[112.155s][info][gc,marking  ] GC(285) Concurrent Mark
[112.155s][info][gc,marking  ] GC(285) Concurrent Mark From Roots
[112.155s][info][gc,task     ] GC(285) Using 1 workers of 1 for marking
[112.219s][info][gc,marking  ] GC(285) Concurrent Mark From Roots 63.769ms
[112.219s][info][gc,marking  ] GC(285) Concurrent Preclean
[112.219s][info][gc,marking  ] GC(285) Concurrent Preclean 0.066ms
[112.219s][info][gc,start    ] GC(285) Pause Remark
[112.227s][info][gc          ] GC(285) Pause Remark 303M->303M(612M) 7.857ms
[112.227s][info][gc,cpu      ] GC(285) User=0.02s Sys=0.01s Real=0.01s
[112.227s][info][gc,marking  ] GC(285) Concurrent Mark 72.079ms
[112.227s][info][gc,marking  ] GC(285) Concurrent Rebuild Remembered Sets and Scrub Regions
[112.253s][info][gc,marking  ] GC(285) Concurrent Rebuild Remembered Sets and Scrub Regions 25.313ms
[112.253s][info][gc,start    ] GC(285) Pause Cleanup
[112.253s][info][gc          ] GC(285) Pause Cleanup 322M->322M(612M) 0.069ms
[112.253s][info][gc,cpu      ] GC(285) User=0.00s Sys=0.00s Real=0.00s
[112.253s][info][gc,marking  ] GC(285) Concurrent Clear Claimed Marks
[112.253s][info][gc,marking  ] GC(285) Concurrent Clear Claimed Marks 0.098ms
[112.253s][info][gc,marking  ] GC(285) Concurrent Cleanup for Next Mark
[112.257s][info][gc,marking  ] GC(285) Concurrent Cleanup for Next Mark 3.750ms
[112.257s][info][gc          ] GC(285) Concurrent Mark Cycle 107.590ms
[112.750s][info][gc,start    ] GC(286) Pause Young (Prepare Mixed) (G1 Evacuation Pause)
[112.750s][info][gc,task     ] GC(286) Using 2 workers of 2 for evacuation
[112.755s][info][gc,phases   ] GC(286)   Pre Evacuate Collection Set: 0.28ms
[112.755s][info][gc,phases   ] GC(286)   Merge Heap Roots: 0.11ms
[112.755s][info][gc,phases   ] GC(286)   Evacuate Collection Set: 3.88ms
[112.755s][info][gc,phases   ] GC(286)   Post Evacuate Collection Set: 0.59ms
[112.755s][info][gc,phases   ] GC(286)   Other: 0.08ms
[112.755s][info][gc,heap     ] GC(286) Eden regions: 309->0(311)
[112.755s][info][gc,heap     ] GC(286) Survivor regions: 3->2(39)
[112.755s][info][gc,heap     ] GC(286) Old regions: 58->58
[112.755s][info][gc,heap     ] GC(286) Humongous regions: 207->207
[112.755s][info][gc,metaspace] GC(286) Metaspace: 56057K(56384K)->56057K(56384K) NonClass: 50432K(50688K)->50432K(50688K) Class: 5624K(5696K)->5624K(5696K)
[112.755s][info][gc          ] GC(286) Pause Young (Prepare Mixed) (G1 Evacuation Pause) 575M->266M(612M) 5.156ms
[112.755s][info][gc,cpu      ] GC(286) User=0.01s Sys=0.00s Real=0.01s
[113.358s][info][gc,start    ] GC(287) Pause Young (Mixed) (G1 Evacuation Pause)
[113.358s][info][gc,task     ] GC(287) Using 2 workers of 2 for evacuation
[113.364s][info][gc,phases   ] GC(287)   Pre Evacuate Collection Set: 0.27ms
[113.364s][info][gc,phases   ] GC(287)   Merge Heap Roots: 0.11ms
[113.364s][info][gc,phases   ] GC(287)   Evacuate Collection Set: 5.41ms
[113.364s][info][gc,phases   ] GC(287)   Post Evacuate Collection Set: 0.60ms
[113.364s][info][gc,phases   ] GC(287)   Other: 0.08ms
[113.364s][info][gc,heap     ] GC(287) Eden regions: 311->0(309)
[113.364s][info][gc,heap     ] GC(287) Survivor regions: 2->3(40)
[113.364s][info][gc,heap     ] GC(287) Old regions: 58->58
[113.364s][info][gc,heap     ] GC(287) Humongous regions: 207->207
[113.364s][info][gc,metaspace] GC(287) Metaspace: 56057K(56384K)->56057K(56384K) NonClass: 50432K(50688K)->50432K(50688K) Class: 5624K(5696K)->5624K(5696K)
[113.364s][info][gc          ] GC(287) Pause Young (Mixed) (G1 Evacuation Pause) 577M->267M(612M) 6.631ms
[113.364s][info][gc,cpu      ] GC(287) User=0.02s Sys=0.00s Real=0.01s
[113.983s][info][gc,start    ] GC(288) Pause Young (Concurrent Start) (G1 Evacuation Pause)
[113.983s][info][gc,task     ] GC(288) Using 2 workers of 2 for evacuation
[113.988s][info][gc,phases   ] GC(288)   Pre Evacuate Collection Set: 0.31ms
[113.988s][info][gc,phases   ] GC(288)   Merge Heap Roots: 0.10ms
[113.989s][info][gc,phases   ] GC(288)   Evacuate Collection Set: 3.99ms
[113.989s][info][gc,phases   ] GC(288)   Post Evacuate Collection Set: 0.61ms
[113.989s][info][gc,phases   ] GC(288)   Other: 0.09ms
[113.989s][info][gc,heap     ] GC(288) Eden regions: 309->0(309)
[113.989s][info][gc,heap     ] GC(288) Survivor regions: 3->3(39)
[113.989s][info][gc,heap     ] GC(288) Old regions: 58->58
[113.989s][info][gc,heap     ] GC(288) Humongous regions: 207->207
[113.989s][info][gc,metaspace] GC(288) Metaspace: 56057K(56384K)->56057K(56384K) NonClass: 50432K(50688K)->50432K(50688K) Class: 5624K(5696K)->5624K(5696K)
[113.989s][info][gc          ] GC(288) Pause Young (Concurrent Start) (G1 Evacuation Pause) 575M->266M(612M) 5.273ms
[113.989s][info][gc          ] GC(289) Concurrent Mark Cycle
[113.989s][info][gc,marking  ] GC(289) Concurrent Scan Root Regions
[113.991s][info][gc,cpu      ] GC(288) User=0.01s Sys=0.00s Real=0.00s
[113.992s][info][gc,marking  ] GC(289) Concurrent Scan Root Regions 2.985ms
[113.992s][info][gc,marking  ] GC(289) Concurrent Mark
[113.992s][info][gc,marking  ] GC(289) Concurrent Mark From Roots
[113.992s][info][gc,task     ] GC(289) Using 1 workers of 1 for marking
[114.035s][info][gc,marking  ] GC(289) Concurrent Mark From Roots 43.317ms
[114.035s][info][gc,marking  ] GC(289) Concurrent Preclean
[114.035s][info][gc,marking  ] GC(289) Concurrent Preclean 0.469ms
[114.036s][info][gc,start    ] GC(289) Pause Remark
[114.043s][info][gc          ] GC(289) Pause Remark 278M->278M(612M) 7.680ms
[114.043s][info][gc,cpu      ] GC(289) User=0.02s Sys=0.00s Real=0.01s
[114.043s][info][gc,marking  ] GC(289) Concurrent Mark 51.855ms
[114.044s][info][gc,marking  ] GC(289) Concurrent Rebuild Remembered Sets and Scrub Regions
[114.065s][info][gc,marking  ] GC(289) Concurrent Rebuild Remembered Sets and Scrub Regions 20.989ms
[114.065s][info][gc,start    ] GC(289) Pause Cleanup
[114.065s][info][gc          ] GC(289) Pause Cleanup 295M->295M(612M) 0.068ms
[114.065s][info][gc,cpu      ] GC(289) User=0.00s Sys=0.00s Real=0.00s
[114.065s][info][gc,marking  ] GC(289) Concurrent Clear Claimed Marks
[114.065s][info][gc,marking  ] GC(289) Concurrent Clear Claimed Marks 0.108ms
[114.065s][info][gc,marking  ] GC(289) Concurrent Cleanup for Next Mark
[114.069s][info][gc,marking  ] GC(289) Concurrent Cleanup for Next Mark 3.937ms
[114.069s][info][gc          ] GC(289) Concurrent Mark Cycle 80.713ms
[117.060s][info][gc,start    ] GC(290) Pause Young (Prepare Mixed) (G1 Evacuation Pause)
[117.060s][info][gc,task     ] GC(290) Using 2 workers of 2 for evacuation
[117.078s][info][gc,phases   ] GC(290)   Pre Evacuate Collection Set: 0.32ms
[117.078s][info][gc,phases   ] GC(290)   Merge Heap Roots: 0.37ms
[117.078s][info][gc,phases   ] GC(290)   Evacuate Collection Set: 16.89ms
[117.079s][info][gc,phases   ] GC(290)   Post Evacuate Collection Set: 0.74ms
[117.079s][info][gc,phases   ] GC(290)   Other: 0.10ms
[117.079s][info][gc,heap     ] GC(290) Eden regions: 227->0(338)
[117.079s][info][gc,heap     ] GC(290) Survivor regions: 3->14(39)
[117.079s][info][gc,heap     ] GC(290) Old regions: 58->58
[117.079s][info][gc,heap     ] GC(290) Humongous regions: 363->207
[117.079s][info][gc,metaspace] GC(290) Metaspace: 56353K(56640K)->56353K(56640K) NonClass: 50728K(50944K)->50728K(50944K) Class: 5625K(5696K)->5625K(5696K)
[117.079s][info][gc          ] GC(290) Pause Young (Prepare Mixed) (G1 Evacuation Pause) 649M->277M(665M) 18.610ms
[117.079s][info][gc,cpu      ] GC(290) User=0.02s Sys=0.01s Real=0.02s
[117.598s][info][gc,start    ] GC(291) Pause Young (Mixed) (G1 Evacuation Pause)
[117.599s][info][gc,task     ] GC(291) Using 2 workers of 2 for evacuation
[117.613s][info][gc,phases   ] GC(291)   Pre Evacuate Collection Set: 0.40ms
[117.613s][info][gc,phases   ] GC(291)   Merge Heap Roots: 0.17ms
[117.613s][info][gc,phases   ] GC(291)   Evacuate Collection Set: 13.07ms
[117.613s][info][gc,phases   ] GC(291)   Post Evacuate Collection Set: 0.83ms
[117.613s][info][gc,phases   ] GC(291)   Other: 0.11ms
[117.613s][info][gc,heap     ] GC(291) Eden regions: 338->0(298)
[117.613s][info][gc,heap     ] GC(291) Survivor regions: 14->34(44)
[117.613s][info][gc,heap     ] GC(291) Old regions: 58->58
[117.613s][info][gc,heap     ] GC(291) Humongous regions: 207->207
[117.613s][info][gc,metaspace] GC(291) Metaspace: 56353K(56640K)->56353K(56640K) NonClass: 50728K(50944K)->50728K(50944K) Class: 5625K(5696K)->5625K(5696K)
[117.613s][info][gc          ] GC(291) Pause Young (Mixed) (G1 Evacuation Pause) 615M->297M(665M) 14.773ms
[117.613s][info][gc,cpu      ] GC(291) User=0.03s Sys=0.00s Real=0.02s
[118.232s][info][gc,start    ] GC(292) Pause Young (Concurrent Start) (G1 Evacuation Pause)
[118.232s][info][gc,task     ] GC(292) Using 2 workers of 2 for evacuation
[118.241s][info][gc,phases   ] GC(292)   Pre Evacuate Collection Set: 0.29ms
[118.241s][info][gc,phases   ] GC(292)   Merge Heap Roots: 0.11ms
[118.241s][info][gc,phases   ] GC(292)   Evacuate Collection Set: 8.33ms
[118.241s][info][gc,phases   ] GC(292)   Post Evacuate Collection Set: 0.71ms
[118.241s][info][gc,phases   ] GC(292)   Other: 0.09ms
[118.241s][info][gc,heap     ] GC(292) Eden regions: 298->0(328)
[118.241s][info][gc,heap     ] GC(292) Survivor regions: 34->1(42)
[118.241s][info][gc,heap     ] GC(292) Old regions: 58->90
[118.241s][info][gc,heap     ] GC(292) Humongous regions: 207->207
[118.241s][info][gc,metaspace] GC(292) Metaspace: 56353K(56640K)->56353K(56640K) NonClass: 50728K(50944K)->50728K(50944K) Class: 5625K(5696K)->5625K(5696K)
[118.241s][info][gc          ] GC(292) Pause Young (Concurrent Start) (G1 Evacuation Pause) 595M->298M(665M) 9.722ms
[118.242s][info][gc,cpu      ] GC(292) User=0.02s Sys=0.00s Real=0.01s
[118.242s][info][gc          ] GC(293) Concurrent Mark Cycle
[118.242s][info][gc,marking  ] GC(293) Concurrent Scan Root Regions
[118.250s][info][gc,marking  ] GC(293) Concurrent Scan Root Regions 8.421ms
[118.250s][info][gc,marking  ] GC(293) Concurrent Mark
[118.250s][info][gc,marking  ] GC(293) Concurrent Mark From Roots
[118.250s][info][gc,task     ] GC(293) Using 1 workers of 1 for marking
[118.298s][info][gc,marking  ] GC(293) Concurrent Mark From Roots 48.129ms
[118.298s][info][gc,marking  ] GC(293) Concurrent Preclean
[118.298s][info][gc,marking  ] GC(293) Concurrent Preclean 0.047ms
[118.298s][info][gc,start    ] GC(293) Pause Remark
[118.307s][info][gc          ] GC(293) Pause Remark 341M->341M(665M) 8.479ms
[118.307s][info][gc,cpu      ] GC(293) User=0.02s Sys=0.00s Real=0.01s
[118.308s][info][gc,marking  ] GC(293) Concurrent Mark 58.019ms
[118.308s][info][gc,marking  ] GC(293) Concurrent Rebuild Remembered Sets and Scrub Regions
[118.325s][info][gc,marking  ] GC(293) Concurrent Rebuild Remembered Sets and Scrub Regions 16.715ms
[118.325s][info][gc,start    ] GC(293) Pause Cleanup
[118.325s][info][gc          ] GC(293) Pause Cleanup 347M->347M(665M) 0.104ms
[118.325s][info][gc,cpu      ] GC(293) User=0.00s Sys=0.00s Real=0.00s
[118.325s][info][gc,marking  ] GC(293) Concurrent Clear Claimed Marks
[118.325s][info][gc,marking  ] GC(293) Concurrent Clear Claimed Marks 0.090ms
[118.325s][info][gc,marking  ] GC(293) Concurrent Cleanup for Next Mark
[118.328s][info][gc,marking  ] GC(293) Concurrent Cleanup for Next Mark 2.578ms
[118.328s][info][gc          ] GC(293) Concurrent Mark Cycle 86.222ms
[118.855s][info][gc,start    ] GC(294) Pause Young (Prepare Mixed) (G1 Evacuation Pause)
[118.855s][info][gc,task     ] GC(294) Using 2 workers of 2 for evacuation
[118.861s][info][gc,phases   ] GC(294)   Pre Evacuate Collection Set: 0.28ms
[118.861s][info][gc,phases   ] GC(294)   Merge Heap Roots: 0.12ms
[118.861s][info][gc,phases   ] GC(294)   Evacuate Collection Set: 4.05ms
[118.861s][info][gc,phases   ] GC(294)   Post Evacuate Collection Set: 0.60ms
[118.861s][info][gc,phases   ] GC(294)   Other: 0.09ms
[118.861s][info][gc,heap     ] GC(294) Eden regions: 328->0(326)
[118.861s][info][gc,heap     ] GC(294) Survivor regions: 1->4(42)
[118.861s][info][gc,heap     ] GC(294) Old regions: 90->90
[118.861s][info][gc,heap     ] GC(294) Humongous regions: 207->207
[118.861s][info][gc,metaspace] GC(294) Metaspace: 56353K(56640K)->56353K(56640K) NonClass: 50728K(50944K)->50728K(50944K) Class: 5625K(5696K)->5625K(5696K)
[118.861s][info][gc          ] GC(294) Pause Young (Prepare Mixed) (G1 Evacuation Pause) 626M->300M(665M) 5.299ms
[118.861s][info][gc,cpu      ] GC(294) User=0.01s Sys=0.00s Real=0.00s
[119.538s][info][gc,start    ] GC(295) Pause Young (Mixed) (G1 Evacuation Pause)
[119.538s][info][gc,task     ] GC(295) Using 2 workers of 2 for evacuation
[119.542s][info][gc,phases   ] GC(295)   Pre Evacuate Collection Set: 0.27ms
[119.542s][info][gc,phases   ] GC(295)   Merge Heap Roots: 0.09ms
[119.542s][info][gc,phases   ] GC(295)   Evacuate Collection Set: 2.94ms
[119.542s][info][gc,phases   ] GC(295)   Post Evacuate Collection Set: 0.63ms
[119.542s][info][gc,phases   ] GC(295)   Other: 0.07ms
[119.542s][info][gc,heap     ] GC(295) Eden regions: 326->0(329)
[119.542s][info][gc,heap     ] GC(295) Survivor regions: 4->2(42)
[119.542s][info][gc,heap     ] GC(295) Old regions: 90->91
[119.542s][info][gc,heap     ] GC(295) Humongous regions: 207->207
[119.542s][info][gc,metaspace] GC(295) Metaspace: 56353K(56640K)->56353K(56640K) NonClass: 50728K(50944K)->50728K(50944K) Class: 5625K(5696K)->5625K(5696K)
[119.542s][info][gc          ] GC(295) Pause Young (Mixed) (G1 Evacuation Pause) 626M->298M(665M) 4.160ms
[119.543s][info][gc,cpu      ] GC(295) User=0.00s Sys=0.00s Real=0.01s
[120.166s][info][gc,start    ] GC(296) Pause Young (Concurrent Start) (G1 Evacuation Pause)
[120.166s][info][gc,task     ] GC(296) Using 2 workers of 2 for evacuation
[120.171s][info][gc,phases   ] GC(296)   Pre Evacuate Collection Set: 0.31ms
[120.171s][info][gc,phases   ] GC(296)   Merge Heap Roots: 0.12ms
[120.171s][info][gc,phases   ] GC(296)   Evacuate Collection Set: 4.36ms
[120.171s][info][gc,phases   ] GC(296)   Post Evacuate Collection Set: 0.64ms
[120.171s][info][gc,phases   ] GC(296)   Other: 0.10ms
[120.171s][info][gc,heap     ] GC(296) Eden regions: 329->0(327)
[120.171s][info][gc,heap     ] GC(296) Survivor regions: 2->3(42)
[120.171s][info][gc,heap     ] GC(296) Old regions: 91->91
[120.171s][info][gc,heap     ] GC(296) Humongous regions: 207->207
[120.171s][info][gc,metaspace] GC(296) Metaspace: 56353K(56640K)->56353K(56640K) NonClass: 50728K(50944K)->50728K(50944K) Class: 5625K(5696K)->5625K(5696K)
[120.172s][info][gc          ] GC(296) Pause Young (Concurrent Start) (G1 Evacuation Pause) 627M->300M(665M) 5.690ms
[120.172s][info][gc,cpu      ] GC(296) User=0.01s Sys=0.00s Real=0.00s
[120.172s][info][gc          ] GC(297) Concurrent Mark Cycle
[120.173s][info][gc,marking  ] GC(297) Concurrent Scan Root Regions
[120.176s][info][gc,marking  ] GC(297) Concurrent Scan Root Regions 2.736ms
[120.176s][info][gc,marking  ] GC(297) Concurrent Mark
[120.176s][info][gc,marking  ] GC(297) Concurrent Mark From Roots
[120.176s][info][gc,task     ] GC(297) Using 1 workers of 1 for marking
[120.224s][info][gc,marking  ] GC(297) Concurrent Mark From Roots 48.175ms
[120.224s][info][gc,marking  ] GC(297) Concurrent Preclean
[120.224s][info][gc,marking  ] GC(297) Concurrent Preclean 0.067ms
[120.224s][info][gc,start    ] GC(297) Pause Remark
[120.233s][info][gc          ] GC(297) Pause Remark 312M->299M(665M) 8.890ms
[120.233s][info][gc,cpu      ] GC(297) User=0.02s Sys=0.00s Real=0.01s
[120.233s][info][gc,marking  ] GC(297) Concurrent Mark 57.565ms
[120.234s][info][gc,marking  ] GC(297) Concurrent Rebuild Remembered Sets and Scrub Regions
[120.268s][info][gc,marking  ] GC(297) Concurrent Rebuild Remembered Sets and Scrub Regions 34.422ms
[120.268s][info][gc,start    ] GC(297) Pause Cleanup
[120.268s][info][gc          ] GC(297) Pause Cleanup 333M->333M(665M) 0.085ms
[120.268s][info][gc,cpu      ] GC(297) User=0.00s Sys=0.00s Real=0.00s
[120.268s][info][gc,marking  ] GC(297) Concurrent Clear Claimed Marks
[120.268s][info][gc,marking  ] GC(297) Concurrent Clear Claimed Marks 0.100ms
[120.268s][info][gc,marking  ] GC(297) Concurrent Cleanup for Next Mark
[120.273s][info][gc,marking  ] GC(297) Concurrent Cleanup for Next Mark 4.484ms
[120.273s][info][gc          ] GC(297) Concurrent Mark Cycle 101.329ms
[120.841s][info][gc,start    ] GC(298) Pause Young (Prepare Mixed) (G1 Evacuation Pause)
[120.841s][info][gc,task     ] GC(298) Using 2 workers of 2 for evacuation
[120.847s][info][gc,phases   ] GC(298)   Pre Evacuate Collection Set: 0.46ms
[120.847s][info][gc,phases   ] GC(298)   Merge Heap Roots: 0.14ms
[120.847s][info][gc,phases   ] GC(298)   Evacuate Collection Set: 4.91ms
[120.847s][info][gc,phases   ] GC(298)   Post Evacuate Collection Set: 0.61ms
[120.847s][info][gc,phases   ] GC(298)   Other: 0.10ms
[120.847s][info][gc,heap     ] GC(298) Eden regions: 327->0(342)
[120.847s][info][gc,heap     ] GC(298) Survivor regions: 3->2(42)
[120.847s][info][gc,heap     ] GC(298) Old regions: 78->78
[120.847s][info][gc,heap     ] GC(298) Humongous regions: 207->207
[120.847s][info][gc,metaspace] GC(298) Metaspace: 56353K(56640K)->56353K(56640K) NonClass: 50728K(50944K)->50728K(50944K) Class: 5625K(5696K)->5625K(5696K)
[120.847s][info][gc          ] GC(298) Pause Young (Prepare Mixed) (G1 Evacuation Pause) 614M->286M(665M) 6.407ms
[120.847s][info][gc,cpu      ] GC(298) User=0.01s Sys=0.00s Real=0.01s
[121.533s][info][gc,start    ] GC(299) Pause Young (Mixed) (G1 Evacuation Pause)
[121.533s][info][gc,task     ] GC(299) Using 2 workers of 2 for evacuation
[121.536s][info][gc,phases   ] GC(299)   Pre Evacuate Collection Set: 0.29ms
[121.536s][info][gc,phases   ] GC(299)   Merge Heap Roots: 0.10ms
[121.536s][info][gc,phases   ] GC(299)   Evacuate Collection Set: 1.91ms
[121.536s][info][gc,phases   ] GC(299)   Post Evacuate Collection Set: 0.62ms
[121.536s][info][gc,phases   ] GC(299)   Other: 0.11ms
[121.536s][info][gc,heap     ] GC(299) Eden regions: 342->0(348)
[121.536s][info][gc,heap     ] GC(299) Survivor regions: 2->1(43)
[121.536s][info][gc,heap     ] GC(299) Old regions: 78->74
[121.536s][info][gc,heap     ] GC(299) Humongous regions: 207->207
[121.536s][info][gc,metaspace] GC(299) Metaspace: 56353K(56640K)->56353K(56640K) NonClass: 50728K(50944K)->50728K(50944K) Class: 5625K(5696K)->5625K(5696K)
[121.536s][info][gc          ] GC(299) Pause Young (Mixed) (G1 Evacuation Pause) 628M->281M(665M) 3.219ms
[121.536s][info][gc,cpu      ] GC(299) User=0.00s Sys=0.00s Real=0.00s
[122.187s][info][gc,start    ] GC(300) Pause Young (Concurrent Start) (G1 Evacuation Pause)
[122.187s][info][gc,task     ] GC(300) Using 2 workers of 2 for evacuation
[122.191s][info][gc,phases   ] GC(300)   Pre Evacuate Collection Set: 0.31ms
[122.191s][info][gc,phases   ] GC(300)   Merge Heap Roots: 0.11ms
[122.191s][info][gc,phases   ] GC(300)   Evacuate Collection Set: 2.97ms
[122.191s][info][gc,phases   ] GC(300)   Post Evacuate Collection Set: 0.67ms
[122.191s][info][gc,phases   ] GC(300)   Other: 0.12ms
[122.191s][info][gc,heap     ] GC(300) Eden regions: 348->0(346)
[122.191s][info][gc,heap     ] GC(300) Survivor regions: 1->2(44)
[122.191s][info][gc,heap     ] GC(300) Old regions: 74->74
[122.191s][info][gc,heap     ] GC(300) Humongous regions: 207->207
[122.191s][info][gc,metaspace] GC(300) Metaspace: 56353K(56640K)->56353K(56640K) NonClass: 50728K(50944K)->50728K(50944K) Class: 5625K(5696K)->5625K(5696K)
[122.191s][info][gc          ] GC(300) Pause Young (Concurrent Start) (G1 Evacuation Pause) 629M->282M(665M) 4.347ms
[122.192s][info][gc          ] GC(301) Concurrent Mark Cycle
[122.192s][info][gc,marking  ] GC(301) Concurrent Scan Root Regions
[122.192s][info][gc,cpu      ] GC(300) User=0.01s Sys=0.00s Real=0.00s
[122.194s][info][gc,marking  ] GC(301) Concurrent Scan Root Regions 2.231ms
[122.194s][info][gc,marking  ] GC(301) Concurrent Mark
[122.194s][info][gc,marking  ] GC(301) Concurrent Mark From Roots
[122.194s][info][gc,task     ] GC(301) Using 1 workers of 1 for marking
[122.239s][info][gc,marking  ] GC(301) Concurrent Mark From Roots 45.321ms
[122.239s][info][gc,marking  ] GC(301) Concurrent Preclean
[122.239s][info][gc,marking  ] GC(301) Concurrent Preclean 0.065ms
[122.239s][info][gc,start    ] GC(301) Pause Remark
[122.248s][info][gc          ] GC(301) Pause Remark 294M->294M(665M) 8.359ms
[122.248s][info][gc,cpu      ] GC(301) User=0.02s Sys=0.00s Real=0.01s
[122.248s][info][gc,marking  ] GC(301) Concurrent Mark 54.007ms
[122.248s][info][gc,marking  ] GC(301) Concurrent Rebuild Remembered Sets and Scrub Regions
[122.268s][info][gc,marking  ] GC(301) Concurrent Rebuild Remembered Sets and Scrub Regions 20.596ms
[122.269s][info][gc,start    ] GC(301) Pause Cleanup
[122.269s][info][gc          ] GC(301) Pause Cleanup 312M->312M(665M) 0.069ms
[122.269s][info][gc,cpu      ] GC(301) User=0.00s Sys=0.00s Real=0.00s
[122.269s][info][gc,marking  ] GC(301) Concurrent Clear Claimed Marks
[122.269s][info][gc,marking  ] GC(301) Concurrent Clear Claimed Marks 0.083ms
[122.269s][info][gc,marking  ] GC(301) Concurrent Cleanup for Next Mark
[122.272s][info][gc,marking  ] GC(301) Concurrent Cleanup for Next Mark 2.858ms
[122.272s][info][gc          ] GC(301) Concurrent Mark Cycle 80.144ms
[122.876s][info][gc,start    ] GC(302) Pause Young (Prepare Mixed) (G1 Evacuation Pause)
[122.876s][info][gc,task     ] GC(302) Using 2 workers of 2 for evacuation
[122.880s][info][gc,phases   ] GC(302)   Pre Evacuate Collection Set: 0.28ms
[122.880s][info][gc,phases   ] GC(302)   Merge Heap Roots: 0.13ms
[122.880s][info][gc,phases   ] GC(302)   Evacuate Collection Set: 2.81ms
[122.880s][info][gc,phases   ] GC(302)   Post Evacuate Collection Set: 0.65ms
[122.880s][info][gc,phases   ] GC(302)   Other: 0.10ms
[122.880s][info][gc,heap     ] GC(302) Eden regions: 346->0(346)
[122.880s][info][gc,heap     ] GC(302) Survivor regions: 2->2(44)
[122.880s][info][gc,heap     ] GC(302) Old regions: 74->74
[122.880s][info][gc,heap     ] GC(302) Humongous regions: 207->207
[122.880s][info][gc,metaspace] GC(302) Metaspace: 56353K(56640K)->56353K(56640K) NonClass: 50728K(50944K)->50728K(50944K) Class: 5625K(5696K)->5625K(5696K)
[122.880s][info][gc          ] GC(302) Pause Young (Prepare Mixed) (G1 Evacuation Pause) 628M->282M(665M) 4.125ms
[122.880s][info][gc,cpu      ] GC(302) User=0.01s Sys=0.00s Real=0.00s
[123.566s][info][gc,start    ] GC(303) Pause Young (Mixed) (G1 Evacuation Pause)
[123.566s][info][gc,task     ] GC(303) Using 2 workers of 2 for evacuation
[123.572s][info][gc,phases   ] GC(303)   Pre Evacuate Collection Set: 0.29ms
[123.572s][info][gc,phases   ] GC(303)   Merge Heap Roots: 0.11ms
[123.572s][info][gc,phases   ] GC(303)   Evacuate Collection Set: 5.10ms
[123.572s][info][gc,phases   ] GC(303)   Post Evacuate Collection Set: 0.62ms
[123.572s][info][gc,phases   ] GC(303)   Other: 0.09ms
[123.572s][info][gc,heap     ] GC(303) Eden regions: 346->0(346)
[123.572s][info][gc,heap     ] GC(303) Survivor regions: 2->4(44)
[123.572s][info][gc,heap     ] GC(303) Old regions: 74->70
[123.572s][info][gc,heap     ] GC(303) Humongous regions: 207->207
[123.572s][info][gc,metaspace] GC(303) Metaspace: 56353K(56640K)->56353K(56640K) NonClass: 50728K(50944K)->50728K(50944K) Class: 5625K(5696K)->5625K(5696K)
[123.573s][info][gc          ] GC(303) Pause Young (Mixed) (G1 Evacuation Pause) 628M->280M(665M) 6.367ms
[123.573s][info][gc,cpu      ] GC(303) User=0.01s Sys=0.00s Real=0.01s
[124.257s][info][gc,start    ] GC(304) Pause Young (Concurrent Start) (G1 Evacuation Pause)
[124.257s][info][gc,task     ] GC(304) Using 2 workers of 2 for evacuation
[124.263s][info][gc,phases   ] GC(304)   Pre Evacuate Collection Set: 0.32ms
[124.263s][info][gc,phases   ] GC(304)   Merge Heap Roots: 0.12ms
[124.263s][info][gc,phases   ] GC(304)   Evacuate Collection Set: 5.30ms
[124.263s][info][gc,phases   ] GC(304)   Post Evacuate Collection Set: 0.61ms
[124.263s][info][gc,phases   ] GC(304)   Other: 0.10ms
[124.263s][info][gc,heap     ] GC(304) Eden regions: 346->0(346)
[124.263s][info][gc,heap     ] GC(304) Survivor regions: 4->4(44)
[124.263s][info][gc,heap     ] GC(304) Old regions: 70->70
[124.263s][info][gc,heap     ] GC(304) Humongous regions: 207->207
[124.263s][info][gc,metaspace] GC(304) Metaspace: 56353K(56640K)->56353K(56640K) NonClass: 50728K(50944K)->50728K(50944K) Class: 5625K(5696K)->5625K(5696K)
[124.263s][info][gc          ] GC(304) Pause Young (Concurrent Start) (G1 Evacuation Pause) 626M->280M(665M) 6.619ms
[124.263s][info][gc          ] GC(305) Concurrent Mark Cycle
[124.263s][info][gc,marking  ] GC(305) Concurrent Scan Root Regions
[124.264s][info][gc,cpu      ] GC(304) User=0.01s Sys=0.00s Real=0.01s
[124.267s][info][gc,marking  ] GC(305) Concurrent Scan Root Regions 3.874ms
[124.267s][info][gc,marking  ] GC(305) Concurrent Mark
[124.267s][info][gc,marking  ] GC(305) Concurrent Mark From Roots
[124.267s][info][gc,task     ] GC(305) Using 1 workers of 1 for marking
[124.333s][info][gc,marking  ] GC(305) Concurrent Mark From Roots 66.056ms
[124.333s][info][gc,marking  ] GC(305) Concurrent Preclean
[124.333s][info][gc,marking  ] GC(305) Concurrent Preclean 0.076ms
[124.335s][info][gc,start    ] GC(305) Pause Remark
[124.355s][info][gc          ] GC(305) Pause Remark 292M->292M(665M) 19.599ms
[124.355s][info][gc,cpu      ] GC(305) User=0.02s Sys=0.00s Real=0.02s
[124.355s][info][gc,marking  ] GC(305) Concurrent Mark 87.973ms
[124.355s][info][gc,marking  ] GC(305) Concurrent Rebuild Remembered Sets and Scrub Regions
[124.379s][info][gc,marking  ] GC(305) Concurrent Rebuild Remembered Sets and Scrub Regions 24.386ms
[124.380s][info][gc,start    ] GC(305) Pause Cleanup
[124.380s][info][gc          ] GC(305) Pause Cleanup 292M->292M(665M) 0.068ms
[124.380s][info][gc,cpu      ] GC(305) User=0.00s Sys=0.00s Real=0.00s
[124.380s][info][gc,marking  ] GC(305) Concurrent Clear Claimed Marks
[124.380s][info][gc,marking  ] GC(305) Concurrent Clear Claimed Marks 0.086ms
[124.380s][info][gc,marking  ] GC(305) Concurrent Cleanup for Next Mark
[124.385s][info][gc,marking  ] GC(305) Concurrent Cleanup for Next Mark 4.755ms
[124.385s][info][gc          ] GC(305) Concurrent Mark Cycle 121.371ms
[124.958s][info][gc,start    ] GC(306) Pause Young (Prepare Mixed) (G1 Evacuation Pause)
[124.958s][info][gc,task     ] GC(306) Using 2 workers of 2 for evacuation
[124.965s][info][gc,phases   ] GC(306)   Pre Evacuate Collection Set: 0.45ms
[124.965s][info][gc,phases   ] GC(306)   Merge Heap Roots: 0.16ms
[124.965s][info][gc,phases   ] GC(306)   Evacuate Collection Set: 5.27ms
[124.965s][info][gc,phases   ] GC(306)   Post Evacuate Collection Set: 0.63ms
[124.965s][info][gc,phases   ] GC(306)   Other: 0.08ms
[124.965s][info][gc,heap     ] GC(306) Eden regions: 346->0(348)
[124.965s][info][gc,heap     ] GC(306) Survivor regions: 4->3(44)
[124.965s][info][gc,heap     ] GC(306) Old regions: 70->70
[124.965s][info][gc,heap     ] GC(306) Humongous regions: 207->207
[124.965s][info][gc,metaspace] GC(306) Metaspace: 56353K(56640K)->56353K(56640K) NonClass: 50728K(50944K)->50728K(50944K) Class: 5625K(5696K)->5625K(5696K)
[124.965s][info][gc          ] GC(306) Pause Young (Prepare Mixed) (G1 Evacuation Pause) 626M->279M(665M) 6.786ms
[124.965s][info][gc,cpu      ] GC(306) User=0.01s Sys=0.00s Real=0.01s
[125.657s][info][gc,start    ] GC(307) Pause Young (Mixed) (G1 Evacuation Pause)
[125.657s][info][gc,task     ] GC(307) Using 2 workers of 2 for evacuation
[125.663s][info][gc,phases   ] GC(307)   Pre Evacuate Collection Set: 0.29ms
[125.663s][info][gc,phases   ] GC(307)   Merge Heap Roots: 0.12ms
[125.663s][info][gc,phases   ] GC(307)   Evacuate Collection Set: 5.27ms
[125.663s][info][gc,phases   ] GC(307)   Post Evacuate Collection Set: 0.65ms
[125.663s][info][gc,phases   ] GC(307)   Other: 0.08ms
[125.663s][info][gc,heap     ] GC(307) Eden regions: 348->0(349)
[125.663s][info][gc,heap     ] GC(307) Survivor regions: 3->4(44)
[125.663s][info][gc,heap     ] GC(307) Old regions: 70->67
[125.663s][info][gc,heap     ] GC(307) Humongous regions: 207->207
[125.663s][info][gc,metaspace] GC(307) Metaspace: 56353K(56640K)->56353K(56640K) NonClass: 50728K(50944K)->50728K(50944K) Class: 5625K(5696K)->5625K(5696K)
[125.663s][info][gc          ] GC(307) Pause Young (Mixed) (G1 Evacuation Pause) 627M->277M(665M) 6.599ms
[125.663s][info][gc,cpu      ] GC(307) User=0.01s Sys=0.00s Real=0.01s
[126.379s][info][gc,start    ] GC(308) Pause Young (Concurrent Start) (G1 Evacuation Pause)
[126.379s][info][gc,task     ] GC(308) Using 2 workers of 2 for evacuation
[126.387s][info][gc,phases   ] GC(308)   Pre Evacuate Collection Set: 0.34ms
[126.387s][info][gc,phases   ] GC(308)   Merge Heap Roots: 0.11ms
[126.387s][info][gc,phases   ] GC(308)   Evacuate Collection Set: 7.01ms
[126.387s][info][gc,phases   ] GC(308)   Post Evacuate Collection Set: 0.66ms
[126.387s][info][gc,phases   ] GC(308)   Other: 0.12ms
[126.387s][info][gc,heap     ] GC(308) Eden regions: 349->0(347)
[126.387s][info][gc,heap     ] GC(308) Survivor regions: 4->5(45)
[126.387s][info][gc,heap     ] GC(308) Old regions: 67->67
[126.387s][info][gc,heap     ] GC(308) Humongous regions: 207->207
[126.387s][info][gc,metaspace] GC(308) Metaspace: 56353K(56640K)->56353K(56640K) NonClass: 50728K(50944K)->50728K(50944K) Class: 5625K(5696K)->5625K(5696K)
[126.387s][info][gc          ] GC(308) Pause Young (Concurrent Start) (G1 Evacuation Pause) 626M->278M(665M) 8.430ms
[126.387s][info][gc,cpu      ] GC(308) User=0.02s Sys=0.00s Real=0.01s
[126.387s][info][gc          ] GC(309) Concurrent Mark Cycle
[126.388s][info][gc,marking  ] GC(309) Concurrent Scan Root Regions
[126.395s][info][gc,marking  ] GC(309) Concurrent Scan Root Regions 7.266ms
[126.395s][info][gc,marking  ] GC(309) Concurrent Mark
[126.395s][info][gc,marking  ] GC(309) Concurrent Mark From Roots
[126.395s][info][gc,task     ] GC(309) Using 1 workers of 1 for marking
[126.452s][info][gc,marking  ] GC(309) Concurrent Mark From Roots 57.012ms
[126.452s][info][gc,marking  ] GC(309) Concurrent Preclean
[126.452s][info][gc,marking  ] GC(309) Concurrent Preclean 0.081ms
[126.452s][info][gc,start    ] GC(309) Pause Remark
[126.461s][info][gc          ] GC(309) Pause Remark 316M->316M(665M) 8.284ms
[126.461s][info][gc,cpu      ] GC(309) User=0.01s Sys=0.00s Real=0.00s
[126.462s][info][gc,marking  ] GC(309) Concurrent Mark 66.481ms
[126.462s][info][gc,marking  ] GC(309) Concurrent Rebuild Remembered Sets and Scrub Regions
[126.491s][info][gc,marking  ] GC(309) Concurrent Rebuild Remembered Sets and Scrub Regions 29.431ms
[126.491s][info][gc,start    ] GC(309) Pause Cleanup
[126.491s][info][gc          ] GC(309) Pause Cleanup 340M->340M(665M) 0.085ms
[126.491s][info][gc,cpu      ] GC(309) User=0.00s Sys=0.00s Real=0.00s
[126.492s][info][gc,marking  ] GC(309) Concurrent Clear Claimed Marks
[126.493s][info][gc,marking  ] GC(309) Concurrent Clear Claimed Marks 0.117ms
[126.493s][info][gc,marking  ] GC(309) Concurrent Cleanup for Next Mark
[126.495s][info][gc,marking  ] GC(309) Concurrent Cleanup for Next Mark 2.250ms
[126.495s][info][gc          ] GC(309) Concurrent Mark Cycle 107.405ms
[127.053s][info][gc,start    ] GC(310) Pause Young (Prepare Mixed) (G1 Evacuation Pause)
[127.053s][info][gc,task     ] GC(310) Using 2 workers of 2 for evacuation
[127.058s][info][gc,phases   ] GC(310)   Pre Evacuate Collection Set: 0.29ms
[127.058s][info][gc,phases   ] GC(310)   Merge Heap Roots: 0.13ms
[127.058s][info][gc,phases   ] GC(310)   Evacuate Collection Set: 3.97ms
[127.058s][info][gc,phases   ] GC(310)   Post Evacuate Collection Set: 0.65ms
[127.058s][info][gc,phases   ] GC(310)   Other: 0.08ms
[127.058s][info][gc,heap     ] GC(310) Eden regions: 347->0(351)
[127.058s][info][gc,heap     ] GC(310) Survivor regions: 5->3(44)
[127.058s][info][gc,heap     ] GC(310) Old regions: 67->67
[127.058s][info][gc,heap     ] GC(310) Humongous regions: 207->207
[127.058s][info][gc,metaspace] GC(310) Metaspace: 56357K(56640K)->56357K(56640K) NonClass: 50732K(50944K)->50732K(50944K) Class: 5625K(5696K)->5625K(5696K)
[127.058s][info][gc          ] GC(310) Pause Young (Prepare Mixed) (G1 Evacuation Pause) 625M->276M(665M) 5.281ms
[127.059s][info][gc,cpu      ] GC(310) User=0.01s Sys=0.00s Real=0.00s
[127.764s][info][gc,start    ] GC(311) Pause Young (Mixed) (G1 Evacuation Pause)
[127.764s][info][gc,task     ] GC(311) Using 2 workers of 2 for evacuation
[127.771s][info][gc,phases   ] GC(311)   Pre Evacuate Collection Set: 0.28ms
[127.771s][info][gc,phases   ] GC(311)   Merge Heap Roots: 0.13ms
[127.771s][info][gc,phases   ] GC(311)   Evacuate Collection Set: 5.27ms
[127.771s][info][gc,phases   ] GC(311)   Post Evacuate Collection Set: 0.84ms
[127.771s][info][gc,phases   ] GC(311)   Other: 0.09ms
[127.771s][info][gc,heap     ] GC(311) Eden regions: 351->0(354)
[127.771s][info][gc,heap     ] GC(311) Survivor regions: 3->3(45)
[127.771s][info][gc,heap     ] GC(311) Old regions: 67->64
[127.771s][info][gc,heap     ] GC(311) Humongous regions: 207->207
[127.771s][info][gc,metaspace] GC(311) Metaspace: 56364K(56640K)->56364K(56640K) NonClass: 50739K(50944K)->50739K(50944K) Class: 5625K(5696K)->5625K(5696K)
[127.771s][info][gc          ] GC(311) Pause Young (Mixed) (G1 Evacuation Pause) 627M->273M(665M) 6.823ms
[127.771s][info][gc,cpu      ] GC(311) User=0.02s Sys=0.00s Real=0.00s
[128.458s][info][gc,start    ] GC(312) Pause Young (Concurrent Start) (G1 Evacuation Pause)
[128.458s][info][gc,task     ] GC(312) Using 2 workers of 2 for evacuation
[128.463s][info][gc,phases   ] GC(312)   Pre Evacuate Collection Set: 0.33ms
[128.463s][info][gc,phases   ] GC(312)   Merge Heap Roots: 0.12ms
[128.463s][info][gc,phases   ] GC(312)   Evacuate Collection Set: 4.44ms
[128.463s][info][gc,phases   ] GC(312)   Post Evacuate Collection Set: 0.62ms
[128.463s][info][gc,phases   ] GC(312)   Other: 0.09ms
[128.463s][info][gc,heap     ] GC(312) Eden regions: 354->0(352)
[128.463s][info][gc,heap     ] GC(312) Survivor regions: 3->4(45)
[128.463s][info][gc,heap     ] GC(312) Old regions: 64->64
[128.463s][info][gc,heap     ] GC(312) Humongous regions: 207->207
[128.463s][info][gc,metaspace] GC(312) Metaspace: 56364K(56640K)->56364K(56640K) NonClass: 50739K(50944K)->50739K(50944K) Class: 5625K(5696K)->5625K(5696K)
[128.463s][info][gc          ] GC(312) Pause Young (Concurrent Start) (G1 Evacuation Pause) 627M->274M(665M) 5.783ms
[128.463s][info][gc,cpu      ] GC(312) User=0.01s Sys=0.00s Real=0.01s
[128.463s][info][gc          ] GC(313) Concurrent Mark Cycle
[128.463s][info][gc,marking  ] GC(313) Concurrent Scan Root Regions
[128.469s][info][gc,marking  ] GC(313) Concurrent Scan Root Regions 5.736ms
[128.469s][info][gc,marking  ] GC(313) Concurrent Mark
[128.469s][info][gc,marking  ] GC(313) Concurrent Mark From Roots
[128.469s][info][gc,task     ] GC(313) Using 1 workers of 1 for marking
[128.523s][info][gc,marking  ] GC(313) Concurrent Mark From Roots 54.021ms
[128.523s][info][gc,marking  ] GC(313) Concurrent Preclean
[128.523s][info][gc,marking  ] GC(313) Concurrent Preclean 0.092ms
[128.523s][info][gc,start    ] GC(313) Pause Remark
[128.532s][info][gc          ] GC(313) Pause Remark 289M->289M(665M) 8.400ms
[128.532s][info][gc,cpu      ] GC(313) User=0.02s Sys=0.00s Real=0.00s
[128.532s][info][gc,marking  ] GC(313) Concurrent Mark 63.185ms
[128.532s][info][gc,marking  ] GC(313) Concurrent Rebuild Remembered Sets and Scrub Regions
[128.550s][info][gc,marking  ] GC(313) Concurrent Rebuild Remembered Sets and Scrub Regions 17.213ms
[128.550s][info][gc,start    ] GC(313) Pause Cleanup
[128.550s][info][gc          ] GC(313) Pause Cleanup 304M->304M(665M) 0.064ms
[128.550s][info][gc,cpu      ] GC(313) User=0.00s Sys=0.00s Real=0.00s
[128.550s][info][gc,marking  ] GC(313) Concurrent Clear Claimed Marks
[128.550s][info][gc,marking  ] GC(313) Concurrent Clear Claimed Marks 0.095ms
[128.550s][info][gc,marking  ] GC(313) Concurrent Cleanup for Next Mark
[128.552s][info][gc,marking  ] GC(313) Concurrent Cleanup for Next Mark 2.105ms
[128.552s][info][gc          ] GC(313) Concurrent Mark Cycle 88.687ms
[129.174s][info][gc,start    ] GC(314) Pause Young (Prepare Mixed) (G1 Evacuation Pause)
[129.174s][info][gc,task     ] GC(314) Using 2 workers of 2 for evacuation
[129.178s][info][gc,phases   ] GC(314)   Pre Evacuate Collection Set: 0.29ms
[129.178s][info][gc,phases   ] GC(314)   Merge Heap Roots: 0.13ms
[129.178s][info][gc,phases   ] GC(314)   Evacuate Collection Set: 3.41ms
[129.178s][info][gc,phases   ] GC(314)   Post Evacuate Collection Set: 0.66ms
[129.179s][info][gc,phases   ] GC(314)   Other: 0.13ms
[129.179s][info][gc,heap     ] GC(314) Eden regions: 352->0(356)
[129.179s][info][gc,heap     ] GC(314) Survivor regions: 4->2(45)
[129.179s][info][gc,heap     ] GC(314) Old regions: 64->64
[129.179s][info][gc,heap     ] GC(314) Humongous regions: 207->207
[129.179s][info][gc,metaspace] GC(314) Metaspace: 56364K(56640K)->56364K(56640K) NonClass: 50739K(50944K)->50739K(50944K) Class: 5625K(5696K)->5625K(5696K)
[129.179s][info][gc          ] GC(314) Pause Young (Prepare Mixed) (G1 Evacuation Pause) 625M->272M(665M) 4.784ms
[129.179s][info][gc,cpu      ] GC(314) User=0.01s Sys=0.00s Real=0.00s
[129.896s][info][gc,start    ] GC(315) Pause Young (Mixed) (G1 Evacuation Pause)
[129.896s][info][gc,task     ] GC(315) Using 2 workers of 2 for evacuation
[129.900s][info][gc,phases   ] GC(315)   Pre Evacuate Collection Set: 0.33ms
[129.900s][info][gc,phases   ] GC(315)   Merge Heap Roots: 0.15ms
[129.900s][info][gc,phases   ] GC(315)   Evacuate Collection Set: 2.39ms
[129.900s][info][gc,phases   ] GC(315)   Post Evacuate Collection Set: 0.67ms
[129.900s][info][gc,phases   ] GC(315)   Other: 0.08ms
[129.900s][info][gc,heap     ] GC(315) Eden regions: 356->0(361)
[129.900s][info][gc,heap     ] GC(315) Survivor regions: 2->1(45)
[129.900s][info][gc,heap     ] GC(315) Old regions: 64->61
[129.900s][info][gc,heap     ] GC(315) Humongous regions: 207->207
[129.900s][info][gc,metaspace] GC(315) Metaspace: 56364K(56640K)->56364K(56640K) NonClass: 50739K(50944K)->50739K(50944K) Class: 5625K(5696K)->5625K(5696K)
[129.900s][info][gc          ] GC(315) Pause Young (Mixed) (G1 Evacuation Pause) 628M->268M(665M) 3.789ms
[129.900s][info][gc,cpu      ] GC(315) User=0.01s Sys=0.00s Real=0.00s
[130.636s][info][gc,start    ] GC(316) Pause Young (Concurrent Start) (G1 Evacuation Pause)
[130.636s][info][gc,task     ] GC(316) Using 2 workers of 2 for evacuation
[130.640s][info][gc,phases   ] GC(316)   Pre Evacuate Collection Set: 0.28ms
[130.640s][info][gc,phases   ] GC(316)   Merge Heap Roots: 0.12ms
[130.640s][info][gc,phases   ] GC(316)   Evacuate Collection Set: 3.06ms
[130.640s][info][gc,phases   ] GC(316)   Post Evacuate Collection Set: 0.64ms
[130.640s][info][gc,phases   ] GC(316)   Other: 0.10ms
[130.640s][info][gc,heap     ] GC(316) Eden regions: 361->0(358)
[130.640s][info][gc,heap     ] GC(316) Survivor regions: 1->2(46)
[130.640s][info][gc,heap     ] GC(316) Old regions: 61->62
[130.640s][info][gc,heap     ] GC(316) Humongous regions: 207->207
[130.640s][info][gc,metaspace] GC(316) Metaspace: 56367K(56640K)->56367K(56640K) NonClass: 50742K(50944K)->50742K(50944K) Class: 5625K(5696K)->5625K(5696K)
[130.641s][info][gc          ] GC(316) Pause Young (Concurrent Start) (G1 Evacuation Pause) 629M->269M(665M) 4.386ms
[130.641s][info][gc,cpu      ] GC(316) User=0.01s Sys=0.00s Real=0.00s
[130.641s][info][gc          ] GC(317) Concurrent Mark Cycle
[130.641s][info][gc,marking  ] GC(317) Concurrent Scan Root Regions
[130.644s][info][gc,marking  ] GC(317) Concurrent Scan Root Regions 2.607ms
[130.644s][info][gc,marking  ] GC(317) Concurrent Mark
[130.644s][info][gc,marking  ] GC(317) Concurrent Mark From Roots
[130.644s][info][gc,task     ] GC(317) Using 1 workers of 1 for marking
[130.694s][info][gc,marking  ] GC(317) Concurrent Mark From Roots 50.034ms
[130.694s][info][gc,marking  ] GC(317) Concurrent Preclean
[130.694s][info][gc,marking  ] GC(317) Concurrent Preclean 0.070ms
[130.694s][info][gc,start    ] GC(317) Pause Remark
[130.703s][info][gc          ] GC(317) Pause Remark 306M->306M(665M) 8.585ms
[130.703s][info][gc,cpu      ] GC(317) User=0.02s Sys=0.00s Real=0.01s
[130.703s][info][gc,marking  ] GC(317) Concurrent Mark 59.293ms
[130.703s][info][gc,marking  ] GC(317) Concurrent Rebuild Remembered Sets and Scrub Regions
[130.719s][info][gc,marking  ] GC(317) Concurrent Rebuild Remembered Sets and Scrub Regions 16.200ms
[130.719s][info][gc,start    ] GC(317) Pause Cleanup
[130.719s][info][gc          ] GC(317) Pause Cleanup 308M->308M(665M) 0.071ms
[130.719s][info][gc,cpu      ] GC(317) User=0.00s Sys=0.00s Real=0.00s
[130.720s][info][gc,marking  ] GC(317) Concurrent Clear Claimed Marks
[130.720s][info][gc,marking  ] GC(317) Concurrent Clear Claimed Marks 0.091ms
[130.720s][info][gc,marking  ] GC(317) Concurrent Cleanup for Next Mark
[130.722s][info][gc,marking  ] GC(317) Concurrent Cleanup for Next Mark 2.132ms
[130.722s][info][gc          ] GC(317) Concurrent Mark Cycle 80.663ms
[131.348s][info][gc,start    ] GC(318) Pause Young (Prepare Mixed) (G1 Evacuation Pause)
[131.348s][info][gc,task     ] GC(318) Using 2 workers of 2 for evacuation
[131.353s][info][gc,phases   ] GC(318)   Pre Evacuate Collection Set: 0.29ms
[131.354s][info][gc,phases   ] GC(318)   Merge Heap Roots: 0.15ms
[131.354s][info][gc,phases   ] GC(318)   Evacuate Collection Set: 4.04ms
[131.354s][info][gc,phases   ] GC(318)   Post Evacuate Collection Set: 0.68ms
[131.354s][info][gc,phases   ] GC(318)   Other: 0.10ms
[131.354s][info][gc,heap     ] GC(318) Eden regions: 358->0(356)
[131.354s][info][gc,heap     ] GC(318) Survivor regions: 2->3(45)
[131.354s][info][gc,heap     ] GC(318) Old regions: 62->62
[131.354s][info][gc,heap     ] GC(318) Humongous regions: 207->207
[131.354s][info][gc,metaspace] GC(318) Metaspace: 56367K(56640K)->56367K(56640K) NonClass: 50742K(50944K)->50742K(50944K) Class: 5625K(5696K)->5625K(5696K)
[131.354s][info][gc          ] GC(318) Pause Young (Prepare Mixed) (G1 Evacuation Pause) 627M->270M(665M) 5.416ms
[131.354s][info][gc,cpu      ] GC(318) User=0.01s Sys=0.00s Real=0.01s
[132.051s][info][gc,start    ] GC(319) Pause Young (Mixed) (G1 Evacuation Pause)
[132.052s][info][gc,task     ] GC(319) Using 2 workers of 2 for evacuation
[132.057s][info][gc,phases   ] GC(319)   Pre Evacuate Collection Set: 0.31ms
[132.057s][info][gc,phases   ] GC(319)   Merge Heap Roots: 0.14ms
[132.057s][info][gc,phases   ] GC(319)   Evacuate Collection Set: 4.18ms
[132.057s][info][gc,phases   ] GC(319)   Post Evacuate Collection Set: 0.65ms
[132.057s][info][gc,phases   ] GC(319)   Other: 0.09ms
[132.057s][info][gc,heap     ] GC(319) Eden regions: 356->0(358)
[132.057s][info][gc,heap     ] GC(319) Survivor regions: 3->3(45)
[132.057s][info][gc,heap     ] GC(319) Old regions: 62->60
[132.057s][info][gc,heap     ] GC(319) Humongous regions: 207->207
[132.057s][info][gc,metaspace] GC(319) Metaspace: 56367K(56640K)->56367K(56640K) NonClass: 50742K(50944K)->50742K(50944K) Class: 5625K(5696K)->5625K(5696K)
[132.057s][info][gc          ] GC(319) Pause Young (Mixed) (G1 Evacuation Pause) 626M->269M(665M) 5.574ms
[132.057s][info][gc,cpu      ] GC(319) User=0.01s Sys=0.00s Real=0.01s
[132.753s][info][gc,start    ] GC(320) Pause Young (Concurrent Start) (G1 Evacuation Pause)
[132.753s][info][gc,task     ] GC(320) Using 2 workers of 2 for evacuation
[132.760s][info][gc,phases   ] GC(320)   Pre Evacuate Collection Set: 0.31ms
[132.760s][info][gc,phases   ] GC(320)   Merge Heap Roots: 0.10ms
[132.760s][info][gc,phases   ] GC(320)   Evacuate Collection Set: 5.26ms
[132.760s][info][gc,phases   ] GC(320)   Post Evacuate Collection Set: 0.67ms
[132.760s][info][gc,phases   ] GC(320)   Other: 0.10ms
[132.760s][info][gc,heap     ] GC(320) Eden regions: 358->0(356)
[132.760s][info][gc,heap     ] GC(320) Survivor regions: 3->4(46)
[132.760s][info][gc,heap     ] GC(320) Old regions: 60->60
[132.760s][info][gc,heap     ] GC(320) Humongous regions: 207->207
[132.760s][info][gc,metaspace] GC(320) Metaspace: 56367K(56640K)->56367K(56640K) NonClass: 50742K(50944K)->50742K(50944K) Class: 5625K(5696K)->5625K(5696K)
[132.760s][info][gc          ] GC(320) Pause Young (Concurrent Start) (G1 Evacuation Pause) 627M->270M(665M) 6.622ms
[132.760s][info][gc,cpu      ] GC(320) User=0.01s Sys=0.00s Real=0.00s
[132.760s][info][gc          ] GC(321) Concurrent Mark Cycle
[132.760s][info][gc,marking  ] GC(321) Concurrent Scan Root Regions
[132.766s][info][gc,marking  ] GC(321) Concurrent Scan Root Regions 5.856ms
[132.766s][info][gc,marking  ] GC(321) Concurrent Mark
[132.766s][info][gc,marking  ] GC(321) Concurrent Mark From Roots
[132.766s][info][gc,task     ] GC(321) Using 1 workers of 1 for marking
[132.818s][info][gc,marking  ] GC(321) Concurrent Mark From Roots 51.716ms
[132.818s][info][gc,marking  ] GC(321) Concurrent Preclean
[132.818s][info][gc,marking  ] GC(321) Concurrent Preclean 0.070ms
[132.818s][info][gc,start    ] GC(321) Pause Remark
[132.826s][info][gc          ] GC(321) Pause Remark 292M->292M(665M) 8.252ms
[132.826s][info][gc,cpu      ] GC(321) User=0.01s Sys=0.00s Real=0.01s
[132.826s][info][gc,marking  ] GC(321) Concurrent Mark 60.459ms
[132.826s][info][gc,marking  ] GC(321) Concurrent Rebuild Remembered Sets and Scrub Regions
[132.851s][info][gc,marking  ] GC(321) Concurrent Rebuild Remembered Sets and Scrub Regions 24.943ms
[132.852s][info][gc,start    ] GC(321) Pause Cleanup
[132.852s][info][gc          ] GC(321) Pause Cleanup 314M->314M(665M) 0.069ms
[132.852s][info][gc,cpu      ] GC(321) User=0.00s Sys=0.00s Real=0.00s
[132.852s][info][gc,marking  ] GC(321) Concurrent Clear Claimed Marks
[132.852s][info][gc,marking  ] GC(321) Concurrent Clear Claimed Marks 0.086ms
[132.852s][info][gc,marking  ] GC(321) Concurrent Cleanup for Next Mark
[132.856s][info][gc,marking  ] GC(321) Concurrent Cleanup for Next Mark 4.511ms
[132.856s][info][gc          ] GC(321) Concurrent Mark Cycle 96.430ms
[133.464s][info][gc,start    ] GC(322) Pause Young (Prepare Mixed) (G1 Evacuation Pause)
[133.464s][info][gc,task     ] GC(322) Using 2 workers of 2 for evacuation
[133.469s][info][gc,phases   ] GC(322)   Pre Evacuate Collection Set: 0.29ms
[133.469s][info][gc,phases   ] GC(322)   Merge Heap Roots: 0.12ms
[133.469s][info][gc,phases   ] GC(322)   Evacuate Collection Set: 4.24ms
[133.469s][info][gc,phases   ] GC(322)   Post Evacuate Collection Set: 0.62ms
[133.469s][info][gc,phases   ] GC(322)   Other: 0.12ms
[133.469s][info][gc,heap     ] GC(322) Eden regions: 356->0(358)
[133.469s][info][gc,heap     ] GC(322) Survivor regions: 4->3(45)
[133.469s][info][gc,heap     ] GC(322) Old regions: 60->60
[133.469s][info][gc,heap     ] GC(322) Humongous regions: 207->207
[133.469s][info][gc,metaspace] GC(322) Metaspace: 56367K(56640K)->56367K(56640K) NonClass: 50742K(50944K)->50742K(50944K) Class: 5625K(5696K)->5625K(5696K)
[133.469s][info][gc          ] GC(322) Pause Young (Prepare Mixed) (G1 Evacuation Pause) 626M->269M(665M) 5.567ms
[133.469s][info][gc,cpu      ] GC(322) User=0.01s Sys=0.00s Real=0.00s
[134.174s][info][gc,start    ] GC(323) Pause Young (Mixed) (G1 Evacuation Pause)
[134.174s][info][gc,task     ] GC(323) Using 2 workers of 2 for evacuation
[134.179s][info][gc,phases   ] GC(323)   Pre Evacuate Collection Set: 0.29ms
[134.179s][info][gc,phases   ] GC(323)   Merge Heap Roots: 0.11ms
[134.179s][info][gc,phases   ] GC(323)   Evacuate Collection Set: 3.96ms
[134.179s][info][gc,phases   ] GC(323)   Post Evacuate Collection Set: 0.64ms
[134.179s][info][gc,phases   ] GC(323)   Other: 0.08ms
[134.179s][info][gc,heap     ] GC(323) Eden regions: 358->0(361)
[134.179s][info][gc,heap     ] GC(323) Survivor regions: 3->2(46)
[134.179s][info][gc,heap     ] GC(323) Old regions: 60->59
[134.179s][info][gc,heap     ] GC(323) Humongous regions: 207->207
[134.179s][info][gc,metaspace] GC(323) Metaspace: 56367K(56640K)->56367K(56640K) NonClass: 50742K(50944K)->50742K(50944K) Class: 5625K(5696K)->5625K(5696K)
[134.179s][info][gc          ] GC(323) Pause Young (Mixed) (G1 Evacuation Pause) 627M->266M(665M) 5.269ms
[134.179s][info][gc,cpu      ] GC(323) User=0.01s Sys=0.00s Real=0.00s
[134.937s][info][gc,start    ] GC(324) Pause Young (Concurrent Start) (G1 Evacuation Pause)
[134.937s][info][gc,task     ] GC(324) Using 2 workers of 2 for evacuation
[134.941s][info][gc,phases   ] GC(324)   Pre Evacuate Collection Set: 0.29ms
[134.941s][info][gc,phases   ] GC(324)   Merge Heap Roots: 0.11ms
[134.941s][info][gc,phases   ] GC(324)   Evacuate Collection Set: 2.95ms
[134.941s][info][gc,phases   ] GC(324)   Post Evacuate Collection Set: 0.63ms
[134.941s][info][gc,phases   ] GC(324)   Other: 0.09ms
[134.941s][info][gc,heap     ] GC(324) Eden regions: 361->0(361)
[134.941s][info][gc,heap     ] GC(324) Survivor regions: 2->2(46)
[134.941s][info][gc,heap     ] GC(324) Old regions: 59->59
[134.941s][info][gc,heap     ] GC(324) Humongous regions: 207->207
[134.941s][info][gc,metaspace] GC(324) Metaspace: 56367K(56640K)->56367K(56640K) NonClass: 50742K(50944K)->50742K(50944K) Class: 5625K(5696K)->5625K(5696K)
[134.941s][info][gc          ] GC(324) Pause Young (Concurrent Start) (G1 Evacuation Pause) 627M->266M(665M) 4.274ms
[134.941s][info][gc,cpu      ] GC(324) User=0.00s Sys=0.00s Real=0.00s
[134.941s][info][gc          ] GC(325) Concurrent Mark Cycle
[134.941s][info][gc,marking  ] GC(325) Concurrent Scan Root Regions
[134.945s][info][gc,marking  ] GC(325) Concurrent Scan Root Regions 3.259ms
[134.945s][info][gc,marking  ] GC(325) Concurrent Mark
[134.945s][info][gc,marking  ] GC(325) Concurrent Mark From Roots
[134.945s][info][gc,task     ] GC(325) Using 1 workers of 1 for marking
[134.990s][info][gc,marking  ] GC(325) Concurrent Mark From Roots 45.129ms
[134.990s][info][gc,marking  ] GC(325) Concurrent Preclean
[134.990s][info][gc,marking  ] GC(325) Concurrent Preclean 0.073ms
[134.990s][info][gc,start    ] GC(325) Pause Remark
[134.998s][info][gc          ] GC(325) Pause Remark 301M->301M(665M) 8.244ms
[134.998s][info][gc,cpu      ] GC(325) User=0.01s Sys=0.00s Real=0.01s
[134.999s][info][gc,marking  ] GC(325) Concurrent Mark 54.172ms
[134.999s][info][gc,marking  ] GC(325) Concurrent Rebuild Remembered Sets and Scrub Regions
[135.020s][info][gc,marking  ] GC(325) Concurrent Rebuild Remembered Sets and Scrub Regions 21.510ms
[135.020s][info][gc,start    ] GC(325) Pause Cleanup
[135.020s][info][gc          ] GC(325) Pause Cleanup 307M->307M(665M) 0.099ms
[135.020s][info][gc,cpu      ] GC(325) User=0.00s Sys=0.00s Real=0.00s
[135.020s][info][gc,marking  ] GC(325) Concurrent Clear Claimed Marks
[135.021s][info][gc,marking  ] GC(325) Concurrent Clear Claimed Marks 0.086ms
[135.021s][info][gc,marking  ] GC(325) Concurrent Cleanup for Next Mark
[135.023s][info][gc,marking  ] GC(325) Concurrent Cleanup for Next Mark 2.011ms
[135.023s][info][gc          ] GC(325) Concurrent Mark Cycle 81.602ms
[135.645s][info][gc,start    ] GC(326) Pause Young (Prepare Mixed) (G1 Evacuation Pause)
[135.645s][info][gc,task     ] GC(326) Using 2 workers of 2 for evacuation
[135.650s][info][gc,phases   ] GC(326)   Pre Evacuate Collection Set: 0.28ms
[135.650s][info][gc,phases   ] GC(326)   Merge Heap Roots: 0.12ms
[135.650s][info][gc,phases   ] GC(326)   Evacuate Collection Set: 3.54ms
[135.650s][info][gc,phases   ] GC(326)   Post Evacuate Collection Set: 0.63ms
[135.650s][info][gc,phases   ] GC(326)   Other: 0.10ms
[135.650s][info][gc,heap     ] GC(326) Eden regions: 361->0(359)
[135.650s][info][gc,heap     ] GC(326) Survivor regions: 2->3(46)
[135.650s][info][gc,heap     ] GC(326) Old regions: 59->59
[135.650s][info][gc,heap     ] GC(326) Humongous regions: 207->207
[135.650s][info][gc,metaspace] GC(326) Metaspace: 56367K(56640K)->56367K(56640K) NonClass: 50742K(50944K)->50742K(50944K) Class: 5625K(5696K)->5625K(5696K)
[135.650s][info][gc          ] GC(326) Pause Young (Prepare Mixed) (G1 Evacuation Pause) 627M->268M(665M) 4.859ms
[135.650s][info][gc,cpu      ] GC(326) User=0.01s Sys=0.00s Real=0.00s
[136.352s][info][gc,start    ] GC(327) Pause Young (Mixed) (G1 Evacuation Pause)
[136.352s][info][gc,task     ] GC(327) Using 2 workers of 2 for evacuation
[136.359s][info][gc,phases   ] GC(327)   Pre Evacuate Collection Set: 0.28ms
[136.359s][info][gc,phases   ] GC(327)   Merge Heap Roots: 0.12ms
[136.359s][info][gc,phases   ] GC(327)   Evacuate Collection Set: 6.32ms
[136.359s][info][gc,phases   ] GC(327)   Post Evacuate Collection Set: 0.73ms
[136.359s][info][gc,phases   ] GC(327)   Other: 0.08ms
[136.359s][info][gc,heap     ] GC(327) Eden regions: 359->0(358)
[136.360s][info][gc,heap     ] GC(327) Survivor regions: 3->4(46)
[136.360s][info][gc,heap     ] GC(327) Old regions: 59->58
[136.360s][info][gc,heap     ] GC(327) Humongous regions: 207->207
[136.360s][info][gc,metaspace] GC(327) Metaspace: 56367K(56640K)->56367K(56640K) NonClass: 50742K(50944K)->50742K(50944K) Class: 5625K(5696K)->5625K(5696K)
[136.360s][info][gc          ] GC(327) Pause Young (Mixed) (G1 Evacuation Pause) 627M->267M(665M) 7.716ms
[136.360s][info][gc,cpu      ] GC(327) User=0.01s Sys=0.00s Real=0.01s
[137.066s][info][gc,start    ] GC(328) Pause Young (Concurrent Start) (G1 Evacuation Pause)
[137.066s][info][gc,task     ] GC(328) Using 2 workers of 2 for evacuation
[137.072s][info][gc,phases   ] GC(328)   Pre Evacuate Collection Set: 0.29ms
[137.072s][info][gc,phases   ] GC(328)   Merge Heap Roots: 0.10ms
[137.072s][info][gc,phases   ] GC(328)   Evacuate Collection Set: 4.70ms
[137.072s][info][gc,phases   ] GC(328)   Post Evacuate Collection Set: 0.62ms
[137.072s][info][gc,phases   ] GC(328)   Other: 0.12ms
[137.072s][info][gc,heap     ] GC(328) Eden regions: 358->0(358)
[137.072s][info][gc,heap     ] GC(328) Survivor regions: 4->4(46)
[137.072s][info][gc,heap     ] GC(328) Old regions: 58->58
[137.072s][info][gc,heap     ] GC(328) Humongous regions: 207->207
[137.072s][info][gc,metaspace] GC(328) Metaspace: 56367K(56640K)->56367K(56640K) NonClass: 50742K(50944K)->50742K(50944K) Class: 5625K(5696K)->5625K(5696K)
[137.072s][info][gc          ] GC(328) Pause Young (Concurrent Start) (G1 Evacuation Pause) 625M->267M(665M) 5.996ms
[137.072s][info][gc          ] GC(329) Concurrent Mark Cycle
[137.072s][info][gc,marking  ] GC(329) Concurrent Scan Root Regions
[137.073s][info][gc,cpu      ] GC(328) User=0.01s Sys=0.00s Real=0.01s
[137.078s][info][gc,marking  ] GC(329) Concurrent Scan Root Regions 5.410ms
[137.078s][info][gc,marking  ] GC(329) Concurrent Mark
[137.078s][info][gc,marking  ] GC(329) Concurrent Mark From Roots
[137.078s][info][gc,task     ] GC(329) Using 1 workers of 1 for marking
[137.120s][info][gc,marking  ] GC(329) Concurrent Mark From Roots 42.457ms
[137.120s][info][gc,marking  ] GC(329) Concurrent Preclean
[137.120s][info][gc,marking  ] GC(329) Concurrent Preclean 0.068ms
[137.120s][info][gc,start    ] GC(329) Pause Remark
[137.129s][info][gc          ] GC(329) Pause Remark 279M->279M(665M) 8.280ms
[137.129s][info][gc,cpu      ] GC(329) User=0.01s Sys=0.00s Real=0.01s
[137.129s][info][gc,marking  ] GC(329) Concurrent Mark 51.081ms
[137.129s][info][gc,marking  ] GC(329) Concurrent Rebuild Remembered Sets and Scrub Regions
[137.150s][info][gc,marking  ] GC(329) Concurrent Rebuild Remembered Sets and Scrub Regions 21.085ms
[137.150s][info][gc,start    ] GC(329) Pause Cleanup
[137.150s][info][gc          ] GC(329) Pause Cleanup 297M->297M(665M) 0.083ms
[137.150s][info][gc,cpu      ] GC(329) User=0.00s Sys=0.00s Real=0.00s
[137.150s][info][gc,marking  ] GC(329) Concurrent Clear Claimed Marks
[137.150s][info][gc,marking  ] GC(329) Concurrent Clear Claimed Marks 0.082ms
[137.150s][info][gc,marking  ] GC(329) Concurrent Cleanup for Next Mark
[137.152s][info][gc,marking  ] GC(329) Concurrent Cleanup for Next Mark 1.958ms
[137.152s][info][gc          ] GC(329) Concurrent Mark Cycle 80.159ms
[137.781s][info][gc,start    ] GC(330) Pause Young (Prepare Mixed) (G1 Evacuation Pause)
[137.781s][info][gc,task     ] GC(330) Using 2 workers of 2 for evacuation
[137.785s][info][gc,phases   ] GC(330)   Pre Evacuate Collection Set: 0.29ms
[137.785s][info][gc,phases   ] GC(330)   Merge Heap Roots: 0.12ms
[137.785s][info][gc,phases   ] GC(330)   Evacuate Collection Set: 2.68ms
[137.785s][info][gc,phases   ] GC(330)   Post Evacuate Collection Set: 0.64ms
[137.785s][info][gc,phases   ] GC(330)   Other: 0.10ms
[137.785s][info][gc,heap     ] GC(330) Eden regions: 358->0(362)
[137.785s][info][gc,heap     ] GC(330) Survivor regions: 4->2(46)
[137.785s][info][gc,heap     ] GC(330) Old regions: 58->58
[137.785s][info][gc,heap     ] GC(330) Humongous regions: 207->207
[137.785s][info][gc,metaspace] GC(330) Metaspace: 56367K(56640K)->56367K(56640K) NonClass: 50742K(50944K)->50742K(50944K) Class: 5625K(5696K)->5625K(5696K)
[137.785s][info][gc          ] GC(330) Pause Young (Prepare Mixed) (G1 Evacuation Pause) 625M->265M(665M) 4.037ms
[137.785s][info][gc,cpu      ] GC(330) User=0.01s Sys=0.00s Real=0.01s
[138.540s][info][gc,start    ] GC(331) Pause Young (Mixed) (G1 Evacuation Pause)
[138.540s][info][gc,task     ] GC(331) Using 2 workers of 2 for evacuation
[138.547s][info][gc,phases   ] GC(331)   Pre Evacuate Collection Set: 0.29ms
[138.547s][info][gc,phases   ] GC(331)   Merge Heap Roots: 0.14ms
[138.547s][info][gc,phases   ] GC(331)   Evacuate Collection Set: 6.11ms
[138.547s][info][gc,phases   ] GC(331)   Post Evacuate Collection Set: 0.77ms
[138.547s][info][gc,phases   ] GC(331)   Other: 0.08ms
[138.547s][info][gc,heap     ] GC(331) Eden regions: 362->0(361)
[138.547s][info][gc,heap     ] GC(331) Survivor regions: 2->3(46)
[138.547s][info][gc,heap     ] GC(331) Old regions: 58->57
[138.547s][info][gc,heap     ] GC(331) Humongous regions: 207->207
[138.547s][info][gc,metaspace] GC(331) Metaspace: 56367K(56640K)->56367K(56640K) NonClass: 50742K(50944K)->50742K(50944K) Class: 5625K(5696K)->5625K(5696K)
[138.547s][info][gc          ] GC(331) Pause Young (Mixed) (G1 Evacuation Pause) 627M->265M(665M) 7.561ms
[138.547s][info][gc,cpu      ] GC(331) User=0.01s Sys=0.00s Real=0.01s
[139.280s][info][gc,start    ] GC(332) Pause Young (Concurrent Start) (G1 Evacuation Pause)
[139.280s][info][gc,task     ] GC(332) Using 2 workers of 2 for evacuation
[139.304s][info][gc,phases   ] GC(332)   Pre Evacuate Collection Set: 0.30ms
[139.304s][info][gc,phases   ] GC(332)   Merge Heap Roots: 0.11ms
[139.304s][info][gc,phases   ] GC(332)   Evacuate Collection Set: 20.63ms
[139.304s][info][gc,phases   ] GC(332)   Post Evacuate Collection Set: 2.59ms
[139.304s][info][gc,phases   ] GC(332)   Other: 0.28ms
[139.304s][info][gc,heap     ] GC(332) Eden regions: 361->0(359)
[139.304s][info][gc,heap     ] GC(332) Survivor regions: 3->4(46)
[139.304s][info][gc,heap     ] GC(332) Old regions: 57->57
[139.304s][info][gc,heap     ] GC(332) Humongous regions: 207->207
[139.304s][info][gc,metaspace] GC(332) Metaspace: 56367K(56640K)->56367K(56640K) NonClass: 50742K(50944K)->50742K(50944K) Class: 5625K(5696K)->5625K(5696K)
[139.304s][info][gc          ] GC(332) Pause Young (Concurrent Start) (G1 Evacuation Pause) 626M->266M(665M) 24.498ms
[139.304s][info][gc,cpu      ] GC(332) User=0.02s Sys=0.01s Real=0.03s
[139.304s][info][gc          ] GC(333) Concurrent Mark Cycle
[139.308s][info][gc,marking  ] GC(333) Concurrent Scan Root Regions
[139.314s][info][gc,marking  ] GC(333) Concurrent Scan Root Regions 5.563ms
[139.314s][info][gc,marking  ] GC(333) Concurrent Mark
[139.314s][info][gc,marking  ] GC(333) Concurrent Mark From Roots
[139.314s][info][gc,task     ] GC(333) Using 1 workers of 1 for marking
[139.408s][info][gc,marking  ] GC(333) Concurrent Mark From Roots 94.202ms
[139.408s][info][gc,marking  ] GC(333) Concurrent Preclean
[139.408s][info][gc,marking  ] GC(333) Concurrent Preclean 0.080ms
[139.408s][info][gc,start    ] GC(333) Pause Remark
[139.420s][info][gc          ] GC(333) Pause Remark 319M->319M(665M) 11.566ms
[139.420s][info][gc,cpu      ] GC(333) User=0.01s Sys=0.00s Real=0.01s
[139.420s][info][gc,marking  ] GC(333) Concurrent Mark 106.327ms
[139.420s][info][gc,marking  ] GC(333) Concurrent Rebuild Remembered Sets and Scrub Regions
[139.450s][info][gc,marking  ] GC(333) Concurrent Rebuild Remembered Sets and Scrub Regions 29.974ms
[139.450s][info][gc,start    ] GC(333) Pause Cleanup
[139.450s][info][gc          ] GC(333) Pause Cleanup 333M->333M(665M) 0.071ms
[139.450s][info][gc,cpu      ] GC(333) User=0.00s Sys=0.00s Real=0.00s
[139.450s][info][gc,marking  ] GC(333) Concurrent Clear Claimed Marks
[139.450s][info][gc,marking  ] GC(333) Concurrent Clear Claimed Marks 0.095ms
[139.450s][info][gc,marking  ] GC(333) Concurrent Cleanup for Next Mark
[139.453s][info][gc,marking  ] GC(333) Concurrent Cleanup for Next Mark 2.512ms
[139.453s][info][gc          ] GC(333) Concurrent Mark Cycle 148.657ms
[139.958s][info][gc,start    ] GC(334) Pause Young (Prepare Mixed) (G1 Evacuation Pause)
[139.958s][info][gc,task     ] GC(334) Using 2 workers of 2 for evacuation
[139.964s][info][gc,phases   ] GC(334)   Pre Evacuate Collection Set: 0.28ms
[139.964s][info][gc,phases   ] GC(334)   Merge Heap Roots: 0.12ms
[139.964s][info][gc,phases   ] GC(334)   Evacuate Collection Set: 5.01ms
[139.964s][info][gc,phases   ] GC(334)   Post Evacuate Collection Set: 0.65ms
[139.964s][info][gc,phases   ] GC(334)   Other: 0.08ms
[139.964s][info][gc,heap     ] GC(334) Eden regions: 359->0(359)
[139.964s][info][gc,heap     ] GC(334) Survivor regions: 4->4(46)
[139.964s][info][gc,heap     ] GC(334) Old regions: 57->57
[139.964s][info][gc,heap     ] GC(334) Humongous regions: 207->207
[139.964s][info][gc,metaspace] GC(334) Metaspace: 56367K(56640K)->56367K(56640K) NonClass: 50742K(50944K)->50742K(50944K) Class: 5625K(5696K)->5625K(5696K)
[139.964s][info][gc          ] GC(334) Pause Young (Prepare Mixed) (G1 Evacuation Pause) 625M->266M(665M) 6.304ms
[139.964s][info][gc,cpu      ] GC(334) User=0.02s Sys=0.00s Real=0.01s
[140.672s][info][gc,start    ] GC(335) Pause Young (Mixed) (G1 Evacuation Pause)
[140.672s][info][gc,task     ] GC(335) Using 2 workers of 2 for evacuation
[140.679s][info][gc,phases   ] GC(335)   Pre Evacuate Collection Set: 0.30ms
[140.679s][info][gc,phases   ] GC(335)   Merge Heap Roots: 0.12ms
[140.679s][info][gc,phases   ] GC(335)   Evacuate Collection Set: 5.28ms
[140.679s][info][gc,phases   ] GC(335)   Post Evacuate Collection Set: 0.66ms
[140.679s][info][gc,phases   ] GC(335)   Other: 0.10ms
[140.679s][info][gc,heap     ] GC(335) Eden regions: 359->0(362)
[140.679s][info][gc,heap     ] GC(335) Survivor regions: 4->3(46)
[140.679s][info][gc,heap     ] GC(335) Old regions: 57->56
[140.679s][info][gc,heap     ] GC(335) Humongous regions: 207->207
[140.679s][info][gc,metaspace] GC(335) Metaspace: 56367K(56640K)->56367K(56640K) NonClass: 50742K(50944K)->50742K(50944K) Class: 5625K(5696K)->5625K(5696K)
[140.679s][info][gc          ] GC(335) Pause Young (Mixed) (G1 Evacuation Pause) 625M->265M(665M) 6.622ms
[140.679s][info][gc,cpu      ] GC(335) User=0.01s Sys=0.00s Real=0.00s
[141.443s][info][gc,start    ] GC(336) Pause Young (Concurrent Start) (G1 Evacuation Pause)
[141.443s][info][gc,task     ] GC(336) Using 2 workers of 2 for evacuation
[141.447s][info][gc,phases   ] GC(336)   Pre Evacuate Collection Set: 0.30ms
[141.447s][info][gc,phases   ] GC(336)   Merge Heap Roots: 0.11ms
[141.447s][info][gc,phases   ] GC(336)   Evacuate Collection Set: 3.08ms
[141.447s][info][gc,phases   ] GC(336)   Post Evacuate Collection Set: 0.63ms
[141.447s][info][gc,phases   ] GC(336)   Other: 0.14ms
[141.447s][info][gc,heap     ] GC(336) Eden regions: 362->0(364)
[141.448s][info][gc,heap     ] GC(336) Survivor regions: 3->2(46)
[141.448s][info][gc,heap     ] GC(336) Old regions: 56->56
[141.448s][info][gc,heap     ] GC(336) Humongous regions: 207->207
[141.448s][info][gc,metaspace] GC(336) Metaspace: 56367K(56640K)->56367K(56640K) NonClass: 50742K(50944K)->50742K(50944K) Class: 5625K(5696K)->5625K(5696K)
[141.448s][info][gc          ] GC(336) Pause Young (Concurrent Start) (G1 Evacuation Pause) 627M->264M(665M) 4.429ms
[141.448s][info][gc,cpu      ] GC(336) User=0.01s Sys=0.00s Real=0.00s
[141.448s][info][gc          ] GC(337) Concurrent Mark Cycle
[141.448s][info][gc,marking  ] GC(337) Concurrent Scan Root Regions
[141.455s][info][gc,marking  ] GC(337) Concurrent Scan Root Regions 7.122ms
[141.455s][info][gc,marking  ] GC(337) Concurrent Mark
[141.455s][info][gc,marking  ] GC(337) Concurrent Mark From Roots
[141.455s][info][gc,task     ] GC(337) Using 1 workers of 1 for marking
[141.527s][info][gc,marking  ] GC(337) Concurrent Mark From Roots 72.051ms
[141.527s][info][gc,marking  ] GC(337) Concurrent Preclean
[141.528s][info][gc,marking  ] GC(337) Concurrent Preclean 0.079ms
[141.528s][info][gc,start    ] GC(337) Pause Remark
[141.536s][info][gc          ] GC(337) Pause Remark 308M->308M(665M) 8.606ms
[141.536s][info][gc,cpu      ] GC(337) User=0.01s Sys=0.00s Real=0.01s
[141.537s][info][gc,marking  ] GC(337) Concurrent Mark 81.791ms
[141.537s][info][gc,marking  ] GC(337) Concurrent Rebuild Remembered Sets and Scrub Regions
[141.570s][info][gc,marking  ] GC(337) Concurrent Rebuild Remembered Sets and Scrub Regions 32.760ms
[141.570s][info][gc,start    ] GC(337) Pause Cleanup
[141.570s][info][gc          ] GC(337) Pause Cleanup 340M->340M(665M) 0.073ms
[141.570s][info][gc,cpu      ] GC(337) User=0.00s Sys=0.00s Real=0.00s
[141.570s][info][gc,marking  ] GC(337) Concurrent Clear Claimed Marks
[141.570s][info][gc,marking  ] GC(337) Concurrent Clear Claimed Marks 0.087ms
[141.570s][info][gc,marking  ] GC(337) Concurrent Cleanup for Next Mark
[141.572s][info][gc,marking  ] GC(337) Concurrent Cleanup for Next Mark 2.166ms
[141.572s][info][gc          ] GC(337) Concurrent Mark Cycle 124.347ms
[142.151s][info][gc,start    ] GC(338) Pause Young (Prepare Mixed) (G1 Evacuation Pause)
[142.151s][info][gc,task     ] GC(338) Using 2 workers of 2 for evacuation
[142.157s][info][gc,phases   ] GC(338)   Pre Evacuate Collection Set: 0.31ms
[142.157s][info][gc,phases   ] GC(338)   Merge Heap Roots: 0.11ms
[142.157s][info][gc,phases   ] GC(338)   Evacuate Collection Set: 4.58ms
[142.157s][info][gc,phases   ] GC(338)   Post Evacuate Collection Set: 0.66ms
[142.157s][info][gc,phases   ] GC(338)   Other: 0.11ms
[142.157s][info][gc,heap     ] GC(338) Eden regions: 364->0(362)
[142.157s][info][gc,heap     ] GC(338) Survivor regions: 2->3(46)
[142.157s][info][gc,heap     ] GC(338) Old regions: 56->56
[142.157s][info][gc,heap     ] GC(338) Humongous regions: 207->207
[142.157s][info][gc,metaspace] GC(338) Metaspace: 56368K(56640K)->56368K(56640K) NonClass: 50743K(50944K)->50743K(50944K) Class: 5625K(5696K)->5625K(5696K)
[142.157s][info][gc          ] GC(338) Pause Young (Prepare Mixed) (G1 Evacuation Pause) 628M->265M(665M) 5.945ms
[142.157s][info][gc,cpu      ] GC(338) User=0.01s Sys=0.00s Real=0.01s
[142.860s][info][gc,start    ] GC(339) Pause Young (Mixed) (G1 Evacuation Pause)
[142.860s][info][gc,task     ] GC(339) Using 2 workers of 2 for evacuation
[142.867s][info][gc,phases   ] GC(339)   Pre Evacuate Collection Set: 0.32ms
[142.867s][info][gc,phases   ] GC(339)   Merge Heap Roots: 0.12ms
[142.867s][info][gc,phases   ] GC(339)   Evacuate Collection Set: 5.97ms
[142.867s][info][gc,phases   ] GC(339)   Post Evacuate Collection Set: 0.66ms
[142.867s][info][gc,phases   ] GC(339)   Other: 0.11ms
[142.867s][info][gc,heap     ] GC(339) Eden regions: 362->0(362)
[142.867s][info][gc,heap     ] GC(339) Survivor regions: 3->3(46)
[142.867s][info][gc,heap     ] GC(339) Old regions: 56->56
[142.867s][info][gc,heap     ] GC(339) Humongous regions: 207->207
[142.867s][info][gc,metaspace] GC(339) Metaspace: 56368K(56640K)->56368K(56640K) NonClass: 50743K(50944K)->50743K(50944K) Class: 5625K(5696K)->5625K(5696K)
[142.868s][info][gc          ] GC(339) Pause Young (Mixed) (G1 Evacuation Pause) 627M->265M(665M) 7.380ms
[142.868s][info][gc,cpu      ] GC(339) User=0.02s Sys=0.00s Real=0.01s
[143.613s][info][gc,start    ] GC(340) Pause Young (Concurrent Start) (G1 Evacuation Pause)
[143.613s][info][gc,task     ] GC(340) Using 2 workers of 2 for evacuation
[143.618s][info][gc,phases   ] GC(340)   Pre Evacuate Collection Set: 0.31ms
[143.618s][info][gc,phases   ] GC(340)   Merge Heap Roots: 0.10ms
[143.618s][info][gc,phases   ] GC(340)   Evacuate Collection Set: 3.56ms
[143.618s][info][gc,phases   ] GC(340)   Post Evacuate Collection Set: 0.63ms
[143.618s][info][gc,phases   ] GC(340)   Other: 0.13ms
[143.618s][info][gc,heap     ] GC(340) Eden regions: 362->0(364)
[143.618s][info][gc,heap     ] GC(340) Survivor regions: 3->2(46)
[143.618s][info][gc,heap     ] GC(340) Old regions: 56->56
[143.618s][info][gc,heap     ] GC(340) Humongous regions: 207->207
[143.618s][info][gc,metaspace] GC(340) Metaspace: 56368K(56640K)->56368K(56640K) NonClass: 50743K(50944K)->50743K(50944K) Class: 5625K(5696K)->5625K(5696K)
[143.618s][info][gc          ] GC(340) Pause Young (Concurrent Start) (G1 Evacuation Pause) 627M->264M(665M) 4.921ms
[143.618s][info][gc          ] GC(341) Concurrent Mark Cycle
[143.618s][info][gc,marking  ] GC(341) Concurrent Scan Root Regions
[143.619s][info][gc,cpu      ] GC(340) User=0.01s Sys=0.00s Real=0.00s
[143.620s][info][gc,marking  ] GC(341) Concurrent Scan Root Regions 2.354ms
[143.620s][info][gc,marking  ] GC(341) Concurrent Mark
[143.620s][info][gc,marking  ] GC(341) Concurrent Mark From Roots
[143.620s][info][gc,task     ] GC(341) Using 1 workers of 1 for marking
[143.679s][info][gc,marking  ] GC(341) Concurrent Mark From Roots 58.554ms
[143.679s][info][gc,marking  ] GC(341) Concurrent Preclean
[143.679s][info][gc,marking  ] GC(341) Concurrent Preclean 0.072ms
[143.679s][info][gc,start    ] GC(341) Pause Remark
[143.688s][info][gc          ] GC(341) Pause Remark 308M->308M(665M) 8.357ms
[143.688s][info][gc,cpu      ] GC(341) User=0.02s Sys=0.00s Real=0.01s
[143.688s][info][gc,marking  ] GC(341) Concurrent Mark 67.274ms
[143.688s][info][gc,marking  ] GC(341) Concurrent Rebuild Remembered Sets and Scrub Regions
[143.704s][info][gc,marking  ] GC(341) Concurrent Rebuild Remembered Sets and Scrub Regions 16.730ms
[143.705s][info][gc,start    ] GC(341) Pause Cleanup
[143.705s][info][gc          ] GC(341) Pause Cleanup 315M->315M(665M) 0.066ms
[143.705s][info][gc,cpu      ] GC(341) User=0.00s Sys=0.00s Real=0.00s
[143.705s][info][gc,marking  ] GC(341) Concurrent Clear Claimed Marks
[143.705s][info][gc,marking  ] GC(341) Concurrent Clear Claimed Marks 0.084ms
[143.705s][info][gc,marking  ] GC(341) Concurrent Cleanup for Next Mark
[143.707s][info][gc,marking  ] GC(341) Concurrent Cleanup for Next Mark 1.930ms
[143.707s][info][gc          ] GC(341) Concurrent Mark Cycle 88.713ms
[144.340s][info][gc,start    ] GC(342) Pause Young (Prepare Mixed) (G1 Evacuation Pause)
[144.340s][info][gc,task     ] GC(342) Using 2 workers of 2 for evacuation
[144.344s][info][gc,phases   ] GC(342)   Pre Evacuate Collection Set: 0.27ms
[144.344s][info][gc,phases   ] GC(342)   Merge Heap Roots: 0.12ms
[144.344s][info][gc,phases   ] GC(342)   Evacuate Collection Set: 3.28ms
[144.344s][info][gc,phases   ] GC(342)   Post Evacuate Collection Set: 0.64ms
[144.344s][info][gc,phases   ] GC(342)   Other: 0.07ms
[144.344s][info][gc,heap     ] GC(342) Eden regions: 364->0(364)
[144.344s][info][gc,heap     ] GC(342) Survivor regions: 2->2(46)
[144.344s][info][gc,heap     ] GC(342) Old regions: 56->56
[144.344s][info][gc,heap     ] GC(342) Humongous regions: 207->207
[144.344s][info][gc,metaspace] GC(342) Metaspace: 56368K(56640K)->56368K(56640K) NonClass: 50743K(50944K)->50743K(50944K) Class: 5625K(5696K)->5625K(5696K)
[144.344s][info][gc          ] GC(342) Pause Young (Prepare Mixed) (G1 Evacuation Pause) 628M->264M(665M) 4.547ms
[144.344s][info][gc,cpu      ] GC(342) User=0.01s Sys=0.00s Real=0.01s
[145.151s][info][gc,start    ] GC(343) Pause Young (Mixed) (G1 Evacuation Pause)
[145.151s][info][gc,task     ] GC(343) Using 2 workers of 2 for evacuation
[145.164s][info][gc,phases   ] GC(343)   Pre Evacuate Collection Set: 0.30ms
[145.164s][info][gc,phases   ] GC(343)   Merge Heap Roots: 0.14ms
[145.164s][info][gc,phases   ] GC(343)   Evacuate Collection Set: 10.82ms
[145.164s][info][gc,phases   ] GC(343)   Post Evacuate Collection Set: 1.65ms
[145.164s][info][gc,phases   ] GC(343)   Other: 0.09ms
[145.164s][info][gc,heap     ] GC(343) Eden regions: 364->0(360)
[145.164s][info][gc,heap     ] GC(343) Survivor regions: 2->4(46)
[145.164s][info][gc,heap     ] GC(343) Old regions: 56->56
[145.164s][info][gc,heap     ] GC(343) Humongous regions: 207->207
[145.164s][info][gc,metaspace] GC(343) Metaspace: 56368K(56640K)->56368K(56640K) NonClass: 50743K(50944K)->50743K(50944K) Class: 5625K(5696K)->5625K(5696K)
[145.164s][info][gc          ] GC(343) Pause Young (Mixed) (G1 Evacuation Pause) 628M->266M(665M) 13.181ms
[145.164s][info][gc,cpu      ] GC(343) User=0.03s Sys=0.00s Real=0.02s
[145.868s][info][gc,start    ] GC(344) Pause Young (Concurrent Start) (G1 Evacuation Pause)
[145.868s][info][gc,task     ] GC(344) Using 2 workers of 2 for evacuation
[145.873s][info][gc,phases   ] GC(344)   Pre Evacuate Collection Set: 0.33ms
[145.873s][info][gc,phases   ] GC(344)   Merge Heap Roots: 0.11ms
[145.873s][info][gc,phases   ] GC(344)   Evacuate Collection Set: 3.89ms
[145.873s][info][gc,phases   ] GC(344)   Post Evacuate Collection Set: 0.63ms
[145.873s][info][gc,phases   ] GC(344)   Other: 0.11ms
[145.873s][info][gc,heap     ] GC(344) Eden regions: 360->0(362)
[145.873s][info][gc,heap     ] GC(344) Survivor regions: 4->3(46)
[145.873s][info][gc,heap     ] GC(344) Old regions: 56->56
[145.873s][info][gc,heap     ] GC(344) Humongous regions: 207->207
[145.873s][info][gc,metaspace] GC(344) Metaspace: 56368K(56640K)->56368K(56640K) NonClass: 50743K(50944K)->50743K(50944K) Class: 5625K(5696K)->5625K(5696K)
[145.873s][info][gc          ] GC(344) Pause Young (Concurrent Start) (G1 Evacuation Pause) 626M->264M(665M) 5.230ms
[145.873s][info][gc,cpu      ] GC(344) User=0.01s Sys=0.00s Real=0.01s
[145.873s][info][gc          ] GC(345) Concurrent Mark Cycle
[145.874s][info][gc,marking  ] GC(345) Concurrent Scan Root Regions
[145.878s][info][gc,marking  ] GC(345) Concurrent Scan Root Regions 4.061ms
[145.878s][info][gc,marking  ] GC(345) Concurrent Mark
[145.878s][info][gc,marking  ] GC(345) Concurrent Mark From Roots
[145.878s][info][gc,task     ] GC(345) Using 1 workers of 1 for marking
[145.919s][info][gc,marking  ] GC(345) Concurrent Mark From Roots 40.476ms
[145.919s][info][gc,marking  ] GC(345) Concurrent Preclean
[145.919s][info][gc,marking  ] GC(345) Concurrent Preclean 0.062ms
[145.919s][info][gc,start    ] GC(345) Pause Remark
[145.927s][info][gc          ] GC(345) Pause Remark 272M->272M(665M) 8.178ms
[145.927s][info][gc,cpu      ] GC(345) User=0.02s Sys=0.00s Real=0.01s
[145.928s][info][gc,marking  ] GC(345) Concurrent Mark 49.384ms
[145.928s][info][gc,marking  ] GC(345) Concurrent Rebuild Remembered Sets and Scrub Regions
[145.959s][info][gc,marking  ] GC(345) Concurrent Rebuild Remembered Sets and Scrub Regions 31.221ms
[145.960s][info][gc,start    ] GC(345) Pause Cleanup
[145.960s][info][gc          ] GC(345) Pause Cleanup 300M->300M(665M) 0.088ms
[145.960s][info][gc,cpu      ] GC(345) User=0.00s Sys=0.00s Real=0.00s
[145.961s][info][gc,marking  ] GC(345) Concurrent Clear Claimed Marks
[145.961s][info][gc,marking  ] GC(345) Concurrent Clear Claimed Marks 0.098ms
[145.961s][info][gc,marking  ] GC(345) Concurrent Cleanup for Next Mark
[145.967s][info][gc,marking  ] GC(345) Concurrent Cleanup for Next Mark 6.263ms
[145.967s][info][gc          ] GC(345) Concurrent Mark Cycle 93.728ms
[146.636s][info][gc,start    ] GC(346) Pause Young (Prepare Mixed) (G1 Evacuation Pause)
[146.636s][info][gc,task     ] GC(346) Using 2 workers of 2 for evacuation
[146.640s][info][gc,phases   ] GC(346)   Pre Evacuate Collection Set: 0.28ms
[146.640s][info][gc,phases   ] GC(346)   Merge Heap Roots: 0.12ms
[146.640s][info][gc,phases   ] GC(346)   Evacuate Collection Set: 2.52ms
[146.640s][info][gc,phases   ] GC(346)   Post Evacuate Collection Set: 0.63ms
[146.640s][info][gc,phases   ] GC(346)   Other: 0.09ms
[146.640s][info][gc,heap     ] GC(346) Eden regions: 362->0(366)
[146.640s][info][gc,heap     ] GC(346) Survivor regions: 3->1(46)
[146.640s][info][gc,heap     ] GC(346) Old regions: 56->56
[146.640s][info][gc,heap     ] GC(346) Humongous regions: 207->207
[146.640s][info][gc,metaspace] GC(346) Metaspace: 56368K(56640K)->56368K(56640K) NonClass: 50743K(50944K)->50743K(50944K) Class: 5625K(5696K)->5625K(5696K)
[146.640s][info][gc          ] GC(346) Pause Young (Prepare Mixed) (G1 Evacuation Pause) 626M->263M(665M) 3.828ms
[146.640s][info][gc,cpu      ] GC(346) User=0.01s Sys=0.00s Real=0.00s
[147.356s][info][gc,start    ] GC(347) Pause Young (Mixed) (G1 Evacuation Pause)
[147.356s][info][gc,task     ] GC(347) Using 2 workers of 2 for evacuation
[147.364s][info][gc,phases   ] GC(347)   Pre Evacuate Collection Set: 0.29ms
[147.364s][info][gc,phases   ] GC(347)   Merge Heap Roots: 0.14ms
[147.364s][info][gc,phases   ] GC(347)   Evacuate Collection Set: 7.15ms
[147.364s][info][gc,phases   ] GC(347)   Post Evacuate Collection Set: 0.70ms
[147.364s][info][gc,phases   ] GC(347)   Other: 0.08ms
[147.364s][info][gc,heap     ] GC(347) Eden regions: 366->0(362)
[147.364s][info][gc,heap     ] GC(347) Survivor regions: 1->3(46)
[147.364s][info][gc,heap     ] GC(347) Old regions: 56->56
[147.364s][info][gc,heap     ] GC(347) Humongous regions: 207->207
[147.364s][info][gc,metaspace] GC(347) Metaspace: 56369K(56640K)->56369K(56640K) NonClass: 50744K(50944K)->50744K(50944K) Class: 5625K(5696K)->5625K(5696K)
[147.364s][info][gc          ] GC(347) Pause Young (Mixed) (G1 Evacuation Pause) 629M->265M(665M) 8.529ms
[147.364s][info][gc,cpu      ] GC(347) User=0.01s Sys=0.00s Real=0.01s
[148.093s][info][gc,start    ] GC(348) Pause Young (Concurrent Start) (G1 Evacuation Pause)
[148.094s][info][gc,task     ] GC(348) Using 2 workers of 2 for evacuation
[148.101s][info][gc,phases   ] GC(348)   Pre Evacuate Collection Set: 0.30ms
[148.101s][info][gc,phases   ] GC(348)   Merge Heap Roots: 0.13ms
[148.101s][info][gc,phases   ] GC(348)   Evacuate Collection Set: 6.02ms
[148.101s][info][gc,phases   ] GC(348)   Post Evacuate Collection Set: 0.62ms
[148.101s][info][gc,phases   ] GC(348)   Other: 0.11ms
[148.101s][info][gc,heap     ] GC(348) Eden regions: 362->0(360)
[148.101s][info][gc,heap     ] GC(348) Survivor regions: 3->4(46)
[148.101s][info][gc,heap     ] GC(348) Old regions: 56->56
[148.101s][info][gc,heap     ] GC(348) Humongous regions: 207->207
[148.101s][info][gc,metaspace] GC(348) Metaspace: 56369K(56640K)->56369K(56640K) NonClass: 50744K(50944K)->50744K(50944K) Class: 5625K(5696K)->5625K(5696K)
[148.101s][info][gc          ] GC(348) Pause Young (Concurrent Start) (G1 Evacuation Pause) 627M->266M(665M) 7.348ms
[148.101s][info][gc,cpu      ] GC(348) User=0.01s Sys=0.00s Real=0.00s
[148.101s][info][gc          ] GC(349) Concurrent Mark Cycle
[148.101s][info][gc,marking  ] GC(349) Concurrent Scan Root Regions
[148.107s][info][gc,marking  ] GC(349) Concurrent Scan Root Regions 5.685ms
[148.107s][info][gc,marking  ] GC(349) Concurrent Mark
[148.107s][info][gc,marking  ] GC(349) Concurrent Mark From Roots
[148.107s][info][gc,task     ] GC(349) Using 1 workers of 1 for marking
[148.153s][info][gc,marking  ] GC(349) Concurrent Mark From Roots 46.433ms
[148.153s][info][gc,marking  ] GC(349) Concurrent Preclean
[148.153s][info][gc,marking  ] GC(349) Concurrent Preclean 0.073ms
[148.154s][info][gc,start    ] GC(349) Pause Remark
[148.162s][info][gc          ] GC(349) Pause Remark 298M->298M(665M) 8.215ms
[148.162s][info][gc,cpu      ] GC(349) User=0.02s Sys=0.00s Real=0.00s
[148.162s][info][gc,marking  ] GC(349) Concurrent Mark 54.989ms
[148.162s][info][gc,marking  ] GC(349) Concurrent Rebuild Remembered Sets and Scrub Regions
[148.178s][info][gc,marking  ] GC(349) Concurrent Rebuild Remembered Sets and Scrub Regions 15.920ms
[148.178s][info][gc,start    ] GC(349) Pause Cleanup
[148.178s][info][gc          ] GC(349) Pause Cleanup 311M->311M(665M) 0.081ms
[148.178s][info][gc,cpu      ] GC(349) User=0.00s Sys=0.00s Real=0.00s
[148.178s][info][gc,marking  ] GC(349) Concurrent Clear Claimed Marks
[148.178s][info][gc,marking  ] GC(349) Concurrent Clear Claimed Marks 0.080ms
[148.178s][info][gc,marking  ] GC(349) Concurrent Cleanup for Next Mark
[148.180s][info][gc,marking  ] GC(349) Concurrent Cleanup for Next Mark 1.948ms
[148.180s][info][gc          ] GC(349) Concurrent Mark Cycle 79.353ms
[148.771s][info][gc,start    ] GC(350) Pause Young (Prepare Mixed) (G1 Evacuation Pause)
[148.771s][info][gc,task     ] GC(350) Using 2 workers of 2 for evacuation
[148.775s][info][gc,phases   ] GC(350)   Pre Evacuate Collection Set: 0.29ms
[148.775s][info][gc,phases   ] GC(350)   Merge Heap Roots: 0.12ms
[148.775s][info][gc,phases   ] GC(350)   Evacuate Collection Set: 2.96ms
[148.775s][info][gc,phases   ] GC(350)   Post Evacuate Collection Set: 0.64ms
[148.775s][info][gc,phases   ] GC(350)   Other: 0.08ms
[148.775s][info][gc,heap     ] GC(350) Eden regions: 360->0(364)
[148.775s][info][gc,heap     ] GC(350) Survivor regions: 4->2(46)
[148.775s][info][gc,heap     ] GC(350) Old regions: 56->56
[148.775s][info][gc,heap     ] GC(350) Humongous regions: 207->207
[148.775s][info][gc,metaspace] GC(350) Metaspace: 56369K(56640K)->56369K(56640K) NonClass: 50744K(50944K)->50744K(50944K) Class: 5625K(5696K)->5625K(5696K)
[148.775s][info][gc          ] GC(350) Pause Young (Prepare Mixed) (G1 Evacuation Pause) 626M->264M(665M) 4.278ms
[148.775s][info][gc,cpu      ] GC(350) User=0.01s Sys=0.00s Real=0.01s
[149.541s][info][gc,start    ] GC(351) Pause Young (Mixed) (G1 Evacuation Pause)
[149.541s][info][gc,task     ] GC(351) Using 2 workers of 2 for evacuation
[149.548s][info][gc,phases   ] GC(351)   Pre Evacuate Collection Set: 0.28ms
[149.548s][info][gc,phases   ] GC(351)   Merge Heap Roots: 0.13ms
[149.548s][info][gc,phases   ] GC(351)   Evacuate Collection Set: 5.37ms
[149.548s][info][gc,phases   ] GC(351)   Post Evacuate Collection Set: 0.67ms
[149.548s][info][gc,phases   ] GC(351)   Other: 0.09ms
[149.548s][info][gc,heap     ] GC(351) Eden regions: 364->0(362)
[149.548s][info][gc,heap     ] GC(351) Survivor regions: 2->3(46)
[149.548s][info][gc,heap     ] GC(351) Old regions: 56->56
[149.548s][info][gc,heap     ] GC(351) Humongous regions: 207->207
[149.548s][info][gc,metaspace] GC(351) Metaspace: 56369K(56640K)->56369K(56640K) NonClass: 50744K(50944K)->50744K(50944K) Class: 5625K(5696K)->5625K(5696K)
[149.548s][info][gc          ] GC(351) Pause Young (Mixed) (G1 Evacuation Pause) 628M->264M(665M) 6.699ms
[149.548s][info][gc,cpu      ] GC(351) User=0.01s Sys=0.00s Real=0.01s
[150.270s][info][gc,start    ] GC(352) Pause Young (Concurrent Start) (G1 Evacuation Pause)
[150.270s][info][gc,task     ] GC(352) Using 2 workers of 2 for evacuation
[150.276s][info][gc,phases   ] GC(352)   Pre Evacuate Collection Set: 0.28ms
[150.276s][info][gc,phases   ] GC(352)   Merge Heap Roots: 0.11ms
[150.276s][info][gc,phases   ] GC(352)   Evacuate Collection Set: 4.59ms
[150.276s][info][gc,phases   ] GC(352)   Post Evacuate Collection Set: 0.62ms
[150.276s][info][gc,phases   ] GC(352)   Other: 0.09ms
[150.276s][info][gc,heap     ] GC(352) Eden regions: 362->0(362)
[150.276s][info][gc,heap     ] GC(352) Survivor regions: 3->3(46)
[150.276s][info][gc,heap     ] GC(352) Old regions: 56->56
[150.276s][info][gc,heap     ] GC(352) Humongous regions: 207->207
[150.276s][info][gc,metaspace] GC(352) Metaspace: 56369K(56640K)->56369K(56640K) NonClass: 50744K(50944K)->50744K(50944K) Class: 5625K(5696K)->5625K(5696K)
[150.276s][info][gc          ] GC(352) Pause Young (Concurrent Start) (G1 Evacuation Pause) 626M->264M(665M) 5.861ms
[150.276s][info][gc,cpu      ] GC(352) User=0.01s Sys=0.00s Real=0.01s
[150.276s][info][gc          ] GC(353) Concurrent Mark Cycle
[150.276s][info][gc,marking  ] GC(353) Concurrent Scan Root Regions
[150.285s][info][gc,marking  ] GC(353) Concurrent Scan Root Regions 8.915ms
[150.285s][info][gc,marking  ] GC(353) Concurrent Mark
[150.285s][info][gc,marking  ] GC(353) Concurrent Mark From Roots
[150.285s][info][gc,task     ] GC(353) Using 1 workers of 1 for marking
[150.358s][info][gc,marking  ] GC(353) Concurrent Mark From Roots 72.893ms
[150.358s][info][gc,marking  ] GC(353) Concurrent Preclean
[150.358s][info][gc,marking  ] GC(353) Concurrent Preclean 0.076ms
[150.359s][info][gc,start    ] GC(353) Pause Remark
[150.367s][info][gc          ] GC(353) Pause Remark 314M->314M(665M) 8.185ms
[150.367s][info][gc,cpu      ] GC(353) User=0.01s Sys=0.00s Real=0.01s
[150.368s][info][gc,marking  ] GC(353) Concurrent Mark 82.251ms
[150.368s][info][gc,marking  ] GC(353) Concurrent Rebuild Remembered Sets and Scrub Regions
[150.396s][info][gc,marking  ] GC(353) Concurrent Rebuild Remembered Sets and Scrub Regions 28.303ms
[150.396s][info][gc,start    ] GC(353) Pause Cleanup
[150.396s][info][gc          ] GC(353) Pause Cleanup 336M->336M(665M) 0.095ms
[150.396s][info][gc,cpu      ] GC(353) User=0.00s Sys=0.00s Real=0.00s
[150.396s][info][gc,marking  ] GC(353) Concurrent Clear Claimed Marks
[150.396s][info][gc,marking  ] GC(353) Concurrent Clear Claimed Marks 0.091ms
[150.396s][info][gc,marking  ] GC(353) Concurrent Cleanup for Next Mark
[150.398s][info][gc,marking  ] GC(353) Concurrent Cleanup for Next Mark 2.001ms
[150.398s][info][gc          ] GC(353) Concurrent Mark Cycle 121.923ms
[150.957s][info][gc,start    ] GC(354) Pause Young (Prepare Mixed) (G1 Evacuation Pause)
[150.957s][info][gc,task     ] GC(354) Using 2 workers of 2 for evacuation
[150.965s][info][gc,phases   ] GC(354)   Pre Evacuate Collection Set: 0.29ms
[150.965s][info][gc,phases   ] GC(354)   Merge Heap Roots: 0.12ms
[150.965s][info][gc,phases   ] GC(354)   Evacuate Collection Set: 6.73ms
[150.965s][info][gc,phases   ] GC(354)   Post Evacuate Collection Set: 0.64ms
[150.965s][info][gc,phases   ] GC(354)   Other: 0.09ms
[150.965s][info][gc,heap     ] GC(354) Eden regions: 362->0(360)
[150.965s][info][gc,heap     ] GC(354) Survivor regions: 3->4(46)
[150.965s][info][gc,heap     ] GC(354) Old regions: 56->56
[150.965s][info][gc,heap     ] GC(354) Humongous regions: 207->207
[150.965s][info][gc,metaspace] GC(354) Metaspace: 56369K(56640K)->56369K(56640K) NonClass: 50744K(50944K)->50744K(50944K) Class: 5625K(5696K)->5625K(5696K)
[150.965s][info][gc          ] GC(354) Pause Young (Prepare Mixed) (G1 Evacuation Pause) 626M->265M(665M) 8.039ms
[150.965s][info][gc,cpu      ] GC(354) User=0.01s Sys=0.01s Real=0.01s
[151.669s][info][gc,start    ] GC(355) Pause Young (Mixed) (G1 Evacuation Pause)
[151.669s][info][gc,task     ] GC(355) Using 2 workers of 2 for evacuation
[151.677s][info][gc,phases   ] GC(355)   Pre Evacuate Collection Set: 0.28ms
[151.677s][info][gc,phases   ] GC(355)   Merge Heap Roots: 0.13ms
[151.677s][info][gc,phases   ] GC(355)   Evacuate Collection Set: 6.71ms
[151.677s][info][gc,phases   ] GC(355)   Post Evacuate Collection Set: 0.69ms
[151.677s][info][gc,phases   ] GC(355)   Other: 0.12ms
[151.677s][info][gc,heap     ] GC(355) Eden regions: 360->0(362)
[151.677s][info][gc,heap     ] GC(355) Survivor regions: 4->3(46)
[151.677s][info][gc,heap     ] GC(355) Old regions: 56->56
[151.677s][info][gc,heap     ] GC(355) Humongous regions: 207->207
[151.677s][info][gc,metaspace] GC(355) Metaspace: 56369K(56640K)->56369K(56640K) NonClass: 50744K(50944K)->50744K(50944K) Class: 5625K(5696K)->5625K(5696K)
[151.677s][info][gc          ] GC(355) Pause Young (Mixed) (G1 Evacuation Pause) 625M->265M(665M) 8.106ms
[151.677s][info][gc,cpu      ] GC(355) User=0.02s Sys=0.00s Real=0.01s
[152.432s][info][gc,start    ] GC(356) Pause Young (Concurrent Start) (G1 Evacuation Pause)
[152.432s][info][gc,task     ] GC(356) Using 2 workers of 2 for evacuation
[152.436s][info][gc,phases   ] GC(356)   Pre Evacuate Collection Set: 0.28ms
[152.436s][info][gc,phases   ] GC(356)   Merge Heap Roots: 0.11ms
[152.436s][info][gc,phases   ] GC(356)   Evacuate Collection Set: 2.24ms
[152.436s][info][gc,phases   ] GC(356)   Post Evacuate Collection Set: 0.63ms
[152.436s][info][gc,phases   ] GC(356)   Other: 0.13ms
[152.436s][info][gc,heap     ] GC(356) Eden regions: 362->0(366)
[152.436s][info][gc,heap     ] GC(356) Survivor regions: 3->1(46)
[152.436s][info][gc,heap     ] GC(356) Old regions: 56->56
[152.436s][info][gc,heap     ] GC(356) Humongous regions: 207->207
[152.436s][info][gc,metaspace] GC(356) Metaspace: 56369K(56640K)->56369K(56640K) NonClass: 50744K(50944K)->50744K(50944K) Class: 5625K(5696K)->5625K(5696K)
[152.436s][info][gc          ] GC(356) Pause Young (Concurrent Start) (G1 Evacuation Pause) 627M->263M(665M) 3.563ms
[152.436s][info][gc          ] GC(357) Concurrent Mark Cycle
[152.436s][info][gc,marking  ] GC(357) Concurrent Scan Root Regions
[152.436s][info][gc,cpu      ] GC(356) User=0.01s Sys=0.00s Real=0.00s
[152.437s][info][gc,marking  ] GC(357) Concurrent Scan Root Regions 1.540ms
[152.437s][info][gc,marking  ] GC(357) Concurrent Mark
[152.437s][info][gc,marking  ] GC(357) Concurrent Mark From Roots
[152.437s][info][gc,task     ] GC(357) Using 1 workers of 1 for marking
[152.504s][info][gc,marking  ] GC(357) Concurrent Mark From Roots 67.070ms
[152.504s][info][gc,marking  ] GC(357) Concurrent Preclean
[152.504s][info][gc,marking  ] GC(357) Concurrent Preclean 0.070ms
[152.505s][info][gc,start    ] GC(357) Pause Remark
[152.513s][info][gc          ] GC(357) Pause Remark 311M->311M(665M) 8.240ms
[152.513s][info][gc,cpu      ] GC(357) User=0.01s Sys=0.00s Real=0.01s
[152.513s][info][gc,marking  ] GC(357) Concurrent Mark 75.670ms
[152.513s][info][gc,marking  ] GC(357) Concurrent Rebuild Remembered Sets and Scrub Regions
[152.528s][info][gc,marking  ] GC(357) Concurrent Rebuild Remembered Sets and Scrub Regions 15.479ms
[152.528s][info][gc,start    ] GC(357) Pause Cleanup
[152.529s][info][gc          ] GC(357) Pause Cleanup 311M->311M(665M) 0.051ms
[152.529s][info][gc,cpu      ] GC(357) User=0.00s Sys=0.00s Real=0.00s
[152.529s][info][gc,marking  ] GC(357) Concurrent Clear Claimed Marks
[152.529s][info][gc,marking  ] GC(357) Concurrent Clear Claimed Marks 0.077ms
[152.529s][info][gc,marking  ] GC(357) Concurrent Cleanup for Next Mark
[152.531s][info][gc,marking  ] GC(357) Concurrent Cleanup for Next Mark 1.928ms
[152.531s][info][gc          ] GC(357) Concurrent Mark Cycle 94.930ms
[153.149s][info][gc,start    ] GC(358) Pause Young (Prepare Mixed) (G1 Evacuation Pause)
[153.149s][info][gc,task     ] GC(358) Using 2 workers of 2 for evacuation
[153.155s][info][gc,phases   ] GC(358)   Pre Evacuate Collection Set: 0.29ms
[153.155s][info][gc,phases   ] GC(358)   Merge Heap Roots: 0.12ms
[153.155s][info][gc,phases   ] GC(358)   Evacuate Collection Set: 4.54ms
[153.155s][info][gc,phases   ] GC(358)   Post Evacuate Collection Set: 0.64ms
[153.155s][info][gc,phases   ] GC(358)   Other: 0.09ms
[153.155s][info][gc,heap     ] GC(358) Eden regions: 366->0(362)
[153.155s][info][gc,heap     ] GC(358) Survivor regions: 1->3(46)
[153.155s][info][gc,heap     ] GC(358) Old regions: 56->56
[153.155s][info][gc,heap     ] GC(358) Humongous regions: 207->207
[153.155s][info][gc,metaspace] GC(358) Metaspace: 56369K(56640K)->56369K(56640K) NonClass: 50744K(50944K)->50744K(50944K) Class: 5625K(5696K)->5625K(5696K)
[153.155s][info][gc          ] GC(358) Pause Young (Prepare Mixed) (G1 Evacuation Pause) 629M->265M(665M) 5.842ms
[153.155s][info][gc,cpu      ] GC(358) User=0.01s Sys=0.00s Real=0.01s
[153.856s][info][gc,start    ] GC(359) Pause Young (Mixed) (G1 Evacuation Pause)
[153.856s][info][gc,task     ] GC(359) Using 2 workers of 2 for evacuation
[153.862s][info][gc,phases   ] GC(359)   Pre Evacuate Collection Set: 0.29ms
[153.862s][info][gc,phases   ] GC(359)   Merge Heap Roots: 0.13ms
[153.862s][info][gc,phases   ] GC(359)   Evacuate Collection Set: 5.44ms
[153.862s][info][gc,phases   ] GC(359)   Post Evacuate Collection Set: 0.67ms
[153.862s][info][gc,phases   ] GC(359)   Other: 0.09ms
[153.862s][info][gc,heap     ] GC(359) Eden regions: 362->0(362)
[153.862s][info][gc,heap     ] GC(359) Survivor regions: 3->3(46)
[153.862s][info][gc,heap     ] GC(359) Old regions: 56->56
[153.862s][info][gc,heap     ] GC(359) Humongous regions: 207->207
[153.862s][info][gc,metaspace] GC(359) Metaspace: 56369K(56640K)->56369K(56640K) NonClass: 50744K(50944K)->50744K(50944K) Class: 5625K(5696K)->5625K(5696K)
[153.862s][info][gc          ] GC(359) Pause Young (Mixed) (G1 Evacuation Pause) 627M->264M(665M) 6.807ms
[153.862s][info][gc,cpu      ] GC(359) User=0.01s Sys=0.00s Real=0.01s
[154.581s][info][gc,start    ] GC(360) Pause Young (Concurrent Start) (G1 Evacuation Pause)
[154.581s][info][gc,task     ] GC(360) Using 2 workers of 2 for evacuation
[154.586s][info][gc,phases   ] GC(360)   Pre Evacuate Collection Set: 0.30ms
[154.586s][info][gc,phases   ] GC(360)   Merge Heap Roots: 0.11ms
[154.586s][info][gc,phases   ] GC(360)   Evacuate Collection Set: 3.84ms
[154.586s][info][gc,phases   ] GC(360)   Post Evacuate Collection Set: 0.82ms
[154.586s][info][gc,phases   ] GC(360)   Other: 0.17ms
[154.586s][info][gc,heap     ] GC(360) Eden regions: 362->0(364)
[154.586s][info][gc,heap     ] GC(360) Survivor regions: 3->2(46)
[154.586s][info][gc,heap     ] GC(360) Old regions: 56->56
[154.586s][info][gc,heap     ] GC(360) Humongous regions: 207->207
[154.586s][info][gc,metaspace] GC(360) Metaspace: 56374K(56640K)->56374K(56640K) NonClass: 50749K(50944K)->50749K(50944K) Class: 5625K(5696K)->5625K(5696K)
[154.586s][info][gc          ] GC(360) Pause Young (Concurrent Start) (G1 Evacuation Pause) 626M->264M(665M) 5.417ms
[154.586s][info][gc          ] GC(361) Concurrent Mark Cycle
[154.586s][info][gc,marking  ] GC(361) Concurrent Scan Root Regions
[154.587s][info][gc,cpu      ] GC(360) User=0.01s Sys=0.00s Real=0.01s
[154.590s][info][gc,marking  ] GC(361) Concurrent Scan Root Regions 3.411ms
[154.590s][info][gc,marking  ] GC(361) Concurrent Mark
[154.590s][info][gc,marking  ] GC(361) Concurrent Mark From Roots
[154.590s][info][gc,task     ] GC(361) Using 1 workers of 1 for marking
[154.643s][info][gc,marking  ] GC(361) Concurrent Mark From Roots 53.606ms
[154.643s][info][gc,marking  ] GC(361) Concurrent Preclean
[154.643s][info][gc,marking  ] GC(361) Concurrent Preclean 0.072ms
[154.644s][info][gc,start    ] GC(361) Pause Remark
[154.652s][info][gc          ] GC(361) Pause Remark 286M->286M(665M) 8.207ms
[154.652s][info][gc,cpu      ] GC(361) User=0.02s Sys=0.00s Real=0.00s
[154.652s][info][gc,marking  ] GC(361) Concurrent Mark 62.456ms
[154.652s][info][gc,marking  ] GC(361) Concurrent Rebuild Remembered Sets and Scrub Regions
[154.680s][info][gc,marking  ] GC(361) Concurrent Rebuild Remembered Sets and Scrub Regions 27.399ms
[154.680s][info][gc,start    ] GC(361) Pause Cleanup
[154.680s][info][gc          ] GC(361) Pause Cleanup 311M->311M(665M) 0.071ms
[154.680s][info][gc,cpu      ] GC(361) User=0.00s Sys=0.00s Real=0.00s
[154.680s][info][gc,marking  ] GC(361) Concurrent Clear Claimed Marks
[154.680s][info][gc,marking  ] GC(361) Concurrent Clear Claimed Marks 0.098ms
[154.680s][info][gc,marking  ] GC(361) Concurrent Cleanup for Next Mark
[154.682s][info][gc,marking  ] GC(361) Concurrent Cleanup for Next Mark 1.927ms
[154.682s][info][gc          ] GC(361) Concurrent Mark Cycle 95.654ms
[155.340s][info][gc,start    ] GC(362) Pause Young (Prepare Mixed) (G1 Evacuation Pause)
[155.340s][info][gc,task     ] GC(362) Using 2 workers of 2 for evacuation
[155.345s][info][gc,phases   ] GC(362)   Pre Evacuate Collection Set: 0.28ms
[155.345s][info][gc,phases   ] GC(362)   Merge Heap Roots: 0.13ms
[155.345s][info][gc,phases   ] GC(362)   Evacuate Collection Set: 3.38ms
[155.345s][info][gc,phases   ] GC(362)   Post Evacuate Collection Set: 0.63ms
[155.345s][info][gc,phases   ] GC(362)   Other: 0.07ms
[155.345s][info][gc,heap     ] GC(362) Eden regions: 364->0(364)
[155.345s][info][gc,heap     ] GC(362) Survivor regions: 2->2(46)
[155.345s][info][gc,heap     ] GC(362) Old regions: 56->56
[155.345s][info][gc,heap     ] GC(362) Humongous regions: 207->207
[155.345s][info][gc,metaspace] GC(362) Metaspace: 56375K(56640K)->56375K(56640K) NonClass: 50750K(50944K)->50750K(50944K) Class: 5625K(5696K)->5625K(5696K)
[155.345s][info][gc          ] GC(362) Pause Young (Prepare Mixed) (G1 Evacuation Pause) 628M->264M(665M) 4.669ms
[155.345s][info][gc,cpu      ] GC(362) User=0.00s Sys=0.00s Real=0.01s
[156.055s][info][gc,start    ] GC(363) Pause Young (Mixed) (G1 Evacuation Pause)
[156.055s][info][gc,task     ] GC(363) Using 2 workers of 2 for evacuation
[156.061s][info][gc,phases   ] GC(363)   Pre Evacuate Collection Set: 0.29ms
[156.061s][info][gc,phases   ] GC(363)   Merge Heap Roots: 0.11ms
[156.061s][info][gc,phases   ] GC(363)   Evacuate Collection Set: 5.43ms
[156.061s][info][gc,phases   ] GC(363)   Post Evacuate Collection Set: 0.66ms
[156.061s][info][gc,phases   ] GC(363)   Other: 0.08ms
[156.061s][info][gc,heap     ] GC(363) Eden regions: 364->0(362)
[156.061s][info][gc,heap     ] GC(363) Survivor regions: 2->3(46)
[156.061s][info][gc,heap     ] GC(363) Old regions: 56->56
[156.061s][info][gc,heap     ] GC(363) Humongous regions: 207->207
[156.061s][info][gc,metaspace] GC(363) Metaspace: 56375K(56640K)->56375K(56640K) NonClass: 50750K(50944K)->50750K(50944K) Class: 5625K(5696K)->5625K(5696K)
[156.061s][info][gc          ] GC(363) Pause Young (Mixed) (G1 Evacuation Pause) 628M->264M(665M) 6.744ms
[156.061s][info][gc,cpu      ] GC(363) User=0.01s Sys=0.00s Real=0.00s
[156.863s][info][gc,start    ] GC(364) Pause Young (Concurrent Start) (G1 Evacuation Pause)
[156.863s][info][gc,task     ] GC(364) Using 2 workers of 2 for evacuation
[156.869s][info][gc,phases   ] GC(364)   Pre Evacuate Collection Set: 0.29ms
[156.869s][info][gc,phases   ] GC(364)   Merge Heap Roots: 0.11ms
[156.869s][info][gc,phases   ] GC(364)   Evacuate Collection Set: 4.99ms
[156.869s][info][gc,phases   ] GC(364)   Post Evacuate Collection Set: 0.64ms
[156.869s][info][gc,phases   ] GC(364)   Other: 0.10ms
[156.869s][info][gc,heap     ] GC(364) Eden regions: 362->0(362)
[156.869s][info][gc,heap     ] GC(364) Survivor regions: 3->3(46)
[156.869s][info][gc,heap     ] GC(364) Old regions: 56->56
[156.869s][info][gc,heap     ] GC(364) Humongous regions: 207->207
[156.869s][info][gc,metaspace] GC(364) Metaspace: 56375K(56640K)->56375K(56640K) NonClass: 50750K(50944K)->50750K(50944K) Class: 5625K(5696K)->5625K(5696K)
[156.869s][info][gc          ] GC(364) Pause Young (Concurrent Start) (G1 Evacuation Pause) 626M->265M(665M) 6.284ms
[156.870s][info][gc          ] GC(365) Concurrent Mark Cycle
[156.870s][info][gc,marking  ] GC(365) Concurrent Scan Root Regions
[156.871s][info][gc,cpu      ] GC(364) User=0.01s Sys=0.00s Real=0.00s
[156.873s][info][gc,marking  ] GC(365) Concurrent Scan Root Regions 3.385ms
[156.873s][info][gc,marking  ] GC(365) Concurrent Mark
[156.873s][info][gc,marking  ] GC(365) Concurrent Mark From Roots
[156.873s][info][gc,task     ] GC(365) Using 1 workers of 1 for marking
[156.916s][info][gc,marking  ] GC(365) Concurrent Mark From Roots 42.862ms
[156.916s][info][gc,marking  ] GC(365) Concurrent Preclean
[156.916s][info][gc,marking  ] GC(365) Concurrent Preclean 0.067ms
[156.916s][info][gc,start    ] GC(365) Pause Remark
[156.925s][info][gc          ] GC(365) Pause Remark 276M->276M(665M) 9.312ms
[156.925s][info][gc,cpu      ] GC(365) User=0.02s Sys=0.00s Real=0.01s
[156.925s][info][gc,marking  ] GC(365) Concurrent Mark 52.546ms
[156.926s][info][gc,marking  ] GC(365) Concurrent Rebuild Remembered Sets and Scrub Regions
[156.942s][info][gc,marking  ] GC(365) Concurrent Rebuild Remembered Sets and Scrub Regions 16.573ms
[156.943s][info][gc,start    ] GC(365) Pause Cleanup
[156.943s][info][gc          ] GC(365) Pause Cleanup 286M->286M(665M) 0.070ms
[156.943s][info][gc,cpu      ] GC(365) User=0.00s Sys=0.00s Real=0.00s
[156.943s][info][gc,marking  ] GC(365) Concurrent Clear Claimed Marks
[156.943s][info][gc,marking  ] GC(365) Concurrent Clear Claimed Marks 0.085ms
[156.943s][info][gc,marking  ] GC(365) Concurrent Cleanup for Next Mark
[156.946s][info][gc,marking  ] GC(365) Concurrent Cleanup for Next Mark 2.674ms
[156.946s][info][gc          ] GC(365) Concurrent Mark Cycle 76.266ms
[157.633s][info][gc,start    ] GC(366) Pause Young (Prepare Mixed) (G1 Evacuation Pause)
[157.633s][info][gc,task     ] GC(366) Using 2 workers of 2 for evacuation
[157.637s][info][gc,phases   ] GC(366)   Pre Evacuate Collection Set: 0.26ms
[157.637s][info][gc,phases   ] GC(366)   Merge Heap Roots: 0.13ms
[157.637s][info][gc,phases   ] GC(366)   Evacuate Collection Set: 2.38ms
[157.637s][info][gc,phases   ] GC(366)   Post Evacuate Collection Set: 0.68ms
[157.637s][info][gc,phases   ] GC(366)   Other: 0.08ms
[157.637s][info][gc,heap     ] GC(366) Eden regions: 362->0(366)
[157.637s][info][gc,heap     ] GC(366) Survivor regions: 3->1(46)
[157.637s][info][gc,heap     ] GC(366) Old regions: 56->56
[157.637s][info][gc,heap     ] GC(366) Humongous regions: 207->207
[157.637s][info][gc,metaspace] GC(366) Metaspace: 56375K(56640K)->56375K(56640K) NonClass: 50750K(50944K)->50750K(50944K) Class: 5625K(5696K)->5625K(5696K)
[157.637s][info][gc          ] GC(366) Pause Young (Prepare Mixed) (G1 Evacuation Pause) 627M->263M(665M) 3.724ms
[157.637s][info][gc,cpu      ] GC(366) User=0.01s Sys=0.00s Real=0.00s
[158.345s][info][gc,start    ] GC(367) Pause Young (Mixed) (G1 Evacuation Pause)
[158.345s][info][gc,task     ] GC(367) Using 2 workers of 2 for evacuation
[158.351s][info][gc,phases   ] GC(367)   Pre Evacuate Collection Set: 0.29ms
[158.351s][info][gc,phases   ] GC(367)   Merge Heap Roots: 0.12ms
[158.352s][info][gc,phases   ] GC(367)   Evacuate Collection Set: 5.50ms
[158.352s][info][gc,phases   ] GC(367)   Post Evacuate Collection Set: 0.71ms
[158.352s][info][gc,phases   ] GC(367)   Other: 0.08ms
[158.352s][info][gc,heap     ] GC(367) Eden regions: 366->0(362)
[158.352s][info][gc,heap     ] GC(367) Survivor regions: 1->3(46)
[158.352s][info][gc,heap     ] GC(367) Old regions: 56->56
[158.352s][info][gc,heap     ] GC(367) Humongous regions: 207->207
[158.352s][info][gc,metaspace] GC(367) Metaspace: 56375K(56640K)->56375K(56640K) NonClass: 50750K(50944K)->50750K(50944K) Class: 5625K(5696K)->5625K(5696K)
[158.352s][info][gc          ] GC(367) Pause Young (Mixed) (G1 Evacuation Pause) 629M->264M(665M) 6.864ms
[158.352s][info][gc,cpu      ] GC(367) User=0.01s Sys=0.00s Real=0.00s
[159.057s][info][gc,start    ] GC(368) Pause Young (Concurrent Start) (G1 Evacuation Pause)
[159.057s][info][gc,task     ] GC(368) Using 2 workers of 2 for evacuation
[159.063s][info][gc,phases   ] GC(368)   Pre Evacuate Collection Set: 0.32ms
[159.063s][info][gc,phases   ] GC(368)   Merge Heap Roots: 0.13ms
[159.063s][info][gc,phases   ] GC(368)   Evacuate Collection Set: 4.76ms
[159.063s][info][gc,phases   ] GC(368)   Post Evacuate Collection Set: 0.66ms
[159.063s][info][gc,phases   ] GC(368)   Other: 0.12ms
[159.063s][info][gc,heap     ] GC(368) Eden regions: 362->0(362)
[159.063s][info][gc,heap     ] GC(368) Survivor regions: 3->3(46)
[159.063s][info][gc,heap     ] GC(368) Old regions: 56->56
[159.063s][info][gc,heap     ] GC(368) Humongous regions: 207->207
[159.063s][info][gc,metaspace] GC(368) Metaspace: 56375K(56640K)->56375K(56640K) NonClass: 50750K(50944K)->50750K(50944K) Class: 5625K(5696K)->5625K(5696K)
[159.063s][info][gc          ] GC(368) Pause Young (Concurrent Start) (G1 Evacuation Pause) 626M->265M(665M) 6.162ms
[159.063s][info][gc,cpu      ] GC(368) User=0.01s Sys=0.01s Real=0.01s
[159.063s][info][gc          ] GC(369) Concurrent Mark Cycle
[159.063s][info][gc,marking  ] GC(369) Concurrent Scan Root Regions
[159.068s][info][gc,marking  ] GC(369) Concurrent Scan Root Regions 4.793ms
[159.068s][info][gc,marking  ] GC(369) Concurrent Mark
[159.068s][info][gc,marking  ] GC(369) Concurrent Mark From Roots
[159.068s][info][gc,task     ] GC(369) Using 1 workers of 1 for marking
[159.116s][info][gc,marking  ] GC(369) Concurrent Mark From Roots 48.000ms
[159.116s][info][gc,marking  ] GC(369) Concurrent Preclean
[159.116s][info][gc,marking  ] GC(369) Concurrent Preclean 0.070ms
[159.116s][info][gc,start    ] GC(369) Pause Remark
[159.124s][info][gc          ] GC(369) Pause Remark 286M->286M(665M) 8.250ms
[159.124s][info][gc,cpu      ] GC(369) User=0.01s Sys=0.00s Real=0.01s
[159.125s][info][gc,marking  ] GC(369) Concurrent Mark 56.742ms
[159.125s][info][gc,marking  ] GC(369) Concurrent Rebuild Remembered Sets and Scrub Regions
[159.153s][info][gc,marking  ] GC(369) Concurrent Rebuild Remembered Sets and Scrub Regions 28.129ms
[159.153s][info][gc,start    ] GC(369) Pause Cleanup
[159.153s][info][gc          ] GC(369) Pause Cleanup 308M->308M(665M) 0.071ms
[159.153s][info][gc,cpu      ] GC(369) User=0.00s Sys=0.00s Real=0.00s
[159.154s][info][gc,marking  ] GC(369) Concurrent Clear Claimed Marks
[159.154s][info][gc,marking  ] GC(369) Concurrent Clear Claimed Marks 0.120ms
[159.154s][info][gc,marking  ] GC(369) Concurrent Cleanup for Next Mark
[159.158s][info][gc,marking  ] GC(369) Concurrent Cleanup for Next Mark 4.085ms
[159.158s][info][gc          ] GC(369) Concurrent Mark Cycle 95.110ms
[159.768s][info][gc,start    ] GC(370) Pause Young (Prepare Mixed) (G1 Evacuation Pause)
[159.768s][info][gc,task     ] GC(370) Using 2 workers of 2 for evacuation
[159.773s][info][gc,phases   ] GC(370)   Pre Evacuate Collection Set: 0.28ms
[159.773s][info][gc,phases   ] GC(370)   Merge Heap Roots: 0.13ms
[159.773s][info][gc,phases   ] GC(370)   Evacuate Collection Set: 3.82ms
[159.773s][info][gc,phases   ] GC(370)   Post Evacuate Collection Set: 0.67ms
[159.773s][info][gc,phases   ] GC(370)   Other: 0.10ms
[159.773s][info][gc,heap     ] GC(370) Eden regions: 362->0(362)
[159.773s][info][gc,heap     ] GC(370) Survivor regions: 3->3(46)
[159.773s][info][gc,heap     ] GC(370) Old regions: 56->56
[159.773s][info][gc,heap     ] GC(370) Humongous regions: 207->207
[159.773s][info][gc,metaspace] GC(370) Metaspace: 56375K(56640K)->56375K(56640K) NonClass: 50750K(50944K)->50750K(50944K) Class: 5625K(5696K)->5625K(5696K)
[159.773s][info][gc          ] GC(370) Pause Young (Prepare Mixed) (G1 Evacuation Pause) 627M->264M(665M) 5.173ms
[159.773s][info][gc,cpu      ] GC(370) User=0.01s Sys=0.00s Real=0.01s
[160.536s][info][gc,start    ] GC(371) Pause Young (Mixed) (G1 Evacuation Pause)
[160.536s][info][gc,task     ] GC(371) Using 2 workers of 2 for evacuation
[160.541s][info][gc,phases   ] GC(371)   Pre Evacuate Collection Set: 0.29ms
[160.541s][info][gc,phases   ] GC(371)   Merge Heap Roots: 0.11ms
[160.541s][info][gc,phases   ] GC(371)   Evacuate Collection Set: 3.76ms
[160.541s][info][gc,phases   ] GC(371)   Post Evacuate Collection Set: 0.66ms
[160.541s][info][gc,phases   ] GC(371)   Other: 0.09ms
[160.541s][info][gc,heap     ] GC(371) Eden regions: 362->0(366)
[160.541s][info][gc,heap     ] GC(371) Survivor regions: 3->1(46)
[160.541s][info][gc,heap     ] GC(371) Old regions: 56->56
[160.541s][info][gc,heap     ] GC(371) Humongous regions: 207->207
[160.541s][info][gc,metaspace] GC(371) Metaspace: 56375K(56640K)->56375K(56640K) NonClass: 50750K(50944K)->50750K(50944K) Class: 5625K(5696K)->5625K(5696K)
[160.541s][info][gc          ] GC(371) Pause Young (Mixed) (G1 Evacuation Pause) 626M->263M(665M) 5.064ms
[160.541s][info][gc,cpu      ] GC(371) User=0.01s Sys=0.00s Real=0.00s
[161.253s][info][gc,start    ] GC(372) Pause Young (Concurrent Start) (G1 Evacuation Pause)
[161.253s][info][gc,task     ] GC(372) Using 2 workers of 2 for evacuation
[161.258s][info][gc,phases   ] GC(372)   Pre Evacuate Collection Set: 0.33ms
[161.258s][info][gc,phases   ] GC(372)   Merge Heap Roots: 0.14ms
[161.258s][info][gc,phases   ] GC(372)   Evacuate Collection Set: 4.19ms
[161.258s][info][gc,phases   ] GC(372)   Post Evacuate Collection Set: 0.65ms
[161.258s][info][gc,phases   ] GC(372)   Other: 0.10ms
[161.258s][info][gc,heap     ] GC(372) Eden regions: 366->0(362)
[161.258s][info][gc,heap     ] GC(372) Survivor regions: 1->3(46)
[161.258s][info][gc,heap     ] GC(372) Old regions: 56->56
[161.258s][info][gc,heap     ] GC(372) Humongous regions: 207->207
[161.258s][info][gc,metaspace] GC(372) Metaspace: 56375K(56640K)->56375K(56640K) NonClass: 50750K(50944K)->50750K(50944K) Class: 5625K(5696K)->5625K(5696K)
[161.258s][info][gc          ] GC(372) Pause Young (Concurrent Start) (G1 Evacuation Pause) 629M->265M(665M) 5.590ms
[161.258s][info][gc,cpu      ] GC(372) User=0.01s Sys=0.00s Real=0.00s
[161.259s][info][gc          ] GC(373) Concurrent Mark Cycle
[161.259s][info][gc,marking  ] GC(373) Concurrent Scan Root Regions
[161.261s][info][gc,marking  ] GC(373) Concurrent Scan Root Regions 2.874ms
[161.261s][info][gc,marking  ] GC(373) Concurrent Mark
[161.261s][info][gc,marking  ] GC(373) Concurrent Mark From Roots
[161.261s][info][gc,task     ] GC(373) Using 1 workers of 1 for marking
[161.328s][info][gc,marking  ] GC(373) Concurrent Mark From Roots 66.051ms
[161.328s][info][gc,marking  ] GC(373) Concurrent Preclean
[161.328s][info][gc,marking  ] GC(373) Concurrent Preclean 0.068ms
[161.328s][info][gc,start    ] GC(373) Pause Remark
[161.336s][info][gc          ] GC(373) Pause Remark 295M->295M(665M) 8.616ms
[161.336s][info][gc,cpu      ] GC(373) User=0.01s Sys=0.00s Real=0.01s
[161.337s][info][gc,marking  ] GC(373) Concurrent Mark 75.890ms
[161.337s][info][gc,marking  ] GC(373) Concurrent Rebuild Remembered Sets and Scrub Regions
[161.366s][info][gc,marking  ] GC(373) Concurrent Rebuild Remembered Sets and Scrub Regions 28.344ms
[161.366s][info][gc,start    ] GC(373) Pause Cleanup
[161.366s][info][gc          ] GC(373) Pause Cleanup 319M->319M(665M) 0.067ms
[161.366s][info][gc,cpu      ] GC(373) User=0.00s Sys=0.00s Real=0.00s
[161.366s][info][gc,marking  ] GC(373) Concurrent Clear Claimed Marks
[161.366s][info][gc,marking  ] GC(373) Concurrent Clear Claimed Marks 0.117ms
[161.366s][info][gc,marking  ] GC(373) Concurrent Cleanup for Next Mark
[161.370s][info][gc,marking  ] GC(373) Concurrent Cleanup for Next Mark 3.926ms
[161.370s][info][gc          ] GC(373) Concurrent Mark Cycle 111.471ms
[161.957s][info][gc,start    ] GC(374) Pause Young (Prepare Mixed) (G1 Evacuation Pause)
[161.957s][info][gc,task     ] GC(374) Using 2 workers of 2 for evacuation
[161.962s][info][gc,phases   ] GC(374)   Pre Evacuate Collection Set: 0.28ms
[161.962s][info][gc,phases   ] GC(374)   Merge Heap Roots: 0.12ms
[161.962s][info][gc,phases   ] GC(374)   Evacuate Collection Set: 4.11ms
[161.962s][info][gc,phases   ] GC(374)   Post Evacuate Collection Set: 0.65ms
[161.962s][info][gc,phases   ] GC(374)   Other: 0.11ms
[161.962s][info][gc,heap     ] GC(374) Eden regions: 362->0(362)
[161.962s][info][gc,heap     ] GC(374) Survivor regions: 3->3(46)
[161.962s][info][gc,heap     ] GC(374) Old regions: 56->56
[161.962s][info][gc,heap     ] GC(374) Humongous regions: 207->207
[161.962s][info][gc,metaspace] GC(374) Metaspace: 56375K(56640K)->56375K(56640K) NonClass: 50750K(50944K)->50750K(50944K) Class: 5625K(5696K)->5625K(5696K)
[161.962s][info][gc          ] GC(374) Pause Young (Prepare Mixed) (G1 Evacuation Pause) 627M->264M(665M) 5.435ms
[161.962s][info][gc,cpu      ] GC(374) User=0.01s Sys=0.00s Real=0.01s
[162.674s][info][gc,start    ] GC(375) Pause Young (Mixed) (G1 Evacuation Pause)
[162.674s][info][gc,task     ] GC(375) Using 2 workers of 2 for evacuation
[162.681s][info][gc,phases   ] GC(375)   Pre Evacuate Collection Set: 0.29ms
[162.681s][info][gc,phases   ] GC(375)   Merge Heap Roots: 0.15ms
[162.681s][info][gc,phases   ] GC(375)   Evacuate Collection Set: 5.89ms
[162.681s][info][gc,phases   ] GC(375)   Post Evacuate Collection Set: 0.70ms
[162.681s][info][gc,phases   ] GC(375)   Other: 0.10ms
[162.681s][info][gc,heap     ] GC(375) Eden regions: 362->0(365)
[162.681s][info][gc,heap     ] GC(375) Survivor regions: 3->2(46)
[162.681s][info][gc,heap     ] GC(375) Old regions: 56->55
[162.681s][info][gc,heap     ] GC(375) Humongous regions: 207->207
[162.681s][info][gc,metaspace] GC(375) Metaspace: 56375K(56640K)->56375K(56640K) NonClass: 50750K(50944K)->50750K(50944K) Class: 5625K(5696K)->5625K(5696K)
[162.681s][info][gc          ] GC(375) Pause Young (Mixed) (G1 Evacuation Pause) 626M->263M(665M) 7.312ms
[162.681s][info][gc,cpu      ] GC(375) User=0.01s Sys=0.00s Real=0.00s
[163.441s][info][gc,start    ] GC(376) Pause Young (Concurrent Start) (G1 Evacuation Pause)
[163.441s][info][gc,task     ] GC(376) Using 2 workers of 2 for evacuation
[163.445s][info][gc,phases   ] GC(376)   Pre Evacuate Collection Set: 0.30ms
[163.445s][info][gc,phases   ] GC(376)   Merge Heap Roots: 0.12ms
[163.445s][info][gc,phases   ] GC(376)   Evacuate Collection Set: 3.16ms
[163.445s][info][gc,phases   ] GC(376)   Post Evacuate Collection Set: 0.62ms
[163.445s][info][gc,phases   ] GC(376)   Other: 0.11ms
[163.445s][info][gc,heap     ] GC(376) Eden regions: 365->0(364)
[163.445s][info][gc,heap     ] GC(376) Survivor regions: 2->2(46)
[163.445s][info][gc,heap     ] GC(376) Old regions: 55->56
[163.445s][info][gc,heap     ] GC(376) Humongous regions: 207->207
[163.445s][info][gc,metaspace] GC(376) Metaspace: 56375K(56640K)->56375K(56640K) NonClass: 50750K(50944K)->50750K(50944K) Class: 5625K(5696K)->5625K(5696K)
[163.445s][info][gc          ] GC(376) Pause Young (Concurrent Start) (G1 Evacuation Pause) 628M->263M(665M) 4.489ms
[163.445s][info][gc,cpu      ] GC(376) User=0.01s Sys=0.00s Real=0.01s
[163.445s][info][gc          ] GC(377) Concurrent Mark Cycle
[163.445s][info][gc,marking  ] GC(377) Concurrent Scan Root Regions
[163.449s][info][gc,marking  ] GC(377) Concurrent Scan Root Regions 4.052ms
[163.449s][info][gc,marking  ] GC(377) Concurrent Mark
[163.449s][info][gc,marking  ] GC(377) Concurrent Mark From Roots
[163.449s][info][gc,task     ] GC(377) Using 1 workers of 1 for marking
[163.509s][info][gc,marking  ] GC(377) Concurrent Mark From Roots 59.891ms
[163.509s][info][gc,marking  ] GC(377) Concurrent Preclean
[163.509s][info][gc,marking  ] GC(377) Concurrent Preclean 0.074ms
[163.509s][info][gc,start    ] GC(377) Pause Remark
[163.518s][info][gc          ] GC(377) Pause Remark 300M->300M(665M) 8.294ms
[163.518s][info][gc,cpu      ] GC(377) User=0.02s Sys=0.00s Real=0.01s
[163.518s][info][gc,marking  ] GC(377) Concurrent Mark 68.859ms
[163.518s][info][gc,marking  ] GC(377) Concurrent Rebuild Remembered Sets and Scrub Regions
[163.534s][info][gc,marking  ] GC(377) Concurrent Rebuild Remembered Sets and Scrub Regions 15.886ms
[163.534s][info][gc,start    ] GC(377) Pause Cleanup
[163.534s][info][gc          ] GC(377) Pause Cleanup 304M->304M(665M) 0.054ms
[163.534s][info][gc,cpu      ] GC(377) User=0.00s Sys=0.00s Real=0.00s
[163.534s][info][gc,marking  ] GC(377) Concurrent Clear Claimed Marks
[163.534s][info][gc,marking  ] GC(377) Concurrent Clear Claimed Marks 0.086ms
[163.534s][info][gc,marking  ] GC(377) Concurrent Cleanup for Next Mark
[163.536s][info][gc,marking  ] GC(377) Concurrent Cleanup for Next Mark 1.908ms
[163.536s][info][gc          ] GC(377) Concurrent Mark Cycle 91.153ms
[164.151s][info][gc,start    ] GC(378) Pause Young (Prepare Mixed) (G1 Evacuation Pause)
[164.151s][info][gc,task     ] GC(378) Using 2 workers of 2 for evacuation
[164.156s][info][gc,phases   ] GC(378)   Pre Evacuate Collection Set: 0.28ms
[164.156s][info][gc,phases   ] GC(378)   Merge Heap Roots: 0.13ms
[164.156s][info][gc,phases   ] GC(378)   Evacuate Collection Set: 4.39ms
[164.156s][info][gc,phases   ] GC(378)   Post Evacuate Collection Set: 0.65ms
[164.156s][info][gc,phases   ] GC(378)   Other: 0.09ms
[164.156s][info][gc,heap     ] GC(378) Eden regions: 364->0(362)
[164.156s][info][gc,heap     ] GC(378) Survivor regions: 2->3(46)
[164.156s][info][gc,heap     ] GC(378) Old regions: 56->56
[164.156s][info][gc,heap     ] GC(378) Humongous regions: 207->207
[164.156s][info][gc,metaspace] GC(378) Metaspace: 56375K(56640K)->56375K(56640K) NonClass: 50750K(50944K)->50750K(50944K) Class: 5625K(5696K)->5625K(5696K)
[164.156s][info][gc          ] GC(378) Pause Young (Prepare Mixed) (G1 Evacuation Pause) 627M->265M(665M) 5.727ms
[164.157s][info][gc,cpu      ] GC(378) User=0.01s Sys=0.01s Real=0.01s
[164.866s][info][gc,start    ] GC(379) Pause Young (Mixed) (G1 Evacuation Pause)
[164.866s][info][gc,task     ] GC(379) Using 2 workers of 2 for evacuation
[164.874s][info][gc,phases   ] GC(379)   Pre Evacuate Collection Set: 0.28ms
[164.874s][info][gc,phases   ] GC(379)   Merge Heap Roots: 0.14ms
[164.874s][info][gc,phases   ] GC(379)   Evacuate Collection Set: 6.27ms
[164.874s][info][gc,phases   ] GC(379)   Post Evacuate Collection Set: 0.68ms
[164.874s][info][gc,phases   ] GC(379)   Other: 0.11ms
[164.874s][info][gc,heap     ] GC(379) Eden regions: 362->0(362)
[164.874s][info][gc,heap     ] GC(379) Survivor regions: 3->3(46)
[164.874s][info][gc,heap     ] GC(379) Old regions: 56->56
[164.874s][info][gc,heap     ] GC(379) Humongous regions: 207->207
[164.874s][info][gc,metaspace] GC(379) Metaspace: 56379K(56640K)->56379K(56640K) NonClass: 50754K(50944K)->50754K(50944K) Class: 5625K(5696K)->5625K(5696K)
[164.874s][info][gc          ] GC(379) Pause Young (Mixed) (G1 Evacuation Pause) 627M->264M(665M) 7.668ms
[164.874s][info][gc,cpu      ] GC(379) User=0.01s Sys=0.00s Real=0.01s
[165.632s][info][gc,start    ] GC(380) Pause Young (Concurrent Start) (G1 Evacuation Pause)
[165.632s][info][gc,task     ] GC(380) Using 2 workers of 2 for evacuation
[165.635s][info][gc,phases   ] GC(380)   Pre Evacuate Collection Set: 0.28ms
[165.635s][info][gc,phases   ] GC(380)   Merge Heap Roots: 0.10ms
[165.635s][info][gc,phases   ] GC(380)   Evacuate Collection Set: 2.19ms
[165.635s][info][gc,phases   ] GC(380)   Post Evacuate Collection Set: 0.62ms
[165.635s][info][gc,phases   ] GC(380)   Other: 0.11ms
[165.635s][info][gc,heap     ] GC(380) Eden regions: 362->0(366)
[165.635s][info][gc,heap     ] GC(380) Survivor regions: 3->1(46)
[165.635s][info][gc,heap     ] GC(380) Old regions: 56->56
[165.635s][info][gc,heap     ] GC(380) Humongous regions: 207->207
[165.635s][info][gc,metaspace] GC(380) Metaspace: 56379K(56640K)->56379K(56640K) NonClass: 50754K(50944K)->50754K(50944K) Class: 5625K(5696K)->5625K(5696K)
[165.635s][info][gc          ] GC(380) Pause Young (Concurrent Start) (G1 Evacuation Pause) 626M->262M(665M) 3.464ms
[165.635s][info][gc,cpu      ] GC(380) User=0.01s Sys=0.00s Real=0.01s
[165.635s][info][gc          ] GC(381) Concurrent Mark Cycle
[165.635s][info][gc,marking  ] GC(381) Concurrent Scan Root Regions
[165.637s][info][gc,marking  ] GC(381) Concurrent Scan Root Regions 2.005ms
[165.637s][info][gc,marking  ] GC(381) Concurrent Mark
[165.637s][info][gc,marking  ] GC(381) Concurrent Mark From Roots
[165.637s][info][gc,task     ] GC(381) Using 1 workers of 1 for marking
[165.692s][info][gc,marking  ] GC(381) Concurrent Mark From Roots 54.310ms
[165.692s][info][gc,marking  ] GC(381) Concurrent Preclean
[165.692s][info][gc,marking  ] GC(381) Concurrent Preclean 0.074ms
[165.692s][info][gc,start    ] GC(381) Pause Remark
[165.700s][info][gc          ] GC(381) Pause Remark 306M->306M(665M) 8.227ms
[165.700s][info][gc,cpu      ] GC(381) User=0.02s Sys=0.00s Real=0.01s
[165.701s][info][gc,marking  ] GC(381) Concurrent Mark 64.080ms
[165.701s][info][gc,marking  ] GC(381) Concurrent Rebuild Remembered Sets and Scrub Regions
[165.720s][info][gc,marking  ] GC(381) Concurrent Rebuild Remembered Sets and Scrub Regions 18.322ms
[165.720s][info][gc,start    ] GC(381) Pause Cleanup
[165.720s][info][gc          ] GC(381) Pause Cleanup 311M->311M(665M) 0.064ms
[165.720s][info][gc,cpu      ] GC(381) User=0.00s Sys=0.00s Real=0.00s
[165.720s][info][gc,marking  ] GC(381) Concurrent Clear Claimed Marks
[165.720s][info][gc,marking  ] GC(381) Concurrent Clear Claimed Marks 0.093ms
[165.720s][info][gc,marking  ] GC(381) Concurrent Cleanup for Next Mark
[165.722s][info][gc,marking  ] GC(381) Concurrent Cleanup for Next Mark 1.933ms
[165.722s][info][gc          ] GC(381) Concurrent Mark Cycle 86.732ms
[166.348s][info][gc,start    ] GC(382) Pause Young (Prepare Mixed) (G1 Evacuation Pause)
[166.348s][info][gc,task     ] GC(382) Using 2 workers of 2 for evacuation
[166.353s][info][gc,phases   ] GC(382)   Pre Evacuate Collection Set: 0.28ms
[166.353s][info][gc,phases   ] GC(382)   Merge Heap Roots: 0.12ms
[166.353s][info][gc,phases   ] GC(382)   Evacuate Collection Set: 3.73ms
[166.353s][info][gc,phases   ] GC(382)   Post Evacuate Collection Set: 0.65ms
[166.353s][info][gc,phases   ] GC(382)   Other: 0.08ms
[166.353s][info][gc,heap     ] GC(382) Eden regions: 366->0(362)
[166.353s][info][gc,heap     ] GC(382) Survivor regions: 1->3(46)
[166.353s][info][gc,heap     ] GC(382) Old regions: 56->56
[166.353s][info][gc,heap     ] GC(382) Humongous regions: 207->207
[166.353s][info][gc,metaspace] GC(382) Metaspace: 56379K(56640K)->56379K(56640K) NonClass: 50754K(50944K)->50754K(50944K) Class: 5625K(5696K)->5625K(5696K)
[166.353s][info][gc          ] GC(382) Pause Young (Prepare Mixed) (G1 Evacuation Pause) 628M->264M(665M) 5.038ms
[166.353s][info][gc,cpu      ] GC(382) User=0.01s Sys=0.00s Real=0.01s
[167.060s][info][gc,start    ] GC(383) Pause Young (Mixed) (G1 Evacuation Pause)
[167.061s][info][gc,task     ] GC(383) Using 2 workers of 2 for evacuation
[167.069s][info][gc,phases   ] GC(383)   Pre Evacuate Collection Set: 0.29ms
[167.069s][info][gc,phases   ] GC(383)   Merge Heap Roots: 0.15ms
[167.069s][info][gc,phases   ] GC(383)   Evacuate Collection Set: 7.07ms
[167.069s][info][gc,phases   ] GC(383)   Post Evacuate Collection Set: 0.69ms
[167.069s][info][gc,phases   ] GC(383)   Other: 0.09ms
[167.069s][info][gc,heap     ] GC(383) Eden regions: 362->0(361)
[167.069s][info][gc,heap     ] GC(383) Survivor regions: 3->4(46)
[167.069s][info][gc,heap     ] GC(383) Old regions: 56->55
[167.069s][info][gc,heap     ] GC(383) Humongous regions: 207->207
[167.069s][info][gc,metaspace] GC(383) Metaspace: 56379K(56640K)->56379K(56640K) NonClass: 50754K(50944K)->50754K(50944K) Class: 5625K(5696K)->5625K(5696K)
[167.069s][info][gc          ] GC(383) Pause Young (Mixed) (G1 Evacuation Pause) 626M->265M(665M) 8.452ms
[167.069s][info][gc,cpu      ] GC(383) User=0.02s Sys=0.00s Real=0.01s
[167.106s][info][gc,start    ] GC(384) Pause Young (Concurrent Start) (G1 Humongous Allocation)
[167.106s][info][gc,task     ] GC(384) Using 2 workers of 2 for evacuation
[167.108s][info][gc,phases   ] GC(384)   Pre Evacuate Collection Set: 0.32ms
[167.108s][info][gc,phases   ] GC(384)   Merge Heap Roots: 0.07ms
[167.108s][info][gc,phases   ] GC(384)   Evacuate Collection Set: 1.66ms
[167.108s][info][gc,phases   ] GC(384)   Post Evacuate Collection Set: 0.43ms
[167.108s][info][gc,phases   ] GC(384)   Other: 0.08ms
[167.108s][info][gc,heap     ] GC(384) Eden regions: 23->0(366)
[167.108s][info][gc,heap     ] GC(384) Survivor regions: 4->1(46)
[167.108s][info][gc,heap     ] GC(384) Old regions: 55->56
[167.108s][info][gc,heap     ] GC(384) Humongous regions: 207->207
[167.108s][info][gc,metaspace] GC(384) Metaspace: 56380K(56640K)->56380K(56640K) NonClass: 50755K(50944K)->50755K(50944K) Class: 5625K(5696K)->5625K(5696K)
[167.108s][info][gc          ] GC(384) Pause Young (Concurrent Start) (G1 Humongous Allocation) 287M->262M(665M) 2.717ms
[167.109s][info][gc,cpu      ] GC(384) User=0.00s Sys=0.00s Real=0.00s
[167.109s][info][gc          ] GC(385) Concurrent Mark Cycle
[167.109s][info][gc,marking  ] GC(385) Concurrent Scan Root Regions
[167.110s][info][gc,marking  ] GC(385) Concurrent Scan Root Regions 1.722ms
[167.110s][info][gc,marking  ] GC(385) Concurrent Mark
[167.110s][info][gc,marking  ] GC(385) Concurrent Mark From Roots
[167.110s][info][gc,task     ] GC(385) Using 1 workers of 1 for marking
[167.152s][info][gc,marking  ] GC(385) Concurrent Mark From Roots 41.598ms
[167.152s][info][gc,marking  ] GC(385) Concurrent Preclean
[167.152s][info][gc,marking  ] GC(385) Concurrent Preclean 0.074ms
[167.153s][info][gc,start    ] GC(385) Pause Remark
[167.161s][info][gc          ] GC(385) Pause Remark 302M->302M(665M) 8.455ms
[167.161s][info][gc,cpu      ] GC(385) User=0.02s Sys=0.00s Real=0.00s
[167.161s][info][gc,marking  ] GC(385) Concurrent Mark 51.162ms
[167.161s][info][gc,marking  ] GC(385) Concurrent Rebuild Remembered Sets and Scrub Regions
[167.177s][info][gc,marking  ] GC(385) Concurrent Rebuild Remembered Sets and Scrub Regions 15.635ms
[167.179s][info][gc,start    ] GC(385) Pause Cleanup
[167.180s][info][gc          ] GC(385) Pause Cleanup 302M->302M(665M) 0.138ms
[167.180s][info][gc,cpu      ] GC(385) User=0.00s Sys=0.00s Real=0.00s
[167.180s][info][gc,marking  ] GC(385) Concurrent Clear Claimed Marks
[167.180s][info][gc,marking  ] GC(385) Concurrent Clear Claimed Marks 0.084ms
[167.180s][info][gc,marking  ] GC(385) Concurrent Cleanup for Next Mark
[167.182s][info][gc,marking  ] GC(385) Concurrent Cleanup for Next Mark 1.939ms
[167.182s][info][gc          ] GC(385) Concurrent Mark Cycle 73.210ms
[170.286s][info][gc,start    ] GC(386) Pause Young (Prepare Mixed) (G1 Evacuation Pause)
[170.286s][info][gc,task     ] GC(386) Using 2 workers of 2 for evacuation
[170.336s][info][gc,phases   ] GC(386)   Pre Evacuate Collection Set: 0.30ms
[170.336s][info][gc,phases   ] GC(386)   Merge Heap Roots: 0.13ms
[170.336s][info][gc,phases   ] GC(386)   Evacuate Collection Set: 47.94ms
[170.336s][info][gc,phases   ] GC(386)   Post Evacuate Collection Set: 0.77ms
[170.336s][info][gc,phases   ] GC(386)   Other: 0.07ms
[170.336s][info][gc,heap     ] GC(386) Eden regions: 245->0(319)
[170.336s][info][gc,heap     ] GC(386) Survivor regions: 1->46(46)
[170.336s][info][gc,heap     ] GC(386) Old regions: 56->58
[170.336s][info][gc,heap     ] GC(386) Humongous regions: 363->207
[170.336s][info][gc,metaspace] GC(386) Metaspace: 56598K(56896K)->56598K(56896K) NonClass: 50973K(51200K)->50973K(51200K) Class: 5625K(5696K)->5625K(5696K)
[170.336s][info][gc          ] GC(386) Pause Young (Prepare Mixed) (G1 Evacuation Pause) 663M->310M(713M) 49.406ms
[170.336s][info][gc,cpu      ] GC(386) User=0.06s Sys=0.04s Real=0.05s
[170.771s][info][gc,start    ] GC(387) Pause Young (Mixed) (G1 Evacuation Pause)
[170.771s][info][gc,task     ] GC(387) Using 2 workers of 2 for evacuation
[170.789s][info][gc,phases   ] GC(387)   Pre Evacuate Collection Set: 0.31ms
[170.789s][info][gc,phases   ] GC(387)   Merge Heap Roots: 0.10ms
[170.789s][info][gc,phases   ] GC(387)   Evacuate Collection Set: 16.78ms
[170.789s][info][gc,phases   ] GC(387)   Post Evacuate Collection Set: 0.69ms
[170.789s][info][gc,phases   ] GC(387)   Other: 0.10ms
[170.789s][info][gc,heap     ] GC(387) Eden regions: 319->0(358)
[170.789s][info][gc,heap     ] GC(387) Survivor regions: 46->4(46)
[170.789s][info][gc,heap     ] GC(387) Old regions: 58->96
[170.789s][info][gc,heap     ] GC(387) Humongous regions: 207->207
[170.789s][info][gc,metaspace] GC(387) Metaspace: 56598K(56896K)->56598K(56896K) NonClass: 50973K(51200K)->50973K(51200K) Class: 5625K(5696K)->5625K(5696K)
[170.789s][info][gc          ] GC(387) Pause Young (Mixed) (G1 Evacuation Pause) 629M->306M(713M) 18.167ms
[170.789s][info][gc,cpu      ] GC(387) User=0.03s Sys=0.00s Real=0.02s
[171.535s][info][gc,start    ] GC(388) Pause Young (Concurrent Start) (G1 Evacuation Pause)
[171.535s][info][gc,task     ] GC(388) Using 2 workers of 2 for evacuation
[171.539s][info][gc,phases   ] GC(388)   Pre Evacuate Collection Set: 0.30ms
[171.539s][info][gc,phases   ] GC(388)   Merge Heap Roots: 0.11ms
[171.539s][info][gc,phases   ] GC(388)   Evacuate Collection Set: 3.34ms
[171.539s][info][gc,phases   ] GC(388)   Post Evacuate Collection Set: 0.62ms
[171.539s][info][gc,phases   ] GC(388)   Other: 0.10ms
[171.539s][info][gc,heap     ] GC(388) Eden regions: 358->0(369)
[171.539s][info][gc,heap     ] GC(388) Survivor regions: 4->2(46)
[171.539s][info][gc,heap     ] GC(388) Old regions: 96->96
[171.539s][info][gc,heap     ] GC(388) Humongous regions: 207->207
[171.539s][info][gc,metaspace] GC(388) Metaspace: 56598K(56896K)->56598K(56896K) NonClass: 50973K(51200K)->50973K(51200K) Class: 5625K(5696K)->5625K(5696K)
[171.539s][info][gc          ] GC(388) Pause Young (Concurrent Start) (G1 Evacuation Pause) 664M->305M(713M) 4.655ms
[171.539s][info][gc,cpu      ] GC(388) User=0.01s Sys=0.00s Real=0.00s
[171.539s][info][gc          ] GC(389) Concurrent Mark Cycle
[171.541s][info][gc,marking  ] GC(389) Concurrent Scan Root Regions
[171.548s][info][gc,marking  ] GC(389) Concurrent Scan Root Regions 6.866ms
[171.548s][info][gc,marking  ] GC(389) Concurrent Mark
[171.548s][info][gc,marking  ] GC(389) Concurrent Mark From Roots
[171.548s][info][gc,task     ] GC(389) Using 1 workers of 1 for marking
[171.617s][info][gc,marking  ] GC(389) Concurrent Mark From Roots 69.252ms
[171.617s][info][gc,marking  ] GC(389) Concurrent Preclean
[171.617s][info][gc,marking  ] GC(389) Concurrent Preclean 0.102ms
[171.617s][info][gc,start    ] GC(389) Pause Remark
[171.626s][info][gc          ] GC(389) Pause Remark 351M->328M(713M) 8.829ms
[171.626s][info][gc,cpu      ] GC(389) User=0.02s Sys=0.00s Real=0.01s
[171.626s][info][gc,marking  ] GC(389) Concurrent Mark 78.637ms
[171.626s][info][gc,marking  ] GC(389) Concurrent Rebuild Remembered Sets and Scrub Regions
[171.645s][info][gc,marking  ] GC(389) Concurrent Rebuild Remembered Sets and Scrub Regions 18.290ms
[171.645s][info][gc,start    ] GC(389) Pause Cleanup
[171.645s][info][gc          ] GC(389) Pause Cleanup 339M->339M(713M) 0.070ms
[171.645s][info][gc,cpu      ] GC(389) User=0.00s Sys=0.00s Real=0.00s
[171.645s][info][gc,marking  ] GC(389) Concurrent Clear Claimed Marks
[171.645s][info][gc,marking  ] GC(389) Concurrent Clear Claimed Marks 0.083ms
[171.645s][info][gc,marking  ] GC(389) Concurrent Cleanup for Next Mark
[171.648s][info][gc,marking  ] GC(389) Concurrent Cleanup for Next Mark 2.639ms
[171.648s][info][gc          ] GC(389) Concurrent Mark Cycle 108.100ms
[172.248s][info][gc,start    ] GC(390) Pause Young (Prepare Mixed) (G1 Evacuation Pause)
[172.248s][info][gc,task     ] GC(390) Using 2 workers of 2 for evacuation
[172.253s][info][gc,phases   ] GC(390)   Pre Evacuate Collection Set: 0.30ms
[172.253s][info][gc,phases   ] GC(390)   Merge Heap Roots: 0.13ms
[172.253s][info][gc,phases   ] GC(390)   Evacuate Collection Set: 3.63ms
[172.253s][info][gc,phases   ] GC(390)   Post Evacuate Collection Set: 0.65ms
[172.253s][info][gc,phases   ] GC(390)   Other: 0.08ms
[172.253s][info][gc,heap     ] GC(390) Eden regions: 369->0(381)
[172.253s][info][gc,heap     ] GC(390) Survivor regions: 2->3(47)
[172.253s][info][gc,heap     ] GC(390) Old regions: 73->73
[172.253s][info][gc,heap     ] GC(390) Humongous regions: 207->207
[172.253s][info][gc,metaspace] GC(390) Metaspace: 56598K(56896K)->56598K(56896K) NonClass: 50973K(51200K)->50973K(51200K) Class: 5625K(5696K)->5625K(5696K)
[172.253s][info][gc          ] GC(390) Pause Young (Prepare Mixed) (G1 Evacuation Pause) 651M->282M(713M) 4.956ms
[172.253s][info][gc,cpu      ] GC(390) User=0.01s Sys=0.00s Real=0.01s
[173.037s][info][gc,start    ] GC(391) Pause Young (Mixed) (G1 Evacuation Pause)
[173.037s][info][gc,task     ] GC(391) Using 2 workers of 2 for evacuation
[173.040s][info][gc,phases   ] GC(391)   Pre Evacuate Collection Set: 0.29ms
[173.040s][info][gc,phases   ] GC(391)   Merge Heap Roots: 0.11ms
[173.040s][info][gc,phases   ] GC(391)   Evacuate Collection Set: 2.47ms
[173.040s][info][gc,phases   ] GC(391)   Post Evacuate Collection Set: 0.68ms
[173.040s][info][gc,phases   ] GC(391)   Other: 0.08ms
[173.040s][info][gc,heap     ] GC(391) Eden regions: 381->0(387)
[173.040s][info][gc,heap     ] GC(391) Survivor regions: 3->2(48)
[173.040s][info][gc,heap     ] GC(391) Old regions: 73->69
[173.040s][info][gc,heap     ] GC(391) Humongous regions: 207->207
[173.041s][info][gc,metaspace] GC(391) Metaspace: 56598K(56896K)->56598K(56896K) NonClass: 50973K(51200K)->50973K(51200K) Class: 5625K(5696K)->5625K(5696K)
[173.041s][info][gc          ] GC(391) Pause Young (Mixed) (G1 Evacuation Pause) 663M->276M(713M) 3.797ms
[173.041s][info][gc,cpu      ] GC(391) User=0.01s Sys=0.00s Real=0.00s
[173.773s][info][gc,start    ] GC(392) Pause Young (Normal) (G1 Evacuation Pause)
[173.773s][info][gc,task     ] GC(392) Using 2 workers of 2 for evacuation
[173.777s][info][gc,phases   ] GC(392)   Pre Evacuate Collection Set: 0.30ms
[173.777s][info][gc,phases   ] GC(392)   Merge Heap Roots: 0.12ms
[173.777s][info][gc,phases   ] GC(392)   Evacuate Collection Set: 2.76ms
[173.777s][info][gc,phases   ] GC(392)   Post Evacuate Collection Set: 0.64ms
[173.777s][info][gc,phases   ] GC(392)   Other: 0.10ms
[173.777s][info][gc,heap     ] GC(392) Eden regions: 387->0(392)
[173.777s][info][gc,heap     ] GC(392) Survivor regions: 2->2(49)
[173.777s][info][gc,heap     ] GC(392) Old regions: 69->69
[173.777s][info][gc,heap     ] GC(392) Humongous regions: 207->207
[173.777s][info][gc,metaspace] GC(392) Metaspace: 56598K(56896K)->56598K(56896K) NonClass: 50973K(51200K)->50973K(51200K) Class: 5625K(5696K)->5625K(5696K)
[173.777s][info][gc          ] GC(392) Pause Young (Normal) (G1 Evacuation Pause) 663M->277M(713M) 4.107ms
[173.777s][info][gc,cpu      ] GC(392) User=0.01s Sys=0.00s Real=0.00s
[174.560s][info][gc,start    ] GC(393) Pause Young (Normal) (G1 Evacuation Pause)
[174.560s][info][gc,task     ] GC(393) Using 2 workers of 2 for evacuation
[174.566s][info][gc,phases   ] GC(393)   Pre Evacuate Collection Set: 0.29ms
[174.566s][info][gc,phases   ] GC(393)   Merge Heap Roots: 0.12ms
[174.566s][info][gc,phases   ] GC(393)   Evacuate Collection Set: 4.94ms
[174.566s][info][gc,phases   ] GC(393)   Post Evacuate Collection Set: 0.66ms
[174.566s][info][gc,phases   ] GC(393)   Other: 0.10ms
[174.566s][info][gc,heap     ] GC(393) Eden regions: 392->0(392)
[174.566s][info][gc,heap     ] GC(393) Survivor regions: 2->4(50)
[174.566s][info][gc,heap     ] GC(393) Old regions: 69->69
[174.566s][info][gc,heap     ] GC(393) Humongous regions: 207->207
[174.566s][info][gc,metaspace] GC(393) Metaspace: 56598K(56896K)->56598K(56896K) NonClass: 50973K(51200K)->50973K(51200K) Class: 5625K(5696K)->5625K(5696K)
[174.566s][info][gc          ] GC(393) Pause Young (Normal) (G1 Evacuation Pause) 669M->279M(713M) 6.289ms
[174.566s][info][gc,cpu      ] GC(393) User=0.01s Sys=0.00s Real=0.01s
[175.351s][info][gc,start    ] GC(394) Pause Young (Normal) (G1 Evacuation Pause)
[175.351s][info][gc,task     ] GC(394) Using 2 workers of 2 for evacuation
[175.356s][info][gc,phases   ] GC(394)   Pre Evacuate Collection Set: 0.28ms
[175.356s][info][gc,phases   ] GC(394)   Merge Heap Roots: 0.12ms
[175.356s][info][gc,phases   ] GC(394)   Evacuate Collection Set: 3.59ms
[175.356s][info][gc,phases   ] GC(394)   Post Evacuate Collection Set: 0.68ms
[175.356s][info][gc,phases   ] GC(394)   Other: 0.08ms
[175.356s][info][gc,heap     ] GC(394) Eden regions: 392->0(394)
[175.356s][info][gc,heap     ] GC(394) Survivor regions: 4->3(50)
[175.356s][info][gc,heap     ] GC(394) Old regions: 69->69
[175.356s][info][gc,heap     ] GC(394) Humongous regions: 207->207
[175.356s][info][gc,metaspace] GC(394) Metaspace: 56598K(56896K)->56598K(56896K) NonClass: 50973K(51200K)->50973K(51200K) Class: 5625K(5696K)->5625K(5696K)
[175.356s][info][gc          ] GC(394) Pause Young (Normal) (G1 Evacuation Pause) 671M->277M(713M) 4.939ms
[175.356s][info][gc,cpu      ] GC(394) User=0.01s Sys=0.00s Real=0.01s
[176.159s][info][gc,start    ] GC(395) Pause Young (Concurrent Start) (G1 Evacuation Pause)
[176.159s][info][gc,task     ] GC(395) Using 2 workers of 2 for evacuation
[176.164s][info][gc,phases   ] GC(395)   Pre Evacuate Collection Set: 0.33ms
[176.164s][info][gc,phases   ] GC(395)   Merge Heap Roots: 0.12ms
[176.164s][info][gc,phases   ] GC(395)   Evacuate Collection Set: 3.71ms
[176.164s][info][gc,phases   ] GC(395)   Post Evacuate Collection Set: 0.66ms
[176.164s][info][gc,phases   ] GC(395)   Other: 0.10ms
[176.164s][info][gc,heap     ] GC(395) Eden regions: 394->0(394)
[176.164s][info][gc,heap     ] GC(395) Survivor regions: 3->3(50)
[176.164s][info][gc,heap     ] GC(395) Old regions: 69->69
[176.164s][info][gc,heap     ] GC(395) Humongous regions: 207->207
[176.164s][info][gc,metaspace] GC(395) Metaspace: 56598K(56896K)->56598K(56896K) NonClass: 50973K(51200K)->50973K(51200K) Class: 5625K(5696K)->5625K(5696K)
[176.164s][info][gc          ] GC(395) Pause Young (Concurrent Start) (G1 Evacuation Pause) 671M->277M(713M) 5.125ms
[176.164s][info][gc,cpu      ] GC(395) User=0.01s Sys=0.00s Real=0.01s
[176.164s][info][gc          ] GC(396) Concurrent Mark Cycle
[176.164s][info][gc,marking  ] GC(396) Concurrent Scan Root Regions
[176.170s][info][gc,marking  ] GC(396) Concurrent Scan Root Regions 5.630ms
[176.170s][info][gc,marking  ] GC(396) Concurrent Mark
[176.170s][info][gc,marking  ] GC(396) Concurrent Mark From Roots
[176.170s][info][gc,task     ] GC(396) Using 1 workers of 1 for marking
[176.230s][info][gc,marking  ] GC(396) Concurrent Mark From Roots 60.419ms
[176.230s][info][gc,marking  ] GC(396) Concurrent Preclean
[176.230s][info][gc,marking  ] GC(396) Concurrent Preclean 0.082ms
[176.230s][info][gc,start    ] GC(396) Pause Remark
[176.239s][info][gc          ] GC(396) Pause Remark 313M->313M(713M) 9.079ms
[176.240s][info][gc,cpu      ] GC(396) User=0.01s Sys=0.00s Real=0.01s
[176.240s][info][gc,marking  ] GC(396) Concurrent Mark 69.851ms
[176.240s][info][gc,marking  ] GC(396) Concurrent Rebuild Remembered Sets and Scrub Regions
[176.271s][info][gc,marking  ] GC(396) Concurrent Rebuild Remembered Sets and Scrub Regions 31.230ms
[176.271s][info][gc,start    ] GC(396) Pause Cleanup
[176.271s][info][gc          ] GC(396) Pause Cleanup 339M->339M(713M) 0.076ms
[176.271s][info][gc,cpu      ] GC(396) User=0.00s Sys=0.00s Real=0.00s
[176.272s][info][gc,marking  ] GC(396) Concurrent Clear Claimed Marks
[176.272s][info][gc,marking  ] GC(396) Concurrent Clear Claimed Marks 0.099ms
[176.272s][info][gc,marking  ] GC(396) Concurrent Cleanup for Next Mark
[176.279s][info][gc,marking  ] GC(396) Concurrent Cleanup for Next Mark 6.994ms
[176.279s][info][gc          ] GC(396) Concurrent Mark Cycle 114.911ms
[176.939s][info][gc,start    ] GC(397) Pause Young (Prepare Mixed) (G1 Evacuation Pause)
[176.939s][info][gc,task     ] GC(397) Using 2 workers of 2 for evacuation
[176.943s][info][gc,phases   ] GC(397)   Pre Evacuate Collection Set: 0.28ms
[176.943s][info][gc,phases   ] GC(397)   Merge Heap Roots: 0.13ms
[176.944s][info][gc,phases   ] GC(397)   Evacuate Collection Set: 3.04ms
[176.944s][info][gc,phases   ] GC(397)   Post Evacuate Collection Set: 0.67ms
[176.944s][info][gc,phases   ] GC(397)   Other: 0.08ms
[176.944s][info][gc,heap     ] GC(397) Eden regions: 394->0(394)
[176.944s][info][gc,heap     ] GC(397) Survivor regions: 3->3(50)
[176.944s][info][gc,heap     ] GC(397) Old regions: 69->69
[176.944s][info][gc,heap     ] GC(397) Humongous regions: 207->207
[176.944s][info][gc,metaspace] GC(397) Metaspace: 56598K(56896K)->56598K(56896K) NonClass: 50973K(51200K)->50973K(51200K) Class: 5625K(5696K)->5625K(5696K)
[176.944s][info][gc          ] GC(397) Pause Young (Prepare Mixed) (G1 Evacuation Pause) 671M->277M(713M) 4.373ms
[176.944s][info][gc,cpu      ] GC(397) User=0.01s Sys=0.00s Real=0.01s
[177.732s][info][gc,start    ] GC(398) Pause Young (Mixed) (G1 Evacuation Pause)
[177.732s][info][gc,task     ] GC(398) Using 2 workers of 2 for evacuation
[177.736s][info][gc,phases   ] GC(398)   Pre Evacuate Collection Set: 0.28ms
[177.736s][info][gc,phases   ] GC(398)   Merge Heap Roots: 0.13ms
[177.736s][info][gc,phases   ] GC(398)   Evacuate Collection Set: 2.37ms
[177.736s][info][gc,phases   ] GC(398)   Post Evacuate Collection Set: 0.68ms
[177.736s][info][gc,phases   ] GC(398)   Other: 0.08ms
[177.736s][info][gc,heap     ] GC(398) Eden regions: 394->0(400)
[177.736s][info][gc,heap     ] GC(398) Survivor regions: 3->2(50)
[177.736s][info][gc,heap     ] GC(398) Old regions: 69->65
[177.736s][info][gc,heap     ] GC(398) Humongous regions: 207->207
[177.736s][info][gc,metaspace] GC(398) Metaspace: 56598K(56896K)->56598K(56896K) NonClass: 50973K(51200K)->50973K(51200K) Class: 5625K(5696K)->5625K(5696K)
[177.736s][info][gc          ] GC(398) Pause Young (Mixed) (G1 Evacuation Pause) 671M->273M(713M) 3.697ms
[177.736s][info][gc,cpu      ] GC(398) User=0.01s Sys=0.01s Real=0.00s
[178.533s][info][gc,start    ] GC(399) Pause Young (Concurrent Start) (G1 Evacuation Pause)
[178.533s][info][gc,task     ] GC(399) Using 2 workers of 2 for evacuation
[178.536s][info][gc,phases   ] GC(399)   Pre Evacuate Collection Set: 0.28ms
[178.536s][info][gc,phases   ] GC(399)   Merge Heap Roots: 0.11ms
[178.536s][info][gc,phases   ] GC(399)   Evacuate Collection Set: 2.15ms
[178.536s][info][gc,phases   ] GC(399)   Post Evacuate Collection Set: 0.66ms
[178.536s][info][gc,phases   ] GC(399)   Other: 0.09ms
[178.536s][info][gc,heap     ] GC(399) Eden regions: 400->0(402)
[178.536s][info][gc,heap     ] GC(399) Survivor regions: 2->1(51)
[178.536s][info][gc,heap     ] GC(399) Old regions: 65->65
[178.536s][info][gc,heap     ] GC(399) Humongous regions: 207->207
[178.536s][info][gc,metaspace] GC(399) Metaspace: 56598K(56896K)->56598K(56896K) NonClass: 50973K(51200K)->50973K(51200K) Class: 5625K(5696K)->5625K(5696K)
[178.536s][info][gc          ] GC(399) Pause Young (Concurrent Start) (G1 Evacuation Pause) 673M->272M(713M) 3.480ms
[178.536s][info][gc          ] GC(400) Concurrent Mark Cycle
[178.536s][info][gc,marking  ] GC(400) Concurrent Scan Root Regions
[178.537s][info][gc,cpu      ] GC(399) User=0.00s Sys=0.00s Real=0.00s
[178.538s][info][gc,marking  ] GC(400) Concurrent Scan Root Regions 1.745ms
[178.538s][info][gc,marking  ] GC(400) Concurrent Mark
[178.538s][info][gc,marking  ] GC(400) Concurrent Mark From Roots
[178.538s][info][gc,task     ] GC(400) Using 1 workers of 1 for marking
[178.605s][info][gc,marking  ] GC(400) Concurrent Mark From Roots 67.220ms
[178.606s][info][gc,marking  ] GC(400) Concurrent Preclean
[178.606s][info][gc,marking  ] GC(400) Concurrent Preclean 0.080ms
[178.606s][info][gc,start    ] GC(400) Pause Remark
[178.624s][info][gc          ] GC(400) Pause Remark 310M->310M(713M) 18.579ms
[178.624s][info][gc,cpu      ] GC(400) User=0.02s Sys=0.00s Real=0.02s
[178.625s][info][gc,marking  ] GC(400) Concurrent Mark 86.339ms
[178.625s][info][gc,marking  ] GC(400) Concurrent Rebuild Remembered Sets and Scrub Regions
[178.644s][info][gc,marking  ] GC(400) Concurrent Rebuild Remembered Sets and Scrub Regions 19.232ms
[178.644s][info][gc,start    ] GC(400) Pause Cleanup
[178.644s][info][gc          ] GC(400) Pause Cleanup 310M->310M(713M) 0.079ms
[178.644s][info][gc,cpu      ] GC(400) User=0.00s Sys=0.00s Real=0.00s
[178.644s][info][gc,marking  ] GC(400) Concurrent Clear Claimed Marks
[178.644s][info][gc,marking  ] GC(400) Concurrent Clear Claimed Marks 0.082ms
[178.644s][info][gc,marking  ] GC(400) Concurrent Cleanup for Next Mark
[178.646s][info][gc,marking  ] GC(400) Concurrent Cleanup for Next Mark 2.231ms
[178.646s][info][gc          ] GC(400) Concurrent Mark Cycle 109.908ms
[179.334s][info][gc,start    ] GC(401) Pause Young (Prepare Mixed) (G1 Evacuation Pause)
[179.334s][info][gc,task     ] GC(401) Using 2 workers of 2 for evacuation
[179.338s][info][gc,phases   ] GC(401)   Pre Evacuate Collection Set: 0.40ms
[179.338s][info][gc,phases   ] GC(401)   Merge Heap Roots: 0.14ms
[179.338s][info][gc,phases   ] GC(401)   Evacuate Collection Set: 2.70ms
[179.338s][info][gc,phases   ] GC(401)   Post Evacuate Collection Set: 0.68ms
[179.338s][info][gc,phases   ] GC(401)   Other: 0.09ms
[179.338s][info][gc,heap     ] GC(401) Eden regions: 402->0(400)
[179.338s][info][gc,heap     ] GC(401) Survivor regions: 1->2(51)
[179.338s][info][gc,heap     ] GC(401) Old regions: 65->65
[179.338s][info][gc,heap     ] GC(401) Humongous regions: 207->207
[179.338s][info][gc,metaspace] GC(401) Metaspace: 56598K(56896K)->56598K(56896K) NonClass: 50973K(51200K)->50973K(51200K) Class: 5625K(5696K)->5625K(5696K)
[179.338s][info][gc          ] GC(401) Pause Young (Prepare Mixed) (G1 Evacuation Pause) 674M->272M(713M) 4.176ms
[179.338s][info][gc,cpu      ] GC(401) User=0.01s Sys=0.00s Real=0.00s
[180.139s][info][gc,start    ] GC(402) Pause Young (Mixed) (G1 Evacuation Pause)
[180.139s][info][gc,task     ] GC(402) Using 2 workers of 2 for evacuation
[180.144s][info][gc,phases   ] GC(402)   Pre Evacuate Collection Set: 0.29ms
[180.144s][info][gc,phases   ] GC(402)   Merge Heap Roots: 0.13ms
[180.144s][info][gc,phases   ] GC(402)   Evacuate Collection Set: 4.40ms
[180.144s][info][gc,phases   ] GC(402)   Post Evacuate Collection Set: 0.69ms
[180.144s][info][gc,phases   ] GC(402)   Other: 0.08ms
[180.144s][info][gc,heap     ] GC(402) Eden regions: 400->0(402)
[180.144s][info][gc,heap     ] GC(402) Survivor regions: 2->2(51)
[180.144s][info][gc,heap     ] GC(402) Old regions: 65->63
[180.144s][info][gc,heap     ] GC(402) Humongous regions: 207->207
[180.144s][info][gc,metaspace] GC(402) Metaspace: 56598K(56896K)->56598K(56896K) NonClass: 50973K(51200K)->50973K(51200K) Class: 5625K(5696K)->5625K(5696K)
[180.144s][info][gc          ] GC(402) Pause Young (Mixed) (G1 Evacuation Pause) 672M->270M(713M) 5.770ms
[180.144s][info][gc,cpu      ] GC(402) User=0.01s Sys=0.00s Real=0.01s
[180.942s][info][gc,start    ] GC(403) Pause Young (Concurrent Start) (G1 Evacuation Pause)
[180.942s][info][gc,task     ] GC(403) Using 2 workers of 2 for evacuation
[180.946s][info][gc,phases   ] GC(403)   Pre Evacuate Collection Set: 0.31ms
[180.946s][info][gc,phases   ] GC(403)   Merge Heap Roots: 0.13ms
[180.946s][info][gc,phases   ] GC(403)   Evacuate Collection Set: 2.76ms
[180.946s][info][gc,phases   ] GC(403)   Post Evacuate Collection Set: 0.67ms
[180.946s][info][gc,phases   ] GC(403)   Other: 0.11ms
[180.946s][info][gc,heap     ] GC(403) Eden regions: 402->0(402)
[180.946s][info][gc,heap     ] GC(403) Survivor regions: 2->2(51)
[180.946s][info][gc,heap     ] GC(403) Old regions: 63->63
[180.946s][info][gc,heap     ] GC(403) Humongous regions: 207->207
[180.946s][info][gc,metaspace] GC(403) Metaspace: 56598K(56896K)->56598K(56896K) NonClass: 50973K(51200K)->50973K(51200K) Class: 5625K(5696K)->5625K(5696K)
[180.946s][info][gc          ] GC(403) Pause Young (Concurrent Start) (G1 Evacuation Pause) 672M->270M(713M) 4.149ms
[180.946s][info][gc,cpu      ] GC(403) User=0.01s Sys=0.00s Real=0.01s
[180.946s][info][gc          ] GC(404) Concurrent Mark Cycle
[180.946s][info][gc,marking  ] GC(404) Concurrent Scan Root Regions
[180.950s][info][gc,marking  ] GC(404) Concurrent Scan Root Regions 3.609ms
[180.950s][info][gc,marking  ] GC(404) Concurrent Mark
[180.950s][info][gc,marking  ] GC(404) Concurrent Mark From Roots
[180.950s][info][gc,task     ] GC(404) Using 1 workers of 1 for marking
[181.009s][info][gc,marking  ] GC(404) Concurrent Mark From Roots 58.997ms
[181.009s][info][gc,marking  ] GC(404) Concurrent Preclean
[181.009s][info][gc,marking  ] GC(404) Concurrent Preclean 0.074ms
[181.009s][info][gc,start    ] GC(404) Pause Remark
[181.018s][info][gc          ] GC(404) Pause Remark 306M->306M(713M) 8.606ms
[181.018s][info][gc,cpu      ] GC(404) User=0.01s Sys=0.00s Real=0.01s
[181.018s][info][gc,marking  ] GC(404) Concurrent Mark 68.223ms
[181.018s][info][gc,marking  ] GC(404) Concurrent Rebuild Remembered Sets and Scrub Regions
[181.036s][info][gc,marking  ] GC(404) Concurrent Rebuild Remembered Sets and Scrub Regions 18.518ms
[181.037s][info][gc,start    ] GC(404) Pause Cleanup
[181.037s][info][gc          ] GC(404) Pause Cleanup 312M->312M(713M) 0.087ms
[181.037s][info][gc,cpu      ] GC(404) User=0.00s Sys=0.00s Real=0.00s
[181.037s][info][gc,marking  ] GC(404) Concurrent Clear Claimed Marks
[181.037s][info][gc,marking  ] GC(404) Concurrent Clear Claimed Marks 0.089ms
[181.037s][info][gc,marking  ] GC(404) Concurrent Cleanup for Next Mark
[181.041s][info][gc,marking  ] GC(404) Concurrent Cleanup for Next Mark 4.435ms
[181.041s][info][gc          ] GC(404) Concurrent Mark Cycle 95.393ms
[181.742s][info][gc,start    ] GC(405) Pause Young (Prepare Mixed) (G1 Evacuation Pause)
[181.742s][info][gc,task     ] GC(405) Using 2 workers of 2 for evacuation
[181.747s][info][gc,phases   ] GC(405)   Pre Evacuate Collection Set: 0.28ms
[181.747s][info][gc,phases   ] GC(405)   Merge Heap Roots: 0.14ms
[181.747s][info][gc,phases   ] GC(405)   Evacuate Collection Set: 3.65ms
[181.747s][info][gc,phases   ] GC(405)   Post Evacuate Collection Set: 0.68ms
[181.747s][info][gc,phases   ] GC(405)   Other: 0.08ms
[181.747s][info][gc,heap     ] GC(405) Eden regions: 402->0(400)
[181.747s][info][gc,heap     ] GC(405) Survivor regions: 2->3(51)
[181.747s][info][gc,heap     ] GC(405) Old regions: 63->63
[181.747s][info][gc,heap     ] GC(405) Humongous regions: 207->207
[181.747s][info][gc,metaspace] GC(405) Metaspace: 56598K(56896K)->56598K(56896K) NonClass: 50973K(51200K)->50973K(51200K) Class: 5625K(5696K)->5625K(5696K)
[181.747s][info][gc          ] GC(405) Pause Young (Prepare Mixed) (G1 Evacuation Pause) 672M->271M(713M) 5.006ms
[181.747s][info][gc,cpu      ] GC(405) User=0.01s Sys=0.00s Real=0.00s
[182.597s][info][gc,start    ] GC(406) Pause Young (Mixed) (G1 Evacuation Pause)
[182.597s][info][gc,task     ] GC(406) Using 2 workers of 2 for evacuation
[182.602s][info][gc,phases   ] GC(406)   Pre Evacuate Collection Set: 0.30ms
[182.602s][info][gc,phases   ] GC(406)   Merge Heap Roots: 0.12ms
[182.602s][info][gc,phases   ] GC(406)   Evacuate Collection Set: 3.90ms
[182.602s][info][gc,phases   ] GC(406)   Post Evacuate Collection Set: 0.67ms
[182.602s][info][gc,phases   ] GC(406)   Other: 0.08ms
[182.602s][info][gc,heap     ] GC(406) Eden regions: 400->0(403)
[182.602s][info][gc,heap     ] GC(406) Survivor regions: 3->2(51)
[182.602s][info][gc,heap     ] GC(406) Old regions: 63->62
[182.602s][info][gc,heap     ] GC(406) Humongous regions: 207->207
[182.602s][info][gc,metaspace] GC(406) Metaspace: 56598K(56896K)->56598K(56896K) NonClass: 50973K(51200K)->50973K(51200K) Class: 5625K(5696K)->5625K(5696K)
[182.602s][info][gc          ] GC(406) Pause Young (Mixed) (G1 Evacuation Pause) 671M->269M(713M) 5.276ms
[182.602s][info][gc,cpu      ] GC(406) User=0.01s Sys=0.00s Real=0.01s
[183.346s][info][gc,start    ] GC(407) Pause Young (Concurrent Start) (G1 Evacuation Pause)
[183.346s][info][gc,task     ] GC(407) Using 2 workers of 2 for evacuation
[183.351s][info][gc,phases   ] GC(407)   Pre Evacuate Collection Set: 0.29ms
[183.351s][info][gc,phases   ] GC(407)   Merge Heap Roots: 0.12ms
[183.351s][info][gc,phases   ] GC(407)   Evacuate Collection Set: 3.54ms
[183.351s][info][gc,phases   ] GC(407)   Post Evacuate Collection Set: 0.69ms
[183.351s][info][gc,phases   ] GC(407)   Other: 0.10ms
[183.351s][info][gc,heap     ] GC(407) Eden regions: 403->0(401)
[183.351s][info][gc,heap     ] GC(407) Survivor regions: 2->3(51)
[183.351s][info][gc,heap     ] GC(407) Old regions: 62->62
[183.351s][info][gc,heap     ] GC(407) Humongous regions: 207->207
[183.351s][info][gc,metaspace] GC(407) Metaspace: 56598K(56896K)->56598K(56896K) NonClass: 50973K(51200K)->50973K(51200K) Class: 5625K(5696K)->5625K(5696K)
[183.351s][info][gc          ] GC(407) Pause Young (Concurrent Start) (G1 Evacuation Pause) 672M->270M(713M) 4.890ms
[183.351s][info][gc          ] GC(408) Concurrent Mark Cycle
[183.351s][info][gc,marking  ] GC(408) Concurrent Scan Root Regions
[183.352s][info][gc,cpu      ] GC(407) User=0.01s Sys=0.00s Real=0.00s
[183.356s][info][gc,marking  ] GC(408) Concurrent Scan Root Regions 4.952ms
[183.356s][info][gc,marking  ] GC(408) Concurrent Mark
[183.356s][info][gc,marking  ] GC(408) Concurrent Mark From Roots
[183.356s][info][gc,task     ] GC(408) Using 1 workers of 1 for marking
[183.411s][info][gc,marking  ] GC(408) Concurrent Mark From Roots 54.864ms
[183.411s][info][gc,marking  ] GC(408) Concurrent Preclean
[183.411s][info][gc,marking  ] GC(408) Concurrent Preclean 0.076ms
[183.411s][info][gc,start    ] GC(408) Pause Remark
[183.420s][info][gc          ] GC(408) Pause Remark 302M->302M(713M) 8.609ms
[183.420s][info][gc,cpu      ] GC(408) User=0.02s Sys=0.00s Real=0.01s
[183.420s][info][gc,marking  ] GC(408) Concurrent Mark 63.747ms
[183.420s][info][gc,marking  ] GC(408) Concurrent Rebuild Remembered Sets and Scrub Regions
[183.436s][info][gc,marking  ] GC(408) Concurrent Rebuild Remembered Sets and Scrub Regions 16.420ms
[183.436s][info][gc,start    ] GC(408) Pause Cleanup
[183.436s][info][gc          ] GC(408) Pause Cleanup 307M->307M(713M) 0.061ms
[183.437s][info][gc,cpu      ] GC(408) User=0.00s Sys=0.00s Real=0.00s
[183.437s][info][gc,marking  ] GC(408) Concurrent Clear Claimed Marks
[183.437s][info][gc,marking  ] GC(408) Concurrent Clear Claimed Marks 0.079ms
[183.437s][info][gc,marking  ] GC(408) Concurrent Cleanup for Next Mark
[183.439s][info][gc,marking  ] GC(408) Concurrent Cleanup for Next Mark 2.810ms
[183.439s][info][gc          ] GC(408) Concurrent Mark Cycle 88.322ms
[184.147s][info][gc,start    ] GC(409) Pause Young (Prepare Mixed) (G1 Evacuation Pause)
[184.147s][info][gc,task     ] GC(409) Using 2 workers of 2 for evacuation
[184.151s][info][gc,phases   ] GC(409)   Pre Evacuate Collection Set: 0.29ms
[184.151s][info][gc,phases   ] GC(409)   Merge Heap Roots: 0.13ms
[184.151s][info][gc,phases   ] GC(409)   Evacuate Collection Set: 3.09ms
[184.151s][info][gc,phases   ] GC(409)   Post Evacuate Collection Set: 0.66ms
[184.151s][info][gc,phases   ] GC(409)   Other: 0.08ms
[184.151s][info][gc,heap     ] GC(409) Eden regions: 401->0(403)
[184.151s][info][gc,heap     ] GC(409) Survivor regions: 3->2(51)
[184.151s][info][gc,heap     ] GC(409) Old regions: 62->62
[184.151s][info][gc,heap     ] GC(409) Humongous regions: 207->207
[184.151s][info][gc,metaspace] GC(409) Metaspace: 56598K(56896K)->56598K(56896K) NonClass: 50973K(51200K)->50973K(51200K) Class: 5625K(5696K)->5625K(5696K)
[184.151s][info][gc          ] GC(409) Pause Young (Prepare Mixed) (G1 Evacuation Pause) 671M->269M(713M) 4.447ms
[184.151s][info][gc,cpu      ] GC(409) User=0.01s Sys=0.01s Real=0.00s
[184.945s][info][gc,start    ] GC(410) Pause Young (Mixed) (G1 Evacuation Pause)
[184.945s][info][gc,task     ] GC(410) Using 2 workers of 2 for evacuation
[184.953s][info][gc,phases   ] GC(410)   Pre Evacuate Collection Set: 0.29ms
[184.953s][info][gc,phases   ] GC(410)   Merge Heap Roots: 0.15ms
[184.953s][info][gc,phases   ] GC(410)   Evacuate Collection Set: 6.76ms
[184.953s][info][gc,phases   ] GC(410)   Post Evacuate Collection Set: 0.74ms
[184.953s][info][gc,phases   ] GC(410)   Other: 0.08ms
[184.953s][info][gc,heap     ] GC(410) Eden regions: 403->0(402)
[184.953s][info][gc,heap     ] GC(410) Survivor regions: 2->3(51)
[184.953s][info][gc,heap     ] GC(410) Old regions: 62->61
[184.953s][info][gc,heap     ] GC(410) Humongous regions: 207->207
[184.953s][info][gc,metaspace] GC(410) Metaspace: 56598K(56896K)->56598K(56896K) NonClass: 50973K(51200K)->50973K(51200K) Class: 5625K(5696K)->5625K(5696K)
[184.953s][info][gc          ] GC(410) Pause Young (Mixed) (G1 Evacuation Pause) 672M->269M(713M) 8.186ms
[184.953s][info][gc,cpu      ] GC(410) User=0.02s Sys=0.00s Real=0.01s
[185.749s][info][gc,start    ] GC(411) Pause Young (Concurrent Start) (G1 Evacuation Pause)
[185.749s][info][gc,task     ] GC(411) Using 2 workers of 2 for evacuation
[185.755s][info][gc,phases   ] GC(411)   Pre Evacuate Collection Set: 0.30ms
[185.755s][info][gc,phases   ] GC(411)   Merge Heap Roots: 0.13ms
[185.755s][info][gc,phases   ] GC(411)   Evacuate Collection Set: 4.73ms
[185.755s][info][gc,phases   ] GC(411)   Post Evacuate Collection Set: 0.67ms
[185.755s][info][gc,phases   ] GC(411)   Other: 0.10ms
[185.755s][info][gc,heap     ] GC(411) Eden regions: 402->0(402)
[185.755s][info][gc,heap     ] GC(411) Survivor regions: 3->3(51)
[185.755s][info][gc,heap     ] GC(411) Old regions: 61->61
[185.755s][info][gc,heap     ] GC(411) Humongous regions: 207->207
[185.755s][info][gc,metaspace] GC(411) Metaspace: 56598K(56896K)->56598K(56896K) NonClass: 50973K(51200K)->50973K(51200K) Class: 5625K(5696K)->5625K(5696K)
[185.755s][info][gc          ] GC(411) Pause Young (Concurrent Start) (G1 Evacuation Pause) 671M->270M(713M) 6.091ms
[185.755s][info][gc,cpu      ] GC(411) User=0.01s Sys=0.00s Real=0.01s
[185.755s][info][gc          ] GC(412) Concurrent Mark Cycle
[185.756s][info][gc,marking  ] GC(412) Concurrent Scan Root Regions
[185.764s][info][gc,marking  ] GC(412) Concurrent Scan Root Regions 8.156ms
[185.764s][info][gc,marking  ] GC(412) Concurrent Mark
[185.764s][info][gc,marking  ] GC(412) Concurrent Mark From Roots
[185.764s][info][gc,task     ] GC(412) Using 1 workers of 1 for marking
[185.808s][info][gc,marking  ] GC(412) Concurrent Mark From Roots 43.551ms
[185.808s][info][gc,marking  ] GC(412) Concurrent Preclean
[185.808s][info][gc,marking  ] GC(412) Concurrent Preclean 0.078ms
[185.808s][info][gc,start    ] GC(412) Pause Remark
[185.817s][info][gc          ] GC(412) Pause Remark 295M->295M(713M) 8.814ms
[185.817s][info][gc,cpu      ] GC(412) User=0.01s Sys=0.00s Real=0.01s
[185.818s][info][gc,marking  ] GC(412) Concurrent Mark 53.092ms
[185.818s][info][gc,marking  ] GC(412) Concurrent Rebuild Remembered Sets and Scrub Regions
[185.837s][info][gc,marking  ] GC(412) Concurrent Rebuild Remembered Sets and Scrub Regions 19.307ms
[185.837s][info][gc,start    ] GC(412) Pause Cleanup
[185.837s][info][gc          ] GC(412) Pause Cleanup 302M->302M(713M) 0.076ms
[185.837s][info][gc,cpu      ] GC(412) User=0.00s Sys=0.00s Real=0.00s
[185.837s][info][gc,marking  ] GC(412) Concurrent Clear Claimed Marks
[185.838s][info][gc,marking  ] GC(412) Concurrent Clear Claimed Marks 0.104ms
[185.838s][info][gc,marking  ] GC(412) Concurrent Cleanup for Next Mark
[185.842s][info][gc,marking  ] GC(412) Concurrent Cleanup for Next Mark 4.524ms
[185.842s][info][gc          ] GC(412) Concurrent Mark Cycle 86.778ms
[186.559s][info][gc,start    ] GC(413) Pause Young (Prepare Mixed) (G1 Evacuation Pause)
[186.559s][info][gc,task     ] GC(413) Using 2 workers of 2 for evacuation
[186.565s][info][gc,phases   ] GC(413)   Pre Evacuate Collection Set: 0.28ms
[186.565s][info][gc,phases   ] GC(413)   Merge Heap Roots: 0.13ms
[186.565s][info][gc,phases   ] GC(413)   Evacuate Collection Set: 4.73ms
[186.565s][info][gc,phases   ] GC(413)   Post Evacuate Collection Set: 0.67ms
[186.565s][info][gc,phases   ] GC(413)   Other: 0.09ms
[186.565s][info][gc,heap     ] GC(413) Eden regions: 402->0(402)
[186.565s][info][gc,heap     ] GC(413) Survivor regions: 3->3(51)
[186.565s][info][gc,heap     ] GC(413) Old regions: 61->61
[186.565s][info][gc,heap     ] GC(413) Humongous regions: 207->207
[186.565s][info][gc,metaspace] GC(413) Metaspace: 56598K(56896K)->56598K(56896K) NonClass: 50973K(51200K)->50973K(51200K) Class: 5625K(5696K)->5625K(5696K)
[186.565s][info][gc          ] GC(413) Pause Young (Prepare Mixed) (G1 Evacuation Pause) 672M->270M(713M) 6.084ms
[186.565s][info][gc,cpu      ] GC(413) User=0.02s Sys=0.00s Real=0.01s
[187.386s][info][gc,start    ] GC(414) Pause Young (Mixed) (G1 Evacuation Pause)
[187.386s][info][gc,task     ] GC(414) Using 2 workers of 2 for evacuation
[187.403s][info][gc,phases   ] GC(414)   Pre Evacuate Collection Set: 4.13ms
[187.403s][info][gc,phases   ] GC(414)   Merge Heap Roots: 0.24ms
[187.403s][info][gc,phases   ] GC(414)   Evacuate Collection Set: 11.83ms
[187.403s][info][gc,phases   ] GC(414)   Post Evacuate Collection Set: 1.06ms
[187.403s][info][gc,phases   ] GC(414)   Other: 0.09ms
[187.403s][info][gc,heap     ] GC(414) Eden regions: 402->0(403)
[187.403s][info][gc,heap     ] GC(414) Survivor regions: 3->3(51)
[187.403s][info][gc,heap     ] GC(414) Old regions: 61->60
[187.403s][info][gc,heap     ] GC(414) Humongous regions: 207->207
[187.403s][info][gc,metaspace] GC(414) Metaspace: 56598K(56896K)->56598K(56896K) NonClass: 50973K(51200K)->50973K(51200K) Class: 5625K(5696K)->5625K(5696K)
[187.403s][info][gc          ] GC(414) Pause Young (Mixed) (G1 Evacuation Pause) 672M->269M(713M) 17.541ms
[187.403s][info][gc,cpu      ] GC(414) User=0.02s Sys=0.00s Real=0.02s
[188.163s][info][gc,start    ] GC(415) Pause Young (Concurrent Start) (G1 Evacuation Pause)
[188.163s][info][gc,task     ] GC(415) Using 2 workers of 2 for evacuation
[188.175s][info][gc,phases   ] GC(415)   Pre Evacuate Collection Set: 0.36ms
[188.175s][info][gc,phases   ] GC(415)   Merge Heap Roots: 0.11ms
[188.175s][info][gc,phases   ] GC(415)   Evacuate Collection Set: 10.34ms
[188.175s][info][gc,phases   ] GC(415)   Post Evacuate Collection Set: 1.11ms
[188.175s][info][gc,phases   ] GC(415)   Other: 0.17ms
[188.175s][info][gc,heap     ] GC(415) Eden regions: 403->0(401)
[188.175s][info][gc,heap     ] GC(415) Survivor regions: 3->4(51)
[188.175s][info][gc,heap     ] GC(415) Old regions: 60->60
[188.175s][info][gc,heap     ] GC(415) Humongous regions: 207->207
[188.175s][info][gc,metaspace] GC(415) Metaspace: 56598K(56896K)->56598K(56896K) NonClass: 50973K(51200K)->50973K(51200K) Class: 5625K(5696K)->5625K(5696K)
[188.175s][info][gc          ] GC(415) Pause Young (Concurrent Start) (G1 Evacuation Pause) 672M->270M(713M) 12.277ms
[188.175s][info][gc          ] GC(416) Concurrent Mark Cycle
[188.175s][info][gc,marking  ] GC(416) Concurrent Scan Root Regions
[188.176s][info][gc,cpu      ] GC(415) User=0.01s Sys=0.01s Real=0.01s
[188.182s][info][gc,marking  ] GC(416) Concurrent Scan Root Regions 6.385ms
[188.182s][info][gc,marking  ] GC(416) Concurrent Mark
[188.182s][info][gc,marking  ] GC(416) Concurrent Mark From Roots
[188.182s][info][gc,task     ] GC(416) Using 1 workers of 1 for marking
[188.227s][info][gc,marking  ] GC(416) Concurrent Mark From Roots 45.701ms
[188.228s][info][gc,marking  ] GC(416) Concurrent Preclean
[188.228s][info][gc,marking  ] GC(416) Concurrent Preclean 0.074ms
[188.228s][info][gc,start    ] GC(416) Pause Remark
[188.238s][info][gc          ] GC(416) Pause Remark 285M->285M(713M) 10.335ms
[188.238s][info][gc,cpu      ] GC(416) User=0.01s Sys=0.00s Real=0.01s
[188.239s][info][gc,marking  ] GC(416) Concurrent Mark 57.085ms
[188.241s][info][gc,marking  ] GC(416) Concurrent Rebuild Remembered Sets and Scrub Regions
[188.256s][info][gc,marking  ] GC(416) Concurrent Rebuild Remembered Sets and Scrub Regions 15.441ms
[188.257s][info][gc,start    ] GC(416) Pause Cleanup
[188.257s][info][gc          ] GC(416) Pause Cleanup 299M->299M(713M) 0.087ms
[188.257s][info][gc,cpu      ] GC(416) User=0.00s Sys=0.00s Real=0.00s
[188.257s][info][gc,marking  ] GC(416) Concurrent Clear Claimed Marks
[188.257s][info][gc,marking  ] GC(416) Concurrent Clear Claimed Marks 0.086ms
[188.257s][info][gc,marking  ] GC(416) Concurrent Cleanup for Next Mark
[188.259s][info][gc,marking  ] GC(416) Concurrent Cleanup for Next Mark 2.600ms
[188.259s][info][gc          ] GC(416) Concurrent Mark Cycle 84.107ms
[188.962s][info][gc,start    ] GC(417) Pause Young (Prepare Mixed) (G1 Evacuation Pause)
[188.962s][info][gc,task     ] GC(417) Using 2 workers of 2 for evacuation
[188.968s][info][gc,phases   ] GC(417)   Pre Evacuate Collection Set: 0.30ms
[188.968s][info][gc,phases   ] GC(417)   Merge Heap Roots: 0.14ms
[188.968s][info][gc,phases   ] GC(417)   Evacuate Collection Set: 4.78ms
[188.968s][info][gc,phases   ] GC(417)   Post Evacuate Collection Set: 0.65ms
[188.968s][info][gc,phases   ] GC(417)   Other: 0.09ms
[188.968s][info][gc,heap     ] GC(417) Eden regions: 401->0(401)
[188.968s][info][gc,heap     ] GC(417) Survivor regions: 4->4(51)
[188.968s][info][gc,heap     ] GC(417) Old regions: 60->60
[188.968s][info][gc,heap     ] GC(417) Humongous regions: 207->207
[188.968s][info][gc,metaspace] GC(417) Metaspace: 56603K(56896K)->56603K(56896K) NonClass: 50978K(51200K)->50978K(51200K) Class: 5625K(5696K)->5625K(5696K)
[188.968s][info][gc          ] GC(417) Pause Young (Prepare Mixed) (G1 Evacuation Pause) 671M->270M(713M) 6.139ms
[188.968s][info][gc,cpu      ] GC(417) User=0.01s Sys=0.00s Real=0.01s
[189.832s][info][gc,start    ] GC(418) Pause Young (Mixed) (G1 Evacuation Pause)
[189.832s][info][gc,task     ] GC(418) Using 2 workers of 2 for evacuation
[189.842s][info][gc,phases   ] GC(418)   Pre Evacuate Collection Set: 2.09ms
[189.842s][info][gc,phases   ] GC(418)   Merge Heap Roots: 0.14ms
[189.842s][info][gc,phases   ] GC(418)   Evacuate Collection Set: 7.02ms
[189.842s][info][gc,phases   ] GC(418)   Post Evacuate Collection Set: 0.73ms
[189.842s][info][gc,phases   ] GC(418)   Other: 0.08ms
[189.842s][info][gc,heap     ] GC(418) Eden regions: 401->0(403)
[189.842s][info][gc,heap     ] GC(418) Survivor regions: 4->3(51)
[189.842s][info][gc,heap     ] GC(418) Old regions: 60->60
[189.842s][info][gc,heap     ] GC(418) Humongous regions: 207->207
[189.842s][info][gc,metaspace] GC(418) Metaspace: 56603K(56896K)->56603K(56896K) NonClass: 50978K(51200K)->50978K(51200K) Class: 5625K(5696K)->5625K(5696K)
[189.842s][info][gc          ] GC(418) Pause Young (Mixed) (G1 Evacuation Pause) 671M->268M(713M) 10.235ms
[189.842s][info][gc,cpu      ] GC(418) User=0.01s Sys=0.00s Real=0.02s
[190.573s][info][gc,start    ] GC(419) Pause Young (Concurrent Start) (G1 Evacuation Pause)
[190.573s][info][gc,task     ] GC(419) Using 2 workers of 2 for evacuation
[190.578s][info][gc,phases   ] GC(419)   Pre Evacuate Collection Set: 0.30ms
[190.578s][info][gc,phases   ] GC(419)   Merge Heap Roots: 0.12ms
[190.578s][info][gc,phases   ] GC(419)   Evacuate Collection Set: 3.43ms
[190.578s][info][gc,phases   ] GC(419)   Post Evacuate Collection Set: 0.67ms
[190.578s][info][gc,phases   ] GC(419)   Other: 0.13ms
[190.578s][info][gc,heap     ] GC(419) Eden regions: 403->0(405)
[190.578s][info][gc,heap     ] GC(419) Survivor regions: 3->2(51)
[190.578s][info][gc,heap     ] GC(419) Old regions: 60->60
[190.578s][info][gc,heap     ] GC(419) Humongous regions: 207->207
[190.578s][info][gc,metaspace] GC(419) Metaspace: 56603K(56896K)->56603K(56896K) NonClass: 50978K(51200K)->50978K(51200K) Class: 5625K(5696K)->5625K(5696K)
[190.578s][info][gc          ] GC(419) Pause Young (Concurrent Start) (G1 Evacuation Pause) 671M->267M(713M) 4.830ms
[190.578s][info][gc          ] GC(420) Concurrent Mark Cycle
[190.578s][info][gc,marking  ] GC(420) Concurrent Scan Root Regions
[190.578s][info][gc,cpu      ] GC(419) User=0.01s Sys=0.00s Real=0.00s
[190.580s][info][gc,marking  ] GC(420) Concurrent Scan Root Regions 2.148ms
[190.580s][info][gc,marking  ] GC(420) Concurrent Mark
[190.580s][info][gc,marking  ] GC(420) Concurrent Mark From Roots
[190.580s][info][gc,task     ] GC(420) Using 1 workers of 1 for marking
[190.622s][info][gc,marking  ] GC(420) Concurrent Mark From Roots 41.392ms
[190.622s][info][gc,marking  ] GC(420) Concurrent Preclean
[190.622s][info][gc,marking  ] GC(420) Concurrent Preclean 0.070ms
[190.622s][info][gc,start    ] GC(420) Pause Remark
[190.630s][info][gc          ] GC(420) Pause Remark 274M->274M(713M) 8.601ms
[190.631s][info][gc,cpu      ] GC(420) User=0.01s Sys=0.00s Real=0.01s
[190.631s][info][gc,marking  ] GC(420) Concurrent Mark 50.795ms
[190.631s][info][gc,marking  ] GC(420) Concurrent Rebuild Remembered Sets and Scrub Regions
[190.662s][info][gc,marking  ] GC(420) Concurrent Rebuild Remembered Sets and Scrub Regions 31.194ms
[190.663s][info][gc,start    ] GC(420) Pause Cleanup
[190.663s][info][gc          ] GC(420) Pause Cleanup 301M->301M(713M) 0.078ms
[190.663s][info][gc,cpu      ] GC(420) User=0.00s Sys=0.00s Real=0.00s
[190.663s][info][gc,marking  ] GC(420) Concurrent Clear Claimed Marks
[190.663s][info][gc,marking  ] GC(420) Concurrent Clear Claimed Marks 0.083ms
[190.663s][info][gc,marking  ] GC(420) Concurrent Cleanup for Next Mark
[190.666s][info][gc,marking  ] GC(420) Concurrent Cleanup for Next Mark 3.073ms
[190.666s][info][gc          ] GC(420) Concurrent Mark Cycle 87.838ms
[191.388s][info][gc,start    ] GC(421) Pause Young (Prepare Mixed) (G1 Evacuation Pause)
[191.388s][info][gc,task     ] GC(421) Using 2 workers of 2 for evacuation
[191.391s][info][gc,phases   ] GC(421)   Pre Evacuate Collection Set: 0.32ms
[191.391s][info][gc,phases   ] GC(421)   Merge Heap Roots: 0.16ms
[191.392s][info][gc,phases   ] GC(421)   Evacuate Collection Set: 2.22ms
[191.392s][info][gc,phases   ] GC(421)   Post Evacuate Collection Set: 0.70ms
[191.392s][info][gc,phases   ] GC(421)   Other: 0.09ms
[191.392s][info][gc,heap     ] GC(421) Eden regions: 405->0(407)
[191.392s][info][gc,heap     ] GC(421) Survivor regions: 2->1(51)
[191.392s][info][gc,heap     ] GC(421) Old regions: 60->60
[191.392s][info][gc,heap     ] GC(421) Humongous regions: 207->207
[191.392s][info][gc,metaspace] GC(421) Metaspace: 56603K(56896K)->56603K(56896K) NonClass: 50978K(51200K)->50978K(51200K) Class: 5625K(5696K)->5625K(5696K)
[191.392s][info][gc          ] GC(421) Pause Young (Prepare Mixed) (G1 Evacuation Pause) 672M->267M(713M) 3.675ms
[191.392s][info][gc,cpu      ] GC(421) User=0.00s Sys=0.00s Real=0.00s
[192.236s][info][gc,start    ] GC(422) Pause Young (Mixed) (G1 Evacuation Pause)
[192.236s][info][gc,task     ] GC(422) Using 2 workers of 2 for evacuation
[192.241s][info][gc,phases   ] GC(422)   Pre Evacuate Collection Set: 0.29ms
[192.241s][info][gc,phases   ] GC(422)   Merge Heap Roots: 0.12ms
[192.241s][info][gc,phases   ] GC(422)   Evacuate Collection Set: 4.37ms
[192.241s][info][gc,phases   ] GC(422)   Post Evacuate Collection Set: 0.72ms
[192.241s][info][gc,phases   ] GC(422)   Other: 0.08ms
[192.241s][info][gc,heap     ] GC(422) Eden regions: 407->0(406)
[192.241s][info][gc,heap     ] GC(422) Survivor regions: 1->2(51)
[192.241s][info][gc,heap     ] GC(422) Old regions: 60->59
[192.241s][info][gc,heap     ] GC(422) Humongous regions: 207->207
[192.241s][info][gc,metaspace] GC(422) Metaspace: 56603K(56896K)->56603K(56896K) NonClass: 50978K(51200K)->50978K(51200K) Class: 5625K(5696K)->5625K(5696K)
[192.242s][info][gc          ] GC(422) Pause Young (Mixed) (G1 Evacuation Pause) 674M->267M(713M) 5.777ms
[192.242s][info][gc,cpu      ] GC(422) User=0.01s Sys=0.00s Real=0.00s
[193.041s][info][gc,start    ] GC(423) Pause Young (Concurrent Start) (G1 Evacuation Pause)
[193.041s][info][gc,task     ] GC(423) Using 2 workers of 2 for evacuation
[193.046s][info][gc,phases   ] GC(423)   Pre Evacuate Collection Set: 0.28ms
[193.046s][info][gc,phases   ] GC(423)   Merge Heap Roots: 0.14ms
[193.046s][info][gc,phases   ] GC(423)   Evacuate Collection Set: 3.69ms
[193.046s][info][gc,phases   ] GC(423)   Post Evacuate Collection Set: 0.70ms
[193.046s][info][gc,phases   ] GC(423)   Other: 0.11ms
[193.046s][info][gc,heap     ] GC(423) Eden regions: 406->0(404)
[193.046s][info][gc,heap     ] GC(423) Survivor regions: 2->3(51)
[193.046s][info][gc,heap     ] GC(423) Old regions: 59->59
[193.046s][info][gc,heap     ] GC(423) Humongous regions: 207->207
[193.046s][info][gc,metaspace] GC(423) Metaspace: 56603K(56896K)->56603K(56896K) NonClass: 50978K(51200K)->50978K(51200K) Class: 5625K(5696K)->5625K(5696K)
[193.046s][info][gc          ] GC(423) Pause Young (Concurrent Start) (G1 Evacuation Pause) 673M->268M(713M) 5.082ms
[193.047s][info][gc,cpu      ] GC(423) User=0.01s Sys=0.00s Real=0.01s
[193.047s][info][gc          ] GC(424) Concurrent Mark Cycle
[193.047s][info][gc,marking  ] GC(424) Concurrent Scan Root Regions
[193.049s][info][gc,marking  ] GC(424) Concurrent Scan Root Regions 2.573ms
[193.049s][info][gc,marking  ] GC(424) Concurrent Mark
[193.049s][info][gc,marking  ] GC(424) Concurrent Mark From Roots
[193.049s][info][gc,task     ] GC(424) Using 1 workers of 1 for marking
[193.095s][info][gc,marking  ] GC(424) Concurrent Mark From Roots 45.466ms
[193.095s][info][gc,marking  ] GC(424) Concurrent Preclean
[193.095s][info][gc,marking  ] GC(424) Concurrent Preclean 0.081ms
[193.095s][info][gc,start    ] GC(424) Pause Remark
[193.104s][info][gc          ] GC(424) Pause Remark 297M->297M(713M) 8.783ms
[193.104s][info][gc,cpu      ] GC(424) User=0.02s Sys=0.00s Real=0.01s
[193.104s][info][gc,marking  ] GC(424) Concurrent Mark 54.623ms
[193.104s][info][gc,marking  ] GC(424) Concurrent Rebuild Remembered Sets and Scrub Regions
[193.125s][info][gc,marking  ] GC(424) Concurrent Rebuild Remembered Sets and Scrub Regions 21.193ms
[193.125s][info][gc,start    ] GC(424) Pause Cleanup
[193.125s][info][gc          ] GC(424) Pause Cleanup 304M->304M(713M) 0.072ms
[193.125s][info][gc,cpu      ] GC(424) User=0.00s Sys=0.00s Real=0.00s
[193.125s][info][gc,marking  ] GC(424) Concurrent Clear Claimed Marks
[193.125s][info][gc,marking  ] GC(424) Concurrent Clear Claimed Marks 0.087ms
[193.125s][info][gc,marking  ] GC(424) Concurrent Cleanup for Next Mark
[193.127s][info][gc,marking  ] GC(424) Concurrent Cleanup for Next Mark 2.118ms
[193.127s][info][gc          ] GC(424) Concurrent Mark Cycle 80.905ms
[193.851s][info][gc,start    ] GC(425) Pause Young (Prepare Mixed) (G1 Evacuation Pause)
[193.851s][info][gc,task     ] GC(425) Using 2 workers of 2 for evacuation
[193.856s][info][gc,phases   ] GC(425)   Pre Evacuate Collection Set: 0.29ms
[193.856s][info][gc,phases   ] GC(425)   Merge Heap Roots: 0.15ms
[193.856s][info][gc,phases   ] GC(425)   Evacuate Collection Set: 3.98ms
[193.856s][info][gc,phases   ] GC(425)   Post Evacuate Collection Set: 0.69ms
[193.856s][info][gc,phases   ] GC(425)   Other: 0.08ms
[193.856s][info][gc,heap     ] GC(425) Eden regions: 404->0(403)
[193.856s][info][gc,heap     ] GC(425) Survivor regions: 3->3(51)
[193.856s][info][gc,heap     ] GC(425) Old regions: 59->60
[193.856s][info][gc,heap     ] GC(425) Humongous regions: 207->207
[193.856s][info][gc,metaspace] GC(425) Metaspace: 56603K(56896K)->56603K(56896K) NonClass: 50978K(51200K)->50978K(51200K) Class: 5625K(5696K)->5625K(5696K)
[193.856s][info][gc          ] GC(425) Pause Young (Prepare Mixed) (G1 Evacuation Pause) 672M->268M(713M) 5.370ms
[193.856s][info][gc,cpu      ] GC(425) User=0.00s Sys=0.00s Real=0.01s
[194.651s][info][gc,start    ] GC(426) Pause Young (Mixed) (G1 Evacuation Pause)
[194.651s][info][gc,task     ] GC(426) Using 2 workers of 2 for evacuation
[194.657s][info][gc,phases   ] GC(426)   Pre Evacuate Collection Set: 0.30ms
[194.657s][info][gc,phases   ] GC(426)   Merge Heap Roots: 0.13ms
[194.657s][info][gc,phases   ] GC(426)   Evacuate Collection Set: 4.75ms
[194.657s][info][gc,phases   ] GC(426)   Post Evacuate Collection Set: 0.68ms
[194.657s][info][gc,phases   ] GC(426)   Other: 0.09ms
[194.657s][info][gc,heap     ] GC(426) Eden regions: 403->0(404)
[194.657s][info][gc,heap     ] GC(426) Survivor regions: 3->3(51)
[194.657s][info][gc,heap     ] GC(426) Old regions: 60->59
[194.657s][info][gc,heap     ] GC(426) Humongous regions: 207->207
[194.657s][info][gc,metaspace] GC(426) Metaspace: 56603K(56896K)->56603K(56896K) NonClass: 50978K(51200K)->50978K(51200K) Class: 5625K(5696K)->5625K(5696K)
[194.657s][info][gc          ] GC(426) Pause Young (Mixed) (G1 Evacuation Pause) 671M->268M(713M) 6.157ms
[194.657s][info][gc,cpu      ] GC(426) User=0.01s Sys=0.00s Real=0.01s
[195.454s][info][gc,start    ] GC(427) Pause Young (Concurrent Start) (G1 Evacuation Pause)
[195.454s][info][gc,task     ] GC(427) Using 2 workers of 2 for evacuation
[195.460s][info][gc,phases   ] GC(427)   Pre Evacuate Collection Set: 0.32ms
[195.460s][info][gc,phases   ] GC(427)   Merge Heap Roots: 0.13ms
[195.460s][info][gc,phases   ] GC(427)   Evacuate Collection Set: 4.87ms
[195.460s][info][gc,phases   ] GC(427)   Post Evacuate Collection Set: 0.70ms
[195.460s][info][gc,phases   ] GC(427)   Other: 0.13ms
[195.460s][info][gc,heap     ] GC(427) Eden regions: 404->0(402)
[195.460s][info][gc,heap     ] GC(427) Survivor regions: 3->4(51)
[195.460s][info][gc,heap     ] GC(427) Old regions: 59->59
[195.460s][info][gc,heap     ] GC(427) Humongous regions: 207->207
[195.460s][info][gc,metaspace] GC(427) Metaspace: 56603K(56896K)->56603K(56896K) NonClass: 50978K(51200K)->50978K(51200K) Class: 5625K(5696K)->5625K(5696K)
[195.460s][info][gc          ] GC(427) Pause Young (Concurrent Start) (G1 Evacuation Pause) 672M->269M(713M) 6.316ms
[195.460s][info][gc,cpu      ] GC(427) User=0.01s Sys=0.00s Real=0.00s
[195.460s][info][gc          ] GC(428) Concurrent Mark Cycle
[195.461s][info][gc,marking  ] GC(428) Concurrent Scan Root Regions
[195.465s][info][gc,marking  ] GC(428) Concurrent Scan Root Regions 4.189ms
[195.465s][info][gc,marking  ] GC(428) Concurrent Mark
[195.465s][info][gc,marking  ] GC(428) Concurrent Mark From Roots
[195.465s][info][gc,task     ] GC(428) Using 1 workers of 1 for marking
[195.512s][info][gc,marking  ] GC(428) Concurrent Mark From Roots 46.527ms
[195.512s][info][gc,marking  ] GC(428) Concurrent Preclean
[195.512s][info][gc,marking  ] GC(428) Concurrent Preclean 0.081ms
[195.512s][info][gc,start    ] GC(428) Pause Remark
[195.521s][info][gc          ] GC(428) Pause Remark 290M->290M(713M) 8.846ms
[195.521s][info][gc,cpu      ] GC(428) User=0.02s Sys=0.00s Real=0.01s
[195.521s][info][gc,marking  ] GC(428) Concurrent Mark 55.741ms
[195.521s][info][gc,marking  ] GC(428) Concurrent Rebuild Remembered Sets and Scrub Regions
[195.541s][info][gc,marking  ] GC(428) Concurrent Rebuild Remembered Sets and Scrub Regions 20.169ms
[195.541s][info][gc,start    ] GC(428) Pause Cleanup
[195.541s][info][gc          ] GC(428) Pause Cleanup 301M->301M(713M) 0.064ms
[195.541s][info][gc,cpu      ] GC(428) User=0.00s Sys=0.00s Real=0.00s
[195.541s][info][gc,marking  ] GC(428) Concurrent Clear Claimed Marks
[195.541s][info][gc,marking  ] GC(428) Concurrent Clear Claimed Marks 0.089ms
[195.541s][info][gc,marking  ] GC(428) Concurrent Cleanup for Next Mark
[195.544s][info][gc,marking  ] GC(428) Concurrent Cleanup for Next Mark 2.171ms
[195.544s][info][gc          ] GC(428) Concurrent Mark Cycle 83.462ms
[196.332s][info][gc,start    ] GC(429) Pause Young (Prepare Mixed) (G1 Evacuation Pause)
[196.332s][info][gc,task     ] GC(429) Using 2 workers of 2 for evacuation
[196.350s][info][gc,phases   ] GC(429)   Pre Evacuate Collection Set: 0.74ms
[196.350s][info][gc,phases   ] GC(429)   Merge Heap Roots: 0.30ms
[196.350s][info][gc,phases   ] GC(429)   Evacuate Collection Set: 15.04ms
[196.350s][info][gc,phases   ] GC(429)   Post Evacuate Collection Set: 1.58ms
[196.350s][info][gc,phases   ] GC(429)   Other: 0.10ms
[196.350s][info][gc,heap     ] GC(429) Eden regions: 402->0(402)
[196.350s][info][gc,heap     ] GC(429) Survivor regions: 4->4(51)
[196.350s][info][gc,heap     ] GC(429) Old regions: 59->59
[196.350s][info][gc,heap     ] GC(429) Humongous regions: 207->207
[196.350s][info][gc,metaspace] GC(429) Metaspace: 56603K(56896K)->56603K(56896K) NonClass: 50978K(51200K)->50978K(51200K) Class: 5625K(5696K)->5625K(5696K)
[196.350s][info][gc          ] GC(429) Pause Young (Prepare Mixed) (G1 Evacuation Pause) 671M->269M(713M) 17.970ms
[196.350s][info][gc,cpu      ] GC(429) User=0.01s Sys=0.00s Real=0.02s
[197.161s][info][gc,start    ] GC(430) Pause Young (Mixed) (G1 Evacuation Pause)
[197.161s][info][gc,task     ] GC(430) Using 2 workers of 2 for evacuation
[197.173s][info][gc,phases   ] GC(430)   Pre Evacuate Collection Set: 0.45ms
[197.173s][info][gc,phases   ] GC(430)   Merge Heap Roots: 0.14ms
[197.173s][info][gc,phases   ] GC(430)   Evacuate Collection Set: 10.24ms
[197.173s][info][gc,phases   ] GC(430)   Post Evacuate Collection Set: 0.72ms
[197.173s][info][gc,phases   ] GC(430)   Other: 0.10ms
[197.173s][info][gc,heap     ] GC(430) Eden regions: 402->0(402)
[197.173s][info][gc,heap     ] GC(430) Survivor regions: 4->4(51)
[197.173s][info][gc,heap     ] GC(430) Old regions: 59->59
[197.173s][info][gc,heap     ] GC(430) Humongous regions: 207->207
[197.173s][info][gc,metaspace] GC(430) Metaspace: 56603K(56896K)->56603K(56896K) NonClass: 50978K(51200K)->50978K(51200K) Class: 5625K(5696K)->5625K(5696K)
[197.173s][info][gc          ] GC(430) Pause Young (Mixed) (G1 Evacuation Pause) 671M->268M(713M) 11.836ms
[197.173s][info][gc,cpu      ] GC(430) User=0.01s Sys=0.00s Real=0.02s
[197.959s][info][gc,start    ] GC(431) Pause Young (Concurrent Start) (G1 Evacuation Pause)
[197.959s][info][gc,task     ] GC(431) Using 2 workers of 2 for evacuation
[197.965s][info][gc,phases   ] GC(431)   Pre Evacuate Collection Set: 0.33ms
[197.965s][info][gc,phases   ] GC(431)   Merge Heap Roots: 0.13ms
[197.965s][info][gc,phases   ] GC(431)   Evacuate Collection Set: 5.40ms
[197.965s][info][gc,phases   ] GC(431)   Post Evacuate Collection Set: 0.68ms
[197.965s][info][gc,phases   ] GC(431)   Other: 0.12ms
[197.965s][info][gc,heap     ] GC(431) Eden regions: 402->0(402)
[197.965s][info][gc,heap     ] GC(431) Survivor regions: 4->4(51)
[197.965s][info][gc,heap     ] GC(431) Old regions: 59->59
[197.965s][info][gc,heap     ] GC(431) Humongous regions: 207->207
[197.965s][info][gc,metaspace] GC(431) Metaspace: 56603K(56896K)->56603K(56896K) NonClass: 50978K(51200K)->50978K(51200K) Class: 5625K(5696K)->5625K(5696K)
[197.965s][info][gc          ] GC(431) Pause Young (Concurrent Start) (G1 Evacuation Pause) 670M->269M(713M) 6.828ms
[197.965s][info][gc,cpu      ] GC(431) User=0.01s Sys=0.00s Real=0.01s
[197.965s][info][gc          ] GC(432) Concurrent Mark Cycle
[197.966s][info][gc,marking  ] GC(432) Concurrent Scan Root Regions
[197.970s][info][gc,marking  ] GC(432) Concurrent Scan Root Regions 3.895ms
[197.970s][info][gc,marking  ] GC(432) Concurrent Mark
[197.970s][info][gc,marking  ] GC(432) Concurrent Mark From Roots
[197.970s][info][gc,task     ] GC(432) Using 1 workers of 1 for marking
[198.012s][info][gc,marking  ] GC(432) Concurrent Mark From Roots 42.560ms
[198.012s][info][gc,marking  ] GC(432) Concurrent Preclean
[198.012s][info][gc,marking  ] GC(432) Concurrent Preclean 0.084ms
[198.013s][info][gc,start    ] GC(432) Pause Remark
[198.021s][info][gc          ] GC(432) Pause Remark 283M->283M(713M) 8.650ms
[198.021s][info][gc,cpu      ] GC(432) User=0.01s Sys=0.00s Real=0.00s
[198.022s][info][gc,marking  ] GC(432) Concurrent Mark 51.880ms
[198.022s][info][gc,marking  ] GC(432) Concurrent Rebuild Remembered Sets and Scrub Regions
[198.048s][info][gc,marking  ] GC(432) Concurrent Rebuild Remembered Sets and Scrub Regions 26.667ms
[198.048s][info][gc,start    ] GC(432) Pause Cleanup
[198.049s][info][gc          ] GC(432) Pause Cleanup 299M->299M(713M) 0.096ms
[198.049s][info][gc,cpu      ] GC(432) User=0.00s Sys=0.00s Real=0.00s
[198.049s][info][gc,marking  ] GC(432) Concurrent Clear Claimed Marks
[198.049s][info][gc,marking  ] GC(432) Concurrent Clear Claimed Marks 0.107ms
[198.049s][info][gc,marking  ] GC(432) Concurrent Cleanup for Next Mark
[198.051s][info][gc,marking  ] GC(432) Concurrent Cleanup for Next Mark 2.342ms
[198.051s][info][gc          ] GC(432) Concurrent Mark Cycle 85.887ms
[198.821s][info][gc,start    ] GC(433) Pause Young (Prepare Mixed) (G1 Evacuation Pause)
[198.821s][info][gc,task     ] GC(433) Using 2 workers of 2 for evacuation
[198.828s][info][gc,phases   ] GC(433)   Pre Evacuate Collection Set: 0.28ms
[198.828s][info][gc,phases   ] GC(433)   Merge Heap Roots: 0.15ms
[198.828s][info][gc,phases   ] GC(433)   Evacuate Collection Set: 5.46ms
[198.828s][info][gc,phases   ] GC(433)   Post Evacuate Collection Set: 0.69ms
[198.828s][info][gc,phases   ] GC(433)   Other: 0.10ms
[198.828s][info][gc,heap     ] GC(433) Eden regions: 402->0(402)
[198.828s][info][gc,heap     ] GC(433) Survivor regions: 4->4(51)
[198.828s][info][gc,heap     ] GC(433) Old regions: 59->59
[198.828s][info][gc,heap     ] GC(433) Humongous regions: 207->207
[198.828s][info][gc,metaspace] GC(433) Metaspace: 56603K(56896K)->56603K(56896K) NonClass: 50978K(51200K)->50978K(51200K) Class: 5625K(5696K)->5625K(5696K)
[198.828s][info][gc          ] GC(433) Pause Young (Prepare Mixed) (G1 Evacuation Pause) 671M->269M(713M) 6.881ms
[198.828s][info][gc,cpu      ] GC(433) User=0.02s Sys=0.00s Real=0.01s
[199.562s][info][gc,start    ] GC(434) Pause Young (Mixed) (G1 Evacuation Pause)
[199.562s][info][gc,task     ] GC(434) Using 2 workers of 2 for evacuation
[199.573s][info][gc,phases   ] GC(434)   Pre Evacuate Collection Set: 0.30ms
[199.573s][info][gc,phases   ] GC(434)   Merge Heap Roots: 0.19ms
[199.573s][info][gc,phases   ] GC(434)   Evacuate Collection Set: 9.16ms
[199.573s][info][gc,phases   ] GC(434)   Post Evacuate Collection Set: 0.79ms
[199.573s][info][gc,phases   ] GC(434)   Other: 0.08ms
[199.573s][info][gc,heap     ] GC(434) Eden regions: 402->0(404)
[199.573s][info][gc,heap     ] GC(434) Survivor regions: 4->3(51)
[199.573s][info][gc,heap     ] GC(434) Old regions: 59->59
[199.573s][info][gc,heap     ] GC(434) Humongous regions: 207->207
[199.573s][info][gc,metaspace] GC(434) Metaspace: 56603K(56896K)->56603K(56896K) NonClass: 50978K(51200K)->50978K(51200K) Class: 5625K(5696K)->5625K(5696K)
[199.573s][info][gc          ] GC(434) Pause Young (Mixed) (G1 Evacuation Pause) 671M->267M(713M) 10.685ms
[199.573s][info][gc,cpu      ] GC(434) User=0.02s Sys=0.00s Real=0.01s
[200.361s][info][gc,start    ] GC(435) Pause Young (Concurrent Start) (G1 Evacuation Pause)
[200.361s][info][gc,task     ] GC(435) Using 2 workers of 2 for evacuation
[200.367s][info][gc,phases   ] GC(435)   Pre Evacuate Collection Set: 0.33ms
[200.367s][info][gc,phases   ] GC(435)   Merge Heap Roots: 0.12ms
[200.367s][info][gc,phases   ] GC(435)   Evacuate Collection Set: 5.13ms
[200.367s][info][gc,phases   ] GC(435)   Post Evacuate Collection Set: 0.66ms
[200.367s][info][gc,phases   ] GC(435)   Other: 0.12ms
[200.367s][info][gc,heap     ] GC(435) Eden regions: 404->0(404)
[200.367s][info][gc,heap     ] GC(435) Survivor regions: 3->3(51)
[200.367s][info][gc,heap     ] GC(435) Old regions: 59->59
[200.367s][info][gc,heap     ] GC(435) Humongous regions: 207->207
[200.367s][info][gc,metaspace] GC(435) Metaspace: 56603K(56896K)->56603K(56896K) NonClass: 50978K(51200K)->50978K(51200K) Class: 5625K(5696K)->5625K(5696K)
[200.367s][info][gc          ] GC(435) Pause Young (Concurrent Start) (G1 Evacuation Pause) 671M->268M(713M) 6.537ms
[200.367s][info][gc,cpu      ] GC(435) User=0.01s Sys=0.00s Real=0.01s
[200.367s][info][gc          ] GC(436) Concurrent Mark Cycle
[200.367s][info][gc,marking  ] GC(436) Concurrent Scan Root Regions
[200.371s][info][gc,marking  ] GC(436) Concurrent Scan Root Regions 3.470ms
[200.371s][info][gc,marking  ] GC(436) Concurrent Mark
[200.371s][info][gc,marking  ] GC(436) Concurrent Mark From Roots
[200.371s][info][gc,task     ] GC(436) Using 1 workers of 1 for marking
[200.417s][info][gc,marking  ] GC(436) Concurrent Mark From Roots 46.113ms
[200.417s][info][gc,marking  ] GC(436) Concurrent Preclean
[200.417s][info][gc,marking  ] GC(436) Concurrent Preclean 0.080ms
[200.417s][info][gc,start    ] GC(436) Pause Remark
[200.426s][info][gc          ] GC(436) Pause Remark 282M->282M(713M) 8.675ms
[200.426s][info][gc,cpu      ] GC(436) User=0.02s Sys=0.00s Real=0.01s
[200.426s][info][gc,marking  ] GC(436) Concurrent Mark 55.193ms
[200.426s][info][gc,marking  ] GC(436) Concurrent Rebuild Remembered Sets and Scrub Regions
[200.458s][info][gc,marking  ] GC(436) Concurrent Rebuild Remembered Sets and Scrub Regions 31.491ms
[200.458s][info][gc,start    ] GC(436) Pause Cleanup
[200.458s][info][gc          ] GC(436) Pause Cleanup 314M->314M(713M) 0.078ms
[200.458s][info][gc,cpu      ] GC(436) User=0.00s Sys=0.00s Real=0.00s
[200.458s][info][gc,marking  ] GC(436) Concurrent Clear Claimed Marks
[200.458s][info][gc,marking  ] GC(436) Concurrent Clear Claimed Marks 0.089ms
[200.458s][info][gc,marking  ] GC(436) Concurrent Cleanup for Next Mark
[200.464s][info][gc,marking  ] GC(436) Concurrent Cleanup for Next Mark 6.153ms
[200.464s][info][gc          ] GC(436) Concurrent Mark Cycle 96.872ms
[201.164s][info][gc,start    ] GC(437) Pause Young (Prepare Mixed) (G1 Evacuation Pause)
[201.164s][info][gc,task     ] GC(437) Using 2 workers of 2 for evacuation
[201.171s][info][gc,phases   ] GC(437)   Pre Evacuate Collection Set: 0.30ms
[201.171s][info][gc,phases   ] GC(437)   Merge Heap Roots: 0.14ms
[201.171s][info][gc,phases   ] GC(437)   Evacuate Collection Set: 5.43ms
[201.171s][info][gc,phases   ] GC(437)   Post Evacuate Collection Set: 0.68ms
[201.171s][info][gc,phases   ] GC(437)   Other: 0.10ms
[201.171s][info][gc,heap     ] GC(437) Eden regions: 404->0(404)
[201.171s][info][gc,heap     ] GC(437) Survivor regions: 3->3(51)
[201.171s][info][gc,heap     ] GC(437) Old regions: 59->59
[201.171s][info][gc,heap     ] GC(437) Humongous regions: 207->207
[201.171s][info][gc,metaspace] GC(437) Metaspace: 56603K(56896K)->56603K(56896K) NonClass: 50978K(51200K)->50978K(51200K) Class: 5625K(5696K)->5625K(5696K)
[201.171s][info][gc          ] GC(437) Pause Young (Prepare Mixed) (G1 Evacuation Pause) 672M->267M(713M) 6.823ms
[201.171s][info][gc,cpu      ] GC(437) User=0.01s Sys=0.00s Real=0.00s
[201.980s][info][gc,start    ] GC(438) Pause Young (Mixed) (G1 Evacuation Pause)
[201.980s][info][gc,task     ] GC(438) Using 2 workers of 2 for evacuation
[201.991s][info][gc,phases   ] GC(438)   Pre Evacuate Collection Set: 0.29ms
[201.991s][info][gc,phases   ] GC(438)   Merge Heap Roots: 0.16ms
[201.991s][info][gc,phases   ] GC(438)   Evacuate Collection Set: 8.44ms
[201.991s][info][gc,phases   ] GC(438)   Post Evacuate Collection Set: 1.89ms
[201.991s][info][gc,phases   ] GC(438)   Other: 0.08ms
[201.991s][info][gc,heap     ] GC(438) Eden regions: 404->0(408)
[201.991s][info][gc,heap     ] GC(438) Survivor regions: 3->1(51)
[201.991s][info][gc,heap     ] GC(438) Old regions: 59->59
[201.991s][info][gc,heap     ] GC(438) Humongous regions: 207->207
[201.991s][info][gc,metaspace] GC(438) Metaspace: 56603K(56896K)->56603K(56896K) NonClass: 50978K(51200K)->50978K(51200K) Class: 5625K(5696K)->5625K(5696K)
[201.991s][info][gc          ] GC(438) Pause Young (Mixed) (G1 Evacuation Pause) 671M->266M(713M) 11.058ms
[201.991s][info][gc,cpu      ] GC(438) User=0.02s Sys=0.00s Real=0.01s
[202.840s][info][gc,start    ] GC(439) Pause Young (Concurrent Start) (G1 Evacuation Pause)
[202.840s][info][gc,task     ] GC(439) Using 2 workers of 2 for evacuation
[202.845s][info][gc,phases   ] GC(439)   Pre Evacuate Collection Set: 0.32ms
[202.845s][info][gc,phases   ] GC(439)   Merge Heap Roots: 0.12ms
[202.845s][info][gc,phases   ] GC(439)   Evacuate Collection Set: 3.44ms
[202.845s][info][gc,phases   ] GC(439)   Post Evacuate Collection Set: 0.67ms
[202.845s][info][gc,phases   ] GC(439)   Other: 0.10ms
[202.845s][info][gc,heap     ] GC(439) Eden regions: 408->0(404)
[202.845s][info][gc,heap     ] GC(439) Survivor regions: 1->3(52)
[202.845s][info][gc,heap     ] GC(439) Old regions: 59->59
[202.845s][info][gc,heap     ] GC(439) Humongous regions: 207->207
[202.845s][info][gc,metaspace] GC(439) Metaspace: 56603K(56896K)->56603K(56896K) NonClass: 50978K(51200K)->50978K(51200K) Class: 5625K(5696K)->5625K(5696K)
[202.845s][info][gc          ] GC(439) Pause Young (Concurrent Start) (G1 Evacuation Pause) 674M->267M(713M) 4.835ms
[202.845s][info][gc,cpu      ] GC(439) User=0.01s Sys=0.00s Real=0.01s
[202.845s][info][gc          ] GC(440) Concurrent Mark Cycle
[202.845s][info][gc,marking  ] GC(440) Concurrent Scan Root Regions
[202.848s][info][gc,marking  ] GC(440) Concurrent Scan Root Regions 3.237ms
[202.848s][info][gc,marking  ] GC(440) Concurrent Mark
[202.848s][info][gc,marking  ] GC(440) Concurrent Mark From Roots
[202.848s][info][gc,task     ] GC(440) Using 1 workers of 1 for marking
[202.902s][info][gc,marking  ] GC(440) Concurrent Mark From Roots 54.030ms
[202.902s][info][gc,marking  ] GC(440) Concurrent Preclean
[202.902s][info][gc,marking  ] GC(440) Concurrent Preclean 0.090ms
[202.902s][info][gc,start    ] GC(440) Pause Remark
[202.911s][info][gc          ] GC(440) Pause Remark 305M->305M(713M) 8.592ms
[202.911s][info][gc,cpu      ] GC(440) User=0.02s Sys=0.00s Real=0.00s
[202.911s][info][gc,marking  ] GC(440) Concurrent Mark 63.052ms
[202.911s][info][gc,marking  ] GC(440) Concurrent Rebuild Remembered Sets and Scrub Regions
[202.927s][info][gc,marking  ] GC(440) Concurrent Rebuild Remembered Sets and Scrub Regions 16.144ms
[202.927s][info][gc,start    ] GC(440) Pause Cleanup
[202.927s][info][gc          ] GC(440) Pause Cleanup 305M->305M(713M) 0.048ms
[202.928s][info][gc,cpu      ] GC(440) User=0.00s Sys=0.00s Real=0.00s
[202.928s][info][gc,marking  ] GC(440) Concurrent Clear Claimed Marks
[202.928s][info][gc,marking  ] GC(440) Concurrent Clear Claimed Marks 0.077ms
[202.928s][info][gc,marking  ] GC(440) Concurrent Cleanup for Next Mark
[202.930s][info][gc,marking  ] GC(440) Concurrent Cleanup for Next Mark 2.067ms
[202.930s][info][gc          ] GC(440) Concurrent Mark Cycle 84.829ms
[203.646s][info][gc,start    ] GC(441) Pause Young (Prepare Mixed) (G1 Evacuation Pause)
[203.646s][info][gc,task     ] GC(441) Using 2 workers of 2 for evacuation
[203.651s][info][gc,phases   ] GC(441)   Pre Evacuate Collection Set: 0.29ms
[203.651s][info][gc,phases   ] GC(441)   Merge Heap Roots: 0.13ms
[203.651s][info][gc,phases   ] GC(441)   Evacuate Collection Set: 3.32ms
[203.651s][info][gc,phases   ] GC(441)   Post Evacuate Collection Set: 0.68ms
[203.651s][info][gc,phases   ] GC(441)   Other: 0.08ms
[203.651s][info][gc,heap     ] GC(441) Eden regions: 404->0(406)
[203.651s][info][gc,heap     ] GC(441) Survivor regions: 3->2(51)
[203.651s][info][gc,heap     ] GC(441) Old regions: 59->59
[203.651s][info][gc,heap     ] GC(441) Humongous regions: 207->207
[203.651s][info][gc,metaspace] GC(441) Metaspace: 56603K(56896K)->56603K(56896K) NonClass: 50978K(51200K)->50978K(51200K) Class: 5625K(5696K)->5625K(5696K)
[203.651s][info][gc          ] GC(441) Pause Young (Prepare Mixed) (G1 Evacuation Pause) 671M->267M(713M) 4.665ms
[203.651s][info][gc,cpu      ] GC(441) User=0.01s Sys=0.00s Real=0.00s
[204.446s][info][gc,start    ] GC(442) Pause Young (Mixed) (G1 Evacuation Pause)
[204.446s][info][gc,task     ] GC(442) Using 2 workers of 2 for evacuation
[204.458s][info][gc,phases   ] GC(442)   Pre Evacuate Collection Set: 0.29ms
[204.458s][info][gc,phases   ] GC(442)   Merge Heap Roots: 0.14ms
[204.458s][info][gc,phases   ] GC(442)   Evacuate Collection Set: 9.90ms
[204.458s][info][gc,phases   ] GC(442)   Post Evacuate Collection Set: 1.60ms
[204.458s][info][gc,phases   ] GC(442)   Other: 0.08ms
[204.458s][info][gc,heap     ] GC(442) Eden regions: 406->0(404)
[204.458s][info][gc,heap     ] GC(442) Survivor regions: 2->3(51)
[204.458s][info][gc,heap     ] GC(442) Old regions: 59->59
[204.458s][info][gc,heap     ] GC(442) Humongous regions: 207->207
[204.458s][info][gc,metaspace] GC(442) Metaspace: 56603K(56896K)->56603K(56896K) NonClass: 50978K(51200K)->50978K(51200K) Class: 5625K(5696K)->5625K(5696K)
[204.458s][info][gc          ] GC(442) Pause Young (Mixed) (G1 Evacuation Pause) 673M->267M(713M) 12.195ms
[204.458s][info][gc,cpu      ] GC(442) User=0.02s Sys=0.00s Real=0.01s
[205.250s][info][gc,start    ] GC(443) Pause Young (Concurrent Start) (G1 Evacuation Pause)
[205.250s][info][gc,task     ] GC(443) Using 2 workers of 2 for evacuation
[205.256s][info][gc,phases   ] GC(443)   Pre Evacuate Collection Set: 0.29ms
[205.256s][info][gc,phases   ] GC(443)   Merge Heap Roots: 0.13ms
[205.256s][info][gc,phases   ] GC(443)   Evacuate Collection Set: 4.69ms
[205.256s][info][gc,phases   ] GC(443)   Post Evacuate Collection Set: 0.67ms
[205.256s][info][gc,phases   ] GC(443)   Other: 0.11ms
[205.256s][info][gc,heap     ] GC(443) Eden regions: 404->0(404)
[205.256s][info][gc,heap     ] GC(443) Survivor regions: 3->3(51)
[205.256s][info][gc,heap     ] GC(443) Old regions: 59->59
[205.256s][info][gc,heap     ] GC(443) Humongous regions: 207->207
[205.256s][info][gc,metaspace] GC(443) Metaspace: 56603K(56896K)->56603K(56896K) NonClass: 50978K(51200K)->50978K(51200K) Class: 5625K(5696K)->5625K(5696K)
[205.256s][info][gc          ] GC(443) Pause Young (Concurrent Start) (G1 Evacuation Pause) 671M->267M(713M) 6.049ms
[205.256s][info][gc,cpu      ] GC(443) User=0.01s Sys=0.00s Real=0.01s
[205.256s][info][gc          ] GC(444) Concurrent Mark Cycle
[205.257s][info][gc,marking  ] GC(444) Concurrent Scan Root Regions
[205.266s][info][gc,marking  ] GC(444) Concurrent Scan Root Regions 9.284ms
[205.266s][info][gc,marking  ] GC(444) Concurrent Mark
[205.266s][info][gc,marking  ] GC(444) Concurrent Mark From Roots
[205.266s][info][gc,task     ] GC(444) Using 1 workers of 1 for marking
[205.307s][info][gc,marking  ] GC(444) Concurrent Mark From Roots 40.961ms
[205.307s][info][gc,marking  ] GC(444) Concurrent Preclean
[205.307s][info][gc,marking  ] GC(444) Concurrent Preclean 0.075ms
[205.307s][info][gc,start    ] GC(444) Pause Remark
[205.316s][info][gc          ] GC(444) Pause Remark 289M->289M(713M) 8.731ms
[205.316s][info][gc,cpu      ] GC(444) User=0.02s Sys=0.00s Real=0.01s
[205.316s][info][gc,marking  ] GC(444) Concurrent Mark 49.972ms
[205.316s][info][gc,marking  ] GC(444) Concurrent Rebuild Remembered Sets and Scrub Regions
[205.334s][info][gc,marking  ] GC(444) Concurrent Rebuild Remembered Sets and Scrub Regions 18.174ms
[205.334s][info][gc,start    ] GC(444) Pause Cleanup
[205.334s][info][gc          ] GC(444) Pause Cleanup 292M->292M(713M) 0.062ms
[205.334s][info][gc,cpu      ] GC(444) User=0.00s Sys=0.00s Real=0.00s
[205.335s][info][gc,marking  ] GC(444) Concurrent Clear Claimed Marks
[205.335s][info][gc,marking  ] GC(444) Concurrent Clear Claimed Marks 0.080ms
[205.335s][info][gc,marking  ] GC(444) Concurrent Cleanup for Next Mark
[205.339s][info][gc,marking  ] GC(444) Concurrent Cleanup for Next Mark 4.520ms
[205.339s][info][gc          ] GC(444) Concurrent Mark Cycle 82.695ms
[206.069s][info][gc,start    ] GC(445) Pause Young (Prepare Mixed) (G1 Evacuation Pause)
[206.069s][info][gc,task     ] GC(445) Using 2 workers of 2 for evacuation
[206.073s][info][gc,phases   ] GC(445)   Pre Evacuate Collection Set: 0.31ms
[206.073s][info][gc,phases   ] GC(445)   Merge Heap Roots: 0.14ms
[206.073s][info][gc,phases   ] GC(445)   Evacuate Collection Set: 2.53ms
[206.073s][info][gc,phases   ] GC(445)   Post Evacuate Collection Set: 0.66ms
[206.073s][info][gc,phases   ] GC(445)   Other: 0.10ms
[206.073s][info][gc,heap     ] GC(445) Eden regions: 404->0(406)
[206.073s][info][gc,heap     ] GC(445) Survivor regions: 3->2(51)
[206.073s][info][gc,heap     ] GC(445) Old regions: 59->59
[206.073s][info][gc,heap     ] GC(445) Humongous regions: 207->207
[206.073s][info][gc,metaspace] GC(445) Metaspace: 56603K(56896K)->56603K(56896K) NonClass: 50978K(51200K)->50978K(51200K) Class: 5625K(5696K)->5625K(5696K)
[206.073s][info][gc          ] GC(445) Pause Young (Prepare Mixed) (G1 Evacuation Pause) 671M->266M(713M) 3.900ms
[206.073s][info][gc,cpu      ] GC(445) User=0.01s Sys=0.00s Real=0.01s
[206.872s][info][gc,start    ] GC(446) Pause Young (Mixed) (G1 Evacuation Pause)
[206.872s][info][gc,task     ] GC(446) Using 2 workers of 2 for evacuation
[206.883s][info][gc,phases   ] GC(446)   Pre Evacuate Collection Set: 0.30ms
[206.883s][info][gc,phases   ] GC(446)   Merge Heap Roots: 0.15ms
[206.883s][info][gc,phases   ] GC(446)   Evacuate Collection Set: 8.62ms
[206.883s][info][gc,phases   ] GC(446)   Post Evacuate Collection Set: 1.62ms
[206.883s][info][gc,phases   ] GC(446)   Other: 0.08ms
[206.883s][info][gc,heap     ] GC(446) Eden regions: 406->0(406)
[206.883s][info][gc,heap     ] GC(446) Survivor regions: 2->2(51)
[206.883s][info][gc,heap     ] GC(446) Old regions: 59->59
[206.883s][info][gc,heap     ] GC(446) Humongous regions: 207->207
[206.883s][info][gc,metaspace] GC(446) Metaspace: 56603K(56896K)->56603K(56896K) NonClass: 50978K(51200K)->50978K(51200K) Class: 5625K(5696K)->5625K(5696K)
[206.883s][info][gc          ] GC(446) Pause Young (Mixed) (G1 Evacuation Pause) 672M->266M(713M) 10.933ms
[206.883s][info][gc,cpu      ] GC(446) User=0.02s Sys=0.00s Real=0.01s
[207.732s][info][gc,start    ] GC(447) Pause Young (Concurrent Start) (G1 Evacuation Pause)
[207.732s][info][gc,task     ] GC(447) Using 2 workers of 2 for evacuation
[207.736s][info][gc,phases   ] GC(447)   Pre Evacuate Collection Set: 0.30ms
[207.736s][info][gc,phases   ] GC(447)   Merge Heap Roots: 0.12ms
[207.736s][info][gc,phases   ] GC(447)   Evacuate Collection Set: 2.58ms
[207.736s][info][gc,phases   ] GC(447)   Post Evacuate Collection Set: 0.68ms
[207.736s][info][gc,phases   ] GC(447)   Other: 0.10ms
[207.736s][info][gc,heap     ] GC(447) Eden regions: 406->0(406)
[207.736s][info][gc,heap     ] GC(447) Survivor regions: 2->2(51)
[207.736s][info][gc,heap     ] GC(447) Old regions: 59->59
[207.736s][info][gc,heap     ] GC(447) Humongous regions: 207->207
[207.736s][info][gc,metaspace] GC(447) Metaspace: 56603K(56896K)->56603K(56896K) NonClass: 50978K(51200K)->50978K(51200K) Class: 5625K(5696K)->5625K(5696K)
[207.736s][info][gc          ] GC(447) Pause Young (Concurrent Start) (G1 Evacuation Pause) 672M->266M(713M) 3.958ms
[207.736s][info][gc          ] GC(448) Concurrent Mark Cycle
[207.736s][info][gc,marking  ] GC(448) Concurrent Scan Root Regions
[207.738s][info][gc,cpu      ] GC(447) User=0.01s Sys=0.00s Real=0.00s
[207.738s][info][gc,marking  ] GC(448) Concurrent Scan Root Regions 1.731ms
[207.738s][info][gc,marking  ] GC(448) Concurrent Mark
[207.738s][info][gc,marking  ] GC(448) Concurrent Mark From Roots
[207.738s][info][gc,task     ] GC(448) Using 1 workers of 1 for marking
[207.812s][info][gc,marking  ] GC(448) Concurrent Mark From Roots 74.274ms
[207.812s][info][gc,marking  ] GC(448) Concurrent Preclean
[207.812s][info][gc,marking  ] GC(448) Concurrent Preclean 0.083ms
[207.813s][info][gc,start    ] GC(448) Pause Remark
[207.842s][info][gc          ] GC(448) Pause Remark 311M->311M(713M) 29.228ms
[207.842s][info][gc,cpu      ] GC(448) User=0.01s Sys=0.00s Real=0.03s
[207.843s][info][gc,marking  ] GC(448) Concurrent Mark 104.553ms
[207.843s][info][gc,marking  ] GC(448) Concurrent Rebuild Remembered Sets and Scrub Regions
[207.875s][info][gc,marking  ] GC(448) Concurrent Rebuild Remembered Sets and Scrub Regions 32.314ms
[207.875s][info][gc,start    ] GC(448) Pause Cleanup
[207.875s][info][gc          ] GC(448) Pause Cleanup 314M->314M(713M) 0.092ms
[207.875s][info][gc,cpu      ] GC(448) User=0.00s Sys=0.00s Real=0.00s
[207.876s][info][gc,marking  ] GC(448) Concurrent Clear Claimed Marks
[207.877s][info][gc,marking  ] GC(448) Concurrent Clear Claimed Marks 0.108ms
[207.877s][info][gc,marking  ] GC(448) Concurrent Cleanup for Next Mark
[207.882s][info][gc,marking  ] GC(448) Concurrent Cleanup for Next Mark 5.459ms
[207.884s][info][gc          ] GC(448) Concurrent Mark Cycle 147.766ms
[208.642s][info][gc,start    ] GC(449) Pause Young (Prepare Mixed) (G1 Evacuation Pause)
[208.642s][info][gc,task     ] GC(449) Using 2 workers of 2 for evacuation
[208.647s][info][gc,phases   ] GC(449)   Pre Evacuate Collection Set: 0.49ms
[208.647s][info][gc,phases   ] GC(449)   Merge Heap Roots: 0.17ms
[208.647s][info][gc,phases   ] GC(449)   Evacuate Collection Set: 4.32ms
[208.647s][info][gc,phases   ] GC(449)   Post Evacuate Collection Set: 0.70ms
[208.647s][info][gc,phases   ] GC(449)   Other: 0.09ms
[208.647s][info][gc,heap     ] GC(449) Eden regions: 406->0(406)
[208.647s][info][gc,heap     ] GC(449) Survivor regions: 2->2(51)
[208.647s][info][gc,heap     ] GC(449) Old regions: 59->59
[208.647s][info][gc,heap     ] GC(449) Humongous regions: 207->207
[208.647s][info][gc,metaspace] GC(449) Metaspace: 56603K(56896K)->56603K(56896K) NonClass: 50978K(51200K)->50978K(51200K) Class: 5625K(5696K)->5625K(5696K)
[208.648s][info][gc          ] GC(449) Pause Young (Prepare Mixed) (G1 Evacuation Pause) 672M->266M(713M) 5.939ms
[208.648s][info][gc,cpu      ] GC(449) User=0.01s Sys=0.00s Real=0.01s
[209.448s][info][gc,start    ] GC(450) Pause Young (Mixed) (G1 Evacuation Pause)
[209.448s][info][gc,task     ] GC(450) Using 2 workers of 2 for evacuation
[209.456s][info][gc,phases   ] GC(450)   Pre Evacuate Collection Set: 0.28ms
[209.456s][info][gc,phases   ] GC(450)   Merge Heap Roots: 0.15ms
[209.456s][info][gc,phases   ] GC(450)   Evacuate Collection Set: 6.55ms
[209.456s][info][gc,phases   ] GC(450)   Post Evacuate Collection Set: 0.75ms
[209.456s][info][gc,phases   ] GC(450)   Other: 0.08ms
[209.456s][info][gc,heap     ] GC(450) Eden regions: 406->0(404)
[209.456s][info][gc,heap     ] GC(450) Survivor regions: 2->3(51)
[209.456s][info][gc,heap     ] GC(450) Old regions: 59->59
[209.456s][info][gc,heap     ] GC(450) Humongous regions: 207->207
[209.456s][info][gc,metaspace] GC(450) Metaspace: 56603K(56896K)->56603K(56896K) NonClass: 50978K(51200K)->50978K(51200K) Class: 5625K(5696K)->5625K(5696K)
[209.456s][info][gc          ] GC(450) Pause Young (Mixed) (G1 Evacuation Pause) 672M->267M(713M) 7.976ms
[209.456s][info][gc,cpu      ] GC(450) User=0.01s Sys=0.00s Real=0.01s
[210.323s][info][gc,start    ] GC(451) Pause Young (Concurrent Start) (G1 Evacuation Pause)
[210.323s][info][gc,task     ] GC(451) Using 2 workers of 2 for evacuation
[210.328s][info][gc,phases   ] GC(451)   Pre Evacuate Collection Set: 0.30ms
[210.328s][info][gc,phases   ] GC(451)   Merge Heap Roots: 0.11ms
[210.328s][info][gc,phases   ] GC(451)   Evacuate Collection Set: 4.38ms
[210.328s][info][gc,phases   ] GC(451)   Post Evacuate Collection Set: 0.66ms
[210.328s][info][gc,phases   ] GC(451)   Other: 0.09ms
[210.328s][info][gc,heap     ] GC(451) Eden regions: 404->0(404)
[210.328s][info][gc,heap     ] GC(451) Survivor regions: 3->3(51)
[210.328s][info][gc,heap     ] GC(451) Old regions: 59->59
[210.328s][info][gc,heap     ] GC(451) Humongous regions: 207->207
[210.328s][info][gc,metaspace] GC(451) Metaspace: 56603K(56896K)->56603K(56896K) NonClass: 50978K(51200K)->50978K(51200K) Class: 5625K(5696K)->5625K(5696K)
[210.328s][info][gc          ] GC(451) Pause Young (Concurrent Start) (G1 Evacuation Pause) 671M->268M(713M) 5.724ms
[210.328s][info][gc,cpu      ] GC(451) User=0.01s Sys=0.00s Real=0.00s
[210.328s][info][gc          ] GC(452) Concurrent Mark Cycle
[210.329s][info][gc,marking  ] GC(452) Concurrent Scan Root Regions
[210.335s][info][gc,marking  ] GC(452) Concurrent Scan Root Regions 6.178ms
[210.335s][info][gc,marking  ] GC(452) Concurrent Mark
[210.335s][info][gc,marking  ] GC(452) Concurrent Mark From Roots
[210.335s][info][gc,task     ] GC(452) Using 1 workers of 1 for marking
[210.412s][info][gc,marking  ] GC(452) Concurrent Mark From Roots 77.049ms
[210.412s][info][gc,marking  ] GC(452) Concurrent Preclean
[210.412s][info][gc,marking  ] GC(452) Concurrent Preclean 0.083ms
[210.412s][info][gc,start    ] GC(452) Pause Remark
[210.421s][info][gc          ] GC(452) Pause Remark 332M->332M(713M) 8.703ms
[210.421s][info][gc,cpu      ] GC(452) User=0.02s Sys=0.00s Real=0.00s
[210.421s][info][gc,marking  ] GC(452) Concurrent Mark 86.152ms
[210.421s][info][gc,marking  ] GC(452) Concurrent Rebuild Remembered Sets and Scrub Regions
[210.437s][info][gc,marking  ] GC(452) Concurrent Rebuild Remembered Sets and Scrub Regions 16.453ms
[210.437s][info][gc,start    ] GC(452) Pause Cleanup
[210.437s][info][gc          ] GC(452) Pause Cleanup 338M->338M(713M) 0.070ms
[210.438s][info][gc,cpu      ] GC(452) User=0.00s Sys=0.00s Real=0.00s
[210.438s][info][gc,marking  ] GC(452) Concurrent Clear Claimed Marks
[210.438s][info][gc,marking  ] GC(452) Concurrent Clear Claimed Marks 0.083ms
[210.438s][info][gc,marking  ] GC(452) Concurrent Cleanup for Next Mark
[210.440s][info][gc,marking  ] GC(452) Concurrent Cleanup for Next Mark 2.099ms
[210.440s][info][gc          ] GC(452) Concurrent Mark Cycle 111.281ms
[211.048s][info][gc,start    ] GC(453) Pause Young (Prepare Mixed) (G1 Evacuation Pause)
[211.049s][info][gc,task     ] GC(453) Using 2 workers of 2 for evacuation
[211.054s][info][gc,phases   ] GC(453)   Pre Evacuate Collection Set: 0.28ms
[211.054s][info][gc,phases   ] GC(453)   Merge Heap Roots: 0.14ms
[211.054s][info][gc,phases   ] GC(453)   Evacuate Collection Set: 4.36ms
[211.054s][info][gc,phases   ] GC(453)   Post Evacuate Collection Set: 0.67ms
[211.054s][info][gc,phases   ] GC(453)   Other: 0.10ms
[211.054s][info][gc,heap     ] GC(453) Eden regions: 404->0(404)
[211.054s][info][gc,heap     ] GC(453) Survivor regions: 3->3(51)
[211.054s][info][gc,heap     ] GC(453) Old regions: 59->59
[211.054s][info][gc,heap     ] GC(453) Humongous regions: 207->207
[211.054s][info][gc,metaspace] GC(453) Metaspace: 56603K(56896K)->56603K(56896K) NonClass: 50978K(51200K)->50978K(51200K) Class: 5625K(5696K)->5625K(5696K)
[211.054s][info][gc          ] GC(453) Pause Young (Prepare Mixed) (G1 Evacuation Pause) 672M->267M(713M) 5.720ms
[211.054s][info][gc,cpu      ] GC(453) User=0.01s Sys=0.00s Real=0.01s
[211.856s][info][gc,start    ] GC(454) Pause Young (Mixed) (G1 Evacuation Pause)
[211.856s][info][gc,task     ] GC(454) Using 2 workers of 2 for evacuation
[211.864s][info][gc,phases   ] GC(454)   Pre Evacuate Collection Set: 0.29ms
[211.864s][info][gc,phases   ] GC(454)   Merge Heap Roots: 0.16ms
[211.864s][info][gc,phases   ] GC(454)   Evacuate Collection Set: 6.96ms
[211.864s][info][gc,phases   ] GC(454)   Post Evacuate Collection Set: 0.75ms
[211.864s][info][gc,phases   ] GC(454)   Other: 0.08ms
[211.864s][info][gc,heap     ] GC(454) Eden regions: 404->0(404)
[211.864s][info][gc,heap     ] GC(454) Survivor regions: 3->3(51)
[211.864s][info][gc,heap     ] GC(454) Old regions: 59->59
[211.864s][info][gc,heap     ] GC(454) Humongous regions: 207->207
[211.864s][info][gc,metaspace] GC(454) Metaspace: 56603K(56896K)->56603K(56896K) NonClass: 50978K(51200K)->50978K(51200K) Class: 5625K(5696K)->5625K(5696K)
[211.864s][info][gc          ] GC(454) Pause Young (Mixed) (G1 Evacuation Pause) 671M->268M(713M) 8.434ms
[211.864s][info][gc,cpu      ] GC(454) User=0.01s Sys=0.01s Real=0.01s
[212.666s][info][gc,start    ] GC(455) Pause Young (Concurrent Start) (G1 Evacuation Pause)
[212.666s][info][gc,task     ] GC(455) Using 2 workers of 2 for evacuation
[212.675s][info][gc,phases   ] GC(455)   Pre Evacuate Collection Set: 0.30ms
[212.675s][info][gc,phases   ] GC(455)   Merge Heap Roots: 0.13ms
[212.675s][info][gc,phases   ] GC(455)   Evacuate Collection Set: 7.77ms
[212.675s][info][gc,phases   ] GC(455)   Post Evacuate Collection Set: 0.65ms
[212.675s][info][gc,phases   ] GC(455)   Other: 0.12ms
[212.675s][info][gc,heap     ] GC(455) Eden regions: 404->0(404)
[212.675s][info][gc,heap     ] GC(455) Survivor regions: 3->3(51)
[212.675s][info][gc,heap     ] GC(455) Old regions: 59->59
[212.675s][info][gc,heap     ] GC(455) Humongous regions: 207->207
[212.675s][info][gc,metaspace] GC(455) Metaspace: 56603K(56896K)->56603K(56896K) NonClass: 50978K(51200K)->50978K(51200K) Class: 5625K(5696K)->5625K(5696K)
[212.675s][info][gc          ] GC(455) Pause Young (Concurrent Start) (G1 Evacuation Pause) 672M->268M(713M) 9.130ms
[212.675s][info][gc,cpu      ] GC(455) User=0.01s Sys=0.00s Real=0.01s
[212.675s][info][gc          ] GC(456) Concurrent Mark Cycle
[212.675s][info][gc,marking  ] GC(456) Concurrent Scan Root Regions
[212.684s][info][gc,marking  ] GC(456) Concurrent Scan Root Regions 8.760ms
[212.684s][info][gc,marking  ] GC(456) Concurrent Mark
[212.684s][info][gc,marking  ] GC(456) Concurrent Mark From Roots
[212.684s][info][gc,task     ] GC(456) Using 1 workers of 1 for marking
[212.741s][info][gc,marking  ] GC(456) Concurrent Mark From Roots 56.754ms
[212.741s][info][gc,marking  ] GC(456) Concurrent Preclean
[212.741s][info][gc,marking  ] GC(456) Concurrent Preclean 0.157ms
[212.741s][info][gc,start    ] GC(456) Pause Remark
[212.750s][info][gc          ] GC(456) Pause Remark 293M->293M(713M) 8.679ms
[212.750s][info][gc,cpu      ] GC(456) User=0.02s Sys=0.00s Real=0.01s
[212.750s][info][gc,marking  ] GC(456) Concurrent Mark 65.969ms
[212.750s][info][gc,marking  ] GC(456) Concurrent Rebuild Remembered Sets and Scrub Regions
[212.780s][info][gc,marking  ] GC(456) Concurrent Rebuild Remembered Sets and Scrub Regions 29.756ms
[212.780s][info][gc,start    ] GC(456) Pause Cleanup
[212.780s][info][gc          ] GC(456) Pause Cleanup 319M->319M(713M) 0.093ms
[212.780s][info][gc,cpu      ] GC(456) User=0.00s Sys=0.00s Real=0.00s
[212.780s][info][gc,marking  ] GC(456) Concurrent Clear Claimed Marks
[212.781s][info][gc,marking  ] GC(456) Concurrent Clear Claimed Marks 0.102ms
[212.781s][info][gc,marking  ] GC(456) Concurrent Cleanup for Next Mark
[212.785s][info][gc,marking  ] GC(456) Concurrent Cleanup for Next Mark 4.807ms
[212.785s][info][gc          ] GC(456) Concurrent Mark Cycle 110.265ms
[213.465s][info][gc,start    ] GC(457) Pause Young (Prepare Mixed) (G1 Evacuation Pause)
[213.465s][info][gc,task     ] GC(457) Using 2 workers of 2 for evacuation
[213.470s][info][gc,phases   ] GC(457)   Pre Evacuate Collection Set: 0.29ms
[213.470s][info][gc,phases   ] GC(457)   Merge Heap Roots: 0.14ms
[213.470s][info][gc,phases   ] GC(457)   Evacuate Collection Set: 4.13ms
[213.470s][info][gc,phases   ] GC(457)   Post Evacuate Collection Set: 0.71ms
[213.470s][info][gc,phases   ] GC(457)   Other: 0.09ms
[213.470s][info][gc,heap     ] GC(457) Eden regions: 404->0(404)
[213.470s][info][gc,heap     ] GC(457) Survivor regions: 3->3(51)
[213.470s][info][gc,heap     ] GC(457) Old regions: 59->59
[213.470s][info][gc,heap     ] GC(457) Humongous regions: 207->207
[213.470s][info][gc,metaspace] GC(457) Metaspace: 56603K(56896K)->56603K(56896K) NonClass: 50978K(51200K)->50978K(51200K) Class: 5625K(5696K)->5625K(5696K)
[213.470s][info][gc          ] GC(457) Pause Young (Prepare Mixed) (G1 Evacuation Pause) 672M->268M(713M) 5.522ms
[213.470s][info][gc,cpu      ] GC(457) User=0.01s Sys=0.00s Real=0.00s
[214.270s][info][gc,start    ] GC(458) Pause Young (Mixed) (G1 Evacuation Pause)
[214.270s][info][gc,task     ] GC(458) Using 2 workers of 2 for evacuation
[214.277s][info][gc,phases   ] GC(458)   Pre Evacuate Collection Set: 0.29ms
[214.277s][info][gc,phases   ] GC(458)   Merge Heap Roots: 0.15ms
[214.277s][info][gc,phases   ] GC(458)   Evacuate Collection Set: 5.49ms
[214.277s][info][gc,phases   ] GC(458)   Post Evacuate Collection Set: 0.69ms
[214.277s][info][gc,phases   ] GC(458)   Other: 0.08ms
[214.277s][info][gc,heap     ] GC(458) Eden regions: 404->0(406)
[214.277s][info][gc,heap     ] GC(458) Survivor regions: 3->2(51)
[214.277s][info][gc,heap     ] GC(458) Old regions: 59->59
[214.277s][info][gc,heap     ] GC(458) Humongous regions: 207->207
[214.277s][info][gc,metaspace] GC(458) Metaspace: 56603K(56896K)->56603K(56896K) NonClass: 50978K(51200K)->50978K(51200K) Class: 5625K(5696K)->5625K(5696K)
[214.277s][info][gc          ] GC(458) Pause Young (Mixed) (G1 Evacuation Pause) 672M->267M(713M) 6.878ms
[214.277s][info][gc,cpu      ] GC(458) User=0.01s Sys=0.00s Real=0.01s
[215.132s][info][gc,start    ] GC(459) Pause Young (Concurrent Start) (G1 Evacuation Pause)
[215.132s][info][gc,task     ] GC(459) Using 2 workers of 2 for evacuation
[215.136s][info][gc,phases   ] GC(459)   Pre Evacuate Collection Set: 0.28ms
[215.136s][info][gc,phases   ] GC(459)   Merge Heap Roots: 0.12ms
[215.136s][info][gc,phases   ] GC(459)   Evacuate Collection Set: 2.24ms
[215.136s][info][gc,phases   ] GC(459)   Post Evacuate Collection Set: 0.66ms
[215.136s][info][gc,phases   ] GC(459)   Other: 0.11ms
[215.136s][info][gc,heap     ] GC(459) Eden regions: 406->0(408)
[215.136s][info][gc,heap     ] GC(459) Survivor regions: 2->1(51)
[215.136s][info][gc,heap     ] GC(459) Old regions: 59->59
[215.136s][info][gc,heap     ] GC(459) Humongous regions: 207->207
[215.136s][info][gc,metaspace] GC(459) Metaspace: 56603K(56896K)->56603K(56896K) NonClass: 50978K(51200K)->50978K(51200K) Class: 5625K(5696K)->5625K(5696K)
[215.136s][info][gc          ] GC(459) Pause Young (Concurrent Start) (G1 Evacuation Pause) 673M->265M(713M) 3.606ms
[215.136s][info][gc          ] GC(460) Concurrent Mark Cycle
[215.136s][info][gc,marking  ] GC(460) Concurrent Scan Root Regions
[215.137s][info][gc,cpu      ] GC(459) User=0.01s Sys=0.00s Real=0.00s
[215.138s][info][gc,marking  ] GC(460) Concurrent Scan Root Regions 1.494ms
[215.138s][info][gc,marking  ] GC(460) Concurrent Mark
[215.138s][info][gc,marking  ] GC(460) Concurrent Mark From Roots
[215.138s][info][gc,task     ] GC(460) Using 1 workers of 1 for marking
[215.204s][info][gc,marking  ] GC(460) Concurrent Mark From Roots 66.755ms
[215.204s][info][gc,marking  ] GC(460) Concurrent Preclean
[215.204s][info][gc,marking  ] GC(460) Concurrent Preclean 0.089ms
[215.205s][info][gc,start    ] GC(460) Pause Remark
[215.213s][info][gc          ] GC(460) Pause Remark 313M->313M(713M) 8.912ms
[215.214s][info][gc,cpu      ] GC(460) User=0.02s Sys=0.00s Real=0.01s
[215.214s][info][gc,marking  ] GC(460) Concurrent Mark 76.068ms
[215.214s][info][gc,marking  ] GC(460) Concurrent Rebuild Remembered Sets and Scrub Regions
[215.230s][info][gc,marking  ] GC(460) Concurrent Rebuild Remembered Sets and Scrub Regions 16.551ms
[215.230s][info][gc,start    ] GC(460) Pause Cleanup
[215.230s][info][gc          ] GC(460) Pause Cleanup 314M->314M(713M) 0.068ms
[215.230s][info][gc,cpu      ] GC(460) User=0.00s Sys=0.00s Real=0.00s
[215.230s][info][gc,marking  ] GC(460) Concurrent Clear Claimed Marks
[215.230s][info][gc,marking  ] GC(460) Concurrent Clear Claimed Marks 0.080ms
[215.231s][info][gc,marking  ] GC(460) Concurrent Cleanup for Next Mark
[215.233s][info][gc,marking  ] GC(460) Concurrent Cleanup for Next Mark 2.153ms
[215.233s][info][gc          ] GC(460) Concurrent Mark Cycle 96.685ms
[215.940s][info][gc,start    ] GC(461) Pause Young (Prepare Mixed) (G1 Evacuation Pause)
[215.940s][info][gc,task     ] GC(461) Using 2 workers of 2 for evacuation
[215.944s][info][gc,phases   ] GC(461)   Pre Evacuate Collection Set: 0.28ms
[215.945s][info][gc,phases   ] GC(461)   Merge Heap Roots: 0.14ms
[215.945s][info][gc,phases   ] GC(461)   Evacuate Collection Set: 3.19ms
[215.945s][info][gc,phases   ] GC(461)   Post Evacuate Collection Set: 0.68ms
[215.945s][info][gc,phases   ] GC(461)   Other: 0.08ms
[215.945s][info][gc,heap     ] GC(461) Eden regions: 408->0(406)
[215.945s][info][gc,heap     ] GC(461) Survivor regions: 1->2(52)
[215.945s][info][gc,heap     ] GC(461) Old regions: 59->59
[215.945s][info][gc,heap     ] GC(461) Humongous regions: 207->207
[215.945s][info][gc,metaspace] GC(461) Metaspace: 56603K(56896K)->56603K(56896K) NonClass: 50978K(51200K)->50978K(51200K) Class: 5625K(5696K)->5625K(5696K)
[215.945s][info][gc          ] GC(461) Pause Young (Prepare Mixed) (G1 Evacuation Pause) 673M->266M(713M) 4.528ms
[215.945s][info][gc,cpu      ] GC(461) User=0.01s Sys=0.00s Real=0.01s
[216.744s][info][gc,start    ] GC(462) Pause Young (Mixed) (G1 Evacuation Pause)
[216.744s][info][gc,task     ] GC(462) Using 2 workers of 2 for evacuation
[216.751s][info][gc,phases   ] GC(462)   Pre Evacuate Collection Set: 0.32ms
[216.751s][info][gc,phases   ] GC(462)   Merge Heap Roots: 0.17ms
[216.751s][info][gc,phases   ] GC(462)   Evacuate Collection Set: 6.04ms
[216.751s][info][gc,phases   ] GC(462)   Post Evacuate Collection Set: 0.77ms
[216.751s][info][gc,phases   ] GC(462)   Other: 0.11ms
[216.751s][info][gc,heap     ] GC(462) Eden regions: 406->0(406)
[216.751s][info][gc,heap     ] GC(462) Survivor regions: 2->2(51)
[216.751s][info][gc,heap     ] GC(462) Old regions: 59->59
[216.751s][info][gc,heap     ] GC(462) Humongous regions: 207->207
[216.751s][info][gc,metaspace] GC(462) Metaspace: 56603K(56896K)->56603K(56896K) NonClass: 50978K(51200K)->50978K(51200K) Class: 5625K(5696K)->5625K(5696K)
[216.751s][info][gc          ] GC(462) Pause Young (Mixed) (G1 Evacuation Pause) 672M->266M(713M) 7.628ms
[216.751s][info][gc,cpu      ] GC(462) User=0.01s Sys=0.00s Real=0.00s
[217.552s][info][gc,start    ] GC(463) Pause Young (Concurrent Start) (G1 Evacuation Pause)
[217.552s][info][gc,task     ] GC(463) Using 2 workers of 2 for evacuation
[217.557s][info][gc,phases   ] GC(463)   Pre Evacuate Collection Set: 0.32ms
[217.557s][info][gc,phases   ] GC(463)   Merge Heap Roots: 0.13ms
[217.557s][info][gc,phases   ] GC(463)   Evacuate Collection Set: 3.92ms
[217.557s][info][gc,phases   ] GC(463)   Post Evacuate Collection Set: 0.68ms
[217.557s][info][gc,phases   ] GC(463)   Other: 0.10ms
[217.557s][info][gc,heap     ] GC(463) Eden regions: 406->0(406)
[217.557s][info][gc,heap     ] GC(463) Survivor regions: 2->2(51)
[217.557s][info][gc,heap     ] GC(463) Old regions: 59->59
[217.557s][info][gc,heap     ] GC(463) Humongous regions: 207->207
[217.557s][info][gc,metaspace] GC(463) Metaspace: 56603K(56896K)->56603K(56896K) NonClass: 50978K(51200K)->50978K(51200K) Class: 5625K(5696K)->5625K(5696K)
[217.557s][info][gc          ] GC(463) Pause Young (Concurrent Start) (G1 Evacuation Pause) 672M->267M(713M) 5.325ms
[217.557s][info][gc,cpu      ] GC(463) User=0.00s Sys=0.00s Real=0.01s
[217.557s][info][gc          ] GC(464) Concurrent Mark Cycle
[217.557s][info][gc,marking  ] GC(464) Concurrent Scan Root Regions
[217.564s][info][gc,marking  ] GC(464) Concurrent Scan Root Regions 6.690ms
[217.564s][info][gc,marking  ] GC(464) Concurrent Mark
[217.564s][info][gc,marking  ] GC(464) Concurrent Mark From Roots
[217.564s][info][gc,task     ] GC(464) Using 1 workers of 1 for marking
[217.617s][info][gc,marking  ] GC(464) Concurrent Mark From Roots 53.182ms
[217.617s][info][gc,marking  ] GC(464) Concurrent Preclean
[217.617s][info][gc,marking  ] GC(464) Concurrent Preclean 0.102ms
[217.617s][info][gc,start    ] GC(464) Pause Remark
[217.627s][info][gc          ] GC(464) Pause Remark 296M->296M(713M) 9.602ms
[217.627s][info][gc,cpu      ] GC(464) User=0.02s Sys=0.00s Real=0.01s
[217.627s][info][gc,marking  ] GC(464) Concurrent Mark 63.539ms
[217.627s][info][gc,marking  ] GC(464) Concurrent Rebuild Remembered Sets and Scrub Regions
[217.645s][info][gc,marking  ] GC(464) Concurrent Rebuild Remembered Sets and Scrub Regions 17.957ms
[217.645s][info][gc,start    ] GC(464) Pause Cleanup
[217.646s][info][gc          ] GC(464) Pause Cleanup 309M->309M(713M) 0.070ms
[217.646s][info][gc,cpu      ] GC(464) User=0.00s Sys=0.00s Real=0.00s
[217.646s][info][gc,marking  ] GC(464) Concurrent Clear Claimed Marks
[217.646s][info][gc,marking  ] GC(464) Concurrent Clear Claimed Marks 0.085ms
[217.646s][info][gc,marking  ] GC(464) Concurrent Cleanup for Next Mark
[217.648s][info][gc,marking  ] GC(464) Concurrent Cleanup for Next Mark 2.301ms
[217.648s][info][gc          ] GC(464) Concurrent Mark Cycle 91.097ms
[218.355s][info][gc,start    ] GC(465) Pause Young (Prepare Mixed) (G1 Evacuation Pause)
[218.355s][info][gc,task     ] GC(465) Using 2 workers of 2 for evacuation
[218.361s][info][gc,phases   ] GC(465)   Pre Evacuate Collection Set: 0.28ms
[218.361s][info][gc,phases   ] GC(465)   Merge Heap Roots: 0.14ms
[218.361s][info][gc,phases   ] GC(465)   Evacuate Collection Set: 3.90ms
[218.361s][info][gc,phases   ] GC(465)   Post Evacuate Collection Set: 0.67ms
[218.361s][info][gc,phases   ] GC(465)   Other: 0.08ms
[218.361s][info][gc,heap     ] GC(465) Eden regions: 406->0(404)
[218.361s][info][gc,heap     ] GC(465) Survivor regions: 2->3(51)
[218.361s][info][gc,heap     ] GC(465) Old regions: 59->59
[218.361s][info][gc,heap     ] GC(465) Humongous regions: 207->207
[218.361s][info][gc,metaspace] GC(465) Metaspace: 56603K(56896K)->56603K(56896K) NonClass: 50978K(51200K)->50978K(51200K) Class: 5625K(5696K)->5625K(5696K)
[218.361s][info][gc          ] GC(465) Pause Young (Prepare Mixed) (G1 Evacuation Pause) 673M->267M(713M) 5.244ms
[218.361s][info][gc,cpu      ] GC(465) User=0.01s Sys=0.00s Real=0.00s
[219.179s][info][gc,start    ] GC(466) Pause Young (Mixed) (G1 Evacuation Pause)
[219.179s][info][gc,task     ] GC(466) Using 2 workers of 2 for evacuation
[219.210s][info][gc,phases   ] GC(466)   Pre Evacuate Collection Set: 0.47ms
[219.210s][info][gc,phases   ] GC(466)   Merge Heap Roots: 0.12ms
[219.210s][info][gc,phases   ] GC(466)   Evacuate Collection Set: 21.55ms
[219.210s][info][gc,phases   ] GC(466)   Post Evacuate Collection Set: 8.35ms
[219.210s][info][gc,phases   ] GC(466)   Other: 0.09ms
[219.210s][info][gc,heap     ] GC(466) Eden regions: 404->0(402)
[219.210s][info][gc,heap     ] GC(466) Survivor regions: 3->4(51)
[219.210s][info][gc,heap     ] GC(466) Old regions: 59->59
[219.210s][info][gc,heap     ] GC(466) Humongous regions: 207->207
[219.210s][info][gc,metaspace] GC(466) Metaspace: 56603K(56896K)->56603K(56896K) NonClass: 50978K(51200K)->50978K(51200K) Class: 5625K(5696K)->5625K(5696K)
[219.210s][info][gc          ] GC(466) Pause Young (Mixed) (G1 Evacuation Pause) 671M->269M(713M) 30.815ms
[219.210s][info][gc,cpu      ] GC(466) User=0.02s Sys=0.00s Real=0.03s
[220.063s][info][gc,start    ] GC(467) Pause Young (Concurrent Start) (G1 Evacuation Pause)
[220.063s][info][gc,task     ] GC(467) Using 2 workers of 2 for evacuation
[220.069s][info][gc,phases   ] GC(467)   Pre Evacuate Collection Set: 0.32ms
[220.069s][info][gc,phases   ] GC(467)   Merge Heap Roots: 0.12ms
[220.069s][info][gc,phases   ] GC(467)   Evacuate Collection Set: 4.91ms
[220.069s][info][gc,phases   ] GC(467)   Post Evacuate Collection Set: 0.68ms
[220.069s][info][gc,phases   ] GC(467)   Other: 0.10ms
[220.069s][info][gc,heap     ] GC(467) Eden regions: 402->0(404)
[220.069s][info][gc,heap     ] GC(467) Survivor regions: 4->3(51)
[220.069s][info][gc,heap     ] GC(467) Old regions: 59->59
[220.069s][info][gc,heap     ] GC(467) Humongous regions: 207->207
[220.069s][info][gc,metaspace] GC(467) Metaspace: 56603K(56896K)->56603K(56896K) NonClass: 50978K(51200K)->50978K(51200K) Class: 5625K(5696K)->5625K(5696K)
[220.069s][info][gc          ] GC(467) Pause Young (Concurrent Start) (G1 Evacuation Pause) 671M->268M(713M) 6.283ms
[220.069s][info][gc          ] GC(468) Concurrent Mark Cycle
[220.069s][info][gc,marking  ] GC(468) Concurrent Scan Root Regions
[220.071s][info][gc,cpu      ] GC(467) User=0.01s Sys=0.01s Real=0.00s
[220.078s][info][gc,marking  ] GC(468) Concurrent Scan Root Regions 9.124ms
[220.078s][info][gc,marking  ] GC(468) Concurrent Mark
[220.078s][info][gc,marking  ] GC(468) Concurrent Mark From Roots
[220.078s][info][gc,task     ] GC(468) Using 1 workers of 1 for marking
[220.135s][info][gc,marking  ] GC(468) Concurrent Mark From Roots 56.432ms
[220.135s][info][gc,marking  ] GC(468) Concurrent Preclean
[220.135s][info][gc,marking  ] GC(468) Concurrent Preclean 0.074ms
[220.147s][info][gc,start    ] GC(468) Pause Remark
[220.156s][info][gc          ] GC(468) Pause Remark 322M->322M(713M) 9.119ms
[220.156s][info][gc,cpu      ] GC(468) User=0.02s Sys=0.00s Real=0.01s
[220.157s][info][gc,marking  ] GC(468) Concurrent Mark 78.236ms
[220.157s][info][gc,marking  ] GC(468) Concurrent Rebuild Remembered Sets and Scrub Regions
[220.174s][info][gc,marking  ] GC(468) Concurrent Rebuild Remembered Sets and Scrub Regions 17.379ms
[220.174s][info][gc,start    ] GC(468) Pause Cleanup
[220.174s][info][gc          ] GC(468) Pause Cleanup 323M->323M(713M) 0.090ms
[220.174s][info][gc,cpu      ] GC(468) User=0.00s Sys=0.00s Real=0.00s
[220.174s][info][gc,marking  ] GC(468) Concurrent Clear Claimed Marks
[220.175s][info][gc,marking  ] GC(468) Concurrent Clear Claimed Marks 0.088ms
[220.175s][info][gc,marking  ] GC(468) Concurrent Cleanup for Next Mark
[220.177s][info][gc,marking  ] GC(468) Concurrent Cleanup for Next Mark 2.116ms
[220.177s][info][gc          ] GC(468) Concurrent Mark Cycle 107.544ms
[223.142s][info][gc,start    ] GC(469) Pause Young (Prepare Mixed) (G1 Evacuation Pause)
[223.142s][info][gc,task     ] GC(469) Using 2 workers of 2 for evacuation
[223.162s][info][gc,phases   ] GC(469)   Pre Evacuate Collection Set: 0.31ms
[223.162s][info][gc,phases   ] GC(469)   Merge Heap Roots: 0.13ms
[223.162s][info][gc,phases   ] GC(469)   Evacuate Collection Set: 18.67ms
[223.162s][info][gc,phases   ] GC(469)   Post Evacuate Collection Set: 0.78ms
[223.162s][info][gc,phases   ] GC(469)   Other: 0.11ms
[223.162s][info][gc,heap     ] GC(469) Eden regions: 288->0(384)
[223.162s][info][gc,heap     ] GC(469) Survivor regions: 3->25(51)
[223.162s][info][gc,heap     ] GC(469) Old regions: 59->59
[223.162s][info][gc,heap     ] GC(469) Humongous regions: 363->207
[223.162s][info][gc,metaspace] GC(469) Metaspace: 56833K(57088K)->56833K(57088K) NonClass: 51208K(51392K)->51208K(51392K) Class: 5625K(5696K)->5625K(5696K)
[223.162s][info][gc          ] GC(469) Pause Young (Prepare Mixed) (G1 Evacuation Pause) 712M->290M(738M) 20.238ms
[223.162s][info][gc,cpu      ] GC(469) User=0.02s Sys=0.02s Real=0.02s
[223.869s][info][gc,start    ] GC(470) Pause Young (Mixed) (G1 Evacuation Pause)
[223.869s][info][gc,task     ] GC(470) Using 2 workers of 2 for evacuation
[223.888s][info][gc,phases   ] GC(470)   Pre Evacuate Collection Set: 0.29ms
[223.888s][info][gc,phases   ] GC(470)   Merge Heap Roots: 0.15ms
[223.888s][info][gc,phases   ] GC(470)   Evacuate Collection Set: 16.05ms
[223.888s][info][gc,phases   ] GC(470)   Post Evacuate Collection Set: 1.81ms
[223.888s][info][gc,phases   ] GC(470)   Other: 0.11ms
[223.888s][info][gc,heap     ] GC(470) Eden regions: 384->0(383)
[223.888s][info][gc,heap     ] GC(470) Survivor regions: 25->26(52)
[223.888s][info][gc,heap     ] GC(470) Old regions: 59->58
[223.888s][info][gc,heap     ] GC(470) Humongous regions: 207->207
[223.888s][info][gc,metaspace] GC(470) Metaspace: 56833K(57088K)->56833K(57088K) NonClass: 51208K(51392K)->51208K(51392K) Class: 5625K(5696K)->5625K(5696K)
[223.888s][info][gc          ] GC(470) Pause Young (Mixed) (G1 Evacuation Pause) 674M->290M(738M) 18.600ms
[223.888s][info][gc,cpu      ] GC(470) User=0.03s Sys=0.00s Real=0.02s
[224.649s][info][gc,start    ] GC(471) Pause Young (Concurrent Start) (G1 Evacuation Pause)
[224.649s][info][gc,task     ] GC(471) Using 2 workers of 2 for evacuation
[224.660s][info][gc,phases   ] GC(471)   Pre Evacuate Collection Set: 0.32ms
[224.660s][info][gc,phases   ] GC(471)   Merge Heap Roots: 0.14ms
[224.660s][info][gc,phases   ] GC(471)   Evacuate Collection Set: 9.98ms
[224.660s][info][gc,phases   ] GC(471)   Post Evacuate Collection Set: 0.78ms
[224.660s][info][gc,phases   ] GC(471)   Other: 0.10ms
[224.660s][info][gc,heap     ] GC(471) Eden regions: 383->0(382)
[224.660s][info][gc,heap     ] GC(471) Survivor regions: 26->26(52)
[224.660s][info][gc,heap     ] GC(471) Old regions: 58->59
[224.660s][info][gc,heap     ] GC(471) Humongous regions: 207->207
[224.660s][info][gc,metaspace] GC(471) Metaspace: 56833K(57088K)->56833K(57088K) NonClass: 51208K(51392K)->51208K(51392K) Class: 5625K(5696K)->5625K(5696K)
[224.660s][info][gc          ] GC(471) Pause Young (Concurrent Start) (G1 Evacuation Pause) 673M->290M(738M) 11.509ms
[224.660s][info][gc,cpu      ] GC(471) User=0.02s Sys=0.00s Real=0.01s
[224.660s][info][gc          ] GC(472) Concurrent Mark Cycle
[224.661s][info][gc,marking  ] GC(472) Concurrent Scan Root Regions
[224.673s][info][gc,marking  ] GC(472) Concurrent Scan Root Regions 12.439ms
[224.673s][info][gc,marking  ] GC(472) Concurrent Mark
[224.673s][info][gc,marking  ] GC(472) Concurrent Mark From Roots
[224.673s][info][gc,task     ] GC(472) Using 1 workers of 1 for marking
[224.716s][info][gc,marking  ] GC(472) Concurrent Mark From Roots 42.948ms
[224.716s][info][gc,marking  ] GC(472) Concurrent Preclean
[224.716s][info][gc,marking  ] GC(472) Concurrent Preclean 0.054ms
[224.716s][info][gc,start    ] GC(472) Pause Remark
[224.726s][info][gc          ] GC(472) Pause Remark 319M->319M(738M) 9.839ms
[224.726s][info][gc,cpu      ] GC(472) User=0.02s Sys=0.00s Real=0.01s
[224.726s][info][gc,marking  ] GC(472) Concurrent Mark 53.334ms
[224.726s][info][gc,marking  ] GC(472) Concurrent Rebuild Remembered Sets and Scrub Regions
[224.745s][info][gc,marking  ] GC(472) Concurrent Rebuild Remembered Sets and Scrub Regions 18.661ms
[224.745s][info][gc,start    ] GC(472) Pause Cleanup
[224.745s][info][gc          ] GC(472) Pause Cleanup 332M->332M(738M) 0.070ms
[224.745s][info][gc,cpu      ] GC(472) User=0.00s Sys=0.00s Real=0.00s
[224.746s][info][gc,marking  ] GC(472) Concurrent Clear Claimed Marks
[224.746s][info][gc,marking  ] GC(472) Concurrent Clear Claimed Marks 0.100ms
[224.746s][info][gc,marking  ] GC(472) Concurrent Cleanup for Next Mark
[224.751s][info][gc,marking  ] GC(472) Concurrent Cleanup for Next Mark 4.560ms
[224.751s][info][gc          ] GC(472) Concurrent Mark Cycle 90.300ms
[225.439s][info][gc,start    ] GC(473) Pause Young (Prepare Mixed) (G1 Evacuation Pause)
[225.440s][info][gc,task     ] GC(473) Using 2 workers of 2 for evacuation
[225.449s][info][gc,phases   ] GC(473)   Pre Evacuate Collection Set: 0.30ms
[225.449s][info][gc,phases   ] GC(473)   Merge Heap Roots: 0.17ms
[225.449s][info][gc,phases   ] GC(473)   Evacuate Collection Set: 8.38ms
[225.449s][info][gc,phases   ] GC(473)   Post Evacuate Collection Set: 0.75ms
[225.449s][info][gc,phases   ] GC(473)   Other: 0.10ms
[225.449s][info][gc,heap     ] GC(473) Eden regions: 382->0(384)
[225.449s][info][gc,heap     ] GC(473) Survivor regions: 26->25(51)
[225.449s][info][gc,heap     ] GC(473) Old regions: 59->59
[225.449s][info][gc,heap     ] GC(473) Humongous regions: 207->207
[225.449s][info][gc,metaspace] GC(473) Metaspace: 56833K(57088K)->56833K(57088K) NonClass: 51208K(51392K)->51208K(51392K) Class: 5625K(5696K)->5625K(5696K)
[225.449s][info][gc          ] GC(473) Pause Young (Prepare Mixed) (G1 Evacuation Pause) 672M->289M(738M) 9.885ms
[225.449s][info][gc,cpu      ] GC(473) User=0.02s Sys=0.00s Real=0.01s
[226.171s][info][gc,start    ] GC(474) Pause Young (Mixed) (G1 Evacuation Pause)
[226.171s][info][gc,task     ] GC(474) Using 2 workers of 2 for evacuation
[226.181s][info][gc,phases   ] GC(474)   Pre Evacuate Collection Set: 0.30ms
[226.181s][info][gc,phases   ] GC(474)   Merge Heap Roots: 0.14ms
[226.181s][info][gc,phases   ] GC(474)   Evacuate Collection Set: 8.76ms
[226.181s][info][gc,phases   ] GC(474)   Post Evacuate Collection Set: 0.79ms
[226.181s][info][gc,phases   ] GC(474)   Other: 0.08ms
[226.181s][info][gc,heap     ] GC(474) Eden regions: 384->0(385)
[226.181s][info][gc,heap     ] GC(474) Survivor regions: 25->25(52)
[226.181s][info][gc,heap     ] GC(474) Old regions: 59->58
[226.181s][info][gc,heap     ] GC(474) Humongous regions: 207->207
[226.181s][info][gc,metaspace] GC(474) Metaspace: 56833K(57088K)->56833K(57088K) NonClass: 51208K(51392K)->51208K(51392K) Class: 5625K(5696K)->5625K(5696K)
[226.181s][info][gc          ] GC(474) Pause Young (Mixed) (G1 Evacuation Pause) 673M->288M(738M) 10.269ms
[226.181s][info][gc,cpu      ] GC(474) User=0.02s Sys=0.00s Real=0.01s
[226.951s][info][gc,start    ] GC(475) Pause Young (Concurrent Start) (G1 Evacuation Pause)
[226.951s][info][gc,task     ] GC(475) Using 2 workers of 2 for evacuation
[226.962s][info][gc,phases   ] GC(475)   Pre Evacuate Collection Set: 0.29ms
[226.962s][info][gc,phases   ] GC(475)   Merge Heap Roots: 0.13ms
[226.962s][info][gc,phases   ] GC(475)   Evacuate Collection Set: 9.94ms
[226.962s][info][gc,phases   ] GC(475)   Post Evacuate Collection Set: 0.79ms
[226.962s][info][gc,phases   ] GC(475)   Other: 0.10ms
[226.962s][info][gc,heap     ] GC(475) Eden regions: 385->0(385)
[226.962s][info][gc,heap     ] GC(475) Survivor regions: 25->25(52)
[226.962s][info][gc,heap     ] GC(475) Old regions: 58->58
[226.962s][info][gc,heap     ] GC(475) Humongous regions: 207->207
[226.962s][info][gc,metaspace] GC(475) Metaspace: 56833K(57088K)->56833K(57088K) NonClass: 51208K(51392K)->51208K(51392K) Class: 5625K(5696K)->5625K(5696K)
[226.962s][info][gc          ] GC(475) Pause Young (Concurrent Start) (G1 Evacuation Pause) 673M->289M(738M) 11.460ms
[226.962s][info][gc,cpu      ] GC(475) User=0.02s Sys=0.00s Real=0.02s
[226.963s][info][gc          ] GC(476) Concurrent Mark Cycle
[226.963s][info][gc,marking  ] GC(476) Concurrent Scan Root Regions
[226.972s][info][gc,marking  ] GC(476) Concurrent Scan Root Regions 9.332ms
[226.972s][info][gc,marking  ] GC(476) Concurrent Mark
[226.972s][info][gc,marking  ] GC(476) Concurrent Mark From Roots
[226.972s][info][gc,task     ] GC(476) Using 1 workers of 1 for marking
[227.013s][info][gc,marking  ] GC(476) Concurrent Mark From Roots 40.574ms
[227.013s][info][gc,marking  ] GC(476) Concurrent Preclean
[227.013s][info][gc,marking  ] GC(476) Concurrent Preclean 0.053ms
[227.013s][info][gc,start    ] GC(476) Pause Remark
[227.022s][info][gc          ] GC(476) Pause Remark 314M->314M(738M) 9.245ms
[227.022s][info][gc,cpu      ] GC(476) User=0.02s Sys=0.00s Real=0.01s
[227.022s][info][gc,marking  ] GC(476) Concurrent Mark 50.171ms
[227.022s][info][gc,marking  ] GC(476) Concurrent Rebuild Remembered Sets and Scrub Regions
[227.048s][info][gc,marking  ] GC(476) Concurrent Rebuild Remembered Sets and Scrub Regions 25.618ms
[227.049s][info][gc,start    ] GC(476) Pause Cleanup
[227.049s][info][gc          ] GC(476) Pause Cleanup 336M->336M(738M) 0.078ms
[227.049s][info][gc,cpu      ] GC(476) User=0.00s Sys=0.00s Real=0.00s
[227.049s][info][gc,marking  ] GC(476) Concurrent Clear Claimed Marks
[227.049s][info][gc,marking  ] GC(476) Concurrent Clear Claimed Marks 0.095ms
[227.049s][info][gc,marking  ] GC(476) Concurrent Cleanup for Next Mark
[227.055s][info][gc,marking  ] GC(476) Concurrent Cleanup for Next Mark 5.788ms
[227.055s][info][gc          ] GC(476) Concurrent Mark Cycle 92.134ms
[227.750s][info][gc,start    ] GC(477) Pause Young (Prepare Mixed) (G1 Evacuation Pause)
[227.750s][info][gc,task     ] GC(477) Using 2 workers of 2 for evacuation
[227.760s][info][gc,phases   ] GC(477)   Pre Evacuate Collection Set: 0.49ms
[227.760s][info][gc,phases   ] GC(477)   Merge Heap Roots: 0.15ms
[227.760s][info][gc,phases   ] GC(477)   Evacuate Collection Set: 8.32ms
[227.760s][info][gc,phases   ] GC(477)   Post Evacuate Collection Set: 0.79ms
[227.760s][info][gc,phases   ] GC(477)   Other: 0.08ms
[227.760s][info][gc,heap     ] GC(477) Eden regions: 385->0(385)
[227.760s][info][gc,heap     ] GC(477) Survivor regions: 25->25(52)
[227.760s][info][gc,heap     ] GC(477) Old regions: 58->58
[227.760s][info][gc,heap     ] GC(477) Humongous regions: 207->207
[227.760s][info][gc,metaspace] GC(477) Metaspace: 56833K(57088K)->56833K(57088K) NonClass: 51208K(51392K)->51208K(51392K) Class: 5625K(5696K)->5625K(5696K)
[227.760s][info][gc          ] GC(477) Pause Young (Prepare Mixed) (G1 Evacuation Pause) 674M->289M(738M) 10.027ms
[227.760s][info][gc,cpu      ] GC(477) User=0.02s Sys=0.00s Real=0.01s
[228.471s][info][gc,start    ] GC(478) Pause Young (Mixed) (G1 Evacuation Pause)
[228.471s][info][gc,task     ] GC(478) Using 2 workers of 2 for evacuation
[228.482s][info][gc,phases   ] GC(478)   Pre Evacuate Collection Set: 0.30ms
[228.483s][info][gc,phases   ] GC(478)   Merge Heap Roots: 0.19ms
[228.483s][info][gc,phases   ] GC(478)   Evacuate Collection Set: 9.81ms
[228.483s][info][gc,phases   ] GC(478)   Post Evacuate Collection Set: 0.85ms
[228.483s][info][gc,phases   ] GC(478)   Other: 0.09ms
[228.483s][info][gc,heap     ] GC(478) Eden regions: 385->0(387)
[228.483s][info][gc,heap     ] GC(478) Survivor regions: 25->24(52)
[228.483s][info][gc,heap     ] GC(478) Old regions: 58->58
[228.483s][info][gc,heap     ] GC(478) Humongous regions: 207->207
[228.483s][info][gc,metaspace] GC(478) Metaspace: 56833K(57088K)->56833K(57088K) NonClass: 51208K(51392K)->51208K(51392K) Class: 5625K(5696K)->5625K(5696K)
[228.483s][info][gc          ] GC(478) Pause Young (Mixed) (G1 Evacuation Pause) 674M->288M(738M) 11.421ms
[228.483s][info][gc,cpu      ] GC(478) User=0.02s Sys=0.00s Real=0.02s
[229.249s][info][gc,start    ] GC(479) Pause Young (Concurrent Start) (G1 Evacuation Pause)
[229.249s][info][gc,task     ] GC(479) Using 2 workers of 2 for evacuation
[229.262s][info][gc,phases   ] GC(479)   Pre Evacuate Collection Set: 0.33ms
[229.262s][info][gc,phases   ] GC(479)   Merge Heap Roots: 0.13ms
[229.262s][info][gc,phases   ] GC(479)   Evacuate Collection Set: 10.98ms
[229.262s][info][gc,phases   ] GC(479)   Post Evacuate Collection Set: 0.78ms
[229.262s][info][gc,phases   ] GC(479)   Other: 0.10ms
[229.262s][info][gc,heap     ] GC(479) Eden regions: 387->0(383)
[229.262s][info][gc,heap     ] GC(479) Survivor regions: 24->26(52)
[229.262s][info][gc,heap     ] GC(479) Old regions: 58->58
[229.262s][info][gc,heap     ] GC(479) Humongous regions: 207->207
[229.262s][info][gc,metaspace] GC(479) Metaspace: 56842K(57152K)->56842K(57152K) NonClass: 51217K(51456K)->51217K(51456K) Class: 5625K(5696K)->5625K(5696K)
[229.262s][info][gc          ] GC(479) Pause Young (Concurrent Start) (G1 Evacuation Pause) 675M->290M(738M) 12.531ms
[229.262s][info][gc,cpu      ] GC(479) User=0.03s Sys=0.01s Real=0.01s
[229.262s][info][gc          ] GC(480) Concurrent Mark Cycle
[229.262s][info][gc,marking  ] GC(480) Concurrent Scan Root Regions
[229.271s][info][gc,marking  ] GC(480) Concurrent Scan Root Regions 8.824ms
[229.271s][info][gc,marking  ] GC(480) Concurrent Mark
[229.271s][info][gc,marking  ] GC(480) Concurrent Mark From Roots
[229.271s][info][gc,task     ] GC(480) Using 1 workers of 1 for marking
[229.310s][info][gc,marking  ] GC(480) Concurrent Mark From Roots 38.796ms
[229.310s][info][gc,marking  ] GC(480) Concurrent Preclean
[229.310s][info][gc,marking  ] GC(480) Concurrent Preclean 0.051ms
[229.310s][info][gc,start    ] GC(480) Pause Remark
[229.319s][info][gc          ] GC(480) Pause Remark 309M->309M(738M) 9.021ms
[229.319s][info][gc,cpu      ] GC(480) User=0.02s Sys=0.00s Real=0.01s
[229.320s][info][gc,marking  ] GC(480) Concurrent Mark 48.377ms
[229.320s][info][gc,marking  ] GC(480) Concurrent Rebuild Remembered Sets and Scrub Regions
[229.338s][info][gc,marking  ] GC(480) Concurrent Rebuild Remembered Sets and Scrub Regions 18.455ms
[229.339s][info][gc,start    ] GC(480) Pause Cleanup
[229.339s][info][gc          ] GC(480) Pause Cleanup 318M->318M(738M) 0.077ms
[229.339s][info][gc,cpu      ] GC(480) User=0.00s Sys=0.00s Real=0.00s
[229.339s][info][gc,marking  ] GC(480) Concurrent Clear Claimed Marks
[229.339s][info][gc,marking  ] GC(480) Concurrent Clear Claimed Marks 0.095ms
[229.339s][info][gc,marking  ] GC(480) Concurrent Cleanup for Next Mark
[229.343s][info][gc,marking  ] GC(480) Concurrent Cleanup for Next Mark 4.447ms
[229.343s][info][gc          ] GC(480) Concurrent Mark Cycle 81.575ms
[230.061s][info][gc,start    ] GC(481) Pause Young (Prepare Mixed) (G1 Evacuation Pause)
[230.061s][info][gc,task     ] GC(481) Using 2 workers of 2 for evacuation
[230.095s][info][gc,phases   ] GC(481)   Pre Evacuate Collection Set: 0.65ms
[230.095s][info][gc,phases   ] GC(481)   Merge Heap Roots: 0.52ms
[230.095s][info][gc,phases   ] GC(481)   Evacuate Collection Set: 32.00ms
[230.095s][info][gc,phases   ] GC(481)   Post Evacuate Collection Set: 0.90ms
[230.095s][info][gc,phases   ] GC(481)   Other: 0.14ms
[230.095s][info][gc,heap     ] GC(481) Eden regions: 383->0(383)
[230.095s][info][gc,heap     ] GC(481) Survivor regions: 26->26(52)
[230.095s][info][gc,heap     ] GC(481) Old regions: 58->58
[230.095s][info][gc,heap     ] GC(481) Humongous regions: 207->207
[230.095s][info][gc,metaspace] GC(481) Metaspace: 56842K(57152K)->56842K(57152K) NonClass: 51217K(51456K)->51217K(51456K) Class: 5625K(5696K)->5625K(5696K)
[230.095s][info][gc          ] GC(481) Pause Young (Prepare Mixed) (G1 Evacuation Pause) 673M->289M(738M) 34.408ms
[230.095s][info][gc,cpu      ] GC(481) User=0.03s Sys=0.00s Real=0.04s
[230.774s][info][gc,start    ] GC(482) Pause Young (Mixed) (G1 Evacuation Pause)
[230.774s][info][gc,task     ] GC(482) Using 2 workers of 2 for evacuation
[230.783s][info][gc,phases   ] GC(482)   Pre Evacuate Collection Set: 0.32ms
[230.783s][info][gc,phases   ] GC(482)   Merge Heap Roots: 0.12ms
[230.783s][info][gc,phases   ] GC(482)   Evacuate Collection Set: 8.18ms
[230.783s][info][gc,phases   ] GC(482)   Post Evacuate Collection Set: 0.79ms
[230.783s][info][gc,phases   ] GC(482)   Other: 0.09ms
[230.783s][info][gc,heap     ] GC(482) Eden regions: 383->0(388)
[230.783s][info][gc,heap     ] GC(482) Survivor regions: 26->24(52)
[230.783s][info][gc,heap     ] GC(482) Old regions: 58->57
[230.783s][info][gc,heap     ] GC(482) Humongous regions: 207->207
[230.783s][info][gc,metaspace] GC(482) Metaspace: 56842K(57152K)->56842K(57152K) NonClass: 51217K(51456K)->51217K(51456K) Class: 5625K(5696K)->5625K(5696K)
[230.783s][info][gc          ] GC(482) Pause Young (Mixed) (G1 Evacuation Pause) 672M->287M(738M) 9.707ms
[230.783s][info][gc,cpu      ] GC(482) User=0.02s Sys=0.00s Real=0.01s
[231.560s][info][gc,start    ] GC(483) Pause Young (Concurrent Start) (G1 Evacuation Pause)
[231.560s][info][gc,task     ] GC(483) Using 2 workers of 2 for evacuation
[231.572s][info][gc,phases   ] GC(483)   Pre Evacuate Collection Set: 0.30ms
[231.573s][info][gc,phases   ] GC(483)   Merge Heap Roots: 0.13ms
[231.573s][info][gc,phases   ] GC(483)   Evacuate Collection Set: 10.90ms
[231.573s][info][gc,phases   ] GC(483)   Post Evacuate Collection Set: 0.81ms
[231.573s][info][gc,phases   ] GC(483)   Other: 0.12ms
[231.573s][info][gc,heap     ] GC(483) Eden regions: 388->0(383)
[231.573s][info][gc,heap     ] GC(483) Survivor regions: 24->26(52)
[231.573s][info][gc,heap     ] GC(483) Old regions: 57->58
[231.573s][info][gc,heap     ] GC(483) Humongous regions: 207->207
[231.573s][info][gc,metaspace] GC(483) Metaspace: 56842K(57152K)->56842K(57152K) NonClass: 51217K(51456K)->51217K(51456K) Class: 5625K(5696K)->5625K(5696K)
[231.573s][info][gc          ] GC(483) Pause Young (Concurrent Start) (G1 Evacuation Pause) 675M->290M(738M) 12.447ms
[231.573s][info][gc,cpu      ] GC(483) User=0.02s Sys=0.00s Real=0.02s
[231.573s][info][gc          ] GC(484) Concurrent Mark Cycle
[231.574s][info][gc,marking  ] GC(484) Concurrent Scan Root Regions
[231.581s][info][gc,marking  ] GC(484) Concurrent Scan Root Regions 6.705ms
[231.581s][info][gc,marking  ] GC(484) Concurrent Mark
[231.581s][info][gc,marking  ] GC(484) Concurrent Mark From Roots
[231.581s][info][gc,task     ] GC(484) Using 1 workers of 1 for marking
[231.625s][info][gc,marking  ] GC(484) Concurrent Mark From Roots 43.664ms
[231.625s][info][gc,marking  ] GC(484) Concurrent Preclean
[231.625s][info][gc,marking  ] GC(484) Concurrent Preclean 0.050ms
[231.625s][info][gc,start    ] GC(484) Pause Remark
[231.634s][info][gc          ] GC(484) Pause Remark 303M->303M(738M) 8.890ms
[231.634s][info][gc,cpu      ] GC(484) User=0.02s Sys=0.00s Real=0.01s
[231.634s][info][gc,marking  ] GC(484) Concurrent Mark 52.932ms
[231.634s][info][gc,marking  ] GC(484) Concurrent Rebuild Remembered Sets and Scrub Regions
[231.668s][info][gc,marking  ] GC(484) Concurrent Rebuild Remembered Sets and Scrub Regions 33.710ms
[231.668s][info][gc,start    ] GC(484) Pause Cleanup
[231.668s][info][gc          ] GC(484) Pause Cleanup 340M->340M(738M) 0.104ms
[231.668s][info][gc,cpu      ] GC(484) User=0.00s Sys=0.00s Real=0.00s
[231.668s][info][gc,marking  ] GC(484) Concurrent Clear Claimed Marks
[231.668s][info][gc,marking  ] GC(484) Concurrent Clear Claimed Marks 0.092ms
[231.668s][info][gc,marking  ] GC(484) Concurrent Cleanup for Next Mark
[231.672s][info][gc,marking  ] GC(484) Concurrent Cleanup for Next Mark 3.765ms
[231.672s][info][gc          ] GC(484) Concurrent Mark Cycle 99.320ms
[232.351s][info][gc,start    ] GC(485) Pause Young (Prepare Mixed) (G1 Evacuation Pause)
[232.351s][info][gc,task     ] GC(485) Using 2 workers of 2 for evacuation
[232.361s][info][gc,phases   ] GC(485)   Pre Evacuate Collection Set: 0.30ms
[232.361s][info][gc,phases   ] GC(485)   Merge Heap Roots: 0.15ms
[232.361s][info][gc,phases   ] GC(485)   Evacuate Collection Set: 8.46ms
[232.361s][info][gc,phases   ] GC(485)   Post Evacuate Collection Set: 0.75ms
[232.361s][info][gc,phases   ] GC(485)   Other: 0.08ms
[232.361s][info][gc,heap     ] GC(485) Eden regions: 383->0(385)
[232.361s][info][gc,heap     ] GC(485) Survivor regions: 26->25(52)
[232.361s][info][gc,heap     ] GC(485) Old regions: 58->58
[232.361s][info][gc,heap     ] GC(485) Humongous regions: 207->207
[232.361s][info][gc,metaspace] GC(485) Metaspace: 56842K(57152K)->56842K(57152K) NonClass: 51217K(51456K)->51217K(51456K) Class: 5625K(5696K)->5625K(5696K)
[232.361s][info][gc          ] GC(485) Pause Young (Prepare Mixed) (G1 Evacuation Pause) 673M->288M(738M) 9.967ms
[232.361s][info][gc,cpu      ] GC(485) User=0.02s Sys=0.00s Real=0.01s
[233.135s][info][gc,start    ] GC(486) Pause Young (Mixed) (G1 Evacuation Pause)
[233.135s][info][gc,task     ] GC(486) Using 2 workers of 2 for evacuation
[233.146s][info][gc,phases   ] GC(486)   Pre Evacuate Collection Set: 0.30ms
[233.146s][info][gc,phases   ] GC(486)   Merge Heap Roots: 0.15ms
[233.146s][info][gc,phases   ] GC(486)   Evacuate Collection Set: 9.56ms
[233.146s][info][gc,phases   ] GC(486)   Post Evacuate Collection Set: 0.79ms
[233.146s][info][gc,phases   ] GC(486)   Other: 0.08ms
[233.146s][info][gc,heap     ] GC(486) Eden regions: 385->0(388)
[233.146s][info][gc,heap     ] GC(486) Survivor regions: 25->24(52)
[233.146s][info][gc,heap     ] GC(486) Old regions: 58->57
[233.146s][info][gc,heap     ] GC(486) Humongous regions: 207->207
[233.146s][info][gc,metaspace] GC(486) Metaspace: 56842K(57152K)->56842K(57152K) NonClass: 51217K(51456K)->51217K(51456K) Class: 5625K(5696K)->5625K(5696K)
[233.146s][info][gc          ] GC(486) Pause Young (Mixed) (G1 Evacuation Pause) 673M->287M(738M) 11.067ms
[233.146s][info][gc,cpu      ] GC(486) User=0.02s Sys=0.00s Real=0.01s
[233.871s][info][gc,start    ] GC(487) Pause Young (Concurrent Start) (G1 Evacuation Pause)
[233.871s][info][gc,task     ] GC(487) Using 2 workers of 2 for evacuation
[233.881s][info][gc,phases   ] GC(487)   Pre Evacuate Collection Set: 0.31ms
[233.881s][info][gc,phases   ] GC(487)   Merge Heap Roots: 0.11ms
[233.881s][info][gc,phases   ] GC(487)   Evacuate Collection Set: 9.16ms
[233.881s][info][gc,phases   ] GC(487)   Post Evacuate Collection Set: 0.78ms
[233.881s][info][gc,phases   ] GC(487)   Other: 0.11ms
[233.881s][info][gc,heap     ] GC(487) Eden regions: 388->0(386)
[233.881s][info][gc,heap     ] GC(487) Survivor regions: 24->25(52)
[233.881s][info][gc,heap     ] GC(487) Old regions: 57->57
[233.881s][info][gc,heap     ] GC(487) Humongous regions: 207->207
[233.881s][info][gc,metaspace] GC(487) Metaspace: 56842K(57152K)->56842K(57152K) NonClass: 51217K(51456K)->51217K(51456K) Class: 5625K(5696K)->5625K(5696K)
[233.881s][info][gc          ] GC(487) Pause Young (Concurrent Start) (G1 Evacuation Pause) 675M->289M(738M) 10.648ms
[233.881s][info][gc          ] GC(488) Concurrent Mark Cycle
[233.881s][info][gc,marking  ] GC(488) Concurrent Scan Root Regions
[233.881s][info][gc,cpu      ] GC(487) User=0.02s Sys=0.00s Real=0.01s
[233.888s][info][gc,marking  ] GC(488) Concurrent Scan Root Regions 6.383ms
[233.888s][info][gc,marking  ] GC(488) Concurrent Mark
[233.888s][info][gc,marking  ] GC(488) Concurrent Mark From Roots
[233.888s][info][gc,task     ] GC(488) Using 1 workers of 1 for marking
[233.929s][info][gc,marking  ] GC(488) Concurrent Mark From Roots 41.476ms
[233.929s][info][gc,marking  ] GC(488) Concurrent Preclean
[233.929s][info][gc,marking  ] GC(488) Concurrent Preclean 0.053ms
[233.929s][info][gc,start    ] GC(488) Pause Remark
[233.938s][info][gc          ] GC(488) Pause Remark 298M->298M(738M) 8.832ms
[233.938s][info][gc,cpu      ] GC(488) User=0.01s Sys=0.00s Real=0.01s
[233.939s][info][gc,marking  ] GC(488) Concurrent Mark 51.066ms
[233.939s][info][gc,marking  ] GC(488) Concurrent Rebuild Remembered Sets and Scrub Regions
[233.970s][info][gc,marking  ] GC(488) Concurrent Rebuild Remembered Sets and Scrub Regions 30.872ms
[233.970s][info][gc,start    ] GC(488) Pause Cleanup
[233.970s][info][gc          ] GC(488) Pause Cleanup 333M->333M(738M) 0.071ms
[233.970s][info][gc,cpu      ] GC(488) User=0.00s Sys=0.00s Real=0.00s
[233.970s][info][gc,marking  ] GC(488) Concurrent Clear Claimed Marks
[233.970s][info][gc,marking  ] GC(488) Concurrent Clear Claimed Marks 0.095ms
[233.970s][info][gc,marking  ] GC(488) Concurrent Cleanup for Next Mark
[233.974s][info][gc,marking  ] GC(488) Concurrent Cleanup for Next Mark 4.237ms
[233.975s][info][gc          ] GC(488) Concurrent Mark Cycle 93.707ms
[234.653s][info][gc,start    ] GC(489) Pause Young (Prepare Mixed) (G1 Evacuation Pause)
[234.653s][info][gc,task     ] GC(489) Using 2 workers of 2 for evacuation
[234.665s][info][gc,phases   ] GC(489)   Pre Evacuate Collection Set: 0.28ms
[234.665s][info][gc,phases   ] GC(489)   Merge Heap Roots: 0.14ms
[234.665s][info][gc,phases   ] GC(489)   Evacuate Collection Set: 10.54ms
[234.665s][info][gc,phases   ] GC(489)   Post Evacuate Collection Set: 0.75ms
[234.665s][info][gc,phases   ] GC(489)   Other: 0.09ms
[234.665s][info][gc,heap     ] GC(489) Eden regions: 386->0(405)
[234.665s][info][gc,heap     ] GC(489) Survivor regions: 25->4(52)
[234.665s][info][gc,heap     ] GC(489) Old regions: 57->80
[234.665s][info][gc,heap     ] GC(489) Humongous regions: 207->207
[234.665s][info][gc,metaspace] GC(489) Metaspace: 56842K(57152K)->56842K(57152K) NonClass: 51217K(51456K)->51217K(51456K) Class: 5625K(5696K)->5625K(5696K)
[234.665s][info][gc          ] GC(489) Pause Young (Prepare Mixed) (G1 Evacuation Pause) 675M->290M(738M) 11.984ms
[234.665s][info][gc,cpu      ] GC(489) User=0.02s Sys=0.00s Real=0.01s
[235.460s][info][gc,start    ] GC(490) Pause Young (Mixed) (G1 Evacuation Pause)
[235.460s][info][gc,task     ] GC(490) Using 2 workers of 2 for evacuation
[235.464s][info][gc,phases   ] GC(490)   Pre Evacuate Collection Set: 0.31ms
[235.464s][info][gc,phases   ] GC(490)   Merge Heap Roots: 0.12ms
[235.464s][info][gc,phases   ] GC(490)   Evacuate Collection Set: 2.71ms
[235.464s][info][gc,phases   ] GC(490)   Post Evacuate Collection Set: 0.67ms
[235.464s][info][gc,phases   ] GC(490)   Other: 0.08ms
[235.464s][info][gc,heap     ] GC(490) Eden regions: 405->0(409)
[235.464s][info][gc,heap     ] GC(490) Survivor regions: 4->2(52)
[235.464s][info][gc,heap     ] GC(490) Old regions: 80->80
[235.464s][info][gc,heap     ] GC(490) Humongous regions: 207->207
[235.464s][info][gc,metaspace] GC(490) Metaspace: 56842K(57152K)->56842K(57152K) NonClass: 51217K(51456K)->51217K(51456K) Class: 5625K(5696K)->5625K(5696K)
[235.464s][info][gc          ] GC(490) Pause Young (Mixed) (G1 Evacuation Pause) 695M->288M(738M) 4.064ms
[235.464s][info][gc,cpu      ] GC(490) User=0.01s Sys=0.00s Real=0.01s
[236.269s][info][gc,start    ] GC(491) Pause Young (Concurrent Start) (G1 Evacuation Pause)
[236.269s][info][gc,task     ] GC(491) Using 2 workers of 2 for evacuation
[236.274s][info][gc,phases   ] GC(491)   Pre Evacuate Collection Set: 0.33ms
[236.274s][info][gc,phases   ] GC(491)   Merge Heap Roots: 0.12ms
[236.274s][info][gc,phases   ] GC(491)   Evacuate Collection Set: 3.78ms
[236.274s][info][gc,phases   ] GC(491)   Post Evacuate Collection Set: 0.68ms
[236.274s][info][gc,phases   ] GC(491)   Other: 0.10ms
[236.274s][info][gc,heap     ] GC(491) Eden regions: 409->0(409)
[236.274s][info][gc,heap     ] GC(491) Survivor regions: 2->2(52)
[236.274s][info][gc,heap     ] GC(491) Old regions: 80->80
[236.274s][info][gc,heap     ] GC(491) Humongous regions: 207->207
[236.274s][info][gc,metaspace] GC(491) Metaspace: 56842K(57152K)->56842K(57152K) NonClass: 51217K(51456K)->51217K(51456K) Class: 5625K(5696K)->5625K(5696K)
[236.274s][info][gc          ] GC(491) Pause Young (Concurrent Start) (G1 Evacuation Pause) 697M->288M(738M) 5.171ms
[236.274s][info][gc,cpu      ] GC(491) User=0.01s Sys=0.00s Real=0.01s
[236.274s][info][gc          ] GC(492) Concurrent Mark Cycle
[236.274s][info][gc,marking  ] GC(492) Concurrent Scan Root Regions
[236.278s][info][gc,marking  ] GC(492) Concurrent Scan Root Regions 4.391ms
[236.278s][info][gc,marking  ] GC(492) Concurrent Mark
[236.278s][info][gc,marking  ] GC(492) Concurrent Mark From Roots
[236.278s][info][gc,task     ] GC(492) Using 1 workers of 1 for marking
[236.322s][info][gc,marking  ] GC(492) Concurrent Mark From Roots 44.147ms
[236.322s][info][gc,marking  ] GC(492) Concurrent Preclean
[236.323s][info][gc,marking  ] GC(492) Concurrent Preclean 0.070ms
[236.323s][info][gc,start    ] GC(492) Pause Remark
[236.332s][info][gc          ] GC(492) Pause Remark 296M->272M(738M) 8.913ms
[236.332s][info][gc,cpu      ] GC(492) User=0.02s Sys=0.00s Real=0.00s
[236.332s][info][gc,marking  ] GC(492) Concurrent Mark 53.563ms
[236.332s][info][gc,marking  ] GC(492) Concurrent Rebuild Remembered Sets and Scrub Regions
[236.360s][info][gc,marking  ] GC(492) Concurrent Rebuild Remembered Sets and Scrub Regions 27.839ms
[236.360s][info][gc,start    ] GC(492) Pause Cleanup
[236.360s][info][gc          ] GC(492) Pause Cleanup 301M->301M(738M) 0.076ms
[236.360s][info][gc,cpu      ] GC(492) User=0.00s Sys=0.00s Real=0.00s
[236.360s][info][gc,marking  ] GC(492) Concurrent Clear Claimed Marks
[236.360s][info][gc,marking  ] GC(492) Concurrent Clear Claimed Marks 0.086ms
[236.360s][info][gc,marking  ] GC(492) Concurrent Cleanup for Next Mark
[236.363s][info][gc,marking  ] GC(492) Concurrent Cleanup for Next Mark 2.870ms
[236.363s][info][gc          ] GC(492) Concurrent Mark Cycle 89.184ms
[237.148s][info][gc,start    ] GC(493) Pause Young (Prepare Mixed) (G1 Evacuation Pause)
[237.148s][info][gc,task     ] GC(493) Using 2 workers of 2 for evacuation
[237.161s][info][gc,phases   ] GC(493)   Pre Evacuate Collection Set: 0.50ms
[237.161s][info][gc,phases   ] GC(493)   Merge Heap Roots: 0.15ms
[237.161s][info][gc,phases   ] GC(493)   Evacuate Collection Set: 11.36ms
[237.161s][info][gc,phases   ] GC(493)   Post Evacuate Collection Set: 1.14ms
[237.161s][info][gc,phases   ] GC(493)   Other: 0.09ms
[237.161s][info][gc,heap     ] GC(493) Eden regions: 409->0(435)
[237.161s][info][gc,heap     ] GC(493) Survivor regions: 2->1(52)
[237.161s][info][gc,heap     ] GC(493) Old regions: 56->56
[237.161s][info][gc,heap     ] GC(493) Humongous regions: 207->207
[237.161s][info][gc,metaspace] GC(493) Metaspace: 56842K(57152K)->56842K(57152K) NonClass: 51217K(51456K)->51217K(51456K) Class: 5625K(5696K)->5625K(5696K)
[237.161s][info][gc          ] GC(493) Pause Young (Prepare Mixed) (G1 Evacuation Pause) 673M->263M(738M) 13.460ms
[237.161s][info][gc,cpu      ] GC(493) User=0.01s Sys=0.00s Real=0.01s
[237.961s][info][gc,start    ] GC(494) Pause Young (Mixed) (G1 Evacuation Pause)
[237.961s][info][gc,task     ] GC(494) Using 2 workers of 2 for evacuation
[237.968s][info][gc,phases   ] GC(494)   Pre Evacuate Collection Set: 0.48ms
[237.968s][info][gc,phases   ] GC(494)   Merge Heap Roots: 0.18ms
[237.968s][info][gc,phases   ] GC(494)   Evacuate Collection Set: 5.79ms
[237.968s][info][gc,phases   ] GC(494)   Post Evacuate Collection Set: 0.69ms
[237.968s][info][gc,phases   ] GC(494)   Other: 0.11ms
[237.968s][info][gc,heap     ] GC(494) Eden regions: 435->0(434)
[237.968s][info][gc,heap     ] GC(494) Survivor regions: 1->3(55)
[237.968s][info][gc,heap     ] GC(494) Old regions: 56->53
[237.968s][info][gc,heap     ] GC(494) Humongous regions: 207->207
[237.968s][info][gc,metaspace] GC(494) Metaspace: 56842K(57152K)->56842K(57152K) NonClass: 51217K(51456K)->51217K(51456K) Class: 5625K(5696K)->5625K(5696K)
[237.968s][info][gc          ] GC(494) Pause Young (Mixed) (G1 Evacuation Pause) 698M->263M(738M) 7.413ms
[237.968s][info][gc,cpu      ] GC(494) User=0.01s Sys=0.00s Real=0.01s
[238.844s][info][gc,start    ] GC(495) Pause Young (Concurrent Start) (G1 Evacuation Pause)
[238.844s][info][gc,task     ] GC(495) Using 2 workers of 2 for evacuation
[238.848s][info][gc,phases   ] GC(495)   Pre Evacuate Collection Set: 0.32ms
[238.848s][info][gc,phases   ] GC(495)   Merge Heap Roots: 0.12ms
[238.848s][info][gc,phases   ] GC(495)   Evacuate Collection Set: 3.64ms
[238.849s][info][gc,phases   ] GC(495)   Post Evacuate Collection Set: 0.69ms
[238.849s][info][gc,phases   ] GC(495)   Other: 0.10ms
[238.849s][info][gc,heap     ] GC(495) Eden regions: 434->0(433)
[238.849s][info][gc,heap     ] GC(495) Survivor regions: 3->3(55)
[238.849s][info][gc,heap     ] GC(495) Old regions: 53->54
[238.849s][info][gc,heap     ] GC(495) Humongous regions: 207->207
[238.849s][info][gc,metaspace] GC(495) Metaspace: 56842K(57152K)->56842K(57152K) NonClass: 51217K(51456K)->51217K(51456K) Class: 5625K(5696K)->5625K(5696K)
[238.849s][info][gc          ] GC(495) Pause Young (Concurrent Start) (G1 Evacuation Pause) 697M->262M(738M) 5.045ms
[238.849s][info][gc          ] GC(496) Concurrent Mark Cycle
[238.849s][info][gc,marking  ] GC(496) Concurrent Scan Root Regions
[238.849s][info][gc,cpu      ] GC(495) User=0.01s Sys=0.00s Real=0.00s
[238.855s][info][gc,marking  ] GC(496) Concurrent Scan Root Regions 6.346ms
[238.855s][info][gc,marking  ] GC(496) Concurrent Mark
[238.855s][info][gc,marking  ] GC(496) Concurrent Mark From Roots
[238.855s][info][gc,task     ] GC(496) Using 1 workers of 1 for marking
[238.912s][info][gc,marking  ] GC(496) Concurrent Mark From Roots 56.627ms
[238.912s][info][gc,marking  ] GC(496) Concurrent Preclean
[238.912s][info][gc,marking  ] GC(496) Concurrent Preclean 0.073ms
[238.912s][info][gc,start    ] GC(496) Pause Remark
[238.921s][info][gc          ] GC(496) Pause Remark 300M->300M(738M) 8.989ms
[238.921s][info][gc,cpu      ] GC(496) User=0.02s Sys=0.00s Real=0.01s
[238.921s][info][gc,marking  ] GC(496) Concurrent Mark 65.928ms
[238.921s][info][gc,marking  ] GC(496) Concurrent Rebuild Remembered Sets and Scrub Regions
[238.945s][info][gc,marking  ] GC(496) Concurrent Rebuild Remembered Sets and Scrub Regions 24.483ms
[238.946s][info][gc,start    ] GC(496) Pause Cleanup
[238.946s][info][gc          ] GC(496) Pause Cleanup 312M->312M(738M) 0.070ms
[238.946s][info][gc,cpu      ] GC(496) User=0.00s Sys=0.00s Real=0.00s
[238.946s][info][gc,marking  ] GC(496) Concurrent Clear Claimed Marks
[238.946s][info][gc,marking  ] GC(496) Concurrent Clear Claimed Marks 0.101ms
[238.946s][info][gc,marking  ] GC(496) Concurrent Cleanup for Next Mark
[238.950s][info][gc,marking  ] GC(496) Concurrent Cleanup for Next Mark 4.196ms
[238.950s][info][gc          ] GC(496) Concurrent Mark Cycle 101.626ms
[239.674s][info][gc,start    ] GC(497) Pause Young (Prepare Mixed) (G1 Evacuation Pause)
[239.674s][info][gc,task     ] GC(497) Using 2 workers of 2 for evacuation
[239.679s][info][gc,phases   ] GC(497)   Pre Evacuate Collection Set: 0.43ms
[239.679s][info][gc,phases   ] GC(497)   Merge Heap Roots: 0.14ms
[239.679s][info][gc,phases   ] GC(497)   Evacuate Collection Set: 3.65ms
[239.679s][info][gc,phases   ] GC(497)   Post Evacuate Collection Set: 0.97ms
[239.679s][info][gc,phases   ] GC(497)   Other: 0.08ms
[239.679s][info][gc,heap     ] GC(497) Eden regions: 433->0(435)
[239.679s][info][gc,heap     ] GC(497) Survivor regions: 3->2(55)
[239.679s][info][gc,heap     ] GC(497) Old regions: 54->54
[239.679s][info][gc,heap     ] GC(497) Humongous regions: 207->207
[239.679s][info][gc,metaspace] GC(497) Metaspace: 56842K(57152K)->56842K(57152K) NonClass: 51217K(51456K)->51217K(51456K) Class: 5625K(5696K)->5625K(5696K)
[239.679s][info][gc          ] GC(497) Pause Young (Prepare Mixed) (G1 Evacuation Pause) 695M->261M(738M) 5.449ms
[239.679s][info][gc,cpu      ] GC(497) User=0.01s Sys=0.00s Real=0.00s
[240.558s][info][gc,start    ] GC(498) Pause Young (Mixed) (G1 Evacuation Pause)
[240.558s][info][gc,task     ] GC(498) Using 2 workers of 2 for evacuation
[240.563s][info][gc,phases   ] GC(498)   Pre Evacuate Collection Set: 0.29ms
[240.563s][info][gc,phases   ] GC(498)   Merge Heap Roots: 0.12ms
[240.563s][info][gc,phases   ] GC(498)   Evacuate Collection Set: 3.98ms
[240.563s][info][gc,phases   ] GC(498)   Post Evacuate Collection Set: 0.70ms
[240.563s][info][gc,phases   ] GC(498)   Other: 0.08ms
[240.563s][info][gc,heap     ] GC(498) Eden regions: 435->0(435)
[240.563s][info][gc,heap     ] GC(498) Survivor regions: 2->3(55)
[240.563s][info][gc,heap     ] GC(498) Old regions: 54->52
[240.563s][info][gc,heap     ] GC(498) Humongous regions: 207->207
[240.563s][info][gc,metaspace] GC(498) Metaspace: 56842K(57152K)->56842K(57152K) NonClass: 51217K(51456K)->51217K(51456K) Class: 5625K(5696K)->5625K(5696K)
[240.563s][info][gc          ] GC(498) Pause Young (Mixed) (G1 Evacuation Pause) 696M->260M(738M) 5.353ms
[240.563s][info][gc,cpu      ] GC(498) User=0.01s Sys=0.00s Real=0.01s
[241.449s][info][gc,start    ] GC(499) Pause Young (Concurrent Start) (G1 Evacuation Pause)
[241.449s][info][gc,task     ] GC(499) Using 2 workers of 2 for evacuation
[241.454s][info][gc,phases   ] GC(499)   Pre Evacuate Collection Set: 0.33ms
[241.454s][info][gc,phases   ] GC(499)   Merge Heap Roots: 0.12ms
[241.454s][info][gc,phases   ] GC(499)   Evacuate Collection Set: 3.85ms
[241.454s][info][gc,phases   ] GC(499)   Post Evacuate Collection Set: 0.73ms
[241.454s][info][gc,phases   ] GC(499)   Other: 0.13ms
[241.454s][info][gc,heap     ] GC(499) Eden regions: 435->0(435)
[241.454s][info][gc,heap     ] GC(499) Survivor regions: 3->3(55)
[241.454s][info][gc,heap     ] GC(499) Old regions: 52->52
[241.454s][info][gc,heap     ] GC(499) Humongous regions: 207->207
[241.454s][info][gc,metaspace] GC(499) Metaspace: 56842K(57152K)->56842K(57152K) NonClass: 51217K(51456K)->51217K(51456K) Class: 5625K(5696K)->5625K(5696K)
[241.454s][info][gc          ] GC(499) Pause Young (Concurrent Start) (G1 Evacuation Pause) 695M->260M(738M) 5.346ms
[241.454s][info][gc          ] GC(500) Concurrent Mark Cycle
[241.454s][info][gc,marking  ] GC(500) Concurrent Scan Root Regions
[241.455s][info][gc,cpu      ] GC(499) User=0.01s Sys=0.00s Real=0.01s
[241.461s][info][gc,marking  ] GC(500) Concurrent Scan Root Regions 6.634ms
[241.461s][info][gc,marking  ] GC(500) Concurrent Mark
[241.461s][info][gc,marking  ] GC(500) Concurrent Mark From Roots
[241.461s][info][gc,task     ] GC(500) Using 1 workers of 1 for marking
[241.512s][info][gc,marking  ] GC(500) Concurrent Mark From Roots 51.496ms
[241.512s][info][gc,marking  ] GC(500) Concurrent Preclean
[241.513s][info][gc,marking  ] GC(500) Concurrent Preclean 0.073ms
[241.513s][info][gc,start    ] GC(500) Pause Remark
[241.522s][info][gc          ] GC(500) Pause Remark 296M->296M(738M) 8.996ms
[241.522s][info][gc,cpu      ] GC(500) User=0.02s Sys=0.00s Real=0.00s
[241.522s][info][gc,marking  ] GC(500) Concurrent Mark 61.080ms
[241.522s][info][gc,marking  ] GC(500) Concurrent Rebuild Remembered Sets and Scrub Regions
[241.547s][info][gc,marking  ] GC(500) Concurrent Rebuild Remembered Sets and Scrub Regions 24.943ms
[241.547s][info][gc,start    ] GC(500) Pause Cleanup
[241.547s][info][gc          ] GC(500) Pause Cleanup 312M->312M(738M) 0.073ms
[241.547s][info][gc,cpu      ] GC(500) User=0.00s Sys=0.00s Real=0.00s
[241.548s][info][gc,marking  ] GC(500) Concurrent Clear Claimed Marks
[241.548s][info][gc,marking  ] GC(500) Concurrent Clear Claimed Marks 0.109ms
[241.548s][info][gc,marking  ] GC(500) Concurrent Cleanup for Next Mark
[241.551s][info][gc,marking  ] GC(500) Concurrent Cleanup for Next Mark 3.152ms
[241.551s][info][gc          ] GC(500) Concurrent Mark Cycle 96.888ms
[242.277s][info][gc,start    ] GC(501) Pause Young (Prepare Mixed) (G1 Evacuation Pause)
[242.277s][info][gc,task     ] GC(501) Using 2 workers of 2 for evacuation
[242.281s][info][gc,phases   ] GC(501)   Pre Evacuate Collection Set: 0.31ms
[242.281s][info][gc,phases   ] GC(501)   Merge Heap Roots: 0.15ms
[242.281s][info][gc,phases   ] GC(501)   Evacuate Collection Set: 2.74ms
[242.281s][info][gc,phases   ] GC(501)   Post Evacuate Collection Set: 0.69ms
[242.281s][info][gc,phases   ] GC(501)   Other: 0.08ms
[242.281s][info][gc,heap     ] GC(501) Eden regions: 435->0(437)
[242.281s][info][gc,heap     ] GC(501) Survivor regions: 3->2(55)
[242.281s][info][gc,heap     ] GC(501) Old regions: 52->52
[242.281s][info][gc,heap     ] GC(501) Humongous regions: 207->207
[242.281s][info][gc,metaspace] GC(501) Metaspace: 56842K(57152K)->56842K(57152K) NonClass: 51217K(51456K)->51217K(51456K) Class: 5625K(5696K)->5625K(5696K)
[242.281s][info][gc          ] GC(501) Pause Young (Prepare Mixed) (G1 Evacuation Pause) 695M->259M(738M) 4.131ms
[242.281s][info][gc,cpu      ] GC(501) User=0.01s Sys=0.00s Real=0.00s
[243.158s][info][gc,start    ] GC(502) Pause Young (Mixed) (G1 Evacuation Pause)
[243.158s][info][gc,task     ] GC(502) Using 2 workers of 2 for evacuation
[243.164s][info][gc,phases   ] GC(502)   Pre Evacuate Collection Set: 0.28ms
[243.164s][info][gc,phases   ] GC(502)   Merge Heap Roots: 0.13ms
[243.164s][info][gc,phases   ] GC(502)   Evacuate Collection Set: 4.60ms
[243.164s][info][gc,phases   ] GC(502)   Post Evacuate Collection Set: 0.95ms
[243.164s][info][gc,phases   ] GC(502)   Other: 0.11ms
[243.164s][info][gc,heap     ] GC(502) Eden regions: 437->0(437)
[243.164s][info][gc,heap     ] GC(502) Survivor regions: 2->3(55)
[243.164s][info][gc,heap     ] GC(502) Old regions: 52->50
[243.164s][info][gc,heap     ] GC(502) Humongous regions: 207->207
[243.164s][info][gc,metaspace] GC(502) Metaspace: 56842K(57152K)->56842K(57152K) NonClass: 51217K(51456K)->51217K(51456K) Class: 5625K(5696K)->5625K(5696K)
[243.164s][info][gc          ] GC(502) Pause Young (Mixed) (G1 Evacuation Pause) 696M->258M(738M) 6.261ms
[243.164s][info][gc,cpu      ] GC(502) User=0.01s Sys=0.00s Real=0.01s
[244.047s][info][gc,start    ] GC(503) Pause Young (Normal) (G1 Evacuation Pause)
[244.047s][info][gc,task     ] GC(503) Using 2 workers of 2 for evacuation
[244.052s][info][gc,phases   ] GC(503)   Pre Evacuate Collection Set: 0.28ms
[244.052s][info][gc,phases   ] GC(503)   Merge Heap Roots: 0.13ms
[244.052s][info][gc,phases   ] GC(503)   Evacuate Collection Set: 3.88ms
[244.052s][info][gc,phases   ] GC(503)   Post Evacuate Collection Set: 0.78ms
[244.052s][info][gc,phases   ] GC(503)   Other: 0.10ms
[244.052s][info][gc,heap     ] GC(503) Eden regions: 437->0(437)
[244.052s][info][gc,heap     ] GC(503) Survivor regions: 3->3(55)
[244.052s][info][gc,heap     ] GC(503) Old regions: 50->50
[244.052s][info][gc,heap     ] GC(503) Humongous regions: 207->207
[244.052s][info][gc,metaspace] GC(503) Metaspace: 56845K(57152K)->56845K(57152K) NonClass: 51219K(51456K)->51219K(51456K) Class: 5625K(5696K)->5625K(5696K)
[244.052s][info][gc          ] GC(503) Pause Young (Normal) (G1 Evacuation Pause) 695M->259M(738M) 5.347ms
[244.052s][info][gc,cpu      ] GC(503) User=0.01s Sys=0.00s Real=0.01s
[244.937s][info][gc,start    ] GC(504) Pause Young (Normal) (G1 Evacuation Pause)
[244.937s][info][gc,task     ] GC(504) Using 2 workers of 2 for evacuation
[244.940s][info][gc,phases   ] GC(504)   Pre Evacuate Collection Set: 0.28ms
[244.941s][info][gc,phases   ] GC(504)   Merge Heap Roots: 0.12ms
[244.941s][info][gc,phases   ] GC(504)   Evacuate Collection Set: 2.53ms
[244.941s][info][gc,phases   ] GC(504)   Post Evacuate Collection Set: 0.71ms
[244.941s][info][gc,phases   ] GC(504)   Other: 0.08ms
[244.941s][info][gc,heap     ] GC(504) Eden regions: 437->0(439)
[244.941s][info][gc,heap     ] GC(504) Survivor regions: 3->2(55)
[244.941s][info][gc,heap     ] GC(504) Old regions: 50->50
[244.941s][info][gc,heap     ] GC(504) Humongous regions: 207->207
[244.941s][info][gc,metaspace] GC(504) Metaspace: 56845K(57152K)->56845K(57152K) NonClass: 51219K(51456K)->51219K(51456K) Class: 5625K(5696K)->5625K(5696K)
[244.941s][info][gc          ] GC(504) Pause Young (Normal) (G1 Evacuation Pause) 696M->257M(738M) 3.895ms
[244.941s][info][gc,cpu      ] GC(504) User=0.01s Sys=0.00s Real=0.00s
[245.820s][info][gc,start    ] GC(505) Pause Young (Normal) (G1 Evacuation Pause)
[245.820s][info][gc,task     ] GC(505) Using 2 workers of 2 for evacuation
[245.825s][info][gc,phases   ] GC(505)   Pre Evacuate Collection Set: 0.29ms
[245.825s][info][gc,phases   ] GC(505)   Merge Heap Roots: 0.14ms
[245.825s][info][gc,phases   ] GC(505)   Evacuate Collection Set: 2.88ms
[245.825s][info][gc,phases   ] GC(505)   Post Evacuate Collection Set: 0.75ms
[245.825s][info][gc,phases   ] GC(505)   Other: 0.09ms
[245.825s][info][gc,heap     ] GC(505) Eden regions: 439->0(439)
[245.825s][info][gc,heap     ] GC(505) Survivor regions: 2->2(56)
[245.825s][info][gc,heap     ] GC(505) Old regions: 50->50
[245.825s][info][gc,heap     ] GC(505) Humongous regions: 207->207
[245.825s][info][gc,metaspace] GC(505) Metaspace: 56845K(57152K)->56845K(57152K) NonClass: 51219K(51456K)->51219K(51456K) Class: 5625K(5696K)->5625K(5696K)
[245.825s][info][gc          ] GC(505) Pause Young (Normal) (G1 Evacuation Pause) 696M->257M(738M) 4.323ms
[245.825s][info][gc,cpu      ] GC(505) User=0.01s Sys=0.00s Real=0.01s
[246.656s][info][gc,start    ] GC(506) Pause Young (Normal) (G1 Evacuation Pause)
[246.656s][info][gc,task     ] GC(506) Using 2 workers of 2 for evacuation
[246.662s][info][gc,phases   ] GC(506)   Pre Evacuate Collection Set: 0.34ms
[246.662s][info][gc,phases   ] GC(506)   Merge Heap Roots: 0.13ms
[246.662s][info][gc,phases   ] GC(506)   Evacuate Collection Set: 5.14ms
[246.662s][info][gc,phases   ] GC(506)   Post Evacuate Collection Set: 0.73ms
[246.662s][info][gc,phases   ] GC(506)   Other: 0.11ms
[246.662s][info][gc,heap     ] GC(506) Eden regions: 439->0(435)
[246.662s][info][gc,heap     ] GC(506) Survivor regions: 2->4(56)
[246.662s][info][gc,heap     ] GC(506) Old regions: 50->50
[246.662s][info][gc,heap     ] GC(506) Humongous regions: 207->207
[246.662s][info][gc,metaspace] GC(506) Metaspace: 56845K(57152K)->56845K(57152K) NonClass: 51219K(51456K)->51219K(51456K) Class: 5625K(5696K)->5625K(5696K)
[246.662s][info][gc          ] GC(506) Pause Young (Normal) (G1 Evacuation Pause) 696M->259M(738M) 6.616ms
[246.662s][info][gc,cpu      ] GC(506) User=0.01s Sys=0.00s Real=0.01s
[247.550s][info][gc,start    ] GC(507) Pause Young (Normal) (G1 Evacuation Pause)
[247.551s][info][gc,task     ] GC(507) Using 2 workers of 2 for evacuation
[247.556s][info][gc,phases   ] GC(507)   Pre Evacuate Collection Set: 0.29ms
[247.556s][info][gc,phases   ] GC(507)   Merge Heap Roots: 0.16ms
[247.556s][info][gc,phases   ] GC(507)   Evacuate Collection Set: 3.82ms
[247.556s][info][gc,phases   ] GC(507)   Post Evacuate Collection Set: 0.71ms
[247.556s][info][gc,phases   ] GC(507)   Other: 0.10ms
[247.556s][info][gc,heap     ] GC(507) Eden regions: 435->0(437)
[247.556s][info][gc,heap     ] GC(507) Survivor regions: 4->3(55)
[247.556s][info][gc,heap     ] GC(507) Old regions: 50->50
[247.556s][info][gc,heap     ] GC(507) Humongous regions: 207->207
[247.556s][info][gc,metaspace] GC(507) Metaspace: 56845K(57152K)->56845K(57152K) NonClass: 51219K(51456K)->51219K(51456K) Class: 5625K(5696K)->5625K(5696K)
[247.556s][info][gc          ] GC(507) Pause Young (Normal) (G1 Evacuation Pause) 694M->258M(738M) 5.244ms
[247.556s][info][gc,cpu      ] GC(507) User=0.01s Sys=0.00s Real=0.01s
[248.447s][info][gc,start    ] GC(508) Pause Young (Normal) (G1 Evacuation Pause)
[248.448s][info][gc,task     ] GC(508) Using 2 workers of 2 for evacuation
[248.452s][info][gc,phases   ] GC(508)   Pre Evacuate Collection Set: 0.29ms
[248.452s][info][gc,phases   ] GC(508)   Merge Heap Roots: 0.13ms
[248.452s][info][gc,phases   ] GC(508)   Evacuate Collection Set: 3.38ms
[248.452s][info][gc,phases   ] GC(508)   Post Evacuate Collection Set: 0.71ms
[248.452s][info][gc,phases   ] GC(508)   Other: 0.11ms
[248.452s][info][gc,heap     ] GC(508) Eden regions: 437->0(437)
[248.452s][info][gc,heap     ] GC(508) Survivor regions: 3->3(55)
[248.452s][info][gc,heap     ] GC(508) Old regions: 50->50
[248.452s][info][gc,heap     ] GC(508) Humongous regions: 207->207
[248.452s][info][gc,metaspace] GC(508) Metaspace: 56845K(57152K)->56845K(57152K) NonClass: 51219K(51456K)->51219K(51456K) Class: 5625K(5696K)->5625K(5696K)
[248.452s][info][gc          ] GC(508) Pause Young (Normal) (G1 Evacuation Pause) 695M->258M(738M) 4.787ms
[248.452s][info][gc,cpu      ] GC(508) User=0.01s Sys=0.00s Real=0.01s
[249.331s][info][gc,start    ] GC(509) Pause Young (Normal) (G1 Evacuation Pause)
[249.331s][info][gc,task     ] GC(509) Using 2 workers of 2 for evacuation
[249.334s][info][gc,phases   ] GC(509)   Pre Evacuate Collection Set: 0.29ms
[249.334s][info][gc,phases   ] GC(509)   Merge Heap Roots: 0.13ms
[249.334s][info][gc,phases   ] GC(509)   Evacuate Collection Set: 1.82ms
[249.334s][info][gc,phases   ] GC(509)   Post Evacuate Collection Set: 0.71ms
[249.334s][info][gc,phases   ] GC(509)   Other: 0.09ms
[249.334s][info][gc,heap     ] GC(509) Eden regions: 437->0(441)
[249.334s][info][gc,heap     ] GC(509) Survivor regions: 3->1(55)
[249.334s][info][gc,heap     ] GC(509) Old regions: 50->50
[249.334s][info][gc,heap     ] GC(509) Humongous regions: 207->207
[249.334s][info][gc,metaspace] GC(509) Metaspace: 56845K(57152K)->56845K(57152K) NonClass: 51219K(51456K)->51219K(51456K) Class: 5625K(5696K)->5625K(5696K)
[249.334s][info][gc          ] GC(509) Pause Young (Normal) (G1 Evacuation Pause) 695M->256M(738M) 3.231ms
[249.334s][info][gc,cpu      ] GC(509) User=0.01s Sys=0.00s Real=0.01s
[250.188s][info][gc,start    ] GC(510) Pause Young (Normal) (G1 Evacuation Pause)
[250.188s][info][gc,task     ] GC(510) Using 2 workers of 2 for evacuation
[250.195s][info][gc,phases   ] GC(510)   Pre Evacuate Collection Set: 0.28ms
[250.195s][info][gc,phases   ] GC(510)   Merge Heap Roots: 0.12ms
[250.195s][info][gc,phases   ] GC(510)   Evacuate Collection Set: 5.32ms
[250.195s][info][gc,phases   ] GC(510)   Post Evacuate Collection Set: 1.07ms
[250.195s][info][gc,phases   ] GC(510)   Other: 0.09ms
[250.195s][info][gc,heap     ] GC(510) Eden regions: 441->0(439)
[250.195s][info][gc,heap     ] GC(510) Survivor regions: 1->2(56)
[250.195s][info][gc,heap     ] GC(510) Old regions: 50->50
[250.195s][info][gc,heap     ] GC(510) Humongous regions: 207->207
[250.195s][info][gc,metaspace] GC(510) Metaspace: 56845K(57152K)->56845K(57152K) NonClass: 51219K(51456K)->51219K(51456K) Class: 5625K(5696K)->5625K(5696K)
[250.195s][info][gc          ] GC(510) Pause Young (Normal) (G1 Evacuation Pause) 697M->258M(738M) 7.071ms
[250.195s][info][gc,cpu      ] GC(510) User=0.01s Sys=0.00s Real=0.01s
[251.063s][info][gc,start    ] GC(511) Pause Young (Normal) (G1 Evacuation Pause)
[251.063s][info][gc,task     ] GC(511) Using 2 workers of 2 for evacuation
[251.069s][info][gc,phases   ] GC(511)   Pre Evacuate Collection Set: 0.28ms
[251.069s][info][gc,phases   ] GC(511)   Merge Heap Roots: 0.13ms
[251.069s][info][gc,phases   ] GC(511)   Evacuate Collection Set: 4.58ms
[251.069s][info][gc,phases   ] GC(511)   Post Evacuate Collection Set: 0.68ms
[251.069s][info][gc,phases   ] GC(511)   Other: 0.10ms
[251.069s][info][gc,heap     ] GC(511) Eden regions: 439->0(437)
[251.069s][info][gc,heap     ] GC(511) Survivor regions: 2->3(56)
[251.069s][info][gc,heap     ] GC(511) Old regions: 50->50
[251.069s][info][gc,heap     ] GC(511) Humongous regions: 207->207
[251.069s][info][gc,metaspace] GC(511) Metaspace: 56845K(57152K)->56845K(57152K) NonClass: 51219K(51456K)->51219K(51456K) Class: 5625K(5696K)->5625K(5696K)
[251.069s][info][gc          ] GC(511) Pause Young (Normal) (G1 Evacuation Pause) 697M->258M(738M) 5.944ms
[251.069s][info][gc,cpu      ] GC(511) User=0.01s Sys=0.01s Real=0.00s
[251.948s][info][gc,start    ] GC(512) Pause Young (Normal) (G1 Evacuation Pause)
[251.948s][info][gc,task     ] GC(512) Using 2 workers of 2 for evacuation
[251.954s][info][gc,phases   ] GC(512)   Pre Evacuate Collection Set: 0.27ms
[251.954s][info][gc,phases   ] GC(512)   Merge Heap Roots: 0.13ms
[251.954s][info][gc,phases   ] GC(512)   Evacuate Collection Set: 4.36ms
[251.954s][info][gc,phases   ] GC(512)   Post Evacuate Collection Set: 0.72ms
[251.954s][info][gc,phases   ] GC(512)   Other: 0.08ms
[251.954s][info][gc,heap     ] GC(512) Eden regions: 437->0(437)
[251.954s][info][gc,heap     ] GC(512) Survivor regions: 3->3(55)
[251.954s][info][gc,heap     ] GC(512) Old regions: 50->50
[251.954s][info][gc,heap     ] GC(512) Humongous regions: 207->207
[251.954s][info][gc,metaspace] GC(512) Metaspace: 56845K(57152K)->56845K(57152K) NonClass: 51219K(51456K)->51219K(51456K) Class: 5625K(5696K)->5625K(5696K)
[251.954s][info][gc          ] GC(512) Pause Young (Normal) (G1 Evacuation Pause) 695M->259M(738M) 5.745ms
[251.954s][info][gc,cpu      ] GC(512) User=0.01s Sys=0.00s Real=0.01s
[252.847s][info][gc,start    ] GC(513) Pause Young (Normal) (G1 Evacuation Pause)
[252.847s][info][gc,task     ] GC(513) Using 2 workers of 2 for evacuation
[252.852s][info][gc,phases   ] GC(513)   Pre Evacuate Collection Set: 0.29ms
[252.852s][info][gc,phases   ] GC(513)   Merge Heap Roots: 0.14ms
[252.852s][info][gc,phases   ] GC(513)   Evacuate Collection Set: 3.93ms
[252.852s][info][gc,phases   ] GC(513)   Post Evacuate Collection Set: 0.73ms
[252.852s][info][gc,phases   ] GC(513)   Other: 0.08ms
[252.852s][info][gc,heap     ] GC(513) Eden regions: 437->0(437)
[252.853s][info][gc,heap     ] GC(513) Survivor regions: 3->3(55)
[252.853s][info][gc,heap     ] GC(513) Old regions: 50->50
[252.853s][info][gc,heap     ] GC(513) Humongous regions: 207->207
[252.853s][info][gc,metaspace] GC(513) Metaspace: 56845K(57152K)->56845K(57152K) NonClass: 51219K(51456K)->51219K(51456K) Class: 5625K(5696K)->5625K(5696K)
[252.853s][info][gc          ] GC(513) Pause Young (Normal) (G1 Evacuation Pause) 696M->258M(738M) 5.350ms
[252.853s][info][gc,cpu      ] GC(513) User=0.01s Sys=0.00s Real=0.01s
[253.738s][info][gc,start    ] GC(514) Pause Young (Normal) (G1 Evacuation Pause)
[253.738s][info][gc,task     ] GC(514) Using 2 workers of 2 for evacuation
[253.742s][info][gc,phases   ] GC(514)   Pre Evacuate Collection Set: 0.27ms
[253.742s][info][gc,phases   ] GC(514)   Merge Heap Roots: 0.12ms
[253.742s][info][gc,phases   ] GC(514)   Evacuate Collection Set: 2.73ms
[253.742s][info][gc,phases   ] GC(514)   Post Evacuate Collection Set: 0.72ms
[253.742s][info][gc,phases   ] GC(514)   Other: 0.08ms
[253.742s][info][gc,heap     ] GC(514) Eden regions: 437->0(439)
[253.742s][info][gc,heap     ] GC(514) Survivor regions: 3->2(55)
[253.742s][info][gc,heap     ] GC(514) Old regions: 50->50
[253.742s][info][gc,heap     ] GC(514) Humongous regions: 207->207
[253.742s][info][gc,metaspace] GC(514) Metaspace: 56845K(57152K)->56845K(57152K) NonClass: 51219K(51456K)->51219K(51456K) Class: 5625K(5696K)->5625K(5696K)
[253.742s][info][gc          ] GC(514) Pause Young (Normal) (G1 Evacuation Pause) 695M->257M(738M) 4.106ms
[253.742s][info][gc,cpu      ] GC(514) User=0.01s Sys=0.00s Real=0.01s
[254.618s][info][gc,start    ] GC(515) Pause Young (Normal) (G1 Evacuation Pause)
[254.618s][info][gc,task     ] GC(515) Using 2 workers of 2 for evacuation
[254.623s][info][gc,phases   ] GC(515)   Pre Evacuate Collection Set: 0.33ms
[254.623s][info][gc,phases   ] GC(515)   Merge Heap Roots: 0.14ms
[254.623s][info][gc,phases   ] GC(515)   Evacuate Collection Set: 3.62ms
[254.623s][info][gc,phases   ] GC(515)   Post Evacuate Collection Set: 0.72ms
[254.623s][info][gc,phases   ] GC(515)   Other: 0.10ms
[254.623s][info][gc,heap     ] GC(515) Eden regions: 439->0(439)
[254.623s][info][gc,heap     ] GC(515) Survivor regions: 2->2(56)
[254.623s][info][gc,heap     ] GC(515) Old regions: 50->50
[254.623s][info][gc,heap     ] GC(515) Humongous regions: 207->207
[254.623s][info][gc,metaspace] GC(515) Metaspace: 56845K(57152K)->56845K(57152K) NonClass: 51219K(51456K)->51219K(51456K) Class: 5625K(5696K)->5625K(5696K)
[254.623s][info][gc          ] GC(515) Pause Young (Normal) (G1 Evacuation Pause) 696M->258M(738M) 5.107ms
[254.623s][info][gc,cpu      ] GC(515) User=0.01s Sys=0.00s Real=0.01s
[255.454s][info][gc,start    ] GC(516) Pause Young (Normal) (G1 Evacuation Pause)
[255.454s][info][gc,task     ] GC(516) Using 2 workers of 2 for evacuation
[255.460s][info][gc,phases   ] GC(516)   Pre Evacuate Collection Set: 0.30ms
[255.460s][info][gc,phases   ] GC(516)   Merge Heap Roots: 0.12ms
[255.460s][info][gc,phases   ] GC(516)   Evacuate Collection Set: 4.89ms
[255.460s][info][gc,phases   ] GC(516)   Post Evacuate Collection Set: 0.71ms
[255.460s][info][gc,phases   ] GC(516)   Other: 0.08ms
[255.460s][info][gc,heap     ] GC(516) Eden regions: 439->0(435)
[255.460s][info][gc,heap     ] GC(516) Survivor regions: 2->4(56)
[255.460s][info][gc,heap     ] GC(516) Old regions: 50->50
[255.460s][info][gc,heap     ] GC(516) Humongous regions: 207->207
[255.460s][info][gc,metaspace] GC(516) Metaspace: 56845K(57152K)->56845K(57152K) NonClass: 51219K(51456K)->51219K(51456K) Class: 5625K(5696K)->5625K(5696K)
[255.460s][info][gc          ] GC(516) Pause Young (Normal) (G1 Evacuation Pause) 697M->259M(738M) 6.286ms
[255.460s][info][gc,cpu      ] GC(516) User=0.01s Sys=0.00s Real=0.00s
[256.338s][info][gc,start    ] GC(517) Pause Young (Normal) (G1 Evacuation Pause)
[256.338s][info][gc,task     ] GC(517) Using 2 workers of 2 for evacuation
[256.342s][info][gc,phases   ] GC(517)   Pre Evacuate Collection Set: 0.30ms
[256.342s][info][gc,phases   ] GC(517)   Merge Heap Roots: 0.13ms
[256.342s][info][gc,phases   ] GC(517)   Evacuate Collection Set: 2.81ms
[256.342s][info][gc,phases   ] GC(517)   Post Evacuate Collection Set: 0.70ms
[256.342s][info][gc,phases   ] GC(517)   Other: 0.10ms
[256.342s][info][gc,heap     ] GC(517) Eden regions: 435->0(439)
[256.342s][info][gc,heap     ] GC(517) Survivor regions: 4->2(55)
[256.342s][info][gc,heap     ] GC(517) Old regions: 50->50
[256.342s][info][gc,heap     ] GC(517) Humongous regions: 207->207
[256.342s][info][gc,metaspace] GC(517) Metaspace: 56845K(57152K)->56845K(57152K) NonClass: 51219K(51456K)->51219K(51456K) Class: 5625K(5696K)->5625K(5696K)
[256.342s][info][gc          ] GC(517) Pause Young (Normal) (G1 Evacuation Pause) 694M->257M(738M) 4.214ms
[256.342s][info][gc,cpu      ] GC(517) User=0.01s Sys=0.00s Real=0.01s
[257.168s][info][gc,start    ] GC(518) Pause Young (Normal) (G1 Evacuation Pause)
[257.168s][info][gc,task     ] GC(518) Using 2 workers of 2 for evacuation
[257.172s][info][gc,phases   ] GC(518)   Pre Evacuate Collection Set: 0.30ms
[257.172s][info][gc,phases   ] GC(518)   Merge Heap Roots: 0.14ms
[257.172s][info][gc,phases   ] GC(518)   Evacuate Collection Set: 2.62ms
[257.172s][info][gc,phases   ] GC(518)   Post Evacuate Collection Set: 0.69ms
[257.172s][info][gc,phases   ] GC(518)   Other: 0.10ms
[257.172s][info][gc,heap     ] GC(518) Eden regions: 439->0(439)
[257.172s][info][gc,heap     ] GC(518) Survivor regions: 2->2(56)
[257.172s][info][gc,heap     ] GC(518) Old regions: 50->50
[257.172s][info][gc,heap     ] GC(518) Humongous regions: 207->207
[257.172s][info][gc,metaspace] GC(518) Metaspace: 56845K(57152K)->56845K(57152K) NonClass: 51219K(51456K)->51219K(51456K) Class: 5625K(5696K)->5625K(5696K)
[257.172s][info][gc          ] GC(518) Pause Young (Normal) (G1 Evacuation Pause) 696M->257M(738M) 3.997ms
[257.172s][info][gc,cpu      ] GC(518) User=0.00s Sys=0.00s Real=0.01s
[258.062s][info][gc,start    ] GC(519) Pause Young (Normal) (G1 Evacuation Pause)
[258.062s][info][gc,task     ] GC(519) Using 2 workers of 2 for evacuation
[258.068s][info][gc,phases   ] GC(519)   Pre Evacuate Collection Set: 0.29ms
[258.068s][info][gc,phases   ] GC(519)   Merge Heap Roots: 0.13ms
[258.068s][info][gc,phases   ] GC(519)   Evacuate Collection Set: 5.20ms
[258.068s][info][gc,phases   ] GC(519)   Post Evacuate Collection Set: 0.71ms
[258.068s][info][gc,phases   ] GC(519)   Other: 0.11ms
[258.068s][info][gc,heap     ] GC(519) Eden regions: 439->0(435)
[258.068s][info][gc,heap     ] GC(519) Survivor regions: 2->4(56)
[258.068s][info][gc,heap     ] GC(519) Old regions: 50->50
[258.068s][info][gc,heap     ] GC(519) Humongous regions: 207->207
[258.068s][info][gc,metaspace] GC(519) Metaspace: 56845K(57152K)->56845K(57152K) NonClass: 51219K(51456K)->51219K(51456K) Class: 5625K(5696K)->5625K(5696K)
[258.068s][info][gc          ] GC(519) Pause Young (Normal) (G1 Evacuation Pause) 696M->259M(738M) 6.600ms
[258.068s][info][gc,cpu      ] GC(519) User=0.01s Sys=0.00s Real=0.01s
[258.950s][info][gc,start    ] GC(520) Pause Young (Normal) (G1 Evacuation Pause)
[258.950s][info][gc,task     ] GC(520) Using 2 workers of 2 for evacuation
[258.956s][info][gc,phases   ] GC(520)   Pre Evacuate Collection Set: 0.31ms
[258.956s][info][gc,phases   ] GC(520)   Merge Heap Roots: 0.13ms
[258.956s][info][gc,phases   ] GC(520)   Evacuate Collection Set: 4.46ms
[258.956s][info][gc,phases   ] GC(520)   Post Evacuate Collection Set: 0.96ms
[258.956s][info][gc,phases   ] GC(520)   Other: 0.10ms
[258.956s][info][gc,heap     ] GC(520) Eden regions: 435->0(435)
[258.956s][info][gc,heap     ] GC(520) Survivor regions: 4->4(55)
[258.956s][info][gc,heap     ] GC(520) Old regions: 50->50
[258.956s][info][gc,heap     ] GC(520) Humongous regions: 207->207
[258.956s][info][gc,metaspace] GC(520) Metaspace: 56845K(57152K)->56845K(57152K) NonClass: 51219K(51456K)->51219K(51456K) Class: 5625K(5696K)->5625K(5696K)
[258.956s][info][gc          ] GC(520) Pause Young (Normal) (G1 Evacuation Pause) 694M->260M(738M) 6.143ms
[258.956s][info][gc,cpu      ] GC(520) User=0.01s Sys=0.00s Real=0.01s
[259.841s][info][gc,start    ] GC(521) Pause Young (Normal) (G1 Evacuation Pause)
[259.841s][info][gc,task     ] GC(521) Using 2 workers of 2 for evacuation
[259.846s][info][gc,phases   ] GC(521)   Pre Evacuate Collection Set: 0.30ms
[259.846s][info][gc,phases   ] GC(521)   Merge Heap Roots: 0.13ms
[259.846s][info][gc,phases   ] GC(521)   Evacuate Collection Set: 3.46ms
[259.846s][info][gc,phases   ] GC(521)   Post Evacuate Collection Set: 0.70ms
[259.846s][info][gc,phases   ] GC(521)   Other: 0.08ms
[259.846s][info][gc,heap     ] GC(521) Eden regions: 435->0(439)
[259.846s][info][gc,heap     ] GC(521) Survivor regions: 4->2(55)
[259.846s][info][gc,heap     ] GC(521) Old regions: 50->50
[259.846s][info][gc,heap     ] GC(521) Humongous regions: 207->207
[259.846s][info][gc,metaspace] GC(521) Metaspace: 56845K(57152K)->56845K(57152K) NonClass: 51219K(51456K)->51219K(51456K) Class: 5625K(5696K)->5625K(5696K)
[259.846s][info][gc          ] GC(521) Pause Young (Normal) (G1 Evacuation Pause) 695M->258M(738M) 4.831ms
[259.846s][info][gc,cpu      ] GC(521) User=0.01s Sys=0.01s Real=0.01s
[260.738s][info][gc,start    ] GC(522) Pause Young (Normal) (G1 Evacuation Pause)
[260.738s][info][gc,task     ] GC(522) Using 2 workers of 2 for evacuation
[260.742s][info][gc,phases   ] GC(522)   Pre Evacuate Collection Set: 0.27ms
[260.742s][info][gc,phases   ] GC(522)   Merge Heap Roots: 0.14ms
[260.742s][info][gc,phases   ] GC(522)   Evacuate Collection Set: 2.79ms
[260.742s][info][gc,phases   ] GC(522)   Post Evacuate Collection Set: 0.72ms
[260.742s][info][gc,phases   ] GC(522)   Other: 0.08ms
[260.742s][info][gc,heap     ] GC(522) Eden regions: 439->0(439)
[260.742s][info][gc,heap     ] GC(522) Survivor regions: 2->2(56)
[260.742s][info][gc,heap     ] GC(522) Old regions: 50->50
[260.742s][info][gc,heap     ] GC(522) Humongous regions: 207->207
[260.742s][info][gc,metaspace] GC(522) Metaspace: 56845K(57152K)->56845K(57152K) NonClass: 51219K(51456K)->51219K(51456K) Class: 5625K(5696K)->5625K(5696K)
[260.742s][info][gc          ] GC(522) Pause Young (Normal) (G1 Evacuation Pause) 697M->257M(738M) 4.166ms
[260.742s][info][gc,cpu      ] GC(522) User=0.01s Sys=0.00s Real=0.01s
[261.637s][info][gc,start    ] GC(523) Pause Young (Normal) (G1 Evacuation Pause)
[261.637s][info][gc,task     ] GC(523) Using 2 workers of 2 for evacuation
[261.642s][info][gc,phases   ] GC(523)   Pre Evacuate Collection Set: 0.30ms
[261.642s][info][gc,phases   ] GC(523)   Merge Heap Roots: 0.13ms
[261.642s][info][gc,phases   ] GC(523)   Evacuate Collection Set: 3.72ms
[261.642s][info][gc,phases   ] GC(523)   Post Evacuate Collection Set: 0.73ms
[261.642s][info][gc,phases   ] GC(523)   Other: 0.08ms
[261.642s][info][gc,heap     ] GC(523) Eden regions: 439->0(437)
[261.642s][info][gc,heap     ] GC(523) Survivor regions: 2->3(56)
[261.642s][info][gc,heap     ] GC(523) Old regions: 50->50
[261.642s][info][gc,heap     ] GC(523) Humongous regions: 207->207
[261.642s][info][gc,metaspace] GC(523) Metaspace: 56845K(57152K)->56845K(57152K) NonClass: 51219K(51456K)->51219K(51456K) Class: 5625K(5696K)->5625K(5696K)
[261.642s][info][gc          ] GC(523) Pause Young (Normal) (G1 Evacuation Pause) 696M->258M(738M) 5.134ms
[261.642s][info][gc,cpu      ] GC(523) User=0.01s Sys=0.00s Real=0.00s
[262.462s][info][gc,start    ] GC(524) Pause Young (Normal) (G1 Evacuation Pause)
[262.462s][info][gc,task     ] GC(524) Using 2 workers of 2 for evacuation
[262.468s][info][gc,phases   ] GC(524)   Pre Evacuate Collection Set: 0.28ms
[262.468s][info][gc,phases   ] GC(524)   Merge Heap Roots: 0.13ms
[262.468s][info][gc,phases   ] GC(524)   Evacuate Collection Set: 4.77ms
[262.468s][info][gc,phases   ] GC(524)   Post Evacuate Collection Set: 0.73ms
[262.468s][info][gc,phases   ] GC(524)   Other: 0.09ms
[262.468s][info][gc,heap     ] GC(524) Eden regions: 437->0(435)
[262.468s][info][gc,heap     ] GC(524) Survivor regions: 3->4(55)
[262.468s][info][gc,heap     ] GC(524) Old regions: 50->50
[262.468s][info][gc,heap     ] GC(524) Humongous regions: 207->207
[262.468s][info][gc,metaspace] GC(524) Metaspace: 56845K(57152K)->56845K(57152K) NonClass: 51219K(51456K)->51219K(51456K) Class: 5625K(5696K)->5625K(5696K)
[262.468s][info][gc          ] GC(524) Pause Young (Normal) (G1 Evacuation Pause) 695M->259M(738M) 6.198ms
[262.468s][info][gc,cpu      ] GC(524) User=0.01s Sys=0.01s Real=0.01s
[263.343s][info][gc,start    ] GC(525) Pause Young (Normal) (G1 Evacuation Pause)
[263.343s][info][gc,task     ] GC(525) Using 2 workers of 2 for evacuation
[263.348s][info][gc,phases   ] GC(525)   Pre Evacuate Collection Set: 0.28ms
[263.348s][info][gc,phases   ] GC(525)   Merge Heap Roots: 0.13ms
[263.348s][info][gc,phases   ] GC(525)   Evacuate Collection Set: 3.66ms
[263.348s][info][gc,phases   ] GC(525)   Post Evacuate Collection Set: 0.70ms
[263.348s][info][gc,phases   ] GC(525)   Other: 0.08ms
[263.348s][info][gc,heap     ] GC(525) Eden regions: 435->0(437)
[263.348s][info][gc,heap     ] GC(525) Survivor regions: 4->3(55)
[263.348s][info][gc,heap     ] GC(525) Old regions: 50->50
[263.348s][info][gc,heap     ] GC(525) Humongous regions: 207->207
[263.348s][info][gc,metaspace] GC(525) Metaspace: 56845K(57152K)->56845K(57152K) NonClass: 51219K(51456K)->51219K(51456K) Class: 5625K(5696K)->5625K(5696K)
[263.348s][info][gc          ] GC(525) Pause Young (Normal) (G1 Evacuation Pause) 694M->258M(738M) 5.046ms
[263.348s][info][gc,cpu      ] GC(525) User=0.00s Sys=0.00s Real=0.00s
[264.334s][info][gc,start    ] GC(526) Pause Young (Normal) (G1 Evacuation Pause)
[264.334s][info][gc,task     ] GC(526) Using 2 workers of 2 for evacuation
[264.338s][info][gc,phases   ] GC(526)   Pre Evacuate Collection Set: 0.27ms
[264.338s][info][gc,phases   ] GC(526)   Merge Heap Roots: 0.13ms
[264.338s][info][gc,phases   ] GC(526)   Evacuate Collection Set: 2.36ms
[264.338s][info][gc,phases   ] GC(526)   Post Evacuate Collection Set: 0.71ms
[264.338s][info][gc,phases   ] GC(526)   Other: 0.08ms
[264.338s][info][gc,heap     ] GC(526) Eden regions: 437->0(441)
[264.338s][info][gc,heap     ] GC(526) Survivor regions: 3->1(55)
[264.338s][info][gc,heap     ] GC(526) Old regions: 50->50
[264.338s][info][gc,heap     ] GC(526) Humongous regions: 207->207
[264.338s][info][gc,metaspace] GC(526) Metaspace: 56845K(57152K)->56845K(57152K) NonClass: 51219K(51456K)->51219K(51456K) Class: 5625K(5696K)->5625K(5696K)
[264.338s][info][gc          ] GC(526) Pause Young (Normal) (G1 Evacuation Pause) 695M->257M(738M) 3.709ms
[264.338s][info][gc,cpu      ] GC(526) User=0.01s Sys=0.00s Real=0.00s
[265.175s][info][gc,start    ] GC(527) Pause Young (Normal) (G1 Evacuation Pause)
[265.176s][info][gc,task     ] GC(527) Using 2 workers of 2 for evacuation
[265.179s][info][gc,phases   ] GC(527)   Pre Evacuate Collection Set: 0.30ms
[265.179s][info][gc,phases   ] GC(527)   Merge Heap Roots: 0.16ms
[265.179s][info][gc,phases   ] GC(527)   Evacuate Collection Set: 2.45ms
[265.179s][info][gc,phases   ] GC(527)   Post Evacuate Collection Set: 0.71ms
[265.179s][info][gc,phases   ] GC(527)   Other: 0.08ms
[265.179s][info][gc,heap     ] GC(527) Eden regions: 441->0(441)
[265.179s][info][gc,heap     ] GC(527) Survivor regions: 1->1(56)
[265.179s][info][gc,heap     ] GC(527) Old regions: 50->50
[265.179s][info][gc,heap     ] GC(527) Humongous regions: 207->207
[265.179s][info][gc,metaspace] GC(527) Metaspace: 56845K(57152K)->56845K(57152K) NonClass: 51219K(51456K)->51219K(51456K) Class: 5625K(5696K)->5625K(5696K)
[265.179s][info][gc          ] GC(527) Pause Young (Normal) (G1 Evacuation Pause) 698M->257M(738M) 3.867ms
[265.179s][info][gc,cpu      ] GC(527) User=0.01s Sys=0.00s Real=0.00s
[266.071s][info][gc,start    ] GC(528) Pause Young (Normal) (G1 Evacuation Pause)
[266.071s][info][gc,task     ] GC(528) Using 2 workers of 2 for evacuation
[266.076s][info][gc,phases   ] GC(528)   Pre Evacuate Collection Set: 0.28ms
[266.076s][info][gc,phases   ] GC(528)   Merge Heap Roots: 0.13ms
[266.076s][info][gc,phases   ] GC(528)   Evacuate Collection Set: 3.48ms
[266.076s][info][gc,phases   ] GC(528)   Post Evacuate Collection Set: 0.71ms
[266.076s][info][gc,phases   ] GC(528)   Other: 0.10ms
[266.076s][info][gc,heap     ] GC(528) Eden regions: 441->0(439)
[266.076s][info][gc,heap     ] GC(528) Survivor regions: 1->2(56)
[266.076s][info][gc,heap     ] GC(528) Old regions: 50->50
[266.076s][info][gc,heap     ] GC(528) Humongous regions: 207->207
[266.076s][info][gc,metaspace] GC(528) Metaspace: 56845K(57152K)->56845K(57152K) NonClass: 51219K(51456K)->51219K(51456K) Class: 5625K(5696K)->5625K(5696K)
[266.076s][info][gc          ] GC(528) Pause Young (Normal) (G1 Evacuation Pause) 698M->258M(738M) 4.898ms
[266.076s][info][gc,cpu      ] GC(528) User=0.01s Sys=0.01s Real=0.01s
[266.975s][info][gc,start    ] GC(529) Pause Young (Normal) (G1 Evacuation Pause)
[266.975s][info][gc,task     ] GC(529) Using 2 workers of 2 for evacuation
[266.981s][info][gc,phases   ] GC(529)   Pre Evacuate Collection Set: 0.31ms
[266.981s][info][gc,phases   ] GC(529)   Merge Heap Roots: 0.14ms
[266.981s][info][gc,phases   ] GC(529)   Evacuate Collection Set: 4.26ms
[266.981s][info][gc,phases   ] GC(529)   Post Evacuate Collection Set: 0.69ms
[266.981s][info][gc,phases   ] GC(529)   Other: 0.08ms
[266.981s][info][gc,heap     ] GC(529) Eden regions: 439->0(437)
[266.981s][info][gc,heap     ] GC(529) Survivor regions: 2->3(56)
[266.981s][info][gc,heap     ] GC(529) Old regions: 50->50
[266.981s][info][gc,heap     ] GC(529) Humongous regions: 207->207
[266.981s][info][gc,metaspace] GC(529) Metaspace: 56845K(57152K)->56845K(57152K) NonClass: 51219K(51456K)->51219K(51456K) Class: 5625K(5696K)->5625K(5696K)
[266.981s][info][gc          ] GC(529) Pause Young (Normal) (G1 Evacuation Pause) 697M->259M(738M) 5.642ms
[266.981s][info][gc,cpu      ] GC(529) User=0.01s Sys=0.00s Real=0.00s
[267.853s][info][gc,start    ] GC(530) Pause Young (Normal) (G1 Evacuation Pause)
[267.853s][info][gc,task     ] GC(530) Using 2 workers of 2 for evacuation
[267.858s][info][gc,phases   ] GC(530)   Pre Evacuate Collection Set: 0.29ms
[267.858s][info][gc,phases   ] GC(530)   Merge Heap Roots: 0.15ms
[267.858s][info][gc,phases   ] GC(530)   Evacuate Collection Set: 4.29ms
[267.858s][info][gc,phases   ] GC(530)   Post Evacuate Collection Set: 0.73ms
[267.858s][info][gc,phases   ] GC(530)   Other: 0.10ms
[267.859s][info][gc,heap     ] GC(530) Eden regions: 437->0(437)
[267.859s][info][gc,heap     ] GC(530) Survivor regions: 3->3(55)
[267.859s][info][gc,heap     ] GC(530) Old regions: 50->50
[267.859s][info][gc,heap     ] GC(530) Humongous regions: 207->207
[267.859s][info][gc,metaspace] GC(530) Metaspace: 56845K(57152K)->56845K(57152K) NonClass: 51219K(51456K)->51219K(51456K) Class: 5625K(5696K)->5625K(5696K)
[267.859s][info][gc          ] GC(530) Pause Young (Normal) (G1 Evacuation Pause) 696M->258M(738M) 5.719ms
[267.859s][info][gc,cpu      ] GC(530) User=0.01s Sys=0.00s Real=0.00s
[268.740s][info][gc,start    ] GC(531) Pause Young (Normal) (G1 Evacuation Pause)
[268.740s][info][gc,task     ] GC(531) Using 2 workers of 2 for evacuation
[268.744s][info][gc,phases   ] GC(531)   Pre Evacuate Collection Set: 0.28ms
[268.744s][info][gc,phases   ] GC(531)   Merge Heap Roots: 0.14ms
[268.744s][info][gc,phases   ] GC(531)   Evacuate Collection Set: 3.23ms
[268.744s][info][gc,phases   ] GC(531)   Post Evacuate Collection Set: 0.73ms
[268.744s][info][gc,phases   ] GC(531)   Other: 0.08ms
[268.744s][info][gc,heap     ] GC(531) Eden regions: 437->0(439)
[268.744s][info][gc,heap     ] GC(531) Survivor regions: 3->2(55)
[268.744s][info][gc,heap     ] GC(531) Old regions: 50->50
[268.744s][info][gc,heap     ] GC(531) Humongous regions: 207->207
[268.744s][info][gc,metaspace] GC(531) Metaspace: 56845K(57152K)->56845K(57152K) NonClass: 51219K(51456K)->51219K(51456K) Class: 5625K(5696K)->5625K(5696K)
[268.744s][info][gc          ] GC(531) Pause Young (Normal) (G1 Evacuation Pause) 695M->258M(738M) 4.619ms
[268.744s][info][gc,cpu      ] GC(531) User=0.01s Sys=0.00s Real=0.01s
[269.591s][info][gc,start    ] GC(532) Pause Young (Normal) (G1 Evacuation Pause)
[269.591s][info][gc,task     ] GC(532) Using 2 workers of 2 for evacuation
[269.595s][info][gc,phases   ] GC(532)   Pre Evacuate Collection Set: 0.29ms
[269.595s][info][gc,phases   ] GC(532)   Merge Heap Roots: 0.13ms
[269.595s][info][gc,phases   ] GC(532)   Evacuate Collection Set: 2.28ms
[269.595s][info][gc,phases   ] GC(532)   Post Evacuate Collection Set: 0.69ms
[269.595s][info][gc,phases   ] GC(532)   Other: 0.08ms
[269.595s][info][gc,heap     ] GC(532) Eden regions: 439->0(441)
[269.595s][info][gc,heap     ] GC(532) Survivor regions: 2->1(56)
[269.595s][info][gc,heap     ] GC(532) Old regions: 50->50
[269.595s][info][gc,heap     ] GC(532) Humongous regions: 207->207
[269.595s][info][gc,metaspace] GC(532) Metaspace: 56845K(57152K)->56845K(57152K) NonClass: 51219K(51456K)->51219K(51456K) Class: 5625K(5696K)->5625K(5696K)
[269.595s][info][gc          ] GC(532) Pause Young (Normal) (G1 Evacuation Pause) 697M->257M(738M) 3.672ms
[269.595s][info][gc,cpu      ] GC(532) User=0.01s Sys=0.00s Real=0.01s
[270.524s][info][gc,start    ] GC(533) Pause Young (Normal) (G1 Evacuation Pause)
[270.524s][info][gc,task     ] GC(533) Using 2 workers of 2 for evacuation
[270.555s][info][gc,phases   ] GC(533)   Pre Evacuate Collection Set: 0.44ms
[270.555s][info][gc,phases   ] GC(533)   Merge Heap Roots: 0.13ms
[270.555s][info][gc,phases   ] GC(533)   Evacuate Collection Set: 29.67ms
[270.555s][info][gc,phases   ] GC(533)   Post Evacuate Collection Set: 0.84ms
[270.555s][info][gc,phases   ] GC(533)   Other: 0.09ms
[270.555s][info][gc,heap     ] GC(533) Eden regions: 441->0(437)
[270.555s][info][gc,heap     ] GC(533) Survivor regions: 1->3(56)
[270.555s][info][gc,heap     ] GC(533) Old regions: 50->50
[270.555s][info][gc,heap     ] GC(533) Humongous regions: 207->207
[270.555s][info][gc,metaspace] GC(533) Metaspace: 56845K(57152K)->56845K(57152K) NonClass: 51219K(51456K)->51219K(51456K) Class: 5625K(5696K)->5625K(5696K)
[270.555s][info][gc          ] GC(533) Pause Young (Normal) (G1 Evacuation Pause) 698M->259M(738M) 31.367ms
[270.555s][info][gc,cpu      ] GC(533) User=0.03s Sys=0.00s Real=0.03s
[271.355s][info][gc,start    ] GC(534) Pause Young (Normal) (G1 Evacuation Pause)
[271.355s][info][gc,task     ] GC(534) Using 2 workers of 2 for evacuation
[271.361s][info][gc,phases   ] GC(534)   Pre Evacuate Collection Set: 0.28ms
[271.361s][info][gc,phases   ] GC(534)   Merge Heap Roots: 0.12ms
[271.361s][info][gc,phases   ] GC(534)   Evacuate Collection Set: 4.85ms
[271.361s][info][gc,phases   ] GC(534)   Post Evacuate Collection Set: 0.73ms
[271.361s][info][gc,phases   ] GC(534)   Other: 0.12ms
[271.361s][info][gc,heap     ] GC(534) Eden regions: 437->0(437)
[271.361s][info][gc,heap     ] GC(534) Survivor regions: 3->3(55)
[271.361s][info][gc,heap     ] GC(534) Old regions: 50->50
[271.361s][info][gc,heap     ] GC(534) Humongous regions: 207->207
[271.361s][info][gc,metaspace] GC(534) Metaspace: 56845K(57152K)->56845K(57152K) NonClass: 51219K(51456K)->51219K(51456K) Class: 5625K(5696K)->5625K(5696K)
[271.361s][info][gc          ] GC(534) Pause Young (Normal) (G1 Evacuation Pause) 696M->258M(738M) 6.275ms
[271.361s][info][gc,cpu      ] GC(534) User=0.01s Sys=0.00s Real=0.00s
[272.246s][info][gc,start    ] GC(535) Pause Young (Normal) (G1 Evacuation Pause)
[272.247s][info][gc,task     ] GC(535) Using 2 workers of 2 for evacuation
[272.252s][info][gc,phases   ] GC(535)   Pre Evacuate Collection Set: 0.28ms
[272.252s][info][gc,phases   ] GC(535)   Merge Heap Roots: 0.14ms
[272.252s][info][gc,phases   ] GC(535)   Evacuate Collection Set: 3.77ms
[272.252s][info][gc,phases   ] GC(535)   Post Evacuate Collection Set: 0.74ms
[272.252s][info][gc,phases   ] GC(535)   Other: 0.08ms
[272.252s][info][gc,heap     ] GC(535) Eden regions: 437->0(437)
[272.252s][info][gc,heap     ] GC(535) Survivor regions: 3->3(55)
[272.252s][info][gc,heap     ] GC(535) Old regions: 50->50
[272.252s][info][gc,heap     ] GC(535) Humongous regions: 207->207
[272.252s][info][gc,metaspace] GC(535) Metaspace: 56847K(57216K)->56847K(57216K) NonClass: 51222K(51520K)->51222K(51520K) Class: 5625K(5696K)->5625K(5696K)
[272.252s][info][gc          ] GC(535) Pause Young (Normal) (G1 Evacuation Pause) 695M->259M(738M) 5.191ms
[272.252s][info][gc,cpu      ] GC(535) User=0.01s Sys=0.00s Real=0.00s
[272.830s][info][gc,start    ] GC(536) Pause Young (Concurrent Start) (G1 Humongous Allocation)
[272.830s][info][gc,task     ] GC(536) Using 2 workers of 2 for evacuation
[272.834s][info][gc,phases   ] GC(536)   Pre Evacuate Collection Set: 0.32ms
[272.834s][info][gc,phases   ] GC(536)   Merge Heap Roots: 0.11ms
[272.834s][info][gc,phases   ] GC(536)   Evacuate Collection Set: 2.80ms
[272.834s][info][gc,phases   ] GC(536)   Post Evacuate Collection Set: 0.86ms
[272.834s][info][gc,phases   ] GC(536)   Other: 0.10ms
[272.834s][info][gc,heap     ] GC(536) Eden regions: 287->0(441)
[272.834s][info][gc,heap     ] GC(536) Survivor regions: 3->1(55)
[272.834s][info][gc,heap     ] GC(536) Old regions: 50->50
[272.834s][info][gc,heap     ] GC(536) Humongous regions: 207->207
[272.834s][info][gc,metaspace] GC(536) Metaspace: 56848K(57216K)->56848K(57216K) NonClass: 51223K(51520K)->51223K(51520K) Class: 5625K(5696K)->5625K(5696K)
[272.834s][info][gc          ] GC(536) Pause Young (Concurrent Start) (G1 Humongous Allocation) 546M->257M(738M) 4.342ms
[272.835s][info][gc,cpu      ] GC(536) User=0.01s Sys=0.00s Real=0.01s
[272.835s][info][gc          ] GC(537) Concurrent Undo Cycle
[272.835s][info][gc,marking  ] GC(537) Concurrent Clear Claimed Marks
[272.835s][info][gc,marking  ] GC(537) Concurrent Clear Claimed Marks 0.081ms
[272.835s][info][gc,marking  ] GC(537) Concurrent Cleanup for Next Mark
[272.836s][info][gc,marking  ] GC(537) Concurrent Cleanup for Next Mark 1.484ms
[272.836s][info][gc          ] GC(537) Concurrent Undo Cycle 1.660ms
[272.971s][info][gc,start    ] GC(538) Pause Young (Concurrent Start) (G1 Humongous Allocation)
[272.971s][info][gc,task     ] GC(538) Using 2 workers of 2 for evacuation
[272.974s][info][gc,phases   ] GC(538)   Pre Evacuate Collection Set: 0.31ms
[272.974s][info][gc,phases   ] GC(538)   Merge Heap Roots: 0.06ms
[272.974s][info][gc,phases   ] GC(538)   Evacuate Collection Set: 1.88ms
[272.974s][info][gc,phases   ] GC(538)   Post Evacuate Collection Set: 0.37ms
[272.974s][info][gc,phases   ] GC(538)   Other: 0.11ms
[272.974s][info][gc,heap     ] GC(538) Eden regions: 2->0(402)
[272.974s][info][gc,heap     ] GC(538) Survivor regions: 1->1(56)
[272.974s][info][gc,heap     ] GC(538) Old regions: 50->50
[272.974s][info][gc,heap     ] GC(538) Humongous regions: 246->246
[272.974s][info][gc,metaspace] GC(538) Metaspace: 56848K(57216K)->56848K(57216K) NonClass: 51223K(51520K)->51223K(51520K) Class: 5625K(5696K)->5625K(5696K)
[272.974s][info][gc          ] GC(538) Pause Young (Concurrent Start) (G1 Humongous Allocation) 297M->295M(738M) 2.901ms
[272.974s][info][gc,cpu      ] GC(538) User=0.01s Sys=0.00s Real=0.01s
[272.974s][info][gc          ] GC(539) Concurrent Mark Cycle
[272.974s][info][gc,marking  ] GC(539) Concurrent Scan Root Regions
[272.975s][info][gc,marking  ] GC(539) Concurrent Scan Root Regions 1.439ms
[272.975s][info][gc,marking  ] GC(539) Concurrent Mark
[272.975s][info][gc,marking  ] GC(539) Concurrent Mark From Roots
[272.975s][info][gc,task     ] GC(539) Using 1 workers of 1 for marking
[273.017s][info][gc,marking  ] GC(539) Concurrent Mark From Roots 41.439ms
[273.017s][info][gc,marking  ] GC(539) Concurrent Preclean
[273.017s][info][gc,marking  ] GC(539) Concurrent Preclean 0.064ms
[273.017s][info][gc,start    ] GC(539) Pause Remark
[273.026s][info][gc          ] GC(539) Pause Remark 335M->335M(738M) 9.028ms
[273.026s][info][gc,cpu      ] GC(539) User=0.01s Sys=0.00s Real=0.01s
[273.026s][info][gc,marking  ] GC(539) Concurrent Mark 50.790ms
[273.026s][info][gc,marking  ] GC(539) Concurrent Rebuild Remembered Sets and Scrub Regions
[273.042s][info][gc,marking  ] GC(539) Concurrent Rebuild Remembered Sets and Scrub Regions 15.917ms
[273.042s][info][gc,start    ] GC(539) Pause Cleanup
[273.042s][info][gc          ] GC(539) Pause Cleanup 335M->335M(738M) 0.079ms
[273.042s][info][gc,cpu      ] GC(539) User=0.00s Sys=0.00s Real=0.00s
[273.042s][info][gc,marking  ] GC(539) Concurrent Clear Claimed Marks
[273.042s][info][gc,marking  ] GC(539) Concurrent Clear Claimed Marks 0.085ms
[273.042s][info][gc,marking  ] GC(539) Concurrent Cleanup for Next Mark
[273.045s][info][gc,marking  ] GC(539) Concurrent Cleanup for Next Mark 2.147ms
[273.045s][info][gc          ] GC(539) Concurrent Mark Cycle 70.786ms
[275.941s][info][gc,start    ] GC(540) Pause Young (Prepare Mixed) (G1 Evacuation Pause)
[275.941s][info][gc,task     ] GC(540) Using 2 workers of 2 for evacuation
[275.963s][info][gc,phases   ] GC(540)   Pre Evacuate Collection Set: 0.30ms
[275.963s][info][gc,phases   ] GC(540)   Merge Heap Roots: 0.16ms
[275.963s][info][gc,phases   ] GC(540)   Evacuate Collection Set: 19.70ms
[275.963s][info][gc,phases   ] GC(540)   Post Evacuate Collection Set: 0.84ms
[275.963s][info][gc,phases   ] GC(540)   Other: 0.08ms
[275.963s][info][gc,heap     ] GC(540) Eden regions: 324->0(417)
[275.963s][info][gc,heap     ] GC(540) Survivor regions: 1->25(51)
[275.963s][info][gc,heap     ] GC(540) Old regions: 50->50
[275.963s][info][gc,heap     ] GC(540) Humongous regions: 363->207
[275.963s][info][gc,metaspace] GC(540) Metaspace: 57069K(57344K)->57069K(57344K) NonClass: 51444K(51648K)->51444K(51648K) Class: 5625K(5696K)->5625K(5696K)
[275.963s][info][gc          ] GC(540) Pause Young (Prepare Mixed) (G1 Evacuation Pause) 736M->281M(763M) 21.277ms
[275.963s][info][gc,cpu      ] GC(540) User=0.02s Sys=0.02s Real=0.03s
[276.758s][info][gc,start    ] GC(541) Pause Young (Mixed) (G1 Evacuation Pause)
[276.758s][info][gc,task     ] GC(541) Using 2 workers of 2 for evacuation
[276.771s][info][gc,phases   ] GC(541)   Pre Evacuate Collection Set: 0.31ms
[276.771s][info][gc,phases   ] GC(541)   Merge Heap Roots: 0.17ms
[276.771s][info][gc,phases   ] GC(541)   Evacuate Collection Set: 11.94ms
[276.771s][info][gc,phases   ] GC(541)   Post Evacuate Collection Set: 0.92ms
[276.771s][info][gc,phases   ] GC(541)   Other: 0.12ms
[276.771s][info][gc,heap     ] GC(541) Eden regions: 417->0(419)
[276.771s][info][gc,heap     ] GC(541) Survivor regions: 25->25(56)
[276.771s][info][gc,heap     ] GC(541) Old regions: 50->48
[276.771s][info][gc,heap     ] GC(541) Humongous regions: 207->207
[276.771s][info][gc,metaspace] GC(541) Metaspace: 57069K(57344K)->57069K(57344K) NonClass: 51444K(51648K)->51444K(51648K) Class: 5625K(5696K)->5625K(5696K)
[276.771s][info][gc          ] GC(541) Pause Young (Mixed) (G1 Evacuation Pause) 698M->279M(763M) 13.689ms
[276.771s][info][gc,cpu      ] GC(541) User=0.03s Sys=0.00s Real=0.01s
[277.574s][info][gc,start    ] GC(542) Pause Young (Concurrent Start) (G1 Evacuation Pause)
[277.574s][info][gc,task     ] GC(542) Using 2 workers of 2 for evacuation
[277.584s][info][gc,phases   ] GC(542)   Pre Evacuate Collection Set: 0.30ms
[277.584s][info][gc,phases   ] GC(542)   Merge Heap Roots: 0.14ms
[277.584s][info][gc,phases   ] GC(542)   Evacuate Collection Set: 8.30ms
[277.584s][info][gc,phases   ] GC(542)   Post Evacuate Collection Set: 0.80ms
[277.584s][info][gc,phases   ] GC(542)   Other: 0.11ms
[277.584s][info][gc,heap     ] GC(542) Eden regions: 419->0(421)
[277.584s][info][gc,heap     ] GC(542) Survivor regions: 25->24(56)
[277.584s][info][gc,heap     ] GC(542) Old regions: 48->48
[277.584s][info][gc,heap     ] GC(542) Humongous regions: 207->207
[277.584s][info][gc,metaspace] GC(542) Metaspace: 57069K(57344K)->57069K(57344K) NonClass: 51444K(51648K)->51444K(51648K) Class: 5625K(5696K)->5625K(5696K)
[277.584s][info][gc          ] GC(542) Pause Young (Concurrent Start) (G1 Evacuation Pause) 698M->278M(763M) 9.836ms
[277.584s][info][gc,cpu      ] GC(542) User=0.01s Sys=0.00s Real=0.01s
[277.584s][info][gc          ] GC(543) Concurrent Mark Cycle
[277.585s][info][gc,marking  ] GC(543) Concurrent Scan Root Regions
[277.589s][info][gc,marking  ] GC(543) Concurrent Scan Root Regions 4.326ms
[277.589s][info][gc,marking  ] GC(543) Concurrent Mark
[277.589s][info][gc,marking  ] GC(543) Concurrent Mark From Roots
[277.589s][info][gc,task     ] GC(543) Using 1 workers of 1 for marking
[277.629s][info][gc,marking  ] GC(543) Concurrent Mark From Roots 39.512ms
[277.629s][info][gc,marking  ] GC(543) Concurrent Preclean
[277.629s][info][gc,marking  ] GC(543) Concurrent Preclean 0.048ms
[277.629s][info][gc,start    ] GC(543) Pause Remark
[277.639s][info][gc          ] GC(543) Pause Remark 284M->284M(763M) 9.583ms
[277.639s][info][gc,cpu      ] GC(543) User=0.02s Sys=0.00s Real=0.01s
[277.639s][info][gc,marking  ] GC(543) Concurrent Mark 49.941ms
[277.639s][info][gc,marking  ] GC(543) Concurrent Rebuild Remembered Sets and Scrub Regions
[277.657s][info][gc,marking  ] GC(543) Concurrent Rebuild Remembered Sets and Scrub Regions 18.314ms
[277.658s][info][gc,start    ] GC(543) Pause Cleanup
[277.658s][info][gc          ] GC(543) Pause Cleanup 299M->299M(763M) 0.069ms
[277.658s][info][gc,cpu      ] GC(543) User=0.00s Sys=0.00s Real=0.00s
[277.658s][info][gc,marking  ] GC(543) Concurrent Clear Claimed Marks
[277.658s][info][gc,marking  ] GC(543) Concurrent Clear Claimed Marks 0.085ms
[277.658s][info][gc,marking  ] GC(543) Concurrent Cleanup for Next Mark
[277.661s][info][gc,marking  ] GC(543) Concurrent Cleanup for Next Mark 2.701ms
[277.661s][info][gc          ] GC(543) Concurrent Mark Cycle 76.828ms
[278.447s][info][gc,start    ] GC(544) Pause Young (Prepare Mixed) (G1 Evacuation Pause)
[278.447s][info][gc,task     ] GC(544) Using 2 workers of 2 for evacuation
[278.457s][info][gc,phases   ] GC(544)   Pre Evacuate Collection Set: 0.31ms
[278.457s][info][gc,phases   ] GC(544)   Merge Heap Roots: 0.15ms
[278.457s][info][gc,phases   ] GC(544)   Evacuate Collection Set: 8.68ms
[278.457s][info][gc,phases   ] GC(544)   Post Evacuate Collection Set: 0.81ms
[278.457s][info][gc,phases   ] GC(544)   Other: 0.09ms
[278.457s][info][gc,heap     ] GC(544) Eden regions: 421->0(419)
[278.457s][info][gc,heap     ] GC(544) Survivor regions: 24->25(56)
[278.457s][info][gc,heap     ] GC(544) Old regions: 48->48
[278.457s][info][gc,heap     ] GC(544) Humongous regions: 207->207
[278.457s][info][gc,metaspace] GC(544) Metaspace: 57071K(57344K)->57071K(57344K) NonClass: 51446K(51648K)->51446K(51648K) Class: 5625K(5696K)->5625K(5696K)
[278.457s][info][gc          ] GC(544) Pause Young (Prepare Mixed) (G1 Evacuation Pause) 699M->279M(763M) 10.242ms
[278.457s][info][gc,cpu      ] GC(544) User=0.02s Sys=0.00s Real=0.01s
[279.263s][info][gc,start    ] GC(545) Pause Young (Mixed) (G1 Evacuation Pause)
[279.263s][info][gc,task     ] GC(545) Using 2 workers of 2 for evacuation
[279.275s][info][gc,phases   ] GC(545)   Pre Evacuate Collection Set: 0.30ms
[279.275s][info][gc,phases   ] GC(545)   Merge Heap Roots: 0.14ms
[279.275s][info][gc,phases   ] GC(545)   Evacuate Collection Set: 10.67ms
[279.275s][info][gc,phases   ] GC(545)   Post Evacuate Collection Set: 0.84ms
[279.275s][info][gc,phases   ] GC(545)   Other: 0.08ms
[279.275s][info][gc,heap     ] GC(545) Eden regions: 419->0(418)
[279.275s][info][gc,heap     ] GC(545) Survivor regions: 25->26(56)
[279.275s][info][gc,heap     ] GC(545) Old regions: 48->47
[279.275s][info][gc,heap     ] GC(545) Humongous regions: 207->207
[279.275s][info][gc,metaspace] GC(545) Metaspace: 57071K(57344K)->57071K(57344K) NonClass: 51446K(51648K)->51446K(51648K) Class: 5625K(5696K)->5625K(5696K)
[279.275s][info][gc          ] GC(545) Pause Young (Mixed) (G1 Evacuation Pause) 698M->279M(763M) 12.210ms
[279.275s][info][gc,cpu      ] GC(545) User=0.03s Sys=0.00s Real=0.01s
[280.135s][info][gc,start    ] GC(546) Pause Young (Concurrent Start) (G1 Evacuation Pause)
[280.135s][info][gc,task     ] GC(546) Using 2 workers of 2 for evacuation
[280.144s][info][gc,phases   ] GC(546)   Pre Evacuate Collection Set: 0.31ms
[280.144s][info][gc,phases   ] GC(546)   Merge Heap Roots: 0.13ms
[280.144s][info][gc,phases   ] GC(546)   Evacuate Collection Set: 7.58ms
[280.144s][info][gc,phases   ] GC(546)   Post Evacuate Collection Set: 1.08ms
[280.144s][info][gc,phases   ] GC(546)   Other: 0.12ms
[280.144s][info][gc,heap     ] GC(546) Eden regions: 418->0(422)
[280.144s][info][gc,heap     ] GC(546) Survivor regions: 26->24(56)
[280.144s][info][gc,heap     ] GC(546) Old regions: 47->47
[280.144s][info][gc,heap     ] GC(546) Humongous regions: 207->207
[280.144s][info][gc,metaspace] GC(546) Metaspace: 57071K(57344K)->57071K(57344K) NonClass: 51446K(51648K)->51446K(51648K) Class: 5625K(5696K)->5625K(5696K)
[280.144s][info][gc          ] GC(546) Pause Young (Concurrent Start) (G1 Evacuation Pause) 697M->277M(763M) 9.430ms
[280.144s][info][gc,cpu      ] GC(546) User=0.02s Sys=0.01s Real=0.01s
[280.144s][info][gc          ] GC(547) Concurrent Mark Cycle
[280.146s][info][gc,marking  ] GC(547) Concurrent Scan Root Regions
[280.156s][info][gc,marking  ] GC(547) Concurrent Scan Root Regions 9.822ms
[280.156s][info][gc,marking  ] GC(547) Concurrent Mark
[280.156s][info][gc,marking  ] GC(547) Concurrent Mark From Roots
[280.156s][info][gc,task     ] GC(547) Using 1 workers of 1 for marking
[280.232s][info][gc,marking  ] GC(547) Concurrent Mark From Roots 76.077ms
[280.232s][info][gc,marking  ] GC(547) Concurrent Preclean
[280.232s][info][gc,marking  ] GC(547) Concurrent Preclean 0.056ms
[280.232s][info][gc,start    ] GC(547) Pause Remark
[280.264s][info][gc          ] GC(547) Pause Remark 313M->313M(763M) 32.098ms
[280.264s][info][gc,cpu      ] GC(547) User=0.03s Sys=0.00s Real=0.03s
[280.273s][info][gc,marking  ] GC(547) Concurrent Mark 117.047ms
[280.273s][info][gc,marking  ] GC(547) Concurrent Rebuild Remembered Sets and Scrub Regions
[280.308s][info][gc,marking  ] GC(547) Concurrent Rebuild Remembered Sets and Scrub Regions 35.071ms
[280.308s][info][gc,start    ] GC(547) Pause Cleanup
[280.308s][info][gc          ] GC(547) Pause Cleanup 314M->314M(763M) 0.071ms
[280.308s][info][gc,cpu      ] GC(547) User=0.00s Sys=0.00s Real=0.00s
[280.308s][info][gc,marking  ] GC(547) Concurrent Clear Claimed Marks
[280.308s][info][gc,marking  ] GC(547) Concurrent Clear Claimed Marks 0.094ms
[280.308s][info][gc,marking  ] GC(547) Concurrent Cleanup for Next Mark
[280.311s][info][gc,marking  ] GC(547) Concurrent Cleanup for Next Mark 2.261ms
[280.311s][info][gc          ] GC(547) Concurrent Mark Cycle 166.659ms
[281.052s][info][gc,start    ] GC(548) Pause Young (Prepare Mixed) (G1 Evacuation Pause)
[281.052s][info][gc,task     ] GC(548) Using 2 workers of 2 for evacuation
[281.064s][info][gc,phases   ] GC(548)   Pre Evacuate Collection Set: 0.32ms
[281.064s][info][gc,phases   ] GC(548)   Merge Heap Roots: 0.17ms
[281.064s][info][gc,phases   ] GC(548)   Evacuate Collection Set: 10.42ms
[281.064s][info][gc,phases   ] GC(548)   Post Evacuate Collection Set: 0.84ms
[281.064s][info][gc,phases   ] GC(548)   Other: 0.09ms
[281.064s][info][gc,heap     ] GC(548) Eden regions: 422->0(420)
[281.064s][info][gc,heap     ] GC(548) Survivor regions: 24->25(56)
[281.064s][info][gc,heap     ] GC(548) Old regions: 47->47
[281.064s][info][gc,heap     ] GC(548) Humongous regions: 207->207
[281.064s][info][gc,metaspace] GC(548) Metaspace: 57071K(57344K)->57071K(57344K) NonClass: 51446K(51648K)->51446K(51648K) Class: 5625K(5696K)->5625K(5696K)
[281.064s][info][gc          ] GC(548) Pause Young (Prepare Mixed) (G1 Evacuation Pause) 699M->278M(763M) 12.024ms
[281.064s][info][gc,cpu      ] GC(548) User=0.02s Sys=0.01s Real=0.02s
[281.881s][info][gc,start    ] GC(549) Pause Young (Mixed) (G1 Evacuation Pause)
[281.881s][info][gc,task     ] GC(549) Using 2 workers of 2 for evacuation
[281.893s][info][gc,phases   ] GC(549)   Pre Evacuate Collection Set: 0.31ms
[281.893s][info][gc,phases   ] GC(549)   Merge Heap Roots: 0.16ms
[281.893s][info][gc,phases   ] GC(549)   Evacuate Collection Set: 9.77ms
[281.893s][info][gc,phases   ] GC(549)   Post Evacuate Collection Set: 0.88ms
[281.893s][info][gc,phases   ] GC(549)   Other: 0.11ms
[281.893s][info][gc,heap     ] GC(549) Eden regions: 420->0(421)
[281.893s][info][gc,heap     ] GC(549) Survivor regions: 25->25(56)
[281.893s][info][gc,heap     ] GC(549) Old regions: 47->46
[281.893s][info][gc,heap     ] GC(549) Humongous regions: 207->207
[281.893s][info][gc,metaspace] GC(549) Metaspace: 57071K(57344K)->57071K(57344K) NonClass: 51446K(51648K)->51446K(51648K) Class: 5625K(5696K)->5625K(5696K)
[281.893s][info][gc          ] GC(549) Pause Young (Mixed) (G1 Evacuation Pause) 698M->276M(763M) 11.423ms
[281.893s][info][gc,cpu      ] GC(549) User=0.02s Sys=0.00s Real=0.02s
[282.747s][info][gc,start    ] GC(550) Pause Young (Concurrent Start) (G1 Evacuation Pause)
[282.748s][info][gc,task     ] GC(550) Using 2 workers of 2 for evacuation
[282.758s][info][gc,phases   ] GC(550)   Pre Evacuate Collection Set: 0.34ms
[282.758s][info][gc,phases   ] GC(550)   Merge Heap Roots: 0.14ms
[282.758s][info][gc,phases   ] GC(550)   Evacuate Collection Set: 9.17ms
[282.758s][info][gc,phases   ] GC(550)   Post Evacuate Collection Set: 0.85ms
[282.758s][info][gc,phases   ] GC(550)   Other: 0.12ms
[282.758s][info][gc,heap     ] GC(550) Eden regions: 421->0(421)
[282.758s][info][gc,heap     ] GC(550) Survivor regions: 25->25(56)
[282.758s][info][gc,heap     ] GC(550) Old regions: 46->46
[282.758s][info][gc,heap     ] GC(550) Humongous regions: 207->207
[282.758s][info][gc,metaspace] GC(550) Metaspace: 57071K(57344K)->57071K(57344K) NonClass: 51446K(51648K)->51446K(51648K) Class: 5625K(5696K)->5625K(5696K)
[282.758s][info][gc          ] GC(550) Pause Young (Concurrent Start) (G1 Evacuation Pause) 697M->276M(763M) 10.803ms
[282.758s][info][gc,cpu      ] GC(550) User=0.02s Sys=0.00s Real=0.01s
[282.758s][info][gc          ] GC(551) Concurrent Mark Cycle
[282.759s][info][gc,marking  ] GC(551) Concurrent Scan Root Regions
[282.763s][info][gc,marking  ] GC(551) Concurrent Scan Root Regions 4.812ms
[282.763s][info][gc,marking  ] GC(551) Concurrent Mark
[282.763s][info][gc,marking  ] GC(551) Concurrent Mark From Roots
[282.763s][info][gc,task     ] GC(551) Using 1 workers of 1 for marking
[282.819s][info][gc,marking  ] GC(551) Concurrent Mark From Roots 56.026ms
[282.819s][info][gc,marking  ] GC(551) Concurrent Preclean
[282.819s][info][gc,marking  ] GC(551) Concurrent Preclean 0.061ms
[282.820s][info][gc,start    ] GC(551) Pause Remark
[282.829s][info][gc          ] GC(551) Pause Remark 310M->310M(763M) 9.246ms
[282.829s][info][gc,cpu      ] GC(551) User=0.02s Sys=0.00s Real=0.01s
[282.829s][info][gc,marking  ] GC(551) Concurrent Mark 65.776ms
[282.829s][info][gc,marking  ] GC(551) Concurrent Rebuild Remembered Sets and Scrub Regions
[282.860s][info][gc,marking  ] GC(551) Concurrent Rebuild Remembered Sets and Scrub Regions 30.683ms
[282.860s][info][gc,start    ] GC(551) Pause Cleanup
[282.860s][info][gc          ] GC(551) Pause Cleanup 337M->337M(763M) 0.095ms
[282.860s][info][gc,cpu      ] GC(551) User=0.00s Sys=0.00s Real=0.00s
[282.861s][info][gc,marking  ] GC(551) Concurrent Clear Claimed Marks
[282.861s][info][gc,marking  ] GC(551) Concurrent Clear Claimed Marks 0.119ms
[282.861s][info][gc,marking  ] GC(551) Concurrent Cleanup for Next Mark
[282.867s][info][gc,marking  ] GC(551) Concurrent Cleanup for Next Mark 5.896ms
[282.867s][info][gc          ] GC(551) Concurrent Mark Cycle 109.065ms
[283.560s][info][gc,start    ] GC(552) Pause Young (Prepare Mixed) (G1 Evacuation Pause)
[283.560s][info][gc,task     ] GC(552) Using 2 workers of 2 for evacuation
[283.572s][info][gc,phases   ] GC(552)   Pre Evacuate Collection Set: 0.31ms
[283.573s][info][gc,phases   ] GC(552)   Merge Heap Roots: 0.15ms
[283.573s][info][gc,phases   ] GC(552)   Evacuate Collection Set: 11.06ms
[283.573s][info][gc,phases   ] GC(552)   Post Evacuate Collection Set: 0.84ms
[283.573s][info][gc,phases   ] GC(552)   Other: 0.09ms
[283.573s][info][gc,heap     ] GC(552) Eden regions: 421->0(419)
[283.573s][info][gc,heap     ] GC(552) Survivor regions: 25->26(56)
[283.573s][info][gc,heap     ] GC(552) Old regions: 46->46
[283.573s][info][gc,heap     ] GC(552) Humongous regions: 207->207
[283.573s][info][gc,metaspace] GC(552) Metaspace: 57071K(57344K)->57071K(57344K) NonClass: 51446K(51648K)->51446K(51648K) Class: 5625K(5696K)->5625K(5696K)
[283.573s][info][gc          ] GC(552) Pause Young (Prepare Mixed) (G1 Evacuation Pause) 697M->278M(763M) 12.633ms
[283.573s][info][gc,cpu      ] GC(552) User=0.03s Sys=0.00s Real=0.02s
[284.437s][info][gc,start    ] GC(553) Pause Young (Mixed) (G1 Evacuation Pause)
[284.437s][info][gc,task     ] GC(553) Using 2 workers of 2 for evacuation
[284.447s][info][gc,phases   ] GC(553)   Pre Evacuate Collection Set: 0.29ms
[284.447s][info][gc,phases   ] GC(553)   Merge Heap Roots: 0.14ms
[284.447s][info][gc,phases   ] GC(553)   Evacuate Collection Set: 8.73ms
[284.447s][info][gc,phases   ] GC(553)   Post Evacuate Collection Set: 0.83ms
[284.447s][info][gc,phases   ] GC(553)   Other: 0.08ms
[284.447s][info][gc,heap     ] GC(553) Eden regions: 419->0(424)
[284.447s][info][gc,heap     ] GC(553) Survivor regions: 26->24(56)
[284.447s][info][gc,heap     ] GC(553) Old regions: 46->45
[284.447s][info][gc,heap     ] GC(553) Humongous regions: 207->207
[284.447s][info][gc,metaspace] GC(553) Metaspace: 57071K(57344K)->57071K(57344K) NonClass: 51446K(51648K)->51446K(51648K) Class: 5625K(5696K)->5625K(5696K)
[284.447s][info][gc          ] GC(553) Pause Young (Mixed) (G1 Evacuation Pause) 697M->275M(763M) 10.246ms
[284.447s][info][gc,cpu      ] GC(553) User=0.02s Sys=0.00s Real=0.01s
[285.250s][info][gc,start    ] GC(554) Pause Young (Concurrent Start) (G1 Evacuation Pause)
[285.250s][info][gc,task     ] GC(554) Using 2 workers of 2 for evacuation
[285.261s][info][gc,phases   ] GC(554)   Pre Evacuate Collection Set: 0.31ms
[285.261s][info][gc,phases   ] GC(554)   Merge Heap Roots: 0.14ms
[285.261s][info][gc,phases   ] GC(554)   Evacuate Collection Set: 9.72ms
[285.261s][info][gc,phases   ] GC(554)   Post Evacuate Collection Set: 0.83ms
[285.261s][info][gc,phases   ] GC(554)   Other: 0.10ms
[285.261s][info][gc,heap     ] GC(554) Eden regions: 424->0(420)
[285.261s][info][gc,heap     ] GC(554) Survivor regions: 24->26(56)
[285.261s][info][gc,heap     ] GC(554) Old regions: 45->45
[285.261s][info][gc,heap     ] GC(554) Humongous regions: 207->207
[285.261s][info][gc,metaspace] GC(554) Metaspace: 57071K(57344K)->57071K(57344K) NonClass: 51446K(51648K)->51446K(51648K) Class: 5625K(5696K)->5625K(5696K)
[285.261s][info][gc          ] GC(554) Pause Young (Concurrent Start) (G1 Evacuation Pause) 699M->277M(763M) 11.289ms
[285.261s][info][gc          ] GC(555) Concurrent Mark Cycle
[285.261s][info][gc,marking  ] GC(555) Concurrent Scan Root Regions
[285.261s][info][gc,cpu      ] GC(554) User=0.03s Sys=0.00s Real=0.01s
[285.273s][info][gc,marking  ] GC(555) Concurrent Scan Root Regions 11.385ms
[285.273s][info][gc,marking  ] GC(555) Concurrent Mark
[285.273s][info][gc,marking  ] GC(555) Concurrent Mark From Roots
[285.273s][info][gc,task     ] GC(555) Using 1 workers of 1 for marking
[285.314s][info][gc,marking  ] GC(555) Concurrent Mark From Roots 40.760ms
[285.314s][info][gc,marking  ] GC(555) Concurrent Preclean
[285.314s][info][gc,marking  ] GC(555) Concurrent Preclean 0.056ms
[285.314s][info][gc,start    ] GC(555) Pause Remark
[285.323s][info][gc          ] GC(555) Pause Remark 303M->303M(763M) 9.309ms
[285.323s][info][gc,cpu      ] GC(555) User=0.02s Sys=0.00s Real=0.01s
[285.323s][info][gc,marking  ] GC(555) Concurrent Mark 50.689ms
[285.323s][info][gc,marking  ] GC(555) Concurrent Rebuild Remembered Sets and Scrub Regions
[285.338s][info][gc,marking  ] GC(555) Concurrent Rebuild Remembered Sets and Scrub Regions 14.729ms
[285.338s][info][gc,start    ] GC(555) Pause Cleanup
[285.338s][info][gc          ] GC(555) Pause Cleanup 308M->308M(763M) 0.062ms
[285.338s][info][gc,cpu      ] GC(555) User=0.00s Sys=0.00s Real=0.00s
[285.338s][info][gc,marking  ] GC(555) Concurrent Clear Claimed Marks
[285.339s][info][gc,marking  ] GC(555) Concurrent Clear Claimed Marks 0.080ms
[285.339s][info][gc,marking  ] GC(555) Concurrent Cleanup for Next Mark
[285.341s][info][gc,marking  ] GC(555) Concurrent Cleanup for Next Mark 2.288ms
[285.341s][info][gc          ] GC(555) Concurrent Mark Cycle 79.533ms
[286.075s][info][gc,start    ] GC(556) Pause Young (Prepare Mixed) (G1 Evacuation Pause)
[286.075s][info][gc,task     ] GC(556) Using 2 workers of 2 for evacuation
[286.085s][info][gc,phases   ] GC(556)   Pre Evacuate Collection Set: 0.32ms
[286.085s][info][gc,phases   ] GC(556)   Merge Heap Roots: 0.15ms
[286.085s][info][gc,phases   ] GC(556)   Evacuate Collection Set: 8.29ms
[286.085s][info][gc,phases   ] GC(556)   Post Evacuate Collection Set: 0.81ms
[286.085s][info][gc,phases   ] GC(556)   Other: 0.11ms
[286.085s][info][gc,heap     ] GC(556) Eden regions: 420->0(422)
[286.085s][info][gc,heap     ] GC(556) Survivor regions: 26->25(56)
[286.085s][info][gc,heap     ] GC(556) Old regions: 45->45
[286.085s][info][gc,heap     ] GC(556) Humongous regions: 207->207
[286.085s][info][gc,metaspace] GC(556) Metaspace: 57071K(57344K)->57071K(57344K) NonClass: 51446K(51648K)->51446K(51648K) Class: 5625K(5696K)->5625K(5696K)
[286.085s][info][gc          ] GC(556) Pause Young (Prepare Mixed) (G1 Evacuation Pause) 697M->276M(763M) 9.860ms
[286.085s][info][gc,cpu      ] GC(556) User=0.02s Sys=0.00s Real=0.01s
[286.941s][info][gc,start    ] GC(557) Pause Young (Mixed) (G1 Evacuation Pause)
[286.941s][info][gc,task     ] GC(557) Using 2 workers of 2 for evacuation
[286.951s][info][gc,phases   ] GC(557)   Pre Evacuate Collection Set: 0.30ms
[286.951s][info][gc,phases   ] GC(557)   Merge Heap Roots: 0.15ms
[286.951s][info][gc,phases   ] GC(557)   Evacuate Collection Set: 9.49ms
[286.951s][info][gc,phases   ] GC(557)   Post Evacuate Collection Set: 0.84ms
[286.951s][info][gc,phases   ] GC(557)   Other: 0.10ms
[286.952s][info][gc,heap     ] GC(557) Eden regions: 422->0(420)
[286.952s][info][gc,heap     ] GC(557) Survivor regions: 25->26(56)
[286.952s][info][gc,heap     ] GC(557) Old regions: 45->45
[286.952s][info][gc,heap     ] GC(557) Humongous regions: 207->207
[286.952s][info][gc,metaspace] GC(557) Metaspace: 57071K(57344K)->57071K(57344K) NonClass: 51446K(51648K)->51446K(51648K) Class: 5625K(5696K)->5625K(5696K)
[286.952s][info][gc          ] GC(557) Pause Young (Mixed) (G1 Evacuation Pause) 698M->276M(763M) 11.063ms
[286.952s][info][gc,cpu      ] GC(557) User=0.02s Sys=0.00s Real=0.01s
[287.761s][info][gc,start    ] GC(558) Pause Young (Concurrent Start) (G1 Evacuation Pause)
[287.761s][info][gc,task     ] GC(558) Using 2 workers of 2 for evacuation
[287.772s][info][gc,phases   ] GC(558)   Pre Evacuate Collection Set: 0.32ms
[287.772s][info][gc,phases   ] GC(558)   Merge Heap Roots: 0.12ms
[287.772s][info][gc,phases   ] GC(558)   Evacuate Collection Set: 10.26ms
[287.772s][info][gc,phases   ] GC(558)   Post Evacuate Collection Set: 0.82ms
[287.772s][info][gc,phases   ] GC(558)   Other: 0.09ms
[287.772s][info][gc,heap     ] GC(558) Eden regions: 420->0(420)
[287.772s][info][gc,heap     ] GC(558) Survivor regions: 26->26(56)
[287.772s][info][gc,heap     ] GC(558) Old regions: 45->45
[287.772s][info][gc,heap     ] GC(558) Humongous regions: 207->207
[287.772s][info][gc,metaspace] GC(558) Metaspace: 57071K(57344K)->57071K(57344K) NonClass: 51446K(51648K)->51446K(51648K) Class: 5625K(5696K)->5625K(5696K)
[287.772s][info][gc          ] GC(558) Pause Young (Concurrent Start) (G1 Evacuation Pause) 696M->277M(763M) 11.814ms
[287.772s][info][gc,cpu      ] GC(558) User=0.02s Sys=0.00s Real=0.02s
[287.772s][info][gc          ] GC(559) Concurrent Mark Cycle
[287.775s][info][gc,marking  ] GC(559) Concurrent Scan Root Regions
[287.785s][info][gc,marking  ] GC(559) Concurrent Scan Root Regions 9.601ms
[287.785s][info][gc,marking  ] GC(559) Concurrent Mark
[287.785s][info][gc,marking  ] GC(559) Concurrent Mark From Roots
[287.785s][info][gc,task     ] GC(559) Using 1 workers of 1 for marking
[287.829s][info][gc,marking  ] GC(559) Concurrent Mark From Roots 44.584ms
[287.830s][info][gc,marking  ] GC(559) Concurrent Preclean
[287.830s][info][gc,marking  ] GC(559) Concurrent Preclean 0.052ms
[287.830s][info][gc,start    ] GC(559) Pause Remark
[287.839s][info][gc          ] GC(559) Pause Remark 296M->285M(763M) 9.357ms
[287.839s][info][gc,cpu      ] GC(559) User=0.01s Sys=0.00s Real=0.01s
[287.840s][info][gc,marking  ] GC(559) Concurrent Mark 54.662ms
[287.840s][info][gc,marking  ] GC(559) Concurrent Rebuild Remembered Sets and Scrub Regions
[287.853s][info][gc,marking  ] GC(559) Concurrent Rebuild Remembered Sets and Scrub Regions 13.678ms
[287.854s][info][gc,start    ] GC(559) Pause Cleanup
[287.854s][info][gc          ] GC(559) Pause Cleanup 289M->289M(763M) 0.081ms
[287.854s][info][gc,cpu      ] GC(559) User=0.00s Sys=0.00s Real=0.00s
[287.854s][info][gc,marking  ] GC(559) Concurrent Clear Claimed Marks
[287.854s][info][gc,marking  ] GC(559) Concurrent Clear Claimed Marks 0.097ms
[287.854s][info][gc,marking  ] GC(559) Concurrent Cleanup for Next Mark
[287.863s][info][gc,marking  ] GC(559) Concurrent Cleanup for Next Mark 8.757ms
[287.863s][info][gc          ] GC(559) Concurrent Mark Cycle 90.385ms
[288.631s][info][gc,start    ] GC(560) Pause Young (Prepare Mixed) (G1 Evacuation Pause)
[288.631s][info][gc,task     ] GC(560) Using 2 workers of 2 for evacuation
[288.639s][info][gc,phases   ] GC(560)   Pre Evacuate Collection Set: 0.30ms
[288.639s][info][gc,phases   ] GC(560)   Merge Heap Roots: 0.13ms
[288.639s][info][gc,phases   ] GC(560)   Evacuate Collection Set: 6.79ms
[288.639s][info][gc,phases   ] GC(560)   Post Evacuate Collection Set: 0.80ms
[288.639s][info][gc,phases   ] GC(560)   Other: 0.08ms
[288.639s][info][gc,heap     ] GC(560) Eden regions: 420->0(456)
[288.639s][info][gc,heap     ] GC(560) Survivor regions: 26->1(56)
[288.639s][info][gc,heap     ] GC(560) Old regions: 34->56
[288.639s][info][gc,heap     ] GC(560) Humongous regions: 207->207
[288.639s][info][gc,metaspace] GC(560) Metaspace: 57071K(57344K)->57071K(57344K) NonClass: 51446K(51648K)->51446K(51648K) Class: 5625K(5696K)->5625K(5696K)
[288.639s][info][gc          ] GC(560) Pause Young (Prepare Mixed) (G1 Evacuation Pause) 686M->263M(763M) 8.305ms
[288.639s][info][gc,cpu      ] GC(560) User=0.02s Sys=0.00s Real=0.01s
[289.587s][info][gc,start    ] GC(561) Pause Young (Mixed) (G1 Evacuation Pause)
[289.587s][info][gc,task     ] GC(561) Using 2 workers of 2 for evacuation
[289.592s][info][gc,phases   ] GC(561)   Pre Evacuate Collection Set: 0.30ms
[289.592s][info][gc,phases   ] GC(561)   Merge Heap Roots: 0.15ms
[289.592s][info][gc,phases   ] GC(561)   Evacuate Collection Set: 3.13ms
[289.592s][info][gc,phases   ] GC(561)   Post Evacuate Collection Set: 0.72ms
[289.592s][info][gc,phases   ] GC(561)   Other: 0.09ms
[289.592s][info][gc,heap     ] GC(561) Eden regions: 456->0(455)
[289.592s][info][gc,heap     ] GC(561) Survivor regions: 1->2(58)
[289.592s][info][gc,heap     ] GC(561) Old regions: 56->54
[289.592s][info][gc,heap     ] GC(561) Humongous regions: 207->207
[289.592s][info][gc,metaspace] GC(561) Metaspace: 57071K(57344K)->57071K(57344K) NonClass: 51446K(51648K)->51446K(51648K) Class: 5625K(5696K)->5625K(5696K)
[289.592s][info][gc          ] GC(561) Pause Young (Mixed) (G1 Evacuation Pause) 719M->262M(763M) 4.556ms
[289.592s][info][gc,cpu      ] GC(561) User=0.01s Sys=0.00s Real=0.01s
[290.438s][info][gc,start    ] GC(562) Pause Young (Concurrent Start) (G1 Evacuation Pause)
[290.438s][info][gc,task     ] GC(562) Using 2 workers of 2 for evacuation
[290.443s][info][gc,phases   ] GC(562)   Pre Evacuate Collection Set: 0.31ms
[290.443s][info][gc,phases   ] GC(562)   Merge Heap Roots: 0.11ms
[290.443s][info][gc,phases   ] GC(562)   Evacuate Collection Set: 3.07ms
[290.443s][info][gc,phases   ] GC(562)   Post Evacuate Collection Set: 0.72ms
[290.443s][info][gc,phases   ] GC(562)   Other: 0.13ms
[290.443s][info][gc,heap     ] GC(562) Eden regions: 455->0(455)
[290.443s][info][gc,heap     ] GC(562) Survivor regions: 2->2(58)
[290.443s][info][gc,heap     ] GC(562) Old regions: 54->54
[290.443s][info][gc,heap     ] GC(562) Humongous regions: 207->207
[290.443s][info][gc,metaspace] GC(562) Metaspace: 57071K(57344K)->57071K(57344K) NonClass: 51446K(51648K)->51446K(51648K) Class: 5625K(5696K)->5625K(5696K)
[290.443s][info][gc          ] GC(562) Pause Young (Concurrent Start) (G1 Evacuation Pause) 717M->261M(763M) 4.555ms
[290.443s][info][gc,cpu      ] GC(562) User=0.01s Sys=0.00s Real=0.01s
[290.443s][info][gc          ] GC(563) Concurrent Mark Cycle
[290.443s][info][gc,marking  ] GC(563) Concurrent Scan Root Regions
[290.445s][info][gc,marking  ] GC(563) Concurrent Scan Root Regions 2.469ms
[290.445s][info][gc,marking  ] GC(563) Concurrent Mark
[290.445s][info][gc,marking  ] GC(563) Concurrent Mark From Roots
[290.445s][info][gc,task     ] GC(563) Using 1 workers of 1 for marking
[290.513s][info][gc,marking  ] GC(563) Concurrent Mark From Roots 67.126ms
[290.513s][info][gc,marking  ] GC(563) Concurrent Preclean
[290.513s][info][gc,marking  ] GC(563) Concurrent Preclean 0.070ms
[290.513s][info][gc,start    ] GC(563) Pause Remark
[290.522s][info][gc          ] GC(563) Pause Remark 301M->301M(763M) 9.401ms
[290.522s][info][gc,cpu      ] GC(563) User=0.01s Sys=0.00s Real=0.01s
[290.523s][info][gc,marking  ] GC(563) Concurrent Mark 77.240ms
[290.523s][info][gc,marking  ] GC(563) Concurrent Rebuild Remembered Sets and Scrub Regions
[290.545s][info][gc,marking  ] GC(563) Concurrent Rebuild Remembered Sets and Scrub Regions 22.442ms
[290.546s][info][gc,start    ] GC(563) Pause Cleanup
[290.546s][info][gc          ] GC(563) Pause Cleanup 314M->314M(763M) 0.085ms
[290.546s][info][gc,cpu      ] GC(563) User=0.00s Sys=0.00s Real=0.00s
[290.546s][info][gc,marking  ] GC(563) Concurrent Clear Claimed Marks
[290.546s][info][gc,marking  ] GC(563) Concurrent Clear Claimed Marks 0.097ms
[290.546s][info][gc,marking  ] GC(563) Concurrent Cleanup for Next Mark
[290.551s][info][gc,marking  ] GC(563) Concurrent Cleanup for Next Mark 4.960ms
[290.551s][info][gc          ] GC(563) Concurrent Mark Cycle 108.409ms
[291.442s][info][gc,start    ] GC(564) Pause Young (Prepare Mixed) (G1 Evacuation Pause)
[291.442s][info][gc,task     ] GC(564) Using 2 workers of 2 for evacuation
[291.446s][info][gc,phases   ] GC(564)   Pre Evacuate Collection Set: 0.31ms
[291.446s][info][gc,phases   ] GC(564)   Merge Heap Roots: 0.15ms
[291.446s][info][gc,phases   ] GC(564)   Evacuate Collection Set: 3.14ms
[291.447s][info][gc,phases   ] GC(564)   Post Evacuate Collection Set: 0.75ms
[291.447s][info][gc,phases   ] GC(564)   Other: 0.10ms
[291.447s][info][gc,heap     ] GC(564) Eden regions: 455->0(455)
[291.447s][info][gc,heap     ] GC(564) Survivor regions: 2->2(58)
[291.447s][info][gc,heap     ] GC(564) Old regions: 54->54
[291.447s][info][gc,heap     ] GC(564) Humongous regions: 207->207
[291.447s][info][gc,metaspace] GC(564) Metaspace: 57071K(57344K)->57071K(57344K) NonClass: 51446K(51648K)->51446K(51648K) Class: 5625K(5696K)->5625K(5696K)
[291.447s][info][gc          ] GC(564) Pause Young (Prepare Mixed) (G1 Evacuation Pause) 716M->262M(763M) 4.621ms
[291.447s][info][gc,cpu      ] GC(564) User=0.00s Sys=0.00s Real=0.00s
[292.349s][info][gc,start    ] GC(565) Pause Young (Mixed) (G1 Evacuation Pause)
[292.349s][info][gc,task     ] GC(565) Using 2 workers of 2 for evacuation
[292.354s][info][gc,phases   ] GC(565)   Pre Evacuate Collection Set: 0.31ms
[292.354s][info][gc,phases   ] GC(565)   Merge Heap Roots: 0.14ms
[292.354s][info][gc,phases   ] GC(565)   Evacuate Collection Set: 4.05ms
[292.354s][info][gc,phases   ] GC(565)   Post Evacuate Collection Set: 0.72ms
[292.354s][info][gc,phases   ] GC(565)   Other: 0.08ms
[292.354s][info][gc,heap     ] GC(565) Eden regions: 455->0(454)
[292.354s][info][gc,heap     ] GC(565) Survivor regions: 2->3(58)
[292.354s][info][gc,heap     ] GC(565) Old regions: 54->52
[292.354s][info][gc,heap     ] GC(565) Humongous regions: 207->207
[292.354s][info][gc,metaspace] GC(565) Metaspace: 57071K(57344K)->57071K(57344K) NonClass: 51446K(51648K)->51446K(51648K) Class: 5625K(5696K)->5625K(5696K)
[292.354s][info][gc          ] GC(565) Pause Young (Mixed) (G1 Evacuation Pause) 717M->260M(763M) 5.468ms
[292.354s][info][gc,cpu      ] GC(565) User=0.01s Sys=0.00s Real=0.01s
[293.251s][info][gc,start    ] GC(566) Pause Young (Concurrent Start) (G1 Evacuation Pause)
[293.251s][info][gc,task     ] GC(566) Using 2 workers of 2 for evacuation
[293.256s][info][gc,phases   ] GC(566)   Pre Evacuate Collection Set: 0.30ms
[293.256s][info][gc,phases   ] GC(566)   Merge Heap Roots: 0.14ms
[293.256s][info][gc,phases   ] GC(566)   Evacuate Collection Set: 4.29ms
[293.256s][info][gc,phases   ] GC(566)   Post Evacuate Collection Set: 0.73ms
[293.256s][info][gc,phases   ] GC(566)   Other: 0.10ms
[293.256s][info][gc,heap     ] GC(566) Eden regions: 454->0(454)
[293.256s][info][gc,heap     ] GC(566) Survivor regions: 3->3(58)
[293.256s][info][gc,heap     ] GC(566) Old regions: 52->52
[293.256s][info][gc,heap     ] GC(566) Humongous regions: 207->207
[293.256s][info][gc,metaspace] GC(566) Metaspace: 57071K(57344K)->57071K(57344K) NonClass: 51446K(51648K)->51446K(51648K) Class: 5625K(5696K)->5625K(5696K)
[293.256s][info][gc          ] GC(566) Pause Young (Concurrent Start) (G1 Evacuation Pause) 714M->261M(763M) 5.751ms
[293.256s][info][gc,cpu      ] GC(566) User=0.01s Sys=0.00s Real=0.01s
[293.257s][info][gc          ] GC(567) Concurrent Mark Cycle
[293.257s][info][gc,marking  ] GC(567) Concurrent Scan Root Regions
[293.265s][info][gc,marking  ] GC(567) Concurrent Scan Root Regions 7.478ms
[293.265s][info][gc,marking  ] GC(567) Concurrent Mark
[293.265s][info][gc,marking  ] GC(567) Concurrent Mark From Roots
[293.265s][info][gc,task     ] GC(567) Using 1 workers of 1 for marking
[293.315s][info][gc,marking  ] GC(567) Concurrent Mark From Roots 49.856ms
[293.315s][info][gc,marking  ] GC(567) Concurrent Preclean
[293.315s][info][gc,marking  ] GC(567) Concurrent Preclean 0.072ms
[293.315s][info][gc,start    ] GC(567) Pause Remark
[293.324s][info][gc          ] GC(567) Pause Remark 288M->288M(763M) 9.294ms
[293.324s][info][gc,cpu      ] GC(567) User=0.02s Sys=0.00s Real=0.01s
[293.325s][info][gc,marking  ] GC(567) Concurrent Mark 59.694ms
[293.325s][info][gc,marking  ] GC(567) Concurrent Rebuild Remembered Sets and Scrub Regions
[293.351s][info][gc,marking  ] GC(567) Concurrent Rebuild Remembered Sets and Scrub Regions 26.330ms
[293.351s][info][gc,start    ] GC(567) Pause Cleanup
[293.351s][info][gc          ] GC(567) Pause Cleanup 308M->308M(763M) 0.085ms
[293.351s][info][gc,cpu      ] GC(567) User=0.00s Sys=0.00s Real=0.00s
[293.352s][info][gc,marking  ] GC(567) Concurrent Clear Claimed Marks
[293.352s][info][gc,marking  ] GC(567) Concurrent Clear Claimed Marks 0.110ms
[293.352s][info][gc,marking  ] GC(567) Concurrent Cleanup for Next Mark
[293.357s][info][gc,marking  ] GC(567) Concurrent Cleanup for Next Mark 4.462ms
[293.357s][info][gc          ] GC(567) Concurrent Mark Cycle 99.617ms
[294.202s][info][gc,start    ] GC(568) Pause Young (Prepare Mixed) (G1 Evacuation Pause)
[294.202s][info][gc,task     ] GC(568) Using 2 workers of 2 for evacuation
[294.207s][info][gc,phases   ] GC(568)   Pre Evacuate Collection Set: 0.51ms
[294.207s][info][gc,phases   ] GC(568)   Merge Heap Roots: 0.19ms
[294.207s][info][gc,phases   ] GC(568)   Evacuate Collection Set: 3.38ms
[294.207s][info][gc,phases   ] GC(568)   Post Evacuate Collection Set: 0.76ms
[294.207s][info][gc,phases   ] GC(568)   Other: 0.08ms
[294.207s][info][gc,heap     ] GC(568) Eden regions: 454->0(455)
[294.207s][info][gc,heap     ] GC(568) Survivor regions: 3->2(58)
[294.207s][info][gc,heap     ] GC(568) Old regions: 52->52
[294.207s][info][gc,heap     ] GC(568) Humongous regions: 207->207
[294.207s][info][gc,metaspace] GC(568) Metaspace: 57071K(57344K)->57071K(57344K) NonClass: 51446K(51648K)->51446K(51648K) Class: 5625K(5696K)->5625K(5696K)
[294.207s][info][gc          ] GC(568) Pause Young (Prepare Mixed) (G1 Evacuation Pause) 715M->259M(763M) 5.119ms
[294.207s][info][gc,cpu      ] GC(568) User=0.01s Sys=0.00s Real=0.00s
[295.130s][info][gc,start    ] GC(569) Pause Young (Mixed) (G1 Evacuation Pause)
[295.130s][info][gc,task     ] GC(569) Using 2 workers of 2 for evacuation
[295.134s][info][gc,phases   ] GC(569)   Pre Evacuate Collection Set: 0.31ms
[295.134s][info][gc,phases   ] GC(569)   Merge Heap Roots: 0.12ms
[295.134s][info][gc,phases   ] GC(569)   Evacuate Collection Set: 3.57ms
[295.134s][info][gc,phases   ] GC(569)   Post Evacuate Collection Set: 0.73ms
[295.134s][info][gc,phases   ] GC(569)   Other: 0.08ms
[295.135s][info][gc,heap     ] GC(569) Eden regions: 455->0(455)
[295.135s][info][gc,heap     ] GC(569) Survivor regions: 2->2(58)
[295.135s][info][gc,heap     ] GC(569) Old regions: 52->50
[295.135s][info][gc,heap     ] GC(569) Humongous regions: 207->207
[295.135s][info][gc,metaspace] GC(569) Metaspace: 57071K(57344K)->57071K(57344K) NonClass: 51446K(51648K)->51446K(51648K) Class: 5625K(5696K)->5625K(5696K)
[295.135s][info][gc          ] GC(569) Pause Young (Mixed) (G1 Evacuation Pause) 714M->258M(763M) 4.999ms
[295.135s][info][gc,cpu      ] GC(569) User=0.01s Sys=0.00s Real=0.01s
[295.971s][info][gc,start    ] GC(570) Pause Young (Concurrent Start) (G1 Evacuation Pause)
[295.971s][info][gc,task     ] GC(570) Using 2 workers of 2 for evacuation
[295.976s][info][gc,phases   ] GC(570)   Pre Evacuate Collection Set: 0.30ms
[295.976s][info][gc,phases   ] GC(570)   Merge Heap Roots: 0.12ms
[295.976s][info][gc,phases   ] GC(570)   Evacuate Collection Set: 2.81ms
[295.976s][info][gc,phases   ] GC(570)   Post Evacuate Collection Set: 0.75ms
[295.976s][info][gc,phases   ] GC(570)   Other: 0.13ms
[295.976s][info][gc,heap     ] GC(570) Eden regions: 455->0(456)
[295.976s][info][gc,heap     ] GC(570) Survivor regions: 2->1(58)
[295.976s][info][gc,heap     ] GC(570) Old regions: 50->50
[295.976s][info][gc,heap     ] GC(570) Humongous regions: 207->207
[295.976s][info][gc,metaspace] GC(570) Metaspace: 57071K(57344K)->57071K(57344K) NonClass: 51446K(51648K)->51446K(51648K) Class: 5625K(5696K)->5625K(5696K)
[295.976s][info][gc          ] GC(570) Pause Young (Concurrent Start) (G1 Evacuation Pause) 713M->257M(763M) 4.274ms
[295.976s][info][gc,cpu      ] GC(570) User=0.01s Sys=0.00s Real=0.01s
[295.976s][info][gc          ] GC(571) Concurrent Mark Cycle
[295.976s][info][gc,marking  ] GC(571) Concurrent Scan Root Regions
[295.978s][info][gc,marking  ] GC(571) Concurrent Scan Root Regions 1.850ms
[295.978s][info][gc,marking  ] GC(571) Concurrent Mark
[295.978s][info][gc,marking  ] GC(571) Concurrent Mark From Roots
[295.978s][info][gc,task     ] GC(571) Using 1 workers of 1 for marking
[296.019s][info][gc,marking  ] GC(571) Concurrent Mark From Roots 41.043ms
[296.019s][info][gc,marking  ] GC(571) Concurrent Preclean
[296.019s][info][gc,marking  ] GC(571) Concurrent Preclean 0.062ms
[296.019s][info][gc,start    ] GC(571) Pause Remark
[296.028s][info][gc          ] GC(571) Pause Remark 262M->262M(763M) 9.219ms
[296.028s][info][gc,cpu      ] GC(571) User=0.02s Sys=0.00s Real=0.01s
[296.028s][info][gc,marking  ] GC(571) Concurrent Mark 50.751ms
[296.028s][info][gc,marking  ] GC(571) Concurrent Rebuild Remembered Sets and Scrub Regions
[296.046s][info][gc,marking  ] GC(571) Concurrent Rebuild Remembered Sets and Scrub Regions 17.603ms
[296.046s][info][gc,start    ] GC(571) Pause Cleanup
[296.046s][info][gc          ] GC(571) Pause Cleanup 275M->275M(763M) 0.064ms
[296.046s][info][gc,cpu      ] GC(571) User=0.00s Sys=0.00s Real=0.00s
[296.046s][info][gc,marking  ] GC(571) Concurrent Clear Claimed Marks
[296.046s][info][gc,marking  ] GC(571) Concurrent Clear Claimed Marks 0.082ms
[296.046s][info][gc,marking  ] GC(571) Concurrent Cleanup for Next Mark
[296.049s][info][gc,marking  ] GC(571) Concurrent Cleanup for Next Mark 2.278ms
[296.049s][info][gc          ] GC(571) Concurrent Mark Cycle 72.959ms
[296.936s][info][gc,start    ] GC(572) Pause Young (Prepare Mixed) (G1 Evacuation Pause)
[296.936s][info][gc,task     ] GC(572) Using 2 workers of 2 for evacuation
[296.940s][info][gc,phases   ] GC(572)   Pre Evacuate Collection Set: 0.29ms
[296.940s][info][gc,phases   ] GC(572)   Merge Heap Roots: 0.14ms
[296.940s][info][gc,phases   ] GC(572)   Evacuate Collection Set: 2.44ms
[296.940s][info][gc,phases   ] GC(572)   Post Evacuate Collection Set: 0.75ms
[296.940s][info][gc,phases   ] GC(572)   Other: 0.10ms
[296.940s][info][gc,heap     ] GC(572) Eden regions: 456->0(456)
[296.940s][info][gc,heap     ] GC(572) Survivor regions: 1->1(58)
[296.940s][info][gc,heap     ] GC(572) Old regions: 50->50
[296.940s][info][gc,heap     ] GC(572) Humongous regions: 207->207
[296.940s][info][gc,metaspace] GC(572) Metaspace: 57071K(57344K)->57071K(57344K) NonClass: 51446K(51648K)->51446K(51648K) Class: 5625K(5696K)->5625K(5696K)
[296.940s][info][gc          ] GC(572) Pause Young (Prepare Mixed) (G1 Evacuation Pause) 713M->257M(763M) 3.901ms
[296.940s][info][gc,cpu      ] GC(572) User=0.01s Sys=0.00s Real=0.00s
[297.841s][info][gc,start    ] GC(573) Pause Young (Mixed) (G1 Evacuation Pause)
[297.841s][info][gc,task     ] GC(573) Using 2 workers of 2 for evacuation
[297.846s][info][gc,phases   ] GC(573)   Pre Evacuate Collection Set: 0.30ms
[297.846s][info][gc,phases   ] GC(573)   Merge Heap Roots: 0.12ms
[297.846s][info][gc,phases   ] GC(573)   Evacuate Collection Set: 3.26ms
[297.846s][info][gc,phases   ] GC(573)   Post Evacuate Collection Set: 0.76ms
[297.846s][info][gc,phases   ] GC(573)   Other: 0.08ms
[297.846s][info][gc,heap     ] GC(573) Eden regions: 456->0(455)
[297.846s][info][gc,heap     ] GC(573) Survivor regions: 1->2(58)
[297.846s][info][gc,heap     ] GC(573) Old regions: 50->48
[297.846s][info][gc,heap     ] GC(573) Humongous regions: 207->207
[297.846s][info][gc,metaspace] GC(573) Metaspace: 57071K(57344K)->57071K(57344K) NonClass: 51446K(51648K)->51446K(51648K) Class: 5625K(5696K)->5625K(5696K)
[297.846s][info][gc          ] GC(573) Pause Young (Mixed) (G1 Evacuation Pause) 713M->256M(763M) 4.688ms
[297.846s][info][gc,cpu      ] GC(573) User=0.01s Sys=0.00s Real=0.01s
[298.742s][info][gc,start    ] GC(574) Pause Young (Concurrent Start) (G1 Evacuation Pause)
[298.742s][info][gc,task     ] GC(574) Using 2 workers of 2 for evacuation
[298.747s][info][gc,phases   ] GC(574)   Pre Evacuate Collection Set: 0.29ms
[298.747s][info][gc,phases   ] GC(574)   Merge Heap Roots: 0.13ms
[298.747s][info][gc,phases   ] GC(574)   Evacuate Collection Set: 3.69ms
[298.747s][info][gc,phases   ] GC(574)   Post Evacuate Collection Set: 0.73ms
[298.747s][info][gc,phases   ] GC(574)   Other: 0.11ms
[298.747s][info][gc,heap     ] GC(574) Eden regions: 455->0(454)
[298.747s][info][gc,heap     ] GC(574) Survivor regions: 2->3(58)
[298.747s][info][gc,heap     ] GC(574) Old regions: 48->48
[298.747s][info][gc,heap     ] GC(574) Humongous regions: 207->207
[298.747s][info][gc,metaspace] GC(574) Metaspace: 57071K(57344K)->57071K(57344K) NonClass: 51446K(51648K)->51446K(51648K) Class: 5625K(5696K)->5625K(5696K)
[298.747s][info][gc          ] GC(574) Pause Young (Concurrent Start) (G1 Evacuation Pause) 711M->256M(763M) 5.108ms
[298.747s][info][gc,cpu      ] GC(574) User=0.01s Sys=0.00s Real=0.00s
[298.747s][info][gc          ] GC(575) Concurrent Mark Cycle
[298.747s][info][gc,marking  ] GC(575) Concurrent Scan Root Regions
[298.753s][info][gc,marking  ] GC(575) Concurrent Scan Root Regions 5.654ms
[298.753s][info][gc,marking  ] GC(575) Concurrent Mark
[298.753s][info][gc,marking  ] GC(575) Concurrent Mark From Roots
[298.753s][info][gc,task     ] GC(575) Using 1 workers of 1 for marking
[298.812s][info][gc,marking  ] GC(575) Concurrent Mark From Roots 58.943ms
[298.812s][info][gc,marking  ] GC(575) Concurrent Preclean
[298.812s][info][gc,marking  ] GC(575) Concurrent Preclean 0.073ms
[298.812s][info][gc,start    ] GC(575) Pause Remark
[298.821s][info][gc          ] GC(575) Pause Remark 293M->293M(763M) 9.274ms
[298.821s][info][gc,cpu      ] GC(575) User=0.02s Sys=0.00s Real=0.00s
[298.822s][info][gc,marking  ] GC(575) Concurrent Mark 68.504ms
[298.822s][info][gc,marking  ] GC(575) Concurrent Rebuild Remembered Sets and Scrub Regions
[298.845s][info][gc,marking  ] GC(575) Concurrent Rebuild Remembered Sets and Scrub Regions 23.219ms
[298.845s][info][gc,start    ] GC(575) Pause Cleanup
[298.845s][info][gc          ] GC(575) Pause Cleanup 308M->308M(763M) 0.086ms
[298.845s][info][gc,cpu      ] GC(575) User=0.00s Sys=0.00s Real=0.00s
[298.845s][info][gc,marking  ] GC(575) Concurrent Clear Claimed Marks
[298.845s][info][gc,marking  ] GC(575) Concurrent Clear Claimed Marks 0.099ms
[298.845s][info][gc,marking  ] GC(575) Concurrent Cleanup for Next Mark
[298.848s][info][gc,marking  ] GC(575) Concurrent Cleanup for Next Mark 3.000ms
[298.848s][info][gc          ] GC(575) Concurrent Mark Cycle 101.166ms
[299.647s][info][gc,start    ] GC(576) Pause Young (Prepare Mixed) (G1 Evacuation Pause)
[299.647s][info][gc,task     ] GC(576) Using 2 workers of 2 for evacuation
[299.652s][info][gc,phases   ] GC(576)   Pre Evacuate Collection Set: 0.31ms
[299.652s][info][gc,phases   ] GC(576)   Merge Heap Roots: 0.17ms
[299.652s][info][gc,phases   ] GC(576)   Evacuate Collection Set: 3.79ms
[299.652s][info][gc,phases   ] GC(576)   Post Evacuate Collection Set: 0.77ms
[299.652s][info][gc,phases   ] GC(576)   Other: 0.08ms
[299.652s][info][gc,heap     ] GC(576) Eden regions: 454->0(454)
[299.652s][info][gc,heap     ] GC(576) Survivor regions: 3->3(58)
[299.652s][info][gc,heap     ] GC(576) Old regions: 48->48
[299.652s][info][gc,heap     ] GC(576) Humongous regions: 207->207
[299.652s][info][gc,metaspace] GC(576) Metaspace: 57071K(57344K)->57071K(57344K) NonClass: 51446K(51648K)->51446K(51648K) Class: 5625K(5696K)->5625K(5696K)
[299.652s][info][gc          ] GC(576) Pause Young (Prepare Mixed) (G1 Evacuation Pause) 710M->257M(763M) 5.300ms
[299.652s][info][gc,cpu      ] GC(576) User=0.01s Sys=0.00s Real=0.01s
[300.551s][info][gc,start    ] GC(577) Pause Young (Mixed) (G1 Evacuation Pause)
[300.551s][info][gc,task     ] GC(577) Using 2 workers of 2 for evacuation
[300.557s][info][gc,phases   ] GC(577)   Pre Evacuate Collection Set: 0.30ms
[300.557s][info][gc,phases   ] GC(577)   Merge Heap Roots: 0.13ms
[300.557s][info][gc,phases   ] GC(577)   Evacuate Collection Set: 4.36ms
[300.557s][info][gc,phases   ] GC(577)   Post Evacuate Collection Set: 0.73ms
[300.557s][info][gc,phases   ] GC(577)   Other: 0.08ms
[300.557s][info][gc,heap     ] GC(577) Eden regions: 454->0(454)
[300.557s][info][gc,heap     ] GC(577) Survivor regions: 3->3(58)
[300.557s][info][gc,heap     ] GC(577) Old regions: 48->46
[300.557s][info][gc,heap     ] GC(577) Humongous regions: 207->207
[300.557s][info][gc,metaspace] GC(577) Metaspace: 57072K(57344K)->57072K(57344K) NonClass: 51447K(51648K)->51447K(51648K) Class: 5625K(5696K)->5625K(5696K)
[300.557s][info][gc          ] GC(577) Pause Young (Mixed) (G1 Evacuation Pause) 711M->255M(763M) 5.768ms
[300.557s][info][gc,cpu      ] GC(577) User=0.01s Sys=0.00s Real=0.01s
[301.450s][info][gc,start    ] GC(578) Pause Young (Concurrent Start) (G1 Evacuation Pause)
[301.450s][info][gc,task     ] GC(578) Using 2 workers of 2 for evacuation
[301.456s][info][gc,phases   ] GC(578)   Pre Evacuate Collection Set: 0.31ms
[301.456s][info][gc,phases   ] GC(578)   Merge Heap Roots: 0.15ms
[301.456s][info][gc,phases   ] GC(578)   Evacuate Collection Set: 4.81ms
[301.456s][info][gc,phases   ] GC(578)   Post Evacuate Collection Set: 0.74ms
[301.456s][info][gc,phases   ] GC(578)   Other: 0.10ms
[301.456s][info][gc,heap     ] GC(578) Eden regions: 454->0(453)
[301.456s][info][gc,heap     ] GC(578) Survivor regions: 3->4(58)
[301.456s][info][gc,heap     ] GC(578) Old regions: 46->46
[301.456s][info][gc,heap     ] GC(578) Humongous regions: 207->207
[301.456s][info][gc,metaspace] GC(578) Metaspace: 57072K(57344K)->57072K(57344K) NonClass: 51447K(51648K)->51447K(51648K) Class: 5625K(5696K)->5625K(5696K)
[301.456s][info][gc          ] GC(578) Pause Young (Concurrent Start) (G1 Evacuation Pause) 709M->256M(763M) 6.273ms
[301.456s][info][gc,cpu      ] GC(578) User=0.01s Sys=0.00s Real=0.01s
[301.456s][info][gc          ] GC(579) Concurrent Mark Cycle
[301.456s][info][gc,marking  ] GC(579) Concurrent Scan Root Regions
[301.463s][info][gc,marking  ] GC(579) Concurrent Scan Root Regions 6.739ms
[301.463s][info][gc,marking  ] GC(579) Concurrent Mark
[301.463s][info][gc,marking  ] GC(579) Concurrent Mark From Roots
[301.463s][info][gc,task     ] GC(579) Using 1 workers of 1 for marking
[301.507s][info][gc,marking  ] GC(579) Concurrent Mark From Roots 43.795ms
[301.507s][info][gc,marking  ] GC(579) Concurrent Preclean
[301.507s][info][gc,marking  ] GC(579) Concurrent Preclean 0.070ms
[301.507s][info][gc,start    ] GC(579) Pause Remark
[301.516s][info][gc          ] GC(579) Pause Remark 280M->280M(763M) 9.270ms
[301.516s][info][gc,cpu      ] GC(579) User=0.01s Sys=0.00s Real=0.01s
[301.517s][info][gc,marking  ] GC(579) Concurrent Mark 53.565ms
[301.517s][info][gc,marking  ] GC(579) Concurrent Rebuild Remembered Sets and Scrub Regions
[301.537s][info][gc,marking  ] GC(579) Concurrent Rebuild Remembered Sets and Scrub Regions 20.429ms
[301.538s][info][gc,start    ] GC(579) Pause Cleanup
[301.538s][info][gc          ] GC(579) Pause Cleanup 288M->288M(763M) 0.073ms
[301.538s][info][gc,cpu      ] GC(579) User=0.00s Sys=0.00s Real=0.00s
[301.538s][info][gc,marking  ] GC(579) Concurrent Clear Claimed Marks
[301.538s][info][gc,marking  ] GC(579) Concurrent Clear Claimed Marks 0.096ms
[301.538s][info][gc,marking  ] GC(579) Concurrent Cleanup for Next Mark
[301.541s][info][gc,marking  ] GC(579) Concurrent Cleanup for Next Mark 3.268ms
[301.542s][info][gc          ] GC(579) Concurrent Mark Cycle 85.389ms
[302.458s][info][gc,start    ] GC(580) Pause Young (Prepare Mixed) (G1 Evacuation Pause)
[302.458s][info][gc,task     ] GC(580) Using 2 workers of 2 for evacuation
[302.464s][info][gc,phases   ] GC(580)   Pre Evacuate Collection Set: 0.30ms
[302.464s][info][gc,phases   ] GC(580)   Merge Heap Roots: 0.15ms
[302.464s][info][gc,phases   ] GC(580)   Evacuate Collection Set: 4.60ms
[302.464s][info][gc,phases   ] GC(580)   Post Evacuate Collection Set: 0.72ms
[302.464s][info][gc,phases   ] GC(580)   Other: 0.08ms
[302.464s][info][gc,heap     ] GC(580) Eden regions: 453->0(454)
[302.464s][info][gc,heap     ] GC(580) Survivor regions: 4->3(58)
[302.464s][info][gc,heap     ] GC(580) Old regions: 46->46
[302.464s][info][gc,heap     ] GC(580) Humongous regions: 207->207
[302.464s][info][gc,metaspace] GC(580) Metaspace: 57072K(57344K)->57072K(57344K) NonClass: 51447K(51648K)->51447K(51648K) Class: 5625K(5696K)->5625K(5696K)
[302.464s][info][gc          ] GC(580) Pause Young (Prepare Mixed) (G1 Evacuation Pause) 709M->255M(763M) 6.030ms
[302.464s][info][gc,cpu      ] GC(580) User=0.01s Sys=0.00s Real=0.01s
[303.364s][info][gc,start    ] GC(581) Pause Young (Mixed) (G1 Evacuation Pause)
[303.364s][info][gc,task     ] GC(581) Using 2 workers of 2 for evacuation
[303.373s][info][gc,phases   ] GC(581)   Pre Evacuate Collection Set: 0.30ms
[303.373s][info][gc,phases   ] GC(581)   Merge Heap Roots: 0.16ms
[303.373s][info][gc,phases   ] GC(581)   Evacuate Collection Set: 7.84ms
[303.373s][info][gc,phases   ] GC(581)   Post Evacuate Collection Set: 0.78ms
[303.373s][info][gc,phases   ] GC(581)   Other: 0.08ms
[303.373s][info][gc,heap     ] GC(581) Eden regions: 454->0(453)
[303.373s][info][gc,heap     ] GC(581) Survivor regions: 3->4(58)
[303.373s][info][gc,heap     ] GC(581) Old regions: 46->46
[303.373s][info][gc,heap     ] GC(581) Humongous regions: 207->207
[303.373s][info][gc,metaspace] GC(581) Metaspace: 57072K(57344K)->57072K(57344K) NonClass: 51447K(51648K)->51447K(51648K) Class: 5625K(5696K)->5625K(5696K)
[303.373s][info][gc          ] GC(581) Pause Young (Mixed) (G1 Evacuation Pause) 709M->256M(763M) 9.325ms
[303.373s][info][gc,cpu      ] GC(581) User=0.02s Sys=0.00s Real=0.01s
[304.269s][info][gc,start    ] GC(582) Pause Young (Concurrent Start) (G1 Evacuation Pause)
[304.269s][info][gc,task     ] GC(582) Using 2 workers of 2 for evacuation
[304.275s][info][gc,phases   ] GC(582)   Pre Evacuate Collection Set: 0.30ms
[304.275s][info][gc,phases   ] GC(582)   Merge Heap Roots: 0.11ms
[304.275s][info][gc,phases   ] GC(582)   Evacuate Collection Set: 4.25ms
[304.275s][info][gc,phases   ] GC(582)   Post Evacuate Collection Set: 0.72ms
[304.275s][info][gc,phases   ] GC(582)   Other: 0.14ms
[304.275s][info][gc,heap     ] GC(582) Eden regions: 453->0(454)
[304.275s][info][gc,heap     ] GC(582) Survivor regions: 4->3(58)
[304.275s][info][gc,heap     ] GC(582) Old regions: 46->46
[304.275s][info][gc,heap     ] GC(582) Humongous regions: 207->207
[304.275s][info][gc,metaspace] GC(582) Metaspace: 57072K(57344K)->57072K(57344K) NonClass: 51447K(51648K)->51447K(51648K) Class: 5625K(5696K)->5625K(5696K)
[304.275s][info][gc          ] GC(582) Pause Young (Concurrent Start) (G1 Evacuation Pause) 708M->254M(763M) 5.685ms
[304.275s][info][gc,cpu      ] GC(582) User=0.01s Sys=0.00s Real=0.01s
[304.275s][info][gc          ] GC(583) Concurrent Mark Cycle
[304.276s][info][gc,marking  ] GC(583) Concurrent Scan Root Regions
[304.279s][info][gc,marking  ] GC(583) Concurrent Scan Root Regions 2.788ms
[304.279s][info][gc,marking  ] GC(583) Concurrent Mark
[304.279s][info][gc,marking  ] GC(583) Concurrent Mark From Roots
[304.279s][info][gc,task     ] GC(583) Using 1 workers of 1 for marking
[304.324s][info][gc,marking  ] GC(583) Concurrent Mark From Roots 45.200ms
[304.324s][info][gc,marking  ] GC(583) Concurrent Preclean
[304.324s][info][gc,marking  ] GC(583) Concurrent Preclean 0.067ms
[304.324s][info][gc,start    ] GC(583) Pause Remark
[304.334s][info][gc          ] GC(583) Pause Remark 265M->265M(763M) 9.278ms
[304.334s][info][gc,cpu      ] GC(583) User=0.02s Sys=0.00s Real=0.01s
[304.335s][info][gc,marking  ] GC(583) Concurrent Mark 55.735ms
[304.335s][info][gc,marking  ] GC(583) Concurrent Rebuild Remembered Sets and Scrub Regions
[304.369s][info][gc,marking  ] GC(583) Concurrent Rebuild Remembered Sets and Scrub Regions 34.175ms
[304.370s][info][gc,start    ] GC(583) Pause Cleanup
[304.370s][info][gc          ] GC(583) Pause Cleanup 291M->291M(763M) 0.083ms
[304.370s][info][gc,cpu      ] GC(583) User=0.00s Sys=0.00s Real=0.00s
[304.370s][info][gc,marking  ] GC(583) Concurrent Clear Claimed Marks
[304.370s][info][gc,marking  ] GC(583) Concurrent Clear Claimed Marks 0.085ms
[304.370s][info][gc,marking  ] GC(583) Concurrent Cleanup for Next Mark
[304.374s][info][gc,marking  ] GC(583) Concurrent Cleanup for Next Mark 4.342ms
[304.374s][info][gc          ] GC(583) Concurrent Mark Cycle 99.477ms
[305.179s][info][gc,start    ] GC(584) Pause Young (Prepare Mixed) (G1 Evacuation Pause)
[305.179s][info][gc,task     ] GC(584) Using 2 workers of 2 for evacuation
[305.184s][info][gc,phases   ] GC(584)   Pre Evacuate Collection Set: 0.34ms
[305.184s][info][gc,phases   ] GC(584)   Merge Heap Roots: 0.14ms
[305.184s][info][gc,phases   ] GC(584)   Evacuate Collection Set: 3.28ms
[305.184s][info][gc,phases   ] GC(584)   Post Evacuate Collection Set: 0.73ms
[305.184s][info][gc,phases   ] GC(584)   Other: 0.11ms
[305.184s][info][gc,heap     ] GC(584) Eden regions: 454->0(455)
[305.184s][info][gc,heap     ] GC(584) Survivor regions: 3->2(58)
[305.184s][info][gc,heap     ] GC(584) Old regions: 46->46
[305.184s][info][gc,heap     ] GC(584) Humongous regions: 207->207
[305.184s][info][gc,metaspace] GC(584) Metaspace: 57072K(57344K)->57072K(57344K) NonClass: 51447K(51648K)->51447K(51648K) Class: 5625K(5696K)->5625K(5696K)
[305.184s][info][gc          ] GC(584) Pause Young (Prepare Mixed) (G1 Evacuation Pause) 708M->254M(763M) 4.765ms
[305.184s][info][gc,cpu      ] GC(584) User=0.01s Sys=0.00s Real=0.01s
[306.131s][info][gc,start    ] GC(585) Pause Young (Mixed) (G1 Evacuation Pause)
[306.131s][info][gc,task     ] GC(585) Using 2 workers of 2 for evacuation
[306.137s][info][gc,phases   ] GC(585)   Pre Evacuate Collection Set: 0.28ms
[306.137s][info][gc,phases   ] GC(585)   Merge Heap Roots: 0.16ms
[306.137s][info][gc,phases   ] GC(585)   Evacuate Collection Set: 4.03ms
[306.137s][info][gc,phases   ] GC(585)   Post Evacuate Collection Set: 0.76ms
[306.137s][info][gc,phases   ] GC(585)   Other: 0.08ms
[306.137s][info][gc,heap     ] GC(585) Eden regions: 455->0(456)
[306.137s][info][gc,heap     ] GC(585) Survivor regions: 2->1(58)
[306.137s][info][gc,heap     ] GC(585) Old regions: 46->46
[306.137s][info][gc,heap     ] GC(585) Humongous regions: 207->207
[306.137s][info][gc,metaspace] GC(585) Metaspace: 57072K(57344K)->57072K(57344K) NonClass: 51447K(51648K)->51447K(51648K) Class: 5625K(5696K)->5625K(5696K)
[306.137s][info][gc          ] GC(585) Pause Young (Mixed) (G1 Evacuation Pause) 709M->253M(763M) 5.469ms
[306.137s][info][gc,cpu      ] GC(585) User=0.01s Sys=0.00s Real=0.01s
[307.039s][info][gc,start    ] GC(586) Pause Young (Concurrent Start) (G1 Evacuation Pause)
[307.039s][info][gc,task     ] GC(586) Using 2 workers of 2 for evacuation
[307.044s][info][gc,phases   ] GC(586)   Pre Evacuate Collection Set: 0.28ms
[307.044s][info][gc,phases   ] GC(586)   Merge Heap Roots: 0.14ms
[307.044s][info][gc,phases   ] GC(586)   Evacuate Collection Set: 3.34ms
[307.044s][info][gc,phases   ] GC(586)   Post Evacuate Collection Set: 0.73ms
[307.044s][info][gc,phases   ] GC(586)   Other: 0.10ms
[307.044s][info][gc,heap     ] GC(586) Eden regions: 456->0(455)
[307.044s][info][gc,heap     ] GC(586) Survivor regions: 1->2(58)
[307.044s][info][gc,heap     ] GC(586) Old regions: 46->46
[307.044s][info][gc,heap     ] GC(586) Humongous regions: 207->207
[307.044s][info][gc,metaspace] GC(586) Metaspace: 57073K(57344K)->57073K(57344K) NonClass: 51448K(51648K)->51448K(51648K) Class: 5625K(5696K)->5625K(5696K)
[307.044s][info][gc          ] GC(586) Pause Young (Concurrent Start) (G1 Evacuation Pause) 709M->254M(763M) 4.776ms
[307.044s][info][gc,cpu      ] GC(586) User=0.01s Sys=0.00s Real=0.01s
[307.044s][info][gc          ] GC(587) Concurrent Mark Cycle
[307.044s][info][gc,marking  ] GC(587) Concurrent Scan Root Regions
[307.047s][info][gc,marking  ] GC(587) Concurrent Scan Root Regions 2.505ms
[307.047s][info][gc,marking  ] GC(587) Concurrent Mark
[307.047s][info][gc,marking  ] GC(587) Concurrent Mark From Roots
[307.047s][info][gc,task     ] GC(587) Using 1 workers of 1 for marking
[307.101s][info][gc,marking  ] GC(587) Concurrent Mark From Roots 54.242ms
[307.101s][info][gc,marking  ] GC(587) Concurrent Preclean
[307.101s][info][gc,marking  ] GC(587) Concurrent Preclean 0.089ms
[307.102s][info][gc,start    ] GC(587) Pause Remark
[307.111s][info][gc          ] GC(587) Pause Remark 294M->294M(763M) 9.338ms
[307.111s][info][gc,cpu      ] GC(587) User=0.01s Sys=0.00s Real=0.01s
[307.111s][info][gc,marking  ] GC(587) Concurrent Mark 64.098ms
[307.111s][info][gc,marking  ] GC(587) Concurrent Rebuild Remembered Sets and Scrub Regions
[307.128s][info][gc,marking  ] GC(587) Concurrent Rebuild Remembered Sets and Scrub Regions 16.472ms
[307.128s][info][gc,start    ] GC(587) Pause Cleanup
[307.128s][info][gc          ] GC(587) Pause Cleanup 295M->295M(763M) 0.071ms
[307.128s][info][gc,cpu      ] GC(587) User=0.00s Sys=0.00s Real=0.00s
[307.128s][info][gc,marking  ] GC(587) Concurrent Clear Claimed Marks
[307.128s][info][gc,marking  ] GC(587) Concurrent Clear Claimed Marks 0.085ms
[307.128s][info][gc,marking  ] GC(587) Concurrent Cleanup for Next Mark
[307.130s][info][gc,marking  ] GC(587) Concurrent Cleanup for Next Mark 2.324ms
[307.130s][info][gc          ] GC(587) Concurrent Mark Cycle 86.329ms
[307.945s][info][gc,start    ] GC(588) Pause Young (Prepare Mixed) (G1 Evacuation Pause)
[307.945s][info][gc,task     ] GC(588) Using 2 workers of 2 for evacuation
[307.950s][info][gc,phases   ] GC(588)   Pre Evacuate Collection Set: 0.33ms
[307.950s][info][gc,phases   ] GC(588)   Merge Heap Roots: 0.15ms
[307.950s][info][gc,phases   ] GC(588)   Evacuate Collection Set: 3.44ms
[307.950s][info][gc,phases   ] GC(588)   Post Evacuate Collection Set: 0.73ms
[307.950s][info][gc,phases   ] GC(588)   Other: 0.08ms
[307.950s][info][gc,heap     ] GC(588) Eden regions: 455->0(455)
[307.950s][info][gc,heap     ] GC(588) Survivor regions: 2->2(58)
[307.950s][info][gc,heap     ] GC(588) Old regions: 46->46
[307.950s][info][gc,heap     ] GC(588) Humongous regions: 207->207
[307.950s][info][gc,metaspace] GC(588) Metaspace: 57073K(57344K)->57073K(57344K) NonClass: 51448K(51648K)->51448K(51648K) Class: 5625K(5696K)->5625K(5696K)
[307.950s][info][gc          ] GC(588) Pause Young (Prepare Mixed) (G1 Evacuation Pause) 709M->254M(763M) 4.907ms
[307.950s][info][gc,cpu      ] GC(588) User=0.01s Sys=0.00s Real=0.00s
[308.850s][info][gc,start    ] GC(589) Pause Young (Mixed) (G1 Evacuation Pause)
[308.850s][info][gc,task     ] GC(589) Using 2 workers of 2 for evacuation
[308.857s][info][gc,phases   ] GC(589)   Pre Evacuate Collection Set: 0.31ms
[308.857s][info][gc,phases   ] GC(589)   Merge Heap Roots: 0.14ms
[308.857s][info][gc,phases   ] GC(589)   Evacuate Collection Set: 5.68ms
[308.857s][info][gc,phases   ] GC(589)   Post Evacuate Collection Set: 0.76ms
[308.857s][info][gc,phases   ] GC(589)   Other: 0.10ms
[308.857s][info][gc,heap     ] GC(589) Eden regions: 455->0(454)
[308.857s][info][gc,heap     ] GC(589) Survivor regions: 2->3(58)
[308.857s][info][gc,heap     ] GC(589) Old regions: 46->46
[308.857s][info][gc,heap     ] GC(589) Humongous regions: 207->207
[308.857s][info][gc,metaspace] GC(589) Metaspace: 57073K(57344K)->57073K(57344K) NonClass: 51448K(51648K)->51448K(51648K) Class: 5625K(5696K)->5625K(5696K)
[308.857s][info][gc          ] GC(589) Pause Young (Mixed) (G1 Evacuation Pause) 709M->254M(763M) 7.160ms
[308.857s][info][gc,cpu      ] GC(589) User=0.02s Sys=0.00s Real=0.01s
[309.754s][info][gc,start    ] GC(590) Pause Young (Concurrent Start) (G1 Evacuation Pause)
[309.754s][info][gc,task     ] GC(590) Using 2 workers of 2 for evacuation
[309.760s][info][gc,phases   ] GC(590)   Pre Evacuate Collection Set: 0.29ms
[309.761s][info][gc,phases   ] GC(590)   Merge Heap Roots: 0.13ms
[309.761s][info][gc,phases   ] GC(590)   Evacuate Collection Set: 4.97ms
[309.761s][info][gc,phases   ] GC(590)   Post Evacuate Collection Set: 0.72ms
[309.761s][info][gc,phases   ] GC(590)   Other: 0.13ms
[309.761s][info][gc,heap     ] GC(590) Eden regions: 454->0(454)
[309.761s][info][gc,heap     ] GC(590) Survivor regions: 3->3(58)
[309.761s][info][gc,heap     ] GC(590) Old regions: 46->46
[309.761s][info][gc,heap     ] GC(590) Humongous regions: 207->207
[309.761s][info][gc,metaspace] GC(590) Metaspace: 57078K(57344K)->57078K(57344K) NonClass: 51453K(51648K)->51453K(51648K) Class: 5625K(5696K)->5625K(5696K)
[309.761s][info][gc          ] GC(590) Pause Young (Concurrent Start) (G1 Evacuation Pause) 708M->255M(763M) 6.405ms
[309.761s][info][gc,cpu      ] GC(590) User=0.02s Sys=0.01s Real=0.00s
[309.761s][info][gc          ] GC(591) Concurrent Mark Cycle
[309.761s][info][gc,marking  ] GC(591) Concurrent Scan Root Regions
[309.765s][info][gc,marking  ] GC(591) Concurrent Scan Root Regions 4.167ms
[309.765s][info][gc,marking  ] GC(591) Concurrent Mark
[309.765s][info][gc,marking  ] GC(591) Concurrent Mark From Roots
[309.766s][info][gc,task     ] GC(591) Using 1 workers of 1 for marking
[309.824s][info][gc,marking  ] GC(591) Concurrent Mark From Roots 58.390ms
[309.824s][info][gc,marking  ] GC(591) Concurrent Preclean
[309.824s][info][gc,marking  ] GC(591) Concurrent Preclean 0.090ms
[309.824s][info][gc,start    ] GC(591) Pause Remark
[309.833s][info][gc          ] GC(591) Pause Remark 276M->276M(763M) 9.239ms
[309.833s][info][gc,cpu      ] GC(591) User=0.02s Sys=0.00s Real=0.01s
[309.834s][info][gc,marking  ] GC(591) Concurrent Mark 68.244ms
[309.834s][info][gc,marking  ] GC(591) Concurrent Rebuild Remembered Sets and Scrub Regions
[309.870s][info][gc,marking  ] GC(591) Concurrent Rebuild Remembered Sets and Scrub Regions 36.167ms
[309.870s][info][gc,start    ] GC(591) Pause Cleanup
[309.870s][info][gc          ] GC(591) Pause Cleanup 313M->313M(763M) 0.078ms
[309.870s][info][gc,cpu      ] GC(591) User=0.00s Sys=0.00s Real=0.00s
[309.870s][info][gc,marking  ] GC(591) Concurrent Clear Claimed Marks
[309.870s][info][gc,marking  ] GC(591) Concurrent Clear Claimed Marks 0.089ms
[309.870s][info][gc,marking  ] GC(591) Concurrent Cleanup for Next Mark
[309.874s][info][gc,marking  ] GC(591) Concurrent Cleanup for Next Mark 3.488ms
[309.874s][info][gc          ] GC(591) Concurrent Mark Cycle 113.231ms
[310.723s][info][gc,start    ] GC(592) Pause Young (Prepare Mixed) (G1 Evacuation Pause)
[310.723s][info][gc,task     ] GC(592) Using 2 workers of 2 for evacuation
[310.728s][info][gc,phases   ] GC(592)   Pre Evacuate Collection Set: 0.30ms
[310.728s][info][gc,phases   ] GC(592)   Merge Heap Roots: 0.15ms
[310.728s][info][gc,phases   ] GC(592)   Evacuate Collection Set: 3.55ms
[310.728s][info][gc,phases   ] GC(592)   Post Evacuate Collection Set: 0.73ms
[310.728s][info][gc,phases   ] GC(592)   Other: 0.08ms
[310.728s][info][gc,heap     ] GC(592) Eden regions: 454->0(454)
[310.728s][info][gc,heap     ] GC(592) Survivor regions: 3->3(58)
[310.728s][info][gc,heap     ] GC(592) Old regions: 46->46
[310.728s][info][gc,heap     ] GC(592) Humongous regions: 207->207
[310.728s][info][gc,metaspace] GC(592) Metaspace: 57078K(57344K)->57078K(57344K) NonClass: 51453K(51648K)->51453K(51648K) Class: 5625K(5696K)->5625K(5696K)
[310.728s][info][gc          ] GC(592) Pause Young (Prepare Mixed) (G1 Evacuation Pause) 709M->255M(763M) 4.990ms
[310.728s][info][gc,cpu      ] GC(592) User=0.01s Sys=0.00s Real=0.00s
[311.559s][info][gc,start    ] GC(593) Pause Young (Mixed) (G1 Evacuation Pause)
[311.559s][info][gc,task     ] GC(593) Using 2 workers of 2 for evacuation
[311.567s][info][gc,phases   ] GC(593)   Pre Evacuate Collection Set: 0.30ms
[311.567s][info][gc,phases   ] GC(593)   Merge Heap Roots: 0.18ms
[311.567s][info][gc,phases   ] GC(593)   Evacuate Collection Set: 6.78ms
[311.567s][info][gc,phases   ] GC(593)   Post Evacuate Collection Set: 0.77ms
[311.567s][info][gc,phases   ] GC(593)   Other: 0.08ms
[311.567s][info][gc,heap     ] GC(593) Eden regions: 454->0(454)
[311.567s][info][gc,heap     ] GC(593) Survivor regions: 3->3(58)
[311.567s][info][gc,heap     ] GC(593) Old regions: 46->46
[311.567s][info][gc,heap     ] GC(593) Humongous regions: 207->207
[311.567s][info][gc,metaspace] GC(593) Metaspace: 57078K(57344K)->57078K(57344K) NonClass: 51453K(51648K)->51453K(51648K) Class: 5625K(5696K)->5625K(5696K)
[311.567s][info][gc          ] GC(593) Pause Young (Mixed) (G1 Evacuation Pause) 709M->255M(763M) 8.281ms
[311.567s][info][gc,cpu      ] GC(593) User=0.01s Sys=0.00s Real=0.01s
[312.467s][info][gc,start    ] GC(594) Pause Young (Concurrent Start) (G1 Evacuation Pause)
[312.467s][info][gc,task     ] GC(594) Using 2 workers of 2 for evacuation
[312.473s][info][gc,phases   ] GC(594)   Pre Evacuate Collection Set: 0.33ms
[312.473s][info][gc,phases   ] GC(594)   Merge Heap Roots: 0.13ms
[312.473s][info][gc,phases   ] GC(594)   Evacuate Collection Set: 4.63ms
[312.473s][info][gc,phases   ] GC(594)   Post Evacuate Collection Set: 0.73ms
[312.473s][info][gc,phases   ] GC(594)   Other: 0.10ms
[312.473s][info][gc,heap     ] GC(594) Eden regions: 454->0(454)
[312.473s][info][gc,heap     ] GC(594) Survivor regions: 3->3(58)
[312.473s][info][gc,heap     ] GC(594) Old regions: 46->46
[312.473s][info][gc,heap     ] GC(594) Humongous regions: 207->207
[312.473s][info][gc,metaspace] GC(594) Metaspace: 57078K(57344K)->57078K(57344K) NonClass: 51453K(51648K)->51453K(51648K) Class: 5625K(5696K)->5625K(5696K)
[312.473s][info][gc          ] GC(594) Pause Young (Concurrent Start) (G1 Evacuation Pause) 709M->255M(763M) 6.080ms
[312.473s][info][gc,cpu      ] GC(594) User=0.01s Sys=0.00s Real=0.01s
[312.473s][info][gc          ] GC(595) Concurrent Mark Cycle
[312.474s][info][gc,marking  ] GC(595) Concurrent Scan Root Regions
[312.478s][info][gc,marking  ] GC(595) Concurrent Scan Root Regions 4.212ms
[312.478s][info][gc,marking  ] GC(595) Concurrent Mark
[312.478s][info][gc,marking  ] GC(595) Concurrent Mark From Roots
[312.478s][info][gc,task     ] GC(595) Using 1 workers of 1 for marking
[312.522s][info][gc,marking  ] GC(595) Concurrent Mark From Roots 44.558ms
[312.522s][info][gc,marking  ] GC(595) Concurrent Preclean
[312.522s][info][gc,marking  ] GC(595) Concurrent Preclean 0.062ms
[312.523s][info][gc,start    ] GC(595) Pause Remark
[312.532s][info][gc          ] GC(595) Pause Remark 266M->266M(763M) 9.399ms
[312.532s][info][gc,cpu      ] GC(595) User=0.01s Sys=0.00s Real=0.01s
[312.533s][info][gc,marking  ] GC(595) Concurrent Mark 55.224ms
[312.533s][info][gc,marking  ] GC(595) Concurrent Rebuild Remembered Sets and Scrub Regions
[312.549s][info][gc,marking  ] GC(595) Concurrent Rebuild Remembered Sets and Scrub Regions 15.582ms
[312.549s][info][gc,start    ] GC(595) Pause Cleanup
[312.549s][info][gc          ] GC(595) Pause Cleanup 278M->278M(763M) 0.067ms
[312.549s][info][gc,cpu      ] GC(595) User=0.00s Sys=0.00s Real=0.00s
[312.549s][info][gc,marking  ] GC(595) Concurrent Clear Claimed Marks
[312.549s][info][gc,marking  ] GC(595) Concurrent Clear Claimed Marks 0.092ms
[312.549s][info][gc,marking  ] GC(595) Concurrent Cleanup for Next Mark
[312.551s][info][gc,marking  ] GC(595) Concurrent Cleanup for Next Mark 2.224ms
[312.551s][info][gc          ] GC(595) Concurrent Mark Cycle 77.841ms
[313.470s][info][gc,start    ] GC(596) Pause Young (Prepare Mixed) (G1 Evacuation Pause)
[313.471s][info][gc,task     ] GC(596) Using 2 workers of 2 for evacuation
[313.475s][info][gc,phases   ] GC(596)   Pre Evacuate Collection Set: 0.32ms
[313.475s][info][gc,phases   ] GC(596)   Merge Heap Roots: 0.14ms
[313.475s][info][gc,phases   ] GC(596)   Evacuate Collection Set: 3.02ms
[313.475s][info][gc,phases   ] GC(596)   Post Evacuate Collection Set: 0.71ms
[313.475s][info][gc,phases   ] GC(596)   Other: 0.11ms
[313.475s][info][gc,heap     ] GC(596) Eden regions: 454->0(455)
[313.475s][info][gc,heap     ] GC(596) Survivor regions: 3->2(58)
[313.475s][info][gc,heap     ] GC(596) Old regions: 46->46
[313.475s][info][gc,heap     ] GC(596) Humongous regions: 207->207
[313.475s][info][gc,metaspace] GC(596) Metaspace: 57078K(57344K)->57078K(57344K) NonClass: 51453K(51648K)->51453K(51648K) Class: 5625K(5696K)->5625K(5696K)
[313.475s][info][gc          ] GC(596) Pause Young (Prepare Mixed) (G1 Evacuation Pause) 709M->253M(763M) 4.841ms
[313.475s][info][gc,cpu      ] GC(596) User=0.01s Sys=0.00s Real=0.01s
[314.433s][info][gc,start    ] GC(597) Pause Young (Mixed) (G1 Evacuation Pause)
[314.433s][info][gc,task     ] GC(597) Using 2 workers of 2 for evacuation
[314.438s][info][gc,phases   ] GC(597)   Pre Evacuate Collection Set: 0.29ms
[314.439s][info][gc,phases   ] GC(597)   Merge Heap Roots: 0.15ms
[314.439s][info][gc,phases   ] GC(597)   Evacuate Collection Set: 4.35ms
[314.439s][info][gc,phases   ] GC(597)   Post Evacuate Collection Set: 0.77ms
[314.439s][info][gc,phases   ] GC(597)   Other: 0.10ms
[314.439s][info][gc,heap     ] GC(597) Eden regions: 455->0(456)
[314.439s][info][gc,heap     ] GC(597) Survivor regions: 2->1(58)
[314.439s][info][gc,heap     ] GC(597) Old regions: 46->46
[314.439s][info][gc,heap     ] GC(597) Humongous regions: 207->207
[314.439s][info][gc,metaspace] GC(597) Metaspace: 57078K(57344K)->57078K(57344K) NonClass: 51453K(51648K)->51453K(51648K) Class: 5625K(5696K)->5625K(5696K)
[314.439s][info][gc          ] GC(597) Pause Young (Mixed) (G1 Evacuation Pause) 708M->252M(763M) 5.817ms
[314.439s][info][gc,cpu      ] GC(597) User=0.01s Sys=0.00s Real=0.00s
[315.339s][info][gc,start    ] GC(598) Pause Young (Concurrent Start) (G1 Evacuation Pause)
[315.339s][info][gc,task     ] GC(598) Using 2 workers of 2 for evacuation
[315.343s][info][gc,phases   ] GC(598)   Pre Evacuate Collection Set: 0.28ms
[315.343s][info][gc,phases   ] GC(598)   Merge Heap Roots: 0.11ms
[315.343s][info][gc,phases   ] GC(598)   Evacuate Collection Set: 3.16ms
[315.343s][info][gc,phases   ] GC(598)   Post Evacuate Collection Set: 0.72ms
[315.343s][info][gc,phases   ] GC(598)   Other: 0.11ms
[315.343s][info][gc,heap     ] GC(598) Eden regions: 456->0(455)
[315.343s][info][gc,heap     ] GC(598) Survivor regions: 1->2(58)
[315.343s][info][gc,heap     ] GC(598) Old regions: 46->46
[315.343s][info][gc,heap     ] GC(598) Humongous regions: 207->207
[315.343s][info][gc,metaspace] GC(598) Metaspace: 57078K(57344K)->57078K(57344K) NonClass: 51453K(51648K)->51453K(51648K) Class: 5625K(5696K)->5625K(5696K)
[315.343s][info][gc          ] GC(598) Pause Young (Concurrent Start) (G1 Evacuation Pause) 708M->253M(763M) 4.543ms
[315.343s][info][gc,cpu      ] GC(598) User=0.00s Sys=0.00s Real=0.01s
[315.343s][info][gc          ] GC(599) Concurrent Mark Cycle
[315.344s][info][gc,marking  ] GC(599) Concurrent Scan Root Regions
[315.347s][info][gc,marking  ] GC(599) Concurrent Scan Root Regions 3.319ms
[315.347s][info][gc,marking  ] GC(599) Concurrent Mark
[315.347s][info][gc,marking  ] GC(599) Concurrent Mark From Roots
[315.347s][info][gc,task     ] GC(599) Using 1 workers of 1 for marking
[315.416s][info][gc,marking  ] GC(599) Concurrent Mark From Roots 68.487ms
[315.416s][info][gc,marking  ] GC(599) Concurrent Preclean
[315.416s][info][gc,marking  ] GC(599) Concurrent Preclean 0.085ms
[315.417s][info][gc,start    ] GC(599) Pause Remark
[315.443s][info][gc          ] GC(599) Pause Remark 288M->288M(763M) 25.352ms
[315.443s][info][gc,cpu      ] GC(599) User=0.02s Sys=0.00s Real=0.03s
[315.444s][info][gc,marking  ] GC(599) Concurrent Mark 97.127ms
[315.444s][info][gc,marking  ] GC(599) Concurrent Rebuild Remembered Sets and Scrub Regions
[315.466s][info][gc,marking  ] GC(599) Concurrent Rebuild Remembered Sets and Scrub Regions 21.528ms
[315.466s][info][gc,start    ] GC(599) Pause Cleanup
[315.466s][info][gc          ] GC(599) Pause Cleanup 288M->288M(763M) 0.068ms
[315.466s][info][gc,cpu      ] GC(599) User=0.00s Sys=0.00s Real=0.00s
[315.466s][info][gc,marking  ] GC(599) Concurrent Clear Claimed Marks
[315.466s][info][gc,marking  ] GC(599) Concurrent Clear Claimed Marks 0.087ms
[315.466s][info][gc,marking  ] GC(599) Concurrent Cleanup for Next Mark
[315.468s][info][gc,marking  ] GC(599) Concurrent Cleanup for Next Mark 2.391ms
[315.468s][info][gc          ] GC(599) Concurrent Mark Cycle 125.208ms
[316.277s][info][gc,start    ] GC(600) Pause Young (Prepare Mixed) (G1 Evacuation Pause)
[316.277s][info][gc,task     ] GC(600) Using 2 workers of 2 for evacuation
[316.287s][info][gc,phases   ] GC(600)   Pre Evacuate Collection Set: 0.46ms
[316.287s][info][gc,phases   ] GC(600)   Merge Heap Roots: 0.15ms
[316.287s][info][gc,phases   ] GC(600)   Evacuate Collection Set: 8.58ms
[316.287s][info][gc,phases   ] GC(600)   Post Evacuate Collection Set: 0.81ms
[316.287s][info][gc,phases   ] GC(600)   Other: 0.09ms
[316.287s][info][gc,heap     ] GC(600) Eden regions: 455->0(454)
[316.287s][info][gc,heap     ] GC(600) Survivor regions: 2->3(58)
[316.287s][info][gc,heap     ] GC(600) Old regions: 46->46
[316.287s][info][gc,heap     ] GC(600) Humongous regions: 207->207
[316.287s][info][gc,metaspace] GC(600) Metaspace: 57078K(57344K)->57078K(57344K) NonClass: 51453K(51648K)->51453K(51648K) Class: 5625K(5696K)->5625K(5696K)
[316.287s][info][gc          ] GC(600) Pause Young (Prepare Mixed) (G1 Evacuation Pause) 708M->255M(763M) 10.262ms
[316.287s][info][gc,cpu      ] GC(600) User=0.01s Sys=0.00s Real=0.01s
[317.147s][info][gc,start    ] GC(601) Pause Young (Mixed) (G1 Evacuation Pause)
[317.147s][info][gc,task     ] GC(601) Using 2 workers of 2 for evacuation
[317.159s][info][gc,phases   ] GC(601)   Pre Evacuate Collection Set: 0.29ms
[317.159s][info][gc,phases   ] GC(601)   Merge Heap Roots: 0.14ms
[317.159s][info][gc,phases   ] GC(601)   Evacuate Collection Set: 10.28ms
[317.159s][info][gc,phases   ] GC(601)   Post Evacuate Collection Set: 1.70ms
[317.159s][info][gc,phases   ] GC(601)   Other: 0.09ms
[317.159s][info][gc,heap     ] GC(601) Eden regions: 454->0(454)
[317.159s][info][gc,heap     ] GC(601) Survivor regions: 3->3(58)
[317.159s][info][gc,heap     ] GC(601) Old regions: 46->46
[317.159s][info][gc,heap     ] GC(601) Humongous regions: 207->207
[317.159s][info][gc,metaspace] GC(601) Metaspace: 57078K(57344K)->57078K(57344K) NonClass: 51453K(51648K)->51453K(51648K) Class: 5625K(5696K)->5625K(5696K)
[317.159s][info][gc          ] GC(601) Pause Young (Mixed) (G1 Evacuation Pause) 709M->254M(763M) 12.677ms
[317.159s][info][gc,cpu      ] GC(601) User=0.03s Sys=0.00s Real=0.01s
[318.050s][info][gc,start    ] GC(602) Pause Young (Concurrent Start) (G1 Evacuation Pause)
[318.050s][info][gc,task     ] GC(602) Using 2 workers of 2 for evacuation
[318.056s][info][gc,phases   ] GC(602)   Pre Evacuate Collection Set: 0.32ms
[318.056s][info][gc,phases   ] GC(602)   Merge Heap Roots: 0.11ms
[318.056s][info][gc,phases   ] GC(602)   Evacuate Collection Set: 4.00ms
[318.056s][info][gc,phases   ] GC(602)   Post Evacuate Collection Set: 0.75ms
[318.056s][info][gc,phases   ] GC(602)   Other: 0.10ms
[318.056s][info][gc,heap     ] GC(602) Eden regions: 454->0(454)
[318.056s][info][gc,heap     ] GC(602) Survivor regions: 3->3(58)
[318.056s][info][gc,heap     ] GC(602) Old regions: 46->46
[318.056s][info][gc,heap     ] GC(602) Humongous regions: 207->207
[318.056s][info][gc,metaspace] GC(602) Metaspace: 57079K(57344K)->57079K(57344K) NonClass: 51454K(51648K)->51454K(51648K) Class: 5625K(5696K)->5625K(5696K)
[318.056s][info][gc          ] GC(602) Pause Young (Concurrent Start) (G1 Evacuation Pause) 708M->254M(763M) 5.466ms
[318.056s][info][gc          ] GC(603) Concurrent Mark Cycle
[318.056s][info][gc,marking  ] GC(603) Concurrent Scan Root Regions
[318.056s][info][gc,cpu      ] GC(602) User=0.01s Sys=0.00s Real=0.01s
[318.062s][info][gc,marking  ] GC(603) Concurrent Scan Root Regions 6.324ms
[318.062s][info][gc,marking  ] GC(603) Concurrent Mark
[318.062s][info][gc,marking  ] GC(603) Concurrent Mark From Roots
[318.062s][info][gc,task     ] GC(603) Using 1 workers of 1 for marking
[318.118s][info][gc,marking  ] GC(603) Concurrent Mark From Roots 55.668ms
[318.118s][info][gc,marking  ] GC(603) Concurrent Preclean
[318.118s][info][gc,marking  ] GC(603) Concurrent Preclean 0.066ms
[318.118s][info][gc,start    ] GC(603) Pause Remark
[318.127s][info][gc          ] GC(603) Pause Remark 285M->285M(763M) 9.329ms
[318.127s][info][gc,cpu      ] GC(603) User=0.01s Sys=0.00s Real=0.01s
[318.128s][info][gc,marking  ] GC(603) Concurrent Mark 65.693ms
[318.128s][info][gc,marking  ] GC(603) Concurrent Rebuild Remembered Sets and Scrub Regions
[318.144s][info][gc,marking  ] GC(603) Concurrent Rebuild Remembered Sets and Scrub Regions 16.297ms
[318.144s][info][gc,start    ] GC(603) Pause Cleanup
[318.144s][info][gc          ] GC(603) Pause Cleanup 296M->296M(763M) 0.067ms
[318.144s][info][gc,cpu      ] GC(603) User=0.00s Sys=0.00s Real=0.00s
[318.144s][info][gc,marking  ] GC(603) Concurrent Clear Claimed Marks
[318.144s][info][gc,marking  ] GC(603) Concurrent Clear Claimed Marks 0.079ms
[318.144s][info][gc,marking  ] GC(603) Concurrent Cleanup for Next Mark
[318.147s][info][gc,marking  ] GC(603) Concurrent Cleanup for Next Mark 2.247ms
[318.147s][info][gc          ] GC(603) Concurrent Mark Cycle 91.011ms
[318.955s][info][gc,start    ] GC(604) Pause Young (Prepare Mixed) (G1 Evacuation Pause)
[318.955s][info][gc,task     ] GC(604) Using 2 workers of 2 for evacuation
[318.961s][info][gc,phases   ] GC(604)   Pre Evacuate Collection Set: 0.31ms
[318.961s][info][gc,phases   ] GC(604)   Merge Heap Roots: 0.13ms
[318.961s][info][gc,phases   ] GC(604)   Evacuate Collection Set: 4.95ms
[318.961s][info][gc,phases   ] GC(604)   Post Evacuate Collection Set: 0.73ms
[318.961s][info][gc,phases   ] GC(604)   Other: 0.10ms
[318.961s][info][gc,heap     ] GC(604) Eden regions: 454->0(453)
[318.961s][info][gc,heap     ] GC(604) Survivor regions: 3->4(58)
[318.961s][info][gc,heap     ] GC(604) Old regions: 46->46
[318.961s][info][gc,heap     ] GC(604) Humongous regions: 207->207
[318.961s][info][gc,metaspace] GC(604) Metaspace: 57079K(57344K)->57079K(57344K) NonClass: 51454K(51648K)->51454K(51648K) Class: 5625K(5696K)->5625K(5696K)
[318.961s][info][gc          ] GC(604) Pause Young (Prepare Mixed) (G1 Evacuation Pause) 708M->255M(763M) 6.378ms
[318.961s][info][gc,cpu      ] GC(604) User=0.01s Sys=0.00s Real=0.00s
[319.859s][info][gc,start    ] GC(605) Pause Young (Mixed) (G1 Evacuation Pause)
[319.859s][info][gc,task     ] GC(605) Using 2 workers of 2 for evacuation
[319.867s][info][gc,phases   ] GC(605)   Pre Evacuate Collection Set: 0.29ms
[319.867s][info][gc,phases   ] GC(605)   Merge Heap Roots: 0.14ms
[319.867s][info][gc,phases   ] GC(605)   Evacuate Collection Set: 6.80ms
[319.867s][info][gc,phases   ] GC(605)   Post Evacuate Collection Set: 0.78ms
[319.867s][info][gc,phases   ] GC(605)   Other: 0.11ms
[319.867s][info][gc,heap     ] GC(605) Eden regions: 453->0(453)
[319.867s][info][gc,heap     ] GC(605) Survivor regions: 4->4(58)
[319.867s][info][gc,heap     ] GC(605) Old regions: 46->46
[319.867s][info][gc,heap     ] GC(605) Humongous regions: 207->207
[319.867s][info][gc,metaspace] GC(605) Metaspace: 57079K(57344K)->57079K(57344K) NonClass: 51454K(51648K)->51454K(51648K) Class: 5625K(5696K)->5625K(5696K)
[319.867s][info][gc          ] GC(605) Pause Young (Mixed) (G1 Evacuation Pause) 708M->255M(763M) 8.286ms
[319.867s][info][gc,cpu      ] GC(605) User=0.01s Sys=0.00s Real=0.01s
[320.758s][info][gc,start    ] GC(606) Pause Young (Concurrent Start) (G1 Evacuation Pause)
[320.758s][info][gc,task     ] GC(606) Using 2 workers of 2 for evacuation
[320.764s][info][gc,phases   ] GC(606)   Pre Evacuate Collection Set: 0.28ms
[320.764s][info][gc,phases   ] GC(606)   Merge Heap Roots: 0.13ms
[320.764s][info][gc,phases   ] GC(606)   Evacuate Collection Set: 4.89ms
[320.764s][info][gc,phases   ] GC(606)   Post Evacuate Collection Set: 0.73ms
[320.764s][info][gc,phases   ] GC(606)   Other: 0.13ms
[320.764s][info][gc,heap     ] GC(606) Eden regions: 453->0(453)
[320.764s][info][gc,heap     ] GC(606) Survivor regions: 4->4(58)
[320.764s][info][gc,heap     ] GC(606) Old regions: 46->46
[320.764s][info][gc,heap     ] GC(606) Humongous regions: 207->207
[320.764s][info][gc,metaspace] GC(606) Metaspace: 57079K(57344K)->57079K(57344K) NonClass: 51454K(51648K)->51454K(51648K) Class: 5625K(5696K)->5625K(5696K)
[320.764s][info][gc          ] GC(606) Pause Young (Concurrent Start) (G1 Evacuation Pause) 708M->255M(763M) 6.320ms
[320.764s][info][gc,cpu      ] GC(606) User=0.01s Sys=0.00s Real=0.01s
[320.764s][info][gc          ] GC(607) Concurrent Mark Cycle
[320.764s][info][gc,marking  ] GC(607) Concurrent Scan Root Regions
[320.771s][info][gc,marking  ] GC(607) Concurrent Scan Root Regions 6.208ms
[320.771s][info][gc,marking  ] GC(607) Concurrent Mark
[320.771s][info][gc,marking  ] GC(607) Concurrent Mark From Roots
[320.771s][info][gc,task     ] GC(607) Using 1 workers of 1 for marking
[320.816s][info][gc,marking  ] GC(607) Concurrent Mark From Roots 45.426ms
[320.816s][info][gc,marking  ] GC(607) Concurrent Preclean
[320.816s][info][gc,marking  ] GC(607) Concurrent Preclean 0.069ms
[320.816s][info][gc,start    ] GC(607) Pause Remark
[320.826s][info][gc          ] GC(607) Pause Remark 272M->272M(763M) 9.232ms
[320.826s][info][gc,cpu      ] GC(607) User=0.01s Sys=0.00s Real=0.01s
[320.826s][info][gc,marking  ] GC(607) Concurrent Mark 55.022ms
[320.826s][info][gc,marking  ] GC(607) Concurrent Rebuild Remembered Sets and Scrub Regions
[320.845s][info][gc,marking  ] GC(607) Concurrent Rebuild Remembered Sets and Scrub Regions 19.266ms
[320.845s][info][gc,start    ] GC(607) Pause Cleanup
[320.845s][info][gc          ] GC(607) Pause Cleanup 283M->283M(763M) 0.067ms
[320.845s][info][gc,cpu      ] GC(607) User=0.00s Sys=0.00s Real=0.00s
[320.846s][info][gc,marking  ] GC(607) Concurrent Clear Claimed Marks
[320.846s][info][gc,marking  ] GC(607) Concurrent Clear Claimed Marks 0.124ms
[320.846s][info][gc,marking  ] GC(607) Concurrent Cleanup for Next Mark
[320.848s][info][gc,marking  ] GC(607) Concurrent Cleanup for Next Mark 2.510ms
[320.848s][info][gc          ] GC(607) Concurrent Mark Cycle 84.027ms
[321.667s][info][gc,start    ] GC(608) Pause Young (Prepare Mixed) (G1 Evacuation Pause)
[321.667s][info][gc,task     ] GC(608) Using 2 workers of 2 for evacuation
[321.671s][info][gc,phases   ] GC(608)   Pre Evacuate Collection Set: 0.29ms
[321.671s][info][gc,phases   ] GC(608)   Merge Heap Roots: 0.15ms
[321.671s][info][gc,phases   ] GC(608)   Evacuate Collection Set: 3.28ms
[321.671s][info][gc,phases   ] GC(608)   Post Evacuate Collection Set: 0.75ms
[321.671s][info][gc,phases   ] GC(608)   Other: 0.11ms
[321.671s][info][gc,heap     ] GC(608) Eden regions: 453->0(455)
[321.671s][info][gc,heap     ] GC(608) Survivor regions: 4->2(58)
[321.671s][info][gc,heap     ] GC(608) Old regions: 46->46
[321.671s][info][gc,heap     ] GC(608) Humongous regions: 207->207
[321.671s][info][gc,metaspace] GC(608) Metaspace: 57079K(57344K)->57079K(57344K) NonClass: 51454K(51648K)->51454K(51648K) Class: 5625K(5696K)->5625K(5696K)
[321.671s][info][gc          ] GC(608) Pause Young (Prepare Mixed) (G1 Evacuation Pause) 708M->254M(763M) 4.742ms
[321.671s][info][gc,cpu      ] GC(608) User=0.00s Sys=0.00s Real=0.00s
[322.585s][info][gc,start    ] GC(609) Pause Young (Mixed) (G1 Evacuation Pause)
[322.585s][info][gc,task     ] GC(609) Using 2 workers of 2 for evacuation
[322.602s][info][gc,phases   ] GC(609)   Pre Evacuate Collection Set: 0.46ms
[322.603s][info][gc,phases   ] GC(609)   Merge Heap Roots: 0.17ms
[322.603s][info][gc,phases   ] GC(609)   Evacuate Collection Set: 13.86ms
[322.603s][info][gc,phases   ] GC(609)   Post Evacuate Collection Set: 2.55ms
[322.603s][info][gc,phases   ] GC(609)   Other: 0.21ms
[322.603s][info][gc,heap     ] GC(609) Eden regions: 455->0(455)
[322.603s][info][gc,heap     ] GC(609) Survivor regions: 2->2(58)
[322.603s][info][gc,heap     ] GC(609) Old regions: 46->46
[322.603s][info][gc,heap     ] GC(609) Humongous regions: 207->207
[322.603s][info][gc,metaspace] GC(609) Metaspace: 57079K(57344K)->57079K(57344K) NonClass: 51454K(51648K)->51454K(51648K) Class: 5625K(5696K)->5625K(5696K)
[322.603s][info][gc          ] GC(609) Pause Young (Mixed) (G1 Evacuation Pause) 709M->253M(763M) 17.786ms
[322.603s][info][gc,cpu      ] GC(609) User=0.01s Sys=0.00s Real=0.02s
[323.534s][info][gc,start    ] GC(610) Pause Young (Concurrent Start) (G1 Evacuation Pause)
[323.534s][info][gc,task     ] GC(610) Using 2 workers of 2 for evacuation
[323.537s][info][gc,phases   ] GC(610)   Pre Evacuate Collection Set: 0.32ms
[323.537s][info][gc,phases   ] GC(610)   Merge Heap Roots: 0.11ms
[323.537s][info][gc,phases   ] GC(610)   Evacuate Collection Set: 2.37ms
[323.537s][info][gc,phases   ] GC(610)   Post Evacuate Collection Set: 0.71ms
[323.537s][info][gc,phases   ] GC(610)   Other: 0.11ms
[323.537s][info][gc,heap     ] GC(610) Eden regions: 455->0(456)
[323.537s][info][gc,heap     ] GC(610) Survivor regions: 2->1(58)
[323.537s][info][gc,heap     ] GC(610) Old regions: 46->46
[323.537s][info][gc,heap     ] GC(610) Humongous regions: 207->207
[323.537s][info][gc,metaspace] GC(610) Metaspace: 57079K(57344K)->57079K(57344K) NonClass: 51454K(51648K)->51454K(51648K) Class: 5625K(5696K)->5625K(5696K)
[323.537s][info][gc          ] GC(610) Pause Young (Concurrent Start) (G1 Evacuation Pause) 708M->252M(763M) 3.801ms
[323.537s][info][gc,cpu      ] GC(610) User=0.01s Sys=0.00s Real=0.00s
[323.537s][info][gc          ] GC(611) Concurrent Mark Cycle
[323.539s][info][gc,marking  ] GC(611) Concurrent Scan Root Regions
[323.541s][info][gc,marking  ] GC(611) Concurrent Scan Root Regions 2.097ms
[323.541s][info][gc,marking  ] GC(611) Concurrent Mark
[323.541s][info][gc,marking  ] GC(611) Concurrent Mark From Roots
[323.541s][info][gc,task     ] GC(611) Using 1 workers of 1 for marking
[323.584s][info][gc,marking  ] GC(611) Concurrent Mark From Roots 43.489ms
[323.584s][info][gc,marking  ] GC(611) Concurrent Preclean
[323.584s][info][gc,marking  ] GC(611) Concurrent Preclean 0.068ms
[323.585s][info][gc,start    ] GC(611) Pause Remark
[323.594s][info][gc          ] GC(611) Pause Remark 289M->289M(763M) 9.254ms
[323.594s][info][gc,cpu      ] GC(611) User=0.02s Sys=0.00s Real=0.01s
[323.595s][info][gc,marking  ] GC(611) Concurrent Mark 53.800ms
[323.595s][info][gc,marking  ] GC(611) Concurrent Rebuild Remembered Sets and Scrub Regions
[323.614s][info][gc,marking  ] GC(611) Concurrent Rebuild Remembered Sets and Scrub Regions 19.084ms
[323.614s][info][gc,start    ] GC(611) Pause Cleanup
[323.614s][info][gc          ] GC(611) Pause Cleanup 298M->298M(763M) 0.069ms
[323.614s][info][gc,cpu      ] GC(611) User=0.00s Sys=0.00s Real=0.00s
[323.614s][info][gc,marking  ] GC(611) Concurrent Clear Claimed Marks
[323.614s][info][gc,marking  ] GC(611) Concurrent Clear Claimed Marks 0.084ms
[323.614s][info][gc,marking  ] GC(611) Concurrent Cleanup for Next Mark
[323.616s][info][gc,marking  ] GC(611) Concurrent Cleanup for Next Mark 2.366ms
[323.616s][info][gc          ] GC(611) Concurrent Mark Cycle 78.981ms
[324.475s][info][gc,start    ] GC(612) Pause Young (Prepare Mixed) (G1 Evacuation Pause)
[324.475s][info][gc,task     ] GC(612) Using 2 workers of 2 for evacuation
[324.482s][info][gc,phases   ] GC(612)   Pre Evacuate Collection Set: 0.31ms
[324.482s][info][gc,phases   ] GC(612)   Merge Heap Roots: 0.13ms
[324.482s][info][gc,phases   ] GC(612)   Evacuate Collection Set: 5.74ms
[324.482s][info][gc,phases   ] GC(612)   Post Evacuate Collection Set: 0.72ms
[324.482s][info][gc,phases   ] GC(612)   Other: 0.10ms
[324.482s][info][gc,heap     ] GC(612) Eden regions: 456->0(452)
[324.482s][info][gc,heap     ] GC(612) Survivor regions: 1->5(58)
[324.482s][info][gc,heap     ] GC(612) Old regions: 46->46
[324.482s][info][gc,heap     ] GC(612) Humongous regions: 207->207
[324.482s][info][gc,metaspace] GC(612) Metaspace: 57079K(57344K)->57079K(57344K) NonClass: 51454K(51648K)->51454K(51648K) Class: 5625K(5696K)->5625K(5696K)
[324.482s][info][gc          ] GC(612) Pause Young (Prepare Mixed) (G1 Evacuation Pause) 708M->256M(763M) 7.184ms
[324.482s][info][gc,cpu      ] GC(612) User=0.02s Sys=0.00s Real=0.00s
[325.343s][info][gc,start    ] GC(613) Pause Young (Mixed) (G1 Evacuation Pause)
[325.343s][info][gc,task     ] GC(613) Using 2 workers of 2 for evacuation
[325.349s][info][gc,phases   ] GC(613)   Pre Evacuate Collection Set: 0.29ms
[325.349s][info][gc,phases   ] GC(613)   Merge Heap Roots: 0.13ms
[325.349s][info][gc,phases   ] GC(613)   Evacuate Collection Set: 4.51ms
[325.349s][info][gc,phases   ] GC(613)   Post Evacuate Collection Set: 0.74ms
[325.349s][info][gc,phases   ] GC(613)   Other: 0.10ms
[325.349s][info][gc,heap     ] GC(613) Eden regions: 452->0(455)
[325.349s][info][gc,heap     ] GC(613) Survivor regions: 5->2(58)
[325.349s][info][gc,heap     ] GC(613) Old regions: 46->46
[325.349s][info][gc,heap     ] GC(613) Humongous regions: 207->207
[325.349s][info][gc,metaspace] GC(613) Metaspace: 57079K(57344K)->57079K(57344K) NonClass: 51454K(51648K)->51454K(51648K) Class: 5625K(5696K)->5625K(5696K)
[325.349s][info][gc          ] GC(613) Pause Young (Mixed) (G1 Evacuation Pause) 708M->253M(763M) 5.945ms
[325.349s][info][gc,cpu      ] GC(613) User=0.01s Sys=0.00s Real=0.00s
[325.785s][info][gc,start    ] GC(614) Pause Young (Concurrent Start) (G1 Humongous Allocation)
[325.785s][info][gc,task     ] GC(614) Using 2 workers of 2 for evacuation
[325.788s][info][gc,phases   ] GC(614)   Pre Evacuate Collection Set: 0.31ms
[325.788s][info][gc,phases   ] GC(614)   Merge Heap Roots: 0.10ms
[325.788s][info][gc,phases   ] GC(614)   Evacuate Collection Set: 1.76ms
[325.788s][info][gc,phases   ] GC(614)   Post Evacuate Collection Set: 0.53ms
[325.788s][info][gc,phases   ] GC(614)   Other: 0.11ms
[325.788s][info][gc,heap     ] GC(614) Eden regions: 237->0(456)
[325.788s][info][gc,heap     ] GC(614) Survivor regions: 2->1(58)
[325.788s][info][gc,heap     ] GC(614) Old regions: 46->46
[325.788s][info][gc,heap     ] GC(614) Humongous regions: 207->207
[325.788s][info][gc,metaspace] GC(614) Metaspace: 57083K(57344K)->57083K(57344K) NonClass: 51458K(51648K)->51458K(51648K) Class: 5625K(5696K)->5625K(5696K)
[325.788s][info][gc          ] GC(614) Pause Young (Concurrent Start) (G1 Humongous Allocation) 490M->252M(763M) 2.960ms
[325.788s][info][gc,cpu      ] GC(614) User=0.00s Sys=0.00s Real=0.00s
[325.788s][info][gc          ] GC(615) Concurrent Mark Cycle
[325.788s][info][gc,marking  ] GC(615) Concurrent Scan Root Regions
[325.789s][info][gc,marking  ] GC(615) Concurrent Scan Root Regions 1.345ms
[325.789s][info][gc,marking  ] GC(615) Concurrent Mark
[325.789s][info][gc,marking  ] GC(615) Concurrent Mark From Roots
[325.789s][info][gc,task     ] GC(615) Using 1 workers of 1 for marking
[325.830s][info][gc,marking  ] GC(615) Concurrent Mark From Roots 40.461ms
[325.830s][info][gc,marking  ] GC(615) Concurrent Preclean
[325.830s][info][gc,marking  ] GC(615) Concurrent Preclean 0.069ms
[325.830s][info][gc,start    ] GC(615) Pause Remark
[325.839s][info][gc          ] GC(615) Pause Remark 292M->292M(763M) 9.368ms
[325.839s][info][gc,cpu      ] GC(615) User=0.02s Sys=0.00s Real=0.01s
[325.840s][info][gc,marking  ] GC(615) Concurrent Mark 50.470ms
[325.840s][info][gc,marking  ] GC(615) Concurrent Rebuild Remembered Sets and Scrub Regions
[325.861s][info][gc,marking  ] GC(615) Concurrent Rebuild Remembered Sets and Scrub Regions 20.881ms
[325.861s][info][gc,start    ] GC(615) Pause Cleanup
[325.861s][info][gc          ] GC(615) Pause Cleanup 292M->292M(763M) 0.074ms
[325.861s][info][gc,cpu      ] GC(615) User=0.00s Sys=0.00s Real=0.00s
[325.861s][info][gc,marking  ] GC(615) Concurrent Clear Claimed Marks
[325.861s][info][gc,marking  ] GC(615) Concurrent Clear Claimed Marks 0.240ms
[325.861s][info][gc,marking  ] GC(615) Concurrent Cleanup for Next Mark
[325.863s][info][gc,marking  ] GC(615) Concurrent Cleanup for Next Mark 2.292ms
[325.863s][info][gc          ] GC(615) Concurrent Mark Cycle 75.684ms
[328.871s][info][gc,start    ] GC(616) Pause Young (Prepare Mixed) (G1 Evacuation Pause)
[328.871s][info][gc,task     ] GC(616) Using 2 workers of 2 for evacuation
[328.893s][info][gc,phases   ] GC(616)   Pre Evacuate Collection Set: 0.31ms
[328.893s][info][gc,phases   ] GC(616)   Merge Heap Roots: 0.13ms
[328.893s][info][gc,phases   ] GC(616)   Evacuate Collection Set: 20.57ms
[328.893s][info][gc,phases   ] GC(616)   Post Evacuate Collection Set: 0.88ms
[328.893s][info][gc,phases   ] GC(616)   Other: 0.08ms
[328.893s][info][gc,heap     ] GC(616) Eden regions: 353->0(444)
[328.893s][info][gc,heap     ] GC(616) Survivor regions: 1->26(58)
[328.893s][info][gc,heap     ] GC(616) Old regions: 46->46
[328.893s][info][gc,heap     ] GC(616) Humongous regions: 363->207
[328.893s][info][gc,metaspace] GC(616) Metaspace: 57286K(57600K)->57286K(57600K) NonClass: 51661K(51904K)->51661K(51904K) Class: 5625K(5696K)->5625K(5696K)
[328.893s][info][gc          ] GC(616) Pause Young (Prepare Mixed) (G1 Evacuation Pause) 761M->277M(789M) 22.162ms
[328.893s][info][gc,cpu      ] GC(616) User=0.02s Sys=0.02s Real=0.03s
[329.763s][info][gc,start    ] GC(617) Pause Young (Mixed) (G1 Evacuation Pause)
[329.763s][info][gc,task     ] GC(617) Using 2 workers of 2 for evacuation
[329.775s][info][gc,phases   ] GC(617)   Pre Evacuate Collection Set: 0.31ms
[329.775s][info][gc,phases   ] GC(617)   Merge Heap Roots: 0.13ms
[329.775s][info][gc,phases   ] GC(617)   Evacuate Collection Set: 10.82ms
[329.775s][info][gc,phases   ] GC(617)   Post Evacuate Collection Set: 0.85ms
[329.775s][info][gc,phases   ] GC(617)   Other: 0.09ms
[329.775s][info][gc,heap     ] GC(617) Eden regions: 444->0(442)
[329.775s][info][gc,heap     ] GC(617) Survivor regions: 26->27(59)
[329.775s][info][gc,heap     ] GC(617) Old regions: 46->46
[329.775s][info][gc,heap     ] GC(617) Humongous regions: 207->207
[329.775s][info][gc,metaspace] GC(617) Metaspace: 57286K(57600K)->57286K(57600K) NonClass: 51661K(51904K)->51661K(51904K) Class: 5625K(5696K)->5625K(5696K)
[329.776s][info][gc          ] GC(617) Pause Young (Mixed) (G1 Evacuation Pause) 721M->278M(789M) 12.389ms
[329.776s][info][gc,cpu      ] GC(617) User=0.02s Sys=0.00s Real=0.01s
[330.653s][info][gc,start    ] GC(618) Pause Young (Concurrent Start) (G1 Evacuation Pause)
[330.654s][info][gc,task     ] GC(618) Using 2 workers of 2 for evacuation
[330.664s][info][gc,phases   ] GC(618)   Pre Evacuate Collection Set: 0.29ms
[330.664s][info][gc,phases   ] GC(618)   Merge Heap Roots: 0.15ms
[330.664s][info][gc,phases   ] GC(618)   Evacuate Collection Set: 9.17ms
[330.664s][info][gc,phases   ] GC(618)   Post Evacuate Collection Set: 0.85ms
[330.664s][info][gc,phases   ] GC(618)   Other: 0.12ms
[330.664s][info][gc,heap     ] GC(618) Eden regions: 442->0(444)
[330.664s][info][gc,heap     ] GC(618) Survivor regions: 27->26(59)
[330.664s][info][gc,heap     ] GC(618) Old regions: 46->46
[330.664s][info][gc,heap     ] GC(618) Humongous regions: 207->207
[330.664s][info][gc,metaspace] GC(618) Metaspace: 57286K(57600K)->57286K(57600K) NonClass: 51661K(51904K)->51661K(51904K) Class: 5625K(5696K)->5625K(5696K)
[330.664s][info][gc          ] GC(618) Pause Young (Concurrent Start) (G1 Evacuation Pause) 720M->277M(789M) 10.770ms
[330.664s][info][gc,cpu      ] GC(618) User=0.02s Sys=0.00s Real=0.01s
[330.664s][info][gc          ] GC(619) Concurrent Mark Cycle
[330.664s][info][gc,marking  ] GC(619) Concurrent Scan Root Regions
[330.677s][info][gc,marking  ] GC(619) Concurrent Scan Root Regions 12.717ms
[330.677s][info][gc,marking  ] GC(619) Concurrent Mark
[330.677s][info][gc,marking  ] GC(619) Concurrent Mark From Roots
[330.677s][info][gc,task     ] GC(619) Using 1 workers of 1 for marking
[330.723s][info][gc,marking  ] GC(619) Concurrent Mark From Roots 45.805ms
[330.723s][info][gc,marking  ] GC(619) Concurrent Preclean
[330.723s][info][gc,marking  ] GC(619) Concurrent Preclean 0.058ms
[330.723s][info][gc,start    ] GC(619) Pause Remark
[330.733s][info][gc          ] GC(619) Pause Remark 301M->301M(789M) 9.773ms
[330.733s][info][gc,cpu      ] GC(619) User=0.01s Sys=0.00s Real=0.01s
[330.734s][info][gc,marking  ] GC(619) Concurrent Mark 56.464ms
[330.734s][info][gc,marking  ] GC(619) Concurrent Rebuild Remembered Sets and Scrub Regions
[330.766s][info][gc,marking  ] GC(619) Concurrent Rebuild Remembered Sets and Scrub Regions 32.486ms
[330.767s][info][gc,start    ] GC(619) Pause Cleanup
[330.767s][info][gc          ] GC(619) Pause Cleanup 334M->334M(789M) 0.089ms
[330.767s][info][gc,cpu      ] GC(619) User=0.00s Sys=0.00s Real=0.00s
[330.767s][info][gc,marking  ] GC(619) Concurrent Clear Claimed Marks
[330.767s][info][gc,marking  ] GC(619) Concurrent Clear Claimed Marks 0.087ms
[330.767s][info][gc,marking  ] GC(619) Concurrent Cleanup for Next Mark
[330.773s][info][gc,marking  ] GC(619) Concurrent Cleanup for Next Mark 6.440ms
[330.773s][info][gc          ] GC(619) Concurrent Mark Cycle 109.054ms
[331.550s][info][gc,start    ] GC(620) Pause Young (Prepare Mixed) (G1 Evacuation Pause)
[331.550s][info][gc,task     ] GC(620) Using 2 workers of 2 for evacuation
[331.562s][info][gc,phases   ] GC(620)   Pre Evacuate Collection Set: 0.28ms
[331.562s][info][gc,phases   ] GC(620)   Merge Heap Roots: 0.16ms
[331.562s][info][gc,phases   ] GC(620)   Evacuate Collection Set: 9.76ms
[331.562s][info][gc,phases   ] GC(620)   Post Evacuate Collection Set: 0.90ms
[331.562s][info][gc,phases   ] GC(620)   Other: 0.09ms
[331.562s][info][gc,heap     ] GC(620) Eden regions: 444->0(444)
[331.562s][info][gc,heap     ] GC(620) Survivor regions: 26->26(59)
[331.562s][info][gc,heap     ] GC(620) Old regions: 46->46
[331.562s][info][gc,heap     ] GC(620) Humongous regions: 207->207
[331.562s][info][gc,metaspace] GC(620) Metaspace: 57286K(57600K)->57286K(57600K) NonClass: 51661K(51904K)->51661K(51904K) Class: 5625K(5696K)->5625K(5696K)
[331.562s][info][gc          ] GC(620) Pause Young (Prepare Mixed) (G1 Evacuation Pause) 721M->278M(789M) 11.368ms
[331.562s][info][gc,cpu      ] GC(620) User=0.02s Sys=0.00s Real=0.01s
[332.441s][info][gc,start    ] GC(621) Pause Young (Mixed) (G1 Evacuation Pause)
[332.441s][info][gc,task     ] GC(621) Using 2 workers of 2 for evacuation
[332.454s][info][gc,phases   ] GC(621)   Pre Evacuate Collection Set: 0.33ms
[332.454s][info][gc,phases   ] GC(621)   Merge Heap Roots: 0.18ms
[332.454s][info][gc,phases   ] GC(621)   Evacuate Collection Set: 11.70ms
[332.454s][info][gc,phases   ] GC(621)   Post Evacuate Collection Set: 0.89ms
[332.454s][info][gc,phases   ] GC(621)   Other: 0.09ms
[332.454s][info][gc,heap     ] GC(621) Eden regions: 444->0(447)
[332.454s][info][gc,heap     ] GC(621) Survivor regions: 26->25(59)
[332.454s][info][gc,heap     ] GC(621) Old regions: 46->45
[332.454s][info][gc,heap     ] GC(621) Humongous regions: 207->207
[332.454s][info][gc,metaspace] GC(621) Metaspace: 57286K(57600K)->57286K(57600K) NonClass: 51661K(51904K)->51661K(51904K) Class: 5625K(5696K)->5625K(5696K)
[332.454s][info][gc          ] GC(621) Pause Young (Mixed) (G1 Evacuation Pause) 722M->276M(789M) 13.377ms
[332.454s][info][gc,cpu      ] GC(621) User=0.03s Sys=0.00s Real=0.02s
[333.334s][info][gc,start    ] GC(622) Pause Young (Concurrent Start) (G1 Evacuation Pause)
[333.334s][info][gc,task     ] GC(622) Using 2 workers of 2 for evacuation
[333.343s][info][gc,phases   ] GC(622)   Pre Evacuate Collection Set: 0.29ms
[333.343s][info][gc,phases   ] GC(622)   Merge Heap Roots: 0.13ms
[333.343s][info][gc,phases   ] GC(622)   Evacuate Collection Set: 7.65ms
[333.343s][info][gc,phases   ] GC(622)   Post Evacuate Collection Set: 0.89ms
[333.343s][info][gc,phases   ] GC(622)   Other: 0.10ms
[333.343s][info][gc,heap     ] GC(622) Eden regions: 447->0(447)
[333.343s][info][gc,heap     ] GC(622) Survivor regions: 25->25(59)
[333.343s][info][gc,heap     ] GC(622) Old regions: 45->45
[333.343s][info][gc,heap     ] GC(622) Humongous regions: 207->207
[333.343s][info][gc,metaspace] GC(622) Metaspace: 57286K(57600K)->57286K(57600K) NonClass: 51661K(51904K)->51661K(51904K) Class: 5625K(5696K)->5625K(5696K)
[333.343s][info][gc          ] GC(622) Pause Young (Concurrent Start) (G1 Evacuation Pause) 723M->276M(789M) 9.277ms
[333.343s][info][gc          ] GC(623) Concurrent Mark Cycle
[333.343s][info][gc,marking  ] GC(623) Concurrent Scan Root Regions
[333.345s][info][gc,cpu      ] GC(622) User=0.02s Sys=0.00s Real=0.01s
[333.349s][info][gc,marking  ] GC(623) Concurrent Scan Root Regions 5.538ms
[333.349s][info][gc,marking  ] GC(623) Concurrent Mark
[333.349s][info][gc,marking  ] GC(623) Concurrent Mark From Roots
[333.349s][info][gc,task     ] GC(623) Using 1 workers of 1 for marking
[333.407s][info][gc,marking  ] GC(623) Concurrent Mark From Roots 57.991ms
[333.407s][info][gc,marking  ] GC(623) Concurrent Preclean
[333.407s][info][gc,marking  ] GC(623) Concurrent Preclean 0.067ms
[333.407s][info][gc,start    ] GC(623) Pause Remark
[333.417s][info][gc          ] GC(623) Pause Remark 320M->320M(789M) 9.840ms
[333.417s][info][gc,cpu      ] GC(623) User=0.02s Sys=0.00s Real=0.01s
[333.417s][info][gc,marking  ] GC(623) Concurrent Mark 68.222ms
[333.417s][info][gc,marking  ] GC(623) Concurrent Rebuild Remembered Sets and Scrub Regions
[333.436s][info][gc,marking  ] GC(623) Concurrent Rebuild Remembered Sets and Scrub Regions 18.834ms
[333.436s][info][gc,start    ] GC(623) Pause Cleanup
[333.436s][info][gc          ] GC(623) Pause Cleanup 328M->328M(789M) 0.068ms
[333.436s][info][gc,cpu      ] GC(623) User=0.00s Sys=0.00s Real=0.00s
[333.436s][info][gc,marking  ] GC(623) Concurrent Clear Claimed Marks
[333.436s][info][gc,marking  ] GC(623) Concurrent Clear Claimed Marks 0.096ms
[333.436s][info][gc,marking  ] GC(623) Concurrent Cleanup for Next Mark
[333.441s][info][gc,marking  ] GC(623) Concurrent Cleanup for Next Mark 4.364ms
[333.441s][info][gc          ] GC(623) Concurrent Mark Cycle 97.464ms
[334.232s][info][gc,start    ] GC(624) Pause Young (Prepare Mixed) (G1 Evacuation Pause)
[334.232s][info][gc,task     ] GC(624) Using 2 workers of 2 for evacuation
[334.240s][info][gc,phases   ] GC(624)   Pre Evacuate Collection Set: 0.29ms
[334.240s][info][gc,phases   ] GC(624)   Merge Heap Roots: 0.14ms
[334.240s][info][gc,phases   ] GC(624)   Evacuate Collection Set: 7.10ms
[334.240s][info][gc,phases   ] GC(624)   Post Evacuate Collection Set: 0.85ms
[334.240s][info][gc,phases   ] GC(624)   Other: 0.08ms
[334.240s][info][gc,heap     ] GC(624) Eden regions: 447->0(449)
[334.240s][info][gc,heap     ] GC(624) Survivor regions: 25->24(59)
[334.240s][info][gc,heap     ] GC(624) Old regions: 45->45
[334.240s][info][gc,heap     ] GC(624) Humongous regions: 207->207
[334.240s][info][gc,metaspace] GC(624) Metaspace: 57286K(57600K)->57286K(57600K) NonClass: 51661K(51904K)->51661K(51904K) Class: 5625K(5696K)->5625K(5696K)
[334.240s][info][gc          ] GC(624) Pause Young (Prepare Mixed) (G1 Evacuation Pause) 723M->275M(789M) 8.657ms
[334.240s][info][gc,cpu      ] GC(624) User=0.01s Sys=0.00s Real=0.01s
[335.132s][info][gc,start    ] GC(625) Pause Young (Mixed) (G1 Evacuation Pause)
[335.132s][info][gc,task     ] GC(625) Using 2 workers of 2 for evacuation
[335.142s][info][gc,phases   ] GC(625)   Pre Evacuate Collection Set: 0.27ms
[335.142s][info][gc,phases   ] GC(625)   Merge Heap Roots: 0.15ms
[335.142s][info][gc,phases   ] GC(625)   Evacuate Collection Set: 8.26ms
[335.142s][info][gc,phases   ] GC(625)   Post Evacuate Collection Set: 0.87ms
[335.142s][info][gc,phases   ] GC(625)   Other: 0.10ms
[335.142s][info][gc,heap     ] GC(625) Eden regions: 449->0(449)
[335.142s][info][gc,heap     ] GC(625) Survivor regions: 24->24(60)
[335.142s][info][gc,heap     ] GC(625) Old regions: 45->45
[335.142s][info][gc,heap     ] GC(625) Humongous regions: 207->207
[335.142s][info][gc,metaspace] GC(625) Metaspace: 57286K(57600K)->57286K(57600K) NonClass: 51661K(51904K)->51661K(51904K) Class: 5625K(5696K)->5625K(5696K)
[335.142s][info][gc          ] GC(625) Pause Young (Mixed) (G1 Evacuation Pause) 724M->275M(789M) 9.857ms
[335.142s][info][gc,cpu      ] GC(625) User=0.01s Sys=0.00s Real=0.01s
[335.981s][info][gc,start    ] GC(626) Pause Young (Concurrent Start) (G1 Evacuation Pause)
[335.981s][info][gc,task     ] GC(626) Using 2 workers of 2 for evacuation
[335.989s][info][gc,phases   ] GC(626)   Pre Evacuate Collection Set: 0.34ms
[335.989s][info][gc,phases   ] GC(626)   Merge Heap Roots: 0.14ms
[335.989s][info][gc,phases   ] GC(626)   Evacuate Collection Set: 6.70ms
[335.989s][info][gc,phases   ] GC(626)   Post Evacuate Collection Set: 0.81ms
[335.989s][info][gc,phases   ] GC(626)   Other: 0.10ms
[335.989s][info][gc,heap     ] GC(626) Eden regions: 449->0(449)
[335.989s][info][gc,heap     ] GC(626) Survivor regions: 24->24(60)
[335.989s][info][gc,heap     ] GC(626) Old regions: 45->45
[335.989s][info][gc,heap     ] GC(626) Humongous regions: 207->207
[335.989s][info][gc,metaspace] GC(626) Metaspace: 57286K(57600K)->57286K(57600K) NonClass: 51661K(51904K)->51661K(51904K) Class: 5625K(5696K)->5625K(5696K)
[335.989s][info][gc          ] GC(626) Pause Young (Concurrent Start) (G1 Evacuation Pause) 724M->275M(789M) 8.273ms
[335.989s][info][gc,cpu      ] GC(626) User=0.01s Sys=0.00s Real=0.01s
[335.989s][info][gc          ] GC(627) Concurrent Mark Cycle
[335.989s][info][gc,marking  ] GC(627) Concurrent Scan Root Regions
[335.993s][info][gc,marking  ] GC(627) Concurrent Scan Root Regions 3.449ms
[335.993s][info][gc,marking  ] GC(627) Concurrent Mark
[335.993s][info][gc,marking  ] GC(627) Concurrent Mark From Roots
[335.993s][info][gc,task     ] GC(627) Using 1 workers of 1 for marking
[336.029s][info][gc,marking  ] GC(627) Concurrent Mark From Roots 36.372ms
[336.029s][info][gc,marking  ] GC(627) Concurrent Preclean
[336.029s][info][gc,marking  ] GC(627) Concurrent Preclean 0.044ms
[336.029s][info][gc,start    ] GC(627) Pause Remark
[336.039s][info][gc          ] GC(627) Pause Remark 275M->275M(789M) 9.592ms
[336.039s][info][gc,cpu      ] GC(627) User=0.02s Sys=0.00s Real=0.01s
[336.040s][info][gc,marking  ] GC(627) Concurrent Mark 47.032ms
[336.040s][info][gc,marking  ] GC(627) Concurrent Rebuild Remembered Sets and Scrub Regions
[336.071s][info][gc,marking  ] GC(627) Concurrent Rebuild Remembered Sets and Scrub Regions 30.938ms
[336.071s][info][gc,start    ] GC(627) Pause Cleanup
[336.071s][info][gc          ] GC(627) Pause Cleanup 309M->309M(789M) 0.083ms
[336.071s][info][gc,cpu      ] GC(627) User=0.00s Sys=0.00s Real=0.00s
[336.071s][info][gc,marking  ] GC(627) Concurrent Clear Claimed Marks
[336.071s][info][gc,marking  ] GC(627) Concurrent Clear Claimed Marks 0.086ms
[336.071s][info][gc,marking  ] GC(627) Concurrent Cleanup for Next Mark
[336.074s][info][gc,marking  ] GC(627) Concurrent Cleanup for Next Mark 2.844ms
[336.074s][info][gc          ] GC(627) Concurrent Mark Cycle 84.849ms
[336.935s][info][gc,start    ] GC(628) Pause Young (Prepare Mixed) (G1 Evacuation Pause)
[336.935s][info][gc,task     ] GC(628) Using 2 workers of 2 for evacuation
[336.944s][info][gc,phases   ] GC(628)   Pre Evacuate Collection Set: 0.28ms
[336.944s][info][gc,phases   ] GC(628)   Merge Heap Roots: 0.15ms
[336.944s][info][gc,phases   ] GC(628)   Evacuate Collection Set: 7.38ms
[336.944s][info][gc,phases   ] GC(628)   Post Evacuate Collection Set: 0.82ms
[336.944s][info][gc,phases   ] GC(628)   Other: 0.08ms
[336.944s][info][gc,heap     ] GC(628) Eden regions: 449->0(447)
[336.944s][info][gc,heap     ] GC(628) Survivor regions: 24->25(60)
[336.944s][info][gc,heap     ] GC(628) Old regions: 45->45
[336.944s][info][gc,heap     ] GC(628) Humongous regions: 207->207
[336.944s][info][gc,metaspace] GC(628) Metaspace: 57286K(57600K)->57286K(57600K) NonClass: 51661K(51904K)->51661K(51904K) Class: 5625K(5696K)->5625K(5696K)
[336.944s][info][gc          ] GC(628) Pause Young (Prepare Mixed) (G1 Evacuation Pause) 724M->276M(789M) 8.913ms
[336.944s][info][gc,cpu      ] GC(628) User=0.02s Sys=0.00s Real=0.01s
[337.835s][info][gc,start    ] GC(629) Pause Young (Mixed) (G1 Evacuation Pause)
[337.835s][info][gc,task     ] GC(629) Using 2 workers of 2 for evacuation
[337.845s][info][gc,phases   ] GC(629)   Pre Evacuate Collection Set: 0.28ms
[337.845s][info][gc,phases   ] GC(629)   Merge Heap Roots: 0.13ms
[337.845s][info][gc,phases   ] GC(629)   Evacuate Collection Set: 8.70ms
[337.845s][info][gc,phases   ] GC(629)   Post Evacuate Collection Set: 0.86ms
[337.845s][info][gc,phases   ] GC(629)   Other: 0.08ms
[337.845s][info][gc,heap     ] GC(629) Eden regions: 447->0(447)
[337.845s][info][gc,heap     ] GC(629) Survivor regions: 25->25(59)
[337.845s][info][gc,heap     ] GC(629) Old regions: 45->45
[337.845s][info][gc,heap     ] GC(629) Humongous regions: 207->207
[337.845s][info][gc,metaspace] GC(629) Metaspace: 57286K(57600K)->57286K(57600K) NonClass: 51661K(51904K)->51661K(51904K) Class: 5625K(5696K)->5625K(5696K)
[337.845s][info][gc          ] GC(629) Pause Young (Mixed) (G1 Evacuation Pause) 723M->275M(789M) 10.239ms
[337.845s][info][gc,cpu      ] GC(629) User=0.02s Sys=0.00s Real=0.01s
[338.733s][info][gc,start    ] GC(630) Pause Young (Concurrent Start) (G1 Evacuation Pause)
[338.733s][info][gc,task     ] GC(630) Using 2 workers of 2 for evacuation
[338.742s][info][gc,phases   ] GC(630)   Pre Evacuate Collection Set: 0.30ms
[338.742s][info][gc,phases   ] GC(630)   Merge Heap Roots: 0.13ms
[338.742s][info][gc,phases   ] GC(630)   Evacuate Collection Set: 7.30ms
[338.742s][info][gc,phases   ] GC(630)   Post Evacuate Collection Set: 0.84ms
[338.742s][info][gc,phases   ] GC(630)   Other: 0.10ms
[338.742s][info][gc,heap     ] GC(630) Eden regions: 447->0(449)
[338.742s][info][gc,heap     ] GC(630) Survivor regions: 25->24(59)
[338.742s][info][gc,heap     ] GC(630) Old regions: 45->45
[338.742s][info][gc,heap     ] GC(630) Humongous regions: 207->207
[338.742s][info][gc,metaspace] GC(630) Metaspace: 57286K(57600K)->57286K(57600K) NonClass: 51661K(51904K)->51661K(51904K) Class: 5625K(5696K)->5625K(5696K)
[338.742s][info][gc          ] GC(630) Pause Young (Concurrent Start) (G1 Evacuation Pause) 722M->275M(789M) 8.859ms
[338.742s][info][gc,cpu      ] GC(630) User=0.01s Sys=0.00s Real=0.01s
[338.742s][info][gc          ] GC(631) Concurrent Mark Cycle
[338.742s][info][gc,marking  ] GC(631) Concurrent Scan Root Regions
[338.749s][info][gc,marking  ] GC(631) Concurrent Scan Root Regions 6.863ms
[338.749s][info][gc,marking  ] GC(631) Concurrent Mark
[338.749s][info][gc,marking  ] GC(631) Concurrent Mark From Roots
[338.749s][info][gc,task     ] GC(631) Using 1 workers of 1 for marking
[338.807s][info][gc,marking  ] GC(631) Concurrent Mark From Roots 57.927ms
[338.807s][info][gc,marking  ] GC(631) Concurrent Preclean
[338.807s][info][gc,marking  ] GC(631) Concurrent Preclean 0.058ms
[338.807s][info][gc,start    ] GC(631) Pause Remark
[338.817s][info][gc          ] GC(631) Pause Remark 321M->321M(789M) 9.587ms
[338.817s][info][gc,cpu      ] GC(631) User=0.02s Sys=0.00s Real=0.01s
[338.817s][info][gc,marking  ] GC(631) Concurrent Mark 68.187ms
[338.817s][info][gc,marking  ] GC(631) Concurrent Rebuild Remembered Sets and Scrub Regions
[338.835s][info][gc,marking  ] GC(631) Concurrent Rebuild Remembered Sets and Scrub Regions 17.425ms
[338.835s][info][gc,start    ] GC(631) Pause Cleanup
[338.835s][info][gc          ] GC(631) Pause Cleanup 326M->326M(789M) 0.062ms
[338.835s][info][gc,cpu      ] GC(631) User=0.00s Sys=0.00s Real=0.00s
[338.835s][info][gc,marking  ] GC(631) Concurrent Clear Claimed Marks
[338.835s][info][gc,marking  ] GC(631) Concurrent Clear Claimed Marks 0.117ms
[338.835s][info][gc,marking  ] GC(631) Concurrent Cleanup for Next Mark
[338.839s][info][gc,marking  ] GC(631) Concurrent Cleanup for Next Mark 3.942ms
[338.839s][info][gc          ] GC(631) Concurrent Mark Cycle 97.062ms
[339.637s][info][gc,start    ] GC(632) Pause Young (Prepare Mixed) (G1 Evacuation Pause)
[339.637s][info][gc,task     ] GC(632) Using 2 workers of 2 for evacuation
[339.646s][info][gc,phases   ] GC(632)   Pre Evacuate Collection Set: 0.45ms
[339.646s][info][gc,phases   ] GC(632)   Merge Heap Roots: 0.16ms
[339.646s][info][gc,phases   ] GC(632)   Evacuate Collection Set: 7.89ms
[339.646s][info][gc,phases   ] GC(632)   Post Evacuate Collection Set: 0.84ms
[339.646s][info][gc,phases   ] GC(632)   Other: 0.10ms
[339.646s][info][gc,heap     ] GC(632) Eden regions: 449->0(447)
[339.646s][info][gc,heap     ] GC(632) Survivor regions: 24->25(60)
[339.646s][info][gc,heap     ] GC(632) Old regions: 45->45
[339.646s][info][gc,heap     ] GC(632) Humongous regions: 207->207
[339.646s][info][gc,metaspace] GC(632) Metaspace: 57286K(57600K)->57286K(57600K) NonClass: 51661K(51904K)->51661K(51904K) Class: 5625K(5696K)->5625K(5696K)
[339.646s][info][gc          ] GC(632) Pause Young (Prepare Mixed) (G1 Evacuation Pause) 724M->276M(789M) 9.631ms
[339.646s][info][gc,cpu      ] GC(632) User=0.02s Sys=0.00s Real=0.01s
[340.536s][info][gc,start    ] GC(633) Pause Young (Mixed) (G1 Evacuation Pause)
[340.536s][info][gc,task     ] GC(633) Using 2 workers of 2 for evacuation
[340.547s][info][gc,phases   ] GC(633)   Pre Evacuate Collection Set: 0.29ms
[340.547s][info][gc,phases   ] GC(633)   Merge Heap Roots: 0.16ms
[340.547s][info][gc,phases   ] GC(633)   Evacuate Collection Set: 9.42ms
[340.547s][info][gc,phases   ] GC(633)   Post Evacuate Collection Set: 0.85ms
[340.547s][info][gc,phases   ] GC(633)   Other: 0.08ms
[340.547s][info][gc,heap     ] GC(633) Eden regions: 447->0(447)
[340.547s][info][gc,heap     ] GC(633) Survivor regions: 25->25(59)
[340.547s][info][gc,heap     ] GC(633) Old regions: 45->45
[340.547s][info][gc,heap     ] GC(633) Humongous regions: 207->207
[340.547s][info][gc,metaspace] GC(633) Metaspace: 57286K(57600K)->57286K(57600K) NonClass: 51661K(51904K)->51661K(51904K) Class: 5625K(5696K)->5625K(5696K)
[340.547s][info][gc          ] GC(633) Pause Young (Mixed) (G1 Evacuation Pause) 723M->276M(789M) 10.990ms
[340.547s][info][gc,cpu      ] GC(633) User=0.02s Sys=0.00s Real=0.01s
[341.435s][info][gc,start    ] GC(634) Pause Young (Normal) (G1 Evacuation Pause)
[341.435s][info][gc,task     ] GC(634) Using 2 workers of 2 for evacuation
[341.444s][info][gc,phases   ] GC(634)   Pre Evacuate Collection Set: 0.32ms
[341.444s][info][gc,phases   ] GC(634)   Merge Heap Roots: 0.13ms
[341.444s][info][gc,phases   ] GC(634)   Evacuate Collection Set: 7.39ms
[341.444s][info][gc,phases   ] GC(634)   Post Evacuate Collection Set: 0.82ms
[341.444s][info][gc,phases   ] GC(634)   Other: 0.08ms
[341.444s][info][gc,heap     ] GC(634) Eden regions: 447->0(447)
[341.444s][info][gc,heap     ] GC(634) Survivor regions: 25->25(59)
[341.444s][info][gc,heap     ] GC(634) Old regions: 45->45
[341.444s][info][gc,heap     ] GC(634) Humongous regions: 207->207
[341.444s][info][gc,metaspace] GC(634) Metaspace: 57286K(57600K)->57286K(57600K) NonClass: 51661K(51904K)->51661K(51904K) Class: 5625K(5696K)->5625K(5696K)
[341.444s][info][gc          ] GC(634) Pause Young (Normal) (G1 Evacuation Pause) 723M->275M(789M) 8.927ms
[341.444s][info][gc,cpu      ] GC(634) User=0.02s Sys=0.00s Real=0.01s
[342.332s][info][gc,start    ] GC(635) Pause Young (Normal) (G1 Evacuation Pause)
[342.332s][info][gc,task     ] GC(635) Using 2 workers of 2 for evacuation
[342.340s][info][gc,phases   ] GC(635)   Pre Evacuate Collection Set: 0.29ms
[342.340s][info][gc,phases   ] GC(635)   Merge Heap Roots: 0.13ms
[342.340s][info][gc,phases   ] GC(635)   Evacuate Collection Set: 6.87ms
[342.340s][info][gc,phases   ] GC(635)   Post Evacuate Collection Set: 0.80ms
[342.340s][info][gc,phases   ] GC(635)   Other: 0.08ms
[342.340s][info][gc,heap     ] GC(635) Eden regions: 447->0(472)
[342.340s][info][gc,heap     ] GC(635) Survivor regions: 25->1(59)
[342.340s][info][gc,heap     ] GC(635) Old regions: 45->68
[342.340s][info][gc,heap     ] GC(635) Humongous regions: 207->207
[342.340s][info][gc,metaspace] GC(635) Metaspace: 57286K(57600K)->57286K(57600K) NonClass: 51661K(51904K)->51661K(51904K) Class: 5625K(5696K)->5625K(5696K)
[342.340s][info][gc          ] GC(635) Pause Young (Normal) (G1 Evacuation Pause) 722M->275M(789M) 8.380ms
[342.340s][info][gc,cpu      ] GC(635) User=0.01s Sys=0.00s Real=0.01s
[343.258s][info][gc,start    ] GC(636) Pause Young (Concurrent Start) (G1 Evacuation Pause)
[343.258s][info][gc,task     ] GC(636) Using 2 workers of 2 for evacuation
[343.264s][info][gc,phases   ] GC(636)   Pre Evacuate Collection Set: 0.28ms
[343.264s][info][gc,phases   ] GC(636)   Merge Heap Roots: 0.12ms
[343.264s][info][gc,phases   ] GC(636)   Evacuate Collection Set: 4.03ms
[343.264s][info][gc,phases   ] GC(636)   Post Evacuate Collection Set: 0.76ms
[343.264s][info][gc,phases   ] GC(636)   Other: 0.15ms
[343.264s][info][gc,heap     ] GC(636) Eden regions: 472->0(468)
[343.264s][info][gc,heap     ] GC(636) Survivor regions: 1->3(60)
[343.264s][info][gc,heap     ] GC(636) Old regions: 68->68
[343.264s][info][gc,heap     ] GC(636) Humongous regions: 207->207
[343.264s][info][gc,metaspace] GC(636) Metaspace: 57286K(57600K)->57286K(57600K) NonClass: 51661K(51904K)->51661K(51904K) Class: 5625K(5696K)->5625K(5696K)
[343.264s][info][gc          ] GC(636) Pause Young (Concurrent Start) (G1 Evacuation Pause) 747M->276M(789M) 5.506ms
[343.264s][info][gc,cpu      ] GC(636) User=0.01s Sys=0.00s Real=0.01s
[343.264s][info][gc          ] GC(637) Concurrent Mark Cycle
[343.264s][info][gc,marking  ] GC(637) Concurrent Scan Root Regions
[343.268s][info][gc,marking  ] GC(637) Concurrent Scan Root Regions 3.945ms
[343.268s][info][gc,marking  ] GC(637) Concurrent Mark
[343.268s][info][gc,marking  ] GC(637) Concurrent Mark From Roots
[343.268s][info][gc,task     ] GC(637) Using 1 workers of 1 for marking
[343.316s][info][gc,marking  ] GC(637) Concurrent Mark From Roots 47.710ms
[343.316s][info][gc,marking  ] GC(637) Concurrent Preclean
[343.316s][info][gc,marking  ] GC(637) Concurrent Preclean 0.068ms
[343.316s][info][gc,start    ] GC(637) Pause Remark
[343.326s][info][gc          ] GC(637) Pause Remark 298M->286M(789M) 9.618ms
[343.326s][info][gc,cpu      ] GC(637) User=0.02s Sys=0.00s Real=0.01s
[343.326s][info][gc,marking  ] GC(637) Concurrent Mark 57.609ms
[343.326s][info][gc,marking  ] GC(637) Concurrent Rebuild Remembered Sets and Scrub Regions
[343.348s][info][gc,marking  ] GC(637) Concurrent Rebuild Remembered Sets and Scrub Regions 22.060ms
[343.348s][info][gc,start    ] GC(637) Pause Cleanup
[343.348s][info][gc          ] GC(637) Pause Cleanup 303M->303M(789M) 0.077ms
[343.348s][info][gc,cpu      ] GC(637) User=0.00s Sys=0.00s Real=0.00s
[343.348s][info][gc,marking  ] GC(637) Concurrent Clear Claimed Marks
[343.348s][info][gc,marking  ] GC(637) Concurrent Clear Claimed Marks 0.084ms
[343.348s][info][gc,marking  ] GC(637) Concurrent Cleanup for Next Mark
[343.351s][info][gc,marking  ] GC(637) Concurrent Cleanup for Next Mark 2.303ms
[343.351s][info][gc          ] GC(637) Concurrent Mark Cycle 86.412ms
[344.233s][info][gc,start    ] GC(638) Pause Young (Prepare Mixed) (G1 Evacuation Pause)
[344.233s][info][gc,task     ] GC(638) Using 2 workers of 2 for evacuation
[344.236s][info][gc,phases   ] GC(638)   Pre Evacuate Collection Set: 0.29ms
[344.236s][info][gc,phases   ] GC(638)   Merge Heap Roots: 0.13ms
[344.236s][info][gc,phases   ] GC(638)   Evacuate Collection Set: 2.15ms
[344.236s][info][gc,phases   ] GC(638)   Post Evacuate Collection Set: 0.79ms
[344.236s][info][gc,phases   ] GC(638)   Other: 0.10ms
[344.236s][info][gc,heap     ] GC(638) Eden regions: 468->0(472)
[344.236s][info][gc,heap     ] GC(638) Survivor regions: 3->1(59)
[344.236s][info][gc,heap     ] GC(638) Old regions: 56->56
[344.236s][info][gc,heap     ] GC(638) Humongous regions: 207->207
[344.236s][info][gc,metaspace] GC(638) Metaspace: 57286K(57600K)->57286K(57600K) NonClass: 51661K(51904K)->51661K(51904K) Class: 5625K(5696K)->5625K(5696K)
[344.236s][info][gc          ] GC(638) Pause Young (Prepare Mixed) (G1 Evacuation Pause) 732M->263M(789M) 3.647ms
[344.236s][info][gc,cpu      ] GC(638) User=0.00s Sys=0.00s Real=0.00s
[345.153s][info][gc,start    ] GC(639) Pause Young (Mixed) (G1 Evacuation Pause)
[345.153s][info][gc,task     ] GC(639) Using 2 workers of 2 for evacuation
[345.160s][info][gc,phases   ] GC(639)   Pre Evacuate Collection Set: 0.29ms
[345.160s][info][gc,phases   ] GC(639)   Merge Heap Roots: 0.14ms
[345.160s][info][gc,phases   ] GC(639)   Evacuate Collection Set: 5.31ms
[345.160s][info][gc,phases   ] GC(639)   Post Evacuate Collection Set: 0.90ms
[345.160s][info][gc,phases   ] GC(639)   Other: 0.13ms
[345.160s][info][gc,heap     ] GC(639) Eden regions: 472->0(470)
[345.160s][info][gc,heap     ] GC(639) Survivor regions: 1->3(60)
[345.160s][info][gc,heap     ] GC(639) Old regions: 56->54
[345.160s][info][gc,heap     ] GC(639) Humongous regions: 207->207
[345.160s][info][gc,metaspace] GC(639) Metaspace: 57286K(57600K)->57286K(57600K) NonClass: 51661K(51904K)->51661K(51904K) Class: 5625K(5696K)->5625K(5696K)
[345.160s][info][gc          ] GC(639) Pause Young (Mixed) (G1 Evacuation Pause) 735M->263M(789M) 6.945ms
[345.160s][info][gc,cpu      ] GC(639) User=0.01s Sys=0.00s Real=0.00s
[346.085s][info][gc,start    ] GC(640) Pause Young (Concurrent Start) (G1 Evacuation Pause)
[346.085s][info][gc,task     ] GC(640) Using 2 workers of 2 for evacuation
[346.089s][info][gc,phases   ] GC(640)   Pre Evacuate Collection Set: 0.31ms
[346.089s][info][gc,phases   ] GC(640)   Merge Heap Roots: 0.14ms
[346.089s][info][gc,phases   ] GC(640)   Evacuate Collection Set: 2.78ms
[346.089s][info][gc,phases   ] GC(640)   Post Evacuate Collection Set: 0.74ms
[346.089s][info][gc,phases   ] GC(640)   Other: 0.11ms
[346.089s][info][gc,heap     ] GC(640) Eden regions: 470->0(471)
[346.089s][info][gc,heap     ] GC(640) Survivor regions: 3->2(60)
[346.089s][info][gc,heap     ] GC(640) Old regions: 54->54
[346.089s][info][gc,heap     ] GC(640) Humongous regions: 207->207
[346.089s][info][gc,metaspace] GC(640) Metaspace: 57286K(57600K)->57286K(57600K) NonClass: 51661K(51904K)->51661K(51904K) Class: 5625K(5696K)->5625K(5696K)
[346.089s][info][gc          ] GC(640) Pause Young (Concurrent Start) (G1 Evacuation Pause) 733M->262M(789M) 4.242ms
[346.089s][info][gc,cpu      ] GC(640) User=0.01s Sys=0.00s Real=0.00s
[346.089s][info][gc          ] GC(641) Concurrent Mark Cycle
[346.089s][info][gc,marking  ] GC(641) Concurrent Scan Root Regions
[346.091s][info][gc,marking  ] GC(641) Concurrent Scan Root Regions 2.075ms
[346.091s][info][gc,marking  ] GC(641) Concurrent Mark
[346.091s][info][gc,marking  ] GC(641) Concurrent Mark From Roots
[346.091s][info][gc,task     ] GC(641) Using 1 workers of 1 for marking
[346.132s][info][gc,marking  ] GC(641) Concurrent Mark From Roots 40.426ms
[346.132s][info][gc,marking  ] GC(641) Concurrent Preclean
[346.132s][info][gc,marking  ] GC(641) Concurrent Preclean 0.060ms
[346.132s][info][gc,start    ] GC(641) Pause Remark
[346.141s][info][gc          ] GC(641) Pause Remark 267M->267M(789M) 9.541ms
[346.141s][info][gc,cpu      ] GC(641) User=0.02s Sys=0.00s Real=0.01s
[346.142s][info][gc,marking  ] GC(641) Concurrent Mark 50.495ms
[346.142s][info][gc,marking  ] GC(641) Concurrent Rebuild Remembered Sets and Scrub Regions
[346.159s][info][gc,marking  ] GC(641) Concurrent Rebuild Remembered Sets and Scrub Regions 16.961ms
[346.159s][info][gc,start    ] GC(641) Pause Cleanup
[346.159s][info][gc          ] GC(641) Pause Cleanup 283M->283M(789M) 0.064ms
[346.159s][info][gc,cpu      ] GC(641) User=0.00s Sys=0.00s Real=0.00s
[346.159s][info][gc,marking  ] GC(641) Concurrent Clear Claimed Marks
[346.159s][info][gc,marking  ] GC(641) Concurrent Clear Claimed Marks 0.081ms
[346.159s][info][gc,marking  ] GC(641) Concurrent Cleanup for Next Mark
[346.162s][info][gc,marking  ] GC(641) Concurrent Cleanup for Next Mark 3.169ms
[346.162s][info][gc          ] GC(641) Concurrent Mark Cycle 73.183ms
[347.046s][info][gc,start    ] GC(642) Pause Young (Prepare Mixed) (G1 Evacuation Pause)
[347.046s][info][gc,task     ] GC(642) Using 2 workers of 2 for evacuation
[347.052s][info][gc,phases   ] GC(642)   Pre Evacuate Collection Set: 0.29ms
[347.052s][info][gc,phases   ] GC(642)   Merge Heap Roots: 0.14ms
[347.052s][info][gc,phases   ] GC(642)   Evacuate Collection Set: 4.18ms
[347.052s][info][gc,phases   ] GC(642)   Post Evacuate Collection Set: 0.76ms
[347.052s][info][gc,phases   ] GC(642)   Other: 0.08ms
[347.052s][info][gc,heap     ] GC(642) Eden regions: 471->0(470)
[347.052s][info][gc,heap     ] GC(642) Survivor regions: 2->3(60)
[347.052s][info][gc,heap     ] GC(642) Old regions: 54->54
[347.052s][info][gc,heap     ] GC(642) Humongous regions: 207->207
[347.052s][info][gc,metaspace] GC(642) Metaspace: 57286K(57600K)->57286K(57600K) NonClass: 51661K(51904K)->51661K(51904K) Class: 5625K(5696K)->5625K(5696K)
[347.052s][info][gc          ] GC(642) Pause Young (Prepare Mixed) (G1 Evacuation Pause) 733M->263M(789M) 5.650ms
[347.052s][info][gc,cpu      ] GC(642) User=0.01s Sys=0.01s Real=0.01s
[348.069s][info][gc,start    ] GC(643) Pause Young (Mixed) (G1 Evacuation Pause)
[348.069s][info][gc,task     ] GC(643) Using 2 workers of 2 for evacuation
[348.074s][info][gc,phases   ] GC(643)   Pre Evacuate Collection Set: 0.29ms
[348.074s][info][gc,phases   ] GC(643)   Merge Heap Roots: 0.12ms
[348.074s][info][gc,phases   ] GC(643)   Evacuate Collection Set: 3.87ms
[348.074s][info][gc,phases   ] GC(643)   Post Evacuate Collection Set: 0.77ms
[348.074s][info][gc,phases   ] GC(643)   Other: 0.08ms
[348.075s][info][gc,heap     ] GC(643) Eden regions: 470->0(471)
[348.075s][info][gc,heap     ] GC(643) Survivor regions: 3->2(60)
[348.075s][info][gc,heap     ] GC(643) Old regions: 54->52
[348.075s][info][gc,heap     ] GC(643) Humongous regions: 207->207
[348.075s][info][gc,metaspace] GC(643) Metaspace: 57286K(57600K)->57286K(57600K) NonClass: 51661K(51904K)->51661K(51904K) Class: 5625K(5696K)->5625K(5696K)
[348.075s][info][gc          ] GC(643) Pause Young (Mixed) (G1 Evacuation Pause) 733M->260M(789M) 5.314ms
[348.075s][info][gc,cpu      ] GC(643) User=0.01s Sys=0.00s Real=0.01s
[349.041s][info][gc,start    ] GC(644) Pause Young (Concurrent Start) (G1 Evacuation Pause)
[349.041s][info][gc,task     ] GC(644) Using 2 workers of 2 for evacuation
[349.046s][info][gc,phases   ] GC(644)   Pre Evacuate Collection Set: 0.30ms
[349.046s][info][gc,phases   ] GC(644)   Merge Heap Roots: 0.12ms
[349.046s][info][gc,phases   ] GC(644)   Evacuate Collection Set: 3.48ms
[349.046s][info][gc,phases   ] GC(644)   Post Evacuate Collection Set: 0.77ms
[349.046s][info][gc,phases   ] GC(644)   Other: 0.12ms
[349.046s][info][gc,heap     ] GC(644) Eden regions: 471->0(471)
[349.046s][info][gc,heap     ] GC(644) Survivor regions: 2->2(60)
[349.046s][info][gc,heap     ] GC(644) Old regions: 52->52
[349.046s][info][gc,heap     ] GC(644) Humongous regions: 207->207
[349.046s][info][gc,metaspace] GC(644) Metaspace: 57286K(57600K)->57286K(57600K) NonClass: 51661K(51904K)->51661K(51904K) Class: 5625K(5696K)->5625K(5696K)
[349.046s][info][gc          ] GC(644) Pause Young (Concurrent Start) (G1 Evacuation Pause) 731M->260M(789M) 4.963ms
[349.046s][info][gc          ] GC(645) Concurrent Mark Cycle
[349.046s][info][gc,marking  ] GC(645) Concurrent Scan Root Regions
[349.048s][info][gc,marking  ] GC(645) Concurrent Scan Root Regions 2.230ms
[349.048s][info][gc,marking  ] GC(645) Concurrent Mark
[349.048s][info][gc,marking  ] GC(645) Concurrent Mark From Roots
[349.048s][info][gc,task     ] GC(645) Using 1 workers of 1 for marking
[349.048s][info][gc,cpu      ] GC(644) User=0.01s Sys=0.00s Real=0.01s
[349.105s][info][gc,marking  ] GC(645) Concurrent Mark From Roots 56.937ms
[349.105s][info][gc,marking  ] GC(645) Concurrent Preclean
[349.105s][info][gc,marking  ] GC(645) Concurrent Preclean 0.089ms
[349.105s][info][gc,start    ] GC(645) Pause Remark
[349.115s][info][gc          ] GC(645) Pause Remark 296M->296M(789M) 9.762ms
[349.115s][info][gc,cpu      ] GC(645) User=0.02s Sys=0.00s Real=0.01s
[349.116s][info][gc,marking  ] GC(645) Concurrent Mark 67.615ms
[349.116s][info][gc,marking  ] GC(645) Concurrent Rebuild Remembered Sets and Scrub Regions
[349.134s][info][gc,marking  ] GC(645) Concurrent Rebuild Remembered Sets and Scrub Regions 18.519ms
[349.134s][info][gc,start    ] GC(645) Pause Cleanup
[349.134s][info][gc          ] GC(645) Pause Cleanup 304M->304M(789M) 0.087ms
[349.134s][info][gc,cpu      ] GC(645) User=0.00s Sys=0.00s Real=0.00s
[349.135s][info][gc,marking  ] GC(645) Concurrent Clear Claimed Marks
[349.135s][info][gc,marking  ] GC(645) Concurrent Clear Claimed Marks 0.094ms
[349.135s][info][gc,marking  ] GC(645) Concurrent Cleanup for Next Mark
[349.140s][info][gc,marking  ] GC(645) Concurrent Cleanup for Next Mark 5.004ms
[349.140s][info][gc          ] GC(645) Concurrent Mark Cycle 94.209ms
[349.956s][info][gc,start    ] GC(646) Pause Young (Prepare Mixed) (G1 Evacuation Pause)
[349.956s][info][gc,task     ] GC(646) Using 2 workers of 2 for evacuation
[349.962s][info][gc,phases   ] GC(646)   Pre Evacuate Collection Set: 0.28ms
[349.962s][info][gc,phases   ] GC(646)   Merge Heap Roots: 0.15ms
[349.962s][info][gc,phases   ] GC(646)   Evacuate Collection Set: 4.19ms
[349.962s][info][gc,phases   ] GC(646)   Post Evacuate Collection Set: 0.76ms
[349.962s][info][gc,phases   ] GC(646)   Other: 0.09ms
[349.962s][info][gc,heap     ] GC(646) Eden regions: 471->0(470)
[349.962s][info][gc,heap     ] GC(646) Survivor regions: 2->3(60)
[349.962s][info][gc,heap     ] GC(646) Old regions: 52->52
[349.962s][info][gc,heap     ] GC(646) Humongous regions: 207->207
[349.962s][info][gc,metaspace] GC(646) Metaspace: 57286K(57600K)->57286K(57600K) NonClass: 51661K(51904K)->51661K(51904K) Class: 5625K(5696K)->5625K(5696K)
[349.962s][info][gc          ] GC(646) Pause Young (Prepare Mixed) (G1 Evacuation Pause) 731M->261M(789M) 5.632ms
[349.962s][info][gc,cpu      ] GC(646) User=0.01s Sys=0.00s Real=0.01s
[350.878s][info][gc,start    ] GC(647) Pause Young (Mixed) (G1 Evacuation Pause)
[350.878s][info][gc,task     ] GC(647) Using 2 workers of 2 for evacuation
[350.882s][info][gc,phases   ] GC(647)   Pre Evacuate Collection Set: 0.30ms
[350.882s][info][gc,phases   ] GC(647)   Merge Heap Roots: 0.13ms
[350.882s][info][gc,phases   ] GC(647)   Evacuate Collection Set: 2.21ms
[350.882s][info][gc,phases   ] GC(647)   Post Evacuate Collection Set: 0.76ms
[350.882s][info][gc,phases   ] GC(647)   Other: 0.08ms
[350.882s][info][gc,heap     ] GC(647) Eden regions: 470->0(472)
[350.882s][info][gc,heap     ] GC(647) Survivor regions: 3->1(60)
[350.882s][info][gc,heap     ] GC(647) Old regions: 52->50
[350.882s][info][gc,heap     ] GC(647) Humongous regions: 207->207
[350.882s][info][gc,metaspace] GC(647) Metaspace: 57286K(57600K)->57286K(57600K) NonClass: 51661K(51904K)->51661K(51904K) Class: 5625K(5696K)->5625K(5696K)
[350.882s][info][gc          ] GC(647) Pause Young (Mixed) (G1 Evacuation Pause) 731M->257M(789M) 3.647ms
[350.882s][info][gc,cpu      ] GC(647) User=0.00s Sys=0.00s Real=0.00s
[351.844s][info][gc,start    ] GC(648) Pause Young (Normal) (G1 Evacuation Pause)
[351.844s][info][gc,task     ] GC(648) Using 2 workers of 2 for evacuation
[351.850s][info][gc,phases   ] GC(648)   Pre Evacuate Collection Set: 0.30ms
[351.850s][info][gc,phases   ] GC(648)   Merge Heap Roots: 0.13ms
[351.850s][info][gc,phases   ] GC(648)   Evacuate Collection Set: 3.90ms
[351.850s][info][gc,phases   ] GC(648)   Post Evacuate Collection Set: 1.01ms
[351.850s][info][gc,phases   ] GC(648)   Other: 0.08ms
[351.850s][info][gc,heap     ] GC(648) Eden regions: 472->0(470)
[351.850s][info][gc,heap     ] GC(648) Survivor regions: 1->3(60)
[351.850s][info][gc,heap     ] GC(648) Old regions: 50->50
[351.850s][info][gc,heap     ] GC(648) Humongous regions: 207->207
[351.850s][info][gc,metaspace] GC(648) Metaspace: 57286K(57600K)->57286K(57600K) NonClass: 51661K(51904K)->51661K(51904K) Class: 5625K(5696K)->5625K(5696K)
[351.850s][info][gc          ] GC(648) Pause Young (Normal) (G1 Evacuation Pause) 729M->259M(789M) 5.585ms
[351.850s][info][gc,cpu      ] GC(648) User=0.01s Sys=0.00s Real=0.00s
[352.787s][info][gc,start    ] GC(649) Pause Young (Normal) (G1 Evacuation Pause)
[352.787s][info][gc,task     ] GC(649) Using 2 workers of 2 for evacuation
[352.793s][info][gc,phases   ] GC(649)   Pre Evacuate Collection Set: 0.28ms
[352.793s][info][gc,phases   ] GC(649)   Merge Heap Roots: 0.12ms
[352.793s][info][gc,phases   ] GC(649)   Evacuate Collection Set: 4.66ms
[352.793s][info][gc,phases   ] GC(649)   Post Evacuate Collection Set: 0.75ms
[352.793s][info][gc,phases   ] GC(649)   Other: 0.08ms
[352.793s][info][gc,heap     ] GC(649) Eden regions: 470->0(470)
[352.793s][info][gc,heap     ] GC(649) Survivor regions: 3->3(60)
[352.793s][info][gc,heap     ] GC(649) Old regions: 50->50
[352.793s][info][gc,heap     ] GC(649) Humongous regions: 207->207
[352.793s][info][gc,metaspace] GC(649) Metaspace: 57286K(57600K)->57286K(57600K) NonClass: 51661K(51904K)->51661K(51904K) Class: 5625K(5696K)->5625K(5696K)
[352.793s][info][gc          ] GC(649) Pause Young (Normal) (G1 Evacuation Pause) 729M->259M(789M) 6.088ms
[352.793s][info][gc,cpu      ] GC(649) User=0.01s Sys=0.00s Real=0.01s
[353.738s][info][gc,start    ] GC(650) Pause Young (Normal) (G1 Evacuation Pause)
[353.738s][info][gc,task     ] GC(650) Using 2 workers of 2 for evacuation
[353.742s][info][gc,phases   ] GC(650)   Pre Evacuate Collection Set: 0.27ms
[353.742s][info][gc,phases   ] GC(650)   Merge Heap Roots: 0.13ms
[353.742s][info][gc,phases   ] GC(650)   Evacuate Collection Set: 2.85ms
[353.742s][info][gc,phases   ] GC(650)   Post Evacuate Collection Set: 0.74ms
[353.742s][info][gc,phases   ] GC(650)   Other: 0.11ms
[353.742s][info][gc,heap     ] GC(650) Eden regions: 470->0(471)
[353.742s][info][gc,heap     ] GC(650) Survivor regions: 3->2(60)
[353.742s][info][gc,heap     ] GC(650) Old regions: 50->50
[353.742s][info][gc,heap     ] GC(650) Humongous regions: 207->207
[353.742s][info][gc,metaspace] GC(650) Metaspace: 57286K(57600K)->57286K(57600K) NonClass: 51661K(51904K)->51661K(51904K) Class: 5625K(5696K)->5625K(5696K)
[353.742s][info][gc          ] GC(650) Pause Young (Normal) (G1 Evacuation Pause) 729M->258M(789M) 4.278ms
[353.742s][info][gc,cpu      ] GC(650) User=0.00s Sys=0.00s Real=0.01s
[354.656s][info][gc,start    ] GC(651) Pause Young (Normal) (G1 Evacuation Pause)
[354.656s][info][gc,task     ] GC(651) Using 2 workers of 2 for evacuation
[354.662s][info][gc,phases   ] GC(651)   Pre Evacuate Collection Set: 0.31ms
[354.662s][info][gc,phases   ] GC(651)   Merge Heap Roots: 0.14ms
[354.662s][info][gc,phases   ] GC(651)   Evacuate Collection Set: 4.46ms
[354.662s][info][gc,phases   ] GC(651)   Post Evacuate Collection Set: 0.75ms
[354.662s][info][gc,phases   ] GC(651)   Other: 0.08ms
[354.662s][info][gc,heap     ] GC(651) Eden regions: 471->0(470)
[354.662s][info][gc,heap     ] GC(651) Survivor regions: 2->3(60)
[354.662s][info][gc,heap     ] GC(651) Old regions: 50->50
[354.662s][info][gc,heap     ] GC(651) Humongous regions: 207->207
[354.662s][info][gc,metaspace] GC(651) Metaspace: 57286K(57600K)->57286K(57600K) NonClass: 51661K(51904K)->51661K(51904K) Class: 5625K(5696K)->5625K(5696K)
[354.662s][info][gc          ] GC(651) Pause Young (Normal) (G1 Evacuation Pause) 729M->259M(789M) 5.902ms
[354.662s][info][gc,cpu      ] GC(651) User=0.01s Sys=0.00s Real=0.00s
[355.631s][info][gc,start    ] GC(652) Pause Young (Normal) (G1 Evacuation Pause)
[355.631s][info][gc,task     ] GC(652) Using 2 workers of 2 for evacuation
[355.635s][info][gc,phases   ] GC(652)   Pre Evacuate Collection Set: 0.30ms
[355.635s][info][gc,phases   ] GC(652)   Merge Heap Roots: 0.13ms
[355.635s][info][gc,phases   ] GC(652)   Evacuate Collection Set: 3.01ms
[355.635s][info][gc,phases   ] GC(652)   Post Evacuate Collection Set: 0.77ms
[355.635s][info][gc,phases   ] GC(652)   Other: 0.11ms
[355.635s][info][gc,heap     ] GC(652) Eden regions: 470->0(471)
[355.635s][info][gc,heap     ] GC(652) Survivor regions: 3->2(60)
[355.635s][info][gc,heap     ] GC(652) Old regions: 50->50
[355.636s][info][gc,heap     ] GC(652) Humongous regions: 207->207
[355.636s][info][gc,metaspace] GC(652) Metaspace: 57286K(57600K)->57286K(57600K) NonClass: 51661K(51904K)->51661K(51904K) Class: 5625K(5696K)->5625K(5696K)
[355.636s][info][gc          ] GC(652) Pause Young (Normal) (G1 Evacuation Pause) 729M->258M(789M) 4.481ms
[355.636s][info][gc,cpu      ] GC(652) User=0.00s Sys=0.00s Real=0.01s
[356.543s][info][gc,start    ] GC(653) Pause Young (Normal) (G1 Evacuation Pause)
[356.543s][info][gc,task     ] GC(653) Using 2 workers of 2 for evacuation
[356.548s][info][gc,phases   ] GC(653)   Pre Evacuate Collection Set: 0.30ms
[356.548s][info][gc,phases   ] GC(653)   Merge Heap Roots: 0.13ms
[356.548s][info][gc,phases   ] GC(653)   Evacuate Collection Set: 3.68ms
[356.548s][info][gc,phases   ] GC(653)   Post Evacuate Collection Set: 0.77ms
[356.548s][info][gc,phases   ] GC(653)   Other: 0.08ms
[356.548s][info][gc,heap     ] GC(653) Eden regions: 471->0(470)
[356.548s][info][gc,heap     ] GC(653) Survivor regions: 2->3(60)
[356.548s][info][gc,heap     ] GC(653) Old regions: 50->50
[356.548s][info][gc,heap     ] GC(653) Humongous regions: 207->207
[356.548s][info][gc,metaspace] GC(653) Metaspace: 57286K(57600K)->57286K(57600K) NonClass: 51661K(51904K)->51661K(51904K) Class: 5625K(5696K)->5625K(5696K)
[356.548s][info][gc          ] GC(653) Pause Young (Normal) (G1 Evacuation Pause) 729M->259M(789M) 5.156ms
[356.548s][info][gc,cpu      ] GC(653) User=0.00s Sys=0.00s Real=0.00s
[357.458s][info][gc,start    ] GC(654) Pause Young (Normal) (G1 Evacuation Pause)
[357.458s][info][gc,task     ] GC(654) Using 2 workers of 2 for evacuation
[357.464s][info][gc,phases   ] GC(654)   Pre Evacuate Collection Set: 0.30ms
[357.464s][info][gc,phases   ] GC(654)   Merge Heap Roots: 0.14ms
[357.464s][info][gc,phases   ] GC(654)   Evacuate Collection Set: 5.31ms
[357.464s][info][gc,phases   ] GC(654)   Post Evacuate Collection Set: 0.76ms
[357.464s][info][gc,phases   ] GC(654)   Other: 0.08ms
[357.464s][info][gc,heap     ] GC(654) Eden regions: 470->0(469)
[357.464s][info][gc,heap     ] GC(654) Survivor regions: 3->4(60)
[357.464s][info][gc,heap     ] GC(654) Old regions: 50->50
[357.464s][info][gc,heap     ] GC(654) Humongous regions: 207->207
[357.464s][info][gc,metaspace] GC(654) Metaspace: 57286K(57600K)->57286K(57600K) NonClass: 51661K(51904K)->51661K(51904K) Class: 5625K(5696K)->5625K(5696K)
[357.464s][info][gc          ] GC(654) Pause Young (Normal) (G1 Evacuation Pause) 729M->260M(789M) 6.765ms
[357.464s][info][gc,cpu      ] GC(654) User=0.02s Sys=0.00s Real=0.01s
[358.536s][info][gc,start    ] GC(655) Pause Young (Normal) (G1 Evacuation Pause)
[358.537s][info][gc,task     ] GC(655) Using 2 workers of 2 for evacuation
[358.540s][info][gc,phases   ] GC(655)   Pre Evacuate Collection Set: 0.28ms
[358.540s][info][gc,phases   ] GC(655)   Merge Heap Roots: 0.14ms
[358.540s][info][gc,phases   ] GC(655)   Evacuate Collection Set: 2.60ms
[358.540s][info][gc,phases   ] GC(655)   Post Evacuate Collection Set: 0.76ms
[358.540s][info][gc,phases   ] GC(655)   Other: 0.09ms
[358.540s][info][gc,heap     ] GC(655) Eden regions: 469->0(471)
[358.540s][info][gc,heap     ] GC(655) Survivor regions: 4->2(60)
[358.540s][info][gc,heap     ] GC(655) Old regions: 50->50
[358.540s][info][gc,heap     ] GC(655) Humongous regions: 207->207
[358.540s][info][gc,metaspace] GC(655) Metaspace: 57286K(57600K)->57286K(57600K) NonClass: 51661K(51904K)->51661K(51904K) Class: 5625K(5696K)->5625K(5696K)
[358.540s][info][gc          ] GC(655) Pause Young (Normal) (G1 Evacuation Pause) 729M->258M(789M) 4.038ms
[358.541s][info][gc,cpu      ] GC(655) User=0.01s Sys=0.00s Real=0.00s
[359.449s][info][gc,start    ] GC(656) Pause Young (Normal) (G1 Evacuation Pause)
[359.449s][info][gc,task     ] GC(656) Using 2 workers of 2 for evacuation
[359.456s][info][gc,phases   ] GC(656)   Pre Evacuate Collection Set: 0.29ms
[359.456s][info][gc,phases   ] GC(656)   Merge Heap Roots: 0.13ms
[359.456s][info][gc,phases   ] GC(656)   Evacuate Collection Set: 4.93ms
[359.456s][info][gc,phases   ] GC(656)   Post Evacuate Collection Set: 0.78ms
[359.456s][info][gc,phases   ] GC(656)   Other: 0.08ms
[359.456s][info][gc,heap     ] GC(656) Eden regions: 471->0(470)
[359.456s][info][gc,heap     ] GC(656) Survivor regions: 2->3(60)
[359.456s][info][gc,heap     ] GC(656) Old regions: 50->50
[359.456s][info][gc,heap     ] GC(656) Humongous regions: 207->207
[359.456s][info][gc,metaspace] GC(656) Metaspace: 57286K(57600K)->57286K(57600K) NonClass: 51661K(51904K)->51661K(51904K) Class: 5625K(5696K)->5625K(5696K)
[359.456s][info][gc          ] GC(656) Pause Young (Normal) (G1 Evacuation Pause) 729M->259M(789M) 6.386ms
[359.456s][info][gc,cpu      ] GC(656) User=0.01s Sys=0.00s Real=0.01s
[360.433s][info][gc,start    ] GC(657) Pause Young (Normal) (G1 Evacuation Pause)
[360.433s][info][gc,task     ] GC(657) Using 2 workers of 2 for evacuation
[360.436s][info][gc,phases   ] GC(657)   Pre Evacuate Collection Set: 0.30ms
[360.436s][info][gc,phases   ] GC(657)   Merge Heap Roots: 0.13ms
[360.436s][info][gc,phases   ] GC(657)   Evacuate Collection Set: 2.16ms
[360.436s][info][gc,phases   ] GC(657)   Post Evacuate Collection Set: 0.79ms
[360.436s][info][gc,phases   ] GC(657)   Other: 0.08ms
[360.436s][info][gc,heap     ] GC(657) Eden regions: 470->0(472)
[360.436s][info][gc,heap     ] GC(657) Survivor regions: 3->1(60)
[360.436s][info][gc,heap     ] GC(657) Old regions: 50->50
[360.436s][info][gc,heap     ] GC(657) Humongous regions: 207->207
[360.436s][info][gc,metaspace] GC(657) Metaspace: 57286K(57600K)->57286K(57600K) NonClass: 51661K(51904K)->51661K(51904K) Class: 5625K(5696K)->5625K(5696K)
[360.436s][info][gc          ] GC(657) Pause Young (Normal) (G1 Evacuation Pause) 729M->257M(789M) 3.637ms
[360.436s][info][gc,cpu      ] GC(657) User=0.01s Sys=0.00s Real=0.00s
[361.388s][info][gc,start    ] GC(658) Pause Young (Normal) (G1 Evacuation Pause)
[361.388s][info][gc,task     ] GC(658) Using 2 workers of 2 for evacuation
[361.394s][info][gc,phases   ] GC(658)   Pre Evacuate Collection Set: 0.30ms
[361.395s][info][gc,phases   ] GC(658)   Merge Heap Roots: 0.13ms
[361.395s][info][gc,phases   ] GC(658)   Evacuate Collection Set: 4.79ms
[361.395s][info][gc,phases   ] GC(658)   Post Evacuate Collection Set: 0.76ms
[361.395s][info][gc,phases   ] GC(658)   Other: 0.10ms
[361.395s][info][gc,heap     ] GC(658) Eden regions: 472->0(469)
[361.395s][info][gc,heap     ] GC(658) Survivor regions: 1->4(60)
[361.395s][info][gc,heap     ] GC(658) Old regions: 50->50
[361.395s][info][gc,heap     ] GC(658) Humongous regions: 207->207
[361.395s][info][gc,metaspace] GC(658) Metaspace: 57286K(57600K)->57286K(57600K) NonClass: 51661K(51904K)->51661K(51904K) Class: 5625K(5696K)->5625K(5696K)
[361.395s][info][gc          ] GC(658) Pause Young (Normal) (G1 Evacuation Pause) 729M->260M(789M) 6.935ms
[361.395s][info][gc,cpu      ] GC(658) User=0.02s Sys=0.00s Real=0.01s
[362.267s][info][gc,start    ] GC(659) Pause Young (Normal) (G1 Evacuation Pause)
[362.267s][info][gc,task     ] GC(659) Using 2 workers of 2 for evacuation
[362.272s][info][gc,phases   ] GC(659)   Pre Evacuate Collection Set: 0.30ms
[362.272s][info][gc,phases   ] GC(659)   Merge Heap Roots: 0.12ms
[362.272s][info][gc,phases   ] GC(659)   Evacuate Collection Set: 4.05ms
[362.272s][info][gc,phases   ] GC(659)   Post Evacuate Collection Set: 0.78ms
[362.272s][info][gc,phases   ] GC(659)   Other: 0.08ms
[362.272s][info][gc,heap     ] GC(659) Eden regions: 469->0(470)
[362.272s][info][gc,heap     ] GC(659) Survivor regions: 4->3(60)
[362.272s][info][gc,heap     ] GC(659) Old regions: 50->50
[362.272s][info][gc,heap     ] GC(659) Humongous regions: 207->207
[362.272s][info][gc,metaspace] GC(659) Metaspace: 57286K(57600K)->57286K(57600K) NonClass: 51661K(51904K)->51661K(51904K) Class: 5625K(5696K)->5625K(5696K)
[362.272s][info][gc          ] GC(659) Pause Young (Normal) (G1 Evacuation Pause) 729M->259M(789M) 5.495ms
[362.272s][info][gc,cpu      ] GC(659) User=0.01s Sys=0.01s Real=0.01s
[363.239s][info][gc,start    ] GC(660) Pause Young (Normal) (G1 Evacuation Pause)
[363.239s][info][gc,task     ] GC(660) Using 2 workers of 2 for evacuation
[363.243s][info][gc,phases   ] GC(660)   Pre Evacuate Collection Set: 0.29ms
[363.243s][info][gc,phases   ] GC(660)   Merge Heap Roots: 0.12ms
[363.243s][info][gc,phases   ] GC(660)   Evacuate Collection Set: 3.17ms
[363.243s][info][gc,phases   ] GC(660)   Post Evacuate Collection Set: 0.76ms
[363.243s][info][gc,phases   ] GC(660)   Other: 0.10ms
[363.243s][info][gc,heap     ] GC(660) Eden regions: 470->0(470)
[363.243s][info][gc,heap     ] GC(660) Survivor regions: 3->3(60)
[363.243s][info][gc,heap     ] GC(660) Old regions: 50->51
[363.243s][info][gc,heap     ] GC(660) Humongous regions: 207->207
[363.243s][info][gc,metaspace] GC(660) Metaspace: 57286K(57600K)->57286K(57600K) NonClass: 51661K(51904K)->51661K(51904K) Class: 5625K(5696K)->5625K(5696K)
[363.243s][info][gc          ] GC(660) Pause Young (Normal) (G1 Evacuation Pause) 729M->259M(789M) 4.611ms
[363.243s][info][gc,cpu      ] GC(660) User=0.01s Sys=0.00s Real=0.01s
[364.211s][info][gc,start    ] GC(661) Pause Young (Normal) (G1 Evacuation Pause)
[364.211s][info][gc,task     ] GC(661) Using 2 workers of 2 for evacuation
[364.215s][info][gc,phases   ] GC(661)   Pre Evacuate Collection Set: 0.33ms
[364.215s][info][gc,phases   ] GC(661)   Merge Heap Roots: 0.14ms
[364.215s][info][gc,phases   ] GC(661)   Evacuate Collection Set: 3.42ms
[364.215s][info][gc,phases   ] GC(661)   Post Evacuate Collection Set: 0.75ms
[364.215s][info][gc,phases   ] GC(661)   Other: 0.09ms
[364.215s][info][gc,heap     ] GC(661) Eden regions: 470->0(471)
[364.215s][info][gc,heap     ] GC(661) Survivor regions: 3->2(60)
[364.215s][info][gc,heap     ] GC(661) Old regions: 51->51
[364.215s][info][gc,heap     ] GC(661) Humongous regions: 207->207
[364.215s][info][gc,metaspace] GC(661) Metaspace: 57286K(57600K)->57286K(57600K) NonClass: 51661K(51904K)->51661K(51904K) Class: 5625K(5696K)->5625K(5696K)
[364.216s][info][gc          ] GC(661) Pause Young (Normal) (G1 Evacuation Pause) 729M->258M(789M) 4.885ms
[364.216s][info][gc,cpu      ] GC(661) User=0.01s Sys=0.00s Real=0.01s
[365.136s][info][gc,start    ] GC(662) Pause Young (Normal) (G1 Evacuation Pause)
[365.136s][info][gc,task     ] GC(662) Using 2 workers of 2 for evacuation
[365.140s][info][gc,phases   ] GC(662)   Pre Evacuate Collection Set: 0.29ms
[365.140s][info][gc,phases   ] GC(662)   Merge Heap Roots: 0.14ms
[365.140s][info][gc,phases   ] GC(662)   Evacuate Collection Set: 2.66ms
[365.140s][info][gc,phases   ] GC(662)   Post Evacuate Collection Set: 1.05ms
[365.140s][info][gc,phases   ] GC(662)   Other: 0.10ms
[365.140s][info][gc,heap     ] GC(662) Eden regions: 471->0(471)
[365.140s][info][gc,heap     ] GC(662) Survivor regions: 2->2(60)
[365.140s][info][gc,heap     ] GC(662) Old regions: 51->51
[365.140s][info][gc,heap     ] GC(662) Humongous regions: 207->207
[365.140s][info][gc,metaspace] GC(662) Metaspace: 57286K(57600K)->57286K(57600K) NonClass: 51661K(51904K)->51661K(51904K) Class: 5625K(5696K)->5625K(5696K)
[365.140s][info][gc          ] GC(662) Pause Young (Normal) (G1 Evacuation Pause) 729M->258M(789M) 4.404ms
[365.140s][info][gc,cpu      ] GC(662) User=0.01s Sys=0.00s Real=0.00s
[366.056s][info][gc,start    ] GC(663) Pause Young (Normal) (G1 Evacuation Pause)
[366.056s][info][gc,task     ] GC(663) Using 2 workers of 2 for evacuation
[366.064s][info][gc,phases   ] GC(663)   Pre Evacuate Collection Set: 0.45ms
[366.064s][info][gc,phases   ] GC(663)   Merge Heap Roots: 0.11ms
[366.064s][info][gc,phases   ] GC(663)   Evacuate Collection Set: 6.75ms
[366.064s][info][gc,phases   ] GC(663)   Post Evacuate Collection Set: 0.78ms
[366.064s][info][gc,phases   ] GC(663)   Other: 0.09ms
[366.064s][info][gc,heap     ] GC(663) Eden regions: 471->0(470)
[366.064s][info][gc,heap     ] GC(663) Survivor regions: 2->3(60)
[366.064s][info][gc,heap     ] GC(663) Old regions: 51->51
[366.064s][info][gc,heap     ] GC(663) Humongous regions: 207->207
[366.064s][info][gc,metaspace] GC(663) Metaspace: 57286K(57600K)->57286K(57600K) NonClass: 51661K(51904K)->51661K(51904K) Class: 5625K(5696K)->5625K(5696K)
[366.064s][info][gc          ] GC(663) Pause Young (Normal) (G1 Evacuation Pause) 729M->259M(789M) 8.351ms
[366.064s][info][gc,cpu      ] GC(663) User=0.01s Sys=0.00s Real=0.01s
[366.978s][info][gc,start    ] GC(664) Pause Young (Normal) (G1 Evacuation Pause)
[366.978s][info][gc,task     ] GC(664) Using 2 workers of 2 for evacuation
[366.982s][info][gc,phases   ] GC(664)   Pre Evacuate Collection Set: 0.31ms
[366.982s][info][gc,phases   ] GC(664)   Merge Heap Roots: 0.13ms
[366.982s][info][gc,phases   ] GC(664)   Evacuate Collection Set: 2.84ms
[366.982s][info][gc,phases   ] GC(664)   Post Evacuate Collection Set: 0.77ms
[366.982s][info][gc,phases   ] GC(664)   Other: 0.09ms
[366.982s][info][gc,heap     ] GC(664) Eden regions: 470->0(471)
[366.982s][info][gc,heap     ] GC(664) Survivor regions: 3->2(60)
[366.982s][info][gc,heap     ] GC(664) Old regions: 51->51
[366.982s][info][gc,heap     ] GC(664) Humongous regions: 207->207
[366.982s][info][gc,metaspace] GC(664) Metaspace: 57286K(57600K)->57286K(57600K) NonClass: 51661K(51904K)->51661K(51904K) Class: 5625K(5696K)->5625K(5696K)
[366.982s][info][gc          ] GC(664) Pause Young (Normal) (G1 Evacuation Pause) 729M->258M(789M) 4.338ms
[366.982s][info][gc,cpu      ] GC(664) User=0.00s Sys=0.00s Real=0.01s
[367.949s][info][gc,start    ] GC(665) Pause Young (Normal) (G1 Evacuation Pause)
[367.949s][info][gc,task     ] GC(665) Using 2 workers of 2 for evacuation
[367.953s][info][gc,phases   ] GC(665)   Pre Evacuate Collection Set: 0.29ms
[367.953s][info][gc,phases   ] GC(665)   Merge Heap Roots: 0.13ms
[367.953s][info][gc,phases   ] GC(665)   Evacuate Collection Set: 3.56ms
[367.953s][info][gc,phases   ] GC(665)   Post Evacuate Collection Set: 0.77ms
[367.954s][info][gc,phases   ] GC(665)   Other: 0.08ms
[367.954s][info][gc,heap     ] GC(665) Eden regions: 471->0(470)
[367.954s][info][gc,heap     ] GC(665) Survivor regions: 2->3(60)
[367.954s][info][gc,heap     ] GC(665) Old regions: 51->51
[367.954s][info][gc,heap     ] GC(665) Humongous regions: 207->207
[367.954s][info][gc,metaspace] GC(665) Metaspace: 57286K(57600K)->57286K(57600K) NonClass: 51661K(51904K)->51661K(51904K) Class: 5625K(5696K)->5625K(5696K)
[367.954s][info][gc          ] GC(665) Pause Young (Normal) (G1 Evacuation Pause) 729M->259M(789M) 4.993ms
[367.954s][info][gc,cpu      ] GC(665) User=0.01s Sys=0.00s Real=0.01s
[368.862s][info][gc,start    ] GC(666) Pause Young (Normal) (G1 Evacuation Pause)
[368.862s][info][gc,task     ] GC(666) Using 2 workers of 2 for evacuation
[368.868s][info][gc,phases   ] GC(666)   Pre Evacuate Collection Set: 0.28ms
[368.868s][info][gc,phases   ] GC(666)   Merge Heap Roots: 0.15ms
[368.868s][info][gc,phases   ] GC(666)   Evacuate Collection Set: 4.83ms
[368.868s][info][gc,phases   ] GC(666)   Post Evacuate Collection Set: 0.76ms
[368.868s][info][gc,phases   ] GC(666)   Other: 0.09ms
[368.868s][info][gc,heap     ] GC(666) Eden regions: 470->0(469)
[368.868s][info][gc,heap     ] GC(666) Survivor regions: 3->4(60)
[368.868s][info][gc,heap     ] GC(666) Old regions: 51->51
[368.868s][info][gc,heap     ] GC(666) Humongous regions: 207->207
[368.868s][info][gc,metaspace] GC(666) Metaspace: 57286K(57600K)->57286K(57600K) NonClass: 51661K(51904K)->51661K(51904K) Class: 5625K(5696K)->5625K(5696K)
[368.868s][info][gc          ] GC(666) Pause Young (Normal) (G1 Evacuation Pause) 729M->260M(789M) 6.281ms
[368.868s][info][gc,cpu      ] GC(666) User=0.02s Sys=0.00s Real=0.01s
[369.934s][info][gc,start    ] GC(667) Pause Young (Normal) (G1 Evacuation Pause)
[369.934s][info][gc,task     ] GC(667) Using 2 workers of 2 for evacuation
[369.938s][info][gc,phases   ] GC(667)   Pre Evacuate Collection Set: 0.27ms
[369.938s][info][gc,phases   ] GC(667)   Merge Heap Roots: 0.13ms
[369.938s][info][gc,phases   ] GC(667)   Evacuate Collection Set: 2.42ms
[369.938s][info][gc,phases   ] GC(667)   Post Evacuate Collection Set: 0.75ms
[369.938s][info][gc,phases   ] GC(667)   Other: 0.08ms
[369.938s][info][gc,heap     ] GC(667) Eden regions: 469->0(472)
[369.938s][info][gc,heap     ] GC(667) Survivor regions: 4->1(60)
[369.938s][info][gc,heap     ] GC(667) Old regions: 51->51
[369.938s][info][gc,heap     ] GC(667) Humongous regions: 207->207
[369.938s][info][gc,metaspace] GC(667) Metaspace: 57286K(57600K)->57286K(57600K) NonClass: 51661K(51904K)->51661K(51904K) Class: 5625K(5696K)->5625K(5696K)
[369.938s][info][gc          ] GC(667) Pause Young (Normal) (G1 Evacuation Pause) 729M->258M(789M) 3.815ms
[369.938s][info][gc,cpu      ] GC(667) User=0.01s Sys=0.00s Real=0.00s
[370.852s][info][gc,start    ] GC(668) Pause Young (Normal) (G1 Evacuation Pause)
[370.852s][info][gc,task     ] GC(668) Using 2 workers of 2 for evacuation
[370.858s][info][gc,phases   ] GC(668)   Pre Evacuate Collection Set: 0.29ms
[370.858s][info][gc,phases   ] GC(668)   Merge Heap Roots: 0.13ms
[370.858s][info][gc,phases   ] GC(668)   Evacuate Collection Set: 4.46ms
[370.858s][info][gc,phases   ] GC(668)   Post Evacuate Collection Set: 0.77ms
[370.858s][info][gc,phases   ] GC(668)   Other: 0.10ms
[370.858s][info][gc,heap     ] GC(668) Eden regions: 472->0(470)
[370.858s][info][gc,heap     ] GC(668) Survivor regions: 1->3(60)
[370.858s][info][gc,heap     ] GC(668) Old regions: 51->51
[370.858s][info][gc,heap     ] GC(668) Humongous regions: 207->207
[370.858s][info][gc,metaspace] GC(668) Metaspace: 57286K(57600K)->57286K(57600K) NonClass: 51661K(51904K)->51661K(51904K) Class: 5625K(5696K)->5625K(5696K)
[370.858s][info][gc          ] GC(668) Pause Young (Normal) (G1 Evacuation Pause) 730M->259M(789M) 5.925ms
[370.858s][info][gc,cpu      ] GC(668) User=0.01s Sys=0.00s Real=0.01s
[371.784s][info][gc,start    ] GC(669) Pause Young (Normal) (G1 Evacuation Pause)
[371.784s][info][gc,task     ] GC(669) Using 2 workers of 2 for evacuation
[371.788s][info][gc,phases   ] GC(669)   Pre Evacuate Collection Set: 0.32ms
[371.788s][info][gc,phases   ] GC(669)   Merge Heap Roots: 0.13ms
[371.788s][info][gc,phases   ] GC(669)   Evacuate Collection Set: 2.95ms
[371.788s][info][gc,phases   ] GC(669)   Post Evacuate Collection Set: 0.75ms
[371.788s][info][gc,phases   ] GC(669)   Other: 0.13ms
[371.788s][info][gc,heap     ] GC(669) Eden regions: 470->0(471)
[371.788s][info][gc,heap     ] GC(669) Survivor regions: 3->2(60)
[371.788s][info][gc,heap     ] GC(669) Old regions: 51->51
[371.788s][info][gc,heap     ] GC(669) Humongous regions: 207->207
[371.788s][info][gc,metaspace] GC(669) Metaspace: 57288K(57600K)->57288K(57600K) NonClass: 51663K(51904K)->51663K(51904K) Class: 5625K(5696K)->5625K(5696K)
[371.788s][info][gc          ] GC(669) Pause Young (Normal) (G1 Evacuation Pause) 729M->258M(789M) 4.444ms
[371.788s][info][gc,cpu      ] GC(669) User=0.00s Sys=0.00s Real=0.00s
[372.744s][info][gc,start    ] GC(670) Pause Young (Normal) (G1 Evacuation Pause)
[372.744s][info][gc,task     ] GC(670) Using 2 workers of 2 for evacuation
[372.749s][info][gc,phases   ] GC(670)   Pre Evacuate Collection Set: 0.29ms
[372.749s][info][gc,phases   ] GC(670)   Merge Heap Roots: 0.13ms
[372.749s][info][gc,phases   ] GC(670)   Evacuate Collection Set: 3.93ms
[372.749s][info][gc,phases   ] GC(670)   Post Evacuate Collection Set: 0.75ms
[372.749s][info][gc,phases   ] GC(670)   Other: 0.08ms
[372.749s][info][gc,heap     ] GC(670) Eden regions: 471->0(470)
[372.749s][info][gc,heap     ] GC(670) Survivor regions: 2->3(60)
[372.749s][info][gc,heap     ] GC(670) Old regions: 51->51
[372.749s][info][gc,heap     ] GC(670) Humongous regions: 207->207
[372.749s][info][gc,metaspace] GC(670) Metaspace: 57288K(57600K)->57288K(57600K) NonClass: 51663K(51904K)->51663K(51904K) Class: 5625K(5696K)->5625K(5696K)
[372.749s][info][gc          ] GC(670) Pause Young (Normal) (G1 Evacuation Pause) 729M->259M(789M) 5.345ms
[372.749s][info][gc,cpu      ] GC(670) User=0.01s Sys=0.00s Real=0.00s
[373.725s][info][gc,start    ] GC(671) Pause Young (Normal) (G1 Evacuation Pause)
[373.725s][info][gc,task     ] GC(671) Using 2 workers of 2 for evacuation
[373.730s][info][gc,phases   ] GC(671)   Pre Evacuate Collection Set: 0.32ms
[373.730s][info][gc,phases   ] GC(671)   Merge Heap Roots: 0.13ms
[373.730s][info][gc,phases   ] GC(671)   Evacuate Collection Set: 4.12ms
[373.731s][info][gc,phases   ] GC(671)   Post Evacuate Collection Set: 0.75ms
[373.731s][info][gc,phases   ] GC(671)   Other: 0.08ms
[373.731s][info][gc,heap     ] GC(671) Eden regions: 470->0(470)
[373.731s][info][gc,heap     ] GC(671) Survivor regions: 3->3(60)
[373.731s][info][gc,heap     ] GC(671) Old regions: 51->51
[373.731s][info][gc,heap     ] GC(671) Humongous regions: 207->207
[373.731s][info][gc,metaspace] GC(671) Metaspace: 57288K(57600K)->57288K(57600K) NonClass: 51663K(51904K)->51663K(51904K) Class: 5625K(5696K)->5625K(5696K)
[373.731s][info][gc          ] GC(671) Pause Young (Normal) (G1 Evacuation Pause) 729M->259M(789M) 5.581ms
[373.731s][info][gc,cpu      ] GC(671) User=0.01s Sys=0.00s Real=0.00s
[374.635s][info][gc,start    ] GC(672) Pause Young (Normal) (G1 Evacuation Pause)
[374.635s][info][gc,task     ] GC(672) Using 2 workers of 2 for evacuation
[374.639s][info][gc,phases   ] GC(672)   Pre Evacuate Collection Set: 0.28ms
[374.639s][info][gc,phases   ] GC(672)   Merge Heap Roots: 0.12ms
[374.639s][info][gc,phases   ] GC(672)   Evacuate Collection Set: 2.55ms
[374.639s][info][gc,phases   ] GC(672)   Post Evacuate Collection Set: 0.80ms
[374.639s][info][gc,phases   ] GC(672)   Other: 0.08ms
[374.639s][info][gc,heap     ] GC(672) Eden regions: 470->0(471)
[374.639s][info][gc,heap     ] GC(672) Survivor regions: 3->2(60)
[374.639s][info][gc,heap     ] GC(672) Old regions: 51->51
[374.639s][info][gc,heap     ] GC(672) Humongous regions: 207->207
[374.639s][info][gc,metaspace] GC(672) Metaspace: 57288K(57600K)->57288K(57600K) NonClass: 51663K(51904K)->51663K(51904K) Class: 5625K(5696K)->5625K(5696K)
[374.639s][info][gc          ] GC(672) Pause Young (Normal) (G1 Evacuation Pause) 729M->258M(789M) 3.999ms
[374.639s][info][gc,cpu      ] GC(672) User=0.01s Sys=0.00s Real=0.00s
[375.553s][info][gc,start    ] GC(673) Pause Young (Normal) (G1 Evacuation Pause)
[375.553s][info][gc,task     ] GC(673) Using 2 workers of 2 for evacuation
[375.558s][info][gc,phases   ] GC(673)   Pre Evacuate Collection Set: 0.32ms
[375.558s][info][gc,phases   ] GC(673)   Merge Heap Roots: 0.12ms
[375.558s][info][gc,phases   ] GC(673)   Evacuate Collection Set: 3.49ms
[375.558s][info][gc,phases   ] GC(673)   Post Evacuate Collection Set: 0.75ms
[375.558s][info][gc,phases   ] GC(673)   Other: 0.10ms
[375.558s][info][gc,heap     ] GC(673) Eden regions: 471->0(471)
[375.558s][info][gc,heap     ] GC(673) Survivor regions: 2->2(60)
[375.558s][info][gc,heap     ] GC(673) Old regions: 51->51
[375.558s][info][gc,heap     ] GC(673) Humongous regions: 207->207
[375.558s][info][gc,metaspace] GC(673) Metaspace: 57288K(57600K)->57288K(57600K) NonClass: 51663K(51904K)->51663K(51904K) Class: 5625K(5696K)->5625K(5696K)
[375.558s][info][gc          ] GC(673) Pause Young (Normal) (G1 Evacuation Pause) 729M->259M(789M) 4.938ms
[375.558s][info][gc,cpu      ] GC(673) User=0.01s Sys=0.00s Real=0.00s
[376.476s][info][gc,start    ] GC(674) Pause Young (Normal) (G1 Evacuation Pause)
[376.476s][info][gc,task     ] GC(674) Using 2 workers of 2 for evacuation
[376.479s][info][gc,phases   ] GC(674)   Pre Evacuate Collection Set: 0.31ms
[376.479s][info][gc,phases   ] GC(674)   Merge Heap Roots: 0.12ms
[376.479s][info][gc,phases   ] GC(674)   Evacuate Collection Set: 2.46ms
[376.479s][info][gc,phases   ] GC(674)   Post Evacuate Collection Set: 0.75ms
[376.479s][info][gc,phases   ] GC(674)   Other: 0.08ms
[376.480s][info][gc,heap     ] GC(674) Eden regions: 471->0(471)
[376.480s][info][gc,heap     ] GC(674) Survivor regions: 2->2(60)
[376.480s][info][gc,heap     ] GC(674) Old regions: 51->51
[376.480s][info][gc,heap     ] GC(674) Humongous regions: 207->207
[376.480s][info][gc,metaspace] GC(674) Metaspace: 57288K(57600K)->57288K(57600K) NonClass: 51663K(51904K)->51663K(51904K) Class: 5625K(5696K)->5625K(5696K)
[376.480s][info][gc          ] GC(674) Pause Young (Normal) (G1 Evacuation Pause) 730M->258M(789M) 3.879ms
[376.480s][info][gc,cpu      ] GC(674) User=0.01s Sys=0.00s Real=0.00s
[377.448s][info][gc,start    ] GC(675) Pause Young (Normal) (G1 Evacuation Pause)
[377.448s][info][gc,task     ] GC(675) Using 2 workers of 2 for evacuation
[377.453s][info][gc,phases   ] GC(675)   Pre Evacuate Collection Set: 0.30ms
[377.453s][info][gc,phases   ] GC(675)   Merge Heap Roots: 0.14ms
[377.453s][info][gc,phases   ] GC(675)   Evacuate Collection Set: 3.68ms
[377.453s][info][gc,phases   ] GC(675)   Post Evacuate Collection Set: 0.73ms
[377.453s][info][gc,phases   ] GC(675)   Other: 0.10ms
[377.453s][info][gc,heap     ] GC(675) Eden regions: 471->0(471)
[377.453s][info][gc,heap     ] GC(675) Survivor regions: 2->2(60)
[377.453s][info][gc,heap     ] GC(675) Old regions: 51->51
[377.453s][info][gc,heap     ] GC(675) Humongous regions: 207->207
[377.453s][info][gc,metaspace] GC(675) Metaspace: 57288K(57600K)->57288K(57600K) NonClass: 51663K(51904K)->51663K(51904K) Class: 5625K(5696K)->5625K(5696K)
[377.453s][info][gc          ] GC(675) Pause Young (Normal) (G1 Evacuation Pause) 729M->259M(789M) 5.142ms
[377.453s][info][gc,cpu      ] GC(675) User=0.01s Sys=0.00s Real=0.01s
[378.428s][info][gc,start    ] GC(676) Pause Young (Normal) (G1 Evacuation Pause)
[378.428s][info][gc,task     ] GC(676) Using 2 workers of 2 for evacuation
[378.436s][info][gc,phases   ] GC(676)   Pre Evacuate Collection Set: 0.34ms
[378.436s][info][gc,phases   ] GC(676)   Merge Heap Roots: 0.17ms
[378.436s][info][gc,phases   ] GC(676)   Evacuate Collection Set: 5.97ms
[378.436s][info][gc,phases   ] GC(676)   Post Evacuate Collection Set: 0.78ms
[378.436s][info][gc,phases   ] GC(676)   Other: 0.13ms
[378.437s][info][gc,heap     ] GC(676) Eden regions: 471->0(470)
[378.437s][info][gc,heap     ] GC(676) Survivor regions: 2->3(60)
[378.437s][info][gc,heap     ] GC(676) Old regions: 51->51
[378.437s][info][gc,heap     ] GC(676) Humongous regions: 207->207
[378.437s][info][gc,metaspace] GC(676) Metaspace: 57288K(57600K)->57288K(57600K) NonClass: 51663K(51904K)->51663K(51904K) Class: 5625K(5696K)->5625K(5696K)
[378.437s][info][gc          ] GC(676) Pause Young (Normal) (G1 Evacuation Pause) 729M->259M(789M) 8.926ms
[378.437s][info][gc,cpu      ] GC(676) User=0.01s Sys=0.00s Real=0.01s
[378.591s][info][gc,start    ] GC(677) Pause Young (Concurrent Start) (G1 Humongous Allocation)
[378.591s][info][gc,task     ] GC(677) Using 2 workers of 2 for evacuation
[378.594s][info][gc,phases   ] GC(677)   Pre Evacuate Collection Set: 0.31ms
[378.594s][info][gc,phases   ] GC(677)   Merge Heap Roots: 0.07ms
[378.594s][info][gc,phases   ] GC(677)   Evacuate Collection Set: 1.88ms
[378.594s][info][gc,phases   ] GC(677)   Post Evacuate Collection Set: 0.46ms
[378.594s][info][gc,phases   ] GC(677)   Other: 0.09ms
[378.594s][info][gc,heap     ] GC(677) Eden regions: 114->0(472)
[378.594s][info][gc,heap     ] GC(677) Survivor regions: 3->1(60)
[378.594s][info][gc,heap     ] GC(677) Old regions: 51->51
[378.594s][info][gc,heap     ] GC(677) Humongous regions: 207->207
[378.594s][info][gc,metaspace] GC(677) Metaspace: 57294K(57600K)->57294K(57600K) NonClass: 51669K(51904K)->51669K(51904K) Class: 5625K(5696K)->5625K(5696K)
[378.594s][info][gc          ] GC(677) Pause Young (Concurrent Start) (G1 Humongous Allocation) 373M->257M(789M) 3.012ms
[378.594s][info][gc,cpu      ] GC(677) User=0.01s Sys=0.00s Real=0.01s
[378.594s][info][gc          ] GC(678) Concurrent Undo Cycle
[378.594s][info][gc,marking  ] GC(678) Concurrent Clear Claimed Marks
[378.594s][info][gc,marking  ] GC(678) Concurrent Clear Claimed Marks 0.074ms
[378.594s][info][gc,marking  ] GC(678) Concurrent Cleanup for Next Mark
[378.595s][info][gc,marking  ] GC(678) Concurrent Cleanup for Next Mark 0.792ms
[378.595s][info][gc          ] GC(678) Concurrent Undo Cycle 1.019ms
[378.730s][info][gc,start    ] GC(679) Pause Young (Concurrent Start) (G1 Humongous Allocation)
[378.730s][info][gc,task     ] GC(679) Using 2 workers of 2 for evacuation
[378.733s][info][gc,phases   ] GC(679)   Pre Evacuate Collection Set: 0.29ms
[378.733s][info][gc,phases   ] GC(679)   Merge Heap Roots: 0.07ms
[378.733s][info][gc,phases   ] GC(679)   Evacuate Collection Set: 1.83ms
[378.733s][info][gc,phases   ] GC(679)   Post Evacuate Collection Set: 0.39ms
[378.733s][info][gc,phases   ] GC(679)   Other: 0.18ms
[378.733s][info][gc,heap     ] GC(679) Eden regions: 2->0(450)
[378.733s][info][gc,heap     ] GC(679) Survivor regions: 1->1(60)
[378.733s][info][gc,heap     ] GC(679) Old regions: 51->51
[378.733s][info][gc,heap     ] GC(679) Humongous regions: 246->246
[378.733s][info][gc,metaspace] GC(679) Metaspace: 57295K(57600K)->57295K(57600K) NonClass: 51670K(51904K)->51670K(51904K) Class: 5625K(5696K)->5625K(5696K)
[378.733s][info][gc          ] GC(679) Pause Young (Concurrent Start) (G1 Humongous Allocation) 298M->296M(789M) 2.979ms
[378.733s][info][gc          ] GC(680) Concurrent Mark Cycle
[378.733s][info][gc,marking  ] GC(680) Concurrent Scan Root Regions
[378.733s][info][gc,cpu      ] GC(679) User=0.01s Sys=0.00s Real=0.01s
[378.734s][info][gc,marking  ] GC(680) Concurrent Scan Root Regions 1.480ms
[378.734s][info][gc,marking  ] GC(680) Concurrent Mark
[378.734s][info][gc,marking  ] GC(680) Concurrent Mark From Roots
[378.734s][info][gc,task     ] GC(680) Using 1 workers of 1 for marking
[378.776s][info][gc,marking  ] GC(680) Concurrent Mark From Roots 41.885ms
[378.776s][info][gc,marking  ] GC(680) Concurrent Preclean
[378.776s][info][gc,marking  ] GC(680) Concurrent Preclean 0.063ms
[378.777s][info][gc,start    ] GC(680) Pause Remark
[378.786s][info][gc          ] GC(680) Pause Remark 335M->335M(789M) 9.622ms
[378.786s][info][gc,cpu      ] GC(680) User=0.02s Sys=0.00s Real=0.01s
[378.787s][info][gc,marking  ] GC(680) Concurrent Mark 52.110ms
[378.787s][info][gc,marking  ] GC(680) Concurrent Rebuild Remembered Sets and Scrub Regions
[378.802s][info][gc,marking  ] GC(680) Concurrent Rebuild Remembered Sets and Scrub Regions 15.548ms
[378.802s][info][gc,start    ] GC(680) Pause Cleanup
[378.802s][info][gc          ] GC(680) Pause Cleanup 335M->335M(789M) 0.059ms
[378.802s][info][gc,cpu      ] GC(680) User=0.00s Sys=0.00s Real=0.00s
[378.802s][info][gc,marking  ] GC(680) Concurrent Clear Claimed Marks
[378.802s][info][gc,marking  ] GC(680) Concurrent Clear Claimed Marks 0.071ms
[378.802s][info][gc,marking  ] GC(680) Concurrent Cleanup for Next Mark
[378.805s][info][gc,marking  ] GC(680) Concurrent Cleanup for Next Mark 2.283ms
[378.805s][info][gc          ] GC(680) Concurrent Mark Cycle 71.823ms
[381.749s][info][gc,start    ] GC(681) Pause Young (Prepare Mixed) (G1 Evacuation Pause)
[381.749s][info][gc,task     ] GC(681) Using 2 workers of 2 for evacuation
[381.766s][info][gc,phases   ] GC(681)   Pre Evacuate Collection Set: 0.29ms
[381.766s][info][gc,phases   ] GC(681)   Merge Heap Roots: 0.15ms
[381.766s][info][gc,phases   ] GC(681)   Evacuate Collection Set: 15.76ms
[381.766s][info][gc,phases   ] GC(681)   Post Evacuate Collection Set: 0.89ms
[381.766s][info][gc,phases   ] GC(681)   Other: 0.08ms
[381.766s][info][gc,heap     ] GC(681) Eden regions: 374->0(467)
[381.766s][info][gc,heap     ] GC(681) Survivor regions: 1->15(57)
[381.766s][info][gc,heap     ] GC(681) Old regions: 51->51
[381.766s][info][gc,heap     ] GC(681) Humongous regions: 363->207
[381.766s][info][gc,metaspace] GC(681) Metaspace: 57399K(57728K)->57399K(57728K) NonClass: 51774K(52032K)->51774K(52032K) Class: 5625K(5696K)->5625K(5696K)
[381.766s][info][gc          ] GC(681) Pause Young (Prepare Mixed) (G1 Evacuation Pause) 787M->272M(804M) 17.364ms
[381.766s][info][gc,cpu      ] GC(681) User=0.02s Sys=0.00s Real=0.02s
[382.674s][info][gc,start    ] GC(682) Pause Young (Mixed) (G1 Evacuation Pause)
[382.674s][info][gc,task     ] GC(682) Using 2 workers of 2 for evacuation
[382.683s][info][gc,phases   ] GC(682)   Pre Evacuate Collection Set: 0.30ms
[382.683s][info][gc,phases   ] GC(682)   Merge Heap Roots: 0.13ms
[382.683s][info][gc,phases   ] GC(682)   Evacuate Collection Set: 7.79ms
[382.683s][info][gc,phases   ] GC(682)   Post Evacuate Collection Set: 0.83ms
[382.683s][info][gc,phases   ] GC(682)   Other: 0.09ms
[382.683s][info][gc,heap     ] GC(682) Eden regions: 467->0(467)
[382.683s][info][gc,heap     ] GC(682) Survivor regions: 15->15(61)
[382.683s][info][gc,heap     ] GC(682) Old regions: 51->49
[382.683s][info][gc,heap     ] GC(682) Humongous regions: 207->207
[382.683s][info][gc,metaspace] GC(682) Metaspace: 57399K(57728K)->57399K(57728K) NonClass: 51774K(52032K)->51774K(52032K) Class: 5625K(5696K)->5625K(5696K)
[382.683s][info][gc          ] GC(682) Pause Young (Mixed) (G1 Evacuation Pause) 739M->269M(804M) 9.321ms
[382.683s][info][gc,cpu      ] GC(682) User=0.02s Sys=0.00s Real=0.01s
[383.653s][info][gc,start    ] GC(683) Pause Young (Concurrent Start) (G1 Evacuation Pause)
[383.654s][info][gc,task     ] GC(683) Using 2 workers of 2 for evacuation
[383.681s][info][gc,phases   ] GC(683)   Pre Evacuate Collection Set: 0.55ms
[383.681s][info][gc,phases   ] GC(683)   Merge Heap Roots: 0.16ms
[383.681s][info][gc,phases   ] GC(683)   Evacuate Collection Set: 21.90ms
[383.681s][info][gc,phases   ] GC(683)   Post Evacuate Collection Set: 1.58ms
[383.681s][info][gc,phases   ] GC(683)   Other: 3.33ms
[383.681s][info][gc,heap     ] GC(683) Eden regions: 467->0(467)
[383.681s][info][gc,heap     ] GC(683) Survivor regions: 15->15(61)
[383.681s][info][gc,heap     ] GC(683) Old regions: 49->49
[383.681s][info][gc,heap     ] GC(683) Humongous regions: 207->207
[383.681s][info][gc,metaspace] GC(683) Metaspace: 57399K(57728K)->57399K(57728K) NonClass: 51774K(52032K)->51774K(52032K) Class: 5625K(5696K)->5625K(5696K)
[383.681s][info][gc          ] GC(683) Pause Young (Concurrent Start) (G1 Evacuation Pause) 736M->269M(804M) 27.717ms
[383.681s][info][gc,cpu      ] GC(683) User=0.02s Sys=0.00s Real=0.02s
[383.682s][info][gc          ] GC(684) Concurrent Mark Cycle
[383.683s][info][gc,marking  ] GC(684) Concurrent Scan Root Regions
[383.695s][info][gc,marking  ] GC(684) Concurrent Scan Root Regions 12.046ms
[383.695s][info][gc,marking  ] GC(684) Concurrent Mark
[383.695s][info][gc,marking  ] GC(684) Concurrent Mark From Roots
[383.695s][info][gc,task     ] GC(684) Using 1 workers of 1 for marking
[383.756s][info][gc,marking  ] GC(684) Concurrent Mark From Roots 61.004ms
[383.756s][info][gc,marking  ] GC(684) Concurrent Preclean
[383.756s][info][gc,marking  ] GC(684) Concurrent Preclean 0.059ms
[383.756s][info][gc,start    ] GC(684) Pause Remark
[383.769s][info][gc          ] GC(684) Pause Remark 326M->326M(804M) 12.251ms
[383.769s][info][gc,cpu      ] GC(684) User=0.02s Sys=0.00s Real=0.01s
[383.769s][info][gc,marking  ] GC(684) Concurrent Mark 73.642ms
[383.769s][info][gc,marking  ] GC(684) Concurrent Rebuild Remembered Sets and Scrub Regions
[383.784s][info][gc,marking  ] GC(684) Concurrent Rebuild Remembered Sets and Scrub Regions 14.998ms
[383.784s][info][gc,start    ] GC(684) Pause Cleanup
[383.784s][info][gc          ] GC(684) Pause Cleanup 337M->337M(804M) 0.080ms
[383.784s][info][gc,cpu      ] GC(684) User=0.00s Sys=0.00s Real=0.00s
[383.784s][info][gc,marking  ] GC(684) Concurrent Clear Claimed Marks
[383.784s][info][gc,marking  ] GC(684) Concurrent Clear Claimed Marks 0.083ms
[383.784s][info][gc,marking  ] GC(684) Concurrent Cleanup for Next Mark
[383.787s][info][gc,marking  ] GC(684) Concurrent Cleanup for Next Mark 2.528ms
[383.787s][info][gc          ] GC(684) Concurrent Mark Cycle 104.951ms
[384.560s][info][gc,start    ] GC(685) Pause Young (Prepare Mixed) (G1 Evacuation Pause)
[384.560s][info][gc,task     ] GC(685) Using 2 workers of 2 for evacuation
[384.569s][info][gc,phases   ] GC(685)   Pre Evacuate Collection Set: 0.30ms
[384.569s][info][gc,phases   ] GC(685)   Merge Heap Roots: 0.15ms
[384.569s][info][gc,phases   ] GC(685)   Evacuate Collection Set: 7.51ms
[384.569s][info][gc,phases   ] GC(685)   Post Evacuate Collection Set: 0.81ms
[384.569s][info][gc,phases   ] GC(685)   Other: 0.08ms
[384.569s][info][gc,heap     ] GC(685) Eden regions: 467->0(467)
[384.569s][info][gc,heap     ] GC(685) Survivor regions: 15->15(61)
[384.569s][info][gc,heap     ] GC(685) Old regions: 49->49
[384.569s][info][gc,heap     ] GC(685) Humongous regions: 207->207
[384.569s][info][gc,metaspace] GC(685) Metaspace: 57399K(57728K)->57399K(57728K) NonClass: 51774K(52032K)->51774K(52032K) Class: 5625K(5696K)->5625K(5696K)
[384.569s][info][gc          ] GC(685) Pause Young (Prepare Mixed) (G1 Evacuation Pause) 736M->270M(804M) 9.029ms
[384.569s][info][gc,cpu      ] GC(685) User=0.02s Sys=0.00s Real=0.01s
[385.468s][info][gc,start    ] GC(686) Pause Young (Mixed) (G1 Evacuation Pause)
[385.468s][info][gc,task     ] GC(686) Using 2 workers of 2 for evacuation
[385.478s][info][gc,phases   ] GC(686)   Pre Evacuate Collection Set: 0.29ms
[385.478s][info][gc,phases   ] GC(686)   Merge Heap Roots: 0.14ms
[385.478s][info][gc,phases   ] GC(686)   Evacuate Collection Set: 8.04ms
[385.478s][info][gc,phases   ] GC(686)   Post Evacuate Collection Set: 0.83ms
[385.478s][info][gc,phases   ] GC(686)   Other: 0.09ms
[385.478s][info][gc,heap     ] GC(686) Eden regions: 467->0(466)
[385.478s][info][gc,heap     ] GC(686) Survivor regions: 15->16(61)
[385.478s][info][gc,heap     ] GC(686) Old regions: 49->47
[385.478s][info][gc,heap     ] GC(686) Humongous regions: 207->207
[385.478s][info][gc,metaspace] GC(686) Metaspace: 57400K(57728K)->57400K(57728K) NonClass: 51774K(52032K)->51774K(52032K) Class: 5625K(5696K)->5625K(5696K)
[385.478s][info][gc          ] GC(686) Pause Young (Mixed) (G1 Evacuation Pause) 737M->269M(804M) 9.600ms
[385.478s][info][gc,cpu      ] GC(686) User=0.01s Sys=0.00s Real=0.01s
[386.436s][info][gc,start    ] GC(687) Pause Young (Concurrent Start) (G1 Evacuation Pause)
[386.436s][info][gc,task     ] GC(687) Using 2 workers of 2 for evacuation
[386.444s][info][gc,phases   ] GC(687)   Pre Evacuate Collection Set: 0.31ms
[386.444s][info][gc,phases   ] GC(687)   Merge Heap Roots: 0.14ms
[386.444s][info][gc,phases   ] GC(687)   Evacuate Collection Set: 6.41ms
[386.444s][info][gc,phases   ] GC(687)   Post Evacuate Collection Set: 0.82ms
[386.444s][info][gc,phases   ] GC(687)   Other: 0.10ms
[386.444s][info][gc,heap     ] GC(687) Eden regions: 466->0(467)
[386.444s][info][gc,heap     ] GC(687) Survivor regions: 16->15(61)
[386.444s][info][gc,heap     ] GC(687) Old regions: 47->47
[386.444s][info][gc,heap     ] GC(687) Humongous regions: 207->207
[386.444s][info][gc,metaspace] GC(687) Metaspace: 57400K(57728K)->57400K(57728K) NonClass: 51774K(52032K)->51774K(52032K) Class: 5625K(5696K)->5625K(5696K)
[386.444s][info][gc          ] GC(687) Pause Young (Concurrent Start) (G1 Evacuation Pause) 735M->268M(804M) 7.955ms
[386.444s][info][gc          ] GC(688) Concurrent Mark Cycle
[386.444s][info][gc,marking  ] GC(688) Concurrent Scan Root Regions
[386.446s][info][gc,cpu      ] GC(687) User=0.01s Sys=0.00s Real=0.01s
[386.448s][info][gc,marking  ] GC(688) Concurrent Scan Root Regions 4.241ms
[386.448s][info][gc,marking  ] GC(688) Concurrent Mark
[386.448s][info][gc,marking  ] GC(688) Concurrent Mark From Roots
[386.448s][info][gc,task     ] GC(688) Using 1 workers of 1 for marking
[386.505s][info][gc,marking  ] GC(688) Concurrent Mark From Roots 57.041ms
[386.505s][info][gc,marking  ] GC(688) Concurrent Preclean
[386.505s][info][gc,marking  ] GC(688) Concurrent Preclean 0.060ms
[386.505s][info][gc,start    ] GC(688) Pause Remark
[386.516s][info][gc          ] GC(688) Pause Remark 310M->310M(804M) 10.924ms
[386.516s][info][gc,cpu      ] GC(688) User=0.02s Sys=0.00s Real=0.01s
[386.517s][info][gc,marking  ] GC(688) Concurrent Mark 68.481ms
[386.517s][info][gc,marking  ] GC(688) Concurrent Rebuild Remembered Sets and Scrub Regions
[386.535s][info][gc,marking  ] GC(688) Concurrent Rebuild Remembered Sets and Scrub Regions 18.054ms
[386.535s][info][gc,start    ] GC(688) Pause Cleanup
[386.535s][info][gc          ] GC(688) Pause Cleanup 314M->314M(804M) 0.067ms
[386.535s][info][gc,cpu      ] GC(688) User=0.00s Sys=0.00s Real=0.00s
[386.535s][info][gc,marking  ] GC(688) Concurrent Clear Claimed Marks
[386.535s][info][gc,marking  ] GC(688) Concurrent Clear Claimed Marks 0.107ms
[386.535s][info][gc,marking  ] GC(688) Concurrent Cleanup for Next Mark
[386.542s][info][gc,marking  ] GC(688) Concurrent Cleanup for Next Mark 6.290ms
[386.542s][info][gc          ] GC(688) Concurrent Mark Cycle 97.962ms
[387.352s][info][gc,start    ] GC(689) Pause Young (Prepare Mixed) (G1 Evacuation Pause)
[387.352s][info][gc,task     ] GC(689) Using 2 workers of 2 for evacuation
[387.363s][info][gc,phases   ] GC(689)   Pre Evacuate Collection Set: 0.30ms
[387.363s][info][gc,phases   ] GC(689)   Merge Heap Roots: 0.15ms
[387.363s][info][gc,phases   ] GC(689)   Evacuate Collection Set: 9.06ms
[387.363s][info][gc,phases   ] GC(689)   Post Evacuate Collection Set: 1.18ms
[387.363s][info][gc,phases   ] GC(689)   Other: 0.11ms
[387.363s][info][gc,heap     ] GC(689) Eden regions: 467->0(466)
[387.363s][info][gc,heap     ] GC(689) Survivor regions: 15->16(61)
[387.363s][info][gc,heap     ] GC(689) Old regions: 47->47
[387.363s][info][gc,heap     ] GC(689) Humongous regions: 207->207
[387.363s][info][gc,metaspace] GC(689) Metaspace: 57400K(57728K)->57400K(57728K) NonClass: 51774K(52032K)->51774K(52032K) Class: 5625K(5696K)->5625K(5696K)
[387.363s][info][gc          ] GC(689) Pause Young (Prepare Mixed) (G1 Evacuation Pause) 735M->269M(804M) 11.031ms
[387.363s][info][gc,cpu      ] GC(689) User=0.02s Sys=0.00s Real=0.01s
[388.336s][info][gc,start    ] GC(690) Pause Young (Mixed) (G1 Evacuation Pause)
[388.336s][info][gc,task     ] GC(690) Using 2 workers of 2 for evacuation
[388.348s][info][gc,phases   ] GC(690)   Pre Evacuate Collection Set: 0.50ms
[388.348s][info][gc,phases   ] GC(690)   Merge Heap Roots: 0.31ms
[388.348s][info][gc,phases   ] GC(690)   Evacuate Collection Set: 10.13ms
[388.348s][info][gc,phases   ] GC(690)   Post Evacuate Collection Set: 0.88ms
[388.348s][info][gc,phases   ] GC(690)   Other: 0.10ms
[388.348s][info][gc,heap     ] GC(690) Eden regions: 466->0(466)
[388.348s][info][gc,heap     ] GC(690) Survivor regions: 16->16(61)
[388.348s][info][gc,heap     ] GC(690) Old regions: 47->46
[388.348s][info][gc,heap     ] GC(690) Humongous regions: 207->207
[388.348s][info][gc,metaspace] GC(690) Metaspace: 57400K(57728K)->57400K(57728K) NonClass: 51774K(52032K)->51774K(52032K) Class: 5625K(5696K)->5625K(5696K)
[388.348s][info][gc          ] GC(690) Pause Young (Mixed) (G1 Evacuation Pause) 735M->268M(804M) 12.096ms
[388.348s][info][gc,cpu      ] GC(690) User=0.02s Sys=0.00s Real=0.01s
[389.234s][info][gc,start    ] GC(691) Pause Young (Concurrent Start) (G1 Evacuation Pause)
[389.234s][info][gc,task     ] GC(691) Using 2 workers of 2 for evacuation
[389.241s][info][gc,phases   ] GC(691)   Pre Evacuate Collection Set: 0.27ms
[389.241s][info][gc,phases   ] GC(691)   Merge Heap Roots: 0.15ms
[389.241s][info][gc,phases   ] GC(691)   Evacuate Collection Set: 6.03ms
[389.241s][info][gc,phases   ] GC(691)   Post Evacuate Collection Set: 0.79ms
[389.241s][info][gc,phases   ] GC(691)   Other: 0.13ms
[389.241s][info][gc,heap     ] GC(691) Eden regions: 466->0(468)
[389.241s][info][gc,heap     ] GC(691) Survivor regions: 16->14(61)
[389.241s][info][gc,heap     ] GC(691) Old regions: 46->46
[389.241s][info][gc,heap     ] GC(691) Humongous regions: 207->207
[389.241s][info][gc,metaspace] GC(691) Metaspace: 57400K(57728K)->57400K(57728K) NonClass: 51774K(52032K)->51774K(52032K) Class: 5625K(5696K)->5625K(5696K)
[389.241s][info][gc          ] GC(691) Pause Young (Concurrent Start) (G1 Evacuation Pause) 734M->266M(804M) 7.557ms
[389.241s][info][gc          ] GC(692) Concurrent Mark Cycle
[389.241s][info][gc,marking  ] GC(692) Concurrent Scan Root Regions
[389.241s][info][gc,cpu      ] GC(691) User=0.02s Sys=0.00s Real=0.00s
[389.252s][info][gc,marking  ] GC(692) Concurrent Scan Root Regions 10.694ms
[389.252s][info][gc,marking  ] GC(692) Concurrent Mark
[389.252s][info][gc,marking  ] GC(692) Concurrent Mark From Roots
[389.252s][info][gc,task     ] GC(692) Using 1 workers of 1 for marking
[389.315s][info][gc,marking  ] GC(692) Concurrent Mark From Roots 63.603ms
[389.315s][info][gc,marking  ] GC(692) Concurrent Preclean
[389.316s][info][gc,marking  ] GC(692) Concurrent Preclean 0.052ms
[389.316s][info][gc,start    ] GC(692) Pause Remark
[389.325s][info][gc          ] GC(692) Pause Remark 314M->314M(804M) 9.741ms
[389.325s][info][gc,cpu      ] GC(692) User=0.02s Sys=0.00s Real=0.01s
[389.326s][info][gc,marking  ] GC(692) Concurrent Mark 73.710ms
[389.326s][info][gc,marking  ] GC(692) Concurrent Rebuild Remembered Sets and Scrub Regions
[389.349s][info][gc,marking  ] GC(692) Concurrent Rebuild Remembered Sets and Scrub Regions 23.617ms
[389.349s][info][gc,start    ] GC(692) Pause Cleanup
[389.349s][info][gc          ] GC(692) Pause Cleanup 331M->331M(804M) 0.076ms
[389.349s][info][gc,cpu      ] GC(692) User=0.00s Sys=0.00s Real=0.00s
[389.350s][info][gc,marking  ] GC(692) Concurrent Clear Claimed Marks
[389.350s][info][gc,marking  ] GC(692) Concurrent Clear Claimed Marks 0.086ms
[389.350s][info][gc,marking  ] GC(692) Concurrent Cleanup for Next Mark
[389.352s][info][gc,marking  ] GC(692) Concurrent Cleanup for Next Mark 2.363ms
[389.352s][info][gc          ] GC(692) Concurrent Mark Cycle 110.876ms
[390.145s][info][gc,start    ] GC(693) Pause Young (Prepare Mixed) (G1 Evacuation Pause)
[390.145s][info][gc,task     ] GC(693) Using 2 workers of 2 for evacuation
[390.154s][info][gc,phases   ] GC(693)   Pre Evacuate Collection Set: 0.30ms
[390.154s][info][gc,phases   ] GC(693)   Merge Heap Roots: 0.14ms
[390.154s][info][gc,phases   ] GC(693)   Evacuate Collection Set: 7.40ms
[390.154s][info][gc,phases   ] GC(693)   Post Evacuate Collection Set: 0.83ms
[390.154s][info][gc,phases   ] GC(693)   Other: 0.10ms
[390.154s][info][gc,heap     ] GC(693) Eden regions: 468->0(467)
[390.154s][info][gc,heap     ] GC(693) Survivor regions: 14->15(61)
[390.154s][info][gc,heap     ] GC(693) Old regions: 46->46
[390.154s][info][gc,heap     ] GC(693) Humongous regions: 207->207
[390.154s][info][gc,metaspace] GC(693) Metaspace: 57400K(57728K)->57400K(57728K) NonClass: 51774K(52032K)->51774K(52032K) Class: 5625K(5696K)->5625K(5696K)
[390.154s][info][gc          ] GC(693) Pause Young (Prepare Mixed) (G1 Evacuation Pause) 734M->267M(804M) 8.974ms
[390.154s][info][gc,cpu      ] GC(693) User=0.02s Sys=0.01s Real=0.01s
[391.060s][info][gc,start    ] GC(694) Pause Young (Mixed) (G1 Evacuation Pause)
[391.060s][info][gc,task     ] GC(694) Using 2 workers of 2 for evacuation
[391.074s][info][gc,phases   ] GC(694)   Pre Evacuate Collection Set: 0.30ms
[391.074s][info][gc,phases   ] GC(694)   Merge Heap Roots: 0.19ms
[391.074s][info][gc,phases   ] GC(694)   Evacuate Collection Set: 12.29ms
[391.074s][info][gc,phases   ] GC(694)   Post Evacuate Collection Set: 0.90ms
[391.074s][info][gc,phases   ] GC(694)   Other: 0.09ms
[391.074s][info][gc,heap     ] GC(694) Eden regions: 467->0(465)
[391.074s][info][gc,heap     ] GC(694) Survivor regions: 15->17(61)
[391.074s][info][gc,heap     ] GC(694) Old regions: 46->46
[391.074s][info][gc,heap     ] GC(694) Humongous regions: 207->207
[391.074s][info][gc,metaspace] GC(694) Metaspace: 57400K(57728K)->57400K(57728K) NonClass: 51774K(52032K)->51774K(52032K) Class: 5625K(5696K)->5625K(5696K)
[391.074s][info][gc          ] GC(694) Pause Young (Mixed) (G1 Evacuation Pause) 734M->268M(804M) 13.951ms
[391.074s][info][gc,cpu      ] GC(694) User=0.03s Sys=0.00s Real=0.02s
[392.037s][info][gc,start    ] GC(695) Pause Young (Concurrent Start) (G1 Evacuation Pause)
[392.037s][info][gc,task     ] GC(695) Using 2 workers of 2 for evacuation
[392.045s][info][gc,phases   ] GC(695)   Pre Evacuate Collection Set: 0.32ms
[392.045s][info][gc,phases   ] GC(695)   Merge Heap Roots: 0.14ms
[392.045s][info][gc,phases   ] GC(695)   Evacuate Collection Set: 6.54ms
[392.045s][info][gc,phases   ] GC(695)   Post Evacuate Collection Set: 0.79ms
[392.045s][info][gc,phases   ] GC(695)   Other: 0.10ms
[392.045s][info][gc,heap     ] GC(695) Eden regions: 465->0(467)
[392.045s][info][gc,heap     ] GC(695) Survivor regions: 17->15(61)
[392.045s][info][gc,heap     ] GC(695) Old regions: 46->46
[392.045s][info][gc,heap     ] GC(695) Humongous regions: 207->207
[392.045s][info][gc,metaspace] GC(695) Metaspace: 57400K(57728K)->57400K(57728K) NonClass: 51774K(52032K)->51774K(52032K) Class: 5625K(5696K)->5625K(5696K)
[392.045s][info][gc          ] GC(695) Pause Young (Concurrent Start) (G1 Evacuation Pause) 733M->266M(804M) 8.104ms
[392.045s][info][gc,cpu      ] GC(695) User=0.01s Sys=0.00s Real=0.01s
[392.045s][info][gc          ] GC(696) Concurrent Mark Cycle
[392.045s][info][gc,marking  ] GC(696) Concurrent Scan Root Regions
[392.052s][info][gc,marking  ] GC(696) Concurrent Scan Root Regions 7.015ms
[392.052s][info][gc,marking  ] GC(696) Concurrent Mark
[392.052s][info][gc,marking  ] GC(696) Concurrent Mark From Roots
[392.052s][info][gc,task     ] GC(696) Using 1 workers of 1 for marking
[392.110s][info][gc,marking  ] GC(696) Concurrent Mark From Roots 57.687ms
[392.110s][info][gc,marking  ] GC(696) Concurrent Preclean
[392.110s][info][gc,marking  ] GC(696) Concurrent Preclean 0.069ms
[392.110s][info][gc,start    ] GC(696) Pause Remark
[392.120s][info][gc          ] GC(696) Pause Remark 310M->310M(804M) 9.957ms
[392.120s][info][gc,cpu      ] GC(696) User=0.02s Sys=0.00s Real=0.01s
[392.120s][info][gc,marking  ] GC(696) Concurrent Mark 68.129ms
[392.120s][info][gc,marking  ] GC(696) Concurrent Rebuild Remembered Sets and Scrub Regions
[392.141s][info][gc,marking  ] GC(696) Concurrent Rebuild Remembered Sets and Scrub Regions 20.893ms
[392.142s][info][gc,start    ] GC(696) Pause Cleanup
[392.142s][info][gc          ] GC(696) Pause Cleanup 322M->322M(804M) 0.075ms
[392.142s][info][gc,cpu      ] GC(696) User=0.00s Sys=0.00s Real=0.00s
[392.142s][info][gc,marking  ] GC(696) Concurrent Clear Claimed Marks
[392.142s][info][gc,marking  ] GC(696) Concurrent Clear Claimed Marks 0.084ms
[392.142s][info][gc,marking  ] GC(696) Concurrent Cleanup for Next Mark
[392.147s][info][gc,marking  ] GC(696) Concurrent Cleanup for Next Mark 4.377ms
[392.147s][info][gc          ] GC(696) Concurrent Mark Cycle 101.536ms
[392.948s][info][gc,start    ] GC(697) Pause Young (Prepare Mixed) (G1 Evacuation Pause)
[392.948s][info][gc,task     ] GC(697) Using 2 workers of 2 for evacuation
[392.958s][info][gc,phases   ] GC(697)   Pre Evacuate Collection Set: 0.29ms
[392.958s][info][gc,phases   ] GC(697)   Merge Heap Roots: 0.15ms
[392.958s][info][gc,phases   ] GC(697)   Evacuate Collection Set: 8.11ms
[392.958s][info][gc,phases   ] GC(697)   Post Evacuate Collection Set: 0.84ms
[392.958s][info][gc,phases   ] GC(697)   Other: 0.08ms
[392.958s][info][gc,heap     ] GC(697) Eden regions: 467->0(466)
[392.958s][info][gc,heap     ] GC(697) Survivor regions: 15->16(61)
[392.958s][info][gc,heap     ] GC(697) Old regions: 46->46
[392.958s][info][gc,heap     ] GC(697) Humongous regions: 207->207
[392.958s][info][gc,metaspace] GC(697) Metaspace: 57400K(57728K)->57400K(57728K) NonClass: 51774K(52032K)->51774K(52032K) Class: 5625K(5696K)->5625K(5696K)
[392.958s][info][gc          ] GC(697) Pause Young (Prepare Mixed) (G1 Evacuation Pause) 733M->267M(804M) 9.681ms
[392.958s][info][gc,cpu      ] GC(697) User=0.02s Sys=0.00s Real=0.01s
[393.868s][info][gc,start    ] GC(698) Pause Young (Mixed) (G1 Evacuation Pause)
[393.868s][info][gc,task     ] GC(698) Using 2 workers of 2 for evacuation
[393.878s][info][gc,phases   ] GC(698)   Pre Evacuate Collection Set: 0.30ms
[393.879s][info][gc,phases   ] GC(698)   Merge Heap Roots: 0.14ms
[393.879s][info][gc,phases   ] GC(698)   Evacuate Collection Set: 8.97ms
[393.879s][info][gc,phases   ] GC(698)   Post Evacuate Collection Set: 0.85ms
[393.879s][info][gc,phases   ] GC(698)   Other: 0.08ms
[393.879s][info][gc,heap     ] GC(698) Eden regions: 466->0(466)
[393.879s][info][gc,heap     ] GC(698) Survivor regions: 16->16(61)
[393.879s][info][gc,heap     ] GC(698) Old regions: 46->46
[393.879s][info][gc,heap     ] GC(698) Humongous regions: 207->207
[393.879s][info][gc,metaspace] GC(698) Metaspace: 57400K(57728K)->57400K(57728K) NonClass: 51774K(52032K)->51774K(52032K) Class: 5625K(5696K)->5625K(5696K)
[393.879s][info][gc          ] GC(698) Pause Young (Mixed) (G1 Evacuation Pause) 733M->268M(804M) 10.531ms
[393.879s][info][gc,cpu      ] GC(698) User=0.02s Sys=0.00s Real=0.01s
[394.842s][info][gc,start    ] GC(699) Pause Young (Concurrent Start) (G1 Evacuation Pause)
[394.842s][info][gc,task     ] GC(699) Using 2 workers of 2 for evacuation
[394.850s][info][gc,phases   ] GC(699)   Pre Evacuate Collection Set: 0.30ms
[394.850s][info][gc,phases   ] GC(699)   Merge Heap Roots: 0.14ms
[394.850s][info][gc,phases   ] GC(699)   Evacuate Collection Set: 7.31ms
[394.850s][info][gc,phases   ] GC(699)   Post Evacuate Collection Set: 0.82ms
[394.851s][info][gc,phases   ] GC(699)   Other: 0.10ms
[394.851s][info][gc,heap     ] GC(699) Eden regions: 466->0(466)
[394.851s][info][gc,heap     ] GC(699) Survivor regions: 16->16(61)
[394.851s][info][gc,heap     ] GC(699) Old regions: 46->46
[394.851s][info][gc,heap     ] GC(699) Humongous regions: 207->207
[394.851s][info][gc,metaspace] GC(699) Metaspace: 57400K(57728K)->57400K(57728K) NonClass: 51774K(52032K)->51774K(52032K) Class: 5625K(5696K)->5625K(5696K)
[394.851s][info][gc          ] GC(699) Pause Young (Concurrent Start) (G1 Evacuation Pause) 734M->268M(804M) 8.865ms
[394.851s][info][gc          ] GC(700) Concurrent Mark Cycle
[394.851s][info][gc,marking  ] GC(700) Concurrent Scan Root Regions
[394.853s][info][gc,cpu      ] GC(699) User=0.01s Sys=0.00s Real=0.02s
[394.855s][info][gc,marking  ] GC(700) Concurrent Scan Root Regions 4.599ms
[394.855s][info][gc,marking  ] GC(700) Concurrent Mark
[394.855s][info][gc,marking  ] GC(700) Concurrent Mark From Roots
[394.855s][info][gc,task     ] GC(700) Using 1 workers of 1 for marking
[394.906s][info][gc,marking  ] GC(700) Concurrent Mark From Roots 50.408ms
[394.906s][info][gc,marking  ] GC(700) Concurrent Preclean
[394.906s][info][gc,marking  ] GC(700) Concurrent Preclean 0.055ms
[394.906s][info][gc,start    ] GC(700) Pause Remark
[394.916s][info][gc          ] GC(700) Pause Remark 304M->292M(804M) 9.886ms
[394.916s][info][gc,cpu      ] GC(700) User=0.02s Sys=0.00s Real=0.01s
[394.916s][info][gc,marking  ] GC(700) Concurrent Mark 61.031ms
[394.916s][info][gc,marking  ] GC(700) Concurrent Rebuild Remembered Sets and Scrub Regions
[394.936s][info][gc,marking  ] GC(700) Concurrent Rebuild Remembered Sets and Scrub Regions 19.650ms
[394.936s][info][gc,start    ] GC(700) Pause Cleanup
[394.936s][info][gc          ] GC(700) Pause Cleanup 300M->300M(804M) 0.073ms
[394.936s][info][gc,cpu      ] GC(700) User=0.00s Sys=0.00s Real=0.00s
[394.936s][info][gc,marking  ] GC(700) Concurrent Clear Claimed Marks
[394.936s][info][gc,marking  ] GC(700) Concurrent Clear Claimed Marks 0.085ms
[394.936s][info][gc,marking  ] GC(700) Concurrent Cleanup for Next Mark
[394.942s][info][gc,marking  ] GC(700) Concurrent Cleanup for Next Mark 5.191ms
[394.942s][info][gc          ] GC(700) Concurrent Mark Cycle 91.053ms
[395.848s][info][gc,start    ] GC(701) Pause Young (Prepare Mixed) (G1 Evacuation Pause)
[395.849s][info][gc,task     ] GC(701) Using 2 workers of 2 for evacuation
[395.861s][info][gc,phases   ] GC(701)   Pre Evacuate Collection Set: 0.50ms
[395.861s][info][gc,phases   ] GC(701)   Merge Heap Roots: 0.15ms
[395.861s][info][gc,phases   ] GC(701)   Evacuate Collection Set: 10.57ms
[395.861s][info][gc,phases   ] GC(701)   Post Evacuate Collection Set: 0.82ms
[395.861s][info][gc,phases   ] GC(701)   Other: 0.09ms
[395.861s][info][gc,heap     ] GC(701) Eden regions: 466->0(477)
[395.861s][info][gc,heap     ] GC(701) Survivor regions: 16->5(61)
[395.861s][info][gc,heap     ] GC(701) Old regions: 34->46
[395.861s][info][gc,heap     ] GC(701) Humongous regions: 207->207
[395.861s][info][gc,metaspace] GC(701) Metaspace: 57400K(57728K)->57400K(57728K) NonClass: 51774K(52032K)->51774K(52032K) Class: 5625K(5696K)->5625K(5696K)
[395.861s][info][gc          ] GC(701) Pause Young (Prepare Mixed) (G1 Evacuation Pause) 722M->256M(804M) 12.301ms
[395.861s][info][gc,cpu      ] GC(701) User=0.02s Sys=0.00s Real=0.01s
[396.834s][info][gc,start    ] GC(702) Pause Young (Mixed) (G1 Evacuation Pause)
[396.834s][info][gc,task     ] GC(702) Using 2 workers of 2 for evacuation
[396.838s][info][gc,phases   ] GC(702)   Pre Evacuate Collection Set: 0.28ms
[396.838s][info][gc,phases   ] GC(702)   Merge Heap Roots: 0.13ms
[396.838s][info][gc,phases   ] GC(702)   Evacuate Collection Set: 2.79ms
[396.838s][info][gc,phases   ] GC(702)   Post Evacuate Collection Set: 0.76ms
[396.838s][info][gc,phases   ] GC(702)   Other: 0.09ms
[396.838s][info][gc,heap     ] GC(702) Eden regions: 477->0(479)
[396.839s][info][gc,heap     ] GC(702) Survivor regions: 5->3(61)
[396.839s][info][gc,heap     ] GC(702) Old regions: 46->43
[396.839s][info][gc,heap     ] GC(702) Humongous regions: 207->207
[396.839s][info][gc,metaspace] GC(702) Metaspace: 57400K(57728K)->57400K(57728K) NonClass: 51774K(52032K)->51774K(52032K) Class: 5625K(5696K)->5625K(5696K)
[396.839s][info][gc          ] GC(702) Pause Young (Mixed) (G1 Evacuation Pause) 733M->252M(804M) 4.247ms
[396.839s][info][gc,cpu      ] GC(702) User=0.00s Sys=0.00s Real=0.00s
[397.754s][info][gc,start    ] GC(703) Pause Young (Concurrent Start) (G1 Evacuation Pause)
[397.754s][info][gc,task     ] GC(703) Using 2 workers of 2 for evacuation
[397.761s][info][gc,phases   ] GC(703)   Pre Evacuate Collection Set: 0.29ms
[397.761s][info][gc,phases   ] GC(703)   Merge Heap Roots: 0.13ms
[397.761s][info][gc,phases   ] GC(703)   Evacuate Collection Set: 5.78ms
[397.761s][info][gc,phases   ] GC(703)   Post Evacuate Collection Set: 0.77ms
[397.761s][info][gc,phases   ] GC(703)   Other: 0.11ms
[397.761s][info][gc,heap     ] GC(703) Eden regions: 479->0(476)
[397.761s][info][gc,heap     ] GC(703) Survivor regions: 3->6(61)
[397.761s][info][gc,heap     ] GC(703) Old regions: 43->43
[397.761s][info][gc,heap     ] GC(703) Humongous regions: 207->207
[397.761s][info][gc,metaspace] GC(703) Metaspace: 57400K(57728K)->57400K(57728K) NonClass: 51774K(52032K)->51774K(52032K) Class: 5625K(5696K)->5625K(5696K)
[397.761s][info][gc          ] GC(703) Pause Young (Concurrent Start) (G1 Evacuation Pause) 731M->255M(804M) 7.251ms
[397.761s][info][gc,cpu      ] GC(703) User=0.01s Sys=0.00s Real=0.00s
[397.761s][info][gc          ] GC(704) Concurrent Mark Cycle
[397.761s][info][gc,marking  ] GC(704) Concurrent Scan Root Regions
[397.768s][info][gc,marking  ] GC(704) Concurrent Scan Root Regions 6.530ms
[397.768s][info][gc,marking  ] GC(704) Concurrent Mark
[397.768s][info][gc,marking  ] GC(704) Concurrent Mark From Roots
[397.768s][info][gc,task     ] GC(704) Using 1 workers of 1 for marking
[397.828s][info][gc,marking  ] GC(704) Concurrent Mark From Roots 60.077ms
[397.828s][info][gc,marking  ] GC(704) Concurrent Preclean
[397.828s][info][gc,marking  ] GC(704) Concurrent Preclean 0.069ms
[397.834s][info][gc,start    ] GC(704) Pause Remark
[397.858s][info][gc          ] GC(704) Pause Remark 265M->265M(804M) 23.801ms
[397.858s][info][gc,cpu      ] GC(704) User=0.02s Sys=0.00s Real=0.02s
[397.858s][info][gc,marking  ] GC(704) Concurrent Mark 89.811ms
[397.858s][info][gc,marking  ] GC(704) Concurrent Rebuild Remembered Sets and Scrub Regions
[397.888s][info][gc,marking  ] GC(704) Concurrent Rebuild Remembered Sets and Scrub Regions 30.500ms
[397.888s][info][gc,start    ] GC(704) Pause Cleanup
[397.888s][info][gc          ] GC(704) Pause Cleanup 268M->268M(804M) 0.071ms
[397.888s][info][gc,cpu      ] GC(704) User=0.00s Sys=0.00s Real=0.00s
[397.889s][info][gc,marking  ] GC(704) Concurrent Clear Claimed Marks
[397.889s][info][gc,marking  ] GC(704) Concurrent Clear Claimed Marks 0.086ms
[397.889s][info][gc,marking  ] GC(704) Concurrent Cleanup for Next Mark
[397.891s][info][gc,marking  ] GC(704) Concurrent Cleanup for Next Mark 2.417ms
[397.891s][info][gc          ] GC(704) Concurrent Mark Cycle 129.674ms
[398.742s][info][gc,start    ] GC(705) Pause Young (Prepare Mixed) (G1 Evacuation Pause)
[398.742s][info][gc,task     ] GC(705) Using 2 workers of 2 for evacuation
[398.747s][info][gc,phases   ] GC(705)   Pre Evacuate Collection Set: 0.30ms
[398.747s][info][gc,phases   ] GC(705)   Merge Heap Roots: 0.15ms
[398.747s][info][gc,phases   ] GC(705)   Evacuate Collection Set: 3.51ms
[398.747s][info][gc,phases   ] GC(705)   Post Evacuate Collection Set: 0.76ms
[398.747s][info][gc,phases   ] GC(705)   Other: 0.11ms
[398.747s][info][gc,heap     ] GC(705) Eden regions: 476->0(479)
[398.747s][info][gc,heap     ] GC(705) Survivor regions: 6->3(61)
[398.747s][info][gc,heap     ] GC(705) Old regions: 43->43
[398.747s][info][gc,heap     ] GC(705) Humongous regions: 207->207
[398.747s][info][gc,metaspace] GC(705) Metaspace: 57400K(57728K)->57400K(57728K) NonClass: 51774K(52032K)->51774K(52032K) Class: 5625K(5696K)->5625K(5696K)
[398.747s][info][gc          ] GC(705) Pause Young (Prepare Mixed) (G1 Evacuation Pause) 731M->252M(804M) 5.018ms
[398.747s][info][gc,cpu      ] GC(705) User=0.01s Sys=0.00s Real=0.00s
[399.664s][info][gc,start    ] GC(706) Pause Young (Mixed) (G1 Evacuation Pause)
[399.664s][info][gc,task     ] GC(706) Using 2 workers of 2 for evacuation
[399.686s][info][gc,phases   ] GC(706)   Pre Evacuate Collection Set: 2.36ms
[399.687s][info][gc,phases   ] GC(706)   Merge Heap Roots: 0.12ms
[399.687s][info][gc,phases   ] GC(706)   Evacuate Collection Set: 18.10ms
[399.687s][info][gc,phases   ] GC(706)   Post Evacuate Collection Set: 1.76ms
[399.687s][info][gc,phases   ] GC(706)   Other: 0.09ms
[399.687s][info][gc,heap     ] GC(706) Eden regions: 479->0(478)
[399.687s][info][gc,heap     ] GC(706) Survivor regions: 3->4(61)
[399.687s][info][gc,heap     ] GC(706) Old regions: 43->42
[399.687s][info][gc,heap     ] GC(706) Humongous regions: 207->207
[399.687s][info][gc,metaspace] GC(706) Metaspace: 57400K(57728K)->57400K(57728K) NonClass: 51774K(52032K)->51774K(52032K) Class: 5625K(5696K)->5625K(5696K)
[399.687s][info][gc          ] GC(706) Pause Young (Mixed) (G1 Evacuation Pause) 731M->252M(804M) 22.638ms
[399.687s][info][gc,cpu      ] GC(706) User=0.02s Sys=0.00s Real=0.02s
[400.640s][info][gc,start    ] GC(707) Pause Young (Concurrent Start) (G1 Evacuation Pause)
[400.640s][info][gc,task     ] GC(707) Using 2 workers of 2 for evacuation
[400.646s][info][gc,phases   ] GC(707)   Pre Evacuate Collection Set: 0.44ms
[400.646s][info][gc,phases   ] GC(707)   Merge Heap Roots: 0.15ms
[400.646s][info][gc,phases   ] GC(707)   Evacuate Collection Set: 4.33ms
[400.646s][info][gc,phases   ] GC(707)   Post Evacuate Collection Set: 0.79ms
[400.646s][info][gc,phases   ] GC(707)   Other: 0.17ms
[400.646s][info][gc,heap     ] GC(707) Eden regions: 478->0(479)
[400.646s][info][gc,heap     ] GC(707) Survivor regions: 4->3(61)
[400.646s][info][gc,heap     ] GC(707) Old regions: 42->42
[400.646s][info][gc,heap     ] GC(707) Humongous regions: 207->207
[400.646s][info][gc,metaspace] GC(707) Metaspace: 57400K(57728K)->57400K(57728K) NonClass: 51774K(52032K)->51774K(52032K) Class: 5625K(5696K)->5625K(5696K)
[400.646s][info][gc          ] GC(707) Pause Young (Concurrent Start) (G1 Evacuation Pause) 730M->251M(804M) 6.036ms
[400.646s][info][gc,cpu      ] GC(707) User=0.01s Sys=0.00s Real=0.01s
[400.646s][info][gc          ] GC(708) Concurrent Mark Cycle
[400.647s][info][gc,marking  ] GC(708) Concurrent Scan Root Regions
[400.651s][info][gc,marking  ] GC(708) Concurrent Scan Root Regions 3.406ms
[400.651s][info][gc,marking  ] GC(708) Concurrent Mark
[400.651s][info][gc,marking  ] GC(708) Concurrent Mark From Roots
[400.651s][info][gc,task     ] GC(708) Using 1 workers of 1 for marking
[400.712s][info][gc,marking  ] GC(708) Concurrent Mark From Roots 61.608ms
[400.712s][info][gc,marking  ] GC(708) Concurrent Preclean
[400.712s][info][gc,marking  ] GC(708) Concurrent Preclean 0.073ms
[400.712s][info][gc,start    ] GC(708) Pause Remark
[400.734s][info][gc          ] GC(708) Pause Remark 282M->282M(804M) 21.370ms
[400.734s][info][gc,cpu      ] GC(708) User=0.02s Sys=0.00s Real=0.02s
[400.740s][info][gc,marking  ] GC(708) Concurrent Mark 89.607ms
[400.740s][info][gc,marking  ] GC(708) Concurrent Rebuild Remembered Sets and Scrub Regions
[400.757s][info][gc,marking  ] GC(708) Concurrent Rebuild Remembered Sets and Scrub Regions 17.182ms
[400.757s][info][gc,start    ] GC(708) Pause Cleanup
[400.758s][info][gc          ] GC(708) Pause Cleanup 282M->282M(804M) 0.066ms
[400.758s][info][gc,cpu      ] GC(708) User=0.00s Sys=0.00s Real=0.00s
[400.758s][info][gc,marking  ] GC(708) Concurrent Clear Claimed Marks
[400.758s][info][gc,marking  ] GC(708) Concurrent Clear Claimed Marks 0.082ms
[400.758s][info][gc,marking  ] GC(708) Concurrent Cleanup for Next Mark
[400.760s][info][gc,marking  ] GC(708) Concurrent Cleanup for Next Mark 2.341ms
[400.760s][info][gc          ] GC(708) Concurrent Mark Cycle 114.301ms
[401.635s][info][gc,start    ] GC(709) Pause Young (Prepare Mixed) (G1 Evacuation Pause)
[401.635s][info][gc,task     ] GC(709) Using 2 workers of 2 for evacuation
[401.640s][info][gc,phases   ] GC(709)   Pre Evacuate Collection Set: 0.48ms
[401.640s][info][gc,phases   ] GC(709)   Merge Heap Roots: 0.15ms
[401.640s][info][gc,phases   ] GC(709)   Evacuate Collection Set: 3.00ms
[401.640s][info][gc,phases   ] GC(709)   Post Evacuate Collection Set: 0.82ms
[401.640s][info][gc,phases   ] GC(709)   Other: 0.12ms
[401.640s][info][gc,heap     ] GC(709) Eden regions: 479->0(480)
[401.640s][info][gc,heap     ] GC(709) Survivor regions: 3->2(61)
[401.640s][info][gc,heap     ] GC(709) Old regions: 42->42
[401.640s][info][gc,heap     ] GC(709) Humongous regions: 207->207
[401.640s][info][gc,metaspace] GC(709) Metaspace: 57400K(57728K)->57400K(57728K) NonClass: 51774K(52032K)->51774K(52032K) Class: 5625K(5696K)->5625K(5696K)
[401.640s][info][gc          ] GC(709) Pause Young (Prepare Mixed) (G1 Evacuation Pause) 730M->250M(804M) 4.780ms
[401.640s][info][gc,cpu      ] GC(709) User=0.00s Sys=0.00s Real=0.00s
[402.551s][info][gc,start    ] GC(710) Pause Young (Mixed) (G1 Evacuation Pause)
[402.551s][info][gc,task     ] GC(710) Using 2 workers of 2 for evacuation
[402.558s][info][gc,phases   ] GC(710)   Pre Evacuate Collection Set: 0.31ms
[402.558s][info][gc,phases   ] GC(710)   Merge Heap Roots: 0.13ms
[402.558s][info][gc,phases   ] GC(710)   Evacuate Collection Set: 5.40ms
[402.558s][info][gc,phases   ] GC(710)   Post Evacuate Collection Set: 0.78ms
[402.558s][info][gc,phases   ] GC(710)   Other: 0.09ms
[402.558s][info][gc,heap     ] GC(710) Eden regions: 480->0(478)
[402.558s][info][gc,heap     ] GC(710) Survivor regions: 2->4(61)
[402.558s][info][gc,heap     ] GC(710) Old regions: 42->40
[402.558s][info][gc,heap     ] GC(710) Humongous regions: 207->207
[402.558s][info][gc,metaspace] GC(710) Metaspace: 57400K(57728K)->57400K(57728K) NonClass: 51774K(52032K)->51774K(52032K) Class: 5625K(5696K)->5625K(5696K)
[402.558s][info][gc          ] GC(710) Pause Young (Mixed) (G1 Evacuation Pause) 730M->250M(804M) 6.927ms
[402.558s][info][gc,cpu      ] GC(710) User=0.01s Sys=0.00s Real=0.01s
[403.539s][info][gc,start    ] GC(711) Pause Young (Concurrent Start) (G1 Evacuation Pause)
[403.539s][info][gc,task     ] GC(711) Using 2 workers of 2 for evacuation
[403.544s][info][gc,phases   ] GC(711)   Pre Evacuate Collection Set: 0.31ms
[403.544s][info][gc,phases   ] GC(711)   Merge Heap Roots: 0.13ms
[403.544s][info][gc,phases   ] GC(711)   Evacuate Collection Set: 3.42ms
[403.544s][info][gc,phases   ] GC(711)   Post Evacuate Collection Set: 0.78ms
[403.544s][info][gc,phases   ] GC(711)   Other: 0.11ms
[403.544s][info][gc,heap     ] GC(711) Eden regions: 478->0(479)
[403.544s][info][gc,heap     ] GC(711) Survivor regions: 4->3(61)
[403.544s][info][gc,heap     ] GC(711) Old regions: 40->40
[403.544s][info][gc,heap     ] GC(711) Humongous regions: 207->207
[403.544s][info][gc,metaspace] GC(711) Metaspace: 57400K(57728K)->57400K(57728K) NonClass: 51774K(52032K)->51774K(52032K) Class: 5625K(5696K)->5625K(5696K)
[403.544s][info][gc          ] GC(711) Pause Young (Concurrent Start) (G1 Evacuation Pause) 728M->249M(804M) 4.929ms
[403.544s][info][gc,cpu      ] GC(711) User=0.01s Sys=0.00s Real=0.01s
[403.544s][info][gc          ] GC(712) Concurrent Mark Cycle
[403.544s][info][gc,marking  ] GC(712) Concurrent Scan Root Regions
[403.550s][info][gc,marking  ] GC(712) Concurrent Scan Root Regions 5.690ms
[403.550s][info][gc,marking  ] GC(712) Concurrent Mark
[403.550s][info][gc,marking  ] GC(712) Concurrent Mark From Roots
[403.550s][info][gc,task     ] GC(712) Using 1 workers of 1 for marking
[403.591s][info][gc,marking  ] GC(712) Concurrent Mark From Roots 41.243ms
[403.591s][info][gc,marking  ] GC(712) Concurrent Preclean
[403.591s][info][gc,marking  ] GC(712) Concurrent Preclean 0.083ms
[403.592s][info][gc,start    ] GC(712) Pause Remark
[403.602s][info][gc          ] GC(712) Pause Remark 281M->281M(804M) 10.017ms
[403.602s][info][gc,cpu      ] GC(712) User=0.01s Sys=0.00s Real=0.01s
[403.602s][info][gc,marking  ] GC(712) Concurrent Mark 52.450ms
[403.602s][info][gc,marking  ] GC(712) Concurrent Rebuild Remembered Sets and Scrub Regions
[403.619s][info][gc,marking  ] GC(712) Concurrent Rebuild Remembered Sets and Scrub Regions 16.624ms
[403.619s][info][gc,start    ] GC(712) Pause Cleanup
[403.619s][info][gc          ] GC(712) Pause Cleanup 286M->286M(804M) 0.105ms
[403.619s][info][gc,cpu      ] GC(712) User=0.00s Sys=0.00s Real=0.00s
[403.619s][info][gc,marking  ] GC(712) Concurrent Clear Claimed Marks
[403.620s][info][gc,marking  ] GC(712) Concurrent Clear Claimed Marks 0.092ms
[403.620s][info][gc,marking  ] GC(712) Concurrent Cleanup for Next Mark
[403.622s][info][gc,marking  ] GC(712) Concurrent Cleanup for Next Mark 2.416ms
[403.622s][info][gc          ] GC(712) Concurrent Mark Cycle 77.754ms
[404.472s][info][gc,start    ] GC(713) Pause Young (Prepare Mixed) (G1 Evacuation Pause)
[404.472s][info][gc,task     ] GC(713) Using 2 workers of 2 for evacuation
[404.478s][info][gc,phases   ] GC(713)   Pre Evacuate Collection Set: 0.54ms
[404.478s][info][gc,phases   ] GC(713)   Merge Heap Roots: 0.17ms
[404.478s][info][gc,phases   ] GC(713)   Evacuate Collection Set: 4.54ms
[404.478s][info][gc,phases   ] GC(713)   Post Evacuate Collection Set: 0.79ms
[404.478s][info][gc,phases   ] GC(713)   Other: 0.10ms
[404.478s][info][gc,heap     ] GC(713) Eden regions: 479->0(478)
[404.478s][info][gc,heap     ] GC(713) Survivor regions: 3->4(61)
[404.478s][info][gc,heap     ] GC(713) Old regions: 40->40
[404.478s][info][gc,heap     ] GC(713) Humongous regions: 207->207
[404.478s][info][gc,metaspace] GC(713) Metaspace: 57400K(57728K)->57400K(57728K) NonClass: 51774K(52032K)->51774K(52032K) Class: 5625K(5696K)->5625K(5696K)
[404.478s][info][gc          ] GC(713) Pause Young (Prepare Mixed) (G1 Evacuation Pause) 728M->249M(804M) 6.303ms
[404.478s][info][gc,cpu      ] GC(713) User=0.01s Sys=0.00s Real=0.01s
[405.458s][info][gc,start    ] GC(714) Pause Young (Mixed) (G1 Evacuation Pause)
[405.458s][info][gc,task     ] GC(714) Using 2 workers of 2 for evacuation
[405.476s][info][gc,phases   ] GC(714)   Pre Evacuate Collection Set: 0.47ms
[405.476s][info][gc,phases   ] GC(714)   Merge Heap Roots: 0.15ms
[405.476s][info][gc,phases   ] GC(714)   Evacuate Collection Set: 15.66ms
[405.476s][info][gc,phases   ] GC(714)   Post Evacuate Collection Set: 1.33ms
[405.476s][info][gc,phases   ] GC(714)   Other: 0.12ms
[405.476s][info][gc,heap     ] GC(714) Eden regions: 478->0(478)
[405.476s][info][gc,heap     ] GC(714) Survivor regions: 4->4(61)
[405.476s][info][gc,heap     ] GC(714) Old regions: 40->38
[405.476s][info][gc,heap     ] GC(714) Humongous regions: 207->207
[405.476s][info][gc,metaspace] GC(714) Metaspace: 57400K(57728K)->57400K(57728K) NonClass: 51774K(52032K)->51774K(52032K) Class: 5625K(5696K)->5625K(5696K)
[405.476s][info][gc          ] GC(714) Pause Young (Mixed) (G1 Evacuation Pause) 727M->248M(804M) 17.916ms
[405.476s][info][gc,cpu      ] GC(714) User=0.02s Sys=0.00s Real=0.02s
[406.477s][info][gc,start    ] GC(715) Pause Young (Concurrent Start) (G1 Evacuation Pause)
[406.477s][info][gc,task     ] GC(715) Using 2 workers of 2 for evacuation
[406.488s][info][gc,phases   ] GC(715)   Pre Evacuate Collection Set: 0.39ms
[406.488s][info][gc,phases   ] GC(715)   Merge Heap Roots: 1.37ms
[406.488s][info][gc,phases   ] GC(715)   Evacuate Collection Set: 7.89ms
[406.488s][info][gc,phases   ] GC(715)   Post Evacuate Collection Set: 0.99ms
[406.488s][info][gc,phases   ] GC(715)   Other: 0.17ms
[406.488s][info][gc,heap     ] GC(715) Eden regions: 478->0(480)
[406.488s][info][gc,heap     ] GC(715) Survivor regions: 4->2(61)
[406.488s][info][gc,heap     ] GC(715) Old regions: 38->38
[406.488s][info][gc,heap     ] GC(715) Humongous regions: 207->207
[406.488s][info][gc,metaspace] GC(715) Metaspace: 57400K(57728K)->57400K(57728K) NonClass: 51774K(52032K)->51774K(52032K) Class: 5625K(5696K)->5625K(5696K)
[406.488s][info][gc          ] GC(715) Pause Young (Concurrent Start) (G1 Evacuation Pause) 726M->246M(804M) 11.020ms
[406.488s][info][gc,cpu      ] GC(715) User=0.01s Sys=0.00s Real=0.01s
[406.490s][info][gc          ] GC(716) Concurrent Mark Cycle
[406.490s][info][gc,marking  ] GC(716) Concurrent Scan Root Regions
[406.492s][info][gc,marking  ] GC(716) Concurrent Scan Root Regions 2.112ms
[406.492s][info][gc,marking  ] GC(716) Concurrent Mark
[406.492s][info][gc,marking  ] GC(716) Concurrent Mark From Roots
[406.492s][info][gc,task     ] GC(716) Using 1 workers of 1 for marking
[406.548s][info][gc,marking  ] GC(716) Concurrent Mark From Roots 55.553ms
[406.548s][info][gc,marking  ] GC(716) Concurrent Preclean
[406.548s][info][gc,marking  ] GC(716) Concurrent Preclean 0.070ms
[406.548s][info][gc,start    ] GC(716) Pause Remark
[406.576s][info][gc          ] GC(716) Pause Remark 247M->247M(804M) 28.246ms
[406.576s][info][gc,cpu      ] GC(716) User=0.02s Sys=0.00s Real=0.03s
[406.577s][info][gc,marking  ] GC(716) Concurrent Mark 84.417ms
[406.577s][info][gc,marking  ] GC(716) Concurrent Rebuild Remembered Sets and Scrub Regions
[406.612s][info][gc,marking  ] GC(716) Concurrent Rebuild Remembered Sets and Scrub Regions 35.179ms
[406.612s][info][gc,start    ] GC(716) Pause Cleanup
[406.612s][info][gc          ] GC(716) Pause Cleanup 247M->247M(804M) 0.072ms
[406.612s][info][gc,cpu      ] GC(716) User=0.00s Sys=0.00s Real=0.00s
[406.612s][info][gc,marking  ] GC(716) Concurrent Clear Claimed Marks
[406.612s][info][gc,marking  ] GC(716) Concurrent Clear Claimed Marks 0.085ms
[406.612s][info][gc,marking  ] GC(716) Concurrent Cleanup for Next Mark
[406.615s][info][gc,marking  ] GC(716) Concurrent Cleanup for Next Mark 2.495ms
[406.615s][info][gc          ] GC(716) Concurrent Mark Cycle 124.656ms
[407.458s][info][gc,start    ] GC(717) Pause Young (Prepare Mixed) (G1 Evacuation Pause)
[407.458s][info][gc,task     ] GC(717) Using 2 workers of 2 for evacuation
[407.463s][info][gc,phases   ] GC(717)   Pre Evacuate Collection Set: 0.31ms
[407.464s][info][gc,phases   ] GC(717)   Merge Heap Roots: 0.15ms
[407.464s][info][gc,phases   ] GC(717)   Evacuate Collection Set: 4.22ms
[407.464s][info][gc,phases   ] GC(717)   Post Evacuate Collection Set: 0.82ms
[407.464s][info][gc,phases   ] GC(717)   Other: 0.09ms
[407.464s][info][gc,heap     ] GC(717) Eden regions: 480->0(479)
[407.464s][info][gc,heap     ] GC(717) Survivor regions: 2->3(61)
[407.464s][info][gc,heap     ] GC(717) Old regions: 38->38
[407.464s][info][gc,heap     ] GC(717) Humongous regions: 207->207
[407.464s][info][gc,metaspace] GC(717) Metaspace: 57400K(57728K)->57400K(57728K) NonClass: 51774K(52032K)->51774K(52032K) Class: 5625K(5696K)->5625K(5696K)
[407.464s][info][gc          ] GC(717) Pause Young (Prepare Mixed) (G1 Evacuation Pause) 726M->247M(804M) 5.768ms
[407.464s][info][gc,cpu      ] GC(717) User=0.02s Sys=0.00s Real=0.01s
[408.445s][info][gc,start    ] GC(718) Pause Young (Mixed) (G1 Evacuation Pause)
[408.445s][info][gc,task     ] GC(718) Using 2 workers of 2 for evacuation
[408.451s][info][gc,phases   ] GC(718)   Pre Evacuate Collection Set: 0.37ms
[408.451s][info][gc,phases   ] GC(718)   Merge Heap Roots: 0.15ms
[408.451s][info][gc,phases   ] GC(718)   Evacuate Collection Set: 4.83ms
[408.451s][info][gc,phases   ] GC(718)   Post Evacuate Collection Set: 0.95ms
[408.451s][info][gc,phases   ] GC(718)   Other: 0.12ms
[408.452s][info][gc,heap     ] GC(718) Eden regions: 479->0(480)
[408.452s][info][gc,heap     ] GC(718) Survivor regions: 3->2(61)
[408.452s][info][gc,heap     ] GC(718) Old regions: 38->38
[408.452s][info][gc,heap     ] GC(718) Humongous regions: 207->207
[408.452s][info][gc,metaspace] GC(718) Metaspace: 57400K(57728K)->57400K(57728K) NonClass: 51774K(52032K)->51774K(52032K) Class: 5625K(5696K)->5625K(5696K)
[408.452s][info][gc          ] GC(718) Pause Young (Mixed) (G1 Evacuation Pause) 726M->245M(804M) 6.648ms
[408.452s][info][gc,cpu      ] GC(718) User=0.01s Sys=0.00s Real=0.00s
[409.432s][info][gc,start    ] GC(719) Pause Young (Concurrent Start) (G1 Evacuation Pause)
[409.432s][info][gc,task     ] GC(719) Using 2 workers of 2 for evacuation
[409.435s][info][gc,phases   ] GC(719)   Pre Evacuate Collection Set: 0.30ms
[409.435s][info][gc,phases   ] GC(719)   Merge Heap Roots: 0.13ms
[409.435s][info][gc,phases   ] GC(719)   Evacuate Collection Set: 1.99ms
[409.435s][info][gc,phases   ] GC(719)   Post Evacuate Collection Set: 0.78ms
[409.435s][info][gc,phases   ] GC(719)   Other: 0.10ms
[409.435s][info][gc,heap     ] GC(719) Eden regions: 480->0(481)
[409.435s][info][gc,heap     ] GC(719) Survivor regions: 2->1(61)
[409.435s][info][gc,heap     ] GC(719) Old regions: 38->38
[409.435s][info][gc,heap     ] GC(719) Humongous regions: 207->207
[409.435s][info][gc,metaspace] GC(719) Metaspace: 57400K(57728K)->57400K(57728K) NonClass: 51774K(52032K)->51774K(52032K) Class: 5625K(5696K)->5625K(5696K)
[409.435s][info][gc          ] GC(719) Pause Young (Concurrent Start) (G1 Evacuation Pause) 725M->244M(804M) 3.519ms
[409.435s][info][gc,cpu      ] GC(719) User=0.01s Sys=0.00s Real=0.01s
[409.435s][info][gc          ] GC(720) Concurrent Mark Cycle
[409.435s][info][gc,marking  ] GC(720) Concurrent Scan Root Regions
[409.437s][info][gc,marking  ] GC(720) Concurrent Scan Root Regions 1.409ms
[409.437s][info][gc,marking  ] GC(720) Concurrent Mark
[409.437s][info][gc,marking  ] GC(720) Concurrent Mark From Roots
[409.437s][info][gc,task     ] GC(720) Using 1 workers of 1 for marking
[409.508s][info][gc,marking  ] GC(720) Concurrent Mark From Roots 71.607ms
[409.508s][info][gc,marking  ] GC(720) Concurrent Preclean
[409.508s][info][gc,marking  ] GC(720) Concurrent Preclean 0.070ms
[409.509s][info][gc,start    ] GC(720) Pause Remark
[409.519s][info][gc          ] GC(720) Pause Remark 294M->294M(804M) 10.026ms
[409.519s][info][gc,cpu      ] GC(720) User=0.02s Sys=0.00s Real=0.01s
[409.519s][info][gc,marking  ] GC(720) Concurrent Mark 82.317ms
[409.519s][info][gc,marking  ] GC(720) Concurrent Rebuild Remembered Sets and Scrub Regions
[409.545s][info][gc,marking  ] GC(720) Concurrent Rebuild Remembered Sets and Scrub Regions 25.933ms
[409.545s][info][gc,start    ] GC(720) Pause Cleanup
[409.545s][info][gc          ] GC(720) Pause Cleanup 311M->311M(804M) 0.073ms
[409.545s][info][gc,cpu      ] GC(720) User=0.00s Sys=0.00s Real=0.00s
[409.545s][info][gc,marking  ] GC(720) Concurrent Clear Claimed Marks
[409.545s][info][gc,marking  ] GC(720) Concurrent Clear Claimed Marks 0.085ms
[409.545s][info][gc,marking  ] GC(720) Concurrent Cleanup for Next Mark
[409.554s][info][gc,marking  ] GC(720) Concurrent Cleanup for Next Mark 8.500ms
[409.554s][info][gc          ] GC(720) Concurrent Mark Cycle 118.616ms
[410.361s][info][gc,start    ] GC(721) Pause Young (Prepare Mixed) (G1 Evacuation Pause)
[410.361s][info][gc,task     ] GC(721) Using 2 workers of 2 for evacuation
[410.368s][info][gc,phases   ] GC(721)   Pre Evacuate Collection Set: 0.30ms
[410.368s][info][gc,phases   ] GC(721)   Merge Heap Roots: 0.14ms
[410.368s][info][gc,phases   ] GC(721)   Evacuate Collection Set: 5.37ms
[410.368s][info][gc,phases   ] GC(721)   Post Evacuate Collection Set: 0.77ms
[410.368s][info][gc,phases   ] GC(721)   Other: 0.10ms
[410.368s][info][gc,heap     ] GC(721) Eden regions: 481->0(478)
[410.368s][info][gc,heap     ] GC(721) Survivor regions: 1->4(61)
[410.368s][info][gc,heap     ] GC(721) Old regions: 38->38
[410.368s][info][gc,heap     ] GC(721) Humongous regions: 207->207
[410.368s][info][gc,metaspace] GC(721) Metaspace: 57400K(57728K)->57400K(57728K) NonClass: 51775K(52032K)->51775K(52032K) Class: 5625K(5696K)->5625K(5696K)
[410.368s][info][gc          ] GC(721) Pause Young (Prepare Mixed) (G1 Evacuation Pause) 725M->247M(804M) 6.840ms
[410.368s][info][gc,cpu      ] GC(721) User=0.01s Sys=0.00s Real=0.01s
[411.345s][info][gc,start    ] GC(722) Pause Young (Mixed) (G1 Evacuation Pause)
[411.345s][info][gc,task     ] GC(722) Using 2 workers of 2 for evacuation
[411.353s][info][gc,phases   ] GC(722)   Pre Evacuate Collection Set: 0.31ms
[411.353s][info][gc,phases   ] GC(722)   Merge Heap Roots: 0.17ms
[411.353s][info][gc,phases   ] GC(722)   Evacuate Collection Set: 5.86ms
[411.353s][info][gc,phases   ] GC(722)   Post Evacuate Collection Set: 0.81ms
[411.353s][info][gc,phases   ] GC(722)   Other: 0.09ms
[411.353s][info][gc,heap     ] GC(722) Eden regions: 478->0(479)
[411.353s][info][gc,heap     ] GC(722) Survivor regions: 4->3(61)
[411.353s][info][gc,heap     ] GC(722) Old regions: 38->37
[411.353s][info][gc,heap     ] GC(722) Humongous regions: 207->207
[411.353s][info][gc,metaspace] GC(722) Metaspace: 57403K(57728K)->57403K(57728K) NonClass: 51778K(52032K)->51778K(52032K) Class: 5625K(5696K)->5625K(5696K)
[411.353s][info][gc          ] GC(722) Pause Young (Mixed) (G1 Evacuation Pause) 725M->245M(804M) 7.446ms
[411.353s][info][gc,cpu      ] GC(722) User=0.01s Sys=0.00s Real=0.01s
[412.279s][info][gc,start    ] GC(723) Pause Young (Concurrent Start) (G1 Evacuation Pause)
[412.279s][info][gc,task     ] GC(723) Using 2 workers of 2 for evacuation
[412.284s][info][gc,phases   ] GC(723)   Pre Evacuate Collection Set: 0.34ms
[412.284s][info][gc,phases   ] GC(723)   Merge Heap Roots: 0.20ms
[412.284s][info][gc,phases   ] GC(723)   Evacuate Collection Set: 3.84ms
[412.284s][info][gc,phases   ] GC(723)   Post Evacuate Collection Set: 0.82ms
[412.284s][info][gc,phases   ] GC(723)   Other: 0.14ms
[412.284s][info][gc,heap     ] GC(723) Eden regions: 479->0(480)
[412.284s][info][gc,heap     ] GC(723) Survivor regions: 3->2(61)
[412.284s][info][gc,heap     ] GC(723) Old regions: 37->37
[412.284s][info][gc,heap     ] GC(723) Humongous regions: 207->207
[412.284s][info][gc,metaspace] GC(723) Metaspace: 57403K(57728K)->57403K(57728K) NonClass: 51778K(52032K)->51778K(52032K) Class: 5625K(5696K)->5625K(5696K)
[412.284s][info][gc          ] GC(723) Pause Young (Concurrent Start) (G1 Evacuation Pause) 724M->245M(804M) 5.524ms
[412.284s][info][gc          ] GC(724) Concurrent Mark Cycle
[412.284s][info][gc,marking  ] GC(724) Concurrent Scan Root Regions
[412.284s][info][gc,cpu      ] GC(723) User=0.01s Sys=0.00s Real=0.01s
[412.287s][info][gc,marking  ] GC(724) Concurrent Scan Root Regions 3.087ms
[412.287s][info][gc,marking  ] GC(724) Concurrent Mark
[412.287s][info][gc,marking  ] GC(724) Concurrent Mark From Roots
[412.287s][info][gc,task     ] GC(724) Using 1 workers of 1 for marking
[412.333s][info][gc,marking  ] GC(724) Concurrent Mark From Roots 45.140ms
[412.333s][info][gc,marking  ] GC(724) Concurrent Preclean
[412.333s][info][gc,marking  ] GC(724) Concurrent Preclean 0.073ms
[412.333s][info][gc,start    ] GC(724) Pause Remark
[412.343s][info][gc          ] GC(724) Pause Remark 253M->253M(804M) 9.781ms
[412.343s][info][gc,cpu      ] GC(724) User=0.01s Sys=0.00s Real=0.01s
[412.344s][info][gc,marking  ] GC(724) Concurrent Mark 56.485ms
[412.344s][info][gc,marking  ] GC(724) Concurrent Rebuild Remembered Sets and Scrub Regions
[412.373s][info][gc,marking  ] GC(724) Concurrent Rebuild Remembered Sets and Scrub Regions 29.208ms
[412.373s][info][gc,start    ] GC(724) Pause Cleanup
[412.373s][info][gc          ] GC(724) Pause Cleanup 282M->282M(804M) 0.078ms
[412.373s][info][gc,cpu      ] GC(724) User=0.00s Sys=0.00s Real=0.00s
[412.373s][info][gc,marking  ] GC(724) Concurrent Clear Claimed Marks
[412.373s][info][gc,marking  ] GC(724) Concurrent Clear Claimed Marks 0.084ms
[412.374s][info][gc,marking  ] GC(724) Concurrent Cleanup for Next Mark
[412.379s][info][gc,marking  ] GC(724) Concurrent Cleanup for Next Mark 5.472ms
[412.379s][info][gc          ] GC(724) Concurrent Mark Cycle 94.808ms
[413.245s][info][gc,start    ] GC(725) Pause Young (Prepare Mixed) (G1 Evacuation Pause)
[413.245s][info][gc,task     ] GC(725) Using 2 workers of 2 for evacuation
[413.251s][info][gc,phases   ] GC(725)   Pre Evacuate Collection Set: 0.30ms
[413.251s][info][gc,phases   ] GC(725)   Merge Heap Roots: 0.13ms
[413.251s][info][gc,phases   ] GC(725)   Evacuate Collection Set: 4.06ms
[413.251s][info][gc,phases   ] GC(725)   Post Evacuate Collection Set: 0.77ms
[413.251s][info][gc,phases   ] GC(725)   Other: 0.09ms
[413.251s][info][gc,heap     ] GC(725) Eden regions: 480->0(479)
[413.251s][info][gc,heap     ] GC(725) Survivor regions: 2->3(61)
[413.251s][info][gc,heap     ] GC(725) Old regions: 37->37
[413.251s][info][gc,heap     ] GC(725) Humongous regions: 207->207
[413.251s][info][gc,metaspace] GC(725) Metaspace: 57403K(57728K)->57403K(57728K) NonClass: 51778K(52032K)->51778K(52032K) Class: 5625K(5696K)->5625K(5696K)
[413.251s][info][gc          ] GC(725) Pause Young (Prepare Mixed) (G1 Evacuation Pause) 725M->246M(804M) 5.527ms
[413.251s][info][gc,cpu      ] GC(725) User=0.01s Sys=0.01s Real=0.00s
[414.236s][info][gc,start    ] GC(726) Pause Young (Mixed) (G1 Evacuation Pause)
[414.236s][info][gc,task     ] GC(726) Using 2 workers of 2 for evacuation
[414.243s][info][gc,phases   ] GC(726)   Pre Evacuate Collection Set: 0.29ms
[414.243s][info][gc,phases   ] GC(726)   Merge Heap Roots: 0.16ms
[414.243s][info][gc,phases   ] GC(726)   Evacuate Collection Set: 5.26ms
[414.243s][info][gc,phases   ] GC(726)   Post Evacuate Collection Set: 0.79ms
[414.243s][info][gc,phases   ] GC(726)   Other: 0.10ms
[414.243s][info][gc,heap     ] GC(726) Eden regions: 479->0(480)
[414.243s][info][gc,heap     ] GC(726) Survivor regions: 3->2(61)
[414.243s][info][gc,heap     ] GC(726) Old regions: 37->37
[414.243s][info][gc,heap     ] GC(726) Humongous regions: 207->207
[414.243s][info][gc,metaspace] GC(726) Metaspace: 57403K(57728K)->57403K(57728K) NonClass: 51778K(52032K)->51778K(52032K) Class: 5625K(5696K)->5625K(5696K)
[414.243s][info][gc          ] GC(726) Pause Young (Mixed) (G1 Evacuation Pause) 725M->244M(804M) 6.758ms
[414.243s][info][gc,cpu      ] GC(726) User=0.01s Sys=0.00s Real=0.01s
[415.157s][info][gc,start    ] GC(727) Pause Young (Concurrent Start) (G1 Evacuation Pause)
[415.157s][info][gc,task     ] GC(727) Using 2 workers of 2 for evacuation
[415.164s][info][gc,phases   ] GC(727)   Pre Evacuate Collection Set: 0.30ms
[415.164s][info][gc,phases   ] GC(727)   Merge Heap Roots: 0.12ms
[415.164s][info][gc,phases   ] GC(727)   Evacuate Collection Set: 5.16ms
[415.164s][info][gc,phases   ] GC(727)   Post Evacuate Collection Set: 0.75ms
[415.164s][info][gc,phases   ] GC(727)   Other: 0.10ms
[415.164s][info][gc,heap     ] GC(727) Eden regions: 480->0(478)
[415.164s][info][gc,heap     ] GC(727) Survivor regions: 2->4(61)
[415.164s][info][gc,heap     ] GC(727) Old regions: 37->37
[415.164s][info][gc,heap     ] GC(727) Humongous regions: 207->207
[415.164s][info][gc,metaspace] GC(727) Metaspace: 57405K(57728K)->57405K(57728K) NonClass: 51779K(52032K)->51779K(52032K) Class: 5625K(5696K)->5625K(5696K)
[415.164s][info][gc          ] GC(727) Pause Young (Concurrent Start) (G1 Evacuation Pause) 724M->246M(804M) 6.596ms
[415.164s][info][gc,cpu      ] GC(727) User=0.01s Sys=0.00s Real=0.01s
[415.164s][info][gc          ] GC(728) Concurrent Mark Cycle
[415.164s][info][gc,marking  ] GC(728) Concurrent Scan Root Regions
[415.170s][info][gc,marking  ] GC(728) Concurrent Scan Root Regions 6.233ms
[415.170s][info][gc,marking  ] GC(728) Concurrent Mark
[415.170s][info][gc,marking  ] GC(728) Concurrent Mark From Roots
[415.170s][info][gc,task     ] GC(728) Using 1 workers of 1 for marking
[415.216s][info][gc,marking  ] GC(728) Concurrent Mark From Roots 46.169ms
[415.216s][info][gc,marking  ] GC(728) Concurrent Preclean
[415.216s][info][gc,marking  ] GC(728) Concurrent Preclean 0.066ms
[415.216s][info][gc,start    ] GC(728) Pause Remark
[415.227s][info][gc          ] GC(728) Pause Remark 262M->262M(804M) 10.479ms
[415.227s][info][gc,cpu      ] GC(728) User=0.02s Sys=0.00s Real=0.01s
[415.227s][info][gc,marking  ] GC(728) Concurrent Mark 57.018ms
[415.227s][info][gc,marking  ] GC(728) Concurrent Rebuild Remembered Sets and Scrub Regions
[415.244s][info][gc,marking  ] GC(728) Concurrent Rebuild Remembered Sets and Scrub Regions 17.073ms
[415.244s][info][gc,start    ] GC(728) Pause Cleanup
[415.245s][info][gc          ] GC(728) Pause Cleanup 273M->273M(804M) 0.073ms
[415.245s][info][gc,cpu      ] GC(728) User=0.00s Sys=0.00s Real=0.00s
[415.245s][info][gc,marking  ] GC(728) Concurrent Clear Claimed Marks
[415.245s][info][gc,marking  ] GC(728) Concurrent Clear Claimed Marks 0.082ms
[415.245s][info][gc,marking  ] GC(728) Concurrent Cleanup for Next Mark
[415.247s][info][gc,marking  ] GC(728) Concurrent Cleanup for Next Mark 2.408ms
[415.247s][info][gc          ] GC(728) Concurrent Mark Cycle 83.299ms
[416.145s][info][gc,start    ] GC(729) Pause Young (Prepare Mixed) (G1 Evacuation Pause)
[416.145s][info][gc,task     ] GC(729) Using 2 workers of 2 for evacuation
[416.150s][info][gc,phases   ] GC(729)   Pre Evacuate Collection Set: 0.31ms
[416.150s][info][gc,phases   ] GC(729)   Merge Heap Roots: 0.13ms
[416.150s][info][gc,phases   ] GC(729)   Evacuate Collection Set: 3.66ms
[416.150s][info][gc,phases   ] GC(729)   Post Evacuate Collection Set: 0.77ms
[416.150s][info][gc,phases   ] GC(729)   Other: 0.08ms
[416.150s][info][gc,heap     ] GC(729) Eden regions: 478->0(479)
[416.150s][info][gc,heap     ] GC(729) Survivor regions: 4->3(61)
[416.150s][info][gc,heap     ] GC(729) Old regions: 37->37
[416.150s][info][gc,heap     ] GC(729) Humongous regions: 207->207
[416.150s][info][gc,metaspace] GC(729) Metaspace: 57405K(57728K)->57405K(57728K) NonClass: 51779K(52032K)->51779K(52032K) Class: 5625K(5696K)->5625K(5696K)
[416.150s][info][gc          ] GC(729) Pause Young (Prepare Mixed) (G1 Evacuation Pause) 724M->246M(804M) 5.140ms
[416.150s][info][gc,cpu      ] GC(729) User=0.01s Sys=0.00s Real=0.00s
[417.064s][info][gc,start    ] GC(730) Pause Young (Mixed) (G1 Evacuation Pause)
[417.064s][info][gc,task     ] GC(730) Using 2 workers of 2 for evacuation
[417.072s][info][gc,phases   ] GC(730)   Pre Evacuate Collection Set: 0.29ms
[417.073s][info][gc,phases   ] GC(730)   Merge Heap Roots: 0.17ms
[417.073s][info][gc,phases   ] GC(730)   Evacuate Collection Set: 7.29ms
[417.073s][info][gc,phases   ] GC(730)   Post Evacuate Collection Set: 0.82ms
[417.073s][info][gc,phases   ] GC(730)   Other: 0.10ms
[417.073s][info][gc,heap     ] GC(730) Eden regions: 479->0(479)
[417.073s][info][gc,heap     ] GC(730) Survivor regions: 3->3(61)
[417.073s][info][gc,heap     ] GC(730) Old regions: 37->37
[417.073s][info][gc,heap     ] GC(730) Humongous regions: 207->207
[417.073s][info][gc,metaspace] GC(730) Metaspace: 57405K(57728K)->57405K(57728K) NonClass: 51779K(52032K)->51779K(52032K) Class: 5625K(5696K)->5625K(5696K)
[417.073s][info][gc          ] GC(730) Pause Young (Mixed) (G1 Evacuation Pause) 725M->246M(804M) 8.835ms
[417.073s][info][gc,cpu      ] GC(730) User=0.02s Sys=0.00s Real=0.01s
[418.041s][info][gc,start    ] GC(731) Pause Young (Concurrent Start) (G1 Evacuation Pause)
[418.041s][info][gc,task     ] GC(731) Using 2 workers of 2 for evacuation
[418.054s][info][gc,phases   ] GC(731)   Pre Evacuate Collection Set: 0.29ms
[418.054s][info][gc,phases   ] GC(731)   Merge Heap Roots: 0.13ms
[418.054s][info][gc,phases   ] GC(731)   Evacuate Collection Set: 10.95ms
[418.054s][info][gc,phases   ] GC(731)   Post Evacuate Collection Set: 0.80ms
[418.054s][info][gc,phases   ] GC(731)   Other: 0.10ms
[418.054s][info][gc,heap     ] GC(731) Eden regions: 479->0(467)
[418.054s][info][gc,heap     ] GC(731) Survivor regions: 3->15(61)
[418.054s][info][gc,heap     ] GC(731) Old regions: 37->37
[418.054s][info][gc,heap     ] GC(731) Humongous regions: 207->207
[418.054s][info][gc,metaspace] GC(731) Metaspace: 57405K(57728K)->57405K(57728K) NonClass: 51779K(52032K)->51779K(52032K) Class: 5625K(5696K)->5625K(5696K)
[418.054s][info][gc          ] GC(731) Pause Young (Concurrent Start) (G1 Evacuation Pause) 725M->258M(804M) 12.440ms
[418.054s][info][gc          ] GC(732) Concurrent Mark Cycle
[418.054s][info][gc,marking  ] GC(732) Concurrent Scan Root Regions
[418.056s][info][gc,cpu      ] GC(731) User=0.02s Sys=0.00s Real=0.02s
[418.064s][info][gc,marking  ] GC(732) Concurrent Scan Root Regions 10.130ms
[418.064s][info][gc,marking  ] GC(732) Concurrent Mark
[418.064s][info][gc,marking  ] GC(732) Concurrent Mark From Roots
[418.064s][info][gc,task     ] GC(732) Using 1 workers of 1 for marking
[418.108s][info][gc,marking  ] GC(732) Concurrent Mark From Roots 43.829ms
[418.108s][info][gc,marking  ] GC(732) Concurrent Preclean
[418.108s][info][gc,marking  ] GC(732) Concurrent Preclean 0.070ms
[418.108s][info][gc,start    ] GC(732) Pause Remark
[418.118s][info][gc          ] GC(732) Pause Remark 286M->286M(804M) 9.740ms
[418.118s][info][gc,cpu      ] GC(732) User=0.02s Sys=0.00s Real=0.01s
[418.118s][info][gc,marking  ] GC(732) Concurrent Mark 54.300ms
[418.118s][info][gc,marking  ] GC(732) Concurrent Rebuild Remembered Sets and Scrub Regions
[418.135s][info][gc,marking  ] GC(732) Concurrent Rebuild Remembered Sets and Scrub Regions 16.721ms
[418.135s][info][gc,start    ] GC(732) Pause Cleanup
[418.135s][info][gc          ] GC(732) Pause Cleanup 293M->293M(804M) 0.082ms
[418.135s][info][gc,cpu      ] GC(732) User=0.00s Sys=0.00s Real=0.00s
[418.135s][info][gc,marking  ] GC(732) Concurrent Clear Claimed Marks
[418.135s][info][gc,marking  ] GC(732) Concurrent Clear Claimed Marks 0.084ms
[418.136s][info][gc,marking  ] GC(732) Concurrent Cleanup for Next Mark
[418.138s][info][gc,marking  ] GC(732) Concurrent Cleanup for Next Mark 2.351ms
[418.138s][info][gc          ] GC(732) Concurrent Mark Cycle 83.990ms
[418.955s][info][gc,start    ] GC(733) Pause Young (Prepare Mixed) (G1 Evacuation Pause)
[418.955s][info][gc,task     ] GC(733) Using 2 workers of 2 for evacuation
[418.961s][info][gc,phases   ] GC(733)   Pre Evacuate Collection Set: 0.29ms
[418.961s][info][gc,phases   ] GC(733)   Merge Heap Roots: 0.16ms
[418.961s][info][gc,phases   ] GC(733)   Evacuate Collection Set: 5.06ms
[418.961s][info][gc,phases   ] GC(733)   Post Evacuate Collection Set: 0.80ms
[418.961s][info][gc,phases   ] GC(733)   Other: 0.08ms
[418.961s][info][gc,heap     ] GC(733) Eden regions: 467->0(471)
[418.961s][info][gc,heap     ] GC(733) Survivor regions: 15->11(61)
[418.961s][info][gc,heap     ] GC(733) Old regions: 37->37
[418.961s][info][gc,heap     ] GC(733) Humongous regions: 207->207
[418.961s][info][gc,metaspace] GC(733) Metaspace: 57405K(57728K)->57405K(57728K) NonClass: 51779K(52032K)->51779K(52032K) Class: 5625K(5696K)->5625K(5696K)
[418.961s][info][gc          ] GC(733) Pause Young (Prepare Mixed) (G1 Evacuation Pause) 725M->253M(804M) 6.574ms
[418.961s][info][gc,cpu      ] GC(733) User=0.01s Sys=0.00s Real=0.00s
[419.932s][info][gc,start    ] GC(734) Pause Young (Mixed) (G1 Evacuation Pause)
[419.932s][info][gc,task     ] GC(734) Using 2 workers of 2 for evacuation
[419.939s][info][gc,phases   ] GC(734)   Pre Evacuate Collection Set: 0.27ms
[419.939s][info][gc,phases   ] GC(734)   Merge Heap Roots: 0.16ms
[419.939s][info][gc,phases   ] GC(734)   Evacuate Collection Set: 5.59ms
[419.939s][info][gc,phases   ] GC(734)   Post Evacuate Collection Set: 0.84ms
[419.939s][info][gc,phases   ] GC(734)   Other: 0.08ms
[419.939s][info][gc,heap     ] GC(734) Eden regions: 471->0(472)
[419.939s][info][gc,heap     ] GC(734) Survivor regions: 11->10(61)
[419.939s][info][gc,heap     ] GC(734) Old regions: 37->37
[419.939s][info][gc,heap     ] GC(734) Humongous regions: 207->207
[419.939s][info][gc,metaspace] GC(734) Metaspace: 57405K(57728K)->57405K(57728K) NonClass: 51779K(52032K)->51779K(52032K) Class: 5625K(5696K)->5625K(5696K)
[419.939s][info][gc          ] GC(734) Pause Young (Mixed) (G1 Evacuation Pause) 724M->252M(804M) 7.123ms
[419.939s][info][gc,cpu      ] GC(734) User=0.02s Sys=0.00s Real=0.01s
[420.849s][info][gc,start    ] GC(735) Pause Young (Concurrent Start) (G1 Evacuation Pause)
[420.849s][info][gc,task     ] GC(735) Using 2 workers of 2 for evacuation
[420.856s][info][gc,phases   ] GC(735)   Pre Evacuate Collection Set: 0.32ms
[420.856s][info][gc,phases   ] GC(735)   Merge Heap Roots: 0.11ms
[420.856s][info][gc,phases   ] GC(735)   Evacuate Collection Set: 5.49ms
[420.856s][info][gc,phases   ] GC(735)   Post Evacuate Collection Set: 0.81ms
[420.856s][info][gc,phases   ] GC(735)   Other: 0.12ms
[420.856s][info][gc,heap     ] GC(735) Eden regions: 472->0(471)
[420.856s][info][gc,heap     ] GC(735) Survivor regions: 10->11(61)
[420.856s][info][gc,heap     ] GC(735) Old regions: 37->37
[420.856s][info][gc,heap     ] GC(735) Humongous regions: 207->207
[420.856s][info][gc,metaspace] GC(735) Metaspace: 57405K(57728K)->57405K(57728K) NonClass: 51779K(52032K)->51779K(52032K) Class: 5625K(5696K)->5625K(5696K)
[420.856s][info][gc          ] GC(735) Pause Young (Concurrent Start) (G1 Evacuation Pause) 724M->254M(804M) 7.028ms
[420.856s][info][gc,cpu      ] GC(735) User=0.01s Sys=0.00s Real=0.01s
[420.856s][info][gc          ] GC(736) Concurrent Mark Cycle
[420.856s][info][gc,marking  ] GC(736) Concurrent Scan Root Regions
[420.864s][info][gc,marking  ] GC(736) Concurrent Scan Root Regions 7.634ms
[420.864s][info][gc,marking  ] GC(736) Concurrent Mark
[420.864s][info][gc,marking  ] GC(736) Concurrent Mark From Roots
[420.864s][info][gc,task     ] GC(736) Using 1 workers of 1 for marking
[420.910s][info][gc,marking  ] GC(736) Concurrent Mark From Roots 45.933ms
[420.910s][info][gc,marking  ] GC(736) Concurrent Preclean
[420.910s][info][gc,marking  ] GC(736) Concurrent Preclean 0.075ms
[420.910s][info][gc,start    ] GC(736) Pause Remark
[420.920s][info][gc          ] GC(736) Pause Remark 283M->283M(804M) 9.774ms
[420.920s][info][gc,cpu      ] GC(736) User=0.02s Sys=0.00s Real=0.01s
[420.920s][info][gc,marking  ] GC(736) Concurrent Mark 56.027ms
[420.920s][info][gc,marking  ] GC(736) Concurrent Rebuild Remembered Sets and Scrub Regions
[420.944s][info][gc,marking  ] GC(736) Concurrent Rebuild Remembered Sets and Scrub Regions 24.069ms
[420.945s][info][gc,start    ] GC(736) Pause Cleanup
[420.945s][info][gc          ] GC(736) Pause Cleanup 296M->296M(804M) 0.082ms
[420.945s][info][gc,cpu      ] GC(736) User=0.00s Sys=0.00s Real=0.00s
[420.945s][info][gc,marking  ] GC(736) Concurrent Clear Claimed Marks
[420.945s][info][gc,marking  ] GC(736) Concurrent Clear Claimed Marks 0.094ms
[420.945s][info][gc,marking  ] GC(736) Concurrent Cleanup for Next Mark
[420.951s][info][gc,marking  ] GC(736) Concurrent Cleanup for Next Mark 5.714ms
[420.951s][info][gc          ] GC(736) Concurrent Mark Cycle 94.693ms
[421.821s][info][gc,start    ] GC(737) Pause Young (Prepare Mixed) (G1 Evacuation Pause)
[421.821s][info][gc,task     ] GC(737) Using 2 workers of 2 for evacuation
[421.831s][info][gc,phases   ] GC(737)   Pre Evacuate Collection Set: 0.30ms
[421.831s][info][gc,phases   ] GC(737)   Merge Heap Roots: 0.16ms
[421.831s][info][gc,phases   ] GC(737)   Evacuate Collection Set: 8.25ms
[421.831s][info][gc,phases   ] GC(737)   Post Evacuate Collection Set: 1.16ms
[421.831s][info][gc,phases   ] GC(737)   Other: 0.10ms
[421.831s][info][gc,heap     ] GC(737) Eden regions: 471->0(471)
[421.831s][info][gc,heap     ] GC(737) Survivor regions: 11->11(61)
[421.831s][info][gc,heap     ] GC(737) Old regions: 37->37
[421.831s][info][gc,heap     ] GC(737) Humongous regions: 207->207
[421.831s][info][gc,metaspace] GC(737) Metaspace: 57405K(57728K)->57405K(57728K) NonClass: 51779K(52032K)->51779K(52032K) Class: 5625K(5696K)->5625K(5696K)
[421.831s][info][gc          ] GC(737) Pause Young (Prepare Mixed) (G1 Evacuation Pause) 725M->254M(804M) 10.144ms
[421.831s][info][gc,cpu      ] GC(737) User=0.01s Sys=0.00s Real=0.01s
[422.736s][info][gc,start    ] GC(738) Pause Young (Mixed) (G1 Evacuation Pause)
[422.736s][info][gc,task     ] GC(738) Using 2 workers of 2 for evacuation
[422.744s][info][gc,phases   ] GC(738)   Pre Evacuate Collection Set: 0.30ms
[422.744s][info][gc,phases   ] GC(738)   Merge Heap Roots: 0.16ms
[422.744s][info][gc,phases   ] GC(738)   Evacuate Collection Set: 6.65ms
[422.744s][info][gc,phases   ] GC(738)   Post Evacuate Collection Set: 0.82ms
[422.744s][info][gc,phases   ] GC(738)   Other: 0.08ms
[422.744s][info][gc,heap     ] GC(738) Eden regions: 471->0(472)
[422.744s][info][gc,heap     ] GC(738) Survivor regions: 11->10(61)
[422.744s][info][gc,heap     ] GC(738) Old regions: 37->37
[422.744s][info][gc,heap     ] GC(738) Humongous regions: 207->207
[422.744s][info][gc,metaspace] GC(738) Metaspace: 57405K(57728K)->57405K(57728K) NonClass: 51779K(52032K)->51779K(52032K) Class: 5625K(5696K)->5625K(5696K)
[422.744s][info][gc          ] GC(738) Pause Young (Mixed) (G1 Evacuation Pause) 725M->252M(804M) 8.189ms
[422.744s][info][gc,cpu      ] GC(738) User=0.02s Sys=0.00s Real=0.01s
[423.656s][info][gc,start    ] GC(739) Pause Young (Concurrent Start) (G1 Evacuation Pause)
[423.656s][info][gc,task     ] GC(739) Using 2 workers of 2 for evacuation
[423.664s][info][gc,phases   ] GC(739)   Pre Evacuate Collection Set: 0.31ms
[423.664s][info][gc,phases   ] GC(739)   Merge Heap Roots: 0.12ms
[423.664s][info][gc,phases   ] GC(739)   Evacuate Collection Set: 6.45ms
[423.664s][info][gc,phases   ] GC(739)   Post Evacuate Collection Set: 0.80ms
[423.664s][info][gc,phases   ] GC(739)   Other: 0.10ms
[423.664s][info][gc,heap     ] GC(739) Eden regions: 472->0(470)
[423.664s][info][gc,heap     ] GC(739) Survivor regions: 10->12(61)
[423.664s][info][gc,heap     ] GC(739) Old regions: 37->37
[423.664s][info][gc,heap     ] GC(739) Humongous regions: 207->207
[423.664s][info][gc,metaspace] GC(739) Metaspace: 57405K(57728K)->57405K(57728K) NonClass: 51780K(52032K)->51780K(52032K) Class: 5625K(5696K)->5625K(5696K)
[423.664s][info][gc          ] GC(739) Pause Young (Concurrent Start) (G1 Evacuation Pause) 724M->255M(804M) 7.971ms
[423.664s][info][gc,cpu      ] GC(739) User=0.01s Sys=0.00s Real=0.01s
[423.664s][info][gc          ] GC(740) Concurrent Mark Cycle
[423.665s][info][gc,marking  ] GC(740) Concurrent Scan Root Regions
[423.674s][info][gc,marking  ] GC(740) Concurrent Scan Root Regions 9.178ms
[423.674s][info][gc,marking  ] GC(740) Concurrent Mark
[423.674s][info][gc,marking  ] GC(740) Concurrent Mark From Roots
[423.674s][info][gc,task     ] GC(740) Using 1 workers of 1 for marking
[423.721s][info][gc,marking  ] GC(740) Concurrent Mark From Roots 47.560ms
[423.721s][info][gc,marking  ] GC(740) Concurrent Preclean
[423.721s][info][gc,marking  ] GC(740) Concurrent Preclean 0.070ms
[423.722s][info][gc,start    ] GC(740) Pause Remark
[423.731s][info][gc          ] GC(740) Pause Remark 271M->271M(804M) 9.772ms
[423.731s][info][gc,cpu      ] GC(740) User=0.02s Sys=0.00s Real=0.01s
[423.732s][info][gc,marking  ] GC(740) Concurrent Mark 58.275ms
[423.732s][info][gc,marking  ] GC(740) Concurrent Rebuild Remembered Sets and Scrub Regions
[423.767s][info][gc,marking  ] GC(740) Concurrent Rebuild Remembered Sets and Scrub Regions 34.921ms
[423.768s][info][gc,start    ] GC(740) Pause Cleanup
[423.768s][info][gc          ] GC(740) Pause Cleanup 309M->309M(804M) 0.096ms
[423.768s][info][gc,cpu      ] GC(740) User=0.00s Sys=0.00s Real=0.00s
[423.768s][info][gc,marking  ] GC(740) Concurrent Clear Claimed Marks
[423.768s][info][gc,marking  ] GC(740) Concurrent Clear Claimed Marks 0.099ms
[423.768s][info][gc,marking  ] GC(740) Concurrent Cleanup for Next Mark
[423.774s][info][gc,marking  ] GC(740) Concurrent Cleanup for Next Mark 5.786ms
[423.774s][info][gc          ] GC(740) Concurrent Mark Cycle 109.442ms
[424.637s][info][gc,start    ] GC(741) Pause Young (Prepare Mixed) (G1 Evacuation Pause)
[424.637s][info][gc,task     ] GC(741) Using 2 workers of 2 for evacuation
[424.642s][info][gc,phases   ] GC(741)   Pre Evacuate Collection Set: 0.27ms
[424.642s][info][gc,phases   ] GC(741)   Merge Heap Roots: 0.16ms
[424.642s][info][gc,phases   ] GC(741)   Evacuate Collection Set: 4.18ms
[424.642s][info][gc,phases   ] GC(741)   Post Evacuate Collection Set: 0.83ms
[424.642s][info][gc,phases   ] GC(741)   Other: 0.08ms
[424.642s][info][gc,heap     ] GC(741) Eden regions: 470->0(472)
[424.642s][info][gc,heap     ] GC(741) Survivor regions: 12->10(61)
[424.642s][info][gc,heap     ] GC(741) Old regions: 37->37
[424.642s][info][gc,heap     ] GC(741) Humongous regions: 207->207
[424.642s][info][gc,metaspace] GC(741) Metaspace: 57405K(57728K)->57405K(57728K) NonClass: 51780K(52032K)->51780K(52032K) Class: 5625K(5696K)->5625K(5696K)
[424.642s][info][gc          ] GC(741) Pause Young (Prepare Mixed) (G1 Evacuation Pause) 725M->253M(804M) 5.698ms
[424.642s][info][gc,cpu      ] GC(741) User=0.01s Sys=0.00s Real=0.01s
[425.609s][info][gc,start    ] GC(742) Pause Young (Mixed) (G1 Evacuation Pause)
[425.609s][info][gc,task     ] GC(742) Using 2 workers of 2 for evacuation
[425.619s][info][gc,phases   ] GC(742)   Pre Evacuate Collection Set: 0.31ms
[425.619s][info][gc,phases   ] GC(742)   Merge Heap Roots: 0.18ms
[425.619s][info][gc,phases   ] GC(742)   Evacuate Collection Set: 8.63ms
[425.619s][info][gc,phases   ] GC(742)   Post Evacuate Collection Set: 0.85ms
[425.619s][info][gc,phases   ] GC(742)   Other: 0.09ms
[425.619s][info][gc,heap     ] GC(742) Eden regions: 472->0(471)
[425.619s][info][gc,heap     ] GC(742) Survivor regions: 10->11(61)
[425.619s][info][gc,heap     ] GC(742) Old regions: 37->37
[425.619s][info][gc,heap     ] GC(742) Humongous regions: 207->207
[425.619s][info][gc,metaspace] GC(742) Metaspace: 57405K(57728K)->57405K(57728K) NonClass: 51780K(52032K)->51780K(52032K) Class: 5625K(5696K)->5625K(5696K)
[425.619s][info][gc          ] GC(742) Pause Young (Mixed) (G1 Evacuation Pause) 725M->254M(804M) 10.277ms
[425.619s][info][gc,cpu      ] GC(742) User=0.02s Sys=0.00s Real=0.01s
[426.534s][info][gc,start    ] GC(743) Pause Young (Concurrent Start) (G1 Evacuation Pause)
[426.534s][info][gc,task     ] GC(743) Using 2 workers of 2 for evacuation
[426.539s][info][gc,phases   ] GC(743)   Pre Evacuate Collection Set: 0.31ms
[426.539s][info][gc,phases   ] GC(743)   Merge Heap Roots: 0.13ms
[426.539s][info][gc,phases   ] GC(743)   Evacuate Collection Set: 3.83ms
[426.539s][info][gc,phases   ] GC(743)   Post Evacuate Collection Set: 0.77ms
[426.539s][info][gc,phases   ] GC(743)   Other: 0.10ms
[426.539s][info][gc,heap     ] GC(743) Eden regions: 471->0(472)
[426.539s][info][gc,heap     ] GC(743) Survivor regions: 11->10(61)
[426.539s][info][gc,heap     ] GC(743) Old regions: 37->37
[426.539s][info][gc,heap     ] GC(743) Humongous regions: 207->207
[426.539s][info][gc,metaspace] GC(743) Metaspace: 57405K(57728K)->57405K(57728K) NonClass: 51780K(52032K)->51780K(52032K) Class: 5625K(5696K)->5625K(5696K)
[426.539s][info][gc          ] GC(743) Pause Young (Concurrent Start) (G1 Evacuation Pause) 725M->252M(804M) 5.332ms
[426.539s][info][gc,cpu      ] GC(743) User=0.01s Sys=0.00s Real=0.00s
[426.539s][info][gc          ] GC(744) Concurrent Mark Cycle
[426.539s][info][gc,marking  ] GC(744) Concurrent Scan Root Regions
[426.544s][info][gc,marking  ] GC(744) Concurrent Scan Root Regions 4.507ms
[426.544s][info][gc,marking  ] GC(744) Concurrent Mark
[426.544s][info][gc,marking  ] GC(744) Concurrent Mark From Roots
[426.544s][info][gc,task     ] GC(744) Using 1 workers of 1 for marking
[426.604s][info][gc,marking  ] GC(744) Concurrent Mark From Roots 60.046ms
[426.604s][info][gc,marking  ] GC(744) Concurrent Preclean
[426.604s][info][gc,marking  ] GC(744) Concurrent Preclean 0.294ms
[426.605s][info][gc,start    ] GC(744) Pause Remark
[426.615s][info][gc          ] GC(744) Pause Remark 298M->298M(804M) 10.857ms
[426.615s][info][gc,cpu      ] GC(744) User=0.02s Sys=0.00s Real=0.01s
[426.616s][info][gc,marking  ] GC(744) Concurrent Mark 71.706ms
[426.616s][info][gc,marking  ] GC(744) Concurrent Rebuild Remembered Sets and Scrub Regions
[426.635s][info][gc,marking  ] GC(744) Concurrent Rebuild Remembered Sets and Scrub Regions 19.161ms
[426.635s][info][gc,start    ] GC(744) Pause Cleanup
[426.635s][info][gc          ] GC(744) Pause Cleanup 303M->303M(804M) 0.076ms
[426.635s][info][gc,cpu      ] GC(744) User=0.00s Sys=0.00s Real=0.00s
[426.635s][info][gc,marking  ] GC(744) Concurrent Clear Claimed Marks
[426.635s][info][gc,marking  ] GC(744) Concurrent Clear Claimed Marks 0.100ms
[426.635s][info][gc,marking  ] GC(744) Concurrent Cleanup for Next Mark
[426.642s][info][gc,marking  ] GC(744) Concurrent Cleanup for Next Mark 6.756ms
[426.642s][info][gc          ] GC(744) Concurrent Mark Cycle 102.754ms
[427.452s][info][gc,start    ] GC(745) Pause Young (Prepare Mixed) (G1 Evacuation Pause)
[427.452s][info][gc,task     ] GC(745) Using 2 workers of 2 for evacuation
[427.461s][info][gc,phases   ] GC(745)   Pre Evacuate Collection Set: 0.29ms
[427.461s][info][gc,phases   ] GC(745)   Merge Heap Roots: 0.14ms
[427.461s][info][gc,phases   ] GC(745)   Evacuate Collection Set: 7.71ms
[427.461s][info][gc,phases   ] GC(745)   Post Evacuate Collection Set: 0.81ms
[427.461s][info][gc,phases   ] GC(745)   Other: 0.08ms
[427.461s][info][gc,heap     ] GC(745) Eden regions: 472->0(470)
[427.461s][info][gc,heap     ] GC(745) Survivor regions: 10->12(61)
[427.461s][info][gc,heap     ] GC(745) Old regions: 37->37
[427.461s][info][gc,heap     ] GC(745) Humongous regions: 207->207
[427.461s][info][gc,metaspace] GC(745) Metaspace: 57405K(57728K)->57405K(57728K) NonClass: 51780K(52032K)->51780K(52032K) Class: 5625K(5696K)->5625K(5696K)
[427.461s][info][gc          ] GC(745) Pause Young (Prepare Mixed) (G1 Evacuation Pause) 724M->254M(804M) 9.246ms
[427.461s][info][gc,cpu      ] GC(745) User=0.01s Sys=0.00s Real=0.01s
[428.459s][info][gc,start    ] GC(746) Pause Young (Mixed) (G1 Evacuation Pause)
[428.459s][info][gc,task     ] GC(746) Using 2 workers of 2 for evacuation
[428.469s][info][gc,phases   ] GC(746)   Pre Evacuate Collection Set: 0.30ms
[428.469s][info][gc,phases   ] GC(746)   Merge Heap Roots: 0.15ms
[428.469s][info][gc,phases   ] GC(746)   Evacuate Collection Set: 8.89ms
[428.469s][info][gc,phases   ] GC(746)   Post Evacuate Collection Set: 0.88ms
[428.469s][info][gc,phases   ] GC(746)   Other: 0.08ms
[428.469s][info][gc,heap     ] GC(746) Eden regions: 470->0(470)
[428.469s][info][gc,heap     ] GC(746) Survivor regions: 12->12(61)
[428.469s][info][gc,heap     ] GC(746) Old regions: 37->37
[428.469s][info][gc,heap     ] GC(746) Humongous regions: 207->207
[428.469s][info][gc,metaspace] GC(746) Metaspace: 57405K(57728K)->57405K(57728K) NonClass: 51780K(52032K)->51780K(52032K) Class: 5625K(5696K)->5625K(5696K)
[428.469s][info][gc          ] GC(746) Pause Young (Mixed) (G1 Evacuation Pause) 724M->255M(804M) 10.483ms
[428.469s][info][gc,cpu      ] GC(746) User=0.02s Sys=0.00s Real=0.01s
[429.342s][info][gc,start    ] GC(747) Pause Young (Normal) (G1 Evacuation Pause)
[429.342s][info][gc,task     ] GC(747) Using 2 workers of 2 for evacuation
[429.348s][info][gc,phases   ] GC(747)   Pre Evacuate Collection Set: 0.30ms
[429.348s][info][gc,phases   ] GC(747)   Merge Heap Roots: 0.13ms
[429.348s][info][gc,phases   ] GC(747)   Evacuate Collection Set: 4.38ms
[429.348s][info][gc,phases   ] GC(747)   Post Evacuate Collection Set: 0.79ms
[429.348s][info][gc,phases   ] GC(747)   Other: 0.08ms
[429.348s][info][gc,heap     ] GC(747) Eden regions: 470->0(471)
[429.348s][info][gc,heap     ] GC(747) Survivor regions: 12->11(61)
[429.348s][info][gc,heap     ] GC(747) Old regions: 37->37
[429.348s][info][gc,heap     ] GC(747) Humongous regions: 207->207
[429.348s][info][gc,metaspace] GC(747) Metaspace: 57405K(57728K)->57405K(57728K) NonClass: 51780K(52032K)->51780K(52032K) Class: 5625K(5696K)->5625K(5696K)
[429.348s][info][gc          ] GC(747) Pause Young (Normal) (G1 Evacuation Pause) 725M->253M(804M) 5.863ms
[429.348s][info][gc,cpu      ] GC(747) User=0.01s Sys=0.00s Real=0.01s
[430.255s][info][gc,start    ] GC(748) Pause Young (Normal) (G1 Evacuation Pause)
[430.255s][info][gc,task     ] GC(748) Using 2 workers of 2 for evacuation
[430.262s][info][gc,phases   ] GC(748)   Pre Evacuate Collection Set: 0.31ms
[430.262s][info][gc,phases   ] GC(748)   Merge Heap Roots: 0.13ms
[430.262s][info][gc,phases   ] GC(748)   Evacuate Collection Set: 6.10ms
[430.262s][info][gc,phases   ] GC(748)   Post Evacuate Collection Set: 0.80ms
[430.262s][info][gc,phases   ] GC(748)   Other: 0.08ms
[430.262s][info][gc,heap     ] GC(748) Eden regions: 471->0(470)
[430.262s][info][gc,heap     ] GC(748) Survivor regions: 11->12(61)
[430.262s][info][gc,heap     ] GC(748) Old regions: 37->37
[430.262s][info][gc,heap     ] GC(748) Humongous regions: 207->207
[430.262s][info][gc,metaspace] GC(748) Metaspace: 57405K(57728K)->57405K(57728K) NonClass: 51780K(52032K)->51780K(52032K) Class: 5625K(5696K)->5625K(5696K)
[430.262s][info][gc          ] GC(748) Pause Young (Normal) (G1 Evacuation Pause) 724M->255M(804M) 7.590ms
[430.262s][info][gc,cpu      ] GC(748) User=0.02s Sys=0.00s Real=0.01s
[431.239s][info][gc,start    ] GC(749) Pause Young (Normal) (G1 Evacuation Pause)
[431.240s][info][gc,task     ] GC(749) Using 2 workers of 2 for evacuation
[431.245s][info][gc,phases   ] GC(749)   Pre Evacuate Collection Set: 0.28ms
[431.245s][info][gc,phases   ] GC(749)   Merge Heap Roots: 0.13ms
[431.245s][info][gc,phases   ] GC(749)   Evacuate Collection Set: 4.03ms
[431.245s][info][gc,phases   ] GC(749)   Post Evacuate Collection Set: 0.79ms
[431.245s][info][gc,phases   ] GC(749)   Other: 0.08ms
[431.245s][info][gc,heap     ] GC(749) Eden regions: 470->0(472)
[431.245s][info][gc,heap     ] GC(749) Survivor regions: 12->10(61)
[431.245s][info][gc,heap     ] GC(749) Old regions: 37->37
[431.245s][info][gc,heap     ] GC(749) Humongous regions: 207->207
[431.245s][info][gc,metaspace] GC(749) Metaspace: 57405K(57728K)->57405K(57728K) NonClass: 51780K(52032K)->51780K(52032K) Class: 5625K(5696K)->5625K(5696K)
[431.245s][info][gc          ] GC(749) Pause Young (Normal) (G1 Evacuation Pause) 725M->253M(804M) 5.510ms
[431.245s][info][gc,cpu      ] GC(749) User=0.01s Sys=0.00s Real=0.01s
[431.305s][info][gc,start    ] GC(750) Pause Young (Concurrent Start) (G1 Humongous Allocation)
[431.305s][info][gc,task     ] GC(750) Using 2 workers of 2 for evacuation
[431.310s][info][gc,phases   ] GC(750)   Pre Evacuate Collection Set: 0.38ms
[431.310s][info][gc,phases   ] GC(750)   Merge Heap Roots: 0.07ms
[431.311s][info][gc,phases   ] GC(750)   Evacuate Collection Set: 4.81ms
[431.311s][info][gc,phases   ] GC(750)   Post Evacuate Collection Set: 0.44ms
[431.311s][info][gc,phases   ] GC(750)   Other: 0.15ms
[431.311s][info][gc,heap     ] GC(750) Eden regions: 45->0(481)
[431.311s][info][gc,heap     ] GC(750) Survivor regions: 10->1(61)
[431.311s][info][gc,heap     ] GC(750) Old regions: 37->45
[431.311s][info][gc,heap     ] GC(750) Humongous regions: 207->207
[431.311s][info][gc,metaspace] GC(750) Metaspace: 57409K(57728K)->57409K(57728K) NonClass: 51783K(52032K)->51783K(52032K) Class: 5625K(5696K)->5625K(5696K)
[431.311s][info][gc          ] GC(750) Pause Young (Concurrent Start) (G1 Humongous Allocation) 298M->252M(804M) 5.999ms
[431.311s][info][gc          ] GC(751) Concurrent Mark Cycle
[431.311s][info][gc,marking  ] GC(751) Concurrent Scan Root Regions
[431.311s][info][gc,cpu      ] GC(750) User=0.02s Sys=0.00s Real=0.00s
[431.314s][info][gc,marking  ] GC(751) Concurrent Scan Root Regions 3.355ms
[431.314s][info][gc,marking  ] GC(751) Concurrent Mark
[431.314s][info][gc,marking  ] GC(751) Concurrent Mark From Roots
[431.314s][info][gc,task     ] GC(751) Using 1 workers of 1 for marking
[431.356s][info][gc,marking  ] GC(751) Concurrent Mark From Roots 42.155ms
[431.356s][info][gc,marking  ] GC(751) Concurrent Preclean
[431.356s][info][gc,marking  ] GC(751) Concurrent Preclean 0.075ms
[431.359s][info][gc,start    ] GC(751) Pause Remark
[431.369s][info][gc          ] GC(751) Pause Remark 292M->292M(804M) 10.236ms
[431.369s][info][gc,cpu      ] GC(751) User=0.02s Sys=0.00s Real=0.01s
[431.370s][info][gc,marking  ] GC(751) Concurrent Mark 55.995ms
[431.370s][info][gc,marking  ] GC(751) Concurrent Rebuild Remembered Sets and Scrub Regions
[431.386s][info][gc,marking  ] GC(751) Concurrent Rebuild Remembered Sets and Scrub Regions 16.430ms
[431.387s][info][gc,start    ] GC(751) Pause Cleanup
[431.387s][info][gc          ] GC(751) Pause Cleanup 292M->292M(804M) 0.096ms
[431.387s][info][gc,cpu      ] GC(751) User=0.00s Sys=0.00s Real=0.00s
[431.387s][info][gc,marking  ] GC(751) Concurrent Clear Claimed Marks
[431.387s][info][gc,marking  ] GC(751) Concurrent Clear Claimed Marks 0.090ms
[431.387s][info][gc,marking  ] GC(751) Concurrent Cleanup for Next Mark
[431.389s][info][gc,marking  ] GC(751) Concurrent Cleanup for Next Mark 2.413ms
[431.389s][info][gc          ] GC(751) Concurrent Mark Cycle 78.725ms
[434.456s][info][gc,start    ] GC(752) Pause Young (Prepare Mixed) (G1 Evacuation Pause)
[434.456s][info][gc,task     ] GC(752) Using 2 workers of 2 for evacuation
[434.480s][info][gc,phases   ] GC(752)   Pre Evacuate Collection Set: 0.30ms
[434.480s][info][gc,phases   ] GC(752)   Merge Heap Roots: 0.16ms
[434.480s][info][gc,phases   ] GC(752)   Evacuate Collection Set: 22.44ms
[434.480s][info][gc,phases   ] GC(752)   Post Evacuate Collection Set: 0.87ms
[434.480s][info][gc,phases   ] GC(752)   Other: 0.08ms
[434.480s][info][gc,heap     ] GC(752) Eden regions: 395->0(472)
[434.480s][info][gc,heap     ] GC(752) Survivor regions: 1->26(61)
[434.480s][info][gc,heap     ] GC(752) Old regions: 45->45
[434.480s][info][gc,heap     ] GC(752) Humongous regions: 363->207
[434.480s][info][gc,metaspace] GC(752) Metaspace: 57557K(57856K)->57557K(57856K) NonClass: 51932K(52160K)->51932K(52160K) Class: 5625K(5696K)->5625K(5696K)
[434.480s][info][gc          ] GC(752) Pause Young (Prepare Mixed) (G1 Evacuation Pause) 803M->277M(830M) 24.061ms
[434.481s][info][gc,cpu      ] GC(752) User=0.02s Sys=0.02s Real=0.02s
[435.436s][info][gc,start    ] GC(753) Pause Young (Mixed) (G1 Evacuation Pause)
[435.436s][info][gc,task     ] GC(753) Using 2 workers of 2 for evacuation
[435.448s][info][gc,phases   ] GC(753)   Pre Evacuate Collection Set: 0.30ms
[435.448s][info][gc,phases   ] GC(753)   Merge Heap Roots: 0.17ms
[435.448s][info][gc,phases   ] GC(753)   Evacuate Collection Set: 9.87ms
[435.448s][info][gc,phases   ] GC(753)   Post Evacuate Collection Set: 0.90ms
[435.448s][info][gc,phases   ] GC(753)   Other: 0.08ms
[435.448s][info][gc,heap     ] GC(753) Eden regions: 472->0(474)
[435.448s][info][gc,heap     ] GC(753) Survivor regions: 26->24(63)
[435.448s][info][gc,heap     ] GC(753) Old regions: 45->45
[435.448s][info][gc,heap     ] GC(753) Humongous regions: 207->207
[435.448s][info][gc,metaspace] GC(753) Metaspace: 57557K(57856K)->57557K(57856K) NonClass: 51932K(52160K)->51932K(52160K) Class: 5625K(5696K)->5625K(5696K)
[435.448s][info][gc          ] GC(753) Pause Young (Mixed) (G1 Evacuation Pause) 749M->275M(830M) 11.499ms
[435.448s][info][gc,cpu      ] GC(753) User=0.02s Sys=0.00s Real=0.01s
[436.400s][info][gc,start    ] GC(754) Pause Young (Normal) (G1 Evacuation Pause)
[436.400s][info][gc,task     ] GC(754) Using 2 workers of 2 for evacuation
[436.411s][info][gc,phases   ] GC(754)   Pre Evacuate Collection Set: 0.30ms
[436.411s][info][gc,phases   ] GC(754)   Merge Heap Roots: 0.15ms
[436.411s][info][gc,phases   ] GC(754)   Evacuate Collection Set: 9.38ms
[436.411s][info][gc,phases   ] GC(754)   Post Evacuate Collection Set: 0.89ms
[436.411s][info][gc,phases   ] GC(754)   Other: 0.08ms
[436.411s][info][gc,heap     ] GC(754) Eden regions: 474->0(473)
[436.411s][info][gc,heap     ] GC(754) Survivor regions: 24->25(63)
[436.411s][info][gc,heap     ] GC(754) Old regions: 45->45
[436.411s][info][gc,heap     ] GC(754) Humongous regions: 207->207
[436.411s][info][gc,metaspace] GC(754) Metaspace: 57557K(57856K)->57557K(57856K) NonClass: 51932K(52160K)->51932K(52160K) Class: 5625K(5696K)->5625K(5696K)
[436.411s][info][gc          ] GC(754) Pause Young (Normal) (G1 Evacuation Pause) 749M->276M(830M) 11.012ms
[436.411s][info][gc,cpu      ] GC(754) User=0.02s Sys=0.00s Real=0.01s
[437.274s][info][gc,start    ] GC(755) Pause Young (Normal) (G1 Evacuation Pause)
[437.274s][info][gc,task     ] GC(755) Using 2 workers of 2 for evacuation
[437.284s][info][gc,phases   ] GC(755)   Pre Evacuate Collection Set: 0.30ms
[437.284s][info][gc,phases   ] GC(755)   Merge Heap Roots: 0.14ms
[437.284s][info][gc,phases   ] GC(755)   Evacuate Collection Set: 8.47ms
[437.284s][info][gc,phases   ] GC(755)   Post Evacuate Collection Set: 0.86ms
[437.284s][info][gc,phases   ] GC(755)   Other: 0.09ms
[437.284s][info][gc,heap     ] GC(755) Eden regions: 473->0(473)
[437.284s][info][gc,heap     ] GC(755) Survivor regions: 25->25(63)
[437.284s][info][gc,heap     ] GC(755) Old regions: 45->45
[437.284s][info][gc,heap     ] GC(755) Humongous regions: 207->207
[437.284s][info][gc,metaspace] GC(755) Metaspace: 57559K(57856K)->57559K(57856K) NonClass: 51934K(52160K)->51934K(52160K) Class: 5625K(5696K)->5625K(5696K)
[437.284s][info][gc          ] GC(755) Pause Young (Normal) (G1 Evacuation Pause) 749M->275M(830M) 10.027ms
[437.284s][info][gc,cpu      ] GC(755) User=0.02s Sys=0.00s Real=0.01s
[438.241s][info][gc,start    ] GC(756) Pause Young (Normal) (G1 Evacuation Pause)
[438.241s][info][gc,task     ] GC(756) Using 2 workers of 2 for evacuation
[438.251s][info][gc,phases   ] GC(756)   Pre Evacuate Collection Set: 0.30ms
[438.251s][info][gc,phases   ] GC(756)   Merge Heap Roots: 0.15ms
[438.251s][info][gc,phases   ] GC(756)   Evacuate Collection Set: 8.52ms
[438.251s][info][gc,phases   ] GC(756)   Post Evacuate Collection Set: 0.90ms
[438.251s][info][gc,phases   ] GC(756)   Other: 0.09ms
[438.251s][info][gc,heap     ] GC(756) Eden regions: 473->0(473)
[438.251s][info][gc,heap     ] GC(756) Survivor regions: 25->25(63)
[438.251s][info][gc,heap     ] GC(756) Old regions: 45->45
[438.251s][info][gc,heap     ] GC(756) Humongous regions: 207->207
[438.251s][info][gc,metaspace] GC(756) Metaspace: 57559K(57856K)->57559K(57856K) NonClass: 51934K(52160K)->51934K(52160K) Class: 5625K(5696K)->5625K(5696K)
[438.251s][info][gc          ] GC(756) Pause Young (Normal) (G1 Evacuation Pause) 748M->275M(830M) 10.195ms
[438.251s][info][gc,cpu      ] GC(756) User=0.02s Sys=0.00s Real=0.01s
[439.163s][info][gc,start    ] GC(757) Pause Young (Normal) (G1 Evacuation Pause)
[439.163s][info][gc,task     ] GC(757) Using 2 workers of 2 for evacuation
[439.175s][info][gc,phases   ] GC(757)   Pre Evacuate Collection Set: 0.30ms
[439.175s][info][gc,phases   ] GC(757)   Merge Heap Roots: 0.14ms
[439.175s][info][gc,phases   ] GC(757)   Evacuate Collection Set: 10.50ms
[439.175s][info][gc,phases   ] GC(757)   Post Evacuate Collection Set: 0.91ms
[439.175s][info][gc,phases   ] GC(757)   Other: 0.08ms
[439.175s][info][gc,heap     ] GC(757) Eden regions: 473->0(472)
[439.175s][info][gc,heap     ] GC(757) Survivor regions: 25->26(63)
[439.175s][info][gc,heap     ] GC(757) Old regions: 45->45
[439.175s][info][gc,heap     ] GC(757) Humongous regions: 207->207
[439.175s][info][gc,metaspace] GC(757) Metaspace: 57559K(57856K)->57559K(57856K) NonClass: 51934K(52160K)->51934K(52160K) Class: 5625K(5696K)->5625K(5696K)
[439.175s][info][gc          ] GC(757) Pause Young (Normal) (G1 Evacuation Pause) 748M->277M(830M) 12.126ms
[439.175s][info][gc,cpu      ] GC(757) User=0.02s Sys=0.00s Real=0.01s
[440.133s][info][gc,start    ] GC(758) Pause Young (Normal) (G1 Evacuation Pause)
[440.133s][info][gc,task     ] GC(758) Using 2 workers of 2 for evacuation
[440.142s][info][gc,phases   ] GC(758)   Pre Evacuate Collection Set: 0.29ms
[440.142s][info][gc,phases   ] GC(758)   Merge Heap Roots: 0.14ms
[440.142s][info][gc,phases   ] GC(758)   Evacuate Collection Set: 7.48ms
[440.142s][info][gc,phases   ] GC(758)   Post Evacuate Collection Set: 0.86ms
[440.142s][info][gc,phases   ] GC(758)   Other: 0.08ms
[440.142s][info][gc,heap     ] GC(758) Eden regions: 472->0(474)
[440.142s][info][gc,heap     ] GC(758) Survivor regions: 26->24(63)
[440.142s][info][gc,heap     ] GC(758) Old regions: 45->45
[440.142s][info][gc,heap     ] GC(758) Humongous regions: 207->207
[440.142s][info][gc,metaspace] GC(758) Metaspace: 57559K(57856K)->57559K(57856K) NonClass: 51934K(52160K)->51934K(52160K) Class: 5625K(5696K)->5625K(5696K)
[440.142s][info][gc          ] GC(758) Pause Young (Normal) (G1 Evacuation Pause) 749M->274M(830M) 9.037ms
[440.142s][info][gc,cpu      ] GC(758) User=0.02s Sys=0.00s Real=0.01s
[441.121s][info][gc,start    ] GC(759) Pause Young (Normal) (G1 Evacuation Pause)
[441.121s][info][gc,task     ] GC(759) Using 2 workers of 2 for evacuation
[441.133s][info][gc,phases   ] GC(759)   Pre Evacuate Collection Set: 0.53ms
[441.133s][info][gc,phases   ] GC(759)   Merge Heap Roots: 0.24ms
[441.133s][info][gc,phases   ] GC(759)   Evacuate Collection Set: 9.96ms
[441.133s][info][gc,phases   ] GC(759)   Post Evacuate Collection Set: 0.84ms
[441.133s][info][gc,phases   ] GC(759)   Other: 0.08ms
[441.133s][info][gc,heap     ] GC(759) Eden regions: 474->0(473)
[441.133s][info][gc,heap     ] GC(759) Survivor regions: 24->25(63)
[441.133s][info][gc,heap     ] GC(759) Old regions: 45->45
[441.133s][info][gc,heap     ] GC(759) Humongous regions: 207->207
[441.133s][info][gc,metaspace] GC(759) Metaspace: 57559K(57856K)->57559K(57856K) NonClass: 51934K(52160K)->51934K(52160K) Class: 5625K(5696K)->5625K(5696K)
[441.133s][info][gc          ] GC(759) Pause Young (Normal) (G1 Evacuation Pause) 748M->276M(830M) 11.840ms
[441.133s][info][gc,cpu      ] GC(759) User=0.02s Sys=0.01s Real=0.02s
[441.977s][info][gc,start    ] GC(760) Pause Young (Normal) (G1 Evacuation Pause)
[441.977s][info][gc,task     ] GC(760) Using 2 workers of 2 for evacuation
[441.986s][info][gc,phases   ] GC(760)   Pre Evacuate Collection Set: 0.31ms
[441.986s][info][gc,phases   ] GC(760)   Merge Heap Roots: 0.14ms
[441.986s][info][gc,phases   ] GC(760)   Evacuate Collection Set: 7.56ms
[441.986s][info][gc,phases   ] GC(760)   Post Evacuate Collection Set: 0.87ms
[441.986s][info][gc,phases   ] GC(760)   Other: 0.09ms
[441.986s][info][gc,heap     ] GC(760) Eden regions: 473->0(474)
[441.986s][info][gc,heap     ] GC(760) Survivor regions: 25->24(63)
[441.986s][info][gc,heap     ] GC(760) Old regions: 45->45
[441.986s][info][gc,heap     ] GC(760) Humongous regions: 207->207
[441.986s][info][gc,metaspace] GC(760) Metaspace: 57562K(57856K)->57562K(57856K) NonClass: 51937K(52160K)->51937K(52160K) Class: 5625K(5696K)->5625K(5696K)
[441.986s][info][gc          ] GC(760) Pause Young (Normal) (G1 Evacuation Pause) 749M->275M(830M) 9.152ms
[441.986s][info][gc,cpu      ] GC(760) User=0.02s Sys=0.00s Real=0.01s
[443.004s][info][gc,start    ] GC(761) Pause Young (Normal) (G1 Evacuation Pause)
[443.004s][info][gc,task     ] GC(761) Using 2 workers of 2 for evacuation
[443.015s][info][gc,phases   ] GC(761)   Pre Evacuate Collection Set: 0.32ms
[443.015s][info][gc,phases   ] GC(761)   Merge Heap Roots: 0.15ms
[443.015s][info][gc,phases   ] GC(761)   Evacuate Collection Set: 9.47ms
[443.015s][info][gc,phases   ] GC(761)   Post Evacuate Collection Set: 0.90ms
[443.015s][info][gc,phases   ] GC(761)   Other: 0.09ms
[443.015s][info][gc,heap     ] GC(761) Eden regions: 474->0(473)
[443.015s][info][gc,heap     ] GC(761) Survivor regions: 24->25(63)
[443.015s][info][gc,heap     ] GC(761) Old regions: 45->45
[443.015s][info][gc,heap     ] GC(761) Humongous regions: 207->207
[443.015s][info][gc,metaspace] GC(761) Metaspace: 57562K(57856K)->57562K(57856K) NonClass: 51937K(52160K)->51937K(52160K) Class: 5625K(5696K)->5625K(5696K)
[443.015s][info][gc          ] GC(761) Pause Young (Normal) (G1 Evacuation Pause) 749M->276M(830M) 11.127ms
[443.015s][info][gc,cpu      ] GC(761) User=0.02s Sys=0.00s Real=0.01s
[443.873s][info][gc,start    ] GC(762) Pause Young (Normal) (G1 Evacuation Pause)
[443.873s][info][gc,task     ] GC(762) Using 2 workers of 2 for evacuation
[443.883s][info][gc,phases   ] GC(762)   Pre Evacuate Collection Set: 0.29ms
[443.883s][info][gc,phases   ] GC(762)   Merge Heap Roots: 0.15ms
[443.883s][info][gc,phases   ] GC(762)   Evacuate Collection Set: 7.82ms
[443.883s][info][gc,phases   ] GC(762)   Post Evacuate Collection Set: 0.87ms
[443.883s][info][gc,phases   ] GC(762)   Other: 0.10ms
[443.883s][info][gc,heap     ] GC(762) Eden regions: 473->0(474)
[443.883s][info][gc,heap     ] GC(762) Survivor regions: 25->24(63)
[443.883s][info][gc,heap     ] GC(762) Old regions: 45->45
[443.883s][info][gc,heap     ] GC(762) Humongous regions: 207->207
[443.883s][info][gc,metaspace] GC(762) Metaspace: 57562K(57856K)->57562K(57856K) NonClass: 51937K(52160K)->51937K(52160K) Class: 5625K(5696K)->5625K(5696K)
[443.883s][info][gc          ] GC(762) Pause Young (Normal) (G1 Evacuation Pause) 749M->275M(830M) 9.417ms
[443.883s][info][gc,cpu      ] GC(762) User=0.02s Sys=0.00s Real=0.01s
[444.847s][info][gc,start    ] GC(763) Pause Young (Normal) (G1 Evacuation Pause)
[444.847s][info][gc,task     ] GC(763) Using 2 workers of 2 for evacuation
[444.858s][info][gc,phases   ] GC(763)   Pre Evacuate Collection Set: 0.29ms
[444.858s][info][gc,phases   ] GC(763)   Merge Heap Roots: 0.15ms
[444.858s][info][gc,phases   ] GC(763)   Evacuate Collection Set: 9.41ms
[444.858s][info][gc,phases   ] GC(763)   Post Evacuate Collection Set: 0.86ms
[444.858s][info][gc,phases   ] GC(763)   Other: 0.10ms
[444.858s][info][gc,heap     ] GC(763) Eden regions: 474->0(472)
[444.858s][info][gc,heap     ] GC(763) Survivor regions: 24->26(63)
[444.858s][info][gc,heap     ] GC(763) Old regions: 45->45
[444.858s][info][gc,heap     ] GC(763) Humongous regions: 207->207
[444.858s][info][gc,metaspace] GC(763) Metaspace: 57562K(57856K)->57562K(57856K) NonClass: 51937K(52160K)->51937K(52160K) Class: 5625K(5696K)->5625K(5696K)
[444.858s][info][gc          ] GC(763) Pause Young (Normal) (G1 Evacuation Pause) 749M->276M(830M) 11.001ms
[444.858s][info][gc,cpu      ] GC(763) User=0.02s Sys=0.00s Real=0.01s
[445.766s][info][gc,start    ] GC(764) Pause Young (Normal) (G1 Evacuation Pause)
[445.766s][info][gc,task     ] GC(764) Using 2 workers of 2 for evacuation
[445.777s][info][gc,phases   ] GC(764)   Pre Evacuate Collection Set: 0.32ms
[445.777s][info][gc,phases   ] GC(764)   Merge Heap Roots: 0.14ms
[445.777s][info][gc,phases   ] GC(764)   Evacuate Collection Set: 9.39ms
[445.777s][info][gc,phases   ] GC(764)   Post Evacuate Collection Set: 0.89ms
[445.777s][info][gc,phases   ] GC(764)   Other: 0.10ms
[445.777s][info][gc,heap     ] GC(764) Eden regions: 472->0(473)
[445.777s][info][gc,heap     ] GC(764) Survivor regions: 26->25(63)
[445.777s][info][gc,heap     ] GC(764) Old regions: 45->45
[445.777s][info][gc,heap     ] GC(764) Humongous regions: 207->207
[445.777s][info][gc,metaspace] GC(764) Metaspace: 57562K(57856K)->57562K(57856K) NonClass: 51937K(52160K)->51937K(52160K) Class: 5625K(5696K)->5625K(5696K)
[445.777s][info][gc          ] GC(764) Pause Young (Normal) (G1 Evacuation Pause) 748M->276M(830M) 11.022ms
[445.777s][info][gc,cpu      ] GC(764) User=0.02s Sys=0.00s Real=0.01s
[446.743s][info][gc,start    ] GC(765) Pause Young (Normal) (G1 Evacuation Pause)
[446.743s][info][gc,task     ] GC(765) Using 2 workers of 2 for evacuation
[446.754s][info][gc,phases   ] GC(765)   Pre Evacuate Collection Set: 0.28ms
[446.754s][info][gc,phases   ] GC(765)   Merge Heap Roots: 0.15ms
[446.754s][info][gc,phases   ] GC(765)   Evacuate Collection Set: 8.83ms
[446.754s][info][gc,phases   ] GC(765)   Post Evacuate Collection Set: 0.85ms
[446.754s][info][gc,phases   ] GC(765)   Other: 0.10ms
[446.754s][info][gc,heap     ] GC(765) Eden regions: 473->0(473)
[446.754s][info][gc,heap     ] GC(765) Survivor regions: 25->25(63)
[446.754s][info][gc,heap     ] GC(765) Old regions: 45->45
[446.754s][info][gc,heap     ] GC(765) Humongous regions: 207->207
[446.754s][info][gc,metaspace] GC(765) Metaspace: 57562K(57856K)->57562K(57856K) NonClass: 51937K(52160K)->51937K(52160K) Class: 5625K(5696K)->5625K(5696K)
[446.754s][info][gc          ] GC(765) Pause Young (Normal) (G1 Evacuation Pause) 749M->276M(830M) 10.384ms
[446.754s][info][gc,cpu      ] GC(765) User=0.02s Sys=0.00s Real=0.01s
[447.658s][info][gc,start    ] GC(766) Pause Young (Normal) (G1 Evacuation Pause)
[447.658s][info][gc,task     ] GC(766) Using 2 workers of 2 for evacuation
[447.670s][info][gc,phases   ] GC(766)   Pre Evacuate Collection Set: 0.31ms
[447.670s][info][gc,phases   ] GC(766)   Merge Heap Roots: 0.15ms
[447.670s][info][gc,phases   ] GC(766)   Evacuate Collection Set: 9.95ms
[447.670s][info][gc,phases   ] GC(766)   Post Evacuate Collection Set: 0.90ms
[447.670s][info][gc,phases   ] GC(766)   Other: 0.09ms
[447.670s][info][gc,heap     ] GC(766) Eden regions: 473->0(472)
[447.670s][info][gc,heap     ] GC(766) Survivor regions: 25->26(63)
[447.670s][info][gc,heap     ] GC(766) Old regions: 45->45
[447.670s][info][gc,heap     ] GC(766) Humongous regions: 207->207
[447.670s][info][gc,metaspace] GC(766) Metaspace: 57562K(57856K)->57562K(57856K) NonClass: 51937K(52160K)->51937K(52160K) Class: 5625K(5696K)->5625K(5696K)
[447.670s][info][gc          ] GC(766) Pause Young (Normal) (G1 Evacuation Pause) 749M->277M(830M) 11.592ms
[447.670s][info][gc,cpu      ] GC(766) User=0.02s Sys=0.00s Real=0.01s
[448.641s][info][gc,start    ] GC(767) Pause Young (Normal) (G1 Evacuation Pause)
[448.641s][info][gc,task     ] GC(767) Using 2 workers of 2 for evacuation
[448.650s][info][gc,phases   ] GC(767)   Pre Evacuate Collection Set: 0.30ms
[448.650s][info][gc,phases   ] GC(767)   Merge Heap Roots: 0.14ms
[448.650s][info][gc,phases   ] GC(767)   Evacuate Collection Set: 8.39ms
[448.650s][info][gc,phases   ] GC(767)   Post Evacuate Collection Set: 0.86ms
[448.650s][info][gc,phases   ] GC(767)   Other: 0.09ms
[448.650s][info][gc,heap     ] GC(767) Eden regions: 472->0(495)
[448.650s][info][gc,heap     ] GC(767) Survivor regions: 26->3(63)
[448.650s][info][gc,heap     ] GC(767) Old regions: 45->67
[448.651s][info][gc,heap     ] GC(767) Humongous regions: 207->207
[448.651s][info][gc,metaspace] GC(767) Metaspace: 57562K(57856K)->57562K(57856K) NonClass: 51937K(52160K)->51937K(52160K) Class: 5625K(5696K)->5625K(5696K)
[448.651s][info][gc          ] GC(767) Pause Young (Normal) (G1 Evacuation Pause) 749M->276M(830M) 9.973ms
[448.651s][info][gc,cpu      ] GC(767) User=0.02s Sys=0.00s Real=0.01s
[449.632s][info][gc,start    ] GC(768) Pause Young (Concurrent Start) (G1 Evacuation Pause)
[449.632s][info][gc,task     ] GC(768) Using 2 workers of 2 for evacuation
[449.636s][info][gc,phases   ] GC(768)   Pre Evacuate Collection Set: 0.33ms
[449.636s][info][gc,phases   ] GC(768)   Merge Heap Roots: 0.13ms
[449.636s][info][gc,phases   ] GC(768)   Evacuate Collection Set: 2.37ms
[449.636s][info][gc,phases   ] GC(768)   Post Evacuate Collection Set: 0.78ms
[449.636s][info][gc,phases   ] GC(768)   Other: 0.10ms
[449.636s][info][gc,heap     ] GC(768) Eden regions: 495->0(497)
[449.636s][info][gc,heap     ] GC(768) Survivor regions: 3->1(63)
[449.636s][info][gc,heap     ] GC(768) Old regions: 67->68
[449.636s][info][gc,heap     ] GC(768) Humongous regions: 207->207
[449.636s][info][gc,metaspace] GC(768) Metaspace: 57562K(57856K)->57562K(57856K) NonClass: 51937K(52160K)->51937K(52160K) Class: 5625K(5696K)->5625K(5696K)
[449.636s][info][gc          ] GC(768) Pause Young (Concurrent Start) (G1 Evacuation Pause) 771M->275M(830M) 3.895ms
[449.636s][info][gc,cpu      ] GC(768) User=0.00s Sys=0.00s Real=0.00s
[449.636s][info][gc          ] GC(769) Concurrent Mark Cycle
[449.636s][info][gc,marking  ] GC(769) Concurrent Scan Root Regions
[449.640s][info][gc,marking  ] GC(769) Concurrent Scan Root Regions 3.766ms
[449.640s][info][gc,marking  ] GC(769) Concurrent Mark
[449.640s][info][gc,marking  ] GC(769) Concurrent Mark From Roots
[449.640s][info][gc,task     ] GC(769) Using 1 workers of 1 for marking
[449.693s][info][gc,marking  ] GC(769) Concurrent Mark From Roots 53.451ms
[449.693s][info][gc,marking  ] GC(769) Concurrent Preclean
[449.693s][info][gc,marking  ] GC(769) Concurrent Preclean 0.083ms
[449.697s][info][gc,start    ] GC(769) Pause Remark
[449.708s][info][gc          ] GC(769) Pause Remark 310M->297M(830M) 11.509ms
[449.708s][info][gc,cpu      ] GC(769) User=0.02s Sys=0.00s Real=0.01s
[449.708s][info][gc,marking  ] GC(769) Concurrent Mark 68.553ms
[449.708s][info][gc,marking  ] GC(769) Concurrent Rebuild Remembered Sets and Scrub Regions
[449.730s][info][gc,marking  ] GC(769) Concurrent Rebuild Remembered Sets and Scrub Regions 21.416ms
[449.730s][info][gc,start    ] GC(769) Pause Cleanup
[449.730s][info][gc          ] GC(769) Pause Cleanup 309M->309M(830M) 0.081ms
[449.730s][info][gc,cpu      ] GC(769) User=0.00s Sys=0.00s Real=0.00s
[449.730s][info][gc,marking  ] GC(769) Concurrent Clear Claimed Marks
[449.730s][info][gc,marking  ] GC(769) Concurrent Clear Claimed Marks 0.087ms
[449.730s][info][gc,marking  ] GC(769) Concurrent Cleanup for Next Mark
[449.735s][info][gc,marking  ] GC(769) Concurrent Cleanup for Next Mark 4.993ms
[449.735s][info][gc          ] GC(769) Concurrent Mark Cycle 99.317ms
[450.633s][info][gc,start    ] GC(770) Pause Young (Prepare Mixed) (G1 Evacuation Pause)
[450.633s][info][gc,task     ] GC(770) Using 2 workers of 2 for evacuation
[450.637s][info][gc,phases   ] GC(770)   Pre Evacuate Collection Set: 0.29ms
[450.637s][info][gc,phases   ] GC(770)   Merge Heap Roots: 0.14ms
[450.637s][info][gc,phases   ] GC(770)   Evacuate Collection Set: 2.25ms
[450.637s][info][gc,phases   ] GC(770)   Post Evacuate Collection Set: 0.77ms
[450.637s][info][gc,phases   ] GC(770)   Other: 0.09ms
[450.637s][info][gc,heap     ] GC(770) Eden regions: 497->0(496)
[450.637s][info][gc,heap     ] GC(770) Survivor regions: 1->2(63)
[450.637s][info][gc,heap     ] GC(770) Old regions: 55->55
[450.637s][info][gc,heap     ] GC(770) Humongous regions: 207->207
[450.637s][info][gc,metaspace] GC(770) Metaspace: 57562K(57856K)->57562K(57856K) NonClass: 51937K(52160K)->51937K(52160K) Class: 5625K(5696K)->5625K(5696K)
[450.637s][info][gc          ] GC(770) Pause Young (Prepare Mixed) (G1 Evacuation Pause) 759M->262M(830M) 3.723ms
[450.637s][info][gc,cpu      ] GC(770) User=0.01s Sys=0.00s Real=0.00s
[451.678s][info][gc,start    ] GC(771) Pause Young (Mixed) (G1 Evacuation Pause)
[451.678s][info][gc,task     ] GC(771) Using 2 workers of 2 for evacuation
[451.682s][info][gc,phases   ] GC(771)   Pre Evacuate Collection Set: 0.31ms
[451.682s][info][gc,phases   ] GC(771)   Merge Heap Roots: 0.15ms
[451.682s][info][gc,phases   ] GC(771)   Evacuate Collection Set: 2.78ms
[451.682s][info][gc,phases   ] GC(771)   Post Evacuate Collection Set: 0.84ms
[451.682s][info][gc,phases   ] GC(771)   Other: 0.08ms
[451.682s][info][gc,heap     ] GC(771) Eden regions: 496->0(496)
[451.682s][info][gc,heap     ] GC(771) Survivor regions: 2->2(63)
[451.682s][info][gc,heap     ] GC(771) Old regions: 55->52
[451.682s][info][gc,heap     ] GC(771) Humongous regions: 207->207
[451.682s][info][gc,metaspace] GC(771) Metaspace: 57562K(57856K)->57562K(57856K) NonClass: 51937K(52160K)->51937K(52160K) Class: 5625K(5696K)->5625K(5696K)
[451.682s][info][gc          ] GC(771) Pause Young (Mixed) (G1 Evacuation Pause) 758M->259M(830M) 4.330ms
[451.682s][info][gc,cpu      ] GC(771) User=0.01s Sys=0.00s Real=0.01s
[452.666s][info][gc,start    ] GC(772) Pause Young (Normal) (G1 Evacuation Pause)
[452.666s][info][gc,task     ] GC(772) Using 2 workers of 2 for evacuation
[452.671s][info][gc,phases   ] GC(772)   Pre Evacuate Collection Set: 0.31ms
[452.671s][info][gc,phases   ] GC(772)   Merge Heap Roots: 0.15ms
[452.671s][info][gc,phases   ] GC(772)   Evacuate Collection Set: 4.19ms
[452.671s][info][gc,phases   ] GC(772)   Post Evacuate Collection Set: 0.80ms
[452.671s][info][gc,phases   ] GC(772)   Other: 0.08ms
[452.671s][info][gc,heap     ] GC(772) Eden regions: 496->0(495)
[452.671s][info][gc,heap     ] GC(772) Survivor regions: 2->3(63)
[452.672s][info][gc,heap     ] GC(772) Old regions: 52->52
[452.672s][info][gc,heap     ] GC(772) Humongous regions: 207->207
[452.672s][info][gc,metaspace] GC(772) Metaspace: 57562K(57856K)->57562K(57856K) NonClass: 51937K(52160K)->51937K(52160K) Class: 5625K(5696K)->5625K(5696K)
[452.672s][info][gc          ] GC(772) Pause Young (Normal) (G1 Evacuation Pause) 755M->261M(830M) 5.691ms
[452.672s][info][gc,cpu      ] GC(772) User=0.01s Sys=0.00s Real=0.00s
[453.706s][info][gc,start    ] GC(773) Pause Young (Normal) (G1 Evacuation Pause)
[453.706s][info][gc,task     ] GC(773) Using 2 workers of 2 for evacuation
[453.712s][info][gc,phases   ] GC(773)   Pre Evacuate Collection Set: 0.31ms
[453.712s][info][gc,phases   ] GC(773)   Merge Heap Roots: 0.13ms
[453.712s][info][gc,phases   ] GC(773)   Evacuate Collection Set: 4.21ms
[453.712s][info][gc,phases   ] GC(773)   Post Evacuate Collection Set: 0.79ms
[453.712s][info][gc,phases   ] GC(773)   Other: 0.08ms
[453.712s][info][gc,heap     ] GC(773) Eden regions: 495->0(495)
[453.712s][info][gc,heap     ] GC(773) Survivor regions: 3->3(63)
[453.712s][info][gc,heap     ] GC(773) Old regions: 52->52
[453.712s][info][gc,heap     ] GC(773) Humongous regions: 207->207
[453.712s][info][gc,metaspace] GC(773) Metaspace: 57562K(57856K)->57562K(57856K) NonClass: 51937K(52160K)->51937K(52160K) Class: 5625K(5696K)->5625K(5696K)
[453.712s][info][gc          ] GC(773) Pause Young (Normal) (G1 Evacuation Pause) 756M->260M(830M) 5.685ms
[453.712s][info][gc,cpu      ] GC(773) User=0.01s Sys=0.00s Real=0.00s
[454.656s][info][gc,start    ] GC(774) Pause Young (Normal) (G1 Evacuation Pause)
[454.656s][info][gc,task     ] GC(774) Using 2 workers of 2 for evacuation
[454.661s][info][gc,phases   ] GC(774)   Pre Evacuate Collection Set: 0.30ms
[454.661s][info][gc,phases   ] GC(774)   Merge Heap Roots: 0.13ms
[454.661s][info][gc,phases   ] GC(774)   Evacuate Collection Set: 4.05ms
[454.661s][info][gc,phases   ] GC(774)   Post Evacuate Collection Set: 0.80ms
[454.661s][info][gc,phases   ] GC(774)   Other: 0.08ms
[454.661s][info][gc,heap     ] GC(774) Eden regions: 495->0(495)
[454.661s][info][gc,heap     ] GC(774) Survivor regions: 3->3(63)
[454.661s][info][gc,heap     ] GC(774) Old regions: 52->52
[454.661s][info][gc,heap     ] GC(774) Humongous regions: 207->207
[454.661s][info][gc,metaspace] GC(774) Metaspace: 57562K(57856K)->57562K(57856K) NonClass: 51937K(52160K)->51937K(52160K) Class: 5625K(5696K)->5625K(5696K)
[454.661s][info][gc          ] GC(774) Pause Young (Normal) (G1 Evacuation Pause) 755M->261M(830M) 5.542ms
[454.661s][info][gc,cpu      ] GC(774) User=0.01s Sys=0.00s Real=0.00s
[455.656s][info][gc,start    ] GC(775) Pause Young (Normal) (G1 Evacuation Pause)
[455.656s][info][gc,task     ] GC(775) Using 2 workers of 2 for evacuation
[455.661s][info][gc,phases   ] GC(775)   Pre Evacuate Collection Set: 0.29ms
[455.661s][info][gc,phases   ] GC(775)   Merge Heap Roots: 0.13ms
[455.661s][info][gc,phases   ] GC(775)   Evacuate Collection Set: 3.48ms
[455.661s][info][gc,phases   ] GC(775)   Post Evacuate Collection Set: 0.77ms
[455.661s][info][gc,phases   ] GC(775)   Other: 0.13ms
[455.661s][info][gc,heap     ] GC(775) Eden regions: 495->0(496)
[455.661s][info][gc,heap     ] GC(775) Survivor regions: 3->2(63)
[455.661s][info][gc,heap     ] GC(775) Old regions: 52->52
[455.661s][info][gc,heap     ] GC(775) Humongous regions: 207->207
[455.661s][info][gc,metaspace] GC(775) Metaspace: 57562K(57856K)->57562K(57856K) NonClass: 51937K(52160K)->51937K(52160K) Class: 5625K(5696K)->5625K(5696K)
[455.661s][info][gc          ] GC(775) Pause Young (Normal) (G1 Evacuation Pause) 756M->260M(830M) 4.975ms
[455.661s][info][gc,cpu      ] GC(775) User=0.01s Sys=0.00s Real=0.00s
[456.650s][info][gc,start    ] GC(776) Pause Young (Normal) (G1 Evacuation Pause)
[456.650s][info][gc,task     ] GC(776) Using 2 workers of 2 for evacuation
[456.656s][info][gc,phases   ] GC(776)   Pre Evacuate Collection Set: 0.32ms
[456.656s][info][gc,phases   ] GC(776)   Merge Heap Roots: 0.13ms
[456.656s][info][gc,phases   ] GC(776)   Evacuate Collection Set: 4.08ms
[456.656s][info][gc,phases   ] GC(776)   Post Evacuate Collection Set: 0.79ms
[456.656s][info][gc,phases   ] GC(776)   Other: 0.08ms
[456.656s][info][gc,heap     ] GC(776) Eden regions: 496->0(494)
[456.656s][info][gc,heap     ] GC(776) Survivor regions: 2->4(63)
[456.656s][info][gc,heap     ] GC(776) Old regions: 52->52
[456.656s][info][gc,heap     ] GC(776) Humongous regions: 207->207
[456.656s][info][gc,metaspace] GC(776) Metaspace: 57562K(57856K)->57562K(57856K) NonClass: 51937K(52160K)->51937K(52160K) Class: 5625K(5696K)->5625K(5696K)
[456.656s][info][gc          ] GC(776) Pause Young (Normal) (G1 Evacuation Pause) 756M->261M(830M) 5.570ms
[456.656s][info][gc,cpu      ] GC(776) User=0.01s Sys=0.00s Real=0.01s
[457.646s][info][gc,start    ] GC(777) Pause Young (Normal) (G1 Evacuation Pause)
[457.646s][info][gc,task     ] GC(777) Using 2 workers of 2 for evacuation
[457.650s][info][gc,phases   ] GC(777)   Pre Evacuate Collection Set: 0.28ms
[457.650s][info][gc,phases   ] GC(777)   Merge Heap Roots: 0.16ms
[457.650s][info][gc,phases   ] GC(777)   Evacuate Collection Set: 3.34ms
[457.650s][info][gc,phases   ] GC(777)   Post Evacuate Collection Set: 0.79ms
[457.650s][info][gc,phases   ] GC(777)   Other: 0.08ms
[457.650s][info][gc,heap     ] GC(777) Eden regions: 494->0(496)
[457.650s][info][gc,heap     ] GC(777) Survivor regions: 4->2(63)
[457.650s][info][gc,heap     ] GC(777) Old regions: 52->52
[457.650s][info][gc,heap     ] GC(777) Humongous regions: 207->207
[457.650s][info][gc,metaspace] GC(777) Metaspace: 57562K(57856K)->57562K(57856K) NonClass: 51937K(52160K)->51937K(52160K) Class: 5625K(5696K)->5625K(5696K)
[457.650s][info][gc          ] GC(777) Pause Young (Normal) (G1 Evacuation Pause) 755M->260M(830M) 4.827ms
[457.650s][info][gc,cpu      ] GC(777) User=0.01s Sys=0.00s Real=0.00s
[458.660s][info][gc,start    ] GC(778) Pause Young (Normal) (G1 Evacuation Pause)
[458.660s][info][gc,task     ] GC(778) Using 2 workers of 2 for evacuation
[458.663s][info][gc,phases   ] GC(778)   Pre Evacuate Collection Set: 0.30ms
[458.663s][info][gc,phases   ] GC(778)   Merge Heap Roots: 0.14ms
[458.663s][info][gc,phases   ] GC(778)   Evacuate Collection Set: 1.90ms
[458.663s][info][gc,phases   ] GC(778)   Post Evacuate Collection Set: 0.78ms
[458.663s][info][gc,phases   ] GC(778)   Other: 0.09ms
[458.663s][info][gc,heap     ] GC(778) Eden regions: 496->0(497)
[458.663s][info][gc,heap     ] GC(778) Survivor regions: 2->1(63)
[458.663s][info][gc,heap     ] GC(778) Old regions: 52->52
[458.663s][info][gc,heap     ] GC(778) Humongous regions: 207->207
[458.663s][info][gc,metaspace] GC(778) Metaspace: 57562K(57856K)->57562K(57856K) NonClass: 51937K(52160K)->51937K(52160K) Class: 5625K(5696K)->5625K(5696K)
[458.663s][info][gc          ] GC(778) Pause Young (Normal) (G1 Evacuation Pause) 756M->259M(830M) 3.398ms
[458.663s][info][gc,cpu      ] GC(778) User=0.00s Sys=0.00s Real=0.01s
[459.637s][info][gc,start    ] GC(779) Pause Young (Normal) (G1 Evacuation Pause)
[459.637s][info][gc,task     ] GC(779) Using 2 workers of 2 for evacuation
[459.642s][info][gc,phases   ] GC(779)   Pre Evacuate Collection Set: 0.28ms
[459.642s][info][gc,phases   ] GC(779)   Merge Heap Roots: 0.13ms
[459.642s][info][gc,phases   ] GC(779)   Evacuate Collection Set: 2.90ms
[459.642s][info][gc,phases   ] GC(779)   Post Evacuate Collection Set: 0.80ms
[459.642s][info][gc,phases   ] GC(779)   Other: 0.08ms
[459.642s][info][gc,heap     ] GC(779) Eden regions: 497->0(496)
[459.642s][info][gc,heap     ] GC(779) Survivor regions: 1->2(63)
[459.642s][info][gc,heap     ] GC(779) Old regions: 52->52
[459.642s][info][gc,heap     ] GC(779) Humongous regions: 207->207
[459.642s][info][gc,metaspace] GC(779) Metaspace: 57562K(57856K)->57562K(57856K) NonClass: 51937K(52160K)->51937K(52160K) Class: 5625K(5696K)->5625K(5696K)
[459.642s][info][gc          ] GC(779) Pause Young (Normal) (G1 Evacuation Pause) 756M->259M(830M) 4.350ms
[459.642s][info][gc,cpu      ] GC(779) User=0.01s Sys=0.00s Real=0.00s
[460.632s][info][gc,start    ] GC(780) Pause Young (Normal) (G1 Evacuation Pause)
[460.632s][info][gc,task     ] GC(780) Using 2 workers of 2 for evacuation
[460.635s][info][gc,phases   ] GC(780)   Pre Evacuate Collection Set: 0.30ms
[460.635s][info][gc,phases   ] GC(780)   Merge Heap Roots: 0.14ms
[460.635s][info][gc,phases   ] GC(780)   Evacuate Collection Set: 1.94ms
[460.635s][info][gc,phases   ] GC(780)   Post Evacuate Collection Set: 0.77ms
[460.635s][info][gc,phases   ] GC(780)   Other: 0.08ms
[460.635s][info][gc,heap     ] GC(780) Eden regions: 496->0(497)
[460.635s][info][gc,heap     ] GC(780) Survivor regions: 2->1(63)
[460.635s][info][gc,heap     ] GC(780) Old regions: 52->52
[460.635s][info][gc,heap     ] GC(780) Humongous regions: 207->207
[460.635s][info][gc,metaspace] GC(780) Metaspace: 57562K(57856K)->57562K(57856K) NonClass: 51937K(52160K)->51937K(52160K) Class: 5625K(5696K)->5625K(5696K)
[460.635s][info][gc          ] GC(780) Pause Young (Normal) (G1 Evacuation Pause) 755M->259M(830M) 3.391ms
[460.635s][info][gc,cpu      ] GC(780) User=0.01s Sys=0.00s Real=0.01s
[461.575s][info][gc,start    ] GC(781) Pause Young (Normal) (G1 Evacuation Pause)
[461.575s][info][gc,task     ] GC(781) Using 2 workers of 2 for evacuation
[461.579s][info][gc,phases   ] GC(781)   Pre Evacuate Collection Set: 0.30ms
[461.579s][info][gc,phases   ] GC(781)   Merge Heap Roots: 0.13ms
[461.579s][info][gc,phases   ] GC(781)   Evacuate Collection Set: 2.15ms
[461.579s][info][gc,phases   ] GC(781)   Post Evacuate Collection Set: 0.78ms
[461.579s][info][gc,phases   ] GC(781)   Other: 0.10ms
[461.579s][info][gc,heap     ] GC(781) Eden regions: 497->0(497)
[461.579s][info][gc,heap     ] GC(781) Survivor regions: 1->1(63)
[461.579s][info][gc,heap     ] GC(781) Old regions: 52->52
[461.579s][info][gc,heap     ] GC(781) Humongous regions: 207->207
[461.579s][info][gc,metaspace] GC(781) Metaspace: 57562K(57856K)->57562K(57856K) NonClass: 51937K(52160K)->51937K(52160K) Class: 5625K(5696K)->5625K(5696K)
[461.579s][info][gc          ] GC(781) Pause Young (Normal) (G1 Evacuation Pause) 756M->259M(830M) 3.641ms
[461.579s][info][gc,cpu      ] GC(781) User=0.01s Sys=0.00s Real=0.00s
[462.690s][info][gc,start    ] GC(782) Pause Young (Normal) (G1 Evacuation Pause)
[462.690s][info][gc,task     ] GC(782) Using 2 workers of 2 for evacuation
[462.694s][info][gc,phases   ] GC(782)   Pre Evacuate Collection Set: 0.30ms
[462.694s][info][gc,phases   ] GC(782)   Merge Heap Roots: 0.15ms
[462.694s][info][gc,phases   ] GC(782)   Evacuate Collection Set: 2.52ms
[462.694s][info][gc,phases   ] GC(782)   Post Evacuate Collection Set: 0.79ms
[462.694s][info][gc,phases   ] GC(782)   Other: 0.12ms
[462.694s][info][gc,heap     ] GC(782) Eden regions: 497->0(497)
[462.694s][info][gc,heap     ] GC(782) Survivor regions: 1->1(63)
[462.694s][info][gc,heap     ] GC(782) Old regions: 52->52
[462.694s][info][gc,heap     ] GC(782) Humongous regions: 207->207
[462.694s][info][gc,metaspace] GC(782) Metaspace: 57562K(57856K)->57562K(57856K) NonClass: 51937K(52160K)->51937K(52160K) Class: 5625K(5696K)->5625K(5696K)
[462.694s][info][gc          ] GC(782) Pause Young (Normal) (G1 Evacuation Pause) 755M->259M(830M) 4.078ms
[462.694s][info][gc,cpu      ] GC(782) User=0.01s Sys=0.00s Real=0.01s
[463.686s][info][gc,start    ] GC(783) Pause Young (Normal) (G1 Evacuation Pause)
[463.686s][info][gc,task     ] GC(783) Using 2 workers of 2 for evacuation
[463.692s][info][gc,phases   ] GC(783)   Pre Evacuate Collection Set: 0.31ms
[463.692s][info][gc,phases   ] GC(783)   Merge Heap Roots: 0.15ms
[463.692s][info][gc,phases   ] GC(783)   Evacuate Collection Set: 3.68ms
[463.692s][info][gc,phases   ] GC(783)   Post Evacuate Collection Set: 1.86ms
[463.692s][info][gc,phases   ] GC(783)   Other: 0.08ms
[463.692s][info][gc,heap     ] GC(783) Eden regions: 497->0(497)
[463.692s][info][gc,heap     ] GC(783) Survivor regions: 1->1(63)
[463.692s][info][gc,heap     ] GC(783) Old regions: 52->52
[463.692s][info][gc,heap     ] GC(783) Humongous regions: 207->207
[463.692s][info][gc,metaspace] GC(783) Metaspace: 57562K(57856K)->57562K(57856K) NonClass: 51937K(52160K)->51937K(52160K) Class: 5625K(5696K)->5625K(5696K)
[463.692s][info][gc          ] GC(783) Pause Young (Normal) (G1 Evacuation Pause) 756M->259M(830M) 6.269ms
[463.692s][info][gc,cpu      ] GC(783) User=0.01s Sys=0.00s Real=0.01s
[464.666s][info][gc,start    ] GC(784) Pause Young (Normal) (G1 Evacuation Pause)
[464.666s][info][gc,task     ] GC(784) Using 2 workers of 2 for evacuation
[464.670s][info][gc,phases   ] GC(784)   Pre Evacuate Collection Set: 0.33ms
[464.671s][info][gc,phases   ] GC(784)   Merge Heap Roots: 0.14ms
[464.671s][info][gc,phases   ] GC(784)   Evacuate Collection Set: 3.41ms
[464.671s][info][gc,phases   ] GC(784)   Post Evacuate Collection Set: 0.82ms
[464.671s][info][gc,phases   ] GC(784)   Other: 0.08ms
[464.671s][info][gc,heap     ] GC(784) Eden regions: 497->0(496)
[464.671s][info][gc,heap     ] GC(784) Survivor regions: 1->2(63)
[464.671s][info][gc,heap     ] GC(784) Old regions: 52->52
[464.671s][info][gc,heap     ] GC(784) Humongous regions: 207->207
[464.671s][info][gc,metaspace] GC(784) Metaspace: 57562K(57856K)->57562K(57856K) NonClass: 51937K(52160K)->51937K(52160K) Class: 5625K(5696K)->5625K(5696K)
[464.671s][info][gc          ] GC(784) Pause Young (Normal) (G1 Evacuation Pause) 756M->260M(830M) 4.971ms
[464.671s][info][gc,cpu      ] GC(784) User=0.01s Sys=0.00s Real=0.00s
[465.666s][info][gc,start    ] GC(785) Pause Young (Normal) (G1 Evacuation Pause)
[465.666s][info][gc,task     ] GC(785) Using 2 workers of 2 for evacuation
[465.672s][info][gc,phases   ] GC(785)   Pre Evacuate Collection Set: 0.33ms
[465.672s][info][gc,phases   ] GC(785)   Merge Heap Roots: 0.14ms
[465.672s][info][gc,phases   ] GC(785)   Evacuate Collection Set: 4.46ms
[465.672s][info][gc,phases   ] GC(785)   Post Evacuate Collection Set: 0.80ms
[465.672s][info][gc,phases   ] GC(785)   Other: 0.10ms
[465.672s][info][gc,heap     ] GC(785) Eden regions: 496->0(495)
[465.672s][info][gc,heap     ] GC(785) Survivor regions: 2->3(63)
[465.672s][info][gc,heap     ] GC(785) Old regions: 52->52
[465.672s][info][gc,heap     ] GC(785) Humongous regions: 207->207
[465.672s][info][gc,metaspace] GC(785) Metaspace: 57562K(57856K)->57562K(57856K) NonClass: 51937K(52160K)->51937K(52160K) Class: 5625K(5696K)->5625K(5696K)
[465.672s][info][gc          ] GC(785) Pause Young (Normal) (G1 Evacuation Pause) 755M->260M(830M) 6.013ms
[465.672s][info][gc,cpu      ] GC(785) User=0.01s Sys=0.00s Real=0.01s
[466.662s][info][gc,start    ] GC(786) Pause Young (Normal) (G1 Evacuation Pause)
[466.662s][info][gc,task     ] GC(786) Using 2 workers of 2 for evacuation
[466.668s][info][gc,phases   ] GC(786)   Pre Evacuate Collection Set: 0.31ms
[466.668s][info][gc,phases   ] GC(786)   Merge Heap Roots: 0.14ms
[466.668s][info][gc,phases   ] GC(786)   Evacuate Collection Set: 4.89ms
[466.668s][info][gc,phases   ] GC(786)   Post Evacuate Collection Set: 0.78ms
[466.668s][info][gc,phases   ] GC(786)   Other: 0.08ms
[466.668s][info][gc,heap     ] GC(786) Eden regions: 495->0(494)
[466.668s][info][gc,heap     ] GC(786) Survivor regions: 3->4(63)
[466.668s][info][gc,heap     ] GC(786) Old regions: 52->52
[466.668s][info][gc,heap     ] GC(786) Humongous regions: 207->207
[466.668s][info][gc,metaspace] GC(786) Metaspace: 57562K(57856K)->57562K(57856K) NonClass: 51937K(52160K)->51937K(52160K) Class: 5625K(5696K)->5625K(5696K)
[466.668s][info][gc          ] GC(786) Pause Young (Normal) (G1 Evacuation Pause) 755M->262M(830M) 6.372ms
[466.668s][info][gc,cpu      ] GC(786) User=0.01s Sys=0.00s Real=0.01s
[467.655s][info][gc,start    ] GC(787) Pause Young (Normal) (G1 Evacuation Pause)
[467.655s][info][gc,task     ] GC(787) Using 2 workers of 2 for evacuation
[467.661s][info][gc,phases   ] GC(787)   Pre Evacuate Collection Set: 0.31ms
[467.661s][info][gc,phases   ] GC(787)   Merge Heap Roots: 0.17ms
[467.661s][info][gc,phases   ] GC(787)   Evacuate Collection Set: 4.55ms
[467.661s][info][gc,phases   ] GC(787)   Post Evacuate Collection Set: 0.80ms
[467.661s][info][gc,phases   ] GC(787)   Other: 0.11ms
[467.661s][info][gc,heap     ] GC(787) Eden regions: 494->0(495)
[467.661s][info][gc,heap     ] GC(787) Survivor regions: 4->3(63)
[467.661s][info][gc,heap     ] GC(787) Old regions: 52->52
[467.661s][info][gc,heap     ] GC(787) Humongous regions: 207->207
[467.661s][info][gc,metaspace] GC(787) Metaspace: 57562K(57856K)->57562K(57856K) NonClass: 51937K(52160K)->51937K(52160K) Class: 5625K(5696K)->5625K(5696K)
[467.661s][info][gc          ] GC(787) Pause Young (Normal) (G1 Evacuation Pause) 756M->261M(830M) 6.119ms
[467.661s][info][gc,cpu      ] GC(787) User=0.01s Sys=0.00s Real=0.00s
[468.651s][info][gc,start    ] GC(788) Pause Young (Normal) (G1 Evacuation Pause)
[468.651s][info][gc,task     ] GC(788) Using 2 workers of 2 for evacuation
[468.656s][info][gc,phases   ] GC(788)   Pre Evacuate Collection Set: 0.28ms
[468.656s][info][gc,phases   ] GC(788)   Merge Heap Roots: 0.14ms
[468.656s][info][gc,phases   ] GC(788)   Evacuate Collection Set: 4.15ms
[468.656s][info][gc,phases   ] GC(788)   Post Evacuate Collection Set: 0.78ms
[468.656s][info][gc,phases   ] GC(788)   Other: 0.10ms
[468.656s][info][gc,heap     ] GC(788) Eden regions: 495->0(495)
[468.657s][info][gc,heap     ] GC(788) Survivor regions: 3->3(63)
[468.657s][info][gc,heap     ] GC(788) Old regions: 52->52
[468.657s][info][gc,heap     ] GC(788) Humongous regions: 207->207
[468.657s][info][gc,metaspace] GC(788) Metaspace: 57562K(57856K)->57562K(57856K) NonClass: 51937K(52160K)->51937K(52160K) Class: 5625K(5696K)->5625K(5696K)
[468.657s][info][gc          ] GC(788) Pause Young (Normal) (G1 Evacuation Pause) 756M->261M(830M) 5.642ms
[468.657s][info][gc,cpu      ] GC(788) User=0.01s Sys=0.00s Real=0.01s
[469.648s][info][gc,start    ] GC(789) Pause Young (Normal) (G1 Evacuation Pause)
[469.648s][info][gc,task     ] GC(789) Using 2 workers of 2 for evacuation
[469.653s][info][gc,phases   ] GC(789)   Pre Evacuate Collection Set: 0.30ms
[469.653s][info][gc,phases   ] GC(789)   Merge Heap Roots: 0.14ms
[469.653s][info][gc,phases   ] GC(789)   Evacuate Collection Set: 3.79ms
[469.653s][info][gc,phases   ] GC(789)   Post Evacuate Collection Set: 0.78ms
[469.653s][info][gc,phases   ] GC(789)   Other: 0.08ms
[469.653s][info][gc,heap     ] GC(789) Eden regions: 495->0(495)
[469.653s][info][gc,heap     ] GC(789) Survivor regions: 3->3(63)
[469.653s][info][gc,heap     ] GC(789) Old regions: 52->52
[469.653s][info][gc,heap     ] GC(789) Humongous regions: 207->207
[469.653s][info][gc,metaspace] GC(789) Metaspace: 57562K(57856K)->57562K(57856K) NonClass: 51937K(52160K)->51937K(52160K) Class: 5625K(5696K)->5625K(5696K)
[469.653s][info][gc          ] GC(789) Pause Young (Normal) (G1 Evacuation Pause) 756M->261M(830M) 5.277ms
[469.653s][info][gc,cpu      ] GC(789) User=0.01s Sys=0.00s Real=0.01s
[470.648s][info][gc,start    ] GC(790) Pause Young (Normal) (G1 Evacuation Pause)
[470.648s][info][gc,task     ] GC(790) Using 2 workers of 2 for evacuation
[470.653s][info][gc,phases   ] GC(790)   Pre Evacuate Collection Set: 0.28ms
[470.653s][info][gc,phases   ] GC(790)   Merge Heap Roots: 0.14ms
[470.653s][info][gc,phases   ] GC(790)   Evacuate Collection Set: 3.96ms
[470.653s][info][gc,phases   ] GC(790)   Post Evacuate Collection Set: 0.78ms
[470.653s][info][gc,phases   ] GC(790)   Other: 0.09ms
[470.653s][info][gc,heap     ] GC(790) Eden regions: 495->0(495)
[470.653s][info][gc,heap     ] GC(790) Survivor regions: 3->3(63)
[470.653s][info][gc,heap     ] GC(790) Old regions: 52->52
[470.653s][info][gc,heap     ] GC(790) Humongous regions: 207->207
[470.653s][info][gc,metaspace] GC(790) Metaspace: 57562K(57856K)->57562K(57856K) NonClass: 51937K(52160K)->51937K(52160K) Class: 5625K(5696K)->5625K(5696K)
[470.653s][info][gc          ] GC(790) Pause Young (Normal) (G1 Evacuation Pause) 756M->261M(830M) 5.422ms
[470.653s][info][gc,cpu      ] GC(790) User=0.01s Sys=0.00s Real=0.01s
[471.642s][info][gc,start    ] GC(791) Pause Young (Normal) (G1 Evacuation Pause)
[471.642s][info][gc,task     ] GC(791) Using 2 workers of 2 for evacuation
[471.646s][info][gc,phases   ] GC(791)   Pre Evacuate Collection Set: 0.31ms
[471.646s][info][gc,phases   ] GC(791)   Merge Heap Roots: 0.14ms
[471.646s][info][gc,phases   ] GC(791)   Evacuate Collection Set: 3.37ms
[471.646s][info][gc,phases   ] GC(791)   Post Evacuate Collection Set: 0.79ms
[471.646s][info][gc,phases   ] GC(791)   Other: 0.10ms
[471.646s][info][gc,heap     ] GC(791) Eden regions: 495->0(495)
[471.646s][info][gc,heap     ] GC(791) Survivor regions: 3->3(63)
[471.646s][info][gc,heap     ] GC(791) Old regions: 52->52
[471.646s][info][gc,heap     ] GC(791) Humongous regions: 207->207
[471.646s][info][gc,metaspace] GC(791) Metaspace: 57562K(57856K)->57562K(57856K) NonClass: 51937K(52160K)->51937K(52160K) Class: 5625K(5696K)->5625K(5696K)
[471.646s][info][gc          ] GC(791) Pause Young (Normal) (G1 Evacuation Pause) 756M->260M(830M) 4.897ms
[471.646s][info][gc,cpu      ] GC(791) User=0.00s Sys=0.00s Real=0.01s
[472.637s][info][gc,start    ] GC(792) Pause Young (Normal) (G1 Evacuation Pause)
[472.637s][info][gc,task     ] GC(792) Using 2 workers of 2 for evacuation
[472.641s][info][gc,phases   ] GC(792)   Pre Evacuate Collection Set: 0.29ms
[472.641s][info][gc,phases   ] GC(792)   Merge Heap Roots: 0.13ms
[472.641s][info][gc,phases   ] GC(792)   Evacuate Collection Set: 2.92ms
[472.641s][info][gc,phases   ] GC(792)   Post Evacuate Collection Set: 0.77ms
[472.641s][info][gc,phases   ] GC(792)   Other: 0.11ms
[472.641s][info][gc,heap     ] GC(792) Eden regions: 495->0(496)
[472.641s][info][gc,heap     ] GC(792) Survivor regions: 3->2(63)
[472.641s][info][gc,heap     ] GC(792) Old regions: 52->52
[472.641s][info][gc,heap     ] GC(792) Humongous regions: 207->207
[472.641s][info][gc,metaspace] GC(792) Metaspace: 57562K(57856K)->57562K(57856K) NonClass: 51937K(52160K)->51937K(52160K) Class: 5625K(5696K)->5625K(5696K)
[472.641s][info][gc          ] GC(792) Pause Young (Normal) (G1 Evacuation Pause) 755M->260M(830M) 4.386ms
[472.641s][info][gc,cpu      ] GC(792) User=0.01s Sys=0.00s Real=0.00s
[473.733s][info][gc,start    ] GC(793) Pause Young (Normal) (G1 Evacuation Pause)
[473.733s][info][gc,task     ] GC(793) Using 2 workers of 2 for evacuation
[473.736s][info][gc,phases   ] GC(793)   Pre Evacuate Collection Set: 0.31ms
[473.736s][info][gc,phases   ] GC(793)   Merge Heap Roots: 0.14ms
[473.736s][info][gc,phases   ] GC(793)   Evacuate Collection Set: 2.03ms
[473.736s][info][gc,phases   ] GC(793)   Post Evacuate Collection Set: 0.78ms
[473.736s][info][gc,phases   ] GC(793)   Other: 0.10ms
[473.736s][info][gc,heap     ] GC(793) Eden regions: 496->0(497)
[473.736s][info][gc,heap     ] GC(793) Survivor regions: 2->1(63)
[473.736s][info][gc,heap     ] GC(793) Old regions: 52->52
[473.736s][info][gc,heap     ] GC(793) Humongous regions: 207->207
[473.736s][info][gc,metaspace] GC(793) Metaspace: 57562K(57856K)->57562K(57856K) NonClass: 51937K(52160K)->51937K(52160K) Class: 5625K(5696K)->5625K(5696K)
[473.736s][info][gc          ] GC(793) Pause Young (Normal) (G1 Evacuation Pause) 756M->259M(830M) 3.539ms
[473.736s][info][gc,cpu      ] GC(793) User=0.01s Sys=0.00s Real=0.00s
[474.678s][info][gc,start    ] GC(794) Pause Young (Normal) (G1 Evacuation Pause)
[474.678s][info][gc,task     ] GC(794) Using 2 workers of 2 for evacuation
[474.682s][info][gc,phases   ] GC(794)   Pre Evacuate Collection Set: 0.31ms
[474.682s][info][gc,phases   ] GC(794)   Merge Heap Roots: 0.14ms
[474.682s][info][gc,phases   ] GC(794)   Evacuate Collection Set: 2.59ms
[474.682s][info][gc,phases   ] GC(794)   Post Evacuate Collection Set: 0.78ms
[474.682s][info][gc,phases   ] GC(794)   Other: 0.10ms
[474.682s][info][gc,heap     ] GC(794) Eden regions: 497->0(497)
[474.682s][info][gc,heap     ] GC(794) Survivor regions: 1->1(63)
[474.682s][info][gc,heap     ] GC(794) Old regions: 52->52
[474.682s][info][gc,heap     ] GC(794) Humongous regions: 207->207
[474.682s][info][gc,metaspace] GC(794) Metaspace: 57562K(57856K)->57562K(57856K) NonClass: 51937K(52160K)->51937K(52160K) Class: 5625K(5696K)->5625K(5696K)
[474.682s][info][gc          ] GC(794) Pause Young (Normal) (G1 Evacuation Pause) 756M->259M(830M) 4.098ms
[474.682s][info][gc,cpu      ] GC(794) User=0.00s Sys=0.00s Real=0.00s
[475.677s][info][gc,start    ] GC(795) Pause Young (Normal) (G1 Evacuation Pause)
[475.677s][info][gc,task     ] GC(795) Using 2 workers of 2 for evacuation
[475.681s][info][gc,phases   ] GC(795)   Pre Evacuate Collection Set: 0.32ms
[475.681s][info][gc,phases   ] GC(795)   Merge Heap Roots: 0.14ms
[475.681s][info][gc,phases   ] GC(795)   Evacuate Collection Set: 2.37ms
[475.681s][info][gc,phases   ] GC(795)   Post Evacuate Collection Set: 0.81ms
[475.681s][info][gc,phases   ] GC(795)   Other: 0.09ms
[475.681s][info][gc,heap     ] GC(795) Eden regions: 497->0(497)
[475.681s][info][gc,heap     ] GC(795) Survivor regions: 1->1(63)
[475.681s][info][gc,heap     ] GC(795) Old regions: 52->52
[475.681s][info][gc,heap     ] GC(795) Humongous regions: 207->207
[475.681s][info][gc,metaspace] GC(795) Metaspace: 57562K(57856K)->57562K(57856K) NonClass: 51937K(52160K)->51937K(52160K) Class: 5625K(5696K)->5625K(5696K)
[475.681s][info][gc          ] GC(795) Pause Young (Normal) (G1 Evacuation Pause) 756M->259M(830M) 3.927ms
[475.681s][info][gc,cpu      ] GC(795) User=0.01s Sys=0.00s Real=0.00s
[476.671s][info][gc,start    ] GC(796) Pause Young (Normal) (G1 Evacuation Pause)
[476.671s][info][gc,task     ] GC(796) Using 2 workers of 2 for evacuation
[476.676s][info][gc,phases   ] GC(796)   Pre Evacuate Collection Set: 0.31ms
[476.676s][info][gc,phases   ] GC(796)   Merge Heap Roots: 0.16ms
[476.676s][info][gc,phases   ] GC(796)   Evacuate Collection Set: 3.78ms
[476.676s][info][gc,phases   ] GC(796)   Post Evacuate Collection Set: 0.80ms
[476.676s][info][gc,phases   ] GC(796)   Other: 0.10ms
[476.676s][info][gc,heap     ] GC(796) Eden regions: 497->0(495)
[476.676s][info][gc,heap     ] GC(796) Survivor regions: 1->3(63)
[476.676s][info][gc,heap     ] GC(796) Old regions: 52->52
[476.676s][info][gc,heap     ] GC(796) Humongous regions: 207->207
[476.676s][info][gc,metaspace] GC(796) Metaspace: 57562K(57856K)->57562K(57856K) NonClass: 51937K(52160K)->51937K(52160K) Class: 5625K(5696K)->5625K(5696K)
[476.676s][info][gc          ] GC(796) Pause Young (Normal) (G1 Evacuation Pause) 756M->261M(830M) 5.329ms
[476.676s][info][gc,cpu      ] GC(796) User=0.01s Sys=0.00s Real=0.01s
[477.665s][info][gc,start    ] GC(797) Pause Young (Normal) (G1 Evacuation Pause)
[477.665s][info][gc,task     ] GC(797) Using 2 workers of 2 for evacuation
[477.671s][info][gc,phases   ] GC(797)   Pre Evacuate Collection Set: 0.31ms
[477.671s][info][gc,phases   ] GC(797)   Merge Heap Roots: 0.13ms
[477.671s][info][gc,phases   ] GC(797)   Evacuate Collection Set: 4.85ms
[477.671s][info][gc,phases   ] GC(797)   Post Evacuate Collection Set: 0.81ms
[477.671s][info][gc,phases   ] GC(797)   Other: 0.08ms
[477.671s][info][gc,heap     ] GC(797) Eden regions: 495->0(494)
[477.671s][info][gc,heap     ] GC(797) Survivor regions: 3->4(63)
[477.671s][info][gc,heap     ] GC(797) Old regions: 52->52
[477.671s][info][gc,heap     ] GC(797) Humongous regions: 207->207
[477.671s][info][gc,metaspace] GC(797) Metaspace: 57562K(57856K)->57562K(57856K) NonClass: 51937K(52160K)->51937K(52160K) Class: 5625K(5696K)->5625K(5696K)
[477.671s][info][gc          ] GC(797) Pause Young (Normal) (G1 Evacuation Pause) 756M->262M(830M) 6.366ms
[477.671s][info][gc,cpu      ] GC(797) User=0.01s Sys=0.00s Real=0.00s
[478.655s][info][gc,start    ] GC(798) Pause Young (Normal) (G1 Evacuation Pause)
[478.655s][info][gc,task     ] GC(798) Using 2 workers of 2 for evacuation
[478.661s][info][gc,phases   ] GC(798)   Pre Evacuate Collection Set: 0.31ms
[478.661s][info][gc,phases   ] GC(798)   Merge Heap Roots: 0.14ms
[478.661s][info][gc,phases   ] GC(798)   Evacuate Collection Set: 4.62ms
[478.661s][info][gc,phases   ] GC(798)   Post Evacuate Collection Set: 0.80ms
[478.661s][info][gc,phases   ] GC(798)   Other: 0.08ms
[478.661s][info][gc,heap     ] GC(798) Eden regions: 494->0(495)
[478.661s][info][gc,heap     ] GC(798) Survivor regions: 4->3(63)
[478.661s][info][gc,heap     ] GC(798) Old regions: 52->52
[478.661s][info][gc,heap     ] GC(798) Humongous regions: 207->207
[478.661s][info][gc,metaspace] GC(798) Metaspace: 57562K(57856K)->57562K(57856K) NonClass: 51937K(52160K)->51937K(52160K) Class: 5625K(5696K)->5625K(5696K)
[478.661s][info][gc          ] GC(798) Pause Young (Normal) (G1 Evacuation Pause) 756M->261M(830M) 6.110ms
[478.661s][info][gc,cpu      ] GC(798) User=0.01s Sys=0.00s Real=0.00s
[479.652s][info][gc,start    ] GC(799) Pause Young (Normal) (G1 Evacuation Pause)
[479.652s][info][gc,task     ] GC(799) Using 2 workers of 2 for evacuation
[479.658s][info][gc,phases   ] GC(799)   Pre Evacuate Collection Set: 0.28ms
[479.658s][info][gc,phases   ] GC(799)   Merge Heap Roots: 0.14ms
[479.658s][info][gc,phases   ] GC(799)   Evacuate Collection Set: 4.22ms
[479.658s][info][gc,phases   ] GC(799)   Post Evacuate Collection Set: 0.79ms
[479.658s][info][gc,phases   ] GC(799)   Other: 0.08ms
[479.658s][info][gc,heap     ] GC(799) Eden regions: 495->0(495)
[479.658s][info][gc,heap     ] GC(799) Survivor regions: 3->3(63)
[479.658s][info][gc,heap     ] GC(799) Old regions: 52->52
[479.658s][info][gc,heap     ] GC(799) Humongous regions: 207->207
[479.658s][info][gc,metaspace] GC(799) Metaspace: 57562K(57856K)->57562K(57856K) NonClass: 51937K(52160K)->51937K(52160K) Class: 5625K(5696K)->5625K(5696K)
[479.658s][info][gc          ] GC(799) Pause Young (Normal) (G1 Evacuation Pause) 756M->261M(830M) 5.708ms
[479.658s][info][gc,cpu      ] GC(799) User=0.01s Sys=0.00s Real=0.01s
[480.645s][info][gc,start    ] GC(800) Pause Young (Normal) (G1 Evacuation Pause)
[480.645s][info][gc,task     ] GC(800) Using 2 workers of 2 for evacuation
[480.649s][info][gc,phases   ] GC(800)   Pre Evacuate Collection Set: 0.29ms
[480.649s][info][gc,phases   ] GC(800)   Merge Heap Roots: 0.13ms
[480.649s][info][gc,phases   ] GC(800)   Evacuate Collection Set: 3.33ms
[480.649s][info][gc,phases   ] GC(800)   Post Evacuate Collection Set: 0.80ms
[480.650s][info][gc,phases   ] GC(800)   Other: 0.10ms
[480.650s][info][gc,heap     ] GC(800) Eden regions: 495->0(496)
[480.650s][info][gc,heap     ] GC(800) Survivor regions: 3->2(63)
[480.650s][info][gc,heap     ] GC(800) Old regions: 52->52
[480.650s][info][gc,heap     ] GC(800) Humongous regions: 207->207
[480.650s][info][gc,metaspace] GC(800) Metaspace: 57562K(57856K)->57562K(57856K) NonClass: 51937K(52160K)->51937K(52160K) Class: 5625K(5696K)->5625K(5696K)
[480.650s][info][gc          ] GC(800) Pause Young (Normal) (G1 Evacuation Pause) 756M->260M(830M) 4.819ms
[480.650s][info][gc,cpu      ] GC(800) User=0.01s Sys=0.00s Real=0.00s
[481.643s][info][gc,start    ] GC(801) Pause Young (Normal) (G1 Evacuation Pause)
[481.643s][info][gc,task     ] GC(801) Using 2 workers of 2 for evacuation
[481.648s][info][gc,phases   ] GC(801)   Pre Evacuate Collection Set: 0.29ms
[481.648s][info][gc,phases   ] GC(801)   Merge Heap Roots: 0.13ms
[481.648s][info][gc,phases   ] GC(801)   Evacuate Collection Set: 3.65ms
[481.648s][info][gc,phases   ] GC(801)   Post Evacuate Collection Set: 0.81ms
[481.648s][info][gc,phases   ] GC(801)   Other: 0.09ms
[481.648s][info][gc,heap     ] GC(801) Eden regions: 496->0(495)
[481.648s][info][gc,heap     ] GC(801) Survivor regions: 2->3(63)
[481.648s][info][gc,heap     ] GC(801) Old regions: 52->52
[481.648s][info][gc,heap     ] GC(801) Humongous regions: 207->207
[481.648s][info][gc,metaspace] GC(801) Metaspace: 57562K(57856K)->57562K(57856K) NonClass: 51937K(52160K)->51937K(52160K) Class: 5625K(5696K)->5625K(5696K)
[481.648s][info][gc          ] GC(801) Pause Young (Normal) (G1 Evacuation Pause) 756M->261M(830M) 5.163ms
[481.648s][info][gc,cpu      ] GC(801) User=0.01s Sys=0.00s Real=0.00s
[482.646s][info][gc,start    ] GC(802) Pause Young (Normal) (G1 Evacuation Pause)
[482.646s][info][gc,task     ] GC(802) Using 2 workers of 2 for evacuation
[482.650s][info][gc,phases   ] GC(802)   Pre Evacuate Collection Set: 0.31ms
[482.650s][info][gc,phases   ] GC(802)   Merge Heap Roots: 0.15ms
[482.650s][info][gc,phases   ] GC(802)   Evacuate Collection Set: 2.66ms
[482.650s][info][gc,phases   ] GC(802)   Post Evacuate Collection Set: 0.82ms
[482.650s][info][gc,phases   ] GC(802)   Other: 0.09ms
[482.650s][info][gc,heap     ] GC(802) Eden regions: 495->0(496)
[482.650s][info][gc,heap     ] GC(802) Survivor regions: 3->2(63)
[482.650s][info][gc,heap     ] GC(802) Old regions: 52->52
[482.650s][info][gc,heap     ] GC(802) Humongous regions: 207->207
[482.650s][info][gc,metaspace] GC(802) Metaspace: 57562K(57856K)->57562K(57856K) NonClass: 51937K(52160K)->51937K(52160K) Class: 5625K(5696K)->5625K(5696K)
[482.650s][info][gc          ] GC(802) Pause Young (Normal) (G1 Evacuation Pause) 756M->259M(830M) 4.188ms
[482.650s][info][gc,cpu      ] GC(802) User=0.01s Sys=0.00s Real=0.00s
[483.639s][info][gc,start    ] GC(803) Pause Young (Normal) (G1 Evacuation Pause)
[483.639s][info][gc,task     ] GC(803) Using 2 workers of 2 for evacuation
[483.643s][info][gc,phases   ] GC(803)   Pre Evacuate Collection Set: 0.29ms
[483.643s][info][gc,phases   ] GC(803)   Merge Heap Roots: 0.15ms
[483.643s][info][gc,phases   ] GC(803)   Evacuate Collection Set: 2.82ms
[483.643s][info][gc,phases   ] GC(803)   Post Evacuate Collection Set: 0.78ms
[483.643s][info][gc,phases   ] GC(803)   Other: 0.08ms
[483.643s][info][gc,heap     ] GC(803) Eden regions: 496->0(496)
[483.643s][info][gc,heap     ] GC(803) Survivor regions: 2->2(63)
[483.643s][info][gc,heap     ] GC(803) Old regions: 52->52
[483.643s][info][gc,heap     ] GC(803) Humongous regions: 207->207
[483.643s][info][gc,metaspace] GC(803) Metaspace: 57562K(57856K)->57562K(57856K) NonClass: 51937K(52160K)->51937K(52160K) Class: 5625K(5696K)->5625K(5696K)
[483.643s][info][gc          ] GC(803) Pause Young (Normal) (G1 Evacuation Pause) 755M->260M(830M) 4.282ms
[483.643s][info][gc,cpu      ] GC(803) User=0.01s Sys=0.00s Real=0.01s
[484.185s][info][gc,start    ] GC(804) Pause Young (Concurrent Start) (G1 Humongous Allocation)
[484.185s][info][gc,task     ] GC(804) Using 2 workers of 2 for evacuation
[484.188s][info][gc,phases   ] GC(804)   Pre Evacuate Collection Set: 0.34ms
[484.188s][info][gc,phases   ] GC(804)   Merge Heap Roots: 0.10ms
[484.188s][info][gc,phases   ] GC(804)   Evacuate Collection Set: 2.01ms
[484.188s][info][gc,phases   ] GC(804)   Post Evacuate Collection Set: 0.58ms
[484.188s][info][gc,phases   ] GC(804)   Other: 0.10ms
[484.188s][info][gc,heap     ] GC(804) Eden regions: 242->0(497)
[484.188s][info][gc,heap     ] GC(804) Survivor regions: 2->1(63)
[484.188s][info][gc,heap     ] GC(804) Old regions: 52->52
[484.188s][info][gc,heap     ] GC(804) Humongous regions: 207->207
[484.188s][info][gc,metaspace] GC(804) Metaspace: 57565K(57856K)->57565K(57856K) NonClass: 51940K(52160K)->51940K(52160K) Class: 5625K(5696K)->5625K(5696K)
[484.188s][info][gc          ] GC(804) Pause Young (Concurrent Start) (G1 Humongous Allocation) 501M->259M(830M) 3.372ms
[484.188s][info][gc          ] GC(805) Concurrent Undo Cycle
[484.188s][info][gc,marking  ] GC(805) Concurrent Clear Claimed Marks
[484.188s][info][gc,marking  ] GC(805) Concurrent Clear Claimed Marks 0.073ms
[484.188s][info][gc,marking  ] GC(805) Concurrent Cleanup for Next Mark
[484.188s][info][gc,cpu      ] GC(804) User=0.01s Sys=0.00s Real=0.00s
[484.188s][info][gc,marking  ] GC(805) Concurrent Cleanup for Next Mark 0.251ms
[484.188s][info][gc          ] GC(805) Concurrent Undo Cycle 0.362ms
[484.324s][info][gc,start    ] GC(806) Pause Young (Concurrent Start) (G1 Humongous Allocation)
[484.324s][info][gc,task     ] GC(806) Using 2 workers of 2 for evacuation
[484.327s][info][gc,phases   ] GC(806)   Pre Evacuate Collection Set: 0.33ms
[484.327s][info][gc,phases   ] GC(806)   Merge Heap Roots: 0.06ms
[484.327s][info][gc,phases   ] GC(806)   Evacuate Collection Set: 1.81ms
[484.327s][info][gc,phases   ] GC(806)   Post Evacuate Collection Set: 0.39ms
[484.327s][info][gc,phases   ] GC(806)   Other: 0.08ms
[484.327s][info][gc,heap     ] GC(806) Eden regions: 2->0(488)
[484.327s][info][gc,heap     ] GC(806) Survivor regions: 1->1(63)
[484.327s][info][gc,heap     ] GC(806) Old regions: 52->52
[484.327s][info][gc,heap     ] GC(806) Humongous regions: 246->246
[484.327s][info][gc,metaspace] GC(806) Metaspace: 57565K(57856K)->57565K(57856K) NonClass: 51940K(52160K)->51940K(52160K) Class: 5625K(5696K)->5625K(5696K)
[484.327s][info][gc          ] GC(806) Pause Young (Concurrent Start) (G1 Humongous Allocation) 299M->298M(830M) 2.846ms
[484.327s][info][gc,cpu      ] GC(806) User=0.00s Sys=0.00s Real=0.00s
[484.327s][info][gc          ] GC(807) Concurrent Mark Cycle
[484.328s][info][gc,marking  ] GC(807) Concurrent Scan Root Regions
[484.329s][info][gc,marking  ] GC(807) Concurrent Scan Root Regions 1.469ms
[484.329s][info][gc,marking  ] GC(807) Concurrent Mark
[484.329s][info][gc,marking  ] GC(807) Concurrent Mark From Roots
[484.329s][info][gc,task     ] GC(807) Using 1 workers of 1 for marking
[484.373s][info][gc,marking  ] GC(807) Concurrent Mark From Roots 43.274ms
[484.373s][info][gc,marking  ] GC(807) Concurrent Preclean
[484.373s][info][gc,marking  ] GC(807) Concurrent Preclean 0.063ms
[484.373s][info][gc,start    ] GC(807) Pause Remark
[484.383s][info][gc          ] GC(807) Pause Remark 337M->337M(830M) 10.288ms
[484.383s][info][gc,cpu      ] GC(807) User=0.02s Sys=0.00s Real=0.01s
[484.384s][info][gc,marking  ] GC(807) Concurrent Mark 54.150ms
[484.384s][info][gc,marking  ] GC(807) Concurrent Rebuild Remembered Sets and Scrub Regions
[484.399s][info][gc,marking  ] GC(807) Concurrent Rebuild Remembered Sets and Scrub Regions 15.576ms
[484.399s][info][gc,start    ] GC(807) Pause Cleanup
[484.399s][info][gc          ] GC(807) Pause Cleanup 337M->337M(830M) 0.061ms
[484.399s][info][gc,cpu      ] GC(807) User=0.00s Sys=0.00s Real=0.00s
[484.399s][info][gc,marking  ] GC(807) Concurrent Clear Claimed Marks
[484.400s][info][gc,marking  ] GC(807) Concurrent Clear Claimed Marks 0.073ms
[484.400s][info][gc,marking  ] GC(807) Concurrent Cleanup for Next Mark
[484.402s][info][gc,marking  ] GC(807) Concurrent Cleanup for Next Mark 2.589ms
[484.402s][info][gc          ] GC(807) Concurrent Mark Cycle 75.310ms
[487.535s][info][gc,start    ] GC(808) Pause Young (Prepare Mixed) (G1 Evacuation Pause)
[487.535s][info][gc,task     ] GC(808) Using 2 workers of 2 for evacuation
[487.555s][info][gc,phases   ] GC(808)   Pre Evacuate Collection Set: 0.30ms
[487.555s][info][gc,phases   ] GC(808)   Merge Heap Roots: 0.15ms
[487.555s][info][gc,phases   ] GC(808)   Evacuate Collection Set: 18.43ms
[487.555s][info][gc,phases   ] GC(808)   Post Evacuate Collection Set: 0.92ms
[487.555s][info][gc,phases   ] GC(808)   Other: 0.08ms
[487.555s][info][gc,heap     ] GC(808) Eden regions: 414->0(488)
[487.555s][info][gc,heap     ] GC(808) Survivor regions: 1->24(62)
[487.555s][info][gc,heap     ] GC(808) Old regions: 52->52
[487.555s][info][gc,heap     ] GC(808) Humongous regions: 363->207
[487.555s][info][gc,metaspace] GC(808) Metaspace: 57714K(58048K)->57714K(58048K) NonClass: 52089K(52352K)->52089K(52352K) Class: 5625K(5696K)->5625K(5696K)
[487.555s][info][gc          ] GC(808) Pause Young (Prepare Mixed) (G1 Evacuation Pause) 829M->282M(854M) 20.099ms
[487.555s][info][gc,cpu      ] GC(808) User=0.02s Sys=0.02s Real=0.02s
[488.471s][info][gc,start    ] GC(809) Pause Young (Mixed) (G1 Evacuation Pause)
[488.471s][info][gc,task     ] GC(809) Using 2 workers of 2 for evacuation
[488.482s][info][gc,phases   ] GC(809)   Pre Evacuate Collection Set: 0.32ms
[488.482s][info][gc,phases   ] GC(809)   Merge Heap Roots: 0.14ms
[488.482s][info][gc,phases   ] GC(809)   Evacuate Collection Set: 9.21ms
[488.482s][info][gc,phases   ] GC(809)   Post Evacuate Collection Set: 0.89ms
[488.482s][info][gc,phases   ] GC(809)   Other: 0.08ms
[488.482s][info][gc,heap     ] GC(809) Eden regions: 488->0(487)
[488.482s][info][gc,heap     ] GC(809) Survivor regions: 24->25(64)
[488.482s][info][gc,heap     ] GC(809) Old regions: 52->50
[488.482s][info][gc,heap     ] GC(809) Humongous regions: 207->207
[488.482s][info][gc,metaspace] GC(809) Metaspace: 57714K(58048K)->57714K(58048K) NonClass: 52089K(52352K)->52089K(52352K) Class: 5625K(5696K)->5625K(5696K)
[488.482s][info][gc          ] GC(809) Pause Young (Mixed) (G1 Evacuation Pause) 770M->281M(854M) 10.840ms
[488.482s][info][gc,cpu      ] GC(809) User=0.01s Sys=0.01s Real=0.02s
[489.454s][info][gc,start    ] GC(810) Pause Young (Concurrent Start) (G1 Evacuation Pause)
[489.454s][info][gc,task     ] GC(810) Using 2 workers of 2 for evacuation
[489.466s][info][gc,phases   ] GC(810)   Pre Evacuate Collection Set: 0.31ms
[489.466s][info][gc,phases   ] GC(810)   Merge Heap Roots: 0.16ms
[489.466s][info][gc,phases   ] GC(810)   Evacuate Collection Set: 9.82ms
[489.466s][info][gc,phases   ] GC(810)   Post Evacuate Collection Set: 0.89ms
[489.466s][info][gc,phases   ] GC(810)   Other: 0.13ms
[489.466s][info][gc,heap     ] GC(810) Eden regions: 487->0(487)
[489.466s][info][gc,heap     ] GC(810) Survivor regions: 25->25(64)
[489.466s][info][gc,heap     ] GC(810) Old regions: 50->50
[489.466s][info][gc,heap     ] GC(810) Humongous regions: 207->207
[489.466s][info][gc,metaspace] GC(810) Metaspace: 57715K(58048K)->57715K(58048K) NonClass: 52090K(52352K)->52090K(52352K) Class: 5625K(5696K)->5625K(5696K)
[489.466s][info][gc          ] GC(810) Pause Young (Concurrent Start) (G1 Evacuation Pause) 768M->281M(854M) 11.484ms
[489.466s][info][gc,cpu      ] GC(810) User=0.02s Sys=0.00s Real=0.01s
[489.466s][info][gc          ] GC(811) Concurrent Mark Cycle
[489.466s][info][gc,marking  ] GC(811) Concurrent Scan Root Regions
[489.472s][info][gc,marking  ] GC(811) Concurrent Scan Root Regions 5.676ms
[489.472s][info][gc,marking  ] GC(811) Concurrent Mark
[489.472s][info][gc,marking  ] GC(811) Concurrent Mark From Roots
[489.472s][info][gc,task     ] GC(811) Using 1 workers of 1 for marking
[489.519s][info][gc,marking  ] GC(811) Concurrent Mark From Roots 46.961ms
[489.519s][info][gc,marking  ] GC(811) Concurrent Preclean
[489.519s][info][gc,marking  ] GC(811) Concurrent Preclean 0.055ms
[489.519s][info][gc,start    ] GC(811) Pause Remark
[489.529s][info][gc          ] GC(811) Pause Remark 306M->306M(854M) 10.512ms
[489.529s][info][gc,cpu      ] GC(811) User=0.02s Sys=0.00s Real=0.01s
[489.530s][info][gc,marking  ] GC(811) Concurrent Mark 58.037ms
[489.530s][info][gc,marking  ] GC(811) Concurrent Rebuild Remembered Sets and Scrub Regions
[489.562s][info][gc,marking  ] GC(811) Concurrent Rebuild Remembered Sets and Scrub Regions 31.971ms
[489.562s][info][gc,start    ] GC(811) Pause Cleanup
[489.562s][info][gc          ] GC(811) Pause Cleanup 341M->341M(854M) 0.076ms
[489.562s][info][gc,cpu      ] GC(811) User=0.00s Sys=0.00s Real=0.00s
[489.563s][info][gc,marking  ] GC(811) Concurrent Clear Claimed Marks
[489.563s][info][gc,marking  ] GC(811) Concurrent Clear Claimed Marks 0.104ms
[489.563s][info][gc,marking  ] GC(811) Concurrent Cleanup for Next Mark
[489.568s][info][gc,marking  ] GC(811) Concurrent Cleanup for Next Mark 4.617ms
[489.568s][info][gc          ] GC(811) Concurrent Mark Cycle 102.159ms
[490.482s][info][gc,start    ] GC(812) Pause Young (Prepare Mixed) (G1 Evacuation Pause)
[490.483s][info][gc,task     ] GC(812) Using 2 workers of 2 for evacuation
[490.492s][info][gc,phases   ] GC(812)   Pre Evacuate Collection Set: 0.32ms
[490.492s][info][gc,phases   ] GC(812)   Merge Heap Roots: 0.18ms
[490.492s][info][gc,phases   ] GC(812)   Evacuate Collection Set: 7.71ms
[490.492s][info][gc,phases   ] GC(812)   Post Evacuate Collection Set: 0.88ms
[490.492s][info][gc,phases   ] GC(812)   Other: 0.09ms
[490.492s][info][gc,heap     ] GC(812) Eden regions: 487->0(488)
[490.492s][info][gc,heap     ] GC(812) Survivor regions: 25->24(64)
[490.492s][info][gc,heap     ] GC(812) Old regions: 50->50
[490.492s][info][gc,heap     ] GC(812) Humongous regions: 207->207
[490.492s][info][gc,metaspace] GC(812) Metaspace: 57715K(58048K)->57715K(58048K) NonClass: 52090K(52352K)->52090K(52352K) Class: 5625K(5696K)->5625K(5696K)
[490.492s][info][gc          ] GC(812) Pause Young (Prepare Mixed) (G1 Evacuation Pause) 768M->280M(854M) 9.369ms
[490.492s][info][gc,cpu      ] GC(812) User=0.02s Sys=0.00s Real=0.00s
[491.433s][info][gc,start    ] GC(813) Pause Young (Mixed) (G1 Evacuation Pause)
[491.433s][info][gc,task     ] GC(813) Using 2 workers of 2 for evacuation
[491.442s][info][gc,phases   ] GC(813)   Pre Evacuate Collection Set: 0.28ms
[491.442s][info][gc,phases   ] GC(813)   Merge Heap Roots: 0.14ms
[491.442s][info][gc,phases   ] GC(813)   Evacuate Collection Set: 7.60ms
[491.442s][info][gc,phases   ] GC(813)   Post Evacuate Collection Set: 0.87ms
[491.442s][info][gc,phases   ] GC(813)   Other: 0.10ms
[491.442s][info][gc,heap     ] GC(813) Eden regions: 488->0(488)
[491.442s][info][gc,heap     ] GC(813) Survivor regions: 24->24(64)
[491.442s][info][gc,heap     ] GC(813) Old regions: 50->49
[491.442s][info][gc,heap     ] GC(813) Humongous regions: 207->207
[491.442s][info][gc,metaspace] GC(813) Metaspace: 57715K(58048K)->57715K(58048K) NonClass: 52090K(52352K)->52090K(52352K) Class: 5625K(5696K)->5625K(5696K)
[491.442s][info][gc          ] GC(813) Pause Young (Mixed) (G1 Evacuation Pause) 768M->279M(854M) 9.183ms
[491.443s][info][gc,cpu      ] GC(813) User=0.02s Sys=0.00s Real=0.01s
[492.374s][info][gc,start    ] GC(814) Pause Young (Concurrent Start) (G1 Evacuation Pause)
[492.374s][info][gc,task     ] GC(814) Using 2 workers of 2 for evacuation
[492.385s][info][gc,phases   ] GC(814)   Pre Evacuate Collection Set: 0.30ms
[492.385s][info][gc,phases   ] GC(814)   Merge Heap Roots: 0.16ms
[492.385s][info][gc,phases   ] GC(814)   Evacuate Collection Set: 9.10ms
[492.385s][info][gc,phases   ] GC(814)   Post Evacuate Collection Set: 0.87ms
[492.385s][info][gc,phases   ] GC(814)   Other: 0.15ms
[492.385s][info][gc,heap     ] GC(814) Eden regions: 488->0(487)
[492.385s][info][gc,heap     ] GC(814) Survivor regions: 24->25(64)
[492.385s][info][gc,heap     ] GC(814) Old regions: 49->49
[492.385s][info][gc,heap     ] GC(814) Humongous regions: 207->207
[492.385s][info][gc,metaspace] GC(814) Metaspace: 57715K(58048K)->57715K(58048K) NonClass: 52090K(52352K)->52090K(52352K) Class: 5625K(5696K)->5625K(5696K)
[492.385s][info][gc          ] GC(814) Pause Young (Concurrent Start) (G1 Evacuation Pause) 767M->280M(854M) 10.773ms
[492.385s][info][gc,cpu      ] GC(814) User=0.02s Sys=0.00s Real=0.01s
[492.385s][info][gc          ] GC(815) Concurrent Mark Cycle
[492.386s][info][gc,marking  ] GC(815) Concurrent Scan Root Regions
[492.391s][info][gc,marking  ] GC(815) Concurrent Scan Root Regions 4.532ms
[492.391s][info][gc,marking  ] GC(815) Concurrent Mark
[492.391s][info][gc,marking  ] GC(815) Concurrent Mark From Roots
[492.391s][info][gc,task     ] GC(815) Using 1 workers of 1 for marking
[492.436s][info][gc,marking  ] GC(815) Concurrent Mark From Roots 44.799ms
[492.436s][info][gc,marking  ] GC(815) Concurrent Preclean
[492.436s][info][gc,marking  ] GC(815) Concurrent Preclean 0.054ms
[492.436s][info][gc,start    ] GC(815) Pause Remark
[492.449s][info][gc          ] GC(815) Pause Remark 294M->294M(854M) 13.440ms
[492.449s][info][gc,cpu      ] GC(815) User=0.03s Sys=0.00s Real=0.01s
[492.452s][info][gc,marking  ] GC(815) Concurrent Mark 60.667ms
[492.452s][info][gc,marking  ] GC(815) Concurrent Rebuild Remembered Sets and Scrub Regions
[492.479s][info][gc,marking  ] GC(815) Concurrent Rebuild Remembered Sets and Scrub Regions 27.064ms
[492.479s][info][gc,start    ] GC(815) Pause Cleanup
[492.479s][info][gc          ] GC(815) Pause Cleanup 324M->324M(854M) 0.101ms
[492.479s][info][gc,cpu      ] GC(815) User=0.00s Sys=0.00s Real=0.00s
[492.479s][info][gc,marking  ] GC(815) Concurrent Clear Claimed Marks
[492.479s][info][gc,marking  ] GC(815) Concurrent Clear Claimed Marks 0.086ms
[492.479s][info][gc,marking  ] GC(815) Concurrent Cleanup for Next Mark
[492.485s][info][gc,marking  ] GC(815) Concurrent Cleanup for Next Mark 5.519ms
[492.485s][info][gc          ] GC(815) Concurrent Mark Cycle 99.536ms
[493.358s][info][gc,start    ] GC(816) Pause Young (Prepare Mixed) (G1 Evacuation Pause)
[493.358s][info][gc,task     ] GC(816) Using 2 workers of 2 for evacuation
[493.369s][info][gc,phases   ] GC(816)   Pre Evacuate Collection Set: 0.30ms
[493.369s][info][gc,phases   ] GC(816)   Merge Heap Roots: 0.16ms
[493.369s][info][gc,phases   ] GC(816)   Evacuate Collection Set: 9.02ms
[493.369s][info][gc,phases   ] GC(816)   Post Evacuate Collection Set: 0.89ms
[493.369s][info][gc,phases   ] GC(816)   Other: 0.10ms
[493.369s][info][gc,heap     ] GC(816) Eden regions: 487->0(487)
[493.369s][info][gc,heap     ] GC(816) Survivor regions: 25->25(64)
[493.369s][info][gc,heap     ] GC(816) Old regions: 49->49
[493.369s][info][gc,heap     ] GC(816) Humongous regions: 207->207
[493.369s][info][gc,metaspace] GC(816) Metaspace: 57715K(58048K)->57715K(58048K) NonClass: 52090K(52352K)->52090K(52352K) Class: 5625K(5696K)->5625K(5696K)
[493.369s][info][gc          ] GC(816) Pause Young (Prepare Mixed) (G1 Evacuation Pause) 767M->280M(854M) 10.652ms
[493.369s][info][gc,cpu      ] GC(816) User=0.02s Sys=0.01s Real=0.01s
[494.345s][info][gc,start    ] GC(817) Pause Young (Mixed) (G1 Evacuation Pause)
[494.345s][info][gc,task     ] GC(817) Using 2 workers of 2 for evacuation
[494.356s][info][gc,phases   ] GC(817)   Pre Evacuate Collection Set: 0.32ms
[494.356s][info][gc,phases   ] GC(817)   Merge Heap Roots: 0.17ms
[494.356s][info][gc,phases   ] GC(817)   Evacuate Collection Set: 10.09ms
[494.356s][info][gc,phases   ] GC(817)   Post Evacuate Collection Set: 0.94ms
[494.356s][info][gc,phases   ] GC(817)   Other: 0.09ms
[494.356s][info][gc,heap     ] GC(817) Eden regions: 487->0(487)
[494.356s][info][gc,heap     ] GC(817) Survivor regions: 25->25(64)
[494.356s][info][gc,heap     ] GC(817) Old regions: 49->47
[494.356s][info][gc,heap     ] GC(817) Humongous regions: 207->207
[494.356s][info][gc,metaspace] GC(817) Metaspace: 57715K(58048K)->57715K(58048K) NonClass: 52090K(52352K)->52090K(52352K) Class: 5625K(5696K)->5625K(5696K)
[494.356s][info][gc          ] GC(817) Pause Young (Mixed) (G1 Evacuation Pause) 767M->278M(854M) 11.786ms
[494.356s][info][gc,cpu      ] GC(817) User=0.02s Sys=0.00s Real=0.01s
[495.339s][info][gc,start    ] GC(818) Pause Young (Concurrent Start) (G1 Evacuation Pause)
[495.339s][info][gc,task     ] GC(818) Using 2 workers of 2 for evacuation
[495.349s][info][gc,phases   ] GC(818)   Pre Evacuate Collection Set: 0.30ms
[495.349s][info][gc,phases   ] GC(818)   Merge Heap Roots: 0.14ms
[495.349s][info][gc,phases   ] GC(818)   Evacuate Collection Set: 8.50ms
[495.349s][info][gc,phases   ] GC(818)   Post Evacuate Collection Set: 0.93ms
[495.349s][info][gc,phases   ] GC(818)   Other: 0.12ms
[495.349s][info][gc,heap     ] GC(818) Eden regions: 487->0(488)
[495.349s][info][gc,heap     ] GC(818) Survivor regions: 25->24(64)
[495.349s][info][gc,heap     ] GC(818) Old regions: 47->47
[495.349s][info][gc,heap     ] GC(818) Humongous regions: 207->207
[495.349s][info][gc,metaspace] GC(818) Metaspace: 57715K(58048K)->57715K(58048K) NonClass: 52090K(52352K)->52090K(52352K) Class: 5625K(5696K)->5625K(5696K)
[495.349s][info][gc          ] GC(818) Pause Young (Concurrent Start) (G1 Evacuation Pause) 765M->277M(854M) 10.171ms
[495.349s][info][gc,cpu      ] GC(818) User=0.02s Sys=0.00s Real=0.01s
[495.349s][info][gc          ] GC(819) Concurrent Mark Cycle
[495.351s][info][gc,marking  ] GC(819) Concurrent Scan Root Regions
[495.360s][info][gc,marking  ] GC(819) Concurrent Scan Root Regions 8.352ms
[495.360s][info][gc,marking  ] GC(819) Concurrent Mark
[495.360s][info][gc,marking  ] GC(819) Concurrent Mark From Roots
[495.360s][info][gc,task     ] GC(819) Using 1 workers of 1 for marking
[495.410s][info][gc,marking  ] GC(819) Concurrent Mark From Roots 50.350ms
[495.410s][info][gc,marking  ] GC(819) Concurrent Preclean
[495.410s][info][gc,marking  ] GC(819) Concurrent Preclean 0.058ms
[495.410s][info][gc,start    ] GC(819) Pause Remark
[495.419s][info][gc          ] GC(819) Pause Remark 317M->317M(854M) 8.894ms
[495.419s][info][gc,cpu      ] GC(819) User=0.02s Sys=0.00s Real=0.01s
[495.419s][info][gc,marking  ] GC(819) Concurrent Mark 59.629ms
[495.419s][info][gc,marking  ] GC(819) Concurrent Rebuild Remembered Sets and Scrub Regions
[495.435s][info][gc,marking  ] GC(819) Concurrent Rebuild Remembered Sets and Scrub Regions 15.889ms
[495.436s][info][gc,start    ] GC(819) Pause Cleanup
[495.436s][info][gc          ] GC(819) Pause Cleanup 323M->323M(854M) 0.071ms
[495.436s][info][gc,cpu      ] GC(819) User=0.00s Sys=0.00s Real=0.00s
[495.436s][info][gc,marking  ] GC(819) Concurrent Clear Claimed Marks
[495.436s][info][gc,marking  ] GC(819) Concurrent Clear Claimed Marks 0.096ms
[495.436s][info][gc,marking  ] GC(819) Concurrent Cleanup for Next Mark
[495.440s][info][gc,marking  ] GC(819) Concurrent Cleanup for Next Mark 3.586ms
[495.440s][info][gc          ] GC(819) Concurrent Mark Cycle 90.909ms
[496.333s][info][gc,start    ] GC(820) Pause Young (Prepare Mixed) (G1 Evacuation Pause)
[496.333s][info][gc,task     ] GC(820) Using 2 workers of 2 for evacuation
[496.341s][info][gc,phases   ] GC(820)   Pre Evacuate Collection Set: 0.31ms
[496.341s][info][gc,phases   ] GC(820)   Merge Heap Roots: 0.17ms
[496.341s][info][gc,phases   ] GC(820)   Evacuate Collection Set: 6.98ms
[496.341s][info][gc,phases   ] GC(820)   Post Evacuate Collection Set: 0.86ms
[496.341s][info][gc,phases   ] GC(820)   Other: 0.12ms
[496.341s][info][gc,heap     ] GC(820) Eden regions: 488->0(488)
[496.341s][info][gc,heap     ] GC(820) Survivor regions: 24->24(64)
[496.341s][info][gc,heap     ] GC(820) Old regions: 47->47
[496.341s][info][gc,heap     ] GC(820) Humongous regions: 207->207
[496.341s][info][gc,metaspace] GC(820) Metaspace: 57715K(58048K)->57715K(58048K) NonClass: 52090K(52352K)->52090K(52352K) Class: 5625K(5696K)->5625K(5696K)
[496.341s][info][gc          ] GC(820) Pause Young (Prepare Mixed) (G1 Evacuation Pause) 765M->277M(854M) 8.615ms
[496.342s][info][gc,cpu      ] GC(820) User=0.02s Sys=0.00s Real=0.00s
[497.268s][info][gc,start    ] GC(821) Pause Young (Mixed) (G1 Evacuation Pause)
[497.268s][info][gc,task     ] GC(821) Using 2 workers of 2 for evacuation
[497.281s][info][gc,phases   ] GC(821)   Pre Evacuate Collection Set: 0.32ms
[497.281s][info][gc,phases   ] GC(821)   Merge Heap Roots: 0.16ms
[497.281s][info][gc,phases   ] GC(821)   Evacuate Collection Set: 11.30ms
[497.281s][info][gc,phases   ] GC(821)   Post Evacuate Collection Set: 0.95ms
[497.281s][info][gc,phases   ] GC(821)   Other: 0.10ms
[497.281s][info][gc,heap     ] GC(821) Eden regions: 488->0(487)
[497.281s][info][gc,heap     ] GC(821) Survivor regions: 24->25(64)
[497.281s][info][gc,heap     ] GC(821) Old regions: 47->46
[497.281s][info][gc,heap     ] GC(821) Humongous regions: 207->207
[497.281s][info][gc,metaspace] GC(821) Metaspace: 57715K(58048K)->57715K(58048K) NonClass: 52090K(52352K)->52090K(52352K) Class: 5625K(5696K)->5625K(5696K)
[497.281s][info][gc          ] GC(821) Pause Young (Mixed) (G1 Evacuation Pause) 765M->277M(854M) 13.040ms
[497.281s][info][gc,cpu      ] GC(821) User=0.02s Sys=0.00s Real=0.01s
[498.246s][info][gc,start    ] GC(822) Pause Young (Concurrent Start) (G1 Evacuation Pause)
[498.246s][info][gc,task     ] GC(822) Using 2 workers of 2 for evacuation
[498.257s][info][gc,phases   ] GC(822)   Pre Evacuate Collection Set: 0.34ms
[498.257s][info][gc,phases   ] GC(822)   Merge Heap Roots: 0.13ms
[498.257s][info][gc,phases   ] GC(822)   Evacuate Collection Set: 9.29ms
[498.257s][info][gc,phases   ] GC(822)   Post Evacuate Collection Set: 1.19ms
[498.257s][info][gc,phases   ] GC(822)   Other: 0.10ms
[498.257s][info][gc,heap     ] GC(822) Eden regions: 487->0(487)
[498.257s][info][gc,heap     ] GC(822) Survivor regions: 25->25(64)
[498.257s][info][gc,heap     ] GC(822) Old regions: 46->46
[498.257s][info][gc,heap     ] GC(822) Humongous regions: 207->207
[498.257s][info][gc,metaspace] GC(822) Metaspace: 57715K(58048K)->57715K(58048K) NonClass: 52090K(52352K)->52090K(52352K) Class: 5625K(5696K)->5625K(5696K)
[498.257s][info][gc          ] GC(822) Pause Young (Concurrent Start) (G1 Evacuation Pause) 764M->277M(854M) 11.238ms
[498.257s][info][gc,cpu      ] GC(822) User=0.02s Sys=0.00s Real=0.01s
[498.257s][info][gc          ] GC(823) Concurrent Mark Cycle
[498.257s][info][gc,marking  ] GC(823) Concurrent Scan Root Regions
[498.266s][info][gc,marking  ] GC(823) Concurrent Scan Root Regions 8.382ms
[498.266s][info][gc,marking  ] GC(823) Concurrent Mark
[498.266s][info][gc,marking  ] GC(823) Concurrent Mark From Roots
[498.266s][info][gc,task     ] GC(823) Using 1 workers of 1 for marking
[498.311s][info][gc,marking  ] GC(823) Concurrent Mark From Roots 44.893ms
[498.311s][info][gc,marking  ] GC(823) Concurrent Preclean
[498.311s][info][gc,marking  ] GC(823) Concurrent Preclean 0.055ms
[498.311s][info][gc,start    ] GC(823) Pause Remark
[498.320s][info][gc          ] GC(823) Pause Remark 305M->305M(854M) 8.853ms
[498.320s][info][gc,cpu      ] GC(823) User=0.02s Sys=0.00s Real=0.01s
[498.320s][info][gc,marking  ] GC(823) Concurrent Mark 54.211ms
[498.320s][info][gc,marking  ] GC(823) Concurrent Rebuild Remembered Sets and Scrub Regions
[498.336s][info][gc,marking  ] GC(823) Concurrent Rebuild Remembered Sets and Scrub Regions 16.213ms
[498.336s][info][gc,start    ] GC(823) Pause Cleanup
[498.336s][info][gc          ] GC(823) Pause Cleanup 310M->310M(854M) 0.067ms
[498.336s][info][gc,cpu      ] GC(823) User=0.00s Sys=0.00s Real=0.00s
[498.337s][info][gc,marking  ] GC(823) Concurrent Clear Claimed Marks
[498.337s][info][gc,marking  ] GC(823) Concurrent Clear Claimed Marks 0.085ms
[498.337s][info][gc,marking  ] GC(823) Concurrent Cleanup for Next Mark
[498.340s][info][gc,marking  ] GC(823) Concurrent Cleanup for Next Mark 3.538ms
[498.340s][info][gc          ] GC(823) Concurrent Mark Cycle 83.425ms
[499.239s][info][gc,start    ] GC(824) Pause Young (Prepare Mixed) (G1 Evacuation Pause)
[499.240s][info][gc,task     ] GC(824) Using 2 workers of 2 for evacuation
[499.249s][info][gc,phases   ] GC(824)   Pre Evacuate Collection Set: 0.29ms
[499.249s][info][gc,phases   ] GC(824)   Merge Heap Roots: 0.17ms
[499.249s][info][gc,phases   ] GC(824)   Evacuate Collection Set: 7.90ms
[499.249s][info][gc,phases   ] GC(824)   Post Evacuate Collection Set: 0.91ms
[499.249s][info][gc,phases   ] GC(824)   Other: 0.11ms
[499.249s][info][gc,heap     ] GC(824) Eden regions: 487->0(487)
[499.249s][info][gc,heap     ] GC(824) Survivor regions: 25->25(64)
[499.249s][info][gc,heap     ] GC(824) Old regions: 46->46
[499.249s][info][gc,heap     ] GC(824) Humongous regions: 207->207
[499.249s][info][gc,metaspace] GC(824) Metaspace: 57715K(58048K)->57715K(58048K) NonClass: 52090K(52352K)->52090K(52352K) Class: 5625K(5696K)->5625K(5696K)
[499.249s][info][gc          ] GC(824) Pause Young (Prepare Mixed) (G1 Evacuation Pause) 764M->277M(854M) 9.595ms
[499.249s][info][gc,cpu      ] GC(824) User=0.02s Sys=0.00s Real=0.01s
[500.179s][info][gc,start    ] GC(825) Pause Young (Mixed) (G1 Evacuation Pause)
[500.179s][info][gc,task     ] GC(825) Using 2 workers of 2 for evacuation
[500.188s][info][gc,phases   ] GC(825)   Pre Evacuate Collection Set: 0.32ms
[500.188s][info][gc,phases   ] GC(825)   Merge Heap Roots: 0.16ms
[500.188s][info][gc,phases   ] GC(825)   Evacuate Collection Set: 7.89ms
[500.188s][info][gc,phases   ] GC(825)   Post Evacuate Collection Set: 0.88ms
[500.188s][info][gc,phases   ] GC(825)   Other: 0.09ms
[500.188s][info][gc,heap     ] GC(825) Eden regions: 487->0(488)
[500.188s][info][gc,heap     ] GC(825) Survivor regions: 25->24(64)
[500.188s][info][gc,heap     ] GC(825) Old regions: 46->46
[500.188s][info][gc,heap     ] GC(825) Humongous regions: 207->207
[500.188s][info][gc,metaspace] GC(825) Metaspace: 57715K(58048K)->57715K(58048K) NonClass: 52090K(52352K)->52090K(52352K) Class: 5625K(5696K)->5625K(5696K)
[500.188s][info][gc          ] GC(825) Pause Young (Mixed) (G1 Evacuation Pause) 764M->275M(854M) 9.517ms
[500.188s][info][gc,cpu      ] GC(825) User=0.02s Sys=0.00s Real=0.01s
[501.217s][info][gc,start    ] GC(826) Pause Young (Concurrent Start) (G1 Evacuation Pause)
[501.217s][info][gc,task     ] GC(826) Using 2 workers of 2 for evacuation
[501.229s][info][gc,phases   ] GC(826)   Pre Evacuate Collection Set: 0.30ms
[501.229s][info][gc,phases   ] GC(826)   Merge Heap Roots: 0.14ms
[501.229s][info][gc,phases   ] GC(826)   Evacuate Collection Set: 10.45ms
[501.229s][info][gc,phases   ] GC(826)   Post Evacuate Collection Set: 0.88ms
[501.229s][info][gc,phases   ] GC(826)   Other: 0.14ms
[501.229s][info][gc,heap     ] GC(826) Eden regions: 488->0(486)
[501.229s][info][gc,heap     ] GC(826) Survivor regions: 24->26(64)
[501.229s][info][gc,heap     ] GC(826) Old regions: 46->46
[501.229s][info][gc,heap     ] GC(826) Humongous regions: 207->207
[501.229s][info][gc,metaspace] GC(826) Metaspace: 57715K(58048K)->57715K(58048K) NonClass: 52090K(52352K)->52090K(52352K) Class: 5625K(5696K)->5625K(5696K)
[501.229s][info][gc          ] GC(826) Pause Young (Concurrent Start) (G1 Evacuation Pause) 763M->277M(854M) 12.093ms
[501.229s][info][gc,cpu      ] GC(826) User=0.02s Sys=0.00s Real=0.01s
[501.229s][info][gc          ] GC(827) Concurrent Mark Cycle
[501.229s][info][gc,marking  ] GC(827) Concurrent Scan Root Regions
[501.234s][info][gc,marking  ] GC(827) Concurrent Scan Root Regions 4.927ms
[501.234s][info][gc,marking  ] GC(827) Concurrent Mark
[501.234s][info][gc,marking  ] GC(827) Concurrent Mark From Roots
[501.234s][info][gc,task     ] GC(827) Using 1 workers of 1 for marking
[501.276s][info][gc,marking  ] GC(827) Concurrent Mark From Roots 42.182ms
[501.276s][info][gc,marking  ] GC(827) Concurrent Preclean
[501.276s][info][gc,marking  ] GC(827) Concurrent Preclean 0.057ms
[501.277s][info][gc,start    ] GC(827) Pause Remark
[501.286s][info][gc          ] GC(827) Pause Remark 305M->292M(854M) 8.970ms
[501.286s][info][gc,cpu      ] GC(827) User=0.01s Sys=0.00s Real=0.01s
[501.286s][info][gc,marking  ] GC(827) Concurrent Mark 51.632ms
[501.286s][info][gc,marking  ] GC(827) Concurrent Rebuild Remembered Sets and Scrub Regions
[501.302s][info][gc,marking  ] GC(827) Concurrent Rebuild Remembered Sets and Scrub Regions 16.628ms
[501.303s][info][gc,start    ] GC(827) Pause Cleanup
[501.303s][info][gc          ] GC(827) Pause Cleanup 306M->306M(854M) 0.072ms
[501.303s][info][gc,cpu      ] GC(827) User=0.00s Sys=0.00s Real=0.00s
[501.303s][info][gc,marking  ] GC(827) Concurrent Clear Claimed Marks
[501.303s][info][gc,marking  ] GC(827) Concurrent Clear Claimed Marks 0.085ms
[501.303s][info][gc,marking  ] GC(827) Concurrent Cleanup for Next Mark
[501.305s][info][gc,marking  ] GC(827) Concurrent Cleanup for Next Mark 2.604ms
[501.305s][info][gc          ] GC(827) Concurrent Mark Cycle 76.589ms
[502.152s][info][gc,start    ] GC(828) Pause Young (Prepare Mixed) (G1 Evacuation Pause)
[502.152s][info][gc,task     ] GC(828) Using 2 workers of 2 for evacuation
[502.164s][info][gc,phases   ] GC(828)   Pre Evacuate Collection Set: 0.30ms
[502.164s][info][gc,phases   ] GC(828)   Merge Heap Roots: 0.15ms
[502.164s][info][gc,phases   ] GC(828)   Evacuate Collection Set: 9.92ms
[502.164s][info][gc,phases   ] GC(828)   Post Evacuate Collection Set: 0.85ms
[502.164s][info][gc,phases   ] GC(828)   Other: 0.09ms
[502.164s][info][gc,heap     ] GC(828) Eden regions: 486->0(509)
[502.164s][info][gc,heap     ] GC(828) Survivor regions: 26->3(64)
[502.164s][info][gc,heap     ] GC(828) Old regions: 33->55
[502.164s][info][gc,heap     ] GC(828) Humongous regions: 207->207
[502.164s][info][gc,metaspace] GC(828) Metaspace: 57715K(58048K)->57715K(58048K) NonClass: 52090K(52352K)->52090K(52352K) Class: 5625K(5696K)->5625K(5696K)
[502.164s][info][gc          ] GC(828) Pause Young (Prepare Mixed) (G1 Evacuation Pause) 750M->264M(854M) 11.499ms
[502.164s][info][gc,cpu      ] GC(828) User=0.02s Sys=0.00s Real=0.01s
[503.156s][info][gc,start    ] GC(829) Pause Young (Mixed) (G1 Evacuation Pause)
[503.156s][info][gc,task     ] GC(829) Using 2 workers of 2 for evacuation
[503.163s][info][gc,phases   ] GC(829)   Pre Evacuate Collection Set: 0.30ms
[503.163s][info][gc,phases   ] GC(829)   Merge Heap Roots: 0.14ms
[503.163s][info][gc,phases   ] GC(829)   Evacuate Collection Set: 4.82ms
[503.163s][info][gc,phases   ] GC(829)   Post Evacuate Collection Set: 0.79ms
[503.163s][info][gc,phases   ] GC(829)   Other: 0.11ms
[503.163s][info][gc,heap     ] GC(829) Eden regions: 509->0(508)
[503.163s][info][gc,heap     ] GC(829) Survivor regions: 3->4(64)
[503.163s][info][gc,heap     ] GC(829) Old regions: 55->54
[503.163s][info][gc,heap     ] GC(829) Humongous regions: 207->207
[503.163s][info][gc,metaspace] GC(829) Metaspace: 57715K(58048K)->57715K(58048K) NonClass: 52090K(52352K)->52090K(52352K) Class: 5625K(5696K)->5625K(5696K)
[503.163s][info][gc          ] GC(829) Pause Young (Mixed) (G1 Evacuation Pause) 773M->263M(854M) 6.333ms
[503.163s][info][gc,cpu      ] GC(829) User=0.01s Sys=0.00s Real=0.01s
[504.156s][info][gc,start    ] GC(830) Pause Young (Concurrent Start) (G1 Evacuation Pause)
[504.157s][info][gc,task     ] GC(830) Using 2 workers of 2 for evacuation
[504.163s][info][gc,phases   ] GC(830)   Pre Evacuate Collection Set: 0.29ms
[504.163s][info][gc,phases   ] GC(830)   Merge Heap Roots: 0.15ms
[504.163s][info][gc,phases   ] GC(830)   Evacuate Collection Set: 5.36ms
[504.163s][info][gc,phases   ] GC(830)   Post Evacuate Collection Set: 0.78ms
[504.163s][info][gc,phases   ] GC(830)   Other: 0.11ms
[504.163s][info][gc,heap     ] GC(830) Eden regions: 508->0(508)
[504.163s][info][gc,heap     ] GC(830) Survivor regions: 4->4(64)
[504.163s][info][gc,heap     ] GC(830) Old regions: 54->54
[504.163s][info][gc,heap     ] GC(830) Humongous regions: 207->207
[504.163s][info][gc,metaspace] GC(830) Metaspace: 57715K(58048K)->57715K(58048K) NonClass: 52090K(52352K)->52090K(52352K) Class: 5625K(5696K)->5625K(5696K)
[504.163s][info][gc          ] GC(830) Pause Young (Concurrent Start) (G1 Evacuation Pause) 771M->264M(854M) 6.849ms
[504.163s][info][gc          ] GC(831) Concurrent Mark Cycle
[504.163s][info][gc,marking  ] GC(831) Concurrent Scan Root Regions
[504.165s][info][gc,cpu      ] GC(830) User=0.02s Sys=0.00s Real=0.01s
[504.167s][info][gc,marking  ] GC(831) Concurrent Scan Root Regions 4.116ms
[504.168s][info][gc,marking  ] GC(831) Concurrent Mark
[504.168s][info][gc,marking  ] GC(831) Concurrent Mark From Roots
[504.168s][info][gc,task     ] GC(831) Using 1 workers of 1 for marking
[504.218s][info][gc,marking  ] GC(831) Concurrent Mark From Roots 50.403ms
[504.218s][info][gc,marking  ] GC(831) Concurrent Preclean
[504.218s][info][gc,marking  ] GC(831) Concurrent Preclean 0.066ms
[504.218s][info][gc,start    ] GC(831) Pause Remark
[504.227s][info][gc          ] GC(831) Pause Remark 277M->277M(854M) 8.978ms
[504.227s][info][gc,cpu      ] GC(831) User=0.01s Sys=0.00s Real=0.01s
[504.227s][info][gc,marking  ] GC(831) Concurrent Mark 59.867ms
[504.227s][info][gc,marking  ] GC(831) Concurrent Rebuild Remembered Sets and Scrub Regions
[504.259s][info][gc,marking  ] GC(831) Concurrent Rebuild Remembered Sets and Scrub Regions 31.819ms
[504.259s][info][gc,start    ] GC(831) Pause Cleanup
[504.259s][info][gc          ] GC(831) Pause Cleanup 301M->301M(854M) 0.091ms
[504.259s][info][gc,cpu      ] GC(831) User=0.00s Sys=0.00s Real=0.00s
[504.260s][info][gc,marking  ] GC(831) Concurrent Clear Claimed Marks
[504.263s][info][gc,marking  ] GC(831) Concurrent Clear Claimed Marks 2.943ms
[504.263s][info][gc,marking  ] GC(831) Concurrent Cleanup for Next Mark
[504.267s][info][gc,marking  ] GC(831) Concurrent Cleanup for Next Mark 4.574ms
[504.267s][info][gc          ] GC(831) Concurrent Mark Cycle 104.097ms
[505.193s][info][gc,start    ] GC(832) Pause Young (Prepare Mixed) (G1 Evacuation Pause)
[505.193s][info][gc,task     ] GC(832) Using 2 workers of 2 for evacuation
[505.198s][info][gc,phases   ] GC(832)   Pre Evacuate Collection Set: 0.34ms
[505.198s][info][gc,phases   ] GC(832)   Merge Heap Roots: 0.16ms
[505.198s][info][gc,phases   ] GC(832)   Evacuate Collection Set: 3.18ms
[505.198s][info][gc,phases   ] GC(832)   Post Evacuate Collection Set: 0.78ms
[505.198s][info][gc,phases   ] GC(832)   Other: 0.09ms
[505.198s][info][gc,heap     ] GC(832) Eden regions: 508->0(510)
[505.198s][info][gc,heap     ] GC(832) Survivor regions: 4->2(64)
[505.198s][info][gc,heap     ] GC(832) Old regions: 54->54
[505.198s][info][gc,heap     ] GC(832) Humongous regions: 207->207
[505.198s][info][gc,metaspace] GC(832) Metaspace: 57715K(58048K)->57715K(58048K) NonClass: 52090K(52352K)->52090K(52352K) Class: 5625K(5696K)->5625K(5696K)
[505.198s][info][gc          ] GC(832) Pause Young (Prepare Mixed) (G1 Evacuation Pause) 772M->262M(854M) 4.716ms
[505.198s][info][gc,cpu      ] GC(832) User=0.01s Sys=0.00s Real=0.00s
[506.231s][info][gc,start    ] GC(833) Pause Young (Mixed) (G1 Evacuation Pause)
[506.231s][info][gc,task     ] GC(833) Using 2 workers of 2 for evacuation
[506.234s][info][gc,phases   ] GC(833)   Pre Evacuate Collection Set: 0.31ms
[506.234s][info][gc,phases   ] GC(833)   Merge Heap Roots: 0.14ms
[506.234s][info][gc,phases   ] GC(833)   Evacuate Collection Set: 1.80ms
[506.234s][info][gc,phases   ] GC(833)   Post Evacuate Collection Set: 0.78ms
[506.234s][info][gc,phases   ] GC(833)   Other: 0.08ms
[506.234s][info][gc,heap     ] GC(833) Eden regions: 510->0(511)
[506.234s][info][gc,heap     ] GC(833) Survivor regions: 2->1(64)
[506.234s][info][gc,heap     ] GC(833) Old regions: 54->52
[506.234s][info][gc,heap     ] GC(833) Humongous regions: 207->207
[506.234s][info][gc,metaspace] GC(833) Metaspace: 57715K(58048K)->57715K(58048K) NonClass: 52090K(52352K)->52090K(52352K) Class: 5625K(5696K)->5625K(5696K)
[506.234s][info][gc          ] GC(833) Pause Young (Mixed) (G1 Evacuation Pause) 772M->258M(854M) 3.269ms
[506.234s][info][gc,cpu      ] GC(833) User=0.01s Sys=0.00s Real=0.01s
[507.235s][info][gc,start    ] GC(834) Pause Young (Concurrent Start) (G1 Evacuation Pause)
[507.235s][info][gc,task     ] GC(834) Using 2 workers of 2 for evacuation
[507.240s][info][gc,phases   ] GC(834)   Pre Evacuate Collection Set: 0.32ms
[507.240s][info][gc,phases   ] GC(834)   Merge Heap Roots: 0.12ms
[507.240s][info][gc,phases   ] GC(834)   Evacuate Collection Set: 3.02ms
[507.240s][info][gc,phases   ] GC(834)   Post Evacuate Collection Set: 0.78ms
[507.240s][info][gc,phases   ] GC(834)   Other: 0.10ms
[507.240s][info][gc,heap     ] GC(834) Eden regions: 511->0(510)
[507.240s][info][gc,heap     ] GC(834) Survivor regions: 1->2(64)
[507.240s][info][gc,heap     ] GC(834) Old regions: 52->52
[507.240s][info][gc,heap     ] GC(834) Humongous regions: 207->207
[507.240s][info][gc,metaspace] GC(834) Metaspace: 57715K(58048K)->57715K(58048K) NonClass: 52090K(52352K)->52090K(52352K) Class: 5625K(5696K)->5625K(5696K)
[507.240s][info][gc          ] GC(834) Pause Young (Concurrent Start) (G1 Evacuation Pause) 769M->260M(854M) 4.522ms
[507.240s][info][gc,cpu      ] GC(834) User=0.01s Sys=0.00s Real=0.00s
[507.240s][info][gc          ] GC(835) Concurrent Mark Cycle
[507.241s][info][gc,marking  ] GC(835) Concurrent Scan Root Regions
[507.245s][info][gc,marking  ] GC(835) Concurrent Scan Root Regions 3.741ms
[507.245s][info][gc,marking  ] GC(835) Concurrent Mark
[507.245s][info][gc,marking  ] GC(835) Concurrent Mark From Roots
[507.245s][info][gc,task     ] GC(835) Using 1 workers of 1 for marking
[507.301s][info][gc,marking  ] GC(835) Concurrent Mark From Roots 55.859ms
[507.301s][info][gc,marking  ] GC(835) Concurrent Preclean
[507.301s][info][gc,marking  ] GC(835) Concurrent Preclean 0.089ms
[507.301s][info][gc,start    ] GC(835) Pause Remark
[507.310s][info][gc          ] GC(835) Pause Remark 303M->303M(854M) 8.963ms
[507.310s][info][gc,cpu      ] GC(835) User=0.02s Sys=0.00s Real=0.01s
[507.310s][info][gc,marking  ] GC(835) Concurrent Mark 65.230ms
[507.310s][info][gc,marking  ] GC(835) Concurrent Rebuild Remembered Sets and Scrub Regions
[507.326s][info][gc,marking  ] GC(835) Concurrent Rebuild Remembered Sets and Scrub Regions 15.588ms
[507.326s][info][gc,start    ] GC(835) Pause Cleanup
[507.326s][info][gc          ] GC(835) Pause Cleanup 303M->303M(854M) 0.062ms
[507.326s][info][gc,cpu      ] GC(835) User=0.00s Sys=0.00s Real=0.00s
[507.326s][info][gc,marking  ] GC(835) Concurrent Clear Claimed Marks
[507.326s][info][gc,marking  ] GC(835) Concurrent Clear Claimed Marks 0.076ms
[507.326s][info][gc,marking  ] GC(835) Concurrent Cleanup for Next Mark
[507.329s][info][gc,marking  ] GC(835) Concurrent Cleanup for Next Mark 2.461ms
[507.329s][info][gc          ] GC(835) Concurrent Mark Cycle 88.652ms
[508.260s][info][gc,start    ] GC(836) Pause Young (Prepare Mixed) (G1 Evacuation Pause)
[508.260s][info][gc,task     ] GC(836) Using 2 workers of 2 for evacuation
[508.265s][info][gc,phases   ] GC(836)   Pre Evacuate Collection Set: 0.32ms
[508.265s][info][gc,phases   ] GC(836)   Merge Heap Roots: 0.16ms
[508.265s][info][gc,phases   ] GC(836)   Evacuate Collection Set: 3.87ms
[508.265s][info][gc,phases   ] GC(836)   Post Evacuate Collection Set: 0.79ms
[508.265s][info][gc,phases   ] GC(836)   Other: 0.12ms
[508.265s][info][gc,heap     ] GC(836) Eden regions: 510->0(509)
[508.265s][info][gc,heap     ] GC(836) Survivor regions: 2->3(64)
[508.265s][info][gc,heap     ] GC(836) Old regions: 52->52
[508.265s][info][gc,heap     ] GC(836) Humongous regions: 207->207
[508.265s][info][gc,metaspace] GC(836) Metaspace: 57715K(58048K)->57715K(58048K) NonClass: 52090K(52352K)->52090K(52352K) Class: 5625K(5696K)->5625K(5696K)
[508.265s][info][gc          ] GC(836) Pause Young (Prepare Mixed) (G1 Evacuation Pause) 770M->261M(854M) 5.419ms
[508.265s][info][gc,cpu      ] GC(836) User=0.01s Sys=0.00s Real=0.01s
[509.277s][info][gc,start    ] GC(837) Pause Young (Mixed) (G1 Evacuation Pause)
[509.277s][info][gc,task     ] GC(837) Using 2 workers of 2 for evacuation
[509.291s][info][gc,phases   ] GC(837)   Pre Evacuate Collection Set: 0.58ms
[509.291s][info][gc,phases   ] GC(837)   Merge Heap Roots: 0.15ms
[509.291s][info][gc,phases   ] GC(837)   Evacuate Collection Set: 12.26ms
[509.291s][info][gc,phases   ] GC(837)   Post Evacuate Collection Set: 0.98ms
[509.291s][info][gc,phases   ] GC(837)   Other: 0.12ms
[509.291s][info][gc,heap     ] GC(837) Eden regions: 509->0(509)
[509.291s][info][gc,heap     ] GC(837) Survivor regions: 3->3(64)
[509.291s][info][gc,heap     ] GC(837) Old regions: 52->50
[509.291s][info][gc,heap     ] GC(837) Humongous regions: 207->207
[509.291s][info][gc,metaspace] GC(837) Metaspace: 57715K(58048K)->57715K(58048K) NonClass: 52090K(52352K)->52090K(52352K) Class: 5625K(5696K)->5625K(5696K)
[509.291s][info][gc          ] GC(837) Pause Young (Mixed) (G1 Evacuation Pause) 770M->259M(854M) 14.338ms
[509.291s][info][gc,cpu      ] GC(837) User=0.02s Sys=0.00s Real=0.01s
[510.280s][info][gc,start    ] GC(838) Pause Young (Concurrent Start) (G1 Evacuation Pause)
[510.280s][info][gc,task     ] GC(838) Using 2 workers of 2 for evacuation
[510.292s][info][gc,phases   ] GC(838)   Pre Evacuate Collection Set: 0.43ms
[510.292s][info][gc,phases   ] GC(838)   Merge Heap Roots: 0.16ms
[510.292s][info][gc,phases   ] GC(838)   Evacuate Collection Set: 10.92ms
[510.292s][info][gc,phases   ] GC(838)   Post Evacuate Collection Set: 0.86ms
[510.292s][info][gc,phases   ] GC(838)   Other: 0.11ms
[510.292s][info][gc,heap     ] GC(838) Eden regions: 509->0(509)
[510.292s][info][gc,heap     ] GC(838) Survivor regions: 3->3(64)
[510.292s][info][gc,heap     ] GC(838) Old regions: 50->50
[510.292s][info][gc,heap     ] GC(838) Humongous regions: 207->207
[510.292s][info][gc,metaspace] GC(838) Metaspace: 57715K(58048K)->57715K(58048K) NonClass: 52090K(52352K)->52090K(52352K) Class: 5625K(5696K)->5625K(5696K)
[510.292s][info][gc          ] GC(838) Pause Young (Concurrent Start) (G1 Evacuation Pause) 768M->259M(854M) 12.679ms
[510.292s][info][gc,cpu      ] GC(838) User=0.02s Sys=0.00s Real=0.02s
[510.292s][info][gc          ] GC(839) Concurrent Mark Cycle
[510.292s][info][gc,marking  ] GC(839) Concurrent Scan Root Regions
[510.301s][info][gc,marking  ] GC(839) Concurrent Scan Root Regions 8.924ms
[510.301s][info][gc,marking  ] GC(839) Concurrent Mark
[510.301s][info][gc,marking  ] GC(839) Concurrent Mark From Roots
[510.301s][info][gc,task     ] GC(839) Using 1 workers of 1 for marking
[510.379s][info][gc,marking  ] GC(839) Concurrent Mark From Roots 77.860ms
[510.379s][info][gc,marking  ] GC(839) Concurrent Preclean
[510.379s][info][gc,marking  ] GC(839) Concurrent Preclean 0.085ms
[510.380s][info][gc,start    ] GC(839) Pause Remark
[510.389s][info][gc          ] GC(839) Pause Remark 326M->326M(854M) 8.928ms
[510.389s][info][gc,cpu      ] GC(839) User=0.01s Sys=0.00s Real=0.01s
[510.389s][info][gc,marking  ] GC(839) Concurrent Mark 87.947ms
[510.389s][info][gc,marking  ] GC(839) Concurrent Rebuild Remembered Sets and Scrub Regions
[510.405s][info][gc,marking  ] GC(839) Concurrent Rebuild Remembered Sets and Scrub Regions 15.764ms
[510.405s][info][gc,start    ] GC(839) Pause Cleanup
[510.405s][info][gc          ] GC(839) Pause Cleanup 331M->331M(854M) 0.073ms
[510.405s][info][gc,cpu      ] GC(839) User=0.00s Sys=0.00s Real=0.00s
[510.405s][info][gc,marking  ] GC(839) Concurrent Clear Claimed Marks
[510.405s][info][gc,marking  ] GC(839) Concurrent Clear Claimed Marks 0.093ms
[510.405s][info][gc,marking  ] GC(839) Concurrent Cleanup for Next Mark
[510.408s][info][gc,marking  ] GC(839) Concurrent Cleanup for Next Mark 2.514ms
[510.408s][info][gc          ] GC(839) Concurrent Mark Cycle 115.730ms
[511.259s][info][gc,start    ] GC(840) Pause Young (Prepare Mixed) (G1 Evacuation Pause)
[511.259s][info][gc,task     ] GC(840) Using 2 workers of 2 for evacuation
[511.265s][info][gc,phases   ] GC(840)   Pre Evacuate Collection Set: 0.32ms
[511.265s][info][gc,phases   ] GC(840)   Merge Heap Roots: 0.16ms
[511.265s][info][gc,phases   ] GC(840)   Evacuate Collection Set: 4.79ms
[511.265s][info][gc,phases   ] GC(840)   Post Evacuate Collection Set: 0.79ms
[511.265s][info][gc,phases   ] GC(840)   Other: 0.09ms
[511.265s][info][gc,heap     ] GC(840) Eden regions: 509->0(508)
[511.265s][info][gc,heap     ] GC(840) Survivor regions: 3->4(64)
[511.265s][info][gc,heap     ] GC(840) Old regions: 50->50
[511.265s][info][gc,heap     ] GC(840) Humongous regions: 207->207
[511.265s][info][gc,metaspace] GC(840) Metaspace: 57715K(58048K)->57715K(58048K) NonClass: 52090K(52352K)->52090K(52352K) Class: 5625K(5696K)->5625K(5696K)
[511.265s][info][gc          ] GC(840) Pause Young (Prepare Mixed) (G1 Evacuation Pause) 768M->260M(854M) 6.327ms
[511.265s][info][gc,cpu      ] GC(840) User=0.01s Sys=0.00s Real=0.01s
[512.274s][info][gc,start    ] GC(841) Pause Young (Mixed) (G1 Evacuation Pause)
[512.274s][info][gc,task     ] GC(841) Using 2 workers of 2 for evacuation
[512.279s][info][gc,phases   ] GC(841)   Pre Evacuate Collection Set: 0.31ms
[512.279s][info][gc,phases   ] GC(841)   Merge Heap Roots: 0.14ms
[512.279s][info][gc,phases   ] GC(841)   Evacuate Collection Set: 3.62ms
[512.279s][info][gc,phases   ] GC(841)   Post Evacuate Collection Set: 0.82ms
[512.279s][info][gc,phases   ] GC(841)   Other: 0.08ms
[512.279s][info][gc,heap     ] GC(841) Eden regions: 508->0(510)
[512.279s][info][gc,heap     ] GC(841) Survivor regions: 4->2(64)
[512.279s][info][gc,heap     ] GC(841) Old regions: 50->48
[512.279s][info][gc,heap     ] GC(841) Humongous regions: 207->207
[512.279s][info][gc,metaspace] GC(841) Metaspace: 57715K(58048K)->57715K(58048K) NonClass: 52090K(52352K)->52090K(52352K) Class: 5625K(5696K)->5625K(5696K)
[512.279s][info][gc          ] GC(841) Pause Young (Mixed) (G1 Evacuation Pause) 768M->256M(854M) 5.147ms
[512.279s][info][gc,cpu      ] GC(841) User=0.01s Sys=0.00s Real=0.00s
[513.338s][info][gc,start    ] GC(842) Pause Young (Concurrent Start) (G1 Evacuation Pause)
[513.338s][info][gc,task     ] GC(842) Using 2 workers of 2 for evacuation
[513.343s][info][gc,phases   ] GC(842)   Pre Evacuate Collection Set: 0.30ms
[513.343s][info][gc,phases   ] GC(842)   Merge Heap Roots: 0.14ms
[513.343s][info][gc,phases   ] GC(842)   Evacuate Collection Set: 3.34ms
[513.343s][info][gc,phases   ] GC(842)   Post Evacuate Collection Set: 0.79ms
[513.343s][info][gc,phases   ] GC(842)   Other: 0.11ms
[513.343s][info][gc,heap     ] GC(842) Eden regions: 510->0(510)
[513.343s][info][gc,heap     ] GC(842) Survivor regions: 2->2(64)
[513.343s][info][gc,heap     ] GC(842) Old regions: 48->48
[513.343s][info][gc,heap     ] GC(842) Humongous regions: 207->207
[513.343s][info][gc,metaspace] GC(842) Metaspace: 57715K(58048K)->57715K(58048K) NonClass: 52090K(52352K)->52090K(52352K) Class: 5625K(5696K)->5625K(5696K)
[513.343s][info][gc          ] GC(842) Pause Young (Concurrent Start) (G1 Evacuation Pause) 766M->256M(854M) 4.856ms
[513.343s][info][gc          ] GC(843) Concurrent Mark Cycle
[513.343s][info][gc,marking  ] GC(843) Concurrent Scan Root Regions
[513.344s][info][gc,cpu      ] GC(842) User=0.01s Sys=0.00s Real=0.01s
[513.348s][info][gc,marking  ] GC(843) Concurrent Scan Root Regions 5.290ms
[513.348s][info][gc,marking  ] GC(843) Concurrent Mark
[513.348s][info][gc,marking  ] GC(843) Concurrent Mark From Roots
[513.348s][info][gc,task     ] GC(843) Using 1 workers of 1 for marking
[513.399s][info][gc,marking  ] GC(843) Concurrent Mark From Roots 50.218ms
[513.399s][info][gc,marking  ] GC(843) Concurrent Preclean
[513.399s][info][gc,marking  ] GC(843) Concurrent Preclean 0.073ms
[513.399s][info][gc,start    ] GC(843) Pause Remark
[513.408s][info][gc          ] GC(843) Pause Remark 295M->295M(854M) 8.898ms
[513.408s][info][gc,cpu      ] GC(843) User=0.01s Sys=0.00s Real=0.01s
[513.409s][info][gc,marking  ] GC(843) Concurrent Mark 60.744ms
[513.409s][info][gc,marking  ] GC(843) Concurrent Rebuild Remembered Sets and Scrub Regions
[513.428s][info][gc,marking  ] GC(843) Concurrent Rebuild Remembered Sets and Scrub Regions 18.511ms
[513.428s][info][gc,start    ] GC(843) Pause Cleanup
[513.428s][info][gc          ] GC(843) Pause Cleanup 298M->298M(854M) 0.080ms
[513.428s][info][gc,cpu      ] GC(843) User=0.00s Sys=0.00s Real=0.00s
[513.428s][info][gc,marking  ] GC(843) Concurrent Clear Claimed Marks
[513.428s][info][gc,marking  ] GC(843) Concurrent Clear Claimed Marks 0.101ms
[513.428s][info][gc,marking  ] GC(843) Concurrent Cleanup for Next Mark
[513.433s][info][gc,marking  ] GC(843) Concurrent Cleanup for Next Mark 4.531ms
[513.433s][info][gc          ] GC(843) Concurrent Mark Cycle 89.517ms
[514.394s][info][gc,start    ] GC(844) Pause Young (Prepare Mixed) (G1 Evacuation Pause)
[514.394s][info][gc,task     ] GC(844) Using 2 workers of 2 for evacuation
[514.401s][info][gc,phases   ] GC(844)   Pre Evacuate Collection Set: 0.32ms
[514.401s][info][gc,phases   ] GC(844)   Merge Heap Roots: 0.16ms
[514.401s][info][gc,phases   ] GC(844)   Evacuate Collection Set: 5.51ms
[514.401s][info][gc,phases   ] GC(844)   Post Evacuate Collection Set: 1.15ms
[514.401s][info][gc,phases   ] GC(844)   Other: 0.09ms
[514.401s][info][gc,heap     ] GC(844) Eden regions: 510->0(510)
[514.401s][info][gc,heap     ] GC(844) Survivor regions: 2->2(64)
[514.401s][info][gc,heap     ] GC(844) Old regions: 48->48
[514.401s][info][gc,heap     ] GC(844) Humongous regions: 207->207
[514.401s][info][gc,metaspace] GC(844) Metaspace: 57715K(58048K)->57715K(58048K) NonClass: 52090K(52352K)->52090K(52352K) Class: 5625K(5696K)->5625K(5696K)
[514.401s][info][gc          ] GC(844) Pause Young (Prepare Mixed) (G1 Evacuation Pause) 766M->256M(854M) 7.420ms
[514.401s][info][gc,cpu      ] GC(844) User=0.01s Sys=0.00s Real=0.00s
[515.349s][info][gc,start    ] GC(845) Pause Young (Mixed) (G1 Evacuation Pause)
[515.349s][info][gc,task     ] GC(845) Using 2 workers of 2 for evacuation
[515.356s][info][gc,phases   ] GC(845)   Pre Evacuate Collection Set: 0.30ms
[515.356s][info][gc,phases   ] GC(845)   Merge Heap Roots: 0.14ms
[515.356s][info][gc,phases   ] GC(845)   Evacuate Collection Set: 5.00ms
[515.356s][info][gc,phases   ] GC(845)   Post Evacuate Collection Set: 0.80ms
[515.356s][info][gc,phases   ] GC(845)   Other: 0.09ms
[515.356s][info][gc,heap     ] GC(845) Eden regions: 510->0(509)
[515.356s][info][gc,heap     ] GC(845) Survivor regions: 2->3(64)
[515.356s][info][gc,heap     ] GC(845) Old regions: 48->47
[515.356s][info][gc,heap     ] GC(845) Humongous regions: 207->207
[515.356s][info][gc,metaspace] GC(845) Metaspace: 57715K(58048K)->57715K(58048K) NonClass: 52090K(52352K)->52090K(52352K) Class: 5625K(5696K)->5625K(5696K)
[515.356s][info][gc          ] GC(845) Pause Young (Mixed) (G1 Evacuation Pause) 766M->256M(854M) 6.501ms
[515.356s][info][gc,cpu      ] GC(845) User=0.01s Sys=0.00s Real=0.01s
[516.459s][info][gc,start    ] GC(846) Pause Young (Concurrent Start) (G1 Evacuation Pause)
[516.459s][info][gc,task     ] GC(846) Using 2 workers of 2 for evacuation
[516.464s][info][gc,phases   ] GC(846)   Pre Evacuate Collection Set: 0.35ms
[516.465s][info][gc,phases   ] GC(846)   Merge Heap Roots: 0.13ms
[516.465s][info][gc,phases   ] GC(846)   Evacuate Collection Set: 4.48ms
[516.465s][info][gc,phases   ] GC(846)   Post Evacuate Collection Set: 0.83ms
[516.465s][info][gc,phases   ] GC(846)   Other: 0.11ms
[516.465s][info][gc,heap     ] GC(846) Eden regions: 509->0(509)
[516.465s][info][gc,heap     ] GC(846) Survivor regions: 3->3(64)
[516.465s][info][gc,heap     ] GC(846) Old regions: 47->47
[516.465s][info][gc,heap     ] GC(846) Humongous regions: 207->207
[516.465s][info][gc,metaspace] GC(846) Metaspace: 57715K(58048K)->57715K(58048K) NonClass: 52090K(52352K)->52090K(52352K) Class: 5625K(5696K)->5625K(5696K)
[516.465s][info][gc          ] GC(846) Pause Young (Concurrent Start) (G1 Evacuation Pause) 765M->256M(854M) 6.069ms
[516.465s][info][gc,cpu      ] GC(846) User=0.01s Sys=0.00s Real=0.01s
[516.465s][info][gc          ] GC(847) Concurrent Mark Cycle
[516.466s][info][gc,marking  ] GC(847) Concurrent Scan Root Regions
[516.469s][info][gc,marking  ] GC(847) Concurrent Scan Root Regions 3.637ms
[516.469s][info][gc,marking  ] GC(847) Concurrent Mark
[516.469s][info][gc,marking  ] GC(847) Concurrent Mark From Roots
[516.469s][info][gc,task     ] GC(847) Using 1 workers of 1 for marking
[516.516s][info][gc,marking  ] GC(847) Concurrent Mark From Roots 46.801ms
[516.516s][info][gc,marking  ] GC(847) Concurrent Preclean
[516.516s][info][gc,marking  ] GC(847) Concurrent Preclean 0.065ms
[516.516s][info][gc,start    ] GC(847) Pause Remark
[516.525s][info][gc          ] GC(847) Pause Remark 267M->267M(854M) 9.107ms
[516.526s][info][gc,cpu      ] GC(847) User=0.01s Sys=0.00s Real=0.01s
[516.526s][info][gc,marking  ] GC(847) Concurrent Mark 56.370ms
[516.526s][info][gc,marking  ] GC(847) Concurrent Rebuild Remembered Sets and Scrub Regions
[516.541s][info][gc,marking  ] GC(847) Concurrent Rebuild Remembered Sets and Scrub Regions 15.541ms
[516.541s][info][gc,start    ] GC(847) Pause Cleanup
[516.542s][info][gc          ] GC(847) Pause Cleanup 275M->275M(854M) 0.067ms
[516.542s][info][gc,cpu      ] GC(847) User=0.00s Sys=0.00s Real=0.00s
[516.542s][info][gc,marking  ] GC(847) Concurrent Clear Claimed Marks
[516.542s][info][gc,marking  ] GC(847) Concurrent Clear Claimed Marks 0.096ms
[516.542s][info][gc,marking  ] GC(847) Concurrent Cleanup for Next Mark
[516.544s][info][gc,marking  ] GC(847) Concurrent Cleanup for Next Mark 2.496ms
[516.544s][info][gc          ] GC(847) Concurrent Mark Cycle 79.580ms
[517.480s][info][gc,start    ] GC(848) Pause Young (Prepare Mixed) (G1 Evacuation Pause)
[517.480s][info][gc,task     ] GC(848) Using 2 workers of 2 for evacuation
[517.484s][info][gc,phases   ] GC(848)   Pre Evacuate Collection Set: 0.32ms
[517.484s][info][gc,phases   ] GC(848)   Merge Heap Roots: 0.16ms
[517.484s][info][gc,phases   ] GC(848)   Evacuate Collection Set: 2.69ms
[517.484s][info][gc,phases   ] GC(848)   Post Evacuate Collection Set: 0.77ms
[517.484s][info][gc,phases   ] GC(848)   Other: 0.08ms
[517.484s][info][gc,heap     ] GC(848) Eden regions: 509->0(510)
[517.484s][info][gc,heap     ] GC(848) Survivor regions: 3->2(64)
[517.484s][info][gc,heap     ] GC(848) Old regions: 47->47
[517.484s][info][gc,heap     ] GC(848) Humongous regions: 207->207
[517.484s][info][gc,metaspace] GC(848) Metaspace: 57715K(58048K)->57715K(58048K) NonClass: 52090K(52352K)->52090K(52352K) Class: 5625K(5696K)->5625K(5696K)
[517.484s][info][gc          ] GC(848) Pause Young (Prepare Mixed) (G1 Evacuation Pause) 765M->254M(854M) 4.187ms
[517.484s][info][gc,cpu      ] GC(848) User=0.01s Sys=0.00s Real=0.01s
[518.537s][info][gc,start    ] GC(849) Pause Young (Mixed) (G1 Evacuation Pause)
[518.537s][info][gc,task     ] GC(849) Using 2 workers of 2 for evacuation
[518.542s][info][gc,phases   ] GC(849)   Pre Evacuate Collection Set: 0.28ms
[518.542s][info][gc,phases   ] GC(849)   Merge Heap Roots: 0.16ms
[518.542s][info][gc,phases   ] GC(849)   Evacuate Collection Set: 3.39ms
[518.542s][info][gc,phases   ] GC(849)   Post Evacuate Collection Set: 0.80ms
[518.542s][info][gc,phases   ] GC(849)   Other: 0.09ms
[518.542s][info][gc,heap     ] GC(849) Eden regions: 510->0(510)
[518.542s][info][gc,heap     ] GC(849) Survivor regions: 2->2(64)
[518.542s][info][gc,heap     ] GC(849) Old regions: 47->47
[518.542s][info][gc,heap     ] GC(849) Humongous regions: 207->207
[518.542s][info][gc,metaspace] GC(849) Metaspace: 57715K(58048K)->57715K(58048K) NonClass: 52090K(52352K)->52090K(52352K) Class: 5625K(5696K)->5625K(5696K)
[518.542s][info][gc          ] GC(849) Pause Young (Mixed) (G1 Evacuation Pause) 764M->254M(854M) 4.891ms
[518.542s][info][gc,cpu      ] GC(849) User=0.01s Sys=0.00s Real=0.00s
[519.545s][info][gc,start    ] GC(850) Pause Young (Concurrent Start) (G1 Evacuation Pause)
[519.546s][info][gc,task     ] GC(850) Using 2 workers of 2 for evacuation
[519.551s][info][gc,phases   ] GC(850)   Pre Evacuate Collection Set: 0.29ms
[519.551s][info][gc,phases   ] GC(850)   Merge Heap Roots: 0.15ms
[519.551s][info][gc,phases   ] GC(850)   Evacuate Collection Set: 4.38ms
[519.551s][info][gc,phases   ] GC(850)   Post Evacuate Collection Set: 0.81ms
[519.551s][info][gc,phases   ] GC(850)   Other: 0.10ms
[519.551s][info][gc,heap     ] GC(850) Eden regions: 510->0(509)
[519.551s][info][gc,heap     ] GC(850) Survivor regions: 2->3(64)
[519.551s][info][gc,heap     ] GC(850) Old regions: 47->47
[519.551s][info][gc,heap     ] GC(850) Humongous regions: 207->207
[519.551s][info][gc,metaspace] GC(850) Metaspace: 57715K(58048K)->57715K(58048K) NonClass: 52090K(52352K)->52090K(52352K) Class: 5625K(5696K)->5625K(5696K)
[519.551s][info][gc          ] GC(850) Pause Young (Concurrent Start) (G1 Evacuation Pause) 764M->255M(854M) 5.912ms
[519.551s][info][gc,cpu      ] GC(850) User=0.01s Sys=0.00s Real=0.00s
[519.551s][info][gc          ] GC(851) Concurrent Mark Cycle
[519.551s][info][gc,marking  ] GC(851) Concurrent Scan Root Regions
[519.556s][info][gc,marking  ] GC(851) Concurrent Scan Root Regions 4.654ms
[519.556s][info][gc,marking  ] GC(851) Concurrent Mark
[519.556s][info][gc,marking  ] GC(851) Concurrent Mark From Roots
[519.556s][info][gc,task     ] GC(851) Using 1 workers of 1 for marking
[519.604s][info][gc,marking  ] GC(851) Concurrent Mark From Roots 47.901ms
[519.604s][info][gc,marking  ] GC(851) Concurrent Preclean
[519.604s][info][gc,marking  ] GC(851) Concurrent Preclean 0.072ms
[519.604s][info][gc,start    ] GC(851) Pause Remark
[519.613s][info][gc          ] GC(851) Pause Remark 286M->286M(854M) 8.887ms
[519.613s][info][gc,cpu      ] GC(851) User=0.02s Sys=0.00s Real=0.01s
[519.613s][info][gc,marking  ] GC(851) Concurrent Mark 57.349ms
[519.613s][info][gc,marking  ] GC(851) Concurrent Rebuild Remembered Sets and Scrub Regions
[519.629s][info][gc,marking  ] GC(851) Concurrent Rebuild Remembered Sets and Scrub Regions 15.885ms
[519.629s][info][gc,start    ] GC(851) Pause Cleanup
[519.630s][info][gc          ] GC(851) Pause Cleanup 286M->286M(854M) 0.062ms
[519.630s][info][gc,cpu      ] GC(851) User=0.00s Sys=0.00s Real=0.00s
[519.630s][info][gc,marking  ] GC(851) Concurrent Clear Claimed Marks
[519.630s][info][gc,marking  ] GC(851) Concurrent Clear Claimed Marks 0.077ms
[519.630s][info][gc,marking  ] GC(851) Concurrent Cleanup for Next Mark
[519.632s][info][gc,marking  ] GC(851) Concurrent Cleanup for Next Mark 2.683ms
[519.632s][info][gc          ] GC(851) Concurrent Mark Cycle 80.950ms
[520.557s][info][gc,start    ] GC(852) Pause Young (Prepare Mixed) (G1 Evacuation Pause)
[520.557s][info][gc,task     ] GC(852) Using 2 workers of 2 for evacuation
[520.563s][info][gc,phases   ] GC(852)   Pre Evacuate Collection Set: 0.30ms
[520.563s][info][gc,phases   ] GC(852)   Merge Heap Roots: 0.16ms
[520.563s][info][gc,phases   ] GC(852)   Evacuate Collection Set: 4.76ms
[520.563s][info][gc,phases   ] GC(852)   Post Evacuate Collection Set: 0.79ms
[520.563s][info][gc,phases   ] GC(852)   Other: 0.10ms
[520.563s][info][gc,heap     ] GC(852) Eden regions: 509->0(508)
[520.563s][info][gc,heap     ] GC(852) Survivor regions: 3->4(64)
[520.563s][info][gc,heap     ] GC(852) Old regions: 47->47
[520.563s][info][gc,heap     ] GC(852) Humongous regions: 207->207
[520.563s][info][gc,metaspace] GC(852) Metaspace: 57715K(58048K)->57715K(58048K) NonClass: 52090K(52352K)->52090K(52352K) Class: 5625K(5696K)->5625K(5696K)
[520.563s][info][gc          ] GC(852) Pause Young (Prepare Mixed) (G1 Evacuation Pause) 764M->256M(854M) 6.288ms
[520.563s][info][gc,cpu      ] GC(852) User=0.01s Sys=0.00s Real=0.01s
[521.564s][info][gc,start    ] GC(853) Pause Young (Mixed) (G1 Evacuation Pause)
[521.564s][info][gc,task     ] GC(853) Using 2 workers of 2 for evacuation
[521.572s][info][gc,phases   ] GC(853)   Pre Evacuate Collection Set: 0.32ms
[521.572s][info][gc,phases   ] GC(853)   Merge Heap Roots: 0.16ms
[521.572s][info][gc,phases   ] GC(853)   Evacuate Collection Set: 6.66ms
[521.572s][info][gc,phases   ] GC(853)   Post Evacuate Collection Set: 0.83ms
[521.572s][info][gc,phases   ] GC(853)   Other: 0.09ms
[521.572s][info][gc,heap     ] GC(853) Eden regions: 508->0(508)
[521.572s][info][gc,heap     ] GC(853) Survivor regions: 4->4(64)
[521.572s][info][gc,heap     ] GC(853) Old regions: 47->46
[521.572s][info][gc,heap     ] GC(853) Humongous regions: 207->207
[521.572s][info][gc,metaspace] GC(853) Metaspace: 57715K(58048K)->57715K(58048K) NonClass: 52090K(52352K)->52090K(52352K) Class: 5625K(5696K)->5625K(5696K)
[521.572s][info][gc          ] GC(853) Pause Young (Mixed) (G1 Evacuation Pause) 764M->255M(854M) 8.258ms
[521.572s][info][gc,cpu      ] GC(853) User=0.01s Sys=0.00s Real=0.01s
[522.631s][info][gc,start    ] GC(854) Pause Young (Concurrent Start) (G1 Evacuation Pause)
[522.632s][info][gc,task     ] GC(854) Using 2 workers of 2 for evacuation
[522.635s][info][gc,phases   ] GC(854)   Pre Evacuate Collection Set: 0.29ms
[522.635s][info][gc,phases   ] GC(854)   Merge Heap Roots: 0.14ms
[522.635s][info][gc,phases   ] GC(854)   Evacuate Collection Set: 2.19ms
[522.635s][info][gc,phases   ] GC(854)   Post Evacuate Collection Set: 0.77ms
[522.635s][info][gc,phases   ] GC(854)   Other: 0.11ms
[522.635s][info][gc,heap     ] GC(854) Eden regions: 508->0(511)
[522.635s][info][gc,heap     ] GC(854) Survivor regions: 4->1(64)
[522.635s][info][gc,heap     ] GC(854) Old regions: 46->46
[522.635s][info][gc,heap     ] GC(854) Humongous regions: 207->207
[522.635s][info][gc,metaspace] GC(854) Metaspace: 57715K(58048K)->57715K(58048K) NonClass: 52090K(52352K)->52090K(52352K) Class: 5625K(5696K)->5625K(5696K)
[522.635s][info][gc          ] GC(854) Pause Young (Concurrent Start) (G1 Evacuation Pause) 763M->253M(854M) 3.677ms
[522.635s][info][gc,cpu      ] GC(854) User=0.01s Sys=0.00s Real=0.01s
[522.635s][info][gc          ] GC(855) Concurrent Mark Cycle
[522.635s][info][gc,marking  ] GC(855) Concurrent Scan Root Regions
[522.639s][info][gc,marking  ] GC(855) Concurrent Scan Root Regions 3.752ms
[522.639s][info][gc,marking  ] GC(855) Concurrent Mark
[522.639s][info][gc,marking  ] GC(855) Concurrent Mark From Roots
[522.639s][info][gc,task     ] GC(855) Using 1 workers of 1 for marking
[522.704s][info][gc,marking  ] GC(855) Concurrent Mark From Roots 64.575ms
[522.704s][info][gc,marking  ] GC(855) Concurrent Preclean
[522.704s][info][gc,marking  ] GC(855) Concurrent Preclean 0.070ms
[522.704s][info][gc,start    ] GC(855) Pause Remark
[522.714s][info][gc          ] GC(855) Pause Remark 303M->303M(847M) 9.781ms
[522.714s][info][gc,cpu      ] GC(855) User=0.02s Sys=0.00s Real=0.01s
[522.714s][info][gc,marking  ] GC(855) Concurrent Mark 74.764ms
[522.714s][info][gc,marking  ] GC(855) Concurrent Rebuild Remembered Sets and Scrub Regions
[522.730s][info][gc,marking  ] GC(855) Concurrent Rebuild Remembered Sets and Scrub Regions 16.067ms
[522.730s][info][gc,start    ] GC(855) Pause Cleanup
[522.730s][info][gc          ] GC(855) Pause Cleanup 303M->303M(847M) 0.065ms
[522.730s][info][gc,cpu      ] GC(855) User=0.00s Sys=0.00s Real=0.00s
[522.730s][info][gc,marking  ] GC(855) Concurrent Clear Claimed Marks
[522.730s][info][gc,marking  ] GC(855) Concurrent Clear Claimed Marks 0.082ms
[522.730s][info][gc,marking  ] GC(855) Concurrent Cleanup for Next Mark
[522.735s][info][gc,marking  ] GC(855) Concurrent Cleanup for Next Mark 4.848ms
[522.735s][info][gc          ] GC(855) Concurrent Mark Cycle 99.890ms
[523.681s][info][gc,start    ] GC(856) Pause Young (Prepare Mixed) (G1 Evacuation Pause)
[523.681s][info][gc,task     ] GC(856) Using 2 workers of 2 for evacuation
[523.685s][info][gc,phases   ] GC(856)   Pre Evacuate Collection Set: 0.30ms
[523.685s][info][gc,phases   ] GC(856)   Merge Heap Roots: 0.15ms
[523.685s][info][gc,phases   ] GC(856)   Evacuate Collection Set: 2.73ms
[523.685s][info][gc,phases   ] GC(856)   Post Evacuate Collection Set: 0.80ms
[523.685s][info][gc,phases   ] GC(856)   Other: 0.08ms
[523.685s][info][gc,heap     ] GC(856) Eden regions: 507->0(506)
[523.685s][info][gc,heap     ] GC(856) Survivor regions: 1->2(64)
[523.685s][info][gc,heap     ] GC(856) Old regions: 46->47
[523.685s][info][gc,heap     ] GC(856) Humongous regions: 207->207
[523.685s][info][gc,metaspace] GC(856) Metaspace: 57715K(58048K)->57715K(58048K) NonClass: 52090K(52352K)->52090K(52352K) Class: 5625K(5696K)->5625K(5696K)
[523.685s][info][gc          ] GC(856) Pause Young (Prepare Mixed) (G1 Evacuation Pause) 760M->254M(847M) 4.230ms
[523.685s][info][gc,cpu      ] GC(856) User=0.01s Sys=0.00s Real=0.01s
[524.643s][info][gc,start    ] GC(857) Pause Young (Mixed) (G1 Evacuation Pause)
[524.643s][info][gc,task     ] GC(857) Using 2 workers of 2 for evacuation
[524.650s][info][gc,phases   ] GC(857)   Pre Evacuate Collection Set: 0.30ms
[524.650s][info][gc,phases   ] GC(857)   Merge Heap Roots: 0.16ms
[524.650s][info][gc,phases   ] GC(857)   Evacuate Collection Set: 5.61ms
[524.650s][info][gc,phases   ] GC(857)   Post Evacuate Collection Set: 0.80ms
[524.650s][info][gc,phases   ] GC(857)   Other: 0.09ms
[524.650s][info][gc,heap     ] GC(857) Eden regions: 506->0(505)
[524.650s][info][gc,heap     ] GC(857) Survivor regions: 2->3(64)
[524.650s][info][gc,heap     ] GC(857) Old regions: 47->46
[524.650s][info][gc,heap     ] GC(857) Humongous regions: 207->207
[524.650s][info][gc,metaspace] GC(857) Metaspace: 57715K(58048K)->57715K(58048K) NonClass: 52090K(52352K)->52090K(52352K) Class: 5625K(5696K)->5625K(5696K)
[524.650s][info][gc          ] GC(857) Pause Young (Mixed) (G1 Evacuation Pause) 760M->255M(847M) 7.127ms
[524.651s][info][gc,cpu      ] GC(857) User=0.02s Sys=0.00s Real=0.00s
[525.643s][info][gc,start    ] GC(858) Pause Young (Concurrent Start) (G1 Evacuation Pause)
[525.643s][info][gc,task     ] GC(858) Using 2 workers of 2 for evacuation
[525.648s][info][gc,phases   ] GC(858)   Pre Evacuate Collection Set: 0.30ms
[525.648s][info][gc,phases   ] GC(858)   Merge Heap Roots: 0.13ms
[525.648s][info][gc,phases   ] GC(858)   Evacuate Collection Set: 3.89ms
[525.648s][info][gc,phases   ] GC(858)   Post Evacuate Collection Set: 0.78ms
[525.648s][info][gc,phases   ] GC(858)   Other: 0.10ms
[525.648s][info][gc,heap     ] GC(858) Eden regions: 505->0(505)
[525.648s][info][gc,heap     ] GC(858) Survivor regions: 3->3(64)
[525.648s][info][gc,heap     ] GC(858) Old regions: 46->46
[525.648s][info][gc,heap     ] GC(858) Humongous regions: 207->207
[525.648s][info][gc,metaspace] GC(858) Metaspace: 57715K(58048K)->57715K(58048K) NonClass: 52090K(52352K)->52090K(52352K) Class: 5625K(5696K)->5625K(5696K)
[525.648s][info][gc          ] GC(858) Pause Young (Concurrent Start) (G1 Evacuation Pause) 760M->255M(847M) 5.386ms
[525.648s][info][gc,cpu      ] GC(858) User=0.01s Sys=0.00s Real=0.00s
[525.649s][info][gc          ] GC(859) Concurrent Mark Cycle
[525.649s][info][gc,marking  ] GC(859) Concurrent Scan Root Regions
[525.652s][info][gc,marking  ] GC(859) Concurrent Scan Root Regions 2.935ms
[525.652s][info][gc,marking  ] GC(859) Concurrent Mark
[525.652s][info][gc,marking  ] GC(859) Concurrent Mark From Roots
[525.652s][info][gc,task     ] GC(859) Using 1 workers of 1 for marking
[525.708s][info][gc,marking  ] GC(859) Concurrent Mark From Roots 56.339ms
[525.708s][info][gc,marking  ] GC(859) Concurrent Preclean
[525.708s][info][gc,marking  ] GC(859) Concurrent Preclean 0.095ms
[525.708s][info][gc,start    ] GC(859) Pause Remark
[525.717s][info][gc          ] GC(859) Pause Remark 292M->292M(847M) 8.944ms
[525.717s][info][gc,cpu      ] GC(859) User=0.02s Sys=0.00s Real=0.01s
[525.717s][info][gc,marking  ] GC(859) Concurrent Mark 65.832ms
[525.717s][info][gc,marking  ] GC(859) Concurrent Rebuild Remembered Sets and Scrub Regions
[525.733s][info][gc,marking  ] GC(859) Concurrent Rebuild Remembered Sets and Scrub Regions 15.932ms
[525.733s][info][gc,start    ] GC(859) Pause Cleanup
[525.734s][info][gc          ] GC(859) Pause Cleanup 295M->295M(847M) 0.065ms
[525.734s][info][gc,cpu      ] GC(859) User=0.00s Sys=0.00s Real=0.00s
[525.734s][info][gc,marking  ] GC(859) Concurrent Clear Claimed Marks
[525.734s][info][gc,marking  ] GC(859) Concurrent Clear Claimed Marks 0.079ms
[525.734s][info][gc,marking  ] GC(859) Concurrent Cleanup for Next Mark
[525.738s][info][gc,marking  ] GC(859) Concurrent Cleanup for Next Mark 4.060ms
[525.738s][info][gc          ] GC(859) Concurrent Mark Cycle 89.279ms
[526.650s][info][gc,start    ] GC(860) Pause Young (Prepare Mixed) (G1 Evacuation Pause)
[526.650s][info][gc,task     ] GC(860) Using 2 workers of 2 for evacuation
[526.656s][info][gc,phases   ] GC(860)   Pre Evacuate Collection Set: 0.30ms
[526.656s][info][gc,phases   ] GC(860)   Merge Heap Roots: 0.14ms
[526.656s][info][gc,phases   ] GC(860)   Evacuate Collection Set: 3.97ms
[526.656s][info][gc,phases   ] GC(860)   Post Evacuate Collection Set: 0.79ms
[526.656s][info][gc,phases   ] GC(860)   Other: 0.09ms
[526.656s][info][gc,heap     ] GC(860) Eden regions: 505->0(505)
[526.656s][info][gc,heap     ] GC(860) Survivor regions: 3->3(64)
[526.656s][info][gc,heap     ] GC(860) Old regions: 46->46
[526.656s][info][gc,heap     ] GC(860) Humongous regions: 207->207
[526.656s][info][gc,metaspace] GC(860) Metaspace: 57715K(58048K)->57715K(58048K) NonClass: 52090K(52352K)->52090K(52352K) Class: 5625K(5696K)->5625K(5696K)
[526.656s][info][gc          ] GC(860) Pause Young (Prepare Mixed) (G1 Evacuation Pause) 760M->255M(847M) 5.447ms
[526.656s][info][gc,cpu      ] GC(860) User=0.01s Sys=0.00s Real=0.01s
[527.648s][info][gc,start    ] GC(861) Pause Young (Mixed) (G1 Evacuation Pause)
[527.648s][info][gc,task     ] GC(861) Using 2 workers of 2 for evacuation
[527.656s][info][gc,phases   ] GC(861)   Pre Evacuate Collection Set: 0.29ms
[527.656s][info][gc,phases   ] GC(861)   Merge Heap Roots: 0.18ms
[527.656s][info][gc,phases   ] GC(861)   Evacuate Collection Set: 6.01ms
[527.656s][info][gc,phases   ] GC(861)   Post Evacuate Collection Set: 0.82ms
[527.656s][info][gc,phases   ] GC(861)   Other: 0.11ms
[527.656s][info][gc,heap     ] GC(861) Eden regions: 505->0(504)
[527.656s][info][gc,heap     ] GC(861) Survivor regions: 3->4(64)
[527.656s][info][gc,heap     ] GC(861) Old regions: 46->46
[527.656s][info][gc,heap     ] GC(861) Humongous regions: 207->207
[527.656s][info][gc,metaspace] GC(861) Metaspace: 57715K(58048K)->57715K(58048K) NonClass: 52090K(52352K)->52090K(52352K) Class: 5625K(5696K)->5625K(5696K)
[527.656s][info][gc          ] GC(861) Pause Young (Mixed) (G1 Evacuation Pause) 760M->255M(847M) 7.607ms
[527.656s][info][gc,cpu      ] GC(861) User=0.01s Sys=0.00s Real=0.01s
[528.652s][info][gc,start    ] GC(862) Pause Young (Concurrent Start) (G1 Evacuation Pause)
[528.652s][info][gc,task     ] GC(862) Using 2 workers of 2 for evacuation
[528.658s][info][gc,phases   ] GC(862)   Pre Evacuate Collection Set: 0.35ms
[528.658s][info][gc,phases   ] GC(862)   Merge Heap Roots: 0.15ms
[528.658s][info][gc,phases   ] GC(862)   Evacuate Collection Set: 4.71ms
[528.658s][info][gc,phases   ] GC(862)   Post Evacuate Collection Set: 0.79ms
[528.658s][info][gc,phases   ] GC(862)   Other: 0.10ms
[528.658s][info][gc,heap     ] GC(862) Eden regions: 504->0(505)
[528.658s][info][gc,heap     ] GC(862) Survivor regions: 4->3(64)
[528.658s][info][gc,heap     ] GC(862) Old regions: 46->46
[528.658s][info][gc,heap     ] GC(862) Humongous regions: 207->207
[528.658s][info][gc,metaspace] GC(862) Metaspace: 57715K(58048K)->57715K(58048K) NonClass: 52090K(52352K)->52090K(52352K) Class: 5625K(5696K)->5625K(5696K)
[528.658s][info][gc          ] GC(862) Pause Young (Concurrent Start) (G1 Evacuation Pause) 759M->255M(847M) 6.275ms
[528.658s][info][gc,cpu      ] GC(862) User=0.01s Sys=0.00s Real=0.00s
[528.658s][info][gc          ] GC(863) Concurrent Mark Cycle
[528.661s][info][gc,marking  ] GC(863) Concurrent Scan Root Regions
[528.666s][info][gc,marking  ] GC(863) Concurrent Scan Root Regions 5.022ms
[528.666s][info][gc,marking  ] GC(863) Concurrent Mark
[528.666s][info][gc,marking  ] GC(863) Concurrent Mark From Roots
[528.666s][info][gc,task     ] GC(863) Using 1 workers of 1 for marking
[528.716s][info][gc,marking  ] GC(863) Concurrent Mark From Roots 49.697ms
[528.716s][info][gc,marking  ] GC(863) Concurrent Preclean
[528.716s][info][gc,marking  ] GC(863) Concurrent Preclean 0.067ms
[528.716s][info][gc,start    ] GC(863) Pause Remark
[528.725s][info][gc          ] GC(863) Pause Remark 276M->276M(847M) 8.780ms
[528.725s][info][gc,cpu      ] GC(863) User=0.01s Sys=0.00s Real=0.01s
[528.725s][info][gc,marking  ] GC(863) Concurrent Mark 59.066ms
[528.725s][info][gc,marking  ] GC(863) Concurrent Rebuild Remembered Sets and Scrub Regions
[528.753s][info][gc,marking  ] GC(863) Concurrent Rebuild Remembered Sets and Scrub Regions 27.614ms
[528.753s][info][gc,start    ] GC(863) Pause Cleanup
[528.753s][info][gc          ] GC(863) Pause Cleanup 300M->300M(847M) 0.092ms
[528.753s][info][gc,cpu      ] GC(863) User=0.00s Sys=0.00s Real=0.00s
[528.753s][info][gc,marking  ] GC(863) Concurrent Clear Claimed Marks
[528.753s][info][gc,marking  ] GC(863) Concurrent Clear Claimed Marks 0.086ms
[528.753s][info][gc,marking  ] GC(863) Concurrent Cleanup for Next Mark
[528.758s][info][gc,marking  ] GC(863) Concurrent Cleanup for Next Mark 4.620ms
[528.758s][info][gc          ] GC(863) Concurrent Mark Cycle 99.513ms
[529.662s][info][gc,start    ] GC(864) Pause Young (Prepare Mixed) (G1 Evacuation Pause)
[529.662s][info][gc,task     ] GC(864) Using 2 workers of 2 for evacuation
[529.669s][info][gc,phases   ] GC(864)   Pre Evacuate Collection Set: 0.32ms
[529.669s][info][gc,phases   ] GC(864)   Merge Heap Roots: 0.16ms
[529.669s][info][gc,phases   ] GC(864)   Evacuate Collection Set: 5.21ms
[529.669s][info][gc,phases   ] GC(864)   Post Evacuate Collection Set: 0.83ms
[529.669s][info][gc,phases   ] GC(864)   Other: 0.10ms
[529.669s][info][gc,heap     ] GC(864) Eden regions: 505->0(504)
[529.669s][info][gc,heap     ] GC(864) Survivor regions: 3->4(64)
[529.669s][info][gc,heap     ] GC(864) Old regions: 46->46
[529.669s][info][gc,heap     ] GC(864) Humongous regions: 207->207
[529.669s][info][gc,metaspace] GC(864) Metaspace: 57715K(58048K)->57715K(58048K) NonClass: 52090K(52352K)->52090K(52352K) Class: 5625K(5696K)->5625K(5696K)
[529.669s][info][gc          ] GC(864) Pause Young (Prepare Mixed) (G1 Evacuation Pause) 760M->256M(847M) 6.813ms
[529.669s][info][gc,cpu      ] GC(864) User=0.01s Sys=0.00s Real=0.00s
[530.663s][info][gc,start    ] GC(865) Pause Young (Mixed) (G1 Evacuation Pause)
[530.663s][info][gc,task     ] GC(865) Using 2 workers of 2 for evacuation
[530.672s][info][gc,phases   ] GC(865)   Pre Evacuate Collection Set: 0.32ms
[530.672s][info][gc,phases   ] GC(865)   Merge Heap Roots: 0.17ms
[530.672s][info][gc,phases   ] GC(865)   Evacuate Collection Set: 7.39ms
[530.672s][info][gc,phases   ] GC(865)   Post Evacuate Collection Set: 0.83ms
[530.672s][info][gc,phases   ] GC(865)   Other: 0.08ms
[530.672s][info][gc,heap     ] GC(865) Eden regions: 504->0(505)
[530.672s][info][gc,heap     ] GC(865) Survivor regions: 4->3(64)
[530.672s][info][gc,heap     ] GC(865) Old regions: 46->46
[530.672s][info][gc,heap     ] GC(865) Humongous regions: 207->207
[530.672s][info][gc,metaspace] GC(865) Metaspace: 57715K(58048K)->57715K(58048K) NonClass: 52090K(52352K)->52090K(52352K) Class: 5625K(5696K)->5625K(5696K)
[530.672s][info][gc          ] GC(865) Pause Young (Mixed) (G1 Evacuation Pause) 760M->255M(847M) 8.956ms
[530.672s][info][gc,cpu      ] GC(865) User=0.02s Sys=0.00s Real=0.01s
[531.674s][info][gc,start    ] GC(866) Pause Young (Normal) (G1 Evacuation Pause)
[531.674s][info][gc,task     ] GC(866) Using 2 workers of 2 for evacuation
[531.679s][info][gc,phases   ] GC(866)   Pre Evacuate Collection Set: 0.30ms
[531.679s][info][gc,phases   ] GC(866)   Merge Heap Roots: 0.13ms
[531.679s][info][gc,phases   ] GC(866)   Evacuate Collection Set: 3.83ms
[531.679s][info][gc,phases   ] GC(866)   Post Evacuate Collection Set: 0.81ms
[531.679s][info][gc,phases   ] GC(866)   Other: 0.08ms
[531.679s][info][gc,heap     ] GC(866) Eden regions: 505->0(505)
[531.679s][info][gc,heap     ] GC(866) Survivor regions: 3->3(64)
[531.679s][info][gc,heap     ] GC(866) Old regions: 46->46
[531.679s][info][gc,heap     ] GC(866) Humongous regions: 207->207
[531.679s][info][gc,metaspace] GC(866) Metaspace: 57715K(58048K)->57715K(58048K) NonClass: 52090K(52352K)->52090K(52352K) Class: 5625K(5696K)->5625K(5696K)
[531.679s][info][gc          ] GC(866) Pause Young (Normal) (G1 Evacuation Pause) 760M->254M(847M) 5.339ms
[531.679s][info][gc,cpu      ] GC(866) User=0.01s Sys=0.00s Real=0.00s
[532.671s][info][gc,start    ] GC(867) Pause Young (Normal) (G1 Evacuation Pause)
[532.672s][info][gc,task     ] GC(867) Using 2 workers of 2 for evacuation
[532.676s][info][gc,phases   ] GC(867)   Pre Evacuate Collection Set: 0.29ms
[532.676s][info][gc,phases   ] GC(867)   Merge Heap Roots: 0.14ms
[532.676s][info][gc,phases   ] GC(867)   Evacuate Collection Set: 3.37ms
[532.676s][info][gc,phases   ] GC(867)   Post Evacuate Collection Set: 0.77ms
[532.676s][info][gc,phases   ] GC(867)   Other: 0.08ms
[532.676s][info][gc,heap     ] GC(867) Eden regions: 505->0(506)
[532.676s][info][gc,heap     ] GC(867) Survivor regions: 3->2(64)
[532.676s][info][gc,heap     ] GC(867) Old regions: 46->46
[532.676s][info][gc,heap     ] GC(867) Humongous regions: 207->207
[532.676s][info][gc,metaspace] GC(867) Metaspace: 57715K(58048K)->57715K(58048K) NonClass: 52090K(52352K)->52090K(52352K) Class: 5625K(5696K)->5625K(5696K)
[532.676s][info][gc          ] GC(867) Pause Young (Normal) (G1 Evacuation Pause) 759M->254M(847M) 4.812ms
[532.676s][info][gc,cpu      ] GC(867) User=0.01s Sys=0.00s Real=0.01s
[533.733s][info][gc,start    ] GC(868) Pause Young (Normal) (G1 Evacuation Pause)
[533.733s][info][gc,task     ] GC(868) Using 2 workers of 2 for evacuation
[533.736s][info][gc,phases   ] GC(868)   Pre Evacuate Collection Set: 0.31ms
[533.736s][info][gc,phases   ] GC(868)   Merge Heap Roots: 0.13ms
[533.736s][info][gc,phases   ] GC(868)   Evacuate Collection Set: 1.92ms
[533.736s][info][gc,phases   ] GC(868)   Post Evacuate Collection Set: 0.77ms
[533.736s][info][gc,phases   ] GC(868)   Other: 0.09ms
[533.736s][info][gc,heap     ] GC(868) Eden regions: 506->0(507)
[533.736s][info][gc,heap     ] GC(868) Survivor regions: 2->1(64)
[533.736s][info][gc,heap     ] GC(868) Old regions: 46->46
[533.736s][info][gc,heap     ] GC(868) Humongous regions: 207->207
[533.736s][info][gc,metaspace] GC(868) Metaspace: 57715K(58048K)->57715K(58048K) NonClass: 52090K(52352K)->52090K(52352K) Class: 5625K(5696K)->5625K(5696K)
[533.736s][info][gc          ] GC(868) Pause Young (Normal) (G1 Evacuation Pause) 760M->253M(847M) 3.385ms
[533.736s][info][gc,cpu      ] GC(868) User=0.01s Sys=0.00s Real=0.00s
[534.737s][info][gc,start    ] GC(869) Pause Young (Normal) (G1 Evacuation Pause)
[534.737s][info][gc,task     ] GC(869) Using 2 workers of 2 for evacuation
[534.741s][info][gc,phases   ] GC(869)   Pre Evacuate Collection Set: 0.31ms
[534.741s][info][gc,phases   ] GC(869)   Merge Heap Roots: 0.13ms
[534.741s][info][gc,phases   ] GC(869)   Evacuate Collection Set: 2.78ms
[534.741s][info][gc,phases   ] GC(869)   Post Evacuate Collection Set: 0.80ms
[534.741s][info][gc,phases   ] GC(869)   Other: 0.08ms
[534.741s][info][gc,heap     ] GC(869) Eden regions: 507->0(506)
[534.741s][info][gc,heap     ] GC(869) Survivor regions: 1->2(64)
[534.741s][info][gc,heap     ] GC(869) Old regions: 46->46
[534.741s][info][gc,heap     ] GC(869) Humongous regions: 207->207
[534.741s][info][gc,metaspace] GC(869) Metaspace: 57715K(58048K)->57715K(58048K) NonClass: 52090K(52352K)->52090K(52352K) Class: 5625K(5696K)->5625K(5696K)
[534.741s][info][gc          ] GC(869) Pause Young (Normal) (G1 Evacuation Pause) 760M->254M(847M) 4.274ms
[534.741s][info][gc,cpu      ] GC(869) User=0.01s Sys=0.00s Real=0.00s
[535.787s][info][gc,start    ] GC(870) Pause Young (Normal) (G1 Evacuation Pause)
[535.787s][info][gc,task     ] GC(870) Using 2 workers of 2 for evacuation
[535.791s][info][gc,phases   ] GC(870)   Pre Evacuate Collection Set: 0.31ms
[535.791s][info][gc,phases   ] GC(870)   Merge Heap Roots: 0.13ms
[535.791s][info][gc,phases   ] GC(870)   Evacuate Collection Set: 3.10ms
[535.791s][info][gc,phases   ] GC(870)   Post Evacuate Collection Set: 0.79ms
[535.791s][info][gc,phases   ] GC(870)   Other: 0.09ms
[535.792s][info][gc,heap     ] GC(870) Eden regions: 506->0(506)
[535.792s][info][gc,heap     ] GC(870) Survivor regions: 2->2(64)
[535.792s][info][gc,heap     ] GC(870) Old regions: 46->46
[535.792s][info][gc,heap     ] GC(870) Humongous regions: 207->207
[535.792s][info][gc,metaspace] GC(870) Metaspace: 57716K(58048K)->57716K(58048K) NonClass: 52091K(52352K)->52091K(52352K) Class: 5625K(5696K)->5625K(5696K)
[535.792s][info][gc          ] GC(870) Pause Young (Normal) (G1 Evacuation Pause) 760M->254M(847M) 4.585ms
[535.792s][info][gc,cpu      ] GC(870) User=0.00s Sys=0.01s Real=0.00s
[536.744s][info][gc,start    ] GC(871) Pause Young (Normal) (G1 Evacuation Pause)
[536.744s][info][gc,task     ] GC(871) Using 2 workers of 2 for evacuation
[536.749s][info][gc,phases   ] GC(871)   Pre Evacuate Collection Set: 0.29ms
[536.749s][info][gc,phases   ] GC(871)   Merge Heap Roots: 0.14ms
[536.749s][info][gc,phases   ] GC(871)   Evacuate Collection Set: 3.67ms
[536.749s][info][gc,phases   ] GC(871)   Post Evacuate Collection Set: 0.79ms
[536.749s][info][gc,phases   ] GC(871)   Other: 0.08ms
[536.749s][info][gc,heap     ] GC(871) Eden regions: 506->0(505)
[536.749s][info][gc,heap     ] GC(871) Survivor regions: 2->3(64)
[536.749s][info][gc,heap     ] GC(871) Old regions: 46->46
[536.749s][info][gc,heap     ] GC(871) Humongous regions: 207->207
[536.749s][info][gc,metaspace] GC(871) Metaspace: 57716K(58048K)->57716K(58048K) NonClass: 52091K(52352K)->52091K(52352K) Class: 5625K(5696K)->5625K(5696K)
[536.749s][info][gc          ] GC(871) Pause Young (Normal) (G1 Evacuation Pause) 760M->254M(847M) 5.155ms
[536.749s][info][gc,cpu      ] GC(871) User=0.01s Sys=0.00s Real=0.00s
[537.101s][info][gc,start    ] GC(872) Pause Young (Concurrent Start) (G1 Humongous Allocation)
[537.101s][info][gc,task     ] GC(872) Using 2 workers of 2 for evacuation
[537.104s][info][gc,phases   ] GC(872)   Pre Evacuate Collection Set: 0.30ms
[537.104s][info][gc,phases   ] GC(872)   Merge Heap Roots: 0.08ms
[537.104s][info][gc,phases   ] GC(872)   Evacuate Collection Set: 1.86ms
[537.104s][info][gc,phases   ] GC(872)   Post Evacuate Collection Set: 0.48ms
[537.104s][info][gc,phases   ] GC(872)   Other: 0.09ms
[537.104s][info][gc,heap     ] GC(872) Eden regions: 91->0(507)
[537.104s][info][gc,heap     ] GC(872) Survivor regions: 3->1(64)
[537.104s][info][gc,heap     ] GC(872) Old regions: 46->46
[537.104s][info][gc,heap     ] GC(872) Humongous regions: 207->207
[537.104s][info][gc,metaspace] GC(872) Metaspace: 57718K(58048K)->57718K(58048K) NonClass: 52093K(52352K)->52093K(52352K) Class: 5625K(5696K)->5625K(5696K)
[537.104s][info][gc          ] GC(872) Pause Young (Concurrent Start) (G1 Humongous Allocation) 345M->253M(847M) 2.967ms
[537.104s][info][gc          ] GC(873) Concurrent Undo Cycle
[537.104s][info][gc,marking  ] GC(873) Concurrent Clear Claimed Marks
[537.104s][info][gc,marking  ] GC(873) Concurrent Clear Claimed Marks 0.072ms
[537.104s][info][gc,marking  ] GC(873) Concurrent Cleanup for Next Mark
[537.104s][info][gc,cpu      ] GC(872) User=0.01s Sys=0.00s Real=0.01s
[537.108s][info][gc,marking  ] GC(873) Concurrent Cleanup for Next Mark 3.867ms
[537.108s][info][gc          ] GC(873) Concurrent Undo Cycle 3.998ms
[537.240s][info][gc,start    ] GC(874) Pause Young (Concurrent Start) (G1 Humongous Allocation)
[537.240s][info][gc,task     ] GC(874) Using 2 workers of 2 for evacuation
[537.243s][info][gc,phases   ] GC(874)   Pre Evacuate Collection Set: 0.29ms
[537.243s][info][gc,phases   ] GC(874)   Merge Heap Roots: 0.05ms
[537.243s][info][gc,phases   ] GC(874)   Evacuate Collection Set: 1.68ms
[537.243s][info][gc,phases   ] GC(874)   Post Evacuate Collection Set: 0.39ms
[537.243s][info][gc,phases   ] GC(874)   Other: 0.09ms
[537.243s][info][gc,heap     ] GC(874) Eden regions: 2->0(507)
[537.243s][info][gc,heap     ] GC(874) Survivor regions: 1->1(64)
[537.243s][info][gc,heap     ] GC(874) Old regions: 46->46
[537.243s][info][gc,heap     ] GC(874) Humongous regions: 246->246
[537.243s][info][gc,metaspace] GC(874) Metaspace: 57720K(58048K)->57720K(58048K) NonClass: 52095K(52352K)->52095K(52352K) Class: 5625K(5696K)->5625K(5696K)
[537.243s][info][gc          ] GC(874) Pause Young (Concurrent Start) (G1 Humongous Allocation) 293M->292M(847M) 2.665ms
[537.243s][info][gc          ] GC(875) Concurrent Mark Cycle
[537.243s][info][gc,marking  ] GC(875) Concurrent Scan Root Regions
[537.244s][info][gc,marking  ] GC(875) Concurrent Scan Root Regions 1.376ms
[537.244s][info][gc,marking  ] GC(875) Concurrent Mark
[537.244s][info][gc,marking  ] GC(875) Concurrent Mark From Roots
[537.244s][info][gc,task     ] GC(875) Using 1 workers of 1 for marking
[537.244s][info][gc,cpu      ] GC(874) User=0.01s Sys=0.00s Real=0.01s
[537.290s][info][gc,marking  ] GC(875) Concurrent Mark From Roots 46.184ms
[537.290s][info][gc,marking  ] GC(875) Concurrent Preclean
[537.291s][info][gc,marking  ] GC(875) Concurrent Preclean 0.071ms
[537.291s][info][gc,start    ] GC(875) Pause Remark
[537.300s][info][gc          ] GC(875) Pause Remark 331M->331M(847M) 8.862ms
[537.300s][info][gc,cpu      ] GC(875) User=0.01s Sys=0.00s Real=0.01s
[537.300s][info][gc,marking  ] GC(875) Concurrent Mark 55.814ms
[537.300s][info][gc,marking  ] GC(875) Concurrent Rebuild Remembered Sets and Scrub Regions
[537.315s][info][gc,marking  ] GC(875) Concurrent Rebuild Remembered Sets and Scrub Regions 15.307ms
[537.316s][info][gc,start    ] GC(875) Pause Cleanup
[537.316s][info][gc          ] GC(875) Pause Cleanup 331M->331M(847M) 0.069ms
[537.316s][info][gc,cpu      ] GC(875) User=0.00s Sys=0.00s Real=0.00s
[537.316s][info][gc,marking  ] GC(875) Concurrent Clear Claimed Marks
[537.316s][info][gc,marking  ] GC(875) Concurrent Clear Claimed Marks 0.080ms
[537.316s][info][gc,marking  ] GC(875) Concurrent Cleanup for Next Mark
[537.318s][info][gc,marking  ] GC(875) Concurrent Cleanup for Next Mark 2.454ms
[537.318s][info][gc          ] GC(875) Concurrent Mark Cycle 75.393ms
[540.351s][info][gc,start    ] GC(876) Pause Young (Prepare Mixed) (G1 Evacuation Pause)
[540.351s][info][gc,task     ] GC(876) Using 2 workers of 2 for evacuation
[540.372s][info][gc,phases   ] GC(876)   Pre Evacuate Collection Set: 0.34ms
[540.372s][info][gc,phases   ] GC(876)   Merge Heap Roots: 0.16ms
[540.372s][info][gc,phases   ] GC(876)   Evacuate Collection Set: 19.77ms
[540.372s][info][gc,phases   ] GC(876)   Post Evacuate Collection Set: 0.92ms
[540.372s][info][gc,phases   ] GC(876)   Other: 0.08ms
[540.372s][info][gc,heap     ] GC(876) Eden regions: 437->0(498)
[540.372s][info][gc,heap     ] GC(876) Survivor regions: 1->25(64)
[540.372s][info][gc,heap     ] GC(876) Old regions: 46->46
[540.372s][info][gc,heap     ] GC(876) Humongous regions: 363->207
[540.372s][info][gc,metaspace] GC(876) Metaspace: 57798K(58112K)->57798K(58112K) NonClass: 52172K(52416K)->52172K(52416K) Class: 5625K(5696K)->5625K(5696K)
[540.372s][info][gc          ] GC(876) Pause Young (Prepare Mixed) (G1 Evacuation Pause) 846M->277M(872M) 21.450ms
[540.372s][info][gc,cpu      ] GC(876) User=0.02s Sys=0.02s Real=0.03s
[541.351s][info][gc,start    ] GC(877) Pause Young (Mixed) (G1 Evacuation Pause)
[541.351s][info][gc,task     ] GC(877) Using 2 workers of 2 for evacuation
[541.362s][info][gc,phases   ] GC(877)   Pre Evacuate Collection Set: 0.30ms
[541.362s][info][gc,phases   ] GC(877)   Merge Heap Roots: 0.15ms
[541.362s][info][gc,phases   ] GC(877)   Evacuate Collection Set: 9.61ms
[541.362s][info][gc,phases   ] GC(877)   Post Evacuate Collection Set: 1.14ms
[541.362s][info][gc,phases   ] GC(877)   Other: 0.11ms
[541.362s][info][gc,heap     ] GC(877) Eden regions: 498->0(498)
[541.362s][info][gc,heap     ] GC(877) Survivor regions: 25->25(66)
[541.362s][info][gc,heap     ] GC(877) Old regions: 46->46
[541.362s][info][gc,heap     ] GC(877) Humongous regions: 207->207
[541.362s][info][gc,metaspace] GC(877) Metaspace: 57798K(58112K)->57798K(58112K) NonClass: 52172K(52416K)->52172K(52416K) Class: 5625K(5696K)->5625K(5696K)
[541.362s][info][gc          ] GC(877) Pause Young (Mixed) (G1 Evacuation Pause) 775M->276M(872M) 11.482ms
[541.362s][info][gc,cpu      ] GC(877) User=0.02s Sys=0.00s Real=0.02s
[542.349s][info][gc,start    ] GC(878) Pause Young (Concurrent Start) (G1 Evacuation Pause)
[542.349s][info][gc,task     ] GC(878) Using 2 workers of 2 for evacuation
[542.360s][info][gc,phases   ] GC(878)   Pre Evacuate Collection Set: 0.33ms
[542.360s][info][gc,phases   ] GC(878)   Merge Heap Roots: 0.13ms
[542.360s][info][gc,phases   ] GC(878)   Evacuate Collection Set: 9.78ms
[542.360s][info][gc,phases   ] GC(878)   Post Evacuate Collection Set: 0.90ms
[542.360s][info][gc,phases   ] GC(878)   Other: 0.10ms
[542.360s][info][gc,heap     ] GC(878) Eden regions: 498->0(497)
[542.360s][info][gc,heap     ] GC(878) Survivor regions: 25->26(66)
[542.360s][info][gc,heap     ] GC(878) Old regions: 46->46
[542.360s][info][gc,heap     ] GC(878) Humongous regions: 207->207
[542.360s][info][gc,metaspace] GC(878) Metaspace: 57798K(58112K)->57798K(58112K) NonClass: 52172K(52416K)->52172K(52416K) Class: 5625K(5696K)->5625K(5696K)
[542.360s][info][gc          ] GC(878) Pause Young (Concurrent Start) (G1 Evacuation Pause) 774M->278M(872M) 11.439ms
[542.360s][info][gc          ] GC(879) Concurrent Mark Cycle
[542.360s][info][gc,marking  ] GC(879) Concurrent Scan Root Regions
[542.360s][info][gc,cpu      ] GC(878) User=0.02s Sys=0.00s Real=0.01s
[542.373s][info][gc,marking  ] GC(879) Concurrent Scan Root Regions 13.015ms
[542.373s][info][gc,marking  ] GC(879) Concurrent Mark
[542.373s][info][gc,marking  ] GC(879) Concurrent Mark From Roots
[542.373s][info][gc,task     ] GC(879) Using 1 workers of 1 for marking
[542.414s][info][gc,marking  ] GC(879) Concurrent Mark From Roots 40.465ms
[542.414s][info][gc,marking  ] GC(879) Concurrent Preclean
[542.414s][info][gc,marking  ] GC(879) Concurrent Preclean 0.055ms
[542.414s][info][gc,start    ] GC(879) Pause Remark
[542.423s][info][gc          ] GC(879) Pause Remark 306M->306M(872M) 9.101ms
[542.423s][info][gc,cpu      ] GC(879) User=0.02s Sys=0.00s Real=0.01s
[542.423s][info][gc,marking  ] GC(879) Concurrent Mark 49.922ms
[542.423s][info][gc,marking  ] GC(879) Concurrent Rebuild Remembered Sets and Scrub Regions
[542.449s][info][gc,marking  ] GC(879) Concurrent Rebuild Remembered Sets and Scrub Regions 25.896ms
[542.449s][info][gc,start    ] GC(879) Pause Cleanup
[542.449s][info][gc          ] GC(879) Pause Cleanup 325M->325M(872M) 0.080ms
[542.449s][info][gc,cpu      ] GC(879) User=0.00s Sys=0.00s Real=0.00s
[542.450s][info][gc,marking  ] GC(879) Concurrent Clear Claimed Marks
[542.450s][info][gc,marking  ] GC(879) Concurrent Clear Claimed Marks 0.094ms
[542.450s][info][gc,marking  ] GC(879) Concurrent Cleanup for Next Mark
[542.453s][info][gc,marking  ] GC(879) Concurrent Cleanup for Next Mark 2.879ms
[542.453s][info][gc          ] GC(879) Concurrent Mark Cycle 92.903ms
[543.347s][info][gc,start    ] GC(880) Pause Young (Prepare Mixed) (G1 Evacuation Pause)
[543.347s][info][gc,task     ] GC(880) Using 2 workers of 2 for evacuation
[543.358s][info][gc,phases   ] GC(880)   Pre Evacuate Collection Set: 0.30ms
[543.358s][info][gc,phases   ] GC(880)   Merge Heap Roots: 0.16ms
[543.358s][info][gc,phases   ] GC(880)   Evacuate Collection Set: 9.64ms
[543.358s][info][gc,phases   ] GC(880)   Post Evacuate Collection Set: 0.85ms
[543.358s][info][gc,phases   ] GC(880)   Other: 0.09ms
[543.358s][info][gc,heap     ] GC(880) Eden regions: 497->0(497)
[543.358s][info][gc,heap     ] GC(880) Survivor regions: 26->26(66)
[543.358s][info][gc,heap     ] GC(880) Old regions: 46->46
[543.358s][info][gc,heap     ] GC(880) Humongous regions: 207->207
[543.358s][info][gc,metaspace] GC(880) Metaspace: 57798K(58112K)->57798K(58112K) NonClass: 52172K(52416K)->52172K(52416K) Class: 5625K(5696K)->5625K(5696K)
[543.358s][info][gc          ] GC(880) Pause Young (Prepare Mixed) (G1 Evacuation Pause) 775M->278M(872M) 11.231ms
[543.358s][info][gc,cpu      ] GC(880) User=0.02s Sys=0.00s Real=0.01s
[544.341s][info][gc,start    ] GC(881) Pause Young (Mixed) (G1 Evacuation Pause)
[544.341s][info][gc,task     ] GC(881) Using 2 workers of 2 for evacuation
[544.351s][info][gc,phases   ] GC(881)   Pre Evacuate Collection Set: 0.32ms
[544.352s][info][gc,phases   ] GC(881)   Merge Heap Roots: 0.14ms
[544.352s][info][gc,phases   ] GC(881)   Evacuate Collection Set: 9.38ms
[544.352s][info][gc,phases   ] GC(881)   Post Evacuate Collection Set: 0.87ms
[544.352s][info][gc,phases   ] GC(881)   Other: 0.08ms
[544.352s][info][gc,heap     ] GC(881) Eden regions: 497->0(498)
[544.352s][info][gc,heap     ] GC(881) Survivor regions: 26->25(66)
[544.352s][info][gc,heap     ] GC(881) Old regions: 46->45
[544.352s][info][gc,heap     ] GC(881) Humongous regions: 207->207
[544.352s][info][gc,metaspace] GC(881) Metaspace: 57798K(58112K)->57798K(58112K) NonClass: 52172K(52416K)->52172K(52416K) Class: 5625K(5696K)->5625K(5696K)
[544.352s][info][gc          ] GC(881) Pause Young (Mixed) (G1 Evacuation Pause) 775M->276M(872M) 10.966ms
[544.352s][info][gc,cpu      ] GC(881) User=0.03s Sys=0.00s Real=0.01s
[545.342s][info][gc,start    ] GC(882) Pause Young (Concurrent Start) (G1 Evacuation Pause)
[545.342s][info][gc,task     ] GC(882) Using 2 workers of 2 for evacuation
[545.361s][info][gc,phases   ] GC(882)   Pre Evacuate Collection Set: 0.42ms
[545.361s][info][gc,phases   ] GC(882)   Merge Heap Roots: 0.13ms
[545.361s][info][gc,phases   ] GC(882)   Evacuate Collection Set: 17.33ms
[545.361s][info][gc,phases   ] GC(882)   Post Evacuate Collection Set: 0.98ms
[545.361s][info][gc,phases   ] GC(882)   Other: 0.15ms
[545.361s][info][gc,heap     ] GC(882) Eden regions: 498->0(498)
[545.361s][info][gc,heap     ] GC(882) Survivor regions: 25->25(66)
[545.361s][info][gc,heap     ] GC(882) Old regions: 45->46
[545.361s][info][gc,heap     ] GC(882) Humongous regions: 207->207
[545.361s][info][gc,metaspace] GC(882) Metaspace: 57798K(58112K)->57798K(58112K) NonClass: 52172K(52416K)->52172K(52416K) Class: 5625K(5696K)->5625K(5696K)
[545.361s][info][gc          ] GC(882) Pause Young (Concurrent Start) (G1 Evacuation Pause) 774M->276M(872M) 19.249ms
[545.361s][info][gc,cpu      ] GC(882) User=0.03s Sys=0.00s Real=0.01s
[545.361s][info][gc          ] GC(883) Concurrent Mark Cycle
[545.361s][info][gc,marking  ] GC(883) Concurrent Scan Root Regions
[545.389s][info][gc,marking  ] GC(883) Concurrent Scan Root Regions 27.370ms
[545.389s][info][gc,marking  ] GC(883) Concurrent Mark
[545.389s][info][gc,marking  ] GC(883) Concurrent Mark From Roots
[545.389s][info][gc,task     ] GC(883) Using 1 workers of 1 for marking
[545.428s][info][gc,marking  ] GC(883) Concurrent Mark From Roots 39.229ms
[545.428s][info][gc,marking  ] GC(883) Concurrent Preclean
[545.428s][info][gc,marking  ] GC(883) Concurrent Preclean 0.059ms
[545.428s][info][gc,start    ] GC(883) Pause Remark
[545.438s][info][gc          ] GC(883) Pause Remark 316M->316M(872M) 9.387ms
[545.438s][info][gc,cpu      ] GC(883) User=0.02s Sys=0.00s Real=0.01s
[545.439s][info][gc,marking  ] GC(883) Concurrent Mark 50.155ms
[545.439s][info][gc,marking  ] GC(883) Concurrent Rebuild Remembered Sets and Scrub Regions
[545.455s][info][gc,marking  ] GC(883) Concurrent Rebuild Remembered Sets and Scrub Regions 16.420ms
[545.456s][info][gc,start    ] GC(883) Pause Cleanup
[545.456s][info][gc          ] GC(883) Pause Cleanup 328M->328M(872M) 0.075ms
[545.456s][info][gc,cpu      ] GC(883) User=0.00s Sys=0.00s Real=0.00s
[545.456s][info][gc,marking  ] GC(883) Concurrent Clear Claimed Marks
[545.456s][info][gc,marking  ] GC(883) Concurrent Clear Claimed Marks 0.086ms
[545.456s][info][gc,marking  ] GC(883) Concurrent Cleanup for Next Mark
[545.458s][info][gc,marking  ] GC(883) Concurrent Cleanup for Next Mark 2.549ms
[545.458s][info][gc          ] GC(883) Concurrent Mark Cycle 97.034ms
[546.378s][info][gc,start    ] GC(884) Pause Young (Prepare Mixed) (G1 Evacuation Pause)
[546.378s][info][gc,task     ] GC(884) Using 2 workers of 2 for evacuation
[546.387s][info][gc,phases   ] GC(884)   Pre Evacuate Collection Set: 0.31ms
[546.387s][info][gc,phases   ] GC(884)   Merge Heap Roots: 0.16ms
[546.387s][info][gc,phases   ] GC(884)   Evacuate Collection Set: 7.26ms
[546.387s][info][gc,phases   ] GC(884)   Post Evacuate Collection Set: 0.87ms
[546.387s][info][gc,phases   ] GC(884)   Other: 0.11ms
[546.387s][info][gc,heap     ] GC(884) Eden regions: 498->0(499)
[546.387s][info][gc,heap     ] GC(884) Survivor regions: 25->24(66)
[546.387s][info][gc,heap     ] GC(884) Old regions: 46->46
[546.387s][info][gc,heap     ] GC(884) Humongous regions: 207->207
[546.387s][info][gc,metaspace] GC(884) Metaspace: 57798K(58112K)->57798K(58112K) NonClass: 52172K(52416K)->52172K(52416K) Class: 5625K(5696K)->5625K(5696K)
[546.387s][info][gc          ] GC(884) Pause Young (Prepare Mixed) (G1 Evacuation Pause) 774M->276M(872M) 8.898ms
[546.387s][info][gc,cpu      ] GC(884) User=0.02s Sys=0.00s Real=0.01s
[547.335s][info][gc,start    ] GC(885) Pause Young (Mixed) (G1 Evacuation Pause)
[547.336s][info][gc,task     ] GC(885) Using 2 workers of 2 for evacuation
[547.349s][info][gc,phases   ] GC(885)   Pre Evacuate Collection Set: 0.29ms
[547.349s][info][gc,phases   ] GC(885)   Merge Heap Roots: 0.20ms
[547.349s][info][gc,phases   ] GC(885)   Evacuate Collection Set: 11.68ms
[547.349s][info][gc,phases   ] GC(885)   Post Evacuate Collection Set: 0.98ms
[547.349s][info][gc,phases   ] GC(885)   Other: 0.09ms
[547.349s][info][gc,heap     ] GC(885) Eden regions: 499->0(499)
[547.349s][info][gc,heap     ] GC(885) Survivor regions: 24->24(66)
[547.349s][info][gc,heap     ] GC(885) Old regions: 46->45
[547.349s][info][gc,heap     ] GC(885) Humongous regions: 207->207
[547.349s][info][gc,metaspace] GC(885) Metaspace: 57798K(58112K)->57798K(58112K) NonClass: 52172K(52416K)->52172K(52416K) Class: 5625K(5696K)->5625K(5696K)
[547.349s][info][gc          ] GC(885) Pause Young (Mixed) (G1 Evacuation Pause) 775M->275M(872M) 13.464ms
[547.349s][info][gc,cpu      ] GC(885) User=0.03s Sys=0.00s Real=0.01s
[548.335s][info][gc,start    ] GC(886) Pause Young (Concurrent Start) (G1 Evacuation Pause)
[548.335s][info][gc,task     ] GC(886) Using 2 workers of 2 for evacuation
[548.344s][info][gc,phases   ] GC(886)   Pre Evacuate Collection Set: 0.29ms
[548.344s][info][gc,phases   ] GC(886)   Merge Heap Roots: 0.15ms
[548.344s][info][gc,phases   ] GC(886)   Evacuate Collection Set: 7.45ms
[548.344s][info][gc,phases   ] GC(886)   Post Evacuate Collection Set: 0.89ms
[548.344s][info][gc,phases   ] GC(886)   Other: 0.13ms
[548.344s][info][gc,heap     ] GC(886) Eden regions: 499->0(499)
[548.344s][info][gc,heap     ] GC(886) Survivor regions: 24->24(66)
[548.344s][info][gc,heap     ] GC(886) Old regions: 45->45
[548.344s][info][gc,heap     ] GC(886) Humongous regions: 207->207
[548.344s][info][gc,metaspace] GC(886) Metaspace: 57798K(58112K)->57798K(58112K) NonClass: 52172K(52416K)->52172K(52416K) Class: 5625K(5696K)->5625K(5696K)
[548.344s][info][gc          ] GC(886) Pause Young (Concurrent Start) (G1 Evacuation Pause) 774M->275M(872M) 9.085ms
[548.344s][info][gc,cpu      ] GC(886) User=0.02s Sys=0.00s Real=0.01s
[548.344s][info][gc          ] GC(887) Concurrent Mark Cycle
[548.344s][info][gc,marking  ] GC(887) Concurrent Scan Root Regions
[548.349s][info][gc,marking  ] GC(887) Concurrent Scan Root Regions 5.011ms
[548.349s][info][gc,marking  ] GC(887) Concurrent Mark
[548.349s][info][gc,marking  ] GC(887) Concurrent Mark From Roots
[548.349s][info][gc,task     ] GC(887) Using 1 workers of 1 for marking
[548.395s][info][gc,marking  ] GC(887) Concurrent Mark From Roots 46.270ms
[548.395s][info][gc,marking  ] GC(887) Concurrent Preclean
[548.395s][info][gc,marking  ] GC(887) Concurrent Preclean 0.056ms
[548.395s][info][gc,start    ] GC(887) Pause Remark
[548.404s][info][gc          ] GC(887) Pause Remark 315M->315M(872M) 9.046ms
[548.405s][info][gc,cpu      ] GC(887) User=0.02s Sys=0.00s Real=0.01s
[548.405s][info][gc,marking  ] GC(887) Concurrent Mark 55.653ms
[548.405s][info][gc,marking  ] GC(887) Concurrent Rebuild Remembered Sets and Scrub Regions
[548.423s][info][gc,marking  ] GC(887) Concurrent Rebuild Remembered Sets and Scrub Regions 17.925ms
[548.423s][info][gc,start    ] GC(887) Pause Cleanup
[548.423s][info][gc          ] GC(887) Pause Cleanup 320M->320M(872M) 0.070ms
[548.423s][info][gc,cpu      ] GC(887) User=0.00s Sys=0.00s Real=0.00s
[548.423s][info][gc,marking  ] GC(887) Concurrent Clear Claimed Marks
[548.423s][info][gc,marking  ] GC(887) Concurrent Clear Claimed Marks 0.082ms
[548.423s][info][gc,marking  ] GC(887) Concurrent Cleanup for Next Mark
[548.425s][info][gc,marking  ] GC(887) Concurrent Cleanup for Next Mark 2.541ms
[548.425s][info][gc          ] GC(887) Concurrent Mark Cycle 81.522ms
[549.332s][info][gc,start    ] GC(888) Pause Young (Prepare Mixed) (G1 Evacuation Pause)
[549.332s][info][gc,task     ] GC(888) Using 2 workers of 2 for evacuation
[549.340s][info][gc,phases   ] GC(888)   Pre Evacuate Collection Set: 0.30ms
[549.340s][info][gc,phases   ] GC(888)   Merge Heap Roots: 0.16ms
[549.340s][info][gc,phases   ] GC(888)   Evacuate Collection Set: 6.80ms
[549.340s][info][gc,phases   ] GC(888)   Post Evacuate Collection Set: 0.85ms
[549.340s][info][gc,phases   ] GC(888)   Other: 0.10ms
[549.340s][info][gc,heap     ] GC(888) Eden regions: 499->0(500)
[549.340s][info][gc,heap     ] GC(888) Survivor regions: 24->23(66)
[549.340s][info][gc,heap     ] GC(888) Old regions: 45->45
[549.340s][info][gc,heap     ] GC(888) Humongous regions: 207->207
[549.340s][info][gc,metaspace] GC(888) Metaspace: 57798K(58112K)->57798K(58112K) NonClass: 52172K(52416K)->52172K(52416K) Class: 5625K(5696K)->5625K(5696K)
[549.340s][info][gc          ] GC(888) Pause Young (Prepare Mixed) (G1 Evacuation Pause) 774M->274M(872M) 8.399ms
[549.340s][info][gc,cpu      ] GC(888) User=0.01s Sys=0.00s Real=0.01s
[550.280s][info][gc,start    ] GC(889) Pause Young (Mixed) (G1 Evacuation Pause)
[550.280s][info][gc,task     ] GC(889) Using 2 workers of 2 for evacuation
[550.291s][info][gc,phases   ] GC(889)   Pre Evacuate Collection Set: 0.31ms
[550.291s][info][gc,phases   ] GC(889)   Merge Heap Roots: 0.18ms
[550.291s][info][gc,phases   ] GC(889)   Evacuate Collection Set: 8.91ms
[550.291s][info][gc,phases   ] GC(889)   Post Evacuate Collection Set: 0.91ms
[550.291s][info][gc,phases   ] GC(889)   Other: 0.09ms
[550.291s][info][gc,heap     ] GC(889) Eden regions: 500->0(499)
[550.291s][info][gc,heap     ] GC(889) Survivor regions: 23->24(66)
[550.291s][info][gc,heap     ] GC(889) Old regions: 45->45
[550.291s][info][gc,heap     ] GC(889) Humongous regions: 207->207
[550.291s][info][gc,metaspace] GC(889) Metaspace: 57798K(58112K)->57798K(58112K) NonClass: 52172K(52416K)->52172K(52416K) Class: 5625K(5696K)->5625K(5696K)
[550.291s][info][gc          ] GC(889) Pause Young (Mixed) (G1 Evacuation Pause) 774M->275M(872M) 10.581ms
[550.291s][info][gc,cpu      ] GC(889) User=0.02s Sys=0.00s Real=0.01s
[551.380s][info][gc,start    ] GC(890) Pause Young (Concurrent Start) (G1 Evacuation Pause)
[551.380s][info][gc,task     ] GC(890) Using 2 workers of 2 for evacuation
[551.389s][info][gc,phases   ] GC(890)   Pre Evacuate Collection Set: 0.34ms
[551.389s][info][gc,phases   ] GC(890)   Merge Heap Roots: 0.13ms
[551.389s][info][gc,phases   ] GC(890)   Evacuate Collection Set: 7.35ms
[551.389s][info][gc,phases   ] GC(890)   Post Evacuate Collection Set: 0.92ms
[551.389s][info][gc,phases   ] GC(890)   Other: 0.11ms
[551.389s][info][gc,heap     ] GC(890) Eden regions: 499->0(499)
[551.389s][info][gc,heap     ] GC(890) Survivor regions: 24->24(66)
[551.389s][info][gc,heap     ] GC(890) Old regions: 45->45
[551.389s][info][gc,heap     ] GC(890) Humongous regions: 207->207
[551.389s][info][gc,metaspace] GC(890) Metaspace: 57798K(58112K)->57798K(58112K) NonClass: 52172K(52416K)->52172K(52416K) Class: 5625K(5696K)->5625K(5696K)
[551.389s][info][gc          ] GC(890) Pause Young (Concurrent Start) (G1 Evacuation Pause) 774M->275M(872M) 9.085ms
[551.389s][info][gc          ] GC(891) Concurrent Mark Cycle
[551.389s][info][gc,marking  ] GC(891) Concurrent Scan Root Regions
[551.389s][info][gc,cpu      ] GC(890) User=0.02s Sys=0.00s Real=0.01s
[551.393s][info][gc,marking  ] GC(891) Concurrent Scan Root Regions 4.210ms
[551.393s][info][gc,marking  ] GC(891) Concurrent Mark
[551.393s][info][gc,marking  ] GC(891) Concurrent Mark From Roots
[551.393s][info][gc,task     ] GC(891) Using 1 workers of 1 for marking
[551.434s][info][gc,marking  ] GC(891) Concurrent Mark From Roots 40.859ms
[551.434s][info][gc,marking  ] GC(891) Concurrent Preclean
[551.434s][info][gc,marking  ] GC(891) Concurrent Preclean 0.054ms
[551.434s][info][gc,start    ] GC(891) Pause Remark
[551.443s][info][gc          ] GC(891) Pause Remark 309M->309M(872M) 8.960ms
[551.443s][info][gc,cpu      ] GC(891) User=0.01s Sys=0.00s Real=0.01s
[551.444s][info][gc,marking  ] GC(891) Concurrent Mark 50.239ms
[551.444s][info][gc,marking  ] GC(891) Concurrent Rebuild Remembered Sets and Scrub Regions
[551.462s][info][gc,marking  ] GC(891) Concurrent Rebuild Remembered Sets and Scrub Regions 18.197ms
[551.462s][info][gc,start    ] GC(891) Pause Cleanup
[551.462s][info][gc          ] GC(891) Pause Cleanup 326M->326M(872M) 0.082ms
[551.462s][info][gc,cpu      ] GC(891) User=0.00s Sys=0.00s Real=0.01s
[551.462s][info][gc,marking  ] GC(891) Concurrent Clear Claimed Marks
[551.462s][info][gc,marking  ] GC(891) Concurrent Clear Claimed Marks 0.084ms
[551.462s][info][gc,marking  ] GC(891) Concurrent Cleanup for Next Mark
[551.465s][info][gc,marking  ] GC(891) Concurrent Cleanup for Next Mark 2.826ms
[551.465s][info][gc          ] GC(891) Concurrent Mark Cycle 75.969ms
[552.282s][info][gc,start    ] GC(892) Pause Young (Prepare Mixed) (G1 Evacuation Pause)
[552.282s][info][gc,task     ] GC(892) Using 2 workers of 2 for evacuation
[552.290s][info][gc,phases   ] GC(892)   Pre Evacuate Collection Set: 0.32ms
[552.290s][info][gc,phases   ] GC(892)   Merge Heap Roots: 0.17ms
[552.290s][info][gc,phases   ] GC(892)   Evacuate Collection Set: 6.89ms
[552.290s][info][gc,phases   ] GC(892)   Post Evacuate Collection Set: 0.87ms
[552.290s][info][gc,phases   ] GC(892)   Other: 0.11ms
[552.290s][info][gc,heap     ] GC(892) Eden regions: 499->0(500)
[552.290s][info][gc,heap     ] GC(892) Survivor regions: 24->23(66)
[552.290s][info][gc,heap     ] GC(892) Old regions: 45->45
[552.290s][info][gc,heap     ] GC(892) Humongous regions: 207->207
[552.290s][info][gc,metaspace] GC(892) Metaspace: 57798K(58112K)->57798K(58112K) NonClass: 52172K(52416K)->52172K(52416K) Class: 5625K(5696K)->5625K(5696K)
[552.291s][info][gc          ] GC(892) Pause Young (Prepare Mixed) (G1 Evacuation Pause) 774M->274M(872M) 8.538ms
[552.291s][info][gc,cpu      ] GC(892) User=0.02s Sys=0.00s Real=0.00s
[553.275s][info][gc,start    ] GC(893) Pause Young (Mixed) (G1 Evacuation Pause)
[553.275s][info][gc,task     ] GC(893) Using 2 workers of 2 for evacuation
[553.286s][info][gc,phases   ] GC(893)   Pre Evacuate Collection Set: 0.32ms
[553.286s][info][gc,phases   ] GC(893)   Merge Heap Roots: 0.14ms
[553.286s][info][gc,phases   ] GC(893)   Evacuate Collection Set: 9.32ms
[553.286s][info][gc,phases   ] GC(893)   Post Evacuate Collection Set: 0.90ms
[553.286s][info][gc,phases   ] GC(893)   Other: 0.09ms
[553.286s][info][gc,heap     ] GC(893) Eden regions: 500->0(499)
[553.286s][info][gc,heap     ] GC(893) Survivor regions: 23->24(66)
[553.286s][info][gc,heap     ] GC(893) Old regions: 45->45
[553.286s][info][gc,heap     ] GC(893) Humongous regions: 207->207
[553.286s][info][gc,metaspace] GC(893) Metaspace: 57798K(58112K)->57798K(58112K) NonClass: 52172K(52416K)->52172K(52416K) Class: 5625K(5696K)->5625K(5696K)
[553.286s][info][gc          ] GC(893) Pause Young (Mixed) (G1 Evacuation Pause) 774M->275M(872M) 10.959ms
[553.286s][info][gc,cpu      ] GC(893) User=0.02s Sys=0.00s Real=0.01s
[554.273s][info][gc,start    ] GC(894) Pause Young (Concurrent Start) (G1 Evacuation Pause)
[554.273s][info][gc,task     ] GC(894) Using 2 workers of 2 for evacuation
[554.291s][info][gc,phases   ] GC(894)   Pre Evacuate Collection Set: 0.33ms
[554.291s][info][gc,phases   ] GC(894)   Merge Heap Roots: 0.12ms
[554.291s][info][gc,phases   ] GC(894)   Evacuate Collection Set: 16.11ms
[554.291s][info][gc,phases   ] GC(894)   Post Evacuate Collection Set: 1.02ms
[554.291s][info][gc,phases   ] GC(894)   Other: 0.11ms
[554.291s][info][gc,heap     ] GC(894) Eden regions: 499->0(499)
[554.291s][info][gc,heap     ] GC(894) Survivor regions: 24->24(66)
[554.291s][info][gc,heap     ] GC(894) Old regions: 45->45
[554.291s][info][gc,heap     ] GC(894) Humongous regions: 207->207
[554.291s][info][gc,metaspace] GC(894) Metaspace: 57798K(58112K)->57798K(58112K) NonClass: 52172K(52416K)->52172K(52416K) Class: 5625K(5696K)->5625K(5696K)
[554.291s][info][gc          ] GC(894) Pause Young (Concurrent Start) (G1 Evacuation Pause) 774M->275M(872M) 17.894ms
[554.291s][info][gc,cpu      ] GC(894) User=0.02s Sys=0.00s Real=0.01s
[554.292s][info][gc          ] GC(895) Concurrent Mark Cycle
[554.292s][info][gc,marking  ] GC(895) Concurrent Scan Root Regions
[554.302s][info][gc,marking  ] GC(895) Concurrent Scan Root Regions 10.379ms
[554.302s][info][gc,marking  ] GC(895) Concurrent Mark
[554.302s][info][gc,marking  ] GC(895) Concurrent Mark From Roots
[554.302s][info][gc,task     ] GC(895) Using 1 workers of 1 for marking
[554.376s][info][gc,marking  ] GC(895) Concurrent Mark From Roots 73.398ms
[554.376s][info][gc,marking  ] GC(895) Concurrent Preclean
[554.376s][info][gc,marking  ] GC(895) Concurrent Preclean 0.055ms
[554.376s][info][gc,start    ] GC(895) Pause Remark
[554.387s][info][gc          ] GC(895) Pause Remark 313M->299M(872M) 11.504ms
[554.387s][info][gc,cpu      ] GC(895) User=0.01s Sys=0.00s Real=0.01s
[554.388s][info][gc,marking  ] GC(895) Concurrent Mark 86.016ms
[554.388s][info][gc,marking  ] GC(895) Concurrent Rebuild Remembered Sets and Scrub Regions
[554.409s][info][gc,marking  ] GC(895) Concurrent Rebuild Remembered Sets and Scrub Regions 20.606ms
[554.409s][info][gc,start    ] GC(895) Pause Cleanup
[554.409s][info][gc          ] GC(895) Pause Cleanup 308M->308M(872M) 0.096ms
[554.409s][info][gc,cpu      ] GC(895) User=0.00s Sys=0.00s Real=0.00s
[554.409s][info][gc,marking  ] GC(895) Concurrent Clear Claimed Marks
[554.409s][info][gc,marking  ] GC(895) Concurrent Clear Claimed Marks 0.112ms
[554.409s][info][gc,marking  ] GC(895) Concurrent Cleanup for Next Mark
[554.412s][info][gc,marking  ] GC(895) Concurrent Cleanup for Next Mark 2.594ms
[554.412s][info][gc          ] GC(895) Concurrent Mark Cycle 120.344ms
[555.280s][info][gc,start    ] GC(896) Pause Young (Prepare Mixed) (G1 Evacuation Pause)
[555.280s][info][gc,task     ] GC(896) Using 2 workers of 2 for evacuation
[555.289s][info][gc,phases   ] GC(896)   Pre Evacuate Collection Set: 0.29ms
[555.289s][info][gc,phases   ] GC(896)   Merge Heap Roots: 0.15ms
[555.289s][info][gc,phases   ] GC(896)   Evacuate Collection Set: 7.22ms
[555.289s][info][gc,phases   ] GC(896)   Post Evacuate Collection Set: 0.85ms
[555.289s][info][gc,phases   ] GC(896)   Other: 0.08ms
[555.289s][info][gc,heap     ] GC(896) Eden regions: 499->0(521)
[555.289s][info][gc,heap     ] GC(896) Survivor regions: 24->2(66)
[555.289s][info][gc,heap     ] GC(896) Old regions: 31->53
[555.289s][info][gc,heap     ] GC(896) Humongous regions: 207->207
[555.289s][info][gc,metaspace] GC(896) Metaspace: 57798K(58112K)->57798K(58112K) NonClass: 52172K(52416K)->52172K(52416K) Class: 5625K(5696K)->5625K(5696K)
[555.289s][info][gc          ] GC(896) Pause Young (Prepare Mixed) (G1 Evacuation Pause) 760M->261M(872M) 8.776ms
[555.289s][info][gc,cpu      ] GC(896) User=0.02s Sys=0.00s Real=0.01s
[556.387s][info][gc,start    ] GC(897) Pause Young (Mixed) (G1 Evacuation Pause)
[556.387s][info][gc,task     ] GC(897) Using 2 workers of 2 for evacuation
[556.392s][info][gc,phases   ] GC(897)   Pre Evacuate Collection Set: 0.31ms
[556.392s][info][gc,phases   ] GC(897)   Merge Heap Roots: 0.14ms
[556.392s][info][gc,phases   ] GC(897)   Evacuate Collection Set: 3.64ms
[556.392s][info][gc,phases   ] GC(897)   Post Evacuate Collection Set: 0.82ms
[556.392s][info][gc,phases   ] GC(897)   Other: 0.10ms
[556.392s][info][gc,heap     ] GC(897) Eden regions: 521->0(521)
[556.392s][info][gc,heap     ] GC(897) Survivor regions: 2->2(66)
[556.392s][info][gc,heap     ] GC(897) Old regions: 53->52
[556.392s][info][gc,heap     ] GC(897) Humongous regions: 207->207
[556.392s][info][gc,metaspace] GC(897) Metaspace: 57798K(58112K)->57798K(58112K) NonClass: 52172K(52416K)->52172K(52416K) Class: 5625K(5696K)->5625K(5696K)
[556.393s][info][gc          ] GC(897) Pause Young (Mixed) (G1 Evacuation Pause) 782M->260M(872M) 5.180ms
[556.393s][info][gc,cpu      ] GC(897) User=0.01s Sys=0.00s Real=0.01s
[557.463s][info][gc,start    ] GC(898) Pause Young (Concurrent Start) (G1 Evacuation Pause)
[557.463s][info][gc,task     ] GC(898) Using 2 workers of 2 for evacuation
[557.469s][info][gc,phases   ] GC(898)   Pre Evacuate Collection Set: 0.35ms
[557.469s][info][gc,phases   ] GC(898)   Merge Heap Roots: 0.13ms
[557.469s][info][gc,phases   ] GC(898)   Evacuate Collection Set: 4.99ms
[557.469s][info][gc,phases   ] GC(898)   Post Evacuate Collection Set: 0.80ms
[557.469s][info][gc,phases   ] GC(898)   Other: 0.11ms
[557.469s][info][gc,heap     ] GC(898) Eden regions: 521->0(520)
[557.469s][info][gc,heap     ] GC(898) Survivor regions: 2->3(66)
[557.469s][info][gc,heap     ] GC(898) Old regions: 52->52
[557.469s][info][gc,heap     ] GC(898) Humongous regions: 207->207
[557.469s][info][gc,metaspace] GC(898) Metaspace: 57798K(58112K)->57798K(58112K) NonClass: 52172K(52416K)->52172K(52416K) Class: 5625K(5696K)->5625K(5696K)
[557.469s][info][gc          ] GC(898) Pause Young (Concurrent Start) (G1 Evacuation Pause) 781M->261M(872M) 6.559ms
[557.469s][info][gc,cpu      ] GC(898) User=0.01s Sys=0.00s Real=0.00s
[557.469s][info][gc          ] GC(899) Concurrent Mark Cycle
[557.469s][info][gc,marking  ] GC(899) Concurrent Scan Root Regions
[557.473s][info][gc,marking  ] GC(899) Concurrent Scan Root Regions 3.500ms
[557.473s][info][gc,marking  ] GC(899) Concurrent Mark
[557.473s][info][gc,marking  ] GC(899) Concurrent Mark From Roots
[557.473s][info][gc,task     ] GC(899) Using 1 workers of 1 for marking
[557.556s][info][gc,marking  ] GC(899) Concurrent Mark From Roots 83.350ms
[557.556s][info][gc,marking  ] GC(899) Concurrent Preclean
[557.556s][info][gc,marking  ] GC(899) Concurrent Preclean 0.098ms
[557.557s][info][gc,start    ] GC(899) Pause Remark
[557.566s][info][gc          ] GC(899) Pause Remark 320M->320M(872M) 9.030ms
[557.566s][info][gc,cpu      ] GC(899) User=0.02s Sys=0.00s Real=0.01s
[557.566s][info][gc,marking  ] GC(899) Concurrent Mark 93.151ms
[557.566s][info][gc,marking  ] GC(899) Concurrent Rebuild Remembered Sets and Scrub Regions
[557.597s][info][gc,marking  ] GC(899) Concurrent Rebuild Remembered Sets and Scrub Regions 30.417ms
[557.597s][info][gc,start    ] GC(899) Pause Cleanup
[557.597s][info][gc          ] GC(899) Pause Cleanup 348M->348M(872M) 0.087ms
[557.597s][info][gc,cpu      ] GC(899) User=0.00s Sys=0.00s Real=0.00s
[557.598s][info][gc,marking  ] GC(899) Concurrent Clear Claimed Marks
[557.598s][info][gc,marking  ] GC(899) Concurrent Clear Claimed Marks 0.106ms
[557.598s][info][gc,marking  ] GC(899) Concurrent Cleanup for Next Mark
[557.605s][info][gc,marking  ] GC(899) Concurrent Cleanup for Next Mark 6.667ms
[557.605s][info][gc          ] GC(899) Concurrent Mark Cycle 135.419ms
[558.438s][info][gc,start    ] GC(900) Pause Young (Prepare Mixed) (G1 Evacuation Pause)
[558.438s][info][gc,task     ] GC(900) Using 2 workers of 2 for evacuation
[558.442s][info][gc,phases   ] GC(900)   Pre Evacuate Collection Set: 0.30ms
[558.442s][info][gc,phases   ] GC(900)   Merge Heap Roots: 0.15ms
[558.442s][info][gc,phases   ] GC(900)   Evacuate Collection Set: 3.03ms
[558.442s][info][gc,phases   ] GC(900)   Post Evacuate Collection Set: 0.81ms
[558.442s][info][gc,phases   ] GC(900)   Other: 0.12ms
[558.442s][info][gc,heap     ] GC(900) Eden regions: 520->0(520)
[558.442s][info][gc,heap     ] GC(900) Survivor regions: 3->3(66)
[558.442s][info][gc,heap     ] GC(900) Old regions: 52->52
[558.442s][info][gc,heap     ] GC(900) Humongous regions: 207->207
[558.442s][info][gc,metaspace] GC(900) Metaspace: 57798K(58112K)->57798K(58112K) NonClass: 52172K(52416K)->52172K(52416K) Class: 5625K(5696K)->5625K(5696K)
[558.442s][info][gc          ] GC(900) Pause Young (Prepare Mixed) (G1 Evacuation Pause) 781M->260M(872M) 4.590ms
[558.442s][info][gc,cpu      ] GC(900) User=0.00s Sys=0.00s Real=0.01s
[559.452s][info][gc,start    ] GC(901) Pause Young (Mixed) (G1 Evacuation Pause)
[559.452s][info][gc,task     ] GC(901) Using 2 workers of 2 for evacuation
[559.458s][info][gc,phases   ] GC(901)   Pre Evacuate Collection Set: 0.30ms
[559.458s][info][gc,phases   ] GC(901)   Merge Heap Roots: 0.14ms
[559.458s][info][gc,phases   ] GC(901)   Evacuate Collection Set: 4.46ms
[559.458s][info][gc,phases   ] GC(901)   Post Evacuate Collection Set: 0.82ms
[559.458s][info][gc,phases   ] GC(901)   Other: 0.08ms
[559.458s][info][gc,heap     ] GC(901) Eden regions: 520->0(520)
[559.458s][info][gc,heap     ] GC(901) Survivor regions: 3->3(66)
[559.458s][info][gc,heap     ] GC(901) Old regions: 52->50
[559.458s][info][gc,heap     ] GC(901) Humongous regions: 207->207
[559.458s][info][gc,metaspace] GC(901) Metaspace: 57798K(58112K)->57798K(58112K) NonClass: 52172K(52416K)->52172K(52416K) Class: 5625K(5696K)->5625K(5696K)
[559.458s][info][gc          ] GC(901) Pause Young (Mixed) (G1 Evacuation Pause) 780M->259M(872M) 5.972ms
[559.458s][info][gc,cpu      ] GC(901) User=0.02s Sys=0.01s Real=0.01s
[560.474s][info][gc,start    ] GC(902) Pause Young (Concurrent Start) (G1 Evacuation Pause)
[560.474s][info][gc,task     ] GC(902) Using 2 workers of 2 for evacuation
[560.479s][info][gc,phases   ] GC(902)   Pre Evacuate Collection Set: 0.33ms
[560.479s][info][gc,phases   ] GC(902)   Merge Heap Roots: 0.13ms
[560.479s][info][gc,phases   ] GC(902)   Evacuate Collection Set: 3.52ms
[560.479s][info][gc,phases   ] GC(902)   Post Evacuate Collection Set: 0.81ms
[560.479s][info][gc,phases   ] GC(902)   Other: 0.10ms
[560.479s][info][gc,heap     ] GC(902) Eden regions: 520->0(521)
[560.479s][info][gc,heap     ] GC(902) Survivor regions: 3->2(66)
[560.479s][info][gc,heap     ] GC(902) Old regions: 50->50
[560.479s][info][gc,heap     ] GC(902) Humongous regions: 207->207
[560.479s][info][gc,metaspace] GC(902) Metaspace: 57798K(58112K)->57798K(58112K) NonClass: 52172K(52416K)->52172K(52416K) Class: 5625K(5696K)->5625K(5696K)
[560.479s][info][gc          ] GC(902) Pause Young (Concurrent Start) (G1 Evacuation Pause) 779M->258M(872M) 5.104ms
[560.479s][info][gc          ] GC(903) Concurrent Mark Cycle
[560.479s][info][gc,marking  ] GC(903) Concurrent Scan Root Regions
[560.480s][info][gc,cpu      ] GC(902) User=0.01s Sys=0.00s Real=0.00s
[560.483s][info][gc,marking  ] GC(903) Concurrent Scan Root Regions 3.526ms
[560.483s][info][gc,marking  ] GC(903) Concurrent Mark
[560.483s][info][gc,marking  ] GC(903) Concurrent Mark From Roots
[560.483s][info][gc,task     ] GC(903) Using 1 workers of 1 for marking
[560.525s][info][gc,marking  ] GC(903) Concurrent Mark From Roots 42.310ms
[560.525s][info][gc,marking  ] GC(903) Concurrent Preclean
[560.525s][info][gc,marking  ] GC(903) Concurrent Preclean 0.061ms
[560.525s][info][gc,start    ] GC(903) Pause Remark
[560.534s][info][gc          ] GC(903) Pause Remark 264M->264M(864M) 9.034ms
[560.534s][info][gc,cpu      ] GC(903) User=0.02s Sys=0.00s Real=0.01s
[560.534s][info][gc,marking  ] GC(903) Concurrent Mark 51.620ms
[560.534s][info][gc,marking  ] GC(903) Concurrent Rebuild Remembered Sets and Scrub Regions
[560.550s][info][gc,marking  ] GC(903) Concurrent Rebuild Remembered Sets and Scrub Regions 15.591ms
[560.550s][info][gc,start    ] GC(903) Pause Cleanup
[560.550s][info][gc          ] GC(903) Pause Cleanup 277M->277M(864M) 0.080ms
[560.550s][info][gc,cpu      ] GC(903) User=0.00s Sys=0.00s Real=0.00s
[560.552s][info][gc,marking  ] GC(903) Concurrent Clear Claimed Marks
[560.552s][info][gc,marking  ] GC(903) Concurrent Clear Claimed Marks 0.092ms
[560.552s][info][gc,marking  ] GC(903) Concurrent Cleanup for Next Mark
[560.555s][info][gc,marking  ] GC(903) Concurrent Cleanup for Next Mark 3.288ms
[560.555s][info][gc          ] GC(903) Concurrent Mark Cycle 76.043ms
[561.540s][info][gc,start    ] GC(904) Pause Young (Prepare Mixed) (G1 Evacuation Pause)
[561.540s][info][gc,task     ] GC(904) Using 2 workers of 2 for evacuation
[561.544s][info][gc,phases   ] GC(904)   Pre Evacuate Collection Set: 0.32ms
[561.544s][info][gc,phases   ] GC(904)   Merge Heap Roots: 0.15ms
[561.544s][info][gc,phases   ] GC(904)   Evacuate Collection Set: 2.90ms
[561.544s][info][gc,phases   ] GC(904)   Post Evacuate Collection Set: 0.81ms
[561.544s][info][gc,phases   ] GC(904)   Other: 0.11ms
[561.544s][info][gc,heap     ] GC(904) Eden regions: 516->0(516)
[561.544s][info][gc,heap     ] GC(904) Survivor regions: 2->2(65)
[561.544s][info][gc,heap     ] GC(904) Old regions: 50->51
[561.544s][info][gc,heap     ] GC(904) Humongous regions: 207->207
[561.544s][info][gc,metaspace] GC(904) Metaspace: 57798K(58112K)->57798K(58112K) NonClass: 52172K(52416K)->52172K(52416K) Class: 5625K(5696K)->5625K(5696K)
[561.544s][info][gc          ] GC(904) Pause Young (Prepare Mixed) (G1 Evacuation Pause) 774M->258M(864M) 4.484ms
[561.544s][info][gc,cpu      ] GC(904) User=0.01s Sys=0.00s Real=0.01s
[562.555s][info][gc,start    ] GC(905) Pause Young (Mixed) (G1 Evacuation Pause)
[562.555s][info][gc,task     ] GC(905) Using 2 workers of 2 for evacuation
[562.561s][info][gc,phases   ] GC(905)   Pre Evacuate Collection Set: 0.31ms
[562.561s][info][gc,phases   ] GC(905)   Merge Heap Roots: 0.14ms
[562.561s][info][gc,phases   ] GC(905)   Evacuate Collection Set: 5.27ms
[562.561s][info][gc,phases   ] GC(905)   Post Evacuate Collection Set: 0.80ms
[562.561s][info][gc,phases   ] GC(905)   Other: 0.11ms
[562.561s][info][gc,heap     ] GC(905) Eden regions: 516->0(514)
[562.561s][info][gc,heap     ] GC(905) Survivor regions: 2->4(65)
[562.561s][info][gc,heap     ] GC(905) Old regions: 51->49
[562.561s][info][gc,heap     ] GC(905) Humongous regions: 207->207
[562.561s][info][gc,metaspace] GC(905) Metaspace: 57798K(58112K)->57798K(58112K) NonClass: 52172K(52416K)->52172K(52416K) Class: 5625K(5696K)->5625K(5696K)
[562.561s][info][gc          ] GC(905) Pause Young (Mixed) (G1 Evacuation Pause) 774M->257M(864M) 6.831ms
[562.561s][info][gc,cpu      ] GC(905) User=0.01s Sys=0.00s Real=0.00s
[563.571s][info][gc,start    ] GC(906) Pause Young (Concurrent Start) (G1 Evacuation Pause)
[563.571s][info][gc,task     ] GC(906) Using 2 workers of 2 for evacuation
[563.575s][info][gc,phases   ] GC(906)   Pre Evacuate Collection Set: 0.34ms
[563.575s][info][gc,phases   ] GC(906)   Merge Heap Roots: 0.14ms
[563.575s][info][gc,phases   ] GC(906)   Evacuate Collection Set: 2.81ms
[563.575s][info][gc,phases   ] GC(906)   Post Evacuate Collection Set: 0.80ms
[563.575s][info][gc,phases   ] GC(906)   Other: 0.11ms
[563.575s][info][gc,heap     ] GC(906) Eden regions: 514->0(516)
[563.575s][info][gc,heap     ] GC(906) Survivor regions: 4->2(65)
[563.575s][info][gc,heap     ] GC(906) Old regions: 49->49
[563.575s][info][gc,heap     ] GC(906) Humongous regions: 207->207
[563.575s][info][gc,metaspace] GC(906) Metaspace: 57798K(58112K)->57798K(58112K) NonClass: 52172K(52416K)->52172K(52416K) Class: 5625K(5696K)->5625K(5696K)
[563.575s][info][gc          ] GC(906) Pause Young (Concurrent Start) (G1 Evacuation Pause) 771M->255M(864M) 4.364ms
[563.575s][info][gc,cpu      ] GC(906) User=0.00s Sys=0.00s Real=0.01s
[563.575s][info][gc          ] GC(907) Concurrent Mark Cycle
[563.575s][info][gc,marking  ] GC(907) Concurrent Scan Root Regions
[563.577s][info][gc,marking  ] GC(907) Concurrent Scan Root Regions 1.920ms
[563.577s][info][gc,marking  ] GC(907) Concurrent Mark
[563.577s][info][gc,marking  ] GC(907) Concurrent Mark From Roots
[563.577s][info][gc,task     ] GC(907) Using 1 workers of 1 for marking
[563.619s][info][gc,marking  ] GC(907) Concurrent Mark From Roots 41.661ms
[563.619s][info][gc,marking  ] GC(907) Concurrent Preclean
[563.619s][info][gc,marking  ] GC(907) Concurrent Preclean 0.059ms
[563.619s][info][gc,start    ] GC(907) Pause Remark
[563.628s][info][gc          ] GC(907) Pause Remark 259M->259M(860M) 8.945ms
[563.628s][info][gc,cpu      ] GC(907) User=0.02s Sys=0.00s Real=0.01s
[563.628s][info][gc,marking  ] GC(907) Concurrent Mark 51.324ms
[563.628s][info][gc,marking  ] GC(907) Concurrent Rebuild Remembered Sets and Scrub Regions
[563.654s][info][gc,marking  ] GC(907) Concurrent Rebuild Remembered Sets and Scrub Regions 25.203ms
[563.654s][info][gc,start    ] GC(907) Pause Cleanup
[563.654s][info][gc          ] GC(907) Pause Cleanup 281M->281M(860M) 0.070ms
[563.654s][info][gc,cpu      ] GC(907) User=0.00s Sys=0.00s Real=0.00s
[563.654s][info][gc,marking  ] GC(907) Concurrent Clear Claimed Marks
[563.654s][info][gc,marking  ] GC(907) Concurrent Clear Claimed Marks 0.080ms
[563.654s][info][gc,marking  ] GC(907) Concurrent Cleanup for Next Mark
[563.657s][info][gc,marking  ] GC(907) Concurrent Cleanup for Next Mark 2.495ms
[563.657s][info][gc          ] GC(907) Concurrent Mark Cycle 81.436ms
[564.646s][info][gc,start    ] GC(908) Pause Young (Prepare Mixed) (G1 Evacuation Pause)
[564.646s][info][gc,task     ] GC(908) Using 2 workers of 2 for evacuation
[564.650s][info][gc,phases   ] GC(908)   Pre Evacuate Collection Set: 0.35ms
[564.650s][info][gc,phases   ] GC(908)   Merge Heap Roots: 0.16ms
[564.650s][info][gc,phases   ] GC(908)   Evacuate Collection Set: 3.27ms
[564.650s][info][gc,phases   ] GC(908)   Post Evacuate Collection Set: 0.80ms
[564.650s][info][gc,phases   ] GC(908)   Other: 0.08ms
[564.651s][info][gc,heap     ] GC(908) Eden regions: 514->0(514)
[564.651s][info][gc,heap     ] GC(908) Survivor regions: 2->2(65)
[564.651s][info][gc,heap     ] GC(908) Old regions: 49->50
[564.651s][info][gc,heap     ] GC(908) Humongous regions: 207->207
[564.651s][info][gc,metaspace] GC(908) Metaspace: 57798K(58112K)->57798K(58112K) NonClass: 52172K(52416K)->52172K(52416K) Class: 5625K(5696K)->5625K(5696K)
[564.651s][info][gc          ] GC(908) Pause Young (Prepare Mixed) (G1 Evacuation Pause) 769M->256M(860M) 4.838ms
[564.651s][info][gc,cpu      ] GC(908) User=0.01s Sys=0.00s Real=0.00s
[565.653s][info][gc,start    ] GC(909) Pause Young (Mixed) (G1 Evacuation Pause)
[565.653s][info][gc,task     ] GC(909) Using 2 workers of 2 for evacuation
[565.659s][info][gc,phases   ] GC(909)   Pre Evacuate Collection Set: 0.31ms
[565.659s][info][gc,phases   ] GC(909)   Merge Heap Roots: 0.13ms
[565.659s][info][gc,phases   ] GC(909)   Evacuate Collection Set: 4.99ms
[565.659s][info][gc,phases   ] GC(909)   Post Evacuate Collection Set: 0.86ms
[565.659s][info][gc,phases   ] GC(909)   Other: 0.08ms
[565.659s][info][gc,heap     ] GC(909) Eden regions: 514->0(512)
[565.659s][info][gc,heap     ] GC(909) Survivor regions: 2->4(65)
[565.659s][info][gc,heap     ] GC(909) Old regions: 50->48
[565.659s][info][gc,heap     ] GC(909) Humongous regions: 207->207
[565.659s][info][gc,metaspace] GC(909) Metaspace: 57798K(58112K)->57798K(58112K) NonClass: 52172K(52416K)->52172K(52416K) Class: 5625K(5696K)->5625K(5696K)
[565.659s][info][gc          ] GC(909) Pause Young (Mixed) (G1 Evacuation Pause) 770M->257M(860M) 6.545ms
[565.659s][info][gc,cpu      ] GC(909) User=0.02s Sys=0.00s Real=0.00s
[566.667s][info][gc,start    ] GC(910) Pause Young (Concurrent Start) (G1 Evacuation Pause)
[566.668s][info][gc,task     ] GC(910) Using 2 workers of 2 for evacuation
[566.673s][info][gc,phases   ] GC(910)   Pre Evacuate Collection Set: 0.32ms
[566.674s][info][gc,phases   ] GC(910)   Merge Heap Roots: 0.17ms
[566.674s][info][gc,phases   ] GC(910)   Evacuate Collection Set: 4.58ms
[566.674s][info][gc,phases   ] GC(910)   Post Evacuate Collection Set: 0.82ms
[566.674s][info][gc,phases   ] GC(910)   Other: 0.10ms
[566.674s][info][gc,heap     ] GC(910) Eden regions: 512->0(513)
[566.674s][info][gc,heap     ] GC(910) Survivor regions: 4->3(65)
[566.674s][info][gc,heap     ] GC(910) Old regions: 48->48
[566.674s][info][gc,heap     ] GC(910) Humongous regions: 207->207
[566.674s][info][gc,metaspace] GC(910) Metaspace: 57798K(58112K)->57798K(58112K) NonClass: 52172K(52416K)->52172K(52416K) Class: 5625K(5696K)->5625K(5696K)
[566.674s][info][gc          ] GC(910) Pause Young (Concurrent Start) (G1 Evacuation Pause) 769M->256M(860M) 6.146ms
[566.674s][info][gc,cpu      ] GC(910) User=0.02s Sys=0.00s Real=0.01s
[566.674s][info][gc          ] GC(911) Concurrent Mark Cycle
[566.674s][info][gc,marking  ] GC(911) Concurrent Scan Root Regions
[566.679s][info][gc,marking  ] GC(911) Concurrent Scan Root Regions 5.010ms
[566.679s][info][gc,marking  ] GC(911) Concurrent Mark
[566.679s][info][gc,marking  ] GC(911) Concurrent Mark From Roots
[566.679s][info][gc,task     ] GC(911) Using 1 workers of 1 for marking
[566.724s][info][gc,marking  ] GC(911) Concurrent Mark From Roots 45.431ms
[566.724s][info][gc,marking  ] GC(911) Concurrent Preclean
[566.724s][info][gc,marking  ] GC(911) Concurrent Preclean 0.065ms
[566.724s][info][gc,start    ] GC(911) Pause Remark
[566.733s][info][gc          ] GC(911) Pause Remark 267M->267M(860M) 8.970ms
[566.733s][info][gc,cpu      ] GC(911) User=0.02s Sys=0.00s Real=0.01s
[566.734s][info][gc,marking  ] GC(911) Concurrent Mark 54.908ms
[566.734s][info][gc,marking  ] GC(911) Concurrent Rebuild Remembered Sets and Scrub Regions
[566.763s][info][gc,marking  ] GC(911) Concurrent Rebuild Remembered Sets and Scrub Regions 29.299ms
[566.763s][info][gc,start    ] GC(911) Pause Cleanup
[566.763s][info][gc          ] GC(911) Pause Cleanup 295M->295M(860M) 0.081ms
[566.763s][info][gc,cpu      ] GC(911) User=0.00s Sys=0.00s Real=0.00s
[566.763s][info][gc,marking  ] GC(911) Concurrent Clear Claimed Marks
[566.763s][info][gc,marking  ] GC(911) Concurrent Clear Claimed Marks 0.086ms
[566.763s][info][gc,marking  ] GC(911) Concurrent Cleanup for Next Mark
[566.767s][info][gc,marking  ] GC(911) Concurrent Cleanup for Next Mark 3.610ms
[566.767s][info][gc          ] GC(911) Concurrent Mark Cycle 93.358ms
[567.734s][info][gc,start    ] GC(912) Pause Young (Prepare Mixed) (G1 Evacuation Pause)
[567.734s][info][gc,task     ] GC(912) Using 2 workers of 2 for evacuation
[567.738s][info][gc,phases   ] GC(912)   Pre Evacuate Collection Set: 0.29ms
[567.738s][info][gc,phases   ] GC(912)   Merge Heap Roots: 0.15ms
[567.738s][info][gc,phases   ] GC(912)   Evacuate Collection Set: 2.28ms
[567.738s][info][gc,phases   ] GC(912)   Post Evacuate Collection Set: 0.79ms
[567.738s][info][gc,phases   ] GC(912)   Other: 0.10ms
[567.738s][info][gc,heap     ] GC(912) Eden regions: 513->0(515)
[567.738s][info][gc,heap     ] GC(912) Survivor regions: 3->1(65)
[567.738s][info][gc,heap     ] GC(912) Old regions: 48->49
[567.738s][info][gc,heap     ] GC(912) Humongous regions: 207->207
[567.738s][info][gc,metaspace] GC(912) Metaspace: 57798K(58112K)->57798K(58112K) NonClass: 52172K(52416K)->52172K(52416K) Class: 5625K(5696K)->5625K(5696K)
[567.738s][info][gc          ] GC(912) Pause Young (Prepare Mixed) (G1 Evacuation Pause) 769M->254M(860M) 3.775ms
[567.738s][info][gc,cpu      ] GC(912) User=0.01s Sys=0.00s Real=0.00s
[568.791s][info][gc,start    ] GC(913) Pause Young (Mixed) (G1 Evacuation Pause)
[568.791s][info][gc,task     ] GC(913) Using 2 workers of 2 for evacuation
[568.797s][info][gc,phases   ] GC(913)   Pre Evacuate Collection Set: 0.30ms
[568.797s][info][gc,phases   ] GC(913)   Merge Heap Roots: 0.16ms
[568.797s][info][gc,phases   ] GC(913)   Evacuate Collection Set: 4.15ms
[568.797s][info][gc,phases   ] GC(913)   Post Evacuate Collection Set: 0.82ms
[568.797s][info][gc,phases   ] GC(913)   Other: 0.10ms
[568.797s][info][gc,heap     ] GC(913) Eden regions: 515->0(513)
[568.797s][info][gc,heap     ] GC(913) Survivor regions: 1->3(65)
[568.797s][info][gc,heap     ] GC(913) Old regions: 49->47
[568.797s][info][gc,heap     ] GC(913) Humongous regions: 207->207
[568.797s][info][gc,metaspace] GC(913) Metaspace: 57798K(58112K)->57798K(58112K) NonClass: 52172K(52416K)->52172K(52416K) Class: 5625K(5696K)->5625K(5696K)
[568.797s][info][gc          ] GC(913) Pause Young (Mixed) (G1 Evacuation Pause) 769M->255M(860M) 5.711ms
[568.797s][info][gc,cpu      ] GC(913) User=0.01s Sys=0.00s Real=0.01s
[569.759s][info][gc,start    ] GC(914) Pause Young (Concurrent Start) (G1 Evacuation Pause)
[569.759s][info][gc,task     ] GC(914) Using 2 workers of 2 for evacuation
[569.769s][info][gc,phases   ] GC(914)   Pre Evacuate Collection Set: 0.42ms
[569.769s][info][gc,phases   ] GC(914)   Merge Heap Roots: 0.13ms
[569.769s][info][gc,phases   ] GC(914)   Evacuate Collection Set: 7.52ms
[569.769s][info][gc,phases   ] GC(914)   Post Evacuate Collection Set: 0.84ms
[569.769s][info][gc,phases   ] GC(914)   Other: 0.16ms
[569.769s][info][gc,heap     ] GC(914) Eden regions: 513->0(512)
[569.769s][info][gc,heap     ] GC(914) Survivor regions: 3->4(65)
[569.769s][info][gc,heap     ] GC(914) Old regions: 47->47
[569.769s][info][gc,heap     ] GC(914) Humongous regions: 207->207
[569.769s][info][gc,metaspace] GC(914) Metaspace: 57798K(58112K)->57798K(58112K) NonClass: 52172K(52416K)->52172K(52416K) Class: 5625K(5696K)->5625K(5696K)
[569.769s][info][gc          ] GC(914) Pause Young (Concurrent Start) (G1 Evacuation Pause) 768M->256M(860M) 9.246ms
[569.769s][info][gc,cpu      ] GC(914) User=0.01s Sys=0.00s Real=0.01s
[569.769s][info][gc          ] GC(915) Concurrent Mark Cycle
[569.770s][info][gc,marking  ] GC(915) Concurrent Scan Root Regions
[569.774s][info][gc,marking  ] GC(915) Concurrent Scan Root Regions 3.923ms
[569.774s][info][gc,marking  ] GC(915) Concurrent Mark
[569.774s][info][gc,marking  ] GC(915) Concurrent Mark From Roots
[569.774s][info][gc,task     ] GC(915) Using 1 workers of 1 for marking
[569.846s][info][gc,marking  ] GC(915) Concurrent Mark From Roots 71.897ms
[569.846s][info][gc,marking  ] GC(915) Concurrent Preclean
[569.846s][info][gc,marking  ] GC(915) Concurrent Preclean 0.075ms
[569.851s][info][gc,start    ] GC(915) Pause Remark
[569.870s][info][gc          ] GC(915) Pause Remark 274M->274M(860M) 19.556ms
[569.870s][info][gc,cpu      ] GC(915) User=0.02s Sys=0.00s Real=0.02s
[569.873s][info][gc,marking  ] GC(915) Concurrent Mark 99.088ms
[569.873s][info][gc,marking  ] GC(915) Concurrent Rebuild Remembered Sets and Scrub Regions
[569.898s][info][gc,marking  ] GC(915) Concurrent Rebuild Remembered Sets and Scrub Regions 24.166ms
[569.898s][info][gc,start    ] GC(915) Pause Cleanup
[569.898s][info][gc          ] GC(915) Pause Cleanup 274M->274M(860M) 0.083ms
[569.898s][info][gc,cpu      ] GC(915) User=0.00s Sys=0.01s Real=0.00s
[569.898s][info][gc,marking  ] GC(915) Concurrent Clear Claimed Marks
[569.898s][info][gc,marking  ] GC(915) Concurrent Clear Claimed Marks 0.098ms
[569.898s][info][gc,marking  ] GC(915) Concurrent Cleanup for Next Mark
[569.900s][info][gc,marking  ] GC(915) Concurrent Cleanup for Next Mark 2.656ms
[569.901s][info][gc          ] GC(915) Concurrent Mark Cycle 131.817ms
[570.775s][info][gc,start    ] GC(916) Pause Young (Prepare Mixed) (G1 Evacuation Pause)
[570.775s][info][gc,task     ] GC(916) Using 2 workers of 2 for evacuation
[570.782s][info][gc,phases   ] GC(916)   Pre Evacuate Collection Set: 0.50ms
[570.782s][info][gc,phases   ] GC(916)   Merge Heap Roots: 0.15ms
[570.782s][info][gc,phases   ] GC(916)   Evacuate Collection Set: 4.94ms
[570.782s][info][gc,phases   ] GC(916)   Post Evacuate Collection Set: 0.83ms
[570.782s][info][gc,phases   ] GC(916)   Other: 0.08ms
[570.782s][info][gc,heap     ] GC(916) Eden regions: 512->0(514)
[570.782s][info][gc,heap     ] GC(916) Survivor regions: 4->2(65)
[570.782s][info][gc,heap     ] GC(916) Old regions: 47->48
[570.782s][info][gc,heap     ] GC(916) Humongous regions: 207->207
[570.782s][info][gc,metaspace] GC(916) Metaspace: 57798K(58112K)->57798K(58112K) NonClass: 52172K(52416K)->52172K(52416K) Class: 5625K(5696K)->5625K(5696K)
[570.782s][info][gc          ] GC(916) Pause Young (Prepare Mixed) (G1 Evacuation Pause) 768M->254M(860M) 6.658ms
[570.782s][info][gc,cpu      ] GC(916) User=0.00s Sys=0.00s Real=0.00s
[571.838s][info][gc,start    ] GC(917) Pause Young (Mixed) (G1 Evacuation Pause)
[571.838s][info][gc,task     ] GC(917) Using 2 workers of 2 for evacuation
[571.845s][info][gc,phases   ] GC(917)   Pre Evacuate Collection Set: 0.28ms
[571.845s][info][gc,phases   ] GC(917)   Merge Heap Roots: 0.17ms
[571.845s][info][gc,phases   ] GC(917)   Evacuate Collection Set: 5.68ms
[571.845s][info][gc,phases   ] GC(917)   Post Evacuate Collection Set: 1.02ms
[571.845s][info][gc,phases   ] GC(917)   Other: 0.10ms
[571.845s][info][gc,heap     ] GC(917) Eden regions: 514->0(514)
[571.845s][info][gc,heap     ] GC(917) Survivor regions: 2->2(65)
[571.845s][info][gc,heap     ] GC(917) Old regions: 48->47
[571.845s][info][gc,heap     ] GC(917) Humongous regions: 207->207
[571.845s][info][gc,metaspace] GC(917) Metaspace: 57798K(58112K)->57798K(58112K) NonClass: 52172K(52416K)->52172K(52416K) Class: 5625K(5696K)->5625K(5696K)
[571.845s][info][gc          ] GC(917) Pause Young (Mixed) (G1 Evacuation Pause) 768M->253M(860M) 7.424ms
[571.845s][info][gc,cpu      ] GC(917) User=0.02s Sys=0.00s Real=0.01s
[572.845s][info][gc,start    ] GC(918) Pause Young (Concurrent Start) (G1 Evacuation Pause)
[572.845s][info][gc,task     ] GC(918) Using 2 workers of 2 for evacuation
[572.851s][info][gc,phases   ] GC(918)   Pre Evacuate Collection Set: 0.28ms
[572.851s][info][gc,phases   ] GC(918)   Merge Heap Roots: 0.14ms
[572.851s][info][gc,phases   ] GC(918)   Evacuate Collection Set: 4.07ms
[572.851s][info][gc,phases   ] GC(918)   Post Evacuate Collection Set: 0.81ms
[572.851s][info][gc,phases   ] GC(918)   Other: 0.11ms
[572.851s][info][gc,heap     ] GC(918) Eden regions: 514->0(514)
[572.851s][info][gc,heap     ] GC(918) Survivor regions: 2->2(65)
[572.851s][info][gc,heap     ] GC(918) Old regions: 47->47
[572.851s][info][gc,heap     ] GC(918) Humongous regions: 207->207
[572.851s][info][gc,metaspace] GC(918) Metaspace: 57798K(58112K)->57798K(58112K) NonClass: 52172K(52416K)->52172K(52416K) Class: 5625K(5696K)->5625K(5696K)
[572.851s][info][gc          ] GC(918) Pause Young (Concurrent Start) (G1 Evacuation Pause) 767M->254M(860M) 5.606ms
[572.851s][info][gc,cpu      ] GC(918) User=0.01s Sys=0.00s Real=0.00s
[572.851s][info][gc          ] GC(919) Concurrent Mark Cycle
[572.851s][info][gc,marking  ] GC(919) Concurrent Scan Root Regions
[572.857s][info][gc,marking  ] GC(919) Concurrent Scan Root Regions 5.474ms
[572.857s][info][gc,marking  ] GC(919) Concurrent Mark
[572.857s][info][gc,marking  ] GC(919) Concurrent Mark From Roots
[572.857s][info][gc,task     ] GC(919) Using 1 workers of 1 for marking
[572.910s][info][gc,marking  ] GC(919) Concurrent Mark From Roots 52.526ms
[572.910s][info][gc,marking  ] GC(919) Concurrent Preclean
[572.910s][info][gc,marking  ] GC(919) Concurrent Preclean 0.066ms
[572.910s][info][gc,start    ] GC(919) Pause Remark
[572.919s][info][gc          ] GC(919) Pause Remark 286M->286M(854M) 9.099ms
[572.919s][info][gc,cpu      ] GC(919) User=0.02s Sys=0.00s Real=0.01s
[572.919s][info][gc,marking  ] GC(919) Concurrent Mark 62.409ms
[572.919s][info][gc,marking  ] GC(919) Concurrent Rebuild Remembered Sets and Scrub Regions
[572.945s][info][gc,marking  ] GC(919) Concurrent Rebuild Remembered Sets and Scrub Regions 25.285ms
[572.945s][info][gc,start    ] GC(919) Pause Cleanup
[572.945s][info][gc          ] GC(919) Pause Cleanup 301M->301M(854M) 0.071ms
[572.945s][info][gc,cpu      ] GC(919) User=0.00s Sys=0.00s Real=0.00s
[572.945s][info][gc,marking  ] GC(919) Concurrent Clear Claimed Marks
[572.945s][info][gc,marking  ] GC(919) Concurrent Clear Claimed Marks 0.093ms
[572.945s][info][gc,marking  ] GC(919) Concurrent Cleanup for Next Mark
[572.948s][info][gc,marking  ] GC(919) Concurrent Cleanup for Next Mark 3.100ms
[572.948s][info][gc          ] GC(919) Concurrent Mark Cycle 97.372ms
[573.852s][info][gc,start    ] GC(920) Pause Young (Prepare Mixed) (G1 Evacuation Pause)
[573.853s][info][gc,task     ] GC(920) Using 2 workers of 2 for evacuation
[573.859s][info][gc,phases   ] GC(920)   Pre Evacuate Collection Set: 0.29ms
[573.859s][info][gc,phases   ] GC(920)   Merge Heap Roots: 0.16ms
[573.859s][info][gc,phases   ] GC(920)   Evacuate Collection Set: 4.79ms
[573.859s][info][gc,phases   ] GC(920)   Post Evacuate Collection Set: 0.82ms
[573.859s][info][gc,phases   ] GC(920)   Other: 0.08ms
[573.859s][info][gc,heap     ] GC(920) Eden regions: 510->0(508)
[573.859s][info][gc,heap     ] GC(920) Survivor regions: 2->4(64)
[573.859s][info][gc,heap     ] GC(920) Old regions: 47->48
[573.859s][info][gc,heap     ] GC(920) Humongous regions: 207->207
[573.859s][info][gc,metaspace] GC(920) Metaspace: 57798K(58112K)->57798K(58112K) NonClass: 52172K(52416K)->52172K(52416K) Class: 5625K(5696K)->5625K(5696K)
[573.859s][info][gc          ] GC(920) Pause Young (Prepare Mixed) (G1 Evacuation Pause) 764M->256M(854M) 6.317ms
[573.859s][info][gc,cpu      ] GC(920) User=0.02s Sys=0.00s Real=0.00s
[574.867s][info][gc,start    ] GC(921) Pause Young (Mixed) (G1 Evacuation Pause)
[574.867s][info][gc,task     ] GC(921) Using 2 workers of 2 for evacuation
[574.873s][info][gc,phases   ] GC(921)   Pre Evacuate Collection Set: 0.30ms
[574.873s][info][gc,phases   ] GC(921)   Merge Heap Roots: 0.15ms
[574.873s][info][gc,phases   ] GC(921)   Evacuate Collection Set: 4.97ms
[574.873s][info][gc,phases   ] GC(921)   Post Evacuate Collection Set: 0.80ms
[574.873s][info][gc,phases   ] GC(921)   Other: 0.08ms
[574.873s][info][gc,heap     ] GC(921) Eden regions: 508->0(508)
[574.873s][info][gc,heap     ] GC(921) Survivor regions: 4->4(64)
[574.873s][info][gc,heap     ] GC(921) Old regions: 48->47
[574.873s][info][gc,heap     ] GC(921) Humongous regions: 207->207
[574.873s][info][gc,metaspace] GC(921) Metaspace: 57798K(58112K)->57798K(58112K) NonClass: 52172K(52416K)->52172K(52416K) Class: 5625K(5696K)->5625K(5696K)
[574.873s][info][gc          ] GC(921) Pause Young (Mixed) (G1 Evacuation Pause) 764M->256M(854M) 6.483ms
[574.873s][info][gc,cpu      ] GC(921) User=0.01s Sys=0.00s Real=0.01s
[575.871s][info][gc,start    ] GC(922) Pause Young (Concurrent Start) (G1 Evacuation Pause)
[575.871s][info][gc,task     ] GC(922) Using 2 workers of 2 for evacuation
[575.876s][info][gc,phases   ] GC(922)   Pre Evacuate Collection Set: 0.35ms
[575.876s][info][gc,phases   ] GC(922)   Merge Heap Roots: 0.13ms
[575.876s][info][gc,phases   ] GC(922)   Evacuate Collection Set: 3.61ms
[575.876s][info][gc,phases   ] GC(922)   Post Evacuate Collection Set: 0.80ms
[575.876s][info][gc,phases   ] GC(922)   Other: 0.13ms
[575.876s][info][gc,heap     ] GC(922) Eden regions: 508->0(510)
[575.876s][info][gc,heap     ] GC(922) Survivor regions: 4->2(64)
[575.876s][info][gc,heap     ] GC(922) Old regions: 47->47
[575.876s][info][gc,heap     ] GC(922) Humongous regions: 207->207
[575.876s][info][gc,metaspace] GC(922) Metaspace: 57798K(58112K)->57798K(58112K) NonClass: 52172K(52416K)->52172K(52416K) Class: 5625K(5696K)->5625K(5696K)
[575.876s][info][gc          ] GC(922) Pause Young (Concurrent Start) (G1 Evacuation Pause) 764M->254M(854M) 5.192ms
[575.876s][info][gc,cpu      ] GC(922) User=0.01s Sys=0.00s Real=0.01s
[575.876s][info][gc          ] GC(923) Concurrent Mark Cycle
[575.876s][info][gc,marking  ] GC(923) Concurrent Scan Root Regions
[575.881s][info][gc,marking  ] GC(923) Concurrent Scan Root Regions 4.375ms
[575.881s][info][gc,marking  ] GC(923) Concurrent Mark
[575.881s][info][gc,marking  ] GC(923) Concurrent Mark From Roots
[575.881s][info][gc,task     ] GC(923) Using 1 workers of 1 for marking
[575.925s][info][gc,marking  ] GC(923) Concurrent Mark From Roots 43.830ms
[575.925s][info][gc,marking  ] GC(923) Concurrent Preclean
[575.925s][info][gc,marking  ] GC(923) Concurrent Preclean 0.059ms
[575.925s][info][gc,start    ] GC(923) Pause Remark
[575.934s][info][gc          ] GC(923) Pause Remark 262M->262M(854M) 9.010ms
[575.934s][info][gc,cpu      ] GC(923) User=0.02s Sys=0.00s Real=0.01s
[575.934s][info][gc,marking  ] GC(923) Concurrent Mark 53.608ms
[575.934s][info][gc,marking  ] GC(923) Concurrent Rebuild Remembered Sets and Scrub Regions
[575.965s][info][gc,marking  ] GC(923) Concurrent Rebuild Remembered Sets and Scrub Regions 30.422ms
[575.965s][info][gc,start    ] GC(923) Pause Cleanup
[575.965s][info][gc          ] GC(923) Pause Cleanup 290M->290M(854M) 0.080ms
[575.965s][info][gc,cpu      ] GC(923) User=0.00s Sys=0.00s Real=0.00s
[575.966s][info][gc,marking  ] GC(923) Concurrent Clear Claimed Marks
[575.966s][info][gc,marking  ] GC(923) Concurrent Clear Claimed Marks 0.100ms
[575.966s][info][gc,marking  ] GC(923) Concurrent Cleanup for Next Mark
[575.971s][info][gc,marking  ] GC(923) Concurrent Cleanup for Next Mark 4.629ms
[575.971s][info][gc          ] GC(923) Concurrent Mark Cycle 94.183ms
[576.933s][info][gc,start    ] GC(924) Pause Young (Prepare Mixed) (G1 Evacuation Pause)
[576.933s][info][gc,task     ] GC(924) Using 2 workers of 2 for evacuation
[576.937s][info][gc,phases   ] GC(924)   Pre Evacuate Collection Set: 0.29ms
[576.937s][info][gc,phases   ] GC(924)   Merge Heap Roots: 0.15ms
[576.937s][info][gc,phases   ] GC(924)   Evacuate Collection Set: 2.20ms
[576.937s][info][gc,phases   ] GC(924)   Post Evacuate Collection Set: 0.76ms
[576.937s][info][gc,phases   ] GC(924)   Other: 0.10ms
[576.937s][info][gc,heap     ] GC(924) Eden regions: 510->0(511)
[576.937s][info][gc,heap     ] GC(924) Survivor regions: 2->1(64)
[576.937s][info][gc,heap     ] GC(924) Old regions: 47->48
[576.937s][info][gc,heap     ] GC(924) Humongous regions: 207->207
[576.937s][info][gc,metaspace] GC(924) Metaspace: 57798K(58112K)->57798K(58112K) NonClass: 52172K(52416K)->52172K(52416K) Class: 5625K(5696K)->5625K(5696K)
[576.937s][info][gc          ] GC(924) Pause Young (Prepare Mixed) (G1 Evacuation Pause) 764M->253M(854M) 3.678ms
[576.937s][info][gc,cpu      ] GC(924) User=0.00s Sys=0.00s Real=0.00s
[577.939s][info][gc,start    ] GC(925) Pause Young (Mixed) (G1 Evacuation Pause)
[577.939s][info][gc,task     ] GC(925) Using 2 workers of 2 for evacuation
[577.945s][info][gc,phases   ] GC(925)   Pre Evacuate Collection Set: 0.47ms
[577.945s][info][gc,phases   ] GC(925)   Merge Heap Roots: 0.12ms
[577.945s][info][gc,phases   ] GC(925)   Evacuate Collection Set: 3.88ms
[577.945s][info][gc,phases   ] GC(925)   Post Evacuate Collection Set: 0.82ms
[577.945s][info][gc,phases   ] GC(925)   Other: 0.08ms
[577.945s][info][gc,heap     ] GC(925) Eden regions: 511->0(509)
[577.945s][info][gc,heap     ] GC(925) Survivor regions: 1->3(64)
[577.945s][info][gc,heap     ] GC(925) Old regions: 48->47
[577.945s][info][gc,heap     ] GC(925) Humongous regions: 207->207
[577.945s][info][gc,metaspace] GC(925) Metaspace: 57798K(58112K)->57798K(58112K) NonClass: 52172K(52416K)->52172K(52416K) Class: 5625K(5696K)->5625K(5696K)
[577.945s][info][gc          ] GC(925) Pause Young (Mixed) (G1 Evacuation Pause) 764M->254M(854M) 5.549ms
[577.945s][info][gc,cpu      ] GC(925) User=0.01s Sys=0.00s Real=0.01s
[579.004s][info][gc,start    ] GC(926) Pause Young (Concurrent Start) (G1 Evacuation Pause)
[579.004s][info][gc,task     ] GC(926) Using 2 workers of 2 for evacuation
[579.010s][info][gc,phases   ] GC(926)   Pre Evacuate Collection Set: 0.33ms
[579.010s][info][gc,phases   ] GC(926)   Merge Heap Roots: 0.14ms
[579.010s][info][gc,phases   ] GC(926)   Evacuate Collection Set: 4.45ms
[579.010s][info][gc,phases   ] GC(926)   Post Evacuate Collection Set: 1.10ms
[579.010s][info][gc,phases   ] GC(926)   Other: 0.10ms
[579.010s][info][gc,heap     ] GC(926) Eden regions: 509->0(509)
[579.010s][info][gc,heap     ] GC(926) Survivor regions: 3->3(64)
[579.010s][info][gc,heap     ] GC(926) Old regions: 47->47
[579.010s][info][gc,heap     ] GC(926) Humongous regions: 207->207
[579.010s][info][gc,metaspace] GC(926) Metaspace: 57798K(58112K)->57798K(58112K) NonClass: 52172K(52416K)->52172K(52416K) Class: 5625K(5696K)->5625K(5696K)
[579.010s][info][gc          ] GC(926) Pause Young (Concurrent Start) (G1 Evacuation Pause) 763M->255M(854M) 6.282ms
[579.010s][info][gc,cpu      ] GC(926) User=0.01s Sys=0.00s Real=0.00s
[579.010s][info][gc          ] GC(927) Concurrent Mark Cycle
[579.011s][info][gc,marking  ] GC(927) Concurrent Scan Root Regions
[579.019s][info][gc,marking  ] GC(927) Concurrent Scan Root Regions 7.874ms
[579.019s][info][gc,marking  ] GC(927) Concurrent Mark
[579.019s][info][gc,marking  ] GC(927) Concurrent Mark From Roots
[579.019s][info][gc,task     ] GC(927) Using 1 workers of 1 for marking
[579.077s][info][gc,marking  ] GC(927) Concurrent Mark From Roots 58.159ms
[579.077s][info][gc,marking  ] GC(927) Concurrent Preclean
[579.077s][info][gc,marking  ] GC(927) Concurrent Preclean 0.074ms
[579.077s][info][gc,start    ] GC(927) Pause Remark
[579.087s][info][gc          ] GC(927) Pause Remark 295M->295M(854M) 9.566ms
[579.087s][info][gc,cpu      ] GC(927) User=0.02s Sys=0.00s Real=0.01s
[579.087s][info][gc,marking  ] GC(927) Concurrent Mark 68.653ms
[579.087s][info][gc,marking  ] GC(927) Concurrent Rebuild Remembered Sets and Scrub Regions
[579.111s][info][gc,marking  ] GC(927) Concurrent Rebuild Remembered Sets and Scrub Regions 23.662ms
[579.111s][info][gc,start    ] GC(927) Pause Cleanup
[579.111s][info][gc          ] GC(927) Pause Cleanup 315M->315M(854M) 0.075ms
[579.111s][info][gc,cpu      ] GC(927) User=0.00s Sys=0.00s Real=0.00s
[579.111s][info][gc,marking  ] GC(927) Concurrent Clear Claimed Marks
[579.112s][info][gc,marking  ] GC(927) Concurrent Clear Claimed Marks 0.097ms
[579.112s][info][gc,marking  ] GC(927) Concurrent Cleanup for Next Mark
[579.114s][info][gc,marking  ] GC(927) Concurrent Cleanup for Next Mark 2.527ms
[579.114s][info][gc          ] GC(927) Concurrent Mark Cycle 103.621ms
[579.952s][info][gc,start    ] GC(928) Pause Young (Prepare Mixed) (G1 Evacuation Pause)
[579.952s][info][gc,task     ] GC(928) Using 2 workers of 2 for evacuation
[579.958s][info][gc,phases   ] GC(928)   Pre Evacuate Collection Set: 0.30ms
[579.958s][info][gc,phases   ] GC(928)   Merge Heap Roots: 0.15ms
[579.958s][info][gc,phases   ] GC(928)   Evacuate Collection Set: 4.70ms
[579.958s][info][gc,phases   ] GC(928)   Post Evacuate Collection Set: 0.80ms
[579.958s][info][gc,phases   ] GC(928)   Other: 0.09ms
[579.958s][info][gc,heap     ] GC(928) Eden regions: 509->0(509)
[579.958s][info][gc,heap     ] GC(928) Survivor regions: 3->3(64)
[579.958s][info][gc,heap     ] GC(928) Old regions: 47->47
[579.958s][info][gc,heap     ] GC(928) Humongous regions: 207->207
[579.958s][info][gc,metaspace] GC(928) Metaspace: 57798K(58112K)->57798K(58112K) NonClass: 52172K(52416K)->52172K(52416K) Class: 5625K(5696K)->5625K(5696K)
[579.958s][info][gc          ] GC(928) Pause Young (Prepare Mixed) (G1 Evacuation Pause) 764M->255M(854M) 6.224ms
[579.958s][info][gc,cpu      ] GC(928) User=0.01s Sys=0.00s Real=0.01s
[581.070s][info][gc,start    ] GC(929) Pause Young (Mixed) (G1 Evacuation Pause)
[581.070s][info][gc,task     ] GC(929) Using 2 workers of 2 for evacuation
[581.082s][info][gc,phases   ] GC(929)   Pre Evacuate Collection Set: 0.47ms
[581.082s][info][gc,phases   ] GC(929)   Merge Heap Roots: 0.39ms
[581.082s][info][gc,phases   ] GC(929)   Evacuate Collection Set: 9.26ms
[581.082s][info][gc,phases   ] GC(929)   Post Evacuate Collection Set: 1.46ms
[581.082s][info][gc,phases   ] GC(929)   Other: 0.08ms
[581.082s][info][gc,heap     ] GC(929) Eden regions: 509->0(510)
[581.082s][info][gc,heap     ] GC(929) Survivor regions: 3->2(64)
[581.082s][info][gc,heap     ] GC(929) Old regions: 47->46
[581.082s][info][gc,heap     ] GC(929) Humongous regions: 207->207
[581.082s][info][gc,metaspace] GC(929) Metaspace: 57798K(58112K)->57798K(58112K) NonClass: 52172K(52416K)->52172K(52416K) Class: 5625K(5696K)->5625K(5696K)
[581.082s][info][gc          ] GC(929) Pause Young (Mixed) (G1 Evacuation Pause) 764M->254M(854M) 11.846ms
[581.082s][info][gc,cpu      ] GC(929) User=0.01s Sys=0.00s Real=0.01s
[582.033s][info][gc,start    ] GC(930) Pause Young (Concurrent Start) (G1 Evacuation Pause)
[582.033s][info][gc,task     ] GC(930) Using 2 workers of 2 for evacuation
[582.036s][info][gc,phases   ] GC(930)   Pre Evacuate Collection Set: 0.32ms
[582.036s][info][gc,phases   ] GC(930)   Merge Heap Roots: 0.13ms
[582.036s][info][gc,phases   ] GC(930)   Evacuate Collection Set: 2.46ms
[582.036s][info][gc,phases   ] GC(930)   Post Evacuate Collection Set: 0.81ms
[582.036s][info][gc,phases   ] GC(930)   Other: 0.09ms
[582.036s][info][gc,heap     ] GC(930) Eden regions: 510->0(511)
[582.036s][info][gc,heap     ] GC(930) Survivor regions: 2->1(64)
[582.036s][info][gc,heap     ] GC(930) Old regions: 46->46
[582.037s][info][gc,heap     ] GC(930) Humongous regions: 207->207
[582.037s][info][gc,metaspace] GC(930) Metaspace: 57798K(58112K)->57798K(58112K) NonClass: 52172K(52416K)->52172K(52416K) Class: 5625K(5696K)->5625K(5696K)
[582.037s][info][gc          ] GC(930) Pause Young (Concurrent Start) (G1 Evacuation Pause) 764M->253M(854M) 3.990ms
[582.037s][info][gc,cpu      ] GC(930) User=0.01s Sys=0.00s Real=0.00s
[582.037s][info][gc          ] GC(931) Concurrent Mark Cycle
[582.037s][info][gc,marking  ] GC(931) Concurrent Scan Root Regions
[582.041s][info][gc,marking  ] GC(931) Concurrent Scan Root Regions 3.821ms
[582.041s][info][gc,marking  ] GC(931) Concurrent Mark
[582.041s][info][gc,marking  ] GC(931) Concurrent Mark From Roots
[582.041s][info][gc,task     ] GC(931) Using 1 workers of 1 for marking
[582.093s][info][gc,marking  ] GC(931) Concurrent Mark From Roots 52.115ms
[582.093s][info][gc,marking  ] GC(931) Concurrent Preclean
[582.093s][info][gc,marking  ] GC(931) Concurrent Preclean 0.068ms
[582.093s][info][gc,start    ] GC(931) Pause Remark
[582.102s][info][gc          ] GC(931) Pause Remark 296M->296M(847M) 9.160ms
[582.102s][info][gc,cpu      ] GC(931) User=0.02s Sys=0.00s Real=0.01s
[582.103s][info][gc,marking  ] GC(931) Concurrent Mark 61.994ms
[582.103s][info][gc,marking  ] GC(931) Concurrent Rebuild Remembered Sets and Scrub Regions
[582.120s][info][gc,marking  ] GC(931) Concurrent Rebuild Remembered Sets and Scrub Regions 16.872ms
[582.120s][info][gc,start    ] GC(931) Pause Cleanup
[582.120s][info][gc          ] GC(931) Pause Cleanup 300M->300M(847M) 0.084ms
[582.120s][info][gc,cpu      ] GC(931) User=0.00s Sys=0.00s Real=0.00s
[582.120s][info][gc,marking  ] GC(931) Concurrent Clear Claimed Marks
[582.120s][info][gc,marking  ] GC(931) Concurrent Clear Claimed Marks 0.100ms
[582.120s][info][gc,marking  ] GC(931) Concurrent Cleanup for Next Mark
[582.123s][info][gc,marking  ] GC(931) Concurrent Cleanup for Next Mark 2.669ms
[582.123s][info][gc          ] GC(931) Concurrent Mark Cycle 86.164ms
[583.036s][info][gc,start    ] GC(932) Pause Young (Prepare Mixed) (G1 Evacuation Pause)
[583.036s][info][gc,task     ] GC(932) Using 2 workers of 2 for evacuation
[583.040s][info][gc,phases   ] GC(932)   Pre Evacuate Collection Set: 0.29ms
[583.040s][info][gc,phases   ] GC(932)   Merge Heap Roots: 0.16ms
[583.040s][info][gc,phases   ] GC(932)   Evacuate Collection Set: 2.56ms
[583.040s][info][gc,phases   ] GC(932)   Post Evacuate Collection Set: 0.80ms
[583.040s][info][gc,phases   ] GC(932)   Other: 0.08ms
[583.040s][info][gc,heap     ] GC(932) Eden regions: 507->0(506)
[583.040s][info][gc,heap     ] GC(932) Survivor regions: 1->2(64)
[583.040s][info][gc,heap     ] GC(932) Old regions: 46->47
[583.040s][info][gc,heap     ] GC(932) Humongous regions: 207->207
[583.040s][info][gc,metaspace] GC(932) Metaspace: 57798K(58112K)->57798K(58112K) NonClass: 52172K(52416K)->52172K(52416K) Class: 5625K(5696K)->5625K(5696K)
[583.040s][info][gc          ] GC(932) Pause Young (Prepare Mixed) (G1 Evacuation Pause) 760M->253M(847M) 4.055ms
[583.040s][info][gc,cpu      ] GC(932) User=0.00s Sys=0.00s Real=0.00s
[584.040s][info][gc,start    ] GC(933) Pause Young (Mixed) (G1 Evacuation Pause)
[584.040s][info][gc,task     ] GC(933) Using 2 workers of 2 for evacuation
[584.044s][info][gc,phases   ] GC(933)   Pre Evacuate Collection Set: 0.28ms
[584.044s][info][gc,phases   ] GC(933)   Merge Heap Roots: 0.15ms
[584.044s][info][gc,phases   ] GC(933)   Evacuate Collection Set: 3.18ms
[584.044s][info][gc,phases   ] GC(933)   Post Evacuate Collection Set: 0.81ms
[584.044s][info][gc,phases   ] GC(933)   Other: 0.08ms
[584.044s][info][gc,heap     ] GC(933) Eden regions: 506->0(506)
[584.044s][info][gc,heap     ] GC(933) Survivor regions: 2->2(64)
[584.044s][info][gc,heap     ] GC(933) Old regions: 47->46
[584.044s][info][gc,heap     ] GC(933) Humongous regions: 207->207
[584.044s][info][gc,metaspace] GC(933) Metaspace: 57798K(58112K)->57798K(58112K) NonClass: 52172K(52416K)->52172K(52416K) Class: 5625K(5696K)->5625K(5696K)
[584.044s][info][gc          ] GC(933) Pause Young (Mixed) (G1 Evacuation Pause) 759M->253M(847M) 4.675ms
[584.044s][info][gc,cpu      ] GC(933) User=0.01s Sys=0.00s Real=0.01s
[585.042s][info][gc,start    ] GC(934) Pause Young (Concurrent Start) (G1 Evacuation Pause)
[585.042s][info][gc,task     ] GC(934) Using 2 workers of 2 for evacuation
[585.047s][info][gc,phases   ] GC(934)   Pre Evacuate Collection Set: 0.31ms
[585.047s][info][gc,phases   ] GC(934)   Merge Heap Roots: 0.15ms
[585.047s][info][gc,phases   ] GC(934)   Evacuate Collection Set: 3.38ms
[585.047s][info][gc,phases   ] GC(934)   Post Evacuate Collection Set: 0.82ms
[585.047s][info][gc,phases   ] GC(934)   Other: 0.11ms
[585.047s][info][gc,heap     ] GC(934) Eden regions: 506->0(506)
[585.047s][info][gc,heap     ] GC(934) Survivor regions: 2->2(64)
[585.047s][info][gc,heap     ] GC(934) Old regions: 46->46
[585.047s][info][gc,heap     ] GC(934) Humongous regions: 207->207
[585.047s][info][gc,metaspace] GC(934) Metaspace: 57798K(58112K)->57798K(58112K) NonClass: 52172K(52416K)->52172K(52416K) Class: 5625K(5696K)->5625K(5696K)
[585.047s][info][gc          ] GC(934) Pause Young (Concurrent Start) (G1 Evacuation Pause) 759M->254M(847M) 4.925ms
[585.047s][info][gc,cpu      ] GC(934) User=0.01s Sys=0.00s Real=0.00s
[585.047s][info][gc          ] GC(935) Concurrent Mark Cycle
[585.047s][info][gc,marking  ] GC(935) Concurrent Scan Root Regions
[585.053s][info][gc,marking  ] GC(935) Concurrent Scan Root Regions 5.175ms
[585.053s][info][gc,marking  ] GC(935) Concurrent Mark
[585.053s][info][gc,marking  ] GC(935) Concurrent Mark From Roots
[585.053s][info][gc,task     ] GC(935) Using 1 workers of 1 for marking
[585.112s][info][gc,marking  ] GC(935) Concurrent Mark From Roots 59.327ms
[585.112s][info][gc,marking  ] GC(935) Concurrent Preclean
[585.112s][info][gc,marking  ] GC(935) Concurrent Preclean 0.070ms
[585.112s][info][gc,start    ] GC(935) Pause Remark
[585.121s][info][gc          ] GC(935) Pause Remark 293M->293M(847M) 9.024ms
[585.121s][info][gc,cpu      ] GC(935) User=0.02s Sys=0.00s Real=0.00s
[585.122s][info][gc,marking  ] GC(935) Concurrent Mark 68.934ms
[585.122s][info][gc,marking  ] GC(935) Concurrent Rebuild Remembered Sets and Scrub Regions
[585.140s][info][gc,marking  ] GC(935) Concurrent Rebuild Remembered Sets and Scrub Regions 18.446ms
[585.140s][info][gc,start    ] GC(935) Pause Cleanup
[585.140s][info][gc          ] GC(935) Pause Cleanup 301M->301M(847M) 0.066ms
[585.140s][info][gc,cpu      ] GC(935) User=0.00s Sys=0.00s Real=0.00s
[585.140s][info][gc,marking  ] GC(935) Concurrent Clear Claimed Marks
[585.140s][info][gc,marking  ] GC(935) Concurrent Clear Claimed Marks 0.082ms
[585.140s][info][gc,marking  ] GC(935) Concurrent Cleanup for Next Mark
[585.143s][info][gc,marking  ] GC(935) Concurrent Cleanup for Next Mark 2.467ms
[585.143s][info][gc          ] GC(935) Concurrent Mark Cycle 95.499ms
[586.049s][info][gc,start    ] GC(936) Pause Young (Prepare Mixed) (G1 Evacuation Pause)
[586.049s][info][gc,task     ] GC(936) Using 2 workers of 2 for evacuation
[586.055s][info][gc,phases   ] GC(936)   Pre Evacuate Collection Set: 0.30ms
[586.055s][info][gc,phases   ] GC(936)   Merge Heap Roots: 0.15ms
[586.055s][info][gc,phases   ] GC(936)   Evacuate Collection Set: 3.97ms
[586.055s][info][gc,phases   ] GC(936)   Post Evacuate Collection Set: 0.80ms
[586.055s][info][gc,phases   ] GC(936)   Other: 0.08ms
[586.055s][info][gc,heap     ] GC(936) Eden regions: 506->0(505)
[586.055s][info][gc,heap     ] GC(936) Survivor regions: 2->3(64)
[586.055s][info][gc,heap     ] GC(936) Old regions: 46->46
[586.055s][info][gc,heap     ] GC(936) Humongous regions: 207->207
[586.055s][info][gc,metaspace] GC(936) Metaspace: 57798K(58112K)->57798K(58112K) NonClass: 52172K(52416K)->52172K(52416K) Class: 5625K(5696K)->5625K(5696K)
[586.055s][info][gc          ] GC(936) Pause Young (Prepare Mixed) (G1 Evacuation Pause) 760M->255M(847M) 5.478ms
[586.055s][info][gc,cpu      ] GC(936) User=0.01s Sys=0.00s Real=0.01s
[587.053s][info][gc,start    ] GC(937) Pause Young (Mixed) (G1 Evacuation Pause)
[587.053s][info][gc,task     ] GC(937) Using 2 workers of 2 for evacuation
[587.059s][info][gc,phases   ] GC(937)   Pre Evacuate Collection Set: 0.31ms
[587.059s][info][gc,phases   ] GC(937)   Merge Heap Roots: 0.15ms
[587.059s][info][gc,phases   ] GC(937)   Evacuate Collection Set: 5.00ms
[587.059s][info][gc,phases   ] GC(937)   Post Evacuate Collection Set: 0.82ms
[587.059s][info][gc,phases   ] GC(937)   Other: 0.10ms
[587.059s][info][gc,heap     ] GC(937) Eden regions: 505->0(505)
[587.059s][info][gc,heap     ] GC(937) Survivor regions: 3->3(64)
[587.059s][info][gc,heap     ] GC(937) Old regions: 46->46
[587.059s][info][gc,heap     ] GC(937) Humongous regions: 207->207
[587.059s][info][gc,metaspace] GC(937) Metaspace: 57798K(58112K)->57798K(58112K) NonClass: 52172K(52416K)->52172K(52416K) Class: 5625K(5696K)->5625K(5696K)
[587.059s][info][gc          ] GC(937) Pause Young (Mixed) (G1 Evacuation Pause) 760M->255M(847M) 6.551ms
[587.059s][info][gc,cpu      ] GC(937) User=0.01s Sys=0.00s Real=0.00s
[588.053s][info][gc,start    ] GC(938) Pause Young (Concurrent Start) (G1 Evacuation Pause)
[588.053s][info][gc,task     ] GC(938) Using 2 workers of 2 for evacuation
[588.059s][info][gc,phases   ] GC(938)   Pre Evacuate Collection Set: 0.31ms
[588.059s][info][gc,phases   ] GC(938)   Merge Heap Roots: 0.14ms
[588.059s][info][gc,phases   ] GC(938)   Evacuate Collection Set: 5.06ms
[588.059s][info][gc,phases   ] GC(938)   Post Evacuate Collection Set: 0.81ms
[588.059s][info][gc,phases   ] GC(938)   Other: 0.11ms
[588.059s][info][gc,heap     ] GC(938) Eden regions: 505->0(505)
[588.059s][info][gc,heap     ] GC(938) Survivor regions: 3->3(64)
[588.059s][info][gc,heap     ] GC(938) Old regions: 46->46
[588.059s][info][gc,heap     ] GC(938) Humongous regions: 207->207
[588.059s][info][gc,metaspace] GC(938) Metaspace: 57798K(58112K)->57798K(58112K) NonClass: 52172K(52416K)->52172K(52416K) Class: 5625K(5696K)->5625K(5696K)
[588.059s][info][gc          ] GC(938) Pause Young (Concurrent Start) (G1 Evacuation Pause) 760M->255M(847M) 6.624ms
[588.059s][info][gc,cpu      ] GC(938) User=0.01s Sys=0.00s Real=0.00s
[588.059s][info][gc          ] GC(939) Concurrent Mark Cycle
[588.060s][info][gc,marking  ] GC(939) Concurrent Scan Root Regions
[588.068s][info][gc,marking  ] GC(939) Concurrent Scan Root Regions 8.212ms
[588.068s][info][gc,marking  ] GC(939) Concurrent Mark
[588.068s][info][gc,marking  ] GC(939) Concurrent Mark From Roots
[588.068s][info][gc,task     ] GC(939) Using 1 workers of 1 for marking
[588.121s][info][gc,marking  ] GC(939) Concurrent Mark From Roots 52.865ms
[588.121s][info][gc,marking  ] GC(939) Concurrent Preclean
[588.121s][info][gc,marking  ] GC(939) Concurrent Preclean 0.064ms
[588.121s][info][gc,start    ] GC(939) Pause Remark
[588.130s][info][gc          ] GC(939) Pause Remark 276M->276M(847M) 8.952ms
[588.130s][info][gc,cpu      ] GC(939) User=0.02s Sys=0.00s Real=0.01s
[588.130s][info][gc,marking  ] GC(939) Concurrent Mark 62.154ms
[588.130s][info][gc,marking  ] GC(939) Concurrent Rebuild Remembered Sets and Scrub Regions
[588.159s][info][gc,marking  ] GC(939) Concurrent Rebuild Remembered Sets and Scrub Regions 28.808ms
[588.159s][info][gc,start    ] GC(939) Pause Cleanup
[588.159s][info][gc          ] GC(939) Pause Cleanup 305M->305M(847M) 0.071ms
[588.159s][info][gc,cpu      ] GC(939) User=0.00s Sys=0.00s Real=0.00s
[588.159s][info][gc,marking  ] GC(939) Concurrent Clear Claimed Marks
[588.159s][info][gc,marking  ] GC(939) Concurrent Clear Claimed Marks 0.085ms
[588.159s][info][gc,marking  ] GC(939) Concurrent Cleanup for Next Mark
[588.164s][info][gc,marking  ] GC(939) Concurrent Cleanup for Next Mark 5.065ms
[588.165s][info][gc          ] GC(939) Concurrent Mark Cycle 105.310ms
[589.055s][info][gc,start    ] GC(940) Pause Young (Prepare Mixed) (G1 Evacuation Pause)
[589.055s][info][gc,task     ] GC(940) Using 2 workers of 2 for evacuation
[589.061s][info][gc,phases   ] GC(940)   Pre Evacuate Collection Set: 0.31ms
[589.061s][info][gc,phases   ] GC(940)   Merge Heap Roots: 0.16ms
[589.061s][info][gc,phases   ] GC(940)   Evacuate Collection Set: 5.15ms
[589.061s][info][gc,phases   ] GC(940)   Post Evacuate Collection Set: 0.81ms
[589.061s][info][gc,phases   ] GC(940)   Other: 0.09ms
[589.061s][info][gc,heap     ] GC(940) Eden regions: 505->0(504)
[589.061s][info][gc,heap     ] GC(940) Survivor regions: 3->4(64)
[589.061s][info][gc,heap     ] GC(940) Old regions: 46->46
[589.061s][info][gc,heap     ] GC(940) Humongous regions: 207->207
[589.061s][info][gc,metaspace] GC(940) Metaspace: 57798K(58112K)->57798K(58112K) NonClass: 52172K(52416K)->52172K(52416K) Class: 5625K(5696K)->5625K(5696K)
[589.061s][info][gc          ] GC(940) Pause Young (Prepare Mixed) (G1 Evacuation Pause) 760M->256M(847M) 6.685ms
[589.061s][info][gc,cpu      ] GC(940) User=0.01s Sys=0.00s Real=0.00s
[591.487s][info][gc,heap,exit] Heap
[591.487s][info][gc,heap,exit]  garbage-first heap   total reserved 1001472K, committed 867328K, used 642432K [0x00000000c2e00000, 0x0000000100000000)
[591.487s][info][gc,heap,exit]   region size 1024K, 297 young (304128K), 4 survivors (4096K)
[591.487s][info][gc,heap,exit]  Metaspace       used 58344K, committed 58624K, reserved 1114112K
[591.487s][info][gc,heap,exit]   class space    used 5772K, committed 5824K, reserved 1048576K
