[0.002s][info][metaspace]  - commit_granule_bytes: 65536.
[0.002s][info][metaspace]  - commit_granule_words: 8192.
[0.002s][info][metaspace]  - virtual_space_node_default_size: 8388608.
[0.002s][info][metaspace]  - enlarge_chunks_in_place: 1.
[0.004s][info][gc,init  ] CardTable entry size: 512
[0.008s][info][gc       ] Using G1
[0.011s][info][gc,init  ] Version: 24-internal-adhoc.root.jdk (release)
[0.011s][info][gc,init  ] CPUs: 2 total, 2 available
[0.011s][info][gc,init  ] Memory: 3908M
[0.011s][info][gc,init  ] Large Page Support: Disabled
[0.011s][info][gc,init  ] NUMA Support: Disabled
[0.011s][info][gc,init  ] Compressed Oops: Enabled (32-bit)
[0.011s][info][gc,init  ] Heap Region Size: 1M
[0.011s][info][gc,init  ] Heap Min Capacity: 256M
[0.011s][info][gc,init  ] Heap Initial Capacity: 256M
[0.011s][info][gc,init  ] Heap Max Capacity: 978M
[0.011s][info][gc,init  ] Pre-touch: Disabled
[0.011s][info][gc,init  ] Parallel Workers: 2
[0.011s][info][gc,init  ] Concurrent Workers: 1
[0.011s][info][gc,init  ] Concurrent Refinement Workers: 2
[0.011s][info][gc,init  ] Periodic GC: Disabled
[0.024s][info][gc,metaspace] CDS archive(s) mapped at: [0x00007f0a0e000000-0x00007f0a0edc0000-0x00007f0a0edc0000), size 14417920, SharedBaseAddress: 0x00007f0a0e000000, ArchiveRelocationMode: 1.
[0.024s][info][gc,metaspace] Compressed class space mapped at: 0x00007f0a0f000000-0x00007f0a4f000000, reserved size: 1073741824
[0.024s][info][gc,metaspace] UseCompressedClassPointers 1, UseCompactObjectHeaders 0
[0.024s][info][gc,metaspace] Narrow klass pointer bits 32, Max shift 3
[0.024s][info][gc,metaspace] Narrow klass base: 0x00007f0a0e000000, Narrow klass shift: 0
[0.024s][info][gc,metaspace] Encoding Range: [0x00007f0a0e000000 - 0x00007f0b0e000000), (4294967296 bytes)
[0.024s][info][gc,metaspace] Klass Range:    [0x00007f0a0e000000 - 0x00007f0a4f000000), (1090519040 bytes)
[0.024s][info][gc,metaspace] Klass ID Range:  [8 - 1090519033) (1090519025)
[0.514s][info][gc,start    ] GC(0) Pause Young (Normal) (G1 Evacuation Pause)
[0.514s][info][gc,task     ] GC(0) Using 2 workers of 2 for evacuation
[0.526s][info][gc,phases   ] GC(0)   Pre Evacuate Collection Set: 0.17ms
[0.526s][info][gc,phases   ] GC(0)   Merge Heap Roots: 0.08ms
[0.526s][info][gc,phases   ] GC(0)   Evacuate Collection Set: 3.69ms
[0.526s][info][gc,phases   ] GC(0)   Post Evacuate Collection Set: 8.59ms
[0.526s][info][gc,phases   ] GC(0)   Other: 0.20ms
[0.526s][info][gc,heap     ] GC(0) Eden regions: 12->0(10)
[0.526s][info][gc,heap     ] GC(0) Survivor regions: 0->2(2)
[0.526s][info][gc,heap     ] GC(0) Old regions: 2->2
[0.526s][info][gc,heap     ] GC(0) Humongous regions: 0->0
[0.526s][info][gc,metaspace] GC(0) Metaspace: 2412K(2560K)->2412K(2560K) NonClass: 2215K(2304K)->2215K(2304K) Class: 197K(256K)->197K(256K)
[0.526s][info][gc          ] GC(0) Pause Young (Normal) (G1 Evacuation Pause) 13M->2M(258M) 12.954ms
[0.527s][info][gc,cpu      ] GC(0) User=0.01s Sys=0.00s Real=0.01s
[0.889s][info][gc,start    ] GC(1) Pause Young (Normal) (G1 Evacuation Pause)
[0.889s][info][gc,task     ] GC(1) Using 2 workers of 2 for evacuation
[0.894s][info][gc,phases   ] GC(1)   Pre Evacuate Collection Set: 0.13ms
[0.894s][info][gc,phases   ] GC(1)   Merge Heap Roots: 0.03ms
[0.894s][info][gc,phases   ] GC(1)   Evacuate Collection Set: 5.02ms
[0.894s][info][gc,phases   ] GC(1)   Post Evacuate Collection Set: 0.29ms
[0.894s][info][gc,phases   ] GC(1)   Other: 0.07ms
[0.894s][info][gc,heap     ] GC(1) Eden regions: 10->0(12)
[0.894s][info][gc,heap     ] GC(1) Survivor regions: 2->2(2)
[0.894s][info][gc,heap     ] GC(1) Old regions: 2->5
[0.894s][info][gc,heap     ] GC(1) Humongous regions: 0->0
[0.894s][info][gc,metaspace] GC(1) Metaspace: 3721K(3840K)->3721K(3840K) NonClass: 3402K(3456K)->3402K(3456K) Class: 318K(384K)->318K(384K)
[0.895s][info][gc          ] GC(1) Pause Young (Normal) (G1 Evacuation Pause) 12M->6M(258M) 5.695ms
[0.895s][info][gc,cpu      ] GC(1) User=0.00s Sys=0.00s Real=0.01s
[1.094s][info][gc,start    ] GC(2) Pause Young (Normal) (G1 Evacuation Pause)
[1.094s][info][gc,task     ] GC(2) Using 2 workers of 2 for evacuation
[1.099s][info][gc,phases   ] GC(2)   Pre Evacuate Collection Set: 0.13ms
[1.099s][info][gc,phases   ] GC(2)   Merge Heap Roots: 0.03ms
[1.099s][info][gc,phases   ] GC(2)   Evacuate Collection Set: 4.53ms
[1.099s][info][gc,phases   ] GC(2)   Post Evacuate Collection Set: 0.23ms
[1.099s][info][gc,phases   ] GC(2)   Other: 0.07ms
[1.100s][info][gc,heap     ] GC(2) Eden regions: 12->0(20)
[1.100s][info][gc,heap     ] GC(2) Survivor regions: 2->2(2)
[1.100s][info][gc,heap     ] GC(2) Old regions: 5->8
[1.100s][info][gc,heap     ] GC(2) Humongous regions: 0->0
[1.100s][info][gc,metaspace] GC(2) Metaspace: 6574K(6784K)->6574K(6784K) NonClass: 6045K(6144K)->6045K(6144K) Class: 529K(640K)->529K(640K)
[1.100s][info][gc          ] GC(2) Pause Young (Normal) (G1 Evacuation Pause) 18M->8M(258M) 5.155ms
[1.100s][info][gc,cpu      ] GC(2) User=0.01s Sys=0.00s Real=0.00s
[1.323s][info][gc,start    ] GC(3) Pause Young (Normal) (G1 Evacuation Pause)
[1.323s][info][gc,task     ] GC(3) Using 2 workers of 2 for evacuation
[1.328s][info][gc,phases   ] GC(3)   Pre Evacuate Collection Set: 0.15ms
[1.328s][info][gc,phases   ] GC(3)   Merge Heap Roots: 0.03ms
[1.328s][info][gc,phases   ] GC(3)   Evacuate Collection Set: 3.69ms
[1.328s][info][gc,phases   ] GC(3)   Post Evacuate Collection Set: 0.24ms
[1.328s][info][gc,phases   ] GC(3)   Other: 0.09ms
[1.328s][info][gc,heap     ] GC(3) Eden regions: 21->0(26)
[1.328s][info][gc,heap     ] GC(3) Survivor regions: 2->2(3)
[1.328s][info][gc,heap     ] GC(3) Old regions: 8->10
[1.328s][info][gc,heap     ] GC(3) Humongous regions: 0->0
[1.328s][info][gc,metaspace] GC(3) Metaspace: 8724K(8896K)->8724K(8896K) NonClass: 8023K(8128K)->8023K(8128K) Class: 700K(768K)->700K(768K)
[1.328s][info][gc          ] GC(3) Pause Young (Normal) (G1 Evacuation Pause) 29M->10M(258M) 4.352ms
[1.328s][info][gc,cpu      ] GC(3) User=0.01s Sys=0.00s Real=0.00s
[1.750s][info][gc,start    ] GC(4) Pause Young (Normal) (G1 Evacuation Pause)
[1.750s][info][gc,task     ] GC(4) Using 2 workers of 2 for evacuation
[1.754s][info][gc,phases   ] GC(4)   Pre Evacuate Collection Set: 0.14ms
[1.754s][info][gc,phases   ] GC(4)   Merge Heap Roots: 0.04ms
[1.754s][info][gc,phases   ] GC(4)   Evacuate Collection Set: 3.55ms
[1.754s][info][gc,phases   ] GC(4)   Post Evacuate Collection Set: 0.28ms
[1.754s][info][gc,phases   ] GC(4)   Other: 0.07ms
[1.754s][info][gc,heap     ] GC(4) Eden regions: 26->0(34)
[1.754s][info][gc,heap     ] GC(4) Survivor regions: 2->3(4)
[1.754s][info][gc,heap     ] GC(4) Old regions: 10->10
[1.754s][info][gc,heap     ] GC(4) Humongous regions: 0->0
[1.754s][info][gc,metaspace] GC(4) Metaspace: 16647K(16832K)->16647K(16832K) NonClass: 15090K(15232K)->15090K(15232K) Class: 1556K(1600K)->1556K(1600K)
[1.754s][info][gc          ] GC(4) Pause Young (Normal) (G1 Evacuation Pause) 36M->11M(258M) 4.226ms
[1.754s][info][gc,cpu      ] GC(4) User=0.01s Sys=0.00s Real=0.01s
[2.033s][info][metaspace   ] ChkMgr @0x00007f0a8415e5b0 (non-class-space): failed to commit 65 words on chunk @0x00007f09f82a1f68, f, base 0x00007f0a05320000, level lv10.
[2.033s][info][metaspace   ] Arena @0x00007f0a84206d30 (non-class arena): failed to allocate new chunk for requested word size 65.
[2.033s][info][metaspace   ] Arena @0x00007f0a84206d30 (non-class arena): allocation failed, returned null.
[2.033s][info][metaspace   ] ChkMgr @0x00007f0a8415e5b0 (non-class-space): failed to commit 65 words on chunk @0x00007f09f82a1f68, f, base 0x00007f0a05320000, level lv10.
[2.033s][info][metaspace   ] Arena @0x00007f0a84206d30 (non-class arena): failed to allocate new chunk for requested word size 65.
[2.033s][info][metaspace   ] Arena @0x00007f0a84206d30 (non-class arena): allocation failed, returned null.
[2.033s][info][metaspace   ] ChkMgr @0x00007f0a8415e5b0 (non-class-space): failed to commit 65 words on chunk @0x00007f09f82a1f68, f, base 0x00007f0a05320000, level lv10.
[2.034s][info][metaspace   ] Arena @0x00007f0a84206d30 (non-class arena): failed to allocate new chunk for requested word size 65.
[2.034s][info][metaspace   ] Arena @0x00007f0a84206d30 (non-class arena): allocation failed, returned null.
[2.034s][info][gc,start    ] GC(5) Pause Young (Concurrent Start) (Metadata GC Threshold)
[2.034s][info][gc,task     ] GC(5) Using 2 workers of 2 for evacuation
[2.039s][info][gc,phases   ] GC(5)   Pre Evacuate Collection Set: 0.64ms
[2.039s][info][gc,phases   ] GC(5)   Merge Heap Roots: 0.05ms
[2.039s][info][gc,phases   ] GC(5)   Evacuate Collection Set: 4.56ms
[2.039s][info][gc,phases   ] GC(5)   Post Evacuate Collection Set: 0.33ms
[2.039s][info][gc,phases   ] GC(5)   Other: 0.10ms
[2.039s][info][gc,heap     ] GC(5) Eden regions: 18->0(54)
[2.039s][info][gc,heap     ] GC(5) Survivor regions: 3->3(5)
[2.039s][info][gc,heap     ] GC(5) Old regions: 10->10
[2.039s][info][gc,heap     ] GC(5) Humongous regions: 0->0
[2.039s][info][gc,metaspace] GC(5) Metaspace: 21429K(21504K)->21429K(21504K) NonClass: 19423K(19456K)->19423K(19456K) Class: 2005K(2048K)->2005K(2048K)
[2.039s][info][gc          ] GC(5) Pause Young (Concurrent Start) (Metadata GC Threshold) 29M->11M(258M) 5.798ms
[2.039s][info][gc,cpu      ] GC(5) User=0.01s Sys=0.00s Real=0.00s
[2.039s][info][metaspace   ] CLMS @0x00007f0a84204460 : GC threshold increased: 22020096->22347776.
[2.039s][info][gc          ] GC(6) Concurrent Mark Cycle
[2.039s][info][gc,marking  ] GC(6) Concurrent Scan Root Regions
[2.047s][info][gc,marking  ] GC(6) Concurrent Scan Root Regions 7.428ms
[2.047s][info][gc,marking  ] GC(6) Concurrent Mark
[2.047s][info][gc,marking  ] GC(6) Concurrent Mark From Roots
[2.047s][info][gc,task     ] GC(6) Using 1 workers of 1 for marking
[2.066s][info][gc,marking  ] GC(6) Concurrent Mark From Roots 19.173ms
[2.066s][info][gc,marking  ] GC(6) Concurrent Preclean
[2.066s][info][gc,marking  ] GC(6) Concurrent Preclean 0.031ms
[2.066s][info][gc,start    ] GC(6) Pause Remark
[2.071s][info][gc          ] GC(6) Pause Remark 12M->12M(256M) 4.765ms
[2.071s][info][gc,cpu      ] GC(6) User=0.01s Sys=0.00s Real=0.00s
[2.074s][info][gc,marking  ] GC(6) Concurrent Mark 27.233ms
[2.074s][info][gc,marking  ] GC(6) Concurrent Rebuild Remembered Sets and Scrub Regions
[2.080s][info][gc,marking  ] GC(6) Concurrent Rebuild Remembered Sets and Scrub Regions 6.197ms
[2.081s][info][gc,start    ] GC(6) Pause Cleanup
[2.081s][info][gc          ] GC(6) Pause Cleanup 12M->12M(256M) 0.035ms
[2.081s][info][gc,cpu      ] GC(6) User=0.00s Sys=0.00s Real=0.00s
[2.083s][info][gc,marking  ] GC(6) Concurrent Clear Claimed Marks
[2.084s][info][gc,marking  ] GC(6) Concurrent Clear Claimed Marks 0.031ms
[2.084s][info][gc,marking  ] GC(6) Concurrent Cleanup for Next Mark
[2.091s][info][gc,marking  ] GC(6) Concurrent Cleanup for Next Mark 7.253ms
[2.091s][info][gc          ] GC(6) Concurrent Mark Cycle 51.356ms
[3.055s][info][gc,start    ] GC(7) Pause Young (Prepare Mixed) (G1 Evacuation Pause)
[3.055s][info][gc,task     ] GC(7) Using 2 workers of 2 for evacuation
[3.066s][info][gc,phases   ] GC(7)   Pre Evacuate Collection Set: 0.15ms
[3.066s][info][gc,phases   ] GC(7)   Merge Heap Roots: 0.05ms
[3.066s][info][gc,phases   ] GC(7)   Evacuate Collection Set: 10.08ms
[3.066s][info][gc,phases   ] GC(7)   Post Evacuate Collection Set: 0.59ms
[3.066s][info][gc,phases   ] GC(7)   Other: 0.09ms
[3.066s][info][gc,heap     ] GC(7) Eden regions: 52->0(51)
[3.066s][info][gc,heap     ] GC(7) Survivor regions: 3->6(7)
[3.066s][info][gc,heap     ] GC(7) Old regions: 10->10
[3.066s][info][gc,heap     ] GC(7) Humongous regions: 129->129
[3.066s][info][gc,metaspace] GC(7) Metaspace: 30832K(31040K)->30832K(31040K) NonClass: 27889K(28032K)->27889K(28032K) Class: 2943K(3008K)->2943K(3008K)
[3.066s][info][gc          ] GC(7) Pause Young (Prepare Mixed) (G1 Evacuation Pause) 192M->143M(256M) 11.147ms
[3.066s][info][gc,cpu      ] GC(7) User=0.02s Sys=0.01s Real=0.01s
[3.459s][info][metaspace   ] ChkMgr @0x00007f0a8415e5b0 (non-class-space): failed to commit 197 words on chunk @0x00007f0a84811e90, f, base 0x00007f0a06020000, level lv10.
[3.459s][info][metaspace   ] Arena @0x00007f0a84206d30 (non-class arena): failed to allocate new chunk for requested word size 197.
[3.459s][info][metaspace   ] Arena @0x00007f0a84206d30 (non-class arena): allocation failed, returned null.
[3.459s][info][metaspace   ] ChkMgr @0x00007f0a8415e5b0 (non-class-space): failed to commit 197 words on chunk @0x00007f0a84811e90, f, base 0x00007f0a06020000, level lv10.
[3.459s][info][metaspace   ] Arena @0x00007f0a84206d30 (non-class arena): failed to allocate new chunk for requested word size 197.
[3.459s][info][metaspace   ] Arena @0x00007f0a84206d30 (non-class arena): allocation failed, returned null.
[3.459s][info][metaspace   ] ChkMgr @0x00007f0a8415e5b0 (non-class-space): failed to commit 197 words on chunk @0x00007f0a84811e90, f, base 0x00007f0a06020000, level lv10.
[3.459s][info][metaspace   ] Arena @0x00007f0a84206d30 (non-class arena): failed to allocate new chunk for requested word size 197.
[3.459s][info][metaspace   ] Arena @0x00007f0a84206d30 (non-class arena): allocation failed, returned null.
[3.459s][info][gc,start    ] GC(8) Pause Young (Mixed) (Metadata GC Threshold)
[3.459s][info][gc,task     ] GC(8) Using 2 workers of 2 for evacuation
[3.473s][info][gc,phases   ] GC(8)   Pre Evacuate Collection Set: 0.15ms
[3.473s][info][gc,phases   ] GC(8)   Merge Heap Roots: 0.05ms
[3.473s][info][gc,phases   ] GC(8)   Evacuate Collection Set: 12.44ms
[3.473s][info][gc,phases   ] GC(8)   Post Evacuate Collection Set: 0.51ms
[3.473s][info][gc,phases   ] GC(8)   Other: 0.09ms
[3.473s][info][gc,heap     ] GC(8) Eden regions: 28->0(16)
[3.473s][info][gc,heap     ] GC(8) Survivor regions: 6->6(7)
[3.473s][info][gc,heap     ] GC(8) Old regions: 10->12
[3.473s][info][gc,heap     ] GC(8) Humongous regions: 207->207
[3.473s][info][gc,metaspace] GC(8) Metaspace: 35907K(36096K)->35907K(36096K) NonClass: 32515K(32640K)->32515K(32640K) Class: 3392K(3456K)->3392K(3456K)
[3.473s][info][gc          ] GC(8) Pause Young (Mixed) (Metadata GC Threshold) 249M->223M(260M) 13.377ms
[3.473s][info][gc,cpu      ] GC(8) User=0.02s Sys=0.01s Real=0.02s
[3.473s][info][metaspace   ] CLMS @0x00007f0a84204460 : GC threshold increased: 36962304->37289984.
[3.486s][info][metaspace   ] ChkMgr @0x00007f0a8415e5b0 (non-class-space): failed to commit 11 words on chunk @0x00007f0a848ba588, f, base 0x00007f0a06060000, level lv10.
[3.486s][info][metaspace   ] Arena @0x00007f0a84206d30 (non-class arena): failed to allocate new chunk for requested word size 11.
[3.486s][info][metaspace   ] Arena @0x00007f0a84206d30 (non-class arena): allocation failed, returned null.
[3.486s][info][metaspace   ] ChkMgr @0x00007f0a8415e5b0 (non-class-space): failed to commit 11 words on chunk @0x00007f0a848ba588, f, base 0x00007f0a06060000, level lv10.
[3.486s][info][metaspace   ] Arena @0x00007f0a84206d30 (non-class arena): failed to allocate new chunk for requested word size 11.
[3.486s][info][metaspace   ] Arena @0x00007f0a84206d30 (non-class arena): allocation failed, returned null.
[3.486s][info][metaspace   ] ChkMgr @0x00007f0a8415e5b0 (non-class-space): failed to commit 11 words on chunk @0x00007f0a848ba588, f, base 0x00007f0a06060000, level lv10.
[3.486s][info][metaspace   ] Arena @0x00007f0a84206d30 (non-class arena): failed to allocate new chunk for requested word size 11.
[3.486s][info][metaspace   ] Arena @0x00007f0a84206d30 (non-class arena): allocation failed, returned null.
[3.486s][info][gc,start    ] GC(9) Pause Young (Concurrent Start) (Metadata GC Threshold)
[3.486s][info][gc,task     ] GC(9) Using 2 workers of 2 for evacuation
[3.493s][info][gc,phases   ] GC(9)   Pre Evacuate Collection Set: 0.19ms
[3.493s][info][gc,phases   ] GC(9)   Merge Heap Roots: 0.05ms
[3.493s][info][gc,phases   ] GC(9)   Evacuate Collection Set: 6.81ms
[3.494s][info][gc,phases   ] GC(9)   Post Evacuate Collection Set: 0.33ms
[3.494s][info][gc,phases   ] GC(9)   Other: 0.13ms
[3.494s][info][gc,heap     ] GC(9) Eden regions: 2->0(21)
[3.494s][info][gc,heap     ] GC(9) Survivor regions: 6->1(3)
[3.494s][info][gc,heap     ] GC(9) Old regions: 12->17
[3.494s][info][gc,heap     ] GC(9) Humongous regions: 207->207
[3.494s][info][gc,metaspace] GC(9) Metaspace: 36170K(36416K)->36170K(36416K) NonClass: 32773K(32896K)->32773K(32896K) Class: 3397K(3520K)->3397K(3520K)
[3.494s][info][gc          ] GC(9) Pause Young (Concurrent Start) (Metadata GC Threshold) 225M->224M(260M) 7.651ms
[3.494s][info][gc,cpu      ] GC(9) User=0.02s Sys=0.00s Real=0.01s
[3.494s][info][gc          ] GC(10) Concurrent Mark Cycle
[3.494s][info][metaspace   ] CLMS @0x00007f0a84204460 : GC threshold increased: 37289984->37617664.
[3.494s][info][gc,marking  ] GC(10) Concurrent Scan Root Regions
[3.506s][info][gc,marking  ] GC(10) Concurrent Scan Root Regions 12.365ms
[3.506s][info][gc,marking  ] GC(10) Concurrent Mark
[3.506s][info][gc,marking  ] GC(10) Concurrent Mark From Roots
[3.506s][info][gc,task     ] GC(10) Using 1 workers of 1 for marking
[3.521s][info][metaspace   ] ChkMgr @0x00007f0a8415e5b0 (non-class-space): failed to commit 3328 words on chunk @0x00007f0a848ba8a0, f, base 0x00007f0a060b0000, level lv09.
[3.521s][info][metaspace   ] Arena @0x00007f0a84206d30 (non-class arena): failed to allocate new chunk for requested word size 3328.
[3.521s][info][metaspace   ] Arena @0x00007f0a84206d30 (non-class arena): allocation failed, returned null.
[3.521s][info][metaspace   ] ChkMgr @0x00007f0a8415e5b0 (non-class-space): failed to commit 3328 words on chunk @0x00007f0a848ba8a0, f, base 0x00007f0a060b0000, level lv09.
[3.521s][info][metaspace   ] Arena @0x00007f0a84206d30 (non-class arena): failed to allocate new chunk for requested word size 3328.
[3.521s][info][metaspace   ] Arena @0x00007f0a84206d30 (non-class arena): allocation failed, returned null.
[3.521s][info][metaspace   ] ChkMgr @0x00007f0a8415e5b0 (non-class-space): failed to commit 255 words on chunk @0x00007f0a848ba8a0, f, base 0x00007f0a060b0000, level lv10.
[3.521s][info][metaspace   ] Arena @0x00007f0a84206d30 (non-class arena): failed to allocate new chunk for requested word size 255.
[3.521s][info][metaspace   ] Arena @0x00007f0a84206d30 (non-class arena): allocation failed, returned null.
[3.521s][info][metaspace   ] ChkMgr @0x00007f0a8415e5b0 (non-class-space): failed to commit 255 words on chunk @0x00007f0a848ba8a0, f, base 0x00007f0a060b0000, level lv10.
[3.521s][info][metaspace   ] Arena @0x00007f0a84206d30 (non-class arena): failed to allocate new chunk for requested word size 255.
[3.521s][info][metaspace   ] Arena @0x00007f0a84206d30 (non-class arena): allocation failed, returned null.
[3.523s][info][metaspace   ] ChkMgr @0x00007f0a8415e5b0 (non-class-space): failed to commit 3328 words on chunk @0x00007f0a848ba8a0, f, base 0x00007f0a060b0000, level lv09.
[3.523s][info][metaspace   ] Arena @0x00007f0a84206d30 (non-class arena): failed to allocate new chunk for requested word size 3328.
[3.523s][info][metaspace   ] Arena @0x00007f0a84206d30 (non-class arena): allocation failed, returned null.
[3.523s][info][metaspace   ] CLMS @0x00007f0a84204460 : GC threshold increased: 37617664->37945344.
[3.528s][info][gc,marking  ] GC(10) Concurrent Mark From Roots 22.432ms
[3.529s][info][gc,marking  ] GC(10) Concurrent Preclean
[3.529s][info][gc,marking  ] GC(10) Concurrent Preclean 0.045ms
[3.529s][info][gc,start    ] GC(10) Pause Remark
[3.535s][info][gc          ] GC(10) Pause Remark 226M->226M(375M) 5.680ms
[3.535s][info][gc,cpu      ] GC(10) User=0.01s Sys=0.00s Real=0.01s
[3.538s][info][gc,marking  ] GC(10) Concurrent Mark 31.523ms
[3.538s][info][gc,marking  ] GC(10) Concurrent Rebuild Remembered Sets and Scrub Regions
[3.555s][info][gc,marking  ] GC(10) Concurrent Rebuild Remembered Sets and Scrub Regions 17.585ms
[3.557s][info][gc,start    ] GC(10) Pause Cleanup
[3.557s][info][gc          ] GC(10) Pause Cleanup 227M->227M(375M) 0.059ms
[3.557s][info][gc,cpu      ] GC(10) User=0.01s Sys=0.00s Real=0.00s
[3.558s][info][gc,marking  ] GC(10) Concurrent Clear Claimed Marks
[3.558s][info][gc,marking  ] GC(10) Concurrent Clear Claimed Marks 0.044ms
[3.558s][info][gc,marking  ] GC(10) Concurrent Cleanup for Next Mark
[3.564s][info][gc,marking  ] GC(10) Concurrent Cleanup for Next Mark 5.788ms
[3.564s][info][gc          ] GC(10) Concurrent Mark Cycle 70.417ms
[3.737s][info][gc,start    ] GC(11) Pause Young (Prepare Mixed) (G1 Evacuation Pause)
[3.737s][info][gc,task     ] GC(11) Using 2 workers of 2 for evacuation
[3.740s][info][gc,phases   ] GC(11)   Pre Evacuate Collection Set: 0.20ms
[3.740s][info][gc,phases   ] GC(11)   Merge Heap Roots: 0.05ms
[3.740s][info][gc,phases   ] GC(11)   Evacuate Collection Set: 2.94ms
[3.740s][info][gc,phases   ] GC(11)   Post Evacuate Collection Set: 0.36ms
[3.740s][info][gc,phases   ] GC(11)   Other: 0.12ms
[3.740s][info][gc,heap     ] GC(11) Eden regions: 17->0(101)
[3.740s][info][gc,heap     ] GC(11) Survivor regions: 1->2(3)
[3.740s][info][gc,heap     ] GC(11) Old regions: 17->17
[3.740s][info][gc,heap     ] GC(11) Humongous regions: 207->207
[3.740s][info][gc,metaspace] GC(11) Metaspace: 39738K(40000K)->39738K(40000K) NonClass: 35990K(36160K)->35990K(36160K) Class: 3747K(3840K)->3747K(3840K)
[3.740s][info][gc          ] GC(11) Pause Young (Prepare Mixed) (G1 Evacuation Pause) 241M->225M(375M) 3.839ms
[3.740s][info][gc,cpu      ] GC(11) User=0.01s Sys=0.00s Real=0.00s
[6.114s][info][gc,start    ] GC(12) Pause Young (Mixed) (G1 Evacuation Pause)
[6.114s][info][gc,task     ] GC(12) Using 2 workers of 2 for evacuation
[6.128s][info][gc,phases   ] GC(12)   Pre Evacuate Collection Set: 0.23ms
[6.128s][info][gc,phases   ] GC(12)   Merge Heap Roots: 0.08ms
[6.128s][info][gc,phases   ] GC(12)   Evacuate Collection Set: 12.68ms
[6.128s][info][gc,phases   ] GC(12)   Post Evacuate Collection Set: 0.87ms
[6.128s][info][gc,phases   ] GC(12)   Other: 0.12ms
[6.128s][info][gc,heap     ] GC(12) Eden regions: 101->0(87)
[6.128s][info][gc,heap     ] GC(12) Survivor regions: 2->6(13)
[6.128s][info][gc,heap     ] GC(12) Old regions: 17->17
[6.128s][info][gc,heap     ] GC(12) Humongous regions: 207->207
[6.128s][info][gc,metaspace] GC(12) Metaspace: 52253K(52544K)->52253K(52544K) NonClass: 46879K(47104K)->46879K(47104K) Class: 5374K(5440K)->5374K(5440K)
[6.128s][info][gc          ] GC(12) Pause Young (Mixed) (G1 Evacuation Pause) 326M->229M(375M) 14.147ms
[6.128s][info][gc,cpu      ] GC(12) User=0.02s Sys=0.00s Real=0.01s
[6.872s][info][gc,start    ] GC(13) Pause Young (Concurrent Start) (G1 Evacuation Pause)
[6.873s][info][gc,task     ] GC(13) Using 2 workers of 2 for evacuation
[6.896s][info][gc,phases   ] GC(13)   Pre Evacuate Collection Set: 0.22ms
[6.896s][info][gc,phases   ] GC(13)   Merge Heap Roots: 0.08ms
[6.896s][info][gc,phases   ] GC(13)   Evacuate Collection Set: 22.18ms
[6.896s][info][gc,phases   ] GC(13)   Post Evacuate Collection Set: 0.80ms
[6.896s][info][gc,phases   ] GC(13)   Other: 0.13ms
[6.896s][info][gc,heap     ] GC(13) Eden regions: 80->0(75)
[6.896s][info][gc,heap     ] GC(13) Survivor regions: 6->11(11)
[6.896s][info][gc,heap     ] GC(13) Old regions: 17->34
[6.896s][info][gc,heap     ] GC(13) Humongous regions: 207->207
[6.896s][info][gc,metaspace] GC(13) Metaspace: 54217K(54528K)->54217K(54528K) NonClass: 48643K(48896K)->48643K(48896K) Class: 5574K(5632K)->5574K(5632K)
[6.896s][info][gc          ] GC(13) Pause Young (Concurrent Start) (G1 Evacuation Pause) 309M->251M(375M) 23.597ms
[6.896s][info][gc          ] GC(14) Concurrent Mark Cycle
[6.896s][info][gc,marking  ] GC(14) Concurrent Scan Root Regions
[6.896s][info][gc,cpu      ] GC(13) User=0.04s Sys=0.00s Real=0.02s
[6.922s][info][gc,marking  ] GC(14) Concurrent Scan Root Regions 26.048ms
[6.922s][info][gc,marking  ] GC(14) Concurrent Mark
[6.922s][info][gc,marking  ] GC(14) Concurrent Mark From Roots
[6.922s][info][gc,task     ] GC(14) Using 1 workers of 1 for marking
[6.932s][info][gc,start    ] GC(15) Pause Young (Normal) (G1 Evacuation Pause)
[6.932s][info][gc,task     ] GC(15) Using 2 workers of 2 for evacuation
[6.946s][info][gc,phases   ] GC(15)   Pre Evacuate Collection Set: 0.20ms
[6.946s][info][gc,phases   ] GC(15)   Merge Heap Roots: 0.15ms
[6.946s][info][gc,phases   ] GC(15)   Evacuate Collection Set: 12.39ms
[6.946s][info][gc,phases   ] GC(15)   Post Evacuate Collection Set: 0.47ms
[6.946s][info][gc,phases   ] GC(15)   Other: 0.08ms
[6.946s][info][gc,heap     ] GC(15) Eden regions: 7->0(72)
[6.946s][info][gc,heap     ] GC(15) Survivor regions: 11->3(3)
[6.946s][info][gc,heap     ] GC(15) Old regions: 34->45
[6.946s][info][gc,heap     ] GC(15) Humongous regions: 207->207
[6.946s][info][gc,metaspace] GC(15) Metaspace: 54220K(54528K)->54220K(54528K) NonClass: 48645K(48896K)->48645K(48896K) Class: 5574K(5632K)->5574K(5632K)
[6.946s][info][gc          ] GC(15) Pause Young (Normal) (G1 Evacuation Pause) 258M->254M(375M) 13.464ms
[6.946s][info][gc,cpu      ] GC(15) User=0.03s Sys=0.01s Real=0.01s
[6.988s][info][gc,marking  ] GC(14) Concurrent Mark From Roots 65.897ms
[6.988s][info][gc,marking  ] GC(14) Concurrent Preclean
[6.988s][info][gc,marking  ] GC(14) Concurrent Preclean 0.077ms
[6.992s][info][gc,start    ] GC(14) Pause Remark
[7.003s][info][gc          ] GC(14) Pause Remark 263M->263M(425M) 11.169ms
[7.003s][info][gc,cpu      ] GC(14) User=0.01s Sys=0.00s Real=0.01s
[7.006s][info][gc,marking  ] GC(14) Concurrent Mark 83.810ms
[7.006s][info][gc,marking  ] GC(14) Concurrent Rebuild Remembered Sets and Scrub Regions
[7.052s][info][gc,marking  ] GC(14) Concurrent Rebuild Remembered Sets and Scrub Regions 45.438ms
[7.053s][info][gc,start    ] GC(14) Pause Cleanup
[7.053s][info][gc          ] GC(14) Pause Cleanup 269M->269M(425M) 0.082ms
[7.053s][info][gc,cpu      ] GC(14) User=0.00s Sys=0.00s Real=0.00s
[7.053s][info][gc,marking  ] GC(14) Concurrent Clear Claimed Marks
[7.053s][info][gc,marking  ] GC(14) Concurrent Clear Claimed Marks 0.086ms
[7.053s][info][gc,marking  ] GC(14) Concurrent Cleanup for Next Mark
[7.061s][info][gc,marking  ] GC(14) Concurrent Cleanup for Next Mark 8.314ms
[7.061s][info][gc          ] GC(14) Concurrent Mark Cycle 165.309ms
[7.323s][info][gc,start    ] GC(16) Pause Young (Prepare Mixed) (G1 Evacuation Pause)
[7.323s][info][gc,task     ] GC(16) Using 2 workers of 2 for evacuation
[7.343s][info][gc,phases   ] GC(16)   Pre Evacuate Collection Set: 0.24ms
[7.343s][info][gc,phases   ] GC(16)   Merge Heap Roots: 0.13ms
[7.343s][info][gc,phases   ] GC(16)   Evacuate Collection Set: 19.06ms
[7.343s][info][gc,phases   ] GC(16)   Post Evacuate Collection Set: 0.45ms
[7.343s][info][gc,phases   ] GC(16)   Other: 0.10ms
[7.343s][info][gc,heap     ] GC(16) Eden regions: 72->0(84)
[7.343s][info][gc,heap     ] GC(16) Survivor regions: 3->10(10)
[7.343s][info][gc,heap     ] GC(16) Old regions: 45->62
[7.343s][info][gc,heap     ] GC(16) Humongous regions: 207->207
[7.343s][info][gc,metaspace] GC(16) Metaspace: 54409K(54720K)->54409K(54720K) NonClass: 48834K(49088K)->48834K(49088K) Class: 5574K(5632K)->5574K(5632K)
[7.343s][info][gc          ] GC(16) Pause Young (Prepare Mixed) (G1 Evacuation Pause) 326M->278M(425M) 20.156ms
[7.343s][info][gc,cpu      ] GC(16) User=0.03s Sys=0.00s Real=0.02s
[7.825s][info][gc,start    ] GC(17) Pause Young (Mixed) (G1 Evacuation Pause)
[7.825s][info][gc,task     ] GC(17) Using 2 workers of 2 for evacuation
[7.846s][info][gc,phases   ] GC(17)   Pre Evacuate Collection Set: 0.24ms
[7.846s][info][gc,phases   ] GC(17)   Merge Heap Roots: 0.11ms
[7.846s][info][gc,phases   ] GC(17)   Evacuate Collection Set: 19.60ms
[7.846s][info][gc,phases   ] GC(17)   Post Evacuate Collection Set: 0.43ms
[7.846s][info][gc,phases   ] GC(17)   Other: 0.06ms
[7.846s][info][gc,heap     ] GC(17) Eden regions: 84->0(84)
[7.846s][info][gc,heap     ] GC(17) Survivor regions: 10->9(12)
[7.846s][info][gc,heap     ] GC(17) Old regions: 62->72
[7.846s][info][gc,heap     ] GC(17) Humongous regions: 207->207
[7.846s][info][gc,metaspace] GC(17) Metaspace: 54818K(55104K)->54818K(55104K) NonClass: 49243K(49472K)->49243K(49472K) Class: 5574K(5632K)->5574K(5632K)
[7.846s][info][gc          ] GC(17) Pause Young (Mixed) (G1 Evacuation Pause) 362M->287M(425M) 20.624ms
[7.846s][info][gc,cpu      ] GC(17) User=0.04s Sys=0.00s Real=0.02s
[8.117s][info][gc,start    ] GC(18) Pause Young (Concurrent Start) (G1 Evacuation Pause)
[8.117s][info][gc,task     ] GC(18) Using 2 workers of 2 for evacuation
[8.138s][info][gc,phases   ] GC(18)   Pre Evacuate Collection Set: 0.22ms
[8.138s][info][gc,phases   ] GC(18)   Merge Heap Roots: 0.11ms
[8.138s][info][gc,phases   ] GC(18)   Evacuate Collection Set: 20.03ms
[8.138s][info][gc,phases   ] GC(18)   Post Evacuate Collection Set: 0.42ms
[8.138s][info][gc,phases   ] GC(18)   Other: 0.12ms
[8.138s][info][gc,heap     ] GC(18) Eden regions: 84->0(84)
[8.138s][info][gc,heap     ] GC(18) Survivor regions: 9->9(12)
[8.138s][info][gc,heap     ] GC(18) Old regions: 72->79
[8.138s][info][gc,heap     ] GC(18) Humongous regions: 207->207
[8.138s][info][gc,metaspace] GC(18) Metaspace: 54854K(55168K)->54854K(55168K) NonClass: 49280K(49536K)->49280K(49536K) Class: 5574K(5632K)->5574K(5632K)
[8.138s][info][gc          ] GC(18) Pause Young (Concurrent Start) (G1 Evacuation Pause) 371M->294M(425M) 21.136ms
[8.138s][info][gc          ] GC(19) Concurrent Mark Cycle
[8.138s][info][gc,marking  ] GC(19) Concurrent Scan Root Regions
[8.139s][info][gc,cpu      ] GC(18) User=0.04s Sys=0.00s Real=0.02s
[8.170s][info][gc,marking  ] GC(19) Concurrent Scan Root Regions 31.951ms
[8.170s][info][gc,marking  ] GC(19) Concurrent Mark
[8.170s][info][gc,marking  ] GC(19) Concurrent Mark From Roots
[8.170s][info][gc,task     ] GC(19) Using 1 workers of 1 for marking
[8.259s][info][gc,marking  ] GC(19) Concurrent Mark From Roots 88.953ms
[8.259s][info][gc,marking  ] GC(19) Concurrent Preclean
[8.259s][info][gc,marking  ] GC(19) Concurrent Preclean 0.073ms
[8.261s][info][gc,start    ] GC(19) Pause Remark
[8.271s][info][gc          ] GC(19) Pause Remark 316M->316M(492M) 10.033ms
[8.271s][info][gc,cpu      ] GC(19) User=0.02s Sys=0.00s Real=0.01s
[8.274s][info][gc,marking  ] GC(19) Concurrent Mark 103.974ms
[8.274s][info][gc,marking  ] GC(19) Concurrent Rebuild Remembered Sets and Scrub Regions
[8.312s][info][gc,marking  ] GC(19) Concurrent Rebuild Remembered Sets and Scrub Regions 38.124ms
[8.313s][info][gc,start    ] GC(19) Pause Cleanup
[8.313s][info][gc          ] GC(19) Pause Cleanup 321M->321M(492M) 0.066ms
[8.313s][info][gc,cpu      ] GC(19) User=0.00s Sys=0.00s Real=0.00s
[8.313s][info][gc,marking  ] GC(19) Concurrent Clear Claimed Marks
[8.313s][info][gc,marking  ] GC(19) Concurrent Clear Claimed Marks 0.076ms
[8.313s][info][gc,marking  ] GC(19) Concurrent Cleanup for Next Mark
[8.315s][info][gc,marking  ] GC(19) Concurrent Cleanup for Next Mark 2.348ms
[8.315s][info][gc          ] GC(19) Concurrent Mark Cycle 176.890ms
[8.555s][info][gc,start    ] GC(20) Pause Young (Prepare Mixed) (G1 Evacuation Pause)
[8.555s][info][gc,task     ] GC(20) Using 2 workers of 2 for evacuation
[8.576s][info][gc,phases   ] GC(20)   Pre Evacuate Collection Set: 0.28ms
[8.576s][info][gc,phases   ] GC(20)   Merge Heap Roots: 0.11ms
[8.576s][info][gc,phases   ] GC(20)   Evacuate Collection Set: 19.74ms
[8.576s][info][gc,phases   ] GC(20)   Post Evacuate Collection Set: 0.49ms
[8.576s][info][gc,phases   ] GC(20)   Other: 0.12ms
[8.576s][info][gc,heap     ] GC(20) Eden regions: 84->0(127)
[8.576s][info][gc,heap     ] GC(20) Survivor regions: 9->9(12)
[8.576s][info][gc,heap     ] GC(20) Old regions: 79->85
[8.576s][info][gc,heap     ] GC(20) Humongous regions: 207->207
[8.576s][info][gc,metaspace] GC(20) Metaspace: 54921K(55232K)->54921K(55232K) NonClass: 49346K(49600K)->49346K(49600K) Class: 5574K(5632K)->5574K(5632K)
[8.576s][info][gc          ] GC(20) Pause Young (Prepare Mixed) (G1 Evacuation Pause) 378M->300M(492M) 20.913ms
[8.576s][info][gc,cpu      ] GC(20) User=0.03s Sys=0.01s Real=0.02s
[8.971s][info][gc,start    ] GC(21) Pause Young (Mixed) (G1 Evacuation Pause)
[8.971s][info][gc,task     ] GC(21) Using 2 workers of 2 for evacuation
[9.008s][info][gc,phases   ] GC(21)   Pre Evacuate Collection Set: 0.27ms
[9.008s][info][gc,phases   ] GC(21)   Merge Heap Roots: 0.20ms
[9.008s][info][gc,phases   ] GC(21)   Evacuate Collection Set: 36.43ms
[9.008s][info][gc,phases   ] GC(21)   Post Evacuate Collection Set: 0.55ms
[9.008s][info][gc,phases   ] GC(21)   Other: 0.08ms
[9.008s][info][gc,heap     ] GC(21) Eden regions: 127->0(121)
[9.008s][info][gc,heap     ] GC(21) Survivor regions: 9->13(17)
[9.008s][info][gc,heap     ] GC(21) Old regions: 85->84
[9.008s][info][gc,heap     ] GC(21) Humongous regions: 207->207
[9.008s][info][gc,metaspace] GC(21) Metaspace: 55051K(55296K)->55051K(55296K) NonClass: 49476K(49664K)->49476K(49664K) Class: 5574K(5632K)->5574K(5632K)
[9.008s][info][gc          ] GC(21) Pause Young (Mixed) (G1 Evacuation Pause) 427M->303M(492M) 37.740ms
[9.008s][info][gc,cpu      ] GC(21) User=0.08s Sys=0.00s Real=0.04s
[9.321s][info][gc,start    ] GC(22) Pause Young (Concurrent Start) (G1 Evacuation Pause)
[9.322s][info][gc,task     ] GC(22) Using 2 workers of 2 for evacuation
[9.342s][info][gc,phases   ] GC(22)   Pre Evacuate Collection Set: 0.28ms
[9.342s][info][gc,phases   ] GC(22)   Merge Heap Roots: 0.10ms
[9.342s][info][gc,phases   ] GC(22)   Evacuate Collection Set: 19.65ms
[9.342s][info][gc,phases   ] GC(22)   Post Evacuate Collection Set: 0.47ms
[9.342s][info][gc,phases   ] GC(22)   Other: 0.08ms
[9.342s][info][gc,heap     ] GC(22) Eden regions: 121->0(125)
[9.342s][info][gc,heap     ] GC(22) Survivor regions: 13->13(17)
[9.342s][info][gc,heap     ] GC(22) Old regions: 84->87
[9.342s][info][gc,heap     ] GC(22) Humongous regions: 207->207
[9.342s][info][gc,metaspace] GC(22) Metaspace: 55126K(55424K)->55126K(55424K) NonClass: 49540K(49728K)->49540K(49728K) Class: 5585K(5696K)->5585K(5696K)
[9.342s][info][gc          ] GC(22) Pause Young (Concurrent Start) (G1 Evacuation Pause) 424M->306M(492M) 20.750ms
[9.342s][info][gc,cpu      ] GC(22) User=0.04s Sys=0.00s Real=0.02s
[9.342s][info][gc          ] GC(23) Concurrent Mark Cycle
[9.342s][info][gc,marking  ] GC(23) Concurrent Scan Root Regions
[9.371s][info][gc,marking  ] GC(23) Concurrent Scan Root Regions 28.499ms
[9.371s][info][gc,marking  ] GC(23) Concurrent Mark
[9.371s][info][gc,marking  ] GC(23) Concurrent Mark From Roots
[9.371s][info][gc,task     ] GC(23) Using 1 workers of 1 for marking
[9.471s][info][gc,marking  ] GC(23) Concurrent Mark From Roots 100.106ms
[9.471s][info][gc,marking  ] GC(23) Concurrent Preclean
[9.471s][info][gc,marking  ] GC(23) Concurrent Preclean 0.065ms
[9.472s][info][gc,start    ] GC(23) Pause Remark
[9.485s][info][gc          ] GC(23) Pause Remark 339M->335M(505M) 12.831ms
[9.485s][info][gc,cpu      ] GC(23) User=0.02s Sys=0.00s Real=0.01s
[9.487s][info][gc,marking  ] GC(23) Concurrent Mark 115.682ms
[9.487s][info][gc,marking  ] GC(23) Concurrent Rebuild Remembered Sets and Scrub Regions
[9.534s][info][gc,marking  ] GC(23) Concurrent Rebuild Remembered Sets and Scrub Regions 47.424ms
[9.534s][info][gc,start    ] GC(23) Pause Cleanup
[9.534s][info][gc          ] GC(23) Pause Cleanup 350M->350M(505M) 0.064ms
[9.534s][info][gc,cpu      ] GC(23) User=0.00s Sys=0.00s Real=0.00s
[9.534s][info][gc,marking  ] GC(23) Concurrent Clear Claimed Marks
[9.534s][info][gc,marking  ] GC(23) Concurrent Clear Claimed Marks 0.080ms
[9.534s][info][gc,marking  ] GC(23) Concurrent Cleanup for Next Mark
[9.540s][info][gc,marking  ] GC(23) Concurrent Cleanup for Next Mark 5.538ms
[9.540s][info][gc          ] GC(23) Concurrent Mark Cycle 197.590ms
[9.726s][info][gc,start    ] GC(24) Pause Young (Prepare Mixed) (G1 Evacuation Pause)
[9.726s][info][gc,task     ] GC(24) Using 2 workers of 2 for evacuation
[9.747s][info][gc,phases   ] GC(24)   Pre Evacuate Collection Set: 0.31ms
[9.747s][info][gc,phases   ] GC(24)   Merge Heap Roots: 0.12ms
[9.747s][info][gc,phases   ] GC(24)   Evacuate Collection Set: 19.94ms
[9.747s][info][gc,phases   ] GC(24)   Post Evacuate Collection Set: 0.43ms
[9.747s][info][gc,phases   ] GC(24)   Other: 0.10ms
[9.747s][info][gc,heap     ] GC(24) Eden regions: 125->0(140)
[9.747s][info][gc,heap     ] GC(24) Survivor regions: 13->13(18)
[9.747s][info][gc,heap     ] GC(24) Old regions: 83->85
[9.747s][info][gc,heap     ] GC(24) Humongous regions: 207->207
[9.747s][info][gc,metaspace] GC(24) Metaspace: 55186K(55488K)->55186K(55488K) NonClass: 49601K(49792K)->49601K(49792K) Class: 5585K(5696K)->5585K(5696K)
[9.747s][info][gc          ] GC(24) Pause Young (Prepare Mixed) (G1 Evacuation Pause) 427M->304M(505M) 21.074ms
[9.747s][info][gc,cpu      ] GC(24) User=0.05s Sys=0.00s Real=0.02s
[10.059s][info][gc,start    ] GC(25) Pause Young (Mixed) (G1 Evacuation Pause)
[10.059s][info][gc,task     ] GC(25) Using 2 workers of 2 for evacuation
[10.079s][info][gc,phases   ] GC(25)   Pre Evacuate Collection Set: 0.30ms
[10.079s][info][gc,phases   ] GC(25)   Merge Heap Roots: 0.10ms
[10.079s][info][gc,phases   ] GC(25)   Evacuate Collection Set: 19.17ms
[10.079s][info][gc,phases   ] GC(25)   Post Evacuate Collection Set: 0.70ms
[10.079s][info][gc,phases   ] GC(25)   Other: 0.14ms
[10.079s][info][gc,heap     ] GC(25) Eden regions: 140->0(150)
[10.079s][info][gc,heap     ] GC(25) Survivor regions: 13->14(20)
[10.079s][info][gc,heap     ] GC(25) Old regions: 85->79
[10.079s][info][gc,heap     ] GC(25) Humongous regions: 207->207
[10.079s][info][gc,metaspace] GC(25) Metaspace: 55249K(55552K)->55249K(55552K) NonClass: 49663K(49856K)->49663K(49856K) Class: 5585K(5696K)->5585K(5696K)
[10.079s][info][gc          ] GC(25) Pause Young (Mixed) (G1 Evacuation Pause) 444M->298M(524M) 20.565ms
[10.079s][info][gc,cpu      ] GC(25) User=0.04s Sys=0.00s Real=0.02s
[10.429s][info][gc,start    ] GC(26) Pause Young (Concurrent Start) (G1 Evacuation Pause)
[10.429s][info][gc,task     ] GC(26) Using 2 workers of 2 for evacuation
[10.448s][info][gc,phases   ] GC(26)   Pre Evacuate Collection Set: 0.29ms
[10.448s][info][gc,phases   ] GC(26)   Merge Heap Roots: 0.08ms
[10.448s][info][gc,phases   ] GC(26)   Evacuate Collection Set: 18.35ms
[10.448s][info][gc,phases   ] GC(26)   Post Evacuate Collection Set: 0.43ms
[10.448s][info][gc,phases   ] GC(26)   Other: 0.17ms
[10.448s][info][gc,heap     ] GC(26) Eden regions: 150->0(154)
[10.448s][info][gc,heap     ] GC(26) Survivor regions: 14->14(21)
[10.448s][info][gc,heap     ] GC(26) Old regions: 79->79
[10.448s][info][gc,heap     ] GC(26) Humongous regions: 207->207
[10.448s][info][gc,metaspace] GC(26) Metaspace: 55364K(55680K)->55364K(55680K) NonClass: 49779K(49984K)->49779K(49984K) Class: 5585K(5696K)->5585K(5696K)
[10.448s][info][gc          ] GC(26) Pause Young (Concurrent Start) (G1 Evacuation Pause) 448M->299M(524M) 19.499ms
[10.448s][info][gc          ] GC(27) Concurrent Mark Cycle
[10.448s][info][gc,marking  ] GC(27) Concurrent Scan Root Regions
[10.448s][info][gc,cpu      ] GC(26) User=0.04s Sys=0.00s Real=0.02s
[10.478s][info][gc,marking  ] GC(27) Concurrent Scan Root Regions 29.700ms
[10.478s][info][gc,marking  ] GC(27) Concurrent Mark
[10.478s][info][gc,marking  ] GC(27) Concurrent Mark From Roots
[10.478s][info][gc,task     ] GC(27) Using 1 workers of 1 for marking
[10.561s][info][gc,marking  ] GC(27) Concurrent Mark From Roots 83.305ms
[10.561s][info][gc,marking  ] GC(27) Concurrent Preclean
[10.561s][info][gc,marking  ] GC(27) Concurrent Preclean 0.063ms
[10.561s][info][gc,start    ] GC(27) Pause Remark
[10.570s][info][gc          ] GC(27) Pause Remark 332M->332M(524M) 8.707ms
[10.570s][info][gc,cpu      ] GC(27) User=0.02s Sys=0.00s Real=0.00s
[10.571s][info][gc,marking  ] GC(27) Concurrent Mark 93.353ms
[10.571s][info][gc,marking  ] GC(27) Concurrent Rebuild Remembered Sets and Scrub Regions
[10.609s][info][gc,marking  ] GC(27) Concurrent Rebuild Remembered Sets and Scrub Regions 37.652ms
[10.610s][info][gc,start    ] GC(27) Pause Cleanup
[10.610s][info][gc          ] GC(27) Pause Cleanup 341M->341M(524M) 0.071ms
[10.610s][info][gc,cpu      ] GC(27) User=0.00s Sys=0.00s Real=0.00s
[10.610s][info][gc,marking  ] GC(27) Concurrent Clear Claimed Marks
[10.610s][info][gc,marking  ] GC(27) Concurrent Clear Claimed Marks 0.089ms
[10.610s][info][gc,marking  ] GC(27) Concurrent Cleanup for Next Mark
[10.618s][info][gc,marking  ] GC(27) Concurrent Cleanup for Next Mark 8.480ms
[10.619s][info][gc          ] GC(27) Concurrent Mark Cycle 170.287ms
[10.880s][info][gc,start    ] GC(28) Pause Young (Prepare Mixed) (G1 Evacuation Pause)
[10.880s][info][gc,task     ] GC(28) Using 2 workers of 2 for evacuation
[10.900s][info][gc,phases   ] GC(28)   Pre Evacuate Collection Set: 0.24ms
[10.900s][info][gc,phases   ] GC(28)   Merge Heap Roots: 0.09ms
[10.900s][info][gc,phases   ] GC(28)   Evacuate Collection Set: 19.04ms
[10.900s][info][gc,phases   ] GC(28)   Post Evacuate Collection Set: 0.50ms
[10.900s][info][gc,phases   ] GC(28)   Other: 0.11ms
[10.900s][info][gc,heap     ] GC(28) Eden regions: 154->0(158)
[10.900s][info][gc,heap     ] GC(28) Survivor regions: 14->14(21)
[10.900s][info][gc,heap     ] GC(28) Old regions: 79->79
[10.900s][info][gc,heap     ] GC(28) Humongous regions: 207->207
[10.900s][info][gc,metaspace] GC(28) Metaspace: 55370K(55680K)->55370K(55680K) NonClass: 49785K(49984K)->49785K(49984K) Class: 5585K(5696K)->5585K(5696K)
[10.900s][info][gc          ] GC(28) Pause Young (Prepare Mixed) (G1 Evacuation Pause) 453M->299M(524M) 20.153ms
[10.900s][info][gc,cpu      ] GC(28) User=0.04s Sys=0.00s Real=0.02s
[11.319s][info][gc,start    ] GC(29) Pause Young (Mixed) (G1 Evacuation Pause)
[11.319s][info][gc,task     ] GC(29) Using 2 workers of 2 for evacuation
[11.340s][info][gc,phases   ] GC(29)   Pre Evacuate Collection Set: 0.30ms
[11.340s][info][gc,phases   ] GC(29)   Merge Heap Roots: 0.11ms
[11.340s][info][gc,phases   ] GC(29)   Evacuate Collection Set: 19.90ms
[11.340s][info][gc,phases   ] GC(29)   Post Evacuate Collection Set: 0.49ms
[11.340s][info][gc,phases   ] GC(29)   Other: 0.09ms
[11.340s][info][gc,heap     ] GC(29) Eden regions: 158->0(165)
[11.340s][info][gc,heap     ] GC(29) Survivor regions: 14->14(22)
[11.340s][info][gc,heap     ] GC(29) Old regions: 79->72
[11.340s][info][gc,heap     ] GC(29) Humongous regions: 207->207
[11.340s][info][gc,metaspace] GC(29) Metaspace: 55371K(55680K)->55371K(55680K) NonClass: 49785K(49984K)->49785K(49984K) Class: 5585K(5696K)->5585K(5696K)
[11.340s][info][gc          ] GC(29) Pause Young (Mixed) (G1 Evacuation Pause) 457M->291M(524M) 21.054ms
[11.340s][info][gc,cpu      ] GC(29) User=0.04s Sys=0.00s Real=0.02s
[11.690s][info][gc,start    ] GC(30) Pause Young (Concurrent Start) (G1 Evacuation Pause)
[11.690s][info][gc,task     ] GC(30) Using 2 workers of 2 for evacuation
[11.708s][info][gc,phases   ] GC(30)   Pre Evacuate Collection Set: 0.30ms
[11.708s][info][gc,phases   ] GC(30)   Merge Heap Roots: 0.09ms
[11.708s][info][gc,phases   ] GC(30)   Evacuate Collection Set: 17.78ms
[11.708s][info][gc,phases   ] GC(30)   Post Evacuate Collection Set: 0.45ms
[11.708s][info][gc,phases   ] GC(30)   Other: 0.10ms
[11.708s][info][gc,heap     ] GC(30) Eden regions: 165->0(168)
[11.709s][info][gc,heap     ] GC(30) Survivor regions: 14->14(23)
[11.709s][info][gc,heap     ] GC(30) Old regions: 72->72
[11.709s][info][gc,heap     ] GC(30) Humongous regions: 207->207
[11.709s][info][gc,metaspace] GC(30) Metaspace: 55371K(55680K)->55371K(55680K) NonClass: 49786K(49984K)->49786K(49984K) Class: 5585K(5696K)->5585K(5696K)
[11.709s][info][gc          ] GC(30) Pause Young (Concurrent Start) (G1 Evacuation Pause) 456M->291M(524M) 18.882ms
[11.709s][info][gc          ] GC(31) Concurrent Mark Cycle
[11.709s][info][gc,marking  ] GC(31) Concurrent Scan Root Regions
[11.709s][info][gc,cpu      ] GC(30) User=0.04s Sys=0.00s Real=0.02s
[11.738s][info][gc,marking  ] GC(31) Concurrent Scan Root Regions 29.676ms
[11.738s][info][gc,marking  ] GC(31) Concurrent Mark
[11.738s][info][gc,marking  ] GC(31) Concurrent Mark From Roots
[11.738s][info][gc,task     ] GC(31) Using 1 workers of 1 for marking
[11.826s][info][gc,marking  ] GC(31) Concurrent Mark From Roots 87.847ms
[11.826s][info][gc,marking  ] GC(31) Concurrent Preclean
[11.826s][info][gc,marking  ] GC(31) Concurrent Preclean 0.057ms
[11.826s][info][gc,start    ] GC(31) Pause Remark
[11.836s][info][gc          ] GC(31) Pause Remark 344M->344M(524M) 9.394ms
[11.836s][info][gc,cpu      ] GC(31) User=0.02s Sys=0.00s Real=0.01s
[11.838s][info][gc,marking  ] GC(31) Concurrent Mark 100.206ms
[11.839s][info][gc,marking  ] GC(31) Concurrent Rebuild Remembered Sets and Scrub Regions
[11.873s][info][gc,marking  ] GC(31) Concurrent Rebuild Remembered Sets and Scrub Regions 34.959ms
[11.875s][info][gc,start    ] GC(31) Pause Cleanup
[11.875s][info][gc          ] GC(31) Pause Cleanup 359M->359M(524M) 0.099ms
[11.875s][info][gc,cpu      ] GC(31) User=0.00s Sys=0.00s Real=0.00s
[11.875s][info][gc,marking  ] GC(31) Concurrent Clear Claimed Marks
[11.875s][info][gc,marking  ] GC(31) Concurrent Clear Claimed Marks 0.095ms
[11.875s][info][gc,marking  ] GC(31) Concurrent Cleanup for Next Mark
[11.877s][info][gc,marking  ] GC(31) Concurrent Cleanup for Next Mark 1.586ms
[11.877s][info][gc          ] GC(31) Concurrent Mark Cycle 168.465ms
[12.186s][info][gc,start    ] GC(32) Pause Young (Prepare Mixed) (G1 Evacuation Pause)
[12.186s][info][gc,task     ] GC(32) Using 2 workers of 2 for evacuation
[12.205s][info][gc,phases   ] GC(32)   Pre Evacuate Collection Set: 0.25ms
[12.205s][info][gc,phases   ] GC(32)   Merge Heap Roots: 0.09ms
[12.205s][info][gc,phases   ] GC(32)   Evacuate Collection Set: 17.77ms
[12.205s][info][gc,phases   ] GC(32)   Post Evacuate Collection Set: 0.47ms
[12.205s][info][gc,phases   ] GC(32)   Other: 0.08ms
[12.205s][info][gc,heap     ] GC(32) Eden regions: 168->0(171)
[12.205s][info][gc,heap     ] GC(32) Survivor regions: 14->13(23)
[12.205s][info][gc,heap     ] GC(32) Old regions: 72->72
[12.205s][info][gc,heap     ] GC(32) Humongous regions: 207->207
[12.205s][info][gc,metaspace] GC(32) Metaspace: 55372K(55680K)->55372K(55680K) NonClass: 49787K(49984K)->49787K(49984K) Class: 5585K(5696K)->5585K(5696K)
[12.205s][info][gc          ] GC(32) Pause Young (Prepare Mixed) (G1 Evacuation Pause) 459M->291M(524M) 18.826ms
[12.205s][info][gc,cpu      ] GC(32) User=0.04s Sys=0.00s Real=0.02s
[12.542s][info][gc,start    ] GC(33) Pause Young (Mixed) (G1 Evacuation Pause)
[12.542s][info][gc,task     ] GC(33) Using 2 workers of 2 for evacuation
[12.566s][info][gc,phases   ] GC(33)   Pre Evacuate Collection Set: 0.25ms
[12.566s][info][gc,phases   ] GC(33)   Merge Heap Roots: 0.14ms
[12.566s][info][gc,phases   ] GC(33)   Evacuate Collection Set: 23.23ms
[12.566s][info][gc,phases   ] GC(33)   Post Evacuate Collection Set: 0.51ms
[12.566s][info][gc,phases   ] GC(33)   Other: 0.11ms
[12.566s][info][gc,heap     ] GC(33) Eden regions: 171->0(175)
[12.567s][info][gc,heap     ] GC(33) Survivor regions: 13->14(23)
[12.567s][info][gc,heap     ] GC(33) Old regions: 72->69
[12.567s][info][gc,heap     ] GC(33) Humongous regions: 207->207
[12.567s][info][gc,metaspace] GC(33) Metaspace: 55372K(55680K)->55372K(55680K) NonClass: 49787K(49984K)->49787K(49984K) Class: 5585K(5696K)->5585K(5696K)
[12.567s][info][gc          ] GC(33) Pause Young (Mixed) (G1 Evacuation Pause) 462M->289M(524M) 24.394ms
[12.567s][info][gc,cpu      ] GC(33) User=0.05s Sys=0.00s Real=0.02s
[13.155s][info][gc,start    ] GC(34) Pause Young (Concurrent Start) (G1 Evacuation Pause)
[13.155s][info][gc,task     ] GC(34) Using 2 workers of 2 for evacuation
[13.164s][info][gc,phases   ] GC(34)   Pre Evacuate Collection Set: 0.28ms
[13.164s][info][gc,phases   ] GC(34)   Merge Heap Roots: 0.08ms
[13.164s][info][gc,phases   ] GC(34)   Evacuate Collection Set: 7.73ms
[13.164s][info][gc,phases   ] GC(34)   Post Evacuate Collection Set: 0.49ms
[13.164s][info][gc,phases   ] GC(34)   Other: 0.14ms
[13.164s][info][gc,heap     ] GC(34) Eden regions: 175->0(183)
[13.164s][info][gc,heap     ] GC(34) Survivor regions: 14->5(24)
[13.164s][info][gc,heap     ] GC(34) Old regions: 69->69
[13.164s][info][gc,heap     ] GC(34) Humongous regions: 207->207
[13.164s][info][gc,metaspace] GC(34) Metaspace: 55374K(55680K)->55374K(55680K) NonClass: 49788K(49984K)->49788K(49984K) Class: 5585K(5696K)->5585K(5696K)
[13.164s][info][gc          ] GC(34) Pause Young (Concurrent Start) (G1 Evacuation Pause) 464M->280M(524M) 8.881ms
[13.164s][info][gc,cpu      ] GC(34) User=0.01s Sys=0.00s Real=0.01s
[13.164s][info][gc          ] GC(35) Concurrent Mark Cycle
[13.164s][info][gc,marking  ] GC(35) Concurrent Scan Root Regions
[13.173s][info][gc,marking  ] GC(35) Concurrent Scan Root Regions 9.629ms
[13.173s][info][gc,marking  ] GC(35) Concurrent Mark
[13.173s][info][gc,marking  ] GC(35) Concurrent Mark From Roots
[13.173s][info][gc,task     ] GC(35) Using 1 workers of 1 for marking
[13.240s][info][gc,marking  ] GC(35) Concurrent Mark From Roots 67.036ms
[13.240s][info][gc,marking  ] GC(35) Concurrent Preclean
[13.241s][info][gc,marking  ] GC(35) Concurrent Preclean 0.063ms
[13.241s][info][gc,start    ] GC(35) Pause Remark
[13.248s][info][gc          ] GC(35) Pause Remark 294M->294M(524M) 7.666ms
[13.248s][info][gc,cpu      ] GC(35) User=0.01s Sys=0.00s Real=0.01s
[13.249s][info][gc,marking  ] GC(35) Concurrent Mark 75.925ms
[13.249s][info][gc,marking  ] GC(35) Concurrent Rebuild Remembered Sets and Scrub Regions
[13.273s][info][gc,marking  ] GC(35) Concurrent Rebuild Remembered Sets and Scrub Regions 23.271ms
[13.273s][info][gc,start    ] GC(35) Pause Cleanup
[13.273s][info][gc          ] GC(35) Pause Cleanup 298M->298M(524M) 0.066ms
[13.273s][info][gc,cpu      ] GC(35) User=0.00s Sys=0.00s Real=0.00s
[13.273s][info][gc,marking  ] GC(35) Concurrent Clear Claimed Marks
[13.273s][info][gc,marking  ] GC(35) Concurrent Clear Claimed Marks 0.080ms
[13.273s][info][gc,marking  ] GC(35) Concurrent Cleanup for Next Mark
[13.275s][info][gc,marking  ] GC(35) Concurrent Cleanup for Next Mark 1.535ms
[13.275s][info][gc          ] GC(35) Concurrent Mark Cycle 110.854ms
[13.650s][info][gc,start    ] GC(36) Pause Young (Prepare Mixed) (G1 Evacuation Pause)
[13.650s][info][gc,task     ] GC(36) Using 2 workers of 2 for evacuation
[13.654s][info][gc,phases   ] GC(36)   Pre Evacuate Collection Set: 0.28ms
[13.654s][info][gc,phases   ] GC(36)   Merge Heap Roots: 0.10ms
[13.654s][info][gc,phases   ] GC(36)   Evacuate Collection Set: 2.81ms
[13.654s][info][gc,phases   ] GC(36)   Post Evacuate Collection Set: 0.45ms
[13.654s][info][gc,phases   ] GC(36)   Other: 0.10ms
[13.654s][info][gc,heap     ] GC(36) Eden regions: 183->0(191)
[13.654s][info][gc,heap     ] GC(36) Survivor regions: 5->1(24)
[13.654s][info][gc,heap     ] GC(36) Old regions: 69->69
[13.654s][info][gc,heap     ] GC(36) Humongous regions: 207->207
[13.654s][info][gc,metaspace] GC(36) Metaspace: 55376K(55680K)->55376K(55680K) NonClass: 49790K(49984K)->49790K(49984K) Class: 5585K(5696K)->5585K(5696K)
[13.654s][info][gc          ] GC(36) Pause Young (Prepare Mixed) (G1 Evacuation Pause) 463M->276M(524M) 3.908ms
[13.654s][info][gc,cpu      ] GC(36) User=0.01s Sys=0.00s Real=0.01s
[14.114s][info][gc,start    ] GC(37) Pause Young (Mixed) (G1 Evacuation Pause)
[14.114s][info][gc,task     ] GC(37) Using 2 workers of 2 for evacuation
[14.121s][info][gc,phases   ] GC(37)   Pre Evacuate Collection Set: 0.25ms
[14.121s][info][gc,phases   ] GC(37)   Merge Heap Roots: 0.09ms
[14.121s][info][gc,phases   ] GC(37)   Evacuate Collection Set: 5.81ms
[14.121s][info][gc,phases   ] GC(37)   Post Evacuate Collection Set: 0.50ms
[14.121s][info][gc,phases   ] GC(37)   Other: 0.10ms
[14.121s][info][gc,heap     ] GC(37) Eden regions: 191->0(195)
[14.121s][info][gc,heap     ] GC(37) Survivor regions: 1->4(24)
[14.121s][info][gc,heap     ] GC(37) Old regions: 69->67
[14.121s][info][gc,heap     ] GC(37) Humongous regions: 207->207
[14.121s][info][gc,metaspace] GC(37) Metaspace: 55391K(55680K)->55391K(55680K) NonClass: 49802K(49984K)->49802K(49984K) Class: 5589K(5696K)->5589K(5696K)
[14.121s][info][gc          ] GC(37) Pause Young (Mixed) (G1 Evacuation Pause) 467M->276M(524M) 6.921ms
[14.121s][info][gc,cpu      ] GC(37) User=0.01s Sys=0.00s Real=0.01s
[14.683s][info][gc,start    ] GC(38) Pause Young (Concurrent Start) (G1 Evacuation Pause)
[14.683s][info][gc,task     ] GC(38) Using 2 workers of 2 for evacuation
[14.690s][info][gc,phases   ] GC(38)   Pre Evacuate Collection Set: 0.26ms
[14.690s][info][gc,phases   ] GC(38)   Merge Heap Roots: 0.09ms
[14.690s][info][gc,phases   ] GC(38)   Evacuate Collection Set: 5.89ms
[14.690s][info][gc,phases   ] GC(38)   Post Evacuate Collection Set: 0.46ms
[14.690s][info][gc,phases   ] GC(38)   Other: 0.16ms
[14.690s][info][gc,heap     ] GC(38) Eden regions: 195->0(200)
[14.690s][info][gc,heap     ] GC(38) Survivor regions: 4->3(25)
[14.690s][info][gc,heap     ] GC(38) Old regions: 67->67
[14.690s][info][gc,heap     ] GC(38) Humongous regions: 207->207
[14.690s][info][gc,metaspace] GC(38) Metaspace: 55393K(55680K)->55393K(55680K) NonClass: 49803K(49984K)->49803K(49984K) Class: 5589K(5696K)->5589K(5696K)
[14.690s][info][gc          ] GC(38) Pause Young (Concurrent Start) (G1 Evacuation Pause) 471M->275M(524M) 7.036ms
[14.690s][info][gc          ] GC(39) Concurrent Mark Cycle
[14.690s][info][gc,marking  ] GC(39) Concurrent Scan Root Regions
[14.690s][info][gc,cpu      ] GC(38) User=0.02s Sys=0.00s Real=0.00s
[14.697s][info][gc,marking  ] GC(39) Concurrent Scan Root Regions 7.290ms
[14.697s][info][gc,marking  ] GC(39) Concurrent Mark
[14.697s][info][gc,marking  ] GC(39) Concurrent Mark From Roots
[14.697s][info][gc,task     ] GC(39) Using 1 workers of 1 for marking
[14.798s][info][gc,marking  ] GC(39) Concurrent Mark From Roots 100.361ms
[14.798s][info][gc,marking  ] GC(39) Concurrent Preclean
[14.798s][info][gc,marking  ] GC(39) Concurrent Preclean 0.064ms
[14.799s][info][gc,start    ] GC(39) Pause Remark
[14.809s][info][gc          ] GC(39) Pause Remark 322M->322M(524M) 9.873ms
[14.809s][info][gc,cpu      ] GC(39) User=0.02s Sys=0.00s Real=0.01s
[14.809s][info][gc,marking  ] GC(39) Concurrent Mark 112.054ms
[14.809s][info][gc,marking  ] GC(39) Concurrent Rebuild Remembered Sets and Scrub Regions
[14.830s][info][gc,marking  ] GC(39) Concurrent Rebuild Remembered Sets and Scrub Regions 20.581ms
[14.830s][info][gc,start    ] GC(39) Pause Cleanup
[14.830s][info][gc          ] GC(39) Pause Cleanup 328M->328M(524M) 0.078ms
[14.830s][info][gc,cpu      ] GC(39) User=0.00s Sys=0.00s Real=0.00s
[14.830s][info][gc,marking  ] GC(39) Concurrent Clear Claimed Marks
[14.830s][info][gc,marking  ] GC(39) Concurrent Clear Claimed Marks 0.081ms
[14.830s][info][gc,marking  ] GC(39) Concurrent Cleanup for Next Mark
[14.832s][info][gc,marking  ] GC(39) Concurrent Cleanup for Next Mark 1.550ms
[14.832s][info][gc          ] GC(39) Concurrent Mark Cycle 141.900ms
[15.207s][info][gc,start    ] GC(40) Pause Young (Prepare Mixed) (G1 Evacuation Pause)
[15.207s][info][gc,task     ] GC(40) Using 2 workers of 2 for evacuation
[15.216s][info][gc,phases   ] GC(40)   Pre Evacuate Collection Set: 0.28ms
[15.216s][info][gc,phases   ] GC(40)   Merge Heap Roots: 0.10ms
[15.216s][info][gc,phases   ] GC(40)   Evacuate Collection Set: 8.38ms
[15.216s][info][gc,phases   ] GC(40)   Post Evacuate Collection Set: 0.68ms
[15.216s][info][gc,phases   ] GC(40)   Other: 0.09ms
[15.216s][info][gc,heap     ] GC(40) Eden regions: 200->0(204)
[15.216s][info][gc,heap     ] GC(40) Survivor regions: 3->3(26)
[15.216s][info][gc,heap     ] GC(40) Old regions: 67->67
[15.216s][info][gc,heap     ] GC(40) Humongous regions: 207->207
[15.216s][info][gc,metaspace] GC(40) Metaspace: 55393K(55680K)->55393K(55680K) NonClass: 49803K(49984K)->49803K(49984K) Class: 5589K(5696K)->5589K(5696K)
[15.216s][info][gc          ] GC(40) Pause Young (Prepare Mixed) (G1 Evacuation Pause) 475M->276M(524M) 9.712ms
[15.216s][info][gc,cpu      ] GC(40) User=0.01s Sys=0.00s Real=0.01s
[15.743s][info][gc,start    ] GC(41) Pause Young (Mixed) (G1 Evacuation Pause)
[15.743s][info][gc,task     ] GC(41) Using 2 workers of 2 for evacuation
[15.750s][info][gc,phases   ] GC(41)   Pre Evacuate Collection Set: 0.34ms
[15.750s][info][gc,phases   ] GC(41)   Merge Heap Roots: 0.10ms
[15.750s][info][gc,phases   ] GC(41)   Evacuate Collection Set: 5.44ms
[15.750s][info][gc,phases   ] GC(41)   Post Evacuate Collection Set: 0.50ms
[15.750s][info][gc,phases   ] GC(41)   Other: 0.11ms
[15.750s][info][gc,heap     ] GC(41) Eden regions: 204->0(209)
[15.750s][info][gc,heap     ] GC(41) Survivor regions: 3->2(26)
[15.750s][info][gc,heap     ] GC(41) Old regions: 67->65
[15.750s][info][gc,heap     ] GC(41) Humongous regions: 207->207
[15.750s][info][gc,metaspace] GC(41) Metaspace: 55393K(55680K)->55393K(55680K) NonClass: 49803K(49984K)->49803K(49984K) Class: 5589K(5696K)->5589K(5696K)
[15.750s][info][gc          ] GC(41) Pause Young (Mixed) (G1 Evacuation Pause) 480M->273M(524M) 6.672ms
[15.750s][info][gc,cpu      ] GC(41) User=0.00s Sys=0.00s Real=0.00s
[16.308s][info][gc,start    ] GC(42) Pause Young (Concurrent Start) (G1 Evacuation Pause)
[16.308s][info][gc,task     ] GC(42) Using 2 workers of 2 for evacuation
[16.314s][info][gc,phases   ] GC(42)   Pre Evacuate Collection Set: 0.27ms
[16.314s][info][gc,phases   ] GC(42)   Merge Heap Roots: 0.08ms
[16.314s][info][gc,phases   ] GC(42)   Evacuate Collection Set: 4.84ms
[16.314s][info][gc,phases   ] GC(42)   Post Evacuate Collection Set: 0.51ms
[16.314s][info][gc,phases   ] GC(42)   Other: 0.13ms
[16.314s][info][gc,heap     ] GC(42) Eden regions: 209->0(213)
[16.314s][info][gc,heap     ] GC(42) Survivor regions: 2->2(27)
[16.314s][info][gc,heap     ] GC(42) Old regions: 65->65
[16.314s][info][gc,heap     ] GC(42) Humongous regions: 207->207
[16.314s][info][gc,metaspace] GC(42) Metaspace: 55393K(55680K)->55393K(55680K) NonClass: 49803K(49984K)->49803K(49984K) Class: 5589K(5696K)->5589K(5696K)
[16.314s][info][gc          ] GC(42) Pause Young (Concurrent Start) (G1 Evacuation Pause) 482M->272M(524M) 6.016ms
[16.314s][info][gc          ] GC(43) Concurrent Mark Cycle
[16.314s][info][gc,marking  ] GC(43) Concurrent Scan Root Regions
[16.315s][info][gc,cpu      ] GC(42) User=0.01s Sys=0.00s Real=0.01s
[16.321s][info][gc,marking  ] GC(43) Concurrent Scan Root Regions 6.876ms
[16.321s][info][gc,marking  ] GC(43) Concurrent Mark
[16.321s][info][gc,marking  ] GC(43) Concurrent Mark From Roots
[16.321s][info][gc,task     ] GC(43) Using 1 workers of 1 for marking
[16.418s][info][gc,marking  ] GC(43) Concurrent Mark From Roots 97.290ms
[16.418s][info][gc,marking  ] GC(43) Concurrent Preclean
[16.419s][info][gc,marking  ] GC(43) Concurrent Preclean 0.072ms
[16.419s][info][gc,start    ] GC(43) Pause Remark
[16.427s][info][gc          ] GC(43) Pause Remark 331M->331M(524M) 7.873ms
[16.427s][info][gc,cpu      ] GC(43) User=0.01s Sys=0.00s Real=0.01s
[16.428s][info][gc,marking  ] GC(43) Concurrent Mark 106.616ms
[16.428s][info][gc,marking  ] GC(43) Concurrent Rebuild Remembered Sets and Scrub Regions
[16.454s][info][gc,marking  ] GC(43) Concurrent Rebuild Remembered Sets and Scrub Regions 26.426ms
[16.454s][info][gc,start    ] GC(43) Pause Cleanup
[16.455s][info][gc          ] GC(43) Pause Cleanup 338M->338M(524M) 0.082ms
[16.455s][info][gc,cpu      ] GC(43) User=0.00s Sys=0.00s Real=0.00s
[16.455s][info][gc,marking  ] GC(43) Concurrent Clear Claimed Marks
[16.455s][info][gc,marking  ] GC(43) Concurrent Clear Claimed Marks 0.089ms
[16.455s][info][gc,marking  ] GC(43) Concurrent Cleanup for Next Mark
[16.459s][info][gc,marking  ] GC(43) Concurrent Cleanup for Next Mark 4.506ms
[16.459s][info][gc          ] GC(43) Concurrent Mark Cycle 145.044ms
[16.772s][info][gc,start    ] GC(44) Pause Young (Prepare Mixed) (G1 Evacuation Pause)
[16.772s][info][gc,task     ] GC(44) Using 2 workers of 2 for evacuation
[16.777s][info][gc,phases   ] GC(44)   Pre Evacuate Collection Set: 0.26ms
[16.777s][info][gc,phases   ] GC(44)   Merge Heap Roots: 0.11ms
[16.777s][info][gc,phases   ] GC(44)   Evacuate Collection Set: 3.52ms
[16.777s][info][gc,phases   ] GC(44)   Post Evacuate Collection Set: 0.54ms
[16.777s][info][gc,phases   ] GC(44)   Other: 0.07ms
[16.777s][info][gc,heap     ] GC(44) Eden regions: 213->0(216)
[16.777s][info][gc,heap     ] GC(44) Survivor regions: 2->2(27)
[16.777s][info][gc,heap     ] GC(44) Old regions: 65->65
[16.777s][info][gc,heap     ] GC(44) Humongous regions: 207->207
[16.777s][info][gc,metaspace] GC(44) Metaspace: 55393K(55680K)->55393K(55680K) NonClass: 49803K(49984K)->49803K(49984K) Class: 5589K(5696K)->5589K(5696K)
[16.777s][info][gc          ] GC(44) Pause Young (Prepare Mixed) (G1 Evacuation Pause) 485M->273M(524M) 4.690ms
[16.777s][info][gc,cpu      ] GC(44) User=0.01s Sys=0.00s Real=0.00s
[17.368s][info][gc,start    ] GC(45) Pause Young (Mixed) (G1 Evacuation Pause)
[17.368s][info][gc,task     ] GC(45) Using 2 workers of 2 for evacuation
[17.375s][info][gc,phases   ] GC(45)   Pre Evacuate Collection Set: 0.27ms
[17.375s][info][gc,phases   ] GC(45)   Merge Heap Roots: 0.11ms
[17.375s][info][gc,phases   ] GC(45)   Evacuate Collection Set: 6.11ms
[17.375s][info][gc,phases   ] GC(45)   Post Evacuate Collection Set: 0.51ms
[17.375s][info][gc,phases   ] GC(45)   Other: 0.10ms
[17.375s][info][gc,heap     ] GC(45) Eden regions: 216->0(219)
[17.375s][info][gc,heap     ] GC(45) Survivor regions: 2->4(28)
[17.375s][info][gc,heap     ] GC(45) Old regions: 65->63
[17.375s][info][gc,heap     ] GC(45) Humongous regions: 207->207
[17.375s][info][gc,metaspace] GC(45) Metaspace: 55393K(55680K)->55393K(55680K) NonClass: 49803K(49984K)->49803K(49984K) Class: 5589K(5696K)->5589K(5696K)
[17.375s][info][gc          ] GC(45) Pause Young (Mixed) (G1 Evacuation Pause) 489M->273M(524M) 7.309ms
[17.375s][info][gc,cpu      ] GC(45) User=0.02s Sys=0.01s Real=0.01s
[17.885s][info][gc,start    ] GC(46) Pause Young (Concurrent Start) (G1 Evacuation Pause)
[17.885s][info][gc,task     ] GC(46) Using 2 workers of 2 for evacuation
[17.890s][info][gc,phases   ] GC(46)   Pre Evacuate Collection Set: 0.24ms
[17.890s][info][gc,phases   ] GC(46)   Merge Heap Roots: 0.09ms
[17.890s][info][gc,phases   ] GC(46)   Evacuate Collection Set: 4.67ms
[17.890s][info][gc,phases   ] GC(46)   Post Evacuate Collection Set: 0.50ms
[17.890s][info][gc,phases   ] GC(46)   Other: 0.14ms
[17.890s][info][gc,heap     ] GC(46) Eden regions: 219->0(221)
[17.890s][info][gc,heap     ] GC(46) Survivor regions: 4->3(28)
[17.890s][info][gc,heap     ] GC(46) Old regions: 63->63
[17.890s][info][gc,heap     ] GC(46) Humongous regions: 207->207
[17.890s][info][gc,metaspace] GC(46) Metaspace: 55394K(55680K)->55394K(55680K) NonClass: 49804K(49984K)->49804K(49984K) Class: 5590K(5696K)->5590K(5696K)
[17.890s][info][gc          ] GC(46) Pause Young (Concurrent Start) (G1 Evacuation Pause) 492M->272M(524M) 5.799ms
[17.890s][info][gc,cpu      ] GC(46) User=0.01s Sys=0.00s Real=0.00s
[17.891s][info][gc          ] GC(47) Concurrent Mark Cycle
[17.891s][info][gc,marking  ] GC(47) Concurrent Scan Root Regions
[17.896s][info][gc,marking  ] GC(47) Concurrent Scan Root Regions 5.418ms
[17.896s][info][gc,marking  ] GC(47) Concurrent Mark
[17.896s][info][gc,marking  ] GC(47) Concurrent Mark From Roots
[17.896s][info][gc,task     ] GC(47) Using 1 workers of 1 for marking
[17.940s][info][gc,marking  ] GC(47) Concurrent Mark From Roots 43.737ms
[17.940s][info][gc,marking  ] GC(47) Concurrent Preclean
[17.940s][info][gc,marking  ] GC(47) Concurrent Preclean 0.062ms
[17.940s][info][gc,start    ] GC(47) Pause Remark
[17.948s][info][gc          ] GC(47) Pause Remark 291M->291M(524M) 7.783ms
[17.948s][info][gc,cpu      ] GC(47) User=0.02s Sys=0.00s Real=0.01s
[17.948s][info][gc,marking  ] GC(47) Concurrent Mark 51.853ms
[17.948s][info][gc,marking  ] GC(47) Concurrent Rebuild Remembered Sets and Scrub Regions
[17.963s][info][gc,marking  ] GC(47) Concurrent Rebuild Remembered Sets and Scrub Regions 15.070ms
[17.964s][info][gc,start    ] GC(47) Pause Cleanup
[17.964s][info][gc          ] GC(47) Pause Cleanup 298M->298M(524M) 0.069ms
[17.964s][info][gc,cpu      ] GC(47) User=0.00s Sys=0.00s Real=0.00s
[17.964s][info][gc,marking  ] GC(47) Concurrent Clear Claimed Marks
[17.964s][info][gc,marking  ] GC(47) Concurrent Clear Claimed Marks 0.085ms
[17.964s][info][gc,marking  ] GC(47) Concurrent Cleanup for Next Mark
[17.966s][info][gc,marking  ] GC(47) Concurrent Cleanup for Next Mark 1.536ms
[17.966s][info][gc          ] GC(47) Concurrent Mark Cycle 75.416ms
[18.485s][info][gc,start    ] GC(48) Pause Young (Prepare Mixed) (G1 Evacuation Pause)
[18.486s][info][gc,task     ] GC(48) Using 2 workers of 2 for evacuation
[18.492s][info][gc,phases   ] GC(48)   Pre Evacuate Collection Set: 0.28ms
[18.492s][info][gc,phases   ] GC(48)   Merge Heap Roots: 0.12ms
[18.492s][info][gc,phases   ] GC(48)   Evacuate Collection Set: 5.47ms
[18.492s][info][gc,phases   ] GC(48)   Post Evacuate Collection Set: 0.52ms
[18.492s][info][gc,phases   ] GC(48)   Other: 0.08ms
[18.492s][info][gc,heap     ] GC(48) Eden regions: 221->0(219)
[18.492s][info][gc,heap     ] GC(48) Survivor regions: 3->4(28)
[18.492s][info][gc,heap     ] GC(48) Old regions: 63->63
[18.492s][info][gc,heap     ] GC(48) Humongous regions: 207->207
[18.492s][info][gc,metaspace] GC(48) Metaspace: 55410K(55744K)->55410K(55744K) NonClass: 49817K(50048K)->49817K(50048K) Class: 5593K(5696K)->5593K(5696K)
[18.492s][info][gc          ] GC(48) Pause Young (Prepare Mixed) (G1 Evacuation Pause) 493M->273M(524M) 6.644ms
[18.492s][info][gc,cpu      ] GC(48) User=0.01s Sys=0.00s Real=0.01s
[19.001s][info][gc,start    ] GC(49) Pause Young (Mixed) (G1 Evacuation Pause)
[19.001s][info][gc,task     ] GC(49) Using 2 workers of 2 for evacuation
[19.007s][info][gc,phases   ] GC(49)   Pre Evacuate Collection Set: 0.28ms
[19.007s][info][gc,phases   ] GC(49)   Merge Heap Roots: 0.09ms
[19.007s][info][gc,phases   ] GC(49)   Evacuate Collection Set: 4.90ms
[19.007s][info][gc,phases   ] GC(49)   Post Evacuate Collection Set: 0.52ms
[19.007s][info][gc,phases   ] GC(49)   Other: 0.08ms
[19.007s][info][gc,heap     ] GC(49) Eden regions: 219->0(220)
[19.007s][info][gc,heap     ] GC(49) Survivor regions: 4->4(28)
[19.007s][info][gc,heap     ] GC(49) Old regions: 63->62
[19.007s][info][gc,heap     ] GC(49) Humongous regions: 207->207
[19.007s][info][gc,metaspace] GC(49) Metaspace: 55410K(55744K)->55410K(55744K) NonClass: 49817K(50048K)->49817K(50048K) Class: 5593K(5696K)->5593K(5696K)
[19.007s][info][gc          ] GC(49) Pause Young (Mixed) (G1 Evacuation Pause) 492M->272M(524M) 6.040ms
[19.007s][info][gc,cpu      ] GC(49) User=0.01s Sys=0.00s Real=0.01s
[19.584s][info][gc,start    ] GC(50) Pause Young (Concurrent Start) (G1 Evacuation Pause)
[19.584s][info][gc,task     ] GC(50) Using 2 workers of 2 for evacuation
[19.588s][info][gc,phases   ] GC(50)   Pre Evacuate Collection Set: 0.29ms
[19.588s][info][gc,phases   ] GC(50)   Merge Heap Roots: 0.11ms
[19.588s][info][gc,phases   ] GC(50)   Evacuate Collection Set: 3.34ms
[19.588s][info][gc,phases   ] GC(50)   Post Evacuate Collection Set: 0.51ms
[19.588s][info][gc,phases   ] GC(50)   Other: 0.10ms
[19.588s][info][gc,heap     ] GC(50) Eden regions: 220->0(222)
[19.588s][info][gc,heap     ] GC(50) Survivor regions: 4->3(28)
[19.588s][info][gc,heap     ] GC(50) Old regions: 62->62
[19.588s][info][gc,heap     ] GC(50) Humongous regions: 207->207
[19.588s][info][gc,metaspace] GC(50) Metaspace: 55412K(55744K)->55412K(55744K) NonClass: 49819K(50048K)->49819K(50048K) Class: 5593K(5696K)->5593K(5696K)
[19.588s][info][gc          ] GC(50) Pause Young (Concurrent Start) (G1 Evacuation Pause) 492M->271M(524M) 4.538ms
[19.588s][info][gc          ] GC(51) Concurrent Mark Cycle
[19.588s][info][gc,marking  ] GC(51) Concurrent Scan Root Regions
[19.588s][info][gc,cpu      ] GC(50) User=0.01s Sys=0.00s Real=0.00s
[19.595s][info][gc,marking  ] GC(51) Concurrent Scan Root Regions 6.921ms
[19.595s][info][gc,marking  ] GC(51) Concurrent Mark
[19.595s][info][gc,marking  ] GC(51) Concurrent Mark From Roots
[19.595s][info][gc,task     ] GC(51) Using 1 workers of 1 for marking
[19.704s][info][gc,marking  ] GC(51) Concurrent Mark From Roots 108.475ms
[19.704s][info][gc,marking  ] GC(51) Concurrent Preclean
[19.704s][info][gc,marking  ] GC(51) Concurrent Preclean 0.067ms
[19.704s][info][gc,start    ] GC(51) Pause Remark
[19.712s][info][gc          ] GC(51) Pause Remark 327M->327M(524M) 7.571ms
[19.712s][info][gc,cpu      ] GC(51) User=0.01s Sys=0.00s Real=0.01s
[19.715s][info][gc,marking  ] GC(51) Concurrent Mark 119.792ms
[19.715s][info][gc,marking  ] GC(51) Concurrent Rebuild Remembered Sets and Scrub Regions
[19.743s][info][gc,marking  ] GC(51) Concurrent Rebuild Remembered Sets and Scrub Regions 28.389ms
[19.744s][info][gc,start    ] GC(51) Pause Cleanup
[19.744s][info][gc          ] GC(51) Pause Cleanup 338M->338M(524M) 0.079ms
[19.744s][info][gc,cpu      ] GC(51) User=0.00s Sys=0.00s Real=0.00s
[19.744s][info][gc,marking  ] GC(51) Concurrent Clear Claimed Marks
[19.744s][info][gc,marking  ] GC(51) Concurrent Clear Claimed Marks 0.091ms
[19.744s][info][gc,marking  ] GC(51) Concurrent Cleanup for Next Mark
[19.745s][info][gc,marking  ] GC(51) Concurrent Cleanup for Next Mark 1.588ms
[19.745s][info][gc          ] GC(51) Concurrent Mark Cycle 157.282ms
[20.097s][info][gc,start    ] GC(52) Pause Young (Prepare Mixed) (G1 Evacuation Pause)
[20.097s][info][gc,task     ] GC(52) Using 2 workers of 2 for evacuation
[20.102s][info][gc,phases   ] GC(52)   Pre Evacuate Collection Set: 0.25ms
[20.102s][info][gc,phases   ] GC(52)   Merge Heap Roots: 0.11ms
[20.102s][info][gc,phases   ] GC(52)   Evacuate Collection Set: 4.13ms
[20.102s][info][gc,phases   ] GC(52)   Post Evacuate Collection Set: 0.50ms
[20.102s][info][gc,phases   ] GC(52)   Other: 0.10ms
[20.102s][info][gc,heap     ] GC(52) Eden regions: 222->0(222)
[20.102s][info][gc,heap     ] GC(52) Survivor regions: 3->3(29)
[20.102s][info][gc,heap     ] GC(52) Old regions: 62->62
[20.102s][info][gc,heap     ] GC(52) Humongous regions: 207->207
[20.102s][info][gc,metaspace] GC(52) Metaspace: 55422K(55744K)->55422K(55744K) NonClass: 49829K(50048K)->49829K(50048K) Class: 5593K(5696K)->5593K(5696K)
[20.102s][info][gc          ] GC(52) Pause Young (Prepare Mixed) (G1 Evacuation Pause) 493M->271M(524M) 5.259ms
[20.102s][info][gc,cpu      ] GC(52) User=0.01s Sys=0.00s Real=0.01s
[20.661s][info][gc,start    ] GC(53) Pause Young (Mixed) (G1 Evacuation Pause)
[20.661s][info][gc,task     ] GC(53) Using 2 workers of 2 for evacuation
[20.667s][info][gc,phases   ] GC(53)   Pre Evacuate Collection Set: 0.27ms
[20.667s][info][gc,phases   ] GC(53)   Merge Heap Roots: 0.09ms
[20.667s][info][gc,phases   ] GC(53)   Evacuate Collection Set: 4.87ms
[20.667s][info][gc,phases   ] GC(53)   Post Evacuate Collection Set: 0.52ms
[20.667s][info][gc,phases   ] GC(53)   Other: 0.08ms
[20.667s][info][gc,heap     ] GC(53) Eden regions: 222->0(223)
[20.667s][info][gc,heap     ] GC(53) Survivor regions: 3->3(29)
[20.667s][info][gc,heap     ] GC(53) Old regions: 62->61
[20.667s][info][gc,heap     ] GC(53) Humongous regions: 207->207
[20.667s][info][gc,metaspace] GC(53) Metaspace: 55422K(55744K)->55422K(55744K) NonClass: 49829K(50048K)->49829K(50048K) Class: 5593K(5696K)->5593K(5696K)
[20.667s][info][gc          ] GC(53) Pause Young (Mixed) (G1 Evacuation Pause) 493M->270M(524M) 6.023ms
[20.667s][info][gc,cpu      ] GC(53) User=0.01s Sys=0.00s Real=0.01s
[21.186s][info][gc,start    ] GC(54) Pause Young (Concurrent Start) (G1 Evacuation Pause)
[21.186s][info][gc,task     ] GC(54) Using 2 workers of 2 for evacuation
[21.192s][info][gc,phases   ] GC(54)   Pre Evacuate Collection Set: 0.30ms
[21.192s][info][gc,phases   ] GC(54)   Merge Heap Roots: 0.11ms
[21.192s][info][gc,phases   ] GC(54)   Evacuate Collection Set: 5.44ms
[21.192s][info][gc,phases   ] GC(54)   Post Evacuate Collection Set: 0.53ms
[21.192s][info][gc,phases   ] GC(54)   Other: 0.09ms
[21.192s][info][gc,heap     ] GC(54) Eden regions: 223->0(221)
[21.192s][info][gc,heap     ] GC(54) Survivor regions: 3->4(29)
[21.192s][info][gc,heap     ] GC(54) Old regions: 61->61
[21.192s][info][gc,heap     ] GC(54) Humongous regions: 207->207
[21.192s][info][gc,metaspace] GC(54) Metaspace: 55422K(55744K)->55422K(55744K) NonClass: 49829K(50048K)->49829K(50048K) Class: 5593K(5696K)->5593K(5696K)
[21.193s][info][gc          ] GC(54) Pause Young (Concurrent Start) (G1 Evacuation Pause) 493M->271M(524M) 6.633ms
[21.193s][info][gc          ] GC(55) Concurrent Mark Cycle
[21.193s][info][gc,marking  ] GC(55) Concurrent Scan Root Regions
[21.193s][info][gc,cpu      ] GC(54) User=0.01s Sys=0.00s Real=0.01s
[21.197s][info][gc,marking  ] GC(55) Concurrent Scan Root Regions 4.475ms
[21.197s][info][gc,marking  ] GC(55) Concurrent Mark
[21.197s][info][gc,marking  ] GC(55) Concurrent Mark From Roots
[21.197s][info][gc,task     ] GC(55) Using 1 workers of 1 for marking
[21.244s][info][gc,marking  ] GC(55) Concurrent Mark From Roots 47.254ms
[21.244s][info][gc,marking  ] GC(55) Concurrent Preclean
[21.244s][info][gc,marking  ] GC(55) Concurrent Preclean 0.063ms
[21.244s][info][gc,start    ] GC(55) Pause Remark
[21.252s][info][gc          ] GC(55) Pause Remark 283M->283M(524M) 7.362ms
[21.252s][info][gc,cpu      ] GC(55) User=0.02s Sys=0.00s Real=0.01s
[21.253s][info][gc,marking  ] GC(55) Concurrent Mark 55.861ms
[21.253s][info][gc,marking  ] GC(55) Concurrent Rebuild Remembered Sets and Scrub Regions
[21.269s][info][gc,marking  ] GC(55) Concurrent Rebuild Remembered Sets and Scrub Regions 15.670ms
[21.269s][info][gc,start    ] GC(55) Pause Cleanup
[21.269s][info][gc          ] GC(55) Pause Cleanup 293M->293M(524M) 0.060ms
[21.269s][info][gc,cpu      ] GC(55) User=0.00s Sys=0.00s Real=0.00s
[21.269s][info][gc,marking  ] GC(55) Concurrent Clear Claimed Marks
[21.269s][info][gc,marking  ] GC(55) Concurrent Clear Claimed Marks 0.079ms
[21.269s][info][gc,marking  ] GC(55) Concurrent Cleanup for Next Mark
[21.271s][info][gc,marking  ] GC(55) Concurrent Cleanup for Next Mark 1.634ms
[21.271s][info][gc          ] GC(55) Concurrent Mark Cycle 78.140ms
[21.760s][info][gc,start    ] GC(56) Pause Young (Prepare Mixed) (G1 Evacuation Pause)
[21.760s][info][gc,task     ] GC(56) Using 2 workers of 2 for evacuation
[21.765s][info][gc,phases   ] GC(56)   Pre Evacuate Collection Set: 0.24ms
[21.765s][info][gc,phases   ] GC(56)   Merge Heap Roots: 0.11ms
[21.765s][info][gc,phases   ] GC(56)   Evacuate Collection Set: 4.32ms
[21.765s][info][gc,phases   ] GC(56)   Post Evacuate Collection Set: 0.54ms
[21.765s][info][gc,phases   ] GC(56)   Other: 0.09ms
[21.765s][info][gc,heap     ] GC(56) Eden regions: 221->0(221)
[21.765s][info][gc,heap     ] GC(56) Survivor regions: 4->4(29)
[21.765s][info][gc,heap     ] GC(56) Old regions: 61->61
[21.765s][info][gc,heap     ] GC(56) Humongous regions: 207->207
[21.765s][info][gc,metaspace] GC(56) Metaspace: 55422K(55744K)->55422K(55744K) NonClass: 49829K(50048K)->49829K(50048K) Class: 5593K(5696K)->5593K(5696K)
[21.765s][info][gc          ] GC(56) Pause Young (Prepare Mixed) (G1 Evacuation Pause) 492M->270M(524M) 5.474ms
[21.765s][info][gc,cpu      ] GC(56) User=0.01s Sys=0.00s Real=0.01s
[22.283s][info][gc,start    ] GC(57) Pause Young (Mixed) (G1 Evacuation Pause)
[22.283s][info][gc,task     ] GC(57) Using 2 workers of 2 for evacuation
[22.290s][info][gc,phases   ] GC(57)   Pre Evacuate Collection Set: 0.25ms
[22.290s][info][gc,phases   ] GC(57)   Merge Heap Roots: 0.10ms
[22.290s][info][gc,phases   ] GC(57)   Evacuate Collection Set: 5.73ms
[22.290s][info][gc,phases   ] GC(57)   Post Evacuate Collection Set: 0.52ms
[22.290s][info][gc,phases   ] GC(57)   Other: 0.07ms
[22.290s][info][gc,heap     ] GC(57) Eden regions: 221->0(222)
[22.290s][info][gc,heap     ] GC(57) Survivor regions: 4->4(29)
[22.290s][info][gc,heap     ] GC(57) Old regions: 61->60
[22.290s][info][gc,heap     ] GC(57) Humongous regions: 207->207
[22.290s][info][gc,metaspace] GC(57) Metaspace: 55422K(55744K)->55422K(55744K) NonClass: 49829K(50048K)->49829K(50048K) Class: 5593K(5696K)->5593K(5696K)
[22.290s][info][gc          ] GC(57) Pause Young (Mixed) (G1 Evacuation Pause) 491M->270M(524M) 6.848ms
[22.290s][info][gc,cpu      ] GC(57) User=0.02s Sys=0.00s Real=0.00s
[22.879s][info][gc,start    ] GC(58) Pause Young (Concurrent Start) (G1 Evacuation Pause)
[22.879s][info][gc,task     ] GC(58) Using 2 workers of 2 for evacuation
[22.887s][info][gc,phases   ] GC(58)   Pre Evacuate Collection Set: 0.28ms
[22.887s][info][gc,phases   ] GC(58)   Merge Heap Roots: 0.10ms
[22.887s][info][gc,phases   ] GC(58)   Evacuate Collection Set: 7.44ms
[22.887s][info][gc,phases   ] GC(58)   Post Evacuate Collection Set: 0.53ms
[22.887s][info][gc,phases   ] GC(58)   Other: 0.09ms
[22.887s][info][gc,heap     ] GC(58) Eden regions: 222->0(218)
[22.887s][info][gc,heap     ] GC(58) Survivor regions: 4->6(29)
[22.887s][info][gc,heap     ] GC(58) Old regions: 60->60
[22.887s][info][gc,heap     ] GC(58) Humongous regions: 207->207
[22.887s][info][gc,metaspace] GC(58) Metaspace: 55422K(55744K)->55422K(55744K) NonClass: 49829K(50048K)->49829K(50048K) Class: 5593K(5696K)->5593K(5696K)
[22.887s][info][gc          ] GC(58) Pause Young (Concurrent Start) (G1 Evacuation Pause) 492M->272M(524M) 8.611ms
[22.887s][info][gc,cpu      ] GC(58) User=0.02s Sys=0.00s Real=0.01s
[22.887s][info][gc          ] GC(59) Concurrent Mark Cycle
[22.888s][info][gc,marking  ] GC(59) Concurrent Scan Root Regions
[22.899s][info][gc,marking  ] GC(59) Concurrent Scan Root Regions 10.559ms
[22.899s][info][gc,marking  ] GC(59) Concurrent Mark
[22.899s][info][gc,marking  ] GC(59) Concurrent Mark From Roots
[22.899s][info][gc,task     ] GC(59) Using 1 workers of 1 for marking
[22.961s][info][gc,marking  ] GC(59) Concurrent Mark From Roots 62.445ms
[22.961s][info][gc,marking  ] GC(59) Concurrent Preclean
[22.961s][info][gc,marking  ] GC(59) Concurrent Preclean 0.075ms
[22.961s][info][gc,start    ] GC(59) Pause Remark
[22.969s][info][gc          ] GC(59) Pause Remark 306M->306M(524M) 7.374ms
[22.969s][info][gc,cpu      ] GC(59) User=0.02s Sys=0.00s Real=0.00s
[22.969s][info][gc,marking  ] GC(59) Concurrent Mark 70.379ms
[22.969s][info][gc,marking  ] GC(59) Concurrent Rebuild Remembered Sets and Scrub Regions
[23.003s][info][gc,marking  ] GC(59) Concurrent Rebuild Remembered Sets and Scrub Regions 34.205ms
[23.004s][info][gc,start    ] GC(59) Pause Cleanup
[23.004s][info][gc          ] GC(59) Pause Cleanup 330M->330M(524M) 0.076ms
[23.004s][info][gc,cpu      ] GC(59) User=0.00s Sys=0.00s Real=0.00s
[23.004s][info][gc,marking  ] GC(59) Concurrent Clear Claimed Marks
[23.004s][info][gc,marking  ] GC(59) Concurrent Clear Claimed Marks 0.085ms
[23.004s][info][gc,marking  ] GC(59) Concurrent Cleanup for Next Mark
[23.007s][info][gc,marking  ] GC(59) Concurrent Cleanup for Next Mark 3.022ms
[23.007s][info][gc          ] GC(59) Concurrent Mark Cycle 119.957ms
[23.375s][info][gc,start    ] GC(60) Pause Young (Prepare Mixed) (G1 Evacuation Pause)
[23.375s][info][gc,task     ] GC(60) Using 2 workers of 2 for evacuation
[23.382s][info][gc,phases   ] GC(60)   Pre Evacuate Collection Set: 0.24ms
[23.382s][info][gc,phases   ] GC(60)   Merge Heap Roots: 0.11ms
[23.382s][info][gc,phases   ] GC(60)   Evacuate Collection Set: 5.50ms
[23.382s][info][gc,phases   ] GC(60)   Post Evacuate Collection Set: 0.50ms
[23.382s][info][gc,phases   ] GC(60)   Other: 0.09ms
[23.382s][info][gc,heap     ] GC(60) Eden regions: 218->0(221)
[23.382s][info][gc,heap     ] GC(60) Survivor regions: 6->4(28)
[23.382s][info][gc,heap     ] GC(60) Old regions: 60->61
[23.382s][info][gc,heap     ] GC(60) Humongous regions: 207->207
[23.382s][info][gc,metaspace] GC(60) Metaspace: 55423K(55744K)->55423K(55744K) NonClass: 49830K(50048K)->49830K(50048K) Class: 5593K(5696K)->5593K(5696K)
[23.382s][info][gc          ] GC(60) Pause Young (Prepare Mixed) (G1 Evacuation Pause) 490M->270M(524M) 6.606ms
[23.382s][info][gc,cpu      ] GC(60) User=0.01s Sys=0.00s Real=0.01s
[23.955s][info][gc,start    ] GC(61) Pause Young (Mixed) (G1 Evacuation Pause)
[23.955s][info][gc,task     ] GC(61) Using 2 workers of 2 for evacuation
[23.960s][info][gc,phases   ] GC(61)   Pre Evacuate Collection Set: 0.26ms
[23.960s][info][gc,phases   ] GC(61)   Merge Heap Roots: 0.10ms
[23.960s][info][gc,phases   ] GC(61)   Evacuate Collection Set: 4.24ms
[23.960s][info][gc,phases   ] GC(61)   Post Evacuate Collection Set: 0.52ms
[23.960s][info][gc,phases   ] GC(61)   Other: 0.09ms
[23.960s][info][gc,heap     ] GC(61) Eden regions: 221->0(226)
[23.960s][info][gc,heap     ] GC(61) Survivor regions: 4->2(29)
[23.960s][info][gc,heap     ] GC(61) Old regions: 61->60
[23.960s][info][gc,heap     ] GC(61) Humongous regions: 207->207
[23.960s][info][gc,metaspace] GC(61) Metaspace: 55423K(55744K)->55423K(55744K) NonClass: 49830K(50048K)->49830K(50048K) Class: 5593K(5696K)->5593K(5696K)
[23.960s][info][gc          ] GC(61) Pause Young (Mixed) (G1 Evacuation Pause) 491M->268M(524M) 5.416ms
[23.960s][info][gc,cpu      ] GC(61) User=0.01s Sys=0.00s Real=0.00s
[24.489s][info][gc,start    ] GC(62) Pause Young (Concurrent Start) (G1 Evacuation Pause)
[24.489s][info][gc,task     ] GC(62) Using 2 workers of 2 for evacuation
[24.496s][info][gc,phases   ] GC(62)   Pre Evacuate Collection Set: 0.27ms
[24.496s][info][gc,phases   ] GC(62)   Merge Heap Roots: 0.10ms
[24.496s][info][gc,phases   ] GC(62)   Evacuate Collection Set: 5.82ms
[24.496s][info][gc,phases   ] GC(62)   Post Evacuate Collection Set: 0.55ms
[24.496s][info][gc,phases   ] GC(62)   Other: 0.11ms
[24.496s][info][gc,heap     ] GC(62) Eden regions: 226->0(222)
[24.496s][info][gc,heap     ] GC(62) Survivor regions: 2->4(29)
[24.496s][info][gc,heap     ] GC(62) Old regions: 60->60
[24.496s][info][gc,heap     ] GC(62) Humongous regions: 207->207
[24.496s][info][gc,metaspace] GC(62) Metaspace: 55426K(55744K)->55426K(55744K) NonClass: 49833K(50048K)->49833K(50048K) Class: 5593K(5696K)->5593K(5696K)
[24.496s][info][gc          ] GC(62) Pause Young (Concurrent Start) (G1 Evacuation Pause) 494M->270M(524M) 7.074ms
[24.496s][info][gc          ] GC(63) Concurrent Mark Cycle
[24.496s][info][gc,marking  ] GC(63) Concurrent Scan Root Regions
[24.497s][info][gc,cpu      ] GC(62) User=0.01s Sys=0.00s Real=0.01s
[24.500s][info][gc,marking  ] GC(63) Concurrent Scan Root Regions 3.708ms
[24.500s][info][gc,marking  ] GC(63) Concurrent Mark
[24.500s][info][gc,marking  ] GC(63) Concurrent Mark From Roots
[24.500s][info][gc,task     ] GC(63) Using 1 workers of 1 for marking
[24.550s][info][gc,marking  ] GC(63) Concurrent Mark From Roots 49.654ms
[24.550s][info][gc,marking  ] GC(63) Concurrent Preclean
[24.550s][info][gc,marking  ] GC(63) Concurrent Preclean 0.062ms
[24.550s][info][gc,start    ] GC(63) Pause Remark
[24.557s][info][gc          ] GC(63) Pause Remark 281M->281M(524M) 7.169ms
[24.557s][info][gc,cpu      ] GC(63) User=0.01s Sys=0.00s Real=0.01s
[24.558s][info][gc,marking  ] GC(63) Concurrent Mark 57.961ms
[24.558s][info][gc,marking  ] GC(63) Concurrent Rebuild Remembered Sets and Scrub Regions
[24.581s][info][gc,marking  ] GC(63) Concurrent Rebuild Remembered Sets and Scrub Regions 22.685ms
[24.582s][info][gc,start    ] GC(63) Pause Cleanup
[24.582s][info][gc          ] GC(63) Pause Cleanup 295M->295M(524M) 0.074ms
[24.582s][info][gc,cpu      ] GC(63) User=0.00s Sys=0.00s Real=0.00s
[24.582s][info][gc,marking  ] GC(63) Concurrent Clear Claimed Marks
[24.582s][info][gc,marking  ] GC(63) Concurrent Clear Claimed Marks 0.079ms
[24.582s][info][gc,marking  ] GC(63) Concurrent Cleanup for Next Mark
[24.584s][info][gc,marking  ] GC(63) Concurrent Cleanup for Next Mark 1.827ms
[24.584s][info][gc          ] GC(63) Concurrent Mark Cycle 87.958ms
[25.063s][info][gc,start    ] GC(64) Pause Young (Prepare Mixed) (G1 Evacuation Pause)
[25.063s][info][gc,task     ] GC(64) Using 2 workers of 2 for evacuation
[25.068s][info][gc,phases   ] GC(64)   Pre Evacuate Collection Set: 0.25ms
[25.068s][info][gc,phases   ] GC(64)   Merge Heap Roots: 0.13ms
[25.068s][info][gc,phases   ] GC(64)   Evacuate Collection Set: 4.05ms
[25.068s][info][gc,phases   ] GC(64)   Post Evacuate Collection Set: 0.51ms
[25.068s][info][gc,phases   ] GC(64)   Other: 0.09ms
[25.068s][info][gc,heap     ] GC(64) Eden regions: 222->0(224)
[25.068s][info][gc,heap     ] GC(64) Survivor regions: 4->3(29)
[25.068s][info][gc,heap     ] GC(64) Old regions: 60->60
[25.068s][info][gc,heap     ] GC(64) Humongous regions: 207->207
[25.068s][info][gc,metaspace] GC(64) Metaspace: 55429K(55744K)->55429K(55744K) NonClass: 49835K(50048K)->49835K(50048K) Class: 5593K(5696K)->5593K(5696K)
[25.068s][info][gc          ] GC(64) Pause Young (Prepare Mixed) (G1 Evacuation Pause) 492M->269M(524M) 5.209ms
[25.068s][info][gc,cpu      ] GC(64) User=0.01s Sys=0.00s Real=0.00s
[25.598s][info][gc,start    ] GC(65) Pause Young (Mixed) (G1 Evacuation Pause)
[25.598s][info][gc,task     ] GC(65) Using 2 workers of 2 for evacuation
[25.605s][info][gc,phases   ] GC(65)   Pre Evacuate Collection Set: 0.29ms
[25.605s][info][gc,phases   ] GC(65)   Merge Heap Roots: 0.15ms
[25.605s][info][gc,phases   ] GC(65)   Evacuate Collection Set: 6.40ms
[25.605s][info][gc,phases   ] GC(65)   Post Evacuate Collection Set: 0.57ms
[25.605s][info][gc,phases   ] GC(65)   Other: 0.09ms
[25.605s][info][gc,heap     ] GC(65) Eden regions: 224->0(225)
[25.605s][info][gc,heap     ] GC(65) Survivor regions: 3->3(29)
[25.605s][info][gc,heap     ] GC(65) Old regions: 60->59
[25.605s][info][gc,heap     ] GC(65) Humongous regions: 207->207
[25.605s][info][gc,metaspace] GC(65) Metaspace: 55429K(55744K)->55429K(55744K) NonClass: 49835K(50048K)->49835K(50048K) Class: 5593K(5696K)->5593K(5696K)
[25.605s][info][gc          ] GC(65) Pause Young (Mixed) (G1 Evacuation Pause) 492M->268M(524M) 7.687ms
[25.605s][info][gc,cpu      ] GC(65) User=0.01s Sys=0.00s Real=0.01s
[26.195s][info][gc,start    ] GC(66) Pause Young (Concurrent Start) (G1 Evacuation Pause)
[26.195s][info][gc,task     ] GC(66) Using 2 workers of 2 for evacuation
[26.219s][info][gc,phases   ] GC(66)   Pre Evacuate Collection Set: 0.29ms
[26.219s][info][gc,phases   ] GC(66)   Merge Heap Roots: 0.12ms
[26.219s][info][gc,phases   ] GC(66)   Evacuate Collection Set: 22.14ms
[26.219s][info][gc,phases   ] GC(66)   Post Evacuate Collection Set: 0.82ms
[26.219s][info][gc,phases   ] GC(66)   Other: 0.15ms
[26.219s][info][gc,heap     ] GC(66) Eden regions: 225->0(221)
[26.219s][info][gc,heap     ] GC(66) Survivor regions: 3->5(29)
[26.219s][info][gc,heap     ] GC(66) Old regions: 59->59
[26.219s][info][gc,heap     ] GC(66) Humongous regions: 207->207
[26.219s][info][gc,metaspace] GC(66) Metaspace: 55429K(55744K)->55429K(55744K) NonClass: 49835K(50048K)->49835K(50048K) Class: 5593K(5696K)->5593K(5696K)
[26.219s][info][gc          ] GC(66) Pause Young (Concurrent Start) (G1 Evacuation Pause) 493M->270M(524M) 23.697ms
[26.219s][info][gc          ] GC(67) Concurrent Mark Cycle
[26.219s][info][gc,marking  ] GC(67) Concurrent Scan Root Regions
[26.221s][info][gc,cpu      ] GC(66) User=0.02s Sys=0.00s Real=0.03s
[26.232s][info][gc,marking  ] GC(67) Concurrent Scan Root Regions 13.478ms
[26.232s][info][gc,marking  ] GC(67) Concurrent Mark
[26.232s][info][gc,marking  ] GC(67) Concurrent Mark From Roots
[26.232s][info][gc,task     ] GC(67) Using 1 workers of 1 for marking
[26.280s][info][gc,marking  ] GC(67) Concurrent Mark From Roots 47.715ms
[26.280s][info][gc,marking  ] GC(67) Concurrent Preclean
[26.280s][info][gc,marking  ] GC(67) Concurrent Preclean 0.066ms
[26.280s][info][gc,start    ] GC(67) Pause Remark
[26.288s][info][gc          ] GC(67) Pause Remark 292M->292M(524M) 7.547ms
[26.288s][info][gc,cpu      ] GC(67) User=0.01s Sys=0.00s Real=0.01s
[26.288s][info][gc,marking  ] GC(67) Concurrent Mark 55.685ms
[26.288s][info][gc,marking  ] GC(67) Concurrent Rebuild Remembered Sets and Scrub Regions
[26.304s][info][gc,marking  ] GC(67) Concurrent Rebuild Remembered Sets and Scrub Regions 15.813ms
[26.304s][info][gc,start    ] GC(67) Pause Cleanup
[26.304s][info][gc          ] GC(67) Pause Cleanup 300M->300M(524M) 0.071ms
[26.304s][info][gc,cpu      ] GC(67) User=0.00s Sys=0.00s Real=0.00s
[26.304s][info][gc,marking  ] GC(67) Concurrent Clear Claimed Marks
[26.305s][info][gc,marking  ] GC(67) Concurrent Clear Claimed Marks 0.096ms
[26.305s][info][gc,marking  ] GC(67) Concurrent Cleanup for Next Mark
[26.306s][info][gc,marking  ] GC(67) Concurrent Cleanup for Next Mark 1.552ms
[26.306s][info][gc          ] GC(67) Concurrent Mark Cycle 87.382ms
[26.697s][info][gc,start    ] GC(68) Pause Young (Prepare Mixed) (G1 Evacuation Pause)
[26.697s][info][gc,task     ] GC(68) Using 2 workers of 2 for evacuation
[26.701s][info][gc,phases   ] GC(68)   Pre Evacuate Collection Set: 0.24ms
[26.701s][info][gc,phases   ] GC(68)   Merge Heap Roots: 0.11ms
[26.701s][info][gc,phases   ] GC(68)   Evacuate Collection Set: 2.98ms
[26.701s][info][gc,phases   ] GC(68)   Post Evacuate Collection Set: 0.52ms
[26.701s][info][gc,phases   ] GC(68)   Other: 0.07ms
[26.701s][info][gc,heap     ] GC(68) Eden regions: 221->0(227)
[26.701s][info][gc,heap     ] GC(68) Survivor regions: 5->2(29)
[26.701s][info][gc,heap     ] GC(68) Old regions: 59->59
[26.701s][info][gc,heap     ] GC(68) Humongous regions: 207->207
[26.701s][info][gc,metaspace] GC(68) Metaspace: 55429K(55744K)->55429K(55744K) NonClass: 49835K(50048K)->49835K(50048K) Class: 5593K(5696K)->5593K(5696K)
[26.701s][info][gc          ] GC(68) Pause Young (Prepare Mixed) (G1 Evacuation Pause) 491M->267M(524M) 4.085ms
[26.701s][info][gc,cpu      ] GC(68) User=0.01s Sys=0.00s Real=0.01s
[27.269s][info][gc,start    ] GC(69) Pause Young (Mixed) (G1 Evacuation Pause)
[27.269s][info][gc,task     ] GC(69) Using 2 workers of 2 for evacuation
[27.276s][info][gc,phases   ] GC(69)   Pre Evacuate Collection Set: 0.25ms
[27.276s][info][gc,phases   ] GC(69)   Merge Heap Roots: 0.10ms
[27.276s][info][gc,phases   ] GC(69)   Evacuate Collection Set: 5.79ms
[27.276s][info][gc,phases   ] GC(69)   Post Evacuate Collection Set: 0.52ms
[27.276s][info][gc,phases   ] GC(69)   Other: 0.09ms
[27.276s][info][gc,heap     ] GC(69) Eden regions: 227->0(225)
[27.276s][info][gc,heap     ] GC(69) Survivor regions: 2->3(29)
[27.276s][info][gc,heap     ] GC(69) Old regions: 59->59
[27.276s][info][gc,heap     ] GC(69) Humongous regions: 207->207
[27.276s][info][gc,metaspace] GC(69) Metaspace: 55429K(55744K)->55429K(55744K) NonClass: 49835K(50048K)->49835K(50048K) Class: 5593K(5696K)->5593K(5696K)
[27.276s][info][gc          ] GC(69) Pause Young (Mixed) (G1 Evacuation Pause) 494M->268M(524M) 6.918ms
[27.276s][info][gc,cpu      ] GC(69) User=0.01s Sys=0.00s Real=0.01s
[27.852s][info][gc,start    ] GC(70) Pause Young (Concurrent Start) (G1 Evacuation Pause)
[27.852s][info][gc,task     ] GC(70) Using 2 workers of 2 for evacuation
[27.856s][info][gc,phases   ] GC(70)   Pre Evacuate Collection Set: 0.31ms
[27.856s][info][gc,phases   ] GC(70)   Merge Heap Roots: 0.10ms
[27.856s][info][gc,phases   ] GC(70)   Evacuate Collection Set: 3.08ms
[27.856s][info][gc,phases   ] GC(70)   Post Evacuate Collection Set: 0.50ms
[27.856s][info][gc,phases   ] GC(70)   Other: 0.09ms
[27.856s][info][gc,heap     ] GC(70) Eden regions: 225->0(227)
[27.856s][info][gc,heap     ] GC(70) Survivor regions: 3->2(29)
[27.856s][info][gc,heap     ] GC(70) Old regions: 59->59
[27.856s][info][gc,heap     ] GC(70) Humongous regions: 207->207
[27.856s][info][gc,metaspace] GC(70) Metaspace: 55429K(55744K)->55429K(55744K) NonClass: 49835K(50048K)->49835K(50048K) Class: 5593K(5696K)->5593K(5696K)
[27.856s][info][gc          ] GC(70) Pause Young (Concurrent Start) (G1 Evacuation Pause) 493M->266M(524M) 4.271ms
[27.856s][info][gc          ] GC(71) Concurrent Mark Cycle
[27.856s][info][gc,cpu      ] GC(70) User=0.01s Sys=0.01s Real=0.00s
[27.856s][info][gc,marking  ] GC(71) Concurrent Scan Root Regions
[27.865s][info][gc,marking  ] GC(71) Concurrent Scan Root Regions 8.852ms
[27.865s][info][gc,marking  ] GC(71) Concurrent Mark
[27.865s][info][gc,marking  ] GC(71) Concurrent Mark From Roots
[27.865s][info][gc,task     ] GC(71) Using 1 workers of 1 for marking
[27.934s][info][gc,marking  ] GC(71) Concurrent Mark From Roots 68.504ms
[27.934s][info][gc,marking  ] GC(71) Concurrent Preclean
[27.934s][info][gc,marking  ] GC(71) Concurrent Preclean 0.068ms
[27.934s][info][gc,start    ] GC(71) Pause Remark
[27.941s][info][gc          ] GC(71) Pause Remark 304M->304M(524M) 7.383ms
[27.941s][info][gc,cpu      ] GC(71) User=0.01s Sys=0.00s Real=0.01s
[27.941s][info][gc,marking  ] GC(71) Concurrent Mark 76.143ms
[27.941s][info][gc,marking  ] GC(71) Concurrent Rebuild Remembered Sets and Scrub Regions
[27.958s][info][gc,marking  ] GC(71) Concurrent Rebuild Remembered Sets and Scrub Regions 16.779ms
[27.958s][info][gc,start    ] GC(71) Pause Cleanup
[27.958s][info][gc          ] GC(71) Pause Cleanup 310M->310M(524M) 0.050ms
[27.958s][info][gc,cpu      ] GC(71) User=0.00s Sys=0.00s Real=0.00s
[27.958s][info][gc,marking  ] GC(71) Concurrent Clear Claimed Marks
[27.958s][info][gc,marking  ] GC(71) Concurrent Clear Claimed Marks 0.079ms
[27.958s][info][gc,marking  ] GC(71) Concurrent Cleanup for Next Mark
[27.960s][info][gc,marking  ] GC(71) Concurrent Cleanup for Next Mark 1.522ms
[27.960s][info][gc          ] GC(71) Concurrent Mark Cycle 103.720ms
[28.382s][info][gc,start    ] GC(72) Pause Young (Prepare Mixed) (G1 Evacuation Pause)
[28.382s][info][gc,task     ] GC(72) Using 2 workers of 2 for evacuation
[28.388s][info][gc,phases   ] GC(72)   Pre Evacuate Collection Set: 0.26ms
[28.388s][info][gc,phases   ] GC(72)   Merge Heap Roots: 0.12ms
[28.388s][info][gc,phases   ] GC(72)   Evacuate Collection Set: 4.79ms
[28.388s][info][gc,phases   ] GC(72)   Post Evacuate Collection Set: 0.56ms
[28.388s][info][gc,phases   ] GC(72)   Other: 0.08ms
[28.388s][info][gc,heap     ] GC(72) Eden regions: 227->0(225)
[28.388s][info][gc,heap     ] GC(72) Survivor regions: 2->3(29)
[28.388s][info][gc,heap     ] GC(72) Old regions: 59->59
[28.388s][info][gc,heap     ] GC(72) Humongous regions: 207->207
[28.388s][info][gc,metaspace] GC(72) Metaspace: 55429K(55744K)->55429K(55744K) NonClass: 49835K(50048K)->49835K(50048K) Class: 5593K(5696K)->5593K(5696K)
[28.388s][info][gc          ] GC(72) Pause Young (Prepare Mixed) (G1 Evacuation Pause) 493M->268M(524M) 5.989ms
[28.388s][info][gc,cpu      ] GC(72) User=0.01s Sys=0.00s Real=0.00s
[28.965s][info][gc,start    ] GC(73) Pause Young (Mixed) (G1 Evacuation Pause)
[28.965s][info][gc,task     ] GC(73) Using 2 workers of 2 for evacuation
[28.972s][info][gc,phases   ] GC(73)   Pre Evacuate Collection Set: 0.24ms
[28.972s][info][gc,phases   ] GC(73)   Merge Heap Roots: 0.10ms
[28.972s][info][gc,phases   ] GC(73)   Evacuate Collection Set: 5.79ms
[28.972s][info][gc,phases   ] GC(73)   Post Evacuate Collection Set: 0.53ms
[28.972s][info][gc,phases   ] GC(73)   Other: 0.09ms
[28.972s][info][gc,heap     ] GC(73) Eden regions: 225->0(225)
[28.972s][info][gc,heap     ] GC(73) Survivor regions: 3->3(29)
[28.972s][info][gc,heap     ] GC(73) Old regions: 59->59
[28.972s][info][gc,heap     ] GC(73) Humongous regions: 207->207
[28.972s][info][gc,metaspace] GC(73) Metaspace: 55429K(55744K)->55429K(55744K) NonClass: 49835K(50048K)->49835K(50048K) Class: 5593K(5696K)->5593K(5696K)
[28.972s][info][gc          ] GC(73) Pause Young (Mixed) (G1 Evacuation Pause) 493M->268M(524M) 6.927ms
[28.972s][info][gc,cpu      ] GC(73) User=0.02s Sys=0.00s Real=0.01s
[29.488s][info][gc,start    ] GC(74) Pause Young (Concurrent Start) (G1 Evacuation Pause)
[29.488s][info][gc,task     ] GC(74) Using 2 workers of 2 for evacuation
[29.493s][info][gc,phases   ] GC(74)   Pre Evacuate Collection Set: 0.27ms
[29.493s][info][gc,phases   ] GC(74)   Merge Heap Roots: 0.11ms
[29.493s][info][gc,phases   ] GC(74)   Evacuate Collection Set: 4.21ms
[29.493s][info][gc,phases   ] GC(74)   Post Evacuate Collection Set: 0.51ms
[29.493s][info][gc,phases   ] GC(74)   Other: 0.12ms
[29.493s][info][gc,heap     ] GC(74) Eden regions: 225->0(225)
[29.493s][info][gc,heap     ] GC(74) Survivor regions: 3->3(29)
[29.493s][info][gc,heap     ] GC(74) Old regions: 59->59
[29.493s][info][gc,heap     ] GC(74) Humongous regions: 207->207
[29.493s][info][gc,metaspace] GC(74) Metaspace: 55430K(55744K)->55430K(55744K) NonClass: 49837K(50048K)->49837K(50048K) Class: 5593K(5696K)->5593K(5696K)
[29.493s][info][gc          ] GC(74) Pause Young (Concurrent Start) (G1 Evacuation Pause) 492M->267M(524M) 5.382ms
[29.493s][info][gc,cpu      ] GC(74) User=0.01s Sys=0.00s Real=0.01s
[29.493s][info][gc          ] GC(75) Concurrent Mark Cycle
[29.493s][info][gc,marking  ] GC(75) Concurrent Scan Root Regions
[29.497s][info][gc,marking  ] GC(75) Concurrent Scan Root Regions 3.516ms
[29.497s][info][gc,marking  ] GC(75) Concurrent Mark
[29.497s][info][gc,marking  ] GC(75) Concurrent Mark From Roots
[29.497s][info][gc,task     ] GC(75) Using 1 workers of 1 for marking
[29.543s][info][gc,marking  ] GC(75) Concurrent Mark From Roots 45.549ms
[29.543s][info][gc,marking  ] GC(75) Concurrent Preclean
[29.543s][info][gc,marking  ] GC(75) Concurrent Preclean 0.058ms
[29.543s][info][gc,start    ] GC(75) Pause Remark
[29.550s][info][gc          ] GC(75) Pause Remark 274M->274M(524M) 7.346ms
[29.550s][info][gc,cpu      ] GC(75) User=0.02s Sys=0.00s Real=0.00s
[29.550s][info][gc,marking  ] GC(75) Concurrent Mark 53.161ms
[29.550s][info][gc,marking  ] GC(75) Concurrent Rebuild Remembered Sets and Scrub Regions
[29.572s][info][gc,marking  ] GC(75) Concurrent Rebuild Remembered Sets and Scrub Regions 21.680ms
[29.572s][info][gc,start    ] GC(75) Pause Cleanup
[29.572s][info][gc          ] GC(75) Pause Cleanup 285M->285M(524M) 0.070ms
[29.572s][info][gc,cpu      ] GC(75) User=0.00s Sys=0.00s Real=0.00s
[29.573s][info][gc,marking  ] GC(75) Concurrent Clear Claimed Marks
[29.573s][info][gc,marking  ] GC(75) Concurrent Clear Claimed Marks 0.097ms
[29.573s][info][gc,marking  ] GC(75) Concurrent Cleanup for Next Mark
[29.575s][info][gc,marking  ] GC(75) Concurrent Cleanup for Next Mark 1.584ms
[29.575s][info][gc          ] GC(75) Concurrent Mark Cycle 81.534ms
[30.068s][info][gc,start    ] GC(76) Pause Young (Prepare Mixed) (G1 Evacuation Pause)
[30.068s][info][gc,task     ] GC(76) Using 2 workers of 2 for evacuation
[30.074s][info][gc,phases   ] GC(76)   Pre Evacuate Collection Set: 0.24ms
[30.074s][info][gc,phases   ] GC(76)   Merge Heap Roots: 0.12ms
[30.074s][info][gc,phases   ] GC(76)   Evacuate Collection Set: 4.62ms
[30.074s][info][gc,phases   ] GC(76)   Post Evacuate Collection Set: 0.53ms
[30.074s][info][gc,phases   ] GC(76)   Other: 0.07ms
[30.074s][info][gc,heap     ] GC(76) Eden regions: 225->0(225)
[30.074s][info][gc,heap     ] GC(76) Survivor regions: 3->3(29)
[30.074s][info][gc,heap     ] GC(76) Old regions: 59->59
[30.074s][info][gc,heap     ] GC(76) Humongous regions: 207->207
[30.074s][info][gc,metaspace] GC(76) Metaspace: 55432K(55744K)->55432K(55744K) NonClass: 49838K(50048K)->49838K(50048K) Class: 5593K(5696K)->5593K(5696K)
[30.074s][info][gc          ] GC(76) Pause Young (Prepare Mixed) (G1 Evacuation Pause) 492M->268M(524M) 5.747ms
[30.074s][info][gc,cpu      ] GC(76) User=0.01s Sys=0.00s Real=0.01s
[30.587s][info][gc,start    ] GC(77) Pause Young (Mixed) (G1 Evacuation Pause)
[30.587s][info][gc,task     ] GC(77) Using 2 workers of 2 for evacuation
[30.596s][info][gc,phases   ] GC(77)   Pre Evacuate Collection Set: 0.28ms
[30.596s][info][gc,phases   ] GC(77)   Merge Heap Roots: 0.11ms
[30.596s][info][gc,phases   ] GC(77)   Evacuate Collection Set: 7.59ms
[30.596s][info][gc,phases   ] GC(77)   Post Evacuate Collection Set: 0.76ms
[30.596s][info][gc,phases   ] GC(77)   Other: 0.07ms
[30.596s][info][gc,heap     ] GC(77) Eden regions: 225->0(226)
[30.596s][info][gc,heap     ] GC(77) Survivor regions: 3->3(29)
[30.596s][info][gc,heap     ] GC(77) Old regions: 59->58
[30.596s][info][gc,heap     ] GC(77) Humongous regions: 207->207
[30.596s][info][gc,metaspace] GC(77) Metaspace: 55432K(55744K)->55432K(55744K) NonClass: 49838K(50048K)->49838K(50048K) Class: 5593K(5696K)->5593K(5696K)
[30.596s][info][gc          ] GC(77) Pause Young (Mixed) (G1 Evacuation Pause) 492M->267M(524M) 8.988ms
[30.596s][info][gc,cpu      ] GC(77) User=0.01s Sys=0.00s Real=0.01s
[31.170s][info][gc,start    ] GC(78) Pause Young (Concurrent Start) (G1 Evacuation Pause)
[31.170s][info][gc,task     ] GC(78) Using 2 workers of 2 for evacuation
[31.176s][info][gc,phases   ] GC(78)   Pre Evacuate Collection Set: 0.28ms
[31.176s][info][gc,phases   ] GC(78)   Merge Heap Roots: 0.10ms
[31.176s][info][gc,phases   ] GC(78)   Evacuate Collection Set: 4.97ms
[31.176s][info][gc,phases   ] GC(78)   Post Evacuate Collection Set: 0.54ms
[31.176s][info][gc,phases   ] GC(78)   Other: 0.16ms
[31.176s][info][gc,heap     ] GC(78) Eden regions: 226->0(224)
[31.176s][info][gc,heap     ] GC(78) Survivor regions: 3->4(29)
[31.176s][info][gc,heap     ] GC(78) Old regions: 58->58
[31.176s][info][gc,heap     ] GC(78) Humongous regions: 207->207
[31.176s][info][gc,metaspace] GC(78) Metaspace: 55432K(55744K)->55432K(55744K) NonClass: 49838K(50048K)->49838K(50048K) Class: 5593K(5696K)->5593K(5696K)
[31.176s][info][gc          ] GC(78) Pause Young (Concurrent Start) (G1 Evacuation Pause) 493M->268M(524M) 6.221ms
[31.176s][info][gc          ] GC(79) Concurrent Mark Cycle
[31.176s][info][gc,marking  ] GC(79) Concurrent Scan Root Regions
[31.176s][info][gc,cpu      ] GC(78) User=0.01s Sys=0.00s Real=0.01s
[31.180s][info][gc,marking  ] GC(79) Concurrent Scan Root Regions 4.085ms
[31.180s][info][gc,marking  ] GC(79) Concurrent Mark
[31.180s][info][gc,marking  ] GC(79) Concurrent Mark From Roots
[31.180s][info][gc,task     ] GC(79) Using 1 workers of 1 for marking
[31.236s][info][gc,marking  ] GC(79) Concurrent Mark From Roots 56.002ms
[31.236s][info][gc,marking  ] GC(79) Concurrent Preclean
[31.236s][info][gc,marking  ] GC(79) Concurrent Preclean 0.061ms
[31.236s][info][gc,start    ] GC(79) Pause Remark
[31.244s][info][gc          ] GC(79) Pause Remark 293M->293M(524M) 7.626ms
[31.244s][info][gc,cpu      ] GC(79) User=0.01s Sys=0.00s Real=0.01s
[31.244s][info][gc,marking  ] GC(79) Concurrent Mark 64.058ms
[31.244s][info][gc,marking  ] GC(79) Concurrent Rebuild Remembered Sets and Scrub Regions
[31.269s][info][gc,marking  ] GC(79) Concurrent Rebuild Remembered Sets and Scrub Regions 24.168ms
[31.269s][info][gc,start    ] GC(79) Pause Cleanup
[31.269s][info][gc          ] GC(79) Pause Cleanup 306M->306M(524M) 0.068ms
[31.269s][info][gc,cpu      ] GC(79) User=0.00s Sys=0.00s Real=0.00s
[31.269s][info][gc,marking  ] GC(79) Concurrent Clear Claimed Marks
[31.269s][info][gc,marking  ] GC(79) Concurrent Clear Claimed Marks 0.082ms
[31.269s][info][gc,marking  ] GC(79) Concurrent Cleanup for Next Mark
[31.271s][info][gc,marking  ] GC(79) Concurrent Cleanup for Next Mark 1.759ms
[31.271s][info][gc          ] GC(79) Concurrent Mark Cycle 94.636ms
[31.693s][info][gc,start    ] GC(80) Pause Young (Prepare Mixed) (G1 Evacuation Pause)
[31.693s][info][gc,task     ] GC(80) Using 2 workers of 2 for evacuation
[31.698s][info][gc,phases   ] GC(80)   Pre Evacuate Collection Set: 0.25ms
[31.698s][info][gc,phases   ] GC(80)   Merge Heap Roots: 0.11ms
[31.698s][info][gc,phases   ] GC(80)   Evacuate Collection Set: 3.32ms
[31.698s][info][gc,phases   ] GC(80)   Post Evacuate Collection Set: 0.51ms
[31.698s][info][gc,phases   ] GC(80)   Other: 0.09ms
[31.698s][info][gc,heap     ] GC(80) Eden regions: 224->0(227)
[31.698s][info][gc,heap     ] GC(80) Survivor regions: 4->2(29)
[31.698s][info][gc,heap     ] GC(80) Old regions: 58->59
[31.698s][info][gc,heap     ] GC(80) Humongous regions: 207->207
[31.698s][info][gc,metaspace] GC(80) Metaspace: 55432K(55744K)->55432K(55744K) NonClass: 49838K(50048K)->49838K(50048K) Class: 5593K(5696K)->5593K(5696K)
[31.698s][info][gc          ] GC(80) Pause Young (Prepare Mixed) (G1 Evacuation Pause) 492M->266M(524M) 4.446ms
[31.698s][info][gc,cpu      ] GC(80) User=0.00s Sys=0.00s Real=0.00s
[32.274s][info][gc,start    ] GC(81) Pause Young (Mixed) (G1 Evacuation Pause)
[32.274s][info][gc,task     ] GC(81) Using 2 workers of 2 for evacuation
[32.279s][info][gc,phases   ] GC(81)   Pre Evacuate Collection Set: 0.25ms
[32.279s][info][gc,phases   ] GC(81)   Merge Heap Roots: 0.10ms
[32.279s][info][gc,phases   ] GC(81)   Evacuate Collection Set: 4.11ms
[32.279s][info][gc,phases   ] GC(81)   Post Evacuate Collection Set: 0.52ms
[32.279s][info][gc,phases   ] GC(81)   Other: 0.09ms
[32.279s][info][gc,heap     ] GC(81) Eden regions: 227->0(226)
[32.279s][info][gc,heap     ] GC(81) Survivor regions: 2->3(29)
[32.279s][info][gc,heap     ] GC(81) Old regions: 59->58
[32.279s][info][gc,heap     ] GC(81) Humongous regions: 207->207
[32.279s][info][gc,metaspace] GC(81) Metaspace: 55432K(55744K)->55432K(55744K) NonClass: 49838K(50048K)->49838K(50048K) Class: 5593K(5696K)->5593K(5696K)
[32.279s][info][gc          ] GC(81) Pause Young (Mixed) (G1 Evacuation Pause) 493M->267M(524M) 5.245ms
[32.279s][info][gc,cpu      ] GC(81) User=0.01s Sys=0.00s Real=0.00s
[32.799s][info][gc,start    ] GC(82) Pause Young (Concurrent Start) (G1 Evacuation Pause)
[32.799s][info][gc,task     ] GC(82) Using 2 workers of 2 for evacuation
[32.803s][info][gc,phases   ] GC(82)   Pre Evacuate Collection Set: 0.28ms
[32.803s][info][gc,phases   ] GC(82)   Merge Heap Roots: 0.11ms
[32.803s][info][gc,phases   ] GC(82)   Evacuate Collection Set: 2.91ms
[32.803s][info][gc,phases   ] GC(82)   Post Evacuate Collection Set: 0.49ms
[32.803s][info][gc,phases   ] GC(82)   Other: 0.13ms
[32.803s][info][gc,heap     ] GC(82) Eden regions: 226->0(230)
[32.803s][info][gc,heap     ] GC(82) Survivor regions: 3->1(29)
[32.803s][info][gc,heap     ] GC(82) Old regions: 58->58
[32.803s][info][gc,heap     ] GC(82) Humongous regions: 207->207
[32.803s][info][gc,metaspace] GC(82) Metaspace: 55432K(55744K)->55432K(55744K) NonClass: 49838K(50048K)->49838K(50048K) Class: 5593K(5696K)->5593K(5696K)
[32.803s][info][gc          ] GC(82) Pause Young (Concurrent Start) (G1 Evacuation Pause) 493M->265M(524M) 4.097ms
[32.803s][info][gc,cpu      ] GC(82) User=0.01s Sys=0.00s Real=0.01s
[32.803s][info][gc          ] GC(83) Concurrent Mark Cycle
[32.803s][info][gc,marking  ] GC(83) Concurrent Scan Root Regions
[32.808s][info][gc,marking  ] GC(83) Concurrent Scan Root Regions 4.825ms
[32.808s][info][gc,marking  ] GC(83) Concurrent Mark
[32.808s][info][gc,marking  ] GC(83) Concurrent Mark From Roots
[32.808s][info][gc,task     ] GC(83) Using 1 workers of 1 for marking
[32.846s][info][gc,marking  ] GC(83) Concurrent Mark From Roots 38.436ms
[32.846s][info][gc,marking  ] GC(83) Concurrent Preclean
[32.846s][info][gc,marking  ] GC(83) Concurrent Preclean 0.057ms
[32.846s][info][gc,start    ] GC(83) Pause Remark
[32.855s][info][gc          ] GC(83) Pause Remark 268M->268M(524M) 8.381ms
[32.855s][info][gc,cpu      ] GC(83) User=0.01s Sys=0.00s Real=0.01s
[32.855s][info][gc,marking  ] GC(83) Concurrent Mark 47.119ms
[32.855s][info][gc,marking  ] GC(83) Concurrent Rebuild Remembered Sets and Scrub Regions
[32.872s][info][gc,marking  ] GC(83) Concurrent Rebuild Remembered Sets and Scrub Regions 17.082ms
[32.872s][info][gc,start    ] GC(83) Pause Cleanup
[32.872s][info][gc          ] GC(83) Pause Cleanup 279M->279M(524M) 0.067ms
[32.872s][info][gc,cpu      ] GC(83) User=0.00s Sys=0.00s Real=0.00s
[32.873s][info][gc,marking  ] GC(83) Concurrent Clear Claimed Marks
[32.873s][info][gc,marking  ] GC(83) Concurrent Clear Claimed Marks 0.090ms
[32.873s][info][gc,marking  ] GC(83) Concurrent Cleanup for Next Mark
[32.875s][info][gc,marking  ] GC(83) Concurrent Cleanup for Next Mark 1.926ms
[32.875s][info][gc          ] GC(83) Concurrent Mark Cycle 72.523ms
[33.393s][info][gc,start    ] GC(84) Pause Young (Prepare Mixed) (G1 Evacuation Pause)
[33.393s][info][gc,task     ] GC(84) Using 2 workers of 2 for evacuation
[33.399s][info][gc,phases   ] GC(84)   Pre Evacuate Collection Set: 0.29ms
[33.399s][info][gc,phases   ] GC(84)   Merge Heap Roots: 0.12ms
[33.399s][info][gc,phases   ] GC(84)   Evacuate Collection Set: 5.22ms
[33.399s][info][gc,phases   ] GC(84)   Post Evacuate Collection Set: 0.56ms
[33.399s][info][gc,phases   ] GC(84)   Other: 0.09ms
[33.399s][info][gc,heap     ] GC(84) Eden regions: 230->0(226)
[33.399s][info][gc,heap     ] GC(84) Survivor regions: 1->3(29)
[33.399s][info][gc,heap     ] GC(84) Old regions: 58->58
[33.399s][info][gc,heap     ] GC(84) Humongous regions: 207->207
[33.399s][info][gc,metaspace] GC(84) Metaspace: 55432K(55744K)->55432K(55744K) NonClass: 49838K(50048K)->49838K(50048K) Class: 5593K(5696K)->5593K(5696K)
[33.399s][info][gc          ] GC(84) Pause Young (Prepare Mixed) (G1 Evacuation Pause) 495M->267M(524M) 6.439ms
[33.399s][info][gc,cpu      ] GC(84) User=0.02s Sys=0.00s Real=0.00s
[33.966s][info][gc,start    ] GC(85) Pause Young (Mixed) (G1 Evacuation Pause)
[33.966s][info][gc,task     ] GC(85) Using 2 workers of 2 for evacuation
[33.972s][info][gc,phases   ] GC(85)   Pre Evacuate Collection Set: 0.25ms
[33.972s][info][gc,phases   ] GC(85)   Merge Heap Roots: 0.10ms
[33.972s][info][gc,phases   ] GC(85)   Evacuate Collection Set: 5.81ms
[33.972s][info][gc,phases   ] GC(85)   Post Evacuate Collection Set: 0.54ms
[33.972s][info][gc,phases   ] GC(85)   Other: 0.07ms
[33.972s][info][gc,heap     ] GC(85) Eden regions: 226->0(226)
[33.972s][info][gc,heap     ] GC(85) Survivor regions: 3->3(29)
[33.972s][info][gc,heap     ] GC(85) Old regions: 58->58
[33.972s][info][gc,heap     ] GC(85) Humongous regions: 207->207
[33.972s][info][gc,metaspace] GC(85) Metaspace: 55432K(55744K)->55432K(55744K) NonClass: 49838K(50048K)->49838K(50048K) Class: 5593K(5696K)->5593K(5696K)
[33.973s][info][gc          ] GC(85) Pause Young (Mixed) (G1 Evacuation Pause) 493M->267M(524M) 6.936ms
[33.973s][info][gc,cpu      ] GC(85) User=0.02s Sys=0.00s Real=0.01s
[34.565s][info][gc,start    ] GC(86) Pause Young (Concurrent Start) (G1 Evacuation Pause)
[34.565s][info][gc,task     ] GC(86) Using 2 workers of 2 for evacuation
[34.572s][info][gc,phases   ] GC(86)   Pre Evacuate Collection Set: 0.28ms
[34.572s][info][gc,phases   ] GC(86)   Merge Heap Roots: 0.11ms
[34.572s][info][gc,phases   ] GC(86)   Evacuate Collection Set: 6.30ms
[34.572s][info][gc,phases   ] GC(86)   Post Evacuate Collection Set: 0.52ms
[34.572s][info][gc,phases   ] GC(86)   Other: 0.11ms
[34.572s][info][gc,heap     ] GC(86) Eden regions: 226->0(222)
[34.572s][info][gc,heap     ] GC(86) Survivor regions: 3->5(29)
[34.572s][info][gc,heap     ] GC(86) Old regions: 58->58
[34.572s][info][gc,heap     ] GC(86) Humongous regions: 207->207
[34.572s][info][gc,metaspace] GC(86) Metaspace: 55435K(55744K)->55435K(55744K) NonClass: 49841K(50048K)->49841K(50048K) Class: 5593K(5696K)->5593K(5696K)
[34.572s][info][gc          ] GC(86) Pause Young (Concurrent Start) (G1 Evacuation Pause) 493M->269M(524M) 7.509ms
[34.572s][info][gc          ] GC(87) Concurrent Mark Cycle
[34.572s][info][gc,marking  ] GC(87) Concurrent Scan Root Regions
[34.573s][info][gc,cpu      ] GC(86) User=0.01s Sys=0.00s Real=0.01s
[34.581s][info][gc,marking  ] GC(87) Concurrent Scan Root Regions 9.109ms
[34.581s][info][gc,marking  ] GC(87) Concurrent Mark
[34.581s][info][gc,marking  ] GC(87) Concurrent Mark From Roots
[34.581s][info][gc,task     ] GC(87) Using 1 workers of 1 for marking
[34.636s][info][gc,marking  ] GC(87) Concurrent Mark From Roots 54.845ms
[34.636s][info][gc,marking  ] GC(87) Concurrent Preclean
[34.636s][info][gc,marking  ] GC(87) Concurrent Preclean 0.064ms
[34.636s][info][gc,start    ] GC(87) Pause Remark
[34.644s][info][gc          ] GC(87) Pause Remark 304M->304M(524M) 7.343ms
[34.644s][info][gc,cpu      ] GC(87) User=0.01s Sys=0.00s Real=0.01s
[34.644s][info][gc,marking  ] GC(87) Concurrent Mark 62.771ms
[34.644s][info][gc,marking  ] GC(87) Concurrent Rebuild Remembered Sets and Scrub Regions
[34.661s][info][gc,marking  ] GC(87) Concurrent Rebuild Remembered Sets and Scrub Regions 16.425ms
[34.661s][info][gc,start    ] GC(87) Pause Cleanup
[34.661s][info][gc          ] GC(87) Pause Cleanup 310M->310M(524M) 0.062ms
[34.661s][info][gc,cpu      ] GC(87) User=0.00s Sys=0.00s Real=0.00s
[34.661s][info][gc,marking  ] GC(87) Concurrent Clear Claimed Marks
[34.661s][info][gc,marking  ] GC(87) Concurrent Clear Claimed Marks 0.083ms
[34.661s][info][gc,marking  ] GC(87) Concurrent Cleanup for Next Mark
[34.663s][info][gc,marking  ] GC(87) Concurrent Cleanup for Next Mark 1.574ms
[34.663s][info][gc          ] GC(87) Concurrent Mark Cycle 90.350ms
[35.068s][info][gc,start    ] GC(88) Pause Young (Prepare Mixed) (G1 Evacuation Pause)
[35.068s][info][gc,task     ] GC(88) Using 2 workers of 2 for evacuation
[35.073s][info][gc,phases   ] GC(88)   Pre Evacuate Collection Set: 0.25ms
[35.073s][info][gc,phases   ] GC(88)   Merge Heap Roots: 0.12ms
[35.073s][info][gc,phases   ] GC(88)   Evacuate Collection Set: 3.86ms
[35.073s][info][gc,phases   ] GC(88)   Post Evacuate Collection Set: 0.53ms
[35.073s][info][gc,phases   ] GC(88)   Other: 0.10ms
[35.073s][info][gc,heap     ] GC(88) Eden regions: 222->0(226)
[35.073s][info][gc,heap     ] GC(88) Survivor regions: 5->3(29)
[35.073s][info][gc,heap     ] GC(88) Old regions: 58->58
[35.073s][info][gc,heap     ] GC(88) Humongous regions: 207->207
[35.073s][info][gc,metaspace] GC(88) Metaspace: 55435K(55744K)->55435K(55744K) NonClass: 49841K(50048K)->49841K(50048K) Class: 5593K(5696K)->5593K(5696K)
[35.073s][info][gc          ] GC(88) Pause Young (Prepare Mixed) (G1 Evacuation Pause) 491M->267M(524M) 5.013ms
[35.073s][info][gc,cpu      ] GC(88) User=0.01s Sys=0.00s Real=0.01s
[35.693s][info][gc,start    ] GC(89) Pause Young (Mixed) (G1 Evacuation Pause)
[35.693s][info][gc,task     ] GC(89) Using 2 workers of 2 for evacuation
[35.699s][info][gc,phases   ] GC(89)   Pre Evacuate Collection Set: 0.26ms
[35.699s][info][gc,phases   ] GC(89)   Merge Heap Roots: 0.11ms
[35.699s][info][gc,phases   ] GC(89)   Evacuate Collection Set: 4.73ms
[35.699s][info][gc,phases   ] GC(89)   Post Evacuate Collection Set: 0.55ms
[35.699s][info][gc,phases   ] GC(89)   Other: 0.09ms
[35.699s][info][gc,heap     ] GC(89) Eden regions: 226->0(228)
[35.699s][info][gc,heap     ] GC(89) Survivor regions: 3->2(29)
[35.699s][info][gc,heap     ] GC(89) Old regions: 58->58
[35.699s][info][gc,heap     ] GC(89) Humongous regions: 207->207
[35.699s][info][gc,metaspace] GC(89) Metaspace: 55435K(55744K)->55435K(55744K) NonClass: 49841K(50048K)->49841K(50048K) Class: 5593K(5696K)->5593K(5696K)
[35.699s][info][gc          ] GC(89) Pause Young (Mixed) (G1 Evacuation Pause) 493M->265M(524M) 5.925ms
[35.699s][info][gc,cpu      ] GC(89) User=0.01s Sys=0.00s Real=0.00s
[36.182s][info][gc,start    ] GC(90) Pause Young (Concurrent Start) (G1 Evacuation Pause)
[36.182s][info][gc,task     ] GC(90) Using 2 workers of 2 for evacuation
[36.191s][info][gc,phases   ] GC(90)   Pre Evacuate Collection Set: 1.03ms
[36.191s][info][gc,phases   ] GC(90)   Merge Heap Roots: 0.11ms
[36.191s][info][gc,phases   ] GC(90)   Evacuate Collection Set: 6.74ms
[36.191s][info][gc,phases   ] GC(90)   Post Evacuate Collection Set: 0.53ms
[36.191s][info][gc,phases   ] GC(90)   Other: 0.09ms
[36.191s][info][gc,heap     ] GC(90) Eden regions: 228->0(226)
[36.191s][info][gc,heap     ] GC(90) Survivor regions: 2->3(29)
[36.191s][info][gc,heap     ] GC(90) Old regions: 58->58
[36.191s][info][gc,heap     ] GC(90) Humongous regions: 207->207
[36.191s][info][gc,metaspace] GC(90) Metaspace: 55436K(55744K)->55436K(55744K) NonClass: 49842K(50048K)->49842K(50048K) Class: 5593K(5696K)->5593K(5696K)
[36.191s][info][gc          ] GC(90) Pause Young (Concurrent Start) (G1 Evacuation Pause) 493M->266M(524M) 8.662ms
[36.191s][info][gc,cpu      ] GC(90) User=0.01s Sys=0.00s Real=0.00s
[36.191s][info][gc          ] GC(91) Concurrent Mark Cycle
[36.191s][info][gc,marking  ] GC(91) Concurrent Scan Root Regions
[36.196s][info][gc,marking  ] GC(91) Concurrent Scan Root Regions 5.180ms
[36.196s][info][gc,marking  ] GC(91) Concurrent Mark
[36.196s][info][gc,marking  ] GC(91) Concurrent Mark From Roots
[36.196s][info][gc,task     ] GC(91) Using 1 workers of 1 for marking
[36.281s][info][gc,marking  ] GC(91) Concurrent Mark From Roots 84.913ms
[36.281s][info][gc,marking  ] GC(91) Concurrent Preclean
[36.281s][info][gc,marking  ] GC(91) Concurrent Preclean 0.094ms
[36.281s][info][gc,start    ] GC(91) Pause Remark
[36.290s][info][gc          ] GC(91) Pause Remark 298M->298M(524M) 8.752ms
[36.290s][info][gc,cpu      ] GC(91) User=0.02s Sys=0.00s Real=0.00s
[36.293s][info][gc,marking  ] GC(91) Concurrent Mark 96.977ms
[36.293s][info][gc,marking  ] GC(91) Concurrent Rebuild Remembered Sets and Scrub Regions
[36.332s][info][gc,marking  ] GC(91) Concurrent Rebuild Remembered Sets and Scrub Regions 39.256ms
[36.333s][info][gc,start    ] GC(91) Pause Cleanup
[36.333s][info][gc          ] GC(91) Pause Cleanup 316M->316M(524M) 0.079ms
[36.333s][info][gc,cpu      ] GC(91) User=0.00s Sys=0.00s Real=0.00s
[36.333s][info][gc,marking  ] GC(91) Concurrent Clear Claimed Marks
[36.333s][info][gc,marking  ] GC(91) Concurrent Clear Claimed Marks 0.092ms
[36.333s][info][gc,marking  ] GC(91) Concurrent Cleanup for Next Mark
[36.334s][info][gc,marking  ] GC(91) Concurrent Cleanup for Next Mark 1.574ms
[36.334s][info][gc          ] GC(91) Concurrent Mark Cycle 143.696ms
[36.833s][info][gc,start    ] GC(92) Pause Young (Prepare Mixed) (G1 Evacuation Pause)
[36.833s][info][gc,task     ] GC(92) Using 2 workers of 2 for evacuation
[36.837s][info][gc,phases   ] GC(92)   Pre Evacuate Collection Set: 0.24ms
[36.837s][info][gc,phases   ] GC(92)   Merge Heap Roots: 0.11ms
[36.837s][info][gc,phases   ] GC(92)   Evacuate Collection Set: 3.01ms
[36.837s][info][gc,phases   ] GC(92)   Post Evacuate Collection Set: 0.53ms
[36.837s][info][gc,phases   ] GC(92)   Other: 0.07ms
[36.837s][info][gc,heap     ] GC(92) Eden regions: 226->0(228)
[36.837s][info][gc,heap     ] GC(92) Survivor regions: 3->2(29)
[36.837s][info][gc,heap     ] GC(92) Old regions: 58->58
[36.837s][info][gc,heap     ] GC(92) Humongous regions: 207->207
[36.837s][info][gc,metaspace] GC(92) Metaspace: 55458K(55744K)->55458K(55744K) NonClass: 49862K(50048K)->49862K(50048K) Class: 5595K(5696K)->5595K(5696K)
[36.837s][info][gc          ] GC(92) Pause Young (Prepare Mixed) (G1 Evacuation Pause) 492M->265M(524M) 4.129ms
[36.837s][info][gc,cpu      ] GC(92) User=0.00s Sys=0.00s Real=0.00s
[37.298s][info][gc,start    ] GC(93) Pause Young (Mixed) (G1 Evacuation Pause)
[37.298s][info][gc,task     ] GC(93) Using 2 workers of 2 for evacuation
[37.302s][info][gc,phases   ] GC(93)   Pre Evacuate Collection Set: 0.25ms
[37.302s][info][gc,phases   ] GC(93)   Merge Heap Roots: 0.10ms
[37.302s][info][gc,phases   ] GC(93)   Evacuate Collection Set: 3.60ms
[37.302s][info][gc,phases   ] GC(93)   Post Evacuate Collection Set: 0.55ms
[37.303s][info][gc,phases   ] GC(93)   Other: 0.07ms
[37.303s][info][gc,heap     ] GC(93) Eden regions: 228->0(228)
[37.303s][info][gc,heap     ] GC(93) Survivor regions: 2->2(29)
[37.303s][info][gc,heap     ] GC(93) Old regions: 58->58
[37.303s][info][gc,heap     ] GC(93) Humongous regions: 207->207
[37.303s][info][gc,metaspace] GC(93) Metaspace: 55458K(55744K)->55458K(55744K) NonClass: 49862K(50048K)->49862K(50048K) Class: 5595K(5696K)->5595K(5696K)
[37.303s][info][gc          ] GC(93) Pause Young (Mixed) (G1 Evacuation Pause) 493M->265M(524M) 4.732ms
[37.303s][info][gc,cpu      ] GC(93) User=0.01s Sys=0.00s Real=0.01s
[37.875s][info][gc,start    ] GC(94) Pause Young (Concurrent Start) (G1 Evacuation Pause)
[37.875s][info][gc,task     ] GC(94) Using 2 workers of 2 for evacuation
[37.881s][info][gc,phases   ] GC(94)   Pre Evacuate Collection Set: 0.28ms
[37.881s][info][gc,phases   ] GC(94)   Merge Heap Roots: 0.11ms
[37.881s][info][gc,phases   ] GC(94)   Evacuate Collection Set: 5.04ms
[37.881s][info][gc,phases   ] GC(94)   Post Evacuate Collection Set: 0.50ms
[37.881s][info][gc,phases   ] GC(94)   Other: 0.09ms
[37.881s][info][gc,heap     ] GC(94) Eden regions: 228->0(226)
[37.881s][info][gc,heap     ] GC(94) Survivor regions: 2->3(29)
[37.881s][info][gc,heap     ] GC(94) Old regions: 58->58
[37.881s][info][gc,heap     ] GC(94) Humongous regions: 207->207
[37.881s][info][gc,metaspace] GC(94) Metaspace: 55458K(55744K)->55458K(55744K) NonClass: 49862K(50048K)->49862K(50048K) Class: 5595K(5696K)->5595K(5696K)
[37.881s][info][gc          ] GC(94) Pause Young (Concurrent Start) (G1 Evacuation Pause) 493M->267M(524M) 6.178ms
[37.881s][info][gc          ] GC(95) Concurrent Mark Cycle
[37.881s][info][gc,marking  ] GC(95) Concurrent Scan Root Regions
[37.881s][info][gc,cpu      ] GC(94) User=0.01s Sys=0.00s Real=0.00s
[37.886s][info][gc,marking  ] GC(95) Concurrent Scan Root Regions 4.842ms
[37.886s][info][gc,marking  ] GC(95) Concurrent Mark
[37.886s][info][gc,marking  ] GC(95) Concurrent Mark From Roots
[37.886s][info][gc,task     ] GC(95) Using 1 workers of 1 for marking
[37.927s][info][gc,marking  ] GC(95) Concurrent Mark From Roots 41.385ms
[37.927s][info][gc,marking  ] GC(95) Concurrent Preclean
[37.927s][info][gc,marking  ] GC(95) Concurrent Preclean 0.064ms
[37.927s][info][gc,start    ] GC(95) Pause Remark
[37.935s][info][gc          ] GC(95) Pause Remark 282M->282M(524M) 7.273ms
[37.935s][info][gc,cpu      ] GC(95) User=0.02s Sys=0.00s Real=0.01s
[37.935s][info][gc,marking  ] GC(95) Concurrent Mark 48.991ms
[37.935s][info][gc,marking  ] GC(95) Concurrent Rebuild Remembered Sets and Scrub Regions
[37.950s][info][gc,marking  ] GC(95) Concurrent Rebuild Remembered Sets and Scrub Regions 15.302ms
[37.950s][info][gc,start    ] GC(95) Pause Cleanup
[37.950s][info][gc          ] GC(95) Pause Cleanup 282M->282M(524M) 0.041ms
[37.950s][info][gc,cpu      ] GC(95) User=0.00s Sys=0.00s Real=0.00s
[37.951s][info][gc,marking  ] GC(95) Concurrent Clear Claimed Marks
[37.951s][info][gc,marking  ] GC(95) Concurrent Clear Claimed Marks 0.095ms
[37.951s][info][gc,marking  ] GC(95) Concurrent Cleanup for Next Mark
[37.955s][info][gc,marking  ] GC(95) Concurrent Cleanup for Next Mark 3.798ms
[37.955s][info][gc          ] GC(95) Concurrent Mark Cycle 74.334ms
[38.457s][info][gc,start    ] GC(96) Pause Young (Prepare Mixed) (G1 Evacuation Pause)
[38.457s][info][gc,task     ] GC(96) Using 2 workers of 2 for evacuation
[38.461s][info][gc,phases   ] GC(96)   Pre Evacuate Collection Set: 0.28ms
[38.461s][info][gc,phases   ] GC(96)   Merge Heap Roots: 0.12ms
[38.461s][info][gc,phases   ] GC(96)   Evacuate Collection Set: 3.49ms
[38.461s][info][gc,phases   ] GC(96)   Post Evacuate Collection Set: 0.52ms
[38.461s][info][gc,phases   ] GC(96)   Other: 0.09ms
[38.461s][info][gc,heap     ] GC(96) Eden regions: 226->0(226)
[38.461s][info][gc,heap     ] GC(96) Survivor regions: 3->3(29)
[38.461s][info][gc,heap     ] GC(96) Old regions: 58->58
[38.461s][info][gc,heap     ] GC(96) Humongous regions: 207->207
[38.461s][info][gc,metaspace] GC(96) Metaspace: 55458K(55744K)->55458K(55744K) NonClass: 49862K(50048K)->49862K(50048K) Class: 5595K(5696K)->5595K(5696K)
[38.461s][info][gc          ] GC(96) Pause Young (Prepare Mixed) (G1 Evacuation Pause) 493M->266M(524M) 4.689ms
[38.461s][info][gc,cpu      ] GC(96) User=0.01s Sys=0.00s Real=0.01s
[38.986s][info][gc,start    ] GC(97) Pause Young (Mixed) (G1 Evacuation Pause)
[38.986s][info][gc,task     ] GC(97) Using 2 workers of 2 for evacuation
[38.993s][info][gc,phases   ] GC(97)   Pre Evacuate Collection Set: 0.24ms
[38.994s][info][gc,phases   ] GC(97)   Merge Heap Roots: 0.10ms
[38.994s][info][gc,phases   ] GC(97)   Evacuate Collection Set: 6.19ms
[38.994s][info][gc,phases   ] GC(97)   Post Evacuate Collection Set: 0.67ms
[38.994s][info][gc,phases   ] GC(97)   Other: 0.07ms
[38.994s][info][gc,heap     ] GC(97) Eden regions: 226->0(226)
[38.994s][info][gc,heap     ] GC(97) Survivor regions: 3->3(29)
[38.994s][info][gc,heap     ] GC(97) Old regions: 58->58
[38.994s][info][gc,heap     ] GC(97) Humongous regions: 207->207
[38.994s][info][gc,metaspace] GC(97) Metaspace: 55458K(55744K)->55458K(55744K) NonClass: 49862K(50048K)->49862K(50048K) Class: 5595K(5696K)->5595K(5696K)
[38.994s][info][gc          ] GC(97) Pause Young (Mixed) (G1 Evacuation Pause) 492M->267M(524M) 7.476ms
[38.994s][info][gc,cpu      ] GC(97) User=0.01s Sys=0.00s Real=0.01s
[39.565s][info][gc,start    ] GC(98) Pause Young (Concurrent Start) (G1 Evacuation Pause)
[39.565s][info][gc,task     ] GC(98) Using 2 workers of 2 for evacuation
[39.570s][info][gc,phases   ] GC(98)   Pre Evacuate Collection Set: 0.28ms
[39.570s][info][gc,phases   ] GC(98)   Merge Heap Roots: 0.10ms
[39.570s][info][gc,phases   ] GC(98)   Evacuate Collection Set: 4.12ms
[39.570s][info][gc,phases   ] GC(98)   Post Evacuate Collection Set: 0.50ms
[39.570s][info][gc,phases   ] GC(98)   Other: 0.12ms
[39.570s][info][gc,heap     ] GC(98) Eden regions: 226->0(226)
[39.570s][info][gc,heap     ] GC(98) Survivor regions: 3->3(29)
[39.570s][info][gc,heap     ] GC(98) Old regions: 58->58
[39.570s][info][gc,heap     ] GC(98) Humongous regions: 207->207
[39.570s][info][gc,metaspace] GC(98) Metaspace: 55458K(55744K)->55458K(55744K) NonClass: 49863K(50048K)->49863K(50048K) Class: 5595K(5696K)->5595K(5696K)
[39.570s][info][gc          ] GC(98) Pause Young (Concurrent Start) (G1 Evacuation Pause) 493M->266M(524M) 5.298ms
[39.570s][info][gc,cpu      ] GC(98) User=0.01s Sys=0.00s Real=0.00s
[39.570s][info][gc          ] GC(99) Concurrent Mark Cycle
[39.572s][info][gc,marking  ] GC(99) Concurrent Scan Root Regions
[39.579s][info][gc,marking  ] GC(99) Concurrent Scan Root Regions 7.348ms
[39.579s][info][gc,marking  ] GC(99) Concurrent Mark
[39.579s][info][gc,marking  ] GC(99) Concurrent Mark From Roots
[39.579s][info][gc,task     ] GC(99) Using 1 workers of 1 for marking
[39.642s][info][gc,marking  ] GC(99) Concurrent Mark From Roots 63.025ms
[39.642s][info][gc,marking  ] GC(99) Concurrent Preclean
[39.643s][info][gc,marking  ] GC(99) Concurrent Preclean 0.088ms
[39.643s][info][gc,start    ] GC(99) Pause Remark
[39.671s][info][gc          ] GC(99) Pause Remark 281M->281M(524M) 27.897ms
[39.671s][info][gc,cpu      ] GC(99) User=0.02s Sys=0.00s Real=0.02s
[39.672s][info][gc,marking  ] GC(99) Concurrent Mark 92.374ms
[39.672s][info][gc,marking  ] GC(99) Concurrent Rebuild Remembered Sets and Scrub Regions
[39.696s][info][gc,marking  ] GC(99) Concurrent Rebuild Remembered Sets and Scrub Regions 24.386ms
[39.696s][info][gc,start    ] GC(99) Pause Cleanup
[39.696s][info][gc          ] GC(99) Pause Cleanup 282M->282M(524M) 0.081ms
[39.696s][info][gc,cpu      ] GC(99) User=0.00s Sys=0.00s Real=0.00s
[39.696s][info][gc,marking  ] GC(99) Concurrent Clear Claimed Marks
[39.697s][info][gc,marking  ] GC(99) Concurrent Clear Claimed Marks 0.092ms
[39.697s][info][gc,marking  ] GC(99) Concurrent Cleanup for Next Mark
[39.698s][info][gc,marking  ] GC(99) Concurrent Cleanup for Next Mark 1.771ms
[39.698s][info][gc          ] GC(99) Concurrent Mark Cycle 128.074ms
[40.096s][info][gc,start    ] GC(100) Pause Young (Prepare Mixed) (G1 Evacuation Pause)
[40.096s][info][gc,task     ] GC(100) Using 2 workers of 2 for evacuation
[40.102s][info][gc,phases   ] GC(100)   Pre Evacuate Collection Set: 0.34ms
[40.102s][info][gc,phases   ] GC(100)   Merge Heap Roots: 0.16ms
[40.102s][info][gc,phases   ] GC(100)   Evacuate Collection Set: 5.01ms
[40.102s][info][gc,phases   ] GC(100)   Post Evacuate Collection Set: 0.52ms
[40.102s][info][gc,phases   ] GC(100)   Other: 0.10ms
[40.102s][info][gc,heap     ] GC(100) Eden regions: 226->0(228)
[40.102s][info][gc,heap     ] GC(100) Survivor regions: 3->2(29)
[40.102s][info][gc,heap     ] GC(100) Old regions: 58->58
[40.102s][info][gc,heap     ] GC(100) Humongous regions: 207->207
[40.102s][info][gc,metaspace] GC(100) Metaspace: 55458K(55744K)->55458K(55744K) NonClass: 49863K(50048K)->49863K(50048K) Class: 5595K(5696K)->5595K(5696K)
[40.102s][info][gc          ] GC(100) Pause Young (Prepare Mixed) (G1 Evacuation Pause) 492M->266M(524M) 6.307ms
[40.102s][info][gc,cpu      ] GC(100) User=0.00s Sys=0.00s Real=0.01s
[40.680s][info][gc,start    ] GC(101) Pause Young (Mixed) (G1 Evacuation Pause)
[40.680s][info][gc,task     ] GC(101) Using 2 workers of 2 for evacuation
[40.688s][info][gc,phases   ] GC(101)   Pre Evacuate Collection Set: 0.26ms
[40.688s][info][gc,phases   ] GC(101)   Merge Heap Roots: 0.10ms
[40.688s][info][gc,phases   ] GC(101)   Evacuate Collection Set: 6.94ms
[40.688s][info][gc,phases   ] GC(101)   Post Evacuate Collection Set: 0.60ms
[40.688s][info][gc,phases   ] GC(101)   Other: 0.10ms
[40.688s][info][gc,heap     ] GC(101) Eden regions: 228->0(224)
[40.688s][info][gc,heap     ] GC(101) Survivor regions: 2->4(29)
[40.688s][info][gc,heap     ] GC(101) Old regions: 58->58
[40.688s][info][gc,heap     ] GC(101) Humongous regions: 207->207
[40.688s][info][gc,metaspace] GC(101) Metaspace: 55458K(55744K)->55458K(55744K) NonClass: 49863K(50048K)->49863K(50048K) Class: 5595K(5696K)->5595K(5696K)
[40.688s][info][gc          ] GC(101) Pause Young (Mixed) (G1 Evacuation Pause) 494M->267M(524M) 8.174ms
[40.688s][info][gc,cpu      ] GC(101) User=0.01s Sys=0.00s Real=0.01s
[41.255s][info][gc,start    ] GC(102) Pause Young (Concurrent Start) (G1 Evacuation Pause)
[41.255s][info][gc,task     ] GC(102) Using 2 workers of 2 for evacuation
[41.259s][info][gc,phases   ] GC(102)   Pre Evacuate Collection Set: 0.30ms
[41.259s][info][gc,phases   ] GC(102)   Merge Heap Roots: 0.09ms
[41.259s][info][gc,phases   ] GC(102)   Evacuate Collection Set: 2.85ms
[41.259s][info][gc,phases   ] GC(102)   Post Evacuate Collection Set: 0.54ms
[41.259s][info][gc,phases   ] GC(102)   Other: 0.12ms
[41.259s][info][gc,heap     ] GC(102) Eden regions: 224->0(228)
[41.259s][info][gc,heap     ] GC(102) Survivor regions: 4->2(29)
[41.259s][info][gc,heap     ] GC(102) Old regions: 58->58
[41.259s][info][gc,heap     ] GC(102) Humongous regions: 207->207
[41.259s][info][gc,metaspace] GC(102) Metaspace: 55461K(55744K)->55461K(55744K) NonClass: 49865K(50048K)->49865K(50048K) Class: 5595K(5696K)->5595K(5696K)
[41.259s][info][gc          ] GC(102) Pause Young (Concurrent Start) (G1 Evacuation Pause) 491M->265M(524M) 4.038ms
[41.259s][info][gc,cpu      ] GC(102) User=0.00s Sys=0.00s Real=0.00s
[41.259s][info][gc          ] GC(103) Concurrent Mark Cycle
[41.259s][info][gc,marking  ] GC(103) Concurrent Scan Root Regions
[41.263s][info][gc,marking  ] GC(103) Concurrent Scan Root Regions 4.573ms
[41.263s][info][gc,marking  ] GC(103) Concurrent Mark
[41.263s][info][gc,marking  ] GC(103) Concurrent Mark From Roots
[41.263s][info][gc,task     ] GC(103) Using 1 workers of 1 for marking
[41.323s][info][gc,marking  ] GC(103) Concurrent Mark From Roots 59.059ms
[41.323s][info][gc,marking  ] GC(103) Concurrent Preclean
[41.323s][info][gc,marking  ] GC(103) Concurrent Preclean 0.066ms
[41.323s][info][gc,start    ] GC(103) Pause Remark
[41.330s][info][gc          ] GC(103) Pause Remark 302M->302M(524M) 7.096ms
[41.330s][info][gc,cpu      ] GC(103) User=0.01s Sys=0.00s Real=0.00s
[41.330s][info][gc,marking  ] GC(103) Concurrent Mark 66.451ms
[41.330s][info][gc,marking  ] GC(103) Concurrent Rebuild Remembered Sets and Scrub Regions
[41.345s][info][gc,marking  ] GC(103) Concurrent Rebuild Remembered Sets and Scrub Regions 15.565ms
[41.346s][info][gc,start    ] GC(103) Pause Cleanup
[41.346s][info][gc          ] GC(103) Pause Cleanup 302M->302M(524M) 0.042ms
[41.346s][info][gc,cpu      ] GC(103) User=0.00s Sys=0.00s Real=0.00s
[41.346s][info][gc,marking  ] GC(103) Concurrent Clear Claimed Marks
[41.346s][info][gc,marking  ] GC(103) Concurrent Clear Claimed Marks 0.075ms
[41.346s][info][gc,marking  ] GC(103) Concurrent Cleanup for Next Mark
[41.347s][info][gc,marking  ] GC(103) Concurrent Cleanup for Next Mark 1.521ms
[41.347s][info][gc          ] GC(103) Concurrent Mark Cycle 88.446ms
[41.787s][info][gc,start    ] GC(104) Pause Young (Prepare Mixed) (G1 Evacuation Pause)
[41.787s][info][gc,task     ] GC(104) Using 2 workers of 2 for evacuation
[41.792s][info][gc,phases   ] GC(104)   Pre Evacuate Collection Set: 0.26ms
[41.792s][info][gc,phases   ] GC(104)   Merge Heap Roots: 0.11ms
[41.792s][info][gc,phases   ] GC(104)   Evacuate Collection Set: 4.41ms
[41.792s][info][gc,phases   ] GC(104)   Post Evacuate Collection Set: 0.53ms
[41.792s][info][gc,phases   ] GC(104)   Other: 0.07ms
[41.792s][info][gc,heap     ] GC(104) Eden regions: 228->0(224)
[41.792s][info][gc,heap     ] GC(104) Survivor regions: 2->4(29)
[41.792s][info][gc,heap     ] GC(104) Old regions: 58->58
[41.792s][info][gc,heap     ] GC(104) Humongous regions: 207->207
[41.792s][info][gc,metaspace] GC(104) Metaspace: 55461K(55744K)->55461K(55744K) NonClass: 49865K(50048K)->49865K(50048K) Class: 5595K(5696K)->5595K(5696K)
[41.792s][info][gc          ] GC(104) Pause Young (Prepare Mixed) (G1 Evacuation Pause) 493M->267M(524M) 5.553ms
[41.792s][info][gc,cpu      ] GC(104) User=0.01s Sys=0.00s Real=0.01s
[42.359s][info][gc,start    ] GC(105) Pause Young (Mixed) (G1 Evacuation Pause)
[42.359s][info][gc,task     ] GC(105) Using 2 workers of 2 for evacuation
[42.364s][info][gc,phases   ] GC(105)   Pre Evacuate Collection Set: 0.25ms
[42.364s][info][gc,phases   ] GC(105)   Merge Heap Roots: 0.10ms
[42.364s][info][gc,phases   ] GC(105)   Evacuate Collection Set: 4.31ms
[42.364s][info][gc,phases   ] GC(105)   Post Evacuate Collection Set: 0.51ms
[42.364s][info][gc,phases   ] GC(105)   Other: 0.09ms
[42.364s][info][gc,heap     ] GC(105) Eden regions: 224->0(226)
[42.364s][info][gc,heap     ] GC(105) Survivor regions: 4->3(29)
[42.364s][info][gc,heap     ] GC(105) Old regions: 58->58
[42.364s][info][gc,heap     ] GC(105) Humongous regions: 207->207
[42.364s][info][gc,metaspace] GC(105) Metaspace: 55461K(55744K)->55461K(55744K) NonClass: 49865K(50048K)->49865K(50048K) Class: 5595K(5696K)->5595K(5696K)
[42.364s][info][gc          ] GC(105) Pause Young (Mixed) (G1 Evacuation Pause) 491M->266M(524M) 5.428ms
[42.364s][info][gc,cpu      ] GC(105) User=0.01s Sys=0.00s Real=0.01s
[42.888s][info][gc,start    ] GC(106) Pause Young (Concurrent Start) (G1 Evacuation Pause)
[42.888s][info][gc,task     ] GC(106) Using 2 workers of 2 for evacuation
[42.894s][info][gc,phases   ] GC(106)   Pre Evacuate Collection Set: 0.29ms
[42.894s][info][gc,phases   ] GC(106)   Merge Heap Roots: 0.10ms
[42.894s][info][gc,phases   ] GC(106)   Evacuate Collection Set: 4.68ms
[42.894s][info][gc,phases   ] GC(106)   Post Evacuate Collection Set: 0.51ms
[42.894s][info][gc,phases   ] GC(106)   Other: 0.10ms
[42.894s][info][gc,heap     ] GC(106) Eden regions: 226->0(226)
[42.894s][info][gc,heap     ] GC(106) Survivor regions: 3->3(29)
[42.894s][info][gc,heap     ] GC(106) Old regions: 58->58
[42.894s][info][gc,heap     ] GC(106) Humongous regions: 207->207
[42.894s][info][gc,metaspace] GC(106) Metaspace: 55461K(55744K)->55461K(55744K) NonClass: 49865K(50048K)->49865K(50048K) Class: 5595K(5696K)->5595K(5696K)
[42.894s][info][gc          ] GC(106) Pause Young (Concurrent Start) (G1 Evacuation Pause) 492M->266M(524M) 5.855ms
[42.894s][info][gc,cpu      ] GC(106) User=0.01s Sys=0.00s Real=0.01s
[42.894s][info][gc          ] GC(107) Concurrent Mark Cycle
[42.894s][info][gc,marking  ] GC(107) Concurrent Scan Root Regions
[42.898s][info][gc,marking  ] GC(107) Concurrent Scan Root Regions 4.245ms
[42.898s][info][gc,marking  ] GC(107) Concurrent Mark
[42.898s][info][gc,marking  ] GC(107) Concurrent Mark From Roots
[42.898s][info][gc,task     ] GC(107) Using 1 workers of 1 for marking
[42.940s][info][gc,marking  ] GC(107) Concurrent Mark From Roots 41.528ms
[42.940s][info][gc,marking  ] GC(107) Concurrent Preclean
[42.940s][info][gc,marking  ] GC(107) Concurrent Preclean 0.061ms
[42.940s][info][gc,start    ] GC(107) Pause Remark
[42.947s][info][gc          ] GC(107) Pause Remark 276M->276M(524M) 7.217ms
[42.947s][info][gc,cpu      ] GC(107) User=0.01s Sys=0.00s Real=0.01s
[42.947s][info][gc,marking  ] GC(107) Concurrent Mark 49.186ms
[42.947s][info][gc,marking  ] GC(107) Concurrent Rebuild Remembered Sets and Scrub Regions
[42.964s][info][gc,marking  ] GC(107) Concurrent Rebuild Remembered Sets and Scrub Regions 16.554ms
[42.964s][info][gc,start    ] GC(107) Pause Cleanup
[42.964s][info][gc          ] GC(107) Pause Cleanup 285M->285M(524M) 0.058ms
[42.964s][info][gc,cpu      ] GC(107) User=0.00s Sys=0.00s Real=0.00s
[42.964s][info][gc,marking  ] GC(107) Concurrent Clear Claimed Marks
[42.964s][info][gc,marking  ] GC(107) Concurrent Clear Claimed Marks 0.077ms
[42.964s][info][gc,marking  ] GC(107) Concurrent Cleanup for Next Mark
[42.966s][info][gc,marking  ] GC(107) Concurrent Cleanup for Next Mark 1.594ms
[42.966s][info][gc          ] GC(107) Concurrent Mark Cycle 72.007ms
[43.466s][info][gc,start    ] GC(108) Pause Young (Prepare Mixed) (G1 Evacuation Pause)
[43.466s][info][gc,task     ] GC(108) Using 2 workers of 2 for evacuation
[43.471s][info][gc,phases   ] GC(108)   Pre Evacuate Collection Set: 0.25ms
[43.472s][info][gc,phases   ] GC(108)   Merge Heap Roots: 0.11ms
[43.472s][info][gc,phases   ] GC(108)   Evacuate Collection Set: 4.33ms
[43.472s][info][gc,phases   ] GC(108)   Post Evacuate Collection Set: 0.52ms
[43.472s][info][gc,phases   ] GC(108)   Other: 0.07ms
[43.472s][info][gc,heap     ] GC(108) Eden regions: 226->0(226)
[43.472s][info][gc,heap     ] GC(108) Survivor regions: 3->3(29)
[43.472s][info][gc,heap     ] GC(108) Old regions: 58->58
[43.472s][info][gc,heap     ] GC(108) Humongous regions: 207->207
[43.472s][info][gc,metaspace] GC(108) Metaspace: 55461K(55744K)->55461K(55744K) NonClass: 49865K(50048K)->49865K(50048K) Class: 5595K(5696K)->5595K(5696K)
[43.472s][info][gc          ] GC(108) Pause Young (Prepare Mixed) (G1 Evacuation Pause) 492M->266M(524M) 5.432ms
[43.472s][info][gc,cpu      ] GC(108) User=0.01s Sys=0.00s Real=0.01s
[44.010s][info][gc,start    ] GC(109) Pause Young (Mixed) (G1 Evacuation Pause)
[44.010s][info][gc,task     ] GC(109) Using 2 workers of 2 for evacuation
[44.014s][info][gc,phases   ] GC(109)   Pre Evacuate Collection Set: 0.26ms
[44.014s][info][gc,phases   ] GC(109)   Merge Heap Roots: 0.09ms
[44.014s][info][gc,phases   ] GC(109)   Evacuate Collection Set: 3.30ms
[44.014s][info][gc,phases   ] GC(109)   Post Evacuate Collection Set: 0.53ms
[44.014s][info][gc,phases   ] GC(109)   Other: 0.10ms
[44.014s][info][gc,heap     ] GC(109) Eden regions: 226->0(228)
[44.014s][info][gc,heap     ] GC(109) Survivor regions: 3->2(29)
[44.014s][info][gc,heap     ] GC(109) Old regions: 58->58
[44.014s][info][gc,heap     ] GC(109) Humongous regions: 207->207
[44.014s][info][gc,metaspace] GC(109) Metaspace: 55461K(55744K)->55461K(55744K) NonClass: 49865K(50048K)->49865K(50048K) Class: 5595K(5696K)->5595K(5696K)
[44.014s][info][gc          ] GC(109) Pause Young (Mixed) (G1 Evacuation Pause) 492M->265M(524M) 4.462ms
[44.015s][info][gc,cpu      ] GC(109) User=0.01s Sys=0.00s Real=0.01s
[44.577s][info][gc,start    ] GC(110) Pause Young (Concurrent Start) (G1 Evacuation Pause)
[44.577s][info][gc,task     ] GC(110) Using 2 workers of 2 for evacuation
[44.584s][info][gc,phases   ] GC(110)   Pre Evacuate Collection Set: 0.27ms
[44.584s][info][gc,phases   ] GC(110)   Merge Heap Roots: 0.10ms
[44.584s][info][gc,phases   ] GC(110)   Evacuate Collection Set: 5.32ms
[44.584s][info][gc,phases   ] GC(110)   Post Evacuate Collection Set: 0.51ms
[44.584s][info][gc,phases   ] GC(110)   Other: 0.09ms
[44.584s][info][gc,heap     ] GC(110) Eden regions: 228->0(224)
[44.584s][info][gc,heap     ] GC(110) Survivor regions: 2->4(29)
[44.584s][info][gc,heap     ] GC(110) Old regions: 58->58
[44.584s][info][gc,heap     ] GC(110) Humongous regions: 207->207
[44.584s][info][gc,metaspace] GC(110) Metaspace: 55461K(55744K)->55461K(55744K) NonClass: 49865K(50048K)->49865K(50048K) Class: 5595K(5696K)->5595K(5696K)
[44.584s][info][gc          ] GC(110) Pause Young (Concurrent Start) (G1 Evacuation Pause) 493M->267M(524M) 6.459ms
[44.584s][info][gc,cpu      ] GC(110) User=0.01s Sys=0.00s Real=0.01s
[44.584s][info][gc          ] GC(111) Concurrent Mark Cycle
[44.585s][info][gc,marking  ] GC(111) Concurrent Scan Root Regions
[44.592s][info][gc,marking  ] GC(111) Concurrent Scan Root Regions 7.900ms
[44.592s][info][gc,marking  ] GC(111) Concurrent Mark
[44.592s][info][gc,marking  ] GC(111) Concurrent Mark From Roots
[44.592s][info][gc,task     ] GC(111) Using 1 workers of 1 for marking
[44.637s][info][gc,marking  ] GC(111) Concurrent Mark From Roots 44.152ms
[44.637s][info][gc,marking  ] GC(111) Concurrent Preclean
[44.637s][info][gc,marking  ] GC(111) Concurrent Preclean 0.060ms
[44.637s][info][gc,start    ] GC(111) Pause Remark
[44.644s][info][gc          ] GC(111) Pause Remark 284M->284M(524M) 6.979ms
[44.644s][info][gc,cpu      ] GC(111) User=0.01s Sys=0.00s Real=0.01s
[44.644s][info][gc,marking  ] GC(111) Concurrent Mark 51.686ms
[44.644s][info][gc,marking  ] GC(111) Concurrent Rebuild Remembered Sets and Scrub Regions
[44.671s][info][gc,marking  ] GC(111) Concurrent Rebuild Remembered Sets and Scrub Regions 26.722ms
[44.671s][info][gc,start    ] GC(111) Pause Cleanup
[44.671s][info][gc          ] GC(111) Pause Cleanup 300M->300M(524M) 0.071ms
[44.671s][info][gc,cpu      ] GC(111) User=0.00s Sys=0.00s Real=0.00s
[44.672s][info][gc,marking  ] GC(111) Concurrent Clear Claimed Marks
[44.672s][info][gc,marking  ] GC(111) Concurrent Clear Claimed Marks 0.090ms
[44.672s][info][gc,marking  ] GC(111) Concurrent Cleanup for Next Mark
[44.676s][info][gc,marking  ] GC(111) Concurrent Cleanup for Next Mark 4.348ms
[44.676s][info][gc          ] GC(111) Concurrent Mark Cycle 92.372ms
[45.156s][info][gc,start    ] GC(112) Pause Young (Prepare Mixed) (G1 Evacuation Pause)
[45.156s][info][gc,task     ] GC(112) Using 2 workers of 2 for evacuation
[45.160s][info][gc,phases   ] GC(112)   Pre Evacuate Collection Set: 0.24ms
[45.160s][info][gc,phases   ] GC(112)   Merge Heap Roots: 0.12ms
[45.160s][info][gc,phases   ] GC(112)   Evacuate Collection Set: 3.21ms
[45.160s][info][gc,phases   ] GC(112)   Post Evacuate Collection Set: 0.51ms
[45.160s][info][gc,phases   ] GC(112)   Other: 0.11ms
[45.160s][info][gc,heap     ] GC(112) Eden regions: 224->0(228)
[45.160s][info][gc,heap     ] GC(112) Survivor regions: 4->2(29)
[45.160s][info][gc,heap     ] GC(112) Old regions: 58->58
[45.160s][info][gc,heap     ] GC(112) Humongous regions: 207->207
[45.160s][info][gc,metaspace] GC(112) Metaspace: 55461K(55744K)->55461K(55744K) NonClass: 49865K(50048K)->49865K(50048K) Class: 5595K(5696K)->5595K(5696K)
[45.160s][info][gc          ] GC(112) Pause Young (Prepare Mixed) (G1 Evacuation Pause) 491M->266M(524M) 4.359ms
[45.160s][info][gc,cpu      ] GC(112) User=0.01s Sys=0.01s Real=0.00s
[45.691s][info][gc,start    ] GC(113) Pause Young (Mixed) (G1 Evacuation Pause)
[45.691s][info][gc,task     ] GC(113) Using 2 workers of 2 for evacuation
[45.696s][info][gc,phases   ] GC(113)   Pre Evacuate Collection Set: 0.25ms
[45.696s][info][gc,phases   ] GC(113)   Merge Heap Roots: 0.09ms
[45.696s][info][gc,phases   ] GC(113)   Evacuate Collection Set: 4.49ms
[45.696s][info][gc,phases   ] GC(113)   Post Evacuate Collection Set: 0.50ms
[45.696s][info][gc,phases   ] GC(113)   Other: 0.11ms
[45.696s][info][gc,heap     ] GC(113) Eden regions: 228->0(226)
[45.696s][info][gc,heap     ] GC(113) Survivor regions: 2->3(29)
[45.696s][info][gc,heap     ] GC(113) Old regions: 58->58
[45.696s][info][gc,heap     ] GC(113) Humongous regions: 207->207
[45.696s][info][gc,metaspace] GC(113) Metaspace: 55461K(55744K)->55461K(55744K) NonClass: 49865K(50048K)->49865K(50048K) Class: 5595K(5696K)->5595K(5696K)
[45.696s][info][gc          ] GC(113) Pause Young (Mixed) (G1 Evacuation Pause) 494M->267M(524M) 5.621ms
[45.696s][info][gc,cpu      ] GC(113) User=0.01s Sys=0.00s Real=0.01s
[46.263s][info][gc,start    ] GC(114) Pause Young (Concurrent Start) (G1 Evacuation Pause)
[46.264s][info][gc,task     ] GC(114) Using 2 workers of 2 for evacuation
[46.269s][info][gc,phases   ] GC(114)   Pre Evacuate Collection Set: 0.27ms
[46.269s][info][gc,phases   ] GC(114)   Merge Heap Roots: 0.10ms
[46.269s][info][gc,phases   ] GC(114)   Evacuate Collection Set: 4.09ms
[46.269s][info][gc,phases   ] GC(114)   Post Evacuate Collection Set: 0.52ms
[46.269s][info][gc,phases   ] GC(114)   Other: 0.11ms
[46.269s][info][gc,heap     ] GC(114) Eden regions: 226->0(226)
[46.269s][info][gc,heap     ] GC(114) Survivor regions: 3->3(29)
[46.269s][info][gc,heap     ] GC(114) Old regions: 58->58
[46.269s][info][gc,heap     ] GC(114) Humongous regions: 207->207
[46.269s][info][gc,metaspace] GC(114) Metaspace: 55461K(55744K)->55461K(55744K) NonClass: 49865K(50048K)->49865K(50048K) Class: 5595K(5696K)->5595K(5696K)
[46.269s][info][gc          ] GC(114) Pause Young (Concurrent Start) (G1 Evacuation Pause) 493M->266M(524M) 5.266ms
[46.269s][info][gc,cpu      ] GC(114) User=0.01s Sys=0.00s Real=0.00s
[46.269s][info][gc          ] GC(115) Concurrent Mark Cycle
[46.269s][info][gc,marking  ] GC(115) Concurrent Scan Root Regions
[46.276s][info][gc,marking  ] GC(115) Concurrent Scan Root Regions 7.600ms
[46.276s][info][gc,marking  ] GC(115) Concurrent Mark
[46.276s][info][gc,marking  ] GC(115) Concurrent Mark From Roots
[46.276s][info][gc,task     ] GC(115) Using 1 workers of 1 for marking
[46.331s][info][gc,marking  ] GC(115) Concurrent Mark From Roots 54.275ms
[46.331s][info][gc,marking  ] GC(115) Concurrent Preclean
[46.331s][info][gc,marking  ] GC(115) Concurrent Preclean 0.058ms
[46.331s][info][gc,start    ] GC(115) Pause Remark
[46.338s][info][gc          ] GC(115) Pause Remark 293M->293M(524M) 7.001ms
[46.338s][info][gc,cpu      ] GC(115) User=0.02s Sys=0.00s Real=0.01s
[46.339s][info][gc,marking  ] GC(115) Concurrent Mark 62.122ms
[46.339s][info][gc,marking  ] GC(115) Concurrent Rebuild Remembered Sets and Scrub Regions
[46.357s][info][gc,marking  ] GC(115) Concurrent Rebuild Remembered Sets and Scrub Regions 18.847ms
[46.358s][info][gc,start    ] GC(115) Pause Cleanup
[46.358s][info][gc          ] GC(115) Pause Cleanup 299M->299M(524M) 0.048ms
[46.358s][info][gc,cpu      ] GC(115) User=0.00s Sys=0.00s Real=0.00s
[46.358s][info][gc,marking  ] GC(115) Concurrent Clear Claimed Marks
[46.358s][info][gc,marking  ] GC(115) Concurrent Clear Claimed Marks 0.728ms
[46.358s][info][gc,marking  ] GC(115) Concurrent Cleanup for Next Mark
[46.360s][info][gc,marking  ] GC(115) Concurrent Cleanup for Next Mark 1.708ms
[46.360s][info][gc          ] GC(115) Concurrent Mark Cycle 91.330ms
[46.793s][info][gc,start    ] GC(116) Pause Young (Prepare Mixed) (G1 Evacuation Pause)
[46.793s][info][gc,task     ] GC(116) Using 2 workers of 2 for evacuation
[46.797s][info][gc,phases   ] GC(116)   Pre Evacuate Collection Set: 0.26ms
[46.797s][info][gc,phases   ] GC(116)   Merge Heap Roots: 0.11ms
[46.797s][info][gc,phases   ] GC(116)   Evacuate Collection Set: 3.51ms
[46.797s][info][gc,phases   ] GC(116)   Post Evacuate Collection Set: 0.50ms
[46.797s][info][gc,phases   ] GC(116)   Other: 0.07ms
[46.797s][info][gc,heap     ] GC(116) Eden regions: 226->0(228)
[46.798s][info][gc,heap     ] GC(116) Survivor regions: 3->2(29)
[46.798s][info][gc,heap     ] GC(116) Old regions: 58->58
[46.798s][info][gc,heap     ] GC(116) Humongous regions: 207->207
[46.798s][info][gc,metaspace] GC(116) Metaspace: 55461K(55744K)->55461K(55744K) NonClass: 49865K(50048K)->49865K(50048K) Class: 5595K(5696K)->5595K(5696K)
[46.798s][info][gc          ] GC(116) Pause Young (Prepare Mixed) (G1 Evacuation Pause) 492M->266M(524M) 4.640ms
[46.798s][info][gc,cpu      ] GC(116) User=0.01s Sys=0.00s Real=0.00s
[47.370s][info][gc,start    ] GC(117) Pause Young (Mixed) (G1 Evacuation Pause)
[47.370s][info][gc,task     ] GC(117) Using 2 workers of 2 for evacuation
[47.378s][info][gc,phases   ] GC(117)   Pre Evacuate Collection Set: 0.26ms
[47.378s][info][gc,phases   ] GC(117)   Merge Heap Roots: 0.12ms
[47.378s][info][gc,phases   ] GC(117)   Evacuate Collection Set: 6.18ms
[47.378s][info][gc,phases   ] GC(117)   Post Evacuate Collection Set: 0.59ms
[47.378s][info][gc,phases   ] GC(117)   Other: 0.08ms
[47.378s][info][gc,heap     ] GC(117) Eden regions: 228->0(226)
[47.378s][info][gc,heap     ] GC(117) Survivor regions: 2->3(29)
[47.378s][info][gc,heap     ] GC(117) Old regions: 58->58
[47.378s][info][gc,heap     ] GC(117) Humongous regions: 207->207
[47.378s][info][gc,metaspace] GC(117) Metaspace: 55461K(55744K)->55461K(55744K) NonClass: 49865K(50048K)->49865K(50048K) Class: 5595K(5696K)->5595K(5696K)
[47.378s][info][gc          ] GC(117) Pause Young (Mixed) (G1 Evacuation Pause) 494M->266M(524M) 7.385ms
[47.378s][info][gc,cpu      ] GC(117) User=0.01s Sys=0.00s Real=0.01s
[47.953s][info][gc,start    ] GC(118) Pause Young (Concurrent Start) (G1 Evacuation Pause)
[47.953s][info][gc,task     ] GC(118) Using 2 workers of 2 for evacuation
[47.957s][info][gc,phases   ] GC(118)   Pre Evacuate Collection Set: 0.26ms
[47.957s][info][gc,phases   ] GC(118)   Merge Heap Roots: 0.09ms
[47.957s][info][gc,phases   ] GC(118)   Evacuate Collection Set: 2.64ms
[47.957s][info][gc,phases   ] GC(118)   Post Evacuate Collection Set: 0.52ms
[47.957s][info][gc,phases   ] GC(118)   Other: 0.12ms
[47.957s][info][gc,heap     ] GC(118) Eden regions: 226->0(230)
[47.957s][info][gc,heap     ] GC(118) Survivor regions: 3->1(29)
[47.957s][info][gc,heap     ] GC(118) Old regions: 58->58
[47.957s][info][gc,heap     ] GC(118) Humongous regions: 207->207
[47.957s][info][gc,metaspace] GC(118) Metaspace: 55461K(55744K)->55461K(55744K) NonClass: 49865K(50048K)->49865K(50048K) Class: 5595K(5696K)->5595K(5696K)
[47.957s][info][gc          ] GC(118) Pause Young (Concurrent Start) (G1 Evacuation Pause) 492M->265M(524M) 3.791ms
[47.957s][info][gc          ] GC(119) Concurrent Mark Cycle
[47.957s][info][gc,marking  ] GC(119) Concurrent Scan Root Regions
[47.957s][info][gc,cpu      ] GC(118) User=0.01s Sys=0.00s Real=0.00s
[47.962s][info][gc,marking  ] GC(119) Concurrent Scan Root Regions 4.441ms
[47.962s][info][gc,marking  ] GC(119) Concurrent Mark
[47.962s][info][gc,marking  ] GC(119) Concurrent Mark From Roots
[47.962s][info][gc,task     ] GC(119) Using 1 workers of 1 for marking
[48.011s][info][gc,marking  ] GC(119) Concurrent Mark From Roots 49.580ms
[48.011s][info][gc,marking  ] GC(119) Concurrent Preclean
[48.011s][info][gc,marking  ] GC(119) Concurrent Preclean 0.058ms
[48.011s][info][gc,start    ] GC(119) Pause Remark
[48.018s][info][gc          ] GC(119) Pause Remark 298M->298M(524M) 7.101ms
[48.019s][info][gc,cpu      ] GC(119) User=0.01s Sys=0.00s Real=0.00s
[48.019s][info][gc,marking  ] GC(119) Concurrent Mark 57.734ms
[48.019s][info][gc,marking  ] GC(119) Concurrent Rebuild Remembered Sets and Scrub Regions
[48.036s][info][gc,marking  ] GC(119) Concurrent Rebuild Remembered Sets and Scrub Regions 16.596ms
[48.036s][info][gc,start    ] GC(119) Pause Cleanup
[48.036s][info][gc          ] GC(119) Pause Cleanup 300M->300M(524M) 0.051ms
[48.036s][info][gc,cpu      ] GC(119) User=0.00s Sys=0.00s Real=0.00s
[48.036s][info][gc,marking  ] GC(119) Concurrent Clear Claimed Marks
[48.036s][info][gc,marking  ] GC(119) Concurrent Clear Claimed Marks 0.080ms
[48.036s][info][gc,marking  ] GC(119) Concurrent Cleanup for Next Mark
[48.038s][info][gc,marking  ] GC(119) Concurrent Cleanup for Next Mark 1.515ms
[48.038s][info][gc          ] GC(119) Concurrent Mark Cycle 80.670ms
[48.482s][info][gc,start    ] GC(120) Pause Young (Prepare Mixed) (G1 Evacuation Pause)
[48.482s][info][gc,task     ] GC(120) Using 2 workers of 2 for evacuation
[48.488s][info][gc,phases   ] GC(120)   Pre Evacuate Collection Set: 0.30ms
[48.488s][info][gc,phases   ] GC(120)   Merge Heap Roots: 0.12ms
[48.488s][info][gc,phases   ] GC(120)   Evacuate Collection Set: 4.60ms
[48.488s][info][gc,phases   ] GC(120)   Post Evacuate Collection Set: 0.55ms
[48.488s][info][gc,phases   ] GC(120)   Other: 0.07ms
[48.488s][info][gc,heap     ] GC(120) Eden regions: 230->0(226)
[48.488s][info][gc,heap     ] GC(120) Survivor regions: 1->3(29)
[48.488s][info][gc,heap     ] GC(120) Old regions: 58->58
[48.488s][info][gc,heap     ] GC(120) Humongous regions: 207->207
[48.488s][info][gc,metaspace] GC(120) Metaspace: 55461K(55744K)->55461K(55744K) NonClass: 49865K(50048K)->49865K(50048K) Class: 5595K(5696K)->5595K(5696K)
[48.488s][info][gc          ] GC(120) Pause Young (Prepare Mixed) (G1 Evacuation Pause) 495M->267M(524M) 5.814ms
[48.488s][info][gc,cpu      ] GC(120) User=0.01s Sys=0.00s Real=0.00s
[49.166s][info][gc,start    ] GC(121) Pause Young (Mixed) (G1 Evacuation Pause)
[49.166s][info][gc,task     ] GC(121) Using 2 workers of 2 for evacuation
[49.171s][info][gc,phases   ] GC(121)   Pre Evacuate Collection Set: 0.25ms
[49.171s][info][gc,phases   ] GC(121)   Merge Heap Roots: 0.11ms
[49.171s][info][gc,phases   ] GC(121)   Evacuate Collection Set: 4.23ms
[49.171s][info][gc,phases   ] GC(121)   Post Evacuate Collection Set: 0.51ms
[49.171s][info][gc,phases   ] GC(121)   Other: 0.09ms
[49.171s][info][gc,heap     ] GC(121) Eden regions: 226->0(224)
[49.171s][info][gc,heap     ] GC(121) Survivor regions: 3->4(29)
[49.171s][info][gc,heap     ] GC(121) Old regions: 58->58
[49.171s][info][gc,heap     ] GC(121) Humongous regions: 207->207
[49.171s][info][gc,metaspace] GC(121) Metaspace: 55462K(55744K)->55462K(55744K) NonClass: 49867K(50048K)->49867K(50048K) Class: 5595K(5696K)->5595K(5696K)
[49.171s][info][gc          ] GC(121) Pause Young (Mixed) (G1 Evacuation Pause) 493M->267M(524M) 5.365ms
[49.171s][info][gc,cpu      ] GC(121) User=0.01s Sys=0.00s Real=0.00s
[49.693s][info][gc,start    ] GC(122) Pause Young (Concurrent Start) (G1 Evacuation Pause)
[49.693s][info][gc,task     ] GC(122) Using 2 workers of 2 for evacuation
[49.698s][info][gc,phases   ] GC(122)   Pre Evacuate Collection Set: 0.30ms
[49.698s][info][gc,phases   ] GC(122)   Merge Heap Roots: 0.09ms
[49.698s][info][gc,phases   ] GC(122)   Evacuate Collection Set: 3.69ms
[49.698s][info][gc,phases   ] GC(122)   Post Evacuate Collection Set: 0.51ms
[49.698s][info][gc,phases   ] GC(122)   Other: 0.11ms
[49.698s][info][gc,heap     ] GC(122) Eden regions: 224->0(228)
[49.698s][info][gc,heap     ] GC(122) Survivor regions: 4->2(29)
[49.698s][info][gc,heap     ] GC(122) Old regions: 58->58
[49.698s][info][gc,heap     ] GC(122) Humongous regions: 207->207
[49.698s][info][gc,metaspace] GC(122) Metaspace: 55464K(55744K)->55464K(55744K) NonClass: 49868K(50048K)->49868K(50048K) Class: 5595K(5696K)->5595K(5696K)
[49.698s][info][gc          ] GC(122) Pause Young (Concurrent Start) (G1 Evacuation Pause) 491M->266M(524M) 4.871ms
[49.698s][info][gc,cpu      ] GC(122) User=0.01s Sys=0.00s Real=0.00s
[49.698s][info][gc          ] GC(123) Concurrent Mark Cycle
[49.698s][info][gc,marking  ] GC(123) Concurrent Scan Root Regions
[49.700s][info][gc,marking  ] GC(123) Concurrent Scan Root Regions 2.423ms
[49.700s][info][gc,marking  ] GC(123) Concurrent Mark
[49.700s][info][gc,marking  ] GC(123) Concurrent Mark From Roots
[49.700s][info][gc,task     ] GC(123) Using 1 workers of 1 for marking
[49.744s][info][gc,marking  ] GC(123) Concurrent Mark From Roots 43.751ms
[49.744s][info][gc,marking  ] GC(123) Concurrent Preclean
[49.744s][info][gc,marking  ] GC(123) Concurrent Preclean 0.055ms
[49.744s][info][gc,start    ] GC(123) Pause Remark
[49.751s][info][gc          ] GC(123) Pause Remark 273M->273M(524M) 7.065ms
[49.751s][info][gc,cpu      ] GC(123) User=0.01s Sys=0.00s Real=0.01s
[49.752s][info][gc,marking  ] GC(123) Concurrent Mark 52.173ms
[49.752s][info][gc,marking  ] GC(123) Concurrent Rebuild Remembered Sets and Scrub Regions
[49.784s][info][gc,marking  ] GC(123) Concurrent Rebuild Remembered Sets and Scrub Regions 31.973ms
[49.784s][info][gc,start    ] GC(123) Pause Cleanup
[49.785s][info][gc          ] GC(123) Pause Cleanup 299M->299M(524M) 0.060ms
[49.785s][info][gc,cpu      ] GC(123) User=0.00s Sys=0.00s Real=0.00s
[49.785s][info][gc,marking  ] GC(123) Concurrent Clear Claimed Marks
[49.785s][info][gc,marking  ] GC(123) Concurrent Clear Claimed Marks 0.080ms
[49.785s][info][gc,marking  ] GC(123) Concurrent Cleanup for Next Mark
[49.787s][info][gc,marking  ] GC(123) Concurrent Cleanup for Next Mark 2.209ms
[49.787s][info][gc          ] GC(123) Concurrent Mark Cycle 89.273ms
[50.270s][info][gc,start    ] GC(124) Pause Young (Prepare Mixed) (G1 Evacuation Pause)
[50.270s][info][gc,task     ] GC(124) Using 2 workers of 2 for evacuation
[50.275s][info][gc,phases   ] GC(124)   Pre Evacuate Collection Set: 0.25ms
[50.275s][info][gc,phases   ] GC(124)   Merge Heap Roots: 0.10ms
[50.275s][info][gc,phases   ] GC(124)   Evacuate Collection Set: 4.54ms
[50.275s][info][gc,phases   ] GC(124)   Post Evacuate Collection Set: 0.50ms
[50.275s][info][gc,phases   ] GC(124)   Other: 0.09ms
[50.275s][info][gc,heap     ] GC(124) Eden regions: 228->0(224)
[50.275s][info][gc,heap     ] GC(124) Survivor regions: 2->4(29)
[50.275s][info][gc,heap     ] GC(124) Old regions: 58->58
[50.276s][info][gc,heap     ] GC(124) Humongous regions: 207->207
[50.276s][info][gc,metaspace] GC(124) Metaspace: 55464K(55744K)->55464K(55744K) NonClass: 49868K(50048K)->49868K(50048K) Class: 5595K(5696K)->5595K(5696K)
[50.276s][info][gc          ] GC(124) Pause Young (Prepare Mixed) (G1 Evacuation Pause) 494M->267M(524M) 5.652ms
[50.276s][info][gc,cpu      ] GC(124) User=0.01s Sys=0.00s Real=0.01s
[50.853s][info][gc,start    ] GC(125) Pause Young (Mixed) (G1 Evacuation Pause)
[50.853s][info][gc,task     ] GC(125) Using 2 workers of 2 for evacuation
[50.857s][info][gc,phases   ] GC(125)   Pre Evacuate Collection Set: 0.24ms
[50.857s][info][gc,phases   ] GC(125)   Merge Heap Roots: 0.09ms
[50.857s][info][gc,phases   ] GC(125)   Evacuate Collection Set: 3.34ms
[50.857s][info][gc,phases   ] GC(125)   Post Evacuate Collection Set: 0.52ms
[50.857s][info][gc,phases   ] GC(125)   Other: 0.08ms
[50.857s][info][gc,heap     ] GC(125) Eden regions: 224->0(230)
[50.857s][info][gc,heap     ] GC(125) Survivor regions: 4->1(29)
[50.857s][info][gc,heap     ] GC(125) Old regions: 58->58
[50.857s][info][gc,heap     ] GC(125) Humongous regions: 207->207
[50.857s][info][gc,metaspace] GC(125) Metaspace: 55464K(55744K)->55464K(55744K) NonClass: 49868K(50048K)->49868K(50048K) Class: 5595K(5696K)->5595K(5696K)
[50.857s][info][gc          ] GC(125) Pause Young (Mixed) (G1 Evacuation Pause) 491M->265M(524M) 4.447ms
[50.857s][info][gc,cpu      ] GC(125) User=0.01s Sys=0.00s Real=0.00s
[51.460s][info][gc,start    ] GC(126) Pause Young (Concurrent Start) (G1 Evacuation Pause)
[51.460s][info][gc,task     ] GC(126) Using 2 workers of 2 for evacuation
[51.482s][info][gc,phases   ] GC(126)   Pre Evacuate Collection Set: 0.59ms
[51.482s][info][gc,phases   ] GC(126)   Merge Heap Roots: 0.09ms
[51.482s][info][gc,phases   ] GC(126)   Evacuate Collection Set: 18.90ms
[51.482s][info][gc,phases   ] GC(126)   Post Evacuate Collection Set: 2.70ms
[51.482s][info][gc,phases   ] GC(126)   Other: 0.17ms
[51.482s][info][gc,heap     ] GC(126) Eden regions: 230->0(226)
[51.482s][info][gc,heap     ] GC(126) Survivor regions: 1->3(29)
[51.482s][info][gc,heap     ] GC(126) Old regions: 58->58
[51.482s][info][gc,heap     ] GC(126) Humongous regions: 207->207
[51.482s][info][gc,metaspace] GC(126) Metaspace: 55468K(55744K)->55468K(55744K) NonClass: 49872K(50048K)->49872K(50048K) Class: 5595K(5696K)->5595K(5696K)
[51.482s][info][gc          ] GC(126) Pause Young (Concurrent Start) (G1 Evacuation Pause) 494M->266M(524M) 22.648ms
[51.482s][info][gc,cpu      ] GC(126) User=0.01s Sys=0.00s Real=0.03s
[51.484s][info][gc          ] GC(127) Concurrent Mark Cycle
[51.484s][info][gc,marking  ] GC(127) Concurrent Scan Root Regions
[51.487s][info][gc,marking  ] GC(127) Concurrent Scan Root Regions 3.476ms
[51.487s][info][gc,marking  ] GC(127) Concurrent Mark
[51.487s][info][gc,marking  ] GC(127) Concurrent Mark From Roots
[51.487s][info][gc,task     ] GC(127) Using 1 workers of 1 for marking
[51.540s][info][gc,marking  ] GC(127) Concurrent Mark From Roots 52.437ms
[51.540s][info][gc,marking  ] GC(127) Concurrent Preclean
[51.540s][info][gc,marking  ] GC(127) Concurrent Preclean 0.070ms
[51.540s][info][gc,start    ] GC(127) Pause Remark
[51.548s][info][gc          ] GC(127) Pause Remark 298M->298M(524M) 8.007ms
[51.548s][info][gc,cpu      ] GC(127) User=0.02s Sys=0.00s Real=0.01s
[51.548s][info][gc,marking  ] GC(127) Concurrent Mark 60.968ms
[51.548s][info][gc,marking  ] GC(127) Concurrent Rebuild Remembered Sets and Scrub Regions
[51.564s][info][gc,marking  ] GC(127) Concurrent Rebuild Remembered Sets and Scrub Regions 16.065ms
[51.565s][info][gc,start    ] GC(127) Pause Cleanup
[51.565s][info][gc          ] GC(127) Pause Cleanup 307M->307M(524M) 0.057ms
[51.565s][info][gc,cpu      ] GC(127) User=0.00s Sys=0.00s Real=0.00s
[51.565s][info][gc,marking  ] GC(127) Concurrent Clear Claimed Marks
[51.565s][info][gc,marking  ] GC(127) Concurrent Clear Claimed Marks 0.084ms
[51.565s][info][gc,marking  ] GC(127) Concurrent Cleanup for Next Mark
[51.566s][info][gc,marking  ] GC(127) Concurrent Cleanup for Next Mark 1.545ms
[51.566s][info][gc          ] GC(127) Concurrent Mark Cycle 82.518ms
[51.971s][info][gc,start    ] GC(128) Pause Young (Prepare Mixed) (G1 Evacuation Pause)
[51.971s][info][gc,task     ] GC(128) Using 2 workers of 2 for evacuation
[51.976s][info][gc,phases   ] GC(128)   Pre Evacuate Collection Set: 0.24ms
[51.976s][info][gc,phases   ] GC(128)   Merge Heap Roots: 0.12ms
[51.976s][info][gc,phases   ] GC(128)   Evacuate Collection Set: 3.64ms
[51.976s][info][gc,phases   ] GC(128)   Post Evacuate Collection Set: 0.51ms
[51.976s][info][gc,phases   ] GC(128)   Other: 0.09ms
[51.976s][info][gc,heap     ] GC(128) Eden regions: 226->0(228)
[51.976s][info][gc,heap     ] GC(128) Survivor regions: 3->2(29)
[51.976s][info][gc,heap     ] GC(128) Old regions: 58->58
[51.976s][info][gc,heap     ] GC(128) Humongous regions: 207->207
[51.976s][info][gc,metaspace] GC(128) Metaspace: 55468K(55744K)->55468K(55744K) NonClass: 49872K(50048K)->49872K(50048K) Class: 5595K(5696K)->5595K(5696K)
[51.976s][info][gc          ] GC(128) Pause Young (Prepare Mixed) (G1 Evacuation Pause) 492M->266M(524M) 4.778ms
[51.976s][info][gc,cpu      ] GC(128) User=0.01s Sys=0.00s Real=0.00s
[52.603s][info][gc,start    ] GC(129) Pause Young (Mixed) (G1 Evacuation Pause)
[52.604s][info][gc,task     ] GC(129) Using 2 workers of 2 for evacuation
[52.608s][info][gc,phases   ] GC(129)   Pre Evacuate Collection Set: 0.25ms
[52.608s][info][gc,phases   ] GC(129)   Merge Heap Roots: 0.11ms
[52.608s][info][gc,phases   ] GC(129)   Evacuate Collection Set: 3.66ms
[52.608s][info][gc,phases   ] GC(129)   Post Evacuate Collection Set: 0.56ms
[52.608s][info][gc,phases   ] GC(129)   Other: 0.07ms
[52.608s][info][gc,heap     ] GC(129) Eden regions: 228->0(228)
[52.608s][info][gc,heap     ] GC(129) Survivor regions: 2->2(29)
[52.608s][info][gc,heap     ] GC(129) Old regions: 58->58
[52.608s][info][gc,heap     ] GC(129) Humongous regions: 207->207
[52.608s][info][gc,metaspace] GC(129) Metaspace: 55468K(55744K)->55468K(55744K) NonClass: 49872K(50048K)->49872K(50048K) Class: 5595K(5696K)->5595K(5696K)
[52.608s][info][gc          ] GC(129) Pause Young (Mixed) (G1 Evacuation Pause) 494M->265M(524M) 4.814ms
[52.608s][info][gc,cpu      ] GC(129) User=0.01s Sys=0.00s Real=0.00s
[53.077s][info][gc,start    ] GC(130) Pause Young (Concurrent Start) (G1 Evacuation Pause)
[53.077s][info][gc,task     ] GC(130) Using 2 workers of 2 for evacuation
[53.082s][info][gc,phases   ] GC(130)   Pre Evacuate Collection Set: 0.27ms
[53.082s][info][gc,phases   ] GC(130)   Merge Heap Roots: 0.09ms
[53.082s][info][gc,phases   ] GC(130)   Evacuate Collection Set: 3.98ms
[53.082s][info][gc,phases   ] GC(130)   Post Evacuate Collection Set: 0.50ms
[53.082s][info][gc,phases   ] GC(130)   Other: 0.09ms
[53.082s][info][gc,heap     ] GC(130) Eden regions: 228->0(228)
[53.082s][info][gc,heap     ] GC(130) Survivor regions: 2->2(29)
[53.082s][info][gc,heap     ] GC(130) Old regions: 58->58
[53.082s][info][gc,heap     ] GC(130) Humongous regions: 207->207
[53.082s][info][gc,metaspace] GC(130) Metaspace: 55468K(55744K)->55468K(55744K) NonClass: 49872K(50048K)->49872K(50048K) Class: 5595K(5696K)->5595K(5696K)
[53.082s][info][gc          ] GC(130) Pause Young (Concurrent Start) (G1 Evacuation Pause) 493M->266M(524M) 5.131ms
[53.082s][info][gc,cpu      ] GC(130) User=0.01s Sys=0.00s Real=0.01s
[53.082s][info][gc          ] GC(131) Concurrent Mark Cycle
[53.082s][info][gc,marking  ] GC(131) Concurrent Scan Root Regions
[53.089s][info][gc,marking  ] GC(131) Concurrent Scan Root Regions 6.478ms
[53.089s][info][gc,marking  ] GC(131) Concurrent Mark
[53.089s][info][gc,marking  ] GC(131) Concurrent Mark From Roots
[53.089s][info][gc,task     ] GC(131) Using 1 workers of 1 for marking
[53.136s][info][gc,marking  ] GC(131) Concurrent Mark From Roots 46.839ms
[53.136s][info][gc,marking  ] GC(131) Concurrent Preclean
[53.136s][info][gc,marking  ] GC(131) Concurrent Preclean 0.054ms
[53.136s][info][gc,start    ] GC(131) Pause Remark
[53.143s][info][gc          ] GC(131) Pause Remark 283M->283M(524M) 7.084ms
[53.143s][info][gc,cpu      ] GC(131) User=0.02s Sys=0.00s Real=0.01s
[53.143s][info][gc,marking  ] GC(131) Concurrent Mark 54.636ms
[53.143s][info][gc,marking  ] GC(131) Concurrent Rebuild Remembered Sets and Scrub Regions
[53.171s][info][gc,marking  ] GC(131) Concurrent Rebuild Remembered Sets and Scrub Regions 28.021ms
[53.172s][info][gc,start    ] GC(131) Pause Cleanup
[53.172s][info][gc          ] GC(131) Pause Cleanup 297M->297M(524M) 0.067ms
[53.172s][info][gc,cpu      ] GC(131) User=0.00s Sys=0.00s Real=0.00s
[53.172s][info][gc,marking  ] GC(131) Concurrent Clear Claimed Marks
[53.172s][info][gc,marking  ] GC(131) Concurrent Clear Claimed Marks 0.087ms
[53.172s][info][gc,marking  ] GC(131) Concurrent Cleanup for Next Mark
[53.175s][info][gc,marking  ] GC(131) Concurrent Cleanup for Next Mark 3.200ms
[53.175s][info][gc          ] GC(131) Concurrent Mark Cycle 92.924ms
[53.665s][info][gc,start    ] GC(132) Pause Young (Prepare Mixed) (G1 Evacuation Pause)
[53.665s][info][gc,task     ] GC(132) Using 2 workers of 2 for evacuation
[53.670s][info][gc,phases   ] GC(132)   Pre Evacuate Collection Set: 0.25ms
[53.670s][info][gc,phases   ] GC(132)   Merge Heap Roots: 0.11ms
[53.670s][info][gc,phases   ] GC(132)   Evacuate Collection Set: 3.94ms
[53.670s][info][gc,phases   ] GC(132)   Post Evacuate Collection Set: 0.53ms
[53.670s][info][gc,phases   ] GC(132)   Other: 0.07ms
[53.670s][info][gc,heap     ] GC(132) Eden regions: 228->0(226)
[53.670s][info][gc,heap     ] GC(132) Survivor regions: 2->3(29)
[53.670s][info][gc,heap     ] GC(132) Old regions: 58->58
[53.670s][info][gc,heap     ] GC(132) Humongous regions: 207->207
[53.670s][info][gc,metaspace] GC(132) Metaspace: 55468K(55744K)->55468K(55744K) NonClass: 49872K(50048K)->49872K(50048K) Class: 5595K(5696K)->5595K(5696K)
[53.670s][info][gc          ] GC(132) Pause Young (Prepare Mixed) (G1 Evacuation Pause) 494M->266M(524M) 5.066ms
[53.670s][info][gc,cpu      ] GC(132) User=0.01s Sys=0.00s Real=0.00s
[54.188s][info][gc,start    ] GC(133) Pause Young (Mixed) (G1 Evacuation Pause)
[54.188s][info][gc,task     ] GC(133) Using 2 workers of 2 for evacuation
[54.193s][info][gc,phases   ] GC(133)   Pre Evacuate Collection Set: 0.24ms
[54.193s][info][gc,phases   ] GC(133)   Merge Heap Roots: 0.10ms
[54.193s][info][gc,phases   ] GC(133)   Evacuate Collection Set: 4.08ms
[54.193s][info][gc,phases   ] GC(133)   Post Evacuate Collection Set: 0.52ms
[54.193s][info][gc,phases   ] GC(133)   Other: 0.09ms
[54.193s][info][gc,heap     ] GC(133) Eden regions: 226->0(228)
[54.193s][info][gc,heap     ] GC(133) Survivor regions: 3->2(29)
[54.193s][info][gc,heap     ] GC(133) Old regions: 58->58
[54.193s][info][gc,heap     ] GC(133) Humongous regions: 207->207
[54.193s][info][gc,metaspace] GC(133) Metaspace: 55468K(55744K)->55468K(55744K) NonClass: 49872K(50048K)->49872K(50048K) Class: 5595K(5696K)->5595K(5696K)
[54.193s][info][gc          ] GC(133) Pause Young (Mixed) (G1 Evacuation Pause) 492M->266M(524M) 5.209ms
[54.193s][info][gc,cpu      ] GC(133) User=0.01s Sys=0.00s Real=0.01s
[54.801s][info][gc,start    ] GC(134) Pause Young (Concurrent Start) (G1 Evacuation Pause)
[54.801s][info][gc,task     ] GC(134) Using 2 workers of 2 for evacuation
[54.805s][info][gc,phases   ] GC(134)   Pre Evacuate Collection Set: 0.28ms
[54.805s][info][gc,phases   ] GC(134)   Merge Heap Roots: 0.09ms
[54.805s][info][gc,phases   ] GC(134)   Evacuate Collection Set: 3.27ms
[54.805s][info][gc,phases   ] GC(134)   Post Evacuate Collection Set: 0.53ms
[54.805s][info][gc,phases   ] GC(134)   Other: 0.11ms
[54.805s][info][gc,heap     ] GC(134) Eden regions: 228->0(228)
[54.805s][info][gc,heap     ] GC(134) Survivor regions: 2->2(29)
[54.805s][info][gc,heap     ] GC(134) Old regions: 58->58
[54.805s][info][gc,heap     ] GC(134) Humongous regions: 207->207
[54.805s][info][gc,metaspace] GC(134) Metaspace: 55468K(55744K)->55468K(55744K) NonClass: 49872K(50048K)->49872K(50048K) Class: 5595K(5696K)->5595K(5696K)
[54.805s][info][gc          ] GC(134) Pause Young (Concurrent Start) (G1 Evacuation Pause) 494M->265M(524M) 4.453ms
[54.805s][info][gc,cpu      ] GC(134) User=0.01s Sys=0.00s Real=0.01s
[54.805s][info][gc          ] GC(135) Concurrent Mark Cycle
[54.808s][info][gc,marking  ] GC(135) Concurrent Scan Root Regions
[54.817s][info][gc,marking  ] GC(135) Concurrent Scan Root Regions 9.633ms
[54.817s][info][gc,marking  ] GC(135) Concurrent Mark
[54.817s][info][gc,marking  ] GC(135) Concurrent Mark From Roots
[54.817s][info][gc,task     ] GC(135) Using 1 workers of 1 for marking
[54.898s][info][gc,marking  ] GC(135) Concurrent Mark From Roots 80.885ms
[54.898s][info][gc,marking  ] GC(135) Concurrent Preclean
[54.898s][info][gc,marking  ] GC(135) Concurrent Preclean 0.062ms
[54.899s][info][gc,start    ] GC(135) Pause Remark
[54.906s][info][gc          ] GC(135) Pause Remark 316M->316M(524M) 7.202ms
[54.906s][info][gc,cpu      ] GC(135) User=0.01s Sys=0.00s Real=0.01s
[54.906s][info][gc,marking  ] GC(135) Concurrent Mark 89.077ms
[54.906s][info][gc,marking  ] GC(135) Concurrent Rebuild Remembered Sets and Scrub Regions
[54.934s][info][gc,marking  ] GC(135) Concurrent Rebuild Remembered Sets and Scrub Regions 27.839ms
[54.934s][info][gc,start    ] GC(135) Pause Cleanup
[54.934s][info][gc          ] GC(135) Pause Cleanup 330M->330M(524M) 0.061ms
[54.934s][info][gc,cpu      ] GC(135) User=0.00s Sys=0.00s Real=0.00s
[54.934s][info][gc,marking  ] GC(135) Concurrent Clear Claimed Marks
[54.934s][info][gc,marking  ] GC(135) Concurrent Clear Claimed Marks 0.084ms
[54.934s][info][gc,marking  ] GC(135) Concurrent Cleanup for Next Mark
[54.936s][info][gc,marking  ] GC(135) Concurrent Cleanup for Next Mark 1.573ms
[54.936s][info][gc          ] GC(135) Concurrent Mark Cycle 130.771ms
[55.304s][info][gc,start    ] GC(136) Pause Young (Prepare Mixed) (G1 Evacuation Pause)
[55.304s][info][gc,task     ] GC(136) Using 2 workers of 2 for evacuation
[55.307s][info][gc,phases   ] GC(136)   Pre Evacuate Collection Set: 0.25ms
[55.307s][info][gc,phases   ] GC(136)   Merge Heap Roots: 0.11ms
[55.307s][info][gc,phases   ] GC(136)   Evacuate Collection Set: 1.98ms
[55.307s][info][gc,phases   ] GC(136)   Post Evacuate Collection Set: 0.52ms
[55.307s][info][gc,phases   ] GC(136)   Other: 0.10ms
[55.307s][info][gc,heap     ] GC(136) Eden regions: 228->0(230)
[55.307s][info][gc,heap     ] GC(136) Survivor regions: 2->1(29)
[55.307s][info][gc,heap     ] GC(136) Old regions: 58->58
[55.307s][info][gc,heap     ] GC(136) Humongous regions: 207->207
[55.307s][info][gc,metaspace] GC(136) Metaspace: 55468K(55744K)->55468K(55744K) NonClass: 49873K(50048K)->49873K(50048K) Class: 5595K(5696K)->5595K(5696K)
[55.307s][info][gc          ] GC(136) Pause Young (Prepare Mixed) (G1 Evacuation Pause) 493M->264M(524M) 3.163ms
[55.307s][info][gc,cpu      ] GC(136) User=0.01s Sys=0.00s Real=0.00s
[55.879s][info][gc,start    ] GC(137) Pause Young (Mixed) (G1 Evacuation Pause)
[55.879s][info][gc,task     ] GC(137) Using 2 workers of 2 for evacuation
[55.886s][info][gc,phases   ] GC(137)   Pre Evacuate Collection Set: 0.23ms
[55.886s][info][gc,phases   ] GC(137)   Merge Heap Roots: 0.09ms
[55.886s][info][gc,phases   ] GC(137)   Evacuate Collection Set: 6.30ms
[55.886s][info][gc,phases   ] GC(137)   Post Evacuate Collection Set: 0.54ms
[55.886s][info][gc,phases   ] GC(137)   Other: 0.09ms
[55.886s][info][gc,heap     ] GC(137) Eden regions: 230->0(225)
[55.887s][info][gc,heap     ] GC(137) Survivor regions: 1->4(29)
[55.887s][info][gc,heap     ] GC(137) Old regions: 58->57
[55.887s][info][gc,heap     ] GC(137) Humongous regions: 207->207
[55.887s][info][gc,metaspace] GC(137) Metaspace: 55468K(55744K)->55468K(55744K) NonClass: 49873K(50048K)->49873K(50048K) Class: 5595K(5696K)->5595K(5696K)
[55.887s][info][gc          ] GC(137) Pause Young (Mixed) (G1 Evacuation Pause) 494M->267M(524M) 7.415ms
[55.887s][info][gc,cpu      ] GC(137) User=0.01s Sys=0.00s Real=0.01s
[56.459s][info][gc,start    ] GC(138) Pause Young (Concurrent Start) (G1 Evacuation Pause)
[56.459s][info][gc,task     ] GC(138) Using 2 workers of 2 for evacuation
[56.463s][info][gc,phases   ] GC(138)   Pre Evacuate Collection Set: 0.29ms
[56.463s][info][gc,phases   ] GC(138)   Merge Heap Roots: 0.10ms
[56.463s][info][gc,phases   ] GC(138)   Evacuate Collection Set: 3.23ms
[56.463s][info][gc,phases   ] GC(138)   Post Evacuate Collection Set: 0.49ms
[56.463s][info][gc,phases   ] GC(138)   Other: 0.08ms
[56.463s][info][gc,heap     ] GC(138) Eden regions: 225->0(228)
[56.463s][info][gc,heap     ] GC(138) Survivor regions: 4->2(29)
[56.463s][info][gc,heap     ] GC(138) Old regions: 57->58
[56.463s][info][gc,heap     ] GC(138) Humongous regions: 207->207
[56.463s][info][gc,metaspace] GC(138) Metaspace: 55468K(55744K)->55468K(55744K) NonClass: 49873K(50048K)->49873K(50048K) Class: 5595K(5696K)->5595K(5696K)
[56.463s][info][gc          ] GC(138) Pause Young (Concurrent Start) (G1 Evacuation Pause) 492M->265M(524M) 4.357ms
[56.463s][info][gc,cpu      ] GC(138) User=0.01s Sys=0.00s Real=0.01s
[56.463s][info][gc          ] GC(139) Concurrent Mark Cycle
[56.465s][info][gc,marking  ] GC(139) Concurrent Scan Root Regions
[56.470s][info][gc,marking  ] GC(139) Concurrent Scan Root Regions 4.909ms
[56.470s][info][gc,marking  ] GC(139) Concurrent Mark
[56.470s][info][gc,marking  ] GC(139) Concurrent Mark From Roots
[56.470s][info][gc,task     ] GC(139) Using 1 workers of 1 for marking
[56.530s][info][gc,marking  ] GC(139) Concurrent Mark From Roots 60.191ms
[56.530s][info][gc,marking  ] GC(139) Concurrent Preclean
[56.530s][info][gc,marking  ] GC(139) Concurrent Preclean 0.055ms
[56.531s][info][gc,start    ] GC(139) Pause Remark
[56.538s][info][gc          ] GC(139) Pause Remark 300M->300M(524M) 7.147ms
[56.538s][info][gc,cpu      ] GC(139) User=0.02s Sys=0.00s Real=0.01s
[56.538s][info][gc,marking  ] GC(139) Concurrent Mark 68.019ms
[56.538s][info][gc,marking  ] GC(139) Concurrent Rebuild Remembered Sets and Scrub Regions
[56.558s][info][gc,marking  ] GC(139) Concurrent Rebuild Remembered Sets and Scrub Regions 20.079ms
[56.558s][info][gc,start    ] GC(139) Pause Cleanup
[56.558s][info][gc          ] GC(139) Pause Cleanup 307M->307M(524M) 0.049ms
[56.558s][info][gc,cpu      ] GC(139) User=0.00s Sys=0.00s Real=0.00s
[56.558s][info][gc,marking  ] GC(139) Concurrent Clear Claimed Marks
[56.558s][info][gc,marking  ] GC(139) Concurrent Clear Claimed Marks 0.078ms
[56.558s][info][gc,marking  ] GC(139) Concurrent Cleanup for Next Mark
[56.560s][info][gc,marking  ] GC(139) Concurrent Cleanup for Next Mark 1.540ms
[56.560s][info][gc          ] GC(139) Concurrent Mark Cycle 97.156ms
[56.986s][info][gc,start    ] GC(140) Pause Young (Prepare Mixed) (G1 Evacuation Pause)
[56.986s][info][gc,task     ] GC(140) Using 2 workers of 2 for evacuation
[56.991s][info][gc,phases   ] GC(140)   Pre Evacuate Collection Set: 0.27ms
[56.991s][info][gc,phases   ] GC(140)   Merge Heap Roots: 0.11ms
[56.991s][info][gc,phases   ] GC(140)   Evacuate Collection Set: 4.06ms
[56.991s][info][gc,phases   ] GC(140)   Post Evacuate Collection Set: 0.51ms
[56.991s][info][gc,phases   ] GC(140)   Other: 0.07ms
[56.991s][info][gc,heap     ] GC(140) Eden regions: 228->0(226)
[56.991s][info][gc,heap     ] GC(140) Survivor regions: 2->3(29)
[56.991s][info][gc,heap     ] GC(140) Old regions: 58->58
[56.991s][info][gc,heap     ] GC(140) Humongous regions: 207->207
[56.991s][info][gc,metaspace] GC(140) Metaspace: 55468K(55744K)->55468K(55744K) NonClass: 49873K(50048K)->49873K(50048K) Class: 5595K(5696K)->5595K(5696K)
[56.991s][info][gc          ] GC(140) Pause Young (Prepare Mixed) (G1 Evacuation Pause) 493M->266M(524M) 5.208ms
[56.991s][info][gc,cpu      ] GC(140) User=0.01s Sys=0.00s Real=0.01s
[57.571s][info][gc,start    ] GC(141) Pause Young (Mixed) (G1 Evacuation Pause)
[57.571s][info][gc,task     ] GC(141) Using 2 workers of 2 for evacuation
[57.577s][info][gc,phases   ] GC(141)   Pre Evacuate Collection Set: 0.24ms
[57.577s][info][gc,phases   ] GC(141)   Merge Heap Roots: 0.09ms
[57.577s][info][gc,phases   ] GC(141)   Evacuate Collection Set: 5.14ms
[57.577s][info][gc,phases   ] GC(141)   Post Evacuate Collection Set: 0.51ms
[57.577s][info][gc,phases   ] GC(141)   Other: 0.07ms
[57.577s][info][gc,heap     ] GC(141) Eden regions: 226->0(226)
[57.577s][info][gc,heap     ] GC(141) Survivor regions: 3->3(29)
[57.577s][info][gc,heap     ] GC(141) Old regions: 58->58
[57.577s][info][gc,heap     ] GC(141) Humongous regions: 207->207
[57.577s][info][gc,metaspace] GC(141) Metaspace: 55468K(55744K)->55468K(55744K) NonClass: 49873K(50048K)->49873K(50048K) Class: 5595K(5696K)->5595K(5696K)
[57.577s][info][gc          ] GC(141) Pause Young (Mixed) (G1 Evacuation Pause) 492M->266M(524M) 6.211ms
[57.578s][info][gc,cpu      ] GC(141) User=0.01s Sys=0.00s Real=0.00s
[58.098s][info][gc,start    ] GC(142) Pause Young (Concurrent Start) (G1 Evacuation Pause)
[58.098s][info][gc,task     ] GC(142) Using 2 workers of 2 for evacuation
[58.103s][info][gc,phases   ] GC(142)   Pre Evacuate Collection Set: 0.26ms
[58.103s][info][gc,phases   ] GC(142)   Merge Heap Roots: 0.09ms
[58.103s][info][gc,phases   ] GC(142)   Evacuate Collection Set: 3.72ms
[58.103s][info][gc,phases   ] GC(142)   Post Evacuate Collection Set: 0.50ms
[58.103s][info][gc,phases   ] GC(142)   Other: 0.11ms
[58.103s][info][gc,heap     ] GC(142) Eden regions: 226->0(226)
[58.103s][info][gc,heap     ] GC(142) Survivor regions: 3->3(29)
[58.103s][info][gc,heap     ] GC(142) Old regions: 58->58
[58.103s][info][gc,heap     ] GC(142) Humongous regions: 207->207
[58.103s][info][gc,metaspace] GC(142) Metaspace: 55468K(55744K)->55468K(55744K) NonClass: 49873K(50048K)->49873K(50048K) Class: 5595K(5696K)->5595K(5696K)
[58.103s][info][gc          ] GC(142) Pause Young (Concurrent Start) (G1 Evacuation Pause) 492M->266M(524M) 4.847ms
[58.103s][info][gc,cpu      ] GC(142) User=0.00s Sys=0.00s Real=0.01s
[58.103s][info][gc          ] GC(143) Concurrent Mark Cycle
[58.103s][info][gc,marking  ] GC(143) Concurrent Scan Root Regions
[58.107s][info][gc,marking  ] GC(143) Concurrent Scan Root Regions 3.327ms
[58.107s][info][gc,marking  ] GC(143) Concurrent Mark
[58.107s][info][gc,marking  ] GC(143) Concurrent Mark From Roots
[58.107s][info][gc,task     ] GC(143) Using 1 workers of 1 for marking
[58.151s][info][gc,marking  ] GC(143) Concurrent Mark From Roots 43.814ms
[58.151s][info][gc,marking  ] GC(143) Concurrent Preclean
[58.151s][info][gc,marking  ] GC(143) Concurrent Preclean 0.054ms
[58.151s][info][gc,start    ] GC(143) Pause Remark
[58.158s][info][gc          ] GC(143) Pause Remark 274M->274M(524M) 7.085ms
[58.158s][info][gc,cpu      ] GC(143) User=0.01s Sys=0.00s Real=0.01s
[58.158s][info][gc,marking  ] GC(143) Concurrent Mark 51.377ms
[58.158s][info][gc,marking  ] GC(143) Concurrent Rebuild Remembered Sets and Scrub Regions
[58.181s][info][gc,marking  ] GC(143) Concurrent Rebuild Remembered Sets and Scrub Regions 23.064ms
[58.181s][info][gc,start    ] GC(143) Pause Cleanup
[58.181s][info][gc          ] GC(143) Pause Cleanup 290M->290M(524M) 0.056ms
[58.181s][info][gc,cpu      ] GC(143) User=0.00s Sys=0.00s Real=0.00s
[58.181s][info][gc,marking  ] GC(143) Concurrent Clear Claimed Marks
[58.182s][info][gc,marking  ] GC(143) Concurrent Clear Claimed Marks 0.079ms
[58.182s][info][gc,marking  ] GC(143) Concurrent Cleanup for Next Mark
[58.184s][info][gc,marking  ] GC(143) Concurrent Cleanup for Next Mark 2.859ms
[58.184s][info][gc          ] GC(143) Concurrent Mark Cycle 81.117ms
[58.633s][info][gc,start    ] GC(144) Pause Young (Concurrent Start) (G1 Humongous Allocation)
[58.633s][info][gc,task     ] GC(144) Using 2 workers of 2 for evacuation
[58.638s][info][gc,phases   ] GC(144)   Pre Evacuate Collection Set: 0.27ms
[58.638s][info][gc,phases   ] GC(144)   Merge Heap Roots: 0.12ms
[58.638s][info][gc,phases   ] GC(144)   Evacuate Collection Set: 3.29ms
[58.638s][info][gc,phases   ] GC(144)   Post Evacuate Collection Set: 0.48ms
[58.638s][info][gc,phases   ] GC(144)   Other: 0.08ms
[58.638s][info][gc,heap     ] GC(144) Eden regions: 211->0(230)
[58.638s][info][gc,heap     ] GC(144) Survivor regions: 3->1(29)
[58.638s][info][gc,heap     ] GC(144) Old regions: 58->58
[58.638s][info][gc,heap     ] GC(144) Humongous regions: 207->207
[58.638s][info][gc,metaspace] GC(144) Metaspace: 55592K(55936K)->55592K(55936K) NonClass: 49977K(50240K)->49977K(50240K) Class: 5615K(5696K)->5615K(5696K)
[58.638s][info][gc          ] GC(144) Pause Young (Concurrent Start) (G1 Humongous Allocation) 477M->264M(524M) 4.406ms
[58.638s][info][gc          ] GC(145) Concurrent Mark Cycle
[58.638s][info][gc,marking  ] GC(145) Concurrent Scan Root Regions
[58.639s][info][gc,cpu      ] GC(144) User=0.00s Sys=0.00s Real=0.00s
[58.641s][info][gc,marking  ] GC(145) Concurrent Scan Root Regions 3.333ms
[58.641s][info][gc,marking  ] GC(145) Concurrent Mark
[58.641s][info][gc,marking  ] GC(145) Concurrent Mark From Roots
[58.641s][info][gc,task     ] GC(145) Using 1 workers of 1 for marking
[58.728s][info][gc,marking  ] GC(145) Concurrent Mark From Roots 86.978ms
[58.728s][info][gc,marking  ] GC(145) Concurrent Preclean
[58.728s][info][gc,marking  ] GC(145) Concurrent Preclean 0.062ms
[58.728s][info][gc,start    ] GC(145) Pause Remark
[58.736s][info][gc          ] GC(145) Pause Remark 304M->304M(524M) 7.752ms
[58.736s][info][gc,cpu      ] GC(145) User=0.02s Sys=0.00s Real=0.01s
[58.736s][info][gc,marking  ] GC(145) Concurrent Mark 95.205ms
[58.736s][info][gc,marking  ] GC(145) Concurrent Rebuild Remembered Sets and Scrub Regions
[58.768s][info][gc,marking  ] GC(145) Concurrent Rebuild Remembered Sets and Scrub Regions 31.932ms
[58.769s][info][gc,start    ] GC(145) Pause Cleanup
[58.769s][info][gc          ] GC(145) Pause Cleanup 304M->304M(524M) 0.062ms
[58.769s][info][gc,cpu      ] GC(145) User=0.00s Sys=0.00s Real=0.00s
[58.769s][info][gc,marking  ] GC(145) Concurrent Clear Claimed Marks
[58.769s][info][gc,marking  ] GC(145) Concurrent Clear Claimed Marks 0.083ms
[58.769s][info][gc,marking  ] GC(145) Concurrent Cleanup for Next Mark
[58.770s][info][gc,marking  ] GC(145) Concurrent Cleanup for Next Mark 1.565ms
[58.770s][info][gc          ] GC(145) Concurrent Mark Cycle 132.482ms
[62.315s][info][gc,start    ] GC(146) Pause Young (Prepare Mixed) (G1 Evacuation Pause)
[62.315s][info][gc,task     ] GC(146) Using 2 workers of 2 for evacuation
[62.344s][info][gc,phases   ] GC(146)   Pre Evacuate Collection Set: 0.25ms
[62.344s][info][gc,phases   ] GC(146)   Merge Heap Roots: 0.43ms
[62.344s][info][gc,phases   ] GC(146)   Evacuate Collection Set: 27.93ms
[62.345s][info][gc,phases   ] GC(146)   Post Evacuate Collection Set: 0.59ms
[62.345s][info][gc,phases   ] GC(146)   Other: 0.07ms
[62.345s][info][gc,heap     ] GC(146) Eden regions: 102->0(205)
[62.345s][info][gc,heap     ] GC(146) Survivor regions: 1->26(29)
[62.345s][info][gc,heap     ] GC(146) Old regions: 58->58
[62.345s][info][gc,heap     ] GC(146) Humongous regions: 363->207
[62.345s][info][gc,metaspace] GC(146) Metaspace: 56047K(56384K)->56047K(56384K) NonClass: 50428K(50688K)->50428K(50688K) Class: 5618K(5696K)->5618K(5696K)
[62.345s][info][gc          ] GC(146) Pause Young (Prepare Mixed) (G1 Evacuation Pause) 522M->290M(550M) 29.471ms
[62.345s][info][gc,cpu      ] GC(146) User=0.04s Sys=0.01s Real=0.03s
[62.789s][info][gc,start    ] GC(147) Pause Young (Mixed) (G1 Evacuation Pause)
[62.789s][info][gc,task     ] GC(147) Using 2 workers of 2 for evacuation
[62.802s][info][gc,phases   ] GC(147)   Pre Evacuate Collection Set: 0.26ms
[62.802s][info][gc,phases   ] GC(147)   Merge Heap Roots: 0.10ms
[62.802s][info][gc,phases   ] GC(147)   Evacuate Collection Set: 11.96ms
[62.802s][info][gc,phases   ] GC(147)   Post Evacuate Collection Set: 0.60ms
[62.802s][info][gc,phases   ] GC(147)   Other: 0.07ms
[62.802s][info][gc,heap     ] GC(147) Eden regions: 205->0(207)
[62.802s][info][gc,heap     ] GC(147) Survivor regions: 26->16(29)
[62.802s][info][gc,heap     ] GC(147) Old regions: 58->76
[62.802s][info][gc,heap     ] GC(147) Humongous regions: 207->207
[62.802s][info][gc,metaspace] GC(147) Metaspace: 56047K(56384K)->56047K(56384K) NonClass: 50428K(50688K)->50428K(50688K) Class: 5618K(5696K)->5618K(5696K)
[62.802s][info][gc          ] GC(147) Pause Young (Mixed) (G1 Evacuation Pause) 495M->298M(550M) 13.182ms
[62.802s][info][gc,cpu      ] GC(147) User=0.03s Sys=0.00s Real=0.02s
[63.312s][info][gc,start    ] GC(148) Pause Young (Concurrent Start) (G1 Evacuation Pause)
[63.312s][info][gc,task     ] GC(148) Using 2 workers of 2 for evacuation
[63.319s][info][gc,phases   ] GC(148)   Pre Evacuate Collection Set: 0.73ms
[63.319s][info][gc,phases   ] GC(148)   Merge Heap Roots: 0.09ms
[63.319s][info][gc,phases   ] GC(148)   Evacuate Collection Set: 6.03ms
[63.319s][info][gc,phases   ] GC(148)   Post Evacuate Collection Set: 0.70ms
[63.319s][info][gc,phases   ] GC(148)   Other: 0.10ms
[63.319s][info][gc,heap     ] GC(148) Eden regions: 207->0(218)
[63.319s][info][gc,heap     ] GC(148) Survivor regions: 16->2(28)
[63.319s][info][gc,heap     ] GC(148) Old regions: 76->90
[63.319s][info][gc,heap     ] GC(148) Humongous regions: 207->207
[63.319s][info][gc,metaspace] GC(148) Metaspace: 56047K(56384K)->56047K(56384K) NonClass: 50428K(50688K)->50428K(50688K) Class: 5618K(5696K)->5618K(5696K)
[63.319s][info][gc          ] GC(148) Pause Young (Concurrent Start) (G1 Evacuation Pause) 505M->298M(550M) 7.836ms
[63.319s][info][gc,cpu      ] GC(148) User=0.02s Sys=0.00s Real=0.00s
[63.319s][info][gc          ] GC(149) Concurrent Mark Cycle
[63.326s][info][gc,marking  ] GC(149) Concurrent Scan Root Regions
[63.330s][info][gc,marking  ] GC(149) Concurrent Scan Root Regions 4.396ms
[63.330s][info][gc,marking  ] GC(149) Concurrent Mark
[63.330s][info][gc,marking  ] GC(149) Concurrent Mark From Roots
[63.330s][info][gc,task     ] GC(149) Using 1 workers of 1 for marking
[63.441s][info][gc,marking  ] GC(149) Concurrent Mark From Roots 110.547ms
[63.441s][info][gc,marking  ] GC(149) Concurrent Preclean
[63.441s][info][gc,marking  ] GC(149) Concurrent Preclean 0.067ms
[63.441s][info][gc,start    ] GC(149) Pause Remark
[63.450s][info][gc          ] GC(149) Pause Remark 338M->325M(550M) 9.201ms
[63.450s][info][gc,cpu      ] GC(149) User=0.02s Sys=0.00s Real=0.01s
[63.450s][info][gc,marking  ] GC(149) Concurrent Mark 120.032ms
[63.450s][info][gc,marking  ] GC(149) Concurrent Rebuild Remembered Sets and Scrub Regions
[63.489s][info][gc,marking  ] GC(149) Concurrent Rebuild Remembered Sets and Scrub Regions 38.757ms
[63.490s][info][gc,start    ] GC(149) Pause Cleanup
[63.490s][info][gc          ] GC(149) Pause Cleanup 338M->338M(550M) 0.077ms
[63.490s][info][gc,cpu      ] GC(149) User=0.00s Sys=0.00s Real=0.00s
[63.490s][info][gc,marking  ] GC(149) Concurrent Clear Claimed Marks
[63.490s][info][gc,marking  ] GC(149) Concurrent Clear Claimed Marks 0.085ms
[63.490s][info][gc,marking  ] GC(149) Concurrent Cleanup for Next Mark
[63.492s][info][gc,marking  ] GC(149) Concurrent Cleanup for Next Mark 2.238ms
[63.492s][info][gc          ] GC(149) Concurrent Mark Cycle 172.797ms
[63.871s][info][gc,start    ] GC(150) Pause Young (Prepare Mixed) (G1 Evacuation Pause)
[63.871s][info][gc,task     ] GC(150) Using 2 workers of 2 for evacuation
[63.876s][info][gc,phases   ] GC(150)   Pre Evacuate Collection Set: 0.24ms
[63.876s][info][gc,phases   ] GC(150)   Merge Heap Roots: 0.09ms
[63.876s][info][gc,phases   ] GC(150)   Evacuate Collection Set: 4.12ms
[63.876s][info][gc,phases   ] GC(150)   Post Evacuate Collection Set: 0.52ms
[63.876s][info][gc,phases   ] GC(150)   Other: 0.08ms
[63.876s][info][gc,heap     ] GC(150) Eden regions: 218->0(234)
[63.876s][info][gc,heap     ] GC(150) Survivor regions: 2->2(28)
[63.876s][info][gc,heap     ] GC(150) Old regions: 77->77
[63.876s][info][gc,heap     ] GC(150) Humongous regions: 207->207
[63.876s][info][gc,metaspace] GC(150) Metaspace: 56047K(56384K)->56047K(56384K) NonClass: 50428K(50688K)->50428K(50688K) Class: 5618K(5696K)->5618K(5696K)
[63.876s][info][gc          ] GC(150) Pause Young (Prepare Mixed) (G1 Evacuation Pause) 503M->285M(550M) 5.226ms
[63.876s][info][gc,cpu      ] GC(150) User=0.01s Sys=0.00s Real=0.01s
[64.465s][info][gc,start    ] GC(151) Pause Young (Mixed) (G1 Evacuation Pause)
[64.465s][info][gc,task     ] GC(151) Using 2 workers of 2 for evacuation
[64.468s][info][gc,phases   ] GC(151)   Pre Evacuate Collection Set: 0.25ms
[64.468s][info][gc,phases   ] GC(151)   Merge Heap Roots: 0.10ms
[64.468s][info][gc,phases   ] GC(151)   Evacuate Collection Set: 2.18ms
[64.468s][info][gc,phases   ] GC(151)   Post Evacuate Collection Set: 0.52ms
[64.468s][info][gc,phases   ] GC(151)   Other: 0.07ms
[64.468s][info][gc,heap     ] GC(151) Eden regions: 234->0(239)
[64.468s][info][gc,heap     ] GC(151) Survivor regions: 2->1(30)
[64.468s][info][gc,heap     ] GC(151) Old regions: 77->72
[64.468s][info][gc,heap     ] GC(151) Humongous regions: 207->207
[64.468s][info][gc,metaspace] GC(151) Metaspace: 56048K(56384K)->56048K(56384K) NonClass: 50429K(50688K)->50429K(50688K) Class: 5618K(5696K)->5618K(5696K)
[64.468s][info][gc          ] GC(151) Pause Young (Mixed) (G1 Evacuation Pause) 518M->279M(550M) 3.293ms
[64.468s][info][gc,cpu      ] GC(151) User=0.01s Sys=0.00s Real=0.00s
[65.106s][info][gc,start    ] GC(152) Pause Young (Concurrent Start) (G1 Evacuation Pause)
[65.107s][info][gc,task     ] GC(152) Using 2 workers of 2 for evacuation
[65.111s][info][gc,phases   ] GC(152)   Pre Evacuate Collection Set: 0.28ms
[65.111s][info][gc,phases   ] GC(152)   Merge Heap Roots: 0.09ms
[65.111s][info][gc,phases   ] GC(152)   Evacuate Collection Set: 3.42ms
[65.111s][info][gc,phases   ] GC(152)   Post Evacuate Collection Set: 0.54ms
[65.111s][info][gc,phases   ] GC(152)   Other: 0.09ms
[65.111s][info][gc,heap     ] GC(152) Eden regions: 239->0(239)
[65.111s][info][gc,heap     ] GC(152) Survivor regions: 1->2(30)
[65.111s][info][gc,heap     ] GC(152) Old regions: 72->72
[65.111s][info][gc,heap     ] GC(152) Humongous regions: 207->207
[65.111s][info][gc,metaspace] GC(152) Metaspace: 56048K(56384K)->56048K(56384K) NonClass: 50429K(50688K)->50429K(50688K) Class: 5618K(5696K)->5618K(5696K)
[65.111s][info][gc          ] GC(152) Pause Young (Concurrent Start) (G1 Evacuation Pause) 518M->281M(550M) 4.577ms
[65.111s][info][gc,cpu      ] GC(152) User=0.01s Sys=0.00s Real=0.00s
[65.111s][info][gc          ] GC(153) Concurrent Mark Cycle
[65.111s][info][gc,marking  ] GC(153) Concurrent Scan Root Regions
[65.117s][info][gc,marking  ] GC(153) Concurrent Scan Root Regions 5.767ms
[65.117s][info][gc,marking  ] GC(153) Concurrent Mark
[65.117s][info][gc,marking  ] GC(153) Concurrent Mark From Roots
[65.117s][info][gc,task     ] GC(153) Using 1 workers of 1 for marking
[65.170s][info][gc,marking  ] GC(153) Concurrent Mark From Roots 53.113ms
[65.170s][info][gc,marking  ] GC(153) Concurrent Preclean
[65.170s][info][gc,marking  ] GC(153) Concurrent Preclean 0.074ms
[65.170s][info][gc,start    ] GC(153) Pause Remark
[65.179s][info][gc          ] GC(153) Pause Remark 308M->308M(550M) 9.190ms
[65.179s][info][gc,cpu      ] GC(153) User=0.01s Sys=0.00s Real=0.01s
[65.180s][info][gc,marking  ] GC(153) Concurrent Mark 63.116ms
[65.180s][info][gc,marking  ] GC(153) Concurrent Rebuild Remembered Sets and Scrub Regions
[65.199s][info][gc,marking  ] GC(153) Concurrent Rebuild Remembered Sets and Scrub Regions 19.274ms
[65.200s][info][gc,start    ] GC(153) Pause Cleanup
[65.200s][info][gc          ] GC(153) Pause Cleanup 311M->311M(550M) 0.061ms
[65.200s][info][gc,cpu      ] GC(153) User=0.00s Sys=0.00s Real=0.00s
[65.200s][info][gc,marking  ] GC(153) Concurrent Clear Claimed Marks
[65.200s][info][gc,marking  ] GC(153) Concurrent Clear Claimed Marks 0.082ms
[65.200s][info][gc,marking  ] GC(153) Concurrent Cleanup for Next Mark
[65.201s][info][gc,marking  ] GC(153) Concurrent Cleanup for Next Mark 1.775ms
[65.202s][info][gc          ] GC(153) Concurrent Mark Cycle 90.417ms
[65.656s][info][gc,start    ] GC(154) Pause Young (Prepare Mixed) (G1 Evacuation Pause)
[65.657s][info][gc,task     ] GC(154) Using 2 workers of 2 for evacuation
[65.660s][info][gc,phases   ] GC(154)   Pre Evacuate Collection Set: 0.25ms
[65.660s][info][gc,phases   ] GC(154)   Merge Heap Roots: 0.11ms
[65.660s][info][gc,phases   ] GC(154)   Evacuate Collection Set: 2.47ms
[65.660s][info][gc,phases   ] GC(154)   Post Evacuate Collection Set: 0.51ms
[65.660s][info][gc,phases   ] GC(154)   Other: 0.07ms
[65.660s][info][gc,heap     ] GC(154) Eden regions: 239->0(239)
[65.660s][info][gc,heap     ] GC(154) Survivor regions: 2->2(31)
[65.660s][info][gc,heap     ] GC(154) Old regions: 72->72
[65.660s][info][gc,heap     ] GC(154) Humongous regions: 207->207
[65.660s][info][gc,metaspace] GC(154) Metaspace: 56048K(56384K)->56048K(56384K) NonClass: 50429K(50688K)->50429K(50688K) Class: 5618K(5696K)->5618K(5696K)
[65.660s][info][gc          ] GC(154) Pause Young (Prepare Mixed) (G1 Evacuation Pause) 520M->280M(550M) 3.571ms
[65.660s][info][gc,cpu      ] GC(154) User=0.01s Sys=0.00s Real=0.00s
[66.264s][info][gc,start    ] GC(155) Pause Young (Mixed) (G1 Evacuation Pause)
[66.264s][info][gc,task     ] GC(155) Using 2 workers of 2 for evacuation
[66.268s][info][gc,phases   ] GC(155)   Pre Evacuate Collection Set: 0.26ms
[66.268s][info][gc,phases   ] GC(155)   Merge Heap Roots: 0.09ms
[66.268s][info][gc,phases   ] GC(155)   Evacuate Collection Set: 2.46ms
[66.268s][info][gc,phases   ] GC(155)   Post Evacuate Collection Set: 0.56ms
[66.268s][info][gc,phases   ] GC(155)   Other: 0.08ms
[66.268s][info][gc,heap     ] GC(155) Eden regions: 239->0(244)
[66.268s][info][gc,heap     ] GC(155) Survivor regions: 2->1(31)
[66.268s][info][gc,heap     ] GC(155) Old regions: 72->69
[66.268s][info][gc,heap     ] GC(155) Humongous regions: 207->207
[66.268s][info][gc,metaspace] GC(155) Metaspace: 56049K(56384K)->56049K(56384K) NonClass: 50430K(50688K)->50430K(50688K) Class: 5618K(5696K)->5618K(5696K)
[66.268s][info][gc          ] GC(155) Pause Young (Mixed) (G1 Evacuation Pause) 519M->275M(550M) 3.611ms
[66.268s][info][gc,cpu      ] GC(155) User=0.01s Sys=0.00s Real=0.00s
[66.794s][info][gc,start    ] GC(156) Pause Young (Concurrent Start) (G1 Evacuation Pause)
[66.794s][info][gc,task     ] GC(156) Using 2 workers of 2 for evacuation
[66.798s][info][gc,phases   ] GC(156)   Pre Evacuate Collection Set: 0.29ms
[66.798s][info][gc,phases   ] GC(156)   Merge Heap Roots: 0.09ms
[66.798s][info][gc,phases   ] GC(156)   Evacuate Collection Set: 2.57ms
[66.798s][info][gc,phases   ] GC(156)   Post Evacuate Collection Set: 0.53ms
[66.798s][info][gc,phases   ] GC(156)   Other: 0.09ms
[66.798s][info][gc,heap     ] GC(156) Eden regions: 244->0(244)
[66.798s][info][gc,heap     ] GC(156) Survivor regions: 1->1(31)
[66.798s][info][gc,heap     ] GC(156) Old regions: 69->69
[66.798s][info][gc,heap     ] GC(156) Humongous regions: 207->207
[66.798s][info][gc,metaspace] GC(156) Metaspace: 56049K(56384K)->56049K(56384K) NonClass: 50430K(50688K)->50430K(50688K) Class: 5618K(5696K)->5618K(5696K)
[66.798s][info][gc          ] GC(156) Pause Young (Concurrent Start) (G1 Evacuation Pause) 519M->276M(550M) 3.753ms
[66.798s][info][gc,cpu      ] GC(156) User=0.01s Sys=0.00s Real=0.00s
[66.798s][info][gc          ] GC(157) Concurrent Mark Cycle
[66.798s][info][gc,marking  ] GC(157) Concurrent Scan Root Regions
[66.799s][info][gc,marking  ] GC(157) Concurrent Scan Root Regions 1.694ms
[66.800s][info][gc,marking  ] GC(157) Concurrent Mark
[66.800s][info][gc,marking  ] GC(157) Concurrent Mark From Roots
[66.800s][info][gc,task     ] GC(157) Using 1 workers of 1 for marking
[66.840s][info][gc,marking  ] GC(157) Concurrent Mark From Roots 40.454ms
[66.840s][info][gc,marking  ] GC(157) Concurrent Preclean
[66.840s][info][gc,marking  ] GC(157) Concurrent Preclean 0.057ms
[66.840s][info][gc,start    ] GC(157) Pause Remark
[66.848s][info][gc          ] GC(157) Pause Remark 280M->280M(550M) 8.171ms
[66.848s][info][gc,cpu      ] GC(157) User=0.01s Sys=0.00s Real=0.01s
[66.849s][info][gc,marking  ] GC(157) Concurrent Mark 49.131ms
[66.849s][info][gc,marking  ] GC(157) Concurrent Rebuild Remembered Sets and Scrub Regions
[66.871s][info][gc,marking  ] GC(157) Concurrent Rebuild Remembered Sets and Scrub Regions 21.905ms
[66.871s][info][gc,start    ] GC(157) Pause Cleanup
[66.871s][info][gc          ] GC(157) Pause Cleanup 295M->295M(550M) 0.058ms
[66.871s][info][gc,cpu      ] GC(157) User=0.00s Sys=0.00s Real=0.00s
[66.871s][info][gc,marking  ] GC(157) Concurrent Clear Claimed Marks
[66.871s][info][gc,marking  ] GC(157) Concurrent Clear Claimed Marks 0.084ms
[66.871s][info][gc,marking  ] GC(157) Concurrent Cleanup for Next Mark
[66.872s][info][gc,marking  ] GC(157) Concurrent Cleanup for Next Mark 1.581ms
[66.873s][info][gc          ] GC(157) Concurrent Mark Cycle 74.752ms
[67.398s][info][gc,start    ] GC(158) Pause Young (Prepare Mixed) (G1 Evacuation Pause)
[67.398s][info][gc,task     ] GC(158) Using 2 workers of 2 for evacuation
[67.402s][info][gc,phases   ] GC(158)   Pre Evacuate Collection Set: 0.25ms
[67.402s][info][gc,phases   ] GC(158)   Merge Heap Roots: 0.12ms
[67.402s][info][gc,phases   ] GC(158)   Evacuate Collection Set: 2.74ms
[67.402s][info][gc,phases   ] GC(158)   Post Evacuate Collection Set: 0.53ms
[67.402s][info][gc,phases   ] GC(158)   Other: 0.07ms
[67.402s][info][gc,heap     ] GC(158) Eden regions: 244->0(242)
[67.402s][info][gc,heap     ] GC(158) Survivor regions: 1->2(31)
[67.402s][info][gc,heap     ] GC(158) Old regions: 69->69
[67.402s][info][gc,heap     ] GC(158) Humongous regions: 207->207
[67.402s][info][gc,metaspace] GC(158) Metaspace: 56049K(56384K)->56049K(56384K) NonClass: 50430K(50688K)->50430K(50688K) Class: 5618K(5696K)->5618K(5696K)
[67.402s][info][gc          ] GC(158) Pause Young (Prepare Mixed) (G1 Evacuation Pause) 519M->276M(550M) 3.888ms
[67.402s][info][gc,cpu      ] GC(158) User=0.00s Sys=0.00s Real=0.01s
[67.988s][info][gc,start    ] GC(159) Pause Young (Mixed) (G1 Evacuation Pause)
[67.988s][info][gc,task     ] GC(159) Using 2 workers of 2 for evacuation
[67.994s][info][gc,phases   ] GC(159)   Pre Evacuate Collection Set: 0.24ms
[67.994s][info][gc,phases   ] GC(159)   Merge Heap Roots: 0.10ms
[67.994s][info][gc,phases   ] GC(159)   Evacuate Collection Set: 4.60ms
[67.994s][info][gc,phases   ] GC(159)   Post Evacuate Collection Set: 0.53ms
[67.994s][info][gc,phases   ] GC(159)   Other: 0.07ms
[67.994s][info][gc,heap     ] GC(159) Eden regions: 242->0(242)
[67.994s][info][gc,heap     ] GC(159) Survivor regions: 2->4(31)
[67.994s][info][gc,heap     ] GC(159) Old regions: 69->65
[67.994s][info][gc,heap     ] GC(159) Humongous regions: 207->207
[67.994s][info][gc,metaspace] GC(159) Metaspace: 56049K(56384K)->56049K(56384K) NonClass: 50430K(50688K)->50430K(50688K) Class: 5618K(5696K)->5618K(5696K)
[67.994s][info][gc          ] GC(159) Pause Young (Mixed) (G1 Evacuation Pause) 518M->274M(550M) 5.732ms
[67.994s][info][gc,cpu      ] GC(159) User=0.01s Sys=0.00s Real=0.01s
[68.585s][info][gc,start    ] GC(160) Pause Young (Concurrent Start) (G1 Evacuation Pause)
[68.585s][info][gc,task     ] GC(160) Using 2 workers of 2 for evacuation
[68.590s][info][gc,phases   ] GC(160)   Pre Evacuate Collection Set: 0.28ms
[68.590s][info][gc,phases   ] GC(160)   Merge Heap Roots: 0.10ms
[68.590s][info][gc,phases   ] GC(160)   Evacuate Collection Set: 3.70ms
[68.590s][info][gc,phases   ] GC(160)   Post Evacuate Collection Set: 0.53ms
[68.590s][info][gc,phases   ] GC(160)   Other: 0.09ms
[68.590s][info][gc,heap     ] GC(160) Eden regions: 242->0(246)
[68.590s][info][gc,heap     ] GC(160) Survivor regions: 4->2(31)
[68.590s][info][gc,heap     ] GC(160) Old regions: 65->65
[68.590s][info][gc,heap     ] GC(160) Humongous regions: 207->207
[68.590s][info][gc,metaspace] GC(160) Metaspace: 56049K(56384K)->56049K(56384K) NonClass: 50430K(50688K)->50430K(50688K) Class: 5618K(5696K)->5618K(5696K)
[68.590s][info][gc          ] GC(160) Pause Young (Concurrent Start) (G1 Evacuation Pause) 516M->273M(550M) 4.877ms
[68.590s][info][gc,cpu      ] GC(160) User=0.01s Sys=0.00s Real=0.00s
[68.590s][info][gc          ] GC(161) Concurrent Mark Cycle
[68.590s][info][gc,marking  ] GC(161) Concurrent Scan Root Regions
[68.593s][info][gc,marking  ] GC(161) Concurrent Scan Root Regions 3.228ms
[68.593s][info][gc,marking  ] GC(161) Concurrent Mark
[68.593s][info][gc,marking  ] GC(161) Concurrent Mark From Roots
[68.593s][info][gc,task     ] GC(161) Using 1 workers of 1 for marking
[68.633s][info][gc,marking  ] GC(161) Concurrent Mark From Roots 40.068ms
[68.634s][info][gc,marking  ] GC(161) Concurrent Preclean
[68.634s][info][gc,marking  ] GC(161) Concurrent Preclean 0.057ms
[68.634s][info][gc,start    ] GC(161) Pause Remark
[68.642s][info][gc          ] GC(161) Pause Remark 281M->281M(550M) 8.295ms
[68.642s][info][gc,cpu      ] GC(161) User=0.01s Sys=0.00s Real=0.01s
[68.642s][info][gc,marking  ] GC(161) Concurrent Mark 49.007ms
[68.642s][info][gc,marking  ] GC(161) Concurrent Rebuild Remembered Sets and Scrub Regions
[68.667s][info][gc,marking  ] GC(161) Concurrent Rebuild Remembered Sets and Scrub Regions 24.489ms
[68.667s][info][gc,start    ] GC(161) Pause Cleanup
[68.667s][info][gc          ] GC(161) Pause Cleanup 293M->293M(550M) 0.077ms
[68.667s][info][gc,cpu      ] GC(161) User=0.00s Sys=0.00s Real=0.00s
[68.668s][info][gc,marking  ] GC(161) Concurrent Clear Claimed Marks
[68.668s][info][gc,marking  ] GC(161) Concurrent Clear Claimed Marks 0.099ms
[68.668s][info][gc,marking  ] GC(161) Concurrent Cleanup for Next Mark
[68.672s][info][gc,marking  ] GC(161) Concurrent Cleanup for Next Mark 3.897ms
[68.672s][info][gc          ] GC(161) Concurrent Mark Cycle 81.654ms
[69.190s][info][gc,start    ] GC(162) Pause Young (Prepare Mixed) (G1 Evacuation Pause)
[69.190s][info][gc,task     ] GC(162) Using 2 workers of 2 for evacuation
[69.194s][info][gc,phases   ] GC(162)   Pre Evacuate Collection Set: 0.25ms
[69.194s][info][gc,phases   ] GC(162)   Merge Heap Roots: 0.11ms
[69.194s][info][gc,phases   ] GC(162)   Evacuate Collection Set: 3.70ms
[69.194s][info][gc,phases   ] GC(162)   Post Evacuate Collection Set: 0.54ms
[69.194s][info][gc,phases   ] GC(162)   Other: 0.08ms
[69.194s][info][gc,heap     ] GC(162) Eden regions: 246->0(246)
[69.194s][info][gc,heap     ] GC(162) Survivor regions: 2->2(31)
[69.194s][info][gc,heap     ] GC(162) Old regions: 65->65
[69.194s][info][gc,heap     ] GC(162) Humongous regions: 207->207
[69.194s][info][gc,metaspace] GC(162) Metaspace: 56049K(56384K)->56049K(56384K) NonClass: 50430K(50688K)->50430K(50688K) Class: 5618K(5696K)->5618K(5696K)
[69.194s][info][gc          ] GC(162) Pause Young (Prepare Mixed) (G1 Evacuation Pause) 519M->273M(550M) 4.831ms
[69.194s][info][gc,cpu      ] GC(162) User=0.00s Sys=0.00s Real=0.01s
[69.879s][info][gc,start    ] GC(163) Pause Young (Mixed) (G1 Evacuation Pause)
[69.879s][info][gc,task     ] GC(163) Using 2 workers of 2 for evacuation
[69.885s][info][gc,phases   ] GC(163)   Pre Evacuate Collection Set: 0.27ms
[69.885s][info][gc,phases   ] GC(163)   Merge Heap Roots: 0.11ms
[69.885s][info][gc,phases   ] GC(163)   Evacuate Collection Set: 4.88ms
[69.885s][info][gc,phases   ] GC(163)   Post Evacuate Collection Set: 0.54ms
[69.885s][info][gc,phases   ] GC(163)   Other: 0.07ms
[69.885s][info][gc,heap     ] GC(163) Eden regions: 246->0(247)
[69.885s][info][gc,heap     ] GC(163) Survivor regions: 2->3(31)
[69.885s][info][gc,heap     ] GC(163) Old regions: 65->62
[69.885s][info][gc,heap     ] GC(163) Humongous regions: 207->207
[69.885s][info][gc,metaspace] GC(163) Metaspace: 56050K(56384K)->56050K(56384K) NonClass: 50431K(50688K)->50431K(50688K) Class: 5618K(5696K)->5618K(5696K)
[69.885s][info][gc          ] GC(163) Pause Young (Mixed) (G1 Evacuation Pause) 519M->271M(550M) 6.064ms
[69.885s][info][gc,cpu      ] GC(163) User=0.01s Sys=0.00s Real=0.01s
[70.387s][info][gc,start    ] GC(164) Pause Young (Concurrent Start) (G1 Evacuation Pause)
[70.387s][info][gc,task     ] GC(164) Using 2 workers of 2 for evacuation
[70.392s][info][gc,phases   ] GC(164)   Pre Evacuate Collection Set: 0.26ms
[70.392s][info][gc,phases   ] GC(164)   Merge Heap Roots: 0.09ms
[70.392s][info][gc,phases   ] GC(164)   Evacuate Collection Set: 3.59ms
[70.392s][info][gc,phases   ] GC(164)   Post Evacuate Collection Set: 0.52ms
[70.392s][info][gc,phases   ] GC(164)   Other: 0.09ms
[70.392s][info][gc,heap     ] GC(164) Eden regions: 247->0(249)
[70.392s][info][gc,heap     ] GC(164) Survivor regions: 3->2(32)
[70.392s][info][gc,heap     ] GC(164) Old regions: 62->62
[70.392s][info][gc,heap     ] GC(164) Humongous regions: 207->207
[70.392s][info][gc,metaspace] GC(164) Metaspace: 56051K(56384K)->56051K(56384K) NonClass: 50432K(50688K)->50432K(50688K) Class: 5618K(5696K)->5618K(5696K)
[70.392s][info][gc          ] GC(164) Pause Young (Concurrent Start) (G1 Evacuation Pause) 518M->270M(550M) 4.722ms
[70.392s][info][gc          ] GC(165) Concurrent Mark Cycle
[70.392s][info][gc,marking  ] GC(165) Concurrent Scan Root Regions
[70.393s][info][gc,cpu      ] GC(164) User=0.01s Sys=0.00s Real=0.01s
[70.395s][info][gc,marking  ] GC(165) Concurrent Scan Root Regions 2.751ms
[70.395s][info][gc,marking  ] GC(165) Concurrent Mark
[70.395s][info][gc,marking  ] GC(165) Concurrent Mark From Roots
[70.395s][info][gc,task     ] GC(165) Using 1 workers of 1 for marking
[70.436s][info][gc,marking  ] GC(165) Concurrent Mark From Roots 40.869ms
[70.436s][info][gc,marking  ] GC(165) Concurrent Preclean
[70.436s][info][gc,marking  ] GC(165) Concurrent Preclean 0.055ms
[70.436s][info][gc,start    ] GC(165) Pause Remark
[70.444s][info][gc          ] GC(165) Pause Remark 278M->278M(550M) 7.793ms
[70.444s][info][gc,cpu      ] GC(165) User=0.02s Sys=0.00s Real=0.01s
[70.444s][info][gc,marking  ] GC(165) Concurrent Mark 48.987ms
[70.444s][info][gc,marking  ] GC(165) Concurrent Rebuild Remembered Sets and Scrub Regions
[70.461s][info][gc,marking  ] GC(165) Concurrent Rebuild Remembered Sets and Scrub Regions 17.264ms
[70.461s][info][gc,start    ] GC(165) Pause Cleanup
[70.461s][info][gc          ] GC(165) Pause Cleanup 285M->285M(550M) 0.064ms
[70.461s][info][gc,cpu      ] GC(165) User=0.00s Sys=0.00s Real=0.00s
[70.461s][info][gc,marking  ] GC(165) Concurrent Clear Claimed Marks
[70.462s][info][gc,marking  ] GC(165) Concurrent Clear Claimed Marks 0.079ms
[70.462s][info][gc,marking  ] GC(165) Concurrent Cleanup for Next Mark
[70.463s][info][gc,marking  ] GC(165) Concurrent Cleanup for Next Mark 1.985ms
[70.464s][info][gc          ] GC(165) Concurrent Mark Cycle 71.556ms
[71.051s][info][gc,start    ] GC(166) Pause Young (Prepare Mixed) (G1 Evacuation Pause)
[71.051s][info][gc,task     ] GC(166) Using 2 workers of 2 for evacuation
[71.054s][info][gc,phases   ] GC(166)   Pre Evacuate Collection Set: 0.22ms
[71.054s][info][gc,phases   ] GC(166)   Merge Heap Roots: 0.12ms
[71.054s][info][gc,phases   ] GC(166)   Evacuate Collection Set: 1.76ms
[71.054s][info][gc,phases   ] GC(166)   Post Evacuate Collection Set: 0.53ms
[71.054s][info][gc,phases   ] GC(166)   Other: 0.07ms
[71.054s][info][gc,heap     ] GC(166) Eden regions: 249->0(251)
[71.054s][info][gc,heap     ] GC(166) Survivor regions: 2->1(32)
[71.054s][info][gc,heap     ] GC(166) Old regions: 62->62
[71.054s][info][gc,heap     ] GC(166) Humongous regions: 207->207
[71.054s][info][gc,metaspace] GC(166) Metaspace: 56051K(56384K)->56051K(56384K) NonClass: 50432K(50688K)->50432K(50688K) Class: 5618K(5696K)->5618K(5696K)
[71.054s][info][gc          ] GC(166) Pause Young (Prepare Mixed) (G1 Evacuation Pause) 519M->269M(550M) 2.893ms
[71.054s][info][gc,cpu      ] GC(166) User=0.01s Sys=0.00s Real=0.01s
[71.657s][info][gc,start    ] GC(167) Pause Young (Mixed) (G1 Evacuation Pause)
[71.657s][info][gc,task     ] GC(167) Using 2 workers of 2 for evacuation
[71.661s][info][gc,phases   ] GC(167)   Pre Evacuate Collection Set: 0.24ms
[71.662s][info][gc,phases   ] GC(167)   Merge Heap Roots: 0.10ms
[71.662s][info][gc,phases   ] GC(167)   Evacuate Collection Set: 3.86ms
[71.662s][info][gc,phases   ] GC(167)   Post Evacuate Collection Set: 0.56ms
[71.662s][info][gc,phases   ] GC(167)   Other: 0.07ms
[71.662s][info][gc,heap     ] GC(167) Eden regions: 251->0(251)
[71.662s][info][gc,heap     ] GC(167) Survivor regions: 1->2(32)
[71.662s][info][gc,heap     ] GC(167) Old regions: 62->60
[71.662s][info][gc,heap     ] GC(167) Humongous regions: 207->207
[71.662s][info][gc,metaspace] GC(167) Metaspace: 56051K(56384K)->56051K(56384K) NonClass: 50432K(50688K)->50432K(50688K) Class: 5618K(5696K)->5618K(5696K)
[71.662s][info][gc          ] GC(167) Pause Young (Mixed) (G1 Evacuation Pause) 520M->267M(550M) 4.996ms
[71.662s][info][gc,cpu      ] GC(167) User=0.01s Sys=0.00s Real=0.01s
[72.265s][info][gc,start    ] GC(168) Pause Young (Concurrent Start) (G1 Evacuation Pause)
[72.265s][info][gc,task     ] GC(168) Using 2 workers of 2 for evacuation
[72.270s][info][gc,phases   ] GC(168)   Pre Evacuate Collection Set: 0.26ms
[72.270s][info][gc,phases   ] GC(168)   Merge Heap Roots: 0.10ms
[72.270s][info][gc,phases   ] GC(168)   Evacuate Collection Set: 4.06ms
[72.270s][info][gc,phases   ] GC(168)   Post Evacuate Collection Set: 0.53ms
[72.271s][info][gc,phases   ] GC(168)   Other: 0.11ms
[72.271s][info][gc,heap     ] GC(168) Eden regions: 251->0(249)
[72.271s][info][gc,heap     ] GC(168) Survivor regions: 2->3(32)
[72.271s][info][gc,heap     ] GC(168) Old regions: 60->60
[72.271s][info][gc,heap     ] GC(168) Humongous regions: 207->207
[72.271s][info][gc,metaspace] GC(168) Metaspace: 56055K(56384K)->56055K(56384K) NonClass: 50436K(50688K)->50436K(50688K) Class: 5618K(5696K)->5618K(5696K)
[72.271s][info][gc          ] GC(168) Pause Young (Concurrent Start) (G1 Evacuation Pause) 518M->268M(550M) 5.216ms
[72.271s][info][gc,cpu      ] GC(168) User=0.01s Sys=0.00s Real=0.00s
[72.271s][info][gc          ] GC(169) Concurrent Mark Cycle
[72.271s][info][gc,marking  ] GC(169) Concurrent Scan Root Regions
[72.280s][info][gc,marking  ] GC(169) Concurrent Scan Root Regions 8.572ms
[72.280s][info][gc,marking  ] GC(169) Concurrent Mark
[72.280s][info][gc,marking  ] GC(169) Concurrent Mark From Roots
[72.280s][info][gc,task     ] GC(169) Using 1 workers of 1 for marking
[72.335s][info][gc,marking  ] GC(169) Concurrent Mark From Roots 55.512ms
[72.335s][info][gc,marking  ] GC(169) Concurrent Preclean
[72.335s][info][gc,marking  ] GC(169) Concurrent Preclean 0.056ms
[72.335s][info][gc,start    ] GC(169) Pause Remark
[72.343s][info][gc          ] GC(169) Pause Remark 294M->294M(550M) 7.924ms
[72.343s][info][gc,cpu      ] GC(169) User=0.01s Sys=0.00s Real=0.01s
[72.343s][info][gc,marking  ] GC(169) Concurrent Mark 63.759ms
[72.343s][info][gc,marking  ] GC(169) Concurrent Rebuild Remembered Sets and Scrub Regions
[72.359s][info][gc,marking  ] GC(169) Concurrent Rebuild Remembered Sets and Scrub Regions 15.914ms
[72.359s][info][gc,start    ] GC(169) Pause Cleanup
[72.360s][info][gc          ] GC(169) Pause Cleanup 299M->299M(550M) 0.051ms
[72.360s][info][gc,cpu      ] GC(169) User=0.00s Sys=0.00s Real=0.00s
[72.360s][info][gc,marking  ] GC(169) Concurrent Clear Claimed Marks
[72.360s][info][gc,marking  ] GC(169) Concurrent Clear Claimed Marks 0.094ms
[72.360s][info][gc,marking  ] GC(169) Concurrent Cleanup for Next Mark
[72.361s][info][gc,marking  ] GC(169) Concurrent Cleanup for Next Mark 1.584ms
[72.361s][info][gc          ] GC(169) Concurrent Mark Cycle 90.268ms
[72.868s][info][gc,start    ] GC(170) Pause Young (Prepare Mixed) (G1 Evacuation Pause)
[72.868s][info][gc,task     ] GC(170) Using 2 workers of 2 for evacuation
[72.873s][info][gc,phases   ] GC(170)   Pre Evacuate Collection Set: 0.25ms
[72.874s][info][gc,phases   ] GC(170)   Merge Heap Roots: 0.11ms
[72.874s][info][gc,phases   ] GC(170)   Evacuate Collection Set: 4.92ms
[72.874s][info][gc,phases   ] GC(170)   Post Evacuate Collection Set: 0.54ms
[72.874s][info][gc,phases   ] GC(170)   Other: 0.07ms
[72.874s][info][gc,heap     ] GC(170) Eden regions: 249->0(247)
[72.874s][info][gc,heap     ] GC(170) Survivor regions: 3->4(32)
[72.874s][info][gc,heap     ] GC(170) Old regions: 60->60
[72.874s][info][gc,heap     ] GC(170) Humongous regions: 207->207
[72.874s][info][gc,metaspace] GC(170) Metaspace: 56055K(56384K)->56055K(56384K) NonClass: 50436K(50688K)->50436K(50688K) Class: 5618K(5696K)->5618K(5696K)
[72.874s][info][gc          ] GC(170) Pause Young (Prepare Mixed) (G1 Evacuation Pause) 517M->270M(550M) 6.058ms
[72.874s][info][gc,cpu      ] GC(170) User=0.01s Sys=0.00s Real=0.01s
[73.478s][info][gc,start    ] GC(171) Pause Young (Mixed) (G1 Evacuation Pause)
[73.478s][info][gc,task     ] GC(171) Using 2 workers of 2 for evacuation
[73.485s][info][gc,phases   ] GC(171)   Pre Evacuate Collection Set: 0.25ms
[73.485s][info][gc,phases   ] GC(171)   Merge Heap Roots: 0.11ms
[73.485s][info][gc,phases   ] GC(171)   Evacuate Collection Set: 6.81ms
[73.485s][info][gc,phases   ] GC(171)   Post Evacuate Collection Set: 0.54ms
[73.485s][info][gc,phases   ] GC(171)   Other: 0.08ms
[73.485s][info][gc,heap     ] GC(171) Eden regions: 247->0(248)
[73.485s][info][gc,heap     ] GC(171) Survivor regions: 4->4(32)
[73.485s][info][gc,heap     ] GC(171) Old regions: 60->59
[73.485s][info][gc,heap     ] GC(171) Humongous regions: 207->207
[73.485s][info][gc,metaspace] GC(171) Metaspace: 56055K(56384K)->56055K(56384K) NonClass: 50436K(50688K)->50436K(50688K) Class: 5618K(5696K)->5618K(5696K)
[73.485s][info][gc          ] GC(171) Pause Young (Mixed) (G1 Evacuation Pause) 517M->268M(550M) 7.964ms
[73.485s][info][gc,cpu      ] GC(171) User=0.02s Sys=0.00s Real=0.01s
[74.085s][info][gc,start    ] GC(172) Pause Young (Concurrent Start) (G1 Evacuation Pause)
[74.085s][info][gc,task     ] GC(172) Using 2 workers of 2 for evacuation
[74.090s][info][gc,phases   ] GC(172)   Pre Evacuate Collection Set: 0.29ms
[74.091s][info][gc,phases   ] GC(172)   Merge Heap Roots: 0.09ms
[74.091s][info][gc,phases   ] GC(172)   Evacuate Collection Set: 4.66ms
[74.091s][info][gc,phases   ] GC(172)   Post Evacuate Collection Set: 0.54ms
[74.091s][info][gc,phases   ] GC(172)   Other: 0.09ms
[74.091s][info][gc,heap     ] GC(172) Eden regions: 248->0(250)
[74.091s][info][gc,heap     ] GC(172) Survivor regions: 4->3(32)
[74.091s][info][gc,heap     ] GC(172) Old regions: 59->59
[74.091s][info][gc,heap     ] GC(172) Humongous regions: 207->207
[74.091s][info][gc,metaspace] GC(172) Metaspace: 56055K(56384K)->56055K(56384K) NonClass: 50436K(50688K)->50436K(50688K) Class: 5618K(5696K)->5618K(5696K)
[74.091s][info][gc          ] GC(172) Pause Young (Concurrent Start) (G1 Evacuation Pause) 516M->268M(550M) 5.824ms
[74.091s][info][gc,cpu      ] GC(172) User=0.01s Sys=0.00s Real=0.00s
[74.091s][info][gc          ] GC(173) Concurrent Mark Cycle
[74.091s][info][gc,marking  ] GC(173) Concurrent Scan Root Regions
[74.098s][info][gc,marking  ] GC(173) Concurrent Scan Root Regions 7.136ms
[74.098s][info][gc,marking  ] GC(173) Concurrent Mark
[74.098s][info][gc,marking  ] GC(173) Concurrent Mark From Roots
[74.098s][info][gc,task     ] GC(173) Using 1 workers of 1 for marking
[74.140s][info][gc,marking  ] GC(173) Concurrent Mark From Roots 41.898ms
[74.140s][info][gc,marking  ] GC(173) Concurrent Preclean
[74.140s][info][gc,marking  ] GC(173) Concurrent Preclean 0.074ms
[74.140s][info][gc,start    ] GC(173) Pause Remark
[74.148s][info][gc          ] GC(173) Pause Remark 279M->279M(550M) 7.822ms
[74.148s][info][gc,cpu      ] GC(173) User=0.01s Sys=0.00s Real=0.01s
[74.148s][info][gc,marking  ] GC(173) Concurrent Mark 50.538ms
[74.148s][info][gc,marking  ] GC(173) Concurrent Rebuild Remembered Sets and Scrub Regions
[74.182s][info][gc,marking  ] GC(173) Concurrent Rebuild Remembered Sets and Scrub Regions 33.317ms
[74.182s][info][gc,start    ] GC(173) Pause Cleanup
[74.182s][info][gc          ] GC(173) Pause Cleanup 301M->301M(550M) 0.090ms
[74.182s][info][gc,cpu      ] GC(173) User=0.00s Sys=0.00s Real=0.00s
[74.182s][info][gc,marking  ] GC(173) Concurrent Clear Claimed Marks
[74.182s][info][gc,marking  ] GC(173) Concurrent Clear Claimed Marks 0.191ms
[74.182s][info][gc,marking  ] GC(173) Concurrent Cleanup for Next Mark
[74.187s][info][gc,marking  ] GC(173) Concurrent Cleanup for Next Mark 4.998ms
[74.187s][info][gc          ] GC(173) Concurrent Mark Cycle 96.863ms
[74.797s][info][gc,start    ] GC(174) Pause Young (Prepare Mixed) (G1 Evacuation Pause)
[74.797s][info][gc,task     ] GC(174) Using 2 workers of 2 for evacuation
[74.800s][info][gc,phases   ] GC(174)   Pre Evacuate Collection Set: 0.26ms
[74.800s][info][gc,phases   ] GC(174)   Merge Heap Roots: 0.11ms
[74.800s][info][gc,phases   ] GC(174)   Evacuate Collection Set: 2.50ms
[74.800s][info][gc,phases   ] GC(174)   Post Evacuate Collection Set: 0.52ms
[74.800s][info][gc,phases   ] GC(174)   Other: 0.09ms
[74.800s][info][gc,heap     ] GC(174) Eden regions: 250->0(254)
[74.800s][info][gc,heap     ] GC(174) Survivor regions: 3->1(32)
[74.800s][info][gc,heap     ] GC(174) Old regions: 59->59
[74.800s][info][gc,heap     ] GC(174) Humongous regions: 207->207
[74.800s][info][gc,metaspace] GC(174) Metaspace: 56056K(56384K)->56056K(56384K) NonClass: 50437K(50688K)->50437K(50688K) Class: 5618K(5696K)->5618K(5696K)
[74.800s][info][gc          ] GC(174) Pause Young (Prepare Mixed) (G1 Evacuation Pause) 518M->266M(550M) 3.661ms
[74.800s][info][gc,cpu      ] GC(174) User=0.01s Sys=0.00s Real=0.00s
[75.453s][info][gc,start    ] GC(175) Pause Young (Mixed) (G1 Evacuation Pause)
[75.453s][info][gc,task     ] GC(175) Using 2 workers of 2 for evacuation
[75.458s][info][gc,phases   ] GC(175)   Pre Evacuate Collection Set: 0.23ms
[75.458s][info][gc,phases   ] GC(175)   Merge Heap Roots: 0.11ms
[75.458s][info][gc,phases   ] GC(175)   Evacuate Collection Set: 3.83ms
[75.458s][info][gc,phases   ] GC(175)   Post Evacuate Collection Set: 0.59ms
[75.458s][info][gc,phases   ] GC(175)   Other: 0.07ms
[75.458s][info][gc,heap     ] GC(175) Eden regions: 254->0(255)
[75.458s][info][gc,heap     ] GC(175) Survivor regions: 1->1(32)
[75.458s][info][gc,heap     ] GC(175) Old regions: 59->58
[75.458s][info][gc,heap     ] GC(175) Humongous regions: 207->207
[75.458s][info][gc,metaspace] GC(175) Metaspace: 56056K(56384K)->56056K(56384K) NonClass: 50437K(50688K)->50437K(50688K) Class: 5618K(5696K)->5618K(5696K)
[75.458s][info][gc          ] GC(175) Pause Young (Mixed) (G1 Evacuation Pause) 520M->265M(550M) 4.994ms
[75.458s][info][gc,cpu      ] GC(175) User=0.01s Sys=0.00s Real=0.00s
[76.062s][info][gc,start    ] GC(176) Pause Young (Concurrent Start) (G1 Evacuation Pause)
[76.062s][info][gc,task     ] GC(176) Using 2 workers of 2 for evacuation
[76.067s][info][gc,phases   ] GC(176)   Pre Evacuate Collection Set: 0.26ms
[76.067s][info][gc,phases   ] GC(176)   Merge Heap Roots: 0.10ms
[76.067s][info][gc,phases   ] GC(176)   Evacuate Collection Set: 3.73ms
[76.067s][info][gc,phases   ] GC(176)   Post Evacuate Collection Set: 0.53ms
[76.067s][info][gc,phases   ] GC(176)   Other: 0.09ms
[76.067s][info][gc,heap     ] GC(176) Eden regions: 255->0(251)
[76.067s][info][gc,heap     ] GC(176) Survivor regions: 1->3(32)
[76.067s][info][gc,heap     ] GC(176) Old regions: 58->58
[76.067s][info][gc,heap     ] GC(176) Humongous regions: 207->207
[76.067s][info][gc,metaspace] GC(176) Metaspace: 56056K(56384K)->56056K(56384K) NonClass: 50437K(50688K)->50437K(50688K) Class: 5618K(5696K)->5618K(5696K)
[76.067s][info][gc          ] GC(176) Pause Young (Concurrent Start) (G1 Evacuation Pause) 520M->266M(550M) 4.892ms
[76.067s][info][gc          ] GC(177) Concurrent Mark Cycle
[76.067s][info][gc,marking  ] GC(177) Concurrent Scan Root Regions
[76.067s][info][gc,cpu      ] GC(176) User=0.01s Sys=0.00s Real=0.00s
[76.071s][info][gc,marking  ] GC(177) Concurrent Scan Root Regions 3.989ms
[76.071s][info][gc,marking  ] GC(177) Concurrent Mark
[76.071s][info][gc,marking  ] GC(177) Concurrent Mark From Roots
[76.071s][info][gc,task     ] GC(177) Using 1 workers of 1 for marking
[76.132s][info][gc,marking  ] GC(177) Concurrent Mark From Roots 61.123ms
[76.132s][info][gc,marking  ] GC(177) Concurrent Preclean
[76.132s][info][gc,marking  ] GC(177) Concurrent Preclean 0.062ms
[76.133s][info][gc,start    ] GC(177) Pause Remark
[76.140s][info][gc          ] GC(177) Pause Remark 297M->297M(550M) 7.797ms
[76.140s][info][gc,cpu      ] GC(177) User=0.02s Sys=0.00s Real=0.00s
[76.141s][info][gc,marking  ] GC(177) Concurrent Mark 69.331ms
[76.141s][info][gc,marking  ] GC(177) Concurrent Rebuild Remembered Sets and Scrub Regions
[76.156s][info][gc,marking  ] GC(177) Concurrent Rebuild Remembered Sets and Scrub Regions 15.700ms
[76.156s][info][gc,start    ] GC(177) Pause Cleanup
[76.156s][info][gc          ] GC(177) Pause Cleanup 301M->301M(550M) 0.057ms
[76.156s][info][gc,cpu      ] GC(177) User=0.00s Sys=0.00s Real=0.00s
[76.157s][info][gc,marking  ] GC(177) Concurrent Clear Claimed Marks
[76.157s][info][gc,marking  ] GC(177) Concurrent Clear Claimed Marks 0.084ms
[76.157s][info][gc,marking  ] GC(177) Concurrent Cleanup for Next Mark
[76.158s][info][gc,marking  ] GC(177) Concurrent Cleanup for Next Mark 1.595ms
[76.158s][info][gc          ] GC(177) Concurrent Mark Cycle 91.169ms
[76.669s][info][gc,start    ] GC(178) Pause Young (Prepare Mixed) (G1 Evacuation Pause)
[76.669s][info][gc,task     ] GC(178) Using 2 workers of 2 for evacuation
[76.674s][info][gc,phases   ] GC(178)   Pre Evacuate Collection Set: 0.26ms
[76.674s][info][gc,phases   ] GC(178)   Merge Heap Roots: 0.13ms
[76.674s][info][gc,phases   ] GC(178)   Evacuate Collection Set: 3.85ms
[76.674s][info][gc,phases   ] GC(178)   Post Evacuate Collection Set: 0.52ms
[76.674s][info][gc,phases   ] GC(178)   Other: 0.10ms
[76.674s][info][gc,heap     ] GC(178) Eden regions: 251->0(251)
[76.674s][info][gc,heap     ] GC(178) Survivor regions: 3->3(32)
[76.674s][info][gc,heap     ] GC(178) Old regions: 58->58
[76.674s][info][gc,heap     ] GC(178) Humongous regions: 207->207
[76.674s][info][gc,metaspace] GC(178) Metaspace: 56056K(56384K)->56056K(56384K) NonClass: 50437K(50688K)->50437K(50688K) Class: 5618K(5696K)->5618K(5696K)
[76.674s][info][gc          ] GC(178) Pause Young (Prepare Mixed) (G1 Evacuation Pause) 517M->266M(550M) 5.015ms
[76.674s][info][gc,cpu      ] GC(178) User=0.00s Sys=0.00s Real=0.01s
[77.282s][info][gc,start    ] GC(179) Pause Young (Mixed) (G1 Evacuation Pause)
[77.282s][info][gc,task     ] GC(179) Using 2 workers of 2 for evacuation
[77.290s][info][gc,phases   ] GC(179)   Pre Evacuate Collection Set: 0.24ms
[77.290s][info][gc,phases   ] GC(179)   Merge Heap Roots: 0.11ms
[77.290s][info][gc,phases   ] GC(179)   Evacuate Collection Set: 6.82ms
[77.290s][info][gc,phases   ] GC(179)   Post Evacuate Collection Set: 0.60ms
[77.290s][info][gc,phases   ] GC(179)   Other: 0.07ms
[77.290s][info][gc,heap     ] GC(179) Eden regions: 251->0(250)
[77.290s][info][gc,heap     ] GC(179) Survivor regions: 3->4(32)
[77.290s][info][gc,heap     ] GC(179) Old regions: 58->57
[77.290s][info][gc,heap     ] GC(179) Humongous regions: 207->207
[77.290s][info][gc,metaspace] GC(179) Metaspace: 56056K(56384K)->56056K(56384K) NonClass: 50437K(50688K)->50437K(50688K) Class: 5618K(5696K)->5618K(5696K)
[77.290s][info][gc          ] GC(179) Pause Young (Mixed) (G1 Evacuation Pause) 517M->266M(550M) 8.045ms
[77.290s][info][gc,cpu      ] GC(179) User=0.01s Sys=0.00s Real=0.00s
[77.928s][info][gc,start    ] GC(180) Pause Young (Concurrent Start) (G1 Evacuation Pause)
[77.928s][info][gc,task     ] GC(180) Using 2 workers of 2 for evacuation
[77.933s][info][gc,phases   ] GC(180)   Pre Evacuate Collection Set: 0.27ms
[77.933s][info][gc,phases   ] GC(180)   Merge Heap Roots: 0.10ms
[77.933s][info][gc,phases   ] GC(180)   Evacuate Collection Set: 4.56ms
[77.933s][info][gc,phases   ] GC(180)   Post Evacuate Collection Set: 0.55ms
[77.933s][info][gc,phases   ] GC(180)   Other: 0.11ms
[77.933s][info][gc,heap     ] GC(180) Eden regions: 250->0(252)
[77.933s][info][gc,heap     ] GC(180) Survivor regions: 4->3(32)
[77.933s][info][gc,heap     ] GC(180) Old regions: 57->57
[77.933s][info][gc,heap     ] GC(180) Humongous regions: 207->207
[77.933s][info][gc,metaspace] GC(180) Metaspace: 56056K(56384K)->56056K(56384K) NonClass: 50437K(50688K)->50437K(50688K) Class: 5618K(5696K)->5618K(5696K)
[77.933s][info][gc          ] GC(180) Pause Young (Concurrent Start) (G1 Evacuation Pause) 516M->266M(550M) 5.752ms
[77.933s][info][gc,cpu      ] GC(180) User=0.01s Sys=0.00s Real=0.01s
[77.933s][info][gc          ] GC(181) Concurrent Mark Cycle
[77.933s][info][gc,marking  ] GC(181) Concurrent Scan Root Regions
[77.938s][info][gc,marking  ] GC(181) Concurrent Scan Root Regions 4.424ms
[77.938s][info][gc,marking  ] GC(181) Concurrent Mark
[77.938s][info][gc,marking  ] GC(181) Concurrent Mark From Roots
[77.938s][info][gc,task     ] GC(181) Using 1 workers of 1 for marking
[78.009s][info][gc,marking  ] GC(181) Concurrent Mark From Roots 71.252ms
[78.009s][info][gc,marking  ] GC(181) Concurrent Preclean
[78.009s][info][gc,marking  ] GC(181) Concurrent Preclean 0.067ms
[78.009s][info][gc,start    ] GC(181) Pause Remark
[78.017s][info][gc          ] GC(181) Pause Remark 314M->314M(550M) 8.029ms
[78.017s][info][gc,cpu      ] GC(181) User=0.02s Sys=0.00s Real=0.01s
[78.018s][info][gc,marking  ] GC(181) Concurrent Mark 80.084ms
[78.018s][info][gc,marking  ] GC(181) Concurrent Rebuild Remembered Sets and Scrub Regions
[78.034s][info][gc,marking  ] GC(181) Concurrent Rebuild Remembered Sets and Scrub Regions 15.484ms
[78.034s][info][gc,start    ] GC(181) Pause Cleanup
[78.034s][info][gc          ] GC(181) Pause Cleanup 314M->314M(550M) 0.061ms
[78.034s][info][gc,cpu      ] GC(181) User=0.00s Sys=0.00s Real=0.00s
[78.034s][info][gc,marking  ] GC(181) Concurrent Clear Claimed Marks
[78.034s][info][gc,marking  ] GC(181) Concurrent Clear Claimed Marks 0.087ms
[78.034s][info][gc,marking  ] GC(181) Concurrent Cleanup for Next Mark
[78.035s][info][gc,marking  ] GC(181) Concurrent Cleanup for Next Mark 1.590ms
[78.035s][info][gc          ] GC(181) Concurrent Mark Cycle 101.977ms
[78.550s][info][gc,start    ] GC(182) Pause Young (Prepare Mixed) (G1 Evacuation Pause)
[78.551s][info][gc,task     ] GC(182) Using 2 workers of 2 for evacuation
[78.553s][info][gc,phases   ] GC(182)   Pre Evacuate Collection Set: 0.23ms
[78.553s][info][gc,phases   ] GC(182)   Merge Heap Roots: 0.11ms
[78.553s][info][gc,phases   ] GC(182)   Evacuate Collection Set: 1.83ms
[78.553s][info][gc,phases   ] GC(182)   Post Evacuate Collection Set: 0.56ms
[78.553s][info][gc,phases   ] GC(182)   Other: 0.07ms
[78.553s][info][gc,heap     ] GC(182) Eden regions: 252->0(256)
[78.553s][info][gc,heap     ] GC(182) Survivor regions: 3->1(32)
[78.553s][info][gc,heap     ] GC(182) Old regions: 57->57
[78.553s][info][gc,heap     ] GC(182) Humongous regions: 207->207
[78.553s][info][gc,metaspace] GC(182) Metaspace: 56056K(56384K)->56056K(56384K) NonClass: 50437K(50688K)->50437K(50688K) Class: 5618K(5696K)->5618K(5696K)
[78.553s][info][gc          ] GC(182) Pause Young (Prepare Mixed) (G1 Evacuation Pause) 518M->263M(550M) 2.956ms
[78.553s][info][gc,cpu      ] GC(182) User=0.01s Sys=0.00s Real=0.01s
[79.163s][info][gc,start    ] GC(183) Pause Young (Mixed) (G1 Evacuation Pause)
[79.163s][info][gc,task     ] GC(183) Using 2 workers of 2 for evacuation
[79.169s][info][gc,phases   ] GC(183)   Pre Evacuate Collection Set: 0.26ms
[79.169s][info][gc,phases   ] GC(183)   Merge Heap Roots: 0.10ms
[79.169s][info][gc,phases   ] GC(183)   Evacuate Collection Set: 4.83ms
[79.169s][info][gc,phases   ] GC(183)   Post Evacuate Collection Set: 0.61ms
[79.169s][info][gc,phases   ] GC(183)   Other: 0.07ms
[79.169s][info][gc,heap     ] GC(183) Eden regions: 256->0(255)
[79.169s][info][gc,heap     ] GC(183) Survivor regions: 1->2(33)
[79.169s][info][gc,heap     ] GC(183) Old regions: 57->56
[79.169s][info][gc,heap     ] GC(183) Humongous regions: 207->207
[79.169s][info][gc,metaspace] GC(183) Metaspace: 56056K(56384K)->56056K(56384K) NonClass: 50437K(50688K)->50437K(50688K) Class: 5618K(5696K)->5618K(5696K)
[79.169s][info][gc          ] GC(183) Pause Young (Mixed) (G1 Evacuation Pause) 519M->264M(550M) 6.071ms
[79.169s][info][gc,cpu      ] GC(183) User=0.01s Sys=0.00s Real=0.00s
[79.772s][info][gc,start    ] GC(184) Pause Young (Concurrent Start) (G1 Evacuation Pause)
[79.772s][info][gc,task     ] GC(184) Using 2 workers of 2 for evacuation
[79.779s][info][gc,phases   ] GC(184)   Pre Evacuate Collection Set: 0.27ms
[79.779s][info][gc,phases   ] GC(184)   Merge Heap Roots: 0.08ms
[79.779s][info][gc,phases   ] GC(184)   Evacuate Collection Set: 5.76ms
[79.779s][info][gc,phases   ] GC(184)   Post Evacuate Collection Set: 0.53ms
[79.779s][info][gc,phases   ] GC(184)   Other: 0.09ms
[79.779s][info][gc,heap     ] GC(184) Eden regions: 255->0(251)
[79.779s][info][gc,heap     ] GC(184) Survivor regions: 2->4(33)
[79.779s][info][gc,heap     ] GC(184) Old regions: 56->56
[79.779s][info][gc,heap     ] GC(184) Humongous regions: 207->207
[79.779s][info][gc,metaspace] GC(184) Metaspace: 56056K(56384K)->56056K(56384K) NonClass: 50437K(50688K)->50437K(50688K) Class: 5618K(5696K)->5618K(5696K)
[79.779s][info][gc          ] GC(184) Pause Young (Concurrent Start) (G1 Evacuation Pause) 519M->266M(550M) 6.903ms
[79.779s][info][gc,cpu      ] GC(184) User=0.01s Sys=0.00s Real=0.00s
[79.779s][info][gc          ] GC(185) Concurrent Mark Cycle
[79.781s][info][gc,marking  ] GC(185) Concurrent Scan Root Regions
[79.787s][info][gc,marking  ] GC(185) Concurrent Scan Root Regions 5.918ms
[79.787s][info][gc,marking  ] GC(185) Concurrent Mark
[79.787s][info][gc,marking  ] GC(185) Concurrent Mark From Roots
[79.787s][info][gc,task     ] GC(185) Using 1 workers of 1 for marking
[79.835s][info][gc,marking  ] GC(185) Concurrent Mark From Roots 48.081ms
[79.835s][info][gc,marking  ] GC(185) Concurrent Preclean
[79.835s][info][gc,marking  ] GC(185) Concurrent Preclean 0.063ms
[79.835s][info][gc,start    ] GC(185) Pause Remark
[79.843s][info][gc          ] GC(185) Pause Remark 283M->283M(550M) 8.208ms
[79.843s][info][gc,cpu      ] GC(185) User=0.01s Sys=0.00s Real=0.01s
[79.844s][info][gc,marking  ] GC(185) Concurrent Mark 56.852ms
[79.844s][info][gc,marking  ] GC(185) Concurrent Rebuild Remembered Sets and Scrub Regions
[79.859s][info][gc,marking  ] GC(185) Concurrent Rebuild Remembered Sets and Scrub Regions 15.561ms
[79.860s][info][gc,start    ] GC(185) Pause Cleanup
[79.860s][info][gc          ] GC(185) Pause Cleanup 289M->289M(550M) 0.053ms
[79.860s][info][gc,cpu      ] GC(185) User=0.00s Sys=0.00s Real=0.00s
[79.860s][info][gc,marking  ] GC(185) Concurrent Clear Claimed Marks
[79.860s][info][gc,marking  ] GC(185) Concurrent Clear Claimed Marks 0.080ms
[79.860s][info][gc,marking  ] GC(185) Concurrent Cleanup for Next Mark
[79.861s][info][gc,marking  ] GC(185) Concurrent Cleanup for Next Mark 1.592ms
[79.861s][info][gc          ] GC(185) Concurrent Mark Cycle 82.180ms
[80.380s][info][gc,start    ] GC(186) Pause Young (Prepare Mixed) (G1 Evacuation Pause)
[80.380s][info][gc,task     ] GC(186) Using 2 workers of 2 for evacuation
[80.386s][info][gc,phases   ] GC(186)   Pre Evacuate Collection Set: 0.26ms
[80.386s][info][gc,phases   ] GC(186)   Merge Heap Roots: 0.11ms
[80.386s][info][gc,phases   ] GC(186)   Evacuate Collection Set: 4.67ms
[80.386s][info][gc,phases   ] GC(186)   Post Evacuate Collection Set: 0.55ms
[80.386s][info][gc,phases   ] GC(186)   Other: 0.07ms
[80.386s][info][gc,heap     ] GC(186) Eden regions: 251->0(253)
[80.386s][info][gc,heap     ] GC(186) Survivor regions: 4->3(32)
[80.386s][info][gc,heap     ] GC(186) Old regions: 56->56
[80.386s][info][gc,heap     ] GC(186) Humongous regions: 207->207
[80.386s][info][gc,metaspace] GC(186) Metaspace: 56056K(56384K)->56056K(56384K) NonClass: 50437K(50688K)->50437K(50688K) Class: 5618K(5696K)->5618K(5696K)
[80.386s][info][gc          ] GC(186) Pause Young (Prepare Mixed) (G1 Evacuation Pause) 517M->265M(550M) 5.840ms
[80.386s][info][gc,cpu      ] GC(186) User=0.01s Sys=0.00s Real=0.01s
[81.046s][info][gc,start    ] GC(187) Pause Young (Mixed) (G1 Evacuation Pause)
[81.046s][info][gc,task     ] GC(187) Using 2 workers of 2 for evacuation
[81.052s][info][gc,phases   ] GC(187)   Pre Evacuate Collection Set: 0.27ms
[81.052s][info][gc,phases   ] GC(187)   Merge Heap Roots: 0.13ms
[81.052s][info][gc,phases   ] GC(187)   Evacuate Collection Set: 5.55ms
[81.052s][info][gc,phases   ] GC(187)   Post Evacuate Collection Set: 0.65ms
[81.052s][info][gc,phases   ] GC(187)   Other: 0.10ms
[81.052s][info][gc,heap     ] GC(187) Eden regions: 253->0(256)
[81.052s][info][gc,heap     ] GC(187) Survivor regions: 3->2(32)
[81.052s][info][gc,heap     ] GC(187) Old regions: 56->55
[81.052s][info][gc,heap     ] GC(187) Humongous regions: 207->207
[81.052s][info][gc,metaspace] GC(187) Metaspace: 56056K(56384K)->56056K(56384K) NonClass: 50437K(50688K)->50437K(50688K) Class: 5618K(5696K)->5618K(5696K)
[81.053s][info][gc          ] GC(187) Pause Young (Mixed) (G1 Evacuation Pause) 518M->263M(550M) 6.862ms
[81.053s][info][gc,cpu      ] GC(187) User=0.01s Sys=0.00s Real=0.01s
[81.658s][info][gc,start    ] GC(188) Pause Young (Concurrent Start) (G1 Evacuation Pause)
[81.658s][info][gc,task     ] GC(188) Using 2 workers of 2 for evacuation
[81.662s][info][gc,phases   ] GC(188)   Pre Evacuate Collection Set: 0.27ms
[81.663s][info][gc,phases   ] GC(188)   Merge Heap Roots: 0.10ms
[81.663s][info][gc,phases   ] GC(188)   Evacuate Collection Set: 3.14ms
[81.663s][info][gc,phases   ] GC(188)   Post Evacuate Collection Set: 0.53ms
[81.663s][info][gc,phases   ] GC(188)   Other: 0.09ms
[81.663s][info][gc,heap     ] GC(188) Eden regions: 256->0(255)
[81.663s][info][gc,heap     ] GC(188) Survivor regions: 2->2(33)
[81.663s][info][gc,heap     ] GC(188) Old regions: 55->56
[81.663s][info][gc,heap     ] GC(188) Humongous regions: 207->207
[81.663s][info][gc,metaspace] GC(188) Metaspace: 56056K(56384K)->56056K(56384K) NonClass: 50437K(50688K)->50437K(50688K) Class: 5618K(5696K)->5618K(5696K)
[81.663s][info][gc          ] GC(188) Pause Young (Concurrent Start) (G1 Evacuation Pause) 519M->264M(550M) 4.286ms
[81.663s][info][gc,cpu      ] GC(188) User=0.01s Sys=0.00s Real=0.01s
[81.663s][info][gc          ] GC(189) Concurrent Mark Cycle
[81.663s][info][gc,marking  ] GC(189) Concurrent Scan Root Regions
[81.666s][info][gc,marking  ] GC(189) Concurrent Scan Root Regions 2.832ms
[81.666s][info][gc,marking  ] GC(189) Concurrent Mark
[81.666s][info][gc,marking  ] GC(189) Concurrent Mark From Roots
[81.666s][info][gc,task     ] GC(189) Using 1 workers of 1 for marking
[81.704s][info][gc,marking  ] GC(189) Concurrent Mark From Roots 38.829ms
[81.704s][info][gc,marking  ] GC(189) Concurrent Preclean
[81.704s][info][gc,marking  ] GC(189) Concurrent Preclean 0.070ms
[81.705s][info][gc,start    ] GC(189) Pause Remark
[81.712s][info][gc          ] GC(189) Pause Remark 289M->289M(550M) 7.799ms
[81.712s][info][gc,cpu      ] GC(189) User=0.02s Sys=0.00s Real=0.01s
[81.712s][info][gc,marking  ] GC(189) Concurrent Mark 46.932ms
[81.712s][info][gc,marking  ] GC(189) Concurrent Rebuild Remembered Sets and Scrub Regions
[81.729s][info][gc,marking  ] GC(189) Concurrent Rebuild Remembered Sets and Scrub Regions 16.930ms
[81.729s][info][gc,start    ] GC(189) Pause Cleanup
[81.730s][info][gc          ] GC(189) Pause Cleanup 294M->294M(550M) 0.057ms
[81.730s][info][gc,cpu      ] GC(189) User=0.00s Sys=0.00s Real=0.00s
[81.730s][info][gc,marking  ] GC(189) Concurrent Clear Claimed Marks
[81.730s][info][gc,marking  ] GC(189) Concurrent Clear Claimed Marks 0.082ms
[81.730s][info][gc,marking  ] GC(189) Concurrent Cleanup for Next Mark
[81.731s][info][gc,marking  ] GC(189) Concurrent Cleanup for Next Mark 1.603ms
[81.731s][info][gc          ] GC(189) Concurrent Mark Cycle 68.632ms
[82.270s][info][gc,start    ] GC(190) Pause Young (Prepare Mixed) (G1 Evacuation Pause)
[82.270s][info][gc,task     ] GC(190) Using 2 workers of 2 for evacuation
[82.274s][info][gc,phases   ] GC(190)   Pre Evacuate Collection Set: 0.27ms
[82.274s][info][gc,phases   ] GC(190)   Merge Heap Roots: 0.12ms
[82.274s][info][gc,phases   ] GC(190)   Evacuate Collection Set: 2.65ms
[82.274s][info][gc,phases   ] GC(190)   Post Evacuate Collection Set: 0.55ms
[82.274s][info][gc,phases   ] GC(190)   Other: 0.08ms
[82.274s][info][gc,heap     ] GC(190) Eden regions: 255->0(255)
[82.274s][info][gc,heap     ] GC(190) Survivor regions: 2->2(33)
[82.274s][info][gc,heap     ] GC(190) Old regions: 56->56
[82.274s][info][gc,heap     ] GC(190) Humongous regions: 207->207
[82.274s][info][gc,metaspace] GC(190) Metaspace: 56056K(56384K)->56056K(56384K) NonClass: 50437K(50688K)->50437K(50688K) Class: 5618K(5696K)->5618K(5696K)
[82.274s][info][gc          ] GC(190) Pause Young (Prepare Mixed) (G1 Evacuation Pause) 519M->263M(550M) 3.840ms
[82.274s][info][gc,cpu      ] GC(190) User=0.00s Sys=0.00s Real=0.01s
[82.884s][info][gc,start    ] GC(191) Pause Young (Mixed) (G1 Evacuation Pause)
[82.884s][info][gc,task     ] GC(191) Using 2 workers of 2 for evacuation
[82.892s][info][gc,phases   ] GC(191)   Pre Evacuate Collection Set: 0.25ms
[82.892s][info][gc,phases   ] GC(191)   Merge Heap Roots: 0.11ms
[82.892s][info][gc,phases   ] GC(191)   Evacuate Collection Set: 6.32ms
[82.892s][info][gc,phases   ] GC(191)   Post Evacuate Collection Set: 0.60ms
[82.892s][info][gc,phases   ] GC(191)   Other: 0.09ms
[82.892s][info][gc,heap     ] GC(191) Eden regions: 255->0(254)
[82.892s][info][gc,heap     ] GC(191) Survivor regions: 2->3(33)
[82.892s][info][gc,heap     ] GC(191) Old regions: 56->55
[82.892s][info][gc,heap     ] GC(191) Humongous regions: 207->207
[82.892s][info][gc,metaspace] GC(191) Metaspace: 56056K(56384K)->56056K(56384K) NonClass: 50437K(50688K)->50437K(50688K) Class: 5618K(5696K)->5618K(5696K)
[82.892s][info][gc          ] GC(191) Pause Young (Mixed) (G1 Evacuation Pause) 518M->263M(550M) 7.560ms
[82.892s][info][gc,cpu      ] GC(191) User=0.01s Sys=0.00s Real=0.01s
[83.553s][info][gc,start    ] GC(192) Pause Young (Concurrent Start) (G1 Evacuation Pause)
[83.553s][info][gc,task     ] GC(192) Using 2 workers of 2 for evacuation
[83.557s][info][gc,phases   ] GC(192)   Pre Evacuate Collection Set: 0.27ms
[83.557s][info][gc,phases   ] GC(192)   Merge Heap Roots: 0.09ms
[83.557s][info][gc,phases   ] GC(192)   Evacuate Collection Set: 2.59ms
[83.557s][info][gc,phases   ] GC(192)   Post Evacuate Collection Set: 0.54ms
[83.557s][info][gc,phases   ] GC(192)   Other: 0.09ms
[83.557s][info][gc,heap     ] GC(192) Eden regions: 254->0(258)
[83.557s][info][gc,heap     ] GC(192) Survivor regions: 3->1(33)
[83.557s][info][gc,heap     ] GC(192) Old regions: 55->55
[83.557s][info][gc,heap     ] GC(192) Humongous regions: 207->207
[83.557s][info][gc,metaspace] GC(192) Metaspace: 56056K(56384K)->56056K(56384K) NonClass: 50437K(50688K)->50437K(50688K) Class: 5618K(5696K)->5618K(5696K)
[83.557s][info][gc          ] GC(192) Pause Young (Concurrent Start) (G1 Evacuation Pause) 517M->262M(550M) 3.761ms
[83.557s][info][gc          ] GC(193) Concurrent Mark Cycle
[83.557s][info][gc,marking  ] GC(193) Concurrent Scan Root Regions
[83.559s][info][gc,cpu      ] GC(192) User=0.01s Sys=0.01s Real=0.00s
[83.559s][info][gc,marking  ] GC(193) Concurrent Scan Root Regions 1.776ms
[83.559s][info][gc,marking  ] GC(193) Concurrent Mark
[83.559s][info][gc,marking  ] GC(193) Concurrent Mark From Roots
[83.559s][info][gc,task     ] GC(193) Using 1 workers of 1 for marking
[83.611s][info][gc,marking  ] GC(193) Concurrent Mark From Roots 52.354ms
[83.611s][info][gc,marking  ] GC(193) Concurrent Preclean
[83.611s][info][gc,marking  ] GC(193) Concurrent Preclean 0.072ms
[83.612s][info][gc,start    ] GC(193) Pause Remark
[83.620s][info][gc          ] GC(193) Pause Remark 296M->296M(550M) 8.114ms
[83.620s][info][gc,cpu      ] GC(193) User=0.02s Sys=0.00s Real=0.00s
[83.620s][info][gc,marking  ] GC(193) Concurrent Mark 61.004ms
[83.620s][info][gc,marking  ] GC(193) Concurrent Rebuild Remembered Sets and Scrub Regions
[83.637s][info][gc,marking  ] GC(193) Concurrent Rebuild Remembered Sets and Scrub Regions 17.292ms
[83.637s][info][gc,start    ] GC(193) Pause Cleanup
[83.638s][info][gc          ] GC(193) Pause Cleanup 300M->300M(550M) 0.062ms
[83.638s][info][gc,cpu      ] GC(193) User=0.00s Sys=0.00s Real=0.00s
[83.638s][info][gc,marking  ] GC(193) Concurrent Clear Claimed Marks
[83.638s][info][gc,marking  ] GC(193) Concurrent Clear Claimed Marks 0.084ms
[83.638s][info][gc,marking  ] GC(193) Concurrent Cleanup for Next Mark
[83.639s][info][gc,marking  ] GC(193) Concurrent Cleanup for Next Mark 1.643ms
[83.639s][info][gc          ] GC(193) Concurrent Mark Cycle 82.075ms
[84.162s][info][gc,start    ] GC(194) Pause Young (Prepare Mixed) (G1 Evacuation Pause)
[84.162s][info][gc,task     ] GC(194) Using 2 workers of 2 for evacuation
[84.167s][info][gc,phases   ] GC(194)   Pre Evacuate Collection Set: 0.24ms
[84.167s][info][gc,phases   ] GC(194)   Merge Heap Roots: 0.12ms
[84.167s][info][gc,phases   ] GC(194)   Evacuate Collection Set: 3.84ms
[84.167s][info][gc,phases   ] GC(194)   Post Evacuate Collection Set: 0.58ms
[84.167s][info][gc,phases   ] GC(194)   Other: 0.08ms
[84.167s][info][gc,heap     ] GC(194) Eden regions: 258->0(254)
[84.167s][info][gc,heap     ] GC(194) Survivor regions: 1->3(33)
[84.167s][info][gc,heap     ] GC(194) Old regions: 55->55
[84.167s][info][gc,heap     ] GC(194) Humongous regions: 207->207
[84.167s][info][gc,metaspace] GC(194) Metaspace: 56056K(56384K)->56056K(56384K) NonClass: 50437K(50688K)->50437K(50688K) Class: 5618K(5696K)->5618K(5696K)
[84.167s][info][gc          ] GC(194) Pause Young (Prepare Mixed) (G1 Evacuation Pause) 520M->263M(550M) 5.017ms
[84.167s][info][gc,cpu      ] GC(194) User=0.01s Sys=0.00s Real=0.00s
[84.771s][info][gc,start    ] GC(195) Pause Young (Mixed) (G1 Evacuation Pause)
[84.771s][info][gc,task     ] GC(195) Using 2 workers of 2 for evacuation
[84.784s][info][gc,phases   ] GC(195)   Pre Evacuate Collection Set: 0.30ms
[84.784s][info][gc,phases   ] GC(195)   Merge Heap Roots: 0.14ms
[84.784s][info][gc,phases   ] GC(195)   Evacuate Collection Set: 11.54ms
[84.784s][info][gc,phases   ] GC(195)   Post Evacuate Collection Set: 0.61ms
[84.784s][info][gc,phases   ] GC(195)   Other: 0.10ms
[84.784s][info][gc,heap     ] GC(195) Eden regions: 254->0(252)
[84.784s][info][gc,heap     ] GC(195) Survivor regions: 3->4(33)
[84.784s][info][gc,heap     ] GC(195) Old regions: 55->55
[84.784s][info][gc,heap     ] GC(195) Humongous regions: 207->207
[84.784s][info][gc,metaspace] GC(195) Metaspace: 56059K(56384K)->56059K(56384K) NonClass: 50440K(50688K)->50440K(50688K) Class: 5618K(5696K)->5618K(5696K)
[84.784s][info][gc          ] GC(195) Pause Young (Mixed) (G1 Evacuation Pause) 517M->264M(550M) 12.878ms
[84.784s][info][gc,cpu      ] GC(195) User=0.02s Sys=0.00s Real=0.01s
[85.415s][info][gc,start    ] GC(196) Pause Young (Concurrent Start) (G1 Evacuation Pause)
[85.415s][info][gc,task     ] GC(196) Using 2 workers of 2 for evacuation
[85.422s][info][gc,phases   ] GC(196)   Pre Evacuate Collection Set: 0.28ms
[85.422s][info][gc,phases   ] GC(196)   Merge Heap Roots: 0.11ms
[85.422s][info][gc,phases   ] GC(196)   Evacuate Collection Set: 5.36ms
[85.422s][info][gc,phases   ] GC(196)   Post Evacuate Collection Set: 0.51ms
[85.422s][info][gc,phases   ] GC(196)   Other: 0.09ms
[85.422s][info][gc,heap     ] GC(196) Eden regions: 252->0(252)
[85.422s][info][gc,heap     ] GC(196) Survivor regions: 4->4(32)
[85.422s][info][gc,heap     ] GC(196) Old regions: 55->55
[85.422s][info][gc,heap     ] GC(196) Humongous regions: 207->207
[85.422s][info][gc,metaspace] GC(196) Metaspace: 56059K(56384K)->56059K(56384K) NonClass: 50440K(50688K)->50440K(50688K) Class: 5618K(5696K)->5618K(5696K)
[85.422s][info][gc          ] GC(196) Pause Young (Concurrent Start) (G1 Evacuation Pause) 516M->264M(550M) 6.531ms
[85.422s][info][gc,cpu      ] GC(196) User=0.01s Sys=0.00s Real=0.01s
[85.422s][info][gc          ] GC(197) Concurrent Mark Cycle
[85.422s][info][gc,marking  ] GC(197) Concurrent Scan Root Regions
[85.429s][info][gc,marking  ] GC(197) Concurrent Scan Root Regions 6.587ms
[85.429s][info][gc,marking  ] GC(197) Concurrent Mark
[85.429s][info][gc,marking  ] GC(197) Concurrent Mark From Roots
[85.429s][info][gc,task     ] GC(197) Using 1 workers of 1 for marking
[85.507s][info][gc,marking  ] GC(197) Concurrent Mark From Roots 78.044ms
[85.507s][info][gc,marking  ] GC(197) Concurrent Preclean
[85.508s][info][gc,marking  ] GC(197) Concurrent Preclean 0.716ms
[85.508s][info][gc,start    ] GC(197) Pause Remark
[85.516s][info][gc          ] GC(197) Pause Remark 316M->316M(550M) 7.834ms
[85.516s][info][gc,cpu      ] GC(197) User=0.02s Sys=0.00s Real=0.01s
[85.516s][info][gc,marking  ] GC(197) Concurrent Mark 86.896ms
[85.516s][info][gc,marking  ] GC(197) Concurrent Rebuild Remembered Sets and Scrub Regions
[85.537s][info][gc,marking  ] GC(197) Concurrent Rebuild Remembered Sets and Scrub Regions 20.793ms
[85.537s][info][gc,start    ] GC(197) Pause Cleanup
[85.537s][info][gc          ] GC(197) Pause Cleanup 321M->321M(550M) 0.071ms
[85.537s][info][gc,cpu      ] GC(197) User=0.00s Sys=0.00s Real=0.00s
[85.537s][info][gc,marking  ] GC(197) Concurrent Clear Claimed Marks
[85.537s][info][gc,marking  ] GC(197) Concurrent Clear Claimed Marks 0.083ms
[85.537s][info][gc,marking  ] GC(197) Concurrent Cleanup for Next Mark
[85.539s][info][gc,marking  ] GC(197) Concurrent Cleanup for Next Mark 1.585ms
[85.539s][info][gc          ] GC(197) Concurrent Mark Cycle 116.793ms
[85.984s][info][gc,start    ] GC(198) Pause Young (Prepare Mixed) (G1 Evacuation Pause)
[85.984s][info][gc,task     ] GC(198) Using 2 workers of 2 for evacuation
[85.989s][info][gc,phases   ] GC(198)   Pre Evacuate Collection Set: 0.25ms
[85.989s][info][gc,phases   ] GC(198)   Merge Heap Roots: 0.10ms
[85.989s][info][gc,phases   ] GC(198)   Evacuate Collection Set: 4.24ms
[85.989s][info][gc,phases   ] GC(198)   Post Evacuate Collection Set: 0.55ms
[85.989s][info][gc,phases   ] GC(198)   Other: 0.09ms
[85.989s][info][gc,heap     ] GC(198) Eden regions: 252->0(254)
[85.989s][info][gc,heap     ] GC(198) Survivor regions: 4->3(32)
[85.989s][info][gc,heap     ] GC(198) Old regions: 55->55
[85.989s][info][gc,heap     ] GC(198) Humongous regions: 207->207
[85.989s][info][gc,metaspace] GC(198) Metaspace: 56059K(56384K)->56059K(56384K) NonClass: 50440K(50688K)->50440K(50688K) Class: 5618K(5696K)->5618K(5696K)
[85.989s][info][gc          ] GC(198) Pause Young (Prepare Mixed) (G1 Evacuation Pause) 516M->264M(550M) 5.386ms
[85.989s][info][gc,cpu      ] GC(198) User=0.01s Sys=0.00s Real=0.00s
[86.597s][info][gc,start    ] GC(199) Pause Young (Mixed) (G1 Evacuation Pause)
[86.597s][info][gc,task     ] GC(199) Using 2 workers of 2 for evacuation
[86.602s][info][gc,phases   ] GC(199)   Pre Evacuate Collection Set: 0.31ms
[86.602s][info][gc,phases   ] GC(199)   Merge Heap Roots: 0.10ms
[86.602s][info][gc,phases   ] GC(199)   Evacuate Collection Set: 3.52ms
[86.602s][info][gc,phases   ] GC(199)   Post Evacuate Collection Set: 0.58ms
[86.602s][info][gc,phases   ] GC(199)   Other: 0.07ms
[86.602s][info][gc,heap     ] GC(199) Eden regions: 254->0(258)
[86.602s][info][gc,heap     ] GC(199) Survivor regions: 3->1(33)
[86.602s][info][gc,heap     ] GC(199) Old regions: 55->55
[86.602s][info][gc,heap     ] GC(199) Humongous regions: 207->207
[86.602s][info][gc,metaspace] GC(199) Metaspace: 56059K(56384K)->56059K(56384K) NonClass: 50440K(50688K)->50440K(50688K) Class: 5618K(5696K)->5618K(5696K)
[86.602s][info][gc          ] GC(199) Pause Young (Mixed) (G1 Evacuation Pause) 518M->262M(550M) 4.753ms
[86.602s][info][gc,cpu      ] GC(199) User=0.00s Sys=0.00s Real=0.01s
[87.260s][info][gc,start    ] GC(200) Pause Young (Concurrent Start) (G1 Evacuation Pause)
[87.260s][info][gc,task     ] GC(200) Using 2 workers of 2 for evacuation
[87.264s][info][gc,phases   ] GC(200)   Pre Evacuate Collection Set: 0.28ms
[87.264s][info][gc,phases   ] GC(200)   Merge Heap Roots: 0.09ms
[87.264s][info][gc,phases   ] GC(200)   Evacuate Collection Set: 2.73ms
[87.264s][info][gc,phases   ] GC(200)   Post Evacuate Collection Set: 0.67ms
[87.264s][info][gc,phases   ] GC(200)   Other: 0.10ms
[87.264s][info][gc,heap     ] GC(200) Eden regions: 258->0(258)
[87.264s][info][gc,heap     ] GC(200) Survivor regions: 1->1(33)
[87.264s][info][gc,heap     ] GC(200) Old regions: 55->55
[87.264s][info][gc,heap     ] GC(200) Humongous regions: 207->207
[87.264s][info][gc,metaspace] GC(200) Metaspace: 56059K(56384K)->56059K(56384K) NonClass: 50440K(50688K)->50440K(50688K) Class: 5618K(5696K)->5618K(5696K)
[87.264s][info][gc          ] GC(200) Pause Young (Concurrent Start) (G1 Evacuation Pause) 520M->262M(550M) 4.049ms
[87.264s][info][gc,cpu      ] GC(200) User=0.00s Sys=0.00s Real=0.01s
[87.264s][info][gc          ] GC(201) Concurrent Mark Cycle
[87.264s][info][gc,marking  ] GC(201) Concurrent Scan Root Regions
[87.266s][info][gc,marking  ] GC(201) Concurrent Scan Root Regions 1.779ms
[87.266s][info][gc,marking  ] GC(201) Concurrent Mark
[87.266s][info][gc,marking  ] GC(201) Concurrent Mark From Roots
[87.266s][info][gc,task     ] GC(201) Using 1 workers of 1 for marking
[87.323s][info][gc,marking  ] GC(201) Concurrent Mark From Roots 57.654ms
[87.323s][info][gc,marking  ] GC(201) Concurrent Preclean
[87.323s][info][gc,marking  ] GC(201) Concurrent Preclean 0.069ms
[87.324s][info][gc,start    ] GC(201) Pause Remark
[87.331s][info][gc          ] GC(201) Pause Remark 292M->292M(550M) 7.765ms
[87.331s][info][gc,cpu      ] GC(201) User=0.01s Sys=0.00s Real=0.01s
[87.332s][info][gc,marking  ] GC(201) Concurrent Mark 65.908ms
[87.332s][info][gc,marking  ] GC(201) Concurrent Rebuild Remembered Sets and Scrub Regions
[87.347s][info][gc,marking  ] GC(201) Concurrent Rebuild Remembered Sets and Scrub Regions 15.370ms
[87.347s][info][gc,start    ] GC(201) Pause Cleanup
[87.347s][info][gc          ] GC(201) Pause Cleanup 292M->292M(550M) 0.061ms
[87.347s][info][gc,cpu      ] GC(201) User=0.00s Sys=0.00s Real=0.00s
[87.347s][info][gc,marking  ] GC(201) Concurrent Clear Claimed Marks
[87.347s][info][gc,marking  ] GC(201) Concurrent Clear Claimed Marks 0.082ms
[87.347s][info][gc,marking  ] GC(201) Concurrent Cleanup for Next Mark
[87.349s][info][gc,marking  ] GC(201) Concurrent Cleanup for Next Mark 1.582ms
[87.349s][info][gc          ] GC(201) Concurrent Mark Cycle 85.105ms
[87.876s][info][gc,start    ] GC(202) Pause Young (Prepare Mixed) (G1 Evacuation Pause)
[87.876s][info][gc,task     ] GC(202) Using 2 workers of 2 for evacuation
[87.882s][info][gc,phases   ] GC(202)   Pre Evacuate Collection Set: 0.24ms
[87.882s][info][gc,phases   ] GC(202)   Merge Heap Roots: 0.11ms
[87.882s][info][gc,phases   ] GC(202)   Evacuate Collection Set: 4.89ms
[87.882s][info][gc,phases   ] GC(202)   Post Evacuate Collection Set: 0.55ms
[87.882s][info][gc,phases   ] GC(202)   Other: 0.11ms
[87.882s][info][gc,heap     ] GC(202) Eden regions: 258->0(252)
[87.882s][info][gc,heap     ] GC(202) Survivor regions: 1->4(33)
[87.882s][info][gc,heap     ] GC(202) Old regions: 55->55
[87.882s][info][gc,heap     ] GC(202) Humongous regions: 207->207
[87.882s][info][gc,metaspace] GC(202) Metaspace: 56060K(56384K)->56060K(56384K) NonClass: 50441K(50688K)->50441K(50688K) Class: 5618K(5696K)->5618K(5696K)
[87.882s][info][gc          ] GC(202) Pause Young (Prepare Mixed) (G1 Evacuation Pause) 520M->265M(550M) 6.071ms
[87.882s][info][gc,cpu      ] GC(202) User=0.01s Sys=0.00s Real=0.01s
[88.482s][info][gc,start    ] GC(203) Pause Young (Mixed) (G1 Evacuation Pause)
[88.482s][info][gc,task     ] GC(203) Using 2 workers of 2 for evacuation
[88.489s][info][gc,phases   ] GC(203)   Pre Evacuate Collection Set: 0.24ms
[88.489s][info][gc,phases   ] GC(203)   Merge Heap Roots: 0.12ms
[88.489s][info][gc,phases   ] GC(203)   Evacuate Collection Set: 6.10ms
[88.490s][info][gc,phases   ] GC(203)   Post Evacuate Collection Set: 0.57ms
[88.490s][info][gc,phases   ] GC(203)   Other: 0.08ms
[88.490s][info][gc,heap     ] GC(203) Eden regions: 252->0(254)
[88.490s][info][gc,heap     ] GC(203) Survivor regions: 4->3(32)
[88.490s][info][gc,heap     ] GC(203) Old regions: 55->55
[88.490s][info][gc,heap     ] GC(203) Humongous regions: 207->207
[88.490s][info][gc,metaspace] GC(203) Metaspace: 56060K(56384K)->56060K(56384K) NonClass: 50441K(50688K)->50441K(50688K) Class: 5618K(5696K)->5618K(5696K)
[88.490s][info][gc          ] GC(203) Pause Young (Mixed) (G1 Evacuation Pause) 516M->264M(550M) 7.282ms
[88.490s][info][gc,cpu      ] GC(203) User=0.02s Sys=0.00s Real=0.00s
[89.087s][info][gc,start    ] GC(204) Pause Young (Concurrent Start) (G1 Evacuation Pause)
[89.087s][info][gc,task     ] GC(204) Using 2 workers of 2 for evacuation
[89.091s][info][gc,phases   ] GC(204)   Pre Evacuate Collection Set: 0.28ms
[89.091s][info][gc,phases   ] GC(204)   Merge Heap Roots: 0.09ms
[89.091s][info][gc,phases   ] GC(204)   Evacuate Collection Set: 3.16ms
[89.091s][info][gc,phases   ] GC(204)   Post Evacuate Collection Set: 0.54ms
[89.091s][info][gc,phases   ] GC(204)   Other: 0.10ms
[89.091s][info][gc,heap     ] GC(204) Eden regions: 254->0(256)
[89.091s][info][gc,heap     ] GC(204) Survivor regions: 3->2(33)
[89.091s][info][gc,heap     ] GC(204) Old regions: 55->55
[89.091s][info][gc,heap     ] GC(204) Humongous regions: 207->207
[89.091s][info][gc,metaspace] GC(204) Metaspace: 56060K(56384K)->56060K(56384K) NonClass: 50441K(50688K)->50441K(50688K) Class: 5618K(5696K)->5618K(5696K)
[89.091s][info][gc          ] GC(204) Pause Young (Concurrent Start) (G1 Evacuation Pause) 518M->262M(550M) 4.333ms
[89.091s][info][gc          ] GC(205) Concurrent Mark Cycle
[89.091s][info][gc,marking  ] GC(205) Concurrent Scan Root Regions
[89.091s][info][gc,cpu      ] GC(204) User=0.01s Sys=0.00s Real=0.01s
[89.094s][info][gc,marking  ] GC(205) Concurrent Scan Root Regions 2.601ms
[89.094s][info][gc,marking  ] GC(205) Concurrent Mark
[89.094s][info][gc,marking  ] GC(205) Concurrent Mark From Roots
[89.094s][info][gc,task     ] GC(205) Using 1 workers of 1 for marking
[89.135s][info][gc,marking  ] GC(205) Concurrent Mark From Roots 40.941ms
[89.135s][info][gc,marking  ] GC(205) Concurrent Preclean
[89.135s][info][gc,marking  ] GC(205) Concurrent Preclean 0.061ms
[89.135s][info][gc,start    ] GC(205) Pause Remark
[89.143s][info][gc          ] GC(205) Pause Remark 268M->268M(550M) 7.648ms
[89.143s][info][gc,cpu      ] GC(205) User=0.02s Sys=0.00s Real=0.01s
[89.143s][info][gc,marking  ] GC(205) Concurrent Mark 48.937ms
[89.143s][info][gc,marking  ] GC(205) Concurrent Rebuild Remembered Sets and Scrub Regions
[89.160s][info][gc,marking  ] GC(205) Concurrent Rebuild Remembered Sets and Scrub Regions 17.109ms
[89.160s][info][gc,start    ] GC(205) Pause Cleanup
[89.160s][info][gc          ] GC(205) Pause Cleanup 275M->275M(550M) 0.053ms
[89.160s][info][gc,cpu      ] GC(205) User=0.00s Sys=0.00s Real=0.00s
[89.161s][info][gc,marking  ] GC(205) Concurrent Clear Claimed Marks
[89.161s][info][gc,marking  ] GC(205) Concurrent Clear Claimed Marks 0.088ms
[89.161s][info][gc,marking  ] GC(205) Concurrent Cleanup for Next Mark
[89.165s][info][gc,marking  ] GC(205) Concurrent Cleanup for Next Mark 3.297ms
[89.165s][info][gc          ] GC(205) Concurrent Mark Cycle 73.372ms
[89.792s][info][gc,start    ] GC(206) Pause Young (Prepare Mixed) (G1 Evacuation Pause)
[89.792s][info][gc,task     ] GC(206) Using 2 workers of 2 for evacuation
[89.808s][info][gc,phases   ] GC(206)   Pre Evacuate Collection Set: 0.58ms
[89.808s][info][gc,phases   ] GC(206)   Merge Heap Roots: 0.25ms
[89.808s][info][gc,phases   ] GC(206)   Evacuate Collection Set: 13.76ms
[89.808s][info][gc,phases   ] GC(206)   Post Evacuate Collection Set: 0.62ms
[89.808s][info][gc,phases   ] GC(206)   Other: 0.09ms
[89.808s][info][gc,heap     ] GC(206) Eden regions: 256->0(254)
[89.808s][info][gc,heap     ] GC(206) Survivor regions: 2->3(33)
[89.808s][info][gc,heap     ] GC(206) Old regions: 55->55
[89.808s][info][gc,heap     ] GC(206) Humongous regions: 207->207
[89.808s][info][gc,metaspace] GC(206) Metaspace: 56060K(56384K)->56060K(56384K) NonClass: 50441K(50688K)->50441K(50688K) Class: 5618K(5696K)->5618K(5696K)
[89.808s][info][gc          ] GC(206) Pause Young (Prepare Mixed) (G1 Evacuation Pause) 518M->264M(550M) 15.490ms
[89.808s][info][gc,cpu      ] GC(206) User=0.01s Sys=0.00s Real=0.01s
[90.369s][info][gc,start    ] GC(207) Pause Young (Mixed) (G1 Evacuation Pause)
[90.369s][info][gc,task     ] GC(207) Using 2 workers of 2 for evacuation
[90.374s][info][gc,phases   ] GC(207)   Pre Evacuate Collection Set: 0.27ms
[90.374s][info][gc,phases   ] GC(207)   Merge Heap Roots: 0.10ms
[90.374s][info][gc,phases   ] GC(207)   Evacuate Collection Set: 3.88ms
[90.374s][info][gc,phases   ] GC(207)   Post Evacuate Collection Set: 0.55ms
[90.374s][info][gc,phases   ] GC(207)   Other: 0.07ms
[90.374s][info][gc,heap     ] GC(207) Eden regions: 254->0(256)
[90.374s][info][gc,heap     ] GC(207) Survivor regions: 3->2(33)
[90.374s][info][gc,heap     ] GC(207) Old regions: 55->55
[90.374s][info][gc,heap     ] GC(207) Humongous regions: 207->207
[90.374s][info][gc,metaspace] GC(207) Metaspace: 56060K(56384K)->56060K(56384K) NonClass: 50441K(50688K)->50441K(50688K) Class: 5618K(5696K)->5618K(5696K)
[90.374s][info][gc          ] GC(207) Pause Young (Mixed) (G1 Evacuation Pause) 518M->263M(550M) 5.047ms
[90.374s][info][gc,cpu      ] GC(207) User=0.01s Sys=0.00s Real=0.01s
[91.090s][info][gc,start    ] GC(208) Pause Young (Concurrent Start) (G1 Evacuation Pause)
[91.090s][info][gc,task     ] GC(208) Using 2 workers of 2 for evacuation
[91.096s][info][gc,phases   ] GC(208)   Pre Evacuate Collection Set: 0.26ms
[91.096s][info][gc,phases   ] GC(208)   Merge Heap Roots: 0.08ms
[91.096s][info][gc,phases   ] GC(208)   Evacuate Collection Set: 4.91ms
[91.096s][info][gc,phases   ] GC(208)   Post Evacuate Collection Set: 0.54ms
[91.096s][info][gc,phases   ] GC(208)   Other: 0.12ms
[91.096s][info][gc,heap     ] GC(208) Eden regions: 256->0(254)
[91.096s][info][gc,heap     ] GC(208) Survivor regions: 2->3(33)
[91.096s][info][gc,heap     ] GC(208) Old regions: 55->55
[91.096s][info][gc,heap     ] GC(208) Humongous regions: 207->207
[91.096s][info][gc,metaspace] GC(208) Metaspace: 56060K(56384K)->56060K(56384K) NonClass: 50441K(50688K)->50441K(50688K) Class: 5618K(5696K)->5618K(5696K)
[91.096s][info][gc          ] GC(208) Pause Young (Concurrent Start) (G1 Evacuation Pause) 519M->264M(550M) 6.086ms
[91.096s][info][gc          ] GC(209) Concurrent Mark Cycle
[91.096s][info][gc,marking  ] GC(209) Concurrent Scan Root Regions
[91.097s][info][gc,cpu      ] GC(208) User=0.01s Sys=0.00s Real=0.01s
[91.103s][info][gc,marking  ] GC(209) Concurrent Scan Root Regions 6.351ms
[91.103s][info][gc,marking  ] GC(209) Concurrent Mark
[91.103s][info][gc,marking  ] GC(209) Concurrent Mark From Roots
[91.103s][info][gc,task     ] GC(209) Using 1 workers of 1 for marking
[91.147s][info][gc,marking  ] GC(209) Concurrent Mark From Roots 44.052ms
[91.147s][info][gc,marking  ] GC(209) Concurrent Preclean
[91.147s][info][gc,marking  ] GC(209) Concurrent Preclean 0.065ms
[91.147s][info][gc,start    ] GC(209) Pause Remark
[91.155s][info][gc          ] GC(209) Pause Remark 281M->281M(550M) 8.072ms
[91.155s][info][gc,cpu      ] GC(209) User=0.01s Sys=0.00s Real=0.01s
[91.156s][info][gc,marking  ] GC(209) Concurrent Mark 53.512ms
[91.156s][info][gc,marking  ] GC(209) Concurrent Rebuild Remembered Sets and Scrub Regions
[91.177s][info][gc,marking  ] GC(209) Concurrent Rebuild Remembered Sets and Scrub Regions 20.765ms
[91.178s][info][gc,start    ] GC(209) Pause Cleanup
[91.178s][info][gc          ] GC(209) Pause Cleanup 296M->296M(550M) 0.071ms
[91.178s][info][gc,cpu      ] GC(209) User=0.00s Sys=0.00s Real=0.00s
[91.178s][info][gc,marking  ] GC(209) Concurrent Clear Claimed Marks
[91.178s][info][gc,marking  ] GC(209) Concurrent Clear Claimed Marks 0.095ms
[91.178s][info][gc,marking  ] GC(209) Concurrent Cleanup for Next Mark
[91.180s][info][gc,marking  ] GC(209) Concurrent Cleanup for Next Mark 1.603ms
[91.180s][info][gc          ] GC(209) Concurrent Mark Cycle 83.394ms
[91.686s][info][gc,start    ] GC(210) Pause Young (Prepare Mixed) (G1 Evacuation Pause)
[91.686s][info][gc,task     ] GC(210) Using 2 workers of 2 for evacuation
[91.690s][info][gc,phases   ] GC(210)   Pre Evacuate Collection Set: 0.26ms
[91.690s][info][gc,phases   ] GC(210)   Merge Heap Roots: 0.10ms
[91.690s][info][gc,phases   ] GC(210)   Evacuate Collection Set: 3.85ms
[91.690s][info][gc,phases   ] GC(210)   Post Evacuate Collection Set: 0.55ms
[91.690s][info][gc,phases   ] GC(210)   Other: 0.09ms
[91.690s][info][gc,heap     ] GC(210) Eden regions: 254->0(254)
[91.690s][info][gc,heap     ] GC(210) Survivor regions: 3->3(33)
[91.690s][info][gc,heap     ] GC(210) Old regions: 55->55
[91.691s][info][gc,heap     ] GC(210) Humongous regions: 207->207
[91.691s][info][gc,metaspace] GC(210) Metaspace: 56060K(56384K)->56060K(56384K) NonClass: 50441K(50688K)->50441K(50688K) Class: 5618K(5696K)->5618K(5696K)
[91.691s][info][gc          ] GC(210) Pause Young (Prepare Mixed) (G1 Evacuation Pause) 518M->263M(550M) 4.999ms
[91.691s][info][gc,cpu      ] GC(210) User=0.01s Sys=0.00s Real=0.00s
[92.352s][info][gc,start    ] GC(211) Pause Young (Mixed) (G1 Evacuation Pause)
[92.352s][info][gc,task     ] GC(211) Using 2 workers of 2 for evacuation
[92.357s][info][gc,phases   ] GC(211)   Pre Evacuate Collection Set: 0.25ms
[92.357s][info][gc,phases   ] GC(211)   Merge Heap Roots: 0.09ms
[92.357s][info][gc,phases   ] GC(211)   Evacuate Collection Set: 3.84ms
[92.357s][info][gc,phases   ] GC(211)   Post Evacuate Collection Set: 0.62ms
[92.357s][info][gc,phases   ] GC(211)   Other: 0.07ms
[92.357s][info][gc,heap     ] GC(211) Eden regions: 254->0(256)
[92.357s][info][gc,heap     ] GC(211) Survivor regions: 3->2(33)
[92.357s][info][gc,heap     ] GC(211) Old regions: 55->55
[92.357s][info][gc,heap     ] GC(211) Humongous regions: 207->207
[92.357s][info][gc,metaspace] GC(211) Metaspace: 56060K(56384K)->56060K(56384K) NonClass: 50441K(50688K)->50441K(50688K) Class: 5618K(5696K)->5618K(5696K)
[92.357s][info][gc          ] GC(211) Pause Young (Mixed) (G1 Evacuation Pause) 517M->262M(550M) 5.036ms
[92.357s][info][gc,cpu      ] GC(211) User=0.01s Sys=0.00s Real=0.00s
[92.961s][info][gc,start    ] GC(212) Pause Young (Concurrent Start) (G1 Evacuation Pause)
[92.961s][info][gc,task     ] GC(212) Using 2 workers of 2 for evacuation
[92.965s][info][gc,phases   ] GC(212)   Pre Evacuate Collection Set: 0.29ms
[92.965s][info][gc,phases   ] GC(212)   Merge Heap Roots: 0.09ms
[92.965s][info][gc,phases   ] GC(212)   Evacuate Collection Set: 3.07ms
[92.965s][info][gc,phases   ] GC(212)   Post Evacuate Collection Set: 0.53ms
[92.965s][info][gc,phases   ] GC(212)   Other: 0.12ms
[92.965s][info][gc,heap     ] GC(212) Eden regions: 256->0(256)
[92.965s][info][gc,heap     ] GC(212) Survivor regions: 2->2(33)
[92.965s][info][gc,heap     ] GC(212) Old regions: 55->55
[92.965s][info][gc,heap     ] GC(212) Humongous regions: 207->207
[92.965s][info][gc,metaspace] GC(212) Metaspace: 56060K(56384K)->56060K(56384K) NonClass: 50441K(50688K)->50441K(50688K) Class: 5618K(5696K)->5618K(5696K)
[92.965s][info][gc          ] GC(212) Pause Young (Concurrent Start) (G1 Evacuation Pause) 518M->262M(550M) 4.268ms
[92.965s][info][gc,cpu      ] GC(212) User=0.01s Sys=0.00s Real=0.01s
[92.965s][info][gc          ] GC(213) Concurrent Mark Cycle
[92.965s][info][gc,marking  ] GC(213) Concurrent Scan Root Regions
[92.974s][info][gc,marking  ] GC(213) Concurrent Scan Root Regions 8.817ms
[92.974s][info][gc,marking  ] GC(213) Concurrent Mark
[92.974s][info][gc,marking  ] GC(213) Concurrent Mark From Roots
[92.974s][info][gc,task     ] GC(213) Using 1 workers of 1 for marking
[93.023s][info][gc,marking  ] GC(213) Concurrent Mark From Roots 48.764ms
[93.023s][info][gc,marking  ] GC(213) Concurrent Preclean
[93.023s][info][gc,marking  ] GC(213) Concurrent Preclean 0.086ms
[93.023s][info][gc,start    ] GC(213) Pause Remark
[93.031s][info][gc          ] GC(213) Pause Remark 291M->291M(550M) 7.821ms
[93.031s][info][gc,cpu      ] GC(213) User=0.01s Sys=0.00s Real=0.00s
[93.031s][info][gc,marking  ] GC(213) Concurrent Mark 56.901ms
[93.031s][info][gc,marking  ] GC(213) Concurrent Rebuild Remembered Sets and Scrub Regions
[93.047s][info][gc,marking  ] GC(213) Concurrent Rebuild Remembered Sets and Scrub Regions 15.400ms
[93.047s][info][gc,start    ] GC(213) Pause Cleanup
[93.047s][info][gc          ] GC(213) Pause Cleanup 291M->291M(550M) 0.044ms
[93.047s][info][gc,cpu      ] GC(213) User=0.00s Sys=0.00s Real=0.00s
[93.047s][info][gc,marking  ] GC(213) Concurrent Clear Claimed Marks
[93.047s][info][gc,marking  ] GC(213) Concurrent Clear Claimed Marks 0.076ms
[93.047s][info][gc,marking  ] GC(213) Concurrent Cleanup for Next Mark
[93.048s][info][gc,marking  ] GC(213) Concurrent Cleanup for Next Mark 1.601ms
[93.048s][info][gc          ] GC(213) Concurrent Mark Cycle 83.036ms
[93.626s][info][gc,start    ] GC(214) Pause Young (Prepare Mixed) (G1 Evacuation Pause)
[93.626s][info][gc,task     ] GC(214) Using 2 workers of 2 for evacuation
[93.631s][info][gc,phases   ] GC(214)   Pre Evacuate Collection Set: 0.29ms
[93.632s][info][gc,phases   ] GC(214)   Merge Heap Roots: 0.12ms
[93.632s][info][gc,phases   ] GC(214)   Evacuate Collection Set: 4.49ms
[93.632s][info][gc,phases   ] GC(214)   Post Evacuate Collection Set: 0.52ms
[93.632s][info][gc,phases   ] GC(214)   Other: 0.07ms
[93.632s][info][gc,heap     ] GC(214) Eden regions: 256->0(254)
[93.632s][info][gc,heap     ] GC(214) Survivor regions: 2->3(33)
[93.632s][info][gc,heap     ] GC(214) Old regions: 55->55
[93.632s][info][gc,heap     ] GC(214) Humongous regions: 207->207
[93.632s][info][gc,metaspace] GC(214) Metaspace: 56060K(56384K)->56060K(56384K) NonClass: 50441K(50688K)->50441K(50688K) Class: 5618K(5696K)->5618K(5696K)
[93.632s][info][gc          ] GC(214) Pause Young (Prepare Mixed) (G1 Evacuation Pause) 518M->264M(550M) 5.655ms
[93.632s][info][gc,cpu      ] GC(214) User=0.01s Sys=0.00s Real=0.01s
[94.186s][info][gc,start    ] GC(215) Pause Young (Mixed) (G1 Evacuation Pause)
[94.186s][info][gc,task     ] GC(215) Using 2 workers of 2 for evacuation
[94.192s][info][gc,phases   ] GC(215)   Pre Evacuate Collection Set: 0.24ms
[94.192s][info][gc,phases   ] GC(215)   Merge Heap Roots: 0.11ms
[94.192s][info][gc,phases   ] GC(215)   Evacuate Collection Set: 5.47ms
[94.192s][info][gc,phases   ] GC(215)   Post Evacuate Collection Set: 0.56ms
[94.192s][info][gc,phases   ] GC(215)   Other: 0.07ms
[94.192s][info][gc,heap     ] GC(215) Eden regions: 254->0(252)
[94.192s][info][gc,heap     ] GC(215) Survivor regions: 3->4(33)
[94.192s][info][gc,heap     ] GC(215) Old regions: 55->55
[94.192s][info][gc,heap     ] GC(215) Humongous regions: 207->207
[94.192s][info][gc,metaspace] GC(215) Metaspace: 56060K(56384K)->56060K(56384K) NonClass: 50441K(50688K)->50441K(50688K) Class: 5618K(5696K)->5618K(5696K)
[94.192s][info][gc          ] GC(215) Pause Young (Mixed) (G1 Evacuation Pause) 518M->264M(550M) 6.616ms
[94.192s][info][gc,cpu      ] GC(215) User=0.01s Sys=0.00s Real=0.01s
[94.800s][info][gc,start    ] GC(216) Pause Young (Concurrent Start) (G1 Evacuation Pause)
[94.800s][info][gc,task     ] GC(216) Using 2 workers of 2 for evacuation
[94.803s][info][gc,phases   ] GC(216)   Pre Evacuate Collection Set: 0.28ms
[94.803s][info][gc,phases   ] GC(216)   Merge Heap Roots: 0.10ms
[94.803s][info][gc,phases   ] GC(216)   Evacuate Collection Set: 2.46ms
[94.803s][info][gc,phases   ] GC(216)   Post Evacuate Collection Set: 0.53ms
[94.803s][info][gc,phases   ] GC(216)   Other: 0.09ms
[94.803s][info][gc,heap     ] GC(216) Eden regions: 252->0(256)
[94.803s][info][gc,heap     ] GC(216) Survivor regions: 4->2(32)
[94.803s][info][gc,heap     ] GC(216) Old regions: 55->55
[94.803s][info][gc,heap     ] GC(216) Humongous regions: 207->207
[94.803s][info][gc,metaspace] GC(216) Metaspace: 56060K(56384K)->56060K(56384K) NonClass: 50441K(50688K)->50441K(50688K) Class: 5618K(5696K)->5618K(5696K)
[94.803s][info][gc          ] GC(216) Pause Young (Concurrent Start) (G1 Evacuation Pause) 516M->263M(550M) 3.643ms
[94.803s][info][gc,cpu      ] GC(216) User=0.01s Sys=0.00s Real=0.01s
[94.803s][info][gc          ] GC(217) Concurrent Mark Cycle
[94.803s][info][gc,marking  ] GC(217) Concurrent Scan Root Regions
[94.805s][info][gc,marking  ] GC(217) Concurrent Scan Root Regions 1.634ms
[94.805s][info][gc,marking  ] GC(217) Concurrent Mark
[94.805s][info][gc,marking  ] GC(217) Concurrent Mark From Roots
[94.805s][info][gc,task     ] GC(217) Using 1 workers of 1 for marking
[94.846s][info][gc,marking  ] GC(217) Concurrent Mark From Roots 40.672ms
[94.846s][info][gc,marking  ] GC(217) Concurrent Preclean
[94.846s][info][gc,marking  ] GC(217) Concurrent Preclean 0.061ms
[94.846s][info][gc,start    ] GC(217) Pause Remark
[94.854s][info][gc          ] GC(217) Pause Remark 265M->265M(550M) 7.636ms
[94.854s][info][gc,cpu      ] GC(217) User=0.02s Sys=0.00s Real=0.01s
[94.854s][info][gc,marking  ] GC(217) Concurrent Mark 49.276ms
[94.854s][info][gc,marking  ] GC(217) Concurrent Rebuild Remembered Sets and Scrub Regions
[94.883s][info][gc,marking  ] GC(217) Concurrent Rebuild Remembered Sets and Scrub Regions 29.118ms
[94.884s][info][gc,start    ] GC(217) Pause Cleanup
[94.884s][info][gc          ] GC(217) Pause Cleanup 289M->289M(550M) 0.064ms
[94.884s][info][gc,cpu      ] GC(217) User=0.00s Sys=0.00s Real=0.00s
[94.885s][info][gc,marking  ] GC(217) Concurrent Clear Claimed Marks
[94.885s][info][gc,marking  ] GC(217) Concurrent Clear Claimed Marks 0.101ms
[94.885s][info][gc,marking  ] GC(217) Concurrent Cleanup for Next Mark
[94.887s][info][gc,marking  ] GC(217) Concurrent Cleanup for Next Mark 2.215ms
[94.887s][info][gc          ] GC(217) Concurrent Mark Cycle 83.786ms
[95.457s][info][gc,start    ] GC(218) Pause Young (Prepare Mixed) (G1 Evacuation Pause)
[95.457s][info][gc,task     ] GC(218) Using 2 workers of 2 for evacuation
[95.462s][info][gc,phases   ] GC(218)   Pre Evacuate Collection Set: 0.25ms
[95.462s][info][gc,phases   ] GC(218)   Merge Heap Roots: 0.11ms
[95.462s][info][gc,phases   ] GC(218)   Evacuate Collection Set: 3.26ms
[95.462s][info][gc,phases   ] GC(218)   Post Evacuate Collection Set: 0.53ms
[95.462s][info][gc,phases   ] GC(218)   Other: 0.07ms
[95.462s][info][gc,heap     ] GC(218) Eden regions: 256->0(254)
[95.462s][info][gc,heap     ] GC(218) Survivor regions: 2->3(33)
[95.462s][info][gc,heap     ] GC(218) Old regions: 55->55
[95.462s][info][gc,heap     ] GC(218) Humongous regions: 207->207
[95.462s][info][gc,metaspace] GC(218) Metaspace: 56060K(56384K)->56060K(56384K) NonClass: 50441K(50688K)->50441K(50688K) Class: 5618K(5696K)->5618K(5696K)
[95.462s][info][gc          ] GC(218) Pause Young (Prepare Mixed) (G1 Evacuation Pause) 519M->263M(550M) 4.403ms
[95.462s][info][gc,cpu      ] GC(218) User=0.00s Sys=0.00s Real=0.01s
[96.089s][info][gc,start    ] GC(219) Pause Young (Mixed) (G1 Evacuation Pause)
[96.089s][info][gc,task     ] GC(219) Using 2 workers of 2 for evacuation
[96.095s][info][gc,phases   ] GC(219)   Pre Evacuate Collection Set: 0.25ms
[96.095s][info][gc,phases   ] GC(219)   Merge Heap Roots: 0.11ms
[96.095s][info][gc,phases   ] GC(219)   Evacuate Collection Set: 4.98ms
[96.095s][info][gc,phases   ] GC(219)   Post Evacuate Collection Set: 0.56ms
[96.095s][info][gc,phases   ] GC(219)   Other: 0.07ms
[96.095s][info][gc,heap     ] GC(219) Eden regions: 254->0(254)
[96.095s][info][gc,heap     ] GC(219) Survivor regions: 3->3(33)
[96.095s][info][gc,heap     ] GC(219) Old regions: 55->55
[96.095s][info][gc,heap     ] GC(219) Humongous regions: 207->207
[96.095s][info][gc,metaspace] GC(219) Metaspace: 56060K(56384K)->56060K(56384K) NonClass: 50441K(50688K)->50441K(50688K) Class: 5618K(5696K)->5618K(5696K)
[96.095s][info][gc          ] GC(219) Pause Young (Mixed) (G1 Evacuation Pause) 517M->263M(550M) 6.140ms
[96.095s][info][gc,cpu      ] GC(219) User=0.01s Sys=0.00s Real=0.01s
[96.681s][info][gc,start    ] GC(220) Pause Young (Concurrent Start) (G1 Evacuation Pause)
[96.681s][info][gc,task     ] GC(220) Using 2 workers of 2 for evacuation
[96.686s][info][gc,phases   ] GC(220)   Pre Evacuate Collection Set: 0.27ms
[96.686s][info][gc,phases   ] GC(220)   Merge Heap Roots: 0.10ms
[96.686s][info][gc,phases   ] GC(220)   Evacuate Collection Set: 4.26ms
[96.686s][info][gc,phases   ] GC(220)   Post Evacuate Collection Set: 0.55ms
[96.686s][info][gc,phases   ] GC(220)   Other: 0.09ms
[96.686s][info][gc,heap     ] GC(220) Eden regions: 254->0(254)
[96.686s][info][gc,heap     ] GC(220) Survivor regions: 3->3(33)
[96.686s][info][gc,heap     ] GC(220) Old regions: 55->55
[96.686s][info][gc,heap     ] GC(220) Humongous regions: 207->207
[96.686s][info][gc,metaspace] GC(220) Metaspace: 56060K(56384K)->56060K(56384K) NonClass: 50441K(50688K)->50441K(50688K) Class: 5618K(5696K)->5618K(5696K)
[96.686s][info][gc          ] GC(220) Pause Young (Concurrent Start) (G1 Evacuation Pause) 517M->263M(550M) 5.482ms
[96.686s][info][gc          ] GC(221) Concurrent Mark Cycle
[96.686s][info][gc,marking  ] GC(221) Concurrent Scan Root Regions
[96.687s][info][gc,cpu      ] GC(220) User=0.01s Sys=0.00s Real=0.01s
[96.690s][info][gc,marking  ] GC(221) Concurrent Scan Root Regions 4.138ms
[96.690s][info][gc,marking  ] GC(221) Concurrent Mark
[96.690s][info][gc,marking  ] GC(221) Concurrent Mark From Roots
[96.690s][info][gc,task     ] GC(221) Using 1 workers of 1 for marking
[96.733s][info][gc,marking  ] GC(221) Concurrent Mark From Roots 42.507ms
[96.733s][info][gc,marking  ] GC(221) Concurrent Preclean
[96.733s][info][gc,marking  ] GC(221) Concurrent Preclean 0.061ms
[96.733s][info][gc,start    ] GC(221) Pause Remark
[96.741s][info][gc          ] GC(221) Pause Remark 273M->273M(550M) 7.853ms
[96.741s][info][gc,cpu      ] GC(221) User=0.02s Sys=0.00s Real=0.00s
[96.741s][info][gc,marking  ] GC(221) Concurrent Mark 50.788ms
[96.741s][info][gc,marking  ] GC(221) Concurrent Rebuild Remembered Sets and Scrub Regions
[96.759s][info][gc,marking  ] GC(221) Concurrent Rebuild Remembered Sets and Scrub Regions 17.548ms
[96.760s][info][gc,start    ] GC(221) Pause Cleanup
[96.760s][info][gc          ] GC(221) Pause Cleanup 281M->281M(550M) 0.067ms
[96.760s][info][gc,cpu      ] GC(221) User=0.00s Sys=0.00s Real=0.00s
[96.760s][info][gc,marking  ] GC(221) Concurrent Clear Claimed Marks
[96.760s][info][gc,marking  ] GC(221) Concurrent Clear Claimed Marks 0.092ms
[96.760s][info][gc,marking  ] GC(221) Concurrent Cleanup for Next Mark
[96.762s][info][gc,marking  ] GC(221) Concurrent Cleanup for Next Mark 1.868ms
[96.762s][info][gc          ] GC(221) Concurrent Mark Cycle 75.440ms
[97.354s][info][gc,start    ] GC(222) Pause Young (Prepare Mixed) (G1 Evacuation Pause)
[97.354s][info][gc,task     ] GC(222) Using 2 workers of 2 for evacuation
[97.357s][info][gc,phases   ] GC(222)   Pre Evacuate Collection Set: 0.25ms
[97.357s][info][gc,phases   ] GC(222)   Merge Heap Roots: 0.12ms
[97.357s][info][gc,phases   ] GC(222)   Evacuate Collection Set: 2.32ms
[97.357s][info][gc,phases   ] GC(222)   Post Evacuate Collection Set: 0.54ms
[97.357s][info][gc,phases   ] GC(222)   Other: 0.07ms
[97.357s][info][gc,heap     ] GC(222) Eden regions: 254->0(256)
[97.357s][info][gc,heap     ] GC(222) Survivor regions: 3->2(33)
[97.357s][info][gc,heap     ] GC(222) Old regions: 55->55
[97.357s][info][gc,heap     ] GC(222) Humongous regions: 207->207
[97.357s][info][gc,metaspace] GC(222) Metaspace: 56060K(56384K)->56060K(56384K) NonClass: 50441K(50688K)->50441K(50688K) Class: 5618K(5696K)->5618K(5696K)
[97.357s][info][gc          ] GC(222) Pause Young (Prepare Mixed) (G1 Evacuation Pause) 517M->263M(550M) 3.451ms
[97.357s][info][gc,cpu      ] GC(222) User=0.00s Sys=0.00s Real=0.00s
[97.964s][info][gc,start    ] GC(223) Pause Young (Mixed) (G1 Evacuation Pause)
[97.964s][info][gc,task     ] GC(223) Using 2 workers of 2 for evacuation
[97.970s][info][gc,phases   ] GC(223)   Pre Evacuate Collection Set: 0.24ms
[97.970s][info][gc,phases   ] GC(223)   Merge Heap Roots: 0.10ms
[97.970s][info][gc,phases   ] GC(223)   Evacuate Collection Set: 4.47ms
[97.970s][info][gc,phases   ] GC(223)   Post Evacuate Collection Set: 0.53ms
[97.970s][info][gc,phases   ] GC(223)   Other: 0.07ms
[97.970s][info][gc,heap     ] GC(223) Eden regions: 256->0(254)
[97.970s][info][gc,heap     ] GC(223) Survivor regions: 2->3(33)
[97.970s][info][gc,heap     ] GC(223) Old regions: 55->55
[97.970s][info][gc,heap     ] GC(223) Humongous regions: 207->207
[97.970s][info][gc,metaspace] GC(223) Metaspace: 56060K(56384K)->56060K(56384K) NonClass: 50441K(50688K)->50441K(50688K) Class: 5618K(5696K)->5618K(5696K)
[97.970s][info][gc          ] GC(223) Pause Young (Mixed) (G1 Evacuation Pause) 519M->263M(550M) 5.609ms
[97.970s][info][gc,cpu      ] GC(223) User=0.01s Sys=0.00s Real=0.00s
[98.594s][info][gc,start    ] GC(224) Pause Young (Concurrent Start) (G1 Evacuation Pause)
[98.594s][info][gc,task     ] GC(224) Using 2 workers of 2 for evacuation
[98.624s][info][gc,phases   ] GC(224)   Pre Evacuate Collection Set: 0.28ms
[98.624s][info][gc,phases   ] GC(224)   Merge Heap Roots: 0.61ms
[98.624s][info][gc,phases   ] GC(224)   Evacuate Collection Set: 28.24ms
[98.624s][info][gc,phases   ] GC(224)   Post Evacuate Collection Set: 0.86ms
[98.624s][info][gc,phases   ] GC(224)   Other: 0.09ms
[98.625s][info][gc,heap     ] GC(224) Eden regions: 254->0(252)
[98.625s][info][gc,heap     ] GC(224) Survivor regions: 3->4(33)
[98.625s][info][gc,heap     ] GC(224) Old regions: 55->55
[98.625s][info][gc,heap     ] GC(224) Humongous regions: 207->207
[98.625s][info][gc,metaspace] GC(224) Metaspace: 56061K(56384K)->56061K(56384K) NonClass: 50442K(50688K)->50442K(50688K) Class: 5618K(5696K)->5618K(5696K)
[98.625s][info][gc          ] GC(224) Pause Young (Concurrent Start) (G1 Evacuation Pause) 517M->265M(550M) 30.270ms
[98.625s][info][gc          ] GC(225) Concurrent Mark Cycle
[98.625s][info][gc,marking  ] GC(225) Concurrent Scan Root Regions
[98.625s][info][gc,cpu      ] GC(224) User=0.02s Sys=0.00s Real=0.03s
[98.630s][info][gc,marking  ] GC(225) Concurrent Scan Root Regions 5.559ms
[98.630s][info][gc,marking  ] GC(225) Concurrent Mark
[98.630s][info][gc,marking  ] GC(225) Concurrent Mark From Roots
[98.630s][info][gc,task     ] GC(225) Using 1 workers of 1 for marking
[98.679s][info][gc,marking  ] GC(225) Concurrent Mark From Roots 48.641ms
[98.679s][info][gc,marking  ] GC(225) Concurrent Preclean
[98.679s][info][gc,marking  ] GC(225) Concurrent Preclean 0.066ms
[98.679s][info][gc,start    ] GC(225) Pause Remark
[98.687s][info][gc          ] GC(225) Pause Remark 267M->267M(550M) 7.868ms
[98.687s][info][gc,cpu      ] GC(225) User=0.02s Sys=0.01s Real=0.01s
[98.687s][info][gc,marking  ] GC(225) Concurrent Mark 57.139ms
[98.687s][info][gc,marking  ] GC(225) Concurrent Rebuild Remembered Sets and Scrub Regions
[98.711s][info][gc,marking  ] GC(225) Concurrent Rebuild Remembered Sets and Scrub Regions 23.687ms
[98.712s][info][gc,start    ] GC(225) Pause Cleanup
[98.712s][info][gc          ] GC(225) Pause Cleanup 278M->278M(550M) 0.071ms
[98.712s][info][gc,cpu      ] GC(225) User=0.00s Sys=0.00s Real=0.00s
[98.712s][info][gc,marking  ] GC(225) Concurrent Clear Claimed Marks
[98.713s][info][gc,marking  ] GC(225) Concurrent Clear Claimed Marks 0.087ms
[98.713s][info][gc,marking  ] GC(225) Concurrent Cleanup for Next Mark
[98.716s][info][gc,marking  ] GC(225) Concurrent Cleanup for Next Mark 3.740ms
[98.716s][info][gc          ] GC(225) Concurrent Mark Cycle 91.712ms
[99.182s][info][gc,start    ] GC(226) Pause Young (Prepare Mixed) (G1 Evacuation Pause)
[99.182s][info][gc,task     ] GC(226) Using 2 workers of 2 for evacuation
[99.187s][info][gc,phases   ] GC(226)   Pre Evacuate Collection Set: 0.25ms
[99.187s][info][gc,phases   ] GC(226)   Merge Heap Roots: 0.10ms
[99.187s][info][gc,phases   ] GC(226)   Evacuate Collection Set: 4.11ms
[99.187s][info][gc,phases   ] GC(226)   Post Evacuate Collection Set: 0.55ms
[99.187s][info][gc,phases   ] GC(226)   Other: 0.07ms
[99.187s][info][gc,heap     ] GC(226) Eden regions: 252->0(254)
[99.187s][info][gc,heap     ] GC(226) Survivor regions: 4->3(32)
[99.187s][info][gc,heap     ] GC(226) Old regions: 55->55
[99.187s][info][gc,heap     ] GC(226) Humongous regions: 207->207
[99.187s][info][gc,metaspace] GC(226) Metaspace: 56061K(56384K)->56061K(56384K) NonClass: 50442K(50688K)->50442K(50688K) Class: 5618K(5696K)->5618K(5696K)
[99.187s][info][gc          ] GC(226) Pause Young (Prepare Mixed) (G1 Evacuation Pause) 517M->264M(550M) 5.263ms
[99.187s][info][gc,cpu      ] GC(226) User=0.01s Sys=0.00s Real=0.00s
[99.795s][info][gc,start    ] GC(227) Pause Young (Mixed) (G1 Evacuation Pause)
[99.795s][info][gc,task     ] GC(227) Using 2 workers of 2 for evacuation
[99.800s][info][gc,phases   ] GC(227)   Pre Evacuate Collection Set: 0.26ms
[99.800s][info][gc,phases   ] GC(227)   Merge Heap Roots: 0.11ms
[99.800s][info][gc,phases   ] GC(227)   Evacuate Collection Set: 4.01ms
[99.800s][info][gc,phases   ] GC(227)   Post Evacuate Collection Set: 0.58ms
[99.800s][info][gc,phases   ] GC(227)   Other: 0.07ms
[99.800s][info][gc,heap     ] GC(227) Eden regions: 254->0(258)
[99.800s][info][gc,heap     ] GC(227) Survivor regions: 3->1(33)
[99.800s][info][gc,heap     ] GC(227) Old regions: 55->55
[99.800s][info][gc,heap     ] GC(227) Humongous regions: 207->207
[99.800s][info][gc,metaspace] GC(227) Metaspace: 56061K(56384K)->56061K(56384K) NonClass: 50442K(50688K)->50442K(50688K) Class: 5618K(5696K)->5618K(5696K)
[99.800s][info][gc          ] GC(227) Pause Young (Mixed) (G1 Evacuation Pause) 518M->262M(550M) 5.193ms
[99.800s][info][gc,cpu      ] GC(227) User=0.01s Sys=0.00s Real=0.00s
[100.461s][info][gc,start    ] GC(228) Pause Young (Concurrent Start) (G1 Evacuation Pause)
[100.461s][info][gc,task     ] GC(228) Using 2 workers of 2 for evacuation
[100.466s][info][gc,phases   ] GC(228)   Pre Evacuate Collection Set: 0.27ms
[100.466s][info][gc,phases   ] GC(228)   Merge Heap Roots: 0.10ms
[100.466s][info][gc,phases   ] GC(228)   Evacuate Collection Set: 3.99ms
[100.466s][info][gc,phases   ] GC(228)   Post Evacuate Collection Set: 0.53ms
[100.466s][info][gc,phases   ] GC(228)   Other: 0.10ms
[100.466s][info][gc,heap     ] GC(228) Eden regions: 258->0(254)
[100.466s][info][gc,heap     ] GC(228) Survivor regions: 1->3(33)
[100.466s][info][gc,heap     ] GC(228) Old regions: 55->55
[100.466s][info][gc,heap     ] GC(228) Humongous regions: 207->207
[100.466s][info][gc,metaspace] GC(228) Metaspace: 56061K(56384K)->56061K(56384K) NonClass: 50442K(50688K)->50442K(50688K) Class: 5618K(5696K)->5618K(5696K)
[100.466s][info][gc          ] GC(228) Pause Young (Concurrent Start) (G1 Evacuation Pause) 520M->263M(550M) 5.154ms
[100.466s][info][gc,cpu      ] GC(228) User=0.01s Sys=0.00s Real=0.01s
[100.466s][info][gc          ] GC(229) Concurrent Mark Cycle
[100.468s][info][gc,marking  ] GC(229) Concurrent Scan Root Regions
[100.473s][info][gc,marking  ] GC(229) Concurrent Scan Root Regions 4.670ms
[100.473s][info][gc,marking  ] GC(229) Concurrent Mark
[100.473s][info][gc,marking  ] GC(229) Concurrent Mark From Roots
[100.473s][info][gc,task     ] GC(229) Using 1 workers of 1 for marking
[100.525s][info][gc,marking  ] GC(229) Concurrent Mark From Roots 52.544ms
[100.525s][info][gc,marking  ] GC(229) Concurrent Preclean
[100.525s][info][gc,marking  ] GC(229) Concurrent Preclean 0.063ms
[100.525s][info][gc,start    ] GC(229) Pause Remark
[100.533s][info][gc          ] GC(229) Pause Remark 294M->294M(550M) 7.773ms
[100.533s][info][gc,cpu      ] GC(229) User=0.01s Sys=0.00s Real=0.01s
[100.533s][info][gc,marking  ] GC(229) Concurrent Mark 60.705ms
[100.533s][info][gc,marking  ] GC(229) Concurrent Rebuild Remembered Sets and Scrub Regions
[100.549s][info][gc,marking  ] GC(229) Concurrent Rebuild Remembered Sets and Scrub Regions 15.934ms
[100.549s][info][gc,start    ] GC(229) Pause Cleanup
[100.549s][info][gc          ] GC(229) Pause Cleanup 295M->295M(550M) 0.042ms
[100.549s][info][gc,cpu      ] GC(229) User=0.00s Sys=0.00s Real=0.00s
[100.549s][info][gc,marking  ] GC(229) Concurrent Clear Claimed Marks
[100.550s][info][gc,marking  ] GC(229) Concurrent Clear Claimed Marks 0.076ms
[100.550s][info][gc,marking  ] GC(229) Concurrent Cleanup for Next Mark
[100.552s][info][gc,marking  ] GC(229) Concurrent Cleanup for Next Mark 2.564ms
[100.552s][info][gc          ] GC(229) Concurrent Mark Cycle 86.103ms
[101.074s][info][gc,start    ] GC(230) Pause Young (Prepare Mixed) (G1 Evacuation Pause)
[101.074s][info][gc,task     ] GC(230) Using 2 workers of 2 for evacuation
[101.079s][info][gc,phases   ] GC(230)   Pre Evacuate Collection Set: 0.24ms
[101.079s][info][gc,phases   ] GC(230)   Merge Heap Roots: 0.11ms
[101.079s][info][gc,phases   ] GC(230)   Evacuate Collection Set: 4.18ms
[101.079s][info][gc,phases   ] GC(230)   Post Evacuate Collection Set: 0.55ms
[101.079s][info][gc,phases   ] GC(230)   Other: 0.08ms
[101.079s][info][gc,heap     ] GC(230) Eden regions: 254->0(254)
[101.079s][info][gc,heap     ] GC(230) Survivor regions: 3->3(33)
[101.079s][info][gc,heap     ] GC(230) Old regions: 55->55
[101.079s][info][gc,heap     ] GC(230) Humongous regions: 207->207
[101.079s][info][gc,metaspace] GC(230) Metaspace: 56061K(56384K)->56061K(56384K) NonClass: 50442K(50688K)->50442K(50688K) Class: 5618K(5696K)->5618K(5696K)
[101.079s][info][gc          ] GC(230) Pause Young (Prepare Mixed) (G1 Evacuation Pause) 517M->263M(550M) 5.350ms
[101.079s][info][gc,cpu      ] GC(230) User=0.01s Sys=0.00s Real=0.00s
[101.739s][info][gc,start    ] GC(231) Pause Young (Mixed) (G1 Evacuation Pause)
[101.739s][info][gc,task     ] GC(231) Using 2 workers of 2 for evacuation
[101.757s][info][gc,phases   ] GC(231)   Pre Evacuate Collection Set: 0.75ms
[101.757s][info][gc,phases   ] GC(231)   Merge Heap Roots: 2.09ms
[101.757s][info][gc,phases   ] GC(231)   Evacuate Collection Set: 14.16ms
[101.761s][info][gc,phases   ] GC(231)   Post Evacuate Collection Set: 0.82ms
[101.761s][info][gc,phases   ] GC(231)   Other: 0.08ms
[101.761s][info][gc,heap     ] GC(231) Eden regions: 254->0(254)
[101.761s][info][gc,heap     ] GC(231) Survivor regions: 3->3(33)
[101.761s][info][gc,heap     ] GC(231) Old regions: 55->55
[101.761s][info][gc,heap     ] GC(231) Humongous regions: 207->207
[101.761s][info][gc,metaspace] GC(231) Metaspace: 56061K(56384K)->56061K(56384K) NonClass: 50442K(50688K)->50442K(50688K) Class: 5618K(5696K)->5618K(5696K)
[101.761s][info][gc          ] GC(231) Pause Young (Mixed) (G1 Evacuation Pause) 517M->264M(550M) 21.881ms
[101.761s][info][gc,cpu      ] GC(231) User=0.01s Sys=0.00s Real=0.03s
[102.301s][info][gc,start    ] GC(232) Pause Young (Concurrent Start) (G1 Evacuation Pause)
[102.301s][info][gc,task     ] GC(232) Using 2 workers of 2 for evacuation
[102.305s][info][gc,phases   ] GC(232)   Pre Evacuate Collection Set: 0.29ms
[102.305s][info][gc,phases   ] GC(232)   Merge Heap Roots: 0.09ms
[102.305s][info][gc,phases   ] GC(232)   Evacuate Collection Set: 2.85ms
[102.305s][info][gc,phases   ] GC(232)   Post Evacuate Collection Set: 0.53ms
[102.305s][info][gc,phases   ] GC(232)   Other: 0.08ms
[102.305s][info][gc,heap     ] GC(232) Eden regions: 254->0(256)
[102.305s][info][gc,heap     ] GC(232) Survivor regions: 3->2(33)
[102.305s][info][gc,heap     ] GC(232) Old regions: 55->55
[102.305s][info][gc,heap     ] GC(232) Humongous regions: 207->207
[102.305s][info][gc,metaspace] GC(232) Metaspace: 56064K(56384K)->56064K(56384K) NonClass: 50445K(50688K)->50445K(50688K) Class: 5618K(5696K)->5618K(5696K)
[102.305s][info][gc          ] GC(232) Pause Young (Concurrent Start) (G1 Evacuation Pause) 518M->262M(550M) 3.998ms
[102.305s][info][gc,cpu      ] GC(232) User=0.01s Sys=0.00s Real=0.01s
[102.305s][info][gc          ] GC(233) Concurrent Mark Cycle
[102.306s][info][gc,marking  ] GC(233) Concurrent Scan Root Regions
[102.308s][info][gc,marking  ] GC(233) Concurrent Scan Root Regions 1.960ms
[102.308s][info][gc,marking  ] GC(233) Concurrent Mark
[102.308s][info][gc,marking  ] GC(233) Concurrent Mark From Roots
[102.308s][info][gc,task     ] GC(233) Using 1 workers of 1 for marking
[102.348s][info][gc,marking  ] GC(233) Concurrent Mark From Roots 39.810ms
[102.348s][info][gc,marking  ] GC(233) Concurrent Preclean
[102.348s][info][gc,marking  ] GC(233) Concurrent Preclean 0.058ms
[102.348s][info][gc,start    ] GC(233) Pause Remark
[102.356s][info][gc          ] GC(233) Pause Remark 266M->266M(550M) 7.710ms
[102.356s][info][gc,cpu      ] GC(233) User=0.02s Sys=0.00s Real=0.01s
[102.357s][info][gc,marking  ] GC(233) Concurrent Mark 48.339ms
[102.357s][info][gc,marking  ] GC(233) Concurrent Rebuild Remembered Sets and Scrub Regions
[102.387s][info][gc,marking  ] GC(233) Concurrent Rebuild Remembered Sets and Scrub Regions 30.605ms
[102.388s][info][gc,start    ] GC(233) Pause Cleanup
[102.388s][info][gc          ] GC(233) Pause Cleanup 290M->290M(550M) 0.072ms
[102.388s][info][gc,cpu      ] GC(233) User=0.00s Sys=0.00s Real=0.00s
[102.388s][info][gc,marking  ] GC(233) Concurrent Clear Claimed Marks
[102.388s][info][gc,marking  ] GC(233) Concurrent Clear Claimed Marks 0.089ms
[102.388s][info][gc,marking  ] GC(233) Concurrent Cleanup for Next Mark
[102.392s][info][gc,marking  ] GC(233) Concurrent Cleanup for Next Mark 3.449ms
[102.392s][info][gc          ] GC(233) Concurrent Mark Cycle 86.826ms
[102.969s][info][gc,start    ] GC(234) Pause Young (Prepare Mixed) (G1 Evacuation Pause)
[102.969s][info][gc,task     ] GC(234) Using 2 workers of 2 for evacuation
[102.973s][info][gc,phases   ] GC(234)   Pre Evacuate Collection Set: 0.26ms
[102.973s][info][gc,phases   ] GC(234)   Merge Heap Roots: 0.12ms
[102.973s][info][gc,phases   ] GC(234)   Evacuate Collection Set: 2.87ms
[102.973s][info][gc,phases   ] GC(234)   Post Evacuate Collection Set: 0.51ms
[102.973s][info][gc,phases   ] GC(234)   Other: 0.08ms
[102.973s][info][gc,heap     ] GC(234) Eden regions: 256->0(256)
[102.973s][info][gc,heap     ] GC(234) Survivor regions: 2->2(33)
[102.973s][info][gc,heap     ] GC(234) Old regions: 55->55
[102.973s][info][gc,heap     ] GC(234) Humongous regions: 207->207
[102.973s][info][gc,metaspace] GC(234) Metaspace: 56064K(56384K)->56064K(56384K) NonClass: 50445K(50688K)->50445K(50688K) Class: 5618K(5696K)->5618K(5696K)
[102.973s][info][gc          ] GC(234) Pause Young (Prepare Mixed) (G1 Evacuation Pause) 518M->262M(550M) 4.016ms
[102.973s][info][gc,cpu      ] GC(234) User=0.00s Sys=0.00s Real=0.01s
[103.562s][info][gc,start    ] GC(235) Pause Young (Mixed) (G1 Evacuation Pause)
[103.562s][info][gc,task     ] GC(235) Using 2 workers of 2 for evacuation
[103.568s][info][gc,phases   ] GC(235)   Pre Evacuate Collection Set: 0.25ms
[103.568s][info][gc,phases   ] GC(235)   Merge Heap Roots: 0.11ms
[103.568s][info][gc,phases   ] GC(235)   Evacuate Collection Set: 5.45ms
[103.568s][info][gc,phases   ] GC(235)   Post Evacuate Collection Set: 0.65ms
[103.568s][info][gc,phases   ] GC(235)   Other: 0.10ms
[103.568s][info][gc,heap     ] GC(235) Eden regions: 256->0(254)
[103.568s][info][gc,heap     ] GC(235) Survivor regions: 2->3(33)
[103.568s][info][gc,heap     ] GC(235) Old regions: 55->55
[103.568s][info][gc,heap     ] GC(235) Humongous regions: 207->207
[103.569s][info][gc,metaspace] GC(235) Metaspace: 56064K(56384K)->56064K(56384K) NonClass: 50445K(50688K)->50445K(50688K) Class: 5618K(5696K)->5618K(5696K)
[103.569s][info][gc          ] GC(235) Pause Young (Mixed) (G1 Evacuation Pause) 518M->263M(550M) 6.731ms
[103.569s][info][gc,cpu      ] GC(235) User=0.01s Sys=0.00s Real=0.00s
[104.176s][info][gc,start    ] GC(236) Pause Young (Concurrent Start) (G1 Evacuation Pause)
[104.176s][info][gc,task     ] GC(236) Using 2 workers of 2 for evacuation
[104.182s][info][gc,phases   ] GC(236)   Pre Evacuate Collection Set: 0.27ms
[104.182s][info][gc,phases   ] GC(236)   Merge Heap Roots: 0.09ms
[104.182s][info][gc,phases   ] GC(236)   Evacuate Collection Set: 5.01ms
[104.182s][info][gc,phases   ] GC(236)   Post Evacuate Collection Set: 0.54ms
[104.182s][info][gc,phases   ] GC(236)   Other: 0.09ms
[104.182s][info][gc,heap     ] GC(236) Eden regions: 254->0(252)
[104.182s][info][gc,heap     ] GC(236) Survivor regions: 3->4(33)
[104.182s][info][gc,heap     ] GC(236) Old regions: 55->55
[104.182s][info][gc,heap     ] GC(236) Humongous regions: 207->207
[104.182s][info][gc,metaspace] GC(236) Metaspace: 56064K(56384K)->56064K(56384K) NonClass: 50445K(50688K)->50445K(50688K) Class: 5618K(5696K)->5618K(5696K)
[104.182s][info][gc          ] GC(236) Pause Young (Concurrent Start) (G1 Evacuation Pause) 517M->264M(550M) 6.184ms
[104.182s][info][gc          ] GC(237) Concurrent Mark Cycle
[104.182s][info][gc,marking  ] GC(237) Concurrent Scan Root Regions
[104.183s][info][gc,cpu      ] GC(236) User=0.01s Sys=0.01s Real=0.01s
[104.190s][info][gc,marking  ] GC(237) Concurrent Scan Root Regions 7.647ms
[104.190s][info][gc,marking  ] GC(237) Concurrent Mark
[104.190s][info][gc,marking  ] GC(237) Concurrent Mark From Roots
[104.190s][info][gc,task     ] GC(237) Using 1 workers of 1 for marking
[104.236s][info][gc,marking  ] GC(237) Concurrent Mark From Roots 45.758ms
[104.236s][info][gc,marking  ] GC(237) Concurrent Preclean
[104.236s][info][gc,marking  ] GC(237) Concurrent Preclean 0.073ms
[104.236s][info][gc,start    ] GC(237) Pause Remark
[104.244s][info][gc          ] GC(237) Pause Remark 281M->281M(550M) 7.788ms
[104.244s][info][gc,cpu      ] GC(237) User=0.01s Sys=0.00s Real=0.01s
[104.244s][info][gc,marking  ] GC(237) Concurrent Mark 54.088ms
[104.244s][info][gc,marking  ] GC(237) Concurrent Rebuild Remembered Sets and Scrub Regions
[104.262s][info][gc,marking  ] GC(237) Concurrent Rebuild Remembered Sets and Scrub Regions 17.991ms
[104.262s][info][gc,start    ] GC(237) Pause Cleanup
[104.262s][info][gc          ] GC(237) Pause Cleanup 290M->290M(550M) 0.062ms
[104.262s][info][gc,cpu      ] GC(237) User=0.00s Sys=0.00s Real=0.00s
[104.262s][info][gc,marking  ] GC(237) Concurrent Clear Claimed Marks
[104.262s][info][gc,marking  ] GC(237) Concurrent Clear Claimed Marks 0.080ms
[104.262s][info][gc,marking  ] GC(237) Concurrent Cleanup for Next Mark
[104.264s][info][gc,marking  ] GC(237) Concurrent Cleanup for Next Mark 1.585ms
[104.264s][info][gc          ] GC(237) Concurrent Mark Cycle 81.830ms
[104.786s][info][gc,start    ] GC(238) Pause Young (Prepare Mixed) (G1 Evacuation Pause)
[104.786s][info][gc,task     ] GC(238) Using 2 workers of 2 for evacuation
[104.791s][info][gc,phases   ] GC(238)   Pre Evacuate Collection Set: 0.24ms
[104.791s][info][gc,phases   ] GC(238)   Merge Heap Roots: 0.12ms
[104.791s][info][gc,phases   ] GC(238)   Evacuate Collection Set: 3.67ms
[104.791s][info][gc,phases   ] GC(238)   Post Evacuate Collection Set: 0.54ms
[104.791s][info][gc,phases   ] GC(238)   Other: 0.07ms
[104.791s][info][gc,heap     ] GC(238) Eden regions: 252->0(254)
[104.791s][info][gc,heap     ] GC(238) Survivor regions: 4->3(32)
[104.791s][info][gc,heap     ] GC(238) Old regions: 55->55
[104.791s][info][gc,heap     ] GC(238) Humongous regions: 207->207
[104.791s][info][gc,metaspace] GC(238) Metaspace: 56064K(56384K)->56064K(56384K) NonClass: 50445K(50688K)->50445K(50688K) Class: 5618K(5696K)->5618K(5696K)
[104.791s][info][gc          ] GC(238) Pause Young (Prepare Mixed) (G1 Evacuation Pause) 516M->263M(550M) 4.798ms
[104.791s][info][gc,cpu      ] GC(238) User=0.01s Sys=0.00s Real=0.00s
[105.452s][info][gc,start    ] GC(239) Pause Young (Mixed) (G1 Evacuation Pause)
[105.452s][info][gc,task     ] GC(239) Using 2 workers of 2 for evacuation
[105.457s][info][gc,phases   ] GC(239)   Pre Evacuate Collection Set: 0.23ms
[105.457s][info][gc,phases   ] GC(239)   Merge Heap Roots: 0.11ms
[105.457s][info][gc,phases   ] GC(239)   Evacuate Collection Set: 3.96ms
[105.457s][info][gc,phases   ] GC(239)   Post Evacuate Collection Set: 0.58ms
[105.457s][info][gc,phases   ] GC(239)   Other: 0.07ms
[105.457s][info][gc,heap     ] GC(239) Eden regions: 254->0(256)
[105.457s][info][gc,heap     ] GC(239) Survivor regions: 3->2(33)
[105.457s][info][gc,heap     ] GC(239) Old regions: 55->55
[105.457s][info][gc,heap     ] GC(239) Humongous regions: 207->207
[105.457s][info][gc,metaspace] GC(239) Metaspace: 56064K(56384K)->56064K(56384K) NonClass: 50445K(50688K)->50445K(50688K) Class: 5618K(5696K)->5618K(5696K)
[105.457s][info][gc          ] GC(239) Pause Young (Mixed) (G1 Evacuation Pause) 517M->262M(550M) 5.119ms
[105.457s][info][gc,cpu      ] GC(239) User=0.01s Sys=0.00s Real=0.00s
[106.068s][info][gc,start    ] GC(240) Pause Young (Concurrent Start) (G1 Evacuation Pause)
[106.068s][info][gc,task     ] GC(240) Using 2 workers of 2 for evacuation
[106.073s][info][gc,phases   ] GC(240)   Pre Evacuate Collection Set: 0.27ms
[106.073s][info][gc,phases   ] GC(240)   Merge Heap Roots: 0.09ms
[106.073s][info][gc,phases   ] GC(240)   Evacuate Collection Set: 4.06ms
[106.073s][info][gc,phases   ] GC(240)   Post Evacuate Collection Set: 0.55ms
[106.073s][info][gc,phases   ] GC(240)   Other: 0.09ms
[106.073s][info][gc,heap     ] GC(240) Eden regions: 256->0(254)
[106.073s][info][gc,heap     ] GC(240) Survivor regions: 2->3(33)
[106.073s][info][gc,heap     ] GC(240) Old regions: 55->55
[106.073s][info][gc,heap     ] GC(240) Humongous regions: 207->207
[106.073s][info][gc,metaspace] GC(240) Metaspace: 56064K(56384K)->56064K(56384K) NonClass: 50445K(50688K)->50445K(50688K) Class: 5618K(5696K)->5618K(5696K)
[106.073s][info][gc          ] GC(240) Pause Young (Concurrent Start) (G1 Evacuation Pause) 518M->263M(550M) 5.239ms
[106.073s][info][gc,cpu      ] GC(240) User=0.01s Sys=0.00s Real=0.01s
[106.073s][info][gc          ] GC(241) Concurrent Mark Cycle
[106.074s][info][gc,marking  ] GC(241) Concurrent Scan Root Regions
[106.078s][info][gc,marking  ] GC(241) Concurrent Scan Root Regions 4.091ms
[106.078s][info][gc,marking  ] GC(241) Concurrent Mark
[106.078s][info][gc,marking  ] GC(241) Concurrent Mark From Roots
[106.078s][info][gc,task     ] GC(241) Using 1 workers of 1 for marking
[106.129s][info][gc,marking  ] GC(241) Concurrent Mark From Roots 50.927ms
[106.129s][info][gc,marking  ] GC(241) Concurrent Preclean
[106.129s][info][gc,marking  ] GC(241) Concurrent Preclean 0.059ms
[106.129s][info][gc,start    ] GC(241) Pause Remark
[106.150s][info][gc          ] GC(241) Pause Remark 282M->282M(550M) 20.757ms
[106.150s][info][gc,cpu      ] GC(241) User=0.02s Sys=0.00s Real=0.02s
[106.150s][info][gc,marking  ] GC(241) Concurrent Mark 72.546ms
[106.150s][info][gc,marking  ] GC(241) Concurrent Rebuild Remembered Sets and Scrub Regions
[106.171s][info][gc,marking  ] GC(241) Concurrent Rebuild Remembered Sets and Scrub Regions 21.191ms
[106.171s][info][gc,start    ] GC(241) Pause Cleanup
[106.172s][info][gc          ] GC(241) Pause Cleanup 282M->282M(550M) 0.050ms
[106.172s][info][gc,cpu      ] GC(241) User=0.00s Sys=0.00s Real=0.00s
[106.172s][info][gc,marking  ] GC(241) Concurrent Clear Claimed Marks
[106.172s][info][gc,marking  ] GC(241) Concurrent Clear Claimed Marks 0.079ms
[106.172s][info][gc,marking  ] GC(241) Concurrent Cleanup for Next Mark
[106.173s][info][gc,marking  ] GC(241) Concurrent Cleanup for Next Mark 1.658ms
[106.173s][info][gc          ] GC(241) Concurrent Mark Cycle 99.873ms
[106.674s][info][gc,start    ] GC(242) Pause Young (Prepare Mixed) (G1 Evacuation Pause)
[106.674s][info][gc,task     ] GC(242) Using 2 workers of 2 for evacuation
[106.682s][info][gc,phases   ] GC(242)   Pre Evacuate Collection Set: 0.30ms
[106.682s][info][gc,phases   ] GC(242)   Merge Heap Roots: 0.13ms
[106.682s][info][gc,phases   ] GC(242)   Evacuate Collection Set: 6.19ms
[106.682s][info][gc,phases   ] GC(242)   Post Evacuate Collection Set: 0.58ms
[106.682s][info][gc,phases   ] GC(242)   Other: 0.09ms
[106.682s][info][gc,heap     ] GC(242) Eden regions: 254->0(254)
[106.682s][info][gc,heap     ] GC(242) Survivor regions: 3->3(33)
[106.682s][info][gc,heap     ] GC(242) Old regions: 55->55
[106.682s][info][gc,heap     ] GC(242) Humongous regions: 207->207
[106.682s][info][gc,metaspace] GC(242) Metaspace: 56064K(56384K)->56064K(56384K) NonClass: 50445K(50688K)->50445K(50688K) Class: 5618K(5696K)->5618K(5696K)
[106.682s][info][gc          ] GC(242) Pause Young (Prepare Mixed) (G1 Evacuation Pause) 517M->264M(550M) 7.472ms
[106.682s][info][gc,cpu      ] GC(242) User=0.01s Sys=0.00s Real=0.01s
[107.398s][info][gc,start    ] GC(243) Pause Young (Mixed) (G1 Evacuation Pause)
[107.398s][info][gc,task     ] GC(243) Using 2 workers of 2 for evacuation
[107.421s][info][gc,phases   ] GC(243)   Pre Evacuate Collection Set: 0.29ms
[107.421s][info][gc,phases   ] GC(243)   Merge Heap Roots: 0.14ms
[107.421s][info][gc,phases   ] GC(243)   Evacuate Collection Set: 20.39ms
[107.421s][info][gc,phases   ] GC(243)   Post Evacuate Collection Set: 1.49ms
[107.421s][info][gc,phases   ] GC(243)   Other: 0.10ms
[107.421s][info][gc,heap     ] GC(243) Eden regions: 254->0(246)
[107.421s][info][gc,heap     ] GC(243) Survivor regions: 3->7(33)
[107.421s][info][gc,heap     ] GC(243) Old regions: 55->55
[107.421s][info][gc,heap     ] GC(243) Humongous regions: 207->207
[107.421s][info][gc,metaspace] GC(243) Metaspace: 56065K(56384K)->56065K(56384K) NonClass: 50446K(50688K)->50446K(50688K) Class: 5618K(5696K)->5618K(5696K)
[107.421s][info][gc          ] GC(243) Pause Young (Mixed) (G1 Evacuation Pause) 518M->267M(550M) 22.629ms
[107.421s][info][gc,cpu      ] GC(243) User=0.02s Sys=0.00s Real=0.02s
[107.886s][info][gc,start    ] GC(244) Pause Young (Concurrent Start) (G1 Evacuation Pause)
[107.886s][info][gc,task     ] GC(244) Using 2 workers of 2 for evacuation
[107.891s][info][gc,phases   ] GC(244)   Pre Evacuate Collection Set: 0.27ms
[107.891s][info][gc,phases   ] GC(244)   Merge Heap Roots: 0.09ms
[107.891s][info][gc,phases   ] GC(244)   Evacuate Collection Set: 4.82ms
[107.892s][info][gc,phases   ] GC(244)   Post Evacuate Collection Set: 0.57ms
[107.892s][info][gc,phases   ] GC(244)   Other: 0.14ms
[107.892s][info][gc,heap     ] GC(244) Eden regions: 246->0(254)
[107.892s][info][gc,heap     ] GC(244) Survivor regions: 7->3(32)
[107.892s][info][gc,heap     ] GC(244) Old regions: 55->55
[107.892s][info][gc,heap     ] GC(244) Humongous regions: 207->207
[107.892s][info][gc,metaspace] GC(244) Metaspace: 56070K(56384K)->56070K(56384K) NonClass: 50451K(50688K)->50451K(50688K) Class: 5618K(5696K)->5618K(5696K)
[107.892s][info][gc          ] GC(244) Pause Young (Concurrent Start) (G1 Evacuation Pause) 513M->263M(550M) 6.056ms
[107.892s][info][gc,cpu      ] GC(244) User=0.01s Sys=0.00s Real=0.01s
[107.892s][info][gc          ] GC(245) Concurrent Mark Cycle
[107.892s][info][gc,marking  ] GC(245) Concurrent Scan Root Regions
[107.896s][info][gc,marking  ] GC(245) Concurrent Scan Root Regions 4.146ms
[107.896s][info][gc,marking  ] GC(245) Concurrent Mark
[107.896s][info][gc,marking  ] GC(245) Concurrent Mark From Roots
[107.896s][info][gc,task     ] GC(245) Using 1 workers of 1 for marking
[107.941s][info][gc,marking  ] GC(245) Concurrent Mark From Roots 45.039ms
[107.941s][info][gc,marking  ] GC(245) Concurrent Preclean
[107.941s][info][gc,marking  ] GC(245) Concurrent Preclean 0.056ms
[107.941s][info][gc,start    ] GC(245) Pause Remark
[107.949s][info][gc          ] GC(245) Pause Remark 273M->273M(550M) 7.745ms
[107.949s][info][gc,cpu      ] GC(245) User=0.01s Sys=0.01s Real=0.00s
[107.949s][info][gc,marking  ] GC(245) Concurrent Mark 53.378ms
[107.949s][info][gc,marking  ] GC(245) Concurrent Rebuild Remembered Sets and Scrub Regions
[107.975s][info][gc,marking  ] GC(245) Concurrent Rebuild Remembered Sets and Scrub Regions 26.242ms
[107.976s][info][gc,start    ] GC(245) Pause Cleanup
[107.976s][info][gc          ] GC(245) Pause Cleanup 294M->294M(550M) 0.071ms
[107.976s][info][gc,cpu      ] GC(245) User=0.00s Sys=0.00s Real=0.00s
[107.976s][info][gc,marking  ] GC(245) Concurrent Clear Claimed Marks
[107.976s][info][gc,marking  ] GC(245) Concurrent Clear Claimed Marks 0.085ms
[107.976s][info][gc,marking  ] GC(245) Concurrent Cleanup for Next Mark
[107.979s][info][gc,marking  ] GC(245) Concurrent Cleanup for Next Mark 3.233ms
[107.979s][info][gc          ] GC(245) Concurrent Mark Cycle 87.563ms
[108.497s][info][gc,start    ] GC(246) Pause Young (Prepare Mixed) (G1 Evacuation Pause)
[108.497s][info][gc,task     ] GC(246) Using 2 workers of 2 for evacuation
[108.502s][info][gc,phases   ] GC(246)   Pre Evacuate Collection Set: 0.35ms
[108.502s][info][gc,phases   ] GC(246)   Merge Heap Roots: 0.21ms
[108.502s][info][gc,phases   ] GC(246)   Evacuate Collection Set: 4.25ms
[108.502s][info][gc,phases   ] GC(246)   Post Evacuate Collection Set: 0.54ms
[108.502s][info][gc,phases   ] GC(246)   Other: 0.08ms
[108.502s][info][gc,heap     ] GC(246) Eden regions: 254->0(256)
[108.502s][info][gc,heap     ] GC(246) Survivor regions: 3->2(33)
[108.502s][info][gc,heap     ] GC(246) Old regions: 55->55
[108.502s][info][gc,heap     ] GC(246) Humongous regions: 207->207
[108.502s][info][gc,metaspace] GC(246) Metaspace: 56071K(56384K)->56071K(56384K) NonClass: 50452K(50688K)->50452K(50688K) Class: 5618K(5696K)->5618K(5696K)
[108.502s][info][gc          ] GC(246) Pause Young (Prepare Mixed) (G1 Evacuation Pause) 517M->263M(550M) 5.628ms
[108.502s][info][gc,cpu      ] GC(246) User=0.00s Sys=0.00s Real=0.01s
[109.158s][info][gc,start    ] GC(247) Pause Young (Mixed) (G1 Evacuation Pause)
[109.158s][info][gc,task     ] GC(247) Using 2 workers of 2 for evacuation
[109.163s][info][gc,phases   ] GC(247)   Pre Evacuate Collection Set: 0.24ms
[109.163s][info][gc,phases   ] GC(247)   Merge Heap Roots: 0.09ms
[109.163s][info][gc,phases   ] GC(247)   Evacuate Collection Set: 3.41ms
[109.163s][info][gc,phases   ] GC(247)   Post Evacuate Collection Set: 0.55ms
[109.163s][info][gc,phases   ] GC(247)   Other: 0.07ms
[109.163s][info][gc,heap     ] GC(247) Eden regions: 256->0(256)
[109.163s][info][gc,heap     ] GC(247) Survivor regions: 2->2(33)
[109.163s][info][gc,heap     ] GC(247) Old regions: 55->55
[109.163s][info][gc,heap     ] GC(247) Humongous regions: 207->207
[109.163s][info][gc,metaspace] GC(247) Metaspace: 56071K(56384K)->56071K(56384K) NonClass: 50452K(50688K)->50452K(50688K) Class: 5618K(5696K)->5618K(5696K)
[109.163s][info][gc          ] GC(247) Pause Young (Mixed) (G1 Evacuation Pause) 519M->262M(550M) 4.555ms
[109.163s][info][gc,cpu      ] GC(247) User=0.01s Sys=0.00s Real=0.01s
[109.817s][info][gc,start    ] GC(248) Pause Young (Concurrent Start) (G1 Evacuation Pause)
[109.817s][info][gc,task     ] GC(248) Using 2 workers of 2 for evacuation
[109.823s][info][gc,phases   ] GC(248)   Pre Evacuate Collection Set: 0.26ms
[109.823s][info][gc,phases   ] GC(248)   Merge Heap Roots: 0.10ms
[109.823s][info][gc,phases   ] GC(248)   Evacuate Collection Set: 4.33ms
[109.823s][info][gc,phases   ] GC(248)   Post Evacuate Collection Set: 0.52ms
[109.823s][info][gc,phases   ] GC(248)   Other: 0.09ms
[109.823s][info][gc,heap     ] GC(248) Eden regions: 256->0(254)
[109.823s][info][gc,heap     ] GC(248) Survivor regions: 2->3(33)
[109.823s][info][gc,heap     ] GC(248) Old regions: 55->55
[109.823s][info][gc,heap     ] GC(248) Humongous regions: 207->207
[109.823s][info][gc,metaspace] GC(248) Metaspace: 56071K(56384K)->56071K(56384K) NonClass: 50452K(50688K)->50452K(50688K) Class: 5618K(5696K)->5618K(5696K)
[109.823s][info][gc          ] GC(248) Pause Young (Concurrent Start) (G1 Evacuation Pause) 518M->263M(550M) 5.490ms
[109.823s][info][gc          ] GC(249) Concurrent Mark Cycle
[109.823s][info][gc,marking  ] GC(249) Concurrent Scan Root Regions
[109.825s][info][gc,cpu      ] GC(248) User=0.01s Sys=0.00s Real=0.01s
[109.827s][info][gc,marking  ] GC(249) Concurrent Scan Root Regions 4.584ms
[109.827s][info][gc,marking  ] GC(249) Concurrent Mark
[109.827s][info][gc,marking  ] GC(249) Concurrent Mark From Roots
[109.827s][info][gc,task     ] GC(249) Using 1 workers of 1 for marking
[109.879s][info][gc,marking  ] GC(249) Concurrent Mark From Roots 51.918ms
[109.879s][info][gc,marking  ] GC(249) Concurrent Preclean
[109.879s][info][gc,marking  ] GC(249) Concurrent Preclean 0.065ms
[109.880s][info][gc,start    ] GC(249) Pause Remark
[109.887s][info][gc          ] GC(249) Pause Remark 297M->297M(550M) 7.807ms
[109.887s][info][gc,cpu      ] GC(249) User=0.02s Sys=0.00s Real=0.01s
[109.888s][info][gc,marking  ] GC(249) Concurrent Mark 60.523ms
[109.888s][info][gc,marking  ] GC(249) Concurrent Rebuild Remembered Sets and Scrub Regions
[109.904s][info][gc,marking  ] GC(249) Concurrent Rebuild Remembered Sets and Scrub Regions 15.874ms
[109.904s][info][gc,start    ] GC(249) Pause Cleanup
[109.904s][info][gc          ] GC(249) Pause Cleanup 307M->307M(550M) 0.054ms
[109.904s][info][gc,cpu      ] GC(249) User=0.00s Sys=0.00s Real=0.00s
[109.904s][info][gc,marking  ] GC(249) Concurrent Clear Claimed Marks
[109.904s][info][gc,marking  ] GC(249) Concurrent Clear Claimed Marks 0.095ms
[109.904s][info][gc,marking  ] GC(249) Concurrent Cleanup for Next Mark
[109.906s][info][gc,marking  ] GC(249) Concurrent Cleanup for Next Mark 1.599ms
[109.906s][info][gc          ] GC(249) Concurrent Mark Cycle 83.035ms
[110.385s][info][gc,start    ] GC(250) Pause Young (Prepare Mixed) (G1 Evacuation Pause)
[110.385s][info][gc,task     ] GC(250) Using 2 workers of 2 for evacuation
[110.390s][info][gc,phases   ] GC(250)   Pre Evacuate Collection Set: 0.26ms
[110.390s][info][gc,phases   ] GC(250)   Merge Heap Roots: 0.10ms
[110.390s][info][gc,phases   ] GC(250)   Evacuate Collection Set: 3.86ms
[110.390s][info][gc,phases   ] GC(250)   Post Evacuate Collection Set: 0.53ms
[110.390s][info][gc,phases   ] GC(250)   Other: 0.07ms
[110.390s][info][gc,heap     ] GC(250) Eden regions: 254->0(254)
[110.390s][info][gc,heap     ] GC(250) Survivor regions: 3->3(33)
[110.390s][info][gc,heap     ] GC(250) Old regions: 55->55
[110.390s][info][gc,heap     ] GC(250) Humongous regions: 207->207
[110.390s][info][gc,metaspace] GC(250) Metaspace: 56071K(56384K)->56071K(56384K) NonClass: 50452K(50688K)->50452K(50688K) Class: 5618K(5696K)->5618K(5696K)
[110.390s][info][gc          ] GC(250) Pause Young (Prepare Mixed) (G1 Evacuation Pause) 517M->263M(550M) 4.992ms
[110.390s][info][gc,cpu      ] GC(250) User=0.01s Sys=0.00s Real=0.00s
[111.051s][info][gc,start    ] GC(251) Pause Young (Mixed) (G1 Evacuation Pause)
[111.051s][info][gc,task     ] GC(251) Using 2 workers of 2 for evacuation
[111.055s][info][gc,phases   ] GC(251)   Pre Evacuate Collection Set: 0.25ms
[111.055s][info][gc,phases   ] GC(251)   Merge Heap Roots: 0.10ms
[111.055s][info][gc,phases   ] GC(251)   Evacuate Collection Set: 2.84ms
[111.055s][info][gc,phases   ] GC(251)   Post Evacuate Collection Set: 0.55ms
[111.055s][info][gc,phases   ] GC(251)   Other: 0.07ms
[111.055s][info][gc,heap     ] GC(251) Eden regions: 254->0(258)
[111.055s][info][gc,heap     ] GC(251) Survivor regions: 3->1(33)
[111.055s][info][gc,heap     ] GC(251) Old regions: 55->55
[111.055s][info][gc,heap     ] GC(251) Humongous regions: 207->207
[111.055s][info][gc,metaspace] GC(251) Metaspace: 56071K(56384K)->56071K(56384K) NonClass: 50452K(50688K)->50452K(50688K) Class: 5618K(5696K)->5618K(5696K)
[111.055s][info][gc          ] GC(251) Pause Young (Mixed) (G1 Evacuation Pause) 517M->261M(550M) 3.974ms
[111.055s][info][gc,cpu      ] GC(251) User=0.00s Sys=0.00s Real=0.00s
[111.659s][info][gc,start    ] GC(252) Pause Young (Concurrent Start) (G1 Evacuation Pause)
[111.659s][info][gc,task     ] GC(252) Using 2 workers of 2 for evacuation
[111.664s][info][gc,phases   ] GC(252)   Pre Evacuate Collection Set: 0.26ms
[111.664s][info][gc,phases   ] GC(252)   Merge Heap Roots: 0.09ms
[111.664s][info][gc,phases   ] GC(252)   Evacuate Collection Set: 3.48ms
[111.664s][info][gc,phases   ] GC(252)   Post Evacuate Collection Set: 0.53ms
[111.664s][info][gc,phases   ] GC(252)   Other: 0.09ms
[111.664s][info][gc,heap     ] GC(252) Eden regions: 258->0(254)
[111.664s][info][gc,heap     ] GC(252) Survivor regions: 1->3(33)
[111.664s][info][gc,heap     ] GC(252) Old regions: 55->55
[111.664s][info][gc,heap     ] GC(252) Humongous regions: 207->207
[111.664s][info][gc,metaspace] GC(252) Metaspace: 56071K(56384K)->56071K(56384K) NonClass: 50452K(50688K)->50452K(50688K) Class: 5618K(5696K)->5618K(5696K)
[111.664s][info][gc          ] GC(252) Pause Young (Concurrent Start) (G1 Evacuation Pause) 519M->263M(550M) 4.607ms
[111.664s][info][gc,cpu      ] GC(252) User=0.01s Sys=0.01s Real=0.01s
[111.664s][info][gc          ] GC(253) Concurrent Mark Cycle
[111.664s][info][gc,marking  ] GC(253) Concurrent Scan Root Regions
[111.670s][info][gc,marking  ] GC(253) Concurrent Scan Root Regions 5.926ms
[111.670s][info][gc,marking  ] GC(253) Concurrent Mark
[111.670s][info][gc,marking  ] GC(253) Concurrent Mark From Roots
[111.670s][info][gc,task     ] GC(253) Using 1 workers of 1 for marking
[111.724s][info][gc,marking  ] GC(253) Concurrent Mark From Roots 54.079ms
[111.724s][info][gc,marking  ] GC(253) Concurrent Preclean
[111.724s][info][gc,marking  ] GC(253) Concurrent Preclean 0.064ms
[111.724s][info][gc,start    ] GC(253) Pause Remark
[111.732s][info][gc          ] GC(253) Pause Remark 295M->295M(550M) 7.986ms
[111.732s][info][gc,cpu      ] GC(253) User=0.02s Sys=0.00s Real=0.01s
[111.733s][info][gc,marking  ] GC(253) Concurrent Mark 62.439ms
[111.733s][info][gc,marking  ] GC(253) Concurrent Rebuild Remembered Sets and Scrub Regions
[111.749s][info][gc,marking  ] GC(253) Concurrent Rebuild Remembered Sets and Scrub Regions 15.908ms
[111.749s][info][gc,start    ] GC(253) Pause Cleanup
[111.749s][info][gc          ] GC(253) Pause Cleanup 295M->295M(550M) 0.044ms
[111.749s][info][gc,cpu      ] GC(253) User=0.00s Sys=0.00s Real=0.00s
[111.749s][info][gc,marking  ] GC(253) Concurrent Clear Claimed Marks
[111.749s][info][gc,marking  ] GC(253) Concurrent Clear Claimed Marks 0.085ms
[111.749s][info][gc,marking  ] GC(253) Concurrent Cleanup for Next Mark
[111.753s][info][gc,marking  ] GC(253) Concurrent Cleanup for Next Mark 3.919ms
[111.753s][info][gc          ] GC(253) Concurrent Mark Cycle 88.864ms
[112.271s][info][gc,start    ] GC(254) Pause Young (Prepare Mixed) (G1 Evacuation Pause)
[112.271s][info][gc,task     ] GC(254) Using 2 workers of 2 for evacuation
[112.276s][info][gc,phases   ] GC(254)   Pre Evacuate Collection Set: 0.25ms
[112.276s][info][gc,phases   ] GC(254)   Merge Heap Roots: 0.11ms
[112.276s][info][gc,phases   ] GC(254)   Evacuate Collection Set: 4.18ms
[112.276s][info][gc,phases   ] GC(254)   Post Evacuate Collection Set: 0.55ms
[112.276s][info][gc,phases   ] GC(254)   Other: 0.08ms
[112.276s][info][gc,heap     ] GC(254) Eden regions: 254->0(254)
[112.276s][info][gc,heap     ] GC(254) Survivor regions: 3->3(33)
[112.276s][info][gc,heap     ] GC(254) Old regions: 55->55
[112.276s][info][gc,heap     ] GC(254) Humongous regions: 207->207
[112.276s][info][gc,metaspace] GC(254) Metaspace: 56071K(56384K)->56071K(56384K) NonClass: 50452K(50688K)->50452K(50688K) Class: 5618K(5696K)->5618K(5696K)
[112.276s][info][gc          ] GC(254) Pause Young (Prepare Mixed) (G1 Evacuation Pause) 517M->263M(550M) 5.344ms
[112.276s][info][gc,cpu      ] GC(254) User=0.01s Sys=0.00s Real=0.01s
[115.151s][info][gc,start    ] GC(255) Pause Young (Mixed) (G1 Evacuation Pause)
[115.151s][info][gc,task     ] GC(255) Using 2 workers of 2 for evacuation
[115.168s][info][gc,phases   ] GC(255)   Pre Evacuate Collection Set: 0.28ms
[115.168s][info][gc,phases   ] GC(255)   Merge Heap Roots: 0.42ms
[115.168s][info][gc,phases   ] GC(255)   Evacuate Collection Set: 15.32ms
[115.168s][info][gc,phases   ] GC(255)   Post Evacuate Collection Set: 0.63ms
[115.168s][info][gc,phases   ] GC(255)   Other: 0.09ms
[115.168s][info][gc,heap     ] GC(255) Eden regions: 129->0(248)
[115.168s][info][gc,heap     ] GC(255) Survivor regions: 3->12(33)
[115.168s][info][gc,heap     ] GC(255) Old regions: 55->55
[115.168s][info][gc,heap     ] GC(255) Humongous regions: 363->207
[115.168s][info][gc,metaspace] GC(255) Metaspace: 56390K(56704K)->56390K(56704K) NonClass: 50770K(51008K)->50770K(51008K) Class: 5619K(5696K)->5619K(5696K)
[115.168s][info][gc          ] GC(255) Pause Young (Mixed) (G1 Evacuation Pause) 548M->273M(563M) 16.918ms
[115.168s][info][gc,cpu      ] GC(255) User=0.03s Sys=0.01s Real=0.01s
[115.755s][info][gc,start    ] GC(256) Pause Young (Concurrent Start) (G1 Evacuation Pause)
[115.755s][info][gc,task     ] GC(256) Using 2 workers of 2 for evacuation
[115.764s][info][gc,phases   ] GC(256)   Pre Evacuate Collection Set: 0.26ms
[115.764s][info][gc,phases   ] GC(256)   Merge Heap Roots: 0.11ms
[115.764s][info][gc,phases   ] GC(256)   Evacuate Collection Set: 8.18ms
[115.764s][info][gc,phases   ] GC(256)   Post Evacuate Collection Set: 0.62ms
[115.764s][info][gc,phases   ] GC(256)   Other: 0.11ms
[115.764s][info][gc,heap     ] GC(256) Eden regions: 248->0(222)
[115.764s][info][gc,heap     ] GC(256) Survivor regions: 12->25(33)
[115.764s][info][gc,heap     ] GC(256) Old regions: 55->55
[115.764s][info][gc,heap     ] GC(256) Humongous regions: 207->207
[115.764s][info][gc,metaspace] GC(256) Metaspace: 56390K(56704K)->56390K(56704K) NonClass: 50770K(51008K)->50770K(51008K) Class: 5619K(5696K)->5619K(5696K)
[115.764s][info][gc          ] GC(256) Pause Young (Concurrent Start) (G1 Evacuation Pause) 521M->285M(563M) 9.494ms
[115.764s][info][gc          ] GC(257) Concurrent Mark Cycle
[115.764s][info][gc,marking  ] GC(257) Concurrent Scan Root Regions
[115.765s][info][gc,cpu      ] GC(256) User=0.02s Sys=0.00s Real=0.01s
[115.770s][info][gc,marking  ] GC(257) Concurrent Scan Root Regions 5.881ms
[115.770s][info][gc,marking  ] GC(257) Concurrent Mark
[115.770s][info][gc,marking  ] GC(257) Concurrent Mark From Roots
[115.770s][info][gc,task     ] GC(257) Using 1 workers of 1 for marking
[115.810s][info][gc,marking  ] GC(257) Concurrent Mark From Roots 39.409ms
[115.810s][info][gc,marking  ] GC(257) Concurrent Preclean
[115.810s][info][gc,marking  ] GC(257) Concurrent Preclean 0.048ms
[115.810s][info][gc,start    ] GC(257) Pause Remark
[115.818s][info][gc          ] GC(257) Pause Remark 313M->313M(563M) 8.353ms
[115.818s][info][gc,cpu      ] GC(257) User=0.01s Sys=0.00s Real=0.01s
[115.819s][info][gc,marking  ] GC(257) Concurrent Mark 48.505ms
[115.819s][info][gc,marking  ] GC(257) Concurrent Rebuild Remembered Sets and Scrub Regions
[115.835s][info][gc,marking  ] GC(257) Concurrent Rebuild Remembered Sets and Scrub Regions 16.641ms
[115.835s][info][gc,start    ] GC(257) Pause Cleanup
[115.835s][info][gc          ] GC(257) Pause Cleanup 319M->319M(563M) 0.073ms
[115.836s][info][gc,cpu      ] GC(257) User=0.00s Sys=0.00s Real=0.00s
[115.836s][info][gc,marking  ] GC(257) Concurrent Clear Claimed Marks
[115.836s][info][gc,marking  ] GC(257) Concurrent Clear Claimed Marks 0.087ms
[115.836s][info][gc,marking  ] GC(257) Concurrent Cleanup for Next Mark
[115.837s][info][gc,marking  ] GC(257) Concurrent Cleanup for Next Mark 1.791ms
[115.837s][info][gc          ] GC(257) Concurrent Mark Cycle 73.210ms
[116.279s][info][gc,start    ] GC(258) Pause Young (Prepare Mixed) (G1 Evacuation Pause)
[116.279s][info][gc,task     ] GC(258) Using 2 workers of 2 for evacuation
[116.291s][info][gc,phases   ] GC(258)   Pre Evacuate Collection Set: 0.26ms
[116.291s][info][gc,phases   ] GC(258)   Merge Heap Roots: 0.12ms
[116.291s][info][gc,phases   ] GC(258)   Evacuate Collection Set: 11.17ms
[116.291s][info][gc,phases   ] GC(258)   Post Evacuate Collection Set: 0.80ms
[116.291s][info][gc,phases   ] GC(258)   Other: 0.08ms
[116.291s][info][gc,heap     ] GC(258) Eden regions: 222->0(226)
[116.291s][info][gc,heap     ] GC(258) Survivor regions: 25->19(31)
[116.291s][info][gc,heap     ] GC(258) Old regions: 55->63
[116.291s][info][gc,heap     ] GC(258) Humongous regions: 207->207
[116.291s][info][gc,metaspace] GC(258) Metaspace: 56390K(56704K)->56390K(56704K) NonClass: 50770K(51008K)->50770K(51008K) Class: 5619K(5696K)->5619K(5696K)
[116.291s][info][gc          ] GC(258) Pause Young (Prepare Mixed) (G1 Evacuation Pause) 507M->288M(563M) 12.596ms
[116.291s][info][gc,cpu      ] GC(258) User=0.02s Sys=0.00s Real=0.02s
[116.857s][info][gc,start    ] GC(259) Pause Young (Mixed) (G1 Evacuation Pause)
[116.857s][info][gc,task     ] GC(259) Using 2 workers of 2 for evacuation
[116.865s][info][gc,phases   ] GC(259)   Pre Evacuate Collection Set: 0.24ms
[116.865s][info][gc,phases   ] GC(259)   Merge Heap Roots: 0.11ms
[116.865s][info][gc,phases   ] GC(259)   Evacuate Collection Set: 7.03ms
[116.865s][info][gc,phases   ] GC(259)   Post Evacuate Collection Set: 0.57ms
[116.865s][info][gc,phases   ] GC(259)   Other: 0.07ms
[116.865s][info][gc,heap     ] GC(259) Eden regions: 226->0(246)
[116.865s][info][gc,heap     ] GC(259) Survivor regions: 19->2(31)
[116.865s][info][gc,heap     ] GC(259) Old regions: 63->77
[116.865s][info][gc,heap     ] GC(259) Humongous regions: 207->207
[116.865s][info][gc,metaspace] GC(259) Metaspace: 56390K(56704K)->56390K(56704K) NonClass: 50770K(51008K)->50770K(51008K) Class: 5619K(5696K)->5619K(5696K)
[116.865s][info][gc          ] GC(259) Pause Young (Mixed) (G1 Evacuation Pause) 514M->286M(563M) 8.195ms
[116.865s][info][gc,cpu      ] GC(259) User=0.02s Sys=0.00s Real=0.01s
[117.458s][info][gc,start    ] GC(260) Pause Young (Concurrent Start) (G1 Evacuation Pause)
[117.458s][info][gc,task     ] GC(260) Using 2 workers of 2 for evacuation
[117.461s][info][gc,phases   ] GC(260)   Pre Evacuate Collection Set: 0.28ms
[117.461s][info][gc,phases   ] GC(260)   Merge Heap Roots: 0.08ms
[117.461s][info][gc,phases   ] GC(260)   Evacuate Collection Set: 2.56ms
[117.461s][info][gc,phases   ] GC(260)   Post Evacuate Collection Set: 0.54ms
[117.461s][info][gc,phases   ] GC(260)   Other: 0.08ms
[117.461s][info][gc,heap     ] GC(260) Eden regions: 246->0(246)
[117.461s][info][gc,heap     ] GC(260) Survivor regions: 2->2(31)
[117.461s][info][gc,heap     ] GC(260) Old regions: 77->77
[117.461s][info][gc,heap     ] GC(260) Humongous regions: 207->207
[117.461s][info][gc,metaspace] GC(260) Metaspace: 56390K(56704K)->56390K(56704K) NonClass: 50770K(51008K)->50770K(51008K) Class: 5619K(5696K)->5619K(5696K)
[117.461s][info][gc          ] GC(260) Pause Young (Concurrent Start) (G1 Evacuation Pause) 532M->286M(563M) 3.711ms
[117.461s][info][gc,cpu      ] GC(260) User=0.01s Sys=0.00s Real=0.01s
[117.461s][info][gc          ] GC(261) Concurrent Mark Cycle
[117.461s][info][gc,marking  ] GC(261) Concurrent Scan Root Regions
[117.465s][info][gc,marking  ] GC(261) Concurrent Scan Root Regions 3.952ms
[117.465s][info][gc,marking  ] GC(261) Concurrent Mark
[117.465s][info][gc,marking  ] GC(261) Concurrent Mark From Roots
[117.465s][info][gc,task     ] GC(261) Using 1 workers of 1 for marking
[117.508s][info][gc,marking  ] GC(261) Concurrent Mark From Roots 42.203ms
[117.508s][info][gc,marking  ] GC(261) Concurrent Preclean
[117.508s][info][gc,marking  ] GC(261) Concurrent Preclean 0.063ms
[117.508s][info][gc,start    ] GC(261) Pause Remark
[117.517s][info][gc          ] GC(261) Pause Remark 314M->297M(563M) 8.888ms
[117.517s][info][gc,cpu      ] GC(261) User=0.02s Sys=0.00s Real=0.01s
[117.517s][info][gc,marking  ] GC(261) Concurrent Mark 51.969ms
[117.517s][info][gc,marking  ] GC(261) Concurrent Rebuild Remembered Sets and Scrub Regions
[117.534s][info][gc,marking  ] GC(261) Concurrent Rebuild Remembered Sets and Scrub Regions 16.617ms
[117.534s][info][gc,start    ] GC(261) Pause Cleanup
[117.534s][info][gc          ] GC(261) Pause Cleanup 302M->302M(563M) 0.075ms
[117.534s][info][gc,cpu      ] GC(261) User=0.00s Sys=0.00s Real=0.00s
[117.534s][info][gc,marking  ] GC(261) Concurrent Clear Claimed Marks
[117.534s][info][gc,marking  ] GC(261) Concurrent Clear Claimed Marks 0.080ms
[117.534s][info][gc,marking  ] GC(261) Concurrent Cleanup for Next Mark
[117.536s][info][gc,marking  ] GC(261) Concurrent Cleanup for Next Mark 1.679ms
[117.536s][info][gc          ] GC(261) Concurrent Mark Cycle 74.572ms
[118.064s][info][gc,start    ] GC(262) Pause Young (Prepare Mixed) (G1 Evacuation Pause)
[118.064s][info][gc,task     ] GC(262) Using 2 workers of 2 for evacuation
[118.068s][info][gc,phases   ] GC(262)   Pre Evacuate Collection Set: 0.24ms
[118.068s][info][gc,phases   ] GC(262)   Merge Heap Roots: 0.10ms
[118.068s][info][gc,phases   ] GC(262)   Evacuate Collection Set: 3.18ms
[118.068s][info][gc,phases   ] GC(262)   Post Evacuate Collection Set: 0.54ms
[118.068s][info][gc,phases   ] GC(262)   Other: 0.07ms
[118.068s][info][gc,heap     ] GC(262) Eden regions: 246->0(261)
[118.068s][info][gc,heap     ] GC(262) Survivor regions: 2->3(31)
[118.068s][info][gc,heap     ] GC(262) Old regions: 60->60
[118.068s][info][gc,heap     ] GC(262) Humongous regions: 207->207
[118.068s][info][gc,metaspace] GC(262) Metaspace: 56390K(56704K)->56390K(56704K) NonClass: 50771K(51008K)->50771K(51008K) Class: 5619K(5696K)->5619K(5696K)
[118.068s][info][gc          ] GC(262) Pause Young (Prepare Mixed) (G1 Evacuation Pause) 515M->269M(563M) 4.293ms
[118.068s][info][gc,cpu      ] GC(262) User=0.01s Sys=0.00s Real=0.00s
[118.675s][info][gc,start    ] GC(263) Pause Young (Mixed) (G1 Evacuation Pause)
[118.675s][info][gc,task     ] GC(263) Using 2 workers of 2 for evacuation
[118.681s][info][gc,phases   ] GC(263)   Pre Evacuate Collection Set: 0.26ms
[118.681s][info][gc,phases   ] GC(263)   Merge Heap Roots: 0.09ms
[118.681s][info][gc,phases   ] GC(263)   Evacuate Collection Set: 4.81ms
[118.681s][info][gc,phases   ] GC(263)   Post Evacuate Collection Set: 0.53ms
[118.681s][info][gc,phases   ] GC(263)   Other: 0.07ms
[118.681s][info][gc,heap     ] GC(263) Eden regions: 261->0(262)
[118.681s][info][gc,heap     ] GC(263) Survivor regions: 3->4(33)
[118.681s][info][gc,heap     ] GC(263) Old regions: 60->57
[118.681s][info][gc,heap     ] GC(263) Humongous regions: 207->207
[118.681s][info][gc,metaspace] GC(263) Metaspace: 56390K(56704K)->56390K(56704K) NonClass: 50771K(51008K)->50771K(51008K) Class: 5619K(5696K)->5619K(5696K)
[118.681s][info][gc          ] GC(263) Pause Young (Mixed) (G1 Evacuation Pause) 530M->266M(563M) 5.937ms
[118.681s][info][gc,cpu      ] GC(263) User=0.01s Sys=0.00s Real=0.00s
[119.300s][info][gc,start    ] GC(264) Pause Young (Concurrent Start) (G1 Evacuation Pause)
[119.300s][info][gc,task     ] GC(264) Using 2 workers of 2 for evacuation
[119.303s][info][gc,phases   ] GC(264)   Pre Evacuate Collection Set: 0.30ms
[119.303s][info][gc,phases   ] GC(264)   Merge Heap Roots: 0.11ms
[119.303s][info][gc,phases   ] GC(264)   Evacuate Collection Set: 2.60ms
[119.303s][info][gc,phases   ] GC(264)   Post Evacuate Collection Set: 0.54ms
[119.303s][info][gc,phases   ] GC(264)   Other: 0.13ms
[119.303s][info][gc,heap     ] GC(264) Eden regions: 262->0(266)
[119.303s][info][gc,heap     ] GC(264) Survivor regions: 4->2(34)
[119.303s][info][gc,heap     ] GC(264) Old regions: 57->57
[119.303s][info][gc,heap     ] GC(264) Humongous regions: 207->207
[119.303s][info][gc,metaspace] GC(264) Metaspace: 56390K(56704K)->56390K(56704K) NonClass: 50771K(51008K)->50771K(51008K) Class: 5619K(5696K)->5619K(5696K)
[119.304s][info][gc          ] GC(264) Pause Young (Concurrent Start) (G1 Evacuation Pause) 528M->264M(563M) 3.840ms
[119.304s][info][gc,cpu      ] GC(264) User=0.01s Sys=0.00s Real=0.01s
[119.304s][info][gc          ] GC(265) Concurrent Mark Cycle
[119.304s][info][gc,marking  ] GC(265) Concurrent Scan Root Regions
[119.306s][info][gc,marking  ] GC(265) Concurrent Scan Root Regions 1.688ms
[119.306s][info][gc,marking  ] GC(265) Concurrent Mark
[119.306s][info][gc,marking  ] GC(265) Concurrent Mark From Roots
[119.306s][info][gc,task     ] GC(265) Using 1 workers of 1 for marking
[119.347s][info][gc,marking  ] GC(265) Concurrent Mark From Roots 41.636ms
[119.347s][info][gc,marking  ] GC(265) Concurrent Preclean
[119.347s][info][gc,marking  ] GC(265) Concurrent Preclean 0.059ms
[119.347s][info][gc,start    ] GC(265) Pause Remark
[119.357s][info][gc          ] GC(265) Pause Remark 269M->269M(563M) 9.672ms
[119.357s][info][gc,cpu      ] GC(265) User=0.01s Sys=0.00s Real=0.01s
[119.357s][info][gc,marking  ] GC(265) Concurrent Mark 51.776ms
[119.357s][info][gc,marking  ] GC(265) Concurrent Rebuild Remembered Sets and Scrub Regions
[119.379s][info][gc,marking  ] GC(265) Concurrent Rebuild Remembered Sets and Scrub Regions 22.054ms
[119.380s][info][gc,start    ] GC(265) Pause Cleanup
[119.380s][info][gc          ] GC(265) Pause Cleanup 286M->286M(563M) 0.062ms
[119.380s][info][gc,cpu      ] GC(265) User=0.00s Sys=0.00s Real=0.00s
[119.380s][info][gc,marking  ] GC(265) Concurrent Clear Claimed Marks
[119.380s][info][gc,marking  ] GC(265) Concurrent Clear Claimed Marks 0.104ms
[119.380s][info][gc,marking  ] GC(265) Concurrent Cleanup for Next Mark
[119.383s][info][gc,marking  ] GC(265) Concurrent Cleanup for Next Mark 2.857ms
[119.383s][info][gc          ] GC(265) Concurrent Mark Cycle 79.312ms
[119.970s][info][gc,start    ] GC(266) Pause Young (Prepare Mixed) (G1 Evacuation Pause)
[119.970s][info][gc,task     ] GC(266) Using 2 workers of 2 for evacuation
[119.975s][info][gc,phases   ] GC(266)   Pre Evacuate Collection Set: 0.24ms
[119.975s][info][gc,phases   ] GC(266)   Merge Heap Roots: 0.12ms
[119.975s][info][gc,phases   ] GC(266)   Evacuate Collection Set: 4.03ms
[119.975s][info][gc,phases   ] GC(266)   Post Evacuate Collection Set: 0.56ms
[119.975s][info][gc,phases   ] GC(266)   Other: 0.10ms
[119.975s][info][gc,heap     ] GC(266) Eden regions: 266->0(262)
[119.975s][info][gc,heap     ] GC(266) Survivor regions: 2->4(34)
[119.975s][info][gc,heap     ] GC(266) Old regions: 57->57
[119.975s][info][gc,heap     ] GC(266) Humongous regions: 207->207
[119.975s][info][gc,metaspace] GC(266) Metaspace: 56390K(56704K)->56390K(56704K) NonClass: 50771K(51008K)->50771K(51008K) Class: 5619K(5696K)->5619K(5696K)
[119.975s][info][gc          ] GC(266) Pause Young (Prepare Mixed) (G1 Evacuation Pause) 530M->266M(563M) 5.237ms
[119.975s][info][gc,cpu      ] GC(266) User=0.01s Sys=0.00s Real=0.01s
[120.592s][info][gc,start    ] GC(267) Pause Young (Mixed) (G1 Evacuation Pause)
[120.592s][info][gc,task     ] GC(267) Using 2 workers of 2 for evacuation
[120.595s][info][gc,phases   ] GC(267)   Pre Evacuate Collection Set: 0.27ms
[120.595s][info][gc,phases   ] GC(267)   Merge Heap Roots: 0.10ms
[120.595s][info][gc,phases   ] GC(267)   Evacuate Collection Set: 2.51ms
[120.595s][info][gc,phases   ] GC(267)   Post Evacuate Collection Set: 0.57ms
[120.595s][info][gc,phases   ] GC(267)   Other: 0.08ms
[120.595s][info][gc,heap     ] GC(267) Eden regions: 262->0(269)
[120.595s][info][gc,heap     ] GC(267) Survivor regions: 4->2(34)
[120.595s][info][gc,heap     ] GC(267) Old regions: 57->54
[120.595s][info][gc,heap     ] GC(267) Humongous regions: 207->207
[120.595s][info][gc,metaspace] GC(267) Metaspace: 56390K(56704K)->56390K(56704K) NonClass: 50771K(51008K)->50771K(51008K) Class: 5619K(5696K)->5619K(5696K)
[120.595s][info][gc          ] GC(267) Pause Young (Mixed) (G1 Evacuation Pause) 528M->261M(563M) 3.681ms
[120.595s][info][gc,cpu      ] GC(267) User=0.01s Sys=0.00s Real=0.00s
[121.266s][info][gc,start    ] GC(268) Pause Young (Concurrent Start) (G1 Evacuation Pause)
[121.266s][info][gc,task     ] GC(268) Using 2 workers of 2 for evacuation
[121.271s][info][gc,phases   ] GC(268)   Pre Evacuate Collection Set: 0.27ms
[121.271s][info][gc,phases   ] GC(268)   Merge Heap Roots: 0.09ms
[121.271s][info][gc,phases   ] GC(268)   Evacuate Collection Set: 4.36ms
[121.271s][info][gc,phases   ] GC(268)   Post Evacuate Collection Set: 0.54ms
[121.271s][info][gc,phases   ] GC(268)   Other: 0.11ms
[121.271s][info][gc,heap     ] GC(268) Eden regions: 269->0(265)
[121.271s][info][gc,heap     ] GC(268) Survivor regions: 2->4(34)
[121.271s][info][gc,heap     ] GC(268) Old regions: 54->54
[121.271s][info][gc,heap     ] GC(268) Humongous regions: 207->207
[121.271s][info][gc,metaspace] GC(268) Metaspace: 56390K(56704K)->56390K(56704K) NonClass: 50771K(51008K)->50771K(51008K) Class: 5619K(5696K)->5619K(5696K)
[121.271s][info][gc          ] GC(268) Pause Young (Concurrent Start) (G1 Evacuation Pause) 530M->263M(563M) 5.529ms
[121.272s][info][gc          ] GC(269) Concurrent Mark Cycle
[121.272s][info][gc,marking  ] GC(269) Concurrent Scan Root Regions
[121.273s][info][gc,cpu      ] GC(268) User=0.01s Sys=0.00s Real=0.01s
[121.274s][info][gc,marking  ] GC(269) Concurrent Scan Root Regions 2.617ms
[121.274s][info][gc,marking  ] GC(269) Concurrent Mark
[121.274s][info][gc,marking  ] GC(269) Concurrent Mark From Roots
[121.274s][info][gc,task     ] GC(269) Using 1 workers of 1 for marking
[121.327s][info][gc,marking  ] GC(269) Concurrent Mark From Roots 52.663ms
[121.327s][info][gc,marking  ] GC(269) Concurrent Preclean
[121.327s][info][gc,marking  ] GC(269) Concurrent Preclean 0.061ms
[121.327s][info][gc,start    ] GC(269) Pause Remark
[121.335s][info][gc          ] GC(269) Pause Remark 287M->287M(563M) 8.233ms
[121.335s][info][gc,cpu      ] GC(269) User=0.02s Sys=0.00s Real=0.01s
[121.336s][info][gc,marking  ] GC(269) Concurrent Mark 61.383ms
[121.336s][info][gc,marking  ] GC(269) Concurrent Rebuild Remembered Sets and Scrub Regions
[121.351s][info][gc,marking  ] GC(269) Concurrent Rebuild Remembered Sets and Scrub Regions 15.406ms
[121.351s][info][gc,start    ] GC(269) Pause Cleanup
[121.351s][info][gc          ] GC(269) Pause Cleanup 288M->288M(563M) 0.064ms
[121.351s][info][gc,cpu      ] GC(269) User=0.00s Sys=0.00s Real=0.01s
[121.351s][info][gc,marking  ] GC(269) Concurrent Clear Claimed Marks
[121.351s][info][gc,marking  ] GC(269) Concurrent Clear Claimed Marks 0.092ms
[121.351s][info][gc,marking  ] GC(269) Concurrent Cleanup for Next Mark
[121.353s][info][gc,marking  ] GC(269) Concurrent Cleanup for Next Mark 1.772ms
[121.353s][info][gc          ] GC(269) Concurrent Mark Cycle 81.611ms
[121.890s][info][gc,start    ] GC(270) Pause Young (Prepare Mixed) (G1 Evacuation Pause)
[121.890s][info][gc,task     ] GC(270) Using 2 workers of 2 for evacuation
[121.894s][info][gc,phases   ] GC(270)   Pre Evacuate Collection Set: 0.27ms
[121.895s][info][gc,phases   ] GC(270)   Merge Heap Roots: 0.10ms
[121.895s][info][gc,phases   ] GC(270)   Evacuate Collection Set: 3.60ms
[121.895s][info][gc,phases   ] GC(270)   Post Evacuate Collection Set: 0.57ms
[121.895s][info][gc,phases   ] GC(270)   Other: 0.09ms
[121.895s][info][gc,heap     ] GC(270) Eden regions: 265->0(267)
[121.895s][info][gc,heap     ] GC(270) Survivor regions: 4->3(34)
[121.895s][info][gc,heap     ] GC(270) Old regions: 54->54
[121.895s][info][gc,heap     ] GC(270) Humongous regions: 207->207
[121.895s][info][gc,metaspace] GC(270) Metaspace: 56390K(56704K)->56390K(56704K) NonClass: 50771K(51008K)->50771K(51008K) Class: 5619K(5696K)->5619K(5696K)
[121.895s][info][gc          ] GC(270) Pause Young (Prepare Mixed) (G1 Evacuation Pause) 528M->262M(563M) 4.787ms
[121.895s][info][gc,cpu      ] GC(270) User=0.01s Sys=0.00s Real=0.01s
[122.559s][info][gc,start    ] GC(271) Pause Young (Mixed) (G1 Evacuation Pause)
[122.559s][info][gc,task     ] GC(271) Using 2 workers of 2 for evacuation
[122.563s][info][gc,phases   ] GC(271)   Pre Evacuate Collection Set: 0.27ms
[122.563s][info][gc,phases   ] GC(271)   Merge Heap Roots: 0.10ms
[122.563s][info][gc,phases   ] GC(271)   Evacuate Collection Set: 3.50ms
[122.563s][info][gc,phases   ] GC(271)   Post Evacuate Collection Set: 0.55ms
[122.563s][info][gc,phases   ] GC(271)   Other: 0.07ms
[122.563s][info][gc,heap     ] GC(271) Eden regions: 267->0(270)
[122.563s][info][gc,heap     ] GC(271) Survivor regions: 3->3(34)
[122.563s][info][gc,heap     ] GC(271) Old regions: 54->51
[122.563s][info][gc,heap     ] GC(271) Humongous regions: 207->207
[122.564s][info][gc,metaspace] GC(271) Metaspace: 56390K(56704K)->56390K(56704K) NonClass: 50771K(51008K)->50771K(51008K) Class: 5619K(5696K)->5619K(5696K)
[122.564s][info][gc          ] GC(271) Pause Young (Mixed) (G1 Evacuation Pause) 529M->259M(563M) 4.653ms
[122.564s][info][gc,cpu      ] GC(271) User=0.01s Sys=0.00s Real=0.01s
[123.193s][info][gc,start    ] GC(272) Pause Young (Concurrent Start) (G1 Evacuation Pause)
[123.193s][info][gc,task     ] GC(272) Using 2 workers of 2 for evacuation
[123.197s][info][gc,phases   ] GC(272)   Pre Evacuate Collection Set: 0.26ms
[123.197s][info][gc,phases   ] GC(272)   Merge Heap Roots: 0.11ms
[123.197s][info][gc,phases   ] GC(272)   Evacuate Collection Set: 3.09ms
[123.197s][info][gc,phases   ] GC(272)   Post Evacuate Collection Set: 0.54ms
[123.197s][info][gc,phases   ] GC(272)   Other: 0.09ms
[123.197s][info][gc,heap     ] GC(272) Eden regions: 270->0(270)
[123.197s][info][gc,heap     ] GC(272) Survivor regions: 3->3(35)
[123.197s][info][gc,heap     ] GC(272) Old regions: 51->51
[123.197s][info][gc,heap     ] GC(272) Humongous regions: 207->207
[123.197s][info][gc,metaspace] GC(272) Metaspace: 56390K(56704K)->56390K(56704K) NonClass: 50771K(51008K)->50771K(51008K) Class: 5619K(5696K)->5619K(5696K)
[123.197s][info][gc          ] GC(272) Pause Young (Concurrent Start) (G1 Evacuation Pause) 529M->259M(563M) 4.264ms
[123.197s][info][gc,cpu      ] GC(272) User=0.01s Sys=0.00s Real=0.00s
[123.197s][info][gc          ] GC(273) Concurrent Mark Cycle
[123.197s][info][gc,marking  ] GC(273) Concurrent Scan Root Regions
[123.200s][info][gc,marking  ] GC(273) Concurrent Scan Root Regions 2.787ms
[123.200s][info][gc,marking  ] GC(273) Concurrent Mark
[123.200s][info][gc,marking  ] GC(273) Concurrent Mark From Roots
[123.200s][info][gc,task     ] GC(273) Using 1 workers of 1 for marking
[123.241s][info][gc,marking  ] GC(273) Concurrent Mark From Roots 41.333ms
[123.241s][info][gc,marking  ] GC(273) Concurrent Preclean
[123.241s][info][gc,marking  ] GC(273) Concurrent Preclean 0.059ms
[123.241s][info][gc,start    ] GC(273) Pause Remark
[123.250s][info][gc          ] GC(273) Pause Remark 265M->265M(563M) 8.114ms
[123.250s][info][gc,cpu      ] GC(273) User=0.02s Sys=0.00s Real=0.00s
[123.250s][info][gc,marking  ] GC(273) Concurrent Mark 49.757ms
[123.250s][info][gc,marking  ] GC(273) Concurrent Rebuild Remembered Sets and Scrub Regions
[123.277s][info][gc,marking  ] GC(273) Concurrent Rebuild Remembered Sets and Scrub Regions 27.142ms
[123.277s][info][gc,start    ] GC(273) Pause Cleanup
[123.277s][info][gc          ] GC(273) Pause Cleanup 287M->287M(563M) 0.061ms
[123.277s][info][gc,cpu      ] GC(273) User=0.00s Sys=0.00s Real=0.00s
[123.277s][info][gc,marking  ] GC(273) Concurrent Clear Claimed Marks
[123.277s][info][gc,marking  ] GC(273) Concurrent Clear Claimed Marks 0.096ms
[123.277s][info][gc,marking  ] GC(273) Concurrent Cleanup for Next Mark
[123.282s][info][gc,marking  ] GC(273) Concurrent Cleanup for Next Mark 4.792ms
[123.282s][info][gc          ] GC(273) Concurrent Mark Cycle 85.137ms
[123.869s][info][gc,start    ] GC(274) Pause Young (Prepare Mixed) (G1 Evacuation Pause)
[123.869s][info][gc,task     ] GC(274) Using 2 workers of 2 for evacuation
[123.875s][info][gc,phases   ] GC(274)   Pre Evacuate Collection Set: 0.24ms
[123.875s][info][gc,phases   ] GC(274)   Merge Heap Roots: 0.11ms
[123.875s][info][gc,phases   ] GC(274)   Evacuate Collection Set: 4.98ms
[123.875s][info][gc,phases   ] GC(274)   Post Evacuate Collection Set: 0.72ms
[123.875s][info][gc,phases   ] GC(274)   Other: 0.08ms
[123.875s][info][gc,heap     ] GC(274) Eden regions: 270->0(266)
[123.875s][info][gc,heap     ] GC(274) Survivor regions: 3->5(35)
[123.875s][info][gc,heap     ] GC(274) Old regions: 51->51
[123.875s][info][gc,heap     ] GC(274) Humongous regions: 207->207
[123.875s][info][gc,metaspace] GC(274) Metaspace: 56390K(56704K)->56390K(56704K) NonClass: 50771K(51008K)->50771K(51008K) Class: 5619K(5696K)->5619K(5696K)
[123.875s][info][gc          ] GC(274) Pause Young (Prepare Mixed) (G1 Evacuation Pause) 529M->261M(563M) 6.310ms
[123.875s][info][gc,cpu      ] GC(274) User=0.02s Sys=0.00s Real=0.01s
[124.553s][info][gc,start    ] GC(275) Pause Young (Mixed) (G1 Evacuation Pause)
[124.553s][info][gc,task     ] GC(275) Using 2 workers of 2 for evacuation
[124.557s][info][gc,phases   ] GC(275)   Pre Evacuate Collection Set: 0.25ms
[124.557s][info][gc,phases   ] GC(275)   Merge Heap Roots: 0.10ms
[124.557s][info][gc,phases   ] GC(275)   Evacuate Collection Set: 2.47ms
[124.557s][info][gc,phases   ] GC(275)   Post Evacuate Collection Set: 0.57ms
[124.557s][info][gc,phases   ] GC(275)   Other: 0.07ms
[124.557s][info][gc,heap     ] GC(275) Eden regions: 266->0(274)
[124.557s][info][gc,heap     ] GC(275) Survivor regions: 5->2(34)
[124.557s][info][gc,heap     ] GC(275) Old regions: 51->49
[124.557s][info][gc,heap     ] GC(275) Humongous regions: 207->207
[124.557s][info][gc,metaspace] GC(275) Metaspace: 56390K(56704K)->56390K(56704K) NonClass: 50771K(51008K)->50771K(51008K) Class: 5619K(5696K)->5619K(5696K)
[124.557s][info][gc          ] GC(275) Pause Young (Mixed) (G1 Evacuation Pause) 527M->257M(563M) 3.619ms
[124.557s][info][gc,cpu      ] GC(275) User=0.01s Sys=0.00s Real=0.00s
[125.186s][info][gc,start    ] GC(276) Pause Young (Concurrent Start) (G1 Evacuation Pause)
[125.186s][info][gc,task     ] GC(276) Using 2 workers of 2 for evacuation
[125.191s][info][gc,phases   ] GC(276)   Pre Evacuate Collection Set: 0.27ms
[125.191s][info][gc,phases   ] GC(276)   Merge Heap Roots: 0.10ms
[125.191s][info][gc,phases   ] GC(276)   Evacuate Collection Set: 4.42ms
[125.191s][info][gc,phases   ] GC(276)   Post Evacuate Collection Set: 0.55ms
[125.191s][info][gc,phases   ] GC(276)   Other: 0.09ms
[125.191s][info][gc,heap     ] GC(276) Eden regions: 274->0(270)
[125.191s][info][gc,heap     ] GC(276) Survivor regions: 2->4(35)
[125.191s][info][gc,heap     ] GC(276) Old regions: 49->49
[125.191s][info][gc,heap     ] GC(276) Humongous regions: 207->207
[125.191s][info][gc,metaspace] GC(276) Metaspace: 56390K(56704K)->56390K(56704K) NonClass: 50771K(51008K)->50771K(51008K) Class: 5619K(5696K)->5619K(5696K)
[125.191s][info][gc          ] GC(276) Pause Young (Concurrent Start) (G1 Evacuation Pause) 531M->258M(563M) 5.620ms
[125.191s][info][gc          ] GC(277) Concurrent Mark Cycle
[125.192s][info][gc,marking  ] GC(277) Concurrent Scan Root Regions
[125.192s][info][gc,cpu      ] GC(276) User=0.01s Sys=0.01s Real=0.01s
[125.194s][info][gc,marking  ] GC(277) Concurrent Scan Root Regions 2.988ms
[125.195s][info][gc,marking  ] GC(277) Concurrent Mark
[125.195s][info][gc,marking  ] GC(277) Concurrent Mark From Roots
[125.195s][info][gc,task     ] GC(277) Using 1 workers of 1 for marking
[125.239s][info][gc,marking  ] GC(277) Concurrent Mark From Roots 44.563ms
[125.239s][info][gc,marking  ] GC(277) Concurrent Preclean
[125.239s][info][gc,marking  ] GC(277) Concurrent Preclean 0.064ms
[125.240s][info][gc,start    ] GC(277) Pause Remark
[125.260s][info][gc          ] GC(277) Pause Remark 262M->262M(563M) 19.843ms
[125.260s][info][gc,cpu      ] GC(277) User=0.02s Sys=0.00s Real=0.02s
[125.261s][info][gc,marking  ] GC(277) Concurrent Mark 66.222ms
[125.261s][info][gc,marking  ] GC(277) Concurrent Rebuild Remembered Sets and Scrub Regions
[125.284s][info][gc,marking  ] GC(277) Concurrent Rebuild Remembered Sets and Scrub Regions 22.938ms
[125.284s][info][gc,start    ] GC(277) Pause Cleanup
[125.284s][info][gc          ] GC(277) Pause Cleanup 262M->262M(563M) 0.058ms
[125.284s][info][gc,cpu      ] GC(277) User=0.00s Sys=0.00s Real=0.00s
[125.284s][info][gc,marking  ] GC(277) Concurrent Clear Claimed Marks
[125.284s][info][gc,marking  ] GC(277) Concurrent Clear Claimed Marks 0.100ms
[125.284s][info][gc,marking  ] GC(277) Concurrent Cleanup for Next Mark
[125.286s][info][gc,marking  ] GC(277) Concurrent Cleanup for Next Mark 1.742ms
[125.286s][info][gc          ] GC(277) Concurrent Mark Cycle 94.270ms
[125.860s][info][gc,start    ] GC(278) Pause Young (Prepare Mixed) (G1 Evacuation Pause)
[125.860s][info][gc,task     ] GC(278) Using 2 workers of 2 for evacuation
[125.864s][info][gc,phases   ] GC(278)   Pre Evacuate Collection Set: 0.33ms
[125.864s][info][gc,phases   ] GC(278)   Merge Heap Roots: 0.12ms
[125.864s][info][gc,phases   ] GC(278)   Evacuate Collection Set: 3.30ms
[125.864s][info][gc,phases   ] GC(278)   Post Evacuate Collection Set: 0.58ms
[125.864s][info][gc,phases   ] GC(278)   Other: 0.07ms
[125.864s][info][gc,heap     ] GC(278) Eden regions: 270->0(270)
[125.864s][info][gc,heap     ] GC(278) Survivor regions: 4->4(35)
[125.864s][info][gc,heap     ] GC(278) Old regions: 49->49
[125.864s][info][gc,heap     ] GC(278) Humongous regions: 207->207
[125.864s][info][gc,metaspace] GC(278) Metaspace: 56390K(56704K)->56390K(56704K) NonClass: 50771K(51008K)->50771K(51008K) Class: 5619K(5696K)->5619K(5696K)
[125.865s][info][gc          ] GC(278) Pause Young (Prepare Mixed) (G1 Evacuation Pause) 528M->258M(563M) 4.574ms
[125.865s][info][gc,cpu      ] GC(278) User=0.01s Sys=0.00s Real=0.01s
[126.490s][info][gc,start    ] GC(279) Pause Young (Mixed) (G1 Evacuation Pause)
[126.491s][info][gc,task     ] GC(279) Using 2 workers of 2 for evacuation
[126.495s][info][gc,phases   ] GC(279)   Pre Evacuate Collection Set: 0.25ms
[126.495s][info][gc,phases   ] GC(279)   Merge Heap Roots: 0.12ms
[126.495s][info][gc,phases   ] GC(279)   Evacuate Collection Set: 3.79ms
[126.495s][info][gc,phases   ] GC(279)   Post Evacuate Collection Set: 0.56ms
[126.495s][info][gc,phases   ] GC(279)   Other: 0.07ms
[126.495s][info][gc,heap     ] GC(279) Eden regions: 270->0(274)
[126.495s][info][gc,heap     ] GC(279) Survivor regions: 4->3(35)
[126.495s][info][gc,heap     ] GC(279) Old regions: 49->47
[126.495s][info][gc,heap     ] GC(279) Humongous regions: 207->207
[126.495s][info][gc,metaspace] GC(279) Metaspace: 56395K(56704K)->56395K(56704K) NonClass: 50775K(51008K)->50775K(51008K) Class: 5619K(5696K)->5619K(5696K)
[126.495s][info][gc          ] GC(279) Pause Young (Mixed) (G1 Evacuation Pause) 528M->256M(563M) 4.965ms
[126.495s][info][gc,cpu      ] GC(279) User=0.01s Sys=0.00s Real=0.01s
[127.173s][info][gc,start    ] GC(280) Pause Young (Concurrent Start) (G1 Evacuation Pause)
[127.173s][info][gc,task     ] GC(280) Using 2 workers of 2 for evacuation
[127.178s][info][gc,phases   ] GC(280)   Pre Evacuate Collection Set: 0.30ms
[127.178s][info][gc,phases   ] GC(280)   Merge Heap Roots: 0.10ms
[127.178s][info][gc,phases   ] GC(280)   Evacuate Collection Set: 4.49ms
[127.178s][info][gc,phases   ] GC(280)   Post Evacuate Collection Set: 0.54ms
[127.178s][info][gc,phases   ] GC(280)   Other: 0.08ms
[127.178s][info][gc,heap     ] GC(280) Eden regions: 274->0(270)
[127.178s][info][gc,heap     ] GC(280) Survivor regions: 3->5(35)
[127.178s][info][gc,heap     ] GC(280) Old regions: 47->47
[127.178s][info][gc,heap     ] GC(280) Humongous regions: 207->207
[127.178s][info][gc,metaspace] GC(280) Metaspace: 56400K(56704K)->56400K(56704K) NonClass: 50781K(51008K)->50781K(51008K) Class: 5619K(5696K)->5619K(5696K)
[127.178s][info][gc          ] GC(280) Pause Young (Concurrent Start) (G1 Evacuation Pause) 530M->258M(563M) 5.690ms
[127.178s][info][gc,cpu      ] GC(280) User=0.01s Sys=0.00s Real=0.00s
[127.178s][info][gc          ] GC(281) Concurrent Mark Cycle
[127.181s][info][gc,marking  ] GC(281) Concurrent Scan Root Regions
[127.186s][info][gc,marking  ] GC(281) Concurrent Scan Root Regions 4.518ms
[127.186s][info][gc,marking  ] GC(281) Concurrent Mark
[127.186s][info][gc,marking  ] GC(281) Concurrent Mark From Roots
[127.186s][info][gc,task     ] GC(281) Using 1 workers of 1 for marking
[127.247s][info][gc,marking  ] GC(281) Concurrent Mark From Roots 60.887ms
[127.247s][info][gc,marking  ] GC(281) Concurrent Preclean
[127.247s][info][gc,marking  ] GC(281) Concurrent Preclean 0.061ms
[127.247s][info][gc,start    ] GC(281) Pause Remark
[127.273s][info][gc          ] GC(281) Pause Remark 267M->267M(563M) 26.067ms
[127.273s][info][gc,cpu      ] GC(281) User=0.01s Sys=0.00s Real=0.03s
[127.273s][info][gc,marking  ] GC(281) Concurrent Mark 87.243ms
[127.273s][info][gc,marking  ] GC(281) Concurrent Rebuild Remembered Sets and Scrub Regions
[127.303s][info][gc,marking  ] GC(281) Concurrent Rebuild Remembered Sets and Scrub Regions 29.942ms
[127.303s][info][gc,start    ] GC(281) Pause Cleanup
[127.303s][info][gc          ] GC(281) Pause Cleanup 268M->268M(563M) 0.074ms
[127.303s][info][gc,cpu      ] GC(281) User=0.00s Sys=0.00s Real=0.00s
[127.303s][info][gc,marking  ] GC(281) Concurrent Clear Claimed Marks
[127.303s][info][gc,marking  ] GC(281) Concurrent Clear Claimed Marks 0.084ms
[127.303s][info][gc,marking  ] GC(281) Concurrent Cleanup for Next Mark
[127.305s][info][gc,marking  ] GC(281) Concurrent Cleanup for Next Mark 1.766ms
[127.305s][info][gc          ] GC(281) Concurrent Mark Cycle 126.830ms
[127.854s][info][gc,start    ] GC(282) Pause Young (Prepare Mixed) (G1 Evacuation Pause)
[127.854s][info][gc,task     ] GC(282) Using 2 workers of 2 for evacuation
[127.859s][info][gc,phases   ] GC(282)   Pre Evacuate Collection Set: 0.29ms
[127.859s][info][gc,phases   ] GC(282)   Merge Heap Roots: 0.13ms
[127.859s][info][gc,phases   ] GC(282)   Evacuate Collection Set: 3.19ms
[127.859s][info][gc,phases   ] GC(282)   Post Evacuate Collection Set: 0.58ms
[127.859s][info][gc,phases   ] GC(282)   Other: 0.07ms
[127.859s][info][gc,heap     ] GC(282) Eden regions: 270->0(274)
[127.859s][info][gc,heap     ] GC(282) Survivor regions: 5->3(35)
[127.859s][info][gc,heap     ] GC(282) Old regions: 47->47
[127.859s][info][gc,heap     ] GC(282) Humongous regions: 207->207
[127.859s][info][gc,metaspace] GC(282) Metaspace: 56400K(56704K)->56400K(56704K) NonClass: 50781K(51008K)->50781K(51008K) Class: 5619K(5696K)->5619K(5696K)
[127.859s][info][gc          ] GC(282) Pause Young (Prepare Mixed) (G1 Evacuation Pause) 528M->256M(563M) 4.427ms
[127.859s][info][gc,cpu      ] GC(282) User=0.01s Sys=0.00s Real=0.00s
[128.483s][info][gc,start    ] GC(283) Pause Young (Mixed) (G1 Evacuation Pause)
[128.483s][info][gc,task     ] GC(283) Using 2 workers of 2 for evacuation
[128.490s][info][gc,phases   ] GC(283)   Pre Evacuate Collection Set: 0.26ms
[128.490s][info][gc,phases   ] GC(283)   Merge Heap Roots: 0.11ms
[128.490s][info][gc,phases   ] GC(283)   Evacuate Collection Set: 6.24ms
[128.490s][info][gc,phases   ] GC(283)   Post Evacuate Collection Set: 0.62ms
[128.490s][info][gc,phases   ] GC(283)   Other: 0.09ms
[128.490s][info][gc,heap     ] GC(283) Eden regions: 274->0(271)
[128.490s][info][gc,heap     ] GC(283) Survivor regions: 3->5(35)
[128.490s][info][gc,heap     ] GC(283) Old regions: 47->46
[128.490s][info][gc,heap     ] GC(283) Humongous regions: 207->207
[128.490s][info][gc,metaspace] GC(283) Metaspace: 56402K(56704K)->56402K(56704K) NonClass: 50782K(51008K)->50782K(51008K) Class: 5619K(5696K)->5619K(5696K)
[128.490s][info][gc          ] GC(283) Pause Young (Mixed) (G1 Evacuation Pause) 530M->257M(563M) 7.472ms
[128.490s][info][gc,cpu      ] GC(283) User=0.01s Sys=0.00s Real=0.00s
[129.165s][info][gc,start    ] GC(284) Pause Young (Concurrent Start) (G1 Evacuation Pause)
[129.165s][info][gc,task     ] GC(284) Using 2 workers of 2 for evacuation
[129.170s][info][gc,phases   ] GC(284)   Pre Evacuate Collection Set: 0.26ms
[129.170s][info][gc,phases   ] GC(284)   Merge Heap Roots: 0.09ms
[129.170s][info][gc,phases   ] GC(284)   Evacuate Collection Set: 3.88ms
[129.170s][info][gc,phases   ] GC(284)   Post Evacuate Collection Set: 0.54ms
[129.170s][info][gc,phases   ] GC(284)   Other: 0.09ms
[129.170s][info][gc,heap     ] GC(284) Eden regions: 271->0(274)
[129.170s][info][gc,heap     ] GC(284) Survivor regions: 5->3(35)
[129.170s][info][gc,heap     ] GC(284) Old regions: 46->47
[129.170s][info][gc,heap     ] GC(284) Humongous regions: 207->207
[129.170s][info][gc,metaspace] GC(284) Metaspace: 56402K(56704K)->56402K(56704K) NonClass: 50782K(51008K)->50782K(51008K) Class: 5619K(5696K)->5619K(5696K)
[129.170s][info][gc          ] GC(284) Pause Young (Concurrent Start) (G1 Evacuation Pause) 528M->256M(563M) 5.042ms
[129.170s][info][gc          ] GC(285) Concurrent Mark Cycle
[129.170s][info][gc,marking  ] GC(285) Concurrent Scan Root Regions
[129.170s][info][gc,cpu      ] GC(284) User=0.01s Sys=0.00s Real=0.00s
[129.175s][info][gc,marking  ] GC(285) Concurrent Scan Root Regions 5.254ms
[129.175s][info][gc,marking  ] GC(285) Concurrent Mark
[129.175s][info][gc,marking  ] GC(285) Concurrent Mark From Roots
[129.175s][info][gc,task     ] GC(285) Using 1 workers of 1 for marking
[129.224s][info][gc,marking  ] GC(285) Concurrent Mark From Roots 48.260ms
[129.224s][info][gc,marking  ] GC(285) Concurrent Preclean
[129.224s][info][gc,marking  ] GC(285) Concurrent Preclean 0.063ms
[129.224s][info][gc,start    ] GC(285) Pause Remark
[129.232s][info][gc          ] GC(285) Pause Remark 285M->285M(563M) 8.367ms
[129.232s][info][gc,cpu      ] GC(285) User=0.02s Sys=0.00s Real=0.01s
[129.232s][info][gc,marking  ] GC(285) Concurrent Mark 56.968ms
[129.232s][info][gc,marking  ] GC(285) Concurrent Rebuild Remembered Sets and Scrub Regions
[129.248s][info][gc,marking  ] GC(285) Concurrent Rebuild Remembered Sets and Scrub Regions 15.868ms
[129.248s][info][gc,start    ] GC(285) Pause Cleanup
[129.248s][info][gc          ] GC(285) Pause Cleanup 285M->285M(563M) 0.042ms
[129.248s][info][gc,cpu      ] GC(285) User=0.00s Sys=0.00s Real=0.00s
[129.248s][info][gc,marking  ] GC(285) Concurrent Clear Claimed Marks
[129.249s][info][gc,marking  ] GC(285) Concurrent Clear Claimed Marks 0.076ms
[129.249s][info][gc,marking  ] GC(285) Concurrent Cleanup for Next Mark
[129.250s][info][gc,marking  ] GC(285) Concurrent Cleanup for Next Mark 1.622ms
[129.250s][info][gc          ] GC(285) Concurrent Mark Cycle 80.040ms
[129.852s][info][gc,start    ] GC(286) Pause Young (Prepare Mixed) (G1 Evacuation Pause)
[129.852s][info][gc,task     ] GC(286) Using 2 workers of 2 for evacuation
[129.856s][info][gc,phases   ] GC(286)   Pre Evacuate Collection Set: 0.23ms
[129.856s][info][gc,phases   ] GC(286)   Merge Heap Roots: 0.10ms
[129.856s][info][gc,phases   ] GC(286)   Evacuate Collection Set: 2.35ms
[129.856s][info][gc,phases   ] GC(286)   Post Evacuate Collection Set: 0.56ms
[129.856s][info][gc,phases   ] GC(286)   Other: 0.10ms
[129.856s][info][gc,heap     ] GC(286) Eden regions: 274->0(276)
[129.856s][info][gc,heap     ] GC(286) Survivor regions: 3->2(35)
[129.856s][info][gc,heap     ] GC(286) Old regions: 47->47
[129.856s][info][gc,heap     ] GC(286) Humongous regions: 207->207
[129.856s][info][gc,metaspace] GC(286) Metaspace: 56402K(56704K)->56402K(56704K) NonClass: 50782K(51008K)->50782K(51008K) Class: 5619K(5696K)->5619K(5696K)
[129.856s][info][gc          ] GC(286) Pause Young (Prepare Mixed) (G1 Evacuation Pause) 530M->254M(563M) 3.532ms
[129.856s][info][gc,cpu      ] GC(286) User=0.01s Sys=0.00s Real=0.00s
[130.523s][info][gc,start    ] GC(287) Pause Young (Mixed) (G1 Evacuation Pause)
[130.523s][info][gc,task     ] GC(287) Using 2 workers of 2 for evacuation
[130.530s][info][gc,phases   ] GC(287)   Pre Evacuate Collection Set: 0.25ms
[130.530s][info][gc,phases   ] GC(287)   Merge Heap Roots: 0.11ms
[130.530s][info][gc,phases   ] GC(287)   Evacuate Collection Set: 5.41ms
[130.530s][info][gc,phases   ] GC(287)   Post Evacuate Collection Set: 0.61ms
[130.530s][info][gc,phases   ] GC(287)   Other: 0.08ms
[130.530s][info][gc,heap     ] GC(287) Eden regions: 276->0(275)
[130.530s][info][gc,heap     ] GC(287) Survivor regions: 2->3(35)
[130.530s][info][gc,heap     ] GC(287) Old regions: 47->46
[130.530s][info][gc,heap     ] GC(287) Humongous regions: 207->207
[130.530s][info][gc,metaspace] GC(287) Metaspace: 56402K(56704K)->56402K(56704K) NonClass: 50782K(51008K)->50782K(51008K) Class: 5619K(5696K)->5619K(5696K)
[130.530s][info][gc          ] GC(287) Pause Young (Mixed) (G1 Evacuation Pause) 530M->255M(563M) 6.626ms
[130.530s][info][gc,cpu      ] GC(287) User=0.01s Sys=0.00s Real=0.00s
[131.173s][info][gc,start    ] GC(288) Pause Young (Concurrent Start) (G1 Evacuation Pause)
[131.173s][info][gc,task     ] GC(288) Using 2 workers of 2 for evacuation
[131.179s][info][gc,phases   ] GC(288)   Pre Evacuate Collection Set: 0.27ms
[131.179s][info][gc,phases   ] GC(288)   Merge Heap Roots: 0.11ms
[131.179s][info][gc,phases   ] GC(288)   Evacuate Collection Set: 4.65ms
[131.179s][info][gc,phases   ] GC(288)   Post Evacuate Collection Set: 0.56ms
[131.179s][info][gc,phases   ] GC(288)   Other: 0.10ms
[131.179s][info][gc,heap     ] GC(288) Eden regions: 275->0(273)
[131.179s][info][gc,heap     ] GC(288) Survivor regions: 3->4(35)
[131.179s][info][gc,heap     ] GC(288) Old regions: 46->46
[131.179s][info][gc,heap     ] GC(288) Humongous regions: 207->207
[131.179s][info][gc,metaspace] GC(288) Metaspace: 56402K(56704K)->56402K(56704K) NonClass: 50782K(51008K)->50782K(51008K) Class: 5619K(5696K)->5619K(5696K)
[131.179s][info][gc          ] GC(288) Pause Young (Concurrent Start) (G1 Evacuation Pause) 530M->256M(563M) 5.861ms
[131.179s][info][gc          ] GC(289) Concurrent Mark Cycle
[131.179s][info][gc,marking  ] GC(289) Concurrent Scan Root Regions
[131.179s][info][gc,cpu      ] GC(288) User=0.01s Sys=0.00s Real=0.00s
[131.182s][info][gc,marking  ] GC(289) Concurrent Scan Root Regions 2.880ms
[131.182s][info][gc,marking  ] GC(289) Concurrent Mark
[131.182s][info][gc,marking  ] GC(289) Concurrent Mark From Roots
[131.182s][info][gc,task     ] GC(289) Using 1 workers of 1 for marking
[131.231s][info][gc,marking  ] GC(289) Concurrent Mark From Roots 48.928ms
[131.231s][info][gc,marking  ] GC(289) Concurrent Preclean
[131.231s][info][gc,marking  ] GC(289) Concurrent Preclean 0.071ms
[131.231s][info][gc,start    ] GC(289) Pause Remark
[131.240s][info][gc          ] GC(289) Pause Remark 275M->275M(563M) 8.318ms
[131.240s][info][gc,cpu      ] GC(289) User=0.01s Sys=0.01s Real=0.00s
[131.240s][info][gc,marking  ] GC(289) Concurrent Mark 57.593ms
[131.240s][info][gc,marking  ] GC(289) Concurrent Rebuild Remembered Sets and Scrub Regions
[131.266s][info][gc,marking  ] GC(289) Concurrent Rebuild Remembered Sets and Scrub Regions 26.714ms
[131.266s][info][gc,start    ] GC(289) Pause Cleanup
[131.267s][info][gc          ] GC(289) Pause Cleanup 292M->292M(563M) 0.054ms
[131.267s][info][gc,cpu      ] GC(289) User=0.00s Sys=0.00s Real=0.00s
[131.267s][info][gc,marking  ] GC(289) Concurrent Clear Claimed Marks
[131.267s][info][gc,marking  ] GC(289) Concurrent Clear Claimed Marks 0.092ms
[131.267s][info][gc,marking  ] GC(289) Concurrent Cleanup for Next Mark
[131.270s][info][gc,marking  ] GC(289) Concurrent Cleanup for Next Mark 3.294ms
[131.270s][info][gc          ] GC(289) Concurrent Mark Cycle 91.084ms
[131.856s][info][gc,start    ] GC(290) Pause Young (Prepare Mixed) (G1 Evacuation Pause)
[131.856s][info][gc,task     ] GC(290) Using 2 workers of 2 for evacuation
[131.860s][info][gc,phases   ] GC(290)   Pre Evacuate Collection Set: 0.26ms
[131.860s][info][gc,phases   ] GC(290)   Merge Heap Roots: 0.11ms
[131.860s][info][gc,phases   ] GC(290)   Evacuate Collection Set: 2.98ms
[131.860s][info][gc,phases   ] GC(290)   Post Evacuate Collection Set: 0.57ms
[131.860s][info][gc,phases   ] GC(290)   Other: 0.07ms
[131.860s][info][gc,heap     ] GC(290) Eden regions: 273->0(275)
[131.860s][info][gc,heap     ] GC(290) Survivor regions: 4->3(35)
[131.860s][info][gc,heap     ] GC(290) Old regions: 46->46
[131.860s][info][gc,heap     ] GC(290) Humongous regions: 207->207
[131.860s][info][gc,metaspace] GC(290) Metaspace: 56402K(56704K)->56402K(56704K) NonClass: 50782K(51008K)->50782K(51008K) Class: 5619K(5696K)->5619K(5696K)
[131.860s][info][gc          ] GC(290) Pause Young (Prepare Mixed) (G1 Evacuation Pause) 529M->255M(563M) 4.172ms
[131.860s][info][gc,cpu      ] GC(290) User=0.01s Sys=0.00s Real=0.00s
[132.487s][info][gc,start    ] GC(291) Pause Young (Mixed) (G1 Evacuation Pause)
[132.487s][info][gc,task     ] GC(291) Using 2 workers of 2 for evacuation
[132.494s][info][gc,phases   ] GC(291)   Pre Evacuate Collection Set: 0.26ms
[132.494s][info][gc,phases   ] GC(291)   Merge Heap Roots: 0.13ms
[132.494s][info][gc,phases   ] GC(291)   Evacuate Collection Set: 6.21ms
[132.494s][info][gc,phases   ] GC(291)   Post Evacuate Collection Set: 0.68ms
[132.494s][info][gc,phases   ] GC(291)   Other: 0.07ms
[132.494s][info][gc,heap     ] GC(291) Eden regions: 275->0(273)
[132.494s][info][gc,heap     ] GC(291) Survivor regions: 3->4(35)
[132.494s][info][gc,heap     ] GC(291) Old regions: 46->46
[132.494s][info][gc,heap     ] GC(291) Humongous regions: 207->207
[132.494s][info][gc,metaspace] GC(291) Metaspace: 56402K(56704K)->56402K(56704K) NonClass: 50782K(51008K)->50782K(51008K) Class: 5619K(5696K)->5619K(5696K)
[132.495s][info][gc          ] GC(291) Pause Young (Mixed) (G1 Evacuation Pause) 530M->255M(563M) 7.517ms
[132.495s][info][gc,cpu      ] GC(291) User=0.01s Sys=0.00s Real=0.01s
[133.171s][info][gc,start    ] GC(292) Pause Young (Concurrent Start) (G1 Evacuation Pause)
[133.171s][info][gc,task     ] GC(292) Using 2 workers of 2 for evacuation
[133.176s][info][gc,phases   ] GC(292)   Pre Evacuate Collection Set: 0.27ms
[133.176s][info][gc,phases   ] GC(292)   Merge Heap Roots: 0.09ms
[133.176s][info][gc,phases   ] GC(292)   Evacuate Collection Set: 3.78ms
[133.176s][info][gc,phases   ] GC(292)   Post Evacuate Collection Set: 0.57ms
[133.176s][info][gc,phases   ] GC(292)   Other: 0.13ms
[133.176s][info][gc,heap     ] GC(292) Eden regions: 273->0(274)
[133.176s][info][gc,heap     ] GC(292) Survivor regions: 4->3(35)
[133.176s][info][gc,heap     ] GC(292) Old regions: 46->47
[133.176s][info][gc,heap     ] GC(292) Humongous regions: 207->207
[133.176s][info][gc,metaspace] GC(292) Metaspace: 56402K(56704K)->56402K(56704K) NonClass: 50782K(51008K)->50782K(51008K) Class: 5619K(5696K)->5619K(5696K)
[133.176s][info][gc          ] GC(292) Pause Young (Concurrent Start) (G1 Evacuation Pause) 528M->255M(563M) 5.005ms
[133.176s][info][gc          ] GC(293) Concurrent Mark Cycle
[133.176s][info][gc,marking  ] GC(293) Concurrent Scan Root Regions
[133.177s][info][gc,cpu      ] GC(292) User=0.01s Sys=0.00s Real=0.01s
[133.179s][info][gc,marking  ] GC(293) Concurrent Scan Root Regions 2.555ms
[133.179s][info][gc,marking  ] GC(293) Concurrent Mark
[133.179s][info][gc,marking  ] GC(293) Concurrent Mark From Roots
[133.179s][info][gc,task     ] GC(293) Using 1 workers of 1 for marking
[133.222s][info][gc,marking  ] GC(293) Concurrent Mark From Roots 43.521ms
[133.222s][info][gc,marking  ] GC(293) Concurrent Preclean
[133.222s][info][gc,marking  ] GC(293) Concurrent Preclean 0.061ms
[133.222s][info][gc,start    ] GC(293) Pause Remark
[133.231s][info][gc          ] GC(293) Pause Remark 274M->274M(563M) 8.220ms
[133.231s][info][gc,cpu      ] GC(293) User=0.01s Sys=0.00s Real=0.00s
[133.231s][info][gc,marking  ] GC(293) Concurrent Mark 52.060ms
[133.231s][info][gc,marking  ] GC(293) Concurrent Rebuild Remembered Sets and Scrub Regions
[133.246s][info][gc,marking  ] GC(293) Concurrent Rebuild Remembered Sets and Scrub Regions 15.302ms
[133.246s][info][gc,start    ] GC(293) Pause Cleanup
[133.246s][info][gc          ] GC(293) Pause Cleanup 274M->274M(563M) 0.043ms
[133.246s][info][gc,cpu      ] GC(293) User=0.00s Sys=0.00s Real=0.00s
[133.246s][info][gc,marking  ] GC(293) Concurrent Clear Claimed Marks
[133.246s][info][gc,marking  ] GC(293) Concurrent Clear Claimed Marks 0.098ms
[133.246s][info][gc,marking  ] GC(293) Concurrent Cleanup for Next Mark
[133.248s][info][gc,marking  ] GC(293) Concurrent Cleanup for Next Mark 1.643ms
[133.248s][info][gc          ] GC(293) Concurrent Mark Cycle 71.880ms
[133.869s][info][gc,start    ] GC(294) Pause Young (Prepare Mixed) (G1 Evacuation Pause)
[133.869s][info][gc,task     ] GC(294) Using 2 workers of 2 for evacuation
[133.873s][info][gc,phases   ] GC(294)   Pre Evacuate Collection Set: 0.24ms
[133.873s][info][gc,phases   ] GC(294)   Merge Heap Roots: 0.11ms
[133.873s][info][gc,phases   ] GC(294)   Evacuate Collection Set: 2.65ms
[133.873s][info][gc,phases   ] GC(294)   Post Evacuate Collection Set: 0.53ms
[133.873s][info][gc,phases   ] GC(294)   Other: 0.08ms
[133.873s][info][gc,heap     ] GC(294) Eden regions: 274->0(276)
[133.873s][info][gc,heap     ] GC(294) Survivor regions: 3->2(35)
[133.873s][info][gc,heap     ] GC(294) Old regions: 47->47
[133.873s][info][gc,heap     ] GC(294) Humongous regions: 207->207
[133.873s][info][gc,metaspace] GC(294) Metaspace: 56402K(56704K)->56402K(56704K) NonClass: 50782K(51008K)->50782K(51008K) Class: 5619K(5696K)->5619K(5696K)
[133.873s][info][gc          ] GC(294) Pause Young (Prepare Mixed) (G1 Evacuation Pause) 529M->254M(563M) 3.797ms
[133.873s][info][gc,cpu      ] GC(294) User=0.00s Sys=0.00s Real=0.01s
[134.551s][info][gc,start    ] GC(295) Pause Young (Mixed) (G1 Evacuation Pause)
[134.551s][info][gc,task     ] GC(295) Using 2 workers of 2 for evacuation
[134.556s][info][gc,phases   ] GC(295)   Pre Evacuate Collection Set: 0.22ms
[134.556s][info][gc,phases   ] GC(295)   Merge Heap Roots: 0.10ms
[134.556s][info][gc,phases   ] GC(295)   Evacuate Collection Set: 3.45ms
[134.556s][info][gc,phases   ] GC(295)   Post Evacuate Collection Set: 0.59ms
[134.556s][info][gc,phases   ] GC(295)   Other: 0.08ms
[134.556s][info][gc,heap     ] GC(295) Eden regions: 276->0(278)
[134.556s][info][gc,heap     ] GC(295) Survivor regions: 2->1(35)
[134.556s][info][gc,heap     ] GC(295) Old regions: 47->47
[134.556s][info][gc,heap     ] GC(295) Humongous regions: 207->207
[134.556s][info][gc,metaspace] GC(295) Metaspace: 56402K(56704K)->56402K(56704K) NonClass: 50782K(51008K)->50782K(51008K) Class: 5619K(5696K)->5619K(5696K)
[134.556s][info][gc          ] GC(295) Pause Young (Mixed) (G1 Evacuation Pause) 530M->253M(563M) 4.651ms
[134.556s][info][gc,cpu      ] GC(295) User=0.01s Sys=0.00s Real=0.01s
[135.187s][info][gc,start    ] GC(296) Pause Young (Concurrent Start) (G1 Evacuation Pause)
[135.187s][info][gc,task     ] GC(296) Using 2 workers of 2 for evacuation
[135.193s][info][gc,phases   ] GC(296)   Pre Evacuate Collection Set: 0.26ms
[135.193s][info][gc,phases   ] GC(296)   Merge Heap Roots: 0.09ms
[135.193s][info][gc,phases   ] GC(296)   Evacuate Collection Set: 4.32ms
[135.193s][info][gc,phases   ] GC(296)   Post Evacuate Collection Set: 0.56ms
[135.193s][info][gc,phases   ] GC(296)   Other: 0.11ms
[135.193s][info][gc,heap     ] GC(296) Eden regions: 278->0(274)
[135.193s][info][gc,heap     ] GC(296) Survivor regions: 1->3(35)
[135.193s][info][gc,heap     ] GC(296) Old regions: 47->47
[135.193s][info][gc,heap     ] GC(296) Humongous regions: 207->207
[135.193s][info][gc,metaspace] GC(296) Metaspace: 56402K(56704K)->56402K(56704K) NonClass: 50782K(51008K)->50782K(51008K) Class: 5619K(5696K)->5619K(5696K)
[135.193s][info][gc          ] GC(296) Pause Young (Concurrent Start) (G1 Evacuation Pause) 531M->255M(563M) 5.533ms
[135.193s][info][gc,cpu      ] GC(296) User=0.01s Sys=0.00s Real=0.01s
[135.193s][info][gc          ] GC(297) Concurrent Mark Cycle
[135.193s][info][gc,marking  ] GC(297) Concurrent Scan Root Regions
[135.196s][info][gc,marking  ] GC(297) Concurrent Scan Root Regions 2.986ms
[135.196s][info][gc,marking  ] GC(297) Concurrent Mark
[135.196s][info][gc,marking  ] GC(297) Concurrent Mark From Roots
[135.196s][info][gc,task     ] GC(297) Using 1 workers of 1 for marking
[135.241s][info][gc,marking  ] GC(297) Concurrent Mark From Roots 44.673ms
[135.241s][info][gc,marking  ] GC(297) Concurrent Preclean
[135.241s][info][gc,marking  ] GC(297) Concurrent Preclean 0.064ms
[135.241s][info][gc,start    ] GC(297) Pause Remark
[135.249s][info][gc          ] GC(297) Pause Remark 265M->265M(563M) 8.199ms
[135.249s][info][gc,cpu      ] GC(297) User=0.01s Sys=0.00s Real=0.01s
[135.250s][info][gc,marking  ] GC(297) Concurrent Mark 54.336ms
[135.250s][info][gc,marking  ] GC(297) Concurrent Rebuild Remembered Sets and Scrub Regions
[135.284s][info][gc,marking  ] GC(297) Concurrent Rebuild Remembered Sets and Scrub Regions 33.633ms
[135.284s][info][gc,start    ] GC(297) Pause Cleanup
[135.284s][info][gc          ] GC(297) Pause Cleanup 296M->296M(563M) 0.070ms
[135.284s][info][gc,cpu      ] GC(297) User=0.00s Sys=0.00s Real=0.00s
[135.286s][info][gc,marking  ] GC(297) Concurrent Clear Claimed Marks
[135.286s][info][gc,marking  ] GC(297) Concurrent Clear Claimed Marks 0.108ms
[135.286s][info][gc,marking  ] GC(297) Concurrent Cleanup for Next Mark
[135.289s][info][gc,marking  ] GC(297) Concurrent Cleanup for Next Mark 2.381ms
[135.289s][info][gc          ] GC(297) Concurrent Mark Cycle 95.817ms
[135.868s][info][gc,start    ] GC(298) Pause Young (Prepare Mixed) (G1 Evacuation Pause)
[135.868s][info][gc,task     ] GC(298) Using 2 workers of 2 for evacuation
[135.875s][info][gc,phases   ] GC(298)   Pre Evacuate Collection Set: 0.32ms
[135.875s][info][gc,phases   ] GC(298)   Merge Heap Roots: 0.14ms
[135.875s][info][gc,phases   ] GC(298)   Evacuate Collection Set: 5.72ms
[135.875s][info][gc,phases   ] GC(298)   Post Evacuate Collection Set: 0.58ms
[135.875s][info][gc,phases   ] GC(298)   Other: 0.07ms
[135.875s][info][gc,heap     ] GC(298) Eden regions: 274->0(272)
[135.875s][info][gc,heap     ] GC(298) Survivor regions: 3->4(35)
[135.875s][info][gc,heap     ] GC(298) Old regions: 47->47
[135.875s][info][gc,heap     ] GC(298) Humongous regions: 207->207
[135.875s][info][gc,metaspace] GC(298) Metaspace: 56402K(56704K)->56402K(56704K) NonClass: 50782K(51008K)->50782K(51008K) Class: 5619K(5696K)->5619K(5696K)
[135.875s][info][gc          ] GC(298) Pause Young (Prepare Mixed) (G1 Evacuation Pause) 529M->256M(563M) 6.999ms
[135.875s][info][gc,cpu      ] GC(298) User=0.01s Sys=0.00s Real=0.01s
[136.557s][info][gc,start    ] GC(299) Pause Young (Mixed) (G1 Evacuation Pause)
[136.557s][info][gc,task     ] GC(299) Using 2 workers of 2 for evacuation
[136.563s][info][gc,phases   ] GC(299)   Pre Evacuate Collection Set: 0.23ms
[136.563s][info][gc,phases   ] GC(299)   Merge Heap Roots: 0.10ms
[136.563s][info][gc,phases   ] GC(299)   Evacuate Collection Set: 4.91ms
[136.563s][info][gc,phases   ] GC(299)   Post Evacuate Collection Set: 0.62ms
[136.563s][info][gc,phases   ] GC(299)   Other: 0.09ms
[136.563s][info][gc,heap     ] GC(299) Eden regions: 272->0(276)
[136.563s][info][gc,heap     ] GC(299) Survivor regions: 4->2(35)
[136.563s][info][gc,heap     ] GC(299) Old regions: 47->47
[136.563s][info][gc,heap     ] GC(299) Humongous regions: 207->207
[136.563s][info][gc,metaspace] GC(299) Metaspace: 56402K(56704K)->56402K(56704K) NonClass: 50782K(51008K)->50782K(51008K) Class: 5619K(5696K)->5619K(5696K)
[136.563s][info][gc          ] GC(299) Pause Young (Mixed) (G1 Evacuation Pause) 528M->255M(563M) 6.155ms
[136.563s][info][gc,cpu      ] GC(299) User=0.01s Sys=0.00s Real=0.01s
[137.199s][info][gc,start    ] GC(300) Pause Young (Concurrent Start) (G1 Evacuation Pause)
[137.199s][info][gc,task     ] GC(300) Using 2 workers of 2 for evacuation
[137.202s][info][gc,phases   ] GC(300)   Pre Evacuate Collection Set: 0.28ms
[137.202s][info][gc,phases   ] GC(300)   Merge Heap Roots: 0.09ms
[137.202s][info][gc,phases   ] GC(300)   Evacuate Collection Set: 2.42ms
[137.202s][info][gc,phases   ] GC(300)   Post Evacuate Collection Set: 0.57ms
[137.202s][info][gc,phases   ] GC(300)   Other: 0.11ms
[137.202s][info][gc,heap     ] GC(300) Eden regions: 276->0(278)
[137.202s][info][gc,heap     ] GC(300) Survivor regions: 2->1(35)
[137.202s][info][gc,heap     ] GC(300) Old regions: 47->47
[137.202s][info][gc,heap     ] GC(300) Humongous regions: 207->207
[137.202s][info][gc,metaspace] GC(300) Metaspace: 56402K(56704K)->56402K(56704K) NonClass: 50782K(51008K)->50782K(51008K) Class: 5619K(5696K)->5619K(5696K)
[137.202s][info][gc          ] GC(300) Pause Young (Concurrent Start) (G1 Evacuation Pause) 531M->254M(563M) 3.654ms
[137.202s][info][gc          ] GC(301) Concurrent Mark Cycle
[137.202s][info][gc,cpu      ] GC(300) User=0.00s Sys=0.00s Real=0.01s
[137.202s][info][gc,marking  ] GC(301) Concurrent Scan Root Regions
[137.205s][info][gc,marking  ] GC(301) Concurrent Scan Root Regions 2.230ms
[137.205s][info][gc,marking  ] GC(301) Concurrent Mark
[137.205s][info][gc,marking  ] GC(301) Concurrent Mark From Roots
[137.205s][info][gc,task     ] GC(301) Using 1 workers of 1 for marking
[137.243s][info][gc,marking  ] GC(301) Concurrent Mark From Roots 38.589ms
[137.243s][info][gc,marking  ] GC(301) Concurrent Preclean
[137.243s][info][gc,marking  ] GC(301) Concurrent Preclean 0.055ms
[137.243s][info][gc,start    ] GC(301) Pause Remark
[137.252s][info][gc          ] GC(301) Pause Remark 256M->256M(563M) 8.151ms
[137.252s][info][gc,cpu      ] GC(301) User=0.02s Sys=0.00s Real=0.01s
[137.252s][info][gc,marking  ] GC(301) Concurrent Mark 47.313ms
[137.252s][info][gc,marking  ] GC(301) Concurrent Rebuild Remembered Sets and Scrub Regions
[137.274s][info][gc,marking  ] GC(301) Concurrent Rebuild Remembered Sets and Scrub Regions 21.757ms
[137.274s][info][gc,start    ] GC(301) Pause Cleanup
[137.274s][info][gc          ] GC(301) Pause Cleanup 271M->271M(563M) 0.065ms
[137.274s][info][gc,cpu      ] GC(301) User=0.00s Sys=0.00s Real=0.00s
[137.274s][info][gc,marking  ] GC(301) Concurrent Clear Claimed Marks
[137.274s][info][gc,marking  ] GC(301) Concurrent Clear Claimed Marks 0.082ms
[137.274s][info][gc,marking  ] GC(301) Concurrent Cleanup for Next Mark
[137.276s][info][gc,marking  ] GC(301) Concurrent Cleanup for Next Mark 1.967ms
[137.276s][info][gc          ] GC(301) Concurrent Mark Cycle 73.657ms
[137.886s][info][gc,start    ] GC(302) Pause Young (Prepare Mixed) (G1 Evacuation Pause)
[137.886s][info][gc,task     ] GC(302) Using 2 workers of 2 for evacuation
[137.891s][info][gc,phases   ] GC(302)   Pre Evacuate Collection Set: 0.24ms
[137.892s][info][gc,phases   ] GC(302)   Merge Heap Roots: 0.11ms
[137.892s][info][gc,phases   ] GC(302)   Evacuate Collection Set: 4.18ms
[137.892s][info][gc,phases   ] GC(302)   Post Evacuate Collection Set: 0.55ms
[137.892s][info][gc,phases   ] GC(302)   Other: 0.09ms
[137.892s][info][gc,heap     ] GC(302) Eden regions: 278->0(274)
[137.892s][info][gc,heap     ] GC(302) Survivor regions: 1->3(35)
[137.892s][info][gc,heap     ] GC(302) Old regions: 47->47
[137.892s][info][gc,heap     ] GC(302) Humongous regions: 207->207
[137.892s][info][gc,metaspace] GC(302) Metaspace: 56402K(56704K)->56402K(56704K) NonClass: 50782K(51008K)->50782K(51008K) Class: 5619K(5696K)->5619K(5696K)
[137.892s][info][gc          ] GC(302) Pause Young (Prepare Mixed) (G1 Evacuation Pause) 532M->256M(563M) 5.331ms
[137.892s][info][gc,cpu      ] GC(302) User=0.01s Sys=0.00s Real=0.01s
[138.566s][info][gc,start    ] GC(303) Pause Young (Mixed) (G1 Evacuation Pause)
[138.566s][info][gc,task     ] GC(303) Using 2 workers of 2 for evacuation
[138.573s][info][gc,phases   ] GC(303)   Pre Evacuate Collection Set: 0.25ms
[138.573s][info][gc,phases   ] GC(303)   Merge Heap Roots: 0.10ms
[138.573s][info][gc,phases   ] GC(303)   Evacuate Collection Set: 6.26ms
[138.573s][info][gc,phases   ] GC(303)   Post Evacuate Collection Set: 0.59ms
[138.573s][info][gc,phases   ] GC(303)   Other: 0.08ms
[138.573s][info][gc,heap     ] GC(303) Eden regions: 274->0(274)
[138.573s][info][gc,heap     ] GC(303) Survivor regions: 3->3(35)
[138.573s][info][gc,heap     ] GC(303) Old regions: 47->47
[138.573s][info][gc,heap     ] GC(303) Humongous regions: 207->207
[138.573s][info][gc,metaspace] GC(303) Metaspace: 56402K(56704K)->56402K(56704K) NonClass: 50782K(51008K)->50782K(51008K) Class: 5619K(5696K)->5619K(5696K)
[138.573s][info][gc          ] GC(303) Pause Young (Mixed) (G1 Evacuation Pause) 530M->255M(563M) 7.450ms
[138.573s][info][gc,cpu      ] GC(303) User=0.01s Sys=0.00s Real=0.01s
[139.298s][info][gc,start    ] GC(304) Pause Young (Concurrent Start) (G1 Evacuation Pause)
[139.298s][info][gc,task     ] GC(304) Using 2 workers of 2 for evacuation
[139.318s][info][gc,phases   ] GC(304)   Pre Evacuate Collection Set: 0.28ms
[139.318s][info][gc,phases   ] GC(304)   Merge Heap Roots: 0.09ms
[139.318s][info][gc,phases   ] GC(304)   Evacuate Collection Set: 18.90ms
[139.318s][info][gc,phases   ] GC(304)   Post Evacuate Collection Set: 0.77ms
[139.318s][info][gc,phases   ] GC(304)   Other: 0.12ms
[139.318s][info][gc,heap     ] GC(304) Eden regions: 274->0(274)
[139.318s][info][gc,heap     ] GC(304) Survivor regions: 3->3(35)
[139.318s][info][gc,heap     ] GC(304) Old regions: 47->47
[139.318s][info][gc,heap     ] GC(304) Humongous regions: 207->207
[139.318s][info][gc,metaspace] GC(304) Metaspace: 56402K(56704K)->56402K(56704K) NonClass: 50783K(51008K)->50783K(51008K) Class: 5619K(5696K)->5619K(5696K)
[139.318s][info][gc          ] GC(304) Pause Young (Concurrent Start) (G1 Evacuation Pause) 529M->255M(563M) 20.363ms
[139.318s][info][gc,cpu      ] GC(304) User=0.02s Sys=0.00s Real=0.02s
[139.318s][info][gc          ] GC(305) Concurrent Mark Cycle
[139.318s][info][gc,marking  ] GC(305) Concurrent Scan Root Regions
[139.323s][info][gc,marking  ] GC(305) Concurrent Scan Root Regions 4.624ms
[139.323s][info][gc,marking  ] GC(305) Concurrent Mark
[139.323s][info][gc,marking  ] GC(305) Concurrent Mark From Roots
[139.323s][info][gc,task     ] GC(305) Using 1 workers of 1 for marking
[139.436s][info][gc,marking  ] GC(305) Concurrent Mark From Roots 112.651ms
[139.436s][info][gc,marking  ] GC(305) Concurrent Preclean
[139.436s][info][gc,marking  ] GC(305) Concurrent Preclean 0.064ms
[139.439s][info][gc,start    ] GC(305) Pause Remark
[139.463s][info][gc          ] GC(305) Pause Remark 289M->289M(563M) 24.557ms
[139.464s][info][gc,cpu      ] GC(305) User=0.02s Sys=0.01s Real=0.03s
[139.464s][info][gc,marking  ] GC(305) Concurrent Mark 141.216ms
[139.464s][info][gc,marking  ] GC(305) Concurrent Rebuild Remembered Sets and Scrub Regions
[139.486s][info][gc,marking  ] GC(305) Concurrent Rebuild Remembered Sets and Scrub Regions 22.170ms
[139.487s][info][gc,start    ] GC(305) Pause Cleanup
[139.487s][info][gc          ] GC(305) Pause Cleanup 290M->290M(563M) 0.070ms
[139.487s][info][gc,cpu      ] GC(305) User=0.00s Sys=0.00s Real=0.00s
[139.487s][info][gc,marking  ] GC(305) Concurrent Clear Claimed Marks
[139.487s][info][gc,marking  ] GC(305) Concurrent Clear Claimed Marks 0.084ms
[139.487s][info][gc,marking  ] GC(305) Concurrent Cleanup for Next Mark
[139.491s][info][gc,marking  ] GC(305) Concurrent Cleanup for Next Mark 4.381ms
[139.491s][info][gc          ] GC(305) Concurrent Mark Cycle 173.250ms
[139.902s][info][gc,start    ] GC(306) Pause Young (Prepare Mixed) (G1 Evacuation Pause)
[139.902s][info][gc,task     ] GC(306) Using 2 workers of 2 for evacuation
[139.905s][info][gc,phases   ] GC(306)   Pre Evacuate Collection Set: 0.25ms
[139.905s][info][gc,phases   ] GC(306)   Merge Heap Roots: 0.12ms
[139.905s][info][gc,phases   ] GC(306)   Evacuate Collection Set: 1.60ms
[139.905s][info][gc,phases   ] GC(306)   Post Evacuate Collection Set: 0.54ms
[139.905s][info][gc,phases   ] GC(306)   Other: 0.08ms
[139.905s][info][gc,heap     ] GC(306) Eden regions: 274->0(278)
[139.905s][info][gc,heap     ] GC(306) Survivor regions: 3->1(35)
[139.905s][info][gc,heap     ] GC(306) Old regions: 47->47
[139.905s][info][gc,heap     ] GC(306) Humongous regions: 207->207
[139.905s][info][gc,metaspace] GC(306) Metaspace: 56403K(56704K)->56403K(56704K) NonClass: 50783K(51008K)->50783K(51008K) Class: 5619K(5696K)->5619K(5696K)
[139.905s][info][gc          ] GC(306) Pause Young (Prepare Mixed) (G1 Evacuation Pause) 529M->253M(563M) 2.765ms
[139.905s][info][gc,cpu      ] GC(306) User=0.00s Sys=0.00s Real=0.00s
[140.584s][info][gc,start    ] GC(307) Pause Young (Mixed) (G1 Evacuation Pause)
[140.584s][info][gc,task     ] GC(307) Using 2 workers of 2 for evacuation
[140.591s][info][gc,phases   ] GC(307)   Pre Evacuate Collection Set: 0.24ms
[140.591s][info][gc,phases   ] GC(307)   Merge Heap Roots: 0.12ms
[140.591s][info][gc,phases   ] GC(307)   Evacuate Collection Set: 6.14ms
[140.591s][info][gc,phases   ] GC(307)   Post Evacuate Collection Set: 0.60ms
[140.591s][info][gc,phases   ] GC(307)   Other: 0.07ms
[140.591s][info][gc,heap     ] GC(307) Eden regions: 278->0(274)
[140.591s][info][gc,heap     ] GC(307) Survivor regions: 1->3(35)
[140.591s][info][gc,heap     ] GC(307) Old regions: 47->47
[140.591s][info][gc,heap     ] GC(307) Humongous regions: 207->207
[140.591s][info][gc,metaspace] GC(307) Metaspace: 56403K(56704K)->56403K(56704K) NonClass: 50783K(51008K)->50783K(51008K) Class: 5619K(5696K)->5619K(5696K)
[140.591s][info][gc          ] GC(307) Pause Young (Mixed) (G1 Evacuation Pause) 531M->255M(563M) 7.344ms
[140.592s][info][gc,cpu      ] GC(307) User=0.01s Sys=0.00s Real=0.01s
[141.273s][info][gc,start    ] GC(308) Pause Young (Concurrent Start) (G1 Evacuation Pause)
[141.273s][info][gc,task     ] GC(308) Using 2 workers of 2 for evacuation
[141.279s][info][gc,phases   ] GC(308)   Pre Evacuate Collection Set: 0.29ms
[141.279s][info][gc,phases   ] GC(308)   Merge Heap Roots: 0.10ms
[141.279s][info][gc,phases   ] GC(308)   Evacuate Collection Set: 4.88ms
[141.279s][info][gc,phases   ] GC(308)   Post Evacuate Collection Set: 0.55ms
[141.279s][info][gc,phases   ] GC(308)   Other: 0.10ms
[141.279s][info][gc,heap     ] GC(308) Eden regions: 274->0(272)
[141.279s][info][gc,heap     ] GC(308) Survivor regions: 3->4(35)
[141.279s][info][gc,heap     ] GC(308) Old regions: 47->47
[141.279s][info][gc,heap     ] GC(308) Humongous regions: 207->207
[141.279s][info][gc,metaspace] GC(308) Metaspace: 56403K(56704K)->56403K(56704K) NonClass: 50783K(51008K)->50783K(51008K) Class: 5619K(5696K)->5619K(5696K)
[141.279s][info][gc          ] GC(308) Pause Young (Concurrent Start) (G1 Evacuation Pause) 529M->256M(563M) 6.084ms
[141.279s][info][gc,cpu      ] GC(308) User=0.01s Sys=0.00s Real=0.00s
[141.279s][info][gc          ] GC(309) Concurrent Mark Cycle
[141.282s][info][gc,marking  ] GC(309) Concurrent Scan Root Regions
[141.286s][info][gc,marking  ] GC(309) Concurrent Scan Root Regions 3.849ms
[141.286s][info][gc,marking  ] GC(309) Concurrent Mark
[141.286s][info][gc,marking  ] GC(309) Concurrent Mark From Roots
[141.286s][info][gc,task     ] GC(309) Using 1 workers of 1 for marking
[141.337s][info][gc,marking  ] GC(309) Concurrent Mark From Roots 50.869ms
[141.337s][info][gc,marking  ] GC(309) Concurrent Preclean
[141.337s][info][gc,marking  ] GC(309) Concurrent Preclean 0.060ms
[141.337s][info][gc,start    ] GC(309) Pause Remark
[141.346s][info][gc          ] GC(309) Pause Remark 275M->275M(563M) 8.336ms
[141.346s][info][gc,cpu      ] GC(309) User=0.01s Sys=0.00s Real=0.01s
[141.346s][info][gc,marking  ] GC(309) Concurrent Mark 59.537ms
[141.346s][info][gc,marking  ] GC(309) Concurrent Rebuild Remembered Sets and Scrub Regions
[141.372s][info][gc,marking  ] GC(309) Concurrent Rebuild Remembered Sets and Scrub Regions 26.320ms
[141.373s][info][gc,start    ] GC(309) Pause Cleanup
[141.373s][info][gc          ] GC(309) Pause Cleanup 296M->296M(563M) 0.063ms
[141.373s][info][gc,cpu      ] GC(309) User=0.00s Sys=0.00s Real=0.00s
[141.373s][info][gc,marking  ] GC(309) Concurrent Clear Claimed Marks
[141.373s][info][gc,marking  ] GC(309) Concurrent Clear Claimed Marks 0.092ms
[141.373s][info][gc,marking  ] GC(309) Concurrent Cleanup for Next Mark
[141.376s][info][gc,marking  ] GC(309) Concurrent Cleanup for Next Mark 2.981ms
[141.376s][info][gc          ] GC(309) Concurrent Mark Cycle 96.938ms
[141.961s][info][gc,start    ] GC(310) Pause Young (Prepare Mixed) (G1 Evacuation Pause)
[141.961s][info][gc,task     ] GC(310) Using 2 workers of 2 for evacuation
[141.965s][info][gc,phases   ] GC(310)   Pre Evacuate Collection Set: 0.23ms
[141.965s][info][gc,phases   ] GC(310)   Merge Heap Roots: 0.11ms
[141.965s][info][gc,phases   ] GC(310)   Evacuate Collection Set: 3.28ms
[141.965s][info][gc,phases   ] GC(310)   Post Evacuate Collection Set: 0.56ms
[141.965s][info][gc,phases   ] GC(310)   Other: 0.09ms
[141.965s][info][gc,heap     ] GC(310) Eden regions: 272->0(274)
[141.965s][info][gc,heap     ] GC(310) Survivor regions: 4->3(35)
[141.965s][info][gc,heap     ] GC(310) Old regions: 47->47
[141.965s][info][gc,heap     ] GC(310) Humongous regions: 207->207
[141.965s][info][gc,metaspace] GC(310) Metaspace: 56403K(56704K)->56403K(56704K) NonClass: 50783K(51008K)->50783K(51008K) Class: 5619K(5696K)->5619K(5696K)
[141.965s][info][gc          ] GC(310) Pause Young (Prepare Mixed) (G1 Evacuation Pause) 528M->255M(563M) 4.430ms
[141.965s][info][gc,cpu      ] GC(310) User=0.01s Sys=0.00s Real=0.01s
[142.587s][info][gc,start    ] GC(311) Pause Young (Mixed) (G1 Evacuation Pause)
[142.587s][info][gc,task     ] GC(311) Using 2 workers of 2 for evacuation
[142.591s][info][gc,phases   ] GC(311)   Pre Evacuate Collection Set: 0.26ms
[142.591s][info][gc,phases   ] GC(311)   Merge Heap Roots: 0.14ms
[142.591s][info][gc,phases   ] GC(311)   Evacuate Collection Set: 3.43ms
[142.591s][info][gc,phases   ] GC(311)   Post Evacuate Collection Set: 0.58ms
[142.591s][info][gc,phases   ] GC(311)   Other: 0.10ms
[142.591s][info][gc,heap     ] GC(311) Eden regions: 274->0(277)
[142.591s][info][gc,heap     ] GC(311) Survivor regions: 3->2(35)
[142.591s][info][gc,heap     ] GC(311) Old regions: 47->46
[142.591s][info][gc,heap     ] GC(311) Humongous regions: 207->207
[142.591s][info][gc,metaspace] GC(311) Metaspace: 56406K(56704K)->56406K(56704K) NonClass: 50786K(51008K)->50786K(51008K) Class: 5619K(5696K)->5619K(5696K)
[142.591s][info][gc          ] GC(311) Pause Young (Mixed) (G1 Evacuation Pause) 529M->254M(563M) 4.674ms
[142.591s][info][gc,cpu      ] GC(311) User=0.01s Sys=0.00s Real=0.01s
[143.275s][info][gc,start    ] GC(312) Pause Young (Concurrent Start) (G1 Evacuation Pause)
[143.275s][info][gc,task     ] GC(312) Using 2 workers of 2 for evacuation
[143.281s][info][gc,phases   ] GC(312)   Pre Evacuate Collection Set: 0.31ms
[143.281s][info][gc,phases   ] GC(312)   Merge Heap Roots: 0.10ms
[143.281s][info][gc,phases   ] GC(312)   Evacuate Collection Set: 4.60ms
[143.281s][info][gc,phases   ] GC(312)   Post Evacuate Collection Set: 0.54ms
[143.281s][info][gc,phases   ] GC(312)   Other: 0.11ms
[143.281s][info][gc,heap     ] GC(312) Eden regions: 277->0(272)
[143.281s][info][gc,heap     ] GC(312) Survivor regions: 2->4(35)
[143.281s][info][gc,heap     ] GC(312) Old regions: 46->47
[143.281s][info][gc,heap     ] GC(312) Humongous regions: 207->207
[143.281s][info][gc,metaspace] GC(312) Metaspace: 56406K(56704K)->56406K(56704K) NonClass: 50786K(51008K)->50786K(51008K) Class: 5619K(5696K)->5619K(5696K)
[143.281s][info][gc          ] GC(312) Pause Young (Concurrent Start) (G1 Evacuation Pause) 531M->256M(563M) 5.826ms
[143.281s][info][gc          ] GC(313) Concurrent Mark Cycle
[143.281s][info][gc,marking  ] GC(313) Concurrent Scan Root Regions
[143.283s][info][gc,cpu      ] GC(312) User=0.01s Sys=0.00s Real=0.01s
[143.284s][info][gc,marking  ] GC(313) Concurrent Scan Root Regions 2.998ms
[143.284s][info][gc,marking  ] GC(313) Concurrent Mark
[143.284s][info][gc,marking  ] GC(313) Concurrent Mark From Roots
[143.284s][info][gc,task     ] GC(313) Using 1 workers of 1 for marking
[143.338s][info][gc,marking  ] GC(313) Concurrent Mark From Roots 53.700ms
[143.338s][info][gc,marking  ] GC(313) Concurrent Preclean
[143.338s][info][gc,marking  ] GC(313) Concurrent Preclean 0.063ms
[143.338s][info][gc,start    ] GC(313) Pause Remark
[143.346s][info][gc          ] GC(313) Pause Remark 272M->272M(563M) 8.233ms
[143.346s][info][gc,cpu      ] GC(313) User=0.02s Sys=0.00s Real=0.01s
[143.346s][info][gc,marking  ] GC(313) Concurrent Mark 62.249ms
[143.346s][info][gc,marking  ] GC(313) Concurrent Rebuild Remembered Sets and Scrub Regions
[143.365s][info][gc,marking  ] GC(313) Concurrent Rebuild Remembered Sets and Scrub Regions 18.529ms
[143.365s][info][gc,start    ] GC(313) Pause Cleanup
[143.365s][info][gc          ] GC(313) Pause Cleanup 284M->284M(563M) 0.059ms
[143.365s][info][gc,cpu      ] GC(313) User=0.00s Sys=0.00s Real=0.00s
[143.365s][info][gc,marking  ] GC(313) Concurrent Clear Claimed Marks
[143.365s][info][gc,marking  ] GC(313) Concurrent Clear Claimed Marks 0.081ms
[143.365s][info][gc,marking  ] GC(313) Concurrent Cleanup for Next Mark
[143.367s][info][gc,marking  ] GC(313) Concurrent Cleanup for Next Mark 1.673ms
[143.367s][info][gc          ] GC(313) Concurrent Mark Cycle 85.880ms
[143.961s][info][gc,start    ] GC(314) Pause Young (Prepare Mixed) (G1 Evacuation Pause)
[143.961s][info][gc,task     ] GC(314) Using 2 workers of 2 for evacuation
[143.965s][info][gc,phases   ] GC(314)   Pre Evacuate Collection Set: 0.26ms
[143.965s][info][gc,phases   ] GC(314)   Merge Heap Roots: 0.12ms
[143.965s][info][gc,phases   ] GC(314)   Evacuate Collection Set: 3.17ms
[143.965s][info][gc,phases   ] GC(314)   Post Evacuate Collection Set: 0.59ms
[143.965s][info][gc,phases   ] GC(314)   Other: 0.07ms
[143.965s][info][gc,heap     ] GC(314) Eden regions: 272->0(276)
[143.965s][info][gc,heap     ] GC(314) Survivor regions: 4->2(35)
[143.965s][info][gc,heap     ] GC(314) Old regions: 47->47
[143.965s][info][gc,heap     ] GC(314) Humongous regions: 207->207
[143.965s][info][gc,metaspace] GC(314) Metaspace: 56406K(56704K)->56406K(56704K) NonClass: 50786K(51008K)->50786K(51008K) Class: 5619K(5696K)->5619K(5696K)
[143.965s][info][gc          ] GC(314) Pause Young (Prepare Mixed) (G1 Evacuation Pause) 528M->254M(563M) 4.377ms
[143.965s][info][gc,cpu      ] GC(314) User=0.01s Sys=0.00s Real=0.01s
[144.612s][info][gc,start    ] GC(315) Pause Young (Mixed) (G1 Evacuation Pause)
[144.612s][info][gc,task     ] GC(315) Using 2 workers of 2 for evacuation
[144.615s][info][gc,phases   ] GC(315)   Pre Evacuate Collection Set: 0.25ms
[144.615s][info][gc,phases   ] GC(315)   Merge Heap Roots: 0.09ms
[144.615s][info][gc,phases   ] GC(315)   Evacuate Collection Set: 2.19ms
[144.615s][info][gc,phases   ] GC(315)   Post Evacuate Collection Set: 0.55ms
[144.615s][info][gc,phases   ] GC(315)   Other: 0.09ms
[144.615s][info][gc,heap     ] GC(315) Eden regions: 276->0(279)
[144.615s][info][gc,heap     ] GC(315) Survivor regions: 2->1(35)
[144.615s][info][gc,heap     ] GC(315) Old regions: 47->46
[144.616s][info][gc,heap     ] GC(315) Humongous regions: 207->207
[144.616s][info][gc,metaspace] GC(315) Metaspace: 56406K(56704K)->56406K(56704K) NonClass: 50786K(51008K)->50786K(51008K) Class: 5619K(5696K)->5619K(5696K)
[144.616s][info][gc          ] GC(315) Pause Young (Mixed) (G1 Evacuation Pause) 530M->253M(563M) 3.339ms
[144.616s][info][gc,cpu      ] GC(315) User=0.00s Sys=0.00s Real=0.00s
[145.292s][info][gc,start    ] GC(316) Pause Young (Concurrent Start) (G1 Evacuation Pause)
[145.292s][info][gc,task     ] GC(316) Using 2 workers of 2 for evacuation
[145.297s][info][gc,phases   ] GC(316)   Pre Evacuate Collection Set: 0.28ms
[145.297s][info][gc,phases   ] GC(316)   Merge Heap Roots: 0.11ms
[145.297s][info][gc,phases   ] GC(316)   Evacuate Collection Set: 4.09ms
[145.297s][info][gc,phases   ] GC(316)   Post Evacuate Collection Set: 0.54ms
[145.297s][info][gc,phases   ] GC(316)   Other: 0.13ms
[145.297s][info][gc,heap     ] GC(316) Eden regions: 279->0(275)
[145.297s][info][gc,heap     ] GC(316) Survivor regions: 1->3(35)
[145.297s][info][gc,heap     ] GC(316) Old regions: 46->46
[145.297s][info][gc,heap     ] GC(316) Humongous regions: 207->207
[145.297s][info][gc,metaspace] GC(316) Metaspace: 56406K(56704K)->56406K(56704K) NonClass: 50786K(51008K)->50786K(51008K) Class: 5619K(5696K)->5619K(5696K)
[145.297s][info][gc          ] GC(316) Pause Young (Concurrent Start) (G1 Evacuation Pause) 532M->255M(563M) 5.339ms
[145.297s][info][gc,cpu      ] GC(316) User=0.01s Sys=0.00s Real=0.00s
[145.297s][info][gc          ] GC(317) Concurrent Mark Cycle
[145.297s][info][gc,marking  ] GC(317) Concurrent Scan Root Regions
[145.301s][info][gc,marking  ] GC(317) Concurrent Scan Root Regions 3.706ms
[145.301s][info][gc,marking  ] GC(317) Concurrent Mark
[145.301s][info][gc,marking  ] GC(317) Concurrent Mark From Roots
[145.301s][info][gc,task     ] GC(317) Using 1 workers of 1 for marking
[145.343s][info][gc,marking  ] GC(317) Concurrent Mark From Roots 41.659ms
[145.343s][info][gc,marking  ] GC(317) Concurrent Preclean
[145.343s][info][gc,marking  ] GC(317) Concurrent Preclean 0.068ms
[145.343s][info][gc,start    ] GC(317) Pause Remark
[145.351s][info][gc          ] GC(317) Pause Remark 265M->265M(563M) 8.234ms
[145.351s][info][gc,cpu      ] GC(317) User=0.02s Sys=0.00s Real=0.00s
[145.351s][info][gc,marking  ] GC(317) Concurrent Mark 50.485ms
[145.351s][info][gc,marking  ] GC(317) Concurrent Rebuild Remembered Sets and Scrub Regions
[145.368s][info][gc,marking  ] GC(317) Concurrent Rebuild Remembered Sets and Scrub Regions 16.861ms
[145.368s][info][gc,start    ] GC(317) Pause Cleanup
[145.368s][info][gc          ] GC(317) Pause Cleanup 275M->275M(563M) 0.059ms
[145.368s][info][gc,cpu      ] GC(317) User=0.00s Sys=0.00s Real=0.00s
[145.369s][info][gc,marking  ] GC(317) Concurrent Clear Claimed Marks
[145.369s][info][gc,marking  ] GC(317) Concurrent Clear Claimed Marks 0.081ms
[145.369s][info][gc,marking  ] GC(317) Concurrent Cleanup for Next Mark
[145.370s][info][gc,marking  ] GC(317) Concurrent Cleanup for Next Mark 1.641ms
[145.370s][info][gc          ] GC(317) Concurrent Mark Cycle 73.184ms
[145.970s][info][gc,start    ] GC(318) Pause Young (Prepare Mixed) (G1 Evacuation Pause)
[145.970s][info][gc,task     ] GC(318) Using 2 workers of 2 for evacuation
[145.976s][info][gc,phases   ] GC(318)   Pre Evacuate Collection Set: 0.23ms
[145.976s][info][gc,phases   ] GC(318)   Merge Heap Roots: 0.11ms
[145.976s][info][gc,phases   ] GC(318)   Evacuate Collection Set: 4.58ms
[145.976s][info][gc,phases   ] GC(318)   Post Evacuate Collection Set: 0.56ms
[145.976s][info][gc,phases   ] GC(318)   Other: 0.10ms
[145.976s][info][gc,heap     ] GC(318) Eden regions: 275->0(273)
[145.976s][info][gc,heap     ] GC(318) Survivor regions: 3->4(35)
[145.976s][info][gc,heap     ] GC(318) Old regions: 46->46
[145.976s][info][gc,heap     ] GC(318) Humongous regions: 207->207
[145.976s][info][gc,metaspace] GC(318) Metaspace: 56406K(56704K)->56406K(56704K) NonClass: 50786K(51008K)->50786K(51008K) Class: 5619K(5696K)->5619K(5696K)
[145.976s][info][gc          ] GC(318) Pause Young (Prepare Mixed) (G1 Evacuation Pause) 530M->256M(563M) 5.770ms
[145.976s][info][gc,cpu      ] GC(318) User=0.01s Sys=0.00s Real=0.01s
[146.658s][info][gc,start    ] GC(319) Pause Young (Mixed) (G1 Evacuation Pause)
[146.658s][info][gc,task     ] GC(319) Using 2 workers of 2 for evacuation
[146.664s][info][gc,phases   ] GC(319)   Pre Evacuate Collection Set: 0.25ms
[146.664s][info][gc,phases   ] GC(319)   Merge Heap Roots: 0.10ms
[146.664s][info][gc,phases   ] GC(319)   Evacuate Collection Set: 4.35ms
[146.664s][info][gc,phases   ] GC(319)   Post Evacuate Collection Set: 0.58ms
[146.664s][info][gc,phases   ] GC(319)   Other: 0.07ms
[146.664s][info][gc,heap     ] GC(319) Eden regions: 273->0(277)
[146.664s][info][gc,heap     ] GC(319) Survivor regions: 4->2(35)
[146.664s][info][gc,heap     ] GC(319) Old regions: 46->46
[146.664s][info][gc,heap     ] GC(319) Humongous regions: 207->207
[146.664s][info][gc,metaspace] GC(319) Metaspace: 56406K(56704K)->56406K(56704K) NonClass: 50786K(51008K)->50786K(51008K) Class: 5619K(5696K)->5619K(5696K)
[146.664s][info][gc          ] GC(319) Pause Young (Mixed) (G1 Evacuation Pause) 529M->254M(563M) 5.525ms
[146.664s][info][gc,cpu      ] GC(319) User=0.01s Sys=0.00s Real=0.01s
[147.290s][info][gc,start    ] GC(320) Pause Young (Concurrent Start) (G1 Evacuation Pause)
[147.290s][info][gc,task     ] GC(320) Using 2 workers of 2 for evacuation
[147.293s][info][gc,phases   ] GC(320)   Pre Evacuate Collection Set: 0.27ms
[147.293s][info][gc,phases   ] GC(320)   Merge Heap Roots: 0.10ms
[147.294s][info][gc,phases   ] GC(320)   Evacuate Collection Set: 2.72ms
[147.294s][info][gc,phases   ] GC(320)   Post Evacuate Collection Set: 0.53ms
[147.294s][info][gc,phases   ] GC(320)   Other: 0.11ms
[147.294s][info][gc,heap     ] GC(320) Eden regions: 277->0(277)
[147.294s][info][gc,heap     ] GC(320) Survivor regions: 2->2(35)
[147.294s][info][gc,heap     ] GC(320) Old regions: 46->46
[147.294s][info][gc,heap     ] GC(320) Humongous regions: 207->207
[147.294s][info][gc,metaspace] GC(320) Metaspace: 56406K(56704K)->56406K(56704K) NonClass: 50786K(51008K)->50786K(51008K) Class: 5619K(5696K)->5619K(5696K)
[147.294s][info][gc          ] GC(320) Pause Young (Concurrent Start) (G1 Evacuation Pause) 531M->254M(563M) 3.898ms
[147.294s][info][gc,cpu      ] GC(320) User=0.01s Sys=0.00s Real=0.01s
[147.294s][info][gc          ] GC(321) Concurrent Mark Cycle
[147.294s][info][gc,marking  ] GC(321) Concurrent Scan Root Regions
[147.296s][info][gc,marking  ] GC(321) Concurrent Scan Root Regions 2.372ms
[147.296s][info][gc,marking  ] GC(321) Concurrent Mark
[147.296s][info][gc,marking  ] GC(321) Concurrent Mark From Roots
[147.296s][info][gc,task     ] GC(321) Using 1 workers of 1 for marking
[147.336s][info][gc,marking  ] GC(321) Concurrent Mark From Roots 39.802ms
[147.336s][info][gc,marking  ] GC(321) Concurrent Preclean
[147.336s][info][gc,marking  ] GC(321) Concurrent Preclean 0.062ms
[147.336s][info][gc,start    ] GC(321) Pause Remark
[147.344s][info][gc          ] GC(321) Pause Remark 257M->257M(563M) 8.216ms
[147.344s][info][gc,cpu      ] GC(321) User=0.02s Sys=0.00s Real=0.01s
[147.345s][info][gc,marking  ] GC(321) Concurrent Mark 48.702ms
[147.345s][info][gc,marking  ] GC(321) Concurrent Rebuild Remembered Sets and Scrub Regions
[147.372s][info][gc,marking  ] GC(321) Concurrent Rebuild Remembered Sets and Scrub Regions 27.611ms
[147.373s][info][gc,start    ] GC(321) Pause Cleanup
[147.373s][info][gc          ] GC(321) Pause Cleanup 278M->278M(563M) 0.060ms
[147.373s][info][gc,cpu      ] GC(321) User=0.00s Sys=0.00s Real=0.00s
[147.373s][info][gc,marking  ] GC(321) Concurrent Clear Claimed Marks
[147.374s][info][gc,marking  ] GC(321) Concurrent Clear Claimed Marks 0.254ms
[147.374s][info][gc,marking  ] GC(321) Concurrent Cleanup for Next Mark
[147.377s][info][gc,marking  ] GC(321) Concurrent Cleanup for Next Mark 3.037ms
[147.377s][info][gc          ] GC(321) Concurrent Mark Cycle 83.001ms
[147.982s][info][gc,start    ] GC(322) Pause Young (Prepare Mixed) (G1 Evacuation Pause)
[147.982s][info][gc,task     ] GC(322) Using 2 workers of 2 for evacuation
[147.987s][info][gc,phases   ] GC(322)   Pre Evacuate Collection Set: 0.25ms
[147.987s][info][gc,phases   ] GC(322)   Merge Heap Roots: 0.11ms
[147.987s][info][gc,phases   ] GC(322)   Evacuate Collection Set: 4.30ms
[147.987s][info][gc,phases   ] GC(322)   Post Evacuate Collection Set: 0.60ms
[147.987s][info][gc,phases   ] GC(322)   Other: 0.07ms
[147.987s][info][gc,heap     ] GC(322) Eden regions: 277->0(275)
[147.987s][info][gc,heap     ] GC(322) Survivor regions: 2->3(35)
[147.987s][info][gc,heap     ] GC(322) Old regions: 46->46
[147.987s][info][gc,heap     ] GC(322) Humongous regions: 207->207
[147.987s][info][gc,metaspace] GC(322) Metaspace: 56406K(56704K)->56406K(56704K) NonClass: 50786K(51008K)->50786K(51008K) Class: 5619K(5696K)->5619K(5696K)
[147.987s][info][gc          ] GC(322) Pause Young (Prepare Mixed) (G1 Evacuation Pause) 531M->255M(563M) 5.527ms
[147.987s][info][gc,cpu      ] GC(322) User=0.01s Sys=0.00s Real=0.00s
[148.668s][info][gc,start    ] GC(323) Pause Young (Mixed) (G1 Evacuation Pause)
[148.668s][info][gc,task     ] GC(323) Using 2 workers of 2 for evacuation
[148.674s][info][gc,phases   ] GC(323)   Pre Evacuate Collection Set: 0.25ms
[148.674s][info][gc,phases   ] GC(323)   Merge Heap Roots: 0.12ms
[148.674s][info][gc,phases   ] GC(323)   Evacuate Collection Set: 5.48ms
[148.674s][info][gc,phases   ] GC(323)   Post Evacuate Collection Set: 0.59ms
[148.674s][info][gc,phases   ] GC(323)   Other: 0.07ms
[148.674s][info][gc,heap     ] GC(323) Eden regions: 275->0(275)
[148.674s][info][gc,heap     ] GC(323) Survivor regions: 3->3(35)
[148.674s][info][gc,heap     ] GC(323) Old regions: 46->46
[148.674s][info][gc,heap     ] GC(323) Humongous regions: 207->207
[148.674s][info][gc,metaspace] GC(323) Metaspace: 56406K(56704K)->56406K(56704K) NonClass: 50786K(51008K)->50786K(51008K) Class: 5619K(5696K)->5619K(5696K)
[148.674s][info][gc          ] GC(323) Pause Young (Mixed) (G1 Evacuation Pause) 530M->255M(563M) 6.677ms
[148.674s][info][gc,cpu      ] GC(323) User=0.01s Sys=0.00s Real=0.01s
[149.366s][info][gc,start    ] GC(324) Pause Young (Concurrent Start) (G1 Evacuation Pause)
[149.366s][info][gc,task     ] GC(324) Using 2 workers of 2 for evacuation
[149.369s][info][gc,phases   ] GC(324)   Pre Evacuate Collection Set: 0.27ms
[149.369s][info][gc,phases   ] GC(324)   Merge Heap Roots: 0.09ms
[149.369s][info][gc,phases   ] GC(324)   Evacuate Collection Set: 2.41ms
[149.369s][info][gc,phases   ] GC(324)   Post Evacuate Collection Set: 0.56ms
[149.369s][info][gc,phases   ] GC(324)   Other: 0.09ms
[149.369s][info][gc,heap     ] GC(324) Eden regions: 275->0(279)
[149.369s][info][gc,heap     ] GC(324) Survivor regions: 3->1(35)
[149.369s][info][gc,heap     ] GC(324) Old regions: 46->46
[149.369s][info][gc,heap     ] GC(324) Humongous regions: 207->207
[149.369s][info][gc,metaspace] GC(324) Metaspace: 56406K(56704K)->56406K(56704K) NonClass: 50786K(51008K)->50786K(51008K) Class: 5619K(5696K)->5619K(5696K)
[149.369s][info][gc          ] GC(324) Pause Young (Concurrent Start) (G1 Evacuation Pause) 530M->253M(563M) 3.583ms
[149.369s][info][gc,cpu      ] GC(324) User=0.01s Sys=0.00s Real=0.00s
[149.369s][info][gc          ] GC(325) Concurrent Mark Cycle
[149.370s][info][gc,marking  ] GC(325) Concurrent Scan Root Regions
[149.373s][info][gc,marking  ] GC(325) Concurrent Scan Root Regions 3.071ms
[149.373s][info][gc,marking  ] GC(325) Concurrent Mark
[149.373s][info][gc,marking  ] GC(325) Concurrent Mark From Roots
[149.373s][info][gc,task     ] GC(325) Using 1 workers of 1 for marking
[149.434s][info][gc,marking  ] GC(325) Concurrent Mark From Roots 60.651ms
[149.434s][info][gc,marking  ] GC(325) Concurrent Preclean
[149.434s][info][gc,marking  ] GC(325) Concurrent Preclean 0.069ms
[149.434s][info][gc,start    ] GC(325) Pause Remark
[149.442s][info][gc          ] GC(325) Pause Remark 284M->284M(563M) 8.168ms
[149.442s][info][gc,cpu      ] GC(325) User=0.02s Sys=0.00s Real=0.01s
[149.442s][info][gc,marking  ] GC(325) Concurrent Mark 69.085ms
[149.442s][info][gc,marking  ] GC(325) Concurrent Rebuild Remembered Sets and Scrub Regions
[149.464s][info][gc,marking  ] GC(325) Concurrent Rebuild Remembered Sets and Scrub Regions 21.701ms
[149.464s][info][gc,start    ] GC(325) Pause Cleanup
[149.464s][info][gc          ] GC(325) Pause Cleanup 295M->295M(563M) 0.056ms
[149.464s][info][gc,cpu      ] GC(325) User=0.00s Sys=0.00s Real=0.00s
[149.464s][info][gc,marking  ] GC(325) Concurrent Clear Claimed Marks
[149.466s][info][gc,marking  ] GC(325) Concurrent Clear Claimed Marks 1.349ms
[149.466s][info][gc,marking  ] GC(325) Concurrent Cleanup for Next Mark
[149.468s][info][gc,marking  ] GC(325) Concurrent Cleanup for Next Mark 2.465ms
[149.468s][info][gc          ] GC(325) Concurrent Mark Cycle 98.818ms
[150.088s][info][gc,start    ] GC(326) Pause Young (Prepare Mixed) (G1 Evacuation Pause)
[150.088s][info][gc,task     ] GC(326) Using 2 workers of 2 for evacuation
[150.092s][info][gc,phases   ] GC(326)   Pre Evacuate Collection Set: 0.25ms
[150.092s][info][gc,phases   ] GC(326)   Merge Heap Roots: 0.12ms
[150.092s][info][gc,phases   ] GC(326)   Evacuate Collection Set: 2.39ms
[150.092s][info][gc,phases   ] GC(326)   Post Evacuate Collection Set: 0.55ms
[150.092s][info][gc,phases   ] GC(326)   Other: 0.08ms
[150.092s][info][gc,heap     ] GC(326) Eden regions: 279->0(277)
[150.092s][info][gc,heap     ] GC(326) Survivor regions: 1->2(35)
[150.092s][info][gc,heap     ] GC(326) Old regions: 46->46
[150.092s][info][gc,heap     ] GC(326) Humongous regions: 207->207
[150.092s][info][gc,metaspace] GC(326) Metaspace: 56406K(56704K)->56406K(56704K) NonClass: 50786K(51008K)->50786K(51008K) Class: 5619K(5696K)->5619K(5696K)
[150.092s][info][gc          ] GC(326) Pause Young (Prepare Mixed) (G1 Evacuation Pause) 532M->254M(563M) 3.572ms
[150.092s][info][gc,cpu      ] GC(326) User=0.00s Sys=0.00s Real=0.01s
[150.689s][info][gc,start    ] GC(327) Pause Young (Mixed) (G1 Evacuation Pause)
[150.689s][info][gc,task     ] GC(327) Using 2 workers of 2 for evacuation
[150.696s][info][gc,phases   ] GC(327)   Pre Evacuate Collection Set: 0.24ms
[150.696s][info][gc,phases   ] GC(327)   Merge Heap Roots: 0.13ms
[150.696s][info][gc,phases   ] GC(327)   Evacuate Collection Set: 5.79ms
[150.696s][info][gc,phases   ] GC(327)   Post Evacuate Collection Set: 0.57ms
[150.696s][info][gc,phases   ] GC(327)   Other: 0.09ms
[150.696s][info][gc,heap     ] GC(327) Eden regions: 277->0(275)
[150.696s][info][gc,heap     ] GC(327) Survivor regions: 2->3(35)
[150.696s][info][gc,heap     ] GC(327) Old regions: 46->46
[150.696s][info][gc,heap     ] GC(327) Humongous regions: 207->207
[150.696s][info][gc,metaspace] GC(327) Metaspace: 56406K(56704K)->56406K(56704K) NonClass: 50786K(51008K)->50786K(51008K) Class: 5619K(5696K)->5619K(5696K)
[150.696s][info][gc          ] GC(327) Pause Young (Mixed) (G1 Evacuation Pause) 531M->254M(563M) 6.995ms
[150.696s][info][gc,cpu      ] GC(327) User=0.02s Sys=0.00s Real=0.01s
[151.472s][info][gc,start    ] GC(328) Pause Young (Concurrent Start) (G1 Evacuation Pause)
[151.472s][info][gc,task     ] GC(328) Using 2 workers of 2 for evacuation
[151.478s][info][gc,phases   ] GC(328)   Pre Evacuate Collection Set: 0.28ms
[151.478s][info][gc,phases   ] GC(328)   Merge Heap Roots: 0.11ms
[151.478s][info][gc,phases   ] GC(328)   Evacuate Collection Set: 4.82ms
[151.478s][info][gc,phases   ] GC(328)   Post Evacuate Collection Set: 0.57ms
[151.478s][info][gc,phases   ] GC(328)   Other: 0.09ms
[151.478s][info][gc,heap     ] GC(328) Eden regions: 275->0(275)
[151.478s][info][gc,heap     ] GC(328) Survivor regions: 3->3(35)
[151.478s][info][gc,heap     ] GC(328) Old regions: 46->46
[151.478s][info][gc,heap     ] GC(328) Humongous regions: 207->207
[151.478s][info][gc,metaspace] GC(328) Metaspace: 56406K(56704K)->56406K(56704K) NonClass: 50786K(51008K)->50786K(51008K) Class: 5619K(5696K)->5619K(5696K)
[151.478s][info][gc          ] GC(328) Pause Young (Concurrent Start) (G1 Evacuation Pause) 529M->255M(563M) 6.033ms
[151.478s][info][gc,cpu      ] GC(328) User=0.01s Sys=0.00s Real=0.00s
[151.479s][info][gc          ] GC(329) Concurrent Mark Cycle
[151.479s][info][gc,marking  ] GC(329) Concurrent Scan Root Regions
[151.482s][info][gc,marking  ] GC(329) Concurrent Scan Root Regions 3.082ms
[151.482s][info][gc,marking  ] GC(329) Concurrent Mark
[151.482s][info][gc,marking  ] GC(329) Concurrent Mark From Roots
[151.482s][info][gc,task     ] GC(329) Using 1 workers of 1 for marking
[151.528s][info][gc,marking  ] GC(329) Concurrent Mark From Roots 46.231ms
[151.528s][info][gc,marking  ] GC(329) Concurrent Preclean
[151.528s][info][gc,marking  ] GC(329) Concurrent Preclean 0.068ms
[151.528s][info][gc,start    ] GC(329) Pause Remark
[151.536s][info][gc          ] GC(329) Pause Remark 276M->276M(563M) 8.238ms
[151.536s][info][gc,cpu      ] GC(329) User=0.02s Sys=0.00s Real=0.01s
[151.537s][info][gc,marking  ] GC(329) Concurrent Mark 54.861ms
[151.537s][info][gc,marking  ] GC(329) Concurrent Rebuild Remembered Sets and Scrub Regions
[151.556s][info][gc,marking  ] GC(329) Concurrent Rebuild Remembered Sets and Scrub Regions 18.978ms
[151.556s][info][gc,start    ] GC(329) Pause Cleanup
[151.556s][info][gc          ] GC(329) Pause Cleanup 281M->281M(563M) 0.063ms
[151.556s][info][gc,cpu      ] GC(329) User=0.00s Sys=0.00s Real=0.00s
[151.556s][info][gc,marking  ] GC(329) Concurrent Clear Claimed Marks
[151.557s][info][gc,marking  ] GC(329) Concurrent Clear Claimed Marks 0.095ms
[151.557s][info][gc,marking  ] GC(329) Concurrent Cleanup for Next Mark
[151.559s][info][gc,marking  ] GC(329) Concurrent Cleanup for Next Mark 2.813ms
[151.559s][info][gc          ] GC(329) Concurrent Mark Cycle 80.814ms
[152.159s][info][gc,start    ] GC(330) Pause Young (Prepare Mixed) (G1 Evacuation Pause)
[152.159s][info][gc,task     ] GC(330) Using 2 workers of 2 for evacuation
[152.163s][info][gc,phases   ] GC(330)   Pre Evacuate Collection Set: 0.24ms
[152.163s][info][gc,phases   ] GC(330)   Merge Heap Roots: 0.10ms
[152.163s][info][gc,phases   ] GC(330)   Evacuate Collection Set: 2.69ms
[152.163s][info][gc,phases   ] GC(330)   Post Evacuate Collection Set: 0.54ms
[152.163s][info][gc,phases   ] GC(330)   Other: 0.08ms
[152.163s][info][gc,heap     ] GC(330) Eden regions: 275->0(277)
[152.163s][info][gc,heap     ] GC(330) Survivor regions: 3->2(35)
[152.163s][info][gc,heap     ] GC(330) Old regions: 46->46
[152.163s][info][gc,heap     ] GC(330) Humongous regions: 207->207
[152.163s][info][gc,metaspace] GC(330) Metaspace: 56406K(56704K)->56406K(56704K) NonClass: 50786K(51008K)->50786K(51008K) Class: 5619K(5696K)->5619K(5696K)
[152.163s][info][gc          ] GC(330) Pause Young (Prepare Mixed) (G1 Evacuation Pause) 530M->254M(563M) 3.825ms
[152.163s][info][gc,cpu      ] GC(330) User=0.01s Sys=0.00s Real=0.01s
[152.853s][info][gc,start    ] GC(331) Pause Young (Mixed) (G1 Evacuation Pause)
[152.853s][info][gc,task     ] GC(331) Using 2 workers of 2 for evacuation
[152.857s][info][gc,phases   ] GC(331)   Pre Evacuate Collection Set: 0.25ms
[152.858s][info][gc,phases   ] GC(331)   Merge Heap Roots: 0.10ms
[152.858s][info][gc,phases   ] GC(331)   Evacuate Collection Set: 3.80ms
[152.858s][info][gc,phases   ] GC(331)   Post Evacuate Collection Set: 0.55ms
[152.858s][info][gc,phases   ] GC(331)   Other: 0.08ms
[152.858s][info][gc,heap     ] GC(331) Eden regions: 277->0(279)
[152.858s][info][gc,heap     ] GC(331) Survivor regions: 2->1(35)
[152.858s][info][gc,heap     ] GC(331) Old regions: 46->46
[152.858s][info][gc,heap     ] GC(331) Humongous regions: 207->207
[152.858s][info][gc,metaspace] GC(331) Metaspace: 56406K(56704K)->56406K(56704K) NonClass: 50786K(51008K)->50786K(51008K) Class: 5619K(5696K)->5619K(5696K)
[152.858s][info][gc          ] GC(331) Pause Young (Mixed) (G1 Evacuation Pause) 531M->253M(563M) 4.955ms
[152.858s][info][gc,cpu      ] GC(331) User=0.01s Sys=0.00s Real=0.00s
[153.493s][info][gc,start    ] GC(332) Pause Young (Concurrent Start) (G1 Evacuation Pause)
[153.493s][info][gc,task     ] GC(332) Using 2 workers of 2 for evacuation
[153.498s][info][gc,phases   ] GC(332)   Pre Evacuate Collection Set: 0.28ms
[153.498s][info][gc,phases   ] GC(332)   Merge Heap Roots: 0.10ms
[153.498s][info][gc,phases   ] GC(332)   Evacuate Collection Set: 3.66ms
[153.498s][info][gc,phases   ] GC(332)   Post Evacuate Collection Set: 0.55ms
[153.498s][info][gc,phases   ] GC(332)   Other: 0.09ms
[153.498s][info][gc,heap     ] GC(332) Eden regions: 279->0(275)
[153.498s][info][gc,heap     ] GC(332) Survivor regions: 1->3(35)
[153.498s][info][gc,heap     ] GC(332) Old regions: 46->46
[153.498s][info][gc,heap     ] GC(332) Humongous regions: 207->207
[153.498s][info][gc,metaspace] GC(332) Metaspace: 56411K(56704K)->56411K(56704K) NonClass: 50792K(51008K)->50792K(51008K) Class: 5619K(5696K)->5619K(5696K)
[153.498s][info][gc          ] GC(332) Pause Young (Concurrent Start) (G1 Evacuation Pause) 532M->255M(563M) 4.845ms
[153.498s][info][gc          ] GC(333) Concurrent Mark Cycle
[153.498s][info][gc,marking  ] GC(333) Concurrent Scan Root Regions
[153.498s][info][gc,cpu      ] GC(332) User=0.01s Sys=0.00s Real=0.00s
[153.502s][info][gc,marking  ] GC(333) Concurrent Scan Root Regions 4.166ms
[153.502s][info][gc,marking  ] GC(333) Concurrent Mark
[153.502s][info][gc,marking  ] GC(333) Concurrent Mark From Roots
[153.502s][info][gc,task     ] GC(333) Using 1 workers of 1 for marking
[153.548s][info][gc,marking  ] GC(333) Concurrent Mark From Roots 45.449ms
[153.548s][info][gc,marking  ] GC(333) Concurrent Preclean
[153.548s][info][gc,marking  ] GC(333) Concurrent Preclean 0.069ms
[153.548s][info][gc,start    ] GC(333) Pause Remark
[153.556s][info][gc          ] GC(333) Pause Remark 262M->262M(563M) 8.340ms
[153.556s][info][gc,cpu      ] GC(333) User=0.01s Sys=0.00s Real=0.01s
[153.557s][info][gc,marking  ] GC(333) Concurrent Mark 54.490ms
[153.557s][info][gc,marking  ] GC(333) Concurrent Rebuild Remembered Sets and Scrub Regions
[153.587s][info][gc,marking  ] GC(333) Concurrent Rebuild Remembered Sets and Scrub Regions 29.800ms
[153.587s][info][gc,start    ] GC(333) Pause Cleanup
[153.587s][info][gc          ] GC(333) Pause Cleanup 286M->286M(563M) 0.077ms
[153.587s][info][gc,cpu      ] GC(333) User=0.00s Sys=0.00s Real=0.00s
[153.588s][info][gc,marking  ] GC(333) Concurrent Clear Claimed Marks
[153.588s][info][gc,marking  ] GC(333) Concurrent Clear Claimed Marks 0.107ms
[153.588s][info][gc,marking  ] GC(333) Concurrent Cleanup for Next Mark
[153.593s][info][gc,marking  ] GC(333) Concurrent Cleanup for Next Mark 5.754ms
[153.594s][info][gc          ] GC(333) Concurrent Mark Cycle 95.487ms
[154.178s][info][gc,start    ] GC(334) Pause Young (Prepare Mixed) (G1 Evacuation Pause)
[154.178s][info][gc,task     ] GC(334) Using 2 workers of 2 for evacuation
[154.184s][info][gc,phases   ] GC(334)   Pre Evacuate Collection Set: 0.26ms
[154.184s][info][gc,phases   ] GC(334)   Merge Heap Roots: 0.12ms
[154.184s][info][gc,phases   ] GC(334)   Evacuate Collection Set: 4.79ms
[154.184s][info][gc,phases   ] GC(334)   Post Evacuate Collection Set: 0.55ms
[154.184s][info][gc,phases   ] GC(334)   Other: 0.07ms
[154.184s][info][gc,heap     ] GC(334) Eden regions: 275->0(275)
[154.184s][info][gc,heap     ] GC(334) Survivor regions: 3->3(35)
[154.184s][info][gc,heap     ] GC(334) Old regions: 46->46
[154.184s][info][gc,heap     ] GC(334) Humongous regions: 207->207
[154.184s][info][gc,metaspace] GC(334) Metaspace: 56411K(56704K)->56411K(56704K) NonClass: 50792K(51008K)->50792K(51008K) Class: 5619K(5696K)->5619K(5696K)
[154.184s][info][gc          ] GC(334) Pause Young (Prepare Mixed) (G1 Evacuation Pause) 530M->255M(563M) 5.977ms
[154.184s][info][gc,cpu      ] GC(334) User=0.01s Sys=0.00s Real=0.01s
[154.906s][info][gc,start    ] GC(335) Pause Young (Mixed) (G1 Evacuation Pause)
[154.906s][info][gc,task     ] GC(335) Using 2 workers of 2 for evacuation
[154.912s][info][gc,phases   ] GC(335)   Pre Evacuate Collection Set: 0.25ms
[154.912s][info][gc,phases   ] GC(335)   Merge Heap Roots: 0.10ms
[154.912s][info][gc,phases   ] GC(335)   Evacuate Collection Set: 4.95ms
[154.912s][info][gc,phases   ] GC(335)   Post Evacuate Collection Set: 0.55ms
[154.912s][info][gc,phases   ] GC(335)   Other: 0.07ms
[154.912s][info][gc,heap     ] GC(335) Eden regions: 275->0(275)
[154.912s][info][gc,heap     ] GC(335) Survivor regions: 3->3(35)
[154.912s][info][gc,heap     ] GC(335) Old regions: 46->46
[154.912s][info][gc,heap     ] GC(335) Humongous regions: 207->207
[154.912s][info][gc,metaspace] GC(335) Metaspace: 56414K(56704K)->56414K(56704K) NonClass: 50794K(51008K)->50794K(51008K) Class: 5619K(5696K)->5619K(5696K)
[154.912s][info][gc          ] GC(335) Pause Young (Mixed) (G1 Evacuation Pause) 530M->255M(563M) 6.104ms
[154.912s][info][gc,cpu      ] GC(335) User=0.02s Sys=0.00s Real=0.01s
[155.552s][info][gc,start    ] GC(336) Pause Young (Concurrent Start) (G1 Evacuation Pause)
[155.552s][info][gc,task     ] GC(336) Using 2 workers of 2 for evacuation
[155.556s][info][gc,phases   ] GC(336)   Pre Evacuate Collection Set: 0.25ms
[155.556s][info][gc,phases   ] GC(336)   Merge Heap Roots: 0.10ms
[155.556s][info][gc,phases   ] GC(336)   Evacuate Collection Set: 2.35ms
[155.556s][info][gc,phases   ] GC(336)   Post Evacuate Collection Set: 0.53ms
[155.556s][info][gc,phases   ] GC(336)   Other: 0.11ms
[155.556s][info][gc,heap     ] GC(336) Eden regions: 275->0(279)
[155.556s][info][gc,heap     ] GC(336) Survivor regions: 3->1(35)
[155.556s][info][gc,heap     ] GC(336) Old regions: 46->46
[155.556s][info][gc,heap     ] GC(336) Humongous regions: 207->207
[155.556s][info][gc,metaspace] GC(336) Metaspace: 56414K(56704K)->56414K(56704K) NonClass: 50794K(51008K)->50794K(51008K) Class: 5619K(5696K)->5619K(5696K)
[155.556s][info][gc          ] GC(336) Pause Young (Concurrent Start) (G1 Evacuation Pause) 530M->253M(563M) 3.533ms
[155.556s][info][gc,cpu      ] GC(336) User=0.00s Sys=0.01s Real=0.00s
[155.556s][info][gc          ] GC(337) Concurrent Mark Cycle
[155.556s][info][gc,marking  ] GC(337) Concurrent Scan Root Regions
[155.558s][info][gc,marking  ] GC(337) Concurrent Scan Root Regions 1.511ms
[155.558s][info][gc,marking  ] GC(337) Concurrent Mark
[155.558s][info][gc,marking  ] GC(337) Concurrent Mark From Roots
[155.558s][info][gc,task     ] GC(337) Using 1 workers of 1 for marking
[155.606s][info][gc,marking  ] GC(337) Concurrent Mark From Roots 48.474ms
[155.606s][info][gc,marking  ] GC(337) Concurrent Preclean
[155.606s][info][gc,marking  ] GC(337) Concurrent Preclean 0.066ms
[155.606s][info][gc,start    ] GC(337) Pause Remark
[155.615s][info][gc          ] GC(337) Pause Remark 285M->285M(563M) 8.283ms
[155.615s][info][gc,cpu      ] GC(337) User=0.01s Sys=0.00s Real=0.01s
[155.615s][info][gc,marking  ] GC(337) Concurrent Mark 57.514ms
[155.615s][info][gc,marking  ] GC(337) Concurrent Rebuild Remembered Sets and Scrub Regions
[155.632s][info][gc,marking  ] GC(337) Concurrent Rebuild Remembered Sets and Scrub Regions 17.137ms
[155.632s][info][gc,start    ] GC(337) Pause Cleanup
[155.633s][info][gc          ] GC(337) Pause Cleanup 291M->291M(563M) 0.075ms
[155.633s][info][gc,cpu      ] GC(337) User=0.00s Sys=0.00s Real=0.00s
[155.633s][info][gc,marking  ] GC(337) Concurrent Clear Claimed Marks
[155.633s][info][gc,marking  ] GC(337) Concurrent Clear Claimed Marks 0.086ms
[155.633s][info][gc,marking  ] GC(337) Concurrent Cleanup for Next Mark
[155.634s][info][gc,marking  ] GC(337) Concurrent Cleanup for Next Mark 1.668ms
[155.634s][info][gc          ] GC(337) Concurrent Mark Cycle 78.488ms
[156.193s][info][gc,start    ] GC(338) Pause Young (Prepare Mixed) (G1 Evacuation Pause)
[156.193s][info][gc,task     ] GC(338) Using 2 workers of 2 for evacuation
[156.197s][info][gc,phases   ] GC(338)   Pre Evacuate Collection Set: 0.26ms
[156.197s][info][gc,phases   ] GC(338)   Merge Heap Roots: 0.10ms
[156.197s][info][gc,phases   ] GC(338)   Evacuate Collection Set: 3.22ms
[156.197s][info][gc,phases   ] GC(338)   Post Evacuate Collection Set: 0.58ms
[156.197s][info][gc,phases   ] GC(338)   Other: 0.09ms
[156.197s][info][gc,heap     ] GC(338) Eden regions: 279->0(277)
[156.197s][info][gc,heap     ] GC(338) Survivor regions: 1->2(35)
[156.197s][info][gc,heap     ] GC(338) Old regions: 46->46
[156.197s][info][gc,heap     ] GC(338) Humongous regions: 207->207
[156.197s][info][gc,metaspace] GC(338) Metaspace: 56414K(56704K)->56414K(56704K) NonClass: 50794K(51008K)->50794K(51008K) Class: 5619K(5696K)->5619K(5696K)
[156.197s][info][gc          ] GC(338) Pause Young (Prepare Mixed) (G1 Evacuation Pause) 532M->254M(563M) 4.408ms
[156.197s][info][gc,cpu      ] GC(338) User=0.00s Sys=0.00s Real=0.00s
[156.898s][info][gc,start    ] GC(339) Pause Young (Mixed) (G1 Evacuation Pause)
[156.898s][info][gc,task     ] GC(339) Using 2 workers of 2 for evacuation
[156.906s][info][gc,phases   ] GC(339)   Pre Evacuate Collection Set: 0.25ms
[156.906s][info][gc,phases   ] GC(339)   Merge Heap Roots: 0.12ms
[156.906s][info][gc,phases   ] GC(339)   Evacuate Collection Set: 6.26ms
[156.906s][info][gc,phases   ] GC(339)   Post Evacuate Collection Set: 0.58ms
[156.906s][info][gc,phases   ] GC(339)   Other: 0.07ms
[156.906s][info][gc,heap     ] GC(339) Eden regions: 277->0(275)
[156.906s][info][gc,heap     ] GC(339) Survivor regions: 2->3(35)
[156.906s][info][gc,heap     ] GC(339) Old regions: 46->46
[156.906s][info][gc,heap     ] GC(339) Humongous regions: 207->207
[156.906s][info][gc,metaspace] GC(339) Metaspace: 56415K(56704K)->56415K(56704K) NonClass: 50796K(51008K)->50796K(51008K) Class: 5619K(5696K)->5619K(5696K)
[156.906s][info][gc          ] GC(339) Pause Young (Mixed) (G1 Evacuation Pause) 531M->255M(563M) 7.477ms
[156.906s][info][gc,cpu      ] GC(339) User=0.01s Sys=0.00s Real=0.01s
[157.565s][info][gc,start    ] GC(340) Pause Young (Concurrent Start) (G1 Evacuation Pause)
[157.565s][info][gc,task     ] GC(340) Using 2 workers of 2 for evacuation
[157.570s][info][gc,phases   ] GC(340)   Pre Evacuate Collection Set: 0.29ms
[157.570s][info][gc,phases   ] GC(340)   Merge Heap Roots: 0.09ms
[157.570s][info][gc,phases   ] GC(340)   Evacuate Collection Set: 4.05ms
[157.570s][info][gc,phases   ] GC(340)   Post Evacuate Collection Set: 0.54ms
[157.570s][info][gc,phases   ] GC(340)   Other: 0.12ms
[157.570s][info][gc,heap     ] GC(340) Eden regions: 275->0(275)
[157.570s][info][gc,heap     ] GC(340) Survivor regions: 3->3(35)
[157.570s][info][gc,heap     ] GC(340) Old regions: 46->46
[157.570s][info][gc,heap     ] GC(340) Humongous regions: 207->207
[157.570s][info][gc,metaspace] GC(340) Metaspace: 56415K(56704K)->56415K(56704K) NonClass: 50796K(51008K)->50796K(51008K) Class: 5619K(5696K)->5619K(5696K)
[157.570s][info][gc          ] GC(340) Pause Young (Concurrent Start) (G1 Evacuation Pause) 530M->255M(563M) 5.265ms
[157.570s][info][gc,cpu      ] GC(340) User=0.01s Sys=0.00s Real=0.00s
[157.571s][info][gc          ] GC(341) Concurrent Mark Cycle
[157.571s][info][gc,marking  ] GC(341) Concurrent Scan Root Regions
[157.573s][info][gc,marking  ] GC(341) Concurrent Scan Root Regions 2.404ms
[157.573s][info][gc,marking  ] GC(341) Concurrent Mark
[157.573s][info][gc,marking  ] GC(341) Concurrent Mark From Roots
[157.573s][info][gc,task     ] GC(341) Using 1 workers of 1 for marking
[157.627s][info][gc,marking  ] GC(341) Concurrent Mark From Roots 53.914ms
[157.627s][info][gc,marking  ] GC(341) Concurrent Preclean
[157.627s][info][gc,marking  ] GC(341) Concurrent Preclean 0.067ms
[157.627s][info][gc,start    ] GC(341) Pause Remark
[157.636s][info][gc          ] GC(341) Pause Remark 282M->282M(563M) 8.423ms
[157.636s][info][gc,cpu      ] GC(341) User=0.02s Sys=0.00s Real=0.01s
[157.636s][info][gc,marking  ] GC(341) Concurrent Mark 62.678ms
[157.636s][info][gc,marking  ] GC(341) Concurrent Rebuild Remembered Sets and Scrub Regions
[157.655s][info][gc,marking  ] GC(341) Concurrent Rebuild Remembered Sets and Scrub Regions 19.515ms
[157.656s][info][gc,start    ] GC(341) Pause Cleanup
[157.656s][info][gc          ] GC(341) Pause Cleanup 288M->288M(563M) 0.055ms
[157.656s][info][gc,cpu      ] GC(341) User=0.00s Sys=0.00s Real=0.00s
[157.656s][info][gc,marking  ] GC(341) Concurrent Clear Claimed Marks
[157.656s][info][gc,marking  ] GC(341) Concurrent Clear Claimed Marks 0.082ms
[157.656s][info][gc,marking  ] GC(341) Concurrent Cleanup for Next Mark
[157.674s][info][gc,marking  ] GC(341) Concurrent Cleanup for Next Mark 17.962ms
[157.674s][info][gc          ] GC(341) Concurrent Mark Cycle 103.112ms
[158.256s][info][gc,start    ] GC(342) Pause Young (Prepare Mixed) (G1 Evacuation Pause)
[158.256s][info][gc,task     ] GC(342) Using 2 workers of 2 for evacuation
[158.259s][info][gc,phases   ] GC(342)   Pre Evacuate Collection Set: 0.24ms
[158.259s][info][gc,phases   ] GC(342)   Merge Heap Roots: 0.11ms
[158.259s][info][gc,phases   ] GC(342)   Evacuate Collection Set: 2.52ms
[158.259s][info][gc,phases   ] GC(342)   Post Evacuate Collection Set: 0.56ms
[158.259s][info][gc,phases   ] GC(342)   Other: 0.07ms
[158.259s][info][gc,heap     ] GC(342) Eden regions: 275->0(277)
[158.259s][info][gc,heap     ] GC(342) Survivor regions: 3->2(35)
[158.259s][info][gc,heap     ] GC(342) Old regions: 46->46
[158.259s][info][gc,heap     ] GC(342) Humongous regions: 207->207
[158.259s][info][gc,metaspace] GC(342) Metaspace: 56415K(56704K)->56415K(56704K) NonClass: 50796K(51008K)->50796K(51008K) Class: 5619K(5696K)->5619K(5696K)
[158.259s][info][gc          ] GC(342) Pause Young (Prepare Mixed) (G1 Evacuation Pause) 530M->254M(563M) 3.696ms
[158.259s][info][gc,cpu      ] GC(342) User=0.01s Sys=0.00s Real=0.00s
[158.994s][info][gc,start    ] GC(343) Pause Young (Mixed) (G1 Evacuation Pause)
[158.994s][info][gc,task     ] GC(343) Using 2 workers of 2 for evacuation
[158.999s][info][gc,phases   ] GC(343)   Pre Evacuate Collection Set: 0.25ms
[158.999s][info][gc,phases   ] GC(343)   Merge Heap Roots: 0.12ms
[158.999s][info][gc,phases   ] GC(343)   Evacuate Collection Set: 4.35ms
[158.999s][info][gc,phases   ] GC(343)   Post Evacuate Collection Set: 0.62ms
[158.999s][info][gc,phases   ] GC(343)   Other: 0.07ms
[158.999s][info][gc,heap     ] GC(343) Eden regions: 277->0(279)
[158.999s][info][gc,heap     ] GC(343) Survivor regions: 2->1(35)
[158.999s][info][gc,heap     ] GC(343) Old regions: 46->46
[158.999s][info][gc,heap     ] GC(343) Humongous regions: 207->207
[158.999s][info][gc,metaspace] GC(343) Metaspace: 56415K(56704K)->56415K(56704K) NonClass: 50796K(51008K)->50796K(51008K) Class: 5619K(5696K)->5619K(5696K)
[158.999s][info][gc          ] GC(343) Pause Young (Mixed) (G1 Evacuation Pause) 531M->253M(563M) 5.581ms
[158.999s][info][gc,cpu      ] GC(343) User=0.01s Sys=0.00s Real=0.00s
[159.576s][info][gc,start    ] GC(344) Pause Young (Concurrent Start) (G1 Evacuation Pause)
[159.576s][info][gc,task     ] GC(344) Using 2 workers of 2 for evacuation
[159.582s][info][gc,phases   ] GC(344)   Pre Evacuate Collection Set: 0.28ms
[159.582s][info][gc,phases   ] GC(344)   Merge Heap Roots: 0.11ms
[159.582s][info][gc,phases   ] GC(344)   Evacuate Collection Set: 5.23ms
[159.582s][info][gc,phases   ] GC(344)   Post Evacuate Collection Set: 0.54ms
[159.582s][info][gc,phases   ] GC(344)   Other: 0.09ms
[159.582s][info][gc,heap     ] GC(344) Eden regions: 279->0(273)
[159.582s][info][gc,heap     ] GC(344) Survivor regions: 1->4(35)
[159.582s][info][gc,heap     ] GC(344) Old regions: 46->46
[159.582s][info][gc,heap     ] GC(344) Humongous regions: 207->207
[159.582s][info][gc,metaspace] GC(344) Metaspace: 56415K(56704K)->56415K(56704K) NonClass: 50796K(51008K)->50796K(51008K) Class: 5619K(5696K)->5619K(5696K)
[159.582s][info][gc          ] GC(344) Pause Young (Concurrent Start) (G1 Evacuation Pause) 532M->256M(563M) 6.410ms
[159.582s][info][gc,cpu      ] GC(344) User=0.01s Sys=0.00s Real=0.01s
[159.583s][info][gc          ] GC(345) Concurrent Mark Cycle
[159.583s][info][gc,marking  ] GC(345) Concurrent Scan Root Regions
[159.588s][info][gc,marking  ] GC(345) Concurrent Scan Root Regions 4.962ms
[159.588s][info][gc,marking  ] GC(345) Concurrent Mark
[159.588s][info][gc,marking  ] GC(345) Concurrent Mark From Roots
[159.588s][info][gc,task     ] GC(345) Using 1 workers of 1 for marking
[159.636s][info][gc,marking  ] GC(345) Concurrent Mark From Roots 47.771ms
[159.636s][info][gc,marking  ] GC(345) Concurrent Preclean
[159.636s][info][gc,marking  ] GC(345) Concurrent Preclean 0.065ms
[159.636s][info][gc,start    ] GC(345) Pause Remark
[159.644s][info][gc          ] GC(345) Pause Remark 269M->269M(563M) 8.229ms
[159.644s][info][gc,cpu      ] GC(345) User=0.01s Sys=0.00s Real=0.01s
[159.644s][info][gc,marking  ] GC(345) Concurrent Mark 56.381ms
[159.644s][info][gc,marking  ] GC(345) Concurrent Rebuild Remembered Sets and Scrub Regions
[159.668s][info][gc,marking  ] GC(345) Concurrent Rebuild Remembered Sets and Scrub Regions 23.396ms
[159.668s][info][gc,start    ] GC(345) Pause Cleanup
[159.668s][info][gc          ] GC(345) Pause Cleanup 283M->283M(563M) 0.060ms
[159.668s][info][gc,cpu      ] GC(345) User=0.00s Sys=0.00s Real=0.00s
[159.668s][info][gc,marking  ] GC(345) Concurrent Clear Claimed Marks
[159.668s][info][gc,marking  ] GC(345) Concurrent Clear Claimed Marks 0.080ms
[159.668s][info][gc,marking  ] GC(345) Concurrent Cleanup for Next Mark
[159.671s][info][gc,marking  ] GC(345) Concurrent Cleanup for Next Mark 3.096ms
[159.671s][info][gc          ] GC(345) Concurrent Mark Cycle 88.348ms
[160.267s][info][gc,start    ] GC(346) Pause Young (Prepare Mixed) (G1 Evacuation Pause)
[160.267s][info][gc,task     ] GC(346) Using 2 workers of 2 for evacuation
[160.273s][info][gc,phases   ] GC(346)   Pre Evacuate Collection Set: 0.25ms
[160.273s][info][gc,phases   ] GC(346)   Merge Heap Roots: 0.12ms
[160.273s][info][gc,phases   ] GC(346)   Evacuate Collection Set: 4.40ms
[160.273s][info][gc,phases   ] GC(346)   Post Evacuate Collection Set: 0.57ms
[160.273s][info][gc,phases   ] GC(346)   Other: 0.07ms
[160.273s][info][gc,heap     ] GC(346) Eden regions: 273->0(275)
[160.273s][info][gc,heap     ] GC(346) Survivor regions: 4->3(35)
[160.273s][info][gc,heap     ] GC(346) Old regions: 46->46
[160.273s][info][gc,heap     ] GC(346) Humongous regions: 207->207
[160.273s][info][gc,metaspace] GC(346) Metaspace: 56415K(56704K)->56415K(56704K) NonClass: 50796K(51008K)->50796K(51008K) Class: 5619K(5696K)->5619K(5696K)
[160.273s][info][gc          ] GC(346) Pause Young (Prepare Mixed) (G1 Evacuation Pause) 529M->254M(563M) 5.582ms
[160.273s][info][gc,cpu      ] GC(346) User=0.01s Sys=0.00s Real=0.01s
[160.954s][info][gc,start    ] GC(347) Pause Young (Mixed) (G1 Evacuation Pause)
[160.954s][info][gc,task     ] GC(347) Using 2 workers of 2 for evacuation
[160.960s][info][gc,phases   ] GC(347)   Pre Evacuate Collection Set: 0.23ms
[160.960s][info][gc,phases   ] GC(347)   Merge Heap Roots: 0.11ms
[160.960s][info][gc,phases   ] GC(347)   Evacuate Collection Set: 4.72ms
[160.960s][info][gc,phases   ] GC(347)   Post Evacuate Collection Set: 0.60ms
[160.960s][info][gc,phases   ] GC(347)   Other: 0.09ms
[160.960s][info][gc,heap     ] GC(347) Eden regions: 275->0(277)
[160.960s][info][gc,heap     ] GC(347) Survivor regions: 3->2(35)
[160.960s][info][gc,heap     ] GC(347) Old regions: 46->46
[160.960s][info][gc,heap     ] GC(347) Humongous regions: 207->207
[160.960s][info][gc,metaspace] GC(347) Metaspace: 56415K(56704K)->56415K(56704K) NonClass: 50796K(51008K)->50796K(51008K) Class: 5619K(5696K)->5619K(5696K)
[160.960s][info][gc          ] GC(347) Pause Young (Mixed) (G1 Evacuation Pause) 529M->253M(563M) 5.935ms
[160.960s][info][gc,cpu      ] GC(347) User=0.01s Sys=0.00s Real=0.00s
[161.592s][info][gc,start    ] GC(348) Pause Young (Concurrent Start) (G1 Evacuation Pause)
[161.592s][info][gc,task     ] GC(348) Using 2 workers of 2 for evacuation
[161.596s][info][gc,phases   ] GC(348)   Pre Evacuate Collection Set: 0.29ms
[161.596s][info][gc,phases   ] GC(348)   Merge Heap Roots: 0.11ms
[161.596s][info][gc,phases   ] GC(348)   Evacuate Collection Set: 3.27ms
[161.596s][info][gc,phases   ] GC(348)   Post Evacuate Collection Set: 0.57ms
[161.596s][info][gc,phases   ] GC(348)   Other: 0.10ms
[161.596s][info][gc,heap     ] GC(348) Eden regions: 277->0(277)
[161.596s][info][gc,heap     ] GC(348) Survivor regions: 2->2(35)
[161.596s][info][gc,heap     ] GC(348) Old regions: 46->46
[161.596s][info][gc,heap     ] GC(348) Humongous regions: 207->207
[161.596s][info][gc,metaspace] GC(348) Metaspace: 56415K(56704K)->56415K(56704K) NonClass: 50796K(51008K)->50796K(51008K) Class: 5619K(5696K)->5619K(5696K)
[161.596s][info][gc          ] GC(348) Pause Young (Concurrent Start) (G1 Evacuation Pause) 530M->254M(563M) 4.543ms
[161.596s][info][gc          ] GC(349) Concurrent Mark Cycle
[161.596s][info][gc,marking  ] GC(349) Concurrent Scan Root Regions
[161.597s][info][gc,cpu      ] GC(348) User=0.01s Sys=0.00s Real=0.00s
[161.600s][info][gc,marking  ] GC(349) Concurrent Scan Root Regions 3.409ms
[161.600s][info][gc,marking  ] GC(349) Concurrent Mark
[161.600s][info][gc,marking  ] GC(349) Concurrent Mark From Roots
[161.600s][info][gc,task     ] GC(349) Using 1 workers of 1 for marking
[161.641s][info][gc,marking  ] GC(349) Concurrent Mark From Roots 41.573ms
[161.641s][info][gc,marking  ] GC(349) Concurrent Preclean
[161.641s][info][gc,marking  ] GC(349) Concurrent Preclean 0.059ms
[161.642s][info][gc,start    ] GC(349) Pause Remark
[161.650s][info][gc          ] GC(349) Pause Remark 259M->259M(563M) 8.162ms
[161.650s][info][gc,cpu      ] GC(349) User=0.02s Sys=0.00s Real=0.00s
[161.650s][info][gc,marking  ] GC(349) Concurrent Mark 50.144ms
[161.650s][info][gc,marking  ] GC(349) Concurrent Rebuild Remembered Sets and Scrub Regions
[161.689s][info][gc,marking  ] GC(349) Concurrent Rebuild Remembered Sets and Scrub Regions 39.558ms
[161.690s][info][gc,start    ] GC(349) Pause Cleanup
[161.690s][info][gc          ] GC(349) Pause Cleanup 289M->289M(563M) 0.078ms
[161.690s][info][gc,cpu      ] GC(349) User=0.00s Sys=0.00s Real=0.00s
[161.690s][info][gc,marking  ] GC(349) Concurrent Clear Claimed Marks
[161.690s][info][gc,marking  ] GC(349) Concurrent Clear Claimed Marks 0.091ms
[161.690s][info][gc,marking  ] GC(349) Concurrent Cleanup for Next Mark
[161.695s][info][gc,marking  ] GC(349) Concurrent Cleanup for Next Mark 4.675ms
[161.695s][info][gc          ] GC(349) Concurrent Mark Cycle 98.332ms
[162.284s][info][gc,start    ] GC(350) Pause Young (Prepare Mixed) (G1 Evacuation Pause)
[162.284s][info][gc,task     ] GC(350) Using 2 workers of 2 for evacuation
[162.290s][info][gc,phases   ] GC(350)   Pre Evacuate Collection Set: 0.23ms
[162.290s][info][gc,phases   ] GC(350)   Merge Heap Roots: 0.11ms
[162.290s][info][gc,phases   ] GC(350)   Evacuate Collection Set: 4.60ms
[162.290s][info][gc,phases   ] GC(350)   Post Evacuate Collection Set: 0.55ms
[162.290s][info][gc,phases   ] GC(350)   Other: 0.08ms
[162.290s][info][gc,heap     ] GC(350) Eden regions: 277->0(275)
[162.290s][info][gc,heap     ] GC(350) Survivor regions: 2->3(35)
[162.290s][info][gc,heap     ] GC(350) Old regions: 46->46
[162.290s][info][gc,heap     ] GC(350) Humongous regions: 207->207
[162.290s][info][gc,metaspace] GC(350) Metaspace: 56415K(56704K)->56415K(56704K) NonClass: 50796K(51008K)->50796K(51008K) Class: 5619K(5696K)->5619K(5696K)
[162.290s][info][gc          ] GC(350) Pause Young (Prepare Mixed) (G1 Evacuation Pause) 531M->255M(563M) 5.754ms
[162.290s][info][gc,cpu      ] GC(350) User=0.01s Sys=0.00s Real=0.00s
[162.967s][info][gc,start    ] GC(351) Pause Young (Mixed) (G1 Evacuation Pause)
[162.967s][info][gc,task     ] GC(351) Using 2 workers of 2 for evacuation
[162.974s][info][gc,phases   ] GC(351)   Pre Evacuate Collection Set: 0.25ms
[162.974s][info][gc,phases   ] GC(351)   Merge Heap Roots: 0.10ms
[162.974s][info][gc,phases   ] GC(351)   Evacuate Collection Set: 6.05ms
[162.974s][info][gc,phases   ] GC(351)   Post Evacuate Collection Set: 0.60ms
[162.974s][info][gc,phases   ] GC(351)   Other: 0.07ms
[162.974s][info][gc,heap     ] GC(351) Eden regions: 275->0(275)
[162.974s][info][gc,heap     ] GC(351) Survivor regions: 3->3(35)
[162.974s][info][gc,heap     ] GC(351) Old regions: 46->46
[162.974s][info][gc,heap     ] GC(351) Humongous regions: 207->207
[162.974s][info][gc,metaspace] GC(351) Metaspace: 56415K(56704K)->56415K(56704K) NonClass: 50796K(51008K)->50796K(51008K) Class: 5619K(5696K)->5619K(5696K)
[162.974s][info][gc          ] GC(351) Pause Young (Mixed) (G1 Evacuation Pause) 530M->255M(563M) 7.265ms
[162.974s][info][gc,cpu      ] GC(351) User=0.01s Sys=0.00s Real=0.01s
[163.654s][info][gc,start    ] GC(352) Pause Young (Concurrent Start) (G1 Evacuation Pause)
[163.654s][info][gc,task     ] GC(352) Using 2 workers of 2 for evacuation
[163.658s][info][gc,phases   ] GC(352)   Pre Evacuate Collection Set: 0.27ms
[163.658s][info][gc,phases   ] GC(352)   Merge Heap Roots: 0.10ms
[163.658s][info][gc,phases   ] GC(352)   Evacuate Collection Set: 2.65ms
[163.658s][info][gc,phases   ] GC(352)   Post Evacuate Collection Set: 0.55ms
[163.658s][info][gc,phases   ] GC(352)   Other: 0.10ms
[163.658s][info][gc,heap     ] GC(352) Eden regions: 275->0(279)
[163.658s][info][gc,heap     ] GC(352) Survivor regions: 3->1(35)
[163.658s][info][gc,heap     ] GC(352) Old regions: 46->46
[163.658s][info][gc,heap     ] GC(352) Humongous regions: 207->207
[163.658s][info][gc,metaspace] GC(352) Metaspace: 56415K(56704K)->56415K(56704K) NonClass: 50796K(51008K)->50796K(51008K) Class: 5619K(5696K)->5619K(5696K)
[163.658s][info][gc          ] GC(352) Pause Young (Concurrent Start) (G1 Evacuation Pause) 530M->253M(563M) 3.877ms
[163.658s][info][gc,cpu      ] GC(352) User=0.01s Sys=0.00s Real=0.00s
[163.658s][info][gc          ] GC(353) Concurrent Mark Cycle
[163.660s][info][gc,marking  ] GC(353) Concurrent Scan Root Regions
[163.664s][info][gc,marking  ] GC(353) Concurrent Scan Root Regions 3.956ms
[163.664s][info][gc,marking  ] GC(353) Concurrent Mark
[163.664s][info][gc,marking  ] GC(353) Concurrent Mark From Roots
[163.664s][info][gc,task     ] GC(353) Using 1 workers of 1 for marking
[163.717s][info][gc,marking  ] GC(353) Concurrent Mark From Roots 52.880ms
[163.717s][info][gc,marking  ] GC(353) Concurrent Preclean
[163.717s][info][gc,marking  ] GC(353) Concurrent Preclean 0.086ms
[163.717s][info][gc,start    ] GC(353) Pause Remark
[163.726s][info][gc          ] GC(353) Pause Remark 290M->290M(563M) 8.263ms
[163.726s][info][gc,cpu      ] GC(353) User=0.01s Sys=0.00s Real=0.01s
[163.726s][info][gc,marking  ] GC(353) Concurrent Mark 61.547ms
[163.726s][info][gc,marking  ] GC(353) Concurrent Rebuild Remembered Sets and Scrub Regions
[163.743s][info][gc,marking  ] GC(353) Concurrent Rebuild Remembered Sets and Scrub Regions 17.025ms
[163.743s][info][gc,start    ] GC(353) Pause Cleanup
[163.743s][info][gc          ] GC(353) Pause Cleanup 290M->290M(563M) 0.048ms
[163.743s][info][gc,cpu      ] GC(353) User=0.00s Sys=0.00s Real=0.00s
[163.743s][info][gc,marking  ] GC(353) Concurrent Clear Claimed Marks
[163.743s][info][gc,marking  ] GC(353) Concurrent Clear Claimed Marks 0.084ms
[163.743s][info][gc,marking  ] GC(353) Concurrent Cleanup for Next Mark
[163.745s][info][gc,marking  ] GC(353) Concurrent Cleanup for Next Mark 1.646ms
[163.745s][info][gc          ] GC(353) Concurrent Mark Cycle 86.523ms
[164.303s][info][gc,start    ] GC(354) Pause Young (Prepare Mixed) (G1 Evacuation Pause)
[164.303s][info][gc,task     ] GC(354) Using 2 workers of 2 for evacuation
[164.306s][info][gc,phases   ] GC(354)   Pre Evacuate Collection Set: 0.26ms
[164.306s][info][gc,phases   ] GC(354)   Merge Heap Roots: 0.12ms
[164.306s][info][gc,phases   ] GC(354)   Evacuate Collection Set: 2.22ms
[164.306s][info][gc,phases   ] GC(354)   Post Evacuate Collection Set: 0.55ms
[164.306s][info][gc,phases   ] GC(354)   Other: 0.08ms
[164.306s][info][gc,heap     ] GC(354) Eden regions: 279->0(279)
[164.306s][info][gc,heap     ] GC(354) Survivor regions: 1->1(35)
[164.306s][info][gc,heap     ] GC(354) Old regions: 46->46
[164.306s][info][gc,heap     ] GC(354) Humongous regions: 207->207
[164.306s][info][gc,metaspace] GC(354) Metaspace: 56415K(56704K)->56415K(56704K) NonClass: 50796K(51008K)->50796K(51008K) Class: 5619K(5696K)->5619K(5696K)
[164.306s][info][gc          ] GC(354) Pause Young (Prepare Mixed) (G1 Evacuation Pause) 532M->253M(563M) 3.409ms
[164.306s][info][gc,cpu      ] GC(354) User=0.01s Sys=0.00s Real=0.00s
[164.985s][info][gc,start    ] GC(355) Pause Young (Mixed) (G1 Evacuation Pause)
[164.985s][info][gc,task     ] GC(355) Using 2 workers of 2 for evacuation
[164.992s][info][gc,phases   ] GC(355)   Pre Evacuate Collection Set: 0.24ms
[164.992s][info][gc,phases   ] GC(355)   Merge Heap Roots: 0.13ms
[164.992s][info][gc,phases   ] GC(355)   Evacuate Collection Set: 6.37ms
[164.992s][info][gc,phases   ] GC(355)   Post Evacuate Collection Set: 0.60ms
[164.992s][info][gc,phases   ] GC(355)   Other: 0.08ms
[164.992s][info][gc,heap     ] GC(355) Eden regions: 279->0(275)
[164.992s][info][gc,heap     ] GC(355) Survivor regions: 1->3(35)
[164.992s][info][gc,heap     ] GC(355) Old regions: 46->46
[164.992s][info][gc,heap     ] GC(355) Humongous regions: 207->207
[164.992s][info][gc,metaspace] GC(355) Metaspace: 56415K(56704K)->56415K(56704K) NonClass: 50796K(51008K)->50796K(51008K) Class: 5619K(5696K)->5619K(5696K)
[164.992s][info][gc          ] GC(355) Pause Young (Mixed) (G1 Evacuation Pause) 532M->255M(563M) 7.597ms
[164.992s][info][gc,cpu      ] GC(355) User=0.01s Sys=0.00s Real=0.01s
[165.211s][info][gc,start    ] GC(356) Pause Young (Concurrent Start) (G1 Humongous Allocation)
[165.212s][info][gc,task     ] GC(356) Using 2 workers of 2 for evacuation
[165.214s][info][gc,phases   ] GC(356)   Pre Evacuate Collection Set: 0.27ms
[165.214s][info][gc,phases   ] GC(356)   Merge Heap Roots: 0.08ms
[165.214s][info][gc,phases   ] GC(356)   Evacuate Collection Set: 1.74ms
[165.214s][info][gc,phases   ] GC(356)   Post Evacuate Collection Set: 0.40ms
[165.214s][info][gc,phases   ] GC(356)   Other: 0.08ms
[165.214s][info][gc,heap     ] GC(356) Eden regions: 95->0(279)
[165.214s][info][gc,heap     ] GC(356) Survivor regions: 3->1(35)
[165.214s][info][gc,heap     ] GC(356) Old regions: 46->46
[165.214s][info][gc,heap     ] GC(356) Humongous regions: 207->207
[165.214s][info][gc,metaspace] GC(356) Metaspace: 56422K(56704K)->56422K(56704K) NonClass: 50802K(51008K)->50802K(51008K) Class: 5619K(5696K)->5619K(5696K)
[165.214s][info][gc          ] GC(356) Pause Young (Concurrent Start) (G1 Humongous Allocation) 349M->253M(563M) 2.776ms
[165.214s][info][gc,cpu      ] GC(356) User=0.00s Sys=0.00s Real=0.00s
[165.214s][info][gc          ] GC(357) Concurrent Mark Cycle
[165.214s][info][gc,marking  ] GC(357) Concurrent Scan Root Regions
[165.216s][info][gc,marking  ] GC(357) Concurrent Scan Root Regions 1.286ms
[165.216s][info][gc,marking  ] GC(357) Concurrent Mark
[165.216s][info][gc,marking  ] GC(357) Concurrent Mark From Roots
[165.216s][info][gc,task     ] GC(357) Using 1 workers of 1 for marking
[165.256s][info][gc,marking  ] GC(357) Concurrent Mark From Roots 40.003ms
[165.256s][info][gc,marking  ] GC(357) Concurrent Preclean
[165.256s][info][gc,marking  ] GC(357) Concurrent Preclean 0.078ms
[165.261s][info][gc,start    ] GC(357) Pause Remark
[165.270s][info][gc          ] GC(357) Pause Remark 292M->292M(563M) 8.600ms
[165.270s][info][gc,cpu      ] GC(357) User=0.02s Sys=0.00s Real=0.00s
[165.271s][info][gc,marking  ] GC(357) Concurrent Mark 55.558ms
[165.271s][info][gc,marking  ] GC(357) Concurrent Rebuild Remembered Sets and Scrub Regions
[165.287s][info][gc,marking  ] GC(357) Concurrent Rebuild Remembered Sets and Scrub Regions 15.554ms
[165.287s][info][gc,start    ] GC(357) Pause Cleanup
[165.287s][info][gc          ] GC(357) Pause Cleanup 293M->293M(563M) 0.070ms
[165.287s][info][gc,cpu      ] GC(357) User=0.00s Sys=0.00s Real=0.00s
[165.287s][info][gc,marking  ] GC(357) Concurrent Clear Claimed Marks
[165.287s][info][gc,marking  ] GC(357) Concurrent Clear Claimed Marks 0.097ms
[165.287s][info][gc,marking  ] GC(357) Concurrent Cleanup for Next Mark
[165.289s][info][gc,marking  ] GC(357) Concurrent Cleanup for Next Mark 1.665ms
[165.289s][info][gc          ] GC(357) Concurrent Mark Cycle 74.583ms
[167.885s][info][gc,start    ] GC(358) Pause Young (Prepare Mixed) (G1 Evacuation Pause)
[167.885s][info][gc,task     ] GC(358) Using 2 workers of 2 for evacuation
[167.906s][info][gc,phases   ] GC(358)   Pre Evacuate Collection Set: 0.27ms
[167.906s][info][gc,phases   ] GC(358)   Merge Heap Roots: 0.42ms
[167.906s][info][gc,phases   ] GC(358)   Evacuate Collection Set: 19.29ms
[167.906s][info][gc,phases   ] GC(358)   Post Evacuate Collection Set: 0.66ms
[167.906s][info][gc,phases   ] GC(358)   Other: 0.09ms
[167.906s][info][gc,heap     ] GC(358) Eden regions: 153->0(262)
[167.906s][info][gc,heap     ] GC(358) Survivor regions: 1->18(35)
[167.906s][info][gc,heap     ] GC(358) Old regions: 46->46
[167.906s][info][gc,heap     ] GC(358) Humongous regions: 363->207
[167.906s][info][gc,metaspace] GC(358) Metaspace: 56654K(56960K)->56654K(56960K) NonClass: 51034K(51264K)->51034K(51264K) Class: 5619K(5696K)->5619K(5696K)
[167.906s][info][gc          ] GC(358) Pause Young (Prepare Mixed) (G1 Evacuation Pause) 562M->270M(581M) 20.918ms
[167.906s][info][gc,cpu      ] GC(358) User=0.04s Sys=0.00s Real=0.02s
[168.490s][info][gc,start    ] GC(359) Pause Young (Mixed) (G1 Evacuation Pause)
[168.490s][info][gc,task     ] GC(359) Using 2 workers of 2 for evacuation
[168.500s][info][gc,phases   ] GC(359)   Pre Evacuate Collection Set: 0.26ms
[168.500s][info][gc,phases   ] GC(359)   Merge Heap Roots: 0.16ms
[168.500s][info][gc,phases   ] GC(359)   Evacuate Collection Set: 8.33ms
[168.500s][info][gc,phases   ] GC(359)   Post Evacuate Collection Set: 0.66ms
[168.500s][info][gc,phases   ] GC(359)   Other: 0.08ms
[168.500s][info][gc,heap     ] GC(359) Eden regions: 262->0(268)
[168.500s][info][gc,heap     ] GC(359) Survivor regions: 18->15(35)
[168.500s][info][gc,heap     ] GC(359) Old regions: 46->46
[168.500s][info][gc,heap     ] GC(359) Humongous regions: 207->207
[168.500s][info][gc,metaspace] GC(359) Metaspace: 56654K(56960K)->56654K(56960K) NonClass: 51034K(51264K)->51034K(51264K) Class: 5619K(5696K)->5619K(5696K)
[168.500s][info][gc          ] GC(359) Pause Young (Mixed) (G1 Evacuation Pause) 532M->267M(581M) 9.688ms
[168.500s][info][gc,cpu      ] GC(359) User=0.02s Sys=0.00s Real=0.01s
[169.171s][info][gc,start    ] GC(360) Pause Young (Concurrent Start) (G1 Evacuation Pause)
[169.171s][info][gc,task     ] GC(360) Using 2 workers of 2 for evacuation
[169.181s][info][gc,phases   ] GC(360)   Pre Evacuate Collection Set: 0.28ms
[169.181s][info][gc,phases   ] GC(360)   Merge Heap Roots: 0.10ms
[169.181s][info][gc,phases   ] GC(360)   Evacuate Collection Set: 8.96ms
[169.181s][info][gc,phases   ] GC(360)   Post Evacuate Collection Set: 0.61ms
[169.181s][info][gc,phases   ] GC(360)   Other: 0.10ms
[169.181s][info][gc,heap     ] GC(360) Eden regions: 268->0(264)
[169.181s][info][gc,heap     ] GC(360) Survivor regions: 15->17(36)
[169.181s][info][gc,heap     ] GC(360) Old regions: 46->46
[169.181s][info][gc,heap     ] GC(360) Humongous regions: 207->207
[169.181s][info][gc,metaspace] GC(360) Metaspace: 56654K(56960K)->56654K(56960K) NonClass: 51034K(51264K)->51034K(51264K) Class: 5619K(5696K)->5619K(5696K)
[169.181s][info][gc          ] GC(360) Pause Young (Concurrent Start) (G1 Evacuation Pause) 535M->269M(581M) 10.244ms
[169.181s][info][gc,cpu      ] GC(360) User=0.02s Sys=0.00s Real=0.01s
[169.181s][info][gc          ] GC(361) Concurrent Mark Cycle
[169.181s][info][gc,marking  ] GC(361) Concurrent Scan Root Regions
[169.188s][info][gc,marking  ] GC(361) Concurrent Scan Root Regions 7.315ms
[169.188s][info][gc,marking  ] GC(361) Concurrent Mark
[169.188s][info][gc,marking  ] GC(361) Concurrent Mark From Roots
[169.188s][info][gc,task     ] GC(361) Using 1 workers of 1 for marking
[169.237s][info][gc,marking  ] GC(361) Concurrent Mark From Roots 48.651ms
[169.237s][info][gc,marking  ] GC(361) Concurrent Preclean
[169.237s][info][gc,marking  ] GC(361) Concurrent Preclean 0.054ms
[169.237s][info][gc,start    ] GC(361) Pause Remark
[169.246s][info][gc          ] GC(361) Pause Remark 292M->292M(581M) 8.800ms
[169.246s][info][gc,cpu      ] GC(361) User=0.01s Sys=0.00s Real=0.01s
[169.246s][info][gc,marking  ] GC(361) Concurrent Mark 57.952ms
[169.246s][info][gc,marking  ] GC(361) Concurrent Rebuild Remembered Sets and Scrub Regions
[169.262s][info][gc,marking  ] GC(361) Concurrent Rebuild Remembered Sets and Scrub Regions 15.339ms
[169.262s][info][gc,start    ] GC(361) Pause Cleanup
[169.262s][info][gc          ] GC(361) Pause Cleanup 300M->300M(581M) 0.066ms
[169.262s][info][gc,cpu      ] GC(361) User=0.00s Sys=0.00s Real=0.00s
[169.262s][info][gc,marking  ] GC(361) Concurrent Clear Claimed Marks
[169.262s][info][gc,marking  ] GC(361) Concurrent Clear Claimed Marks 0.084ms
[169.262s][info][gc,marking  ] GC(361) Concurrent Cleanup for Next Mark
[169.264s][info][gc,marking  ] GC(361) Concurrent Cleanup for Next Mark 2.066ms
[169.264s][info][gc          ] GC(361) Concurrent Mark Cycle 83.156ms
[169.851s][info][gc,start    ] GC(362) Pause Young (Prepare Mixed) (G1 Evacuation Pause)
[169.852s][info][gc,task     ] GC(362) Using 2 workers of 2 for evacuation
[169.858s][info][gc,phases   ] GC(362)   Pre Evacuate Collection Set: 0.26ms
[169.858s][info][gc,phases   ] GC(362)   Merge Heap Roots: 0.12ms
[169.858s][info][gc,phases   ] GC(362)   Evacuate Collection Set: 5.53ms
[169.858s][info][gc,phases   ] GC(362)   Post Evacuate Collection Set: 0.61ms
[169.858s][info][gc,phases   ] GC(362)   Other: 0.07ms
[169.858s][info][gc,heap     ] GC(362) Eden regions: 264->0(270)
[169.858s][info][gc,heap     ] GC(362) Survivor regions: 17->14(36)
[169.858s][info][gc,heap     ] GC(362) Old regions: 46->46
[169.858s][info][gc,heap     ] GC(362) Humongous regions: 207->207
[169.858s][info][gc,metaspace] GC(362) Metaspace: 56654K(56960K)->56654K(56960K) NonClass: 51034K(51264K)->51034K(51264K) Class: 5619K(5696K)->5619K(5696K)
[169.858s][info][gc          ] GC(362) Pause Young (Prepare Mixed) (G1 Evacuation Pause) 533M->266M(581M) 6.784ms
[169.858s][info][gc,cpu      ] GC(362) User=0.02s Sys=0.00s Real=0.00s
[170.512s][info][gc,start    ] GC(363) Pause Young (Mixed) (G1 Evacuation Pause)
[170.512s][info][gc,task     ] GC(363) Using 2 workers of 2 for evacuation
[170.522s][info][gc,phases   ] GC(363)   Pre Evacuate Collection Set: 0.25ms
[170.522s][info][gc,phases   ] GC(363)   Merge Heap Roots: 0.13ms
[170.522s][info][gc,phases   ] GC(363)   Evacuate Collection Set: 8.36ms
[170.522s][info][gc,phases   ] GC(363)   Post Evacuate Collection Set: 0.65ms
[170.522s][info][gc,phases   ] GC(363)   Other: 0.10ms
[170.522s][info][gc,heap     ] GC(363) Eden regions: 270->0(267)
[170.522s][info][gc,heap     ] GC(363) Survivor regions: 14->16(36)
[170.522s][info][gc,heap     ] GC(363) Old regions: 46->45
[170.522s][info][gc,heap     ] GC(363) Humongous regions: 207->207
[170.522s][info][gc,metaspace] GC(363) Metaspace: 56654K(56960K)->56654K(56960K) NonClass: 51034K(51264K)->51034K(51264K) Class: 5619K(5696K)->5619K(5696K)
[170.522s][info][gc          ] GC(363) Pause Young (Mixed) (G1 Evacuation Pause) 536M->267M(581M) 9.675ms
[170.522s][info][gc,cpu      ] GC(363) User=0.02s Sys=0.00s Real=0.01s
[171.160s][info][gc,start    ] GC(364) Pause Young (Concurrent Start) (G1 Evacuation Pause)
[171.160s][info][gc,task     ] GC(364) Using 2 workers of 2 for evacuation
[171.168s][info][gc,phases   ] GC(364)   Pre Evacuate Collection Set: 0.27ms
[171.168s][info][gc,phases   ] GC(364)   Merge Heap Roots: 0.10ms
[171.168s][info][gc,phases   ] GC(364)   Evacuate Collection Set: 7.15ms
[171.168s][info][gc,phases   ] GC(364)   Post Evacuate Collection Set: 0.62ms
[171.168s][info][gc,phases   ] GC(364)   Other: 0.12ms
[171.168s][info][gc,heap     ] GC(364) Eden regions: 267->0(267)
[171.168s][info][gc,heap     ] GC(364) Survivor regions: 16->16(36)
[171.168s][info][gc,heap     ] GC(364) Old regions: 45->45
[171.168s][info][gc,heap     ] GC(364) Humongous regions: 207->207
[171.168s][info][gc,metaspace] GC(364) Metaspace: 56654K(56960K)->56654K(56960K) NonClass: 51034K(51264K)->51034K(51264K) Class: 5619K(5696K)->5619K(5696K)
[171.168s][info][gc          ] GC(364) Pause Young (Concurrent Start) (G1 Evacuation Pause) 534M->267M(581M) 8.439ms
[171.168s][info][gc,cpu      ] GC(364) User=0.01s Sys=0.00s Real=0.01s
[171.168s][info][gc          ] GC(365) Concurrent Mark Cycle
[171.168s][info][gc,marking  ] GC(365) Concurrent Scan Root Regions
[171.174s][info][gc,marking  ] GC(365) Concurrent Scan Root Regions 5.219ms
[171.174s][info][gc,marking  ] GC(365) Concurrent Mark
[171.174s][info][gc,marking  ] GC(365) Concurrent Mark From Roots
[171.174s][info][gc,task     ] GC(365) Using 1 workers of 1 for marking
[171.242s][info][gc,marking  ] GC(365) Concurrent Mark From Roots 68.319ms
[171.242s][info][gc,marking  ] GC(365) Concurrent Preclean
[171.242s][info][gc,marking  ] GC(365) Concurrent Preclean 0.053ms
[171.242s][info][gc,start    ] GC(365) Pause Remark
[171.251s][info][gc          ] GC(365) Pause Remark 299M->299M(581M) 8.922ms
[171.251s][info][gc,cpu      ] GC(365) User=0.02s Sys=0.00s Real=0.01s
[171.251s][info][gc,marking  ] GC(365) Concurrent Mark 77.669ms
[171.251s][info][gc,marking  ] GC(365) Concurrent Rebuild Remembered Sets and Scrub Regions
[171.272s][info][gc,marking  ] GC(365) Concurrent Rebuild Remembered Sets and Scrub Regions 20.576ms
[171.272s][info][gc,start    ] GC(365) Pause Cleanup
[171.272s][info][gc          ] GC(365) Pause Cleanup 306M->306M(581M) 0.075ms
[171.272s][info][gc,cpu      ] GC(365) User=0.00s Sys=0.00s Real=0.00s
[171.273s][info][gc,marking  ] GC(365) Concurrent Clear Claimed Marks
[171.273s][info][gc,marking  ] GC(365) Concurrent Clear Claimed Marks 0.102ms
[171.273s][info][gc,marking  ] GC(365) Concurrent Cleanup for Next Mark
[171.276s][info][gc,marking  ] GC(365) Concurrent Cleanup for Next Mark 2.368ms
[171.276s][info][gc          ] GC(365) Concurrent Mark Cycle 107.266ms
[171.782s][info][gc,start    ] GC(366) Pause Young (Prepare Mixed) (G1 Evacuation Pause)
[171.782s][info][gc,task     ] GC(366) Using 2 workers of 2 for evacuation
[171.792s][info][gc,phases   ] GC(366)   Pre Evacuate Collection Set: 0.28ms
[171.792s][info][gc,phases   ] GC(366)   Merge Heap Roots: 0.11ms
[171.792s][info][gc,phases   ] GC(366)   Evacuate Collection Set: 8.25ms
[171.792s][info][gc,phases   ] GC(366)   Post Evacuate Collection Set: 0.64ms
[171.792s][info][gc,phases   ] GC(366)   Other: 0.08ms
[171.792s][info][gc,heap     ] GC(366) Eden regions: 267->0(267)
[171.792s][info][gc,heap     ] GC(366) Survivor regions: 16->16(36)
[171.792s][info][gc,heap     ] GC(366) Old regions: 45->45
[171.792s][info][gc,heap     ] GC(366) Humongous regions: 207->207
[171.792s][info][gc,metaspace] GC(366) Metaspace: 56654K(56960K)->56654K(56960K) NonClass: 51034K(51264K)->51034K(51264K) Class: 5619K(5696K)->5619K(5696K)
[171.792s][info][gc          ] GC(366) Pause Young (Prepare Mixed) (G1 Evacuation Pause) 534M->267M(581M) 9.523ms
[171.792s][info][gc,cpu      ] GC(366) User=0.01s Sys=0.01s Real=0.01s
[172.462s][info][gc,start    ] GC(367) Pause Young (Mixed) (G1 Evacuation Pause)
[172.462s][info][gc,task     ] GC(367) Using 2 workers of 2 for evacuation
[172.471s][info][gc,phases   ] GC(367)   Pre Evacuate Collection Set: 0.26ms
[172.471s][info][gc,phases   ] GC(367)   Merge Heap Roots: 0.09ms
[172.471s][info][gc,phases   ] GC(367)   Evacuate Collection Set: 7.97ms
[172.471s][info][gc,phases   ] GC(367)   Post Evacuate Collection Set: 0.66ms
[172.471s][info][gc,phases   ] GC(367)   Other: 0.09ms
[172.471s][info][gc,heap     ] GC(367) Eden regions: 267->0(269)
[172.471s][info][gc,heap     ] GC(367) Survivor regions: 16->15(36)
[172.471s][info][gc,heap     ] GC(367) Old regions: 45->45
[172.471s][info][gc,heap     ] GC(367) Humongous regions: 207->207
[172.471s][info][gc,metaspace] GC(367) Metaspace: 56654K(56960K)->56654K(56960K) NonClass: 51034K(51264K)->51034K(51264K) Class: 5619K(5696K)->5619K(5696K)
[172.471s][info][gc          ] GC(367) Pause Young (Mixed) (G1 Evacuation Pause) 534M->266M(581M) 9.251ms
[172.471s][info][gc,cpu      ] GC(367) User=0.01s Sys=0.00s Real=0.00s
[173.087s][info][gc,start    ] GC(368) Pause Young (Concurrent Start) (G1 Evacuation Pause)
[173.087s][info][gc,task     ] GC(368) Using 2 workers of 2 for evacuation
[173.097s][info][gc,phases   ] GC(368)   Pre Evacuate Collection Set: 0.29ms
[173.097s][info][gc,phases   ] GC(368)   Merge Heap Roots: 0.10ms
[173.097s][info][gc,phases   ] GC(368)   Evacuate Collection Set: 8.07ms
[173.097s][info][gc,phases   ] GC(368)   Post Evacuate Collection Set: 0.63ms
[173.097s][info][gc,phases   ] GC(368)   Other: 0.11ms
[173.097s][info][gc,heap     ] GC(368) Eden regions: 269->0(267)
[173.097s][info][gc,heap     ] GC(368) Survivor regions: 15->16(36)
[173.097s][info][gc,heap     ] GC(368) Old regions: 45->45
[173.097s][info][gc,heap     ] GC(368) Humongous regions: 207->207
[173.097s][info][gc,metaspace] GC(368) Metaspace: 56654K(56960K)->56654K(56960K) NonClass: 51034K(51264K)->51034K(51264K) Class: 5619K(5696K)->5619K(5696K)
[173.097s][info][gc          ] GC(368) Pause Young (Concurrent Start) (G1 Evacuation Pause) 535M->267M(581M) 9.372ms
[173.097s][info][gc,cpu      ] GC(368) User=0.01s Sys=0.01s Real=0.01s
[173.097s][info][gc          ] GC(369) Concurrent Mark Cycle
[173.098s][info][gc,marking  ] GC(369) Concurrent Scan Root Regions
[173.104s][info][gc,marking  ] GC(369) Concurrent Scan Root Regions 6.169ms
[173.104s][info][gc,marking  ] GC(369) Concurrent Mark
[173.104s][info][gc,marking  ] GC(369) Concurrent Mark From Roots
[173.104s][info][gc,task     ] GC(369) Using 1 workers of 1 for marking
[173.142s][info][gc,marking  ] GC(369) Concurrent Mark From Roots 37.698ms
[173.142s][info][gc,marking  ] GC(369) Concurrent Preclean
[173.142s][info][gc,marking  ] GC(369) Concurrent Preclean 0.058ms
[173.142s][info][gc,start    ] GC(369) Pause Remark
[173.151s][info][gc          ] GC(369) Pause Remark 277M->277M(581M) 8.615ms
[173.151s][info][gc,cpu      ] GC(369) User=0.01s Sys=0.00s Real=0.00s
[173.151s][info][gc,marking  ] GC(369) Concurrent Mark 47.006ms
[173.151s][info][gc,marking  ] GC(369) Concurrent Rebuild Remembered Sets and Scrub Regions
[173.167s][info][gc,marking  ] GC(369) Concurrent Rebuild Remembered Sets and Scrub Regions 15.372ms
[173.167s][info][gc,start    ] GC(369) Pause Cleanup
[173.167s][info][gc          ] GC(369) Pause Cleanup 287M->287M(581M) 0.062ms
[173.167s][info][gc,cpu      ] GC(369) User=0.00s Sys=0.00s Real=0.00s
[173.167s][info][gc,marking  ] GC(369) Concurrent Clear Claimed Marks
[173.167s][info][gc,marking  ] GC(369) Concurrent Clear Claimed Marks 0.080ms
[173.167s][info][gc,marking  ] GC(369) Concurrent Cleanup for Next Mark
[173.169s][info][gc,marking  ] GC(369) Concurrent Cleanup for Next Mark 1.671ms
[173.169s][info][gc          ] GC(369) Concurrent Mark Cycle 71.975ms
[173.763s][info][gc,start    ] GC(370) Pause Young (Prepare Mixed) (G1 Evacuation Pause)
[173.763s][info][gc,task     ] GC(370) Using 2 workers of 2 for evacuation
[173.771s][info][gc,phases   ] GC(370)   Pre Evacuate Collection Set: 0.25ms
[173.771s][info][gc,phases   ] GC(370)   Merge Heap Roots: 0.13ms
[173.771s][info][gc,phases   ] GC(370)   Evacuate Collection Set: 7.02ms
[173.771s][info][gc,phases   ] GC(370)   Post Evacuate Collection Set: 0.65ms
[173.771s][info][gc,phases   ] GC(370)   Other: 0.09ms
[173.771s][info][gc,heap     ] GC(370) Eden regions: 267->0(267)
[173.771s][info][gc,heap     ] GC(370) Survivor regions: 16->16(36)
[173.771s][info][gc,heap     ] GC(370) Old regions: 45->45
[173.771s][info][gc,heap     ] GC(370) Humongous regions: 207->207
[173.771s][info][gc,metaspace] GC(370) Metaspace: 56654K(56960K)->56654K(56960K) NonClass: 51034K(51264K)->51034K(51264K) Class: 5619K(5696K)->5619K(5696K)
[173.771s][info][gc          ] GC(370) Pause Young (Prepare Mixed) (G1 Evacuation Pause) 534M->267M(581M) 8.325ms
[173.771s][info][gc,cpu      ] GC(370) User=0.01s Sys=0.00s Real=0.00s
[174.584s][info][gc,start    ] GC(371) Pause Young (Mixed) (G1 Evacuation Pause)
[174.584s][info][gc,task     ] GC(371) Using 2 workers of 2 for evacuation
[174.594s][info][gc,phases   ] GC(371)   Pre Evacuate Collection Set: 0.25ms
[174.594s][info][gc,phases   ] GC(371)   Merge Heap Roots: 0.13ms
[174.594s][info][gc,phases   ] GC(371)   Evacuate Collection Set: 9.46ms
[174.594s][info][gc,phases   ] GC(371)   Post Evacuate Collection Set: 0.69ms
[174.594s][info][gc,phases   ] GC(371)   Other: 0.08ms
[174.594s][info][gc,heap     ] GC(371) Eden regions: 267->0(267)
[174.594s][info][gc,heap     ] GC(371) Survivor regions: 16->16(36)
[174.594s][info][gc,heap     ] GC(371) Old regions: 45->45
[174.594s][info][gc,heap     ] GC(371) Humongous regions: 207->207
[174.594s][info][gc,metaspace] GC(371) Metaspace: 56654K(56960K)->56654K(56960K) NonClass: 51034K(51264K)->51034K(51264K) Class: 5619K(5696K)->5619K(5696K)
[174.595s][info][gc          ] GC(371) Pause Young (Mixed) (G1 Evacuation Pause) 534M->267M(581M) 10.790ms
[174.595s][info][gc,cpu      ] GC(371) User=0.02s Sys=0.00s Real=0.01s
[175.263s][info][gc,start    ] GC(372) Pause Young (Concurrent Start) (G1 Evacuation Pause)
[175.263s][info][gc,task     ] GC(372) Using 2 workers of 2 for evacuation
[175.271s][info][gc,phases   ] GC(372)   Pre Evacuate Collection Set: 0.29ms
[175.271s][info][gc,phases   ] GC(372)   Merge Heap Roots: 0.10ms
[175.271s][info][gc,phases   ] GC(372)   Evacuate Collection Set: 6.72ms
[175.271s][info][gc,phases   ] GC(372)   Post Evacuate Collection Set: 0.64ms
[175.271s][info][gc,phases   ] GC(372)   Other: 0.09ms
[175.271s][info][gc,heap     ] GC(372) Eden regions: 267->0(269)
[175.271s][info][gc,heap     ] GC(372) Survivor regions: 16->15(36)
[175.271s][info][gc,heap     ] GC(372) Old regions: 45->45
[175.271s][info][gc,heap     ] GC(372) Humongous regions: 207->207
[175.271s][info][gc,metaspace] GC(372) Metaspace: 56654K(56960K)->56654K(56960K) NonClass: 51034K(51264K)->51034K(51264K) Class: 5619K(5696K)->5619K(5696K)
[175.271s][info][gc          ] GC(372) Pause Young (Concurrent Start) (G1 Evacuation Pause) 534M->266M(581M) 8.037ms
[175.271s][info][gc,cpu      ] GC(372) User=0.02s Sys=0.01s Real=0.00s
[175.271s][info][gc          ] GC(373) Concurrent Mark Cycle
[175.271s][info][gc,marking  ] GC(373) Concurrent Scan Root Regions
[175.280s][info][gc,marking  ] GC(373) Concurrent Scan Root Regions 9.048ms
[175.280s][info][gc,marking  ] GC(373) Concurrent Mark
[175.280s][info][gc,marking  ] GC(373) Concurrent Mark From Roots
[175.280s][info][gc,task     ] GC(373) Using 1 workers of 1 for marking
[175.329s][info][gc,marking  ] GC(373) Concurrent Mark From Roots 48.689ms
[175.329s][info][gc,marking  ] GC(373) Concurrent Preclean
[175.329s][info][gc,marking  ] GC(373) Concurrent Preclean 0.051ms
[175.329s][info][gc,start    ] GC(373) Pause Remark
[175.338s][info][gc          ] GC(373) Pause Remark 294M->294M(581M) 8.792ms
[175.338s][info][gc,cpu      ] GC(373) User=0.02s Sys=0.00s Real=0.01s
[175.338s][info][gc,marking  ] GC(373) Concurrent Mark 57.852ms
[175.338s][info][gc,marking  ] GC(373) Concurrent Rebuild Remembered Sets and Scrub Regions
[175.354s][info][gc,marking  ] GC(373) Concurrent Rebuild Remembered Sets and Scrub Regions 15.410ms
[175.354s][info][gc,start    ] GC(373) Pause Cleanup
[175.354s][info][gc          ] GC(373) Pause Cleanup 297M->297M(581M) 0.055ms
[175.354s][info][gc,cpu      ] GC(373) User=0.00s Sys=0.00s Real=0.00s
[175.354s][info][gc,marking  ] GC(373) Concurrent Clear Claimed Marks
[175.354s][info][gc,marking  ] GC(373) Concurrent Clear Claimed Marks 0.106ms
[175.354s][info][gc,marking  ] GC(373) Concurrent Cleanup for Next Mark
[175.356s][info][gc,marking  ] GC(373) Concurrent Cleanup for Next Mark 1.678ms
[175.356s][info][gc          ] GC(373) Concurrent Mark Cycle 84.967ms
[175.987s][info][gc,start    ] GC(374) Pause Young (Prepare Mixed) (G1 Evacuation Pause)
[175.987s][info][gc,task     ] GC(374) Using 2 workers of 2 for evacuation
[175.996s][info][gc,phases   ] GC(374)   Pre Evacuate Collection Set: 0.27ms
[175.996s][info][gc,phases   ] GC(374)   Merge Heap Roots: 0.12ms
[175.996s][info][gc,phases   ] GC(374)   Evacuate Collection Set: 7.81ms
[175.996s][info][gc,phases   ] GC(374)   Post Evacuate Collection Set: 0.66ms
[175.996s][info][gc,phases   ] GC(374)   Other: 0.08ms
[175.996s][info][gc,heap     ] GC(374) Eden regions: 269->0(265)
[175.996s][info][gc,heap     ] GC(374) Survivor regions: 15->17(36)
[175.996s][info][gc,heap     ] GC(374) Old regions: 45->45
[175.996s][info][gc,heap     ] GC(374) Humongous regions: 207->207
[175.996s][info][gc,metaspace] GC(374) Metaspace: 56654K(56960K)->56654K(56960K) NonClass: 51034K(51264K)->51034K(51264K) Class: 5619K(5696K)->5619K(5696K)
[175.996s][info][gc          ] GC(374) Pause Young (Prepare Mixed) (G1 Evacuation Pause) 535M->268M(581M) 9.127ms
[175.996s][info][gc,cpu      ] GC(374) User=0.02s Sys=0.00s Real=0.01s
[176.656s][info][gc,start    ] GC(375) Pause Young (Mixed) (G1 Evacuation Pause)
[176.656s][info][gc,task     ] GC(375) Using 2 workers of 2 for evacuation
[176.665s][info][gc,phases   ] GC(375)   Pre Evacuate Collection Set: 0.24ms
[176.665s][info][gc,phases   ] GC(375)   Merge Heap Roots: 0.10ms
[176.665s][info][gc,phases   ] GC(375)   Evacuate Collection Set: 8.17ms
[176.665s][info][gc,phases   ] GC(375)   Post Evacuate Collection Set: 0.67ms
[176.665s][info][gc,phases   ] GC(375)   Other: 0.09ms
[176.665s][info][gc,heap     ] GC(375) Eden regions: 265->0(267)
[176.665s][info][gc,heap     ] GC(375) Survivor regions: 17->16(36)
[176.665s][info][gc,heap     ] GC(375) Old regions: 45->45
[176.665s][info][gc,heap     ] GC(375) Humongous regions: 207->207
[176.665s][info][gc,metaspace] GC(375) Metaspace: 56654K(56960K)->56654K(56960K) NonClass: 51034K(51264K)->51034K(51264K) Class: 5619K(5696K)->5619K(5696K)
[176.666s][info][gc          ] GC(375) Pause Young (Mixed) (G1 Evacuation Pause) 533M->267M(581M) 9.475ms
[176.666s][info][gc,cpu      ] GC(375) User=0.02s Sys=0.00s Real=0.01s
[177.281s][info][gc,start    ] GC(376) Pause Young (Concurrent Start) (G1 Evacuation Pause)
[177.281s][info][gc,task     ] GC(376) Using 2 workers of 2 for evacuation
[177.292s][info][gc,phases   ] GC(376)   Pre Evacuate Collection Set: 0.27ms
[177.292s][info][gc,phases   ] GC(376)   Merge Heap Roots: 0.09ms
[177.292s][info][gc,phases   ] GC(376)   Evacuate Collection Set: 9.55ms
[177.292s][info][gc,phases   ] GC(376)   Post Evacuate Collection Set: 0.62ms
[177.292s][info][gc,phases   ] GC(376)   Other: 0.09ms
[177.292s][info][gc,heap     ] GC(376) Eden regions: 267->0(265)
[177.292s][info][gc,heap     ] GC(376) Survivor regions: 16->17(36)
[177.292s][info][gc,heap     ] GC(376) Old regions: 45->45
[177.292s][info][gc,heap     ] GC(376) Humongous regions: 207->207
[177.292s][info][gc,metaspace] GC(376) Metaspace: 56654K(56960K)->56654K(56960K) NonClass: 51034K(51264K)->51034K(51264K) Class: 5619K(5696K)->5619K(5696K)
[177.292s][info][gc          ] GC(376) Pause Young (Concurrent Start) (G1 Evacuation Pause) 534M->268M(581M) 10.815ms
[177.292s][info][gc,cpu      ] GC(376) User=0.02s Sys=0.00s Real=0.01s
[177.292s][info][gc          ] GC(377) Concurrent Mark Cycle
[177.294s][info][gc,marking  ] GC(377) Concurrent Scan Root Regions
[177.302s][info][gc,marking  ] GC(377) Concurrent Scan Root Regions 7.678ms
[177.302s][info][gc,marking  ] GC(377) Concurrent Mark
[177.302s][info][gc,marking  ] GC(377) Concurrent Mark From Roots
[177.302s][info][gc,task     ] GC(377) Using 1 workers of 1 for marking
[177.348s][info][gc,marking  ] GC(377) Concurrent Mark From Roots 45.930ms
[177.348s][info][gc,marking  ] GC(377) Concurrent Preclean
[177.348s][info][gc,marking  ] GC(377) Concurrent Preclean 0.052ms
[177.348s][info][gc,start    ] GC(377) Pause Remark
[177.356s][info][gc          ] GC(377) Pause Remark 283M->283M(581M) 8.746ms
[177.356s][info][gc,cpu      ] GC(377) User=0.02s Sys=0.00s Real=0.01s
[177.358s][info][gc,marking  ] GC(377) Concurrent Mark 56.079ms
[177.358s][info][gc,marking  ] GC(377) Concurrent Rebuild Remembered Sets and Scrub Regions
[177.387s][info][gc,marking  ] GC(377) Concurrent Rebuild Remembered Sets and Scrub Regions 29.440ms
[177.387s][info][gc,start    ] GC(377) Pause Cleanup
[177.387s][info][gc          ] GC(377) Pause Cleanup 309M->309M(581M) 0.068ms
[177.387s][info][gc,cpu      ] GC(377) User=0.00s Sys=0.00s Real=0.00s
[177.387s][info][gc,marking  ] GC(377) Concurrent Clear Claimed Marks
[177.388s][info][gc,marking  ] GC(377) Concurrent Clear Claimed Marks 0.090ms
[177.388s][info][gc,marking  ] GC(377) Concurrent Cleanup for Next Mark
[177.391s][info][gc,marking  ] GC(377) Concurrent Cleanup for Next Mark 3.109ms
[177.391s][info][gc          ] GC(377) Concurrent Mark Cycle 98.480ms
[177.959s][info][gc,start    ] GC(378) Pause Young (Prepare Mixed) (G1 Evacuation Pause)
[177.959s][info][gc,task     ] GC(378) Using 2 workers of 2 for evacuation
[177.967s][info][gc,phases   ] GC(378)   Pre Evacuate Collection Set: 0.26ms
[177.967s][info][gc,phases   ] GC(378)   Merge Heap Roots: 0.12ms
[177.967s][info][gc,phases   ] GC(378)   Evacuate Collection Set: 6.85ms
[177.967s][info][gc,phases   ] GC(378)   Post Evacuate Collection Set: 0.61ms
[177.967s][info][gc,phases   ] GC(378)   Other: 0.08ms
[177.967s][info][gc,heap     ] GC(378) Eden regions: 265->0(280)
[177.967s][info][gc,heap     ] GC(378) Survivor regions: 17->3(36)
[177.967s][info][gc,heap     ] GC(378) Old regions: 45->58
[177.967s][info][gc,heap     ] GC(378) Humongous regions: 207->207
[177.967s][info][gc,metaspace] GC(378) Metaspace: 56654K(56960K)->56654K(56960K) NonClass: 51034K(51264K)->51034K(51264K) Class: 5619K(5696K)->5619K(5696K)
[177.967s][info][gc          ] GC(378) Pause Young (Prepare Mixed) (G1 Evacuation Pause) 533M->267M(581M) 8.100ms
[177.967s][info][gc,cpu      ] GC(378) User=0.01s Sys=0.00s Real=0.01s
[178.656s][info][gc,start    ] GC(379) Pause Young (Mixed) (G1 Evacuation Pause)
[178.656s][info][gc,task     ] GC(379) Using 2 workers of 2 for evacuation
[178.661s][info][gc,phases   ] GC(379)   Pre Evacuate Collection Set: 0.24ms
[178.661s][info][gc,phases   ] GC(379)   Merge Heap Roots: 0.12ms
[178.661s][info][gc,phases   ] GC(379)   Evacuate Collection Set: 4.36ms
[178.661s][info][gc,phases   ] GC(379)   Post Evacuate Collection Set: 0.60ms
[178.661s][info][gc,phases   ] GC(379)   Other: 0.07ms
[178.661s][info][gc,heap     ] GC(379) Eden regions: 280->0(282)
[178.661s][info][gc,heap     ] GC(379) Survivor regions: 3->2(36)
[178.661s][info][gc,heap     ] GC(379) Old regions: 58->58
[178.661s][info][gc,heap     ] GC(379) Humongous regions: 207->207
[178.661s][info][gc,metaspace] GC(379) Metaspace: 56654K(56960K)->56654K(56960K) NonClass: 51034K(51264K)->51034K(51264K) Class: 5619K(5696K)->5619K(5696K)
[178.661s][info][gc          ] GC(379) Pause Young (Mixed) (G1 Evacuation Pause) 547M->266M(581M) 5.572ms
[178.661s][info][gc,cpu      ] GC(379) User=0.01s Sys=0.00s Real=0.01s
[179.332s][info][gc,start    ] GC(380) Pause Young (Concurrent Start) (G1 Evacuation Pause)
[179.332s][info][gc,task     ] GC(380) Using 2 workers of 2 for evacuation
[179.336s][info][gc,phases   ] GC(380)   Pre Evacuate Collection Set: 0.30ms
[179.336s][info][gc,phases   ] GC(380)   Merge Heap Roots: 0.10ms
[179.336s][info][gc,phases   ] GC(380)   Evacuate Collection Set: 2.71ms
[179.336s][info][gc,phases   ] GC(380)   Post Evacuate Collection Set: 0.56ms
[179.336s][info][gc,phases   ] GC(380)   Other: 0.09ms
[179.336s][info][gc,heap     ] GC(380) Eden regions: 282->0(282)
[179.336s][info][gc,heap     ] GC(380) Survivor regions: 2->2(36)
[179.336s][info][gc,heap     ] GC(380) Old regions: 58->58
[179.336s][info][gc,heap     ] GC(380) Humongous regions: 207->207
[179.336s][info][gc,metaspace] GC(380) Metaspace: 56654K(56960K)->56654K(56960K) NonClass: 51034K(51264K)->51034K(51264K) Class: 5619K(5696K)->5619K(5696K)
[179.336s][info][gc          ] GC(380) Pause Young (Concurrent Start) (G1 Evacuation Pause) 548M->266M(581M) 3.931ms
[179.336s][info][gc,cpu      ] GC(380) User=0.00s Sys=0.00s Real=0.00s
[179.336s][info][gc          ] GC(381) Concurrent Mark Cycle
[179.336s][info][gc,marking  ] GC(381) Concurrent Scan Root Regions
[179.339s][info][gc,marking  ] GC(381) Concurrent Scan Root Regions 3.405ms
[179.339s][info][gc,marking  ] GC(381) Concurrent Mark
[179.339s][info][gc,marking  ] GC(381) Concurrent Mark From Roots
[179.339s][info][gc,task     ] GC(381) Using 1 workers of 1 for marking
[179.400s][info][gc,marking  ] GC(381) Concurrent Mark From Roots 60.889ms
[179.400s][info][gc,marking  ] GC(381) Concurrent Preclean
[179.400s][info][gc,marking  ] GC(381) Concurrent Preclean 0.064ms
[179.401s][info][gc,start    ] GC(381) Pause Remark
[179.409s][info][gc          ] GC(381) Pause Remark 305M->291M(581M) 8.759ms
[179.409s][info][gc,cpu      ] GC(381) User=0.02s Sys=0.00s Real=0.01s
[179.410s][info][gc,marking  ] GC(381) Concurrent Mark 70.298ms
[179.410s][info][gc,marking  ] GC(381) Concurrent Rebuild Remembered Sets and Scrub Regions
[179.427s][info][gc,marking  ] GC(381) Concurrent Rebuild Remembered Sets and Scrub Regions 17.105ms
[179.427s][info][gc,start    ] GC(381) Pause Cleanup
[179.427s][info][gc          ] GC(381) Pause Cleanup 296M->296M(581M) 0.058ms
[179.427s][info][gc,cpu      ] GC(381) User=0.00s Sys=0.00s Real=0.00s
[179.427s][info][gc,marking  ] GC(381) Concurrent Clear Claimed Marks
[179.427s][info][gc,marking  ] GC(381) Concurrent Clear Claimed Marks 0.083ms
[179.427s][info][gc,marking  ] GC(381) Concurrent Cleanup for Next Mark
[179.429s][info][gc,marking  ] GC(381) Concurrent Cleanup for Next Mark 1.671ms
[179.429s][info][gc          ] GC(381) Concurrent Mark Cycle 92.861ms
[179.982s][info][gc,start    ] GC(382) Pause Young (Prepare Mixed) (G1 Evacuation Pause)
[179.982s][info][gc,task     ] GC(382) Using 2 workers of 2 for evacuation
[179.988s][info][gc,phases   ] GC(382)   Pre Evacuate Collection Set: 0.25ms
[179.988s][info][gc,phases   ] GC(382)   Merge Heap Roots: 0.12ms
[179.988s][info][gc,phases   ] GC(382)   Evacuate Collection Set: 4.07ms
[179.988s][info][gc,phases   ] GC(382)   Post Evacuate Collection Set: 0.58ms
[179.988s][info][gc,phases   ] GC(382)   Other: 0.07ms
[179.988s][info][gc,heap     ] GC(382) Eden regions: 282->0(291)
[179.988s][info][gc,heap     ] GC(382) Survivor regions: 2->4(36)
[179.988s][info][gc,heap     ] GC(382) Old regions: 44->45
[179.988s][info][gc,heap     ] GC(382) Humongous regions: 207->207
[179.988s][info][gc,metaspace] GC(382) Metaspace: 56654K(56960K)->56654K(56960K) NonClass: 51034K(51264K)->51034K(51264K) Class: 5619K(5696K)->5619K(5696K)
[179.988s][info][gc          ] GC(382) Pause Young (Prepare Mixed) (G1 Evacuation Pause) 534M->254M(581M) 5.285ms
[179.988s][info][gc,cpu      ] GC(382) User=0.01s Sys=0.00s Real=0.00s
[180.694s][info][gc,start    ] GC(383) Pause Young (Mixed) (G1 Evacuation Pause)
[180.694s][info][gc,task     ] GC(383) Using 2 workers of 2 for evacuation
[180.697s][info][gc,phases   ] GC(383)   Pre Evacuate Collection Set: 0.26ms
[180.697s][info][gc,phases   ] GC(383)   Merge Heap Roots: 0.10ms
[180.697s][info][gc,phases   ] GC(383)   Evacuate Collection Set: 2.20ms
[180.697s][info][gc,phases   ] GC(383)   Post Evacuate Collection Set: 0.57ms
[180.697s][info][gc,phases   ] GC(383)   Other: 0.09ms
[180.697s][info][gc,heap     ] GC(383) Eden regions: 291->0(297)
[180.697s][info][gc,heap     ] GC(383) Survivor regions: 4->2(37)
[180.697s][info][gc,heap     ] GC(383) Old regions: 45->43
[180.697s][info][gc,heap     ] GC(383) Humongous regions: 207->207
[180.697s][info][gc,metaspace] GC(383) Metaspace: 56654K(56960K)->56654K(56960K) NonClass: 51034K(51264K)->51034K(51264K) Class: 5619K(5696K)->5619K(5696K)
[180.697s][info][gc          ] GC(383) Pause Young (Mixed) (G1 Evacuation Pause) 545M->250M(581M) 3.385ms
[180.697s][info][gc,cpu      ] GC(383) User=0.01s Sys=0.00s Real=0.00s
[181.464s][info][gc,start    ] GC(384) Pause Young (Concurrent Start) (G1 Evacuation Pause)
[181.464s][info][gc,task     ] GC(384) Using 2 workers of 2 for evacuation
[181.468s][info][gc,phases   ] GC(384)   Pre Evacuate Collection Set: 0.28ms
[181.468s][info][gc,phases   ] GC(384)   Merge Heap Roots: 0.10ms
[181.468s][info][gc,phases   ] GC(384)   Evacuate Collection Set: 3.20ms
[181.468s][info][gc,phases   ] GC(384)   Post Evacuate Collection Set: 0.60ms
[181.468s][info][gc,phases   ] GC(384)   Other: 0.10ms
[181.468s][info][gc,heap     ] GC(384) Eden regions: 297->0(295)
[181.468s][info][gc,heap     ] GC(384) Survivor regions: 2->3(38)
[181.468s][info][gc,heap     ] GC(384) Old regions: 43->43
[181.468s][info][gc,heap     ] GC(384) Humongous regions: 207->207
[181.468s][info][gc,metaspace] GC(384) Metaspace: 56654K(56960K)->56654K(56960K) NonClass: 51034K(51264K)->51034K(51264K) Class: 5619K(5696K)->5619K(5696K)
[181.468s][info][gc          ] GC(384) Pause Young (Concurrent Start) (G1 Evacuation Pause) 547M->251M(581M) 4.442ms
[181.468s][info][gc,cpu      ] GC(384) User=0.01s Sys=0.00s Real=0.00s
[181.468s][info][gc          ] GC(385) Concurrent Mark Cycle
[181.468s][info][gc,marking  ] GC(385) Concurrent Scan Root Regions
[181.475s][info][gc,marking  ] GC(385) Concurrent Scan Root Regions 6.962ms
[181.475s][info][gc,marking  ] GC(385) Concurrent Mark
[181.475s][info][gc,marking  ] GC(385) Concurrent Mark From Roots
[181.475s][info][gc,task     ] GC(385) Using 1 workers of 1 for marking
[181.528s][info][gc,marking  ] GC(385) Concurrent Mark From Roots 52.416ms
[181.528s][info][gc,marking  ] GC(385) Concurrent Preclean
[181.528s][info][gc,marking  ] GC(385) Concurrent Preclean 0.062ms
[181.528s][info][gc,start    ] GC(385) Pause Remark
[181.536s][info][gc          ] GC(385) Pause Remark 283M->283M(581M) 8.633ms
[181.537s][info][gc,cpu      ] GC(385) User=0.01s Sys=0.00s Real=0.01s
[181.537s][info][gc,marking  ] GC(385) Concurrent Mark 61.709ms
[181.537s][info][gc,marking  ] GC(385) Concurrent Rebuild Remembered Sets and Scrub Regions
[181.556s][info][gc,marking  ] GC(385) Concurrent Rebuild Remembered Sets and Scrub Regions 19.227ms
[181.557s][info][gc,start    ] GC(385) Pause Cleanup
[181.557s][info][gc          ] GC(385) Pause Cleanup 289M->289M(581M) 0.064ms
[181.557s][info][gc,cpu      ] GC(385) User=0.00s Sys=0.00s Real=0.00s
[181.557s][info][gc,marking  ] GC(385) Concurrent Clear Claimed Marks
[181.557s][info][gc,marking  ] GC(385) Concurrent Clear Claimed Marks 0.086ms
[181.557s][info][gc,marking  ] GC(385) Concurrent Cleanup for Next Mark
[181.562s][info][gc,marking  ] GC(385) Concurrent Cleanup for Next Mark 4.986ms
[181.562s][info][gc          ] GC(385) Concurrent Mark Cycle 94.092ms
[182.169s][info][gc,start    ] GC(386) Pause Young (Prepare Mixed) (G1 Evacuation Pause)
[182.170s][info][gc,task     ] GC(386) Using 2 workers of 2 for evacuation
[182.175s][info][gc,phases   ] GC(386)   Pre Evacuate Collection Set: 0.25ms
[182.175s][info][gc,phases   ] GC(386)   Merge Heap Roots: 0.12ms
[182.175s][info][gc,phases   ] GC(386)   Evacuate Collection Set: 4.36ms
[182.175s][info][gc,phases   ] GC(386)   Post Evacuate Collection Set: 0.56ms
[182.175s][info][gc,phases   ] GC(386)   Other: 0.10ms
[182.175s][info][gc,heap     ] GC(386) Eden regions: 295->0(293)
[182.175s][info][gc,heap     ] GC(386) Survivor regions: 3->4(38)
[182.175s][info][gc,heap     ] GC(386) Old regions: 43->43
[182.175s][info][gc,heap     ] GC(386) Humongous regions: 207->207
[182.175s][info][gc,metaspace] GC(386) Metaspace: 56654K(56960K)->56654K(56960K) NonClass: 51034K(51264K)->51034K(51264K) Class: 5619K(5696K)->5619K(5696K)
[182.175s][info][gc          ] GC(386) Pause Young (Prepare Mixed) (G1 Evacuation Pause) 546M->252M(581M) 5.574ms
[182.175s][info][gc,cpu      ] GC(386) User=0.01s Sys=0.00s Real=0.01s
[182.872s][info][gc,start    ] GC(387) Pause Young (Mixed) (G1 Evacuation Pause)
[182.872s][info][gc,task     ] GC(387) Using 2 workers of 2 for evacuation
[182.878s][info][gc,phases   ] GC(387)   Pre Evacuate Collection Set: 0.27ms
[182.878s][info][gc,phases   ] GC(387)   Merge Heap Roots: 0.10ms
[182.878s][info][gc,phases   ] GC(387)   Evacuate Collection Set: 4.74ms
[182.878s][info][gc,phases   ] GC(387)   Post Evacuate Collection Set: 0.57ms
[182.878s][info][gc,phases   ] GC(387)   Other: 0.09ms
[182.878s][info][gc,heap     ] GC(387) Eden regions: 293->0(293)
[182.878s][info][gc,heap     ] GC(387) Survivor regions: 4->5(38)
[182.878s][info][gc,heap     ] GC(387) Old regions: 43->41
[182.878s][info][gc,heap     ] GC(387) Humongous regions: 207->207
[182.878s][info][gc,metaspace] GC(387) Metaspace: 56656K(56960K)->56656K(56960K) NonClass: 51036K(51264K)->51036K(51264K) Class: 5619K(5696K)->5619K(5696K)
[182.878s][info][gc          ] GC(387) Pause Young (Mixed) (G1 Evacuation Pause) 545M->251M(581M) 5.939ms
[182.878s][info][gc,cpu      ] GC(387) User=0.01s Sys=0.00s Real=0.00s
[183.586s][info][gc,start    ] GC(388) Pause Young (Concurrent Start) (G1 Evacuation Pause)
[183.586s][info][gc,task     ] GC(388) Using 2 workers of 2 for evacuation
[183.592s][info][gc,phases   ] GC(388)   Pre Evacuate Collection Set: 0.28ms
[183.592s][info][gc,phases   ] GC(388)   Merge Heap Roots: 0.11ms
[183.592s][info][gc,phases   ] GC(388)   Evacuate Collection Set: 4.53ms
[183.592s][info][gc,phases   ] GC(388)   Post Evacuate Collection Set: 0.57ms
[183.592s][info][gc,phases   ] GC(388)   Other: 0.11ms
[183.592s][info][gc,heap     ] GC(388) Eden regions: 293->0(295)
[183.592s][info][gc,heap     ] GC(388) Survivor regions: 5->4(38)
[183.592s][info][gc,heap     ] GC(388) Old regions: 41->41
[183.592s][info][gc,heap     ] GC(388) Humongous regions: 207->207
[183.592s][info][gc,metaspace] GC(388) Metaspace: 56656K(56960K)->56656K(56960K) NonClass: 51036K(51264K)->51036K(51264K) Class: 5619K(5696K)->5619K(5696K)
[183.592s][info][gc          ] GC(388) Pause Young (Concurrent Start) (G1 Evacuation Pause) 544M->250M(581M) 5.781ms
[183.592s][info][gc          ] GC(389) Concurrent Mark Cycle
[183.592s][info][gc,marking  ] GC(389) Concurrent Scan Root Regions
[183.594s][info][gc,cpu      ] GC(388) User=0.01s Sys=0.00s Real=0.01s
[183.595s][info][gc,marking  ] GC(389) Concurrent Scan Root Regions 3.283ms
[183.595s][info][gc,marking  ] GC(389) Concurrent Mark
[183.595s][info][gc,marking  ] GC(389) Concurrent Mark From Roots
[183.595s][info][gc,task     ] GC(389) Using 1 workers of 1 for marking
[183.637s][info][gc,marking  ] GC(389) Concurrent Mark From Roots 41.934ms
[183.637s][info][gc,marking  ] GC(389) Concurrent Preclean
[183.637s][info][gc,marking  ] GC(389) Concurrent Preclean 0.060ms
[183.638s][info][gc,start    ] GC(389) Pause Remark
[183.647s][info][gc          ] GC(389) Pause Remark 261M->261M(581M) 9.861ms
[183.647s][info][gc,cpu      ] GC(389) User=0.01s Sys=0.00s Real=0.01s
[183.648s][info][gc,marking  ] GC(389) Concurrent Mark 52.488ms
[183.648s][info][gc,marking  ] GC(389) Concurrent Rebuild Remembered Sets and Scrub Regions
[183.682s][info][gc,marking  ] GC(389) Concurrent Rebuild Remembered Sets and Scrub Regions 33.642ms
[183.682s][info][gc,start    ] GC(389) Pause Cleanup
[183.682s][info][gc          ] GC(389) Pause Cleanup 288M->288M(581M) 0.068ms
[183.682s][info][gc,cpu      ] GC(389) User=0.00s Sys=0.00s Real=0.00s
[183.682s][info][gc,marking  ] GC(389) Concurrent Clear Claimed Marks
[183.682s][info][gc,marking  ] GC(389) Concurrent Clear Claimed Marks 0.099ms
[183.682s][info][gc,marking  ] GC(389) Concurrent Cleanup for Next Mark
[183.685s][info][gc,marking  ] GC(389) Concurrent Cleanup for Next Mark 2.559ms
[183.685s][info][gc          ] GC(389) Concurrent Mark Cycle 92.864ms
[184.295s][info][gc,start    ] GC(390) Pause Young (Prepare Mixed) (G1 Evacuation Pause)
[184.295s][info][gc,task     ] GC(390) Using 2 workers of 2 for evacuation
[184.298s][info][gc,phases   ] GC(390)   Pre Evacuate Collection Set: 0.25ms
[184.298s][info][gc,phases   ] GC(390)   Merge Heap Roots: 0.12ms
[184.298s][info][gc,phases   ] GC(390)   Evacuate Collection Set: 2.76ms
[184.298s][info][gc,phases   ] GC(390)   Post Evacuate Collection Set: 0.58ms
[184.299s][info][gc,phases   ] GC(390)   Other: 0.07ms
[184.299s][info][gc,heap     ] GC(390) Eden regions: 295->0(299)
[184.299s][info][gc,heap     ] GC(390) Survivor regions: 4->2(38)
[184.299s][info][gc,heap     ] GC(390) Old regions: 41->41
[184.299s][info][gc,heap     ] GC(390) Humongous regions: 207->207
[184.299s][info][gc,metaspace] GC(390) Metaspace: 56656K(56960K)->56656K(56960K) NonClass: 51036K(51264K)->51036K(51264K) Class: 5619K(5696K)->5619K(5696K)
[184.299s][info][gc          ] GC(390) Pause Young (Prepare Mixed) (G1 Evacuation Pause) 545M->249M(581M) 3.949ms
[184.299s][info][gc,cpu      ] GC(390) User=0.01s Sys=0.00s Real=0.00s
[185.060s][info][gc,start    ] GC(391) Pause Young (Mixed) (G1 Evacuation Pause)
[185.060s][info][gc,task     ] GC(391) Using 2 workers of 2 for evacuation
[185.065s][info][gc,phases   ] GC(391)   Pre Evacuate Collection Set: 0.24ms
[185.065s][info][gc,phases   ] GC(391)   Merge Heap Roots: 0.11ms
[185.065s][info][gc,phases   ] GC(391)   Evacuate Collection Set: 3.96ms
[185.065s][info][gc,phases   ] GC(391)   Post Evacuate Collection Set: 0.61ms
[185.065s][info][gc,phases   ] GC(391)   Other: 0.07ms
[185.065s][info][gc,heap     ] GC(391) Eden regions: 299->0(299)
[185.065s][info][gc,heap     ] GC(391) Survivor regions: 2->3(38)
[185.065s][info][gc,heap     ] GC(391) Old regions: 41->39
[185.065s][info][gc,heap     ] GC(391) Humongous regions: 207->207
[185.065s][info][gc,metaspace] GC(391) Metaspace: 56656K(56960K)->56656K(56960K) NonClass: 51036K(51264K)->51036K(51264K) Class: 5619K(5696K)->5619K(5696K)
[185.065s][info][gc          ] GC(391) Pause Young (Mixed) (G1 Evacuation Pause) 548M->248M(581M) 5.161ms
[185.065s][info][gc,cpu      ] GC(391) User=0.01s Sys=0.00s Real=0.01s
[185.771s][info][gc,start    ] GC(392) Pause Young (Concurrent Start) (G1 Evacuation Pause)
[185.771s][info][gc,task     ] GC(392) Using 2 workers of 2 for evacuation
[185.777s][info][gc,phases   ] GC(392)   Pre Evacuate Collection Set: 0.30ms
[185.777s][info][gc,phases   ] GC(392)   Merge Heap Roots: 0.11ms
[185.777s][info][gc,phases   ] GC(392)   Evacuate Collection Set: 4.77ms
[185.777s][info][gc,phases   ] GC(392)   Post Evacuate Collection Set: 0.59ms
[185.777s][info][gc,phases   ] GC(392)   Other: 0.09ms
[185.777s][info][gc,heap     ] GC(392) Eden regions: 299->0(297)
[185.777s][info][gc,heap     ] GC(392) Survivor regions: 3->4(38)
[185.777s][info][gc,heap     ] GC(392) Old regions: 39->39
[185.777s][info][gc,heap     ] GC(392) Humongous regions: 207->207
[185.777s][info][gc,metaspace] GC(392) Metaspace: 56656K(56960K)->56656K(56960K) NonClass: 51036K(51264K)->51036K(51264K) Class: 5619K(5696K)->5619K(5696K)
[185.777s][info][gc          ] GC(392) Pause Young (Concurrent Start) (G1 Evacuation Pause) 547M->249M(581M) 6.042ms
[185.777s][info][gc,cpu      ] GC(392) User=0.01s Sys=0.00s Real=0.00s
[185.777s][info][gc          ] GC(393) Concurrent Mark Cycle
[185.778s][info][gc,marking  ] GC(393) Concurrent Scan Root Regions
[185.783s][info][gc,marking  ] GC(393) Concurrent Scan Root Regions 5.736ms
[185.783s][info][gc,marking  ] GC(393) Concurrent Mark
[185.783s][info][gc,marking  ] GC(393) Concurrent Mark From Roots
[185.783s][info][gc,task     ] GC(393) Using 1 workers of 1 for marking
[185.851s][info][gc,marking  ] GC(393) Concurrent Mark From Roots 67.331ms
[185.851s][info][gc,marking  ] GC(393) Concurrent Preclean
[185.851s][info][gc,marking  ] GC(393) Concurrent Preclean 0.064ms
[185.851s][info][gc,start    ] GC(393) Pause Remark
[185.873s][info][gc          ] GC(393) Pause Remark 266M->266M(581M) 21.892ms
[185.873s][info][gc,cpu      ] GC(393) User=0.01s Sys=0.00s Real=0.03s
[185.874s][info][gc,marking  ] GC(393) Concurrent Mark 90.672ms
[185.874s][info][gc,marking  ] GC(393) Concurrent Rebuild Remembered Sets and Scrub Regions
[185.898s][info][gc,marking  ] GC(393) Concurrent Rebuild Remembered Sets and Scrub Regions 24.301ms
[185.899s][info][gc,start    ] GC(393) Pause Cleanup
[185.899s][info][gc          ] GC(393) Pause Cleanup 280M->280M(581M) 0.084ms
[185.899s][info][gc,cpu      ] GC(393) User=0.00s Sys=0.00s Real=0.00s
[185.899s][info][gc,marking  ] GC(393) Concurrent Clear Claimed Marks
[185.899s][info][gc,marking  ] GC(393) Concurrent Clear Claimed Marks 0.088ms
[185.899s][info][gc,marking  ] GC(393) Concurrent Cleanup for Next Mark
[185.903s][info][gc,marking  ] GC(393) Concurrent Cleanup for Next Mark 3.897ms
[185.903s][info][gc          ] GC(393) Concurrent Mark Cycle 125.426ms
[186.485s][info][gc,start    ] GC(394) Pause Young (Prepare Mixed) (G1 Evacuation Pause)
[186.485s][info][gc,task     ] GC(394) Using 2 workers of 2 for evacuation
[186.490s][info][gc,phases   ] GC(394)   Pre Evacuate Collection Set: 0.26ms
[186.490s][info][gc,phases   ] GC(394)   Merge Heap Roots: 0.12ms
[186.490s][info][gc,phases   ] GC(394)   Evacuate Collection Set: 4.52ms
[186.490s][info][gc,phases   ] GC(394)   Post Evacuate Collection Set: 0.77ms
[186.490s][info][gc,phases   ] GC(394)   Other: 0.07ms
[186.490s][info][gc,heap     ] GC(394) Eden regions: 297->0(299)
[186.490s][info][gc,heap     ] GC(394) Survivor regions: 4->3(38)
[186.490s][info][gc,heap     ] GC(394) Old regions: 39->39
[186.490s][info][gc,heap     ] GC(394) Humongous regions: 207->207
[186.490s][info][gc,metaspace] GC(394) Metaspace: 56656K(56960K)->56656K(56960K) NonClass: 51036K(51264K)->51036K(51264K) Class: 5619K(5696K)->5619K(5696K)
[186.491s][info][gc          ] GC(394) Pause Young (Prepare Mixed) (G1 Evacuation Pause) 545M->248M(581M) 5.900ms
[186.491s][info][gc,cpu      ] GC(394) User=0.01s Sys=0.00s Real=0.00s
[187.228s][info][gc,start    ] GC(395) Pause Young (Mixed) (G1 Evacuation Pause)
[187.228s][info][gc,task     ] GC(395) Using 2 workers of 2 for evacuation
[187.232s][info][gc,phases   ] GC(395)   Pre Evacuate Collection Set: 0.35ms
[187.232s][info][gc,phases   ] GC(395)   Merge Heap Roots: 0.14ms
[187.232s][info][gc,phases   ] GC(395)   Evacuate Collection Set: 3.46ms
[187.232s][info][gc,phases   ] GC(395)   Post Evacuate Collection Set: 0.62ms
[187.232s][info][gc,phases   ] GC(395)   Other: 0.07ms
[187.232s][info][gc,heap     ] GC(395) Eden regions: 299->0(304)
[187.232s][info][gc,heap     ] GC(395) Survivor regions: 3->1(38)
[187.232s][info][gc,heap     ] GC(395) Old regions: 39->38
[187.232s][info][gc,heap     ] GC(395) Humongous regions: 207->207
[187.233s][info][gc,metaspace] GC(395) Metaspace: 56656K(56960K)->56656K(56960K) NonClass: 51036K(51264K)->51036K(51264K) Class: 5619K(5696K)->5619K(5696K)
[187.233s][info][gc          ] GC(395) Pause Young (Mixed) (G1 Evacuation Pause) 547M->245M(581M) 4.932ms
[187.233s][info][gc,cpu      ] GC(395) User=0.01s Sys=0.00s Real=0.01s
[188.066s][info][gc,start    ] GC(396) Pause Young (Concurrent Start) (G1 Evacuation Pause)
[188.066s][info][gc,task     ] GC(396) Using 2 workers of 2 for evacuation
[188.072s][info][gc,phases   ] GC(396)   Pre Evacuate Collection Set: 0.27ms
[188.072s][info][gc,phases   ] GC(396)   Merge Heap Roots: 0.10ms
[188.072s][info][gc,phases   ] GC(396)   Evacuate Collection Set: 4.27ms
[188.072s][info][gc,phases   ] GC(396)   Post Evacuate Collection Set: 0.57ms
[188.072s][info][gc,phases   ] GC(396)   Other: 0.09ms
[188.072s][info][gc,heap     ] GC(396) Eden regions: 304->0(300)
[188.072s][info][gc,heap     ] GC(396) Survivor regions: 1->3(39)
[188.072s][info][gc,heap     ] GC(396) Old regions: 38->38
[188.072s][info][gc,heap     ] GC(396) Humongous regions: 207->207
[188.072s][info][gc,metaspace] GC(396) Metaspace: 56656K(56960K)->56656K(56960K) NonClass: 51036K(51264K)->51036K(51264K) Class: 5619K(5696K)->5619K(5696K)
[188.072s][info][gc          ] GC(396) Pause Young (Concurrent Start) (G1 Evacuation Pause) 549M->247M(581M) 5.479ms
[188.072s][info][gc,cpu      ] GC(396) User=0.01s Sys=0.00s Real=0.01s
[188.072s][info][gc          ] GC(397) Concurrent Mark Cycle
[188.072s][info][gc,marking  ] GC(397) Concurrent Scan Root Regions
[188.078s][info][gc,marking  ] GC(397) Concurrent Scan Root Regions 5.891ms
[188.078s][info][gc,marking  ] GC(397) Concurrent Mark
[188.078s][info][gc,marking  ] GC(397) Concurrent Mark From Roots
[188.078s][info][gc,task     ] GC(397) Using 1 workers of 1 for marking
[188.132s][info][gc,marking  ] GC(397) Concurrent Mark From Roots 53.709ms
[188.132s][info][gc,marking  ] GC(397) Concurrent Preclean
[188.132s][info][gc,marking  ] GC(397) Concurrent Preclean 0.067ms
[188.132s][info][gc,start    ] GC(397) Pause Remark
[188.141s][info][gc          ] GC(397) Pause Remark 274M->274M(581M) 8.801ms
[188.141s][info][gc,cpu      ] GC(397) User=0.02s Sys=0.00s Real=0.00s
[188.141s][info][gc,marking  ] GC(397) Concurrent Mark 62.989ms
[188.141s][info][gc,marking  ] GC(397) Concurrent Rebuild Remembered Sets and Scrub Regions
[188.162s][info][gc,marking  ] GC(397) Concurrent Rebuild Remembered Sets and Scrub Regions 20.924ms
[188.162s][info][gc,start    ] GC(397) Pause Cleanup
[188.162s][info][gc          ] GC(397) Pause Cleanup 283M->283M(581M) 0.063ms
[188.162s][info][gc,cpu      ] GC(397) User=0.00s Sys=0.00s Real=0.00s
[188.162s][info][gc,marking  ] GC(397) Concurrent Clear Claimed Marks
[188.162s][info][gc,marking  ] GC(397) Concurrent Clear Claimed Marks 0.096ms
[188.162s][info][gc,marking  ] GC(397) Concurrent Cleanup for Next Mark
[188.169s][info][gc,marking  ] GC(397) Concurrent Cleanup for Next Mark 6.965ms
[188.169s][info][gc          ] GC(397) Concurrent Mark Cycle 97.354ms
[188.783s][info][gc,start    ] GC(398) Pause Young (Prepare Mixed) (G1 Evacuation Pause)
[188.783s][info][gc,task     ] GC(398) Using 2 workers of 2 for evacuation
[188.788s][info][gc,phases   ] GC(398)   Pre Evacuate Collection Set: 0.25ms
[188.788s][info][gc,phases   ] GC(398)   Merge Heap Roots: 0.12ms
[188.788s][info][gc,phases   ] GC(398)   Evacuate Collection Set: 4.02ms
[188.788s][info][gc,phases   ] GC(398)   Post Evacuate Collection Set: 0.58ms
[188.788s][info][gc,phases   ] GC(398)   Other: 0.07ms
[188.788s][info][gc,heap     ] GC(398) Eden regions: 300->0(300)
[188.788s][info][gc,heap     ] GC(398) Survivor regions: 3->3(38)
[188.788s][info][gc,heap     ] GC(398) Old regions: 38->38
[188.788s][info][gc,heap     ] GC(398) Humongous regions: 207->207
[188.788s][info][gc,metaspace] GC(398) Metaspace: 56656K(56960K)->56656K(56960K) NonClass: 51036K(51264K)->51036K(51264K) Class: 5619K(5696K)->5619K(5696K)
[188.788s][info][gc          ] GC(398) Pause Young (Prepare Mixed) (G1 Evacuation Pause) 546M->247M(581M) 5.207ms
[188.788s][info][gc,cpu      ] GC(398) User=0.00s Sys=0.00s Real=0.00s
[189.560s][info][gc,start    ] GC(399) Pause Young (Mixed) (G1 Evacuation Pause)
[189.560s][info][gc,task     ] GC(399) Using 2 workers of 2 for evacuation
[189.565s][info][gc,phases   ] GC(399)   Pre Evacuate Collection Set: 0.25ms
[189.565s][info][gc,phases   ] GC(399)   Merge Heap Roots: 0.10ms
[189.565s][info][gc,phases   ] GC(399)   Evacuate Collection Set: 4.06ms
[189.565s][info][gc,phases   ] GC(399)   Post Evacuate Collection Set: 0.57ms
[189.565s][info][gc,phases   ] GC(399)   Other: 0.07ms
[189.565s][info][gc,heap     ] GC(399) Eden regions: 300->0(302)
[189.565s][info][gc,heap     ] GC(399) Survivor regions: 3->2(38)
[189.565s][info][gc,heap     ] GC(399) Old regions: 38->38
[189.565s][info][gc,heap     ] GC(399) Humongous regions: 207->207
[189.565s][info][gc,metaspace] GC(399) Metaspace: 56660K(56960K)->56660K(56960K) NonClass: 51041K(51264K)->51041K(51264K) Class: 5619K(5696K)->5619K(5696K)
[189.565s][info][gc          ] GC(399) Pause Young (Mixed) (G1 Evacuation Pause) 547M->246M(581M) 5.251ms
[189.565s][info][gc,cpu      ] GC(399) User=0.01s Sys=0.00s Real=0.01s
[190.272s][info][gc,start    ] GC(400) Pause Young (Concurrent Start) (G1 Evacuation Pause)
[190.272s][info][gc,task     ] GC(400) Using 2 workers of 2 for evacuation
[190.278s][info][gc,phases   ] GC(400)   Pre Evacuate Collection Set: 0.27ms
[190.278s][info][gc,phases   ] GC(400)   Merge Heap Roots: 0.10ms
[190.278s][info][gc,phases   ] GC(400)   Evacuate Collection Set: 5.10ms
[190.278s][info][gc,phases   ] GC(400)   Post Evacuate Collection Set: 0.57ms
[190.278s][info][gc,phases   ] GC(400)   Other: 0.09ms
[190.278s][info][gc,heap     ] GC(400) Eden regions: 302->0(298)
[190.278s][info][gc,heap     ] GC(400) Survivor regions: 2->4(38)
[190.278s][info][gc,heap     ] GC(400) Old regions: 38->38
[190.278s][info][gc,heap     ] GC(400) Humongous regions: 207->207
[190.278s][info][gc,metaspace] GC(400) Metaspace: 56660K(56960K)->56660K(56960K) NonClass: 51041K(51264K)->51041K(51264K) Class: 5619K(5696K)->5619K(5696K)
[190.278s][info][gc          ] GC(400) Pause Young (Concurrent Start) (G1 Evacuation Pause) 548M->247M(581M) 6.300ms
[190.278s][info][gc,cpu      ] GC(400) User=0.02s Sys=0.00s Real=0.00s
[190.278s][info][gc          ] GC(401) Concurrent Mark Cycle
[190.280s][info][gc,marking  ] GC(401) Concurrent Scan Root Regions
[190.283s][info][gc,marking  ] GC(401) Concurrent Scan Root Regions 3.577ms
[190.283s][info][gc,marking  ] GC(401) Concurrent Mark
[190.283s][info][gc,marking  ] GC(401) Concurrent Mark From Roots
[190.283s][info][gc,task     ] GC(401) Using 1 workers of 1 for marking
[190.333s][info][gc,marking  ] GC(401) Concurrent Mark From Roots 49.729ms
[190.333s][info][gc,marking  ] GC(401) Concurrent Preclean
[190.333s][info][gc,marking  ] GC(401) Concurrent Preclean 0.062ms
[190.333s][info][gc,start    ] GC(401) Pause Remark
[190.342s][info][gc          ] GC(401) Pause Remark 265M->265M(581M) 8.598ms
[190.342s][info][gc,cpu      ] GC(401) User=0.02s Sys=0.00s Real=0.01s
[190.342s][info][gc,marking  ] GC(401) Concurrent Mark 58.617ms
[190.342s][info][gc,marking  ] GC(401) Concurrent Rebuild Remembered Sets and Scrub Regions
[190.367s][info][gc,marking  ] GC(401) Concurrent Rebuild Remembered Sets and Scrub Regions 25.288ms
[190.367s][info][gc,start    ] GC(401) Pause Cleanup
[190.367s][info][gc          ] GC(401) Pause Cleanup 280M->280M(581M) 0.064ms
[190.367s][info][gc,cpu      ] GC(401) User=0.00s Sys=0.00s Real=0.00s
[190.369s][info][gc,marking  ] GC(401) Concurrent Clear Claimed Marks
[190.369s][info][gc,marking  ] GC(401) Concurrent Clear Claimed Marks 0.098ms
[190.369s][info][gc,marking  ] GC(401) Concurrent Cleanup for Next Mark
[190.372s][info][gc,marking  ] GC(401) Concurrent Cleanup for Next Mark 2.801ms
[190.372s][info][gc          ] GC(401) Concurrent Mark Cycle 93.592ms
[190.986s][info][gc,start    ] GC(402) Pause Young (Prepare Mixed) (G1 Evacuation Pause)
[190.986s][info][gc,task     ] GC(402) Using 2 workers of 2 for evacuation
[190.991s][info][gc,phases   ] GC(402)   Pre Evacuate Collection Set: 0.26ms
[190.991s][info][gc,phases   ] GC(402)   Merge Heap Roots: 0.12ms
[190.991s][info][gc,phases   ] GC(402)   Evacuate Collection Set: 3.93ms
[190.991s][info][gc,phases   ] GC(402)   Post Evacuate Collection Set: 0.60ms
[190.991s][info][gc,phases   ] GC(402)   Other: 0.08ms
[190.991s][info][gc,heap     ] GC(402) Eden regions: 298->0(300)
[190.991s][info][gc,heap     ] GC(402) Survivor regions: 4->3(38)
[190.991s][info][gc,heap     ] GC(402) Old regions: 38->38
[190.991s][info][gc,heap     ] GC(402) Humongous regions: 207->207
[190.991s][info][gc,metaspace] GC(402) Metaspace: 56660K(56960K)->56660K(56960K) NonClass: 51041K(51264K)->51041K(51264K) Class: 5619K(5696K)->5619K(5696K)
[190.991s][info][gc          ] GC(402) Pause Young (Prepare Mixed) (G1 Evacuation Pause) 545M->246M(581M) 5.157ms
[190.991s][info][gc,cpu      ] GC(402) User=0.01s Sys=0.00s Real=0.00s
[191.757s][info][gc,start    ] GC(403) Pause Young (Mixed) (G1 Evacuation Pause)
[191.757s][info][gc,task     ] GC(403) Using 2 workers of 2 for evacuation
[191.763s][info][gc,phases   ] GC(403)   Pre Evacuate Collection Set: 0.25ms
[191.763s][info][gc,phases   ] GC(403)   Merge Heap Roots: 0.10ms
[191.763s][info][gc,phases   ] GC(403)   Evacuate Collection Set: 4.56ms
[191.763s][info][gc,phases   ] GC(403)   Post Evacuate Collection Set: 0.62ms
[191.763s][info][gc,phases   ] GC(403)   Other: 0.07ms
[191.763s][info][gc,heap     ] GC(403) Eden regions: 300->0(303)
[191.763s][info][gc,heap     ] GC(403) Survivor regions: 3->2(38)
[191.763s][info][gc,heap     ] GC(403) Old regions: 38->37
[191.763s][info][gc,heap     ] GC(403) Humongous regions: 207->207
[191.763s][info][gc,metaspace] GC(403) Metaspace: 56660K(56960K)->56660K(56960K) NonClass: 51041K(51264K)->51041K(51264K) Class: 5619K(5696K)->5619K(5696K)
[191.763s][info][gc          ] GC(403) Pause Young (Mixed) (G1 Evacuation Pause) 546M->245M(581M) 5.763ms
[191.763s][info][gc,cpu      ] GC(403) User=0.01s Sys=0.00s Real=0.01s
[192.545s][info][gc,start    ] GC(404) Pause Young (Concurrent Start) (G1 Evacuation Pause)
[192.545s][info][gc,task     ] GC(404) Using 2 workers of 2 for evacuation
[192.550s][info][gc,phases   ] GC(404)   Pre Evacuate Collection Set: 0.27ms
[192.550s][info][gc,phases   ] GC(404)   Merge Heap Roots: 0.11ms
[192.550s][info][gc,phases   ] GC(404)   Evacuate Collection Set: 4.08ms
[192.550s][info][gc,phases   ] GC(404)   Post Evacuate Collection Set: 0.58ms
[192.550s][info][gc,phases   ] GC(404)   Other: 0.09ms
[192.550s][info][gc,heap     ] GC(404) Eden regions: 303->0(301)
[192.550s][info][gc,heap     ] GC(404) Survivor regions: 2->3(39)
[192.550s][info][gc,heap     ] GC(404) Old regions: 37->37
[192.550s][info][gc,heap     ] GC(404) Humongous regions: 207->207
[192.550s][info][gc,metaspace] GC(404) Metaspace: 56660K(56960K)->56660K(56960K) NonClass: 51041K(51264K)->51041K(51264K) Class: 5619K(5696K)->5619K(5696K)
[192.550s][info][gc          ] GC(404) Pause Young (Concurrent Start) (G1 Evacuation Pause) 548M->246M(581M) 5.300ms
[192.550s][info][gc          ] GC(405) Concurrent Mark Cycle
[192.550s][info][gc,marking  ] GC(405) Concurrent Scan Root Regions
[192.552s][info][gc,cpu      ] GC(404) User=0.02s Sys=0.00s Real=0.01s
[192.556s][info][gc,marking  ] GC(405) Concurrent Scan Root Regions 5.503ms
[192.556s][info][gc,marking  ] GC(405) Concurrent Mark
[192.556s][info][gc,marking  ] GC(405) Concurrent Mark From Roots
[192.556s][info][gc,task     ] GC(405) Using 1 workers of 1 for marking
[192.623s][info][gc,marking  ] GC(405) Concurrent Mark From Roots 67.168ms
[192.623s][info][gc,marking  ] GC(405) Concurrent Preclean
[192.623s][info][gc,marking  ] GC(405) Concurrent Preclean 0.064ms
[192.623s][info][gc,start    ] GC(405) Pause Remark
[192.637s][info][gc          ] GC(405) Pause Remark 295M->295M(581M) 13.629ms
[192.637s][info][gc,cpu      ] GC(405) User=0.02s Sys=0.00s Real=0.01s
[192.637s][info][gc,marking  ] GC(405) Concurrent Mark 81.641ms
[192.637s][info][gc,marking  ] GC(405) Concurrent Rebuild Remembered Sets and Scrub Regions
[192.664s][info][gc,marking  ] GC(405) Concurrent Rebuild Remembered Sets and Scrub Regions 26.789ms
[192.664s][info][gc,start    ] GC(405) Pause Cleanup
[192.664s][info][gc          ] GC(405) Pause Cleanup 309M->309M(581M) 0.068ms
[192.664s][info][gc,cpu      ] GC(405) User=0.00s Sys=0.00s Real=0.00s
[192.664s][info][gc,marking  ] GC(405) Concurrent Clear Claimed Marks
[192.665s][info][gc,marking  ] GC(405) Concurrent Clear Claimed Marks 0.091ms
[192.665s][info][gc,marking  ] GC(405) Concurrent Cleanup for Next Mark
[192.668s][info][gc,marking  ] GC(405) Concurrent Cleanup for Next Mark 3.320ms
[192.668s][info][gc          ] GC(405) Concurrent Mark Cycle 117.891ms
[193.190s][info][gc,start    ] GC(406) Pause Young (Prepare Mixed) (G1 Evacuation Pause)
[193.190s][info][gc,task     ] GC(406) Using 2 workers of 2 for evacuation
[193.201s][info][gc,phases   ] GC(406)   Pre Evacuate Collection Set: 0.34ms
[193.201s][info][gc,phases   ] GC(406)   Merge Heap Roots: 0.13ms
[193.201s][info][gc,phases   ] GC(406)   Evacuate Collection Set: 9.48ms
[193.201s][info][gc,phases   ] GC(406)   Post Evacuate Collection Set: 0.62ms
[193.201s][info][gc,phases   ] GC(406)   Other: 0.08ms
[193.201s][info][gc,heap     ] GC(406) Eden regions: 301->0(293)
[193.201s][info][gc,heap     ] GC(406) Survivor regions: 3->7(38)
[193.201s][info][gc,heap     ] GC(406) Old regions: 37->37
[193.201s][info][gc,heap     ] GC(406) Humongous regions: 207->207
[193.201s][info][gc,metaspace] GC(406) Metaspace: 56660K(56960K)->56660K(56960K) NonClass: 51041K(51264K)->51041K(51264K) Class: 5619K(5696K)->5619K(5696K)
[193.201s][info][gc          ] GC(406) Pause Young (Prepare Mixed) (G1 Evacuation Pause) 547M->250M(581M) 10.822ms
[193.201s][info][gc,cpu      ] GC(406) User=0.02s Sys=0.00s Real=0.01s
[193.974s][info][gc,start    ] GC(407) Pause Young (Mixed) (G1 Evacuation Pause)
[193.974s][info][gc,task     ] GC(407) Using 2 workers of 2 for evacuation
[193.982s][info][gc,phases   ] GC(407)   Pre Evacuate Collection Set: 0.25ms
[193.982s][info][gc,phases   ] GC(407)   Merge Heap Roots: 0.10ms
[193.982s][info][gc,phases   ] GC(407)   Evacuate Collection Set: 7.16ms
[193.982s][info][gc,phases   ] GC(407)   Post Evacuate Collection Set: 0.61ms
[193.982s][info][gc,phases   ] GC(407)   Other: 0.07ms
[193.982s][info][gc,heap     ] GC(407) Eden regions: 293->0(293)
[193.982s][info][gc,heap     ] GC(407) Survivor regions: 7->7(38)
[193.982s][info][gc,heap     ] GC(407) Old regions: 37->37
[193.982s][info][gc,heap     ] GC(407) Humongous regions: 207->207
[193.982s][info][gc,metaspace] GC(407) Metaspace: 56660K(56960K)->56660K(56960K) NonClass: 51041K(51264K)->51041K(51264K) Class: 5619K(5696K)->5619K(5696K)
[193.983s][info][gc          ] GC(407) Pause Young (Mixed) (G1 Evacuation Pause) 543M->249M(581M) 8.359ms
[193.983s][info][gc,cpu      ] GC(407) User=0.02s Sys=0.01s Real=0.01s
[194.663s][info][gc,start    ] GC(408) Pause Young (Concurrent Start) (G1 Evacuation Pause)
[194.663s][info][gc,task     ] GC(408) Using 2 workers of 2 for evacuation
[194.671s][info][gc,phases   ] GC(408)   Pre Evacuate Collection Set: 0.27ms
[194.671s][info][gc,phases   ] GC(408)   Merge Heap Roots: 0.10ms
[194.672s][info][gc,phases   ] GC(408)   Evacuate Collection Set: 7.00ms
[194.672s][info][gc,phases   ] GC(408)   Post Evacuate Collection Set: 0.58ms
[194.672s][info][gc,phases   ] GC(408)   Other: 0.09ms
[194.672s][info][gc,heap     ] GC(408) Eden regions: 293->0(293)
[194.672s][info][gc,heap     ] GC(408) Survivor regions: 7->7(38)
[194.672s][info][gc,heap     ] GC(408) Old regions: 37->37
[194.672s][info][gc,heap     ] GC(408) Humongous regions: 207->207
[194.672s][info][gc,metaspace] GC(408) Metaspace: 56660K(56960K)->56660K(56960K) NonClass: 51041K(51264K)->51041K(51264K) Class: 5619K(5696K)->5619K(5696K)
[194.672s][info][gc          ] GC(408) Pause Young (Concurrent Start) (G1 Evacuation Pause) 542M->250M(581M) 8.202ms
[194.672s][info][gc,cpu      ] GC(408) User=0.01s Sys=0.00s Real=0.01s
[194.672s][info][gc          ] GC(409) Concurrent Mark Cycle
[194.672s][info][gc,marking  ] GC(409) Concurrent Scan Root Regions
[194.679s][info][gc,marking  ] GC(409) Concurrent Scan Root Regions 7.342ms
[194.679s][info][gc,marking  ] GC(409) Concurrent Mark
[194.679s][info][gc,marking  ] GC(409) Concurrent Mark From Roots
[194.679s][info][gc,task     ] GC(409) Using 1 workers of 1 for marking
[194.729s][info][gc,marking  ] GC(409) Concurrent Mark From Roots 49.261ms
[194.729s][info][gc,marking  ] GC(409) Concurrent Preclean
[194.729s][info][gc,marking  ] GC(409) Concurrent Preclean 0.078ms
[194.729s][info][gc,start    ] GC(409) Pause Remark
[194.738s][info][gc          ] GC(409) Pause Remark 281M->281M(581M) 8.697ms
[194.738s][info][gc,cpu      ] GC(409) User=0.02s Sys=0.00s Real=0.01s
[194.738s][info][gc,marking  ] GC(409) Concurrent Mark 58.259ms
[194.738s][info][gc,marking  ] GC(409) Concurrent Rebuild Remembered Sets and Scrub Regions
[194.755s][info][gc,marking  ] GC(409) Concurrent Rebuild Remembered Sets and Scrub Regions 16.870ms
[194.755s][info][gc,start    ] GC(409) Pause Cleanup
[194.755s][info][gc          ] GC(409) Pause Cleanup 285M->285M(581M) 0.075ms
[194.755s][info][gc,cpu      ] GC(409) User=0.00s Sys=0.00s Real=0.00s
[194.755s][info][gc,marking  ] GC(409) Concurrent Clear Claimed Marks
[194.755s][info][gc,marking  ] GC(409) Concurrent Clear Claimed Marks 0.095ms
[194.755s][info][gc,marking  ] GC(409) Concurrent Cleanup for Next Mark
[194.759s][info][gc,marking  ] GC(409) Concurrent Cleanup for Next Mark 3.947ms
[194.759s][info][gc          ] GC(409) Concurrent Mark Cycle 87.343ms
[195.373s][info][gc,start    ] GC(410) Pause Young (Prepare Mixed) (G1 Evacuation Pause)
[195.373s][info][gc,task     ] GC(410) Using 2 workers of 2 for evacuation
[195.379s][info][gc,phases   ] GC(410)   Pre Evacuate Collection Set: 0.26ms
[195.379s][info][gc,phases   ] GC(410)   Merge Heap Roots: 0.11ms
[195.379s][info][gc,phases   ] GC(410)   Evacuate Collection Set: 5.27ms
[195.379s][info][gc,phases   ] GC(410)   Post Evacuate Collection Set: 0.59ms
[195.379s][info][gc,phases   ] GC(410)   Other: 0.07ms
[195.379s][info][gc,heap     ] GC(410) Eden regions: 293->0(297)
[195.379s][info][gc,heap     ] GC(410) Survivor regions: 7->5(38)
[195.379s][info][gc,heap     ] GC(410) Old regions: 37->37
[195.379s][info][gc,heap     ] GC(410) Humongous regions: 207->207
[195.379s][info][gc,metaspace] GC(410) Metaspace: 56660K(56960K)->56660K(56960K) NonClass: 51041K(51264K)->51041K(51264K) Class: 5619K(5696K)->5619K(5696K)
[195.379s][info][gc          ] GC(410) Pause Young (Prepare Mixed) (G1 Evacuation Pause) 543M->248M(581M) 6.466ms
[195.379s][info][gc,cpu      ] GC(410) User=0.01s Sys=0.00s Real=0.00s
[196.087s][info][gc,start    ] GC(411) Pause Young (Mixed) (G1 Evacuation Pause)
[196.087s][info][gc,task     ] GC(411) Using 2 workers of 2 for evacuation
[196.093s][info][gc,phases   ] GC(411)   Pre Evacuate Collection Set: 0.26ms
[196.093s][info][gc,phases   ] GC(411)   Merge Heap Roots: 0.10ms
[196.093s][info][gc,phases   ] GC(411)   Evacuate Collection Set: 5.43ms
[196.093s][info][gc,phases   ] GC(411)   Post Evacuate Collection Set: 0.59ms
[196.093s][info][gc,phases   ] GC(411)   Other: 0.09ms
[196.093s][info][gc,heap     ] GC(411) Eden regions: 297->0(299)
[196.093s][info][gc,heap     ] GC(411) Survivor regions: 5->4(38)
[196.094s][info][gc,heap     ] GC(411) Old regions: 37->37
[196.094s][info][gc,heap     ] GC(411) Humongous regions: 207->207
[196.094s][info][gc,metaspace] GC(411) Metaspace: 56660K(56960K)->56660K(56960K) NonClass: 51041K(51264K)->51041K(51264K) Class: 5619K(5696K)->5619K(5696K)
[196.094s][info][gc          ] GC(411) Pause Young (Mixed) (G1 Evacuation Pause) 545M->246M(581M) 6.639ms
[196.094s][info][gc,cpu      ] GC(411) User=0.01s Sys=0.00s Real=0.01s
[196.857s][info][gc,start    ] GC(412) Pause Young (Concurrent Start) (G1 Evacuation Pause)
[196.857s][info][gc,task     ] GC(412) Using 2 workers of 2 for evacuation
[196.861s][info][gc,phases   ] GC(412)   Pre Evacuate Collection Set: 0.28ms
[196.861s][info][gc,phases   ] GC(412)   Merge Heap Roots: 0.10ms
[196.861s][info][gc,phases   ] GC(412)   Evacuate Collection Set: 3.07ms
[196.861s][info][gc,phases   ] GC(412)   Post Evacuate Collection Set: 0.58ms
[196.861s][info][gc,phases   ] GC(412)   Other: 0.09ms
[196.861s][info][gc,heap     ] GC(412) Eden regions: 299->0(301)
[196.861s][info][gc,heap     ] GC(412) Survivor regions: 4->3(38)
[196.861s][info][gc,heap     ] GC(412) Old regions: 37->37
[196.861s][info][gc,heap     ] GC(412) Humongous regions: 207->207
[196.861s][info][gc,metaspace] GC(412) Metaspace: 56660K(56960K)->56660K(56960K) NonClass: 51041K(51264K)->51041K(51264K) Class: 5619K(5696K)->5619K(5696K)
[196.861s][info][gc          ] GC(412) Pause Young (Concurrent Start) (G1 Evacuation Pause) 545M->245M(581M) 4.295ms
[196.861s][info][gc,cpu      ] GC(412) User=0.01s Sys=0.00s Real=0.00s
[196.861s][info][gc          ] GC(413) Concurrent Mark Cycle
[196.862s][info][gc,marking  ] GC(413) Concurrent Scan Root Regions
[196.866s][info][gc,marking  ] GC(413) Concurrent Scan Root Regions 3.967ms
[196.866s][info][gc,marking  ] GC(413) Concurrent Mark
[196.866s][info][gc,marking  ] GC(413) Concurrent Mark From Roots
[196.866s][info][gc,task     ] GC(413) Using 1 workers of 1 for marking
[196.923s][info][gc,marking  ] GC(413) Concurrent Mark From Roots 57.276ms
[196.923s][info][gc,marking  ] GC(413) Concurrent Preclean
[196.923s][info][gc,marking  ] GC(413) Concurrent Preclean 0.060ms
[196.923s][info][gc,start    ] GC(413) Pause Remark
[196.932s][info][gc          ] GC(413) Pause Remark 280M->280M(581M) 8.633ms
[196.932s][info][gc,cpu      ] GC(413) User=0.02s Sys=0.00s Real=0.01s
[196.932s][info][gc,marking  ] GC(413) Concurrent Mark 66.420ms
[196.932s][info][gc,marking  ] GC(413) Concurrent Rebuild Remembered Sets and Scrub Regions
[196.948s][info][gc,marking  ] GC(413) Concurrent Rebuild Remembered Sets and Scrub Regions 15.338ms
[196.948s][info][gc,start    ] GC(413) Pause Cleanup
[196.948s][info][gc          ] GC(413) Pause Cleanup 280M->280M(581M) 0.065ms
[196.948s][info][gc,cpu      ] GC(413) User=0.00s Sys=0.00s Real=0.00s
[196.948s][info][gc,marking  ] GC(413) Concurrent Clear Claimed Marks
[196.948s][info][gc,marking  ] GC(413) Concurrent Clear Claimed Marks 0.096ms
[196.948s][info][gc,marking  ] GC(413) Concurrent Cleanup for Next Mark
[196.950s][info][gc,marking  ] GC(413) Concurrent Cleanup for Next Mark 1.694ms
[196.950s][info][gc          ] GC(413) Concurrent Mark Cycle 88.949ms
[197.571s][info][gc,start    ] GC(414) Pause Young (Prepare Mixed) (G1 Evacuation Pause)
[197.571s][info][gc,task     ] GC(414) Using 2 workers of 2 for evacuation
[197.577s][info][gc,phases   ] GC(414)   Pre Evacuate Collection Set: 0.25ms
[197.577s][info][gc,phases   ] GC(414)   Merge Heap Roots: 0.12ms
[197.577s][info][gc,phases   ] GC(414)   Evacuate Collection Set: 5.04ms
[197.577s][info][gc,phases   ] GC(414)   Post Evacuate Collection Set: 0.59ms
[197.577s][info][gc,phases   ] GC(414)   Other: 0.08ms
[197.577s][info][gc,heap     ] GC(414) Eden regions: 301->0(297)
[197.577s][info][gc,heap     ] GC(414) Survivor regions: 3->5(38)
[197.577s][info][gc,heap     ] GC(414) Old regions: 37->37
[197.577s][info][gc,heap     ] GC(414) Humongous regions: 207->207
[197.577s][info][gc,metaspace] GC(414) Metaspace: 56660K(56960K)->56660K(56960K) NonClass: 51041K(51264K)->51041K(51264K) Class: 5619K(5696K)->5619K(5696K)
[197.577s][info][gc          ] GC(414) Pause Young (Prepare Mixed) (G1 Evacuation Pause) 546M->247M(581M) 6.245ms
[197.577s][info][gc,cpu      ] GC(414) User=0.02s Sys=0.00s Real=0.01s
[198.283s][info][gc,start    ] GC(415) Pause Young (Mixed) (G1 Evacuation Pause)
[198.283s][info][gc,task     ] GC(415) Using 2 workers of 2 for evacuation
[198.291s][info][gc,phases   ] GC(415)   Pre Evacuate Collection Set: 0.25ms
[198.291s][info][gc,phases   ] GC(415)   Merge Heap Roots: 0.12ms
[198.291s][info][gc,phases   ] GC(415)   Evacuate Collection Set: 6.27ms
[198.291s][info][gc,phases   ] GC(415)   Post Evacuate Collection Set: 0.63ms
[198.291s][info][gc,phases   ] GC(415)   Other: 0.10ms
[198.291s][info][gc,heap     ] GC(415) Eden regions: 297->0(299)
[198.291s][info][gc,heap     ] GC(415) Survivor regions: 5->4(38)
[198.291s][info][gc,heap     ] GC(415) Old regions: 37->37
[198.291s][info][gc,heap     ] GC(415) Humongous regions: 207->207
[198.291s][info][gc,metaspace] GC(415) Metaspace: 56667K(56960K)->56667K(56960K) NonClass: 51048K(51264K)->51048K(51264K) Class: 5619K(5696K)->5619K(5696K)
[198.291s][info][gc          ] GC(415) Pause Young (Mixed) (G1 Evacuation Pause) 544M->246M(581M) 7.561ms
[198.291s][info][gc,cpu      ] GC(415) User=0.02s Sys=0.00s Real=0.00s
[199.052s][info][gc,start    ] GC(416) Pause Young (Concurrent Start) (G1 Evacuation Pause)
[199.052s][info][gc,task     ] GC(416) Using 2 workers of 2 for evacuation
[199.055s][info][gc,phases   ] GC(416)   Pre Evacuate Collection Set: 0.30ms
[199.055s][info][gc,phases   ] GC(416)   Merge Heap Roots: 0.09ms
[199.055s][info][gc,phases   ] GC(416)   Evacuate Collection Set: 2.48ms
[199.055s][info][gc,phases   ] GC(416)   Post Evacuate Collection Set: 0.60ms
[199.055s][info][gc,phases   ] GC(416)   Other: 0.09ms
[199.055s][info][gc,heap     ] GC(416) Eden regions: 299->0(301)
[199.055s][info][gc,heap     ] GC(416) Survivor regions: 4->3(38)
[199.055s][info][gc,heap     ] GC(416) Old regions: 37->37
[199.055s][info][gc,heap     ] GC(416) Humongous regions: 207->207
[199.055s][info][gc,metaspace] GC(416) Metaspace: 56667K(56960K)->56667K(56960K) NonClass: 51048K(51264K)->51048K(51264K) Class: 5619K(5696K)->5619K(5696K)
[199.055s][info][gc          ] GC(416) Pause Young (Concurrent Start) (G1 Evacuation Pause) 545M->245M(581M) 3.714ms
[199.055s][info][gc,cpu      ] GC(416) User=0.01s Sys=0.00s Real=0.00s
[199.055s][info][gc          ] GC(417) Concurrent Mark Cycle
[199.055s][info][gc,marking  ] GC(417) Concurrent Scan Root Regions
[199.057s][info][gc,marking  ] GC(417) Concurrent Scan Root Regions 1.574ms
[199.057s][info][gc,marking  ] GC(417) Concurrent Mark
[199.057s][info][gc,marking  ] GC(417) Concurrent Mark From Roots
[199.057s][info][gc,task     ] GC(417) Using 1 workers of 1 for marking
[199.107s][info][gc,marking  ] GC(417) Concurrent Mark From Roots 50.185ms
[199.107s][info][gc,marking  ] GC(417) Concurrent Preclean
[199.107s][info][gc,marking  ] GC(417) Concurrent Preclean 0.064ms
[199.107s][info][gc,start    ] GC(417) Pause Remark
[199.116s][info][gc          ] GC(417) Pause Remark 278M->278M(581M) 8.638ms
[199.116s][info][gc,cpu      ] GC(417) User=0.01s Sys=0.00s Real=0.01s
[199.116s][info][gc,marking  ] GC(417) Concurrent Mark 59.350ms
[199.116s][info][gc,marking  ] GC(417) Concurrent Rebuild Remembered Sets and Scrub Regions
[199.134s][info][gc,marking  ] GC(417) Concurrent Rebuild Remembered Sets and Scrub Regions 17.835ms
[199.134s][info][gc,start    ] GC(417) Pause Cleanup
[199.134s][info][gc          ] GC(417) Pause Cleanup 283M->283M(581M) 0.080ms
[199.134s][info][gc,cpu      ] GC(417) User=0.00s Sys=0.00s Real=0.00s
[199.134s][info][gc,marking  ] GC(417) Concurrent Clear Claimed Marks
[199.135s][info][gc,marking  ] GC(417) Concurrent Clear Claimed Marks 0.086ms
[199.135s][info][gc,marking  ] GC(417) Concurrent Cleanup for Next Mark
[199.136s][info][gc,marking  ] GC(417) Concurrent Cleanup for Next Mark 1.710ms
[199.136s][info][gc          ] GC(417) Concurrent Mark Cycle 80.965ms
[199.767s][info][gc,start    ] GC(418) Pause Young (Prepare Mixed) (G1 Evacuation Pause)
[199.767s][info][gc,task     ] GC(418) Using 2 workers of 2 for evacuation
[199.772s][info][gc,phases   ] GC(418)   Pre Evacuate Collection Set: 0.26ms
[199.772s][info][gc,phases   ] GC(418)   Merge Heap Roots: 0.11ms
[199.772s][info][gc,phases   ] GC(418)   Evacuate Collection Set: 3.98ms
[199.772s][info][gc,phases   ] GC(418)   Post Evacuate Collection Set: 0.74ms
[199.772s][info][gc,phases   ] GC(418)   Other: 0.09ms
[199.772s][info][gc,heap     ] GC(418) Eden regions: 301->0(299)
[199.772s][info][gc,heap     ] GC(418) Survivor regions: 3->4(38)
[199.772s][info][gc,heap     ] GC(418) Old regions: 37->37
[199.772s][info][gc,heap     ] GC(418) Humongous regions: 207->207
[199.772s][info][gc,metaspace] GC(418) Metaspace: 56667K(56960K)->56667K(56960K) NonClass: 51048K(51264K)->51048K(51264K) Class: 5619K(5696K)->5619K(5696K)
[199.772s][info][gc          ] GC(418) Pause Young (Prepare Mixed) (G1 Evacuation Pause) 546M->246M(581M) 5.363ms
[199.772s][info][gc,cpu      ] GC(418) User=0.01s Sys=0.00s Real=0.01s
[200.485s][info][gc,start    ] GC(419) Pause Young (Mixed) (G1 Evacuation Pause)
[200.485s][info][gc,task     ] GC(419) Using 2 workers of 2 for evacuation
[200.493s][info][gc,phases   ] GC(419)   Pre Evacuate Collection Set: 0.32ms
[200.493s][info][gc,phases   ] GC(419)   Merge Heap Roots: 0.15ms
[200.493s][info][gc,phases   ] GC(419)   Evacuate Collection Set: 6.87ms
[200.493s][info][gc,phases   ] GC(419)   Post Evacuate Collection Set: 0.67ms
[200.493s][info][gc,phases   ] GC(419)   Other: 0.09ms
[200.493s][info][gc,heap     ] GC(419) Eden regions: 299->0(301)
[200.493s][info][gc,heap     ] GC(419) Survivor regions: 4->3(38)
[200.493s][info][gc,heap     ] GC(419) Old regions: 37->37
[200.493s][info][gc,heap     ] GC(419) Humongous regions: 207->207
[200.493s][info][gc,metaspace] GC(419) Metaspace: 56667K(56960K)->56667K(56960K) NonClass: 51048K(51264K)->51048K(51264K) Class: 5619K(5696K)->5619K(5696K)
[200.493s][info][gc          ] GC(419) Pause Young (Mixed) (G1 Evacuation Pause) 545M->246M(581M) 8.263ms
[200.493s][info][gc,cpu      ] GC(419) User=0.01s Sys=0.00s Real=0.01s
[201.257s][info][gc,start    ] GC(420) Pause Young (Concurrent Start) (G1 Evacuation Pause)
[201.257s][info][gc,task     ] GC(420) Using 2 workers of 2 for evacuation
[201.262s][info][gc,phases   ] GC(420)   Pre Evacuate Collection Set: 0.27ms
[201.262s][info][gc,phases   ] GC(420)   Merge Heap Roots: 0.10ms
[201.262s][info][gc,phases   ] GC(420)   Evacuate Collection Set: 3.23ms
[201.262s][info][gc,phases   ] GC(420)   Post Evacuate Collection Set: 0.59ms
[201.262s][info][gc,phases   ] GC(420)   Other: 0.09ms
[201.262s][info][gc,heap     ] GC(420) Eden regions: 301->0(301)
[201.262s][info][gc,heap     ] GC(420) Survivor regions: 3->3(38)
[201.262s][info][gc,heap     ] GC(420) Old regions: 37->37
[201.262s][info][gc,heap     ] GC(420) Humongous regions: 207->207
[201.262s][info][gc,metaspace] GC(420) Metaspace: 56667K(56960K)->56667K(56960K) NonClass: 51048K(51264K)->51048K(51264K) Class: 5619K(5696K)->5619K(5696K)
[201.262s][info][gc          ] GC(420) Pause Young (Concurrent Start) (G1 Evacuation Pause) 547M->245M(581M) 4.462ms
[201.262s][info][gc,cpu      ] GC(420) User=0.00s Sys=0.01s Real=0.01s
[201.262s][info][gc          ] GC(421) Concurrent Mark Cycle
[201.263s][info][gc,marking  ] GC(421) Concurrent Scan Root Regions
[201.268s][info][gc,marking  ] GC(421) Concurrent Scan Root Regions 5.194ms
[201.268s][info][gc,marking  ] GC(421) Concurrent Mark
[201.268s][info][gc,marking  ] GC(421) Concurrent Mark From Roots
[201.268s][info][gc,task     ] GC(421) Using 1 workers of 1 for marking
[201.324s][info][gc,marking  ] GC(421) Concurrent Mark From Roots 55.786ms
[201.324s][info][gc,marking  ] GC(421) Concurrent Preclean
[201.324s][info][gc,marking  ] GC(421) Concurrent Preclean 0.060ms
[201.324s][info][gc,start    ] GC(421) Pause Remark
[201.333s][info][gc          ] GC(421) Pause Remark 278M->278M(581M) 8.614ms
[201.333s][info][gc,cpu      ] GC(421) User=0.01s Sys=0.00s Real=0.01s
[201.333s][info][gc,marking  ] GC(421) Concurrent Mark 64.668ms
[201.333s][info][gc,marking  ] GC(421) Concurrent Rebuild Remembered Sets and Scrub Regions
[201.348s][info][gc,marking  ] GC(421) Concurrent Rebuild Remembered Sets and Scrub Regions 15.458ms
[201.349s][info][gc,start    ] GC(421) Pause Cleanup
[201.349s][info][gc          ] GC(421) Pause Cleanup 278M->278M(581M) 0.065ms
[201.349s][info][gc,cpu      ] GC(421) User=0.00s Sys=0.00s Real=0.00s
[201.349s][info][gc,marking  ] GC(421) Concurrent Clear Claimed Marks
[201.349s][info][gc,marking  ] GC(421) Concurrent Clear Claimed Marks 0.088ms
[201.349s][info][gc,marking  ] GC(421) Concurrent Cleanup for Next Mark
[201.350s][info][gc,marking  ] GC(421) Concurrent Cleanup for Next Mark 1.677ms
[201.350s][info][gc          ] GC(421) Concurrent Mark Cycle 88.638ms
[201.972s][info][gc,start    ] GC(422) Pause Young (Prepare Mixed) (G1 Evacuation Pause)
[201.972s][info][gc,task     ] GC(422) Using 2 workers of 2 for evacuation
[201.978s][info][gc,phases   ] GC(422)   Pre Evacuate Collection Set: 0.26ms
[201.978s][info][gc,phases   ] GC(422)   Merge Heap Roots: 0.11ms
[201.978s][info][gc,phases   ] GC(422)   Evacuate Collection Set: 4.58ms
[201.978s][info][gc,phases   ] GC(422)   Post Evacuate Collection Set: 0.59ms
[201.978s][info][gc,phases   ] GC(422)   Other: 0.07ms
[201.978s][info][gc,heap     ] GC(422) Eden regions: 301->0(299)
[201.978s][info][gc,heap     ] GC(422) Survivor regions: 3->4(38)
[201.978s][info][gc,heap     ] GC(422) Old regions: 37->37
[201.978s][info][gc,heap     ] GC(422) Humongous regions: 207->207
[201.978s][info][gc,metaspace] GC(422) Metaspace: 56667K(56960K)->56667K(56960K) NonClass: 51048K(51264K)->51048K(51264K) Class: 5619K(5696K)->5619K(5696K)
[201.978s][info][gc          ] GC(422) Pause Young (Prepare Mixed) (G1 Evacuation Pause) 546M->246M(581M) 5.774ms
[201.978s][info][gc,cpu      ] GC(422) User=0.01s Sys=0.00s Real=0.00s
[202.695s][info][gc,start    ] GC(423) Pause Young (Mixed) (G1 Evacuation Pause)
[202.695s][info][gc,task     ] GC(423) Using 2 workers of 2 for evacuation
[202.701s][info][gc,phases   ] GC(423)   Pre Evacuate Collection Set: 0.27ms
[202.701s][info][gc,phases   ] GC(423)   Merge Heap Roots: 0.11ms
[202.701s][info][gc,phases   ] GC(423)   Evacuate Collection Set: 4.67ms
[202.701s][info][gc,phases   ] GC(423)   Post Evacuate Collection Set: 0.66ms
[202.701s][info][gc,phases   ] GC(423)   Other: 0.09ms
[202.701s][info][gc,heap     ] GC(423) Eden regions: 299->0(301)
[202.701s][info][gc,heap     ] GC(423) Survivor regions: 4->3(38)
[202.701s][info][gc,heap     ] GC(423) Old regions: 37->37
[202.701s][info][gc,heap     ] GC(423) Humongous regions: 207->207
[202.701s][info][gc,metaspace] GC(423) Metaspace: 56667K(56960K)->56667K(56960K) NonClass: 51048K(51264K)->51048K(51264K) Class: 5619K(5696K)->5619K(5696K)
[202.701s][info][gc          ] GC(423) Pause Young (Mixed) (G1 Evacuation Pause) 545M->245M(581M) 5.971ms
[202.701s][info][gc,cpu      ] GC(423) User=0.01s Sys=0.00s Real=0.00s
[203.462s][info][gc,start    ] GC(424) Pause Young (Concurrent Start) (G1 Evacuation Pause)
[203.462s][info][gc,task     ] GC(424) Using 2 workers of 2 for evacuation
[203.466s][info][gc,phases   ] GC(424)   Pre Evacuate Collection Set: 0.29ms
[203.466s][info][gc,phases   ] GC(424)   Merge Heap Roots: 0.09ms
[203.466s][info][gc,phases   ] GC(424)   Evacuate Collection Set: 2.89ms
[203.466s][info][gc,phases   ] GC(424)   Post Evacuate Collection Set: 0.58ms
[203.466s][info][gc,phases   ] GC(424)   Other: 0.09ms
[203.466s][info][gc,heap     ] GC(424) Eden regions: 301->0(303)
[203.466s][info][gc,heap     ] GC(424) Survivor regions: 3->2(38)
[203.466s][info][gc,heap     ] GC(424) Old regions: 37->37
[203.466s][info][gc,heap     ] GC(424) Humongous regions: 207->207
[203.466s][info][gc,metaspace] GC(424) Metaspace: 56667K(56960K)->56667K(56960K) NonClass: 51048K(51264K)->51048K(51264K) Class: 5619K(5696K)->5619K(5696K)
[203.466s][info][gc          ] GC(424) Pause Young (Concurrent Start) (G1 Evacuation Pause) 546M->245M(581M) 4.113ms
[203.466s][info][gc          ] GC(425) Concurrent Mark Cycle
[203.466s][info][gc,marking  ] GC(425) Concurrent Scan Root Regions
[203.466s][info][gc,cpu      ] GC(424) User=0.00s Sys=0.00s Real=0.00s
[203.470s][info][gc,marking  ] GC(425) Concurrent Scan Root Regions 3.744ms
[203.470s][info][gc,marking  ] GC(425) Concurrent Mark
[203.470s][info][gc,marking  ] GC(425) Concurrent Mark From Roots
[203.470s][info][gc,task     ] GC(425) Using 1 workers of 1 for marking
[203.527s][info][gc,marking  ] GC(425) Concurrent Mark From Roots 56.954ms
[203.527s][info][gc,marking  ] GC(425) Concurrent Preclean
[203.527s][info][gc,marking  ] GC(425) Concurrent Preclean 0.066ms
[203.527s][info][gc,start    ] GC(425) Pause Remark
[203.546s][info][gc          ] GC(425) Pause Remark 265M->265M(581M) 19.190ms
[203.546s][info][gc,cpu      ] GC(425) User=0.02s Sys=0.00s Real=0.02s
[203.546s][info][gc,marking  ] GC(425) Concurrent Mark 76.470ms
[203.546s][info][gc,marking  ] GC(425) Concurrent Rebuild Remembered Sets and Scrub Regions
[203.566s][info][gc,marking  ] GC(425) Concurrent Rebuild Remembered Sets and Scrub Regions 19.132ms
[203.566s][info][gc,start    ] GC(425) Pause Cleanup
[203.566s][info][gc          ] GC(425) Pause Cleanup 265M->265M(581M) 0.059ms
[203.566s][info][gc,cpu      ] GC(425) User=0.00s Sys=0.00s Real=0.00s
[203.566s][info][gc,marking  ] GC(425) Concurrent Clear Claimed Marks
[203.566s][info][gc,marking  ] GC(425) Concurrent Clear Claimed Marks 0.082ms
[203.566s][info][gc,marking  ] GC(425) Concurrent Cleanup for Next Mark
[203.568s][info][gc,marking  ] GC(425) Concurrent Cleanup for Next Mark 1.742ms
[203.568s][info][gc          ] GC(425) Concurrent Mark Cycle 101.470ms
[204.382s][info][gc,start    ] GC(426) Pause Young (Prepare Mixed) (G1 Evacuation Pause)
[204.382s][info][gc,task     ] GC(426) Using 2 workers of 2 for evacuation
[204.393s][info][gc,phases   ] GC(426)   Pre Evacuate Collection Set: 0.32ms
[204.393s][info][gc,phases   ] GC(426)   Merge Heap Roots: 0.14ms
[204.393s][info][gc,phases   ] GC(426)   Evacuate Collection Set: 9.65ms
[204.393s][info][gc,phases   ] GC(426)   Post Evacuate Collection Set: 0.86ms
[204.393s][info][gc,phases   ] GC(426)   Other: 0.08ms
[204.393s][info][gc,heap     ] GC(426) Eden regions: 303->0(298)
[204.393s][info][gc,heap     ] GC(426) Survivor regions: 2->4(39)
[204.393s][info][gc,heap     ] GC(426) Old regions: 37->38
[204.393s][info][gc,heap     ] GC(426) Humongous regions: 207->207
[204.393s][info][gc,metaspace] GC(426) Metaspace: 56667K(56960K)->56667K(56960K) NonClass: 51048K(51264K)->51048K(51264K) Class: 5619K(5696K)->5619K(5696K)
[204.393s][info][gc          ] GC(426) Pause Young (Prepare Mixed) (G1 Evacuation Pause) 548M->247M(581M) 11.226ms
[204.393s][info][gc,cpu      ] GC(426) User=0.01s Sys=0.00s Real=0.01s
[205.152s][info][gc,start    ] GC(427) Pause Young (Mixed) (G1 Evacuation Pause)
[205.152s][info][gc,task     ] GC(427) Using 2 workers of 2 for evacuation
[205.162s][info][gc,phases   ] GC(427)   Pre Evacuate Collection Set: 0.29ms
[205.162s][info][gc,phases   ] GC(427)   Merge Heap Roots: 0.14ms
[205.162s][info][gc,phases   ] GC(427)   Evacuate Collection Set: 8.24ms
[205.162s][info][gc,phases   ] GC(427)   Post Evacuate Collection Set: 0.90ms
[205.162s][info][gc,phases   ] GC(427)   Other: 0.08ms
[205.162s][info][gc,heap     ] GC(427) Eden regions: 298->0(305)
[205.162s][info][gc,heap     ] GC(427) Survivor regions: 4->1(38)
[205.162s][info][gc,heap     ] GC(427) Old regions: 38->37
[205.162s][info][gc,heap     ] GC(427) Humongous regions: 207->207
[205.162s][info][gc,metaspace] GC(427) Metaspace: 56667K(56960K)->56667K(56960K) NonClass: 51048K(51264K)->51048K(51264K) Class: 5619K(5696K)->5619K(5696K)
[205.162s][info][gc          ] GC(427) Pause Young (Mixed) (G1 Evacuation Pause) 545M->244M(581M) 9.810ms
[205.162s][info][gc,cpu      ] GC(427) User=0.01s Sys=0.00s Real=0.01s
[205.873s][info][gc,start    ] GC(428) Pause Young (Concurrent Start) (G1 Evacuation Pause)
[205.873s][info][gc,task     ] GC(428) Using 2 workers of 2 for evacuation
[205.879s][info][gc,phases   ] GC(428)   Pre Evacuate Collection Set: 0.30ms
[205.879s][info][gc,phases   ] GC(428)   Merge Heap Roots: 0.11ms
[205.879s][info][gc,phases   ] GC(428)   Evacuate Collection Set: 4.65ms
[205.879s][info][gc,phases   ] GC(428)   Post Evacuate Collection Set: 0.57ms
[205.879s][info][gc,phases   ] GC(428)   Other: 0.09ms
[205.879s][info][gc,heap     ] GC(428) Eden regions: 305->0(299)
[205.879s][info][gc,heap     ] GC(428) Survivor regions: 1->4(39)
[205.879s][info][gc,heap     ] GC(428) Old regions: 37->37
[205.879s][info][gc,heap     ] GC(428) Humongous regions: 207->207
[205.879s][info][gc,metaspace] GC(428) Metaspace: 56667K(56960K)->56667K(56960K) NonClass: 51048K(51264K)->51048K(51264K) Class: 5619K(5696K)->5619K(5696K)
[205.879s][info][gc          ] GC(428) Pause Young (Concurrent Start) (G1 Evacuation Pause) 549M->247M(581M) 5.897ms
[205.879s][info][gc,cpu      ] GC(428) User=0.01s Sys=0.00s Real=0.00s
[205.879s][info][gc          ] GC(429) Concurrent Mark Cycle
[205.882s][info][gc,marking  ] GC(429) Concurrent Scan Root Regions
[205.887s][info][gc,marking  ] GC(429) Concurrent Scan Root Regions 4.736ms
[205.887s][info][gc,marking  ] GC(429) Concurrent Mark
[205.887s][info][gc,marking  ] GC(429) Concurrent Mark From Roots
[205.887s][info][gc,task     ] GC(429) Using 1 workers of 1 for marking
[205.929s][info][gc,marking  ] GC(429) Concurrent Mark From Roots 41.882ms
[205.929s][info][gc,marking  ] GC(429) Concurrent Preclean
[205.929s][info][gc,marking  ] GC(429) Concurrent Preclean 0.066ms
[205.929s][info][gc,start    ] GC(429) Pause Remark
[205.937s][info][gc          ] GC(429) Pause Remark 264M->264M(581M) 8.529ms
[205.937s][info][gc,cpu      ] GC(429) User=0.01s Sys=0.00s Real=0.01s
[205.938s][info][gc,marking  ] GC(429) Concurrent Mark 50.934ms
[205.938s][info][gc,marking  ] GC(429) Concurrent Rebuild Remembered Sets and Scrub Regions
[205.957s][info][gc,marking  ] GC(429) Concurrent Rebuild Remembered Sets and Scrub Regions 19.042ms
[205.957s][info][gc,start    ] GC(429) Pause Cleanup
[205.957s][info][gc          ] GC(429) Pause Cleanup 270M->270M(581M) 0.067ms
[205.957s][info][gc,cpu      ] GC(429) User=0.00s Sys=0.00s Real=0.00s
[205.957s][info][gc,marking  ] GC(429) Concurrent Clear Claimed Marks
[205.957s][info][gc,marking  ] GC(429) Concurrent Clear Claimed Marks 0.102ms
[205.957s][info][gc,marking  ] GC(429) Concurrent Cleanup for Next Mark
[205.961s][info][gc,marking  ] GC(429) Concurrent Cleanup for Next Mark 3.624ms
[205.961s][info][gc          ] GC(429) Concurrent Mark Cycle 82.155ms
[206.595s][info][gc,start    ] GC(430) Pause Young (Prepare Mixed) (G1 Evacuation Pause)
[206.595s][info][gc,task     ] GC(430) Using 2 workers of 2 for evacuation
[206.599s][info][gc,phases   ] GC(430)   Pre Evacuate Collection Set: 0.27ms
[206.599s][info][gc,phases   ] GC(430)   Merge Heap Roots: 0.13ms
[206.599s][info][gc,phases   ] GC(430)   Evacuate Collection Set: 2.90ms
[206.599s][info][gc,phases   ] GC(430)   Post Evacuate Collection Set: 0.59ms
[206.599s][info][gc,phases   ] GC(430)   Other: 0.12ms
[206.599s][info][gc,heap     ] GC(430) Eden regions: 299->0(302)
[206.599s][info][gc,heap     ] GC(430) Survivor regions: 4->2(38)
[206.599s][info][gc,heap     ] GC(430) Old regions: 37->38
[206.599s][info][gc,heap     ] GC(430) Humongous regions: 207->207
[206.599s][info][gc,metaspace] GC(430) Metaspace: 56667K(56960K)->56667K(56960K) NonClass: 51048K(51264K)->51048K(51264K) Class: 5619K(5696K)->5619K(5696K)
[206.599s][info][gc          ] GC(430) Pause Young (Prepare Mixed) (G1 Evacuation Pause) 546M->245M(581M) 4.177ms
[206.599s][info][gc,cpu      ] GC(430) User=0.01s Sys=0.00s Real=0.00s
[207.399s][info][gc,start    ] GC(431) Pause Young (Mixed) (G1 Evacuation Pause)
[207.399s][info][gc,task     ] GC(431) Using 2 workers of 2 for evacuation
[207.404s][info][gc,phases   ] GC(431)   Pre Evacuate Collection Set: 0.25ms
[207.404s][info][gc,phases   ] GC(431)   Merge Heap Roots: 0.10ms
[207.404s][info][gc,phases   ] GC(431)   Evacuate Collection Set: 3.98ms
[207.404s][info][gc,phases   ] GC(431)   Post Evacuate Collection Set: 0.61ms
[207.404s][info][gc,phases   ] GC(431)   Other: 0.07ms
[207.404s][info][gc,heap     ] GC(431) Eden regions: 302->0(301)
[207.404s][info][gc,heap     ] GC(431) Survivor regions: 2->3(38)
[207.404s][info][gc,heap     ] GC(431) Old regions: 38->37
[207.404s][info][gc,heap     ] GC(431) Humongous regions: 207->207
[207.404s][info][gc,metaspace] GC(431) Metaspace: 56667K(56960K)->56667K(56960K) NonClass: 51048K(51264K)->51048K(51264K) Class: 5619K(5696K)->5619K(5696K)
[207.404s][info][gc          ] GC(431) Pause Young (Mixed) (G1 Evacuation Pause) 547M->245M(581M) 5.184ms
[207.404s][info][gc,cpu      ] GC(431) User=0.01s Sys=0.00s Real=0.01s
[208.075s][info][gc,start    ] GC(432) Pause Young (Concurrent Start) (G1 Evacuation Pause)
[208.076s][info][gc,task     ] GC(432) Using 2 workers of 2 for evacuation
[208.081s][info][gc,phases   ] GC(432)   Pre Evacuate Collection Set: 0.29ms
[208.081s][info][gc,phases   ] GC(432)   Merge Heap Roots: 0.09ms
[208.081s][info][gc,phases   ] GC(432)   Evacuate Collection Set: 4.40ms
[208.081s][info][gc,phases   ] GC(432)   Post Evacuate Collection Set: 0.55ms
[208.081s][info][gc,phases   ] GC(432)   Other: 0.12ms
[208.081s][info][gc,heap     ] GC(432) Eden regions: 301->0(301)
[208.081s][info][gc,heap     ] GC(432) Survivor regions: 3->3(38)
[208.081s][info][gc,heap     ] GC(432) Old regions: 37->37
[208.081s][info][gc,heap     ] GC(432) Humongous regions: 207->207
[208.081s][info][gc,metaspace] GC(432) Metaspace: 56667K(56960K)->56667K(56960K) NonClass: 51048K(51264K)->51048K(51264K) Class: 5619K(5696K)->5619K(5696K)
[208.081s][info][gc          ] GC(432) Pause Young (Concurrent Start) (G1 Evacuation Pause) 546M->246M(581M) 5.624ms
[208.081s][info][gc          ] GC(433) Concurrent Mark Cycle
[208.081s][info][gc,marking  ] GC(433) Concurrent Scan Root Regions
[208.082s][info][gc,cpu      ] GC(432) User=0.02s Sys=0.00s Real=0.01s
[208.084s][info][gc,marking  ] GC(433) Concurrent Scan Root Regions 2.730ms
[208.084s][info][gc,marking  ] GC(433) Concurrent Mark
[208.084s][info][gc,marking  ] GC(433) Concurrent Mark From Roots
[208.084s][info][gc,task     ] GC(433) Using 1 workers of 1 for marking
[208.139s][info][gc,marking  ] GC(433) Concurrent Mark From Roots 55.058ms
[208.139s][info][gc,marking  ] GC(433) Concurrent Preclean
[208.139s][info][gc,marking  ] GC(433) Concurrent Preclean 0.058ms
[208.139s][info][gc,start    ] GC(433) Pause Remark
[208.148s][info][gc          ] GC(433) Pause Remark 265M->265M(581M) 8.850ms
[208.148s][info][gc,cpu      ] GC(433) User=0.02s Sys=0.00s Real=0.01s
[208.148s][info][gc,marking  ] GC(433) Concurrent Mark 64.409ms
[208.148s][info][gc,marking  ] GC(433) Concurrent Rebuild Remembered Sets and Scrub Regions
[208.187s][info][gc,marking  ] GC(433) Concurrent Rebuild Remembered Sets and Scrub Regions 38.822ms
[208.196s][info][gc,start    ] GC(433) Pause Cleanup
[208.196s][info][gc          ] GC(433) Pause Cleanup 287M->287M(581M) 0.096ms
[208.196s][info][gc,cpu      ] GC(433) User=0.00s Sys=0.00s Real=0.00s
[208.196s][info][gc,marking  ] GC(433) Concurrent Clear Claimed Marks
[208.196s][info][gc,marking  ] GC(433) Concurrent Clear Claimed Marks 0.109ms
[208.196s][info][gc,marking  ] GC(433) Concurrent Cleanup for Next Mark
[208.204s][info][gc,marking  ] GC(433) Concurrent Cleanup for Next Mark 8.051ms
[208.205s][info][gc          ] GC(433) Concurrent Mark Cycle 123.384ms
[208.795s][info][gc,start    ] GC(434) Pause Young (Prepare Mixed) (G1 Evacuation Pause)
[208.795s][info][gc,task     ] GC(434) Using 2 workers of 2 for evacuation
[208.798s][info][gc,phases   ] GC(434)   Pre Evacuate Collection Set: 0.26ms
[208.798s][info][gc,phases   ] GC(434)   Merge Heap Roots: 0.11ms
[208.798s][info][gc,phases   ] GC(434)   Evacuate Collection Set: 2.40ms
[208.798s][info][gc,phases   ] GC(434)   Post Evacuate Collection Set: 0.60ms
[208.798s][info][gc,phases   ] GC(434)   Other: 0.13ms
[208.798s][info][gc,heap     ] GC(434) Eden regions: 301->0(305)
[208.798s][info][gc,heap     ] GC(434) Survivor regions: 3->1(38)
[208.798s][info][gc,heap     ] GC(434) Old regions: 37->37
[208.798s][info][gc,heap     ] GC(434) Humongous regions: 207->207
[208.798s][info][gc,metaspace] GC(434) Metaspace: 56667K(56960K)->56667K(56960K) NonClass: 51048K(51264K)->51048K(51264K) Class: 5619K(5696K)->5619K(5696K)
[208.798s][info][gc          ] GC(434) Pause Young (Prepare Mixed) (G1 Evacuation Pause) 547M->244M(581M) 3.675ms
[208.798s][info][gc,cpu      ] GC(434) User=0.00s Sys=0.00s Real=0.00s
[209.568s][info][gc,start    ] GC(435) Pause Young (Mixed) (G1 Evacuation Pause)
[209.568s][info][gc,task     ] GC(435) Using 2 workers of 2 for evacuation
[209.575s][info][gc,phases   ] GC(435)   Pre Evacuate Collection Set: 0.24ms
[209.575s][info][gc,phases   ] GC(435)   Merge Heap Roots: 0.11ms
[209.575s][info][gc,phases   ] GC(435)   Evacuate Collection Set: 6.13ms
[209.575s][info][gc,phases   ] GC(435)   Post Evacuate Collection Set: 0.60ms
[209.575s][info][gc,phases   ] GC(435)   Other: 0.07ms
[209.575s][info][gc,heap     ] GC(435) Eden regions: 305->0(301)
[209.575s][info][gc,heap     ] GC(435) Survivor regions: 1->3(39)
[209.575s][info][gc,heap     ] GC(435) Old regions: 37->37
[209.575s][info][gc,heap     ] GC(435) Humongous regions: 207->207
[209.575s][info][gc,metaspace] GC(435) Metaspace: 56667K(56960K)->56667K(56960K) NonClass: 51048K(51264K)->51048K(51264K) Class: 5619K(5696K)->5619K(5696K)
[209.575s][info][gc          ] GC(435) Pause Young (Mixed) (G1 Evacuation Pause) 549M->246M(581M) 7.343ms
[209.576s][info][gc,cpu      ] GC(435) User=0.01s Sys=0.00s Real=0.01s
[210.284s][info][gc,start    ] GC(436) Pause Young (Concurrent Start) (G1 Evacuation Pause)
[210.284s][info][gc,task     ] GC(436) Using 2 workers of 2 for evacuation
[210.288s][info][gc,phases   ] GC(436)   Pre Evacuate Collection Set: 0.31ms
[210.288s][info][gc,phases   ] GC(436)   Merge Heap Roots: 0.12ms
[210.288s][info][gc,phases   ] GC(436)   Evacuate Collection Set: 3.50ms
[210.288s][info][gc,phases   ] GC(436)   Post Evacuate Collection Set: 0.58ms
[210.288s][info][gc,phases   ] GC(436)   Other: 0.10ms
[210.288s][info][gc,heap     ] GC(436) Eden regions: 301->0(303)
[210.288s][info][gc,heap     ] GC(436) Survivor regions: 3->2(38)
[210.288s][info][gc,heap     ] GC(436) Old regions: 37->37
[210.288s][info][gc,heap     ] GC(436) Humongous regions: 207->207
[210.288s][info][gc,metaspace] GC(436) Metaspace: 56667K(56960K)->56667K(56960K) NonClass: 51048K(51264K)->51048K(51264K) Class: 5619K(5696K)->5619K(5696K)
[210.288s][info][gc          ] GC(436) Pause Young (Concurrent Start) (G1 Evacuation Pause) 547M->245M(581M) 4.777ms
[210.288s][info][gc,cpu      ] GC(436) User=0.01s Sys=0.00s Real=0.00s
[210.288s][info][gc          ] GC(437) Concurrent Mark Cycle
[210.289s][info][gc,marking  ] GC(437) Concurrent Scan Root Regions
[210.293s][info][gc,marking  ] GC(437) Concurrent Scan Root Regions 4.600ms
[210.293s][info][gc,marking  ] GC(437) Concurrent Mark
[210.293s][info][gc,marking  ] GC(437) Concurrent Mark From Roots
[210.293s][info][gc,task     ] GC(437) Using 1 workers of 1 for marking
[210.336s][info][gc,marking  ] GC(437) Concurrent Mark From Roots 42.596ms
[210.336s][info][gc,marking  ] GC(437) Concurrent Preclean
[210.336s][info][gc,marking  ] GC(437) Concurrent Preclean 0.060ms
[210.336s][info][gc,start    ] GC(437) Pause Remark
[210.345s][info][gc          ] GC(437) Pause Remark 253M->253M(581M) 8.703ms
[210.345s][info][gc,cpu      ] GC(437) User=0.02s Sys=0.00s Real=0.01s
[210.345s][info][gc,marking  ] GC(437) Concurrent Mark 51.824ms
[210.345s][info][gc,marking  ] GC(437) Concurrent Rebuild Remembered Sets and Scrub Regions
[210.370s][info][gc,marking  ] GC(437) Concurrent Rebuild Remembered Sets and Scrub Regions 24.681ms
[210.370s][info][gc,start    ] GC(437) Pause Cleanup
[210.370s][info][gc          ] GC(437) Pause Cleanup 269M->269M(581M) 0.096ms
[210.370s][info][gc,cpu      ] GC(437) User=0.00s Sys=0.00s Real=0.00s
[210.370s][info][gc,marking  ] GC(437) Concurrent Clear Claimed Marks
[210.370s][info][gc,marking  ] GC(437) Concurrent Clear Claimed Marks 0.097ms
[210.370s][info][gc,marking  ] GC(437) Concurrent Cleanup for Next Mark
[210.374s][info][gc,marking  ] GC(437) Concurrent Cleanup for Next Mark 3.825ms
[210.374s][info][gc          ] GC(437) Concurrent Mark Cycle 85.841ms
[211.062s][info][gc,start    ] GC(438) Pause Young (Prepare Mixed) (G1 Evacuation Pause)
[211.062s][info][gc,task     ] GC(438) Using 2 workers of 2 for evacuation
[211.067s][info][gc,phases   ] GC(438)   Pre Evacuate Collection Set: 0.25ms
[211.067s][info][gc,phases   ] GC(438)   Merge Heap Roots: 0.13ms
[211.067s][info][gc,phases   ] GC(438)   Evacuate Collection Set: 3.38ms
[211.067s][info][gc,phases   ] GC(438)   Post Evacuate Collection Set: 0.58ms
[211.067s][info][gc,phases   ] GC(438)   Other: 0.07ms
[211.067s][info][gc,heap     ] GC(438) Eden regions: 303->0(301)
[211.067s][info][gc,heap     ] GC(438) Survivor regions: 2->3(39)
[211.067s][info][gc,heap     ] GC(438) Old regions: 37->37
[211.067s][info][gc,heap     ] GC(438) Humongous regions: 207->207
[211.067s][info][gc,metaspace] GC(438) Metaspace: 56667K(56960K)->56667K(56960K) NonClass: 51048K(51264K)->51048K(51264K) Class: 5619K(5696K)->5619K(5696K)
[211.067s][info][gc          ] GC(438) Pause Young (Prepare Mixed) (G1 Evacuation Pause) 548M->246M(581M) 4.599ms
[211.067s][info][gc,cpu      ] GC(438) User=0.01s Sys=0.01s Real=0.00s
[211.774s][info][gc,start    ] GC(439) Pause Young (Mixed) (G1 Evacuation Pause)
[211.774s][info][gc,task     ] GC(439) Using 2 workers of 2 for evacuation
[211.782s][info][gc,phases   ] GC(439)   Pre Evacuate Collection Set: 0.26ms
[211.782s][info][gc,phases   ] GC(439)   Merge Heap Roots: 0.11ms
[211.782s][info][gc,phases   ] GC(439)   Evacuate Collection Set: 6.36ms
[211.782s][info][gc,phases   ] GC(439)   Post Evacuate Collection Set: 0.61ms
[211.782s][info][gc,phases   ] GC(439)   Other: 0.08ms
[211.782s][info][gc,heap     ] GC(439) Eden regions: 301->0(301)
[211.782s][info][gc,heap     ] GC(439) Survivor regions: 3->3(38)
[211.782s][info][gc,heap     ] GC(439) Old regions: 37->37
[211.782s][info][gc,heap     ] GC(439) Humongous regions: 207->207
[211.782s][info][gc,metaspace] GC(439) Metaspace: 56667K(56960K)->56667K(56960K) NonClass: 51048K(51264K)->51048K(51264K) Class: 5619K(5696K)->5619K(5696K)
[211.782s][info][gc          ] GC(439) Pause Young (Mixed) (G1 Evacuation Pause) 546M->246M(581M) 7.596ms
[211.782s][info][gc,cpu      ] GC(439) User=0.02s Sys=0.00s Real=0.01s
[212.497s][info][gc,start    ] GC(440) Pause Young (Concurrent Start) (G1 Evacuation Pause)
[212.497s][info][gc,task     ] GC(440) Using 2 workers of 2 for evacuation
[212.501s][info][gc,phases   ] GC(440)   Pre Evacuate Collection Set: 0.29ms
[212.501s][info][gc,phases   ] GC(440)   Merge Heap Roots: 0.10ms
[212.501s][info][gc,phases   ] GC(440)   Evacuate Collection Set: 2.84ms
[212.501s][info][gc,phases   ] GC(440)   Post Evacuate Collection Set: 0.74ms
[212.501s][info][gc,phases   ] GC(440)   Other: 0.12ms
[212.501s][info][gc,heap     ] GC(440) Eden regions: 301->0(303)
[212.501s][info][gc,heap     ] GC(440) Survivor regions: 3->2(38)
[212.501s][info][gc,heap     ] GC(440) Old regions: 37->37
[212.501s][info][gc,heap     ] GC(440) Humongous regions: 207->207
[212.501s][info][gc,metaspace] GC(440) Metaspace: 56667K(56960K)->56667K(56960K) NonClass: 51048K(51264K)->51048K(51264K) Class: 5619K(5696K)->5619K(5696K)
[212.501s][info][gc          ] GC(440) Pause Young (Concurrent Start) (G1 Evacuation Pause) 547M->245M(581M) 4.267ms
[212.501s][info][gc,cpu      ] GC(440) User=0.00s Sys=0.00s Real=0.01s
[212.501s][info][gc          ] GC(441) Concurrent Mark Cycle
[212.501s][info][gc,marking  ] GC(441) Concurrent Scan Root Regions
[212.504s][info][gc,marking  ] GC(441) Concurrent Scan Root Regions 2.485ms
[212.504s][info][gc,marking  ] GC(441) Concurrent Mark
[212.504s][info][gc,marking  ] GC(441) Concurrent Mark From Roots
[212.504s][info][gc,task     ] GC(441) Using 1 workers of 1 for marking
[212.543s][info][gc,marking  ] GC(441) Concurrent Mark From Roots 39.696ms
[212.543s][info][gc,marking  ] GC(441) Concurrent Preclean
[212.544s][info][gc,marking  ] GC(441) Concurrent Preclean 0.059ms
[212.544s][info][gc,start    ] GC(441) Pause Remark
[212.552s][info][gc          ] GC(441) Pause Remark 249M->249M(581M) 8.612ms
[212.552s][info][gc,cpu      ] GC(441) User=0.02s Sys=0.00s Real=0.01s
[212.554s][info][gc,marking  ] GC(441) Concurrent Mark 49.855ms
[212.554s][info][gc,marking  ] GC(441) Concurrent Rebuild Remembered Sets and Scrub Regions
[212.579s][info][gc,marking  ] GC(441) Concurrent Rebuild Remembered Sets and Scrub Regions 24.977ms
[212.579s][info][gc,start    ] GC(441) Pause Cleanup
[212.579s][info][gc          ] GC(441) Pause Cleanup 267M->267M(581M) 0.064ms
[212.579s][info][gc,cpu      ] GC(441) User=0.00s Sys=0.00s Real=0.00s
[212.579s][info][gc,marking  ] GC(441) Concurrent Clear Claimed Marks
[212.579s][info][gc,marking  ] GC(441) Concurrent Clear Claimed Marks 0.082ms
[212.579s][info][gc,marking  ] GC(441) Concurrent Cleanup for Next Mark
[212.581s][info][gc,marking  ] GC(441) Concurrent Cleanup for Next Mark 1.681ms
[212.581s][info][gc          ] GC(441) Concurrent Mark Cycle 79.505ms
[213.267s][info][gc,start    ] GC(442) Pause Young (Prepare Mixed) (G1 Evacuation Pause)
[213.267s][info][gc,task     ] GC(442) Using 2 workers of 2 for evacuation
[213.272s][info][gc,phases   ] GC(442)   Pre Evacuate Collection Set: 0.25ms
[213.272s][info][gc,phases   ] GC(442)   Merge Heap Roots: 0.13ms
[213.272s][info][gc,phases   ] GC(442)   Evacuate Collection Set: 4.09ms
[213.272s][info][gc,phases   ] GC(442)   Post Evacuate Collection Set: 0.55ms
[213.272s][info][gc,phases   ] GC(442)   Other: 0.07ms
[213.272s][info][gc,heap     ] GC(442) Eden regions: 303->0(299)
[213.272s][info][gc,heap     ] GC(442) Survivor regions: 2->4(39)
[213.272s][info][gc,heap     ] GC(442) Old regions: 37->37
[213.272s][info][gc,heap     ] GC(442) Humongous regions: 207->207
[213.272s][info][gc,metaspace] GC(442) Metaspace: 56668K(56960K)->56668K(56960K) NonClass: 51049K(51264K)->51049K(51264K) Class: 5619K(5696K)->5619K(5696K)
[213.272s][info][gc          ] GC(442) Pause Young (Prepare Mixed) (G1 Evacuation Pause) 548M->247M(581M) 5.264ms
[213.272s][info][gc,cpu      ] GC(442) User=0.01s Sys=0.00s Real=0.01s
[213.975s][info][gc,start    ] GC(443) Pause Young (Mixed) (G1 Evacuation Pause)
[213.975s][info][gc,task     ] GC(443) Using 2 workers of 2 for evacuation
[213.982s][info][gc,phases   ] GC(443)   Pre Evacuate Collection Set: 0.26ms
[213.982s][info][gc,phases   ] GC(443)   Merge Heap Roots: 0.13ms
[213.982s][info][gc,phases   ] GC(443)   Evacuate Collection Set: 6.44ms
[213.982s][info][gc,phases   ] GC(443)   Post Evacuate Collection Set: 0.63ms
[213.982s][info][gc,phases   ] GC(443)   Other: 0.07ms
[213.982s][info][gc,heap     ] GC(443) Eden regions: 299->0(299)
[213.982s][info][gc,heap     ] GC(443) Survivor regions: 4->4(38)
[213.982s][info][gc,heap     ] GC(443) Old regions: 37->37
[213.982s][info][gc,heap     ] GC(443) Humongous regions: 207->207
[213.982s][info][gc,metaspace] GC(443) Metaspace: 56668K(56960K)->56668K(56960K) NonClass: 51049K(51264K)->51049K(51264K) Class: 5619K(5696K)->5619K(5696K)
[213.982s][info][gc          ] GC(443) Pause Young (Mixed) (G1 Evacuation Pause) 546M->247M(581M) 7.703ms
[213.982s][info][gc,cpu      ] GC(443) User=0.01s Sys=0.00s Real=0.01s
[214.754s][info][gc,start    ] GC(444) Pause Young (Concurrent Start) (G1 Evacuation Pause)
[214.754s][info][gc,task     ] GC(444) Using 2 workers of 2 for evacuation
[214.758s][info][gc,phases   ] GC(444)   Pre Evacuate Collection Set: 0.29ms
[214.758s][info][gc,phases   ] GC(444)   Merge Heap Roots: 0.10ms
[214.758s][info][gc,phases   ] GC(444)   Evacuate Collection Set: 3.08ms
[214.758s][info][gc,phases   ] GC(444)   Post Evacuate Collection Set: 0.58ms
[214.758s][info][gc,phases   ] GC(444)   Other: 0.10ms
[214.758s][info][gc,heap     ] GC(444) Eden regions: 299->0(303)
[214.758s][info][gc,heap     ] GC(444) Survivor regions: 4->2(38)
[214.758s][info][gc,heap     ] GC(444) Old regions: 37->37
[214.758s][info][gc,heap     ] GC(444) Humongous regions: 207->207
[214.758s][info][gc,metaspace] GC(444) Metaspace: 56668K(56960K)->56668K(56960K) NonClass: 51049K(51264K)->51049K(51264K) Class: 5619K(5696K)->5619K(5696K)
[214.758s][info][gc          ] GC(444) Pause Young (Concurrent Start) (G1 Evacuation Pause) 546M->245M(581M) 4.316ms
[214.758s][info][gc          ] GC(445) Concurrent Mark Cycle
[214.758s][info][gc,marking  ] GC(445) Concurrent Scan Root Regions
[214.760s][info][gc,cpu      ] GC(444) User=0.01s Sys=0.00s Real=0.00s
[214.764s][info][gc,marking  ] GC(445) Concurrent Scan Root Regions 5.421ms
[214.764s][info][gc,marking  ] GC(445) Concurrent Mark
[214.764s][info][gc,marking  ] GC(445) Concurrent Mark From Roots
[214.764s][info][gc,task     ] GC(445) Using 1 workers of 1 for marking
[214.813s][info][gc,marking  ] GC(445) Concurrent Mark From Roots 48.902ms
[214.813s][info][gc,marking  ] GC(445) Concurrent Preclean
[214.813s][info][gc,marking  ] GC(445) Concurrent Preclean 0.092ms
[214.813s][info][gc,start    ] GC(445) Pause Remark
[214.822s][info][gc          ] GC(445) Pause Remark 279M->279M(581M) 8.797ms
[214.822s][info][gc,cpu      ] GC(445) User=0.02s Sys=0.00s Real=0.01s
[214.823s][info][gc,marking  ] GC(445) Concurrent Mark 59.247ms
[214.823s][info][gc,marking  ] GC(445) Concurrent Rebuild Remembered Sets and Scrub Regions
[214.839s][info][gc,marking  ] GC(445) Concurrent Rebuild Remembered Sets and Scrub Regions 15.632ms
[214.839s][info][gc,start    ] GC(445) Pause Cleanup
[214.839s][info][gc          ] GC(445) Pause Cleanup 280M->280M(581M) 0.048ms
[214.839s][info][gc,cpu      ] GC(445) User=0.00s Sys=0.00s Real=0.00s
[214.839s][info][gc,marking  ] GC(445) Concurrent Clear Claimed Marks
[214.839s][info][gc,marking  ] GC(445) Concurrent Clear Claimed Marks 0.077ms
[214.839s][info][gc,marking  ] GC(445) Concurrent Cleanup for Next Mark
[214.841s][info][gc,marking  ] GC(445) Concurrent Cleanup for Next Mark 1.684ms
[214.841s][info][gc          ] GC(445) Concurrent Mark Cycle 82.309ms
[215.472s][info][gc,start    ] GC(446) Pause Young (Prepare Mixed) (G1 Evacuation Pause)
[215.472s][info][gc,task     ] GC(446) Using 2 workers of 2 for evacuation
[215.477s][info][gc,phases   ] GC(446)   Pre Evacuate Collection Set: 0.28ms
[215.477s][info][gc,phases   ] GC(446)   Merge Heap Roots: 0.11ms
[215.477s][info][gc,phases   ] GC(446)   Evacuate Collection Set: 3.88ms
[215.477s][info][gc,phases   ] GC(446)   Post Evacuate Collection Set: 0.57ms
[215.477s][info][gc,phases   ] GC(446)   Other: 0.08ms
[215.477s][info][gc,heap     ] GC(446) Eden regions: 303->0(301)
[215.477s][info][gc,heap     ] GC(446) Survivor regions: 2->3(39)
[215.477s][info][gc,heap     ] GC(446) Old regions: 37->37
[215.477s][info][gc,heap     ] GC(446) Humongous regions: 207->207
[215.477s][info][gc,metaspace] GC(446) Metaspace: 56668K(56960K)->56668K(56960K) NonClass: 51049K(51264K)->51049K(51264K) Class: 5619K(5696K)->5619K(5696K)
[215.477s][info][gc          ] GC(446) Pause Young (Prepare Mixed) (G1 Evacuation Pause) 548M->246M(581M) 5.093ms
[215.477s][info][gc,cpu      ] GC(446) User=0.01s Sys=0.00s Real=0.00s
[216.201s][info][gc,start    ] GC(447) Pause Young (Mixed) (G1 Evacuation Pause)
[216.201s][info][gc,task     ] GC(447) Using 2 workers of 2 for evacuation
[216.206s][info][gc,phases   ] GC(447)   Pre Evacuate Collection Set: 0.25ms
[216.206s][info][gc,phases   ] GC(447)   Merge Heap Roots: 0.11ms
[216.206s][info][gc,phases   ] GC(447)   Evacuate Collection Set: 3.45ms
[216.206s][info][gc,phases   ] GC(447)   Post Evacuate Collection Set: 0.61ms
[216.206s][info][gc,phases   ] GC(447)   Other: 0.09ms
[216.206s][info][gc,heap     ] GC(447) Eden regions: 301->0(305)
[216.206s][info][gc,heap     ] GC(447) Survivor regions: 3->1(38)
[216.206s][info][gc,heap     ] GC(447) Old regions: 37->37
[216.206s][info][gc,heap     ] GC(447) Humongous regions: 207->207
[216.206s][info][gc,metaspace] GC(447) Metaspace: 56668K(56960K)->56668K(56960K) NonClass: 51049K(51264K)->51049K(51264K) Class: 5619K(5696K)->5619K(5696K)
[216.206s][info][gc          ] GC(447) Pause Young (Mixed) (G1 Evacuation Pause) 547M->244M(581M) 4.675ms
[216.206s][info][gc,cpu      ] GC(447) User=0.01s Sys=0.00s Real=0.00s
[216.969s][info][gc,start    ] GC(448) Pause Young (Concurrent Start) (G1 Evacuation Pause)
[216.970s][info][gc,task     ] GC(448) Using 2 workers of 2 for evacuation
[216.975s][info][gc,phases   ] GC(448)   Pre Evacuate Collection Set: 0.29ms
[216.975s][info][gc,phases   ] GC(448)   Merge Heap Roots: 0.12ms
[216.975s][info][gc,phases   ] GC(448)   Evacuate Collection Set: 4.05ms
[216.975s][info][gc,phases   ] GC(448)   Post Evacuate Collection Set: 0.58ms
[216.975s][info][gc,phases   ] GC(448)   Other: 0.10ms
[216.975s][info][gc,heap     ] GC(448) Eden regions: 305->0(301)
[216.975s][info][gc,heap     ] GC(448) Survivor regions: 1->3(39)
[216.975s][info][gc,heap     ] GC(448) Old regions: 37->37
[216.975s][info][gc,heap     ] GC(448) Humongous regions: 207->207
[216.975s][info][gc,metaspace] GC(448) Metaspace: 56668K(56960K)->56668K(56960K) NonClass: 51049K(51264K)->51049K(51264K) Class: 5619K(5696K)->5619K(5696K)
[216.975s][info][gc          ] GC(448) Pause Young (Concurrent Start) (G1 Evacuation Pause) 549M->246M(581M) 5.339ms
[216.975s][info][gc,cpu      ] GC(448) User=0.01s Sys=0.00s Real=0.01s
[216.975s][info][gc          ] GC(449) Concurrent Mark Cycle
[216.975s][info][gc,marking  ] GC(449) Concurrent Scan Root Regions
[216.977s][info][gc,marking  ] GC(449) Concurrent Scan Root Regions 2.484ms
[216.977s][info][gc,marking  ] GC(449) Concurrent Mark
[216.977s][info][gc,marking  ] GC(449) Concurrent Mark From Roots
[216.977s][info][gc,task     ] GC(449) Using 1 workers of 1 for marking
[217.031s][info][gc,marking  ] GC(449) Concurrent Mark From Roots 53.682ms
[217.031s][info][gc,marking  ] GC(449) Concurrent Preclean
[217.031s][info][gc,marking  ] GC(449) Concurrent Preclean 0.099ms
[217.031s][info][gc,start    ] GC(449) Pause Remark
[217.040s][info][gc          ] GC(449) Pause Remark 271M->271M(581M) 8.788ms
[217.040s][info][gc,cpu      ] GC(449) User=0.01s Sys=0.00s Real=0.00s
[217.040s][info][gc,marking  ] GC(449) Concurrent Mark 62.909ms
[217.040s][info][gc,marking  ] GC(449) Concurrent Rebuild Remembered Sets and Scrub Regions
[217.062s][info][gc,marking  ] GC(449) Concurrent Rebuild Remembered Sets and Scrub Regions 21.513ms
[217.062s][info][gc,start    ] GC(449) Pause Cleanup
[217.062s][info][gc          ] GC(449) Pause Cleanup 281M->281M(581M) 0.066ms
[217.062s][info][gc,cpu      ] GC(449) User=0.00s Sys=0.00s Real=0.00s
[217.062s][info][gc,marking  ] GC(449) Concurrent Clear Claimed Marks
[217.062s][info][gc,marking  ] GC(449) Concurrent Clear Claimed Marks 0.094ms
[217.062s][info][gc,marking  ] GC(449) Concurrent Cleanup for Next Mark
[217.064s][info][gc,marking  ] GC(449) Concurrent Cleanup for Next Mark 1.986ms
[217.064s][info][gc          ] GC(449) Concurrent Mark Cycle 89.546ms
[217.688s][info][gc,start    ] GC(450) Pause Young (Prepare Mixed) (G1 Evacuation Pause)
[217.688s][info][gc,task     ] GC(450) Using 2 workers of 2 for evacuation
[217.693s][info][gc,phases   ] GC(450)   Pre Evacuate Collection Set: 0.25ms
[217.693s][info][gc,phases   ] GC(450)   Merge Heap Roots: 0.11ms
[217.693s][info][gc,phases   ] GC(450)   Evacuate Collection Set: 3.94ms
[217.693s][info][gc,phases   ] GC(450)   Post Evacuate Collection Set: 0.60ms
[217.693s][info][gc,phases   ] GC(450)   Other: 0.08ms
[217.693s][info][gc,heap     ] GC(450) Eden regions: 301->0(301)
[217.693s][info][gc,heap     ] GC(450) Survivor regions: 3->3(38)
[217.693s][info][gc,heap     ] GC(450) Old regions: 37->37
[217.693s][info][gc,heap     ] GC(450) Humongous regions: 207->207
[217.693s][info][gc,metaspace] GC(450) Metaspace: 56668K(56960K)->56668K(56960K) NonClass: 51049K(51264K)->51049K(51264K) Class: 5619K(5696K)->5619K(5696K)
[217.693s][info][gc          ] GC(450) Pause Young (Prepare Mixed) (G1 Evacuation Pause) 547M->246M(581M) 5.156ms
[217.693s][info][gc,cpu      ] GC(450) User=0.01s Sys=0.00s Real=0.01s
[220.622s][info][gc,start    ] GC(451) Pause Young (Mixed) (G1 Evacuation Pause)
[220.622s][info][gc,task     ] GC(451) Using 2 workers of 2 for evacuation
[220.631s][info][gc,phases   ] GC(451)   Pre Evacuate Collection Set: 0.29ms
[220.631s][info][gc,phases   ] GC(451)   Merge Heap Roots: 0.40ms
[220.631s][info][gc,phases   ] GC(451)   Evacuate Collection Set: 7.65ms
[220.631s][info][gc,phases   ] GC(451)   Post Evacuate Collection Set: 0.70ms
[220.631s][info][gc,phases   ] GC(451)   Other: 0.08ms
[220.631s][info][gc,heap     ] GC(451) Eden regions: 256->0(379)
[220.631s][info][gc,heap     ] GC(451) Survivor regions: 3->3(38)
[220.631s][info][gc,heap     ] GC(451) Old regions: 37->37
[220.631s][info][gc,heap     ] GC(451) Humongous regions: 363->207
[220.631s][info][gc,metaspace] GC(451) Metaspace: 56861K(57152K)->56861K(57152K) NonClass: 51242K(51456K)->51242K(51456K) Class: 5619K(5696K)->5619K(5696K)
[220.631s][info][gc          ] GC(451) Pause Young (Mixed) (G1 Evacuation Pause) 658M->245M(663M) 9.291ms
[220.631s][info][gc,cpu      ] GC(451) User=0.02s Sys=0.00s Real=0.00s
[221.484s][info][gc,start    ] GC(452) Pause Young (Normal) (G1 Evacuation Pause)
[221.485s][info][gc,task     ] GC(452) Using 2 workers of 2 for evacuation
[221.493s][info][gc,phases   ] GC(452)   Pre Evacuate Collection Set: 0.29ms
[221.493s][info][gc,phases   ] GC(452)   Merge Heap Roots: 0.12ms
[221.493s][info][gc,phases   ] GC(452)   Evacuate Collection Set: 6.88ms
[221.493s][info][gc,phases   ] GC(452)   Post Evacuate Collection Set: 0.70ms
[221.493s][info][gc,phases   ] GC(452)   Other: 0.12ms
[221.493s][info][gc,heap     ] GC(452) Eden regions: 379->0(349)
[221.493s][info][gc,heap     ] GC(452) Survivor regions: 3->14(48)
[221.493s][info][gc,heap     ] GC(452) Old regions: 37->37
[221.493s][info][gc,heap     ] GC(452) Humongous regions: 207->207
[221.493s][info][gc,metaspace] GC(452) Metaspace: 56875K(57216K)->56875K(57216K) NonClass: 51256K(51520K)->51256K(51520K) Class: 5619K(5696K)->5619K(5696K)
[221.493s][info][gc          ] GC(452) Pause Young (Normal) (G1 Evacuation Pause) 624M->257M(663M) 8.311ms
[221.493s][info][gc,cpu      ] GC(452) User=0.01s Sys=0.00s Real=0.01s
[222.364s][info][gc,start    ] GC(453) Pause Young (Normal) (G1 Evacuation Pause)
[222.364s][info][gc,task     ] GC(453) Using 2 workers of 2 for evacuation
[222.373s][info][gc,phases   ] GC(453)   Pre Evacuate Collection Set: 0.42ms
[222.373s][info][gc,phases   ] GC(453)   Merge Heap Roots: 0.20ms
[222.373s][info][gc,phases   ] GC(453)   Evacuate Collection Set: 7.70ms
[222.373s][info][gc,phases   ] GC(453)   Post Evacuate Collection Set: 1.06ms
[222.373s][info][gc,phases   ] GC(453)   Other: 0.08ms
[222.373s][info][gc,heap     ] GC(453) Eden regions: 349->0(355)
[222.373s][info][gc,heap     ] GC(453) Survivor regions: 14->15(46)
[222.373s][info][gc,heap     ] GC(453) Old regions: 37->37
[222.373s][info][gc,heap     ] GC(453) Humongous regions: 207->207
[222.373s][info][gc,metaspace] GC(453) Metaspace: 56875K(57216K)->56875K(57216K) NonClass: 51256K(51520K)->51256K(51520K) Class: 5619K(5696K)->5619K(5696K)
[222.373s][info][gc          ] GC(453) Pause Young (Normal) (G1 Evacuation Pause) 606M->258M(663M) 9.635ms
[222.373s][info][gc,cpu      ] GC(453) User=0.02s Sys=0.00s Real=0.01s
[223.254s][info][gc,start    ] GC(454) Pause Young (Normal) (G1 Evacuation Pause)
[223.254s][info][gc,task     ] GC(454) Using 2 workers of 2 for evacuation
[223.262s][info][gc,phases   ] GC(454)   Pre Evacuate Collection Set: 0.39ms
[223.262s][info][gc,phases   ] GC(454)   Merge Heap Roots: 0.14ms
[223.262s][info][gc,phases   ] GC(454)   Evacuate Collection Set: 6.29ms
[223.262s][info][gc,phases   ] GC(454)   Post Evacuate Collection Set: 0.89ms
[223.262s][info][gc,phases   ] GC(454)   Other: 0.08ms
[223.262s][info][gc,heap     ] GC(454) Eden regions: 355->0(357)
[223.262s][info][gc,heap     ] GC(454) Survivor regions: 15->14(47)
[223.262s][info][gc,heap     ] GC(454) Old regions: 37->37
[223.262s][info][gc,heap     ] GC(454) Humongous regions: 207->207
[223.262s][info][gc,metaspace] GC(454) Metaspace: 56875K(57216K)->56875K(57216K) NonClass: 51256K(51520K)->51256K(51520K) Class: 5619K(5696K)->5619K(5696K)
[223.262s][info][gc          ] GC(454) Pause Young (Normal) (G1 Evacuation Pause) 613M->257M(663M) 7.982ms
[223.262s][info][gc,cpu      ] GC(454) User=0.01s Sys=0.00s Real=0.01s
[224.084s][info][gc,start    ] GC(455) Pause Young (Normal) (G1 Evacuation Pause)
[224.084s][info][gc,task     ] GC(455) Using 2 workers of 2 for evacuation
[224.093s][info][gc,phases   ] GC(455)   Pre Evacuate Collection Set: 0.28ms
[224.093s][info][gc,phases   ] GC(455)   Merge Heap Roots: 0.12ms
[224.093s][info][gc,phases   ] GC(455)   Evacuate Collection Set: 8.00ms
[224.093s][info][gc,phases   ] GC(455)   Post Evacuate Collection Set: 0.70ms
[224.093s][info][gc,phases   ] GC(455)   Other: 0.08ms
[224.093s][info][gc,heap     ] GC(455) Eden regions: 357->0(355)
[224.093s][info][gc,heap     ] GC(455) Survivor regions: 14->15(47)
[224.093s][info][gc,heap     ] GC(455) Old regions: 37->37
[224.093s][info][gc,heap     ] GC(455) Humongous regions: 207->207
[224.093s][info][gc,metaspace] GC(455) Metaspace: 56875K(57216K)->56875K(57216K) NonClass: 51256K(51520K)->51256K(51520K) Class: 5619K(5696K)->5619K(5696K)
[224.093s][info][gc          ] GC(455) Pause Young (Normal) (G1 Evacuation Pause) 614M->258M(663M) 9.400ms
[224.093s][info][gc,cpu      ] GC(455) User=0.01s Sys=0.00s Real=0.01s
[224.972s][info][gc,start    ] GC(456) Pause Young (Normal) (G1 Evacuation Pause)
[224.972s][info][gc,task     ] GC(456) Using 2 workers of 2 for evacuation
[224.981s][info][gc,phases   ] GC(456)   Pre Evacuate Collection Set: 0.25ms
[224.981s][info][gc,phases   ] GC(456)   Merge Heap Roots: 0.13ms
[224.981s][info][gc,phases   ] GC(456)   Evacuate Collection Set: 8.20ms
[224.981s][info][gc,phases   ] GC(456)   Post Evacuate Collection Set: 0.70ms
[224.981s][info][gc,phases   ] GC(456)   Other: 0.08ms
[224.981s][info][gc,heap     ] GC(456) Eden regions: 355->0(355)
[224.981s][info][gc,heap     ] GC(456) Survivor regions: 15->15(47)
[224.981s][info][gc,heap     ] GC(456) Old regions: 37->37
[224.981s][info][gc,heap     ] GC(456) Humongous regions: 207->207
[224.981s][info][gc,metaspace] GC(456) Metaspace: 56875K(57216K)->56875K(57216K) NonClass: 51256K(51520K)->51256K(51520K) Class: 5619K(5696K)->5619K(5696K)
[224.981s][info][gc          ] GC(456) Pause Young (Normal) (G1 Evacuation Pause) 613M->258M(663M) 9.563ms
[224.981s][info][gc,cpu      ] GC(456) User=0.01s Sys=0.00s Real=0.01s
[225.856s][info][gc,start    ] GC(457) Pause Young (Normal) (G1 Evacuation Pause)
[225.856s][info][gc,task     ] GC(457) Using 2 workers of 2 for evacuation
[225.864s][info][gc,phases   ] GC(457)   Pre Evacuate Collection Set: 0.24ms
[225.864s][info][gc,phases   ] GC(457)   Merge Heap Roots: 0.12ms
[225.864s][info][gc,phases   ] GC(457)   Evacuate Collection Set: 6.37ms
[225.864s][info][gc,phases   ] GC(457)   Post Evacuate Collection Set: 0.70ms
[225.864s][info][gc,phases   ] GC(457)   Other: 0.08ms
[225.864s][info][gc,heap     ] GC(457) Eden regions: 355->0(357)
[225.864s][info][gc,heap     ] GC(457) Survivor regions: 15->14(47)
[225.864s][info][gc,heap     ] GC(457) Old regions: 37->37
[225.864s][info][gc,heap     ] GC(457) Humongous regions: 207->207
[225.864s][info][gc,metaspace] GC(457) Metaspace: 56875K(57216K)->56875K(57216K) NonClass: 51256K(51520K)->51256K(51520K) Class: 5619K(5696K)->5619K(5696K)
[225.864s][info][gc          ] GC(457) Pause Young (Normal) (G1 Evacuation Pause) 613M->257M(663M) 7.679ms
[225.864s][info][gc,cpu      ] GC(457) User=0.01s Sys=0.00s Real=0.01s
[226.685s][info][gc,start    ] GC(458) Pause Young (Concurrent Start) (G1 Evacuation Pause)
[226.685s][info][gc,task     ] GC(458) Using 2 workers of 2 for evacuation
[226.693s][info][gc,phases   ] GC(458)   Pre Evacuate Collection Set: 0.31ms
[226.694s][info][gc,phases   ] GC(458)   Merge Heap Roots: 0.12ms
[226.694s][info][gc,phases   ] GC(458)   Evacuate Collection Set: 6.84ms
[226.694s][info][gc,phases   ] GC(458)   Post Evacuate Collection Set: 0.69ms
[226.694s][info][gc,phases   ] GC(458)   Other: 0.10ms
[226.694s][info][gc,heap     ] GC(458) Eden regions: 357->0(357)
[226.694s][info][gc,heap     ] GC(458) Survivor regions: 14->14(47)
[226.694s][info][gc,heap     ] GC(458) Old regions: 37->37
[226.694s][info][gc,heap     ] GC(458) Humongous regions: 207->207
[226.694s][info][gc,metaspace] GC(458) Metaspace: 56875K(57216K)->56875K(57216K) NonClass: 51256K(51520K)->51256K(51520K) Class: 5619K(5696K)->5619K(5696K)
[226.694s][info][gc          ] GC(458) Pause Young (Concurrent Start) (G1 Evacuation Pause) 614M->257M(663M) 8.246ms
[226.694s][info][gc,cpu      ] GC(458) User=0.01s Sys=0.00s Real=0.01s
[226.694s][info][gc          ] GC(459) Concurrent Mark Cycle
[226.694s][info][gc,marking  ] GC(459) Concurrent Scan Root Regions
[226.700s][info][gc,marking  ] GC(459) Concurrent Scan Root Regions 6.256ms
[226.700s][info][gc,marking  ] GC(459) Concurrent Mark
[226.700s][info][gc,marking  ] GC(459) Concurrent Mark From Roots
[226.700s][info][gc,task     ] GC(459) Using 1 workers of 1 for marking
[226.737s][info][gc,marking  ] GC(459) Concurrent Mark From Roots 37.228ms
[226.737s][info][gc,marking  ] GC(459) Concurrent Preclean
[226.737s][info][gc,marking  ] GC(459) Concurrent Preclean 0.045ms
[226.737s][info][gc,start    ] GC(459) Pause Remark
[226.746s][info][gc          ] GC(459) Pause Remark 263M->263M(663M) 8.969ms
[226.746s][info][gc,cpu      ] GC(459) User=0.02s Sys=0.00s Real=0.01s
[226.746s][info][gc,marking  ] GC(459) Concurrent Mark 46.447ms
[226.746s][info][gc,marking  ] GC(459) Concurrent Rebuild Remembered Sets and Scrub Regions
[226.770s][info][gc,marking  ] GC(459) Concurrent Rebuild Remembered Sets and Scrub Regions 24.017ms
[226.771s][info][gc,start    ] GC(459) Pause Cleanup
[226.771s][info][gc          ] GC(459) Pause Cleanup 279M->279M(663M) 0.074ms
[226.771s][info][gc,cpu      ] GC(459) User=0.00s Sys=0.00s Real=0.00s
[226.771s][info][gc,marking  ] GC(459) Concurrent Clear Claimed Marks
[226.771s][info][gc,marking  ] GC(459) Concurrent Clear Claimed Marks 0.087ms
[226.771s][info][gc,marking  ] GC(459) Concurrent Cleanup for Next Mark
[226.776s][info][gc,marking  ] GC(459) Concurrent Cleanup for Next Mark 5.583ms
[226.777s][info][gc          ] GC(459) Concurrent Mark Cycle 82.810ms
[227.577s][info][gc,start    ] GC(460) Pause Young (Prepare Mixed) (G1 Evacuation Pause)
[227.577s][info][gc,task     ] GC(460) Using 2 workers of 2 for evacuation
[227.587s][info][gc,phases   ] GC(460)   Pre Evacuate Collection Set: 0.29ms
[227.587s][info][gc,phases   ] GC(460)   Merge Heap Roots: 0.13ms
[227.587s][info][gc,phases   ] GC(460)   Evacuate Collection Set: 8.94ms
[227.587s][info][gc,phases   ] GC(460)   Post Evacuate Collection Set: 0.72ms
[227.587s][info][gc,phases   ] GC(460)   Other: 0.08ms
[227.587s][info][gc,heap     ] GC(460) Eden regions: 357->0(351)
[227.587s][info][gc,heap     ] GC(460) Survivor regions: 14->17(47)
[227.587s][info][gc,heap     ] GC(460) Old regions: 37->37
[227.587s][info][gc,heap     ] GC(460) Humongous regions: 207->207
[227.587s][info][gc,metaspace] GC(460) Metaspace: 56875K(57216K)->56875K(57216K) NonClass: 51256K(51520K)->51256K(51520K) Class: 5619K(5696K)->5619K(5696K)
[227.587s][info][gc          ] GC(460) Pause Young (Prepare Mixed) (G1 Evacuation Pause) 614M->260M(663M) 10.349ms
[227.587s][info][gc,cpu      ] GC(460) User=0.02s Sys=0.00s Real=0.01s
[228.457s][info][gc,start    ] GC(461) Pause Young (Mixed) (G1 Evacuation Pause)
[228.457s][info][gc,task     ] GC(461) Using 2 workers of 2 for evacuation
[228.465s][info][gc,phases   ] GC(461)   Pre Evacuate Collection Set: 0.27ms
[228.465s][info][gc,phases   ] GC(461)   Merge Heap Roots: 0.11ms
[228.465s][info][gc,phases   ] GC(461)   Evacuate Collection Set: 6.75ms
[228.465s][info][gc,phases   ] GC(461)   Post Evacuate Collection Set: 0.69ms
[228.465s][info][gc,phases   ] GC(461)   Other: 0.08ms
[228.465s][info][gc,heap     ] GC(461) Eden regions: 351->0(353)
[228.465s][info][gc,heap     ] GC(461) Survivor regions: 17->16(46)
[228.465s][info][gc,heap     ] GC(461) Old regions: 37->37
[228.465s][info][gc,heap     ] GC(461) Humongous regions: 207->207
[228.465s][info][gc,metaspace] GC(461) Metaspace: 56877K(57216K)->56877K(57216K) NonClass: 51258K(51520K)->51258K(51520K) Class: 5619K(5696K)->5619K(5696K)
[228.465s][info][gc          ] GC(461) Pause Young (Mixed) (G1 Evacuation Pause) 611M->259M(663M) 8.091ms
[228.465s][info][gc,cpu      ] GC(461) User=0.02s Sys=0.00s Real=0.01s
[229.348s][info][gc,start    ] GC(462) Pause Young (Concurrent Start) (G1 Evacuation Pause)
[229.348s][info][gc,task     ] GC(462) Using 2 workers of 2 for evacuation
[229.356s][info][gc,phases   ] GC(462)   Pre Evacuate Collection Set: 0.26ms
[229.356s][info][gc,phases   ] GC(462)   Merge Heap Roots: 0.11ms
[229.356s][info][gc,phases   ] GC(462)   Evacuate Collection Set: 7.13ms
[229.356s][info][gc,phases   ] GC(462)   Post Evacuate Collection Set: 0.70ms
[229.356s][info][gc,phases   ] GC(462)   Other: 0.11ms
[229.356s][info][gc,heap     ] GC(462) Eden regions: 353->0(353)
[229.356s][info][gc,heap     ] GC(462) Survivor regions: 16->16(47)
[229.356s][info][gc,heap     ] GC(462) Old regions: 37->37
[229.356s][info][gc,heap     ] GC(462) Humongous regions: 207->207
[229.356s][info][gc,metaspace] GC(462) Metaspace: 56877K(57216K)->56877K(57216K) NonClass: 51258K(51520K)->51258K(51520K) Class: 5619K(5696K)->5619K(5696K)
[229.356s][info][gc          ] GC(462) Pause Young (Concurrent Start) (G1 Evacuation Pause) 611M->259M(663M) 8.534ms
[229.356s][info][gc,cpu      ] GC(462) User=0.01s Sys=0.01s Real=0.01s
[229.356s][info][gc          ] GC(463) Concurrent Mark Cycle
[229.356s][info][gc,marking  ] GC(463) Concurrent Scan Root Regions
[229.362s][info][gc,marking  ] GC(463) Concurrent Scan Root Regions 5.958ms
[229.362s][info][gc,marking  ] GC(463) Concurrent Mark
[229.362s][info][gc,marking  ] GC(463) Concurrent Mark From Roots
[229.362s][info][gc,task     ] GC(463) Using 1 workers of 1 for marking
[229.425s][info][gc,marking  ] GC(463) Concurrent Mark From Roots 62.565ms
[229.425s][info][gc,marking  ] GC(463) Concurrent Preclean
[229.425s][info][gc,marking  ] GC(463) Concurrent Preclean 0.052ms
[229.425s][info][gc,start    ] GC(463) Pause Remark
[229.434s][info][gc          ] GC(463) Pause Remark 304M->304M(663M) 9.241ms
[229.434s][info][gc,cpu      ] GC(463) User=0.02s Sys=0.00s Real=0.01s
[229.435s][info][gc,marking  ] GC(463) Concurrent Mark 72.560ms
[229.435s][info][gc,marking  ] GC(463) Concurrent Rebuild Remembered Sets and Scrub Regions
[229.451s][info][gc,marking  ] GC(463) Concurrent Rebuild Remembered Sets and Scrub Regions 15.788ms
[229.451s][info][gc,start    ] GC(463) Pause Cleanup
[229.451s][info][gc          ] GC(463) Pause Cleanup 307M->307M(663M) 0.065ms
[229.451s][info][gc,cpu      ] GC(463) User=0.00s Sys=0.00s Real=0.00s
[229.451s][info][gc,marking  ] GC(463) Concurrent Clear Claimed Marks
[229.451s][info][gc,marking  ] GC(463) Concurrent Clear Claimed Marks 0.079ms
[229.451s][info][gc,marking  ] GC(463) Concurrent Cleanup for Next Mark
[229.453s][info][gc,marking  ] GC(463) Concurrent Cleanup for Next Mark 1.938ms
[229.453s][info][gc          ] GC(463) Concurrent Mark Cycle 96.696ms
[230.172s][info][gc,start    ] GC(464) Pause Young (Prepare Mixed) (G1 Evacuation Pause)
[230.172s][info][gc,task     ] GC(464) Using 2 workers of 2 for evacuation
[230.182s][info][gc,phases   ] GC(464)   Pre Evacuate Collection Set: 0.25ms
[230.182s][info][gc,phases   ] GC(464)   Merge Heap Roots: 0.12ms
[230.182s][info][gc,phases   ] GC(464)   Evacuate Collection Set: 8.90ms
[230.182s][info][gc,phases   ] GC(464)   Post Evacuate Collection Set: 0.76ms
[230.182s][info][gc,phases   ] GC(464)   Other: 0.08ms
[230.182s][info][gc,heap     ] GC(464) Eden regions: 353->0(351)
[230.182s][info][gc,heap     ] GC(464) Survivor regions: 16->17(47)
[230.182s][info][gc,heap     ] GC(464) Old regions: 37->37
[230.182s][info][gc,heap     ] GC(464) Humongous regions: 207->207
[230.182s][info][gc,metaspace] GC(464) Metaspace: 56877K(57216K)->56877K(57216K) NonClass: 51258K(51520K)->51258K(51520K) Class: 5619K(5696K)->5619K(5696K)
[230.182s][info][gc          ] GC(464) Pause Young (Prepare Mixed) (G1 Evacuation Pause) 612M->260M(663M) 10.287ms
[230.182s][info][gc,cpu      ] GC(464) User=0.02s Sys=0.00s Real=0.01s
[231.055s][info][gc,start    ] GC(465) Pause Young (Mixed) (G1 Evacuation Pause)
[231.055s][info][gc,task     ] GC(465) Using 2 workers of 2 for evacuation
[231.065s][info][gc,phases   ] GC(465)   Pre Evacuate Collection Set: 0.26ms
[231.065s][info][gc,phases   ] GC(465)   Merge Heap Roots: 0.16ms
[231.065s][info][gc,phases   ] GC(465)   Evacuate Collection Set: 9.22ms
[231.065s][info][gc,phases   ] GC(465)   Post Evacuate Collection Set: 0.75ms
[231.065s][info][gc,phases   ] GC(465)   Other: 0.08ms
[231.065s][info][gc,heap     ] GC(465) Eden regions: 351->0(355)
[231.065s][info][gc,heap     ] GC(465) Survivor regions: 17->15(46)
[231.065s][info][gc,heap     ] GC(465) Old regions: 37->37
[231.065s][info][gc,heap     ] GC(465) Humongous regions: 207->207
[231.065s][info][gc,metaspace] GC(465) Metaspace: 56877K(57216K)->56877K(57216K) NonClass: 51258K(51520K)->51258K(51520K) Class: 5619K(5696K)->5619K(5696K)
[231.065s][info][gc          ] GC(465) Pause Young (Mixed) (G1 Evacuation Pause) 611M->258M(663M) 10.685ms
[231.065s][info][gc,cpu      ] GC(465) User=0.02s Sys=0.00s Real=0.01s
[231.879s][info][gc,start    ] GC(466) Pause Young (Concurrent Start) (G1 Evacuation Pause)
[231.879s][info][gc,task     ] GC(466) Using 2 workers of 2 for evacuation
[231.888s][info][gc,phases   ] GC(466)   Pre Evacuate Collection Set: 0.33ms
[231.888s][info][gc,phases   ] GC(466)   Merge Heap Roots: 0.11ms
[231.888s][info][gc,phases   ] GC(466)   Evacuate Collection Set: 7.97ms
[231.888s][info][gc,phases   ] GC(466)   Post Evacuate Collection Set: 0.71ms
[231.888s][info][gc,phases   ] GC(466)   Other: 0.10ms
[231.888s][info][gc,heap     ] GC(466) Eden regions: 355->0(353)
[231.888s][info][gc,heap     ] GC(466) Survivor regions: 15->16(47)
[231.888s][info][gc,heap     ] GC(466) Old regions: 37->37
[231.888s][info][gc,heap     ] GC(466) Humongous regions: 207->207
[231.888s][info][gc,metaspace] GC(466) Metaspace: 56877K(57216K)->56877K(57216K) NonClass: 51258K(51520K)->51258K(51520K) Class: 5619K(5696K)->5619K(5696K)
[231.888s][info][gc          ] GC(466) Pause Young (Concurrent Start) (G1 Evacuation Pause) 613M->259M(663M) 9.400ms
[231.888s][info][gc,cpu      ] GC(466) User=0.02s Sys=0.00s Real=0.01s
[231.889s][info][gc          ] GC(467) Concurrent Mark Cycle
[231.889s][info][gc,marking  ] GC(467) Concurrent Scan Root Regions
[231.898s][info][gc,marking  ] GC(467) Concurrent Scan Root Regions 9.869ms
[231.898s][info][gc,marking  ] GC(467) Concurrent Mark
[231.899s][info][gc,marking  ] GC(467) Concurrent Mark From Roots
[231.899s][info][gc,task     ] GC(467) Using 1 workers of 1 for marking
[231.949s][info][gc,marking  ] GC(467) Concurrent Mark From Roots 50.900ms
[231.949s][info][gc,marking  ] GC(467) Concurrent Preclean
[231.949s][info][gc,marking  ] GC(467) Concurrent Preclean 0.055ms
[231.954s][info][gc,start    ] GC(467) Pause Remark
[231.974s][info][gc          ] GC(467) Pause Remark 272M->272M(663M) 20.416ms
[231.974s][info][gc,cpu      ] GC(467) User=0.03s Sys=0.00s Real=0.02s
[231.974s][info][gc,marking  ] GC(467) Concurrent Mark 75.952ms
[231.974s][info][gc,marking  ] GC(467) Concurrent Rebuild Remembered Sets and Scrub Regions
[231.994s][info][gc,marking  ] GC(467) Concurrent Rebuild Remembered Sets and Scrub Regions 19.129ms
[231.994s][info][gc,start    ] GC(467) Pause Cleanup
[231.994s][info][gc          ] GC(467) Pause Cleanup 272M->272M(663M) 0.073ms
[231.994s][info][gc,cpu      ] GC(467) User=0.00s Sys=0.00s Real=0.00s
[231.994s][info][gc,marking  ] GC(467) Concurrent Clear Claimed Marks
[231.994s][info][gc,marking  ] GC(467) Concurrent Clear Claimed Marks 0.082ms
[231.994s][info][gc,marking  ] GC(467) Concurrent Cleanup for Next Mark
[231.997s][info][gc,marking  ] GC(467) Concurrent Cleanup for Next Mark 3.004ms
[231.997s][info][gc          ] GC(467) Concurrent Mark Cycle 108.357ms
[232.763s][info][gc,start    ] GC(468) Pause Young (Prepare Mixed) (G1 Evacuation Pause)
[232.763s][info][gc,task     ] GC(468) Using 2 workers of 2 for evacuation
[232.783s][info][gc,phases   ] GC(468)   Pre Evacuate Collection Set: 0.38ms
[232.783s][info][gc,phases   ] GC(468)   Merge Heap Roots: 0.17ms
[232.783s][info][gc,phases   ] GC(468)   Evacuate Collection Set: 18.20ms
[232.783s][info][gc,phases   ] GC(468)   Post Evacuate Collection Set: 1.07ms
[232.783s][info][gc,phases   ] GC(468)   Other: 0.10ms
[232.783s][info][gc,heap     ] GC(468) Eden regions: 353->0(351)
[232.783s][info][gc,heap     ] GC(468) Survivor regions: 16->17(47)
[232.783s][info][gc,heap     ] GC(468) Old regions: 37->37
[232.783s][info][gc,heap     ] GC(468) Humongous regions: 207->207
[232.783s][info][gc,metaspace] GC(468) Metaspace: 56877K(57216K)->56877K(57216K) NonClass: 51258K(51520K)->51258K(51520K) Class: 5619K(5696K)->5619K(5696K)
[232.783s][info][gc          ] GC(468) Pause Young (Prepare Mixed) (G1 Evacuation Pause) 612M->259M(663M) 20.132ms
[232.783s][info][gc,cpu      ] GC(468) User=0.02s Sys=0.00s Real=0.02s
[233.597s][info][gc,start    ] GC(469) Pause Young (Mixed) (G1 Evacuation Pause)
[233.597s][info][gc,task     ] GC(469) Using 2 workers of 2 for evacuation
[233.609s][info][gc,phases   ] GC(469)   Pre Evacuate Collection Set: 0.39ms
[233.609s][info][gc,phases   ] GC(469)   Merge Heap Roots: 0.14ms
[233.609s][info][gc,phases   ] GC(469)   Evacuate Collection Set: 10.10ms
[233.609s][info][gc,phases   ] GC(469)   Post Evacuate Collection Set: 0.74ms
[233.609s][info][gc,phases   ] GC(469)   Other: 0.11ms
[233.609s][info][gc,heap     ] GC(469) Eden regions: 351->0(356)
[233.609s][info][gc,heap     ] GC(469) Survivor regions: 17->14(46)
[233.609s][info][gc,heap     ] GC(469) Old regions: 37->38
[233.609s][info][gc,heap     ] GC(469) Humongous regions: 207->207
[233.609s][info][gc,metaspace] GC(469) Metaspace: 56877K(57216K)->56877K(57216K) NonClass: 51258K(51520K)->51258K(51520K) Class: 5619K(5696K)->5619K(5696K)
[233.609s][info][gc          ] GC(469) Pause Young (Mixed) (G1 Evacuation Pause) 610M->258M(663M) 11.665ms
[233.609s][info][gc,cpu      ] GC(469) User=0.02s Sys=0.00s Real=0.01s
[234.479s][info][gc,start    ] GC(470) Pause Young (Concurrent Start) (G1 Evacuation Pause)
[234.479s][info][gc,task     ] GC(470) Using 2 workers of 2 for evacuation
[234.488s][info][gc,phases   ] GC(470)   Pre Evacuate Collection Set: 0.27ms
[234.488s][info][gc,phases   ] GC(470)   Merge Heap Roots: 0.13ms
[234.488s][info][gc,phases   ] GC(470)   Evacuate Collection Set: 7.18ms
[234.488s][info][gc,phases   ] GC(470)   Post Evacuate Collection Set: 0.69ms
[234.488s][info][gc,phases   ] GC(470)   Other: 0.10ms
[234.488s][info][gc,heap     ] GC(470) Eden regions: 356->0(363)
[234.488s][info][gc,heap     ] GC(470) Survivor regions: 14->5(47)
[234.488s][info][gc,heap     ] GC(470) Old regions: 38->49
[234.488s][info][gc,heap     ] GC(470) Humongous regions: 207->207
[234.488s][info][gc,metaspace] GC(470) Metaspace: 56877K(57216K)->56877K(57216K) NonClass: 51258K(51520K)->51258K(51520K) Class: 5619K(5696K)->5619K(5696K)
[234.488s][info][gc          ] GC(470) Pause Young (Concurrent Start) (G1 Evacuation Pause) 614M->260M(663M) 8.536ms
[234.488s][info][gc          ] GC(471) Concurrent Mark Cycle
[234.488s][info][gc,marking  ] GC(471) Concurrent Scan Root Regions
[234.489s][info][gc,cpu      ] GC(470) User=0.01s Sys=0.00s Real=0.01s
[234.495s][info][gc,marking  ] GC(471) Concurrent Scan Root Regions 7.233ms
[234.495s][info][gc,marking  ] GC(471) Concurrent Mark
[234.495s][info][gc,marking  ] GC(471) Concurrent Mark From Roots
[234.495s][info][gc,task     ] GC(471) Using 1 workers of 1 for marking
[234.541s][info][gc,marking  ] GC(471) Concurrent Mark From Roots 45.451ms
[234.541s][info][gc,marking  ] GC(471) Concurrent Preclean
[234.541s][info][gc,marking  ] GC(471) Concurrent Preclean 0.087ms
[234.541s][info][gc,start    ] GC(471) Pause Remark
[234.550s][info][gc          ] GC(471) Pause Remark 278M->272M(663M) 9.518ms
[234.550s][info][gc,cpu      ] GC(471) User=0.02s Sys=0.00s Real=0.01s
[234.551s][info][gc,marking  ] GC(471) Concurrent Mark 56.269ms
[234.551s][info][gc,marking  ] GC(471) Concurrent Rebuild Remembered Sets and Scrub Regions
[234.573s][info][gc,marking  ] GC(471) Concurrent Rebuild Remembered Sets and Scrub Regions 21.232ms
[234.573s][info][gc,start    ] GC(471) Pause Cleanup
[234.573s][info][gc          ] GC(471) Pause Cleanup 287M->287M(663M) 0.074ms
[234.573s][info][gc,cpu      ] GC(471) User=0.00s Sys=0.00s Real=0.00s
[234.573s][info][gc,marking  ] GC(471) Concurrent Clear Claimed Marks
[234.574s][info][gc,marking  ] GC(471) Concurrent Clear Claimed Marks 0.083ms
[234.574s][info][gc,marking  ] GC(471) Concurrent Cleanup for Next Mark
[234.577s][info][gc,marking  ] GC(471) Concurrent Cleanup for Next Mark 3.570ms
[234.577s][info][gc          ] GC(471) Concurrent Mark Cycle 89.241ms
[235.375s][info][gc,start    ] GC(472) Pause Young (Prepare Mixed) (G1 Evacuation Pause)
[235.375s][info][gc,task     ] GC(472) Using 2 workers of 2 for evacuation
[235.380s][info][gc,phases   ] GC(472)   Pre Evacuate Collection Set: 0.25ms
[235.380s][info][gc,phases   ] GC(472)   Merge Heap Roots: 0.13ms
[235.380s][info][gc,phases   ] GC(472)   Evacuate Collection Set: 3.80ms
[235.380s][info][gc,phases   ] GC(472)   Post Evacuate Collection Set: 0.66ms
[235.380s][info][gc,phases   ] GC(472)   Other: 0.08ms
[235.380s][info][gc,heap     ] GC(472) Eden regions: 363->0(370)
[235.380s][info][gc,heap     ] GC(472) Survivor regions: 5->4(46)
[235.380s][info][gc,heap     ] GC(472) Old regions: 43->44
[235.380s][info][gc,heap     ] GC(472) Humongous regions: 207->207
[235.380s][info][gc,metaspace] GC(472) Metaspace: 56877K(57216K)->56877K(57216K) NonClass: 51258K(51520K)->51258K(51520K) Class: 5619K(5696K)->5619K(5696K)
[235.380s][info][gc          ] GC(472) Pause Young (Prepare Mixed) (G1 Evacuation Pause) 617M->254M(663M) 5.102ms
[235.380s][info][gc,cpu      ] GC(472) User=0.01s Sys=0.00s Real=0.00s
[236.267s][info][gc,start    ] GC(473) Pause Young (Mixed) (G1 Evacuation Pause)
[236.267s][info][gc,task     ] GC(473) Using 2 workers of 2 for evacuation
[236.273s][info][gc,phases   ] GC(473)   Pre Evacuate Collection Set: 0.27ms
[236.273s][info][gc,phases   ] GC(473)   Merge Heap Roots: 0.11ms
[236.273s][info][gc,phases   ] GC(473)   Evacuate Collection Set: 4.02ms
[236.273s][info][gc,phases   ] GC(473)   Post Evacuate Collection Set: 0.63ms
[236.273s][info][gc,phases   ] GC(473)   Other: 0.08ms
[236.273s][info][gc,heap     ] GC(473) Eden regions: 370->0(373)
[236.273s][info][gc,heap     ] GC(473) Survivor regions: 4->4(47)
[236.273s][info][gc,heap     ] GC(473) Old regions: 44->41
[236.273s][info][gc,heap     ] GC(473) Humongous regions: 207->207
[236.273s][info][gc,metaspace] GC(473) Metaspace: 56877K(57216K)->56877K(57216K) NonClass: 51258K(51520K)->51258K(51520K) Class: 5619K(5696K)->5619K(5696K)
[236.273s][info][gc          ] GC(473) Pause Young (Mixed) (G1 Evacuation Pause) 624M->251M(663M) 5.272ms
[236.273s][info][gc,cpu      ] GC(473) User=0.01s Sys=0.00s Real=0.01s
[237.271s][info][gc,start    ] GC(474) Pause Young (Concurrent Start) (G1 Evacuation Pause)
[237.271s][info][gc,task     ] GC(474) Using 2 workers of 2 for evacuation
[237.277s][info][gc,phases   ] GC(474)   Pre Evacuate Collection Set: 0.28ms
[237.277s][info][gc,phases   ] GC(474)   Merge Heap Roots: 0.10ms
[237.277s][info][gc,phases   ] GC(474)   Evacuate Collection Set: 4.97ms
[237.277s][info][gc,phases   ] GC(474)   Post Evacuate Collection Set: 0.64ms
[237.277s][info][gc,phases   ] GC(474)   Other: 0.12ms
[237.277s][info][gc,heap     ] GC(474) Eden regions: 373->0(371)
[237.277s][info][gc,heap     ] GC(474) Survivor regions: 4->5(48)
[237.277s][info][gc,heap     ] GC(474) Old regions: 41->41
[237.277s][info][gc,heap     ] GC(474) Humongous regions: 207->207
[237.277s][info][gc,metaspace] GC(474) Metaspace: 56877K(57216K)->56877K(57216K) NonClass: 51258K(51520K)->51258K(51520K) Class: 5619K(5696K)->5619K(5696K)
[237.277s][info][gc          ] GC(474) Pause Young (Concurrent Start) (G1 Evacuation Pause) 624M->252M(663M) 6.288ms
[237.277s][info][gc,cpu      ] GC(474) User=0.01s Sys=0.00s Real=0.01s
[237.277s][info][gc          ] GC(475) Concurrent Mark Cycle
[237.280s][info][gc,marking  ] GC(475) Concurrent Scan Root Regions
[237.283s][info][gc,marking  ] GC(475) Concurrent Scan Root Regions 3.210ms
[237.283s][info][gc,marking  ] GC(475) Concurrent Mark
[237.283s][info][gc,marking  ] GC(475) Concurrent Mark From Roots
[237.283s][info][gc,task     ] GC(475) Using 1 workers of 1 for marking
[237.328s][info][gc,marking  ] GC(475) Concurrent Mark From Roots 44.612ms
[237.328s][info][gc,marking  ] GC(475) Concurrent Preclean
[237.328s][info][gc,marking  ] GC(475) Concurrent Preclean 0.066ms
[237.328s][info][gc,start    ] GC(475) Pause Remark
[237.337s][info][gc          ] GC(475) Pause Remark 270M->270M(663M) 8.983ms
[237.337s][info][gc,cpu      ] GC(475) User=0.01s Sys=0.01s Real=0.01s
[237.337s][info][gc,marking  ] GC(475) Concurrent Mark 54.127ms
[237.337s][info][gc,marking  ] GC(475) Concurrent Rebuild Remembered Sets and Scrub Regions
[237.356s][info][gc,marking  ] GC(475) Concurrent Rebuild Remembered Sets and Scrub Regions 18.277ms
[237.356s][info][gc,start    ] GC(475) Pause Cleanup
[237.356s][info][gc          ] GC(475) Pause Cleanup 274M->274M(663M) 0.064ms
[237.356s][info][gc,cpu      ] GC(475) User=0.00s Sys=0.00s Real=0.00s
[237.356s][info][gc,marking  ] GC(475) Concurrent Clear Claimed Marks
[237.356s][info][gc,marking  ] GC(475) Concurrent Clear Claimed Marks 0.082ms
[237.356s][info][gc,marking  ] GC(475) Concurrent Cleanup for Next Mark
[237.359s][info][gc,marking  ] GC(475) Concurrent Cleanup for Next Mark 2.478ms
[237.359s][info][gc          ] GC(475) Concurrent Mark Cycle 81.487ms
[238.175s][info][gc,start    ] GC(476) Pause Young (Prepare Mixed) (G1 Evacuation Pause)
[238.175s][info][gc,task     ] GC(476) Using 2 workers of 2 for evacuation
[238.181s][info][gc,phases   ] GC(476)   Pre Evacuate Collection Set: 0.26ms
[238.181s][info][gc,phases   ] GC(476)   Merge Heap Roots: 0.12ms
[238.181s][info][gc,phases   ] GC(476)   Evacuate Collection Set: 5.32ms
[238.181s][info][gc,phases   ] GC(476)   Post Evacuate Collection Set: 0.84ms
[238.181s][info][gc,phases   ] GC(476)   Other: 0.08ms
[238.181s][info][gc,heap     ] GC(476) Eden regions: 371->0(370)
[238.181s][info][gc,heap     ] GC(476) Survivor regions: 5->5(47)
[238.181s][info][gc,heap     ] GC(476) Old regions: 41->42
[238.181s][info][gc,heap     ] GC(476) Humongous regions: 207->207
[238.181s][info][gc,metaspace] GC(476) Metaspace: 56877K(57216K)->56877K(57216K) NonClass: 51258K(51520K)->51258K(51520K) Class: 5619K(5696K)->5619K(5696K)
[238.181s][info][gc          ] GC(476) Pause Young (Prepare Mixed) (G1 Evacuation Pause) 623M->252M(663M) 6.798ms
[238.181s][info][gc,cpu      ] GC(476) User=0.01s Sys=0.00s Real=0.01s
[239.085s][info][gc,start    ] GC(477) Pause Young (Mixed) (G1 Evacuation Pause)
[239.085s][info][gc,task     ] GC(477) Using 2 workers of 2 for evacuation
[239.091s][info][gc,phases   ] GC(477)   Pre Evacuate Collection Set: 0.26ms
[239.091s][info][gc,phases   ] GC(477)   Merge Heap Roots: 0.11ms
[239.091s][info][gc,phases   ] GC(477)   Evacuate Collection Set: 4.28ms
[239.091s][info][gc,phases   ] GC(477)   Post Evacuate Collection Set: 0.64ms
[239.091s][info][gc,phases   ] GC(477)   Other: 0.08ms
[239.091s][info][gc,heap     ] GC(477) Eden regions: 370->0(374)
[239.091s][info][gc,heap     ] GC(477) Survivor regions: 5->4(47)
[239.091s][info][gc,heap     ] GC(477) Old regions: 42->40
[239.091s][info][gc,heap     ] GC(477) Humongous regions: 207->207
[239.091s][info][gc,metaspace] GC(477) Metaspace: 56877K(57216K)->56877K(57216K) NonClass: 51258K(51520K)->51258K(51520K) Class: 5619K(5696K)->5619K(5696K)
[239.091s][info][gc          ] GC(477) Pause Young (Mixed) (G1 Evacuation Pause) 622M->250M(663M) 5.564ms
[239.091s][info][gc,cpu      ] GC(477) User=0.01s Sys=0.00s Real=0.00s
[240.052s][info][gc,start    ] GC(478) Pause Young (Concurrent Start) (G1 Evacuation Pause)
[240.053s][info][gc,task     ] GC(478) Using 2 workers of 2 for evacuation
[240.056s][info][gc,phases   ] GC(478)   Pre Evacuate Collection Set: 0.28ms
[240.056s][info][gc,phases   ] GC(478)   Merge Heap Roots: 0.12ms
[240.056s][info][gc,phases   ] GC(478)   Evacuate Collection Set: 2.65ms
[240.056s][info][gc,phases   ] GC(478)   Post Evacuate Collection Set: 0.64ms
[240.056s][info][gc,phases   ] GC(478)   Other: 0.11ms
[240.056s][info][gc,heap     ] GC(478) Eden regions: 374->0(376)
[240.056s][info][gc,heap     ] GC(478) Survivor regions: 4->3(48)
[240.056s][info][gc,heap     ] GC(478) Old regions: 40->40
[240.056s][info][gc,heap     ] GC(478) Humongous regions: 207->207
[240.056s][info][gc,metaspace] GC(478) Metaspace: 56877K(57216K)->56877K(57216K) NonClass: 51258K(51520K)->51258K(51520K) Class: 5619K(5696K)->5619K(5696K)
[240.056s][info][gc          ] GC(478) Pause Young (Concurrent Start) (G1 Evacuation Pause) 624M->248M(663M) 3.962ms
[240.056s][info][gc          ] GC(479) Concurrent Mark Cycle
[240.056s][info][gc,marking  ] GC(479) Concurrent Scan Root Regions
[240.057s][info][gc,cpu      ] GC(478) User=0.01s Sys=0.00s Real=0.00s
[240.062s][info][gc,marking  ] GC(479) Concurrent Scan Root Regions 5.534ms
[240.062s][info][gc,marking  ] GC(479) Concurrent Mark
[240.062s][info][gc,marking  ] GC(479) Concurrent Mark From Roots
[240.062s][info][gc,task     ] GC(479) Using 1 workers of 1 for marking
[240.125s][info][gc,marking  ] GC(479) Concurrent Mark From Roots 62.492ms
[240.125s][info][gc,marking  ] GC(479) Concurrent Preclean
[240.125s][info][gc,marking  ] GC(479) Concurrent Preclean 0.067ms
[240.125s][info][gc,start    ] GC(479) Pause Remark
[240.137s][info][gc          ] GC(479) Pause Remark 288M->288M(663M) 12.584ms
[240.137s][info][gc,cpu      ] GC(479) User=0.02s Sys=0.00s Real=0.01s
[240.138s][info][gc,marking  ] GC(479) Concurrent Mark 75.454ms
[240.138s][info][gc,marking  ] GC(479) Concurrent Rebuild Remembered Sets and Scrub Regions
[240.160s][info][gc,marking  ] GC(479) Concurrent Rebuild Remembered Sets and Scrub Regions 22.936ms
[240.161s][info][gc,start    ] GC(479) Pause Cleanup
[240.161s][info][gc          ] GC(479) Pause Cleanup 296M->296M(663M) 0.086ms
[240.161s][info][gc,cpu      ] GC(479) User=0.00s Sys=0.00s Real=0.00s
[240.161s][info][gc,marking  ] GC(479) Concurrent Clear Claimed Marks
[240.162s][info][gc,marking  ] GC(479) Concurrent Clear Claimed Marks 0.100ms
[240.162s][info][gc,marking  ] GC(479) Concurrent Cleanup for Next Mark
[240.164s][info][gc,marking  ] GC(479) Concurrent Cleanup for Next Mark 2.122ms
[240.164s][info][gc          ] GC(479) Concurrent Mark Cycle 107.266ms
[240.959s][info][gc,start    ] GC(480) Pause Young (Prepare Mixed) (G1 Evacuation Pause)
[240.959s][info][gc,task     ] GC(480) Using 2 workers of 2 for evacuation
[240.964s][info][gc,phases   ] GC(480)   Pre Evacuate Collection Set: 0.26ms
[240.964s][info][gc,phases   ] GC(480)   Merge Heap Roots: 0.12ms
[240.964s][info][gc,phases   ] GC(480)   Evacuate Collection Set: 3.74ms
[240.964s][info][gc,phases   ] GC(480)   Post Evacuate Collection Set: 0.76ms
[240.964s][info][gc,phases   ] GC(480)   Other: 0.09ms
[240.964s][info][gc,heap     ] GC(480) Eden regions: 376->0(377)
[240.965s][info][gc,heap     ] GC(480) Survivor regions: 3->2(48)
[240.965s][info][gc,heap     ] GC(480) Old regions: 40->41
[240.965s][info][gc,heap     ] GC(480) Humongous regions: 207->207
[240.965s][info][gc,metaspace] GC(480) Metaspace: 56877K(57216K)->56877K(57216K) NonClass: 51258K(51520K)->51258K(51520K) Class: 5619K(5696K)->5619K(5696K)
[240.965s][info][gc          ] GC(480) Pause Young (Prepare Mixed) (G1 Evacuation Pause) 624M->249M(663M) 5.192ms
[240.965s][info][gc,cpu      ] GC(480) User=0.01s Sys=0.00s Real=0.01s
[241.862s][info][gc,start    ] GC(481) Pause Young (Mixed) (G1 Evacuation Pause)
[241.862s][info][gc,task     ] GC(481) Using 2 workers of 2 for evacuation
[241.868s][info][gc,phases   ] GC(481)   Pre Evacuate Collection Set: 0.27ms
[241.868s][info][gc,phases   ] GC(481)   Merge Heap Roots: 0.13ms
[241.868s][info][gc,phases   ] GC(481)   Evacuate Collection Set: 4.92ms
[241.868s][info][gc,phases   ] GC(481)   Post Evacuate Collection Set: 0.67ms
[241.868s][info][gc,phases   ] GC(481)   Other: 0.08ms
[241.868s][info][gc,heap     ] GC(481) Eden regions: 377->0(377)
[241.868s][info][gc,heap     ] GC(481) Survivor regions: 2->3(48)
[241.868s][info][gc,heap     ] GC(481) Old regions: 41->39
[241.868s][info][gc,heap     ] GC(481) Humongous regions: 207->207
[241.868s][info][gc,metaspace] GC(481) Metaspace: 56877K(57216K)->56877K(57216K) NonClass: 51258K(51520K)->51258K(51520K) Class: 5619K(5696K)->5619K(5696K)
[241.868s][info][gc          ] GC(481) Pause Young (Mixed) (G1 Evacuation Pause) 626M->248M(663M) 6.234ms
[241.868s][info][gc,cpu      ] GC(481) User=0.02s Sys=0.00s Real=0.00s
[242.775s][info][gc,start    ] GC(482) Pause Young (Concurrent Start) (G1 Evacuation Pause)
[242.775s][info][gc,task     ] GC(482) Using 2 workers of 2 for evacuation
[242.798s][info][gc,phases   ] GC(482)   Pre Evacuate Collection Set: 0.31ms
[242.798s][info][gc,phases   ] GC(482)   Merge Heap Roots: 0.12ms
[242.798s][info][gc,phases   ] GC(482)   Evacuate Collection Set: 16.43ms
[242.798s][info][gc,phases   ] GC(482)   Post Evacuate Collection Set: 5.38ms
[242.798s][info][gc,phases   ] GC(482)   Other: 0.13ms
[242.798s][info][gc,heap     ] GC(482) Eden regions: 377->0(372)
[242.798s][info][gc,heap     ] GC(482) Survivor regions: 3->5(48)
[242.798s][info][gc,heap     ] GC(482) Old regions: 39->40
[242.798s][info][gc,heap     ] GC(482) Humongous regions: 207->207
[242.798s][info][gc,metaspace] GC(482) Metaspace: 56877K(57216K)->56877K(57216K) NonClass: 51258K(51520K)->51258K(51520K) Class: 5619K(5696K)->5619K(5696K)
[242.798s][info][gc          ] GC(482) Pause Young (Concurrent Start) (G1 Evacuation Pause) 625M->250M(663M) 22.572ms
[242.798s][info][gc          ] GC(483) Concurrent Mark Cycle
[242.798s][info][gc,marking  ] GC(483) Concurrent Scan Root Regions
[242.800s][info][gc,cpu      ] GC(482) User=0.02s Sys=0.00s Real=0.02s
[242.821s][info][gc,marking  ] GC(483) Concurrent Scan Root Regions 22.928ms
[242.821s][info][gc,marking  ] GC(483) Concurrent Mark
[242.821s][info][gc,marking  ] GC(483) Concurrent Mark From Roots
[242.821s][info][gc,task     ] GC(483) Using 1 workers of 1 for marking
[242.902s][info][gc,marking  ] GC(483) Concurrent Mark From Roots 81.324ms
[242.902s][info][gc,marking  ] GC(483) Concurrent Preclean
[242.902s][info][gc,marking  ] GC(483) Concurrent Preclean 0.067ms
[242.902s][info][gc,start    ] GC(483) Pause Remark
[242.913s][info][gc          ] GC(483) Pause Remark 272M->272M(663M) 10.336ms
[242.913s][info][gc,cpu      ] GC(483) User=0.02s Sys=0.00s Real=0.01s
[242.913s][info][gc,marking  ] GC(483) Concurrent Mark 92.648ms
[242.913s][info][gc,marking  ] GC(483) Concurrent Rebuild Remembered Sets and Scrub Regions
[242.938s][info][gc,marking  ] GC(483) Concurrent Rebuild Remembered Sets and Scrub Regions 24.184ms
[242.938s][info][gc,start    ] GC(483) Pause Cleanup
[242.938s][info][gc          ] GC(483) Pause Cleanup 291M->291M(663M) 0.085ms
[242.938s][info][gc,cpu      ] GC(483) User=0.00s Sys=0.00s Real=0.00s
[242.939s][info][gc,marking  ] GC(483) Concurrent Clear Claimed Marks
[242.939s][info][gc,marking  ] GC(483) Concurrent Clear Claimed Marks 0.107ms
[242.939s][info][gc,marking  ] GC(483) Concurrent Cleanup for Next Mark
[242.944s][info][gc,marking  ] GC(483) Concurrent Cleanup for Next Mark 4.260ms
[242.944s][info][gc          ] GC(483) Concurrent Mark Cycle 145.796ms
[243.671s][info][gc,start    ] GC(484) Pause Young (Prepare Mixed) (G1 Evacuation Pause)
[243.671s][info][gc,task     ] GC(484) Using 2 workers of 2 for evacuation
[243.678s][info][gc,phases   ] GC(484)   Pre Evacuate Collection Set: 0.26ms
[243.678s][info][gc,phases   ] GC(484)   Merge Heap Roots: 0.13ms
[243.678s][info][gc,phases   ] GC(484)   Evacuate Collection Set: 5.40ms
[243.678s][info][gc,phases   ] GC(484)   Post Evacuate Collection Set: 0.63ms
[243.678s][info][gc,phases   ] GC(484)   Other: 0.08ms
[243.678s][info][gc,heap     ] GC(484) Eden regions: 372->0(374)
[243.678s][info][gc,heap     ] GC(484) Survivor regions: 5->4(48)
[243.678s][info][gc,heap     ] GC(484) Old regions: 40->40
[243.678s][info][gc,heap     ] GC(484) Humongous regions: 207->207
[243.678s][info][gc,metaspace] GC(484) Metaspace: 56877K(57216K)->56877K(57216K) NonClass: 51258K(51520K)->51258K(51520K) Class: 5619K(5696K)->5619K(5696K)
[243.678s][info][gc          ] GC(484) Pause Young (Prepare Mixed) (G1 Evacuation Pause) 622M->250M(663M) 6.665ms
[243.678s][info][gc,cpu      ] GC(484) User=0.01s Sys=0.00s Real=0.00s
[244.586s][info][gc,start    ] GC(485) Pause Young (Mixed) (G1 Evacuation Pause)
[244.586s][info][gc,task     ] GC(485) Using 2 workers of 2 for evacuation
[244.593s][info][gc,phases   ] GC(485)   Pre Evacuate Collection Set: 0.27ms
[244.593s][info][gc,phases   ] GC(485)   Merge Heap Roots: 0.12ms
[244.593s][info][gc,phases   ] GC(485)   Evacuate Collection Set: 5.96ms
[244.593s][info][gc,phases   ] GC(485)   Post Evacuate Collection Set: 0.70ms
[244.593s][info][gc,phases   ] GC(485)   Other: 0.10ms
[244.593s][info][gc,heap     ] GC(485) Eden regions: 374->0(380)
[244.593s][info][gc,heap     ] GC(485) Survivor regions: 4->2(48)
[244.593s][info][gc,heap     ] GC(485) Old regions: 40->38
[244.593s][info][gc,heap     ] GC(485) Humongous regions: 207->207
[244.593s][info][gc,metaspace] GC(485) Metaspace: 56877K(57216K)->56877K(57216K) NonClass: 51258K(51520K)->51258K(51520K) Class: 5619K(5696K)->5619K(5696K)
[244.593s][info][gc          ] GC(485) Pause Young (Mixed) (G1 Evacuation Pause) 624M->246M(663M) 7.331ms
[244.593s][info][gc,cpu      ] GC(485) User=0.01s Sys=0.00s Real=0.01s
[245.554s][info][gc,start    ] GC(486) Pause Young (Concurrent Start) (G1 Evacuation Pause)
[245.554s][info][gc,task     ] GC(486) Using 2 workers of 2 for evacuation
[245.559s][info][gc,phases   ] GC(486)   Pre Evacuate Collection Set: 0.29ms
[245.559s][info][gc,phases   ] GC(486)   Merge Heap Roots: 0.11ms
[245.559s][info][gc,phases   ] GC(486)   Evacuate Collection Set: 3.06ms
[245.559s][info][gc,phases   ] GC(486)   Post Evacuate Collection Set: 0.64ms
[245.559s][info][gc,phases   ] GC(486)   Other: 0.11ms
[245.559s][info][gc,heap     ] GC(486) Eden regions: 380->0(380)
[245.559s][info][gc,heap     ] GC(486) Survivor regions: 2->2(48)
[245.559s][info][gc,heap     ] GC(486) Old regions: 38->38
[245.559s][info][gc,heap     ] GC(486) Humongous regions: 207->207
[245.559s][info][gc,metaspace] GC(486) Metaspace: 56877K(57216K)->56877K(57216K) NonClass: 51258K(51520K)->51258K(51520K) Class: 5619K(5696K)->5619K(5696K)
[245.559s][info][gc          ] GC(486) Pause Young (Concurrent Start) (G1 Evacuation Pause) 626M->246M(663M) 4.395ms
[245.559s][info][gc          ] GC(487) Concurrent Mark Cycle
[245.559s][info][gc,marking  ] GC(487) Concurrent Scan Root Regions
[245.561s][info][gc,cpu      ] GC(486) User=0.01s Sys=0.00s Real=0.00s
[245.561s][info][gc,marking  ] GC(487) Concurrent Scan Root Regions 2.201ms
[245.561s][info][gc,marking  ] GC(487) Concurrent Mark
[245.561s][info][gc,marking  ] GC(487) Concurrent Mark From Roots
[245.561s][info][gc,task     ] GC(487) Using 1 workers of 1 for marking
[245.607s][info][gc,marking  ] GC(487) Concurrent Mark From Roots 45.684ms
[245.607s][info][gc,marking  ] GC(487) Concurrent Preclean
[245.607s][info][gc,marking  ] GC(487) Concurrent Preclean 0.072ms
[245.607s][info][gc,start    ] GC(487) Pause Remark
[245.616s][info][gc          ] GC(487) Pause Remark 275M->275M(663M) 8.935ms
[245.616s][info][gc,cpu      ] GC(487) User=0.02s Sys=0.00s Real=0.01s
[245.616s][info][gc,marking  ] GC(487) Concurrent Mark 55.105ms
[245.616s][info][gc,marking  ] GC(487) Concurrent Rebuild Remembered Sets and Scrub Regions
[245.632s][info][gc,marking  ] GC(487) Concurrent Rebuild Remembered Sets and Scrub Regions 15.959ms
[245.632s][info][gc,start    ] GC(487) Pause Cleanup
[245.632s][info][gc          ] GC(487) Pause Cleanup 281M->281M(663M) 0.064ms
[245.632s][info][gc,cpu      ] GC(487) User=0.00s Sys=0.00s Real=0.00s
[245.632s][info][gc,marking  ] GC(487) Concurrent Clear Claimed Marks
[245.632s][info][gc,marking  ] GC(487) Concurrent Clear Claimed Marks 0.085ms
[245.632s][info][gc,marking  ] GC(487) Concurrent Cleanup for Next Mark
[245.634s][info][gc,marking  ] GC(487) Concurrent Cleanup for Next Mark 1.955ms
[245.634s][info][gc          ] GC(487) Concurrent Mark Cycle 75.644ms
[246.470s][info][gc,start    ] GC(488) Pause Young (Prepare Mixed) (G1 Evacuation Pause)
[246.470s][info][gc,task     ] GC(488) Using 2 workers of 2 for evacuation
[246.475s][info][gc,phases   ] GC(488)   Pre Evacuate Collection Set: 0.28ms
[246.475s][info][gc,phases   ] GC(488)   Merge Heap Roots: 0.12ms
[246.475s][info][gc,phases   ] GC(488)   Evacuate Collection Set: 4.20ms
[246.475s][info][gc,phases   ] GC(488)   Post Evacuate Collection Set: 0.68ms
[246.475s][info][gc,phases   ] GC(488)   Other: 0.09ms
[246.475s][info][gc,heap     ] GC(488) Eden regions: 380->0(378)
[246.475s][info][gc,heap     ] GC(488) Survivor regions: 2->3(48)
[246.475s][info][gc,heap     ] GC(488) Old regions: 38->38
[246.475s][info][gc,heap     ] GC(488) Humongous regions: 207->207
[246.475s][info][gc,metaspace] GC(488) Metaspace: 56877K(57216K)->56877K(57216K) NonClass: 51258K(51520K)->51258K(51520K) Class: 5619K(5696K)->5619K(5696K)
[246.476s][info][gc          ] GC(488) Pause Young (Prepare Mixed) (G1 Evacuation Pause) 626M->247M(663M) 5.539ms
[246.476s][info][gc,cpu      ] GC(488) User=0.01s Sys=0.00s Real=0.01s
[247.380s][info][gc,start    ] GC(489) Pause Young (Mixed) (G1 Evacuation Pause)
[247.380s][info][gc,task     ] GC(489) Using 2 workers of 2 for evacuation
[247.388s][info][gc,phases   ] GC(489)   Pre Evacuate Collection Set: 0.27ms
[247.388s][info][gc,phases   ] GC(489)   Merge Heap Roots: 0.14ms
[247.388s][info][gc,phases   ] GC(489)   Evacuate Collection Set: 6.47ms
[247.388s][info][gc,phases   ] GC(489)   Post Evacuate Collection Set: 0.71ms
[247.388s][info][gc,phases   ] GC(489)   Other: 0.09ms
[247.388s][info][gc,heap     ] GC(489) Eden regions: 378->0(377)
[247.388s][info][gc,heap     ] GC(489) Survivor regions: 3->4(48)
[247.388s][info][gc,heap     ] GC(489) Old regions: 38->37
[247.388s][info][gc,heap     ] GC(489) Humongous regions: 207->207
[247.388s][info][gc,metaspace] GC(489) Metaspace: 56877K(57216K)->56877K(57216K) NonClass: 51258K(51520K)->51258K(51520K) Class: 5619K(5696K)->5619K(5696K)
[247.388s][info][gc          ] GC(489) Pause Young (Mixed) (G1 Evacuation Pause) 625M->247M(663M) 7.868ms
[247.388s][info][gc,cpu      ] GC(489) User=0.02s Sys=0.00s Real=0.01s
[248.451s][info][gc,start    ] GC(490) Pause Young (Concurrent Start) (G1 Evacuation Pause)
[248.451s][info][gc,task     ] GC(490) Using 2 workers of 2 for evacuation
[248.455s][info][gc,phases   ] GC(490)   Pre Evacuate Collection Set: 0.28ms
[248.455s][info][gc,phases   ] GC(490)   Merge Heap Roots: 0.13ms
[248.455s][info][gc,phases   ] GC(490)   Evacuate Collection Set: 2.51ms
[248.455s][info][gc,phases   ] GC(490)   Post Evacuate Collection Set: 0.66ms
[248.455s][info][gc,phases   ] GC(490)   Other: 0.11ms
[248.455s][info][gc,heap     ] GC(490) Eden regions: 377->0(381)
[248.455s][info][gc,heap     ] GC(490) Survivor regions: 4->2(48)
[248.455s][info][gc,heap     ] GC(490) Old regions: 37->37
[248.455s][info][gc,heap     ] GC(490) Humongous regions: 207->207
[248.455s][info][gc,metaspace] GC(490) Metaspace: 56877K(57216K)->56877K(57216K) NonClass: 51258K(51520K)->51258K(51520K) Class: 5619K(5696K)->5619K(5696K)
[248.455s][info][gc          ] GC(490) Pause Young (Concurrent Start) (G1 Evacuation Pause) 624M->245M(663M) 3.870ms
[248.455s][info][gc,cpu      ] GC(490) User=0.00s Sys=0.00s Real=0.00s
[248.455s][info][gc          ] GC(491) Concurrent Mark Cycle
[248.455s][info][gc,marking  ] GC(491) Concurrent Scan Root Regions
[248.457s][info][gc,marking  ] GC(491) Concurrent Scan Root Regions 1.532ms
[248.457s][info][gc,marking  ] GC(491) Concurrent Mark
[248.457s][info][gc,marking  ] GC(491) Concurrent Mark From Roots
[248.457s][info][gc,task     ] GC(491) Using 1 workers of 1 for marking
[248.526s][info][gc,marking  ] GC(491) Concurrent Mark From Roots 69.432ms
[248.526s][info][gc,marking  ] GC(491) Concurrent Preclean
[248.527s][info][gc,marking  ] GC(491) Concurrent Preclean 0.076ms
[248.527s][info][gc,start    ] GC(491) Pause Remark
[248.536s][info][gc          ] GC(491) Pause Remark 285M->285M(663M) 9.134ms
[248.536s][info][gc,cpu      ] GC(491) User=0.01s Sys=0.00s Real=0.01s
[248.536s][info][gc,marking  ] GC(491) Concurrent Mark 79.034ms
[248.536s][info][gc,marking  ] GC(491) Concurrent Rebuild Remembered Sets and Scrub Regions
[248.554s][info][gc,marking  ] GC(491) Concurrent Rebuild Remembered Sets and Scrub Regions 17.526ms
[248.554s][info][gc,start    ] GC(491) Pause Cleanup
[248.554s][info][gc          ] GC(491) Pause Cleanup 287M->287M(663M) 0.050ms
[248.554s][info][gc,cpu      ] GC(491) User=0.00s Sys=0.00s Real=0.00s
[248.554s][info][gc,marking  ] GC(491) Concurrent Clear Claimed Marks
[248.554s][info][gc,marking  ] GC(491) Concurrent Clear Claimed Marks 0.079ms
[248.554s][info][gc,marking  ] GC(491) Concurrent Cleanup for Next Mark
[248.557s][info][gc,marking  ] GC(491) Concurrent Cleanup for Next Mark 2.957ms
[248.557s][info][gc          ] GC(491) Concurrent Mark Cycle 101.462ms
[249.366s][info][gc,start    ] GC(492) Pause Young (Prepare Mixed) (G1 Evacuation Pause)
[249.366s][info][gc,task     ] GC(492) Using 2 workers of 2 for evacuation
[249.371s][info][gc,phases   ] GC(492)   Pre Evacuate Collection Set: 0.26ms
[249.371s][info][gc,phases   ] GC(492)   Merge Heap Roots: 0.12ms
[249.371s][info][gc,phases   ] GC(492)   Evacuate Collection Set: 4.50ms
[249.371s][info][gc,phases   ] GC(492)   Post Evacuate Collection Set: 0.67ms
[249.371s][info][gc,phases   ] GC(492)   Other: 0.08ms
[249.371s][info][gc,heap     ] GC(492) Eden regions: 381->0(378)
[249.371s][info][gc,heap     ] GC(492) Survivor regions: 2->3(48)
[249.371s][info][gc,heap     ] GC(492) Old regions: 37->38
[249.371s][info][gc,heap     ] GC(492) Humongous regions: 207->207
[249.371s][info][gc,metaspace] GC(492) Metaspace: 56877K(57216K)->56877K(57216K) NonClass: 51258K(51520K)->51258K(51520K) Class: 5619K(5696K)->5619K(5696K)
[249.371s][info][gc          ] GC(492) Pause Young (Prepare Mixed) (G1 Evacuation Pause) 626M->247M(663M) 5.814ms
[249.371s][info][gc,cpu      ] GC(492) User=0.01s Sys=0.00s Real=0.01s
[250.283s][info][gc,start    ] GC(493) Pause Young (Mixed) (G1 Evacuation Pause)
[250.283s][info][gc,task     ] GC(493) Using 2 workers of 2 for evacuation
[250.292s][info][gc,phases   ] GC(493)   Pre Evacuate Collection Set: 0.27ms
[250.292s][info][gc,phases   ] GC(493)   Merge Heap Roots: 0.14ms
[250.292s][info][gc,phases   ] GC(493)   Evacuate Collection Set: 7.51ms
[250.292s][info][gc,phases   ] GC(493)   Post Evacuate Collection Set: 0.76ms
[250.292s][info][gc,phases   ] GC(493)   Other: 0.08ms
[250.292s][info][gc,heap     ] GC(493) Eden regions: 378->0(377)
[250.292s][info][gc,heap     ] GC(493) Survivor regions: 3->4(48)
[250.292s][info][gc,heap     ] GC(493) Old regions: 38->37
[250.292s][info][gc,heap     ] GC(493) Humongous regions: 207->207
[250.292s][info][gc,metaspace] GC(493) Metaspace: 56877K(57216K)->56877K(57216K) NonClass: 51258K(51520K)->51258K(51520K) Class: 5619K(5696K)->5619K(5696K)
[250.292s][info][gc          ] GC(493) Pause Young (Mixed) (G1 Evacuation Pause) 625M->246M(663M) 8.917ms
[250.292s][info][gc,cpu      ] GC(493) User=0.02s Sys=0.00s Real=0.01s
[251.189s][info][gc,start    ] GC(494) Pause Young (Concurrent Start) (G1 Evacuation Pause)
[251.189s][info][gc,task     ] GC(494) Using 2 workers of 2 for evacuation
[251.193s][info][gc,phases   ] GC(494)   Pre Evacuate Collection Set: 0.29ms
[251.193s][info][gc,phases   ] GC(494)   Merge Heap Roots: 0.11ms
[251.193s][info][gc,phases   ] GC(494)   Evacuate Collection Set: 2.98ms
[251.193s][info][gc,phases   ] GC(494)   Post Evacuate Collection Set: 0.66ms
[251.193s][info][gc,phases   ] GC(494)   Other: 0.12ms
[251.193s][info][gc,heap     ] GC(494) Eden regions: 377->0(381)
[251.193s][info][gc,heap     ] GC(494) Survivor regions: 4->2(48)
[251.193s][info][gc,heap     ] GC(494) Old regions: 37->37
[251.193s][info][gc,heap     ] GC(494) Humongous regions: 207->207
[251.193s][info][gc,metaspace] GC(494) Metaspace: 56877K(57216K)->56877K(57216K) NonClass: 51258K(51520K)->51258K(51520K) Class: 5619K(5696K)->5619K(5696K)
[251.193s][info][gc          ] GC(494) Pause Young (Concurrent Start) (G1 Evacuation Pause) 623M->245M(663M) 4.324ms
[251.193s][info][gc,cpu      ] GC(494) User=0.01s Sys=0.00s Real=0.01s
[251.193s][info][gc          ] GC(495) Concurrent Mark Cycle
[251.193s][info][gc,marking  ] GC(495) Concurrent Scan Root Regions
[251.196s][info][gc,marking  ] GC(495) Concurrent Scan Root Regions 2.617ms
[251.196s][info][gc,marking  ] GC(495) Concurrent Mark
[251.196s][info][gc,marking  ] GC(495) Concurrent Mark From Roots
[251.196s][info][gc,task     ] GC(495) Using 1 workers of 1 for marking
[251.237s][info][gc,marking  ] GC(495) Concurrent Mark From Roots 40.922ms
[251.237s][info][gc,marking  ] GC(495) Concurrent Preclean
[251.237s][info][gc,marking  ] GC(495) Concurrent Preclean 0.067ms
[251.237s][info][gc,start    ] GC(495) Pause Remark
[251.246s][info][gc          ] GC(495) Pause Remark 249M->249M(663M) 8.912ms
[251.246s][info][gc,cpu      ] GC(495) User=0.01s Sys=0.00s Real=0.01s
[251.246s][info][gc,marking  ] GC(495) Concurrent Mark 50.337ms
[251.246s][info][gc,marking  ] GC(495) Concurrent Rebuild Remembered Sets and Scrub Regions
[251.284s][info][gc,marking  ] GC(495) Concurrent Rebuild Remembered Sets and Scrub Regions 37.250ms
[251.284s][info][gc,start    ] GC(495) Pause Cleanup
[251.284s][info][gc          ] GC(495) Pause Cleanup 276M->276M(663M) 0.070ms
[251.284s][info][gc,cpu      ] GC(495) User=0.00s Sys=0.00s Real=0.00s
[251.284s][info][gc,marking  ] GC(495) Concurrent Clear Claimed Marks
[251.284s][info][gc,marking  ] GC(495) Concurrent Clear Claimed Marks 0.087ms
[251.284s][info][gc,marking  ] GC(495) Concurrent Cleanup for Next Mark
[251.289s][info][gc,marking  ] GC(495) Concurrent Cleanup for Next Mark 4.935ms
[251.289s][info][gc          ] GC(495) Concurrent Mark Cycle 95.631ms
[252.159s][info][gc,start    ] GC(496) Pause Young (Prepare Mixed) (G1 Evacuation Pause)
[252.159s][info][gc,task     ] GC(496) Using 2 workers of 2 for evacuation
[252.163s][info][gc,phases   ] GC(496)   Pre Evacuate Collection Set: 0.26ms
[252.163s][info][gc,phases   ] GC(496)   Merge Heap Roots: 0.14ms
[252.163s][info][gc,phases   ] GC(496)   Evacuate Collection Set: 3.35ms
[252.164s][info][gc,phases   ] GC(496)   Post Evacuate Collection Set: 0.65ms
[252.164s][info][gc,phases   ] GC(496)   Other: 0.07ms
[252.164s][info][gc,heap     ] GC(496) Eden regions: 381->0(381)
[252.164s][info][gc,heap     ] GC(496) Survivor regions: 2->2(48)
[252.164s][info][gc,heap     ] GC(496) Old regions: 37->37
[252.164s][info][gc,heap     ] GC(496) Humongous regions: 207->207
[252.164s][info][gc,metaspace] GC(496) Metaspace: 56877K(57216K)->56877K(57216K) NonClass: 51258K(51520K)->51258K(51520K) Class: 5619K(5696K)->5619K(5696K)
[252.164s][info][gc          ] GC(496) Pause Young (Prepare Mixed) (G1 Evacuation Pause) 626M->245M(663M) 4.628ms
[252.164s][info][gc,cpu      ] GC(496) User=0.01s Sys=0.00s Real=0.01s
[253.071s][info][gc,start    ] GC(497) Pause Young (Mixed) (G1 Evacuation Pause)
[253.071s][info][gc,task     ] GC(497) Using 2 workers of 2 for evacuation
[253.078s][info][gc,phases   ] GC(497)   Pre Evacuate Collection Set: 0.27ms
[253.078s][info][gc,phases   ] GC(497)   Merge Heap Roots: 0.12ms
[253.078s][info][gc,phases   ] GC(497)   Evacuate Collection Set: 6.42ms
[253.078s][info][gc,phases   ] GC(497)   Post Evacuate Collection Set: 0.70ms
[253.078s][info][gc,phases   ] GC(497)   Other: 0.10ms
[253.078s][info][gc,heap     ] GC(497) Eden regions: 381->0(377)
[253.078s][info][gc,heap     ] GC(497) Survivor regions: 2->4(48)
[253.078s][info][gc,heap     ] GC(497) Old regions: 37->37
[253.078s][info][gc,heap     ] GC(497) Humongous regions: 207->207
[253.078s][info][gc,metaspace] GC(497) Metaspace: 56877K(57216K)->56877K(57216K) NonClass: 51258K(51520K)->51258K(51520K) Class: 5619K(5696K)->5619K(5696K)
[253.078s][info][gc          ] GC(497) Pause Young (Mixed) (G1 Evacuation Pause) 626M->246M(663M) 7.808ms
[253.078s][info][gc,cpu      ] GC(497) User=0.02s Sys=0.00s Real=0.01s
[253.990s][info][gc,start    ] GC(498) Pause Young (Concurrent Start) (G1 Evacuation Pause)
[253.990s][info][gc,task     ] GC(498) Using 2 workers of 2 for evacuation
[253.995s][info][gc,phases   ] GC(498)   Pre Evacuate Collection Set: 0.28ms
[253.995s][info][gc,phases   ] GC(498)   Merge Heap Roots: 0.12ms
[253.995s][info][gc,phases   ] GC(498)   Evacuate Collection Set: 3.70ms
[253.995s][info][gc,phases   ] GC(498)   Post Evacuate Collection Set: 0.68ms
[253.995s][info][gc,phases   ] GC(498)   Other: 0.15ms
[253.995s][info][gc,heap     ] GC(498) Eden regions: 377->0(381)
[253.995s][info][gc,heap     ] GC(498) Survivor regions: 4->2(48)
[253.995s][info][gc,heap     ] GC(498) Old regions: 37->37
[253.995s][info][gc,heap     ] GC(498) Humongous regions: 207->207
[253.995s][info][gc,metaspace] GC(498) Metaspace: 56877K(57216K)->56877K(57216K) NonClass: 51258K(51520K)->51258K(51520K) Class: 5619K(5696K)->5619K(5696K)
[253.995s][info][gc          ] GC(498) Pause Young (Concurrent Start) (G1 Evacuation Pause) 623M->245M(663M) 5.120ms
[253.995s][info][gc,cpu      ] GC(498) User=0.01s Sys=0.00s Real=0.01s
[253.995s][info][gc          ] GC(499) Concurrent Mark Cycle
[253.996s][info][gc,marking  ] GC(499) Concurrent Scan Root Regions
[253.999s][info][gc,marking  ] GC(499) Concurrent Scan Root Regions 3.157ms
[253.999s][info][gc,marking  ] GC(499) Concurrent Mark
[253.999s][info][gc,marking  ] GC(499) Concurrent Mark From Roots
[253.999s][info][gc,task     ] GC(499) Using 1 workers of 1 for marking
[254.042s][info][gc,marking  ] GC(499) Concurrent Mark From Roots 43.337ms
[254.042s][info][gc,marking  ] GC(499) Concurrent Preclean
[254.042s][info][gc,marking  ] GC(499) Concurrent Preclean 0.064ms
[254.042s][info][gc,start    ] GC(499) Pause Remark
[254.051s][info][gc          ] GC(499) Pause Remark 252M->252M(663M) 9.116ms
[254.052s][info][gc,cpu      ] GC(499) User=0.02s Sys=0.00s Real=0.01s
[254.052s][info][gc,marking  ] GC(499) Concurrent Mark 52.929ms
[254.052s][info][gc,marking  ] GC(499) Concurrent Rebuild Remembered Sets and Scrub Regions
[254.077s][info][gc,marking  ] GC(499) Concurrent Rebuild Remembered Sets and Scrub Regions 24.928ms
[254.077s][info][gc,start    ] GC(499) Pause Cleanup
[254.077s][info][gc          ] GC(499) Pause Cleanup 271M->271M(663M) 0.073ms
[254.077s][info][gc,cpu      ] GC(499) User=0.00s Sys=0.00s Real=0.00s
[254.077s][info][gc,marking  ] GC(499) Concurrent Clear Claimed Marks
[254.077s][info][gc,marking  ] GC(499) Concurrent Clear Claimed Marks 0.086ms
[254.077s][info][gc,marking  ] GC(499) Concurrent Cleanup for Next Mark
[254.080s][info][gc,marking  ] GC(499) Concurrent Cleanup for Next Mark 3.010ms
[254.080s][info][gc          ] GC(499) Concurrent Mark Cycle 84.873ms
[254.958s][info][gc,start    ] GC(500) Pause Young (Prepare Mixed) (G1 Evacuation Pause)
[254.958s][info][gc,task     ] GC(500) Using 2 workers of 2 for evacuation
[254.962s][info][gc,phases   ] GC(500)   Pre Evacuate Collection Set: 0.27ms
[254.962s][info][gc,phases   ] GC(500)   Merge Heap Roots: 0.12ms
[254.962s][info][gc,phases   ] GC(500)   Evacuate Collection Set: 3.24ms
[254.962s][info][gc,phases   ] GC(500)   Post Evacuate Collection Set: 0.68ms
[254.962s][info][gc,phases   ] GC(500)   Other: 0.10ms
[254.962s][info][gc,heap     ] GC(500) Eden regions: 381->0(379)
[254.962s][info][gc,heap     ] GC(500) Survivor regions: 2->3(48)
[254.962s][info][gc,heap     ] GC(500) Old regions: 37->37
[254.962s][info][gc,heap     ] GC(500) Humongous regions: 207->207
[254.962s][info][gc,metaspace] GC(500) Metaspace: 56877K(57216K)->56877K(57216K) NonClass: 51258K(51520K)->51258K(51520K) Class: 5619K(5696K)->5619K(5696K)
[254.962s][info][gc          ] GC(500) Pause Young (Prepare Mixed) (G1 Evacuation Pause) 626M->245M(663M) 4.600ms
[254.962s][info][gc,cpu      ] GC(500) User=0.00s Sys=0.00s Real=0.01s
[255.878s][info][gc,start    ] GC(501) Pause Young (Mixed) (G1 Evacuation Pause)
[255.878s][info][gc,task     ] GC(501) Using 2 workers of 2 for evacuation
[255.886s][info][gc,phases   ] GC(501)   Pre Evacuate Collection Set: 0.25ms
[255.886s][info][gc,phases   ] GC(501)   Merge Heap Roots: 0.13ms
[255.886s][info][gc,phases   ] GC(501)   Evacuate Collection Set: 6.83ms
[255.886s][info][gc,phases   ] GC(501)   Post Evacuate Collection Set: 0.69ms
[255.886s][info][gc,phases   ] GC(501)   Other: 0.10ms
[255.886s][info][gc,heap     ] GC(501) Eden regions: 379->0(377)
[255.886s][info][gc,heap     ] GC(501) Survivor regions: 3->4(48)
[255.886s][info][gc,heap     ] GC(501) Old regions: 37->37
[255.886s][info][gc,heap     ] GC(501) Humongous regions: 207->207
[255.886s][info][gc,metaspace] GC(501) Metaspace: 56877K(57216K)->56877K(57216K) NonClass: 51258K(51520K)->51258K(51520K) Class: 5619K(5696K)->5619K(5696K)
[255.886s][info][gc          ] GC(501) Pause Young (Mixed) (G1 Evacuation Pause) 624M->246M(663M) 8.206ms
[255.886s][info][gc,cpu      ] GC(501) User=0.01s Sys=0.00s Real=0.01s
[256.828s][info][gc,start    ] GC(502) Pause Young (Concurrent Start) (G1 Evacuation Pause)
[256.828s][info][gc,task     ] GC(502) Using 2 workers of 2 for evacuation
[256.833s][info][gc,phases   ] GC(502)   Pre Evacuate Collection Set: 0.28ms
[256.833s][info][gc,phases   ] GC(502)   Merge Heap Roots: 0.12ms
[256.833s][info][gc,phases   ] GC(502)   Evacuate Collection Set: 3.51ms
[256.833s][info][gc,phases   ] GC(502)   Post Evacuate Collection Set: 0.67ms
[256.833s][info][gc,phases   ] GC(502)   Other: 0.11ms
[256.833s][info][gc,heap     ] GC(502) Eden regions: 377->0(381)
[256.833s][info][gc,heap     ] GC(502) Survivor regions: 4->2(48)
[256.833s][info][gc,heap     ] GC(502) Old regions: 37->37
[256.833s][info][gc,heap     ] GC(502) Humongous regions: 207->207
[256.833s][info][gc,metaspace] GC(502) Metaspace: 56877K(57216K)->56877K(57216K) NonClass: 51258K(51520K)->51258K(51520K) Class: 5619K(5696K)->5619K(5696K)
[256.833s][info][gc          ] GC(502) Pause Young (Concurrent Start) (G1 Evacuation Pause) 623M->245M(663M) 4.872ms
[256.833s][info][gc,cpu      ] GC(502) User=0.01s Sys=0.00s Real=0.01s
[256.833s][info][gc          ] GC(503) Concurrent Mark Cycle
[256.835s][info][gc,marking  ] GC(503) Concurrent Scan Root Regions
[256.839s][info][gc,marking  ] GC(503) Concurrent Scan Root Regions 3.732ms
[256.839s][info][gc,marking  ] GC(503) Concurrent Mark
[256.839s][info][gc,marking  ] GC(503) Concurrent Mark From Roots
[256.839s][info][gc,task     ] GC(503) Using 1 workers of 1 for marking
[256.907s][info][gc,marking  ] GC(503) Concurrent Mark From Roots 67.808ms
[256.907s][info][gc,marking  ] GC(503) Concurrent Preclean
[256.907s][info][gc,marking  ] GC(503) Concurrent Preclean 0.081ms
[256.907s][info][gc,start    ] GC(503) Pause Remark
[256.916s][info][gc          ] GC(503) Pause Remark 287M->287M(663M) 9.043ms
[256.916s][info][gc,cpu      ] GC(503) User=0.01s Sys=0.00s Real=0.01s
[256.916s][info][gc,marking  ] GC(503) Concurrent Mark 77.706ms
[256.916s][info][gc,marking  ] GC(503) Concurrent Rebuild Remembered Sets and Scrub Regions
[256.932s][info][gc,marking  ] GC(503) Concurrent Rebuild Remembered Sets and Scrub Regions 15.621ms
[256.932s][info][gc,start    ] GC(503) Pause Cleanup
[256.932s][info][gc          ] GC(503) Pause Cleanup 290M->290M(663M) 0.059ms
[256.932s][info][gc,cpu      ] GC(503) User=0.00s Sys=0.00s Real=0.00s
[256.932s][info][gc,marking  ] GC(503) Concurrent Clear Claimed Marks
[256.932s][info][gc,marking  ] GC(503) Concurrent Clear Claimed Marks 0.083ms
[256.932s][info][gc,marking  ] GC(503) Concurrent Cleanup for Next Mark
[256.934s][info][gc,marking  ] GC(503) Concurrent Cleanup for Next Mark 1.932ms
[256.934s][info][gc          ] GC(503) Concurrent Mark Cycle 101.004ms
[257.760s][info][gc,start    ] GC(504) Pause Young (Prepare Mixed) (G1 Evacuation Pause)
[257.760s][info][gc,task     ] GC(504) Using 2 workers of 2 for evacuation
[257.765s][info][gc,phases   ] GC(504)   Pre Evacuate Collection Set: 0.27ms
[257.765s][info][gc,phases   ] GC(504)   Merge Heap Roots: 0.15ms
[257.765s][info][gc,phases   ] GC(504)   Evacuate Collection Set: 3.34ms
[257.765s][info][gc,phases   ] GC(504)   Post Evacuate Collection Set: 0.66ms
[257.765s][info][gc,phases   ] GC(504)   Other: 0.08ms
[257.765s][info][gc,heap     ] GC(504) Eden regions: 381->0(381)
[257.765s][info][gc,heap     ] GC(504) Survivor regions: 2->2(48)
[257.765s][info][gc,heap     ] GC(504) Old regions: 37->37
[257.765s][info][gc,heap     ] GC(504) Humongous regions: 207->207
[257.765s][info][gc,metaspace] GC(504) Metaspace: 56877K(57216K)->56877K(57216K) NonClass: 51258K(51520K)->51258K(51520K) Class: 5619K(5696K)->5619K(5696K)
[257.765s][info][gc          ] GC(504) Pause Young (Prepare Mixed) (G1 Evacuation Pause) 626M->245M(663M) 4.684ms
[257.765s][info][gc,cpu      ] GC(504) User=0.01s Sys=0.00s Real=0.01s
[258.726s][info][gc,start    ] GC(505) Pause Young (Mixed) (G1 Evacuation Pause)
[258.726s][info][gc,task     ] GC(505) Using 2 workers of 2 for evacuation
[258.735s][info][gc,phases   ] GC(505)   Pre Evacuate Collection Set: 0.38ms
[258.735s][info][gc,phases   ] GC(505)   Merge Heap Roots: 0.13ms
[258.735s][info][gc,phases   ] GC(505)   Evacuate Collection Set: 7.72ms
[258.735s][info][gc,phases   ] GC(505)   Post Evacuate Collection Set: 1.02ms
[258.735s][info][gc,phases   ] GC(505)   Other: 0.09ms
[258.736s][info][gc,heap     ] GC(505) Eden regions: 381->0(379)
[258.736s][info][gc,heap     ] GC(505) Survivor regions: 2->3(48)
[258.736s][info][gc,heap     ] GC(505) Old regions: 37->37
[258.736s][info][gc,heap     ] GC(505) Humongous regions: 207->207
[258.736s][info][gc,metaspace] GC(505) Metaspace: 56877K(57216K)->56877K(57216K) NonClass: 51258K(51520K)->51258K(51520K) Class: 5619K(5696K)->5619K(5696K)
[258.736s][info][gc          ] GC(505) Pause Young (Mixed) (G1 Evacuation Pause) 626M->245M(663M) 9.559ms
[258.736s][info][gc,cpu      ] GC(505) User=0.01s Sys=0.00s Real=0.01s
[259.589s][info][gc,start    ] GC(506) Pause Young (Concurrent Start) (G1 Evacuation Pause)
[259.589s][info][gc,task     ] GC(506) Using 2 workers of 2 for evacuation
[259.593s][info][gc,phases   ] GC(506)   Pre Evacuate Collection Set: 0.28ms
[259.593s][info][gc,phases   ] GC(506)   Merge Heap Roots: 0.11ms
[259.593s][info][gc,phases   ] GC(506)   Evacuate Collection Set: 2.82ms
[259.593s][info][gc,phases   ] GC(506)   Post Evacuate Collection Set: 0.65ms
[259.593s][info][gc,phases   ] GC(506)   Other: 0.14ms
[259.593s][info][gc,heap     ] GC(506) Eden regions: 379->0(383)
[259.593s][info][gc,heap     ] GC(506) Survivor regions: 3->1(48)
[259.593s][info][gc,heap     ] GC(506) Old regions: 37->37
[259.593s][info][gc,heap     ] GC(506) Humongous regions: 207->207
[259.593s][info][gc,metaspace] GC(506) Metaspace: 56877K(57216K)->56877K(57216K) NonClass: 51258K(51520K)->51258K(51520K) Class: 5619K(5696K)->5619K(5696K)
[259.593s][info][gc          ] GC(506) Pause Young (Concurrent Start) (G1 Evacuation Pause) 624M->244M(663M) 4.179ms
[259.593s][info][gc          ] GC(507) Concurrent Mark Cycle
[259.593s][info][gc,marking  ] GC(507) Concurrent Scan Root Regions
[259.595s][info][gc,marking  ] GC(507) Concurrent Scan Root Regions 1.771ms
[259.595s][info][gc,marking  ] GC(507) Concurrent Mark
[259.595s][info][gc,marking  ] GC(507) Concurrent Mark From Roots
[259.595s][info][gc,task     ] GC(507) Using 1 workers of 1 for marking
[259.595s][info][gc,cpu      ] GC(506) User=0.01s Sys=0.00s Real=0.01s
[259.637s][info][gc,marking  ] GC(507) Concurrent Mark From Roots 41.616ms
[259.637s][info][gc,marking  ] GC(507) Concurrent Preclean
[259.637s][info][gc,marking  ] GC(507) Concurrent Preclean 0.065ms
[259.637s][info][gc,start    ] GC(507) Pause Remark
[259.647s][info][gc          ] GC(507) Pause Remark 248M->248M(663M) 9.875ms
[259.647s][info][gc,cpu      ] GC(507) User=0.02s Sys=0.00s Real=0.01s
[259.647s][info][gc,marking  ] GC(507) Concurrent Mark 51.858ms
[259.647s][info][gc,marking  ] GC(507) Concurrent Rebuild Remembered Sets and Scrub Regions
[259.672s][info][gc,marking  ] GC(507) Concurrent Rebuild Remembered Sets and Scrub Regions 25.181ms
[259.672s][info][gc,start    ] GC(507) Pause Cleanup
[259.672s][info][gc          ] GC(507) Pause Cleanup 264M->264M(663M) 0.068ms
[259.672s][info][gc,cpu      ] GC(507) User=0.00s Sys=0.00s Real=0.00s
[259.673s][info][gc,marking  ] GC(507) Concurrent Clear Claimed Marks
[259.673s][info][gc,marking  ] GC(507) Concurrent Clear Claimed Marks 0.084ms
[259.673s][info][gc,marking  ] GC(507) Concurrent Cleanup for Next Mark
[259.675s][info][gc,marking  ] GC(507) Concurrent Cleanup for Next Mark 2.198ms
[259.675s][info][gc          ] GC(507) Concurrent Mark Cycle 81.587ms
[260.667s][info][gc,start    ] GC(508) Pause Young (Prepare Mixed) (G1 Evacuation Pause)
[260.667s][info][gc,task     ] GC(508) Using 2 workers of 2 for evacuation
[260.673s][info][gc,phases   ] GC(508)   Pre Evacuate Collection Set: 0.25ms
[260.673s][info][gc,phases   ] GC(508)   Merge Heap Roots: 0.12ms
[260.673s][info][gc,phases   ] GC(508)   Evacuate Collection Set: 4.18ms
[260.673s][info][gc,phases   ] GC(508)   Post Evacuate Collection Set: 0.66ms
[260.673s][info][gc,phases   ] GC(508)   Other: 0.10ms
[260.673s][info][gc,heap     ] GC(508) Eden regions: 383->0(379)
[260.673s][info][gc,heap     ] GC(508) Survivor regions: 1->3(48)
[260.673s][info][gc,heap     ] GC(508) Old regions: 37->37
[260.673s][info][gc,heap     ] GC(508) Humongous regions: 207->207
[260.673s][info][gc,metaspace] GC(508) Metaspace: 56877K(57216K)->56877K(57216K) NonClass: 51258K(51520K)->51258K(51520K) Class: 5619K(5696K)->5619K(5696K)
[260.673s][info][gc          ] GC(508) Pause Young (Prepare Mixed) (G1 Evacuation Pause) 627M->245M(663M) 5.490ms
[260.673s][info][gc,cpu      ] GC(508) User=0.01s Sys=0.00s Real=0.01s
[261.578s][info][gc,start    ] GC(509) Pause Young (Mixed) (G1 Evacuation Pause)
[261.578s][info][gc,task     ] GC(509) Using 2 workers of 2 for evacuation
[261.587s][info][gc,phases   ] GC(509)   Pre Evacuate Collection Set: 0.27ms
[261.587s][info][gc,phases   ] GC(509)   Merge Heap Roots: 0.13ms
[261.587s][info][gc,phases   ] GC(509)   Evacuate Collection Set: 7.16ms
[261.587s][info][gc,phases   ] GC(509)   Post Evacuate Collection Set: 0.76ms
[261.587s][info][gc,phases   ] GC(509)   Other: 0.10ms
[261.587s][info][gc,heap     ] GC(509) Eden regions: 379->0(377)
[261.587s][info][gc,heap     ] GC(509) Survivor regions: 3->4(48)
[261.587s][info][gc,heap     ] GC(509) Old regions: 37->37
[261.587s][info][gc,heap     ] GC(509) Humongous regions: 207->207
[261.587s][info][gc,metaspace] GC(509) Metaspace: 56877K(57216K)->56877K(57216K) NonClass: 51258K(51520K)->51258K(51520K) Class: 5619K(5696K)->5619K(5696K)
[261.587s][info][gc          ] GC(509) Pause Young (Mixed) (G1 Evacuation Pause) 624M->246M(663M) 8.611ms
[261.587s][info][gc,cpu      ] GC(509) User=0.01s Sys=0.00s Real=0.01s
[262.553s][info][gc,start    ] GC(510) Pause Young (Concurrent Start) (G1 Evacuation Pause)
[262.553s][info][gc,task     ] GC(510) Using 2 workers of 2 for evacuation
[262.556s][info][gc,phases   ] GC(510)   Pre Evacuate Collection Set: 0.27ms
[262.556s][info][gc,phases   ] GC(510)   Merge Heap Roots: 0.12ms
[262.556s][info][gc,phases   ] GC(510)   Evacuate Collection Set: 2.57ms
[262.556s][info][gc,phases   ] GC(510)   Post Evacuate Collection Set: 0.67ms
[262.556s][info][gc,phases   ] GC(510)   Other: 0.10ms
[262.556s][info][gc,heap     ] GC(510) Eden regions: 377->0(383)
[262.556s][info][gc,heap     ] GC(510) Survivor regions: 4->1(48)
[262.556s][info][gc,heap     ] GC(510) Old regions: 37->37
[262.556s][info][gc,heap     ] GC(510) Humongous regions: 207->207
[262.556s][info][gc,metaspace] GC(510) Metaspace: 56877K(57216K)->56877K(57216K) NonClass: 51258K(51520K)->51258K(51520K) Class: 5619K(5696K)->5619K(5696K)
[262.557s][info][gc          ] GC(510) Pause Young (Concurrent Start) (G1 Evacuation Pause) 623M->244M(663M) 3.924ms
[262.557s][info][gc,cpu      ] GC(510) User=0.00s Sys=0.00s Real=0.00s
[262.557s][info][gc          ] GC(511) Concurrent Mark Cycle
[262.557s][info][gc,marking  ] GC(511) Concurrent Scan Root Regions
[262.559s][info][gc,marking  ] GC(511) Concurrent Scan Root Regions 2.813ms
[262.559s][info][gc,marking  ] GC(511) Concurrent Mark
[262.559s][info][gc,marking  ] GC(511) Concurrent Mark From Roots
[262.559s][info][gc,task     ] GC(511) Using 1 workers of 1 for marking
[262.613s][info][gc,marking  ] GC(511) Concurrent Mark From Roots 53.584ms
[262.613s][info][gc,marking  ] GC(511) Concurrent Preclean
[262.613s][info][gc,marking  ] GC(511) Concurrent Preclean 0.080ms
[262.613s][info][gc,start    ] GC(511) Pause Remark
[262.622s][info][gc          ] GC(511) Pause Remark 279M->279M(663M) 9.231ms
[262.623s][info][gc,cpu      ] GC(511) User=0.01s Sys=0.00s Real=0.01s
[262.623s][info][gc,marking  ] GC(511) Concurrent Mark 63.186ms
[262.623s][info][gc,marking  ] GC(511) Concurrent Rebuild Remembered Sets and Scrub Regions
[262.640s][info][gc,marking  ] GC(511) Concurrent Rebuild Remembered Sets and Scrub Regions 17.658ms
[262.640s][info][gc,start    ] GC(511) Pause Cleanup
[262.641s][info][gc          ] GC(511) Pause Cleanup 282M->282M(663M) 0.080ms
[262.641s][info][gc,cpu      ] GC(511) User=0.00s Sys=0.00s Real=0.00s
[262.641s][info][gc,marking  ] GC(511) Concurrent Clear Claimed Marks
[262.641s][info][gc,marking  ] GC(511) Concurrent Clear Claimed Marks 0.096ms
[262.641s][info][gc,marking  ] GC(511) Concurrent Cleanup for Next Mark
[262.643s][info][gc,marking  ] GC(511) Concurrent Cleanup for Next Mark 2.101ms
[262.643s][info][gc          ] GC(511) Concurrent Mark Cycle 86.310ms
[263.477s][info][gc,start    ] GC(512) Pause Young (Prepare Mixed) (G1 Evacuation Pause)
[263.477s][info][gc,task     ] GC(512) Using 2 workers of 2 for evacuation
[263.481s][info][gc,phases   ] GC(512)   Pre Evacuate Collection Set: 0.29ms
[263.481s][info][gc,phases   ] GC(512)   Merge Heap Roots: 0.13ms
[263.481s][info][gc,phases   ] GC(512)   Evacuate Collection Set: 3.41ms
[263.481s][info][gc,phases   ] GC(512)   Post Evacuate Collection Set: 0.67ms
[263.481s][info][gc,phases   ] GC(512)   Other: 0.11ms
[263.481s][info][gc,heap     ] GC(512) Eden regions: 383->0(381)
[263.481s][info][gc,heap     ] GC(512) Survivor regions: 1->2(48)
[263.481s][info][gc,heap     ] GC(512) Old regions: 37->37
[263.481s][info][gc,heap     ] GC(512) Humongous regions: 207->207
[263.481s][info][gc,metaspace] GC(512) Metaspace: 56877K(57216K)->56877K(57216K) NonClass: 51258K(51520K)->51258K(51520K) Class: 5619K(5696K)->5619K(5696K)
[263.481s][info][gc          ] GC(512) Pause Young (Prepare Mixed) (G1 Evacuation Pause) 627M->245M(663M) 4.790ms
[263.481s][info][gc,cpu      ] GC(512) User=0.01s Sys=0.00s Real=0.01s
[264.400s][info][gc,start    ] GC(513) Pause Young (Mixed) (G1 Evacuation Pause)
[264.400s][info][gc,task     ] GC(513) Using 2 workers of 2 for evacuation
[264.405s][info][gc,phases   ] GC(513)   Pre Evacuate Collection Set: 0.27ms
[264.405s][info][gc,phases   ] GC(513)   Merge Heap Roots: 0.15ms
[264.405s][info][gc,phases   ] GC(513)   Evacuate Collection Set: 3.97ms
[264.405s][info][gc,phases   ] GC(513)   Post Evacuate Collection Set: 0.69ms
[264.405s][info][gc,phases   ] GC(513)   Other: 0.12ms
[264.405s][info][gc,heap     ] GC(513) Eden regions: 381->0(381)
[264.405s][info][gc,heap     ] GC(513) Survivor regions: 2->2(48)
[264.405s][info][gc,heap     ] GC(513) Old regions: 37->37
[264.405s][info][gc,heap     ] GC(513) Humongous regions: 207->207
[264.405s][info][gc,metaspace] GC(513) Metaspace: 56877K(57216K)->56877K(57216K) NonClass: 51258K(51520K)->51258K(51520K) Class: 5619K(5696K)->5619K(5696K)
[264.405s][info][gc          ] GC(513) Pause Young (Mixed) (G1 Evacuation Pause) 626M->244M(663M) 5.369ms
[264.405s][info][gc,cpu      ] GC(513) User=0.01s Sys=0.00s Real=0.01s
[265.360s][info][gc,start    ] GC(514) Pause Young (Concurrent Start) (G1 Evacuation Pause)
[265.360s][info][gc,task     ] GC(514) Using 2 workers of 2 for evacuation
[265.365s][info][gc,phases   ] GC(514)   Pre Evacuate Collection Set: 0.29ms
[265.365s][info][gc,phases   ] GC(514)   Merge Heap Roots: 0.11ms
[265.365s][info][gc,phases   ] GC(514)   Evacuate Collection Set: 3.67ms
[265.365s][info][gc,phases   ] GC(514)   Post Evacuate Collection Set: 0.65ms
[265.365s][info][gc,phases   ] GC(514)   Other: 0.12ms
[265.365s][info][gc,heap     ] GC(514) Eden regions: 381->0(379)
[265.365s][info][gc,heap     ] GC(514) Survivor regions: 2->3(48)
[265.365s][info][gc,heap     ] GC(514) Old regions: 37->37
[265.365s][info][gc,heap     ] GC(514) Humongous regions: 207->207
[265.365s][info][gc,metaspace] GC(514) Metaspace: 56877K(57216K)->56877K(57216K) NonClass: 51258K(51520K)->51258K(51520K) Class: 5619K(5696K)->5619K(5696K)
[265.365s][info][gc          ] GC(514) Pause Young (Concurrent Start) (G1 Evacuation Pause) 625M->245M(663M) 5.001ms
[265.365s][info][gc,cpu      ] GC(514) User=0.01s Sys=0.00s Real=0.01s
[265.366s][info][gc          ] GC(515) Concurrent Mark Cycle
[265.366s][info][gc,marking  ] GC(515) Concurrent Scan Root Regions
[265.369s][info][gc,marking  ] GC(515) Concurrent Scan Root Regions 3.732ms
[265.369s][info][gc,marking  ] GC(515) Concurrent Mark
[265.369s][info][gc,marking  ] GC(515) Concurrent Mark From Roots
[265.369s][info][gc,task     ] GC(515) Using 1 workers of 1 for marking
[265.411s][info][gc,marking  ] GC(515) Concurrent Mark From Roots 41.964ms
[265.411s][info][gc,marking  ] GC(515) Concurrent Preclean
[265.411s][info][gc,marking  ] GC(515) Concurrent Preclean 0.067ms
[265.411s][info][gc,start    ] GC(515) Pause Remark
[265.421s][info][gc          ] GC(515) Pause Remark 272M->272M(663M) 9.081ms
[265.421s][info][gc,cpu      ] GC(515) User=0.02s Sys=0.00s Real=0.00s
[265.421s][info][gc,marking  ] GC(515) Concurrent Mark 51.321ms
[265.421s][info][gc,marking  ] GC(515) Concurrent Rebuild Remembered Sets and Scrub Regions
[265.436s][info][gc,marking  ] GC(515) Concurrent Rebuild Remembered Sets and Scrub Regions 15.701ms
[265.436s][info][gc,start    ] GC(515) Pause Cleanup
[265.436s][info][gc          ] GC(515) Pause Cleanup 275M->275M(663M) 0.062ms
[265.436s][info][gc,cpu      ] GC(515) User=0.00s Sys=0.00s Real=0.00s
[265.437s][info][gc,marking  ] GC(515) Concurrent Clear Claimed Marks
[265.437s][info][gc,marking  ] GC(515) Concurrent Clear Claimed Marks 0.083ms
[265.437s][info][gc,marking  ] GC(515) Concurrent Cleanup for Next Mark
[265.439s][info][gc,marking  ] GC(515) Concurrent Cleanup for Next Mark 1.928ms
[265.439s][info][gc          ] GC(515) Concurrent Mark Cycle 73.048ms
[266.320s][info][gc,start    ] GC(516) Pause Young (Prepare Mixed) (G1 Evacuation Pause)
[266.320s][info][gc,task     ] GC(516) Using 2 workers of 2 for evacuation
[266.326s][info][gc,phases   ] GC(516)   Pre Evacuate Collection Set: 0.28ms
[266.326s][info][gc,phases   ] GC(516)   Merge Heap Roots: 0.11ms
[266.326s][info][gc,phases   ] GC(516)   Evacuate Collection Set: 4.74ms
[266.326s][info][gc,phases   ] GC(516)   Post Evacuate Collection Set: 0.64ms
[266.326s][info][gc,phases   ] GC(516)   Other: 0.09ms
[266.326s][info][gc,heap     ] GC(516) Eden regions: 379->0(377)
[266.326s][info][gc,heap     ] GC(516) Survivor regions: 3->4(48)
[266.326s][info][gc,heap     ] GC(516) Old regions: 37->37
[266.326s][info][gc,heap     ] GC(516) Humongous regions: 207->207
[266.326s][info][gc,metaspace] GC(516) Metaspace: 56877K(57216K)->56877K(57216K) NonClass: 51258K(51520K)->51258K(51520K) Class: 5619K(5696K)->5619K(5696K)
[266.326s][info][gc          ] GC(516) Pause Young (Prepare Mixed) (G1 Evacuation Pause) 624M->246M(663M) 6.052ms
[266.326s][info][gc,cpu      ] GC(516) User=0.01s Sys=0.00s Real=0.01s
[267.178s][info][gc,start    ] GC(517) Pause Young (Mixed) (G1 Evacuation Pause)
[267.178s][info][gc,task     ] GC(517) Using 2 workers of 2 for evacuation
[267.184s][info][gc,phases   ] GC(517)   Pre Evacuate Collection Set: 0.27ms
[267.185s][info][gc,phases   ] GC(517)   Merge Heap Roots: 0.13ms
[267.185s][info][gc,phases   ] GC(517)   Evacuate Collection Set: 5.74ms
[267.185s][info][gc,phases   ] GC(517)   Post Evacuate Collection Set: 0.66ms
[267.185s][info][gc,phases   ] GC(517)   Other: 0.08ms
[267.185s][info][gc,heap     ] GC(517) Eden regions: 377->0(379)
[267.185s][info][gc,heap     ] GC(517) Survivor regions: 4->3(48)
[267.185s][info][gc,heap     ] GC(517) Old regions: 37->37
[267.185s][info][gc,heap     ] GC(517) Humongous regions: 207->207
[267.185s][info][gc,metaspace] GC(517) Metaspace: 56877K(57216K)->56877K(57216K) NonClass: 51258K(51520K)->51258K(51520K) Class: 5619K(5696K)->5619K(5696K)
[267.185s][info][gc          ] GC(517) Pause Young (Mixed) (G1 Evacuation Pause) 623M->245M(663M) 7.045ms
[267.185s][info][gc,cpu      ] GC(517) User=0.01s Sys=0.00s Real=0.01s
[268.153s][info][gc,start    ] GC(518) Pause Young (Concurrent Start) (G1 Evacuation Pause)
[268.153s][info][gc,task     ] GC(518) Using 2 workers of 2 for evacuation
[268.156s][info][gc,phases   ] GC(518)   Pre Evacuate Collection Set: 0.28ms
[268.156s][info][gc,phases   ] GC(518)   Merge Heap Roots: 0.11ms
[268.156s][info][gc,phases   ] GC(518)   Evacuate Collection Set: 2.39ms
[268.156s][info][gc,phases   ] GC(518)   Post Evacuate Collection Set: 0.65ms
[268.156s][info][gc,phases   ] GC(518)   Other: 0.12ms
[268.156s][info][gc,heap     ] GC(518) Eden regions: 379->0(383)
[268.156s][info][gc,heap     ] GC(518) Survivor regions: 3->1(48)
[268.156s][info][gc,heap     ] GC(518) Old regions: 37->37
[268.157s][info][gc,heap     ] GC(518) Humongous regions: 207->207
[268.157s][info][gc,metaspace] GC(518) Metaspace: 56877K(57216K)->56877K(57216K) NonClass: 51258K(51520K)->51258K(51520K) Class: 5619K(5696K)->5619K(5696K)
[268.157s][info][gc          ] GC(518) Pause Young (Concurrent Start) (G1 Evacuation Pause) 624M->243M(663M) 3.727ms
[268.157s][info][gc,cpu      ] GC(518) User=0.01s Sys=0.00s Real=0.00s
[268.157s][info][gc          ] GC(519) Concurrent Mark Cycle
[268.157s][info][gc,marking  ] GC(519) Concurrent Scan Root Regions
[268.158s][info][gc,marking  ] GC(519) Concurrent Scan Root Regions 1.595ms
[268.158s][info][gc,marking  ] GC(519) Concurrent Mark
[268.158s][info][gc,marking  ] GC(519) Concurrent Mark From Roots
[268.158s][info][gc,task     ] GC(519) Using 1 workers of 1 for marking
[268.223s][info][gc,marking  ] GC(519) Concurrent Mark From Roots 64.743ms
[268.223s][info][gc,marking  ] GC(519) Concurrent Preclean
[268.223s][info][gc,marking  ] GC(519) Concurrent Preclean 0.071ms
[268.223s][info][gc,start    ] GC(519) Pause Remark
[268.232s][info][gc          ] GC(519) Pause Remark 282M->282M(663M) 9.217ms
[268.232s][info][gc,cpu      ] GC(519) User=0.02s Sys=0.00s Real=0.01s
[268.233s][info][gc,marking  ] GC(519) Concurrent Mark 74.503ms
[268.233s][info][gc,marking  ] GC(519) Concurrent Rebuild Remembered Sets and Scrub Regions
[268.248s][info][gc,marking  ] GC(519) Concurrent Rebuild Remembered Sets and Scrub Regions 15.621ms
[268.248s][info][gc,start    ] GC(519) Pause Cleanup
[268.249s][info][gc          ] GC(519) Pause Cleanup 282M->282M(663M) 0.047ms
[268.249s][info][gc,cpu      ] GC(519) User=0.00s Sys=0.00s Real=0.00s
[268.249s][info][gc,marking  ] GC(519) Concurrent Clear Claimed Marks
[268.249s][info][gc,marking  ] GC(519) Concurrent Clear Claimed Marks 0.077ms
[268.249s][info][gc,marking  ] GC(519) Concurrent Cleanup for Next Mark
[268.253s][info][gc,marking  ] GC(519) Concurrent Cleanup for Next Mark 4.275ms
[268.253s][info][gc          ] GC(519) Concurrent Mark Cycle 96.313ms
[269.068s][info][gc,start    ] GC(520) Pause Young (Prepare Mixed) (G1 Evacuation Pause)
[269.068s][info][gc,task     ] GC(520) Using 2 workers of 2 for evacuation
[269.073s][info][gc,phases   ] GC(520)   Pre Evacuate Collection Set: 0.29ms
[269.073s][info][gc,phases   ] GC(520)   Merge Heap Roots: 0.12ms
[269.073s][info][gc,phases   ] GC(520)   Evacuate Collection Set: 3.95ms
[269.073s][info][gc,phases   ] GC(520)   Post Evacuate Collection Set: 0.64ms
[269.073s][info][gc,phases   ] GC(520)   Other: 0.11ms
[269.073s][info][gc,heap     ] GC(520) Eden regions: 383->0(379)
[269.073s][info][gc,heap     ] GC(520) Survivor regions: 1->3(48)
[269.073s][info][gc,heap     ] GC(520) Old regions: 37->37
[269.073s][info][gc,heap     ] GC(520) Humongous regions: 207->207
[269.073s][info][gc,metaspace] GC(520) Metaspace: 56877K(57216K)->56877K(57216K) NonClass: 51258K(51520K)->51258K(51520K) Class: 5619K(5696K)->5619K(5696K)
[269.073s][info][gc          ] GC(520) Pause Young (Prepare Mixed) (G1 Evacuation Pause) 626M->245M(663M) 5.297ms
[269.073s][info][gc,cpu      ] GC(520) User=0.00s Sys=0.00s Real=0.01s
[269.979s][info][gc,start    ] GC(521) Pause Young (Mixed) (G1 Evacuation Pause)
[269.980s][info][gc,task     ] GC(521) Using 2 workers of 2 for evacuation
[269.987s][info][gc,phases   ] GC(521)   Pre Evacuate Collection Set: 0.27ms
[269.987s][info][gc,phases   ] GC(521)   Merge Heap Roots: 0.13ms
[269.987s][info][gc,phases   ] GC(521)   Evacuate Collection Set: 6.15ms
[269.987s][info][gc,phases   ] GC(521)   Post Evacuate Collection Set: 0.68ms
[269.987s][info][gc,phases   ] GC(521)   Other: 0.08ms
[269.987s][info][gc,heap     ] GC(521) Eden regions: 379->0(379)
[269.987s][info][gc,heap     ] GC(521) Survivor regions: 3->3(48)
[269.987s][info][gc,heap     ] GC(521) Old regions: 37->37
[269.987s][info][gc,heap     ] GC(521) Humongous regions: 207->207
[269.987s][info][gc,metaspace] GC(521) Metaspace: 56877K(57216K)->56877K(57216K) NonClass: 51258K(51520K)->51258K(51520K) Class: 5619K(5696K)->5619K(5696K)
[269.987s][info][gc          ] GC(521) Pause Young (Mixed) (G1 Evacuation Pause) 624M->245M(663M) 7.477ms
[269.987s][info][gc,cpu      ] GC(521) User=0.01s Sys=0.00s Real=0.01s
[270.908s][info][gc,start    ] GC(522) Pause Young (Concurrent Start) (G1 Humongous Allocation)
[270.908s][info][gc,task     ] GC(522) Using 2 workers of 2 for evacuation
[270.911s][info][gc,phases   ] GC(522)   Pre Evacuate Collection Set: 0.32ms
[270.911s][info][gc,phases   ] GC(522)   Merge Heap Roots: 0.11ms
[270.911s][info][gc,phases   ] GC(522)   Evacuate Collection Set: 1.93ms
[270.911s][info][gc,phases   ] GC(522)   Post Evacuate Collection Set: 0.60ms
[270.911s][info][gc,phases   ] GC(522)   Other: 0.09ms
[270.911s][info][gc,heap     ] GC(522) Eden regions: 378->0(383)
[270.911s][info][gc,heap     ] GC(522) Survivor regions: 3->1(48)
[270.911s][info][gc,heap     ] GC(522) Old regions: 37->37
[270.911s][info][gc,heap     ] GC(522) Humongous regions: 207->207
[270.911s][info][gc,metaspace] GC(522) Metaspace: 56881K(57216K)->56881K(57216K) NonClass: 51262K(51520K)->51262K(51520K) Class: 5619K(5696K)->5619K(5696K)
[270.911s][info][gc          ] GC(522) Pause Young (Concurrent Start) (G1 Humongous Allocation) 623M->243M(663M) 3.223ms
[270.911s][info][gc,cpu      ] GC(522) User=0.00s Sys=0.00s Real=0.00s
[270.911s][info][gc          ] GC(523) Concurrent Mark Cycle
[270.911s][info][gc,marking  ] GC(523) Concurrent Scan Root Regions
[270.912s][info][gc,marking  ] GC(523) Concurrent Scan Root Regions 1.281ms
[270.913s][info][gc,marking  ] GC(523) Concurrent Mark
[270.913s][info][gc,marking  ] GC(523) Concurrent Mark From Roots
[270.913s][info][gc,task     ] GC(523) Using 1 workers of 1 for marking
[270.954s][info][gc,marking  ] GC(523) Concurrent Mark From Roots 41.712ms
[270.954s][info][gc,marking  ] GC(523) Concurrent Preclean
[270.954s][info][gc,marking  ] GC(523) Concurrent Preclean 0.065ms
[270.955s][info][gc,start    ] GC(523) Pause Remark
[270.964s][info][gc          ] GC(523) Pause Remark 283M->283M(663M) 9.221ms
[270.964s][info][gc,cpu      ] GC(523) User=0.02s Sys=0.00s Real=0.01s
[270.964s][info][gc,marking  ] GC(523) Concurrent Mark 51.938ms
[270.964s][info][gc,marking  ] GC(523) Concurrent Rebuild Remembered Sets and Scrub Regions
[270.980s][info][gc,marking  ] GC(523) Concurrent Rebuild Remembered Sets and Scrub Regions 15.205ms
[270.980s][info][gc,start    ] GC(523) Pause Cleanup
[270.980s][info][gc          ] GC(523) Pause Cleanup 283M->283M(663M) 0.086ms
[270.980s][info][gc,cpu      ] GC(523) User=0.00s Sys=0.00s Real=0.00s
[270.980s][info][gc,marking  ] GC(523) Concurrent Clear Claimed Marks
[270.980s][info][gc,marking  ] GC(523) Concurrent Clear Claimed Marks 0.090ms
[270.980s][info][gc,marking  ] GC(523) Concurrent Cleanup for Next Mark
[270.982s][info][gc,marking  ] GC(523) Concurrent Cleanup for Next Mark 1.949ms
[270.982s][info][gc          ] GC(523) Concurrent Mark Cycle 70.975ms
[273.697s][info][gc,start    ] GC(524) Pause Young (Prepare Mixed) (G1 Evacuation Pause)
[273.697s][info][gc,task     ] GC(524) Using 2 workers of 2 for evacuation
[273.717s][info][gc,phases   ] GC(524)   Pre Evacuate Collection Set: 0.28ms
[273.717s][info][gc,phases   ] GC(524)   Merge Heap Roots: 0.43ms
[273.717s][info][gc,phases   ] GC(524)   Evacuate Collection Set: 18.40ms
[273.717s][info][gc,phases   ] GC(524)   Post Evacuate Collection Set: 0.74ms
[273.717s][info][gc,phases   ] GC(524)   Other: 0.11ms
[273.717s][info][gc,heap     ] GC(524) Eden regions: 262->0(359)
[273.717s][info][gc,heap     ] GC(524) Survivor regions: 1->25(48)
[273.717s][info][gc,heap     ] GC(524) Old regions: 37->37
[273.717s][info][gc,heap     ] GC(524) Humongous regions: 363->207
[273.717s][info][gc,metaspace] GC(524) Metaspace: 57096K(57408K)->57096K(57408K) NonClass: 51477K(51712K)->51477K(51712K) Class: 5619K(5696K)->5619K(5696K)
[273.717s][info][gc          ] GC(524) Pause Young (Prepare Mixed) (G1 Evacuation Pause) 661M->267M(688M) 20.171ms
[273.717s][info][gc,cpu      ] GC(524) User=0.02s Sys=0.02s Real=0.02s
[274.574s][info][gc,start    ] GC(525) Pause Young (Mixed) (G1 Evacuation Pause)
[274.574s][info][gc,task     ] GC(525) Using 2 workers of 2 for evacuation
[274.586s][info][gc,phases   ] GC(525)   Pre Evacuate Collection Set: 0.29ms
[274.587s][info][gc,phases   ] GC(525)   Merge Heap Roots: 0.15ms
[274.587s][info][gc,phases   ] GC(525)   Evacuate Collection Set: 10.81ms
[274.587s][info][gc,phases   ] GC(525)   Post Evacuate Collection Set: 0.87ms
[274.587s][info][gc,phases   ] GC(525)   Other: 0.08ms
[274.587s][info][gc,heap     ] GC(525) Eden regions: 359->0(358)
[274.587s][info][gc,heap     ] GC(525) Survivor regions: 25->26(48)
[274.587s][info][gc,heap     ] GC(525) Old regions: 37->36
[274.587s][info][gc,heap     ] GC(525) Humongous regions: 207->207
[274.587s][info][gc,metaspace] GC(525) Metaspace: 57096K(57408K)->57096K(57408K) NonClass: 51477K(51712K)->51477K(51712K) Class: 5619K(5696K)->5619K(5696K)
[274.587s][info][gc          ] GC(525) Pause Young (Mixed) (G1 Evacuation Pause) 626M->268M(688M) 12.420ms
[274.587s][info][gc,cpu      ] GC(525) User=0.03s Sys=0.01s Real=0.01s
[275.462s][info][gc,start    ] GC(526) Pause Young (Concurrent Start) (G1 Evacuation Pause)
[275.462s][info][gc,task     ] GC(526) Using 2 workers of 2 for evacuation
[275.472s][info][gc,phases   ] GC(526)   Pre Evacuate Collection Set: 0.29ms
[275.472s][info][gc,phases   ] GC(526)   Merge Heap Roots: 0.13ms
[275.472s][info][gc,phases   ] GC(526)   Evacuate Collection Set: 9.43ms
[275.472s][info][gc,phases   ] GC(526)   Post Evacuate Collection Set: 0.68ms
[275.472s][info][gc,phases   ] GC(526)   Other: 0.11ms
[275.472s][info][gc,heap     ] GC(526) Eden regions: 358->0(381)
[275.472s][info][gc,heap     ] GC(526) Survivor regions: 26->3(48)
[275.472s][info][gc,heap     ] GC(526) Old regions: 36->59
[275.473s][info][gc,heap     ] GC(526) Humongous regions: 207->207
[275.473s][info][gc,metaspace] GC(526) Metaspace: 57096K(57408K)->57096K(57408K) NonClass: 51477K(51712K)->51477K(51712K) Class: 5619K(5696K)->5619K(5696K)
[275.473s][info][gc          ] GC(526) Pause Young (Concurrent Start) (G1 Evacuation Pause) 626M->267M(688M) 10.827ms
[275.473s][info][gc,cpu      ] GC(526) User=0.02s Sys=0.00s Real=0.01s
[275.473s][info][gc          ] GC(527) Concurrent Mark Cycle
[275.473s][info][gc,marking  ] GC(527) Concurrent Scan Root Regions
[275.485s][info][gc,marking  ] GC(527) Concurrent Scan Root Regions 12.095ms
[275.485s][info][gc,marking  ] GC(527) Concurrent Mark
[275.485s][info][gc,marking  ] GC(527) Concurrent Mark From Roots
[275.485s][info][gc,task     ] GC(527) Using 1 workers of 1 for marking
[275.530s][info][gc,marking  ] GC(527) Concurrent Mark From Roots 45.134ms
[275.530s][info][gc,marking  ] GC(527) Concurrent Preclean
[275.530s][info][gc,marking  ] GC(527) Concurrent Preclean 0.051ms
[275.530s][info][gc,start    ] GC(527) Pause Remark
[275.540s][info][gc          ] GC(527) Pause Remark 295M->295M(688M) 9.433ms
[275.540s][info][gc,cpu      ] GC(527) User=0.02s Sys=0.00s Real=0.01s
[275.540s][info][gc,marking  ] GC(527) Concurrent Mark 55.091ms
[275.540s][info][gc,marking  ] GC(527) Concurrent Rebuild Remembered Sets and Scrub Regions
[275.566s][info][gc,marking  ] GC(527) Concurrent Rebuild Remembered Sets and Scrub Regions 26.217ms
[275.566s][info][gc,start    ] GC(527) Pause Cleanup
[275.566s][info][gc          ] GC(527) Pause Cleanup 309M->309M(688M) 0.072ms
[275.566s][info][gc,cpu      ] GC(527) User=0.00s Sys=0.00s Real=0.00s
[275.567s][info][gc,marking  ] GC(527) Concurrent Clear Claimed Marks
[275.567s][info][gc,marking  ] GC(527) Concurrent Clear Claimed Marks 0.088ms
[275.567s][info][gc,marking  ] GC(527) Concurrent Cleanup for Next Mark
[275.571s][info][gc,marking  ] GC(527) Concurrent Cleanup for Next Mark 3.898ms
[275.571s][info][gc          ] GC(527) Concurrent Mark Cycle 97.896ms
[276.385s][info][gc,start    ] GC(528) Pause Young (Prepare Mixed) (G1 Evacuation Pause)
[276.385s][info][gc,task     ] GC(528) Using 2 workers of 2 for evacuation
[276.390s][info][gc,phases   ] GC(528)   Pre Evacuate Collection Set: 0.26ms
[276.390s][info][gc,phases   ] GC(528)   Merge Heap Roots: 0.12ms
[276.390s][info][gc,phases   ] GC(528)   Evacuate Collection Set: 4.06ms
[276.390s][info][gc,phases   ] GC(528)   Post Evacuate Collection Set: 0.64ms
[276.390s][info][gc,phases   ] GC(528)   Other: 0.10ms
[276.390s][info][gc,heap     ] GC(528) Eden regions: 381->0(381)
[276.390s][info][gc,heap     ] GC(528) Survivor regions: 3->3(48)
[276.390s][info][gc,heap     ] GC(528) Old regions: 59->59
[276.390s][info][gc,heap     ] GC(528) Humongous regions: 207->207
[276.390s][info][gc,metaspace] GC(528) Metaspace: 57096K(57408K)->57096K(57408K) NonClass: 51477K(51712K)->51477K(51712K) Class: 5619K(5696K)->5619K(5696K)
[276.390s][info][gc          ] GC(528) Pause Young (Prepare Mixed) (G1 Evacuation Pause) 648M->268M(688M) 5.371ms
[276.390s][info][gc,cpu      ] GC(528) User=0.01s Sys=0.00s Real=0.00s
[277.354s][info][gc,start    ] GC(529) Pause Young (Mixed) (G1 Evacuation Pause)
[277.354s][info][gc,task     ] GC(529) Using 2 workers of 2 for evacuation
[277.360s][info][gc,phases   ] GC(529)   Pre Evacuate Collection Set: 0.26ms
[277.360s][info][gc,phases   ] GC(529)   Merge Heap Roots: 0.11ms
[277.360s][info][gc,phases   ] GC(529)   Evacuate Collection Set: 4.26ms
[277.360s][info][gc,phases   ] GC(529)   Post Evacuate Collection Set: 0.71ms
[277.360s][info][gc,phases   ] GC(529)   Other: 0.07ms
[277.360s][info][gc,heap     ] GC(529) Eden regions: 381->0(384)
[277.360s][info][gc,heap     ] GC(529) Survivor regions: 3->2(48)
[277.360s][info][gc,heap     ] GC(529) Old regions: 59->58
[277.360s][info][gc,heap     ] GC(529) Humongous regions: 207->207
[277.360s][info][gc,metaspace] GC(529) Metaspace: 57096K(57408K)->57096K(57408K) NonClass: 51477K(51712K)->51477K(51712K) Class: 5619K(5696K)->5619K(5696K)
[277.360s][info][gc          ] GC(529) Pause Young (Mixed) (G1 Evacuation Pause) 649M->265M(688M) 5.582ms
[277.360s][info][gc,cpu      ] GC(529) User=0.01s Sys=0.00s Real=0.00s
[278.316s][info][gc,start    ] GC(530) Pause Young (Concurrent Start) (G1 Evacuation Pause)
[278.316s][info][gc,task     ] GC(530) Using 2 workers of 2 for evacuation
[278.320s][info][gc,phases   ] GC(530)   Pre Evacuate Collection Set: 0.28ms
[278.320s][info][gc,phases   ] GC(530)   Merge Heap Roots: 0.12ms
[278.320s][info][gc,phases   ] GC(530)   Evacuate Collection Set: 2.55ms
[278.320s][info][gc,phases   ] GC(530)   Post Evacuate Collection Set: 0.63ms
[278.320s][info][gc,phases   ] GC(530)   Other: 0.10ms
[278.320s][info][gc,heap     ] GC(530) Eden regions: 384->0(386)
[278.320s][info][gc,heap     ] GC(530) Survivor regions: 2->1(49)
[278.320s][info][gc,heap     ] GC(530) Old regions: 58->58
[278.320s][info][gc,heap     ] GC(530) Humongous regions: 207->207
[278.320s][info][gc,metaspace] GC(530) Metaspace: 57096K(57408K)->57096K(57408K) NonClass: 51477K(51712K)->51477K(51712K) Class: 5619K(5696K)->5619K(5696K)
[278.320s][info][gc          ] GC(530) Pause Young (Concurrent Start) (G1 Evacuation Pause) 649M->265M(688M) 3.856ms
[278.320s][info][gc          ] GC(531) Concurrent Mark Cycle
[278.320s][info][gc,marking  ] GC(531) Concurrent Scan Root Regions
[278.321s][info][gc,cpu      ] GC(530) User=0.00s Sys=0.00s Real=0.01s
[278.326s][info][gc,marking  ] GC(531) Concurrent Scan Root Regions 5.508ms
[278.326s][info][gc,marking  ] GC(531) Concurrent Mark
[278.326s][info][gc,marking  ] GC(531) Concurrent Mark From Roots
[278.326s][info][gc,task     ] GC(531) Using 1 workers of 1 for marking
[278.401s][info][gc,marking  ] GC(531) Concurrent Mark From Roots 75.158ms
[278.401s][info][gc,marking  ] GC(531) Concurrent Preclean
[278.401s][info][gc,marking  ] GC(531) Concurrent Preclean 0.076ms
[278.402s][info][gc,start    ] GC(531) Pause Remark
[278.411s][info][gc          ] GC(531) Pause Remark 319M->310M(688M) 9.646ms
[278.411s][info][gc,cpu      ] GC(531) User=0.02s Sys=0.00s Real=0.01s
[278.412s][info][gc,marking  ] GC(531) Concurrent Mark 86.549ms
[278.412s][info][gc,marking  ] GC(531) Concurrent Rebuild Remembered Sets and Scrub Regions
[278.428s][info][gc,marking  ] GC(531) Concurrent Rebuild Remembered Sets and Scrub Regions 16.159ms
[278.429s][info][gc,start    ] GC(531) Pause Cleanup
[278.429s][info][gc          ] GC(531) Pause Cleanup 317M->317M(688M) 0.065ms
[278.429s][info][gc,cpu      ] GC(531) User=0.00s Sys=0.00s Real=0.00s
[278.429s][info][gc,marking  ] GC(531) Concurrent Clear Claimed Marks
[278.429s][info][gc,marking  ] GC(531) Concurrent Clear Claimed Marks 0.086ms
[278.429s][info][gc,marking  ] GC(531) Concurrent Cleanup for Next Mark
[278.431s][info][gc,marking  ] GC(531) Concurrent Cleanup for Next Mark 2.029ms
[278.431s][info][gc          ] GC(531) Concurrent Mark Cycle 110.646ms
[279.201s][info][gc,start    ] GC(532) Pause Young (Prepare Mixed) (G1 Evacuation Pause)
[279.201s][info][gc,task     ] GC(532) Using 2 workers of 2 for evacuation
[279.205s][info][gc,phases   ] GC(532)   Pre Evacuate Collection Set: 0.27ms
[279.205s][info][gc,phases   ] GC(532)   Merge Heap Roots: 0.22ms
[279.205s][info][gc,phases   ] GC(532)   Evacuate Collection Set: 2.54ms
[279.205s][info][gc,phases   ] GC(532)   Post Evacuate Collection Set: 0.67ms
[279.205s][info][gc,phases   ] GC(532)   Other: 0.10ms
[279.205s][info][gc,heap     ] GC(532) Eden regions: 386->0(395)
[279.205s][info][gc,heap     ] GC(532) Survivor regions: 1->1(49)
[279.205s][info][gc,heap     ] GC(532) Old regions: 49->49
[279.205s][info][gc,heap     ] GC(532) Humongous regions: 207->207
[279.205s][info][gc,metaspace] GC(532) Metaspace: 57096K(57408K)->57096K(57408K) NonClass: 51477K(51712K)->51477K(51712K) Class: 5619K(5696K)->5619K(5696K)
[279.205s][info][gc          ] GC(532) Pause Young (Prepare Mixed) (G1 Evacuation Pause) 642M->256M(688M) 3.965ms
[279.205s][info][gc,cpu      ] GC(532) User=0.01s Sys=0.00s Real=0.01s
[280.174s][info][gc,start    ] GC(533) Pause Young (Mixed) (G1 Evacuation Pause)
[280.174s][info][gc,task     ] GC(533) Using 2 workers of 2 for evacuation
[280.179s][info][gc,phases   ] GC(533)   Pre Evacuate Collection Set: 0.26ms
[280.179s][info][gc,phases   ] GC(533)   Merge Heap Roots: 0.15ms
[280.179s][info][gc,phases   ] GC(533)   Evacuate Collection Set: 4.52ms
[280.179s][info][gc,phases   ] GC(533)   Post Evacuate Collection Set: 0.66ms
[280.179s][info][gc,phases   ] GC(533)   Other: 0.09ms
[280.179s][info][gc,heap     ] GC(533) Eden regions: 395->0(391)
[280.179s][info][gc,heap     ] GC(533) Survivor regions: 1->4(50)
[280.179s][info][gc,heap     ] GC(533) Old regions: 49->47
[280.179s][info][gc,heap     ] GC(533) Humongous regions: 207->207
[280.179s][info][gc,metaspace] GC(533) Metaspace: 57096K(57408K)->57096K(57408K) NonClass: 51477K(51712K)->51477K(51712K) Class: 5619K(5696K)->5619K(5696K)
[280.180s][info][gc          ] GC(533) Pause Young (Mixed) (G1 Evacuation Pause) 651M->257M(688M) 5.842ms
[280.180s][info][gc,cpu      ] GC(533) User=0.02s Sys=0.00s Real=0.00s
[281.154s][info][gc,start    ] GC(534) Pause Young (Concurrent Start) (G1 Evacuation Pause)
[281.154s][info][gc,task     ] GC(534) Using 2 workers of 2 for evacuation
[281.158s][info][gc,phases   ] GC(534)   Pre Evacuate Collection Set: 0.30ms
[281.158s][info][gc,phases   ] GC(534)   Merge Heap Roots: 0.12ms
[281.158s][info][gc,phases   ] GC(534)   Evacuate Collection Set: 2.54ms
[281.158s][info][gc,phases   ] GC(534)   Post Evacuate Collection Set: 0.65ms
[281.158s][info][gc,phases   ] GC(534)   Other: 0.09ms
[281.158s][info][gc,heap     ] GC(534) Eden regions: 391->0(395)
[281.158s][info][gc,heap     ] GC(534) Survivor regions: 4->2(50)
[281.158s][info][gc,heap     ] GC(534) Old regions: 47->47
[281.158s][info][gc,heap     ] GC(534) Humongous regions: 207->207
[281.158s][info][gc,metaspace] GC(534) Metaspace: 57096K(57408K)->57096K(57408K) NonClass: 51477K(51712K)->51477K(51712K) Class: 5619K(5696K)->5619K(5696K)
[281.158s][info][gc          ] GC(534) Pause Young (Concurrent Start) (G1 Evacuation Pause) 648M->255M(688M) 3.880ms
[281.158s][info][gc          ] GC(535) Concurrent Mark Cycle
[281.158s][info][gc,marking  ] GC(535) Concurrent Scan Root Regions
[281.159s][info][gc,cpu      ] GC(534) User=0.00s Sys=0.00s Real=0.00s
[281.160s][info][gc,marking  ] GC(535) Concurrent Scan Root Regions 1.764ms
[281.160s][info][gc,marking  ] GC(535) Concurrent Mark
[281.160s][info][gc,marking  ] GC(535) Concurrent Mark From Roots
[281.160s][info][gc,task     ] GC(535) Using 1 workers of 1 for marking
[281.204s][info][gc,marking  ] GC(535) Concurrent Mark From Roots 43.634ms
[281.204s][info][gc,marking  ] GC(535) Concurrent Preclean
[281.204s][info][gc,marking  ] GC(535) Concurrent Preclean 0.088ms
[281.205s][info][gc,start    ] GC(535) Pause Remark
[281.214s][info][gc          ] GC(535) Pause Remark 284M->284M(688M) 9.272ms
[281.214s][info][gc,cpu      ] GC(535) User=0.01s Sys=0.00s Real=0.01s
[281.214s][info][gc,marking  ] GC(535) Concurrent Mark 54.095ms
[281.214s][info][gc,marking  ] GC(535) Concurrent Rebuild Remembered Sets and Scrub Regions
[281.232s][info][gc,marking  ] GC(535) Concurrent Rebuild Remembered Sets and Scrub Regions 17.708ms
[281.232s][info][gc,start    ] GC(535) Pause Cleanup
[281.232s][info][gc          ] GC(535) Pause Cleanup 290M->290M(688M) 0.068ms
[281.232s][info][gc,cpu      ] GC(535) User=0.00s Sys=0.00s Real=0.00s
[281.232s][info][gc,marking  ] GC(535) Concurrent Clear Claimed Marks
[281.232s][info][gc,marking  ] GC(535) Concurrent Clear Claimed Marks 0.098ms
[281.232s][info][gc,marking  ] GC(535) Concurrent Cleanup for Next Mark
[281.234s][info][gc,marking  ] GC(535) Concurrent Cleanup for Next Mark 2.130ms
[281.234s][info][gc          ] GC(535) Concurrent Mark Cycle 76.111ms
[282.085s][info][gc,start    ] GC(536) Pause Young (Prepare Mixed) (G1 Evacuation Pause)
[282.085s][info][gc,task     ] GC(536) Using 2 workers of 2 for evacuation
[282.090s][info][gc,phases   ] GC(536)   Pre Evacuate Collection Set: 0.29ms
[282.090s][info][gc,phases   ] GC(536)   Merge Heap Roots: 0.13ms
[282.090s][info][gc,phases   ] GC(536)   Evacuate Collection Set: 3.82ms
[282.090s][info][gc,phases   ] GC(536)   Post Evacuate Collection Set: 0.66ms
[282.090s][info][gc,phases   ] GC(536)   Other: 0.08ms
[282.090s][info][gc,heap     ] GC(536) Eden regions: 395->0(393)
[282.090s][info][gc,heap     ] GC(536) Survivor regions: 2->3(50)
[282.090s][info][gc,heap     ] GC(536) Old regions: 47->47
[282.090s][info][gc,heap     ] GC(536) Humongous regions: 207->207
[282.090s][info][gc,metaspace] GC(536) Metaspace: 57096K(57408K)->57096K(57408K) NonClass: 51477K(51712K)->51477K(51712K) Class: 5619K(5696K)->5619K(5696K)
[282.090s][info][gc          ] GC(536) Pause Young (Prepare Mixed) (G1 Evacuation Pause) 650M->256M(688M) 5.159ms
[282.090s][info][gc,cpu      ] GC(536) User=0.01s Sys=0.00s Real=0.00s
[283.069s][info][gc,start    ] GC(537) Pause Young (Mixed) (G1 Evacuation Pause)
[283.069s][info][gc,task     ] GC(537) Using 2 workers of 2 for evacuation
[283.079s][info][gc,phases   ] GC(537)   Pre Evacuate Collection Set: 0.37ms
[283.079s][info][gc,phases   ] GC(537)   Merge Heap Roots: 0.16ms
[283.079s][info][gc,phases   ] GC(537)   Evacuate Collection Set: 8.56ms
[283.079s][info][gc,phases   ] GC(537)   Post Evacuate Collection Set: 0.72ms
[283.079s][info][gc,phases   ] GC(537)   Other: 0.08ms
[283.079s][info][gc,heap     ] GC(537) Eden regions: 393->0(394)
[283.079s][info][gc,heap     ] GC(537) Survivor regions: 3->3(50)
[283.079s][info][gc,heap     ] GC(537) Old regions: 47->46
[283.079s][info][gc,heap     ] GC(537) Humongous regions: 207->207
[283.079s][info][gc,metaspace] GC(537) Metaspace: 57096K(57408K)->57096K(57408K) NonClass: 51477K(51712K)->51477K(51712K) Class: 5619K(5696K)->5619K(5696K)
[283.079s][info][gc          ] GC(537) Pause Young (Mixed) (G1 Evacuation Pause) 649M->255M(688M) 10.060ms
[283.079s][info][gc,cpu      ] GC(537) User=0.02s Sys=0.00s Real=0.01s
[284.059s][info][gc,start    ] GC(538) Pause Young (Concurrent Start) (G1 Evacuation Pause)
[284.059s][info][gc,task     ] GC(538) Using 2 workers of 2 for evacuation
[284.063s][info][gc,phases   ] GC(538)   Pre Evacuate Collection Set: 0.28ms
[284.063s][info][gc,phases   ] GC(538)   Merge Heap Roots: 0.13ms
[284.063s][info][gc,phases   ] GC(538)   Evacuate Collection Set: 2.88ms
[284.063s][info][gc,phases   ] GC(538)   Post Evacuate Collection Set: 1.04ms
[284.063s][info][gc,phases   ] GC(538)   Other: 0.11ms
[284.063s][info][gc,heap     ] GC(538) Eden regions: 394->0(396)
[284.063s][info][gc,heap     ] GC(538) Survivor regions: 3->2(50)
[284.063s][info][gc,heap     ] GC(538) Old regions: 46->46
[284.063s][info][gc,heap     ] GC(538) Humongous regions: 207->207
[284.063s][info][gc,metaspace] GC(538) Metaspace: 57096K(57408K)->57096K(57408K) NonClass: 51477K(51712K)->51477K(51712K) Class: 5619K(5696K)->5619K(5696K)
[284.063s][info][gc          ] GC(538) Pause Young (Concurrent Start) (G1 Evacuation Pause) 649M->253M(688M) 4.637ms
[284.063s][info][gc,cpu      ] GC(538) User=0.01s Sys=0.00s Real=0.01s
[284.063s][info][gc          ] GC(539) Concurrent Mark Cycle
[284.066s][info][gc,marking  ] GC(539) Concurrent Scan Root Regions
[284.070s][info][gc,marking  ] GC(539) Concurrent Scan Root Regions 3.647ms
[284.070s][info][gc,marking  ] GC(539) Concurrent Mark
[284.070s][info][gc,marking  ] GC(539) Concurrent Mark From Roots
[284.070s][info][gc,task     ] GC(539) Using 1 workers of 1 for marking
[284.121s][info][gc,marking  ] GC(539) Concurrent Mark From Roots 51.137ms
[284.121s][info][gc,marking  ] GC(539) Concurrent Preclean
[284.121s][info][gc,marking  ] GC(539) Concurrent Preclean 0.078ms
[284.121s][info][gc,start    ] GC(539) Pause Remark
[284.131s][info][gc          ] GC(539) Pause Remark 285M->285M(688M) 9.538ms
[284.131s][info][gc,cpu      ] GC(539) User=0.01s Sys=0.00s Real=0.00s
[284.131s][info][gc,marking  ] GC(539) Concurrent Mark 61.259ms
[284.131s][info][gc,marking  ] GC(539) Concurrent Rebuild Remembered Sets and Scrub Regions
[284.147s][info][gc,marking  ] GC(539) Concurrent Rebuild Remembered Sets and Scrub Regions 16.114ms
[284.148s][info][gc,start    ] GC(539) Pause Cleanup
[284.148s][info][gc          ] GC(539) Pause Cleanup 285M->285M(688M) 0.071ms
[284.148s][info][gc,cpu      ] GC(539) User=0.00s Sys=0.00s Real=0.00s
[284.148s][info][gc,marking  ] GC(539) Concurrent Clear Claimed Marks
[284.148s][info][gc,marking  ] GC(539) Concurrent Clear Claimed Marks 0.095ms
[284.148s][info][gc,marking  ] GC(539) Concurrent Cleanup for Next Mark
[284.150s][info][gc,marking  ] GC(539) Concurrent Cleanup for Next Mark 2.029ms
[284.152s][info][gc          ] GC(539) Concurrent Mark Cycle 88.170ms
[285.051s][info][gc,start    ] GC(540) Pause Young (Prepare Mixed) (G1 Evacuation Pause)
[285.051s][info][gc,task     ] GC(540) Using 2 workers of 2 for evacuation
[285.054s][info][gc,phases   ] GC(540)   Pre Evacuate Collection Set: 0.25ms
[285.054s][info][gc,phases   ] GC(540)   Merge Heap Roots: 0.12ms
[285.054s][info][gc,phases   ] GC(540)   Evacuate Collection Set: 1.93ms
[285.054s][info][gc,phases   ] GC(540)   Post Evacuate Collection Set: 0.66ms
[285.054s][info][gc,phases   ] GC(540)   Other: 0.09ms
[285.054s][info][gc,heap     ] GC(540) Eden regions: 396->0(398)
[285.054s][info][gc,heap     ] GC(540) Survivor regions: 2->1(50)
[285.054s][info][gc,heap     ] GC(540) Old regions: 46->46
[285.054s][info][gc,heap     ] GC(540) Humongous regions: 207->207
[285.054s][info][gc,metaspace] GC(540) Metaspace: 57096K(57408K)->57096K(57408K) NonClass: 51477K(51712K)->51477K(51712K) Class: 5619K(5696K)->5619K(5696K)
[285.054s][info][gc          ] GC(540) Pause Young (Prepare Mixed) (G1 Evacuation Pause) 649M->252M(688M) 3.213ms
[285.054s][info][gc,cpu      ] GC(540) User=0.01s Sys=0.00s Real=0.01s
[285.977s][info][gc,start    ] GC(541) Pause Young (Mixed) (G1 Evacuation Pause)
[285.977s][info][gc,task     ] GC(541) Using 2 workers of 2 for evacuation
[285.986s][info][gc,phases   ] GC(541)   Pre Evacuate Collection Set: 0.28ms
[285.986s][info][gc,phases   ] GC(541)   Merge Heap Roots: 0.16ms
[285.986s][info][gc,phases   ] GC(541)   Evacuate Collection Set: 7.36ms
[285.986s][info][gc,phases   ] GC(541)   Post Evacuate Collection Set: 0.70ms
[285.986s][info][gc,phases   ] GC(541)   Other: 0.08ms
[285.986s][info][gc,heap     ] GC(541) Eden regions: 398->0(393)
[285.986s][info][gc,heap     ] GC(541) Survivor regions: 1->4(50)
[285.986s][info][gc,heap     ] GC(541) Old regions: 46->45
[285.986s][info][gc,heap     ] GC(541) Humongous regions: 207->207
[285.986s][info][gc,metaspace] GC(541) Metaspace: 57096K(57408K)->57096K(57408K) NonClass: 51477K(51712K)->51477K(51712K) Class: 5619K(5696K)->5619K(5696K)
[285.986s][info][gc          ] GC(541) Pause Young (Mixed) (G1 Evacuation Pause) 650M->255M(688M) 8.743ms
[285.986s][info][gc,cpu      ] GC(541) User=0.02s Sys=0.00s Real=0.01s
[286.962s][info][gc,start    ] GC(542) Pause Young (Concurrent Start) (G1 Evacuation Pause)
[286.962s][info][gc,task     ] GC(542) Using 2 workers of 2 for evacuation
[286.968s][info][gc,phases   ] GC(542)   Pre Evacuate Collection Set: 0.27ms
[286.968s][info][gc,phases   ] GC(542)   Merge Heap Roots: 0.12ms
[286.968s][info][gc,phases   ] GC(542)   Evacuate Collection Set: 4.16ms
[286.968s][info][gc,phases   ] GC(542)   Post Evacuate Collection Set: 0.67ms
[286.968s][info][gc,phases   ] GC(542)   Other: 0.09ms
[286.968s][info][gc,heap     ] GC(542) Eden regions: 393->0(395)
[286.968s][info][gc,heap     ] GC(542) Survivor regions: 4->3(50)
[286.968s][info][gc,heap     ] GC(542) Old regions: 45->45
[286.968s][info][gc,heap     ] GC(542) Humongous regions: 207->207
[286.968s][info][gc,metaspace] GC(542) Metaspace: 57096K(57408K)->57096K(57408K) NonClass: 51477K(51712K)->51477K(51712K) Class: 5619K(5696K)->5619K(5696K)
[286.968s][info][gc          ] GC(542) Pause Young (Concurrent Start) (G1 Evacuation Pause) 648M->254M(688M) 5.482ms
[286.968s][info][gc,cpu      ] GC(542) User=0.01s Sys=0.00s Real=0.00s
[286.968s][info][gc          ] GC(543) Concurrent Mark Cycle
[286.968s][info][gc,marking  ] GC(543) Concurrent Scan Root Regions
[286.973s][info][gc,marking  ] GC(543) Concurrent Scan Root Regions 4.505ms
[286.973s][info][gc,marking  ] GC(543) Concurrent Mark
[286.973s][info][gc,marking  ] GC(543) Concurrent Mark From Roots
[286.973s][info][gc,task     ] GC(543) Using 1 workers of 1 for marking
[287.024s][info][gc,marking  ] GC(543) Concurrent Mark From Roots 51.131ms
[287.024s][info][gc,marking  ] GC(543) Concurrent Preclean
[287.024s][info][gc,marking  ] GC(543) Concurrent Preclean 0.076ms
[287.024s][info][gc,start    ] GC(543) Pause Remark
[287.033s][info][gc          ] GC(543) Pause Remark 282M->282M(688M) 9.271ms
[287.033s][info][gc,cpu      ] GC(543) User=0.02s Sys=0.00s Real=0.01s
[287.034s][info][gc,marking  ] GC(543) Concurrent Mark 60.807ms
[287.034s][info][gc,marking  ] GC(543) Concurrent Rebuild Remembered Sets and Scrub Regions
[287.049s][info][gc,marking  ] GC(543) Concurrent Rebuild Remembered Sets and Scrub Regions 15.609ms
[287.049s][info][gc,start    ] GC(543) Pause Cleanup
[287.049s][info][gc          ] GC(543) Pause Cleanup 282M->282M(688M) 0.047ms
[287.049s][info][gc,cpu      ] GC(543) User=0.00s Sys=0.00s Real=0.00s
[287.049s][info][gc,marking  ] GC(543) Concurrent Clear Claimed Marks
[287.049s][info][gc,marking  ] GC(543) Concurrent Clear Claimed Marks 0.076ms
[287.049s][info][gc,marking  ] GC(543) Concurrent Cleanup for Next Mark
[287.051s][info][gc,marking  ] GC(543) Concurrent Cleanup for Next Mark 1.974ms
[287.051s][info][gc          ] GC(543) Concurrent Mark Cycle 83.581ms
[287.951s][info][gc,start    ] GC(544) Pause Young (Prepare Mixed) (G1 Evacuation Pause)
[287.951s][info][gc,task     ] GC(544) Using 2 workers of 2 for evacuation
[287.954s][info][gc,phases   ] GC(544)   Pre Evacuate Collection Set: 0.27ms
[287.954s][info][gc,phases   ] GC(544)   Merge Heap Roots: 0.13ms
[287.954s][info][gc,phases   ] GC(544)   Evacuate Collection Set: 2.14ms
[287.954s][info][gc,phases   ] GC(544)   Post Evacuate Collection Set: 0.67ms
[287.954s][info][gc,phases   ] GC(544)   Other: 0.08ms
[287.954s][info][gc,heap     ] GC(544) Eden regions: 395->0(399)
[287.954s][info][gc,heap     ] GC(544) Survivor regions: 3->1(50)
[287.954s][info][gc,heap     ] GC(544) Old regions: 45->45
[287.954s][info][gc,heap     ] GC(544) Humongous regions: 207->207
[287.954s][info][gc,metaspace] GC(544) Metaspace: 57096K(57408K)->57096K(57408K) NonClass: 51477K(51712K)->51477K(51712K) Class: 5619K(5696K)->5619K(5696K)
[287.954s][info][gc          ] GC(544) Pause Young (Prepare Mixed) (G1 Evacuation Pause) 649M->252M(688M) 3.442ms
[287.954s][info][gc,cpu      ] GC(544) User=0.01s Sys=0.00s Real=0.01s
[288.881s][info][gc,start    ] GC(545) Pause Young (Mixed) (G1 Evacuation Pause)
[288.881s][info][gc,task     ] GC(545) Using 2 workers of 2 for evacuation
[288.888s][info][gc,phases   ] GC(545)   Pre Evacuate Collection Set: 0.25ms
[288.888s][info][gc,phases   ] GC(545)   Merge Heap Roots: 0.15ms
[288.888s][info][gc,phases   ] GC(545)   Evacuate Collection Set: 5.95ms
[288.888s][info][gc,phases   ] GC(545)   Post Evacuate Collection Set: 0.69ms
[288.888s][info][gc,phases   ] GC(545)   Other: 0.09ms
[288.888s][info][gc,heap     ] GC(545) Eden regions: 399->0(395)
[288.888s][info][gc,heap     ] GC(545) Survivor regions: 1->3(50)
[288.888s][info][gc,heap     ] GC(545) Old regions: 45->45
[288.888s][info][gc,heap     ] GC(545) Humongous regions: 207->207
[288.888s][info][gc,metaspace] GC(545) Metaspace: 57096K(57408K)->57096K(57408K) NonClass: 51477K(51712K)->51477K(51712K) Class: 5619K(5696K)->5619K(5696K)
[288.888s][info][gc          ] GC(545) Pause Young (Mixed) (G1 Evacuation Pause) 651M->254M(688M) 7.293ms
[288.889s][info][gc,cpu      ] GC(545) User=0.01s Sys=0.00s Real=0.00s
[289.870s][info][gc,start    ] GC(546) Pause Young (Concurrent Start) (G1 Evacuation Pause)
[289.870s][info][gc,task     ] GC(546) Using 2 workers of 2 for evacuation
[289.876s][info][gc,phases   ] GC(546)   Pre Evacuate Collection Set: 0.27ms
[289.876s][info][gc,phases   ] GC(546)   Merge Heap Roots: 0.12ms
[289.876s][info][gc,phases   ] GC(546)   Evacuate Collection Set: 4.47ms
[289.876s][info][gc,phases   ] GC(546)   Post Evacuate Collection Set: 0.67ms
[289.876s][info][gc,phases   ] GC(546)   Other: 0.09ms
[289.876s][info][gc,heap     ] GC(546) Eden regions: 395->0(395)
[289.876s][info][gc,heap     ] GC(546) Survivor regions: 3->3(50)
[289.876s][info][gc,heap     ] GC(546) Old regions: 45->45
[289.876s][info][gc,heap     ] GC(546) Humongous regions: 207->207
[289.876s][info][gc,metaspace] GC(546) Metaspace: 57096K(57408K)->57096K(57408K) NonClass: 51477K(51712K)->51477K(51712K) Class: 5619K(5696K)->5619K(5696K)
[289.876s][info][gc          ] GC(546) Pause Young (Concurrent Start) (G1 Evacuation Pause) 649M->254M(688M) 5.803ms
[289.876s][info][gc,cpu      ] GC(546) User=0.01s Sys=0.00s Real=0.01s
[289.876s][info][gc          ] GC(547) Concurrent Mark Cycle
[289.876s][info][gc,marking  ] GC(547) Concurrent Scan Root Regions
[289.881s][info][gc,marking  ] GC(547) Concurrent Scan Root Regions 4.515ms
[289.881s][info][gc,marking  ] GC(547) Concurrent Mark
[289.881s][info][gc,marking  ] GC(547) Concurrent Mark From Roots
[289.881s][info][gc,task     ] GC(547) Using 1 workers of 1 for marking
[289.927s][info][gc,marking  ] GC(547) Concurrent Mark From Roots 45.666ms
[289.927s][info][gc,marking  ] GC(547) Concurrent Preclean
[289.927s][info][gc,marking  ] GC(547) Concurrent Preclean 0.074ms
[289.927s][info][gc,start    ] GC(547) Pause Remark
[289.936s][info][gc          ] GC(547) Pause Remark 273M->273M(688M) 9.141ms
[289.936s][info][gc,cpu      ] GC(547) User=0.02s Sys=0.00s Real=0.01s
[289.936s][info][gc,marking  ] GC(547) Concurrent Mark 55.204ms
[289.936s][info][gc,marking  ] GC(547) Concurrent Rebuild Remembered Sets and Scrub Regions
[289.955s][info][gc,marking  ] GC(547) Concurrent Rebuild Remembered Sets and Scrub Regions 19.238ms
[289.956s][info][gc,start    ] GC(547) Pause Cleanup
[289.956s][info][gc          ] GC(547) Pause Cleanup 278M->278M(688M) 0.066ms
[289.956s][info][gc,cpu      ] GC(547) User=0.00s Sys=0.00s Real=0.00s
[289.956s][info][gc,marking  ] GC(547) Concurrent Clear Claimed Marks
[289.956s][info][gc,marking  ] GC(547) Concurrent Clear Claimed Marks 0.086ms
[289.956s][info][gc,marking  ] GC(547) Concurrent Cleanup for Next Mark
[289.960s][info][gc,marking  ] GC(547) Concurrent Cleanup for Next Mark 4.019ms
[289.960s][info][gc          ] GC(547) Concurrent Mark Cycle 83.992ms
[290.863s][info][gc,start    ] GC(548) Pause Young (Prepare Mixed) (G1 Evacuation Pause)
[290.863s][info][gc,task     ] GC(548) Using 2 workers of 2 for evacuation
[290.868s][info][gc,phases   ] GC(548)   Pre Evacuate Collection Set: 0.27ms
[290.868s][info][gc,phases   ] GC(548)   Merge Heap Roots: 0.15ms
[290.868s][info][gc,phases   ] GC(548)   Evacuate Collection Set: 3.81ms
[290.868s][info][gc,phases   ] GC(548)   Post Evacuate Collection Set: 0.66ms
[290.868s][info][gc,phases   ] GC(548)   Other: 0.10ms
[290.868s][info][gc,heap     ] GC(548) Eden regions: 395->0(395)
[290.868s][info][gc,heap     ] GC(548) Survivor regions: 3->3(50)
[290.868s][info][gc,heap     ] GC(548) Old regions: 45->45
[290.869s][info][gc,heap     ] GC(548) Humongous regions: 207->207
[290.869s][info][gc,metaspace] GC(548) Metaspace: 57096K(57408K)->57096K(57408K) NonClass: 51477K(51712K)->51477K(51712K) Class: 5619K(5696K)->5619K(5696K)
[290.869s][info][gc          ] GC(548) Pause Young (Prepare Mixed) (G1 Evacuation Pause) 649M->254M(688M) 5.552ms
[290.869s][info][gc,cpu      ] GC(548) User=0.01s Sys=0.00s Real=0.00s
[291.797s][info][gc,start    ] GC(549) Pause Young (Mixed) (G1 Evacuation Pause)
[291.797s][info][gc,task     ] GC(549) Using 2 workers of 2 for evacuation
[291.803s][info][gc,phases   ] GC(549)   Pre Evacuate Collection Set: 0.28ms
[291.803s][info][gc,phases   ] GC(549)   Merge Heap Roots: 0.12ms
[291.803s][info][gc,phases   ] GC(549)   Evacuate Collection Set: 4.34ms
[291.803s][info][gc,phases   ] GC(549)   Post Evacuate Collection Set: 0.69ms
[291.803s][info][gc,phases   ] GC(549)   Other: 0.10ms
[291.803s][info][gc,heap     ] GC(549) Eden regions: 395->0(397)
[291.803s][info][gc,heap     ] GC(549) Survivor regions: 3->2(50)
[291.803s][info][gc,heap     ] GC(549) Old regions: 45->45
[291.803s][info][gc,heap     ] GC(549) Humongous regions: 207->207
[291.803s][info][gc,metaspace] GC(549) Metaspace: 57096K(57408K)->57096K(57408K) NonClass: 51477K(51712K)->51477K(51712K) Class: 5619K(5696K)->5619K(5696K)
[291.803s][info][gc          ] GC(549) Pause Young (Mixed) (G1 Evacuation Pause) 649M->253M(688M) 5.708ms
[291.803s][info][gc,cpu      ] GC(549) User=0.01s Sys=0.00s Real=0.01s
[292.932s][info][gc,start    ] GC(550) Pause Young (Concurrent Start) (G1 Evacuation Pause)
[292.932s][info][gc,task     ] GC(550) Using 2 workers of 2 for evacuation
[292.941s][info][gc,phases   ] GC(550)   Pre Evacuate Collection Set: 0.29ms
[292.941s][info][gc,phases   ] GC(550)   Merge Heap Roots: 0.12ms
[292.941s][info][gc,phases   ] GC(550)   Evacuate Collection Set: 7.82ms
[292.942s][info][gc,phases   ] GC(550)   Post Evacuate Collection Set: 0.67ms
[292.942s][info][gc,phases   ] GC(550)   Other: 0.09ms
[292.942s][info][gc,heap     ] GC(550) Eden regions: 397->0(391)
[292.942s][info][gc,heap     ] GC(550) Survivor regions: 2->5(50)
[292.942s][info][gc,heap     ] GC(550) Old regions: 45->45
[292.942s][info][gc,heap     ] GC(550) Humongous regions: 207->207
[292.942s][info][gc,metaspace] GC(550) Metaspace: 57096K(57408K)->57096K(57408K) NonClass: 51477K(51712K)->51477K(51712K) Class: 5619K(5696K)->5619K(5696K)
[292.942s][info][gc          ] GC(550) Pause Young (Concurrent Start) (G1 Evacuation Pause) 650M->256M(688M) 9.987ms
[292.942s][info][gc          ] GC(551) Concurrent Mark Cycle
[292.942s][info][gc,marking  ] GC(551) Concurrent Scan Root Regions
[292.943s][info][gc,cpu      ] GC(550) User=0.02s Sys=0.00s Real=0.01s
[292.951s][info][gc,marking  ] GC(551) Concurrent Scan Root Regions 8.730ms
[292.951s][info][gc,marking  ] GC(551) Concurrent Mark
[292.951s][info][gc,marking  ] GC(551) Concurrent Mark From Roots
[292.951s][info][gc,task     ] GC(551) Using 1 workers of 1 for marking
[293.035s][info][gc,marking  ] GC(551) Concurrent Mark From Roots 84.078ms
[293.035s][info][gc,marking  ] GC(551) Concurrent Preclean
[293.035s][info][gc,marking  ] GC(551) Concurrent Preclean 0.077ms
[293.036s][info][gc,start    ] GC(551) Pause Remark
[293.045s][info][gc          ] GC(551) Pause Remark 325M->325M(688M) 9.335ms
[293.045s][info][gc,cpu      ] GC(551) User=0.02s Sys=0.00s Real=0.01s
[293.046s][info][gc,marking  ] GC(551) Concurrent Mark 94.560ms
[293.046s][info][gc,marking  ] GC(551) Concurrent Rebuild Remembered Sets and Scrub Regions
[293.064s][info][gc,marking  ] GC(551) Concurrent Rebuild Remembered Sets and Scrub Regions 18.316ms
[293.064s][info][gc,start    ] GC(551) Pause Cleanup
[293.064s][info][gc          ] GC(551) Pause Cleanup 333M->333M(688M) 0.099ms
[293.064s][info][gc,cpu      ] GC(551) User=0.00s Sys=0.00s Real=0.00s
[293.064s][info][gc,marking  ] GC(551) Concurrent Clear Claimed Marks
[293.064s][info][gc,marking  ] GC(551) Concurrent Clear Claimed Marks 0.093ms
[293.064s][info][gc,marking  ] GC(551) Concurrent Cleanup for Next Mark
[293.066s][info][gc,marking  ] GC(551) Concurrent Cleanup for Next Mark 2.021ms
[293.066s][info][gc          ] GC(551) Concurrent Mark Cycle 124.081ms
[293.764s][info][gc,start    ] GC(552) Pause Young (Prepare Mixed) (G1 Evacuation Pause)
[293.764s][info][gc,task     ] GC(552) Using 2 workers of 2 for evacuation
[293.769s][info][gc,phases   ] GC(552)   Pre Evacuate Collection Set: 0.26ms
[293.770s][info][gc,phases   ] GC(552)   Merge Heap Roots: 0.14ms
[293.770s][info][gc,phases   ] GC(552)   Evacuate Collection Set: 4.32ms
[293.770s][info][gc,phases   ] GC(552)   Post Evacuate Collection Set: 0.66ms
[293.770s][info][gc,phases   ] GC(552)   Other: 0.11ms
[293.770s][info][gc,heap     ] GC(552) Eden regions: 391->0(393)
[293.770s][info][gc,heap     ] GC(552) Survivor regions: 5->4(50)
[293.770s][info][gc,heap     ] GC(552) Old regions: 45->45
[293.770s][info][gc,heap     ] GC(552) Humongous regions: 207->207
[293.770s][info][gc,metaspace] GC(552) Metaspace: 57096K(57408K)->57096K(57408K) NonClass: 51477K(51712K)->51477K(51712K) Class: 5619K(5696K)->5619K(5696K)
[293.770s][info][gc          ] GC(552) Pause Young (Prepare Mixed) (G1 Evacuation Pause) 647M->255M(688M) 5.657ms
[293.770s][info][gc,cpu      ] GC(552) User=0.01s Sys=0.00s Real=0.00s
[294.753s][info][gc,start    ] GC(553) Pause Young (Mixed) (G1 Evacuation Pause)
[294.753s][info][gc,task     ] GC(553) Using 2 workers of 2 for evacuation
[294.758s][info][gc,phases   ] GC(553)   Pre Evacuate Collection Set: 0.26ms
[294.758s][info][gc,phases   ] GC(553)   Merge Heap Roots: 0.14ms
[294.758s][info][gc,phases   ] GC(553)   Evacuate Collection Set: 3.53ms
[294.758s][info][gc,phases   ] GC(553)   Post Evacuate Collection Set: 0.69ms
[294.758s][info][gc,phases   ] GC(553)   Other: 0.08ms
[294.758s][info][gc,heap     ] GC(553) Eden regions: 393->0(399)
[294.758s][info][gc,heap     ] GC(553) Survivor regions: 4->1(50)
[294.758s][info][gc,heap     ] GC(553) Old regions: 45->45
[294.758s][info][gc,heap     ] GC(553) Humongous regions: 207->207
[294.758s][info][gc,metaspace] GC(553) Metaspace: 57096K(57408K)->57096K(57408K) NonClass: 51477K(51712K)->51477K(51712K) Class: 5619K(5696K)->5619K(5696K)
[294.758s][info][gc          ] GC(553) Pause Young (Mixed) (G1 Evacuation Pause) 648M->252M(688M) 4.864ms
[294.758s][info][gc,cpu      ] GC(553) User=0.01s Sys=0.00s Real=0.00s
[295.684s][info][gc,start    ] GC(554) Pause Young (Concurrent Start) (G1 Evacuation Pause)
[295.684s][info][gc,task     ] GC(554) Using 2 workers of 2 for evacuation
[295.689s][info][gc,phases   ] GC(554)   Pre Evacuate Collection Set: 0.29ms
[295.689s][info][gc,phases   ] GC(554)   Merge Heap Roots: 0.13ms
[295.689s][info][gc,phases   ] GC(554)   Evacuate Collection Set: 3.87ms
[295.689s][info][gc,phases   ] GC(554)   Post Evacuate Collection Set: 0.65ms
[295.689s][info][gc,phases   ] GC(554)   Other: 0.11ms
[295.689s][info][gc,heap     ] GC(554) Eden regions: 399->0(397)
[295.689s][info][gc,heap     ] GC(554) Survivor regions: 1->2(50)
[295.689s][info][gc,heap     ] GC(554) Old regions: 45->45
[295.689s][info][gc,heap     ] GC(554) Humongous regions: 207->207
[295.689s][info][gc,metaspace] GC(554) Metaspace: 57096K(57408K)->57096K(57408K) NonClass: 51477K(51712K)->51477K(51712K) Class: 5619K(5696K)->5619K(5696K)
[295.689s][info][gc          ] GC(554) Pause Young (Concurrent Start) (G1 Evacuation Pause) 651M->253M(688M) 5.227ms
[295.689s][info][gc          ] GC(555) Concurrent Mark Cycle
[295.689s][info][gc,marking  ] GC(555) Concurrent Scan Root Regions
[295.689s][info][gc,cpu      ] GC(554) User=0.01s Sys=0.00s Real=0.00s
[295.692s][info][gc,marking  ] GC(555) Concurrent Scan Root Regions 2.725ms
[295.692s][info][gc,marking  ] GC(555) Concurrent Mark
[295.692s][info][gc,marking  ] GC(555) Concurrent Mark From Roots
[295.692s][info][gc,task     ] GC(555) Using 1 workers of 1 for marking
[295.739s][info][gc,marking  ] GC(555) Concurrent Mark From Roots 46.863ms
[295.739s][info][gc,marking  ] GC(555) Concurrent Preclean
[295.739s][info][gc,marking  ] GC(555) Concurrent Preclean 0.069ms
[295.739s][info][gc,start    ] GC(555) Pause Remark
[295.748s][info][gc          ] GC(555) Pause Remark 262M->262M(688M) 9.447ms
[295.748s][info][gc,cpu      ] GC(555) User=0.02s Sys=0.00s Real=0.01s
[295.749s][info][gc,marking  ] GC(555) Concurrent Mark 56.634ms
[295.749s][info][gc,marking  ] GC(555) Concurrent Rebuild Remembered Sets and Scrub Regions
[295.769s][info][gc,marking  ] GC(555) Concurrent Rebuild Remembered Sets and Scrub Regions 19.916ms
[295.769s][info][gc,start    ] GC(555) Pause Cleanup
[295.769s][info][gc          ] GC(555) Pause Cleanup 275M->275M(688M) 0.061ms
[295.769s][info][gc,cpu      ] GC(555) User=0.00s Sys=0.00s Real=0.00s
[295.769s][info][gc,marking  ] GC(555) Concurrent Clear Claimed Marks
[295.769s][info][gc,marking  ] GC(555) Concurrent Clear Claimed Marks 0.081ms
[295.769s][info][gc,marking  ] GC(555) Concurrent Cleanup for Next Mark
[295.771s][info][gc,marking  ] GC(555) Concurrent Cleanup for Next Mark 2.056ms
[295.771s][info][gc          ] GC(555) Concurrent Mark Cycle 81.813ms
[296.669s][info][gc,start    ] GC(556) Pause Young (Prepare Mixed) (G1 Evacuation Pause)
[296.669s][info][gc,task     ] GC(556) Using 2 workers of 2 for evacuation
[296.675s][info][gc,phases   ] GC(556)   Pre Evacuate Collection Set: 0.25ms
[296.675s][info][gc,phases   ] GC(556)   Merge Heap Roots: 0.13ms
[296.675s][info][gc,phases   ] GC(556)   Evacuate Collection Set: 4.36ms
[296.675s][info][gc,phases   ] GC(556)   Post Evacuate Collection Set: 0.66ms
[296.675s][info][gc,phases   ] GC(556)   Other: 0.08ms
[296.675s][info][gc,heap     ] GC(556) Eden regions: 397->0(395)
[296.675s][info][gc,heap     ] GC(556) Survivor regions: 2->3(50)
[296.675s][info][gc,heap     ] GC(556) Old regions: 45->45
[296.675s][info][gc,heap     ] GC(556) Humongous regions: 207->207
[296.675s][info][gc,metaspace] GC(556) Metaspace: 57096K(57408K)->57096K(57408K) NonClass: 51477K(51712K)->51477K(51712K) Class: 5619K(5696K)->5619K(5696K)
[296.675s][info][gc          ] GC(556) Pause Young (Prepare Mixed) (G1 Evacuation Pause) 650M->254M(688M) 5.683ms
[296.675s][info][gc,cpu      ] GC(556) User=0.01s Sys=0.01s Real=0.01s
[297.653s][info][gc,start    ] GC(557) Pause Young (Mixed) (G1 Evacuation Pause)
[297.653s][info][gc,task     ] GC(557) Using 2 workers of 2 for evacuation
[297.658s][info][gc,phases   ] GC(557)   Pre Evacuate Collection Set: 0.25ms
[297.658s][info][gc,phases   ] GC(557)   Merge Heap Roots: 0.15ms
[297.658s][info][gc,phases   ] GC(557)   Evacuate Collection Set: 3.88ms
[297.658s][info][gc,phases   ] GC(557)   Post Evacuate Collection Set: 0.70ms
[297.658s][info][gc,phases   ] GC(557)   Other: 0.07ms
[297.658s][info][gc,heap     ] GC(557) Eden regions: 395->0(397)
[297.658s][info][gc,heap     ] GC(557) Survivor regions: 3->2(50)
[297.658s][info][gc,heap     ] GC(557) Old regions: 45->45
[297.658s][info][gc,heap     ] GC(557) Humongous regions: 207->207
[297.658s][info][gc,metaspace] GC(557) Metaspace: 57096K(57408K)->57096K(57408K) NonClass: 51477K(51712K)->51477K(51712K) Class: 5619K(5696K)->5619K(5696K)
[297.658s][info][gc          ] GC(557) Pause Young (Mixed) (G1 Evacuation Pause) 649M->253M(688M) 5.213ms
[297.658s][info][gc,cpu      ] GC(557) User=0.01s Sys=0.00s Real=0.00s
[298.586s][info][gc,start    ] GC(558) Pause Young (Concurrent Start) (G1 Evacuation Pause)
[298.586s][info][gc,task     ] GC(558) Using 2 workers of 2 for evacuation
[298.592s][info][gc,phases   ] GC(558)   Pre Evacuate Collection Set: 0.28ms
[298.592s][info][gc,phases   ] GC(558)   Merge Heap Roots: 0.13ms
[298.592s][info][gc,phases   ] GC(558)   Evacuate Collection Set: 4.04ms
[298.592s][info][gc,phases   ] GC(558)   Post Evacuate Collection Set: 0.65ms
[298.592s][info][gc,phases   ] GC(558)   Other: 0.11ms
[298.592s][info][gc,heap     ] GC(558) Eden regions: 397->0(397)
[298.592s][info][gc,heap     ] GC(558) Survivor regions: 2->2(50)
[298.592s][info][gc,heap     ] GC(558) Old regions: 45->45
[298.592s][info][gc,heap     ] GC(558) Humongous regions: 207->207
[298.592s][info][gc,metaspace] GC(558) Metaspace: 57096K(57408K)->57096K(57408K) NonClass: 51477K(51712K)->51477K(51712K) Class: 5619K(5696K)->5619K(5696K)
[298.592s][info][gc          ] GC(558) Pause Young (Concurrent Start) (G1 Evacuation Pause) 650M->253M(688M) 5.403ms
[298.592s][info][gc,cpu      ] GC(558) User=0.01s Sys=0.00s Real=0.01s
[298.592s][info][gc          ] GC(559) Concurrent Mark Cycle
[298.592s][info][gc,marking  ] GC(559) Concurrent Scan Root Regions
[298.594s][info][gc,marking  ] GC(559) Concurrent Scan Root Regions 2.450ms
[298.594s][info][gc,marking  ] GC(559) Concurrent Mark
[298.594s][info][gc,marking  ] GC(559) Concurrent Mark From Roots
[298.594s][info][gc,task     ] GC(559) Using 1 workers of 1 for marking
[298.640s][info][gc,marking  ] GC(559) Concurrent Mark From Roots 46.139ms
[298.640s][info][gc,marking  ] GC(559) Concurrent Preclean
[298.641s][info][gc,marking  ] GC(559) Concurrent Preclean 0.068ms
[298.641s][info][gc,start    ] GC(559) Pause Remark
[298.650s][info][gc          ] GC(559) Pause Remark 261M->261M(688M) 9.259ms
[298.650s][info][gc,cpu      ] GC(559) User=0.02s Sys=0.00s Real=0.01s
[298.651s][info][gc,marking  ] GC(559) Concurrent Mark 57.102ms
[298.651s][info][gc,marking  ] GC(559) Concurrent Rebuild Remembered Sets and Scrub Regions
[298.682s][info][gc,marking  ] GC(559) Concurrent Rebuild Remembered Sets and Scrub Regions 30.516ms
[298.682s][info][gc,start    ] GC(559) Pause Cleanup
[298.682s][info][gc          ] GC(559) Pause Cleanup 283M->283M(688M) 0.071ms
[298.682s][info][gc,cpu      ] GC(559) User=0.00s Sys=0.00s Real=0.00s
[298.682s][info][gc,marking  ] GC(559) Concurrent Clear Claimed Marks
[298.683s][info][gc,marking  ] GC(559) Concurrent Clear Claimed Marks 0.083ms
[298.683s][info][gc,marking  ] GC(559) Concurrent Cleanup for Next Mark
[298.685s][info][gc,marking  ] GC(559) Concurrent Cleanup for Next Mark 2.186ms
[298.685s][info][gc          ] GC(559) Concurrent Mark Cycle 92.962ms
[299.573s][info][gc,start    ] GC(560) Pause Young (Prepare Mixed) (G1 Evacuation Pause)
[299.573s][info][gc,task     ] GC(560) Using 2 workers of 2 for evacuation
[299.579s][info][gc,phases   ] GC(560)   Pre Evacuate Collection Set: 0.25ms
[299.579s][info][gc,phases   ] GC(560)   Merge Heap Roots: 0.15ms
[299.579s][info][gc,phases   ] GC(560)   Evacuate Collection Set: 4.92ms
[299.579s][info][gc,phases   ] GC(560)   Post Evacuate Collection Set: 0.68ms
[299.579s][info][gc,phases   ] GC(560)   Other: 0.07ms
[299.579s][info][gc,heap     ] GC(560) Eden regions: 397->0(393)
[299.579s][info][gc,heap     ] GC(560) Survivor regions: 2->4(50)
[299.579s][info][gc,heap     ] GC(560) Old regions: 45->45
[299.579s][info][gc,heap     ] GC(560) Humongous regions: 207->207
[299.579s][info][gc,metaspace] GC(560) Metaspace: 57096K(57408K)->57096K(57408K) NonClass: 51477K(51712K)->51477K(51712K) Class: 5619K(5696K)->5619K(5696K)
[299.579s][info][gc          ] GC(560) Pause Young (Prepare Mixed) (G1 Evacuation Pause) 650M->255M(688M) 6.250ms
[299.579s][info][gc,cpu      ] GC(560) User=0.01s Sys=0.00s Real=0.00s
[300.555s][info][gc,start    ] GC(561) Pause Young (Mixed) (G1 Evacuation Pause)
[300.555s][info][gc,task     ] GC(561) Using 2 workers of 2 for evacuation
[300.561s][info][gc,phases   ] GC(561)   Pre Evacuate Collection Set: 0.25ms
[300.561s][info][gc,phases   ] GC(561)   Merge Heap Roots: 0.13ms
[300.561s][info][gc,phases   ] GC(561)   Evacuate Collection Set: 4.22ms
[300.561s][info][gc,phases   ] GC(561)   Post Evacuate Collection Set: 0.66ms
[300.561s][info][gc,phases   ] GC(561)   Other: 0.08ms
[300.561s][info][gc,heap     ] GC(561) Eden regions: 393->0(397)
[300.561s][info][gc,heap     ] GC(561) Survivor regions: 4->2(50)
[300.561s][info][gc,heap     ] GC(561) Old regions: 45->45
[300.561s][info][gc,heap     ] GC(561) Humongous regions: 207->207
[300.561s][info][gc,metaspace] GC(561) Metaspace: 57096K(57408K)->57096K(57408K) NonClass: 51477K(51712K)->51477K(51712K) Class: 5619K(5696K)->5619K(5696K)
[300.561s][info][gc          ] GC(561) Pause Young (Mixed) (G1 Evacuation Pause) 648M->253M(688M) 5.522ms
[300.561s][info][gc,cpu      ] GC(561) User=0.01s Sys=0.00s Real=0.00s
[301.492s][info][gc,start    ] GC(562) Pause Young (Concurrent Start) (G1 Evacuation Pause)
[301.492s][info][gc,task     ] GC(562) Using 2 workers of 2 for evacuation
[301.497s][info][gc,phases   ] GC(562)   Pre Evacuate Collection Set: 0.28ms
[301.497s][info][gc,phases   ] GC(562)   Merge Heap Roots: 0.12ms
[301.497s][info][gc,phases   ] GC(562)   Evacuate Collection Set: 3.59ms
[301.497s][info][gc,phases   ] GC(562)   Post Evacuate Collection Set: 0.67ms
[301.497s][info][gc,phases   ] GC(562)   Other: 0.12ms
[301.497s][info][gc,heap     ] GC(562) Eden regions: 397->0(397)
[301.497s][info][gc,heap     ] GC(562) Survivor regions: 2->2(50)
[301.497s][info][gc,heap     ] GC(562) Old regions: 45->45
[301.497s][info][gc,heap     ] GC(562) Humongous regions: 207->207
[301.497s][info][gc,metaspace] GC(562) Metaspace: 57096K(57408K)->57096K(57408K) NonClass: 51477K(51712K)->51477K(51712K) Class: 5619K(5696K)->5619K(5696K)
[301.497s][info][gc          ] GC(562) Pause Young (Concurrent Start) (G1 Evacuation Pause) 650M->253M(688M) 4.947ms
[301.497s][info][gc,cpu      ] GC(562) User=0.01s Sys=0.00s Real=0.00s
[301.498s][info][gc          ] GC(563) Concurrent Mark Cycle
[301.498s][info][gc,marking  ] GC(563) Concurrent Scan Root Regions
[301.503s][info][gc,marking  ] GC(563) Concurrent Scan Root Regions 5.015ms
[301.503s][info][gc,marking  ] GC(563) Concurrent Mark
[301.503s][info][gc,marking  ] GC(563) Concurrent Mark From Roots
[301.503s][info][gc,task     ] GC(563) Using 1 workers of 1 for marking
[301.545s][info][gc,marking  ] GC(563) Concurrent Mark From Roots 42.006ms
[301.545s][info][gc,marking  ] GC(563) Concurrent Preclean
[301.545s][info][gc,marking  ] GC(563) Concurrent Preclean 0.069ms
[301.545s][info][gc,start    ] GC(563) Pause Remark
[301.554s][info][gc          ] GC(563) Pause Remark 260M->260M(688M) 9.142ms
[301.554s][info][gc,cpu      ] GC(563) User=0.02s Sys=0.00s Real=0.01s
[301.557s][info][gc,marking  ] GC(563) Concurrent Mark 54.541ms
[301.557s][info][gc,marking  ] GC(563) Concurrent Rebuild Remembered Sets and Scrub Regions
[301.588s][info][gc,marking  ] GC(563) Concurrent Rebuild Remembered Sets and Scrub Regions 30.739ms
[301.588s][info][gc,start    ] GC(563) Pause Cleanup
[301.588s][info][gc          ] GC(563) Pause Cleanup 287M->287M(688M) 0.086ms
[301.588s][info][gc,cpu      ] GC(563) User=0.00s Sys=0.00s Real=0.00s
[301.588s][info][gc,marking  ] GC(563) Concurrent Clear Claimed Marks
[301.588s][info][gc,marking  ] GC(563) Concurrent Clear Claimed Marks 0.084ms
[301.588s][info][gc,marking  ] GC(563) Concurrent Cleanup for Next Mark
[301.591s][info][gc,marking  ] GC(563) Concurrent Cleanup for Next Mark 2.783ms
[301.591s][info][gc          ] GC(563) Concurrent Mark Cycle 93.600ms
[302.471s][info][gc,start    ] GC(564) Pause Young (Prepare Mixed) (G1 Evacuation Pause)
[302.471s][info][gc,task     ] GC(564) Using 2 workers of 2 for evacuation
[302.477s][info][gc,phases   ] GC(564)   Pre Evacuate Collection Set: 0.26ms
[302.477s][info][gc,phases   ] GC(564)   Merge Heap Roots: 0.14ms
[302.477s][info][gc,phases   ] GC(564)   Evacuate Collection Set: 5.04ms
[302.477s][info][gc,phases   ] GC(564)   Post Evacuate Collection Set: 0.67ms
[302.477s][info][gc,phases   ] GC(564)   Other: 0.09ms
[302.477s][info][gc,heap     ] GC(564) Eden regions: 397->0(393)
[302.477s][info][gc,heap     ] GC(564) Survivor regions: 2->4(50)
[302.477s][info][gc,heap     ] GC(564) Old regions: 45->45
[302.477s][info][gc,heap     ] GC(564) Humongous regions: 207->207
[302.477s][info][gc,metaspace] GC(564) Metaspace: 57096K(57408K)->57096K(57408K) NonClass: 51477K(51712K)->51477K(51712K) Class: 5619K(5696K)->5619K(5696K)
[302.477s][info][gc          ] GC(564) Pause Young (Prepare Mixed) (G1 Evacuation Pause) 650M->255M(688M) 6.377ms
[302.477s][info][gc,cpu      ] GC(564) User=0.01s Sys=0.00s Real=0.01s
[303.463s][info][gc,start    ] GC(565) Pause Young (Mixed) (G1 Evacuation Pause)
[303.463s][info][gc,task     ] GC(565) Using 2 workers of 2 for evacuation
[303.471s][info][gc,phases   ] GC(565)   Pre Evacuate Collection Set: 0.25ms
[303.471s][info][gc,phases   ] GC(565)   Merge Heap Roots: 0.15ms
[303.471s][info][gc,phases   ] GC(565)   Evacuate Collection Set: 6.86ms
[303.471s][info][gc,phases   ] GC(565)   Post Evacuate Collection Set: 0.73ms
[303.471s][info][gc,phases   ] GC(565)   Other: 0.07ms
[303.471s][info][gc,heap     ] GC(565) Eden regions: 393->0(395)
[303.471s][info][gc,heap     ] GC(565) Survivor regions: 4->3(50)
[303.471s][info][gc,heap     ] GC(565) Old regions: 45->45
[303.471s][info][gc,heap     ] GC(565) Humongous regions: 207->207
[303.471s][info][gc,metaspace] GC(565) Metaspace: 57096K(57408K)->57096K(57408K) NonClass: 51477K(51712K)->51477K(51712K) Class: 5619K(5696K)->5619K(5696K)
[303.471s][info][gc          ] GC(565) Pause Young (Mixed) (G1 Evacuation Pause) 648M->254M(688M) 8.226ms
[303.471s][info][gc,cpu      ] GC(565) User=0.02s Sys=0.00s Real=0.00s
[304.476s][info][gc,start    ] GC(566) Pause Young (Concurrent Start) (G1 Evacuation Pause)
[304.476s][info][gc,task     ] GC(566) Using 2 workers of 2 for evacuation
[304.480s][info][gc,phases   ] GC(566)   Pre Evacuate Collection Set: 0.27ms
[304.480s][info][gc,phases   ] GC(566)   Merge Heap Roots: 0.13ms
[304.480s][info][gc,phases   ] GC(566)   Evacuate Collection Set: 2.29ms
[304.480s][info][gc,phases   ] GC(566)   Post Evacuate Collection Set: 0.65ms
[304.480s][info][gc,phases   ] GC(566)   Other: 0.10ms
[304.480s][info][gc,heap     ] GC(566) Eden regions: 395->0(399)
[304.480s][info][gc,heap     ] GC(566) Survivor regions: 3->1(50)
[304.480s][info][gc,heap     ] GC(566) Old regions: 45->45
[304.480s][info][gc,heap     ] GC(566) Humongous regions: 207->207
[304.480s][info][gc,metaspace] GC(566) Metaspace: 57096K(57408K)->57096K(57408K) NonClass: 51477K(51712K)->51477K(51712K) Class: 5619K(5696K)->5619K(5696K)
[304.480s][info][gc          ] GC(566) Pause Young (Concurrent Start) (G1 Evacuation Pause) 649M->252M(688M) 3.606ms
[304.480s][info][gc,cpu      ] GC(566) User=0.00s Sys=0.00s Real=0.00s
[304.480s][info][gc          ] GC(567) Concurrent Mark Cycle
[304.480s][info][gc,marking  ] GC(567) Concurrent Scan Root Regions
[304.482s][info][gc,marking  ] GC(567) Concurrent Scan Root Regions 1.872ms
[304.482s][info][gc,marking  ] GC(567) Concurrent Mark
[304.482s][info][gc,marking  ] GC(567) Concurrent Mark From Roots
[304.482s][info][gc,task     ] GC(567) Using 1 workers of 1 for marking
[304.543s][info][gc,marking  ] GC(567) Concurrent Mark From Roots 61.321ms
[304.543s][info][gc,marking  ] GC(567) Concurrent Preclean
[304.543s][info][gc,marking  ] GC(567) Concurrent Preclean 0.160ms
[304.543s][info][gc,start    ] GC(567) Pause Remark
[304.553s][info][gc          ] GC(567) Pause Remark 291M->291M(688M) 9.249ms
[304.553s][info][gc,cpu      ] GC(567) User=0.02s Sys=0.00s Real=0.01s
[304.553s][info][gc,marking  ] GC(567) Concurrent Mark 71.617ms
[304.553s][info][gc,marking  ] GC(567) Concurrent Rebuild Remembered Sets and Scrub Regions
[304.569s][info][gc,marking  ] GC(567) Concurrent Rebuild Remembered Sets and Scrub Regions 15.907ms
[304.570s][info][gc,start    ] GC(567) Pause Cleanup
[304.570s][info][gc          ] GC(567) Pause Cleanup 302M->302M(688M) 0.064ms
[304.570s][info][gc,cpu      ] GC(567) User=0.00s Sys=0.00s Real=0.00s
[304.570s][info][gc,marking  ] GC(567) Concurrent Clear Claimed Marks
[304.570s][info][gc,marking  ] GC(567) Concurrent Clear Claimed Marks 0.092ms
[304.570s][info][gc,marking  ] GC(567) Concurrent Cleanup for Next Mark
[304.573s][info][gc,marking  ] GC(567) Concurrent Cleanup for Next Mark 2.373ms
[304.573s][info][gc          ] GC(567) Concurrent Mark Cycle 92.779ms
[305.398s][info][gc,start    ] GC(568) Pause Young (Prepare Mixed) (G1 Evacuation Pause)
[305.398s][info][gc,task     ] GC(568) Using 2 workers of 2 for evacuation
[305.401s][info][gc,phases   ] GC(568)   Pre Evacuate Collection Set: 0.30ms
[305.401s][info][gc,phases   ] GC(568)   Merge Heap Roots: 0.15ms
[305.401s][info][gc,phases   ] GC(568)   Evacuate Collection Set: 2.23ms
[305.401s][info][gc,phases   ] GC(568)   Post Evacuate Collection Set: 0.66ms
[305.401s][info][gc,phases   ] GC(568)   Other: 0.08ms
[305.401s][info][gc,heap     ] GC(568) Eden regions: 399->0(399)
[305.401s][info][gc,heap     ] GC(568) Survivor regions: 1->1(50)
[305.401s][info][gc,heap     ] GC(568) Old regions: 45->45
[305.401s][info][gc,heap     ] GC(568) Humongous regions: 207->207
[305.401s][info][gc,metaspace] GC(568) Metaspace: 57096K(57408K)->57096K(57408K) NonClass: 51477K(51712K)->51477K(51712K) Class: 5619K(5696K)->5619K(5696K)
[305.401s][info][gc          ] GC(568) Pause Young (Prepare Mixed) (G1 Evacuation Pause) 651M->252M(688M) 3.597ms
[305.401s][info][gc,cpu      ] GC(568) User=0.01s Sys=0.00s Real=0.01s
[306.382s][info][gc,start    ] GC(569) Pause Young (Mixed) (G1 Evacuation Pause)
[306.382s][info][gc,task     ] GC(569) Using 2 workers of 2 for evacuation
[306.390s][info][gc,phases   ] GC(569)   Pre Evacuate Collection Set: 0.25ms
[306.390s][info][gc,phases   ] GC(569)   Merge Heap Roots: 0.13ms
[306.390s][info][gc,phases   ] GC(569)   Evacuate Collection Set: 6.19ms
[306.390s][info][gc,phases   ] GC(569)   Post Evacuate Collection Set: 0.71ms
[306.390s][info][gc,phases   ] GC(569)   Other: 0.08ms
[306.390s][info][gc,heap     ] GC(569) Eden regions: 399->0(395)
[306.390s][info][gc,heap     ] GC(569) Survivor regions: 1->3(50)
[306.390s][info][gc,heap     ] GC(569) Old regions: 45->45
[306.390s][info][gc,heap     ] GC(569) Humongous regions: 207->207
[306.390s][info][gc,metaspace] GC(569) Metaspace: 57096K(57408K)->57096K(57408K) NonClass: 51477K(51712K)->51477K(51712K) Class: 5619K(5696K)->5619K(5696K)
[306.390s][info][gc          ] GC(569) Pause Young (Mixed) (G1 Evacuation Pause) 651M->254M(688M) 7.552ms
[306.390s][info][gc,cpu      ] GC(569) User=0.01s Sys=0.00s Real=0.00s
[307.368s][info][gc,start    ] GC(570) Pause Young (Concurrent Start) (G1 Evacuation Pause)
[307.368s][info][gc,task     ] GC(570) Using 2 workers of 2 for evacuation
[307.373s][info][gc,phases   ] GC(570)   Pre Evacuate Collection Set: 0.26ms
[307.373s][info][gc,phases   ] GC(570)   Merge Heap Roots: 0.13ms
[307.373s][info][gc,phases   ] GC(570)   Evacuate Collection Set: 4.11ms
[307.373s][info][gc,phases   ] GC(570)   Post Evacuate Collection Set: 0.65ms
[307.373s][info][gc,phases   ] GC(570)   Other: 0.12ms
[307.373s][info][gc,heap     ] GC(570) Eden regions: 395->0(395)
[307.373s][info][gc,heap     ] GC(570) Survivor regions: 3->3(50)
[307.373s][info][gc,heap     ] GC(570) Old regions: 45->45
[307.373s][info][gc,heap     ] GC(570) Humongous regions: 207->207
[307.373s][info][gc,metaspace] GC(570) Metaspace: 57096K(57408K)->57096K(57408K) NonClass: 51477K(51712K)->51477K(51712K) Class: 5619K(5696K)->5619K(5696K)
[307.373s][info][gc          ] GC(570) Pause Young (Concurrent Start) (G1 Evacuation Pause) 649M->254M(688M) 5.434ms
[307.373s][info][gc,cpu      ] GC(570) User=0.01s Sys=0.00s Real=0.01s
[307.373s][info][gc          ] GC(571) Concurrent Mark Cycle
[307.373s][info][gc,marking  ] GC(571) Concurrent Scan Root Regions
[307.381s][info][gc,marking  ] GC(571) Concurrent Scan Root Regions 8.120ms
[307.381s][info][gc,marking  ] GC(571) Concurrent Mark
[307.381s][info][gc,marking  ] GC(571) Concurrent Mark From Roots
[307.381s][info][gc,task     ] GC(571) Using 1 workers of 1 for marking
[307.436s][info][gc,marking  ] GC(571) Concurrent Mark From Roots 54.636ms
[307.436s][info][gc,marking  ] GC(571) Concurrent Preclean
[307.436s][info][gc,marking  ] GC(571) Concurrent Preclean 0.074ms
[307.436s][info][gc,start    ] GC(571) Pause Remark
[307.445s][info][gc          ] GC(571) Pause Remark 282M->282M(688M) 9.216ms
[307.445s][info][gc,cpu      ] GC(571) User=0.02s Sys=0.00s Real=0.01s
[307.446s][info][gc,marking  ] GC(571) Concurrent Mark 64.353ms
[307.446s][info][gc,marking  ] GC(571) Concurrent Rebuild Remembered Sets and Scrub Regions
[307.468s][info][gc,marking  ] GC(571) Concurrent Rebuild Remembered Sets and Scrub Regions 22.539ms
[307.469s][info][gc,start    ] GC(571) Pause Cleanup
[307.469s][info][gc          ] GC(571) Pause Cleanup 298M->298M(688M) 0.081ms
[307.469s][info][gc,cpu      ] GC(571) User=0.00s Sys=0.00s Real=0.00s
[307.469s][info][gc,marking  ] GC(571) Concurrent Clear Claimed Marks
[307.469s][info][gc,marking  ] GC(571) Concurrent Clear Claimed Marks 0.095ms
[307.469s][info][gc,marking  ] GC(571) Concurrent Cleanup for Next Mark
[307.471s][info][gc,marking  ] GC(571) Concurrent Cleanup for Next Mark 2.027ms
[307.471s][info][gc          ] GC(571) Concurrent Mark Cycle 98.177ms
[308.351s][info][gc,start    ] GC(572) Pause Young (Prepare Mixed) (G1 Evacuation Pause)
[308.352s][info][gc,task     ] GC(572) Using 2 workers of 2 for evacuation
[308.355s][info][gc,phases   ] GC(572)   Pre Evacuate Collection Set: 0.26ms
[308.355s][info][gc,phases   ] GC(572)   Merge Heap Roots: 0.14ms
[308.355s][info][gc,phases   ] GC(572)   Evacuate Collection Set: 2.11ms
[308.355s][info][gc,phases   ] GC(572)   Post Evacuate Collection Set: 0.64ms
[308.355s][info][gc,phases   ] GC(572)   Other: 0.07ms
[308.355s][info][gc,heap     ] GC(572) Eden regions: 395->0(399)
[308.355s][info][gc,heap     ] GC(572) Survivor regions: 3->1(50)
[308.355s][info][gc,heap     ] GC(572) Old regions: 45->45
[308.355s][info][gc,heap     ] GC(572) Humongous regions: 207->207
[308.355s][info][gc,metaspace] GC(572) Metaspace: 57096K(57408K)->57096K(57408K) NonClass: 51477K(51712K)->51477K(51712K) Class: 5619K(5696K)->5619K(5696K)
[308.355s][info][gc          ] GC(572) Pause Young (Prepare Mixed) (G1 Evacuation Pause) 649M->252M(688M) 3.407ms
[308.355s][info][gc,cpu      ] GC(572) User=0.00s Sys=0.00s Real=0.00s
[309.285s][info][gc,start    ] GC(573) Pause Young (Mixed) (G1 Evacuation Pause)
[309.285s][info][gc,task     ] GC(573) Using 2 workers of 2 for evacuation
[309.293s][info][gc,phases   ] GC(573)   Pre Evacuate Collection Set: 0.27ms
[309.293s][info][gc,phases   ] GC(573)   Merge Heap Roots: 0.16ms
[309.293s][info][gc,phases   ] GC(573)   Evacuate Collection Set: 6.63ms
[309.293s][info][gc,phases   ] GC(573)   Post Evacuate Collection Set: 0.75ms
[309.293s][info][gc,phases   ] GC(573)   Other: 0.10ms
[309.293s][info][gc,heap     ] GC(573) Eden regions: 399->0(395)
[309.293s][info][gc,heap     ] GC(573) Survivor regions: 1->3(50)
[309.293s][info][gc,heap     ] GC(573) Old regions: 45->45
[309.293s][info][gc,heap     ] GC(573) Humongous regions: 207->207
[309.293s][info][gc,metaspace] GC(573) Metaspace: 57096K(57408K)->57096K(57408K) NonClass: 51477K(51712K)->51477K(51712K) Class: 5619K(5696K)->5619K(5696K)
[309.293s][info][gc          ] GC(573) Pause Young (Mixed) (G1 Evacuation Pause) 651M->254M(688M) 8.079ms
[309.293s][info][gc,cpu      ] GC(573) User=0.01s Sys=0.00s Real=0.01s
[310.267s][info][gc,start    ] GC(574) Pause Young (Concurrent Start) (G1 Evacuation Pause)
[310.267s][info][gc,task     ] GC(574) Using 2 workers of 2 for evacuation
[310.273s][info][gc,phases   ] GC(574)   Pre Evacuate Collection Set: 0.30ms
[310.273s][info][gc,phases   ] GC(574)   Merge Heap Roots: 0.12ms
[310.273s][info][gc,phases   ] GC(574)   Evacuate Collection Set: 4.52ms
[310.273s][info][gc,phases   ] GC(574)   Post Evacuate Collection Set: 0.66ms
[310.273s][info][gc,phases   ] GC(574)   Other: 0.09ms
[310.273s][info][gc,heap     ] GC(574) Eden regions: 395->0(395)
[310.273s][info][gc,heap     ] GC(574) Survivor regions: 3->3(50)
[310.273s][info][gc,heap     ] GC(574) Old regions: 45->45
[310.273s][info][gc,heap     ] GC(574) Humongous regions: 207->207
[310.273s][info][gc,metaspace] GC(574) Metaspace: 57096K(57408K)->57096K(57408K) NonClass: 51477K(51712K)->51477K(51712K) Class: 5619K(5696K)->5619K(5696K)
[310.273s][info][gc          ] GC(574) Pause Young (Concurrent Start) (G1 Evacuation Pause) 649M->254M(688M) 5.883ms
[310.273s][info][gc          ] GC(575) Concurrent Mark Cycle
[310.273s][info][gc,marking  ] GC(575) Concurrent Scan Root Regions
[310.274s][info][gc,cpu      ] GC(574) User=0.02s Sys=0.00s Real=0.01s
[310.276s][info][gc,marking  ] GC(575) Concurrent Scan Root Regions 3.168ms
[310.276s][info][gc,marking  ] GC(575) Concurrent Mark
[310.276s][info][gc,marking  ] GC(575) Concurrent Mark From Roots
[310.276s][info][gc,task     ] GC(575) Using 1 workers of 1 for marking
[310.323s][info][gc,marking  ] GC(575) Concurrent Mark From Roots 46.552ms
[310.323s][info][gc,marking  ] GC(575) Concurrent Preclean
[310.323s][info][gc,marking  ] GC(575) Concurrent Preclean 0.072ms
[310.328s][info][gc,start    ] GC(575) Pause Remark
[310.365s][info][gc          ] GC(575) Pause Remark 277M->277M(688M) 37.428ms
[310.365s][info][gc,cpu      ] GC(575) User=0.03s Sys=0.00s Real=0.04s
[310.367s][info][gc,marking  ] GC(575) Concurrent Mark 90.630ms
[310.367s][info][gc,marking  ] GC(575) Concurrent Rebuild Remembered Sets and Scrub Regions
[310.385s][info][gc,marking  ] GC(575) Concurrent Rebuild Remembered Sets and Scrub Regions 18.670ms
[310.385s][info][gc,start    ] GC(575) Pause Cleanup
[310.385s][info][gc          ] GC(575) Pause Cleanup 278M->278M(688M) 0.058ms
[310.385s][info][gc,cpu      ] GC(575) User=0.00s Sys=0.00s Real=0.00s
[310.386s][info][gc,marking  ] GC(575) Concurrent Clear Claimed Marks
[310.386s][info][gc,marking  ] GC(575) Concurrent Clear Claimed Marks 0.105ms
[310.386s][info][gc,marking  ] GC(575) Concurrent Cleanup for Next Mark
[310.389s][info][gc,marking  ] GC(575) Concurrent Cleanup for Next Mark 3.777ms
[310.390s][info][gc          ] GC(575) Concurrent Mark Cycle 116.804ms
[311.256s][info][gc,start    ] GC(576) Pause Young (Prepare Mixed) (G1 Evacuation Pause)
[311.256s][info][gc,task     ] GC(576) Using 2 workers of 2 for evacuation
[311.263s][info][gc,phases   ] GC(576)   Pre Evacuate Collection Set: 0.40ms
[311.263s][info][gc,phases   ] GC(576)   Merge Heap Roots: 0.16ms
[311.263s][info][gc,phases   ] GC(576)   Evacuate Collection Set: 5.05ms
[311.263s][info][gc,phases   ] GC(576)   Post Evacuate Collection Set: 0.67ms
[311.263s][info][gc,phases   ] GC(576)   Other: 0.09ms
[311.263s][info][gc,heap     ] GC(576) Eden regions: 395->0(397)
[311.263s][info][gc,heap     ] GC(576) Survivor regions: 3->2(50)
[311.263s][info][gc,heap     ] GC(576) Old regions: 45->45
[311.263s][info][gc,heap     ] GC(576) Humongous regions: 207->207
[311.263s][info][gc,metaspace] GC(576) Metaspace: 57096K(57408K)->57096K(57408K) NonClass: 51477K(51712K)->51477K(51712K) Class: 5619K(5696K)->5619K(5696K)
[311.263s][info][gc          ] GC(576) Pause Young (Prepare Mixed) (G1 Evacuation Pause) 649M->253M(688M) 6.527ms
[311.263s][info][gc,cpu      ] GC(576) User=0.00s Sys=0.00s Real=0.01s
[312.186s][info][gc,start    ] GC(577) Pause Young (Mixed) (G1 Evacuation Pause)
[312.186s][info][gc,task     ] GC(577) Using 2 workers of 2 for evacuation
[312.193s][info][gc,phases   ] GC(577)   Pre Evacuate Collection Set: 0.28ms
[312.193s][info][gc,phases   ] GC(577)   Merge Heap Roots: 0.14ms
[312.193s][info][gc,phases   ] GC(577)   Evacuate Collection Set: 5.31ms
[312.193s][info][gc,phases   ] GC(577)   Post Evacuate Collection Set: 0.67ms
[312.193s][info][gc,phases   ] GC(577)   Other: 0.10ms
[312.193s][info][gc,heap     ] GC(577) Eden regions: 397->0(397)
[312.193s][info][gc,heap     ] GC(577) Survivor regions: 2->2(50)
[312.193s][info][gc,heap     ] GC(577) Old regions: 45->45
[312.193s][info][gc,heap     ] GC(577) Humongous regions: 207->207
[312.193s][info][gc,metaspace] GC(577) Metaspace: 57096K(57408K)->57096K(57408K) NonClass: 51477K(51712K)->51477K(51712K) Class: 5619K(5696K)->5619K(5696K)
[312.193s][info][gc          ] GC(577) Pause Young (Mixed) (G1 Evacuation Pause) 650M->253M(688M) 6.666ms
[312.193s][info][gc,cpu      ] GC(577) User=0.01s Sys=0.00s Real=0.01s
[313.169s][info][gc,start    ] GC(578) Pause Young (Concurrent Start) (G1 Evacuation Pause)
[313.169s][info][gc,task     ] GC(578) Using 2 workers of 2 for evacuation
[313.175s][info][gc,phases   ] GC(578)   Pre Evacuate Collection Set: 0.29ms
[313.175s][info][gc,phases   ] GC(578)   Merge Heap Roots: 0.13ms
[313.175s][info][gc,phases   ] GC(578)   Evacuate Collection Set: 5.26ms
[313.175s][info][gc,phases   ] GC(578)   Post Evacuate Collection Set: 0.65ms
[313.175s][info][gc,phases   ] GC(578)   Other: 0.10ms
[313.176s][info][gc,heap     ] GC(578) Eden regions: 397->0(393)
[313.176s][info][gc,heap     ] GC(578) Survivor regions: 2->4(50)
[313.176s][info][gc,heap     ] GC(578) Old regions: 45->45
[313.176s][info][gc,heap     ] GC(578) Humongous regions: 207->207
[313.176s][info][gc,metaspace] GC(578) Metaspace: 57096K(57408K)->57096K(57408K) NonClass: 51477K(51712K)->51477K(51712K) Class: 5619K(5696K)->5619K(5696K)
[313.176s][info][gc          ] GC(578) Pause Young (Concurrent Start) (G1 Evacuation Pause) 650M->255M(688M) 6.626ms
[313.176s][info][gc,cpu      ] GC(578) User=0.01s Sys=0.00s Real=0.01s
[313.176s][info][gc          ] GC(579) Concurrent Mark Cycle
[313.176s][info][gc,marking  ] GC(579) Concurrent Scan Root Regions
[313.181s][info][gc,marking  ] GC(579) Concurrent Scan Root Regions 4.859ms
[313.181s][info][gc,marking  ] GC(579) Concurrent Mark
[313.181s][info][gc,marking  ] GC(579) Concurrent Mark From Roots
[313.181s][info][gc,task     ] GC(579) Using 1 workers of 1 for marking
[313.220s][info][gc,marking  ] GC(579) Concurrent Mark From Roots 39.569ms
[313.220s][info][gc,marking  ] GC(579) Concurrent Preclean
[313.220s][info][gc,marking  ] GC(579) Concurrent Preclean 0.081ms
[313.220s][info][gc,start    ] GC(579) Pause Remark
[313.230s][info][gc          ] GC(579) Pause Remark 272M->272M(688M) 9.188ms
[313.230s][info][gc,cpu      ] GC(579) User=0.02s Sys=0.00s Real=0.01s
[313.230s][info][gc,marking  ] GC(579) Concurrent Mark 49.279ms
[313.230s][info][gc,marking  ] GC(579) Concurrent Rebuild Remembered Sets and Scrub Regions
[313.246s][info][gc,marking  ] GC(579) Concurrent Rebuild Remembered Sets and Scrub Regions 15.857ms
[313.246s][info][gc,start    ] GC(579) Pause Cleanup
[313.246s][info][gc          ] GC(579) Pause Cleanup 272M->272M(688M) 0.051ms
[313.246s][info][gc,cpu      ] GC(579) User=0.00s Sys=0.00s Real=0.00s
[313.246s][info][gc,marking  ] GC(579) Concurrent Clear Claimed Marks
[313.246s][info][gc,marking  ] GC(579) Concurrent Clear Claimed Marks 0.074ms
[313.246s][info][gc,marking  ] GC(579) Concurrent Cleanup for Next Mark
[313.248s][info][gc,marking  ] GC(579) Concurrent Cleanup for Next Mark 1.968ms
[313.248s][info][gc          ] GC(579) Concurrent Mark Cycle 72.272ms
[314.160s][info][gc,start    ] GC(580) Pause Young (Prepare Mixed) (G1 Evacuation Pause)
[314.160s][info][gc,task     ] GC(580) Using 2 workers of 2 for evacuation
[314.166s][info][gc,phases   ] GC(580)   Pre Evacuate Collection Set: 0.43ms
[314.166s][info][gc,phases   ] GC(580)   Merge Heap Roots: 0.17ms
[314.166s][info][gc,phases   ] GC(580)   Evacuate Collection Set: 4.82ms
[314.166s][info][gc,phases   ] GC(580)   Post Evacuate Collection Set: 0.69ms
[314.166s][info][gc,phases   ] GC(580)   Other: 0.08ms
[314.166s][info][gc,heap     ] GC(580) Eden regions: 393->0(395)
[314.166s][info][gc,heap     ] GC(580) Survivor regions: 4->3(50)
[314.166s][info][gc,heap     ] GC(580) Old regions: 45->45
[314.166s][info][gc,heap     ] GC(580) Humongous regions: 207->207
[314.166s][info][gc,metaspace] GC(580) Metaspace: 57096K(57408K)->57096K(57408K) NonClass: 51477K(51712K)->51477K(51712K) Class: 5619K(5696K)->5619K(5696K)
[314.166s][info][gc          ] GC(580) Pause Young (Prepare Mixed) (G1 Evacuation Pause) 648M->254M(688M) 6.353ms
[314.166s][info][gc,cpu      ] GC(580) User=0.01s Sys=0.00s Real=0.01s
[315.088s][info][gc,start    ] GC(581) Pause Young (Mixed) (G1 Evacuation Pause)
[315.088s][info][gc,task     ] GC(581) Using 2 workers of 2 for evacuation
[315.095s][info][gc,phases   ] GC(581)   Pre Evacuate Collection Set: 0.27ms
[315.095s][info][gc,phases   ] GC(581)   Merge Heap Roots: 0.16ms
[315.095s][info][gc,phases   ] GC(581)   Evacuate Collection Set: 5.68ms
[315.095s][info][gc,phases   ] GC(581)   Post Evacuate Collection Set: 0.71ms
[315.095s][info][gc,phases   ] GC(581)   Other: 0.09ms
[315.095s][info][gc,heap     ] GC(581) Eden regions: 395->0(395)
[315.095s][info][gc,heap     ] GC(581) Survivor regions: 3->3(50)
[315.095s][info][gc,heap     ] GC(581) Old regions: 45->45
[315.095s][info][gc,heap     ] GC(581) Humongous regions: 207->207
[315.095s][info][gc,metaspace] GC(581) Metaspace: 57096K(57408K)->57096K(57408K) NonClass: 51477K(51712K)->51477K(51712K) Class: 5619K(5696K)->5619K(5696K)
[315.095s][info][gc          ] GC(581) Pause Young (Mixed) (G1 Evacuation Pause) 649M->254M(688M) 7.077ms
[315.095s][info][gc,cpu      ] GC(581) User=0.01s Sys=0.00s Real=0.01s
[316.169s][info][gc,start    ] GC(582) Pause Young (Concurrent Start) (G1 Evacuation Pause)
[316.169s][info][gc,task     ] GC(582) Using 2 workers of 2 for evacuation
[316.175s][info][gc,phases   ] GC(582)   Pre Evacuate Collection Set: 0.27ms
[316.175s][info][gc,phases   ] GC(582)   Merge Heap Roots: 0.12ms
[316.175s][info][gc,phases   ] GC(582)   Evacuate Collection Set: 4.63ms
[316.175s][info][gc,phases   ] GC(582)   Post Evacuate Collection Set: 0.66ms
[316.175s][info][gc,phases   ] GC(582)   Other: 0.10ms
[316.175s][info][gc,heap     ] GC(582) Eden regions: 395->0(395)
[316.175s][info][gc,heap     ] GC(582) Survivor regions: 3->3(50)
[316.175s][info][gc,heap     ] GC(582) Old regions: 45->45
[316.175s][info][gc,heap     ] GC(582) Humongous regions: 207->207
[316.175s][info][gc,metaspace] GC(582) Metaspace: 57096K(57408K)->57096K(57408K) NonClass: 51477K(51712K)->51477K(51712K) Class: 5619K(5696K)->5619K(5696K)
[316.175s][info][gc          ] GC(582) Pause Young (Concurrent Start) (G1 Evacuation Pause) 649M->254M(688M) 5.948ms
[316.175s][info][gc,cpu      ] GC(582) User=0.01s Sys=0.00s Real=0.01s
[316.175s][info][gc          ] GC(583) Concurrent Mark Cycle
[316.175s][info][gc,marking  ] GC(583) Concurrent Scan Root Regions
[316.182s][info][gc,marking  ] GC(583) Concurrent Scan Root Regions 6.101ms
[316.182s][info][gc,marking  ] GC(583) Concurrent Mark
[316.182s][info][gc,marking  ] GC(583) Concurrent Mark From Roots
[316.182s][info][gc,task     ] GC(583) Using 1 workers of 1 for marking
[316.232s][info][gc,marking  ] GC(583) Concurrent Mark From Roots 50.863ms
[316.232s][info][gc,marking  ] GC(583) Concurrent Preclean
[316.233s][info][gc,marking  ] GC(583) Concurrent Preclean 0.072ms
[316.233s][info][gc,start    ] GC(583) Pause Remark
[316.242s][info][gc          ] GC(583) Pause Remark 277M->277M(688M) 9.132ms
[316.242s][info][gc,cpu      ] GC(583) User=0.01s Sys=0.00s Real=0.01s
[316.242s][info][gc,marking  ] GC(583) Concurrent Mark 60.689ms
[316.242s][info][gc,marking  ] GC(583) Concurrent Rebuild Remembered Sets and Scrub Regions
[316.264s][info][gc,marking  ] GC(583) Concurrent Rebuild Remembered Sets and Scrub Regions 21.324ms
[316.264s][info][gc,start    ] GC(583) Pause Cleanup
[316.264s][info][gc          ] GC(583) Pause Cleanup 290M->290M(688M) 0.067ms
[316.264s][info][gc,cpu      ] GC(583) User=0.00s Sys=0.00s Real=0.00s
[316.265s][info][gc,marking  ] GC(583) Concurrent Clear Claimed Marks
[316.265s][info][gc,marking  ] GC(583) Concurrent Clear Claimed Marks 0.100ms
[316.265s][info][gc,marking  ] GC(583) Concurrent Cleanup for Next Mark
[316.268s][info][gc,marking  ] GC(583) Concurrent Cleanup for Next Mark 2.080ms
[316.268s][info][gc          ] GC(583) Concurrent Mark Cycle 92.146ms
[317.155s][info][gc,start    ] GC(584) Pause Young (Prepare Mixed) (G1 Evacuation Pause)
[317.155s][info][gc,task     ] GC(584) Using 2 workers of 2 for evacuation
[317.159s][info][gc,phases   ] GC(584)   Pre Evacuate Collection Set: 0.27ms
[317.159s][info][gc,phases   ] GC(584)   Merge Heap Roots: 0.13ms
[317.159s][info][gc,phases   ] GC(584)   Evacuate Collection Set: 2.77ms
[317.159s][info][gc,phases   ] GC(584)   Post Evacuate Collection Set: 0.65ms
[317.159s][info][gc,phases   ] GC(584)   Other: 0.07ms
[317.159s][info][gc,heap     ] GC(584) Eden regions: 395->0(397)
[317.159s][info][gc,heap     ] GC(584) Survivor regions: 3->2(50)
[317.159s][info][gc,heap     ] GC(584) Old regions: 45->45
[317.159s][info][gc,heap     ] GC(584) Humongous regions: 207->207
[317.159s][info][gc,metaspace] GC(584) Metaspace: 57096K(57408K)->57096K(57408K) NonClass: 51477K(51712K)->51477K(51712K) Class: 5619K(5696K)->5619K(5696K)
[317.159s][info][gc          ] GC(584) Pause Young (Prepare Mixed) (G1 Evacuation Pause) 649M->252M(688M) 4.063ms
[317.159s][info][gc,cpu      ] GC(584) User=0.00s Sys=0.00s Real=0.00s
[318.091s][info][gc,start    ] GC(585) Pause Young (Mixed) (G1 Evacuation Pause)
[318.092s][info][gc,task     ] GC(585) Using 2 workers of 2 for evacuation
[318.098s][info][gc,phases   ] GC(585)   Pre Evacuate Collection Set: 0.28ms
[318.098s][info][gc,phases   ] GC(585)   Merge Heap Roots: 0.16ms
[318.098s][info][gc,phases   ] GC(585)   Evacuate Collection Set: 5.33ms
[318.098s][info][gc,phases   ] GC(585)   Post Evacuate Collection Set: 0.71ms
[318.098s][info][gc,phases   ] GC(585)   Other: 0.08ms
[318.098s][info][gc,heap     ] GC(585) Eden regions: 397->0(397)
[318.098s][info][gc,heap     ] GC(585) Survivor regions: 2->2(50)
[318.098s][info][gc,heap     ] GC(585) Old regions: 45->45
[318.098s][info][gc,heap     ] GC(585) Humongous regions: 207->207
[318.098s][info][gc,metaspace] GC(585) Metaspace: 57096K(57408K)->57096K(57408K) NonClass: 51477K(51712K)->51477K(51712K) Class: 5619K(5696K)->5619K(5696K)
[318.098s][info][gc          ] GC(585) Pause Young (Mixed) (G1 Evacuation Pause) 649M->253M(688M) 6.747ms
[318.098s][info][gc,cpu      ] GC(585) User=0.02s Sys=0.00s Real=0.00s
[319.072s][info][gc,start    ] GC(586) Pause Young (Concurrent Start) (G1 Evacuation Pause)
[319.072s][info][gc,task     ] GC(586) Using 2 workers of 2 for evacuation
[319.078s][info][gc,phases   ] GC(586)   Pre Evacuate Collection Set: 0.28ms
[319.078s][info][gc,phases   ] GC(586)   Merge Heap Roots: 0.12ms
[319.078s][info][gc,phases   ] GC(586)   Evacuate Collection Set: 4.42ms
[319.078s][info][gc,phases   ] GC(586)   Post Evacuate Collection Set: 0.65ms
[319.078s][info][gc,phases   ] GC(586)   Other: 0.10ms
[319.078s][info][gc,heap     ] GC(586) Eden regions: 397->0(395)
[319.078s][info][gc,heap     ] GC(586) Survivor regions: 2->3(50)
[319.078s][info][gc,heap     ] GC(586) Old regions: 45->45
[319.078s][info][gc,heap     ] GC(586) Humongous regions: 207->207
[319.078s][info][gc,metaspace] GC(586) Metaspace: 57096K(57408K)->57096K(57408K) NonClass: 51477K(51712K)->51477K(51712K) Class: 5619K(5696K)->5619K(5696K)
[319.078s][info][gc          ] GC(586) Pause Young (Concurrent Start) (G1 Evacuation Pause) 649M->254M(688M) 5.731ms
[319.078s][info][gc,cpu      ] GC(586) User=0.01s Sys=0.00s Real=0.00s
[319.078s][info][gc          ] GC(587) Concurrent Mark Cycle
[319.078s][info][gc,marking  ] GC(587) Concurrent Scan Root Regions
[319.086s][info][gc,marking  ] GC(587) Concurrent Scan Root Regions 7.871ms
[319.086s][info][gc,marking  ] GC(587) Concurrent Mark
[319.086s][info][gc,marking  ] GC(587) Concurrent Mark From Roots
[319.086s][info][gc,task     ] GC(587) Using 1 workers of 1 for marking
[319.132s][info][gc,marking  ] GC(587) Concurrent Mark From Roots 46.289ms
[319.132s][info][gc,marking  ] GC(587) Concurrent Preclean
[319.133s][info][gc,marking  ] GC(587) Concurrent Preclean 0.071ms
[319.133s][info][gc,start    ] GC(587) Pause Remark
[319.142s][info][gc          ] GC(587) Pause Remark 275M->275M(688M) 9.197ms
[319.142s][info][gc,cpu      ] GC(587) User=0.01s Sys=0.00s Real=0.01s
[319.142s][info][gc,marking  ] GC(587) Concurrent Mark 55.838ms
[319.142s][info][gc,marking  ] GC(587) Concurrent Rebuild Remembered Sets and Scrub Regions
[319.170s][info][gc,marking  ] GC(587) Concurrent Rebuild Remembered Sets and Scrub Regions 27.610ms
[319.170s][info][gc,start    ] GC(587) Pause Cleanup
[319.170s][info][gc          ] GC(587) Pause Cleanup 292M->292M(688M) 0.067ms
[319.170s][info][gc,cpu      ] GC(587) User=0.00s Sys=0.00s Real=0.00s
[319.170s][info][gc,marking  ] GC(587) Concurrent Clear Claimed Marks
[319.170s][info][gc,marking  ] GC(587) Concurrent Clear Claimed Marks 0.095ms
[319.170s][info][gc,marking  ] GC(587) Concurrent Cleanup for Next Mark
[319.175s][info][gc,marking  ] GC(587) Concurrent Cleanup for Next Mark 4.133ms
[319.175s][info][gc          ] GC(587) Concurrent Mark Cycle 96.492ms
[320.058s][info][gc,start    ] GC(588) Pause Young (Prepare Mixed) (G1 Evacuation Pause)
[320.058s][info][gc,task     ] GC(588) Using 2 workers of 2 for evacuation
[320.063s][info][gc,phases   ] GC(588)   Pre Evacuate Collection Set: 0.26ms
[320.063s][info][gc,phases   ] GC(588)   Merge Heap Roots: 0.13ms
[320.063s][info][gc,phases   ] GC(588)   Evacuate Collection Set: 3.31ms
[320.063s][info][gc,phases   ] GC(588)   Post Evacuate Collection Set: 0.67ms
[320.063s][info][gc,phases   ] GC(588)   Other: 0.08ms
[320.063s][info][gc,heap     ] GC(588) Eden regions: 395->0(395)
[320.063s][info][gc,heap     ] GC(588) Survivor regions: 3->3(50)
[320.063s][info][gc,heap     ] GC(588) Old regions: 45->45
[320.063s][info][gc,heap     ] GC(588) Humongous regions: 207->207
[320.063s][info][gc,metaspace] GC(588) Metaspace: 57096K(57408K)->57096K(57408K) NonClass: 51477K(51712K)->51477K(51712K) Class: 5619K(5696K)->5619K(5696K)
[320.063s][info][gc          ] GC(588) Pause Young (Prepare Mixed) (G1 Evacuation Pause) 649M->254M(688M) 4.647ms
[320.063s][info][gc,cpu      ] GC(588) User=0.01s Sys=0.00s Real=0.01s
[320.994s][info][gc,start    ] GC(589) Pause Young (Mixed) (G1 Evacuation Pause)
[320.994s][info][gc,task     ] GC(589) Using 2 workers of 2 for evacuation
[321.000s][info][gc,phases   ] GC(589)   Pre Evacuate Collection Set: 0.26ms
[321.000s][info][gc,phases   ] GC(589)   Merge Heap Roots: 0.14ms
[321.000s][info][gc,phases   ] GC(589)   Evacuate Collection Set: 4.82ms
[321.000s][info][gc,phases   ] GC(589)   Post Evacuate Collection Set: 0.69ms
[321.000s][info][gc,phases   ] GC(589)   Other: 0.08ms
[321.000s][info][gc,heap     ] GC(589) Eden regions: 395->0(397)
[321.000s][info][gc,heap     ] GC(589) Survivor regions: 3->2(50)
[321.000s][info][gc,heap     ] GC(589) Old regions: 45->45
[321.000s][info][gc,heap     ] GC(589) Humongous regions: 207->207
[321.000s][info][gc,metaspace] GC(589) Metaspace: 57096K(57408K)->57096K(57408K) NonClass: 51477K(51712K)->51477K(51712K) Class: 5619K(5696K)->5619K(5696K)
[321.000s][info][gc          ] GC(589) Pause Young (Mixed) (G1 Evacuation Pause) 649M->253M(688M) 6.159ms
[321.000s][info][gc,cpu      ] GC(589) User=0.01s Sys=0.00s Real=0.00s
[321.982s][info][gc,start    ] GC(590) Pause Young (Concurrent Start) (G1 Evacuation Pause)
[321.982s][info][gc,task     ] GC(590) Using 2 workers of 2 for evacuation
[321.988s][info][gc,phases   ] GC(590)   Pre Evacuate Collection Set: 0.32ms
[321.988s][info][gc,phases   ] GC(590)   Merge Heap Roots: 0.11ms
[321.988s][info][gc,phases   ] GC(590)   Evacuate Collection Set: 4.98ms
[321.988s][info][gc,phases   ] GC(590)   Post Evacuate Collection Set: 0.69ms
[321.989s][info][gc,phases   ] GC(590)   Other: 0.13ms
[321.989s][info][gc,heap     ] GC(590) Eden regions: 397->0(395)
[321.989s][info][gc,heap     ] GC(590) Survivor regions: 2->3(50)
[321.989s][info][gc,heap     ] GC(590) Old regions: 45->45
[321.989s][info][gc,heap     ] GC(590) Humongous regions: 207->207
[321.989s][info][gc,metaspace] GC(590) Metaspace: 57096K(57408K)->57096K(57408K) NonClass: 51477K(51712K)->51477K(51712K) Class: 5619K(5696K)->5619K(5696K)
[321.989s][info][gc          ] GC(590) Pause Young (Concurrent Start) (G1 Evacuation Pause) 650M->254M(688M) 6.396ms
[321.989s][info][gc,cpu      ] GC(590) User=0.01s Sys=0.00s Real=0.00s
[321.989s][info][gc          ] GC(591) Concurrent Mark Cycle
[321.991s][info][gc,marking  ] GC(591) Concurrent Scan Root Regions
[321.997s][info][gc,marking  ] GC(591) Concurrent Scan Root Regions 5.959ms
[321.997s][info][gc,marking  ] GC(591) Concurrent Mark
[321.997s][info][gc,marking  ] GC(591) Concurrent Mark From Roots
[321.997s][info][gc,task     ] GC(591) Using 1 workers of 1 for marking
[322.040s][info][gc,marking  ] GC(591) Concurrent Mark From Roots 42.654ms
[322.040s][info][gc,marking  ] GC(591) Concurrent Preclean
[322.040s][info][gc,marking  ] GC(591) Concurrent Preclean 0.067ms
[322.040s][info][gc,start    ] GC(591) Pause Remark
[322.050s][info][gc          ] GC(591) Pause Remark 273M->273M(688M) 9.463ms
[322.050s][info][gc,cpu      ] GC(591) User=0.02s Sys=0.00s Real=0.01s
[322.051s][info][gc,marking  ] GC(591) Concurrent Mark 53.307ms
[322.051s][info][gc,marking  ] GC(591) Concurrent Rebuild Remembered Sets and Scrub Regions
[322.071s][info][gc,marking  ] GC(591) Concurrent Rebuild Remembered Sets and Scrub Regions 20.434ms
[322.071s][info][gc,start    ] GC(591) Pause Cleanup
[322.071s][info][gc          ] GC(591) Pause Cleanup 289M->289M(688M) 0.064ms
[322.071s][info][gc,cpu      ] GC(591) User=0.00s Sys=0.00s Real=0.00s
[322.071s][info][gc,marking  ] GC(591) Concurrent Clear Claimed Marks
[322.071s][info][gc,marking  ] GC(591) Concurrent Clear Claimed Marks 0.081ms
[322.071s][info][gc,marking  ] GC(591) Concurrent Cleanup for Next Mark
[322.073s][info][gc,marking  ] GC(591) Concurrent Cleanup for Next Mark 1.994ms
[322.073s][info][gc          ] GC(591) Concurrent Mark Cycle 84.748ms
[323.008s][info][gc,start    ] GC(592) Pause Young (Prepare Mixed) (G1 Evacuation Pause)
[323.008s][info][gc,task     ] GC(592) Using 2 workers of 2 for evacuation
[323.016s][info][gc,phases   ] GC(592)   Pre Evacuate Collection Set: 1.28ms
[323.016s][info][gc,phases   ] GC(592)   Merge Heap Roots: 0.17ms
[323.016s][info][gc,phases   ] GC(592)   Evacuate Collection Set: 5.26ms
[323.016s][info][gc,phases   ] GC(592)   Post Evacuate Collection Set: 0.96ms
[323.016s][info][gc,phases   ] GC(592)   Other: 0.11ms
[323.016s][info][gc,heap     ] GC(592) Eden regions: 395->0(397)
[323.016s][info][gc,heap     ] GC(592) Survivor regions: 3->2(50)
[323.016s][info][gc,heap     ] GC(592) Old regions: 45->45
[323.016s][info][gc,heap     ] GC(592) Humongous regions: 207->207
[323.016s][info][gc,metaspace] GC(592) Metaspace: 57096K(57408K)->57096K(57408K) NonClass: 51477K(51712K)->51477K(51712K) Class: 5619K(5696K)->5619K(5696K)
[323.016s][info][gc          ] GC(592) Pause Young (Prepare Mixed) (G1 Evacuation Pause) 649M->253M(688M) 7.960ms
[323.016s][info][gc,cpu      ] GC(592) User=0.00s Sys=0.01s Real=0.01s
[325.938s][info][gc,start    ] GC(593) Pause Young (Mixed) (G1 Evacuation Pause)
[325.938s][info][gc,task     ] GC(593) Using 2 workers of 2 for evacuation
[325.959s][info][gc,phases   ] GC(593)   Pre Evacuate Collection Set: 0.49ms
[325.959s][info][gc,phases   ] GC(593)   Merge Heap Roots: 0.77ms
[325.959s][info][gc,phases   ] GC(593)   Evacuate Collection Set: 18.54ms
[325.959s][info][gc,phases   ] GC(593)   Post Evacuate Collection Set: 0.85ms
[325.959s][info][gc,phases   ] GC(593)   Other: 0.08ms
[325.959s][info][gc,heap     ] GC(593) Eden regions: 278->0(385)
[325.959s][info][gc,heap     ] GC(593) Survivor regions: 2->16(50)
[325.959s][info][gc,heap     ] GC(593) Old regions: 45->45
[325.959s][info][gc,heap     ] GC(593) Humongous regions: 363->207
[325.959s][info][gc,metaspace] GC(593) Metaspace: 57337K(57664K)->57337K(57664K) NonClass: 51717K(51968K)->51717K(51968K) Class: 5619K(5696K)->5619K(5696K)
[325.959s][info][gc          ] GC(593) Pause Young (Mixed) (G1 Evacuation Pause) 687M->267M(705M) 20.916ms
[325.959s][info][gc,cpu      ] GC(593) User=0.03s Sys=0.01s Real=0.02s
[326.856s][info][gc,start    ] GC(594) Pause Young (Normal) (G1 Evacuation Pause)
[326.856s][info][gc,task     ] GC(594) Using 2 workers of 2 for evacuation
[326.864s][info][gc,phases   ] GC(594)   Pre Evacuate Collection Set: 0.27ms
[326.864s][info][gc,phases   ] GC(594)   Merge Heap Roots: 0.12ms
[326.864s][info][gc,phases   ] GC(594)   Evacuate Collection Set: 6.62ms
[326.864s][info][gc,phases   ] GC(594)   Post Evacuate Collection Set: 0.75ms
[326.864s][info][gc,phases   ] GC(594)   Other: 0.08ms
[326.864s][info][gc,heap     ] GC(594) Eden regions: 385->0(389)
[326.864s][info][gc,heap     ] GC(594) Survivor regions: 16->14(51)
[326.864s][info][gc,heap     ] GC(594) Old regions: 45->45
[326.864s][info][gc,heap     ] GC(594) Humongous regions: 207->207
[326.864s][info][gc,metaspace] GC(594) Metaspace: 57337K(57664K)->57337K(57664K) NonClass: 51717K(51968K)->51717K(51968K) Class: 5619K(5696K)->5619K(5696K)
[326.864s][info][gc          ] GC(594) Pause Young (Normal) (G1 Evacuation Pause) 652M->265M(705M) 8.007ms
[326.864s][info][gc,cpu      ] GC(594) User=0.02s Sys=0.00s Real=0.01s
[327.780s][info][gc,start    ] GC(595) Pause Young (Normal) (G1 Evacuation Pause)
[327.780s][info][gc,task     ] GC(595) Using 2 workers of 2 for evacuation
[327.790s][info][gc,phases   ] GC(595)   Pre Evacuate Collection Set: 0.27ms
[327.790s][info][gc,phases   ] GC(595)   Merge Heap Roots: 0.13ms
[327.790s][info][gc,phases   ] GC(595)   Evacuate Collection Set: 8.94ms
[327.790s][info][gc,phases   ] GC(595)   Post Evacuate Collection Set: 0.74ms
[327.790s][info][gc,phases   ] GC(595)   Other: 0.11ms
[327.790s][info][gc,heap     ] GC(595) Eden regions: 389->0(385)
[327.790s][info][gc,heap     ] GC(595) Survivor regions: 14->16(51)
[327.790s][info][gc,heap     ] GC(595) Old regions: 45->45
[327.790s][info][gc,heap     ] GC(595) Humongous regions: 207->207
[327.790s][info][gc,metaspace] GC(595) Metaspace: 57337K(57664K)->57337K(57664K) NonClass: 51717K(51968K)->51717K(51968K) Class: 5619K(5696K)->5619K(5696K)
[327.790s][info][gc          ] GC(595) Pause Young (Normal) (G1 Evacuation Pause) 654M->267M(705M) 10.375ms
[327.790s][info][gc,cpu      ] GC(595) User=0.02s Sys=0.00s Real=0.01s
[328.754s][info][gc,start    ] GC(596) Pause Young (Concurrent Start) (G1 Evacuation Pause)
[328.754s][info][gc,task     ] GC(596) Using 2 workers of 2 for evacuation
[328.761s][info][gc,phases   ] GC(596)   Pre Evacuate Collection Set: 0.26ms
[328.761s][info][gc,phases   ] GC(596)   Merge Heap Roots: 0.13ms
[328.761s][info][gc,phases   ] GC(596)   Evacuate Collection Set: 6.30ms
[328.761s][info][gc,phases   ] GC(596)   Post Evacuate Collection Set: 0.72ms
[328.761s][info][gc,phases   ] GC(596)   Other: 0.11ms
[328.761s][info][gc,heap     ] GC(596) Eden regions: 385->0(389)
[328.761s][info][gc,heap     ] GC(596) Survivor regions: 16->14(51)
[328.761s][info][gc,heap     ] GC(596) Old regions: 45->45
[328.761s][info][gc,heap     ] GC(596) Humongous regions: 207->207
[328.761s][info][gc,metaspace] GC(596) Metaspace: 57337K(57664K)->57337K(57664K) NonClass: 51717K(51968K)->51717K(51968K) Class: 5619K(5696K)->5619K(5696K)
[328.761s][info][gc          ] GC(596) Pause Young (Concurrent Start) (G1 Evacuation Pause) 652M->265M(705M) 7.695ms
[328.761s][info][gc,cpu      ] GC(596) User=0.01s Sys=0.00s Real=0.01s
[328.761s][info][gc          ] GC(597) Concurrent Mark Cycle
[328.762s][info][gc,marking  ] GC(597) Concurrent Scan Root Regions
[328.772s][info][gc,marking  ] GC(597) Concurrent Scan Root Regions 10.181ms
[328.772s][info][gc,marking  ] GC(597) Concurrent Mark
[328.772s][info][gc,marking  ] GC(597) Concurrent Mark From Roots
[328.772s][info][gc,task     ] GC(597) Using 1 workers of 1 for marking
[328.826s][info][gc,marking  ] GC(597) Concurrent Mark From Roots 54.097ms
[328.826s][info][gc,marking  ] GC(597) Concurrent Preclean
[328.827s][info][gc,marking  ] GC(597) Concurrent Preclean 0.045ms
[328.827s][info][gc,start    ] GC(597) Pause Remark
[328.837s][info][gc          ] GC(597) Pause Remark 303M->303M(705M) 9.932ms
[328.837s][info][gc,cpu      ] GC(597) User=0.02s Sys=0.00s Real=0.01s
[328.837s][info][gc,marking  ] GC(597) Concurrent Mark 64.458ms
[328.837s][info][gc,marking  ] GC(597) Concurrent Rebuild Remembered Sets and Scrub Regions
[328.857s][info][gc,marking  ] GC(597) Concurrent Rebuild Remembered Sets and Scrub Regions 20.141ms
[328.857s][info][gc,start    ] GC(597) Pause Cleanup
[328.857s][info][gc          ] GC(597) Pause Cleanup 309M->309M(705M) 0.072ms
[328.857s][info][gc,cpu      ] GC(597) User=0.00s Sys=0.00s Real=0.00s
[328.858s][info][gc,marking  ] GC(597) Concurrent Clear Claimed Marks
[328.858s][info][gc,marking  ] GC(597) Concurrent Clear Claimed Marks 0.093ms
[328.858s][info][gc,marking  ] GC(597) Concurrent Cleanup for Next Mark
[328.863s][info][gc,marking  ] GC(597) Concurrent Cleanup for Next Mark 4.561ms
[328.863s][info][gc          ] GC(597) Concurrent Mark Cycle 101.368ms
[329.674s][info][gc,start    ] GC(598) Pause Young (Prepare Mixed) (G1 Evacuation Pause)
[329.674s][info][gc,task     ] GC(598) Using 2 workers of 2 for evacuation
[329.683s][info][gc,phases   ] GC(598)   Pre Evacuate Collection Set: 0.28ms
[329.683s][info][gc,phases   ] GC(598)   Merge Heap Roots: 0.15ms
[329.683s][info][gc,phases   ] GC(598)   Evacuate Collection Set: 7.79ms
[329.683s][info][gc,phases   ] GC(598)   Post Evacuate Collection Set: 0.73ms
[329.683s][info][gc,phases   ] GC(598)   Other: 0.08ms
[329.683s][info][gc,heap     ] GC(598) Eden regions: 389->0(387)
[329.683s][info][gc,heap     ] GC(598) Survivor regions: 14->15(51)
[329.683s][info][gc,heap     ] GC(598) Old regions: 45->45
[329.683s][info][gc,heap     ] GC(598) Humongous regions: 207->207
[329.683s][info][gc,metaspace] GC(598) Metaspace: 57337K(57664K)->57337K(57664K) NonClass: 51717K(51968K)->51717K(51968K) Class: 5619K(5696K)->5619K(5696K)
[329.683s][info][gc          ] GC(598) Pause Young (Prepare Mixed) (G1 Evacuation Pause) 654M->266M(705M) 9.236ms
[329.683s][info][gc,cpu      ] GC(598) User=0.02s Sys=0.00s Real=0.01s
[330.698s][info][gc,start    ] GC(599) Pause Young (Mixed) (G1 Evacuation Pause)
[330.698s][info][gc,task     ] GC(599) Using 2 workers of 2 for evacuation
[330.708s][info][gc,phases   ] GC(599)   Pre Evacuate Collection Set: 0.27ms
[330.708s][info][gc,phases   ] GC(599)   Merge Heap Roots: 0.15ms
[330.708s][info][gc,phases   ] GC(599)   Evacuate Collection Set: 8.26ms
[330.708s][info][gc,phases   ] GC(599)   Post Evacuate Collection Set: 0.82ms
[330.708s][info][gc,phases   ] GC(599)   Other: 0.08ms
[330.708s][info][gc,heap     ] GC(599) Eden regions: 387->0(391)
[330.708s][info][gc,heap     ] GC(599) Survivor regions: 15->13(51)
[330.708s][info][gc,heap     ] GC(599) Old regions: 45->45
[330.708s][info][gc,heap     ] GC(599) Humongous regions: 207->207
[330.708s][info][gc,metaspace] GC(599) Metaspace: 57337K(57664K)->57337K(57664K) NonClass: 51717K(51968K)->51717K(51968K) Class: 5619K(5696K)->5619K(5696K)
[330.708s][info][gc          ] GC(599) Pause Young (Mixed) (G1 Evacuation Pause) 653M->264M(705M) 9.759ms
[330.708s][info][gc,cpu      ] GC(599) User=0.02s Sys=0.00s Real=0.01s
[331.568s][info][gc,start    ] GC(600) Pause Young (Concurrent Start) (G1 Evacuation Pause)
[331.568s][info][gc,task     ] GC(600) Using 2 workers of 2 for evacuation
[331.577s][info][gc,phases   ] GC(600)   Pre Evacuate Collection Set: 0.27ms
[331.577s][info][gc,phases   ] GC(600)   Merge Heap Roots: 0.13ms
[331.577s][info][gc,phases   ] GC(600)   Evacuate Collection Set: 7.73ms
[331.577s][info][gc,phases   ] GC(600)   Post Evacuate Collection Set: 0.72ms
[331.577s][info][gc,phases   ] GC(600)   Other: 0.09ms
[331.577s][info][gc,heap     ] GC(600) Eden regions: 391->0(387)
[331.577s][info][gc,heap     ] GC(600) Survivor regions: 13->15(51)
[331.577s][info][gc,heap     ] GC(600) Old regions: 45->45
[331.577s][info][gc,heap     ] GC(600) Humongous regions: 207->207
[331.577s][info][gc,metaspace] GC(600) Metaspace: 57337K(57664K)->57337K(57664K) NonClass: 51717K(51968K)->51717K(51968K) Class: 5619K(5696K)->5619K(5696K)
[331.577s][info][gc          ] GC(600) Pause Young (Concurrent Start) (G1 Evacuation Pause) 655M->266M(705M) 9.185ms
[331.577s][info][gc          ] GC(601) Concurrent Mark Cycle
[331.577s][info][gc,marking  ] GC(601) Concurrent Scan Root Regions
[331.577s][info][gc,cpu      ] GC(600) User=0.02s Sys=0.00s Real=0.01s
[331.586s][info][gc,marking  ] GC(601) Concurrent Scan Root Regions 8.951ms
[331.586s][info][gc,marking  ] GC(601) Concurrent Mark
[331.586s][info][gc,marking  ] GC(601) Concurrent Mark From Roots
[331.586s][info][gc,task     ] GC(601) Using 1 workers of 1 for marking
[331.624s][info][gc,marking  ] GC(601) Concurrent Mark From Roots 37.905ms
[331.624s][info][gc,marking  ] GC(601) Concurrent Preclean
[331.624s][info][gc,marking  ] GC(601) Concurrent Preclean 0.044ms
[331.624s][info][gc,start    ] GC(601) Pause Remark
[331.634s][info][gc          ] GC(601) Pause Remark 290M->290M(705M) 9.818ms
[331.634s][info][gc,cpu      ] GC(601) User=0.02s Sys=0.00s Real=0.01s
[331.635s][info][gc,marking  ] GC(601) Concurrent Mark 48.237ms
[331.635s][info][gc,marking  ] GC(601) Concurrent Rebuild Remembered Sets and Scrub Regions
[331.650s][info][gc,marking  ] GC(601) Concurrent Rebuild Remembered Sets and Scrub Regions 15.059ms
[331.650s][info][gc,start    ] GC(601) Pause Cleanup
[331.650s][info][gc          ] GC(601) Pause Cleanup 290M->290M(705M) 0.075ms
[331.650s][info][gc,cpu      ] GC(601) User=0.00s Sys=0.00s Real=0.00s
[331.650s][info][gc,marking  ] GC(601) Concurrent Clear Claimed Marks
[331.650s][info][gc,marking  ] GC(601) Concurrent Clear Claimed Marks 0.083ms
[331.650s][info][gc,marking  ] GC(601) Concurrent Cleanup for Next Mark
[331.652s][info][gc,marking  ] GC(601) Concurrent Cleanup for Next Mark 2.260ms
[331.652s][info][gc          ] GC(601) Concurrent Mark Cycle 74.927ms
[332.495s][info][gc,start    ] GC(602) Pause Young (Prepare Mixed) (G1 Evacuation Pause)
[332.495s][info][gc,task     ] GC(602) Using 2 workers of 2 for evacuation
[332.502s][info][gc,phases   ] GC(602)   Pre Evacuate Collection Set: 0.29ms
[332.502s][info][gc,phases   ] GC(602)   Merge Heap Roots: 0.15ms
[332.502s][info][gc,phases   ] GC(602)   Evacuate Collection Set: 5.87ms
[332.502s][info][gc,phases   ] GC(602)   Post Evacuate Collection Set: 0.71ms
[332.502s][info][gc,phases   ] GC(602)   Other: 0.08ms
[332.502s][info][gc,heap     ] GC(602) Eden regions: 387->0(389)
[332.502s][info][gc,heap     ] GC(602) Survivor regions: 15->14(51)
[332.502s][info][gc,heap     ] GC(602) Old regions: 45->45
[332.502s][info][gc,heap     ] GC(602) Humongous regions: 207->207
[332.502s][info][gc,metaspace] GC(602) Metaspace: 57337K(57664K)->57337K(57664K) NonClass: 51717K(51968K)->51717K(51968K) Class: 5619K(5696K)->5619K(5696K)
[332.502s][info][gc          ] GC(602) Pause Young (Prepare Mixed) (G1 Evacuation Pause) 653M->264M(705M) 7.284ms
[332.502s][info][gc,cpu      ] GC(602) User=0.01s Sys=0.00s Real=0.01s
[333.467s][info][gc,start    ] GC(603) Pause Young (Mixed) (G1 Evacuation Pause)
[333.467s][info][gc,task     ] GC(603) Using 2 workers of 2 for evacuation
[333.478s][info][gc,phases   ] GC(603)   Pre Evacuate Collection Set: 0.26ms
[333.478s][info][gc,phases   ] GC(603)   Merge Heap Roots: 0.18ms
[333.478s][info][gc,phases   ] GC(603)   Evacuate Collection Set: 9.60ms
[333.478s][info][gc,phases   ] GC(603)   Post Evacuate Collection Set: 0.76ms
[333.478s][info][gc,phases   ] GC(603)   Other: 0.11ms
[333.478s][info][gc,heap     ] GC(603) Eden regions: 389->0(386)
[333.478s][info][gc,heap     ] GC(603) Survivor regions: 14->16(51)
[333.478s][info][gc,heap     ] GC(603) Old regions: 45->44
[333.478s][info][gc,heap     ] GC(603) Humongous regions: 207->207
[333.478s][info][gc,metaspace] GC(603) Metaspace: 57337K(57664K)->57337K(57664K) NonClass: 51717K(51968K)->51717K(51968K) Class: 5619K(5696K)->5619K(5696K)
[333.478s][info][gc          ] GC(603) Pause Young (Mixed) (G1 Evacuation Pause) 653M->266M(705M) 11.095ms
[333.478s][info][gc,cpu      ] GC(603) User=0.02s Sys=0.00s Real=0.01s
[334.452s][info][gc,start    ] GC(604) Pause Young (Concurrent Start) (G1 Evacuation Pause)
[334.452s][info][gc,task     ] GC(604) Using 2 workers of 2 for evacuation
[334.460s][info][gc,phases   ] GC(604)   Pre Evacuate Collection Set: 0.27ms
[334.460s][info][gc,phases   ] GC(604)   Merge Heap Roots: 0.13ms
[334.460s][info][gc,phases   ] GC(604)   Evacuate Collection Set: 6.15ms
[334.460s][info][gc,phases   ] GC(604)   Post Evacuate Collection Set: 0.75ms
[334.460s][info][gc,phases   ] GC(604)   Other: 0.10ms
[334.460s][info][gc,heap     ] GC(604) Eden regions: 386->0(389)
[334.460s][info][gc,heap     ] GC(604) Survivor regions: 16->14(51)
[334.460s][info][gc,heap     ] GC(604) Old regions: 44->45
[334.460s][info][gc,heap     ] GC(604) Humongous regions: 207->207
[334.460s][info][gc,metaspace] GC(604) Metaspace: 57337K(57664K)->57337K(57664K) NonClass: 51717K(51968K)->51717K(51968K) Class: 5619K(5696K)->5619K(5696K)
[334.460s][info][gc          ] GC(604) Pause Young (Concurrent Start) (G1 Evacuation Pause) 652M->265M(705M) 7.580ms
[334.460s][info][gc,cpu      ] GC(604) User=0.01s Sys=0.00s Real=0.00s
[334.460s][info][gc          ] GC(605) Concurrent Mark Cycle
[334.460s][info][gc,marking  ] GC(605) Concurrent Scan Root Regions
[334.464s][info][gc,marking  ] GC(605) Concurrent Scan Root Regions 4.177ms
[334.464s][info][gc,marking  ] GC(605) Concurrent Mark
[334.465s][info][gc,marking  ] GC(605) Concurrent Mark From Roots
[334.465s][info][gc,task     ] GC(605) Using 1 workers of 1 for marking
[334.511s][info][gc,marking  ] GC(605) Concurrent Mark From Roots 46.544ms
[334.511s][info][gc,marking  ] GC(605) Concurrent Preclean
[334.511s][info][gc,marking  ] GC(605) Concurrent Preclean 0.044ms
[334.511s][info][gc,start    ] GC(605) Pause Remark
[334.521s][info][gc          ] GC(605) Pause Remark 298M->298M(705M) 9.699ms
[334.521s][info][gc,cpu      ] GC(605) User=0.01s Sys=0.00s Real=0.01s
[334.521s][info][gc,marking  ] GC(605) Concurrent Mark 57.333ms
[334.521s][info][gc,marking  ] GC(605) Concurrent Rebuild Remembered Sets and Scrub Regions
[334.537s][info][gc,marking  ] GC(605) Concurrent Rebuild Remembered Sets and Scrub Regions 15.651ms
[334.537s][info][gc,start    ] GC(605) Pause Cleanup
[334.537s][info][gc          ] GC(605) Pause Cleanup 303M->303M(705M) 0.081ms
[334.537s][info][gc,cpu      ] GC(605) User=0.00s Sys=0.00s Real=0.00s
[334.537s][info][gc,marking  ] GC(605) Concurrent Clear Claimed Marks
[334.538s][info][gc,marking  ] GC(605) Concurrent Clear Claimed Marks 0.089ms
[334.538s][info][gc,marking  ] GC(605) Concurrent Cleanup for Next Mark
[334.540s][info][gc,marking  ] GC(605) Concurrent Cleanup for Next Mark 2.059ms
[334.540s][info][gc          ] GC(605) Concurrent Mark Cycle 79.751ms
[335.379s][info][gc,start    ] GC(606) Pause Young (Prepare Mixed) (G1 Evacuation Pause)
[335.379s][info][gc,task     ] GC(606) Using 2 workers of 2 for evacuation
[335.390s][info][gc,phases   ] GC(606)   Pre Evacuate Collection Set: 0.31ms
[335.390s][info][gc,phases   ] GC(606)   Merge Heap Roots: 0.14ms
[335.390s][info][gc,phases   ] GC(606)   Evacuate Collection Set: 9.15ms
[335.390s][info][gc,phases   ] GC(606)   Post Evacuate Collection Set: 0.78ms
[335.390s][info][gc,phases   ] GC(606)   Other: 0.08ms
[335.390s][info][gc,heap     ] GC(606) Eden regions: 389->0(383)
[335.390s][info][gc,heap     ] GC(606) Survivor regions: 14->17(51)
[335.390s][info][gc,heap     ] GC(606) Old regions: 45->45
[335.390s][info][gc,heap     ] GC(606) Humongous regions: 207->207
[335.390s][info][gc,metaspace] GC(606) Metaspace: 57337K(57664K)->57337K(57664K) NonClass: 51717K(51968K)->51717K(51968K) Class: 5619K(5696K)->5619K(5696K)
[335.390s][info][gc          ] GC(606) Pause Young (Prepare Mixed) (G1 Evacuation Pause) 654M->268M(705M) 10.648ms
[335.390s][info][gc,cpu      ] GC(606) User=0.03s Sys=0.00s Real=0.01s
[336.297s][info][gc,start    ] GC(607) Pause Young (Mixed) (G1 Evacuation Pause)
[336.297s][info][gc,task     ] GC(607) Using 2 workers of 2 for evacuation
[336.304s][info][gc,phases   ] GC(607)   Pre Evacuate Collection Set: 0.28ms
[336.304s][info][gc,phases   ] GC(607)   Merge Heap Roots: 0.13ms
[336.304s][info][gc,phases   ] GC(607)   Evacuate Collection Set: 5.84ms
[336.304s][info][gc,phases   ] GC(607)   Post Evacuate Collection Set: 0.79ms
[336.304s][info][gc,phases   ] GC(607)   Other: 0.10ms
[336.304s][info][gc,heap     ] GC(607) Eden regions: 383->0(390)
[336.304s][info][gc,heap     ] GC(607) Survivor regions: 17->14(50)
[336.304s][info][gc,heap     ] GC(607) Old regions: 45->44
[336.304s][info][gc,heap     ] GC(607) Humongous regions: 207->207
[336.304s][info][gc,metaspace] GC(607) Metaspace: 57337K(57664K)->57337K(57664K) NonClass: 51717K(51968K)->51717K(51968K) Class: 5619K(5696K)->5619K(5696K)
[336.304s][info][gc          ] GC(607) Pause Young (Mixed) (G1 Evacuation Pause) 651M->264M(705M) 7.341ms
[336.304s][info][gc,cpu      ] GC(607) User=0.02s Sys=0.00s Real=0.01s
[337.272s][info][gc,start    ] GC(608) Pause Young (Concurrent Start) (G1 Evacuation Pause)
[337.272s][info][gc,task     ] GC(608) Using 2 workers of 2 for evacuation
[337.282s][info][gc,phases   ] GC(608)   Pre Evacuate Collection Set: 0.28ms
[337.282s][info][gc,phases   ] GC(608)   Merge Heap Roots: 0.12ms
[337.282s][info][gc,phases   ] GC(608)   Evacuate Collection Set: 8.48ms
[337.282s][info][gc,phases   ] GC(608)   Post Evacuate Collection Set: 0.71ms
[337.282s][info][gc,phases   ] GC(608)   Other: 0.11ms
[337.282s][info][gc,heap     ] GC(608) Eden regions: 390->0(386)
[337.282s][info][gc,heap     ] GC(608) Survivor regions: 14->16(51)
[337.282s][info][gc,heap     ] GC(608) Old regions: 44->44
[337.282s][info][gc,heap     ] GC(608) Humongous regions: 207->207
[337.282s][info][gc,metaspace] GC(608) Metaspace: 57337K(57664K)->57337K(57664K) NonClass: 51717K(51968K)->51717K(51968K) Class: 5619K(5696K)->5619K(5696K)
[337.282s][info][gc          ] GC(608) Pause Young (Concurrent Start) (G1 Evacuation Pause) 654M->266M(705M) 9.905ms
[337.282s][info][gc,cpu      ] GC(608) User=0.02s Sys=0.00s Real=0.01s
[337.282s][info][gc          ] GC(609) Concurrent Mark Cycle
[337.283s][info][gc,marking  ] GC(609) Concurrent Scan Root Regions
[337.293s][info][gc,marking  ] GC(609) Concurrent Scan Root Regions 9.995ms
[337.293s][info][gc,marking  ] GC(609) Concurrent Mark
[337.293s][info][gc,marking  ] GC(609) Concurrent Mark From Roots
[337.293s][info][gc,task     ] GC(609) Using 1 workers of 1 for marking
[337.332s][info][gc,marking  ] GC(609) Concurrent Mark From Roots 39.499ms
[337.332s][info][gc,marking  ] GC(609) Concurrent Preclean
[337.333s][info][gc,marking  ] GC(609) Concurrent Preclean 0.044ms
[337.333s][info][gc,start    ] GC(609) Pause Remark
[337.342s][info][gc          ] GC(609) Pause Remark 288M->288M(705M) 9.881ms
[337.343s][info][gc,cpu      ] GC(609) User=0.02s Sys=0.00s Real=0.01s
[337.343s][info][gc,marking  ] GC(609) Concurrent Mark 49.617ms
[337.343s][info][gc,marking  ] GC(609) Concurrent Rebuild Remembered Sets and Scrub Regions
[337.363s][info][gc,marking  ] GC(609) Concurrent Rebuild Remembered Sets and Scrub Regions 20.166ms
[337.363s][info][gc,start    ] GC(609) Pause Cleanup
[337.363s][info][gc          ] GC(609) Pause Cleanup 299M->299M(705M) 0.062ms
[337.363s][info][gc,cpu      ] GC(609) User=0.00s Sys=0.00s Real=0.00s
[337.363s][info][gc,marking  ] GC(609) Concurrent Clear Claimed Marks
[337.363s][info][gc,marking  ] GC(609) Concurrent Clear Claimed Marks 0.083ms
[337.363s][info][gc,marking  ] GC(609) Concurrent Cleanup for Next Mark
[337.365s][info][gc,marking  ] GC(609) Concurrent Cleanup for Next Mark 2.084ms
[337.365s][info][gc          ] GC(609) Concurrent Mark Cycle 83.216ms
[338.250s][info][gc,start    ] GC(610) Pause Young (Prepare Mixed) (G1 Evacuation Pause)
[338.251s][info][gc,task     ] GC(610) Using 2 workers of 2 for evacuation
[338.258s][info][gc,phases   ] GC(610)   Pre Evacuate Collection Set: 0.28ms
[338.258s][info][gc,phases   ] GC(610)   Merge Heap Roots: 0.14ms
[338.258s][info][gc,phases   ] GC(610)   Evacuate Collection Set: 5.81ms
[338.258s][info][gc,phases   ] GC(610)   Post Evacuate Collection Set: 0.73ms
[338.258s][info][gc,phases   ] GC(610)   Other: 0.11ms
[338.258s][info][gc,heap     ] GC(610) Eden regions: 386->0(388)
[338.258s][info][gc,heap     ] GC(610) Survivor regions: 16->15(51)
[338.258s][info][gc,heap     ] GC(610) Old regions: 44->44
[338.258s][info][gc,heap     ] GC(610) Humongous regions: 207->207
[338.258s][info][gc,metaspace] GC(610) Metaspace: 57337K(57664K)->57337K(57664K) NonClass: 51717K(51968K)->51717K(51968K) Class: 5619K(5696K)->5619K(5696K)
[338.258s][info][gc          ] GC(610) Pause Young (Prepare Mixed) (G1 Evacuation Pause) 652M->265M(705M) 7.261ms
[338.258s][info][gc,cpu      ] GC(610) User=0.01s Sys=0.00s Real=0.01s
[339.166s][info][gc,start    ] GC(611) Pause Young (Mixed) (G1 Evacuation Pause)
[339.166s][info][gc,task     ] GC(611) Using 2 workers of 2 for evacuation
[339.178s][info][gc,phases   ] GC(611)   Pre Evacuate Collection Set: 0.28ms
[339.178s][info][gc,phases   ] GC(611)   Merge Heap Roots: 0.16ms
[339.178s][info][gc,phases   ] GC(611)   Evacuate Collection Set: 10.11ms
[339.178s][info][gc,phases   ] GC(611)   Post Evacuate Collection Set: 0.80ms
[339.178s][info][gc,phases   ] GC(611)   Other: 0.08ms
[339.178s][info][gc,heap     ] GC(611) Eden regions: 388->0(386)
[339.178s][info][gc,heap     ] GC(611) Survivor regions: 15->16(51)
[339.178s][info][gc,heap     ] GC(611) Old regions: 44->44
[339.178s][info][gc,heap     ] GC(611) Humongous regions: 207->207
[339.178s][info][gc,metaspace] GC(611) Metaspace: 57337K(57664K)->57337K(57664K) NonClass: 51717K(51968K)->51717K(51968K) Class: 5619K(5696K)->5619K(5696K)
[339.178s][info][gc          ] GC(611) Pause Young (Mixed) (G1 Evacuation Pause) 653M->266M(705M) 11.667ms
[339.178s][info][gc,cpu      ] GC(611) User=0.02s Sys=0.00s Real=0.01s
[340.092s][info][gc,start    ] GC(612) Pause Young (Concurrent Start) (G1 Evacuation Pause)
[340.092s][info][gc,task     ] GC(612) Using 2 workers of 2 for evacuation
[340.101s][info][gc,phases   ] GC(612)   Pre Evacuate Collection Set: 0.31ms
[340.101s][info][gc,phases   ] GC(612)   Merge Heap Roots: 0.12ms
[340.101s][info][gc,phases   ] GC(612)   Evacuate Collection Set: 7.46ms
[340.101s][info][gc,phases   ] GC(612)   Post Evacuate Collection Set: 0.73ms
[340.101s][info][gc,phases   ] GC(612)   Other: 0.09ms
[340.101s][info][gc,heap     ] GC(612) Eden regions: 386->0(400)
[340.101s][info][gc,heap     ] GC(612) Survivor regions: 16->3(51)
[340.101s][info][gc,heap     ] GC(612) Old regions: 44->56
[340.101s][info][gc,heap     ] GC(612) Humongous regions: 207->207
[340.101s][info][gc,metaspace] GC(612) Metaspace: 57337K(57664K)->57337K(57664K) NonClass: 51717K(51968K)->51717K(51968K) Class: 5619K(5696K)->5619K(5696K)
[340.101s][info][gc          ] GC(612) Pause Young (Concurrent Start) (G1 Evacuation Pause) 652M->266M(705M) 8.889ms
[340.101s][info][gc,cpu      ] GC(612) User=0.02s Sys=0.01s Real=0.00s
[340.101s][info][gc          ] GC(613) Concurrent Mark Cycle
[340.101s][info][gc,marking  ] GC(613) Concurrent Scan Root Regions
[340.105s][info][gc,marking  ] GC(613) Concurrent Scan Root Regions 3.937ms
[340.105s][info][gc,marking  ] GC(613) Concurrent Mark
[340.105s][info][gc,marking  ] GC(613) Concurrent Mark From Roots
[340.105s][info][gc,task     ] GC(613) Using 1 workers of 1 for marking
[340.143s][info][gc,marking  ] GC(613) Concurrent Mark From Roots 38.162ms
[340.143s][info][gc,marking  ] GC(613) Concurrent Preclean
[340.143s][info][gc,marking  ] GC(613) Concurrent Preclean 0.042ms
[340.143s][info][gc,start    ] GC(613) Pause Remark
[340.153s][info][gc          ] GC(613) Pause Remark 273M->273M(705M) 9.636ms
[340.153s][info][gc,cpu      ] GC(613) User=0.02s Sys=0.00s Real=0.01s
[340.154s][info][gc,marking  ] GC(613) Concurrent Mark 48.978ms
[340.154s][info][gc,marking  ] GC(613) Concurrent Rebuild Remembered Sets and Scrub Regions
[340.178s][info][gc,marking  ] GC(613) Concurrent Rebuild Remembered Sets and Scrub Regions 23.618ms
[340.178s][info][gc,start    ] GC(613) Pause Cleanup
[340.178s][info][gc          ] GC(613) Pause Cleanup 290M->290M(705M) 0.069ms
[340.178s][info][gc,cpu      ] GC(613) User=0.00s Sys=0.00s Real=0.00s
[340.178s][info][gc,marking  ] GC(613) Concurrent Clear Claimed Marks
[340.178s][info][gc,marking  ] GC(613) Concurrent Clear Claimed Marks 0.084ms
[340.178s][info][gc,marking  ] GC(613) Concurrent Cleanup for Next Mark
[340.180s][info][gc,marking  ] GC(613) Concurrent Cleanup for Next Mark 2.096ms
[340.180s][info][gc          ] GC(613) Concurrent Mark Cycle 79.129ms
[341.079s][info][gc,start    ] GC(614) Pause Young (Prepare Mixed) (G1 Evacuation Pause)
[341.079s][info][gc,task     ] GC(614) Using 2 workers of 2 for evacuation
[341.085s][info][gc,phases   ] GC(614)   Pre Evacuate Collection Set: 0.27ms
[341.085s][info][gc,phases   ] GC(614)   Merge Heap Roots: 0.14ms
[341.085s][info][gc,phases   ] GC(614)   Evacuate Collection Set: 4.75ms
[341.085s][info][gc,phases   ] GC(614)   Post Evacuate Collection Set: 0.66ms
[341.085s][info][gc,phases   ] GC(614)   Other: 0.08ms
[341.085s][info][gc,heap     ] GC(614) Eden regions: 400->0(397)
[341.085s][info][gc,heap     ] GC(614) Survivor regions: 3->4(51)
[341.085s][info][gc,heap     ] GC(614) Old regions: 56->57
[341.085s][info][gc,heap     ] GC(614) Humongous regions: 207->207
[341.085s][info][gc,metaspace] GC(614) Metaspace: 57337K(57664K)->57337K(57664K) NonClass: 51717K(51968K)->51717K(51968K) Class: 5619K(5696K)->5619K(5696K)
[341.085s][info][gc          ] GC(614) Pause Young (Prepare Mixed) (G1 Evacuation Pause) 666M->268M(705M) 6.124ms
[341.085s][info][gc,cpu      ] GC(614) User=0.02s Sys=0.00s Real=0.01s
[342.064s][info][gc,start    ] GC(615) Pause Young (Mixed) (G1 Evacuation Pause)
[342.064s][info][gc,task     ] GC(615) Using 2 workers of 2 for evacuation
[342.072s][info][gc,phases   ] GC(615)   Pre Evacuate Collection Set: 0.26ms
[342.072s][info][gc,phases   ] GC(615)   Merge Heap Roots: 0.18ms
[342.072s][info][gc,phases   ] GC(615)   Evacuate Collection Set: 6.52ms
[342.072s][info][gc,phases   ] GC(615)   Post Evacuate Collection Set: 0.72ms
[342.072s][info][gc,phases   ] GC(615)   Other: 0.11ms
[342.072s][info][gc,heap     ] GC(615) Eden regions: 397->0(397)
[342.072s][info][gc,heap     ] GC(615) Survivor regions: 4->4(51)
[342.072s][info][gc,heap     ] GC(615) Old regions: 57->57
[342.072s][info][gc,heap     ] GC(615) Humongous regions: 207->207
[342.072s][info][gc,metaspace] GC(615) Metaspace: 57337K(57664K)->57337K(57664K) NonClass: 51717K(51968K)->51717K(51968K) Class: 5619K(5696K)->5619K(5696K)
[342.072s][info][gc          ] GC(615) Pause Young (Mixed) (G1 Evacuation Pause) 665M->267M(705M) 7.976ms
[342.072s][info][gc,cpu      ] GC(615) User=0.01s Sys=0.00s Real=0.01s
[343.054s][info][gc,start    ] GC(616) Pause Young (Concurrent Start) (G1 Evacuation Pause)
[343.054s][info][gc,task     ] GC(616) Using 2 workers of 2 for evacuation
[343.058s][info][gc,phases   ] GC(616)   Pre Evacuate Collection Set: 0.32ms
[343.058s][info][gc,phases   ] GC(616)   Merge Heap Roots: 0.14ms
[343.058s][info][gc,phases   ] GC(616)   Evacuate Collection Set: 2.87ms
[343.058s][info][gc,phases   ] GC(616)   Post Evacuate Collection Set: 0.67ms
[343.058s][info][gc,phases   ] GC(616)   Other: 0.10ms
[343.058s][info][gc,heap     ] GC(616) Eden regions: 397->0(400)
[343.058s][info][gc,heap     ] GC(616) Survivor regions: 4->2(51)
[343.058s][info][gc,heap     ] GC(616) Old regions: 57->58
[343.058s][info][gc,heap     ] GC(616) Humongous regions: 207->207
[343.058s][info][gc,metaspace] GC(616) Metaspace: 57337K(57664K)->57337K(57664K) NonClass: 51717K(51968K)->51717K(51968K) Class: 5619K(5696K)->5619K(5696K)
[343.058s][info][gc          ] GC(616) Pause Young (Concurrent Start) (G1 Evacuation Pause) 664M->266M(705M) 4.285ms
[343.058s][info][gc          ] GC(617) Concurrent Mark Cycle
[343.058s][info][gc,marking  ] GC(617) Concurrent Scan Root Regions
[343.059s][info][gc,cpu      ] GC(616) User=0.01s Sys=0.00s Real=0.00s
[343.062s][info][gc,marking  ] GC(617) Concurrent Scan Root Regions 3.648ms
[343.062s][info][gc,marking  ] GC(617) Concurrent Mark
[343.062s][info][gc,marking  ] GC(617) Concurrent Mark From Roots
[343.062s][info][gc,task     ] GC(617) Using 1 workers of 1 for marking
[343.108s][info][gc,marking  ] GC(617) Concurrent Mark From Roots 45.888ms
[343.108s][info][gc,marking  ] GC(617) Concurrent Preclean
[343.108s][info][gc,marking  ] GC(617) Concurrent Preclean 0.066ms
[343.108s][info][gc,start    ] GC(617) Pause Remark
[343.117s][info][gc          ] GC(617) Pause Remark 297M->278M(705M) 9.532ms
[343.117s][info][gc,cpu      ] GC(617) User=0.02s Sys=0.00s Real=0.01s
[343.117s][info][gc,marking  ] GC(617) Concurrent Mark 55.787ms
[343.117s][info][gc,marking  ] GC(617) Concurrent Rebuild Remembered Sets and Scrub Regions
[343.134s][info][gc,marking  ] GC(617) Concurrent Rebuild Remembered Sets and Scrub Regions 16.526ms
[343.134s][info][gc,start    ] GC(617) Pause Cleanup
[343.134s][info][gc          ] GC(617) Pause Cleanup 283M->283M(705M) 0.070ms
[343.134s][info][gc,cpu      ] GC(617) User=0.00s Sys=0.00s Real=0.00s
[343.134s][info][gc,marking  ] GC(617) Concurrent Clear Claimed Marks
[343.134s][info][gc,marking  ] GC(617) Concurrent Clear Claimed Marks 0.088ms
[343.134s][info][gc,marking  ] GC(617) Concurrent Cleanup for Next Mark
[343.136s][info][gc,marking  ] GC(617) Concurrent Cleanup for Next Mark 2.114ms
[343.136s][info][gc          ] GC(617) Concurrent Mark Cycle 78.494ms
[343.997s][info][gc,start    ] GC(618) Pause Young (Prepare Mixed) (G1 Evacuation Pause)
[343.997s][info][gc,task     ] GC(618) Using 2 workers of 2 for evacuation
[344.004s][info][gc,phases   ] GC(618)   Pre Evacuate Collection Set: 2.18ms
[344.004s][info][gc,phases   ] GC(618)   Merge Heap Roots: 0.15ms
[344.004s][info][gc,phases   ] GC(618)   Evacuate Collection Set: 3.48ms
[344.004s][info][gc,phases   ] GC(618)   Post Evacuate Collection Set: 0.70ms
[344.004s][info][gc,phases   ] GC(618)   Other: 0.08ms
[344.004s][info][gc,heap     ] GC(618) Eden regions: 400->0(419)
[344.004s][info][gc,heap     ] GC(618) Survivor regions: 2->2(51)
[344.004s][info][gc,heap     ] GC(618) Old regions: 39->39
[344.004s][info][gc,heap     ] GC(618) Humongous regions: 207->207
[344.004s][info][gc,metaspace] GC(618) Metaspace: 57337K(57664K)->57337K(57664K) NonClass: 51717K(51968K)->51717K(51968K) Class: 5619K(5696K)->5619K(5696K)
[344.004s][info][gc          ] GC(618) Pause Young (Prepare Mixed) (G1 Evacuation Pause) 647M->247M(705M) 6.763ms
[344.004s][info][gc,cpu      ] GC(618) User=0.00s Sys=0.00s Real=0.01s
[345.155s][info][gc,start    ] GC(619) Pause Young (Mixed) (G1 Evacuation Pause)
[345.155s][info][gc,task     ] GC(619) Using 2 workers of 2 for evacuation
[345.159s][info][gc,phases   ] GC(619)   Pre Evacuate Collection Set: 0.25ms
[345.159s][info][gc,phases   ] GC(619)   Merge Heap Roots: 0.13ms
[345.159s][info][gc,phases   ] GC(619)   Evacuate Collection Set: 2.75ms
[345.159s][info][gc,phases   ] GC(619)   Post Evacuate Collection Set: 0.67ms
[345.159s][info][gc,phases   ] GC(619)   Other: 0.09ms
[345.159s][info][gc,heap     ] GC(619) Eden regions: 419->0(419)
[345.159s][info][gc,heap     ] GC(619) Survivor regions: 2->3(53)
[345.159s][info][gc,heap     ] GC(619) Old regions: 39->37
[345.159s][info][gc,heap     ] GC(619) Humongous regions: 207->207
[345.159s][info][gc,metaspace] GC(619) Metaspace: 57337K(57664K)->57337K(57664K) NonClass: 51717K(51968K)->51717K(51968K) Class: 5619K(5696K)->5619K(5696K)
[345.159s][info][gc          ] GC(619) Pause Young (Mixed) (G1 Evacuation Pause) 666M->245M(705M) 4.073ms
[345.159s][info][gc,cpu      ] GC(619) User=0.01s Sys=0.01s Real=0.00s
[346.162s][info][gc,start    ] GC(620) Pause Young (Concurrent Start) (G1 Evacuation Pause)
[346.162s][info][gc,task     ] GC(620) Using 2 workers of 2 for evacuation
[346.167s][info][gc,phases   ] GC(620)   Pre Evacuate Collection Set: 0.30ms
[346.167s][info][gc,phases   ] GC(620)   Merge Heap Roots: 0.11ms
[346.167s][info][gc,phases   ] GC(620)   Evacuate Collection Set: 3.83ms
[346.167s][info][gc,phases   ] GC(620)   Post Evacuate Collection Set: 0.67ms
[346.167s][info][gc,phases   ] GC(620)   Other: 0.11ms
[346.167s][info][gc,heap     ] GC(620) Eden regions: 419->0(419)
[346.167s][info][gc,heap     ] GC(620) Survivor regions: 3->3(53)
[346.167s][info][gc,heap     ] GC(620) Old regions: 37->37
[346.167s][info][gc,heap     ] GC(620) Humongous regions: 207->207
[346.167s][info][gc,metaspace] GC(620) Metaspace: 57337K(57664K)->57337K(57664K) NonClass: 51717K(51968K)->51717K(51968K) Class: 5619K(5696K)->5619K(5696K)
[346.167s][info][gc          ] GC(620) Pause Young (Concurrent Start) (G1 Evacuation Pause) 664M->245M(705M) 5.186ms
[346.167s][info][gc          ] GC(621) Concurrent Mark Cycle
[346.167s][info][gc,marking  ] GC(621) Concurrent Scan Root Regions
[346.168s][info][gc,cpu      ] GC(620) User=0.01s Sys=0.00s Real=0.00s
[346.172s][info][gc,marking  ] GC(621) Concurrent Scan Root Regions 4.384ms
[346.172s][info][gc,marking  ] GC(621) Concurrent Mark
[346.172s][info][gc,marking  ] GC(621) Concurrent Mark From Roots
[346.172s][info][gc,task     ] GC(621) Using 1 workers of 1 for marking
[346.223s][info][gc,marking  ] GC(621) Concurrent Mark From Roots 51.852ms
[346.223s][info][gc,marking  ] GC(621) Concurrent Preclean
[346.224s][info][gc,marking  ] GC(621) Concurrent Preclean 0.064ms
[346.224s][info][gc,start    ] GC(621) Pause Remark
[346.233s][info][gc          ] GC(621) Pause Remark 274M->274M(705M) 9.564ms
[346.233s][info][gc,cpu      ] GC(621) User=0.02s Sys=0.00s Real=0.01s
[346.233s][info][gc,marking  ] GC(621) Concurrent Mark 61.789ms
[346.233s][info][gc,marking  ] GC(621) Concurrent Rebuild Remembered Sets and Scrub Regions
[346.249s][info][gc,marking  ] GC(621) Concurrent Rebuild Remembered Sets and Scrub Regions 16.080ms
[346.250s][info][gc,start    ] GC(621) Pause Cleanup
[346.250s][info][gc          ] GC(621) Pause Cleanup 275M->275M(705M) 0.082ms
[346.250s][info][gc,cpu      ] GC(621) User=0.00s Sys=0.00s Real=0.00s
[346.250s][info][gc,marking  ] GC(621) Concurrent Clear Claimed Marks
[346.250s][info][gc,marking  ] GC(621) Concurrent Clear Claimed Marks 0.085ms
[346.250s][info][gc,marking  ] GC(621) Concurrent Cleanup for Next Mark
[346.256s][info][gc,marking  ] GC(621) Concurrent Cleanup for Next Mark 6.305ms
[346.256s][info][gc          ] GC(621) Concurrent Mark Cycle 89.071ms
[347.173s][info][gc,start    ] GC(622) Pause Young (Prepare Mixed) (G1 Evacuation Pause)
[347.173s][info][gc,task     ] GC(622) Using 2 workers of 2 for evacuation
[347.180s][info][gc,phases   ] GC(622)   Pre Evacuate Collection Set: 0.26ms
[347.180s][info][gc,phases   ] GC(622)   Merge Heap Roots: 0.15ms
[347.180s][info][gc,phases   ] GC(622)   Evacuate Collection Set: 5.13ms
[347.180s][info][gc,phases   ] GC(622)   Post Evacuate Collection Set: 0.70ms
[347.180s][info][gc,phases   ] GC(622)   Other: 0.08ms
[347.180s][info][gc,heap     ] GC(622) Eden regions: 419->0(415)
[347.180s][info][gc,heap     ] GC(622) Survivor regions: 3->5(53)
[347.180s][info][gc,heap     ] GC(622) Old regions: 37->37
[347.180s][info][gc,heap     ] GC(622) Humongous regions: 207->207
[347.180s][info][gc,metaspace] GC(622) Metaspace: 57337K(57664K)->57337K(57664K) NonClass: 51717K(51968K)->51717K(51968K) Class: 5619K(5696K)->5619K(5696K)
[347.180s][info][gc          ] GC(622) Pause Young (Prepare Mixed) (G1 Evacuation Pause) 664M->247M(705M) 6.487ms
[347.180s][info][gc,cpu      ] GC(622) User=0.02s Sys=0.00s Real=0.00s
[348.187s][info][gc,start    ] GC(623) Pause Young (Mixed) (G1 Evacuation Pause)
[348.187s][info][gc,task     ] GC(623) Using 2 workers of 2 for evacuation
[348.201s][info][gc,phases   ] GC(623)   Pre Evacuate Collection Set: 1.17ms
[348.201s][info][gc,phases   ] GC(623)   Merge Heap Roots: 0.19ms
[348.201s][info][gc,phases   ] GC(623)   Evacuate Collection Set: 11.82ms
[348.201s][info][gc,phases   ] GC(623)   Post Evacuate Collection Set: 0.75ms
[348.201s][info][gc,phases   ] GC(623)   Other: 0.10ms
[348.201s][info][gc,heap     ] GC(623) Eden regions: 415->0(419)
[348.201s][info][gc,heap     ] GC(623) Survivor regions: 5->3(53)
[348.201s][info][gc,heap     ] GC(623) Old regions: 37->37
[348.201s][info][gc,heap     ] GC(623) Humongous regions: 207->207
[348.201s][info][gc,metaspace] GC(623) Metaspace: 57337K(57664K)->57337K(57664K) NonClass: 51717K(51968K)->51717K(51968K) Class: 5619K(5696K)->5619K(5696K)
[348.201s][info][gc          ] GC(623) Pause Young (Mixed) (G1 Evacuation Pause) 662M->245M(705M) 14.192ms
[348.201s][info][gc,cpu      ] GC(623) User=0.02s Sys=0.00s Real=0.02s
[349.184s][info][gc,start    ] GC(624) Pause Young (Concurrent Start) (G1 Evacuation Pause)
[349.184s][info][gc,task     ] GC(624) Using 2 workers of 2 for evacuation
[349.189s][info][gc,phases   ] GC(624)   Pre Evacuate Collection Set: 0.29ms
[349.189s][info][gc,phases   ] GC(624)   Merge Heap Roots: 0.12ms
[349.189s][info][gc,phases   ] GC(624)   Evacuate Collection Set: 3.60ms
[349.189s][info][gc,phases   ] GC(624)   Post Evacuate Collection Set: 0.67ms
[349.189s][info][gc,phases   ] GC(624)   Other: 0.10ms
[349.189s][info][gc,heap     ] GC(624) Eden regions: 419->0(421)
[349.189s][info][gc,heap     ] GC(624) Survivor regions: 3->2(53)
[349.189s][info][gc,heap     ] GC(624) Old regions: 37->37
[349.189s][info][gc,heap     ] GC(624) Humongous regions: 207->207
[349.189s][info][gc,metaspace] GC(624) Metaspace: 57337K(57664K)->57337K(57664K) NonClass: 51717K(51968K)->51717K(51968K) Class: 5619K(5696K)->5619K(5696K)
[349.189s][info][gc          ] GC(624) Pause Young (Concurrent Start) (G1 Evacuation Pause) 664M->245M(705M) 4.944ms
[349.189s][info][gc          ] GC(625) Concurrent Mark Cycle
[349.189s][info][gc,marking  ] GC(625) Concurrent Scan Root Regions
[349.189s][info][gc,cpu      ] GC(624) User=0.01s Sys=0.00s Real=0.00s
[349.194s][info][gc,marking  ] GC(625) Concurrent Scan Root Regions 4.557ms
[349.194s][info][gc,marking  ] GC(625) Concurrent Mark
[349.194s][info][gc,marking  ] GC(625) Concurrent Mark From Roots
[349.194s][info][gc,task     ] GC(625) Using 1 workers of 1 for marking
[349.236s][info][gc,marking  ] GC(625) Concurrent Mark From Roots 41.977ms
[349.236s][info][gc,marking  ] GC(625) Concurrent Preclean
[349.236s][info][gc,marking  ] GC(625) Concurrent Preclean 0.061ms
[349.236s][info][gc,start    ] GC(625) Pause Remark
[349.245s][info][gc          ] GC(625) Pause Remark 252M->252M(705M) 9.505ms
[349.245s][info][gc,cpu      ] GC(625) User=0.02s Sys=0.00s Real=0.01s
[349.246s][info][gc,marking  ] GC(625) Concurrent Mark 51.937ms
[349.246s][info][gc,marking  ] GC(625) Concurrent Rebuild Remembered Sets and Scrub Regions
[349.264s][info][gc,marking  ] GC(625) Concurrent Rebuild Remembered Sets and Scrub Regions 18.199ms
[349.264s][info][gc,start    ] GC(625) Pause Cleanup
[349.264s][info][gc          ] GC(625) Pause Cleanup 261M->261M(705M) 0.076ms
[349.264s][info][gc,cpu      ] GC(625) User=0.00s Sys=0.00s Real=0.00s
[349.264s][info][gc,marking  ] GC(625) Concurrent Clear Claimed Marks
[349.264s][info][gc,marking  ] GC(625) Concurrent Clear Claimed Marks 0.079ms
[349.264s][info][gc,marking  ] GC(625) Concurrent Cleanup for Next Mark
[349.267s][info][gc,marking  ] GC(625) Concurrent Cleanup for Next Mark 2.761ms
[349.267s][info][gc          ] GC(625) Concurrent Mark Cycle 77.940ms
[350.254s][info][gc,start    ] GC(626) Pause Young (Prepare Mixed) (G1 Evacuation Pause)
[350.254s][info][gc,task     ] GC(626) Using 2 workers of 2 for evacuation
[350.258s][info][gc,phases   ] GC(626)   Pre Evacuate Collection Set: 0.25ms
[350.258s][info][gc,phases   ] GC(626)   Merge Heap Roots: 0.14ms
[350.258s][info][gc,phases   ] GC(626)   Evacuate Collection Set: 2.57ms
[350.258s][info][gc,phases   ] GC(626)   Post Evacuate Collection Set: 0.70ms
[350.258s][info][gc,phases   ] GC(626)   Other: 0.07ms
[350.258s][info][gc,heap     ] GC(626) Eden regions: 421->0(422)
[350.258s][info][gc,heap     ] GC(626) Survivor regions: 2->1(53)
[350.258s][info][gc,heap     ] GC(626) Old regions: 37->37
[350.258s][info][gc,heap     ] GC(626) Humongous regions: 207->207
[350.258s][info][gc,metaspace] GC(626) Metaspace: 57337K(57664K)->57337K(57664K) NonClass: 51717K(51968K)->51717K(51968K) Class: 5619K(5696K)->5619K(5696K)
[350.258s][info][gc          ] GC(626) Pause Young (Prepare Mixed) (G1 Evacuation Pause) 666M->244M(705M) 3.901ms
[350.258s][info][gc,cpu      ] GC(626) User=0.01s Sys=0.00s Real=0.00s
[351.270s][info][gc,start    ] GC(627) Pause Young (Mixed) (G1 Evacuation Pause)
[351.270s][info][gc,task     ] GC(627) Using 2 workers of 2 for evacuation
[351.278s][info][gc,phases   ] GC(627)   Pre Evacuate Collection Set: 0.26ms
[351.278s][info][gc,phases   ] GC(627)   Merge Heap Roots: 0.14ms
[351.278s][info][gc,phases   ] GC(627)   Evacuate Collection Set: 6.71ms
[351.278s][info][gc,phases   ] GC(627)   Post Evacuate Collection Set: 0.73ms
[351.278s][info][gc,phases   ] GC(627)   Other: 0.09ms
[351.278s][info][gc,heap     ] GC(627) Eden regions: 422->0(419)
[351.278s][info][gc,heap     ] GC(627) Survivor regions: 1->3(53)
[351.278s][info][gc,heap     ] GC(627) Old regions: 37->37
[351.278s][info][gc,heap     ] GC(627) Humongous regions: 207->207
[351.278s][info][gc,metaspace] GC(627) Metaspace: 57337K(57664K)->57337K(57664K) NonClass: 51717K(51968K)->51717K(51968K) Class: 5619K(5696K)->5619K(5696K)
[351.278s][info][gc          ] GC(627) Pause Young (Mixed) (G1 Evacuation Pause) 666M->245M(705M) 8.094ms
[351.278s][info][gc,cpu      ] GC(627) User=0.02s Sys=0.00s Real=0.01s
[352.271s][info][gc,start    ] GC(628) Pause Young (Concurrent Start) (G1 Evacuation Pause)
[352.271s][info][gc,task     ] GC(628) Using 2 workers of 2 for evacuation
[352.278s][info][gc,phases   ] GC(628)   Pre Evacuate Collection Set: 0.27ms
[352.278s][info][gc,phases   ] GC(628)   Merge Heap Roots: 0.13ms
[352.278s][info][gc,phases   ] GC(628)   Evacuate Collection Set: 5.53ms
[352.278s][info][gc,phases   ] GC(628)   Post Evacuate Collection Set: 0.69ms
[352.278s][info][gc,phases   ] GC(628)   Other: 0.11ms
[352.278s][info][gc,heap     ] GC(628) Eden regions: 419->0(417)
[352.278s][info][gc,heap     ] GC(628) Survivor regions: 3->4(53)
[352.278s][info][gc,heap     ] GC(628) Old regions: 37->37
[352.278s][info][gc,heap     ] GC(628) Humongous regions: 207->207
[352.278s][info][gc,metaspace] GC(628) Metaspace: 57337K(57664K)->57337K(57664K) NonClass: 51717K(51968K)->51717K(51968K) Class: 5619K(5696K)->5619K(5696K)
[352.278s][info][gc          ] GC(628) Pause Young (Concurrent Start) (G1 Evacuation Pause) 664M->246M(705M) 6.923ms
[352.278s][info][gc          ] GC(629) Concurrent Mark Cycle
[352.278s][info][gc,marking  ] GC(629) Concurrent Scan Root Regions
[352.280s][info][gc,cpu      ] GC(628) User=0.02s Sys=0.00s Real=0.01s
[352.282s][info][gc,marking  ] GC(629) Concurrent Scan Root Regions 3.800ms
[352.282s][info][gc,marking  ] GC(629) Concurrent Mark
[352.282s][info][gc,marking  ] GC(629) Concurrent Mark From Roots
[352.282s][info][gc,task     ] GC(629) Using 1 workers of 1 for marking
[352.332s][info][gc,marking  ] GC(629) Concurrent Mark From Roots 49.981ms
[352.332s][info][gc,marking  ] GC(629) Concurrent Preclean
[352.332s][info][gc,marking  ] GC(629) Concurrent Preclean 0.063ms
[352.332s][info][gc,start    ] GC(629) Pause Remark
[352.343s][info][gc          ] GC(629) Pause Remark 263M->263M(705M) 10.751ms
[352.343s][info][gc,cpu      ] GC(629) User=0.02s Sys=0.00s Real=0.01s
[352.343s][info][gc,marking  ] GC(629) Concurrent Mark 61.210ms
[352.343s][info][gc,marking  ] GC(629) Concurrent Rebuild Remembered Sets and Scrub Regions
[352.360s][info][gc,marking  ] GC(629) Concurrent Rebuild Remembered Sets and Scrub Regions 17.357ms
[352.360s][info][gc,start    ] GC(629) Pause Cleanup
[352.360s][info][gc          ] GC(629) Pause Cleanup 268M->268M(705M) 0.060ms
[352.360s][info][gc,cpu      ] GC(629) User=0.00s Sys=0.00s Real=0.00s
[352.361s][info][gc,marking  ] GC(629) Concurrent Clear Claimed Marks
[352.361s][info][gc,marking  ] GC(629) Concurrent Clear Claimed Marks 0.088ms
[352.361s][info][gc,marking  ] GC(629) Concurrent Cleanup for Next Mark
[352.363s][info][gc,marking  ] GC(629) Concurrent Cleanup for Next Mark 2.052ms
[352.363s][info][gc          ] GC(629) Concurrent Mark Cycle 84.874ms
[353.292s][info][gc,start    ] GC(630) Pause Young (Prepare Mixed) (G1 Evacuation Pause)
[353.292s][info][gc,task     ] GC(630) Using 2 workers of 2 for evacuation
[353.296s][info][gc,phases   ] GC(630)   Pre Evacuate Collection Set: 0.27ms
[353.296s][info][gc,phases   ] GC(630)   Merge Heap Roots: 0.14ms
[353.296s][info][gc,phases   ] GC(630)   Evacuate Collection Set: 2.70ms
[353.296s][info][gc,phases   ] GC(630)   Post Evacuate Collection Set: 0.67ms
[353.296s][info][gc,phases   ] GC(630)   Other: 0.08ms
[353.296s][info][gc,heap     ] GC(630) Eden regions: 417->0(421)
[353.296s][info][gc,heap     ] GC(630) Survivor regions: 4->2(53)
[353.296s][info][gc,heap     ] GC(630) Old regions: 37->37
[353.296s][info][gc,heap     ] GC(630) Humongous regions: 207->207
[353.296s][info][gc,metaspace] GC(630) Metaspace: 57337K(57664K)->57337K(57664K) NonClass: 51717K(51968K)->51717K(51968K) Class: 5619K(5696K)->5619K(5696K)
[353.296s][info][gc          ] GC(630) Pause Young (Prepare Mixed) (G1 Evacuation Pause) 663M->244M(705M) 4.026ms
[353.296s][info][gc,cpu      ] GC(630) User=0.01s Sys=0.00s Real=0.00s
[354.366s][info][gc,start    ] GC(631) Pause Young (Mixed) (G1 Evacuation Pause)
[354.366s][info][gc,task     ] GC(631) Using 2 workers of 2 for evacuation
[354.373s][info][gc,phases   ] GC(631)   Pre Evacuate Collection Set: 0.26ms
[354.373s][info][gc,phases   ] GC(631)   Merge Heap Roots: 0.14ms
[354.373s][info][gc,phases   ] GC(631)   Evacuate Collection Set: 5.87ms
[354.373s][info][gc,phases   ] GC(631)   Post Evacuate Collection Set: 0.72ms
[354.373s][info][gc,phases   ] GC(631)   Other: 0.07ms
[354.373s][info][gc,heap     ] GC(631) Eden regions: 421->0(421)
[354.373s][info][gc,heap     ] GC(631) Survivor regions: 2->2(53)
[354.373s][info][gc,heap     ] GC(631) Old regions: 37->37
[354.373s][info][gc,heap     ] GC(631) Humongous regions: 207->207
[354.373s][info][gc,metaspace] GC(631) Metaspace: 57337K(57664K)->57337K(57664K) NonClass: 51717K(51968K)->51717K(51968K) Class: 5619K(5696K)->5619K(5696K)
[354.373s][info][gc          ] GC(631) Pause Young (Mixed) (G1 Evacuation Pause) 665M->244M(705M) 7.248ms
[354.373s][info][gc,cpu      ] GC(631) User=0.02s Sys=0.00s Real=0.01s
[355.372s][info][gc,start    ] GC(632) Pause Young (Concurrent Start) (G1 Evacuation Pause)
[355.372s][info][gc,task     ] GC(632) Using 2 workers of 2 for evacuation
[355.378s][info][gc,phases   ] GC(632)   Pre Evacuate Collection Set: 0.28ms
[355.378s][info][gc,phases   ] GC(632)   Merge Heap Roots: 0.13ms
[355.378s][info][gc,phases   ] GC(632)   Evacuate Collection Set: 4.45ms
[355.378s][info][gc,phases   ] GC(632)   Post Evacuate Collection Set: 0.66ms
[355.378s][info][gc,phases   ] GC(632)   Other: 0.09ms
[355.378s][info][gc,heap     ] GC(632) Eden regions: 421->0(419)
[355.378s][info][gc,heap     ] GC(632) Survivor regions: 2->3(53)
[355.378s][info][gc,heap     ] GC(632) Old regions: 37->37
[355.378s][info][gc,heap     ] GC(632) Humongous regions: 207->207
[355.378s][info][gc,metaspace] GC(632) Metaspace: 57337K(57664K)->57337K(57664K) NonClass: 51717K(51968K)->51717K(51968K) Class: 5619K(5696K)->5619K(5696K)
[355.378s][info][gc          ] GC(632) Pause Young (Concurrent Start) (G1 Evacuation Pause) 665M->246M(705M) 5.783ms
[355.378s][info][gc          ] GC(633) Concurrent Mark Cycle
[355.378s][info][gc,marking  ] GC(633) Concurrent Scan Root Regions
[355.379s][info][gc,cpu      ] GC(632) User=0.01s Sys=0.00s Real=0.00s
[355.384s][info][gc,marking  ] GC(633) Concurrent Scan Root Regions 5.791ms
[355.384s][info][gc,marking  ] GC(633) Concurrent Mark
[355.384s][info][gc,marking  ] GC(633) Concurrent Mark From Roots
[355.384s][info][gc,task     ] GC(633) Using 1 workers of 1 for marking
[355.434s][info][gc,marking  ] GC(633) Concurrent Mark From Roots 50.538ms
[355.434s][info][gc,marking  ] GC(633) Concurrent Preclean
[355.435s][info][gc,marking  ] GC(633) Concurrent Preclean 0.064ms
[355.435s][info][gc,start    ] GC(633) Pause Remark
[355.444s][info][gc          ] GC(633) Pause Remark 267M->267M(705M) 9.576ms
[355.444s][info][gc,cpu      ] GC(633) User=0.02s Sys=0.00s Real=0.01s
[355.445s][info][gc,marking  ] GC(633) Concurrent Mark 60.841ms
[355.445s][info][gc,marking  ] GC(633) Concurrent Rebuild Remembered Sets and Scrub Regions
[355.475s][info][gc,marking  ] GC(633) Concurrent Rebuild Remembered Sets and Scrub Regions 30.401ms
[355.476s][info][gc,start    ] GC(633) Pause Cleanup
[355.476s][info][gc          ] GC(633) Pause Cleanup 288M->288M(705M) 0.074ms
[355.476s][info][gc,cpu      ] GC(633) User=0.00s Sys=0.00s Real=0.00s
[355.476s][info][gc,marking  ] GC(633) Concurrent Clear Claimed Marks
[355.476s][info][gc,marking  ] GC(633) Concurrent Clear Claimed Marks 0.086ms
[355.476s][info][gc,marking  ] GC(633) Concurrent Cleanup for Next Mark
[355.480s][info][gc,marking  ] GC(633) Concurrent Cleanup for Next Mark 4.471ms
[355.480s][info][gc          ] GC(633) Concurrent Mark Cycle 102.204ms
[356.459s][info][gc,start    ] GC(634) Pause Young (Prepare Mixed) (G1 Evacuation Pause)
[356.459s][info][gc,task     ] GC(634) Using 2 workers of 2 for evacuation
[356.473s][info][gc,phases   ] GC(634)   Pre Evacuate Collection Set: 0.29ms
[356.473s][info][gc,phases   ] GC(634)   Merge Heap Roots: 0.15ms
[356.473s][info][gc,phases   ] GC(634)   Evacuate Collection Set: 12.47ms
[356.473s][info][gc,phases   ] GC(634)   Post Evacuate Collection Set: 0.69ms
[356.473s][info][gc,phases   ] GC(634)   Other: 0.08ms
[356.473s][info][gc,heap     ] GC(634) Eden regions: 419->0(395)
[356.473s][info][gc,heap     ] GC(634) Survivor regions: 3->15(53)
[356.473s][info][gc,heap     ] GC(634) Old regions: 37->37
[356.473s][info][gc,heap     ] GC(634) Humongous regions: 207->207
[356.473s][info][gc,metaspace] GC(634) Metaspace: 57337K(57664K)->57337K(57664K) NonClass: 51717K(51968K)->51717K(51968K) Class: 5619K(5696K)->5619K(5696K)
[356.473s][info][gc          ] GC(634) Pause Young (Prepare Mixed) (G1 Evacuation Pause) 665M->258M(705M) 13.898ms
[356.473s][info][gc,cpu      ] GC(634) User=0.03s Sys=0.00s Real=0.02s
[357.358s][info][gc,start    ] GC(635) Pause Young (Mixed) (G1 Evacuation Pause)
[357.358s][info][gc,task     ] GC(635) Using 2 workers of 2 for evacuation
[357.370s][info][gc,phases   ] GC(635)   Pre Evacuate Collection Set: 0.29ms
[357.370s][info][gc,phases   ] GC(635)   Merge Heap Roots: 0.15ms
[357.370s][info][gc,phases   ] GC(635)   Evacuate Collection Set: 10.34ms
[357.370s][info][gc,phases   ] GC(635)   Post Evacuate Collection Set: 0.71ms
[357.370s][info][gc,phases   ] GC(635)   Other: 0.08ms
[357.370s][info][gc,heap     ] GC(635) Eden regions: 395->0(397)
[357.370s][info][gc,heap     ] GC(635) Survivor regions: 15->14(52)
[357.370s][info][gc,heap     ] GC(635) Old regions: 37->37
[357.370s][info][gc,heap     ] GC(635) Humongous regions: 207->207
[357.370s][info][gc,metaspace] GC(635) Metaspace: 57337K(57664K)->57337K(57664K) NonClass: 51717K(51968K)->51717K(51968K) Class: 5619K(5696K)->5619K(5696K)
[357.370s][info][gc          ] GC(635) Pause Young (Mixed) (G1 Evacuation Pause) 653M->256M(705M) 11.755ms
[357.370s][info][gc,cpu      ] GC(635) User=0.02s Sys=0.00s Real=0.01s
[358.297s][info][gc,start    ] GC(636) Pause Young (Concurrent Start) (G1 Evacuation Pause)
[358.297s][info][gc,task     ] GC(636) Using 2 workers of 2 for evacuation
[358.306s][info][gc,phases   ] GC(636)   Pre Evacuate Collection Set: 0.29ms
[358.306s][info][gc,phases   ] GC(636)   Merge Heap Roots: 0.11ms
[358.306s][info][gc,phases   ] GC(636)   Evacuate Collection Set: 7.74ms
[358.306s][info][gc,phases   ] GC(636)   Post Evacuate Collection Set: 0.68ms
[358.306s][info][gc,phases   ] GC(636)   Other: 0.11ms
[358.306s][info][gc,heap     ] GC(636) Eden regions: 397->0(399)
[358.306s][info][gc,heap     ] GC(636) Survivor regions: 14->13(52)
[358.306s][info][gc,heap     ] GC(636) Old regions: 37->37
[358.306s][info][gc,heap     ] GC(636) Humongous regions: 207->207
[358.306s][info][gc,metaspace] GC(636) Metaspace: 57337K(57664K)->57337K(57664K) NonClass: 51717K(51968K)->51717K(51968K) Class: 5619K(5696K)->5619K(5696K)
[358.306s][info][gc          ] GC(636) Pause Young (Concurrent Start) (G1 Evacuation Pause) 653M->256M(705M) 9.103ms
[358.306s][info][gc          ] GC(637) Concurrent Mark Cycle
[358.306s][info][gc,marking  ] GC(637) Concurrent Scan Root Regions
[358.307s][info][gc,cpu      ] GC(636) User=0.02s Sys=0.00s Real=0.01s
[358.315s][info][gc,marking  ] GC(637) Concurrent Scan Root Regions 8.689ms
[358.315s][info][gc,marking  ] GC(637) Concurrent Mark
[358.315s][info][gc,marking  ] GC(637) Concurrent Mark From Roots
[358.315s][info][gc,task     ] GC(637) Using 1 workers of 1 for marking
[358.365s][info][gc,marking  ] GC(637) Concurrent Mark From Roots 50.695ms
[358.365s][info][gc,marking  ] GC(637) Concurrent Preclean
[358.365s][info][gc,marking  ] GC(637) Concurrent Preclean 0.061ms
[358.366s][info][gc,start    ] GC(637) Pause Remark
[358.375s][info][gc          ] GC(637) Pause Remark 274M->274M(705M) 9.546ms
[358.375s][info][gc,cpu      ] GC(637) User=0.02s Sys=0.00s Real=0.01s
[358.375s][info][gc,marking  ] GC(637) Concurrent Mark 60.696ms
[358.375s][info][gc,marking  ] GC(637) Concurrent Rebuild Remembered Sets and Scrub Regions
[358.405s][info][gc,marking  ] GC(637) Concurrent Rebuild Remembered Sets and Scrub Regions 29.485ms
[358.405s][info][gc,start    ] GC(637) Pause Cleanup
[358.405s][info][gc          ] GC(637) Pause Cleanup 295M->295M(705M) 0.079ms
[358.405s][info][gc,cpu      ] GC(637) User=0.00s Sys=0.00s Real=0.00s
[358.405s][info][gc,marking  ] GC(637) Concurrent Clear Claimed Marks
[358.405s][info][gc,marking  ] GC(637) Concurrent Clear Claimed Marks 0.092ms
[358.405s][info][gc,marking  ] GC(637) Concurrent Cleanup for Next Mark
[358.409s][info][gc,marking  ] GC(637) Concurrent Cleanup for Next Mark 3.919ms
[358.409s][info][gc          ] GC(637) Concurrent Mark Cycle 103.317ms
[359.272s][info][gc,start    ] GC(638) Pause Young (Prepare Mixed) (G1 Evacuation Pause)
[359.272s][info][gc,task     ] GC(638) Using 2 workers of 2 for evacuation
[359.279s][info][gc,phases   ] GC(638)   Pre Evacuate Collection Set: 0.26ms
[359.279s][info][gc,phases   ] GC(638)   Merge Heap Roots: 0.17ms
[359.279s][info][gc,phases   ] GC(638)   Evacuate Collection Set: 5.76ms
[359.279s][info][gc,phases   ] GC(638)   Post Evacuate Collection Set: 0.72ms
[359.279s][info][gc,phases   ] GC(638)   Other: 0.08ms
[359.279s][info][gc,heap     ] GC(638) Eden regions: 399->0(405)
[359.279s][info][gc,heap     ] GC(638) Survivor regions: 13->10(52)
[359.279s][info][gc,heap     ] GC(638) Old regions: 37->37
[359.279s][info][gc,heap     ] GC(638) Humongous regions: 207->207
[359.279s][info][gc,metaspace] GC(638) Metaspace: 57337K(57664K)->57337K(57664K) NonClass: 51717K(51968K)->51717K(51968K) Class: 5619K(5696K)->5619K(5696K)
[359.279s][info][gc          ] GC(638) Pause Young (Prepare Mixed) (G1 Evacuation Pause) 655M->253M(705M) 7.161ms
[359.279s][info][gc,cpu      ] GC(638) User=0.02s Sys=0.00s Real=0.00s
[360.265s][info][gc,start    ] GC(639) Pause Young (Mixed) (G1 Evacuation Pause)
[360.265s][info][gc,task     ] GC(639) Using 2 workers of 2 for evacuation
[360.273s][info][gc,phases   ] GC(639)   Pre Evacuate Collection Set: 0.25ms
[360.273s][info][gc,phases   ] GC(639)   Merge Heap Roots: 0.13ms
[360.273s][info][gc,phases   ] GC(639)   Evacuate Collection Set: 6.87ms
[360.273s][info][gc,phases   ] GC(639)   Post Evacuate Collection Set: 0.72ms
[360.273s][info][gc,phases   ] GC(639)   Other: 0.09ms
[360.273s][info][gc,heap     ] GC(639) Eden regions: 405->0(405)
[360.273s][info][gc,heap     ] GC(639) Survivor regions: 10->10(52)
[360.273s][info][gc,heap     ] GC(639) Old regions: 37->37
[360.273s][info][gc,heap     ] GC(639) Humongous regions: 207->207
[360.273s][info][gc,metaspace] GC(639) Metaspace: 57337K(57664K)->57337K(57664K) NonClass: 51717K(51968K)->51717K(51968K) Class: 5619K(5696K)->5619K(5696K)
[360.273s][info][gc          ] GC(639) Pause Young (Mixed) (G1 Evacuation Pause) 657M->252M(705M) 8.260ms
[360.273s][info][gc,cpu      ] GC(639) User=0.01s Sys=0.00s Real=0.01s
[361.259s][info][gc,start    ] GC(640) Pause Young (Concurrent Start) (G1 Evacuation Pause)
[361.259s][info][gc,task     ] GC(640) Using 2 workers of 2 for evacuation
[361.265s][info][gc,phases   ] GC(640)   Pre Evacuate Collection Set: 0.31ms
[361.265s][info][gc,phases   ] GC(640)   Merge Heap Roots: 0.13ms
[361.265s][info][gc,phases   ] GC(640)   Evacuate Collection Set: 4.53ms
[361.265s][info][gc,phases   ] GC(640)   Post Evacuate Collection Set: 0.69ms
[361.265s][info][gc,phases   ] GC(640)   Other: 0.10ms
[361.265s][info][gc,heap     ] GC(640) Eden regions: 405->0(407)
[361.265s][info][gc,heap     ] GC(640) Survivor regions: 10->9(52)
[361.265s][info][gc,heap     ] GC(640) Old regions: 37->37
[361.265s][info][gc,heap     ] GC(640) Humongous regions: 207->207
[361.265s][info][gc,metaspace] GC(640) Metaspace: 57337K(57664K)->57337K(57664K) NonClass: 51717K(51968K)->51717K(51968K) Class: 5619K(5696K)->5619K(5696K)
[361.265s][info][gc          ] GC(640) Pause Young (Concurrent Start) (G1 Evacuation Pause) 657M->252M(705M) 5.936ms
[361.265s][info][gc          ] GC(641) Concurrent Mark Cycle
[361.265s][info][gc,marking  ] GC(641) Concurrent Scan Root Regions
[361.265s][info][gc,cpu      ] GC(640) User=0.01s Sys=0.01s Real=0.01s
[361.270s][info][gc,marking  ] GC(641) Concurrent Scan Root Regions 4.967ms
[361.270s][info][gc,marking  ] GC(641) Concurrent Mark
[361.270s][info][gc,marking  ] GC(641) Concurrent Mark From Roots
[361.270s][info][gc,task     ] GC(641) Using 1 workers of 1 for marking
[361.316s][info][gc,marking  ] GC(641) Concurrent Mark From Roots 45.692ms
[361.316s][info][gc,marking  ] GC(641) Concurrent Preclean
[361.316s][info][gc,marking  ] GC(641) Concurrent Preclean 0.070ms
[361.316s][info][gc,start    ] GC(641) Pause Remark
[361.326s][info][gc          ] GC(641) Pause Remark 281M->281M(705M) 9.559ms
[361.326s][info][gc,cpu      ] GC(641) User=0.02s Sys=0.00s Real=0.01s
[361.326s][info][gc,marking  ] GC(641) Concurrent Mark 56.197ms
[361.326s][info][gc,marking  ] GC(641) Concurrent Rebuild Remembered Sets and Scrub Regions
[361.343s][info][gc,marking  ] GC(641) Concurrent Rebuild Remembered Sets and Scrub Regions 17.072ms
[361.344s][info][gc,start    ] GC(641) Pause Cleanup
[361.344s][info][gc          ] GC(641) Pause Cleanup 282M->282M(705M) 0.056ms
[361.344s][info][gc,cpu      ] GC(641) User=0.00s Sys=0.00s Real=0.00s
[361.344s][info][gc,marking  ] GC(641) Concurrent Clear Claimed Marks
[361.344s][info][gc,marking  ] GC(641) Concurrent Clear Claimed Marks 0.080ms
[361.344s][info][gc,marking  ] GC(641) Concurrent Cleanup for Next Mark
[361.346s][info][gc,marking  ] GC(641) Concurrent Cleanup for Next Mark 2.082ms
[361.346s][info][gc          ] GC(641) Concurrent Mark Cycle 80.667ms
[362.256s][info][gc,start    ] GC(642) Pause Young (Prepare Mixed) (G1 Evacuation Pause)
[362.256s][info][gc,task     ] GC(642) Using 2 workers of 2 for evacuation
[362.261s][info][gc,phases   ] GC(642)   Pre Evacuate Collection Set: 0.25ms
[362.261s][info][gc,phases   ] GC(642)   Merge Heap Roots: 0.15ms
[362.261s][info][gc,phases   ] GC(642)   Evacuate Collection Set: 3.75ms
[362.261s][info][gc,phases   ] GC(642)   Post Evacuate Collection Set: 0.71ms
[362.261s][info][gc,phases   ] GC(642)   Other: 0.11ms
[362.261s][info][gc,heap     ] GC(642) Eden regions: 407->0(407)
[362.261s][info][gc,heap     ] GC(642) Survivor regions: 9->9(52)
[362.261s][info][gc,heap     ] GC(642) Old regions: 37->37
[362.261s][info][gc,heap     ] GC(642) Humongous regions: 207->207
[362.261s][info][gc,metaspace] GC(642) Metaspace: 57337K(57664K)->57337K(57664K) NonClass: 51717K(51968K)->51717K(51968K) Class: 5619K(5696K)->5619K(5696K)
[362.261s][info][gc          ] GC(642) Pause Young (Prepare Mixed) (G1 Evacuation Pause) 659M->251M(705M) 5.150ms
[362.261s][info][gc,cpu      ] GC(642) User=0.01s Sys=0.00s Real=0.00s
[363.253s][info][gc,start    ] GC(643) Pause Young (Mixed) (G1 Evacuation Pause)
[363.253s][info][gc,task     ] GC(643) Using 2 workers of 2 for evacuation
[363.260s][info][gc,phases   ] GC(643)   Pre Evacuate Collection Set: 0.25ms
[363.260s][info][gc,phases   ] GC(643)   Merge Heap Roots: 0.13ms
[363.260s][info][gc,phases   ] GC(643)   Evacuate Collection Set: 5.03ms
[363.260s][info][gc,phases   ] GC(643)   Post Evacuate Collection Set: 0.72ms
[363.260s][info][gc,phases   ] GC(643)   Other: 0.08ms
[363.260s][info][gc,heap     ] GC(643) Eden regions: 407->0(409)
[363.260s][info][gc,heap     ] GC(643) Survivor regions: 9->8(52)
[363.260s][info][gc,heap     ] GC(643) Old regions: 37->37
[363.260s][info][gc,heap     ] GC(643) Humongous regions: 207->207
[363.260s][info][gc,metaspace] GC(643) Metaspace: 57337K(57664K)->57337K(57664K) NonClass: 51717K(51968K)->51717K(51968K) Class: 5619K(5696K)->5619K(5696K)
[363.260s][info][gc          ] GC(643) Pause Young (Mixed) (G1 Evacuation Pause) 658M->251M(705M) 6.396ms
[363.260s][info][gc,cpu      ] GC(643) User=0.01s Sys=0.00s Real=0.00s
[364.255s][info][gc,start    ] GC(644) Pause Young (Concurrent Start) (G1 Evacuation Pause)
[364.255s][info][gc,task     ] GC(644) Using 2 workers of 2 for evacuation
[364.260s][info][gc,phases   ] GC(644)   Pre Evacuate Collection Set: 0.31ms
[364.260s][info][gc,phases   ] GC(644)   Merge Heap Roots: 0.12ms
[364.260s][info][gc,phases   ] GC(644)   Evacuate Collection Set: 3.75ms
[364.260s][info][gc,phases   ] GC(644)   Post Evacuate Collection Set: 0.71ms
[364.260s][info][gc,phases   ] GC(644)   Other: 0.10ms
[364.260s][info][gc,heap     ] GC(644) Eden regions: 409->0(407)
[364.260s][info][gc,heap     ] GC(644) Survivor regions: 8->9(53)
[364.260s][info][gc,heap     ] GC(644) Old regions: 37->37
[364.260s][info][gc,heap     ] GC(644) Humongous regions: 207->207
[364.260s][info][gc,metaspace] GC(644) Metaspace: 57337K(57664K)->57337K(57664K) NonClass: 51717K(51968K)->51717K(51968K) Class: 5619K(5696K)->5619K(5696K)
[364.260s][info][gc          ] GC(644) Pause Young (Concurrent Start) (G1 Evacuation Pause) 660M->251M(705M) 5.177ms
[364.260s][info][gc,cpu      ] GC(644) User=0.01s Sys=0.00s Real=0.00s
[364.260s][info][gc          ] GC(645) Concurrent Mark Cycle
[364.260s][info][gc,marking  ] GC(645) Concurrent Scan Root Regions
[364.267s][info][gc,marking  ] GC(645) Concurrent Scan Root Regions 4.099ms
[364.267s][info][gc,marking  ] GC(645) Concurrent Mark
[364.267s][info][gc,marking  ] GC(645) Concurrent Mark From Roots
[364.267s][info][gc,task     ] GC(645) Using 1 workers of 1 for marking
[364.316s][info][gc,marking  ] GC(645) Concurrent Mark From Roots 48.216ms
[364.316s][info][gc,marking  ] GC(645) Concurrent Preclean
[364.316s][info][gc,marking  ] GC(645) Concurrent Preclean 0.081ms
[364.316s][info][gc,start    ] GC(645) Pause Remark
[364.325s][info][gc          ] GC(645) Pause Remark 286M->286M(705M) 9.695ms
[364.326s][info][gc,cpu      ] GC(645) User=0.02s Sys=0.00s Real=0.01s
[364.326s][info][gc,marking  ] GC(645) Concurrent Mark 58.877ms
[364.326s][info][gc,marking  ] GC(645) Concurrent Rebuild Remembered Sets and Scrub Regions
[364.342s][info][gc,marking  ] GC(645) Concurrent Rebuild Remembered Sets and Scrub Regions 16.246ms
[364.343s][info][gc,start    ] GC(645) Pause Cleanup
[364.343s][info][gc          ] GC(645) Pause Cleanup 288M->288M(705M) 0.055ms
[364.343s][info][gc,cpu      ] GC(645) User=0.00s Sys=0.00s Real=0.00s
[364.343s][info][gc,marking  ] GC(645) Concurrent Clear Claimed Marks
[364.343s][info][gc,marking  ] GC(645) Concurrent Clear Claimed Marks 0.083ms
[364.343s][info][gc,marking  ] GC(645) Concurrent Cleanup for Next Mark
[364.345s][info][gc,marking  ] GC(645) Concurrent Cleanup for Next Mark 2.044ms
[364.345s][info][gc          ] GC(645) Concurrent Mark Cycle 84.694ms
[365.252s][info][gc,start    ] GC(646) Pause Young (Prepare Mixed) (G1 Evacuation Pause)
[365.252s][info][gc,task     ] GC(646) Using 2 workers of 2 for evacuation
[365.256s][info][gc,phases   ] GC(646)   Pre Evacuate Collection Set: 0.28ms
[365.256s][info][gc,phases   ] GC(646)   Merge Heap Roots: 0.15ms
[365.256s][info][gc,phases   ] GC(646)   Evacuate Collection Set: 3.19ms
[365.256s][info][gc,phases   ] GC(646)   Post Evacuate Collection Set: 0.70ms
[365.256s][info][gc,phases   ] GC(646)   Other: 0.08ms
[365.256s][info][gc,heap     ] GC(646) Eden regions: 407->0(409)
[365.256s][info][gc,heap     ] GC(646) Survivor regions: 9->8(52)
[365.256s][info][gc,heap     ] GC(646) Old regions: 37->37
[365.256s][info][gc,heap     ] GC(646) Humongous regions: 207->207
[365.256s][info][gc,metaspace] GC(646) Metaspace: 57337K(57664K)->57337K(57664K) NonClass: 51717K(51968K)->51717K(51968K) Class: 5619K(5696K)->5619K(5696K)
[365.256s][info][gc          ] GC(646) Pause Young (Prepare Mixed) (G1 Evacuation Pause) 658M->250M(705M) 4.578ms
[365.256s][info][gc,cpu      ] GC(646) User=0.01s Sys=0.00s Real=0.00s
[366.253s][info][gc,start    ] GC(647) Pause Young (Mixed) (G1 Evacuation Pause)
[366.254s][info][gc,task     ] GC(647) Using 2 workers of 2 for evacuation
[366.260s][info][gc,phases   ] GC(647)   Pre Evacuate Collection Set: 0.26ms
[366.260s][info][gc,phases   ] GC(647)   Merge Heap Roots: 0.13ms
[366.260s][info][gc,phases   ] GC(647)   Evacuate Collection Set: 5.54ms
[366.260s][info][gc,phases   ] GC(647)   Post Evacuate Collection Set: 0.76ms
[366.260s][info][gc,phases   ] GC(647)   Other: 0.08ms
[366.260s][info][gc,heap     ] GC(647) Eden regions: 409->0(410)
[366.260s][info][gc,heap     ] GC(647) Survivor regions: 8->8(53)
[366.260s][info][gc,heap     ] GC(647) Old regions: 37->36
[366.260s][info][gc,heap     ] GC(647) Humongous regions: 207->207
[366.260s][info][gc,metaspace] GC(647) Metaspace: 57337K(57664K)->57337K(57664K) NonClass: 51717K(51968K)->51717K(51968K) Class: 5619K(5696K)->5619K(5696K)
[366.260s][info][gc          ] GC(647) Pause Young (Mixed) (G1 Evacuation Pause) 659M->250M(705M) 6.936ms
[366.260s][info][gc,cpu      ] GC(647) User=0.02s Sys=0.00s Real=0.00s
[367.256s][info][gc,start    ] GC(648) Pause Young (Normal) (G1 Evacuation Pause)
[367.256s][info][gc,task     ] GC(648) Using 2 workers of 2 for evacuation
[367.261s][info][gc,phases   ] GC(648)   Pre Evacuate Collection Set: 0.26ms
[367.261s][info][gc,phases   ] GC(648)   Merge Heap Roots: 0.14ms
[367.261s][info][gc,phases   ] GC(648)   Evacuate Collection Set: 3.81ms
[367.261s][info][gc,phases   ] GC(648)   Post Evacuate Collection Set: 0.97ms
[367.261s][info][gc,phases   ] GC(648)   Other: 0.08ms
[367.261s][info][gc,heap     ] GC(648) Eden regions: 410->0(407)
[367.261s][info][gc,heap     ] GC(648) Survivor regions: 8->9(53)
[367.261s][info][gc,heap     ] GC(648) Old regions: 36->37
[367.261s][info][gc,heap     ] GC(648) Humongous regions: 207->207
[367.261s][info][gc,metaspace] GC(648) Metaspace: 57337K(57664K)->57337K(57664K) NonClass: 51717K(51968K)->51717K(51968K) Class: 5619K(5696K)->5619K(5696K)
[367.261s][info][gc          ] GC(648) Pause Young (Normal) (G1 Evacuation Pause) 660M->252M(705M) 5.442ms
[367.261s][info][gc,cpu      ] GC(648) User=0.01s Sys=0.00s Real=0.01s
[368.352s][info][gc,start    ] GC(649) Pause Young (Concurrent Start) (G1 Evacuation Pause)
[368.352s][info][gc,task     ] GC(649) Using 2 workers of 2 for evacuation
[368.357s][info][gc,phases   ] GC(649)   Pre Evacuate Collection Set: 0.30ms
[368.357s][info][gc,phases   ] GC(649)   Merge Heap Roots: 0.13ms
[368.357s][info][gc,phases   ] GC(649)   Evacuate Collection Set: 3.54ms
[368.357s][info][gc,phases   ] GC(649)   Post Evacuate Collection Set: 0.70ms
[368.357s][info][gc,phases   ] GC(649)   Other: 0.10ms
[368.357s][info][gc,heap     ] GC(649) Eden regions: 407->0(409)
[368.357s][info][gc,heap     ] GC(649) Survivor regions: 9->8(52)
[368.357s][info][gc,heap     ] GC(649) Old regions: 37->37
[368.357s][info][gc,heap     ] GC(649) Humongous regions: 207->207
[368.357s][info][gc,metaspace] GC(649) Metaspace: 57337K(57664K)->57337K(57664K) NonClass: 51717K(51968K)->51717K(51968K) Class: 5619K(5696K)->5619K(5696K)
[368.357s][info][gc          ] GC(649) Pause Young (Concurrent Start) (G1 Evacuation Pause) 659M->251M(705M) 4.938ms
[368.357s][info][gc,cpu      ] GC(649) User=0.01s Sys=0.00s Real=0.00s
[368.357s][info][gc          ] GC(650) Concurrent Mark Cycle
[368.357s][info][gc,marking  ] GC(650) Concurrent Scan Root Regions
[368.361s][info][gc,marking  ] GC(650) Concurrent Scan Root Regions 4.136ms
[368.361s][info][gc,marking  ] GC(650) Concurrent Mark
[368.361s][info][gc,marking  ] GC(650) Concurrent Mark From Roots
[368.361s][info][gc,task     ] GC(650) Using 1 workers of 1 for marking
[368.415s][info][gc,marking  ] GC(650) Concurrent Mark From Roots 54.288ms
[368.415s][info][gc,marking  ] GC(650) Concurrent Preclean
[368.415s][info][gc,marking  ] GC(650) Concurrent Preclean 0.061ms
[368.416s][info][gc,start    ] GC(650) Pause Remark
[368.426s][info][gc          ] GC(650) Pause Remark 286M->286M(705M) 10.594ms
[368.426s][info][gc,cpu      ] GC(650) User=0.02s Sys=0.00s Real=0.01s
[368.426s][info][gc,marking  ] GC(650) Concurrent Mark 65.230ms
[368.426s][info][gc,marking  ] GC(650) Concurrent Rebuild Remembered Sets and Scrub Regions
[368.445s][info][gc,marking  ] GC(650) Concurrent Rebuild Remembered Sets and Scrub Regions 18.321ms
[368.445s][info][gc,start    ] GC(650) Pause Cleanup
[368.445s][info][gc          ] GC(650) Pause Cleanup 288M->288M(705M) 0.062ms
[368.445s][info][gc,cpu      ] GC(650) User=0.00s Sys=0.00s Real=0.00s
[368.445s][info][gc,marking  ] GC(650) Concurrent Clear Claimed Marks
[368.445s][info][gc,marking  ] GC(650) Concurrent Clear Claimed Marks 0.080ms
[368.445s][info][gc,marking  ] GC(650) Concurrent Cleanup for Next Mark
[368.447s][info][gc,marking  ] GC(650) Concurrent Cleanup for Next Mark 2.042ms
[368.447s][info][gc          ] GC(650) Concurrent Mark Cycle 90.065ms
[369.351s][info][gc,start    ] GC(651) Pause Young (Prepare Mixed) (G1 Evacuation Pause)
[369.351s][info][gc,task     ] GC(651) Using 2 workers of 2 for evacuation
[369.356s][info][gc,phases   ] GC(651)   Pre Evacuate Collection Set: 0.40ms
[369.356s][info][gc,phases   ] GC(651)   Merge Heap Roots: 0.16ms
[369.356s][info][gc,phases   ] GC(651)   Evacuate Collection Set: 3.38ms
[369.356s][info][gc,phases   ] GC(651)   Post Evacuate Collection Set: 0.70ms
[369.356s][info][gc,phases   ] GC(651)   Other: 0.09ms
[369.356s][info][gc,heap     ] GC(651) Eden regions: 409->0(409)
[369.356s][info][gc,heap     ] GC(651) Survivor regions: 8->8(53)
[369.356s][info][gc,heap     ] GC(651) Old regions: 37->37
[369.356s][info][gc,heap     ] GC(651) Humongous regions: 207->207
[369.356s][info][gc,metaspace] GC(651) Metaspace: 57339K(57664K)->57339K(57664K) NonClass: 51719K(51968K)->51719K(51968K) Class: 5619K(5696K)->5619K(5696K)
[369.356s][info][gc          ] GC(651) Pause Young (Prepare Mixed) (G1 Evacuation Pause) 660M->251M(705M) 4.926ms
[369.356s][info][gc,cpu      ] GC(651) User=0.01s Sys=0.00s Real=0.01s
[370.358s][info][gc,start    ] GC(652) Pause Young (Mixed) (G1 Evacuation Pause)
[370.358s][info][gc,task     ] GC(652) Using 2 workers of 2 for evacuation
[370.365s][info][gc,phases   ] GC(652)   Pre Evacuate Collection Set: 0.25ms
[370.365s][info][gc,phases   ] GC(652)   Merge Heap Roots: 0.16ms
[370.365s][info][gc,phases   ] GC(652)   Evacuate Collection Set: 6.06ms
[370.365s][info][gc,phases   ] GC(652)   Post Evacuate Collection Set: 0.74ms
[370.365s][info][gc,phases   ] GC(652)   Other: 0.08ms
[370.365s][info][gc,heap     ] GC(652) Eden regions: 409->0(410)
[370.365s][info][gc,heap     ] GC(652) Survivor regions: 8->8(53)
[370.365s][info][gc,heap     ] GC(652) Old regions: 37->36
[370.365s][info][gc,heap     ] GC(652) Humongous regions: 207->207
[370.365s][info][gc,metaspace] GC(652) Metaspace: 57339K(57664K)->57339K(57664K) NonClass: 51719K(51968K)->51719K(51968K) Class: 5619K(5696K)->5619K(5696K)
[370.365s][info][gc          ] GC(652) Pause Young (Mixed) (G1 Evacuation Pause) 660M->251M(705M) 7.469ms
[370.365s][info][gc,cpu      ] GC(652) User=0.02s Sys=0.00s Real=0.01s
[371.356s][info][gc,start    ] GC(653) Pause Young (Normal) (G1 Evacuation Pause)
[371.356s][info][gc,task     ] GC(653) Using 2 workers of 2 for evacuation
[371.361s][info][gc,phases   ] GC(653)   Pre Evacuate Collection Set: 0.25ms
[371.361s][info][gc,phases   ] GC(653)   Merge Heap Roots: 0.13ms
[371.361s][info][gc,phases   ] GC(653)   Evacuate Collection Set: 3.84ms
[371.361s][info][gc,phases   ] GC(653)   Post Evacuate Collection Set: 0.71ms
[371.361s][info][gc,phases   ] GC(653)   Other: 0.08ms
[371.361s][info][gc,heap     ] GC(653) Eden regions: 410->0(413)
[371.361s][info][gc,heap     ] GC(653) Survivor regions: 8->3(53)
[371.361s][info][gc,heap     ] GC(653) Old regions: 36->43
[371.361s][info][gc,heap     ] GC(653) Humongous regions: 207->207
[371.361s][info][gc,metaspace] GC(653) Metaspace: 57339K(57664K)->57339K(57664K) NonClass: 51719K(51968K)->51719K(51968K) Class: 5619K(5696K)->5619K(5696K)
[371.362s][info][gc          ] GC(653) Pause Young (Normal) (G1 Evacuation Pause) 661M->252M(705M) 5.188ms
[371.362s][info][gc,cpu      ] GC(653) User=0.01s Sys=0.00s Real=0.01s
[372.410s][info][gc,start    ] GC(654) Pause Young (Concurrent Start) (G1 Evacuation Pause)
[372.410s][info][gc,task     ] GC(654) Using 2 workers of 2 for evacuation
[372.417s][info][gc,phases   ] GC(654)   Pre Evacuate Collection Set: 0.30ms
[372.417s][info][gc,phases   ] GC(654)   Merge Heap Roots: 0.12ms
[372.417s][info][gc,phases   ] GC(654)   Evacuate Collection Set: 6.02ms
[372.417s][info][gc,phases   ] GC(654)   Post Evacuate Collection Set: 0.68ms
[372.417s][info][gc,phases   ] GC(654)   Other: 0.09ms
[372.417s][info][gc,heap     ] GC(654) Eden regions: 413->0(410)
[372.417s][info][gc,heap     ] GC(654) Survivor regions: 3->4(52)
[372.417s][info][gc,heap     ] GC(654) Old regions: 43->44
[372.417s][info][gc,heap     ] GC(654) Humongous regions: 207->207
[372.417s][info][gc,metaspace] GC(654) Metaspace: 57339K(57664K)->57339K(57664K) NonClass: 51719K(51968K)->51719K(51968K) Class: 5619K(5696K)->5619K(5696K)
[372.417s][info][gc          ] GC(654) Pause Young (Concurrent Start) (G1 Evacuation Pause) 665M->253M(705M) 7.401ms
[372.417s][info][gc          ] GC(655) Concurrent Mark Cycle
[372.417s][info][gc,marking  ] GC(655) Concurrent Scan Root Regions
[372.418s][info][gc,cpu      ] GC(654) User=0.02s Sys=0.00s Real=0.01s
[372.425s][info][gc,marking  ] GC(655) Concurrent Scan Root Regions 8.098ms
[372.425s][info][gc,marking  ] GC(655) Concurrent Mark
[372.425s][info][gc,marking  ] GC(655) Concurrent Mark From Roots
[372.425s][info][gc,task     ] GC(655) Using 1 workers of 1 for marking
[372.483s][info][gc,marking  ] GC(655) Concurrent Mark From Roots 57.246ms
[372.483s][info][gc,marking  ] GC(655) Concurrent Preclean
[372.483s][info][gc,marking  ] GC(655) Concurrent Preclean 0.064ms
[372.483s][info][gc,start    ] GC(655) Pause Remark
[372.493s][info][gc          ] GC(655) Pause Remark 293M->293M(705M) 9.544ms
[372.493s][info][gc,cpu      ] GC(655) User=0.02s Sys=0.00s Real=0.01s
[372.493s][info][gc,marking  ] GC(655) Concurrent Mark 67.370ms
[372.493s][info][gc,marking  ] GC(655) Concurrent Rebuild Remembered Sets and Scrub Regions
[372.509s][info][gc,marking  ] GC(655) Concurrent Rebuild Remembered Sets and Scrub Regions 16.378ms
[372.509s][info][gc,start    ] GC(655) Pause Cleanup
[372.509s][info][gc          ] GC(655) Pause Cleanup 304M->304M(705M) 0.066ms
[372.509s][info][gc,cpu      ] GC(655) User=0.00s Sys=0.00s Real=0.00s
[372.509s][info][gc,marking  ] GC(655) Concurrent Clear Claimed Marks
[372.510s][info][gc,marking  ] GC(655) Concurrent Clear Claimed Marks 0.086ms
[372.510s][info][gc,marking  ] GC(655) Concurrent Cleanup for Next Mark
[372.512s][info][gc,marking  ] GC(655) Concurrent Cleanup for Next Mark 2.054ms
[372.512s][info][gc          ] GC(655) Concurrent Mark Cycle 94.365ms
[373.372s][info][gc,start    ] GC(656) Pause Young (Prepare Mixed) (G1 Evacuation Pause)
[373.372s][info][gc,task     ] GC(656) Using 2 workers of 2 for evacuation
[373.378s][info][gc,phases   ] GC(656)   Pre Evacuate Collection Set: 0.28ms
[373.378s][info][gc,phases   ] GC(656)   Merge Heap Roots: 0.15ms
[373.378s][info][gc,phases   ] GC(656)   Evacuate Collection Set: 4.58ms
[373.378s][info][gc,phases   ] GC(656)   Post Evacuate Collection Set: 0.70ms
[373.378s][info][gc,phases   ] GC(656)   Other: 0.08ms
[373.378s][info][gc,heap     ] GC(656) Eden regions: 410->0(412)
[373.378s][info][gc,heap     ] GC(656) Survivor regions: 4->3(52)
[373.378s][info][gc,heap     ] GC(656) Old regions: 44->44
[373.378s][info][gc,heap     ] GC(656) Humongous regions: 207->207
[373.378s][info][gc,metaspace] GC(656) Metaspace: 57339K(57664K)->57339K(57664K) NonClass: 51719K(51968K)->51719K(51968K) Class: 5619K(5696K)->5619K(5696K)
[373.378s][info][gc          ] GC(656) Pause Young (Prepare Mixed) (G1 Evacuation Pause) 663M->253M(705M) 5.977ms
[373.378s][info][gc,cpu      ] GC(656) User=0.01s Sys=0.00s Real=0.00s
[374.375s][info][gc,start    ] GC(657) Pause Young (Mixed) (G1 Evacuation Pause)
[374.375s][info][gc,task     ] GC(657) Using 2 workers of 2 for evacuation
[374.383s][info][gc,phases   ] GC(657)   Pre Evacuate Collection Set: 0.27ms
[374.383s][info][gc,phases   ] GC(657)   Merge Heap Roots: 0.13ms
[374.383s][info][gc,phases   ] GC(657)   Evacuate Collection Set: 6.33ms
[374.383s][info][gc,phases   ] GC(657)   Post Evacuate Collection Set: 0.71ms
[374.383s][info][gc,phases   ] GC(657)   Other: 0.10ms
[374.383s][info][gc,heap     ] GC(657) Eden regions: 412->0(410)
[374.383s][info][gc,heap     ] GC(657) Survivor regions: 3->4(52)
[374.383s][info][gc,heap     ] GC(657) Old regions: 44->44
[374.383s][info][gc,heap     ] GC(657) Humongous regions: 207->207
[374.383s][info][gc,metaspace] GC(657) Metaspace: 57339K(57664K)->57339K(57664K) NonClass: 51719K(51968K)->51719K(51968K) Class: 5619K(5696K)->5619K(5696K)
[374.383s][info][gc          ] GC(657) Pause Young (Mixed) (G1 Evacuation Pause) 665M->253M(705M) 7.712ms
[374.383s][info][gc,cpu      ] GC(657) User=0.01s Sys=0.00s Real=0.01s
[375.374s][info][gc,start    ] GC(658) Pause Young (Concurrent Start) (G1 Evacuation Pause)
[375.374s][info][gc,task     ] GC(658) Using 2 workers of 2 for evacuation
[375.379s][info][gc,phases   ] GC(658)   Pre Evacuate Collection Set: 0.34ms
[375.379s][info][gc,phases   ] GC(658)   Merge Heap Roots: 0.13ms
[375.380s][info][gc,phases   ] GC(658)   Evacuate Collection Set: 4.43ms
[375.380s][info][gc,phases   ] GC(658)   Post Evacuate Collection Set: 0.66ms
[375.380s][info][gc,phases   ] GC(658)   Other: 0.09ms
[375.380s][info][gc,heap     ] GC(658) Eden regions: 410->0(410)
[375.380s][info][gc,heap     ] GC(658) Survivor regions: 4->4(52)
[375.380s][info][gc,heap     ] GC(658) Old regions: 44->44
[375.380s][info][gc,heap     ] GC(658) Humongous regions: 207->207
[375.380s][info][gc,metaspace] GC(658) Metaspace: 57339K(57664K)->57339K(57664K) NonClass: 51719K(51968K)->51719K(51968K) Class: 5619K(5696K)->5619K(5696K)
[375.380s][info][gc          ] GC(658) Pause Young (Concurrent Start) (G1 Evacuation Pause) 663M->253M(705M) 5.825ms
[375.380s][info][gc,cpu      ] GC(658) User=0.01s Sys=0.00s Real=0.00s
[375.380s][info][gc          ] GC(659) Concurrent Mark Cycle
[375.382s][info][gc,marking  ] GC(659) Concurrent Scan Root Regions
[375.388s][info][gc,marking  ] GC(659) Concurrent Scan Root Regions 5.511ms
[375.388s][info][gc,marking  ] GC(659) Concurrent Mark
[375.388s][info][gc,marking  ] GC(659) Concurrent Mark From Roots
[375.388s][info][gc,task     ] GC(659) Using 1 workers of 1 for marking
[375.430s][info][gc,marking  ] GC(659) Concurrent Mark From Roots 42.857ms
[375.430s][info][gc,marking  ] GC(659) Concurrent Preclean
[375.431s][info][gc,marking  ] GC(659) Concurrent Preclean 0.069ms
[375.431s][info][gc,start    ] GC(659) Pause Remark
[375.440s][info][gc          ] GC(659) Pause Remark 270M->270M(705M) 9.622ms
[375.440s][info][gc,cpu      ] GC(659) User=0.02s Sys=0.00s Real=0.01s
[375.440s][info][gc,marking  ] GC(659) Concurrent Mark 52.924ms
[375.440s][info][gc,marking  ] GC(659) Concurrent Rebuild Remembered Sets and Scrub Regions
[375.456s][info][gc,marking  ] GC(659) Concurrent Rebuild Remembered Sets and Scrub Regions 15.832ms
[375.456s][info][gc,start    ] GC(659) Pause Cleanup
[375.457s][info][gc          ] GC(659) Pause Cleanup 273M->273M(705M) 0.053ms
[375.457s][info][gc,cpu      ] GC(659) User=0.00s Sys=0.00s Real=0.00s
[375.457s][info][gc,marking  ] GC(659) Concurrent Clear Claimed Marks
[375.457s][info][gc,marking  ] GC(659) Concurrent Clear Claimed Marks 0.087ms
[375.457s][info][gc,marking  ] GC(659) Concurrent Cleanup for Next Mark
[375.459s][info][gc,marking  ] GC(659) Concurrent Cleanup for Next Mark 2.031ms
[375.459s][info][gc          ] GC(659) Concurrent Mark Cycle 79.097ms
[378.214s][info][gc,start    ] GC(660) Pause Young (Prepare Mixed) (G1 Evacuation Pause)
[378.214s][info][gc,task     ] GC(660) Using 2 workers of 2 for evacuation
[378.234s][info][gc,phases   ] GC(660)   Pre Evacuate Collection Set: 0.28ms
[378.234s][info][gc,phases   ] GC(660)   Merge Heap Roots: 0.16ms
[378.234s][info][gc,phases   ] GC(660)   Evacuate Collection Set: 19.39ms
[378.234s][info][gc,phases   ] GC(660)   Post Evacuate Collection Set: 0.82ms
[378.234s][info][gc,phases   ] GC(660)   Other: 0.09ms
[378.234s][info][gc,heap     ] GC(660) Eden regions: 294->0(400)
[378.235s][info][gc,heap     ] GC(660) Survivor regions: 4->17(52)
[378.235s][info][gc,heap     ] GC(660) Old regions: 44->44
[378.235s][info][gc,heap     ] GC(660) Humongous regions: 363->207
[378.235s][info][gc,metaspace] GC(660) Metaspace: 57465K(57792K)->57465K(57792K) NonClass: 51845K(52096K)->51845K(52096K) Class: 5619K(5696K)->5619K(5696K)
[378.235s][info][gc          ] GC(660) Pause Young (Prepare Mixed) (G1 Evacuation Pause) 703M->266M(722M) 20.940ms
[378.235s][info][gc,cpu      ] GC(660) User=0.03s Sys=0.01s Real=0.02s
[379.172s][info][gc,start    ] GC(661) Pause Young (Mixed) (G1 Evacuation Pause)
[379.172s][info][gc,task     ] GC(661) Using 2 workers of 2 for evacuation
[379.183s][info][gc,phases   ] GC(661)   Pre Evacuate Collection Set: 0.28ms
[379.183s][info][gc,phases   ] GC(661)   Merge Heap Roots: 0.14ms
[379.183s][info][gc,phases   ] GC(661)   Evacuate Collection Set: 9.63ms
[379.183s][info][gc,phases   ] GC(661)   Post Evacuate Collection Set: 0.82ms
[379.183s][info][gc,phases   ] GC(661)   Other: 0.10ms
[379.183s][info][gc,heap     ] GC(661) Eden regions: 400->0(405)
[379.183s][info][gc,heap     ] GC(661) Survivor regions: 17->15(53)
[379.183s][info][gc,heap     ] GC(661) Old regions: 44->43
[379.183s][info][gc,heap     ] GC(661) Humongous regions: 207->207
[379.183s][info][gc,metaspace] GC(661) Metaspace: 57465K(57792K)->57465K(57792K) NonClass: 51845K(52096K)->51845K(52096K) Class: 5619K(5696K)->5619K(5696K)
[379.183s][info][gc          ] GC(661) Pause Young (Mixed) (G1 Evacuation Pause) 666M->264M(722M) 11.165ms
[379.184s][info][gc,cpu      ] GC(661) User=0.02s Sys=0.00s Real=0.01s
[380.167s][info][gc,start    ] GC(662) Pause Young (Normal) (G1 Evacuation Pause)
[380.167s][info][gc,task     ] GC(662) Using 2 workers of 2 for evacuation
[380.177s][info][gc,phases   ] GC(662)   Pre Evacuate Collection Set: 0.27ms
[380.177s][info][gc,phases   ] GC(662)   Merge Heap Roots: 0.13ms
[380.177s][info][gc,phases   ] GC(662)   Evacuate Collection Set: 7.97ms
[380.177s][info][gc,phases   ] GC(662)   Post Evacuate Collection Set: 0.74ms
[380.177s][info][gc,phases   ] GC(662)   Other: 0.11ms
[380.177s][info][gc,heap     ] GC(662) Eden regions: 405->0(405)
[380.177s][info][gc,heap     ] GC(662) Survivor regions: 15->15(53)
[380.177s][info][gc,heap     ] GC(662) Old regions: 43->43
[380.177s][info][gc,heap     ] GC(662) Humongous regions: 207->207
[380.177s][info][gc,metaspace] GC(662) Metaspace: 57466K(57792K)->57466K(57792K) NonClass: 51847K(52096K)->51847K(52096K) Class: 5619K(5696K)->5619K(5696K)
[380.177s][info][gc          ] GC(662) Pause Young (Normal) (G1 Evacuation Pause) 669M->264M(722M) 9.392ms
[380.177s][info][gc,cpu      ] GC(662) User=0.01s Sys=0.00s Real=0.01s
[381.162s][info][gc,start    ] GC(663) Pause Young (Normal) (G1 Evacuation Pause)
[381.162s][info][gc,task     ] GC(663) Using 2 workers of 2 for evacuation
[381.171s][info][gc,phases   ] GC(663)   Pre Evacuate Collection Set: 0.27ms
[381.171s][info][gc,phases   ] GC(663)   Merge Heap Roots: 0.13ms
[381.171s][info][gc,phases   ] GC(663)   Evacuate Collection Set: 7.84ms
[381.171s][info][gc,phases   ] GC(663)   Post Evacuate Collection Set: 0.78ms
[381.171s][info][gc,phases   ] GC(663)   Other: 0.10ms
[381.171s][info][gc,heap     ] GC(663) Eden regions: 405->0(405)
[381.171s][info][gc,heap     ] GC(663) Survivor regions: 15->15(53)
[381.171s][info][gc,heap     ] GC(663) Old regions: 43->43
[381.171s][info][gc,heap     ] GC(663) Humongous regions: 207->207
[381.171s][info][gc,metaspace] GC(663) Metaspace: 57466K(57792K)->57466K(57792K) NonClass: 51847K(52096K)->51847K(52096K) Class: 5619K(5696K)->5619K(5696K)
[381.171s][info][gc          ] GC(663) Pause Young (Normal) (G1 Evacuation Pause) 669M->264M(722M) 9.305ms
[381.171s][info][gc,cpu      ] GC(663) User=0.02s Sys=0.01s Real=0.00s
[382.161s][info][gc,start    ] GC(664) Pause Young (Normal) (G1 Evacuation Pause)
[382.161s][info][gc,task     ] GC(664) Using 2 workers of 2 for evacuation
[382.170s][info][gc,phases   ] GC(664)   Pre Evacuate Collection Set: 0.26ms
[382.170s][info][gc,phases   ] GC(664)   Merge Heap Roots: 0.14ms
[382.170s][info][gc,phases   ] GC(664)   Evacuate Collection Set: 7.35ms
[382.170s][info][gc,phases   ] GC(664)   Post Evacuate Collection Set: 0.73ms
[382.170s][info][gc,phases   ] GC(664)   Other: 0.08ms
[382.170s][info][gc,heap     ] GC(664) Eden regions: 405->0(403)
[382.170s][info][gc,heap     ] GC(664) Survivor regions: 15->16(53)
[382.170s][info][gc,heap     ] GC(664) Old regions: 43->43
[382.170s][info][gc,heap     ] GC(664) Humongous regions: 207->207
[382.170s][info][gc,metaspace] GC(664) Metaspace: 57466K(57792K)->57466K(57792K) NonClass: 51847K(52096K)->51847K(52096K) Class: 5619K(5696K)->5619K(5696K)
[382.170s][info][gc          ] GC(664) Pause Young (Normal) (G1 Evacuation Pause) 669M->265M(722M) 8.757ms
[382.170s][info][gc,cpu      ] GC(664) User=0.02s Sys=0.00s Real=0.00s
[383.201s][info][gc,start    ] GC(665) Pause Young (Normal) (G1 Evacuation Pause)
[383.201s][info][gc,task     ] GC(665) Using 2 workers of 2 for evacuation
[383.208s][info][gc,phases   ] GC(665)   Pre Evacuate Collection Set: 0.27ms
[383.208s][info][gc,phases   ] GC(665)   Merge Heap Roots: 0.15ms
[383.208s][info][gc,phases   ] GC(665)   Evacuate Collection Set: 5.88ms
[383.208s][info][gc,phases   ] GC(665)   Post Evacuate Collection Set: 0.75ms
[383.208s][info][gc,phases   ] GC(665)   Other: 0.11ms
[383.208s][info][gc,heap     ] GC(665) Eden regions: 403->0(407)
[383.208s][info][gc,heap     ] GC(665) Survivor regions: 16->14(53)
[383.208s][info][gc,heap     ] GC(665) Old regions: 43->43
[383.208s][info][gc,heap     ] GC(665) Humongous regions: 207->207
[383.209s][info][gc,metaspace] GC(665) Metaspace: 57466K(57792K)->57466K(57792K) NonClass: 51847K(52096K)->51847K(52096K) Class: 5619K(5696K)->5619K(5696K)
[383.209s][info][gc          ] GC(665) Pause Young (Normal) (G1 Evacuation Pause) 668M->263M(722M) 7.336ms
[383.209s][info][gc,cpu      ] GC(665) User=0.01s Sys=0.00s Real=0.00s
[384.151s][info][gc,start    ] GC(666) Pause Young (Normal) (G1 Evacuation Pause)
[384.151s][info][gc,task     ] GC(666) Using 2 workers of 2 for evacuation
[384.158s][info][gc,phases   ] GC(666)   Pre Evacuate Collection Set: 0.25ms
[384.158s][info][gc,phases   ] GC(666)   Merge Heap Roots: 0.15ms
[384.158s][info][gc,phases   ] GC(666)   Evacuate Collection Set: 5.94ms
[384.158s][info][gc,phases   ] GC(666)   Post Evacuate Collection Set: 0.75ms
[384.158s][info][gc,phases   ] GC(666)   Other: 0.08ms
[384.158s][info][gc,heap     ] GC(666) Eden regions: 407->0(406)
[384.158s][info][gc,heap     ] GC(666) Survivor regions: 14->14(53)
[384.158s][info][gc,heap     ] GC(666) Old regions: 43->44
[384.158s][info][gc,heap     ] GC(666) Humongous regions: 207->207
[384.158s][info][gc,metaspace] GC(666) Metaspace: 57466K(57792K)->57466K(57792K) NonClass: 51847K(52096K)->51847K(52096K) Class: 5619K(5696K)->5619K(5696K)
[384.159s][info][gc          ] GC(666) Pause Young (Normal) (G1 Evacuation Pause) 670M->263M(722M) 7.351ms
[384.159s][info][gc,cpu      ] GC(666) User=0.01s Sys=0.00s Real=0.00s
[385.091s][info][gc,start    ] GC(667) Pause Young (Concurrent Start) (G1 Evacuation Pause)
[385.091s][info][gc,task     ] GC(667) Using 2 workers of 2 for evacuation
[385.099s][info][gc,phases   ] GC(667)   Pre Evacuate Collection Set: 0.32ms
[385.099s][info][gc,phases   ] GC(667)   Merge Heap Roots: 0.12ms
[385.099s][info][gc,phases   ] GC(667)   Evacuate Collection Set: 6.38ms
[385.099s][info][gc,phases   ] GC(667)   Post Evacuate Collection Set: 0.72ms
[385.099s][info][gc,phases   ] GC(667)   Other: 0.13ms
[385.099s][info][gc,heap     ] GC(667) Eden regions: 406->0(406)
[385.099s][info][gc,heap     ] GC(667) Survivor regions: 14->14(53)
[385.099s][info][gc,heap     ] GC(667) Old regions: 44->44
[385.099s][info][gc,heap     ] GC(667) Humongous regions: 207->207
[385.099s][info][gc,metaspace] GC(667) Metaspace: 57466K(57792K)->57466K(57792K) NonClass: 51847K(52096K)->51847K(52096K) Class: 5619K(5696K)->5619K(5696K)
[385.099s][info][gc          ] GC(667) Pause Young (Concurrent Start) (G1 Evacuation Pause) 669M->263M(722M) 7.844ms
[385.099s][info][gc,cpu      ] GC(667) User=0.01s Sys=0.00s Real=0.01s
[385.099s][info][gc          ] GC(668) Concurrent Mark Cycle
[385.100s][info][gc,marking  ] GC(668) Concurrent Scan Root Regions
[385.104s][info][gc,marking  ] GC(668) Concurrent Scan Root Regions 4.291ms
[385.104s][info][gc,marking  ] GC(668) Concurrent Mark
[385.104s][info][gc,marking  ] GC(668) Concurrent Mark From Roots
[385.104s][info][gc,task     ] GC(668) Using 1 workers of 1 for marking
[385.141s][info][gc,marking  ] GC(668) Concurrent Mark From Roots 36.875ms
[385.141s][info][gc,marking  ] GC(668) Concurrent Preclean
[385.141s][info][gc,marking  ] GC(668) Concurrent Preclean 0.045ms
[385.142s][info][gc,start    ] GC(668) Pause Remark
[385.152s][info][gc          ] GC(668) Pause Remark 266M->266M(722M) 9.932ms
[385.152s][info][gc,cpu      ] GC(668) User=0.02s Sys=0.00s Real=0.01s
[385.153s][info][gc,marking  ] GC(668) Concurrent Mark 48.399ms
[385.153s][info][gc,marking  ] GC(668) Concurrent Rebuild Remembered Sets and Scrub Regions
[385.187s][info][gc,marking  ] GC(668) Concurrent Rebuild Remembered Sets and Scrub Regions 34.132ms
[385.187s][info][gc,start    ] GC(668) Pause Cleanup
[385.187s][info][gc          ] GC(668) Pause Cleanup 297M->297M(722M) 0.075ms
[385.187s][info][gc,cpu      ] GC(668) User=0.00s Sys=0.00s Real=0.00s
[385.187s][info][gc,marking  ] GC(668) Concurrent Clear Claimed Marks
[385.187s][info][gc,marking  ] GC(668) Concurrent Clear Claimed Marks 0.088ms
[385.187s][info][gc,marking  ] GC(668) Concurrent Cleanup for Next Mark
[385.192s][info][gc,marking  ] GC(668) Concurrent Cleanup for Next Mark 4.186ms
[385.192s][info][gc          ] GC(668) Concurrent Mark Cycle 92.814ms
[386.193s][info][gc,start    ] GC(669) Pause Young (Prepare Mixed) (G1 Evacuation Pause)
[386.193s][info][gc,task     ] GC(669) Using 2 workers of 2 for evacuation
[386.200s][info][gc,phases   ] GC(669)   Pre Evacuate Collection Set: 0.27ms
[386.200s][info][gc,phases   ] GC(669)   Merge Heap Roots: 0.17ms
[386.200s][info][gc,phases   ] GC(669)   Evacuate Collection Set: 5.89ms
[386.200s][info][gc,phases   ] GC(669)   Post Evacuate Collection Set: 0.78ms
[386.200s][info][gc,phases   ] GC(669)   Other: 0.10ms
[386.200s][info][gc,heap     ] GC(669) Eden regions: 406->0(406)
[386.200s][info][gc,heap     ] GC(669) Survivor regions: 14->14(53)
[386.200s][info][gc,heap     ] GC(669) Old regions: 44->44
[386.200s][info][gc,heap     ] GC(669) Humongous regions: 207->207
[386.200s][info][gc,metaspace] GC(669) Metaspace: 57466K(57792K)->57466K(57792K) NonClass: 51847K(52096K)->51847K(52096K) Class: 5619K(5696K)->5619K(5696K)
[386.200s][info][gc          ] GC(669) Pause Young (Prepare Mixed) (G1 Evacuation Pause) 669M->263M(722M) 7.381ms
[386.200s][info][gc,cpu      ] GC(669) User=0.01s Sys=0.00s Real=0.00s
[387.188s][info][gc,start    ] GC(670) Pause Young (Mixed) (G1 Evacuation Pause)
[387.188s][info][gc,task     ] GC(670) Using 2 workers of 2 for evacuation
[387.199s][info][gc,phases   ] GC(670)   Pre Evacuate Collection Set: 0.28ms
[387.199s][info][gc,phases   ] GC(670)   Merge Heap Roots: 0.15ms
[387.199s][info][gc,phases   ] GC(670)   Evacuate Collection Set: 10.02ms
[387.199s][info][gc,phases   ] GC(670)   Post Evacuate Collection Set: 0.81ms
[387.199s][info][gc,phases   ] GC(670)   Other: 0.11ms
[387.199s][info][gc,heap     ] GC(670) Eden regions: 406->0(405)
[387.199s][info][gc,heap     ] GC(670) Survivor regions: 14->15(53)
[387.199s][info][gc,heap     ] GC(670) Old regions: 44->43
[387.199s][info][gc,heap     ] GC(670) Humongous regions: 207->207
[387.200s][info][gc,metaspace] GC(670) Metaspace: 57466K(57792K)->57466K(57792K) NonClass: 51847K(52096K)->51847K(52096K) Class: 5619K(5696K)->5619K(5696K)
[387.200s][info][gc          ] GC(670) Pause Young (Mixed) (G1 Evacuation Pause) 669M->264M(722M) 11.538ms
[387.200s][info][gc,cpu      ] GC(670) User=0.02s Sys=0.00s Real=0.01s
[388.183s][info][gc,start    ] GC(671) Pause Young (Normal) (G1 Evacuation Pause)
[388.183s][info][gc,task     ] GC(671) Using 2 workers of 2 for evacuation
[388.192s][info][gc,phases   ] GC(671)   Pre Evacuate Collection Set: 0.28ms
[388.192s][info][gc,phases   ] GC(671)   Merge Heap Roots: 0.15ms
[388.192s][info][gc,phases   ] GC(671)   Evacuate Collection Set: 8.18ms
[388.192s][info][gc,phases   ] GC(671)   Post Evacuate Collection Set: 0.76ms
[388.192s][info][gc,phases   ] GC(671)   Other: 0.08ms
[388.192s][info][gc,heap     ] GC(671) Eden regions: 405->0(405)
[388.192s][info][gc,heap     ] GC(671) Survivor regions: 15->15(53)
[388.192s][info][gc,heap     ] GC(671) Old regions: 43->43
[388.192s][info][gc,heap     ] GC(671) Humongous regions: 207->207
[388.192s][info][gc,metaspace] GC(671) Metaspace: 57466K(57792K)->57466K(57792K) NonClass: 51847K(52096K)->51847K(52096K) Class: 5619K(5696K)->5619K(5696K)
[388.192s][info][gc          ] GC(671) Pause Young (Normal) (G1 Evacuation Pause) 669M->264M(722M) 9.621ms
[388.193s][info][gc,cpu      ] GC(671) User=0.01s Sys=0.00s Real=0.01s
[389.181s][info][gc,start    ] GC(672) Pause Young (Normal) (G1 Evacuation Pause)
[389.181s][info][gc,task     ] GC(672) Using 2 workers of 2 for evacuation
[389.191s][info][gc,phases   ] GC(672)   Pre Evacuate Collection Set: 0.25ms
[389.191s][info][gc,phases   ] GC(672)   Merge Heap Roots: 0.12ms
[389.191s][info][gc,phases   ] GC(672)   Evacuate Collection Set: 8.65ms
[389.191s][info][gc,phases   ] GC(672)   Post Evacuate Collection Set: 0.76ms
[389.191s][info][gc,phases   ] GC(672)   Other: 0.12ms
[389.191s][info][gc,heap     ] GC(672) Eden regions: 405->0(401)
[389.191s][info][gc,heap     ] GC(672) Survivor regions: 15->17(53)
[389.191s][info][gc,heap     ] GC(672) Old regions: 43->43
[389.191s][info][gc,heap     ] GC(672) Humongous regions: 207->207
[389.191s][info][gc,metaspace] GC(672) Metaspace: 57466K(57792K)->57466K(57792K) NonClass: 51847K(52096K)->51847K(52096K) Class: 5619K(5696K)->5619K(5696K)
[389.191s][info][gc          ] GC(672) Pause Young (Normal) (G1 Evacuation Pause) 669M->266M(722M) 10.099ms
[389.191s][info][gc,cpu      ] GC(672) User=0.02s Sys=0.00s Real=0.02s
[390.170s][info][gc,start    ] GC(673) Pause Young (Normal) (G1 Evacuation Pause)
[390.170s][info][gc,task     ] GC(673) Using 2 workers of 2 for evacuation
[390.180s][info][gc,phases   ] GC(673)   Pre Evacuate Collection Set: 0.26ms
[390.180s][info][gc,phases   ] GC(673)   Merge Heap Roots: 0.14ms
[390.180s][info][gc,phases   ] GC(673)   Evacuate Collection Set: 8.82ms
[390.180s][info][gc,phases   ] GC(673)   Post Evacuate Collection Set: 0.76ms
[390.180s][info][gc,phases   ] GC(673)   Other: 0.08ms
[390.180s][info][gc,heap     ] GC(673) Eden regions: 401->0(401)
[390.180s][info][gc,heap     ] GC(673) Survivor regions: 17->17(53)
[390.180s][info][gc,heap     ] GC(673) Old regions: 43->43
[390.180s][info][gc,heap     ] GC(673) Humongous regions: 207->207
[390.180s][info][gc,metaspace] GC(673) Metaspace: 57466K(57792K)->57466K(57792K) NonClass: 51847K(52096K)->51847K(52096K) Class: 5619K(5696K)->5619K(5696K)
[390.180s][info][gc          ] GC(673) Pause Young (Normal) (G1 Evacuation Pause) 667M->266M(722M) 10.232ms
[390.180s][info][gc,cpu      ] GC(673) User=0.02s Sys=0.00s Real=0.01s
[391.161s][info][gc,start    ] GC(674) Pause Young (Normal) (G1 Evacuation Pause)
[391.161s][info][gc,task     ] GC(674) Using 2 workers of 2 for evacuation
[391.169s][info][gc,phases   ] GC(674)   Pre Evacuate Collection Set: 0.25ms
[391.169s][info][gc,phases   ] GC(674)   Merge Heap Roots: 0.13ms
[391.169s][info][gc,phases   ] GC(674)   Evacuate Collection Set: 6.72ms
[391.169s][info][gc,phases   ] GC(674)   Post Evacuate Collection Set: 0.77ms
[391.169s][info][gc,phases   ] GC(674)   Other: 0.08ms
[391.169s][info][gc,heap     ] GC(674) Eden regions: 401->0(403)
[391.169s][info][gc,heap     ] GC(674) Survivor regions: 17->16(53)
[391.169s][info][gc,heap     ] GC(674) Old regions: 43->43
[391.169s][info][gc,heap     ] GC(674) Humongous regions: 207->207
[391.169s][info][gc,metaspace] GC(674) Metaspace: 57466K(57792K)->57466K(57792K) NonClass: 51847K(52096K)->51847K(52096K) Class: 5619K(5696K)->5619K(5696K)
[391.169s][info][gc          ] GC(674) Pause Young (Normal) (G1 Evacuation Pause) 667M->265M(722M) 8.145ms
[391.169s][info][gc,cpu      ] GC(674) User=0.02s Sys=0.00s Real=0.00s
[392.156s][info][gc,start    ] GC(675) Pause Young (Normal) (G1 Evacuation Pause)
[392.156s][info][gc,task     ] GC(675) Using 2 workers of 2 for evacuation
[392.164s][info][gc,phases   ] GC(675)   Pre Evacuate Collection Set: 0.26ms
[392.164s][info][gc,phases   ] GC(675)   Merge Heap Roots: 0.12ms
[392.164s][info][gc,phases   ] GC(675)   Evacuate Collection Set: 6.75ms
[392.164s][info][gc,phases   ] GC(675)   Post Evacuate Collection Set: 0.75ms
[392.164s][info][gc,phases   ] GC(675)   Other: 0.08ms
[392.164s][info][gc,heap     ] GC(675) Eden regions: 403->0(403)
[392.164s][info][gc,heap     ] GC(675) Survivor regions: 16->16(53)
[392.164s][info][gc,heap     ] GC(675) Old regions: 43->43
[392.164s][info][gc,heap     ] GC(675) Humongous regions: 207->207
[392.164s][info][gc,metaspace] GC(675) Metaspace: 57466K(57792K)->57466K(57792K) NonClass: 51847K(52096K)->51847K(52096K) Class: 5619K(5696K)->5619K(5696K)
[392.164s][info][gc          ] GC(675) Pause Young (Normal) (G1 Evacuation Pause) 668M->265M(722M) 8.161ms
[392.164s][info][gc,cpu      ] GC(675) User=0.02s Sys=0.00s Real=0.01s
[393.096s][info][gc,start    ] GC(676) Pause Young (Normal) (G1 Evacuation Pause)
[393.096s][info][gc,task     ] GC(676) Using 2 workers of 2 for evacuation
[393.104s][info][gc,phases   ] GC(676)   Pre Evacuate Collection Set: 0.26ms
[393.104s][info][gc,phases   ] GC(676)   Merge Heap Roots: 0.13ms
[393.104s][info][gc,phases   ] GC(676)   Evacuate Collection Set: 6.08ms
[393.104s][info][gc,phases   ] GC(676)   Post Evacuate Collection Set: 0.73ms
[393.104s][info][gc,phases   ] GC(676)   Other: 0.09ms
[393.104s][info][gc,heap     ] GC(676) Eden regions: 403->0(417)
[393.104s][info][gc,heap     ] GC(676) Survivor regions: 16->3(53)
[393.104s][info][gc,heap     ] GC(676) Old regions: 43->55
[393.104s][info][gc,heap     ] GC(676) Humongous regions: 207->207
[393.104s][info][gc,metaspace] GC(676) Metaspace: 57466K(57792K)->57466K(57792K) NonClass: 51847K(52096K)->51847K(52096K) Class: 5619K(5696K)->5619K(5696K)
[393.104s][info][gc          ] GC(676) Pause Young (Normal) (G1 Evacuation Pause) 667M->265M(722M) 7.458ms
[393.104s][info][gc,cpu      ] GC(676) User=0.01s Sys=0.00s Real=0.01s
[394.155s][info][gc,start    ] GC(677) Pause Young (Concurrent Start) (G1 Evacuation Pause)
[394.155s][info][gc,task     ] GC(677) Using 2 workers of 2 for evacuation
[394.160s][info][gc,phases   ] GC(677)   Pre Evacuate Collection Set: 0.29ms
[394.160s][info][gc,phases   ] GC(677)   Merge Heap Roots: 0.13ms
[394.160s][info][gc,phases   ] GC(677)   Evacuate Collection Set: 3.20ms
[394.160s][info][gc,phases   ] GC(677)   Post Evacuate Collection Set: 0.70ms
[394.160s][info][gc,phases   ] GC(677)   Other: 0.10ms
[394.160s][info][gc,heap     ] GC(677) Eden regions: 417->0(414)
[394.160s][info][gc,heap     ] GC(677) Survivor regions: 3->4(53)
[394.160s][info][gc,heap     ] GC(677) Old regions: 55->56
[394.160s][info][gc,heap     ] GC(677) Humongous regions: 207->207
[394.160s][info][gc,metaspace] GC(677) Metaspace: 57466K(57792K)->57466K(57792K) NonClass: 51847K(52096K)->51847K(52096K) Class: 5619K(5696K)->5619K(5696K)
[394.160s][info][gc          ] GC(677) Pause Young (Concurrent Start) (G1 Evacuation Pause) 682M->266M(722M) 4.589ms
[394.160s][info][gc,cpu      ] GC(677) User=0.01s Sys=0.00s Real=0.00s
[394.160s][info][gc          ] GC(678) Concurrent Mark Cycle
[394.160s][info][gc,marking  ] GC(678) Concurrent Scan Root Regions
[394.164s][info][gc,marking  ] GC(678) Concurrent Scan Root Regions 3.740ms
[394.164s][info][gc,marking  ] GC(678) Concurrent Mark
[394.164s][info][gc,marking  ] GC(678) Concurrent Mark From Roots
[394.164s][info][gc,task     ] GC(678) Using 1 workers of 1 for marking
[394.228s][info][gc,marking  ] GC(678) Concurrent Mark From Roots 64.369ms
[394.228s][info][gc,marking  ] GC(678) Concurrent Preclean
[394.228s][info][gc,marking  ] GC(678) Concurrent Preclean 0.065ms
[394.228s][info][gc,start    ] GC(678) Pause Remark
[394.239s][info][gc          ] GC(678) Pause Remark 301M->292M(722M) 10.123ms
[394.239s][info][gc,cpu      ] GC(678) User=0.02s Sys=0.00s Real=0.01s
[394.239s][info][gc,marking  ] GC(678) Concurrent Mark 74.925ms
[394.239s][info][gc,marking  ] GC(678) Concurrent Rebuild Remembered Sets and Scrub Regions
[394.255s][info][gc,marking  ] GC(678) Concurrent Rebuild Remembered Sets and Scrub Regions 16.404ms
[394.255s][info][gc,start    ] GC(678) Pause Cleanup
[394.255s][info][gc          ] GC(678) Pause Cleanup 296M->296M(722M) 0.054ms
[394.255s][info][gc,cpu      ] GC(678) User=0.00s Sys=0.00s Real=0.00s
[394.255s][info][gc,marking  ] GC(678) Concurrent Clear Claimed Marks
[394.255s][info][gc,marking  ] GC(678) Concurrent Clear Claimed Marks 0.079ms
[394.255s][info][gc,marking  ] GC(678) Concurrent Cleanup for Next Mark
[394.258s][info][gc,marking  ] GC(678) Concurrent Cleanup for Next Mark 2.091ms
[394.258s][info][gc          ] GC(678) Concurrent Mark Cycle 97.586ms
[395.170s][info][gc,start    ] GC(679) Pause Young (Prepare Mixed) (G1 Evacuation Pause)
[395.170s][info][gc,task     ] GC(679) Using 2 workers of 2 for evacuation
[395.176s][info][gc,phases   ] GC(679)   Pre Evacuate Collection Set: 0.28ms
[395.176s][info][gc,phases   ] GC(679)   Merge Heap Roots: 0.14ms
[395.176s][info][gc,phases   ] GC(679)   Evacuate Collection Set: 4.73ms
[395.176s][info][gc,phases   ] GC(679)   Post Evacuate Collection Set: 0.70ms
[395.176s][info][gc,phases   ] GC(679)   Other: 0.08ms
[395.176s][info][gc,heap     ] GC(679) Eden regions: 414->0(420)
[395.176s][info][gc,heap     ] GC(679) Survivor regions: 4->5(53)
[395.176s][info][gc,heap     ] GC(679) Old regions: 47->48
[395.176s][info][gc,heap     ] GC(679) Humongous regions: 207->207
[395.176s][info][gc,metaspace] GC(679) Metaspace: 57466K(57792K)->57466K(57792K) NonClass: 51847K(52096K)->51847K(52096K) Class: 5619K(5696K)->5619K(5696K)
[395.176s][info][gc          ] GC(679) Pause Young (Prepare Mixed) (G1 Evacuation Pause) 671M->258M(722M) 6.094ms
[395.176s][info][gc,cpu      ] GC(679) User=0.01s Sys=0.00s Real=0.01s
[396.182s][info][gc,start    ] GC(680) Pause Young (Mixed) (G1 Evacuation Pause)
[396.182s][info][gc,task     ] GC(680) Using 2 workers of 2 for evacuation
[396.188s][info][gc,phases   ] GC(680)   Pre Evacuate Collection Set: 0.27ms
[396.188s][info][gc,phases   ] GC(680)   Merge Heap Roots: 0.13ms
[396.188s][info][gc,phases   ] GC(680)   Evacuate Collection Set: 5.10ms
[396.188s][info][gc,phases   ] GC(680)   Post Evacuate Collection Set: 0.67ms
[396.188s][info][gc,phases   ] GC(680)   Other: 0.11ms
[396.188s][info][gc,heap     ] GC(680) Eden regions: 420->0(423)
[396.188s][info][gc,heap     ] GC(680) Survivor regions: 5->5(54)
[396.188s][info][gc,heap     ] GC(680) Old regions: 48->45
[396.188s][info][gc,heap     ] GC(680) Humongous regions: 207->207
[396.188s][info][gc,metaspace] GC(680) Metaspace: 57466K(57792K)->57466K(57792K) NonClass: 51847K(52096K)->51847K(52096K) Class: 5619K(5696K)->5619K(5696K)
[396.188s][info][gc          ] GC(680) Pause Young (Mixed) (G1 Evacuation Pause) 678M->255M(722M) 6.457ms
[396.188s][info][gc,cpu      ] GC(680) User=0.01s Sys=0.00s Real=0.00s
[397.222s][info][gc,start    ] GC(681) Pause Young (Concurrent Start) (G1 Evacuation Pause)
[397.222s][info][gc,task     ] GC(681) Using 2 workers of 2 for evacuation
[397.235s][info][gc,phases   ] GC(681)   Pre Evacuate Collection Set: 0.30ms
[397.235s][info][gc,phases   ] GC(681)   Merge Heap Roots: 0.14ms
[397.235s][info][gc,phases   ] GC(681)   Evacuate Collection Set: 11.51ms
[397.235s][info][gc,phases   ] GC(681)   Post Evacuate Collection Set: 0.78ms
[397.235s][info][gc,phases   ] GC(681)   Other: 0.12ms
[397.235s][info][gc,heap     ] GC(681) Eden regions: 423->0(401)
[397.235s][info][gc,heap     ] GC(681) Survivor regions: 5->16(54)
[397.235s][info][gc,heap     ] GC(681) Old regions: 45->45
[397.235s][info][gc,heap     ] GC(681) Humongous regions: 207->207
[397.235s][info][gc,metaspace] GC(681) Metaspace: 57466K(57792K)->57466K(57792K) NonClass: 51847K(52096K)->51847K(52096K) Class: 5619K(5696K)->5619K(5696K)
[397.235s][info][gc          ] GC(681) Pause Young (Concurrent Start) (G1 Evacuation Pause) 678M->267M(722M) 13.053ms
[397.235s][info][gc,cpu      ] GC(681) User=0.03s Sys=0.00s Real=0.01s
[397.235s][info][gc          ] GC(682) Concurrent Mark Cycle
[397.235s][info][gc,marking  ] GC(682) Concurrent Scan Root Regions
[397.243s][info][gc,marking  ] GC(682) Concurrent Scan Root Regions 8.178ms
[397.243s][info][gc,marking  ] GC(682) Concurrent Mark
[397.243s][info][gc,marking  ] GC(682) Concurrent Mark From Roots
[397.243s][info][gc,task     ] GC(682) Using 1 workers of 1 for marking
[397.309s][info][gc,marking  ] GC(682) Concurrent Mark From Roots 66.529ms
[397.310s][info][gc,marking  ] GC(682) Concurrent Preclean
[397.310s][info][gc,marking  ] GC(682) Concurrent Preclean 0.078ms
[397.310s][info][gc,start    ] GC(682) Pause Remark
[397.320s][info][gc          ] GC(682) Pause Remark 310M->310M(722M) 10.314ms
[397.320s][info][gc,cpu      ] GC(682) User=0.02s Sys=0.00s Real=0.01s
[397.320s][info][gc,marking  ] GC(682) Concurrent Mark 77.182ms
[397.320s][info][gc,marking  ] GC(682) Concurrent Rebuild Remembered Sets and Scrub Regions
[397.336s][info][gc,marking  ] GC(682) Concurrent Rebuild Remembered Sets and Scrub Regions 16.108ms
[397.336s][info][gc,start    ] GC(682) Pause Cleanup
[397.336s][info][gc          ] GC(682) Pause Cleanup 317M->317M(722M) 0.063ms
[397.336s][info][gc,cpu      ] GC(682) User=0.00s Sys=0.00s Real=0.00s
[397.337s][info][gc,marking  ] GC(682) Concurrent Clear Claimed Marks
[397.337s][info][gc,marking  ] GC(682) Concurrent Clear Claimed Marks 0.091ms
[397.337s][info][gc,marking  ] GC(682) Concurrent Cleanup for Next Mark
[397.339s][info][gc,marking  ] GC(682) Concurrent Cleanup for Next Mark 2.192ms
[397.339s][info][gc          ] GC(682) Concurrent Mark Cycle 104.109ms
[398.179s][info][gc,start    ] GC(683) Pause Young (Prepare Mixed) (G1 Evacuation Pause)
[398.179s][info][gc,task     ] GC(683) Using 2 workers of 2 for evacuation
[398.185s][info][gc,phases   ] GC(683)   Pre Evacuate Collection Set: 0.26ms
[398.185s][info][gc,phases   ] GC(683)   Merge Heap Roots: 0.14ms
[398.185s][info][gc,phases   ] GC(683)   Evacuate Collection Set: 5.44ms
[398.185s][info][gc,phases   ] GC(683)   Post Evacuate Collection Set: 0.73ms
[398.185s][info][gc,phases   ] GC(683)   Other: 0.08ms
[398.185s][info][gc,heap     ] GC(683) Eden regions: 401->0(411)
[398.185s][info][gc,heap     ] GC(683) Survivor regions: 16->11(53)
[398.185s][info][gc,heap     ] GC(683) Old regions: 45->45
[398.185s][info][gc,heap     ] GC(683) Humongous regions: 207->207
[398.185s][info][gc,metaspace] GC(683) Metaspace: 57466K(57792K)->57466K(57792K) NonClass: 51847K(52096K)->51847K(52096K) Class: 5619K(5696K)->5619K(5696K)
[398.185s][info][gc          ] GC(683) Pause Young (Prepare Mixed) (G1 Evacuation Pause) 668M->262M(722M) 6.833ms
[398.185s][info][gc,cpu      ] GC(683) User=0.01s Sys=0.00s Real=0.01s
[399.175s][info][gc,start    ] GC(684) Pause Young (Mixed) (G1 Evacuation Pause)
[399.175s][info][gc,task     ] GC(684) Using 2 workers of 2 for evacuation
[399.182s][info][gc,phases   ] GC(684)   Pre Evacuate Collection Set: 0.26ms
[399.182s][info][gc,phases   ] GC(684)   Merge Heap Roots: 0.13ms
[399.182s][info][gc,phases   ] GC(684)   Evacuate Collection Set: 6.07ms
[399.182s][info][gc,phases   ] GC(684)   Post Evacuate Collection Set: 0.77ms
[399.182s][info][gc,phases   ] GC(684)   Other: 0.11ms
[399.182s][info][gc,heap     ] GC(684) Eden regions: 411->0(411)
[399.182s][info][gc,heap     ] GC(684) Survivor regions: 11->12(53)
[399.182s][info][gc,heap     ] GC(684) Old regions: 45->43
[399.182s][info][gc,heap     ] GC(684) Humongous regions: 207->207
[399.182s][info][gc,metaspace] GC(684) Metaspace: 57466K(57792K)->57466K(57792K) NonClass: 51847K(52096K)->51847K(52096K) Class: 5619K(5696K)->5619K(5696K)
[399.182s][info][gc          ] GC(684) Pause Young (Mixed) (G1 Evacuation Pause) 673M->261M(722M) 7.525ms
[399.182s][info][gc,cpu      ] GC(684) User=0.02s Sys=0.00s Real=0.01s
[400.167s][info][gc,start    ] GC(685) Pause Young (Concurrent Start) (G1 Evacuation Pause)
[400.167s][info][gc,task     ] GC(685) Using 2 workers of 2 for evacuation
[400.175s][info][gc,phases   ] GC(685)   Pre Evacuate Collection Set: 0.29ms
[400.175s][info][gc,phases   ] GC(685)   Merge Heap Roots: 0.12ms
[400.175s][info][gc,phases   ] GC(685)   Evacuate Collection Set: 6.14ms
[400.175s][info][gc,phases   ] GC(685)   Post Evacuate Collection Set: 0.74ms
[400.175s][info][gc,phases   ] GC(685)   Other: 0.10ms
[400.175s][info][gc,heap     ] GC(685) Eden regions: 411->0(413)
[400.175s][info][gc,heap     ] GC(685) Survivor regions: 12->11(53)
[400.175s][info][gc,heap     ] GC(685) Old regions: 43->43
[400.175s][info][gc,heap     ] GC(685) Humongous regions: 207->207
[400.175s][info][gc,metaspace] GC(685) Metaspace: 57467K(57792K)->57467K(57792K) NonClass: 51847K(52096K)->51847K(52096K) Class: 5619K(5696K)->5619K(5696K)
[400.175s][info][gc          ] GC(685) Pause Young (Concurrent Start) (G1 Evacuation Pause) 672M->260M(722M) 7.553ms
[400.175s][info][gc,cpu      ] GC(685) User=0.01s Sys=0.00s Real=0.01s
[400.175s][info][gc          ] GC(686) Concurrent Mark Cycle
[400.175s][info][gc,marking  ] GC(686) Concurrent Scan Root Regions
[400.182s][info][gc,marking  ] GC(686) Concurrent Scan Root Regions 7.334ms
[400.182s][info][gc,marking  ] GC(686) Concurrent Mark
[400.182s][info][gc,marking  ] GC(686) Concurrent Mark From Roots
[400.182s][info][gc,task     ] GC(686) Using 1 workers of 1 for marking
[400.230s][info][gc,marking  ] GC(686) Concurrent Mark From Roots 47.212ms
[400.230s][info][gc,marking  ] GC(686) Concurrent Preclean
[400.230s][info][gc,marking  ] GC(686) Concurrent Preclean 0.075ms
[400.233s][info][gc,start    ] GC(686) Pause Remark
[400.261s][info][gc          ] GC(686) Pause Remark 278M->278M(722M) 27.782ms
[400.261s][info][gc,cpu      ] GC(686) User=0.03s Sys=0.00s Real=0.02s
[400.261s][info][gc,marking  ] GC(686) Concurrent Mark 78.416ms
[400.261s][info][gc,marking  ] GC(686) Concurrent Rebuild Remembered Sets and Scrub Regions
[400.287s][info][gc,marking  ] GC(686) Concurrent Rebuild Remembered Sets and Scrub Regions 26.525ms
[400.288s][info][gc,start    ] GC(686) Pause Cleanup
[400.288s][info][gc          ] GC(686) Pause Cleanup 278M->278M(722M) 0.075ms
[400.288s][info][gc,cpu      ] GC(686) User=0.00s Sys=0.00s Real=0.00s
[400.288s][info][gc,marking  ] GC(686) Concurrent Clear Claimed Marks
[400.288s][info][gc,marking  ] GC(686) Concurrent Clear Claimed Marks 0.101ms
[400.288s][info][gc,marking  ] GC(686) Concurrent Cleanup for Next Mark
[400.290s][info][gc,marking  ] GC(686) Concurrent Cleanup for Next Mark 2.163ms
[400.290s][info][gc          ] GC(686) Concurrent Mark Cycle 115.439ms
[401.171s][info][gc,start    ] GC(687) Pause Young (Prepare Mixed) (G1 Evacuation Pause)
[401.171s][info][gc,task     ] GC(687) Using 2 workers of 2 for evacuation
[401.179s][info][gc,phases   ] GC(687)   Pre Evacuate Collection Set: 0.27ms
[401.179s][info][gc,phases   ] GC(687)   Merge Heap Roots: 0.14ms
[401.179s][info][gc,phases   ] GC(687)   Evacuate Collection Set: 6.59ms
[401.179s][info][gc,phases   ] GC(687)   Post Evacuate Collection Set: 0.74ms
[401.179s][info][gc,phases   ] GC(687)   Other: 0.11ms
[401.179s][info][gc,heap     ] GC(687) Eden regions: 413->0(411)
[401.179s][info][gc,heap     ] GC(687) Survivor regions: 11->12(53)
[401.179s][info][gc,heap     ] GC(687) Old regions: 43->43
[401.179s][info][gc,heap     ] GC(687) Humongous regions: 207->207
[401.179s][info][gc,metaspace] GC(687) Metaspace: 57467K(57792K)->57467K(57792K) NonClass: 51847K(52096K)->51847K(52096K) Class: 5619K(5696K)->5619K(5696K)
[401.179s][info][gc          ] GC(687) Pause Young (Prepare Mixed) (G1 Evacuation Pause) 673M->261M(722M) 8.027ms
[401.179s][info][gc,cpu      ] GC(687) User=0.01s Sys=0.00s Real=0.01s
[402.180s][info][gc,start    ] GC(688) Pause Young (Mixed) (G1 Evacuation Pause)
[402.180s][info][gc,task     ] GC(688) Using 2 workers of 2 for evacuation
[402.187s][info][gc,phases   ] GC(688)   Pre Evacuate Collection Set: 0.26ms
[402.187s][info][gc,phases   ] GC(688)   Merge Heap Roots: 0.13ms
[402.187s][info][gc,phases   ] GC(688)   Evacuate Collection Set: 5.90ms
[402.187s][info][gc,phases   ] GC(688)   Post Evacuate Collection Set: 0.73ms
[402.187s][info][gc,phases   ] GC(688)   Other: 0.10ms
[402.187s][info][gc,heap     ] GC(688) Eden regions: 411->0(415)
[402.187s][info][gc,heap     ] GC(688) Survivor regions: 12->11(53)
[402.187s][info][gc,heap     ] GC(688) Old regions: 43->41
[402.187s][info][gc,heap     ] GC(688) Humongous regions: 207->207
[402.187s][info][gc,metaspace] GC(688) Metaspace: 57467K(57792K)->57467K(57792K) NonClass: 51847K(52096K)->51847K(52096K) Class: 5619K(5696K)->5619K(5696K)
[402.187s][info][gc          ] GC(688) Pause Young (Mixed) (G1 Evacuation Pause) 672M->258M(722M) 7.297ms
[402.187s][info][gc,cpu      ] GC(688) User=0.02s Sys=0.00s Real=0.01s
[403.190s][info][gc,start    ] GC(689) Pause Young (Normal) (G1 Evacuation Pause)
[403.190s][info][gc,task     ] GC(689) Using 2 workers of 2 for evacuation
[403.195s][info][gc,phases   ] GC(689)   Pre Evacuate Collection Set: 0.27ms
[403.195s][info][gc,phases   ] GC(689)   Merge Heap Roots: 0.13ms
[403.195s][info][gc,phases   ] GC(689)   Evacuate Collection Set: 3.76ms
[403.195s][info][gc,phases   ] GC(689)   Post Evacuate Collection Set: 0.72ms
[403.195s][info][gc,phases   ] GC(689)   Other: 0.11ms
[403.195s][info][gc,heap     ] GC(689) Eden regions: 415->0(417)
[403.195s][info][gc,heap     ] GC(689) Survivor regions: 11->10(54)
[403.195s][info][gc,heap     ] GC(689) Old regions: 41->41
[403.195s][info][gc,heap     ] GC(689) Humongous regions: 207->207
[403.195s][info][gc,metaspace] GC(689) Metaspace: 57467K(57792K)->57467K(57792K) NonClass: 51847K(52096K)->51847K(52096K) Class: 5619K(5696K)->5619K(5696K)
[403.195s][info][gc          ] GC(689) Pause Young (Normal) (G1 Evacuation Pause) 673M->257M(722M) 5.170ms
[403.195s][info][gc,cpu      ] GC(689) User=0.01s Sys=0.00s Real=0.01s
[404.251s][info][gc,start    ] GC(690) Pause Young (Normal) (G1 Evacuation Pause)
[404.251s][info][gc,task     ] GC(690) Using 2 workers of 2 for evacuation
[404.255s][info][gc,phases   ] GC(690)   Pre Evacuate Collection Set: 0.25ms
[404.256s][info][gc,phases   ] GC(690)   Merge Heap Roots: 0.12ms
[404.256s][info][gc,phases   ] GC(690)   Evacuate Collection Set: 2.97ms
[404.256s][info][gc,phases   ] GC(690)   Post Evacuate Collection Set: 0.71ms
[404.256s][info][gc,phases   ] GC(690)   Other: 0.10ms
[404.256s][info][gc,heap     ] GC(690) Eden regions: 417->0(420)
[404.256s][info][gc,heap     ] GC(690) Survivor regions: 10->8(54)
[404.256s][info][gc,heap     ] GC(690) Old regions: 41->42
[404.256s][info][gc,heap     ] GC(690) Humongous regions: 207->207
[404.256s][info][gc,metaspace] GC(690) Metaspace: 57467K(57792K)->57467K(57792K) NonClass: 51847K(52096K)->51847K(52096K) Class: 5619K(5696K)->5619K(5696K)
[404.256s][info][gc          ] GC(690) Pause Young (Normal) (G1 Evacuation Pause) 674M->256M(722M) 4.332ms
[404.256s][info][gc,cpu      ] GC(690) User=0.01s Sys=0.00s Real=0.00s
[405.308s][info][gc,start    ] GC(691) Pause Young (Normal) (G1 Evacuation Pause)
[405.309s][info][gc,task     ] GC(691) Using 2 workers of 2 for evacuation
[405.319s][info][gc,phases   ] GC(691)   Pre Evacuate Collection Set: 0.28ms
[405.319s][info][gc,phases   ] GC(691)   Merge Heap Roots: 0.16ms
[405.319s][info][gc,phases   ] GC(691)   Evacuate Collection Set: 9.44ms
[405.319s][info][gc,phases   ] GC(691)   Post Evacuate Collection Set: 0.74ms
[405.319s][info][gc,phases   ] GC(691)   Other: 0.11ms
[405.319s][info][gc,heap     ] GC(691) Eden regions: 420->0(418)
[405.319s][info][gc,heap     ] GC(691) Survivor regions: 8->9(54)
[405.319s][info][gc,heap     ] GC(691) Old regions: 42->42
[405.319s][info][gc,heap     ] GC(691) Humongous regions: 207->207
[405.319s][info][gc,metaspace] GC(691) Metaspace: 57467K(57792K)->57467K(57792K) NonClass: 51847K(52096K)->51847K(52096K) Class: 5619K(5696K)->5619K(5696K)
[405.319s][info][gc          ] GC(691) Pause Young (Normal) (G1 Evacuation Pause) 676M->257M(722M) 10.914ms
[405.319s][info][gc,cpu      ] GC(691) User=0.02s Sys=0.00s Real=0.01s
[406.271s][info][gc,start    ] GC(692) Pause Young (Normal) (G1 Evacuation Pause)
[406.271s][info][gc,task     ] GC(692) Using 2 workers of 2 for evacuation
[406.277s][info][gc,phases   ] GC(692)   Pre Evacuate Collection Set: 0.27ms
[406.277s][info][gc,phases   ] GC(692)   Merge Heap Roots: 0.14ms
[406.277s][info][gc,phases   ] GC(692)   Evacuate Collection Set: 5.06ms
[406.277s][info][gc,phases   ] GC(692)   Post Evacuate Collection Set: 0.74ms
[406.277s][info][gc,phases   ] GC(692)   Other: 0.08ms
[406.277s][info][gc,heap     ] GC(692) Eden regions: 418->0(416)
[406.277s][info][gc,heap     ] GC(692) Survivor regions: 9->10(54)
[406.277s][info][gc,heap     ] GC(692) Old regions: 42->42
[406.277s][info][gc,heap     ] GC(692) Humongous regions: 207->207
[406.277s][info][gc,metaspace] GC(692) Metaspace: 57467K(57792K)->57467K(57792K) NonClass: 51847K(52096K)->51847K(52096K) Class: 5619K(5696K)->5619K(5696K)
[406.277s][info][gc          ] GC(692) Pause Young (Normal) (G1 Evacuation Pause) 675M->258M(722M) 6.466ms
[406.277s][info][gc,cpu      ] GC(692) User=0.01s Sys=0.00s Real=0.01s
[407.280s][info][gc,start    ] GC(693) Pause Young (Normal) (G1 Evacuation Pause)
[407.281s][info][gc,task     ] GC(693) Using 2 workers of 2 for evacuation
[407.288s][info][gc,phases   ] GC(693)   Pre Evacuate Collection Set: 0.27ms
[407.288s][info][gc,phases   ] GC(693)   Merge Heap Roots: 0.13ms
[407.288s][info][gc,phases   ] GC(693)   Evacuate Collection Set: 6.53ms
[407.288s][info][gc,phases   ] GC(693)   Post Evacuate Collection Set: 0.73ms
[407.288s][info][gc,phases   ] GC(693)   Other: 0.10ms
[407.288s][info][gc,heap     ] GC(693) Eden regions: 416->0(414)
[407.288s][info][gc,heap     ] GC(693) Survivor regions: 10->11(54)
[407.288s][info][gc,heap     ] GC(693) Old regions: 42->42
[407.288s][info][gc,heap     ] GC(693) Humongous regions: 207->207
[407.288s][info][gc,metaspace] GC(693) Metaspace: 57467K(57792K)->57467K(57792K) NonClass: 51847K(52096K)->51847K(52096K) Class: 5619K(5696K)->5619K(5696K)
[407.288s][info][gc          ] GC(693) Pause Young (Normal) (G1 Evacuation Pause) 674M->259M(722M) 7.941ms
[407.288s][info][gc,cpu      ] GC(693) User=0.01s Sys=0.00s Real=0.01s
[408.350s][info][gc,start    ] GC(694) Pause Young (Normal) (G1 Evacuation Pause)
[408.350s][info][gc,task     ] GC(694) Using 2 workers of 2 for evacuation
[408.371s][info][gc,phases   ] GC(694)   Pre Evacuate Collection Set: 0.73ms
[408.371s][info][gc,phases   ] GC(694)   Merge Heap Roots: 3.09ms
[408.371s][info][gc,phases   ] GC(694)   Evacuate Collection Set: 16.31ms
[408.371s][info][gc,phases   ] GC(694)   Post Evacuate Collection Set: 0.81ms
[408.371s][info][gc,phases   ] GC(694)   Other: 0.11ms
[408.371s][info][gc,heap     ] GC(694) Eden regions: 414->0(414)
[408.371s][info][gc,heap     ] GC(694) Survivor regions: 11->11(54)
[408.371s][info][gc,heap     ] GC(694) Old regions: 42->42
[408.371s][info][gc,heap     ] GC(694) Humongous regions: 207->207
[408.371s][info][gc,metaspace] GC(694) Metaspace: 57470K(57792K)->57470K(57792K) NonClass: 51850K(52096K)->51850K(52096K) Class: 5619K(5696K)->5619K(5696K)
[408.372s][info][gc          ] GC(694) Pause Young (Normal) (G1 Evacuation Pause) 673M->259M(722M) 21.236ms
[408.372s][info][gc,cpu      ] GC(694) User=0.02s Sys=0.00s Real=0.03s
[409.376s][info][gc,start    ] GC(695) Pause Young (Normal) (G1 Evacuation Pause)
[409.376s][info][gc,task     ] GC(695) Using 2 workers of 2 for evacuation
[409.384s][info][gc,phases   ] GC(695)   Pre Evacuate Collection Set: 0.44ms
[409.384s][info][gc,phases   ] GC(695)   Merge Heap Roots: 0.21ms
[409.384s][info][gc,phases   ] GC(695)   Evacuate Collection Set: 6.50ms
[409.384s][info][gc,phases   ] GC(695)   Post Evacuate Collection Set: 0.73ms
[409.384s][info][gc,phases   ] GC(695)   Other: 0.08ms
[409.384s][info][gc,heap     ] GC(695) Eden regions: 414->0(416)
[409.384s][info][gc,heap     ] GC(695) Survivor regions: 11->10(54)
[409.384s][info][gc,heap     ] GC(695) Old regions: 42->42
[409.384s][info][gc,heap     ] GC(695) Humongous regions: 207->207
[409.384s][info][gc,metaspace] GC(695) Metaspace: 57471K(57792K)->57471K(57792K) NonClass: 51852K(52096K)->51852K(52096K) Class: 5619K(5696K)->5619K(5696K)
[409.384s][info][gc          ] GC(695) Pause Young (Normal) (G1 Evacuation Pause) 673M->258M(722M) 8.152ms
[409.384s][info][gc,cpu      ] GC(695) User=0.01s Sys=0.00s Real=0.01s
[410.388s][info][gc,start    ] GC(696) Pause Young (Normal) (G1 Evacuation Pause)
[410.388s][info][gc,task     ] GC(696) Using 2 workers of 2 for evacuation
[410.394s][info][gc,phases   ] GC(696)   Pre Evacuate Collection Set: 0.26ms
[410.394s][info][gc,phases   ] GC(696)   Merge Heap Roots: 0.14ms
[410.394s][info][gc,phases   ] GC(696)   Evacuate Collection Set: 4.75ms
[410.394s][info][gc,phases   ] GC(696)   Post Evacuate Collection Set: 0.72ms
[410.394s][info][gc,phases   ] GC(696)   Other: 0.08ms
[410.394s][info][gc,heap     ] GC(696) Eden regions: 416->0(415)
[410.394s][info][gc,heap     ] GC(696) Survivor regions: 10->10(54)
[410.394s][info][gc,heap     ] GC(696) Old regions: 42->43
[410.394s][info][gc,heap     ] GC(696) Humongous regions: 207->207
[410.394s][info][gc,metaspace] GC(696) Metaspace: 57471K(57792K)->57471K(57792K) NonClass: 51852K(52096K)->51852K(52096K) Class: 5619K(5696K)->5619K(5696K)
[410.394s][info][gc          ] GC(696) Pause Young (Normal) (G1 Evacuation Pause) 674M->258M(722M) 6.135ms
[410.394s][info][gc,cpu      ] GC(696) User=0.01s Sys=0.00s Real=0.01s
[411.387s][info][gc,start    ] GC(697) Pause Young (Normal) (G1 Evacuation Pause)
[411.388s][info][gc,task     ] GC(697) Using 2 workers of 2 for evacuation
[411.392s][info][gc,phases   ] GC(697)   Pre Evacuate Collection Set: 0.27ms
[411.392s][info][gc,phases   ] GC(697)   Merge Heap Roots: 0.13ms
[411.392s][info][gc,phases   ] GC(697)   Evacuate Collection Set: 3.58ms
[411.392s][info][gc,phases   ] GC(697)   Post Evacuate Collection Set: 0.73ms
[411.392s][info][gc,phases   ] GC(697)   Other: 0.10ms
[411.392s][info][gc,heap     ] GC(697) Eden regions: 415->0(419)
[411.392s][info][gc,heap     ] GC(697) Survivor regions: 10->8(54)
[411.392s][info][gc,heap     ] GC(697) Old regions: 43->43
[411.392s][info][gc,heap     ] GC(697) Humongous regions: 207->207
[411.392s][info][gc,metaspace] GC(697) Metaspace: 57471K(57792K)->57471K(57792K) NonClass: 51852K(52096K)->51852K(52096K) Class: 5619K(5696K)->5619K(5696K)
[411.392s][info][gc          ] GC(697) Pause Young (Normal) (G1 Evacuation Pause) 673M->257M(722M) 4.971ms
[411.392s][info][gc,cpu      ] GC(697) User=0.01s Sys=0.00s Real=0.01s
[412.461s][info][gc,start    ] GC(698) Pause Young (Normal) (G1 Evacuation Pause)
[412.461s][info][gc,task     ] GC(698) Using 2 workers of 2 for evacuation
[412.466s][info][gc,phases   ] GC(698)   Pre Evacuate Collection Set: 0.26ms
[412.466s][info][gc,phases   ] GC(698)   Merge Heap Roots: 0.15ms
[412.466s][info][gc,phases   ] GC(698)   Evacuate Collection Set: 4.29ms
[412.466s][info][gc,phases   ] GC(698)   Post Evacuate Collection Set: 0.72ms
[412.466s][info][gc,phases   ] GC(698)   Other: 0.08ms
[412.466s][info][gc,heap     ] GC(698) Eden regions: 419->0(423)
[412.466s][info][gc,heap     ] GC(698) Survivor regions: 8->3(54)
[412.466s][info][gc,heap     ] GC(698) Old regions: 43->49
[412.466s][info][gc,heap     ] GC(698) Humongous regions: 207->207
[412.466s][info][gc,metaspace] GC(698) Metaspace: 57471K(57792K)->57471K(57792K) NonClass: 51852K(52096K)->51852K(52096K) Class: 5619K(5696K)->5619K(5696K)
[412.466s][info][gc          ] GC(698) Pause Young (Normal) (G1 Evacuation Pause) 676M->258M(722M) 5.665ms
[412.466s][info][gc,cpu      ] GC(698) User=0.01s Sys=0.00s Real=0.01s
[413.467s][info][gc,start    ] GC(699) Pause Young (Concurrent Start) (G1 Evacuation Pause)
[413.467s][info][gc,task     ] GC(699) Using 2 workers of 2 for evacuation
[413.474s][info][gc,phases   ] GC(699)   Pre Evacuate Collection Set: 0.27ms
[413.474s][info][gc,phases   ] GC(699)   Merge Heap Roots: 0.13ms
[413.474s][info][gc,phases   ] GC(699)   Evacuate Collection Set: 5.40ms
[413.474s][info][gc,phases   ] GC(699)   Post Evacuate Collection Set: 0.69ms
[413.474s][info][gc,phases   ] GC(699)   Other: 0.11ms
[413.474s][info][gc,heap     ] GC(699) Eden regions: 423->0(421)
[413.474s][info][gc,heap     ] GC(699) Survivor regions: 3->4(54)
[413.474s][info][gc,heap     ] GC(699) Old regions: 49->49
[413.474s][info][gc,heap     ] GC(699) Humongous regions: 207->207
[413.474s][info][gc,metaspace] GC(699) Metaspace: 57471K(57792K)->57471K(57792K) NonClass: 51852K(52096K)->51852K(52096K) Class: 5619K(5696K)->5619K(5696K)
[413.474s][info][gc          ] GC(699) Pause Young (Concurrent Start) (G1 Evacuation Pause) 681M->259M(722M) 6.784ms
[413.474s][info][gc,cpu      ] GC(699) User=0.01s Sys=0.00s Real=0.01s
[413.474s][info][gc          ] GC(700) Concurrent Mark Cycle
[413.474s][info][gc,marking  ] GC(700) Concurrent Scan Root Regions
[413.483s][info][gc,marking  ] GC(700) Concurrent Scan Root Regions 9.415ms
[413.483s][info][gc,marking  ] GC(700) Concurrent Mark
[413.483s][info][gc,marking  ] GC(700) Concurrent Mark From Roots
[413.483s][info][gc,task     ] GC(700) Using 1 workers of 1 for marking
[413.532s][info][gc,marking  ] GC(700) Concurrent Mark From Roots 49.061ms
[413.533s][info][gc,marking  ] GC(700) Concurrent Preclean
[413.533s][info][gc,marking  ] GC(700) Concurrent Preclean 0.094ms
[413.533s][info][gc,start    ] GC(700) Pause Remark
[413.543s][info][gc          ] GC(700) Pause Remark 281M->281M(722M) 10.249ms
[413.543s][info][gc,cpu      ] GC(700) User=0.02s Sys=0.00s Real=0.01s
[413.543s][info][gc,marking  ] GC(700) Concurrent Mark 59.777ms
[413.543s][info][gc,marking  ] GC(700) Concurrent Rebuild Remembered Sets and Scrub Regions
[413.562s][info][gc,marking  ] GC(700) Concurrent Rebuild Remembered Sets and Scrub Regions 19.295ms
[413.563s][info][gc,start    ] GC(700) Pause Cleanup
[413.563s][info][gc          ] GC(700) Pause Cleanup 289M->289M(722M) 0.068ms
[413.563s][info][gc,cpu      ] GC(700) User=0.00s Sys=0.00s Real=0.00s
[413.563s][info][gc,marking  ] GC(700) Concurrent Clear Claimed Marks
[413.563s][info][gc,marking  ] GC(700) Concurrent Clear Claimed Marks 0.082ms
[413.563s][info][gc,marking  ] GC(700) Concurrent Cleanup for Next Mark
[413.565s][info][gc,marking  ] GC(700) Concurrent Cleanup for Next Mark 2.091ms
[413.565s][info][gc          ] GC(700) Concurrent Mark Cycle 91.077ms
[414.514s][info][gc,start    ] GC(701) Pause Young (Prepare Mixed) (G1 Evacuation Pause)
[414.514s][info][gc,task     ] GC(701) Using 2 workers of 2 for evacuation
[414.520s][info][gc,phases   ] GC(701)   Pre Evacuate Collection Set: 0.26ms
[414.520s][info][gc,phases   ] GC(701)   Merge Heap Roots: 0.16ms
[414.520s][info][gc,phases   ] GC(701)   Evacuate Collection Set: 5.20ms
[414.520s][info][gc,phases   ] GC(701)   Post Evacuate Collection Set: 0.73ms
[414.520s][info][gc,phases   ] GC(701)   Other: 0.08ms
[414.520s][info][gc,heap     ] GC(701) Eden regions: 421->0(421)
[414.520s][info][gc,heap     ] GC(701) Survivor regions: 4->4(54)
[414.520s][info][gc,heap     ] GC(701) Old regions: 49->49
[414.520s][info][gc,heap     ] GC(701) Humongous regions: 207->207
[414.520s][info][gc,metaspace] GC(701) Metaspace: 57471K(57792K)->57471K(57792K) NonClass: 51852K(52096K)->51852K(52096K) Class: 5619K(5696K)->5619K(5696K)
[414.520s][info][gc          ] GC(701) Pause Young (Prepare Mixed) (G1 Evacuation Pause) 680M->259M(722M) 6.604ms
[414.520s][info][gc,cpu      ] GC(701) User=0.01s Sys=0.00s Real=0.00s
[415.549s][info][gc,start    ] GC(702) Pause Young (Mixed) (G1 Evacuation Pause)
[415.549s][info][gc,task     ] GC(702) Using 2 workers of 2 for evacuation
[415.564s][info][gc,phases   ] GC(702)   Pre Evacuate Collection Set: 2.26ms
[415.564s][info][gc,phases   ] GC(702)   Merge Heap Roots: 0.18ms
[415.564s][info][gc,phases   ] GC(702)   Evacuate Collection Set: 11.21ms
[415.564s][info][gc,phases   ] GC(702)   Post Evacuate Collection Set: 1.05ms
[415.564s][info][gc,phases   ] GC(702)   Other: 0.09ms
[415.564s][info][gc,heap     ] GC(702) Eden regions: 421->0(427)
[415.564s][info][gc,heap     ] GC(702) Survivor regions: 4->2(54)
[415.564s][info][gc,heap     ] GC(702) Old regions: 49->47
[415.564s][info][gc,heap     ] GC(702) Humongous regions: 207->207
[415.564s][info][gc,metaspace] GC(702) Metaspace: 57471K(57792K)->57471K(57792K) NonClass: 51852K(52096K)->51852K(52096K) Class: 5619K(5696K)->5619K(5696K)
[415.564s][info][gc          ] GC(702) Pause Young (Mixed) (G1 Evacuation Pause) 680M->255M(722M) 14.967ms
[415.564s][info][gc,cpu      ] GC(702) User=0.01s Sys=0.00s Real=0.02s
[416.564s][info][gc,start    ] GC(703) Pause Young (Concurrent Start) (G1 Evacuation Pause)
[416.564s][info][gc,task     ] GC(703) Using 2 workers of 2 for evacuation
[416.569s][info][gc,phases   ] GC(703)   Pre Evacuate Collection Set: 0.31ms
[416.569s][info][gc,phases   ] GC(703)   Merge Heap Roots: 0.13ms
[416.569s][info][gc,phases   ] GC(703)   Evacuate Collection Set: 3.74ms
[416.569s][info][gc,phases   ] GC(703)   Post Evacuate Collection Set: 0.71ms
[416.569s][info][gc,phases   ] GC(703)   Other: 0.13ms
[416.569s][info][gc,heap     ] GC(703) Eden regions: 427->0(425)
[416.569s][info][gc,heap     ] GC(703) Survivor regions: 2->3(54)
[416.569s][info][gc,heap     ] GC(703) Old regions: 47->47
[416.569s][info][gc,heap     ] GC(703) Humongous regions: 207->207
[416.569s][info][gc,metaspace] GC(703) Metaspace: 57471K(57792K)->57471K(57792K) NonClass: 51852K(52096K)->51852K(52096K) Class: 5619K(5696K)->5619K(5696K)
[416.569s][info][gc          ] GC(703) Pause Young (Concurrent Start) (G1 Evacuation Pause) 682M->256M(722M) 5.224ms
[416.569s][info][gc,cpu      ] GC(703) User=0.01s Sys=0.01s Real=0.00s
[416.569s][info][gc          ] GC(704) Concurrent Mark Cycle
[416.569s][info][gc,marking  ] GC(704) Concurrent Scan Root Regions
[416.572s][info][gc,marking  ] GC(704) Concurrent Scan Root Regions 3.381ms
[416.573s][info][gc,marking  ] GC(704) Concurrent Mark
[416.573s][info][gc,marking  ] GC(704) Concurrent Mark From Roots
[416.573s][info][gc,task     ] GC(704) Using 1 workers of 1 for marking
[416.623s][info][gc,marking  ] GC(704) Concurrent Mark From Roots 50.832ms
[416.623s][info][gc,marking  ] GC(704) Concurrent Preclean
[416.623s][info][gc,marking  ] GC(704) Concurrent Preclean 0.073ms
[416.624s][info][gc,start    ] GC(704) Pause Remark
[416.634s][info][gc          ] GC(704) Pause Remark 285M->285M(722M) 9.977ms
[416.634s][info][gc,cpu      ] GC(704) User=0.02s Sys=0.00s Real=0.01s
[416.634s][info][gc,marking  ] GC(704) Concurrent Mark 61.188ms
[416.634s][info][gc,marking  ] GC(704) Concurrent Rebuild Remembered Sets and Scrub Regions
[416.649s][info][gc,marking  ] GC(704) Concurrent Rebuild Remembered Sets and Scrub Regions 15.516ms
[416.649s][info][gc,start    ] GC(704) Pause Cleanup
[416.649s][info][gc          ] GC(704) Pause Cleanup 285M->285M(722M) 0.053ms
[416.649s][info][gc,cpu      ] GC(704) User=0.01s Sys=0.00s Real=0.00s
[416.649s][info][gc,marking  ] GC(704) Concurrent Clear Claimed Marks
[416.649s][info][gc,marking  ] GC(704) Concurrent Clear Claimed Marks 0.075ms
[416.649s][info][gc,marking  ] GC(704) Concurrent Cleanup for Next Mark
[416.654s][info][gc,marking  ] GC(704) Concurrent Cleanup for Next Mark 4.104ms
[416.654s][info][gc          ] GC(704) Concurrent Mark Cycle 84.520ms
[417.584s][info][gc,start    ] GC(705) Pause Young (Prepare Mixed) (G1 Evacuation Pause)
[417.585s][info][gc,task     ] GC(705) Using 2 workers of 2 for evacuation
[417.590s][info][gc,phases   ] GC(705)   Pre Evacuate Collection Set: 0.29ms
[417.590s][info][gc,phases   ] GC(705)   Merge Heap Roots: 0.14ms
[417.590s][info][gc,phases   ] GC(705)   Evacuate Collection Set: 4.48ms
[417.590s][info][gc,phases   ] GC(705)   Post Evacuate Collection Set: 0.69ms
[417.590s][info][gc,phases   ] GC(705)   Other: 0.10ms
[417.590s][info][gc,heap     ] GC(705) Eden regions: 425->0(425)
[417.590s][info][gc,heap     ] GC(705) Survivor regions: 3->3(54)
[417.590s][info][gc,heap     ] GC(705) Old regions: 47->47
[417.590s][info][gc,heap     ] GC(705) Humongous regions: 207->207
[417.590s][info][gc,metaspace] GC(705) Metaspace: 57471K(57792K)->57471K(57792K) NonClass: 51852K(52096K)->51852K(52096K) Class: 5619K(5696K)->5619K(5696K)
[417.590s][info][gc          ] GC(705) Pause Young (Prepare Mixed) (G1 Evacuation Pause) 681M->256M(722M) 5.865ms
[417.590s][info][gc,cpu      ] GC(705) User=0.01s Sys=0.00s Real=0.00s
[418.664s][info][gc,start    ] GC(706) Pause Young (Mixed) (G1 Evacuation Pause)
[418.664s][info][gc,task     ] GC(706) Using 2 workers of 2 for evacuation
[418.669s][info][gc,phases   ] GC(706)   Pre Evacuate Collection Set: 0.27ms
[418.669s][info][gc,phases   ] GC(706)   Merge Heap Roots: 0.13ms
[418.669s][info][gc,phases   ] GC(706)   Evacuate Collection Set: 3.71ms
[418.669s][info][gc,phases   ] GC(706)   Post Evacuate Collection Set: 0.68ms
[418.669s][info][gc,phases   ] GC(706)   Other: 0.09ms
[418.669s][info][gc,heap     ] GC(706) Eden regions: 425->0(426)
[418.669s][info][gc,heap     ] GC(706) Survivor regions: 3->3(54)
[418.669s][info][gc,heap     ] GC(706) Old regions: 47->46
[418.669s][info][gc,heap     ] GC(706) Humongous regions: 207->207
[418.669s][info][gc,metaspace] GC(706) Metaspace: 57471K(57792K)->57471K(57792K) NonClass: 51852K(52096K)->51852K(52096K) Class: 5619K(5696K)->5619K(5696K)
[418.669s][info][gc          ] GC(706) Pause Young (Mixed) (G1 Evacuation Pause) 681M->254M(722M) 5.072ms
[418.669s][info][gc,cpu      ] GC(706) User=0.01s Sys=0.00s Real=0.00s
[419.822s][info][gc,start    ] GC(707) Pause Young (Concurrent Start) (G1 Evacuation Pause)
[419.822s][info][gc,task     ] GC(707) Using 2 workers of 2 for evacuation
[419.831s][info][gc,phases   ] GC(707)   Pre Evacuate Collection Set: 0.35ms
[419.832s][info][gc,phases   ] GC(707)   Merge Heap Roots: 0.12ms
[419.832s][info][gc,phases   ] GC(707)   Evacuate Collection Set: 7.92ms
[419.832s][info][gc,phases   ] GC(707)   Post Evacuate Collection Set: 0.71ms
[419.832s][info][gc,phases   ] GC(707)   Other: 0.16ms
[419.832s][info][gc,heap     ] GC(707) Eden regions: 426->0(426)
[419.832s][info][gc,heap     ] GC(707) Survivor regions: 3->3(54)
[419.832s][info][gc,heap     ] GC(707) Old regions: 46->46
[419.832s][info][gc,heap     ] GC(707) Humongous regions: 207->207
[419.832s][info][gc,metaspace] GC(707) Metaspace: 57471K(57792K)->57471K(57792K) NonClass: 51852K(52096K)->51852K(52096K) Class: 5619K(5696K)->5619K(5696K)
[419.832s][info][gc          ] GC(707) Pause Young (Concurrent Start) (G1 Evacuation Pause) 680M->255M(722M) 9.444ms
[419.832s][info][gc,cpu      ] GC(707) User=0.01s Sys=0.00s Real=0.01s
[419.832s][info][gc          ] GC(708) Concurrent Mark Cycle
[419.832s][info][gc,marking  ] GC(708) Concurrent Scan Root Regions
[419.835s][info][gc,marking  ] GC(708) Concurrent Scan Root Regions 3.168ms
[419.835s][info][gc,marking  ] GC(708) Concurrent Mark
[419.835s][info][gc,marking  ] GC(708) Concurrent Mark From Roots
[419.835s][info][gc,task     ] GC(708) Using 1 workers of 1 for marking
[419.905s][info][gc,marking  ] GC(708) Concurrent Mark From Roots 70.337ms
[419.905s][info][gc,marking  ] GC(708) Concurrent Preclean
[419.905s][info][gc,marking  ] GC(708) Concurrent Preclean 0.069ms
[419.905s][info][gc,start    ] GC(708) Pause Remark
[419.915s][info][gc          ] GC(708) Pause Remark 301M->301M(722M) 9.961ms
[419.915s][info][gc,cpu      ] GC(708) User=0.02s Sys=0.00s Real=0.01s
[419.916s][info][gc,marking  ] GC(708) Concurrent Mark 80.658ms
[419.916s][info][gc,marking  ] GC(708) Concurrent Rebuild Remembered Sets and Scrub Regions
[419.934s][info][gc,marking  ] GC(708) Concurrent Rebuild Remembered Sets and Scrub Regions 18.180ms
[419.934s][info][gc,start    ] GC(708) Pause Cleanup
[419.934s][info][gc          ] GC(708) Pause Cleanup 309M->309M(722M) 0.080ms
[419.934s][info][gc,cpu      ] GC(708) User=0.00s Sys=0.00s Real=0.00s
[419.934s][info][gc,marking  ] GC(708) Concurrent Clear Claimed Marks
[419.934s][info][gc,marking  ] GC(708) Concurrent Clear Claimed Marks 0.106ms
[419.934s][info][gc,marking  ] GC(708) Concurrent Cleanup for Next Mark
[419.936s][info][gc,marking  ] GC(708) Concurrent Cleanup for Next Mark 2.158ms
[419.936s][info][gc          ] GC(708) Concurrent Mark Cycle 104.708ms
[420.856s][info][gc,start    ] GC(709) Pause Young (Prepare Mixed) (G1 Evacuation Pause)
[420.856s][info][gc,task     ] GC(709) Using 2 workers of 2 for evacuation
[420.860s][info][gc,phases   ] GC(709)   Pre Evacuate Collection Set: 0.25ms
[420.860s][info][gc,phases   ] GC(709)   Merge Heap Roots: 0.16ms
[420.860s][info][gc,phases   ] GC(709)   Evacuate Collection Set: 2.82ms
[420.860s][info][gc,phases   ] GC(709)   Post Evacuate Collection Set: 0.71ms
[420.860s][info][gc,phases   ] GC(709)   Other: 0.08ms
[420.860s][info][gc,heap     ] GC(709) Eden regions: 426->0(428)
[420.860s][info][gc,heap     ] GC(709) Survivor regions: 3->2(54)
[420.860s][info][gc,heap     ] GC(709) Old regions: 46->46
[420.860s][info][gc,heap     ] GC(709) Humongous regions: 207->207
[420.860s][info][gc,metaspace] GC(709) Metaspace: 57471K(57792K)->57471K(57792K) NonClass: 51852K(52096K)->51852K(52096K) Class: 5619K(5696K)->5619K(5696K)
[420.860s][info][gc          ] GC(709) Pause Young (Prepare Mixed) (G1 Evacuation Pause) 681M->254M(722M) 4.200ms
[420.860s][info][gc,cpu      ] GC(709) User=0.01s Sys=0.00s Real=0.00s
[421.879s][info][gc,start    ] GC(710) Pause Young (Mixed) (G1 Evacuation Pause)
[421.879s][info][gc,task     ] GC(710) Using 2 workers of 2 for evacuation
[421.888s][info][gc,phases   ] GC(710)   Pre Evacuate Collection Set: 0.26ms
[421.888s][info][gc,phases   ] GC(710)   Merge Heap Roots: 0.17ms
[421.888s][info][gc,phases   ] GC(710)   Evacuate Collection Set: 7.62ms
[421.888s][info][gc,phases   ] GC(710)   Post Evacuate Collection Set: 0.72ms
[421.888s][info][gc,phases   ] GC(710)   Other: 0.12ms
[421.888s][info][gc,heap     ] GC(710) Eden regions: 428->0(426)
[421.888s][info][gc,heap     ] GC(710) Survivor regions: 2->4(54)
[421.888s][info][gc,heap     ] GC(710) Old regions: 46->44
[421.888s][info][gc,heap     ] GC(710) Humongous regions: 207->207
[421.888s][info][gc,metaspace] GC(710) Metaspace: 57471K(57792K)->57471K(57792K) NonClass: 51852K(52096K)->51852K(52096K) Class: 5619K(5696K)->5619K(5696K)
[421.888s][info][gc          ] GC(710) Pause Young (Mixed) (G1 Evacuation Pause) 682M->254M(722M) 9.051ms
[421.888s][info][gc,cpu      ] GC(710) User=0.02s Sys=0.00s Real=0.01s
[422.956s][info][gc,start    ] GC(711) Pause Young (Normal) (G1 Evacuation Pause)
[422.956s][info][gc,task     ] GC(711) Using 2 workers of 2 for evacuation
[422.960s][info][gc,phases   ] GC(711)   Pre Evacuate Collection Set: 0.25ms
[422.960s][info][gc,phases   ] GC(711)   Merge Heap Roots: 0.13ms
[422.960s][info][gc,phases   ] GC(711)   Evacuate Collection Set: 2.76ms
[422.960s][info][gc,phases   ] GC(711)   Post Evacuate Collection Set: 0.67ms
[422.960s][info][gc,phases   ] GC(711)   Other: 0.09ms
[422.960s][info][gc,heap     ] GC(711) Eden regions: 426->0(429)
[422.960s][info][gc,heap     ] GC(711) Survivor regions: 4->2(54)
[422.960s][info][gc,heap     ] GC(711) Old regions: 44->45
[422.960s][info][gc,heap     ] GC(711) Humongous regions: 207->207
[422.960s][info][gc,metaspace] GC(711) Metaspace: 57471K(57792K)->57471K(57792K) NonClass: 51852K(52096K)->51852K(52096K) Class: 5619K(5696K)->5619K(5696K)
[422.960s][info][gc          ] GC(711) Pause Young (Normal) (G1 Evacuation Pause) 680M->252M(722M) 4.068ms
[422.960s][info][gc,cpu      ] GC(711) User=0.01s Sys=0.00s Real=0.00s
[423.975s][info][gc,start    ] GC(712) Pause Young (Concurrent Start) (G1 Evacuation Pause)
[423.975s][info][gc,task     ] GC(712) Using 2 workers of 2 for evacuation
[423.981s][info][gc,phases   ] GC(712)   Pre Evacuate Collection Set: 0.27ms
[423.981s][info][gc,phases   ] GC(712)   Merge Heap Roots: 0.13ms
[423.981s][info][gc,phases   ] GC(712)   Evacuate Collection Set: 5.40ms
[423.981s][info][gc,phases   ] GC(712)   Post Evacuate Collection Set: 0.70ms
[423.981s][info][gc,phases   ] GC(712)   Other: 0.12ms
[423.981s][info][gc,heap     ] GC(712) Eden regions: 429->0(425)
[423.981s][info][gc,heap     ] GC(712) Survivor regions: 2->4(54)
[423.981s][info][gc,heap     ] GC(712) Old regions: 45->45
[423.981s][info][gc,heap     ] GC(712) Humongous regions: 207->207
[423.981s][info][gc,metaspace] GC(712) Metaspace: 57471K(57792K)->57471K(57792K) NonClass: 51852K(52096K)->51852K(52096K) Class: 5619K(5696K)->5619K(5696K)
[423.981s][info][gc          ] GC(712) Pause Young (Concurrent Start) (G1 Evacuation Pause) 681M->254M(722M) 6.779ms
[423.981s][info][gc          ] GC(713) Concurrent Mark Cycle
[423.981s][info][gc,marking  ] GC(713) Concurrent Scan Root Regions
[423.981s][info][gc,cpu      ] GC(712) User=0.01s Sys=0.00s Real=0.01s
[423.989s][info][gc,marking  ] GC(713) Concurrent Scan Root Regions 7.679ms
[423.989s][info][gc,marking  ] GC(713) Concurrent Mark
[423.989s][info][gc,marking  ] GC(713) Concurrent Mark From Roots
[423.989s][info][gc,task     ] GC(713) Using 1 workers of 1 for marking
[424.040s][info][gc,marking  ] GC(713) Concurrent Mark From Roots 51.329ms
[424.040s][info][gc,marking  ] GC(713) Concurrent Preclean
[424.041s][info][gc,marking  ] GC(713) Concurrent Preclean 0.060ms
[424.041s][info][gc,start    ] GC(713) Pause Remark
[424.051s][info][gc          ] GC(713) Pause Remark 271M->271M(722M) 9.950ms
[424.051s][info][gc,cpu      ] GC(713) User=0.02s Sys=0.00s Real=0.01s
[424.052s][info][gc,marking  ] GC(713) Concurrent Mark 62.558ms
[424.052s][info][gc,marking  ] GC(713) Concurrent Rebuild Remembered Sets and Scrub Regions
[424.070s][info][gc,marking  ] GC(713) Concurrent Rebuild Remembered Sets and Scrub Regions 18.475ms
[424.070s][info][gc,start    ] GC(713) Pause Cleanup
[424.070s][info][gc          ] GC(713) Pause Cleanup 285M->285M(722M) 0.069ms
[424.070s][info][gc,cpu      ] GC(713) User=0.00s Sys=0.00s Real=0.00s
[424.070s][info][gc,marking  ] GC(713) Concurrent Clear Claimed Marks
[424.070s][info][gc,marking  ] GC(713) Concurrent Clear Claimed Marks 0.080ms
[424.070s][info][gc,marking  ] GC(713) Concurrent Cleanup for Next Mark
[424.073s][info][gc,marking  ] GC(713) Concurrent Cleanup for Next Mark 2.958ms
[424.073s][info][gc          ] GC(713) Concurrent Mark Cycle 92.131ms
[425.002s][info][gc,start    ] GC(714) Pause Young (Prepare Mixed) (G1 Evacuation Pause)
[425.003s][info][gc,task     ] GC(714) Using 2 workers of 2 for evacuation
[425.005s][info][gc,phases   ] GC(714)   Pre Evacuate Collection Set: 0.26ms
[425.006s][info][gc,phases   ] GC(714)   Merge Heap Roots: 0.14ms
[425.006s][info][gc,phases   ] GC(714)   Evacuate Collection Set: 1.75ms
[425.006s][info][gc,phases   ] GC(714)   Post Evacuate Collection Set: 0.69ms
[425.006s][info][gc,phases   ] GC(714)   Other: 0.15ms
[425.006s][info][gc,heap     ] GC(714) Eden regions: 425->0(431)
[425.006s][info][gc,heap     ] GC(714) Survivor regions: 4->1(54)
[425.006s][info][gc,heap     ] GC(714) Old regions: 45->45
[425.006s][info][gc,heap     ] GC(714) Humongous regions: 207->207
[425.006s][info][gc,metaspace] GC(714) Metaspace: 57471K(57792K)->57471K(57792K) NonClass: 51852K(52096K)->51852K(52096K) Class: 5619K(5696K)->5619K(5696K)
[425.006s][info][gc          ] GC(714) Pause Young (Prepare Mixed) (G1 Evacuation Pause) 679M->251M(722M) 3.227ms
[425.006s][info][gc,cpu      ] GC(714) User=0.00s Sys=0.00s Real=0.00s
[426.073s][info][gc,start    ] GC(715) Pause Young (Mixed) (G1 Evacuation Pause)
[426.073s][info][gc,task     ] GC(715) Using 2 workers of 2 for evacuation
[426.079s][info][gc,phases   ] GC(715)   Pre Evacuate Collection Set: 0.28ms
[426.079s][info][gc,phases   ] GC(715)   Merge Heap Roots: 0.12ms
[426.079s][info][gc,phases   ] GC(715)   Evacuate Collection Set: 4.98ms
[426.079s][info][gc,phases   ] GC(715)   Post Evacuate Collection Set: 0.68ms
[426.079s][info][gc,phases   ] GC(715)   Other: 0.12ms
[426.079s][info][gc,heap     ] GC(715) Eden regions: 431->0(428)
[426.079s][info][gc,heap     ] GC(715) Survivor regions: 1->3(54)
[426.079s][info][gc,heap     ] GC(715) Old regions: 45->44
[426.079s][info][gc,heap     ] GC(715) Humongous regions: 207->207
[426.079s][info][gc,metaspace] GC(715) Metaspace: 57471K(57792K)->57471K(57792K) NonClass: 51852K(52096K)->51852K(52096K) Class: 5619K(5696K)->5619K(5696K)
[426.079s][info][gc          ] GC(715) Pause Young (Mixed) (G1 Evacuation Pause) 682M->253M(722M) 6.355ms
[426.079s][info][gc,cpu      ] GC(715) User=0.02s Sys=0.00s Real=0.00s
[427.154s][info][gc,start    ] GC(716) Pause Young (Normal) (G1 Evacuation Pause)
[427.154s][info][gc,task     ] GC(716) Using 2 workers of 2 for evacuation
[427.157s][info][gc,phases   ] GC(716)   Pre Evacuate Collection Set: 0.25ms
[427.157s][info][gc,phases   ] GC(716)   Merge Heap Roots: 0.13ms
[427.157s][info][gc,phases   ] GC(716)   Evacuate Collection Set: 2.46ms
[427.157s][info][gc,phases   ] GC(716)   Post Evacuate Collection Set: 0.68ms
[427.157s][info][gc,phases   ] GC(716)   Other: 0.10ms
[427.157s][info][gc,heap     ] GC(716) Eden regions: 428->0(430)
[427.157s][info][gc,heap     ] GC(716) Survivor regions: 3->2(54)
[427.157s][info][gc,heap     ] GC(716) Old regions: 44->44
[427.157s][info][gc,heap     ] GC(716) Humongous regions: 207->207
[427.157s][info][gc,metaspace] GC(716) Metaspace: 57471K(57792K)->57471K(57792K) NonClass: 51852K(52096K)->51852K(52096K) Class: 5619K(5696K)->5619K(5696K)
[427.157s][info][gc          ] GC(716) Pause Young (Normal) (G1 Evacuation Pause) 681M->251M(722M) 3.786ms
[427.157s][info][gc,cpu      ] GC(716) User=0.00s Sys=0.00s Real=0.00s
[428.180s][info][gc,start    ] GC(717) Pause Young (Normal) (G1 Evacuation Pause)
[428.180s][info][gc,task     ] GC(717) Using 2 workers of 2 for evacuation
[428.185s][info][gc,phases   ] GC(717)   Pre Evacuate Collection Set: 0.26ms
[428.185s][info][gc,phases   ] GC(717)   Merge Heap Roots: 0.13ms
[428.185s][info][gc,phases   ] GC(717)   Evacuate Collection Set: 4.06ms
[428.185s][info][gc,phases   ] GC(717)   Post Evacuate Collection Set: 0.93ms
[428.185s][info][gc,phases   ] GC(717)   Other: 0.10ms
[428.185s][info][gc,heap     ] GC(717) Eden regions: 430->0(428)
[428.185s][info][gc,heap     ] GC(717) Survivor regions: 2->3(54)
[428.185s][info][gc,heap     ] GC(717) Old regions: 44->44
[428.185s][info][gc,heap     ] GC(717) Humongous regions: 207->207
[428.185s][info][gc,metaspace] GC(717) Metaspace: 57471K(57792K)->57471K(57792K) NonClass: 51852K(52096K)->51852K(52096K) Class: 5619K(5696K)->5619K(5696K)
[428.185s][info][gc          ] GC(717) Pause Young (Normal) (G1 Evacuation Pause) 681M->253M(722M) 5.673ms
[428.185s][info][gc,cpu      ] GC(717) User=0.01s Sys=0.01s Real=0.01s
[428.411s][info][gc,start    ] GC(718) Pause Young (Concurrent Start) (G1 Humongous Allocation)
[428.411s][info][gc,task     ] GC(718) Using 2 workers of 2 for evacuation
[428.414s][info][gc,phases   ] GC(718)   Pre Evacuate Collection Set: 0.28ms
[428.414s][info][gc,phases   ] GC(718)   Merge Heap Roots: 0.10ms
[428.414s][info][gc,phases   ] GC(718)   Evacuate Collection Set: 1.86ms
[428.414s][info][gc,phases   ] GC(718)   Post Evacuate Collection Set: 0.48ms
[428.414s][info][gc,phases   ] GC(718)   Other: 0.08ms
[428.414s][info][gc,heap     ] GC(718) Eden regions: 100->0(432)
[428.414s][info][gc,heap     ] GC(718) Survivor regions: 3->1(54)
[428.414s][info][gc,heap     ] GC(718) Old regions: 44->44
[428.414s][info][gc,heap     ] GC(718) Humongous regions: 207->207
[428.414s][info][gc,metaspace] GC(718) Metaspace: 57476K(57792K)->57476K(57792K) NonClass: 51856K(52096K)->51856K(52096K) Class: 5619K(5696K)->5619K(5696K)
[428.414s][info][gc          ] GC(718) Pause Young (Concurrent Start) (G1 Humongous Allocation) 352M->251M(722M) 2.967ms
[428.414s][info][gc,cpu      ] GC(718) User=0.01s Sys=0.00s Real=0.01s
[428.414s][info][gc          ] GC(719) Concurrent Undo Cycle
[428.414s][info][gc,marking  ] GC(719) Concurrent Clear Claimed Marks
[428.414s][info][gc,marking  ] GC(719) Concurrent Clear Claimed Marks 0.071ms
[428.414s][info][gc,marking  ] GC(719) Concurrent Cleanup for Next Mark
[428.416s][info][gc,marking  ] GC(719) Concurrent Cleanup for Next Mark 2.622ms
[428.416s][info][gc          ] GC(719) Concurrent Undo Cycle 2.770ms
[428.557s][info][gc,start    ] GC(720) Pause Young (Concurrent Start) (G1 Humongous Allocation)
[428.557s][info][gc,task     ] GC(720) Using 2 workers of 2 for evacuation
[428.560s][info][gc,phases   ] GC(720)   Pre Evacuate Collection Set: 0.30ms
[428.560s][info][gc,phases   ] GC(720)   Merge Heap Roots: 0.07ms
[428.560s][info][gc,phases   ] GC(720)   Evacuate Collection Set: 1.84ms
[428.560s][info][gc,phases   ] GC(720)   Post Evacuate Collection Set: 0.39ms
[428.560s][info][gc,phases   ] GC(720)   Other: 0.11ms
[428.560s][info][gc,heap     ] GC(720) Eden regions: 2->0(393)
[428.560s][info][gc,heap     ] GC(720) Survivor regions: 1->1(55)
[428.560s][info][gc,heap     ] GC(720) Old regions: 44->44
[428.560s][info][gc,heap     ] GC(720) Humongous regions: 246->246
[428.560s][info][gc,metaspace] GC(720) Metaspace: 57476K(57792K)->57476K(57792K) NonClass: 51856K(52096K)->51856K(52096K) Class: 5619K(5696K)->5619K(5696K)
[428.560s][info][gc          ] GC(720) Pause Young (Concurrent Start) (G1 Humongous Allocation) 292M->290M(722M) 2.908ms
[428.560s][info][gc,cpu      ] GC(720) User=0.00s Sys=0.00s Real=0.00s
[428.560s][info][gc          ] GC(721) Concurrent Mark Cycle
[428.560s][info][gc,marking  ] GC(721) Concurrent Scan Root Regions
[428.562s][info][gc,marking  ] GC(721) Concurrent Scan Root Regions 1.379ms
[428.562s][info][gc,marking  ] GC(721) Concurrent Mark
[428.562s][info][gc,marking  ] GC(721) Concurrent Mark From Roots
[428.562s][info][gc,task     ] GC(721) Using 1 workers of 1 for marking
[428.603s][info][gc,marking  ] GC(721) Concurrent Mark From Roots 41.021ms
[428.603s][info][gc,marking  ] GC(721) Concurrent Preclean
[428.603s][info][gc,marking  ] GC(721) Concurrent Preclean 0.063ms
[428.603s][info][gc,start    ] GC(721) Pause Remark
[428.613s][info][gc          ] GC(721) Pause Remark 329M->329M(722M) 9.843ms
[428.613s][info][gc,cpu      ] GC(721) User=0.02s Sys=0.00s Real=0.01s
[428.613s][info][gc,marking  ] GC(721) Concurrent Mark 51.491ms
[428.613s][info][gc,marking  ] GC(721) Concurrent Rebuild Remembered Sets and Scrub Regions
[428.629s][info][gc,marking  ] GC(721) Concurrent Rebuild Remembered Sets and Scrub Regions 15.680ms
[428.629s][info][gc,start    ] GC(721) Pause Cleanup
[428.629s][info][gc          ] GC(721) Pause Cleanup 329M->329M(722M) 0.070ms
[428.629s][info][gc,cpu      ] GC(721) User=0.00s Sys=0.00s Real=0.00s
[428.630s][info][gc,marking  ] GC(721) Concurrent Clear Claimed Marks
[428.630s][info][gc,marking  ] GC(721) Concurrent Clear Claimed Marks 0.077ms
[428.630s][info][gc,marking  ] GC(721) Concurrent Cleanup for Next Mark
[428.632s][info][gc,marking  ] GC(721) Concurrent Cleanup for Next Mark 2.102ms
[428.632s][info][gc          ] GC(721) Concurrent Mark Cycle 72.003ms
[431.366s][info][gc,start    ] GC(722) Pause Young (Prepare Mixed) (G1 Evacuation Pause)
[431.366s][info][gc,task     ] GC(722) Using 2 workers of 2 for evacuation
[431.383s][info][gc,phases   ] GC(722)   Pre Evacuate Collection Set: 0.28ms
[431.383s][info][gc,phases   ] GC(722)   Merge Heap Roots: 0.14ms
[431.383s][info][gc,phases   ] GC(722)   Evacuate Collection Set: 15.39ms
[431.383s][info][gc,phases   ] GC(722)   Post Evacuate Collection Set: 0.80ms
[431.383s][info][gc,phases   ] GC(722)   Other: 0.08ms
[431.383s][info][gc,heap     ] GC(722) Eden regions: 314->0(418)
[431.383s][info][gc,heap     ] GC(722) Survivor regions: 1->15(50)
[431.383s][info][gc,heap     ] GC(722) Old regions: 44->44
[431.383s][info][gc,heap     ] GC(722) Humongous regions: 363->207
[431.383s][info][gc,metaspace] GC(722) Metaspace: 57595K(57920K)->57595K(57920K) NonClass: 51975K(52224K)->51975K(52224K) Class: 5619K(5696K)->5619K(5696K)
[431.383s][info][gc          ] GC(722) Pause Young (Prepare Mixed) (G1 Evacuation Pause) 721M->265M(737M) 16.873ms
[431.383s][info][gc,cpu      ] GC(722) User=0.03s Sys=0.00s Real=0.02s
[432.385s][info][gc,start    ] GC(723) Pause Young (Mixed) (G1 Evacuation Pause)
[432.385s][info][gc,task     ] GC(723) Using 2 workers of 2 for evacuation
[432.397s][info][gc,phases   ] GC(723)   Pre Evacuate Collection Set: 0.27ms
[432.398s][info][gc,phases   ] GC(723)   Merge Heap Roots: 0.14ms
[432.398s][info][gc,phases   ] GC(723)   Evacuate Collection Set: 10.79ms
[432.398s][info][gc,phases   ] GC(723)   Post Evacuate Collection Set: 0.80ms
[432.398s][info][gc,phases   ] GC(723)   Other: 0.11ms
[432.398s][info][gc,heap     ] GC(723) Eden regions: 418->0(416)
[432.398s][info][gc,heap     ] GC(723) Survivor regions: 15->16(55)
[432.398s][info][gc,heap     ] GC(723) Old regions: 44->44
[432.398s][info][gc,heap     ] GC(723) Humongous regions: 207->207
[432.398s][info][gc,metaspace] GC(723) Metaspace: 57595K(57920K)->57595K(57920K) NonClass: 51975K(52224K)->51975K(52224K) Class: 5619K(5696K)->5619K(5696K)
[432.398s][info][gc          ] GC(723) Pause Young (Mixed) (G1 Evacuation Pause) 683M->265M(737M) 12.299ms
[432.398s][info][gc,cpu      ] GC(723) User=0.02s Sys=0.00s Real=0.01s
[433.424s][info][gc,start    ] GC(724) Pause Young (Concurrent Start) (G1 Evacuation Pause)
[433.424s][info][gc,task     ] GC(724) Using 2 workers of 2 for evacuation
[433.432s][info][gc,phases   ] GC(724)   Pre Evacuate Collection Set: 0.39ms
[433.432s][info][gc,phases   ] GC(724)   Merge Heap Roots: 0.22ms
[433.432s][info][gc,phases   ] GC(724)   Evacuate Collection Set: 6.65ms
[433.432s][info][gc,phases   ] GC(724)   Post Evacuate Collection Set: 0.76ms
[433.432s][info][gc,phases   ] GC(724)   Other: 0.13ms
[433.432s][info][gc,heap     ] GC(724) Eden regions: 416->0(420)
[433.432s][info][gc,heap     ] GC(724) Survivor regions: 16->14(54)
[433.432s][info][gc,heap     ] GC(724) Old regions: 44->44
[433.432s][info][gc,heap     ] GC(724) Humongous regions: 207->207
[433.432s][info][gc,metaspace] GC(724) Metaspace: 57595K(57920K)->57595K(57920K) NonClass: 51975K(52224K)->51975K(52224K) Class: 5619K(5696K)->5619K(5696K)
[433.432s][info][gc          ] GC(724) Pause Young (Concurrent Start) (G1 Evacuation Pause) 681M->264M(737M) 8.325ms
[433.432s][info][gc,cpu      ] GC(724) User=0.02s Sys=0.00s Real=0.01s
[433.432s][info][gc          ] GC(725) Concurrent Mark Cycle
[433.432s][info][gc,marking  ] GC(725) Concurrent Scan Root Regions
[433.437s][info][gc,marking  ] GC(725) Concurrent Scan Root Regions 4.810ms
[433.437s][info][gc,marking  ] GC(725) Concurrent Mark
[433.437s][info][gc,marking  ] GC(725) Concurrent Mark From Roots
[433.437s][info][gc,task     ] GC(725) Using 1 workers of 1 for marking
[433.488s][info][gc,marking  ] GC(725) Concurrent Mark From Roots 50.366ms
[433.488s][info][gc,marking  ] GC(725) Concurrent Preclean
[433.488s][info][gc,marking  ] GC(725) Concurrent Preclean 0.054ms
[433.488s][info][gc,start    ] GC(725) Pause Remark
[433.498s][info][gc          ] GC(725) Pause Remark 295M->295M(737M) 10.317ms
[433.498s][info][gc,cpu      ] GC(725) User=0.02s Sys=0.00s Real=0.01s
[433.498s][info][gc,marking  ] GC(725) Concurrent Mark 61.014ms
[433.498s][info][gc,marking  ] GC(725) Concurrent Rebuild Remembered Sets and Scrub Regions
[433.515s][info][gc,marking  ] GC(725) Concurrent Rebuild Remembered Sets and Scrub Regions 16.615ms
[433.515s][info][gc,start    ] GC(725) Pause Cleanup
[433.515s][info][gc          ] GC(725) Pause Cleanup 303M->303M(737M) 0.069ms
[433.515s][info][gc,cpu      ] GC(725) User=0.00s Sys=0.00s Real=0.00s
[433.515s][info][gc,marking  ] GC(725) Concurrent Clear Claimed Marks
[433.515s][info][gc,marking  ] GC(725) Concurrent Clear Claimed Marks 0.085ms
[433.515s][info][gc,marking  ] GC(725) Concurrent Cleanup for Next Mark
[433.518s][info][gc,marking  ] GC(725) Concurrent Cleanup for Next Mark 2.296ms
[433.518s][info][gc          ] GC(725) Concurrent Mark Cycle 85.235ms
[434.464s][info][gc,start    ] GC(726) Pause Young (Prepare Mixed) (G1 Evacuation Pause)
[434.464s][info][gc,task     ] GC(726) Using 2 workers of 2 for evacuation
[434.473s][info][gc,phases   ] GC(726)   Pre Evacuate Collection Set: 0.27ms
[434.473s][info][gc,phases   ] GC(726)   Merge Heap Roots: 0.16ms
[434.473s][info][gc,phases   ] GC(726)   Evacuate Collection Set: 7.34ms
[434.473s][info][gc,phases   ] GC(726)   Post Evacuate Collection Set: 0.75ms
[434.473s][info][gc,phases   ] GC(726)   Other: 0.09ms
[434.473s][info][gc,heap     ] GC(726) Eden regions: 420->0(418)
[434.473s][info][gc,heap     ] GC(726) Survivor regions: 14->15(55)
[434.473s][info][gc,heap     ] GC(726) Old regions: 44->44
[434.473s][info][gc,heap     ] GC(726) Humongous regions: 207->207
[434.473s][info][gc,metaspace] GC(726) Metaspace: 57595K(57920K)->57595K(57920K) NonClass: 51975K(52224K)->51975K(52224K) Class: 5619K(5696K)->5619K(5696K)
[434.473s][info][gc          ] GC(726) Pause Young (Prepare Mixed) (G1 Evacuation Pause) 684M->264M(737M) 8.808ms
[434.473s][info][gc,cpu      ] GC(726) User=0.02s Sys=0.00s Real=0.01s
[435.471s][info][gc,start    ] GC(727) Pause Young (Mixed) (G1 Evacuation Pause)
[435.471s][info][gc,task     ] GC(727) Using 2 workers of 2 for evacuation
[435.483s][info][gc,phases   ] GC(727)   Pre Evacuate Collection Set: 0.26ms
[435.483s][info][gc,phases   ] GC(727)   Merge Heap Roots: 0.16ms
[435.483s][info][gc,phases   ] GC(727)   Evacuate Collection Set: 10.09ms
[435.483s][info][gc,phases   ] GC(727)   Post Evacuate Collection Set: 0.82ms
[435.483s][info][gc,phases   ] GC(727)   Other: 0.09ms
[435.483s][info][gc,heap     ] GC(727) Eden regions: 418->0(419)
[435.483s][info][gc,heap     ] GC(727) Survivor regions: 15->15(55)
[435.483s][info][gc,heap     ] GC(727) Old regions: 44->43
[435.483s][info][gc,heap     ] GC(727) Humongous regions: 207->207
[435.483s][info][gc,metaspace] GC(727) Metaspace: 57595K(57920K)->57595K(57920K) NonClass: 51975K(52224K)->51975K(52224K) Class: 5619K(5696K)->5619K(5696K)
[435.483s][info][gc          ] GC(727) Pause Young (Mixed) (G1 Evacuation Pause) 682M->264M(737M) 11.622ms
[435.483s][info][gc,cpu      ] GC(727) User=0.02s Sys=0.00s Real=0.01s
[436.481s][info][gc,start    ] GC(728) Pause Young (Concurrent Start) (G1 Evacuation Pause)
[436.481s][info][gc,task     ] GC(728) Using 2 workers of 2 for evacuation
[436.491s][info][gc,phases   ] GC(728)   Pre Evacuate Collection Set: 0.28ms
[436.491s][info][gc,phases   ] GC(728)   Merge Heap Roots: 0.14ms
[436.491s][info][gc,phases   ] GC(728)   Evacuate Collection Set: 8.80ms
[436.491s][info][gc,phases   ] GC(728)   Post Evacuate Collection Set: 0.78ms
[436.491s][info][gc,phases   ] GC(728)   Other: 0.10ms
[436.491s][info][gc,heap     ] GC(728) Eden regions: 419->0(418)
[436.491s][info][gc,heap     ] GC(728) Survivor regions: 15->15(55)
[436.491s][info][gc,heap     ] GC(728) Old regions: 43->44
[436.491s][info][gc,heap     ] GC(728) Humongous regions: 207->207
[436.491s][info][gc,metaspace] GC(728) Metaspace: 57597K(57920K)->57597K(57920K) NonClass: 51977K(52224K)->51977K(52224K) Class: 5619K(5696K)->5619K(5696K)
[436.491s][info][gc          ] GC(728) Pause Young (Concurrent Start) (G1 Evacuation Pause) 683M->265M(737M) 10.276ms
[436.491s][info][gc,cpu      ] GC(728) User=0.02s Sys=0.00s Real=0.01s
[436.491s][info][gc          ] GC(729) Concurrent Mark Cycle
[436.492s][info][gc,marking  ] GC(729) Concurrent Scan Root Regions
[436.497s][info][gc,marking  ] GC(729) Concurrent Scan Root Regions 4.458ms
[436.497s][info][gc,marking  ] GC(729) Concurrent Mark
[436.497s][info][gc,marking  ] GC(729) Concurrent Mark From Roots
[436.497s][info][gc,task     ] GC(729) Using 1 workers of 1 for marking
[436.536s][info][gc,marking  ] GC(729) Concurrent Mark From Roots 39.472ms
[436.536s][info][gc,marking  ] GC(729) Concurrent Preclean
[436.536s][info][gc,marking  ] GC(729) Concurrent Preclean 0.049ms
[436.536s][info][gc,start    ] GC(729) Pause Remark
[436.547s][info][gc          ] GC(729) Pause Remark 276M->276M(737M) 10.262ms
[436.547s][info][gc,cpu      ] GC(729) User=0.02s Sys=0.00s Real=0.01s
[436.547s][info][gc,marking  ] GC(729) Concurrent Mark 50.073ms
[436.547s][info][gc,marking  ] GC(729) Concurrent Rebuild Remembered Sets and Scrub Regions
[436.566s][info][gc,marking  ] GC(729) Concurrent Rebuild Remembered Sets and Scrub Regions 19.136ms
[436.566s][info][gc,start    ] GC(729) Pause Cleanup
[436.566s][info][gc          ] GC(729) Pause Cleanup 287M->287M(737M) 0.082ms
[436.566s][info][gc,cpu      ] GC(729) User=0.00s Sys=0.00s Real=0.00s
[436.566s][info][gc,marking  ] GC(729) Concurrent Clear Claimed Marks
[436.566s][info][gc,marking  ] GC(729) Concurrent Clear Claimed Marks 0.079ms
[436.566s][info][gc,marking  ] GC(729) Concurrent Cleanup for Next Mark
[436.568s][info][gc,marking  ] GC(729) Concurrent Cleanup for Next Mark 2.165ms
[436.568s][info][gc          ] GC(729) Concurrent Mark Cycle 77.432ms
[437.551s][info][gc,start    ] GC(730) Pause Young (Prepare Mixed) (G1 Evacuation Pause)
[437.552s][info][gc,task     ] GC(730) Using 2 workers of 2 for evacuation
[437.558s][info][gc,phases   ] GC(730)   Pre Evacuate Collection Set: 0.25ms
[437.558s][info][gc,phases   ] GC(730)   Merge Heap Roots: 0.16ms
[437.558s][info][gc,phases   ] GC(730)   Evacuate Collection Set: 5.28ms
[437.558s][info][gc,phases   ] GC(730)   Post Evacuate Collection Set: 0.73ms
[437.558s][info][gc,phases   ] GC(730)   Other: 0.10ms
[437.558s][info][gc,heap     ] GC(730) Eden regions: 418->0(422)
[437.558s][info][gc,heap     ] GC(730) Survivor regions: 15->13(55)
[437.558s][info][gc,heap     ] GC(730) Old regions: 44->44
[437.558s][info][gc,heap     ] GC(730) Humongous regions: 207->207
[437.558s][info][gc,metaspace] GC(730) Metaspace: 57597K(57920K)->57597K(57920K) NonClass: 51977K(52224K)->51977K(52224K) Class: 5619K(5696K)->5619K(5696K)
[437.558s][info][gc          ] GC(730) Pause Young (Prepare Mixed) (G1 Evacuation Pause) 683M->263M(737M) 6.716ms
[437.558s][info][gc,cpu      ] GC(730) User=0.01s Sys=0.00s Real=0.00s
[438.563s][info][gc,start    ] GC(731) Pause Young (Mixed) (G1 Evacuation Pause)
[438.563s][info][gc,task     ] GC(731) Using 2 workers of 2 for evacuation
[438.572s][info][gc,phases   ] GC(731)   Pre Evacuate Collection Set: 0.27ms
[438.572s][info][gc,phases   ] GC(731)   Merge Heap Roots: 0.14ms
[438.572s][info][gc,phases   ] GC(731)   Evacuate Collection Set: 8.33ms
[438.572s][info][gc,phases   ] GC(731)   Post Evacuate Collection Set: 0.80ms
[438.572s][info][gc,phases   ] GC(731)   Other: 0.12ms
[438.572s][info][gc,heap     ] GC(731) Eden regions: 422->0(419)
[438.572s][info][gc,heap     ] GC(731) Survivor regions: 13->15(55)
[438.572s][info][gc,heap     ] GC(731) Old regions: 44->43
[438.572s][info][gc,heap     ] GC(731) Humongous regions: 207->207
[438.573s][info][gc,metaspace] GC(731) Metaspace: 57597K(57920K)->57597K(57920K) NonClass: 51977K(52224K)->51977K(52224K) Class: 5619K(5696K)->5619K(5696K)
[438.573s][info][gc          ] GC(731) Pause Young (Mixed) (G1 Evacuation Pause) 685M->264M(737M) 9.851ms
[438.573s][info][gc,cpu      ] GC(731) User=0.02s Sys=0.00s Real=0.01s
[439.566s][info][gc,start    ] GC(732) Pause Young (Concurrent Start) (G1 Evacuation Pause)
[439.566s][info][gc,task     ] GC(732) Using 2 workers of 2 for evacuation
[439.576s][info][gc,phases   ] GC(732)   Pre Evacuate Collection Set: 0.28ms
[439.576s][info][gc,phases   ] GC(732)   Merge Heap Roots: 0.13ms
[439.577s][info][gc,phases   ] GC(732)   Evacuate Collection Set: 8.84ms
[439.577s][info][gc,phases   ] GC(732)   Post Evacuate Collection Set: 0.80ms
[439.577s][info][gc,phases   ] GC(732)   Other: 0.10ms
[439.577s][info][gc,heap     ] GC(732) Eden regions: 419->0(415)
[439.577s][info][gc,heap     ] GC(732) Survivor regions: 15->17(55)
[439.577s][info][gc,heap     ] GC(732) Old regions: 43->43
[439.577s][info][gc,heap     ] GC(732) Humongous regions: 207->207
[439.577s][info][gc,metaspace] GC(732) Metaspace: 57597K(57920K)->57597K(57920K) NonClass: 51977K(52224K)->51977K(52224K) Class: 5619K(5696K)->5619K(5696K)
[439.577s][info][gc          ] GC(732) Pause Young (Concurrent Start) (G1 Evacuation Pause) 683M->266M(737M) 10.348ms
[439.577s][info][gc          ] GC(733) Concurrent Mark Cycle
[439.577s][info][gc,marking  ] GC(733) Concurrent Scan Root Regions
[439.579s][info][gc,cpu      ] GC(732) User=0.02s Sys=0.00s Real=0.01s
[439.584s][info][gc,marking  ] GC(733) Concurrent Scan Root Regions 6.963ms
[439.584s][info][gc,marking  ] GC(733) Concurrent Mark
[439.584s][info][gc,marking  ] GC(733) Concurrent Mark From Roots
[439.584s][info][gc,task     ] GC(733) Using 1 workers of 1 for marking
[439.632s][info][gc,marking  ] GC(733) Concurrent Mark From Roots 48.308ms
[439.632s][info][gc,marking  ] GC(733) Concurrent Preclean
[439.632s][info][gc,marking  ] GC(733) Concurrent Preclean 0.053ms
[439.632s][info][gc,start    ] GC(733) Pause Remark
[439.642s][info][gc          ] GC(733) Pause Remark 289M->289M(737M) 10.196ms
[439.642s][info][gc,cpu      ] GC(733) User=0.02s Sys=0.00s Real=0.01s
[439.643s][info][gc,marking  ] GC(733) Concurrent Mark 59.100ms
[439.643s][info][gc,marking  ] GC(733) Concurrent Rebuild Remembered Sets and Scrub Regions
[439.666s][info][gc,marking  ] GC(733) Concurrent Rebuild Remembered Sets and Scrub Regions 23.557ms
[439.666s][info][gc,start    ] GC(733) Pause Cleanup
[439.667s][info][gc          ] GC(733) Pause Cleanup 302M->302M(737M) 0.075ms
[439.667s][info][gc,cpu      ] GC(733) User=0.00s Sys=0.00s Real=0.00s
[439.667s][info][gc,marking  ] GC(733) Concurrent Clear Claimed Marks
[439.667s][info][gc,marking  ] GC(733) Concurrent Clear Claimed Marks 0.093ms
[439.667s][info][gc,marking  ] GC(733) Concurrent Cleanup for Next Mark
[439.672s][info][gc,marking  ] GC(733) Concurrent Cleanup for Next Mark 4.184ms
[439.672s][info][gc          ] GC(733) Concurrent Mark Cycle 94.903ms
[440.578s][info][gc,start    ] GC(734) Pause Young (Prepare Mixed) (G1 Evacuation Pause)
[440.579s][info][gc,task     ] GC(734) Using 2 workers of 2 for evacuation
[440.589s][info][gc,phases   ] GC(734)   Pre Evacuate Collection Set: 0.25ms
[440.589s][info][gc,phases   ] GC(734)   Merge Heap Roots: 0.15ms
[440.589s][info][gc,phases   ] GC(734)   Evacuate Collection Set: 9.13ms
[440.589s][info][gc,phases   ] GC(734)   Post Evacuate Collection Set: 0.75ms
[440.589s][info][gc,phases   ] GC(734)   Other: 0.12ms
[440.589s][info][gc,heap     ] GC(734) Eden regions: 415->0(415)
[440.589s][info][gc,heap     ] GC(734) Survivor regions: 17->17(54)
[440.589s][info][gc,heap     ] GC(734) Old regions: 43->43
[440.589s][info][gc,heap     ] GC(734) Humongous regions: 207->207
[440.589s][info][gc,metaspace] GC(734) Metaspace: 57597K(57920K)->57597K(57920K) NonClass: 51977K(52224K)->51977K(52224K) Class: 5619K(5696K)->5619K(5696K)
[440.589s][info][gc          ] GC(734) Pause Young (Prepare Mixed) (G1 Evacuation Pause) 681M->266M(737M) 10.582ms
[440.589s][info][gc,cpu      ] GC(734) User=0.02s Sys=0.00s Real=0.01s
[441.587s][info][gc,start    ] GC(735) Pause Young (Mixed) (G1 Evacuation Pause)
[441.587s][info][gc,task     ] GC(735) Using 2 workers of 2 for evacuation
[441.596s][info][gc,phases   ] GC(735)   Pre Evacuate Collection Set: 0.27ms
[441.596s][info][gc,phases   ] GC(735)   Merge Heap Roots: 0.14ms
[441.596s][info][gc,phases   ] GC(735)   Evacuate Collection Set: 7.30ms
[441.596s][info][gc,phases   ] GC(735)   Post Evacuate Collection Set: 0.75ms
[441.596s][info][gc,phases   ] GC(735)   Other: 0.08ms
[441.596s][info][gc,heap     ] GC(735) Eden regions: 415->0(417)
[441.596s][info][gc,heap     ] GC(735) Survivor regions: 17->16(54)
[441.596s][info][gc,heap     ] GC(735) Old regions: 43->43
[441.596s][info][gc,heap     ] GC(735) Humongous regions: 207->207
[441.596s][info][gc,metaspace] GC(735) Metaspace: 57597K(57920K)->57597K(57920K) NonClass: 51977K(52224K)->51977K(52224K) Class: 5619K(5696K)->5619K(5696K)
[441.596s][info][gc          ] GC(735) Pause Young (Mixed) (G1 Evacuation Pause) 681M->265M(737M) 8.732ms
[441.596s][info][gc,cpu      ] GC(735) User=0.02s Sys=0.00s Real=0.01s
[442.652s][info][gc,start    ] GC(736) Pause Young (Concurrent Start) (G1 Evacuation Pause)
[442.653s][info][gc,task     ] GC(736) Using 2 workers of 2 for evacuation
[442.660s][info][gc,phases   ] GC(736)   Pre Evacuate Collection Set: 0.27ms
[442.660s][info][gc,phases   ] GC(736)   Merge Heap Roots: 0.13ms
[442.660s][info][gc,phases   ] GC(736)   Evacuate Collection Set: 6.31ms
[442.660s][info][gc,phases   ] GC(736)   Post Evacuate Collection Set: 0.77ms
[442.660s][info][gc,phases   ] GC(736)   Other: 0.11ms
[442.660s][info][gc,heap     ] GC(736) Eden regions: 417->0(419)
[442.660s][info][gc,heap     ] GC(736) Survivor regions: 16->15(55)
[442.660s][info][gc,heap     ] GC(736) Old regions: 43->43
[442.660s][info][gc,heap     ] GC(736) Humongous regions: 207->207
[442.660s][info][gc,metaspace] GC(736) Metaspace: 57597K(57920K)->57597K(57920K) NonClass: 51977K(52224K)->51977K(52224K) Class: 5619K(5696K)->5619K(5696K)
[442.660s][info][gc          ] GC(736) Pause Young (Concurrent Start) (G1 Evacuation Pause) 682M->264M(737M) 7.775ms
[442.660s][info][gc          ] GC(737) Concurrent Mark Cycle
[442.660s][info][gc,marking  ] GC(737) Concurrent Scan Root Regions
[442.662s][info][gc,cpu      ] GC(736) User=0.01s Sys=0.00s Real=0.01s
[442.669s][info][gc,marking  ] GC(737) Concurrent Scan Root Regions 8.276ms
[442.669s][info][gc,marking  ] GC(737) Concurrent Mark
[442.669s][info][gc,marking  ] GC(737) Concurrent Mark From Roots
[442.669s][info][gc,task     ] GC(737) Using 1 workers of 1 for marking
[442.727s][info][gc,marking  ] GC(737) Concurrent Mark From Roots 58.074ms
[442.727s][info][gc,marking  ] GC(737) Concurrent Preclean
[442.727s][info][gc,marking  ] GC(737) Concurrent Preclean 0.056ms
[442.727s][info][gc,start    ] GC(737) Pause Remark
[442.737s][info][gc          ] GC(737) Pause Remark 302M->302M(737M) 10.566ms
[442.737s][info][gc,cpu      ] GC(737) User=0.02s Sys=0.00s Real=0.01s
[442.738s][info][gc,marking  ] GC(737) Concurrent Mark 69.198ms
[442.738s][info][gc,marking  ] GC(737) Concurrent Rebuild Remembered Sets and Scrub Regions
[442.754s][info][gc,marking  ] GC(737) Concurrent Rebuild Remembered Sets and Scrub Regions 16.456ms
[442.754s][info][gc,start    ] GC(737) Pause Cleanup
[442.754s][info][gc          ] GC(737) Pause Cleanup 306M->306M(737M) 0.062ms
[442.754s][info][gc,cpu      ] GC(737) User=0.00s Sys=0.00s Real=0.00s
[442.755s][info][gc,marking  ] GC(737) Concurrent Clear Claimed Marks
[442.755s][info][gc,marking  ] GC(737) Concurrent Clear Claimed Marks 0.093ms
[442.755s][info][gc,marking  ] GC(737) Concurrent Cleanup for Next Mark
[442.759s][info][gc,marking  ] GC(737) Concurrent Cleanup for Next Mark 4.430ms
[442.759s][info][gc          ] GC(737) Concurrent Mark Cycle 99.055ms
[443.665s][info][gc,start    ] GC(738) Pause Young (Prepare Mixed) (G1 Evacuation Pause)
[443.666s][info][gc,task     ] GC(738) Using 2 workers of 2 for evacuation
[443.674s][info][gc,phases   ] GC(738)   Pre Evacuate Collection Set: 0.27ms
[443.674s][info][gc,phases   ] GC(738)   Merge Heap Roots: 0.15ms
[443.674s][info][gc,phases   ] GC(738)   Evacuate Collection Set: 7.46ms
[443.674s][info][gc,phases   ] GC(738)   Post Evacuate Collection Set: 0.78ms
[443.674s][info][gc,phases   ] GC(738)   Other: 0.08ms
[443.674s][info][gc,heap     ] GC(738) Eden regions: 419->0(417)
[443.674s][info][gc,heap     ] GC(738) Survivor regions: 15->16(55)
[443.674s][info][gc,heap     ] GC(738) Old regions: 43->43
[443.674s][info][gc,heap     ] GC(738) Humongous regions: 207->207
[443.674s][info][gc,metaspace] GC(738) Metaspace: 57597K(57920K)->57597K(57920K) NonClass: 51977K(52224K)->51977K(52224K) Class: 5619K(5696K)->5619K(5696K)
[443.674s][info][gc          ] GC(738) Pause Young (Prepare Mixed) (G1 Evacuation Pause) 683M->265M(737M) 8.919ms
[443.674s][info][gc,cpu      ] GC(738) User=0.02s Sys=0.00s Real=0.01s
[444.661s][info][gc,start    ] GC(739) Pause Young (Mixed) (G1 Evacuation Pause)
[444.661s][info][gc,task     ] GC(739) Using 2 workers of 2 for evacuation
[444.672s][info][gc,phases   ] GC(739)   Pre Evacuate Collection Set: 0.25ms
[444.673s][info][gc,phases   ] GC(739)   Merge Heap Roots: 0.14ms
[444.673s][info][gc,phases   ] GC(739)   Evacuate Collection Set: 9.81ms
[444.673s][info][gc,phases   ] GC(739)   Post Evacuate Collection Set: 0.78ms
[444.673s][info][gc,phases   ] GC(739)   Other: 0.10ms
[444.673s][info][gc,heap     ] GC(739) Eden regions: 417->0(415)
[444.673s][info][gc,heap     ] GC(739) Survivor regions: 16->17(55)
[444.673s][info][gc,heap     ] GC(739) Old regions: 43->43
[444.673s][info][gc,heap     ] GC(739) Humongous regions: 207->207
[444.673s][info][gc,metaspace] GC(739) Metaspace: 57597K(57920K)->57597K(57920K) NonClass: 51977K(52224K)->51977K(52224K) Class: 5619K(5696K)->5619K(5696K)
[444.673s][info][gc          ] GC(739) Pause Young (Mixed) (G1 Evacuation Pause) 682M->266M(737M) 11.283ms
[444.673s][info][gc,cpu      ] GC(739) User=0.03s Sys=0.00s Real=0.01s
[445.673s][info][gc,start    ] GC(740) Pause Young (Concurrent Start) (G1 Evacuation Pause)
[445.673s][info][gc,task     ] GC(740) Using 2 workers of 2 for evacuation
[445.684s][info][gc,phases   ] GC(740)   Pre Evacuate Collection Set: 0.31ms
[445.684s][info][gc,phases   ] GC(740)   Merge Heap Roots: 0.12ms
[445.684s][info][gc,phases   ] GC(740)   Evacuate Collection Set: 9.72ms
[445.684s][info][gc,phases   ] GC(740)   Post Evacuate Collection Set: 0.78ms
[445.684s][info][gc,phases   ] GC(740)   Other: 0.11ms
[445.684s][info][gc,heap     ] GC(740) Eden regions: 415->0(415)
[445.684s][info][gc,heap     ] GC(740) Survivor regions: 17->17(54)
[445.684s][info][gc,heap     ] GC(740) Old regions: 43->43
[445.684s][info][gc,heap     ] GC(740) Humongous regions: 207->207
[445.684s][info][gc,metaspace] GC(740) Metaspace: 57597K(57920K)->57597K(57920K) NonClass: 51977K(52224K)->51977K(52224K) Class: 5619K(5696K)->5619K(5696K)
[445.684s][info][gc          ] GC(740) Pause Young (Concurrent Start) (G1 Evacuation Pause) 681M->266M(737M) 11.226ms
[445.684s][info][gc,cpu      ] GC(740) User=0.02s Sys=0.00s Real=0.01s
[445.684s][info][gc          ] GC(741) Concurrent Mark Cycle
[445.686s][info][gc,marking  ] GC(741) Concurrent Scan Root Regions
[445.697s][info][gc,marking  ] GC(741) Concurrent Scan Root Regions 10.755ms
[445.697s][info][gc,marking  ] GC(741) Concurrent Mark
[445.697s][info][gc,marking  ] GC(741) Concurrent Mark From Roots
[445.697s][info][gc,task     ] GC(741) Using 1 workers of 1 for marking
[445.736s][info][gc,marking  ] GC(741) Concurrent Mark From Roots 38.722ms
[445.736s][info][gc,marking  ] GC(741) Concurrent Preclean
[445.736s][info][gc,marking  ] GC(741) Concurrent Preclean 0.052ms
[445.736s][info][gc,start    ] GC(741) Pause Remark
[445.746s][info][gc          ] GC(741) Pause Remark 288M->283M(737M) 10.189ms
[445.746s][info][gc,cpu      ] GC(741) User=0.02s Sys=0.00s Real=0.01s
[445.747s][info][gc,marking  ] GC(741) Concurrent Mark 49.411ms
[445.747s][info][gc,marking  ] GC(741) Concurrent Rebuild Remembered Sets and Scrub Regions
[445.761s][info][gc,marking  ] GC(741) Concurrent Rebuild Remembered Sets and Scrub Regions 13.910ms
[445.761s][info][gc,start    ] GC(741) Pause Cleanup
[445.761s][info][gc          ] GC(741) Pause Cleanup 290M->290M(737M) 0.066ms
[445.761s][info][gc,cpu      ] GC(741) User=0.00s Sys=0.00s Real=0.00s
[445.761s][info][gc,marking  ] GC(741) Concurrent Clear Claimed Marks
[445.761s][info][gc,marking  ] GC(741) Concurrent Clear Claimed Marks 0.080ms
[445.761s][info][gc,marking  ] GC(741) Concurrent Cleanup for Next Mark
[445.763s][info][gc,marking  ] GC(741) Concurrent Cleanup for Next Mark 2.134ms
[445.763s][info][gc          ] GC(741) Concurrent Mark Cycle 78.656ms
[446.679s][info][gc,start    ] GC(742) Pause Young (Prepare Mixed) (G1 Evacuation Pause)
[446.679s][info][gc,task     ] GC(742) Using 2 workers of 2 for evacuation
[446.688s][info][gc,phases   ] GC(742)   Pre Evacuate Collection Set: 0.27ms
[446.688s][info][gc,phases   ] GC(742)   Merge Heap Roots: 0.15ms
[446.688s][info][gc,phases   ] GC(742)   Evacuate Collection Set: 7.72ms
[446.688s][info][gc,phases   ] GC(742)   Post Evacuate Collection Set: 0.74ms
[446.688s][info][gc,phases   ] GC(742)   Other: 0.10ms
[446.688s][info][gc,heap     ] GC(742) Eden regions: 415->0(434)
[446.688s][info][gc,heap     ] GC(742) Survivor regions: 17->4(54)
[446.688s][info][gc,heap     ] GC(742) Old regions: 38->50
[446.688s][info][gc,heap     ] GC(742) Humongous regions: 207->207
[446.688s][info][gc,metaspace] GC(742) Metaspace: 57597K(57920K)->57597K(57920K) NonClass: 51977K(52224K)->51977K(52224K) Class: 5619K(5696K)->5619K(5696K)
[446.688s][info][gc          ] GC(742) Pause Young (Prepare Mixed) (G1 Evacuation Pause) 676M->260M(737M) 9.170ms
[446.689s][info][gc,cpu      ] GC(742) User=0.02s Sys=0.00s Real=0.01s
[447.767s][info][gc,start    ] GC(743) Pause Young (Mixed) (G1 Evacuation Pause)
[447.767s][info][gc,task     ] GC(743) Using 2 workers of 2 for evacuation
[447.773s][info][gc,phases   ] GC(743)   Pre Evacuate Collection Set: 0.27ms
[447.773s][info][gc,phases   ] GC(743)   Merge Heap Roots: 0.13ms
[447.773s][info][gc,phases   ] GC(743)   Evacuate Collection Set: 4.66ms
[447.773s][info][gc,phases   ] GC(743)   Post Evacuate Collection Set: 0.70ms
[447.773s][info][gc,phases   ] GC(743)   Other: 0.10ms
[447.773s][info][gc,heap     ] GC(743) Eden regions: 434->0(435)
[447.773s][info][gc,heap     ] GC(743) Survivor regions: 4->5(55)
[447.773s][info][gc,heap     ] GC(743) Old regions: 50->47
[447.773s][info][gc,heap     ] GC(743) Humongous regions: 207->207
[447.773s][info][gc,metaspace] GC(743) Metaspace: 57597K(57920K)->57597K(57920K) NonClass: 51977K(52224K)->51977K(52224K) Class: 5619K(5696K)->5619K(5696K)
[447.773s][info][gc          ] GC(743) Pause Young (Mixed) (G1 Evacuation Pause) 694M->258M(737M) 6.030ms
[447.773s][info][gc,cpu      ] GC(743) User=0.01s Sys=0.00s Real=0.01s
[448.855s][info][gc,start    ] GC(744) Pause Young (Concurrent Start) (G1 Evacuation Pause)
[448.855s][info][gc,task     ] GC(744) Using 2 workers of 2 for evacuation
[448.860s][info][gc,phases   ] GC(744)   Pre Evacuate Collection Set: 0.29ms
[448.860s][info][gc,phases   ] GC(744)   Merge Heap Roots: 0.14ms
[448.860s][info][gc,phases   ] GC(744)   Evacuate Collection Set: 3.04ms
[448.860s][info][gc,phases   ] GC(744)   Post Evacuate Collection Set: 0.71ms
[448.860s][info][gc,phases   ] GC(744)   Other: 0.10ms
[448.860s][info][gc,heap     ] GC(744) Eden regions: 435->0(438)
[448.860s][info][gc,heap     ] GC(744) Survivor regions: 5->3(55)
[448.860s][info][gc,heap     ] GC(744) Old regions: 47->48
[448.860s][info][gc,heap     ] GC(744) Humongous regions: 207->207
[448.860s][info][gc,metaspace] GC(744) Metaspace: 57597K(57920K)->57597K(57920K) NonClass: 51977K(52224K)->51977K(52224K) Class: 5619K(5696K)->5619K(5696K)
[448.860s][info][gc          ] GC(744) Pause Young (Concurrent Start) (G1 Evacuation Pause) 693M->257M(737M) 4.466ms
[448.860s][info][gc          ] GC(745) Concurrent Mark Cycle
[448.860s][info][gc,marking  ] GC(745) Concurrent Scan Root Regions
[448.861s][info][gc,cpu      ] GC(744) User=0.01s Sys=0.00s Real=0.00s
[448.862s][info][gc,marking  ] GC(745) Concurrent Scan Root Regions 1.856ms
[448.862s][info][gc,marking  ] GC(745) Concurrent Mark
[448.862s][info][gc,marking  ] GC(745) Concurrent Mark From Roots
[448.862s][info][gc,task     ] GC(745) Using 1 workers of 1 for marking
[448.926s][info][gc,marking  ] GC(745) Concurrent Mark From Roots 64.029ms
[448.926s][info][gc,marking  ] GC(745) Concurrent Preclean
[448.926s][info][gc,marking  ] GC(745) Concurrent Preclean 0.078ms
[448.926s][info][gc,start    ] GC(745) Pause Remark
[448.936s][info][gc          ] GC(745) Pause Remark 292M->292M(737M) 10.250ms
[448.936s][info][gc,cpu      ] GC(745) User=0.02s Sys=0.00s Real=0.01s
[448.937s][info][gc,marking  ] GC(745) Concurrent Mark 74.955ms
[448.937s][info][gc,marking  ] GC(745) Concurrent Rebuild Remembered Sets and Scrub Regions
[448.958s][info][gc,marking  ] GC(745) Concurrent Rebuild Remembered Sets and Scrub Regions 21.066ms
[448.958s][info][gc,start    ] GC(745) Pause Cleanup
[448.958s][info][gc          ] GC(745) Pause Cleanup 300M->300M(737M) 0.066ms
[448.958s][info][gc,cpu      ] GC(745) User=0.00s Sys=0.00s Real=0.00s
[448.958s][info][gc,marking  ] GC(745) Concurrent Clear Claimed Marks
[448.958s][info][gc,marking  ] GC(745) Concurrent Clear Claimed Marks 0.081ms
[448.958s][info][gc,marking  ] GC(745) Concurrent Cleanup for Next Mark
[448.960s][info][gc,marking  ] GC(745) Concurrent Cleanup for Next Mark 2.136ms
[448.960s][info][gc          ] GC(745) Concurrent Mark Cycle 100.440ms
[449.951s][info][gc,start    ] GC(746) Pause Young (Prepare Mixed) (G1 Evacuation Pause)
[449.951s][info][gc,task     ] GC(746) Using 2 workers of 2 for evacuation
[449.955s][info][gc,phases   ] GC(746)   Pre Evacuate Collection Set: 0.26ms
[449.955s][info][gc,phases   ] GC(746)   Merge Heap Roots: 0.14ms
[449.955s][info][gc,phases   ] GC(746)   Evacuate Collection Set: 2.49ms
[449.955s][info][gc,phases   ] GC(746)   Post Evacuate Collection Set: 0.70ms
[449.955s][info][gc,phases   ] GC(746)   Other: 0.10ms
[449.955s][info][gc,heap     ] GC(746) Eden regions: 438->0(438)
[449.955s][info][gc,heap     ] GC(746) Survivor regions: 3->3(56)
[449.955s][info][gc,heap     ] GC(746) Old regions: 48->48
[449.955s][info][gc,heap     ] GC(746) Humongous regions: 207->207
[449.955s][info][gc,metaspace] GC(746) Metaspace: 57597K(57920K)->57597K(57920K) NonClass: 51977K(52224K)->51977K(52224K) Class: 5619K(5696K)->5619K(5696K)
[449.955s][info][gc          ] GC(746) Pause Young (Prepare Mixed) (G1 Evacuation Pause) 695M->256M(737M) 3.846ms
[449.955s][info][gc,cpu      ] GC(746) User=0.00s Sys=0.00s Real=0.00s
[450.985s][info][gc,start    ] GC(747) Pause Young (Mixed) (G1 Evacuation Pause)
[450.985s][info][gc,task     ] GC(747) Using 2 workers of 2 for evacuation
[450.990s][info][gc,phases   ] GC(747)   Pre Evacuate Collection Set: 0.26ms
[450.990s][info][gc,phases   ] GC(747)   Merge Heap Roots: 0.14ms
[450.990s][info][gc,phases   ] GC(747)   Evacuate Collection Set: 3.82ms
[450.990s][info][gc,phases   ] GC(747)   Post Evacuate Collection Set: 0.69ms
[450.990s][info][gc,phases   ] GC(747)   Other: 0.09ms
[450.990s][info][gc,heap     ] GC(747) Eden regions: 438->0(438)
[450.990s][info][gc,heap     ] GC(747) Survivor regions: 3->4(56)
[450.990s][info][gc,heap     ] GC(747) Old regions: 48->45
[450.990s][info][gc,heap     ] GC(747) Humongous regions: 207->207
[450.990s][info][gc,metaspace] GC(747) Metaspace: 57597K(57920K)->57597K(57920K) NonClass: 51977K(52224K)->51977K(52224K) Class: 5619K(5696K)->5619K(5696K)
[450.990s][info][gc          ] GC(747) Pause Young (Mixed) (G1 Evacuation Pause) 694M->254M(737M) 5.205ms
[450.990s][info][gc,cpu      ] GC(747) User=0.01s Sys=0.00s Real=0.00s
[452.114s][info][gc,start    ] GC(748) Pause Young (Concurrent Start) (G1 Evacuation Pause)
[452.114s][info][gc,task     ] GC(748) Using 2 workers of 2 for evacuation
[452.119s][info][gc,phases   ] GC(748)   Pre Evacuate Collection Set: 0.30ms
[452.119s][info][gc,phases   ] GC(748)   Merge Heap Roots: 0.14ms
[452.119s][info][gc,phases   ] GC(748)   Evacuate Collection Set: 3.57ms
[452.119s][info][gc,phases   ] GC(748)   Post Evacuate Collection Set: 0.68ms
[452.119s][info][gc,phases   ] GC(748)   Other: 0.10ms
[452.119s][info][gc,heap     ] GC(748) Eden regions: 438->0(439)
[452.119s][info][gc,heap     ] GC(748) Survivor regions: 4->3(56)
[452.119s][info][gc,heap     ] GC(748) Old regions: 45->45
[452.119s][info][gc,heap     ] GC(748) Humongous regions: 207->207
[452.119s][info][gc,metaspace] GC(748) Metaspace: 57597K(57920K)->57597K(57920K) NonClass: 51977K(52224K)->51977K(52224K) Class: 5619K(5696K)->5619K(5696K)
[452.119s][info][gc          ] GC(748) Pause Young (Concurrent Start) (G1 Evacuation Pause) 692M->254M(737M) 4.971ms
[452.119s][info][gc          ] GC(749) Concurrent Mark Cycle
[452.119s][info][gc,marking  ] GC(749) Concurrent Scan Root Regions
[452.120s][info][gc,cpu      ] GC(748) User=0.01s Sys=0.00s Real=0.00s
[452.123s][info][gc,marking  ] GC(749) Concurrent Scan Root Regions 3.816ms
[452.123s][info][gc,marking  ] GC(749) Concurrent Mark
[452.123s][info][gc,marking  ] GC(749) Concurrent Mark From Roots
[452.123s][info][gc,task     ] GC(749) Using 1 workers of 1 for marking
[452.191s][info][gc,marking  ] GC(749) Concurrent Mark From Roots 67.527ms
[452.191s][info][gc,marking  ] GC(749) Concurrent Preclean
[452.191s][info][gc,marking  ] GC(749) Concurrent Preclean 0.077ms
[452.191s][info][gc,start    ] GC(749) Pause Remark
[452.201s][info][gc          ] GC(749) Pause Remark 302M->302M(737M) 10.170ms
[452.201s][info][gc,cpu      ] GC(749) User=0.02s Sys=0.00s Real=0.01s
[452.201s][info][gc,marking  ] GC(749) Concurrent Mark 78.417ms
[452.201s][info][gc,marking  ] GC(749) Concurrent Rebuild Remembered Sets and Scrub Regions
[452.225s][info][gc,marking  ] GC(749) Concurrent Rebuild Remembered Sets and Scrub Regions 23.439ms
[452.225s][info][gc,start    ] GC(749) Pause Cleanup
[452.225s][info][gc          ] GC(749) Pause Cleanup 312M->312M(737M) 0.071ms
[452.225s][info][gc,cpu      ] GC(749) User=0.00s Sys=0.00s Real=0.00s
[452.225s][info][gc,marking  ] GC(749) Concurrent Clear Claimed Marks
[452.225s][info][gc,marking  ] GC(749) Concurrent Clear Claimed Marks 0.098ms
[452.225s][info][gc,marking  ] GC(749) Concurrent Cleanup for Next Mark
[452.227s][info][gc,marking  ] GC(749) Concurrent Cleanup for Next Mark 2.137ms
[452.227s][info][gc          ] GC(749) Concurrent Mark Cycle 108.198ms
[453.269s][info][gc,start    ] GC(750) Pause Young (Prepare Mixed) (G1 Evacuation Pause)
[453.269s][info][gc,task     ] GC(750) Using 2 workers of 2 for evacuation
[453.274s][info][gc,phases   ] GC(750)   Pre Evacuate Collection Set: 0.26ms
[453.274s][info][gc,phases   ] GC(750)   Merge Heap Roots: 0.15ms
[453.274s][info][gc,phases   ] GC(750)   Evacuate Collection Set: 3.78ms
[453.274s][info][gc,phases   ] GC(750)   Post Evacuate Collection Set: 0.69ms
[453.274s][info][gc,phases   ] GC(750)   Other: 0.12ms
[453.274s][info][gc,heap     ] GC(750) Eden regions: 439->0(438)
[453.274s][info][gc,heap     ] GC(750) Survivor regions: 3->4(56)
[453.274s][info][gc,heap     ] GC(750) Old regions: 45->45
[453.274s][info][gc,heap     ] GC(750) Humongous regions: 207->207
[453.274s][info][gc,metaspace] GC(750) Metaspace: 57597K(57920K)->57597K(57920K) NonClass: 51977K(52224K)->51977K(52224K) Class: 5619K(5696K)->5619K(5696K)
[453.274s][info][gc          ] GC(750) Pause Young (Prepare Mixed) (G1 Evacuation Pause) 693M->254M(737M) 5.193ms
[453.274s][info][gc,cpu      ] GC(750) User=0.01s Sys=0.00s Real=0.01s
[454.287s][info][gc,start    ] GC(751) Pause Young (Mixed) (G1 Evacuation Pause)
[454.287s][info][gc,task     ] GC(751) Using 2 workers of 2 for evacuation
[454.292s][info][gc,phases   ] GC(751)   Pre Evacuate Collection Set: 0.27ms
[454.292s][info][gc,phases   ] GC(751)   Merge Heap Roots: 0.15ms
[454.292s][info][gc,phases   ] GC(751)   Evacuate Collection Set: 3.78ms
[454.292s][info][gc,phases   ] GC(751)   Post Evacuate Collection Set: 0.70ms
[454.292s][info][gc,phases   ] GC(751)   Other: 0.08ms
[454.292s][info][gc,heap     ] GC(751) Eden regions: 438->0(438)
[454.292s][info][gc,heap     ] GC(751) Survivor regions: 4->4(56)
[454.292s][info][gc,heap     ] GC(751) Old regions: 45->43
[454.292s][info][gc,heap     ] GC(751) Humongous regions: 207->207
[454.292s][info][gc,metaspace] GC(751) Metaspace: 57597K(57920K)->57597K(57920K) NonClass: 51977K(52224K)->51977K(52224K) Class: 5619K(5696K)->5619K(5696K)
[454.292s][info][gc          ] GC(751) Pause Young (Mixed) (G1 Evacuation Pause) 692M->252M(737M) 5.146ms
[454.292s][info][gc,cpu      ] GC(751) User=0.01s Sys=0.00s Real=0.01s
[455.375s][info][gc,start    ] GC(752) Pause Young (Concurrent Start) (G1 Evacuation Pause)
[455.375s][info][gc,task     ] GC(752) Using 2 workers of 2 for evacuation
[455.381s][info][gc,phases   ] GC(752)   Pre Evacuate Collection Set: 0.27ms
[455.381s][info][gc,phases   ] GC(752)   Merge Heap Roots: 0.14ms
[455.381s][info][gc,phases   ] GC(752)   Evacuate Collection Set: 5.11ms
[455.381s][info][gc,phases   ] GC(752)   Post Evacuate Collection Set: 0.70ms
[455.381s][info][gc,phases   ] GC(752)   Other: 0.11ms
[455.382s][info][gc,heap     ] GC(752) Eden regions: 438->0(439)
[455.382s][info][gc,heap     ] GC(752) Survivor regions: 4->3(56)
[455.382s][info][gc,heap     ] GC(752) Old regions: 43->44
[455.382s][info][gc,heap     ] GC(752) Humongous regions: 207->207
[455.382s][info][gc,metaspace] GC(752) Metaspace: 57597K(57920K)->57597K(57920K) NonClass: 51977K(52224K)->51977K(52224K) Class: 5619K(5696K)->5619K(5696K)
[455.382s][info][gc          ] GC(752) Pause Young (Concurrent Start) (G1 Evacuation Pause) 690M->253M(737M) 6.524ms
[455.382s][info][gc          ] GC(753) Concurrent Mark Cycle
[455.382s][info][gc,marking  ] GC(753) Concurrent Scan Root Regions
[455.382s][info][gc,cpu      ] GC(752) User=0.01s Sys=0.00s Real=0.01s
[455.389s][info][gc,marking  ] GC(753) Concurrent Scan Root Regions 7.093ms
[455.389s][info][gc,marking  ] GC(753) Concurrent Mark
[455.389s][info][gc,marking  ] GC(753) Concurrent Mark From Roots
[455.389s][info][gc,task     ] GC(753) Using 1 workers of 1 for marking
[455.465s][info][gc,marking  ] GC(753) Concurrent Mark From Roots 76.408ms
[455.466s][info][gc,marking  ] GC(753) Concurrent Preclean
[455.466s][info][gc,marking  ] GC(753) Concurrent Preclean 0.089ms
[455.466s][info][gc,start    ] GC(753) Pause Remark
[455.498s][info][gc          ] GC(753) Pause Remark 261M->261M(737M) 32.009ms
[455.498s][info][gc,cpu      ] GC(753) User=0.03s Sys=0.00s Real=0.03s
[455.498s][info][gc,marking  ] GC(753) Concurrent Mark 109.404ms
[455.498s][info][gc,marking  ] GC(753) Concurrent Rebuild Remembered Sets and Scrub Regions
[455.516s][info][gc,marking  ] GC(753) Concurrent Rebuild Remembered Sets and Scrub Regions 17.500ms
[455.516s][info][gc,start    ] GC(753) Pause Cleanup
[455.516s][info][gc          ] GC(753) Pause Cleanup 266M->266M(737M) 0.073ms
[455.516s][info][gc,cpu      ] GC(753) User=0.00s Sys=0.00s Real=0.00s
[455.516s][info][gc,marking  ] GC(753) Concurrent Clear Claimed Marks
[455.516s][info][gc,marking  ] GC(753) Concurrent Clear Claimed Marks 0.388ms
[455.516s][info][gc,marking  ] GC(753) Concurrent Cleanup for Next Mark
[455.519s][info][gc,marking  ] GC(753) Concurrent Cleanup for Next Mark 2.195ms
[455.519s][info][gc          ] GC(753) Concurrent Mark Cycle 136.990ms
[456.471s][info][gc,start    ] GC(754) Pause Young (Prepare Mixed) (G1 Evacuation Pause)
[456.471s][info][gc,task     ] GC(754) Using 2 workers of 2 for evacuation
[456.477s][info][gc,phases   ] GC(754)   Pre Evacuate Collection Set: 0.28ms
[456.477s][info][gc,phases   ] GC(754)   Merge Heap Roots: 0.15ms
[456.477s][info][gc,phases   ] GC(754)   Evacuate Collection Set: 4.95ms
[456.477s][info][gc,phases   ] GC(754)   Post Evacuate Collection Set: 0.70ms
[456.477s][info][gc,phases   ] GC(754)   Other: 0.08ms
[456.477s][info][gc,heap     ] GC(754) Eden regions: 439->0(440)
[456.477s][info][gc,heap     ] GC(754) Survivor regions: 3->2(56)
[456.477s][info][gc,heap     ] GC(754) Old regions: 44->44
[456.477s][info][gc,heap     ] GC(754) Humongous regions: 207->207
[456.477s][info][gc,metaspace] GC(754) Metaspace: 57597K(57920K)->57597K(57920K) NonClass: 51977K(52224K)->51977K(52224K) Class: 5619K(5696K)->5619K(5696K)
[456.478s][info][gc          ] GC(754) Pause Young (Prepare Mixed) (G1 Evacuation Pause) 692M->252M(737M) 6.334ms
[456.478s][info][gc,cpu      ] GC(754) User=0.01s Sys=0.00s Real=0.00s
[457.568s][info][gc,start    ] GC(755) Pause Young (Mixed) (G1 Evacuation Pause)
[457.568s][info][gc,task     ] GC(755) Using 2 workers of 2 for evacuation
[457.582s][info][gc,phases   ] GC(755)   Pre Evacuate Collection Set: 0.40ms
[457.582s][info][gc,phases   ] GC(755)   Merge Heap Roots: 0.16ms
[457.585s][info][gc,phases   ] GC(755)   Evacuate Collection Set: 10.86ms
[457.585s][info][gc,phases   ] GC(755)   Post Evacuate Collection Set: 2.53ms
[457.585s][info][gc,phases   ] GC(755)   Other: 0.09ms
[457.585s][info][gc,heap     ] GC(755) Eden regions: 440->0(440)
[457.585s][info][gc,heap     ] GC(755) Survivor regions: 2->2(56)
[457.585s][info][gc,heap     ] GC(755) Old regions: 44->42
[457.585s][info][gc,heap     ] GC(755) Humongous regions: 207->207
[457.585s][info][gc,metaspace] GC(755) Metaspace: 57597K(57920K)->57597K(57920K) NonClass: 51977K(52224K)->51977K(52224K) Class: 5619K(5696K)->5619K(5696K)
[457.585s][info][gc          ] GC(755) Pause Young (Mixed) (G1 Evacuation Pause) 692M->250M(737M) 17.591ms
[457.585s][info][gc,cpu      ] GC(755) User=0.01s Sys=0.00s Real=0.02s
[458.636s][info][gc,start    ] GC(756) Pause Young (Concurrent Start) (G1 Evacuation Pause)
[458.636s][info][gc,task     ] GC(756) Using 2 workers of 2 for evacuation
[458.642s][info][gc,phases   ] GC(756)   Pre Evacuate Collection Set: 0.45ms
[458.642s][info][gc,phases   ] GC(756)   Merge Heap Roots: 0.14ms
[458.642s][info][gc,phases   ] GC(756)   Evacuate Collection Set: 4.26ms
[458.642s][info][gc,phases   ] GC(756)   Post Evacuate Collection Set: 0.77ms
[458.642s][info][gc,phases   ] GC(756)   Other: 0.16ms
[458.642s][info][gc,heap     ] GC(756) Eden regions: 440->0(440)
[458.642s][info][gc,heap     ] GC(756) Survivor regions: 2->2(56)
[458.642s][info][gc,heap     ] GC(756) Old regions: 42->42
[458.642s][info][gc,heap     ] GC(756) Humongous regions: 207->207
[458.642s][info][gc,metaspace] GC(756) Metaspace: 57597K(57920K)->57597K(57920K) NonClass: 51977K(52224K)->51977K(52224K) Class: 5619K(5696K)->5619K(5696K)
[458.642s][info][gc          ] GC(756) Pause Young (Concurrent Start) (G1 Evacuation Pause) 690M->250M(737M) 5.958ms
[458.643s][info][gc          ] GC(757) Concurrent Mark Cycle
[458.643s][info][gc,marking  ] GC(757) Concurrent Scan Root Regions
[458.643s][info][gc,cpu      ] GC(756) User=0.01s Sys=0.00s Real=0.01s
[458.649s][info][gc,marking  ] GC(757) Concurrent Scan Root Regions 5.363ms
[458.649s][info][gc,marking  ] GC(757) Concurrent Mark
[458.649s][info][gc,marking  ] GC(757) Concurrent Mark From Roots
[458.649s][info][gc,task     ] GC(757) Using 1 workers of 1 for marking
[458.723s][info][gc,marking  ] GC(757) Concurrent Mark From Roots 74.479ms
[458.723s][info][gc,marking  ] GC(757) Concurrent Preclean
[458.723s][info][gc,marking  ] GC(757) Concurrent Preclean 0.089ms
[458.723s][info][gc,start    ] GC(757) Pause Remark
[458.734s][info][gc          ] GC(757) Pause Remark 296M->296M(737M) 10.389ms
[458.734s][info][gc,cpu      ] GC(757) User=0.02s Sys=0.00s Real=0.01s
[458.734s][info][gc,marking  ] GC(757) Concurrent Mark 85.382ms
[458.734s][info][gc,marking  ] GC(757) Concurrent Rebuild Remembered Sets and Scrub Regions
[458.751s][info][gc,marking  ] GC(757) Concurrent Rebuild Remembered Sets and Scrub Regions 17.504ms
[458.752s][info][gc,start    ] GC(757) Pause Cleanup
[458.752s][info][gc          ] GC(757) Pause Cleanup 298M->298M(737M) 0.069ms
[458.752s][info][gc,cpu      ] GC(757) User=0.00s Sys=0.00s Real=0.00s
[458.752s][info][gc,marking  ] GC(757) Concurrent Clear Claimed Marks
[458.752s][info][gc,marking  ] GC(757) Concurrent Clear Claimed Marks 0.090ms
[458.752s][info][gc,marking  ] GC(757) Concurrent Cleanup for Next Mark
[458.758s][info][gc,marking  ] GC(757) Concurrent Cleanup for Next Mark 6.163ms
[458.758s][info][gc          ] GC(757) Concurrent Mark Cycle 115.294ms
[459.678s][info][gc,start    ] GC(758) Pause Young (Prepare Mixed) (G1 Evacuation Pause)
[459.678s][info][gc,task     ] GC(758) Using 2 workers of 2 for evacuation
[459.685s][info][gc,phases   ] GC(758)   Pre Evacuate Collection Set: 0.25ms
[459.685s][info][gc,phases   ] GC(758)   Merge Heap Roots: 0.16ms
[459.685s][info][gc,phases   ] GC(758)   Evacuate Collection Set: 5.08ms
[459.685s][info][gc,phases   ] GC(758)   Post Evacuate Collection Set: 0.71ms
[459.685s][info][gc,phases   ] GC(758)   Other: 0.09ms
[459.685s][info][gc,heap     ] GC(758) Eden regions: 440->0(438)
[459.685s][info][gc,heap     ] GC(758) Survivor regions: 2->4(56)
[459.685s][info][gc,heap     ] GC(758) Old regions: 42->42
[459.685s][info][gc,heap     ] GC(758) Humongous regions: 207->207
[459.685s][info][gc,metaspace] GC(758) Metaspace: 57597K(57920K)->57597K(57920K) NonClass: 51977K(52224K)->51977K(52224K) Class: 5619K(5696K)->5619K(5696K)
[459.685s][info][gc          ] GC(758) Pause Young (Prepare Mixed) (G1 Evacuation Pause) 690M->252M(737M) 6.462ms
[459.685s][info][gc,cpu      ] GC(758) User=0.02s Sys=0.00s Real=0.01s
[460.762s][info][gc,start    ] GC(759) Pause Young (Mixed) (G1 Evacuation Pause)
[460.762s][info][gc,task     ] GC(759) Using 2 workers of 2 for evacuation
[460.767s][info][gc,phases   ] GC(759)   Pre Evacuate Collection Set: 0.28ms
[460.767s][info][gc,phases   ] GC(759)   Merge Heap Roots: 0.14ms
[460.767s][info][gc,phases   ] GC(759)   Evacuate Collection Set: 4.09ms
[460.767s][info][gc,phases   ] GC(759)   Post Evacuate Collection Set: 0.70ms
[460.767s][info][gc,phases   ] GC(759)   Other: 0.07ms
[460.767s][info][gc,heap     ] GC(759) Eden regions: 438->0(439)
[460.767s][info][gc,heap     ] GC(759) Survivor regions: 4->3(56)
[460.767s][info][gc,heap     ] GC(759) Old regions: 42->41
[460.767s][info][gc,heap     ] GC(759) Humongous regions: 207->207
[460.767s][info][gc,metaspace] GC(759) Metaspace: 57597K(57920K)->57597K(57920K) NonClass: 51977K(52224K)->51977K(52224K) Class: 5619K(5696K)->5619K(5696K)
[460.767s][info][gc          ] GC(759) Pause Young (Mixed) (G1 Evacuation Pause) 690M->249M(737M) 5.455ms
[460.767s][info][gc,cpu      ] GC(759) User=0.01s Sys=0.00s Real=0.00s
[461.851s][info][gc,start    ] GC(760) Pause Young (Concurrent Start) (G1 Evacuation Pause)
[461.851s][info][gc,task     ] GC(760) Using 2 workers of 2 for evacuation
[461.855s][info][gc,phases   ] GC(760)   Pre Evacuate Collection Set: 0.26ms
[461.855s][info][gc,phases   ] GC(760)   Merge Heap Roots: 0.14ms
[461.855s][info][gc,phases   ] GC(760)   Evacuate Collection Set: 2.55ms
[461.855s][info][gc,phases   ] GC(760)   Post Evacuate Collection Set: 0.69ms
[461.855s][info][gc,phases   ] GC(760)   Other: 0.09ms
[461.855s][info][gc,heap     ] GC(760) Eden regions: 439->0(440)
[461.855s][info][gc,heap     ] GC(760) Survivor regions: 3->2(56)
[461.855s][info][gc,heap     ] GC(760) Old regions: 41->41
[461.855s][info][gc,heap     ] GC(760) Humongous regions: 207->207
[461.855s][info][gc,metaspace] GC(760) Metaspace: 57597K(57920K)->57597K(57920K) NonClass: 51977K(52224K)->51977K(52224K) Class: 5619K(5696K)->5619K(5696K)
[461.855s][info][gc          ] GC(760) Pause Young (Concurrent Start) (G1 Evacuation Pause) 688M->248M(737M) 3.918ms
[461.855s][info][gc          ] GC(761) Concurrent Mark Cycle
[461.855s][info][gc,marking  ] GC(761) Concurrent Scan Root Regions
[461.855s][info][gc,cpu      ] GC(760) User=0.00s Sys=0.00s Real=0.01s
[461.857s][info][gc,marking  ] GC(761) Concurrent Scan Root Regions 1.707ms
[461.857s][info][gc,marking  ] GC(761) Concurrent Mark
[461.857s][info][gc,marking  ] GC(761) Concurrent Mark From Roots
[461.857s][info][gc,task     ] GC(761) Using 1 workers of 1 for marking
[461.913s][info][gc,marking  ] GC(761) Concurrent Mark From Roots 55.932ms
[461.913s][info][gc,marking  ] GC(761) Concurrent Preclean
[461.913s][info][gc,marking  ] GC(761) Concurrent Preclean 0.077ms
[461.913s][info][gc,start    ] GC(761) Pause Remark
[461.923s][info][gc          ] GC(761) Pause Remark 286M->286M(737M) 10.256ms
[461.923s][info][gc,cpu      ] GC(761) User=0.02s Sys=0.00s Real=0.01s
[461.924s][info][gc,marking  ] GC(761) Concurrent Mark 66.936ms
[461.924s][info][gc,marking  ] GC(761) Concurrent Rebuild Remembered Sets and Scrub Regions
[461.940s][info][gc,marking  ] GC(761) Concurrent Rebuild Remembered Sets and Scrub Regions 16.520ms
[461.940s][info][gc,start    ] GC(761) Pause Cleanup
[461.940s][info][gc          ] GC(761) Pause Cleanup 287M->287M(737M) 0.061ms
[461.940s][info][gc,cpu      ] GC(761) User=0.00s Sys=0.00s Real=0.00s
[461.940s][info][gc,marking  ] GC(761) Concurrent Clear Claimed Marks
[461.941s][info][gc,marking  ] GC(761) Concurrent Clear Claimed Marks 0.088ms
[461.941s][info][gc,marking  ] GC(761) Concurrent Cleanup for Next Mark
[461.943s][info][gc,marking  ] GC(761) Concurrent Cleanup for Next Mark 2.170ms
[461.943s][info][gc          ] GC(761) Concurrent Mark Cycle 87.693ms
[462.874s][info][gc,start    ] GC(762) Pause Young (Prepare Mixed) (G1 Evacuation Pause)
[462.875s][info][gc,task     ] GC(762) Using 2 workers of 2 for evacuation
[462.880s][info][gc,phases   ] GC(762)   Pre Evacuate Collection Set: 0.27ms
[462.880s][info][gc,phases   ] GC(762)   Merge Heap Roots: 0.15ms
[462.880s][info][gc,phases   ] GC(762)   Evacuate Collection Set: 4.33ms
[462.880s][info][gc,phases   ] GC(762)   Post Evacuate Collection Set: 0.71ms
[462.880s][info][gc,phases   ] GC(762)   Other: 0.10ms
[462.880s][info][gc,heap     ] GC(762) Eden regions: 440->0(439)
[462.880s][info][gc,heap     ] GC(762) Survivor regions: 2->3(56)
[462.880s][info][gc,heap     ] GC(762) Old regions: 41->41
[462.880s][info][gc,heap     ] GC(762) Humongous regions: 207->207
[462.880s][info][gc,metaspace] GC(762) Metaspace: 57597K(57920K)->57597K(57920K) NonClass: 51977K(52224K)->51977K(52224K) Class: 5619K(5696K)->5619K(5696K)
[462.880s][info][gc          ] GC(762) Pause Young (Prepare Mixed) (G1 Evacuation Pause) 688M->249M(737M) 5.750ms
[462.880s][info][gc,cpu      ] GC(762) User=0.00s Sys=0.01s Real=0.00s
[463.963s][info][gc,start    ] GC(763) Pause Young (Mixed) (G1 Evacuation Pause)
[463.963s][info][gc,task     ] GC(763) Using 2 workers of 2 for evacuation
[463.968s][info][gc,phases   ] GC(763)   Pre Evacuate Collection Set: 0.28ms
[463.968s][info][gc,phases   ] GC(763)   Merge Heap Roots: 0.13ms
[463.968s][info][gc,phases   ] GC(763)   Evacuate Collection Set: 3.86ms
[463.968s][info][gc,phases   ] GC(763)   Post Evacuate Collection Set: 0.70ms
[463.968s][info][gc,phases   ] GC(763)   Other: 0.08ms
[463.968s][info][gc,heap     ] GC(763) Eden regions: 439->0(440)
[463.968s][info][gc,heap     ] GC(763) Survivor regions: 3->2(56)
[463.968s][info][gc,heap     ] GC(763) Old regions: 41->39
[463.968s][info][gc,heap     ] GC(763) Humongous regions: 207->207
[463.968s][info][gc,metaspace] GC(763) Metaspace: 57599K(57920K)->57599K(57920K) NonClass: 51980K(52224K)->51980K(52224K) Class: 5619K(5696K)->5619K(5696K)
[463.968s][info][gc          ] GC(763) Pause Young (Mixed) (G1 Evacuation Pause) 688M->247M(737M) 5.211ms
[463.968s][info][gc,cpu      ] GC(763) User=0.01s Sys=0.00s Real=0.00s
[465.094s][info][gc,start    ] GC(764) Pause Young (Concurrent Start) (G1 Evacuation Pause)
[465.094s][info][gc,task     ] GC(764) Using 2 workers of 2 for evacuation
[465.098s][info][gc,phases   ] GC(764)   Pre Evacuate Collection Set: 0.28ms
[465.098s][info][gc,phases   ] GC(764)   Merge Heap Roots: 0.13ms
[465.098s][info][gc,phases   ] GC(764)   Evacuate Collection Set: 2.48ms
[465.098s][info][gc,phases   ] GC(764)   Post Evacuate Collection Set: 0.69ms
[465.098s][info][gc,phases   ] GC(764)   Other: 0.11ms
[465.098s][info][gc,heap     ] GC(764) Eden regions: 440->0(441)
[465.098s][info][gc,heap     ] GC(764) Survivor regions: 2->1(56)
[465.098s][info][gc,heap     ] GC(764) Old regions: 39->39
[465.098s][info][gc,heap     ] GC(764) Humongous regions: 207->207
[465.098s][info][gc,metaspace] GC(764) Metaspace: 57599K(57920K)->57599K(57920K) NonClass: 51980K(52224K)->51980K(52224K) Class: 5619K(5696K)->5619K(5696K)
[465.098s][info][gc          ] GC(764) Pause Young (Concurrent Start) (G1 Evacuation Pause) 687M->246M(737M) 3.874ms
[465.098s][info][gc,cpu      ] GC(764) User=0.01s Sys=0.00s Real=0.00s
[465.098s][info][gc          ] GC(765) Concurrent Mark Cycle
[465.098s][info][gc,marking  ] GC(765) Concurrent Scan Root Regions
[465.100s][info][gc,marking  ] GC(765) Concurrent Scan Root Regions 1.865ms
[465.100s][info][gc,marking  ] GC(765) Concurrent Mark
[465.100s][info][gc,marking  ] GC(765) Concurrent Mark From Roots
[465.100s][info][gc,task     ] GC(765) Using 1 workers of 1 for marking
[465.140s][info][gc,marking  ] GC(765) Concurrent Mark From Roots 39.353ms
[465.140s][info][gc,marking  ] GC(765) Concurrent Preclean
[465.140s][info][gc,marking  ] GC(765) Concurrent Preclean 0.070ms
[465.140s][info][gc,start    ] GC(765) Pause Remark
[465.150s][info][gc          ] GC(765) Pause Remark 248M->248M(737M) 10.059ms
[465.150s][info][gc,cpu      ] GC(765) User=0.02s Sys=0.00s Real=0.01s
[465.150s][info][gc,marking  ] GC(765) Concurrent Mark 49.726ms
[465.150s][info][gc,marking  ] GC(765) Concurrent Rebuild Remembered Sets and Scrub Regions
[465.176s][info][gc,marking  ] GC(765) Concurrent Rebuild Remembered Sets and Scrub Regions 25.667ms
[465.176s][info][gc,start    ] GC(765) Pause Cleanup
[465.176s][info][gc          ] GC(765) Pause Cleanup 267M->267M(737M) 0.070ms
[465.176s][info][gc,cpu      ] GC(765) User=0.00s Sys=0.00s Real=0.00s
[465.176s][info][gc,marking  ] GC(765) Concurrent Clear Claimed Marks
[465.176s][info][gc,marking  ] GC(765) Concurrent Clear Claimed Marks 0.079ms
[465.176s][info][gc,marking  ] GC(765) Concurrent Cleanup for Next Mark
[465.179s][info][gc,marking  ] GC(765) Concurrent Cleanup for Next Mark 3.192ms
[465.179s][info][gc          ] GC(765) Concurrent Mark Cycle 80.986ms
[466.181s][info][gc,start    ] GC(766) Pause Young (Prepare Mixed) (G1 Evacuation Pause)
[466.181s][info][gc,task     ] GC(766) Using 2 workers of 2 for evacuation
[466.186s][info][gc,phases   ] GC(766)   Pre Evacuate Collection Set: 0.26ms
[466.186s][info][gc,phases   ] GC(766)   Merge Heap Roots: 0.15ms
[466.186s][info][gc,phases   ] GC(766)   Evacuate Collection Set: 4.58ms
[466.186s][info][gc,phases   ] GC(766)   Post Evacuate Collection Set: 0.71ms
[466.186s][info][gc,phases   ] GC(766)   Other: 0.08ms
[466.186s][info][gc,heap     ] GC(766) Eden regions: 441->0(438)
[466.186s][info][gc,heap     ] GC(766) Survivor regions: 1->4(56)
[466.186s][info][gc,heap     ] GC(766) Old regions: 39->39
[466.186s][info][gc,heap     ] GC(766) Humongous regions: 207->207
[466.186s][info][gc,metaspace] GC(766) Metaspace: 57599K(57920K)->57599K(57920K) NonClass: 51980K(52224K)->51980K(52224K) Class: 5619K(5696K)->5619K(5696K)
[466.187s][info][gc          ] GC(766) Pause Young (Prepare Mixed) (G1 Evacuation Pause) 687M->249M(737M) 5.969ms
[466.187s][info][gc,cpu      ] GC(766) User=0.01s Sys=0.00s Real=0.01s
[467.264s][info][gc,start    ] GC(767) Pause Young (Mixed) (G1 Evacuation Pause)
[467.264s][info][gc,task     ] GC(767) Using 2 workers of 2 for evacuation
[467.271s][info][gc,phases   ] GC(767)   Pre Evacuate Collection Set: 0.27ms
[467.271s][info][gc,phases   ] GC(767)   Merge Heap Roots: 0.18ms
[467.271s][info][gc,phases   ] GC(767)   Evacuate Collection Set: 5.77ms
[467.271s][info][gc,phases   ] GC(767)   Post Evacuate Collection Set: 0.78ms
[467.271s][info][gc,phases   ] GC(767)   Other: 0.08ms
[467.271s][info][gc,heap     ] GC(767) Eden regions: 438->0(439)
[467.271s][info][gc,heap     ] GC(767) Survivor regions: 4->3(56)
[467.271s][info][gc,heap     ] GC(767) Old regions: 39->38
[467.271s][info][gc,heap     ] GC(767) Humongous regions: 207->207
[467.271s][info][gc,metaspace] GC(767) Metaspace: 57599K(57920K)->57599K(57920K) NonClass: 51980K(52224K)->51980K(52224K) Class: 5619K(5696K)->5619K(5696K)
[467.271s][info][gc          ] GC(767) Pause Young (Mixed) (G1 Evacuation Pause) 687M->246M(737M) 7.260ms
[467.271s][info][gc,cpu      ] GC(767) User=0.01s Sys=0.00s Real=0.00s
[468.293s][info][gc,start    ] GC(768) Pause Young (Concurrent Start) (G1 Evacuation Pause)
[468.293s][info][gc,task     ] GC(768) Using 2 workers of 2 for evacuation
[468.297s][info][gc,phases   ] GC(768)   Pre Evacuate Collection Set: 0.30ms
[468.297s][info][gc,phases   ] GC(768)   Merge Heap Roots: 0.12ms
[468.297s][info][gc,phases   ] GC(768)   Evacuate Collection Set: 2.79ms
[468.297s][info][gc,phases   ] GC(768)   Post Evacuate Collection Set: 0.69ms
[468.297s][info][gc,phases   ] GC(768)   Other: 0.10ms
[468.297s][info][gc,heap     ] GC(768) Eden regions: 439->0(441)
[468.297s][info][gc,heap     ] GC(768) Survivor regions: 3->1(56)
[468.297s][info][gc,heap     ] GC(768) Old regions: 38->38
[468.297s][info][gc,heap     ] GC(768) Humongous regions: 207->207
[468.297s][info][gc,metaspace] GC(768) Metaspace: 57599K(57920K)->57599K(57920K) NonClass: 51980K(52224K)->51980K(52224K) Class: 5619K(5696K)->5619K(5696K)
[468.297s][info][gc          ] GC(768) Pause Young (Concurrent Start) (G1 Evacuation Pause) 685M->245M(737M) 4.169ms
[468.297s][info][gc          ] GC(769) Concurrent Mark Cycle
[468.297s][info][gc,marking  ] GC(769) Concurrent Scan Root Regions
[468.298s][info][gc,cpu      ] GC(768) User=0.01s Sys=0.00s Real=0.00s
[468.299s][info][gc,marking  ] GC(769) Concurrent Scan Root Regions 1.801ms
[468.299s][info][gc,marking  ] GC(769) Concurrent Mark
[468.299s][info][gc,marking  ] GC(769) Concurrent Mark From Roots
[468.299s][info][gc,task     ] GC(769) Using 1 workers of 1 for marking
[468.341s][info][gc,marking  ] GC(769) Concurrent Mark From Roots 42.196ms
[468.341s][info][gc,marking  ] GC(769) Concurrent Preclean
[468.341s][info][gc,marking  ] GC(769) Concurrent Preclean 0.077ms
[468.341s][info][gc,start    ] GC(769) Pause Remark
[468.352s][info][gc          ] GC(769) Pause Remark 248M->248M(737M) 10.469ms
[468.352s][info][gc,cpu      ] GC(769) User=0.02s Sys=0.00s Real=0.01s
[468.352s][info][gc,marking  ] GC(769) Concurrent Mark 53.457ms
[468.352s][info][gc,marking  ] GC(769) Concurrent Rebuild Remembered Sets and Scrub Regions
[468.384s][info][gc,marking  ] GC(769) Concurrent Rebuild Remembered Sets and Scrub Regions 31.824ms
[468.384s][info][gc,start    ] GC(769) Pause Cleanup
[468.384s][info][gc          ] GC(769) Pause Cleanup 276M->276M(737M) 0.076ms
[468.384s][info][gc,cpu      ] GC(769) User=0.00s Sys=0.00s Real=0.00s
[468.384s][info][gc,marking  ] GC(769) Concurrent Clear Claimed Marks
[468.384s][info][gc,marking  ] GC(769) Concurrent Clear Claimed Marks 0.091ms
[468.384s][info][gc,marking  ] GC(769) Concurrent Cleanup for Next Mark
[468.388s][info][gc,marking  ] GC(769) Concurrent Cleanup for Next Mark 3.260ms
[468.388s][info][gc          ] GC(769) Concurrent Mark Cycle 90.846ms
[469.383s][info][gc,start    ] GC(770) Pause Young (Prepare Mixed) (G1 Evacuation Pause)
[469.383s][info][gc,task     ] GC(770) Using 2 workers of 2 for evacuation
[469.389s][info][gc,phases   ] GC(770)   Pre Evacuate Collection Set: 0.28ms
[469.389s][info][gc,phases   ] GC(770)   Merge Heap Roots: 0.14ms
[469.389s][info][gc,phases   ] GC(770)   Evacuate Collection Set: 4.49ms
[469.389s][info][gc,phases   ] GC(770)   Post Evacuate Collection Set: 0.71ms
[469.389s][info][gc,phases   ] GC(770)   Other: 0.08ms
[469.389s][info][gc,heap     ] GC(770) Eden regions: 441->0(439)
[469.389s][info][gc,heap     ] GC(770) Survivor regions: 1->3(56)
[469.389s][info][gc,heap     ] GC(770) Old regions: 38->38
[469.389s][info][gc,heap     ] GC(770) Humongous regions: 207->207
[469.389s][info][gc,metaspace] GC(770) Metaspace: 57599K(57920K)->57599K(57920K) NonClass: 51980K(52224K)->51980K(52224K) Class: 5619K(5696K)->5619K(5696K)
[469.389s][info][gc          ] GC(770) Pause Young (Prepare Mixed) (G1 Evacuation Pause) 685M->246M(737M) 5.890ms
[469.389s][info][gc,cpu      ] GC(770) User=0.01s Sys=0.00s Real=0.00s
[470.467s][info][gc,start    ] GC(771) Pause Young (Mixed) (G1 Evacuation Pause)
[470.467s][info][gc,task     ] GC(771) Using 2 workers of 2 for evacuation
[470.472s][info][gc,phases   ] GC(771)   Pre Evacuate Collection Set: 0.27ms
[470.472s][info][gc,phases   ] GC(771)   Merge Heap Roots: 0.15ms
[470.472s][info][gc,phases   ] GC(771)   Evacuate Collection Set: 3.77ms
[470.472s][info][gc,phases   ] GC(771)   Post Evacuate Collection Set: 0.72ms
[470.472s][info][gc,phases   ] GC(771)   Other: 0.08ms
[470.472s][info][gc,heap     ] GC(771) Eden regions: 439->0(439)
[470.472s][info][gc,heap     ] GC(771) Survivor regions: 3->3(56)
[470.472s][info][gc,heap     ] GC(771) Old regions: 38->37
[470.472s][info][gc,heap     ] GC(771) Humongous regions: 207->207
[470.472s][info][gc,metaspace] GC(771) Metaspace: 57599K(57920K)->57599K(57920K) NonClass: 51980K(52224K)->51980K(52224K) Class: 5619K(5696K)->5619K(5696K)
[470.472s][info][gc          ] GC(771) Pause Young (Mixed) (G1 Evacuation Pause) 685M->246M(737M) 5.167ms
[470.472s][info][gc,cpu      ] GC(771) User=0.01s Sys=0.00s Real=0.01s
[471.552s][info][gc,start    ] GC(772) Pause Young (Concurrent Start) (G1 Evacuation Pause)
[471.552s][info][gc,task     ] GC(772) Using 2 workers of 2 for evacuation
[471.556s][info][gc,phases   ] GC(772)   Pre Evacuate Collection Set: 0.29ms
[471.556s][info][gc,phases   ] GC(772)   Merge Heap Roots: 0.12ms
[471.556s][info][gc,phases   ] GC(772)   Evacuate Collection Set: 2.45ms
[471.556s][info][gc,phases   ] GC(772)   Post Evacuate Collection Set: 0.75ms
[471.556s][info][gc,phases   ] GC(772)   Other: 0.10ms
[471.556s][info][gc,heap     ] GC(772) Eden regions: 439->0(441)
[471.556s][info][gc,heap     ] GC(772) Survivor regions: 3->1(56)
[471.556s][info][gc,heap     ] GC(772) Old regions: 37->37
[471.556s][info][gc,heap     ] GC(772) Humongous regions: 207->207
[471.556s][info][gc,metaspace] GC(772) Metaspace: 57599K(57920K)->57599K(57920K) NonClass: 51980K(52224K)->51980K(52224K) Class: 5619K(5696K)->5619K(5696K)
[471.556s][info][gc          ] GC(772) Pause Young (Concurrent Start) (G1 Evacuation Pause) 685M->244M(737M) 3.878ms
[471.556s][info][gc          ] GC(773) Concurrent Mark Cycle
[471.556s][info][gc,marking  ] GC(773) Concurrent Scan Root Regions
[471.556s][info][gc,cpu      ] GC(772) User=0.01s Sys=0.00s Real=0.00s
[471.559s][info][gc,marking  ] GC(773) Concurrent Scan Root Regions 3.033ms
[471.559s][info][gc,marking  ] GC(773) Concurrent Mark
[471.559s][info][gc,marking  ] GC(773) Concurrent Mark From Roots
[471.559s][info][gc,task     ] GC(773) Using 1 workers of 1 for marking
[471.616s][info][gc,marking  ] GC(773) Concurrent Mark From Roots 57.169ms
[471.616s][info][gc,marking  ] GC(773) Concurrent Preclean
[471.616s][info][gc,marking  ] GC(773) Concurrent Preclean 0.087ms
[471.627s][info][gc,start    ] GC(773) Pause Remark
[471.651s][info][gc          ] GC(773) Pause Remark 280M->280M(737M) 24.013ms
[471.651s][info][gc,cpu      ] GC(773) User=0.02s Sys=0.00s Real=0.03s
[471.652s][info][gc,marking  ] GC(773) Concurrent Mark 92.712ms
[471.652s][info][gc,marking  ] GC(773) Concurrent Rebuild Remembered Sets and Scrub Regions
[471.671s][info][gc,marking  ] GC(773) Concurrent Rebuild Remembered Sets and Scrub Regions 19.032ms
[471.671s][info][gc,start    ] GC(773) Pause Cleanup
[471.671s][info][gc          ] GC(773) Pause Cleanup 281M->281M(737M) 0.060ms
[471.671s][info][gc,cpu      ] GC(773) User=0.00s Sys=0.00s Real=0.00s
[471.671s][info][gc,marking  ] GC(773) Concurrent Clear Claimed Marks
[471.671s][info][gc,marking  ] GC(773) Concurrent Clear Claimed Marks 0.080ms
[471.671s][info][gc,marking  ] GC(773) Concurrent Cleanup for Next Mark
[471.674s][info][gc,marking  ] GC(773) Concurrent Cleanup for Next Mark 2.643ms
[471.674s][info][gc          ] GC(773) Concurrent Mark Cycle 117.788ms
[472.677s][info][gc,start    ] GC(774) Pause Young (Prepare Mixed) (G1 Evacuation Pause)
[472.677s][info][gc,task     ] GC(774) Using 2 workers of 2 for evacuation
[472.697s][info][gc,phases   ] GC(774)   Pre Evacuate Collection Set: 1.64ms
[472.697s][info][gc,phases   ] GC(774)   Merge Heap Roots: 0.16ms
[472.697s][info][gc,phases   ] GC(774)   Evacuate Collection Set: 17.03ms
[472.697s][info][gc,phases   ] GC(774)   Post Evacuate Collection Set: 1.16ms
[472.697s][info][gc,phases   ] GC(774)   Other: 0.10ms
[472.697s][info][gc,heap     ] GC(774) Eden regions: 441->0(440)
[472.697s][info][gc,heap     ] GC(774) Survivor regions: 1->2(56)
[472.697s][info][gc,heap     ] GC(774) Old regions: 37->37
[472.697s][info][gc,heap     ] GC(774) Humongous regions: 207->207
[472.697s][info][gc,metaspace] GC(774) Metaspace: 57599K(57920K)->57599K(57920K) NonClass: 51980K(52224K)->51980K(52224K) Class: 5619K(5696K)->5619K(5696K)
[472.697s][info][gc          ] GC(774) Pause Young (Prepare Mixed) (G1 Evacuation Pause) 685M->245M(737M) 20.275ms
[472.697s][info][gc,cpu      ] GC(774) User=0.02s Sys=0.00s Real=0.02s
[473.672s][info][gc,start    ] GC(775) Pause Young (Mixed) (G1 Evacuation Pause)
[473.672s][info][gc,task     ] GC(775) Using 2 workers of 2 for evacuation
[473.680s][info][gc,phases   ] GC(775)   Pre Evacuate Collection Set: 0.27ms
[473.680s][info][gc,phases   ] GC(775)   Merge Heap Roots: 0.17ms
[473.680s][info][gc,phases   ] GC(775)   Evacuate Collection Set: 7.02ms
[473.680s][info][gc,phases   ] GC(775)   Post Evacuate Collection Set: 0.75ms
[473.680s][info][gc,phases   ] GC(775)   Other: 0.08ms
[473.680s][info][gc,heap     ] GC(775) Eden regions: 440->0(438)
[473.680s][info][gc,heap     ] GC(775) Survivor regions: 2->4(56)
[473.680s][info][gc,heap     ] GC(775) Old regions: 37->37
[473.680s][info][gc,heap     ] GC(775) Humongous regions: 207->207
[473.680s][info][gc,metaspace] GC(775) Metaspace: 57599K(57920K)->57599K(57920K) NonClass: 51980K(52224K)->51980K(52224K) Class: 5619K(5696K)->5619K(5696K)
[473.680s][info][gc          ] GC(775) Pause Young (Mixed) (G1 Evacuation Pause) 685M->246M(737M) 8.466ms
[473.680s][info][gc,cpu      ] GC(775) User=0.02s Sys=0.00s Real=0.00s
[474.762s][info][gc,start    ] GC(776) Pause Young (Concurrent Start) (G1 Evacuation Pause)
[474.762s][info][gc,task     ] GC(776) Using 2 workers of 2 for evacuation
[474.767s][info][gc,phases   ] GC(776)   Pre Evacuate Collection Set: 0.44ms
[474.767s][info][gc,phases   ] GC(776)   Merge Heap Roots: 0.13ms
[474.767s][info][gc,phases   ] GC(776)   Evacuate Collection Set: 3.94ms
[474.767s][info][gc,phases   ] GC(776)   Post Evacuate Collection Set: 0.68ms
[474.767s][info][gc,phases   ] GC(776)   Other: 0.11ms
[474.767s][info][gc,heap     ] GC(776) Eden regions: 438->0(439)
[474.767s][info][gc,heap     ] GC(776) Survivor regions: 4->3(56)
[474.767s][info][gc,heap     ] GC(776) Old regions: 37->37
[474.767s][info][gc,heap     ] GC(776) Humongous regions: 207->207
[474.767s][info][gc,metaspace] GC(776) Metaspace: 57599K(57920K)->57599K(57920K) NonClass: 51980K(52224K)->51980K(52224K) Class: 5619K(5696K)->5619K(5696K)
[474.767s][info][gc          ] GC(776) Pause Young (Concurrent Start) (G1 Evacuation Pause) 684M->246M(737M) 5.474ms
[474.767s][info][gc,cpu      ] GC(776) User=0.01s Sys=0.00s Real=0.00s
[474.767s][info][gc          ] GC(777) Concurrent Mark Cycle
[474.768s][info][gc,marking  ] GC(777) Concurrent Scan Root Regions
[474.772s][info][gc,marking  ] GC(777) Concurrent Scan Root Regions 4.363ms
[474.772s][info][gc,marking  ] GC(777) Concurrent Mark
[474.772s][info][gc,marking  ] GC(777) Concurrent Mark From Roots
[474.772s][info][gc,task     ] GC(777) Using 1 workers of 1 for marking
[474.827s][info][gc,marking  ] GC(777) Concurrent Mark From Roots 54.380ms
[474.827s][info][gc,marking  ] GC(777) Concurrent Preclean
[474.827s][info][gc,marking  ] GC(777) Concurrent Preclean 0.093ms
[474.827s][info][gc,start    ] GC(777) Pause Remark
[474.837s][info][gc          ] GC(777) Pause Remark 278M->278M(737M) 10.234ms
[474.837s][info][gc,cpu      ] GC(777) User=0.02s Sys=0.00s Real=0.01s
[474.837s][info][gc,marking  ] GC(777) Concurrent Mark 65.016ms
[474.837s][info][gc,marking  ] GC(777) Concurrent Rebuild Remembered Sets and Scrub Regions
[474.860s][info][gc,marking  ] GC(777) Concurrent Rebuild Remembered Sets and Scrub Regions 22.407ms
[474.860s][info][gc,start    ] GC(777) Pause Cleanup
[474.860s][info][gc          ] GC(777) Pause Cleanup 287M->287M(737M) 0.068ms
[474.860s][info][gc,cpu      ] GC(777) User=0.00s Sys=0.00s Real=0.00s
[474.860s][info][gc,marking  ] GC(777) Concurrent Clear Claimed Marks
[474.860s][info][gc,marking  ] GC(777) Concurrent Clear Claimed Marks 0.081ms
[474.860s][info][gc,marking  ] GC(777) Concurrent Cleanup for Next Mark
[474.864s][info][gc,marking  ] GC(777) Concurrent Cleanup for Next Mark 4.148ms
[474.864s][info][gc          ] GC(777) Concurrent Mark Cycle 97.024ms
[475.938s][info][gc,start    ] GC(778) Pause Young (Prepare Mixed) (G1 Evacuation Pause)
[475.938s][info][gc,task     ] GC(778) Using 2 workers of 2 for evacuation
[475.942s][info][gc,phases   ] GC(778)   Pre Evacuate Collection Set: 0.28ms
[475.942s][info][gc,phases   ] GC(778)   Merge Heap Roots: 0.15ms
[475.942s][info][gc,phases   ] GC(778)   Evacuate Collection Set: 2.57ms
[475.942s][info][gc,phases   ] GC(778)   Post Evacuate Collection Set: 0.69ms
[475.942s][info][gc,phases   ] GC(778)   Other: 0.10ms
[475.942s][info][gc,heap     ] GC(778) Eden regions: 439->0(441)
[475.942s][info][gc,heap     ] GC(778) Survivor regions: 3->1(56)
[475.942s][info][gc,heap     ] GC(778) Old regions: 37->37
[475.942s][info][gc,heap     ] GC(778) Humongous regions: 207->207
[475.942s][info][gc,metaspace] GC(778) Metaspace: 57599K(57920K)->57599K(57920K) NonClass: 51980K(52224K)->51980K(52224K) Class: 5619K(5696K)->5619K(5696K)
[475.942s][info][gc          ] GC(778) Pause Young (Prepare Mixed) (G1 Evacuation Pause) 685M->244M(737M) 3.959ms
[475.942s][info][gc,cpu      ] GC(778) User=0.01s Sys=0.00s Real=0.01s
[476.974s][info][gc,start    ] GC(779) Pause Young (Mixed) (G1 Evacuation Pause)
[476.974s][info][gc,task     ] GC(779) Using 2 workers of 2 for evacuation
[476.982s][info][gc,phases   ] GC(779)   Pre Evacuate Collection Set: 0.27ms
[476.982s][info][gc,phases   ] GC(779)   Merge Heap Roots: 0.15ms
[476.982s][info][gc,phases   ] GC(779)   Evacuate Collection Set: 7.16ms
[476.982s][info][gc,phases   ] GC(779)   Post Evacuate Collection Set: 0.72ms
[476.983s][info][gc,phases   ] GC(779)   Other: 0.08ms
[476.983s][info][gc,heap     ] GC(779) Eden regions: 441->0(439)
[476.983s][info][gc,heap     ] GC(779) Survivor regions: 1->3(56)
[476.983s][info][gc,heap     ] GC(779) Old regions: 37->37
[476.983s][info][gc,heap     ] GC(779) Humongous regions: 207->207
[476.983s][info][gc,metaspace] GC(779) Metaspace: 57599K(57920K)->57599K(57920K) NonClass: 51980K(52224K)->51980K(52224K) Class: 5619K(5696K)->5619K(5696K)
[476.983s][info][gc          ] GC(779) Pause Young (Mixed) (G1 Evacuation Pause) 685M->246M(737M) 8.567ms
[476.983s][info][gc,cpu      ] GC(779) User=0.02s Sys=0.00s Real=0.01s
[478.120s][info][gc,start    ] GC(780) Pause Young (Concurrent Start) (G1 Evacuation Pause)
[478.120s][info][gc,task     ] GC(780) Using 2 workers of 2 for evacuation
[478.126s][info][gc,phases   ] GC(780)   Pre Evacuate Collection Set: 0.35ms
[478.126s][info][gc,phases   ] GC(780)   Merge Heap Roots: 0.11ms
[478.126s][info][gc,phases   ] GC(780)   Evacuate Collection Set: 4.63ms
[478.126s][info][gc,phases   ] GC(780)   Post Evacuate Collection Set: 0.97ms
[478.126s][info][gc,phases   ] GC(780)   Other: 0.14ms
[478.126s][info][gc,heap     ] GC(780) Eden regions: 439->0(439)
[478.126s][info][gc,heap     ] GC(780) Survivor regions: 3->3(56)
[478.126s][info][gc,heap     ] GC(780) Old regions: 37->37
[478.126s][info][gc,heap     ] GC(780) Humongous regions: 207->207
[478.126s][info][gc,metaspace] GC(780) Metaspace: 57599K(57920K)->57599K(57920K) NonClass: 51980K(52224K)->51980K(52224K) Class: 5619K(5696K)->5619K(5696K)
[478.126s][info][gc          ] GC(780) Pause Young (Concurrent Start) (G1 Evacuation Pause) 685M->246M(737M) 6.392ms
[478.126s][info][gc,cpu      ] GC(780) User=0.01s Sys=0.00s Real=0.01s
[478.126s][info][gc          ] GC(781) Concurrent Mark Cycle
[478.126s][info][gc,marking  ] GC(781) Concurrent Scan Root Regions
[478.129s][info][gc,marking  ] GC(781) Concurrent Scan Root Regions 2.627ms
[478.129s][info][gc,marking  ] GC(781) Concurrent Mark
[478.129s][info][gc,marking  ] GC(781) Concurrent Mark From Roots
[478.129s][info][gc,task     ] GC(781) Using 1 workers of 1 for marking
[478.174s][info][gc,marking  ] GC(781) Concurrent Mark From Roots 45.231ms
[478.174s][info][gc,marking  ] GC(781) Concurrent Preclean
[478.175s][info][gc,marking  ] GC(781) Concurrent Preclean 0.086ms
[478.175s][info][gc,start    ] GC(781) Pause Remark
[478.185s][info][gc          ] GC(781) Pause Remark 271M->271M(737M) 10.203ms
[478.185s][info][gc,cpu      ] GC(781) User=0.02s Sys=0.00s Real=0.01s
[478.186s][info][gc,marking  ] GC(781) Concurrent Mark 57.033ms
[478.186s][info][gc,marking  ] GC(781) Concurrent Rebuild Remembered Sets and Scrub Regions
[478.203s][info][gc,marking  ] GC(781) Concurrent Rebuild Remembered Sets and Scrub Regions 17.017ms
[478.203s][info][gc,start    ] GC(781) Pause Cleanup
[478.204s][info][gc          ] GC(781) Pause Cleanup 282M->282M(737M) 0.083ms
[478.204s][info][gc,cpu      ] GC(781) User=0.00s Sys=0.00s Real=0.00s
[478.204s][info][gc,marking  ] GC(781) Concurrent Clear Claimed Marks
[478.204s][info][gc,marking  ] GC(781) Concurrent Clear Claimed Marks 0.093ms
[478.204s][info][gc,marking  ] GC(781) Concurrent Cleanup for Next Mark
[478.206s][info][gc,marking  ] GC(781) Concurrent Cleanup for Next Mark 2.153ms
[478.206s][info][gc          ] GC(781) Concurrent Mark Cycle 79.413ms
[479.171s][info][gc,start    ] GC(782) Pause Young (Prepare Mixed) (G1 Evacuation Pause)
[479.171s][info][gc,task     ] GC(782) Using 2 workers of 2 for evacuation
[479.184s][info][gc,phases   ] GC(782)   Pre Evacuate Collection Set: 0.31ms
[479.184s][info][gc,phases   ] GC(782)   Merge Heap Roots: 0.19ms
[479.184s][info][gc,phases   ] GC(782)   Evacuate Collection Set: 11.94ms
[479.184s][info][gc,phases   ] GC(782)   Post Evacuate Collection Set: 0.87ms
[479.184s][info][gc,phases   ] GC(782)   Other: 0.09ms
[479.184s][info][gc,heap     ] GC(782) Eden regions: 439->0(438)
[479.184s][info][gc,heap     ] GC(782) Survivor regions: 3->4(56)
[479.184s][info][gc,heap     ] GC(782) Old regions: 37->37
[479.184s][info][gc,heap     ] GC(782) Humongous regions: 207->207
[479.184s][info][gc,metaspace] GC(782) Metaspace: 57599K(57920K)->57599K(57920K) NonClass: 51980K(52224K)->51980K(52224K) Class: 5619K(5696K)->5619K(5696K)
[479.184s][info][gc          ] GC(782) Pause Young (Prepare Mixed) (G1 Evacuation Pause) 685M->247M(737M) 13.603ms
[479.184s][info][gc,cpu      ] GC(782) User=0.02s Sys=0.00s Real=0.02s
[480.285s][info][gc,start    ] GC(783) Pause Young (Mixed) (G1 Evacuation Pause)
[480.285s][info][gc,task     ] GC(783) Using 2 workers of 2 for evacuation
[480.291s][info][gc,phases   ] GC(783)   Pre Evacuate Collection Set: 0.32ms
[480.291s][info][gc,phases   ] GC(783)   Merge Heap Roots: 0.15ms
[480.291s][info][gc,phases   ] GC(783)   Evacuate Collection Set: 4.56ms
[480.291s][info][gc,phases   ] GC(783)   Post Evacuate Collection Set: 0.75ms
[480.291s][info][gc,phases   ] GC(783)   Other: 0.08ms
[480.291s][info][gc,heap     ] GC(783) Eden regions: 438->0(440)
[480.291s][info][gc,heap     ] GC(783) Survivor regions: 4->2(56)
[480.291s][info][gc,heap     ] GC(783) Old regions: 37->37
[480.291s][info][gc,heap     ] GC(783) Humongous regions: 207->207
[480.291s][info][gc,metaspace] GC(783) Metaspace: 57599K(57920K)->57599K(57920K) NonClass: 51980K(52224K)->51980K(52224K) Class: 5619K(5696K)->5619K(5696K)
[480.291s][info][gc          ] GC(783) Pause Young (Mixed) (G1 Evacuation Pause) 685M->245M(737M) 6.039ms
[480.291s][info][gc,cpu      ] GC(783) User=0.01s Sys=0.00s Real=0.00s
[481.009s][info][gc,start    ] GC(784) Pause Young (Concurrent Start) (G1 Humongous Allocation)
[481.009s][info][gc,task     ] GC(784) Using 2 workers of 2 for evacuation
[481.012s][info][gc,phases   ] GC(784)   Pre Evacuate Collection Set: 0.27ms
[481.012s][info][gc,phases   ] GC(784)   Merge Heap Roots: 0.12ms
[481.012s][info][gc,phases   ] GC(784)   Evacuate Collection Set: 1.93ms
[481.012s][info][gc,phases   ] GC(784)   Post Evacuate Collection Set: 0.65ms
[481.012s][info][gc,phases   ] GC(784)   Other: 0.09ms
[481.012s][info][gc,heap     ] GC(784) Eden regions: 328->0(441)
[481.012s][info][gc,heap     ] GC(784) Survivor regions: 2->1(56)
[481.012s][info][gc,heap     ] GC(784) Old regions: 37->37
[481.012s][info][gc,heap     ] GC(784) Humongous regions: 207->207
[481.012s][info][gc,metaspace] GC(784) Metaspace: 57602K(57920K)->57602K(57920K) NonClass: 51983K(52224K)->51983K(52224K) Class: 5619K(5696K)->5619K(5696K)
[481.012s][info][gc          ] GC(784) Pause Young (Concurrent Start) (G1 Humongous Allocation) 572M->244M(737M) 3.197ms
[481.012s][info][gc,cpu      ] GC(784) User=0.01s Sys=0.00s Real=0.01s
[481.012s][info][gc          ] GC(785) Concurrent Mark Cycle
[481.012s][info][gc,marking  ] GC(785) Concurrent Scan Root Regions
[481.014s][info][gc,marking  ] GC(785) Concurrent Scan Root Regions 2.638ms
[481.015s][info][gc,marking  ] GC(785) Concurrent Mark
[481.015s][info][gc,marking  ] GC(785) Concurrent Mark From Roots
[481.015s][info][gc,task     ] GC(785) Using 1 workers of 1 for marking
[481.056s][info][gc,marking  ] GC(785) Concurrent Mark From Roots 41.337ms
[481.056s][info][gc,marking  ] GC(785) Concurrent Preclean
[481.056s][info][gc,marking  ] GC(785) Concurrent Preclean 0.069ms
[481.058s][info][gc,start    ] GC(785) Pause Remark
[481.069s][info][gc          ] GC(785) Pause Remark 283M->283M(737M) 10.570ms
[481.069s][info][gc,cpu      ] GC(785) User=0.02s Sys=0.00s Real=0.01s
[481.069s][info][gc,marking  ] GC(785) Concurrent Mark 54.713ms
[481.069s][info][gc,marking  ] GC(785) Concurrent Rebuild Remembered Sets and Scrub Regions
[481.086s][info][gc,marking  ] GC(785) Concurrent Rebuild Remembered Sets and Scrub Regions 16.329ms
[481.086s][info][gc,start    ] GC(785) Pause Cleanup
[481.086s][info][gc          ] GC(785) Pause Cleanup 283M->283M(737M) 0.072ms
[481.086s][info][gc,cpu      ] GC(785) User=0.00s Sys=0.00s Real=0.00s
[481.086s][info][gc,marking  ] GC(785) Concurrent Clear Claimed Marks
[481.086s][info][gc,marking  ] GC(785) Concurrent Clear Claimed Marks 0.085ms
[481.086s][info][gc,marking  ] GC(785) Concurrent Cleanup for Next Mark
[481.088s][info][gc,marking  ] GC(785) Concurrent Cleanup for Next Mark 2.141ms
[481.088s][info][gc          ] GC(785) Concurrent Mark Cycle 76.292ms
[484.054s][info][gc,start    ] GC(786) Pause Young (Prepare Mixed) (G1 Evacuation Pause)
[484.054s][info][gc,task     ] GC(786) Using 2 workers of 2 for evacuation
[484.068s][info][gc,phases   ] GC(786)   Pre Evacuate Collection Set: 0.28ms
[484.068s][info][gc,phases   ] GC(786)   Merge Heap Roots: 0.14ms
[484.068s][info][gc,phases   ] GC(786)   Evacuate Collection Set: 12.26ms
[484.068s][info][gc,phases   ] GC(786)   Post Evacuate Collection Set: 0.82ms
[484.068s][info][gc,phases   ] GC(786)   Other: 0.08ms
[484.068s][info][gc,heap     ] GC(786) Eden regions: 336->0(436)
[484.068s][info][gc,heap     ] GC(786) Survivor regions: 1->14(56)
[484.068s][info][gc,heap     ] GC(786) Old regions: 37->37
[484.068s][info][gc,heap     ] GC(786) Humongous regions: 363->207
[484.068s][info][gc,metaspace] GC(786) Metaspace: 57754K(58048K)->57754K(58048K) NonClass: 52135K(52352K)->52135K(52352K) Class: 5619K(5696K)->5619K(5696K)
[484.068s][info][gc          ] GC(786) Pause Young (Prepare Mixed) (G1 Evacuation Pause) 736M->257M(751M) 13.775ms
[484.068s][info][gc,cpu      ] GC(786) User=0.02s Sys=0.01s Real=0.01s
[485.079s][info][gc,start    ] GC(787) Pause Young (Mixed) (G1 Evacuation Pause)
[485.079s][info][gc,task     ] GC(787) Using 2 workers of 2 for evacuation
[485.091s][info][gc,phases   ] GC(787)   Pre Evacuate Collection Set: 0.27ms
[485.091s][info][gc,phases   ] GC(787)   Merge Heap Roots: 0.15ms
[485.091s][info][gc,phases   ] GC(787)   Evacuate Collection Set: 10.96ms
[485.091s][info][gc,phases   ] GC(787)   Post Evacuate Collection Set: 0.86ms
[485.091s][info][gc,phases   ] GC(787)   Other: 0.09ms
[485.091s][info][gc,heap     ] GC(787) Eden regions: 436->0(434)
[485.091s][info][gc,heap     ] GC(787) Survivor regions: 14->16(57)
[485.091s][info][gc,heap     ] GC(787) Old regions: 37->37
[485.091s][info][gc,heap     ] GC(787) Humongous regions: 207->207
[485.091s][info][gc,metaspace] GC(787) Metaspace: 57754K(58048K)->57754K(58048K) NonClass: 52135K(52352K)->52135K(52352K) Class: 5619K(5696K)->5619K(5696K)
[485.091s][info][gc          ] GC(787) Pause Young (Mixed) (G1 Evacuation Pause) 693M->259M(751M) 12.515ms
[485.091s][info][gc,cpu      ] GC(787) User=0.02s Sys=0.00s Real=0.02s
[486.166s][info][gc,start    ] GC(788) Pause Young (Concurrent Start) (G1 Evacuation Pause)
[486.166s][info][gc,task     ] GC(788) Using 2 workers of 2 for evacuation
[486.176s][info][gc,phases   ] GC(788)   Pre Evacuate Collection Set: 0.29ms
[486.176s][info][gc,phases   ] GC(788)   Merge Heap Roots: 0.14ms
[486.176s][info][gc,phases   ] GC(788)   Evacuate Collection Set: 8.15ms
[486.176s][info][gc,phases   ] GC(788)   Post Evacuate Collection Set: 0.78ms
[486.176s][info][gc,phases   ] GC(788)   Other: 0.10ms
[486.176s][info][gc,heap     ] GC(788) Eden regions: 434->0(435)
[486.176s][info][gc,heap     ] GC(788) Survivor regions: 16->15(57)
[486.176s][info][gc,heap     ] GC(788) Old regions: 37->37
[486.176s][info][gc,heap     ] GC(788) Humongous regions: 207->207
[486.176s][info][gc,metaspace] GC(788) Metaspace: 57755K(58048K)->57755K(58048K) NonClass: 52135K(52352K)->52135K(52352K) Class: 5619K(5696K)->5619K(5696K)
[486.176s][info][gc          ] GC(788) Pause Young (Concurrent Start) (G1 Evacuation Pause) 693M->258M(751M) 9.640ms
[486.176s][info][gc,cpu      ] GC(788) User=0.02s Sys=0.00s Real=0.01s
[486.176s][info][gc          ] GC(789) Concurrent Mark Cycle
[486.176s][info][gc,marking  ] GC(789) Concurrent Scan Root Regions
[486.185s][info][gc,marking  ] GC(789) Concurrent Scan Root Regions 9.013ms
[486.185s][info][gc,marking  ] GC(789) Concurrent Mark
[486.185s][info][gc,marking  ] GC(789) Concurrent Mark From Roots
[486.185s][info][gc,task     ] GC(789) Using 1 workers of 1 for marking
[486.228s][info][gc,marking  ] GC(789) Concurrent Mark From Roots 42.863ms
[486.228s][info][gc,marking  ] GC(789) Concurrent Preclean
[486.228s][info][gc,marking  ] GC(789) Concurrent Preclean 0.056ms
[486.228s][info][gc,start    ] GC(789) Pause Remark
[486.239s][info][gc          ] GC(789) Pause Remark 286M->286M(751M) 10.426ms
[486.239s][info][gc,cpu      ] GC(789) User=0.02s Sys=0.00s Real=0.01s
[486.239s][info][gc,marking  ] GC(789) Concurrent Mark 53.999ms
[486.239s][info][gc,marking  ] GC(789) Concurrent Rebuild Remembered Sets and Scrub Regions
[486.263s][info][gc,marking  ] GC(789) Concurrent Rebuild Remembered Sets and Scrub Regions 23.414ms
[486.263s][info][gc,start    ] GC(789) Pause Cleanup
[486.263s][info][gc          ] GC(789) Pause Cleanup 298M->298M(751M) 0.073ms
[486.263s][info][gc,cpu      ] GC(789) User=0.00s Sys=0.00s Real=0.00s
[486.264s][info][gc,marking  ] GC(789) Concurrent Clear Claimed Marks
[486.264s][info][gc,marking  ] GC(789) Concurrent Clear Claimed Marks 0.086ms
[486.264s][info][gc,marking  ] GC(789) Concurrent Cleanup for Next Mark
[486.266s][info][gc,marking  ] GC(789) Concurrent Cleanup for Next Mark 2.349ms
[486.266s][info][gc          ] GC(789) Concurrent Mark Cycle 89.757ms
[487.251s][info][gc,start    ] GC(790) Pause Young (Prepare Mixed) (G1 Evacuation Pause)
[487.251s][info][gc,task     ] GC(790) Using 2 workers of 2 for evacuation
[487.258s][info][gc,phases   ] GC(790)   Pre Evacuate Collection Set: 0.26ms
[487.258s][info][gc,phases   ] GC(790)   Merge Heap Roots: 0.15ms
[487.258s][info][gc,phases   ] GC(790)   Evacuate Collection Set: 5.44ms
[487.258s][info][gc,phases   ] GC(790)   Post Evacuate Collection Set: 0.78ms
[487.258s][info][gc,phases   ] GC(790)   Other: 0.08ms
[487.258s][info][gc,heap     ] GC(790) Eden regions: 435->0(437)
[487.258s][info][gc,heap     ] GC(790) Survivor regions: 15->13(57)
[487.258s][info][gc,heap     ] GC(790) Old regions: 37->37
[487.258s][info][gc,heap     ] GC(790) Humongous regions: 207->207
[487.258s][info][gc,metaspace] GC(790) Metaspace: 57755K(58048K)->57755K(58048K) NonClass: 52135K(52352K)->52135K(52352K) Class: 5619K(5696K)->5619K(5696K)
[487.258s][info][gc          ] GC(790) Pause Young (Prepare Mixed) (G1 Evacuation Pause) 693M->256M(751M) 6.937ms
[487.258s][info][gc,cpu      ] GC(790) User=0.02s Sys=0.00s Real=0.00s
[488.268s][info][gc,start    ] GC(791) Pause Young (Mixed) (G1 Evacuation Pause)
[488.268s][info][gc,task     ] GC(791) Using 2 workers of 2 for evacuation
[488.280s][info][gc,phases   ] GC(791)   Pre Evacuate Collection Set: 0.26ms
[488.280s][info][gc,phases   ] GC(791)   Merge Heap Roots: 0.17ms
[488.280s][info][gc,phases   ] GC(791)   Evacuate Collection Set: 10.55ms
[488.280s][info][gc,phases   ] GC(791)   Post Evacuate Collection Set: 0.82ms
[488.280s][info][gc,phases   ] GC(791)   Other: 0.08ms
[488.280s][info][gc,heap     ] GC(791) Eden regions: 437->0(434)
[488.280s][info][gc,heap     ] GC(791) Survivor regions: 13->16(57)
[488.280s][info][gc,heap     ] GC(791) Old regions: 37->37
[488.280s][info][gc,heap     ] GC(791) Humongous regions: 207->207
[488.280s][info][gc,metaspace] GC(791) Metaspace: 57755K(58048K)->57755K(58048K) NonClass: 52135K(52352K)->52135K(52352K) Class: 5619K(5696K)->5619K(5696K)
[488.280s][info][gc          ] GC(791) Pause Young (Mixed) (G1 Evacuation Pause) 693M->258M(751M) 12.071ms
[488.280s][info][gc,cpu      ] GC(791) User=0.02s Sys=0.00s Real=0.01s
[489.403s][info][gc,start    ] GC(792) Pause Young (Concurrent Start) (G1 Evacuation Pause)
[489.403s][info][gc,task     ] GC(792) Using 2 workers of 2 for evacuation
[489.411s][info][gc,phases   ] GC(792)   Pre Evacuate Collection Set: 0.30ms
[489.411s][info][gc,phases   ] GC(792)   Merge Heap Roots: 0.13ms
[489.411s][info][gc,phases   ] GC(792)   Evacuate Collection Set: 6.68ms
[489.411s][info][gc,phases   ] GC(792)   Post Evacuate Collection Set: 0.77ms
[489.411s][info][gc,phases   ] GC(792)   Other: 0.13ms
[489.411s][info][gc,heap     ] GC(792) Eden regions: 434->0(436)
[489.411s][info][gc,heap     ] GC(792) Survivor regions: 16->14(57)
[489.411s][info][gc,heap     ] GC(792) Old regions: 37->37
[489.411s][info][gc,heap     ] GC(792) Humongous regions: 207->207
[489.411s][info][gc,metaspace] GC(792) Metaspace: 57755K(58048K)->57755K(58048K) NonClass: 52135K(52352K)->52135K(52352K) Class: 5619K(5696K)->5619K(5696K)
[489.411s][info][gc          ] GC(792) Pause Young (Concurrent Start) (G1 Evacuation Pause) 692M->256M(751M) 8.207ms
[489.411s][info][gc          ] GC(793) Concurrent Mark Cycle
[489.411s][info][gc,cpu      ] GC(792) User=0.02s Sys=0.00s Real=0.01s
[489.411s][info][gc,marking  ] GC(793) Concurrent Scan Root Regions
[489.424s][info][gc,marking  ] GC(793) Concurrent Scan Root Regions 12.554ms
[489.424s][info][gc,marking  ] GC(793) Concurrent Mark
[489.424s][info][gc,marking  ] GC(793) Concurrent Mark From Roots
[489.424s][info][gc,task     ] GC(793) Using 1 workers of 1 for marking
[489.479s][info][gc,marking  ] GC(793) Concurrent Mark From Roots 55.383ms
[489.479s][info][gc,marking  ] GC(793) Concurrent Preclean
[489.479s][info][gc,marking  ] GC(793) Concurrent Preclean 0.055ms
[489.479s][info][gc,start    ] GC(793) Pause Remark
[489.490s][info][gc          ] GC(793) Pause Remark 298M->298M(751M) 10.830ms
[489.490s][info][gc,cpu      ] GC(793) User=0.02s Sys=0.00s Real=0.01s
[489.491s][info][gc,marking  ] GC(793) Concurrent Mark 67.293ms
[489.491s][info][gc,marking  ] GC(793) Concurrent Rebuild Remembered Sets and Scrub Regions
[489.518s][info][gc,marking  ] GC(793) Concurrent Rebuild Remembered Sets and Scrub Regions 26.813ms
[489.518s][info][gc,start    ] GC(793) Pause Cleanup
[489.518s][info][gc          ] GC(793) Pause Cleanup 318M->318M(751M) 0.075ms
[489.518s][info][gc,cpu      ] GC(793) User=0.00s Sys=0.00s Real=0.00s
[489.518s][info][gc,marking  ] GC(793) Concurrent Clear Claimed Marks
[489.518s][info][gc,marking  ] GC(793) Concurrent Clear Claimed Marks 0.087ms
[489.518s][info][gc,marking  ] GC(793) Concurrent Cleanup for Next Mark
[489.521s][info][gc,marking  ] GC(793) Concurrent Cleanup for Next Mark 2.203ms
[489.521s][info][gc          ] GC(793) Concurrent Mark Cycle 109.439ms
[490.383s][info][gc,start    ] GC(794) Pause Young (Prepare Mixed) (G1 Evacuation Pause)
[490.383s][info][gc,task     ] GC(794) Using 2 workers of 2 for evacuation
[490.392s][info][gc,phases   ] GC(794)   Pre Evacuate Collection Set: 0.31ms
[490.392s][info][gc,phases   ] GC(794)   Merge Heap Roots: 0.14ms
[490.392s][info][gc,phases   ] GC(794)   Evacuate Collection Set: 7.55ms
[490.392s][info][gc,phases   ] GC(794)   Post Evacuate Collection Set: 0.83ms
[490.392s][info][gc,phases   ] GC(794)   Other: 0.10ms
[490.392s][info][gc,heap     ] GC(794) Eden regions: 436->0(435)
[490.392s][info][gc,heap     ] GC(794) Survivor regions: 14->15(57)
[490.392s][info][gc,heap     ] GC(794) Old regions: 37->37
[490.392s][info][gc,heap     ] GC(794) Humongous regions: 207->207
[490.392s][info][gc,metaspace] GC(794) Metaspace: 57755K(58048K)->57755K(58048K) NonClass: 52135K(52352K)->52135K(52352K) Class: 5619K(5696K)->5619K(5696K)
[490.392s][info][gc          ] GC(794) Pause Young (Prepare Mixed) (G1 Evacuation Pause) 692M->258M(751M) 9.104ms
[490.392s][info][gc,cpu      ] GC(794) User=0.02s Sys=0.00s Real=0.01s
[491.569s][info][gc,start    ] GC(795) Pause Young (Mixed) (G1 Evacuation Pause)
[491.569s][info][gc,task     ] GC(795) Using 2 workers of 2 for evacuation
[491.581s][info][gc,phases   ] GC(795)   Pre Evacuate Collection Set: 0.26ms
[491.581s][info][gc,phases   ] GC(795)   Merge Heap Roots: 0.16ms
[491.581s][info][gc,phases   ] GC(795)   Evacuate Collection Set: 10.74ms
[491.581s][info][gc,phases   ] GC(795)   Post Evacuate Collection Set: 0.85ms
[491.581s][info][gc,phases   ] GC(795)   Other: 0.08ms
[491.581s][info][gc,heap     ] GC(795) Eden regions: 435->0(435)
[491.581s][info][gc,heap     ] GC(795) Survivor regions: 15->15(57)
[491.581s][info][gc,heap     ] GC(795) Old regions: 37->37
[491.581s][info][gc,heap     ] GC(795) Humongous regions: 207->207
[491.581s][info][gc,metaspace] GC(795) Metaspace: 57755K(58048K)->57755K(58048K) NonClass: 52135K(52352K)->52135K(52352K) Class: 5619K(5696K)->5619K(5696K)
[491.581s][info][gc          ] GC(795) Pause Young (Mixed) (G1 Evacuation Pause) 693M->257M(751M) 12.267ms
[491.581s][info][gc,cpu      ] GC(795) User=0.02s Sys=0.00s Real=0.01s
[492.594s][info][gc,start    ] GC(796) Pause Young (Concurrent Start) (G1 Evacuation Pause)
[492.594s][info][gc,task     ] GC(796) Using 2 workers of 2 for evacuation
[492.601s][info][gc,phases   ] GC(796)   Pre Evacuate Collection Set: 0.29ms
[492.601s][info][gc,phases   ] GC(796)   Merge Heap Roots: 0.14ms
[492.601s][info][gc,phases   ] GC(796)   Evacuate Collection Set: 6.09ms
[492.601s][info][gc,phases   ] GC(796)   Post Evacuate Collection Set: 0.77ms
[492.601s][info][gc,phases   ] GC(796)   Other: 0.10ms
[492.601s][info][gc,heap     ] GC(796) Eden regions: 435->0(436)
[492.601s][info][gc,heap     ] GC(796) Survivor regions: 15->14(57)
[492.601s][info][gc,heap     ] GC(796) Old regions: 37->37
[492.601s][info][gc,heap     ] GC(796) Humongous regions: 207->207
[492.601s][info][gc,metaspace] GC(796) Metaspace: 57755K(58048K)->57755K(58048K) NonClass: 52135K(52352K)->52135K(52352K) Class: 5619K(5696K)->5619K(5696K)
[492.601s][info][gc          ] GC(796) Pause Young (Concurrent Start) (G1 Evacuation Pause) 692M->257M(751M) 7.563ms
[492.601s][info][gc          ] GC(797) Concurrent Mark Cycle
[492.601s][info][gc,marking  ] GC(797) Concurrent Scan Root Regions
[492.602s][info][gc,cpu      ] GC(796) User=0.02s Sys=0.00s Real=0.01s
[492.606s][info][gc,marking  ] GC(797) Concurrent Scan Root Regions 4.279ms
[492.606s][info][gc,marking  ] GC(797) Concurrent Mark
[492.606s][info][gc,marking  ] GC(797) Concurrent Mark From Roots
[492.606s][info][gc,task     ] GC(797) Using 1 workers of 1 for marking
[492.643s][info][gc,marking  ] GC(797) Concurrent Mark From Roots 36.989ms
[492.643s][info][gc,marking  ] GC(797) Concurrent Preclean
[492.643s][info][gc,marking  ] GC(797) Concurrent Preclean 0.047ms
[492.643s][info][gc,start    ] GC(797) Pause Remark
[492.653s][info][gc          ] GC(797) Pause Remark 260M->260M(751M) 10.419ms
[492.653s][info][gc,cpu      ] GC(797) User=0.02s Sys=0.00s Real=0.01s
[492.655s][info][gc,marking  ] GC(797) Concurrent Mark 48.825ms
[492.655s][info][gc,marking  ] GC(797) Concurrent Rebuild Remembered Sets and Scrub Regions
[492.685s][info][gc,marking  ] GC(797) Concurrent Rebuild Remembered Sets and Scrub Regions 30.021ms
[492.685s][info][gc,start    ] GC(797) Pause Cleanup
[492.685s][info][gc          ] GC(797) Pause Cleanup 282M->282M(751M) 0.084ms
[492.685s][info][gc,cpu      ] GC(797) User=0.00s Sys=0.00s Real=0.00s
[492.686s][info][gc,marking  ] GC(797) Concurrent Clear Claimed Marks
[492.687s][info][gc,marking  ] GC(797) Concurrent Clear Claimed Marks 0.110ms
[492.687s][info][gc,marking  ] GC(797) Concurrent Cleanup for Next Mark
[492.690s][info][gc,marking  ] GC(797) Concurrent Cleanup for Next Mark 3.050ms
[492.690s][info][gc          ] GC(797) Concurrent Mark Cycle 88.262ms
[493.677s][info][gc,start    ] GC(798) Pause Young (Prepare Mixed) (G1 Evacuation Pause)
[493.677s][info][gc,task     ] GC(798) Using 2 workers of 2 for evacuation
[493.687s][info][gc,phases   ] GC(798)   Pre Evacuate Collection Set: 0.26ms
[493.687s][info][gc,phases   ] GC(798)   Merge Heap Roots: 0.15ms
[493.687s][info][gc,phases   ] GC(798)   Evacuate Collection Set: 8.93ms
[493.687s][info][gc,phases   ] GC(798)   Post Evacuate Collection Set: 0.80ms
[493.687s][info][gc,phases   ] GC(798)   Other: 0.08ms
[493.687s][info][gc,heap     ] GC(798) Eden regions: 436->0(434)
[493.687s][info][gc,heap     ] GC(798) Survivor regions: 14->16(57)
[493.687s][info][gc,heap     ] GC(798) Old regions: 37->37
[493.687s][info][gc,heap     ] GC(798) Humongous regions: 207->207
[493.687s][info][gc,metaspace] GC(798) Metaspace: 57755K(58048K)->57755K(58048K) NonClass: 52135K(52352K)->52135K(52352K) Class: 5619K(5696K)->5619K(5696K)
[493.687s][info][gc          ] GC(798) Pause Young (Prepare Mixed) (G1 Evacuation Pause) 693M->259M(751M) 10.404ms
[493.687s][info][gc,cpu      ] GC(798) User=0.02s Sys=0.00s Real=0.01s
[494.762s][info][gc,start    ] GC(799) Pause Young (Mixed) (G1 Evacuation Pause)
[494.762s][info][gc,task     ] GC(799) Using 2 workers of 2 for evacuation
[494.774s][info][gc,phases   ] GC(799)   Pre Evacuate Collection Set: 0.26ms
[494.774s][info][gc,phases   ] GC(799)   Merge Heap Roots: 0.17ms
[494.774s][info][gc,phases   ] GC(799)   Evacuate Collection Set: 10.68ms
[494.774s][info][gc,phases   ] GC(799)   Post Evacuate Collection Set: 0.85ms
[494.774s][info][gc,phases   ] GC(799)   Other: 0.08ms
[494.774s][info][gc,heap     ] GC(799) Eden regions: 434->0(435)
[494.774s][info][gc,heap     ] GC(799) Survivor regions: 16->15(57)
[494.774s][info][gc,heap     ] GC(799) Old regions: 37->36
[494.774s][info][gc,heap     ] GC(799) Humongous regions: 207->207
[494.774s][info][gc,metaspace] GC(799) Metaspace: 57755K(58048K)->57755K(58048K) NonClass: 52135K(52352K)->52135K(52352K) Class: 5619K(5696K)->5619K(5696K)
[494.774s][info][gc          ] GC(799) Pause Young (Mixed) (G1 Evacuation Pause) 693M->258M(751M) 12.226ms
[494.774s][info][gc,cpu      ] GC(799) User=0.02s Sys=0.00s Real=0.01s
[495.853s][info][gc,start    ] GC(800) Pause Young (Concurrent Start) (G1 Evacuation Pause)
[495.853s][info][gc,task     ] GC(800) Using 2 workers of 2 for evacuation
[495.861s][info][gc,phases   ] GC(800)   Pre Evacuate Collection Set: 0.27ms
[495.861s][info][gc,phases   ] GC(800)   Merge Heap Roots: 0.14ms
[495.861s][info][gc,phases   ] GC(800)   Evacuate Collection Set: 6.26ms
[495.861s][info][gc,phases   ] GC(800)   Post Evacuate Collection Set: 0.76ms
[495.861s][info][gc,phases   ] GC(800)   Other: 0.10ms
[495.861s][info][gc,heap     ] GC(800) Eden regions: 435->0(436)
[495.861s][info][gc,heap     ] GC(800) Survivor regions: 15->14(57)
[495.861s][info][gc,heap     ] GC(800) Old regions: 36->37
[495.861s][info][gc,heap     ] GC(800) Humongous regions: 207->207
[495.861s][info][gc,metaspace] GC(800) Metaspace: 57755K(58048K)->57755K(58048K) NonClass: 52135K(52352K)->52135K(52352K) Class: 5619K(5696K)->5619K(5696K)
[495.861s][info][gc          ] GC(800) Pause Young (Concurrent Start) (G1 Evacuation Pause) 693M->257M(751M) 7.730ms
[495.861s][info][gc,cpu      ] GC(800) User=0.01s Sys=0.00s Real=0.00s
[495.861s][info][gc          ] GC(801) Concurrent Mark Cycle
[495.861s][info][gc,marking  ] GC(801) Concurrent Scan Root Regions
[495.871s][info][gc,marking  ] GC(801) Concurrent Scan Root Regions 10.156ms
[495.871s][info][gc,marking  ] GC(801) Concurrent Mark
[495.871s][info][gc,marking  ] GC(801) Concurrent Mark From Roots
[495.871s][info][gc,task     ] GC(801) Using 1 workers of 1 for marking
[495.921s][info][gc,marking  ] GC(801) Concurrent Mark From Roots 49.840ms
[495.921s][info][gc,marking  ] GC(801) Concurrent Preclean
[495.921s][info][gc,marking  ] GC(801) Concurrent Preclean 0.070ms
[495.921s][info][gc,start    ] GC(801) Pause Remark
[495.932s][info][gc          ] GC(801) Pause Remark 293M->293M(751M) 10.561ms
[495.932s][info][gc,cpu      ] GC(801) User=0.02s Sys=0.00s Real=0.01s
[495.932s][info][gc,marking  ] GC(801) Concurrent Mark 61.175ms
[495.932s][info][gc,marking  ] GC(801) Concurrent Rebuild Remembered Sets and Scrub Regions
[495.948s][info][gc,marking  ] GC(801) Concurrent Rebuild Remembered Sets and Scrub Regions 15.653ms
[495.948s][info][gc,start    ] GC(801) Pause Cleanup
[495.948s][info][gc          ] GC(801) Pause Cleanup 293M->293M(751M) 0.054ms
[495.948s][info][gc,cpu      ] GC(801) User=0.00s Sys=0.00s Real=0.00s
[495.948s][info][gc,marking  ] GC(801) Concurrent Clear Claimed Marks
[495.948s][info][gc,marking  ] GC(801) Concurrent Clear Claimed Marks 0.076ms
[495.948s][info][gc,marking  ] GC(801) Concurrent Cleanup for Next Mark
[495.953s][info][gc,marking  ] GC(801) Concurrent Cleanup for Next Mark 4.278ms
[495.953s][info][gc          ] GC(801) Concurrent Mark Cycle 91.644ms
[496.887s][info][gc,start    ] GC(802) Pause Young (Prepare Mixed) (G1 Evacuation Pause)
[496.887s][info][gc,task     ] GC(802) Using 2 workers of 2 for evacuation
[496.895s][info][gc,phases   ] GC(802)   Pre Evacuate Collection Set: 0.26ms
[496.895s][info][gc,phases   ] GC(802)   Merge Heap Roots: 0.14ms
[496.895s][info][gc,phases   ] GC(802)   Evacuate Collection Set: 6.82ms
[496.895s][info][gc,phases   ] GC(802)   Post Evacuate Collection Set: 0.79ms
[496.895s][info][gc,phases   ] GC(802)   Other: 0.09ms
[496.895s][info][gc,heap     ] GC(802) Eden regions: 436->0(435)
[496.895s][info][gc,heap     ] GC(802) Survivor regions: 14->15(57)
[496.895s][info][gc,heap     ] GC(802) Old regions: 37->37
[496.895s][info][gc,heap     ] GC(802) Humongous regions: 207->207
[496.895s][info][gc,metaspace] GC(802) Metaspace: 57755K(58048K)->57755K(58048K) NonClass: 52135K(52352K)->52135K(52352K) Class: 5619K(5696K)->5619K(5696K)
[496.895s][info][gc          ] GC(802) Pause Young (Prepare Mixed) (G1 Evacuation Pause) 692M->258M(751M) 8.282ms
[496.895s][info][gc,cpu      ] GC(802) User=0.01s Sys=0.00s Real=0.01s
[497.969s][info][gc,start    ] GC(803) Pause Young (Mixed) (G1 Evacuation Pause)
[497.969s][info][gc,task     ] GC(803) Using 2 workers of 2 for evacuation
[497.981s][info][gc,phases   ] GC(803)   Pre Evacuate Collection Set: 0.27ms
[497.981s][info][gc,phases   ] GC(803)   Merge Heap Roots: 0.15ms
[497.981s][info][gc,phases   ] GC(803)   Evacuate Collection Set: 10.59ms
[497.981s][info][gc,phases   ] GC(803)   Post Evacuate Collection Set: 0.81ms
[497.981s][info][gc,phases   ] GC(803)   Other: 0.10ms
[497.981s][info][gc,heap     ] GC(803) Eden regions: 435->0(434)
[497.981s][info][gc,heap     ] GC(803) Survivor regions: 15->16(57)
[497.981s][info][gc,heap     ] GC(803) Old regions: 37->36
[497.981s][info][gc,heap     ] GC(803) Humongous regions: 207->207
[497.981s][info][gc,metaspace] GC(803) Metaspace: 57755K(58048K)->57755K(58048K) NonClass: 52135K(52352K)->52135K(52352K) Class: 5619K(5696K)->5619K(5696K)
[497.981s][info][gc          ] GC(803) Pause Young (Mixed) (G1 Evacuation Pause) 693M->258M(751M) 12.129ms
[497.981s][info][gc,cpu      ] GC(803) User=0.02s Sys=0.00s Real=0.02s
[499.055s][info][gc,start    ] GC(804) Pause Young (Concurrent Start) (G1 Evacuation Pause)
[499.055s][info][gc,task     ] GC(804) Using 2 workers of 2 for evacuation
[499.063s][info][gc,phases   ] GC(804)   Pre Evacuate Collection Set: 0.28ms
[499.063s][info][gc,phases   ] GC(804)   Merge Heap Roots: 0.14ms
[499.063s][info][gc,phases   ] GC(804)   Evacuate Collection Set: 6.81ms
[499.063s][info][gc,phases   ] GC(804)   Post Evacuate Collection Set: 0.78ms
[499.063s][info][gc,phases   ] GC(804)   Other: 0.09ms
[499.063s][info][gc,heap     ] GC(804) Eden regions: 434->0(435)
[499.063s][info][gc,heap     ] GC(804) Survivor regions: 16->15(57)
[499.063s][info][gc,heap     ] GC(804) Old regions: 36->37
[499.063s][info][gc,heap     ] GC(804) Humongous regions: 207->207
[499.063s][info][gc,metaspace] GC(804) Metaspace: 57755K(58048K)->57755K(58048K) NonClass: 52135K(52352K)->52135K(52352K) Class: 5619K(5696K)->5619K(5696K)
[499.063s][info][gc          ] GC(804) Pause Young (Concurrent Start) (G1 Evacuation Pause) 692M->257M(751M) 8.279ms
[499.063s][info][gc          ] GC(805) Concurrent Mark Cycle
[499.063s][info][gc,marking  ] GC(805) Concurrent Scan Root Regions
[499.065s][info][gc,cpu      ] GC(804) User=0.02s Sys=0.00s Real=0.01s
[499.071s][info][gc,marking  ] GC(805) Concurrent Scan Root Regions 8.002ms
[499.072s][info][gc,marking  ] GC(805) Concurrent Mark
[499.072s][info][gc,marking  ] GC(805) Concurrent Mark From Roots
[499.072s][info][gc,task     ] GC(805) Using 1 workers of 1 for marking
[499.110s][info][gc,marking  ] GC(805) Concurrent Mark From Roots 38.637ms
[499.110s][info][gc,marking  ] GC(805) Concurrent Preclean
[499.110s][info][gc,marking  ] GC(805) Concurrent Preclean 0.054ms
[499.110s][info][gc,start    ] GC(805) Pause Remark
[499.121s][info][gc          ] GC(805) Pause Remark 286M->286M(751M) 10.353ms
[499.121s][info][gc,cpu      ] GC(805) User=0.02s Sys=0.00s Real=0.01s
[499.121s][info][gc,marking  ] GC(805) Concurrent Mark 49.567ms
[499.121s][info][gc,marking  ] GC(805) Concurrent Rebuild Remembered Sets and Scrub Regions
[499.137s][info][gc,marking  ] GC(805) Concurrent Rebuild Remembered Sets and Scrub Regions 15.714ms
[499.137s][info][gc,start    ] GC(805) Pause Cleanup
[499.137s][info][gc          ] GC(805) Pause Cleanup 291M->291M(751M) 0.060ms
[499.137s][info][gc,cpu      ] GC(805) User=0.00s Sys=0.00s Real=0.00s
[499.137s][info][gc,marking  ] GC(805) Concurrent Clear Claimed Marks
[499.137s][info][gc,marking  ] GC(805) Concurrent Clear Claimed Marks 0.080ms
[499.137s][info][gc,marking  ] GC(805) Concurrent Cleanup for Next Mark
[499.139s][info][gc,marking  ] GC(805) Concurrent Cleanup for Next Mark 2.207ms
[499.139s][info][gc          ] GC(805) Concurrent Mark Cycle 75.828ms
[500.083s][info][gc,start    ] GC(806) Pause Young (Prepare Mixed) (G1 Evacuation Pause)
[500.083s][info][gc,task     ] GC(806) Using 2 workers of 2 for evacuation
[500.093s][info][gc,phases   ] GC(806)   Pre Evacuate Collection Set: 0.29ms
[500.093s][info][gc,phases   ] GC(806)   Merge Heap Roots: 0.14ms
[500.093s][info][gc,phases   ] GC(806)   Evacuate Collection Set: 8.15ms
[500.093s][info][gc,phases   ] GC(806)   Post Evacuate Collection Set: 0.78ms
[500.093s][info][gc,phases   ] GC(806)   Other: 0.10ms
[500.093s][info][gc,heap     ] GC(806) Eden regions: 435->0(447)
[500.093s][info][gc,heap     ] GC(806) Survivor regions: 15->3(57)
[500.093s][info][gc,heap     ] GC(806) Old regions: 37->49
[500.093s][info][gc,heap     ] GC(806) Humongous regions: 207->207
[500.093s][info][gc,metaspace] GC(806) Metaspace: 57755K(58048K)->57755K(58048K) NonClass: 52135K(52352K)->52135K(52352K) Class: 5619K(5696K)->5619K(5696K)
[500.093s][info][gc          ] GC(806) Pause Young (Prepare Mixed) (G1 Evacuation Pause) 692M->258M(751M) 9.633ms
[500.093s][info][gc,cpu      ] GC(806) User=0.01s Sys=0.00s Real=0.01s
[501.182s][info][gc,start    ] GC(807) Pause Young (Mixed) (G1 Evacuation Pause)
[501.182s][info][gc,task     ] GC(807) Using 2 workers of 2 for evacuation
[501.198s][info][gc,phases   ] GC(807)   Pre Evacuate Collection Set: 0.90ms
[501.198s][info][gc,phases   ] GC(807)   Merge Heap Roots: 0.16ms
[501.198s][info][gc,phases   ] GC(807)   Evacuate Collection Set: 13.73ms
[501.198s][info][gc,phases   ] GC(807)   Post Evacuate Collection Set: 0.90ms
[501.198s][info][gc,phases   ] GC(807)   Other: 0.10ms
[501.198s][info][gc,heap     ] GC(807) Eden regions: 447->0(446)
[501.198s][info][gc,heap     ] GC(807) Survivor regions: 3->4(57)
[501.198s][info][gc,heap     ] GC(807) Old regions: 49->49
[501.198s][info][gc,heap     ] GC(807) Humongous regions: 207->207
[501.198s][info][gc,metaspace] GC(807) Metaspace: 57755K(58048K)->57755K(58048K) NonClass: 52135K(52352K)->52135K(52352K) Class: 5619K(5696K)->5619K(5696K)
[501.198s][info][gc          ] GC(807) Pause Young (Mixed) (G1 Evacuation Pause) 705M->259M(751M) 15.989ms
[501.198s][info][gc,cpu      ] GC(807) User=0.02s Sys=0.00s Real=0.01s
[502.280s][info][gc,start    ] GC(808) Pause Young (Concurrent Start) (G1 Evacuation Pause)
[502.280s][info][gc,task     ] GC(808) Using 2 workers of 2 for evacuation
[502.286s][info][gc,phases   ] GC(808)   Pre Evacuate Collection Set: 0.28ms
[502.286s][info][gc,phases   ] GC(808)   Merge Heap Roots: 0.13ms
[502.286s][info][gc,phases   ] GC(808)   Evacuate Collection Set: 5.30ms
[502.286s][info][gc,phases   ] GC(808)   Post Evacuate Collection Set: 0.71ms
[502.286s][info][gc,phases   ] GC(808)   Other: 0.10ms
[502.286s][info][gc,heap     ] GC(808) Eden regions: 446->0(445)
[502.286s][info][gc,heap     ] GC(808) Survivor regions: 4->5(57)
[502.286s][info][gc,heap     ] GC(808) Old regions: 49->49
[502.286s][info][gc,heap     ] GC(808) Humongous regions: 207->207
[502.286s][info][gc,metaspace] GC(808) Metaspace: 57755K(58048K)->57755K(58048K) NonClass: 52135K(52352K)->52135K(52352K) Class: 5619K(5696K)->5619K(5696K)
[502.286s][info][gc          ] GC(808) Pause Young (Concurrent Start) (G1 Evacuation Pause) 705M->259M(751M) 6.703ms
[502.286s][info][gc          ] GC(809) Concurrent Mark Cycle
[502.286s][info][gc,marking  ] GC(809) Concurrent Scan Root Regions
[502.286s][info][gc,cpu      ] GC(808) User=0.01s Sys=0.00s Real=0.01s
[502.293s][info][gc,marking  ] GC(809) Concurrent Scan Root Regions 6.840ms
[502.293s][info][gc,marking  ] GC(809) Concurrent Mark
[502.293s][info][gc,marking  ] GC(809) Concurrent Mark From Roots
[502.293s][info][gc,task     ] GC(809) Using 1 workers of 1 for marking
[502.340s][info][gc,marking  ] GC(809) Concurrent Mark From Roots 46.657ms
[502.340s][info][gc,marking  ] GC(809) Concurrent Preclean
[502.340s][info][gc,marking  ] GC(809) Concurrent Preclean 0.062ms
[502.340s][info][gc,start    ] GC(809) Pause Remark
[502.350s][info][gc          ] GC(809) Pause Remark 277M->272M(751M) 10.323ms
[502.350s][info][gc,cpu      ] GC(809) User=0.02s Sys=0.00s Real=0.01s
[502.351s][info][gc,marking  ] GC(809) Concurrent Mark 58.109ms
[502.351s][info][gc,marking  ] GC(809) Concurrent Rebuild Remembered Sets and Scrub Regions
[502.386s][info][gc,marking  ] GC(809) Concurrent Rebuild Remembered Sets and Scrub Regions 35.105ms
[502.387s][info][gc,start    ] GC(809) Pause Cleanup
[502.387s][info][gc          ] GC(809) Pause Cleanup 299M->299M(751M) 0.099ms
[502.387s][info][gc,cpu      ] GC(809) User=0.00s Sys=0.00s Real=0.00s
[502.387s][info][gc,marking  ] GC(809) Concurrent Clear Claimed Marks
[502.387s][info][gc,marking  ] GC(809) Concurrent Clear Claimed Marks 0.103ms
[502.387s][info][gc,marking  ] GC(809) Concurrent Cleanup for Next Mark
[502.392s][info][gc,marking  ] GC(809) Concurrent Cleanup for Next Mark 4.695ms
[502.392s][info][gc          ] GC(809) Concurrent Mark Cycle 105.856ms
[503.369s][info][gc,start    ] GC(810) Pause Young (Prepare Mixed) (G1 Evacuation Pause)
[503.369s][info][gc,task     ] GC(810) Using 2 workers of 2 for evacuation
[503.375s][info][gc,phases   ] GC(810)   Pre Evacuate Collection Set: 0.26ms
[503.375s][info][gc,phases   ] GC(810)   Merge Heap Roots: 0.16ms
[503.375s][info][gc,phases   ] GC(810)   Evacuate Collection Set: 4.70ms
[503.375s][info][gc,phases   ] GC(810)   Post Evacuate Collection Set: 0.71ms
[503.375s][info][gc,phases   ] GC(810)   Other: 0.08ms
[503.375s][info][gc,heap     ] GC(810) Eden regions: 445->0(446)
[503.375s][info][gc,heap     ] GC(810) Survivor regions: 5->4(57)
[503.375s][info][gc,heap     ] GC(810) Old regions: 44->44
[503.375s][info][gc,heap     ] GC(810) Humongous regions: 207->207
[503.375s][info][gc,metaspace] GC(810) Metaspace: 57755K(58048K)->57755K(58048K) NonClass: 52135K(52352K)->52135K(52352K) Class: 5619K(5696K)->5619K(5696K)
[503.375s][info][gc          ] GC(810) Pause Young (Prepare Mixed) (G1 Evacuation Pause) 699M->254M(751M) 6.090ms
[503.375s][info][gc,cpu      ] GC(810) User=0.01s Sys=0.00s Real=0.01s
[504.457s][info][gc,start    ] GC(811) Pause Young (Mixed) (G1 Evacuation Pause)
[504.457s][info][gc,task     ] GC(811) Using 2 workers of 2 for evacuation
[504.461s][info][gc,phases   ] GC(811)   Pre Evacuate Collection Set: 0.26ms
[504.461s][info][gc,phases   ] GC(811)   Merge Heap Roots: 0.13ms
[504.461s][info][gc,phases   ] GC(811)   Evacuate Collection Set: 3.23ms
[504.462s][info][gc,phases   ] GC(811)   Post Evacuate Collection Set: 0.69ms
[504.462s][info][gc,phases   ] GC(811)   Other: 0.08ms
[504.462s][info][gc,heap     ] GC(811) Eden regions: 446->0(447)
[504.462s][info][gc,heap     ] GC(811) Survivor regions: 4->3(57)
[504.462s][info][gc,heap     ] GC(811) Old regions: 44->42
[504.462s][info][gc,heap     ] GC(811) Humongous regions: 207->207
[504.462s][info][gc,metaspace] GC(811) Metaspace: 57755K(58048K)->57755K(58048K) NonClass: 52135K(52352K)->52135K(52352K) Class: 5619K(5696K)->5619K(5696K)
[504.462s][info][gc          ] GC(811) Pause Young (Mixed) (G1 Evacuation Pause) 700M->251M(751M) 4.565ms
[504.462s][info][gc,cpu      ] GC(811) User=0.01s Sys=0.00s Real=0.01s
[505.553s][info][gc,start    ] GC(812) Pause Young (Concurrent Start) (G1 Evacuation Pause)
[505.553s][info][gc,task     ] GC(812) Using 2 workers of 2 for evacuation
[505.557s][info][gc,phases   ] GC(812)   Pre Evacuate Collection Set: 0.27ms
[505.557s][info][gc,phases   ] GC(812)   Merge Heap Roots: 0.12ms
[505.557s][info][gc,phases   ] GC(812)   Evacuate Collection Set: 2.60ms
[505.557s][info][gc,phases   ] GC(812)   Post Evacuate Collection Set: 0.70ms
[505.557s][info][gc,phases   ] GC(812)   Other: 0.09ms
[505.557s][info][gc,heap     ] GC(812) Eden regions: 447->0(448)
[505.557s][info][gc,heap     ] GC(812) Survivor regions: 3->2(57)
[505.557s][info][gc,heap     ] GC(812) Old regions: 42->42
[505.557s][info][gc,heap     ] GC(812) Humongous regions: 207->207
[505.557s][info][gc,metaspace] GC(812) Metaspace: 57755K(58048K)->57755K(58048K) NonClass: 52135K(52352K)->52135K(52352K) Class: 5619K(5696K)->5619K(5696K)
[505.557s][info][gc          ] GC(812) Pause Young (Concurrent Start) (G1 Evacuation Pause) 698M->249M(751M) 3.969ms
[505.557s][info][gc,cpu      ] GC(812) User=0.01s Sys=0.00s Real=0.00s
[505.557s][info][gc          ] GC(813) Concurrent Mark Cycle
[505.557s][info][gc,marking  ] GC(813) Concurrent Scan Root Regions
[505.560s][info][gc,marking  ] GC(813) Concurrent Scan Root Regions 2.772ms
[505.560s][info][gc,marking  ] GC(813) Concurrent Mark
[505.560s][info][gc,marking  ] GC(813) Concurrent Mark From Roots
[505.560s][info][gc,task     ] GC(813) Using 1 workers of 1 for marking
[505.628s][info][gc,marking  ] GC(813) Concurrent Mark From Roots 68.267ms
[505.628s][info][gc,marking  ] GC(813) Concurrent Preclean
[505.628s][info][gc,marking  ] GC(813) Concurrent Preclean 0.067ms
[505.628s][info][gc,start    ] GC(813) Pause Remark
[505.639s][info][gc          ] GC(813) Pause Remark 288M->288M(751M) 10.503ms
[505.639s][info][gc,cpu      ] GC(813) User=0.02s Sys=0.00s Real=0.01s
[505.639s][info][gc,marking  ] GC(813) Concurrent Mark 79.173ms
[505.639s][info][gc,marking  ] GC(813) Concurrent Rebuild Remembered Sets and Scrub Regions
[505.662s][info][gc,marking  ] GC(813) Concurrent Rebuild Remembered Sets and Scrub Regions 22.720ms
[505.662s][info][gc,start    ] GC(813) Pause Cleanup
[505.662s][info][gc          ] GC(813) Pause Cleanup 297M->297M(751M) 0.067ms
[505.662s][info][gc,cpu      ] GC(813) User=0.00s Sys=0.00s Real=0.00s
[505.662s][info][gc,marking  ] GC(813) Concurrent Clear Claimed Marks
[505.662s][info][gc,marking  ] GC(813) Concurrent Clear Claimed Marks 0.084ms
[505.662s][info][gc,marking  ] GC(813) Concurrent Cleanup for Next Mark
[505.664s][info][gc,marking  ] GC(813) Concurrent Cleanup for Next Mark 2.170ms
[505.664s][info][gc          ] GC(813) Concurrent Mark Cycle 107.386ms
[506.600s][info][gc,start    ] GC(814) Pause Young (Prepare Mixed) (G1 Evacuation Pause)
[506.600s][info][gc,task     ] GC(814) Using 2 workers of 2 for evacuation
[506.604s][info][gc,phases   ] GC(814)   Pre Evacuate Collection Set: 0.27ms
[506.604s][info][gc,phases   ] GC(814)   Merge Heap Roots: 0.16ms
[506.604s][info][gc,phases   ] GC(814)   Evacuate Collection Set: 2.23ms
[506.604s][info][gc,phases   ] GC(814)   Post Evacuate Collection Set: 0.73ms
[506.604s][info][gc,phases   ] GC(814)   Other: 0.12ms
[506.604s][info][gc,heap     ] GC(814) Eden regions: 448->0(449)
[506.604s][info][gc,heap     ] GC(814) Survivor regions: 2->1(57)
[506.604s][info][gc,heap     ] GC(814) Old regions: 42->42
[506.604s][info][gc,heap     ] GC(814) Humongous regions: 207->207
[506.604s][info][gc,metaspace] GC(814) Metaspace: 57755K(58048K)->57755K(58048K) NonClass: 52135K(52352K)->52135K(52352K) Class: 5619K(5696K)->5619K(5696K)
[506.604s][info][gc          ] GC(814) Pause Young (Prepare Mixed) (G1 Evacuation Pause) 697M->249M(751M) 3.667ms
[506.604s][info][gc,cpu      ] GC(814) User=0.00s Sys=0.00s Real=0.01s
[507.752s][info][gc,start    ] GC(815) Pause Young (Mixed) (G1 Evacuation Pause)
[507.752s][info][gc,task     ] GC(815) Using 2 workers of 2 for evacuation
[507.755s][info][gc,phases   ] GC(815)   Pre Evacuate Collection Set: 0.28ms
[507.755s][info][gc,phases   ] GC(815)   Merge Heap Roots: 0.13ms
[507.755s][info][gc,phases   ] GC(815)   Evacuate Collection Set: 2.22ms
[507.755s][info][gc,phases   ] GC(815)   Post Evacuate Collection Set: 0.73ms
[507.755s][info][gc,phases   ] GC(815)   Other: 0.09ms
[507.755s][info][gc,heap     ] GC(815) Eden regions: 449->0(449)
[507.755s][info][gc,heap     ] GC(815) Survivor regions: 1->1(57)
[507.755s][info][gc,heap     ] GC(815) Old regions: 42->40
[507.755s][info][gc,heap     ] GC(815) Humongous regions: 207->207
[507.755s][info][gc,metaspace] GC(815) Metaspace: 57755K(58048K)->57755K(58048K) NonClass: 52135K(52352K)->52135K(52352K) Class: 5619K(5696K)->5619K(5696K)
[507.755s][info][gc          ] GC(815) Pause Young (Mixed) (G1 Evacuation Pause) 698M->247M(751M) 3.624ms
[507.755s][info][gc,cpu      ] GC(815) User=0.00s Sys=0.00s Real=0.00s
[508.852s][info][gc,start    ] GC(816) Pause Young (Concurrent Start) (G1 Evacuation Pause)
[508.852s][info][gc,task     ] GC(816) Using 2 workers of 2 for evacuation
[508.857s][info][gc,phases   ] GC(816)   Pre Evacuate Collection Set: 0.31ms
[508.857s][info][gc,phases   ] GC(816)   Merge Heap Roots: 0.14ms
[508.857s][info][gc,phases   ] GC(816)   Evacuate Collection Set: 2.64ms
[508.857s][info][gc,phases   ] GC(816)   Post Evacuate Collection Set: 0.99ms
[508.857s][info][gc,phases   ] GC(816)   Other: 0.10ms
[508.857s][info][gc,heap     ] GC(816) Eden regions: 449->0(449)
[508.857s][info][gc,heap     ] GC(816) Survivor regions: 1->1(57)
[508.857s][info][gc,heap     ] GC(816) Old regions: 40->40
[508.857s][info][gc,heap     ] GC(816) Humongous regions: 207->207
[508.857s][info][gc,metaspace] GC(816) Metaspace: 57755K(58048K)->57755K(58048K) NonClass: 52135K(52352K)->52135K(52352K) Class: 5619K(5696K)->5619K(5696K)
[508.857s][info][gc          ] GC(816) Pause Young (Concurrent Start) (G1 Evacuation Pause) 696M->247M(751M) 4.358ms
[508.857s][info][gc,cpu      ] GC(816) User=0.01s Sys=0.00s Real=0.00s
[508.857s][info][gc          ] GC(817) Concurrent Mark Cycle
[508.857s][info][gc,marking  ] GC(817) Concurrent Scan Root Regions
[508.859s][info][gc,marking  ] GC(817) Concurrent Scan Root Regions 2.126ms
[508.859s][info][gc,marking  ] GC(817) Concurrent Mark
[508.859s][info][gc,marking  ] GC(817) Concurrent Mark From Roots
[508.859s][info][gc,task     ] GC(817) Using 1 workers of 1 for marking
[508.909s][info][gc,marking  ] GC(817) Concurrent Mark From Roots 49.829ms
[508.909s][info][gc,marking  ] GC(817) Concurrent Preclean
[508.909s][info][gc,marking  ] GC(817) Concurrent Preclean 0.068ms
[508.912s][info][gc,start    ] GC(817) Pause Remark
[508.950s][info][gc          ] GC(817) Pause Remark 272M->272M(751M) 38.047ms
[508.950s][info][gc,cpu      ] GC(817) User=0.02s Sys=0.00s Real=0.03s
[508.952s][info][gc,marking  ] GC(817) Concurrent Mark 92.713ms
[508.952s][info][gc,marking  ] GC(817) Concurrent Rebuild Remembered Sets and Scrub Regions
[508.973s][info][gc,marking  ] GC(817) Concurrent Rebuild Remembered Sets and Scrub Regions 21.806ms
[508.974s][info][gc,start    ] GC(817) Pause Cleanup
[508.974s][info][gc          ] GC(817) Pause Cleanup 274M->274M(751M) 0.089ms
[508.974s][info][gc,cpu      ] GC(817) User=0.00s Sys=0.00s Real=0.00s
[508.974s][info][gc,marking  ] GC(817) Concurrent Clear Claimed Marks
[508.974s][info][gc,marking  ] GC(817) Concurrent Clear Claimed Marks 0.089ms
[508.974s][info][gc,marking  ] GC(817) Concurrent Cleanup for Next Mark
[508.980s][info][gc,marking  ] GC(817) Concurrent Cleanup for Next Mark 5.517ms
[508.980s][info][gc          ] GC(817) Concurrent Mark Cycle 123.199ms
[509.993s][info][gc,start    ] GC(818) Pause Young (Prepare Mixed) (G1 Evacuation Pause)
[509.993s][info][gc,task     ] GC(818) Using 2 workers of 2 for evacuation
[510.005s][info][gc,phases   ] GC(818)   Pre Evacuate Collection Set: 0.40ms
[510.005s][info][gc,phases   ] GC(818)   Merge Heap Roots: 0.16ms
[510.005s][info][gc,phases   ] GC(818)   Evacuate Collection Set: 10.53ms
[510.005s][info][gc,phases   ] GC(818)   Post Evacuate Collection Set: 0.76ms
[510.005s][info][gc,phases   ] GC(818)   Other: 0.09ms
[510.005s][info][gc,heap     ] GC(818) Eden regions: 449->0(441)
[510.005s][info][gc,heap     ] GC(818) Survivor regions: 1->9(57)
[510.005s][info][gc,heap     ] GC(818) Old regions: 40->40
[510.005s][info][gc,heap     ] GC(818) Humongous regions: 207->207
[510.005s][info][gc,metaspace] GC(818) Metaspace: 57755K(58048K)->57755K(58048K) NonClass: 52135K(52352K)->52135K(52352K) Class: 5619K(5696K)->5619K(5696K)
[510.005s][info][gc          ] GC(818) Pause Young (Prepare Mixed) (G1 Evacuation Pause) 696M->255M(751M) 12.120ms
[510.006s][info][gc,cpu      ] GC(818) User=0.02s Sys=0.00s Real=0.01s
[510.987s][info][gc,start    ] GC(819) Pause Young (Mixed) (G1 Evacuation Pause)
[510.987s][info][gc,task     ] GC(819) Using 2 workers of 2 for evacuation
[510.996s][info][gc,phases   ] GC(819)   Pre Evacuate Collection Set: 0.28ms
[510.996s][info][gc,phases   ] GC(819)   Merge Heap Roots: 0.13ms
[510.996s][info][gc,phases   ] GC(819)   Evacuate Collection Set: 7.66ms
[510.996s][info][gc,phases   ] GC(819)   Post Evacuate Collection Set: 0.72ms
[510.996s][info][gc,phases   ] GC(819)   Other: 0.08ms
[510.996s][info][gc,heap     ] GC(819) Eden regions: 441->0(440)
[510.996s][info][gc,heap     ] GC(819) Survivor regions: 9->10(57)
[510.996s][info][gc,heap     ] GC(819) Old regions: 40->39
[510.996s][info][gc,heap     ] GC(819) Humongous regions: 207->207
[510.996s][info][gc,metaspace] GC(819) Metaspace: 57755K(58048K)->57755K(58048K) NonClass: 52135K(52352K)->52135K(52352K) Class: 5619K(5696K)->5619K(5696K)
[510.996s][info][gc          ] GC(819) Pause Young (Mixed) (G1 Evacuation Pause) 696M->254M(751M) 9.057ms
[510.996s][info][gc,cpu      ] GC(819) User=0.02s Sys=0.00s Real=0.01s
[512.081s][info][gc,start    ] GC(820) Pause Young (Concurrent Start) (G1 Evacuation Pause)
[512.081s][info][gc,task     ] GC(820) Using 2 workers of 2 for evacuation
[512.091s][info][gc,phases   ] GC(820)   Pre Evacuate Collection Set: 0.32ms
[512.091s][info][gc,phases   ] GC(820)   Merge Heap Roots: 0.12ms
[512.091s][info][gc,phases   ] GC(820)   Evacuate Collection Set: 9.15ms
[512.091s][info][gc,phases   ] GC(820)   Post Evacuate Collection Set: 0.77ms
[512.091s][info][gc,phases   ] GC(820)   Other: 0.11ms
[512.091s][info][gc,heap     ] GC(820) Eden regions: 440->0(439)
[512.091s][info][gc,heap     ] GC(820) Survivor regions: 10->11(57)
[512.091s][info][gc,heap     ] GC(820) Old regions: 39->39
[512.091s][info][gc,heap     ] GC(820) Humongous regions: 207->207
[512.091s][info][gc,metaspace] GC(820) Metaspace: 57755K(58048K)->57755K(58048K) NonClass: 52135K(52352K)->52135K(52352K) Class: 5619K(5696K)->5619K(5696K)
[512.091s][info][gc          ] GC(820) Pause Young (Concurrent Start) (G1 Evacuation Pause) 694M->255M(751M) 10.663ms
[512.091s][info][gc,cpu      ] GC(820) User=0.03s Sys=0.00s Real=0.02s
[512.091s][info][gc          ] GC(821) Concurrent Mark Cycle
[512.091s][info][gc,marking  ] GC(821) Concurrent Scan Root Regions
[512.102s][info][gc,marking  ] GC(821) Concurrent Scan Root Regions 10.044ms
[512.102s][info][gc,marking  ] GC(821) Concurrent Mark
[512.102s][info][gc,marking  ] GC(821) Concurrent Mark From Roots
[512.102s][info][gc,task     ] GC(821) Using 1 workers of 1 for marking
[512.147s][info][gc,marking  ] GC(821) Concurrent Mark From Roots 45.919ms
[512.148s][info][gc,marking  ] GC(821) Concurrent Preclean
[512.148s][info][gc,marking  ] GC(821) Concurrent Preclean 0.059ms
[512.148s][info][gc,start    ] GC(821) Pause Remark
[512.158s][info][gc          ] GC(821) Pause Remark 270M->270M(751M) 10.358ms
[512.158s][info][gc,cpu      ] GC(821) User=0.02s Sys=0.00s Real=0.01s
[512.158s][info][gc,marking  ] GC(821) Concurrent Mark 56.924ms
[512.159s][info][gc,marking  ] GC(821) Concurrent Rebuild Remembered Sets and Scrub Regions
[512.186s][info][gc,marking  ] GC(821) Concurrent Rebuild Remembered Sets and Scrub Regions 27.780ms
[512.186s][info][gc,start    ] GC(821) Pause Cleanup
[512.187s][info][gc          ] GC(821) Pause Cleanup 292M->292M(751M) 0.077ms
[512.187s][info][gc,cpu      ] GC(821) User=0.00s Sys=0.00s Real=0.00s
[512.187s][info][gc,marking  ] GC(821) Concurrent Clear Claimed Marks
[512.187s][info][gc,marking  ] GC(821) Concurrent Clear Claimed Marks 0.088ms
[512.187s][info][gc,marking  ] GC(821) Concurrent Cleanup for Next Mark
[512.191s][info][gc,marking  ] GC(821) Concurrent Cleanup for Next Mark 4.662ms
[512.191s][info][gc          ] GC(821) Concurrent Mark Cycle 99.954ms
[513.173s][info][gc,start    ] GC(822) Pause Young (Prepare Mixed) (G1 Evacuation Pause)
[513.173s][info][gc,task     ] GC(822) Using 2 workers of 2 for evacuation
[513.179s][info][gc,phases   ] GC(822)   Pre Evacuate Collection Set: 0.28ms
[513.180s][info][gc,phases   ] GC(822)   Merge Heap Roots: 0.14ms
[513.180s][info][gc,phases   ] GC(822)   Evacuate Collection Set: 5.29ms
[513.180s][info][gc,phases   ] GC(822)   Post Evacuate Collection Set: 0.74ms
[513.180s][info][gc,phases   ] GC(822)   Other: 0.08ms
[513.180s][info][gc,heap     ] GC(822) Eden regions: 439->0(444)
[513.180s][info][gc,heap     ] GC(822) Survivor regions: 11->6(57)
[513.180s][info][gc,heap     ] GC(822) Old regions: 39->39
[513.180s][info][gc,heap     ] GC(822) Humongous regions: 207->207
[513.180s][info][gc,metaspace] GC(822) Metaspace: 57755K(58048K)->57755K(58048K) NonClass: 52135K(52352K)->52135K(52352K) Class: 5619K(5696K)->5619K(5696K)
[513.180s][info][gc          ] GC(822) Pause Young (Prepare Mixed) (G1 Evacuation Pause) 694M->251M(751M) 6.694ms
[513.180s][info][gc,cpu      ] GC(822) User=0.01s Sys=0.00s Real=0.00s
[514.270s][info][gc,start    ] GC(823) Pause Young (Mixed) (G1 Evacuation Pause)
[514.270s][info][gc,task     ] GC(823) Using 2 workers of 2 for evacuation
[514.277s][info][gc,phases   ] GC(823)   Pre Evacuate Collection Set: 0.26ms
[514.277s][info][gc,phases   ] GC(823)   Merge Heap Roots: 0.16ms
[514.277s][info][gc,phases   ] GC(823)   Evacuate Collection Set: 5.73ms
[514.277s][info][gc,phases   ] GC(823)   Post Evacuate Collection Set: 0.73ms
[514.277s][info][gc,phases   ] GC(823)   Other: 0.09ms
[514.277s][info][gc,heap     ] GC(823) Eden regions: 444->0(444)
[514.277s][info][gc,heap     ] GC(823) Survivor regions: 6->6(57)
[514.277s][info][gc,heap     ] GC(823) Old regions: 39->37
[514.277s][info][gc,heap     ] GC(823) Humongous regions: 207->207
[514.277s][info][gc,metaspace] GC(823) Metaspace: 57755K(58048K)->57755K(58048K) NonClass: 52135K(52352K)->52135K(52352K) Class: 5619K(5696K)->5619K(5696K)
[514.277s][info][gc          ] GC(823) Pause Young (Mixed) (G1 Evacuation Pause) 695M->249M(751M) 7.154ms
[514.277s][info][gc,cpu      ] GC(823) User=0.01s Sys=0.00s Real=0.01s
[515.360s][info][gc,start    ] GC(824) Pause Young (Concurrent Start) (G1 Evacuation Pause)
[515.360s][info][gc,task     ] GC(824) Using 2 workers of 2 for evacuation
[515.365s][info][gc,phases   ] GC(824)   Pre Evacuate Collection Set: 0.27ms
[515.365s][info][gc,phases   ] GC(824)   Merge Heap Roots: 0.15ms
[515.365s][info][gc,phases   ] GC(824)   Evacuate Collection Set: 4.19ms
[515.365s][info][gc,phases   ] GC(824)   Post Evacuate Collection Set: 0.72ms
[515.366s][info][gc,phases   ] GC(824)   Other: 0.12ms
[515.366s][info][gc,heap     ] GC(824) Eden regions: 444->0(445)
[515.366s][info][gc,heap     ] GC(824) Survivor regions: 6->5(57)
[515.366s][info][gc,heap     ] GC(824) Old regions: 37->37
[515.366s][info][gc,heap     ] GC(824) Humongous regions: 207->207
[515.366s][info][gc,metaspace] GC(824) Metaspace: 57755K(58048K)->57755K(58048K) NonClass: 52135K(52352K)->52135K(52352K) Class: 5619K(5696K)->5619K(5696K)
[515.366s][info][gc          ] GC(824) Pause Young (Concurrent Start) (G1 Evacuation Pause) 693M->249M(751M) 5.612ms
[515.366s][info][gc,cpu      ] GC(824) User=0.01s Sys=0.00s Real=0.01s
[515.366s][info][gc          ] GC(825) Concurrent Mark Cycle
[515.366s][info][gc,marking  ] GC(825) Concurrent Scan Root Regions
[515.371s][info][gc,marking  ] GC(825) Concurrent Scan Root Regions 4.665ms
[515.371s][info][gc,marking  ] GC(825) Concurrent Mark
[515.371s][info][gc,marking  ] GC(825) Concurrent Mark From Roots
[515.371s][info][gc,task     ] GC(825) Using 1 workers of 1 for marking
[515.423s][info][gc,marking  ] GC(825) Concurrent Mark From Roots 51.533ms
[515.423s][info][gc,marking  ] GC(825) Concurrent Preclean
[515.423s][info][gc,marking  ] GC(825) Concurrent Preclean 0.068ms
[515.423s][info][gc,start    ] GC(825) Pause Remark
[515.433s][info][gc          ] GC(825) Pause Remark 279M->279M(751M) 10.465ms
[515.433s][info][gc,cpu      ] GC(825) User=0.02s Sys=0.00s Real=0.01s
[515.434s][info][gc,marking  ] GC(825) Concurrent Mark 62.626ms
[515.434s][info][gc,marking  ] GC(825) Concurrent Rebuild Remembered Sets and Scrub Regions
[515.450s][info][gc,marking  ] GC(825) Concurrent Rebuild Remembered Sets and Scrub Regions 16.277ms
[515.450s][info][gc,start    ] GC(825) Pause Cleanup
[515.450s][info][gc          ] GC(825) Pause Cleanup 279M->279M(751M) 0.119ms
[515.450s][info][gc,cpu      ] GC(825) User=0.00s Sys=0.00s Real=0.00s
[515.451s][info][gc,marking  ] GC(825) Concurrent Clear Claimed Marks
[515.451s][info][gc,marking  ] GC(825) Concurrent Clear Claimed Marks 0.095ms
[515.451s][info][gc,marking  ] GC(825) Concurrent Cleanup for Next Mark
[515.454s][info][gc,marking  ] GC(825) Concurrent Cleanup for Next Mark 2.352ms
[515.454s][info][gc          ] GC(825) Concurrent Mark Cycle 87.976ms
[516.461s][info][gc,start    ] GC(826) Pause Young (Prepare Mixed) (G1 Evacuation Pause)
[516.461s][info][gc,task     ] GC(826) Using 2 workers of 2 for evacuation
[516.466s][info][gc,phases   ] GC(826)   Pre Evacuate Collection Set: 0.26ms
[516.466s][info][gc,phases   ] GC(826)   Merge Heap Roots: 0.14ms
[516.466s][info][gc,phases   ] GC(826)   Evacuate Collection Set: 3.94ms
[516.466s][info][gc,phases   ] GC(826)   Post Evacuate Collection Set: 0.72ms
[516.466s][info][gc,phases   ] GC(826)   Other: 0.08ms
[516.466s][info][gc,heap     ] GC(826) Eden regions: 445->0(445)
[516.466s][info][gc,heap     ] GC(826) Survivor regions: 5->5(57)
[516.466s][info][gc,heap     ] GC(826) Old regions: 37->38
[516.466s][info][gc,heap     ] GC(826) Humongous regions: 207->207
[516.466s][info][gc,metaspace] GC(826) Metaspace: 57755K(58048K)->57755K(58048K) NonClass: 52135K(52352K)->52135K(52352K) Class: 5619K(5696K)->5619K(5696K)
[516.466s][info][gc          ] GC(826) Pause Young (Prepare Mixed) (G1 Evacuation Pause) 694M->248M(751M) 5.357ms
[516.466s][info][gc,cpu      ] GC(826) User=0.01s Sys=0.00s Real=0.01s
[517.552s][info][gc,start    ] GC(827) Pause Young (Mixed) (G1 Evacuation Pause)
[517.552s][info][gc,task     ] GC(827) Using 2 workers of 2 for evacuation
[517.557s][info][gc,phases   ] GC(827)   Pre Evacuate Collection Set: 0.26ms
[517.558s][info][gc,phases   ] GC(827)   Merge Heap Roots: 0.17ms
[517.558s][info][gc,phases   ] GC(827)   Evacuate Collection Set: 4.21ms
[517.558s][info][gc,phases   ] GC(827)   Post Evacuate Collection Set: 0.76ms
[517.558s][info][gc,phases   ] GC(827)   Other: 0.08ms
[517.558s][info][gc,heap     ] GC(827) Eden regions: 445->0(446)
[517.558s][info][gc,heap     ] GC(827) Survivor regions: 5->4(57)
[517.558s][info][gc,heap     ] GC(827) Old regions: 38->36
[517.558s][info][gc,heap     ] GC(827) Humongous regions: 207->207
[517.558s][info][gc,metaspace] GC(827) Metaspace: 57755K(58048K)->57755K(58048K) NonClass: 52135K(52352K)->52135K(52352K) Class: 5619K(5696K)->5619K(5696K)
[517.558s][info][gc          ] GC(827) Pause Young (Mixed) (G1 Evacuation Pause) 693M->246M(751M) 5.649ms
[517.558s][info][gc,cpu      ] GC(827) User=0.00s Sys=0.00s Real=0.00s
[518.596s][info][gc,start    ] GC(828) Pause Young (Concurrent Start) (G1 Evacuation Pause)
[518.596s][info][gc,task     ] GC(828) Using 2 workers of 2 for evacuation
[518.601s][info][gc,phases   ] GC(828)   Pre Evacuate Collection Set: 0.29ms
[518.601s][info][gc,phases   ] GC(828)   Merge Heap Roots: 0.12ms
[518.601s][info][gc,phases   ] GC(828)   Evacuate Collection Set: 3.27ms
[518.601s][info][gc,phases   ] GC(828)   Post Evacuate Collection Set: 0.73ms
[518.601s][info][gc,phases   ] GC(828)   Other: 0.11ms
[518.601s][info][gc,heap     ] GC(828) Eden regions: 446->0(445)
[518.601s][info][gc,heap     ] GC(828) Survivor regions: 4->5(57)
[518.601s][info][gc,heap     ] GC(828) Old regions: 36->36
[518.601s][info][gc,heap     ] GC(828) Humongous regions: 207->207
[518.601s][info][gc,metaspace] GC(828) Metaspace: 57755K(58048K)->57755K(58048K) NonClass: 52135K(52352K)->52135K(52352K) Class: 5619K(5696K)->5619K(5696K)
[518.601s][info][gc          ] GC(828) Pause Young (Concurrent Start) (G1 Evacuation Pause) 692M->247M(751M) 4.687ms
[518.601s][info][gc,cpu      ] GC(828) User=0.01s Sys=0.00s Real=0.00s
[518.601s][info][gc          ] GC(829) Concurrent Mark Cycle
[518.601s][info][gc,marking  ] GC(829) Concurrent Scan Root Regions
[518.603s][info][gc,marking  ] GC(829) Concurrent Scan Root Regions 2.208ms
[518.603s][info][gc,marking  ] GC(829) Concurrent Mark
[518.603s][info][gc,marking  ] GC(829) Concurrent Mark From Roots
[518.603s][info][gc,task     ] GC(829) Using 1 workers of 1 for marking
[518.642s][info][gc,marking  ] GC(829) Concurrent Mark From Roots 39.405ms
[518.642s][info][gc,marking  ] GC(829) Concurrent Preclean
[518.642s][info][gc,marking  ] GC(829) Concurrent Preclean 0.065ms
[518.643s][info][gc,start    ] GC(829) Pause Remark
[518.653s][info][gc          ] GC(829) Pause Remark 250M->250M(751M) 10.347ms
[518.653s][info][gc,cpu      ] GC(829) User=0.02s Sys=0.00s Real=0.01s
[518.654s][info][gc,marking  ] GC(829) Concurrent Mark 50.692ms
[518.654s][info][gc,marking  ] GC(829) Concurrent Rebuild Remembered Sets and Scrub Regions
[518.679s][info][gc,marking  ] GC(829) Concurrent Rebuild Remembered Sets and Scrub Regions 25.366ms
[518.679s][info][gc,start    ] GC(829) Pause Cleanup
[518.679s][info][gc          ] GC(829) Pause Cleanup 269M->269M(751M) 0.068ms
[518.679s][info][gc,cpu      ] GC(829) User=0.00s Sys=0.00s Real=0.00s
[518.679s][info][gc,marking  ] GC(829) Concurrent Clear Claimed Marks
[518.679s][info][gc,marking  ] GC(829) Concurrent Clear Claimed Marks 0.092ms
[518.679s][info][gc,marking  ] GC(829) Concurrent Cleanup for Next Mark
[518.682s][info][gc,marking  ] GC(829) Concurrent Cleanup for Next Mark 2.436ms
[518.682s][info][gc          ] GC(829) Concurrent Mark Cycle 81.211ms
[519.695s][info][gc,start    ] GC(830) Pause Young (Prepare Mixed) (G1 Evacuation Pause)
[519.695s][info][gc,task     ] GC(830) Using 2 workers of 2 for evacuation
[519.699s][info][gc,phases   ] GC(830)   Pre Evacuate Collection Set: 0.28ms
[519.699s][info][gc,phases   ] GC(830)   Merge Heap Roots: 0.16ms
[519.699s][info][gc,phases   ] GC(830)   Evacuate Collection Set: 2.72ms
[519.699s][info][gc,phases   ] GC(830)   Post Evacuate Collection Set: 0.75ms
[519.699s][info][gc,phases   ] GC(830)   Other: 0.09ms
[519.699s][info][gc,heap     ] GC(830) Eden regions: 445->0(446)
[519.699s][info][gc,heap     ] GC(830) Survivor regions: 5->4(57)
[519.699s][info][gc,heap     ] GC(830) Old regions: 36->36
[519.699s][info][gc,heap     ] GC(830) Humongous regions: 207->207
[519.699s][info][gc,metaspace] GC(830) Metaspace: 57755K(58048K)->57755K(58048K) NonClass: 52135K(52352K)->52135K(52352K) Class: 5619K(5696K)->5619K(5696K)
[519.699s][info][gc          ] GC(830) Pause Young (Prepare Mixed) (G1 Evacuation Pause) 692M->246M(751M) 4.160ms
[519.699s][info][gc,cpu      ] GC(830) User=0.00s Sys=0.00s Real=0.00s
[520.794s][info][gc,start    ] GC(831) Pause Young (Mixed) (G1 Evacuation Pause)
[520.794s][info][gc,task     ] GC(831) Using 2 workers of 2 for evacuation
[520.801s][info][gc,phases   ] GC(831)   Pre Evacuate Collection Set: 0.30ms
[520.801s][info][gc,phases   ] GC(831)   Merge Heap Roots: 0.14ms
[520.801s][info][gc,phases   ] GC(831)   Evacuate Collection Set: 5.80ms
[520.801s][info][gc,phases   ] GC(831)   Post Evacuate Collection Set: 0.78ms
[520.801s][info][gc,phases   ] GC(831)   Other: 0.12ms
[520.801s][info][gc,heap     ] GC(831) Eden regions: 446->0(445)
[520.801s][info][gc,heap     ] GC(831) Survivor regions: 4->5(57)
[520.801s][info][gc,heap     ] GC(831) Old regions: 36->36
[520.801s][info][gc,heap     ] GC(831) Humongous regions: 207->207
[520.801s][info][gc,metaspace] GC(831) Metaspace: 57755K(58048K)->57755K(58048K) NonClass: 52135K(52352K)->52135K(52352K) Class: 5619K(5696K)->5619K(5696K)
[520.801s][info][gc          ] GC(831) Pause Young (Mixed) (G1 Evacuation Pause) 692M->247M(751M) 7.337ms
[520.801s][info][gc,cpu      ] GC(831) User=0.01s Sys=0.00s Real=0.01s
[521.889s][info][gc,start    ] GC(832) Pause Young (Normal) (G1 Evacuation Pause)
[521.889s][info][gc,task     ] GC(832) Using 2 workers of 2 for evacuation
[521.895s][info][gc,phases   ] GC(832)   Pre Evacuate Collection Set: 0.28ms
[521.895s][info][gc,phases   ] GC(832)   Merge Heap Roots: 0.14ms
[521.895s][info][gc,phases   ] GC(832)   Evacuate Collection Set: 4.34ms
[521.895s][info][gc,phases   ] GC(832)   Post Evacuate Collection Set: 0.73ms
[521.895s][info][gc,phases   ] GC(832)   Other: 0.11ms
[521.895s][info][gc,heap     ] GC(832) Eden regions: 445->0(445)
[521.895s][info][gc,heap     ] GC(832) Survivor regions: 5->5(57)
[521.895s][info][gc,heap     ] GC(832) Old regions: 36->36
[521.895s][info][gc,heap     ] GC(832) Humongous regions: 207->207
[521.895s][info][gc,metaspace] GC(832) Metaspace: 57755K(58048K)->57755K(58048K) NonClass: 52135K(52352K)->52135K(52352K) Class: 5619K(5696K)->5619K(5696K)
[521.895s][info][gc          ] GC(832) Pause Young (Normal) (G1 Evacuation Pause) 692M->247M(751M) 5.759ms
[521.895s][info][gc,cpu      ] GC(832) User=0.01s Sys=0.00s Real=0.01s
[522.973s][info][gc,start    ] GC(833) Pause Young (Normal) (G1 Evacuation Pause)
[522.973s][info][gc,task     ] GC(833) Using 2 workers of 2 for evacuation
[522.981s][info][gc,phases   ] GC(833)   Pre Evacuate Collection Set: 0.29ms
[522.981s][info][gc,phases   ] GC(833)   Merge Heap Roots: 0.17ms
[522.981s][info][gc,phases   ] GC(833)   Evacuate Collection Set: 5.95ms
[522.981s][info][gc,phases   ] GC(833)   Post Evacuate Collection Set: 0.77ms
[522.981s][info][gc,phases   ] GC(833)   Other: 0.11ms
[522.981s][info][gc,heap     ] GC(833) Eden regions: 445->0(444)
[522.981s][info][gc,heap     ] GC(833) Survivor regions: 5->6(57)
[522.981s][info][gc,heap     ] GC(833) Old regions: 36->36
[522.981s][info][gc,heap     ] GC(833) Humongous regions: 207->207
[522.981s][info][gc,metaspace] GC(833) Metaspace: 57755K(58048K)->57755K(58048K) NonClass: 52135K(52352K)->52135K(52352K) Class: 5619K(5696K)->5619K(5696K)
[522.981s][info][gc          ] GC(833) Pause Young (Normal) (G1 Evacuation Pause) 692M->248M(751M) 7.494ms
[522.981s][info][gc,cpu      ] GC(833) User=0.02s Sys=0.00s Real=0.00s
[524.167s][info][gc,start    ] GC(834) Pause Young (Normal) (G1 Evacuation Pause)
[524.167s][info][gc,task     ] GC(834) Using 2 workers of 2 for evacuation
[524.173s][info][gc,phases   ] GC(834)   Pre Evacuate Collection Set: 0.27ms
[524.173s][info][gc,phases   ] GC(834)   Merge Heap Roots: 0.13ms
[524.173s][info][gc,phases   ] GC(834)   Evacuate Collection Set: 4.35ms
[524.173s][info][gc,phases   ] GC(834)   Post Evacuate Collection Set: 0.72ms
[524.173s][info][gc,phases   ] GC(834)   Other: 0.11ms
[524.173s][info][gc,heap     ] GC(834) Eden regions: 444->0(445)
[524.173s][info][gc,heap     ] GC(834) Survivor regions: 6->5(57)
[524.173s][info][gc,heap     ] GC(834) Old regions: 36->36
[524.173s][info][gc,heap     ] GC(834) Humongous regions: 207->207
[524.173s][info][gc,metaspace] GC(834) Metaspace: 57755K(58048K)->57755K(58048K) NonClass: 52135K(52352K)->52135K(52352K) Class: 5619K(5696K)->5619K(5696K)
[524.173s][info][gc          ] GC(834) Pause Young (Normal) (G1 Evacuation Pause) 692M->247M(751M) 5.755ms
[524.173s][info][gc,cpu      ] GC(834) User=0.01s Sys=0.00s Real=0.01s
[525.262s][info][gc,start    ] GC(835) Pause Young (Normal) (G1 Evacuation Pause)
[525.262s][info][gc,task     ] GC(835) Using 2 workers of 2 for evacuation
[525.266s][info][gc,phases   ] GC(835)   Pre Evacuate Collection Set: 0.29ms
[525.266s][info][gc,phases   ] GC(835)   Merge Heap Roots: 0.13ms
[525.266s][info][gc,phases   ] GC(835)   Evacuate Collection Set: 3.59ms
[525.266s][info][gc,phases   ] GC(835)   Post Evacuate Collection Set: 0.71ms
[525.266s][info][gc,phases   ] GC(835)   Other: 0.08ms
[525.266s][info][gc,heap     ] GC(835) Eden regions: 445->0(445)
[525.266s][info][gc,heap     ] GC(835) Survivor regions: 5->5(57)
[525.266s][info][gc,heap     ] GC(835) Old regions: 36->36
[525.266s][info][gc,heap     ] GC(835) Humongous regions: 207->207
[525.266s][info][gc,metaspace] GC(835) Metaspace: 57755K(58048K)->57755K(58048K) NonClass: 52135K(52352K)->52135K(52352K) Class: 5619K(5696K)->5619K(5696K)
[525.267s][info][gc          ] GC(835) Pause Young (Normal) (G1 Evacuation Pause) 692M->247M(751M) 4.998ms
[525.267s][info][gc,cpu      ] GC(835) User=0.01s Sys=0.00s Real=0.00s
[526.356s][info][gc,start    ] GC(836) Pause Young (Normal) (G1 Evacuation Pause)
[526.356s][info][gc,task     ] GC(836) Using 2 workers of 2 for evacuation
[526.360s][info][gc,phases   ] GC(836)   Pre Evacuate Collection Set: 0.27ms
[526.360s][info][gc,phases   ] GC(836)   Merge Heap Roots: 0.13ms
[526.360s][info][gc,phases   ] GC(836)   Evacuate Collection Set: 2.43ms
[526.360s][info][gc,phases   ] GC(836)   Post Evacuate Collection Set: 0.72ms
[526.360s][info][gc,phases   ] GC(836)   Other: 0.10ms
[526.360s][info][gc,heap     ] GC(836) Eden regions: 445->0(448)
[526.360s][info][gc,heap     ] GC(836) Survivor regions: 5->2(57)
[526.360s][info][gc,heap     ] GC(836) Old regions: 36->39
[526.360s][info][gc,heap     ] GC(836) Humongous regions: 207->207
[526.360s][info][gc,metaspace] GC(836) Metaspace: 57755K(58048K)->57755K(58048K) NonClass: 52135K(52352K)->52135K(52352K) Class: 5619K(5696K)->5619K(5696K)
[526.360s][info][gc          ] GC(836) Pause Young (Normal) (G1 Evacuation Pause) 692M->246M(751M) 3.830ms
[526.360s][info][gc,cpu      ] GC(836) User=0.01s Sys=0.00s Real=0.00s
[527.457s][info][gc,start    ] GC(837) Pause Young (Concurrent Start) (G1 Evacuation Pause)
[527.457s][info][gc,task     ] GC(837) Using 2 workers of 2 for evacuation
[527.462s][info][gc,phases   ] GC(837)   Pre Evacuate Collection Set: 0.31ms
[527.462s][info][gc,phases   ] GC(837)   Merge Heap Roots: 0.11ms
[527.462s][info][gc,phases   ] GC(837)   Evacuate Collection Set: 3.16ms
[527.462s][info][gc,phases   ] GC(837)   Post Evacuate Collection Set: 0.71ms
[527.462s][info][gc,phases   ] GC(837)   Other: 0.12ms
[527.462s][info][gc,heap     ] GC(837) Eden regions: 448->0(448)
[527.462s][info][gc,heap     ] GC(837) Survivor regions: 2->2(57)
[527.462s][info][gc,heap     ] GC(837) Old regions: 39->39
[527.462s][info][gc,heap     ] GC(837) Humongous regions: 207->207
[527.462s][info][gc,metaspace] GC(837) Metaspace: 57755K(58048K)->57755K(58048K) NonClass: 52135K(52352K)->52135K(52352K) Class: 5619K(5696K)->5619K(5696K)
[527.462s][info][gc          ] GC(837) Pause Young (Concurrent Start) (G1 Evacuation Pause) 694M->246M(751M) 4.610ms
[527.462s][info][gc,cpu      ] GC(837) User=0.00s Sys=0.00s Real=0.01s
[527.462s][info][gc          ] GC(838) Concurrent Mark Cycle
[527.463s][info][gc,marking  ] GC(838) Concurrent Scan Root Regions
[527.465s][info][gc,marking  ] GC(838) Concurrent Scan Root Regions 2.386ms
[527.465s][info][gc,marking  ] GC(838) Concurrent Mark
[527.465s][info][gc,marking  ] GC(838) Concurrent Mark From Roots
[527.465s][info][gc,task     ] GC(838) Using 1 workers of 1 for marking
[527.531s][info][gc,marking  ] GC(838) Concurrent Mark From Roots 65.608ms
[527.531s][info][gc,marking  ] GC(838) Concurrent Preclean
[527.531s][info][gc,marking  ] GC(838) Concurrent Preclean 0.073ms
[527.531s][info][gc,start    ] GC(838) Pause Remark
[527.541s][info][gc          ] GC(838) Pause Remark 283M->283M(751M) 10.620ms
[527.542s][info][gc,cpu      ] GC(838) User=0.02s Sys=0.00s Real=0.02s
[527.542s][info][gc,marking  ] GC(838) Concurrent Mark 76.740ms
[527.542s][info][gc,marking  ] GC(838) Concurrent Rebuild Remembered Sets and Scrub Regions
[527.559s][info][gc,marking  ] GC(838) Concurrent Rebuild Remembered Sets and Scrub Regions 16.800ms
[527.559s][info][gc,start    ] GC(838) Pause Cleanup
[527.559s][info][gc          ] GC(838) Pause Cleanup 290M->290M(751M) 0.059ms
[527.559s][info][gc,cpu      ] GC(838) User=0.00s Sys=0.00s Real=0.00s
[527.559s][info][gc,marking  ] GC(838) Concurrent Clear Claimed Marks
[527.559s][info][gc,marking  ] GC(838) Concurrent Clear Claimed Marks 0.084ms
[527.559s][info][gc,marking  ] GC(838) Concurrent Cleanup for Next Mark
[527.562s][info][gc,marking  ] GC(838) Concurrent Cleanup for Next Mark 2.885ms
[527.562s][info][gc          ] GC(838) Concurrent Mark Cycle 100.404ms
[528.556s][info][gc,start    ] GC(839) Pause Young (Prepare Mixed) (G1 Evacuation Pause)
[528.556s][info][gc,task     ] GC(839) Using 2 workers of 2 for evacuation
[528.560s][info][gc,phases   ] GC(839)   Pre Evacuate Collection Set: 0.27ms
[528.560s][info][gc,phases   ] GC(839)   Merge Heap Roots: 0.14ms
[528.560s][info][gc,phases   ] GC(839)   Evacuate Collection Set: 2.97ms
[528.560s][info][gc,phases   ] GC(839)   Post Evacuate Collection Set: 0.71ms
[528.560s][info][gc,phases   ] GC(839)   Other: 0.13ms
[528.560s][info][gc,heap     ] GC(839) Eden regions: 448->0(448)
[528.560s][info][gc,heap     ] GC(839) Survivor regions: 2->2(57)
[528.560s][info][gc,heap     ] GC(839) Old regions: 39->39
[528.560s][info][gc,heap     ] GC(839) Humongous regions: 207->207
[528.560s][info][gc,metaspace] GC(839) Metaspace: 57755K(58048K)->57755K(58048K) NonClass: 52135K(52352K)->52135K(52352K) Class: 5619K(5696K)->5619K(5696K)
[528.560s][info][gc          ] GC(839) Pause Young (Prepare Mixed) (G1 Evacuation Pause) 694M->246M(751M) 4.371ms
[528.560s][info][gc,cpu      ] GC(839) User=0.01s Sys=0.00s Real=0.00s
[529.584s][info][gc,start    ] GC(840) Pause Young (Mixed) (G1 Evacuation Pause)
[529.584s][info][gc,task     ] GC(840) Using 2 workers of 2 for evacuation
[529.591s][info][gc,phases   ] GC(840)   Pre Evacuate Collection Set: 0.28ms
[529.591s][info][gc,phases   ] GC(840)   Merge Heap Roots: 0.15ms
[529.591s][info][gc,phases   ] GC(840)   Evacuate Collection Set: 5.46ms
[529.591s][info][gc,phases   ] GC(840)   Post Evacuate Collection Set: 0.75ms
[529.591s][info][gc,phases   ] GC(840)   Other: 0.12ms
[529.591s][info][gc,heap     ] GC(840) Eden regions: 448->0(447)
[529.591s][info][gc,heap     ] GC(840) Survivor regions: 2->3(57)
[529.591s][info][gc,heap     ] GC(840) Old regions: 39->39
[529.591s][info][gc,heap     ] GC(840) Humongous regions: 207->207
[529.591s][info][gc,metaspace] GC(840) Metaspace: 57755K(58048K)->57755K(58048K) NonClass: 52135K(52352K)->52135K(52352K) Class: 5619K(5696K)->5619K(5696K)
[529.591s][info][gc          ] GC(840) Pause Young (Mixed) (G1 Evacuation Pause) 694M->247M(751M) 6.933ms
[529.591s][info][gc,cpu      ] GC(840) User=0.01s Sys=0.00s Real=0.00s
[530.682s][info][gc,start    ] GC(841) Pause Young (Normal) (G1 Evacuation Pause)
[530.682s][info][gc,task     ] GC(841) Using 2 workers of 2 for evacuation
[530.688s][info][gc,phases   ] GC(841)   Pre Evacuate Collection Set: 0.28ms
[530.688s][info][gc,phases   ] GC(841)   Merge Heap Roots: 0.13ms
[530.688s][info][gc,phases   ] GC(841)   Evacuate Collection Set: 4.26ms
[530.688s][info][gc,phases   ] GC(841)   Post Evacuate Collection Set: 0.71ms
[530.688s][info][gc,phases   ] GC(841)   Other: 0.11ms
[530.688s][info][gc,heap     ] GC(841) Eden regions: 447->0(447)
[530.688s][info][gc,heap     ] GC(841) Survivor regions: 3->3(57)
[530.688s][info][gc,heap     ] GC(841) Old regions: 39->39
[530.688s][info][gc,heap     ] GC(841) Humongous regions: 207->207
[530.688s][info][gc,metaspace] GC(841) Metaspace: 57755K(58048K)->57755K(58048K) NonClass: 52135K(52352K)->52135K(52352K) Class: 5619K(5696K)->5619K(5696K)
[530.688s][info][gc          ] GC(841) Pause Young (Normal) (G1 Evacuation Pause) 694M->247M(751M) 5.654ms
[530.688s][info][gc,cpu      ] GC(841) User=0.01s Sys=0.00s Real=0.00s
[531.776s][info][gc,start    ] GC(842) Pause Young (Normal) (G1 Evacuation Pause)
[531.776s][info][gc,task     ] GC(842) Using 2 workers of 2 for evacuation
[531.782s][info][gc,phases   ] GC(842)   Pre Evacuate Collection Set: 0.27ms
[531.782s][info][gc,phases   ] GC(842)   Merge Heap Roots: 0.13ms
[531.782s][info][gc,phases   ] GC(842)   Evacuate Collection Set: 4.99ms
[531.782s][info][gc,phases   ] GC(842)   Post Evacuate Collection Set: 0.72ms
[531.782s][info][gc,phases   ] GC(842)   Other: 0.10ms
[531.782s][info][gc,heap     ] GC(842) Eden regions: 447->0(446)
[531.782s][info][gc,heap     ] GC(842) Survivor regions: 3->4(57)
[531.782s][info][gc,heap     ] GC(842) Old regions: 39->39
[531.782s][info][gc,heap     ] GC(842) Humongous regions: 207->207
[531.782s][info][gc,metaspace] GC(842) Metaspace: 57755K(58048K)->57755K(58048K) NonClass: 52135K(52352K)->52135K(52352K) Class: 5619K(5696K)->5619K(5696K)
[531.782s][info][gc          ] GC(842) Pause Young (Normal) (G1 Evacuation Pause) 694M->249M(751M) 6.376ms
[531.782s][info][gc,cpu      ] GC(842) User=0.01s Sys=0.00s Real=0.01s
[532.874s][info][gc,start    ] GC(843) Pause Young (Normal) (G1 Evacuation Pause)
[532.874s][info][gc,task     ] GC(843) Using 2 workers of 2 for evacuation
[532.880s][info][gc,phases   ] GC(843)   Pre Evacuate Collection Set: 0.29ms
[532.880s][info][gc,phases   ] GC(843)   Merge Heap Roots: 0.13ms
[532.880s][info][gc,phases   ] GC(843)   Evacuate Collection Set: 4.71ms
[532.880s][info][gc,phases   ] GC(843)   Post Evacuate Collection Set: 0.73ms
[532.880s][info][gc,phases   ] GC(843)   Other: 0.08ms
[532.880s][info][gc,heap     ] GC(843) Eden regions: 446->0(447)
[532.880s][info][gc,heap     ] GC(843) Survivor regions: 4->3(57)
[532.880s][info][gc,heap     ] GC(843) Old regions: 39->39
[532.880s][info][gc,heap     ] GC(843) Humongous regions: 207->207
[532.880s][info][gc,metaspace] GC(843) Metaspace: 57755K(58048K)->57755K(58048K) NonClass: 52135K(52352K)->52135K(52352K) Class: 5619K(5696K)->5619K(5696K)
[532.880s][info][gc          ] GC(843) Pause Young (Normal) (G1 Evacuation Pause) 695M->248M(751M) 6.115ms
[532.880s][info][gc,cpu      ] GC(843) User=0.01s Sys=0.00s Real=0.00s
[533.508s][info][gc,start    ] GC(844) Pause Young (Concurrent Start) (G1 Humongous Allocation)
[533.508s][info][gc,task     ] GC(844) Using 2 workers of 2 for evacuation
[533.511s][info][gc,phases   ] GC(844)   Pre Evacuate Collection Set: 0.29ms
[533.511s][info][gc,phases   ] GC(844)   Merge Heap Roots: 0.11ms
[533.511s][info][gc,phases   ] GC(844)   Evacuate Collection Set: 1.96ms
[533.511s][info][gc,phases   ] GC(844)   Post Evacuate Collection Set: 0.56ms
[533.511s][info][gc,phases   ] GC(844)   Other: 0.10ms
[533.511s][info][gc,heap     ] GC(844) Eden regions: 266->0(449)
[533.511s][info][gc,heap     ] GC(844) Survivor regions: 3->1(57)
[533.511s][info][gc,heap     ] GC(844) Old regions: 39->39
[533.511s][info][gc,heap     ] GC(844) Humongous regions: 207->207
[533.511s][info][gc,metaspace] GC(844) Metaspace: 57757K(58112K)->57757K(58112K) NonClass: 52138K(52416K)->52138K(52416K) Class: 5619K(5696K)->5619K(5696K)
[533.511s][info][gc          ] GC(844) Pause Young (Concurrent Start) (G1 Humongous Allocation) 513M->245M(751M) 3.196ms
[533.511s][info][gc,cpu      ] GC(844) User=0.01s Sys=0.00s Real=0.00s
[533.511s][info][gc          ] GC(845) Concurrent Undo Cycle
[533.511s][info][gc,marking  ] GC(845) Concurrent Clear Claimed Marks
[533.511s][info][gc,marking  ] GC(845) Concurrent Clear Claimed Marks 0.083ms
[533.511s][info][gc,marking  ] GC(845) Concurrent Cleanup for Next Mark
[533.513s][info][gc,marking  ] GC(845) Concurrent Cleanup for Next Mark 2.138ms
[533.513s][info][gc          ] GC(845) Concurrent Undo Cycle 2.280ms
[533.652s][info][gc,start    ] GC(846) Pause Young (Concurrent Start) (G1 Humongous Allocation)
[533.652s][info][gc,task     ] GC(846) Using 2 workers of 2 for evacuation
[533.655s][info][gc,phases   ] GC(846)   Pre Evacuate Collection Set: 0.28ms
[533.655s][info][gc,phases   ] GC(846)   Merge Heap Roots: 0.06ms
[533.655s][info][gc,phases   ] GC(846)   Evacuate Collection Set: 1.77ms
[533.655s][info][gc,phases   ] GC(846)   Post Evacuate Collection Set: 0.38ms
[533.655s][info][gc,phases   ] GC(846)   Other: 0.09ms
[533.655s][info][gc,heap     ] GC(846) Eden regions: 2->0(425)
[533.655s][info][gc,heap     ] GC(846) Survivor regions: 1->1(57)
[533.655s][info][gc,heap     ] GC(846) Old regions: 39->39
[533.655s][info][gc,heap     ] GC(846) Humongous regions: 246->246
[533.655s][info][gc,metaspace] GC(846) Metaspace: 57759K(58112K)->57759K(58112K) NonClass: 52139K(52416K)->52139K(52416K) Class: 5619K(5696K)->5619K(5696K)
[533.655s][info][gc          ] GC(846) Pause Young (Concurrent Start) (G1 Humongous Allocation) 286M->284M(751M) 2.746ms
[533.655s][info][gc          ] GC(847) Concurrent Mark Cycle
[533.655s][info][gc,marking  ] GC(847) Concurrent Scan Root Regions
[533.655s][info][gc,cpu      ] GC(846) User=0.00s Sys=0.00s Real=0.00s
[533.657s][info][gc,marking  ] GC(847) Concurrent Scan Root Regions 1.571ms
[533.657s][info][gc,marking  ] GC(847) Concurrent Mark
[533.657s][info][gc,marking  ] GC(847) Concurrent Mark From Roots
[533.657s][info][gc,task     ] GC(847) Using 1 workers of 1 for marking
[533.697s][info][gc,marking  ] GC(847) Concurrent Mark From Roots 40.247ms
[533.697s][info][gc,marking  ] GC(847) Concurrent Preclean
[533.697s][info][gc,marking  ] GC(847) Concurrent Preclean 0.060ms
[533.697s][info][gc,start    ] GC(847) Pause Remark
[533.708s][info][gc          ] GC(847) Pause Remark 323M->323M(751M) 10.551ms
[533.708s][info][gc,cpu      ] GC(847) User=0.02s Sys=0.00s Real=0.01s
[533.708s][info][gc,marking  ] GC(847) Concurrent Mark 51.143ms
[533.708s][info][gc,marking  ] GC(847) Concurrent Rebuild Remembered Sets and Scrub Regions
[533.723s][info][gc,marking  ] GC(847) Concurrent Rebuild Remembered Sets and Scrub Regions 15.436ms
[533.723s][info][gc,start    ] GC(847) Pause Cleanup
[533.723s][info][gc          ] GC(847) Pause Cleanup 323M->323M(751M) 0.053ms
[533.723s][info][gc,cpu      ] GC(847) User=0.00s Sys=0.00s Real=0.00s
[533.723s][info][gc,marking  ] GC(847) Concurrent Clear Claimed Marks
[533.723s][info][gc,marking  ] GC(847) Concurrent Clear Claimed Marks 0.075ms
[533.723s][info][gc,marking  ] GC(847) Concurrent Cleanup for Next Mark
[533.726s][info][gc,marking  ] GC(847) Concurrent Cleanup for Next Mark 2.163ms
[533.726s][info][gc          ] GC(847) Concurrent Mark Cycle 70.727ms
[536.558s][info][gc,start    ] GC(848) Pause Young (Prepare Mixed) (G1 Evacuation Pause)
[536.558s][info][gc,task     ] GC(848) Using 2 workers of 2 for evacuation
[536.573s][info][gc,phases   ] GC(848)   Pre Evacuate Collection Set: 0.27ms
[536.573s][info][gc,phases   ] GC(848)   Merge Heap Roots: 0.15ms
[536.573s][info][gc,phases   ] GC(848)   Evacuate Collection Set: 13.14ms
[536.573s][info][gc,phases   ] GC(848)   Post Evacuate Collection Set: 0.86ms
[536.573s][info][gc,phases   ] GC(848)   Other: 0.09ms
[536.573s][info][gc,heap     ] GC(848) Eden regions: 348->0(444)
[536.573s][info][gc,heap     ] GC(848) Survivor regions: 1->15(54)
[536.573s][info][gc,heap     ] GC(848) Old regions: 39->39
[536.573s][info][gc,heap     ] GC(848) Humongous regions: 363->207
[536.573s][info][gc,metaspace] GC(848) Metaspace: 57840K(58112K)->57840K(58112K) NonClass: 52220K(52416K)->52220K(52416K) Class: 5620K(5696K)->5620K(5696K)
[536.573s][info][gc          ] GC(848) Pause Young (Prepare Mixed) (G1 Evacuation Pause) 749M->259M(766M) 14.713ms
[536.573s][info][gc,cpu      ] GC(848) User=0.02s Sys=0.01s Real=0.02s
[537.592s][info][gc,start    ] GC(849) Pause Young (Mixed) (G1 Evacuation Pause)
[537.592s][info][gc,task     ] GC(849) Using 2 workers of 2 for evacuation
[537.600s][info][gc,phases   ] GC(849)   Pre Evacuate Collection Set: 0.29ms
[537.600s][info][gc,phases   ] GC(849)   Merge Heap Roots: 0.13ms
[537.600s][info][gc,phases   ] GC(849)   Evacuate Collection Set: 6.96ms
[537.600s][info][gc,phases   ] GC(849)   Post Evacuate Collection Set: 0.77ms
[537.600s][info][gc,phases   ] GC(849)   Other: 0.09ms
[537.600s][info][gc,heap     ] GC(849) Eden regions: 444->0(444)
[537.600s][info][gc,heap     ] GC(849) Survivor regions: 15->15(58)
[537.600s][info][gc,heap     ] GC(849) Old regions: 39->39
[537.600s][info][gc,heap     ] GC(849) Humongous regions: 207->207
[537.600s][info][gc,metaspace] GC(849) Metaspace: 57840K(58112K)->57840K(58112K) NonClass: 52220K(52416K)->52220K(52416K) Class: 5620K(5696K)->5620K(5696K)
[537.600s][info][gc          ] GC(849) Pause Young (Mixed) (G1 Evacuation Pause) 703M->259M(766M) 8.439ms
[537.600s][info][gc,cpu      ] GC(849) User=0.02s Sys=0.00s Real=0.00s
[538.678s][info][gc,start    ] GC(850) Pause Young (Concurrent Start) (G1 Evacuation Pause)
[538.678s][info][gc,task     ] GC(850) Using 2 workers of 2 for evacuation
[538.689s][info][gc,phases   ] GC(850)   Pre Evacuate Collection Set: 0.29ms
[538.689s][info][gc,phases   ] GC(850)   Merge Heap Roots: 0.14ms
[538.689s][info][gc,phases   ] GC(850)   Evacuate Collection Set: 9.94ms
[538.689s][info][gc,phases   ] GC(850)   Post Evacuate Collection Set: 0.82ms
[538.689s][info][gc,phases   ] GC(850)   Other: 0.10ms
[538.689s][info][gc,heap     ] GC(850) Eden regions: 444->0(442)
[538.689s][info][gc,heap     ] GC(850) Survivor regions: 15->17(58)
[538.689s][info][gc,heap     ] GC(850) Old regions: 39->39
[538.689s][info][gc,heap     ] GC(850) Humongous regions: 207->207
[538.689s][info][gc,metaspace] GC(850) Metaspace: 57840K(58112K)->57840K(58112K) NonClass: 52220K(52416K)->52220K(52416K) Class: 5620K(5696K)->5620K(5696K)
[538.689s][info][gc          ] GC(850) Pause Young (Concurrent Start) (G1 Evacuation Pause) 703M->261M(766M) 11.488ms
[538.689s][info][gc,cpu      ] GC(850) User=0.02s Sys=0.00s Real=0.01s
[538.689s][info][gc          ] GC(851) Concurrent Mark Cycle
[538.690s][info][gc,marking  ] GC(851) Concurrent Scan Root Regions
[538.695s][info][gc,marking  ] GC(851) Concurrent Scan Root Regions 5.208ms
[538.695s][info][gc,marking  ] GC(851) Concurrent Mark
[538.695s][info][gc,marking  ] GC(851) Concurrent Mark From Roots
[538.695s][info][gc,task     ] GC(851) Using 1 workers of 1 for marking
[538.739s][info][gc,marking  ] GC(851) Concurrent Mark From Roots 43.369ms
[538.739s][info][gc,marking  ] GC(851) Concurrent Preclean
[538.739s][info][gc,marking  ] GC(851) Concurrent Preclean 0.056ms
[538.739s][info][gc,start    ] GC(851) Pause Remark
[538.749s][info][gc          ] GC(851) Pause Remark 276M->276M(766M) 10.666ms
[538.749s][info][gc,cpu      ] GC(851) User=0.02s Sys=0.00s Real=0.01s
[538.750s][info][gc,marking  ] GC(851) Concurrent Mark 54.414ms
[538.750s][info][gc,marking  ] GC(851) Concurrent Rebuild Remembered Sets and Scrub Regions
[538.775s][info][gc,marking  ] GC(851) Concurrent Rebuild Remembered Sets and Scrub Regions 25.013ms
[538.775s][info][gc,start    ] GC(851) Pause Cleanup
[538.775s][info][gc          ] GC(851) Pause Cleanup 296M->296M(766M) 0.079ms
[538.775s][info][gc,cpu      ] GC(851) User=0.00s Sys=0.00s Real=0.00s
[538.775s][info][gc,marking  ] GC(851) Concurrent Clear Claimed Marks
[538.776s][info][gc,marking  ] GC(851) Concurrent Clear Claimed Marks 0.101ms
[538.776s][info][gc,marking  ] GC(851) Concurrent Cleanup for Next Mark
[538.778s][info][gc,marking  ] GC(851) Concurrent Cleanup for Next Mark 2.472ms
[538.778s][info][gc          ] GC(851) Concurrent Mark Cycle 88.794ms
[539.765s][info][gc,start    ] GC(852) Pause Young (Prepare Mixed) (G1 Evacuation Pause)
[539.765s][info][gc,task     ] GC(852) Using 2 workers of 2 for evacuation
[539.775s][info][gc,phases   ] GC(852)   Pre Evacuate Collection Set: 0.26ms
[539.775s][info][gc,phases   ] GC(852)   Merge Heap Roots: 0.16ms
[539.775s][info][gc,phases   ] GC(852)   Evacuate Collection Set: 8.06ms
[539.775s][info][gc,phases   ] GC(852)   Post Evacuate Collection Set: 0.83ms
[539.775s][info][gc,phases   ] GC(852)   Other: 0.10ms
[539.775s][info][gc,heap     ] GC(852) Eden regions: 442->0(444)
[539.775s][info][gc,heap     ] GC(852) Survivor regions: 17->15(58)
[539.775s][info][gc,heap     ] GC(852) Old regions: 39->39
[539.775s][info][gc,heap     ] GC(852) Humongous regions: 207->207
[539.775s][info][gc,metaspace] GC(852) Metaspace: 57841K(58112K)->57841K(58112K) NonClass: 52221K(52416K)->52221K(52416K) Class: 5620K(5696K)->5620K(5696K)
[539.775s][info][gc          ] GC(852) Pause Young (Prepare Mixed) (G1 Evacuation Pause) 703M->260M(766M) 9.590ms
[539.775s][info][gc,cpu      ] GC(852) User=0.02s Sys=0.00s Real=0.01s
[540.859s][info][gc,start    ] GC(853) Pause Young (Mixed) (G1 Evacuation Pause)
[540.859s][info][gc,task     ] GC(853) Using 2 workers of 2 for evacuation
[540.868s][info][gc,phases   ] GC(853)   Pre Evacuate Collection Set: 0.26ms
[540.868s][info][gc,phases   ] GC(853)   Merge Heap Roots: 0.16ms
[540.868s][info][gc,phases   ] GC(853)   Evacuate Collection Set: 8.14ms
[540.868s][info][gc,phases   ] GC(853)   Post Evacuate Collection Set: 0.86ms
[540.868s][info][gc,phases   ] GC(853)   Other: 0.10ms
[540.868s][info][gc,heap     ] GC(853) Eden regions: 444->0(445)
[540.868s][info][gc,heap     ] GC(853) Survivor regions: 15->14(58)
[540.868s][info][gc,heap     ] GC(853) Old regions: 39->38
[540.868s][info][gc,heap     ] GC(853) Humongous regions: 207->207
[540.868s][info][gc,metaspace] GC(853) Metaspace: 57841K(58112K)->57841K(58112K) NonClass: 52221K(52416K)->52221K(52416K) Class: 5620K(5696K)->5620K(5696K)
[540.868s][info][gc          ] GC(853) Pause Young (Mixed) (G1 Evacuation Pause) 704M->258M(766M) 9.694ms
[540.868s][info][gc,cpu      ] GC(853) User=0.01s Sys=0.00s Real=0.01s
[541.946s][info][gc,start    ] GC(854) Pause Young (Concurrent Start) (G1 Evacuation Pause)
[541.946s][info][gc,task     ] GC(854) Using 2 workers of 2 for evacuation
[541.953s][info][gc,phases   ] GC(854)   Pre Evacuate Collection Set: 0.29ms
[541.953s][info][gc,phases   ] GC(854)   Merge Heap Roots: 0.16ms
[541.953s][info][gc,phases   ] GC(854)   Evacuate Collection Set: 5.95ms
[541.953s][info][gc,phases   ] GC(854)   Post Evacuate Collection Set: 0.76ms
[541.953s][info][gc,phases   ] GC(854)   Other: 0.12ms
[541.953s][info][gc,heap     ] GC(854) Eden regions: 445->0(445)
[541.953s][info][gc,heap     ] GC(854) Survivor regions: 14->14(58)
[541.953s][info][gc,heap     ] GC(854) Old regions: 38->38
[541.953s][info][gc,heap     ] GC(854) Humongous regions: 207->207
[541.953s][info][gc,metaspace] GC(854) Metaspace: 57841K(58112K)->57841K(58112K) NonClass: 52221K(52416K)->52221K(52416K) Class: 5620K(5696K)->5620K(5696K)
[541.953s][info][gc          ] GC(854) Pause Young (Concurrent Start) (G1 Evacuation Pause) 703M->258M(766M) 7.463ms
[541.953s][info][gc          ] GC(855) Concurrent Mark Cycle
[541.953s][info][gc,marking  ] GC(855) Concurrent Scan Root Regions
[541.953s][info][gc,cpu      ] GC(854) User=0.02s Sys=0.00s Real=0.01s
[541.960s][info][gc,marking  ] GC(855) Concurrent Scan Root Regions 6.410ms
[541.960s][info][gc,marking  ] GC(855) Concurrent Mark
[541.960s][info][gc,marking  ] GC(855) Concurrent Mark From Roots
[541.960s][info][gc,task     ] GC(855) Using 1 workers of 1 for marking
[542.024s][info][gc,marking  ] GC(855) Concurrent Mark From Roots 63.954ms
[542.024s][info][gc,marking  ] GC(855) Concurrent Preclean
[542.024s][info][gc,marking  ] GC(855) Concurrent Preclean 0.056ms
[542.024s][info][gc,start    ] GC(855) Pause Remark
[542.034s][info][gc          ] GC(855) Pause Remark 300M->300M(766M) 10.705ms
[542.034s][info][gc,cpu      ] GC(855) User=0.02s Sys=0.00s Real=0.01s
[542.035s][info][gc,marking  ] GC(855) Concurrent Mark 74.981ms
[542.035s][info][gc,marking  ] GC(855) Concurrent Rebuild Remembered Sets and Scrub Regions
[542.051s][info][gc,marking  ] GC(855) Concurrent Rebuild Remembered Sets and Scrub Regions 16.195ms
[542.051s][info][gc,start    ] GC(855) Pause Cleanup
[542.051s][info][gc          ] GC(855) Pause Cleanup 302M->302M(766M) 0.055ms
[542.051s][info][gc,cpu      ] GC(855) User=0.00s Sys=0.00s Real=0.00s
[542.051s][info][gc,marking  ] GC(855) Concurrent Clear Claimed Marks
[542.051s][info][gc,marking  ] GC(855) Concurrent Clear Claimed Marks 0.086ms
[542.051s][info][gc,marking  ] GC(855) Concurrent Cleanup for Next Mark
[542.057s][info][gc,marking  ] GC(855) Concurrent Cleanup for Next Mark 5.814ms
[542.057s][info][gc          ] GC(855) Concurrent Mark Cycle 103.831ms
[543.087s][info][gc,start    ] GC(856) Pause Young (Prepare Mixed) (G1 Evacuation Pause)
[543.087s][info][gc,task     ] GC(856) Using 2 workers of 2 for evacuation
[543.095s][info][gc,phases   ] GC(856)   Pre Evacuate Collection Set: 0.28ms
[543.095s][info][gc,phases   ] GC(856)   Merge Heap Roots: 0.17ms
[543.095s][info][gc,phases   ] GC(856)   Evacuate Collection Set: 6.69ms
[543.095s][info][gc,phases   ] GC(856)   Post Evacuate Collection Set: 0.80ms
[543.095s][info][gc,phases   ] GC(856)   Other: 0.09ms
[543.095s][info][gc,heap     ] GC(856) Eden regions: 445->0(444)
[543.095s][info][gc,heap     ] GC(856) Survivor regions: 14->15(58)
[543.095s][info][gc,heap     ] GC(856) Old regions: 38->38
[543.095s][info][gc,heap     ] GC(856) Humongous regions: 207->207
[543.095s][info][gc,metaspace] GC(856) Metaspace: 57841K(58112K)->57841K(58112K) NonClass: 52221K(52416K)->52221K(52416K) Class: 5620K(5696K)->5620K(5696K)
[543.095s][info][gc          ] GC(856) Pause Young (Prepare Mixed) (G1 Evacuation Pause) 703M->258M(766M) 8.214ms
[543.095s][info][gc,cpu      ] GC(856) User=0.02s Sys=0.00s Real=0.01s
[544.072s][info][gc,start    ] GC(857) Pause Young (Mixed) (G1 Evacuation Pause)
[544.072s][info][gc,task     ] GC(857) Using 2 workers of 2 for evacuation
[544.085s][info][gc,phases   ] GC(857)   Pre Evacuate Collection Set: 0.28ms
[544.085s][info][gc,phases   ] GC(857)   Merge Heap Roots: 0.23ms
[544.085s][info][gc,phases   ] GC(857)   Evacuate Collection Set: 12.22ms
[544.086s][info][gc,phases   ] GC(857)   Post Evacuate Collection Set: 0.91ms
[544.086s][info][gc,phases   ] GC(857)   Other: 0.08ms
[544.086s][info][gc,heap     ] GC(857) Eden regions: 444->0(443)
[544.086s][info][gc,heap     ] GC(857) Survivor regions: 15->16(58)
[544.086s][info][gc,heap     ] GC(857) Old regions: 38->38
[544.086s][info][gc,heap     ] GC(857) Humongous regions: 207->207
[544.086s][info][gc,metaspace] GC(857) Metaspace: 57841K(58112K)->57841K(58112K) NonClass: 52221K(52416K)->52221K(52416K) Class: 5620K(5696K)->5620K(5696K)
[544.086s][info][gc          ] GC(857) Pause Young (Mixed) (G1 Evacuation Pause) 702M->259M(766M) 13.892ms
[544.086s][info][gc,cpu      ] GC(857) User=0.02s Sys=0.00s Real=0.01s
[545.173s][info][gc,start    ] GC(858) Pause Young (Concurrent Start) (G1 Evacuation Pause)
[545.173s][info][gc,task     ] GC(858) Using 2 workers of 2 for evacuation
[545.183s][info][gc,phases   ] GC(858)   Pre Evacuate Collection Set: 0.30ms
[545.183s][info][gc,phases   ] GC(858)   Merge Heap Roots: 0.15ms
[545.183s][info][gc,phases   ] GC(858)   Evacuate Collection Set: 8.48ms
[545.183s][info][gc,phases   ] GC(858)   Post Evacuate Collection Set: 0.79ms
[545.183s][info][gc,phases   ] GC(858)   Other: 0.13ms
[545.183s][info][gc,heap     ] GC(858) Eden regions: 443->0(443)
[545.183s][info][gc,heap     ] GC(858) Survivor regions: 16->16(58)
[545.183s][info][gc,heap     ] GC(858) Old regions: 38->38
[545.183s][info][gc,heap     ] GC(858) Humongous regions: 207->207
[545.183s][info][gc,metaspace] GC(858) Metaspace: 57841K(58112K)->57841K(58112K) NonClass: 52221K(52416K)->52221K(52416K) Class: 5620K(5696K)->5620K(5696K)
[545.183s][info][gc          ] GC(858) Pause Young (Concurrent Start) (G1 Evacuation Pause) 702M->259M(766M) 10.044ms
[545.183s][info][gc,cpu      ] GC(858) User=0.02s Sys=0.00s Real=0.01s
[545.183s][info][gc          ] GC(859) Concurrent Mark Cycle
[545.183s][info][gc,marking  ] GC(859) Concurrent Scan Root Regions
[545.191s][info][gc,marking  ] GC(859) Concurrent Scan Root Regions 8.541ms
[545.191s][info][gc,marking  ] GC(859) Concurrent Mark
[545.191s][info][gc,marking  ] GC(859) Concurrent Mark From Roots
[545.191s][info][gc,task     ] GC(859) Using 1 workers of 1 for marking
[545.241s][info][gc,marking  ] GC(859) Concurrent Mark From Roots 49.738ms
[545.241s][info][gc,marking  ] GC(859) Concurrent Preclean
[545.241s][info][gc,marking  ] GC(859) Concurrent Preclean 0.071ms
[545.241s][info][gc,start    ] GC(859) Pause Remark
[545.252s][info][gc          ] GC(859) Pause Remark 281M->281M(766M) 10.575ms
[545.252s][info][gc,cpu      ] GC(859) User=0.02s Sys=0.00s Real=0.01s
[545.253s][info][gc,marking  ] GC(859) Concurrent Mark 61.870ms
[545.253s][info][gc,marking  ] GC(859) Concurrent Rebuild Remembered Sets and Scrub Regions
[545.270s][info][gc,marking  ] GC(859) Concurrent Rebuild Remembered Sets and Scrub Regions 16.440ms
[545.270s][info][gc,start    ] GC(859) Pause Cleanup
[545.270s][info][gc          ] GC(859) Pause Cleanup 293M->293M(766M) 0.071ms
[545.270s][info][gc,cpu      ] GC(859) User=0.00s Sys=0.00s Real=0.00s
[545.270s][info][gc,marking  ] GC(859) Concurrent Clear Claimed Marks
[545.270s][info][gc,marking  ] GC(859) Concurrent Clear Claimed Marks 0.086ms
[545.270s][info][gc,marking  ] GC(859) Concurrent Cleanup for Next Mark
[545.272s][info][gc,marking  ] GC(859) Concurrent Cleanup for Next Mark 2.224ms
[545.272s][info][gc          ] GC(859) Concurrent Mark Cycle 89.580ms
[546.266s][info][gc,start    ] GC(860) Pause Young (Prepare Mixed) (G1 Evacuation Pause)
[546.266s][info][gc,task     ] GC(860) Using 2 workers of 2 for evacuation
[546.276s][info][gc,phases   ] GC(860)   Pre Evacuate Collection Set: 0.40ms
[546.276s][info][gc,phases   ] GC(860)   Merge Heap Roots: 0.15ms
[546.276s][info][gc,phases   ] GC(860)   Evacuate Collection Set: 8.91ms
[546.276s][info][gc,phases   ] GC(860)   Post Evacuate Collection Set: 0.80ms
[546.276s][info][gc,phases   ] GC(860)   Other: 0.08ms
[546.276s][info][gc,heap     ] GC(860) Eden regions: 443->0(443)
[546.276s][info][gc,heap     ] GC(860) Survivor regions: 16->16(58)
[546.276s][info][gc,heap     ] GC(860) Old regions: 38->38
[546.276s][info][gc,heap     ] GC(860) Humongous regions: 207->207
[546.276s][info][gc,metaspace] GC(860) Metaspace: 57841K(58112K)->57841K(58112K) NonClass: 52221K(52416K)->52221K(52416K) Class: 5620K(5696K)->5620K(5696K)
[546.276s][info][gc          ] GC(860) Pause Young (Prepare Mixed) (G1 Evacuation Pause) 702M->260M(766M) 10.534ms
[546.276s][info][gc,cpu      ] GC(860) User=0.02s Sys=0.00s Real=0.01s
[547.358s][info][gc,start    ] GC(861) Pause Young (Mixed) (G1 Evacuation Pause)
[547.358s][info][gc,task     ] GC(861) Using 2 workers of 2 for evacuation
[547.368s][info][gc,phases   ] GC(861)   Pre Evacuate Collection Set: 0.26ms
[547.368s][info][gc,phases   ] GC(861)   Merge Heap Roots: 0.16ms
[547.368s][info][gc,phases   ] GC(861)   Evacuate Collection Set: 8.66ms
[547.368s][info][gc,phases   ] GC(861)   Post Evacuate Collection Set: 0.83ms
[547.368s][info][gc,phases   ] GC(861)   Other: 0.08ms
[547.368s][info][gc,heap     ] GC(861) Eden regions: 443->0(443)
[547.368s][info][gc,heap     ] GC(861) Survivor regions: 16->16(58)
[547.368s][info][gc,heap     ] GC(861) Old regions: 38->38
[547.368s][info][gc,heap     ] GC(861) Humongous regions: 207->207
[547.368s][info][gc,metaspace] GC(861) Metaspace: 57841K(58112K)->57841K(58112K) NonClass: 52221K(52416K)->52221K(52416K) Class: 5620K(5696K)->5620K(5696K)
[547.368s][info][gc          ] GC(861) Pause Young (Mixed) (G1 Evacuation Pause) 703M->259M(766M) 10.182ms
[547.368s][info][gc,cpu      ] GC(861) User=0.02s Sys=0.00s Real=0.01s
[548.457s][info][gc,start    ] GC(862) Pause Young (Concurrent Start) (G1 Evacuation Pause)
[548.457s][info][gc,task     ] GC(862) Using 2 workers of 2 for evacuation
[548.465s][info][gc,phases   ] GC(862)   Pre Evacuate Collection Set: 0.29ms
[548.465s][info][gc,phases   ] GC(862)   Merge Heap Roots: 0.14ms
[548.465s][info][gc,phases   ] GC(862)   Evacuate Collection Set: 6.64ms
[548.465s][info][gc,phases   ] GC(862)   Post Evacuate Collection Set: 0.78ms
[548.465s][info][gc,phases   ] GC(862)   Other: 0.10ms
[548.465s][info][gc,heap     ] GC(862) Eden regions: 443->0(444)
[548.465s][info][gc,heap     ] GC(862) Survivor regions: 16->15(58)
[548.465s][info][gc,heap     ] GC(862) Old regions: 38->38
[548.465s][info][gc,heap     ] GC(862) Humongous regions: 207->207
[548.465s][info][gc,metaspace] GC(862) Metaspace: 57841K(58112K)->57841K(58112K) NonClass: 52221K(52416K)->52221K(52416K) Class: 5620K(5696K)->5620K(5696K)
[548.465s][info][gc          ] GC(862) Pause Young (Concurrent Start) (G1 Evacuation Pause) 702M->258M(766M) 8.118ms
[548.465s][info][gc,cpu      ] GC(862) User=0.01s Sys=0.00s Real=0.01s
[548.465s][info][gc          ] GC(863) Concurrent Mark Cycle
[548.465s][info][gc,marking  ] GC(863) Concurrent Scan Root Regions
[548.471s][info][gc,marking  ] GC(863) Concurrent Scan Root Regions 5.652ms
[548.471s][info][gc,marking  ] GC(863) Concurrent Mark
[548.471s][info][gc,marking  ] GC(863) Concurrent Mark From Roots
[548.471s][info][gc,task     ] GC(863) Using 1 workers of 1 for marking
[548.521s][info][gc,marking  ] GC(863) Concurrent Mark From Roots 50.618ms
[548.521s][info][gc,marking  ] GC(863) Concurrent Preclean
[548.521s][info][gc,marking  ] GC(863) Concurrent Preclean 0.055ms
[548.521s][info][gc,start    ] GC(863) Pause Remark
[548.532s][info][gc          ] GC(863) Pause Remark 293M->293M(766M) 10.596ms
[548.532s][info][gc,cpu      ] GC(863) User=0.02s Sys=0.00s Real=0.01s
[548.533s][info][gc,marking  ] GC(863) Concurrent Mark 62.560ms
[548.533s][info][gc,marking  ] GC(863) Concurrent Rebuild Remembered Sets and Scrub Regions
[548.549s][info][gc,marking  ] GC(863) Concurrent Rebuild Remembered Sets and Scrub Regions 15.781ms
[548.549s][info][gc,start    ] GC(863) Pause Cleanup
[548.549s][info][gc          ] GC(863) Pause Cleanup 294M->294M(766M) 0.096ms
[548.549s][info][gc,cpu      ] GC(863) User=0.00s Sys=0.00s Real=0.00s
[548.549s][info][gc,marking  ] GC(863) Concurrent Clear Claimed Marks
[548.549s][info][gc,marking  ] GC(863) Concurrent Clear Claimed Marks 0.087ms
[548.549s][info][gc,marking  ] GC(863) Concurrent Cleanup for Next Mark
[548.554s][info][gc,marking  ] GC(863) Concurrent Cleanup for Next Mark 4.485ms
[548.554s][info][gc          ] GC(863) Concurrent Mark Cycle 88.968ms
[549.530s][info][gc,start    ] GC(864) Pause Young (Prepare Mixed) (G1 Evacuation Pause)
[549.530s][info][gc,task     ] GC(864) Using 2 workers of 2 for evacuation
[549.537s][info][gc,phases   ] GC(864)   Pre Evacuate Collection Set: 0.28ms
[549.537s][info][gc,phases   ] GC(864)   Merge Heap Roots: 0.17ms
[549.537s][info][gc,phases   ] GC(864)   Evacuate Collection Set: 5.70ms
[549.537s][info][gc,phases   ] GC(864)   Post Evacuate Collection Set: 1.02ms
[549.537s][info][gc,phases   ] GC(864)   Other: 0.09ms
[549.537s][info][gc,heap     ] GC(864) Eden regions: 444->0(445)
[549.537s][info][gc,heap     ] GC(864) Survivor regions: 15->14(58)
[549.537s][info][gc,heap     ] GC(864) Old regions: 38->38
[549.537s][info][gc,heap     ] GC(864) Humongous regions: 207->207
[549.537s][info][gc,metaspace] GC(864) Metaspace: 57841K(58112K)->57841K(58112K) NonClass: 52221K(52416K)->52221K(52416K) Class: 5620K(5696K)->5620K(5696K)
[549.537s][info][gc          ] GC(864) Pause Young (Prepare Mixed) (G1 Evacuation Pause) 702M->258M(766M) 7.476ms
[549.537s][info][gc,cpu      ] GC(864) User=0.02s Sys=0.00s Real=0.01s
[550.581s][info][gc,start    ] GC(865) Pause Young (Mixed) (G1 Evacuation Pause)
[550.581s][info][gc,task     ] GC(865) Using 2 workers of 2 for evacuation
[550.593s][info][gc,phases   ] GC(865)   Pre Evacuate Collection Set: 0.29ms
[550.593s][info][gc,phases   ] GC(865)   Merge Heap Roots: 0.16ms
[550.593s][info][gc,phases   ] GC(865)   Evacuate Collection Set: 11.08ms
[550.593s][info][gc,phases   ] GC(865)   Post Evacuate Collection Set: 0.87ms
[550.593s][info][gc,phases   ] GC(865)   Other: 0.10ms
[550.593s][info][gc,heap     ] GC(865) Eden regions: 445->0(442)
[550.593s][info][gc,heap     ] GC(865) Survivor regions: 14->17(58)
[550.593s][info][gc,heap     ] GC(865) Old regions: 38->38
[550.593s][info][gc,heap     ] GC(865) Humongous regions: 207->207
[550.593s][info][gc,metaspace] GC(865) Metaspace: 57841K(58112K)->57841K(58112K) NonClass: 52221K(52416K)->52221K(52416K) Class: 5620K(5696K)->5620K(5696K)
[550.593s][info][gc          ] GC(865) Pause Young (Mixed) (G1 Evacuation Pause) 703M->260M(766M) 12.679ms
[550.593s][info][gc,cpu      ] GC(865) User=0.02s Sys=0.00s Real=0.02s
[551.721s][info][gc,start    ] GC(866) Pause Young (Concurrent Start) (G1 Evacuation Pause)
[551.721s][info][gc,task     ] GC(866) Using 2 workers of 2 for evacuation
[551.732s][info][gc,phases   ] GC(866)   Pre Evacuate Collection Set: 0.31ms
[551.732s][info][gc,phases   ] GC(866)   Merge Heap Roots: 0.12ms
[551.732s][info][gc,phases   ] GC(866)   Evacuate Collection Set: 9.32ms
[551.732s][info][gc,phases   ] GC(866)   Post Evacuate Collection Set: 0.79ms
[551.732s][info][gc,phases   ] GC(866)   Other: 0.12ms
[551.732s][info][gc,heap     ] GC(866) Eden regions: 442->0(443)
[551.732s][info][gc,heap     ] GC(866) Survivor regions: 17->16(58)
[551.732s][info][gc,heap     ] GC(866) Old regions: 38->38
[551.732s][info][gc,heap     ] GC(866) Humongous regions: 207->207
[551.732s][info][gc,metaspace] GC(866) Metaspace: 57841K(58112K)->57841K(58112K) NonClass: 52221K(52416K)->52221K(52416K) Class: 5620K(5696K)->5620K(5696K)
[551.732s][info][gc          ] GC(866) Pause Young (Concurrent Start) (G1 Evacuation Pause) 702M->260M(766M) 10.864ms
[551.732s][info][gc,cpu      ] GC(866) User=0.02s Sys=0.00s Real=0.01s
[551.733s][info][gc          ] GC(867) Concurrent Mark Cycle
[551.733s][info][gc,marking  ] GC(867) Concurrent Scan Root Regions
[551.748s][info][gc,marking  ] GC(867) Concurrent Scan Root Regions 15.518ms
[551.748s][info][gc,marking  ] GC(867) Concurrent Mark
[551.748s][info][gc,marking  ] GC(867) Concurrent Mark From Roots
[551.748s][info][gc,task     ] GC(867) Using 1 workers of 1 for marking
[551.804s][info][gc,marking  ] GC(867) Concurrent Mark From Roots 55.894ms
[551.804s][info][gc,marking  ] GC(867) Concurrent Preclean
[551.804s][info][gc,marking  ] GC(867) Concurrent Preclean 0.054ms
[551.804s][info][gc,start    ] GC(867) Pause Remark
[551.815s][info][gc          ] GC(867) Pause Remark 303M->297M(766M) 10.609ms
[551.815s][info][gc,cpu      ] GC(867) User=0.02s Sys=0.00s Real=0.01s
[551.816s][info][gc,marking  ] GC(867) Concurrent Mark 67.917ms
[551.816s][info][gc,marking  ] GC(867) Concurrent Rebuild Remembered Sets and Scrub Regions
[551.839s][info][gc,marking  ] GC(867) Concurrent Rebuild Remembered Sets and Scrub Regions 22.258ms
[551.839s][info][gc,start    ] GC(867) Pause Cleanup
[551.839s][info][gc          ] GC(867) Pause Cleanup 313M->313M(766M) 0.073ms
[551.839s][info][gc,cpu      ] GC(867) User=0.00s Sys=0.00s Real=0.00s
[551.839s][info][gc,marking  ] GC(867) Concurrent Clear Claimed Marks
[551.839s][info][gc,marking  ] GC(867) Concurrent Clear Claimed Marks 0.089ms
[551.839s][info][gc,marking  ] GC(867) Concurrent Cleanup for Next Mark
[551.841s][info][gc,marking  ] GC(867) Concurrent Cleanup for Next Mark 2.259ms
[551.841s][info][gc          ] GC(867) Concurrent Mark Cycle 108.457ms
[552.771s][info][gc,start    ] GC(868) Pause Young (Prepare Mixed) (G1 Evacuation Pause)
[552.771s][info][gc,task     ] GC(868) Using 2 workers of 2 for evacuation
[552.802s][info][gc,phases   ] GC(868)   Pre Evacuate Collection Set: 0.43ms
[552.802s][info][gc,phases   ] GC(868)   Merge Heap Roots: 0.16ms
[552.802s][info][gc,phases   ] GC(868)   Evacuate Collection Set: 15.94ms
[552.802s][info][gc,phases   ] GC(868)   Post Evacuate Collection Set: 14.30ms
[552.802s][info][gc,phases   ] GC(868)   Other: 0.18ms
[552.802s][info][gc,heap     ] GC(868) Eden regions: 443->0(456)
[552.802s][info][gc,heap     ] GC(868) Survivor regions: 16->3(58)
[552.802s][info][gc,heap     ] GC(868) Old regions: 32->44
[552.802s][info][gc,heap     ] GC(868) Humongous regions: 207->207
[552.802s][info][gc,metaspace] GC(868) Metaspace: 57841K(58112K)->57841K(58112K) NonClass: 52221K(52416K)->52221K(52416K) Class: 5620K(5696K)->5620K(5696K)
[552.802s][info][gc          ] GC(868) Pause Young (Prepare Mixed) (G1 Evacuation Pause) 697M->253M(766M) 31.452ms
[552.802s][info][gc,cpu      ] GC(868) User=0.02s Sys=0.00s Real=0.04s
[553.863s][info][gc,start    ] GC(869) Pause Young (Mixed) (G1 Evacuation Pause)
[553.863s][info][gc,task     ] GC(869) Using 2 workers of 2 for evacuation
[553.869s][info][gc,phases   ] GC(869)   Pre Evacuate Collection Set: 0.33ms
[553.869s][info][gc,phases   ] GC(869)   Merge Heap Roots: 0.14ms
[553.869s][info][gc,phases   ] GC(869)   Evacuate Collection Set: 4.62ms
[553.869s][info][gc,phases   ] GC(869)   Post Evacuate Collection Set: 0.76ms
[553.869s][info][gc,phases   ] GC(869)   Other: 0.11ms
[553.869s][info][gc,heap     ] GC(869) Eden regions: 456->0(455)
[553.869s][info][gc,heap     ] GC(869) Survivor regions: 3->4(58)
[553.869s][info][gc,heap     ] GC(869) Old regions: 44->42
[553.869s][info][gc,heap     ] GC(869) Humongous regions: 207->207
[553.869s][info][gc,metaspace] GC(869) Metaspace: 57841K(58112K)->57841K(58112K) NonClass: 52221K(52416K)->52221K(52416K) Class: 5620K(5696K)->5620K(5696K)
[553.869s][info][gc          ] GC(869) Pause Young (Mixed) (G1 Evacuation Pause) 709M->252M(766M) 6.132ms
[553.869s][info][gc,cpu      ] GC(869) User=0.01s Sys=0.00s Real=0.00s
[554.974s][info][gc,start    ] GC(870) Pause Young (Concurrent Start) (G1 Evacuation Pause)
[554.974s][info][gc,task     ] GC(870) Using 2 workers of 2 for evacuation
[554.987s][info][gc,phases   ] GC(870)   Pre Evacuate Collection Set: 0.28ms
[554.987s][info][gc,phases   ] GC(870)   Merge Heap Roots: 0.13ms
[554.987s][info][gc,phases   ] GC(870)   Evacuate Collection Set: 11.41ms
[554.987s][info][gc,phases   ] GC(870)   Post Evacuate Collection Set: 0.76ms
[554.987s][info][gc,phases   ] GC(870)   Other: 0.11ms
[554.987s][info][gc,heap     ] GC(870) Eden regions: 455->0(447)
[554.987s][info][gc,heap     ] GC(870) Survivor regions: 4->12(58)
[554.987s][info][gc,heap     ] GC(870) Old regions: 42->42
[554.987s][info][gc,heap     ] GC(870) Humongous regions: 207->207
[554.987s][info][gc,metaspace] GC(870) Metaspace: 57841K(58112K)->57841K(58112K) NonClass: 52221K(52416K)->52221K(52416K) Class: 5620K(5696K)->5620K(5696K)
[554.987s][info][gc          ] GC(870) Pause Young (Concurrent Start) (G1 Evacuation Pause) 707M->260M(766M) 12.903ms
[554.987s][info][gc,cpu      ] GC(870) User=0.02s Sys=0.00s Real=0.01s
[554.987s][info][gc          ] GC(871) Concurrent Mark Cycle
[554.987s][info][gc,marking  ] GC(871) Concurrent Scan Root Regions
[554.998s][info][gc,marking  ] GC(871) Concurrent Scan Root Regions 11.018ms
[554.998s][info][gc,marking  ] GC(871) Concurrent Mark
[554.998s][info][gc,marking  ] GC(871) Concurrent Mark From Roots
[554.998s][info][gc,task     ] GC(871) Using 1 workers of 1 for marking
[555.054s][info][gc,marking  ] GC(871) Concurrent Mark From Roots 55.133ms
[555.054s][info][gc,marking  ] GC(871) Concurrent Preclean
[555.054s][info][gc,marking  ] GC(871) Concurrent Preclean 0.069ms
[555.054s][info][gc,start    ] GC(871) Pause Remark
[555.065s][info][gc          ] GC(871) Pause Remark 283M->283M(766M) 10.772ms
[555.065s][info][gc,cpu      ] GC(871) User=0.02s Sys=0.00s Real=0.01s
[555.066s][info][gc,marking  ] GC(871) Concurrent Mark 68.064ms
[555.066s][info][gc,marking  ] GC(871) Concurrent Rebuild Remembered Sets and Scrub Regions
[555.097s][info][gc,marking  ] GC(871) Concurrent Rebuild Remembered Sets and Scrub Regions 30.605ms
[555.097s][info][gc,start    ] GC(871) Pause Cleanup
[555.097s][info][gc          ] GC(871) Pause Cleanup 310M->310M(766M) 0.075ms
[555.097s][info][gc,cpu      ] GC(871) User=0.00s Sys=0.00s Real=0.00s
[555.098s][info][gc,marking  ] GC(871) Concurrent Clear Claimed Marks
[555.098s][info][gc,marking  ] GC(871) Concurrent Clear Claimed Marks 0.101ms
[555.098s][info][gc,marking  ] GC(871) Concurrent Cleanup for Next Mark
[555.104s][info][gc,marking  ] GC(871) Concurrent Cleanup for Next Mark 5.455ms
[555.104s][info][gc          ] GC(871) Concurrent Mark Cycle 116.549ms
[556.071s][info][gc,start    ] GC(872) Pause Young (Prepare Mixed) (G1 Evacuation Pause)
[556.071s][info][gc,task     ] GC(872) Using 2 workers of 2 for evacuation
[556.077s][info][gc,phases   ] GC(872)   Pre Evacuate Collection Set: 0.27ms
[556.077s][info][gc,phases   ] GC(872)   Merge Heap Roots: 0.14ms
[556.077s][info][gc,phases   ] GC(872)   Evacuate Collection Set: 3.97ms
[556.077s][info][gc,phases   ] GC(872)   Post Evacuate Collection Set: 0.74ms
[556.077s][info][gc,phases   ] GC(872)   Other: 0.09ms
[556.077s][info][gc,heap     ] GC(872) Eden regions: 447->0(453)
[556.077s][info][gc,heap     ] GC(872) Survivor regions: 12->6(58)
[556.077s][info][gc,heap     ] GC(872) Old regions: 42->43
[556.077s][info][gc,heap     ] GC(872) Humongous regions: 207->207
[556.077s][info][gc,metaspace] GC(872) Metaspace: 57841K(58112K)->57841K(58112K) NonClass: 52221K(52416K)->52221K(52416K) Class: 5620K(5696K)->5620K(5696K)
[556.077s][info][gc          ] GC(872) Pause Young (Prepare Mixed) (G1 Evacuation Pause) 707M->255M(766M) 5.391ms
[556.077s][info][gc,cpu      ] GC(872) User=0.01s Sys=0.00s Real=0.00s
[557.167s][info][gc,start    ] GC(873) Pause Young (Mixed) (G1 Evacuation Pause)
[557.167s][info][gc,task     ] GC(873) Using 2 workers of 2 for evacuation
[557.173s][info][gc,phases   ] GC(873)   Pre Evacuate Collection Set: 0.28ms
[557.173s][info][gc,phases   ] GC(873)   Merge Heap Roots: 0.14ms
[557.173s][info][gc,phases   ] GC(873)   Evacuate Collection Set: 4.58ms
[557.173s][info][gc,phases   ] GC(873)   Post Evacuate Collection Set: 0.76ms
[557.173s][info][gc,phases   ] GC(873)   Other: 0.10ms
[557.173s][info][gc,heap     ] GC(873) Eden regions: 453->0(452)
[557.173s][info][gc,heap     ] GC(873) Survivor regions: 6->7(58)
[557.173s][info][gc,heap     ] GC(873) Old regions: 43->41
[557.173s][info][gc,heap     ] GC(873) Humongous regions: 207->207
[557.173s][info][gc,metaspace] GC(873) Metaspace: 57841K(58112K)->57841K(58112K) NonClass: 52221K(52416K)->52221K(52416K) Class: 5620K(5696K)->5620K(5696K)
[557.173s][info][gc          ] GC(873) Pause Young (Mixed) (G1 Evacuation Pause) 708M->253M(766M) 6.025ms
[557.173s][info][gc,cpu      ] GC(873) User=0.01s Sys=0.00s Real=0.01s
[558.276s][info][gc,start    ] GC(874) Pause Young (Concurrent Start) (G1 Evacuation Pause)
[558.276s][info][gc,task     ] GC(874) Using 2 workers of 2 for evacuation
[558.283s][info][gc,phases   ] GC(874)   Pre Evacuate Collection Set: 0.33ms
[558.283s][info][gc,phases   ] GC(874)   Merge Heap Roots: 0.13ms
[558.283s][info][gc,phases   ] GC(874)   Evacuate Collection Set: 5.59ms
[558.283s][info][gc,phases   ] GC(874)   Post Evacuate Collection Set: 0.74ms
[558.283s][info][gc,phases   ] GC(874)   Other: 0.11ms
[558.283s][info][gc,heap     ] GC(874) Eden regions: 452->0(452)
[558.283s][info][gc,heap     ] GC(874) Survivor regions: 7->7(58)
[558.283s][info][gc,heap     ] GC(874) Old regions: 41->41
[558.283s][info][gc,heap     ] GC(874) Humongous regions: 207->207
[558.283s][info][gc,metaspace] GC(874) Metaspace: 57841K(58112K)->57841K(58112K) NonClass: 52221K(52416K)->52221K(52416K) Class: 5620K(5696K)->5620K(5696K)
[558.283s][info][gc          ] GC(874) Pause Young (Concurrent Start) (G1 Evacuation Pause) 705M->254M(766M) 7.071ms
[558.283s][info][gc          ] GC(875) Concurrent Mark Cycle
[558.283s][info][gc,marking  ] GC(875) Concurrent Scan Root Regions
[558.283s][info][gc,cpu      ] GC(874) User=0.02s Sys=0.00s Real=0.01s
[558.292s][info][gc,marking  ] GC(875) Concurrent Scan Root Regions 8.318ms
[558.292s][info][gc,marking  ] GC(875) Concurrent Mark
[558.292s][info][gc,marking  ] GC(875) Concurrent Mark From Roots
[558.292s][info][gc,task     ] GC(875) Using 1 workers of 1 for marking
[558.342s][info][gc,marking  ] GC(875) Concurrent Mark From Roots 50.394ms
[558.342s][info][gc,marking  ] GC(875) Concurrent Preclean
[558.342s][info][gc,marking  ] GC(875) Concurrent Preclean 0.075ms
[558.342s][info][gc,start    ] GC(875) Pause Remark
[558.353s][info][gc          ] GC(875) Pause Remark 272M->272M(766M) 10.549ms
[558.353s][info][gc,cpu      ] GC(875) User=0.02s Sys=0.00s Real=0.01s
[558.354s][info][gc,marking  ] GC(875) Concurrent Mark 61.973ms
[558.354s][info][gc,marking  ] GC(875) Concurrent Rebuild Remembered Sets and Scrub Regions
[558.373s][info][gc,marking  ] GC(875) Concurrent Rebuild Remembered Sets and Scrub Regions 19.693ms
[558.374s][info][gc,start    ] GC(875) Pause Cleanup
[558.374s][info][gc          ] GC(875) Pause Cleanup 286M->286M(766M) 0.090ms
[558.374s][info][gc,cpu      ] GC(875) User=0.00s Sys=0.00s Real=0.00s
[558.374s][info][gc,marking  ] GC(875) Concurrent Clear Claimed Marks
[558.374s][info][gc,marking  ] GC(875) Concurrent Clear Claimed Marks 0.095ms
[558.374s][info][gc,marking  ] GC(875) Concurrent Cleanup for Next Mark
[558.377s][info][gc,marking  ] GC(875) Concurrent Cleanup for Next Mark 2.826ms
[558.377s][info][gc          ] GC(875) Concurrent Mark Cycle 93.568ms
[559.381s][info][gc,start    ] GC(876) Pause Young (Prepare Mixed) (G1 Evacuation Pause)
[559.381s][info][gc,task     ] GC(876) Using 2 workers of 2 for evacuation
[559.387s][info][gc,phases   ] GC(876)   Pre Evacuate Collection Set: 0.28ms
[559.387s][info][gc,phases   ] GC(876)   Merge Heap Roots: 0.15ms
[559.387s][info][gc,phases   ] GC(876)   Evacuate Collection Set: 4.71ms
[559.387s][info][gc,phases   ] GC(876)   Post Evacuate Collection Set: 0.74ms
[559.387s][info][gc,phases   ] GC(876)   Other: 0.10ms
[559.387s][info][gc,heap     ] GC(876) Eden regions: 452->0(453)
[559.387s][info][gc,heap     ] GC(876) Survivor regions: 7->6(58)
[559.387s][info][gc,heap     ] GC(876) Old regions: 41->41
[559.387s][info][gc,heap     ] GC(876) Humongous regions: 207->207
[559.387s][info][gc,metaspace] GC(876) Metaspace: 57841K(58112K)->57841K(58112K) NonClass: 52221K(52416K)->52221K(52416K) Class: 5620K(5696K)->5620K(5696K)
[559.387s][info][gc          ] GC(876) Pause Young (Prepare Mixed) (G1 Evacuation Pause) 706M->253M(766M) 6.152ms
[559.387s][info][gc,cpu      ] GC(876) User=0.02s Sys=0.00s Real=0.01s
[560.481s][info][gc,start    ] GC(877) Pause Young (Mixed) (G1 Evacuation Pause)
[560.482s][info][gc,task     ] GC(877) Using 2 workers of 2 for evacuation
[560.488s][info][gc,phases   ] GC(877)   Pre Evacuate Collection Set: 0.27ms
[560.488s][info][gc,phases   ] GC(877)   Merge Heap Roots: 0.16ms
[560.489s][info][gc,phases   ] GC(877)   Evacuate Collection Set: 5.69ms
[560.489s][info][gc,phases   ] GC(877)   Post Evacuate Collection Set: 0.76ms
[560.489s][info][gc,phases   ] GC(877)   Other: 0.08ms
[560.489s][info][gc,heap     ] GC(877) Eden regions: 453->0(452)
[560.489s][info][gc,heap     ] GC(877) Survivor regions: 6->7(58)
[560.489s][info][gc,heap     ] GC(877) Old regions: 41->39
[560.489s][info][gc,heap     ] GC(877) Humongous regions: 207->207
[560.489s][info][gc,metaspace] GC(877) Metaspace: 57841K(58112K)->57841K(58112K) NonClass: 52221K(52416K)->52221K(52416K) Class: 5620K(5696K)->5620K(5696K)
[560.489s][info][gc          ] GC(877) Pause Young (Mixed) (G1 Evacuation Pause) 705M->251M(766M) 7.122ms
[560.489s][info][gc,cpu      ] GC(877) User=0.01s Sys=0.00s Real=0.00s
[561.580s][info][gc,start    ] GC(878) Pause Young (Concurrent Start) (G1 Evacuation Pause)
[561.580s][info][gc,task     ] GC(878) Using 2 workers of 2 for evacuation
[561.586s][info][gc,phases   ] GC(878)   Pre Evacuate Collection Set: 0.32ms
[561.586s][info][gc,phases   ] GC(878)   Merge Heap Roots: 0.13ms
[561.586s][info][gc,phases   ] GC(878)   Evacuate Collection Set: 4.89ms
[561.586s][info][gc,phases   ] GC(878)   Post Evacuate Collection Set: 0.74ms
[561.586s][info][gc,phases   ] GC(878)   Other: 0.11ms
[561.586s][info][gc,heap     ] GC(878) Eden regions: 452->0(452)
[561.586s][info][gc,heap     ] GC(878) Survivor regions: 7->7(58)
[561.586s][info][gc,heap     ] GC(878) Old regions: 39->39
[561.586s][info][gc,heap     ] GC(878) Humongous regions: 207->207
[561.586s][info][gc,metaspace] GC(878) Metaspace: 57841K(58112K)->57841K(58112K) NonClass: 52221K(52416K)->52221K(52416K) Class: 5620K(5696K)->5620K(5696K)
[561.586s][info][gc          ] GC(878) Pause Young (Concurrent Start) (G1 Evacuation Pause) 703M->251M(766M) 6.355ms
[561.586s][info][gc,cpu      ] GC(878) User=0.01s Sys=0.00s Real=0.01s
[561.586s][info][gc          ] GC(879) Concurrent Mark Cycle
[561.587s][info][gc,marking  ] GC(879) Concurrent Scan Root Regions
[561.590s][info][gc,marking  ] GC(879) Concurrent Scan Root Regions 2.885ms
[561.590s][info][gc,marking  ] GC(879) Concurrent Mark
[561.590s][info][gc,marking  ] GC(879) Concurrent Mark From Roots
[561.590s][info][gc,task     ] GC(879) Using 1 workers of 1 for marking
[561.637s][info][gc,marking  ] GC(879) Concurrent Mark From Roots 46.590ms
[561.637s][info][gc,marking  ] GC(879) Concurrent Preclean
[561.637s][info][gc,marking  ] GC(879) Concurrent Preclean 0.071ms
[561.637s][info][gc,start    ] GC(879) Pause Remark
[561.648s][info][gc          ] GC(879) Pause Remark 262M->262M(766M) 10.470ms
[561.648s][info][gc,cpu      ] GC(879) User=0.02s Sys=0.00s Real=0.01s
[561.648s][info][gc,marking  ] GC(879) Concurrent Mark 57.506ms
[561.648s][info][gc,marking  ] GC(879) Concurrent Rebuild Remembered Sets and Scrub Regions
[561.678s][info][gc,marking  ] GC(879) Concurrent Rebuild Remembered Sets and Scrub Regions 30.155ms
[561.678s][info][gc,start    ] GC(879) Pause Cleanup
[561.678s][info][gc          ] GC(879) Pause Cleanup 285M->285M(766M) 0.093ms
[561.678s][info][gc,cpu      ] GC(879) User=0.00s Sys=0.00s Real=0.00s
[561.678s][info][gc,marking  ] GC(879) Concurrent Clear Claimed Marks
[561.678s][info][gc,marking  ] GC(879) Concurrent Clear Claimed Marks 0.083ms
[561.678s][info][gc,marking  ] GC(879) Concurrent Cleanup for Next Mark
[561.683s][info][gc,marking  ] GC(879) Concurrent Cleanup for Next Mark 4.307ms
[561.683s][info][gc          ] GC(879) Concurrent Mark Cycle 96.647ms
[562.684s][info][gc,start    ] GC(880) Pause Young (Prepare Mixed) (G1 Evacuation Pause)
[562.684s][info][gc,task     ] GC(880) Using 2 workers of 2 for evacuation
[562.690s][info][gc,phases   ] GC(880)   Pre Evacuate Collection Set: 0.29ms
[562.690s][info][gc,phases   ] GC(880)   Merge Heap Roots: 0.15ms
[562.690s][info][gc,phases   ] GC(880)   Evacuate Collection Set: 4.90ms
[562.690s][info][gc,phases   ] GC(880)   Post Evacuate Collection Set: 1.00ms
[562.690s][info][gc,phases   ] GC(880)   Other: 0.10ms
[562.690s][info][gc,heap     ] GC(880) Eden regions: 452->0(452)
[562.690s][info][gc,heap     ] GC(880) Survivor regions: 7->7(58)
[562.690s][info][gc,heap     ] GC(880) Old regions: 39->39
[562.690s][info][gc,heap     ] GC(880) Humongous regions: 207->207
[562.690s][info][gc,metaspace] GC(880) Metaspace: 57841K(58112K)->57841K(58112K) NonClass: 52221K(52416K)->52221K(52416K) Class: 5620K(5696K)->5620K(5696K)
[562.690s][info][gc          ] GC(880) Pause Young (Prepare Mixed) (G1 Evacuation Pause) 703M->252M(766M) 6.616ms
[562.690s][info][gc,cpu      ] GC(880) User=0.01s Sys=0.00s Real=0.00s
[563.789s][info][gc,start    ] GC(881) Pause Young (Mixed) (G1 Evacuation Pause)
[563.789s][info][gc,task     ] GC(881) Using 2 workers of 2 for evacuation
[563.797s][info][gc,phases   ] GC(881)   Pre Evacuate Collection Set: 0.29ms
[563.797s][info][gc,phases   ] GC(881)   Merge Heap Roots: 0.26ms
[563.797s][info][gc,phases   ] GC(881)   Evacuate Collection Set: 7.18ms
[563.797s][info][gc,phases   ] GC(881)   Post Evacuate Collection Set: 0.83ms
[563.797s][info][gc,phases   ] GC(881)   Other: 0.08ms
[563.797s][info][gc,heap     ] GC(881) Eden regions: 452->0(453)
[563.797s][info][gc,heap     ] GC(881) Survivor regions: 7->6(58)
[563.797s][info][gc,heap     ] GC(881) Old regions: 39->38
[563.797s][info][gc,heap     ] GC(881) Humongous regions: 207->207
[563.797s][info][gc,metaspace] GC(881) Metaspace: 57841K(58112K)->57841K(58112K) NonClass: 52221K(52416K)->52221K(52416K) Class: 5620K(5696K)->5620K(5696K)
[563.797s][info][gc          ] GC(881) Pause Young (Mixed) (G1 Evacuation Pause) 704M->250M(766M) 8.824ms
[563.797s][info][gc,cpu      ] GC(881) User=0.02s Sys=0.00s Real=0.01s
[564.900s][info][gc,start    ] GC(882) Pause Young (Concurrent Start) (G1 Evacuation Pause)
[564.900s][info][gc,task     ] GC(882) Using 2 workers of 2 for evacuation
[564.904s][info][gc,phases   ] GC(882)   Pre Evacuate Collection Set: 0.28ms
[564.904s][info][gc,phases   ] GC(882)   Merge Heap Roots: 0.15ms
[564.904s][info][gc,phases   ] GC(882)   Evacuate Collection Set: 2.93ms
[564.904s][info][gc,phases   ] GC(882)   Post Evacuate Collection Set: 0.71ms
[564.904s][info][gc,phases   ] GC(882)   Other: 0.11ms
[564.904s][info][gc,heap     ] GC(882) Eden regions: 453->0(454)
[564.904s][info][gc,heap     ] GC(882) Survivor regions: 6->5(58)
[564.904s][info][gc,heap     ] GC(882) Old regions: 38->38
[564.904s][info][gc,heap     ] GC(882) Humongous regions: 207->207
[564.904s][info][gc,metaspace] GC(882) Metaspace: 57841K(58112K)->57841K(58112K) NonClass: 52221K(52416K)->52221K(52416K) Class: 5620K(5696K)->5620K(5696K)
[564.904s][info][gc          ] GC(882) Pause Young (Concurrent Start) (G1 Evacuation Pause) 703M->249M(766M) 4.361ms
[564.904s][info][gc,cpu      ] GC(882) User=0.01s Sys=0.00s Real=0.01s
[564.904s][info][gc          ] GC(883) Concurrent Mark Cycle
[564.905s][info][gc,marking  ] GC(883) Concurrent Scan Root Regions
[564.907s][info][gc,marking  ] GC(883) Concurrent Scan Root Regions 2.055ms
[564.907s][info][gc,marking  ] GC(883) Concurrent Mark
[564.907s][info][gc,marking  ] GC(883) Concurrent Mark From Roots
[564.907s][info][gc,task     ] GC(883) Using 1 workers of 1 for marking
[564.947s][info][gc,marking  ] GC(883) Concurrent Mark From Roots 39.866ms
[564.947s][info][gc,marking  ] GC(883) Concurrent Preclean
[564.947s][info][gc,marking  ] GC(883) Concurrent Preclean 0.058ms
[564.947s][info][gc,start    ] GC(883) Pause Remark
[564.958s][info][gc          ] GC(883) Pause Remark 251M->251M(766M) 10.517ms
[564.958s][info][gc,cpu      ] GC(883) User=0.02s Sys=0.00s Real=0.01s
[564.958s][info][gc,marking  ] GC(883) Concurrent Mark 50.829ms
[564.958s][info][gc,marking  ] GC(883) Concurrent Rebuild Remembered Sets and Scrub Regions
[564.977s][info][gc,marking  ] GC(883) Concurrent Rebuild Remembered Sets and Scrub Regions 18.898ms
[564.977s][info][gc,start    ] GC(883) Pause Cleanup
[564.977s][info][gc          ] GC(883) Pause Cleanup 266M->266M(766M) 0.066ms
[564.977s][info][gc,cpu      ] GC(883) User=0.00s Sys=0.00s Real=0.00s
[564.977s][info][gc,marking  ] GC(883) Concurrent Clear Claimed Marks
[564.977s][info][gc,marking  ] GC(883) Concurrent Clear Claimed Marks 0.084ms
[564.977s][info][gc,marking  ] GC(883) Concurrent Cleanup for Next Mark
[564.980s][info][gc,marking  ] GC(883) Concurrent Cleanup for Next Mark 2.350ms
[564.980s][info][gc          ] GC(883) Concurrent Mark Cycle 75.348ms
[566.155s][info][gc,start    ] GC(884) Pause Young (Prepare Mixed) (G1 Evacuation Pause)
[566.155s][info][gc,task     ] GC(884) Using 2 workers of 2 for evacuation
[566.160s][info][gc,phases   ] GC(884)   Pre Evacuate Collection Set: 0.27ms
[566.160s][info][gc,phases   ] GC(884)   Merge Heap Roots: 0.15ms
[566.160s][info][gc,phases   ] GC(884)   Evacuate Collection Set: 3.25ms
[566.160s][info][gc,phases   ] GC(884)   Post Evacuate Collection Set: 0.76ms
[566.160s][info][gc,phases   ] GC(884)   Other: 0.09ms
[566.160s][info][gc,heap     ] GC(884) Eden regions: 454->0(454)
[566.160s][info][gc,heap     ] GC(884) Survivor regions: 5->5(58)
[566.160s][info][gc,heap     ] GC(884) Old regions: 38->38
[566.160s][info][gc,heap     ] GC(884) Humongous regions: 207->207
[566.160s][info][gc,metaspace] GC(884) Metaspace: 57841K(58112K)->57841K(58112K) NonClass: 52221K(52416K)->52221K(52416K) Class: 5620K(5696K)->5620K(5696K)
[566.160s][info][gc          ] GC(884) Pause Young (Prepare Mixed) (G1 Evacuation Pause) 703M->249M(766M) 4.724ms
[566.160s][info][gc,cpu      ] GC(884) User=0.01s Sys=0.00s Real=0.00s
[567.260s][info][gc,start    ] GC(885) Pause Young (Mixed) (G1 Evacuation Pause)
[567.260s][info][gc,task     ] GC(885) Using 2 workers of 2 for evacuation
[567.265s][info][gc,phases   ] GC(885)   Pre Evacuate Collection Set: 0.26ms
[567.265s][info][gc,phases   ] GC(885)   Merge Heap Roots: 0.15ms
[567.265s][info][gc,phases   ] GC(885)   Evacuate Collection Set: 3.79ms
[567.265s][info][gc,phases   ] GC(885)   Post Evacuate Collection Set: 0.74ms
[567.265s][info][gc,phases   ] GC(885)   Other: 0.08ms
[567.266s][info][gc,heap     ] GC(885) Eden regions: 454->0(454)
[567.266s][info][gc,heap     ] GC(885) Survivor regions: 5->5(58)
[567.266s][info][gc,heap     ] GC(885) Old regions: 38->38
[567.266s][info][gc,heap     ] GC(885) Humongous regions: 207->207
[567.266s][info][gc,metaspace] GC(885) Metaspace: 57841K(58112K)->57841K(58112K) NonClass: 52221K(52416K)->52221K(52416K) Class: 5620K(5696K)->5620K(5696K)
[567.266s][info][gc          ] GC(885) Pause Young (Mixed) (G1 Evacuation Pause) 703M->248M(766M) 5.200ms
[567.266s][info][gc,cpu      ] GC(885) User=0.01s Sys=0.00s Real=0.01s
[568.366s][info][gc,start    ] GC(886) Pause Young (Concurrent Start) (G1 Evacuation Pause)
[568.366s][info][gc,task     ] GC(886) Using 2 workers of 2 for evacuation
[568.372s][info][gc,phases   ] GC(886)   Pre Evacuate Collection Set: 0.31ms
[568.372s][info][gc,phases   ] GC(886)   Merge Heap Roots: 0.15ms
[568.372s][info][gc,phases   ] GC(886)   Evacuate Collection Set: 4.54ms
[568.372s][info][gc,phases   ] GC(886)   Post Evacuate Collection Set: 0.76ms
[568.372s][info][gc,phases   ] GC(886)   Other: 0.09ms
[568.372s][info][gc,heap     ] GC(886) Eden regions: 454->0(453)
[568.372s][info][gc,heap     ] GC(886) Survivor regions: 5->6(58)
[568.372s][info][gc,heap     ] GC(886) Old regions: 38->38
[568.372s][info][gc,heap     ] GC(886) Humongous regions: 207->207
[568.372s][info][gc,metaspace] GC(886) Metaspace: 57841K(58112K)->57841K(58112K) NonClass: 52221K(52416K)->52221K(52416K) Class: 5620K(5696K)->5620K(5696K)
[568.372s][info][gc          ] GC(886) Pause Young (Concurrent Start) (G1 Evacuation Pause) 702M->249M(766M) 6.014ms
[568.372s][info][gc,cpu      ] GC(886) User=0.01s Sys=0.00s Real=0.01s
[568.372s][info][gc          ] GC(887) Concurrent Mark Cycle
[568.372s][info][gc,marking  ] GC(887) Concurrent Scan Root Regions
[568.377s][info][gc,marking  ] GC(887) Concurrent Scan Root Regions 4.654ms
[568.377s][info][gc,marking  ] GC(887) Concurrent Mark
[568.377s][info][gc,marking  ] GC(887) Concurrent Mark From Roots
[568.377s][info][gc,task     ] GC(887) Using 1 workers of 1 for marking
[568.426s][info][gc,marking  ] GC(887) Concurrent Mark From Roots 49.154ms
[568.426s][info][gc,marking  ] GC(887) Concurrent Preclean
[568.426s][info][gc,marking  ] GC(887) Concurrent Preclean 0.071ms
[568.426s][info][gc,start    ] GC(887) Pause Remark
[568.437s][info][gc          ] GC(887) Pause Remark 280M->280M(766M) 10.576ms
[568.437s][info][gc,cpu      ] GC(887) User=0.02s Sys=0.00s Real=0.01s
[568.437s][info][gc,marking  ] GC(887) Concurrent Mark 60.096ms
[568.437s][info][gc,marking  ] GC(887) Concurrent Rebuild Remembered Sets and Scrub Regions
[568.454s][info][gc,marking  ] GC(887) Concurrent Rebuild Remembered Sets and Scrub Regions 16.474ms
[568.454s][info][gc,start    ] GC(887) Pause Cleanup
[568.454s][info][gc          ] GC(887) Pause Cleanup 282M->282M(766M) 0.064ms
[568.454s][info][gc,cpu      ] GC(887) User=0.00s Sys=0.00s Real=0.00s
[568.454s][info][gc,marking  ] GC(887) Concurrent Clear Claimed Marks
[568.454s][info][gc,marking  ] GC(887) Concurrent Clear Claimed Marks 0.081ms
[568.454s][info][gc,marking  ] GC(887) Concurrent Cleanup for Next Mark
[568.456s][info][gc,marking  ] GC(887) Concurrent Cleanup for Next Mark 2.261ms
[568.456s][info][gc          ] GC(887) Concurrent Mark Cycle 84.543ms
[569.469s][info][gc,start    ] GC(888) Pause Young (Prepare Mixed) (G1 Evacuation Pause)
[569.469s][info][gc,task     ] GC(888) Using 2 workers of 2 for evacuation
[569.475s][info][gc,phases   ] GC(888)   Pre Evacuate Collection Set: 0.27ms
[569.475s][info][gc,phases   ] GC(888)   Merge Heap Roots: 0.15ms
[569.475s][info][gc,phases   ] GC(888)   Evacuate Collection Set: 4.58ms
[569.475s][info][gc,phases   ] GC(888)   Post Evacuate Collection Set: 0.74ms
[569.475s][info][gc,phases   ] GC(888)   Other: 0.08ms
[569.475s][info][gc,heap     ] GC(888) Eden regions: 453->0(453)
[569.475s][info][gc,heap     ] GC(888) Survivor regions: 6->6(58)
[569.475s][info][gc,heap     ] GC(888) Old regions: 38->38
[569.475s][info][gc,heap     ] GC(888) Humongous regions: 207->207
[569.475s][info][gc,metaspace] GC(888) Metaspace: 57841K(58112K)->57841K(58112K) NonClass: 52221K(52416K)->52221K(52416K) Class: 5620K(5696K)->5620K(5696K)
[569.475s][info][gc          ] GC(888) Pause Young (Prepare Mixed) (G1 Evacuation Pause) 702M->249M(766M) 6.014ms
[569.475s][info][gc,cpu      ] GC(888) User=0.01s Sys=0.00s Real=0.01s
[570.571s][info][gc,start    ] GC(889) Pause Young (Mixed) (G1 Evacuation Pause)
[570.571s][info][gc,task     ] GC(889) Using 2 workers of 2 for evacuation
[570.578s][info][gc,phases   ] GC(889)   Pre Evacuate Collection Set: 0.26ms
[570.579s][info][gc,phases   ] GC(889)   Merge Heap Roots: 0.17ms
[570.579s][info][gc,phases   ] GC(889)   Evacuate Collection Set: 6.55ms
[570.579s][info][gc,phases   ] GC(889)   Post Evacuate Collection Set: 0.81ms
[570.579s][info][gc,phases   ] GC(889)   Other: 0.08ms
[570.579s][info][gc,heap     ] GC(889) Eden regions: 453->0(453)
[570.579s][info][gc,heap     ] GC(889) Survivor regions: 6->6(58)
[570.579s][info][gc,heap     ] GC(889) Old regions: 38->37
[570.579s][info][gc,heap     ] GC(889) Humongous regions: 207->207
[570.579s][info][gc,metaspace] GC(889) Metaspace: 57841K(58112K)->57841K(58112K) NonClass: 52221K(52416K)->52221K(52416K) Class: 5620K(5696K)->5620K(5696K)
[570.579s][info][gc          ] GC(889) Pause Young (Mixed) (G1 Evacuation Pause) 702M->249M(766M) 8.070ms
[570.579s][info][gc,cpu      ] GC(889) User=0.02s Sys=0.00s Real=0.01s
[571.668s][info][gc,start    ] GC(890) Pause Young (Concurrent Start) (G1 Evacuation Pause)
[571.669s][info][gc,task     ] GC(890) Using 2 workers of 2 for evacuation
[571.675s][info][gc,phases   ] GC(890)   Pre Evacuate Collection Set: 0.28ms
[571.675s][info][gc,phases   ] GC(890)   Merge Heap Roots: 0.13ms
[571.675s][info][gc,phases   ] GC(890)   Evacuate Collection Set: 5.17ms
[571.675s][info][gc,phases   ] GC(890)   Post Evacuate Collection Set: 0.73ms
[571.675s][info][gc,phases   ] GC(890)   Other: 0.10ms
[571.675s][info][gc,heap     ] GC(890) Eden regions: 453->0(456)
[571.675s][info][gc,heap     ] GC(890) Survivor regions: 6->3(58)
[571.675s][info][gc,heap     ] GC(890) Old regions: 37->40
[571.675s][info][gc,heap     ] GC(890) Humongous regions: 207->207
[571.675s][info][gc,metaspace] GC(890) Metaspace: 57841K(58112K)->57841K(58112K) NonClass: 52221K(52416K)->52221K(52416K) Class: 5620K(5696K)->5620K(5696K)
[571.675s][info][gc          ] GC(890) Pause Young (Concurrent Start) (G1 Evacuation Pause) 702M->249M(766M) 6.583ms
[571.675s][info][gc,cpu      ] GC(890) User=0.01s Sys=0.00s Real=0.01s
[571.675s][info][gc          ] GC(891) Concurrent Mark Cycle
[571.675s][info][gc,marking  ] GC(891) Concurrent Scan Root Regions
[571.682s][info][gc,marking  ] GC(891) Concurrent Scan Root Regions 6.914ms
[571.682s][info][gc,marking  ] GC(891) Concurrent Mark
[571.682s][info][gc,marking  ] GC(891) Concurrent Mark From Roots
[571.682s][info][gc,task     ] GC(891) Using 1 workers of 1 for marking
[571.734s][info][gc,marking  ] GC(891) Concurrent Mark From Roots 51.462ms
[571.734s][info][gc,marking  ] GC(891) Concurrent Preclean
[571.734s][info][gc,marking  ] GC(891) Concurrent Preclean 0.065ms
[571.736s][info][gc,start    ] GC(891) Pause Remark
[571.756s][info][gc          ] GC(891) Pause Remark 264M->264M(766M) 19.590ms
[571.756s][info][gc,cpu      ] GC(891) User=0.02s Sys=0.00s Real=0.02s
[571.756s][info][gc,marking  ] GC(891) Concurrent Mark 73.946ms
[571.756s][info][gc,marking  ] GC(891) Concurrent Rebuild Remembered Sets and Scrub Regions
[571.775s][info][gc,marking  ] GC(891) Concurrent Rebuild Remembered Sets and Scrub Regions 18.685ms
[571.775s][info][gc,start    ] GC(891) Pause Cleanup
[571.775s][info][gc          ] GC(891) Pause Cleanup 264M->264M(766M) 0.060ms
[571.775s][info][gc,cpu      ] GC(891) User=0.00s Sys=0.00s Real=0.00s
[571.775s][info][gc,marking  ] GC(891) Concurrent Clear Claimed Marks
[571.775s][info][gc,marking  ] GC(891) Concurrent Clear Claimed Marks 0.077ms
[571.775s][info][gc,marking  ] GC(891) Concurrent Cleanup for Next Mark
[571.778s][info][gc,marking  ] GC(891) Concurrent Cleanup for Next Mark 2.556ms
[571.779s][info][gc          ] GC(891) Concurrent Mark Cycle 104.048ms
[572.776s][info][gc,start    ] GC(892) Pause Young (Prepare Mixed) (G1 Evacuation Pause)
[572.776s][info][gc,task     ] GC(892) Using 2 workers of 2 for evacuation
[572.785s][info][gc,phases   ] GC(892)   Pre Evacuate Collection Set: 0.42ms
[572.785s][info][gc,phases   ] GC(892)   Merge Heap Roots: 0.15ms
[572.785s][info][gc,phases   ] GC(892)   Evacuate Collection Set: 6.72ms
[572.785s][info][gc,phases   ] GC(892)   Post Evacuate Collection Set: 0.76ms
[572.785s][info][gc,phases   ] GC(892)   Other: 0.09ms
[572.785s][info][gc,heap     ] GC(892) Eden regions: 456->0(456)
[572.785s][info][gc,heap     ] GC(892) Survivor regions: 3->3(58)
[572.785s][info][gc,heap     ] GC(892) Old regions: 40->40
[572.785s][info][gc,heap     ] GC(892) Humongous regions: 207->207
[572.785s][info][gc,metaspace] GC(892) Metaspace: 57841K(58112K)->57841K(58112K) NonClass: 52221K(52416K)->52221K(52416K) Class: 5620K(5696K)->5620K(5696K)
[572.785s][info][gc          ] GC(892) Pause Young (Prepare Mixed) (G1 Evacuation Pause) 705M->249M(766M) 8.313ms
[572.785s][info][gc,cpu      ] GC(892) User=0.01s Sys=0.00s Real=0.01s
[573.882s][info][gc,start    ] GC(893) Pause Young (Mixed) (G1 Evacuation Pause)
[573.882s][info][gc,task     ] GC(893) Using 2 workers of 2 for evacuation
[573.889s][info][gc,phases   ] GC(893)   Pre Evacuate Collection Set: 0.28ms
[573.889s][info][gc,phases   ] GC(893)   Merge Heap Roots: 0.15ms
[573.889s][info][gc,phases   ] GC(893)   Evacuate Collection Set: 5.94ms
[573.889s][info][gc,phases   ] GC(893)   Post Evacuate Collection Set: 0.73ms
[573.889s][info][gc,phases   ] GC(893)   Other: 0.08ms
[573.889s][info][gc,heap     ] GC(893) Eden regions: 456->0(456)
[573.889s][info][gc,heap     ] GC(893) Survivor regions: 3->3(58)
[573.889s][info][gc,heap     ] GC(893) Old regions: 40->40
[573.889s][info][gc,heap     ] GC(893) Humongous regions: 207->207
[573.889s][info][gc,metaspace] GC(893) Metaspace: 57841K(58112K)->57841K(58112K) NonClass: 52221K(52416K)->52221K(52416K) Class: 5620K(5696K)->5620K(5696K)
[573.890s][info][gc          ] GC(893) Pause Young (Mixed) (G1 Evacuation Pause) 705M->249M(766M) 7.346ms
[573.890s][info][gc,cpu      ] GC(893) User=0.01s Sys=0.00s Real=0.00s
[574.987s][info][gc,start    ] GC(894) Pause Young (Concurrent Start) (G1 Evacuation Pause)
[574.987s][info][gc,task     ] GC(894) Using 2 workers of 2 for evacuation
[574.992s][info][gc,phases   ] GC(894)   Pre Evacuate Collection Set: 0.31ms
[574.992s][info][gc,phases   ] GC(894)   Merge Heap Roots: 0.12ms
[574.992s][info][gc,phases   ] GC(894)   Evacuate Collection Set: 4.56ms
[574.992s][info][gc,phases   ] GC(894)   Post Evacuate Collection Set: 0.71ms
[574.992s][info][gc,phases   ] GC(894)   Other: 0.12ms
[574.992s][info][gc,heap     ] GC(894) Eden regions: 456->0(456)
[574.992s][info][gc,heap     ] GC(894) Survivor regions: 3->3(58)
[574.992s][info][gc,heap     ] GC(894) Old regions: 40->40
[574.992s][info][gc,heap     ] GC(894) Humongous regions: 207->207
[574.993s][info][gc,metaspace] GC(894) Metaspace: 57841K(58112K)->57841K(58112K) NonClass: 52221K(52416K)->52221K(52416K) Class: 5620K(5696K)->5620K(5696K)
[574.993s][info][gc          ] GC(894) Pause Young (Concurrent Start) (G1 Evacuation Pause) 705M->249M(766M) 6.007ms
[574.993s][info][gc,cpu      ] GC(894) User=0.01s Sys=0.00s Real=0.01s
[574.993s][info][gc          ] GC(895) Concurrent Mark Cycle
[574.993s][info][gc,marking  ] GC(895) Concurrent Scan Root Regions
[574.996s][info][gc,marking  ] GC(895) Concurrent Scan Root Regions 3.047ms
[574.996s][info][gc,marking  ] GC(895) Concurrent Mark
[574.996s][info][gc,marking  ] GC(895) Concurrent Mark From Roots
[574.996s][info][gc,task     ] GC(895) Using 1 workers of 1 for marking
[575.043s][info][gc,marking  ] GC(895) Concurrent Mark From Roots 46.940ms
[575.043s][info][gc,marking  ] GC(895) Concurrent Preclean
[575.043s][info][gc,marking  ] GC(895) Concurrent Preclean 0.066ms
[575.043s][info][gc,start    ] GC(895) Pause Remark
[575.053s][info][gc          ] GC(895) Pause Remark 261M->261M(766M) 10.448ms
[575.053s][info][gc,cpu      ] GC(895) User=0.02s Sys=0.00s Real=0.01s
[575.054s][info][gc,marking  ] GC(895) Concurrent Mark 58.635ms
[575.054s][info][gc,marking  ] GC(895) Concurrent Rebuild Remembered Sets and Scrub Regions
[575.083s][info][gc,marking  ] GC(895) Concurrent Rebuild Remembered Sets and Scrub Regions 28.248ms
[575.083s][info][gc,start    ] GC(895) Pause Cleanup
[575.083s][info][gc          ] GC(895) Pause Cleanup 284M->284M(766M) 0.079ms
[575.083s][info][gc,cpu      ] GC(895) User=0.00s Sys=0.00s Real=0.00s
[575.083s][info][gc,marking  ] GC(895) Concurrent Clear Claimed Marks
[575.083s][info][gc,marking  ] GC(895) Concurrent Clear Claimed Marks 0.102ms
[575.083s][info][gc,marking  ] GC(895) Concurrent Cleanup for Next Mark
[575.088s][info][gc,marking  ] GC(895) Concurrent Cleanup for Next Mark 4.410ms
[575.088s][info][gc          ] GC(895) Concurrent Mark Cycle 95.028ms
[576.090s][info][gc,start    ] GC(896) Pause Young (Prepare Mixed) (G1 Evacuation Pause)
[576.090s][info][gc,task     ] GC(896) Using 2 workers of 2 for evacuation
[576.094s][info][gc,phases   ] GC(896)   Pre Evacuate Collection Set: 0.27ms
[576.094s][info][gc,phases   ] GC(896)   Merge Heap Roots: 0.14ms
[576.094s][info][gc,phases   ] GC(896)   Evacuate Collection Set: 3.16ms
[576.094s][info][gc,phases   ] GC(896)   Post Evacuate Collection Set: 0.73ms
[576.094s][info][gc,phases   ] GC(896)   Other: 0.08ms
[576.094s][info][gc,heap     ] GC(896) Eden regions: 456->0(457)
[576.094s][info][gc,heap     ] GC(896) Survivor regions: 3->2(58)
[576.094s][info][gc,heap     ] GC(896) Old regions: 40->40
[576.094s][info][gc,heap     ] GC(896) Humongous regions: 207->207
[576.094s][info][gc,metaspace] GC(896) Metaspace: 57841K(58112K)->57841K(58112K) NonClass: 52221K(52416K)->52221K(52416K) Class: 5620K(5696K)->5620K(5696K)
[576.094s][info][gc          ] GC(896) Pause Young (Prepare Mixed) (G1 Evacuation Pause) 705M->248M(766M) 4.555ms
[576.094s][info][gc,cpu      ] GC(896) User=0.01s Sys=0.00s Real=0.01s
[577.359s][info][gc,start    ] GC(897) Pause Young (Mixed) (G1 Evacuation Pause)
[577.359s][info][gc,task     ] GC(897) Using 2 workers of 2 for evacuation
[577.366s][info][gc,phases   ] GC(897)   Pre Evacuate Collection Set: 0.26ms
[577.366s][info][gc,phases   ] GC(897)   Merge Heap Roots: 0.16ms
[577.366s][info][gc,phases   ] GC(897)   Evacuate Collection Set: 4.94ms
[577.366s][info][gc,phases   ] GC(897)   Post Evacuate Collection Set: 0.76ms
[577.366s][info][gc,phases   ] GC(897)   Other: 0.08ms
[577.366s][info][gc,heap     ] GC(897) Eden regions: 457->0(457)
[577.366s][info][gc,heap     ] GC(897) Survivor regions: 2->2(58)
[577.366s][info][gc,heap     ] GC(897) Old regions: 40->40
[577.366s][info][gc,heap     ] GC(897) Humongous regions: 207->207
[577.366s][info][gc,metaspace] GC(897) Metaspace: 57841K(58112K)->57841K(58112K) NonClass: 52221K(52416K)->52221K(52416K) Class: 5620K(5696K)->5620K(5696K)
[577.366s][info][gc          ] GC(897) Pause Young (Mixed) (G1 Evacuation Pause) 705M->248M(766M) 6.372ms
[577.366s][info][gc,cpu      ] GC(897) User=0.02s Sys=0.00s Real=0.01s
[578.464s][info][gc,start    ] GC(898) Pause Young (Concurrent Start) (G1 Evacuation Pause)
[578.464s][info][gc,task     ] GC(898) Using 2 workers of 2 for evacuation
[578.468s][info][gc,phases   ] GC(898)   Pre Evacuate Collection Set: 0.27ms
[578.468s][info][gc,phases   ] GC(898)   Merge Heap Roots: 0.14ms
[578.468s][info][gc,phases   ] GC(898)   Evacuate Collection Set: 3.08ms
[578.468s][info][gc,phases   ] GC(898)   Post Evacuate Collection Set: 0.96ms
[578.468s][info][gc,phases   ] GC(898)   Other: 0.10ms
[578.468s][info][gc,heap     ] GC(898) Eden regions: 457->0(457)
[578.468s][info][gc,heap     ] GC(898) Survivor regions: 2->2(58)
[578.468s][info][gc,heap     ] GC(898) Old regions: 40->40
[578.468s][info][gc,heap     ] GC(898) Humongous regions: 207->207
[578.468s][info][gc,metaspace] GC(898) Metaspace: 57841K(58112K)->57841K(58112K) NonClass: 52221K(52416K)->52221K(52416K) Class: 5620K(5696K)->5620K(5696K)
[578.468s][info][gc          ] GC(898) Pause Young (Concurrent Start) (G1 Evacuation Pause) 705M->248M(766M) 4.736ms
[578.468s][info][gc,cpu      ] GC(898) User=0.01s Sys=0.00s Real=0.00s
[578.468s][info][gc          ] GC(899) Concurrent Mark Cycle
[578.469s][info][gc,marking  ] GC(899) Concurrent Scan Root Regions
[578.474s][info][gc,marking  ] GC(899) Concurrent Scan Root Regions 5.064ms
[578.474s][info][gc,marking  ] GC(899) Concurrent Mark
[578.474s][info][gc,marking  ] GC(899) Concurrent Mark From Roots
[578.474s][info][gc,task     ] GC(899) Using 1 workers of 1 for marking
[578.525s][info][gc,marking  ] GC(899) Concurrent Mark From Roots 51.179ms
[578.525s][info][gc,marking  ] GC(899) Concurrent Preclean
[578.525s][info][gc,marking  ] GC(899) Concurrent Preclean 0.072ms
[578.525s][info][gc,start    ] GC(899) Pause Remark
[578.536s][info][gc          ] GC(899) Pause Remark 275M->275M(766M) 10.623ms
[578.536s][info][gc,cpu      ] GC(899) User=0.02s Sys=0.00s Real=0.01s
[578.536s][info][gc,marking  ] GC(899) Concurrent Mark 62.177ms
[578.536s][info][gc,marking  ] GC(899) Concurrent Rebuild Remembered Sets and Scrub Regions
[578.554s][info][gc,marking  ] GC(899) Concurrent Rebuild Remembered Sets and Scrub Regions 18.585ms
[578.555s][info][gc,start    ] GC(899) Pause Cleanup
[578.555s][info][gc          ] GC(899) Pause Cleanup 279M->279M(766M) 0.059ms
[578.555s][info][gc,cpu      ] GC(899) User=0.00s Sys=0.00s Real=0.00s
[578.555s][info][gc,marking  ] GC(899) Concurrent Clear Claimed Marks
[578.555s][info][gc,marking  ] GC(899) Concurrent Clear Claimed Marks 0.100ms
[578.555s][info][gc,marking  ] GC(899) Concurrent Cleanup for Next Mark
[578.558s][info][gc,marking  ] GC(899) Concurrent Cleanup for Next Mark 2.940ms
[578.558s][info][gc          ] GC(899) Concurrent Mark Cycle 89.284ms
[579.567s][info][gc,start    ] GC(900) Pause Young (Prepare Mixed) (G1 Evacuation Pause)
[579.567s][info][gc,task     ] GC(900) Using 2 workers of 2 for evacuation
[579.573s][info][gc,phases   ] GC(900)   Pre Evacuate Collection Set: 0.29ms
[579.573s][info][gc,phases   ] GC(900)   Merge Heap Roots: 0.16ms
[579.573s][info][gc,phases   ] GC(900)   Evacuate Collection Set: 4.56ms
[579.573s][info][gc,phases   ] GC(900)   Post Evacuate Collection Set: 0.76ms
[579.573s][info][gc,phases   ] GC(900)   Other: 0.08ms
[579.573s][info][gc,heap     ] GC(900) Eden regions: 457->0(455)
[579.573s][info][gc,heap     ] GC(900) Survivor regions: 2->4(58)
[579.573s][info][gc,heap     ] GC(900) Old regions: 40->40
[579.573s][info][gc,heap     ] GC(900) Humongous regions: 207->207
[579.573s][info][gc,metaspace] GC(900) Metaspace: 57841K(58112K)->57841K(58112K) NonClass: 52221K(52416K)->52221K(52416K) Class: 5620K(5696K)->5620K(5696K)
[579.573s][info][gc          ] GC(900) Pause Young (Prepare Mixed) (G1 Evacuation Pause) 705M->249M(766M) 6.021ms
[579.573s][info][gc,cpu      ] GC(900) User=0.01s Sys=0.00s Real=0.01s
[580.672s][info][gc,start    ] GC(901) Pause Young (Mixed) (G1 Evacuation Pause)
[580.672s][info][gc,task     ] GC(901) Using 2 workers of 2 for evacuation
[580.681s][info][gc,phases   ] GC(901)   Pre Evacuate Collection Set: 0.27ms
[580.681s][info][gc,phases   ] GC(901)   Merge Heap Roots: 0.15ms
[580.681s][info][gc,phases   ] GC(901)   Evacuate Collection Set: 6.86ms
[580.681s][info][gc,phases   ] GC(901)   Post Evacuate Collection Set: 0.75ms
[580.681s][info][gc,phases   ] GC(901)   Other: 0.09ms
[580.681s][info][gc,heap     ] GC(901) Eden regions: 455->0(455)
[580.681s][info][gc,heap     ] GC(901) Survivor regions: 4->4(58)
[580.681s][info][gc,heap     ] GC(901) Old regions: 40->40
[580.681s][info][gc,heap     ] GC(901) Humongous regions: 207->207
[580.681s][info][gc,metaspace] GC(901) Metaspace: 57841K(58112K)->57841K(58112K) NonClass: 52221K(52416K)->52221K(52416K) Class: 5620K(5696K)->5620K(5696K)
[580.681s][info][gc          ] GC(901) Pause Young (Mixed) (G1 Evacuation Pause) 704M->249M(766M) 8.304ms
[580.681s][info][gc,cpu      ] GC(901) User=0.02s Sys=0.00s Real=0.00s
[581.789s][info][gc,start    ] GC(902) Pause Young (Concurrent Start) (G1 Evacuation Pause)
[581.789s][info][gc,task     ] GC(902) Using 2 workers of 2 for evacuation
[581.794s][info][gc,phases   ] GC(902)   Pre Evacuate Collection Set: 0.30ms
[581.794s][info][gc,phases   ] GC(902)   Merge Heap Roots: 0.14ms
[581.794s][info][gc,phases   ] GC(902)   Evacuate Collection Set: 4.31ms
[581.794s][info][gc,phases   ] GC(902)   Post Evacuate Collection Set: 0.71ms
[581.794s][info][gc,phases   ] GC(902)   Other: 0.11ms
[581.794s][info][gc,heap     ] GC(902) Eden regions: 455->0(456)
[581.794s][info][gc,heap     ] GC(902) Survivor regions: 4->3(58)
[581.794s][info][gc,heap     ] GC(902) Old regions: 40->40
[581.794s][info][gc,heap     ] GC(902) Humongous regions: 207->207
[581.794s][info][gc,metaspace] GC(902) Metaspace: 57841K(58112K)->57841K(58112K) NonClass: 52221K(52416K)->52221K(52416K) Class: 5620K(5696K)->5620K(5696K)
[581.794s][info][gc          ] GC(902) Pause Young (Concurrent Start) (G1 Evacuation Pause) 704M->248M(766M) 5.766ms
[581.794s][info][gc,cpu      ] GC(902) User=0.01s Sys=0.00s Real=0.01s
[581.794s][info][gc          ] GC(903) Concurrent Mark Cycle
[581.794s][info][gc,marking  ] GC(903) Concurrent Scan Root Regions
[581.800s][info][gc,marking  ] GC(903) Concurrent Scan Root Regions 5.289ms
[581.800s][info][gc,marking  ] GC(903) Concurrent Mark
[581.800s][info][gc,marking  ] GC(903) Concurrent Mark From Roots
[581.800s][info][gc,task     ] GC(903) Using 1 workers of 1 for marking
[581.842s][info][gc,marking  ] GC(903) Concurrent Mark From Roots 42.602ms
[581.842s][info][gc,marking  ] GC(903) Concurrent Preclean
[581.842s][info][gc,marking  ] GC(903) Concurrent Preclean 0.064ms
[581.842s][info][gc,start    ] GC(903) Pause Remark
[581.853s][info][gc          ] GC(903) Pause Remark 257M->257M(766M) 10.616ms
[581.853s][info][gc,cpu      ] GC(903) User=0.02s Sys=0.00s Real=0.01s
[581.854s][info][gc,marking  ] GC(903) Concurrent Mark 54.065ms
[581.854s][info][gc,marking  ] GC(903) Concurrent Rebuild Remembered Sets and Scrub Regions
[581.882s][info][gc,marking  ] GC(903) Concurrent Rebuild Remembered Sets and Scrub Regions 27.744ms
[581.882s][info][gc,start    ] GC(903) Pause Cleanup
[581.882s][info][gc          ] GC(903) Pause Cleanup 280M->280M(766M) 0.084ms
[581.882s][info][gc,cpu      ] GC(903) User=0.00s Sys=0.00s Real=0.00s
[581.882s][info][gc,marking  ] GC(903) Concurrent Clear Claimed Marks
[581.882s][info][gc,marking  ] GC(903) Concurrent Clear Claimed Marks 0.097ms
[581.882s][info][gc,marking  ] GC(903) Concurrent Cleanup for Next Mark
[581.886s][info][gc,marking  ] GC(903) Concurrent Cleanup for Next Mark 3.693ms
[581.886s][info][gc          ] GC(903) Concurrent Mark Cycle 91.549ms
[583.011s][info][gc,start    ] GC(904) Pause Young (Prepare Mixed) (G1 Evacuation Pause)
[583.012s][info][gc,task     ] GC(904) Using 2 workers of 2 for evacuation
[583.015s][info][gc,phases   ] GC(904)   Pre Evacuate Collection Set: 0.28ms
[583.015s][info][gc,phases   ] GC(904)   Merge Heap Roots: 0.17ms
[583.015s][info][gc,phases   ] GC(904)   Evacuate Collection Set: 2.53ms
[583.015s][info][gc,phases   ] GC(904)   Post Evacuate Collection Set: 0.71ms
[583.015s][info][gc,phases   ] GC(904)   Other: 0.08ms
[583.015s][info][gc,heap     ] GC(904) Eden regions: 456->0(458)
[583.015s][info][gc,heap     ] GC(904) Survivor regions: 3->1(58)
[583.015s][info][gc,heap     ] GC(904) Old regions: 40->40
[583.015s][info][gc,heap     ] GC(904) Humongous regions: 207->207
[583.015s][info][gc,metaspace] GC(904) Metaspace: 57841K(58112K)->57841K(58112K) NonClass: 52221K(52416K)->52221K(52416K) Class: 5620K(5696K)->5620K(5696K)
[583.015s][info][gc          ] GC(904) Pause Young (Prepare Mixed) (G1 Evacuation Pause) 704M->247M(766M) 3.962ms
[583.015s][info][gc,cpu      ] GC(904) User=0.01s Sys=0.00s Real=0.00s
[584.064s][info][gc,start    ] GC(905) Pause Young (Mixed) (G1 Evacuation Pause)
[584.064s][info][gc,task     ] GC(905) Using 2 workers of 2 for evacuation
[584.071s][info][gc,phases   ] GC(905)   Pre Evacuate Collection Set: 0.28ms
[584.071s][info][gc,phases   ] GC(905)   Merge Heap Roots: 0.16ms
[584.071s][info][gc,phases   ] GC(905)   Evacuate Collection Set: 5.93ms
[584.071s][info][gc,phases   ] GC(905)   Post Evacuate Collection Set: 0.78ms
[584.071s][info][gc,phases   ] GC(905)   Other: 0.10ms
[584.071s][info][gc,heap     ] GC(905) Eden regions: 458->0(456)
[584.071s][info][gc,heap     ] GC(905) Survivor regions: 1->3(58)
[584.071s][info][gc,heap     ] GC(905) Old regions: 40->39
[584.071s][info][gc,heap     ] GC(905) Humongous regions: 207->207
[584.071s][info][gc,metaspace] GC(905) Metaspace: 57841K(58112K)->57841K(58112K) NonClass: 52221K(52416K)->52221K(52416K) Class: 5620K(5696K)->5620K(5696K)
[584.071s][info][gc          ] GC(905) Pause Young (Mixed) (G1 Evacuation Pause) 705M->248M(766M) 7.398ms
[584.071s][info][gc,cpu      ] GC(905) User=0.01s Sys=0.00s Real=0.00s
[585.173s][info][gc,start    ] GC(906) Pause Young (Concurrent Start) (G1 Evacuation Pause)
[585.174s][info][gc,task     ] GC(906) Using 2 workers of 2 for evacuation
[585.180s][info][gc,phases   ] GC(906)   Pre Evacuate Collection Set: 0.27ms
[585.180s][info][gc,phases   ] GC(906)   Merge Heap Roots: 0.12ms
[585.180s][info][gc,phases   ] GC(906)   Evacuate Collection Set: 4.70ms
[585.180s][info][gc,phases   ] GC(906)   Post Evacuate Collection Set: 0.95ms
[585.180s][info][gc,phases   ] GC(906)   Other: 0.11ms
[585.180s][info][gc,heap     ] GC(906) Eden regions: 456->0(456)
[585.180s][info][gc,heap     ] GC(906) Survivor regions: 3->3(58)
[585.180s][info][gc,heap     ] GC(906) Old regions: 39->40
[585.180s][info][gc,heap     ] GC(906) Humongous regions: 207->207
[585.180s][info][gc,metaspace] GC(906) Metaspace: 57841K(58112K)->57841K(58112K) NonClass: 52221K(52416K)->52221K(52416K) Class: 5620K(5696K)->5620K(5696K)
[585.180s][info][gc          ] GC(906) Pause Young (Concurrent Start) (G1 Evacuation Pause) 704M->248M(766M) 6.316ms
[585.180s][info][gc          ] GC(907) Concurrent Mark Cycle
[585.180s][info][gc,marking  ] GC(907) Concurrent Scan Root Regions
[585.180s][info][gc,cpu      ] GC(906) User=0.01s Sys=0.00s Real=0.00s
[585.187s][info][gc,marking  ] GC(907) Concurrent Scan Root Regions 6.986ms
[585.187s][info][gc,marking  ] GC(907) Concurrent Mark
[585.187s][info][gc,marking  ] GC(907) Concurrent Mark From Roots
[585.187s][info][gc,task     ] GC(907) Using 1 workers of 1 for marking
[585.229s][info][gc,marking  ] GC(907) Concurrent Mark From Roots 42.031ms
[585.229s][info][gc,marking  ] GC(907) Concurrent Preclean
[585.229s][info][gc,marking  ] GC(907) Concurrent Preclean 0.071ms
[585.229s][info][gc,start    ] GC(907) Pause Remark
[585.240s][info][gc          ] GC(907) Pause Remark 271M->271M(766M) 10.615ms
[585.240s][info][gc,cpu      ] GC(907) User=0.02s Sys=0.00s Real=0.01s
[585.240s][info][gc,marking  ] GC(907) Concurrent Mark 53.168ms
[585.240s][info][gc,marking  ] GC(907) Concurrent Rebuild Remembered Sets and Scrub Regions
[585.263s][info][gc,marking  ] GC(907) Concurrent Rebuild Remembered Sets and Scrub Regions 22.758ms
[585.264s][info][gc,start    ] GC(907) Pause Cleanup
[585.264s][info][gc          ] GC(907) Pause Cleanup 281M->281M(766M) 0.076ms
[585.264s][info][gc,cpu      ] GC(907) User=0.00s Sys=0.00s Real=0.00s
[585.265s][info][gc,marking  ] GC(907) Concurrent Clear Claimed Marks
[585.265s][info][gc,marking  ] GC(907) Concurrent Clear Claimed Marks 0.095ms
[585.265s][info][gc,marking  ] GC(907) Concurrent Cleanup for Next Mark
[585.267s][info][gc,marking  ] GC(907) Concurrent Cleanup for Next Mark 2.280ms
[585.267s][info][gc          ] GC(907) Concurrent Mark Cycle 87.274ms
[587.712s][info][gc,heap,exit] Heap
[587.712s][info][gc,heap,exit]  garbage-first heap   total reserved 1001472K, committed 784384K, used 710255K [0x00000000c2e00000, 0x0000000100000000)
[587.712s][info][gc,heap,exit]   region size 1024K, 370 young (378880K), 3 survivors (3072K)
[587.712s][info][gc,heap,exit]  Metaspace       used 58375K, committed 58688K, reserved 1114112K
[587.712s][info][gc,heap,exit]   class space    used 5766K, committed 5824K, reserved 1048576K
