[0.002s][info][metaspace]  - commit_granule_bytes: 65536.
[0.002s][info][metaspace]  - commit_granule_words: 8192.
[0.002s][info][metaspace]  - virtual_space_node_default_size: 8388608.
[0.002s][info][metaspace]  - enlarge_chunks_in_place: 1.
[0.004s][info][gc,init  ] CardTable entry size: 512
[0.008s][info][gc       ] Using G1
[0.011s][info][gc,init  ] Version: 24-internal-adhoc.root.jdk (release)
[0.011s][info][gc,init  ] CPUs: 2 total, 2 available
[0.011s][info][gc,init  ] Memory: 3908M
[0.011s][info][gc,init  ] Large Page Support: Disabled
[0.011s][info][gc,init  ] NUMA Support: Disabled
[0.011s][info][gc,init  ] Compressed Oops: Enabled (32-bit)
[0.011s][info][gc,init  ] Heap Region Size: 1M
[0.011s][info][gc,init  ] Heap Min Capacity: 256M
[0.011s][info][gc,init  ] Heap Initial Capacity: 256M
[0.012s][info][gc,init  ] Heap Max Capacity: 978M
[0.012s][info][gc,init  ] Pre-touch: Disabled
[0.012s][info][gc,init  ] Parallel Workers: 2
[0.012s][info][gc,init  ] Concurrent Workers: 1
[0.012s][info][gc,init  ] Concurrent Refinement Workers: 2
[0.012s][info][gc,init  ] Periodic GC: Disabled
[0.025s][info][gc,metaspace] CDS archive(s) mapped at: [0x00007f4996000000-0x00007f4996dc0000-0x00007f4996dc0000), size 14417920, SharedBaseAddress: 0x00007f4996000000, ArchiveRelocationMode: 1.
[0.025s][info][gc,metaspace] Compressed class space mapped at: 0x00007f4997000000-0x00007f49d7000000, reserved size: 1073741824
[0.025s][info][gc,metaspace] UseCompressedClassPointers 1, UseCompactObjectHeaders 0
[0.025s][info][gc,metaspace] Narrow klass pointer bits 32, Max shift 3
[0.025s][info][gc,metaspace] Narrow klass base: 0x00007f4996000000, Narrow klass shift: 0
[0.025s][info][gc,metaspace] Encoding Range: [0x00007f4996000000 - 0x00007f4a96000000), (4294967296 bytes)
[0.025s][info][gc,metaspace] Klass Range:    [0x00007f4996000000 - 0x00007f49d7000000), (1090519040 bytes)
[0.025s][info][gc,metaspace] Klass ID Range:  [8 - 1090519033) (1090519025)
[0.518s][info][gc,start    ] GC(0) Pause Young (Normal) (G1 Evacuation Pause)
[0.518s][info][gc,task     ] GC(0) Using 2 workers of 2 for evacuation
[0.523s][info][gc,phases   ] GC(0)   Pre Evacuate Collection Set: 0.19ms
[0.523s][info][gc,phases   ] GC(0)   Merge Heap Roots: 0.11ms
[0.523s][info][gc,phases   ] GC(0)   Evacuate Collection Set: 3.90ms
[0.523s][info][gc,phases   ] GC(0)   Post Evacuate Collection Set: 0.25ms
[0.523s][info][gc,phases   ] GC(0)   Other: 0.22ms
[0.523s][info][gc,heap     ] GC(0) Eden regions: 12->0(10)
[0.523s][info][gc,heap     ] GC(0) Survivor regions: 0->2(2)
[0.523s][info][gc,heap     ] GC(0) Old regions: 2->2
[0.523s][info][gc,heap     ] GC(0) Humongous regions: 0->0
[0.523s][info][gc,metaspace] GC(0) Metaspace: 2415K(2560K)->2415K(2560K) NonClass: 2218K(2304K)->2218K(2304K) Class: 197K(256K)->197K(256K)
[0.523s][info][gc          ] GC(0) Pause Young (Normal) (G1 Evacuation Pause) 13M->2M(258M) 4.883ms
[0.523s][info][gc,cpu      ] GC(0) User=0.00s Sys=0.00s Real=0.00s
[0.883s][info][gc,start    ] GC(1) Pause Young (Normal) (G1 Evacuation Pause)
[0.883s][info][gc,task     ] GC(1) Using 2 workers of 2 for evacuation
[0.889s][info][gc,phases   ] GC(1)   Pre Evacuate Collection Set: 0.13ms
[0.889s][info][gc,phases   ] GC(1)   Merge Heap Roots: 0.04ms
[0.889s][info][gc,phases   ] GC(1)   Evacuate Collection Set: 5.28ms
[0.889s][info][gc,phases   ] GC(1)   Post Evacuate Collection Set: 0.24ms
[0.889s][info][gc,phases   ] GC(1)   Other: 0.06ms
[0.889s][info][gc,heap     ] GC(1) Eden regions: 10->0(12)
[0.889s][info][gc,heap     ] GC(1) Survivor regions: 2->2(2)
[0.889s][info][gc,heap     ] GC(1) Old regions: 2->5
[0.889s][info][gc,heap     ] GC(1) Humongous regions: 0->0
[0.889s][info][gc,metaspace] GC(1) Metaspace: 3719K(3840K)->3719K(3840K) NonClass: 3401K(3456K)->3401K(3456K) Class: 318K(384K)->318K(384K)
[0.889s][info][gc          ] GC(1) Pause Young (Normal) (G1 Evacuation Pause) 12M->6M(258M) 5.911ms
[0.889s][info][gc,cpu      ] GC(1) User=0.01s Sys=0.00s Real=0.01s
[1.091s][info][gc,start    ] GC(2) Pause Young (Normal) (G1 Evacuation Pause)
[1.091s][info][gc,task     ] GC(2) Using 2 workers of 2 for evacuation
[1.096s][info][gc,phases   ] GC(2)   Pre Evacuate Collection Set: 0.15ms
[1.096s][info][gc,phases   ] GC(2)   Merge Heap Roots: 0.04ms
[1.096s][info][gc,phases   ] GC(2)   Evacuate Collection Set: 4.43ms
[1.096s][info][gc,phases   ] GC(2)   Post Evacuate Collection Set: 0.24ms
[1.096s][info][gc,phases   ] GC(2)   Other: 0.10ms
[1.096s][info][gc,heap     ] GC(2) Eden regions: 12->0(21)
[1.096s][info][gc,heap     ] GC(2) Survivor regions: 2->2(2)
[1.096s][info][gc,heap     ] GC(2) Old regions: 5->8
[1.096s][info][gc,heap     ] GC(2) Humongous regions: 0->0
[1.096s][info][gc,metaspace] GC(2) Metaspace: 6583K(6784K)->6583K(6784K) NonClass: 6055K(6144K)->6055K(6144K) Class: 528K(640K)->528K(640K)
[1.096s][info][gc          ] GC(2) Pause Young (Normal) (G1 Evacuation Pause) 18M->9M(258M) 5.129ms
[1.096s][info][gc,cpu      ] GC(2) User=0.01s Sys=0.00s Real=0.00s
[1.329s][info][gc,start    ] GC(3) Pause Young (Normal) (G1 Evacuation Pause)
[1.329s][info][gc,task     ] GC(3) Using 2 workers of 2 for evacuation
[1.336s][info][gc,phases   ] GC(3)   Pre Evacuate Collection Set: 0.14ms
[1.336s][info][gc,phases   ] GC(3)   Merge Heap Roots: 0.06ms
[1.336s][info][gc,phases   ] GC(3)   Evacuate Collection Set: 5.58ms
[1.336s][info][gc,phases   ] GC(3)   Post Evacuate Collection Set: 0.27ms
[1.336s][info][gc,phases   ] GC(3)   Other: 0.09ms
[1.336s][info][gc,heap     ] GC(3) Eden regions: 21->0(26)
[1.336s][info][gc,heap     ] GC(3) Survivor regions: 2->2(3)
[1.336s][info][gc,heap     ] GC(3) Old regions: 8->10
[1.336s][info][gc,heap     ] GC(3) Humongous regions: 0->0
[1.336s][info][gc,metaspace] GC(3) Metaspace: 8696K(8832K)->8696K(8832K) NonClass: 8002K(8064K)->8002K(8064K) Class: 694K(768K)->694K(768K)
[1.336s][info][gc          ] GC(3) Pause Young (Normal) (G1 Evacuation Pause) 30M->10M(258M) 6.324ms
[1.336s][info][gc,cpu      ] GC(3) User=0.01s Sys=0.00s Real=0.00s
[1.748s][info][gc,start    ] GC(4) Pause Young (Normal) (G1 Evacuation Pause)
[1.748s][info][gc,task     ] GC(4) Using 2 workers of 2 for evacuation
[1.753s][info][gc,phases   ] GC(4)   Pre Evacuate Collection Set: 0.19ms
[1.753s][info][gc,phases   ] GC(4)   Merge Heap Roots: 0.05ms
[1.753s][info][gc,phases   ] GC(4)   Evacuate Collection Set: 4.10ms
[1.753s][info][gc,phases   ] GC(4)   Post Evacuate Collection Set: 0.40ms
[1.753s][info][gc,phases   ] GC(4)   Other: 0.06ms
[1.753s][info][gc,heap     ] GC(4) Eden regions: 26->0(36)
[1.753s][info][gc,heap     ] GC(4) Survivor regions: 2->2(4)
[1.753s][info][gc,heap     ] GC(4) Old regions: 10->10
[1.753s][info][gc,heap     ] GC(4) Humongous regions: 0->0
[1.753s][info][gc,metaspace] GC(4) Metaspace: 16623K(16768K)->16623K(16768K) NonClass: 15067K(15168K)->15067K(15168K) Class: 1556K(1600K)->1556K(1600K)
[1.753s][info][gc          ] GC(4) Pause Young (Normal) (G1 Evacuation Pause) 36M->11M(258M) 4.987ms
[1.753s][info][gc,cpu      ] GC(4) User=0.01s Sys=0.00s Real=0.00s
[2.028s][info][metaspace   ] Arena @0x00007f4a101775d0 (non-class arena): commit failure (requested size: 53)
[2.028s][info][metaspace   ] ChkMgr @0x00007f4a1015e5b0 (non-class-space): failed to commit 53 words on chunk @0x00007f498029e2d8, f, base 0x00007f498d380000, level lv05.
[2.028s][info][metaspace   ] Arena @0x00007f4a101775d0 (non-class arena): failed to allocate new chunk for requested word size 53.
[2.028s][info][metaspace   ] Arena @0x00007f4a101775d0 (non-class arena): allocation failed, returned null.
[2.028s][info][metaspace   ] Arena @0x00007f4a101775d0 (non-class arena): commit failure (requested size: 53)
[2.028s][info][metaspace   ] ChkMgr @0x00007f4a1015e5b0 (non-class-space): failed to commit 53 words on chunk @0x00007f498029e2d8, f, base 0x00007f498d380000, level lv05.
[2.028s][info][metaspace   ] Arena @0x00007f4a101775d0 (non-class arena): failed to allocate new chunk for requested word size 53.
[2.028s][info][metaspace   ] Arena @0x00007f4a101775d0 (non-class arena): allocation failed, returned null.
[2.028s][info][metaspace   ] Arena @0x00007f4a101775d0 (non-class arena): commit failure (requested size: 53)
[2.028s][info][metaspace   ] ChkMgr @0x00007f4a1015e5b0 (non-class-space): failed to commit 53 words on chunk @0x00007f498029e2d8, f, base 0x00007f498d380000, level lv05.
[2.028s][info][metaspace   ] Arena @0x00007f4a101775d0 (non-class arena): failed to allocate new chunk for requested word size 53.
[2.028s][info][metaspace   ] Arena @0x00007f4a101775d0 (non-class arena): allocation failed, returned null.
[2.028s][info][gc,start    ] GC(5) Pause Young (Concurrent Start) (Metadata GC Threshold)
[2.028s][info][gc,task     ] GC(5) Using 2 workers of 2 for evacuation
[2.035s][info][gc,phases   ] GC(5)   Pre Evacuate Collection Set: 0.17ms
[2.035s][info][gc,phases   ] GC(5)   Merge Heap Roots: 0.82ms
[2.035s][info][gc,phases   ] GC(5)   Evacuate Collection Set: 5.65ms
[2.035s][info][gc,phases   ] GC(5)   Post Evacuate Collection Set: 0.31ms
[2.035s][info][gc,phases   ] GC(5)   Other: 0.10ms
[2.035s][info][gc,heap     ] GC(5) Eden regions: 18->0(59)
[2.035s][info][gc,heap     ] GC(5) Survivor regions: 2->3(5)
[2.035s][info][gc,heap     ] GC(5) Old regions: 10->10
[2.035s][info][gc,heap     ] GC(5) Humongous regions: 0->0
[2.035s][info][gc,metaspace] GC(5) Metaspace: 21380K(21504K)->21380K(21504K) NonClass: 19386K(19456K)->19386K(19456K) Class: 1993K(2048K)->1993K(2048K)
[2.035s][info][gc          ] GC(5) Pause Young (Concurrent Start) (Metadata GC Threshold) 28M->11M(258M) 7.197ms
[2.035s][info][gc,cpu      ] GC(5) User=0.02s Sys=0.01s Real=0.01s
[2.035s][info][gc          ] GC(6) Concurrent Mark Cycle
[2.035s][info][metaspace   ] CLMS @0x00007f4a101775a0 : GC threshold increased: 22020096->22347776.
[2.035s][info][gc,marking  ] GC(6) Concurrent Scan Root Regions
[2.039s][info][gc,marking  ] GC(6) Concurrent Scan Root Regions 3.809ms
[2.039s][info][gc,marking  ] GC(6) Concurrent Mark
[2.039s][info][gc,marking  ] GC(6) Concurrent Mark From Roots
[2.039s][info][gc,task     ] GC(6) Using 1 workers of 1 for marking
[2.048s][info][gc,marking  ] GC(6) Concurrent Mark From Roots 9.349ms
[2.048s][info][gc,marking  ] GC(6) Concurrent Preclean
[2.048s][info][gc,marking  ] GC(6) Concurrent Preclean 0.028ms
[2.049s][info][gc,start    ] GC(6) Pause Remark
[2.051s][info][gc          ] GC(6) Pause Remark 12M->12M(256M) 2.976ms
[2.052s][info][gc,cpu      ] GC(6) User=0.01s Sys=0.00s Real=0.00s
[2.052s][info][gc,marking  ] GC(6) Concurrent Mark 12.629ms
[2.052s][info][gc,marking  ] GC(6) Concurrent Rebuild Remembered Sets and Scrub Regions
[2.055s][info][gc,marking  ] GC(6) Concurrent Rebuild Remembered Sets and Scrub Regions 3.174ms
[2.055s][info][gc,start    ] GC(6) Pause Cleanup
[2.055s][info][gc          ] GC(6) Pause Cleanup 12M->12M(256M) 0.029ms
[2.055s][info][gc,cpu      ] GC(6) User=0.00s Sys=0.00s Real=0.00s
[2.055s][info][gc,marking  ] GC(6) Concurrent Clear Claimed Marks
[2.055s][info][gc,marking  ] GC(6) Concurrent Clear Claimed Marks 0.013ms
[2.055s][info][gc,marking  ] GC(6) Concurrent Cleanup for Next Mark
[2.060s][info][gc,marking  ] GC(6) Concurrent Cleanup for Next Mark 4.634ms
[2.060s][info][gc          ] GC(6) Concurrent Mark Cycle 24.590ms
[3.095s][info][gc,start    ] GC(7) Pause Young (Prepare Mixed) (G1 Evacuation Pause)
[3.095s][info][gc,task     ] GC(7) Using 2 workers of 2 for evacuation
[3.109s][info][gc,phases   ] GC(7)   Pre Evacuate Collection Set: 0.16ms
[3.109s][info][gc,phases   ] GC(7)   Merge Heap Roots: 0.05ms
[3.109s][info][gc,phases   ] GC(7)   Evacuate Collection Set: 12.48ms
[3.109s][info][gc,phases   ] GC(7)   Post Evacuate Collection Set: 0.79ms
[3.109s][info][gc,phases   ] GC(7)   Other: 0.09ms
[3.109s][info][gc,heap     ] GC(7) Eden regions: 56->0(49)
[3.109s][info][gc,heap     ] GC(7) Survivor regions: 3->7(8)
[3.109s][info][gc,heap     ] GC(7) Old regions: 10->10
[3.109s][info][gc,heap     ] GC(7) Humongous regions: 129->129
[3.109s][info][gc,metaspace] GC(7) Metaspace: 30859K(31040K)->30859K(31040K) NonClass: 27918K(28032K)->27918K(28032K) Class: 2940K(3008K)->2940K(3008K)
[3.109s][info][gc          ] GC(7) Pause Young (Prepare Mixed) (G1 Evacuation Pause) 196M->144M(256M) 13.763ms
[3.109s][info][gc,cpu      ] GC(7) User=0.02s Sys=0.01s Real=0.02s
[3.464s][info][metaspace   ] ChkMgr @0x00007f4a1015e5b0 (non-class-space): failed to commit 6 words on chunk @0x00007f4a10805568, f, base 0x00007f498e0b0000, level lv10.
[3.464s][info][metaspace   ] Arena @0x00007f4a102f2840 (non-class arena): failed to allocate new chunk for requested word size 6.
[3.464s][info][metaspace   ] Arena @0x00007f4a102f2840 (non-class arena): allocation failed, returned null.
[3.464s][info][metaspace   ] ChkMgr @0x00007f4a1015e5b0 (non-class-space): failed to commit 6 words on chunk @0x00007f4a10805568, f, base 0x00007f498e0b0000, level lv10.
[3.464s][info][metaspace   ] Arena @0x00007f4a102f2840 (non-class arena): failed to allocate new chunk for requested word size 6.
[3.464s][info][metaspace   ] Arena @0x00007f4a102f2840 (non-class arena): allocation failed, returned null.
[3.464s][info][metaspace   ] ChkMgr @0x00007f4a1015e5b0 (non-class-space): failed to commit 7 words on chunk @0x00007f4a10805568, f, base 0x00007f498e0b0000, level lv10.
[3.464s][info][metaspace   ] Arena @0x00007f4a102f2840 (non-class arena): failed to allocate new chunk for requested word size 7.
[3.464s][info][metaspace   ] Arena @0x00007f4a102f2840 (non-class arena): allocation failed, returned null.
[3.464s][info][metaspace   ] ChkMgr @0x00007f4a1015e5b0 (non-class-space): failed to commit 7 words on chunk @0x00007f4a10805568, f, base 0x00007f498e0b0000, level lv10.
[3.464s][info][metaspace   ] Arena @0x00007f4a102f2840 (non-class arena): failed to allocate new chunk for requested word size 7.
[3.464s][info][metaspace   ] Arena @0x00007f4a102f2840 (non-class arena): allocation failed, returned null.
[3.464s][info][metaspace   ] ChkMgr @0x00007f4a1015e5b0 (non-class-space): failed to commit 6 words on chunk @0x00007f4a10805568, f, base 0x00007f498e0b0000, level lv10.
[3.464s][info][metaspace   ] Arena @0x00007f4a102f2840 (non-class arena): failed to allocate new chunk for requested word size 6.
[3.464s][info][metaspace   ] Arena @0x00007f4a102f2840 (non-class arena): allocation failed, returned null.
[3.464s][info][gc,start    ] GC(8) Pause Young (Mixed) (Metadata GC Threshold)
[3.464s][info][gc,task     ] GC(8) Using 2 workers of 2 for evacuation
[3.480s][info][gc,phases   ] GC(8)   Pre Evacuate Collection Set: 1.04ms
[3.480s][info][gc,phases   ] GC(8)   Merge Heap Roots: 0.07ms
[3.480s][info][gc,phases   ] GC(8)   Evacuate Collection Set: 14.17ms
[3.480s][info][gc,phases   ] GC(8)   Post Evacuate Collection Set: 0.57ms
[3.480s][info][gc,phases   ] GC(8)   Other: 0.09ms
[3.480s][info][gc,heap     ] GC(8) Eden regions: 25->0(13)
[3.480s][info][gc,heap     ] GC(8) Survivor regions: 7->6(7)
[3.480s][info][gc,heap     ] GC(8) Old regions: 10->12
[3.480s][info][gc,heap     ] GC(8) Humongous regions: 207->207
[3.480s][info][gc,metaspace] GC(8) Metaspace: 35844K(35968K)->35844K(35968K) NonClass: 32473K(32576K)->32473K(32576K) Class: 3370K(3392K)->3370K(3392K)
[3.480s][info][gc          ] GC(8) Pause Young (Mixed) (Metadata GC Threshold) 247M->223M(258M) 16.087ms
[3.480s][info][gc,cpu      ] GC(8) User=0.02s Sys=0.01s Real=0.02s
[3.480s][info][metaspace   ] CLMS @0x00007f4a10214b50 : GC threshold increased: 36831232->37158912.
[3.501s][info][metaspace   ] ChkMgr @0x00007f4a1015e5b0 (non-class-space): failed to commit 134 words on chunk @0x00007f4a108057a8, f, base 0x00007f498e0f0000, level lv10.
[3.501s][info][metaspace   ] Arena @0x00007f4a102f2840 (non-class arena): failed to allocate new chunk for requested word size 134.
[3.501s][info][metaspace   ] Arena @0x00007f4a102f2840 (non-class arena): allocation failed, returned null.
[3.501s][info][metaspace   ] ChkMgr @0x00007f4a1015e5b0 (non-class-space): failed to commit 134 words on chunk @0x00007f4a108057a8, f, base 0x00007f498e0f0000, level lv10.
[3.501s][info][metaspace   ] Arena @0x00007f4a102f2840 (non-class arena): failed to allocate new chunk for requested word size 134.
[3.501s][info][metaspace   ] Arena @0x00007f4a102f2840 (non-class arena): allocation failed, returned null.
[3.501s][info][metaspace   ] ChkMgr @0x00007f4a1015e5b0 (non-class-space): failed to commit 134 words on chunk @0x00007f4a108057a8, f, base 0x00007f498e0f0000, level lv10.
[3.501s][info][metaspace   ] Arena @0x00007f4a102f2840 (non-class arena): failed to allocate new chunk for requested word size 134.
[3.501s][info][metaspace   ] Arena @0x00007f4a102f2840 (non-class arena): allocation failed, returned null.
[3.501s][info][gc,start    ] GC(9) Pause Young (Concurrent Start) (Metadata GC Threshold)
[3.501s][info][gc,task     ] GC(9) Using 2 workers of 2 for evacuation
[3.508s][info][gc,phases   ] GC(9)   Pre Evacuate Collection Set: 0.17ms
[3.508s][info][gc,phases   ] GC(9)   Merge Heap Roots: 0.04ms
[3.508s][info][gc,phases   ] GC(9)   Evacuate Collection Set: 6.39ms
[3.508s][info][gc,phases   ] GC(9)   Post Evacuate Collection Set: 0.39ms
[3.508s][info][gc,phases   ] GC(9)   Other: 0.08ms
[3.508s][info][gc,heap     ] GC(9) Eden regions: 2->0(18)
[3.508s][info][gc,heap     ] GC(9) Survivor regions: 6->1(3)
[3.508s][info][gc,heap     ] GC(9) Old regions: 12->17
[3.508s][info][gc,heap     ] GC(9) Humongous regions: 207->207
[3.508s][info][gc,metaspace] GC(9) Metaspace: 36118K(36288K)->36118K(36288K) NonClass: 32729K(32832K)->32729K(32832K) Class: 3388K(3456K)->3388K(3456K)
[3.508s][info][gc          ] GC(9) Pause Young (Concurrent Start) (Metadata GC Threshold) 225M->224M(258M) 7.202ms
[3.508s][info][gc,cpu      ] GC(9) User=0.02s Sys=0.00s Real=0.01s
[3.508s][info][gc          ] GC(10) Concurrent Mark Cycle
[3.508s][info][metaspace   ] CLMS @0x00007f4a10214b50 : GC threshold increased: 37158912->37486592.
[3.508s][info][gc,marking  ] GC(10) Concurrent Scan Root Regions
[3.518s][info][gc,marking  ] GC(10) Concurrent Scan Root Regions 9.680ms
[3.518s][info][gc,marking  ] GC(10) Concurrent Mark
[3.518s][info][gc,marking  ] GC(10) Concurrent Mark From Roots
[3.518s][info][gc,task     ] GC(10) Using 1 workers of 1 for marking
[3.529s][info][metaspace   ] ChkMgr @0x00007f4a1015e5b0 (non-class-space): failed to commit 149 words on chunk @0x00007f4a10805910, f, base 0x00007f498e140000, level lv10.
[3.529s][info][metaspace   ] Arena @0x00007f4a102f2840 (non-class arena): failed to allocate new chunk for requested word size 149.
[3.529s][info][metaspace   ] Arena @0x00007f4a102f2840 (non-class arena): allocation failed, returned null.
[3.529s][info][metaspace   ] ChkMgr @0x00007f4a1015e5b0 (non-class-space): failed to commit 149 words on chunk @0x00007f4a10805910, f, base 0x00007f498e140000, level lv10.
[3.529s][info][metaspace   ] Arena @0x00007f4a102f2840 (non-class arena): failed to allocate new chunk for requested word size 149.
[3.529s][info][metaspace   ] Arena @0x00007f4a102f2840 (non-class arena): allocation failed, returned null.
[3.530s][info][metaspace   ] ChkMgr @0x00007f4a1015e5b0 (non-class-space): failed to commit 149 words on chunk @0x00007f4a10805910, f, base 0x00007f498e140000, level lv10.
[3.530s][info][metaspace   ] Arena @0x00007f4a102f2840 (non-class arena): failed to allocate new chunk for requested word size 149.
[3.530s][info][metaspace   ] Arena @0x00007f4a102f2840 (non-class arena): allocation failed, returned null.
[3.530s][info][metaspace   ] CLMS @0x00007f4a10214b50 : GC threshold increased: 37486592->37814272.
[3.544s][info][gc,marking  ] GC(10) Concurrent Mark From Roots 26.478ms
[3.544s][info][gc,marking  ] GC(10) Concurrent Preclean
[3.545s][info][gc,marking  ] GC(10) Concurrent Preclean 0.051ms
[3.545s][info][gc,start    ] GC(10) Pause Remark
[3.550s][info][gc          ] GC(10) Pause Remark 227M->227M(375M) 5.387ms
[3.550s][info][gc,cpu      ] GC(10) User=0.01s Sys=0.01s Real=0.01s
[3.555s][info][gc,marking  ] GC(10) Concurrent Mark 36.604ms
[3.555s][info][gc,marking  ] GC(10) Concurrent Rebuild Remembered Sets and Scrub Regions
[3.572s][info][gc,marking  ] GC(10) Concurrent Rebuild Remembered Sets and Scrub Regions 17.346ms
[3.572s][info][gc,start    ] GC(10) Pause Cleanup
[3.572s][info][gc          ] GC(10) Pause Cleanup 228M->228M(375M) 0.056ms
[3.572s][info][gc,cpu      ] GC(10) User=0.00s Sys=0.00s Real=0.00s
[3.573s][info][gc,marking  ] GC(10) Concurrent Clear Claimed Marks
[3.573s][info][gc,marking  ] GC(10) Concurrent Clear Claimed Marks 0.092ms
[3.573s][info][gc,marking  ] GC(10) Concurrent Cleanup for Next Mark
[3.578s][info][gc,marking  ] GC(10) Concurrent Cleanup for Next Mark 5.034ms
[3.578s][info][gc          ] GC(10) Concurrent Mark Cycle 69.404ms
[3.731s][info][gc,start    ] GC(11) Pause Young (Prepare Mixed) (G1 Evacuation Pause)
[3.731s][info][gc,task     ] GC(11) Using 2 workers of 2 for evacuation
[3.737s][info][gc,phases   ] GC(11)   Pre Evacuate Collection Set: 0.22ms
[3.737s][info][gc,phases   ] GC(11)   Merge Heap Roots: 0.06ms
[3.737s][info][gc,phases   ] GC(11)   Evacuate Collection Set: 3.67ms
[3.737s][info][gc,phases   ] GC(11)   Post Evacuate Collection Set: 2.35ms
[3.737s][info][gc,phases   ] GC(11)   Other: 0.09ms
[3.737s][info][gc,heap     ] GC(11) Eden regions: 17->0(98)
[3.737s][info][gc,heap     ] GC(11) Survivor regions: 1->2(3)
[3.737s][info][gc,heap     ] GC(11) Old regions: 17->17
[3.737s][info][gc,heap     ] GC(11) Humongous regions: 207->207
[3.737s][info][gc,metaspace] GC(11) Metaspace: 39509K(39744K)->39509K(39744K) NonClass: 35819K(35968K)->35819K(35968K) Class: 3690K(3776K)->3690K(3776K)
[3.737s][info][gc          ] GC(11) Pause Young (Prepare Mixed) (G1 Evacuation Pause) 241M->225M(375M) 6.560ms
[3.737s][info][gc,cpu      ] GC(11) User=0.01s Sys=0.00s Real=0.00s
[6.099s][info][gc,start    ] GC(12) Pause Young (Mixed) (G1 Evacuation Pause)
[6.099s][info][gc,task     ] GC(12) Using 2 workers of 2 for evacuation
[6.131s][info][gc,phases   ] GC(12)   Pre Evacuate Collection Set: 0.24ms
[6.131s][info][gc,phases   ] GC(12)   Merge Heap Roots: 0.10ms
[6.131s][info][gc,phases   ] GC(12)   Evacuate Collection Set: 29.71ms
[6.131s][info][gc,phases   ] GC(12)   Post Evacuate Collection Set: 1.53ms
[6.131s][info][gc,phases   ] GC(12)   Other: 0.08ms
[6.131s][info][gc,heap     ] GC(12) Eden regions: 98->0(87)
[6.131s][info][gc,heap     ] GC(12) Survivor regions: 2->6(13)
[6.131s][info][gc,heap     ] GC(12) Old regions: 17->17
[6.131s][info][gc,heap     ] GC(12) Humongous regions: 207->207
[6.131s][info][gc,metaspace] GC(12) Metaspace: 52198K(52480K)->52198K(52480K) NonClass: 46823K(47040K)->46823K(47040K) Class: 5375K(5440K)->5375K(5440K)
[6.131s][info][gc          ] GC(12) Pause Young (Mixed) (G1 Evacuation Pause) 323M->229M(375M) 31.825ms
[6.131s][info][gc,cpu      ] GC(12) User=0.02s Sys=0.02s Real=0.03s
[6.996s][info][gc,start    ] GC(13) Pause Young (Concurrent Start) (G1 Evacuation Pause)
[6.996s][info][gc,task     ] GC(13) Using 2 workers of 2 for evacuation
[7.026s][info][gc,phases   ] GC(13)   Pre Evacuate Collection Set: 0.23ms
[7.026s][info][gc,phases   ] GC(13)   Merge Heap Roots: 0.08ms
[7.026s][info][gc,phases   ] GC(13)   Evacuate Collection Set: 28.10ms
[7.026s][info][gc,phases   ] GC(13)   Post Evacuate Collection Set: 0.86ms
[7.026s][info][gc,phases   ] GC(13)   Other: 0.11ms
[7.026s][info][gc,heap     ] GC(13) Eden regions: 82->0(75)
[7.026s][info][gc,heap     ] GC(13) Survivor regions: 6->11(11)
[7.026s][info][gc,heap     ] GC(13) Old regions: 17->34
[7.026s][info][gc,heap     ] GC(13) Humongous regions: 207->207
[7.026s][info][gc,metaspace] GC(13) Metaspace: 54209K(54528K)->54209K(54528K) NonClass: 48635K(48896K)->48635K(48896K) Class: 5574K(5632K)->5574K(5632K)
[7.026s][info][gc          ] GC(13) Pause Young (Concurrent Start) (G1 Evacuation Pause) 311M->251M(375M) 29.578ms
[7.026s][info][gc          ] GC(14) Concurrent Mark Cycle
[7.026s][info][gc,marking  ] GC(14) Concurrent Scan Root Regions
[7.026s][info][gc,cpu      ] GC(13) User=0.06s Sys=0.00s Real=0.03s
[7.058s][info][gc,marking  ] GC(14) Concurrent Scan Root Regions 32.195ms
[7.058s][info][gc,marking  ] GC(14) Concurrent Mark
[7.058s][info][gc,marking  ] GC(14) Concurrent Mark From Roots
[7.058s][info][gc,task     ] GC(14) Using 1 workers of 1 for marking
[7.060s][info][gc,start    ] GC(15) Pause Young (Normal) (G1 Evacuation Pause)
[7.060s][info][gc,task     ] GC(15) Using 2 workers of 2 for evacuation
[7.074s][info][gc,phases   ] GC(15)   Pre Evacuate Collection Set: 0.18ms
[7.075s][info][gc,phases   ] GC(15)   Merge Heap Roots: 0.13ms
[7.075s][info][gc,phases   ] GC(15)   Evacuate Collection Set: 13.29ms
[7.075s][info][gc,phases   ] GC(15)   Post Evacuate Collection Set: 0.48ms
[7.075s][info][gc,phases   ] GC(15)   Other: 0.09ms
[7.075s][info][gc,heap     ] GC(15) Eden regions: 7->0(73)
[7.075s][info][gc,heap     ] GC(15) Survivor regions: 11->3(3)
[7.075s][info][gc,heap     ] GC(15) Old regions: 34->45
[7.075s][info][gc,heap     ] GC(15) Humongous regions: 207->207
[7.075s][info][gc,metaspace] GC(15) Metaspace: 54220K(54528K)->54220K(54528K) NonClass: 48645K(48896K)->48645K(48896K) Class: 5574K(5632K)->5574K(5632K)
[7.075s][info][gc          ] GC(15) Pause Young (Normal) (G1 Evacuation Pause) 258M->254M(375M) 14.325ms
[7.075s][info][gc,cpu      ] GC(15) User=0.02s Sys=0.00s Real=0.01s
[7.126s][info][gc,marking  ] GC(14) Concurrent Mark From Roots 67.346ms
[7.126s][info][gc,marking  ] GC(14) Concurrent Preclean
[7.126s][info][gc,marking  ] GC(14) Concurrent Preclean 0.075ms
[7.126s][info][gc,start    ] GC(14) Pause Remark
[7.135s][info][gc          ] GC(14) Pause Remark 264M->264M(425M) 9.192ms
[7.135s][info][gc,cpu      ] GC(14) User=0.01s Sys=0.00s Real=0.01s
[7.137s][info][gc,marking  ] GC(14) Concurrent Mark 78.596ms
[7.137s][info][gc,marking  ] GC(14) Concurrent Rebuild Remembered Sets and Scrub Regions
[7.183s][info][gc,marking  ] GC(14) Concurrent Rebuild Remembered Sets and Scrub Regions 46.387ms
[7.185s][info][gc,start    ] GC(14) Pause Cleanup
[7.185s][info][gc          ] GC(14) Pause Cleanup 270M->270M(425M) 0.071ms
[7.185s][info][gc,cpu      ] GC(14) User=0.00s Sys=0.00s Real=0.00s
[7.185s][info][gc,marking  ] GC(14) Concurrent Clear Claimed Marks
[7.185s][info][gc,marking  ] GC(14) Concurrent Clear Claimed Marks 0.087ms
[7.185s][info][gc,marking  ] GC(14) Concurrent Cleanup for Next Mark
[7.193s][info][gc,marking  ] GC(14) Concurrent Cleanup for Next Mark 7.909ms
[7.194s][info][gc          ] GC(14) Concurrent Mark Cycle 167.506ms
[7.425s][info][gc,start    ] GC(16) Pause Young (Prepare Mixed) (G1 Evacuation Pause)
[7.425s][info][gc,task     ] GC(16) Using 2 workers of 2 for evacuation
[7.465s][info][gc,phases   ] GC(16)   Pre Evacuate Collection Set: 0.28ms
[7.465s][info][gc,phases   ] GC(16)   Merge Heap Roots: 0.08ms
[7.465s][info][gc,phases   ] GC(16)   Evacuate Collection Set: 38.91ms
[7.465s][info][gc,phases   ] GC(16)   Post Evacuate Collection Set: 0.45ms
[7.465s][info][gc,phases   ] GC(16)   Other: 0.09ms
[7.465s][info][gc,heap     ] GC(16) Eden regions: 73->0(85)
[7.465s][info][gc,heap     ] GC(16) Survivor regions: 3->10(10)
[7.465s][info][gc,heap     ] GC(16) Old regions: 45->62
[7.465s][info][gc,heap     ] GC(16) Humongous regions: 207->207
[7.465s][info][gc,metaspace] GC(16) Metaspace: 54401K(54656K)->54401K(54656K) NonClass: 48825K(49024K)->48825K(49024K) Class: 5575K(5632K)->5575K(5632K)
[7.465s][info][gc          ] GC(16) Pause Young (Prepare Mixed) (G1 Evacuation Pause) 327M->278M(425M) 40.000ms
[7.465s][info][gc,cpu      ] GC(16) User=0.08s Sys=0.01s Real=0.04s
[7.941s][info][gc,start    ] GC(17) Pause Young (Mixed) (G1 Evacuation Pause)
[7.941s][info][gc,task     ] GC(17) Using 2 workers of 2 for evacuation
[7.960s][info][gc,phases   ] GC(17)   Pre Evacuate Collection Set: 0.21ms
[7.960s][info][gc,phases   ] GC(17)   Merge Heap Roots: 0.08ms
[7.960s][info][gc,phases   ] GC(17)   Evacuate Collection Set: 17.99ms
[7.960s][info][gc,phases   ] GC(17)   Post Evacuate Collection Set: 0.42ms
[7.960s][info][gc,phases   ] GC(17)   Other: 0.07ms
[7.960s][info][gc,heap     ] GC(17) Eden regions: 85->0(84)
[7.960s][info][gc,heap     ] GC(17) Survivor regions: 10->10(12)
[7.960s][info][gc,heap     ] GC(17) Old regions: 62->72
[7.960s][info][gc,heap     ] GC(17) Humongous regions: 207->207
[7.960s][info][gc,metaspace] GC(17) Metaspace: 54788K(55040K)->54788K(55040K) NonClass: 49212K(49408K)->49212K(49408K) Class: 5575K(5632K)->5575K(5632K)
[7.960s][info][gc          ] GC(17) Pause Young (Mixed) (G1 Evacuation Pause) 363M->287M(425M) 18.954ms
[7.960s][info][gc,cpu      ] GC(17) User=0.04s Sys=0.00s Real=0.02s
[8.266s][info][gc,start    ] GC(18) Pause Young (Concurrent Start) (G1 Evacuation Pause)
[8.266s][info][gc,task     ] GC(18) Using 2 workers of 2 for evacuation
[8.285s][info][gc,phases   ] GC(18)   Pre Evacuate Collection Set: 0.27ms
[8.285s][info][gc,phases   ] GC(18)   Merge Heap Roots: 0.11ms
[8.285s][info][gc,phases   ] GC(18)   Evacuate Collection Set: 18.52ms
[8.285s][info][gc,phases   ] GC(18)   Post Evacuate Collection Set: 0.41ms
[8.285s][info][gc,phases   ] GC(18)   Other: 0.11ms
[8.285s][info][gc,heap     ] GC(18) Eden regions: 84->0(85)
[8.285s][info][gc,heap     ] GC(18) Survivor regions: 10->9(12)
[8.285s][info][gc,heap     ] GC(18) Old regions: 72->78
[8.285s][info][gc,heap     ] GC(18) Humongous regions: 207->207
[8.285s][info][gc,metaspace] GC(18) Metaspace: 54820K(55104K)->54820K(55104K) NonClass: 49245K(49472K)->49245K(49472K) Class: 5575K(5632K)->5575K(5632K)
[8.285s][info][gc          ] GC(18) Pause Young (Concurrent Start) (G1 Evacuation Pause) 371M->294M(425M) 19.579ms
[8.285s][info][gc,cpu      ] GC(18) User=0.04s Sys=0.00s Real=0.02s
[8.285s][info][gc          ] GC(19) Concurrent Mark Cycle
[8.289s][info][gc,marking  ] GC(19) Concurrent Scan Root Regions
[8.308s][info][gc,marking  ] GC(19) Concurrent Scan Root Regions 19.098ms
[8.308s][info][gc,marking  ] GC(19) Concurrent Mark
[8.308s][info][gc,marking  ] GC(19) Concurrent Mark From Roots
[8.308s][info][gc,task     ] GC(19) Using 1 workers of 1 for marking
[8.413s][info][gc,marking  ] GC(19) Concurrent Mark From Roots 105.425ms
[8.413s][info][gc,marking  ] GC(19) Concurrent Preclean
[8.413s][info][gc,marking  ] GC(19) Concurrent Preclean 0.102ms
[8.413s][info][gc,start    ] GC(19) Pause Remark
[8.426s][info][gc          ] GC(19) Pause Remark 320M->320M(490M) 12.428ms
[8.426s][info][gc,cpu      ] GC(19) User=0.02s Sys=0.00s Real=0.01s
[8.429s][info][gc,marking  ] GC(19) Concurrent Mark 120.933ms
[8.429s][info][gc,marking  ] GC(19) Concurrent Rebuild Remembered Sets and Scrub Regions
[8.470s][info][gc,marking  ] GC(19) Concurrent Rebuild Remembered Sets and Scrub Regions 41.278ms
[8.470s][info][gc,start    ] GC(19) Pause Cleanup
[8.470s][info][gc          ] GC(19) Pause Cleanup 329M->329M(490M) 0.065ms
[8.470s][info][gc,cpu      ] GC(19) User=0.00s Sys=0.00s Real=0.00s
[8.473s][info][gc,marking  ] GC(19) Concurrent Clear Claimed Marks
[8.473s][info][gc,marking  ] GC(19) Concurrent Clear Claimed Marks 0.094ms
[8.473s][info][gc,marking  ] GC(19) Concurrent Cleanup for Next Mark
[8.485s][info][gc,marking  ] GC(19) Concurrent Cleanup for Next Mark 11.676ms
[8.485s][info][gc          ] GC(19) Concurrent Mark Cycle 199.695ms
[8.650s][info][gc,start    ] GC(20) Pause Young (Prepare Mixed) (G1 Evacuation Pause)
[8.650s][info][gc,task     ] GC(20) Using 2 workers of 2 for evacuation
[8.671s][info][gc,phases   ] GC(20)   Pre Evacuate Collection Set: 0.29ms
[8.671s][info][gc,phases   ] GC(20)   Merge Heap Roots: 0.14ms
[8.671s][info][gc,phases   ] GC(20)   Evacuate Collection Set: 19.94ms
[8.671s][info][gc,phases   ] GC(20)   Post Evacuate Collection Set: 0.42ms
[8.671s][info][gc,phases   ] GC(20)   Other: 0.08ms
[8.671s][info][gc,heap     ] GC(20) Eden regions: 85->0(125)
[8.671s][info][gc,heap     ] GC(20) Survivor regions: 9->10(12)
[8.671s][info][gc,heap     ] GC(20) Old regions: 78->84
[8.671s][info][gc,heap     ] GC(20) Humongous regions: 207->207
[8.671s][info][gc,metaspace] GC(20) Metaspace: 54932K(55232K)->54932K(55232K) NonClass: 49357K(49600K)->49357K(49600K) Class: 5575K(5632K)->5575K(5632K)
[8.671s][info][gc          ] GC(20) Pause Young (Prepare Mixed) (G1 Evacuation Pause) 379M->300M(490M) 21.037ms
[8.671s][info][gc,cpu      ] GC(20) User=0.04s Sys=0.00s Real=0.02s
[8.984s][info][gc,start    ] GC(21) Pause Young (Mixed) (G1 Evacuation Pause)
[8.984s][info][gc,task     ] GC(21) Using 2 workers of 2 for evacuation
[9.007s][info][gc,phases   ] GC(21)   Pre Evacuate Collection Set: 0.29ms
[9.007s][info][gc,phases   ] GC(21)   Merge Heap Roots: 0.15ms
[9.007s][info][gc,phases   ] GC(21)   Evacuate Collection Set: 22.29ms
[9.007s][info][gc,phases   ] GC(21)   Post Evacuate Collection Set: 0.50ms
[9.007s][info][gc,phases   ] GC(21)   Other: 0.08ms
[9.007s][info][gc,heap     ] GC(21) Eden regions: 125->0(118)
[9.007s][info][gc,heap     ] GC(21) Survivor regions: 10->13(17)
[9.007s][info][gc,heap     ] GC(21) Old regions: 84->84
[9.007s][info][gc,heap     ] GC(21) Humongous regions: 207->207
[9.007s][info][gc,metaspace] GC(21) Metaspace: 55022K(55296K)->55022K(55296K) NonClass: 49447K(49664K)->49447K(49664K) Class: 5575K(5632K)->5575K(5632K)
[9.007s][info][gc          ] GC(21) Pause Young (Mixed) (G1 Evacuation Pause) 425M->303M(490M) 23.482ms
[9.007s][info][gc,cpu      ] GC(21) User=0.04s Sys=0.00s Real=0.02s
[9.317s][info][gc,start    ] GC(22) Pause Young (Concurrent Start) (G1 Evacuation Pause)
[9.317s][info][gc,task     ] GC(22) Using 2 workers of 2 for evacuation
[9.338s][info][gc,phases   ] GC(22)   Pre Evacuate Collection Set: 0.25ms
[9.338s][info][gc,phases   ] GC(22)   Merge Heap Roots: 0.08ms
[9.338s][info][gc,phases   ] GC(22)   Evacuate Collection Set: 19.66ms
[9.338s][info][gc,phases   ] GC(22)   Post Evacuate Collection Set: 0.71ms
[9.338s][info][gc,phases   ] GC(22)   Other: 0.16ms
[9.338s][info][gc,heap     ] GC(22) Eden regions: 118->0(135)
[9.338s][info][gc,heap     ] GC(22) Survivor regions: 13->13(17)
[9.338s][info][gc,heap     ] GC(22) Old regions: 84->87
[9.338s][info][gc,heap     ] GC(22) Humongous regions: 207->207
[9.338s][info][gc,metaspace] GC(22) Metaspace: 55240K(55552K)->55240K(55552K) NonClass: 49654K(49856K)->49654K(49856K) Class: 5586K(5696K)->5586K(5696K)
[9.338s][info][gc          ] GC(22) Pause Young (Concurrent Start) (G1 Evacuation Pause) 421M->306M(510M) 21.017ms
[9.338s][info][gc          ] GC(23) Concurrent Mark Cycle
[9.338s][info][gc,marking  ] GC(23) Concurrent Scan Root Regions
[9.338s][info][gc,cpu      ] GC(22) User=0.04s Sys=0.00s Real=0.02s
[9.366s][info][gc,marking  ] GC(23) Concurrent Scan Root Regions 28.022ms
[9.366s][info][gc,marking  ] GC(23) Concurrent Mark
[9.366s][info][gc,marking  ] GC(23) Concurrent Mark From Roots
[9.366s][info][gc,task     ] GC(23) Using 1 workers of 1 for marking
[9.453s][info][gc,marking  ] GC(23) Concurrent Mark From Roots 87.053ms
[9.453s][info][gc,marking  ] GC(23) Concurrent Preclean
[9.453s][info][gc,marking  ] GC(23) Concurrent Preclean 0.091ms
[9.453s][info][gc,start    ] GC(23) Pause Remark
[9.462s][info][gc          ] GC(23) Pause Remark 331M->328M(510M) 8.465ms
[9.462s][info][gc,cpu      ] GC(23) User=0.02s Sys=0.00s Real=0.01s
[9.462s][info][gc,marking  ] GC(23) Concurrent Mark 95.884ms
[9.462s][info][gc,marking  ] GC(23) Concurrent Rebuild Remembered Sets and Scrub Regions
[9.520s][info][gc,marking  ] GC(23) Concurrent Rebuild Remembered Sets and Scrub Regions 58.225ms
[9.520s][info][gc,start    ] GC(23) Pause Cleanup
[9.520s][info][gc          ] GC(23) Pause Cleanup 352M->352M(510M) 0.066ms
[9.520s][info][gc,cpu      ] GC(23) User=0.00s Sys=0.00s Real=0.00s
[9.521s][info][gc,marking  ] GC(23) Concurrent Clear Claimed Marks
[9.521s][info][gc,marking  ] GC(23) Concurrent Clear Claimed Marks 0.112ms
[9.521s][info][gc,marking  ] GC(23) Concurrent Cleanup for Next Mark
[9.523s][info][gc,marking  ] GC(23) Concurrent Cleanup for Next Mark 2.013ms
[9.523s][info][gc          ] GC(23) Concurrent Mark Cycle 185.347ms
[9.717s][info][gc,start    ] GC(24) Pause Young (Prepare Mixed) (G1 Evacuation Pause)
[9.717s][info][gc,task     ] GC(24) Using 2 workers of 2 for evacuation
[9.737s][info][gc,phases   ] GC(24)   Pre Evacuate Collection Set: 0.24ms
[9.737s][info][gc,phases   ] GC(24)   Merge Heap Roots: 0.09ms
[9.737s][info][gc,phases   ] GC(24)   Evacuate Collection Set: 18.84ms
[9.737s][info][gc,phases   ] GC(24)   Post Evacuate Collection Set: 0.44ms
[9.737s][info][gc,phases   ] GC(24)   Other: 0.11ms
[9.737s][info][gc,heap     ] GC(24) Eden regions: 135->0(137)
[9.737s][info][gc,heap     ] GC(24) Survivor regions: 13->14(19)
[9.737s][info][gc,heap     ] GC(24) Old regions: 84->86
[9.737s][info][gc,heap     ] GC(24) Humongous regions: 207->207
[9.737s][info][gc,metaspace] GC(24) Metaspace: 55286K(55616K)->55286K(55616K) NonClass: 49700K(49920K)->49700K(49920K) Class: 5586K(5696K)->5586K(5696K)
[9.737s][info][gc          ] GC(24) Pause Young (Prepare Mixed) (G1 Evacuation Pause) 438M->306M(510M) 19.893ms
[9.737s][info][gc,cpu      ] GC(24) User=0.04s Sys=0.00s Real=0.02s
[10.065s][info][gc,start    ] GC(25) Pause Young (Mixed) (G1 Evacuation Pause)
[10.065s][info][gc,task     ] GC(25) Using 2 workers of 2 for evacuation
[10.085s][info][gc,phases   ] GC(25)   Pre Evacuate Collection Set: 0.31ms
[10.085s][info][gc,phases   ] GC(25)   Merge Heap Roots: 0.09ms
[10.085s][info][gc,phases   ] GC(25)   Evacuate Collection Set: 19.13ms
[10.085s][info][gc,phases   ] GC(25)   Post Evacuate Collection Set: 0.48ms
[10.085s][info][gc,phases   ] GC(25)   Other: 0.10ms
[10.085s][info][gc,heap     ] GC(25) Eden regions: 137->0(145)
[10.085s][info][gc,heap     ] GC(25) Survivor regions: 14->14(19)
[10.085s][info][gc,heap     ] GC(25) Old regions: 86->78
[10.085s][info][gc,heap     ] GC(25) Humongous regions: 207->207
[10.085s][info][gc,metaspace] GC(25) Metaspace: 55346K(55680K)->55346K(55680K) NonClass: 49760K(49984K)->49760K(49984K) Class: 5586K(5696K)->5586K(5696K)
[10.085s][info][gc          ] GC(25) Pause Young (Mixed) (G1 Evacuation Pause) 443M->298M(510M) 20.266ms
[10.085s][info][gc,cpu      ] GC(25) User=0.04s Sys=0.00s Real=0.02s
[10.409s][info][gc,start    ] GC(26) Pause Young (Concurrent Start) (G1 Evacuation Pause)
[10.409s][info][gc,task     ] GC(26) Using 2 workers of 2 for evacuation
[10.428s][info][gc,phases   ] GC(26)   Pre Evacuate Collection Set: 0.29ms
[10.428s][info][gc,phases   ] GC(26)   Merge Heap Roots: 0.08ms
[10.428s][info][gc,phases   ] GC(26)   Evacuate Collection Set: 18.62ms
[10.428s][info][gc,phases   ] GC(26)   Post Evacuate Collection Set: 0.48ms
[10.428s][info][gc,phases   ] GC(26)   Other: 0.12ms
[10.428s][info][gc,heap     ] GC(26) Eden regions: 145->0(146)
[10.428s][info][gc,heap     ] GC(26) Survivor regions: 14->15(20)
[10.428s][info][gc,heap     ] GC(26) Old regions: 78->79
[10.428s][info][gc,heap     ] GC(26) Humongous regions: 207->207
[10.428s][info][gc,metaspace] GC(26) Metaspace: 55346K(55680K)->55346K(55680K) NonClass: 49760K(49984K)->49760K(49984K) Class: 5586K(5696K)->5586K(5696K)
[10.428s][info][gc          ] GC(26) Pause Young (Concurrent Start) (G1 Evacuation Pause) 443M->299M(510M) 19.751ms
[10.428s][info][gc          ] GC(27) Concurrent Mark Cycle
[10.428s][info][gc,marking  ] GC(27) Concurrent Scan Root Regions
[10.428s][info][gc,cpu      ] GC(26) User=0.04s Sys=0.00s Real=0.02s
[10.454s][info][gc,marking  ] GC(27) Concurrent Scan Root Regions 25.396ms
[10.454s][info][gc,marking  ] GC(27) Concurrent Mark
[10.454s][info][gc,marking  ] GC(27) Concurrent Mark From Roots
[10.454s][info][gc,task     ] GC(27) Using 1 workers of 1 for marking
[10.532s][info][gc,marking  ] GC(27) Concurrent Mark From Roots 77.947ms
[10.532s][info][gc,marking  ] GC(27) Concurrent Preclean
[10.532s][info][gc,marking  ] GC(27) Concurrent Preclean 0.088ms
[10.533s][info][gc,start    ] GC(27) Pause Remark
[10.540s][info][gc          ] GC(27) Pause Remark 328M->328M(510M) 7.565ms
[10.540s][info][gc,cpu      ] GC(27) User=0.01s Sys=0.00s Real=0.01s
[10.540s][info][gc,marking  ] GC(27) Concurrent Mark 86.582ms
[10.540s][info][gc,marking  ] GC(27) Concurrent Rebuild Remembered Sets and Scrub Regions
[10.571s][info][gc,marking  ] GC(27) Concurrent Rebuild Remembered Sets and Scrub Regions 30.336ms
[10.572s][info][gc,start    ] GC(27) Pause Cleanup
[10.572s][info][gc          ] GC(27) Pause Cleanup 336M->336M(510M) 0.074ms
[10.572s][info][gc,cpu      ] GC(27) User=0.00s Sys=0.00s Real=0.00s
[10.572s][info][gc,marking  ] GC(27) Concurrent Clear Claimed Marks
[10.572s][info][gc,marking  ] GC(27) Concurrent Clear Claimed Marks 0.089ms
[10.572s][info][gc,marking  ] GC(27) Concurrent Cleanup for Next Mark
[10.578s][info][gc,marking  ] GC(27) Concurrent Cleanup for Next Mark 6.265ms
[10.578s][info][gc          ] GC(27) Concurrent Mark Cycle 149.673ms
[10.815s][info][gc,start    ] GC(28) Pause Young (Prepare Mixed) (G1 Evacuation Pause)
[10.815s][info][gc,task     ] GC(28) Using 2 workers of 2 for evacuation
[10.834s][info][gc,phases   ] GC(28)   Pre Evacuate Collection Set: 0.32ms
[10.834s][info][gc,phases   ] GC(28)   Merge Heap Roots: 0.10ms
[10.834s][info][gc,phases   ] GC(28)   Evacuate Collection Set: 17.53ms
[10.834s][info][gc,phases   ] GC(28)   Post Evacuate Collection Set: 0.46ms
[10.834s][info][gc,phases   ] GC(28)   Other: 0.08ms
[10.834s][info][gc,heap     ] GC(28) Eden regions: 146->0(150)
[10.834s][info][gc,heap     ] GC(28) Survivor regions: 15->14(21)
[10.834s][info][gc,heap     ] GC(28) Old regions: 79->79
[10.834s][info][gc,heap     ] GC(28) Humongous regions: 207->207
[10.834s][info][gc,metaspace] GC(28) Metaspace: 55351K(55680K)->55351K(55680K) NonClass: 49765K(49984K)->49765K(49984K) Class: 5586K(5696K)->5586K(5696K)
[10.834s][info][gc          ] GC(28) Pause Young (Prepare Mixed) (G1 Evacuation Pause) 445M->299M(510M) 18.676ms
[10.834s][info][gc,cpu      ] GC(28) User=0.04s Sys=0.00s Real=0.02s
[11.264s][info][gc,start    ] GC(29) Pause Young (Mixed) (G1 Evacuation Pause)
[11.264s][info][gc,task     ] GC(29) Using 2 workers of 2 for evacuation
[11.289s][info][gc,phases   ] GC(29)   Pre Evacuate Collection Set: 0.31ms
[11.289s][info][gc,phases   ] GC(29)   Merge Heap Roots: 0.11ms
[11.289s][info][gc,phases   ] GC(29)   Evacuate Collection Set: 23.87ms
[11.289s][info][gc,phases   ] GC(29)   Post Evacuate Collection Set: 0.53ms
[11.289s][info][gc,phases   ] GC(29)   Other: 0.08ms
[11.289s][info][gc,heap     ] GC(29) Eden regions: 150->0(156)
[11.289s][info][gc,heap     ] GC(29) Survivor regions: 14->14(21)
[11.289s][info][gc,heap     ] GC(29) Old regions: 79->71
[11.289s][info][gc,heap     ] GC(29) Humongous regions: 207->207
[11.289s][info][gc,metaspace] GC(29) Metaspace: 55355K(55680K)->55355K(55680K) NonClass: 49769K(49984K)->49769K(49984K) Class: 5586K(5696K)->5586K(5696K)
[11.289s][info][gc          ] GC(29) Pause Young (Mixed) (G1 Evacuation Pause) 449M->291M(510M) 25.073ms
[11.289s][info][gc,cpu      ] GC(29) User=0.05s Sys=0.01s Real=0.03s
[11.626s][info][gc,start    ] GC(30) Pause Young (Concurrent Start) (G1 Evacuation Pause)
[11.627s][info][gc,task     ] GC(30) Using 2 workers of 2 for evacuation
[11.650s][info][gc,phases   ] GC(30)   Pre Evacuate Collection Set: 0.28ms
[11.650s][info][gc,phases   ] GC(30)   Merge Heap Roots: 0.10ms
[11.650s][info][gc,phases   ] GC(30)   Evacuate Collection Set: 22.19ms
[11.650s][info][gc,phases   ] GC(30)   Post Evacuate Collection Set: 0.47ms
[11.650s][info][gc,phases   ] GC(30)   Other: 0.09ms
[11.650s][info][gc,heap     ] GC(30) Eden regions: 156->0(159)
[11.650s][info][gc,heap     ] GC(30) Survivor regions: 14->14(22)
[11.650s][info][gc,heap     ] GC(30) Old regions: 71->71
[11.650s][info][gc,heap     ] GC(30) Humongous regions: 207->207
[11.650s][info][gc,metaspace] GC(30) Metaspace: 55356K(55680K)->55356K(55680K) NonClass: 49770K(49984K)->49770K(49984K) Class: 5586K(5696K)->5586K(5696K)
[11.650s][info][gc          ] GC(30) Pause Young (Concurrent Start) (G1 Evacuation Pause) 447M->291M(510M) 23.291ms
[11.650s][info][gc          ] GC(31) Concurrent Mark Cycle
[11.650s][info][gc,marking  ] GC(31) Concurrent Scan Root Regions
[11.652s][info][gc,cpu      ] GC(30) User=0.05s Sys=0.00s Real=0.03s
[11.665s][info][gc,marking  ] GC(31) Concurrent Scan Root Regions 14.945ms
[11.665s][info][gc,marking  ] GC(31) Concurrent Mark
[11.665s][info][gc,marking  ] GC(31) Concurrent Mark From Roots
[11.665s][info][gc,task     ] GC(31) Using 1 workers of 1 for marking
[11.742s][info][gc,marking  ] GC(31) Concurrent Mark From Roots 77.085ms
[11.742s][info][gc,marking  ] GC(31) Concurrent Preclean
[11.742s][info][gc,marking  ] GC(31) Concurrent Preclean 0.093ms
[11.742s][info][gc,start    ] GC(31) Pause Remark
[11.750s][info][gc          ] GC(31) Pause Remark 320M->320M(510M) 7.594ms
[11.750s][info][gc,cpu      ] GC(31) User=0.01s Sys=0.00s Real=0.01s
[11.752s][info][gc,marking  ] GC(31) Concurrent Mark 87.697ms
[11.753s][info][gc,marking  ] GC(31) Concurrent Rebuild Remembered Sets and Scrub Regions
[11.794s][info][gc,marking  ] GC(31) Concurrent Rebuild Remembered Sets and Scrub Regions 41.913ms
[11.795s][info][gc,start    ] GC(31) Pause Cleanup
[11.795s][info][gc          ] GC(31) Pause Cleanup 335M->335M(510M) 0.083ms
[11.795s][info][gc,cpu      ] GC(31) User=0.00s Sys=0.00s Real=0.00s
[11.795s][info][gc,marking  ] GC(31) Concurrent Clear Claimed Marks
[11.795s][info][gc,marking  ] GC(31) Concurrent Clear Claimed Marks 0.100ms
[11.795s][info][gc,marking  ] GC(31) Concurrent Cleanup for Next Mark
[11.801s][info][gc,marking  ] GC(31) Concurrent Cleanup for Next Mark 6.555ms
[11.801s][info][gc          ] GC(31) Concurrent Mark Cycle 151.672ms
[12.123s][info][gc,start    ] GC(32) Pause Young (Prepare Mixed) (G1 Evacuation Pause)
[12.123s][info][gc,task     ] GC(32) Using 2 workers of 2 for evacuation
[12.144s][info][gc,phases   ] GC(32)   Pre Evacuate Collection Set: 0.27ms
[12.144s][info][gc,phases   ] GC(32)   Merge Heap Roots: 0.09ms
[12.144s][info][gc,phases   ] GC(32)   Evacuate Collection Set: 20.29ms
[12.144s][info][gc,phases   ] GC(32)   Post Evacuate Collection Set: 0.50ms
[12.144s][info][gc,phases   ] GC(32)   Other: 0.07ms
[12.144s][info][gc,heap     ] GC(32) Eden regions: 159->0(161)
[12.144s][info][gc,heap     ] GC(32) Survivor regions: 14->14(22)
[12.144s][info][gc,heap     ] GC(32) Old regions: 71->71
[12.144s][info][gc,heap     ] GC(32) Humongous regions: 207->207
[12.144s][info][gc,metaspace] GC(32) Metaspace: 55357K(55680K)->55357K(55680K) NonClass: 49771K(49984K)->49771K(49984K) Class: 5586K(5696K)->5586K(5696K)
[12.144s][info][gc          ] GC(32) Pause Young (Prepare Mixed) (G1 Evacuation Pause) 450M->291M(510M) 21.400ms
[12.144s][info][gc,cpu      ] GC(32) User=0.04s Sys=0.00s Real=0.02s
[12.514s][info][gc,start    ] GC(33) Pause Young (Mixed) (G1 Evacuation Pause)
[12.514s][info][gc,task     ] GC(33) Using 2 workers of 2 for evacuation
[12.536s][info][gc,phases   ] GC(33)   Pre Evacuate Collection Set: 0.27ms
[12.536s][info][gc,phases   ] GC(33)   Merge Heap Roots: 0.10ms
[12.536s][info][gc,phases   ] GC(33)   Evacuate Collection Set: 20.78ms
[12.536s][info][gc,phases   ] GC(33)   Post Evacuate Collection Set: 0.49ms
[12.536s][info][gc,phases   ] GC(33)   Other: 0.08ms
[12.536s][info][gc,heap     ] GC(33) Eden regions: 161->0(165)
[12.536s][info][gc,heap     ] GC(33) Survivor regions: 14->14(22)
[12.536s][info][gc,heap     ] GC(33) Old regions: 71->68
[12.536s][info][gc,heap     ] GC(33) Humongous regions: 207->207
[12.536s][info][gc,metaspace] GC(33) Metaspace: 55357K(55680K)->55357K(55680K) NonClass: 49771K(49984K)->49771K(49984K) Class: 5586K(5696K)->5586K(5696K)
[12.536s][info][gc          ] GC(33) Pause Young (Mixed) (G1 Evacuation Pause) 452M->288M(510M) 21.874ms
[12.536s][info][gc,cpu      ] GC(33) User=0.05s Sys=0.00s Real=0.02s
[13.052s][info][gc,start    ] GC(34) Pause Young (Concurrent Start) (G1 Evacuation Pause)
[13.052s][info][gc,task     ] GC(34) Using 2 workers of 2 for evacuation
[13.059s][info][gc,phases   ] GC(34)   Pre Evacuate Collection Set: 0.27ms
[13.059s][info][gc,phases   ] GC(34)   Merge Heap Roots: 0.08ms
[13.059s][info][gc,phases   ] GC(34)   Evacuate Collection Set: 5.70ms
[13.059s][info][gc,phases   ] GC(34)   Post Evacuate Collection Set: 0.45ms
[13.059s][info][gc,phases   ] GC(34)   Other: 0.09ms
[13.059s][info][gc,heap     ] GC(34) Eden regions: 165->0(175)
[13.059s][info][gc,heap     ] GC(34) Survivor regions: 14->3(23)
[13.059s][info][gc,heap     ] GC(34) Old regions: 68->68
[13.059s][info][gc,heap     ] GC(34) Humongous regions: 207->207
[13.059s][info][gc,metaspace] GC(34) Metaspace: 55361K(55680K)->55361K(55680K) NonClass: 49775K(49984K)->49775K(49984K) Class: 5586K(5696K)->5586K(5696K)
[13.059s][info][gc          ] GC(34) Pause Young (Concurrent Start) (G1 Evacuation Pause) 453M->277M(510M) 6.747ms
[13.059s][info][gc,cpu      ] GC(34) User=0.01s Sys=0.00s Real=0.01s
[13.059s][info][gc          ] GC(35) Concurrent Mark Cycle
[13.059s][info][gc,marking  ] GC(35) Concurrent Scan Root Regions
[13.067s][info][gc,marking  ] GC(35) Concurrent Scan Root Regions 8.222ms
[13.067s][info][gc,marking  ] GC(35) Concurrent Mark
[13.067s][info][gc,marking  ] GC(35) Concurrent Mark From Roots
[13.067s][info][gc,task     ] GC(35) Using 1 workers of 1 for marking
[13.142s][info][gc,marking  ] GC(35) Concurrent Mark From Roots 75.011ms
[13.142s][info][gc,marking  ] GC(35) Concurrent Preclean
[13.142s][info][gc,marking  ] GC(35) Concurrent Preclean 0.069ms
[13.142s][info][gc,start    ] GC(35) Pause Remark
[13.150s][info][gc          ] GC(35) Pause Remark 300M->300M(510M) 7.832ms
[13.150s][info][gc,cpu      ] GC(35) User=0.02s Sys=0.00s Real=0.01s
[13.151s][info][gc,marking  ] GC(35) Concurrent Mark 84.310ms
[13.151s][info][gc,marking  ] GC(35) Concurrent Rebuild Remembered Sets and Scrub Regions
[13.186s][info][gc,marking  ] GC(35) Concurrent Rebuild Remembered Sets and Scrub Regions 34.769ms
[13.187s][info][gc,start    ] GC(35) Pause Cleanup
[13.187s][info][gc          ] GC(35) Pause Cleanup 318M->318M(510M) 0.071ms
[13.187s][info][gc,cpu      ] GC(35) User=0.00s Sys=0.00s Real=0.00s
[13.187s][info][gc,marking  ] GC(35) Concurrent Clear Claimed Marks
[13.187s][info][gc,marking  ] GC(35) Concurrent Clear Claimed Marks 0.081ms
[13.187s][info][gc,marking  ] GC(35) Concurrent Cleanup for Next Mark
[13.189s][info][gc,marking  ] GC(35) Concurrent Cleanup for Next Mark 1.679ms
[13.189s][info][gc          ] GC(35) Concurrent Mark Cycle 130.360ms
[13.481s][info][gc,start    ] GC(36) Pause Young (Prepare Mixed) (G1 Evacuation Pause)
[13.481s][info][gc,task     ] GC(36) Using 2 workers of 2 for evacuation
[13.487s][info][gc,phases   ] GC(36)   Pre Evacuate Collection Set: 0.29ms
[13.487s][info][gc,phases   ] GC(36)   Merge Heap Roots: 0.12ms
[13.487s][info][gc,phases   ] GC(36)   Evacuate Collection Set: 5.27ms
[13.487s][info][gc,phases   ] GC(36)   Post Evacuate Collection Set: 0.43ms
[13.487s][info][gc,phases   ] GC(36)   Other: 0.09ms
[13.487s][info][gc,heap     ] GC(36) Eden regions: 175->0(179)
[13.487s][info][gc,heap     ] GC(36) Survivor regions: 3->3(23)
[13.487s][info][gc,heap     ] GC(36) Old regions: 68->68
[13.487s][info][gc,heap     ] GC(36) Humongous regions: 207->207
[13.487s][info][gc,metaspace] GC(36) Metaspace: 55362K(55680K)->55362K(55680K) NonClass: 49776K(49984K)->49776K(49984K) Class: 5586K(5696K)->5586K(5696K)
[13.487s][info][gc          ] GC(36) Pause Young (Prepare Mixed) (G1 Evacuation Pause) 452M->277M(510M) 6.381ms
[13.487s][info][gc,cpu      ] GC(36) User=0.02s Sys=0.00s Real=0.00s
[14.030s][info][gc,start    ] GC(37) Pause Young (Mixed) (G1 Evacuation Pause)
[14.030s][info][gc,task     ] GC(37) Using 2 workers of 2 for evacuation
[14.036s][info][gc,phases   ] GC(37)   Pre Evacuate Collection Set: 0.24ms
[14.036s][info][gc,phases   ] GC(37)   Merge Heap Roots: 0.10ms
[14.036s][info][gc,phases   ] GC(37)   Evacuate Collection Set: 4.64ms
[14.036s][info][gc,phases   ] GC(37)   Post Evacuate Collection Set: 0.69ms
[14.036s][info][gc,phases   ] GC(37)   Other: 0.08ms
[14.036s][info][gc,heap     ] GC(37) Eden regions: 179->0(186)
[14.036s][info][gc,heap     ] GC(37) Survivor regions: 3->2(23)
[14.036s][info][gc,heap     ] GC(37) Old regions: 68->66
[14.036s][info][gc,heap     ] GC(37) Humongous regions: 207->207
[14.036s][info][gc,metaspace] GC(37) Metaspace: 55378K(55680K)->55378K(55680K) NonClass: 49788K(49984K)->49788K(49984K) Class: 5590K(5696K)->5590K(5696K)
[14.036s][info][gc          ] GC(37) Pause Young (Mixed) (G1 Evacuation Pause) 456M->274M(510M) 5.895ms
[14.036s][info][gc,cpu      ] GC(37) User=0.01s Sys=0.00s Real=0.00s
[14.486s][info][gc,start    ] GC(38) Pause Young (Concurrent Start) (G1 Evacuation Pause)
[14.486s][info][gc,task     ] GC(38) Using 2 workers of 2 for evacuation
[14.491s][info][gc,phases   ] GC(38)   Pre Evacuate Collection Set: 0.32ms
[14.491s][info][gc,phases   ] GC(38)   Merge Heap Roots: 0.13ms
[14.491s][info][gc,phases   ] GC(38)   Evacuate Collection Set: 3.45ms
[14.491s][info][gc,phases   ] GC(38)   Post Evacuate Collection Set: 0.66ms
[14.491s][info][gc,phases   ] GC(38)   Other: 0.14ms
[14.491s][info][gc,heap     ] GC(38) Eden regions: 186->0(190)
[14.491s][info][gc,heap     ] GC(38) Survivor regions: 2->2(24)
[14.491s][info][gc,heap     ] GC(38) Old regions: 66->66
[14.491s][info][gc,heap     ] GC(38) Humongous regions: 207->207
[14.491s][info][gc,metaspace] GC(38) Metaspace: 55381K(55680K)->55381K(55680K) NonClass: 49791K(49984K)->49791K(49984K) Class: 5590K(5696K)->5590K(5696K)
[14.491s][info][gc          ] GC(38) Pause Young (Concurrent Start) (G1 Evacuation Pause) 460M->274M(510M) 4.866ms
[14.491s][info][gc,cpu      ] GC(38) User=0.01s Sys=0.00s Real=0.01s
[14.492s][info][gc          ] GC(39) Concurrent Mark Cycle
[14.492s][info][gc,marking  ] GC(39) Concurrent Scan Root Regions
[14.498s][info][gc,marking  ] GC(39) Concurrent Scan Root Regions 5.976ms
[14.498s][info][gc,marking  ] GC(39) Concurrent Mark
[14.498s][info][gc,marking  ] GC(39) Concurrent Mark From Roots
[14.498s][info][gc,task     ] GC(39) Using 1 workers of 1 for marking
[14.601s][info][gc,marking  ] GC(39) Concurrent Mark From Roots 102.781ms
[14.601s][info][gc,marking  ] GC(39) Concurrent Preclean
[14.601s][info][gc,marking  ] GC(39) Concurrent Preclean 0.074ms
[14.601s][info][gc,start    ] GC(39) Pause Remark
[14.610s][info][gc          ] GC(39) Pause Remark 313M->313M(510M) 8.382ms
[14.610s][info][gc,cpu      ] GC(39) User=0.02s Sys=0.00s Real=0.01s
[14.612s][info][gc,marking  ] GC(39) Concurrent Mark 113.923ms
[14.612s][info][gc,marking  ] GC(39) Concurrent Rebuild Remembered Sets and Scrub Regions
[14.650s][info][gc,marking  ] GC(39) Concurrent Rebuild Remembered Sets and Scrub Regions 37.833ms
[14.651s][info][gc,start    ] GC(39) Pause Cleanup
[14.651s][info][gc          ] GC(39) Pause Cleanup 330M->330M(510M) 0.078ms
[14.651s][info][gc,cpu      ] GC(39) User=0.00s Sys=0.00s Real=0.00s
[14.651s][info][gc,marking  ] GC(39) Concurrent Clear Claimed Marks
[14.651s][info][gc,marking  ] GC(39) Concurrent Clear Claimed Marks 0.096ms
[14.651s][info][gc,marking  ] GC(39) Concurrent Cleanup for Next Mark
[14.655s][info][gc,marking  ] GC(39) Concurrent Cleanup for Next Mark 3.652ms
[14.655s][info][gc          ] GC(39) Concurrent Mark Cycle 162.634ms
[14.952s][info][gc,start    ] GC(40) Pause Young (Prepare Mixed) (G1 Evacuation Pause)
[14.952s][info][gc,task     ] GC(40) Using 2 workers of 2 for evacuation
[14.957s][info][gc,phases   ] GC(40)   Pre Evacuate Collection Set: 0.24ms
[14.957s][info][gc,phases   ] GC(40)   Merge Heap Roots: 0.09ms
[14.957s][info][gc,phases   ] GC(40)   Evacuate Collection Set: 4.72ms
[14.957s][info][gc,phases   ] GC(40)   Post Evacuate Collection Set: 0.49ms
[14.957s][info][gc,phases   ] GC(40)   Other: 0.10ms
[14.957s][info][gc,heap     ] GC(40) Eden regions: 190->0(193)
[14.958s][info][gc,heap     ] GC(40) Survivor regions: 2->4(24)
[14.958s][info][gc,heap     ] GC(40) Old regions: 66->66
[14.958s][info][gc,heap     ] GC(40) Humongous regions: 207->207
[14.958s][info][gc,metaspace] GC(40) Metaspace: 55381K(55680K)->55381K(55680K) NonClass: 49791K(49984K)->49791K(49984K) Class: 5590K(5696K)->5590K(5696K)
[14.958s][info][gc          ] GC(40) Pause Young (Prepare Mixed) (G1 Evacuation Pause) 464M->276M(510M) 5.813ms
[14.958s][info][gc,cpu      ] GC(40) User=0.01s Sys=0.00s Real=0.00s
[15.507s][info][gc,start    ] GC(41) Pause Young (Mixed) (G1 Evacuation Pause)
[15.507s][info][gc,task     ] GC(41) Using 2 workers of 2 for evacuation
[15.518s][info][gc,phases   ] GC(41)   Pre Evacuate Collection Set: 0.28ms
[15.518s][info][gc,phases   ] GC(41)   Merge Heap Roots: 0.08ms
[15.518s][info][gc,phases   ] GC(41)   Evacuate Collection Set: 9.32ms
[15.518s][info][gc,phases   ] GC(41)   Post Evacuate Collection Set: 0.48ms
[15.518s][info][gc,phases   ] GC(41)   Other: 0.10ms
[15.518s][info][gc,heap     ] GC(41) Eden regions: 193->0(196)
[15.518s][info][gc,heap     ] GC(41) Survivor regions: 4->5(25)
[15.518s][info][gc,heap     ] GC(41) Old regions: 66->65
[15.518s][info][gc,heap     ] GC(41) Humongous regions: 207->207
[15.518s][info][gc,metaspace] GC(41) Metaspace: 55382K(55680K)->55382K(55680K) NonClass: 49791K(49984K)->49791K(49984K) Class: 5590K(5696K)->5590K(5696K)
[15.518s][info][gc          ] GC(41) Pause Young (Mixed) (G1 Evacuation Pause) 469M->275M(510M) 10.450ms
[15.518s][info][gc,cpu      ] GC(41) User=0.02s Sys=0.00s Real=0.01s
[15.937s][info][gc,start    ] GC(42) Pause Young (Concurrent Start) (G1 Evacuation Pause)
[15.937s][info][gc,task     ] GC(42) Using 2 workers of 2 for evacuation
[15.942s][info][gc,phases   ] GC(42)   Pre Evacuate Collection Set: 0.28ms
[15.942s][info][gc,phases   ] GC(42)   Merge Heap Roots: 0.09ms
[15.942s][info][gc,phases   ] GC(42)   Evacuate Collection Set: 3.54ms
[15.942s][info][gc,phases   ] GC(42)   Post Evacuate Collection Set: 0.49ms
[15.942s][info][gc,phases   ] GC(42)   Other: 0.12ms
[15.942s][info][gc,heap     ] GC(42) Eden regions: 196->0(201)
[15.942s][info][gc,heap     ] GC(42) Survivor regions: 5->2(26)
[15.942s][info][gc,heap     ] GC(42) Old regions: 65->65
[15.942s][info][gc,heap     ] GC(42) Humongous regions: 207->207
[15.942s][info][gc,metaspace] GC(42) Metaspace: 55382K(55680K)->55382K(55680K) NonClass: 49791K(49984K)->49791K(49984K) Class: 5590K(5696K)->5590K(5696K)
[15.942s][info][gc          ] GC(42) Pause Young (Concurrent Start) (G1 Evacuation Pause) 471M->273M(510M) 4.685ms
[15.942s][info][gc          ] GC(43) Concurrent Mark Cycle
[15.942s][info][gc,marking  ] GC(43) Concurrent Scan Root Regions
[15.942s][info][gc,cpu      ] GC(42) User=0.01s Sys=0.00s Real=0.01s
[15.951s][info][gc,marking  ] GC(43) Concurrent Scan Root Regions 8.559ms
[15.951s][info][gc,marking  ] GC(43) Concurrent Mark
[15.951s][info][gc,marking  ] GC(43) Concurrent Mark From Roots
[15.951s][info][gc,task     ] GC(43) Using 1 workers of 1 for marking
[16.040s][info][gc,marking  ] GC(43) Concurrent Mark From Roots 89.445ms
[16.040s][info][gc,marking  ] GC(43) Concurrent Preclean
[16.040s][info][gc,marking  ] GC(43) Concurrent Preclean 0.068ms
[16.042s][info][gc,start    ] GC(43) Pause Remark
[16.050s][info][gc          ] GC(43) Pause Remark 308M->308M(510M) 8.019ms
[16.050s][info][gc,cpu      ] GC(43) User=0.02s Sys=0.00s Real=0.01s
[16.052s][info][gc,marking  ] GC(43) Concurrent Mark 101.017ms
[16.052s][info][gc,marking  ] GC(43) Concurrent Rebuild Remembered Sets and Scrub Regions
[16.078s][info][gc,marking  ] GC(43) Concurrent Rebuild Remembered Sets and Scrub Regions 25.923ms
[16.078s][info][gc,start    ] GC(43) Pause Cleanup
[16.078s][info][gc          ] GC(43) Pause Cleanup 323M->323M(510M) 0.067ms
[16.078s][info][gc,cpu      ] GC(43) User=0.00s Sys=0.00s Real=0.01s
[16.078s][info][gc,marking  ] GC(43) Concurrent Clear Claimed Marks
[16.078s][info][gc,marking  ] GC(43) Concurrent Clear Claimed Marks 0.095ms
[16.078s][info][gc,marking  ] GC(43) Concurrent Cleanup for Next Mark
[16.081s][info][gc,marking  ] GC(43) Concurrent Cleanup for Next Mark 2.810ms
[16.081s][info][gc          ] GC(43) Concurrent Mark Cycle 139.112ms
[16.550s][info][gc,start    ] GC(44) Pause Young (Prepare Mixed) (G1 Evacuation Pause)
[16.550s][info][gc,task     ] GC(44) Using 2 workers of 2 for evacuation
[16.576s][info][gc,phases   ] GC(44)   Pre Evacuate Collection Set: 2.82ms
[16.576s][info][gc,phases   ] GC(44)   Merge Heap Roots: 0.12ms
[16.576s][info][gc,phases   ] GC(44)   Evacuate Collection Set: 19.50ms
[16.576s][info][gc,phases   ] GC(44)   Post Evacuate Collection Set: 4.21ms
[16.576s][info][gc,phases   ] GC(44)   Other: 0.10ms
[16.576s][info][gc,heap     ] GC(44) Eden regions: 201->0(202)
[16.576s][info][gc,heap     ] GC(44) Survivor regions: 2->4(26)
[16.576s][info][gc,heap     ] GC(44) Old regions: 65->65
[16.576s][info][gc,heap     ] GC(44) Humongous regions: 207->207
[16.576s][info][gc,metaspace] GC(44) Metaspace: 55382K(55680K)->55382K(55680K) NonClass: 49791K(49984K)->49791K(49984K) Class: 5590K(5696K)->5590K(5696K)
[16.576s][info][gc          ] GC(44) Pause Young (Prepare Mixed) (G1 Evacuation Pause) 474M->275M(510M) 26.929ms
[16.577s][info][gc,cpu      ] GC(44) User=0.01s Sys=0.00s Real=0.02s
[17.036s][info][gc,start    ] GC(45) Pause Young (Mixed) (G1 Evacuation Pause)
[17.037s][info][gc,task     ] GC(45) Using 2 workers of 2 for evacuation
[17.043s][info][gc,phases   ] GC(45)   Pre Evacuate Collection Set: 0.26ms
[17.043s][info][gc,phases   ] GC(45)   Merge Heap Roots: 0.09ms
[17.043s][info][gc,phases   ] GC(45)   Evacuate Collection Set: 5.79ms
[17.043s][info][gc,phases   ] GC(45)   Post Evacuate Collection Set: 0.50ms
[17.043s][info][gc,phases   ] GC(45)   Other: 0.07ms
[17.043s][info][gc,heap     ] GC(45) Eden regions: 202->0(206)
[17.043s][info][gc,heap     ] GC(45) Survivor regions: 4->4(26)
[17.043s][info][gc,heap     ] GC(45) Old regions: 65->63
[17.043s][info][gc,heap     ] GC(45) Humongous regions: 207->207
[17.043s][info][gc,metaspace] GC(45) Metaspace: 55382K(55680K)->55382K(55680K) NonClass: 49791K(49984K)->49791K(49984K) Class: 5590K(5696K)->5590K(5696K)
[17.043s][info][gc          ] GC(45) Pause Young (Mixed) (G1 Evacuation Pause) 477M->273M(510M) 6.877ms
[17.043s][info][gc,cpu      ] GC(45) User=0.01s Sys=0.00s Real=0.01s
[17.547s][info][gc,start    ] GC(46) Pause Young (Concurrent Start) (G1 Evacuation Pause)
[17.547s][info][gc,task     ] GC(46) Using 2 workers of 2 for evacuation
[17.554s][info][gc,phases   ] GC(46)   Pre Evacuate Collection Set: 0.27ms
[17.554s][info][gc,phases   ] GC(46)   Merge Heap Roots: 0.08ms
[17.554s][info][gc,phases   ] GC(46)   Evacuate Collection Set: 5.91ms
[17.554s][info][gc,phases   ] GC(46)   Post Evacuate Collection Set: 0.51ms
[17.554s][info][gc,phases   ] GC(46)   Other: 0.09ms
[17.554s][info][gc,heap     ] GC(46) Eden regions: 206->0(206)
[17.554s][info][gc,heap     ] GC(46) Survivor regions: 4->4(27)
[17.554s][info][gc,heap     ] GC(46) Old regions: 63->63
[17.554s][info][gc,heap     ] GC(46) Humongous regions: 207->207
[17.554s][info][gc,metaspace] GC(46) Metaspace: 55382K(55680K)->55382K(55680K) NonClass: 49791K(49984K)->49791K(49984K) Class: 5590K(5696K)->5590K(5696K)
[17.554s][info][gc          ] GC(46) Pause Young (Concurrent Start) (G1 Evacuation Pause) 479M->273M(510M) 7.009ms
[17.554s][info][gc,cpu      ] GC(46) User=0.01s Sys=0.00s Real=0.01s
[17.554s][info][gc          ] GC(47) Concurrent Mark Cycle
[17.555s][info][gc,marking  ] GC(47) Concurrent Scan Root Regions
[17.566s][info][gc,marking  ] GC(47) Concurrent Scan Root Regions 11.217ms
[17.566s][info][gc,marking  ] GC(47) Concurrent Mark
[17.566s][info][gc,marking  ] GC(47) Concurrent Mark From Roots
[17.566s][info][gc,task     ] GC(47) Using 1 workers of 1 for marking
[17.656s][info][gc,marking  ] GC(47) Concurrent Mark From Roots 89.395ms
[17.656s][info][gc,marking  ] GC(47) Concurrent Preclean
[17.656s][info][gc,marking  ] GC(47) Concurrent Preclean 0.064ms
[17.659s][info][gc,start    ] GC(47) Pause Remark
[17.667s][info][gc          ] GC(47) Pause Remark 305M->305M(510M) 8.005ms
[17.667s][info][gc,cpu      ] GC(47) User=0.02s Sys=0.00s Real=0.00s
[17.668s][info][gc,marking  ] GC(47) Concurrent Mark 102.246ms
[17.668s][info][gc,marking  ] GC(47) Concurrent Rebuild Remembered Sets and Scrub Regions
[17.711s][info][gc,marking  ] GC(47) Concurrent Rebuild Remembered Sets and Scrub Regions 42.138ms
[17.711s][info][gc,start    ] GC(47) Pause Cleanup
[17.711s][info][gc          ] GC(47) Pause Cleanup 320M->320M(510M) 0.067ms
[17.711s][info][gc,cpu      ] GC(47) User=0.00s Sys=0.00s Real=0.00s
[17.711s][info][gc,marking  ] GC(47) Concurrent Clear Claimed Marks
[17.711s][info][gc,marking  ] GC(47) Concurrent Clear Claimed Marks 0.091ms
[17.711s][info][gc,marking  ] GC(47) Concurrent Cleanup for Next Mark
[17.714s][info][gc,marking  ] GC(47) Concurrent Cleanup for Next Mark 3.075ms
[17.714s][info][gc          ] GC(47) Concurrent Mark Cycle 160.257ms
[18.058s][info][gc,start    ] GC(48) Pause Young (Prepare Mixed) (G1 Evacuation Pause)
[18.058s][info][gc,task     ] GC(48) Using 2 workers of 2 for evacuation
[18.063s][info][gc,phases   ] GC(48)   Pre Evacuate Collection Set: 0.24ms
[18.063s][info][gc,phases   ] GC(48)   Merge Heap Roots: 0.09ms
[18.063s][info][gc,phases   ] GC(48)   Evacuate Collection Set: 3.83ms
[18.063s][info][gc,phases   ] GC(48)   Post Evacuate Collection Set: 0.52ms
[18.063s][info][gc,phases   ] GC(48)   Other: 0.07ms
[18.063s][info][gc,heap     ] GC(48) Eden regions: 206->0(210)
[18.063s][info][gc,heap     ] GC(48) Survivor regions: 4->2(27)
[18.063s][info][gc,heap     ] GC(48) Old regions: 63->63
[18.063s][info][gc,heap     ] GC(48) Humongous regions: 207->207
[18.063s][info][gc,metaspace] GC(48) Metaspace: 55382K(55680K)->55382K(55680K) NonClass: 49791K(49984K)->49791K(49984K) Class: 5590K(5696K)->5590K(5696K)
[18.063s][info][gc          ] GC(48) Pause Young (Prepare Mixed) (G1 Evacuation Pause) 479M->271M(510M) 4.931ms
[18.063s][info][gc,cpu      ] GC(48) User=0.01s Sys=0.00s Real=0.00s
[18.610s][info][gc,start    ] GC(49) Pause Young (Mixed) (G1 Evacuation Pause)
[18.610s][info][gc,task     ] GC(49) Using 2 workers of 2 for evacuation
[18.615s][info][gc,phases   ] GC(49)   Pre Evacuate Collection Set: 0.25ms
[18.615s][info][gc,phases   ] GC(49)   Merge Heap Roots: 0.10ms
[18.615s][info][gc,phases   ] GC(49)   Evacuate Collection Set: 4.03ms
[18.615s][info][gc,phases   ] GC(49)   Post Evacuate Collection Set: 0.55ms
[18.615s][info][gc,phases   ] GC(49)   Other: 0.09ms
[18.615s][info][gc,heap     ] GC(49) Eden regions: 210->0(211)
[18.615s][info][gc,heap     ] GC(49) Survivor regions: 2->2(27)
[18.615s][info][gc,heap     ] GC(49) Old regions: 63->62
[18.615s][info][gc,heap     ] GC(49) Humongous regions: 207->207
[18.615s][info][gc,metaspace] GC(49) Metaspace: 55399K(55744K)->55399K(55744K) NonClass: 49805K(50048K)->49805K(50048K) Class: 5593K(5696K)->5593K(5696K)
[18.615s][info][gc          ] GC(49) Pause Young (Mixed) (G1 Evacuation Pause) 481M->270M(510M) 5.196ms
[18.615s][info][gc,cpu      ] GC(49) User=0.01s Sys=0.00s Real=0.00s
[19.164s][info][gc,start    ] GC(50) Pause Young (Concurrent Start) (G1 Evacuation Pause)
[19.164s][info][gc,task     ] GC(50) Using 2 workers of 2 for evacuation
[19.169s][info][gc,phases   ] GC(50)   Pre Evacuate Collection Set: 0.28ms
[19.169s][info][gc,phases   ] GC(50)   Merge Heap Roots: 0.13ms
[19.169s][info][gc,phases   ] GC(50)   Evacuate Collection Set: 4.25ms
[19.170s][info][gc,phases   ] GC(50)   Post Evacuate Collection Set: 0.48ms
[19.170s][info][gc,phases   ] GC(50)   Other: 0.09ms
[19.170s][info][gc,heap     ] GC(50) Eden regions: 211->0(209)
[19.170s][info][gc,heap     ] GC(50) Survivor regions: 2->3(27)
[19.170s][info][gc,heap     ] GC(50) Old regions: 62->62
[19.170s][info][gc,heap     ] GC(50) Humongous regions: 207->207
[19.170s][info][gc,metaspace] GC(50) Metaspace: 55409K(55744K)->55409K(55744K) NonClass: 49815K(50048K)->49815K(50048K) Class: 5593K(5696K)->5593K(5696K)
[19.170s][info][gc          ] GC(50) Pause Young (Concurrent Start) (G1 Evacuation Pause) 481M->271M(510M) 5.411ms
[19.170s][info][gc          ] GC(51) Concurrent Mark Cycle
[19.170s][info][gc,marking  ] GC(51) Concurrent Scan Root Regions
[19.171s][info][gc,cpu      ] GC(50) User=0.01s Sys=0.00s Real=0.01s
[19.173s][info][gc,marking  ] GC(51) Concurrent Scan Root Regions 3.177ms
[19.173s][info][gc,marking  ] GC(51) Concurrent Mark
[19.173s][info][gc,marking  ] GC(51) Concurrent Mark From Roots
[19.173s][info][gc,task     ] GC(51) Using 1 workers of 1 for marking
[19.231s][info][gc,marking  ] GC(51) Concurrent Mark From Roots 58.258ms
[19.231s][info][gc,marking  ] GC(51) Concurrent Preclean
[19.231s][info][gc,marking  ] GC(51) Concurrent Preclean 0.292ms
[19.232s][info][gc,start    ] GC(51) Pause Remark
[19.239s][info][gc          ] GC(51) Pause Remark 300M->300M(510M) 7.427ms
[19.239s][info][gc,cpu      ] GC(51) User=0.01s Sys=0.00s Real=0.01s
[19.240s][info][gc,marking  ] GC(51) Concurrent Mark 67.314ms
[19.240s][info][gc,marking  ] GC(51) Concurrent Rebuild Remembered Sets and Scrub Regions
[19.260s][info][gc,marking  ] GC(51) Concurrent Rebuild Remembered Sets and Scrub Regions 19.644ms
[19.260s][info][gc,start    ] GC(51) Pause Cleanup
[19.260s][info][gc          ] GC(51) Pause Cleanup 310M->310M(510M) 0.062ms
[19.260s][info][gc,cpu      ] GC(51) User=0.00s Sys=0.00s Real=0.00s
[19.260s][info][gc,marking  ] GC(51) Concurrent Clear Claimed Marks
[19.260s][info][gc,marking  ] GC(51) Concurrent Clear Claimed Marks 0.095ms
[19.260s][info][gc,marking  ] GC(51) Concurrent Cleanup for Next Mark
[19.262s][info][gc,marking  ] GC(51) Concurrent Cleanup for Next Mark 1.668ms
[19.262s][info][gc          ] GC(51) Concurrent Mark Cycle 92.263ms
[19.626s][info][gc,start    ] GC(52) Pause Young (Prepare Mixed) (G1 Evacuation Pause)
[19.626s][info][gc,task     ] GC(52) Using 2 workers of 2 for evacuation
[19.632s][info][gc,phases   ] GC(52)   Pre Evacuate Collection Set: 0.23ms
[19.632s][info][gc,phases   ] GC(52)   Merge Heap Roots: 0.10ms
[19.632s][info][gc,phases   ] GC(52)   Evacuate Collection Set: 5.40ms
[19.632s][info][gc,phases   ] GC(52)   Post Evacuate Collection Set: 0.52ms
[19.632s][info][gc,phases   ] GC(52)   Other: 0.09ms
[19.632s][info][gc,heap     ] GC(52) Eden regions: 209->0(207)
[19.632s][info][gc,heap     ] GC(52) Survivor regions: 3->4(27)
[19.632s][info][gc,heap     ] GC(52) Old regions: 62->62
[19.632s][info][gc,heap     ] GC(52) Humongous regions: 207->207
[19.632s][info][gc,metaspace] GC(52) Metaspace: 55410K(55744K)->55410K(55744K) NonClass: 49817K(50048K)->49817K(50048K) Class: 5593K(5696K)->5593K(5696K)
[19.632s][info][gc          ] GC(52) Pause Young (Prepare Mixed) (G1 Evacuation Pause) 480M->272M(510M) 6.501ms
[19.632s][info][gc,cpu      ] GC(52) User=0.01s Sys=0.00s Real=0.01s
[20.129s][info][gc,start    ] GC(53) Pause Young (Mixed) (G1 Evacuation Pause)
[20.129s][info][gc,task     ] GC(53) Using 2 workers of 2 for evacuation
[20.135s][info][gc,phases   ] GC(53)   Pre Evacuate Collection Set: 0.25ms
[20.135s][info][gc,phases   ] GC(53)   Merge Heap Roots: 0.09ms
[20.135s][info][gc,phases   ] GC(53)   Evacuate Collection Set: 5.51ms
[20.135s][info][gc,phases   ] GC(53)   Post Evacuate Collection Set: 0.50ms
[20.135s][info][gc,phases   ] GC(53)   Other: 0.07ms
[20.135s][info][gc,heap     ] GC(53) Eden regions: 207->0(206)
[20.135s][info][gc,heap     ] GC(53) Survivor regions: 4->5(27)
[20.135s][info][gc,heap     ] GC(53) Old regions: 62->61
[20.135s][info][gc,heap     ] GC(53) Humongous regions: 207->207
[20.135s][info][gc,metaspace] GC(53) Metaspace: 55410K(55744K)->55410K(55744K) NonClass: 49817K(50048K)->49817K(50048K) Class: 5593K(5696K)->5593K(5696K)
[20.135s][info][gc          ] GC(53) Pause Young (Mixed) (G1 Evacuation Pause) 479M->271M(510M) 6.616ms
[20.135s][info][gc,cpu      ] GC(53) User=0.01s Sys=0.00s Real=0.00s
[20.634s][info][gc,start    ] GC(54) Pause Young (Concurrent Start) (G1 Evacuation Pause)
[20.634s][info][gc,task     ] GC(54) Using 2 workers of 2 for evacuation
[20.641s][info][gc,phases   ] GC(54)   Pre Evacuate Collection Set: 0.28ms
[20.641s][info][gc,phases   ] GC(54)   Merge Heap Roots: 0.08ms
[20.641s][info][gc,phases   ] GC(54)   Evacuate Collection Set: 5.25ms
[20.641s][info][gc,phases   ] GC(54)   Post Evacuate Collection Set: 0.50ms
[20.641s][info][gc,phases   ] GC(54)   Other: 0.09ms
[20.641s][info][gc,heap     ] GC(54) Eden regions: 206->0(208)
[20.641s][info][gc,heap     ] GC(54) Survivor regions: 5->4(27)
[20.641s][info][gc,heap     ] GC(54) Old regions: 61->61
[20.641s][info][gc,heap     ] GC(54) Humongous regions: 207->207
[20.641s][info][gc,metaspace] GC(54) Metaspace: 55410K(55744K)->55410K(55744K) NonClass: 49817K(50048K)->49817K(50048K) Class: 5593K(5696K)->5593K(5696K)
[20.641s][info][gc          ] GC(54) Pause Young (Concurrent Start) (G1 Evacuation Pause) 477M->271M(510M) 6.373ms
[20.641s][info][gc,cpu      ] GC(54) User=0.01s Sys=0.00s Real=0.01s
[20.641s][info][gc          ] GC(55) Concurrent Mark Cycle
[20.642s][info][gc,marking  ] GC(55) Concurrent Scan Root Regions
[20.650s][info][gc,marking  ] GC(55) Concurrent Scan Root Regions 8.313ms
[20.650s][info][gc,marking  ] GC(55) Concurrent Mark
[20.650s][info][gc,marking  ] GC(55) Concurrent Mark From Roots
[20.650s][info][gc,task     ] GC(55) Using 1 workers of 1 for marking
[20.694s][info][gc,marking  ] GC(55) Concurrent Mark From Roots 43.964ms
[20.694s][info][gc,marking  ] GC(55) Concurrent Preclean
[20.694s][info][gc,marking  ] GC(55) Concurrent Preclean 0.075ms
[20.694s][info][gc,start    ] GC(55) Pause Remark
[20.701s][info][gc          ] GC(55) Pause Remark 287M->287M(510M) 7.348ms
[20.701s][info][gc,cpu      ] GC(55) User=0.01s Sys=0.00s Real=0.01s
[20.702s][info][gc,marking  ] GC(55) Concurrent Mark 51.955ms
[20.702s][info][gc,marking  ] GC(55) Concurrent Rebuild Remembered Sets and Scrub Regions
[20.718s][info][gc,marking  ] GC(55) Concurrent Rebuild Remembered Sets and Scrub Regions 16.276ms
[20.718s][info][gc,start    ] GC(55) Pause Cleanup
[20.718s][info][gc          ] GC(55) Pause Cleanup 294M->294M(510M) 0.056ms
[20.718s][info][gc,cpu      ] GC(55) User=0.00s Sys=0.00s Real=0.00s
[20.718s][info][gc,marking  ] GC(55) Concurrent Clear Claimed Marks
[20.718s][info][gc,marking  ] GC(55) Concurrent Clear Claimed Marks 0.077ms
[20.719s][info][gc,marking  ] GC(55) Concurrent Cleanup for Next Mark
[20.720s][info][gc,marking  ] GC(55) Concurrent Cleanup for Next Mark 1.645ms
[20.720s][info][gc          ] GC(55) Concurrent Mark Cycle 79.475ms
[21.137s][info][gc,start    ] GC(56) Pause Young (Prepare Mixed) (G1 Evacuation Pause)
[21.137s][info][gc,task     ] GC(56) Using 2 workers of 2 for evacuation
[21.144s][info][gc,phases   ] GC(56)   Pre Evacuate Collection Set: 0.24ms
[21.144s][info][gc,phases   ] GC(56)   Merge Heap Roots: 0.11ms
[21.144s][info][gc,phases   ] GC(56)   Evacuate Collection Set: 5.29ms
[21.144s][info][gc,phases   ] GC(56)   Post Evacuate Collection Set: 0.50ms
[21.144s][info][gc,phases   ] GC(56)   Other: 0.07ms
[21.144s][info][gc,heap     ] GC(56) Eden regions: 208->0(206)
[21.144s][info][gc,heap     ] GC(56) Survivor regions: 4->5(27)
[21.144s][info][gc,heap     ] GC(56) Old regions: 61->61
[21.144s][info][gc,heap     ] GC(56) Humongous regions: 207->207
[21.144s][info][gc,metaspace] GC(56) Metaspace: 55410K(55744K)->55410K(55744K) NonClass: 49817K(50048K)->49817K(50048K) Class: 5593K(5696K)->5593K(5696K)
[21.144s][info][gc          ] GC(56) Pause Young (Prepare Mixed) (G1 Evacuation Pause) 479M->271M(510M) 6.389ms
[21.144s][info][gc,cpu      ] GC(56) User=0.01s Sys=0.00s Real=0.01s
[21.642s][info][gc,start    ] GC(57) Pause Young (Mixed) (G1 Evacuation Pause)
[21.642s][info][gc,task     ] GC(57) Using 2 workers of 2 for evacuation
[21.649s][info][gc,phases   ] GC(57)   Pre Evacuate Collection Set: 0.27ms
[21.649s][info][gc,phases   ] GC(57)   Merge Heap Roots: 0.09ms
[21.649s][info][gc,phases   ] GC(57)   Evacuate Collection Set: 5.63ms
[21.649s][info][gc,phases   ] GC(57)   Post Evacuate Collection Set: 0.51ms
[21.649s][info][gc,phases   ] GC(57)   Other: 0.09ms
[21.649s][info][gc,heap     ] GC(57) Eden regions: 206->0(209)
[21.649s][info][gc,heap     ] GC(57) Survivor regions: 5->4(27)
[21.649s][info][gc,heap     ] GC(57) Old regions: 61->60
[21.649s][info][gc,heap     ] GC(57) Humongous regions: 207->207
[21.649s][info][gc,metaspace] GC(57) Metaspace: 55410K(55744K)->55410K(55744K) NonClass: 49817K(50048K)->49817K(50048K) Class: 5593K(5696K)->5593K(5696K)
[21.649s][info][gc          ] GC(57) Pause Young (Mixed) (G1 Evacuation Pause) 477M->270M(510M) 6.772ms
[21.649s][info][gc,cpu      ] GC(57) User=0.01s Sys=0.00s Real=0.01s
[22.156s][info][gc,start    ] GC(58) Pause Young (Concurrent Start) (G1 Evacuation Pause)
[22.157s][info][gc,task     ] GC(58) Using 2 workers of 2 for evacuation
[22.163s][info][gc,phases   ] GC(58)   Pre Evacuate Collection Set: 0.25ms
[22.163s][info][gc,phases   ] GC(58)   Merge Heap Roots: 0.10ms
[22.163s][info][gc,phases   ] GC(58)   Evacuate Collection Set: 5.28ms
[22.163s][info][gc,phases   ] GC(58)   Post Evacuate Collection Set: 0.76ms
[22.163s][info][gc,phases   ] GC(58)   Other: 0.12ms
[22.163s][info][gc,heap     ] GC(58) Eden regions: 209->0(211)
[22.163s][info][gc,heap     ] GC(58) Survivor regions: 4->3(27)
[22.163s][info][gc,heap     ] GC(58) Old regions: 60->60
[22.163s][info][gc,heap     ] GC(58) Humongous regions: 207->207
[22.163s][info][gc,metaspace] GC(58) Metaspace: 55410K(55744K)->55410K(55744K) NonClass: 49817K(50048K)->49817K(50048K) Class: 5593K(5696K)->5593K(5696K)
[22.163s][info][gc          ] GC(58) Pause Young (Concurrent Start) (G1 Evacuation Pause) 479M->269M(510M) 6.705ms
[22.163s][info][gc,cpu      ] GC(58) User=0.01s Sys=0.00s Real=0.01s
[22.163s][info][gc          ] GC(59) Concurrent Mark Cycle
[22.163s][info][gc,marking  ] GC(59) Concurrent Scan Root Regions
[22.170s][info][gc,marking  ] GC(59) Concurrent Scan Root Regions 6.672ms
[22.170s][info][gc,marking  ] GC(59) Concurrent Mark
[22.170s][info][gc,marking  ] GC(59) Concurrent Mark From Roots
[22.170s][info][gc,task     ] GC(59) Using 1 workers of 1 for marking
[22.236s][info][gc,marking  ] GC(59) Concurrent Mark From Roots 65.715ms
[22.236s][info][gc,marking  ] GC(59) Concurrent Preclean
[22.236s][info][gc,marking  ] GC(59) Concurrent Preclean 0.068ms
[22.237s][info][gc,start    ] GC(59) Pause Remark
[22.245s][info][gc          ] GC(59) Pause Remark 294M->294M(510M) 8.192ms
[22.245s][info][gc,cpu      ] GC(59) User=0.01s Sys=0.00s Real=0.01s
[22.246s][info][gc,marking  ] GC(59) Concurrent Mark 75.665ms
[22.246s][info][gc,marking  ] GC(59) Concurrent Rebuild Remembered Sets and Scrub Regions
[22.267s][info][gc,marking  ] GC(59) Concurrent Rebuild Remembered Sets and Scrub Regions 21.104ms
[22.267s][info][gc,start    ] GC(59) Pause Cleanup
[22.267s][info][gc          ] GC(59) Pause Cleanup 303M->303M(510M) 0.072ms
[22.267s][info][gc,cpu      ] GC(59) User=0.00s Sys=0.00s Real=0.00s
[22.267s][info][gc,marking  ] GC(59) Concurrent Clear Claimed Marks
[22.267s][info][gc,marking  ] GC(59) Concurrent Clear Claimed Marks 0.097ms
[22.267s][info][gc,marking  ] GC(59) Concurrent Cleanup for Next Mark
[22.269s][info][gc,marking  ] GC(59) Concurrent Cleanup for Next Mark 1.533ms
[22.269s][info][gc          ] GC(59) Concurrent Mark Cycle 105.629ms
[22.661s][info][gc,start    ] GC(60) Pause Young (Prepare Mixed) (G1 Evacuation Pause)
[22.661s][info][gc,task     ] GC(60) Using 2 workers of 2 for evacuation
[22.666s][info][gc,phases   ] GC(60)   Pre Evacuate Collection Set: 0.25ms
[22.666s][info][gc,phases   ] GC(60)   Merge Heap Roots: 0.11ms
[22.666s][info][gc,phases   ] GC(60)   Evacuate Collection Set: 3.50ms
[22.666s][info][gc,phases   ] GC(60)   Post Evacuate Collection Set: 0.51ms
[22.666s][info][gc,phases   ] GC(60)   Other: 0.08ms
[22.666s][info][gc,heap     ] GC(60) Eden regions: 211->0(212)
[22.666s][info][gc,heap     ] GC(60) Survivor regions: 3->2(27)
[22.666s][info][gc,heap     ] GC(60) Old regions: 60->61
[22.666s][info][gc,heap     ] GC(60) Humongous regions: 207->207
[22.666s][info][gc,metaspace] GC(60) Metaspace: 55410K(55744K)->55410K(55744K) NonClass: 49817K(50048K)->49817K(50048K) Class: 5593K(5696K)->5593K(5696K)
[22.666s][info][gc          ] GC(60) Pause Young (Prepare Mixed) (G1 Evacuation Pause) 480M->268M(510M) 4.629ms
[22.666s][info][gc,cpu      ] GC(60) User=0.01s Sys=0.00s Real=0.00s
[23.243s][info][gc,start    ] GC(61) Pause Young (Mixed) (G1 Evacuation Pause)
[23.243s][info][gc,task     ] GC(61) Using 2 workers of 2 for evacuation
[23.272s][info][gc,phases   ] GC(61)   Pre Evacuate Collection Set: 0.31ms
[23.272s][info][gc,phases   ] GC(61)   Merge Heap Roots: 0.11ms
[23.272s][info][gc,phases   ] GC(61)   Evacuate Collection Set: 27.98ms
[23.272s][info][gc,phases   ] GC(61)   Post Evacuate Collection Set: 0.84ms
[23.272s][info][gc,phases   ] GC(61)   Other: 0.09ms
[23.272s][info][gc,heap     ] GC(61) Eden regions: 212->0(213)
[23.272s][info][gc,heap     ] GC(61) Survivor regions: 2->2(27)
[23.272s][info][gc,heap     ] GC(61) Old regions: 61->60
[23.272s][info][gc,heap     ] GC(61) Humongous regions: 207->207
[23.272s][info][gc,metaspace] GC(61) Metaspace: 55410K(55744K)->55410K(55744K) NonClass: 49817K(50048K)->49817K(50048K) Class: 5593K(5696K)->5593K(5696K)
[23.273s][info][gc          ] GC(61) Pause Young (Mixed) (G1 Evacuation Pause) 480M->267M(510M) 29.515ms
[23.273s][info][gc,cpu      ] GC(61) User=0.04s Sys=0.00s Real=0.03s
[23.718s][info][gc,start    ] GC(62) Pause Young (Concurrent Start) (G1 Evacuation Pause)
[23.718s][info][gc,task     ] GC(62) Using 2 workers of 2 for evacuation
[23.725s][info][gc,phases   ] GC(62)   Pre Evacuate Collection Set: 0.26ms
[23.725s][info][gc,phases   ] GC(62)   Merge Heap Roots: 0.11ms
[23.725s][info][gc,phases   ] GC(62)   Evacuate Collection Set: 5.19ms
[23.725s][info][gc,phases   ] GC(62)   Post Evacuate Collection Set: 0.51ms
[23.725s][info][gc,phases   ] GC(62)   Other: 0.14ms
[23.725s][info][gc,heap     ] GC(62) Eden regions: 213->0(211)
[23.725s][info][gc,heap     ] GC(62) Survivor regions: 2->3(27)
[23.725s][info][gc,heap     ] GC(62) Old regions: 60->60
[23.725s][info][gc,heap     ] GC(62) Humongous regions: 207->207
[23.725s][info][gc,metaspace] GC(62) Metaspace: 55413K(55744K)->55413K(55744K) NonClass: 49819K(50048K)->49819K(50048K) Class: 5593K(5696K)->5593K(5696K)
[23.725s][info][gc          ] GC(62) Pause Young (Concurrent Start) (G1 Evacuation Pause) 480M->268M(510M) 6.382ms
[23.725s][info][gc          ] GC(63) Concurrent Mark Cycle
[23.725s][info][gc,marking  ] GC(63) Concurrent Scan Root Regions
[23.725s][info][gc,cpu      ] GC(62) User=0.01s Sys=0.00s Real=0.00s
[23.731s][info][gc,marking  ] GC(63) Concurrent Scan Root Regions 6.180ms
[23.731s][info][gc,marking  ] GC(63) Concurrent Mark
[23.731s][info][gc,marking  ] GC(63) Concurrent Mark From Roots
[23.731s][info][gc,task     ] GC(63) Using 1 workers of 1 for marking
[23.818s][info][gc,marking  ] GC(63) Concurrent Mark From Roots 86.754ms
[23.818s][info][gc,marking  ] GC(63) Concurrent Preclean
[23.818s][info][gc,marking  ] GC(63) Concurrent Preclean 0.071ms
[23.818s][info][gc,start    ] GC(63) Pause Remark
[23.825s][info][gc          ] GC(63) Pause Remark 311M->311M(510M) 7.141ms
[23.825s][info][gc,cpu      ] GC(63) User=0.01s Sys=0.00s Real=0.00s
[23.827s][info][gc,marking  ] GC(63) Concurrent Mark 95.829ms
[23.827s][info][gc,marking  ] GC(63) Concurrent Rebuild Remembered Sets and Scrub Regions
[23.857s][info][gc,marking  ] GC(63) Concurrent Rebuild Remembered Sets and Scrub Regions 30.054ms
[23.857s][info][gc,start    ] GC(63) Pause Cleanup
[23.857s][info][gc          ] GC(63) Pause Cleanup 332M->332M(510M) 0.067ms
[23.857s][info][gc,cpu      ] GC(63) User=0.00s Sys=0.00s Real=0.00s
[23.857s][info][gc,marking  ] GC(63) Concurrent Clear Claimed Marks
[23.857s][info][gc,marking  ] GC(63) Concurrent Clear Claimed Marks 0.086ms
[23.857s][info][gc,marking  ] GC(63) Concurrent Cleanup for Next Mark
[23.861s][info][gc,marking  ] GC(63) Concurrent Cleanup for Next Mark 3.286ms
[23.861s][info][gc          ] GC(63) Concurrent Mark Cycle 135.823ms
[24.229s][info][gc,start    ] GC(64) Pause Young (Prepare Mixed) (G1 Evacuation Pause)
[24.229s][info][gc,task     ] GC(64) Using 2 workers of 2 for evacuation
[24.234s][info][gc,phases   ] GC(64)   Pre Evacuate Collection Set: 0.27ms
[24.234s][info][gc,phases   ] GC(64)   Merge Heap Roots: 0.11ms
[24.234s][info][gc,phases   ] GC(64)   Evacuate Collection Set: 4.03ms
[24.234s][info][gc,phases   ] GC(64)   Post Evacuate Collection Set: 0.49ms
[24.234s][info][gc,phases   ] GC(64)   Other: 0.07ms
[24.234s][info][gc,heap     ] GC(64) Eden regions: 211->0(211)
[24.234s][info][gc,heap     ] GC(64) Survivor regions: 3->3(27)
[24.234s][info][gc,heap     ] GC(64) Old regions: 60->60
[24.234s][info][gc,heap     ] GC(64) Humongous regions: 207->207
[24.234s][info][gc,metaspace] GC(64) Metaspace: 55415K(55744K)->55415K(55744K) NonClass: 49821K(50048K)->49821K(50048K) Class: 5593K(5696K)->5593K(5696K)
[24.234s][info][gc          ] GC(64) Pause Young (Prepare Mixed) (G1 Evacuation Pause) 479M->268M(510M) 5.128ms
[24.234s][info][gc,cpu      ] GC(64) User=0.01s Sys=0.00s Real=0.00s
[24.748s][info][gc,start    ] GC(65) Pause Young (Mixed) (G1 Evacuation Pause)
[24.749s][info][gc,task     ] GC(65) Using 2 workers of 2 for evacuation
[24.755s][info][gc,phases   ] GC(65)   Pre Evacuate Collection Set: 0.26ms
[24.755s][info][gc,phases   ] GC(65)   Merge Heap Roots: 0.09ms
[24.755s][info][gc,phases   ] GC(65)   Evacuate Collection Set: 4.09ms
[24.755s][info][gc,phases   ] GC(65)   Post Evacuate Collection Set: 0.50ms
[24.755s][info][gc,phases   ] GC(65)   Other: 1.40ms
[24.755s][info][gc,heap     ] GC(65) Eden regions: 211->0(214)
[24.755s][info][gc,heap     ] GC(65) Survivor regions: 3->2(27)
[24.755s][info][gc,heap     ] GC(65) Old regions: 60->59
[24.755s][info][gc,heap     ] GC(65) Humongous regions: 207->207
[24.755s][info][gc,metaspace] GC(65) Metaspace: 55418K(55744K)->55418K(55744K) NonClass: 49823K(50048K)->49823K(50048K) Class: 5594K(5696K)->5594K(5696K)
[24.755s][info][gc          ] GC(65) Pause Young (Mixed) (G1 Evacuation Pause) 479M->267M(510M) 6.554ms
[24.755s][info][gc,cpu      ] GC(65) User=0.01s Sys=0.00s Real=0.00s
[25.246s][info][gc,start    ] GC(66) Pause Young (Concurrent Start) (G1 Evacuation Pause)
[25.246s][info][gc,task     ] GC(66) Using 2 workers of 2 for evacuation
[25.251s][info][gc,phases   ] GC(66)   Pre Evacuate Collection Set: 0.30ms
[25.251s][info][gc,phases   ] GC(66)   Merge Heap Roots: 0.10ms
[25.251s][info][gc,phases   ] GC(66)   Evacuate Collection Set: 4.04ms
[25.251s][info][gc,phases   ] GC(66)   Post Evacuate Collection Set: 0.51ms
[25.251s][info][gc,phases   ] GC(66)   Other: 0.09ms
[25.251s][info][gc,heap     ] GC(66) Eden regions: 214->0(212)
[25.251s][info][gc,heap     ] GC(66) Survivor regions: 2->3(27)
[25.251s][info][gc,heap     ] GC(66) Old regions: 59->59
[25.251s][info][gc,heap     ] GC(66) Humongous regions: 207->207
[25.251s][info][gc,metaspace] GC(66) Metaspace: 55418K(55744K)->55418K(55744K) NonClass: 49823K(50048K)->49823K(50048K) Class: 5594K(5696K)->5594K(5696K)
[25.251s][info][gc          ] GC(66) Pause Young (Concurrent Start) (G1 Evacuation Pause) 481M->268M(510M) 5.204ms
[25.251s][info][gc,cpu      ] GC(66) User=0.01s Sys=0.00s Real=0.01s
[25.251s][info][gc          ] GC(67) Concurrent Mark Cycle
[25.252s][info][gc,marking  ] GC(67) Concurrent Scan Root Regions
[25.255s][info][gc,marking  ] GC(67) Concurrent Scan Root Regions 3.639ms
[25.255s][info][gc,marking  ] GC(67) Concurrent Mark
[25.255s][info][gc,marking  ] GC(67) Concurrent Mark From Roots
[25.255s][info][gc,task     ] GC(67) Using 1 workers of 1 for marking
[25.297s][info][gc,marking  ] GC(67) Concurrent Mark From Roots 42.206ms
[25.297s][info][gc,marking  ] GC(67) Concurrent Preclean
[25.298s][info][gc,marking  ] GC(67) Concurrent Preclean 0.062ms
[25.298s][info][gc,start    ] GC(67) Pause Remark
[25.305s][info][gc          ] GC(67) Pause Remark 275M->275M(510M) 7.044ms
[25.305s][info][gc,cpu      ] GC(67) User=0.02s Sys=0.00s Real=0.01s
[25.305s][info][gc,marking  ] GC(67) Concurrent Mark 49.729ms
[25.305s][info][gc,marking  ] GC(67) Concurrent Rebuild Remembered Sets and Scrub Regions
[25.322s][info][gc,marking  ] GC(67) Concurrent Rebuild Remembered Sets and Scrub Regions 17.254ms
[25.335s][info][gc,start    ] GC(67) Pause Cleanup
[25.335s][info][gc          ] GC(67) Pause Cleanup 280M->280M(510M) 0.079ms
[25.335s][info][gc,cpu      ] GC(67) User=0.00s Sys=0.00s Real=0.00s
[25.335s][info][gc,marking  ] GC(67) Concurrent Clear Claimed Marks
[25.335s][info][gc,marking  ] GC(67) Concurrent Clear Claimed Marks 0.262ms
[25.335s][info][gc,marking  ] GC(67) Concurrent Cleanup for Next Mark
[25.337s][info][gc,marking  ] GC(67) Concurrent Cleanup for Next Mark 1.823ms
[25.337s][info][gc          ] GC(67) Concurrent Mark Cycle 85.861ms
[25.771s][info][gc,start    ] GC(68) Pause Young (Prepare Mixed) (G1 Evacuation Pause)
[25.771s][info][gc,task     ] GC(68) Using 2 workers of 2 for evacuation
[25.774s][info][gc,phases   ] GC(68)   Pre Evacuate Collection Set: 0.23ms
[25.774s][info][gc,phases   ] GC(68)   Merge Heap Roots: 0.11ms
[25.774s][info][gc,phases   ] GC(68)   Evacuate Collection Set: 2.25ms
[25.774s][info][gc,phases   ] GC(68)   Post Evacuate Collection Set: 0.52ms
[25.774s][info][gc,phases   ] GC(68)   Other: 0.10ms
[25.774s][info][gc,heap     ] GC(68) Eden regions: 212->0(216)
[25.774s][info][gc,heap     ] GC(68) Survivor regions: 3->1(27)
[25.774s][info][gc,heap     ] GC(68) Old regions: 59->59
[25.774s][info][gc,heap     ] GC(68) Humongous regions: 207->207
[25.774s][info][gc,metaspace] GC(68) Metaspace: 55418K(55744K)->55418K(55744K) NonClass: 49823K(50048K)->49823K(50048K) Class: 5594K(5696K)->5594K(5696K)
[25.774s][info][gc          ] GC(68) Pause Young (Prepare Mixed) (G1 Evacuation Pause) 480M->266M(510M) 3.382ms
[25.774s][info][gc,cpu      ] GC(68) User=0.01s Sys=0.00s Real=0.00s
[26.349s][info][gc,start    ] GC(69) Pause Young (Mixed) (G1 Evacuation Pause)
[26.349s][info][gc,task     ] GC(69) Using 2 workers of 2 for evacuation
[26.365s][info][gc,phases   ] GC(69)   Pre Evacuate Collection Set: 0.29ms
[26.365s][info][gc,phases   ] GC(69)   Merge Heap Roots: 0.12ms
[26.365s][info][gc,phases   ] GC(69)   Evacuate Collection Set: 15.31ms
[26.365s][info][gc,phases   ] GC(69)   Post Evacuate Collection Set: 0.70ms
[26.365s][info][gc,phases   ] GC(69)   Other: 0.09ms
[26.365s][info][gc,heap     ] GC(69) Eden regions: 216->0(212)
[26.365s][info][gc,heap     ] GC(69) Survivor regions: 1->3(28)
[26.365s][info][gc,heap     ] GC(69) Old regions: 59->59
[26.365s][info][gc,heap     ] GC(69) Humongous regions: 207->207
[26.365s][info][gc,metaspace] GC(69) Metaspace: 55418K(55744K)->55418K(55744K) NonClass: 49823K(50048K)->49823K(50048K) Class: 5594K(5696K)->5594K(5696K)
[26.366s][info][gc          ] GC(69) Pause Young (Mixed) (G1 Evacuation Pause) 482M->267M(510M) 16.706ms
[26.366s][info][gc,cpu      ] GC(69) User=0.01s Sys=0.00s Real=0.01s
[26.822s][info][gc,start    ] GC(70) Pause Young (Concurrent Start) (G1 Evacuation Pause)
[26.822s][info][gc,task     ] GC(70) Using 2 workers of 2 for evacuation
[26.828s][info][gc,phases   ] GC(70)   Pre Evacuate Collection Set: 0.26ms
[26.828s][info][gc,phases   ] GC(70)   Merge Heap Roots: 0.09ms
[26.828s][info][gc,phases   ] GC(70)   Evacuate Collection Set: 4.91ms
[26.828s][info][gc,phases   ] GC(70)   Post Evacuate Collection Set: 0.50ms
[26.828s][info][gc,phases   ] GC(70)   Other: 0.12ms
[26.828s][info][gc,heap     ] GC(70) Eden regions: 212->0(210)
[26.828s][info][gc,heap     ] GC(70) Survivor regions: 3->4(27)
[26.828s][info][gc,heap     ] GC(70) Old regions: 59->59
[26.828s][info][gc,heap     ] GC(70) Humongous regions: 207->207
[26.828s][info][gc,metaspace] GC(70) Metaspace: 55418K(55744K)->55418K(55744K) NonClass: 49823K(50048K)->49823K(50048K) Class: 5594K(5696K)->5594K(5696K)
[26.828s][info][gc          ] GC(70) Pause Young (Concurrent Start) (G1 Evacuation Pause) 479M->269M(510M) 6.049ms
[26.828s][info][gc,cpu      ] GC(70) User=0.01s Sys=0.00s Real=0.01s
[26.828s][info][gc          ] GC(71) Concurrent Mark Cycle
[26.828s][info][gc,marking  ] GC(71) Concurrent Scan Root Regions
[26.836s][info][gc,marking  ] GC(71) Concurrent Scan Root Regions 7.469ms
[26.836s][info][gc,marking  ] GC(71) Concurrent Mark
[26.836s][info][gc,marking  ] GC(71) Concurrent Mark From Roots
[26.836s][info][gc,task     ] GC(71) Using 1 workers of 1 for marking
[26.882s][info][gc,marking  ] GC(71) Concurrent Mark From Roots 45.543ms
[26.882s][info][gc,marking  ] GC(71) Concurrent Preclean
[26.882s][info][gc,marking  ] GC(71) Concurrent Preclean 0.062ms
[26.882s][info][gc,start    ] GC(71) Pause Remark
[26.889s][info][gc          ] GC(71) Pause Remark 295M->295M(510M) 7.261ms
[26.889s][info][gc,cpu      ] GC(71) User=0.01s Sys=0.00s Real=0.01s
[26.889s][info][gc,marking  ] GC(71) Concurrent Mark 53.086ms
[26.889s][info][gc,marking  ] GC(71) Concurrent Rebuild Remembered Sets and Scrub Regions
[26.905s][info][gc,marking  ] GC(71) Concurrent Rebuild Remembered Sets and Scrub Regions 15.662ms
[26.905s][info][gc,start    ] GC(71) Pause Cleanup
[26.905s][info][gc          ] GC(71) Pause Cleanup 296M->296M(510M) 0.079ms
[26.905s][info][gc,cpu      ] GC(71) User=0.00s Sys=0.00s Real=0.00s
[26.905s][info][gc,marking  ] GC(71) Concurrent Clear Claimed Marks
[26.905s][info][gc,marking  ] GC(71) Concurrent Clear Claimed Marks 0.079ms
[26.905s][info][gc,marking  ] GC(71) Concurrent Cleanup for Next Mark
[26.908s][info][gc,marking  ] GC(71) Concurrent Cleanup for Next Mark 3.200ms
[26.908s][info][gc          ] GC(71) Concurrent Mark Cycle 80.221ms
[27.332s][info][gc,start    ] GC(72) Pause Young (Prepare Mixed) (G1 Evacuation Pause)
[27.332s][info][gc,task     ] GC(72) Using 2 workers of 2 for evacuation
[27.339s][info][gc,phases   ] GC(72)   Pre Evacuate Collection Set: 0.26ms
[27.339s][info][gc,phases   ] GC(72)   Merge Heap Roots: 0.11ms
[27.339s][info][gc,phases   ] GC(72)   Evacuate Collection Set: 5.43ms
[27.339s][info][gc,phases   ] GC(72)   Post Evacuate Collection Set: 0.52ms
[27.339s][info][gc,phases   ] GC(72)   Other: 0.13ms
[27.339s][info][gc,heap     ] GC(72) Eden regions: 210->0(210)
[27.339s][info][gc,heap     ] GC(72) Survivor regions: 4->4(27)
[27.339s][info][gc,heap     ] GC(72) Old regions: 59->59
[27.339s][info][gc,heap     ] GC(72) Humongous regions: 207->207
[27.339s][info][gc,metaspace] GC(72) Metaspace: 55418K(55744K)->55418K(55744K) NonClass: 49823K(50048K)->49823K(50048K) Class: 5594K(5696K)->5594K(5696K)
[27.339s][info][gc          ] GC(72) Pause Young (Prepare Mixed) (G1 Evacuation Pause) 479M->269M(510M) 6.629ms
[27.339s][info][gc,cpu      ] GC(72) User=0.02s Sys=0.00s Real=0.01s
[27.855s][info][gc,start    ] GC(73) Pause Young (Mixed) (G1 Evacuation Pause)
[27.855s][info][gc,task     ] GC(73) Using 2 workers of 2 for evacuation
[27.862s][info][gc,phases   ] GC(73)   Pre Evacuate Collection Set: 0.26ms
[27.862s][info][gc,phases   ] GC(73)   Merge Heap Roots: 0.10ms
[27.862s][info][gc,phases   ] GC(73)   Evacuate Collection Set: 6.32ms
[27.862s][info][gc,phases   ] GC(73)   Post Evacuate Collection Set: 0.52ms
[27.862s][info][gc,phases   ] GC(73)   Other: 0.10ms
[27.862s][info][gc,heap     ] GC(73) Eden regions: 210->0(210)
[27.862s][info][gc,heap     ] GC(73) Survivor regions: 4->4(27)
[27.862s][info][gc,heap     ] GC(73) Old regions: 59->59
[27.862s][info][gc,heap     ] GC(73) Humongous regions: 207->207
[27.862s][info][gc,metaspace] GC(73) Metaspace: 55418K(55744K)->55418K(55744K) NonClass: 49823K(50048K)->49823K(50048K) Class: 5594K(5696K)->5594K(5696K)
[27.862s][info][gc          ] GC(73) Pause Young (Mixed) (G1 Evacuation Pause) 479M->268M(510M) 7.453ms
[27.862s][info][gc,cpu      ] GC(73) User=0.01s Sys=0.01s Real=0.01s
[28.356s][info][gc,start    ] GC(74) Pause Young (Concurrent Start) (G1 Evacuation Pause)
[28.356s][info][gc,task     ] GC(74) Using 2 workers of 2 for evacuation
[28.361s][info][gc,phases   ] GC(74)   Pre Evacuate Collection Set: 0.29ms
[28.361s][info][gc,phases   ] GC(74)   Merge Heap Roots: 0.11ms
[28.361s][info][gc,phases   ] GC(74)   Evacuate Collection Set: 3.83ms
[28.361s][info][gc,phases   ] GC(74)   Post Evacuate Collection Set: 0.52ms
[28.361s][info][gc,phases   ] GC(74)   Other: 0.12ms
[28.361s][info][gc,heap     ] GC(74) Eden regions: 210->0(212)
[28.361s][info][gc,heap     ] GC(74) Survivor regions: 4->3(27)
[28.361s][info][gc,heap     ] GC(74) Old regions: 59->59
[28.361s][info][gc,heap     ] GC(74) Humongous regions: 207->207
[28.361s][info][gc,metaspace] GC(74) Metaspace: 55418K(55744K)->55418K(55744K) NonClass: 49823K(50048K)->49823K(50048K) Class: 5594K(5696K)->5594K(5696K)
[28.361s][info][gc          ] GC(74) Pause Young (Concurrent Start) (G1 Evacuation Pause) 478M->267M(510M) 5.049ms
[28.361s][info][gc          ] GC(75) Concurrent Mark Cycle
[28.361s][info][gc,marking  ] GC(75) Concurrent Scan Root Regions
[28.362s][info][gc,cpu      ] GC(74) User=0.01s Sys=0.00s Real=0.01s
[28.365s][info][gc,marking  ] GC(75) Concurrent Scan Root Regions 3.723ms
[28.365s][info][gc,marking  ] GC(75) Concurrent Mark
[28.365s][info][gc,marking  ] GC(75) Concurrent Mark From Roots
[28.365s][info][gc,task     ] GC(75) Using 1 workers of 1 for marking
[28.406s][info][gc,marking  ] GC(75) Concurrent Mark From Roots 40.933ms
[28.406s][info][gc,marking  ] GC(75) Concurrent Preclean
[28.406s][info][gc,marking  ] GC(75) Concurrent Preclean 0.062ms
[28.406s][info][gc,start    ] GC(75) Pause Remark
[28.413s][info][gc          ] GC(75) Pause Remark 273M->273M(510M) 7.132ms
[28.413s][info][gc,cpu      ] GC(75) User=0.02s Sys=0.00s Real=0.01s
[28.413s][info][gc,marking  ] GC(75) Concurrent Mark 48.748ms
[28.413s][info][gc,marking  ] GC(75) Concurrent Rebuild Remembered Sets and Scrub Regions
[28.446s][info][gc,marking  ] GC(75) Concurrent Rebuild Remembered Sets and Scrub Regions 32.461ms
[28.446s][info][gc,start    ] GC(75) Pause Cleanup
[28.446s][info][gc          ] GC(75) Pause Cleanup 300M->300M(510M) 0.074ms
[28.446s][info][gc,cpu      ] GC(75) User=0.00s Sys=0.00s Real=0.00s
[28.446s][info][gc,marking  ] GC(75) Concurrent Clear Claimed Marks
[28.446s][info][gc,marking  ] GC(75) Concurrent Clear Claimed Marks 0.085ms
[28.446s][info][gc,marking  ] GC(75) Concurrent Cleanup for Next Mark
[28.449s][info][gc,marking  ] GC(75) Concurrent Cleanup for Next Mark 2.462ms
[28.449s][info][gc          ] GC(75) Concurrent Mark Cycle 87.918ms
[28.962s][info][gc,start    ] GC(76) Pause Young (Prepare Mixed) (G1 Evacuation Pause)
[28.962s][info][gc,task     ] GC(76) Using 2 workers of 2 for evacuation
[28.966s][info][gc,phases   ] GC(76)   Pre Evacuate Collection Set: 0.24ms
[28.966s][info][gc,phases   ] GC(76)   Merge Heap Roots: 0.10ms
[28.966s][info][gc,phases   ] GC(76)   Evacuate Collection Set: 3.47ms
[28.966s][info][gc,phases   ] GC(76)   Post Evacuate Collection Set: 0.51ms
[28.966s][info][gc,phases   ] GC(76)   Other: 0.07ms
[28.966s][info][gc,heap     ] GC(76) Eden regions: 212->0(214)
[28.966s][info][gc,heap     ] GC(76) Survivor regions: 3->2(27)
[28.966s][info][gc,heap     ] GC(76) Old regions: 59->59
[28.966s][info][gc,heap     ] GC(76) Humongous regions: 207->207
[28.966s][info][gc,metaspace] GC(76) Metaspace: 55418K(55744K)->55418K(55744K) NonClass: 49823K(50048K)->49823K(50048K) Class: 5594K(5696K)->5594K(5696K)
[28.966s][info][gc          ] GC(76) Pause Young (Prepare Mixed) (G1 Evacuation Pause) 479M->267M(510M) 4.546ms
[28.967s][info][gc,cpu      ] GC(76) User=0.00s Sys=0.00s Real=0.00s
[29.423s][info][gc,start    ] GC(77) Pause Young (Mixed) (G1 Evacuation Pause)
[29.423s][info][gc,task     ] GC(77) Using 2 workers of 2 for evacuation
[29.429s][info][gc,phases   ] GC(77)   Pre Evacuate Collection Set: 0.23ms
[29.429s][info][gc,phases   ] GC(77)   Merge Heap Roots: 0.10ms
[29.429s][info][gc,phases   ] GC(77)   Evacuate Collection Set: 5.12ms
[29.429s][info][gc,phases   ] GC(77)   Post Evacuate Collection Set: 0.53ms
[29.429s][info][gc,phases   ] GC(77)   Other: 0.09ms
[29.429s][info][gc,heap     ] GC(77) Eden regions: 214->0(213)
[29.429s][info][gc,heap     ] GC(77) Survivor regions: 2->3(27)
[29.429s][info][gc,heap     ] GC(77) Old regions: 59->58
[29.429s][info][gc,heap     ] GC(77) Humongous regions: 207->207
[29.429s][info][gc,metaspace] GC(77) Metaspace: 55418K(55744K)->55418K(55744K) NonClass: 49823K(50048K)->49823K(50048K) Class: 5594K(5696K)->5594K(5696K)
[29.429s][info][gc          ] GC(77) Pause Young (Mixed) (G1 Evacuation Pause) 481M->267M(510M) 6.254ms
[29.429s][info][gc,cpu      ] GC(77) User=0.01s Sys=0.00s Real=0.01s
[29.932s][info][gc,start    ] GC(78) Pause Young (Concurrent Start) (G1 Evacuation Pause)
[29.932s][info][gc,task     ] GC(78) Using 2 workers of 2 for evacuation
[29.938s][info][gc,phases   ] GC(78)   Pre Evacuate Collection Set: 0.28ms
[29.938s][info][gc,phases   ] GC(78)   Merge Heap Roots: 0.09ms
[29.938s][info][gc,phases   ] GC(78)   Evacuate Collection Set: 4.97ms
[29.938s][info][gc,phases   ] GC(78)   Post Evacuate Collection Set: 0.51ms
[29.938s][info][gc,phases   ] GC(78)   Other: 0.11ms
[29.938s][info][gc,heap     ] GC(78) Eden regions: 213->0(211)
[29.938s][info][gc,heap     ] GC(78) Survivor regions: 3->4(27)
[29.938s][info][gc,heap     ] GC(78) Old regions: 58->58
[29.938s][info][gc,heap     ] GC(78) Humongous regions: 207->207
[29.938s][info][gc,metaspace] GC(78) Metaspace: 55418K(55744K)->55418K(55744K) NonClass: 49823K(50048K)->49823K(50048K) Class: 5594K(5696K)->5594K(5696K)
[29.938s][info][gc          ] GC(78) Pause Young (Concurrent Start) (G1 Evacuation Pause) 480M->268M(510M) 6.125ms
[29.938s][info][gc,cpu      ] GC(78) User=0.01s Sys=0.00s Real=0.00s
[29.938s][info][gc          ] GC(79) Concurrent Mark Cycle
[29.938s][info][gc,marking  ] GC(79) Concurrent Scan Root Regions
[29.945s][info][gc,marking  ] GC(79) Concurrent Scan Root Regions 6.890ms
[29.945s][info][gc,marking  ] GC(79) Concurrent Mark
[29.945s][info][gc,marking  ] GC(79) Concurrent Mark From Roots
[29.945s][info][gc,task     ] GC(79) Using 1 workers of 1 for marking
[30.005s][info][gc,marking  ] GC(79) Concurrent Mark From Roots 59.705ms
[30.005s][info][gc,marking  ] GC(79) Concurrent Preclean
[30.005s][info][gc,marking  ] GC(79) Concurrent Preclean 0.064ms
[30.010s][info][gc,start    ] GC(79) Pause Remark
[30.025s][info][gc          ] GC(79) Pause Remark 276M->276M(510M) 15.035ms
[30.025s][info][gc,cpu      ] GC(79) User=0.02s Sys=0.00s Real=0.01s
[30.026s][info][gc,marking  ] GC(79) Concurrent Mark 80.845ms
[30.026s][info][gc,marking  ] GC(79) Concurrent Rebuild Remembered Sets and Scrub Regions
[30.048s][info][gc,marking  ] GC(79) Concurrent Rebuild Remembered Sets and Scrub Regions 22.085ms
[30.048s][info][gc,start    ] GC(79) Pause Cleanup
[30.048s][info][gc          ] GC(79) Pause Cleanup 277M->277M(510M) 0.073ms
[30.048s][info][gc,cpu      ] GC(79) User=0.00s Sys=0.00s Real=0.00s
[30.049s][info][gc,marking  ] GC(79) Concurrent Clear Claimed Marks
[30.049s][info][gc,marking  ] GC(79) Concurrent Clear Claimed Marks 0.082ms
[30.049s][info][gc,marking  ] GC(79) Concurrent Cleanup for Next Mark
[30.050s][info][gc,marking  ] GC(79) Concurrent Cleanup for Next Mark 1.578ms
[30.050s][info][gc          ] GC(79) Concurrent Mark Cycle 111.885ms
[30.450s][info][gc,start    ] GC(80) Pause Young (Prepare Mixed) (G1 Evacuation Pause)
[30.450s][info][gc,task     ] GC(80) Using 2 workers of 2 for evacuation
[30.456s][info][gc,phases   ] GC(80)   Pre Evacuate Collection Set: 0.24ms
[30.456s][info][gc,phases   ] GC(80)   Merge Heap Roots: 0.10ms
[30.456s][info][gc,phases   ] GC(80)   Evacuate Collection Set: 4.36ms
[30.456s][info][gc,phases   ] GC(80)   Post Evacuate Collection Set: 0.49ms
[30.456s][info][gc,phases   ] GC(80)   Other: 0.09ms
[30.456s][info][gc,heap     ] GC(80) Eden regions: 211->0(212)
[30.456s][info][gc,heap     ] GC(80) Survivor regions: 4->3(27)
[30.456s][info][gc,heap     ] GC(80) Old regions: 58->59
[30.456s][info][gc,heap     ] GC(80) Humongous regions: 207->207
[30.456s][info][gc,metaspace] GC(80) Metaspace: 55418K(55744K)->55418K(55744K) NonClass: 49823K(50048K)->49823K(50048K) Class: 5594K(5696K)->5594K(5696K)
[30.456s][info][gc          ] GC(80) Pause Young (Prepare Mixed) (G1 Evacuation Pause) 479M->267M(510M) 5.434ms
[30.456s][info][gc,cpu      ] GC(80) User=0.01s Sys=0.00s Real=0.00s
[31.010s][info][gc,start    ] GC(81) Pause Young (Mixed) (G1 Evacuation Pause)
[31.010s][info][gc,task     ] GC(81) Using 2 workers of 2 for evacuation
[31.015s][info][gc,phases   ] GC(81)   Pre Evacuate Collection Set: 0.25ms
[31.015s][info][gc,phases   ] GC(81)   Merge Heap Roots: 0.11ms
[31.015s][info][gc,phases   ] GC(81)   Evacuate Collection Set: 4.10ms
[31.015s][info][gc,phases   ] GC(81)   Post Evacuate Collection Set: 0.54ms
[31.015s][info][gc,phases   ] GC(81)   Other: 0.07ms
[31.015s][info][gc,heap     ] GC(81) Eden regions: 212->0(217)
[31.015s][info][gc,heap     ] GC(81) Survivor regions: 3->1(27)
[31.015s][info][gc,heap     ] GC(81) Old regions: 59->58
[31.015s][info][gc,heap     ] GC(81) Humongous regions: 207->207
[31.015s][info][gc,metaspace] GC(81) Metaspace: 55418K(55744K)->55418K(55744K) NonClass: 49823K(50048K)->49823K(50048K) Class: 5594K(5696K)->5594K(5696K)
[31.015s][info][gc          ] GC(81) Pause Young (Mixed) (G1 Evacuation Pause) 479M->265M(510M) 5.243ms
[31.015s][info][gc,cpu      ] GC(81) User=0.01s Sys=0.00s Real=0.00s
[31.521s][info][gc,start    ] GC(82) Pause Young (Concurrent Start) (G1 Evacuation Pause)
[31.521s][info][gc,task     ] GC(82) Using 2 workers of 2 for evacuation
[31.526s][info][gc,phases   ] GC(82)   Pre Evacuate Collection Set: 0.29ms
[31.526s][info][gc,phases   ] GC(82)   Merge Heap Roots: 0.09ms
[31.526s][info][gc,phases   ] GC(82)   Evacuate Collection Set: 4.71ms
[31.526s][info][gc,phases   ] GC(82)   Post Evacuate Collection Set: 0.53ms
[31.526s][info][gc,phases   ] GC(82)   Other: 0.09ms
[31.526s][info][gc,heap     ] GC(82) Eden regions: 217->0(211)
[31.526s][info][gc,heap     ] GC(82) Survivor regions: 1->4(28)
[31.526s][info][gc,heap     ] GC(82) Old regions: 58->58
[31.526s][info][gc,heap     ] GC(82) Humongous regions: 207->207
[31.526s][info][gc,metaspace] GC(82) Metaspace: 55418K(55744K)->55418K(55744K) NonClass: 49823K(50048K)->49823K(50048K) Class: 5594K(5696K)->5594K(5696K)
[31.526s][info][gc          ] GC(82) Pause Young (Concurrent Start) (G1 Evacuation Pause) 482M->268M(510M) 5.880ms
[31.527s][info][gc,cpu      ] GC(82) User=0.01s Sys=0.00s Real=0.00s
[31.527s][info][gc          ] GC(83) Concurrent Mark Cycle
[31.527s][info][gc,marking  ] GC(83) Concurrent Scan Root Regions
[31.532s][info][gc,marking  ] GC(83) Concurrent Scan Root Regions 5.629ms
[31.532s][info][gc,marking  ] GC(83) Concurrent Mark
[31.532s][info][gc,marking  ] GC(83) Concurrent Mark From Roots
[31.532s][info][gc,task     ] GC(83) Using 1 workers of 1 for marking
[31.584s][info][gc,marking  ] GC(83) Concurrent Mark From Roots 51.580ms
[31.584s][info][gc,marking  ] GC(83) Concurrent Preclean
[31.584s][info][gc,marking  ] GC(83) Concurrent Preclean 0.069ms
[31.584s][info][gc,start    ] GC(83) Pause Remark
[31.591s][info][gc          ] GC(83) Pause Remark 294M->294M(510M) 7.321ms
[31.591s][info][gc,cpu      ] GC(83) User=0.02s Sys=0.00s Real=0.01s
[31.591s][info][gc,marking  ] GC(83) Concurrent Mark 59.190ms
[31.591s][info][gc,marking  ] GC(83) Concurrent Rebuild Remembered Sets and Scrub Regions
[31.607s][info][gc,marking  ] GC(83) Concurrent Rebuild Remembered Sets and Scrub Regions 15.614ms
[31.607s][info][gc,start    ] GC(83) Pause Cleanup
[31.607s][info][gc          ] GC(83) Pause Cleanup 294M->294M(510M) 0.051ms
[31.607s][info][gc,cpu      ] GC(83) User=0.00s Sys=0.00s Real=0.00s
[31.607s][info][gc,marking  ] GC(83) Concurrent Clear Claimed Marks
[31.607s][info][gc,marking  ] GC(83) Concurrent Clear Claimed Marks 0.079ms
[31.607s][info][gc,marking  ] GC(83) Concurrent Cleanup for Next Mark
[31.609s][info][gc,marking  ] GC(83) Concurrent Cleanup for Next Mark 1.538ms
[31.609s][info][gc          ] GC(83) Concurrent Mark Cycle 82.384ms
[32.031s][info][gc,start    ] GC(84) Pause Young (Prepare Mixed) (G1 Evacuation Pause)
[32.031s][info][gc,task     ] GC(84) Using 2 workers of 2 for evacuation
[32.038s][info][gc,phases   ] GC(84)   Pre Evacuate Collection Set: 0.26ms
[32.038s][info][gc,phases   ] GC(84)   Merge Heap Roots: 0.12ms
[32.038s][info][gc,phases   ] GC(84)   Evacuate Collection Set: 5.22ms
[32.038s][info][gc,phases   ] GC(84)   Post Evacuate Collection Set: 0.49ms
[32.038s][info][gc,phases   ] GC(84)   Other: 0.09ms
[32.038s][info][gc,heap     ] GC(84) Eden regions: 211->0(211)
[32.038s][info][gc,heap     ] GC(84) Survivor regions: 4->4(27)
[32.038s][info][gc,heap     ] GC(84) Old regions: 58->58
[32.038s][info][gc,heap     ] GC(84) Humongous regions: 207->207
[32.038s][info][gc,metaspace] GC(84) Metaspace: 55418K(55744K)->55418K(55744K) NonClass: 49823K(50048K)->49823K(50048K) Class: 5594K(5696K)->5594K(5696K)
[32.038s][info][gc          ] GC(84) Pause Young (Prepare Mixed) (G1 Evacuation Pause) 479M->268M(510M) 6.348ms
[32.038s][info][gc,cpu      ] GC(84) User=0.02s Sys=0.00s Real=0.00s
[32.545s][info][gc,start    ] GC(85) Pause Young (Mixed) (G1 Evacuation Pause)
[32.545s][info][gc,task     ] GC(85) Using 2 workers of 2 for evacuation
[32.552s][info][gc,phases   ] GC(85)   Pre Evacuate Collection Set: 0.24ms
[32.552s][info][gc,phases   ] GC(85)   Merge Heap Roots: 0.10ms
[32.552s][info][gc,phases   ] GC(85)   Evacuate Collection Set: 5.54ms
[32.552s][info][gc,phases   ] GC(85)   Post Evacuate Collection Set: 0.55ms
[32.552s][info][gc,phases   ] GC(85)   Other: 0.07ms
[32.552s][info][gc,heap     ] GC(85) Eden regions: 211->0(213)
[32.552s][info][gc,heap     ] GC(85) Survivor regions: 4->3(27)
[32.552s][info][gc,heap     ] GC(85) Old regions: 58->58
[32.552s][info][gc,heap     ] GC(85) Humongous regions: 207->207
[32.552s][info][gc,metaspace] GC(85) Metaspace: 55418K(55744K)->55418K(55744K) NonClass: 49823K(50048K)->49823K(50048K) Class: 5594K(5696K)->5594K(5696K)
[32.552s][info][gc          ] GC(85) Pause Young (Mixed) (G1 Evacuation Pause) 479M->267M(510M) 6.699ms
[32.552s][info][gc,cpu      ] GC(85) User=0.01s Sys=0.00s Real=0.01s
[33.059s][info][gc,start    ] GC(86) Pause Young (Concurrent Start) (G1 Evacuation Pause)
[33.059s][info][gc,task     ] GC(86) Using 2 workers of 2 for evacuation
[33.062s][info][gc,phases   ] GC(86)   Pre Evacuate Collection Set: 0.31ms
[33.063s][info][gc,phases   ] GC(86)   Merge Heap Roots: 0.10ms
[33.063s][info][gc,phases   ] GC(86)   Evacuate Collection Set: 2.83ms
[33.063s][info][gc,phases   ] GC(86)   Post Evacuate Collection Set: 0.49ms
[33.063s][info][gc,phases   ] GC(86)   Other: 0.11ms
[33.063s][info][gc,heap     ] GC(86) Eden regions: 213->0(215)
[33.063s][info][gc,heap     ] GC(86) Survivor regions: 3->2(27)
[33.063s][info][gc,heap     ] GC(86) Old regions: 58->58
[33.063s][info][gc,heap     ] GC(86) Humongous regions: 207->207
[33.063s][info][gc,metaspace] GC(86) Metaspace: 55418K(55744K)->55418K(55744K) NonClass: 49823K(50048K)->49823K(50048K) Class: 5594K(5696K)->5594K(5696K)
[33.063s][info][gc          ] GC(86) Pause Young (Concurrent Start) (G1 Evacuation Pause) 480M->266M(510M) 4.001ms
[33.063s][info][gc,cpu      ] GC(86) User=0.01s Sys=0.00s Real=0.00s
[33.063s][info][gc          ] GC(87) Concurrent Mark Cycle
[33.063s][info][gc,marking  ] GC(87) Concurrent Scan Root Regions
[33.066s][info][gc,marking  ] GC(87) Concurrent Scan Root Regions 3.059ms
[33.066s][info][gc,marking  ] GC(87) Concurrent Mark
[33.066s][info][gc,marking  ] GC(87) Concurrent Mark From Roots
[33.066s][info][gc,task     ] GC(87) Using 1 workers of 1 for marking
[33.104s][info][gc,marking  ] GC(87) Concurrent Mark From Roots 38.434ms
[33.104s][info][gc,marking  ] GC(87) Concurrent Preclean
[33.104s][info][gc,marking  ] GC(87) Concurrent Preclean 0.061ms
[33.104s][info][gc,start    ] GC(87) Pause Remark
[33.111s][info][gc          ] GC(87) Pause Remark 268M->268M(510M) 7.077ms
[33.112s][info][gc,cpu      ] GC(87) User=0.02s Sys=0.00s Real=0.01s
[33.112s][info][gc,marking  ] GC(87) Concurrent Mark 46.638ms
[33.112s][info][gc,marking  ] GC(87) Concurrent Rebuild Remembered Sets and Scrub Regions
[33.132s][info][gc,marking  ] GC(87) Concurrent Rebuild Remembered Sets and Scrub Regions 19.136ms
[33.134s][info][gc,start    ] GC(87) Pause Cleanup
[33.134s][info][gc          ] GC(87) Pause Cleanup 275M->275M(510M) 0.063ms
[33.134s][info][gc,cpu      ] GC(87) User=0.00s Sys=0.00s Real=0.00s
[33.134s][info][gc,marking  ] GC(87) Concurrent Clear Claimed Marks
[33.134s][info][gc,marking  ] GC(87) Concurrent Clear Claimed Marks 0.101ms
[33.134s][info][gc,marking  ] GC(87) Concurrent Cleanup for Next Mark
[33.136s][info][gc,marking  ] GC(87) Concurrent Cleanup for Next Mark 2.427ms
[33.137s][info][gc          ] GC(87) Concurrent Mark Cycle 73.863ms
[33.767s][info][gc,start    ] GC(88) Pause Young (Prepare Mixed) (G1 Evacuation Pause)
[33.767s][info][gc,task     ] GC(88) Using 2 workers of 2 for evacuation
[33.772s][info][gc,phases   ] GC(88)   Pre Evacuate Collection Set: 0.26ms
[33.772s][info][gc,phases   ] GC(88)   Merge Heap Roots: 0.11ms
[33.772s][info][gc,phases   ] GC(88)   Evacuate Collection Set: 3.70ms
[33.772s][info][gc,phases   ] GC(88)   Post Evacuate Collection Set: 0.49ms
[33.772s][info][gc,phases   ] GC(88)   Other: 0.07ms
[33.772s][info][gc,heap     ] GC(88) Eden regions: 215->0(213)
[33.772s][info][gc,heap     ] GC(88) Survivor regions: 2->3(28)
[33.772s][info][gc,heap     ] GC(88) Old regions: 58->58
[33.772s][info][gc,heap     ] GC(88) Humongous regions: 207->207
[33.772s][info][gc,metaspace] GC(88) Metaspace: 55418K(55744K)->55418K(55744K) NonClass: 49823K(50048K)->49823K(50048K) Class: 5594K(5696K)->5594K(5696K)
[33.772s][info][gc          ] GC(88) Pause Young (Prepare Mixed) (G1 Evacuation Pause) 481M->267M(510M) 4.798ms
[33.772s][info][gc,cpu      ] GC(88) User=0.00s Sys=0.00s Real=0.01s
[34.227s][info][gc,start    ] GC(89) Pause Young (Mixed) (G1 Evacuation Pause)
[34.227s][info][gc,task     ] GC(89) Using 2 workers of 2 for evacuation
[34.233s][info][gc,phases   ] GC(89)   Pre Evacuate Collection Set: 0.24ms
[34.233s][info][gc,phases   ] GC(89)   Merge Heap Roots: 0.11ms
[34.233s][info][gc,phases   ] GC(89)   Evacuate Collection Set: 5.35ms
[34.233s][info][gc,phases   ] GC(89)   Post Evacuate Collection Set: 0.54ms
[34.233s][info][gc,phases   ] GC(89)   Other: 0.09ms
[34.233s][info][gc,heap     ] GC(89) Eden regions: 213->0(213)
[34.233s][info][gc,heap     ] GC(89) Survivor regions: 3->3(27)
[34.234s][info][gc,heap     ] GC(89) Old regions: 58->58
[34.234s][info][gc,heap     ] GC(89) Humongous regions: 207->207
[34.234s][info][gc,metaspace] GC(89) Metaspace: 55420K(55744K)->55420K(55744K) NonClass: 49826K(50048K)->49826K(50048K) Class: 5594K(5696K)->5594K(5696K)
[34.234s][info][gc          ] GC(89) Pause Young (Mixed) (G1 Evacuation Pause) 480M->267M(510M) 6.506ms
[34.234s][info][gc,cpu      ] GC(89) User=0.02s Sys=0.00s Real=0.01s
[34.738s][info][gc,start    ] GC(90) Pause Young (Concurrent Start) (G1 Evacuation Pause)
[34.738s][info][gc,task     ] GC(90) Using 2 workers of 2 for evacuation
[34.744s][info][gc,phases   ] GC(90)   Pre Evacuate Collection Set: 0.26ms
[34.744s][info][gc,phases   ] GC(90)   Merge Heap Roots: 0.10ms
[34.744s][info][gc,phases   ] GC(90)   Evacuate Collection Set: 4.54ms
[34.744s][info][gc,phases   ] GC(90)   Post Evacuate Collection Set: 0.50ms
[34.744s][info][gc,phases   ] GC(90)   Other: 0.09ms
[34.744s][info][gc,heap     ] GC(90) Eden regions: 213->0(213)
[34.744s][info][gc,heap     ] GC(90) Survivor regions: 3->3(27)
[34.744s][info][gc,heap     ] GC(90) Old regions: 58->58
[34.744s][info][gc,heap     ] GC(90) Humongous regions: 207->207
[34.744s][info][gc,metaspace] GC(90) Metaspace: 55420K(55744K)->55420K(55744K) NonClass: 49826K(50048K)->49826K(50048K) Class: 5594K(5696K)->5594K(5696K)
[34.744s][info][gc          ] GC(90) Pause Young (Concurrent Start) (G1 Evacuation Pause) 480M->267M(510M) 5.654ms
[34.744s][info][gc,cpu      ] GC(90) User=0.01s Sys=0.00s Real=0.00s
[34.744s][info][gc          ] GC(91) Concurrent Mark Cycle
[34.744s][info][gc,marking  ] GC(91) Concurrent Scan Root Regions
[34.753s][info][gc,marking  ] GC(91) Concurrent Scan Root Regions 8.809ms
[34.753s][info][gc,marking  ] GC(91) Concurrent Mark
[34.753s][info][gc,marking  ] GC(91) Concurrent Mark From Roots
[34.753s][info][gc,task     ] GC(91) Using 1 workers of 1 for marking
[34.802s][info][gc,marking  ] GC(91) Concurrent Mark From Roots 48.968ms
[34.802s][info][gc,marking  ] GC(91) Concurrent Preclean
[34.802s][info][gc,marking  ] GC(91) Concurrent Preclean 0.068ms
[34.802s][info][gc,start    ] GC(91) Pause Remark
[34.809s][info][gc          ] GC(91) Pause Remark 282M->282M(510M) 7.204ms
[34.809s][info][gc,cpu      ] GC(91) User=0.01s Sys=0.00s Real=0.01s
[34.809s][info][gc,marking  ] GC(91) Concurrent Mark 56.448ms
[34.809s][info][gc,marking  ] GC(91) Concurrent Rebuild Remembered Sets and Scrub Regions
[34.843s][info][gc,marking  ] GC(91) Concurrent Rebuild Remembered Sets and Scrub Regions 33.067ms
[34.843s][info][gc,start    ] GC(91) Pause Cleanup
[34.843s][info][gc          ] GC(91) Pause Cleanup 310M->310M(510M) 0.074ms
[34.843s][info][gc,cpu      ] GC(91) User=0.00s Sys=0.00s Real=0.00s
[34.843s][info][gc,marking  ] GC(91) Concurrent Clear Claimed Marks
[34.844s][info][gc,marking  ] GC(91) Concurrent Clear Claimed Marks 0.100ms
[34.844s][info][gc,marking  ] GC(91) Concurrent Cleanup for Next Mark
[34.846s][info][gc,marking  ] GC(91) Concurrent Cleanup for Next Mark 2.638ms
[34.846s][info][gc          ] GC(91) Concurrent Mark Cycle 102.090ms
[35.263s][info][gc,start    ] GC(92) Pause Young (Prepare Mixed) (G1 Evacuation Pause)
[35.263s][info][gc,task     ] GC(92) Using 2 workers of 2 for evacuation
[35.267s][info][gc,phases   ] GC(92)   Pre Evacuate Collection Set: 0.24ms
[35.267s][info][gc,phases   ] GC(92)   Merge Heap Roots: 0.11ms
[35.267s][info][gc,phases   ] GC(92)   Evacuate Collection Set: 3.06ms
[35.267s][info][gc,phases   ] GC(92)   Post Evacuate Collection Set: 0.50ms
[35.267s][info][gc,phases   ] GC(92)   Other: 0.08ms
[35.267s][info][gc,heap     ] GC(92) Eden regions: 213->0(215)
[35.267s][info][gc,heap     ] GC(92) Survivor regions: 3->2(27)
[35.267s][info][gc,heap     ] GC(92) Old regions: 58->58
[35.267s][info][gc,heap     ] GC(92) Humongous regions: 207->207
[35.267s][info][gc,metaspace] GC(92) Metaspace: 55420K(55744K)->55420K(55744K) NonClass: 49826K(50048K)->49826K(50048K) Class: 5594K(5696K)->5594K(5696K)
[35.267s][info][gc          ] GC(92) Pause Young (Prepare Mixed) (G1 Evacuation Pause) 480M->266M(510M) 4.186ms
[35.267s][info][gc,cpu      ] GC(92) User=0.01s Sys=0.00s Real=0.00s
[35.814s][info][gc,start    ] GC(93) Pause Young (Mixed) (G1 Evacuation Pause)
[35.814s][info][gc,task     ] GC(93) Using 2 workers of 2 for evacuation
[35.819s][info][gc,phases   ] GC(93)   Pre Evacuate Collection Set: 0.24ms
[35.819s][info][gc,phases   ] GC(93)   Merge Heap Roots: 0.11ms
[35.819s][info][gc,phases   ] GC(93)   Evacuate Collection Set: 4.04ms
[35.819s][info][gc,phases   ] GC(93)   Post Evacuate Collection Set: 0.52ms
[35.819s][info][gc,phases   ] GC(93)   Other: 0.07ms
[35.819s][info][gc,heap     ] GC(93) Eden regions: 215->0(215)
[35.820s][info][gc,heap     ] GC(93) Survivor regions: 2->2(28)
[35.820s][info][gc,heap     ] GC(93) Old regions: 58->58
[35.820s][info][gc,heap     ] GC(93) Humongous regions: 207->207
[35.820s][info][gc,metaspace] GC(93) Metaspace: 55420K(55744K)->55420K(55744K) NonClass: 49826K(50048K)->49826K(50048K) Class: 5594K(5696K)->5594K(5696K)
[35.820s][info][gc          ] GC(93) Pause Young (Mixed) (G1 Evacuation Pause) 481M->266M(510M) 5.141ms
[35.820s][info][gc,cpu      ] GC(93) User=0.01s Sys=0.00s Real=0.01s
[36.320s][info][gc,start    ] GC(94) Pause Young (Concurrent Start) (G1 Evacuation Pause)
[36.320s][info][gc,task     ] GC(94) Using 2 workers of 2 for evacuation
[36.325s][info][gc,phases   ] GC(94)   Pre Evacuate Collection Set: 0.26ms
[36.325s][info][gc,phases   ] GC(94)   Merge Heap Roots: 0.09ms
[36.325s][info][gc,phases   ] GC(94)   Evacuate Collection Set: 3.90ms
[36.325s][info][gc,phases   ] GC(94)   Post Evacuate Collection Set: 0.56ms
[36.325s][info][gc,phases   ] GC(94)   Other: 0.09ms
[36.325s][info][gc,heap     ] GC(94) Eden regions: 215->0(213)
[36.325s][info][gc,heap     ] GC(94) Survivor regions: 2->3(28)
[36.325s][info][gc,heap     ] GC(94) Old regions: 58->58
[36.325s][info][gc,heap     ] GC(94) Humongous regions: 207->207
[36.325s][info][gc,metaspace] GC(94) Metaspace: 55421K(55744K)->55421K(55744K) NonClass: 49826K(50048K)->49826K(50048K) Class: 5594K(5696K)->5594K(5696K)
[36.325s][info][gc          ] GC(94) Pause Young (Concurrent Start) (G1 Evacuation Pause) 481M->267M(510M) 5.070ms
[36.325s][info][gc,cpu      ] GC(94) User=0.01s Sys=0.00s Real=0.00s
[36.325s][info][gc          ] GC(95) Concurrent Mark Cycle
[36.325s][info][gc,marking  ] GC(95) Concurrent Scan Root Regions
[36.332s][info][gc,marking  ] GC(95) Concurrent Scan Root Regions 6.884ms
[36.332s][info][gc,marking  ] GC(95) Concurrent Mark
[36.332s][info][gc,marking  ] GC(95) Concurrent Mark From Roots
[36.332s][info][gc,task     ] GC(95) Using 1 workers of 1 for marking
[36.381s][info][gc,marking  ] GC(95) Concurrent Mark From Roots 48.914ms
[36.381s][info][gc,marking  ] GC(95) Concurrent Preclean
[36.381s][info][gc,marking  ] GC(95) Concurrent Preclean 0.072ms
[36.381s][info][gc,start    ] GC(95) Pause Remark
[36.388s][info][gc          ] GC(95) Pause Remark 294M->294M(510M) 7.063ms
[36.388s][info][gc,cpu      ] GC(95) User=0.01s Sys=0.00s Real=0.01s
[36.389s][info][gc,marking  ] GC(95) Concurrent Mark 56.600ms
[36.389s][info][gc,marking  ] GC(95) Concurrent Rebuild Remembered Sets and Scrub Regions
[36.405s][info][gc,marking  ] GC(95) Concurrent Rebuild Remembered Sets and Scrub Regions 15.715ms
[36.405s][info][gc,start    ] GC(95) Pause Cleanup
[36.405s][info][gc          ] GC(95) Pause Cleanup 294M->294M(510M) 0.054ms
[36.405s][info][gc,cpu      ] GC(95) User=0.00s Sys=0.00s Real=0.00s
[36.405s][info][gc,marking  ] GC(95) Concurrent Clear Claimed Marks
[36.405s][info][gc,marking  ] GC(95) Concurrent Clear Claimed Marks 0.089ms
[36.405s][info][gc,marking  ] GC(95) Concurrent Cleanup for Next Mark
[36.407s][info][gc,marking  ] GC(95) Concurrent Cleanup for Next Mark 1.728ms
[36.407s][info][gc          ] GC(95) Concurrent Mark Cycle 81.380ms
[36.827s][info][gc,start    ] GC(96) Pause Young (Prepare Mixed) (G1 Evacuation Pause)
[36.827s][info][gc,task     ] GC(96) Using 2 workers of 2 for evacuation
[36.833s][info][gc,phases   ] GC(96)   Pre Evacuate Collection Set: 0.25ms
[36.833s][info][gc,phases   ] GC(96)   Merge Heap Roots: 0.12ms
[36.833s][info][gc,phases   ] GC(96)   Evacuate Collection Set: 5.61ms
[36.833s][info][gc,phases   ] GC(96)   Post Evacuate Collection Set: 0.52ms
[36.833s][info][gc,phases   ] GC(96)   Other: 0.07ms
[36.833s][info][gc,heap     ] GC(96) Eden regions: 213->0(211)
[36.833s][info][gc,heap     ] GC(96) Survivor regions: 3->4(27)
[36.833s][info][gc,heap     ] GC(96) Old regions: 58->58
[36.833s][info][gc,heap     ] GC(96) Humongous regions: 207->207
[36.833s][info][gc,metaspace] GC(96) Metaspace: 55447K(55744K)->55447K(55744K) NonClass: 49851K(50048K)->49851K(50048K) Class: 5596K(5696K)->5596K(5696K)
[36.833s][info][gc          ] GC(96) Pause Young (Prepare Mixed) (G1 Evacuation Pause) 480M->268M(510M) 6.746ms
[36.833s][info][gc,cpu      ] GC(96) User=0.01s Sys=0.00s Real=0.01s
[37.358s][info][gc,start    ] GC(97) Pause Young (Mixed) (G1 Evacuation Pause)
[37.358s][info][gc,task     ] GC(97) Using 2 workers of 2 for evacuation
[37.364s][info][gc,phases   ] GC(97)   Pre Evacuate Collection Set: 0.24ms
[37.364s][info][gc,phases   ] GC(97)   Merge Heap Roots: 0.10ms
[37.364s][info][gc,phases   ] GC(97)   Evacuate Collection Set: 4.70ms
[37.364s][info][gc,phases   ] GC(97)   Post Evacuate Collection Set: 0.51ms
[37.364s][info][gc,phases   ] GC(97)   Other: 0.07ms
[37.364s][info][gc,heap     ] GC(97) Eden regions: 211->0(213)
[37.364s][info][gc,heap     ] GC(97) Survivor regions: 4->3(27)
[37.364s][info][gc,heap     ] GC(97) Old regions: 58->58
[37.364s][info][gc,heap     ] GC(97) Humongous regions: 207->207
[37.364s][info][gc,metaspace] GC(97) Metaspace: 55447K(55744K)->55447K(55744K) NonClass: 49851K(50048K)->49851K(50048K) Class: 5596K(5696K)->5596K(5696K)
[37.364s][info][gc          ] GC(97) Pause Young (Mixed) (G1 Evacuation Pause) 479M->267M(510M) 5.794ms
[37.364s][info][gc,cpu      ] GC(97) User=0.01s Sys=0.00s Real=0.00s
[37.853s][info][gc,start    ] GC(98) Pause Young (Concurrent Start) (G1 Evacuation Pause)
[37.853s][info][gc,task     ] GC(98) Using 2 workers of 2 for evacuation
[37.857s][info][gc,phases   ] GC(98)   Pre Evacuate Collection Set: 0.28ms
[37.857s][info][gc,phases   ] GC(98)   Merge Heap Roots: 0.09ms
[37.857s][info][gc,phases   ] GC(98)   Evacuate Collection Set: 3.28ms
[37.857s][info][gc,phases   ] GC(98)   Post Evacuate Collection Set: 0.53ms
[37.857s][info][gc,phases   ] GC(98)   Other: 0.10ms
[37.857s][info][gc,heap     ] GC(98) Eden regions: 213->0(215)
[37.857s][info][gc,heap     ] GC(98) Survivor regions: 3->2(27)
[37.857s][info][gc,heap     ] GC(98) Old regions: 58->58
[37.857s][info][gc,heap     ] GC(98) Humongous regions: 207->207
[37.857s][info][gc,metaspace] GC(98) Metaspace: 55447K(55744K)->55447K(55744K) NonClass: 49851K(50048K)->49851K(50048K) Class: 5596K(5696K)->5596K(5696K)
[37.857s][info][gc          ] GC(98) Pause Young (Concurrent Start) (G1 Evacuation Pause) 480M->265M(510M) 4.448ms
[37.857s][info][gc,cpu      ] GC(98) User=0.01s Sys=0.00s Real=0.00s
[37.858s][info][gc          ] GC(99) Concurrent Mark Cycle
[37.858s][info][gc,marking  ] GC(99) Concurrent Scan Root Regions
[37.860s][info][gc,marking  ] GC(99) Concurrent Scan Root Regions 2.301ms
[37.860s][info][gc,marking  ] GC(99) Concurrent Mark
[37.860s][info][gc,marking  ] GC(99) Concurrent Mark From Roots
[37.860s][info][gc,task     ] GC(99) Using 1 workers of 1 for marking
[37.902s][info][gc,marking  ] GC(99) Concurrent Mark From Roots 41.631ms
[37.902s][info][gc,marking  ] GC(99) Concurrent Preclean
[37.902s][info][gc,marking  ] GC(99) Concurrent Preclean 0.059ms
[37.902s][info][gc,start    ] GC(99) Pause Remark
[37.909s][info][gc          ] GC(99) Pause Remark 270M->270M(510M) 7.088ms
[37.909s][info][gc,cpu      ] GC(99) User=0.01s Sys=0.00s Real=0.01s
[37.910s][info][gc,marking  ] GC(99) Concurrent Mark 49.821ms
[37.910s][info][gc,marking  ] GC(99) Concurrent Rebuild Remembered Sets and Scrub Regions
[37.949s][info][gc,marking  ] GC(99) Concurrent Rebuild Remembered Sets and Scrub Regions 38.721ms
[37.949s][info][gc,start    ] GC(99) Pause Cleanup
[37.949s][info][gc          ] GC(99) Pause Cleanup 296M->296M(510M) 0.061ms
[37.949s][info][gc,cpu      ] GC(99) User=0.00s Sys=0.00s Real=0.00s
[37.949s][info][gc,marking  ] GC(99) Concurrent Clear Claimed Marks
[37.949s][info][gc,marking  ] GC(99) Concurrent Clear Claimed Marks 0.090ms
[37.949s][info][gc,marking  ] GC(99) Concurrent Cleanup for Next Mark
[37.955s][info][gc,marking  ] GC(99) Concurrent Cleanup for Next Mark 5.723ms
[37.955s][info][gc          ] GC(99) Concurrent Mark Cycle 97.053ms
[38.417s][info][gc,start    ] GC(100) Pause Young (Prepare Mixed) (G1 Evacuation Pause)
[38.417s][info][gc,task     ] GC(100) Using 2 workers of 2 for evacuation
[38.423s][info][gc,phases   ] GC(100)   Pre Evacuate Collection Set: 0.22ms
[38.423s][info][gc,phases   ] GC(100)   Merge Heap Roots: 0.10ms
[38.423s][info][gc,phases   ] GC(100)   Evacuate Collection Set: 4.76ms
[38.423s][info][gc,phases   ] GC(100)   Post Evacuate Collection Set: 0.53ms
[38.423s][info][gc,phases   ] GC(100)   Other: 0.07ms
[38.423s][info][gc,heap     ] GC(100) Eden regions: 215->0(213)
[38.423s][info][gc,heap     ] GC(100) Survivor regions: 2->3(28)
[38.423s][info][gc,heap     ] GC(100) Old regions: 58->58
[38.423s][info][gc,heap     ] GC(100) Humongous regions: 207->207
[38.423s][info][gc,metaspace] GC(100) Metaspace: 55447K(55744K)->55447K(55744K) NonClass: 49851K(50048K)->49851K(50048K) Class: 5596K(5696K)->5596K(5696K)
[38.423s][info][gc          ] GC(100) Pause Young (Prepare Mixed) (G1 Evacuation Pause) 480M->266M(510M) 5.863ms
[38.423s][info][gc,cpu      ] GC(100) User=0.01s Sys=0.00s Real=0.01s
[39.023s][info][gc,start    ] GC(101) Pause Young (Mixed) (G1 Evacuation Pause)
[39.023s][info][gc,task     ] GC(101) Using 2 workers of 2 for evacuation
[39.027s][info][gc,phases   ] GC(101)   Pre Evacuate Collection Set: 0.26ms
[39.027s][info][gc,phases   ] GC(101)   Merge Heap Roots: 0.09ms
[39.027s][info][gc,phases   ] GC(101)   Evacuate Collection Set: 3.60ms
[39.027s][info][gc,phases   ] GC(101)   Post Evacuate Collection Set: 0.52ms
[39.027s][info][gc,phases   ] GC(101)   Other: 0.08ms
[39.027s][info][gc,heap     ] GC(101) Eden regions: 213->0(213)
[39.027s][info][gc,heap     ] GC(101) Survivor regions: 3->3(27)
[39.027s][info][gc,heap     ] GC(101) Old regions: 58->58
[39.027s][info][gc,heap     ] GC(101) Humongous regions: 207->207
[39.027s][info][gc,metaspace] GC(101) Metaspace: 55447K(55744K)->55447K(55744K) NonClass: 49851K(50048K)->49851K(50048K) Class: 5596K(5696K)->5596K(5696K)
[39.027s][info][gc          ] GC(101) Pause Young (Mixed) (G1 Evacuation Pause) 479M->266M(510M) 4.715ms
[39.027s][info][gc,cpu      ] GC(101) User=0.01s Sys=0.00s Real=0.00s
[39.533s][info][gc,start    ] GC(102) Pause Young (Concurrent Start) (G1 Evacuation Pause)
[39.533s][info][gc,task     ] GC(102) Using 2 workers of 2 for evacuation
[39.540s][info][gc,phases   ] GC(102)   Pre Evacuate Collection Set: 0.28ms
[39.540s][info][gc,phases   ] GC(102)   Merge Heap Roots: 0.10ms
[39.540s][info][gc,phases   ] GC(102)   Evacuate Collection Set: 5.79ms
[39.540s][info][gc,phases   ] GC(102)   Post Evacuate Collection Set: 0.53ms
[39.540s][info][gc,phases   ] GC(102)   Other: 0.08ms
[39.540s][info][gc,heap     ] GC(102) Eden regions: 213->0(211)
[39.540s][info][gc,heap     ] GC(102) Survivor regions: 3->4(27)
[39.540s][info][gc,heap     ] GC(102) Old regions: 58->58
[39.540s][info][gc,heap     ] GC(102) Humongous regions: 207->207
[39.540s][info][gc,metaspace] GC(102) Metaspace: 55447K(55744K)->55447K(55744K) NonClass: 49851K(50048K)->49851K(50048K) Class: 5596K(5696K)->5596K(5696K)
[39.540s][info][gc          ] GC(102) Pause Young (Concurrent Start) (G1 Evacuation Pause) 479M->268M(510M) 6.960ms
[39.540s][info][gc,cpu      ] GC(102) User=0.01s Sys=0.00s Real=0.01s
[39.540s][info][gc          ] GC(103) Concurrent Mark Cycle
[39.541s][info][gc,marking  ] GC(103) Concurrent Scan Root Regions
[39.549s][info][gc,marking  ] GC(103) Concurrent Scan Root Regions 8.421ms
[39.549s][info][gc,marking  ] GC(103) Concurrent Mark
[39.549s][info][gc,marking  ] GC(103) Concurrent Mark From Roots
[39.549s][info][gc,task     ] GC(103) Using 1 workers of 1 for marking
[39.593s][info][gc,marking  ] GC(103) Concurrent Mark From Roots 43.865ms
[39.593s][info][gc,marking  ] GC(103) Concurrent Preclean
[39.593s][info][gc,marking  ] GC(103) Concurrent Preclean 0.089ms
[39.593s][info][gc,start    ] GC(103) Pause Remark
[39.600s][info][gc          ] GC(103) Pause Remark 287M->287M(510M) 7.225ms
[39.600s][info][gc,cpu      ] GC(103) User=0.02s Sys=0.00s Real=0.01s
[39.601s][info][gc,marking  ] GC(103) Concurrent Mark 51.644ms
[39.601s][info][gc,marking  ] GC(103) Concurrent Rebuild Remembered Sets and Scrub Regions
[39.624s][info][gc,marking  ] GC(103) Concurrent Rebuild Remembered Sets and Scrub Regions 23.636ms
[39.624s][info][gc,start    ] GC(103) Pause Cleanup
[39.624s][info][gc          ] GC(103) Pause Cleanup 301M->301M(510M) 0.057ms
[39.624s][info][gc,cpu      ] GC(103) User=0.00s Sys=0.00s Real=0.00s
[39.625s][info][gc,marking  ] GC(103) Concurrent Clear Claimed Marks
[39.625s][info][gc,marking  ] GC(103) Concurrent Clear Claimed Marks 0.094ms
[39.625s][info][gc,marking  ] GC(103) Concurrent Cleanup for Next Mark
[39.630s][info][gc,marking  ] GC(103) Concurrent Cleanup for Next Mark 5.043ms
[39.630s][info][gc          ] GC(103) Concurrent Mark Cycle 90.147ms
[40.032s][info][gc,start    ] GC(104) Pause Young (Prepare Mixed) (G1 Evacuation Pause)
[40.032s][info][gc,task     ] GC(104) Using 2 workers of 2 for evacuation
[40.039s][info][gc,phases   ] GC(104)   Pre Evacuate Collection Set: 0.26ms
[40.039s][info][gc,phases   ] GC(104)   Merge Heap Roots: 0.11ms
[40.039s][info][gc,phases   ] GC(104)   Evacuate Collection Set: 5.20ms
[40.039s][info][gc,phases   ] GC(104)   Post Evacuate Collection Set: 0.48ms
[40.039s][info][gc,phases   ] GC(104)   Other: 0.09ms
[40.039s][info][gc,heap     ] GC(104) Eden regions: 211->0(211)
[40.039s][info][gc,heap     ] GC(104) Survivor regions: 4->4(27)
[40.039s][info][gc,heap     ] GC(104) Old regions: 58->58
[40.039s][info][gc,heap     ] GC(104) Humongous regions: 207->207
[40.039s][info][gc,metaspace] GC(104) Metaspace: 55450K(55744K)->55450K(55744K) NonClass: 49854K(50048K)->49854K(50048K) Class: 5596K(5696K)->5596K(5696K)
[40.039s][info][gc          ] GC(104) Pause Young (Prepare Mixed) (G1 Evacuation Pause) 479M->268M(510M) 6.309ms
[40.039s][info][gc,cpu      ] GC(104) User=0.01s Sys=0.00s Real=0.01s
[40.549s][info][gc,start    ] GC(105) Pause Young (Mixed) (G1 Evacuation Pause)
[40.549s][info][gc,task     ] GC(105) Using 2 workers of 2 for evacuation
[40.555s][info][gc,phases   ] GC(105)   Pre Evacuate Collection Set: 0.25ms
[40.555s][info][gc,phases   ] GC(105)   Merge Heap Roots: 0.09ms
[40.555s][info][gc,phases   ] GC(105)   Evacuate Collection Set: 4.53ms
[40.555s][info][gc,phases   ] GC(105)   Post Evacuate Collection Set: 0.53ms
[40.555s][info][gc,phases   ] GC(105)   Other: 0.07ms
[40.555s][info][gc,heap     ] GC(105) Eden regions: 211->0(215)
[40.555s][info][gc,heap     ] GC(105) Survivor regions: 4->2(27)
[40.555s][info][gc,heap     ] GC(105) Old regions: 58->58
[40.555s][info][gc,heap     ] GC(105) Humongous regions: 207->207
[40.555s][info][gc,metaspace] GC(105) Metaspace: 55450K(55744K)->55450K(55744K) NonClass: 49854K(50048K)->49854K(50048K) Class: 5596K(5696K)->5596K(5696K)
[40.555s][info][gc          ] GC(105) Pause Young (Mixed) (G1 Evacuation Pause) 479M->266M(510M) 5.628ms
[40.555s][info][gc,cpu      ] GC(105) User=0.01s Sys=0.00s Real=0.00s
[41.117s][info][gc,start    ] GC(106) Pause Young (Concurrent Start) (G1 Evacuation Pause)
[41.117s][info][gc,task     ] GC(106) Using 2 workers of 2 for evacuation
[41.122s][info][gc,phases   ] GC(106)   Pre Evacuate Collection Set: 0.30ms
[41.122s][info][gc,phases   ] GC(106)   Merge Heap Roots: 0.10ms
[41.122s][info][gc,phases   ] GC(106)   Evacuate Collection Set: 4.06ms
[41.122s][info][gc,phases   ] GC(106)   Post Evacuate Collection Set: 0.50ms
[41.122s][info][gc,phases   ] GC(106)   Other: 0.09ms
[41.122s][info][gc,heap     ] GC(106) Eden regions: 215->0(215)
[41.122s][info][gc,heap     ] GC(106) Survivor regions: 2->2(28)
[41.122s][info][gc,heap     ] GC(106) Old regions: 58->58
[41.122s][info][gc,heap     ] GC(106) Humongous regions: 207->207
[41.122s][info][gc,metaspace] GC(106) Metaspace: 55450K(55744K)->55450K(55744K) NonClass: 49854K(50048K)->49854K(50048K) Class: 5596K(5696K)->5596K(5696K)
[41.122s][info][gc          ] GC(106) Pause Young (Concurrent Start) (G1 Evacuation Pause) 481M->265M(510M) 5.270ms
[41.122s][info][gc,cpu      ] GC(106) User=0.01s Sys=0.00s Real=0.01s
[41.122s][info][gc          ] GC(107) Concurrent Mark Cycle
[41.122s][info][gc,marking  ] GC(107) Concurrent Scan Root Regions
[41.126s][info][gc,marking  ] GC(107) Concurrent Scan Root Regions 4.075ms
[41.126s][info][gc,marking  ] GC(107) Concurrent Mark
[41.126s][info][gc,marking  ] GC(107) Concurrent Mark From Roots
[41.126s][info][gc,task     ] GC(107) Using 1 workers of 1 for marking
[41.177s][info][gc,marking  ] GC(107) Concurrent Mark From Roots 50.803ms
[41.177s][info][gc,marking  ] GC(107) Concurrent Preclean
[41.177s][info][gc,marking  ] GC(107) Concurrent Preclean 0.085ms
[41.177s][info][gc,start    ] GC(107) Pause Remark
[41.184s][info][gc          ] GC(107) Pause Remark 298M->298M(510M) 7.196ms
[41.184s][info][gc,cpu      ] GC(107) User=0.01s Sys=0.00s Real=0.01s
[41.184s][info][gc,marking  ] GC(107) Concurrent Mark 58.274ms
[41.184s][info][gc,marking  ] GC(107) Concurrent Rebuild Remembered Sets and Scrub Regions
[41.200s][info][gc,marking  ] GC(107) Concurrent Rebuild Remembered Sets and Scrub Regions 15.894ms
[41.200s][info][gc,start    ] GC(107) Pause Cleanup
[41.200s][info][gc          ] GC(107) Pause Cleanup 298M->298M(510M) 0.044ms
[41.200s][info][gc,cpu      ] GC(107) User=0.00s Sys=0.00s Real=0.00s
[41.200s][info][gc,marking  ] GC(107) Concurrent Clear Claimed Marks
[41.200s][info][gc,marking  ] GC(107) Concurrent Clear Claimed Marks 0.076ms
[41.200s][info][gc,marking  ] GC(107) Concurrent Cleanup for Next Mark
[41.202s][info][gc,marking  ] GC(107) Concurrent Cleanup for Next Mark 1.600ms
[41.202s][info][gc          ] GC(107) Concurrent Mark Cycle 80.163ms
[41.628s][info][gc,start    ] GC(108) Pause Young (Prepare Mixed) (G1 Evacuation Pause)
[41.628s][info][gc,task     ] GC(108) Using 2 workers of 2 for evacuation
[41.633s][info][gc,phases   ] GC(108)   Pre Evacuate Collection Set: 0.26ms
[41.633s][info][gc,phases   ] GC(108)   Merge Heap Roots: 0.11ms
[41.633s][info][gc,phases   ] GC(108)   Evacuate Collection Set: 4.43ms
[41.633s][info][gc,phases   ] GC(108)   Post Evacuate Collection Set: 0.53ms
[41.633s][info][gc,phases   ] GC(108)   Other: 0.07ms
[41.633s][info][gc,heap     ] GC(108) Eden regions: 215->0(213)
[41.633s][info][gc,heap     ] GC(108) Survivor regions: 2->3(28)
[41.633s][info][gc,heap     ] GC(108) Old regions: 58->58
[41.633s][info][gc,heap     ] GC(108) Humongous regions: 207->207
[41.633s][info][gc,metaspace] GC(108) Metaspace: 55450K(55744K)->55450K(55744K) NonClass: 49854K(50048K)->49854K(50048K) Class: 5596K(5696K)->5596K(5696K)
[41.633s][info][gc          ] GC(108) Pause Young (Prepare Mixed) (G1 Evacuation Pause) 480M->267M(510M) 5.556ms
[41.633s][info][gc,cpu      ] GC(108) User=0.01s Sys=0.00s Real=0.01s
[42.204s][info][gc,start    ] GC(109) Pause Young (Mixed) (G1 Evacuation Pause)
[42.204s][info][gc,task     ] GC(109) Using 2 workers of 2 for evacuation
[42.210s][info][gc,phases   ] GC(109)   Pre Evacuate Collection Set: 0.29ms
[42.210s][info][gc,phases   ] GC(109)   Merge Heap Roots: 0.10ms
[42.210s][info][gc,phases   ] GC(109)   Evacuate Collection Set: 4.96ms
[42.210s][info][gc,phases   ] GC(109)   Post Evacuate Collection Set: 0.53ms
[42.210s][info][gc,phases   ] GC(109)   Other: 0.08ms
[42.210s][info][gc,heap     ] GC(109) Eden regions: 213->0(213)
[42.210s][info][gc,heap     ] GC(109) Survivor regions: 3->3(27)
[42.210s][info][gc,heap     ] GC(109) Old regions: 58->58
[42.210s][info][gc,heap     ] GC(109) Humongous regions: 207->207
[42.210s][info][gc,metaspace] GC(109) Metaspace: 55450K(55744K)->55450K(55744K) NonClass: 49854K(50048K)->49854K(50048K) Class: 5596K(5696K)->5596K(5696K)
[42.210s][info][gc          ] GC(109) Pause Young (Mixed) (G1 Evacuation Pause) 480M->267M(510M) 6.141ms
[42.210s][info][gc,cpu      ] GC(109) User=0.01s Sys=0.00s Real=0.01s
[42.713s][info][gc,start    ] GC(110) Pause Young (Concurrent Start) (G1 Evacuation Pause)
[42.713s][info][gc,task     ] GC(110) Using 2 workers of 2 for evacuation
[42.717s][info][gc,phases   ] GC(110)   Pre Evacuate Collection Set: 0.28ms
[42.717s][info][gc,phases   ] GC(110)   Merge Heap Roots: 0.09ms
[42.717s][info][gc,phases   ] GC(110)   Evacuate Collection Set: 3.34ms
[42.717s][info][gc,phases   ] GC(110)   Post Evacuate Collection Set: 0.51ms
[42.717s][info][gc,phases   ] GC(110)   Other: 0.10ms
[42.717s][info][gc,heap     ] GC(110) Eden regions: 213->0(213)
[42.717s][info][gc,heap     ] GC(110) Survivor regions: 3->3(27)
[42.717s][info][gc,heap     ] GC(110) Old regions: 58->58
[42.717s][info][gc,heap     ] GC(110) Humongous regions: 207->207
[42.717s][info][gc,metaspace] GC(110) Metaspace: 55450K(55744K)->55450K(55744K) NonClass: 49854K(50048K)->49854K(50048K) Class: 5596K(5696K)->5596K(5696K)
[42.717s][info][gc          ] GC(110) Pause Young (Concurrent Start) (G1 Evacuation Pause) 480M->266M(510M) 4.486ms
[42.717s][info][gc,cpu      ] GC(110) User=0.01s Sys=0.00s Real=0.00s
[42.717s][info][gc          ] GC(111) Concurrent Mark Cycle
[42.718s][info][gc,marking  ] GC(111) Concurrent Scan Root Regions
[42.723s][info][gc,marking  ] GC(111) Concurrent Scan Root Regions 5.149ms
[42.723s][info][gc,marking  ] GC(111) Concurrent Mark
[42.723s][info][gc,marking  ] GC(111) Concurrent Mark From Roots
[42.723s][info][gc,task     ] GC(111) Using 1 workers of 1 for marking
[42.780s][info][gc,marking  ] GC(111) Concurrent Mark From Roots 56.719ms
[42.780s][info][gc,marking  ] GC(111) Concurrent Preclean
[42.780s][info][gc,marking  ] GC(111) Concurrent Preclean 0.085ms
[42.780s][info][gc,start    ] GC(111) Pause Remark
[42.787s][info][gc          ] GC(111) Pause Remark 301M->301M(510M) 7.010ms
[42.787s][info][gc,cpu      ] GC(111) User=0.02s Sys=0.00s Real=0.00s
[42.787s][info][gc,marking  ] GC(111) Concurrent Mark 64.287ms
[42.787s][info][gc,marking  ] GC(111) Concurrent Rebuild Remembered Sets and Scrub Regions
[42.803s][info][gc,marking  ] GC(111) Concurrent Rebuild Remembered Sets and Scrub Regions 15.617ms
[42.803s][info][gc,start    ] GC(111) Pause Cleanup
[42.803s][info][gc          ] GC(111) Pause Cleanup 301M->301M(510M) 0.043ms
[42.803s][info][gc,cpu      ] GC(111) User=0.00s Sys=0.00s Real=0.00s
[42.803s][info][gc,marking  ] GC(111) Concurrent Clear Claimed Marks
[42.803s][info][gc,marking  ] GC(111) Concurrent Clear Claimed Marks 0.077ms
[42.803s][info][gc,marking  ] GC(111) Concurrent Cleanup for Next Mark
[42.805s][info][gc,marking  ] GC(111) Concurrent Cleanup for Next Mark 1.468ms
[42.805s][info][gc          ] GC(111) Concurrent Mark Cycle 87.574ms
[43.236s][info][gc,start    ] GC(112) Pause Young (Prepare Mixed) (G1 Evacuation Pause)
[43.236s][info][gc,task     ] GC(112) Using 2 workers of 2 for evacuation
[43.257s][info][gc,phases   ] GC(112)   Pre Evacuate Collection Set: 0.31ms
[43.257s][info][gc,phases   ] GC(112)   Merge Heap Roots: 0.14ms
[43.257s][info][gc,phases   ] GC(112)   Evacuate Collection Set: 19.98ms
[43.257s][info][gc,phases   ] GC(112)   Post Evacuate Collection Set: 0.77ms
[43.257s][info][gc,phases   ] GC(112)   Other: 0.08ms
[43.257s][info][gc,heap     ] GC(112) Eden regions: 213->0(211)
[43.257s][info][gc,heap     ] GC(112) Survivor regions: 3->4(27)
[43.257s][info][gc,heap     ] GC(112) Old regions: 58->58
[43.257s][info][gc,heap     ] GC(112) Humongous regions: 207->207
[43.257s][info][gc,metaspace] GC(112) Metaspace: 55450K(55744K)->55450K(55744K) NonClass: 49854K(50048K)->49854K(50048K) Class: 5596K(5696K)->5596K(5696K)
[43.257s][info][gc          ] GC(112) Pause Young (Prepare Mixed) (G1 Evacuation Pause) 479M->267M(510M) 21.500ms
[43.257s][info][gc,cpu      ] GC(112) User=0.03s Sys=0.00s Real=0.02s
[43.733s][info][gc,start    ] GC(113) Pause Young (Mixed) (G1 Evacuation Pause)
[43.733s][info][gc,task     ] GC(113) Using 2 workers of 2 for evacuation
[43.743s][info][gc,phases   ] GC(113)   Pre Evacuate Collection Set: 0.32ms
[43.743s][info][gc,phases   ] GC(113)   Merge Heap Roots: 0.15ms
[43.743s][info][gc,phases   ] GC(113)   Evacuate Collection Set: 8.48ms
[43.743s][info][gc,phases   ] GC(113)   Post Evacuate Collection Set: 0.54ms
[43.743s][info][gc,phases   ] GC(113)   Other: 0.09ms
[43.743s][info][gc,heap     ] GC(113) Eden regions: 211->0(211)
[43.743s][info][gc,heap     ] GC(113) Survivor regions: 4->4(27)
[43.743s][info][gc,heap     ] GC(113) Old regions: 58->58
[43.743s][info][gc,heap     ] GC(113) Humongous regions: 207->207
[43.743s][info][gc,metaspace] GC(113) Metaspace: 55450K(55744K)->55450K(55744K) NonClass: 49854K(50048K)->49854K(50048K) Class: 5596K(5696K)->5596K(5696K)
[43.743s][info][gc          ] GC(113) Pause Young (Mixed) (G1 Evacuation Pause) 478M->267M(510M) 9.741ms
[43.743s][info][gc,cpu      ] GC(113) User=0.01s Sys=0.00s Real=0.01s
[44.244s][info][gc,start    ] GC(114) Pause Young (Concurrent Start) (G1 Evacuation Pause)
[44.245s][info][gc,task     ] GC(114) Using 2 workers of 2 for evacuation
[44.249s][info][gc,phases   ] GC(114)   Pre Evacuate Collection Set: 0.28ms
[44.249s][info][gc,phases   ] GC(114)   Merge Heap Roots: 0.11ms
[44.249s][info][gc,phases   ] GC(114)   Evacuate Collection Set: 3.26ms
[44.249s][info][gc,phases   ] GC(114)   Post Evacuate Collection Set: 0.50ms
[44.249s][info][gc,phases   ] GC(114)   Other: 0.09ms
[44.249s][info][gc,heap     ] GC(114) Eden regions: 211->0(215)
[44.249s][info][gc,heap     ] GC(114) Survivor regions: 4->2(27)
[44.249s][info][gc,heap     ] GC(114) Old regions: 58->58
[44.249s][info][gc,heap     ] GC(114) Humongous regions: 207->207
[44.249s][info][gc,metaspace] GC(114) Metaspace: 55450K(55744K)->55450K(55744K) NonClass: 49854K(50048K)->49854K(50048K) Class: 5596K(5696K)->5596K(5696K)
[44.249s][info][gc          ] GC(114) Pause Young (Concurrent Start) (G1 Evacuation Pause) 478M->266M(510M) 4.406ms
[44.249s][info][gc,cpu      ] GC(114) User=0.01s Sys=0.00s Real=0.01s
[44.249s][info][gc          ] GC(115) Concurrent Mark Cycle
[44.249s][info][gc,marking  ] GC(115) Concurrent Scan Root Regions
[44.253s][info][gc,marking  ] GC(115) Concurrent Scan Root Regions 4.103ms
[44.253s][info][gc,marking  ] GC(115) Concurrent Mark
[44.253s][info][gc,marking  ] GC(115) Concurrent Mark From Roots
[44.253s][info][gc,task     ] GC(115) Using 1 workers of 1 for marking
[44.294s][info][gc,marking  ] GC(115) Concurrent Mark From Roots 41.128ms
[44.294s][info][gc,marking  ] GC(115) Concurrent Preclean
[44.294s][info][gc,marking  ] GC(115) Concurrent Preclean 0.057ms
[44.294s][info][gc,start    ] GC(115) Pause Remark
[44.301s][info][gc          ] GC(115) Pause Remark 271M->271M(510M) 7.030ms
[44.301s][info][gc,cpu      ] GC(115) User=0.02s Sys=0.00s Real=0.01s
[44.302s][info][gc,marking  ] GC(115) Concurrent Mark 48.952ms
[44.302s][info][gc,marking  ] GC(115) Concurrent Rebuild Remembered Sets and Scrub Regions
[44.324s][info][gc,marking  ] GC(115) Concurrent Rebuild Remembered Sets and Scrub Regions 22.206ms
[44.324s][info][gc,start    ] GC(115) Pause Cleanup
[44.324s][info][gc          ] GC(115) Pause Cleanup 285M->285M(510M) 0.054ms
[44.324s][info][gc,cpu      ] GC(115) User=0.00s Sys=0.00s Real=0.00s
[44.325s][info][gc,marking  ] GC(115) Concurrent Clear Claimed Marks
[44.325s][info][gc,marking  ] GC(115) Concurrent Clear Claimed Marks 0.096ms
[44.325s][info][gc,marking  ] GC(115) Concurrent Cleanup for Next Mark
[44.327s][info][gc,marking  ] GC(115) Concurrent Cleanup for Next Mark 1.502ms
[44.327s][info][gc          ] GC(115) Concurrent Mark Cycle 77.898ms
[44.815s][info][gc,start    ] GC(116) Pause Young (Prepare Mixed) (G1 Evacuation Pause)
[44.815s][info][gc,task     ] GC(116) Using 2 workers of 2 for evacuation
[44.818s][info][gc,phases   ] GC(116)   Pre Evacuate Collection Set: 0.28ms
[44.818s][info][gc,phases   ] GC(116)   Merge Heap Roots: 0.11ms
[44.818s][info][gc,phases   ] GC(116)   Evacuate Collection Set: 2.62ms
[44.818s][info][gc,phases   ] GC(116)   Post Evacuate Collection Set: 0.50ms
[44.818s][info][gc,phases   ] GC(116)   Other: 0.10ms
[44.819s][info][gc,heap     ] GC(116) Eden regions: 215->0(217)
[44.819s][info][gc,heap     ] GC(116) Survivor regions: 2->1(28)
[44.819s][info][gc,heap     ] GC(116) Old regions: 58->58
[44.819s][info][gc,heap     ] GC(116) Humongous regions: 207->207
[44.819s][info][gc,metaspace] GC(116) Metaspace: 55450K(55744K)->55450K(55744K) NonClass: 49854K(50048K)->49854K(50048K) Class: 5596K(5696K)->5596K(5696K)
[44.819s][info][gc          ] GC(116) Pause Young (Prepare Mixed) (G1 Evacuation Pause) 481M->265M(510M) 3.793ms
[44.819s][info][gc,cpu      ] GC(116) User=0.01s Sys=0.00s Real=0.01s
[45.326s][info][gc,start    ] GC(117) Pause Young (Mixed) (G1 Evacuation Pause)
[45.326s][info][gc,task     ] GC(117) Using 2 workers of 2 for evacuation
[45.332s][info][gc,phases   ] GC(117)   Pre Evacuate Collection Set: 0.24ms
[45.332s][info][gc,phases   ] GC(117)   Merge Heap Roots: 0.09ms
[45.332s][info][gc,phases   ] GC(117)   Evacuate Collection Set: 4.34ms
[45.332s][info][gc,phases   ] GC(117)   Post Evacuate Collection Set: 0.48ms
[45.332s][info][gc,phases   ] GC(117)   Other: 0.07ms
[45.332s][info][gc,heap     ] GC(117) Eden regions: 217->0(213)
[45.332s][info][gc,heap     ] GC(117) Survivor regions: 1->3(28)
[45.332s][info][gc,heap     ] GC(117) Old regions: 58->58
[45.332s][info][gc,heap     ] GC(117) Humongous regions: 207->207
[45.332s][info][gc,metaspace] GC(117) Metaspace: 55450K(55744K)->55450K(55744K) NonClass: 49854K(50048K)->49854K(50048K) Class: 5596K(5696K)->5596K(5696K)
[45.332s][info][gc          ] GC(117) Pause Young (Mixed) (G1 Evacuation Pause) 482M->266M(510M) 5.390ms
[45.332s][info][gc,cpu      ] GC(117) User=0.01s Sys=0.00s Real=0.01s
[45.836s][info][gc,start    ] GC(118) Pause Young (Concurrent Start) (G1 Evacuation Pause)
[45.836s][info][gc,task     ] GC(118) Using 2 workers of 2 for evacuation
[45.841s][info][gc,phases   ] GC(118)   Pre Evacuate Collection Set: 0.28ms
[45.841s][info][gc,phases   ] GC(118)   Merge Heap Roots: 0.10ms
[45.841s][info][gc,phases   ] GC(118)   Evacuate Collection Set: 4.04ms
[45.841s][info][gc,phases   ] GC(118)   Post Evacuate Collection Set: 0.47ms
[45.841s][info][gc,phases   ] GC(118)   Other: 0.11ms
[45.841s][info][gc,heap     ] GC(118) Eden regions: 213->0(213)
[45.841s][info][gc,heap     ] GC(118) Survivor regions: 3->3(27)
[45.841s][info][gc,heap     ] GC(118) Old regions: 58->58
[45.841s][info][gc,heap     ] GC(118) Humongous regions: 207->207
[45.841s][info][gc,metaspace] GC(118) Metaspace: 55450K(55744K)->55450K(55744K) NonClass: 49854K(50048K)->49854K(50048K) Class: 5596K(5696K)->5596K(5696K)
[45.841s][info][gc          ] GC(118) Pause Young (Concurrent Start) (G1 Evacuation Pause) 479M->266M(510M) 5.154ms
[45.841s][info][gc,cpu      ] GC(118) User=0.01s Sys=0.00s Real=0.01s
[45.841s][info][gc          ] GC(119) Concurrent Mark Cycle
[45.841s][info][gc,marking  ] GC(119) Concurrent Scan Root Regions
[45.849s][info][gc,marking  ] GC(119) Concurrent Scan Root Regions 7.846ms
[45.849s][info][gc,marking  ] GC(119) Concurrent Mark
[45.849s][info][gc,marking  ] GC(119) Concurrent Mark From Roots
[45.849s][info][gc,task     ] GC(119) Using 1 workers of 1 for marking
[45.894s][info][gc,marking  ] GC(119) Concurrent Mark From Roots 44.794ms
[45.894s][info][gc,marking  ] GC(119) Concurrent Preclean
[45.894s][info][gc,marking  ] GC(119) Concurrent Preclean 0.054ms
[45.894s][info][gc,start    ] GC(119) Pause Remark
[45.901s][info][gc          ] GC(119) Pause Remark 282M->282M(510M) 6.864ms
[45.901s][info][gc,cpu      ] GC(119) User=0.01s Sys=0.00s Real=0.01s
[45.902s][info][gc,marking  ] GC(119) Concurrent Mark 52.254ms
[45.902s][info][gc,marking  ] GC(119) Concurrent Rebuild Remembered Sets and Scrub Regions
[45.924s][info][gc,marking  ] GC(119) Concurrent Rebuild Remembered Sets and Scrub Regions 22.698ms
[45.924s][info][gc,start    ] GC(119) Pause Cleanup
[45.924s][info][gc          ] GC(119) Pause Cleanup 297M->297M(510M) 0.056ms
[45.924s][info][gc,cpu      ] GC(119) User=0.00s Sys=0.00s Real=0.00s
[45.926s][info][gc,marking  ] GC(119) Concurrent Clear Claimed Marks
[45.926s][info][gc,marking  ] GC(119) Concurrent Clear Claimed Marks 0.099ms
[45.926s][info][gc,marking  ] GC(119) Concurrent Cleanup for Next Mark
[45.928s][info][gc,marking  ] GC(119) Concurrent Cleanup for Next Mark 1.897ms
[45.928s][info][gc          ] GC(119) Concurrent Mark Cycle 86.841ms
[46.346s][info][gc,start    ] GC(120) Pause Young (Prepare Mixed) (G1 Evacuation Pause)
[46.346s][info][gc,task     ] GC(120) Using 2 workers of 2 for evacuation
[46.351s][info][gc,phases   ] GC(120)   Pre Evacuate Collection Set: 0.23ms
[46.351s][info][gc,phases   ] GC(120)   Merge Heap Roots: 0.13ms
[46.351s][info][gc,phases   ] GC(120)   Evacuate Collection Set: 4.05ms
[46.351s][info][gc,phases   ] GC(120)   Post Evacuate Collection Set: 0.50ms
[46.351s][info][gc,phases   ] GC(120)   Other: 0.07ms
[46.351s][info][gc,heap     ] GC(120) Eden regions: 213->0(213)
[46.351s][info][gc,heap     ] GC(120) Survivor regions: 3->3(27)
[46.351s][info][gc,heap     ] GC(120) Old regions: 58->58
[46.351s][info][gc,heap     ] GC(120) Humongous regions: 207->207
[46.351s][info][gc,metaspace] GC(120) Metaspace: 55450K(55744K)->55450K(55744K) NonClass: 49854K(50048K)->49854K(50048K) Class: 5596K(5696K)->5596K(5696K)
[46.351s][info][gc          ] GC(120) Pause Young (Prepare Mixed) (G1 Evacuation Pause) 479M->266M(510M) 5.161ms
[46.351s][info][gc,cpu      ] GC(120) User=0.01s Sys=0.00s Real=0.01s
[46.854s][info][gc,start    ] GC(121) Pause Young (Mixed) (G1 Evacuation Pause)
[46.854s][info][gc,task     ] GC(121) Using 2 workers of 2 for evacuation
[46.858s][info][gc,phases   ] GC(121)   Pre Evacuate Collection Set: 0.24ms
[46.858s][info][gc,phases   ] GC(121)   Merge Heap Roots: 0.09ms
[46.858s][info][gc,phases   ] GC(121)   Evacuate Collection Set: 3.11ms
[46.858s][info][gc,phases   ] GC(121)   Post Evacuate Collection Set: 0.50ms
[46.858s][info][gc,phases   ] GC(121)   Other: 0.07ms
[46.858s][info][gc,heap     ] GC(121) Eden regions: 213->0(217)
[46.858s][info][gc,heap     ] GC(121) Survivor regions: 3->1(27)
[46.858s][info][gc,heap     ] GC(121) Old regions: 58->58
[46.858s][info][gc,heap     ] GC(121) Humongous regions: 207->207
[46.858s][info][gc,metaspace] GC(121) Metaspace: 55450K(55744K)->55450K(55744K) NonClass: 49854K(50048K)->49854K(50048K) Class: 5596K(5696K)->5596K(5696K)
[46.858s][info][gc          ] GC(121) Pause Young (Mixed) (G1 Evacuation Pause) 479M->265M(510M) 4.173ms
[46.858s][info][gc,cpu      ] GC(121) User=0.01s Sys=0.00s Real=0.01s
[47.422s][info][gc,start    ] GC(122) Pause Young (Concurrent Start) (G1 Evacuation Pause)
[47.422s][info][gc,task     ] GC(122) Using 2 workers of 2 for evacuation
[47.426s][info][gc,phases   ] GC(122)   Pre Evacuate Collection Set: 0.29ms
[47.426s][info][gc,phases   ] GC(122)   Merge Heap Roots: 0.10ms
[47.426s][info][gc,phases   ] GC(122)   Evacuate Collection Set: 3.06ms
[47.426s][info][gc,phases   ] GC(122)   Post Evacuate Collection Set: 0.48ms
[47.426s][info][gc,phases   ] GC(122)   Other: 0.11ms
[47.426s][info][gc,heap     ] GC(122) Eden regions: 217->0(215)
[47.426s][info][gc,heap     ] GC(122) Survivor regions: 1->2(28)
[47.426s][info][gc,heap     ] GC(122) Old regions: 58->58
[47.426s][info][gc,heap     ] GC(122) Humongous regions: 207->207
[47.426s][info][gc,metaspace] GC(122) Metaspace: 55450K(55744K)->55450K(55744K) NonClass: 49854K(50048K)->49854K(50048K) Class: 5596K(5696K)->5596K(5696K)
[47.426s][info][gc          ] GC(122) Pause Young (Concurrent Start) (G1 Evacuation Pause) 482M->265M(510M) 4.218ms
[47.426s][info][gc          ] GC(123) Concurrent Mark Cycle
[47.426s][info][gc,marking  ] GC(123) Concurrent Scan Root Regions
[47.428s][info][gc,cpu      ] GC(122) User=0.01s Sys=0.00s Real=0.00s
[47.428s][info][gc,marking  ] GC(123) Concurrent Scan Root Regions 2.640ms
[47.429s][info][gc,marking  ] GC(123) Concurrent Mark
[47.429s][info][gc,marking  ] GC(123) Concurrent Mark From Roots
[47.429s][info][gc,task     ] GC(123) Using 1 workers of 1 for marking
[47.474s][info][gc,marking  ] GC(123) Concurrent Mark From Roots 45.816ms
[47.474s][info][gc,marking  ] GC(123) Concurrent Preclean
[47.474s][info][gc,marking  ] GC(123) Concurrent Preclean 0.063ms
[47.475s][info][gc,start    ] GC(123) Pause Remark
[47.481s][info][gc          ] GC(123) Pause Remark 291M->291M(510M) 6.917ms
[47.481s][info][gc,cpu      ] GC(123) User=0.01s Sys=0.00s Real=0.01s
[47.482s][info][gc,marking  ] GC(123) Concurrent Mark 53.380ms
[47.482s][info][gc,marking  ] GC(123) Concurrent Rebuild Remembered Sets and Scrub Regions
[47.497s][info][gc,marking  ] GC(123) Concurrent Rebuild Remembered Sets and Scrub Regions 15.042ms
[47.497s][info][gc,start    ] GC(123) Pause Cleanup
[47.497s][info][gc          ] GC(123) Pause Cleanup 291M->291M(510M) 0.042ms
[47.497s][info][gc,cpu      ] GC(123) User=0.00s Sys=0.00s Real=0.00s
[47.497s][info][gc,marking  ] GC(123) Concurrent Clear Claimed Marks
[47.497s][info][gc,marking  ] GC(123) Concurrent Clear Claimed Marks 0.076ms
[47.497s][info][gc,marking  ] GC(123) Concurrent Cleanup for Next Mark
[47.499s][info][gc,marking  ] GC(123) Concurrent Cleanup for Next Mark 1.465ms
[47.499s][info][gc          ] GC(123) Concurrent Mark Cycle 72.821ms
[47.936s][info][gc,start    ] GC(124) Pause Young (Prepare Mixed) (G1 Evacuation Pause)
[47.936s][info][gc,task     ] GC(124) Using 2 workers of 2 for evacuation
[47.941s][info][gc,phases   ] GC(124)   Pre Evacuate Collection Set: 0.25ms
[47.941s][info][gc,phases   ] GC(124)   Merge Heap Roots: 0.10ms
[47.941s][info][gc,phases   ] GC(124)   Evacuate Collection Set: 4.50ms
[47.941s][info][gc,phases   ] GC(124)   Post Evacuate Collection Set: 0.51ms
[47.941s][info][gc,phases   ] GC(124)   Other: 0.09ms
[47.941s][info][gc,heap     ] GC(124) Eden regions: 215->0(213)
[47.941s][info][gc,heap     ] GC(124) Survivor regions: 2->3(28)
[47.941s][info][gc,heap     ] GC(124) Old regions: 58->58
[47.941s][info][gc,heap     ] GC(124) Humongous regions: 207->207
[47.941s][info][gc,metaspace] GC(124) Metaspace: 55450K(55744K)->55450K(55744K) NonClass: 49854K(50048K)->49854K(50048K) Class: 5596K(5696K)->5596K(5696K)
[47.941s][info][gc          ] GC(124) Pause Young (Prepare Mixed) (G1 Evacuation Pause) 480M->266M(510M) 5.620ms
[47.941s][info][gc,cpu      ] GC(124) User=0.01s Sys=0.00s Real=0.01s
[48.469s][info][gc,start    ] GC(125) Pause Young (Mixed) (G1 Evacuation Pause)
[48.470s][info][gc,task     ] GC(125) Using 2 workers of 2 for evacuation
[48.473s][info][gc,phases   ] GC(125)   Pre Evacuate Collection Set: 0.26ms
[48.473s][info][gc,phases   ] GC(125)   Merge Heap Roots: 0.09ms
[48.473s][info][gc,phases   ] GC(125)   Evacuate Collection Set: 2.34ms
[48.473s][info][gc,phases   ] GC(125)   Post Evacuate Collection Set: 0.52ms
[48.473s][info][gc,phases   ] GC(125)   Other: 0.09ms
[48.473s][info][gc,heap     ] GC(125) Eden regions: 213->0(217)
[48.473s][info][gc,heap     ] GC(125) Survivor regions: 3->1(27)
[48.473s][info][gc,heap     ] GC(125) Old regions: 58->58
[48.473s][info][gc,heap     ] GC(125) Humongous regions: 207->207
[48.473s][info][gc,metaspace] GC(125) Metaspace: 55450K(55744K)->55450K(55744K) NonClass: 49854K(50048K)->49854K(50048K) Class: 5596K(5696K)->5596K(5696K)
[48.473s][info][gc          ] GC(125) Pause Young (Mixed) (G1 Evacuation Pause) 479M->265M(510M) 3.516ms
[48.473s][info][gc,cpu      ] GC(125) User=0.00s Sys=0.00s Real=0.00s
[49.021s][info][gc,start    ] GC(126) Pause Young (Concurrent Start) (G1 Evacuation Pause)
[49.021s][info][gc,task     ] GC(126) Using 2 workers of 2 for evacuation
[49.025s][info][gc,phases   ] GC(126)   Pre Evacuate Collection Set: 0.28ms
[49.025s][info][gc,phases   ] GC(126)   Merge Heap Roots: 0.10ms
[49.025s][info][gc,phases   ] GC(126)   Evacuate Collection Set: 3.67ms
[49.025s][info][gc,phases   ] GC(126)   Post Evacuate Collection Set: 0.49ms
[49.025s][info][gc,phases   ] GC(126)   Other: 0.10ms
[49.025s][info][gc,heap     ] GC(126) Eden regions: 217->0(215)
[49.025s][info][gc,heap     ] GC(126) Survivor regions: 1->2(28)
[49.025s][info][gc,heap     ] GC(126) Old regions: 58->58
[49.025s][info][gc,heap     ] GC(126) Humongous regions: 207->207
[49.026s][info][gc,metaspace] GC(126) Metaspace: 55452K(55744K)->55452K(55744K) NonClass: 49855K(50048K)->49855K(50048K) Class: 5596K(5696K)->5596K(5696K)
[49.026s][info][gc          ] GC(126) Pause Young (Concurrent Start) (G1 Evacuation Pause) 481M->266M(510M) 4.806ms
[49.026s][info][gc,cpu      ] GC(126) User=0.01s Sys=0.00s Real=0.00s
[49.026s][info][gc          ] GC(127) Concurrent Mark Cycle
[49.026s][info][gc,marking  ] GC(127) Concurrent Scan Root Regions
[49.030s][info][gc,marking  ] GC(127) Concurrent Scan Root Regions 4.431ms
[49.030s][info][gc,marking  ] GC(127) Concurrent Mark
[49.030s][info][gc,marking  ] GC(127) Concurrent Mark From Roots
[49.030s][info][gc,task     ] GC(127) Using 1 workers of 1 for marking
[49.079s][info][gc,marking  ] GC(127) Concurrent Mark From Roots 48.564ms
[49.079s][info][gc,marking  ] GC(127) Concurrent Preclean
[49.079s][info][gc,marking  ] GC(127) Concurrent Preclean 0.067ms
[49.079s][info][gc,start    ] GC(127) Pause Remark
[49.099s][info][gc          ] GC(127) Pause Remark 290M->290M(510M) 19.827ms
[49.099s][info][gc,cpu      ] GC(127) User=0.02s Sys=0.00s Real=0.02s
[49.100s][info][gc,marking  ] GC(127) Concurrent Mark 69.721ms
[49.100s][info][gc,marking  ] GC(127) Concurrent Rebuild Remembered Sets and Scrub Regions
[49.122s][info][gc,marking  ] GC(127) Concurrent Rebuild Remembered Sets and Scrub Regions 22.685ms
[49.123s][info][gc,start    ] GC(127) Pause Cleanup
[49.123s][info][gc          ] GC(127) Pause Cleanup 292M->292M(510M) 0.067ms
[49.123s][info][gc,cpu      ] GC(127) User=0.00s Sys=0.00s Real=0.00s
[49.123s][info][gc,marking  ] GC(127) Concurrent Clear Claimed Marks
[49.123s][info][gc,marking  ] GC(127) Concurrent Clear Claimed Marks 0.081ms
[49.123s][info][gc,marking  ] GC(127) Concurrent Cleanup for Next Mark
[49.124s][info][gc,marking  ] GC(127) Concurrent Cleanup for Next Mark 1.652ms
[49.124s][info][gc          ] GC(127) Concurrent Mark Cycle 98.890ms
[49.532s][info][gc,start    ] GC(128) Pause Young (Prepare Mixed) (G1 Evacuation Pause)
[49.532s][info][gc,task     ] GC(128) Using 2 workers of 2 for evacuation
[49.538s][info][gc,phases   ] GC(128)   Pre Evacuate Collection Set: 0.33ms
[49.538s][info][gc,phases   ] GC(128)   Merge Heap Roots: 0.14ms
[49.538s][info][gc,phases   ] GC(128)   Evacuate Collection Set: 4.94ms
[49.538s][info][gc,phases   ] GC(128)   Post Evacuate Collection Set: 0.65ms
[49.538s][info][gc,phases   ] GC(128)   Other: 0.07ms
[49.538s][info][gc,heap     ] GC(128) Eden regions: 215->0(211)
[49.538s][info][gc,heap     ] GC(128) Survivor regions: 2->4(28)
[49.538s][info][gc,heap     ] GC(128) Old regions: 58->58
[49.538s][info][gc,heap     ] GC(128) Humongous regions: 207->207
[49.538s][info][gc,metaspace] GC(128) Metaspace: 55453K(55744K)->55453K(55744K) NonClass: 49857K(50048K)->49857K(50048K) Class: 5596K(5696K)->5596K(5696K)
[49.538s][info][gc          ] GC(128) Pause Young (Prepare Mixed) (G1 Evacuation Pause) 481M->267M(510M) 6.299ms
[49.538s][info][gc,cpu      ] GC(128) User=0.01s Sys=0.00s Real=0.01s
[50.039s][info][gc,start    ] GC(129) Pause Young (Mixed) (G1 Evacuation Pause)
[50.039s][info][gc,task     ] GC(129) Using 2 workers of 2 for evacuation
[50.047s][info][gc,phases   ] GC(129)   Pre Evacuate Collection Set: 0.24ms
[50.047s][info][gc,phases   ] GC(129)   Merge Heap Roots: 0.10ms
[50.047s][info][gc,phases   ] GC(129)   Evacuate Collection Set: 6.84ms
[50.047s][info][gc,phases   ] GC(129)   Post Evacuate Collection Set: 0.53ms
[50.047s][info][gc,phases   ] GC(129)   Other: 0.07ms
[50.047s][info][gc,heap     ] GC(129) Eden regions: 211->0(212)
[50.047s][info][gc,heap     ] GC(129) Survivor regions: 4->4(27)
[50.047s][info][gc,heap     ] GC(129) Old regions: 58->57
[50.047s][info][gc,heap     ] GC(129) Humongous regions: 207->207
[50.047s][info][gc,metaspace] GC(129) Metaspace: 55453K(55744K)->55453K(55744K) NonClass: 49857K(50048K)->49857K(50048K) Class: 5596K(5696K)->5596K(5696K)
[50.047s][info][gc          ] GC(129) Pause Young (Mixed) (G1 Evacuation Pause) 478M->267M(510M) 7.976ms
[50.047s][info][gc,cpu      ] GC(129) User=0.01s Sys=0.00s Real=0.00s
[50.644s][info][gc,start    ] GC(130) Pause Young (Concurrent Start) (G1 Evacuation Pause)
[50.644s][info][gc,task     ] GC(130) Using 2 workers of 2 for evacuation
[50.649s][info][gc,phases   ] GC(130)   Pre Evacuate Collection Set: 0.26ms
[50.650s][info][gc,phases   ] GC(130)   Merge Heap Roots: 0.10ms
[50.650s][info][gc,phases   ] GC(130)   Evacuate Collection Set: 4.14ms
[50.650s][info][gc,phases   ] GC(130)   Post Evacuate Collection Set: 0.49ms
[50.650s][info][gc,phases   ] GC(130)   Other: 0.08ms
[50.650s][info][gc,heap     ] GC(130) Eden regions: 212->0(213)
[50.650s][info][gc,heap     ] GC(130) Survivor regions: 4->3(27)
[50.650s][info][gc,heap     ] GC(130) Old regions: 57->58
[50.650s][info][gc,heap     ] GC(130) Humongous regions: 207->207
[50.650s][info][gc,metaspace] GC(130) Metaspace: 55454K(55744K)->55454K(55744K) NonClass: 49858K(50048K)->49858K(50048K) Class: 5596K(5696K)->5596K(5696K)
[50.650s][info][gc          ] GC(130) Pause Young (Concurrent Start) (G1 Evacuation Pause) 479M->266M(510M) 5.236ms
[50.650s][info][gc,cpu      ] GC(130) User=0.01s Sys=0.00s Real=0.01s
[50.650s][info][gc          ] GC(131) Concurrent Mark Cycle
[50.651s][info][gc,marking  ] GC(131) Concurrent Scan Root Regions
[50.655s][info][gc,marking  ] GC(131) Concurrent Scan Root Regions 3.626ms
[50.655s][info][gc,marking  ] GC(131) Concurrent Mark
[50.655s][info][gc,marking  ] GC(131) Concurrent Mark From Roots
[50.655s][info][gc,task     ] GC(131) Using 1 workers of 1 for marking
[50.697s][info][gc,marking  ] GC(131) Concurrent Mark From Roots 42.281ms
[50.697s][info][gc,marking  ] GC(131) Concurrent Preclean
[50.697s][info][gc,marking  ] GC(131) Concurrent Preclean 0.058ms
[50.697s][info][gc,start    ] GC(131) Pause Remark
[50.704s][info][gc          ] GC(131) Pause Remark 275M->275M(510M) 6.915ms
[50.704s][info][gc,cpu      ] GC(131) User=0.01s Sys=0.00s Real=0.01s
[50.704s][info][gc,marking  ] GC(131) Concurrent Mark 49.554ms
[50.704s][info][gc,marking  ] GC(131) Concurrent Rebuild Remembered Sets and Scrub Regions
[50.722s][info][gc,marking  ] GC(131) Concurrent Rebuild Remembered Sets and Scrub Regions 17.707ms
[50.722s][info][gc,start    ] GC(131) Pause Cleanup
[50.722s][info][gc          ] GC(131) Pause Cleanup 285M->285M(510M) 0.060ms
[50.722s][info][gc,cpu      ] GC(131) User=0.00s Sys=0.00s Real=0.00s
[50.722s][info][gc,marking  ] GC(131) Concurrent Clear Claimed Marks
[50.722s][info][gc,marking  ] GC(131) Concurrent Clear Claimed Marks 0.082ms
[50.722s][info][gc,marking  ] GC(131) Concurrent Cleanup for Next Mark
[50.724s][info][gc,marking  ] GC(131) Concurrent Cleanup for Next Mark 1.920ms
[50.724s][info][gc          ] GC(131) Concurrent Mark Cycle 74.742ms
[51.210s][info][gc,start    ] GC(132) Pause Young (Prepare Mixed) (G1 Evacuation Pause)
[51.210s][info][gc,task     ] GC(132) Using 2 workers of 2 for evacuation
[51.213s][info][gc,phases   ] GC(132)   Pre Evacuate Collection Set: 0.25ms
[51.214s][info][gc,phases   ] GC(132)   Merge Heap Roots: 0.10ms
[51.214s][info][gc,phases   ] GC(132)   Evacuate Collection Set: 2.38ms
[51.214s][info][gc,phases   ] GC(132)   Post Evacuate Collection Set: 0.49ms
[51.214s][info][gc,phases   ] GC(132)   Other: 0.07ms
[51.214s][info][gc,heap     ] GC(132) Eden regions: 213->0(215)
[51.214s][info][gc,heap     ] GC(132) Survivor regions: 3->2(27)
[51.214s][info][gc,heap     ] GC(132) Old regions: 58->58
[51.214s][info][gc,heap     ] GC(132) Humongous regions: 207->207
[51.214s][info][gc,metaspace] GC(132) Metaspace: 55458K(55744K)->55458K(55744K) NonClass: 49862K(50048K)->49862K(50048K) Class: 5596K(5696K)->5596K(5696K)
[51.214s][info][gc          ] GC(132) Pause Young (Prepare Mixed) (G1 Evacuation Pause) 479M->265M(510M) 3.451ms
[51.214s][info][gc,cpu      ] GC(132) User=0.00s Sys=0.00s Real=0.00s
[51.720s][info][gc,start    ] GC(133) Pause Young (Mixed) (G1 Evacuation Pause)
[51.720s][info][gc,task     ] GC(133) Using 2 workers of 2 for evacuation
[51.726s][info][gc,phases   ] GC(133)   Pre Evacuate Collection Set: 0.25ms
[51.726s][info][gc,phases   ] GC(133)   Merge Heap Roots: 0.10ms
[51.726s][info][gc,phases   ] GC(133)   Evacuate Collection Set: 5.51ms
[51.726s][info][gc,phases   ] GC(133)   Post Evacuate Collection Set: 0.53ms
[51.726s][info][gc,phases   ] GC(133)   Other: 0.07ms
[51.726s][info][gc,heap     ] GC(133) Eden regions: 215->0(214)
[51.726s][info][gc,heap     ] GC(133) Survivor regions: 2->3(28)
[51.726s][info][gc,heap     ] GC(133) Old regions: 58->57
[51.726s][info][gc,heap     ] GC(133) Humongous regions: 207->207
[51.726s][info][gc,metaspace] GC(133) Metaspace: 55458K(55744K)->55458K(55744K) NonClass: 49862K(50048K)->49862K(50048K) Class: 5596K(5696K)->5596K(5696K)
[51.726s][info][gc          ] GC(133) Pause Young (Mixed) (G1 Evacuation Pause) 480M->266M(510M) 6.639ms
[51.726s][info][gc,cpu      ] GC(133) User=0.01s Sys=0.00s Real=0.00s
[52.232s][info][gc,start    ] GC(134) Pause Young (Concurrent Start) (G1 Evacuation Pause)
[52.232s][info][gc,task     ] GC(134) Using 2 workers of 2 for evacuation
[52.239s][info][gc,phases   ] GC(134)   Pre Evacuate Collection Set: 0.30ms
[52.239s][info][gc,phases   ] GC(134)   Merge Heap Roots: 0.16ms
[52.239s][info][gc,phases   ] GC(134)   Evacuate Collection Set: 5.65ms
[52.239s][info][gc,phases   ] GC(134)   Post Evacuate Collection Set: 0.53ms
[52.239s][info][gc,phases   ] GC(134)   Other: 0.14ms
[52.239s][info][gc,heap     ] GC(134) Eden regions: 214->0(211)
[52.239s][info][gc,heap     ] GC(134) Survivor regions: 3->4(28)
[52.239s][info][gc,heap     ] GC(134) Old regions: 57->58
[52.239s][info][gc,heap     ] GC(134) Humongous regions: 207->207
[52.239s][info][gc,metaspace] GC(134) Metaspace: 55458K(55744K)->55458K(55744K) NonClass: 49862K(50048K)->49862K(50048K) Class: 5596K(5696K)->5596K(5696K)
[52.239s][info][gc          ] GC(134) Pause Young (Concurrent Start) (G1 Evacuation Pause) 480M->267M(510M) 6.960ms
[52.239s][info][gc,cpu      ] GC(134) User=0.02s Sys=0.00s Real=0.01s
[52.239s][info][gc          ] GC(135) Concurrent Mark Cycle
[52.239s][info][gc,marking  ] GC(135) Concurrent Scan Root Regions
[52.244s][info][gc,marking  ] GC(135) Concurrent Scan Root Regions 4.287ms
[52.244s][info][gc,marking  ] GC(135) Concurrent Mark
[52.244s][info][gc,marking  ] GC(135) Concurrent Mark From Roots
[52.244s][info][gc,task     ] GC(135) Using 1 workers of 1 for marking
[52.291s][info][gc,marking  ] GC(135) Concurrent Mark From Roots 47.492ms
[52.291s][info][gc,marking  ] GC(135) Concurrent Preclean
[52.291s][info][gc,marking  ] GC(135) Concurrent Preclean 0.058ms
[52.291s][info][gc,start    ] GC(135) Pause Remark
[52.298s][info][gc          ] GC(135) Pause Remark 281M->281M(510M) 6.809ms
[52.298s][info][gc,cpu      ] GC(135) User=0.01s Sys=0.00s Real=0.01s
[52.298s][info][gc,marking  ] GC(135) Concurrent Mark 54.555ms
[52.298s][info][gc,marking  ] GC(135) Concurrent Rebuild Remembered Sets and Scrub Regions
[52.313s][info][gc,marking  ] GC(135) Concurrent Rebuild Remembered Sets and Scrub Regions 15.070ms
[52.313s][info][gc,start    ] GC(135) Pause Cleanup
[52.313s][info][gc          ] GC(135) Pause Cleanup 285M->285M(510M) 0.048ms
[52.313s][info][gc,cpu      ] GC(135) User=0.00s Sys=0.00s Real=0.00s
[52.314s][info][gc,marking  ] GC(135) Concurrent Clear Claimed Marks
[52.314s][info][gc,marking  ] GC(135) Concurrent Clear Claimed Marks 0.077ms
[52.314s][info][gc,marking  ] GC(135) Concurrent Cleanup for Next Mark
[52.315s][info][gc,marking  ] GC(135) Concurrent Cleanup for Next Mark 1.527ms
[52.315s][info][gc          ] GC(135) Concurrent Mark Cycle 75.841ms
[52.751s][info][gc,start    ] GC(136) Pause Young (Prepare Mixed) (G1 Evacuation Pause)
[52.751s][info][gc,task     ] GC(136) Using 2 workers of 2 for evacuation
[52.758s][info][gc,phases   ] GC(136)   Pre Evacuate Collection Set: 0.33ms
[52.758s][info][gc,phases   ] GC(136)   Merge Heap Roots: 0.15ms
[52.758s][info][gc,phases   ] GC(136)   Evacuate Collection Set: 5.42ms
[52.758s][info][gc,phases   ] GC(136)   Post Evacuate Collection Set: 0.79ms
[52.758s][info][gc,phases   ] GC(136)   Other: 0.07ms
[52.758s][info][gc,heap     ] GC(136) Eden regions: 211->0(215)
[52.758s][info][gc,heap     ] GC(136) Survivor regions: 4->2(27)
[52.758s][info][gc,heap     ] GC(136) Old regions: 58->58
[52.758s][info][gc,heap     ] GC(136) Humongous regions: 207->207
[52.758s][info][gc,metaspace] GC(136) Metaspace: 55458K(55744K)->55458K(55744K) NonClass: 49862K(50048K)->49862K(50048K) Class: 5596K(5696K)->5596K(5696K)
[52.758s][info][gc          ] GC(136) Pause Young (Prepare Mixed) (G1 Evacuation Pause) 478M->265M(510M) 6.945ms
[52.758s][info][gc,cpu      ] GC(136) User=0.01s Sys=0.00s Real=0.01s
[53.312s][info][gc,start    ] GC(137) Pause Young (Mixed) (G1 Evacuation Pause)
[53.312s][info][gc,task     ] GC(137) Using 2 workers of 2 for evacuation
[53.317s][info][gc,phases   ] GC(137)   Pre Evacuate Collection Set: 0.24ms
[53.317s][info][gc,phases   ] GC(137)   Merge Heap Roots: 0.08ms
[53.317s][info][gc,phases   ] GC(137)   Evacuate Collection Set: 3.74ms
[53.317s][info][gc,phases   ] GC(137)   Post Evacuate Collection Set: 0.53ms
[53.317s][info][gc,phases   ] GC(137)   Other: 0.07ms
[53.317s][info][gc,heap     ] GC(137) Eden regions: 215->0(216)
[53.317s][info][gc,heap     ] GC(137) Survivor regions: 2->2(28)
[53.317s][info][gc,heap     ] GC(137) Old regions: 58->57
[53.317s][info][gc,heap     ] GC(137) Humongous regions: 207->207
[53.317s][info][gc,metaspace] GC(137) Metaspace: 55458K(55744K)->55458K(55744K) NonClass: 49862K(50048K)->49862K(50048K) Class: 5596K(5696K)->5596K(5696K)
[53.317s][info][gc          ] GC(137) Pause Young (Mixed) (G1 Evacuation Pause) 480M->265M(510M) 4.838ms
[53.317s][info][gc,cpu      ] GC(137) User=0.01s Sys=0.00s Real=0.00s
[53.824s][info][gc,start    ] GC(138) Pause Young (Concurrent Start) (G1 Evacuation Pause)
[53.824s][info][gc,task     ] GC(138) Using 2 workers of 2 for evacuation
[53.830s][info][gc,phases   ] GC(138)   Pre Evacuate Collection Set: 0.28ms
[53.830s][info][gc,phases   ] GC(138)   Merge Heap Roots: 0.09ms
[53.830s][info][gc,phases   ] GC(138)   Evacuate Collection Set: 4.35ms
[53.830s][info][gc,phases   ] GC(138)   Post Evacuate Collection Set: 0.47ms
[53.830s][info][gc,phases   ] GC(138)   Other: 0.10ms
[53.830s][info][gc,heap     ] GC(138) Eden regions: 216->0(213)
[53.830s][info][gc,heap     ] GC(138) Survivor regions: 2->3(28)
[53.830s][info][gc,heap     ] GC(138) Old regions: 57->58
[53.830s][info][gc,heap     ] GC(138) Humongous regions: 207->207
[53.830s][info][gc,metaspace] GC(138) Metaspace: 55458K(55744K)->55458K(55744K) NonClass: 49862K(50048K)->49862K(50048K) Class: 5596K(5696K)->5596K(5696K)
[53.830s][info][gc          ] GC(138) Pause Young (Concurrent Start) (G1 Evacuation Pause) 481M->266M(510M) 5.466ms
[53.830s][info][gc,cpu      ] GC(138) User=0.01s Sys=0.00s Real=0.01s
[53.830s][info][gc          ] GC(139) Concurrent Mark Cycle
[53.830s][info][gc,marking  ] GC(139) Concurrent Scan Root Regions
[53.838s][info][gc,marking  ] GC(139) Concurrent Scan Root Regions 7.343ms
[53.838s][info][gc,marking  ] GC(139) Concurrent Mark
[53.838s][info][gc,marking  ] GC(139) Concurrent Mark From Roots
[53.838s][info][gc,task     ] GC(139) Using 1 workers of 1 for marking
[53.892s][info][gc,marking  ] GC(139) Concurrent Mark From Roots 54.071ms
[53.892s][info][gc,marking  ] GC(139) Concurrent Preclean
[53.892s][info][gc,marking  ] GC(139) Concurrent Preclean 0.068ms
[53.892s][info][gc,start    ] GC(139) Pause Remark
[53.899s][info][gc          ] GC(139) Pause Remark 293M->293M(510M) 6.915ms
[53.899s][info][gc,cpu      ] GC(139) User=0.02s Sys=0.00s Real=0.01s
[53.899s][info][gc,marking  ] GC(139) Concurrent Mark 61.281ms
[53.899s][info][gc,marking  ] GC(139) Concurrent Rebuild Remembered Sets and Scrub Regions
[53.923s][info][gc,marking  ] GC(139) Concurrent Rebuild Remembered Sets and Scrub Regions 23.936ms
[53.924s][info][gc,start    ] GC(139) Pause Cleanup
[53.924s][info][gc          ] GC(139) Pause Cleanup 307M->307M(510M) 0.071ms
[53.924s][info][gc,cpu      ] GC(139) User=0.00s Sys=0.00s Real=0.00s
[53.924s][info][gc,marking  ] GC(139) Concurrent Clear Claimed Marks
[53.924s][info][gc,marking  ] GC(139) Concurrent Clear Claimed Marks 0.096ms
[53.924s][info][gc,marking  ] GC(139) Concurrent Cleanup for Next Mark
[53.926s][info][gc,marking  ] GC(139) Concurrent Cleanup for Next Mark 1.554ms
[53.926s][info][gc          ] GC(139) Concurrent Mark Cycle 95.851ms
[54.331s][info][gc,start    ] GC(140) Pause Young (Prepare Mixed) (G1 Evacuation Pause)
[54.331s][info][gc,task     ] GC(140) Using 2 workers of 2 for evacuation
[54.337s][info][gc,phases   ] GC(140)   Pre Evacuate Collection Set: 0.24ms
[54.337s][info][gc,phases   ] GC(140)   Merge Heap Roots: 0.11ms
[54.337s][info][gc,phases   ] GC(140)   Evacuate Collection Set: 4.71ms
[54.337s][info][gc,phases   ] GC(140)   Post Evacuate Collection Set: 0.50ms
[54.337s][info][gc,phases   ] GC(140)   Other: 0.07ms
[54.337s][info][gc,heap     ] GC(140) Eden regions: 213->0(213)
[54.337s][info][gc,heap     ] GC(140) Survivor regions: 3->3(27)
[54.337s][info][gc,heap     ] GC(140) Old regions: 58->58
[54.337s][info][gc,heap     ] GC(140) Humongous regions: 207->207
[54.337s][info][gc,metaspace] GC(140) Metaspace: 55458K(55744K)->55458K(55744K) NonClass: 49862K(50048K)->49862K(50048K) Class: 5596K(5696K)->5596K(5696K)
[54.337s][info][gc          ] GC(140) Pause Young (Prepare Mixed) (G1 Evacuation Pause) 479M->267M(510M) 5.796ms
[54.337s][info][gc,cpu      ] GC(140) User=0.01s Sys=0.00s Real=0.00s
[54.839s][info][gc,start    ] GC(141) Pause Young (Mixed) (G1 Evacuation Pause)
[54.839s][info][gc,task     ] GC(141) Using 2 workers of 2 for evacuation
[54.845s][info][gc,phases   ] GC(141)   Pre Evacuate Collection Set: 0.24ms
[54.845s][info][gc,phases   ] GC(141)   Merge Heap Roots: 0.09ms
[54.845s][info][gc,phases   ] GC(141)   Evacuate Collection Set: 5.23ms
[54.845s][info][gc,phases   ] GC(141)   Post Evacuate Collection Set: 0.50ms
[54.845s][info][gc,phases   ] GC(141)   Other: 0.07ms
[54.845s][info][gc,heap     ] GC(141) Eden regions: 213->0(212)
[54.845s][info][gc,heap     ] GC(141) Survivor regions: 3->4(27)
[54.845s][info][gc,heap     ] GC(141) Old regions: 58->57
[54.845s][info][gc,heap     ] GC(141) Humongous regions: 207->207
[54.845s][info][gc,metaspace] GC(141) Metaspace: 55458K(55744K)->55458K(55744K) NonClass: 49862K(50048K)->49862K(50048K) Class: 5596K(5696K)->5596K(5696K)
[54.845s][info][gc          ] GC(141) Pause Young (Mixed) (G1 Evacuation Pause) 479M->267M(510M) 6.298ms
[54.845s][info][gc,cpu      ] GC(141) User=0.01s Sys=0.00s Real=0.00s
[55.348s][info][gc,start    ] GC(142) Pause Young (Concurrent Start) (G1 Evacuation Pause)
[55.348s][info][gc,task     ] GC(142) Using 2 workers of 2 for evacuation
[55.352s][info][gc,phases   ] GC(142)   Pre Evacuate Collection Set: 0.27ms
[55.353s][info][gc,phases   ] GC(142)   Merge Heap Roots: 0.08ms
[55.353s][info][gc,phases   ] GC(142)   Evacuate Collection Set: 3.34ms
[55.353s][info][gc,phases   ] GC(142)   Post Evacuate Collection Set: 0.48ms
[55.353s][info][gc,phases   ] GC(142)   Other: 0.09ms
[55.353s][info][gc,heap     ] GC(142) Eden regions: 212->0(216)
[55.353s][info][gc,heap     ] GC(142) Survivor regions: 4->2(27)
[55.353s][info][gc,heap     ] GC(142) Old regions: 57->57
[55.353s][info][gc,heap     ] GC(142) Humongous regions: 207->207
[55.353s][info][gc,metaspace] GC(142) Metaspace: 55458K(55744K)->55458K(55744K) NonClass: 49862K(50048K)->49862K(50048K) Class: 5596K(5696K)->5596K(5696K)
[55.353s][info][gc          ] GC(142) Pause Young (Concurrent Start) (G1 Evacuation Pause) 479M->265M(510M) 4.467ms
[55.353s][info][gc          ] GC(143) Concurrent Mark Cycle
[55.353s][info][gc,marking  ] GC(143) Concurrent Scan Root Regions
[55.353s][info][gc,cpu      ] GC(142) User=0.01s Sys=0.00s Real=0.00s
[55.357s][info][gc,marking  ] GC(143) Concurrent Scan Root Regions 4.014ms
[55.357s][info][gc,marking  ] GC(143) Concurrent Mark
[55.357s][info][gc,marking  ] GC(143) Concurrent Mark From Roots
[55.357s][info][gc,task     ] GC(143) Using 1 workers of 1 for marking
[55.402s][info][gc,marking  ] GC(143) Concurrent Mark From Roots 45.046ms
[55.402s][info][gc,marking  ] GC(143) Concurrent Preclean
[55.402s][info][gc,marking  ] GC(143) Concurrent Preclean 0.061ms
[55.402s][info][gc,start    ] GC(143) Pause Remark
[55.409s][info][gc          ] GC(143) Pause Remark 272M->272M(510M) 6.886ms
[55.409s][info][gc,cpu      ] GC(143) User=0.02s Sys=0.00s Real=0.01s
[55.410s][info][gc,marking  ] GC(143) Concurrent Mark 53.179ms
[55.410s][info][gc,marking  ] GC(143) Concurrent Rebuild Remembered Sets and Scrub Regions
[55.422s][info][gc,marking  ] GC(143) Concurrent Rebuild Remembered Sets and Scrub Regions 12.524ms
[55.423s][info][gc,start    ] GC(143) Pause Cleanup
[55.423s][info][gc          ] GC(143) Pause Cleanup 281M->281M(510M) 0.036ms
[55.423s][info][gc,cpu      ] GC(143) User=0.00s Sys=0.00s Real=0.00s
[55.424s][info][gc,marking  ] GC(143) Concurrent Clear Claimed Marks
[55.424s][info][gc,marking  ] GC(143) Concurrent Clear Claimed Marks 0.096ms
[55.424s][info][gc,marking  ] GC(143) Concurrent Cleanup for Next Mark
[55.427s][info][gc,marking  ] GC(143) Concurrent Cleanup for Next Mark 3.357ms
[55.427s][info][gc          ] GC(143) Concurrent Mark Cycle 74.817ms
[55.914s][info][gc,start    ] GC(144) Pause Young (Normal) (G1 Evacuation Pause)
[55.914s][info][gc,task     ] GC(144) Using 2 workers of 2 for evacuation
[55.918s][info][gc,phases   ] GC(144)   Pre Evacuate Collection Set: 0.24ms
[55.918s][info][gc,phases   ] GC(144)   Merge Heap Roots: 0.10ms
[55.918s][info][gc,phases   ] GC(144)   Evacuate Collection Set: 2.79ms
[55.918s][info][gc,phases   ] GC(144)   Post Evacuate Collection Set: 0.50ms
[55.918s][info][gc,phases   ] GC(144)   Other: 0.09ms
[55.918s][info][gc,heap     ] GC(144) Eden regions: 216->0(216)
[55.918s][info][gc,heap     ] GC(144) Survivor regions: 2->2(28)
[55.918s][info][gc,heap     ] GC(144) Old regions: 57->57
[55.918s][info][gc,heap     ] GC(144) Humongous regions: 207->207
[55.918s][info][gc,metaspace] GC(144) Metaspace: 55458K(55744K)->55458K(55744K) NonClass: 49862K(50048K)->49862K(50048K) Class: 5596K(5696K)->5596K(5696K)
[55.918s][info][gc          ] GC(144) Pause Young (Normal) (G1 Evacuation Pause) 481M->265M(510M) 3.887ms
[55.918s][info][gc,cpu      ] GC(144) User=0.01s Sys=0.00s Real=0.00s
[56.425s][info][gc,start    ] GC(145) Pause Young (Concurrent Start) (G1 Evacuation Pause)
[56.425s][info][gc,task     ] GC(145) Using 2 workers of 2 for evacuation
[56.431s][info][gc,phases   ] GC(145)   Pre Evacuate Collection Set: 0.27ms
[56.431s][info][gc,phases   ] GC(145)   Merge Heap Roots: 0.09ms
[56.431s][info][gc,phases   ] GC(145)   Evacuate Collection Set: 4.40ms
[56.431s][info][gc,phases   ] GC(145)   Post Evacuate Collection Set: 0.52ms
[56.431s][info][gc,phases   ] GC(145)   Other: 0.09ms
[56.431s][info][gc,heap     ] GC(145) Eden regions: 216->0(214)
[56.431s][info][gc,heap     ] GC(145) Survivor regions: 2->3(28)
[56.431s][info][gc,heap     ] GC(145) Old regions: 57->57
[56.431s][info][gc,heap     ] GC(145) Humongous regions: 207->207
[56.431s][info][gc,metaspace] GC(145) Metaspace: 55458K(55744K)->55458K(55744K) NonClass: 49862K(50048K)->49862K(50048K) Class: 5596K(5696K)->5596K(5696K)
[56.431s][info][gc          ] GC(145) Pause Young (Concurrent Start) (G1 Evacuation Pause) 481M->266M(510M) 5.538ms
[56.431s][info][gc,cpu      ] GC(145) User=0.01s Sys=0.00s Real=0.01s
[56.431s][info][gc          ] GC(146) Concurrent Mark Cycle
[56.431s][info][gc,marking  ] GC(146) Concurrent Scan Root Regions
[56.437s][info][gc,marking  ] GC(146) Concurrent Scan Root Regions 6.196ms
[56.437s][info][gc,marking  ] GC(146) Concurrent Mark
[56.437s][info][gc,marking  ] GC(146) Concurrent Mark From Roots
[56.437s][info][gc,task     ] GC(146) Using 1 workers of 1 for marking
[56.486s][info][gc,marking  ] GC(146) Concurrent Mark From Roots 49.262ms
[56.486s][info][gc,marking  ] GC(146) Concurrent Preclean
[56.487s][info][gc,marking  ] GC(146) Concurrent Preclean 0.064ms
[56.487s][info][gc,start    ] GC(146) Pause Remark
[56.494s][info][gc          ] GC(146) Pause Remark 292M->292M(510M) 6.913ms
[56.494s][info][gc,cpu      ] GC(146) User=0.01s Sys=0.00s Real=0.01s
[56.494s][info][gc,marking  ] GC(146) Concurrent Mark 56.567ms
[56.494s][info][gc,marking  ] GC(146) Concurrent Rebuild Remembered Sets and Scrub Regions
[56.502s][info][gc,marking  ] GC(146) Concurrent Rebuild Remembered Sets and Scrub Regions 8.265ms
[56.502s][info][gc,start    ] GC(146) Pause Cleanup
[56.502s][info][gc          ] GC(146) Pause Cleanup 292M->292M(510M) 0.020ms
[56.502s][info][gc,cpu      ] GC(146) User=0.00s Sys=0.00s Real=0.00s
[56.502s][info][gc,marking  ] GC(146) Concurrent Clear Claimed Marks
[56.502s][info][gc,marking  ] GC(146) Concurrent Clear Claimed Marks 0.073ms
[56.502s][info][gc,marking  ] GC(146) Concurrent Cleanup for Next Mark
[56.504s][info][gc,marking  ] GC(146) Concurrent Cleanup for Next Mark 1.477ms
[56.504s][info][gc          ] GC(146) Concurrent Mark Cycle 72.797ms
[56.937s][info][gc,start    ] GC(147) Pause Young (Normal) (G1 Evacuation Pause)
[56.937s][info][gc,task     ] GC(147) Using 2 workers of 2 for evacuation
[56.943s][info][gc,phases   ] GC(147)   Pre Evacuate Collection Set: 0.25ms
[56.943s][info][gc,phases   ] GC(147)   Merge Heap Roots: 0.09ms
[56.943s][info][gc,phases   ] GC(147)   Evacuate Collection Set: 4.64ms
[56.943s][info][gc,phases   ] GC(147)   Post Evacuate Collection Set: 0.50ms
[56.943s][info][gc,phases   ] GC(147)   Other: 0.07ms
[56.943s][info][gc,heap     ] GC(147) Eden regions: 214->0(211)
[56.943s][info][gc,heap     ] GC(147) Survivor regions: 3->4(28)
[56.943s][info][gc,heap     ] GC(147) Old regions: 57->58
[56.943s][info][gc,heap     ] GC(147) Humongous regions: 207->207
[56.943s][info][gc,metaspace] GC(147) Metaspace: 55458K(55744K)->55458K(55744K) NonClass: 49862K(50048K)->49862K(50048K) Class: 5596K(5696K)->5596K(5696K)
[56.943s][info][gc          ] GC(147) Pause Young (Normal) (G1 Evacuation Pause) 480M->267M(510M) 5.732ms
[56.943s][info][gc,cpu      ] GC(147) User=0.01s Sys=0.00s Real=0.01s
[57.444s][info][gc,start    ] GC(148) Pause Young (Concurrent Start) (G1 Evacuation Pause)
[57.444s][info][gc,task     ] GC(148) Using 2 workers of 2 for evacuation
[57.449s][info][gc,phases   ] GC(148)   Pre Evacuate Collection Set: 0.27ms
[57.449s][info][gc,phases   ] GC(148)   Merge Heap Roots: 0.09ms
[57.449s][info][gc,phases   ] GC(148)   Evacuate Collection Set: 4.51ms
[57.449s][info][gc,phases   ] GC(148)   Post Evacuate Collection Set: 0.51ms
[57.449s][info][gc,phases   ] GC(148)   Other: 0.09ms
[57.449s][info][gc,heap     ] GC(148) Eden regions: 211->0(213)
[57.449s][info][gc,heap     ] GC(148) Survivor regions: 4->3(27)
[57.449s][info][gc,heap     ] GC(148) Old regions: 58->58
[57.449s][info][gc,heap     ] GC(148) Humongous regions: 207->207
[57.449s][info][gc,metaspace] GC(148) Metaspace: 55458K(55744K)->55458K(55744K) NonClass: 49862K(50048K)->49862K(50048K) Class: 5596K(5696K)->5596K(5696K)
[57.449s][info][gc          ] GC(148) Pause Young (Concurrent Start) (G1 Evacuation Pause) 478M->266M(510M) 5.633ms
[57.449s][info][gc,cpu      ] GC(148) User=0.01s Sys=0.00s Real=0.01s
[57.449s][info][gc          ] GC(149) Concurrent Mark Cycle
[57.449s][info][gc,marking  ] GC(149) Concurrent Scan Root Regions
[57.453s][info][gc,marking  ] GC(149) Concurrent Scan Root Regions 3.885ms
[57.453s][info][gc,marking  ] GC(149) Concurrent Mark
[57.453s][info][gc,marking  ] GC(149) Concurrent Mark From Roots
[57.453s][info][gc,task     ] GC(149) Using 1 workers of 1 for marking
[57.504s][info][gc,marking  ] GC(149) Concurrent Mark From Roots 50.923ms
[57.504s][info][gc,marking  ] GC(149) Concurrent Preclean
[57.504s][info][gc,marking  ] GC(149) Concurrent Preclean 0.061ms
[57.504s][info][gc,start    ] GC(149) Pause Remark
[57.512s][info][gc          ] GC(149) Pause Remark 277M->277M(510M) 7.058ms
[57.512s][info][gc,cpu      ] GC(149) User=0.01s Sys=0.00s Real=0.01s
[57.512s][info][gc,marking  ] GC(149) Concurrent Mark 58.303ms
[57.512s][info][gc,marking  ] GC(149) Concurrent Rebuild Remembered Sets and Scrub Regions
[57.529s][info][gc,marking  ] GC(149) Concurrent Rebuild Remembered Sets and Scrub Regions 17.000ms
[57.529s][info][gc,start    ] GC(149) Pause Cleanup
[57.529s][info][gc          ] GC(149) Pause Cleanup 287M->287M(510M) 0.052ms
[57.529s][info][gc,cpu      ] GC(149) User=0.00s Sys=0.00s Real=0.00s
[57.529s][info][gc,marking  ] GC(149) Concurrent Clear Claimed Marks
[57.529s][info][gc,marking  ] GC(149) Concurrent Clear Claimed Marks 0.090ms
[57.529s][info][gc,marking  ] GC(149) Concurrent Cleanup for Next Mark
[57.530s][info][gc,marking  ] GC(149) Concurrent Cleanup for Next Mark 1.477ms
[57.530s][info][gc          ] GC(149) Concurrent Mark Cycle 81.090ms
[58.007s][info][gc,start    ] GC(150) Pause Young (Normal) (G1 Evacuation Pause)
[58.007s][info][gc,task     ] GC(150) Using 2 workers of 2 for evacuation
[58.010s][info][gc,phases   ] GC(150)   Pre Evacuate Collection Set: 0.24ms
[58.010s][info][gc,phases   ] GC(150)   Merge Heap Roots: 0.11ms
[58.010s][info][gc,phases   ] GC(150)   Evacuate Collection Set: 1.80ms
[58.010s][info][gc,phases   ] GC(150)   Post Evacuate Collection Set: 0.50ms
[58.010s][info][gc,phases   ] GC(150)   Other: 0.07ms
[58.010s][info][gc,heap     ] GC(150) Eden regions: 213->0(217)
[58.010s][info][gc,heap     ] GC(150) Survivor regions: 3->1(27)
[58.010s][info][gc,heap     ] GC(150) Old regions: 58->58
[58.010s][info][gc,heap     ] GC(150) Humongous regions: 207->207
[58.010s][info][gc,metaspace] GC(150) Metaspace: 55459K(55744K)->55459K(55744K) NonClass: 49862K(50048K)->49862K(50048K) Class: 5596K(5696K)->5596K(5696K)
[58.010s][info][gc          ] GC(150) Pause Young (Normal) (G1 Evacuation Pause) 479M->264M(510M) 2.905ms
[58.010s][info][gc,cpu      ] GC(150) User=0.01s Sys=0.00s Real=0.01s
[58.521s][info][gc,start    ] GC(151) Pause Young (Concurrent Start) (G1 Evacuation Pause)
[58.521s][info][gc,task     ] GC(151) Using 2 workers of 2 for evacuation
[58.527s][info][gc,phases   ] GC(151)   Pre Evacuate Collection Set: 0.29ms
[58.527s][info][gc,phases   ] GC(151)   Merge Heap Roots: 0.12ms
[58.527s][info][gc,phases   ] GC(151)   Evacuate Collection Set: 4.45ms
[58.527s][info][gc,phases   ] GC(151)   Post Evacuate Collection Set: 0.51ms
[58.527s][info][gc,phases   ] GC(151)   Other: 0.11ms
[58.527s][info][gc,heap     ] GC(151) Eden regions: 217->0(213)
[58.527s][info][gc,heap     ] GC(151) Survivor regions: 1->3(28)
[58.527s][info][gc,heap     ] GC(151) Old regions: 58->58
[58.527s][info][gc,heap     ] GC(151) Humongous regions: 207->207
[58.527s][info][gc,metaspace] GC(151) Metaspace: 55459K(55744K)->55459K(55744K) NonClass: 49862K(50048K)->49862K(50048K) Class: 5596K(5696K)->5596K(5696K)
[58.527s][info][gc          ] GC(151) Pause Young (Concurrent Start) (G1 Evacuation Pause) 481M->266M(510M) 5.696ms
[58.527s][info][gc          ] GC(152) Concurrent Mark Cycle
[58.527s][info][gc,marking  ] GC(152) Concurrent Scan Root Regions
[58.529s][info][gc,cpu      ] GC(151) User=0.01s Sys=0.00s Real=0.01s
[58.533s][info][gc,marking  ] GC(152) Concurrent Scan Root Regions 5.533ms
[58.533s][info][gc,marking  ] GC(152) Concurrent Mark
[58.533s][info][gc,marking  ] GC(152) Concurrent Mark From Roots
[58.533s][info][gc,task     ] GC(152) Using 1 workers of 1 for marking
[58.589s][info][gc,marking  ] GC(152) Concurrent Mark From Roots 56.861ms
[58.589s][info][gc,marking  ] GC(152) Concurrent Preclean
[58.589s][info][gc,marking  ] GC(152) Concurrent Preclean 0.061ms
[58.590s][info][gc,start    ] GC(152) Pause Remark
[58.597s][info][gc          ] GC(152) Pause Remark 297M->297M(510M) 7.929ms
[58.598s][info][gc,cpu      ] GC(152) User=0.01s Sys=0.00s Real=0.00s
[58.598s][info][gc,marking  ] GC(152) Concurrent Mark 65.042ms
[58.598s][info][gc,marking  ] GC(152) Concurrent Rebuild Remembered Sets and Scrub Regions
[58.622s][info][gc,marking  ] GC(152) Concurrent Rebuild Remembered Sets and Scrub Regions 24.817ms
[58.623s][info][gc,start    ] GC(152) Pause Cleanup
[58.623s][info][gc          ] GC(152) Pause Cleanup 309M->309M(510M) 0.059ms
[58.623s][info][gc,cpu      ] GC(152) User=0.00s Sys=0.00s Real=0.00s
[58.624s][info][gc,marking  ] GC(152) Concurrent Clear Claimed Marks
[58.624s][info][gc,marking  ] GC(152) Concurrent Clear Claimed Marks 0.082ms
[58.624s][info][gc,marking  ] GC(152) Concurrent Cleanup for Next Mark
[58.625s][info][gc,marking  ] GC(152) Concurrent Cleanup for Next Mark 1.533ms
[58.625s][info][gc          ] GC(152) Concurrent Mark Cycle 98.193ms
[58.891s][info][gc,start    ] GC(153) Pause Young (Concurrent Start) (G1 Humongous Allocation)
[58.891s][info][gc,task     ] GC(153) Using 2 workers of 2 for evacuation
[58.894s][info][gc,phases   ] GC(153)   Pre Evacuate Collection Set: 0.27ms
[58.894s][info][gc,phases   ] GC(153)   Merge Heap Roots: 0.12ms
[58.894s][info][gc,phases   ] GC(153)   Evacuate Collection Set: 2.03ms
[58.894s][info][gc,phases   ] GC(153)   Post Evacuate Collection Set: 0.43ms
[58.894s][info][gc,phases   ] GC(153)   Other: 0.09ms
[58.894s][info][gc,heap     ] GC(153) Eden regions: 153->0(217)
[58.894s][info][gc,heap     ] GC(153) Survivor regions: 3->1(27)
[58.894s][info][gc,heap     ] GC(153) Old regions: 58->58
[58.894s][info][gc,heap     ] GC(153) Humongous regions: 207->207
[58.894s][info][gc,metaspace] GC(153) Metaspace: 55580K(55936K)->55580K(55936K) NonClass: 49965K(50240K)->49965K(50240K) Class: 5615K(5696K)->5615K(5696K)
[58.894s][info][gc          ] GC(153) Pause Young (Concurrent Start) (G1 Humongous Allocation) 419M->264M(510M) 3.089ms
[58.894s][info][gc          ] GC(154) Concurrent Mark Cycle
[58.894s][info][gc,marking  ] GC(154) Concurrent Scan Root Regions
[58.895s][info][gc,marking  ] GC(154) Concurrent Scan Root Regions 1.441ms
[58.895s][info][gc,marking  ] GC(154) Concurrent Mark
[58.895s][info][gc,marking  ] GC(154) Concurrent Mark From Roots
[58.895s][info][gc,task     ] GC(154) Using 1 workers of 1 for marking
[58.895s][info][gc,cpu      ] GC(153) User=0.01s Sys=0.00s Real=0.00s
[58.960s][info][gc,marking  ] GC(154) Concurrent Mark From Roots 64.852ms
[58.960s][info][gc,marking  ] GC(154) Concurrent Preclean
[58.960s][info][gc,marking  ] GC(154) Concurrent Preclean 0.055ms
[58.960s][info][gc,start    ] GC(154) Pause Remark
[58.967s][info][gc          ] GC(154) Pause Remark 304M->304M(510M) 7.079ms
[58.967s][info][gc,cpu      ] GC(154) User=0.01s Sys=0.00s Real=0.00s
[58.968s][info][gc,marking  ] GC(154) Concurrent Mark 73.029ms
[58.968s][info][gc,marking  ] GC(154) Concurrent Rebuild Remembered Sets and Scrub Regions
[58.983s][info][gc,marking  ] GC(154) Concurrent Rebuild Remembered Sets and Scrub Regions 15.277ms
[58.984s][info][gc,start    ] GC(154) Pause Cleanup
[58.984s][info][gc          ] GC(154) Pause Cleanup 304M->304M(510M) 0.056ms
[58.984s][info][gc,cpu      ] GC(154) User=0.00s Sys=0.00s Real=0.00s
[58.984s][info][gc,marking  ] GC(154) Concurrent Clear Claimed Marks
[58.984s][info][gc,marking  ] GC(154) Concurrent Clear Claimed Marks 0.086ms
[58.984s][info][gc,marking  ] GC(154) Concurrent Cleanup for Next Mark
[58.986s][info][gc,marking  ] GC(154) Concurrent Cleanup for Next Mark 2.136ms
[58.986s][info][gc          ] GC(154) Concurrent Mark Cycle 92.837ms
[61.793s][info][gc,start    ] GC(155) Pause Young (Prepare Mixed) (G1 Evacuation Pause)
[61.793s][info][gc,task     ] GC(155) Using 2 workers of 2 for evacuation
[61.825s][info][gc,phases   ] GC(155)   Pre Evacuate Collection Set: 0.26ms
[61.825s][info][gc,phases   ] GC(155)   Merge Heap Roots: 0.42ms
[61.825s][info][gc,phases   ] GC(155)   Evacuate Collection Set: 30.77ms
[61.825s][info][gc,phases   ] GC(155)   Post Evacuate Collection Set: 0.62ms
[61.825s][info][gc,phases   ] GC(155)   Other: 0.07ms
[61.825s][info][gc,heap     ] GC(155) Eden regions: 88->0(196)
[61.825s][info][gc,heap     ] GC(155) Survivor regions: 1->21(28)
[61.825s][info][gc,heap     ] GC(155) Old regions: 58->58
[61.825s][info][gc,heap     ] GC(155) Humongous regions: 363->207
[61.825s][info][gc,metaspace] GC(155) Metaspace: 56040K(56320K)->56040K(56320K) NonClass: 50422K(50624K)->50422K(50624K) Class: 5618K(5696K)->5618K(5696K)
[61.825s][info][gc          ] GC(155) Pause Young (Prepare Mixed) (G1 Evacuation Pause) 508M->285M(531M) 32.337ms
[61.825s][info][gc,cpu      ] GC(155) User=0.05s Sys=0.01s Real=0.03s
[62.257s][info][gc,start    ] GC(156) Pause Young (Mixed) (G1 Evacuation Pause)
[62.257s][info][gc,task     ] GC(156) Using 2 workers of 2 for evacuation
[62.271s][info][gc,phases   ] GC(156)   Pre Evacuate Collection Set: 0.25ms
[62.271s][info][gc,phases   ] GC(156)   Merge Heap Roots: 0.09ms
[62.271s][info][gc,phases   ] GC(156)   Evacuate Collection Set: 12.48ms
[62.271s][info][gc,phases   ] GC(156)   Post Evacuate Collection Set: 0.58ms
[62.271s][info][gc,phases   ] GC(156)   Other: 0.07ms
[62.271s][info][gc,heap     ] GC(156) Eden regions: 196->0(178)
[62.271s][info][gc,heap     ] GC(156) Survivor regions: 21->23(28)
[62.271s][info][gc,heap     ] GC(156) Old regions: 58->72
[62.271s][info][gc,heap     ] GC(156) Humongous regions: 207->207
[62.271s][info][gc,metaspace] GC(156) Metaspace: 56041K(56320K)->56041K(56320K) NonClass: 50422K(50624K)->50422K(50624K) Class: 5618K(5696K)->5618K(5696K)
[62.271s][info][gc          ] GC(156) Pause Young (Mixed) (G1 Evacuation Pause) 480M->301M(531M) 13.674ms
[62.271s][info][gc,cpu      ] GC(156) User=0.03s Sys=0.00s Real=0.02s
[62.623s][info][gc,start    ] GC(157) Pause Young (Concurrent Start) (G1 Evacuation Pause)
[62.623s][info][gc,task     ] GC(157) Using 2 workers of 2 for evacuation
[62.629s][info][gc,phases   ] GC(157)   Pre Evacuate Collection Set: 0.29ms
[62.629s][info][gc,phases   ] GC(157)   Merge Heap Roots: 0.10ms
[62.629s][info][gc,phases   ] GC(157)   Evacuate Collection Set: 5.25ms
[62.629s][info][gc,phases   ] GC(157)   Post Evacuate Collection Set: 0.54ms
[62.629s][info][gc,phases   ] GC(157)   Other: 0.12ms
[62.629s][info][gc,heap     ] GC(157) Eden regions: 178->0(194)
[62.629s][info][gc,heap     ] GC(157) Survivor regions: 23->2(26)
[62.629s][info][gc,heap     ] GC(157) Old regions: 72->93
[62.629s][info][gc,heap     ] GC(157) Humongous regions: 207->207
[62.629s][info][gc,metaspace] GC(157) Metaspace: 56041K(56320K)->56041K(56320K) NonClass: 50422K(50624K)->50422K(50624K) Class: 5618K(5696K)->5618K(5696K)
[62.629s][info][gc          ] GC(157) Pause Young (Concurrent Start) (G1 Evacuation Pause) 479M->301M(531M) 6.467ms
[62.629s][info][gc,cpu      ] GC(157) User=0.02s Sys=0.00s Real=0.01s
[62.630s][info][gc          ] GC(158) Concurrent Mark Cycle
[62.630s][info][gc,marking  ] GC(158) Concurrent Scan Root Regions
[62.639s][info][gc,marking  ] GC(158) Concurrent Scan Root Regions 9.086ms
[62.639s][info][gc,marking  ] GC(158) Concurrent Mark
[62.639s][info][gc,marking  ] GC(158) Concurrent Mark From Roots
[62.639s][info][gc,task     ] GC(158) Using 1 workers of 1 for marking
[62.746s][info][gc,marking  ] GC(158) Concurrent Mark From Roots 106.949ms
[62.746s][info][gc,marking  ] GC(158) Concurrent Preclean
[62.746s][info][gc,marking  ] GC(158) Concurrent Preclean 0.067ms
[62.746s][info][gc,start    ] GC(158) Pause Remark
[62.757s][info][gc          ] GC(158) Pause Remark 342M->330M(531M) 11.120ms
[62.758s][info][gc,cpu      ] GC(158) User=0.03s Sys=0.00s Real=0.01s
[62.758s][info][gc,marking  ] GC(158) Concurrent Mark 119.005ms
[62.758s][info][gc,marking  ] GC(158) Concurrent Rebuild Remembered Sets and Scrub Regions
[62.812s][info][gc,marking  ] GC(158) Concurrent Rebuild Remembered Sets and Scrub Regions 53.339ms
[62.812s][info][gc,start    ] GC(158) Pause Cleanup
[62.812s][info][gc          ] GC(158) Pause Cleanup 353M->353M(531M) 0.071ms
[62.812s][info][gc,cpu      ] GC(158) User=0.01s Sys=0.00s Real=0.00s
[62.812s][info][gc,marking  ] GC(158) Concurrent Clear Claimed Marks
[62.812s][info][gc,marking  ] GC(158) Concurrent Clear Claimed Marks 0.085ms
[62.812s][info][gc,marking  ] GC(158) Concurrent Cleanup for Next Mark
[62.814s][info][gc,marking  ] GC(158) Concurrent Cleanup for Next Mark 1.915ms
[62.814s][info][gc          ] GC(158) Concurrent Mark Cycle 184.182ms
[63.113s][info][gc,start    ] GC(159) Pause Young (Prepare Mixed) (G1 Evacuation Pause)
[63.113s][info][gc,task     ] GC(159) Using 2 workers of 2 for evacuation
[63.117s][info][gc,phases   ] GC(159)   Pre Evacuate Collection Set: 0.34ms
[63.117s][info][gc,phases   ] GC(159)   Merge Heap Roots: 0.14ms
[63.117s][info][gc,phases   ] GC(159)   Evacuate Collection Set: 2.67ms
[63.117s][info][gc,phases   ] GC(159)   Post Evacuate Collection Set: 0.51ms
[63.117s][info][gc,phases   ] GC(159)   Other: 0.08ms
[63.117s][info][gc,heap     ] GC(159) Eden regions: 194->0(211)
[63.117s][info][gc,heap     ] GC(159) Survivor regions: 2->2(25)
[63.117s][info][gc,heap     ] GC(159) Old regions: 81->81
[63.117s][info][gc,heap     ] GC(159) Humongous regions: 207->207
[63.117s][info][gc,metaspace] GC(159) Metaspace: 56041K(56320K)->56041K(56320K) NonClass: 50422K(50624K)->50422K(50624K) Class: 5618K(5696K)->5618K(5696K)
[63.117s][info][gc          ] GC(159) Pause Young (Prepare Mixed) (G1 Evacuation Pause) 482M->289M(531M) 3.897ms
[63.117s][info][gc,cpu      ] GC(159) User=0.00s Sys=0.00s Real=0.00s
[63.634s][info][gc,start    ] GC(160) Pause Young (Mixed) (G1 Evacuation Pause)
[63.634s][info][gc,task     ] GC(160) Using 2 workers of 2 for evacuation
[63.638s][info][gc,phases   ] GC(160)   Pre Evacuate Collection Set: 0.31ms
[63.638s][info][gc,phases   ] GC(160)   Merge Heap Roots: 0.08ms
[63.638s][info][gc,phases   ] GC(160)   Evacuate Collection Set: 3.73ms
[63.638s][info][gc,phases   ] GC(160)   Post Evacuate Collection Set: 0.46ms
[63.638s][info][gc,phases   ] GC(160)   Other: 0.09ms
[63.638s][info][gc,heap     ] GC(160) Eden regions: 211->0(214)
[63.638s][info][gc,heap     ] GC(160) Survivor regions: 2->3(27)
[63.638s][info][gc,heap     ] GC(160) Old regions: 81->76
[63.638s][info][gc,heap     ] GC(160) Humongous regions: 207->207
[63.638s][info][gc,metaspace] GC(160) Metaspace: 56041K(56320K)->56041K(56320K) NonClass: 50422K(50624K)->50422K(50624K) Class: 5618K(5696K)->5618K(5696K)
[63.638s][info][gc          ] GC(160) Pause Young (Mixed) (G1 Evacuation Pause) 500M->285M(531M) 4.835ms
[63.638s][info][gc,cpu      ] GC(160) User=0.01s Sys=0.00s Real=0.01s
[64.165s][info][gc,start    ] GC(161) Pause Young (Concurrent Start) (G1 Evacuation Pause)
[64.165s][info][gc,task     ] GC(161) Using 2 workers of 2 for evacuation
[64.171s][info][gc,phases   ] GC(161)   Pre Evacuate Collection Set: 0.31ms
[64.172s][info][gc,phases   ] GC(161)   Merge Heap Roots: 0.08ms
[64.172s][info][gc,phases   ] GC(161)   Evacuate Collection Set: 5.65ms
[64.172s][info][gc,phases   ] GC(161)   Post Evacuate Collection Set: 0.48ms
[64.172s][info][gc,phases   ] GC(161)   Other: 0.09ms
[64.172s][info][gc,heap     ] GC(161) Eden regions: 214->0(216)
[64.172s][info][gc,heap     ] GC(161) Survivor regions: 3->2(28)
[64.172s][info][gc,heap     ] GC(161) Old regions: 76->76
[64.172s][info][gc,heap     ] GC(161) Humongous regions: 207->207
[64.172s][info][gc,metaspace] GC(161) Metaspace: 56041K(56320K)->56041K(56320K) NonClass: 50422K(50624K)->50422K(50624K) Class: 5618K(5696K)->5618K(5696K)
[64.172s][info][gc          ] GC(161) Pause Young (Concurrent Start) (G1 Evacuation Pause) 499M->284M(531M) 6.770ms
[64.172s][info][gc          ] GC(162) Concurrent Mark Cycle
[64.172s][info][gc,marking  ] GC(162) Concurrent Scan Root Regions
[64.173s][info][gc,cpu      ] GC(161) User=0.02s Sys=0.00s Real=0.01s
[64.175s][info][gc,marking  ] GC(162) Concurrent Scan Root Regions 3.453ms
[64.175s][info][gc,marking  ] GC(162) Concurrent Mark
[64.175s][info][gc,marking  ] GC(162) Concurrent Mark From Roots
[64.175s][info][gc,task     ] GC(162) Using 1 workers of 1 for marking
[64.262s][info][gc,marking  ] GC(162) Concurrent Mark From Roots 87.289ms
[64.262s][info][gc,marking  ] GC(162) Concurrent Preclean
[64.263s][info][gc,marking  ] GC(162) Concurrent Preclean 0.064ms
[64.263s][info][gc,start    ] GC(162) Pause Remark
[64.273s][info][gc          ] GC(162) Pause Remark 318M->318M(531M) 10.314ms
[64.273s][info][gc,cpu      ] GC(162) User=0.02s Sys=0.00s Real=0.01s
[64.273s][info][gc,marking  ] GC(162) Concurrent Mark 97.881ms
[64.273s][info][gc,marking  ] GC(162) Concurrent Rebuild Remembered Sets and Scrub Regions
[64.308s][info][gc,marking  ] GC(162) Concurrent Rebuild Remembered Sets and Scrub Regions 34.652ms
[64.308s][info][gc,start    ] GC(162) Pause Cleanup
[64.308s][info][gc          ] GC(162) Pause Cleanup 327M->327M(531M) 0.068ms
[64.308s][info][gc,cpu      ] GC(162) User=0.00s Sys=0.00s Real=0.01s
[64.309s][info][gc,marking  ] GC(162) Concurrent Clear Claimed Marks
[64.309s][info][gc,marking  ] GC(162) Concurrent Clear Claimed Marks 0.102ms
[64.309s][info][gc,marking  ] GC(162) Concurrent Cleanup for Next Mark
[64.311s][info][gc,marking  ] GC(162) Concurrent Cleanup for Next Mark 1.860ms
[64.311s][info][gc          ] GC(162) Concurrent Mark Cycle 139.356ms
[64.713s][info][gc,start    ] GC(163) Pause Young (Prepare Mixed) (G1 Evacuation Pause)
[64.713s][info][gc,task     ] GC(163) Using 2 workers of 2 for evacuation
[64.718s][info][gc,phases   ] GC(163)   Pre Evacuate Collection Set: 0.25ms
[64.718s][info][gc,phases   ] GC(163)   Merge Heap Roots: 0.13ms
[64.718s][info][gc,phases   ] GC(163)   Evacuate Collection Set: 3.11ms
[64.718s][info][gc,phases   ] GC(163)   Post Evacuate Collection Set: 0.49ms
[64.718s][info][gc,phases   ] GC(163)   Other: 0.08ms
[64.718s][info][gc,heap     ] GC(163) Eden regions: 216->0(216)
[64.718s][info][gc,heap     ] GC(163) Survivor regions: 2->2(28)
[64.718s][info][gc,heap     ] GC(163) Old regions: 76->76
[64.718s][info][gc,heap     ] GC(163) Humongous regions: 207->207
[64.718s][info][gc,metaspace] GC(163) Metaspace: 56042K(56320K)->56042K(56320K) NonClass: 50423K(50624K)->50423K(50624K) Class: 5618K(5696K)->5618K(5696K)
[64.718s][info][gc          ] GC(163) Pause Young (Prepare Mixed) (G1 Evacuation Pause) 500M->284M(531M) 4.225ms
[64.718s][info][gc,cpu      ] GC(163) User=0.01s Sys=0.00s Real=0.00s
[65.229s][info][gc,start    ] GC(164) Pause Young (Mixed) (G1 Evacuation Pause)
[65.229s][info][gc,task     ] GC(164) Using 2 workers of 2 for evacuation
[65.234s][info][gc,phases   ] GC(164)   Pre Evacuate Collection Set: 0.25ms
[65.234s][info][gc,phases   ] GC(164)   Merge Heap Roots: 0.09ms
[65.234s][info][gc,phases   ] GC(164)   Evacuate Collection Set: 3.48ms
[65.234s][info][gc,phases   ] GC(164)   Post Evacuate Collection Set: 0.51ms
[65.234s][info][gc,phases   ] GC(164)   Other: 0.07ms
[65.234s][info][gc,heap     ] GC(164) Eden regions: 216->0(217)
[65.234s][info][gc,heap     ] GC(164) Survivor regions: 2->3(28)
[65.234s][info][gc,heap     ] GC(164) Old regions: 76->73
[65.234s][info][gc,heap     ] GC(164) Humongous regions: 207->207
[65.234s][info][gc,metaspace] GC(164) Metaspace: 56043K(56320K)->56043K(56320K) NonClass: 50425K(50624K)->50425K(50624K) Class: 5618K(5696K)->5618K(5696K)
[65.234s][info][gc          ] GC(164) Pause Young (Mixed) (G1 Evacuation Pause) 500M->281M(531M) 4.561ms
[65.234s][info][gc,cpu      ] GC(164) User=0.01s Sys=0.00s Real=0.00s
[65.750s][info][gc,start    ] GC(165) Pause Young (Concurrent Start) (G1 Evacuation Pause)
[65.750s][info][gc,task     ] GC(165) Using 2 workers of 2 for evacuation
[65.754s][info][gc,phases   ] GC(165)   Pre Evacuate Collection Set: 0.30ms
[65.754s][info][gc,phases   ] GC(165)   Merge Heap Roots: 0.08ms
[65.754s][info][gc,phases   ] GC(165)   Evacuate Collection Set: 3.33ms
[65.754s][info][gc,phases   ] GC(165)   Post Evacuate Collection Set: 0.52ms
[65.754s][info][gc,phases   ] GC(165)   Other: 0.09ms
[65.754s][info][gc,heap     ] GC(165) Eden regions: 217->0(219)
[65.754s][info][gc,heap     ] GC(165) Survivor regions: 3->2(28)
[65.754s][info][gc,heap     ] GC(165) Old regions: 73->73
[65.754s][info][gc,heap     ] GC(165) Humongous regions: 207->207
[65.754s][info][gc,metaspace] GC(165) Metaspace: 56043K(56320K)->56043K(56320K) NonClass: 50425K(50624K)->50425K(50624K) Class: 5618K(5696K)->5618K(5696K)
[65.754s][info][gc          ] GC(165) Pause Young (Concurrent Start) (G1 Evacuation Pause) 498M->280M(531M) 4.480ms
[65.754s][info][gc,cpu      ] GC(165) User=0.01s Sys=0.00s Real=0.00s
[65.754s][info][gc          ] GC(166) Concurrent Mark Cycle
[65.754s][info][gc,marking  ] GC(166) Concurrent Scan Root Regions
[65.757s][info][gc,marking  ] GC(166) Concurrent Scan Root Regions 2.767ms
[65.757s][info][gc,marking  ] GC(166) Concurrent Mark
[65.757s][info][gc,marking  ] GC(166) Concurrent Mark From Roots
[65.757s][info][gc,task     ] GC(166) Using 1 workers of 1 for marking
[65.797s][info][gc,marking  ] GC(166) Concurrent Mark From Roots 39.813ms
[65.797s][info][gc,marking  ] GC(166) Concurrent Preclean
[65.797s][info][gc,marking  ] GC(166) Concurrent Preclean 0.057ms
[65.797s][info][gc,start    ] GC(166) Pause Remark
[65.805s][info][gc          ] GC(166) Pause Remark 288M->288M(531M) 8.161ms
[65.805s][info][gc,cpu      ] GC(166) User=0.01s Sys=0.00s Real=0.01s
[65.805s][info][gc,marking  ] GC(166) Concurrent Mark 48.374ms
[65.805s][info][gc,marking  ] GC(166) Concurrent Rebuild Remembered Sets and Scrub Regions
[65.836s][info][gc,marking  ] GC(166) Concurrent Rebuild Remembered Sets and Scrub Regions 30.846ms
[65.836s][info][gc,start    ] GC(166) Pause Cleanup
[65.836s][info][gc          ] GC(166) Pause Cleanup 314M->314M(531M) 0.063ms
[65.836s][info][gc,cpu      ] GC(166) User=0.00s Sys=0.00s Real=0.00s
[65.836s][info][gc,marking  ] GC(166) Concurrent Clear Claimed Marks
[65.837s][info][gc,marking  ] GC(166) Concurrent Clear Claimed Marks 0.086ms
[65.837s][info][gc,marking  ] GC(166) Concurrent Cleanup for Next Mark
[65.838s][info][gc,marking  ] GC(166) Concurrent Cleanup for Next Mark 1.567ms
[65.838s][info][gc          ] GC(166) Concurrent Mark Cycle 84.014ms
[66.311s][info][gc,start    ] GC(167) Pause Young (Prepare Mixed) (G1 Evacuation Pause)
[66.311s][info][gc,task     ] GC(167) Using 2 workers of 2 for evacuation
[66.314s][info][gc,phases   ] GC(167)   Pre Evacuate Collection Set: 0.24ms
[66.314s][info][gc,phases   ] GC(167)   Merge Heap Roots: 0.10ms
[66.314s][info][gc,phases   ] GC(167)   Evacuate Collection Set: 2.29ms
[66.314s][info][gc,phases   ] GC(167)   Post Evacuate Collection Set: 0.55ms
[66.314s][info][gc,phases   ] GC(167)   Other: 0.08ms
[66.314s][info][gc,heap     ] GC(167) Eden regions: 219->0(219)
[66.314s][info][gc,heap     ] GC(167) Survivor regions: 2->2(28)
[66.314s][info][gc,heap     ] GC(167) Old regions: 73->73
[66.314s][info][gc,heap     ] GC(167) Humongous regions: 207->207
[66.314s][info][gc,metaspace] GC(167) Metaspace: 56044K(56320K)->56044K(56320K) NonClass: 50425K(50624K)->50425K(50624K) Class: 5618K(5696K)->5618K(5696K)
[66.314s][info][gc          ] GC(167) Pause Young (Prepare Mixed) (G1 Evacuation Pause) 499M->280M(531M) 3.456ms
[66.314s][info][gc,cpu      ] GC(167) User=0.01s Sys=0.00s Real=0.00s
[66.825s][info][gc,start    ] GC(168) Pause Young (Mixed) (G1 Evacuation Pause)
[66.825s][info][gc,task     ] GC(168) Using 2 workers of 2 for evacuation
[66.830s][info][gc,phases   ] GC(168)   Pre Evacuate Collection Set: 0.25ms
[66.830s][info][gc,phases   ] GC(168)   Merge Heap Roots: 0.11ms
[66.830s][info][gc,phases   ] GC(168)   Evacuate Collection Set: 3.89ms
[66.830s][info][gc,phases   ] GC(168)   Post Evacuate Collection Set: 0.54ms
[66.830s][info][gc,phases   ] GC(168)   Other: 0.07ms
[66.830s][info][gc,heap     ] GC(168) Eden regions: 219->0(221)
[66.830s][info][gc,heap     ] GC(168) Survivor regions: 2->3(28)
[66.830s][info][gc,heap     ] GC(168) Old regions: 73->69
[66.830s][info][gc,heap     ] GC(168) Humongous regions: 207->207
[66.830s][info][gc,metaspace] GC(168) Metaspace: 56044K(56320K)->56044K(56320K) NonClass: 50425K(50624K)->50425K(50624K) Class: 5618K(5696K)->5618K(5696K)
[66.830s][info][gc          ] GC(168) Pause Young (Mixed) (G1 Evacuation Pause) 499M->277M(531M) 5.045ms
[66.830s][info][gc,cpu      ] GC(168) User=0.01s Sys=0.00s Real=0.01s
[67.350s][info][gc,start    ] GC(169) Pause Young (Concurrent Start) (G1 Evacuation Pause)
[67.350s][info][gc,task     ] GC(169) Using 2 workers of 2 for evacuation
[67.355s][info][gc,phases   ] GC(169)   Pre Evacuate Collection Set: 0.26ms
[67.355s][info][gc,phases   ] GC(169)   Merge Heap Roots: 0.10ms
[67.355s][info][gc,phases   ] GC(169)   Evacuate Collection Set: 3.61ms
[67.355s][info][gc,phases   ] GC(169)   Post Evacuate Collection Set: 0.52ms
[67.355s][info][gc,phases   ] GC(169)   Other: 0.11ms
[67.355s][info][gc,heap     ] GC(169) Eden regions: 221->0(221)
[67.355s][info][gc,heap     ] GC(169) Survivor regions: 3->3(28)
[67.355s][info][gc,heap     ] GC(169) Old regions: 69->69
[67.355s][info][gc,heap     ] GC(169) Humongous regions: 207->207
[67.355s][info][gc,metaspace] GC(169) Metaspace: 56044K(56320K)->56044K(56320K) NonClass: 50425K(50624K)->50425K(50624K) Class: 5618K(5696K)->5618K(5696K)
[67.355s][info][gc          ] GC(169) Pause Young (Concurrent Start) (G1 Evacuation Pause) 498M->277M(531M) 4.781ms
[67.355s][info][gc,cpu      ] GC(169) User=0.01s Sys=0.00s Real=0.00s
[67.355s][info][gc          ] GC(170) Concurrent Mark Cycle
[67.355s][info][gc,marking  ] GC(170) Concurrent Scan Root Regions
[67.359s][info][gc,marking  ] GC(170) Concurrent Scan Root Regions 4.042ms
[67.359s][info][gc,marking  ] GC(170) Concurrent Mark
[67.359s][info][gc,marking  ] GC(170) Concurrent Mark From Roots
[67.359s][info][gc,task     ] GC(170) Using 1 workers of 1 for marking
[67.399s][info][gc,marking  ] GC(170) Concurrent Mark From Roots 39.886ms
[67.399s][info][gc,marking  ] GC(170) Concurrent Preclean
[67.399s][info][gc,marking  ] GC(170) Concurrent Preclean 0.057ms
[67.399s][info][gc,start    ] GC(170) Pause Remark
[67.407s][info][gc          ] GC(170) Pause Remark 285M->285M(531M) 7.861ms
[67.407s][info][gc,cpu      ] GC(170) User=0.02s Sys=0.00s Real=0.00s
[67.408s][info][gc,marking  ] GC(170) Concurrent Mark 48.317ms
[67.408s][info][gc,marking  ] GC(170) Concurrent Rebuild Remembered Sets and Scrub Regions
[67.424s][info][gc,marking  ] GC(170) Concurrent Rebuild Remembered Sets and Scrub Regions 16.342ms
[67.424s][info][gc,start    ] GC(170) Pause Cleanup
[67.424s][info][gc          ] GC(170) Pause Cleanup 295M->295M(531M) 0.057ms
[67.424s][info][gc,cpu      ] GC(170) User=0.00s Sys=0.00s Real=0.00s
[67.425s][info][gc,marking  ] GC(170) Concurrent Clear Claimed Marks
[67.425s][info][gc,marking  ] GC(170) Concurrent Clear Claimed Marks 0.086ms
[67.425s][info][gc,marking  ] GC(170) Concurrent Cleanup for Next Mark
[67.427s][info][gc,marking  ] GC(170) Concurrent Cleanup for Next Mark 1.988ms
[67.427s][info][gc          ] GC(170) Concurrent Mark Cycle 71.449ms
[67.920s][info][gc,start    ] GC(171) Pause Young (Prepare Mixed) (G1 Evacuation Pause)
[67.920s][info][gc,task     ] GC(171) Using 2 workers of 2 for evacuation
[67.924s][info][gc,phases   ] GC(171)   Pre Evacuate Collection Set: 0.24ms
[67.924s][info][gc,phases   ] GC(171)   Merge Heap Roots: 0.10ms
[67.924s][info][gc,phases   ] GC(171)   Evacuate Collection Set: 2.99ms
[67.924s][info][gc,phases   ] GC(171)   Post Evacuate Collection Set: 0.55ms
[67.924s][info][gc,phases   ] GC(171)   Other: 0.09ms
[67.924s][info][gc,heap     ] GC(171) Eden regions: 221->0(221)
[67.924s][info][gc,heap     ] GC(171) Survivor regions: 3->3(28)
[67.924s][info][gc,heap     ] GC(171) Old regions: 69->69
[67.924s][info][gc,heap     ] GC(171) Humongous regions: 207->207
[67.924s][info][gc,metaspace] GC(171) Metaspace: 56044K(56320K)->56044K(56320K) NonClass: 50425K(50624K)->50425K(50624K) Class: 5618K(5696K)->5618K(5696K)
[67.924s][info][gc          ] GC(171) Pause Young (Prepare Mixed) (G1 Evacuation Pause) 498M->277M(531M) 4.130ms
[67.924s][info][gc,cpu      ] GC(171) User=0.01s Sys=0.00s Real=0.00s
[68.477s][info][gc,start    ] GC(172) Pause Young (Mixed) (G1 Evacuation Pause)
[68.477s][info][gc,task     ] GC(172) Using 2 workers of 2 for evacuation
[68.482s][info][gc,phases   ] GC(172)   Pre Evacuate Collection Set: 0.26ms
[68.482s][info][gc,phases   ] GC(172)   Merge Heap Roots: 0.12ms
[68.482s][info][gc,phases   ] GC(172)   Evacuate Collection Set: 4.88ms
[68.483s][info][gc,phases   ] GC(172)   Post Evacuate Collection Set: 0.54ms
[68.483s][info][gc,phases   ] GC(172)   Other: 0.07ms
[68.483s][info][gc,heap     ] GC(172) Eden regions: 221->0(222)
[68.483s][info][gc,heap     ] GC(172) Survivor regions: 3->4(28)
[68.483s][info][gc,heap     ] GC(172) Old regions: 69->66
[68.483s][info][gc,heap     ] GC(172) Humongous regions: 207->207
[68.483s][info][gc,metaspace] GC(172) Metaspace: 56044K(56320K)->56044K(56320K) NonClass: 50425K(50624K)->50425K(50624K) Class: 5618K(5696K)->5618K(5696K)
[68.483s][info][gc          ] GC(172) Pause Young (Mixed) (G1 Evacuation Pause) 498M->275M(531M) 6.030ms
[68.483s][info][gc,cpu      ] GC(172) User=0.01s Sys=0.00s Real=0.01s
[69.012s][info][gc,start    ] GC(173) Pause Young (Concurrent Start) (G1 Evacuation Pause)
[69.012s][info][gc,task     ] GC(173) Using 2 workers of 2 for evacuation
[69.015s][info][gc,phases   ] GC(173)   Pre Evacuate Collection Set: 0.32ms
[69.015s][info][gc,phases   ] GC(173)   Merge Heap Roots: 0.10ms
[69.015s][info][gc,phases   ] GC(173)   Evacuate Collection Set: 2.42ms
[69.015s][info][gc,phases   ] GC(173)   Post Evacuate Collection Set: 0.54ms
[69.015s][info][gc,phases   ] GC(173)   Other: 0.15ms
[69.015s][info][gc,heap     ] GC(173) Eden regions: 222->0(226)
[69.015s][info][gc,heap     ] GC(173) Survivor regions: 4->2(29)
[69.015s][info][gc,heap     ] GC(173) Old regions: 66->66
[69.015s][info][gc,heap     ] GC(173) Humongous regions: 207->207
[69.015s][info][gc,metaspace] GC(173) Metaspace: 56044K(56320K)->56044K(56320K) NonClass: 50425K(50624K)->50425K(50624K) Class: 5618K(5696K)->5618K(5696K)
[69.015s][info][gc          ] GC(173) Pause Young (Concurrent Start) (G1 Evacuation Pause) 497M->273M(531M) 3.682ms
[69.015s][info][gc          ] GC(174) Concurrent Mark Cycle
[69.015s][info][gc,marking  ] GC(174) Concurrent Scan Root Regions
[69.016s][info][gc,cpu      ] GC(173) User=0.00s Sys=0.00s Real=0.00s
[69.017s][info][gc,marking  ] GC(174) Concurrent Scan Root Regions 1.899ms
[69.017s][info][gc,marking  ] GC(174) Concurrent Mark
[69.017s][info][gc,marking  ] GC(174) Concurrent Mark From Roots
[69.017s][info][gc,task     ] GC(174) Using 1 workers of 1 for marking
[69.076s][info][gc,marking  ] GC(174) Concurrent Mark From Roots 58.407ms
[69.076s][info][gc,marking  ] GC(174) Concurrent Preclean
[69.076s][info][gc,marking  ] GC(174) Concurrent Preclean 0.063ms
[69.076s][info][gc,start    ] GC(174) Pause Remark
[69.084s][info][gc          ] GC(174) Pause Remark 308M->308M(531M) 7.852ms
[69.084s][info][gc,cpu      ] GC(174) User=0.02s Sys=0.00s Real=0.01s
[69.084s][info][gc,marking  ] GC(174) Concurrent Mark 66.967ms
[69.084s][info][gc,marking  ] GC(174) Concurrent Rebuild Remembered Sets and Scrub Regions
[69.101s][info][gc,marking  ] GC(174) Concurrent Rebuild Remembered Sets and Scrub Regions 16.809ms
[69.101s][info][gc,start    ] GC(174) Pause Cleanup
[69.101s][info][gc          ] GC(174) Pause Cleanup 311M->311M(531M) 0.070ms
[69.101s][info][gc,cpu      ] GC(174) User=0.00s Sys=0.00s Real=0.00s
[69.101s][info][gc,marking  ] GC(174) Concurrent Clear Claimed Marks
[69.101s][info][gc,marking  ] GC(174) Concurrent Clear Claimed Marks 0.085ms
[69.101s][info][gc,marking  ] GC(174) Concurrent Cleanup for Next Mark
[69.103s][info][gc,marking  ] GC(174) Concurrent Cleanup for Next Mark 1.566ms
[69.103s][info][gc          ] GC(174) Concurrent Mark Cycle 87.633ms
[69.530s][info][gc,start    ] GC(175) Pause Young (Prepare Mixed) (G1 Evacuation Pause)
[69.530s][info][gc,task     ] GC(175) Using 2 workers of 2 for evacuation
[69.536s][info][gc,phases   ] GC(175)   Pre Evacuate Collection Set: 0.24ms
[69.536s][info][gc,phases   ] GC(175)   Merge Heap Roots: 0.10ms
[69.536s][info][gc,phases   ] GC(175)   Evacuate Collection Set: 4.78ms
[69.536s][info][gc,phases   ] GC(175)   Post Evacuate Collection Set: 0.54ms
[69.536s][info][gc,phases   ] GC(175)   Other: 0.09ms
[69.536s][info][gc,heap     ] GC(175) Eden regions: 226->0(222)
[69.536s][info][gc,heap     ] GC(175) Survivor regions: 2->4(29)
[69.536s][info][gc,heap     ] GC(175) Old regions: 66->66
[69.536s][info][gc,heap     ] GC(175) Humongous regions: 207->207
[69.536s][info][gc,metaspace] GC(175) Metaspace: 56046K(56320K)->56046K(56320K) NonClass: 50428K(50624K)->50428K(50624K) Class: 5618K(5696K)->5618K(5696K)
[69.536s][info][gc          ] GC(175) Pause Young (Prepare Mixed) (G1 Evacuation Pause) 499M->275M(531M) 5.941ms
[69.536s][info][gc,cpu      ] GC(175) User=0.01s Sys=0.00s Real=0.00s
[70.153s][info][gc,start    ] GC(176) Pause Young (Mixed) (G1 Evacuation Pause)
[70.153s][info][gc,task     ] GC(176) Using 2 workers of 2 for evacuation
[70.157s][info][gc,phases   ] GC(176)   Pre Evacuate Collection Set: 0.24ms
[70.157s][info][gc,phases   ] GC(176)   Merge Heap Roots: 0.09ms
[70.157s][info][gc,phases   ] GC(176)   Evacuate Collection Set: 3.09ms
[70.157s][info][gc,phases   ] GC(176)   Post Evacuate Collection Set: 0.53ms
[70.157s][info][gc,phases   ] GC(176)   Other: 0.10ms
[70.157s][info][gc,heap     ] GC(176) Eden regions: 222->0(231)
[70.157s][info][gc,heap     ] GC(176) Survivor regions: 4->1(29)
[70.157s][info][gc,heap     ] GC(176) Old regions: 66->63
[70.157s][info][gc,heap     ] GC(176) Humongous regions: 207->207
[70.157s][info][gc,metaspace] GC(176) Metaspace: 56046K(56320K)->56046K(56320K) NonClass: 50428K(50624K)->50428K(50624K) Class: 5618K(5696K)->5618K(5696K)
[70.157s][info][gc          ] GC(176) Pause Young (Mixed) (G1 Evacuation Pause) 497M->270M(531M) 4.223ms
[70.157s][info][gc,cpu      ] GC(176) User=0.00s Sys=0.00s Real=0.00s
[70.727s][info][gc,start    ] GC(177) Pause Young (Concurrent Start) (G1 Evacuation Pause)
[70.727s][info][gc,task     ] GC(177) Using 2 workers of 2 for evacuation
[70.733s][info][gc,phases   ] GC(177)   Pre Evacuate Collection Set: 0.28ms
[70.733s][info][gc,phases   ] GC(177)   Merge Heap Roots: 0.09ms
[70.733s][info][gc,phases   ] GC(177)   Evacuate Collection Set: 4.94ms
[70.733s][info][gc,phases   ] GC(177)   Post Evacuate Collection Set: 0.53ms
[70.733s][info][gc,phases   ] GC(177)   Other: 0.09ms
[70.733s][info][gc,heap     ] GC(177) Eden regions: 231->0(227)
[70.733s][info][gc,heap     ] GC(177) Survivor regions: 1->3(29)
[70.733s][info][gc,heap     ] GC(177) Old regions: 63->63
[70.733s][info][gc,heap     ] GC(177) Humongous regions: 207->207
[70.733s][info][gc,metaspace] GC(177) Metaspace: 56046K(56320K)->56046K(56320K) NonClass: 50428K(50624K)->50428K(50624K) Class: 5618K(5696K)->5618K(5696K)
[70.733s][info][gc          ] GC(177) Pause Young (Concurrent Start) (G1 Evacuation Pause) 501M->272M(531M) 6.095ms
[70.733s][info][gc,cpu      ] GC(177) User=0.01s Sys=0.00s Real=0.01s
[70.733s][info][gc          ] GC(178) Concurrent Mark Cycle
[70.733s][info][gc,marking  ] GC(178) Concurrent Scan Root Regions
[70.743s][info][gc,marking  ] GC(178) Concurrent Scan Root Regions 9.358ms
[70.743s][info][gc,marking  ] GC(178) Concurrent Mark
[70.743s][info][gc,marking  ] GC(178) Concurrent Mark From Roots
[70.743s][info][gc,task     ] GC(178) Using 1 workers of 1 for marking
[70.783s][info][gc,marking  ] GC(178) Concurrent Mark From Roots 40.023ms
[70.783s][info][gc,marking  ] GC(178) Concurrent Preclean
[70.783s][info][gc,marking  ] GC(178) Concurrent Preclean 0.061ms
[70.783s][info][gc,start    ] GC(178) Pause Remark
[70.791s][info][gc          ] GC(178) Pause Remark 291M->291M(531M) 7.913ms
[70.791s][info][gc,cpu      ] GC(178) User=0.02s Sys=0.00s Real=0.01s
[70.791s][info][gc,marking  ] GC(178) Concurrent Mark 48.636ms
[70.791s][info][gc,marking  ] GC(178) Concurrent Rebuild Remembered Sets and Scrub Regions
[70.809s][info][gc,marking  ] GC(178) Concurrent Rebuild Remembered Sets and Scrub Regions 17.321ms
[70.809s][info][gc,start    ] GC(178) Pause Cleanup
[70.809s][info][gc          ] GC(178) Pause Cleanup 293M->293M(531M) 0.101ms
[70.809s][info][gc,cpu      ] GC(178) User=0.00s Sys=0.00s Real=0.00s
[70.809s][info][gc,marking  ] GC(178) Concurrent Clear Claimed Marks
[70.809s][info][gc,marking  ] GC(178) Concurrent Clear Claimed Marks 0.084ms
[70.809s][info][gc,marking  ] GC(178) Concurrent Cleanup for Next Mark
[70.811s][info][gc,marking  ] GC(178) Concurrent Cleanup for Next Mark 1.542ms
[70.811s][info][gc          ] GC(178) Concurrent Mark Cycle 77.376ms
[71.309s][info][gc,start    ] GC(179) Pause Young (Prepare Mixed) (G1 Evacuation Pause)
[71.309s][info][gc,task     ] GC(179) Using 2 workers of 2 for evacuation
[71.312s][info][gc,phases   ] GC(179)   Pre Evacuate Collection Set: 0.26ms
[71.312s][info][gc,phases   ] GC(179)   Merge Heap Roots: 0.10ms
[71.312s][info][gc,phases   ] GC(179)   Evacuate Collection Set: 2.21ms
[71.312s][info][gc,phases   ] GC(179)   Post Evacuate Collection Set: 0.53ms
[71.312s][info][gc,phases   ] GC(179)   Other: 0.09ms
[71.312s][info][gc,heap     ] GC(179) Eden regions: 227->0(229)
[71.312s][info][gc,heap     ] GC(179) Survivor regions: 3->2(29)
[71.312s][info][gc,heap     ] GC(179) Old regions: 63->63
[71.312s][info][gc,heap     ] GC(179) Humongous regions: 207->207
[71.312s][info][gc,metaspace] GC(179) Metaspace: 56046K(56320K)->56046K(56320K) NonClass: 50428K(50624K)->50428K(50624K) Class: 5618K(5696K)->5618K(5696K)
[71.312s][info][gc          ] GC(179) Pause Young (Prepare Mixed) (G1 Evacuation Pause) 499M->271M(531M) 3.381ms
[71.312s][info][gc,cpu      ] GC(179) User=0.01s Sys=0.00s Real=0.00s
[71.837s][info][gc,start    ] GC(180) Pause Young (Mixed) (G1 Evacuation Pause)
[71.837s][info][gc,task     ] GC(180) Using 2 workers of 2 for evacuation
[71.843s][info][gc,phases   ] GC(180)   Pre Evacuate Collection Set: 0.25ms
[71.844s][info][gc,phases   ] GC(180)   Merge Heap Roots: 0.11ms
[71.844s][info][gc,phases   ] GC(180)   Evacuate Collection Set: 5.06ms
[71.844s][info][gc,phases   ] GC(180)   Post Evacuate Collection Set: 0.56ms
[71.844s][info][gc,phases   ] GC(180)   Other: 0.07ms
[71.844s][info][gc,heap     ] GC(180) Eden regions: 229->0(228)
[71.844s][info][gc,heap     ] GC(180) Survivor regions: 2->3(29)
[71.844s][info][gc,heap     ] GC(180) Old regions: 63->62
[71.844s][info][gc,heap     ] GC(180) Humongous regions: 207->207
[71.844s][info][gc,metaspace] GC(180) Metaspace: 56048K(56320K)->56048K(56320K) NonClass: 50429K(50624K)->50429K(50624K) Class: 5618K(5696K)->5618K(5696K)
[71.844s][info][gc          ] GC(180) Pause Young (Mixed) (G1 Evacuation Pause) 500M->271M(531M) 6.218ms
[71.844s][info][gc,cpu      ] GC(180) User=0.01s Sys=0.00s Real=0.01s
[72.416s][info][gc,start    ] GC(181) Pause Young (Concurrent Start) (G1 Evacuation Pause)
[72.416s][info][gc,task     ] GC(181) Using 2 workers of 2 for evacuation
[72.421s][info][gc,phases   ] GC(181)   Pre Evacuate Collection Set: 0.26ms
[72.421s][info][gc,phases   ] GC(181)   Merge Heap Roots: 0.10ms
[72.421s][info][gc,phases   ] GC(181)   Evacuate Collection Set: 3.68ms
[72.421s][info][gc,phases   ] GC(181)   Post Evacuate Collection Set: 0.53ms
[72.421s][info][gc,phases   ] GC(181)   Other: 0.11ms
[72.421s][info][gc,heap     ] GC(181) Eden regions: 228->0(228)
[72.421s][info][gc,heap     ] GC(181) Survivor regions: 3->3(29)
[72.421s][info][gc,heap     ] GC(181) Old regions: 62->62
[72.421s][info][gc,heap     ] GC(181) Humongous regions: 207->207
[72.421s][info][gc,metaspace] GC(181) Metaspace: 56048K(56320K)->56048K(56320K) NonClass: 50429K(50624K)->50429K(50624K) Class: 5618K(5696K)->5618K(5696K)
[72.421s][info][gc          ] GC(181) Pause Young (Concurrent Start) (G1 Evacuation Pause) 499M->271M(531M) 4.862ms
[72.421s][info][gc          ] GC(182) Concurrent Mark Cycle
[72.421s][info][gc,marking  ] GC(182) Concurrent Scan Root Regions
[72.422s][info][gc,cpu      ] GC(181) User=0.01s Sys=0.00s Real=0.01s
[72.424s][info][gc,marking  ] GC(182) Concurrent Scan Root Regions 2.786ms
[72.424s][info][gc,marking  ] GC(182) Concurrent Mark
[72.424s][info][gc,marking  ] GC(182) Concurrent Mark From Roots
[72.424s][info][gc,task     ] GC(182) Using 1 workers of 1 for marking
[72.480s][info][gc,marking  ] GC(182) Concurrent Mark From Roots 56.067ms
[72.480s][info][gc,marking  ] GC(182) Concurrent Preclean
[72.480s][info][gc,marking  ] GC(182) Concurrent Preclean 0.061ms
[72.480s][info][gc,start    ] GC(182) Pause Remark
[72.488s][info][gc          ] GC(182) Pause Remark 303M->303M(531M) 7.799ms
[72.488s][info][gc,cpu      ] GC(182) User=0.01s Sys=0.00s Real=0.01s
[72.488s][info][gc,marking  ] GC(182) Concurrent Mark 64.409ms
[72.488s][info][gc,marking  ] GC(182) Concurrent Rebuild Remembered Sets and Scrub Regions
[72.504s][info][gc,marking  ] GC(182) Concurrent Rebuild Remembered Sets and Scrub Regions 15.356ms
[72.504s][info][gc,start    ] GC(182) Pause Cleanup
[72.504s][info][gc          ] GC(182) Pause Cleanup 303M->303M(531M) 0.077ms
[72.504s][info][gc,cpu      ] GC(182) User=0.00s Sys=0.00s Real=0.00s
[72.504s][info][gc,marking  ] GC(182) Concurrent Clear Claimed Marks
[72.504s][info][gc,marking  ] GC(182) Concurrent Clear Claimed Marks 0.097ms
[72.504s][info][gc,marking  ] GC(182) Concurrent Cleanup for Next Mark
[72.506s][info][gc,marking  ] GC(182) Concurrent Cleanup for Next Mark 1.535ms
[72.506s][info][gc          ] GC(182) Concurrent Mark Cycle 84.578ms
[72.940s][info][gc,start    ] GC(183) Pause Young (Prepare Mixed) (G1 Evacuation Pause)
[72.940s][info][gc,task     ] GC(183) Using 2 workers of 2 for evacuation
[72.946s][info][gc,phases   ] GC(183)   Pre Evacuate Collection Set: 0.24ms
[72.946s][info][gc,phases   ] GC(183)   Merge Heap Roots: 0.12ms
[72.946s][info][gc,phases   ] GC(183)   Evacuate Collection Set: 4.45ms
[72.946s][info][gc,phases   ] GC(183)   Post Evacuate Collection Set: 0.51ms
[72.946s][info][gc,phases   ] GC(183)   Other: 0.08ms
[72.946s][info][gc,heap     ] GC(183) Eden regions: 228->0(228)
[72.946s][info][gc,heap     ] GC(183) Survivor regions: 3->3(29)
[72.946s][info][gc,heap     ] GC(183) Old regions: 62->62
[72.946s][info][gc,heap     ] GC(183) Humongous regions: 207->207
[72.946s][info][gc,metaspace] GC(183) Metaspace: 56048K(56320K)->56048K(56320K) NonClass: 50429K(50624K)->50429K(50624K) Class: 5618K(5696K)->5618K(5696K)
[72.946s][info][gc          ] GC(183) Pause Young (Prepare Mixed) (G1 Evacuation Pause) 499M->271M(531M) 5.589ms
[72.946s][info][gc,cpu      ] GC(183) User=0.01s Sys=0.00s Real=0.00s
[73.515s][info][gc,start    ] GC(184) Pause Young (Mixed) (G1 Evacuation Pause)
[73.515s][info][gc,task     ] GC(184) Using 2 workers of 2 for evacuation
[73.521s][info][gc,phases   ] GC(184)   Pre Evacuate Collection Set: 0.24ms
[73.521s][info][gc,phases   ] GC(184)   Merge Heap Roots: 0.09ms
[73.521s][info][gc,phases   ] GC(184)   Evacuate Collection Set: 4.75ms
[73.521s][info][gc,phases   ] GC(184)   Post Evacuate Collection Set: 0.58ms
[73.521s][info][gc,phases   ] GC(184)   Other: 0.09ms
[73.521s][info][gc,heap     ] GC(184) Eden regions: 228->0(229)
[73.521s][info][gc,heap     ] GC(184) Survivor regions: 3->3(29)
[73.521s][info][gc,heap     ] GC(184) Old regions: 62->61
[73.521s][info][gc,heap     ] GC(184) Humongous regions: 207->207
[73.521s][info][gc,metaspace] GC(184) Metaspace: 56048K(56320K)->56048K(56320K) NonClass: 50429K(50624K)->50429K(50624K) Class: 5618K(5696K)->5618K(5696K)
[73.521s][info][gc          ] GC(184) Pause Young (Mixed) (G1 Evacuation Pause) 499M->269M(531M) 5.921ms
[73.521s][info][gc,cpu      ] GC(184) User=0.01s Sys=0.00s Real=0.01s
[74.050s][info][gc,start    ] GC(185) Pause Young (Concurrent Start) (G1 Evacuation Pause)
[74.050s][info][gc,task     ] GC(185) Using 2 workers of 2 for evacuation
[74.054s][info][gc,phases   ] GC(185)   Pre Evacuate Collection Set: 0.26ms
[74.054s][info][gc,phases   ] GC(185)   Merge Heap Roots: 0.10ms
[74.054s][info][gc,phases   ] GC(185)   Evacuate Collection Set: 3.21ms
[74.054s][info][gc,phases   ] GC(185)   Post Evacuate Collection Set: 0.52ms
[74.054s][info][gc,phases   ] GC(185)   Other: 0.08ms
[74.054s][info][gc,heap     ] GC(185) Eden regions: 229->0(231)
[74.054s][info][gc,heap     ] GC(185) Survivor regions: 3->2(29)
[74.054s][info][gc,heap     ] GC(185) Old regions: 61->61
[74.054s][info][gc,heap     ] GC(185) Humongous regions: 207->207
[74.054s][info][gc,metaspace] GC(185) Metaspace: 56048K(56320K)->56048K(56320K) NonClass: 50429K(50624K)->50429K(50624K) Class: 5618K(5696K)->5618K(5696K)
[74.054s][info][gc          ] GC(185) Pause Young (Concurrent Start) (G1 Evacuation Pause) 498M->268M(531M) 4.336ms
[74.054s][info][gc          ] GC(186) Concurrent Mark Cycle
[74.054s][info][gc,marking  ] GC(186) Concurrent Scan Root Regions
[74.054s][info][gc,cpu      ] GC(185) User=0.01s Sys=0.00s Real=0.00s
[74.057s][info][gc,marking  ] GC(186) Concurrent Scan Root Regions 2.913ms
[74.057s][info][gc,marking  ] GC(186) Concurrent Mark
[74.057s][info][gc,marking  ] GC(186) Concurrent Mark From Roots
[74.057s][info][gc,task     ] GC(186) Using 1 workers of 1 for marking
[74.097s][info][gc,marking  ] GC(186) Concurrent Mark From Roots 39.347ms
[74.097s][info][gc,marking  ] GC(186) Concurrent Preclean
[74.097s][info][gc,marking  ] GC(186) Concurrent Preclean 0.056ms
[74.097s][info][gc,start    ] GC(186) Pause Remark
[74.104s][info][gc          ] GC(186) Pause Remark 274M->274M(531M) 7.672ms
[74.104s][info][gc,cpu      ] GC(186) User=0.02s Sys=0.00s Real=0.01s
[74.105s][info][gc,marking  ] GC(186) Concurrent Mark 47.258ms
[74.105s][info][gc,marking  ] GC(186) Concurrent Rebuild Remembered Sets and Scrub Regions
[74.132s][info][gc,marking  ] GC(186) Concurrent Rebuild Remembered Sets and Scrub Regions 27.830ms
[74.133s][info][gc,start    ] GC(186) Pause Cleanup
[74.133s][info][gc          ] GC(186) Pause Cleanup 295M->295M(531M) 0.063ms
[74.133s][info][gc,cpu      ] GC(186) User=0.00s Sys=0.00s Real=0.00s
[74.133s][info][gc,marking  ] GC(186) Concurrent Clear Claimed Marks
[74.133s][info][gc,marking  ] GC(186) Concurrent Clear Claimed Marks 0.084ms
[74.133s][info][gc,marking  ] GC(186) Concurrent Cleanup for Next Mark
[74.134s][info][gc,marking  ] GC(186) Concurrent Cleanup for Next Mark 1.569ms
[74.134s][info][gc          ] GC(186) Concurrent Mark Cycle 80.038ms
[74.632s][info][gc,start    ] GC(187) Pause Young (Prepare Mixed) (G1 Evacuation Pause)
[74.632s][info][gc,task     ] GC(187) Using 2 workers of 2 for evacuation
[74.637s][info][gc,phases   ] GC(187)   Pre Evacuate Collection Set: 0.25ms
[74.637s][info][gc,phases   ] GC(187)   Merge Heap Roots: 0.11ms
[74.637s][info][gc,phases   ] GC(187)   Evacuate Collection Set: 4.14ms
[74.637s][info][gc,phases   ] GC(187)   Post Evacuate Collection Set: 0.52ms
[74.637s][info][gc,phases   ] GC(187)   Other: 0.11ms
[74.637s][info][gc,heap     ] GC(187) Eden regions: 231->0(229)
[74.637s][info][gc,heap     ] GC(187) Survivor regions: 2->3(30)
[74.637s][info][gc,heap     ] GC(187) Old regions: 61->61
[74.637s][info][gc,heap     ] GC(187) Humongous regions: 207->207
[74.637s][info][gc,metaspace] GC(187) Metaspace: 56050K(56320K)->56050K(56320K) NonClass: 50431K(50624K)->50431K(50624K) Class: 5618K(5696K)->5618K(5696K)
[74.637s][info][gc          ] GC(187) Pause Young (Prepare Mixed) (G1 Evacuation Pause) 499M->269M(531M) 5.299ms
[74.637s][info][gc,cpu      ] GC(187) User=0.01s Sys=0.00s Real=0.00s
[75.247s][info][gc,start    ] GC(188) Pause Young (Mixed) (G1 Evacuation Pause)
[75.247s][info][gc,task     ] GC(188) Using 2 workers of 2 for evacuation
[75.254s][info][gc,phases   ] GC(188)   Pre Evacuate Collection Set: 0.89ms
[75.254s][info][gc,phases   ] GC(188)   Merge Heap Roots: 0.10ms
[75.254s][info][gc,phases   ] GC(188)   Evacuate Collection Set: 5.09ms
[75.254s][info][gc,phases   ] GC(188)   Post Evacuate Collection Set: 0.57ms
[75.254s][info][gc,phases   ] GC(188)   Other: 0.07ms
[75.254s][info][gc,heap     ] GC(188) Eden regions: 229->0(232)
[75.254s][info][gc,heap     ] GC(188) Survivor regions: 3->2(29)
[75.254s][info][gc,heap     ] GC(188) Old regions: 61->60
[75.254s][info][gc,heap     ] GC(188) Humongous regions: 207->207
[75.254s][info][gc,metaspace] GC(188) Metaspace: 56050K(56320K)->56050K(56320K) NonClass: 50431K(50624K)->50431K(50624K) Class: 5618K(5696K)->5618K(5696K)
[75.254s][info][gc          ] GC(188) Pause Young (Mixed) (G1 Evacuation Pause) 498M->267M(531M) 6.902ms
[75.254s][info][gc,cpu      ] GC(188) User=0.01s Sys=0.00s Real=0.01s
[75.740s][info][gc,start    ] GC(189) Pause Young (Concurrent Start) (G1 Evacuation Pause)
[75.740s][info][gc,task     ] GC(189) Using 2 workers of 2 for evacuation
[75.746s][info][gc,phases   ] GC(189)   Pre Evacuate Collection Set: 0.28ms
[75.746s][info][gc,phases   ] GC(189)   Merge Heap Roots: 0.10ms
[75.746s][info][gc,phases   ] GC(189)   Evacuate Collection Set: 4.73ms
[75.746s][info][gc,phases   ] GC(189)   Post Evacuate Collection Set: 0.49ms
[75.746s][info][gc,phases   ] GC(189)   Other: 0.12ms
[75.746s][info][gc,heap     ] GC(189) Eden regions: 232->0(228)
[75.746s][info][gc,heap     ] GC(189) Survivor regions: 2->4(30)
[75.746s][info][gc,heap     ] GC(189) Old regions: 60->60
[75.746s][info][gc,heap     ] GC(189) Humongous regions: 207->207
[75.746s][info][gc,metaspace] GC(189) Metaspace: 56050K(56320K)->56050K(56320K) NonClass: 50431K(50624K)->50431K(50624K) Class: 5618K(5696K)->5618K(5696K)
[75.746s][info][gc          ] GC(189) Pause Young (Concurrent Start) (G1 Evacuation Pause) 499M->269M(531M) 5.903ms
[75.746s][info][gc,cpu      ] GC(189) User=0.01s Sys=0.00s Real=0.00s
[75.746s][info][gc          ] GC(190) Concurrent Mark Cycle
[75.747s][info][gc,marking  ] GC(190) Concurrent Scan Root Regions
[75.750s][info][gc,marking  ] GC(190) Concurrent Scan Root Regions 3.194ms
[75.750s][info][gc,marking  ] GC(190) Concurrent Mark
[75.750s][info][gc,marking  ] GC(190) Concurrent Mark From Roots
[75.750s][info][gc,task     ] GC(190) Using 1 workers of 1 for marking
[75.789s][info][gc,marking  ] GC(190) Concurrent Mark From Roots 39.527ms
[75.789s][info][gc,marking  ] GC(190) Concurrent Preclean
[75.789s][info][gc,marking  ] GC(190) Concurrent Preclean 0.057ms
[75.790s][info][gc,start    ] GC(190) Pause Remark
[75.797s][info][gc          ] GC(190) Pause Remark 281M->281M(531M) 7.747ms
[75.797s][info][gc,cpu      ] GC(190) User=0.02s Sys=0.00s Real=0.00s
[75.798s][info][gc,marking  ] GC(190) Concurrent Mark 47.811ms
[75.798s][info][gc,marking  ] GC(190) Concurrent Rebuild Remembered Sets and Scrub Regions
[75.816s][info][gc,marking  ] GC(190) Concurrent Rebuild Remembered Sets and Scrub Regions 18.669ms
[75.817s][info][gc,start    ] GC(190) Pause Cleanup
[75.817s][info][gc          ] GC(190) Pause Cleanup 288M->288M(531M) 0.077ms
[75.817s][info][gc,cpu      ] GC(190) User=0.00s Sys=0.00s Real=0.00s
[75.817s][info][gc,marking  ] GC(190) Concurrent Clear Claimed Marks
[75.818s][info][gc,marking  ] GC(190) Concurrent Clear Claimed Marks 0.091ms
[75.818s][info][gc,marking  ] GC(190) Concurrent Cleanup for Next Mark
[75.819s][info][gc,marking  ] GC(190) Concurrent Cleanup for Next Mark 1.646ms
[75.819s][info][gc          ] GC(190) Concurrent Mark Cycle 73.566ms
[76.406s][info][gc,start    ] GC(191) Pause Young (Prepare Mixed) (G1 Evacuation Pause)
[76.406s][info][gc,task     ] GC(191) Using 2 workers of 2 for evacuation
[76.412s][info][gc,phases   ] GC(191)   Pre Evacuate Collection Set: 0.30ms
[76.412s][info][gc,phases   ] GC(191)   Merge Heap Roots: 0.13ms
[76.412s][info][gc,phases   ] GC(191)   Evacuate Collection Set: 4.51ms
[76.412s][info][gc,phases   ] GC(191)   Post Evacuate Collection Set: 0.75ms
[76.412s][info][gc,phases   ] GC(191)   Other: 0.10ms
[76.412s][info][gc,heap     ] GC(191) Eden regions: 228->0(230)
[76.412s][info][gc,heap     ] GC(191) Survivor regions: 4->3(29)
[76.412s][info][gc,heap     ] GC(191) Old regions: 60->60
[76.412s][info][gc,heap     ] GC(191) Humongous regions: 207->207
[76.412s][info][gc,metaspace] GC(191) Metaspace: 56050K(56320K)->56050K(56320K) NonClass: 50431K(50624K)->50431K(50624K) Class: 5618K(5696K)->5618K(5696K)
[76.412s][info][gc          ] GC(191) Pause Young (Prepare Mixed) (G1 Evacuation Pause) 497M->268M(531M) 5.951ms
[76.412s][info][gc,cpu      ] GC(191) User=0.01s Sys=0.00s Real=0.01s
[76.907s][info][gc,start    ] GC(192) Pause Young (Mixed) (G1 Evacuation Pause)
[76.907s][info][gc,task     ] GC(192) Using 2 workers of 2 for evacuation
[76.912s][info][gc,phases   ] GC(192)   Pre Evacuate Collection Set: 0.33ms
[76.912s][info][gc,phases   ] GC(192)   Merge Heap Roots: 0.12ms
[76.912s][info][gc,phases   ] GC(192)   Evacuate Collection Set: 3.48ms
[76.912s][info][gc,phases   ] GC(192)   Post Evacuate Collection Set: 0.57ms
[76.912s][info][gc,phases   ] GC(192)   Other: 0.10ms
[76.912s][info][gc,heap     ] GC(192) Eden regions: 230->0(235)
[76.912s][info][gc,heap     ] GC(192) Survivor regions: 3->1(30)
[76.912s][info][gc,heap     ] GC(192) Old regions: 60->59
[76.912s][info][gc,heap     ] GC(192) Humongous regions: 207->207
[76.912s][info][gc,metaspace] GC(192) Metaspace: 56050K(56320K)->56050K(56320K) NonClass: 50431K(50624K)->50431K(50624K) Class: 5618K(5696K)->5618K(5696K)
[76.912s][info][gc          ] GC(192) Pause Young (Mixed) (G1 Evacuation Pause) 498M->266M(531M) 4.780ms
[76.912s][info][gc,cpu      ] GC(192) User=0.01s Sys=0.00s Real=0.01s
[77.441s][info][gc,start    ] GC(193) Pause Young (Concurrent Start) (G1 Evacuation Pause)
[77.441s][info][gc,task     ] GC(193) Using 2 workers of 2 for evacuation
[77.447s][info][gc,phases   ] GC(193)   Pre Evacuate Collection Set: 0.28ms
[77.447s][info][gc,phases   ] GC(193)   Merge Heap Roots: 0.10ms
[77.447s][info][gc,phases   ] GC(193)   Evacuate Collection Set: 4.45ms
[77.447s][info][gc,phases   ] GC(193)   Post Evacuate Collection Set: 0.53ms
[77.447s][info][gc,phases   ] GC(193)   Other: 0.11ms
[77.447s][info][gc,heap     ] GC(193) Eden regions: 235->0(229)
[77.447s][info][gc,heap     ] GC(193) Survivor regions: 1->4(30)
[77.447s][info][gc,heap     ] GC(193) Old regions: 59->59
[77.447s][info][gc,heap     ] GC(193) Humongous regions: 207->207
[77.447s][info][gc,metaspace] GC(193) Metaspace: 56050K(56320K)->56050K(56320K) NonClass: 50431K(50624K)->50431K(50624K) Class: 5618K(5696K)->5618K(5696K)
[77.447s][info][gc          ] GC(193) Pause Young (Concurrent Start) (G1 Evacuation Pause) 501M->269M(531M) 5.631ms
[77.447s][info][gc,cpu      ] GC(193) User=0.01s Sys=0.00s Real=0.00s
[77.447s][info][gc          ] GC(194) Concurrent Mark Cycle
[77.447s][info][gc,marking  ] GC(194) Concurrent Scan Root Regions
[77.450s][info][gc,marking  ] GC(194) Concurrent Scan Root Regions 2.798ms
[77.450s][info][gc,marking  ] GC(194) Concurrent Mark
[77.450s][info][gc,marking  ] GC(194) Concurrent Mark From Roots
[77.450s][info][gc,task     ] GC(194) Using 1 workers of 1 for marking
[77.497s][info][gc,marking  ] GC(194) Concurrent Mark From Roots 46.361ms
[77.497s][info][gc,marking  ] GC(194) Concurrent Preclean
[77.497s][info][gc,marking  ] GC(194) Concurrent Preclean 0.056ms
[77.497s][info][gc,start    ] GC(194) Pause Remark
[77.504s][info][gc          ] GC(194) Pause Remark 280M->280M(531M) 7.716ms
[77.505s][info][gc,cpu      ] GC(194) User=0.01s Sys=0.00s Real=0.01s
[77.505s][info][gc,marking  ] GC(194) Concurrent Mark 54.465ms
[77.505s][info][gc,marking  ] GC(194) Concurrent Rebuild Remembered Sets and Scrub Regions
[77.529s][info][gc,marking  ] GC(194) Concurrent Rebuild Remembered Sets and Scrub Regions 24.575ms
[77.529s][info][gc,start    ] GC(194) Pause Cleanup
[77.529s][info][gc          ] GC(194) Pause Cleanup 298M->298M(531M) 0.063ms
[77.530s][info][gc,cpu      ] GC(194) User=0.00s Sys=0.00s Real=0.00s
[77.530s][info][gc,marking  ] GC(194) Concurrent Clear Claimed Marks
[77.530s][info][gc,marking  ] GC(194) Concurrent Clear Claimed Marks 0.086ms
[77.530s][info][gc,marking  ] GC(194) Concurrent Cleanup for Next Mark
[77.531s][info][gc,marking  ] GC(194) Concurrent Cleanup for Next Mark 1.587ms
[77.531s][info][gc          ] GC(194) Concurrent Mark Cycle 84.154ms
[78.017s][info][gc,start    ] GC(195) Pause Young (Prepare Mixed) (G1 Evacuation Pause)
[78.017s][info][gc,task     ] GC(195) Using 2 workers of 2 for evacuation
[78.022s][info][gc,phases   ] GC(195)   Pre Evacuate Collection Set: 0.26ms
[78.022s][info][gc,phases   ] GC(195)   Merge Heap Roots: 0.12ms
[78.022s][info][gc,phases   ] GC(195)   Evacuate Collection Set: 3.61ms
[78.022s][info][gc,phases   ] GC(195)   Post Evacuate Collection Set: 0.56ms
[78.022s][info][gc,phases   ] GC(195)   Other: 0.12ms
[78.022s][info][gc,heap     ] GC(195) Eden regions: 229->0(233)
[78.022s][info][gc,heap     ] GC(195) Survivor regions: 4->2(30)
[78.022s][info][gc,heap     ] GC(195) Old regions: 59->59
[78.022s][info][gc,heap     ] GC(195) Humongous regions: 207->207
[78.022s][info][gc,metaspace] GC(195) Metaspace: 56050K(56320K)->56050K(56320K) NonClass: 50431K(50624K)->50431K(50624K) Class: 5618K(5696K)->5618K(5696K)
[78.022s][info][gc          ] GC(195) Pause Young (Prepare Mixed) (G1 Evacuation Pause) 498M->267M(531M) 4.841ms
[78.022s][info][gc,cpu      ] GC(195) User=0.00s Sys=0.00s Real=0.01s
[78.546s][info][gc,start    ] GC(196) Pause Young (Mixed) (G1 Evacuation Pause)
[78.546s][info][gc,task     ] GC(196) Using 2 workers of 2 for evacuation
[78.551s][info][gc,phases   ] GC(196)   Pre Evacuate Collection Set: 0.26ms
[78.551s][info][gc,phases   ] GC(196)   Merge Heap Roots: 0.10ms
[78.551s][info][gc,phases   ] GC(196)   Evacuate Collection Set: 3.94ms
[78.551s][info][gc,phases   ] GC(196)   Post Evacuate Collection Set: 0.58ms
[78.551s][info][gc,phases   ] GC(196)   Other: 0.09ms
[78.551s][info][gc,heap     ] GC(196) Eden regions: 233->0(233)
[78.551s][info][gc,heap     ] GC(196) Survivor regions: 2->2(30)
[78.551s][info][gc,heap     ] GC(196) Old regions: 59->59
[78.551s][info][gc,heap     ] GC(196) Humongous regions: 207->207
[78.551s][info][gc,metaspace] GC(196) Metaspace: 56050K(56320K)->56050K(56320K) NonClass: 50431K(50624K)->50431K(50624K) Class: 5618K(5696K)->5618K(5696K)
[78.551s][info][gc          ] GC(196) Pause Young (Mixed) (G1 Evacuation Pause) 500M->266M(531M) 5.124ms
[78.551s][info][gc,cpu      ] GC(196) User=0.01s Sys=0.00s Real=0.01s
[79.131s][info][gc,start    ] GC(197) Pause Young (Concurrent Start) (G1 Evacuation Pause)
[79.132s][info][gc,task     ] GC(197) Using 2 workers of 2 for evacuation
[79.138s][info][gc,phases   ] GC(197)   Pre Evacuate Collection Set: 0.27ms
[79.138s][info][gc,phases   ] GC(197)   Merge Heap Roots: 0.10ms
[79.138s][info][gc,phases   ] GC(197)   Evacuate Collection Set: 5.01ms
[79.138s][info][gc,phases   ] GC(197)   Post Evacuate Collection Set: 0.51ms
[79.138s][info][gc,phases   ] GC(197)   Other: 0.09ms
[79.138s][info][gc,heap     ] GC(197) Eden regions: 233->0(229)
[79.138s][info][gc,heap     ] GC(197) Survivor regions: 2->4(30)
[79.138s][info][gc,heap     ] GC(197) Old regions: 59->59
[79.138s][info][gc,heap     ] GC(197) Humongous regions: 207->207
[79.138s][info][gc,metaspace] GC(197) Metaspace: 56050K(56320K)->56050K(56320K) NonClass: 50431K(50624K)->50431K(50624K) Class: 5618K(5696K)->5618K(5696K)
[79.138s][info][gc          ] GC(197) Pause Young (Concurrent Start) (G1 Evacuation Pause) 499M->268M(531M) 6.144ms
[79.138s][info][gc,cpu      ] GC(197) User=0.01s Sys=0.00s Real=0.00s
[79.138s][info][gc          ] GC(198) Concurrent Mark Cycle
[79.138s][info][gc,marking  ] GC(198) Concurrent Scan Root Regions
[79.146s][info][gc,marking  ] GC(198) Concurrent Scan Root Regions 8.260ms
[79.146s][info][gc,marking  ] GC(198) Concurrent Mark
[79.147s][info][gc,marking  ] GC(198) Concurrent Mark From Roots
[79.147s][info][gc,task     ] GC(198) Using 1 workers of 1 for marking
[79.214s][info][gc,marking  ] GC(198) Concurrent Mark From Roots 67.906ms
[79.214s][info][gc,marking  ] GC(198) Concurrent Preclean
[79.215s][info][gc,marking  ] GC(198) Concurrent Preclean 0.055ms
[79.215s][info][gc,start    ] GC(198) Pause Remark
[79.223s][info][gc          ] GC(198) Pause Remark 291M->291M(531M) 7.943ms
[79.223s][info][gc,cpu      ] GC(198) User=0.01s Sys=0.00s Real=0.01s
[79.225s][info][gc,marking  ] GC(198) Concurrent Mark 78.182ms
[79.225s][info][gc,marking  ] GC(198) Concurrent Rebuild Remembered Sets and Scrub Regions
[79.259s][info][gc,marking  ] GC(198) Concurrent Rebuild Remembered Sets and Scrub Regions 33.998ms
[79.259s][info][gc,start    ] GC(198) Pause Cleanup
[79.259s][info][gc          ] GC(198) Pause Cleanup 310M->310M(531M) 0.084ms
[79.259s][info][gc,cpu      ] GC(198) User=0.00s Sys=0.00s Real=0.00s
[79.260s][info][gc,marking  ] GC(198) Concurrent Clear Claimed Marks
[79.260s][info][gc,marking  ] GC(198) Concurrent Clear Claimed Marks 0.108ms
[79.260s][info][gc,marking  ] GC(198) Concurrent Cleanup for Next Mark
[79.262s][info][gc,marking  ] GC(198) Concurrent Cleanup for Next Mark 2.265ms
[79.262s][info][gc          ] GC(198) Concurrent Mark Cycle 124.628ms
[79.714s][info][gc,start    ] GC(199) Pause Young (Prepare Mixed) (G1 Evacuation Pause)
[79.714s][info][gc,task     ] GC(199) Using 2 workers of 2 for evacuation
[79.718s][info][gc,phases   ] GC(199)   Pre Evacuate Collection Set: 0.25ms
[79.718s][info][gc,phases   ] GC(199)   Merge Heap Roots: 0.09ms
[79.718s][info][gc,phases   ] GC(199)   Evacuate Collection Set: 3.00ms
[79.718s][info][gc,phases   ] GC(199)   Post Evacuate Collection Set: 0.56ms
[79.718s][info][gc,phases   ] GC(199)   Other: 0.09ms
[79.718s][info][gc,heap     ] GC(199) Eden regions: 229->0(231)
[79.718s][info][gc,heap     ] GC(199) Survivor regions: 4->3(30)
[79.718s][info][gc,heap     ] GC(199) Old regions: 59->59
[79.718s][info][gc,heap     ] GC(199) Humongous regions: 207->207
[79.718s][info][gc,metaspace] GC(199) Metaspace: 56050K(56320K)->56050K(56320K) NonClass: 50432K(50624K)->50432K(50624K) Class: 5618K(5696K)->5618K(5696K)
[79.718s][info][gc          ] GC(199) Pause Young (Prepare Mixed) (G1 Evacuation Pause) 497M->267M(531M) 4.174ms
[79.718s][info][gc,cpu      ] GC(199) User=0.00s Sys=0.00s Real=0.01s
[80.243s][info][gc,start    ] GC(200) Pause Young (Mixed) (G1 Evacuation Pause)
[80.243s][info][gc,task     ] GC(200) Using 2 workers of 2 for evacuation
[80.249s][info][gc,phases   ] GC(200)   Pre Evacuate Collection Set: 0.26ms
[80.249s][info][gc,phases   ] GC(200)   Merge Heap Roots: 0.09ms
[80.249s][info][gc,phases   ] GC(200)   Evacuate Collection Set: 4.58ms
[80.249s][info][gc,phases   ] GC(200)   Post Evacuate Collection Set: 0.72ms
[80.249s][info][gc,phases   ] GC(200)   Other: 0.08ms
[80.249s][info][gc,heap     ] GC(200) Eden regions: 231->0(234)
[80.249s][info][gc,heap     ] GC(200) Survivor regions: 3->2(30)
[80.249s][info][gc,heap     ] GC(200) Old regions: 59->58
[80.249s][info][gc,heap     ] GC(200) Humongous regions: 207->207
[80.249s][info][gc,metaspace] GC(200) Metaspace: 56050K(56320K)->56050K(56320K) NonClass: 50432K(50624K)->50432K(50624K) Class: 5618K(5696K)->5618K(5696K)
[80.249s][info][gc          ] GC(200) Pause Young (Mixed) (G1 Evacuation Pause) 498M->266M(531M) 5.895ms
[80.249s][info][gc,cpu      ] GC(200) User=0.01s Sys=0.01s Real=0.01s
[80.839s][info][gc,start    ] GC(201) Pause Young (Concurrent Start) (G1 Evacuation Pause)
[80.839s][info][gc,task     ] GC(201) Using 2 workers of 2 for evacuation
[80.844s][info][gc,phases   ] GC(201)   Pre Evacuate Collection Set: 0.29ms
[80.844s][info][gc,phases   ] GC(201)   Merge Heap Roots: 0.09ms
[80.844s][info][gc,phases   ] GC(201)   Evacuate Collection Set: 3.34ms
[80.844s][info][gc,phases   ] GC(201)   Post Evacuate Collection Set: 0.52ms
[80.844s][info][gc,phases   ] GC(201)   Other: 0.11ms
[80.844s][info][gc,heap     ] GC(201) Eden regions: 234->0(234)
[80.844s][info][gc,heap     ] GC(201) Survivor regions: 2->2(30)
[80.844s][info][gc,heap     ] GC(201) Old regions: 58->58
[80.844s][info][gc,heap     ] GC(201) Humongous regions: 207->207
[80.844s][info][gc,metaspace] GC(201) Metaspace: 56050K(56320K)->56050K(56320K) NonClass: 50432K(50624K)->50432K(50624K) Class: 5618K(5696K)->5618K(5696K)
[80.844s][info][gc          ] GC(201) Pause Young (Concurrent Start) (G1 Evacuation Pause) 500M->266M(531M) 4.530ms
[80.844s][info][gc,cpu      ] GC(201) User=0.01s Sys=0.00s Real=0.00s
[80.844s][info][gc          ] GC(202) Concurrent Mark Cycle
[80.844s][info][gc,marking  ] GC(202) Concurrent Scan Root Regions
[80.848s][info][gc,marking  ] GC(202) Concurrent Scan Root Regions 4.202ms
[80.848s][info][gc,marking  ] GC(202) Concurrent Mark
[80.848s][info][gc,marking  ] GC(202) Concurrent Mark From Roots
[80.848s][info][gc,task     ] GC(202) Using 1 workers of 1 for marking
[80.901s][info][gc,marking  ] GC(202) Concurrent Mark From Roots 52.947ms
[80.901s][info][gc,marking  ] GC(202) Concurrent Preclean
[80.901s][info][gc,marking  ] GC(202) Concurrent Preclean 0.055ms
[80.902s][info][gc,start    ] GC(202) Pause Remark
[80.909s][info][gc          ] GC(202) Pause Remark 284M->284M(531M) 7.770ms
[80.909s][info][gc,cpu      ] GC(202) User=0.01s Sys=0.00s Real=0.01s
[80.910s][info][gc,marking  ] GC(202) Concurrent Mark 61.275ms
[80.910s][info][gc,marking  ] GC(202) Concurrent Rebuild Remembered Sets and Scrub Regions
[80.933s][info][gc,marking  ] GC(202) Concurrent Rebuild Remembered Sets and Scrub Regions 23.740ms
[80.934s][info][gc,start    ] GC(202) Pause Cleanup
[80.934s][info][gc          ] GC(202) Pause Cleanup 303M->303M(531M) 0.076ms
[80.934s][info][gc,cpu      ] GC(202) User=0.00s Sys=0.00s Real=0.00s
[80.934s][info][gc,marking  ] GC(202) Concurrent Clear Claimed Marks
[80.934s][info][gc,marking  ] GC(202) Concurrent Clear Claimed Marks 0.115ms
[80.934s][info][gc,marking  ] GC(202) Concurrent Cleanup for Next Mark
[80.937s][info][gc,marking  ] GC(202) Concurrent Cleanup for Next Mark 2.536ms
[80.937s][info][gc          ] GC(202) Concurrent Mark Cycle 93.127ms
[81.419s][info][gc,start    ] GC(203) Pause Young (Prepare Mixed) (G1 Evacuation Pause)
[81.419s][info][gc,task     ] GC(203) Using 2 workers of 2 for evacuation
[81.424s][info][gc,phases   ] GC(203)   Pre Evacuate Collection Set: 0.24ms
[81.424s][info][gc,phases   ] GC(203)   Merge Heap Roots: 0.10ms
[81.424s][info][gc,phases   ] GC(203)   Evacuate Collection Set: 3.73ms
[81.424s][info][gc,phases   ] GC(203)   Post Evacuate Collection Set: 0.52ms
[81.424s][info][gc,phases   ] GC(203)   Other: 0.10ms
[81.424s][info][gc,heap     ] GC(203) Eden regions: 234->0(232)
[81.424s][info][gc,heap     ] GC(203) Survivor regions: 2->3(30)
[81.424s][info][gc,heap     ] GC(203) Old regions: 58->58
[81.424s][info][gc,heap     ] GC(203) Humongous regions: 207->207
[81.424s][info][gc,metaspace] GC(203) Metaspace: 56050K(56320K)->56050K(56320K) NonClass: 50432K(50624K)->50432K(50624K) Class: 5618K(5696K)->5618K(5696K)
[81.424s][info][gc          ] GC(203) Pause Young (Prepare Mixed) (G1 Evacuation Pause) 500M->267M(531M) 4.877ms
[81.424s][info][gc,cpu      ] GC(203) User=0.01s Sys=0.00s Real=0.00s
[82.037s][info][gc,start    ] GC(204) Pause Young (Mixed) (G1 Evacuation Pause)
[82.038s][info][gc,task     ] GC(204) Using 2 workers of 2 for evacuation
[82.042s][info][gc,phases   ] GC(204)   Pre Evacuate Collection Set: 0.25ms
[82.042s][info][gc,phases   ] GC(204)   Merge Heap Roots: 0.10ms
[82.042s][info][gc,phases   ] GC(204)   Evacuate Collection Set: 3.67ms
[82.042s][info][gc,phases   ] GC(204)   Post Evacuate Collection Set: 0.58ms
[82.042s][info][gc,phases   ] GC(204)   Other: 0.09ms
[82.042s][info][gc,heap     ] GC(204) Eden regions: 232->0(236)
[82.042s][info][gc,heap     ] GC(204) Survivor regions: 3->1(30)
[82.042s][info][gc,heap     ] GC(204) Old regions: 58->58
[82.042s][info][gc,heap     ] GC(204) Humongous regions: 207->207
[82.042s][info][gc,metaspace] GC(204) Metaspace: 56050K(56320K)->56050K(56320K) NonClass: 50432K(50624K)->50432K(50624K) Class: 5618K(5696K)->5618K(5696K)
[82.042s][info][gc          ] GC(204) Pause Young (Mixed) (G1 Evacuation Pause) 499M->265M(531M) 4.864ms
[82.042s][info][gc,cpu      ] GC(204) User=0.01s Sys=0.00s Real=0.01s
[82.533s][info][gc,start    ] GC(205) Pause Young (Concurrent Start) (G1 Evacuation Pause)
[82.533s][info][gc,task     ] GC(205) Using 2 workers of 2 for evacuation
[82.540s][info][gc,phases   ] GC(205)   Pre Evacuate Collection Set: 0.27ms
[82.540s][info][gc,phases   ] GC(205)   Merge Heap Roots: 0.09ms
[82.540s][info][gc,phases   ] GC(205)   Evacuate Collection Set: 5.41ms
[82.540s][info][gc,phases   ] GC(205)   Post Evacuate Collection Set: 0.51ms
[82.540s][info][gc,phases   ] GC(205)   Other: 0.11ms
[82.540s][info][gc,heap     ] GC(205) Eden regions: 236->0(230)
[82.540s][info][gc,heap     ] GC(205) Survivor regions: 1->4(30)
[82.540s][info][gc,heap     ] GC(205) Old regions: 58->58
[82.540s][info][gc,heap     ] GC(205) Humongous regions: 207->207
[82.540s][info][gc,metaspace] GC(205) Metaspace: 56050K(56320K)->56050K(56320K) NonClass: 50432K(50624K)->50432K(50624K) Class: 5618K(5696K)->5618K(5696K)
[82.540s][info][gc          ] GC(205) Pause Young (Concurrent Start) (G1 Evacuation Pause) 501M->268M(531M) 6.545ms
[82.540s][info][gc          ] GC(206) Concurrent Mark Cycle
[82.540s][info][gc,marking  ] GC(206) Concurrent Scan Root Regions
[82.540s][info][gc,cpu      ] GC(205) User=0.01s Sys=0.00s Real=0.01s
[82.544s][info][gc,marking  ] GC(206) Concurrent Scan Root Regions 4.353ms
[82.544s][info][gc,marking  ] GC(206) Concurrent Mark
[82.544s][info][gc,marking  ] GC(206) Concurrent Mark From Roots
[82.544s][info][gc,task     ] GC(206) Using 1 workers of 1 for marking
[82.586s][info][gc,marking  ] GC(206) Concurrent Mark From Roots 41.558ms
[82.586s][info][gc,marking  ] GC(206) Concurrent Preclean
[82.586s][info][gc,marking  ] GC(206) Concurrent Preclean 0.060ms
[82.586s][info][gc,start    ] GC(206) Pause Remark
[82.594s][info][gc          ] GC(206) Pause Remark 282M->282M(531M) 7.892ms
[82.594s][info][gc,cpu      ] GC(206) User=0.02s Sys=0.00s Real=0.01s
[82.594s][info][gc,marking  ] GC(206) Concurrent Mark 50.041ms
[82.594s][info][gc,marking  ] GC(206) Concurrent Rebuild Remembered Sets and Scrub Regions
[82.614s][info][gc,marking  ] GC(206) Concurrent Rebuild Remembered Sets and Scrub Regions 20.072ms
[82.614s][info][gc,start    ] GC(206) Pause Cleanup
[82.614s][info][gc          ] GC(206) Pause Cleanup 289M->289M(531M) 0.055ms
[82.614s][info][gc,cpu      ] GC(206) User=0.00s Sys=0.00s Real=0.00s
[82.615s][info][gc,marking  ] GC(206) Concurrent Clear Claimed Marks
[82.616s][info][gc,marking  ] GC(206) Concurrent Clear Claimed Marks 0.097ms
[82.616s][info][gc,marking  ] GC(206) Concurrent Cleanup for Next Mark
[82.620s][info][gc,marking  ] GC(206) Concurrent Cleanup for Next Mark 4.514ms
[82.620s][info][gc          ] GC(206) Concurrent Mark Cycle 80.433ms
[83.119s][info][gc,start    ] GC(207) Pause Young (Prepare Mixed) (G1 Evacuation Pause)
[83.119s][info][gc,task     ] GC(207) Using 2 workers of 2 for evacuation
[83.124s][info][gc,phases   ] GC(207)   Pre Evacuate Collection Set: 0.27ms
[83.124s][info][gc,phases   ] GC(207)   Merge Heap Roots: 0.10ms
[83.124s][info][gc,phases   ] GC(207)   Evacuate Collection Set: 3.63ms
[83.124s][info][gc,phases   ] GC(207)   Post Evacuate Collection Set: 0.53ms
[83.124s][info][gc,phases   ] GC(207)   Other: 0.10ms
[83.124s][info][gc,heap     ] GC(207) Eden regions: 230->0(232)
[83.124s][info][gc,heap     ] GC(207) Survivor regions: 4->3(30)
[83.124s][info][gc,heap     ] GC(207) Old regions: 58->58
[83.124s][info][gc,heap     ] GC(207) Humongous regions: 207->207
[83.124s][info][gc,metaspace] GC(207) Metaspace: 56050K(56320K)->56050K(56320K) NonClass: 50432K(50624K)->50432K(50624K) Class: 5618K(5696K)->5618K(5696K)
[83.124s][info][gc          ] GC(207) Pause Young (Prepare Mixed) (G1 Evacuation Pause) 498M->267M(531M) 4.816ms
[83.124s][info][gc,cpu      ] GC(207) User=0.01s Sys=0.00s Real=0.00s
[83.650s][info][gc,start    ] GC(208) Pause Young (Mixed) (G1 Evacuation Pause)
[83.650s][info][gc,task     ] GC(208) Using 2 workers of 2 for evacuation
[83.655s][info][gc,phases   ] GC(208)   Pre Evacuate Collection Set: 0.25ms
[83.655s][info][gc,phases   ] GC(208)   Merge Heap Roots: 0.09ms
[83.655s][info][gc,phases   ] GC(208)   Evacuate Collection Set: 3.87ms
[83.655s][info][gc,phases   ] GC(208)   Post Evacuate Collection Set: 0.58ms
[83.655s][info][gc,phases   ] GC(208)   Other: 0.09ms
[83.655s][info][gc,heap     ] GC(208) Eden regions: 232->0(234)
[83.655s][info][gc,heap     ] GC(208) Survivor regions: 3->2(30)
[83.655s][info][gc,heap     ] GC(208) Old regions: 58->58
[83.655s][info][gc,heap     ] GC(208) Humongous regions: 207->207
[83.655s][info][gc,metaspace] GC(208) Metaspace: 56050K(56320K)->56050K(56320K) NonClass: 50432K(50624K)->50432K(50624K) Class: 5618K(5696K)->5618K(5696K)
[83.655s][info][gc          ] GC(208) Pause Young (Mixed) (G1 Evacuation Pause) 499M->265M(531M) 5.043ms
[83.655s][info][gc,cpu      ] GC(208) User=0.00s Sys=0.00s Real=0.00s
[84.231s][info][gc,start    ] GC(209) Pause Young (Concurrent Start) (G1 Evacuation Pause)
[84.231s][info][gc,task     ] GC(209) Using 2 workers of 2 for evacuation
[84.237s][info][gc,phases   ] GC(209)   Pre Evacuate Collection Set: 0.27ms
[84.237s][info][gc,phases   ] GC(209)   Merge Heap Roots: 0.09ms
[84.237s][info][gc,phases   ] GC(209)   Evacuate Collection Set: 4.95ms
[84.237s][info][gc,phases   ] GC(209)   Post Evacuate Collection Set: 0.54ms
[84.237s][info][gc,phases   ] GC(209)   Other: 0.12ms
[84.237s][info][gc,heap     ] GC(209) Eden regions: 234->0(230)
[84.237s][info][gc,heap     ] GC(209) Survivor regions: 2->4(30)
[84.237s][info][gc,heap     ] GC(209) Old regions: 58->58
[84.237s][info][gc,heap     ] GC(209) Humongous regions: 207->207
[84.237s][info][gc,metaspace] GC(209) Metaspace: 56051K(56320K)->56051K(56320K) NonClass: 50432K(50624K)->50432K(50624K) Class: 5618K(5696K)->5618K(5696K)
[84.237s][info][gc          ] GC(209) Pause Young (Concurrent Start) (G1 Evacuation Pause) 499M->268M(531M) 6.159ms
[84.237s][info][gc          ] GC(210) Concurrent Mark Cycle
[84.237s][info][gc,marking  ] GC(210) Concurrent Scan Root Regions
[84.238s][info][gc,cpu      ] GC(209) User=0.01s Sys=0.00s Real=0.00s
[84.245s][info][gc,marking  ] GC(210) Concurrent Scan Root Regions 7.142ms
[84.245s][info][gc,marking  ] GC(210) Concurrent Mark
[84.245s][info][gc,marking  ] GC(210) Concurrent Mark From Roots
[84.245s][info][gc,task     ] GC(210) Using 1 workers of 1 for marking
[84.288s][info][gc,marking  ] GC(210) Concurrent Mark From Roots 43.067ms
[84.288s][info][gc,marking  ] GC(210) Concurrent Preclean
[84.288s][info][gc,marking  ] GC(210) Concurrent Preclean 0.071ms
[84.288s][info][gc,start    ] GC(210) Pause Remark
[84.296s][info][gc          ] GC(210) Pause Remark 288M->288M(531M) 7.800ms
[84.296s][info][gc,cpu      ] GC(210) User=0.01s Sys=0.00s Real=0.00s
[84.296s][info][gc,marking  ] GC(210) Concurrent Mark 51.418ms
[84.296s][info][gc,marking  ] GC(210) Concurrent Rebuild Remembered Sets and Scrub Regions
[84.312s][info][gc,marking  ] GC(210) Concurrent Rebuild Remembered Sets and Scrub Regions 15.616ms
[84.312s][info][gc,start    ] GC(210) Pause Cleanup
[84.312s][info][gc          ] GC(210) Pause Cleanup 291M->291M(531M) 0.052ms
[84.312s][info][gc,cpu      ] GC(210) User=0.01s Sys=0.00s Real=0.00s
[84.312s][info][gc,marking  ] GC(210) Concurrent Clear Claimed Marks
[84.312s][info][gc,marking  ] GC(210) Concurrent Clear Claimed Marks 0.081ms
[84.312s][info][gc,marking  ] GC(210) Concurrent Cleanup for Next Mark
[84.314s][info][gc,marking  ] GC(210) Concurrent Cleanup for Next Mark 1.540ms
[84.314s][info][gc          ] GC(210) Concurrent Mark Cycle 76.159ms
[84.812s][info][gc,start    ] GC(211) Pause Young (Prepare Mixed) (G1 Evacuation Pause)
[84.812s][info][gc,task     ] GC(211) Using 2 workers of 2 for evacuation
[84.815s][info][gc,phases   ] GC(211)   Pre Evacuate Collection Set: 0.24ms
[84.815s][info][gc,phases   ] GC(211)   Merge Heap Roots: 0.10ms
[84.815s][info][gc,phases   ] GC(211)   Evacuate Collection Set: 2.35ms
[84.815s][info][gc,phases   ] GC(211)   Post Evacuate Collection Set: 0.54ms
[84.815s][info][gc,phases   ] GC(211)   Other: 0.07ms
[84.815s][info][gc,heap     ] GC(211) Eden regions: 230->0(236)
[84.815s][info][gc,heap     ] GC(211) Survivor regions: 4->1(30)
[84.815s][info][gc,heap     ] GC(211) Old regions: 58->58
[84.815s][info][gc,heap     ] GC(211) Humongous regions: 207->207
[84.815s][info][gc,metaspace] GC(211) Metaspace: 56051K(56320K)->56051K(56320K) NonClass: 50432K(50624K)->50432K(50624K) Class: 5618K(5696K)->5618K(5696K)
[84.815s][info][gc          ] GC(211) Pause Young (Prepare Mixed) (G1 Evacuation Pause) 498M->265M(531M) 3.486ms
[84.815s][info][gc,cpu      ] GC(211) User=0.01s Sys=0.01s Real=0.00s
[85.357s][info][gc,start    ] GC(212) Pause Young (Mixed) (G1 Evacuation Pause)
[85.357s][info][gc,task     ] GC(212) Using 2 workers of 2 for evacuation
[85.362s][info][gc,phases   ] GC(212)   Pre Evacuate Collection Set: 0.25ms
[85.362s][info][gc,phases   ] GC(212)   Merge Heap Roots: 0.10ms
[85.362s][info][gc,phases   ] GC(212)   Evacuate Collection Set: 4.03ms
[85.362s][info][gc,phases   ] GC(212)   Post Evacuate Collection Set: 0.53ms
[85.362s][info][gc,phases   ] GC(212)   Other: 0.10ms
[85.362s][info][gc,heap     ] GC(212) Eden regions: 236->0(236)
[85.362s][info][gc,heap     ] GC(212) Survivor regions: 1->1(30)
[85.362s][info][gc,heap     ] GC(212) Old regions: 58->58
[85.362s][info][gc,heap     ] GC(212) Humongous regions: 207->207
[85.362s][info][gc,metaspace] GC(212) Metaspace: 56051K(56320K)->56051K(56320K) NonClass: 50432K(50624K)->50432K(50624K) Class: 5618K(5696K)->5618K(5696K)
[85.362s][info][gc          ] GC(212) Pause Young (Mixed) (G1 Evacuation Pause) 501M->265M(531M) 5.186ms
[85.362s][info][gc,cpu      ] GC(212) User=0.01s Sys=0.00s Real=0.01s
[85.935s][info][gc,start    ] GC(213) Pause Young (Concurrent Start) (G1 Evacuation Pause)
[85.936s][info][gc,task     ] GC(213) Using 2 workers of 2 for evacuation
[85.941s][info][gc,phases   ] GC(213)   Pre Evacuate Collection Set: 0.29ms
[85.941s][info][gc,phases   ] GC(213)   Merge Heap Roots: 0.10ms
[85.941s][info][gc,phases   ] GC(213)   Evacuate Collection Set: 4.86ms
[85.941s][info][gc,phases   ] GC(213)   Post Evacuate Collection Set: 0.51ms
[85.941s][info][gc,phases   ] GC(213)   Other: 0.09ms
[85.941s][info][gc,heap     ] GC(213) Eden regions: 236->0(232)
[85.941s][info][gc,heap     ] GC(213) Survivor regions: 1->3(30)
[85.941s][info][gc,heap     ] GC(213) Old regions: 58->58
[85.941s][info][gc,heap     ] GC(213) Humongous regions: 207->207
[85.941s][info][gc,metaspace] GC(213) Metaspace: 56051K(56320K)->56051K(56320K) NonClass: 50432K(50624K)->50432K(50624K) Class: 5618K(5696K)->5618K(5696K)
[85.941s][info][gc          ] GC(213) Pause Young (Concurrent Start) (G1 Evacuation Pause) 501M->267M(531M) 6.016ms
[85.942s][info][gc,cpu      ] GC(213) User=0.01s Sys=0.00s Real=0.01s
[85.942s][info][gc          ] GC(214) Concurrent Mark Cycle
[85.943s][info][gc,marking  ] GC(214) Concurrent Scan Root Regions
[85.947s][info][gc,marking  ] GC(214) Concurrent Scan Root Regions 3.997ms
[85.947s][info][gc,marking  ] GC(214) Concurrent Mark
[85.947s][info][gc,marking  ] GC(214) Concurrent Mark From Roots
[85.947s][info][gc,task     ] GC(214) Using 1 workers of 1 for marking
[85.990s][info][gc,marking  ] GC(214) Concurrent Mark From Roots 43.287ms
[85.990s][info][gc,marking  ] GC(214) Concurrent Preclean
[85.990s][info][gc,marking  ] GC(214) Concurrent Preclean 0.054ms
[85.990s][info][gc,start    ] GC(214) Pause Remark
[85.998s][info][gc          ] GC(214) Pause Remark 282M->282M(531M) 7.791ms
[85.998s][info][gc,cpu      ] GC(214) User=0.02s Sys=0.00s Real=0.01s
[85.998s][info][gc,marking  ] GC(214) Concurrent Mark 51.463ms
[85.998s][info][gc,marking  ] GC(214) Concurrent Rebuild Remembered Sets and Scrub Regions
[86.017s][info][gc,marking  ] GC(214) Concurrent Rebuild Remembered Sets and Scrub Regions 19.220ms
[86.018s][info][gc,start    ] GC(214) Pause Cleanup
[86.018s][info][gc          ] GC(214) Pause Cleanup 290M->290M(531M) 0.053ms
[86.018s][info][gc,cpu      ] GC(214) User=0.00s Sys=0.00s Real=0.00s
[86.018s][info][gc,marking  ] GC(214) Concurrent Clear Claimed Marks
[86.018s][info][gc,marking  ] GC(214) Concurrent Clear Claimed Marks 0.090ms
[86.018s][info][gc,marking  ] GC(214) Concurrent Cleanup for Next Mark
[86.019s][info][gc,marking  ] GC(214) Concurrent Cleanup for Next Mark 1.599ms
[86.019s][info][gc          ] GC(214) Concurrent Mark Cycle 77.909ms
[86.624s][info][gc,start    ] GC(215) Pause Young (Prepare Mixed) (G1 Evacuation Pause)
[86.624s][info][gc,task     ] GC(215) Using 2 workers of 2 for evacuation
[86.629s][info][gc,phases   ] GC(215)   Pre Evacuate Collection Set: 0.25ms
[86.629s][info][gc,phases   ] GC(215)   Merge Heap Roots: 0.13ms
[86.629s][info][gc,phases   ] GC(215)   Evacuate Collection Set: 3.98ms
[86.629s][info][gc,phases   ] GC(215)   Post Evacuate Collection Set: 0.54ms
[86.630s][info][gc,phases   ] GC(215)   Other: 0.09ms
[86.630s][info][gc,heap     ] GC(215) Eden regions: 232->0(232)
[86.630s][info][gc,heap     ] GC(215) Survivor regions: 3->3(30)
[86.630s][info][gc,heap     ] GC(215) Old regions: 58->58
[86.630s][info][gc,heap     ] GC(215) Humongous regions: 207->207
[86.630s][info][gc,metaspace] GC(215) Metaspace: 56051K(56320K)->56051K(56320K) NonClass: 50432K(50624K)->50432K(50624K) Class: 5618K(5696K)->5618K(5696K)
[86.630s][info][gc          ] GC(215) Pause Young (Prepare Mixed) (G1 Evacuation Pause) 499M->267M(531M) 5.152ms
[86.630s][info][gc,cpu      ] GC(215) User=0.01s Sys=0.00s Real=0.01s
[87.148s][info][gc,start    ] GC(216) Pause Young (Mixed) (G1 Evacuation Pause)
[87.148s][info][gc,task     ] GC(216) Using 2 workers of 2 for evacuation
[87.154s][info][gc,phases   ] GC(216)   Pre Evacuate Collection Set: 0.24ms
[87.154s][info][gc,phases   ] GC(216)   Merge Heap Roots: 0.10ms
[87.154s][info][gc,phases   ] GC(216)   Evacuate Collection Set: 4.66ms
[87.154s][info][gc,phases   ] GC(216)   Post Evacuate Collection Set: 0.55ms
[87.154s][info][gc,phases   ] GC(216)   Other: 0.07ms
[87.154s][info][gc,heap     ] GC(216) Eden regions: 232->0(234)
[87.154s][info][gc,heap     ] GC(216) Survivor regions: 3->2(30)
[87.154s][info][gc,heap     ] GC(216) Old regions: 58->58
[87.154s][info][gc,heap     ] GC(216) Humongous regions: 207->207
[87.154s][info][gc,metaspace] GC(216) Metaspace: 56051K(56320K)->56051K(56320K) NonClass: 50432K(50624K)->50432K(50624K) Class: 5618K(5696K)->5618K(5696K)
[87.154s][info][gc          ] GC(216) Pause Young (Mixed) (G1 Evacuation Pause) 499M->266M(531M) 5.817ms
[87.154s][info][gc,cpu      ] GC(216) User=0.01s Sys=0.00s Real=0.00s
[87.729s][info][gc,start    ] GC(217) Pause Young (Concurrent Start) (G1 Evacuation Pause)
[87.729s][info][gc,task     ] GC(217) Using 2 workers of 2 for evacuation
[87.735s][info][gc,phases   ] GC(217)   Pre Evacuate Collection Set: 0.29ms
[87.735s][info][gc,phases   ] GC(217)   Merge Heap Roots: 0.09ms
[87.735s][info][gc,phases   ] GC(217)   Evacuate Collection Set: 4.83ms
[87.735s][info][gc,phases   ] GC(217)   Post Evacuate Collection Set: 0.57ms
[87.735s][info][gc,phases   ] GC(217)   Other: 0.09ms
[87.735s][info][gc,heap     ] GC(217) Eden regions: 234->0(232)
[87.735s][info][gc,heap     ] GC(217) Survivor regions: 2->3(30)
[87.735s][info][gc,heap     ] GC(217) Old regions: 58->58
[87.735s][info][gc,heap     ] GC(217) Humongous regions: 207->207
[87.735s][info][gc,metaspace] GC(217) Metaspace: 56051K(56320K)->56051K(56320K) NonClass: 50432K(50624K)->50432K(50624K) Class: 5618K(5696K)->5618K(5696K)
[87.735s][info][gc          ] GC(217) Pause Young (Concurrent Start) (G1 Evacuation Pause) 500M->267M(531M) 6.048ms
[87.735s][info][gc          ] GC(218) Concurrent Mark Cycle
[87.735s][info][gc,marking  ] GC(218) Concurrent Scan Root Regions
[87.736s][info][gc,cpu      ] GC(217) User=0.02s Sys=0.00s Real=0.00s
[87.742s][info][gc,marking  ] GC(218) Concurrent Scan Root Regions 6.785ms
[87.742s][info][gc,marking  ] GC(218) Concurrent Mark
[87.742s][info][gc,marking  ] GC(218) Concurrent Mark From Roots
[87.742s][info][gc,task     ] GC(218) Using 1 workers of 1 for marking
[87.791s][info][gc,marking  ] GC(218) Concurrent Mark From Roots 48.668ms
[87.791s][info][gc,marking  ] GC(218) Concurrent Preclean
[87.791s][info][gc,marking  ] GC(218) Concurrent Preclean 0.059ms
[87.791s][info][gc,start    ] GC(218) Pause Remark
[87.798s][info][gc          ] GC(218) Pause Remark 285M->285M(531M) 7.645ms
[87.799s][info][gc,cpu      ] GC(218) User=0.02s Sys=0.00s Real=0.01s
[87.799s][info][gc,marking  ] GC(218) Concurrent Mark 56.799ms
[87.799s][info][gc,marking  ] GC(218) Concurrent Rebuild Remembered Sets and Scrub Regions
[87.826s][info][gc,marking  ] GC(218) Concurrent Rebuild Remembered Sets and Scrub Regions 27.500ms
[87.826s][info][gc,start    ] GC(218) Pause Cleanup
[87.827s][info][gc          ] GC(218) Pause Cleanup 305M->305M(531M) 0.060ms
[87.827s][info][gc,cpu      ] GC(218) User=0.00s Sys=0.00s Real=0.00s
[87.827s][info][gc,marking  ] GC(218) Concurrent Clear Claimed Marks
[87.827s][info][gc,marking  ] GC(218) Concurrent Clear Claimed Marks 0.087ms
[87.827s][info][gc,marking  ] GC(218) Concurrent Cleanup for Next Mark
[87.830s][info][gc,marking  ] GC(218) Concurrent Cleanup for Next Mark 3.310ms
[87.830s][info][gc          ] GC(218) Concurrent Mark Cycle 94.933ms
[88.314s][info][gc,start    ] GC(219) Pause Young (Prepare Mixed) (G1 Evacuation Pause)
[88.314s][info][gc,task     ] GC(219) Using 2 workers of 2 for evacuation
[88.318s][info][gc,phases   ] GC(219)   Pre Evacuate Collection Set: 0.24ms
[88.318s][info][gc,phases   ] GC(219)   Merge Heap Roots: 0.10ms
[88.318s][info][gc,phases   ] GC(219)   Evacuate Collection Set: 3.14ms
[88.318s][info][gc,phases   ] GC(219)   Post Evacuate Collection Set: 0.52ms
[88.318s][info][gc,phases   ] GC(219)   Other: 0.07ms
[88.318s][info][gc,heap     ] GC(219) Eden regions: 232->0(232)
[88.318s][info][gc,heap     ] GC(219) Survivor regions: 3->3(30)
[88.318s][info][gc,heap     ] GC(219) Old regions: 58->58
[88.318s][info][gc,heap     ] GC(219) Humongous regions: 207->207
[88.318s][info][gc,metaspace] GC(219) Metaspace: 56052K(56320K)->56052K(56320K) NonClass: 50433K(50624K)->50433K(50624K) Class: 5618K(5696K)->5618K(5696K)
[88.318s][info][gc          ] GC(219) Pause Young (Prepare Mixed) (G1 Evacuation Pause) 499M->266M(531M) 4.273ms
[88.318s][info][gc,cpu      ] GC(219) User=0.01s Sys=0.00s Real=0.01s
[88.859s][info][gc,start    ] GC(220) Pause Young (Mixed) (G1 Evacuation Pause)
[88.859s][info][gc,task     ] GC(220) Using 2 workers of 2 for evacuation
[88.880s][info][gc,phases   ] GC(220)   Pre Evacuate Collection Set: 0.27ms
[88.880s][info][gc,phases   ] GC(220)   Merge Heap Roots: 0.10ms
[88.880s][info][gc,phases   ] GC(220)   Evacuate Collection Set: 19.53ms
[88.880s][info][gc,phases   ] GC(220)   Post Evacuate Collection Set: 0.84ms
[88.880s][info][gc,phases   ] GC(220)   Other: 0.08ms
[88.880s][info][gc,heap     ] GC(220) Eden regions: 232->0(232)
[88.880s][info][gc,heap     ] GC(220) Survivor regions: 3->3(30)
[88.880s][info][gc,heap     ] GC(220) Old regions: 58->58
[88.880s][info][gc,heap     ] GC(220) Humongous regions: 207->207
[88.880s][info][gc,metaspace] GC(220) Metaspace: 56052K(56320K)->56052K(56320K) NonClass: 50433K(50624K)->50433K(50624K) Class: 5618K(5696K)->5618K(5696K)
[88.880s][info][gc          ] GC(220) Pause Young (Mixed) (G1 Evacuation Pause) 498M->266M(531M) 21.023ms
[88.880s][info][gc,cpu      ] GC(220) User=0.02s Sys=0.01s Real=0.02s
[89.423s][info][gc,start    ] GC(221) Pause Young (Concurrent Start) (G1 Evacuation Pause)
[89.424s][info][gc,task     ] GC(221) Using 2 workers of 2 for evacuation
[89.429s][info][gc,phases   ] GC(221)   Pre Evacuate Collection Set: 0.27ms
[89.429s][info][gc,phases   ] GC(221)   Merge Heap Roots: 0.10ms
[89.429s][info][gc,phases   ] GC(221)   Evacuate Collection Set: 4.18ms
[89.429s][info][gc,phases   ] GC(221)   Post Evacuate Collection Set: 0.51ms
[89.429s][info][gc,phases   ] GC(221)   Other: 0.12ms
[89.429s][info][gc,heap     ] GC(221) Eden regions: 232->0(232)
[89.429s][info][gc,heap     ] GC(221) Survivor regions: 3->3(30)
[89.429s][info][gc,heap     ] GC(221) Old regions: 58->58
[89.429s][info][gc,heap     ] GC(221) Humongous regions: 207->207
[89.429s][info][gc,metaspace] GC(221) Metaspace: 56053K(56320K)->56053K(56320K) NonClass: 50434K(50624K)->50434K(50624K) Class: 5618K(5696K)->5618K(5696K)
[89.429s][info][gc          ] GC(221) Pause Young (Concurrent Start) (G1 Evacuation Pause) 498M->267M(531M) 5.356ms
[89.429s][info][gc,cpu      ] GC(221) User=0.01s Sys=0.00s Real=0.01s
[89.430s][info][gc          ] GC(222) Concurrent Mark Cycle
[89.430s][info][gc,marking  ] GC(222) Concurrent Scan Root Regions
[89.438s][info][gc,marking  ] GC(222) Concurrent Scan Root Regions 8.249ms
[89.438s][info][gc,marking  ] GC(222) Concurrent Mark
[89.438s][info][gc,marking  ] GC(222) Concurrent Mark From Roots
[89.438s][info][gc,task     ] GC(222) Using 1 workers of 1 for marking
[89.493s][info][gc,marking  ] GC(222) Concurrent Mark From Roots 54.764ms
[89.493s][info][gc,marking  ] GC(222) Concurrent Preclean
[89.493s][info][gc,marking  ] GC(222) Concurrent Preclean 0.056ms
[89.493s][info][gc,start    ] GC(222) Pause Remark
[89.501s][info][gc          ] GC(222) Pause Remark 289M->289M(531M) 7.684ms
[89.501s][info][gc,cpu      ] GC(222) User=0.02s Sys=0.00s Real=0.01s
[89.501s][info][gc,marking  ] GC(222) Concurrent Mark 62.964ms
[89.501s][info][gc,marking  ] GC(222) Concurrent Rebuild Remembered Sets and Scrub Regions
[89.520s][info][gc,marking  ] GC(222) Concurrent Rebuild Remembered Sets and Scrub Regions 19.234ms
[89.520s][info][gc,start    ] GC(222) Pause Cleanup
[89.520s][info][gc          ] GC(222) Pause Cleanup 300M->300M(531M) 0.060ms
[89.520s][info][gc,cpu      ] GC(222) User=0.00s Sys=0.00s Real=0.00s
[89.521s][info][gc,marking  ] GC(222) Concurrent Clear Claimed Marks
[89.521s][info][gc,marking  ] GC(222) Concurrent Clear Claimed Marks 0.093ms
[89.521s][info][gc,marking  ] GC(222) Concurrent Cleanup for Next Mark
[89.524s][info][gc,marking  ] GC(222) Concurrent Cleanup for Next Mark 2.683ms
[89.524s][info][gc          ] GC(222) Concurrent Mark Cycle 94.089ms
[90.014s][info][gc,start    ] GC(223) Pause Young (Prepare Mixed) (G1 Evacuation Pause)
[90.014s][info][gc,task     ] GC(223) Using 2 workers of 2 for evacuation
[90.018s][info][gc,phases   ] GC(223)   Pre Evacuate Collection Set: 0.24ms
[90.018s][info][gc,phases   ] GC(223)   Merge Heap Roots: 0.10ms
[90.018s][info][gc,phases   ] GC(223)   Evacuate Collection Set: 2.99ms
[90.018s][info][gc,phases   ] GC(223)   Post Evacuate Collection Set: 0.53ms
[90.018s][info][gc,phases   ] GC(223)   Other: 0.09ms
[90.018s][info][gc,heap     ] GC(223) Eden regions: 232->0(234)
[90.018s][info][gc,heap     ] GC(223) Survivor regions: 3->2(30)
[90.018s][info][gc,heap     ] GC(223) Old regions: 58->58
[90.018s][info][gc,heap     ] GC(223) Humongous regions: 207->207
[90.018s][info][gc,metaspace] GC(223) Metaspace: 56053K(56320K)->56053K(56320K) NonClass: 50434K(50624K)->50434K(50624K) Class: 5618K(5696K)->5618K(5696K)
[90.018s][info][gc          ] GC(223) Pause Young (Prepare Mixed) (G1 Evacuation Pause) 499M->266M(531M) 4.119ms
[90.018s][info][gc,cpu      ] GC(223) User=0.01s Sys=0.00s Real=0.01s
[90.550s][info][gc,start    ] GC(224) Pause Young (Mixed) (G1 Evacuation Pause)
[90.550s][info][gc,task     ] GC(224) Using 2 workers of 2 for evacuation
[90.554s][info][gc,phases   ] GC(224)   Pre Evacuate Collection Set: 0.27ms
[90.554s][info][gc,phases   ] GC(224)   Merge Heap Roots: 0.10ms
[90.554s][info][gc,phases   ] GC(224)   Evacuate Collection Set: 3.25ms
[90.554s][info][gc,phases   ] GC(224)   Post Evacuate Collection Set: 0.52ms
[90.554s][info][gc,phases   ] GC(224)   Other: 0.07ms
[90.554s][info][gc,heap     ] GC(224) Eden regions: 234->0(234)
[90.554s][info][gc,heap     ] GC(224) Survivor regions: 2->2(30)
[90.554s][info][gc,heap     ] GC(224) Old regions: 58->58
[90.554s][info][gc,heap     ] GC(224) Humongous regions: 207->207
[90.554s][info][gc,metaspace] GC(224) Metaspace: 56053K(56320K)->56053K(56320K) NonClass: 50434K(50624K)->50434K(50624K) Class: 5618K(5696K)->5618K(5696K)
[90.554s][info][gc          ] GC(224) Pause Young (Mixed) (G1 Evacuation Pause) 499M->265M(531M) 4.361ms
[90.554s][info][gc,cpu      ] GC(224) User=0.01s Sys=0.00s Real=0.00s
[91.148s][info][gc,start    ] GC(225) Pause Young (Concurrent Start) (G1 Evacuation Pause)
[91.148s][info][gc,task     ] GC(225) Using 2 workers of 2 for evacuation
[91.154s][info][gc,phases   ] GC(225)   Pre Evacuate Collection Set: 0.27ms
[91.154s][info][gc,phases   ] GC(225)   Merge Heap Roots: 0.08ms
[91.154s][info][gc,phases   ] GC(225)   Evacuate Collection Set: 4.60ms
[91.154s][info][gc,phases   ] GC(225)   Post Evacuate Collection Set: 0.53ms
[91.154s][info][gc,phases   ] GC(225)   Other: 0.11ms
[91.154s][info][gc,heap     ] GC(225) Eden regions: 234->0(232)
[91.154s][info][gc,heap     ] GC(225) Survivor regions: 2->3(30)
[91.154s][info][gc,heap     ] GC(225) Old regions: 58->58
[91.154s][info][gc,heap     ] GC(225) Humongous regions: 207->207
[91.154s][info][gc,metaspace] GC(225) Metaspace: 56053K(56320K)->56053K(56320K) NonClass: 50434K(50624K)->50434K(50624K) Class: 5618K(5696K)->5618K(5696K)
[91.154s][info][gc          ] GC(225) Pause Young (Concurrent Start) (G1 Evacuation Pause) 499M->267M(531M) 5.769ms
[91.154s][info][gc          ] GC(226) Concurrent Mark Cycle
[91.154s][info][gc,marking  ] GC(226) Concurrent Scan Root Regions
[91.155s][info][gc,cpu      ] GC(225) User=0.01s Sys=0.00s Real=0.00s
[91.157s][info][gc,marking  ] GC(226) Concurrent Scan Root Regions 3.297ms
[91.157s][info][gc,marking  ] GC(226) Concurrent Mark
[91.157s][info][gc,marking  ] GC(226) Concurrent Mark From Roots
[91.157s][info][gc,task     ] GC(226) Using 1 workers of 1 for marking
[91.211s][info][gc,marking  ] GC(226) Concurrent Mark From Roots 53.981ms
[91.211s][info][gc,marking  ] GC(226) Concurrent Preclean
[91.211s][info][gc,marking  ] GC(226) Concurrent Preclean 0.054ms
[91.211s][info][gc,start    ] GC(226) Pause Remark
[91.219s][info][gc          ] GC(226) Pause Remark 291M->291M(531M) 7.762ms
[91.219s][info][gc,cpu      ] GC(226) User=0.01s Sys=0.00s Real=0.01s
[91.219s][info][gc,marking  ] GC(226) Concurrent Mark 62.327ms
[91.220s][info][gc,marking  ] GC(226) Concurrent Rebuild Remembered Sets and Scrub Regions
[91.235s][info][gc,marking  ] GC(226) Concurrent Rebuild Remembered Sets and Scrub Regions 15.684ms
[91.235s][info][gc,start    ] GC(226) Pause Cleanup
[91.235s][info][gc          ] GC(226) Pause Cleanup 300M->300M(531M) 0.050ms
[91.235s][info][gc,cpu      ] GC(226) User=0.00s Sys=0.00s Real=0.00s
[91.235s][info][gc,marking  ] GC(226) Concurrent Clear Claimed Marks
[91.235s][info][gc,marking  ] GC(226) Concurrent Clear Claimed Marks 0.082ms
[91.235s][info][gc,marking  ] GC(226) Concurrent Cleanup for Next Mark
[91.237s][info][gc,marking  ] GC(226) Concurrent Cleanup for Next Mark 1.559ms
[91.237s][info][gc          ] GC(226) Concurrent Mark Cycle 83.191ms
[91.713s][info][gc,start    ] GC(227) Pause Young (Prepare Mixed) (G1 Evacuation Pause)
[91.713s][info][gc,task     ] GC(227) Using 2 workers of 2 for evacuation
[91.717s][info][gc,phases   ] GC(227)   Pre Evacuate Collection Set: 0.25ms
[91.717s][info][gc,phases   ] GC(227)   Merge Heap Roots: 0.11ms
[91.717s][info][gc,phases   ] GC(227)   Evacuate Collection Set: 2.39ms
[91.717s][info][gc,phases   ] GC(227)   Post Evacuate Collection Set: 0.52ms
[91.717s][info][gc,phases   ] GC(227)   Other: 0.10ms
[91.717s][info][gc,heap     ] GC(227) Eden regions: 232->0(234)
[91.717s][info][gc,heap     ] GC(227) Survivor regions: 3->2(30)
[91.717s][info][gc,heap     ] GC(227) Old regions: 58->58
[91.717s][info][gc,heap     ] GC(227) Humongous regions: 207->207
[91.717s][info][gc,metaspace] GC(227) Metaspace: 56053K(56320K)->56053K(56320K) NonClass: 50434K(50624K)->50434K(50624K) Class: 5618K(5696K)->5618K(5696K)
[91.717s][info][gc          ] GC(227) Pause Young (Prepare Mixed) (G1 Evacuation Pause) 499M->266M(531M) 3.582ms
[91.717s][info][gc,cpu      ] GC(227) User=0.01s Sys=0.00s Real=0.00s
[92.253s][info][gc,start    ] GC(228) Pause Young (Mixed) (G1 Evacuation Pause)
[92.253s][info][gc,task     ] GC(228) Using 2 workers of 2 for evacuation
[92.258s][info][gc,phases   ] GC(228)   Pre Evacuate Collection Set: 0.25ms
[92.258s][info][gc,phases   ] GC(228)   Merge Heap Roots: 0.12ms
[92.258s][info][gc,phases   ] GC(228)   Evacuate Collection Set: 4.62ms
[92.258s][info][gc,phases   ] GC(228)   Post Evacuate Collection Set: 0.57ms
[92.258s][info][gc,phases   ] GC(228)   Other: 0.09ms
[92.258s][info][gc,heap     ] GC(228) Eden regions: 234->0(234)
[92.258s][info][gc,heap     ] GC(228) Survivor regions: 2->2(30)
[92.258s][info][gc,heap     ] GC(228) Old regions: 58->58
[92.258s][info][gc,heap     ] GC(228) Humongous regions: 207->207
[92.258s][info][gc,metaspace] GC(228) Metaspace: 56053K(56320K)->56053K(56320K) NonClass: 50434K(50624K)->50434K(50624K) Class: 5618K(5696K)->5618K(5696K)
[92.258s][info][gc          ] GC(228) Pause Young (Mixed) (G1 Evacuation Pause) 500M->266M(531M) 5.825ms
[92.258s][info][gc,cpu      ] GC(228) User=0.01s Sys=0.00s Real=0.01s
[92.832s][info][gc,start    ] GC(229) Pause Young (Concurrent Start) (G1 Evacuation Pause)
[92.832s][info][gc,task     ] GC(229) Using 2 workers of 2 for evacuation
[92.838s][info][gc,phases   ] GC(229)   Pre Evacuate Collection Set: 0.27ms
[92.838s][info][gc,phases   ] GC(229)   Merge Heap Roots: 0.09ms
[92.838s][info][gc,phases   ] GC(229)   Evacuate Collection Set: 5.32ms
[92.838s][info][gc,phases   ] GC(229)   Post Evacuate Collection Set: 0.53ms
[92.838s][info][gc,phases   ] GC(229)   Other: 0.09ms
[92.838s][info][gc,heap     ] GC(229) Eden regions: 234->0(230)
[92.838s][info][gc,heap     ] GC(229) Survivor regions: 2->4(30)
[92.838s][info][gc,heap     ] GC(229) Old regions: 58->58
[92.838s][info][gc,heap     ] GC(229) Humongous regions: 207->207
[92.838s][info][gc,metaspace] GC(229) Metaspace: 56053K(56320K)->56053K(56320K) NonClass: 50434K(50624K)->50434K(50624K) Class: 5618K(5696K)->5618K(5696K)
[92.838s][info][gc          ] GC(229) Pause Young (Concurrent Start) (G1 Evacuation Pause) 500M->267M(531M) 6.503ms
[92.838s][info][gc          ] GC(230) Concurrent Mark Cycle
[92.838s][info][gc,cpu      ] GC(229) User=0.01s Sys=0.00s Real=0.01s
[92.838s][info][gc,marking  ] GC(230) Concurrent Scan Root Regions
[92.847s][info][gc,marking  ] GC(230) Concurrent Scan Root Regions 8.196ms
[92.847s][info][gc,marking  ] GC(230) Concurrent Mark
[92.847s][info][gc,marking  ] GC(230) Concurrent Mark From Roots
[92.847s][info][gc,task     ] GC(230) Using 1 workers of 1 for marking
[92.901s][info][gc,marking  ] GC(230) Concurrent Mark From Roots 53.851ms
[92.901s][info][gc,marking  ] GC(230) Concurrent Preclean
[92.901s][info][gc,marking  ] GC(230) Concurrent Preclean 0.061ms
[92.901s][info][gc,start    ] GC(230) Pause Remark
[92.908s][info][gc          ] GC(230) Pause Remark 285M->285M(531M) 7.674ms
[92.908s][info][gc,cpu      ] GC(230) User=0.01s Sys=0.00s Real=0.01s
[92.909s][info][gc,marking  ] GC(230) Concurrent Mark 62.095ms
[92.909s][info][gc,marking  ] GC(230) Concurrent Rebuild Remembered Sets and Scrub Regions
[92.944s][info][gc,marking  ] GC(230) Concurrent Rebuild Remembered Sets and Scrub Regions 35.168ms
[92.944s][info][gc,start    ] GC(230) Pause Cleanup
[92.944s][info][gc          ] GC(230) Pause Cleanup 311M->311M(531M) 0.070ms
[92.944s][info][gc,cpu      ] GC(230) User=0.00s Sys=0.00s Real=0.00s
[92.945s][info][gc,marking  ] GC(230) Concurrent Clear Claimed Marks
[92.945s][info][gc,marking  ] GC(230) Concurrent Clear Claimed Marks 0.099ms
[92.945s][info][gc,marking  ] GC(230) Concurrent Cleanup for Next Mark
[92.948s][info][gc,marking  ] GC(230) Concurrent Cleanup for Next Mark 3.308ms
[92.948s][info][gc          ] GC(230) Concurrent Mark Cycle 109.872ms
[93.417s][info][gc,start    ] GC(231) Pause Young (Prepare Mixed) (G1 Evacuation Pause)
[93.417s][info][gc,task     ] GC(231) Using 2 workers of 2 for evacuation
[93.422s][info][gc,phases   ] GC(231)   Pre Evacuate Collection Set: 0.24ms
[93.422s][info][gc,phases   ] GC(231)   Merge Heap Roots: 0.11ms
[93.422s][info][gc,phases   ] GC(231)   Evacuate Collection Set: 3.55ms
[93.422s][info][gc,phases   ] GC(231)   Post Evacuate Collection Set: 0.58ms
[93.422s][info][gc,phases   ] GC(231)   Other: 0.09ms
[93.422s][info][gc,heap     ] GC(231) Eden regions: 230->0(232)
[93.422s][info][gc,heap     ] GC(231) Survivor regions: 4->3(30)
[93.422s][info][gc,heap     ] GC(231) Old regions: 58->58
[93.422s][info][gc,heap     ] GC(231) Humongous regions: 207->207
[93.422s][info][gc,metaspace] GC(231) Metaspace: 56053K(56320K)->56053K(56320K) NonClass: 50434K(50624K)->50434K(50624K) Class: 5618K(5696K)->5618K(5696K)
[93.422s][info][gc          ] GC(231) Pause Young (Prepare Mixed) (G1 Evacuation Pause) 497M->267M(531M) 4.749ms
[93.422s][info][gc,cpu      ] GC(231) User=0.01s Sys=0.00s Real=0.01s
[93.950s][info][gc,start    ] GC(232) Pause Young (Mixed) (G1 Evacuation Pause)
[93.950s][info][gc,task     ] GC(232) Using 2 workers of 2 for evacuation
[93.956s][info][gc,phases   ] GC(232)   Pre Evacuate Collection Set: 0.26ms
[93.956s][info][gc,phases   ] GC(232)   Merge Heap Roots: 0.11ms
[93.956s][info][gc,phases   ] GC(232)   Evacuate Collection Set: 5.16ms
[93.956s][info][gc,phases   ] GC(232)   Post Evacuate Collection Set: 0.53ms
[93.956s][info][gc,phases   ] GC(232)   Other: 0.07ms
[93.956s][info][gc,heap     ] GC(232) Eden regions: 232->0(234)
[93.956s][info][gc,heap     ] GC(232) Survivor regions: 3->2(30)
[93.956s][info][gc,heap     ] GC(232) Old regions: 58->58
[93.956s][info][gc,heap     ] GC(232) Humongous regions: 207->207
[93.956s][info][gc,metaspace] GC(232) Metaspace: 56053K(56320K)->56053K(56320K) NonClass: 50434K(50624K)->50434K(50624K) Class: 5618K(5696K)->5618K(5696K)
[93.956s][info][gc          ] GC(232) Pause Young (Mixed) (G1 Evacuation Pause) 499M->266M(531M) 6.317ms
[93.956s][info][gc,cpu      ] GC(232) User=0.01s Sys=0.00s Real=0.00s
[94.528s][info][gc,start    ] GC(233) Pause Young (Concurrent Start) (G1 Evacuation Pause)
[94.528s][info][gc,task     ] GC(233) Using 2 workers of 2 for evacuation
[94.534s][info][gc,phases   ] GC(233)   Pre Evacuate Collection Set: 0.28ms
[94.534s][info][gc,phases   ] GC(233)   Merge Heap Roots: 0.09ms
[94.534s][info][gc,phases   ] GC(233)   Evacuate Collection Set: 4.79ms
[94.534s][info][gc,phases   ] GC(233)   Post Evacuate Collection Set: 0.67ms
[94.534s][info][gc,phases   ] GC(233)   Other: 0.11ms
[94.534s][info][gc,heap     ] GC(233) Eden regions: 234->0(230)
[94.534s][info][gc,heap     ] GC(233) Survivor regions: 2->4(30)
[94.534s][info][gc,heap     ] GC(233) Old regions: 58->58
[94.534s][info][gc,heap     ] GC(233) Humongous regions: 207->207
[94.534s][info][gc,metaspace] GC(233) Metaspace: 56053K(56320K)->56053K(56320K) NonClass: 50434K(50624K)->50434K(50624K) Class: 5618K(5696K)->5618K(5696K)
[94.534s][info][gc          ] GC(233) Pause Young (Concurrent Start) (G1 Evacuation Pause) 500M->267M(531M) 6.091ms
[94.534s][info][gc,cpu      ] GC(233) User=0.01s Sys=0.00s Real=0.00s
[94.534s][info][gc          ] GC(234) Concurrent Mark Cycle
[94.535s][info][gc,marking  ] GC(234) Concurrent Scan Root Regions
[94.542s][info][gc,marking  ] GC(234) Concurrent Scan Root Regions 7.187ms
[94.542s][info][gc,marking  ] GC(234) Concurrent Mark
[94.542s][info][gc,marking  ] GC(234) Concurrent Mark From Roots
[94.542s][info][gc,task     ] GC(234) Using 1 workers of 1 for marking
[94.589s][info][gc,marking  ] GC(234) Concurrent Mark From Roots 47.006ms
[94.589s][info][gc,marking  ] GC(234) Concurrent Preclean
[94.589s][info][gc,marking  ] GC(234) Concurrent Preclean 0.060ms
[94.589s][info][gc,start    ] GC(234) Pause Remark
[94.597s][info][gc          ] GC(234) Pause Remark 290M->290M(531M) 7.751ms
[94.597s][info][gc,cpu      ] GC(234) User=0.01s Sys=0.00s Real=0.00s
[94.597s][info][gc,marking  ] GC(234) Concurrent Mark 55.144ms
[94.597s][info][gc,marking  ] GC(234) Concurrent Rebuild Remembered Sets and Scrub Regions
[94.621s][info][gc,marking  ] GC(234) Concurrent Rebuild Remembered Sets and Scrub Regions 23.884ms
[94.621s][info][gc,start    ] GC(234) Pause Cleanup
[94.621s][info][gc          ] GC(234) Pause Cleanup 304M->304M(531M) 0.059ms
[94.621s][info][gc,cpu      ] GC(234) User=0.00s Sys=0.00s Real=0.00s
[94.623s][info][gc,marking  ] GC(234) Concurrent Clear Claimed Marks
[94.623s][info][gc,marking  ] GC(234) Concurrent Clear Claimed Marks 0.106ms
[94.623s][info][gc,marking  ] GC(234) Concurrent Cleanup for Next Mark
[94.627s][info][gc,marking  ] GC(234) Concurrent Cleanup for Next Mark 4.076ms
[94.627s][info][gc          ] GC(234) Concurrent Mark Cycle 92.801ms
[95.108s][info][gc,start    ] GC(235) Pause Young (Prepare Mixed) (G1 Evacuation Pause)
[95.108s][info][gc,task     ] GC(235) Using 2 workers of 2 for evacuation
[95.111s][info][gc,phases   ] GC(235)   Pre Evacuate Collection Set: 0.23ms
[95.111s][info][gc,phases   ] GC(235)   Merge Heap Roots: 0.09ms
[95.111s][info][gc,phases   ] GC(235)   Evacuate Collection Set: 2.02ms
[95.111s][info][gc,phases   ] GC(235)   Post Evacuate Collection Set: 0.51ms
[95.111s][info][gc,phases   ] GC(235)   Other: 0.09ms
[95.111s][info][gc,heap     ] GC(235) Eden regions: 230->0(236)
[95.111s][info][gc,heap     ] GC(235) Survivor regions: 4->1(30)
[95.111s][info][gc,heap     ] GC(235) Old regions: 58->58
[95.111s][info][gc,heap     ] GC(235) Humongous regions: 207->207
[95.111s][info][gc,metaspace] GC(235) Metaspace: 56053K(56320K)->56053K(56320K) NonClass: 50434K(50624K)->50434K(50624K) Class: 5618K(5696K)->5618K(5696K)
[95.111s][info][gc          ] GC(235) Pause Young (Prepare Mixed) (G1 Evacuation Pause) 497M->265M(531M) 3.112ms
[95.111s][info][gc,cpu      ] GC(235) User=0.00s Sys=0.00s Real=0.00s
[95.647s][info][gc,start    ] GC(236) Pause Young (Mixed) (G1 Evacuation Pause)
[95.647s][info][gc,task     ] GC(236) Using 2 workers of 2 for evacuation
[95.653s][info][gc,phases   ] GC(236)   Pre Evacuate Collection Set: 0.25ms
[95.653s][info][gc,phases   ] GC(236)   Merge Heap Roots: 0.10ms
[95.653s][info][gc,phases   ] GC(236)   Evacuate Collection Set: 4.88ms
[95.653s][info][gc,phases   ] GC(236)   Post Evacuate Collection Set: 0.54ms
[95.653s][info][gc,phases   ] GC(236)   Other: 0.07ms
[95.653s][info][gc,heap     ] GC(236) Eden regions: 236->0(232)
[95.653s][info][gc,heap     ] GC(236) Survivor regions: 1->3(30)
[95.653s][info][gc,heap     ] GC(236) Old regions: 58->58
[95.653s][info][gc,heap     ] GC(236) Humongous regions: 207->207
[95.653s][info][gc,metaspace] GC(236) Metaspace: 56053K(56320K)->56053K(56320K) NonClass: 50435K(50624K)->50435K(50624K) Class: 5618K(5696K)->5618K(5696K)
[95.653s][info][gc          ] GC(236) Pause Young (Mixed) (G1 Evacuation Pause) 501M->266M(531M) 6.015ms
[95.653s][info][gc,cpu      ] GC(236) User=0.01s Sys=0.00s Real=0.01s
[96.221s][info][gc,start    ] GC(237) Pause Young (Concurrent Start) (G1 Evacuation Pause)
[96.221s][info][gc,task     ] GC(237) Using 2 workers of 2 for evacuation
[96.227s][info][gc,phases   ] GC(237)   Pre Evacuate Collection Set: 0.27ms
[96.227s][info][gc,phases   ] GC(237)   Merge Heap Roots: 0.10ms
[96.227s][info][gc,phases   ] GC(237)   Evacuate Collection Set: 4.44ms
[96.227s][info][gc,phases   ] GC(237)   Post Evacuate Collection Set: 0.54ms
[96.227s][info][gc,phases   ] GC(237)   Other: 0.09ms
[96.227s][info][gc,heap     ] GC(237) Eden regions: 232->0(232)
[96.227s][info][gc,heap     ] GC(237) Survivor regions: 3->3(30)
[96.227s][info][gc,heap     ] GC(237) Old regions: 58->58
[96.227s][info][gc,heap     ] GC(237) Humongous regions: 207->207
[96.227s][info][gc,metaspace] GC(237) Metaspace: 56057K(56384K)->56057K(56384K) NonClass: 50438K(50688K)->50438K(50688K) Class: 5618K(5696K)->5618K(5696K)
[96.227s][info][gc          ] GC(237) Pause Young (Concurrent Start) (G1 Evacuation Pause) 498M->267M(531M) 5.631ms
[96.227s][info][gc,cpu      ] GC(237) User=0.01s Sys=0.01s Real=0.00s
[96.227s][info][gc          ] GC(238) Concurrent Mark Cycle
[96.227s][info][gc,marking  ] GC(238) Concurrent Scan Root Regions
[96.232s][info][gc,marking  ] GC(238) Concurrent Scan Root Regions 5.017ms
[96.232s][info][gc,marking  ] GC(238) Concurrent Mark
[96.232s][info][gc,marking  ] GC(238) Concurrent Mark From Roots
[96.232s][info][gc,task     ] GC(238) Using 1 workers of 1 for marking
[96.286s][info][gc,marking  ] GC(238) Concurrent Mark From Roots 53.714ms
[96.286s][info][gc,marking  ] GC(238) Concurrent Preclean
[96.286s][info][gc,marking  ] GC(238) Concurrent Preclean 0.062ms
[96.286s][info][gc,start    ] GC(238) Pause Remark
[96.294s][info][gc          ] GC(238) Pause Remark 290M->290M(531M) 7.758ms
[96.294s][info][gc,cpu      ] GC(238) User=0.01s Sys=0.00s Real=0.01s
[96.294s][info][gc,marking  ] GC(238) Concurrent Mark 62.149ms
[96.294s][info][gc,marking  ] GC(238) Concurrent Rebuild Remembered Sets and Scrub Regions
[96.314s][info][gc,marking  ] GC(238) Concurrent Rebuild Remembered Sets and Scrub Regions 19.172ms
[96.314s][info][gc,start    ] GC(238) Pause Cleanup
[96.314s][info][gc          ] GC(238) Pause Cleanup 295M->295M(531M) 0.062ms
[96.314s][info][gc,cpu      ] GC(238) User=0.00s Sys=0.00s Real=0.00s
[96.314s][info][gc,marking  ] GC(238) Concurrent Clear Claimed Marks
[96.314s][info][gc,marking  ] GC(238) Concurrent Clear Claimed Marks 0.092ms
[96.314s][info][gc,marking  ] GC(238) Concurrent Cleanup for Next Mark
[96.315s][info][gc,marking  ] GC(238) Concurrent Cleanup for Next Mark 1.539ms
[96.315s][info][gc          ] GC(238) Concurrent Mark Cycle 88.445ms
[96.809s][info][gc,start    ] GC(239) Pause Young (Prepare Mixed) (G1 Evacuation Pause)
[96.809s][info][gc,task     ] GC(239) Using 2 workers of 2 for evacuation
[96.813s][info][gc,phases   ] GC(239)   Pre Evacuate Collection Set: 0.24ms
[96.813s][info][gc,phases   ] GC(239)   Merge Heap Roots: 0.11ms
[96.813s][info][gc,phases   ] GC(239)   Evacuate Collection Set: 2.30ms
[96.813s][info][gc,phases   ] GC(239)   Post Evacuate Collection Set: 0.51ms
[96.813s][info][gc,phases   ] GC(239)   Other: 0.07ms
[96.813s][info][gc,heap     ] GC(239) Eden regions: 232->0(236)
[96.813s][info][gc,heap     ] GC(239) Survivor regions: 3->1(30)
[96.813s][info][gc,heap     ] GC(239) Old regions: 58->58
[96.813s][info][gc,heap     ] GC(239) Humongous regions: 207->207
[96.813s][info][gc,metaspace] GC(239) Metaspace: 56057K(56384K)->56057K(56384K) NonClass: 50438K(50688K)->50438K(50688K) Class: 5618K(5696K)->5618K(5696K)
[96.813s][info][gc          ] GC(239) Pause Young (Prepare Mixed) (G1 Evacuation Pause) 499M->265M(531M) 3.422ms
[96.813s][info][gc,cpu      ] GC(239) User=0.00s Sys=0.00s Real=0.00s
[97.440s][info][gc,start    ] GC(240) Pause Young (Mixed) (G1 Evacuation Pause)
[97.440s][info][gc,task     ] GC(240) Using 2 workers of 2 for evacuation
[97.446s][info][gc,phases   ] GC(240)   Pre Evacuate Collection Set: 0.26ms
[97.446s][info][gc,phases   ] GC(240)   Merge Heap Roots: 0.10ms
[97.446s][info][gc,phases   ] GC(240)   Evacuate Collection Set: 4.93ms
[97.446s][info][gc,phases   ] GC(240)   Post Evacuate Collection Set: 0.54ms
[97.446s][info][gc,phases   ] GC(240)   Other: 0.11ms
[97.446s][info][gc,heap     ] GC(240) Eden regions: 236->0(232)
[97.446s][info][gc,heap     ] GC(240) Survivor regions: 1->3(30)
[97.446s][info][gc,heap     ] GC(240) Old regions: 58->58
[97.446s][info][gc,heap     ] GC(240) Humongous regions: 207->207
[97.446s][info][gc,metaspace] GC(240) Metaspace: 56057K(56384K)->56057K(56384K) NonClass: 50438K(50688K)->50438K(50688K) Class: 5618K(5696K)->5618K(5696K)
[97.446s][info][gc          ] GC(240) Pause Young (Mixed) (G1 Evacuation Pause) 501M->266M(531M) 6.116ms
[97.446s][info][gc,cpu      ] GC(240) User=0.01s Sys=0.00s Real=0.00s
[97.926s][info][gc,start    ] GC(241) Pause Young (Concurrent Start) (G1 Evacuation Pause)
[97.926s][info][gc,task     ] GC(241) Using 2 workers of 2 for evacuation
[97.931s][info][gc,phases   ] GC(241)   Pre Evacuate Collection Set: 0.27ms
[97.931s][info][gc,phases   ] GC(241)   Merge Heap Roots: 0.09ms
[97.931s][info][gc,phases   ] GC(241)   Evacuate Collection Set: 4.10ms
[97.931s][info][gc,phases   ] GC(241)   Post Evacuate Collection Set: 0.53ms
[97.931s][info][gc,phases   ] GC(241)   Other: 0.11ms
[97.931s][info][gc,heap     ] GC(241) Eden regions: 232->0(232)
[97.931s][info][gc,heap     ] GC(241) Survivor regions: 3->3(30)
[97.931s][info][gc,heap     ] GC(241) Old regions: 58->58
[97.931s][info][gc,heap     ] GC(241) Humongous regions: 207->207
[97.931s][info][gc,metaspace] GC(241) Metaspace: 56057K(56384K)->56057K(56384K) NonClass: 50438K(50688K)->50438K(50688K) Class: 5618K(5696K)->5618K(5696K)
[97.931s][info][gc          ] GC(241) Pause Young (Concurrent Start) (G1 Evacuation Pause) 498M->267M(531M) 5.280ms
[97.931s][info][gc,cpu      ] GC(241) User=0.01s Sys=0.01s Real=0.01s
[97.931s][info][gc          ] GC(242) Concurrent Mark Cycle
[97.931s][info][gc,marking  ] GC(242) Concurrent Scan Root Regions
[97.939s][info][gc,marking  ] GC(242) Concurrent Scan Root Regions 7.555ms
[97.939s][info][gc,marking  ] GC(242) Concurrent Mark
[97.939s][info][gc,marking  ] GC(242) Concurrent Mark From Roots
[97.939s][info][gc,task     ] GC(242) Using 1 workers of 1 for marking
[97.990s][info][gc,marking  ] GC(242) Concurrent Mark From Roots 51.401ms
[97.990s][info][gc,marking  ] GC(242) Concurrent Preclean
[97.990s][info][gc,marking  ] GC(242) Concurrent Preclean 0.060ms
[97.991s][info][gc,start    ] GC(242) Pause Remark
[97.998s][info][gc          ] GC(242) Pause Remark 291M->291M(531M) 7.738ms
[97.998s][info][gc,cpu      ] GC(242) User=0.02s Sys=0.00s Real=0.01s
[97.999s][info][gc,marking  ] GC(242) Concurrent Mark 59.559ms
[97.999s][info][gc,marking  ] GC(242) Concurrent Rebuild Remembered Sets and Scrub Regions
[98.023s][info][gc,marking  ] GC(242) Concurrent Rebuild Remembered Sets and Scrub Regions 24.396ms
[98.023s][info][gc,start    ] GC(242) Pause Cleanup
[98.023s][info][gc          ] GC(242) Pause Cleanup 305M->305M(531M) 0.065ms
[98.023s][info][gc,cpu      ] GC(242) User=0.00s Sys=0.00s Real=0.00s
[98.023s][info][gc,marking  ] GC(242) Concurrent Clear Claimed Marks
[98.023s][info][gc,marking  ] GC(242) Concurrent Clear Claimed Marks 0.087ms
[98.023s][info][gc,marking  ] GC(242) Concurrent Cleanup for Next Mark
[98.025s][info][gc,marking  ] GC(242) Concurrent Cleanup for Next Mark 1.596ms
[98.025s][info][gc          ] GC(242) Concurrent Mark Cycle 93.570ms
[98.687s][info][gc,start    ] GC(243) Pause Young (Prepare Mixed) (G1 Evacuation Pause)
[98.687s][info][gc,task     ] GC(243) Using 2 workers of 2 for evacuation
[98.691s][info][gc,phases   ] GC(243)   Pre Evacuate Collection Set: 0.25ms
[98.691s][info][gc,phases   ] GC(243)   Merge Heap Roots: 0.10ms
[98.691s][info][gc,phases   ] GC(243)   Evacuate Collection Set: 2.51ms
[98.691s][info][gc,phases   ] GC(243)   Post Evacuate Collection Set: 0.52ms
[98.691s][info][gc,phases   ] GC(243)   Other: 0.07ms
[98.691s][info][gc,heap     ] GC(243) Eden regions: 232->0(236)
[98.691s][info][gc,heap     ] GC(243) Survivor regions: 3->1(30)
[98.691s][info][gc,heap     ] GC(243) Old regions: 58->58
[98.691s][info][gc,heap     ] GC(243) Humongous regions: 207->207
[98.691s][info][gc,metaspace] GC(243) Metaspace: 56057K(56384K)->56057K(56384K) NonClass: 50438K(50688K)->50438K(50688K) Class: 5618K(5696K)->5618K(5696K)
[98.691s][info][gc          ] GC(243) Pause Young (Prepare Mixed) (G1 Evacuation Pause) 499M->265M(531M) 3.631ms
[98.691s][info][gc,cpu      ] GC(243) User=0.01s Sys=0.00s Real=0.01s
[99.145s][info][gc,start    ] GC(244) Pause Young (Mixed) (G1 Evacuation Pause)
[99.145s][info][gc,task     ] GC(244) Using 2 workers of 2 for evacuation
[99.150s][info][gc,phases   ] GC(244)   Pre Evacuate Collection Set: 0.26ms
[99.150s][info][gc,phases   ] GC(244)   Merge Heap Roots: 0.10ms
[99.150s][info][gc,phases   ] GC(244)   Evacuate Collection Set: 4.46ms
[99.150s][info][gc,phases   ] GC(244)   Post Evacuate Collection Set: 0.58ms
[99.150s][info][gc,phases   ] GC(244)   Other: 0.07ms
[99.150s][info][gc,heap     ] GC(244) Eden regions: 236->0(234)
[99.150s][info][gc,heap     ] GC(244) Survivor regions: 1->2(30)
[99.150s][info][gc,heap     ] GC(244) Old regions: 58->58
[99.150s][info][gc,heap     ] GC(244) Humongous regions: 207->207
[99.150s][info][gc,metaspace] GC(244) Metaspace: 56057K(56384K)->56057K(56384K) NonClass: 50438K(50688K)->50438K(50688K) Class: 5618K(5696K)->5618K(5696K)
[99.150s][info][gc          ] GC(244) Pause Young (Mixed) (G1 Evacuation Pause) 501M->265M(531M) 5.623ms
[99.150s][info][gc,cpu      ] GC(244) User=0.01s Sys=0.00s Real=0.01s
[99.728s][info][gc,start    ] GC(245) Pause Young (Concurrent Start) (G1 Evacuation Pause)
[99.728s][info][gc,task     ] GC(245) Using 2 workers of 2 for evacuation
[99.734s][info][gc,phases   ] GC(245)   Pre Evacuate Collection Set: 0.27ms
[99.734s][info][gc,phases   ] GC(245)   Merge Heap Roots: 0.09ms
[99.734s][info][gc,phases   ] GC(245)   Evacuate Collection Set: 5.13ms
[99.734s][info][gc,phases   ] GC(245)   Post Evacuate Collection Set: 0.54ms
[99.734s][info][gc,phases   ] GC(245)   Other: 0.09ms
[99.734s][info][gc,heap     ] GC(245) Eden regions: 234->0(230)
[99.734s][info][gc,heap     ] GC(245) Survivor regions: 2->4(30)
[99.734s][info][gc,heap     ] GC(245) Old regions: 58->58
[99.734s][info][gc,heap     ] GC(245) Humongous regions: 207->207
[99.734s][info][gc,metaspace] GC(245) Metaspace: 56062K(56384K)->56062K(56384K) NonClass: 50443K(50688K)->50443K(50688K) Class: 5618K(5696K)->5618K(5696K)
[99.735s][info][gc          ] GC(245) Pause Young (Concurrent Start) (G1 Evacuation Pause) 499M->268M(531M) 6.274ms
[99.735s][info][gc,cpu      ] GC(245) User=0.01s Sys=0.00s Real=0.00s
[99.735s][info][gc          ] GC(246) Concurrent Mark Cycle
[99.736s][info][gc,marking  ] GC(246) Concurrent Scan Root Regions
[99.739s][info][gc,marking  ] GC(246) Concurrent Scan Root Regions 3.398ms
[99.739s][info][gc,marking  ] GC(246) Concurrent Mark
[99.739s][info][gc,marking  ] GC(246) Concurrent Mark From Roots
[99.739s][info][gc,task     ] GC(246) Using 1 workers of 1 for marking
[99.789s][info][gc,marking  ] GC(246) Concurrent Mark From Roots 50.230ms
[99.789s][info][gc,marking  ] GC(246) Concurrent Preclean
[99.789s][info][gc,marking  ] GC(246) Concurrent Preclean 0.064ms
[99.789s][info][gc,start    ] GC(246) Pause Remark
[99.797s][info][gc          ] GC(246) Pause Remark 286M->286M(531M) 7.690ms
[99.797s][info][gc,cpu      ] GC(246) User=0.02s Sys=0.00s Real=0.00s
[99.797s][info][gc,marking  ] GC(246) Concurrent Mark 58.452ms
[99.797s][info][gc,marking  ] GC(246) Concurrent Rebuild Remembered Sets and Scrub Regions
[99.821s][info][gc,marking  ] GC(246) Concurrent Rebuild Remembered Sets and Scrub Regions 23.583ms
[99.822s][info][gc,start    ] GC(246) Pause Cleanup
[99.822s][info][gc          ] GC(246) Pause Cleanup 299M->299M(531M) 0.074ms
[99.822s][info][gc,cpu      ] GC(246) User=0.00s Sys=0.00s Real=0.00s
[99.825s][info][gc,marking  ] GC(246) Concurrent Clear Claimed Marks
[99.825s][info][gc,marking  ] GC(246) Concurrent Clear Claimed Marks 0.101ms
[99.825s][info][gc,marking  ] GC(246) Concurrent Cleanup for Next Mark
[99.827s][info][gc,marking  ] GC(246) Concurrent Cleanup for Next Mark 1.579ms
[99.827s][info][gc          ] GC(246) Concurrent Mark Cycle 92.088ms
[100.314s][info][gc,start    ] GC(247) Pause Young (Prepare Mixed) (G1 Evacuation Pause)
[100.314s][info][gc,task     ] GC(247) Using 2 workers of 2 for evacuation
[100.318s][info][gc,phases   ] GC(247)   Pre Evacuate Collection Set: 0.24ms
[100.318s][info][gc,phases   ] GC(247)   Merge Heap Roots: 0.10ms
[100.318s][info][gc,phases   ] GC(247)   Evacuate Collection Set: 2.70ms
[100.318s][info][gc,phases   ] GC(247)   Post Evacuate Collection Set: 0.51ms
[100.318s][info][gc,phases   ] GC(247)   Other: 0.08ms
[100.318s][info][gc,heap     ] GC(247) Eden regions: 230->0(234)
[100.318s][info][gc,heap     ] GC(247) Survivor regions: 4->2(30)
[100.318s][info][gc,heap     ] GC(247) Old regions: 58->58
[100.318s][info][gc,heap     ] GC(247) Humongous regions: 207->207
[100.318s][info][gc,metaspace] GC(247) Metaspace: 56062K(56384K)->56062K(56384K) NonClass: 50443K(50688K)->50443K(50688K) Class: 5618K(5696K)->5618K(5696K)
[100.318s][info][gc          ] GC(247) Pause Young (Prepare Mixed) (G1 Evacuation Pause) 498M->265M(531M) 3.803ms
[100.318s][info][gc,cpu      ] GC(247) User=0.01s Sys=0.00s Real=0.01s
[100.849s][info][gc,start    ] GC(248) Pause Young (Mixed) (G1 Evacuation Pause)
[100.849s][info][gc,task     ] GC(248) Using 2 workers of 2 for evacuation
[100.854s][info][gc,phases   ] GC(248)   Pre Evacuate Collection Set: 0.25ms
[100.854s][info][gc,phases   ] GC(248)   Merge Heap Roots: 0.11ms
[100.854s][info][gc,phases   ] GC(248)   Evacuate Collection Set: 4.51ms
[100.854s][info][gc,phases   ] GC(248)   Post Evacuate Collection Set: 0.57ms
[100.854s][info][gc,phases   ] GC(248)   Other: 0.07ms
[100.854s][info][gc,heap     ] GC(248) Eden regions: 234->0(234)
[100.854s][info][gc,heap     ] GC(248) Survivor regions: 2->2(30)
[100.854s][info][gc,heap     ] GC(248) Old regions: 58->58
[100.854s][info][gc,heap     ] GC(248) Humongous regions: 207->207
[100.854s][info][gc,metaspace] GC(248) Metaspace: 56062K(56384K)->56062K(56384K) NonClass: 50443K(50688K)->50443K(50688K) Class: 5618K(5696K)->5618K(5696K)
[100.854s][info][gc          ] GC(248) Pause Young (Mixed) (G1 Evacuation Pause) 499M->265M(531M) 5.686ms
[100.854s][info][gc,cpu      ] GC(248) User=0.02s Sys=0.00s Real=0.00s
[101.430s][info][gc,start    ] GC(249) Pause Young (Concurrent Start) (G1 Evacuation Pause)
[101.430s][info][gc,task     ] GC(249) Using 2 workers of 2 for evacuation
[101.435s][info][gc,phases   ] GC(249)   Pre Evacuate Collection Set: 0.29ms
[101.435s][info][gc,phases   ] GC(249)   Merge Heap Roots: 0.11ms
[101.435s][info][gc,phases   ] GC(249)   Evacuate Collection Set: 4.44ms
[101.435s][info][gc,phases   ] GC(249)   Post Evacuate Collection Set: 0.55ms
[101.435s][info][gc,phases   ] GC(249)   Other: 0.11ms
[101.435s][info][gc,heap     ] GC(249) Eden regions: 234->0(230)
[101.435s][info][gc,heap     ] GC(249) Survivor regions: 2->4(30)
[101.435s][info][gc,heap     ] GC(249) Old regions: 58->58
[101.435s][info][gc,heap     ] GC(249) Humongous regions: 207->207
[101.435s][info][gc,metaspace] GC(249) Metaspace: 56062K(56384K)->56062K(56384K) NonClass: 50443K(50688K)->50443K(50688K) Class: 5618K(5696K)->5618K(5696K)
[101.435s][info][gc          ] GC(249) Pause Young (Concurrent Start) (G1 Evacuation Pause) 499M->267M(531M) 5.663ms
[101.435s][info][gc,cpu      ] GC(249) User=0.01s Sys=0.00s Real=0.00s
[101.435s][info][gc          ] GC(250) Concurrent Mark Cycle
[101.435s][info][gc,marking  ] GC(250) Concurrent Scan Root Regions
[101.442s][info][gc,marking  ] GC(250) Concurrent Scan Root Regions 6.580ms
[101.442s][info][gc,marking  ] GC(250) Concurrent Mark
[101.442s][info][gc,marking  ] GC(250) Concurrent Mark From Roots
[101.442s][info][gc,task     ] GC(250) Using 1 workers of 1 for marking
[101.497s][info][gc,marking  ] GC(250) Concurrent Mark From Roots 55.462ms
[101.497s][info][gc,marking  ] GC(250) Concurrent Preclean
[101.497s][info][gc,marking  ] GC(250) Concurrent Preclean 0.055ms
[101.497s][info][gc,start    ] GC(250) Pause Remark
[101.505s][info][gc          ] GC(250) Pause Remark 287M->287M(531M) 7.847ms
[101.505s][info][gc,cpu      ] GC(250) User=0.01s Sys=0.00s Real=0.01s
[101.505s][info][gc,marking  ] GC(250) Concurrent Mark 63.638ms
[101.506s][info][gc,marking  ] GC(250) Concurrent Rebuild Remembered Sets and Scrub Regions
[101.531s][info][gc,marking  ] GC(250) Concurrent Rebuild Remembered Sets and Scrub Regions 25.918ms
[101.532s][info][gc,start    ] GC(250) Pause Cleanup
[101.532s][info][gc          ] GC(250) Pause Cleanup 307M->307M(531M) 0.083ms
[101.532s][info][gc,cpu      ] GC(250) User=0.00s Sys=0.00s Real=0.00s
[101.533s][info][gc,marking  ] GC(250) Concurrent Clear Claimed Marks
[101.533s][info][gc,marking  ] GC(250) Concurrent Clear Claimed Marks 0.096ms
[101.533s][info][gc,marking  ] GC(250) Concurrent Cleanup for Next Mark
[101.536s][info][gc,marking  ] GC(250) Concurrent Cleanup for Next Mark 2.673ms
[101.536s][info][gc          ] GC(250) Concurrent Mark Cycle 100.426ms
[102.015s][info][gc,start    ] GC(251) Pause Young (Prepare Mixed) (G1 Evacuation Pause)
[102.016s][info][gc,task     ] GC(251) Using 2 workers of 2 for evacuation
[102.019s][info][gc,phases   ] GC(251)   Pre Evacuate Collection Set: 0.28ms
[102.019s][info][gc,phases   ] GC(251)   Merge Heap Roots: 0.12ms
[102.019s][info][gc,phases   ] GC(251)   Evacuate Collection Set: 2.87ms
[102.019s][info][gc,phases   ] GC(251)   Post Evacuate Collection Set: 0.54ms
[102.019s][info][gc,phases   ] GC(251)   Other: 0.09ms
[102.019s][info][gc,heap     ] GC(251) Eden regions: 230->0(234)
[102.019s][info][gc,heap     ] GC(251) Survivor regions: 4->2(30)
[102.019s][info][gc,heap     ] GC(251) Old regions: 58->58
[102.019s][info][gc,heap     ] GC(251) Humongous regions: 207->207
[102.019s][info][gc,metaspace] GC(251) Metaspace: 56062K(56384K)->56062K(56384K) NonClass: 50443K(50688K)->50443K(50688K) Class: 5618K(5696K)->5618K(5696K)
[102.020s][info][gc          ] GC(251) Pause Young (Prepare Mixed) (G1 Evacuation Pause) 497M->266M(531M) 4.079ms
[102.020s][info][gc,cpu      ] GC(251) User=0.01s Sys=0.00s Real=0.01s
[102.545s][info][gc,start    ] GC(252) Pause Young (Mixed) (G1 Evacuation Pause)
[102.545s][info][gc,task     ] GC(252) Using 2 workers of 2 for evacuation
[102.551s][info][gc,phases   ] GC(252)   Pre Evacuate Collection Set: 0.25ms
[102.551s][info][gc,phases   ] GC(252)   Merge Heap Roots: 0.10ms
[102.551s][info][gc,phases   ] GC(252)   Evacuate Collection Set: 4.94ms
[102.551s][info][gc,phases   ] GC(252)   Post Evacuate Collection Set: 0.56ms
[102.551s][info][gc,phases   ] GC(252)   Other: 0.07ms
[102.551s][info][gc,heap     ] GC(252) Eden regions: 234->0(232)
[102.551s][info][gc,heap     ] GC(252) Survivor regions: 2->3(30)
[102.551s][info][gc,heap     ] GC(252) Old regions: 58->58
[102.551s][info][gc,heap     ] GC(252) Humongous regions: 207->207
[102.551s][info][gc,metaspace] GC(252) Metaspace: 56062K(56384K)->56062K(56384K) NonClass: 50443K(50688K)->50443K(50688K) Class: 5618K(5696K)->5618K(5696K)
[102.551s][info][gc          ] GC(252) Pause Young (Mixed) (G1 Evacuation Pause) 500M->266M(531M) 6.085ms
[102.551s][info][gc,cpu      ] GC(252) User=0.01s Sys=0.00s Real=0.01s
[103.124s][info][gc,start    ] GC(253) Pause Young (Concurrent Start) (G1 Evacuation Pause)
[103.124s][info][gc,task     ] GC(253) Using 2 workers of 2 for evacuation
[103.130s][info][gc,phases   ] GC(253)   Pre Evacuate Collection Set: 0.30ms
[103.130s][info][gc,phases   ] GC(253)   Merge Heap Roots: 0.09ms
[103.130s][info][gc,phases   ] GC(253)   Evacuate Collection Set: 5.26ms
[103.130s][info][gc,phases   ] GC(253)   Post Evacuate Collection Set: 0.54ms
[103.130s][info][gc,phases   ] GC(253)   Other: 0.09ms
[103.130s][info][gc,heap     ] GC(253) Eden regions: 232->0(230)
[103.130s][info][gc,heap     ] GC(253) Survivor regions: 3->4(30)
[103.130s][info][gc,heap     ] GC(253) Old regions: 58->58
[103.130s][info][gc,heap     ] GC(253) Humongous regions: 207->207
[103.130s][info][gc,metaspace] GC(253) Metaspace: 56062K(56384K)->56062K(56384K) NonClass: 50443K(50688K)->50443K(50688K) Class: 5618K(5696K)->5618K(5696K)
[103.130s][info][gc          ] GC(253) Pause Young (Concurrent Start) (G1 Evacuation Pause) 498M->268M(531M) 6.452ms
[103.130s][info][gc          ] GC(254) Concurrent Mark Cycle
[103.130s][info][gc,marking  ] GC(254) Concurrent Scan Root Regions
[103.132s][info][gc,cpu      ] GC(253) User=0.01s Sys=0.00s Real=0.01s
[103.137s][info][gc,marking  ] GC(254) Concurrent Scan Root Regions 6.594ms
[103.137s][info][gc,marking  ] GC(254) Concurrent Mark
[103.137s][info][gc,marking  ] GC(254) Concurrent Mark From Roots
[103.137s][info][gc,task     ] GC(254) Using 1 workers of 1 for marking
[103.179s][info][gc,marking  ] GC(254) Concurrent Mark From Roots 42.258ms
[103.179s][info][gc,marking  ] GC(254) Concurrent Preclean
[103.179s][info][gc,marking  ] GC(254) Concurrent Preclean 0.061ms
[103.179s][info][gc,start    ] GC(254) Pause Remark
[103.187s][info][gc          ] GC(254) Pause Remark 289M->289M(531M) 7.702ms
[103.187s][info][gc,cpu      ] GC(254) User=0.02s Sys=0.00s Real=0.00s
[103.187s][info][gc,marking  ] GC(254) Concurrent Mark 50.306ms
[103.187s][info][gc,marking  ] GC(254) Concurrent Rebuild Remembered Sets and Scrub Regions
[103.203s][info][gc,marking  ] GC(254) Concurrent Rebuild Remembered Sets and Scrub Regions 15.875ms
[103.203s][info][gc,start    ] GC(254) Pause Cleanup
[103.203s][info][gc          ] GC(254) Pause Cleanup 289M->289M(531M) 0.047ms
[103.203s][info][gc,cpu      ] GC(254) User=0.00s Sys=0.00s Real=0.00s
[103.203s][info][gc,marking  ] GC(254) Concurrent Clear Claimed Marks
[103.203s][info][gc,marking  ] GC(254) Concurrent Clear Claimed Marks 0.077ms
[103.203s][info][gc,marking  ] GC(254) Concurrent Cleanup for Next Mark
[103.205s][info][gc,marking  ] GC(254) Concurrent Cleanup for Next Mark 1.587ms
[103.205s][info][gc          ] GC(254) Concurrent Mark Cycle 74.686ms
[103.710s][info][gc,start    ] GC(255) Pause Young (Prepare Mixed) (G1 Evacuation Pause)
[103.710s][info][gc,task     ] GC(255) Using 2 workers of 2 for evacuation
[103.713s][info][gc,phases   ] GC(255)   Pre Evacuate Collection Set: 0.25ms
[103.713s][info][gc,phases   ] GC(255)   Merge Heap Roots: 0.10ms
[103.713s][info][gc,phases   ] GC(255)   Evacuate Collection Set: 2.37ms
[103.713s][info][gc,phases   ] GC(255)   Post Evacuate Collection Set: 0.52ms
[103.713s][info][gc,phases   ] GC(255)   Other: 0.09ms
[103.713s][info][gc,heap     ] GC(255) Eden regions: 230->0(234)
[103.713s][info][gc,heap     ] GC(255) Survivor regions: 4->2(30)
[103.713s][info][gc,heap     ] GC(255) Old regions: 58->58
[103.713s][info][gc,heap     ] GC(255) Humongous regions: 207->207
[103.713s][info][gc,metaspace] GC(255) Metaspace: 56062K(56384K)->56062K(56384K) NonClass: 50443K(50688K)->50443K(50688K) Class: 5618K(5696K)->5618K(5696K)
[103.713s][info][gc          ] GC(255) Pause Young (Prepare Mixed) (G1 Evacuation Pause) 498M->265M(531M) 3.496ms
[103.713s][info][gc,cpu      ] GC(255) User=0.00s Sys=0.00s Real=0.00s
[104.242s][info][gc,start    ] GC(256) Pause Young (Mixed) (G1 Evacuation Pause)
[104.242s][info][gc,task     ] GC(256) Using 2 workers of 2 for evacuation
[104.249s][info][gc,phases   ] GC(256)   Pre Evacuate Collection Set: 0.26ms
[104.249s][info][gc,phases   ] GC(256)   Merge Heap Roots: 0.10ms
[104.249s][info][gc,phases   ] GC(256)   Evacuate Collection Set: 5.92ms
[104.249s][info][gc,phases   ] GC(256)   Post Evacuate Collection Set: 0.56ms
[104.249s][info][gc,phases   ] GC(256)   Other: 0.07ms
[104.249s][info][gc,heap     ] GC(256) Eden regions: 234->0(232)
[104.249s][info][gc,heap     ] GC(256) Survivor regions: 2->3(30)
[104.249s][info][gc,heap     ] GC(256) Old regions: 58->58
[104.249s][info][gc,heap     ] GC(256) Humongous regions: 207->207
[104.249s][info][gc,metaspace] GC(256) Metaspace: 56062K(56384K)->56062K(56384K) NonClass: 50443K(50688K)->50443K(50688K) Class: 5618K(5696K)->5618K(5696K)
[104.249s][info][gc          ] GC(256) Pause Young (Mixed) (G1 Evacuation Pause) 499M->267M(531M) 7.089ms
[104.249s][info][gc,cpu      ] GC(256) User=0.02s Sys=0.00s Real=0.01s
[104.824s][info][gc,start    ] GC(257) Pause Young (Concurrent Start) (G1 Evacuation Pause)
[104.824s][info][gc,task     ] GC(257) Using 2 workers of 2 for evacuation
[104.830s][info][gc,phases   ] GC(257)   Pre Evacuate Collection Set: 0.30ms
[104.830s][info][gc,phases   ] GC(257)   Merge Heap Roots: 0.09ms
[104.830s][info][gc,phases   ] GC(257)   Evacuate Collection Set: 4.21ms
[104.830s][info][gc,phases   ] GC(257)   Post Evacuate Collection Set: 0.53ms
[104.830s][info][gc,phases   ] GC(257)   Other: 0.09ms
[104.830s][info][gc,heap     ] GC(257) Eden regions: 232->0(232)
[104.830s][info][gc,heap     ] GC(257) Survivor regions: 3->3(30)
[104.830s][info][gc,heap     ] GC(257) Old regions: 58->58
[104.830s][info][gc,heap     ] GC(257) Humongous regions: 207->207
[104.830s][info][gc,metaspace] GC(257) Metaspace: 56062K(56384K)->56062K(56384K) NonClass: 50443K(50688K)->50443K(50688K) Class: 5618K(5696K)->5618K(5696K)
[104.830s][info][gc          ] GC(257) Pause Young (Concurrent Start) (G1 Evacuation Pause) 499M->266M(531M) 5.392ms
[104.830s][info][gc,cpu      ] GC(257) User=0.01s Sys=0.00s Real=0.01s
[104.830s][info][gc          ] GC(258) Concurrent Mark Cycle
[104.830s][info][gc,marking  ] GC(258) Concurrent Scan Root Regions
[104.835s][info][gc,marking  ] GC(258) Concurrent Scan Root Regions 4.736ms
[104.835s][info][gc,marking  ] GC(258) Concurrent Mark
[104.835s][info][gc,marking  ] GC(258) Concurrent Mark From Roots
[104.835s][info][gc,task     ] GC(258) Using 1 workers of 1 for marking
[104.880s][info][gc,marking  ] GC(258) Concurrent Mark From Roots 45.290ms
[104.880s][info][gc,marking  ] GC(258) Concurrent Preclean
[104.880s][info][gc,marking  ] GC(258) Concurrent Preclean 0.059ms
[104.880s][info][gc,start    ] GC(258) Pause Remark
[104.888s][info][gc          ] GC(258) Pause Remark 289M->289M(531M) 7.925ms
[104.888s][info][gc,cpu      ] GC(258) User=0.02s Sys=0.00s Real=0.01s
[104.888s][info][gc,marking  ] GC(258) Concurrent Mark 53.686ms
[104.888s][info][gc,marking  ] GC(258) Concurrent Rebuild Remembered Sets and Scrub Regions
[104.904s][info][gc,marking  ] GC(258) Concurrent Rebuild Remembered Sets and Scrub Regions 15.639ms
[104.904s][info][gc,start    ] GC(258) Pause Cleanup
[104.904s][info][gc          ] GC(258) Pause Cleanup 289M->289M(531M) 0.043ms
[104.904s][info][gc,cpu      ] GC(258) User=0.00s Sys=0.00s Real=0.00s
[104.904s][info][gc,marking  ] GC(258) Concurrent Clear Claimed Marks
[104.904s][info][gc,marking  ] GC(258) Concurrent Clear Claimed Marks 0.075ms
[104.904s][info][gc,marking  ] GC(258) Concurrent Cleanup for Next Mark
[104.906s][info][gc,marking  ] GC(258) Concurrent Cleanup for Next Mark 1.552ms
[104.906s][info][gc          ] GC(258) Concurrent Mark Cycle 75.914ms
[105.411s][info][gc,start    ] GC(259) Pause Young (Prepare Mixed) (G1 Evacuation Pause)
[105.411s][info][gc,task     ] GC(259) Using 2 workers of 2 for evacuation
[105.417s][info][gc,phases   ] GC(259)   Pre Evacuate Collection Set: 0.34ms
[105.417s][info][gc,phases   ] GC(259)   Merge Heap Roots: 0.15ms
[105.417s][info][gc,phases   ] GC(259)   Evacuate Collection Set: 4.30ms
[105.417s][info][gc,phases   ] GC(259)   Post Evacuate Collection Set: 0.56ms
[105.417s][info][gc,phases   ] GC(259)   Other: 0.07ms
[105.417s][info][gc,heap     ] GC(259) Eden regions: 232->0(236)
[105.417s][info][gc,heap     ] GC(259) Survivor regions: 3->1(30)
[105.417s][info][gc,heap     ] GC(259) Old regions: 58->58
[105.417s][info][gc,heap     ] GC(259) Humongous regions: 207->207
[105.417s][info][gc,metaspace] GC(259) Metaspace: 56062K(56384K)->56062K(56384K) NonClass: 50443K(50688K)->50443K(50688K) Class: 5618K(5696K)->5618K(5696K)
[105.417s][info][gc          ] GC(259) Pause Young (Prepare Mixed) (G1 Evacuation Pause) 498M->265M(531M) 5.603ms
[105.417s][info][gc,cpu      ] GC(259) User=0.00s Sys=0.00s Real=0.00s
[105.946s][info][gc,start    ] GC(260) Pause Young (Mixed) (G1 Evacuation Pause)
[105.946s][info][gc,task     ] GC(260) Using 2 workers of 2 for evacuation
[105.952s][info][gc,phases   ] GC(260)   Pre Evacuate Collection Set: 0.26ms
[105.952s][info][gc,phases   ] GC(260)   Merge Heap Roots: 0.11ms
[105.952s][info][gc,phases   ] GC(260)   Evacuate Collection Set: 5.20ms
[105.952s][info][gc,phases   ] GC(260)   Post Evacuate Collection Set: 0.57ms
[105.952s][info][gc,phases   ] GC(260)   Other: 0.07ms
[105.952s][info][gc,heap     ] GC(260) Eden regions: 236->0(234)
[105.952s][info][gc,heap     ] GC(260) Survivor regions: 1->2(30)
[105.952s][info][gc,heap     ] GC(260) Old regions: 58->58
[105.952s][info][gc,heap     ] GC(260) Humongous regions: 207->207
[105.952s][info][gc,metaspace] GC(260) Metaspace: 56062K(56384K)->56062K(56384K) NonClass: 50443K(50688K)->50443K(50688K) Class: 5618K(5696K)->5618K(5696K)
[105.952s][info][gc          ] GC(260) Pause Young (Mixed) (G1 Evacuation Pause) 501M->266M(531M) 6.387ms
[105.952s][info][gc,cpu      ] GC(260) User=0.02s Sys=0.00s Real=0.01s
[106.535s][info][gc,start    ] GC(261) Pause Young (Concurrent Start) (G1 Evacuation Pause)
[106.535s][info][gc,task     ] GC(261) Using 2 workers of 2 for evacuation
[106.539s][info][gc,phases   ] GC(261)   Pre Evacuate Collection Set: 0.29ms
[106.539s][info][gc,phases   ] GC(261)   Merge Heap Roots: 0.10ms
[106.539s][info][gc,phases   ] GC(261)   Evacuate Collection Set: 2.89ms
[106.539s][info][gc,phases   ] GC(261)   Post Evacuate Collection Set: 0.52ms
[106.539s][info][gc,phases   ] GC(261)   Other: 0.12ms
[106.539s][info][gc,heap     ] GC(261) Eden regions: 234->0(234)
[106.539s][info][gc,heap     ] GC(261) Survivor regions: 2->2(30)
[106.539s][info][gc,heap     ] GC(261) Old regions: 58->58
[106.539s][info][gc,heap     ] GC(261) Humongous regions: 207->207
[106.539s][info][gc,metaspace] GC(261) Metaspace: 56062K(56384K)->56062K(56384K) NonClass: 50443K(50688K)->50443K(50688K) Class: 5618K(5696K)->5618K(5696K)
[106.539s][info][gc          ] GC(261) Pause Young (Concurrent Start) (G1 Evacuation Pause) 500M->266M(531M) 4.090ms
[106.539s][info][gc,cpu      ] GC(261) User=0.00s Sys=0.00s Real=0.01s
[106.539s][info][gc          ] GC(262) Concurrent Mark Cycle
[106.540s][info][gc,marking  ] GC(262) Concurrent Scan Root Regions
[106.544s][info][gc,marking  ] GC(262) Concurrent Scan Root Regions 3.826ms
[106.544s][info][gc,marking  ] GC(262) Concurrent Mark
[106.544s][info][gc,marking  ] GC(262) Concurrent Mark From Roots
[106.544s][info][gc,task     ] GC(262) Using 1 workers of 1 for marking
[106.603s][info][gc,marking  ] GC(262) Concurrent Mark From Roots 59.463ms
[106.603s][info][gc,marking  ] GC(262) Concurrent Preclean
[106.603s][info][gc,marking  ] GC(262) Concurrent Preclean 0.060ms
[106.603s][info][gc,start    ] GC(262) Pause Remark
[106.611s][info][gc          ] GC(262) Pause Remark 288M->288M(531M) 7.691ms
[106.611s][info][gc,cpu      ] GC(262) User=0.01s Sys=0.00s Real=0.01s
[106.612s][info][gc,marking  ] GC(262) Concurrent Mark 68.563ms
[106.612s][info][gc,marking  ] GC(262) Concurrent Rebuild Remembered Sets and Scrub Regions
[106.644s][info][gc,marking  ] GC(262) Concurrent Rebuild Remembered Sets and Scrub Regions 31.435ms
[106.644s][info][gc,start    ] GC(262) Pause Cleanup
[106.644s][info][gc          ] GC(262) Pause Cleanup 313M->313M(531M) 0.080ms
[106.644s][info][gc,cpu      ] GC(262) User=0.00s Sys=0.00s Real=0.00s
[106.644s][info][gc,marking  ] GC(262) Concurrent Clear Claimed Marks
[106.644s][info][gc,marking  ] GC(262) Concurrent Clear Claimed Marks 0.100ms
[106.644s][info][gc,marking  ] GC(262) Concurrent Cleanup for Next Mark
[106.648s][info][gc,marking  ] GC(262) Concurrent Cleanup for Next Mark 3.338ms
[106.648s][info][gc          ] GC(262) Concurrent Mark Cycle 108.437ms
[107.112s][info][gc,start    ] GC(263) Pause Young (Prepare Mixed) (G1 Evacuation Pause)
[107.112s][info][gc,task     ] GC(263) Using 2 workers of 2 for evacuation
[107.116s][info][gc,phases   ] GC(263)   Pre Evacuate Collection Set: 0.24ms
[107.116s][info][gc,phases   ] GC(263)   Merge Heap Roots: 0.10ms
[107.116s][info][gc,phases   ] GC(263)   Evacuate Collection Set: 2.67ms
[107.116s][info][gc,phases   ] GC(263)   Post Evacuate Collection Set: 0.52ms
[107.116s][info][gc,phases   ] GC(263)   Other: 0.09ms
[107.116s][info][gc,heap     ] GC(263) Eden regions: 234->0(234)
[107.116s][info][gc,heap     ] GC(263) Survivor regions: 2->2(30)
[107.116s][info][gc,heap     ] GC(263) Old regions: 58->58
[107.116s][info][gc,heap     ] GC(263) Humongous regions: 207->207
[107.116s][info][gc,metaspace] GC(263) Metaspace: 56065K(56384K)->56065K(56384K) NonClass: 50447K(50688K)->50447K(50688K) Class: 5618K(5696K)->5618K(5696K)
[107.116s][info][gc          ] GC(263) Pause Young (Prepare Mixed) (G1 Evacuation Pause) 500M->265M(531M) 3.779ms
[107.116s][info][gc,cpu      ] GC(263) User=0.01s Sys=0.00s Real=0.00s
[107.706s][info][gc,start    ] GC(264) Pause Young (Mixed) (G1 Evacuation Pause)
[107.706s][info][gc,task     ] GC(264) Using 2 workers of 2 for evacuation
[107.723s][info][gc,phases   ] GC(264)   Pre Evacuate Collection Set: 1.21ms
[107.723s][info][gc,phases   ] GC(264)   Merge Heap Roots: 0.15ms
[107.723s][info][gc,phases   ] GC(264)   Evacuate Collection Set: 14.77ms
[107.723s][info][gc,phases   ] GC(264)   Post Evacuate Collection Set: 0.97ms
[107.723s][info][gc,phases   ] GC(264)   Other: 0.12ms
[107.723s][info][gc,heap     ] GC(264) Eden regions: 234->0(232)
[107.723s][info][gc,heap     ] GC(264) Survivor regions: 2->3(30)
[107.723s][info][gc,heap     ] GC(264) Old regions: 58->58
[107.723s][info][gc,heap     ] GC(264) Humongous regions: 207->207
[107.723s][info][gc,metaspace] GC(264) Metaspace: 56065K(56384K)->56065K(56384K) NonClass: 50447K(50688K)->50447K(50688K) Class: 5618K(5696K)->5618K(5696K)
[107.723s][info][gc          ] GC(264) Pause Young (Mixed) (G1 Evacuation Pause) 499M->266M(531M) 17.409ms
[107.723s][info][gc,cpu      ] GC(264) User=0.01s Sys=0.00s Real=0.02s
[108.226s][info][gc,start    ] GC(265) Pause Young (Concurrent Start) (G1 Evacuation Pause)
[108.226s][info][gc,task     ] GC(265) Using 2 workers of 2 for evacuation
[108.232s][info][gc,phases   ] GC(265)   Pre Evacuate Collection Set: 0.32ms
[108.232s][info][gc,phases   ] GC(265)   Merge Heap Roots: 0.09ms
[108.232s][info][gc,phases   ] GC(265)   Evacuate Collection Set: 5.48ms
[108.232s][info][gc,phases   ] GC(265)   Post Evacuate Collection Set: 0.55ms
[108.232s][info][gc,phases   ] GC(265)   Other: 0.13ms
[108.232s][info][gc,heap     ] GC(265) Eden regions: 232->0(230)
[108.232s][info][gc,heap     ] GC(265) Survivor regions: 3->4(30)
[108.232s][info][gc,heap     ] GC(265) Old regions: 58->58
[108.232s][info][gc,heap     ] GC(265) Humongous regions: 207->207
[108.232s][info][gc,metaspace] GC(265) Metaspace: 56065K(56384K)->56065K(56384K) NonClass: 50447K(50688K)->50447K(50688K) Class: 5618K(5696K)->5618K(5696K)
[108.232s][info][gc          ] GC(265) Pause Young (Concurrent Start) (G1 Evacuation Pause) 498M->268M(531M) 6.740ms
[108.232s][info][gc,cpu      ] GC(265) User=0.01s Sys=0.00s Real=0.01s
[108.232s][info][gc          ] GC(266) Concurrent Mark Cycle
[108.232s][info][gc,marking  ] GC(266) Concurrent Scan Root Regions
[108.238s][info][gc,marking  ] GC(266) Concurrent Scan Root Regions 5.288ms
[108.238s][info][gc,marking  ] GC(266) Concurrent Mark
[108.238s][info][gc,marking  ] GC(266) Concurrent Mark From Roots
[108.238s][info][gc,task     ] GC(266) Using 1 workers of 1 for marking
[108.279s][info][gc,marking  ] GC(266) Concurrent Mark From Roots 41.212ms
[108.279s][info][gc,marking  ] GC(266) Concurrent Preclean
[108.279s][info][gc,marking  ] GC(266) Concurrent Preclean 0.057ms
[108.279s][info][gc,start    ] GC(266) Pause Remark
[108.287s][info][gc          ] GC(266) Pause Remark 285M->285M(531M) 7.718ms
[108.287s][info][gc,cpu      ] GC(266) User=0.01s Sys=0.00s Real=0.00s
[108.287s][info][gc,marking  ] GC(266) Concurrent Mark 49.217ms
[108.287s][info][gc,marking  ] GC(266) Concurrent Rebuild Remembered Sets and Scrub Regions
[108.302s][info][gc,marking  ] GC(266) Concurrent Rebuild Remembered Sets and Scrub Regions 15.469ms
[108.303s][info][gc,start    ] GC(266) Pause Cleanup
[108.303s][info][gc          ] GC(266) Pause Cleanup 285M->285M(531M) 0.063ms
[108.303s][info][gc,cpu      ] GC(266) User=0.00s Sys=0.00s Real=0.00s
[108.303s][info][gc,marking  ] GC(266) Concurrent Clear Claimed Marks
[108.303s][info][gc,marking  ] GC(266) Concurrent Clear Claimed Marks 0.082ms
[108.303s][info][gc,marking  ] GC(266) Concurrent Cleanup for Next Mark
[108.304s][info][gc,marking  ] GC(266) Concurrent Cleanup for Next Mark 1.563ms
[108.304s][info][gc          ] GC(266) Concurrent Mark Cycle 72.020ms
[108.819s][info][gc,start    ] GC(267) Pause Young (Prepare Mixed) (G1 Evacuation Pause)
[108.819s][info][gc,task     ] GC(267) Using 2 workers of 2 for evacuation
[108.830s][info][gc,phases   ] GC(267)   Pre Evacuate Collection Set: 0.27ms
[108.830s][info][gc,phases   ] GC(267)   Merge Heap Roots: 0.11ms
[108.830s][info][gc,phases   ] GC(267)   Evacuate Collection Set: 5.60ms
[108.830s][info][gc,phases   ] GC(267)   Post Evacuate Collection Set: 4.78ms
[108.830s][info][gc,phases   ] GC(267)   Other: 0.14ms
[108.830s][info][gc,heap     ] GC(267) Eden regions: 230->0(232)
[108.830s][info][gc,heap     ] GC(267) Survivor regions: 4->3(30)
[108.830s][info][gc,heap     ] GC(267) Old regions: 58->58
[108.830s][info][gc,heap     ] GC(267) Humongous regions: 207->207
[108.830s][info][gc,metaspace] GC(267) Metaspace: 56066K(56384K)->56066K(56384K) NonClass: 50447K(50688K)->50447K(50688K) Class: 5618K(5696K)->5618K(5696K)
[108.830s][info][gc          ] GC(267) Pause Young (Prepare Mixed) (G1 Evacuation Pause) 498M->267M(531M) 11.152ms
[108.830s][info][gc,cpu      ] GC(267) User=0.01s Sys=0.00s Real=0.01s
[109.346s][info][gc,start    ] GC(268) Pause Young (Mixed) (G1 Evacuation Pause)
[109.346s][info][gc,task     ] GC(268) Using 2 workers of 2 for evacuation
[109.351s][info][gc,phases   ] GC(268)   Pre Evacuate Collection Set: 0.26ms
[109.351s][info][gc,phases   ] GC(268)   Merge Heap Roots: 0.11ms
[109.351s][info][gc,phases   ] GC(268)   Evacuate Collection Set: 4.15ms
[109.351s][info][gc,phases   ] GC(268)   Post Evacuate Collection Set: 0.56ms
[109.351s][info][gc,phases   ] GC(268)   Other: 0.07ms
[109.351s][info][gc,heap     ] GC(268) Eden regions: 232->0(234)
[109.351s][info][gc,heap     ] GC(268) Survivor regions: 3->2(30)
[109.351s][info][gc,heap     ] GC(268) Old regions: 58->58
[109.351s][info][gc,heap     ] GC(268) Humongous regions: 207->207
[109.351s][info][gc,metaspace] GC(268) Metaspace: 56066K(56384K)->56066K(56384K) NonClass: 50447K(50688K)->50447K(50688K) Class: 5618K(5696K)->5618K(5696K)
[109.351s][info][gc          ] GC(268) Pause Young (Mixed) (G1 Evacuation Pause) 499M->265M(531M) 5.322ms
[109.351s][info][gc,cpu      ] GC(268) User=0.01s Sys=0.00s Real=0.01s
[109.927s][info][gc,start    ] GC(269) Pause Young (Concurrent Start) (G1 Evacuation Pause)
[109.927s][info][gc,task     ] GC(269) Using 2 workers of 2 for evacuation
[109.934s][info][gc,phases   ] GC(269)   Pre Evacuate Collection Set: 0.30ms
[109.934s][info][gc,phases   ] GC(269)   Merge Heap Roots: 0.11ms
[109.934s][info][gc,phases   ] GC(269)   Evacuate Collection Set: 5.19ms
[109.934s][info][gc,phases   ] GC(269)   Post Evacuate Collection Set: 0.51ms
[109.934s][info][gc,phases   ] GC(269)   Other: 0.12ms
[109.934s][info][gc,heap     ] GC(269) Eden regions: 234->0(230)
[109.934s][info][gc,heap     ] GC(269) Survivor regions: 2->4(30)
[109.934s][info][gc,heap     ] GC(269) Old regions: 58->58
[109.934s][info][gc,heap     ] GC(269) Humongous regions: 207->207
[109.934s][info][gc,metaspace] GC(269) Metaspace: 56066K(56384K)->56066K(56384K) NonClass: 50447K(50688K)->50447K(50688K) Class: 5618K(5696K)->5618K(5696K)
[109.934s][info][gc          ] GC(269) Pause Young (Concurrent Start) (G1 Evacuation Pause) 499M->268M(531M) 6.428ms
[109.934s][info][gc,cpu      ] GC(269) User=0.01s Sys=0.00s Real=0.01s
[109.934s][info][gc          ] GC(270) Concurrent Mark Cycle
[109.935s][info][gc,marking  ] GC(270) Concurrent Scan Root Regions
[109.939s][info][gc,marking  ] GC(270) Concurrent Scan Root Regions 4.597ms
[109.939s][info][gc,marking  ] GC(270) Concurrent Mark
[109.939s][info][gc,marking  ] GC(270) Concurrent Mark From Roots
[109.939s][info][gc,task     ] GC(270) Using 1 workers of 1 for marking
[109.980s][info][gc,marking  ] GC(270) Concurrent Mark From Roots 40.431ms
[109.980s][info][gc,marking  ] GC(270) Concurrent Preclean
[109.980s][info][gc,marking  ] GC(270) Concurrent Preclean 0.058ms
[109.980s][info][gc,start    ] GC(270) Pause Remark
[109.988s][info][gc          ] GC(270) Pause Remark 284M->284M(531M) 7.767ms
[109.988s][info][gc,cpu      ] GC(270) User=0.01s Sys=0.00s Real=0.00s
[109.988s][info][gc,marking  ] GC(270) Concurrent Mark 48.490ms
[109.988s][info][gc,marking  ] GC(270) Concurrent Rebuild Remembered Sets and Scrub Regions
[110.003s][info][gc,marking  ] GC(270) Concurrent Rebuild Remembered Sets and Scrub Regions 15.373ms
[110.003s][info][gc,start    ] GC(270) Pause Cleanup
[110.003s][info][gc          ] GC(270) Pause Cleanup 284M->284M(531M) 0.045ms
[110.003s][info][gc,cpu      ] GC(270) User=0.00s Sys=0.00s Real=0.00s
[110.003s][info][gc,marking  ] GC(270) Concurrent Clear Claimed Marks
[110.004s][info][gc,marking  ] GC(270) Concurrent Clear Claimed Marks 0.077ms
[110.004s][info][gc,marking  ] GC(270) Concurrent Cleanup for Next Mark
[110.005s][info][gc,marking  ] GC(270) Concurrent Cleanup for Next Mark 1.561ms
[110.005s][info][gc          ] GC(270) Concurrent Mark Cycle 71.399ms
[110.516s][info][gc,start    ] GC(271) Pause Young (Prepare Mixed) (G1 Evacuation Pause)
[110.516s][info][gc,task     ] GC(271) Using 2 workers of 2 for evacuation
[110.522s][info][gc,phases   ] GC(271)   Pre Evacuate Collection Set: 0.34ms
[110.522s][info][gc,phases   ] GC(271)   Merge Heap Roots: 0.14ms
[110.522s][info][gc,phases   ] GC(271)   Evacuate Collection Set: 4.08ms
[110.522s][info][gc,phases   ] GC(271)   Post Evacuate Collection Set: 0.55ms
[110.522s][info][gc,phases   ] GC(271)   Other: 0.07ms
[110.522s][info][gc,heap     ] GC(271) Eden regions: 230->0(232)
[110.522s][info][gc,heap     ] GC(271) Survivor regions: 4->3(30)
[110.522s][info][gc,heap     ] GC(271) Old regions: 58->58
[110.522s][info][gc,heap     ] GC(271) Humongous regions: 207->207
[110.522s][info][gc,metaspace] GC(271) Metaspace: 56066K(56384K)->56066K(56384K) NonClass: 50447K(50688K)->50447K(50688K) Class: 5618K(5696K)->5618K(5696K)
[110.522s][info][gc          ] GC(271) Pause Young (Prepare Mixed) (G1 Evacuation Pause) 498M->267M(531M) 5.341ms
[110.522s][info][gc,cpu      ] GC(271) User=0.01s Sys=0.00s Real=0.01s
[111.142s][info][gc,start    ] GC(272) Pause Young (Mixed) (G1 Evacuation Pause)
[111.142s][info][gc,task     ] GC(272) Using 2 workers of 2 for evacuation
[111.148s][info][gc,phases   ] GC(272)   Pre Evacuate Collection Set: 0.28ms
[111.148s][info][gc,phases   ] GC(272)   Merge Heap Roots: 0.11ms
[111.148s][info][gc,phases   ] GC(272)   Evacuate Collection Set: 5.34ms
[111.148s][info][gc,phases   ] GC(272)   Post Evacuate Collection Set: 0.57ms
[111.148s][info][gc,phases   ] GC(272)   Other: 0.07ms
[111.148s][info][gc,heap     ] GC(272) Eden regions: 232->0(232)
[111.148s][info][gc,heap     ] GC(272) Survivor regions: 3->3(30)
[111.148s][info][gc,heap     ] GC(272) Old regions: 58->58
[111.148s][info][gc,heap     ] GC(272) Humongous regions: 207->207
[111.148s][info][gc,metaspace] GC(272) Metaspace: 56066K(56384K)->56066K(56384K) NonClass: 50447K(50688K)->50447K(50688K) Class: 5618K(5696K)->5618K(5696K)
[111.148s][info][gc          ] GC(272) Pause Young (Mixed) (G1 Evacuation Pause) 498M->266M(531M) 6.536ms
[111.148s][info][gc,cpu      ] GC(272) User=0.02s Sys=0.00s Real=0.01s
[111.724s][info][gc,start    ] GC(273) Pause Young (Concurrent Start) (G1 Evacuation Pause)
[111.725s][info][gc,task     ] GC(273) Using 2 workers of 2 for evacuation
[111.730s][info][gc,phases   ] GC(273)   Pre Evacuate Collection Set: 0.31ms
[111.730s][info][gc,phases   ] GC(273)   Merge Heap Roots: 0.11ms
[111.730s][info][gc,phases   ] GC(273)   Evacuate Collection Set: 4.26ms
[111.730s][info][gc,phases   ] GC(273)   Post Evacuate Collection Set: 0.52ms
[111.730s][info][gc,phases   ] GC(273)   Other: 0.10ms
[111.730s][info][gc,heap     ] GC(273) Eden regions: 232->0(232)
[111.730s][info][gc,heap     ] GC(273) Survivor regions: 3->3(30)
[111.730s][info][gc,heap     ] GC(273) Old regions: 58->58
[111.730s][info][gc,heap     ] GC(273) Humongous regions: 207->207
[111.730s][info][gc,metaspace] GC(273) Metaspace: 56066K(56384K)->56066K(56384K) NonClass: 50447K(50688K)->50447K(50688K) Class: 5618K(5696K)->5618K(5696K)
[111.730s][info][gc          ] GC(273) Pause Young (Concurrent Start) (G1 Evacuation Pause) 498M->266M(531M) 5.480ms
[111.730s][info][gc,cpu      ] GC(273) User=0.01s Sys=0.00s Real=0.01s
[111.732s][info][gc          ] GC(274) Concurrent Mark Cycle
[111.732s][info][gc,marking  ] GC(274) Concurrent Scan Root Regions
[111.743s][info][gc,marking  ] GC(274) Concurrent Scan Root Regions 10.955ms
[111.743s][info][gc,marking  ] GC(274) Concurrent Mark
[111.743s][info][gc,marking  ] GC(274) Concurrent Mark From Roots
[111.743s][info][gc,task     ] GC(274) Using 1 workers of 1 for marking
[111.789s][info][gc,marking  ] GC(274) Concurrent Mark From Roots 45.842ms
[111.789s][info][gc,marking  ] GC(274) Concurrent Preclean
[111.789s][info][gc,marking  ] GC(274) Concurrent Preclean 0.057ms
[111.789s][info][gc,start    ] GC(274) Pause Remark
[111.797s][info][gc          ] GC(274) Pause Remark 291M->291M(531M) 8.184ms
[111.797s][info][gc,cpu      ] GC(274) User=0.02s Sys=0.00s Real=0.00s
[111.797s][info][gc,marking  ] GC(274) Concurrent Mark 54.534ms
[111.797s][info][gc,marking  ] GC(274) Concurrent Rebuild Remembered Sets and Scrub Regions
[111.813s][info][gc,marking  ] GC(274) Concurrent Rebuild Remembered Sets and Scrub Regions 15.797ms
[111.813s][info][gc,start    ] GC(274) Pause Cleanup
[111.814s][info][gc          ] GC(274) Pause Cleanup 295M->295M(531M) 0.058ms
[111.814s][info][gc,cpu      ] GC(274) User=0.00s Sys=0.00s Real=0.00s
[111.814s][info][gc,marking  ] GC(274) Concurrent Clear Claimed Marks
[111.814s][info][gc,marking  ] GC(274) Concurrent Clear Claimed Marks 0.081ms
[111.814s][info][gc,marking  ] GC(274) Concurrent Cleanup for Next Mark
[111.815s][info][gc,marking  ] GC(274) Concurrent Cleanup for Next Mark 1.575ms
[111.815s][info][gc          ] GC(274) Concurrent Mark Cycle 83.323ms
[114.747s][info][gc,start    ] GC(275) Pause Young (Prepare Mixed) (G1 Evacuation Pause)
[114.747s][info][gc,task     ] GC(275) Using 2 workers of 2 for evacuation
[114.768s][info][gc,phases   ] GC(275)   Pre Evacuate Collection Set: 0.38ms
[114.769s][info][gc,phases   ] GC(275)   Merge Heap Roots: 0.38ms
[114.769s][info][gc,phases   ] GC(275)   Evacuate Collection Set: 20.14ms
[114.769s][info][gc,phases   ] GC(275)   Post Evacuate Collection Set: 0.76ms
[114.769s][info][gc,phases   ] GC(275)   Other: 0.14ms
[114.769s][info][gc,heap     ] GC(275) Eden regions: 224->0(330)
[114.769s][info][gc,heap     ] GC(275) Survivor regions: 3->19(29)
[114.769s][info][gc,heap     ] GC(275) Old regions: 58->58
[114.769s][info][gc,heap     ] GC(275) Humongous regions: 363->207
[114.769s][info][gc,metaspace] GC(275) Metaspace: 56363K(56704K)->56363K(56704K) NonClass: 50742K(51008K)->50742K(51008K) Class: 5620K(5696K)->5620K(5696K)
[114.769s][info][gc          ] GC(275) Pause Young (Prepare Mixed) (G1 Evacuation Pause) 646M->283M(667M) 22.053ms
[114.769s][info][gc,cpu      ] GC(275) User=0.03s Sys=0.01s Real=0.03s
[115.526s][info][gc,start    ] GC(276) Pause Young (Mixed) (G1 Evacuation Pause)
[115.526s][info][gc,task     ] GC(276) Using 2 workers of 2 for evacuation
[115.539s][info][gc,phases   ] GC(276)   Pre Evacuate Collection Set: 0.26ms
[115.539s][info][gc,phases   ] GC(276)   Merge Heap Roots: 0.12ms
[115.539s][info][gc,phases   ] GC(276)   Evacuate Collection Set: 11.87ms
[115.539s][info][gc,phases   ] GC(276)   Post Evacuate Collection Set: 1.01ms
[115.539s][info][gc,phases   ] GC(276)   Other: 0.11ms
[115.539s][info][gc,heap     ] GC(276) Eden regions: 330->0(294)
[115.540s][info][gc,heap     ] GC(276) Survivor regions: 19->26(44)
[115.540s][info][gc,heap     ] GC(276) Old regions: 58->58
[115.540s][info][gc,heap     ] GC(276) Humongous regions: 207->207
[115.540s][info][gc,metaspace] GC(276) Metaspace: 56363K(56704K)->56363K(56704K) NonClass: 50742K(51008K)->50742K(51008K) Class: 5620K(5696K)->5620K(5696K)
[115.540s][info][gc          ] GC(276) Pause Young (Mixed) (G1 Evacuation Pause) 613M->290M(667M) 13.574ms
[115.540s][info][gc,cpu      ] GC(276) User=0.02s Sys=0.00s Real=0.02s
[116.235s][info][gc,start    ] GC(277) Pause Young (Concurrent Start) (G1 Evacuation Pause)
[116.235s][info][gc,task     ] GC(277) Using 2 workers of 2 for evacuation
[116.246s][info][gc,phases   ] GC(277)   Pre Evacuate Collection Set: 0.31ms
[116.246s][info][gc,phases   ] GC(277)   Merge Heap Roots: 0.11ms
[116.246s][info][gc,phases   ] GC(277)   Evacuate Collection Set: 10.19ms
[116.246s][info][gc,phases   ] GC(277)   Post Evacuate Collection Set: 0.67ms
[116.246s][info][gc,phases   ] GC(277)   Other: 0.10ms
[116.246s][info][gc,heap     ] GC(277) Eden regions: 294->0(309)
[116.246s][info][gc,heap     ] GC(277) Survivor regions: 26->13(40)
[116.246s][info][gc,heap     ] GC(277) Old regions: 58->72
[116.246s][info][gc,heap     ] GC(277) Humongous regions: 207->207
[116.246s][info][gc,metaspace] GC(277) Metaspace: 56363K(56704K)->56363K(56704K) NonClass: 50742K(51008K)->50742K(51008K) Class: 5620K(5696K)->5620K(5696K)
[116.246s][info][gc          ] GC(277) Pause Young (Concurrent Start) (G1 Evacuation Pause) 584M->290M(667M) 11.566ms
[116.246s][info][gc,cpu      ] GC(277) User=0.02s Sys=0.00s Real=0.01s
[116.246s][info][gc          ] GC(278) Concurrent Mark Cycle
[116.249s][info][gc,marking  ] GC(278) Concurrent Scan Root Regions
[116.262s][info][gc,marking  ] GC(278) Concurrent Scan Root Regions 12.616ms
[116.262s][info][gc,marking  ] GC(278) Concurrent Mark
[116.262s][info][gc,marking  ] GC(278) Concurrent Mark From Roots
[116.262s][info][gc,task     ] GC(278) Using 1 workers of 1 for marking
[116.348s][info][gc,marking  ] GC(278) Concurrent Mark From Roots 85.950ms
[116.348s][info][gc,marking  ] GC(278) Concurrent Preclean
[116.348s][info][gc,marking  ] GC(278) Concurrent Preclean 0.050ms
[116.348s][info][gc,start    ] GC(278) Pause Remark
[116.365s][info][gc          ] GC(278) Pause Remark 329M->329M(667M) 16.553ms
[116.365s][info][gc,cpu      ] GC(278) User=0.02s Sys=0.00s Real=0.01s
[116.366s][info][gc,marking  ] GC(278) Concurrent Mark 104.019ms
[116.366s][info][gc,marking  ] GC(278) Concurrent Rebuild Remembered Sets and Scrub Regions
[116.383s][info][gc,marking  ] GC(278) Concurrent Rebuild Remembered Sets and Scrub Regions 16.500ms
[116.383s][info][gc,start    ] GC(278) Pause Cleanup
[116.383s][info][gc          ] GC(278) Pause Cleanup 338M->338M(667M) 0.082ms
[116.383s][info][gc,cpu      ] GC(278) User=0.00s Sys=0.00s Real=0.00s
[116.383s][info][gc,marking  ] GC(278) Concurrent Clear Claimed Marks
[116.383s][info][gc,marking  ] GC(278) Concurrent Clear Claimed Marks 0.109ms
[116.383s][info][gc,marking  ] GC(278) Concurrent Cleanup for Next Mark
[116.387s][info][gc,marking  ] GC(278) Concurrent Cleanup for Next Mark 3.924ms
[116.387s][info][gc          ] GC(278) Concurrent Mark Cycle 140.494ms
[117.015s][info][gc,start    ] GC(279) Pause Young (Prepare Mixed) (G1 Evacuation Pause)
[117.015s][info][gc,task     ] GC(279) Using 2 workers of 2 for evacuation
[117.020s][info][gc,phases   ] GC(279)   Pre Evacuate Collection Set: 0.25ms
[117.021s][info][gc,phases   ] GC(279)   Merge Heap Roots: 0.12ms
[117.021s][info][gc,phases   ] GC(279)   Evacuate Collection Set: 4.01ms
[117.021s][info][gc,phases   ] GC(279)   Post Evacuate Collection Set: 0.63ms
[117.021s][info][gc,phases   ] GC(279)   Other: 0.08ms
[117.021s][info][gc,heap     ] GC(279) Eden regions: 309->0(318)
[117.021s][info][gc,heap     ] GC(279) Survivor regions: 13->11(41)
[117.021s][info][gc,heap     ] GC(279) Old regions: 72->72
[117.021s][info][gc,heap     ] GC(279) Humongous regions: 207->207
[117.021s][info][gc,metaspace] GC(279) Metaspace: 56363K(56704K)->56363K(56704K) NonClass: 50742K(51008K)->50742K(51008K) Class: 5620K(5696K)->5620K(5696K)
[117.021s][info][gc          ] GC(279) Pause Young (Prepare Mixed) (G1 Evacuation Pause) 599M->289M(667M) 5.268ms
[117.021s][info][gc,cpu      ] GC(279) User=0.01s Sys=0.00s Real=0.01s
[117.748s][info][gc,start    ] GC(280) Pause Young (Mixed) (G1 Evacuation Pause)
[117.748s][info][gc,task     ] GC(280) Using 2 workers of 2 for evacuation
[117.754s][info][gc,phases   ] GC(280)   Pre Evacuate Collection Set: 0.26ms
[117.755s][info][gc,phases   ] GC(280)   Merge Heap Roots: 0.13ms
[117.755s][info][gc,phases   ] GC(280)   Evacuate Collection Set: 5.80ms
[117.755s][info][gc,phases   ] GC(280)   Post Evacuate Collection Set: 0.68ms
[117.755s][info][gc,phases   ] GC(280)   Other: 0.08ms
[117.755s][info][gc,heap     ] GC(280) Eden regions: 318->0(326)
[117.755s][info][gc,heap     ] GC(280) Survivor regions: 11->11(42)
[117.755s][info][gc,heap     ] GC(280) Old regions: 72->71
[117.755s][info][gc,heap     ] GC(280) Humongous regions: 207->207
[117.755s][info][gc,metaspace] GC(280) Metaspace: 56363K(56704K)->56363K(56704K) NonClass: 50742K(51008K)->50742K(51008K) Class: 5620K(5696K)->5620K(5696K)
[117.755s][info][gc          ] GC(280) Pause Young (Mixed) (G1 Evacuation Pause) 607M->287M(667M) 7.118ms
[117.755s][info][gc,cpu      ] GC(280) User=0.01s Sys=0.00s Real=0.01s
[118.607s][info][gc,start    ] GC(281) Pause Young (Normal) (G1 Evacuation Pause)
[118.607s][info][gc,task     ] GC(281) Using 2 workers of 2 for evacuation
[118.612s][info][gc,phases   ] GC(281)   Pre Evacuate Collection Set: 0.26ms
[118.612s][info][gc,phases   ] GC(281)   Merge Heap Roots: 0.12ms
[118.612s][info][gc,phases   ] GC(281)   Evacuate Collection Set: 4.33ms
[118.612s][info][gc,phases   ] GC(281)   Post Evacuate Collection Set: 0.65ms
[118.612s][info][gc,phases   ] GC(281)   Other: 0.08ms
[118.612s][info][gc,heap     ] GC(281) Eden regions: 326->0(331)
[118.612s][info][gc,heap     ] GC(281) Survivor regions: 11->12(43)
[118.612s][info][gc,heap     ] GC(281) Old regions: 71->71
[118.612s][info][gc,heap     ] GC(281) Humongous regions: 207->207
[118.612s][info][gc,metaspace] GC(281) Metaspace: 56364K(56704K)->56364K(56704K) NonClass: 50744K(51008K)->50744K(51008K) Class: 5620K(5696K)->5620K(5696K)
[118.612s][info][gc          ] GC(281) Pause Young (Normal) (G1 Evacuation Pause) 613M->288M(667M) 5.598ms
[118.612s][info][gc,cpu      ] GC(281) User=0.01s Sys=0.00s Real=0.01s
[119.339s][info][gc,start    ] GC(282) Pause Young (Normal) (G1 Evacuation Pause)
[119.339s][info][gc,task     ] GC(282) Using 2 workers of 2 for evacuation
[119.345s][info][gc,phases   ] GC(282)   Pre Evacuate Collection Set: 0.26ms
[119.345s][info][gc,phases   ] GC(282)   Merge Heap Roots: 0.12ms
[119.345s][info][gc,phases   ] GC(282)   Evacuate Collection Set: 4.93ms
[119.345s][info][gc,phases   ] GC(282)   Post Evacuate Collection Set: 0.63ms
[119.345s][info][gc,phases   ] GC(282)   Other: 0.10ms
[119.345s][info][gc,heap     ] GC(282) Eden regions: 331->0(331)
[119.345s][info][gc,heap     ] GC(282) Survivor regions: 12->12(43)
[119.345s][info][gc,heap     ] GC(282) Old regions: 71->71
[119.345s][info][gc,heap     ] GC(282) Humongous regions: 207->207
[119.345s][info][gc,metaspace] GC(282) Metaspace: 56364K(56704K)->56364K(56704K) NonClass: 50744K(51008K)->50744K(51008K) Class: 5620K(5696K)->5620K(5696K)
[119.345s][info][gc          ] GC(282) Pause Young (Normal) (G1 Evacuation Pause) 619M->288M(667M) 6.228ms
[119.345s][info][gc,cpu      ] GC(282) User=0.01s Sys=0.00s Real=0.00s
[120.145s][info][gc,start    ] GC(283) Pause Young (Normal) (G1 Evacuation Pause)
[120.145s][info][gc,task     ] GC(283) Using 2 workers of 2 for evacuation
[120.151s][info][gc,phases   ] GC(283)   Pre Evacuate Collection Set: 0.25ms
[120.151s][info][gc,phases   ] GC(283)   Merge Heap Roots: 0.12ms
[120.151s][info][gc,phases   ] GC(283)   Evacuate Collection Set: 4.84ms
[120.151s][info][gc,phases   ] GC(283)   Post Evacuate Collection Set: 0.65ms
[120.151s][info][gc,phases   ] GC(283)   Other: 0.08ms
[120.151s][info][gc,heap     ] GC(283) Eden regions: 331->0(331)
[120.151s][info][gc,heap     ] GC(283) Survivor regions: 12->12(43)
[120.151s][info][gc,heap     ] GC(283) Old regions: 71->71
[120.151s][info][gc,heap     ] GC(283) Humongous regions: 207->207
[120.151s][info][gc,metaspace] GC(283) Metaspace: 56364K(56704K)->56364K(56704K) NonClass: 50744K(51008K)->50744K(51008K) Class: 5620K(5696K)->5620K(5696K)
[120.151s][info][gc          ] GC(283) Pause Young (Normal) (G1 Evacuation Pause) 619M->288M(667M) 6.126ms
[120.151s][info][gc,cpu      ] GC(283) User=0.01s Sys=0.01s Real=0.01s
[120.948s][info][gc,start    ] GC(284) Pause Young (Normal) (G1 Evacuation Pause)
[120.948s][info][gc,task     ] GC(284) Using 2 workers of 2 for evacuation
[120.953s][info][gc,phases   ] GC(284)   Pre Evacuate Collection Set: 0.26ms
[120.953s][info][gc,phases   ] GC(284)   Merge Heap Roots: 0.11ms
[120.953s][info][gc,phases   ] GC(284)   Evacuate Collection Set: 3.84ms
[120.953s][info][gc,phases   ] GC(284)   Post Evacuate Collection Set: 0.68ms
[120.953s][info][gc,phases   ] GC(284)   Other: 0.10ms
[120.953s][info][gc,heap     ] GC(284) Eden regions: 331->0(333)
[120.953s][info][gc,heap     ] GC(284) Survivor regions: 12->11(43)
[120.953s][info][gc,heap     ] GC(284) Old regions: 71->71
[120.953s][info][gc,heap     ] GC(284) Humongous regions: 207->207
[120.953s][info][gc,metaspace] GC(284) Metaspace: 56364K(56704K)->56364K(56704K) NonClass: 50744K(51008K)->50744K(51008K) Class: 5620K(5696K)->5620K(5696K)
[120.953s][info][gc          ] GC(284) Pause Young (Normal) (G1 Evacuation Pause) 619M->288M(667M) 5.158ms
[120.953s][info][gc,cpu      ] GC(284) User=0.01s Sys=0.00s Real=0.00s
[121.750s][info][gc,start    ] GC(285) Pause Young (Concurrent Start) (G1 Evacuation Pause)
[121.750s][info][gc,task     ] GC(285) Using 2 workers of 2 for evacuation
[121.754s][info][gc,phases   ] GC(285)   Pre Evacuate Collection Set: 0.30ms
[121.755s][info][gc,phases   ] GC(285)   Merge Heap Roots: 0.11ms
[121.755s][info][gc,phases   ] GC(285)   Evacuate Collection Set: 3.57ms
[121.755s][info][gc,phases   ] GC(285)   Post Evacuate Collection Set: 0.66ms
[121.755s][info][gc,phases   ] GC(285)   Other: 0.13ms
[121.755s][info][gc,heap     ] GC(285) Eden regions: 333->0(335)
[121.755s][info][gc,heap     ] GC(285) Survivor regions: 11->10(43)
[121.755s][info][gc,heap     ] GC(285) Old regions: 71->71
[121.755s][info][gc,heap     ] GC(285) Humongous regions: 207->207
[121.755s][info][gc,metaspace] GC(285) Metaspace: 56364K(56704K)->56364K(56704K) NonClass: 50744K(51008K)->50744K(51008K) Class: 5620K(5696K)->5620K(5696K)
[121.755s][info][gc          ] GC(285) Pause Young (Concurrent Start) (G1 Evacuation Pause) 621M->287M(667M) 4.928ms
[121.755s][info][gc          ] GC(286) Concurrent Mark Cycle
[121.755s][info][gc,marking  ] GC(286) Concurrent Scan Root Regions
[121.755s][info][gc,cpu      ] GC(285) User=0.01s Sys=0.00s Real=0.00s
[121.756s][info][gc,marking  ] GC(286) Concurrent Scan Root Regions 1.744ms
[121.756s][info][gc,marking  ] GC(286) Concurrent Mark
[121.756s][info][gc,marking  ] GC(286) Concurrent Mark From Roots
[121.756s][info][gc,task     ] GC(286) Using 1 workers of 1 for marking
[121.795s][info][gc,marking  ] GC(286) Concurrent Mark From Roots 38.583ms
[121.795s][info][gc,marking  ] GC(286) Concurrent Preclean
[121.795s][info][gc,marking  ] GC(286) Concurrent Preclean 0.057ms
[121.795s][info][gc,start    ] GC(286) Pause Remark
[121.804s][info][gc          ] GC(286) Pause Remark 289M->265M(667M) 8.719ms
[121.804s][info][gc,cpu      ] GC(286) User=0.02s Sys=0.00s Real=0.01s
[121.804s][info][gc,marking  ] GC(286) Concurrent Mark 48.006ms
[121.804s][info][gc,marking  ] GC(286) Concurrent Rebuild Remembered Sets and Scrub Regions
[121.836s][info][gc,marking  ] GC(286) Concurrent Rebuild Remembered Sets and Scrub Regions 31.398ms
[121.836s][info][gc,start    ] GC(286) Pause Cleanup
[121.836s][info][gc          ] GC(286) Pause Cleanup 290M->290M(667M) 0.061ms
[121.836s][info][gc,cpu      ] GC(286) User=0.00s Sys=0.00s Real=0.00s
[121.836s][info][gc,marking  ] GC(286) Concurrent Clear Claimed Marks
[121.836s][info][gc,marking  ] GC(286) Concurrent Clear Claimed Marks 0.088ms
[121.836s][info][gc,marking  ] GC(286) Concurrent Cleanup for Next Mark
[121.840s][info][gc,marking  ] GC(286) Concurrent Cleanup for Next Mark 3.344ms
[121.840s][info][gc          ] GC(286) Concurrent Mark Cycle 85.227ms
[122.707s][info][gc,start    ] GC(287) Pause Young (Prepare Mixed) (G1 Evacuation Pause)
[122.707s][info][gc,task     ] GC(287) Using 2 workers of 2 for evacuation
[122.712s][info][gc,phases   ] GC(287)   Pre Evacuate Collection Set: 0.36ms
[122.712s][info][gc,phases   ] GC(287)   Merge Heap Roots: 0.15ms
[122.712s][info][gc,phases   ] GC(287)   Evacuate Collection Set: 3.50ms
[122.712s][info][gc,phases   ] GC(287)   Post Evacuate Collection Set: 0.69ms
[122.712s][info][gc,phases   ] GC(287)   Other: 0.08ms
[122.712s][info][gc,heap     ] GC(287) Eden regions: 335->0(358)
[122.712s][info][gc,heap     ] GC(287) Survivor regions: 10->10(44)
[122.712s][info][gc,heap     ] GC(287) Old regions: 47->47
[122.712s][info][gc,heap     ] GC(287) Humongous regions: 207->207
[122.712s][info][gc,metaspace] GC(287) Metaspace: 56365K(56704K)->56365K(56704K) NonClass: 50744K(51008K)->50744K(51008K) Class: 5620K(5696K)->5620K(5696K)
[122.712s][info][gc          ] GC(287) Pause Young (Prepare Mixed) (G1 Evacuation Pause) 598M->262M(667M) 4.974ms
[122.712s][info][gc,cpu      ] GC(287) User=0.01s Sys=0.00s Real=0.01s
[123.536s][info][gc,start    ] GC(288) Pause Young (Mixed) (G1 Evacuation Pause)
[123.536s][info][gc,task     ] GC(288) Using 2 workers of 2 for evacuation
[123.544s][info][gc,phases   ] GC(288)   Pre Evacuate Collection Set: 0.26ms
[123.544s][info][gc,phases   ] GC(288)   Merge Heap Roots: 0.11ms
[123.544s][info][gc,phases   ] GC(288)   Evacuate Collection Set: 6.36ms
[123.544s][info][gc,phases   ] GC(288)   Post Evacuate Collection Set: 0.65ms
[123.544s][info][gc,phases   ] GC(288)   Other: 0.09ms
[123.544s][info][gc,heap     ] GC(288) Eden regions: 358->0(356)
[123.544s][info][gc,heap     ] GC(288) Survivor regions: 10->13(46)
[123.544s][info][gc,heap     ] GC(288) Old regions: 47->44
[123.544s][info][gc,heap     ] GC(288) Humongous regions: 207->207
[123.544s][info][gc,metaspace] GC(288) Metaspace: 56365K(56704K)->56365K(56704K) NonClass: 50744K(51008K)->50744K(51008K) Class: 5620K(5696K)->5620K(5696K)
[123.544s][info][gc          ] GC(288) Pause Young (Mixed) (G1 Evacuation Pause) 620M->262M(667M) 7.653ms
[123.544s][info][gc,cpu      ] GC(288) User=0.01s Sys=0.00s Real=0.01s
[124.419s][info][gc,start    ] GC(289) Pause Young (Normal) (G1 Evacuation Pause)
[124.419s][info][gc,task     ] GC(289) Using 2 workers of 2 for evacuation
[124.425s][info][gc,phases   ] GC(289)   Pre Evacuate Collection Set: 0.25ms
[124.425s][info][gc,phases   ] GC(289)   Merge Heap Roots: 0.12ms
[124.425s][info][gc,phases   ] GC(289)   Evacuate Collection Set: 4.85ms
[124.425s][info][gc,phases   ] GC(289)   Post Evacuate Collection Set: 0.71ms
[124.425s][info][gc,phases   ] GC(289)   Other: 0.08ms
[124.425s][info][gc,heap     ] GC(289) Eden regions: 356->0(358)
[124.425s][info][gc,heap     ] GC(289) Survivor regions: 13->12(47)
[124.425s][info][gc,heap     ] GC(289) Old regions: 44->44
[124.425s][info][gc,heap     ] GC(289) Humongous regions: 207->207
[124.425s][info][gc,metaspace] GC(289) Metaspace: 56365K(56704K)->56365K(56704K) NonClass: 50744K(51008K)->50744K(51008K) Class: 5620K(5696K)->5620K(5696K)
[124.425s][info][gc          ] GC(289) Pause Young (Normal) (G1 Evacuation Pause) 618M->262M(667M) 6.190ms
[124.425s][info][gc,cpu      ] GC(289) User=0.01s Sys=0.00s Real=0.00s
[125.249s][info][gc,start    ] GC(290) Pause Young (Normal) (G1 Evacuation Pause)
[125.249s][info][gc,task     ] GC(290) Using 2 workers of 2 for evacuation
[125.253s][info][gc,phases   ] GC(290)   Pre Evacuate Collection Set: 0.29ms
[125.253s][info][gc,phases   ] GC(290)   Merge Heap Roots: 0.11ms
[125.253s][info][gc,phases   ] GC(290)   Evacuate Collection Set: 3.00ms
[125.253s][info][gc,phases   ] GC(290)   Post Evacuate Collection Set: 0.67ms
[125.253s][info][gc,phases   ] GC(290)   Other: 0.11ms
[125.253s][info][gc,heap     ] GC(290) Eden regions: 358->0(362)
[125.253s][info][gc,heap     ] GC(290) Survivor regions: 12->10(47)
[125.253s][info][gc,heap     ] GC(290) Old regions: 44->44
[125.253s][info][gc,heap     ] GC(290) Humongous regions: 207->207
[125.253s][info][gc,metaspace] GC(290) Metaspace: 56365K(56704K)->56365K(56704K) NonClass: 50744K(51008K)->50744K(51008K) Class: 5620K(5696K)->5620K(5696K)
[125.253s][info][gc          ] GC(290) Pause Young (Normal) (G1 Evacuation Pause) 620M->260M(667M) 4.365ms
[125.253s][info][gc,cpu      ] GC(290) User=0.01s Sys=0.00s Real=0.00s
[126.148s][info][gc,start    ] GC(291) Pause Young (Normal) (G1 Evacuation Pause)
[126.148s][info][gc,task     ] GC(291) Using 2 workers of 2 for evacuation
[126.155s][info][gc,phases   ] GC(291)   Pre Evacuate Collection Set: 0.24ms
[126.155s][info][gc,phases   ] GC(291)   Merge Heap Roots: 0.11ms
[126.155s][info][gc,phases   ] GC(291)   Evacuate Collection Set: 5.37ms
[126.155s][info][gc,phases   ] GC(291)   Post Evacuate Collection Set: 0.66ms
[126.155s][info][gc,phases   ] GC(291)   Other: 0.09ms
[126.155s][info][gc,heap     ] GC(291) Eden regions: 362->0(356)
[126.155s][info][gc,heap     ] GC(291) Survivor regions: 10->13(47)
[126.155s][info][gc,heap     ] GC(291) Old regions: 44->44
[126.155s][info][gc,heap     ] GC(291) Humongous regions: 207->207
[126.155s][info][gc,metaspace] GC(291) Metaspace: 56365K(56704K)->56365K(56704K) NonClass: 50744K(51008K)->50744K(51008K) Class: 5620K(5696K)->5620K(5696K)
[126.155s][info][gc          ] GC(291) Pause Young (Normal) (G1 Evacuation Pause) 622M->262M(667M) 6.665ms
[126.155s][info][gc,cpu      ] GC(291) User=0.01s Sys=0.00s Real=0.00s
[127.058s][info][gc,start    ] GC(292) Pause Young (Concurrent Start) (G1 Evacuation Pause)
[127.059s][info][gc,task     ] GC(292) Using 2 workers of 2 for evacuation
[127.065s][info][gc,phases   ] GC(292)   Pre Evacuate Collection Set: 0.30ms
[127.065s][info][gc,phases   ] GC(292)   Merge Heap Roots: 0.13ms
[127.065s][info][gc,phases   ] GC(292)   Evacuate Collection Set: 5.61ms
[127.065s][info][gc,phases   ] GC(292)   Post Evacuate Collection Set: 0.69ms
[127.065s][info][gc,phases   ] GC(292)   Other: 0.12ms
[127.065s][info][gc,heap     ] GC(292) Eden regions: 356->0(358)
[127.065s][info][gc,heap     ] GC(292) Survivor regions: 13->12(47)
[127.065s][info][gc,heap     ] GC(292) Old regions: 44->44
[127.065s][info][gc,heap     ] GC(292) Humongous regions: 207->207
[127.065s][info][gc,metaspace] GC(292) Metaspace: 56374K(56704K)->56374K(56704K) NonClass: 50754K(51008K)->50754K(51008K) Class: 5620K(5696K)->5620K(5696K)
[127.065s][info][gc          ] GC(292) Pause Young (Concurrent Start) (G1 Evacuation Pause) 618M->261M(667M) 7.026ms
[127.066s][info][gc,cpu      ] GC(292) User=0.01s Sys=0.00s Real=0.00s
[127.066s][info][gc          ] GC(293) Concurrent Mark Cycle
[127.066s][info][gc,marking  ] GC(293) Concurrent Scan Root Regions
[127.074s][info][gc,marking  ] GC(293) Concurrent Scan Root Regions 8.352ms
[127.074s][info][gc,marking  ] GC(293) Concurrent Mark
[127.074s][info][gc,marking  ] GC(293) Concurrent Mark From Roots
[127.074s][info][gc,task     ] GC(293) Using 1 workers of 1 for marking
[127.136s][info][gc,marking  ] GC(293) Concurrent Mark From Roots 61.969ms
[127.136s][info][gc,marking  ] GC(293) Concurrent Preclean
[127.136s][info][gc,marking  ] GC(293) Concurrent Preclean 0.065ms
[127.137s][info][gc,start    ] GC(293) Pause Remark
[127.145s][info][gc          ] GC(293) Pause Remark 303M->303M(667M) 8.347ms
[127.145s][info][gc,cpu      ] GC(293) User=0.01s Sys=0.01s Real=0.01s
[127.146s][info][gc,marking  ] GC(293) Concurrent Mark 71.643ms
[127.146s][info][gc,marking  ] GC(293) Concurrent Rebuild Remembered Sets and Scrub Regions
[127.173s][info][gc,marking  ] GC(293) Concurrent Rebuild Remembered Sets and Scrub Regions 26.677ms
[127.173s][info][gc,start    ] GC(293) Pause Cleanup
[127.173s][info][gc          ] GC(293) Pause Cleanup 319M->319M(667M) 0.062ms
[127.173s][info][gc,cpu      ] GC(293) User=0.00s Sys=0.00s Real=0.00s
[127.173s][info][gc,marking  ] GC(293) Concurrent Clear Claimed Marks
[127.173s][info][gc,marking  ] GC(293) Concurrent Clear Claimed Marks 0.096ms
[127.173s][info][gc,marking  ] GC(293) Concurrent Cleanup for Next Mark
[127.175s][info][gc,marking  ] GC(293) Concurrent Cleanup for Next Mark 2.032ms
[127.175s][info][gc          ] GC(293) Concurrent Mark Cycle 109.349ms
[127.908s][info][gc,start    ] GC(294) Pause Young (Prepare Mixed) (G1 Evacuation Pause)
[127.908s][info][gc,task     ] GC(294) Using 2 workers of 2 for evacuation
[127.912s][info][gc,phases   ] GC(294)   Pre Evacuate Collection Set: 0.25ms
[127.912s][info][gc,phases   ] GC(294)   Merge Heap Roots: 0.13ms
[127.912s][info][gc,phases   ] GC(294)   Evacuate Collection Set: 3.41ms
[127.912s][info][gc,phases   ] GC(294)   Post Evacuate Collection Set: 0.70ms
[127.912s][info][gc,phases   ] GC(294)   Other: 0.11ms
[127.912s][info][gc,heap     ] GC(294) Eden regions: 358->0(369)
[127.912s][info][gc,heap     ] GC(294) Survivor regions: 12->2(47)
[127.912s][info][gc,heap     ] GC(294) Old regions: 44->53
[127.912s][info][gc,heap     ] GC(294) Humongous regions: 207->207
[127.912s][info][gc,metaspace] GC(294) Metaspace: 56374K(56704K)->56374K(56704K) NonClass: 50754K(51008K)->50754K(51008K) Class: 5620K(5696K)->5620K(5696K)
[127.912s][info][gc          ] GC(294) Pause Young (Prepare Mixed) (G1 Evacuation Pause) 619M->260M(667M) 4.779ms
[127.913s][info][gc,cpu      ] GC(294) User=0.01s Sys=0.00s Real=0.01s
[128.808s][info][gc,start    ] GC(295) Pause Young (Mixed) (G1 Evacuation Pause)
[128.808s][info][gc,task     ] GC(295) Using 2 workers of 2 for evacuation
[128.811s][info][gc,phases   ] GC(295)   Pre Evacuate Collection Set: 0.25ms
[128.811s][info][gc,phases   ] GC(295)   Merge Heap Roots: 0.11ms
[128.811s][info][gc,phases   ] GC(295)   Evacuate Collection Set: 2.03ms
[128.811s][info][gc,phases   ] GC(295)   Post Evacuate Collection Set: 0.64ms
[128.811s][info][gc,phases   ] GC(295)   Other: 0.11ms
[128.811s][info][gc,heap     ] GC(295) Eden regions: 369->0(373)
[128.811s][info][gc,heap     ] GC(295) Survivor regions: 2->1(47)
[128.811s][info][gc,heap     ] GC(295) Old regions: 53->51
[128.811s][info][gc,heap     ] GC(295) Humongous regions: 207->207
[128.811s][info][gc,metaspace] GC(295) Metaspace: 56374K(56704K)->56374K(56704K) NonClass: 50754K(51008K)->50754K(51008K) Class: 5620K(5696K)->5620K(5696K)
[128.811s][info][gc          ] GC(295) Pause Young (Mixed) (G1 Evacuation Pause) 629M->258M(667M) 3.302ms
[128.811s][info][gc,cpu      ] GC(295) User=0.01s Sys=0.00s Real=0.00s
[129.709s][info][gc,start    ] GC(296) Pause Young (Concurrent Start) (G1 Evacuation Pause)
[129.709s][info][gc,task     ] GC(296) Using 2 workers of 2 for evacuation
[129.712s][info][gc,phases   ] GC(296)   Pre Evacuate Collection Set: 0.31ms
[129.712s][info][gc,phases   ] GC(296)   Merge Heap Roots: 0.11ms
[129.712s][info][gc,phases   ] GC(296)   Evacuate Collection Set: 2.32ms
[129.712s][info][gc,phases   ] GC(296)   Post Evacuate Collection Set: 0.63ms
[129.712s][info][gc,phases   ] GC(296)   Other: 0.12ms
[129.712s][info][gc,heap     ] GC(296) Eden regions: 373->0(373)
[129.712s][info][gc,heap     ] GC(296) Survivor regions: 1->1(47)
[129.712s][info][gc,heap     ] GC(296) Old regions: 51->51
[129.712s][info][gc,heap     ] GC(296) Humongous regions: 207->207
[129.712s][info][gc,metaspace] GC(296) Metaspace: 56374K(56704K)->56374K(56704K) NonClass: 50754K(51008K)->50754K(51008K) Class: 5620K(5696K)->5620K(5696K)
[129.712s][info][gc          ] GC(296) Pause Young (Concurrent Start) (G1 Evacuation Pause) 631M->258M(667M) 3.646ms
[129.712s][info][gc,cpu      ] GC(296) User=0.01s Sys=0.00s Real=0.00s
[129.712s][info][gc          ] GC(297) Concurrent Mark Cycle
[129.712s][info][gc,marking  ] GC(297) Concurrent Scan Root Regions
[129.716s][info][gc,marking  ] GC(297) Concurrent Scan Root Regions 3.590ms
[129.716s][info][gc,marking  ] GC(297) Concurrent Mark
[129.716s][info][gc,marking  ] GC(297) Concurrent Mark From Roots
[129.716s][info][gc,task     ] GC(297) Using 1 workers of 1 for marking
[129.782s][info][gc,marking  ] GC(297) Concurrent Mark From Roots 66.515ms
[129.783s][info][gc,marking  ] GC(297) Concurrent Preclean
[129.783s][info][gc,marking  ] GC(297) Concurrent Preclean 0.061ms
[129.783s][info][gc,start    ] GC(297) Pause Remark
[129.791s][info][gc          ] GC(297) Pause Remark 298M->298M(667M) 8.237ms
[129.791s][info][gc,cpu      ] GC(297) User=0.02s Sys=0.00s Real=0.01s
[129.791s][info][gc,marking  ] GC(297) Concurrent Mark 75.025ms
[129.791s][info][gc,marking  ] GC(297) Concurrent Rebuild Remembered Sets and Scrub Regions
[129.807s][info][gc,marking  ] GC(297) Concurrent Rebuild Remembered Sets and Scrub Regions 16.136ms
[129.807s][info][gc,start    ] GC(297) Pause Cleanup
[129.807s][info][gc          ] GC(297) Pause Cleanup 299M->299M(667M) 0.052ms
[129.807s][info][gc,cpu      ] GC(297) User=0.00s Sys=0.00s Real=0.00s
[129.807s][info][gc,marking  ] GC(297) Concurrent Clear Claimed Marks
[129.807s][info][gc,marking  ] GC(297) Concurrent Clear Claimed Marks 0.078ms
[129.807s][info][gc,marking  ] GC(297) Concurrent Cleanup for Next Mark
[129.809s][info][gc,marking  ] GC(297) Concurrent Cleanup for Next Mark 1.977ms
[129.809s][info][gc          ] GC(297) Concurrent Mark Cycle 97.208ms
[130.612s][info][gc,start    ] GC(298) Pause Young (Prepare Mixed) (G1 Evacuation Pause)
[130.612s][info][gc,task     ] GC(298) Using 2 workers of 2 for evacuation
[130.616s][info][gc,phases   ] GC(298)   Pre Evacuate Collection Set: 0.24ms
[130.616s][info][gc,phases   ] GC(298)   Merge Heap Roots: 0.12ms
[130.616s][info][gc,phases   ] GC(298)   Evacuate Collection Set: 2.58ms
[130.616s][info][gc,phases   ] GC(298)   Post Evacuate Collection Set: 0.67ms
[130.616s][info][gc,phases   ] GC(298)   Other: 0.08ms
[130.616s][info][gc,heap     ] GC(298) Eden regions: 373->0(371)
[130.616s][info][gc,heap     ] GC(298) Survivor regions: 1->2(47)
[130.616s][info][gc,heap     ] GC(298) Old regions: 51->51
[130.616s][info][gc,heap     ] GC(298) Humongous regions: 207->207
[130.616s][info][gc,metaspace] GC(298) Metaspace: 56375K(56704K)->56375K(56704K) NonClass: 50754K(51008K)->50754K(51008K) Class: 5620K(5696K)->5620K(5696K)
[130.616s][info][gc          ] GC(298) Pause Young (Prepare Mixed) (G1 Evacuation Pause) 631M->258M(667M) 3.869ms
[130.616s][info][gc,cpu      ] GC(298) User=0.00s Sys=0.00s Real=0.00s
[131.513s][info][gc,start    ] GC(299) Pause Young (Mixed) (G1 Evacuation Pause)
[131.513s][info][gc,task     ] GC(299) Using 2 workers of 2 for evacuation
[131.517s][info][gc,phases   ] GC(299)   Pre Evacuate Collection Set: 0.25ms
[131.517s][info][gc,phases   ] GC(299)   Merge Heap Roots: 0.11ms
[131.517s][info][gc,phases   ] GC(299)   Evacuate Collection Set: 3.10ms
[131.517s][info][gc,phases   ] GC(299)   Post Evacuate Collection Set: 0.67ms
[131.517s][info][gc,phases   ] GC(299)   Other: 0.08ms
[131.517s][info][gc,heap     ] GC(299) Eden regions: 371->0(373)
[131.517s][info][gc,heap     ] GC(299) Survivor regions: 2->2(47)
[131.517s][info][gc,heap     ] GC(299) Old regions: 51->49
[131.517s][info][gc,heap     ] GC(299) Humongous regions: 207->207
[131.517s][info][gc,metaspace] GC(299) Metaspace: 56375K(56704K)->56375K(56704K) NonClass: 50754K(51008K)->50754K(51008K) Class: 5620K(5696K)->5620K(5696K)
[131.517s][info][gc          ] GC(299) Pause Young (Mixed) (G1 Evacuation Pause) 629M->256M(667M) 4.376ms
[131.517s][info][gc,cpu      ] GC(299) User=0.01s Sys=0.00s Real=0.00s
[132.415s][info][gc,start    ] GC(300) Pause Young (Concurrent Start) (G1 Evacuation Pause)
[132.415s][info][gc,task     ] GC(300) Using 2 workers of 2 for evacuation
[132.419s][info][gc,phases   ] GC(300)   Pre Evacuate Collection Set: 0.27ms
[132.419s][info][gc,phases   ] GC(300)   Merge Heap Roots: 0.11ms
[132.419s][info][gc,phases   ] GC(300)   Evacuate Collection Set: 3.30ms
[132.419s][info][gc,phases   ] GC(300)   Post Evacuate Collection Set: 0.85ms
[132.419s][info][gc,phases   ] GC(300)   Other: 0.10ms
[132.419s][info][gc,heap     ] GC(300) Eden regions: 373->0(373)
[132.419s][info][gc,heap     ] GC(300) Survivor regions: 2->2(47)
[132.419s][info][gc,heap     ] GC(300) Old regions: 49->49
[132.419s][info][gc,heap     ] GC(300) Humongous regions: 207->207
[132.419s][info][gc,metaspace] GC(300) Metaspace: 56375K(56704K)->56375K(56704K) NonClass: 50754K(51008K)->50754K(51008K) Class: 5620K(5696K)->5620K(5696K)
[132.419s][info][gc          ] GC(300) Pause Young (Concurrent Start) (G1 Evacuation Pause) 629M->257M(667M) 4.813ms
[132.419s][info][gc          ] GC(301) Concurrent Mark Cycle
[132.419s][info][gc,marking  ] GC(301) Concurrent Scan Root Regions
[132.421s][info][gc,cpu      ] GC(300) User=0.01s Sys=0.00s Real=0.01s
[132.422s][info][gc,marking  ] GC(301) Concurrent Scan Root Regions 2.134ms
[132.422s][info][gc,marking  ] GC(301) Concurrent Mark
[132.422s][info][gc,marking  ] GC(301) Concurrent Mark From Roots
[132.422s][info][gc,task     ] GC(301) Using 1 workers of 1 for marking
[132.468s][info][gc,marking  ] GC(301) Concurrent Mark From Roots 46.047ms
[132.468s][info][gc,marking  ] GC(301) Concurrent Preclean
[132.468s][info][gc,marking  ] GC(301) Concurrent Preclean 0.061ms
[132.468s][info][gc,start    ] GC(301) Pause Remark
[132.476s][info][gc          ] GC(301) Pause Remark 286M->286M(667M) 8.276ms
[132.476s][info][gc,cpu      ] GC(301) User=0.01s Sys=0.00s Real=0.01s
[132.476s][info][gc,marking  ] GC(301) Concurrent Mark 54.679ms
[132.476s][info][gc,marking  ] GC(301) Concurrent Rebuild Remembered Sets and Scrub Regions
[132.497s][info][gc,marking  ] GC(301) Concurrent Rebuild Remembered Sets and Scrub Regions 20.855ms
[132.497s][info][gc,start    ] GC(301) Pause Cleanup
[132.497s][info][gc          ] GC(301) Pause Cleanup 291M->291M(667M) 0.065ms
[132.497s][info][gc,cpu      ] GC(301) User=0.00s Sys=0.00s Real=0.00s
[132.497s][info][gc,marking  ] GC(301) Concurrent Clear Claimed Marks
[132.497s][info][gc,marking  ] GC(301) Concurrent Clear Claimed Marks 0.084ms
[132.497s][info][gc,marking  ] GC(301) Concurrent Cleanup for Next Mark
[132.500s][info][gc,marking  ] GC(301) Concurrent Cleanup for Next Mark 2.202ms
[132.500s][info][gc          ] GC(301) Concurrent Mark Cycle 80.255ms
[133.318s][info][gc,start    ] GC(302) Pause Young (Prepare Mixed) (G1 Evacuation Pause)
[133.319s][info][gc,task     ] GC(302) Using 2 workers of 2 for evacuation
[133.323s][info][gc,phases   ] GC(302)   Pre Evacuate Collection Set: 0.25ms
[133.323s][info][gc,phases   ] GC(302)   Merge Heap Roots: 0.16ms
[133.323s][info][gc,phases   ] GC(302)   Evacuate Collection Set: 3.46ms
[133.323s][info][gc,phases   ] GC(302)   Post Evacuate Collection Set: 0.69ms
[133.323s][info][gc,phases   ] GC(302)   Other: 0.08ms
[133.323s][info][gc,heap     ] GC(302) Eden regions: 373->0(373)
[133.323s][info][gc,heap     ] GC(302) Survivor regions: 2->2(47)
[133.323s][info][gc,heap     ] GC(302) Old regions: 49->49
[133.323s][info][gc,heap     ] GC(302) Humongous regions: 207->207
[133.323s][info][gc,metaspace] GC(302) Metaspace: 56375K(56704K)->56375K(56704K) NonClass: 50754K(51008K)->50754K(51008K) Class: 5620K(5696K)->5620K(5696K)
[133.323s][info][gc          ] GC(302) Pause Young (Prepare Mixed) (G1 Evacuation Pause) 630M->257M(667M) 4.811ms
[133.323s][info][gc,cpu      ] GC(302) User=0.00s Sys=0.00s Real=0.00s
[134.233s][info][gc,start    ] GC(303) Pause Young (Mixed) (G1 Evacuation Pause)
[134.233s][info][gc,task     ] GC(303) Using 2 workers of 2 for evacuation
[134.239s][info][gc,phases   ] GC(303)   Pre Evacuate Collection Set: 0.30ms
[134.239s][info][gc,phases   ] GC(303)   Merge Heap Roots: 0.11ms
[134.239s][info][gc,phases   ] GC(303)   Evacuate Collection Set: 5.11ms
[134.239s][info][gc,phases   ] GC(303)   Post Evacuate Collection Set: 0.65ms
[134.239s][info][gc,phases   ] GC(303)   Other: 0.08ms
[134.239s][info][gc,heap     ] GC(303) Eden regions: 373->0(371)
[134.239s][info][gc,heap     ] GC(303) Survivor regions: 2->4(47)
[134.239s][info][gc,heap     ] GC(303) Old regions: 49->47
[134.239s][info][gc,heap     ] GC(303) Humongous regions: 207->207
[134.239s][info][gc,metaspace] GC(303) Metaspace: 56376K(56704K)->56376K(56704K) NonClass: 50755K(51008K)->50755K(51008K) Class: 5620K(5696K)->5620K(5696K)
[134.239s][info][gc          ] GC(303) Pause Young (Mixed) (G1 Evacuation Pause) 630M->257M(667M) 6.454ms
[134.239s][info][gc,cpu      ] GC(303) User=0.01s Sys=0.00s Real=0.01s
[135.119s][info][gc,start    ] GC(304) Pause Young (Concurrent Start) (G1 Evacuation Pause)
[135.119s][info][gc,task     ] GC(304) Using 2 workers of 2 for evacuation
[135.124s][info][gc,phases   ] GC(304)   Pre Evacuate Collection Set: 0.28ms
[135.124s][info][gc,phases   ] GC(304)   Merge Heap Roots: 0.12ms
[135.124s][info][gc,phases   ] GC(304)   Evacuate Collection Set: 3.82ms
[135.124s][info][gc,phases   ] GC(304)   Post Evacuate Collection Set: 0.66ms
[135.124s][info][gc,phases   ] GC(304)   Other: 0.10ms
[135.124s][info][gc,heap     ] GC(304) Eden regions: 371->0(373)
[135.124s][info][gc,heap     ] GC(304) Survivor regions: 4->3(47)
[135.124s][info][gc,heap     ] GC(304) Old regions: 47->47
[135.124s][info][gc,heap     ] GC(304) Humongous regions: 207->207
[135.124s][info][gc,metaspace] GC(304) Metaspace: 56376K(56704K)->56376K(56704K) NonClass: 50755K(51008K)->50755K(51008K) Class: 5620K(5696K)->5620K(5696K)
[135.124s][info][gc          ] GC(304) Pause Young (Concurrent Start) (G1 Evacuation Pause) 628M->256M(667M) 5.148ms
[135.124s][info][gc,cpu      ] GC(304) User=0.01s Sys=0.00s Real=0.00s
[135.124s][info][gc          ] GC(305) Concurrent Mark Cycle
[135.124s][info][gc,marking  ] GC(305) Concurrent Scan Root Regions
[135.127s][info][gc,marking  ] GC(305) Concurrent Scan Root Regions 2.613ms
[135.127s][info][gc,marking  ] GC(305) Concurrent Mark
[135.127s][info][gc,marking  ] GC(305) Concurrent Mark From Roots
[135.127s][info][gc,task     ] GC(305) Using 1 workers of 1 for marking
[135.171s][info][gc,marking  ] GC(305) Concurrent Mark From Roots 43.450ms
[135.171s][info][gc,marking  ] GC(305) Concurrent Preclean
[135.171s][info][gc,marking  ] GC(305) Concurrent Preclean 0.061ms
[135.171s][info][gc,start    ] GC(305) Pause Remark
[135.179s][info][gc          ] GC(305) Pause Remark 283M->283M(667M) 8.299ms
[135.179s][info][gc,cpu      ] GC(305) User=0.01s Sys=0.00s Real=0.01s
[135.180s][info][gc,marking  ] GC(305) Concurrent Mark 52.439ms
[135.180s][info][gc,marking  ] GC(305) Concurrent Rebuild Remembered Sets and Scrub Regions
[135.196s][info][gc,marking  ] GC(305) Concurrent Rebuild Remembered Sets and Scrub Regions 16.025ms
[135.196s][info][gc,start    ] GC(305) Pause Cleanup
[135.196s][info][gc          ] GC(305) Pause Cleanup 287M->287M(667M) 0.077ms
[135.196s][info][gc,cpu      ] GC(305) User=0.00s Sys=0.00s Real=0.00s
[135.196s][info][gc,marking  ] GC(305) Concurrent Clear Claimed Marks
[135.196s][info][gc,marking  ] GC(305) Concurrent Clear Claimed Marks 0.086ms
[135.196s][info][gc,marking  ] GC(305) Concurrent Cleanup for Next Mark
[135.198s][info][gc,marking  ] GC(305) Concurrent Cleanup for Next Mark 2.126ms
[135.198s][info][gc          ] GC(305) Concurrent Mark Cycle 74.276ms
[136.023s][info][gc,start    ] GC(306) Pause Young (Prepare Mixed) (G1 Evacuation Pause)
[136.023s][info][gc,task     ] GC(306) Using 2 workers of 2 for evacuation
[136.028s][info][gc,phases   ] GC(306)   Pre Evacuate Collection Set: 0.25ms
[136.028s][info][gc,phases   ] GC(306)   Merge Heap Roots: 0.12ms
[136.028s][info][gc,phases   ] GC(306)   Evacuate Collection Set: 3.81ms
[136.028s][info][gc,phases   ] GC(306)   Post Evacuate Collection Set: 0.67ms
[136.028s][info][gc,phases   ] GC(306)   Other: 0.10ms
[136.028s][info][gc,heap     ] GC(306) Eden regions: 373->0(375)
[136.028s][info][gc,heap     ] GC(306) Survivor regions: 3->2(47)
[136.028s][info][gc,heap     ] GC(306) Old regions: 47->47
[136.028s][info][gc,heap     ] GC(306) Humongous regions: 207->207
[136.028s][info][gc,metaspace] GC(306) Metaspace: 56376K(56704K)->56376K(56704K) NonClass: 50755K(51008K)->50755K(51008K) Class: 5620K(5696K)->5620K(5696K)
[136.028s][info][gc          ] GC(306) Pause Young (Prepare Mixed) (G1 Evacuation Pause) 629M->255M(667M) 5.138ms
[136.028s][info][gc,cpu      ] GC(306) User=0.00s Sys=0.00s Real=0.01s
[136.924s][info][gc,start    ] GC(307) Pause Young (Mixed) (G1 Evacuation Pause)
[136.924s][info][gc,task     ] GC(307) Using 2 workers of 2 for evacuation
[136.931s][info][gc,phases   ] GC(307)   Pre Evacuate Collection Set: 0.25ms
[136.931s][info][gc,phases   ] GC(307)   Merge Heap Roots: 0.12ms
[136.931s][info][gc,phases   ] GC(307)   Evacuate Collection Set: 5.65ms
[136.931s][info][gc,phases   ] GC(307)   Post Evacuate Collection Set: 0.70ms
[136.931s][info][gc,phases   ] GC(307)   Other: 0.08ms
[136.931s][info][gc,heap     ] GC(307) Eden regions: 375->0(374)
[136.931s][info][gc,heap     ] GC(307) Survivor regions: 2->3(48)
[136.931s][info][gc,heap     ] GC(307) Old regions: 47->46
[136.931s][info][gc,heap     ] GC(307) Humongous regions: 207->207
[136.931s][info][gc,metaspace] GC(307) Metaspace: 56376K(56704K)->56376K(56704K) NonClass: 50755K(51008K)->50755K(51008K) Class: 5620K(5696K)->5620K(5696K)
[136.931s][info][gc          ] GC(307) Pause Young (Mixed) (G1 Evacuation Pause) 630M->255M(667M) 6.958ms
[136.931s][info][gc,cpu      ] GC(307) User=0.01s Sys=0.00s Real=0.01s
[137.824s][info][gc,start    ] GC(308) Pause Young (Concurrent Start) (G1 Evacuation Pause)
[137.824s][info][gc,task     ] GC(308) Using 2 workers of 2 for evacuation
[137.829s][info][gc,phases   ] GC(308)   Pre Evacuate Collection Set: 0.30ms
[137.829s][info][gc,phases   ] GC(308)   Merge Heap Roots: 0.13ms
[137.829s][info][gc,phases   ] GC(308)   Evacuate Collection Set: 4.07ms
[137.829s][info][gc,phases   ] GC(308)   Post Evacuate Collection Set: 0.69ms
[137.829s][info][gc,phases   ] GC(308)   Other: 0.11ms
[137.829s][info][gc,heap     ] GC(308) Eden regions: 374->0(374)
[137.829s][info][gc,heap     ] GC(308) Survivor regions: 3->3(48)
[137.829s][info][gc,heap     ] GC(308) Old regions: 46->46
[137.829s][info][gc,heap     ] GC(308) Humongous regions: 207->207
[137.829s][info][gc,metaspace] GC(308) Metaspace: 56378K(56704K)->56378K(56704K) NonClass: 50758K(51008K)->50758K(51008K) Class: 5620K(5696K)->5620K(5696K)
[137.829s][info][gc          ] GC(308) Pause Young (Concurrent Start) (G1 Evacuation Pause) 629M->255M(667M) 5.468ms
[137.829s][info][gc,cpu      ] GC(308) User=0.01s Sys=0.00s Real=0.01s
[137.829s][info][gc          ] GC(309) Concurrent Mark Cycle
[137.829s][info][gc,marking  ] GC(309) Concurrent Scan Root Regions
[137.834s][info][gc,marking  ] GC(309) Concurrent Scan Root Regions 4.721ms
[137.834s][info][gc,marking  ] GC(309) Concurrent Mark
[137.834s][info][gc,marking  ] GC(309) Concurrent Mark From Roots
[137.834s][info][gc,task     ] GC(309) Using 1 workers of 1 for marking
[137.884s][info][gc,marking  ] GC(309) Concurrent Mark From Roots 50.247ms
[137.884s][info][gc,marking  ] GC(309) Concurrent Preclean
[137.884s][info][gc,marking  ] GC(309) Concurrent Preclean 0.060ms
[137.885s][info][gc,start    ] GC(309) Pause Remark
[137.893s][info][gc          ] GC(309) Pause Remark 282M->282M(667M) 8.266ms
[137.893s][info][gc,cpu      ] GC(309) User=0.02s Sys=0.00s Real=0.01s
[137.893s][info][gc,marking  ] GC(309) Concurrent Mark 59.076ms
[137.893s][info][gc,marking  ] GC(309) Concurrent Rebuild Remembered Sets and Scrub Regions
[137.913s][info][gc,marking  ] GC(309) Concurrent Rebuild Remembered Sets and Scrub Regions 19.600ms
[137.913s][info][gc,start    ] GC(309) Pause Cleanup
[137.913s][info][gc          ] GC(309) Pause Cleanup 287M->287M(667M) 0.063ms
[137.913s][info][gc,cpu      ] GC(309) User=0.00s Sys=0.00s Real=0.00s
[137.913s][info][gc,marking  ] GC(309) Concurrent Clear Claimed Marks
[137.913s][info][gc,marking  ] GC(309) Concurrent Clear Claimed Marks 0.082ms
[137.913s][info][gc,marking  ] GC(309) Concurrent Cleanup for Next Mark
[137.919s][info][gc,marking  ] GC(309) Concurrent Cleanup for Next Mark 5.720ms
[137.919s][info][gc          ] GC(309) Concurrent Mark Cycle 89.884ms
[138.725s][info][gc,start    ] GC(310) Pause Young (Prepare Mixed) (G1 Evacuation Pause)
[138.725s][info][gc,task     ] GC(310) Using 2 workers of 2 for evacuation
[138.730s][info][gc,phases   ] GC(310)   Pre Evacuate Collection Set: 0.25ms
[138.730s][info][gc,phases   ] GC(310)   Merge Heap Roots: 0.12ms
[138.730s][info][gc,phases   ] GC(310)   Evacuate Collection Set: 4.03ms
[138.730s][info][gc,phases   ] GC(310)   Post Evacuate Collection Set: 0.66ms
[138.730s][info][gc,phases   ] GC(310)   Other: 0.08ms
[138.730s][info][gc,heap     ] GC(310) Eden regions: 374->0(374)
[138.730s][info][gc,heap     ] GC(310) Survivor regions: 3->3(48)
[138.730s][info][gc,heap     ] GC(310) Old regions: 46->46
[138.730s][info][gc,heap     ] GC(310) Humongous regions: 207->207
[138.730s][info][gc,metaspace] GC(310) Metaspace: 56378K(56704K)->56378K(56704K) NonClass: 50758K(51008K)->50758K(51008K) Class: 5620K(5696K)->5620K(5696K)
[138.730s][info][gc          ] GC(310) Pause Young (Prepare Mixed) (G1 Evacuation Pause) 629M->255M(667M) 5.309ms
[138.730s][info][gc,cpu      ] GC(310) User=0.01s Sys=0.00s Real=0.01s
[139.625s][info][gc,start    ] GC(311) Pause Young (Mixed) (G1 Evacuation Pause)
[139.625s][info][gc,task     ] GC(311) Using 2 workers of 2 for evacuation
[139.633s][info][gc,phases   ] GC(311)   Pre Evacuate Collection Set: 0.25ms
[139.633s][info][gc,phases   ] GC(311)   Merge Heap Roots: 0.14ms
[139.633s][info][gc,phases   ] GC(311)   Evacuate Collection Set: 6.05ms
[139.633s][info][gc,phases   ] GC(311)   Post Evacuate Collection Set: 0.72ms
[139.633s][info][gc,phases   ] GC(311)   Other: 0.08ms
[139.633s][info][gc,heap     ] GC(311) Eden regions: 374->0(375)
[139.633s][info][gc,heap     ] GC(311) Survivor regions: 3->3(48)
[139.633s][info][gc,heap     ] GC(311) Old regions: 46->45
[139.633s][info][gc,heap     ] GC(311) Humongous regions: 207->207
[139.633s][info][gc,metaspace] GC(311) Metaspace: 56379K(56704K)->56379K(56704K) NonClass: 50759K(51008K)->50759K(51008K) Class: 5620K(5696K)->5620K(5696K)
[139.633s][info][gc          ] GC(311) Pause Young (Mixed) (G1 Evacuation Pause) 629M->254M(667M) 7.405ms
[139.633s][info][gc,cpu      ] GC(311) User=0.01s Sys=0.00s Real=0.01s
[140.531s][info][gc,start    ] GC(312) Pause Young (Concurrent Start) (G1 Evacuation Pause)
[140.531s][info][gc,task     ] GC(312) Using 2 workers of 2 for evacuation
[140.537s][info][gc,phases   ] GC(312)   Pre Evacuate Collection Set: 0.28ms
[140.537s][info][gc,phases   ] GC(312)   Merge Heap Roots: 0.11ms
[140.537s][info][gc,phases   ] GC(312)   Evacuate Collection Set: 5.18ms
[140.537s][info][gc,phases   ] GC(312)   Post Evacuate Collection Set: 0.66ms
[140.537s][info][gc,phases   ] GC(312)   Other: 0.12ms
[140.537s][info][gc,heap     ] GC(312) Eden regions: 375->0(372)
[140.537s][info][gc,heap     ] GC(312) Survivor regions: 3->4(48)
[140.537s][info][gc,heap     ] GC(312) Old regions: 45->46
[140.537s][info][gc,heap     ] GC(312) Humongous regions: 207->207
[140.537s][info][gc,metaspace] GC(312) Metaspace: 56379K(56704K)->56379K(56704K) NonClass: 50759K(51008K)->50759K(51008K) Class: 5620K(5696K)->5620K(5696K)
[140.537s][info][gc          ] GC(312) Pause Young (Concurrent Start) (G1 Evacuation Pause) 629M->255M(667M) 6.528ms
[140.537s][info][gc,cpu      ] GC(312) User=0.01s Sys=0.00s Real=0.00s
[140.537s][info][gc          ] GC(313) Concurrent Mark Cycle
[140.537s][info][gc,marking  ] GC(313) Concurrent Scan Root Regions
[140.542s][info][gc,marking  ] GC(313) Concurrent Scan Root Regions 4.883ms
[140.542s][info][gc,marking  ] GC(313) Concurrent Mark
[140.542s][info][gc,marking  ] GC(313) Concurrent Mark From Roots
[140.542s][info][gc,task     ] GC(313) Using 1 workers of 1 for marking
[140.589s][info][gc,marking  ] GC(313) Concurrent Mark From Roots 46.585ms
[140.589s][info][gc,marking  ] GC(313) Concurrent Preclean
[140.589s][info][gc,marking  ] GC(313) Concurrent Preclean 0.065ms
[140.589s][info][gc,start    ] GC(313) Pause Remark
[140.597s][info][gc          ] GC(313) Pause Remark 272M->272M(667M) 8.228ms
[140.597s][info][gc,cpu      ] GC(313) User=0.02s Sys=0.00s Real=0.00s
[140.597s][info][gc,marking  ] GC(313) Concurrent Mark 55.243ms
[140.597s][info][gc,marking  ] GC(313) Concurrent Rebuild Remembered Sets and Scrub Regions
[140.613s][info][gc,marking  ] GC(313) Concurrent Rebuild Remembered Sets and Scrub Regions 15.591ms
[140.613s][info][gc,start    ] GC(313) Pause Cleanup
[140.613s][info][gc          ] GC(313) Pause Cleanup 275M->275M(667M) 0.053ms
[140.613s][info][gc,cpu      ] GC(313) User=0.00s Sys=0.00s Real=0.00s
[140.613s][info][gc,marking  ] GC(313) Concurrent Clear Claimed Marks
[140.613s][info][gc,marking  ] GC(313) Concurrent Clear Claimed Marks 0.083ms
[140.613s][info][gc,marking  ] GC(313) Concurrent Cleanup for Next Mark
[140.615s][info][gc,marking  ] GC(313) Concurrent Cleanup for Next Mark 1.975ms
[140.615s][info][gc          ] GC(313) Concurrent Mark Cycle 78.112ms
[141.437s][info][gc,start    ] GC(314) Pause Young (Prepare Mixed) (G1 Evacuation Pause)
[141.437s][info][gc,task     ] GC(314) Using 2 workers of 2 for evacuation
[141.442s][info][gc,phases   ] GC(314)   Pre Evacuate Collection Set: 0.26ms
[141.442s][info][gc,phases   ] GC(314)   Merge Heap Roots: 0.14ms
[141.442s][info][gc,phases   ] GC(314)   Evacuate Collection Set: 3.34ms
[141.442s][info][gc,phases   ] GC(314)   Post Evacuate Collection Set: 0.66ms
[141.442s][info][gc,phases   ] GC(314)   Other: 0.08ms
[141.442s][info][gc,heap     ] GC(314) Eden regions: 372->0(376)
[141.442s][info][gc,heap     ] GC(314) Survivor regions: 4->2(47)
[141.442s][info][gc,heap     ] GC(314) Old regions: 46->46
[141.442s][info][gc,heap     ] GC(314) Humongous regions: 207->207
[141.442s][info][gc,metaspace] GC(314) Metaspace: 56379K(56704K)->56379K(56704K) NonClass: 50759K(51008K)->50759K(51008K) Class: 5620K(5696K)->5620K(5696K)
[141.442s][info][gc          ] GC(314) Pause Young (Prepare Mixed) (G1 Evacuation Pause) 627M->253M(667M) 4.664ms
[141.442s][info][gc,cpu      ] GC(314) User=0.01s Sys=0.00s Real=0.01s
[142.447s][info][gc,start    ] GC(315) Pause Young (Mixed) (G1 Evacuation Pause)
[142.447s][info][gc,task     ] GC(315) Using 2 workers of 2 for evacuation
[142.453s][info][gc,phases   ] GC(315)   Pre Evacuate Collection Set: 0.26ms
[142.453s][info][gc,phases   ] GC(315)   Merge Heap Roots: 0.13ms
[142.453s][info][gc,phases   ] GC(315)   Evacuate Collection Set: 4.59ms
[142.453s][info][gc,phases   ] GC(315)   Post Evacuate Collection Set: 0.71ms
[142.453s][info][gc,phases   ] GC(315)   Other: 0.08ms
[142.453s][info][gc,heap     ] GC(315) Eden regions: 376->0(377)
[142.453s][info][gc,heap     ] GC(315) Survivor regions: 2->2(48)
[142.453s][info][gc,heap     ] GC(315) Old regions: 46->45
[142.453s][info][gc,heap     ] GC(315) Humongous regions: 207->207
[142.453s][info][gc,metaspace] GC(315) Metaspace: 56379K(56704K)->56379K(56704K) NonClass: 50759K(51008K)->50759K(51008K) Class: 5620K(5696K)->5620K(5696K)
[142.453s][info][gc          ] GC(315) Pause Young (Mixed) (G1 Evacuation Pause) 629M->253M(667M) 5.937ms
[142.453s][info][gc,cpu      ] GC(315) User=0.01s Sys=0.00s Real=0.01s
[143.310s][info][gc,start    ] GC(316) Pause Young (Concurrent Start) (G1 Evacuation Pause)
[143.310s][info][gc,task     ] GC(316) Using 2 workers of 2 for evacuation
[143.314s][info][gc,phases   ] GC(316)   Pre Evacuate Collection Set: 0.26ms
[143.314s][info][gc,phases   ] GC(316)   Merge Heap Roots: 0.13ms
[143.314s][info][gc,phases   ] GC(316)   Evacuate Collection Set: 2.77ms
[143.314s][info][gc,phases   ] GC(316)   Post Evacuate Collection Set: 0.65ms
[143.314s][info][gc,phases   ] GC(316)   Other: 0.09ms
[143.314s][info][gc,heap     ] GC(316) Eden regions: 377->0(379)
[143.314s][info][gc,heap     ] GC(316) Survivor regions: 2->1(48)
[143.314s][info][gc,heap     ] GC(316) Old regions: 45->45
[143.314s][info][gc,heap     ] GC(316) Humongous regions: 207->207
[143.314s][info][gc,metaspace] GC(316) Metaspace: 56379K(56704K)->56379K(56704K) NonClass: 50759K(51008K)->50759K(51008K) Class: 5620K(5696K)->5620K(5696K)
[143.314s][info][gc          ] GC(316) Pause Young (Concurrent Start) (G1 Evacuation Pause) 630M->252M(667M) 4.064ms
[143.315s][info][gc,cpu      ] GC(316) User=0.01s Sys=0.00s Real=0.00s
[143.315s][info][gc          ] GC(317) Concurrent Mark Cycle
[143.315s][info][gc,marking  ] GC(317) Concurrent Scan Root Regions
[143.318s][info][gc,marking  ] GC(317) Concurrent Scan Root Regions 3.458ms
[143.319s][info][gc,marking  ] GC(317) Concurrent Mark
[143.319s][info][gc,marking  ] GC(317) Concurrent Mark From Roots
[143.319s][info][gc,task     ] GC(317) Using 1 workers of 1 for marking
[143.380s][info][gc,marking  ] GC(317) Concurrent Mark From Roots 61.196ms
[143.380s][info][gc,marking  ] GC(317) Concurrent Preclean
[143.380s][info][gc,marking  ] GC(317) Concurrent Preclean 0.081ms
[143.391s][info][gc,start    ] GC(317) Pause Remark
[143.421s][info][gc          ] GC(317) Pause Remark 288M->288M(667M) 29.472ms
[143.421s][info][gc,cpu      ] GC(317) User=0.02s Sys=0.00s Real=0.03s
[143.421s][info][gc,marking  ] GC(317) Concurrent Mark 102.553ms
[143.422s][info][gc,marking  ] GC(317) Concurrent Rebuild Remembered Sets and Scrub Regions
[143.448s][info][gc,marking  ] GC(317) Concurrent Rebuild Remembered Sets and Scrub Regions 26.564ms
[143.448s][info][gc,start    ] GC(317) Pause Cleanup
[143.448s][info][gc          ] GC(317) Pause Cleanup 289M->289M(667M) 0.064ms
[143.448s][info][gc,cpu      ] GC(317) User=0.00s Sys=0.00s Real=0.00s
[143.448s][info][gc,marking  ] GC(317) Concurrent Clear Claimed Marks
[143.449s][info][gc,marking  ] GC(317) Concurrent Clear Claimed Marks 0.116ms
[143.449s][info][gc,marking  ] GC(317) Concurrent Cleanup for Next Mark
[143.458s][info][gc,marking  ] GC(317) Concurrent Cleanup for Next Mark 9.692ms
[143.458s][info][gc          ] GC(317) Concurrent Mark Cycle 143.771ms
[144.224s][info][gc,start    ] GC(318) Pause Young (Prepare Mixed) (G1 Evacuation Pause)
[144.224s][info][gc,task     ] GC(318) Using 2 workers of 2 for evacuation
[144.231s][info][gc,phases   ] GC(318)   Pre Evacuate Collection Set: 0.41ms
[144.231s][info][gc,phases   ] GC(318)   Merge Heap Roots: 0.16ms
[144.231s][info][gc,phases   ] GC(318)   Evacuate Collection Set: 5.27ms
[144.231s][info][gc,phases   ] GC(318)   Post Evacuate Collection Set: 0.64ms
[144.231s][info][gc,phases   ] GC(318)   Other: 0.08ms
[144.231s][info][gc,heap     ] GC(318) Eden regions: 379->0(374)
[144.231s][info][gc,heap     ] GC(318) Survivor regions: 1->3(48)
[144.231s][info][gc,heap     ] GC(318) Old regions: 45->46
[144.231s][info][gc,heap     ] GC(318) Humongous regions: 207->207
[144.231s][info][gc,metaspace] GC(318) Metaspace: 56379K(56704K)->56379K(56704K) NonClass: 50759K(51008K)->50759K(51008K) Class: 5620K(5696K)->5620K(5696K)
[144.231s][info][gc          ] GC(318) Pause Young (Prepare Mixed) (G1 Evacuation Pause) 631M->254M(667M) 6.724ms
[144.231s][info][gc,cpu      ] GC(318) User=0.01s Sys=0.00s Real=0.01s
[145.127s][info][gc,start    ] GC(319) Pause Young (Mixed) (G1 Evacuation Pause)
[145.127s][info][gc,task     ] GC(319) Using 2 workers of 2 for evacuation
[145.133s][info][gc,phases   ] GC(319)   Pre Evacuate Collection Set: 0.27ms
[145.133s][info][gc,phases   ] GC(319)   Merge Heap Roots: 0.13ms
[145.133s][info][gc,phases   ] GC(319)   Evacuate Collection Set: 4.63ms
[145.133s][info][gc,phases   ] GC(319)   Post Evacuate Collection Set: 0.69ms
[145.133s][info][gc,phases   ] GC(319)   Other: 0.08ms
[145.133s][info][gc,heap     ] GC(319) Eden regions: 374->0(375)
[145.133s][info][gc,heap     ] GC(319) Survivor regions: 3->3(48)
[145.133s][info][gc,heap     ] GC(319) Old regions: 46->45
[145.133s][info][gc,heap     ] GC(319) Humongous regions: 207->207
[145.133s][info][gc,metaspace] GC(319) Metaspace: 56380K(56704K)->56380K(56704K) NonClass: 50759K(51008K)->50759K(51008K) Class: 5620K(5696K)->5620K(5696K)
[145.133s][info][gc          ] GC(319) Pause Young (Mixed) (G1 Evacuation Pause) 628M->254M(667M) 5.981ms
[145.133s][info][gc,cpu      ] GC(319) User=0.01s Sys=0.00s Real=0.01s
[146.037s][info][gc,start    ] GC(320) Pause Young (Concurrent Start) (G1 Evacuation Pause)
[146.037s][info][gc,task     ] GC(320) Using 2 workers of 2 for evacuation
[146.043s][info][gc,phases   ] GC(320)   Pre Evacuate Collection Set: 0.27ms
[146.043s][info][gc,phases   ] GC(320)   Merge Heap Roots: 0.11ms
[146.043s][info][gc,phases   ] GC(320)   Evacuate Collection Set: 4.37ms
[146.043s][info][gc,phases   ] GC(320)   Post Evacuate Collection Set: 0.66ms
[146.043s][info][gc,phases   ] GC(320)   Other: 0.11ms
[146.043s][info][gc,heap     ] GC(320) Eden regions: 375->0(375)
[146.043s][info][gc,heap     ] GC(320) Survivor regions: 3->3(48)
[146.043s][info][gc,heap     ] GC(320) Old regions: 45->45
[146.043s][info][gc,heap     ] GC(320) Humongous regions: 207->207
[146.043s][info][gc,metaspace] GC(320) Metaspace: 56380K(56704K)->56380K(56704K) NonClass: 50759K(51008K)->50759K(51008K) Class: 5620K(5696K)->5620K(5696K)
[146.043s][info][gc          ] GC(320) Pause Young (Concurrent Start) (G1 Evacuation Pause) 629M->254M(667M) 5.696ms
[146.043s][info][gc          ] GC(321) Concurrent Mark Cycle
[146.043s][info][gc,marking  ] GC(321) Concurrent Scan Root Regions
[146.043s][info][gc,cpu      ] GC(320) User=0.01s Sys=0.00s Real=0.01s
[146.047s][info][gc,marking  ] GC(321) Concurrent Scan Root Regions 4.200ms
[146.047s][info][gc,marking  ] GC(321) Concurrent Mark
[146.047s][info][gc,marking  ] GC(321) Concurrent Mark From Roots
[146.047s][info][gc,task     ] GC(321) Using 1 workers of 1 for marking
[146.096s][info][gc,marking  ] GC(321) Concurrent Mark From Roots 48.761ms
[146.096s][info][gc,marking  ] GC(321) Concurrent Preclean
[146.096s][info][gc,marking  ] GC(321) Concurrent Preclean 0.104ms
[146.096s][info][gc,start    ] GC(321) Pause Remark
[146.104s][info][gc          ] GC(321) Pause Remark 268M->268M(667M) 8.173ms
[146.104s][info][gc,cpu      ] GC(321) User=0.02s Sys=0.00s Real=0.01s
[146.104s][info][gc,marking  ] GC(321) Concurrent Mark 57.312ms
[146.104s][info][gc,marking  ] GC(321) Concurrent Rebuild Remembered Sets and Scrub Regions
[146.129s][info][gc,marking  ] GC(321) Concurrent Rebuild Remembered Sets and Scrub Regions 25.033ms
[146.130s][info][gc,start    ] GC(321) Pause Cleanup
[146.130s][info][gc          ] GC(321) Pause Cleanup 286M->286M(667M) 0.064ms
[146.130s][info][gc,cpu      ] GC(321) User=0.01s Sys=0.00s Real=0.00s
[146.130s][info][gc,marking  ] GC(321) Concurrent Clear Claimed Marks
[146.130s][info][gc,marking  ] GC(321) Concurrent Clear Claimed Marks 0.082ms
[146.130s][info][gc,marking  ] GC(321) Concurrent Cleanup for Next Mark
[146.134s][info][gc,marking  ] GC(321) Concurrent Cleanup for Next Mark 3.971ms
[146.134s][info][gc          ] GC(321) Concurrent Mark Cycle 90.973ms
[146.935s][info][gc,start    ] GC(322) Pause Young (Prepare Mixed) (G1 Evacuation Pause)
[146.935s][info][gc,task     ] GC(322) Using 2 workers of 2 for evacuation
[146.941s][info][gc,phases   ] GC(322)   Pre Evacuate Collection Set: 0.29ms
[146.941s][info][gc,phases   ] GC(322)   Merge Heap Roots: 0.13ms
[146.941s][info][gc,phases   ] GC(322)   Evacuate Collection Set: 4.98ms
[146.941s][info][gc,phases   ] GC(322)   Post Evacuate Collection Set: 0.67ms
[146.941s][info][gc,phases   ] GC(322)   Other: 0.08ms
[146.941s][info][gc,heap     ] GC(322) Eden regions: 375->0(373)
[146.941s][info][gc,heap     ] GC(322) Survivor regions: 3->4(48)
[146.941s][info][gc,heap     ] GC(322) Old regions: 45->45
[146.941s][info][gc,heap     ] GC(322) Humongous regions: 207->207
[146.941s][info][gc,metaspace] GC(322) Metaspace: 56380K(56704K)->56380K(56704K) NonClass: 50759K(51008K)->50759K(51008K) Class: 5620K(5696K)->5620K(5696K)
[146.941s][info][gc          ] GC(322) Pause Young (Prepare Mixed) (G1 Evacuation Pause) 629M->255M(667M) 6.385ms
[146.941s][info][gc,cpu      ] GC(322) User=0.01s Sys=0.00s Real=0.01s
[147.885s][info][gc,start    ] GC(323) Pause Young (Mixed) (G1 Evacuation Pause)
[147.886s][info][gc,task     ] GC(323) Using 2 workers of 2 for evacuation
[147.892s][info][gc,phases   ] GC(323)   Pre Evacuate Collection Set: 0.26ms
[147.892s][info][gc,phases   ] GC(323)   Merge Heap Roots: 0.14ms
[147.892s][info][gc,phases   ] GC(323)   Evacuate Collection Set: 5.30ms
[147.892s][info][gc,phases   ] GC(323)   Post Evacuate Collection Set: 0.72ms
[147.892s][info][gc,phases   ] GC(323)   Other: 0.08ms
[147.892s][info][gc,heap     ] GC(323) Eden regions: 373->0(375)
[147.892s][info][gc,heap     ] GC(323) Survivor regions: 4->3(48)
[147.892s][info][gc,heap     ] GC(323) Old regions: 45->45
[147.892s][info][gc,heap     ] GC(323) Humongous regions: 207->207
[147.892s][info][gc,metaspace] GC(323) Metaspace: 56380K(56704K)->56380K(56704K) NonClass: 50759K(51008K)->50759K(51008K) Class: 5620K(5696K)->5620K(5696K)
[147.892s][info][gc          ] GC(323) Pause Young (Mixed) (G1 Evacuation Pause) 628M->254M(667M) 6.689ms
[147.892s][info][gc,cpu      ] GC(323) User=0.01s Sys=0.00s Real=0.01s
[148.752s][info][gc,start    ] GC(324) Pause Young (Concurrent Start) (G1 Evacuation Pause)
[148.752s][info][gc,task     ] GC(324) Using 2 workers of 2 for evacuation
[148.757s][info][gc,phases   ] GC(324)   Pre Evacuate Collection Set: 0.28ms
[148.757s][info][gc,phases   ] GC(324)   Merge Heap Roots: 0.13ms
[148.757s][info][gc,phases   ] GC(324)   Evacuate Collection Set: 3.19ms
[148.757s][info][gc,phases   ] GC(324)   Post Evacuate Collection Set: 0.65ms
[148.757s][info][gc,phases   ] GC(324)   Other: 0.13ms
[148.757s][info][gc,heap     ] GC(324) Eden regions: 375->0(375)
[148.757s][info][gc,heap     ] GC(324) Survivor regions: 3->3(48)
[148.757s][info][gc,heap     ] GC(324) Old regions: 45->45
[148.757s][info][gc,heap     ] GC(324) Humongous regions: 207->207
[148.757s][info][gc,metaspace] GC(324) Metaspace: 56380K(56704K)->56380K(56704K) NonClass: 50759K(51008K)->50759K(51008K) Class: 5620K(5696K)->5620K(5696K)
[148.757s][info][gc          ] GC(324) Pause Young (Concurrent Start) (G1 Evacuation Pause) 629M->254M(667M) 4.559ms
[148.757s][info][gc          ] GC(325) Concurrent Mark Cycle
[148.757s][info][gc,marking  ] GC(325) Concurrent Scan Root Regions
[148.758s][info][gc,cpu      ] GC(324) User=0.01s Sys=0.00s Real=0.01s
[148.759s][info][gc,marking  ] GC(325) Concurrent Scan Root Regions 2.464ms
[148.759s][info][gc,marking  ] GC(325) Concurrent Mark
[148.760s][info][gc,marking  ] GC(325) Concurrent Mark From Roots
[148.760s][info][gc,task     ] GC(325) Using 1 workers of 1 for marking
[148.808s][info][gc,marking  ] GC(325) Concurrent Mark From Roots 48.857ms
[148.808s][info][gc,marking  ] GC(325) Concurrent Preclean
[148.808s][info][gc,marking  ] GC(325) Concurrent Preclean 0.056ms
[148.810s][info][gc,start    ] GC(325) Pause Remark
[148.831s][info][gc          ] GC(325) Pause Remark 258M->258M(667M) 21.025ms
[148.831s][info][gc,cpu      ] GC(325) User=0.02s Sys=0.00s Real=0.02s
[148.832s][info][gc,marking  ] GC(325) Concurrent Mark 72.316ms
[148.832s][info][gc,marking  ] GC(325) Concurrent Rebuild Remembered Sets and Scrub Regions
[148.856s][info][gc,marking  ] GC(325) Concurrent Rebuild Remembered Sets and Scrub Regions 23.882ms
[148.856s][info][gc,start    ] GC(325) Pause Cleanup
[148.856s][info][gc          ] GC(325) Pause Cleanup 258M->258M(667M) 0.057ms
[148.856s][info][gc,cpu      ] GC(325) User=0.00s Sys=0.00s Real=0.00s
[148.856s][info][gc,marking  ] GC(325) Concurrent Clear Claimed Marks
[148.856s][info][gc,marking  ] GC(325) Concurrent Clear Claimed Marks 0.095ms
[148.856s][info][gc,marking  ] GC(325) Concurrent Cleanup for Next Mark
[148.858s][info][gc,marking  ] GC(325) Concurrent Cleanup for Next Mark 2.109ms
[148.858s][info][gc          ] GC(325) Concurrent Mark Cycle 101.155ms
[149.741s][info][gc,start    ] GC(326) Pause Young (Prepare Mixed) (G1 Evacuation Pause)
[149.741s][info][gc,task     ] GC(326) Using 2 workers of 2 for evacuation
[149.747s][info][gc,phases   ] GC(326)   Pre Evacuate Collection Set: 0.36ms
[149.747s][info][gc,phases   ] GC(326)   Merge Heap Roots: 0.13ms
[149.747s][info][gc,phases   ] GC(326)   Evacuate Collection Set: 4.93ms
[149.747s][info][gc,phases   ] GC(326)   Post Evacuate Collection Set: 0.99ms
[149.747s][info][gc,phases   ] GC(326)   Other: 0.08ms
[149.748s][info][gc,heap     ] GC(326) Eden regions: 375->0(379)
[149.748s][info][gc,heap     ] GC(326) Survivor regions: 3->1(48)
[149.748s][info][gc,heap     ] GC(326) Old regions: 45->45
[149.748s][info][gc,heap     ] GC(326) Humongous regions: 207->207
[149.748s][info][gc,metaspace] GC(326) Metaspace: 56380K(56704K)->56380K(56704K) NonClass: 50759K(51008K)->50759K(51008K) Class: 5620K(5696K)->5620K(5696K)
[149.748s][info][gc          ] GC(326) Pause Young (Prepare Mixed) (G1 Evacuation Pause) 628M->252M(667M) 6.694ms
[149.748s][info][gc,cpu      ] GC(326) User=0.00s Sys=0.00s Real=0.00s
[150.608s][info][gc,start    ] GC(327) Pause Young (Mixed) (G1 Evacuation Pause)
[150.608s][info][gc,task     ] GC(327) Using 2 workers of 2 for evacuation
[150.615s][info][gc,phases   ] GC(327)   Pre Evacuate Collection Set: 0.32ms
[150.615s][info][gc,phases   ] GC(327)   Merge Heap Roots: 0.14ms
[150.615s][info][gc,phases   ] GC(327)   Evacuate Collection Set: 5.94ms
[150.616s][info][gc,phases   ] GC(327)   Post Evacuate Collection Set: 0.71ms
[150.616s][info][gc,phases   ] GC(327)   Other: 0.07ms
[150.616s][info][gc,heap     ] GC(327) Eden regions: 379->0(379)
[150.616s][info][gc,heap     ] GC(327) Survivor regions: 1->1(48)
[150.616s][info][gc,heap     ] GC(327) Old regions: 45->45
[150.616s][info][gc,heap     ] GC(327) Humongous regions: 207->207
[150.616s][info][gc,metaspace] GC(327) Metaspace: 56380K(56704K)->56380K(56704K) NonClass: 50759K(51008K)->50759K(51008K) Class: 5620K(5696K)->5620K(5696K)
[150.616s][info][gc          ] GC(327) Pause Young (Mixed) (G1 Evacuation Pause) 631M->252M(667M) 7.365ms
[150.616s][info][gc,cpu      ] GC(327) User=0.01s Sys=0.00s Real=0.00s
[151.521s][info][gc,start    ] GC(328) Pause Young (Concurrent Start) (G1 Evacuation Pause)
[151.521s][info][gc,task     ] GC(328) Using 2 workers of 2 for evacuation
[151.526s][info][gc,phases   ] GC(328)   Pre Evacuate Collection Set: 0.26ms
[151.526s][info][gc,phases   ] GC(328)   Merge Heap Roots: 0.11ms
[151.526s][info][gc,phases   ] GC(328)   Evacuate Collection Set: 3.85ms
[151.526s][info][gc,phases   ] GC(328)   Post Evacuate Collection Set: 0.69ms
[151.526s][info][gc,phases   ] GC(328)   Other: 0.09ms
[151.526s][info][gc,heap     ] GC(328) Eden regions: 379->0(377)
[151.526s][info][gc,heap     ] GC(328) Survivor regions: 1->2(48)
[151.526s][info][gc,heap     ] GC(328) Old regions: 45->45
[151.526s][info][gc,heap     ] GC(328) Humongous regions: 207->207
[151.526s][info][gc,metaspace] GC(328) Metaspace: 56380K(56704K)->56380K(56704K) NonClass: 50759K(51008K)->50759K(51008K) Class: 5620K(5696K)->5620K(5696K)
[151.526s][info][gc          ] GC(328) Pause Young (Concurrent Start) (G1 Evacuation Pause) 631M->253M(667M) 5.177ms
[151.526s][info][gc,cpu      ] GC(328) User=0.01s Sys=0.00s Real=0.00s
[151.526s][info][gc          ] GC(329) Concurrent Mark Cycle
[151.527s][info][gc,marking  ] GC(329) Concurrent Scan Root Regions
[151.531s][info][gc,marking  ] GC(329) Concurrent Scan Root Regions 4.969ms
[151.532s][info][gc,marking  ] GC(329) Concurrent Mark
[151.532s][info][gc,marking  ] GC(329) Concurrent Mark From Roots
[151.532s][info][gc,task     ] GC(329) Using 1 workers of 1 for marking
[151.585s][info][gc,marking  ] GC(329) Concurrent Mark From Roots 53.641ms
[151.585s][info][gc,marking  ] GC(329) Concurrent Preclean
[151.585s][info][gc,marking  ] GC(329) Concurrent Preclean 0.062ms
[151.585s][info][gc,start    ] GC(329) Pause Remark
[151.594s][info][gc          ] GC(329) Pause Remark 282M->282M(667M) 8.237ms
[151.594s][info][gc,cpu      ] GC(329) User=0.01s Sys=0.00s Real=0.01s
[151.594s][info][gc,marking  ] GC(329) Concurrent Mark 62.225ms
[151.594s][info][gc,marking  ] GC(329) Concurrent Rebuild Remembered Sets and Scrub Regions
[151.609s][info][gc,marking  ] GC(329) Concurrent Rebuild Remembered Sets and Scrub Regions 15.394ms
[151.609s][info][gc,start    ] GC(329) Pause Cleanup
[151.609s][info][gc          ] GC(329) Pause Cleanup 284M->284M(667M) 0.053ms
[151.609s][info][gc,cpu      ] GC(329) User=0.00s Sys=0.00s Real=0.00s
[151.609s][info][gc,marking  ] GC(329) Concurrent Clear Claimed Marks
[151.609s][info][gc,marking  ] GC(329) Concurrent Clear Claimed Marks 0.078ms
[151.609s][info][gc,marking  ] GC(329) Concurrent Cleanup for Next Mark
[151.611s][info][gc,marking  ] GC(329) Concurrent Cleanup for Next Mark 1.954ms
[151.611s][info][gc          ] GC(329) Concurrent Mark Cycle 85.006ms
[152.423s][info][gc,start    ] GC(330) Pause Young (Prepare Mixed) (G1 Evacuation Pause)
[152.423s][info][gc,task     ] GC(330) Using 2 workers of 2 for evacuation
[152.429s][info][gc,phases   ] GC(330)   Pre Evacuate Collection Set: 0.26ms
[152.429s][info][gc,phases   ] GC(330)   Merge Heap Roots: 0.13ms
[152.429s][info][gc,phases   ] GC(330)   Evacuate Collection Set: 4.19ms
[152.429s][info][gc,phases   ] GC(330)   Post Evacuate Collection Set: 0.66ms
[152.429s][info][gc,phases   ] GC(330)   Other: 0.08ms
[152.429s][info][gc,heap     ] GC(330) Eden regions: 377->0(375)
[152.429s][info][gc,heap     ] GC(330) Survivor regions: 2->3(48)
[152.429s][info][gc,heap     ] GC(330) Old regions: 45->45
[152.429s][info][gc,heap     ] GC(330) Humongous regions: 207->207
[152.429s][info][gc,metaspace] GC(330) Metaspace: 56380K(56704K)->56380K(56704K) NonClass: 50759K(51008K)->50759K(51008K) Class: 5620K(5696K)->5620K(5696K)
[152.429s][info][gc          ] GC(330) Pause Young (Prepare Mixed) (G1 Evacuation Pause) 630M->254M(667M) 5.487ms
[152.429s][info][gc,cpu      ] GC(330) User=0.01s Sys=0.00s Real=0.01s
[153.326s][info][gc,start    ] GC(331) Pause Young (Mixed) (G1 Evacuation Pause)
[153.326s][info][gc,task     ] GC(331) Using 2 workers of 2 for evacuation
[153.333s][info][gc,phases   ] GC(331)   Pre Evacuate Collection Set: 0.27ms
[153.333s][info][gc,phases   ] GC(331)   Merge Heap Roots: 0.14ms
[153.333s][info][gc,phases   ] GC(331)   Evacuate Collection Set: 6.07ms
[153.333s][info][gc,phases   ] GC(331)   Post Evacuate Collection Set: 0.67ms
[153.333s][info][gc,phases   ] GC(331)   Other: 0.08ms
[153.333s][info][gc,heap     ] GC(331) Eden regions: 375->0(375)
[153.333s][info][gc,heap     ] GC(331) Survivor regions: 3->3(48)
[153.333s][info][gc,heap     ] GC(331) Old regions: 45->45
[153.333s][info][gc,heap     ] GC(331) Humongous regions: 207->207
[153.333s][info][gc,metaspace] GC(331) Metaspace: 56385K(56704K)->56385K(56704K) NonClass: 50764K(51008K)->50764K(51008K) Class: 5620K(5696K)->5620K(5696K)
[153.333s][info][gc          ] GC(331) Pause Young (Mixed) (G1 Evacuation Pause) 629M->254M(667M) 7.406ms
[153.333s][info][gc,cpu      ] GC(331) User=0.01s Sys=0.00s Real=0.01s
[154.240s][info][gc,start    ] GC(332) Pause Young (Concurrent Start) (G1 Evacuation Pause)
[154.240s][info][gc,task     ] GC(332) Using 2 workers of 2 for evacuation
[154.246s][info][gc,phases   ] GC(332)   Pre Evacuate Collection Set: 0.30ms
[154.246s][info][gc,phases   ] GC(332)   Merge Heap Roots: 0.12ms
[154.246s][info][gc,phases   ] GC(332)   Evacuate Collection Set: 5.29ms
[154.246s][info][gc,phases   ] GC(332)   Post Evacuate Collection Set: 0.67ms
[154.246s][info][gc,phases   ] GC(332)   Other: 0.12ms
[154.246s][info][gc,heap     ] GC(332) Eden regions: 375->0(373)
[154.246s][info][gc,heap     ] GC(332) Survivor regions: 3->4(48)
[154.246s][info][gc,heap     ] GC(332) Old regions: 45->45
[154.246s][info][gc,heap     ] GC(332) Humongous regions: 207->207
[154.246s][info][gc,metaspace] GC(332) Metaspace: 56385K(56704K)->56385K(56704K) NonClass: 50765K(51008K)->50765K(51008K) Class: 5620K(5696K)->5620K(5696K)
[154.246s][info][gc          ] GC(332) Pause Young (Concurrent Start) (G1 Evacuation Pause) 629M->255M(667M) 6.659ms
[154.246s][info][gc,cpu      ] GC(332) User=0.01s Sys=0.00s Real=0.00s
[154.246s][info][gc          ] GC(333) Concurrent Mark Cycle
[154.247s][info][gc,marking  ] GC(333) Concurrent Scan Root Regions
[154.251s][info][gc,marking  ] GC(333) Concurrent Scan Root Regions 3.486ms
[154.251s][info][gc,marking  ] GC(333) Concurrent Mark
[154.251s][info][gc,marking  ] GC(333) Concurrent Mark From Roots
[154.251s][info][gc,task     ] GC(333) Using 1 workers of 1 for marking
[154.293s][info][gc,marking  ] GC(333) Concurrent Mark From Roots 41.965ms
[154.293s][info][gc,marking  ] GC(333) Concurrent Preclean
[154.293s][info][gc,marking  ] GC(333) Concurrent Preclean 0.077ms
[154.293s][info][gc,start    ] GC(333) Pause Remark
[154.301s][info][gc          ] GC(333) Pause Remark 268M->268M(667M) 8.166ms
[154.301s][info][gc,cpu      ] GC(333) User=0.02s Sys=0.00s Real=0.01s
[154.301s][info][gc,marking  ] GC(333) Concurrent Mark 50.659ms
[154.301s][info][gc,marking  ] GC(333) Concurrent Rebuild Remembered Sets and Scrub Regions
[154.327s][info][gc,marking  ] GC(333) Concurrent Rebuild Remembered Sets and Scrub Regions 25.777ms
[154.327s][info][gc,start    ] GC(333) Pause Cleanup
[154.327s][info][gc          ] GC(333) Pause Cleanup 280M->280M(667M) 0.064ms
[154.327s][info][gc,cpu      ] GC(333) User=0.00s Sys=0.00s Real=0.00s
[154.329s][info][gc,marking  ] GC(333) Concurrent Clear Claimed Marks
[154.329s][info][gc,marking  ] GC(333) Concurrent Clear Claimed Marks 0.097ms
[154.329s][info][gc,marking  ] GC(333) Concurrent Cleanup for Next Mark
[154.333s][info][gc,marking  ] GC(333) Concurrent Cleanup for Next Mark 4.118ms
[154.333s][info][gc          ] GC(333) Concurrent Mark Cycle 86.769ms
[155.145s][info][gc,start    ] GC(334) Pause Young (Prepare Mixed) (G1 Evacuation Pause)
[155.145s][info][gc,task     ] GC(334) Using 2 workers of 2 for evacuation
[155.151s][info][gc,phases   ] GC(334)   Pre Evacuate Collection Set: 0.25ms
[155.151s][info][gc,phases   ] GC(334)   Merge Heap Roots: 0.14ms
[155.151s][info][gc,phases   ] GC(334)   Evacuate Collection Set: 4.83ms
[155.151s][info][gc,phases   ] GC(334)   Post Evacuate Collection Set: 0.67ms
[155.151s][info][gc,phases   ] GC(334)   Other: 0.08ms
[155.151s][info][gc,heap     ] GC(334) Eden regions: 373->0(375)
[155.151s][info][gc,heap     ] GC(334) Survivor regions: 4->3(48)
[155.151s][info][gc,heap     ] GC(334) Old regions: 45->45
[155.152s][info][gc,heap     ] GC(334) Humongous regions: 207->207
[155.152s][info][gc,metaspace] GC(334) Metaspace: 56385K(56704K)->56385K(56704K) NonClass: 50765K(51008K)->50765K(51008K) Class: 5620K(5696K)->5620K(5696K)
[155.152s][info][gc          ] GC(334) Pause Young (Prepare Mixed) (G1 Evacuation Pause) 628M->254M(667M) 6.134ms
[155.152s][info][gc,cpu      ] GC(334) User=0.01s Sys=0.00s Real=0.01s
[156.050s][info][gc,start    ] GC(335) Pause Young (Mixed) (G1 Evacuation Pause)
[156.050s][info][gc,task     ] GC(335) Using 2 workers of 2 for evacuation
[156.060s][info][gc,phases   ] GC(335)   Pre Evacuate Collection Set: 0.41ms
[156.060s][info][gc,phases   ] GC(335)   Merge Heap Roots: 0.15ms
[156.060s][info][gc,phases   ] GC(335)   Evacuate Collection Set: 7.93ms
[156.060s][info][gc,phases   ] GC(335)   Post Evacuate Collection Set: 0.96ms
[156.060s][info][gc,phases   ] GC(335)   Other: 0.11ms
[156.060s][info][gc,heap     ] GC(335) Eden regions: 375->0(375)
[156.060s][info][gc,heap     ] GC(335) Survivor regions: 3->3(48)
[156.060s][info][gc,heap     ] GC(335) Old regions: 45->45
[156.060s][info][gc,heap     ] GC(335) Humongous regions: 207->207
[156.060s][info][gc,metaspace] GC(335) Metaspace: 56385K(56704K)->56385K(56704K) NonClass: 50765K(51008K)->50765K(51008K) Class: 5620K(5696K)->5620K(5696K)
[156.060s][info][gc          ] GC(335) Pause Young (Mixed) (G1 Evacuation Pause) 629M->254M(667M) 9.725ms
[156.060s][info][gc,cpu      ] GC(335) User=0.01s Sys=0.00s Real=0.01s
[156.948s][info][gc,start    ] GC(336) Pause Young (Concurrent Start) (G1 Evacuation Pause)
[156.948s][info][gc,task     ] GC(336) Using 2 workers of 2 for evacuation
[156.953s][info][gc,phases   ] GC(336)   Pre Evacuate Collection Set: 0.31ms
[156.953s][info][gc,phases   ] GC(336)   Merge Heap Roots: 0.12ms
[156.953s][info][gc,phases   ] GC(336)   Evacuate Collection Set: 3.14ms
[156.953s][info][gc,phases   ] GC(336)   Post Evacuate Collection Set: 0.65ms
[156.953s][info][gc,phases   ] GC(336)   Other: 0.10ms
[156.953s][info][gc,heap     ] GC(336) Eden regions: 375->0(377)
[156.953s][info][gc,heap     ] GC(336) Survivor regions: 3->2(48)
[156.953s][info][gc,heap     ] GC(336) Old regions: 45->45
[156.953s][info][gc,heap     ] GC(336) Humongous regions: 207->207
[156.953s][info][gc,metaspace] GC(336) Metaspace: 56385K(56704K)->56385K(56704K) NonClass: 50765K(51008K)->50765K(51008K) Class: 5620K(5696K)->5620K(5696K)
[156.953s][info][gc          ] GC(336) Pause Young (Concurrent Start) (G1 Evacuation Pause) 628M->253M(667M) 4.508ms
[156.953s][info][gc,cpu      ] GC(336) User=0.01s Sys=0.00s Real=0.00s
[156.953s][info][gc          ] GC(337) Concurrent Mark Cycle
[156.953s][info][gc,marking  ] GC(337) Concurrent Scan Root Regions
[156.956s][info][gc,marking  ] GC(337) Concurrent Scan Root Regions 3.107ms
[156.956s][info][gc,marking  ] GC(337) Concurrent Mark
[156.956s][info][gc,marking  ] GC(337) Concurrent Mark From Roots
[156.956s][info][gc,task     ] GC(337) Using 1 workers of 1 for marking
[156.996s][info][gc,marking  ] GC(337) Concurrent Mark From Roots 40.304ms
[156.996s][info][gc,marking  ] GC(337) Concurrent Preclean
[156.996s][info][gc,marking  ] GC(337) Concurrent Preclean 0.056ms
[156.997s][info][gc,start    ] GC(337) Pause Remark
[157.005s][info][gc          ] GC(337) Pause Remark 258M->258M(667M) 8.137ms
[157.005s][info][gc,cpu      ] GC(337) User=0.02s Sys=0.00s Real=0.01s
[157.005s][info][gc,marking  ] GC(337) Concurrent Mark 48.764ms
[157.005s][info][gc,marking  ] GC(337) Concurrent Rebuild Remembered Sets and Scrub Regions
[157.030s][info][gc,marking  ] GC(337) Concurrent Rebuild Remembered Sets and Scrub Regions 25.169ms
[157.030s][info][gc,start    ] GC(337) Pause Cleanup
[157.030s][info][gc          ] GC(337) Pause Cleanup 274M->274M(667M) 0.065ms
[157.030s][info][gc,cpu      ] GC(337) User=0.00s Sys=0.00s Real=0.00s
[157.030s][info][gc,marking  ] GC(337) Concurrent Clear Claimed Marks
[157.030s][info][gc,marking  ] GC(337) Concurrent Clear Claimed Marks 0.083ms
[157.030s][info][gc,marking  ] GC(337) Concurrent Cleanup for Next Mark
[157.032s][info][gc,marking  ] GC(337) Concurrent Cleanup for Next Mark 1.951ms
[157.032s][info][gc          ] GC(337) Concurrent Mark Cycle 79.528ms
[157.913s][info][gc,start    ] GC(338) Pause Young (Prepare Mixed) (G1 Evacuation Pause)
[157.914s][info][gc,task     ] GC(338) Using 2 workers of 2 for evacuation
[157.917s][info][gc,phases   ] GC(338)   Pre Evacuate Collection Set: 0.24ms
[157.917s][info][gc,phases   ] GC(338)   Merge Heap Roots: 0.12ms
[157.917s][info][gc,phases   ] GC(338)   Evacuate Collection Set: 2.65ms
[157.917s][info][gc,phases   ] GC(338)   Post Evacuate Collection Set: 0.66ms
[157.917s][info][gc,phases   ] GC(338)   Other: 0.07ms
[157.917s][info][gc,heap     ] GC(338) Eden regions: 377->0(377)
[157.917s][info][gc,heap     ] GC(338) Survivor regions: 2->2(48)
[157.917s][info][gc,heap     ] GC(338) Old regions: 45->45
[157.917s][info][gc,heap     ] GC(338) Humongous regions: 207->207
[157.917s][info][gc,metaspace] GC(338) Metaspace: 56385K(56704K)->56385K(56704K) NonClass: 50765K(51008K)->50765K(51008K) Class: 5620K(5696K)->5620K(5696K)
[157.917s][info][gc          ] GC(338) Pause Young (Prepare Mixed) (G1 Evacuation Pause) 630M->252M(667M) 3.919ms
[157.917s][info][gc,cpu      ] GC(338) User=0.00s Sys=0.01s Real=0.00s
[158.815s][info][gc,start    ] GC(339) Pause Young (Mixed) (G1 Evacuation Pause)
[158.815s][info][gc,task     ] GC(339) Using 2 workers of 2 for evacuation
[158.821s][info][gc,phases   ] GC(339)   Pre Evacuate Collection Set: 0.24ms
[158.821s][info][gc,phases   ] GC(339)   Merge Heap Roots: 0.11ms
[158.821s][info][gc,phases   ] GC(339)   Evacuate Collection Set: 4.88ms
[158.821s][info][gc,phases   ] GC(339)   Post Evacuate Collection Set: 0.70ms
[158.821s][info][gc,phases   ] GC(339)   Other: 0.08ms
[158.821s][info][gc,heap     ] GC(339) Eden regions: 377->0(375)
[158.821s][info][gc,heap     ] GC(339) Survivor regions: 2->3(48)
[158.821s][info][gc,heap     ] GC(339) Old regions: 45->45
[158.821s][info][gc,heap     ] GC(339) Humongous regions: 207->207
[158.821s][info][gc,metaspace] GC(339) Metaspace: 56385K(56704K)->56385K(56704K) NonClass: 50765K(51008K)->50765K(51008K) Class: 5620K(5696K)->5620K(5696K)
[158.821s][info][gc          ] GC(339) Pause Young (Mixed) (G1 Evacuation Pause) 629M->254M(667M) 6.169ms
[158.821s][info][gc,cpu      ] GC(339) User=0.01s Sys=0.00s Real=0.01s
[159.722s][info][gc,start    ] GC(340) Pause Young (Concurrent Start) (G1 Evacuation Pause)
[159.722s][info][gc,task     ] GC(340) Using 2 workers of 2 for evacuation
[159.727s][info][gc,phases   ] GC(340)   Pre Evacuate Collection Set: 0.27ms
[159.727s][info][gc,phases   ] GC(340)   Merge Heap Roots: 0.11ms
[159.727s][info][gc,phases   ] GC(340)   Evacuate Collection Set: 3.09ms
[159.727s][info][gc,phases   ] GC(340)   Post Evacuate Collection Set: 0.85ms
[159.727s][info][gc,phases   ] GC(340)   Other: 0.11ms
[159.727s][info][gc,heap     ] GC(340) Eden regions: 375->0(377)
[159.727s][info][gc,heap     ] GC(340) Survivor regions: 3->2(48)
[159.727s][info][gc,heap     ] GC(340) Old regions: 45->45
[159.727s][info][gc,heap     ] GC(340) Humongous regions: 207->207
[159.727s][info][gc,metaspace] GC(340) Metaspace: 56385K(56704K)->56385K(56704K) NonClass: 50765K(51008K)->50765K(51008K) Class: 5620K(5696K)->5620K(5696K)
[159.727s][info][gc          ] GC(340) Pause Young (Concurrent Start) (G1 Evacuation Pause) 629M->253M(667M) 4.599ms
[159.727s][info][gc,cpu      ] GC(340) User=0.01s Sys=0.00s Real=0.00s
[159.727s][info][gc          ] GC(341) Concurrent Mark Cycle
[159.727s][info][gc,marking  ] GC(341) Concurrent Scan Root Regions
[159.731s][info][gc,marking  ] GC(341) Concurrent Scan Root Regions 3.920ms
[159.731s][info][gc,marking  ] GC(341) Concurrent Mark
[159.731s][info][gc,marking  ] GC(341) Concurrent Mark From Roots
[159.731s][info][gc,task     ] GC(341) Using 1 workers of 1 for marking
[159.788s][info][gc,marking  ] GC(341) Concurrent Mark From Roots 56.845ms
[159.788s][info][gc,marking  ] GC(341) Concurrent Preclean
[159.788s][info][gc,marking  ] GC(341) Concurrent Preclean 0.062ms
[159.788s][info][gc,start    ] GC(341) Pause Remark
[159.796s][info][gc          ] GC(341) Pause Remark 284M->284M(667M) 8.300ms
[159.796s][info][gc,cpu      ] GC(341) User=0.01s Sys=0.00s Real=0.00s
[159.797s][info][gc,marking  ] GC(341) Concurrent Mark 65.651ms
[159.797s][info][gc,marking  ] GC(341) Concurrent Rebuild Remembered Sets and Scrub Regions
[159.815s][info][gc,marking  ] GC(341) Concurrent Rebuild Remembered Sets and Scrub Regions 18.225ms
[159.815s][info][gc,start    ] GC(341) Pause Cleanup
[159.815s][info][gc          ] GC(341) Pause Cleanup 289M->289M(667M) 0.058ms
[159.815s][info][gc,cpu      ] GC(341) User=0.00s Sys=0.00s Real=0.00s
[159.815s][info][gc,marking  ] GC(341) Concurrent Clear Claimed Marks
[159.815s][info][gc,marking  ] GC(341) Concurrent Clear Claimed Marks 0.083ms
[159.815s][info][gc,marking  ] GC(341) Concurrent Cleanup for Next Mark
[159.817s][info][gc,marking  ] GC(341) Concurrent Cleanup for Next Mark 1.979ms
[159.817s][info][gc          ] GC(341) Concurrent Mark Cycle 90.234ms
[160.627s][info][gc,start    ] GC(342) Pause Young (Prepare Mixed) (G1 Evacuation Pause)
[160.627s][info][gc,task     ] GC(342) Using 2 workers of 2 for evacuation
[160.633s][info][gc,phases   ] GC(342)   Pre Evacuate Collection Set: 0.25ms
[160.633s][info][gc,phases   ] GC(342)   Merge Heap Roots: 0.14ms
[160.633s][info][gc,phases   ] GC(342)   Evacuate Collection Set: 4.48ms
[160.633s][info][gc,phases   ] GC(342)   Post Evacuate Collection Set: 0.67ms
[160.633s][info][gc,phases   ] GC(342)   Other: 0.08ms
[160.633s][info][gc,heap     ] GC(342) Eden regions: 377->0(373)
[160.633s][info][gc,heap     ] GC(342) Survivor regions: 2->4(48)
[160.633s][info][gc,heap     ] GC(342) Old regions: 45->45
[160.633s][info][gc,heap     ] GC(342) Humongous regions: 207->207
[160.633s][info][gc,metaspace] GC(342) Metaspace: 56385K(56704K)->56385K(56704K) NonClass: 50765K(51008K)->50765K(51008K) Class: 5620K(5696K)->5620K(5696K)
[160.633s][info][gc          ] GC(342) Pause Young (Prepare Mixed) (G1 Evacuation Pause) 630M->255M(667M) 5.807ms
[160.633s][info][gc,cpu      ] GC(342) User=0.01s Sys=0.00s Real=0.01s
[161.629s][info][gc,start    ] GC(343) Pause Young (Mixed) (G1 Evacuation Pause)
[161.629s][info][gc,task     ] GC(343) Using 2 workers of 2 for evacuation
[161.637s][info][gc,phases   ] GC(343)   Pre Evacuate Collection Set: 0.25ms
[161.637s][info][gc,phases   ] GC(343)   Merge Heap Roots: 0.12ms
[161.637s][info][gc,phases   ] GC(343)   Evacuate Collection Set: 6.27ms
[161.637s][info][gc,phases   ] GC(343)   Post Evacuate Collection Set: 0.68ms
[161.637s][info][gc,phases   ] GC(343)   Other: 0.08ms
[161.637s][info][gc,heap     ] GC(343) Eden regions: 373->0(375)
[161.637s][info][gc,heap     ] GC(343) Survivor regions: 4->3(48)
[161.637s][info][gc,heap     ] GC(343) Old regions: 45->45
[161.637s][info][gc,heap     ] GC(343) Humongous regions: 207->207
[161.637s][info][gc,metaspace] GC(343) Metaspace: 56385K(56704K)->56385K(56704K) NonClass: 50765K(51008K)->50765K(51008K) Class: 5620K(5696K)->5620K(5696K)
[161.637s][info][gc          ] GC(343) Pause Young (Mixed) (G1 Evacuation Pause) 628M->254M(667M) 7.622ms
[161.637s][info][gc,cpu      ] GC(343) User=0.01s Sys=0.00s Real=0.00s
[162.537s][info][gc,start    ] GC(344) Pause Young (Concurrent Start) (G1 Evacuation Pause)
[162.537s][info][gc,task     ] GC(344) Using 2 workers of 2 for evacuation
[162.544s][info][gc,phases   ] GC(344)   Pre Evacuate Collection Set: 0.33ms
[162.544s][info][gc,phases   ] GC(344)   Merge Heap Roots: 0.11ms
[162.544s][info][gc,phases   ] GC(344)   Evacuate Collection Set: 5.62ms
[162.544s][info][gc,phases   ] GC(344)   Post Evacuate Collection Set: 0.69ms
[162.544s][info][gc,phases   ] GC(344)   Other: 0.13ms
[162.544s][info][gc,heap     ] GC(344) Eden regions: 375->0(371)
[162.544s][info][gc,heap     ] GC(344) Survivor regions: 3->5(48)
[162.544s][info][gc,heap     ] GC(344) Old regions: 45->45
[162.544s][info][gc,heap     ] GC(344) Humongous regions: 207->207
[162.544s][info][gc,metaspace] GC(344) Metaspace: 56385K(56704K)->56385K(56704K) NonClass: 50765K(51008K)->50765K(51008K) Class: 5620K(5696K)->5620K(5696K)
[162.544s][info][gc          ] GC(344) Pause Young (Concurrent Start) (G1 Evacuation Pause) 629M->256M(667M) 7.052ms
[162.544s][info][gc,cpu      ] GC(344) User=0.01s Sys=0.00s Real=0.01s
[162.544s][info][gc          ] GC(345) Concurrent Mark Cycle
[162.544s][info][gc,marking  ] GC(345) Concurrent Scan Root Regions
[162.548s][info][gc,marking  ] GC(345) Concurrent Scan Root Regions 3.641ms
[162.548s][info][gc,marking  ] GC(345) Concurrent Mark
[162.548s][info][gc,marking  ] GC(345) Concurrent Mark From Roots
[162.548s][info][gc,task     ] GC(345) Using 1 workers of 1 for marking
[162.598s][info][gc,marking  ] GC(345) Concurrent Mark From Roots 50.371ms
[162.598s][info][gc,marking  ] GC(345) Concurrent Preclean
[162.598s][info][gc,marking  ] GC(345) Concurrent Preclean 0.060ms
[162.598s][info][gc,start    ] GC(345) Pause Remark
[162.607s][info][gc          ] GC(345) Pause Remark 270M->270M(667M) 8.264ms
[162.607s][info][gc,cpu      ] GC(345) User=0.01s Sys=0.00s Real=0.00s
[162.607s][info][gc,marking  ] GC(345) Concurrent Mark 58.967ms
[162.607s][info][gc,marking  ] GC(345) Concurrent Rebuild Remembered Sets and Scrub Regions
[162.631s][info][gc,marking  ] GC(345) Concurrent Rebuild Remembered Sets and Scrub Regions 24.525ms
[162.631s][info][gc,start    ] GC(345) Pause Cleanup
[162.631s][info][gc          ] GC(345) Pause Cleanup 287M->287M(667M) 0.074ms
[162.631s][info][gc,cpu      ] GC(345) User=0.00s Sys=0.00s Real=0.00s
[162.632s][info][gc,marking  ] GC(345) Concurrent Clear Claimed Marks
[162.632s][info][gc,marking  ] GC(345) Concurrent Clear Claimed Marks 0.086ms
[162.632s][info][gc,marking  ] GC(345) Concurrent Cleanup for Next Mark
[162.634s][info][gc,marking  ] GC(345) Concurrent Cleanup for Next Mark 2.161ms
[162.634s][info][gc          ] GC(345) Concurrent Mark Cycle 89.862ms
[163.430s][info][gc,start    ] GC(346) Pause Young (Prepare Mixed) (G1 Evacuation Pause)
[163.430s][info][gc,task     ] GC(346) Using 2 workers of 2 for evacuation
[163.437s][info][gc,phases   ] GC(346)   Pre Evacuate Collection Set: 0.27ms
[163.437s][info][gc,phases   ] GC(346)   Merge Heap Roots: 0.12ms
[163.437s][info][gc,phases   ] GC(346)   Evacuate Collection Set: 5.91ms
[163.437s][info][gc,phases   ] GC(346)   Post Evacuate Collection Set: 0.66ms
[163.437s][info][gc,phases   ] GC(346)   Other: 0.10ms
[163.437s][info][gc,heap     ] GC(346) Eden regions: 371->0(373)
[163.437s][info][gc,heap     ] GC(346) Survivor regions: 5->4(47)
[163.437s][info][gc,heap     ] GC(346) Old regions: 45->45
[163.437s][info][gc,heap     ] GC(346) Humongous regions: 207->207
[163.437s][info][gc,metaspace] GC(346) Metaspace: 56385K(56704K)->56385K(56704K) NonClass: 50765K(51008K)->50765K(51008K) Class: 5620K(5696K)->5620K(5696K)
[163.437s][info][gc          ] GC(346) Pause Young (Prepare Mixed) (G1 Evacuation Pause) 627M->255M(667M) 7.237ms
[163.437s][info][gc,cpu      ] GC(346) User=0.01s Sys=0.00s Real=0.00s
[164.339s][info][gc,start    ] GC(347) Pause Young (Mixed) (G1 Evacuation Pause)
[164.339s][info][gc,task     ] GC(347) Using 2 workers of 2 for evacuation
[164.347s][info][gc,phases   ] GC(347)   Pre Evacuate Collection Set: 0.25ms
[164.347s][info][gc,phases   ] GC(347)   Merge Heap Roots: 0.12ms
[164.347s][info][gc,phases   ] GC(347)   Evacuate Collection Set: 6.32ms
[164.347s][info][gc,phases   ] GC(347)   Post Evacuate Collection Set: 0.67ms
[164.347s][info][gc,phases   ] GC(347)   Other: 0.08ms
[164.347s][info][gc,heap     ] GC(347) Eden regions: 373->0(375)
[164.347s][info][gc,heap     ] GC(347) Survivor regions: 4->3(48)
[164.347s][info][gc,heap     ] GC(347) Old regions: 45->45
[164.347s][info][gc,heap     ] GC(347) Humongous regions: 207->207
[164.347s][info][gc,metaspace] GC(347) Metaspace: 56388K(56704K)->56388K(56704K) NonClass: 50767K(51008K)->50767K(51008K) Class: 5620K(5696K)->5620K(5696K)
[164.347s][info][gc          ] GC(347) Pause Young (Mixed) (G1 Evacuation Pause) 627M->254M(667M) 7.601ms
[164.347s][info][gc,cpu      ] GC(347) User=0.02s Sys=0.00s Real=0.00s
[164.869s][info][gc,start    ] GC(348) Pause Young (Concurrent Start) (G1 Humongous Allocation)
[164.869s][info][gc,task     ] GC(348) Using 2 workers of 2 for evacuation
[164.872s][info][gc,phases   ] GC(348)   Pre Evacuate Collection Set: 0.29ms
[164.872s][info][gc,phases   ] GC(348)   Merge Heap Roots: 0.10ms
[164.872s][info][gc,phases   ] GC(348)   Evacuate Collection Set: 1.88ms
[164.872s][info][gc,phases   ] GC(348)   Post Evacuate Collection Set: 0.50ms
[164.872s][info][gc,phases   ] GC(348)   Other: 0.09ms
[164.872s][info][gc,heap     ] GC(348) Eden regions: 217->0(379)
[164.872s][info][gc,heap     ] GC(348) Survivor regions: 3->1(48)
[164.872s][info][gc,heap     ] GC(348) Old regions: 45->45
[164.872s][info][gc,heap     ] GC(348) Humongous regions: 207->207
[164.872s][info][gc,metaspace] GC(348) Metaspace: 56392K(56704K)->56392K(56704K) NonClass: 50772K(51008K)->50772K(51008K) Class: 5620K(5696K)->5620K(5696K)
[164.872s][info][gc          ] GC(348) Pause Young (Concurrent Start) (G1 Humongous Allocation) 471M->252M(667M) 3.010ms
[164.872s][info][gc,cpu      ] GC(348) User=0.00s Sys=0.00s Real=0.00s
[164.872s][info][gc          ] GC(349) Concurrent Mark Cycle
[164.872s][info][gc,marking  ] GC(349) Concurrent Scan Root Regions
[164.873s][info][gc,marking  ] GC(349) Concurrent Scan Root Regions 1.409ms
[164.873s][info][gc,marking  ] GC(349) Concurrent Mark
[164.873s][info][gc,marking  ] GC(349) Concurrent Mark From Roots
[164.873s][info][gc,task     ] GC(349) Using 1 workers of 1 for marking
[164.913s][info][gc,marking  ] GC(349) Concurrent Mark From Roots 40.270ms
[164.914s][info][gc,marking  ] GC(349) Concurrent Preclean
[164.914s][info][gc,marking  ] GC(349) Concurrent Preclean 0.062ms
[164.914s][info][gc,start    ] GC(349) Pause Remark
[164.923s][info][gc          ] GC(349) Pause Remark 292M->292M(667M) 8.490ms
[164.923s][info][gc,cpu      ] GC(349) User=0.01s Sys=0.01s Real=0.01s
[164.923s][info][gc,marking  ] GC(349) Concurrent Mark 49.923ms
[164.923s][info][gc,marking  ] GC(349) Concurrent Rebuild Remembered Sets and Scrub Regions
[164.939s][info][gc,marking  ] GC(349) Concurrent Rebuild Remembered Sets and Scrub Regions 15.463ms
[164.939s][info][gc,start    ] GC(349) Pause Cleanup
[164.939s][info][gc          ] GC(349) Pause Cleanup 292M->292M(667M) 0.108ms
[164.939s][info][gc,cpu      ] GC(349) User=0.00s Sys=0.00s Real=0.00s
[164.939s][info][gc,marking  ] GC(349) Concurrent Clear Claimed Marks
[164.939s][info][gc,marking  ] GC(349) Concurrent Clear Claimed Marks 0.096ms
[164.939s][info][gc,marking  ] GC(349) Concurrent Cleanup for Next Mark
[164.941s][info][gc,marking  ] GC(349) Concurrent Cleanup for Next Mark 2.000ms
[164.941s][info][gc          ] GC(349) Concurrent Mark Cycle 69.535ms
[168.160s][info][gc,start    ] GC(350) Pause Young (Prepare Mixed) (G1 Evacuation Pause)
[168.160s][info][gc,task     ] GC(350) Using 2 workers of 2 for evacuation
[168.173s][info][gc,phases   ] GC(350)   Pre Evacuate Collection Set: 0.25ms
[168.173s][info][gc,phases   ] GC(350)   Merge Heap Roots: 0.12ms
[168.173s][info][gc,phases   ] GC(350)   Evacuate Collection Set: 11.24ms
[168.173s][info][gc,phases   ] GC(350)   Post Evacuate Collection Set: 0.75ms
[168.173s][info][gc,phases   ] GC(350)   Other: 0.07ms
[168.173s][info][gc,heap     ] GC(350) Eden regions: 258->0(366)
[168.173s][info][gc,heap     ] GC(350) Survivor regions: 1->14(48)
[168.173s][info][gc,heap     ] GC(350) Old regions: 45->45
[168.173s][info][gc,heap     ] GC(350) Humongous regions: 363->207
[168.173s][info][gc,metaspace] GC(350) Metaspace: 56625K(56960K)->56625K(56960K) NonClass: 51005K(51264K)->51005K(51264K) Class: 5620K(5696K)->5620K(5696K)
[168.173s][info][gc          ] GC(350) Pause Young (Prepare Mixed) (G1 Evacuation Pause) 666M->265M(681M) 12.609ms
[168.173s][info][gc,cpu      ] GC(350) User=0.02s Sys=0.00s Real=0.01s
[169.043s][info][gc,start    ] GC(351) Pause Young (Mixed) (G1 Evacuation Pause)
[169.043s][info][gc,task     ] GC(351) Using 2 workers of 2 for evacuation
[169.053s][info][gc,phases   ] GC(351)   Pre Evacuate Collection Set: 0.26ms
[169.053s][info][gc,phases   ] GC(351)   Merge Heap Roots: 0.13ms
[169.053s][info][gc,phases   ] GC(351)   Evacuate Collection Set: 8.15ms
[169.053s][info][gc,phases   ] GC(351)   Post Evacuate Collection Set: 0.73ms
[169.053s][info][gc,phases   ] GC(351)   Other: 0.08ms
[169.053s][info][gc,heap     ] GC(351) Eden regions: 366->0(364)
[169.053s][info][gc,heap     ] GC(351) Survivor regions: 14->15(48)
[169.053s][info][gc,heap     ] GC(351) Old regions: 45->45
[169.053s][info][gc,heap     ] GC(351) Humongous regions: 207->207
[169.053s][info][gc,metaspace] GC(351) Metaspace: 56625K(56960K)->56625K(56960K) NonClass: 51005K(51264K)->51005K(51264K) Class: 5620K(5696K)->5620K(5696K)
[169.053s][info][gc          ] GC(351) Pause Young (Mixed) (G1 Evacuation Pause) 631M->266M(681M) 9.526ms
[169.053s][info][gc,cpu      ] GC(351) User=0.01s Sys=0.01s Real=0.01s
[169.932s][info][gc,start    ] GC(352) Pause Young (Concurrent Start) (G1 Evacuation Pause)
[169.932s][info][gc,task     ] GC(352) Using 2 workers of 2 for evacuation
[169.943s][info][gc,phases   ] GC(352)   Pre Evacuate Collection Set: 0.28ms
[169.943s][info][gc,phases   ] GC(352)   Merge Heap Roots: 0.11ms
[169.943s][info][gc,phases   ] GC(352)   Evacuate Collection Set: 9.64ms
[169.943s][info][gc,phases   ] GC(352)   Post Evacuate Collection Set: 0.70ms
[169.943s][info][gc,phases   ] GC(352)   Other: 0.10ms
[169.943s][info][gc,heap     ] GC(352) Eden regions: 364->0(362)
[169.943s][info][gc,heap     ] GC(352) Survivor regions: 15->16(48)
[169.943s][info][gc,heap     ] GC(352) Old regions: 45->45
[169.943s][info][gc,heap     ] GC(352) Humongous regions: 207->207
[169.943s][info][gc,metaspace] GC(352) Metaspace: 56625K(56960K)->56625K(56960K) NonClass: 51005K(51264K)->51005K(51264K) Class: 5620K(5696K)->5620K(5696K)
[169.943s][info][gc          ] GC(352) Pause Young (Concurrent Start) (G1 Evacuation Pause) 630M->267M(681M) 11.053ms
[169.943s][info][gc          ] GC(353) Concurrent Mark Cycle
[169.943s][info][gc,marking  ] GC(353) Concurrent Scan Root Regions
[169.943s][info][gc,cpu      ] GC(352) User=0.02s Sys=0.00s Real=0.01s
[169.951s][info][gc,marking  ] GC(353) Concurrent Scan Root Regions 8.068ms
[169.951s][info][gc,marking  ] GC(353) Concurrent Mark
[169.951s][info][gc,marking  ] GC(353) Concurrent Mark From Roots
[169.951s][info][gc,task     ] GC(353) Using 1 workers of 1 for marking
[169.994s][info][gc,marking  ] GC(353) Concurrent Mark From Roots 43.271ms
[169.994s][info][gc,marking  ] GC(353) Concurrent Preclean
[169.994s][info][gc,marking  ] GC(353) Concurrent Preclean 0.044ms
[169.995s][info][gc,start    ] GC(353) Pause Remark
[170.003s][info][gc          ] GC(353) Pause Remark 283M->283M(681M) 8.670ms
[170.003s][info][gc,cpu      ] GC(353) User=0.02s Sys=0.00s Real=0.01s
[170.003s][info][gc,marking  ] GC(353) Concurrent Mark 52.203ms
[170.003s][info][gc,marking  ] GC(353) Concurrent Rebuild Remembered Sets and Scrub Regions
[170.018s][info][gc,marking  ] GC(353) Concurrent Rebuild Remembered Sets and Scrub Regions 14.931ms
[170.018s][info][gc,start    ] GC(353) Pause Cleanup
[170.018s][info][gc          ] GC(353) Pause Cleanup 290M->290M(681M) 0.057ms
[170.019s][info][gc,cpu      ] GC(353) User=0.00s Sys=0.00s Real=0.00s
[170.019s][info][gc,marking  ] GC(353) Concurrent Clear Claimed Marks
[170.019s][info][gc,marking  ] GC(353) Concurrent Clear Claimed Marks 0.079ms
[170.019s][info][gc,marking  ] GC(353) Concurrent Cleanup for Next Mark
[170.021s][info][gc,marking  ] GC(353) Concurrent Cleanup for Next Mark 2.138ms
[170.021s][info][gc          ] GC(353) Concurrent Mark Cycle 77.833ms
[170.820s][info][gc,start    ] GC(354) Pause Young (Prepare Mixed) (G1 Evacuation Pause)
[170.820s][info][gc,task     ] GC(354) Using 2 workers of 2 for evacuation
[170.828s][info][gc,phases   ] GC(354)   Pre Evacuate Collection Set: 0.28ms
[170.828s][info][gc,phases   ] GC(354)   Merge Heap Roots: 0.14ms
[170.828s][info][gc,phases   ] GC(354)   Evacuate Collection Set: 6.88ms
[170.828s][info][gc,phases   ] GC(354)   Post Evacuate Collection Set: 0.74ms
[170.828s][info][gc,phases   ] GC(354)   Other: 0.10ms
[170.828s][info][gc,heap     ] GC(354) Eden regions: 362->0(364)
[170.828s][info][gc,heap     ] GC(354) Survivor regions: 16->15(48)
[170.828s][info][gc,heap     ] GC(354) Old regions: 45->45
[170.828s][info][gc,heap     ] GC(354) Humongous regions: 207->207
[170.828s][info][gc,metaspace] GC(354) Metaspace: 56625K(56960K)->56625K(56960K) NonClass: 51005K(51264K)->51005K(51264K) Class: 5620K(5696K)->5620K(5696K)
[170.828s][info][gc          ] GC(354) Pause Young (Prepare Mixed) (G1 Evacuation Pause) 629M->266M(681M) 8.309ms
[170.829s][info][gc,cpu      ] GC(354) User=0.02s Sys=0.00s Real=0.01s
[171.719s][info][gc,start    ] GC(355) Pause Young (Mixed) (G1 Evacuation Pause)
[171.719s][info][gc,task     ] GC(355) Using 2 workers of 2 for evacuation
[171.729s][info][gc,phases   ] GC(355)   Pre Evacuate Collection Set: 0.27ms
[171.729s][info][gc,phases   ] GC(355)   Merge Heap Roots: 0.13ms
[171.729s][info][gc,phases   ] GC(355)   Evacuate Collection Set: 8.63ms
[171.729s][info][gc,phases   ] GC(355)   Post Evacuate Collection Set: 0.73ms
[171.729s][info][gc,phases   ] GC(355)   Other: 0.09ms
[171.729s][info][gc,heap     ] GC(355) Eden regions: 364->0(364)
[171.729s][info][gc,heap     ] GC(355) Survivor regions: 15->15(48)
[171.729s][info][gc,heap     ] GC(355) Old regions: 45->45
[171.729s][info][gc,heap     ] GC(355) Humongous regions: 207->207
[171.729s][info][gc,metaspace] GC(355) Metaspace: 56625K(56960K)->56625K(56960K) NonClass: 51005K(51264K)->51005K(51264K) Class: 5620K(5696K)->5620K(5696K)
[171.729s][info][gc          ] GC(355) Pause Young (Mixed) (G1 Evacuation Pause) 630M->265M(681M) 10.022ms
[171.729s][info][gc,cpu      ] GC(355) User=0.01s Sys=0.00s Real=0.01s
[172.623s][info][gc,start    ] GC(356) Pause Young (Concurrent Start) (G1 Evacuation Pause)
[172.623s][info][gc,task     ] GC(356) Using 2 workers of 2 for evacuation
[172.632s][info][gc,phases   ] GC(356)   Pre Evacuate Collection Set: 0.27ms
[172.632s][info][gc,phases   ] GC(356)   Merge Heap Roots: 0.13ms
[172.632s][info][gc,phases   ] GC(356)   Evacuate Collection Set: 7.43ms
[172.632s][info][gc,phases   ] GC(356)   Post Evacuate Collection Set: 0.72ms
[172.632s][info][gc,phases   ] GC(356)   Other: 0.12ms
[172.632s][info][gc,heap     ] GC(356) Eden regions: 364->0(366)
[172.632s][info][gc,heap     ] GC(356) Survivor regions: 15->14(48)
[172.632s][info][gc,heap     ] GC(356) Old regions: 45->45
[172.632s][info][gc,heap     ] GC(356) Humongous regions: 207->207
[172.632s][info][gc,metaspace] GC(356) Metaspace: 56625K(56960K)->56625K(56960K) NonClass: 51005K(51264K)->51005K(51264K) Class: 5620K(5696K)->5620K(5696K)
[172.632s][info][gc          ] GC(356) Pause Young (Concurrent Start) (G1 Evacuation Pause) 629M->265M(681M) 8.859ms
[172.632s][info][gc          ] GC(357) Concurrent Mark Cycle
[172.632s][info][gc,marking  ] GC(357) Concurrent Scan Root Regions
[172.634s][info][gc,cpu      ] GC(356) User=0.02s Sys=0.00s Real=0.01s
[172.639s][info][gc,marking  ] GC(357) Concurrent Scan Root Regions 7.226ms
[172.640s][info][gc,marking  ] GC(357) Concurrent Mark
[172.640s][info][gc,marking  ] GC(357) Concurrent Mark From Roots
[172.640s][info][gc,task     ] GC(357) Using 1 workers of 1 for marking
[172.697s][info][gc,marking  ] GC(357) Concurrent Mark From Roots 57.514ms
[172.697s][info][gc,marking  ] GC(357) Concurrent Preclean
[172.697s][info][gc,marking  ] GC(357) Concurrent Preclean 0.048ms
[172.697s][info][gc,start    ] GC(357) Pause Remark
[172.706s][info][gc          ] GC(357) Pause Remark 301M->301M(681M) 9.274ms
[172.707s][info][gc,cpu      ] GC(357) User=0.02s Sys=0.00s Real=0.01s
[172.707s][info][gc,marking  ] GC(357) Concurrent Mark 67.951ms
[172.707s][info][gc,marking  ] GC(357) Concurrent Rebuild Remembered Sets and Scrub Regions
[172.739s][info][gc,marking  ] GC(357) Concurrent Rebuild Remembered Sets and Scrub Regions 31.565ms
[172.739s][info][gc,start    ] GC(357) Pause Cleanup
[172.739s][info][gc          ] GC(357) Pause Cleanup 326M->326M(681M) 0.072ms
[172.739s][info][gc,cpu      ] GC(357) User=0.00s Sys=0.00s Real=0.00s
[172.739s][info][gc,marking  ] GC(357) Concurrent Clear Claimed Marks
[172.739s][info][gc,marking  ] GC(357) Concurrent Clear Claimed Marks 0.085ms
[172.739s][info][gc,marking  ] GC(357) Concurrent Cleanup for Next Mark
[172.745s][info][gc,marking  ] GC(357) Concurrent Cleanup for Next Mark 5.754ms
[172.745s][info][gc          ] GC(357) Concurrent Mark Cycle 112.978ms
[173.511s][info][gc,start    ] GC(358) Pause Young (Prepare Mixed) (G1 Evacuation Pause)
[173.511s][info][gc,task     ] GC(358) Using 2 workers of 2 for evacuation
[173.519s][info][gc,phases   ] GC(358)   Pre Evacuate Collection Set: 0.24ms
[173.519s][info][gc,phases   ] GC(358)   Merge Heap Roots: 0.14ms
[173.519s][info][gc,phases   ] GC(358)   Evacuate Collection Set: 6.09ms
[173.519s][info][gc,phases   ] GC(358)   Post Evacuate Collection Set: 0.72ms
[173.519s][info][gc,phases   ] GC(358)   Other: 0.08ms
[173.519s][info][gc,heap     ] GC(358) Eden regions: 366->0(366)
[173.519s][info][gc,heap     ] GC(358) Survivor regions: 14->14(48)
[173.519s][info][gc,heap     ] GC(358) Old regions: 45->45
[173.519s][info][gc,heap     ] GC(358) Humongous regions: 207->207
[173.519s][info][gc,metaspace] GC(358) Metaspace: 56625K(56960K)->56625K(56960K) NonClass: 51005K(51264K)->51005K(51264K) Class: 5620K(5696K)->5620K(5696K)
[173.519s][info][gc          ] GC(358) Pause Young (Prepare Mixed) (G1 Evacuation Pause) 631M->265M(681M) 7.442ms
[173.519s][info][gc,cpu      ] GC(358) User=0.01s Sys=0.00s Real=0.01s
[174.349s][info][gc,start    ] GC(359) Pause Young (Mixed) (G1 Evacuation Pause)
[174.349s][info][gc,task     ] GC(359) Using 2 workers of 2 for evacuation
[174.357s][info][gc,phases   ] GC(359)   Pre Evacuate Collection Set: 0.27ms
[174.357s][info][gc,phases   ] GC(359)   Merge Heap Roots: 0.14ms
[174.357s][info][gc,phases   ] GC(359)   Evacuate Collection Set: 6.78ms
[174.357s][info][gc,phases   ] GC(359)   Post Evacuate Collection Set: 0.72ms
[174.357s][info][gc,phases   ] GC(359)   Other: 0.08ms
[174.357s][info][gc,heap     ] GC(359) Eden regions: 366->0(366)
[174.357s][info][gc,heap     ] GC(359) Survivor regions: 14->14(48)
[174.357s][info][gc,heap     ] GC(359) Old regions: 45->45
[174.357s][info][gc,heap     ] GC(359) Humongous regions: 207->207
[174.357s][info][gc,metaspace] GC(359) Metaspace: 56625K(56960K)->56625K(56960K) NonClass: 51005K(51264K)->51005K(51264K) Class: 5620K(5696K)->5620K(5696K)
[174.357s][info][gc          ] GC(359) Pause Young (Mixed) (G1 Evacuation Pause) 631M->264M(681M) 8.190ms
[174.357s][info][gc,cpu      ] GC(359) User=0.01s Sys=0.00s Real=0.00s
[175.407s][info][gc,start    ] GC(360) Pause Young (Concurrent Start) (G1 Evacuation Pause)
[175.407s][info][gc,task     ] GC(360) Using 2 workers of 2 for evacuation
[175.415s][info][gc,phases   ] GC(360)   Pre Evacuate Collection Set: 0.28ms
[175.415s][info][gc,phases   ] GC(360)   Merge Heap Roots: 0.13ms
[175.415s][info][gc,phases   ] GC(360)   Evacuate Collection Set: 6.96ms
[175.415s][info][gc,phases   ] GC(360)   Post Evacuate Collection Set: 0.69ms
[175.415s][info][gc,phases   ] GC(360)   Other: 0.16ms
[175.415s][info][gc,heap     ] GC(360) Eden regions: 366->0(364)
[175.415s][info][gc,heap     ] GC(360) Survivor regions: 14->15(48)
[175.415s][info][gc,heap     ] GC(360) Old regions: 45->45
[175.415s][info][gc,heap     ] GC(360) Humongous regions: 207->207
[175.415s][info][gc,metaspace] GC(360) Metaspace: 56625K(56960K)->56625K(56960K) NonClass: 51005K(51264K)->51005K(51264K) Class: 5620K(5696K)->5620K(5696K)
[175.415s][info][gc          ] GC(360) Pause Young (Concurrent Start) (G1 Evacuation Pause) 630M->265M(681M) 8.409ms
[175.415s][info][gc,cpu      ] GC(360) User=0.01s Sys=0.00s Real=0.01s
[175.415s][info][gc          ] GC(361) Concurrent Mark Cycle
[175.415s][info][gc,marking  ] GC(361) Concurrent Scan Root Regions
[175.419s][info][gc,marking  ] GC(361) Concurrent Scan Root Regions 4.179ms
[175.419s][info][gc,marking  ] GC(361) Concurrent Mark
[175.419s][info][gc,marking  ] GC(361) Concurrent Mark From Roots
[175.419s][info][gc,task     ] GC(361) Using 1 workers of 1 for marking
[175.478s][info][gc,marking  ] GC(361) Concurrent Mark From Roots 59.060ms
[175.478s][info][gc,marking  ] GC(361) Concurrent Preclean
[175.478s][info][gc,marking  ] GC(361) Concurrent Preclean 0.048ms
[175.479s][info][gc,start    ] GC(361) Pause Remark
[175.487s][info][gc          ] GC(361) Pause Remark 306M->306M(681M) 8.711ms
[175.487s][info][gc,cpu      ] GC(361) User=0.01s Sys=0.00s Real=0.00s
[175.488s][info][gc,marking  ] GC(361) Concurrent Mark 68.235ms
[175.488s][info][gc,marking  ] GC(361) Concurrent Rebuild Remembered Sets and Scrub Regions
[175.503s][info][gc,marking  ] GC(361) Concurrent Rebuild Remembered Sets and Scrub Regions 14.957ms
[175.503s][info][gc,start    ] GC(361) Pause Cleanup
[175.503s][info][gc          ] GC(361) Pause Cleanup 312M->312M(681M) 0.065ms
[175.503s][info][gc,cpu      ] GC(361) User=0.00s Sys=0.00s Real=0.00s
[175.503s][info][gc,marking  ] GC(361) Concurrent Clear Claimed Marks
[175.503s][info][gc,marking  ] GC(361) Concurrent Clear Claimed Marks 0.099ms
[175.503s][info][gc,marking  ] GC(361) Concurrent Cleanup for Next Mark
[175.505s][info][gc,marking  ] GC(361) Concurrent Cleanup for Next Mark 2.109ms
[175.505s][info][gc          ] GC(361) Concurrent Mark Cycle 90.000ms
[176.233s][info][gc,start    ] GC(362) Pause Young (Prepare Mixed) (G1 Evacuation Pause)
[176.233s][info][gc,task     ] GC(362) Using 2 workers of 2 for evacuation
[176.243s][info][gc,phases   ] GC(362)   Pre Evacuate Collection Set: 0.25ms
[176.243s][info][gc,phases   ] GC(362)   Merge Heap Roots: 0.14ms
[176.243s][info][gc,phases   ] GC(362)   Evacuate Collection Set: 8.75ms
[176.243s][info][gc,phases   ] GC(362)   Post Evacuate Collection Set: 0.75ms
[176.243s][info][gc,phases   ] GC(362)   Other: 0.08ms
[176.243s][info][gc,heap     ] GC(362) Eden regions: 364->0(362)
[176.243s][info][gc,heap     ] GC(362) Survivor regions: 15->16(48)
[176.243s][info][gc,heap     ] GC(362) Old regions: 45->45
[176.243s][info][gc,heap     ] GC(362) Humongous regions: 207->207
[176.243s][info][gc,metaspace] GC(362) Metaspace: 56625K(56960K)->56625K(56960K) NonClass: 51005K(51264K)->51005K(51264K) Class: 5620K(5696K)->5620K(5696K)
[176.243s][info][gc          ] GC(362) Pause Young (Prepare Mixed) (G1 Evacuation Pause) 629M->267M(681M) 10.152ms
[176.243s][info][gc,cpu      ] GC(362) User=0.02s Sys=0.00s Real=0.01s
[177.126s][info][gc,start    ] GC(363) Pause Young (Mixed) (G1 Evacuation Pause)
[177.126s][info][gc,task     ] GC(363) Using 2 workers of 2 for evacuation
[177.137s][info][gc,phases   ] GC(363)   Pre Evacuate Collection Set: 0.28ms
[177.137s][info][gc,phases   ] GC(363)   Merge Heap Roots: 0.14ms
[177.137s][info][gc,phases   ] GC(363)   Evacuate Collection Set: 9.98ms
[177.137s][info][gc,phases   ] GC(363)   Post Evacuate Collection Set: 0.74ms
[177.137s][info][gc,phases   ] GC(363)   Other: 0.11ms
[177.137s][info][gc,heap     ] GC(363) Eden regions: 362->0(362)
[177.137s][info][gc,heap     ] GC(363) Survivor regions: 16->16(48)
[177.137s][info][gc,heap     ] GC(363) Old regions: 45->45
[177.137s][info][gc,heap     ] GC(363) Humongous regions: 207->207
[177.137s][info][gc,metaspace] GC(363) Metaspace: 56625K(56960K)->56625K(56960K) NonClass: 51005K(51264K)->51005K(51264K) Class: 5620K(5696K)->5620K(5696K)
[177.137s][info][gc          ] GC(363) Pause Young (Mixed) (G1 Evacuation Pause) 629M->266M(681M) 11.447ms
[177.137s][info][gc,cpu      ] GC(363) User=0.03s Sys=0.00s Real=0.01s
[178.020s][info][gc,start    ] GC(364) Pause Young (Concurrent Start) (G1 Evacuation Pause)
[178.020s][info][gc,task     ] GC(364) Using 2 workers of 2 for evacuation
[178.029s][info][gc,phases   ] GC(364)   Pre Evacuate Collection Set: 0.26ms
[178.029s][info][gc,phases   ] GC(364)   Merge Heap Roots: 0.12ms
[178.029s][info][gc,phases   ] GC(364)   Evacuate Collection Set: 8.11ms
[178.029s][info][gc,phases   ] GC(364)   Post Evacuate Collection Set: 0.72ms
[178.029s][info][gc,phases   ] GC(364)   Other: 0.11ms
[178.029s][info][gc,heap     ] GC(364) Eden regions: 362->0(362)
[178.029s][info][gc,heap     ] GC(364) Survivor regions: 16->16(48)
[178.029s][info][gc,heap     ] GC(364) Old regions: 45->45
[178.029s][info][gc,heap     ] GC(364) Humongous regions: 207->207
[178.029s][info][gc,metaspace] GC(364) Metaspace: 56625K(56960K)->56625K(56960K) NonClass: 51005K(51264K)->51005K(51264K) Class: 5620K(5696K)->5620K(5696K)
[178.029s][info][gc          ] GC(364) Pause Young (Concurrent Start) (G1 Evacuation Pause) 628M->266M(681M) 9.517ms
[178.029s][info][gc          ] GC(365) Concurrent Mark Cycle
[178.029s][info][gc,marking  ] GC(365) Concurrent Scan Root Regions
[178.030s][info][gc,cpu      ] GC(364) User=0.02s Sys=0.00s Real=0.01s
[178.038s][info][gc,marking  ] GC(365) Concurrent Scan Root Regions 8.960ms
[178.038s][info][gc,marking  ] GC(365) Concurrent Mark
[178.038s][info][gc,marking  ] GC(365) Concurrent Mark From Roots
[178.038s][info][gc,task     ] GC(365) Using 1 workers of 1 for marking
[178.086s][info][gc,marking  ] GC(365) Concurrent Mark From Roots 47.307ms
[178.086s][info][gc,marking  ] GC(365) Concurrent Preclean
[178.086s][info][gc,marking  ] GC(365) Concurrent Preclean 0.047ms
[178.086s][info][gc,start    ] GC(365) Pause Remark
[178.095s][info][gc          ] GC(365) Pause Remark 295M->295M(681M) 8.631ms
[178.095s][info][gc,cpu      ] GC(365) User=0.02s Sys=0.00s Real=0.01s
[178.095s][info][gc,marking  ] GC(365) Concurrent Mark 56.504ms
[178.095s][info][gc,marking  ] GC(365) Concurrent Rebuild Remembered Sets and Scrub Regions
[178.116s][info][gc,marking  ] GC(365) Concurrent Rebuild Remembered Sets and Scrub Regions 20.814ms
[178.116s][info][gc,start    ] GC(365) Pause Cleanup
[178.116s][info][gc          ] GC(365) Pause Cleanup 306M->306M(681M) 0.067ms
[178.116s][info][gc,cpu      ] GC(365) User=0.00s Sys=0.00s Real=0.00s
[178.116s][info][gc,marking  ] GC(365) Concurrent Clear Claimed Marks
[178.117s][info][gc,marking  ] GC(365) Concurrent Clear Claimed Marks 0.092ms
[178.117s][info][gc,marking  ] GC(365) Concurrent Cleanup for Next Mark
[178.121s][info][gc,marking  ] GC(365) Concurrent Cleanup for Next Mark 4.635ms
[178.121s][info][gc          ] GC(365) Concurrent Mark Cycle 91.774ms
[178.911s][info][gc,start    ] GC(366) Pause Young (Prepare Mixed) (G1 Evacuation Pause)
[178.911s][info][gc,task     ] GC(366) Using 2 workers of 2 for evacuation
[178.919s][info][gc,phases   ] GC(366)   Pre Evacuate Collection Set: 0.25ms
[178.919s][info][gc,phases   ] GC(366)   Merge Heap Roots: 0.14ms
[178.919s][info][gc,phases   ] GC(366)   Evacuate Collection Set: 6.06ms
[178.919s][info][gc,phases   ] GC(366)   Post Evacuate Collection Set: 0.72ms
[178.919s][info][gc,phases   ] GC(366)   Other: 0.09ms
[178.919s][info][gc,heap     ] GC(366) Eden regions: 362->0(366)
[178.919s][info][gc,heap     ] GC(366) Survivor regions: 16->14(48)
[178.919s][info][gc,heap     ] GC(366) Old regions: 45->45
[178.919s][info][gc,heap     ] GC(366) Humongous regions: 207->207
[178.919s][info][gc,metaspace] GC(366) Metaspace: 56625K(56960K)->56625K(56960K) NonClass: 51005K(51264K)->51005K(51264K) Class: 5620K(5696K)->5620K(5696K)
[178.919s][info][gc          ] GC(366) Pause Young (Prepare Mixed) (G1 Evacuation Pause) 628M->265M(681M) 7.487ms
[178.919s][info][gc,cpu      ] GC(366) User=0.02s Sys=0.00s Real=0.01s
[179.807s][info][gc,start    ] GC(367) Pause Young (Mixed) (G1 Evacuation Pause)
[179.807s][info][gc,task     ] GC(367) Using 2 workers of 2 for evacuation
[179.816s][info][gc,phases   ] GC(367)   Pre Evacuate Collection Set: 0.27ms
[179.816s][info][gc,phases   ] GC(367)   Merge Heap Roots: 0.14ms
[179.816s][info][gc,phases   ] GC(367)   Evacuate Collection Set: 7.19ms
[179.816s][info][gc,phases   ] GC(367)   Post Evacuate Collection Set: 0.80ms
[179.816s][info][gc,phases   ] GC(367)   Other: 0.13ms
[179.816s][info][gc,heap     ] GC(367) Eden regions: 366->0(366)
[179.816s][info][gc,heap     ] GC(367) Survivor regions: 14->14(48)
[179.816s][info][gc,heap     ] GC(367) Old regions: 45->45
[179.816s][info][gc,heap     ] GC(367) Humongous regions: 207->207
[179.816s][info][gc,metaspace] GC(367) Metaspace: 56625K(56960K)->56625K(56960K) NonClass: 51005K(51264K)->51005K(51264K) Class: 5620K(5696K)->5620K(5696K)
[179.816s][info][gc          ] GC(367) Pause Young (Mixed) (G1 Evacuation Pause) 631M->264M(681M) 8.724ms
[179.816s][info][gc,cpu      ] GC(367) User=0.02s Sys=0.00s Real=0.01s
[180.649s][info][gc,start    ] GC(368) Pause Young (Concurrent Start) (G1 Evacuation Pause)
[180.649s][info][gc,task     ] GC(368) Using 2 workers of 2 for evacuation
[180.658s][info][gc,phases   ] GC(368)   Pre Evacuate Collection Set: 0.31ms
[180.658s][info][gc,phases   ] GC(368)   Merge Heap Roots: 0.12ms
[180.658s][info][gc,phases   ] GC(368)   Evacuate Collection Set: 7.18ms
[180.658s][info][gc,phases   ] GC(368)   Post Evacuate Collection Set: 0.71ms
[180.658s][info][gc,phases   ] GC(368)   Other: 0.13ms
[180.658s][info][gc,heap     ] GC(368) Eden regions: 366->0(364)
[180.658s][info][gc,heap     ] GC(368) Survivor regions: 14->15(48)
[180.658s][info][gc,heap     ] GC(368) Old regions: 45->45
[180.658s][info][gc,heap     ] GC(368) Humongous regions: 207->207
[180.658s][info][gc,metaspace] GC(368) Metaspace: 56625K(56960K)->56625K(56960K) NonClass: 51005K(51264K)->51005K(51264K) Class: 5620K(5696K)->5620K(5696K)
[180.658s][info][gc          ] GC(368) Pause Young (Concurrent Start) (G1 Evacuation Pause) 630M->265M(681M) 8.676ms
[180.658s][info][gc,cpu      ] GC(368) User=0.02s Sys=0.00s Real=0.01s
[180.658s][info][gc          ] GC(369) Concurrent Mark Cycle
[180.658s][info][gc,marking  ] GC(369) Concurrent Scan Root Regions
[180.665s][info][gc,marking  ] GC(369) Concurrent Scan Root Regions 6.675ms
[180.665s][info][gc,marking  ] GC(369) Concurrent Mark
[180.665s][info][gc,marking  ] GC(369) Concurrent Mark From Roots
[180.665s][info][gc,task     ] GC(369) Using 1 workers of 1 for marking
[180.702s][info][gc,marking  ] GC(369) Concurrent Mark From Roots 37.389ms
[180.702s][info][gc,marking  ] GC(369) Concurrent Preclean
[180.702s][info][gc,marking  ] GC(369) Concurrent Preclean 0.046ms
[180.702s][info][gc,start    ] GC(369) Pause Remark
[180.711s][info][gc          ] GC(369) Pause Remark 272M->272M(681M) 8.420ms
[180.711s][info][gc,cpu      ] GC(369) User=0.02s Sys=0.00s Real=0.01s
[180.712s][info][gc,marking  ] GC(369) Concurrent Mark 46.849ms
[180.712s][info][gc,marking  ] GC(369) Concurrent Rebuild Remembered Sets and Scrub Regions
[180.728s][info][gc,marking  ] GC(369) Concurrent Rebuild Remembered Sets and Scrub Regions 16.068ms
[180.728s][info][gc,start    ] GC(369) Pause Cleanup
[180.728s][info][gc          ] GC(369) Pause Cleanup 283M->283M(681M) 0.085ms
[180.728s][info][gc,cpu      ] GC(369) User=0.00s Sys=0.00s Real=0.01s
[180.728s][info][gc,marking  ] GC(369) Concurrent Clear Claimed Marks
[180.728s][info][gc,marking  ] GC(369) Concurrent Clear Claimed Marks 0.083ms
[180.728s][info][gc,marking  ] GC(369) Concurrent Cleanup for Next Mark
[180.730s][info][gc,marking  ] GC(369) Concurrent Cleanup for Next Mark 2.003ms
[180.730s][info][gc          ] GC(369) Concurrent Mark Cycle 72.116ms
[181.555s][info][gc,start    ] GC(370) Pause Young (Prepare Mixed) (G1 Evacuation Pause)
[181.555s][info][gc,task     ] GC(370) Using 2 workers of 2 for evacuation
[181.564s][info][gc,phases   ] GC(370)   Pre Evacuate Collection Set: 0.37ms
[181.564s][info][gc,phases   ] GC(370)   Merge Heap Roots: 0.15ms
[181.564s][info][gc,phases   ] GC(370)   Evacuate Collection Set: 7.77ms
[181.564s][info][gc,phases   ] GC(370)   Post Evacuate Collection Set: 0.73ms
[181.564s][info][gc,phases   ] GC(370)   Other: 0.10ms
[181.564s][info][gc,heap     ] GC(370) Eden regions: 364->0(376)
[181.564s][info][gc,heap     ] GC(370) Survivor regions: 15->3(48)
[181.564s][info][gc,heap     ] GC(370) Old regions: 45->57
[181.564s][info][gc,heap     ] GC(370) Humongous regions: 207->207
[181.564s][info][gc,metaspace] GC(370) Metaspace: 56625K(56960K)->56625K(56960K) NonClass: 51005K(51264K)->51005K(51264K) Class: 5620K(5696K)->5620K(5696K)
[181.564s][info][gc          ] GC(370) Pause Young (Prepare Mixed) (G1 Evacuation Pause) 629M->266M(681M) 9.329ms
[181.564s][info][gc,cpu      ] GC(370) User=0.02s Sys=0.00s Real=0.01s
[182.458s][info][gc,start    ] GC(371) Pause Young (Mixed) (G1 Evacuation Pause)
[182.458s][info][gc,task     ] GC(371) Using 2 workers of 2 for evacuation
[182.463s][info][gc,phases   ] GC(371)   Pre Evacuate Collection Set: 0.26ms
[182.463s][info][gc,phases   ] GC(371)   Merge Heap Roots: 0.12ms
[182.463s][info][gc,phases   ] GC(371)   Evacuate Collection Set: 3.56ms
[182.463s][info][gc,phases   ] GC(371)   Post Evacuate Collection Set: 0.68ms
[182.463s][info][gc,phases   ] GC(371)   Other: 0.08ms
[182.463s][info][gc,heap     ] GC(371) Eden regions: 376->0(380)
[182.463s][info][gc,heap     ] GC(371) Survivor regions: 3->1(48)
[182.463s][info][gc,heap     ] GC(371) Old regions: 57->57
[182.463s][info][gc,heap     ] GC(371) Humongous regions: 207->207
[182.463s][info][gc,metaspace] GC(371) Metaspace: 56625K(56960K)->56625K(56960K) NonClass: 51005K(51264K)->51005K(51264K) Class: 5620K(5696K)->5620K(5696K)
[182.463s][info][gc          ] GC(371) Pause Young (Mixed) (G1 Evacuation Pause) 642M->265M(681M) 4.931ms
[182.463s][info][gc,cpu      ] GC(371) User=0.01s Sys=0.00s Real=0.00s
[183.423s][info][gc,start    ] GC(372) Pause Young (Concurrent Start) (G1 Evacuation Pause)
[183.423s][info][gc,task     ] GC(372) Using 2 workers of 2 for evacuation
[183.428s][info][gc,phases   ] GC(372)   Pre Evacuate Collection Set: 0.29ms
[183.428s][info][gc,phases   ] GC(372)   Merge Heap Roots: 0.12ms
[183.428s][info][gc,phases   ] GC(372)   Evacuate Collection Set: 3.94ms
[183.428s][info][gc,phases   ] GC(372)   Post Evacuate Collection Set: 0.65ms
[183.428s][info][gc,phases   ] GC(372)   Other: 0.11ms
[183.428s][info][gc,heap     ] GC(372) Eden regions: 380->0(375)
[183.428s][info][gc,heap     ] GC(372) Survivor regions: 1->3(48)
[183.428s][info][gc,heap     ] GC(372) Old regions: 57->58
[183.428s][info][gc,heap     ] GC(372) Humongous regions: 207->207
[183.428s][info][gc,metaspace] GC(372) Metaspace: 56628K(56960K)->56628K(56960K) NonClass: 51007K(51264K)->51007K(51264K) Class: 5620K(5696K)->5620K(5696K)
[183.428s][info][gc          ] GC(372) Pause Young (Concurrent Start) (G1 Evacuation Pause) 645M->267M(681M) 5.310ms
[183.428s][info][gc          ] GC(373) Concurrent Mark Cycle
[183.428s][info][gc,marking  ] GC(373) Concurrent Scan Root Regions
[183.430s][info][gc,cpu      ] GC(372) User=0.01s Sys=0.00s Real=0.01s
[183.431s][info][gc,marking  ] GC(373) Concurrent Scan Root Regions 2.847ms
[183.431s][info][gc,marking  ] GC(373) Concurrent Mark
[183.431s][info][gc,marking  ] GC(373) Concurrent Mark From Roots
[183.431s][info][gc,task     ] GC(373) Using 1 workers of 1 for marking
[183.488s][info][gc,marking  ] GC(373) Concurrent Mark From Roots 57.585ms
[183.488s][info][gc,marking  ] GC(373) Concurrent Preclean
[183.489s][info][gc,marking  ] GC(373) Concurrent Preclean 0.068ms
[183.489s][info][gc,start    ] GC(373) Pause Remark
[183.497s][info][gc          ] GC(373) Pause Remark 296M->287M(681M) 8.662ms
[183.497s][info][gc,cpu      ] GC(373) User=0.01s Sys=0.00s Real=0.00s
[183.497s][info][gc,marking  ] GC(373) Concurrent Mark 66.633ms
[183.497s][info][gc,marking  ] GC(373) Concurrent Rebuild Remembered Sets and Scrub Regions
[183.521s][info][gc,marking  ] GC(373) Concurrent Rebuild Remembered Sets and Scrub Regions 23.306ms
[183.522s][info][gc,start    ] GC(373) Pause Cleanup
[183.522s][info][gc          ] GC(373) Pause Cleanup 299M->299M(681M) 0.080ms
[183.522s][info][gc,cpu      ] GC(373) User=0.00s Sys=0.00s Real=0.00s
[183.523s][info][gc,marking  ] GC(373) Concurrent Clear Claimed Marks
[183.523s][info][gc,marking  ] GC(373) Concurrent Clear Claimed Marks 0.294ms
[183.523s][info][gc,marking  ] GC(373) Concurrent Cleanup for Next Mark
[183.527s][info][gc,marking  ] GC(373) Concurrent Cleanup for Next Mark 4.110ms
[183.527s][info][gc          ] GC(373) Concurrent Mark Cycle 99.491ms
[184.321s][info][gc,start    ] GC(374) Pause Young (Prepare Mixed) (G1 Evacuation Pause)
[184.321s][info][gc,task     ] GC(374) Using 2 workers of 2 for evacuation
[184.327s][info][gc,phases   ] GC(374)   Pre Evacuate Collection Set: 0.26ms
[184.327s][info][gc,phases   ] GC(374)   Merge Heap Roots: 0.15ms
[184.327s][info][gc,phases   ] GC(374)   Evacuate Collection Set: 4.47ms
[184.327s][info][gc,phases   ] GC(374)   Post Evacuate Collection Set: 0.68ms
[184.327s][info][gc,phases   ] GC(374)   Other: 0.08ms
[184.327s][info][gc,heap     ] GC(374) Eden regions: 375->0(382)
[184.327s][info][gc,heap     ] GC(374) Survivor regions: 3->4(48)
[184.327s][info][gc,heap     ] GC(374) Old regions: 49->49
[184.327s][info][gc,heap     ] GC(374) Humongous regions: 207->207
[184.327s][info][gc,metaspace] GC(374) Metaspace: 56628K(56960K)->56628K(56960K) NonClass: 51007K(51264K)->51007K(51264K) Class: 5620K(5696K)->5620K(5696K)
[184.327s][info][gc          ] GC(374) Pause Young (Prepare Mixed) (G1 Evacuation Pause) 633M->259M(681M) 5.837ms
[184.327s][info][gc,cpu      ] GC(374) User=0.02s Sys=0.00s Real=0.00s
[185.235s][info][gc,start    ] GC(375) Pause Young (Mixed) (G1 Evacuation Pause)
[185.235s][info][gc,task     ] GC(375) Using 2 workers of 2 for evacuation
[185.241s][info][gc,phases   ] GC(375)   Pre Evacuate Collection Set: 0.27ms
[185.241s][info][gc,phases   ] GC(375)   Merge Heap Roots: 0.12ms
[185.241s][info][gc,phases   ] GC(375)   Evacuate Collection Set: 4.81ms
[185.241s][info][gc,phases   ] GC(375)   Post Evacuate Collection Set: 0.69ms
[185.241s][info][gc,phases   ] GC(375)   Other: 0.09ms
[185.241s][info][gc,heap     ] GC(375) Eden regions: 382->0(385)
[185.241s][info][gc,heap     ] GC(375) Survivor regions: 4->4(49)
[185.241s][info][gc,heap     ] GC(375) Old regions: 49->46
[185.241s][info][gc,heap     ] GC(375) Humongous regions: 207->207
[185.241s][info][gc,metaspace] GC(375) Metaspace: 56628K(56960K)->56628K(56960K) NonClass: 51007K(51264K)->51007K(51264K) Class: 5620K(5696K)->5620K(5696K)
[185.241s][info][gc          ] GC(375) Pause Young (Mixed) (G1 Evacuation Pause) 641M->256M(681M) 6.174ms
[185.241s][info][gc,cpu      ] GC(375) User=0.01s Sys=0.00s Real=0.01s
[186.152s][info][gc,start    ] GC(376) Pause Young (Concurrent Start) (G1 Evacuation Pause)
[186.152s][info][gc,task     ] GC(376) Using 2 workers of 2 for evacuation
[186.163s][info][gc,phases   ] GC(376)   Pre Evacuate Collection Set: 0.33ms
[186.163s][info][gc,phases   ] GC(376)   Merge Heap Roots: 0.13ms
[186.163s][info][gc,phases   ] GC(376)   Evacuate Collection Set: 9.75ms
[186.163s][info][gc,phases   ] GC(376)   Post Evacuate Collection Set: 0.70ms
[186.163s][info][gc,phases   ] GC(376)   Other: 0.17ms
[186.163s][info][gc,heap     ] GC(376) Eden regions: 385->0(371)
[186.163s][info][gc,heap     ] GC(376) Survivor regions: 4->11(49)
[186.163s][info][gc,heap     ] GC(376) Old regions: 46->46
[186.163s][info][gc,heap     ] GC(376) Humongous regions: 207->207
[186.163s][info][gc,metaspace] GC(376) Metaspace: 56628K(56960K)->56628K(56960K) NonClass: 51007K(51264K)->51007K(51264K) Class: 5620K(5696K)->5620K(5696K)
[186.163s][info][gc          ] GC(376) Pause Young (Concurrent Start) (G1 Evacuation Pause) 641M->263M(681M) 11.324ms
[186.163s][info][gc          ] GC(377) Concurrent Mark Cycle
[186.163s][info][gc,marking  ] GC(377) Concurrent Scan Root Regions
[186.163s][info][gc,cpu      ] GC(376) User=0.02s Sys=0.00s Real=0.01s
[186.171s][info][gc,marking  ] GC(377) Concurrent Scan Root Regions 7.426ms
[186.171s][info][gc,marking  ] GC(377) Concurrent Mark
[186.171s][info][gc,marking  ] GC(377) Concurrent Mark From Roots
[186.171s][info][gc,task     ] GC(377) Using 1 workers of 1 for marking
[186.217s][info][gc,marking  ] GC(377) Concurrent Mark From Roots 46.338ms
[186.217s][info][gc,marking  ] GC(377) Concurrent Preclean
[186.217s][info][gc,marking  ] GC(377) Concurrent Preclean 0.065ms
[186.217s][info][gc,start    ] GC(377) Pause Remark
[186.226s][info][gc          ] GC(377) Pause Remark 276M->276M(681M) 8.598ms
[186.226s][info][gc,cpu      ] GC(377) User=0.01s Sys=0.00s Real=0.01s
[186.226s][info][gc,marking  ] GC(377) Concurrent Mark 55.598ms
[186.226s][info][gc,marking  ] GC(377) Concurrent Rebuild Remembered Sets and Scrub Regions
[186.246s][info][gc,marking  ] GC(377) Concurrent Rebuild Remembered Sets and Scrub Regions 19.796ms
[186.246s][info][gc,start    ] GC(377) Pause Cleanup
[186.246s][info][gc          ] GC(377) Pause Cleanup 292M->292M(681M) 0.067ms
[186.246s][info][gc,cpu      ] GC(377) User=0.00s Sys=0.00s Real=0.00s
[186.246s][info][gc,marking  ] GC(377) Concurrent Clear Claimed Marks
[186.246s][info][gc,marking  ] GC(377) Concurrent Clear Claimed Marks 0.082ms
[186.246s][info][gc,marking  ] GC(377) Concurrent Cleanup for Next Mark
[186.248s][info][gc,marking  ] GC(377) Concurrent Cleanup for Next Mark 2.011ms
[186.248s][info][gc          ] GC(377) Concurrent Mark Cycle 85.310ms
[187.057s][info][gc,start    ] GC(378) Pause Young (Prepare Mixed) (G1 Evacuation Pause)
[187.057s][info][gc,task     ] GC(378) Using 2 workers of 2 for evacuation
[187.063s][info][gc,phases   ] GC(378)   Pre Evacuate Collection Set: 0.27ms
[187.063s][info][gc,phases   ] GC(378)   Merge Heap Roots: 0.14ms
[187.063s][info][gc,phases   ] GC(378)   Evacuate Collection Set: 4.41ms
[187.063s][info][gc,phases   ] GC(378)   Post Evacuate Collection Set: 0.69ms
[187.063s][info][gc,phases   ] GC(378)   Other: 0.09ms
[187.063s][info][gc,heap     ] GC(378) Eden regions: 371->0(369)
[187.063s][info][gc,heap     ] GC(378) Survivor regions: 11->12(48)
[187.063s][info][gc,heap     ] GC(378) Old regions: 46->46
[187.063s][info][gc,heap     ] GC(378) Humongous regions: 207->207
[187.063s][info][gc,metaspace] GC(378) Metaspace: 56628K(56960K)->56628K(56960K) NonClass: 51007K(51264K)->51007K(51264K) Class: 5620K(5696K)->5620K(5696K)
[187.063s][info][gc          ] GC(378) Pause Young (Prepare Mixed) (G1 Evacuation Pause) 634M->264M(681M) 5.794ms
[187.063s][info][gc,cpu      ] GC(378) User=0.02s Sys=0.00s Real=0.01s
[187.946s][info][gc,start    ] GC(379) Pause Young (Mixed) (G1 Evacuation Pause)
[187.946s][info][gc,task     ] GC(379) Using 2 workers of 2 for evacuation
[187.952s][info][gc,phases   ] GC(379)   Pre Evacuate Collection Set: 0.27ms
[187.952s][info][gc,phases   ] GC(379)   Merge Heap Roots: 0.13ms
[187.952s][info][gc,phases   ] GC(379)   Evacuate Collection Set: 5.36ms
[187.952s][info][gc,phases   ] GC(379)   Post Evacuate Collection Set: 0.71ms
[187.952s][info][gc,phases   ] GC(379)   Other: 0.10ms
[187.952s][info][gc,heap     ] GC(379) Eden regions: 369->0(370)
[187.952s][info][gc,heap     ] GC(379) Survivor regions: 12->13(48)
[187.952s][info][gc,heap     ] GC(379) Old regions: 46->43
[187.952s][info][gc,heap     ] GC(379) Humongous regions: 207->207
[187.952s][info][gc,metaspace] GC(379) Metaspace: 56633K(56960K)->56633K(56960K) NonClass: 51012K(51264K)->51012K(51264K) Class: 5620K(5696K)->5620K(5696K)
[187.952s][info][gc          ] GC(379) Pause Young (Mixed) (G1 Evacuation Pause) 633M->262M(681M) 6.737ms
[187.953s][info][gc,cpu      ] GC(379) User=0.01s Sys=0.00s Real=0.01s
[188.850s][info][gc,start    ] GC(380) Pause Young (Concurrent Start) (G1 Evacuation Pause)
[188.850s][info][gc,task     ] GC(380) Using 2 workers of 2 for evacuation
[188.856s][info][gc,phases   ] GC(380)   Pre Evacuate Collection Set: 0.33ms
[188.856s][info][gc,phases   ] GC(380)   Merge Heap Roots: 0.12ms
[188.856s][info][gc,phases   ] GC(380)   Evacuate Collection Set: 4.65ms
[188.856s][info][gc,phases   ] GC(380)   Post Evacuate Collection Set: 0.73ms
[188.856s][info][gc,phases   ] GC(380)   Other: 0.12ms
[188.856s][info][gc,heap     ] GC(380) Eden regions: 370->0(372)
[188.856s][info][gc,heap     ] GC(380) Survivor regions: 13->12(48)
[188.856s][info][gc,heap     ] GC(380) Old regions: 43->43
[188.856s][info][gc,heap     ] GC(380) Humongous regions: 207->207
[188.856s][info][gc,metaspace] GC(380) Metaspace: 56633K(56960K)->56633K(56960K) NonClass: 51012K(51264K)->51012K(51264K) Class: 5620K(5696K)->5620K(5696K)
[188.856s][info][gc          ] GC(380) Pause Young (Concurrent Start) (G1 Evacuation Pause) 632M->261M(681M) 6.153ms
[188.856s][info][gc          ] GC(381) Concurrent Mark Cycle
[188.856s][info][gc,marking  ] GC(381) Concurrent Scan Root Regions
[188.856s][info][gc,cpu      ] GC(380) User=0.01s Sys=0.00s Real=0.00s
[188.859s][info][gc,marking  ] GC(381) Concurrent Scan Root Regions 3.706ms
[188.859s][info][gc,marking  ] GC(381) Concurrent Mark
[188.860s][info][gc,marking  ] GC(381) Concurrent Mark From Roots
[188.860s][info][gc,task     ] GC(381) Using 1 workers of 1 for marking
[188.899s][info][gc,marking  ] GC(381) Concurrent Mark From Roots 39.796ms
[188.899s][info][gc,marking  ] GC(381) Concurrent Preclean
[188.899s][info][gc,marking  ] GC(381) Concurrent Preclean 0.060ms
[188.899s][info][gc,start    ] GC(381) Pause Remark
[188.908s][info][gc          ] GC(381) Pause Remark 267M->267M(681M) 8.505ms
[188.908s][info][gc,cpu      ] GC(381) User=0.02s Sys=0.00s Real=0.01s
[188.909s][info][gc,marking  ] GC(381) Concurrent Mark 49.013ms
[188.909s][info][gc,marking  ] GC(381) Concurrent Rebuild Remembered Sets and Scrub Regions
[188.940s][info][gc,marking  ] GC(381) Concurrent Rebuild Remembered Sets and Scrub Regions 31.453ms
[188.941s][info][gc,start    ] GC(381) Pause Cleanup
[188.941s][info][gc          ] GC(381) Pause Cleanup 290M->290M(681M) 0.098ms
[188.941s][info][gc,cpu      ] GC(381) User=0.00s Sys=0.00s Real=0.00s
[188.941s][info][gc,marking  ] GC(381) Concurrent Clear Claimed Marks
[188.941s][info][gc,marking  ] GC(381) Concurrent Clear Claimed Marks 0.102ms
[188.941s][info][gc,marking  ] GC(381) Concurrent Cleanup for Next Mark
[188.946s][info][gc,marking  ] GC(381) Concurrent Cleanup for Next Mark 4.902ms
[188.946s][info][gc          ] GC(381) Concurrent Mark Cycle 90.597ms
[189.754s][info][gc,start    ] GC(382) Pause Young (Prepare Mixed) (G1 Evacuation Pause)
[189.754s][info][gc,task     ] GC(382) Using 2 workers of 2 for evacuation
[189.758s][info][gc,phases   ] GC(382)   Pre Evacuate Collection Set: 0.30ms
[189.758s][info][gc,phases   ] GC(382)   Merge Heap Roots: 0.14ms
[189.758s][info][gc,phases   ] GC(382)   Evacuate Collection Set: 3.42ms
[189.758s][info][gc,phases   ] GC(382)   Post Evacuate Collection Set: 0.72ms
[189.758s][info][gc,phases   ] GC(382)   Other: 0.09ms
[189.758s][info][gc,heap     ] GC(382) Eden regions: 372->0(372)
[189.758s][info][gc,heap     ] GC(382) Survivor regions: 12->12(48)
[189.758s][info][gc,heap     ] GC(382) Old regions: 43->43
[189.758s][info][gc,heap     ] GC(382) Humongous regions: 207->207
[189.758s][info][gc,metaspace] GC(382) Metaspace: 56633K(56960K)->56633K(56960K) NonClass: 51012K(51264K)->51012K(51264K) Class: 5620K(5696K)->5620K(5696K)
[189.758s][info][gc          ] GC(382) Pause Young (Prepare Mixed) (G1 Evacuation Pause) 633M->261M(681M) 4.883ms
[189.758s][info][gc,cpu      ] GC(382) User=0.01s Sys=0.00s Real=0.01s
[190.708s][info][gc,start    ] GC(383) Pause Young (Mixed) (G1 Evacuation Pause)
[190.708s][info][gc,task     ] GC(383) Using 2 workers of 2 for evacuation
[190.713s][info][gc,phases   ] GC(383)   Pre Evacuate Collection Set: 0.24ms
[190.713s][info][gc,phases   ] GC(383)   Merge Heap Roots: 0.13ms
[190.713s][info][gc,phases   ] GC(383)   Evacuate Collection Set: 3.81ms
[190.713s][info][gc,phases   ] GC(383)   Post Evacuate Collection Set: 0.72ms
[190.713s][info][gc,phases   ] GC(383)   Other: 0.08ms
[190.713s][info][gc,heap     ] GC(383) Eden regions: 372->0(375)
[190.713s][info][gc,heap     ] GC(383) Survivor regions: 12->12(48)
[190.713s][info][gc,heap     ] GC(383) Old regions: 43->40
[190.713s][info][gc,heap     ] GC(383) Humongous regions: 207->207
[190.713s][info][gc,metaspace] GC(383) Metaspace: 56633K(56960K)->56633K(56960K) NonClass: 51012K(51264K)->51012K(51264K) Class: 5620K(5696K)->5620K(5696K)
[190.714s][info][gc          ] GC(383) Pause Young (Mixed) (G1 Evacuation Pause) 633M->258M(681M) 5.151ms
[190.714s][info][gc,cpu      ] GC(383) User=0.01s Sys=0.00s Real=0.00s
[191.610s][info][gc,start    ] GC(384) Pause Young (Concurrent Start) (G1 Evacuation Pause)
[191.610s][info][gc,task     ] GC(384) Using 2 workers of 2 for evacuation
[191.615s][info][gc,phases   ] GC(384)   Pre Evacuate Collection Set: 0.29ms
[191.615s][info][gc,phases   ] GC(384)   Merge Heap Roots: 0.12ms
[191.615s][info][gc,phases   ] GC(384)   Evacuate Collection Set: 3.92ms
[191.615s][info][gc,phases   ] GC(384)   Post Evacuate Collection Set: 0.69ms
[191.615s][info][gc,phases   ] GC(384)   Other: 0.10ms
[191.615s][info][gc,heap     ] GC(384) Eden regions: 375->0(377)
[191.615s][info][gc,heap     ] GC(384) Survivor regions: 12->11(49)
[191.615s][info][gc,heap     ] GC(384) Old regions: 40->40
[191.615s][info][gc,heap     ] GC(384) Humongous regions: 207->207
[191.615s][info][gc,metaspace] GC(384) Metaspace: 56633K(56960K)->56633K(56960K) NonClass: 51012K(51264K)->51012K(51264K) Class: 5620K(5696K)->5620K(5696K)
[191.615s][info][gc          ] GC(384) Pause Young (Concurrent Start) (G1 Evacuation Pause) 633M->257M(681M) 5.325ms
[191.615s][info][gc,cpu      ] GC(384) User=0.01s Sys=0.00s Real=0.00s
[191.615s][info][gc          ] GC(385) Concurrent Mark Cycle
[191.615s][info][gc,marking  ] GC(385) Concurrent Scan Root Regions
[191.618s][info][gc,marking  ] GC(385) Concurrent Scan Root Regions 2.533ms
[191.618s][info][gc,marking  ] GC(385) Concurrent Mark
[191.618s][info][gc,marking  ] GC(385) Concurrent Mark From Roots
[191.618s][info][gc,task     ] GC(385) Using 1 workers of 1 for marking
[191.666s][info][gc,marking  ] GC(385) Concurrent Mark From Roots 48.056ms
[191.666s][info][gc,marking  ] GC(385) Concurrent Preclean
[191.666s][info][gc,marking  ] GC(385) Concurrent Preclean 0.060ms
[191.666s][info][gc,start    ] GC(385) Pause Remark
[191.674s][info][gc          ] GC(385) Pause Remark 288M->288M(681M) 8.598ms
[191.674s][info][gc,cpu      ] GC(385) User=0.01s Sys=0.00s Real=0.01s
[191.675s][info][gc,marking  ] GC(385) Concurrent Mark 57.027ms
[191.675s][info][gc,marking  ] GC(385) Concurrent Rebuild Remembered Sets and Scrub Regions
[191.690s][info][gc,marking  ] GC(385) Concurrent Rebuild Remembered Sets and Scrub Regions 15.535ms
[191.690s][info][gc,start    ] GC(385) Pause Cleanup
[191.690s][info][gc          ] GC(385) Pause Cleanup 293M->293M(681M) 0.061ms
[191.690s][info][gc,cpu      ] GC(385) User=0.00s Sys=0.00s Real=0.00s
[191.690s][info][gc,marking  ] GC(385) Concurrent Clear Claimed Marks
[191.691s][info][gc,marking  ] GC(385) Concurrent Clear Claimed Marks 0.084ms
[191.691s][info][gc,marking  ] GC(385) Concurrent Cleanup for Next Mark
[191.693s][info][gc,marking  ] GC(385) Concurrent Cleanup for Next Mark 2.017ms
[191.693s][info][gc          ] GC(385) Concurrent Mark Cycle 77.536ms
[192.522s][info][gc,start    ] GC(386) Pause Young (Prepare Mixed) (G1 Evacuation Pause)
[192.522s][info][gc,task     ] GC(386) Using 2 workers of 2 for evacuation
[192.529s][info][gc,phases   ] GC(386)   Pre Evacuate Collection Set: 0.25ms
[192.529s][info][gc,phases   ] GC(386)   Merge Heap Roots: 0.17ms
[192.529s][info][gc,phases   ] GC(386)   Evacuate Collection Set: 5.49ms
[192.529s][info][gc,phases   ] GC(386)   Post Evacuate Collection Set: 0.73ms
[192.529s][info][gc,phases   ] GC(386)   Other: 0.10ms
[192.529s][info][gc,heap     ] GC(386) Eden regions: 377->0(373)
[192.529s][info][gc,heap     ] GC(386) Survivor regions: 11->13(49)
[192.529s][info][gc,heap     ] GC(386) Old regions: 40->40
[192.529s][info][gc,heap     ] GC(386) Humongous regions: 207->207
[192.529s][info][gc,metaspace] GC(386) Metaspace: 56633K(56960K)->56633K(56960K) NonClass: 51012K(51264K)->51012K(51264K) Class: 5620K(5696K)->5620K(5696K)
[192.529s][info][gc          ] GC(386) Pause Young (Prepare Mixed) (G1 Evacuation Pause) 634M->259M(681M) 6.908ms
[192.529s][info][gc,cpu      ] GC(386) User=0.01s Sys=0.00s Real=0.01s
[193.429s][info][gc,start    ] GC(387) Pause Young (Mixed) (G1 Evacuation Pause)
[193.429s][info][gc,task     ] GC(387) Using 2 workers of 2 for evacuation
[193.437s][info][gc,phases   ] GC(387)   Pre Evacuate Collection Set: 0.25ms
[193.437s][info][gc,phases   ] GC(387)   Merge Heap Roots: 0.12ms
[193.437s][info][gc,phases   ] GC(387)   Evacuate Collection Set: 6.50ms
[193.437s][info][gc,phases   ] GC(387)   Post Evacuate Collection Set: 0.67ms
[193.437s][info][gc,phases   ] GC(387)   Other: 0.11ms
[193.437s][info][gc,heap     ] GC(387) Eden regions: 373->0(372)
[193.437s][info][gc,heap     ] GC(387) Survivor regions: 13->14(49)
[193.437s][info][gc,heap     ] GC(387) Old regions: 40->39
[193.437s][info][gc,heap     ] GC(387) Humongous regions: 207->207
[193.437s][info][gc,metaspace] GC(387) Metaspace: 56633K(56960K)->56633K(56960K) NonClass: 51012K(51264K)->51012K(51264K) Class: 5620K(5696K)->5620K(5696K)
[193.437s][info][gc          ] GC(387) Pause Young (Mixed) (G1 Evacuation Pause) 632M->258M(681M) 7.836ms
[193.437s][info][gc,cpu      ] GC(387) User=0.02s Sys=0.00s Real=0.00s
[194.326s][info][gc,start    ] GC(388) Pause Young (Concurrent Start) (G1 Evacuation Pause)
[194.326s][info][gc,task     ] GC(388) Using 2 workers of 2 for evacuation
[194.333s][info][gc,phases   ] GC(388)   Pre Evacuate Collection Set: 0.34ms
[194.333s][info][gc,phases   ] GC(388)   Merge Heap Roots: 0.11ms
[194.333s][info][gc,phases   ] GC(388)   Evacuate Collection Set: 6.07ms
[194.333s][info][gc,phases   ] GC(388)   Post Evacuate Collection Set: 0.72ms
[194.333s][info][gc,phases   ] GC(388)   Other: 0.10ms
[194.333s][info][gc,heap     ] GC(388) Eden regions: 372->0(374)
[194.333s][info][gc,heap     ] GC(388) Survivor regions: 14->13(49)
[194.333s][info][gc,heap     ] GC(388) Old regions: 39->39
[194.333s][info][gc,heap     ] GC(388) Humongous regions: 207->207
[194.333s][info][gc,metaspace] GC(388) Metaspace: 56633K(56960K)->56633K(56960K) NonClass: 51012K(51264K)->51012K(51264K) Class: 5620K(5696K)->5620K(5696K)
[194.333s][info][gc          ] GC(388) Pause Young (Concurrent Start) (G1 Evacuation Pause) 630M->257M(681M) 7.535ms
[194.333s][info][gc,cpu      ] GC(388) User=0.01s Sys=0.00s Real=0.01s
[194.333s][info][gc          ] GC(389) Concurrent Mark Cycle
[194.333s][info][gc,marking  ] GC(389) Concurrent Scan Root Regions
[194.339s][info][gc,marking  ] GC(389) Concurrent Scan Root Regions 5.397ms
[194.339s][info][gc,marking  ] GC(389) Concurrent Mark
[194.339s][info][gc,marking  ] GC(389) Concurrent Mark From Roots
[194.339s][info][gc,task     ] GC(389) Using 1 workers of 1 for marking
[194.381s][info][gc,marking  ] GC(389) Concurrent Mark From Roots 42.419ms
[194.381s][info][gc,marking  ] GC(389) Concurrent Preclean
[194.381s][info][gc,marking  ] GC(389) Concurrent Preclean 0.064ms
[194.381s][info][gc,start    ] GC(389) Pause Remark
[194.390s][info][gc          ] GC(389) Pause Remark 276M->276M(681M) 8.562ms
[194.390s][info][gc,cpu      ] GC(389) User=0.01s Sys=0.00s Real=0.01s
[194.390s][info][gc,marking  ] GC(389) Concurrent Mark 51.427ms
[194.390s][info][gc,marking  ] GC(389) Concurrent Rebuild Remembered Sets and Scrub Regions
[194.408s][info][gc,marking  ] GC(389) Concurrent Rebuild Remembered Sets and Scrub Regions 17.927ms
[194.408s][info][gc,start    ] GC(389) Pause Cleanup
[194.408s][info][gc          ] GC(389) Pause Cleanup 279M->279M(681M) 0.058ms
[194.408s][info][gc,cpu      ] GC(389) User=0.00s Sys=0.00s Real=0.00s
[194.409s][info][gc,marking  ] GC(389) Concurrent Clear Claimed Marks
[194.409s][info][gc,marking  ] GC(389) Concurrent Clear Claimed Marks 0.095ms
[194.409s][info][gc,marking  ] GC(389) Concurrent Cleanup for Next Mark
[194.414s][info][gc,marking  ] GC(389) Concurrent Cleanup for Next Mark 4.480ms
[194.414s][info][gc          ] GC(389) Concurrent Mark Cycle 80.779ms
[195.238s][info][gc,start    ] GC(390) Pause Young (Prepare Mixed) (G1 Evacuation Pause)
[195.239s][info][gc,task     ] GC(390) Using 2 workers of 2 for evacuation
[195.246s][info][gc,phases   ] GC(390)   Pre Evacuate Collection Set: 0.25ms
[195.246s][info][gc,phases   ] GC(390)   Merge Heap Roots: 0.16ms
[195.246s][info][gc,phases   ] GC(390)   Evacuate Collection Set: 6.29ms
[195.246s][info][gc,phases   ] GC(390)   Post Evacuate Collection Set: 0.70ms
[195.246s][info][gc,phases   ] GC(390)   Other: 0.10ms
[195.246s][info][gc,heap     ] GC(390) Eden regions: 374->0(372)
[195.246s][info][gc,heap     ] GC(390) Survivor regions: 13->14(49)
[195.246s][info][gc,heap     ] GC(390) Old regions: 39->39
[195.246s][info][gc,heap     ] GC(390) Humongous regions: 207->207
[195.246s][info][gc,metaspace] GC(390) Metaspace: 56633K(56960K)->56633K(56960K) NonClass: 51012K(51264K)->51012K(51264K) Class: 5620K(5696K)->5620K(5696K)
[195.246s][info][gc          ] GC(390) Pause Young (Prepare Mixed) (G1 Evacuation Pause) 631M->258M(681M) 7.710ms
[195.246s][info][gc,cpu      ] GC(390) User=0.02s Sys=0.00s Real=0.00s
[196.143s][info][gc,start    ] GC(391) Pause Young (Mixed) (G1 Evacuation Pause)
[196.143s][info][gc,task     ] GC(391) Using 2 workers of 2 for evacuation
[196.152s][info][gc,phases   ] GC(391)   Pre Evacuate Collection Set: 0.38ms
[196.152s][info][gc,phases   ] GC(391)   Merge Heap Roots: 0.17ms
[196.152s][info][gc,phases   ] GC(391)   Evacuate Collection Set: 7.67ms
[196.152s][info][gc,phases   ] GC(391)   Post Evacuate Collection Set: 0.75ms
[196.152s][info][gc,phases   ] GC(391)   Other: 0.08ms
[196.152s][info][gc,heap     ] GC(391) Eden regions: 372->0(376)
[196.152s][info][gc,heap     ] GC(391) Survivor regions: 14->13(49)
[196.152s][info][gc,heap     ] GC(391) Old regions: 39->37
[196.152s][info][gc,heap     ] GC(391) Humongous regions: 207->207
[196.152s][info][gc,metaspace] GC(391) Metaspace: 56633K(56960K)->56633K(56960K) NonClass: 51012K(51264K)->51012K(51264K) Class: 5620K(5696K)->5620K(5696K)
[196.152s][info][gc          ] GC(391) Pause Young (Mixed) (G1 Evacuation Pause) 630M->256M(681M) 9.228ms
[196.152s][info][gc,cpu      ] GC(391) User=0.01s Sys=0.00s Real=0.01s
[197.107s][info][gc,start    ] GC(392) Pause Young (Concurrent Start) (G1 Evacuation Pause)
[197.107s][info][gc,task     ] GC(392) Using 2 workers of 2 for evacuation
[197.113s][info][gc,phases   ] GC(392)   Pre Evacuate Collection Set: 0.27ms
[197.113s][info][gc,phases   ] GC(392)   Merge Heap Roots: 0.12ms
[197.113s][info][gc,phases   ] GC(392)   Evacuate Collection Set: 4.88ms
[197.113s][info][gc,phases   ] GC(392)   Post Evacuate Collection Set: 0.71ms
[197.113s][info][gc,phases   ] GC(392)   Other: 0.12ms
[197.113s][info][gc,heap     ] GC(392) Eden regions: 376->0(378)
[197.113s][info][gc,heap     ] GC(392) Survivor regions: 13->12(49)
[197.113s][info][gc,heap     ] GC(392) Old regions: 37->37
[197.113s][info][gc,heap     ] GC(392) Humongous regions: 207->207
[197.113s][info][gc,metaspace] GC(392) Metaspace: 56633K(56960K)->56633K(56960K) NonClass: 51012K(51264K)->51012K(51264K) Class: 5620K(5696K)->5620K(5696K)
[197.113s][info][gc          ] GC(392) Pause Young (Concurrent Start) (G1 Evacuation Pause) 632M->255M(681M) 6.279ms
[197.113s][info][gc          ] GC(393) Concurrent Mark Cycle
[197.113s][info][gc,marking  ] GC(393) Concurrent Scan Root Regions
[197.113s][info][gc,cpu      ] GC(392) User=0.02s Sys=0.00s Real=0.01s
[197.118s][info][gc,marking  ] GC(393) Concurrent Scan Root Regions 4.245ms
[197.118s][info][gc,marking  ] GC(393) Concurrent Mark
[197.118s][info][gc,marking  ] GC(393) Concurrent Mark From Roots
[197.118s][info][gc,task     ] GC(393) Using 1 workers of 1 for marking
[197.159s][info][gc,marking  ] GC(393) Concurrent Mark From Roots 41.779ms
[197.159s][info][gc,marking  ] GC(393) Concurrent Preclean
[197.159s][info][gc,marking  ] GC(393) Concurrent Preclean 0.062ms
[197.160s][info][gc,start    ] GC(393) Pause Remark
[197.168s][info][gc          ] GC(393) Pause Remark 284M->284M(681M) 8.613ms
[197.168s][info][gc,cpu      ] GC(393) User=0.02s Sys=0.00s Real=0.01s
[197.168s][info][gc,marking  ] GC(393) Concurrent Mark 50.756ms
[197.168s][info][gc,marking  ] GC(393) Concurrent Rebuild Remembered Sets and Scrub Regions
[197.184s][info][gc,marking  ] GC(393) Concurrent Rebuild Remembered Sets and Scrub Regions 15.635ms
[197.184s][info][gc,start    ] GC(393) Pause Cleanup
[197.184s][info][gc          ] GC(393) Pause Cleanup 293M->293M(681M) 0.067ms
[197.184s][info][gc,cpu      ] GC(393) User=0.00s Sys=0.00s Real=0.00s
[197.184s][info][gc,marking  ] GC(393) Concurrent Clear Claimed Marks
[197.184s][info][gc,marking  ] GC(393) Concurrent Clear Claimed Marks 0.086ms
[197.184s][info][gc,marking  ] GC(393) Concurrent Cleanup for Next Mark
[197.187s][info][gc,marking  ] GC(393) Concurrent Cleanup for Next Mark 2.212ms
[197.187s][info][gc          ] GC(393) Concurrent Mark Cycle 73.343ms
[198.011s][info][gc,start    ] GC(394) Pause Young (Prepare Mixed) (G1 Evacuation Pause)
[198.011s][info][gc,task     ] GC(394) Using 2 workers of 2 for evacuation
[198.017s][info][gc,phases   ] GC(394)   Pre Evacuate Collection Set: 0.26ms
[198.017s][info][gc,phases   ] GC(394)   Merge Heap Roots: 0.18ms
[198.017s][info][gc,phases   ] GC(394)   Evacuate Collection Set: 4.55ms
[198.017s][info][gc,phases   ] GC(394)   Post Evacuate Collection Set: 0.77ms
[198.017s][info][gc,phases   ] GC(394)   Other: 0.11ms
[198.017s][info][gc,heap     ] GC(394) Eden regions: 378->0(378)
[198.017s][info][gc,heap     ] GC(394) Survivor regions: 12->12(49)
[198.017s][info][gc,heap     ] GC(394) Old regions: 37->37
[198.017s][info][gc,heap     ] GC(394) Humongous regions: 207->207
[198.017s][info][gc,metaspace] GC(394) Metaspace: 56633K(56960K)->56633K(56960K) NonClass: 51012K(51264K)->51012K(51264K) Class: 5620K(5696K)->5620K(5696K)
[198.017s][info][gc          ] GC(394) Pause Young (Prepare Mixed) (G1 Evacuation Pause) 633M->255M(681M) 6.065ms
[198.018s][info][gc,cpu      ] GC(394) User=0.01s Sys=0.00s Real=0.00s
[199.022s][info][gc,start    ] GC(395) Pause Young (Mixed) (G1 Evacuation Pause)
[199.022s][info][gc,task     ] GC(395) Using 2 workers of 2 for evacuation
[199.030s][info][gc,phases   ] GC(395)   Pre Evacuate Collection Set: 0.27ms
[199.030s][info][gc,phases   ] GC(395)   Merge Heap Roots: 0.15ms
[199.030s][info][gc,phases   ] GC(395)   Evacuate Collection Set: 6.91ms
[199.030s][info][gc,phases   ] GC(395)   Post Evacuate Collection Set: 0.74ms
[199.030s][info][gc,phases   ] GC(395)   Other: 0.11ms
[199.030s][info][gc,heap     ] GC(395) Eden regions: 378->0(375)
[199.030s][info][gc,heap     ] GC(395) Survivor regions: 12->14(49)
[199.030s][info][gc,heap     ] GC(395) Old regions: 37->36
[199.030s][info][gc,heap     ] GC(395) Humongous regions: 207->207
[199.030s][info][gc,metaspace] GC(395) Metaspace: 56639K(56960K)->56639K(56960K) NonClass: 51018K(51264K)->51018K(51264K) Class: 5620K(5696K)->5620K(5696K)
[199.030s][info][gc          ] GC(395) Pause Young (Mixed) (G1 Evacuation Pause) 633M->255M(681M) 8.380ms
[199.030s][info][gc,cpu      ] GC(395) User=0.02s Sys=0.00s Real=0.01s
[199.929s][info][gc,start    ] GC(396) Pause Young (Concurrent Start) (G1 Evacuation Pause)
[199.929s][info][gc,task     ] GC(396) Using 2 workers of 2 for evacuation
[199.937s][info][gc,phases   ] GC(396)   Pre Evacuate Collection Set: 0.29ms
[199.937s][info][gc,phases   ] GC(396)   Merge Heap Roots: 0.11ms
[199.937s][info][gc,phases   ] GC(396)   Evacuate Collection Set: 7.09ms
[199.937s][info][gc,phases   ] GC(396)   Post Evacuate Collection Set: 0.72ms
[199.937s][info][gc,phases   ] GC(396)   Other: 0.13ms
[199.937s][info][gc,heap     ] GC(396) Eden regions: 375->0(379)
[199.937s][info][gc,heap     ] GC(396) Survivor regions: 14->10(49)
[199.937s][info][gc,heap     ] GC(396) Old regions: 36->40
[199.937s][info][gc,heap     ] GC(396) Humongous regions: 207->207
[199.937s][info][gc,metaspace] GC(396) Metaspace: 56639K(56960K)->56639K(56960K) NonClass: 51018K(51264K)->51018K(51264K) Class: 5620K(5696K)->5620K(5696K)
[199.937s][info][gc          ] GC(396) Pause Young (Concurrent Start) (G1 Evacuation Pause) 630M->256M(681M) 8.516ms
[199.938s][info][gc,cpu      ] GC(396) User=0.02s Sys=0.00s Real=0.00s
[199.938s][info][gc          ] GC(397) Concurrent Mark Cycle
[199.939s][info][gc,marking  ] GC(397) Concurrent Scan Root Regions
[199.945s][info][gc,marking  ] GC(397) Concurrent Scan Root Regions 6.401ms
[199.945s][info][gc,marking  ] GC(397) Concurrent Mark
[199.945s][info][gc,marking  ] GC(397) Concurrent Mark From Roots
[199.945s][info][gc,task     ] GC(397) Using 1 workers of 1 for marking
[199.990s][info][gc,marking  ] GC(397) Concurrent Mark From Roots 44.613ms
[199.990s][info][gc,marking  ] GC(397) Concurrent Preclean
[199.990s][info][gc,marking  ] GC(397) Concurrent Preclean 0.077ms
[199.990s][info][gc,start    ] GC(397) Pause Remark
[199.999s][info][gc          ] GC(397) Pause Remark 271M->271M(681M) 8.557ms
[199.999s][info][gc,cpu      ] GC(397) User=0.02s Sys=0.00s Real=0.01s
[199.999s][info][gc,marking  ] GC(397) Concurrent Mark 53.588ms
[199.999s][info][gc,marking  ] GC(397) Concurrent Rebuild Remembered Sets and Scrub Regions
[200.016s][info][gc,marking  ] GC(397) Concurrent Rebuild Remembered Sets and Scrub Regions 17.248ms
[200.016s][info][gc,start    ] GC(397) Pause Cleanup
[200.016s][info][gc          ] GC(397) Pause Cleanup 277M->277M(681M) 0.061ms
[200.016s][info][gc,cpu      ] GC(397) User=0.00s Sys=0.00s Real=0.00s
[200.016s][info][gc,marking  ] GC(397) Concurrent Clear Claimed Marks
[200.016s][info][gc,marking  ] GC(397) Concurrent Clear Claimed Marks 0.102ms
[200.016s][info][gc,marking  ] GC(397) Concurrent Cleanup for Next Mark
[200.018s][info][gc,marking  ] GC(397) Concurrent Cleanup for Next Mark 2.010ms
[200.018s][info][gc          ] GC(397) Concurrent Mark Cycle 80.880ms
[200.861s][info][gc,start    ] GC(398) Pause Young (Prepare Mixed) (G1 Evacuation Pause)
[200.861s][info][gc,task     ] GC(398) Using 2 workers of 2 for evacuation
[200.865s][info][gc,phases   ] GC(398)   Pre Evacuate Collection Set: 0.26ms
[200.865s][info][gc,phases   ] GC(398)   Merge Heap Roots: 0.17ms
[200.865s][info][gc,phases   ] GC(398)   Evacuate Collection Set: 3.51ms
[200.865s][info][gc,phases   ] GC(398)   Post Evacuate Collection Set: 0.71ms
[200.865s][info][gc,phases   ] GC(398)   Other: 0.09ms
[200.865s][info][gc,heap     ] GC(398) Eden regions: 379->0(389)
[200.865s][info][gc,heap     ] GC(398) Survivor regions: 10->2(49)
[200.865s][info][gc,heap     ] GC(398) Old regions: 40->46
[200.865s][info][gc,heap     ] GC(398) Humongous regions: 207->207
[200.865s][info][gc,metaspace] GC(398) Metaspace: 56639K(56960K)->56639K(56960K) NonClass: 51018K(51264K)->51018K(51264K) Class: 5620K(5696K)->5620K(5696K)
[200.865s][info][gc          ] GC(398) Pause Young (Prepare Mixed) (G1 Evacuation Pause) 635M->254M(681M) 4.932ms
[200.865s][info][gc,cpu      ] GC(398) User=0.01s Sys=0.00s Real=0.00s
[201.832s][info][gc,start    ] GC(399) Pause Young (Mixed) (G1 Evacuation Pause)
[201.832s][info][gc,task     ] GC(399) Using 2 workers of 2 for evacuation
[201.838s][info][gc,phases   ] GC(399)   Pre Evacuate Collection Set: 0.26ms
[201.838s][info][gc,phases   ] GC(399)   Merge Heap Roots: 0.17ms
[201.838s][info][gc,phases   ] GC(399)   Evacuate Collection Set: 5.02ms
[201.838s][info][gc,phases   ] GC(399)   Post Evacuate Collection Set: 0.68ms
[201.838s][info][gc,phases   ] GC(399)   Other: 0.10ms
[201.838s][info][gc,heap     ] GC(399) Eden regions: 389->0(387)
[201.838s][info][gc,heap     ] GC(399) Survivor regions: 2->3(49)
[201.838s][info][gc,heap     ] GC(399) Old regions: 46->46
[201.838s][info][gc,heap     ] GC(399) Humongous regions: 207->207
[201.838s][info][gc,metaspace] GC(399) Metaspace: 56639K(56960K)->56639K(56960K) NonClass: 51018K(51264K)->51018K(51264K) Class: 5620K(5696K)->5620K(5696K)
[201.838s][info][gc          ] GC(399) Pause Young (Mixed) (G1 Evacuation Pause) 643M->254M(681M) 6.452ms
[201.838s][info][gc,cpu      ] GC(399) User=0.01s Sys=0.00s Real=0.01s
[202.796s][info][gc,start    ] GC(400) Pause Young (Concurrent Start) (G1 Evacuation Pause)
[202.796s][info][gc,task     ] GC(400) Using 2 workers of 2 for evacuation
[202.801s][info][gc,phases   ] GC(400)   Pre Evacuate Collection Set: 0.31ms
[202.801s][info][gc,phases   ] GC(400)   Merge Heap Roots: 0.14ms
[202.801s][info][gc,phases   ] GC(400)   Evacuate Collection Set: 2.74ms
[202.801s][info][gc,phases   ] GC(400)   Post Evacuate Collection Set: 0.93ms
[202.801s][info][gc,phases   ] GC(400)   Other: 0.12ms
[202.801s][info][gc,heap     ] GC(400) Eden regions: 387->0(391)
[202.801s][info][gc,heap     ] GC(400) Survivor regions: 3->1(49)
[202.801s][info][gc,heap     ] GC(400) Old regions: 46->46
[202.801s][info][gc,heap     ] GC(400) Humongous regions: 207->207
[202.801s][info][gc,metaspace] GC(400) Metaspace: 56639K(56960K)->56639K(56960K) NonClass: 51018K(51264K)->51018K(51264K) Class: 5620K(5696K)->5620K(5696K)
[202.801s][info][gc          ] GC(400) Pause Young (Concurrent Start) (G1 Evacuation Pause) 641M->253M(681M) 4.422ms
[202.801s][info][gc          ] GC(401) Concurrent Mark Cycle
[202.801s][info][gc,marking  ] GC(401) Concurrent Scan Root Regions
[202.801s][info][gc,cpu      ] GC(400) User=0.01s Sys=0.00s Real=0.01s
[202.806s][info][gc,marking  ] GC(401) Concurrent Scan Root Regions 4.815ms
[202.806s][info][gc,marking  ] GC(401) Concurrent Mark
[202.806s][info][gc,marking  ] GC(401) Concurrent Mark From Roots
[202.806s][info][gc,task     ] GC(401) Using 1 workers of 1 for marking
[202.882s][info][gc,marking  ] GC(401) Concurrent Mark From Roots 76.265ms
[202.882s][info][gc,marking  ] GC(401) Concurrent Preclean
[202.882s][info][gc,marking  ] GC(401) Concurrent Preclean 0.063ms
[202.882s][info][gc,start    ] GC(401) Pause Remark
[202.891s][info][gc          ] GC(401) Pause Remark 296M->296M(681M) 8.572ms
[202.891s][info][gc,cpu      ] GC(401) User=0.01s Sys=0.00s Real=0.01s
[202.891s][info][gc,marking  ] GC(401) Concurrent Mark 85.240ms
[202.891s][info][gc,marking  ] GC(401) Concurrent Rebuild Remembered Sets and Scrub Regions
[202.908s][info][gc,marking  ] GC(401) Concurrent Rebuild Remembered Sets and Scrub Regions 16.673ms
[202.908s][info][gc,start    ] GC(401) Pause Cleanup
[202.908s][info][gc          ] GC(401) Pause Cleanup 298M->298M(681M) 0.088ms
[202.908s][info][gc,cpu      ] GC(401) User=0.00s Sys=0.00s Real=0.01s
[202.908s][info][gc,marking  ] GC(401) Concurrent Clear Claimed Marks
[202.908s][info][gc,marking  ] GC(401) Concurrent Clear Claimed Marks 0.083ms
[202.908s][info][gc,marking  ] GC(401) Concurrent Cleanup for Next Mark
[202.910s][info][gc,marking  ] GC(401) Concurrent Cleanup for Next Mark 2.012ms
[202.910s][info][gc          ] GC(401) Concurrent Mark Cycle 109.260ms
[203.739s][info][gc,start    ] GC(402) Pause Young (Prepare Mixed) (G1 Evacuation Pause)
[203.739s][info][gc,task     ] GC(402) Using 2 workers of 2 for evacuation
[203.756s][info][gc,phases   ] GC(402)   Pre Evacuate Collection Set: 0.38ms
[203.756s][info][gc,phases   ] GC(402)   Merge Heap Roots: 0.14ms
[203.756s][info][gc,phases   ] GC(402)   Evacuate Collection Set: 15.76ms
[203.756s][info][gc,phases   ] GC(402)   Post Evacuate Collection Set: 0.74ms
[203.756s][info][gc,phases   ] GC(402)   Other: 0.13ms
[203.756s][info][gc,heap     ] GC(402) Eden regions: 391->0(385)
[203.756s][info][gc,heap     ] GC(402) Survivor regions: 1->4(49)
[203.756s][info][gc,heap     ] GC(402) Old regions: 46->46
[203.756s][info][gc,heap     ] GC(402) Humongous regions: 207->207
[203.756s][info][gc,metaspace] GC(402) Metaspace: 56639K(56960K)->56639K(56960K) NonClass: 51018K(51264K)->51018K(51264K) Class: 5620K(5696K)->5620K(5696K)
[203.756s][info][gc          ] GC(402) Pause Young (Prepare Mixed) (G1 Evacuation Pause) 644M->255M(681M) 17.333ms
[203.756s][info][gc,cpu      ] GC(402) User=0.01s Sys=0.00s Real=0.01s
[204.707s][info][gc,start    ] GC(403) Pause Young (Mixed) (G1 Evacuation Pause)
[204.707s][info][gc,task     ] GC(403) Using 2 workers of 2 for evacuation
[204.712s][info][gc,phases   ] GC(403)   Pre Evacuate Collection Set: 0.38ms
[204.712s][info][gc,phases   ] GC(403)   Merge Heap Roots: 0.13ms
[204.712s][info][gc,phases   ] GC(403)   Evacuate Collection Set: 3.47ms
[204.712s][info][gc,phases   ] GC(403)   Post Evacuate Collection Set: 0.70ms
[204.712s][info][gc,phases   ] GC(403)   Other: 0.07ms
[204.712s][info][gc,heap     ] GC(403) Eden regions: 385->0(392)
[204.712s][info][gc,heap     ] GC(403) Survivor regions: 4->1(49)
[204.712s][info][gc,heap     ] GC(403) Old regions: 46->45
[204.712s][info][gc,heap     ] GC(403) Humongous regions: 207->207
[204.712s][info][gc,metaspace] GC(403) Metaspace: 56639K(56960K)->56639K(56960K) NonClass: 51018K(51264K)->51018K(51264K) Class: 5620K(5696K)->5620K(5696K)
[204.712s][info][gc          ] GC(403) Pause Young (Mixed) (G1 Evacuation Pause) 640M->252M(681M) 4.919ms
[204.712s][info][gc,cpu      ] GC(403) User=0.01s Sys=0.00s Real=0.01s
[205.685s][info][gc,start    ] GC(404) Pause Young (Concurrent Start) (G1 Evacuation Pause)
[205.685s][info][gc,task     ] GC(404) Using 2 workers of 2 for evacuation
[205.691s][info][gc,phases   ] GC(404)   Pre Evacuate Collection Set: 0.33ms
[205.691s][info][gc,phases   ] GC(404)   Merge Heap Roots: 0.11ms
[205.691s][info][gc,phases   ] GC(404)   Evacuate Collection Set: 4.37ms
[205.691s][info][gc,phases   ] GC(404)   Post Evacuate Collection Set: 0.70ms
[205.691s][info][gc,phases   ] GC(404)   Other: 0.14ms
[205.691s][info][gc,heap     ] GC(404) Eden regions: 392->0(387)
[205.691s][info][gc,heap     ] GC(404) Survivor regions: 1->3(50)
[205.691s][info][gc,heap     ] GC(404) Old regions: 45->46
[205.691s][info][gc,heap     ] GC(404) Humongous regions: 207->207
[205.691s][info][gc,metaspace] GC(404) Metaspace: 56639K(56960K)->56639K(56960K) NonClass: 51018K(51264K)->51018K(51264K) Class: 5620K(5696K)->5620K(5696K)
[205.691s][info][gc          ] GC(404) Pause Young (Concurrent Start) (G1 Evacuation Pause) 644M->254M(681M) 5.846ms
[205.691s][info][gc,cpu      ] GC(404) User=0.01s Sys=0.00s Real=0.01s
[205.691s][info][gc          ] GC(405) Concurrent Mark Cycle
[205.691s][info][gc,marking  ] GC(405) Concurrent Scan Root Regions
[205.696s][info][gc,marking  ] GC(405) Concurrent Scan Root Regions 4.841ms
[205.696s][info][gc,marking  ] GC(405) Concurrent Mark
[205.696s][info][gc,marking  ] GC(405) Concurrent Mark From Roots
[205.696s][info][gc,task     ] GC(405) Using 1 workers of 1 for marking
[205.772s][info][gc,marking  ] GC(405) Concurrent Mark From Roots 75.698ms
[205.772s][info][gc,marking  ] GC(405) Concurrent Preclean
[205.772s][info][gc,marking  ] GC(405) Concurrent Preclean 0.071ms
[205.773s][info][gc,start    ] GC(405) Pause Remark
[205.783s][info][gc          ] GC(405) Pause Remark 301M->301M(681M) 10.431ms
[205.783s][info][gc,cpu      ] GC(405) User=0.02s Sys=0.00s Real=0.01s
[205.784s][info][gc,marking  ] GC(405) Concurrent Mark 87.423ms
[205.784s][info][gc,marking  ] GC(405) Concurrent Rebuild Remembered Sets and Scrub Regions
[205.810s][info][gc,marking  ] GC(405) Concurrent Rebuild Remembered Sets and Scrub Regions 26.282ms
[205.810s][info][gc,start    ] GC(405) Pause Cleanup
[205.810s][info][gc          ] GC(405) Pause Cleanup 314M->314M(681M) 0.080ms
[205.810s][info][gc,cpu      ] GC(405) User=0.00s Sys=0.00s Real=0.00s
[205.810s][info][gc,marking  ] GC(405) Concurrent Clear Claimed Marks
[205.810s][info][gc,marking  ] GC(405) Concurrent Clear Claimed Marks 0.089ms
[205.810s][info][gc,marking  ] GC(405) Concurrent Cleanup for Next Mark
[205.815s][info][gc,marking  ] GC(405) Concurrent Cleanup for Next Mark 4.347ms
[205.815s][info][gc          ] GC(405) Concurrent Mark Cycle 123.415ms
[206.609s][info][gc,start    ] GC(406) Pause Young (Prepare Mixed) (G1 Evacuation Pause)
[206.609s][info][gc,task     ] GC(406) Using 2 workers of 2 for evacuation
[206.612s][info][gc,phases   ] GC(406)   Pre Evacuate Collection Set: 0.25ms
[206.612s][info][gc,phases   ] GC(406)   Merge Heap Roots: 0.14ms
[206.612s][info][gc,phases   ] GC(406)   Evacuate Collection Set: 2.22ms
[206.612s][info][gc,phases   ] GC(406)   Post Evacuate Collection Set: 0.67ms
[206.612s][info][gc,phases   ] GC(406)   Other: 0.12ms
[206.612s][info][gc,heap     ] GC(406) Eden regions: 387->0(391)
[206.612s][info][gc,heap     ] GC(406) Survivor regions: 3->1(49)
[206.612s][info][gc,heap     ] GC(406) Old regions: 46->46
[206.612s][info][gc,heap     ] GC(406) Humongous regions: 207->207
[206.612s][info][gc,metaspace] GC(406) Metaspace: 56639K(56960K)->56639K(56960K) NonClass: 51018K(51264K)->51018K(51264K) Class: 5620K(5696K)->5620K(5696K)
[206.612s][info][gc          ] GC(406) Pause Young (Prepare Mixed) (G1 Evacuation Pause) 641M->252M(681M) 3.593ms
[206.612s][info][gc,cpu      ] GC(406) User=0.01s Sys=0.00s Real=0.00s
[207.528s][info][gc,start    ] GC(407) Pause Young (Mixed) (G1 Evacuation Pause)
[207.528s][info][gc,task     ] GC(407) Using 2 workers of 2 for evacuation
[207.536s][info][gc,phases   ] GC(407)   Pre Evacuate Collection Set: 0.31ms
[207.536s][info][gc,phases   ] GC(407)   Merge Heap Roots: 0.14ms
[207.536s][info][gc,phases   ] GC(407)   Evacuate Collection Set: 6.66ms
[207.536s][info][gc,phases   ] GC(407)   Post Evacuate Collection Set: 0.69ms
[207.536s][info][gc,phases   ] GC(407)   Other: 0.13ms
[207.536s][info][gc,heap     ] GC(407) Eden regions: 391->0(386)
[207.536s][info][gc,heap     ] GC(407) Survivor regions: 1->4(49)
[207.536s][info][gc,heap     ] GC(407) Old regions: 46->45
[207.536s][info][gc,heap     ] GC(407) Humongous regions: 207->207
[207.536s][info][gc,metaspace] GC(407) Metaspace: 56639K(56960K)->56639K(56960K) NonClass: 51018K(51264K)->51018K(51264K) Class: 5620K(5696K)->5620K(5696K)
[207.536s][info][gc          ] GC(407) Pause Young (Mixed) (G1 Evacuation Pause) 643M->255M(681M) 8.124ms
[207.536s][info][gc,cpu      ] GC(407) User=0.02s Sys=0.00s Real=0.00s
[208.446s][info][gc,start    ] GC(408) Pause Young (Concurrent Start) (G1 Evacuation Pause)
[208.447s][info][gc,task     ] GC(408) Using 2 workers of 2 for evacuation
[208.452s][info][gc,phases   ] GC(408)   Pre Evacuate Collection Set: 0.27ms
[208.452s][info][gc,phases   ] GC(408)   Merge Heap Roots: 0.15ms
[208.452s][info][gc,phases   ] GC(408)   Evacuate Collection Set: 3.85ms
[208.452s][info][gc,phases   ] GC(408)   Post Evacuate Collection Set: 0.67ms
[208.452s][info][gc,phases   ] GC(408)   Other: 0.13ms
[208.452s][info][gc,heap     ] GC(408) Eden regions: 386->0(387)
[208.452s][info][gc,heap     ] GC(408) Survivor regions: 4->3(49)
[208.452s][info][gc,heap     ] GC(408) Old regions: 45->46
[208.452s][info][gc,heap     ] GC(408) Humongous regions: 207->207
[208.452s][info][gc,metaspace] GC(408) Metaspace: 56639K(56960K)->56639K(56960K) NonClass: 51018K(51264K)->51018K(51264K) Class: 5620K(5696K)->5620K(5696K)
[208.452s][info][gc          ] GC(408) Pause Young (Concurrent Start) (G1 Evacuation Pause) 641M->254M(681M) 5.261ms
[208.452s][info][gc          ] GC(409) Concurrent Mark Cycle
[208.452s][info][gc,marking  ] GC(409) Concurrent Scan Root Regions
[208.452s][info][gc,cpu      ] GC(408) User=0.00s Sys=0.01s Real=0.01s
[208.456s][info][gc,marking  ] GC(409) Concurrent Scan Root Regions 4.194ms
[208.456s][info][gc,marking  ] GC(409) Concurrent Mark
[208.456s][info][gc,marking  ] GC(409) Concurrent Mark From Roots
[208.456s][info][gc,task     ] GC(409) Using 1 workers of 1 for marking
[208.499s][info][gc,marking  ] GC(409) Concurrent Mark From Roots 42.523ms
[208.499s][info][gc,marking  ] GC(409) Concurrent Preclean
[208.499s][info][gc,marking  ] GC(409) Concurrent Preclean 0.057ms
[208.499s][info][gc,start    ] GC(409) Pause Remark
[208.507s][info][gc          ] GC(409) Pause Remark 262M->262M(681M) 8.526ms
[208.507s][info][gc,cpu      ] GC(409) User=0.01s Sys=0.00s Real=0.00s
[208.507s][info][gc,marking  ] GC(409) Concurrent Mark 51.332ms
[208.508s][info][gc,marking  ] GC(409) Concurrent Rebuild Remembered Sets and Scrub Regions
[208.535s][info][gc,marking  ] GC(409) Concurrent Rebuild Remembered Sets and Scrub Regions 27.635ms
[208.535s][info][gc,start    ] GC(409) Pause Cleanup
[208.535s][info][gc          ] GC(409) Pause Cleanup 281M->281M(681M) 0.071ms
[208.535s][info][gc,cpu      ] GC(409) User=0.00s Sys=0.00s Real=0.00s
[208.536s][info][gc,marking  ] GC(409) Concurrent Clear Claimed Marks
[208.537s][info][gc,marking  ] GC(409) Concurrent Clear Claimed Marks 0.099ms
[208.537s][info][gc,marking  ] GC(409) Concurrent Cleanup for Next Mark
[208.540s][info][gc,marking  ] GC(409) Concurrent Cleanup for Next Mark 2.996ms
[208.540s][info][gc          ] GC(409) Concurrent Mark Cycle 87.811ms
[209.417s][info][gc,start    ] GC(410) Pause Young (Prepare Mixed) (G1 Evacuation Pause)
[209.417s][info][gc,task     ] GC(410) Using 2 workers of 2 for evacuation
[209.422s][info][gc,phases   ] GC(410)   Pre Evacuate Collection Set: 0.25ms
[209.422s][info][gc,phases   ] GC(410)   Merge Heap Roots: 0.16ms
[209.422s][info][gc,phases   ] GC(410)   Evacuate Collection Set: 3.30ms
[209.422s][info][gc,phases   ] GC(410)   Post Evacuate Collection Set: 0.68ms
[209.422s][info][gc,phases   ] GC(410)   Other: 0.12ms
[209.422s][info][gc,heap     ] GC(410) Eden regions: 387->0(389)
[209.422s][info][gc,heap     ] GC(410) Survivor regions: 3->2(49)
[209.422s][info][gc,heap     ] GC(410) Old regions: 46->46
[209.422s][info][gc,heap     ] GC(410) Humongous regions: 207->207
[209.422s][info][gc,metaspace] GC(410) Metaspace: 56639K(56960K)->56639K(56960K) NonClass: 51018K(51264K)->51018K(51264K) Class: 5620K(5696K)->5620K(5696K)
[209.422s][info][gc          ] GC(410) Pause Young (Prepare Mixed) (G1 Evacuation Pause) 641M->253M(681M) 4.696ms
[209.422s][info][gc,cpu      ] GC(410) User=0.01s Sys=0.00s Real=0.01s
[210.338s][info][gc,start    ] GC(411) Pause Young (Mixed) (G1 Evacuation Pause)
[210.338s][info][gc,task     ] GC(411) Using 2 workers of 2 for evacuation
[210.344s][info][gc,phases   ] GC(411)   Pre Evacuate Collection Set: 0.26ms
[210.344s][info][gc,phases   ] GC(411)   Merge Heap Roots: 0.14ms
[210.344s][info][gc,phases   ] GC(411)   Evacuate Collection Set: 5.21ms
[210.344s][info][gc,phases   ] GC(411)   Post Evacuate Collection Set: 0.70ms
[210.344s][info][gc,phases   ] GC(411)   Other: 0.10ms
[210.344s][info][gc,heap     ] GC(411) Eden regions: 389->0(388)
[210.344s][info][gc,heap     ] GC(411) Survivor regions: 2->3(49)
[210.344s][info][gc,heap     ] GC(411) Old regions: 46->45
[210.344s][info][gc,heap     ] GC(411) Humongous regions: 207->207
[210.344s][info][gc,metaspace] GC(411) Metaspace: 56639K(56960K)->56639K(56960K) NonClass: 51018K(51264K)->51018K(51264K) Class: 5620K(5696K)->5620K(5696K)
[210.344s][info][gc          ] GC(411) Pause Young (Mixed) (G1 Evacuation Pause) 642M->254M(681M) 6.577ms
[210.344s][info][gc,cpu      ] GC(411) User=0.01s Sys=0.00s Real=0.01s
[211.317s][info][gc,start    ] GC(412) Pause Young (Concurrent Start) (G1 Evacuation Pause)
[211.317s][info][gc,task     ] GC(412) Using 2 workers of 2 for evacuation
[211.322s][info][gc,phases   ] GC(412)   Pre Evacuate Collection Set: 0.28ms
[211.322s][info][gc,phases   ] GC(412)   Merge Heap Roots: 0.12ms
[211.322s][info][gc,phases   ] GC(412)   Evacuate Collection Set: 3.66ms
[211.322s][info][gc,phases   ] GC(412)   Post Evacuate Collection Set: 0.64ms
[211.322s][info][gc,phases   ] GC(412)   Other: 0.09ms
[211.322s][info][gc,heap     ] GC(412) Eden regions: 388->0(387)
[211.322s][info][gc,heap     ] GC(412) Survivor regions: 3->3(49)
[211.322s][info][gc,heap     ] GC(412) Old regions: 45->46
[211.322s][info][gc,heap     ] GC(412) Humongous regions: 207->207
[211.322s][info][gc,metaspace] GC(412) Metaspace: 56639K(56960K)->56639K(56960K) NonClass: 51018K(51264K)->51018K(51264K) Class: 5620K(5696K)->5620K(5696K)
[211.322s][info][gc          ] GC(412) Pause Young (Concurrent Start) (G1 Evacuation Pause) 642M->254M(681M) 5.012ms
[211.322s][info][gc,cpu      ] GC(412) User=0.01s Sys=0.00s Real=0.01s
[211.322s][info][gc          ] GC(413) Concurrent Mark Cycle
[211.322s][info][gc,marking  ] GC(413) Concurrent Scan Root Regions
[211.327s][info][gc,marking  ] GC(413) Concurrent Scan Root Regions 5.300ms
[211.327s][info][gc,marking  ] GC(413) Concurrent Mark
[211.327s][info][gc,marking  ] GC(413) Concurrent Mark From Roots
[211.327s][info][gc,task     ] GC(413) Using 1 workers of 1 for marking
[211.383s][info][gc,marking  ] GC(413) Concurrent Mark From Roots 55.986ms
[211.383s][info][gc,marking  ] GC(413) Concurrent Preclean
[211.384s][info][gc,marking  ] GC(413) Concurrent Preclean 0.084ms
[211.384s][info][gc,start    ] GC(413) Pause Remark
[211.393s][info][gc          ] GC(413) Pause Remark 288M->288M(681M) 9.641ms
[211.393s][info][gc,cpu      ] GC(413) User=0.02s Sys=0.00s Real=0.01s
[211.393s][info][gc,marking  ] GC(413) Concurrent Mark 65.932ms
[211.393s][info][gc,marking  ] GC(413) Concurrent Rebuild Remembered Sets and Scrub Regions
[211.412s][info][gc,marking  ] GC(413) Concurrent Rebuild Remembered Sets and Scrub Regions 18.918ms
[211.413s][info][gc,start    ] GC(413) Pause Cleanup
[211.413s][info][gc          ] GC(413) Pause Cleanup 294M->294M(681M) 0.071ms
[211.413s][info][gc,cpu      ] GC(413) User=0.00s Sys=0.00s Real=0.00s
[211.414s][info][gc,marking  ] GC(413) Concurrent Clear Claimed Marks
[211.414s][info][gc,marking  ] GC(413) Concurrent Clear Claimed Marks 0.098ms
[211.414s][info][gc,marking  ] GC(413) Concurrent Cleanup for Next Mark
[211.420s][info][gc,marking  ] GC(413) Concurrent Cleanup for Next Mark 6.200ms
[211.420s][info][gc          ] GC(413) Concurrent Mark Cycle 97.844ms
[212.293s][info][gc,start    ] GC(414) Pause Young (Prepare Mixed) (G1 Evacuation Pause)
[212.293s][info][gc,task     ] GC(414) Using 2 workers of 2 for evacuation
[212.298s][info][gc,phases   ] GC(414)   Pre Evacuate Collection Set: 0.26ms
[212.298s][info][gc,phases   ] GC(414)   Merge Heap Roots: 0.13ms
[212.298s][info][gc,phases   ] GC(414)   Evacuate Collection Set: 3.58ms
[212.298s][info][gc,phases   ] GC(414)   Post Evacuate Collection Set: 0.65ms
[212.298s][info][gc,phases   ] GC(414)   Other: 0.08ms
[212.298s][info][gc,heap     ] GC(414) Eden regions: 387->0(389)
[212.298s][info][gc,heap     ] GC(414) Survivor regions: 3->2(49)
[212.298s][info][gc,heap     ] GC(414) Old regions: 46->46
[212.298s][info][gc,heap     ] GC(414) Humongous regions: 207->207
[212.298s][info][gc,metaspace] GC(414) Metaspace: 56639K(56960K)->56639K(56960K) NonClass: 51018K(51264K)->51018K(51264K) Class: 5620K(5696K)->5620K(5696K)
[212.298s][info][gc          ] GC(414) Pause Young (Prepare Mixed) (G1 Evacuation Pause) 641M->254M(681M) 4.868ms
[212.298s][info][gc,cpu      ] GC(414) User=0.01s Sys=0.00s Real=0.01s
[213.212s][info][gc,start    ] GC(415) Pause Young (Mixed) (G1 Evacuation Pause)
[213.212s][info][gc,task     ] GC(415) Using 2 workers of 2 for evacuation
[213.217s][info][gc,phases   ] GC(415)   Pre Evacuate Collection Set: 0.27ms
[213.217s][info][gc,phases   ] GC(415)   Merge Heap Roots: 0.13ms
[213.217s][info][gc,phases   ] GC(415)   Evacuate Collection Set: 4.21ms
[213.217s][info][gc,phases   ] GC(415)   Post Evacuate Collection Set: 0.70ms
[213.217s][info][gc,phases   ] GC(415)   Other: 0.08ms
[213.217s][info][gc,heap     ] GC(415) Eden regions: 389->0(390)
[213.217s][info][gc,heap     ] GC(415) Survivor regions: 2->2(49)
[213.217s][info][gc,heap     ] GC(415) Old regions: 46->45
[213.217s][info][gc,heap     ] GC(415) Humongous regions: 207->207
[213.217s][info][gc,metaspace] GC(415) Metaspace: 56639K(56960K)->56639K(56960K) NonClass: 51018K(51264K)->51018K(51264K) Class: 5620K(5696K)->5620K(5696K)
[213.217s][info][gc          ] GC(415) Pause Young (Mixed) (G1 Evacuation Pause) 643M->253M(681M) 5.561ms
[213.217s][info][gc,cpu      ] GC(415) User=0.01s Sys=0.00s Real=0.00s
[214.128s][info][gc,start    ] GC(416) Pause Young (Concurrent Start) (G1 Evacuation Pause)
[214.128s][info][gc,task     ] GC(416) Using 2 workers of 2 for evacuation
[214.134s][info][gc,phases   ] GC(416)   Pre Evacuate Collection Set: 0.29ms
[214.134s][info][gc,phases   ] GC(416)   Merge Heap Roots: 0.12ms
[214.134s][info][gc,phases   ] GC(416)   Evacuate Collection Set: 4.93ms
[214.134s][info][gc,phases   ] GC(416)   Post Evacuate Collection Set: 0.67ms
[214.134s][info][gc,phases   ] GC(416)   Other: 0.11ms
[214.134s][info][gc,heap     ] GC(416) Eden regions: 390->0(388)
[214.134s][info][gc,heap     ] GC(416) Survivor regions: 2->3(49)
[214.134s][info][gc,heap     ] GC(416) Old regions: 45->45
[214.134s][info][gc,heap     ] GC(416) Humongous regions: 207->207
[214.134s][info][gc,metaspace] GC(416) Metaspace: 56639K(56960K)->56639K(56960K) NonClass: 51019K(51264K)->51019K(51264K) Class: 5620K(5696K)->5620K(5696K)
[214.134s][info][gc          ] GC(416) Pause Young (Concurrent Start) (G1 Evacuation Pause) 643M->254M(681M) 6.300ms
[214.134s][info][gc,cpu      ] GC(416) User=0.01s Sys=0.00s Real=0.00s
[214.134s][info][gc          ] GC(417) Concurrent Mark Cycle
[214.135s][info][gc,marking  ] GC(417) Concurrent Scan Root Regions
[214.138s][info][gc,marking  ] GC(417) Concurrent Scan Root Regions 3.289ms
[214.138s][info][gc,marking  ] GC(417) Concurrent Mark
[214.138s][info][gc,marking  ] GC(417) Concurrent Mark From Roots
[214.138s][info][gc,task     ] GC(417) Using 1 workers of 1 for marking
[214.192s][info][gc,marking  ] GC(417) Concurrent Mark From Roots 53.096ms
[214.192s][info][gc,marking  ] GC(417) Concurrent Preclean
[214.192s][info][gc,marking  ] GC(417) Concurrent Preclean 0.063ms
[214.192s][info][gc,start    ] GC(417) Pause Remark
[214.201s][info][gc          ] GC(417) Pause Remark 274M->274M(681M) 8.838ms
[214.201s][info][gc,cpu      ] GC(417) User=0.01s Sys=0.00s Real=0.01s
[214.201s][info][gc,marking  ] GC(417) Concurrent Mark 62.814ms
[214.201s][info][gc,marking  ] GC(417) Concurrent Rebuild Remembered Sets and Scrub Regions
[214.223s][info][gc,marking  ] GC(417) Concurrent Rebuild Remembered Sets and Scrub Regions 21.899ms
[214.223s][info][gc,start    ] GC(417) Pause Cleanup
[214.223s][info][gc          ] GC(417) Pause Cleanup 287M->287M(681M) 0.067ms
[214.223s][info][gc,cpu      ] GC(417) User=0.00s Sys=0.00s Real=0.00s
[214.223s][info][gc,marking  ] GC(417) Concurrent Clear Claimed Marks
[214.224s][info][gc,marking  ] GC(417) Concurrent Clear Claimed Marks 0.085ms
[214.224s][info][gc,marking  ] GC(417) Concurrent Cleanup for Next Mark
[214.226s][info][gc,marking  ] GC(417) Concurrent Cleanup for Next Mark 2.025ms
[214.226s][info][gc          ] GC(417) Concurrent Mark Cycle 91.217ms
[215.108s][info][gc,start    ] GC(418) Pause Young (Prepare Mixed) (G1 Evacuation Pause)
[215.108s][info][gc,task     ] GC(418) Using 2 workers of 2 for evacuation
[215.112s][info][gc,phases   ] GC(418)   Pre Evacuate Collection Set: 0.33ms
[215.112s][info][gc,phases   ] GC(418)   Merge Heap Roots: 0.12ms
[215.112s][info][gc,phases   ] GC(418)   Evacuate Collection Set: 2.65ms
[215.112s][info][gc,phases   ] GC(418)   Post Evacuate Collection Set: 0.69ms
[215.112s][info][gc,phases   ] GC(418)   Other: 0.07ms
[215.112s][info][gc,heap     ] GC(418) Eden regions: 388->0(391)
[215.112s][info][gc,heap     ] GC(418) Survivor regions: 3->1(49)
[215.112s][info][gc,heap     ] GC(418) Old regions: 45->46
[215.112s][info][gc,heap     ] GC(418) Humongous regions: 207->207
[215.112s][info][gc,metaspace] GC(418) Metaspace: 56639K(56960K)->56639K(56960K) NonClass: 51019K(51264K)->51019K(51264K) Class: 5620K(5696K)->5620K(5696K)
[215.112s][info][gc          ] GC(418) Pause Young (Prepare Mixed) (G1 Evacuation Pause) 642M->252M(681M) 4.048ms
[215.112s][info][gc,cpu      ] GC(418) User=0.00s Sys=0.00s Real=0.00s
[216.075s][info][gc,start    ] GC(419) Pause Young (Mixed) (G1 Evacuation Pause)
[216.075s][info][gc,task     ] GC(419) Using 2 workers of 2 for evacuation
[216.081s][info][gc,phases   ] GC(419)   Pre Evacuate Collection Set: 0.26ms
[216.081s][info][gc,phases   ] GC(419)   Merge Heap Roots: 0.13ms
[216.081s][info][gc,phases   ] GC(419)   Evacuate Collection Set: 4.65ms
[216.081s][info][gc,phases   ] GC(419)   Post Evacuate Collection Set: 0.67ms
[216.081s][info][gc,phases   ] GC(419)   Other: 0.08ms
[216.081s][info][gc,heap     ] GC(419) Eden regions: 391->0(390)
[216.081s][info][gc,heap     ] GC(419) Survivor regions: 1->2(49)
[216.081s][info][gc,heap     ] GC(419) Old regions: 46->45
[216.081s][info][gc,heap     ] GC(419) Humongous regions: 207->207
[216.081s][info][gc,metaspace] GC(419) Metaspace: 56639K(56960K)->56639K(56960K) NonClass: 51019K(51264K)->51019K(51264K) Class: 5620K(5696K)->5620K(5696K)
[216.081s][info][gc          ] GC(419) Pause Young (Mixed) (G1 Evacuation Pause) 643M->253M(681M) 5.998ms
[216.081s][info][gc,cpu      ] GC(419) User=0.01s Sys=0.00s Real=0.01s
[217.014s][info][gc,start    ] GC(420) Pause Young (Concurrent Start) (G1 Evacuation Pause)
[217.014s][info][gc,task     ] GC(420) Using 2 workers of 2 for evacuation
[217.018s][info][gc,phases   ] GC(420)   Pre Evacuate Collection Set: 0.27ms
[217.018s][info][gc,phases   ] GC(420)   Merge Heap Roots: 0.13ms
[217.018s][info][gc,phases   ] GC(420)   Evacuate Collection Set: 3.00ms
[217.018s][info][gc,phases   ] GC(420)   Post Evacuate Collection Set: 0.65ms
[217.018s][info][gc,phases   ] GC(420)   Other: 0.09ms
[217.018s][info][gc,heap     ] GC(420) Eden regions: 390->0(390)
[217.018s][info][gc,heap     ] GC(420) Survivor regions: 2->2(49)
[217.018s][info][gc,heap     ] GC(420) Old regions: 45->45
[217.018s][info][gc,heap     ] GC(420) Humongous regions: 207->207
[217.018s][info][gc,metaspace] GC(420) Metaspace: 56639K(56960K)->56639K(56960K) NonClass: 51019K(51264K)->51019K(51264K) Class: 5620K(5696K)->5620K(5696K)
[217.018s][info][gc          ] GC(420) Pause Young (Concurrent Start) (G1 Evacuation Pause) 643M->253M(681M) 4.305ms
[217.018s][info][gc          ] GC(421) Concurrent Mark Cycle
[217.018s][info][gc,marking  ] GC(421) Concurrent Scan Root Regions
[217.019s][info][gc,cpu      ] GC(420) User=0.01s Sys=0.00s Real=0.01s
[217.020s][info][gc,marking  ] GC(421) Concurrent Scan Root Regions 1.918ms
[217.020s][info][gc,marking  ] GC(421) Concurrent Mark
[217.020s][info][gc,marking  ] GC(421) Concurrent Mark From Roots
[217.020s][info][gc,task     ] GC(421) Using 1 workers of 1 for marking
[217.074s][info][gc,marking  ] GC(421) Concurrent Mark From Roots 54.652ms
[217.074s][info][gc,marking  ] GC(421) Concurrent Preclean
[217.075s][info][gc,marking  ] GC(421) Concurrent Preclean 0.064ms
[217.075s][info][gc,start    ] GC(421) Pause Remark
[217.083s][info][gc          ] GC(421) Pause Remark 287M->287M(681M) 8.531ms
[217.083s][info][gc,cpu      ] GC(421) User=0.02s Sys=0.00s Real=0.01s
[217.083s][info][gc,marking  ] GC(421) Concurrent Mark 63.563ms
[217.083s][info][gc,marking  ] GC(421) Concurrent Rebuild Remembered Sets and Scrub Regions
[217.101s][info][gc,marking  ] GC(421) Concurrent Rebuild Remembered Sets and Scrub Regions 17.243ms
[217.101s][info][gc,start    ] GC(421) Pause Cleanup
[217.101s][info][gc          ] GC(421) Pause Cleanup 288M->288M(681M) 0.064ms
[217.101s][info][gc,cpu      ] GC(421) User=0.00s Sys=0.00s Real=0.00s
[217.101s][info][gc,marking  ] GC(421) Concurrent Clear Claimed Marks
[217.101s][info][gc,marking  ] GC(421) Concurrent Clear Claimed Marks 0.085ms
[217.101s][info][gc,marking  ] GC(421) Concurrent Cleanup for Next Mark
[217.103s][info][gc,marking  ] GC(421) Concurrent Cleanup for Next Mark 2.250ms
[217.103s][info][gc          ] GC(421) Concurrent Mark Cycle 85.346ms
[219.328s][info][gc,start    ] GC(422) Pause Young (Prepare Mixed) (G1 Evacuation Pause)
[219.328s][info][gc,task     ] GC(422) Using 2 workers of 2 for evacuation
[219.333s][info][gc,phases   ] GC(422)   Pre Evacuate Collection Set: 0.41ms
[219.333s][info][gc,phases   ] GC(422)   Merge Heap Roots: 0.15ms
[219.333s][info][gc,phases   ] GC(422)   Evacuate Collection Set: 3.26ms
[219.333s][info][gc,phases   ] GC(422)   Post Evacuate Collection Set: 0.73ms
[219.333s][info][gc,phases   ] GC(422)   Other: 0.11ms
[219.333s][info][gc,heap     ] GC(422) Eden regions: 382->0(500)
[219.333s][info][gc,heap     ] GC(422) Survivor regions: 2->2(48)
[219.333s][info][gc,heap     ] GC(422) Old regions: 45->46
[219.333s][info][gc,heap     ] GC(422) Humongous regions: 363->207
[219.333s][info][gc,metaspace] GC(422) Metaspace: 56717K(57024K)->56717K(57024K) NonClass: 51096K(51328K)->51096K(51328K) Class: 5620K(5696K)->5620K(5696K)
[219.333s][info][gc          ] GC(422) Pause Young (Prepare Mixed) (G1 Evacuation Pause) 791M->253M(837M) 4.874ms
[219.333s][info][gc,cpu      ] GC(422) User=0.01s Sys=0.00s Real=0.00s
[221.718s][info][gc,start    ] GC(423) Pause Young (Mixed) (G1 Evacuation Pause)
[221.718s][info][gc,task     ] GC(423) Using 2 workers of 2 for evacuation
[221.729s][info][gc,phases   ] GC(423)   Pre Evacuate Collection Set: 0.29ms
[221.729s][info][gc,phases   ] GC(423)   Merge Heap Roots: 0.15ms
[221.729s][info][gc,phases   ] GC(423)   Evacuate Collection Set: 10.38ms
[221.729s][info][gc,phases   ] GC(423)   Post Evacuate Collection Set: 0.93ms
[221.729s][info][gc,phases   ] GC(423)   Other: 0.12ms
[221.730s][info][gc,heap     ] GC(423) Eden regions: 500->0(470)
[221.730s][info][gc,heap     ] GC(423) Survivor regions: 2->14(63)
[221.730s][info][gc,heap     ] GC(423) Old regions: 46->45
[221.730s][info][gc,heap     ] GC(423) Humongous regions: 207->207
[221.730s][info][gc,metaspace] GC(423) Metaspace: 56854K(57152K)->56854K(57152K) NonClass: 51234K(51456K)->51234K(51456K) Class: 5620K(5696K)->5620K(5696K)
[221.730s][info][gc          ] GC(423) Pause Young (Mixed) (G1 Evacuation Pause) 753M->265M(837M) 12.042ms
[221.730s][info][gc,cpu      ] GC(423) User=0.03s Sys=0.00s Real=0.02s
[222.834s][info][gc,start    ] GC(424) Pause Young (Normal) (G1 Evacuation Pause)
[222.834s][info][gc,task     ] GC(424) Using 2 workers of 2 for evacuation
[222.845s][info][gc,phases   ] GC(424)   Pre Evacuate Collection Set: 0.27ms
[222.845s][info][gc,phases   ] GC(424)   Merge Heap Roots: 0.14ms
[222.845s][info][gc,phases   ] GC(424)   Evacuate Collection Set: 9.13ms
[222.845s][info][gc,phases   ] GC(424)   Post Evacuate Collection Set: 0.81ms
[222.845s][info][gc,phases   ] GC(424)   Other: 0.08ms
[222.845s][info][gc,heap     ] GC(424) Eden regions: 470->0(486)
[222.845s][info][gc,heap     ] GC(424) Survivor regions: 14->16(61)
[222.845s][info][gc,heap     ] GC(424) Old regions: 45->45
[222.845s][info][gc,heap     ] GC(424) Humongous regions: 207->207
[222.845s][info][gc,metaspace] GC(424) Metaspace: 56854K(57152K)->56854K(57152K) NonClass: 51234K(51456K)->51234K(51456K) Class: 5620K(5696K)->5620K(5696K)
[222.845s][info][gc          ] GC(424) Pause Young (Normal) (G1 Evacuation Pause) 735M->267M(837M) 10.614ms
[222.845s][info][gc,cpu      ] GC(424) User=0.02s Sys=0.00s Real=0.01s
[224.024s][info][gc,start    ] GC(425) Pause Young (Normal) (G1 Evacuation Pause)
[224.024s][info][gc,task     ] GC(425) Using 2 workers of 2 for evacuation
[224.034s][info][gc,phases   ] GC(425)   Pre Evacuate Collection Set: 0.26ms
[224.034s][info][gc,phases   ] GC(425)   Merge Heap Roots: 0.14ms
[224.034s][info][gc,phases   ] GC(425)   Evacuate Collection Set: 8.17ms
[224.034s][info][gc,phases   ] GC(425)   Post Evacuate Collection Set: 0.79ms
[224.034s][info][gc,phases   ] GC(425)   Other: 0.09ms
[224.034s][info][gc,heap     ] GC(425) Eden regions: 486->0(487)
[224.034s][info][gc,heap     ] GC(425) Survivor regions: 16->15(63)
[224.034s][info][gc,heap     ] GC(425) Old regions: 45->45
[224.034s][info][gc,heap     ] GC(425) Humongous regions: 207->207
[224.034s][info][gc,metaspace] GC(425) Metaspace: 56854K(57152K)->56854K(57152K) NonClass: 51234K(51456K)->51234K(51456K) Class: 5620K(5696K)->5620K(5696K)
[224.034s][info][gc          ] GC(425) Pause Young (Normal) (G1 Evacuation Pause) 753M->266M(837M) 9.621ms
[224.034s][info][gc,cpu      ] GC(425) User=0.02s Sys=0.00s Real=0.01s
[225.210s][info][gc,start    ] GC(426) Pause Young (Normal) (G1 Evacuation Pause)
[225.211s][info][gc,task     ] GC(426) Using 2 workers of 2 for evacuation
[225.218s][info][gc,phases   ] GC(426)   Pre Evacuate Collection Set: 0.25ms
[225.218s][info][gc,phases   ] GC(426)   Merge Heap Roots: 0.16ms
[225.218s][info][gc,phases   ] GC(426)   Evacuate Collection Set: 6.19ms
[225.218s][info][gc,phases   ] GC(426)   Post Evacuate Collection Set: 0.83ms
[225.218s][info][gc,phases   ] GC(426)   Other: 0.09ms
[225.218s][info][gc,heap     ] GC(426) Eden regions: 487->0(488)
[225.218s][info][gc,heap     ] GC(426) Survivor regions: 15->14(63)
[225.218s][info][gc,heap     ] GC(426) Old regions: 45->45
[225.218s][info][gc,heap     ] GC(426) Humongous regions: 207->207
[225.218s][info][gc,metaspace] GC(426) Metaspace: 56854K(57152K)->56854K(57152K) NonClass: 51234K(51456K)->51234K(51456K) Class: 5620K(5696K)->5620K(5696K)
[225.218s][info][gc          ] GC(426) Pause Young (Normal) (G1 Evacuation Pause) 753M->265M(837M) 7.699ms
[225.218s][info][gc,cpu      ] GC(426) User=0.01s Sys=0.00s Real=0.01s
[226.349s][info][gc,start    ] GC(427) Pause Young (Normal) (G1 Evacuation Pause)
[226.349s][info][gc,task     ] GC(427) Using 2 workers of 2 for evacuation
[226.358s][info][gc,phases   ] GC(427)   Pre Evacuate Collection Set: 0.26ms
[226.358s][info][gc,phases   ] GC(427)   Merge Heap Roots: 0.16ms
[226.358s][info][gc,phases   ] GC(427)   Evacuate Collection Set: 7.60ms
[226.358s][info][gc,phases   ] GC(427)   Post Evacuate Collection Set: 0.82ms
[226.358s][info][gc,phases   ] GC(427)   Other: 0.08ms
[226.358s][info][gc,heap     ] GC(427) Eden regions: 488->0(487)
[226.358s][info][gc,heap     ] GC(427) Survivor regions: 14->15(63)
[226.358s][info][gc,heap     ] GC(427) Old regions: 45->46
[226.358s][info][gc,heap     ] GC(427) Humongous regions: 207->207
[226.358s][info][gc,metaspace] GC(427) Metaspace: 56854K(57152K)->56854K(57152K) NonClass: 51234K(51456K)->51234K(51456K) Class: 5620K(5696K)->5620K(5696K)
[226.358s][info][gc          ] GC(427) Pause Young (Normal) (G1 Evacuation Pause) 753M->266M(837M) 9.106ms
[226.358s][info][gc,cpu      ] GC(427) User=0.01s Sys=0.00s Real=0.01s
[227.669s][info][gc,start    ] GC(428) Pause Young (Normal) (G1 Evacuation Pause)
[227.670s][info][gc,task     ] GC(428) Using 2 workers of 2 for evacuation
[227.679s][info][gc,phases   ] GC(428)   Pre Evacuate Collection Set: 0.27ms
[227.679s][info][gc,phases   ] GC(428)   Merge Heap Roots: 0.16ms
[227.679s][info][gc,phases   ] GC(428)   Evacuate Collection Set: 8.42ms
[227.679s][info][gc,phases   ] GC(428)   Post Evacuate Collection Set: 0.85ms
[227.679s][info][gc,phases   ] GC(428)   Other: 0.11ms
[227.679s][info][gc,heap     ] GC(428) Eden regions: 487->0(486)
[227.679s][info][gc,heap     ] GC(428) Survivor regions: 15->16(63)
[227.679s][info][gc,heap     ] GC(428) Old regions: 46->46
[227.679s][info][gc,heap     ] GC(428) Humongous regions: 207->207
[227.679s][info][gc,metaspace] GC(428) Metaspace: 56854K(57152K)->56854K(57152K) NonClass: 51234K(51456K)->51234K(51456K) Class: 5620K(5696K)->5620K(5696K)
[227.679s][info][gc          ] GC(428) Pause Young (Normal) (G1 Evacuation Pause) 753M->267M(837M) 9.980ms
[227.679s][info][gc,cpu      ] GC(428) User=0.02s Sys=0.00s Real=0.01s
[228.826s][info][gc,start    ] GC(429) Pause Young (Normal) (G1 Evacuation Pause)
[228.826s][info][gc,task     ] GC(429) Using 2 workers of 2 for evacuation
[228.836s][info][gc,phases   ] GC(429)   Pre Evacuate Collection Set: 0.27ms
[228.837s][info][gc,phases   ] GC(429)   Merge Heap Roots: 0.15ms
[228.837s][info][gc,phases   ] GC(429)   Evacuate Collection Set: 8.73ms
[228.837s][info][gc,phases   ] GC(429)   Post Evacuate Collection Set: 1.13ms
[228.837s][info][gc,phases   ] GC(429)   Other: 0.09ms
[228.837s][info][gc,heap     ] GC(429) Eden regions: 486->0(486)
[228.837s][info][gc,heap     ] GC(429) Survivor regions: 16->16(63)
[228.837s][info][gc,heap     ] GC(429) Old regions: 46->46
[228.837s][info][gc,heap     ] GC(429) Humongous regions: 207->207
[228.837s][info][gc,metaspace] GC(429) Metaspace: 56856K(57152K)->56856K(57152K) NonClass: 51235K(51456K)->51235K(51456K) Class: 5620K(5696K)->5620K(5696K)
[228.837s][info][gc          ] GC(429) Pause Young (Normal) (G1 Evacuation Pause) 753M->268M(837M) 10.541ms
[228.837s][info][gc,cpu      ] GC(429) User=0.02s Sys=0.00s Real=0.01s
[230.016s][info][gc,start    ] GC(430) Pause Young (Normal) (G1 Evacuation Pause)
[230.016s][info][gc,task     ] GC(430) Using 2 workers of 2 for evacuation
[230.025s][info][gc,phases   ] GC(430)   Pre Evacuate Collection Set: 0.27ms
[230.025s][info][gc,phases   ] GC(430)   Merge Heap Roots: 0.17ms
[230.025s][info][gc,phases   ] GC(430)   Evacuate Collection Set: 7.15ms
[230.025s][info][gc,phases   ] GC(430)   Post Evacuate Collection Set: 0.83ms
[230.025s][info][gc,phases   ] GC(430)   Other: 0.09ms
[230.025s][info][gc,heap     ] GC(430) Eden regions: 486->0(487)
[230.025s][info][gc,heap     ] GC(430) Survivor regions: 16->15(63)
[230.025s][info][gc,heap     ] GC(430) Old regions: 46->46
[230.025s][info][gc,heap     ] GC(430) Humongous regions: 207->207
[230.025s][info][gc,metaspace] GC(430) Metaspace: 56856K(57152K)->56856K(57152K) NonClass: 51235K(51456K)->51235K(51456K) Class: 5620K(5696K)->5620K(5696K)
[230.025s][info][gc          ] GC(430) Pause Young (Normal) (G1 Evacuation Pause) 754M->267M(837M) 8.688ms
[230.025s][info][gc,cpu      ] GC(430) User=0.01s Sys=0.01s Real=0.01s
[231.215s][info][gc,start    ] GC(431) Pause Young (Normal) (G1 Evacuation Pause)
[231.215s][info][gc,task     ] GC(431) Using 2 workers of 2 for evacuation
[231.223s][info][gc,phases   ] GC(431)   Pre Evacuate Collection Set: 0.28ms
[231.223s][info][gc,phases   ] GC(431)   Merge Heap Roots: 0.14ms
[231.223s][info][gc,phases   ] GC(431)   Evacuate Collection Set: 6.60ms
[231.223s][info][gc,phases   ] GC(431)   Post Evacuate Collection Set: 0.80ms
[231.223s][info][gc,phases   ] GC(431)   Other: 0.08ms
[231.223s][info][gc,heap     ] GC(431) Eden regions: 487->0(488)
[231.223s][info][gc,heap     ] GC(431) Survivor regions: 15->14(63)
[231.223s][info][gc,heap     ] GC(431) Old regions: 46->46
[231.223s][info][gc,heap     ] GC(431) Humongous regions: 207->207
[231.223s][info][gc,metaspace] GC(431) Metaspace: 56856K(57152K)->56856K(57152K) NonClass: 51235K(51456K)->51235K(51456K) Class: 5620K(5696K)->5620K(5696K)
[231.223s][info][gc          ] GC(431) Pause Young (Normal) (G1 Evacuation Pause) 754M->266M(837M) 8.081ms
[231.223s][info][gc,cpu      ] GC(431) User=0.02s Sys=0.00s Real=0.01s
[232.407s][info][gc,start    ] GC(432) Pause Young (Normal) (G1 Evacuation Pause)
[232.407s][info][gc,task     ] GC(432) Using 2 workers of 2 for evacuation
[232.414s][info][gc,phases   ] GC(432)   Pre Evacuate Collection Set: 0.26ms
[232.414s][info][gc,phases   ] GC(432)   Merge Heap Roots: 0.15ms
[232.414s][info][gc,phases   ] GC(432)   Evacuate Collection Set: 5.69ms
[232.414s][info][gc,phases   ] GC(432)   Post Evacuate Collection Set: 0.81ms
[232.414s][info][gc,phases   ] GC(432)   Other: 0.08ms
[232.414s][info][gc,heap     ] GC(432) Eden regions: 488->0(488)
[232.414s][info][gc,heap     ] GC(432) Survivor regions: 14->14(63)
[232.414s][info][gc,heap     ] GC(432) Old regions: 46->46
[232.414s][info][gc,heap     ] GC(432) Humongous regions: 207->207
[232.414s][info][gc,metaspace] GC(432) Metaspace: 56856K(57152K)->56856K(57152K) NonClass: 51235K(51456K)->51235K(51456K) Class: 5620K(5696K)->5620K(5696K)
[232.414s][info][gc          ] GC(432) Pause Young (Normal) (G1 Evacuation Pause) 754M->266M(837M) 7.163ms
[232.414s][info][gc,cpu      ] GC(432) User=0.01s Sys=0.00s Real=0.01s
[233.543s][info][gc,start    ] GC(433) Pause Young (Normal) (G1 Evacuation Pause)
[233.543s][info][gc,task     ] GC(433) Using 2 workers of 2 for evacuation
[233.551s][info][gc,phases   ] GC(433)   Pre Evacuate Collection Set: 0.30ms
[233.551s][info][gc,phases   ] GC(433)   Merge Heap Roots: 0.18ms
[233.551s][info][gc,phases   ] GC(433)   Evacuate Collection Set: 7.48ms
[233.551s][info][gc,phases   ] GC(433)   Post Evacuate Collection Set: 0.83ms
[233.551s][info][gc,phases   ] GC(433)   Other: 0.10ms
[233.552s][info][gc,heap     ] GC(433) Eden regions: 488->0(487)
[233.552s][info][gc,heap     ] GC(433) Survivor regions: 14->15(63)
[233.552s][info][gc,heap     ] GC(433) Old regions: 46->46
[233.552s][info][gc,heap     ] GC(433) Humongous regions: 207->207
[233.552s][info][gc,metaspace] GC(433) Metaspace: 56856K(57152K)->56856K(57152K) NonClass: 51235K(51456K)->51235K(51456K) Class: 5620K(5696K)->5620K(5696K)
[233.552s][info][gc          ] GC(433) Pause Young (Normal) (G1 Evacuation Pause) 754M->267M(837M) 9.076ms
[233.552s][info][gc,cpu      ] GC(433) User=0.02s Sys=0.00s Real=0.01s
[234.737s][info][gc,start    ] GC(434) Pause Young (Normal) (G1 Evacuation Pause)
[234.737s][info][gc,task     ] GC(434) Using 2 workers of 2 for evacuation
[234.746s][info][gc,phases   ] GC(434)   Pre Evacuate Collection Set: 0.27ms
[234.746s][info][gc,phases   ] GC(434)   Merge Heap Roots: 0.20ms
[234.746s][info][gc,phases   ] GC(434)   Evacuate Collection Set: 8.00ms
[234.746s][info][gc,phases   ] GC(434)   Post Evacuate Collection Set: 0.80ms
[234.746s][info][gc,phases   ] GC(434)   Other: 0.11ms
[234.746s][info][gc,heap     ] GC(434) Eden regions: 487->0(486)
[234.746s][info][gc,heap     ] GC(434) Survivor regions: 15->16(63)
[234.746s][info][gc,heap     ] GC(434) Old regions: 46->46
[234.746s][info][gc,heap     ] GC(434) Humongous regions: 207->207
[234.746s][info][gc,metaspace] GC(434) Metaspace: 56856K(57152K)->56856K(57152K) NonClass: 51235K(51456K)->51235K(51456K) Class: 5620K(5696K)->5620K(5696K)
[234.746s][info][gc          ] GC(434) Pause Young (Normal) (G1 Evacuation Pause) 754M->267M(837M) 9.562ms
[234.746s][info][gc,cpu      ] GC(434) User=0.02s Sys=0.01s Real=0.01s
[235.935s][info][gc,start    ] GC(435) Pause Young (Normal) (G1 Evacuation Pause)
[235.935s][info][gc,task     ] GC(435) Using 2 workers of 2 for evacuation
[235.946s][info][gc,phases   ] GC(435)   Pre Evacuate Collection Set: 0.30ms
[235.946s][info][gc,phases   ] GC(435)   Merge Heap Roots: 0.15ms
[235.946s][info][gc,phases   ] GC(435)   Evacuate Collection Set: 10.00ms
[235.946s][info][gc,phases   ] GC(435)   Post Evacuate Collection Set: 0.85ms
[235.946s][info][gc,phases   ] GC(435)   Other: 0.09ms
[235.946s][info][gc,heap     ] GC(435) Eden regions: 486->0(485)
[235.946s][info][gc,heap     ] GC(435) Survivor regions: 16->17(63)
[235.946s][info][gc,heap     ] GC(435) Old regions: 46->46
[235.946s][info][gc,heap     ] GC(435) Humongous regions: 207->207
[235.946s][info][gc,metaspace] GC(435) Metaspace: 56856K(57152K)->56856K(57152K) NonClass: 51235K(51456K)->51235K(51456K) Class: 5620K(5696K)->5620K(5696K)
[235.946s][info][gc          ] GC(435) Pause Young (Normal) (G1 Evacuation Pause) 753M->268M(837M) 11.568ms
[235.946s][info][gc,cpu      ] GC(435) User=0.02s Sys=0.00s Real=0.01s
[237.162s][info][gc,start    ] GC(436) Pause Young (Normal) (G1 Evacuation Pause)
[237.162s][info][gc,task     ] GC(436) Using 2 workers of 2 for evacuation
[237.170s][info][gc,phases   ] GC(436)   Pre Evacuate Collection Set: 0.30ms
[237.170s][info][gc,phases   ] GC(436)   Merge Heap Roots: 0.15ms
[237.170s][info][gc,phases   ] GC(436)   Evacuate Collection Set: 6.69ms
[237.170s][info][gc,phases   ] GC(436)   Post Evacuate Collection Set: 0.79ms
[237.170s][info][gc,phases   ] GC(436)   Other: 0.09ms
[237.170s][info][gc,heap     ] GC(436) Eden regions: 485->0(487)
[237.170s][info][gc,heap     ] GC(436) Survivor regions: 17->15(63)
[237.170s][info][gc,heap     ] GC(436) Old regions: 46->46
[237.170s][info][gc,heap     ] GC(436) Humongous regions: 207->207
[237.170s][info][gc,metaspace] GC(436) Metaspace: 56856K(57152K)->56856K(57152K) NonClass: 51235K(51456K)->51235K(51456K) Class: 5620K(5696K)->5620K(5696K)
[237.170s][info][gc          ] GC(436) Pause Young (Normal) (G1 Evacuation Pause) 753M->266M(837M) 8.185ms
[237.170s][info][gc,cpu      ] GC(436) User=0.01s Sys=0.00s Real=0.01s
[238.319s][info][gc,start    ] GC(437) Pause Young (Normal) (G1 Evacuation Pause)
[238.319s][info][gc,task     ] GC(437) Using 2 workers of 2 for evacuation
[238.328s][info][gc,phases   ] GC(437)   Pre Evacuate Collection Set: 0.26ms
[238.328s][info][gc,phases   ] GC(437)   Merge Heap Roots: 0.14ms
[238.328s][info][gc,phases   ] GC(437)   Evacuate Collection Set: 7.73ms
[238.328s][info][gc,phases   ] GC(437)   Post Evacuate Collection Set: 0.82ms
[238.328s][info][gc,phases   ] GC(437)   Other: 0.08ms
[238.328s][info][gc,heap     ] GC(437) Eden regions: 487->0(487)
[238.328s][info][gc,heap     ] GC(437) Survivor regions: 15->15(63)
[238.328s][info][gc,heap     ] GC(437) Old regions: 46->46
[238.328s][info][gc,heap     ] GC(437) Humongous regions: 207->207
[238.328s][info][gc,metaspace] GC(437) Metaspace: 56856K(57152K)->56856K(57152K) NonClass: 51235K(51456K)->51235K(51456K) Class: 5620K(5696K)->5620K(5696K)
[238.328s][info][gc          ] GC(437) Pause Young (Normal) (G1 Evacuation Pause) 753M->267M(837M) 9.251ms
[238.328s][info][gc,cpu      ] GC(437) User=0.01s Sys=0.00s Real=0.01s
[239.514s][info][gc,start    ] GC(438) Pause Young (Normal) (G1 Evacuation Pause)
[239.514s][info][gc,task     ] GC(438) Using 2 workers of 2 for evacuation
[239.523s][info][gc,phases   ] GC(438)   Pre Evacuate Collection Set: 0.26ms
[239.523s][info][gc,phases   ] GC(438)   Merge Heap Roots: 0.17ms
[239.523s][info][gc,phases   ] GC(438)   Evacuate Collection Set: 6.92ms
[239.523s][info][gc,phases   ] GC(438)   Post Evacuate Collection Set: 0.84ms
[239.523s][info][gc,phases   ] GC(438)   Other: 0.10ms
[239.523s][info][gc,heap     ] GC(438) Eden regions: 487->0(495)
[239.523s][info][gc,heap     ] GC(438) Survivor regions: 15->7(63)
[239.523s][info][gc,heap     ] GC(438) Old regions: 46->58
[239.523s][info][gc,heap     ] GC(438) Humongous regions: 207->207
[239.523s][info][gc,metaspace] GC(438) Metaspace: 56856K(57152K)->56856K(57152K) NonClass: 51235K(51456K)->51235K(51456K) Class: 5620K(5696K)->5620K(5696K)
[239.523s][info][gc          ] GC(438) Pause Young (Normal) (G1 Evacuation Pause) 754M->271M(837M) 8.465ms
[239.523s][info][gc,cpu      ] GC(438) User=0.02s Sys=0.00s Real=0.01s
[240.714s][info][gc,start    ] GC(439) Pause Young (Normal) (G1 Evacuation Pause)
[240.714s][info][gc,task     ] GC(439) Using 2 workers of 2 for evacuation
[240.719s][info][gc,phases   ] GC(439)   Pre Evacuate Collection Set: 0.25ms
[240.719s][info][gc,phases   ] GC(439)   Merge Heap Roots: 0.14ms
[240.719s][info][gc,phases   ] GC(439)   Evacuate Collection Set: 3.81ms
[240.719s][info][gc,phases   ] GC(439)   Post Evacuate Collection Set: 0.78ms
[240.719s][info][gc,phases   ] GC(439)   Other: 0.09ms
[240.719s][info][gc,heap     ] GC(439) Eden regions: 495->0(495)
[240.719s][info][gc,heap     ] GC(439) Survivor regions: 7->7(63)
[240.719s][info][gc,heap     ] GC(439) Old regions: 58->59
[240.719s][info][gc,heap     ] GC(439) Humongous regions: 207->207
[240.719s][info][gc,metaspace] GC(439) Metaspace: 56856K(57152K)->56856K(57152K) NonClass: 51235K(51456K)->51235K(51456K) Class: 5620K(5696K)->5620K(5696K)
[240.719s][info][gc          ] GC(439) Pause Young (Normal) (G1 Evacuation Pause) 766M->272M(837M) 5.236ms
[240.719s][info][gc,cpu      ] GC(439) User=0.01s Sys=0.00s Real=0.01s
[241.913s][info][gc,start    ] GC(440) Pause Young (Normal) (G1 Evacuation Pause)
[241.913s][info][gc,task     ] GC(440) Using 2 workers of 2 for evacuation
[241.918s][info][gc,phases   ] GC(440)   Pre Evacuate Collection Set: 0.26ms
[241.918s][info][gc,phases   ] GC(440)   Merge Heap Roots: 0.14ms
[241.918s][info][gc,phases   ] GC(440)   Evacuate Collection Set: 3.43ms
[241.918s][info][gc,phases   ] GC(440)   Post Evacuate Collection Set: 0.80ms
[241.918s][info][gc,phases   ] GC(440)   Other: 0.10ms
[241.918s][info][gc,heap     ] GC(440) Eden regions: 495->0(495)
[241.918s][info][gc,heap     ] GC(440) Survivor regions: 7->7(63)
[241.918s][info][gc,heap     ] GC(440) Old regions: 59->59
[241.918s][info][gc,heap     ] GC(440) Humongous regions: 207->207
[241.918s][info][gc,metaspace] GC(440) Metaspace: 56856K(57152K)->56856K(57152K) NonClass: 51235K(51456K)->51235K(51456K) Class: 5620K(5696K)->5620K(5696K)
[241.918s][info][gc          ] GC(440) Pause Young (Normal) (G1 Evacuation Pause) 767M->272M(837M) 4.910ms
[241.918s][info][gc,cpu      ] GC(440) User=0.00s Sys=0.00s Real=0.00s
[243.118s][info][gc,start    ] GC(441) Pause Young (Normal) (G1 Evacuation Pause)
[243.118s][info][gc,task     ] GC(441) Using 2 workers of 2 for evacuation
[243.124s][info][gc,phases   ] GC(441)   Pre Evacuate Collection Set: 0.27ms
[243.124s][info][gc,phases   ] GC(441)   Merge Heap Roots: 0.15ms
[243.124s][info][gc,phases   ] GC(441)   Evacuate Collection Set: 4.45ms
[243.124s][info][gc,phases   ] GC(441)   Post Evacuate Collection Set: 0.75ms
[243.124s][info][gc,phases   ] GC(441)   Other: 0.09ms
[243.124s][info][gc,heap     ] GC(441) Eden regions: 495->0(494)
[243.124s][info][gc,heap     ] GC(441) Survivor regions: 7->8(63)
[243.124s][info][gc,heap     ] GC(441) Old regions: 59->59
[243.124s][info][gc,heap     ] GC(441) Humongous regions: 207->207
[243.124s][info][gc,metaspace] GC(441) Metaspace: 56856K(57152K)->56856K(57152K) NonClass: 51235K(51456K)->51235K(51456K) Class: 5620K(5696K)->5620K(5696K)
[243.124s][info][gc          ] GC(441) Pause Young (Normal) (G1 Evacuation Pause) 767M->273M(837M) 5.898ms
[243.124s][info][gc,cpu      ] GC(441) User=0.01s Sys=0.00s Real=0.00s
[244.312s][info][gc,start    ] GC(442) Pause Young (Normal) (G1 Evacuation Pause)
[244.312s][info][gc,task     ] GC(442) Using 2 workers of 2 for evacuation
[244.317s][info][gc,phases   ] GC(442)   Pre Evacuate Collection Set: 0.24ms
[244.317s][info][gc,phases   ] GC(442)   Merge Heap Roots: 0.14ms
[244.317s][info][gc,phases   ] GC(442)   Evacuate Collection Set: 3.62ms
[244.317s][info][gc,phases   ] GC(442)   Post Evacuate Collection Set: 0.73ms
[244.317s][info][gc,phases   ] GC(442)   Other: 0.08ms
[244.317s][info][gc,heap     ] GC(442) Eden regions: 494->0(495)
[244.317s][info][gc,heap     ] GC(442) Survivor regions: 8->7(63)
[244.317s][info][gc,heap     ] GC(442) Old regions: 59->60
[244.317s][info][gc,heap     ] GC(442) Humongous regions: 207->207
[244.317s][info][gc,metaspace] GC(442) Metaspace: 56856K(57152K)->56856K(57152K) NonClass: 51235K(51456K)->51235K(51456K) Class: 5620K(5696K)->5620K(5696K)
[244.317s][info][gc          ] GC(442) Pause Young (Normal) (G1 Evacuation Pause) 767M->272M(837M) 5.018ms
[244.317s][info][gc,cpu      ] GC(442) User=0.01s Sys=0.01s Real=0.00s
[245.510s][info][gc,start    ] GC(443) Pause Young (Normal) (G1 Evacuation Pause)
[245.510s][info][gc,task     ] GC(443) Using 2 workers of 2 for evacuation
[245.514s][info][gc,phases   ] GC(443)   Pre Evacuate Collection Set: 0.25ms
[245.514s][info][gc,phases   ] GC(443)   Merge Heap Roots: 0.14ms
[245.514s][info][gc,phases   ] GC(443)   Evacuate Collection Set: 3.27ms
[245.514s][info][gc,phases   ] GC(443)   Post Evacuate Collection Set: 0.76ms
[245.514s][info][gc,phases   ] GC(443)   Other: 0.11ms
[245.514s][info][gc,heap     ] GC(443) Eden regions: 495->0(496)
[245.514s][info][gc,heap     ] GC(443) Survivor regions: 7->6(63)
[245.514s][info][gc,heap     ] GC(443) Old regions: 60->60
[245.514s][info][gc,heap     ] GC(443) Humongous regions: 207->207
[245.514s][info][gc,metaspace] GC(443) Metaspace: 56856K(57152K)->56856K(57152K) NonClass: 51235K(51456K)->51235K(51456K) Class: 5620K(5696K)->5620K(5696K)
[245.514s][info][gc          ] GC(443) Pause Young (Normal) (G1 Evacuation Pause) 767M->272M(837M) 4.697ms
[245.514s][info][gc,cpu      ] GC(443) User=0.00s Sys=0.00s Real=0.00s
[246.711s][info][gc,start    ] GC(444) Pause Young (Normal) (G1 Evacuation Pause)
[246.711s][info][gc,task     ] GC(444) Using 2 workers of 2 for evacuation
[246.716s][info][gc,phases   ] GC(444)   Pre Evacuate Collection Set: 0.25ms
[246.716s][info][gc,phases   ] GC(444)   Merge Heap Roots: 0.15ms
[246.716s][info][gc,phases   ] GC(444)   Evacuate Collection Set: 3.53ms
[246.716s][info][gc,phases   ] GC(444)   Post Evacuate Collection Set: 0.74ms
[246.716s][info][gc,phases   ] GC(444)   Other: 0.11ms
[246.716s][info][gc,heap     ] GC(444) Eden regions: 496->0(496)
[246.716s][info][gc,heap     ] GC(444) Survivor regions: 6->6(63)
[246.716s][info][gc,heap     ] GC(444) Old regions: 60->60
[246.716s][info][gc,heap     ] GC(444) Humongous regions: 207->207
[246.716s][info][gc,metaspace] GC(444) Metaspace: 56856K(57152K)->56856K(57152K) NonClass: 51235K(51456K)->51235K(51456K) Class: 5620K(5696K)->5620K(5696K)
[246.716s][info][gc          ] GC(444) Pause Young (Normal) (G1 Evacuation Pause) 768M->272M(837M) 4.963ms
[246.716s][info][gc,cpu      ] GC(444) User=0.01s Sys=0.00s Real=0.00s
[247.925s][info][gc,start    ] GC(445) Pause Young (Normal) (G1 Evacuation Pause)
[247.925s][info][gc,task     ] GC(445) Using 2 workers of 2 for evacuation
[247.944s][info][gc,phases   ] GC(445)   Pre Evacuate Collection Set: 0.40ms
[247.944s][info][gc,phases   ] GC(445)   Merge Heap Roots: 0.16ms
[247.944s][info][gc,phases   ] GC(445)   Evacuate Collection Set: 16.40ms
[247.944s][info][gc,phases   ] GC(445)   Post Evacuate Collection Set: 1.17ms
[247.944s][info][gc,phases   ] GC(445)   Other: 0.08ms
[247.944s][info][gc,heap     ] GC(445) Eden regions: 496->0(494)
[247.944s][info][gc,heap     ] GC(445) Survivor regions: 6->8(63)
[247.944s][info][gc,heap     ] GC(445) Old regions: 60->60
[247.944s][info][gc,heap     ] GC(445) Humongous regions: 207->207
[247.944s][info][gc,metaspace] GC(445) Metaspace: 56857K(57152K)->56857K(57152K) NonClass: 51236K(51456K)->51236K(51456K) Class: 5620K(5696K)->5620K(5696K)
[247.944s][info][gc          ] GC(445) Pause Young (Normal) (G1 Evacuation Pause) 768M->274M(837M) 18.383ms
[247.944s][info][gc,cpu      ] GC(445) User=0.01s Sys=0.00s Real=0.02s
[249.131s][info][gc,start    ] GC(446) Pause Young (Normal) (G1 Evacuation Pause)
[249.131s][info][gc,task     ] GC(446) Using 2 workers of 2 for evacuation
[249.138s][info][gc,phases   ] GC(446)   Pre Evacuate Collection Set: 0.27ms
[249.138s][info][gc,phases   ] GC(446)   Merge Heap Roots: 0.14ms
[249.138s][info][gc,phases   ] GC(446)   Evacuate Collection Set: 5.67ms
[249.138s][info][gc,phases   ] GC(446)   Post Evacuate Collection Set: 0.74ms
[249.138s][info][gc,phases   ] GC(446)   Other: 0.11ms
[249.138s][info][gc,heap     ] GC(446) Eden regions: 494->0(494)
[249.138s][info][gc,heap     ] GC(446) Survivor regions: 8->8(63)
[249.138s][info][gc,heap     ] GC(446) Old regions: 60->60
[249.138s][info][gc,heap     ] GC(446) Humongous regions: 207->207
[249.138s][info][gc,metaspace] GC(446) Metaspace: 56857K(57152K)->56857K(57152K) NonClass: 51236K(51456K)->51236K(51456K) Class: 5620K(5696K)->5620K(5696K)
[249.138s][info][gc          ] GC(446) Pause Young (Normal) (G1 Evacuation Pause) 768M->274M(837M) 7.095ms
[249.138s][info][gc,cpu      ] GC(446) User=0.01s Sys=0.00s Real=0.00s
[250.326s][info][gc,start    ] GC(447) Pause Young (Normal) (G1 Evacuation Pause)
[250.326s][info][gc,task     ] GC(447) Using 2 workers of 2 for evacuation
[250.333s][info][gc,phases   ] GC(447)   Pre Evacuate Collection Set: 0.26ms
[250.333s][info][gc,phases   ] GC(447)   Merge Heap Roots: 0.16ms
[250.333s][info][gc,phases   ] GC(447)   Evacuate Collection Set: 5.76ms
[250.333s][info][gc,phases   ] GC(447)   Post Evacuate Collection Set: 0.77ms
[250.333s][info][gc,phases   ] GC(447)   Other: 0.08ms
[250.333s][info][gc,heap     ] GC(447) Eden regions: 494->0(489)
[250.333s][info][gc,heap     ] GC(447) Survivor regions: 8->13(63)
[250.333s][info][gc,heap     ] GC(447) Old regions: 60->60
[250.333s][info][gc,heap     ] GC(447) Humongous regions: 207->207
[250.333s][info][gc,metaspace] GC(447) Metaspace: 56857K(57152K)->56857K(57152K) NonClass: 51236K(51456K)->51236K(51456K) Class: 5620K(5696K)->5620K(5696K)
[250.333s][info][gc          ] GC(447) Pause Young (Normal) (G1 Evacuation Pause) 768M->279M(837M) 7.214ms
[250.333s][info][gc,cpu      ] GC(447) User=0.01s Sys=0.00s Real=0.01s
[251.520s][info][gc,start    ] GC(448) Pause Young (Normal) (G1 Evacuation Pause)
[251.520s][info][gc,task     ] GC(448) Using 2 workers of 2 for evacuation
[251.527s][info][gc,phases   ] GC(448)   Pre Evacuate Collection Set: 0.27ms
[251.527s][info][gc,phases   ] GC(448)   Merge Heap Roots: 0.15ms
[251.527s][info][gc,phases   ] GC(448)   Evacuate Collection Set: 5.59ms
[251.527s][info][gc,phases   ] GC(448)   Post Evacuate Collection Set: 0.78ms
[251.527s][info][gc,phases   ] GC(448)   Other: 0.10ms
[251.527s][info][gc,heap     ] GC(448) Eden regions: 489->0(490)
[251.527s][info][gc,heap     ] GC(448) Survivor regions: 13->12(63)
[251.527s][info][gc,heap     ] GC(448) Old regions: 60->60
[251.527s][info][gc,heap     ] GC(448) Humongous regions: 207->207
[251.527s][info][gc,metaspace] GC(448) Metaspace: 56857K(57152K)->56857K(57152K) NonClass: 51236K(51456K)->51236K(51456K) Class: 5620K(5696K)->5620K(5696K)
[251.527s][info][gc          ] GC(448) Pause Young (Normal) (G1 Evacuation Pause) 768M->278M(837M) 7.125ms
[251.527s][info][gc,cpu      ] GC(448) User=0.01s Sys=0.00s Real=0.00s
[252.715s][info][gc,start    ] GC(449) Pause Young (Normal) (G1 Evacuation Pause)
[252.715s][info][gc,task     ] GC(449) Using 2 workers of 2 for evacuation
[252.721s][info][gc,phases   ] GC(449)   Pre Evacuate Collection Set: 0.26ms
[252.721s][info][gc,phases   ] GC(449)   Merge Heap Roots: 0.14ms
[252.721s][info][gc,phases   ] GC(449)   Evacuate Collection Set: 4.81ms
[252.721s][info][gc,phases   ] GC(449)   Post Evacuate Collection Set: 0.79ms
[252.721s][info][gc,phases   ] GC(449)   Other: 0.09ms
[252.721s][info][gc,heap     ] GC(449) Eden regions: 490->0(490)
[252.721s][info][gc,heap     ] GC(449) Survivor regions: 12->12(63)
[252.721s][info][gc,heap     ] GC(449) Old regions: 60->60
[252.721s][info][gc,heap     ] GC(449) Humongous regions: 207->207
[252.721s][info][gc,metaspace] GC(449) Metaspace: 56857K(57152K)->56857K(57152K) NonClass: 51236K(51456K)->51236K(51456K) Class: 5620K(5696K)->5620K(5696K)
[252.721s][info][gc          ] GC(449) Pause Young (Normal) (G1 Evacuation Pause) 768M->278M(837M) 6.270ms
[252.721s][info][gc,cpu      ] GC(449) User=0.02s Sys=0.00s Real=0.01s
[253.907s][info][gc,start    ] GC(450) Pause Young (Normal) (G1 Evacuation Pause)
[253.907s][info][gc,task     ] GC(450) Using 2 workers of 2 for evacuation
[253.911s][info][gc,phases   ] GC(450)   Pre Evacuate Collection Set: 0.26ms
[253.911s][info][gc,phases   ] GC(450)   Merge Heap Roots: 0.14ms
[253.911s][info][gc,phases   ] GC(450)   Evacuate Collection Set: 3.27ms
[253.911s][info][gc,phases   ] GC(450)   Post Evacuate Collection Set: 0.78ms
[253.911s][info][gc,phases   ] GC(450)   Other: 0.12ms
[253.911s][info][gc,heap     ] GC(450) Eden regions: 490->0(492)
[253.911s][info][gc,heap     ] GC(450) Survivor regions: 12->10(63)
[253.911s][info][gc,heap     ] GC(450) Old regions: 60->60
[253.911s][info][gc,heap     ] GC(450) Humongous regions: 207->207
[253.911s][info][gc,metaspace] GC(450) Metaspace: 56857K(57152K)->56857K(57152K) NonClass: 51236K(51456K)->51236K(51456K) Class: 5620K(5696K)->5620K(5696K)
[253.911s][info][gc          ] GC(450) Pause Young (Normal) (G1 Evacuation Pause) 768M->276M(837M) 4.815ms
[253.911s][info][gc,cpu      ] GC(450) User=0.00s Sys=0.00s Real=0.01s
[255.107s][info][gc,start    ] GC(451) Pause Young (Normal) (G1 Evacuation Pause)
[255.108s][info][gc,task     ] GC(451) Using 2 workers of 2 for evacuation
[255.112s][info][gc,phases   ] GC(451)   Pre Evacuate Collection Set: 0.26ms
[255.112s][info][gc,phases   ] GC(451)   Merge Heap Roots: 0.16ms
[255.112s][info][gc,phases   ] GC(451)   Evacuate Collection Set: 3.48ms
[255.112s][info][gc,phases   ] GC(451)   Post Evacuate Collection Set: 0.82ms
[255.112s][info][gc,phases   ] GC(451)   Other: 0.08ms
[255.112s][info][gc,heap     ] GC(451) Eden regions: 492->0(491)
[255.112s][info][gc,heap     ] GC(451) Survivor regions: 10->11(63)
[255.112s][info][gc,heap     ] GC(451) Old regions: 60->60
[255.112s][info][gc,heap     ] GC(451) Humongous regions: 207->207
[255.112s][info][gc,metaspace] GC(451) Metaspace: 56857K(57152K)->56857K(57152K) NonClass: 51236K(51456K)->51236K(51456K) Class: 5620K(5696K)->5620K(5696K)
[255.112s][info][gc          ] GC(451) Pause Young (Normal) (G1 Evacuation Pause) 768M->277M(837M) 4.977ms
[255.112s][info][gc,cpu      ] GC(451) User=0.01s Sys=0.00s Real=0.01s
[256.257s][info][gc,start    ] GC(452) Pause Young (Normal) (G1 Evacuation Pause)
[256.257s][info][gc,task     ] GC(452) Using 2 workers of 2 for evacuation
[256.261s][info][gc,phases   ] GC(452)   Pre Evacuate Collection Set: 0.36ms
[256.261s][info][gc,phases   ] GC(452)   Merge Heap Roots: 0.18ms
[256.261s][info][gc,phases   ] GC(452)   Evacuate Collection Set: 3.23ms
[256.261s][info][gc,phases   ] GC(452)   Post Evacuate Collection Set: 0.79ms
[256.261s][info][gc,phases   ] GC(452)   Other: 0.11ms
[256.261s][info][gc,heap     ] GC(452) Eden regions: 491->0(492)
[256.261s][info][gc,heap     ] GC(452) Survivor regions: 11->10(63)
[256.261s][info][gc,heap     ] GC(452) Old regions: 60->60
[256.261s][info][gc,heap     ] GC(452) Humongous regions: 207->207
[256.261s][info][gc,metaspace] GC(452) Metaspace: 56857K(57152K)->56857K(57152K) NonClass: 51236K(51456K)->51236K(51456K) Class: 5620K(5696K)->5620K(5696K)
[256.261s][info][gc          ] GC(452) Pause Young (Normal) (G1 Evacuation Pause) 768M->276M(837M) 4.919ms
[256.261s][info][gc,cpu      ] GC(452) User=0.01s Sys=0.00s Real=0.01s
[257.453s][info][gc,start    ] GC(453) Pause Young (Normal) (G1 Evacuation Pause)
[257.453s][info][gc,task     ] GC(453) Using 2 workers of 2 for evacuation
[257.458s][info][gc,phases   ] GC(453)   Pre Evacuate Collection Set: 0.27ms
[257.459s][info][gc,phases   ] GC(453)   Merge Heap Roots: 0.15ms
[257.459s][info][gc,phases   ] GC(453)   Evacuate Collection Set: 4.01ms
[257.459s][info][gc,phases   ] GC(453)   Post Evacuate Collection Set: 0.79ms
[257.459s][info][gc,phases   ] GC(453)   Other: 0.11ms
[257.459s][info][gc,heap     ] GC(453) Eden regions: 492->0(495)
[257.459s][info][gc,heap     ] GC(453) Survivor regions: 10->7(63)
[257.459s][info][gc,heap     ] GC(453) Old regions: 60->65
[257.459s][info][gc,heap     ] GC(453) Humongous regions: 207->207
[257.459s][info][gc,metaspace] GC(453) Metaspace: 56857K(57152K)->56857K(57152K) NonClass: 51236K(51456K)->51236K(51456K) Class: 5620K(5696K)->5620K(5696K)
[257.459s][info][gc          ] GC(453) Pause Young (Normal) (G1 Evacuation Pause) 768M->277M(837M) 5.517ms
[257.459s][info][gc,cpu      ] GC(453) User=0.01s Sys=0.00s Real=0.01s
[258.674s][info][gc,start    ] GC(454) Pause Young (Normal) (G1 Evacuation Pause)
[258.674s][info][gc,task     ] GC(454) Using 2 workers of 2 for evacuation
[258.678s][info][gc,phases   ] GC(454)   Pre Evacuate Collection Set: 0.29ms
[258.679s][info][gc,phases   ] GC(454)   Merge Heap Roots: 0.15ms
[258.679s][info][gc,phases   ] GC(454)   Evacuate Collection Set: 3.19ms
[258.679s][info][gc,phases   ] GC(454)   Post Evacuate Collection Set: 0.78ms
[258.679s][info][gc,phases   ] GC(454)   Other: 0.09ms
[258.679s][info][gc,heap     ] GC(454) Eden regions: 495->0(495)
[258.679s][info][gc,heap     ] GC(454) Survivor regions: 7->7(63)
[258.679s][info][gc,heap     ] GC(454) Old regions: 65->65
[258.679s][info][gc,heap     ] GC(454) Humongous regions: 207->207
[258.679s][info][gc,metaspace] GC(454) Metaspace: 56857K(57152K)->56857K(57152K) NonClass: 51236K(51456K)->51236K(51456K) Class: 5620K(5696K)->5620K(5696K)
[258.679s][info][gc          ] GC(454) Pause Young (Normal) (G1 Evacuation Pause) 772M->277M(837M) 4.701ms
[258.679s][info][gc,cpu      ] GC(454) User=0.01s Sys=0.00s Real=0.01s
[259.860s][info][gc,start    ] GC(455) Pause Young (Normal) (G1 Evacuation Pause)
[259.860s][info][gc,task     ] GC(455) Using 2 workers of 2 for evacuation
[259.865s][info][gc,phases   ] GC(455)   Pre Evacuate Collection Set: 0.28ms
[259.865s][info][gc,phases   ] GC(455)   Merge Heap Roots: 0.14ms
[259.865s][info][gc,phases   ] GC(455)   Evacuate Collection Set: 3.33ms
[259.865s][info][gc,phases   ] GC(455)   Post Evacuate Collection Set: 0.79ms
[259.865s][info][gc,phases   ] GC(455)   Other: 0.08ms
[259.865s][info][gc,heap     ] GC(455) Eden regions: 495->0(495)
[259.865s][info][gc,heap     ] GC(455) Survivor regions: 7->7(63)
[259.865s][info][gc,heap     ] GC(455) Old regions: 65->65
[259.865s][info][gc,heap     ] GC(455) Humongous regions: 207->207
[259.865s][info][gc,metaspace] GC(455) Metaspace: 56857K(57152K)->56857K(57152K) NonClass: 51236K(51456K)->51236K(51456K) Class: 5620K(5696K)->5620K(5696K)
[259.865s][info][gc          ] GC(455) Pause Young (Normal) (G1 Evacuation Pause) 772M->277M(837M) 4.780ms
[259.865s][info][gc,cpu      ] GC(455) User=0.01s Sys=0.00s Real=0.00s
[261.209s][info][gc,start    ] GC(456) Pause Young (Normal) (G1 Evacuation Pause)
[261.209s][info][gc,task     ] GC(456) Using 2 workers of 2 for evacuation
[261.214s][info][gc,phases   ] GC(456)   Pre Evacuate Collection Set: 0.25ms
[261.214s][info][gc,phases   ] GC(456)   Merge Heap Roots: 0.17ms
[261.214s][info][gc,phases   ] GC(456)   Evacuate Collection Set: 3.33ms
[261.214s][info][gc,phases   ] GC(456)   Post Evacuate Collection Set: 0.77ms
[261.214s][info][gc,phases   ] GC(456)   Other: 0.08ms
[261.214s][info][gc,heap     ] GC(456) Eden regions: 495->0(495)
[261.214s][info][gc,heap     ] GC(456) Survivor regions: 7->7(63)
[261.214s][info][gc,heap     ] GC(456) Old regions: 65->65
[261.214s][info][gc,heap     ] GC(456) Humongous regions: 207->207
[261.214s][info][gc,metaspace] GC(456) Metaspace: 56857K(57152K)->56857K(57152K) NonClass: 51236K(51456K)->51236K(51456K) Class: 5620K(5696K)->5620K(5696K)
[261.214s][info][gc          ] GC(456) Pause Young (Normal) (G1 Evacuation Pause) 772M->277M(837M) 4.771ms
[261.214s][info][gc,cpu      ] GC(456) User=0.00s Sys=0.00s Real=0.00s
[262.409s][info][gc,start    ] GC(457) Pause Young (Normal) (G1 Evacuation Pause)
[262.410s][info][gc,task     ] GC(457) Using 2 workers of 2 for evacuation
[262.414s][info][gc,phases   ] GC(457)   Pre Evacuate Collection Set: 0.25ms
[262.414s][info][gc,phases   ] GC(457)   Merge Heap Roots: 0.16ms
[262.414s][info][gc,phases   ] GC(457)   Evacuate Collection Set: 3.11ms
[262.414s][info][gc,phases   ] GC(457)   Post Evacuate Collection Set: 0.75ms
[262.414s][info][gc,phases   ] GC(457)   Other: 0.08ms
[262.414s][info][gc,heap     ] GC(457) Eden regions: 495->0(496)
[262.414s][info][gc,heap     ] GC(457) Survivor regions: 7->6(63)
[262.414s][info][gc,heap     ] GC(457) Old regions: 65->65
[262.414s][info][gc,heap     ] GC(457) Humongous regions: 207->207
[262.414s][info][gc,metaspace] GC(457) Metaspace: 56857K(57152K)->56857K(57152K) NonClass: 51236K(51456K)->51236K(51456K) Class: 5620K(5696K)->5620K(5696K)
[262.414s][info][gc          ] GC(457) Pause Young (Normal) (G1 Evacuation Pause) 772M->277M(837M) 4.564ms
[262.414s][info][gc,cpu      ] GC(457) User=0.00s Sys=0.00s Real=0.00s
[263.610s][info][gc,start    ] GC(458) Pause Young (Normal) (G1 Evacuation Pause)
[263.610s][info][gc,task     ] GC(458) Using 2 workers of 2 for evacuation
[263.615s][info][gc,phases   ] GC(458)   Pre Evacuate Collection Set: 0.26ms
[263.615s][info][gc,phases   ] GC(458)   Merge Heap Roots: 0.15ms
[263.615s][info][gc,phases   ] GC(458)   Evacuate Collection Set: 2.99ms
[263.615s][info][gc,phases   ] GC(458)   Post Evacuate Collection Set: 1.16ms
[263.615s][info][gc,phases   ] GC(458)   Other: 0.09ms
[263.615s][info][gc,heap     ] GC(458) Eden regions: 496->0(496)
[263.615s][info][gc,heap     ] GC(458) Survivor regions: 6->6(63)
[263.615s][info][gc,heap     ] GC(458) Old regions: 65->65
[263.615s][info][gc,heap     ] GC(458) Humongous regions: 207->207
[263.615s][info][gc,metaspace] GC(458) Metaspace: 56857K(57152K)->56857K(57152K) NonClass: 51236K(51456K)->51236K(51456K) Class: 5620K(5696K)->5620K(5696K)
[263.615s][info][gc          ] GC(458) Pause Young (Normal) (G1 Evacuation Pause) 773M->277M(837M) 4.863ms
[263.615s][info][gc,cpu      ] GC(458) User=0.01s Sys=0.00s Real=0.00s
[264.807s][info][gc,start    ] GC(459) Pause Young (Normal) (G1 Evacuation Pause)
[264.807s][info][gc,task     ] GC(459) Using 2 workers of 2 for evacuation
[264.812s][info][gc,phases   ] GC(459)   Pre Evacuate Collection Set: 0.38ms
[264.812s][info][gc,phases   ] GC(459)   Merge Heap Roots: 0.12ms
[264.812s][info][gc,phases   ] GC(459)   Evacuate Collection Set: 3.61ms
[264.812s][info][gc,phases   ] GC(459)   Post Evacuate Collection Set: 0.77ms
[264.812s][info][gc,phases   ] GC(459)   Other: 0.10ms
[264.812s][info][gc,heap     ] GC(459) Eden regions: 496->0(496)
[264.812s][info][gc,heap     ] GC(459) Survivor regions: 6->6(63)
[264.812s][info][gc,heap     ] GC(459) Old regions: 65->65
[264.812s][info][gc,heap     ] GC(459) Humongous regions: 207->207
[264.812s][info][gc,metaspace] GC(459) Metaspace: 56857K(57152K)->56857K(57152K) NonClass: 51236K(51456K)->51236K(51456K) Class: 5620K(5696K)->5620K(5696K)
[264.812s][info][gc          ] GC(459) Pause Young (Normal) (G1 Evacuation Pause) 773M->276M(837M) 5.204ms
[264.812s][info][gc,cpu      ] GC(459) User=0.01s Sys=0.00s Real=0.01s
[266.019s][info][gc,start    ] GC(460) Pause Young (Normal) (G1 Evacuation Pause)
[266.019s][info][gc,task     ] GC(460) Using 2 workers of 2 for evacuation
[266.023s][info][gc,phases   ] GC(460)   Pre Evacuate Collection Set: 0.27ms
[266.023s][info][gc,phases   ] GC(460)   Merge Heap Roots: 0.18ms
[266.023s][info][gc,phases   ] GC(460)   Evacuate Collection Set: 3.36ms
[266.023s][info][gc,phases   ] GC(460)   Post Evacuate Collection Set: 0.82ms
[266.023s][info][gc,phases   ] GC(460)   Other: 0.08ms
[266.023s][info][gc,heap     ] GC(460) Eden regions: 496->0(496)
[266.023s][info][gc,heap     ] GC(460) Survivor regions: 6->6(63)
[266.023s][info][gc,heap     ] GC(460) Old regions: 65->65
[266.023s][info][gc,heap     ] GC(460) Humongous regions: 207->207
[266.023s][info][gc,metaspace] GC(460) Metaspace: 56857K(57152K)->56857K(57152K) NonClass: 51236K(51456K)->51236K(51456K) Class: 5620K(5696K)->5620K(5696K)
[266.023s][info][gc          ] GC(460) Pause Young (Normal) (G1 Evacuation Pause) 772M->277M(837M) 4.889ms
[266.023s][info][gc,cpu      ] GC(460) User=0.01s Sys=0.00s Real=0.00s
[267.209s][info][gc,start    ] GC(461) Pause Young (Normal) (G1 Evacuation Pause)
[267.209s][info][gc,task     ] GC(461) Using 2 workers of 2 for evacuation
[267.213s][info][gc,phases   ] GC(461)   Pre Evacuate Collection Set: 0.25ms
[267.213s][info][gc,phases   ] GC(461)   Merge Heap Roots: 0.16ms
[267.214s][info][gc,phases   ] GC(461)   Evacuate Collection Set: 3.18ms
[267.214s][info][gc,phases   ] GC(461)   Post Evacuate Collection Set: 0.76ms
[267.214s][info][gc,phases   ] GC(461)   Other: 0.08ms
[267.214s][info][gc,heap     ] GC(461) Eden regions: 496->0(496)
[267.214s][info][gc,heap     ] GC(461) Survivor regions: 6->6(63)
[267.214s][info][gc,heap     ] GC(461) Old regions: 65->65
[267.214s][info][gc,heap     ] GC(461) Humongous regions: 207->207
[267.214s][info][gc,metaspace] GC(461) Metaspace: 56857K(57152K)->56857K(57152K) NonClass: 51236K(51456K)->51236K(51456K) Class: 5620K(5696K)->5620K(5696K)
[267.214s][info][gc          ] GC(461) Pause Young (Normal) (G1 Evacuation Pause) 773M->277M(837M) 4.611ms
[267.214s][info][gc,cpu      ] GC(461) User=0.01s Sys=0.00s Real=0.00s
[268.413s][info][gc,start    ] GC(462) Pause Young (Normal) (G1 Evacuation Pause)
[268.413s][info][gc,task     ] GC(462) Using 2 workers of 2 for evacuation
[268.418s][info][gc,phases   ] GC(462)   Pre Evacuate Collection Set: 0.26ms
[268.418s][info][gc,phases   ] GC(462)   Merge Heap Roots: 0.14ms
[268.418s][info][gc,phases   ] GC(462)   Evacuate Collection Set: 3.40ms
[268.418s][info][gc,phases   ] GC(462)   Post Evacuate Collection Set: 0.75ms
[268.418s][info][gc,phases   ] GC(462)   Other: 0.09ms
[268.418s][info][gc,heap     ] GC(462) Eden regions: 496->0(500)
[268.418s][info][gc,heap     ] GC(462) Survivor regions: 6->2(63)
[268.418s][info][gc,heap     ] GC(462) Old regions: 65->70
[268.418s][info][gc,heap     ] GC(462) Humongous regions: 207->207
[268.418s][info][gc,metaspace] GC(462) Metaspace: 56857K(57152K)->56857K(57152K) NonClass: 51236K(51456K)->51236K(51456K) Class: 5620K(5696K)->5620K(5696K)
[268.418s][info][gc          ] GC(462) Pause Young (Normal) (G1 Evacuation Pause) 773M->277M(837M) 4.814ms
[268.418s][info][gc,cpu      ] GC(462) User=0.00s Sys=0.00s Real=0.00s
[269.622s][info][gc,start    ] GC(463) Pause Young (Normal) (G1 Evacuation Pause)
[269.622s][info][gc,task     ] GC(463) Using 2 workers of 2 for evacuation
[269.627s][info][gc,phases   ] GC(463)   Pre Evacuate Collection Set: 0.30ms
[269.627s][info][gc,phases   ] GC(463)   Merge Heap Roots: 0.15ms
[269.627s][info][gc,phases   ] GC(463)   Evacuate Collection Set: 4.20ms
[269.627s][info][gc,phases   ] GC(463)   Post Evacuate Collection Set: 0.77ms
[269.627s][info][gc,phases   ] GC(463)   Other: 0.08ms
[269.627s][info][gc,heap     ] GC(463) Eden regions: 500->0(499)
[269.627s][info][gc,heap     ] GC(463) Survivor regions: 2->3(63)
[269.627s][info][gc,heap     ] GC(463) Old regions: 70->70
[269.627s][info][gc,heap     ] GC(463) Humongous regions: 207->207
[269.627s][info][gc,metaspace] GC(463) Metaspace: 56857K(57152K)->56857K(57152K) NonClass: 51236K(51456K)->51236K(51456K) Class: 5620K(5696K)->5620K(5696K)
[269.627s][info][gc          ] GC(463) Pause Young (Normal) (G1 Evacuation Pause) 777M->278M(837M) 5.691ms
[269.627s][info][gc,cpu      ] GC(463) User=0.01s Sys=0.00s Real=0.00s
[270.760s][info][gc,start    ] GC(464) Pause Young (Concurrent Start) (G1 Humongous Allocation)
[270.760s][info][gc,task     ] GC(464) Using 2 workers of 2 for evacuation
[270.764s][info][gc,phases   ] GC(464)   Pre Evacuate Collection Set: 0.31ms
[270.764s][info][gc,phases   ] GC(464)   Merge Heap Roots: 0.13ms
[270.764s][info][gc,phases   ] GC(464)   Evacuate Collection Set: 2.36ms
[270.764s][info][gc,phases   ] GC(464)   Post Evacuate Collection Set: 0.68ms
[270.764s][info][gc,phases   ] GC(464)   Other: 0.09ms
[270.764s][info][gc,heap     ] GC(464) Eden regions: 477->0(501)
[270.764s][info][gc,heap     ] GC(464) Survivor regions: 3->1(63)
[270.764s][info][gc,heap     ] GC(464) Old regions: 70->70
[270.764s][info][gc,heap     ] GC(464) Humongous regions: 207->207
[270.764s][info][gc,metaspace] GC(464) Metaspace: 56861K(57152K)->56861K(57152K) NonClass: 51241K(51456K)->51241K(51456K) Class: 5620K(5696K)->5620K(5696K)
[270.764s][info][gc          ] GC(464) Pause Young (Concurrent Start) (G1 Humongous Allocation) 755M->276M(837M) 3.749ms
[270.764s][info][gc,cpu      ] GC(464) User=0.01s Sys=0.00s Real=0.00s
[270.764s][info][gc          ] GC(465) Concurrent Undo Cycle
[270.764s][info][gc,marking  ] GC(465) Concurrent Clear Claimed Marks
[270.764s][info][gc,marking  ] GC(465) Concurrent Clear Claimed Marks 0.075ms
[270.764s][info][gc,marking  ] GC(465) Concurrent Cleanup for Next Mark
[270.765s][info][gc,marking  ] GC(465) Concurrent Cleanup for Next Mark 0.528ms
[270.765s][info][gc          ] GC(465) Concurrent Undo Cycle 0.663ms
[270.907s][info][gc,start    ] GC(466) Pause Young (Concurrent Start) (G1 Humongous Allocation)
[270.907s][info][gc,task     ] GC(466) Using 2 workers of 2 for evacuation
[270.910s][info][gc,phases   ] GC(466)   Pre Evacuate Collection Set: 0.30ms
[270.910s][info][gc,phases   ] GC(466)   Merge Heap Roots: 0.09ms
[270.910s][info][gc,phases   ] GC(466)   Evacuate Collection Set: 2.12ms
[270.910s][info][gc,phases   ] GC(466)   Post Evacuate Collection Set: 0.39ms
[270.910s][info][gc,phases   ] GC(466)   Other: 0.08ms
[270.910s][info][gc,heap     ] GC(466) Eden regions: 2->0(476)
[270.910s][info][gc,heap     ] GC(466) Survivor regions: 1->1(63)
[270.910s][info][gc,heap     ] GC(466) Old regions: 70->70
[270.910s][info][gc,heap     ] GC(466) Humongous regions: 246->246
[270.910s][info][gc,metaspace] GC(466) Metaspace: 56864K(57152K)->56864K(57152K) NonClass: 51243K(51456K)->51243K(51456K) Class: 5620K(5696K)->5620K(5696K)
[270.910s][info][gc          ] GC(466) Pause Young (Concurrent Start) (G1 Humongous Allocation) 317M->315M(837M) 3.149ms
[270.910s][info][gc,cpu      ] GC(466) User=0.00s Sys=0.00s Real=0.01s
[270.910s][info][gc          ] GC(467) Concurrent Mark Cycle
[270.910s][info][gc,marking  ] GC(467) Concurrent Scan Root Regions
[270.912s][info][gc,marking  ] GC(467) Concurrent Scan Root Regions 1.742ms
[270.912s][info][gc,marking  ] GC(467) Concurrent Mark
[270.912s][info][gc,marking  ] GC(467) Concurrent Mark From Roots
[270.912s][info][gc,task     ] GC(467) Using 1 workers of 1 for marking
[270.955s][info][gc,marking  ] GC(467) Concurrent Mark From Roots 42.587ms
[270.955s][info][gc,marking  ] GC(467) Concurrent Preclean
[270.955s][info][gc,marking  ] GC(467) Concurrent Preclean 0.055ms
[270.955s][info][gc,start    ] GC(467) Pause Remark
[270.964s][info][gc          ] GC(467) Pause Remark 354M->344M(837M) 9.215ms
[270.964s][info][gc,cpu      ] GC(467) User=0.02s Sys=0.00s Real=0.01s
[270.965s][info][gc,marking  ] GC(467) Concurrent Mark 52.842ms
[270.965s][info][gc,marking  ] GC(467) Concurrent Rebuild Remembered Sets and Scrub Regions
[270.980s][info][gc,marking  ] GC(467) Concurrent Rebuild Remembered Sets and Scrub Regions 15.280ms
[270.981s][info][gc,start    ] GC(467) Pause Cleanup
[270.981s][info][gc          ] GC(467) Pause Cleanup 345M->345M(837M) 0.056ms
[270.981s][info][gc,cpu      ] GC(467) User=0.00s Sys=0.00s Real=0.00s
[270.981s][info][gc,marking  ] GC(467) Concurrent Clear Claimed Marks
[270.981s][info][gc,marking  ] GC(467) Concurrent Clear Claimed Marks 0.074ms
[270.981s][info][gc,marking  ] GC(467) Concurrent Cleanup for Next Mark
[270.985s][info][gc,marking  ] GC(467) Concurrent Cleanup for Next Mark 4.387ms
[270.985s][info][gc          ] GC(467) Concurrent Mark Cycle 74.740ms
[274.235s][info][gc,start    ] GC(468) Pause Young (Prepare Mixed) (G1 Evacuation Pause)
[274.235s][info][gc,task     ] GC(468) Using 2 workers of 2 for evacuation
[274.252s][info][gc,phases   ] GC(468)   Pre Evacuate Collection Set: 0.31ms
[274.252s][info][gc,phases   ] GC(468)   Merge Heap Roots: 0.16ms
[274.252s][info][gc,phases   ] GC(468)   Evacuate Collection Set: 16.01ms
[274.252s][info][gc,phases   ] GC(468)   Post Evacuate Collection Set: 0.86ms
[274.252s][info][gc,phases   ] GC(468)   Other: 0.10ms
[274.252s][info][gc,heap     ] GC(468) Eden regions: 413->0(495)
[274.252s][info][gc,heap     ] GC(468) Survivor regions: 1->16(60)
[274.252s][info][gc,heap     ] GC(468) Old regions: 60->60
[274.252s][info][gc,heap     ] GC(468) Humongous regions: 363->207
[274.252s][info][gc,metaspace] GC(468) Metaspace: 57100K(57408K)->57100K(57408K) NonClass: 51480K(51712K)->51480K(51712K) Class: 5620K(5696K)->5620K(5696K)
[274.252s][info][gc          ] GC(468) Pause Young (Prepare Mixed) (G1 Evacuation Pause) 835M->282M(853M) 17.613ms
[274.252s][info][gc,cpu      ] GC(468) User=0.03s Sys=0.01s Real=0.02s
[275.442s][info][gc,start    ] GC(469) Pause Young (Mixed) (G1 Evacuation Pause)
[275.442s][info][gc,task     ] GC(469) Using 2 workers of 2 for evacuation
[275.451s][info][gc,phases   ] GC(469)   Pre Evacuate Collection Set: 0.27ms
[275.451s][info][gc,phases   ] GC(469)   Merge Heap Roots: 0.17ms
[275.451s][info][gc,phases   ] GC(469)   Evacuate Collection Set: 7.34ms
[275.451s][info][gc,phases   ] GC(469)   Post Evacuate Collection Set: 0.83ms
[275.451s][info][gc,phases   ] GC(469)   Other: 0.09ms
[275.451s][info][gc,heap     ] GC(469) Eden regions: 495->0(496)
[275.451s][info][gc,heap     ] GC(469) Survivor regions: 16->15(64)
[275.451s][info][gc,heap     ] GC(469) Old regions: 60->56
[275.451s][info][gc,heap     ] GC(469) Humongous regions: 207->207
[275.451s][info][gc,metaspace] GC(469) Metaspace: 57100K(57408K)->57100K(57408K) NonClass: 51480K(51712K)->51480K(51712K) Class: 5620K(5696K)->5620K(5696K)
[275.451s][info][gc          ] GC(469) Pause Young (Mixed) (G1 Evacuation Pause) 777M->276M(853M) 8.872ms
[275.451s][info][gc,cpu      ] GC(469) User=0.01s Sys=0.00s Real=0.01s
[276.650s][info][gc,start    ] GC(470) Pause Young (Concurrent Start) (G1 Evacuation Pause)
[276.650s][info][gc,task     ] GC(470) Using 2 workers of 2 for evacuation
[276.658s][info][gc,phases   ] GC(470)   Pre Evacuate Collection Set: 0.29ms
[276.658s][info][gc,phases   ] GC(470)   Merge Heap Roots: 0.16ms
[276.658s][info][gc,phases   ] GC(470)   Evacuate Collection Set: 6.31ms
[276.658s][info][gc,phases   ] GC(470)   Post Evacuate Collection Set: 1.09ms
[276.658s][info][gc,phases   ] GC(470)   Other: 0.10ms
[276.658s][info][gc,heap     ] GC(470) Eden regions: 496->0(497)
[276.658s][info][gc,heap     ] GC(470) Survivor regions: 15->14(64)
[276.658s][info][gc,heap     ] GC(470) Old regions: 56->56
[276.658s][info][gc,heap     ] GC(470) Humongous regions: 207->207
[276.658s][info][gc,metaspace] GC(470) Metaspace: 57100K(57408K)->57100K(57408K) NonClass: 51480K(51712K)->51480K(51712K) Class: 5620K(5696K)->5620K(5696K)
[276.658s][info][gc          ] GC(470) Pause Young (Concurrent Start) (G1 Evacuation Pause) 772M->275M(853M) 8.124ms
[276.659s][info][gc          ] GC(471) Concurrent Mark Cycle
[276.659s][info][gc,marking  ] GC(471) Concurrent Scan Root Regions
[276.660s][info][gc,cpu      ] GC(470) User=0.02s Sys=0.00s Real=0.01s
[276.664s][info][gc,marking  ] GC(471) Concurrent Scan Root Regions 5.113ms
[276.664s][info][gc,marking  ] GC(471) Concurrent Mark
[276.664s][info][gc,marking  ] GC(471) Concurrent Mark From Roots
[276.664s][info][gc,task     ] GC(471) Using 1 workers of 1 for marking
[276.702s][info][gc,marking  ] GC(471) Concurrent Mark From Roots 37.891ms
[276.702s][info][gc,marking  ] GC(471) Concurrent Preclean
[276.702s][info][gc,marking  ] GC(471) Concurrent Preclean 0.039ms
[276.702s][info][gc,start    ] GC(471) Pause Remark
[276.711s][info][gc          ] GC(471) Pause Remark 278M->278M(853M) 9.716ms
[276.711s][info][gc,cpu      ] GC(471) User=0.02s Sys=0.00s Real=0.01s
[276.713s][info][gc,marking  ] GC(471) Concurrent Mark 49.396ms
[276.713s][info][gc,marking  ] GC(471) Concurrent Rebuild Remembered Sets and Scrub Regions
[276.739s][info][gc,marking  ] GC(471) Concurrent Rebuild Remembered Sets and Scrub Regions 25.832ms
[276.739s][info][gc,start    ] GC(471) Pause Cleanup
[276.739s][info][gc          ] GC(471) Pause Cleanup 301M->301M(853M) 0.086ms
[276.739s][info][gc,cpu      ] GC(471) User=0.00s Sys=0.00s Real=0.00s
[276.740s][info][gc,marking  ] GC(471) Concurrent Clear Claimed Marks
[276.740s][info][gc,marking  ] GC(471) Concurrent Clear Claimed Marks 0.097ms
[276.740s][info][gc,marking  ] GC(471) Concurrent Cleanup for Next Mark
[276.744s][info][gc,marking  ] GC(471) Concurrent Cleanup for Next Mark 4.579ms
[276.744s][info][gc          ] GC(471) Concurrent Mark Cycle 85.800ms
[277.912s][info][gc,start    ] GC(472) Pause Young (Prepare Mixed) (G1 Evacuation Pause)
[277.912s][info][gc,task     ] GC(472) Using 2 workers of 2 for evacuation
[277.920s][info][gc,phases   ] GC(472)   Pre Evacuate Collection Set: 0.26ms
[277.920s][info][gc,phases   ] GC(472)   Merge Heap Roots: 0.18ms
[277.920s][info][gc,phases   ] GC(472)   Evacuate Collection Set: 6.48ms
[277.920s][info][gc,phases   ] GC(472)   Post Evacuate Collection Set: 0.81ms
[277.920s][info][gc,phases   ] GC(472)   Other: 0.09ms
[277.920s][info][gc,heap     ] GC(472) Eden regions: 497->0(496)
[277.920s][info][gc,heap     ] GC(472) Survivor regions: 14->15(64)
[277.920s][info][gc,heap     ] GC(472) Old regions: 56->56
[277.920s][info][gc,heap     ] GC(472) Humongous regions: 207->207
[277.920s][info][gc,metaspace] GC(472) Metaspace: 57100K(57408K)->57100K(57408K) NonClass: 51480K(51712K)->51480K(51712K) Class: 5620K(5696K)->5620K(5696K)
[277.920s][info][gc          ] GC(472) Pause Young (Prepare Mixed) (G1 Evacuation Pause) 772M->276M(853M) 8.054ms
[277.920s][info][gc,cpu      ] GC(472) User=0.02s Sys=0.00s Real=0.01s
[279.120s][info][gc,start    ] GC(473) Pause Young (Mixed) (G1 Evacuation Pause)
[279.120s][info][gc,task     ] GC(473) Using 2 workers of 2 for evacuation
[279.129s][info][gc,phases   ] GC(473)   Pre Evacuate Collection Set: 0.29ms
[279.129s][info][gc,phases   ] GC(473)   Merge Heap Roots: 0.15ms
[279.129s][info][gc,phases   ] GC(473)   Evacuate Collection Set: 7.99ms
[279.129s][info][gc,phases   ] GC(473)   Post Evacuate Collection Set: 0.83ms
[279.129s][info][gc,phases   ] GC(473)   Other: 0.08ms
[279.129s][info][gc,heap     ] GC(473) Eden regions: 496->0(496)
[279.129s][info][gc,heap     ] GC(473) Survivor regions: 15->15(64)
[279.129s][info][gc,heap     ] GC(473) Old regions: 56->52
[279.129s][info][gc,heap     ] GC(473) Humongous regions: 207->207
[279.129s][info][gc,metaspace] GC(473) Metaspace: 57100K(57408K)->57100K(57408K) NonClass: 51480K(51712K)->51480K(51712K) Class: 5620K(5696K)->5620K(5696K)
[279.129s][info][gc          ] GC(473) Pause Young (Mixed) (G1 Evacuation Pause) 772M->273M(853M) 9.537ms
[279.129s][info][gc,cpu      ] GC(473) User=0.02s Sys=0.00s Real=0.01s
[280.322s][info][gc,start    ] GC(474) Pause Young (Concurrent Start) (G1 Evacuation Pause)
[280.322s][info][gc,task     ] GC(474) Using 2 workers of 2 for evacuation
[280.332s][info][gc,phases   ] GC(474)   Pre Evacuate Collection Set: 0.33ms
[280.332s][info][gc,phases   ] GC(474)   Merge Heap Roots: 0.15ms
[280.332s][info][gc,phases   ] GC(474)   Evacuate Collection Set: 8.55ms
[280.332s][info][gc,phases   ] GC(474)   Post Evacuate Collection Set: 0.83ms
[280.332s][info][gc,phases   ] GC(474)   Other: 0.16ms
[280.332s][info][gc,heap     ] GC(474) Eden regions: 496->0(496)
[280.332s][info][gc,heap     ] GC(474) Survivor regions: 15->15(64)
[280.332s][info][gc,heap     ] GC(474) Old regions: 52->52
[280.332s][info][gc,heap     ] GC(474) Humongous regions: 207->207
[280.332s][info][gc,metaspace] GC(474) Metaspace: 57100K(57408K)->57100K(57408K) NonClass: 51480K(51712K)->51480K(51712K) Class: 5620K(5696K)->5620K(5696K)
[280.332s][info][gc          ] GC(474) Pause Young (Concurrent Start) (G1 Evacuation Pause) 769M->273M(853M) 10.244ms
[280.332s][info][gc,cpu      ] GC(474) User=0.02s Sys=0.00s Real=0.01s
[280.332s][info][gc          ] GC(475) Concurrent Mark Cycle
[280.333s][info][gc,marking  ] GC(475) Concurrent Scan Root Regions
[280.338s][info][gc,marking  ] GC(475) Concurrent Scan Root Regions 5.587ms
[280.338s][info][gc,marking  ] GC(475) Concurrent Mark
[280.338s][info][gc,marking  ] GC(475) Concurrent Mark From Roots
[280.338s][info][gc,task     ] GC(475) Using 1 workers of 1 for marking
[280.383s][info][gc,marking  ] GC(475) Concurrent Mark From Roots 44.443ms
[280.383s][info][gc,marking  ] GC(475) Concurrent Preclean
[280.383s][info][gc,marking  ] GC(475) Concurrent Preclean 0.042ms
[280.386s][info][gc,start    ] GC(475) Pause Remark
[280.410s][info][gc          ] GC(475) Pause Remark 279M->279M(853M) 24.023ms
[280.410s][info][gc,cpu      ] GC(475) User=0.02s Sys=0.00s Real=0.03s
[280.411s][info][gc,marking  ] GC(475) Concurrent Mark 73.111ms
[280.411s][info][gc,marking  ] GC(475) Concurrent Rebuild Remembered Sets and Scrub Regions
[280.472s][info][gc,marking  ] GC(475) Concurrent Rebuild Remembered Sets and Scrub Regions 60.582ms
[280.472s][info][gc,start    ] GC(475) Pause Cleanup
[280.472s][info][gc          ] GC(475) Pause Cleanup 300M->300M(853M) 0.079ms
[280.472s][info][gc,cpu      ] GC(475) User=0.00s Sys=0.00s Real=0.00s
[280.473s][info][gc,marking  ] GC(475) Concurrent Clear Claimed Marks
[280.473s][info][gc,marking  ] GC(475) Concurrent Clear Claimed Marks 0.091ms
[280.473s][info][gc,marking  ] GC(475) Concurrent Cleanup for Next Mark
[280.476s][info][gc,marking  ] GC(475) Concurrent Cleanup for Next Mark 2.586ms
[280.476s][info][gc          ] GC(475) Concurrent Mark Cycle 143.881ms
[281.526s][info][gc,start    ] GC(476) Pause Young (Prepare Mixed) (G1 Evacuation Pause)
[281.526s][info][gc,task     ] GC(476) Using 2 workers of 2 for evacuation
[281.536s][info][gc,phases   ] GC(476)   Pre Evacuate Collection Set: 0.48ms
[281.536s][info][gc,phases   ] GC(476)   Merge Heap Roots: 0.23ms
[281.536s][info][gc,phases   ] GC(476)   Evacuate Collection Set: 7.85ms
[281.536s][info][gc,phases   ] GC(476)   Post Evacuate Collection Set: 0.84ms
[281.536s][info][gc,phases   ] GC(476)   Other: 0.11ms
[281.536s][info][gc,heap     ] GC(476) Eden regions: 496->0(494)
[281.536s][info][gc,heap     ] GC(476) Survivor regions: 15->17(64)
[281.536s][info][gc,heap     ] GC(476) Old regions: 52->52
[281.536s][info][gc,heap     ] GC(476) Humongous regions: 207->207
[281.536s][info][gc,metaspace] GC(476) Metaspace: 57100K(57408K)->57100K(57408K) NonClass: 51480K(51712K)->51480K(51712K) Class: 5620K(5696K)->5620K(5696K)
[281.536s][info][gc          ] GC(476) Pause Young (Prepare Mixed) (G1 Evacuation Pause) 769M->275M(853M) 9.730ms
[281.536s][info][gc,cpu      ] GC(476) User=0.02s Sys=0.00s Real=0.01s
[282.725s][info][gc,start    ] GC(477) Pause Young (Mixed) (G1 Evacuation Pause)
[282.725s][info][gc,task     ] GC(477) Using 2 workers of 2 for evacuation
[282.736s][info][gc,phases   ] GC(477)   Pre Evacuate Collection Set: 0.31ms
[282.736s][info][gc,phases   ] GC(477)   Merge Heap Roots: 0.13ms
[282.736s][info][gc,phases   ] GC(477)   Evacuate Collection Set: 9.38ms
[282.736s][info][gc,phases   ] GC(477)   Post Evacuate Collection Set: 0.84ms
[282.736s][info][gc,phases   ] GC(477)   Other: 0.09ms
[282.736s][info][gc,heap     ] GC(477) Eden regions: 494->0(492)
[282.736s][info][gc,heap     ] GC(477) Survivor regions: 17->19(64)
[282.736s][info][gc,heap     ] GC(477) Old regions: 52->49
[282.736s][info][gc,heap     ] GC(477) Humongous regions: 207->207
[282.736s][info][gc,metaspace] GC(477) Metaspace: 57100K(57408K)->57100K(57408K) NonClass: 51480K(51712K)->51480K(51712K) Class: 5620K(5696K)->5620K(5696K)
[282.736s][info][gc          ] GC(477) Pause Young (Mixed) (G1 Evacuation Pause) 769M->274M(853M) 11.014ms
[282.736s][info][gc,cpu      ] GC(477) User=0.02s Sys=0.00s Real=0.01s
[283.923s][info][gc,start    ] GC(478) Pause Young (Concurrent Start) (G1 Evacuation Pause)
[283.923s][info][gc,task     ] GC(478) Using 2 workers of 2 for evacuation
[283.931s][info][gc,phases   ] GC(478)   Pre Evacuate Collection Set: 0.34ms
[283.931s][info][gc,phases   ] GC(478)   Merge Heap Roots: 0.16ms
[283.931s][info][gc,phases   ] GC(478)   Evacuate Collection Set: 7.41ms
[283.931s][info][gc,phases   ] GC(478)   Post Evacuate Collection Set: 0.84ms
[283.931s][info][gc,phases   ] GC(478)   Other: 0.10ms
[283.931s][info][gc,heap     ] GC(478) Eden regions: 492->0(493)
[283.931s][info][gc,heap     ] GC(478) Survivor regions: 19->18(64)
[283.931s][info][gc,heap     ] GC(478) Old regions: 49->49
[283.931s][info][gc,heap     ] GC(478) Humongous regions: 207->207
[283.932s][info][gc,metaspace] GC(478) Metaspace: 57100K(57408K)->57100K(57408K) NonClass: 51480K(51712K)->51480K(51712K) Class: 5620K(5696K)->5620K(5696K)
[283.932s][info][gc          ] GC(478) Pause Young (Concurrent Start) (G1 Evacuation Pause) 766M->273M(853M) 9.017ms
[283.932s][info][gc,cpu      ] GC(478) User=0.02s Sys=0.00s Real=0.01s
[283.932s][info][gc          ] GC(479) Concurrent Mark Cycle
[283.932s][info][gc,marking  ] GC(479) Concurrent Scan Root Regions
[283.944s][info][gc,marking  ] GC(479) Concurrent Scan Root Regions 12.001ms
[283.944s][info][gc,marking  ] GC(479) Concurrent Mark
[283.944s][info][gc,marking  ] GC(479) Concurrent Mark From Roots
[283.944s][info][gc,task     ] GC(479) Using 1 workers of 1 for marking
[283.997s][info][gc,marking  ] GC(479) Concurrent Mark From Roots 52.839ms
[283.997s][info][gc,marking  ] GC(479) Concurrent Preclean
[283.997s][info][gc,marking  ] GC(479) Concurrent Preclean 0.070ms
[283.997s][info][gc,start    ] GC(479) Pause Remark
[284.014s][info][gc          ] GC(479) Pause Remark 294M->294M(853M) 16.404ms
[284.014s][info][gc,cpu      ] GC(479) User=0.02s Sys=0.00s Real=0.02s
[284.014s][info][gc,marking  ] GC(479) Concurrent Mark 70.061ms
[284.014s][info][gc,marking  ] GC(479) Concurrent Rebuild Remembered Sets and Scrub Regions
[284.048s][info][gc,marking  ] GC(479) Concurrent Rebuild Remembered Sets and Scrub Regions 33.039ms
[284.048s][info][gc,start    ] GC(479) Pause Cleanup
[284.048s][info][gc          ] GC(479) Pause Cleanup 294M->294M(853M) 0.069ms
[284.048s][info][gc,cpu      ] GC(479) User=0.00s Sys=0.00s Real=0.00s
[284.048s][info][gc,marking  ] GC(479) Concurrent Clear Claimed Marks
[284.048s][info][gc,marking  ] GC(479) Concurrent Clear Claimed Marks 0.084ms
[284.048s][info][gc,marking  ] GC(479) Concurrent Cleanup for Next Mark
[284.058s][info][gc,marking  ] GC(479) Concurrent Cleanup for Next Mark 10.637ms
[284.058s][info][gc          ] GC(479) Concurrent Mark Cycle 126.908ms
[285.129s][info][gc,start    ] GC(480) Pause Young (Prepare Mixed) (G1 Evacuation Pause)
[285.129s][info][gc,task     ] GC(480) Using 2 workers of 2 for evacuation
[285.140s][info][gc,phases   ] GC(480)   Pre Evacuate Collection Set: 0.45ms
[285.140s][info][gc,phases   ] GC(480)   Merge Heap Roots: 0.18ms
[285.140s][info][gc,phases   ] GC(480)   Evacuate Collection Set: 8.65ms
[285.140s][info][gc,phases   ] GC(480)   Post Evacuate Collection Set: 0.86ms
[285.140s][info][gc,phases   ] GC(480)   Other: 0.09ms
[285.140s][info][gc,heap     ] GC(480) Eden regions: 493->0(492)
[285.140s][info][gc,heap     ] GC(480) Survivor regions: 18->19(64)
[285.140s][info][gc,heap     ] GC(480) Old regions: 49->49
[285.140s][info][gc,heap     ] GC(480) Humongous regions: 207->207
[285.140s][info][gc,metaspace] GC(480) Metaspace: 57100K(57408K)->57100K(57408K) NonClass: 51480K(51712K)->51480K(51712K) Class: 5620K(5696K)->5620K(5696K)
[285.140s][info][gc          ] GC(480) Pause Young (Prepare Mixed) (G1 Evacuation Pause) 766M->274M(853M) 10.415ms
[285.140s][info][gc,cpu      ] GC(480) User=0.02s Sys=0.00s Real=0.01s
[286.316s][info][gc,start    ] GC(481) Pause Young (Mixed) (G1 Evacuation Pause)
[286.316s][info][gc,task     ] GC(481) Using 2 workers of 2 for evacuation
[286.326s][info][gc,phases   ] GC(481)   Pre Evacuate Collection Set: 0.29ms
[286.326s][info][gc,phases   ] GC(481)   Merge Heap Roots: 0.17ms
[286.326s][info][gc,phases   ] GC(481)   Evacuate Collection Set: 8.55ms
[286.326s][info][gc,phases   ] GC(481)   Post Evacuate Collection Set: 0.84ms
[286.326s][info][gc,phases   ] GC(481)   Other: 0.09ms
[286.326s][info][gc,heap     ] GC(481) Eden regions: 492->0(493)
[286.326s][info][gc,heap     ] GC(481) Survivor regions: 19->18(64)
[286.326s][info][gc,heap     ] GC(481) Old regions: 49->47
[286.326s][info][gc,heap     ] GC(481) Humongous regions: 207->207
[286.326s][info][gc,metaspace] GC(481) Metaspace: 57100K(57408K)->57100K(57408K) NonClass: 51480K(51712K)->51480K(51712K) Class: 5620K(5696K)->5620K(5696K)
[286.326s][info][gc          ] GC(481) Pause Young (Mixed) (G1 Evacuation Pause) 766M->270M(853M) 10.112ms
[286.326s][info][gc,cpu      ] GC(481) User=0.02s Sys=0.00s Real=0.01s
[287.512s][info][gc,start    ] GC(482) Pause Young (Concurrent Start) (G1 Evacuation Pause)
[287.512s][info][gc,task     ] GC(482) Using 2 workers of 2 for evacuation
[287.521s][info][gc,phases   ] GC(482)   Pre Evacuate Collection Set: 0.27ms
[287.521s][info][gc,phases   ] GC(482)   Merge Heap Roots: 0.15ms
[287.521s][info][gc,phases   ] GC(482)   Evacuate Collection Set: 7.29ms
[287.521s][info][gc,phases   ] GC(482)   Post Evacuate Collection Set: 0.85ms
[287.521s][info][gc,phases   ] GC(482)   Other: 0.10ms
[287.521s][info][gc,heap     ] GC(482) Eden regions: 493->0(494)
[287.521s][info][gc,heap     ] GC(482) Survivor regions: 18->17(64)
[287.521s][info][gc,heap     ] GC(482) Old regions: 47->47
[287.521s][info][gc,heap     ] GC(482) Humongous regions: 207->207
[287.521s][info][gc,metaspace] GC(482) Metaspace: 57100K(57408K)->57100K(57408K) NonClass: 51480K(51712K)->51480K(51712K) Class: 5620K(5696K)->5620K(5696K)
[287.521s][info][gc          ] GC(482) Pause Young (Concurrent Start) (G1 Evacuation Pause) 763M->270M(853M) 8.836ms
[287.521s][info][gc,cpu      ] GC(482) User=0.01s Sys=0.00s Real=0.01s
[287.521s][info][gc          ] GC(483) Concurrent Mark Cycle
[287.523s][info][gc,marking  ] GC(483) Concurrent Scan Root Regions
[287.535s][info][gc,marking  ] GC(483) Concurrent Scan Root Regions 11.985ms
[287.535s][info][gc,marking  ] GC(483) Concurrent Mark
[287.535s][info][gc,marking  ] GC(483) Concurrent Mark From Roots
[287.535s][info][gc,task     ] GC(483) Using 1 workers of 1 for marking
[287.589s][info][gc,marking  ] GC(483) Concurrent Mark From Roots 53.928ms
[287.589s][info][gc,marking  ] GC(483) Concurrent Preclean
[287.589s][info][gc,marking  ] GC(483) Concurrent Preclean 0.045ms
[287.589s][info][gc,start    ] GC(483) Pause Remark
[287.624s][info][gc          ] GC(483) Pause Remark 298M->298M(853M) 35.119ms
[287.624s][info][gc,cpu      ] GC(483) User=0.02s Sys=0.01s Real=0.03s
[287.625s][info][gc,marking  ] GC(483) Concurrent Mark 89.890ms
[287.625s][info][gc,marking  ] GC(483) Concurrent Rebuild Remembered Sets and Scrub Regions
[287.643s][info][gc,marking  ] GC(483) Concurrent Rebuild Remembered Sets and Scrub Regions 18.121ms
[287.643s][info][gc,start    ] GC(483) Pause Cleanup
[287.643s][info][gc          ] GC(483) Pause Cleanup 298M->298M(853M) 0.088ms
[287.643s][info][gc,cpu      ] GC(483) User=0.00s Sys=0.00s Real=0.00s
[287.643s][info][gc,marking  ] GC(483) Concurrent Clear Claimed Marks
[287.643s][info][gc,marking  ] GC(483) Concurrent Clear Claimed Marks 0.083ms
[287.643s][info][gc,marking  ] GC(483) Concurrent Cleanup for Next Mark
[287.646s][info][gc,marking  ] GC(483) Concurrent Cleanup for Next Mark 2.800ms
[287.646s][info][gc          ] GC(483) Concurrent Mark Cycle 124.747ms
[288.713s][info][gc,start    ] GC(484) Pause Young (Prepare Mixed) (G1 Evacuation Pause)
[288.713s][info][gc,task     ] GC(484) Using 2 workers of 2 for evacuation
[288.723s][info][gc,phases   ] GC(484)   Pre Evacuate Collection Set: 0.44ms
[288.723s][info][gc,phases   ] GC(484)   Merge Heap Roots: 0.17ms
[288.723s][info][gc,phases   ] GC(484)   Evacuate Collection Set: 8.44ms
[288.723s][info][gc,phases   ] GC(484)   Post Evacuate Collection Set: 0.83ms
[288.723s][info][gc,phases   ] GC(484)   Other: 0.09ms
[288.723s][info][gc,heap     ] GC(484) Eden regions: 494->0(493)
[288.723s][info][gc,heap     ] GC(484) Survivor regions: 17->18(64)
[288.723s][info][gc,heap     ] GC(484) Old regions: 47->47
[288.723s][info][gc,heap     ] GC(484) Humongous regions: 207->207
[288.723s][info][gc,metaspace] GC(484) Metaspace: 57100K(57408K)->57100K(57408K) NonClass: 51480K(51712K)->51480K(51712K) Class: 5620K(5696K)->5620K(5696K)
[288.723s][info][gc          ] GC(484) Pause Young (Prepare Mixed) (G1 Evacuation Pause) 764M->270M(853M) 10.150ms
[288.723s][info][gc,cpu      ] GC(484) User=0.02s Sys=0.00s Real=0.01s
[289.913s][info][gc,start    ] GC(485) Pause Young (Mixed) (G1 Evacuation Pause)
[289.913s][info][gc,task     ] GC(485) Using 2 workers of 2 for evacuation
[289.924s][info][gc,phases   ] GC(485)   Pre Evacuate Collection Set: 0.27ms
[289.924s][info][gc,phases   ] GC(485)   Merge Heap Roots: 0.17ms
[289.924s][info][gc,phases   ] GC(485)   Evacuate Collection Set: 9.09ms
[289.924s][info][gc,phases   ] GC(485)   Post Evacuate Collection Set: 0.87ms
[289.924s][info][gc,phases   ] GC(485)   Other: 0.08ms
[289.924s][info][gc,heap     ] GC(485) Eden regions: 493->0(493)
[289.924s][info][gc,heap     ] GC(485) Survivor regions: 18->18(64)
[289.924s][info][gc,heap     ] GC(485) Old regions: 47->46
[289.924s][info][gc,heap     ] GC(485) Humongous regions: 207->207
[289.924s][info][gc,metaspace] GC(485) Metaspace: 57100K(57408K)->57100K(57408K) NonClass: 51480K(51712K)->51480K(51712K) Class: 5620K(5696K)->5620K(5696K)
[289.924s][info][gc          ] GC(485) Pause Young (Mixed) (G1 Evacuation Pause) 763M->269M(853M) 10.652ms
[289.924s][info][gc,cpu      ] GC(485) User=0.02s Sys=0.00s Real=0.01s
[291.112s][info][gc,start    ] GC(486) Pause Young (Concurrent Start) (G1 Evacuation Pause)
[291.112s][info][gc,task     ] GC(486) Using 2 workers of 2 for evacuation
[291.120s][info][gc,phases   ] GC(486)   Pre Evacuate Collection Set: 0.32ms
[291.121s][info][gc,phases   ] GC(486)   Merge Heap Roots: 0.13ms
[291.121s][info][gc,phases   ] GC(486)   Evacuate Collection Set: 7.20ms
[291.121s][info][gc,phases   ] GC(486)   Post Evacuate Collection Set: 0.82ms
[291.121s][info][gc,phases   ] GC(486)   Other: 0.12ms
[291.121s][info][gc,heap     ] GC(486) Eden regions: 493->0(493)
[291.121s][info][gc,heap     ] GC(486) Survivor regions: 18->18(64)
[291.121s][info][gc,heap     ] GC(486) Old regions: 46->46
[291.121s][info][gc,heap     ] GC(486) Humongous regions: 207->207
[291.121s][info][gc,metaspace] GC(486) Metaspace: 57100K(57408K)->57100K(57408K) NonClass: 51480K(51712K)->51480K(51712K) Class: 5620K(5696K)->5620K(5696K)
[291.121s][info][gc          ] GC(486) Pause Young (Concurrent Start) (G1 Evacuation Pause) 762M->269M(853M) 8.776ms
[291.121s][info][gc          ] GC(487) Concurrent Mark Cycle
[291.121s][info][gc,marking  ] GC(487) Concurrent Scan Root Regions
[291.123s][info][gc,cpu      ] GC(486) User=0.01s Sys=0.00s Real=0.01s
[291.130s][info][gc,marking  ] GC(487) Concurrent Scan Root Regions 9.179ms
[291.130s][info][gc,marking  ] GC(487) Concurrent Mark
[291.130s][info][gc,marking  ] GC(487) Concurrent Mark From Roots
[291.130s][info][gc,task     ] GC(487) Using 1 workers of 1 for marking
[291.187s][info][gc,marking  ] GC(487) Concurrent Mark From Roots 57.407ms
[291.187s][info][gc,marking  ] GC(487) Concurrent Preclean
[291.187s][info][gc,marking  ] GC(487) Concurrent Preclean 0.048ms
[291.187s][info][gc,start    ] GC(487) Pause Remark
[291.197s][info][gc          ] GC(487) Pause Remark 305M->299M(853M) 9.153ms
[291.197s][info][gc,cpu      ] GC(487) User=0.01s Sys=0.00s Real=0.01s
[291.197s][info][gc,marking  ] GC(487) Concurrent Mark 66.829ms
[291.197s][info][gc,marking  ] GC(487) Concurrent Rebuild Remembered Sets and Scrub Regions
[291.217s][info][gc,marking  ] GC(487) Concurrent Rebuild Remembered Sets and Scrub Regions 19.899ms
[291.217s][info][gc,start    ] GC(487) Pause Cleanup
[291.217s][info][gc          ] GC(487) Pause Cleanup 308M->308M(853M) 0.077ms
[291.217s][info][gc,cpu      ] GC(487) User=0.00s Sys=0.00s Real=0.00s
[291.217s][info][gc,marking  ] GC(487) Concurrent Clear Claimed Marks
[291.217s][info][gc,marking  ] GC(487) Concurrent Clear Claimed Marks 0.095ms
[291.217s][info][gc,marking  ] GC(487) Concurrent Cleanup for Next Mark
[291.223s][info][gc,marking  ] GC(487) Concurrent Cleanup for Next Mark 4.200ms
[291.223s][info][gc          ] GC(487) Concurrent Mark Cycle 101.895ms
[292.317s][info][gc,start    ] GC(488) Pause Young (Prepare Mixed) (G1 Evacuation Pause)
[292.317s][info][gc,task     ] GC(488) Using 2 workers of 2 for evacuation
[292.326s][info][gc,phases   ] GC(488)   Pre Evacuate Collection Set: 0.27ms
[292.326s][info][gc,phases   ] GC(488)   Merge Heap Roots: 0.17ms
[292.327s][info][gc,phases   ] GC(488)   Evacuate Collection Set: 7.92ms
[292.327s][info][gc,phases   ] GC(488)   Post Evacuate Collection Set: 0.81ms
[292.327s][info][gc,phases   ] GC(488)   Other: 0.08ms
[292.327s][info][gc,heap     ] GC(488) Eden regions: 493->0(504)
[292.327s][info][gc,heap     ] GC(488) Survivor regions: 18->7(64)
[292.327s][info][gc,heap     ] GC(488) Old regions: 40->52
[292.327s][info][gc,heap     ] GC(488) Humongous regions: 207->207
[292.327s][info][gc,metaspace] GC(488) Metaspace: 57100K(57408K)->57100K(57408K) NonClass: 51480K(51712K)->51480K(51712K) Class: 5620K(5696K)->5620K(5696K)
[292.327s][info][gc          ] GC(488) Pause Young (Prepare Mixed) (G1 Evacuation Pause) 756M->265M(853M) 9.429ms
[292.327s][info][gc,cpu      ] GC(488) User=0.01s Sys=0.00s Real=0.01s
[293.526s][info][gc,start    ] GC(489) Pause Young (Mixed) (G1 Evacuation Pause)
[293.526s][info][gc,task     ] GC(489) Using 2 workers of 2 for evacuation
[293.532s][info][gc,phases   ] GC(489)   Pre Evacuate Collection Set: 0.31ms
[293.532s][info][gc,phases   ] GC(489)   Merge Heap Roots: 0.15ms
[293.532s][info][gc,phases   ] GC(489)   Evacuate Collection Set: 4.56ms
[293.532s][info][gc,phases   ] GC(489)   Post Evacuate Collection Set: 0.76ms
[293.532s][info][gc,phases   ] GC(489)   Other: 0.09ms
[293.532s][info][gc,heap     ] GC(489) Eden regions: 504->0(505)
[293.532s][info][gc,heap     ] GC(489) Survivor regions: 7->6(64)
[293.532s][info][gc,heap     ] GC(489) Old regions: 52->49
[293.532s][info][gc,heap     ] GC(489) Humongous regions: 207->207
[293.532s][info][gc,metaspace] GC(489) Metaspace: 57101K(57408K)->57101K(57408K) NonClass: 51480K(51712K)->51480K(51712K) Class: 5620K(5696K)->5620K(5696K)
[293.532s][info][gc          ] GC(489) Pause Young (Mixed) (G1 Evacuation Pause) 769M->262M(853M) 6.048ms
[293.532s][info][gc,cpu      ] GC(489) User=0.01s Sys=0.00s Real=0.01s
[294.727s][info][gc,start    ] GC(490) Pause Young (Concurrent Start) (G1 Evacuation Pause)
[294.727s][info][gc,task     ] GC(490) Using 2 workers of 2 for evacuation
[294.734s][info][gc,phases   ] GC(490)   Pre Evacuate Collection Set: 0.29ms
[294.734s][info][gc,phases   ] GC(490)   Merge Heap Roots: 0.15ms
[294.734s][info][gc,phases   ] GC(490)   Evacuate Collection Set: 5.90ms
[294.734s][info][gc,phases   ] GC(490)   Post Evacuate Collection Set: 0.77ms
[294.734s][info][gc,phases   ] GC(490)   Other: 0.12ms
[294.734s][info][gc,heap     ] GC(490) Eden regions: 505->0(504)
[294.734s][info][gc,heap     ] GC(490) Survivor regions: 6->7(64)
[294.734s][info][gc,heap     ] GC(490) Old regions: 49->50
[294.734s][info][gc,heap     ] GC(490) Humongous regions: 207->207
[294.734s][info][gc,metaspace] GC(490) Metaspace: 57101K(57408K)->57101K(57408K) NonClass: 51480K(51712K)->51480K(51712K) Class: 5620K(5696K)->5620K(5696K)
[294.734s][info][gc          ] GC(490) Pause Young (Concurrent Start) (G1 Evacuation Pause) 767M->263M(853M) 7.419ms
[294.734s][info][gc,cpu      ] GC(490) User=0.02s Sys=0.00s Real=0.01s
[294.734s][info][gc          ] GC(491) Concurrent Mark Cycle
[294.734s][info][gc,marking  ] GC(491) Concurrent Scan Root Regions
[294.742s][info][gc,marking  ] GC(491) Concurrent Scan Root Regions 7.341ms
[294.742s][info][gc,marking  ] GC(491) Concurrent Mark
[294.742s][info][gc,marking  ] GC(491) Concurrent Mark From Roots
[294.742s][info][gc,task     ] GC(491) Using 1 workers of 1 for marking
[294.794s][info][gc,marking  ] GC(491) Concurrent Mark From Roots 52.601ms
[294.794s][info][gc,marking  ] GC(491) Concurrent Preclean
[294.794s][info][gc,marking  ] GC(491) Concurrent Preclean 0.062ms
[294.794s][info][gc,start    ] GC(491) Pause Remark
[294.803s][info][gc          ] GC(491) Pause Remark 282M->282M(853M) 9.115ms
[294.804s][info][gc,cpu      ] GC(491) User=0.02s Sys=0.00s Real=0.01s
[294.804s][info][gc,marking  ] GC(491) Concurrent Mark 62.209ms
[294.804s][info][gc,marking  ] GC(491) Concurrent Rebuild Remembered Sets and Scrub Regions
[294.828s][info][gc,marking  ] GC(491) Concurrent Rebuild Remembered Sets and Scrub Regions 24.407ms
[294.829s][info][gc,start    ] GC(491) Pause Cleanup
[294.829s][info][gc          ] GC(491) Pause Cleanup 300M->300M(853M) 0.084ms
[294.829s][info][gc,cpu      ] GC(491) User=0.00s Sys=0.00s Real=0.00s
[294.830s][info][gc,marking  ] GC(491) Concurrent Clear Claimed Marks
[294.830s][info][gc,marking  ] GC(491) Concurrent Clear Claimed Marks 0.093ms
[294.830s][info][gc,marking  ] GC(491) Concurrent Cleanup for Next Mark
[294.835s][info][gc,marking  ] GC(491) Concurrent Cleanup for Next Mark 5.313ms
[294.835s][info][gc          ] GC(491) Concurrent Mark Cycle 100.908ms
[295.944s][info][gc,start    ] GC(492) Pause Young (Prepare Mixed) (G1 Evacuation Pause)
[295.944s][info][gc,task     ] GC(492) Using 2 workers of 2 for evacuation
[295.949s][info][gc,phases   ] GC(492)   Pre Evacuate Collection Set: 0.29ms
[295.949s][info][gc,phases   ] GC(492)   Merge Heap Roots: 0.16ms
[295.949s][info][gc,phases   ] GC(492)   Evacuate Collection Set: 3.89ms
[295.949s][info][gc,phases   ] GC(492)   Post Evacuate Collection Set: 0.78ms
[295.949s][info][gc,phases   ] GC(492)   Other: 0.10ms
[295.949s][info][gc,heap     ] GC(492) Eden regions: 504->0(505)
[295.949s][info][gc,heap     ] GC(492) Survivor regions: 7->6(64)
[295.949s][info][gc,heap     ] GC(492) Old regions: 50->50
[295.949s][info][gc,heap     ] GC(492) Humongous regions: 207->207
[295.949s][info][gc,metaspace] GC(492) Metaspace: 57101K(57408K)->57101K(57408K) NonClass: 51480K(51712K)->51480K(51712K) Class: 5620K(5696K)->5620K(5696K)
[295.949s][info][gc          ] GC(492) Pause Young (Prepare Mixed) (G1 Evacuation Pause) 767M->262M(853M) 5.380ms
[295.949s][info][gc,cpu      ] GC(492) User=0.01s Sys=0.00s Real=0.01s
[297.210s][info][gc,start    ] GC(493) Pause Young (Mixed) (G1 Evacuation Pause)
[297.210s][info][gc,task     ] GC(493) Using 2 workers of 2 for evacuation
[297.216s][info][gc,phases   ] GC(493)   Pre Evacuate Collection Set: 0.27ms
[297.216s][info][gc,phases   ] GC(493)   Merge Heap Roots: 0.15ms
[297.216s][info][gc,phases   ] GC(493)   Evacuate Collection Set: 5.01ms
[297.216s][info][gc,phases   ] GC(493)   Post Evacuate Collection Set: 1.00ms
[297.216s][info][gc,phases   ] GC(493)   Other: 0.09ms
[297.216s][info][gc,heap     ] GC(493) Eden regions: 505->0(506)
[297.216s][info][gc,heap     ] GC(493) Survivor regions: 6->5(64)
[297.216s][info][gc,heap     ] GC(493) Old regions: 50->47
[297.216s][info][gc,heap     ] GC(493) Humongous regions: 207->207
[297.216s][info][gc,metaspace] GC(493) Metaspace: 57101K(57408K)->57101K(57408K) NonClass: 51480K(51712K)->51480K(51712K) Class: 5620K(5696K)->5620K(5696K)
[297.216s][info][gc          ] GC(493) Pause Young (Mixed) (G1 Evacuation Pause) 767M->258M(853M) 6.689ms
[297.216s][info][gc,cpu      ] GC(493) User=0.01s Sys=0.00s Real=0.00s
[298.422s][info][gc,start    ] GC(494) Pause Young (Concurrent Start) (G1 Evacuation Pause)
[298.422s][info][gc,task     ] GC(494) Using 2 workers of 2 for evacuation
[298.428s][info][gc,phases   ] GC(494)   Pre Evacuate Collection Set: 0.29ms
[298.428s][info][gc,phases   ] GC(494)   Merge Heap Roots: 0.13ms
[298.428s][info][gc,phases   ] GC(494)   Evacuate Collection Set: 5.19ms
[298.428s][info][gc,phases   ] GC(494)   Post Evacuate Collection Set: 0.78ms
[298.428s][info][gc,phases   ] GC(494)   Other: 0.11ms
[298.428s][info][gc,heap     ] GC(494) Eden regions: 506->0(504)
[298.428s][info][gc,heap     ] GC(494) Survivor regions: 5->7(64)
[298.428s][info][gc,heap     ] GC(494) Old regions: 47->47
[298.428s][info][gc,heap     ] GC(494) Humongous regions: 207->207
[298.428s][info][gc,metaspace] GC(494) Metaspace: 57101K(57408K)->57101K(57408K) NonClass: 51480K(51712K)->51480K(51712K) Class: 5620K(5696K)->5620K(5696K)
[298.428s][info][gc          ] GC(494) Pause Young (Concurrent Start) (G1 Evacuation Pause) 764M->260M(853M) 6.678ms
[298.428s][info][gc,cpu      ] GC(494) User=0.01s Sys=0.00s Real=0.01s
[298.428s][info][gc          ] GC(495) Concurrent Mark Cycle
[298.431s][info][gc,marking  ] GC(495) Concurrent Scan Root Regions
[298.439s][info][gc,marking  ] GC(495) Concurrent Scan Root Regions 8.386ms
[298.439s][info][gc,marking  ] GC(495) Concurrent Mark
[298.439s][info][gc,marking  ] GC(495) Concurrent Mark From Roots
[298.439s][info][gc,task     ] GC(495) Using 1 workers of 1 for marking
[298.483s][info][gc,marking  ] GC(495) Concurrent Mark From Roots 43.860ms
[298.483s][info][gc,marking  ] GC(495) Concurrent Preclean
[298.483s][info][gc,marking  ] GC(495) Concurrent Preclean 0.065ms
[298.483s][info][gc,start    ] GC(495) Pause Remark
[298.492s][info][gc          ] GC(495) Pause Remark 288M->288M(853M) 9.226ms
[298.492s][info][gc,cpu      ] GC(495) User=0.01s Sys=0.00s Real=0.01s
[298.493s][info][gc,marking  ] GC(495) Concurrent Mark 53.792ms
[298.493s][info][gc,marking  ] GC(495) Concurrent Rebuild Remembered Sets and Scrub Regions
[298.512s][info][gc,marking  ] GC(495) Concurrent Rebuild Remembered Sets and Scrub Regions 19.353ms
[298.513s][info][gc,start    ] GC(495) Pause Cleanup
[298.513s][info][gc          ] GC(495) Pause Cleanup 294M->294M(853M) 0.076ms
[298.513s][info][gc,cpu      ] GC(495) User=0.00s Sys=0.00s Real=0.00s
[298.513s][info][gc,marking  ] GC(495) Concurrent Clear Claimed Marks
[298.514s][info][gc,marking  ] GC(495) Concurrent Clear Claimed Marks 0.099ms
[298.514s][info][gc,marking  ] GC(495) Concurrent Cleanup for Next Mark
[298.518s][info][gc,marking  ] GC(495) Concurrent Cleanup for Next Mark 4.554ms
[298.518s][info][gc          ] GC(495) Concurrent Mark Cycle 89.662ms
[299.650s][info][gc,start    ] GC(496) Pause Young (Prepare Mixed) (G1 Evacuation Pause)
[299.650s][info][gc,task     ] GC(496) Using 2 workers of 2 for evacuation
[299.657s][info][gc,phases   ] GC(496)   Pre Evacuate Collection Set: 0.47ms
[299.657s][info][gc,phases   ] GC(496)   Merge Heap Roots: 0.19ms
[299.657s][info][gc,phases   ] GC(496)   Evacuate Collection Set: 5.69ms
[299.657s][info][gc,phases   ] GC(496)   Post Evacuate Collection Set: 0.79ms
[299.657s][info][gc,phases   ] GC(496)   Other: 0.10ms
[299.657s][info][gc,heap     ] GC(496) Eden regions: 504->0(508)
[299.657s][info][gc,heap     ] GC(496) Survivor regions: 7->3(64)
[299.657s][info][gc,heap     ] GC(496) Old regions: 47->50
[299.657s][info][gc,heap     ] GC(496) Humongous regions: 207->207
[299.657s][info][gc,metaspace] GC(496) Metaspace: 57101K(57408K)->57101K(57408K) NonClass: 51480K(51712K)->51480K(51712K) Class: 5620K(5696K)->5620K(5696K)
[299.657s][info][gc          ] GC(496) Pause Young (Prepare Mixed) (G1 Evacuation Pause) 764M->259M(853M) 7.405ms
[299.657s][info][gc,cpu      ] GC(496) User=0.01s Sys=0.00s Real=0.00s
[300.914s][info][gc,start    ] GC(497) Pause Young (Mixed) (G1 Evacuation Pause)
[300.914s][info][gc,task     ] GC(497) Using 2 workers of 2 for evacuation
[300.919s][info][gc,phases   ] GC(497)   Pre Evacuate Collection Set: 0.25ms
[300.919s][info][gc,phases   ] GC(497)   Merge Heap Roots: 0.16ms
[300.919s][info][gc,phases   ] GC(497)   Evacuate Collection Set: 3.56ms
[300.919s][info][gc,phases   ] GC(497)   Post Evacuate Collection Set: 0.75ms
[300.919s][info][gc,phases   ] GC(497)   Other: 0.09ms
[300.919s][info][gc,heap     ] GC(497) Eden regions: 508->0(508)
[300.919s][info][gc,heap     ] GC(497) Survivor regions: 3->3(64)
[300.919s][info][gc,heap     ] GC(497) Old regions: 50->47
[300.919s][info][gc,heap     ] GC(497) Humongous regions: 207->207
[300.919s][info][gc,metaspace] GC(497) Metaspace: 57101K(57408K)->57101K(57408K) NonClass: 51480K(51712K)->51480K(51712K) Class: 5620K(5696K)->5620K(5696K)
[300.919s][info][gc          ] GC(497) Pause Young (Mixed) (G1 Evacuation Pause) 767M->256M(853M) 4.990ms
[300.919s][info][gc,cpu      ] GC(497) User=0.01s Sys=0.00s Real=0.01s
[302.126s][info][gc,start    ] GC(498) Pause Young (Concurrent Start) (G1 Evacuation Pause)
[302.126s][info][gc,task     ] GC(498) Using 2 workers of 2 for evacuation
[302.133s][info][gc,phases   ] GC(498)   Pre Evacuate Collection Set: 0.28ms
[302.133s][info][gc,phases   ] GC(498)   Merge Heap Roots: 0.14ms
[302.133s][info][gc,phases   ] GC(498)   Evacuate Collection Set: 5.07ms
[302.133s][info][gc,phases   ] GC(498)   Post Evacuate Collection Set: 0.89ms
[302.133s][info][gc,phases   ] GC(498)   Other: 0.10ms
[302.133s][info][gc,heap     ] GC(498) Eden regions: 508->0(507)
[302.133s][info][gc,heap     ] GC(498) Survivor regions: 3->4(64)
[302.133s][info][gc,heap     ] GC(498) Old regions: 47->48
[302.133s][info][gc,heap     ] GC(498) Humongous regions: 207->207
[302.133s][info][gc,metaspace] GC(498) Metaspace: 57101K(57408K)->57101K(57408K) NonClass: 51480K(51712K)->51480K(51712K) Class: 5620K(5696K)->5620K(5696K)
[302.133s][info][gc          ] GC(498) Pause Young (Concurrent Start) (G1 Evacuation Pause) 764M->257M(853M) 6.644ms
[302.133s][info][gc,cpu      ] GC(498) User=0.02s Sys=0.00s Real=0.01s
[302.133s][info][gc          ] GC(499) Concurrent Mark Cycle
[302.133s][info][gc,marking  ] GC(499) Concurrent Scan Root Regions
[302.142s][info][gc,marking  ] GC(499) Concurrent Scan Root Regions 9.598ms
[302.142s][info][gc,marking  ] GC(499) Concurrent Mark
[302.142s][info][gc,marking  ] GC(499) Concurrent Mark From Roots
[302.142s][info][gc,task     ] GC(499) Using 1 workers of 1 for marking
[302.190s][info][gc,marking  ] GC(499) Concurrent Mark From Roots 47.357ms
[302.190s][info][gc,marking  ] GC(499) Concurrent Preclean
[302.190s][info][gc,marking  ] GC(499) Concurrent Preclean 0.065ms
[302.190s][info][gc,start    ] GC(499) Pause Remark
[302.202s][info][gc          ] GC(499) Pause Remark 278M->278M(853M) 11.587ms
[302.202s][info][gc,cpu      ] GC(499) User=0.01s Sys=0.00s Real=0.01s
[302.202s][info][gc,marking  ] GC(499) Concurrent Mark 59.507ms
[302.202s][info][gc,marking  ] GC(499) Concurrent Rebuild Remembered Sets and Scrub Regions
[302.231s][info][gc,marking  ] GC(499) Concurrent Rebuild Remembered Sets and Scrub Regions 28.617ms
[302.231s][info][gc,start    ] GC(499) Pause Cleanup
[302.231s][info][gc          ] GC(499) Pause Cleanup 298M->298M(853M) 0.074ms
[302.231s][info][gc,cpu      ] GC(499) User=0.00s Sys=0.00s Real=0.00s
[302.232s][info][gc,marking  ] GC(499) Concurrent Clear Claimed Marks
[302.232s][info][gc,marking  ] GC(499) Concurrent Clear Claimed Marks 0.099ms
[302.232s][info][gc,marking  ] GC(499) Concurrent Cleanup for Next Mark
[302.237s][info][gc,marking  ] GC(499) Concurrent Cleanup for Next Mark 4.370ms
[302.237s][info][gc          ] GC(499) Concurrent Mark Cycle 103.904ms
[303.349s][info][gc,start    ] GC(500) Pause Young (Prepare Mixed) (G1 Evacuation Pause)
[303.349s][info][gc,task     ] GC(500) Using 2 workers of 2 for evacuation
[303.354s][info][gc,phases   ] GC(500)   Pre Evacuate Collection Set: 0.27ms
[303.354s][info][gc,phases   ] GC(500)   Merge Heap Roots: 0.18ms
[303.354s][info][gc,phases   ] GC(500)   Evacuate Collection Set: 3.12ms
[303.354s][info][gc,phases   ] GC(500)   Post Evacuate Collection Set: 0.75ms
[303.354s][info][gc,phases   ] GC(500)   Other: 0.11ms
[303.354s][info][gc,heap     ] GC(500) Eden regions: 507->0(509)
[303.354s][info][gc,heap     ] GC(500) Survivor regions: 4->2(64)
[303.354s][info][gc,heap     ] GC(500) Old regions: 48->48
[303.354s][info][gc,heap     ] GC(500) Humongous regions: 207->207
[303.354s][info][gc,metaspace] GC(500) Metaspace: 57101K(57408K)->57101K(57408K) NonClass: 51480K(51712K)->51480K(51712K) Class: 5620K(5696K)->5620K(5696K)
[303.354s][info][gc          ] GC(500) Pause Young (Prepare Mixed) (G1 Evacuation Pause) 764M->255M(853M) 4.627ms
[303.354s][info][gc,cpu      ] GC(500) User=0.01s Sys=0.00s Real=0.00s
[304.616s][info][gc,start    ] GC(501) Pause Young (Mixed) (G1 Evacuation Pause)
[304.616s][info][gc,task     ] GC(501) Using 2 workers of 2 for evacuation
[304.621s][info][gc,phases   ] GC(501)   Pre Evacuate Collection Set: 0.29ms
[304.621s][info][gc,phases   ] GC(501)   Merge Heap Roots: 0.14ms
[304.621s][info][gc,phases   ] GC(501)   Evacuate Collection Set: 3.53ms
[304.621s][info][gc,phases   ] GC(501)   Post Evacuate Collection Set: 0.78ms
[304.621s][info][gc,phases   ] GC(501)   Other: 0.08ms
[304.621s][info][gc,heap     ] GC(501) Eden regions: 509->0(509)
[304.621s][info][gc,heap     ] GC(501) Survivor regions: 2->2(64)
[304.621s][info][gc,heap     ] GC(501) Old regions: 48->45
[304.621s][info][gc,heap     ] GC(501) Humongous regions: 207->207
[304.621s][info][gc,metaspace] GC(501) Metaspace: 57101K(57408K)->57101K(57408K) NonClass: 51480K(51712K)->51480K(51712K) Class: 5620K(5696K)->5620K(5696K)
[304.621s][info][gc          ] GC(501) Pause Young (Mixed) (G1 Evacuation Pause) 764M->252M(853M) 4.990ms
[304.621s][info][gc,cpu      ] GC(501) User=0.01s Sys=0.00s Real=0.01s
[305.829s][info][gc,start    ] GC(502) Pause Young (Concurrent Start) (G1 Evacuation Pause)
[305.829s][info][gc,task     ] GC(502) Using 2 workers of 2 for evacuation
[305.836s][info][gc,phases   ] GC(502)   Pre Evacuate Collection Set: 0.29ms
[305.836s][info][gc,phases   ] GC(502)   Merge Heap Roots: 0.14ms
[305.836s][info][gc,phases   ] GC(502)   Evacuate Collection Set: 5.73ms
[305.836s][info][gc,phases   ] GC(502)   Post Evacuate Collection Set: 0.74ms
[305.836s][info][gc,phases   ] GC(502)   Other: 0.13ms
[305.836s][info][gc,heap     ] GC(502) Eden regions: 509->0(507)
[305.836s][info][gc,heap     ] GC(502) Survivor regions: 2->4(64)
[305.836s][info][gc,heap     ] GC(502) Old regions: 45->45
[305.836s][info][gc,heap     ] GC(502) Humongous regions: 207->207
[305.836s][info][gc,metaspace] GC(502) Metaspace: 57101K(57408K)->57101K(57408K) NonClass: 51480K(51712K)->51480K(51712K) Class: 5620K(5696K)->5620K(5696K)
[305.836s][info][gc          ] GC(502) Pause Young (Concurrent Start) (G1 Evacuation Pause) 761M->254M(853M) 7.202ms
[305.836s][info][gc          ] GC(503) Concurrent Mark Cycle
[305.836s][info][gc,marking  ] GC(503) Concurrent Scan Root Regions
[305.836s][info][gc,cpu      ] GC(502) User=0.01s Sys=0.00s Real=0.00s
[305.844s][info][gc,marking  ] GC(503) Concurrent Scan Root Regions 7.491ms
[305.844s][info][gc,marking  ] GC(503) Concurrent Mark
[305.844s][info][gc,marking  ] GC(503) Concurrent Mark From Roots
[305.844s][info][gc,task     ] GC(503) Using 1 workers of 1 for marking
[305.888s][info][gc,marking  ] GC(503) Concurrent Mark From Roots 44.475ms
[305.888s][info][gc,marking  ] GC(503) Concurrent Preclean
[305.888s][info][gc,marking  ] GC(503) Concurrent Preclean 0.059ms
[305.888s][info][gc,start    ] GC(503) Pause Remark
[305.898s][info][gc          ] GC(503) Pause Remark 273M->273M(853M) 9.140ms
[305.898s][info][gc,cpu      ] GC(503) User=0.02s Sys=0.00s Real=0.00s
[305.898s][info][gc,marking  ] GC(503) Concurrent Mark 54.169ms
[305.898s][info][gc,marking  ] GC(503) Concurrent Rebuild Remembered Sets and Scrub Regions
[305.924s][info][gc,marking  ] GC(503) Concurrent Rebuild Remembered Sets and Scrub Regions 25.775ms
[305.924s][info][gc,start    ] GC(503) Pause Cleanup
[305.924s][info][gc          ] GC(503) Pause Cleanup 288M->288M(853M) 0.091ms
[305.924s][info][gc,cpu      ] GC(503) User=0.00s Sys=0.00s Real=0.00s
[305.925s][info][gc,marking  ] GC(503) Concurrent Clear Claimed Marks
[305.925s][info][gc,marking  ] GC(503) Concurrent Clear Claimed Marks 0.111ms
[305.925s][info][gc,marking  ] GC(503) Concurrent Cleanup for Next Mark
[305.930s][info][gc,marking  ] GC(503) Concurrent Cleanup for Next Mark 4.949ms
[305.930s][info][gc          ] GC(503) Concurrent Mark Cycle 93.842ms
[307.052s][info][gc,start    ] GC(504) Pause Young (Prepare Mixed) (G1 Evacuation Pause)
[307.052s][info][gc,task     ] GC(504) Using 2 workers of 2 for evacuation
[307.056s][info][gc,phases   ] GC(504)   Pre Evacuate Collection Set: 0.33ms
[307.056s][info][gc,phases   ] GC(504)   Merge Heap Roots: 0.16ms
[307.056s][info][gc,phases   ] GC(504)   Evacuate Collection Set: 3.37ms
[307.056s][info][gc,phases   ] GC(504)   Post Evacuate Collection Set: 0.78ms
[307.056s][info][gc,phases   ] GC(504)   Other: 0.08ms
[307.056s][info][gc,heap     ] GC(504) Eden regions: 507->0(509)
[307.056s][info][gc,heap     ] GC(504) Survivor regions: 4->2(64)
[307.056s][info][gc,heap     ] GC(504) Old regions: 45->45
[307.056s][info][gc,heap     ] GC(504) Humongous regions: 207->207
[307.056s][info][gc,metaspace] GC(504) Metaspace: 57101K(57408K)->57101K(57408K) NonClass: 51480K(51712K)->51480K(51712K) Class: 5620K(5696K)->5620K(5696K)
[307.056s][info][gc          ] GC(504) Pause Young (Prepare Mixed) (G1 Evacuation Pause) 761M->253M(853M) 4.890ms
[307.056s][info][gc,cpu      ] GC(504) User=0.01s Sys=0.00s Real=0.00s
[308.313s][info][gc,start    ] GC(505) Pause Young (Mixed) (G1 Evacuation Pause)
[308.313s][info][gc,task     ] GC(505) Using 2 workers of 2 for evacuation
[308.318s][info][gc,phases   ] GC(505)   Pre Evacuate Collection Set: 0.29ms
[308.318s][info][gc,phases   ] GC(505)   Merge Heap Roots: 0.14ms
[308.318s][info][gc,phases   ] GC(505)   Evacuate Collection Set: 3.15ms
[308.318s][info][gc,phases   ] GC(505)   Post Evacuate Collection Set: 0.76ms
[308.318s][info][gc,phases   ] GC(505)   Other: 0.08ms
[308.318s][info][gc,heap     ] GC(505) Eden regions: 509->0(509)
[308.318s][info][gc,heap     ] GC(505) Survivor regions: 2->2(64)
[308.318s][info][gc,heap     ] GC(505) Old regions: 45->43
[308.318s][info][gc,heap     ] GC(505) Humongous regions: 207->207
[308.318s][info][gc,metaspace] GC(505) Metaspace: 57101K(57408K)->57101K(57408K) NonClass: 51480K(51712K)->51480K(51712K) Class: 5620K(5696K)->5620K(5696K)
[308.318s][info][gc          ] GC(505) Pause Young (Mixed) (G1 Evacuation Pause) 762M->250M(853M) 4.581ms
[308.318s][info][gc,cpu      ] GC(505) User=0.01s Sys=0.00s Real=0.00s
[309.524s][info][gc,start    ] GC(506) Pause Young (Concurrent Start) (G1 Evacuation Pause)
[309.525s][info][gc,task     ] GC(506) Using 2 workers of 2 for evacuation
[309.531s][info][gc,phases   ] GC(506)   Pre Evacuate Collection Set: 0.29ms
[309.531s][info][gc,phases   ] GC(506)   Merge Heap Roots: 0.19ms
[309.531s][info][gc,phases   ] GC(506)   Evacuate Collection Set: 4.88ms
[309.531s][info][gc,phases   ] GC(506)   Post Evacuate Collection Set: 0.75ms
[309.531s][info][gc,phases   ] GC(506)   Other: 0.11ms
[309.531s][info][gc,heap     ] GC(506) Eden regions: 509->0(507)
[309.531s][info][gc,heap     ] GC(506) Survivor regions: 2->4(64)
[309.531s][info][gc,heap     ] GC(506) Old regions: 43->43
[309.531s][info][gc,heap     ] GC(506) Humongous regions: 207->207
[309.531s][info][gc,metaspace] GC(506) Metaspace: 57101K(57408K)->57101K(57408K) NonClass: 51481K(51712K)->51481K(51712K) Class: 5620K(5696K)->5620K(5696K)
[309.531s][info][gc          ] GC(506) Pause Young (Concurrent Start) (G1 Evacuation Pause) 759M->253M(853M) 6.392ms
[309.531s][info][gc          ] GC(507) Concurrent Mark Cycle
[309.531s][info][gc,marking  ] GC(507) Concurrent Scan Root Regions
[309.531s][info][gc,cpu      ] GC(506) User=0.01s Sys=0.00s Real=0.01s
[309.536s][info][gc,marking  ] GC(507) Concurrent Scan Root Regions 4.799ms
[309.539s][info][gc,marking  ] GC(507) Concurrent Mark
[309.539s][info][gc,marking  ] GC(507) Concurrent Mark From Roots
[309.539s][info][gc,task     ] GC(507) Using 1 workers of 1 for marking
[309.599s][info][gc,marking  ] GC(507) Concurrent Mark From Roots 59.826ms
[309.599s][info][gc,marking  ] GC(507) Concurrent Preclean
[309.599s][info][gc,marking  ] GC(507) Concurrent Preclean 0.072ms
[309.599s][info][gc,start    ] GC(507) Pause Remark
[309.608s][info][gc          ] GC(507) Pause Remark 280M->280M(847M) 9.364ms
[309.608s][info][gc,cpu      ] GC(507) User=0.02s Sys=0.00s Real=0.01s
[309.608s][info][gc,marking  ] GC(507) Concurrent Mark 69.483ms
[309.608s][info][gc,marking  ] GC(507) Concurrent Rebuild Remembered Sets and Scrub Regions
[309.635s][info][gc,marking  ] GC(507) Concurrent Rebuild Remembered Sets and Scrub Regions 26.505ms
[309.635s][info][gc,start    ] GC(507) Pause Cleanup
[309.635s][info][gc          ] GC(507) Pause Cleanup 299M->299M(847M) 0.120ms
[309.635s][info][gc,cpu      ] GC(507) User=0.00s Sys=0.00s Real=0.00s
[309.635s][info][gc,marking  ] GC(507) Concurrent Clear Claimed Marks
[309.635s][info][gc,marking  ] GC(507) Concurrent Clear Claimed Marks 0.088ms
[309.635s][info][gc,marking  ] GC(507) Concurrent Cleanup for Next Mark
[309.640s][info][gc,marking  ] GC(507) Concurrent Cleanup for Next Mark 4.370ms
[309.640s][info][gc          ] GC(507) Concurrent Mark Cycle 108.720ms
[310.736s][info][gc,start    ] GC(508) Pause Young (Prepare Mixed) (G1 Evacuation Pause)
[310.737s][info][gc,task     ] GC(508) Using 2 workers of 2 for evacuation
[310.743s][info][gc,phases   ] GC(508)   Pre Evacuate Collection Set: 0.25ms
[310.743s][info][gc,phases   ] GC(508)   Merge Heap Roots: 0.18ms
[310.743s][info][gc,phases   ] GC(508)   Evacuate Collection Set: 5.52ms
[310.743s][info][gc,phases   ] GC(508)   Post Evacuate Collection Set: 0.75ms
[310.743s][info][gc,phases   ] GC(508)   Other: 0.09ms
[310.743s][info][gc,heap     ] GC(508) Eden regions: 504->0(504)
[310.743s][info][gc,heap     ] GC(508) Survivor regions: 4->4(64)
[310.743s][info][gc,heap     ] GC(508) Old regions: 43->44
[310.743s][info][gc,heap     ] GC(508) Humongous regions: 207->207
[310.743s][info][gc,metaspace] GC(508) Metaspace: 57101K(57408K)->57101K(57408K) NonClass: 51481K(51712K)->51481K(51712K) Class: 5620K(5696K)->5620K(5696K)
[310.743s][info][gc          ] GC(508) Pause Young (Prepare Mixed) (G1 Evacuation Pause) 757M->253M(847M) 6.959ms
[310.743s][info][gc,cpu      ] GC(508) User=0.01s Sys=0.00s Real=0.01s
[311.955s][info][gc,start    ] GC(509) Pause Young (Mixed) (G1 Evacuation Pause)
[311.955s][info][gc,task     ] GC(509) Using 2 workers of 2 for evacuation
[311.960s][info][gc,phases   ] GC(509)   Pre Evacuate Collection Set: 0.29ms
[311.960s][info][gc,phases   ] GC(509)   Merge Heap Roots: 0.15ms
[311.960s][info][gc,phases   ] GC(509)   Evacuate Collection Set: 2.85ms
[311.960s][info][gc,phases   ] GC(509)   Post Evacuate Collection Set: 1.02ms
[311.960s][info][gc,phases   ] GC(509)   Other: 0.08ms
[311.960s][info][gc,heap     ] GC(509) Eden regions: 504->0(506)
[311.960s][info][gc,heap     ] GC(509) Survivor regions: 4->2(64)
[311.960s][info][gc,heap     ] GC(509) Old regions: 44->42
[311.960s][info][gc,heap     ] GC(509) Humongous regions: 207->207
[311.960s][info][gc,metaspace] GC(509) Metaspace: 57101K(57408K)->57101K(57408K) NonClass: 51481K(51712K)->51481K(51712K) Class: 5620K(5696K)->5620K(5696K)
[311.960s][info][gc          ] GC(509) Pause Young (Mixed) (G1 Evacuation Pause) 757M->249M(847M) 4.576ms
[311.960s][info][gc,cpu      ] GC(509) User=0.01s Sys=0.00s Real=0.01s
[313.215s][info][gc,start    ] GC(510) Pause Young (Concurrent Start) (G1 Evacuation Pause)
[313.215s][info][gc,task     ] GC(510) Using 2 workers of 2 for evacuation
[313.219s][info][gc,phases   ] GC(510)   Pre Evacuate Collection Set: 0.29ms
[313.219s][info][gc,phases   ] GC(510)   Merge Heap Roots: 0.14ms
[313.219s][info][gc,phases   ] GC(510)   Evacuate Collection Set: 2.87ms
[313.219s][info][gc,phases   ] GC(510)   Post Evacuate Collection Set: 0.75ms
[313.219s][info][gc,phases   ] GC(510)   Other: 0.12ms
[313.219s][info][gc,heap     ] GC(510) Eden regions: 506->0(507)
[313.219s][info][gc,heap     ] GC(510) Survivor regions: 2->1(64)
[313.219s][info][gc,heap     ] GC(510) Old regions: 42->42
[313.219s][info][gc,heap     ] GC(510) Humongous regions: 207->207
[313.219s][info][gc,metaspace] GC(510) Metaspace: 57101K(57408K)->57101K(57408K) NonClass: 51481K(51712K)->51481K(51712K) Class: 5620K(5696K)->5620K(5696K)
[313.219s][info][gc          ] GC(510) Pause Young (Concurrent Start) (G1 Evacuation Pause) 755M->248M(847M) 4.358ms
[313.219s][info][gc          ] GC(511) Concurrent Mark Cycle
[313.219s][info][gc,marking  ] GC(511) Concurrent Scan Root Regions
[313.219s][info][gc,cpu      ] GC(510) User=0.01s Sys=0.00s Real=0.01s
[313.226s][info][gc,marking  ] GC(511) Concurrent Scan Root Regions 6.696ms
[313.226s][info][gc,marking  ] GC(511) Concurrent Mark
[313.226s][info][gc,marking  ] GC(511) Concurrent Mark From Roots
[313.226s][info][gc,task     ] GC(511) Using 1 workers of 1 for marking
[313.347s][info][gc,marking  ] GC(511) Concurrent Mark From Roots 120.685ms
[313.347s][info][gc,marking  ] GC(511) Concurrent Preclean
[313.347s][info][gc,marking  ] GC(511) Concurrent Preclean 0.065ms
[313.347s][info][gc,start    ] GC(511) Pause Remark
[313.359s][info][gc          ] GC(511) Pause Remark 273M->273M(834M) 11.633ms
[313.359s][info][gc,cpu      ] GC(511) User=0.02s Sys=0.00s Real=0.02s
[313.359s][info][gc,marking  ] GC(511) Concurrent Mark 132.910ms
[313.359s][info][gc,marking  ] GC(511) Concurrent Rebuild Remembered Sets and Scrub Regions
[313.384s][info][gc,marking  ] GC(511) Concurrent Rebuild Remembered Sets and Scrub Regions 24.814ms
[313.384s][info][gc,start    ] GC(511) Pause Cleanup
[313.384s][info][gc          ] GC(511) Pause Cleanup 287M->287M(834M) 0.074ms
[313.384s][info][gc,cpu      ] GC(511) User=0.00s Sys=0.00s Real=0.00s
[313.385s][info][gc,marking  ] GC(511) Concurrent Clear Claimed Marks
[313.385s][info][gc,marking  ] GC(511) Concurrent Clear Claimed Marks 0.100ms
[313.385s][info][gc,marking  ] GC(511) Concurrent Cleanup for Next Mark
[313.390s][info][gc,marking  ] GC(511) Concurrent Cleanup for Next Mark 4.617ms
[313.390s][info][gc          ] GC(511) Concurrent Mark Cycle 170.438ms
[314.429s][info][gc,start    ] GC(512) Pause Young (Prepare Mixed) (G1 Evacuation Pause)
[314.429s][info][gc,task     ] GC(512) Using 2 workers of 2 for evacuation
[314.435s][info][gc,phases   ] GC(512)   Pre Evacuate Collection Set: 0.31ms
[314.435s][info][gc,phases   ] GC(512)   Merge Heap Roots: 0.16ms
[314.435s][info][gc,phases   ] GC(512)   Evacuate Collection Set: 4.71ms
[314.435s][info][gc,phases   ] GC(512)   Post Evacuate Collection Set: 0.73ms
[314.435s][info][gc,phases   ] GC(512)   Other: 0.08ms
[314.435s][info][gc,heap     ] GC(512) Eden regions: 499->0(496)
[314.435s][info][gc,heap     ] GC(512) Survivor regions: 1->4(63)
[314.435s][info][gc,heap     ] GC(512) Old regions: 42->43
[314.435s][info][gc,heap     ] GC(512) Humongous regions: 207->207
[314.435s][info][gc,metaspace] GC(512) Metaspace: 57101K(57408K)->57101K(57408K) NonClass: 51481K(51712K)->51481K(51712K) Class: 5620K(5696K)->5620K(5696K)
[314.435s][info][gc          ] GC(512) Pause Young (Prepare Mixed) (G1 Evacuation Pause) 747M->251M(834M) 6.156ms
[314.435s][info][gc,cpu      ] GC(512) User=0.02s Sys=0.00s Real=0.00s
[315.626s][info][gc,start    ] GC(513) Pause Young (Mixed) (G1 Evacuation Pause)
[315.626s][info][gc,task     ] GC(513) Using 2 workers of 2 for evacuation
[315.632s][info][gc,phases   ] GC(513)   Pre Evacuate Collection Set: 0.30ms
[315.632s][info][gc,phases   ] GC(513)   Merge Heap Roots: 0.16ms
[315.632s][info][gc,phases   ] GC(513)   Evacuate Collection Set: 4.90ms
[315.632s][info][gc,phases   ] GC(513)   Post Evacuate Collection Set: 0.75ms
[315.632s][info][gc,phases   ] GC(513)   Other: 0.08ms
[315.632s][info][gc,heap     ] GC(513) Eden regions: 496->0(497)
[315.632s][info][gc,heap     ] GC(513) Survivor regions: 4->3(63)
[315.633s][info][gc,heap     ] GC(513) Old regions: 43->41
[315.633s][info][gc,heap     ] GC(513) Humongous regions: 207->207
[315.633s][info][gc,metaspace] GC(513) Metaspace: 57101K(57408K)->57101K(57408K) NonClass: 51481K(51712K)->51481K(51712K) Class: 5620K(5696K)->5620K(5696K)
[315.633s][info][gc          ] GC(513) Pause Young (Mixed) (G1 Evacuation Pause) 747M->249M(834M) 6.374ms
[315.633s][info][gc,cpu      ] GC(513) User=0.01s Sys=0.00s Real=0.01s
[316.826s][info][gc,start    ] GC(514) Pause Young (Concurrent Start) (G1 Evacuation Pause)
[316.826s][info][gc,task     ] GC(514) Using 2 workers of 2 for evacuation
[316.833s][info][gc,phases   ] GC(514)   Pre Evacuate Collection Set: 0.36ms
[316.833s][info][gc,phases   ] GC(514)   Merge Heap Roots: 0.13ms
[316.833s][info][gc,phases   ] GC(514)   Evacuate Collection Set: 5.25ms
[316.833s][info][gc,phases   ] GC(514)   Post Evacuate Collection Set: 0.75ms
[316.833s][info][gc,phases   ] GC(514)   Other: 0.16ms
[316.833s][info][gc,heap     ] GC(514) Eden regions: 497->0(497)
[316.833s][info][gc,heap     ] GC(514) Survivor regions: 3->3(63)
[316.833s][info][gc,heap     ] GC(514) Old regions: 41->41
[316.833s][info][gc,heap     ] GC(514) Humongous regions: 207->207
[316.833s][info][gc,metaspace] GC(514) Metaspace: 57101K(57408K)->57101K(57408K) NonClass: 51481K(51712K)->51481K(51712K) Class: 5620K(5696K)->5620K(5696K)
[316.833s][info][gc          ] GC(514) Pause Young (Concurrent Start) (G1 Evacuation Pause) 746M->249M(834M) 6.833ms
[316.833s][info][gc          ] GC(515) Concurrent Mark Cycle
[316.833s][info][gc,marking  ] GC(515) Concurrent Scan Root Regions
[316.834s][info][gc,cpu      ] GC(514) User=0.01s Sys=0.00s Real=0.01s
[316.838s][info][gc,marking  ] GC(515) Concurrent Scan Root Regions 4.614ms
[316.838s][info][gc,marking  ] GC(515) Concurrent Mark
[316.838s][info][gc,marking  ] GC(515) Concurrent Mark From Roots
[316.838s][info][gc,task     ] GC(515) Using 1 workers of 1 for marking
[316.881s][info][gc,marking  ] GC(515) Concurrent Mark From Roots 43.236ms
[316.881s][info][gc,marking  ] GC(515) Concurrent Preclean
[316.881s][info][gc,marking  ] GC(515) Concurrent Preclean 0.077ms
[316.881s][info][gc,start    ] GC(515) Pause Remark
[316.890s][info][gc          ] GC(515) Pause Remark 272M->272M(834M) 9.289ms
[316.890s][info][gc,cpu      ] GC(515) User=0.02s Sys=0.00s Real=0.01s
[316.891s][info][gc,marking  ] GC(515) Concurrent Mark 52.944ms
[316.891s][info][gc,marking  ] GC(515) Concurrent Rebuild Remembered Sets and Scrub Regions
[316.906s][info][gc,marking  ] GC(515) Concurrent Rebuild Remembered Sets and Scrub Regions 15.333ms
[316.906s][info][gc,start    ] GC(515) Pause Cleanup
[316.906s][info][gc          ] GC(515) Pause Cleanup 272M->272M(834M) 0.054ms
[316.906s][info][gc,cpu      ] GC(515) User=0.00s Sys=0.00s Real=0.00s
[316.907s][info][gc,marking  ] GC(515) Concurrent Clear Claimed Marks
[316.907s][info][gc,marking  ] GC(515) Concurrent Clear Claimed Marks 0.088ms
[316.907s][info][gc,marking  ] GC(515) Concurrent Cleanup for Next Mark
[316.910s][info][gc,marking  ] GC(515) Concurrent Cleanup for Next Mark 3.540ms
[316.910s][info][gc          ] GC(515) Concurrent Mark Cycle 77.380ms
[318.033s][info][gc,start    ] GC(516) Pause Young (Prepare Mixed) (G1 Evacuation Pause)
[318.033s][info][gc,task     ] GC(516) Using 2 workers of 2 for evacuation
[318.040s][info][gc,phases   ] GC(516)   Pre Evacuate Collection Set: 0.32ms
[318.040s][info][gc,phases   ] GC(516)   Merge Heap Roots: 0.19ms
[318.040s][info][gc,phases   ] GC(516)   Evacuate Collection Set: 6.15ms
[318.040s][info][gc,phases   ] GC(516)   Post Evacuate Collection Set: 0.75ms
[318.040s][info][gc,phases   ] GC(516)   Other: 0.11ms
[318.040s][info][gc,heap     ] GC(516) Eden regions: 497->0(496)
[318.040s][info][gc,heap     ] GC(516) Survivor regions: 3->4(63)
[318.040s][info][gc,heap     ] GC(516) Old regions: 41->41
[318.040s][info][gc,heap     ] GC(516) Humongous regions: 207->207
[318.040s][info][gc,metaspace] GC(516) Metaspace: 57101K(57408K)->57101K(57408K) NonClass: 51481K(51712K)->51481K(51712K) Class: 5620K(5696K)->5620K(5696K)
[318.041s][info][gc          ] GC(516) Pause Young (Prepare Mixed) (G1 Evacuation Pause) 746M->250M(834M) 7.704ms
[318.041s][info][gc,cpu      ] GC(516) User=0.02s Sys=0.00s Real=0.01s
[319.235s][info][gc,start    ] GC(517) Pause Young (Mixed) (G1 Evacuation Pause)
[319.235s][info][gc,task     ] GC(517) Using 2 workers of 2 for evacuation
[319.242s][info][gc,phases   ] GC(517)   Pre Evacuate Collection Set: 0.28ms
[319.242s][info][gc,phases   ] GC(517)   Merge Heap Roots: 0.14ms
[319.242s][info][gc,phases   ] GC(517)   Evacuate Collection Set: 5.81ms
[319.242s][info][gc,phases   ] GC(517)   Post Evacuate Collection Set: 0.74ms
[319.242s][info][gc,phases   ] GC(517)   Other: 0.10ms
[319.242s][info][gc,heap     ] GC(517) Eden regions: 496->0(496)
[319.242s][info][gc,heap     ] GC(517) Survivor regions: 4->4(63)
[319.242s][info][gc,heap     ] GC(517) Old regions: 41->40
[319.242s][info][gc,heap     ] GC(517) Humongous regions: 207->207
[319.242s][info][gc,metaspace] GC(517) Metaspace: 57101K(57408K)->57101K(57408K) NonClass: 51481K(51712K)->51481K(51712K) Class: 5620K(5696K)->5620K(5696K)
[319.242s][info][gc          ] GC(517) Pause Young (Mixed) (G1 Evacuation Pause) 746M->249M(834M) 7.273ms
[319.242s][info][gc,cpu      ] GC(517) User=0.01s Sys=0.00s Real=0.01s
[320.434s][info][gc,start    ] GC(518) Pause Young (Concurrent Start) (G1 Evacuation Pause)
[320.435s][info][gc,task     ] GC(518) Using 2 workers of 2 for evacuation
[320.441s][info][gc,phases   ] GC(518)   Pre Evacuate Collection Set: 0.27ms
[320.441s][info][gc,phases   ] GC(518)   Merge Heap Roots: 0.17ms
[320.441s][info][gc,phases   ] GC(518)   Evacuate Collection Set: 5.44ms
[320.441s][info][gc,phases   ] GC(518)   Post Evacuate Collection Set: 0.76ms
[320.441s][info][gc,phases   ] GC(518)   Other: 0.11ms
[320.441s][info][gc,heap     ] GC(518) Eden regions: 496->0(496)
[320.441s][info][gc,heap     ] GC(518) Survivor regions: 4->4(63)
[320.441s][info][gc,heap     ] GC(518) Old regions: 40->40
[320.441s][info][gc,heap     ] GC(518) Humongous regions: 207->207
[320.441s][info][gc,metaspace] GC(518) Metaspace: 57101K(57408K)->57101K(57408K) NonClass: 51481K(51712K)->51481K(51712K) Class: 5620K(5696K)->5620K(5696K)
[320.441s][info][gc          ] GC(518) Pause Young (Concurrent Start) (G1 Evacuation Pause) 745M->249M(834M) 6.925ms
[320.441s][info][gc,cpu      ] GC(518) User=0.01s Sys=0.00s Real=0.01s
[320.441s][info][gc          ] GC(519) Concurrent Mark Cycle
[320.441s][info][gc,marking  ] GC(519) Concurrent Scan Root Regions
[320.445s][info][gc,marking  ] GC(519) Concurrent Scan Root Regions 3.438ms
[320.445s][info][gc,marking  ] GC(519) Concurrent Mark
[320.445s][info][gc,marking  ] GC(519) Concurrent Mark From Roots
[320.445s][info][gc,task     ] GC(519) Using 1 workers of 1 for marking
[320.484s][info][gc,marking  ] GC(519) Concurrent Mark From Roots 39.138ms
[320.484s][info][gc,marking  ] GC(519) Concurrent Preclean
[320.484s][info][gc,marking  ] GC(519) Concurrent Preclean 0.061ms
[320.484s][info][gc,start    ] GC(519) Pause Remark
[320.494s][info][gc          ] GC(519) Pause Remark 265M->265M(834M) 10.160ms
[320.494s][info][gc,cpu      ] GC(519) User=0.02s Sys=0.00s Real=0.01s
[320.495s][info][gc,marking  ] GC(519) Concurrent Mark 49.800ms
[320.495s][info][gc,marking  ] GC(519) Concurrent Rebuild Remembered Sets and Scrub Regions
[320.515s][info][gc,marking  ] GC(519) Concurrent Rebuild Remembered Sets and Scrub Regions 19.873ms
[320.515s][info][gc,start    ] GC(519) Pause Cleanup
[320.515s][info][gc          ] GC(519) Pause Cleanup 271M->271M(834M) 0.064ms
[320.515s][info][gc,cpu      ] GC(519) User=0.00s Sys=0.00s Real=0.00s
[320.517s][info][gc,marking  ] GC(519) Concurrent Clear Claimed Marks
[320.517s][info][gc,marking  ] GC(519) Concurrent Clear Claimed Marks 0.093ms
[320.517s][info][gc,marking  ] GC(519) Concurrent Cleanup for Next Mark
[320.521s][info][gc,marking  ] GC(519) Concurrent Cleanup for Next Mark 4.755ms
[320.521s][info][gc          ] GC(519) Concurrent Mark Cycle 80.023ms
[321.629s][info][gc,start    ] GC(520) Pause Young (Prepare Mixed) (G1 Evacuation Pause)
[321.629s][info][gc,task     ] GC(520) Using 2 workers of 2 for evacuation
[321.636s][info][gc,phases   ] GC(520)   Pre Evacuate Collection Set: 0.27ms
[321.636s][info][gc,phases   ] GC(520)   Merge Heap Roots: 0.16ms
[321.636s][info][gc,phases   ] GC(520)   Evacuate Collection Set: 5.08ms
[321.636s][info][gc,phases   ] GC(520)   Post Evacuate Collection Set: 0.76ms
[321.636s][info][gc,phases   ] GC(520)   Other: 0.10ms
[321.636s][info][gc,heap     ] GC(520) Eden regions: 496->0(496)
[321.636s][info][gc,heap     ] GC(520) Survivor regions: 4->4(63)
[321.636s][info][gc,heap     ] GC(520) Old regions: 40->40
[321.636s][info][gc,heap     ] GC(520) Humongous regions: 207->207
[321.636s][info][gc,metaspace] GC(520) Metaspace: 57101K(57408K)->57101K(57408K) NonClass: 51481K(51712K)->51481K(51712K) Class: 5620K(5696K)->5620K(5696K)
[321.636s][info][gc          ] GC(520) Pause Young (Prepare Mixed) (G1 Evacuation Pause) 745M->249M(834M) 6.561ms
[321.636s][info][gc,cpu      ] GC(520) User=0.01s Sys=0.00s Real=0.00s
[322.836s][info][gc,start    ] GC(521) Pause Young (Mixed) (G1 Evacuation Pause)
[322.836s][info][gc,task     ] GC(521) Using 2 workers of 2 for evacuation
[322.865s][info][gc,phases   ] GC(521)   Pre Evacuate Collection Set: 0.43ms
[322.865s][info][gc,phases   ] GC(521)   Merge Heap Roots: 0.19ms
[322.865s][info][gc,phases   ] GC(521)   Evacuate Collection Set: 25.77ms
[322.865s][info][gc,phases   ] GC(521)   Post Evacuate Collection Set: 2.04ms
[322.865s][info][gc,phases   ] GC(521)   Other: 0.09ms
[322.865s][info][gc,heap     ] GC(521) Eden regions: 496->0(496)
[322.865s][info][gc,heap     ] GC(521) Survivor regions: 4->4(63)
[322.865s][info][gc,heap     ] GC(521) Old regions: 40->39
[322.865s][info][gc,heap     ] GC(521) Humongous regions: 207->207
[322.865s][info][gc,metaspace] GC(521) Metaspace: 57101K(57408K)->57101K(57408K) NonClass: 51481K(51712K)->51481K(51712K) Class: 5620K(5696K)->5620K(5696K)
[322.865s][info][gc          ] GC(521) Pause Young (Mixed) (G1 Evacuation Pause) 745M->248M(834M) 28.724ms
[322.865s][info][gc,cpu      ] GC(521) User=0.03s Sys=0.00s Real=0.03s
[323.361s][info][gc,start    ] GC(522) Pause Young (Concurrent Start) (G1 Humongous Allocation)
[323.361s][info][gc,task     ] GC(522) Using 2 workers of 2 for evacuation
[323.365s][info][gc,phases   ] GC(522)   Pre Evacuate Collection Set: 0.35ms
[323.365s][info][gc,phases   ] GC(522)   Merge Heap Roots: 0.10ms
[323.365s][info][gc,phases   ] GC(522)   Evacuate Collection Set: 2.58ms
[323.365s][info][gc,phases   ] GC(522)   Post Evacuate Collection Set: 0.53ms
[323.365s][info][gc,phases   ] GC(522)   Other: 0.12ms
[323.365s][info][gc,heap     ] GC(522) Eden regions: 227->0(499)
[323.365s][info][gc,heap     ] GC(522) Survivor regions: 4->1(63)
[323.365s][info][gc,heap     ] GC(522) Old regions: 39->39
[323.365s][info][gc,heap     ] GC(522) Humongous regions: 207->207
[323.365s][info][gc,metaspace] GC(522) Metaspace: 57105K(57408K)->57105K(57408K) NonClass: 51484K(51712K)->51484K(51712K) Class: 5620K(5696K)->5620K(5696K)
[323.365s][info][gc          ] GC(522) Pause Young (Concurrent Start) (G1 Humongous Allocation) 475M->246M(834M) 3.858ms
[323.365s][info][gc          ] GC(523) Concurrent Mark Cycle
[323.365s][info][gc,marking  ] GC(523) Concurrent Scan Root Regions
[323.366s][info][gc,cpu      ] GC(522) User=0.00s Sys=0.00s Real=0.00s
[323.367s][info][gc,marking  ] GC(523) Concurrent Scan Root Regions 1.686ms
[323.367s][info][gc,marking  ] GC(523) Concurrent Mark
[323.367s][info][gc,marking  ] GC(523) Concurrent Mark From Roots
[323.367s][info][gc,task     ] GC(523) Using 1 workers of 1 for marking
[323.408s][info][gc,marking  ] GC(523) Concurrent Mark From Roots 40.973ms
[323.408s][info][gc,marking  ] GC(523) Concurrent Preclean
[323.408s][info][gc,marking  ] GC(523) Concurrent Preclean 0.061ms
[323.408s][info][gc,start    ] GC(523) Pause Remark
[323.418s][info][gc          ] GC(523) Pause Remark 286M->286M(834M) 9.338ms
[323.418s][info][gc,cpu      ] GC(523) User=0.02s Sys=0.00s Real=0.00s
[323.418s][info][gc,marking  ] GC(523) Concurrent Mark 51.042ms
[323.418s][info][gc,marking  ] GC(523) Concurrent Rebuild Remembered Sets and Scrub Regions
[323.434s][info][gc,marking  ] GC(523) Concurrent Rebuild Remembered Sets and Scrub Regions 15.984ms
[323.435s][info][gc,start    ] GC(523) Pause Cleanup
[323.435s][info][gc          ] GC(523) Pause Cleanup 286M->286M(834M) 0.100ms
[323.435s][info][gc,cpu      ] GC(523) User=0.00s Sys=0.00s Real=0.00s
[323.435s][info][gc,marking  ] GC(523) Concurrent Clear Claimed Marks
[323.435s][info][gc,marking  ] GC(523) Concurrent Clear Claimed Marks 0.095ms
[323.435s][info][gc,marking  ] GC(523) Concurrent Cleanup for Next Mark
[323.437s][info][gc,marking  ] GC(523) Concurrent Cleanup for Next Mark 2.511ms
[323.438s][info][gc          ] GC(523) Concurrent Mark Cycle 72.474ms
[326.811s][info][gc,start    ] GC(524) Pause Young (Prepare Mixed) (G1 Evacuation Pause)
[326.811s][info][gc,task     ] GC(524) Using 2 workers of 2 for evacuation
[326.826s][info][gc,phases   ] GC(524)   Pre Evacuate Collection Set: 0.31ms
[326.826s][info][gc,phases   ] GC(524)   Merge Heap Roots: 0.16ms
[326.826s][info][gc,phases   ] GC(524)   Evacuate Collection Set: 13.69ms
[326.826s][info][gc,phases   ] GC(524)   Post Evacuate Collection Set: 0.93ms
[326.826s][info][gc,phases   ] GC(524)   Other: 0.10ms
[326.826s][info][gc,heap     ] GC(524) Eden regions: 431->0(494)
[326.826s][info][gc,heap     ] GC(524) Survivor regions: 1->16(63)
[326.826s][info][gc,heap     ] GC(524) Old regions: 39->39
[326.826s][info][gc,heap     ] GC(524) Humongous regions: 363->207
[326.826s][info][gc,metaspace] GC(524) Metaspace: 57303K(57600K)->57303K(57600K) NonClass: 51683K(51904K)->51683K(51904K) Class: 5620K(5696K)->5620K(5696K)
[326.827s][info][gc          ] GC(524) Pause Young (Prepare Mixed) (G1 Evacuation Pause) 833M->261M(850M) 15.382ms
[326.827s][info][gc,cpu      ] GC(524) User=0.02s Sys=0.01s Real=0.01s
[328.011s][info][gc,start    ] GC(525) Pause Young (Mixed) (G1 Evacuation Pause)
[328.011s][info][gc,task     ] GC(525) Using 2 workers of 2 for evacuation
[328.021s][info][gc,phases   ] GC(525)   Pre Evacuate Collection Set: 0.27ms
[328.021s][info][gc,phases   ] GC(525)   Merge Heap Roots: 0.14ms
[328.021s][info][gc,phases   ] GC(525)   Evacuate Collection Set: 8.05ms
[328.021s][info][gc,phases   ] GC(525)   Post Evacuate Collection Set: 0.86ms
[328.021s][info][gc,phases   ] GC(525)   Other: 0.12ms
[328.021s][info][gc,heap     ] GC(525) Eden regions: 494->0(493)
[328.021s][info][gc,heap     ] GC(525) Survivor regions: 16->17(64)
[328.021s][info][gc,heap     ] GC(525) Old regions: 39->39
[328.021s][info][gc,heap     ] GC(525) Humongous regions: 207->207
[328.021s][info][gc,metaspace] GC(525) Metaspace: 57303K(57600K)->57303K(57600K) NonClass: 51683K(51904K)->51683K(51904K) Class: 5620K(5696K)->5620K(5696K)
[328.021s][info][gc          ] GC(525) Pause Young (Mixed) (G1 Evacuation Pause) 755M->262M(850M) 9.623ms
[328.021s][info][gc,cpu      ] GC(525) User=0.02s Sys=0.00s Real=0.01s
[329.215s][info][gc,start    ] GC(526) Pause Young (Normal) (G1 Evacuation Pause)
[329.215s][info][gc,task     ] GC(526) Using 2 workers of 2 for evacuation
[329.224s][info][gc,phases   ] GC(526)   Pre Evacuate Collection Set: 0.30ms
[329.224s][info][gc,phases   ] GC(526)   Merge Heap Roots: 0.15ms
[329.224s][info][gc,phases   ] GC(526)   Evacuate Collection Set: 7.25ms
[329.224s][info][gc,phases   ] GC(526)   Post Evacuate Collection Set: 0.87ms
[329.224s][info][gc,phases   ] GC(526)   Other: 0.09ms
[329.224s][info][gc,heap     ] GC(526) Eden regions: 493->0(493)
[329.224s][info][gc,heap     ] GC(526) Survivor regions: 17->17(64)
[329.224s][info][gc,heap     ] GC(526) Old regions: 39->39
[329.224s][info][gc,heap     ] GC(526) Humongous regions: 207->207
[329.224s][info][gc,metaspace] GC(526) Metaspace: 57303K(57600K)->57303K(57600K) NonClass: 51683K(51904K)->51683K(51904K) Class: 5620K(5696K)->5620K(5696K)
[329.224s][info][gc          ] GC(526) Pause Young (Normal) (G1 Evacuation Pause) 755M->262M(850M) 8.834ms
[329.224s][info][gc,cpu      ] GC(526) User=0.01s Sys=0.00s Real=0.01s
[330.409s][info][gc,start    ] GC(527) Pause Young (Normal) (G1 Evacuation Pause)
[330.410s][info][gc,task     ] GC(527) Using 2 workers of 2 for evacuation
[330.417s][info][gc,phases   ] GC(527)   Pre Evacuate Collection Set: 0.25ms
[330.417s][info][gc,phases   ] GC(527)   Merge Heap Roots: 0.16ms
[330.417s][info][gc,phases   ] GC(527)   Evacuate Collection Set: 6.41ms
[330.417s][info][gc,phases   ] GC(527)   Post Evacuate Collection Set: 0.83ms
[330.417s][info][gc,phases   ] GC(527)   Other: 0.10ms
[330.417s][info][gc,heap     ] GC(527) Eden regions: 493->0(493)
[330.417s][info][gc,heap     ] GC(527) Survivor regions: 17->17(64)
[330.417s][info][gc,heap     ] GC(527) Old regions: 39->39
[330.417s][info][gc,heap     ] GC(527) Humongous regions: 207->207
[330.417s][info][gc,metaspace] GC(527) Metaspace: 57303K(57600K)->57303K(57600K) NonClass: 51683K(51904K)->51683K(51904K) Class: 5620K(5696K)->5620K(5696K)
[330.417s][info][gc          ] GC(527) Pause Young (Normal) (G1 Evacuation Pause) 755M->262M(850M) 7.944ms
[330.417s][info][gc,cpu      ] GC(527) User=0.01s Sys=0.00s Real=0.00s
[331.550s][info][gc,start    ] GC(528) Pause Young (Normal) (G1 Evacuation Pause)
[331.550s][info][gc,task     ] GC(528) Using 2 workers of 2 for evacuation
[331.559s][info][gc,phases   ] GC(528)   Pre Evacuate Collection Set: 0.27ms
[331.559s][info][gc,phases   ] GC(528)   Merge Heap Roots: 0.15ms
[331.559s][info][gc,phases   ] GC(528)   Evacuate Collection Set: 7.51ms
[331.559s][info][gc,phases   ] GC(528)   Post Evacuate Collection Set: 0.85ms
[331.559s][info][gc,phases   ] GC(528)   Other: 0.09ms
[331.559s][info][gc,heap     ] GC(528) Eden regions: 493->0(493)
[331.559s][info][gc,heap     ] GC(528) Survivor regions: 17->17(64)
[331.559s][info][gc,heap     ] GC(528) Old regions: 39->39
[331.559s][info][gc,heap     ] GC(528) Humongous regions: 207->207
[331.559s][info][gc,metaspace] GC(528) Metaspace: 57303K(57600K)->57303K(57600K) NonClass: 51683K(51904K)->51683K(51904K) Class: 5620K(5696K)->5620K(5696K)
[331.559s][info][gc          ] GC(528) Pause Young (Normal) (G1 Evacuation Pause) 755M->262M(850M) 9.040ms
[331.559s][info][gc,cpu      ] GC(528) User=0.01s Sys=0.00s Real=0.01s
[332.746s][info][gc,start    ] GC(529) Pause Young (Normal) (G1 Evacuation Pause)
[332.746s][info][gc,task     ] GC(529) Using 2 workers of 2 for evacuation
[332.756s][info][gc,phases   ] GC(529)   Pre Evacuate Collection Set: 0.28ms
[332.756s][info][gc,phases   ] GC(529)   Merge Heap Roots: 0.14ms
[332.756s][info][gc,phases   ] GC(529)   Evacuate Collection Set: 8.31ms
[332.756s][info][gc,phases   ] GC(529)   Post Evacuate Collection Set: 0.85ms
[332.756s][info][gc,phases   ] GC(529)   Other: 0.10ms
[332.756s][info][gc,heap     ] GC(529) Eden regions: 493->0(492)
[332.756s][info][gc,heap     ] GC(529) Survivor regions: 17->18(64)
[332.756s][info][gc,heap     ] GC(529) Old regions: 39->39
[332.756s][info][gc,heap     ] GC(529) Humongous regions: 207->207
[332.756s][info][gc,metaspace] GC(529) Metaspace: 57303K(57600K)->57303K(57600K) NonClass: 51683K(51904K)->51683K(51904K) Class: 5620K(5696K)->5620K(5696K)
[332.756s][info][gc          ] GC(529) Pause Young (Normal) (G1 Evacuation Pause) 755M->263M(850M) 9.892ms
[332.756s][info][gc,cpu      ] GC(529) User=0.02s Sys=0.00s Real=0.01s
[333.953s][info][gc,start    ] GC(530) Pause Young (Normal) (G1 Evacuation Pause)
[333.953s][info][gc,task     ] GC(530) Using 2 workers of 2 for evacuation
[333.997s][info][gc,phases   ] GC(530)   Pre Evacuate Collection Set: 0.44ms
[333.997s][info][gc,phases   ] GC(530)   Merge Heap Roots: 0.14ms
[333.997s][info][gc,phases   ] GC(530)   Evacuate Collection Set: 41.67ms
[333.997s][info][gc,phases   ] GC(530)   Post Evacuate Collection Set: 1.30ms
[333.997s][info][gc,phases   ] GC(530)   Other: 0.09ms
[333.997s][info][gc,heap     ] GC(530) Eden regions: 492->0(491)
[333.997s][info][gc,heap     ] GC(530) Survivor regions: 18->19(64)
[333.997s][info][gc,heap     ] GC(530) Old regions: 39->39
[333.997s][info][gc,heap     ] GC(530) Humongous regions: 207->207
[333.997s][info][gc,metaspace] GC(530) Metaspace: 57303K(57600K)->57303K(57600K) NonClass: 51683K(51904K)->51683K(51904K) Class: 5620K(5696K)->5620K(5696K)
[333.997s][info][gc          ] GC(530) Pause Young (Normal) (G1 Evacuation Pause) 755M->264M(850M) 43.846ms
[333.997s][info][gc,cpu      ] GC(530) User=0.03s Sys=0.00s Real=0.04s
[335.128s][info][gc,start    ] GC(531) Pause Young (Normal) (G1 Evacuation Pause)
[335.128s][info][gc,task     ] GC(531) Using 2 workers of 2 for evacuation
[335.139s][info][gc,phases   ] GC(531)   Pre Evacuate Collection Set: 0.28ms
[335.139s][info][gc,phases   ] GC(531)   Merge Heap Roots: 0.16ms
[335.139s][info][gc,phases   ] GC(531)   Evacuate Collection Set: 10.02ms
[335.139s][info][gc,phases   ] GC(531)   Post Evacuate Collection Set: 0.84ms
[335.139s][info][gc,phases   ] GC(531)   Other: 0.09ms
[335.139s][info][gc,heap     ] GC(531) Eden regions: 491->0(491)
[335.139s][info][gc,heap     ] GC(531) Survivor regions: 19->19(64)
[335.139s][info][gc,heap     ] GC(531) Old regions: 39->39
[335.139s][info][gc,heap     ] GC(531) Humongous regions: 207->207
[335.139s][info][gc,metaspace] GC(531) Metaspace: 57303K(57600K)->57303K(57600K) NonClass: 51683K(51904K)->51683K(51904K) Class: 5620K(5696K)->5620K(5696K)
[335.139s][info][gc          ] GC(531) Pause Young (Normal) (G1 Evacuation Pause) 755M->264M(850M) 11.573ms
[335.139s][info][gc,cpu      ] GC(531) User=0.02s Sys=0.00s Real=0.02s
[336.324s][info][gc,start    ] GC(532) Pause Young (Normal) (G1 Evacuation Pause)
[336.324s][info][gc,task     ] GC(532) Using 2 workers of 2 for evacuation
[336.335s][info][gc,phases   ] GC(532)   Pre Evacuate Collection Set: 0.28ms
[336.335s][info][gc,phases   ] GC(532)   Merge Heap Roots: 0.15ms
[336.335s][info][gc,phases   ] GC(532)   Evacuate Collection Set: 8.97ms
[336.335s][info][gc,phases   ] GC(532)   Post Evacuate Collection Set: 0.89ms
[336.335s][info][gc,phases   ] GC(532)   Other: 0.10ms
[336.335s][info][gc,heap     ] GC(532) Eden regions: 491->0(492)
[336.335s][info][gc,heap     ] GC(532) Survivor regions: 19->18(64)
[336.335s][info][gc,heap     ] GC(532) Old regions: 39->39
[336.335s][info][gc,heap     ] GC(532) Humongous regions: 207->207
[336.335s][info][gc,metaspace] GC(532) Metaspace: 57303K(57600K)->57303K(57600K) NonClass: 51683K(51904K)->51683K(51904K) Class: 5620K(5696K)->5620K(5696K)
[336.335s][info][gc          ] GC(532) Pause Young (Normal) (G1 Evacuation Pause) 755M->263M(850M) 10.572ms
[336.335s][info][gc,cpu      ] GC(532) User=0.02s Sys=0.00s Real=0.01s
[337.538s][info][gc,start    ] GC(533) Pause Young (Normal) (G1 Evacuation Pause)
[337.538s][info][gc,task     ] GC(533) Using 2 workers of 2 for evacuation
[337.563s][info][gc,phases   ] GC(533)   Pre Evacuate Collection Set: 0.44ms
[337.563s][info][gc,phases   ] GC(533)   Merge Heap Roots: 0.14ms
[337.563s][info][gc,phases   ] GC(533)   Evacuate Collection Set: 23.23ms
[337.563s][info][gc,phases   ] GC(533)   Post Evacuate Collection Set: 0.94ms
[337.563s][info][gc,phases   ] GC(533)   Other: 0.11ms
[337.563s][info][gc,heap     ] GC(533) Eden regions: 492->0(490)
[337.563s][info][gc,heap     ] GC(533) Survivor regions: 18->20(64)
[337.563s][info][gc,heap     ] GC(533) Old regions: 39->39
[337.563s][info][gc,heap     ] GC(533) Humongous regions: 207->207
[337.563s][info][gc,metaspace] GC(533) Metaspace: 57303K(57600K)->57303K(57600K) NonClass: 51683K(51904K)->51683K(51904K) Class: 5620K(5696K)->5620K(5696K)
[337.563s][info][gc          ] GC(533) Pause Young (Normal) (G1 Evacuation Pause) 755M->265M(850M) 25.043ms
[337.563s][info][gc,cpu      ] GC(533) User=0.03s Sys=0.00s Real=0.02s
[338.724s][info][gc,start    ] GC(534) Pause Young (Normal) (G1 Evacuation Pause)
[338.724s][info][gc,task     ] GC(534) Using 2 workers of 2 for evacuation
[338.733s][info][gc,phases   ] GC(534)   Pre Evacuate Collection Set: 0.30ms
[338.733s][info][gc,phases   ] GC(534)   Merge Heap Roots: 0.14ms
[338.733s][info][gc,phases   ] GC(534)   Evacuate Collection Set: 7.84ms
[338.733s][info][gc,phases   ] GC(534)   Post Evacuate Collection Set: 0.87ms
[338.733s][info][gc,phases   ] GC(534)   Other: 0.12ms
[338.733s][info][gc,heap     ] GC(534) Eden regions: 490->0(492)
[338.733s][info][gc,heap     ] GC(534) Survivor regions: 20->18(64)
[338.733s][info][gc,heap     ] GC(534) Old regions: 39->39
[338.733s][info][gc,heap     ] GC(534) Humongous regions: 207->207
[338.733s][info][gc,metaspace] GC(534) Metaspace: 57303K(57600K)->57303K(57600K) NonClass: 51683K(51904K)->51683K(51904K) Class: 5620K(5696K)->5620K(5696K)
[338.733s][info][gc          ] GC(534) Pause Young (Normal) (G1 Evacuation Pause) 755M->263M(850M) 9.460ms
[338.733s][info][gc,cpu      ] GC(534) User=0.02s Sys=0.00s Real=0.01s
[339.913s][info][gc,start    ] GC(535) Pause Young (Normal) (G1 Evacuation Pause)
[339.913s][info][gc,task     ] GC(535) Using 2 workers of 2 for evacuation
[339.922s][info][gc,phases   ] GC(535)   Pre Evacuate Collection Set: 0.27ms
[339.922s][info][gc,phases   ] GC(535)   Merge Heap Roots: 0.14ms
[339.922s][info][gc,phases   ] GC(535)   Evacuate Collection Set: 7.69ms
[339.922s][info][gc,phases   ] GC(535)   Post Evacuate Collection Set: 0.83ms
[339.922s][info][gc,phases   ] GC(535)   Other: 0.11ms
[339.922s][info][gc,heap     ] GC(535) Eden regions: 492->0(493)
[339.922s][info][gc,heap     ] GC(535) Survivor regions: 18->17(64)
[339.922s][info][gc,heap     ] GC(535) Old regions: 39->39
[339.922s][info][gc,heap     ] GC(535) Humongous regions: 207->207
[339.922s][info][gc,metaspace] GC(535) Metaspace: 57303K(57600K)->57303K(57600K) NonClass: 51683K(51904K)->51683K(51904K) Class: 5620K(5696K)->5620K(5696K)
[339.923s][info][gc          ] GC(535) Pause Young (Normal) (G1 Evacuation Pause) 755M->262M(850M) 9.212ms
[339.923s][info][gc,cpu      ] GC(535) User=0.02s Sys=0.00s Real=0.01s
[341.113s][info][gc,start    ] GC(536) Pause Young (Normal) (G1 Evacuation Pause)
[341.113s][info][gc,task     ] GC(536) Using 2 workers of 2 for evacuation
[341.122s][info][gc,phases   ] GC(536)   Pre Evacuate Collection Set: 0.27ms
[341.122s][info][gc,phases   ] GC(536)   Merge Heap Roots: 0.14ms
[341.122s][info][gc,phases   ] GC(536)   Evacuate Collection Set: 7.14ms
[341.122s][info][gc,phases   ] GC(536)   Post Evacuate Collection Set: 0.86ms
[341.122s][info][gc,phases   ] GC(536)   Other: 0.10ms
[341.122s][info][gc,heap     ] GC(536) Eden regions: 493->0(493)
[341.122s][info][gc,heap     ] GC(536) Survivor regions: 17->17(64)
[341.122s][info][gc,heap     ] GC(536) Old regions: 39->39
[341.122s][info][gc,heap     ] GC(536) Humongous regions: 207->207
[341.122s][info][gc,metaspace] GC(536) Metaspace: 57303K(57600K)->57303K(57600K) NonClass: 51683K(51904K)->51683K(51904K) Class: 5620K(5696K)->5620K(5696K)
[341.122s][info][gc          ] GC(536) Pause Young (Normal) (G1 Evacuation Pause) 755M->262M(850M) 8.688ms
[341.122s][info][gc,cpu      ] GC(536) User=0.02s Sys=0.00s Real=0.01s
[342.310s][info][gc,start    ] GC(537) Pause Young (Normal) (G1 Evacuation Pause)
[342.310s][info][gc,task     ] GC(537) Using 2 workers of 2 for evacuation
[342.318s][info][gc,phases   ] GC(537)   Pre Evacuate Collection Set: 0.26ms
[342.318s][info][gc,phases   ] GC(537)   Merge Heap Roots: 0.15ms
[342.318s][info][gc,phases   ] GC(537)   Evacuate Collection Set: 6.73ms
[342.318s][info][gc,phases   ] GC(537)   Post Evacuate Collection Set: 0.85ms
[342.318s][info][gc,phases   ] GC(537)   Other: 0.08ms
[342.318s][info][gc,heap     ] GC(537) Eden regions: 493->0(494)
[342.318s][info][gc,heap     ] GC(537) Survivor regions: 17->16(64)
[342.318s][info][gc,heap     ] GC(537) Old regions: 39->39
[342.318s][info][gc,heap     ] GC(537) Humongous regions: 207->207
[342.318s][info][gc,metaspace] GC(537) Metaspace: 57303K(57600K)->57303K(57600K) NonClass: 51683K(51904K)->51683K(51904K) Class: 5620K(5696K)->5620K(5696K)
[342.318s][info][gc          ] GC(537) Pause Young (Normal) (G1 Evacuation Pause) 755M->261M(850M) 8.248ms
[342.318s][info][gc,cpu      ] GC(537) User=0.02s Sys=0.00s Real=0.01s
[343.511s][info][gc,start    ] GC(538) Pause Young (Normal) (G1 Evacuation Pause)
[343.511s][info][gc,task     ] GC(538) Using 2 workers of 2 for evacuation
[343.519s][info][gc,phases   ] GC(538)   Pre Evacuate Collection Set: 0.27ms
[343.519s][info][gc,phases   ] GC(538)   Merge Heap Roots: 0.14ms
[343.519s][info][gc,phases   ] GC(538)   Evacuate Collection Set: 6.67ms
[343.519s][info][gc,phases   ] GC(538)   Post Evacuate Collection Set: 0.82ms
[343.519s][info][gc,phases   ] GC(538)   Other: 0.10ms
[343.519s][info][gc,heap     ] GC(538) Eden regions: 494->0(494)
[343.519s][info][gc,heap     ] GC(538) Survivor regions: 16->16(64)
[343.519s][info][gc,heap     ] GC(538) Old regions: 39->39
[343.519s][info][gc,heap     ] GC(538) Humongous regions: 207->207
[343.519s][info][gc,metaspace] GC(538) Metaspace: 57303K(57600K)->57303K(57600K) NonClass: 51683K(51904K)->51683K(51904K) Class: 5620K(5696K)->5620K(5696K)
[343.519s][info][gc          ] GC(538) Pause Young (Normal) (G1 Evacuation Pause) 755M->261M(850M) 8.203ms
[343.519s][info][gc,cpu      ] GC(538) User=0.02s Sys=0.00s Real=0.01s
[344.712s][info][gc,start    ] GC(539) Pause Young (Normal) (G1 Evacuation Pause)
[344.712s][info][gc,task     ] GC(539) Using 2 workers of 2 for evacuation
[344.720s][info][gc,phases   ] GC(539)   Pre Evacuate Collection Set: 0.27ms
[344.720s][info][gc,phases   ] GC(539)   Merge Heap Roots: 0.14ms
[344.720s][info][gc,phases   ] GC(539)   Evacuate Collection Set: 7.11ms
[344.720s][info][gc,phases   ] GC(539)   Post Evacuate Collection Set: 0.82ms
[344.720s][info][gc,phases   ] GC(539)   Other: 0.11ms
[344.721s][info][gc,heap     ] GC(539) Eden regions: 494->0(507)
[344.721s][info][gc,heap     ] GC(539) Survivor regions: 16->3(64)
[344.721s][info][gc,heap     ] GC(539) Old regions: 39->54
[344.721s][info][gc,heap     ] GC(539) Humongous regions: 207->207
[344.721s][info][gc,metaspace] GC(539) Metaspace: 57303K(57600K)->57303K(57600K) NonClass: 51683K(51904K)->51683K(51904K) Class: 5620K(5696K)->5620K(5696K)
[344.721s][info][gc          ] GC(539) Pause Young (Normal) (G1 Evacuation Pause) 755M->263M(850M) 8.635ms
[344.721s][info][gc,cpu      ] GC(539) User=0.01s Sys=0.00s Real=0.01s
[345.924s][info][gc,start    ] GC(540) Pause Young (Normal) (G1 Evacuation Pause)
[345.924s][info][gc,task     ] GC(540) Using 2 workers of 2 for evacuation
[345.930s][info][gc,phases   ] GC(540)   Pre Evacuate Collection Set: 0.28ms
[345.930s][info][gc,phases   ] GC(540)   Merge Heap Roots: 0.15ms
[345.930s][info][gc,phases   ] GC(540)   Evacuate Collection Set: 4.85ms
[345.930s][info][gc,phases   ] GC(540)   Post Evacuate Collection Set: 0.77ms
[345.930s][info][gc,phases   ] GC(540)   Other: 0.09ms
[345.930s][info][gc,heap     ] GC(540) Eden regions: 507->0(505)
[345.930s][info][gc,heap     ] GC(540) Survivor regions: 3->5(64)
[345.930s][info][gc,heap     ] GC(540) Old regions: 54->55
[345.930s][info][gc,heap     ] GC(540) Humongous regions: 207->207
[345.930s][info][gc,metaspace] GC(540) Metaspace: 57303K(57600K)->57303K(57600K) NonClass: 51683K(51904K)->51683K(51904K) Class: 5620K(5696K)->5620K(5696K)
[345.930s][info][gc          ] GC(540) Pause Young (Normal) (G1 Evacuation Pause) 770M->266M(850M) 6.327ms
[345.930s][info][gc,cpu      ] GC(540) User=0.01s Sys=0.00s Real=0.01s
[347.137s][info][gc,start    ] GC(541) Pause Young (Normal) (G1 Evacuation Pause)
[347.137s][info][gc,task     ] GC(541) Using 2 workers of 2 for evacuation
[347.144s][info][gc,phases   ] GC(541)   Pre Evacuate Collection Set: 0.27ms
[347.144s][info][gc,phases   ] GC(541)   Merge Heap Roots: 0.15ms
[347.144s][info][gc,phases   ] GC(541)   Evacuate Collection Set: 5.08ms
[347.144s][info][gc,phases   ] GC(541)   Post Evacuate Collection Set: 0.78ms
[347.144s][info][gc,phases   ] GC(541)   Other: 0.10ms
[347.144s][info][gc,heap     ] GC(541) Eden regions: 505->0(505)
[347.144s][info][gc,heap     ] GC(541) Survivor regions: 5->5(64)
[347.144s][info][gc,heap     ] GC(541) Old regions: 55->55
[347.144s][info][gc,heap     ] GC(541) Humongous regions: 207->207
[347.144s][info][gc,metaspace] GC(541) Metaspace: 57303K(57600K)->57303K(57600K) NonClass: 51683K(51904K)->51683K(51904K) Class: 5620K(5696K)->5620K(5696K)
[347.144s][info][gc          ] GC(541) Pause Young (Normal) (G1 Evacuation Pause) 770M->266M(850M) 6.560ms
[347.144s][info][gc,cpu      ] GC(541) User=0.01s Sys=0.00s Real=0.01s
[348.411s][info][gc,start    ] GC(542) Pause Young (Normal) (G1 Evacuation Pause)
[348.411s][info][gc,task     ] GC(542) Using 2 workers of 2 for evacuation
[348.416s][info][gc,phases   ] GC(542)   Pre Evacuate Collection Set: 0.44ms
[348.416s][info][gc,phases   ] GC(542)   Merge Heap Roots: 0.13ms
[348.416s][info][gc,phases   ] GC(542)   Evacuate Collection Set: 3.57ms
[348.416s][info][gc,phases   ] GC(542)   Post Evacuate Collection Set: 0.80ms
[348.416s][info][gc,phases   ] GC(542)   Other: 0.09ms
[348.416s][info][gc,heap     ] GC(542) Eden regions: 505->0(507)
[348.416s][info][gc,heap     ] GC(542) Survivor regions: 5->3(64)
[348.416s][info][gc,heap     ] GC(542) Old regions: 55->55
[348.416s][info][gc,heap     ] GC(542) Humongous regions: 207->207
[348.416s][info][gc,metaspace] GC(542) Metaspace: 57303K(57600K)->57303K(57600K) NonClass: 51683K(51904K)->51683K(51904K) Class: 5620K(5696K)->5620K(5696K)
[348.416s][info][gc          ] GC(542) Pause Young (Normal) (G1 Evacuation Pause) 771M->264M(850M) 5.192ms
[348.416s][info][gc,cpu      ] GC(542) User=0.01s Sys=0.00s Real=0.00s
[349.627s][info][gc,start    ] GC(543) Pause Young (Normal) (G1 Evacuation Pause)
[349.627s][info][gc,task     ] GC(543) Using 2 workers of 2 for evacuation
[349.633s][info][gc,phases   ] GC(543)   Pre Evacuate Collection Set: 0.27ms
[349.633s][info][gc,phases   ] GC(543)   Merge Heap Roots: 0.15ms
[349.633s][info][gc,phases   ] GC(543)   Evacuate Collection Set: 4.24ms
[349.633s][info][gc,phases   ] GC(543)   Post Evacuate Collection Set: 0.76ms
[349.633s][info][gc,phases   ] GC(543)   Other: 0.10ms
[349.633s][info][gc,heap     ] GC(543) Eden regions: 507->0(505)
[349.633s][info][gc,heap     ] GC(543) Survivor regions: 3->5(64)
[349.633s][info][gc,heap     ] GC(543) Old regions: 55->55
[349.633s][info][gc,heap     ] GC(543) Humongous regions: 207->207
[349.633s][info][gc,metaspace] GC(543) Metaspace: 57303K(57600K)->57303K(57600K) NonClass: 51683K(51904K)->51683K(51904K) Class: 5620K(5696K)->5620K(5696K)
[349.633s][info][gc          ] GC(543) Pause Young (Normal) (G1 Evacuation Pause) 771M->265M(850M) 5.722ms
[349.633s][info][gc,cpu      ] GC(543) User=0.01s Sys=0.00s Real=0.01s
[350.833s][info][gc,start    ] GC(544) Pause Young (Normal) (G1 Evacuation Pause)
[350.833s][info][gc,task     ] GC(544) Using 2 workers of 2 for evacuation
[350.841s][info][gc,phases   ] GC(544)   Pre Evacuate Collection Set: 0.44ms
[350.841s][info][gc,phases   ] GC(544)   Merge Heap Roots: 0.15ms
[350.841s][info][gc,phases   ] GC(544)   Evacuate Collection Set: 6.02ms
[350.841s][info][gc,phases   ] GC(544)   Post Evacuate Collection Set: 0.78ms
[350.841s][info][gc,phases   ] GC(544)   Other: 0.08ms
[350.841s][info][gc,heap     ] GC(544) Eden regions: 505->0(505)
[350.841s][info][gc,heap     ] GC(544) Survivor regions: 5->5(64)
[350.841s][info][gc,heap     ] GC(544) Old regions: 55->55
[350.841s][info][gc,heap     ] GC(544) Humongous regions: 207->207
[350.841s][info][gc,metaspace] GC(544) Metaspace: 57303K(57600K)->57303K(57600K) NonClass: 51683K(51904K)->51683K(51904K) Class: 5620K(5696K)->5620K(5696K)
[350.841s][info][gc          ] GC(544) Pause Young (Normal) (G1 Evacuation Pause) 770M->266M(850M) 7.665ms
[350.841s][info][gc,cpu      ] GC(544) User=0.01s Sys=0.00s Real=0.01s
[352.046s][info][gc,start    ] GC(545) Pause Young (Normal) (G1 Evacuation Pause)
[352.046s][info][gc,task     ] GC(545) Using 2 workers of 2 for evacuation
[352.052s][info][gc,phases   ] GC(545)   Pre Evacuate Collection Set: 0.33ms
[352.052s][info][gc,phases   ] GC(545)   Merge Heap Roots: 0.16ms
[352.052s][info][gc,phases   ] GC(545)   Evacuate Collection Set: 4.41ms
[352.052s][info][gc,phases   ] GC(545)   Post Evacuate Collection Set: 0.79ms
[352.052s][info][gc,phases   ] GC(545)   Other: 0.10ms
[352.052s][info][gc,heap     ] GC(545) Eden regions: 505->0(506)
[352.052s][info][gc,heap     ] GC(545) Survivor regions: 5->4(64)
[352.052s][info][gc,heap     ] GC(545) Old regions: 55->55
[352.052s][info][gc,heap     ] GC(545) Humongous regions: 207->207
[352.052s][info][gc,metaspace] GC(545) Metaspace: 57303K(57600K)->57303K(57600K) NonClass: 51683K(51904K)->51683K(51904K) Class: 5620K(5696K)->5620K(5696K)
[352.052s][info][gc          ] GC(545) Pause Young (Normal) (G1 Evacuation Pause) 771M->265M(850M) 5.974ms
[352.052s][info][gc,cpu      ] GC(545) User=0.01s Sys=0.00s Real=0.01s
[353.310s][info][gc,start    ] GC(546) Pause Young (Normal) (G1 Evacuation Pause)
[353.311s][info][gc,task     ] GC(546) Using 2 workers of 2 for evacuation
[353.315s][info][gc,phases   ] GC(546)   Pre Evacuate Collection Set: 0.26ms
[353.315s][info][gc,phases   ] GC(546)   Merge Heap Roots: 0.15ms
[353.315s][info][gc,phases   ] GC(546)   Evacuate Collection Set: 3.03ms
[353.315s][info][gc,phases   ] GC(546)   Post Evacuate Collection Set: 0.75ms
[353.315s][info][gc,phases   ] GC(546)   Other: 0.08ms
[353.315s][info][gc,heap     ] GC(546) Eden regions: 506->0(507)
[353.315s][info][gc,heap     ] GC(546) Survivor regions: 4->3(64)
[353.315s][info][gc,heap     ] GC(546) Old regions: 55->55
[353.315s][info][gc,heap     ] GC(546) Humongous regions: 207->207
[353.315s][info][gc,metaspace] GC(546) Metaspace: 57303K(57600K)->57303K(57600K) NonClass: 51683K(51904K)->51683K(51904K) Class: 5620K(5696K)->5620K(5696K)
[353.315s][info][gc          ] GC(546) Pause Young (Normal) (G1 Evacuation Pause) 771M->264M(850M) 4.463ms
[353.315s][info][gc,cpu      ] GC(546) User=0.01s Sys=0.00s Real=0.00s
[354.522s][info][gc,start    ] GC(547) Pause Young (Normal) (G1 Evacuation Pause)
[354.522s][info][gc,task     ] GC(547) Using 2 workers of 2 for evacuation
[354.528s][info][gc,phases   ] GC(547)   Pre Evacuate Collection Set: 0.28ms
[354.528s][info][gc,phases   ] GC(547)   Merge Heap Roots: 0.14ms
[354.528s][info][gc,phases   ] GC(547)   Evacuate Collection Set: 4.61ms
[354.528s][info][gc,phases   ] GC(547)   Post Evacuate Collection Set: 0.78ms
[354.528s][info][gc,phases   ] GC(547)   Other: 0.09ms
[354.528s][info][gc,heap     ] GC(547) Eden regions: 507->0(505)
[354.528s][info][gc,heap     ] GC(547) Survivor regions: 3->5(64)
[354.528s][info][gc,heap     ] GC(547) Old regions: 55->55
[354.528s][info][gc,heap     ] GC(547) Humongous regions: 207->207
[354.528s][info][gc,metaspace] GC(547) Metaspace: 57303K(57600K)->57303K(57600K) NonClass: 51683K(51904K)->51683K(51904K) Class: 5620K(5696K)->5620K(5696K)
[354.528s][info][gc          ] GC(547) Pause Young (Normal) (G1 Evacuation Pause) 771M->266M(850M) 6.054ms
[354.528s][info][gc,cpu      ] GC(547) User=0.01s Sys=0.00s Real=0.01s
[355.743s][info][gc,start    ] GC(548) Pause Young (Normal) (G1 Evacuation Pause)
[355.743s][info][gc,task     ] GC(548) Using 2 workers of 2 for evacuation
[355.749s][info][gc,phases   ] GC(548)   Pre Evacuate Collection Set: 0.29ms
[355.749s][info][gc,phases   ] GC(548)   Merge Heap Roots: 0.15ms
[355.749s][info][gc,phases   ] GC(548)   Evacuate Collection Set: 5.06ms
[355.749s][info][gc,phases   ] GC(548)   Post Evacuate Collection Set: 0.76ms
[355.749s][info][gc,phases   ] GC(548)   Other: 0.09ms
[355.749s][info][gc,heap     ] GC(548) Eden regions: 505->0(505)
[355.749s][info][gc,heap     ] GC(548) Survivor regions: 5->5(64)
[355.749s][info][gc,heap     ] GC(548) Old regions: 55->55
[355.749s][info][gc,heap     ] GC(548) Humongous regions: 207->207
[355.749s][info][gc,metaspace] GC(548) Metaspace: 57303K(57600K)->57303K(57600K) NonClass: 51683K(51904K)->51683K(51904K) Class: 5620K(5696K)->5620K(5696K)
[355.749s][info][gc          ] GC(548) Pause Young (Normal) (G1 Evacuation Pause) 771M->266M(850M) 6.530ms
[355.749s][info][gc,cpu      ] GC(548) User=0.01s Sys=0.00s Real=0.01s
[357.008s][info][gc,start    ] GC(549) Pause Young (Normal) (G1 Evacuation Pause)
[357.008s][info][gc,task     ] GC(549) Using 2 workers of 2 for evacuation
[357.012s][info][gc,phases   ] GC(549)   Pre Evacuate Collection Set: 0.27ms
[357.012s][info][gc,phases   ] GC(549)   Merge Heap Roots: 0.14ms
[357.012s][info][gc,phases   ] GC(549)   Evacuate Collection Set: 2.62ms
[357.012s][info][gc,phases   ] GC(549)   Post Evacuate Collection Set: 0.76ms
[357.012s][info][gc,phases   ] GC(549)   Other: 0.08ms
[357.012s][info][gc,heap     ] GC(549) Eden regions: 505->0(507)
[357.012s][info][gc,heap     ] GC(549) Survivor regions: 5->3(64)
[357.012s][info][gc,heap     ] GC(549) Old regions: 55->55
[357.012s][info][gc,heap     ] GC(549) Humongous regions: 207->207
[357.012s][info][gc,metaspace] GC(549) Metaspace: 57303K(57600K)->57303K(57600K) NonClass: 51683K(51904K)->51683K(51904K) Class: 5620K(5696K)->5620K(5696K)
[357.012s][info][gc          ] GC(549) Pause Young (Normal) (G1 Evacuation Pause) 771M->263M(850M) 4.055ms
[357.012s][info][gc,cpu      ] GC(549) User=0.01s Sys=0.00s Real=0.00s
[358.230s][info][gc,start    ] GC(550) Pause Young (Normal) (G1 Evacuation Pause)
[358.230s][info][gc,task     ] GC(550) Using 2 workers of 2 for evacuation
[358.236s][info][gc,phases   ] GC(550)   Pre Evacuate Collection Set: 0.28ms
[358.236s][info][gc,phases   ] GC(550)   Merge Heap Roots: 0.14ms
[358.236s][info][gc,phases   ] GC(550)   Evacuate Collection Set: 4.97ms
[358.236s][info][gc,phases   ] GC(550)   Post Evacuate Collection Set: 0.76ms
[358.236s][info][gc,phases   ] GC(550)   Other: 0.10ms
[358.236s][info][gc,heap     ] GC(550) Eden regions: 507->0(504)
[358.236s][info][gc,heap     ] GC(550) Survivor regions: 3->6(64)
[358.236s][info][gc,heap     ] GC(550) Old regions: 55->55
[358.236s][info][gc,heap     ] GC(550) Humongous regions: 207->207
[358.236s][info][gc,metaspace] GC(550) Metaspace: 57303K(57600K)->57303K(57600K) NonClass: 51683K(51904K)->51683K(51904K) Class: 5620K(5696K)->5620K(5696K)
[358.236s][info][gc          ] GC(550) Pause Young (Normal) (G1 Evacuation Pause) 770M->266M(850M) 6.417ms
[358.236s][info][gc,cpu      ] GC(550) User=0.01s Sys=0.00s Real=0.00s
[359.433s][info][gc,start    ] GC(551) Pause Young (Normal) (G1 Evacuation Pause)
[359.434s][info][gc,task     ] GC(551) Using 2 workers of 2 for evacuation
[359.440s][info][gc,phases   ] GC(551)   Pre Evacuate Collection Set: 0.26ms
[359.440s][info][gc,phases   ] GC(551)   Merge Heap Roots: 0.17ms
[359.440s][info][gc,phases   ] GC(551)   Evacuate Collection Set: 5.60ms
[359.440s][info][gc,phases   ] GC(551)   Post Evacuate Collection Set: 0.77ms
[359.440s][info][gc,phases   ] GC(551)   Other: 0.10ms
[359.441s][info][gc,heap     ] GC(551) Eden regions: 504->0(505)
[359.441s][info][gc,heap     ] GC(551) Survivor regions: 6->5(64)
[359.441s][info][gc,heap     ] GC(551) Old regions: 55->55
[359.441s][info][gc,heap     ] GC(551) Humongous regions: 207->207
[359.441s][info][gc,metaspace] GC(551) Metaspace: 57303K(57600K)->57303K(57600K) NonClass: 51683K(51904K)->51683K(51904K) Class: 5620K(5696K)->5620K(5696K)
[359.441s][info][gc          ] GC(551) Pause Young (Normal) (G1 Evacuation Pause) 770M->266M(850M) 7.062ms
[359.441s][info][gc,cpu      ] GC(551) User=0.01s Sys=0.00s Real=0.01s
[360.647s][info][gc,start    ] GC(552) Pause Young (Normal) (G1 Evacuation Pause)
[360.647s][info][gc,task     ] GC(552) Using 2 workers of 2 for evacuation
[360.652s][info][gc,phases   ] GC(552)   Pre Evacuate Collection Set: 0.29ms
[360.652s][info][gc,phases   ] GC(552)   Merge Heap Roots: 0.15ms
[360.652s][info][gc,phases   ] GC(552)   Evacuate Collection Set: 4.10ms
[360.652s][info][gc,phases   ] GC(552)   Post Evacuate Collection Set: 0.76ms
[360.652s][info][gc,phases   ] GC(552)   Other: 0.08ms
[360.652s][info][gc,heap     ] GC(552) Eden regions: 505->0(506)
[360.652s][info][gc,heap     ] GC(552) Survivor regions: 5->4(64)
[360.652s][info][gc,heap     ] GC(552) Old regions: 55->55
[360.652s][info][gc,heap     ] GC(552) Humongous regions: 207->207
[360.652s][info][gc,metaspace] GC(552) Metaspace: 57303K(57600K)->57303K(57600K) NonClass: 51683K(51904K)->51683K(51904K) Class: 5620K(5696K)->5620K(5696K)
[360.652s][info][gc          ] GC(552) Pause Young (Normal) (G1 Evacuation Pause) 771M->265M(850M) 5.539ms
[360.652s][info][gc,cpu      ] GC(552) User=0.01s Sys=0.00s Real=0.01s
[361.918s][info][gc,start    ] GC(553) Pause Young (Normal) (G1 Evacuation Pause)
[361.918s][info][gc,task     ] GC(553) Using 2 workers of 2 for evacuation
[361.939s][info][gc,phases   ] GC(553)   Pre Evacuate Collection Set: 0.45ms
[361.939s][info][gc,phases   ] GC(553)   Merge Heap Roots: 0.13ms
[361.939s][info][gc,phases   ] GC(553)   Evacuate Collection Set: 17.88ms
[361.939s][info][gc,phases   ] GC(553)   Post Evacuate Collection Set: 2.42ms
[361.939s][info][gc,phases   ] GC(553)   Other: 0.15ms
[361.939s][info][gc,heap     ] GC(553) Eden regions: 506->0(507)
[361.939s][info][gc,heap     ] GC(553) Survivor regions: 4->3(64)
[361.939s][info][gc,heap     ] GC(553) Old regions: 55->55
[361.939s][info][gc,heap     ] GC(553) Humongous regions: 207->207
[361.939s][info][gc,metaspace] GC(553) Metaspace: 57303K(57600K)->57303K(57600K) NonClass: 51683K(51904K)->51683K(51904K) Class: 5620K(5696K)->5620K(5696K)
[361.939s][info][gc          ] GC(553) Pause Young (Normal) (G1 Evacuation Pause) 771M->263M(850M) 21.280ms
[361.939s][info][gc,cpu      ] GC(553) User=0.02s Sys=0.00s Real=0.03s
[363.175s][info][gc,start    ] GC(554) Pause Young (Normal) (G1 Evacuation Pause)
[363.175s][info][gc,task     ] GC(554) Using 2 workers of 2 for evacuation
[363.180s][info][gc,phases   ] GC(554)   Pre Evacuate Collection Set: 0.47ms
[363.180s][info][gc,phases   ] GC(554)   Merge Heap Roots: 0.14ms
[363.180s][info][gc,phases   ] GC(554)   Evacuate Collection Set: 4.02ms
[363.180s][info][gc,phases   ] GC(554)   Post Evacuate Collection Set: 0.80ms
[363.180s][info][gc,phases   ] GC(554)   Other: 0.10ms
[363.180s][info][gc,heap     ] GC(554) Eden regions: 507->0(508)
[363.180s][info][gc,heap     ] GC(554) Survivor regions: 3->2(64)
[363.180s][info][gc,heap     ] GC(554) Old regions: 55->57
[363.180s][info][gc,heap     ] GC(554) Humongous regions: 207->207
[363.180s][info][gc,metaspace] GC(554) Metaspace: 57303K(57600K)->57303K(57600K) NonClass: 51683K(51904K)->51683K(51904K) Class: 5620K(5696K)->5620K(5696K)
[363.180s][info][gc          ] GC(554) Pause Young (Normal) (G1 Evacuation Pause) 770M->264M(850M) 5.699ms
[363.180s][info][gc,cpu      ] GC(554) User=0.01s Sys=0.00s Real=0.01s
[364.343s][info][gc,start    ] GC(555) Pause Young (Normal) (G1 Evacuation Pause)
[364.343s][info][gc,task     ] GC(555) Using 2 workers of 2 for evacuation
[364.349s][info][gc,phases   ] GC(555)   Pre Evacuate Collection Set: 0.27ms
[364.349s][info][gc,phases   ] GC(555)   Merge Heap Roots: 0.14ms
[364.349s][info][gc,phases   ] GC(555)   Evacuate Collection Set: 5.00ms
[364.349s][info][gc,phases   ] GC(555)   Post Evacuate Collection Set: 0.74ms
[364.349s][info][gc,phases   ] GC(555)   Other: 0.10ms
[364.349s][info][gc,heap     ] GC(555) Eden regions: 508->0(507)
[364.349s][info][gc,heap     ] GC(555) Survivor regions: 2->3(64)
[364.349s][info][gc,heap     ] GC(555) Old regions: 57->57
[364.349s][info][gc,heap     ] GC(555) Humongous regions: 207->207
[364.349s][info][gc,metaspace] GC(555) Metaspace: 57303K(57600K)->57303K(57600K) NonClass: 51683K(51904K)->51683K(51904K) Class: 5620K(5696K)->5620K(5696K)
[364.349s][info][gc          ] GC(555) Pause Young (Normal) (G1 Evacuation Pause) 772M->266M(850M) 6.417ms
[364.349s][info][gc,cpu      ] GC(555) User=0.02s Sys=0.00s Real=0.01s
[365.550s][info][gc,start    ] GC(556) Pause Young (Normal) (G1 Evacuation Pause)
[365.550s][info][gc,task     ] GC(556) Using 2 workers of 2 for evacuation
[365.554s][info][gc,phases   ] GC(556)   Pre Evacuate Collection Set: 0.27ms
[365.554s][info][gc,phases   ] GC(556)   Merge Heap Roots: 0.15ms
[365.554s][info][gc,phases   ] GC(556)   Evacuate Collection Set: 2.43ms
[365.554s][info][gc,phases   ] GC(556)   Post Evacuate Collection Set: 0.75ms
[365.554s][info][gc,phases   ] GC(556)   Other: 0.10ms
[365.554s][info][gc,heap     ] GC(556) Eden regions: 507->0(509)
[365.554s][info][gc,heap     ] GC(556) Survivor regions: 3->1(64)
[365.554s][info][gc,heap     ] GC(556) Old regions: 57->57
[365.554s][info][gc,heap     ] GC(556) Humongous regions: 207->207
[365.554s][info][gc,metaspace] GC(556) Metaspace: 57303K(57600K)->57303K(57600K) NonClass: 51683K(51904K)->51683K(51904K) Class: 5620K(5696K)->5620K(5696K)
[365.554s][info][gc          ] GC(556) Pause Young (Normal) (G1 Evacuation Pause) 773M->263M(850M) 3.877ms
[365.554s][info][gc,cpu      ] GC(556) User=0.01s Sys=0.00s Real=0.00s
[366.818s][info][gc,start    ] GC(557) Pause Young (Normal) (G1 Evacuation Pause)
[366.818s][info][gc,task     ] GC(557) Using 2 workers of 2 for evacuation
[366.823s][info][gc,phases   ] GC(557)   Pre Evacuate Collection Set: 0.27ms
[366.823s][info][gc,phases   ] GC(557)   Merge Heap Roots: 0.14ms
[366.823s][info][gc,phases   ] GC(557)   Evacuate Collection Set: 3.72ms
[366.823s][info][gc,phases   ] GC(557)   Post Evacuate Collection Set: 0.76ms
[366.823s][info][gc,phases   ] GC(557)   Other: 0.08ms
[366.823s][info][gc,heap     ] GC(557) Eden regions: 509->0(508)
[366.823s][info][gc,heap     ] GC(557) Survivor regions: 1->2(64)
[366.823s][info][gc,heap     ] GC(557) Old regions: 57->57
[366.823s][info][gc,heap     ] GC(557) Humongous regions: 207->207
[366.823s][info][gc,metaspace] GC(557) Metaspace: 57303K(57600K)->57303K(57600K) NonClass: 51683K(51904K)->51683K(51904K) Class: 5620K(5696K)->5620K(5696K)
[366.823s][info][gc          ] GC(557) Pause Young (Normal) (G1 Evacuation Pause) 772M->265M(850M) 5.155ms
[366.823s][info][gc,cpu      ] GC(557) User=0.01s Sys=0.00s Real=0.00s
[368.026s][info][gc,start    ] GC(558) Pause Young (Normal) (G1 Evacuation Pause)
[368.026s][info][gc,task     ] GC(558) Using 2 workers of 2 for evacuation
[368.034s][info][gc,phases   ] GC(558)   Pre Evacuate Collection Set: 0.45ms
[368.034s][info][gc,phases   ] GC(558)   Merge Heap Roots: 0.16ms
[368.034s][info][gc,phases   ] GC(558)   Evacuate Collection Set: 6.00ms
[368.034s][info][gc,phases   ] GC(558)   Post Evacuate Collection Set: 0.82ms
[368.034s][info][gc,phases   ] GC(558)   Other: 0.11ms
[368.034s][info][gc,heap     ] GC(558) Eden regions: 508->0(501)
[368.034s][info][gc,heap     ] GC(558) Survivor regions: 2->9(64)
[368.034s][info][gc,heap     ] GC(558) Old regions: 57->57
[368.034s][info][gc,heap     ] GC(558) Humongous regions: 207->207
[368.034s][info][gc,metaspace] GC(558) Metaspace: 57303K(57600K)->57303K(57600K) NonClass: 51683K(51904K)->51683K(51904K) Class: 5620K(5696K)->5620K(5696K)
[368.034s][info][gc          ] GC(558) Pause Young (Normal) (G1 Evacuation Pause) 773M->271M(850M) 7.733ms
[368.034s][info][gc,cpu      ] GC(558) User=0.01s Sys=0.00s Real=0.01s
[369.234s][info][gc,start    ] GC(559) Pause Young (Normal) (G1 Evacuation Pause)
[369.235s][info][gc,task     ] GC(559) Using 2 workers of 2 for evacuation
[369.242s][info][gc,phases   ] GC(559)   Pre Evacuate Collection Set: 0.27ms
[369.242s][info][gc,phases   ] GC(559)   Merge Heap Roots: 0.17ms
[369.242s][info][gc,phases   ] GC(559)   Evacuate Collection Set: 6.16ms
[369.242s][info][gc,phases   ] GC(559)   Post Evacuate Collection Set: 0.78ms
[369.242s][info][gc,phases   ] GC(559)   Other: 0.12ms
[369.242s][info][gc,heap     ] GC(559) Eden regions: 501->0(500)
[369.242s][info][gc,heap     ] GC(559) Survivor regions: 9->10(64)
[369.242s][info][gc,heap     ] GC(559) Old regions: 57->57
[369.242s][info][gc,heap     ] GC(559) Humongous regions: 207->207
[369.242s][info][gc,metaspace] GC(559) Metaspace: 57307K(57664K)->57307K(57664K) NonClass: 51686K(51968K)->51686K(51968K) Class: 5620K(5696K)->5620K(5696K)
[369.242s][info][gc          ] GC(559) Pause Young (Normal) (G1 Evacuation Pause) 772M->272M(850M) 7.672ms
[369.242s][info][gc,cpu      ] GC(559) User=0.02s Sys=0.00s Real=0.01s
[370.439s][info][gc,start    ] GC(560) Pause Young (Normal) (G1 Evacuation Pause)
[370.439s][info][gc,task     ] GC(560) Using 2 workers of 2 for evacuation
[370.445s][info][gc,phases   ] GC(560)   Pre Evacuate Collection Set: 0.26ms
[370.445s][info][gc,phases   ] GC(560)   Merge Heap Roots: 0.15ms
[370.445s][info][gc,phases   ] GC(560)   Evacuate Collection Set: 4.96ms
[370.445s][info][gc,phases   ] GC(560)   Post Evacuate Collection Set: 0.77ms
[370.445s][info][gc,phases   ] GC(560)   Other: 0.09ms
[370.445s][info][gc,heap     ] GC(560) Eden regions: 500->0(502)
[370.445s][info][gc,heap     ] GC(560) Survivor regions: 10->8(64)
[370.445s][info][gc,heap     ] GC(560) Old regions: 57->57
[370.445s][info][gc,heap     ] GC(560) Humongous regions: 207->207
[370.445s][info][gc,metaspace] GC(560) Metaspace: 57307K(57664K)->57307K(57664K) NonClass: 51686K(51968K)->51686K(51968K) Class: 5620K(5696K)->5620K(5696K)
[370.446s][info][gc          ] GC(560) Pause Young (Normal) (G1 Evacuation Pause) 772M->271M(850M) 6.415ms
[370.446s][info][gc,cpu      ] GC(560) User=0.01s Sys=0.00s Real=0.00s
[371.644s][info][gc,start    ] GC(561) Pause Young (Normal) (G1 Evacuation Pause)
[371.644s][info][gc,task     ] GC(561) Using 2 workers of 2 for evacuation
[371.650s][info][gc,phases   ] GC(561)   Pre Evacuate Collection Set: 0.30ms
[371.650s][info][gc,phases   ] GC(561)   Merge Heap Roots: 0.15ms
[371.650s][info][gc,phases   ] GC(561)   Evacuate Collection Set: 4.93ms
[371.650s][info][gc,phases   ] GC(561)   Post Evacuate Collection Set: 0.82ms
[371.650s][info][gc,phases   ] GC(561)   Other: 0.11ms
[371.650s][info][gc,heap     ] GC(561) Eden regions: 502->0(501)
[371.650s][info][gc,heap     ] GC(561) Survivor regions: 8->9(64)
[371.650s][info][gc,heap     ] GC(561) Old regions: 57->57
[371.650s][info][gc,heap     ] GC(561) Humongous regions: 207->207
[371.650s][info][gc,metaspace] GC(561) Metaspace: 57307K(57664K)->57307K(57664K) NonClass: 51686K(51968K)->51686K(51968K) Class: 5620K(5696K)->5620K(5696K)
[371.650s][info][gc          ] GC(561) Pause Young (Normal) (G1 Evacuation Pause) 773M->271M(850M) 6.481ms
[371.650s][info][gc,cpu      ] GC(561) User=0.01s Sys=0.00s Real=0.01s
[372.854s][info][gc,start    ] GC(562) Pause Young (Normal) (G1 Evacuation Pause)
[372.854s][info][gc,task     ] GC(562) Using 2 workers of 2 for evacuation
[372.859s][info][gc,phases   ] GC(562)   Pre Evacuate Collection Set: 0.27ms
[372.859s][info][gc,phases   ] GC(562)   Merge Heap Roots: 0.16ms
[372.859s][info][gc,phases   ] GC(562)   Evacuate Collection Set: 3.62ms
[372.859s][info][gc,phases   ] GC(562)   Post Evacuate Collection Set: 0.77ms
[372.859s][info][gc,phases   ] GC(562)   Other: 0.10ms
[372.859s][info][gc,heap     ] GC(562) Eden regions: 501->0(503)
[372.859s][info][gc,heap     ] GC(562) Survivor regions: 9->7(64)
[372.859s][info][gc,heap     ] GC(562) Old regions: 57->57
[372.859s][info][gc,heap     ] GC(562) Humongous regions: 207->207
[372.859s][info][gc,metaspace] GC(562) Metaspace: 57307K(57664K)->57307K(57664K) NonClass: 51686K(51968K)->51686K(51968K) Class: 5620K(5696K)->5620K(5696K)
[372.859s][info][gc          ] GC(562) Pause Young (Normal) (G1 Evacuation Pause) 772M->270M(850M) 5.098ms
[372.859s][info][gc,cpu      ] GC(562) User=0.01s Sys=0.00s Real=0.01s
[374.110s][info][gc,start    ] GC(563) Pause Young (Normal) (G1 Evacuation Pause)
[374.110s][info][gc,task     ] GC(563) Using 2 workers of 2 for evacuation
[374.114s][info][gc,phases   ] GC(563)   Pre Evacuate Collection Set: 0.26ms
[374.114s][info][gc,phases   ] GC(563)   Merge Heap Roots: 0.17ms
[374.114s][info][gc,phases   ] GC(563)   Evacuate Collection Set: 3.55ms
[374.114s][info][gc,phases   ] GC(563)   Post Evacuate Collection Set: 0.78ms
[374.114s][info][gc,phases   ] GC(563)   Other: 0.10ms
[374.115s][info][gc,heap     ] GC(563) Eden regions: 503->0(502)
[374.115s][info][gc,heap     ] GC(563) Survivor regions: 7->8(64)
[374.115s][info][gc,heap     ] GC(563) Old regions: 57->57
[374.115s][info][gc,heap     ] GC(563) Humongous regions: 207->207
[374.115s][info][gc,metaspace] GC(563) Metaspace: 57307K(57664K)->57307K(57664K) NonClass: 51686K(51968K)->51686K(51968K) Class: 5620K(5696K)->5620K(5696K)
[374.115s][info][gc          ] GC(563) Pause Young (Normal) (G1 Evacuation Pause) 773M->270M(850M) 5.031ms
[374.115s][info][gc,cpu      ] GC(563) User=0.01s Sys=0.00s Real=0.00s
[375.318s][info][gc,start    ] GC(564) Pause Young (Normal) (G1 Evacuation Pause)
[375.318s][info][gc,task     ] GC(564) Using 2 workers of 2 for evacuation
[375.324s][info][gc,phases   ] GC(564)   Pre Evacuate Collection Set: 0.26ms
[375.324s][info][gc,phases   ] GC(564)   Merge Heap Roots: 0.15ms
[375.324s][info][gc,phases   ] GC(564)   Evacuate Collection Set: 4.87ms
[375.324s][info][gc,phases   ] GC(564)   Post Evacuate Collection Set: 0.79ms
[375.324s][info][gc,phases   ] GC(564)   Other: 0.09ms
[375.324s][info][gc,heap     ] GC(564) Eden regions: 502->0(501)
[375.324s][info][gc,heap     ] GC(564) Survivor regions: 8->9(64)
[375.324s][info][gc,heap     ] GC(564) Old regions: 57->57
[375.324s][info][gc,heap     ] GC(564) Humongous regions: 207->207
[375.324s][info][gc,metaspace] GC(564) Metaspace: 57307K(57664K)->57307K(57664K) NonClass: 51686K(51968K)->51686K(51968K) Class: 5620K(5696K)->5620K(5696K)
[375.324s][info][gc          ] GC(564) Pause Young (Normal) (G1 Evacuation Pause) 772M->271M(850M) 6.357ms
[375.324s][info][gc,cpu      ] GC(564) User=0.02s Sys=0.00s Real=0.00s
[375.863s][info][gc,start    ] GC(565) Pause Young (Concurrent Start) (G1 Humongous Allocation)
[375.863s][info][gc,task     ] GC(565) Using 2 workers of 2 for evacuation
[375.867s][info][gc,phases   ] GC(565)   Pre Evacuate Collection Set: 0.31ms
[375.867s][info][gc,phases   ] GC(565)   Merge Heap Roots: 0.12ms
[375.867s][info][gc,phases   ] GC(565)   Evacuate Collection Set: 3.14ms
[375.867s][info][gc,phases   ] GC(565)   Post Evacuate Collection Set: 0.54ms
[375.867s][info][gc,phases   ] GC(565)   Other: 0.12ms
[375.867s][info][gc,heap     ] GC(565) Eden regions: 240->0(503)
[375.867s][info][gc,heap     ] GC(565) Survivor regions: 9->7(64)
[375.867s][info][gc,heap     ] GC(565) Old regions: 57->57
[375.867s][info][gc,heap     ] GC(565) Humongous regions: 207->207
[375.867s][info][gc,metaspace] GC(565) Metaspace: 57313K(57664K)->57313K(57664K) NonClass: 51693K(51968K)->51693K(51968K) Class: 5620K(5696K)->5620K(5696K)
[375.867s][info][gc          ] GC(565) Pause Young (Concurrent Start) (G1 Humongous Allocation) 511M->269M(850M) 4.410ms
[375.867s][info][gc          ] GC(566) Concurrent Undo Cycle
[375.867s][info][gc,marking  ] GC(566) Concurrent Clear Claimed Marks
[375.867s][info][gc,cpu      ] GC(565) User=0.01s Sys=0.00s Real=0.00s
[375.867s][info][gc,marking  ] GC(566) Concurrent Clear Claimed Marks 0.084ms
[375.867s][info][gc,marking  ] GC(566) Concurrent Cleanup for Next Mark
[375.867s][info][gc,marking  ] GC(566) Concurrent Cleanup for Next Mark 0.216ms
[375.867s][info][gc          ] GC(566) Concurrent Undo Cycle 0.369ms
[376.000s][info][gc,start    ] GC(567) Pause Young (Concurrent Start) (G1 Humongous Allocation)
[376.000s][info][gc,task     ] GC(567) Using 2 workers of 2 for evacuation
[376.003s][info][gc,phases   ] GC(567)   Pre Evacuate Collection Set: 0.31ms
[376.004s][info][gc,phases   ] GC(567)   Merge Heap Roots: 0.07ms
[376.004s][info][gc,phases   ] GC(567)   Evacuate Collection Set: 2.85ms
[376.004s][info][gc,phases   ] GC(567)   Post Evacuate Collection Set: 0.38ms
[376.004s][info][gc,phases   ] GC(567)   Other: 0.18ms
[376.004s][info][gc,heap     ] GC(567) Eden regions: 2->0(490)
[376.004s][info][gc,heap     ] GC(567) Survivor regions: 7->7(64)
[376.004s][info][gc,heap     ] GC(567) Old regions: 57->57
[376.004s][info][gc,heap     ] GC(567) Humongous regions: 246->246
[376.004s][info][gc,metaspace] GC(567) Metaspace: 57313K(57664K)->57313K(57664K) NonClass: 51693K(51968K)->51693K(51968K) Class: 5620K(5696K)->5620K(5696K)
[376.004s][info][gc          ] GC(567) Pause Young (Concurrent Start) (G1 Humongous Allocation) 310M->308M(850M) 3.973ms
[376.004s][info][gc,cpu      ] GC(567) User=0.01s Sys=0.00s Real=0.00s
[376.004s][info][gc          ] GC(568) Concurrent Mark Cycle
[376.004s][info][gc,marking  ] GC(568) Concurrent Scan Root Regions
[376.005s][info][gc,marking  ] GC(568) Concurrent Scan Root Regions 1.694ms
[376.005s][info][gc,marking  ] GC(568) Concurrent Mark
[376.005s][info][gc,marking  ] GC(568) Concurrent Mark From Roots
[376.005s][info][gc,task     ] GC(568) Using 1 workers of 1 for marking
[376.047s][info][gc,marking  ] GC(568) Concurrent Mark From Roots 41.409ms
[376.047s][info][gc,marking  ] GC(568) Concurrent Preclean
[376.047s][info][gc,marking  ] GC(568) Concurrent Preclean 0.069ms
[376.047s][info][gc,start    ] GC(568) Pause Remark
[376.057s][info][gc          ] GC(568) Pause Remark 348M->342M(850M) 9.705ms
[376.057s][info][gc,cpu      ] GC(568) User=0.02s Sys=0.00s Real=0.01s
[376.058s][info][gc,marking  ] GC(568) Concurrent Mark 52.544ms
[376.058s][info][gc,marking  ] GC(568) Concurrent Rebuild Remembered Sets and Scrub Regions
[376.073s][info][gc,marking  ] GC(568) Concurrent Rebuild Remembered Sets and Scrub Regions 15.333ms
[376.073s][info][gc,start    ] GC(568) Pause Cleanup
[376.074s][info][gc          ] GC(568) Pause Cleanup 342M->342M(850M) 0.081ms
[376.074s][info][gc,cpu      ] GC(568) User=0.00s Sys=0.00s Real=0.00s
[376.074s][info][gc,marking  ] GC(568) Concurrent Clear Claimed Marks
[376.074s][info][gc,marking  ] GC(568) Concurrent Clear Claimed Marks 0.081ms
[376.074s][info][gc,marking  ] GC(568) Concurrent Cleanup for Next Mark
[376.077s][info][gc,marking  ] GC(568) Concurrent Cleanup for Next Mark 2.896ms
[376.077s][info][gc          ] GC(568) Concurrent Mark Cycle 72.936ms
[379.245s][info][gc,start    ] GC(569) Pause Young (Prepare Mixed) (G1 Evacuation Pause)
[379.245s][info][gc,task     ] GC(569) Using 2 workers of 2 for evacuation
[379.268s][info][gc,phases   ] GC(569)   Pre Evacuate Collection Set: 0.30ms
[379.268s][info][gc,phases   ] GC(569)   Merge Heap Roots: 0.17ms
[379.268s][info][gc,phases   ] GC(569)   Evacuate Collection Set: 21.53ms
[379.268s][info][gc,phases   ] GC(569)   Post Evacuate Collection Set: 0.90ms
[379.268s][info][gc,phases   ] GC(569)   Other: 0.08ms
[379.268s][info][gc,heap     ] GC(569) Eden regions: 429->0(497)
[379.268s][info][gc,heap     ] GC(569) Survivor regions: 7->31(63)
[379.268s][info][gc,heap     ] GC(569) Old regions: 51->51
[379.268s][info][gc,heap     ] GC(569) Humongous regions: 363->207
[379.268s][info][gc,metaspace] GC(569) Metaspace: 57444K(57792K)->57444K(57792K) NonClass: 51822K(52096K)->51822K(52096K) Class: 5621K(5696K)->5621K(5696K)
[379.268s][info][gc          ] GC(569) Pause Young (Prepare Mixed) (G1 Evacuation Pause) 848M->287M(881M) 23.173ms
[379.268s][info][gc,cpu      ] GC(569) User=0.02s Sys=0.02s Real=0.02s
[380.453s][info][gc,start    ] GC(570) Pause Young (Mixed) (G1 Evacuation Pause)
[380.453s][info][gc,task     ] GC(570) Using 2 workers of 2 for evacuation
[380.462s][info][gc,phases   ] GC(570)   Pre Evacuate Collection Set: 0.30ms
[380.462s][info][gc,phases   ] GC(570)   Merge Heap Roots: 0.14ms
[380.462s][info][gc,phases   ] GC(570)   Evacuate Collection Set: 7.90ms
[380.462s][info][gc,phases   ] GC(570)   Post Evacuate Collection Set: 0.84ms
[380.462s][info][gc,phases   ] GC(570)   Other: 0.09ms
[380.462s][info][gc,heap     ] GC(570) Eden regions: 497->0(498)
[380.462s][info][gc,heap     ] GC(570) Survivor regions: 31->30(66)
[380.462s][info][gc,heap     ] GC(570) Old regions: 51->48
[380.462s][info][gc,heap     ] GC(570) Humongous regions: 207->207
[380.462s][info][gc,metaspace] GC(570) Metaspace: 57444K(57792K)->57444K(57792K) NonClass: 51822K(52096K)->51822K(52096K) Class: 5621K(5696K)->5621K(5696K)
[380.462s][info][gc          ] GC(570) Pause Young (Mixed) (G1 Evacuation Pause) 784M->283M(881M) 9.462ms
[380.462s][info][gc,cpu      ] GC(570) User=0.01s Sys=0.00s Real=0.01s
[381.709s][info][gc,start    ] GC(571) Pause Young (Concurrent Start) (G1 Evacuation Pause)
[381.709s][info][gc,task     ] GC(571) Using 2 workers of 2 for evacuation
[381.720s][info][gc,phases   ] GC(571)   Pre Evacuate Collection Set: 0.29ms
[381.720s][info][gc,phases   ] GC(571)   Merge Heap Roots: 0.16ms
[381.720s][info][gc,phases   ] GC(571)   Evacuate Collection Set: 8.67ms
[381.720s][info][gc,phases   ] GC(571)   Post Evacuate Collection Set: 0.85ms
[381.720s][info][gc,phases   ] GC(571)   Other: 0.10ms
[381.720s][info][gc,heap     ] GC(571) Eden regions: 498->0(498)
[381.720s][info][gc,heap     ] GC(571) Survivor regions: 30->30(66)
[381.720s][info][gc,heap     ] GC(571) Old regions: 48->48
[381.720s][info][gc,heap     ] GC(571) Humongous regions: 207->207
[381.720s][info][gc,metaspace] GC(571) Metaspace: 57444K(57792K)->57444K(57792K) NonClass: 51822K(52096K)->51822K(52096K) Class: 5621K(5696K)->5621K(5696K)
[381.720s][info][gc          ] GC(571) Pause Young (Concurrent Start) (G1 Evacuation Pause) 781M->284M(881M) 10.268ms
[381.720s][info][gc,cpu      ] GC(571) User=0.02s Sys=0.00s Real=0.01s
[381.720s][info][gc          ] GC(572) Concurrent Mark Cycle
[381.721s][info][gc,marking  ] GC(572) Concurrent Scan Root Regions
[381.728s][info][gc,marking  ] GC(572) Concurrent Scan Root Regions 7.067ms
[381.728s][info][gc,marking  ] GC(572) Concurrent Mark
[381.728s][info][gc,marking  ] GC(572) Concurrent Mark From Roots
[381.728s][info][gc,task     ] GC(572) Using 1 workers of 1 for marking
[381.784s][info][gc,marking  ] GC(572) Concurrent Mark From Roots 55.280ms
[381.784s][info][gc,marking  ] GC(572) Concurrent Preclean
[381.784s][info][gc,marking  ] GC(572) Concurrent Preclean 0.047ms
[381.784s][info][gc,start    ] GC(572) Pause Remark
[381.794s][info][gc          ] GC(572) Pause Remark 322M->322M(881M) 10.637ms
[381.794s][info][gc,cpu      ] GC(572) User=0.02s Sys=0.00s Real=0.01s
[381.795s][info][gc,marking  ] GC(572) Concurrent Mark 66.319ms
[381.795s][info][gc,marking  ] GC(572) Concurrent Rebuild Remembered Sets and Scrub Regions
[381.815s][info][gc,marking  ] GC(572) Concurrent Rebuild Remembered Sets and Scrub Regions 20.566ms
[381.816s][info][gc,start    ] GC(572) Pause Cleanup
[381.816s][info][gc          ] GC(572) Pause Cleanup 330M->330M(881M) 0.068ms
[381.816s][info][gc,cpu      ] GC(572) User=0.00s Sys=0.00s Real=0.00s
[381.816s][info][gc,marking  ] GC(572) Concurrent Clear Claimed Marks
[381.816s][info][gc,marking  ] GC(572) Concurrent Clear Claimed Marks 0.099ms
[381.816s][info][gc,marking  ] GC(572) Concurrent Cleanup for Next Mark
[381.821s][info][gc,marking  ] GC(572) Concurrent Cleanup for Next Mark 4.918ms
[381.821s][info][gc          ] GC(572) Concurrent Mark Cycle 101.180ms
[382.910s][info][gc,start    ] GC(573) Pause Young (Prepare Mixed) (G1 Evacuation Pause)
[382.910s][info][gc,task     ] GC(573) Using 2 workers of 2 for evacuation
[382.920s][info][gc,phases   ] GC(573)   Pre Evacuate Collection Set: 0.27ms
[382.920s][info][gc,phases   ] GC(573)   Merge Heap Roots: 0.19ms
[382.920s][info][gc,phases   ] GC(573)   Evacuate Collection Set: 8.55ms
[382.920s][info][gc,phases   ] GC(573)   Post Evacuate Collection Set: 0.87ms
[382.920s][info][gc,phases   ] GC(573)   Other: 0.11ms
[382.921s][info][gc,heap     ] GC(573) Eden regions: 498->0(498)
[382.921s][info][gc,heap     ] GC(573) Survivor regions: 30->30(66)
[382.921s][info][gc,heap     ] GC(573) Old regions: 48->48
[382.921s][info][gc,heap     ] GC(573) Humongous regions: 207->207
[382.921s][info][gc,metaspace] GC(573) Metaspace: 57444K(57792K)->57444K(57792K) NonClass: 51822K(52096K)->51822K(52096K) Class: 5621K(5696K)->5621K(5696K)
[382.921s][info][gc          ] GC(573) Pause Young (Prepare Mixed) (G1 Evacuation Pause) 782M->284M(881M) 10.181ms
[382.921s][info][gc,cpu      ] GC(573) User=0.02s Sys=0.00s Real=0.01s
[384.164s][info][gc,start    ] GC(574) Pause Young (Mixed) (G1 Evacuation Pause)
[384.164s][info][gc,task     ] GC(574) Using 2 workers of 2 for evacuation
[384.175s][info][gc,phases   ] GC(574)   Pre Evacuate Collection Set: 0.31ms
[384.175s][info][gc,phases   ] GC(574)   Merge Heap Roots: 0.13ms
[384.175s][info][gc,phases   ] GC(574)   Evacuate Collection Set: 9.50ms
[384.175s][info][gc,phases   ] GC(574)   Post Evacuate Collection Set: 0.88ms
[384.175s][info][gc,phases   ] GC(574)   Other: 0.09ms
[384.175s][info][gc,heap     ] GC(574) Eden regions: 498->0(497)
[384.175s][info][gc,heap     ] GC(574) Survivor regions: 30->31(66)
[384.175s][info][gc,heap     ] GC(574) Old regions: 48->45
[384.175s][info][gc,heap     ] GC(574) Humongous regions: 207->207
[384.175s][info][gc,metaspace] GC(574) Metaspace: 57444K(57792K)->57444K(57792K) NonClass: 51822K(52096K)->51822K(52096K) Class: 5621K(5696K)->5621K(5696K)
[384.175s][info][gc          ] GC(574) Pause Young (Mixed) (G1 Evacuation Pause) 782M->282M(881M) 11.106ms
[384.175s][info][gc,cpu      ] GC(574) User=0.02s Sys=0.00s Real=0.01s
[385.311s][info][gc,start    ] GC(575) Pause Young (Concurrent Start) (G1 Evacuation Pause)
[385.311s][info][gc,task     ] GC(575) Using 2 workers of 2 for evacuation
[385.321s][info][gc,phases   ] GC(575)   Pre Evacuate Collection Set: 0.31ms
[385.321s][info][gc,phases   ] GC(575)   Merge Heap Roots: 0.13ms
[385.321s][info][gc,phases   ] GC(575)   Evacuate Collection Set: 8.63ms
[385.321s][info][gc,phases   ] GC(575)   Post Evacuate Collection Set: 1.17ms
[385.321s][info][gc,phases   ] GC(575)   Other: 0.12ms
[385.321s][info][gc,heap     ] GC(575) Eden regions: 497->0(498)
[385.321s][info][gc,heap     ] GC(575) Survivor regions: 31->30(66)
[385.321s][info][gc,heap     ] GC(575) Old regions: 45->45
[385.321s][info][gc,heap     ] GC(575) Humongous regions: 207->207
[385.321s][info][gc,metaspace] GC(575) Metaspace: 57444K(57792K)->57444K(57792K) NonClass: 51822K(52096K)->51822K(52096K) Class: 5621K(5696K)->5621K(5696K)
[385.321s][info][gc          ] GC(575) Pause Young (Concurrent Start) (G1 Evacuation Pause) 779M->281M(881M) 10.593ms
[385.321s][info][gc          ] GC(576) Concurrent Mark Cycle
[385.321s][info][gc,marking  ] GC(576) Concurrent Scan Root Regions
[385.322s][info][gc,cpu      ] GC(575) User=0.02s Sys=0.00s Real=0.01s
[385.329s][info][gc,marking  ] GC(576) Concurrent Scan Root Regions 7.475ms
[385.329s][info][gc,marking  ] GC(576) Concurrent Mark
[385.329s][info][gc,marking  ] GC(576) Concurrent Mark From Roots
[385.329s][info][gc,task     ] GC(576) Using 1 workers of 1 for marking
[385.382s][info][gc,marking  ] GC(576) Concurrent Mark From Roots 53.166ms
[385.382s][info][gc,marking  ] GC(576) Concurrent Preclean
[385.382s][info][gc,marking  ] GC(576) Concurrent Preclean 0.051ms
[385.382s][info][gc,start    ] GC(576) Pause Remark
[385.392s][info][gc          ] GC(576) Pause Remark 319M->319M(881M) 10.302ms
[385.392s][info][gc,cpu      ] GC(576) User=0.02s Sys=0.00s Real=0.01s
[385.393s][info][gc,marking  ] GC(576) Concurrent Mark 64.010ms
[385.393s][info][gc,marking  ] GC(576) Concurrent Rebuild Remembered Sets and Scrub Regions
[385.412s][info][gc,marking  ] GC(576) Concurrent Rebuild Remembered Sets and Scrub Regions 19.319ms
[385.412s][info][gc,start    ] GC(576) Pause Cleanup
[385.412s][info][gc          ] GC(576) Pause Cleanup 325M->325M(881M) 0.067ms
[385.412s][info][gc,cpu      ] GC(576) User=0.00s Sys=0.00s Real=0.00s
[385.413s][info][gc,marking  ] GC(576) Concurrent Clear Claimed Marks
[385.413s][info][gc,marking  ] GC(576) Concurrent Clear Claimed Marks 0.088ms
[385.413s][info][gc,marking  ] GC(576) Concurrent Cleanup for Next Mark
[385.417s][info][gc,marking  ] GC(576) Concurrent Cleanup for Next Mark 4.641ms
[385.418s][info][gc          ] GC(576) Concurrent Mark Cycle 96.284ms
[386.518s][info][gc,start    ] GC(577) Pause Young (Prepare Mixed) (G1 Evacuation Pause)
[386.518s][info][gc,task     ] GC(577) Using 2 workers of 2 for evacuation
[386.529s][info][gc,phases   ] GC(577)   Pre Evacuate Collection Set: 0.27ms
[386.529s][info][gc,phases   ] GC(577)   Merge Heap Roots: 0.18ms
[386.529s][info][gc,phases   ] GC(577)   Evacuate Collection Set: 9.76ms
[386.529s][info][gc,phases   ] GC(577)   Post Evacuate Collection Set: 0.93ms
[386.529s][info][gc,phases   ] GC(577)   Other: 0.11ms
[386.530s][info][gc,heap     ] GC(577) Eden regions: 498->0(503)
[386.530s][info][gc,heap     ] GC(577) Survivor regions: 30->25(66)
[386.530s][info][gc,heap     ] GC(577) Old regions: 45->51
[386.530s][info][gc,heap     ] GC(577) Humongous regions: 207->207
[386.530s][info][gc,metaspace] GC(577) Metaspace: 57444K(57792K)->57444K(57792K) NonClass: 51822K(52096K)->51822K(52096K) Class: 5621K(5696K)->5621K(5696K)
[386.530s][info][gc          ] GC(577) Pause Young (Prepare Mixed) (G1 Evacuation Pause) 779M->282M(881M) 11.445ms
[386.530s][info][gc,cpu      ] GC(577) User=0.02s Sys=0.00s Real=0.01s
[387.729s][info][gc,start    ] GC(578) Pause Young (Mixed) (G1 Evacuation Pause)
[387.729s][info][gc,task     ] GC(578) Using 2 workers of 2 for evacuation
[387.742s][info][gc,phases   ] GC(578)   Pre Evacuate Collection Set: 0.29ms
[387.742s][info][gc,phases   ] GC(578)   Merge Heap Roots: 0.15ms
[387.742s][info][gc,phases   ] GC(578)   Evacuate Collection Set: 10.92ms
[387.742s][info][gc,phases   ] GC(578)   Post Evacuate Collection Set: 0.87ms
[387.742s][info][gc,phases   ] GC(578)   Other: 0.09ms
[387.742s][info][gc,heap     ] GC(578) Eden regions: 503->0(502)
[387.742s][info][gc,heap     ] GC(578) Survivor regions: 25->26(66)
[387.742s][info][gc,heap     ] GC(578) Old regions: 51->49
[387.742s][info][gc,heap     ] GC(578) Humongous regions: 207->207
[387.742s][info][gc,metaspace] GC(578) Metaspace: 57444K(57792K)->57444K(57792K) NonClass: 51822K(52096K)->51822K(52096K) Class: 5621K(5696K)->5621K(5696K)
[387.742s][info][gc          ] GC(578) Pause Young (Mixed) (G1 Evacuation Pause) 785M->281M(881M) 12.512ms
[387.742s][info][gc,cpu      ] GC(578) User=0.02s Sys=0.00s Real=0.01s
[388.960s][info][gc,start    ] GC(579) Pause Young (Concurrent Start) (G1 Evacuation Pause)
[388.960s][info][gc,task     ] GC(579) Using 2 workers of 2 for evacuation
[388.987s][info][gc,phases   ] GC(579)   Pre Evacuate Collection Set: 0.32ms
[388.987s][info][gc,phases   ] GC(579)   Merge Heap Roots: 0.14ms
[388.987s][info][gc,phases   ] GC(579)   Evacuate Collection Set: 25.12ms
[388.987s][info][gc,phases   ] GC(579)   Post Evacuate Collection Set: 1.11ms
[388.987s][info][gc,phases   ] GC(579)   Other: 0.19ms
[388.987s][info][gc,heap     ] GC(579) Eden regions: 502->0(501)
[388.987s][info][gc,heap     ] GC(579) Survivor regions: 26->27(66)
[388.987s][info][gc,heap     ] GC(579) Old regions: 49->50
[388.987s][info][gc,heap     ] GC(579) Humongous regions: 207->207
[388.987s][info][gc,metaspace] GC(579) Metaspace: 57444K(57792K)->57444K(57792K) NonClass: 51822K(52096K)->51822K(52096K) Class: 5621K(5696K)->5621K(5696K)
[388.987s][info][gc          ] GC(579) Pause Young (Concurrent Start) (G1 Evacuation Pause) (Evacuation Failure: Pinned) 783M->283M(881M) 27.065ms
[388.987s][info][gc,cpu      ] GC(579) User=0.03s Sys=0.00s Real=0.02s
[388.988s][info][gc          ] GC(580) Concurrent Mark Cycle
[388.988s][info][gc,marking  ] GC(580) Concurrent Scan Root Regions
[389.024s][info][gc,marking  ] GC(580) Concurrent Scan Root Regions 36.296ms
[389.024s][info][gc,marking  ] GC(580) Concurrent Mark
[389.024s][info][gc,marking  ] GC(580) Concurrent Mark From Roots
[389.024s][info][gc,task     ] GC(580) Using 1 workers of 1 for marking
[389.072s][info][gc,marking  ] GC(580) Concurrent Mark From Roots 47.718ms
[389.072s][info][gc,marking  ] GC(580) Concurrent Preclean
[389.072s][info][gc,marking  ] GC(580) Concurrent Preclean 0.047ms
[389.072s][info][gc,start    ] GC(580) Pause Remark
[389.082s][info][gc          ] GC(580) Pause Remark 303M->303M(881M) 10.086ms
[389.082s][info][gc,cpu      ] GC(580) User=0.02s Sys=0.00s Real=0.01s
[389.083s][info][gc,marking  ] GC(580) Concurrent Mark 58.635ms
[389.083s][info][gc,marking  ] GC(580) Concurrent Rebuild Remembered Sets and Scrub Regions
[389.114s][info][gc,marking  ] GC(580) Concurrent Rebuild Remembered Sets and Scrub Regions 31.585ms
[389.114s][info][gc,start    ] GC(580) Pause Cleanup
[389.115s][info][gc          ] GC(580) Pause Cleanup 326M->326M(881M) 0.092ms
[389.115s][info][gc,cpu      ] GC(580) User=0.00s Sys=0.00s Real=0.00s
[389.115s][info][gc,marking  ] GC(580) Concurrent Clear Claimed Marks
[389.115s][info][gc,marking  ] GC(580) Concurrent Clear Claimed Marks 0.092ms
[389.115s][info][gc,marking  ] GC(580) Concurrent Cleanup for Next Mark
[389.119s][info][gc,marking  ] GC(580) Concurrent Cleanup for Next Mark 4.660ms
[389.119s][info][gc          ] GC(580) Concurrent Mark Cycle 131.753ms
[390.131s][info][gc,start    ] GC(581) Pause Young (Prepare Mixed) (G1 Evacuation Pause)
[390.131s][info][gc,task     ] GC(581) Using 2 workers of 2 for evacuation
[390.144s][info][gc,phases   ] GC(581)   Pre Evacuate Collection Set: 0.28ms
[390.144s][info][gc,phases   ] GC(581)   Merge Heap Roots: 0.18ms
[390.144s][info][gc,phases   ] GC(581)   Evacuate Collection Set: 11.11ms
[390.144s][info][gc,phases   ] GC(581)   Post Evacuate Collection Set: 0.92ms
[390.144s][info][gc,phases   ] GC(581)   Other: 0.12ms
[390.144s][info][gc,heap     ] GC(581) Eden regions: 501->0(502)
[390.144s][info][gc,heap     ] GC(581) Survivor regions: 27->26(66)
[390.144s][info][gc,heap     ] GC(581) Old regions: 50->49
[390.144s][info][gc,heap     ] GC(581) Humongous regions: 207->207
[390.144s][info][gc,metaspace] GC(581) Metaspace: 57444K(57792K)->57444K(57792K) NonClass: 51822K(52096K)->51822K(52096K) Class: 5621K(5696K)->5621K(5696K)
[390.144s][info][gc          ] GC(581) Pause Young (Prepare Mixed) (G1 Evacuation Pause) 784M->281M(881M) 12.816ms
[390.144s][info][gc,cpu      ] GC(581) User=0.02s Sys=0.00s Real=0.01s
[391.398s][info][gc,start    ] GC(582) Pause Young (Mixed) (G1 Evacuation Pause)
[391.398s][info][gc,task     ] GC(582) Using 2 workers of 2 for evacuation
[391.408s][info][gc,phases   ] GC(582)   Pre Evacuate Collection Set: 0.31ms
[391.408s][info][gc,phases   ] GC(582)   Merge Heap Roots: 0.17ms
[391.408s][info][gc,phases   ] GC(582)   Evacuate Collection Set: 8.97ms
[391.408s][info][gc,phases   ] GC(582)   Post Evacuate Collection Set: 0.88ms
[391.408s][info][gc,phases   ] GC(582)   Other: 0.08ms
[391.408s][info][gc,heap     ] GC(582) Eden regions: 502->0(503)
[391.408s][info][gc,heap     ] GC(582) Survivor regions: 26->25(66)
[391.408s][info][gc,heap     ] GC(582) Old regions: 49->48
[391.408s][info][gc,heap     ] GC(582) Humongous regions: 207->207
[391.408s][info][gc,metaspace] GC(582) Metaspace: 57444K(57792K)->57444K(57792K) NonClass: 51822K(52096K)->51822K(52096K) Class: 5621K(5696K)->5621K(5696K)
[391.408s][info][gc          ] GC(582) Pause Young (Mixed) (G1 Evacuation Pause) 783M->278M(881M) 10.603ms
[391.408s][info][gc,cpu      ] GC(582) User=0.02s Sys=0.00s Real=0.02s
[392.613s][info][gc,start    ] GC(583) Pause Young (Concurrent Start) (G1 Evacuation Pause)
[392.613s][info][gc,task     ] GC(583) Using 2 workers of 2 for evacuation
[392.622s][info][gc,phases   ] GC(583)   Pre Evacuate Collection Set: 0.29ms
[392.622s][info][gc,phases   ] GC(583)   Merge Heap Roots: 0.16ms
[392.622s][info][gc,phases   ] GC(583)   Evacuate Collection Set: 7.52ms
[392.622s][info][gc,phases   ] GC(583)   Post Evacuate Collection Set: 0.86ms
[392.622s][info][gc,phases   ] GC(583)   Other: 0.13ms
[392.622s][info][gc,heap     ] GC(583) Eden regions: 503->0(504)
[392.622s][info][gc,heap     ] GC(583) Survivor regions: 25->24(66)
[392.622s][info][gc,heap     ] GC(583) Old regions: 48->48
[392.622s][info][gc,heap     ] GC(583) Humongous regions: 207->207
[392.622s][info][gc,metaspace] GC(583) Metaspace: 57444K(57792K)->57444K(57792K) NonClass: 51822K(52096K)->51822K(52096K) Class: 5621K(5696K)->5621K(5696K)
[392.622s][info][gc          ] GC(583) Pause Young (Concurrent Start) (G1 Evacuation Pause) 781M->277M(881M) 9.163ms
[392.622s][info][gc          ] GC(584) Concurrent Mark Cycle
[392.622s][info][gc,marking  ] GC(584) Concurrent Scan Root Regions
[392.623s][info][gc,cpu      ] GC(583) User=0.02s Sys=0.00s Real=0.01s
[392.631s][info][gc,marking  ] GC(584) Concurrent Scan Root Regions 9.356ms
[392.631s][info][gc,marking  ] GC(584) Concurrent Mark
[392.631s][info][gc,marking  ] GC(584) Concurrent Mark From Roots
[392.631s][info][gc,task     ] GC(584) Using 1 workers of 1 for marking
[392.680s][info][gc,marking  ] GC(584) Concurrent Mark From Roots 48.702ms
[392.680s][info][gc,marking  ] GC(584) Concurrent Preclean
[392.680s][info][gc,marking  ] GC(584) Concurrent Preclean 0.049ms
[392.680s][info][gc,start    ] GC(584) Pause Remark
[392.690s][info][gc          ] GC(584) Pause Remark 312M->312M(881M) 10.048ms
[392.690s][info][gc,cpu      ] GC(584) User=0.02s Sys=0.00s Real=0.01s
[392.691s][info][gc,marking  ] GC(584) Concurrent Mark 59.286ms
[392.691s][info][gc,marking  ] GC(584) Concurrent Rebuild Remembered Sets and Scrub Regions
[392.709s][info][gc,marking  ] GC(584) Concurrent Rebuild Remembered Sets and Scrub Regions 18.422ms
[392.709s][info][gc,start    ] GC(584) Pause Cleanup
[392.709s][info][gc          ] GC(584) Pause Cleanup 315M->315M(881M) 0.064ms
[392.709s][info][gc,cpu      ] GC(584) User=0.00s Sys=0.00s Real=0.00s
[392.709s][info][gc,marking  ] GC(584) Concurrent Clear Claimed Marks
[392.709s][info][gc,marking  ] GC(584) Concurrent Clear Claimed Marks 0.079ms
[392.709s][info][gc,marking  ] GC(584) Concurrent Cleanup for Next Mark
[392.714s][info][gc,marking  ] GC(584) Concurrent Cleanup for Next Mark 4.912ms
[392.714s][info][gc          ] GC(584) Concurrent Mark Cycle 92.464ms
[394.021s][info][gc,start    ] GC(585) Pause Young (Prepare Mixed) (G1 Evacuation Pause)
[394.021s][info][gc,task     ] GC(585) Using 2 workers of 2 for evacuation
[394.032s][info][gc,phases   ] GC(585)   Pre Evacuate Collection Set: 0.28ms
[394.032s][info][gc,phases   ] GC(585)   Merge Heap Roots: 0.19ms
[394.032s][info][gc,phases   ] GC(585)   Evacuate Collection Set: 9.49ms
[394.032s][info][gc,phases   ] GC(585)   Post Evacuate Collection Set: 0.86ms
[394.032s][info][gc,phases   ] GC(585)   Other: 0.08ms
[394.032s][info][gc,heap     ] GC(585) Eden regions: 504->0(503)
[394.032s][info][gc,heap     ] GC(585) Survivor regions: 24->25(66)
[394.032s][info][gc,heap     ] GC(585) Old regions: 48->48
[394.032s][info][gc,heap     ] GC(585) Humongous regions: 207->207
[394.032s][info][gc,metaspace] GC(585) Metaspace: 57444K(57792K)->57444K(57792K) NonClass: 51822K(52096K)->51822K(52096K) Class: 5621K(5696K)->5621K(5696K)
[394.032s][info][gc          ] GC(585) Pause Young (Prepare Mixed) (G1 Evacuation Pause) 781M->279M(881M) 11.090ms
[394.032s][info][gc,cpu      ] GC(585) User=0.02s Sys=0.00s Real=0.01s
[395.237s][info][gc,start    ] GC(586) Pause Young (Mixed) (G1 Evacuation Pause)
[395.237s][info][gc,task     ] GC(586) Using 2 workers of 2 for evacuation
[395.267s][info][gc,phases   ] GC(586)   Pre Evacuate Collection Set: 1.29ms
[395.267s][info][gc,phases   ] GC(586)   Merge Heap Roots: 0.35ms
[395.267s][info][gc,phases   ] GC(586)   Evacuate Collection Set: 26.52ms
[395.267s][info][gc,phases   ] GC(586)   Post Evacuate Collection Set: 1.47ms
[395.267s][info][gc,phases   ] GC(586)   Other: 0.12ms
[395.267s][info][gc,heap     ] GC(586) Eden regions: 503->0(502)
[395.267s][info][gc,heap     ] GC(586) Survivor regions: 25->26(66)
[395.267s][info][gc,heap     ] GC(586) Old regions: 48->46
[395.267s][info][gc,heap     ] GC(586) Humongous regions: 207->207
[395.267s][info][gc,metaspace] GC(586) Metaspace: 57444K(57792K)->57444K(57792K) NonClass: 51822K(52096K)->51822K(52096K) Class: 5621K(5696K)->5621K(5696K)
[395.267s][info][gc          ] GC(586) Pause Young (Mixed) (G1 Evacuation Pause) 782M->278M(881M) 30.026ms
[395.267s][info][gc,cpu      ] GC(586) User=0.03s Sys=0.00s Real=0.03s
[396.566s][info][gc,start    ] GC(587) Pause Young (Concurrent Start) (G1 Evacuation Pause)
[396.566s][info][gc,task     ] GC(587) Using 2 workers of 2 for evacuation
[396.589s][info][gc,phases   ] GC(587)   Pre Evacuate Collection Set: 0.42ms
[396.589s][info][gc,phases   ] GC(587)   Merge Heap Roots: 0.14ms
[396.589s][info][gc,phases   ] GC(587)   Evacuate Collection Set: 20.28ms
[396.589s][info][gc,phases   ] GC(587)   Post Evacuate Collection Set: 1.26ms
[396.589s][info][gc,phases   ] GC(587)   Other: 0.14ms
[396.589s][info][gc,heap     ] GC(587) Eden regions: 502->0(502)
[396.589s][info][gc,heap     ] GC(587) Survivor regions: 26->26(66)
[396.589s][info][gc,heap     ] GC(587) Old regions: 46->46
[396.589s][info][gc,heap     ] GC(587) Humongous regions: 207->207
[396.589s][info][gc,metaspace] GC(587) Metaspace: 57444K(57792K)->57444K(57792K) NonClass: 51822K(52096K)->51822K(52096K) Class: 5621K(5696K)->5621K(5696K)
[396.589s][info][gc          ] GC(587) Pause Young (Concurrent Start) (G1 Evacuation Pause) 780M->278M(881M) 22.435ms
[396.589s][info][gc,cpu      ] GC(587) User=0.03s Sys=0.00s Real=0.03s
[396.589s][info][gc          ] GC(588) Concurrent Mark Cycle
[396.589s][info][gc,marking  ] GC(588) Concurrent Scan Root Regions
[396.595s][info][gc,marking  ] GC(588) Concurrent Scan Root Regions 6.030ms
[396.595s][info][gc,marking  ] GC(588) Concurrent Mark
[396.595s][info][gc,marking  ] GC(588) Concurrent Mark From Roots
[396.595s][info][gc,task     ] GC(588) Using 1 workers of 1 for marking
[396.635s][info][gc,marking  ] GC(588) Concurrent Mark From Roots 39.735ms
[396.635s][info][gc,marking  ] GC(588) Concurrent Preclean
[396.635s][info][gc,marking  ] GC(588) Concurrent Preclean 0.062ms
[396.635s][info][gc,start    ] GC(588) Pause Remark
[396.646s][info][gc          ] GC(588) Pause Remark 302M->289M(881M) 10.391ms
[396.646s][info][gc,cpu      ] GC(588) User=0.02s Sys=0.00s Real=0.01s
[396.647s][info][gc,marking  ] GC(588) Concurrent Mark 51.595ms
[396.647s][info][gc,marking  ] GC(588) Concurrent Rebuild Remembered Sets and Scrub Regions
[396.671s][info][gc,marking  ] GC(588) Concurrent Rebuild Remembered Sets and Scrub Regions 24.463ms
[396.671s][info][gc,start    ] GC(588) Pause Cleanup
[396.671s][info][gc          ] GC(588) Pause Cleanup 309M->309M(881M) 0.072ms
[396.671s][info][gc,cpu      ] GC(588) User=0.00s Sys=0.00s Real=0.00s
[396.671s][info][gc,marking  ] GC(588) Concurrent Clear Claimed Marks
[396.671s][info][gc,marking  ] GC(588) Concurrent Clear Claimed Marks 0.086ms
[396.671s][info][gc,marking  ] GC(588) Concurrent Cleanup for Next Mark
[396.674s][info][gc,marking  ] GC(588) Concurrent Cleanup for Next Mark 2.577ms
[396.674s][info][gc          ] GC(588) Concurrent Mark Cycle 85.082ms
[397.761s][info][gc,start    ] GC(589) Pause Young (Prepare Mixed) (G1 Evacuation Pause)
[397.761s][info][gc,task     ] GC(589) Using 2 workers of 2 for evacuation
[397.770s][info][gc,phases   ] GC(589)   Pre Evacuate Collection Set: 0.29ms
[397.770s][info][gc,phases   ] GC(589)   Merge Heap Roots: 0.19ms
[397.770s][info][gc,phases   ] GC(589)   Evacuate Collection Set: 7.34ms
[397.770s][info][gc,phases   ] GC(589)   Post Evacuate Collection Set: 0.86ms
[397.770s][info][gc,phases   ] GC(589)   Other: 0.10ms
[397.770s][info][gc,heap     ] GC(589) Eden regions: 502->0(527)
[397.770s][info][gc,heap     ] GC(589) Survivor regions: 26->1(66)
[397.770s][info][gc,heap     ] GC(589) Old regions: 33->56
[397.770s][info][gc,heap     ] GC(589) Humongous regions: 207->207
[397.770s][info][gc,metaspace] GC(589) Metaspace: 57444K(57792K)->57444K(57792K) NonClass: 51822K(52096K)->51822K(52096K) Class: 5621K(5696K)->5621K(5696K)
[397.770s][info][gc          ] GC(589) Pause Young (Prepare Mixed) (G1 Evacuation Pause) 767M->263M(881M) 8.965ms
[397.770s][info][gc,cpu      ] GC(589) User=0.02s Sys=0.00s Real=0.01s
[399.033s][info][gc,start    ] GC(590) Pause Young (Mixed) (G1 Evacuation Pause)
[399.033s][info][gc,task     ] GC(590) Using 2 workers of 2 for evacuation
[399.039s][info][gc,phases   ] GC(590)   Pre Evacuate Collection Set: 0.32ms
[399.039s][info][gc,phases   ] GC(590)   Merge Heap Roots: 0.16ms
[399.039s][info][gc,phases   ] GC(590)   Evacuate Collection Set: 4.45ms
[399.039s][info][gc,phases   ] GC(590)   Post Evacuate Collection Set: 0.77ms
[399.039s][info][gc,phases   ] GC(590)   Other: 0.09ms
[399.039s][info][gc,heap     ] GC(590) Eden regions: 527->0(525)
[399.039s][info][gc,heap     ] GC(590) Survivor regions: 1->3(66)
[399.039s][info][gc,heap     ] GC(590) Old regions: 56->53
[399.039s][info][gc,heap     ] GC(590) Humongous regions: 207->207
[399.039s][info][gc,metaspace] GC(590) Metaspace: 57444K(57792K)->57444K(57792K) NonClass: 51822K(52096K)->51822K(52096K) Class: 5621K(5696K)->5621K(5696K)
[399.039s][info][gc          ] GC(590) Pause Young (Mixed) (G1 Evacuation Pause) 790M->262M(881M) 5.948ms
[399.039s][info][gc,cpu      ] GC(590) User=0.01s Sys=0.00s Real=0.01s
[400.321s][info][gc,start    ] GC(591) Pause Young (Concurrent Start) (G1 Evacuation Pause)
[400.321s][info][gc,task     ] GC(591) Using 2 workers of 2 for evacuation
[400.327s][info][gc,phases   ] GC(591)   Pre Evacuate Collection Set: 0.28ms
[400.327s][info][gc,phases   ] GC(591)   Merge Heap Roots: 0.14ms
[400.327s][info][gc,phases   ] GC(591)   Evacuate Collection Set: 4.38ms
[400.327s][info][gc,phases   ] GC(591)   Post Evacuate Collection Set: 0.76ms
[400.327s][info][gc,phases   ] GC(591)   Other: 0.10ms
[400.327s][info][gc,heap     ] GC(591) Eden regions: 525->0(525)
[400.327s][info][gc,heap     ] GC(591) Survivor regions: 3->3(66)
[400.327s][info][gc,heap     ] GC(591) Old regions: 53->53
[400.327s][info][gc,heap     ] GC(591) Humongous regions: 207->207
[400.327s][info][gc,metaspace] GC(591) Metaspace: 57444K(57792K)->57444K(57792K) NonClass: 51822K(52096K)->51822K(52096K) Class: 5621K(5696K)->5621K(5696K)
[400.327s][info][gc          ] GC(591) Pause Young (Concurrent Start) (G1 Evacuation Pause) 787M->262M(881M) 5.855ms
[400.327s][info][gc,cpu      ] GC(591) User=0.01s Sys=0.00s Real=0.00s
[400.327s][info][gc          ] GC(592) Concurrent Mark Cycle
[400.327s][info][gc,marking  ] GC(592) Concurrent Scan Root Regions
[400.333s][info][gc,marking  ] GC(592) Concurrent Scan Root Regions 5.593ms
[400.333s][info][gc,marking  ] GC(592) Concurrent Mark
[400.333s][info][gc,marking  ] GC(592) Concurrent Mark From Roots
[400.333s][info][gc,task     ] GC(592) Using 1 workers of 1 for marking
[400.384s][info][gc,marking  ] GC(592) Concurrent Mark From Roots 50.760ms
[400.384s][info][gc,marking  ] GC(592) Concurrent Preclean
[400.384s][info][gc,marking  ] GC(592) Concurrent Preclean 0.083ms
[400.384s][info][gc,start    ] GC(592) Pause Remark
[400.394s][info][gc          ] GC(592) Pause Remark 288M->288M(877M) 10.255ms
[400.394s][info][gc,cpu      ] GC(592) User=0.02s Sys=0.00s Real=0.01s
[400.394s][info][gc,marking  ] GC(592) Concurrent Mark 61.308ms
[400.394s][info][gc,marking  ] GC(592) Concurrent Rebuild Remembered Sets and Scrub Regions
[400.415s][info][gc,marking  ] GC(592) Concurrent Rebuild Remembered Sets and Scrub Regions 20.437ms
[400.416s][info][gc,start    ] GC(592) Pause Cleanup
[400.416s][info][gc          ] GC(592) Pause Cleanup 297M->297M(877M) 0.087ms
[400.416s][info][gc,cpu      ] GC(592) User=0.00s Sys=0.00s Real=0.00s
[400.416s][info][gc,marking  ] GC(592) Concurrent Clear Claimed Marks
[400.416s][info][gc,marking  ] GC(592) Concurrent Clear Claimed Marks 0.101ms
[400.416s][info][gc,marking  ] GC(592) Concurrent Cleanup for Next Mark
[400.423s][info][gc,marking  ] GC(592) Concurrent Cleanup for Next Mark 6.331ms
[400.423s][info][gc          ] GC(592) Concurrent Mark Cycle 95.403ms
[401.608s][info][gc,start    ] GC(593) Pause Young (Prepare Mixed) (G1 Evacuation Pause)
[401.608s][info][gc,task     ] GC(593) Using 2 workers of 2 for evacuation
[401.612s][info][gc,phases   ] GC(593)   Pre Evacuate Collection Set: 0.25ms
[401.612s][info][gc,phases   ] GC(593)   Merge Heap Roots: 0.16ms
[401.612s][info][gc,phases   ] GC(593)   Evacuate Collection Set: 2.10ms
[401.612s][info][gc,phases   ] GC(593)   Post Evacuate Collection Set: 0.76ms
[401.612s][info][gc,phases   ] GC(593)   Other: 0.08ms
[401.612s][info][gc,heap     ] GC(593) Eden regions: 523->0(525)
[401.612s][info][gc,heap     ] GC(593) Survivor regions: 3->1(66)
[401.612s][info][gc,heap     ] GC(593) Old regions: 53->54
[401.612s][info][gc,heap     ] GC(593) Humongous regions: 207->207
[401.612s][info][gc,metaspace] GC(593) Metaspace: 57444K(57792K)->57444K(57792K) NonClass: 51822K(52096K)->51822K(52096K) Class: 5621K(5696K)->5621K(5696K)
[401.612s][info][gc          ] GC(593) Pause Young (Prepare Mixed) (G1 Evacuation Pause) 785M->260M(877M) 3.516ms
[401.612s][info][gc,cpu      ] GC(593) User=0.01s Sys=0.00s Real=0.00s
[402.869s][info][gc,start    ] GC(594) Pause Young (Mixed) (G1 Evacuation Pause)
[402.869s][info][gc,task     ] GC(594) Using 2 workers of 2 for evacuation
[402.879s][info][gc,phases   ] GC(594)   Pre Evacuate Collection Set: 0.48ms
[402.879s][info][gc,phases   ] GC(594)   Merge Heap Roots: 0.18ms
[402.879s][info][gc,phases   ] GC(594)   Evacuate Collection Set: 8.04ms
[402.879s][info][gc,phases   ] GC(594)   Post Evacuate Collection Set: 1.19ms
[402.879s][info][gc,phases   ] GC(594)   Other: 0.10ms
[402.879s][info][gc,heap     ] GC(594) Eden regions: 525->0(524)
[402.879s][info][gc,heap     ] GC(594) Survivor regions: 1->2(66)
[402.879s][info][gc,heap     ] GC(594) Old regions: 54->51
[402.879s][info][gc,heap     ] GC(594) Humongous regions: 207->207
[402.879s][info][gc,metaspace] GC(594) Metaspace: 57444K(57792K)->57444K(57792K) NonClass: 51822K(52096K)->51822K(52096K) Class: 5621K(5696K)->5621K(5696K)
[402.880s][info][gc          ] GC(594) Pause Young (Mixed) (G1 Evacuation Pause) 785M->258M(877M) 10.162ms
[402.880s][info][gc,cpu      ] GC(594) User=0.01s Sys=0.00s Real=0.01s
[404.130s][info][gc,start    ] GC(595) Pause Young (Concurrent Start) (G1 Evacuation Pause)
[404.130s][info][gc,task     ] GC(595) Using 2 workers of 2 for evacuation
[404.136s][info][gc,phases   ] GC(595)   Pre Evacuate Collection Set: 0.31ms
[404.137s][info][gc,phases   ] GC(595)   Merge Heap Roots: 0.16ms
[404.137s][info][gc,phases   ] GC(595)   Evacuate Collection Set: 5.18ms
[404.137s][info][gc,phases   ] GC(595)   Post Evacuate Collection Set: 0.77ms
[404.137s][info][gc,phases   ] GC(595)   Other: 0.12ms
[404.137s][info][gc,heap     ] GC(595) Eden regions: 524->0(522)
[404.137s][info][gc,heap     ] GC(595) Survivor regions: 2->4(66)
[404.137s][info][gc,heap     ] GC(595) Old regions: 51->51
[404.137s][info][gc,heap     ] GC(595) Humongous regions: 207->207
[404.137s][info][gc,metaspace] GC(595) Metaspace: 57445K(57792K)->57445K(57792K) NonClass: 51824K(52096K)->51824K(52096K) Class: 5621K(5696K)->5621K(5696K)
[404.137s][info][gc          ] GC(595) Pause Young (Concurrent Start) (G1 Evacuation Pause) 782M->260M(877M) 6.720ms
[404.137s][info][gc          ] GC(596) Concurrent Mark Cycle
[404.137s][info][gc,marking  ] GC(596) Concurrent Scan Root Regions
[404.137s][info][gc,cpu      ] GC(595) User=0.02s Sys=0.00s Real=0.00s
[404.141s][info][gc,marking  ] GC(596) Concurrent Scan Root Regions 4.757ms
[404.141s][info][gc,marking  ] GC(596) Concurrent Mark
[404.141s][info][gc,marking  ] GC(596) Concurrent Mark From Roots
[404.141s][info][gc,task     ] GC(596) Using 1 workers of 1 for marking
[404.191s][info][gc,marking  ] GC(596) Concurrent Mark From Roots 49.915ms
[404.191s][info][gc,marking  ] GC(596) Concurrent Preclean
[404.191s][info][gc,marking  ] GC(596) Concurrent Preclean 0.070ms
[404.192s][info][gc,start    ] GC(596) Pause Remark
[404.202s][info][gc          ] GC(596) Pause Remark 280M->280M(874M) 10.097ms
[404.202s][info][gc,cpu      ] GC(596) User=0.02s Sys=0.00s Real=0.01s
[404.202s][info][gc,marking  ] GC(596) Concurrent Mark 60.702ms
[404.202s][info][gc,marking  ] GC(596) Concurrent Rebuild Remembered Sets and Scrub Regions
[404.239s][info][gc,marking  ] GC(596) Concurrent Rebuild Remembered Sets and Scrub Regions 37.270ms
[404.240s][info][gc,start    ] GC(596) Pause Cleanup
[404.240s][info][gc          ] GC(596) Pause Cleanup 305M->305M(874M) 0.092ms
[404.240s][info][gc,cpu      ] GC(596) User=0.00s Sys=0.00s Real=0.00s
[404.240s][info][gc,marking  ] GC(596) Concurrent Clear Claimed Marks
[404.240s][info][gc,marking  ] GC(596) Concurrent Clear Claimed Marks 0.094ms
[404.240s][info][gc,marking  ] GC(596) Concurrent Cleanup for Next Mark
[404.246s][info][gc,marking  ] GC(596) Concurrent Cleanup for Next Mark 6.471ms
[404.246s][info][gc          ] GC(596) Concurrent Mark Cycle 109.730ms
[405.419s][info][gc,start    ] GC(597) Pause Young (Prepare Mixed) (G1 Evacuation Pause)
[405.419s][info][gc,task     ] GC(597) Using 2 workers of 2 for evacuation
[405.425s][info][gc,phases   ] GC(597)   Pre Evacuate Collection Set: 0.27ms
[405.425s][info][gc,phases   ] GC(597)   Merge Heap Roots: 0.17ms
[405.425s][info][gc,phases   ] GC(597)   Evacuate Collection Set: 3.96ms
[405.425s][info][gc,phases   ] GC(597)   Post Evacuate Collection Set: 0.79ms
[405.425s][info][gc,phases   ] GC(597)   Other: 0.09ms
[405.425s][info][gc,heap     ] GC(597) Eden regions: 520->0(521)
[405.425s][info][gc,heap     ] GC(597) Survivor regions: 4->3(66)
[405.425s][info][gc,heap     ] GC(597) Old regions: 51->52
[405.425s][info][gc,heap     ] GC(597) Humongous regions: 207->207
[405.425s][info][gc,metaspace] GC(597) Metaspace: 57445K(57792K)->57445K(57792K) NonClass: 51824K(52096K)->51824K(52096K) Class: 5621K(5696K)->5621K(5696K)
[405.425s][info][gc          ] GC(597) Pause Young (Prepare Mixed) (G1 Evacuation Pause) 780M->259M(874M) 5.443ms
[405.425s][info][gc,cpu      ] GC(597) User=0.01s Sys=0.00s Real=0.00s
[406.708s][info][gc,start    ] GC(598) Pause Young (Mixed) (G1 Evacuation Pause)
[406.708s][info][gc,task     ] GC(598) Using 2 workers of 2 for evacuation
[406.711s][info][gc,phases   ] GC(598)   Pre Evacuate Collection Set: 0.28ms
[406.711s][info][gc,phases   ] GC(598)   Merge Heap Roots: 0.16ms
[406.711s][info][gc,phases   ] GC(598)   Evacuate Collection Set: 2.34ms
[406.711s][info][gc,phases   ] GC(598)   Post Evacuate Collection Set: 0.79ms
[406.711s][info][gc,phases   ] GC(598)   Other: 0.08ms
[406.711s][info][gc,heap     ] GC(598) Eden regions: 521->0(523)
[406.711s][info][gc,heap     ] GC(598) Survivor regions: 3->1(66)
[406.711s][info][gc,heap     ] GC(598) Old regions: 52->50
[406.711s][info][gc,heap     ] GC(598) Humongous regions: 207->207
[406.711s][info][gc,metaspace] GC(598) Metaspace: 57445K(57792K)->57445K(57792K) NonClass: 51824K(52096K)->51824K(52096K) Class: 5621K(5696K)->5621K(5696K)
[406.711s][info][gc          ] GC(598) Pause Young (Mixed) (G1 Evacuation Pause) 780M->256M(874M) 3.838ms
[406.711s][info][gc,cpu      ] GC(598) User=0.00s Sys=0.00s Real=0.01s
[408.037s][info][gc,start    ] GC(599) Pause Young (Concurrent Start) (G1 Evacuation Pause)
[408.037s][info][gc,task     ] GC(599) Using 2 workers of 2 for evacuation
[408.042s][info][gc,phases   ] GC(599)   Pre Evacuate Collection Set: 0.28ms
[408.042s][info][gc,phases   ] GC(599)   Merge Heap Roots: 0.14ms
[408.042s][info][gc,phases   ] GC(599)   Evacuate Collection Set: 3.46ms
[408.042s][info][gc,phases   ] GC(599)   Post Evacuate Collection Set: 0.75ms
[408.042s][info][gc,phases   ] GC(599)   Other: 0.13ms
[408.042s][info][gc,heap     ] GC(599) Eden regions: 523->0(521)
[408.042s][info][gc,heap     ] GC(599) Survivor regions: 1->3(66)
[408.042s][info][gc,heap     ] GC(599) Old regions: 50->50
[408.042s][info][gc,heap     ] GC(599) Humongous regions: 207->207
[408.042s][info][gc,metaspace] GC(599) Metaspace: 57445K(57792K)->57445K(57792K) NonClass: 51824K(52096K)->51824K(52096K) Class: 5621K(5696K)->5621K(5696K)
[408.042s][info][gc          ] GC(599) Pause Young (Concurrent Start) (G1 Evacuation Pause) 779M->257M(874M) 4.929ms
[408.042s][info][gc,cpu      ] GC(599) User=0.01s Sys=0.00s Real=0.01s
[408.044s][info][gc          ] GC(600) Concurrent Mark Cycle
[408.044s][info][gc,marking  ] GC(600) Concurrent Scan Root Regions
[408.048s][info][gc,marking  ] GC(600) Concurrent Scan Root Regions 4.756ms
[408.048s][info][gc,marking  ] GC(600) Concurrent Mark
[408.048s][info][gc,marking  ] GC(600) Concurrent Mark From Roots
[408.048s][info][gc,task     ] GC(600) Using 1 workers of 1 for marking
[408.114s][info][gc,marking  ] GC(600) Concurrent Mark From Roots 65.305ms
[408.114s][info][gc,marking  ] GC(600) Concurrent Preclean
[408.114s][info][gc,marking  ] GC(600) Concurrent Preclean 0.075ms
[408.114s][info][gc,start    ] GC(600) Pause Remark
[408.125s][info][gc          ] GC(600) Pause Remark 304M->304M(867M) 11.298ms
[408.125s][info][gc,cpu      ] GC(600) User=0.03s Sys=0.01s Real=0.01s
[408.126s][info][gc,marking  ] GC(600) Concurrent Mark 77.527ms
[408.126s][info][gc,marking  ] GC(600) Concurrent Rebuild Remembered Sets and Scrub Regions
[408.156s][info][gc,marking  ] GC(600) Concurrent Rebuild Remembered Sets and Scrub Regions 29.829ms
[408.156s][info][gc,start    ] GC(600) Pause Cleanup
[408.156s][info][gc          ] GC(600) Pause Cleanup 319M->319M(867M) 0.100ms
[408.156s][info][gc,cpu      ] GC(600) User=0.00s Sys=0.00s Real=0.00s
[408.158s][info][gc,marking  ] GC(600) Concurrent Clear Claimed Marks
[408.158s][info][gc,marking  ] GC(600) Concurrent Clear Claimed Marks 1.086ms
[408.158s][info][gc,marking  ] GC(600) Concurrent Cleanup for Next Mark
[408.165s][info][gc,marking  ] GC(600) Concurrent Cleanup for Next Mark 6.510ms
[408.165s][info][gc          ] GC(600) Concurrent Mark Cycle 121.081ms
[409.214s][info][gc,start    ] GC(601) Pause Young (Prepare Mixed) (G1 Evacuation Pause)
[409.214s][info][gc,task     ] GC(601) Using 2 workers of 2 for evacuation
[409.219s][info][gc,phases   ] GC(601)   Pre Evacuate Collection Set: 0.32ms
[409.219s][info][gc,phases   ] GC(601)   Merge Heap Roots: 0.17ms
[409.219s][info][gc,phases   ] GC(601)   Evacuate Collection Set: 3.72ms
[409.219s][info][gc,phases   ] GC(601)   Post Evacuate Collection Set: 0.79ms
[409.219s][info][gc,phases   ] GC(601)   Other: 0.09ms
[409.219s][info][gc,heap     ] GC(601) Eden regions: 517->0(517)
[409.219s][info][gc,heap     ] GC(601) Survivor regions: 3->3(65)
[409.219s][info][gc,heap     ] GC(601) Old regions: 50->51
[409.219s][info][gc,heap     ] GC(601) Humongous regions: 207->207
[409.219s][info][gc,metaspace] GC(601) Metaspace: 57448K(57792K)->57448K(57792K) NonClass: 51827K(52096K)->51827K(52096K) Class: 5621K(5696K)->5621K(5696K)
[409.219s][info][gc          ] GC(601) Pause Young (Prepare Mixed) (G1 Evacuation Pause) 774M->258M(867M) 5.274ms
[409.219s][info][gc,cpu      ] GC(601) User=0.01s Sys=0.00s Real=0.01s
[410.440s][info][gc,start    ] GC(602) Pause Young (Mixed) (G1 Evacuation Pause)
[410.440s][info][gc,task     ] GC(602) Using 2 workers of 2 for evacuation
[410.446s][info][gc,phases   ] GC(602)   Pre Evacuate Collection Set: 0.29ms
[410.446s][info][gc,phases   ] GC(602)   Merge Heap Roots: 0.15ms
[410.446s][info][gc,phases   ] GC(602)   Evacuate Collection Set: 4.90ms
[410.446s][info][gc,phases   ] GC(602)   Post Evacuate Collection Set: 0.76ms
[410.446s][info][gc,phases   ] GC(602)   Other: 0.11ms
[410.446s][info][gc,heap     ] GC(602) Eden regions: 517->0(517)
[410.446s][info][gc,heap     ] GC(602) Survivor regions: 3->3(65)
[410.446s][info][gc,heap     ] GC(602) Old regions: 51->49
[410.446s][info][gc,heap     ] GC(602) Humongous regions: 207->207
[410.446s][info][gc,metaspace] GC(602) Metaspace: 57448K(57792K)->57448K(57792K) NonClass: 51827K(52096K)->51827K(52096K) Class: 5621K(5696K)->5621K(5696K)
[410.446s][info][gc          ] GC(602) Pause Young (Mixed) (G1 Evacuation Pause) 774M->257M(867M) 6.386ms
[410.446s][info][gc,cpu      ] GC(602) User=0.01s Sys=0.00s Real=0.00s
[411.716s][info][gc,start    ] GC(603) Pause Young (Concurrent Start) (G1 Evacuation Pause)
[411.716s][info][gc,task     ] GC(603) Using 2 workers of 2 for evacuation
[411.722s][info][gc,phases   ] GC(603)   Pre Evacuate Collection Set: 0.30ms
[411.722s][info][gc,phases   ] GC(603)   Merge Heap Roots: 0.15ms
[411.722s][info][gc,phases   ] GC(603)   Evacuate Collection Set: 4.05ms
[411.722s][info][gc,phases   ] GC(603)   Post Evacuate Collection Set: 0.76ms
[411.722s][info][gc,phases   ] GC(603)   Other: 0.10ms
[411.722s][info][gc,heap     ] GC(603) Eden regions: 517->0(517)
[411.722s][info][gc,heap     ] GC(603) Survivor regions: 3->3(65)
[411.722s][info][gc,heap     ] GC(603) Old regions: 49->49
[411.722s][info][gc,heap     ] GC(603) Humongous regions: 207->207
[411.722s][info][gc,metaspace] GC(603) Metaspace: 57448K(57792K)->57448K(57792K) NonClass: 51827K(52096K)->51827K(52096K) Class: 5621K(5696K)->5621K(5696K)
[411.722s][info][gc          ] GC(603) Pause Young (Concurrent Start) (G1 Evacuation Pause) 774M->256M(867M) 5.547ms
[411.722s][info][gc          ] GC(604) Concurrent Mark Cycle
[411.722s][info][gc,marking  ] GC(604) Concurrent Scan Root Regions
[411.722s][info][gc,cpu      ] GC(603) User=0.01s Sys=0.00s Real=0.01s
[411.729s][info][gc,marking  ] GC(604) Concurrent Scan Root Regions 6.879ms
[411.729s][info][gc,marking  ] GC(604) Concurrent Mark
[411.729s][info][gc,marking  ] GC(604) Concurrent Mark From Roots
[411.729s][info][gc,task     ] GC(604) Using 1 workers of 1 for marking
[411.795s][info][gc,marking  ] GC(604) Concurrent Mark From Roots 66.254ms
[411.795s][info][gc,marking  ] GC(604) Concurrent Preclean
[411.795s][info][gc,marking  ] GC(604) Concurrent Preclean 0.093ms
[411.796s][info][gc,start    ] GC(604) Pause Remark
[411.816s][info][gc          ] GC(604) Pause Remark 275M->275M(864M) 19.542ms
[411.816s][info][gc,cpu      ] GC(604) User=0.02s Sys=0.00s Real=0.02s
[411.816s][info][gc,marking  ] GC(604) Concurrent Mark 87.218ms
[411.816s][info][gc,marking  ] GC(604) Concurrent Rebuild Remembered Sets and Scrub Regions
[411.840s][info][gc,marking  ] GC(604) Concurrent Rebuild Remembered Sets and Scrub Regions 24.060ms
[411.840s][info][gc,start    ] GC(604) Pause Cleanup
[411.840s][info][gc          ] GC(604) Pause Cleanup 275M->275M(864M) 0.065ms
[411.840s][info][gc,cpu      ] GC(604) User=0.00s Sys=0.00s Real=0.00s
[411.840s][info][gc,marking  ] GC(604) Concurrent Clear Claimed Marks
[411.841s][info][gc,marking  ] GC(604) Concurrent Clear Claimed Marks 0.111ms
[411.841s][info][gc,marking  ] GC(604) Concurrent Cleanup for Next Mark
[411.843s][info][gc,marking  ] GC(604) Concurrent Cleanup for Next Mark 2.727ms
[411.843s][info][gc          ] GC(604) Concurrent Mark Cycle 121.306ms
[412.940s][info][gc,start    ] GC(605) Pause Young (Prepare Mixed) (G1 Evacuation Pause)
[412.940s][info][gc,task     ] GC(605) Using 2 workers of 2 for evacuation
[412.946s][info][gc,phases   ] GC(605)   Pre Evacuate Collection Set: 0.31ms
[412.946s][info][gc,phases   ] GC(605)   Merge Heap Roots: 0.16ms
[412.946s][info][gc,phases   ] GC(605)   Evacuate Collection Set: 4.26ms
[412.946s][info][gc,phases   ] GC(605)   Post Evacuate Collection Set: 0.80ms
[412.946s][info][gc,phases   ] GC(605)   Other: 0.09ms
[412.946s][info][gc,heap     ] GC(605) Eden regions: 515->0(515)
[412.946s][info][gc,heap     ] GC(605) Survivor regions: 3->3(65)
[412.946s][info][gc,heap     ] GC(605) Old regions: 49->50
[412.946s][info][gc,heap     ] GC(605) Humongous regions: 207->207
[412.946s][info][gc,metaspace] GC(605) Metaspace: 57448K(57792K)->57448K(57792K) NonClass: 51827K(52096K)->51827K(52096K) Class: 5621K(5696K)->5621K(5696K)
[412.946s][info][gc          ] GC(605) Pause Young (Prepare Mixed) (G1 Evacuation Pause) 771M->257M(864M) 5.795ms
[412.946s][info][gc,cpu      ] GC(605) User=0.01s Sys=0.00s Real=0.00s
[414.217s][info][gc,start    ] GC(606) Pause Young (Mixed) (G1 Evacuation Pause)
[414.217s][info][gc,task     ] GC(606) Using 2 workers of 2 for evacuation
[414.222s][info][gc,phases   ] GC(606)   Pre Evacuate Collection Set: 0.28ms
[414.222s][info][gc,phases   ] GC(606)   Merge Heap Roots: 0.17ms
[414.222s][info][gc,phases   ] GC(606)   Evacuate Collection Set: 3.76ms
[414.222s][info][gc,phases   ] GC(606)   Post Evacuate Collection Set: 0.78ms
[414.222s][info][gc,phases   ] GC(606)   Other: 0.13ms
[414.222s][info][gc,heap     ] GC(606) Eden regions: 515->0(516)
[414.222s][info][gc,heap     ] GC(606) Survivor regions: 3->2(65)
[414.222s][info][gc,heap     ] GC(606) Old regions: 50->48
[414.222s][info][gc,heap     ] GC(606) Humongous regions: 207->207
[414.222s][info][gc,metaspace] GC(606) Metaspace: 57448K(57792K)->57448K(57792K) NonClass: 51827K(52096K)->51827K(52096K) Class: 5621K(5696K)->5621K(5696K)
[414.222s][info][gc          ] GC(606) Pause Young (Mixed) (G1 Evacuation Pause) 772M->255M(864M) 5.293ms
[414.222s][info][gc,cpu      ] GC(606) User=0.01s Sys=0.00s Real=0.01s
[415.428s][info][gc,start    ] GC(607) Pause Young (Concurrent Start) (G1 Evacuation Pause)
[415.428s][info][gc,task     ] GC(607) Using 2 workers of 2 for evacuation
[415.435s][info][gc,phases   ] GC(607)   Pre Evacuate Collection Set: 0.31ms
[415.435s][info][gc,phases   ] GC(607)   Merge Heap Roots: 0.15ms
[415.435s][info][gc,phases   ] GC(607)   Evacuate Collection Set: 5.40ms
[415.435s][info][gc,phases   ] GC(607)   Post Evacuate Collection Set: 0.76ms
[415.435s][info][gc,phases   ] GC(607)   Other: 0.11ms
[415.435s][info][gc,heap     ] GC(607) Eden regions: 516->0(514)
[415.435s][info][gc,heap     ] GC(607) Survivor regions: 2->4(65)
[415.435s][info][gc,heap     ] GC(607) Old regions: 48->48
[415.435s][info][gc,heap     ] GC(607) Humongous regions: 207->207
[415.435s][info][gc,metaspace] GC(607) Metaspace: 57448K(57792K)->57448K(57792K) NonClass: 51827K(52096K)->51827K(52096K) Class: 5621K(5696K)->5621K(5696K)
[415.435s][info][gc          ] GC(607) Pause Young (Concurrent Start) (G1 Evacuation Pause) 771M->257M(864M) 6.909ms
[415.435s][info][gc,cpu      ] GC(607) User=0.01s Sys=0.00s Real=0.01s
[415.435s][info][gc          ] GC(608) Concurrent Mark Cycle
[415.435s][info][gc,marking  ] GC(608) Concurrent Scan Root Regions
[415.442s][info][gc,marking  ] GC(608) Concurrent Scan Root Regions 7.154ms
[415.442s][info][gc,marking  ] GC(608) Concurrent Mark
[415.442s][info][gc,marking  ] GC(608) Concurrent Mark From Roots
[415.442s][info][gc,task     ] GC(608) Using 1 workers of 1 for marking
[415.494s][info][gc,marking  ] GC(608) Concurrent Mark From Roots 52.061ms
[415.494s][info][gc,marking  ] GC(608) Concurrent Preclean
[415.494s][info][gc,marking  ] GC(608) Concurrent Preclean 0.071ms
[415.494s][info][gc,start    ] GC(608) Pause Remark
[415.512s][info][gc          ] GC(608) Pause Remark 262M->262M(864M) 17.758ms
[415.512s][info][gc,cpu      ] GC(608) User=0.02s Sys=0.00s Real=0.02s
[415.513s][info][gc,marking  ] GC(608) Concurrent Mark 70.934ms
[415.513s][info][gc,marking  ] GC(608) Concurrent Rebuild Remembered Sets and Scrub Regions
[415.532s][info][gc,marking  ] GC(608) Concurrent Rebuild Remembered Sets and Scrub Regions 19.222ms
[415.533s][info][gc,start    ] GC(608) Pause Cleanup
[415.533s][info][gc          ] GC(608) Pause Cleanup 262M->262M(864M) 0.095ms
[415.533s][info][gc,cpu      ] GC(608) User=0.00s Sys=0.00s Real=0.00s
[415.533s][info][gc,marking  ] GC(608) Concurrent Clear Claimed Marks
[415.534s][info][gc,marking  ] GC(608) Concurrent Clear Claimed Marks 0.217ms
[415.534s][info][gc,marking  ] GC(608) Concurrent Cleanup for Next Mark
[415.537s][info][gc,marking  ] GC(608) Concurrent Cleanup for Next Mark 3.494ms
[415.537s][info][gc          ] GC(608) Concurrent Mark Cycle 102.405ms
[416.708s][info][gc,start    ] GC(609) Pause Young (Prepare Mixed) (G1 Evacuation Pause)
[416.708s][info][gc,task     ] GC(609) Using 2 workers of 2 for evacuation
[416.714s][info][gc,phases   ] GC(609)   Pre Evacuate Collection Set: 0.42ms
[416.714s][info][gc,phases   ] GC(609)   Merge Heap Roots: 0.17ms
[416.714s][info][gc,phases   ] GC(609)   Evacuate Collection Set: 4.17ms
[416.714s][info][gc,phases   ] GC(609)   Post Evacuate Collection Set: 1.14ms
[416.715s][info][gc,phases   ] GC(609)   Other: 0.08ms
[416.715s][info][gc,heap     ] GC(609) Eden regions: 514->0(517)
[416.715s][info][gc,heap     ] GC(609) Survivor regions: 4->1(65)
[416.715s][info][gc,heap     ] GC(609) Old regions: 48->49
[416.715s][info][gc,heap     ] GC(609) Humongous regions: 207->207
[416.715s][info][gc,metaspace] GC(609) Metaspace: 57448K(57792K)->57448K(57792K) NonClass: 51827K(52096K)->51827K(52096K) Class: 5621K(5696K)->5621K(5696K)
[416.715s][info][gc          ] GC(609) Pause Young (Prepare Mixed) (G1 Evacuation Pause) 771M->254M(864M) 6.154ms
[416.715s][info][gc,cpu      ] GC(609) User=0.01s Sys=0.00s Real=0.00s
[417.930s][info][gc,start    ] GC(610) Pause Young (Mixed) (G1 Evacuation Pause)
[417.930s][info][gc,task     ] GC(610) Using 2 workers of 2 for evacuation
[417.939s][info][gc,phases   ] GC(610)   Pre Evacuate Collection Set: 0.43ms
[417.939s][info][gc,phases   ] GC(610)   Merge Heap Roots: 0.18ms
[417.939s][info][gc,phases   ] GC(610)   Evacuate Collection Set: 7.09ms
[417.939s][info][gc,phases   ] GC(610)   Post Evacuate Collection Set: 0.81ms
[417.939s][info][gc,phases   ] GC(610)   Other: 0.08ms
[417.939s][info][gc,heap     ] GC(610) Eden regions: 517->0(515)
[417.939s][info][gc,heap     ] GC(610) Survivor regions: 1->3(65)
[417.939s][info][gc,heap     ] GC(610) Old regions: 49->47
[417.939s][info][gc,heap     ] GC(610) Humongous regions: 207->207
[417.939s][info][gc,metaspace] GC(610) Metaspace: 57448K(57792K)->57448K(57792K) NonClass: 51827K(52096K)->51827K(52096K) Class: 5621K(5696K)->5621K(5696K)
[417.939s][info][gc          ] GC(610) Pause Young (Mixed) (G1 Evacuation Pause) 771M->256M(864M) 8.777ms
[417.939s][info][gc,cpu      ] GC(610) User=0.01s Sys=0.00s Real=0.01s
[419.217s][info][gc,start    ] GC(611) Pause Young (Concurrent Start) (G1 Evacuation Pause)
[419.217s][info][gc,task     ] GC(611) Using 2 workers of 2 for evacuation
[419.222s][info][gc,phases   ] GC(611)   Pre Evacuate Collection Set: 0.28ms
[419.222s][info][gc,phases   ] GC(611)   Merge Heap Roots: 0.19ms
[419.222s][info][gc,phases   ] GC(611)   Evacuate Collection Set: 2.86ms
[419.222s][info][gc,phases   ] GC(611)   Post Evacuate Collection Set: 0.76ms
[419.222s][info][gc,phases   ] GC(611)   Other: 0.10ms
[419.222s][info][gc,heap     ] GC(611) Eden regions: 515->0(516)
[419.222s][info][gc,heap     ] GC(611) Survivor regions: 3->2(65)
[419.222s][info][gc,heap     ] GC(611) Old regions: 47->47
[419.222s][info][gc,heap     ] GC(611) Humongous regions: 207->207
[419.222s][info][gc,metaspace] GC(611) Metaspace: 57448K(57792K)->57448K(57792K) NonClass: 51827K(52096K)->51827K(52096K) Class: 5621K(5696K)->5621K(5696K)
[419.222s][info][gc          ] GC(611) Pause Young (Concurrent Start) (G1 Evacuation Pause) 771M->255M(864M) 4.383ms
[419.222s][info][gc,cpu      ] GC(611) User=0.01s Sys=0.00s Real=0.01s
[419.222s][info][gc          ] GC(612) Concurrent Mark Cycle
[419.224s][info][gc,marking  ] GC(612) Concurrent Scan Root Regions
[419.226s][info][gc,marking  ] GC(612) Concurrent Scan Root Regions 1.958ms
[419.226s][info][gc,marking  ] GC(612) Concurrent Mark
[419.226s][info][gc,marking  ] GC(612) Concurrent Mark From Roots
[419.226s][info][gc,task     ] GC(612) Using 1 workers of 1 for marking
[419.271s][info][gc,marking  ] GC(612) Concurrent Mark From Roots 45.297ms
[419.271s][info][gc,marking  ] GC(612) Concurrent Preclean
[419.271s][info][gc,marking  ] GC(612) Concurrent Preclean 0.069ms
[419.271s][info][gc,start    ] GC(612) Pause Remark
[419.281s][info][gc          ] GC(612) Pause Remark 285M->285M(854M) 9.877ms
[419.281s][info][gc,cpu      ] GC(612) User=0.02s Sys=0.00s Real=0.01s
[419.281s][info][gc,marking  ] GC(612) Concurrent Mark 55.476ms
[419.281s][info][gc,marking  ] GC(612) Concurrent Rebuild Remembered Sets and Scrub Regions
[419.298s][info][gc,marking  ] GC(612) Concurrent Rebuild Remembered Sets and Scrub Regions 16.178ms
[419.298s][info][gc,start    ] GC(612) Pause Cleanup
[419.298s][info][gc          ] GC(612) Pause Cleanup 286M->286M(854M) 0.053ms
[419.298s][info][gc,cpu      ] GC(612) User=0.00s Sys=0.00s Real=0.00s
[419.298s][info][gc,marking  ] GC(612) Concurrent Clear Claimed Marks
[419.298s][info][gc,marking  ] GC(612) Concurrent Clear Claimed Marks 0.077ms
[419.298s][info][gc,marking  ] GC(612) Concurrent Cleanup for Next Mark
[419.300s][info][gc,marking  ] GC(612) Concurrent Cleanup for Next Mark 2.479ms
[419.300s][info][gc          ] GC(612) Concurrent Mark Cycle 78.512ms
[420.486s][info][gc,start    ] GC(613) Pause Young (Prepare Mixed) (G1 Evacuation Pause)
[420.486s][info][gc,task     ] GC(613) Using 2 workers of 2 for evacuation
[420.494s][info][gc,phases   ] GC(613)   Pre Evacuate Collection Set: 0.28ms
[420.494s][info][gc,phases   ] GC(613)   Merge Heap Roots: 0.28ms
[420.494s][info][gc,phases   ] GC(613)   Evacuate Collection Set: 6.10ms
[420.494s][info][gc,phases   ] GC(613)   Post Evacuate Collection Set: 0.76ms
[420.494s][info][gc,phases   ] GC(613)   Other: 0.10ms
[420.494s][info][gc,heap     ] GC(613) Eden regions: 510->0(508)
[420.494s][info][gc,heap     ] GC(613) Survivor regions: 2->4(64)
[420.494s][info][gc,heap     ] GC(613) Old regions: 47->48
[420.494s][info][gc,heap     ] GC(613) Humongous regions: 207->207
[420.494s][info][gc,metaspace] GC(613) Metaspace: 57448K(57792K)->57448K(57792K) NonClass: 51827K(52096K)->51827K(52096K) Class: 5621K(5696K)->5621K(5696K)
[420.494s][info][gc          ] GC(613) Pause Young (Prepare Mixed) (G1 Evacuation Pause) 765M->257M(854M) 7.680ms
[420.494s][info][gc,cpu      ] GC(613) User=0.01s Sys=0.00s Real=0.01s
[421.709s][info][gc,start    ] GC(614) Pause Young (Mixed) (G1 Evacuation Pause)
[421.709s][info][gc,task     ] GC(614) Using 2 workers of 2 for evacuation
[421.714s][info][gc,phases   ] GC(614)   Pre Evacuate Collection Set: 0.28ms
[421.714s][info][gc,phases   ] GC(614)   Merge Heap Roots: 0.15ms
[421.714s][info][gc,phases   ] GC(614)   Evacuate Collection Set: 4.00ms
[421.714s][info][gc,phases   ] GC(614)   Post Evacuate Collection Set: 0.80ms
[421.714s][info][gc,phases   ] GC(614)   Other: 0.08ms
[421.714s][info][gc,heap     ] GC(614) Eden regions: 508->0(511)
[421.714s][info][gc,heap     ] GC(614) Survivor regions: 4->1(64)
[421.714s][info][gc,heap     ] GC(614) Old regions: 48->46
[421.714s][info][gc,heap     ] GC(614) Humongous regions: 207->207
[421.714s][info][gc,metaspace] GC(614) Metaspace: 57448K(57792K)->57448K(57792K) NonClass: 51827K(52096K)->51827K(52096K) Class: 5621K(5696K)->5621K(5696K)
[421.714s][info][gc          ] GC(614) Pause Young (Mixed) (G1 Evacuation Pause) 765M->253M(854M) 5.507ms
[421.714s][info][gc,cpu      ] GC(614) User=0.01s Sys=0.00s Real=0.00s
[422.930s][info][gc,start    ] GC(615) Pause Young (Concurrent Start) (G1 Evacuation Pause)
[422.930s][info][gc,task     ] GC(615) Using 2 workers of 2 for evacuation
[422.936s][info][gc,phases   ] GC(615)   Pre Evacuate Collection Set: 0.33ms
[422.936s][info][gc,phases   ] GC(615)   Merge Heap Roots: 0.17ms
[422.936s][info][gc,phases   ] GC(615)   Evacuate Collection Set: 4.98ms
[422.936s][info][gc,phases   ] GC(615)   Post Evacuate Collection Set: 0.79ms
[422.936s][info][gc,phases   ] GC(615)   Other: 0.10ms
[422.936s][info][gc,heap     ] GC(615) Eden regions: 511->0(509)
[422.936s][info][gc,heap     ] GC(615) Survivor regions: 1->3(64)
[422.936s][info][gc,heap     ] GC(615) Old regions: 46->47
[422.936s][info][gc,heap     ] GC(615) Humongous regions: 207->207
[422.936s][info][gc,metaspace] GC(615) Metaspace: 57448K(57792K)->57448K(57792K) NonClass: 51827K(52096K)->51827K(52096K) Class: 5621K(5696K)->5621K(5696K)
[422.936s][info][gc          ] GC(615) Pause Young (Concurrent Start) (G1 Evacuation Pause) 764M->256M(854M) 6.539ms
[422.936s][info][gc,cpu      ] GC(615) User=0.01s Sys=0.00s Real=0.00s
[422.936s][info][gc          ] GC(616) Concurrent Mark Cycle
[422.937s][info][gc,marking  ] GC(616) Concurrent Scan Root Regions
[422.943s][info][gc,marking  ] GC(616) Concurrent Scan Root Regions 5.654ms
[422.943s][info][gc,marking  ] GC(616) Concurrent Mark
[422.943s][info][gc,marking  ] GC(616) Concurrent Mark From Roots
[422.943s][info][gc,task     ] GC(616) Using 1 workers of 1 for marking
[422.991s][info][gc,marking  ] GC(616) Concurrent Mark From Roots 48.263ms
[422.991s][info][gc,marking  ] GC(616) Concurrent Preclean
[422.991s][info][gc,marking  ] GC(616) Concurrent Preclean 0.079ms
[422.991s][info][gc,start    ] GC(616) Pause Remark
[423.001s][info][gc          ] GC(616) Pause Remark 280M->280M(854M) 9.895ms
[423.001s][info][gc,cpu      ] GC(616) User=0.02s Sys=0.00s Real=0.01s
[423.001s][info][gc,marking  ] GC(616) Concurrent Mark 58.688ms
[423.001s][info][gc,marking  ] GC(616) Concurrent Rebuild Remembered Sets and Scrub Regions
[423.030s][info][gc,marking  ] GC(616) Concurrent Rebuild Remembered Sets and Scrub Regions 28.555ms
[423.030s][info][gc,start    ] GC(616) Pause Cleanup
[423.030s][info][gc          ] GC(616) Pause Cleanup 301M->301M(854M) 0.082ms
[423.030s][info][gc,cpu      ] GC(616) User=0.00s Sys=0.00s Real=0.00s
[423.030s][info][gc,marking  ] GC(616) Concurrent Clear Claimed Marks
[423.030s][info][gc,marking  ] GC(616) Concurrent Clear Claimed Marks 0.089ms
[423.030s][info][gc,marking  ] GC(616) Concurrent Cleanup for Next Mark
[423.035s][info][gc,marking  ] GC(616) Concurrent Cleanup for Next Mark 5.083ms
[423.036s][info][gc          ] GC(616) Concurrent Mark Cycle 99.242ms
[424.151s][info][gc,start    ] GC(617) Pause Young (Prepare Mixed) (G1 Evacuation Pause)
[424.151s][info][gc,task     ] GC(617) Using 2 workers of 2 for evacuation
[424.156s][info][gc,phases   ] GC(617)   Pre Evacuate Collection Set: 0.28ms
[424.156s][info][gc,phases   ] GC(617)   Merge Heap Roots: 0.16ms
[424.156s][info][gc,phases   ] GC(617)   Evacuate Collection Set: 3.33ms
[424.156s][info][gc,phases   ] GC(617)   Post Evacuate Collection Set: 0.77ms
[424.156s][info][gc,phases   ] GC(617)   Other: 0.09ms
[424.156s][info][gc,heap     ] GC(617) Eden regions: 509->0(510)
[424.156s][info][gc,heap     ] GC(617) Survivor regions: 3->2(64)
[424.156s][info][gc,heap     ] GC(617) Old regions: 47->47
[424.156s][info][gc,heap     ] GC(617) Humongous regions: 207->207
[424.156s][info][gc,metaspace] GC(617) Metaspace: 57448K(57792K)->57448K(57792K) NonClass: 51827K(52096K)->51827K(52096K) Class: 5621K(5696K)->5621K(5696K)
[424.156s][info][gc          ] GC(617) Pause Young (Prepare Mixed) (G1 Evacuation Pause) 765M->254M(854M) 4.802ms
[424.156s][info][gc,cpu      ] GC(617) User=0.01s Sys=0.00s Real=0.00s
[425.415s][info][gc,start    ] GC(618) Pause Young (Mixed) (G1 Evacuation Pause)
[425.415s][info][gc,task     ] GC(618) Using 2 workers of 2 for evacuation
[425.421s][info][gc,phases   ] GC(618)   Pre Evacuate Collection Set: 0.28ms
[425.421s][info][gc,phases   ] GC(618)   Merge Heap Roots: 0.17ms
[425.421s][info][gc,phases   ] GC(618)   Evacuate Collection Set: 4.97ms
[425.421s][info][gc,phases   ] GC(618)   Post Evacuate Collection Set: 0.77ms
[425.421s][info][gc,phases   ] GC(618)   Other: 0.08ms
[425.421s][info][gc,heap     ] GC(618) Eden regions: 510->0(510)
[425.421s][info][gc,heap     ] GC(618) Survivor regions: 2->2(64)
[425.421s][info][gc,heap     ] GC(618) Old regions: 47->46
[425.421s][info][gc,heap     ] GC(618) Humongous regions: 207->207
[425.421s][info][gc,metaspace] GC(618) Metaspace: 57448K(57792K)->57448K(57792K) NonClass: 51827K(52096K)->51827K(52096K) Class: 5621K(5696K)->5621K(5696K)
[425.421s][info][gc          ] GC(618) Pause Young (Mixed) (G1 Evacuation Pause) 764M->254M(854M) 6.471ms
[425.421s][info][gc,cpu      ] GC(618) User=0.01s Sys=0.00s Real=0.01s
[426.629s][info][gc,start    ] GC(619) Pause Young (Concurrent Start) (G1 Evacuation Pause)
[426.629s][info][gc,task     ] GC(619) Using 2 workers of 2 for evacuation
[426.635s][info][gc,phases   ] GC(619)   Pre Evacuate Collection Set: 0.32ms
[426.635s][info][gc,phases   ] GC(619)   Merge Heap Roots: 0.14ms
[426.635s][info][gc,phases   ] GC(619)   Evacuate Collection Set: 5.05ms
[426.635s][info][gc,phases   ] GC(619)   Post Evacuate Collection Set: 0.76ms
[426.635s][info][gc,phases   ] GC(619)   Other: 0.10ms
[426.635s][info][gc,heap     ] GC(619) Eden regions: 510->0(509)
[426.635s][info][gc,heap     ] GC(619) Survivor regions: 2->3(64)
[426.635s][info][gc,heap     ] GC(619) Old regions: 46->46
[426.635s][info][gc,heap     ] GC(619) Humongous regions: 207->207
[426.635s][info][gc,metaspace] GC(619) Metaspace: 57448K(57792K)->57448K(57792K) NonClass: 51827K(52096K)->51827K(52096K) Class: 5621K(5696K)->5621K(5696K)
[426.635s][info][gc          ] GC(619) Pause Young (Concurrent Start) (G1 Evacuation Pause) 764M->255M(854M) 6.544ms
[426.635s][info][gc,cpu      ] GC(619) User=0.01s Sys=0.00s Real=0.00s
[426.635s][info][gc          ] GC(620) Concurrent Mark Cycle
[426.636s][info][gc,marking  ] GC(620) Concurrent Scan Root Regions
[426.642s][info][gc,marking  ] GC(620) Concurrent Scan Root Regions 5.576ms
[426.642s][info][gc,marking  ] GC(620) Concurrent Mark
[426.642s][info][gc,marking  ] GC(620) Concurrent Mark From Roots
[426.642s][info][gc,task     ] GC(620) Using 1 workers of 1 for marking
[426.689s][info][gc,marking  ] GC(620) Concurrent Mark From Roots 47.392ms
[426.689s][info][gc,marking  ] GC(620) Concurrent Preclean
[426.690s][info][gc,marking  ] GC(620) Concurrent Preclean 0.064ms
[426.690s][info][gc,start    ] GC(620) Pause Remark
[426.699s][info][gc          ] GC(620) Pause Remark 274M->274M(854M) 9.863ms
[426.700s][info][gc,cpu      ] GC(620) User=0.02s Sys=0.00s Real=0.01s
[426.700s][info][gc,marking  ] GC(620) Concurrent Mark 57.735ms
[426.700s][info][gc,marking  ] GC(620) Concurrent Rebuild Remembered Sets and Scrub Regions
[426.724s][info][gc,marking  ] GC(620) Concurrent Rebuild Remembered Sets and Scrub Regions 24.690ms
[426.725s][info][gc,start    ] GC(620) Pause Cleanup
[426.725s][info][gc          ] GC(620) Pause Cleanup 290M->290M(854M) 0.070ms
[426.725s][info][gc,cpu      ] GC(620) User=0.00s Sys=0.00s Real=0.00s
[426.725s][info][gc,marking  ] GC(620) Concurrent Clear Claimed Marks
[426.726s][info][gc,marking  ] GC(620) Concurrent Clear Claimed Marks 0.093ms
[426.726s][info][gc,marking  ] GC(620) Concurrent Cleanup for Next Mark
[426.732s][info][gc,marking  ] GC(620) Concurrent Cleanup for Next Mark 6.032ms
[426.732s][info][gc          ] GC(620) Concurrent Mark Cycle 96.378ms
[427.888s][info][gc,start    ] GC(621) Pause Young (Prepare Mixed) (G1 Evacuation Pause)
[427.888s][info][gc,task     ] GC(621) Using 2 workers of 2 for evacuation
[427.892s][info][gc,phases   ] GC(621)   Pre Evacuate Collection Set: 0.29ms
[427.892s][info][gc,phases   ] GC(621)   Merge Heap Roots: 0.17ms
[427.892s][info][gc,phases   ] GC(621)   Evacuate Collection Set: 2.72ms
[427.892s][info][gc,phases   ] GC(621)   Post Evacuate Collection Set: 0.76ms
[427.892s][info][gc,phases   ] GC(621)   Other: 0.09ms
[427.892s][info][gc,heap     ] GC(621) Eden regions: 509->0(510)
[427.892s][info][gc,heap     ] GC(621) Survivor regions: 3->2(64)
[427.892s][info][gc,heap     ] GC(621) Old regions: 46->47
[427.892s][info][gc,heap     ] GC(621) Humongous regions: 207->207
[427.892s][info][gc,metaspace] GC(621) Metaspace: 57448K(57792K)->57448K(57792K) NonClass: 51827K(52096K)->51827K(52096K) Class: 5621K(5696K)->5621K(5696K)
[427.892s][info][gc          ] GC(621) Pause Young (Prepare Mixed) (G1 Evacuation Pause) 764M->253M(854M) 4.210ms
[427.892s][info][gc,cpu      ] GC(621) User=0.01s Sys=0.00s Real=0.01s
[431.474s][info][gc,start    ] GC(622) Pause Young (Mixed) (G1 Evacuation Pause)
[431.474s][info][gc,task     ] GC(622) Using 2 workers of 2 for evacuation
[431.491s][info][gc,phases   ] GC(622)   Pre Evacuate Collection Set: 0.29ms
[431.491s][info][gc,phases   ] GC(622)   Merge Heap Roots: 0.18ms
[431.491s][info][gc,phases   ] GC(622)   Evacuate Collection Set: 15.86ms
[431.491s][info][gc,phases   ] GC(622)   Post Evacuate Collection Set: 0.93ms
[431.491s][info][gc,phases   ] GC(622)   Other: 0.14ms
[431.491s][info][gc,heap     ] GC(622) Eden regions: 442->0(507)
[431.491s][info][gc,heap     ] GC(622) Survivor regions: 2->14(64)
[431.491s][info][gc,heap     ] GC(622) Old regions: 47->46
[431.491s][info][gc,heap     ] GC(622) Humongous regions: 363->207
[431.491s][info][gc,metaspace] GC(622) Metaspace: 57593K(57920K)->57593K(57920K) NonClass: 51972K(52224K)->51972K(52224K) Class: 5621K(5696K)->5621K(5696K)
[431.491s][info][gc          ] GC(622) Pause Young (Mixed) (G1 Evacuation Pause) 851M->266M(869M) 17.596ms
[431.491s][info][gc,cpu      ] GC(622) User=0.03s Sys=0.01s Real=0.02s
[432.630s][info][gc,start    ] GC(623) Pause Young (Normal) (G1 Evacuation Pause)
[432.630s][info][gc,task     ] GC(623) Using 2 workers of 2 for evacuation
[432.642s][info][gc,phases   ] GC(623)   Pre Evacuate Collection Set: 0.28ms
[432.642s][info][gc,phases   ] GC(623)   Merge Heap Roots: 0.16ms
[432.642s][info][gc,phases   ] GC(623)   Evacuate Collection Set: 10.16ms
[432.642s][info][gc,phases   ] GC(623)   Post Evacuate Collection Set: 0.86ms
[432.642s][info][gc,phases   ] GC(623)   Other: 0.08ms
[432.642s][info][gc,heap     ] GC(623) Eden regions: 507->0(503)
[432.642s][info][gc,heap     ] GC(623) Survivor regions: 14->18(66)
[432.642s][info][gc,heap     ] GC(623) Old regions: 46->46
[432.642s][info][gc,heap     ] GC(623) Humongous regions: 207->207
[432.642s][info][gc,metaspace] GC(623) Metaspace: 57593K(57920K)->57593K(57920K) NonClass: 51972K(52224K)->51972K(52224K) Class: 5621K(5696K)->5621K(5696K)
[432.642s][info][gc          ] GC(623) Pause Young (Normal) (G1 Evacuation Pause) 772M->270M(869M) 11.717ms
[432.642s][info][gc,cpu      ] GC(623) User=0.03s Sys=0.00s Real=0.01s
[433.884s][info][gc,start    ] GC(624) Pause Young (Concurrent Start) (G1 Evacuation Pause)
[433.884s][info][gc,task     ] GC(624) Using 2 workers of 2 for evacuation
[433.894s][info][gc,phases   ] GC(624)   Pre Evacuate Collection Set: 0.32ms
[433.894s][info][gc,phases   ] GC(624)   Merge Heap Roots: 0.13ms
[433.894s][info][gc,phases   ] GC(624)   Evacuate Collection Set: 8.40ms
[433.894s][info][gc,phases   ] GC(624)   Post Evacuate Collection Set: 0.83ms
[433.894s][info][gc,phases   ] GC(624)   Other: 0.15ms
[433.894s][info][gc,heap     ] GC(624) Eden regions: 503->0(504)
[433.894s][info][gc,heap     ] GC(624) Survivor regions: 18->17(66)
[433.894s][info][gc,heap     ] GC(624) Old regions: 46->46
[433.894s][info][gc,heap     ] GC(624) Humongous regions: 207->207
[433.894s][info][gc,metaspace] GC(624) Metaspace: 57593K(57920K)->57593K(57920K) NonClass: 51972K(52224K)->51972K(52224K) Class: 5621K(5696K)->5621K(5696K)
[433.894s][info][gc          ] GC(624) Pause Young (Concurrent Start) (G1 Evacuation Pause) 773M->268M(869M) 10.011ms
[433.894s][info][gc          ] GC(625) Concurrent Mark Cycle
[433.894s][info][gc,marking  ] GC(625) Concurrent Scan Root Regions
[433.894s][info][gc,cpu      ] GC(624) User=0.01s Sys=0.00s Real=0.01s
[433.901s][info][gc,marking  ] GC(625) Concurrent Scan Root Regions 6.833ms
[433.901s][info][gc,marking  ] GC(625) Concurrent Mark
[433.901s][info][gc,marking  ] GC(625) Concurrent Mark From Roots
[433.901s][info][gc,task     ] GC(625) Using 1 workers of 1 for marking
[433.963s][info][gc,marking  ] GC(625) Concurrent Mark From Roots 61.774ms
[433.963s][info][gc,marking  ] GC(625) Concurrent Preclean
[433.963s][info][gc,marking  ] GC(625) Concurrent Preclean 0.046ms
[433.963s][info][gc,start    ] GC(625) Pause Remark
[433.973s][info][gc          ] GC(625) Pause Remark 312M->312M(869M) 10.137ms
[433.973s][info][gc,cpu      ] GC(625) User=0.02s Sys=0.00s Real=0.01s
[433.973s][info][gc,marking  ] GC(625) Concurrent Mark 72.267ms
[433.973s][info][gc,marking  ] GC(625) Concurrent Rebuild Remembered Sets and Scrub Regions
[433.989s][info][gc,marking  ] GC(625) Concurrent Rebuild Remembered Sets and Scrub Regions 15.507ms
[433.989s][info][gc,start    ] GC(625) Pause Cleanup
[433.989s][info][gc          ] GC(625) Pause Cleanup 318M->318M(869M) 0.073ms
[433.989s][info][gc,cpu      ] GC(625) User=0.00s Sys=0.00s Real=0.00s
[433.989s][info][gc,marking  ] GC(625) Concurrent Clear Claimed Marks
[433.989s][info][gc,marking  ] GC(625) Concurrent Clear Claimed Marks 0.095ms
[433.989s][info][gc,marking  ] GC(625) Concurrent Cleanup for Next Mark
[433.992s][info][gc,marking  ] GC(625) Concurrent Cleanup for Next Mark 2.780ms
[433.992s][info][gc          ] GC(625) Concurrent Mark Cycle 97.870ms
[435.108s][info][gc,start    ] GC(626) Pause Young (Prepare Mixed) (G1 Evacuation Pause)
[435.108s][info][gc,task     ] GC(626) Using 2 workers of 2 for evacuation
[435.115s][info][gc,phases   ] GC(626)   Pre Evacuate Collection Set: 0.25ms
[435.115s][info][gc,phases   ] GC(626)   Merge Heap Roots: 0.18ms
[435.115s][info][gc,phases   ] GC(626)   Evacuate Collection Set: 5.77ms
[435.115s][info][gc,phases   ] GC(626)   Post Evacuate Collection Set: 0.84ms
[435.115s][info][gc,phases   ] GC(626)   Other: 0.09ms
[435.115s][info][gc,heap     ] GC(626) Eden regions: 504->0(506)
[435.115s][info][gc,heap     ] GC(626) Survivor regions: 17->15(66)
[435.115s][info][gc,heap     ] GC(626) Old regions: 46->46
[435.115s][info][gc,heap     ] GC(626) Humongous regions: 207->207
[435.115s][info][gc,metaspace] GC(626) Metaspace: 57593K(57920K)->57593K(57920K) NonClass: 51972K(52224K)->51972K(52224K) Class: 5621K(5696K)->5621K(5696K)
[435.115s][info][gc          ] GC(626) Pause Young (Prepare Mixed) (G1 Evacuation Pause) 772M->267M(869M) 7.301ms
[435.115s][info][gc,cpu      ] GC(626) User=0.02s Sys=0.00s Real=0.01s
[436.323s][info][gc,start    ] GC(627) Pause Young (Mixed) (G1 Evacuation Pause)
[436.323s][info][gc,task     ] GC(627) Using 2 workers of 2 for evacuation
[436.334s][info][gc,phases   ] GC(627)   Pre Evacuate Collection Set: 0.30ms
[436.334s][info][gc,phases   ] GC(627)   Merge Heap Roots: 0.16ms
[436.334s][info][gc,phases   ] GC(627)   Evacuate Collection Set: 10.05ms
[436.334s][info][gc,phases   ] GC(627)   Post Evacuate Collection Set: 0.88ms
[436.334s][info][gc,phases   ] GC(627)   Other: 0.08ms
[436.334s][info][gc,heap     ] GC(627) Eden regions: 506->0(504)
[436.334s][info][gc,heap     ] GC(627) Survivor regions: 15->17(66)
[436.334s][info][gc,heap     ] GC(627) Old regions: 46->45
[436.334s][info][gc,heap     ] GC(627) Humongous regions: 207->207
[436.334s][info][gc,metaspace] GC(627) Metaspace: 57595K(57920K)->57595K(57920K) NonClass: 51974K(52224K)->51974K(52224K) Class: 5621K(5696K)->5621K(5696K)
[436.334s][info][gc          ] GC(627) Pause Young (Mixed) (G1 Evacuation Pause) 773M->268M(869M) 11.651ms
[436.334s][info][gc,cpu      ] GC(627) User=0.03s Sys=0.00s Real=0.01s
[437.526s][info][gc,start    ] GC(628) Pause Young (Concurrent Start) (G1 Evacuation Pause)
[437.526s][info][gc,task     ] GC(628) Using 2 workers of 2 for evacuation
[437.536s][info][gc,phases   ] GC(628)   Pre Evacuate Collection Set: 0.28ms
[437.536s][info][gc,phases   ] GC(628)   Merge Heap Roots: 0.17ms
[437.536s][info][gc,phases   ] GC(628)   Evacuate Collection Set: 8.27ms
[437.536s][info][gc,phases   ] GC(628)   Post Evacuate Collection Set: 0.86ms
[437.536s][info][gc,phases   ] GC(628)   Other: 0.11ms
[437.536s][info][gc,heap     ] GC(628) Eden regions: 504->0(504)
[437.536s][info][gc,heap     ] GC(628) Survivor regions: 17->17(66)
[437.536s][info][gc,heap     ] GC(628) Old regions: 45->45
[437.536s][info][gc,heap     ] GC(628) Humongous regions: 207->207
[437.536s][info][gc,metaspace] GC(628) Metaspace: 57595K(57920K)->57595K(57920K) NonClass: 51974K(52224K)->51974K(52224K) Class: 5621K(5696K)->5621K(5696K)
[437.536s][info][gc          ] GC(628) Pause Young (Concurrent Start) (G1 Evacuation Pause) 772M->268M(869M) 9.890ms
[437.536s][info][gc          ] GC(629) Concurrent Mark Cycle
[437.536s][info][gc,marking  ] GC(629) Concurrent Scan Root Regions
[437.537s][info][gc,cpu      ] GC(628) User=0.02s Sys=0.00s Real=0.01s
[437.547s][info][gc,marking  ] GC(629) Concurrent Scan Root Regions 10.334ms
[437.547s][info][gc,marking  ] GC(629) Concurrent Mark
[437.547s][info][gc,marking  ] GC(629) Concurrent Mark From Roots
[437.547s][info][gc,task     ] GC(629) Using 1 workers of 1 for marking
[437.589s][info][gc,marking  ] GC(629) Concurrent Mark From Roots 42.650ms
[437.589s][info][gc,marking  ] GC(629) Concurrent Preclean
[437.589s][info][gc,marking  ] GC(629) Concurrent Preclean 0.048ms
[437.589s][info][gc,start    ] GC(629) Pause Remark
[437.600s][info][gc          ] GC(629) Pause Remark 292M->292M(869M) 10.621ms
[437.600s][info][gc,cpu      ] GC(629) User=0.01s Sys=0.00s Real=0.01s
[437.600s][info][gc,marking  ] GC(629) Concurrent Mark 53.730ms
[437.600s][info][gc,marking  ] GC(629) Concurrent Rebuild Remembered Sets and Scrub Regions
[437.617s][info][gc,marking  ] GC(629) Concurrent Rebuild Remembered Sets and Scrub Regions 16.546ms
[437.617s][info][gc,start    ] GC(629) Pause Cleanup
[437.617s][info][gc          ] GC(629) Pause Cleanup 299M->299M(869M) 0.079ms
[437.617s][info][gc,cpu      ] GC(629) User=0.00s Sys=0.00s Real=0.00s
[437.617s][info][gc,marking  ] GC(629) Concurrent Clear Claimed Marks
[437.617s][info][gc,marking  ] GC(629) Concurrent Clear Claimed Marks 0.087ms
[437.617s][info][gc,marking  ] GC(629) Concurrent Cleanup for Next Mark
[437.620s][info][gc,marking  ] GC(629) Concurrent Cleanup for Next Mark 2.641ms
[437.620s][info][gc          ] GC(629) Concurrent Mark Cycle 83.805ms
[438.731s][info][gc,start    ] GC(630) Pause Young (Prepare Mixed) (G1 Evacuation Pause)
[438.731s][info][gc,task     ] GC(630) Using 2 workers of 2 for evacuation
[438.742s][info][gc,phases   ] GC(630)   Pre Evacuate Collection Set: 0.28ms
[438.742s][info][gc,phases   ] GC(630)   Merge Heap Roots: 0.15ms
[438.742s][info][gc,phases   ] GC(630)   Evacuate Collection Set: 9.46ms
[438.742s][info][gc,phases   ] GC(630)   Post Evacuate Collection Set: 0.87ms
[438.742s][info][gc,phases   ] GC(630)   Other: 0.09ms
[438.742s][info][gc,heap     ] GC(630) Eden regions: 504->0(504)
[438.742s][info][gc,heap     ] GC(630) Survivor regions: 17->17(66)
[438.742s][info][gc,heap     ] GC(630) Old regions: 45->45
[438.742s][info][gc,heap     ] GC(630) Humongous regions: 207->207
[438.742s][info][gc,metaspace] GC(630) Metaspace: 57595K(57920K)->57595K(57920K) NonClass: 51974K(52224K)->51974K(52224K) Class: 5621K(5696K)->5621K(5696K)
[438.742s][info][gc          ] GC(630) Pause Young (Prepare Mixed) (G1 Evacuation Pause) 772M->268M(869M) 11.030ms
[438.742s][info][gc,cpu      ] GC(630) User=0.02s Sys=0.00s Real=0.01s
[439.937s][info][gc,start    ] GC(631) Pause Young (Mixed) (G1 Evacuation Pause)
[439.937s][info][gc,task     ] GC(631) Using 2 workers of 2 for evacuation
[439.951s][info][gc,phases   ] GC(631)   Pre Evacuate Collection Set: 0.28ms
[439.951s][info][gc,phases   ] GC(631)   Merge Heap Roots: 0.15ms
[439.951s][info][gc,phases   ] GC(631)   Evacuate Collection Set: 11.87ms
[439.951s][info][gc,phases   ] GC(631)   Post Evacuate Collection Set: 0.94ms
[439.951s][info][gc,phases   ] GC(631)   Other: 0.08ms
[439.951s][info][gc,heap     ] GC(631) Eden regions: 504->0(503)
[439.951s][info][gc,heap     ] GC(631) Survivor regions: 17->18(66)
[439.951s][info][gc,heap     ] GC(631) Old regions: 45->45
[439.951s][info][gc,heap     ] GC(631) Humongous regions: 207->207
[439.951s][info][gc,metaspace] GC(631) Metaspace: 57595K(57920K)->57595K(57920K) NonClass: 51974K(52224K)->51974K(52224K) Class: 5621K(5696K)->5621K(5696K)
[439.951s][info][gc          ] GC(631) Pause Young (Mixed) (G1 Evacuation Pause) 772M->269M(869M) 13.520ms
[439.951s][info][gc,cpu      ] GC(631) User=0.02s Sys=0.00s Real=0.02s
[441.151s][info][gc,start    ] GC(632) Pause Young (Normal) (G1 Evacuation Pause)
[441.151s][info][gc,task     ] GC(632) Using 2 workers of 2 for evacuation
[441.159s][info][gc,phases   ] GC(632)   Pre Evacuate Collection Set: 0.29ms
[441.159s][info][gc,phases   ] GC(632)   Merge Heap Roots: 0.16ms
[441.159s][info][gc,phases   ] GC(632)   Evacuate Collection Set: 6.61ms
[441.159s][info][gc,phases   ] GC(632)   Post Evacuate Collection Set: 0.80ms
[441.159s][info][gc,phases   ] GC(632)   Other: 0.13ms
[441.159s][info][gc,heap     ] GC(632) Eden regions: 503->0(505)
[441.159s][info][gc,heap     ] GC(632) Survivor regions: 18->16(66)
[441.159s][info][gc,heap     ] GC(632) Old regions: 45->45
[441.159s][info][gc,heap     ] GC(632) Humongous regions: 207->207
[441.159s][info][gc,metaspace] GC(632) Metaspace: 57595K(57920K)->57595K(57920K) NonClass: 51974K(52224K)->51974K(52224K) Class: 5621K(5696K)->5621K(5696K)
[441.159s][info][gc          ] GC(632) Pause Young (Normal) (G1 Evacuation Pause) 772M->267M(869M) 8.192ms
[441.159s][info][gc,cpu      ] GC(632) User=0.01s Sys=0.00s Real=0.01s
[442.418s][info][gc,start    ] GC(633) Pause Young (Normal) (G1 Evacuation Pause)
[442.418s][info][gc,task     ] GC(633) Using 2 workers of 2 for evacuation
[442.427s][info][gc,phases   ] GC(633)   Pre Evacuate Collection Set: 0.27ms
[442.427s][info][gc,phases   ] GC(633)   Merge Heap Roots: 0.16ms
[442.427s][info][gc,phases   ] GC(633)   Evacuate Collection Set: 7.03ms
[442.427s][info][gc,phases   ] GC(633)   Post Evacuate Collection Set: 0.84ms
[442.427s][info][gc,phases   ] GC(633)   Other: 0.09ms
[442.427s][info][gc,heap     ] GC(633) Eden regions: 505->0(505)
[442.427s][info][gc,heap     ] GC(633) Survivor regions: 16->16(66)
[442.427s][info][gc,heap     ] GC(633) Old regions: 45->45
[442.427s][info][gc,heap     ] GC(633) Humongous regions: 207->207
[442.427s][info][gc,metaspace] GC(633) Metaspace: 57595K(57920K)->57595K(57920K) NonClass: 51974K(52224K)->51974K(52224K) Class: 5621K(5696K)->5621K(5696K)
[442.427s][info][gc          ] GC(633) Pause Young (Normal) (G1 Evacuation Pause) 772M->267M(869M) 8.573ms
[442.427s][info][gc,cpu      ] GC(633) User=0.02s Sys=0.00s Real=0.00s
[443.628s][info][gc,start    ] GC(634) Pause Young (Normal) (G1 Evacuation Pause)
[443.628s][info][gc,task     ] GC(634) Using 2 workers of 2 for evacuation
[443.638s][info][gc,phases   ] GC(634)   Pre Evacuate Collection Set: 0.28ms
[443.638s][info][gc,phases   ] GC(634)   Merge Heap Roots: 0.15ms
[443.638s][info][gc,phases   ] GC(634)   Evacuate Collection Set: 7.84ms
[443.638s][info][gc,phases   ] GC(634)   Post Evacuate Collection Set: 0.83ms
[443.638s][info][gc,phases   ] GC(634)   Other: 0.09ms
[443.638s][info][gc,heap     ] GC(634) Eden regions: 505->0(504)
[443.638s][info][gc,heap     ] GC(634) Survivor regions: 16->17(66)
[443.638s][info][gc,heap     ] GC(634) Old regions: 45->45
[443.638s][info][gc,heap     ] GC(634) Humongous regions: 207->207
[443.638s][info][gc,metaspace] GC(634) Metaspace: 57595K(57920K)->57595K(57920K) NonClass: 51974K(52224K)->51974K(52224K) Class: 5621K(5696K)->5621K(5696K)
[443.638s][info][gc          ] GC(634) Pause Young (Normal) (G1 Evacuation Pause) 772M->268M(869M) 9.368ms
[443.638s][info][gc,cpu      ] GC(634) User=0.02s Sys=0.00s Real=0.00s
[444.835s][info][gc,start    ] GC(635) Pause Young (Normal) (G1 Evacuation Pause)
[444.835s][info][gc,task     ] GC(635) Using 2 workers of 2 for evacuation
[444.845s][info][gc,phases   ] GC(635)   Pre Evacuate Collection Set: 0.32ms
[444.845s][info][gc,phases   ] GC(635)   Merge Heap Roots: 0.14ms
[444.845s][info][gc,phases   ] GC(635)   Evacuate Collection Set: 8.98ms
[444.845s][info][gc,phases   ] GC(635)   Post Evacuate Collection Set: 0.85ms
[444.845s][info][gc,phases   ] GC(635)   Other: 0.09ms
[444.845s][info][gc,heap     ] GC(635) Eden regions: 504->0(503)
[444.845s][info][gc,heap     ] GC(635) Survivor regions: 17->18(66)
[444.845s][info][gc,heap     ] GC(635) Old regions: 45->45
[444.845s][info][gc,heap     ] GC(635) Humongous regions: 207->207
[444.845s][info][gc,metaspace] GC(635) Metaspace: 57595K(57920K)->57595K(57920K) NonClass: 51974K(52224K)->51974K(52224K) Class: 5621K(5696K)->5621K(5696K)
[444.845s][info][gc          ] GC(635) Pause Young (Normal) (G1 Evacuation Pause) 772M->269M(869M) 10.575ms
[444.845s][info][gc,cpu      ] GC(635) User=0.02s Sys=0.00s Real=0.01s
[446.039s][info][gc,start    ] GC(636) Pause Young (Normal) (G1 Evacuation Pause)
[446.039s][info][gc,task     ] GC(636) Using 2 workers of 2 for evacuation
[446.054s][info][gc,phases   ] GC(636)   Pre Evacuate Collection Set: 0.42ms
[446.054s][info][gc,phases   ] GC(636)   Merge Heap Roots: 0.12ms
[446.054s][info][gc,phases   ] GC(636)   Evacuate Collection Set: 12.84ms
[446.054s][info][gc,phases   ] GC(636)   Post Evacuate Collection Set: 1.28ms
[446.054s][info][gc,phases   ] GC(636)   Other: 0.11ms
[446.054s][info][gc,heap     ] GC(636) Eden regions: 503->0(503)
[446.054s][info][gc,heap     ] GC(636) Survivor regions: 18->18(66)
[446.054s][info][gc,heap     ] GC(636) Old regions: 45->45
[446.054s][info][gc,heap     ] GC(636) Humongous regions: 207->207
[446.054s][info][gc,metaspace] GC(636) Metaspace: 57595K(57920K)->57595K(57920K) NonClass: 51974K(52224K)->51974K(52224K) Class: 5621K(5696K)->5621K(5696K)
[446.054s][info][gc          ] GC(636) Pause Young (Normal) (G1 Evacuation Pause) 772M->269M(869M) 14.970ms
[446.054s][info][gc,cpu      ] GC(636) User=0.02s Sys=0.00s Real=0.01s
[447.244s][info][gc,start    ] GC(637) Pause Young (Normal) (G1 Evacuation Pause)
[447.244s][info][gc,task     ] GC(637) Using 2 workers of 2 for evacuation
[447.253s][info][gc,phases   ] GC(637)   Pre Evacuate Collection Set: 0.51ms
[447.253s][info][gc,phases   ] GC(637)   Merge Heap Roots: 0.17ms
[447.253s][info][gc,phases   ] GC(637)   Evacuate Collection Set: 7.15ms
[447.253s][info][gc,phases   ] GC(637)   Post Evacuate Collection Set: 0.84ms
[447.253s][info][gc,phases   ] GC(637)   Other: 0.12ms
[447.253s][info][gc,heap     ] GC(637) Eden regions: 503->0(505)
[447.253s][info][gc,heap     ] GC(637) Survivor regions: 18->16(66)
[447.253s][info][gc,heap     ] GC(637) Old regions: 45->45
[447.253s][info][gc,heap     ] GC(637) Humongous regions: 207->207
[447.253s][info][gc,metaspace] GC(637) Metaspace: 57595K(57920K)->57595K(57920K) NonClass: 51974K(52224K)->51974K(52224K) Class: 5621K(5696K)->5621K(5696K)
[447.253s][info][gc          ] GC(637) Pause Young (Normal) (G1 Evacuation Pause) 772M->267M(869M) 8.966ms
[447.253s][info][gc,cpu      ] GC(637) User=0.02s Sys=0.00s Real=0.01s
[448.514s][info][gc,start    ] GC(638) Pause Young (Normal) (G1 Evacuation Pause)
[448.514s][info][gc,task     ] GC(638) Using 2 workers of 2 for evacuation
[448.526s][info][gc,phases   ] GC(638)   Pre Evacuate Collection Set: 0.26ms
[448.526s][info][gc,phases   ] GC(638)   Merge Heap Roots: 0.15ms
[448.526s][info][gc,phases   ] GC(638)   Evacuate Collection Set: 9.42ms
[448.526s][info][gc,phases   ] GC(638)   Post Evacuate Collection Set: 1.24ms
[448.526s][info][gc,phases   ] GC(638)   Other: 0.09ms
[448.526s][info][gc,heap     ] GC(638) Eden regions: 505->0(505)
[448.526s][info][gc,heap     ] GC(638) Survivor regions: 16->16(66)
[448.526s][info][gc,heap     ] GC(638) Old regions: 45->45
[448.526s][info][gc,heap     ] GC(638) Humongous regions: 207->207
[448.526s][info][gc,metaspace] GC(638) Metaspace: 57595K(57920K)->57595K(57920K) NonClass: 51974K(52224K)->51974K(52224K) Class: 5621K(5696K)->5621K(5696K)
[448.526s][info][gc          ] GC(638) Pause Young (Normal) (G1 Evacuation Pause) 772M->267M(869M) 11.335ms
[448.526s][info][gc,cpu      ] GC(638) User=0.01s Sys=0.00s Real=0.01s
[449.722s][info][gc,start    ] GC(639) Pause Young (Normal) (G1 Evacuation Pause)
[449.723s][info][gc,task     ] GC(639) Using 2 workers of 2 for evacuation
[449.732s][info][gc,phases   ] GC(639)   Pre Evacuate Collection Set: 0.29ms
[449.732s][info][gc,phases   ] GC(639)   Merge Heap Roots: 0.16ms
[449.732s][info][gc,phases   ] GC(639)   Evacuate Collection Set: 8.29ms
[449.732s][info][gc,phases   ] GC(639)   Post Evacuate Collection Set: 0.83ms
[449.732s][info][gc,phases   ] GC(639)   Other: 0.09ms
[449.732s][info][gc,heap     ] GC(639) Eden regions: 505->0(516)
[449.732s][info][gc,heap     ] GC(639) Survivor regions: 16->5(66)
[449.732s][info][gc,heap     ] GC(639) Old regions: 45->58
[449.732s][info][gc,heap     ] GC(639) Humongous regions: 207->207
[449.732s][info][gc,metaspace] GC(639) Metaspace: 57595K(57920K)->57595K(57920K) NonClass: 51974K(52224K)->51974K(52224K) Class: 5621K(5696K)->5621K(5696K)
[449.732s][info][gc          ] GC(639) Pause Young (Normal) (G1 Evacuation Pause) 772M->269M(869M) 9.833ms
[449.732s][info][gc,cpu      ] GC(639) User=0.02s Sys=0.00s Real=0.01s
[450.944s][info][gc,start    ] GC(640) Pause Young (Concurrent Start) (G1 Evacuation Pause)
[450.944s][info][gc,task     ] GC(640) Using 2 workers of 2 for evacuation
[450.957s][info][gc,phases   ] GC(640)   Pre Evacuate Collection Set: 0.80ms
[450.957s][info][gc,phases   ] GC(640)   Merge Heap Roots: 0.16ms
[450.957s][info][gc,phases   ] GC(640)   Evacuate Collection Set: 10.51ms
[450.957s][info][gc,phases   ] GC(640)   Post Evacuate Collection Set: 0.75ms
[450.957s][info][gc,phases   ] GC(640)   Other: 0.12ms
[450.957s][info][gc,heap     ] GC(640) Eden regions: 516->0(519)
[450.957s][info][gc,heap     ] GC(640) Survivor regions: 5->2(66)
[450.957s][info][gc,heap     ] GC(640) Old regions: 58->60
[450.957s][info][gc,heap     ] GC(640) Humongous regions: 207->207
[450.957s][info][gc,metaspace] GC(640) Metaspace: 57595K(57920K)->57595K(57920K) NonClass: 51974K(52224K)->51974K(52224K) Class: 5621K(5696K)->5621K(5696K)
[450.957s][info][gc          ] GC(640) Pause Young (Concurrent Start) (G1 Evacuation Pause) 784M->267M(869M) 12.509ms
[450.957s][info][gc,cpu      ] GC(640) User=0.01s Sys=0.00s Real=0.01s
[450.957s][info][gc          ] GC(641) Concurrent Mark Cycle
[450.957s][info][gc,marking  ] GC(641) Concurrent Scan Root Regions
[450.963s][info][gc,marking  ] GC(641) Concurrent Scan Root Regions 5.777ms
[450.963s][info][gc,marking  ] GC(641) Concurrent Mark
[450.963s][info][gc,marking  ] GC(641) Concurrent Mark From Roots
[450.963s][info][gc,task     ] GC(641) Using 1 workers of 1 for marking
[451.003s][info][gc,marking  ] GC(641) Concurrent Mark From Roots 40.428ms
[451.003s][info][gc,marking  ] GC(641) Concurrent Preclean
[451.003s][info][gc,marking  ] GC(641) Concurrent Preclean 0.066ms
[451.003s][info][gc,start    ] GC(641) Pause Remark
[451.014s][info][gc          ] GC(641) Pause Remark 273M->260M(854M) 10.218ms
[451.014s][info][gc,cpu      ] GC(641) User=0.02s Sys=0.00s Real=0.01s
[451.014s][info][gc,marking  ] GC(641) Concurrent Mark 51.154ms
[451.014s][info][gc,marking  ] GC(641) Concurrent Rebuild Remembered Sets and Scrub Regions
[451.039s][info][gc,marking  ] GC(641) Concurrent Rebuild Remembered Sets and Scrub Regions 24.956ms
[451.039s][info][gc,start    ] GC(641) Pause Cleanup
[451.039s][info][gc          ] GC(641) Pause Cleanup 278M->278M(854M) 0.078ms
[451.039s][info][gc,cpu      ] GC(641) User=0.00s Sys=0.00s Real=0.00s
[451.039s][info][gc,marking  ] GC(641) Concurrent Clear Claimed Marks
[451.040s][info][gc,marking  ] GC(641) Concurrent Clear Claimed Marks 0.774ms
[451.040s][info][gc,marking  ] GC(641) Concurrent Cleanup for Next Mark
[451.043s][info][gc,marking  ] GC(641) Concurrent Cleanup for Next Mark 2.836ms
[451.043s][info][gc          ] GC(641) Concurrent Mark Cycle 86.074ms
[452.221s][info][gc,start    ] GC(642) Pause Young (Prepare Mixed) (G1 Evacuation Pause)
[452.221s][info][gc,task     ] GC(642) Using 2 workers of 2 for evacuation
[452.226s][info][gc,phases   ] GC(642)   Pre Evacuate Collection Set: 0.29ms
[452.227s][info][gc,phases   ] GC(642)   Merge Heap Roots: 0.17ms
[452.227s][info][gc,phases   ] GC(642)   Evacuate Collection Set: 3.90ms
[452.227s][info][gc,phases   ] GC(642)   Post Evacuate Collection Set: 0.76ms
[452.227s][info][gc,phases   ] GC(642)   Other: 0.10ms
[452.227s][info][gc,heap     ] GC(642) Eden regions: 510->0(509)
[452.227s][info][gc,heap     ] GC(642) Survivor regions: 2->3(64)
[452.227s][info][gc,heap     ] GC(642) Old regions: 47->48
[452.227s][info][gc,heap     ] GC(642) Humongous regions: 207->207
[452.227s][info][gc,metaspace] GC(642) Metaspace: 57595K(57920K)->57595K(57920K) NonClass: 51974K(52224K)->51974K(52224K) Class: 5621K(5696K)->5621K(5696K)
[452.227s][info][gc          ] GC(642) Pause Young (Prepare Mixed) (G1 Evacuation Pause) 764M->256M(854M) 5.377ms
[452.227s][info][gc,cpu      ] GC(642) User=0.01s Sys=0.00s Real=0.00s
[453.436s][info][gc,start    ] GC(643) Pause Young (Mixed) (G1 Evacuation Pause)
[453.436s][info][gc,task     ] GC(643) Using 2 workers of 2 for evacuation
[453.442s][info][gc,phases   ] GC(643)   Pre Evacuate Collection Set: 0.29ms
[453.442s][info][gc,phases   ] GC(643)   Merge Heap Roots: 0.14ms
[453.442s][info][gc,phases   ] GC(643)   Evacuate Collection Set: 4.46ms
[453.442s][info][gc,phases   ] GC(643)   Post Evacuate Collection Set: 0.76ms
[453.442s][info][gc,phases   ] GC(643)   Other: 0.09ms
[453.442s][info][gc,heap     ] GC(643) Eden regions: 509->0(509)
[453.442s][info][gc,heap     ] GC(643) Survivor regions: 3->3(64)
[453.442s][info][gc,heap     ] GC(643) Old regions: 48->45
[453.442s][info][gc,heap     ] GC(643) Humongous regions: 207->207
[453.442s][info][gc,metaspace] GC(643) Metaspace: 57595K(57920K)->57595K(57920K) NonClass: 51974K(52224K)->51974K(52224K) Class: 5621K(5696K)->5621K(5696K)
[453.442s][info][gc          ] GC(643) Pause Young (Mixed) (G1 Evacuation Pause) 765M->253M(854M) 5.906ms
[453.442s][info][gc,cpu      ] GC(643) User=0.01s Sys=0.00s Real=0.01s
[454.713s][info][gc,start    ] GC(644) Pause Young (Normal) (G1 Evacuation Pause)
[454.713s][info][gc,task     ] GC(644) Using 2 workers of 2 for evacuation
[454.717s][info][gc,phases   ] GC(644)   Pre Evacuate Collection Set: 0.30ms
[454.717s][info][gc,phases   ] GC(644)   Merge Heap Roots: 0.14ms
[454.717s][info][gc,phases   ] GC(644)   Evacuate Collection Set: 2.87ms
[454.717s][info][gc,phases   ] GC(644)   Post Evacuate Collection Set: 0.73ms
[454.717s][info][gc,phases   ] GC(644)   Other: 0.08ms
[454.717s][info][gc,heap     ] GC(644) Eden regions: 509->0(509)
[454.717s][info][gc,heap     ] GC(644) Survivor regions: 3->3(64)
[454.717s][info][gc,heap     ] GC(644) Old regions: 45->45
[454.717s][info][gc,heap     ] GC(644) Humongous regions: 207->207
[454.717s][info][gc,metaspace] GC(644) Metaspace: 57595K(57920K)->57595K(57920K) NonClass: 51974K(52224K)->51974K(52224K) Class: 5621K(5696K)->5621K(5696K)
[454.717s][info][gc          ] GC(644) Pause Young (Normal) (G1 Evacuation Pause) 762M->253M(854M) 4.316ms
[454.717s][info][gc,cpu      ] GC(644) User=0.00s Sys=0.00s Real=0.00s
[455.929s][info][gc,start    ] GC(645) Pause Young (Normal) (G1 Evacuation Pause)
[455.929s][info][gc,task     ] GC(645) Using 2 workers of 2 for evacuation
[455.934s][info][gc,phases   ] GC(645)   Pre Evacuate Collection Set: 0.28ms
[455.934s][info][gc,phases   ] GC(645)   Merge Heap Roots: 0.15ms
[455.934s][info][gc,phases   ] GC(645)   Evacuate Collection Set: 3.73ms
[455.934s][info][gc,phases   ] GC(645)   Post Evacuate Collection Set: 0.76ms
[455.934s][info][gc,phases   ] GC(645)   Other: 0.08ms
[455.934s][info][gc,heap     ] GC(645) Eden regions: 509->0(509)
[455.934s][info][gc,heap     ] GC(645) Survivor regions: 3->3(64)
[455.934s][info][gc,heap     ] GC(645) Old regions: 45->45
[455.934s][info][gc,heap     ] GC(645) Humongous regions: 207->207
[455.934s][info][gc,metaspace] GC(645) Metaspace: 57595K(57920K)->57595K(57920K) NonClass: 51974K(52224K)->51974K(52224K) Class: 5621K(5696K)->5621K(5696K)
[455.934s][info][gc          ] GC(645) Pause Young (Normal) (G1 Evacuation Pause) 762M->253M(854M) 5.196ms
[455.934s][info][gc,cpu      ] GC(645) User=0.01s Sys=0.00s Real=0.00s
[457.239s][info][gc,start    ] GC(646) Pause Young (Normal) (G1 Evacuation Pause)
[457.239s][info][gc,task     ] GC(646) Using 2 workers of 2 for evacuation
[457.244s][info][gc,phases   ] GC(646)   Pre Evacuate Collection Set: 0.29ms
[457.244s][info][gc,phases   ] GC(646)   Merge Heap Roots: 0.15ms
[457.244s][info][gc,phases   ] GC(646)   Evacuate Collection Set: 3.80ms
[457.244s][info][gc,phases   ] GC(646)   Post Evacuate Collection Set: 0.74ms
[457.244s][info][gc,phases   ] GC(646)   Other: 0.09ms
[457.244s][info][gc,heap     ] GC(646) Eden regions: 509->0(509)
[457.244s][info][gc,heap     ] GC(646) Survivor regions: 3->3(64)
[457.244s][info][gc,heap     ] GC(646) Old regions: 45->45
[457.244s][info][gc,heap     ] GC(646) Humongous regions: 207->207
[457.244s][info][gc,metaspace] GC(646) Metaspace: 57595K(57920K)->57595K(57920K) NonClass: 51974K(52224K)->51974K(52224K) Class: 5621K(5696K)->5621K(5696K)
[457.244s][info][gc          ] GC(646) Pause Young (Normal) (G1 Evacuation Pause) 762M->253M(854M) 5.242ms
[457.244s][info][gc,cpu      ] GC(646) User=0.01s Sys=0.00s Real=0.00s
[458.411s][info][gc,start    ] GC(647) Pause Young (Normal) (G1 Evacuation Pause)
[458.411s][info][gc,task     ] GC(647) Using 2 workers of 2 for evacuation
[458.415s][info][gc,phases   ] GC(647)   Pre Evacuate Collection Set: 0.28ms
[458.415s][info][gc,phases   ] GC(647)   Merge Heap Roots: 0.14ms
[458.415s][info][gc,phases   ] GC(647)   Evacuate Collection Set: 2.44ms
[458.415s][info][gc,phases   ] GC(647)   Post Evacuate Collection Set: 0.77ms
[458.415s][info][gc,phases   ] GC(647)   Other: 0.10ms
[458.415s][info][gc,heap     ] GC(647) Eden regions: 509->0(510)
[458.415s][info][gc,heap     ] GC(647) Survivor regions: 3->2(64)
[458.415s][info][gc,heap     ] GC(647) Old regions: 45->45
[458.415s][info][gc,heap     ] GC(647) Humongous regions: 207->207
[458.415s][info][gc,metaspace] GC(647) Metaspace: 57598K(57920K)->57598K(57920K) NonClass: 51977K(52224K)->51977K(52224K) Class: 5621K(5696K)->5621K(5696K)
[458.415s][info][gc          ] GC(647) Pause Young (Normal) (G1 Evacuation Pause) 762M->252M(854M) 3.889ms
[458.415s][info][gc,cpu      ] GC(647) User=0.01s Sys=0.00s Real=0.00s
[459.628s][info][gc,start    ] GC(648) Pause Young (Normal) (G1 Evacuation Pause)
[459.628s][info][gc,task     ] GC(648) Using 2 workers of 2 for evacuation
[459.634s][info][gc,phases   ] GC(648)   Pre Evacuate Collection Set: 0.29ms
[459.634s][info][gc,phases   ] GC(648)   Merge Heap Roots: 0.15ms
[459.634s][info][gc,phases   ] GC(648)   Evacuate Collection Set: 4.69ms
[459.634s][info][gc,phases   ] GC(648)   Post Evacuate Collection Set: 0.75ms
[459.634s][info][gc,phases   ] GC(648)   Other: 0.11ms
[459.634s][info][gc,heap     ] GC(648) Eden regions: 510->0(509)
[459.634s][info][gc,heap     ] GC(648) Survivor regions: 2->3(64)
[459.634s][info][gc,heap     ] GC(648) Old regions: 45->45
[459.634s][info][gc,heap     ] GC(648) Humongous regions: 207->207
[459.634s][info][gc,metaspace] GC(648) Metaspace: 57598K(57920K)->57598K(57920K) NonClass: 51977K(52224K)->51977K(52224K) Class: 5621K(5696K)->5621K(5696K)
[459.634s][info][gc          ] GC(648) Pause Young (Normal) (G1 Evacuation Pause) 762M->253M(854M) 6.148ms
[459.634s][info][gc,cpu      ] GC(648) User=0.01s Sys=0.00s Real=0.01s
[460.850s][info][gc,start    ] GC(649) Pause Young (Normal) (G1 Evacuation Pause)
[460.850s][info][gc,task     ] GC(649) Using 2 workers of 2 for evacuation
[460.857s][info][gc,phases   ] GC(649)   Pre Evacuate Collection Set: 0.49ms
[460.857s][info][gc,phases   ] GC(649)   Merge Heap Roots: 0.15ms
[460.857s][info][gc,phases   ] GC(649)   Evacuate Collection Set: 5.95ms
[460.857s][info][gc,phases   ] GC(649)   Post Evacuate Collection Set: 0.79ms
[460.858s][info][gc,phases   ] GC(649)   Other: 0.10ms
[460.858s][info][gc,heap     ] GC(649) Eden regions: 509->0(509)
[460.858s][info][gc,heap     ] GC(649) Survivor regions: 3->3(64)
[460.858s][info][gc,heap     ] GC(649) Old regions: 45->45
[460.858s][info][gc,heap     ] GC(649) Humongous regions: 207->207
[460.858s][info][gc,metaspace] GC(649) Metaspace: 57598K(57920K)->57598K(57920K) NonClass: 51977K(52224K)->51977K(52224K) Class: 5621K(5696K)->5621K(5696K)
[460.858s][info][gc          ] GC(649) Pause Young (Normal) (G1 Evacuation Pause) 762M->253M(854M) 7.651ms
[460.858s][info][gc,cpu      ] GC(649) User=0.01s Sys=0.00s Real=0.00s
[462.110s][info][gc,start    ] GC(650) Pause Young (Normal) (G1 Evacuation Pause)
[462.110s][info][gc,task     ] GC(650) Using 2 workers of 2 for evacuation
[462.114s][info][gc,phases   ] GC(650)   Pre Evacuate Collection Set: 0.26ms
[462.114s][info][gc,phases   ] GC(650)   Merge Heap Roots: 0.14ms
[462.114s][info][gc,phases   ] GC(650)   Evacuate Collection Set: 2.41ms
[462.114s][info][gc,phases   ] GC(650)   Post Evacuate Collection Set: 0.75ms
[462.114s][info][gc,phases   ] GC(650)   Other: 0.08ms
[462.114s][info][gc,heap     ] GC(650) Eden regions: 509->0(510)
[462.114s][info][gc,heap     ] GC(650) Survivor regions: 3->2(64)
[462.114s][info][gc,heap     ] GC(650) Old regions: 45->45
[462.114s][info][gc,heap     ] GC(650) Humongous regions: 207->207
[462.114s][info][gc,metaspace] GC(650) Metaspace: 57598K(57920K)->57598K(57920K) NonClass: 51977K(52224K)->51977K(52224K) Class: 5621K(5696K)->5621K(5696K)
[462.114s][info][gc          ] GC(650) Pause Young (Normal) (G1 Evacuation Pause) 762M->252M(854M) 3.823ms
[462.114s][info][gc,cpu      ] GC(650) User=0.01s Sys=0.00s Real=0.00s
[463.378s][info][gc,start    ] GC(651) Pause Young (Normal) (G1 Evacuation Pause)
[463.378s][info][gc,task     ] GC(651) Using 2 workers of 2 for evacuation
[463.382s][info][gc,phases   ] GC(651)   Pre Evacuate Collection Set: 0.28ms
[463.382s][info][gc,phases   ] GC(651)   Merge Heap Roots: 0.14ms
[463.382s][info][gc,phases   ] GC(651)   Evacuate Collection Set: 2.32ms
[463.382s][info][gc,phases   ] GC(651)   Post Evacuate Collection Set: 0.75ms
[463.382s][info][gc,phases   ] GC(651)   Other: 0.09ms
[463.382s][info][gc,heap     ] GC(651) Eden regions: 510->0(511)
[463.382s][info][gc,heap     ] GC(651) Survivor regions: 2->1(64)
[463.382s][info][gc,heap     ] GC(651) Old regions: 45->45
[463.382s][info][gc,heap     ] GC(651) Humongous regions: 207->207
[463.382s][info][gc,metaspace] GC(651) Metaspace: 57598K(57920K)->57598K(57920K) NonClass: 51977K(52224K)->51977K(52224K) Class: 5621K(5696K)->5621K(5696K)
[463.382s][info][gc          ] GC(651) Pause Young (Normal) (G1 Evacuation Pause) 762M->251M(854M) 3.756ms
[463.382s][info][gc,cpu      ] GC(651) User=0.01s Sys=0.00s Real=0.00s
[464.616s][info][gc,start    ] GC(652) Pause Young (Normal) (G1 Evacuation Pause)
[464.616s][info][gc,task     ] GC(652) Using 2 workers of 2 for evacuation
[464.624s][info][gc,phases   ] GC(652)   Pre Evacuate Collection Set: 0.27ms
[464.624s][info][gc,phases   ] GC(652)   Merge Heap Roots: 0.15ms
[464.624s][info][gc,phases   ] GC(652)   Evacuate Collection Set: 6.88ms
[464.624s][info][gc,phases   ] GC(652)   Post Evacuate Collection Set: 0.76ms
[464.625s][info][gc,phases   ] GC(652)   Other: 0.08ms
[464.625s][info][gc,heap     ] GC(652) Eden regions: 511->0(507)
[464.625s][info][gc,heap     ] GC(652) Survivor regions: 1->5(64)
[464.625s][info][gc,heap     ] GC(652) Old regions: 45->45
[464.625s][info][gc,heap     ] GC(652) Humongous regions: 207->207
[464.625s][info][gc,metaspace] GC(652) Metaspace: 57598K(57920K)->57598K(57920K) NonClass: 51977K(52224K)->51977K(52224K) Class: 5621K(5696K)->5621K(5696K)
[464.625s][info][gc          ] GC(652) Pause Young (Normal) (G1 Evacuation Pause) 762M->255M(854M) 8.306ms
[464.625s][info][gc,cpu      ] GC(652) User=0.02s Sys=0.00s Real=0.01s
[465.871s][info][gc,start    ] GC(653) Pause Young (Normal) (G1 Evacuation Pause)
[465.871s][info][gc,task     ] GC(653) Using 2 workers of 2 for evacuation
[465.875s][info][gc,phases   ] GC(653)   Pre Evacuate Collection Set: 0.28ms
[465.875s][info][gc,phases   ] GC(653)   Merge Heap Roots: 0.14ms
[465.875s][info][gc,phases   ] GC(653)   Evacuate Collection Set: 2.42ms
[465.875s][info][gc,phases   ] GC(653)   Post Evacuate Collection Set: 0.82ms
[465.875s][info][gc,phases   ] GC(653)   Other: 0.08ms
[465.875s][info][gc,heap     ] GC(653) Eden regions: 507->0(509)
[465.875s][info][gc,heap     ] GC(653) Survivor regions: 5->3(64)
[465.875s][info][gc,heap     ] GC(653) Old regions: 45->45
[465.875s][info][gc,heap     ] GC(653) Humongous regions: 207->207
[465.875s][info][gc,metaspace] GC(653) Metaspace: 57598K(57920K)->57598K(57920K) NonClass: 51977K(52224K)->51977K(52224K) Class: 5621K(5696K)->5621K(5696K)
[465.875s][info][gc          ] GC(653) Pause Young (Normal) (G1 Evacuation Pause) 762M->253M(854M) 3.943ms
[465.875s][info][gc,cpu      ] GC(653) User=0.01s Sys=0.00s Real=0.00s
[467.047s][info][gc,start    ] GC(654) Pause Young (Normal) (G1 Evacuation Pause)
[467.047s][info][gc,task     ] GC(654) Using 2 workers of 2 for evacuation
[467.061s][info][gc,phases   ] GC(654)   Pre Evacuate Collection Set: 0.43ms
[467.061s][info][gc,phases   ] GC(654)   Merge Heap Roots: 0.12ms
[467.061s][info][gc,phases   ] GC(654)   Evacuate Collection Set: 12.28ms
[467.063s][info][gc,phases   ] GC(654)   Post Evacuate Collection Set: 1.25ms
[467.063s][info][gc,phases   ] GC(654)   Other: 0.08ms
[467.063s][info][gc,heap     ] GC(654) Eden regions: 509->0(506)
[467.063s][info][gc,heap     ] GC(654) Survivor regions: 3->6(64)
[467.063s][info][gc,heap     ] GC(654) Old regions: 45->45
[467.063s][info][gc,heap     ] GC(654) Humongous regions: 207->207
[467.063s][info][gc,metaspace] GC(654) Metaspace: 57598K(57920K)->57598K(57920K) NonClass: 51977K(52224K)->51977K(52224K) Class: 5621K(5696K)->5621K(5696K)
[467.063s][info][gc          ] GC(654) Pause Young (Normal) (G1 Evacuation Pause) 762M->256M(854M) 15.784ms
[467.063s][info][gc,cpu      ] GC(654) User=0.02s Sys=0.00s Real=0.02s
[468.240s][info][gc,start    ] GC(655) Pause Young (Normal) (G1 Evacuation Pause)
[468.240s][info][gc,task     ] GC(655) Using 2 workers of 2 for evacuation
[468.247s][info][gc,phases   ] GC(655)   Pre Evacuate Collection Set: 0.28ms
[468.247s][info][gc,phases   ] GC(655)   Merge Heap Roots: 0.14ms
[468.247s][info][gc,phases   ] GC(655)   Evacuate Collection Set: 5.16ms
[468.247s][info][gc,phases   ] GC(655)   Post Evacuate Collection Set: 0.76ms
[468.247s][info][gc,phases   ] GC(655)   Other: 0.10ms
[468.247s][info][gc,heap     ] GC(655) Eden regions: 506->0(507)
[468.247s][info][gc,heap     ] GC(655) Survivor regions: 6->5(64)
[468.247s][info][gc,heap     ] GC(655) Old regions: 45->45
[468.247s][info][gc,heap     ] GC(655) Humongous regions: 207->207
[468.247s][info][gc,metaspace] GC(655) Metaspace: 57598K(57920K)->57598K(57920K) NonClass: 51977K(52224K)->51977K(52224K) Class: 5621K(5696K)->5621K(5696K)
[468.247s][info][gc          ] GC(655) Pause Young (Normal) (G1 Evacuation Pause) 762M->255M(854M) 6.600ms
[468.247s][info][gc,cpu      ] GC(655) User=0.01s Sys=0.00s Real=0.00s
[469.452s][info][gc,start    ] GC(656) Pause Young (Normal) (G1 Evacuation Pause)
[469.452s][info][gc,task     ] GC(656) Using 2 workers of 2 for evacuation
[469.456s][info][gc,phases   ] GC(656)   Pre Evacuate Collection Set: 0.32ms
[469.456s][info][gc,phases   ] GC(656)   Merge Heap Roots: 0.14ms
[469.456s][info][gc,phases   ] GC(656)   Evacuate Collection Set: 3.03ms
[469.456s][info][gc,phases   ] GC(656)   Post Evacuate Collection Set: 0.79ms
[469.456s][info][gc,phases   ] GC(656)   Other: 0.13ms
[469.456s][info][gc,heap     ] GC(656) Eden regions: 507->0(509)
[469.456s][info][gc,heap     ] GC(656) Survivor regions: 5->3(64)
[469.456s][info][gc,heap     ] GC(656) Old regions: 45->45
[469.456s][info][gc,heap     ] GC(656) Humongous regions: 207->207
[469.456s][info][gc,metaspace] GC(656) Metaspace: 57598K(57920K)->57598K(57920K) NonClass: 51977K(52224K)->51977K(52224K) Class: 5621K(5696K)->5621K(5696K)
[469.456s][info][gc          ] GC(656) Pause Young (Normal) (G1 Evacuation Pause) 762M->254M(854M) 4.591ms
[469.456s][info][gc,cpu      ] GC(656) User=0.01s Sys=0.00s Real=0.00s
[470.719s][info][gc,start    ] GC(657) Pause Young (Normal) (G1 Evacuation Pause)
[470.719s][info][gc,task     ] GC(657) Using 2 workers of 2 for evacuation
[470.724s][info][gc,phases   ] GC(657)   Pre Evacuate Collection Set: 0.29ms
[470.724s][info][gc,phases   ] GC(657)   Merge Heap Roots: 0.14ms
[470.724s][info][gc,phases   ] GC(657)   Evacuate Collection Set: 3.43ms
[470.724s][info][gc,phases   ] GC(657)   Post Evacuate Collection Set: 0.78ms
[470.724s][info][gc,phases   ] GC(657)   Other: 0.10ms
[470.724s][info][gc,heap     ] GC(657) Eden regions: 509->0(508)
[470.724s][info][gc,heap     ] GC(657) Survivor regions: 3->4(64)
[470.724s][info][gc,heap     ] GC(657) Old regions: 45->45
[470.724s][info][gc,heap     ] GC(657) Humongous regions: 207->207
[470.724s][info][gc,metaspace] GC(657) Metaspace: 57598K(57920K)->57598K(57920K) NonClass: 51977K(52224K)->51977K(52224K) Class: 5621K(5696K)->5621K(5696K)
[470.724s][info][gc          ] GC(657) Pause Young (Normal) (G1 Evacuation Pause) 763M->255M(854M) 4.934ms
[470.724s][info][gc,cpu      ] GC(657) User=0.01s Sys=0.00s Real=0.00s
[471.930s][info][gc,start    ] GC(658) Pause Young (Normal) (G1 Evacuation Pause)
[471.930s][info][gc,task     ] GC(658) Using 2 workers of 2 for evacuation
[471.936s][info][gc,phases   ] GC(658)   Pre Evacuate Collection Set: 0.28ms
[471.936s][info][gc,phases   ] GC(658)   Merge Heap Roots: 0.13ms
[471.936s][info][gc,phases   ] GC(658)   Evacuate Collection Set: 4.91ms
[471.936s][info][gc,phases   ] GC(658)   Post Evacuate Collection Set: 0.79ms
[471.936s][info][gc,phases   ] GC(658)   Other: 0.08ms
[471.937s][info][gc,heap     ] GC(658) Eden regions: 508->0(507)
[471.937s][info][gc,heap     ] GC(658) Survivor regions: 4->5(64)
[471.937s][info][gc,heap     ] GC(658) Old regions: 45->45
[471.937s][info][gc,heap     ] GC(658) Humongous regions: 207->207
[471.937s][info][gc,metaspace] GC(658) Metaspace: 57598K(57920K)->57598K(57920K) NonClass: 51977K(52224K)->51977K(52224K) Class: 5621K(5696K)->5621K(5696K)
[471.937s][info][gc          ] GC(658) Pause Young (Normal) (G1 Evacuation Pause) 763M->255M(854M) 6.366ms
[471.937s][info][gc,cpu      ] GC(658) User=0.01s Sys=0.00s Real=0.00s
[473.151s][info][gc,start    ] GC(659) Pause Young (Normal) (G1 Evacuation Pause)
[473.151s][info][gc,task     ] GC(659) Using 2 workers of 2 for evacuation
[473.155s][info][gc,phases   ] GC(659)   Pre Evacuate Collection Set: 0.28ms
[473.155s][info][gc,phases   ] GC(659)   Merge Heap Roots: 0.15ms
[473.155s][info][gc,phases   ] GC(659)   Evacuate Collection Set: 2.32ms
[473.155s][info][gc,phases   ] GC(659)   Post Evacuate Collection Set: 0.77ms
[473.155s][info][gc,phases   ] GC(659)   Other: 0.09ms
[473.155s][info][gc,heap     ] GC(659) Eden regions: 507->0(509)
[473.155s][info][gc,heap     ] GC(659) Survivor regions: 5->3(64)
[473.155s][info][gc,heap     ] GC(659) Old regions: 45->45
[473.155s][info][gc,heap     ] GC(659) Humongous regions: 207->207
[473.155s][info][gc,metaspace] GC(659) Metaspace: 57598K(57920K)->57598K(57920K) NonClass: 51977K(52224K)->51977K(52224K) Class: 5621K(5696K)->5621K(5696K)
[473.155s][info][gc          ] GC(659) Pause Young (Normal) (G1 Evacuation Pause) 762M->253M(854M) 3.789ms
[473.155s][info][gc,cpu      ] GC(659) User=0.01s Sys=0.00s Real=0.00s
[474.416s][info][gc,start    ] GC(660) Pause Young (Normal) (G1 Evacuation Pause)
[474.416s][info][gc,task     ] GC(660) Using 2 workers of 2 for evacuation
[474.421s][info][gc,phases   ] GC(660)   Pre Evacuate Collection Set: 0.28ms
[474.421s][info][gc,phases   ] GC(660)   Merge Heap Roots: 0.16ms
[474.421s][info][gc,phases   ] GC(660)   Evacuate Collection Set: 3.55ms
[474.421s][info][gc,phases   ] GC(660)   Post Evacuate Collection Set: 0.78ms
[474.421s][info][gc,phases   ] GC(660)   Other: 0.10ms
[474.421s][info][gc,heap     ] GC(660) Eden regions: 509->0(508)
[474.421s][info][gc,heap     ] GC(660) Survivor regions: 3->4(64)
[474.421s][info][gc,heap     ] GC(660) Old regions: 45->45
[474.421s][info][gc,heap     ] GC(660) Humongous regions: 207->207
[474.421s][info][gc,metaspace] GC(660) Metaspace: 57598K(57920K)->57598K(57920K) NonClass: 51977K(52224K)->51977K(52224K) Class: 5621K(5696K)->5621K(5696K)
[474.421s][info][gc          ] GC(660) Pause Young (Normal) (G1 Evacuation Pause) 762M->254M(854M) 5.078ms
[474.421s][info][gc,cpu      ] GC(660) User=0.01s Sys=0.00s Real=0.01s
[475.622s][info][gc,start    ] GC(661) Pause Young (Normal) (G1 Evacuation Pause)
[475.622s][info][gc,task     ] GC(661) Using 2 workers of 2 for evacuation
[475.628s][info][gc,phases   ] GC(661)   Pre Evacuate Collection Set: 0.28ms
[475.628s][info][gc,phases   ] GC(661)   Merge Heap Roots: 0.14ms
[475.628s][info][gc,phases   ] GC(661)   Evacuate Collection Set: 4.57ms
[475.628s][info][gc,phases   ] GC(661)   Post Evacuate Collection Set: 0.75ms
[475.628s][info][gc,phases   ] GC(661)   Other: 0.11ms
[475.628s][info][gc,heap     ] GC(661) Eden regions: 508->0(508)
[475.628s][info][gc,heap     ] GC(661) Survivor regions: 4->4(64)
[475.628s][info][gc,heap     ] GC(661) Old regions: 45->45
[475.628s][info][gc,heap     ] GC(661) Humongous regions: 207->207
[475.628s][info][gc,metaspace] GC(661) Metaspace: 57598K(57920K)->57598K(57920K) NonClass: 51977K(52224K)->51977K(52224K) Class: 5621K(5696K)->5621K(5696K)
[475.628s][info][gc          ] GC(661) Pause Young (Normal) (G1 Evacuation Pause) 762M->255M(854M) 6.025ms
[475.628s][info][gc,cpu      ] GC(661) User=0.01s Sys=0.00s Real=0.01s
[476.845s][info][gc,start    ] GC(662) Pause Young (Normal) (G1 Evacuation Pause)
[476.845s][info][gc,task     ] GC(662) Using 2 workers of 2 for evacuation
[476.851s][info][gc,phases   ] GC(662)   Pre Evacuate Collection Set: 0.27ms
[476.851s][info][gc,phases   ] GC(662)   Merge Heap Roots: 0.14ms
[476.851s][info][gc,phases   ] GC(662)   Evacuate Collection Set: 4.47ms
[476.851s][info][gc,phases   ] GC(662)   Post Evacuate Collection Set: 0.76ms
[476.851s][info][gc,phases   ] GC(662)   Other: 0.11ms
[476.851s][info][gc,heap     ] GC(662) Eden regions: 508->0(507)
[476.851s][info][gc,heap     ] GC(662) Survivor regions: 4->5(64)
[476.851s][info][gc,heap     ] GC(662) Old regions: 45->45
[476.851s][info][gc,heap     ] GC(662) Humongous regions: 207->207
[476.851s][info][gc,metaspace] GC(662) Metaspace: 57598K(57920K)->57598K(57920K) NonClass: 51977K(52224K)->51977K(52224K) Class: 5621K(5696K)->5621K(5696K)
[476.851s][info][gc          ] GC(662) Pause Young (Normal) (G1 Evacuation Pause) 763M->255M(854M) 5.931ms
[476.851s][info][gc,cpu      ] GC(662) User=0.01s Sys=0.00s Real=0.01s
[478.112s][info][gc,start    ] GC(663) Pause Young (Normal) (G1 Evacuation Pause)
[478.112s][info][gc,task     ] GC(663) Using 2 workers of 2 for evacuation
[478.117s][info][gc,phases   ] GC(663)   Pre Evacuate Collection Set: 0.26ms
[478.117s][info][gc,phases   ] GC(663)   Merge Heap Roots: 0.14ms
[478.117s][info][gc,phases   ] GC(663)   Evacuate Collection Set: 3.02ms
[478.117s][info][gc,phases   ] GC(663)   Post Evacuate Collection Set: 0.79ms
[478.117s][info][gc,phases   ] GC(663)   Other: 0.10ms
[478.117s][info][gc,heap     ] GC(663) Eden regions: 507->0(509)
[478.117s][info][gc,heap     ] GC(663) Survivor regions: 5->3(64)
[478.117s][info][gc,heap     ] GC(663) Old regions: 45->45
[478.117s][info][gc,heap     ] GC(663) Humongous regions: 207->207
[478.117s][info][gc,metaspace] GC(663) Metaspace: 57598K(57920K)->57598K(57920K) NonClass: 51977K(52224K)->51977K(52224K) Class: 5621K(5696K)->5621K(5696K)
[478.117s][info][gc          ] GC(663) Pause Young (Normal) (G1 Evacuation Pause) 762M->254M(854M) 4.479ms
[478.117s][info][gc,cpu      ] GC(663) User=0.01s Sys=0.00s Real=0.00s
[479.322s][info][gc,start    ] GC(664) Pause Young (Normal) (G1 Evacuation Pause)
[479.322s][info][gc,task     ] GC(664) Using 2 workers of 2 for evacuation
[479.328s][info][gc,phases   ] GC(664)   Pre Evacuate Collection Set: 0.27ms
[479.328s][info][gc,phases   ] GC(664)   Merge Heap Roots: 0.17ms
[479.328s][info][gc,phases   ] GC(664)   Evacuate Collection Set: 4.86ms
[479.328s][info][gc,phases   ] GC(664)   Post Evacuate Collection Set: 0.77ms
[479.328s][info][gc,phases   ] GC(664)   Other: 0.09ms
[479.328s][info][gc,heap     ] GC(664) Eden regions: 509->0(507)
[479.328s][info][gc,heap     ] GC(664) Survivor regions: 3->5(64)
[479.328s][info][gc,heap     ] GC(664) Old regions: 45->45
[479.328s][info][gc,heap     ] GC(664) Humongous regions: 207->207
[479.328s][info][gc,metaspace] GC(664) Metaspace: 57598K(57920K)->57598K(57920K) NonClass: 51977K(52224K)->51977K(52224K) Class: 5621K(5696K)->5621K(5696K)
[479.328s][info][gc          ] GC(664) Pause Young (Normal) (G1 Evacuation Pause) 763M->256M(854M) 6.358ms
[479.328s][info][gc,cpu      ] GC(664) User=0.01s Sys=0.01s Real=0.00s
[480.543s][info][gc,start    ] GC(665) Pause Young (Normal) (G1 Evacuation Pause)
[480.543s][info][gc,task     ] GC(665) Using 2 workers of 2 for evacuation
[480.549s][info][gc,phases   ] GC(665)   Pre Evacuate Collection Set: 0.27ms
[480.549s][info][gc,phases   ] GC(665)   Merge Heap Roots: 0.15ms
[480.549s][info][gc,phases   ] GC(665)   Evacuate Collection Set: 4.69ms
[480.549s][info][gc,phases   ] GC(665)   Post Evacuate Collection Set: 0.78ms
[480.549s][info][gc,phases   ] GC(665)   Other: 0.11ms
[480.549s][info][gc,heap     ] GC(665) Eden regions: 507->0(508)
[480.549s][info][gc,heap     ] GC(665) Survivor regions: 5->4(64)
[480.549s][info][gc,heap     ] GC(665) Old regions: 45->45
[480.549s][info][gc,heap     ] GC(665) Humongous regions: 207->207
[480.549s][info][gc,metaspace] GC(665) Metaspace: 57598K(57920K)->57598K(57920K) NonClass: 51977K(52224K)->51977K(52224K) Class: 5621K(5696K)->5621K(5696K)
[480.549s][info][gc          ] GC(665) Pause Young (Normal) (G1 Evacuation Pause) 762M->255M(854M) 6.163ms
[480.549s][info][gc,cpu      ] GC(665) User=0.01s Sys=0.00s Real=0.01s
[481.432s][info][gc,start    ] GC(666) Pause Young (Concurrent Start) (G1 Humongous Allocation)
[481.432s][info][gc,task     ] GC(666) Using 2 workers of 2 for evacuation
[481.449s][info][gc,phases   ] GC(666)   Pre Evacuate Collection Set: 0.40ms
[481.449s][info][gc,phases   ] GC(666)   Merge Heap Roots: 0.15ms
[481.449s][info][gc,phases   ] GC(666)   Evacuate Collection Set: 13.74ms
[481.449s][info][gc,phases   ] GC(666)   Post Evacuate Collection Set: 0.90ms
[481.449s][info][gc,phases   ] GC(666)   Other: 1.45ms
[481.449s][info][gc,heap     ] GC(666) Eden regions: 304->0(510)
[481.449s][info][gc,heap     ] GC(666) Survivor regions: 4->2(64)
[481.449s][info][gc,heap     ] GC(666) Old regions: 45->45
[481.449s][info][gc,heap     ] GC(666) Humongous regions: 207->207
[481.449s][info][gc,metaspace] GC(666) Metaspace: 57600K(57920K)->57600K(57920K) NonClass: 51979K(52224K)->51979K(52224K) Class: 5621K(5696K)->5621K(5696K)
[481.449s][info][gc          ] GC(666) Pause Young (Concurrent Start) (G1 Humongous Allocation) 558M->253M(854M) 16.814ms
[481.449s][info][gc          ] GC(667) Concurrent Undo Cycle
[481.449s][info][gc,marking  ] GC(667) Concurrent Clear Claimed Marks
[481.449s][info][gc,marking  ] GC(667) Concurrent Clear Claimed Marks 0.077ms
[481.449s][info][gc,marking  ] GC(667) Concurrent Cleanup for Next Mark
[481.449s][info][gc,cpu      ] GC(666) User=0.02s Sys=0.00s Real=0.02s
[481.450s][info][gc,marking  ] GC(667) Concurrent Cleanup for Next Mark 0.313ms
[481.450s][info][gc          ] GC(667) Concurrent Undo Cycle 0.434ms
[481.591s][info][gc,start    ] GC(668) Pause Young (Concurrent Start) (G1 Humongous Allocation)
[481.591s][info][gc,task     ] GC(668) Using 2 workers of 2 for evacuation
[481.594s][info][gc,phases   ] GC(668)   Pre Evacuate Collection Set: 0.33ms
[481.594s][info][gc,phases   ] GC(668)   Merge Heap Roots: 0.06ms
[481.594s][info][gc,phases   ] GC(668)   Evacuate Collection Set: 2.03ms
[481.594s][info][gc,phases   ] GC(668)   Post Evacuate Collection Set: 0.39ms
[481.594s][info][gc,phases   ] GC(668)   Other: 0.10ms
[481.594s][info][gc,heap     ] GC(668) Eden regions: 2->0(510)
[481.594s][info][gc,heap     ] GC(668) Survivor regions: 2->2(64)
[481.594s][info][gc,heap     ] GC(668) Old regions: 45->45
[481.594s][info][gc,heap     ] GC(668) Humongous regions: 246->246
[481.594s][info][gc,metaspace] GC(668) Metaspace: 57600K(57920K)->57600K(57920K) NonClass: 51979K(52224K)->51979K(52224K) Class: 5621K(5696K)->5621K(5696K)
[481.594s][info][gc          ] GC(668) Pause Young (Concurrent Start) (G1 Humongous Allocation) 294M->291M(854M) 3.121ms
[481.594s][info][gc          ] GC(669) Concurrent Mark Cycle
[481.594s][info][gc,marking  ] GC(669) Concurrent Scan Root Regions
[481.595s][info][gc,cpu      ] GC(668) User=0.00s Sys=0.00s Real=0.00s
[481.596s][info][gc,marking  ] GC(669) Concurrent Scan Root Regions 1.714ms
[481.596s][info][gc,marking  ] GC(669) Concurrent Mark
[481.596s][info][gc,marking  ] GC(669) Concurrent Mark From Roots
[481.596s][info][gc,task     ] GC(669) Using 1 workers of 1 for marking
[481.636s][info][gc,marking  ] GC(669) Concurrent Mark From Roots 40.686ms
[481.636s][info][gc,marking  ] GC(669) Concurrent Preclean
[481.636s][info][gc,marking  ] GC(669) Concurrent Preclean 0.059ms
[481.637s][info][gc,start    ] GC(669) Pause Remark
[481.647s][info][gc          ] GC(669) Pause Remark 331M->331M(854M) 10.163ms
[481.647s][info][gc,cpu      ] GC(669) User=0.02s Sys=0.00s Real=0.01s
[481.647s][info][gc,marking  ] GC(669) Concurrent Mark 51.656ms
[481.647s][info][gc,marking  ] GC(669) Concurrent Rebuild Remembered Sets and Scrub Regions
[481.663s][info][gc,marking  ] GC(669) Concurrent Rebuild Remembered Sets and Scrub Regions 15.319ms
[481.663s][info][gc,start    ] GC(669) Pause Cleanup
[481.663s][info][gc          ] GC(669) Pause Cleanup 331M->331M(854M) 0.061ms
[481.663s][info][gc,cpu      ] GC(669) User=0.00s Sys=0.00s Real=0.00s
[481.663s][info][gc,marking  ] GC(669) Concurrent Clear Claimed Marks
[481.663s][info][gc,marking  ] GC(669) Concurrent Clear Claimed Marks 0.080ms
[481.663s][info][gc,marking  ] GC(669) Concurrent Cleanup for Next Mark
[481.666s][info][gc,marking  ] GC(669) Concurrent Cleanup for Next Mark 2.540ms
[481.666s][info][gc          ] GC(669) Concurrent Mark Cycle 71.656ms
[485.122s][info][gc,start    ] GC(670) Pause Young (Prepare Mixed) (G1 Evacuation Pause)
[485.122s][info][gc,task     ] GC(670) Using 2 workers of 2 for evacuation
[485.139s][info][gc,phases   ] GC(670)   Pre Evacuate Collection Set: 0.28ms
[485.139s][info][gc,phases   ] GC(670)   Merge Heap Roots: 0.16ms
[485.139s][info][gc,phases   ] GC(670)   Evacuate Collection Set: 15.70ms
[485.139s][info][gc,phases   ] GC(670)   Post Evacuate Collection Set: 0.93ms
[485.139s][info][gc,phases   ] GC(670)   Other: 0.10ms
[485.139s][info][gc,heap     ] GC(670) Eden regions: 444->0(507)
[485.139s][info][gc,heap     ] GC(670) Survivor regions: 2->16(64)
[485.139s][info][gc,heap     ] GC(670) Old regions: 45->47
[485.139s][info][gc,heap     ] GC(670) Humongous regions: 363->207
[485.139s][info][gc,metaspace] GC(670) Metaspace: 57760K(58112K)->57760K(58112K) NonClass: 52139K(52416K)->52139K(52416K) Class: 5621K(5696K)->5621K(5696K)
[485.139s][info][gc          ] GC(670) Pause Young (Prepare Mixed) (G1 Evacuation Pause) 852M->268M(872M) 17.350ms
[485.139s][info][gc,cpu      ] GC(670) User=0.02s Sys=0.02s Real=0.02s
[486.340s][info][gc,start    ] GC(671) Pause Young (Mixed) (G1 Evacuation Pause)
[486.340s][info][gc,task     ] GC(671) Using 2 workers of 2 for evacuation
[486.349s][info][gc,phases   ] GC(671)   Pre Evacuate Collection Set: 0.29ms
[486.349s][info][gc,phases   ] GC(671)   Merge Heap Roots: 0.18ms
[486.349s][info][gc,phases   ] GC(671)   Evacuate Collection Set: 8.03ms
[486.349s][info][gc,phases   ] GC(671)   Post Evacuate Collection Set: 0.86ms
[486.349s][info][gc,phases   ] GC(671)   Other: 0.11ms
[486.349s][info][gc,heap     ] GC(671) Eden regions: 507->0(508)
[486.349s][info][gc,heap     ] GC(671) Survivor regions: 16->15(66)
[486.349s][info][gc,heap     ] GC(671) Old regions: 47->44
[486.349s][info][gc,heap     ] GC(671) Humongous regions: 207->207
[486.349s][info][gc,metaspace] GC(671) Metaspace: 57760K(58112K)->57760K(58112K) NonClass: 52139K(52416K)->52139K(52416K) Class: 5621K(5696K)->5621K(5696K)
[486.349s][info][gc          ] GC(671) Pause Young (Mixed) (G1 Evacuation Pause) 774M->264M(872M) 9.640ms
[486.349s][info][gc,cpu      ] GC(671) User=0.02s Sys=0.00s Real=0.01s
[487.611s][info][gc,start    ] GC(672) Pause Young (Concurrent Start) (G1 Evacuation Pause)
[487.611s][info][gc,task     ] GC(672) Using 2 workers of 2 for evacuation
[487.619s][info][gc,phases   ] GC(672)   Pre Evacuate Collection Set: 0.30ms
[487.619s][info][gc,phases   ] GC(672)   Merge Heap Roots: 0.14ms
[487.619s][info][gc,phases   ] GC(672)   Evacuate Collection Set: 6.65ms
[487.619s][info][gc,phases   ] GC(672)   Post Evacuate Collection Set: 0.86ms
[487.619s][info][gc,phases   ] GC(672)   Other: 0.11ms
[487.619s][info][gc,heap     ] GC(672) Eden regions: 508->0(508)
[487.619s][info][gc,heap     ] GC(672) Survivor regions: 15->15(66)
[487.619s][info][gc,heap     ] GC(672) Old regions: 44->44
[487.619s][info][gc,heap     ] GC(672) Humongous regions: 207->207
[487.619s][info][gc,metaspace] GC(672) Metaspace: 57761K(58112K)->57761K(58112K) NonClass: 52140K(52416K)->52140K(52416K) Class: 5621K(5696K)->5621K(5696K)
[487.619s][info][gc          ] GC(672) Pause Young (Concurrent Start) (G1 Evacuation Pause) 772M->264M(872M) 8.250ms
[487.619s][info][gc,cpu      ] GC(672) User=0.01s Sys=0.00s Real=0.01s
[487.619s][info][gc          ] GC(673) Concurrent Mark Cycle
[487.620s][info][gc,marking  ] GC(673) Concurrent Scan Root Regions
[487.625s][info][gc,marking  ] GC(673) Concurrent Scan Root Regions 5.191ms
[487.625s][info][gc,marking  ] GC(673) Concurrent Mark
[487.625s][info][gc,marking  ] GC(673) Concurrent Mark From Roots
[487.625s][info][gc,task     ] GC(673) Using 1 workers of 1 for marking
[487.665s][info][gc,marking  ] GC(673) Concurrent Mark From Roots 40.177ms
[487.665s][info][gc,marking  ] GC(673) Concurrent Preclean
[487.665s][info][gc,marking  ] GC(673) Concurrent Preclean 0.045ms
[487.665s][info][gc,start    ] GC(673) Pause Remark
[487.676s][info][gc          ] GC(673) Pause Remark 293M->292M(872M) 10.513ms
[487.676s][info][gc,cpu      ] GC(673) User=0.02s Sys=0.00s Real=0.01s
[487.677s][info][gc,marking  ] GC(673) Concurrent Mark 51.715ms
[487.677s][info][gc,marking  ] GC(673) Concurrent Rebuild Remembered Sets and Scrub Regions
[487.700s][info][gc,marking  ] GC(673) Concurrent Rebuild Remembered Sets and Scrub Regions 23.604ms
[487.701s][info][gc,start    ] GC(673) Pause Cleanup
[487.701s][info][gc          ] GC(673) Pause Cleanup 295M->295M(872M) 0.091ms
[487.701s][info][gc,cpu      ] GC(673) User=0.00s Sys=0.00s Real=0.00s
[487.702s][info][gc,marking  ] GC(673) Concurrent Clear Claimed Marks
[487.702s][info][gc,marking  ] GC(673) Concurrent Clear Claimed Marks 0.124ms
[487.702s][info][gc,marking  ] GC(673) Concurrent Cleanup for Next Mark
[487.705s][info][gc,marking  ] GC(673) Concurrent Cleanup for Next Mark 3.447ms
[487.705s][info][gc          ] GC(673) Concurrent Mark Cycle 85.859ms
[488.818s][info][gc,start    ] GC(674) Pause Young (Prepare Mixed) (G1 Evacuation Pause)
[488.818s][info][gc,task     ] GC(674) Using 2 workers of 2 for evacuation
[488.827s][info][gc,phases   ] GC(674)   Pre Evacuate Collection Set: 0.31ms
[488.827s][info][gc,phases   ] GC(674)   Merge Heap Roots: 0.16ms
[488.827s][info][gc,phases   ] GC(674)   Evacuate Collection Set: 7.28ms
[488.827s][info][gc,phases   ] GC(674)   Post Evacuate Collection Set: 0.86ms
[488.827s][info][gc,phases   ] GC(674)   Other: 0.12ms
[488.827s][info][gc,heap     ] GC(674) Eden regions: 508->0(506)
[488.827s][info][gc,heap     ] GC(674) Survivor regions: 15->17(66)
[488.827s][info][gc,heap     ] GC(674) Old regions: 43->43
[488.827s][info][gc,heap     ] GC(674) Humongous regions: 207->207
[488.827s][info][gc,metaspace] GC(674) Metaspace: 57761K(58112K)->57761K(58112K) NonClass: 52140K(52416K)->52140K(52416K) Class: 5621K(5696K)->5621K(5696K)
[488.827s][info][gc          ] GC(674) Pause Young (Prepare Mixed) (G1 Evacuation Pause) 771M->265M(872M) 8.918ms
[488.827s][info][gc,cpu      ] GC(674) User=0.02s Sys=0.00s Real=0.01s
[490.056s][info][gc,start    ] GC(675) Pause Young (Mixed) (G1 Evacuation Pause)
[490.056s][info][gc,task     ] GC(675) Using 2 workers of 2 for evacuation
[490.066s][info][gc,phases   ] GC(675)   Pre Evacuate Collection Set: 0.32ms
[490.066s][info][gc,phases   ] GC(675)   Merge Heap Roots: 0.17ms
[490.066s][info][gc,phases   ] GC(675)   Evacuate Collection Set: 8.22ms
[490.066s][info][gc,phases   ] GC(675)   Post Evacuate Collection Set: 0.87ms
[490.066s][info][gc,phases   ] GC(675)   Other: 0.09ms
[490.066s][info][gc,heap     ] GC(675) Eden regions: 506->0(505)
[490.066s][info][gc,heap     ] GC(675) Survivor regions: 17->18(66)
[490.066s][info][gc,heap     ] GC(675) Old regions: 43->40
[490.066s][info][gc,heap     ] GC(675) Humongous regions: 207->207
[490.066s][info][gc,metaspace] GC(675) Metaspace: 57761K(58112K)->57761K(58112K) NonClass: 52140K(52416K)->52140K(52416K) Class: 5621K(5696K)->5621K(5696K)
[490.066s][info][gc          ] GC(675) Pause Young (Mixed) (G1 Evacuation Pause) 771M->263M(872M) 9.862ms
[490.066s][info][gc,cpu      ] GC(675) User=0.02s Sys=0.00s Real=0.01s
[491.297s][info][gc,start    ] GC(676) Pause Young (Concurrent Start) (G1 Evacuation Pause)
[491.297s][info][gc,task     ] GC(676) Using 2 workers of 2 for evacuation
[491.306s][info][gc,phases   ] GC(676)   Pre Evacuate Collection Set: 0.29ms
[491.306s][info][gc,phases   ] GC(676)   Merge Heap Roots: 0.15ms
[491.306s][info][gc,phases   ] GC(676)   Evacuate Collection Set: 7.21ms
[491.306s][info][gc,phases   ] GC(676)   Post Evacuate Collection Set: 0.87ms
[491.306s][info][gc,phases   ] GC(676)   Other: 0.11ms
[491.306s][info][gc,heap     ] GC(676) Eden regions: 505->0(507)
[491.306s][info][gc,heap     ] GC(676) Survivor regions: 18->16(66)
[491.306s][info][gc,heap     ] GC(676) Old regions: 40->40
[491.306s][info][gc,heap     ] GC(676) Humongous regions: 207->207
[491.306s][info][gc,metaspace] GC(676) Metaspace: 57761K(58112K)->57761K(58112K) NonClass: 52140K(52416K)->52140K(52416K) Class: 5621K(5696K)->5621K(5696K)
[491.306s][info][gc          ] GC(676) Pause Young (Concurrent Start) (G1 Evacuation Pause) 768M->262M(872M) 8.802ms
[491.306s][info][gc,cpu      ] GC(676) User=0.02s Sys=0.00s Real=0.01s
[491.306s][info][gc          ] GC(677) Concurrent Mark Cycle
[491.306s][info][gc,marking  ] GC(677) Concurrent Scan Root Regions
[491.312s][info][gc,marking  ] GC(677) Concurrent Scan Root Regions 5.787ms
[491.312s][info][gc,marking  ] GC(677) Concurrent Mark
[491.312s][info][gc,marking  ] GC(677) Concurrent Mark From Roots
[491.312s][info][gc,task     ] GC(677) Using 1 workers of 1 for marking
[491.363s][info][gc,marking  ] GC(677) Concurrent Mark From Roots 51.450ms
[491.363s][info][gc,marking  ] GC(677) Concurrent Preclean
[491.363s][info][gc,marking  ] GC(677) Concurrent Preclean 0.045ms
[491.363s][info][gc,start    ] GC(677) Pause Remark
[491.378s][info][gc          ] GC(677) Pause Remark 301M->301M(872M) 14.295ms
[491.378s][info][gc,cpu      ] GC(677) User=0.02s Sys=0.00s Real=0.01s
[491.378s][info][gc,marking  ] GC(677) Concurrent Mark 66.376ms
[491.378s][info][gc,marking  ] GC(677) Concurrent Rebuild Remembered Sets and Scrub Regions
[491.400s][info][gc,marking  ] GC(677) Concurrent Rebuild Remembered Sets and Scrub Regions 21.501ms
[491.400s][info][gc,start    ] GC(677) Pause Cleanup
[491.400s][info][gc          ] GC(677) Pause Cleanup 310M->310M(872M) 0.075ms
[491.400s][info][gc,cpu      ] GC(677) User=0.00s Sys=0.00s Real=0.00s
[491.400s][info][gc,marking  ] GC(677) Concurrent Clear Claimed Marks
[491.400s][info][gc,marking  ] GC(677) Concurrent Clear Claimed Marks 0.106ms
[491.400s][info][gc,marking  ] GC(677) Concurrent Cleanup for Next Mark
[491.403s][info][gc,marking  ] GC(677) Concurrent Cleanup for Next Mark 2.613ms
[491.403s][info][gc          ] GC(677) Concurrent Mark Cycle 96.714ms
[492.551s][info][gc,start    ] GC(678) Pause Young (Prepare Mixed) (G1 Evacuation Pause)
[492.551s][info][gc,task     ] GC(678) Using 2 workers of 2 for evacuation
[492.559s][info][gc,phases   ] GC(678)   Pre Evacuate Collection Set: 0.29ms
[492.559s][info][gc,phases   ] GC(678)   Merge Heap Roots: 0.17ms
[492.559s][info][gc,phases   ] GC(678)   Evacuate Collection Set: 7.32ms
[492.559s][info][gc,phases   ] GC(678)   Post Evacuate Collection Set: 0.85ms
[492.559s][info][gc,phases   ] GC(678)   Other: 0.10ms
[492.559s][info][gc,heap     ] GC(678) Eden regions: 507->0(506)
[492.559s][info][gc,heap     ] GC(678) Survivor regions: 16->17(66)
[492.559s][info][gc,heap     ] GC(678) Old regions: 40->40
[492.559s][info][gc,heap     ] GC(678) Humongous regions: 207->207
[492.559s][info][gc,metaspace] GC(678) Metaspace: 57761K(58112K)->57761K(58112K) NonClass: 52140K(52416K)->52140K(52416K) Class: 5621K(5696K)->5621K(5696K)
[492.559s][info][gc          ] GC(678) Pause Young (Prepare Mixed) (G1 Evacuation Pause) 769M->263M(872M) 8.921ms
[492.559s][info][gc,cpu      ] GC(678) User=0.01s Sys=0.00s Real=0.01s
[493.725s][info][gc,start    ] GC(679) Pause Young (Mixed) (G1 Evacuation Pause)
[493.725s][info][gc,task     ] GC(679) Using 2 workers of 2 for evacuation
[493.736s][info][gc,phases   ] GC(679)   Pre Evacuate Collection Set: 0.29ms
[493.736s][info][gc,phases   ] GC(679)   Merge Heap Roots: 0.18ms
[493.736s][info][gc,phases   ] GC(679)   Evacuate Collection Set: 9.61ms
[493.736s][info][gc,phases   ] GC(679)   Post Evacuate Collection Set: 0.86ms
[493.736s][info][gc,phases   ] GC(679)   Other: 0.11ms
[493.736s][info][gc,heap     ] GC(679) Eden regions: 506->0(505)
[493.736s][info][gc,heap     ] GC(679) Survivor regions: 17->18(66)
[493.736s][info][gc,heap     ] GC(679) Old regions: 40->39
[493.736s][info][gc,heap     ] GC(679) Humongous regions: 207->207
[493.736s][info][gc,metaspace] GC(679) Metaspace: 57761K(58112K)->57761K(58112K) NonClass: 52140K(52416K)->52140K(52416K) Class: 5621K(5696K)->5621K(5696K)
[493.736s][info][gc          ] GC(679) Pause Young (Mixed) (G1 Evacuation Pause) 769M->262M(872M) 11.229ms
[493.736s][info][gc,cpu      ] GC(679) User=0.02s Sys=0.00s Real=0.01s
[494.941s][info][gc,start    ] GC(680) Pause Young (Concurrent Start) (G1 Evacuation Pause)
[494.941s][info][gc,task     ] GC(680) Using 2 workers of 2 for evacuation
[494.950s][info][gc,phases   ] GC(680)   Pre Evacuate Collection Set: 0.31ms
[494.950s][info][gc,phases   ] GC(680)   Merge Heap Roots: 0.18ms
[494.950s][info][gc,phases   ] GC(680)   Evacuate Collection Set: 8.33ms
[494.950s][info][gc,phases   ] GC(680)   Post Evacuate Collection Set: 0.88ms
[494.950s][info][gc,phases   ] GC(680)   Other: 0.11ms
[494.950s][info][gc,heap     ] GC(680) Eden regions: 505->0(506)
[494.951s][info][gc,heap     ] GC(680) Survivor regions: 18->17(66)
[494.951s][info][gc,heap     ] GC(680) Old regions: 39->39
[494.951s][info][gc,heap     ] GC(680) Humongous regions: 207->207
[494.951s][info][gc,metaspace] GC(680) Metaspace: 57761K(58112K)->57761K(58112K) NonClass: 52140K(52416K)->52140K(52416K) Class: 5621K(5696K)->5621K(5696K)
[494.951s][info][gc          ] GC(680) Pause Young (Concurrent Start) (G1 Evacuation Pause) 767M->262M(872M) 9.998ms
[494.951s][info][gc,cpu      ] GC(680) User=0.01s Sys=0.00s Real=0.01s
[494.951s][info][gc          ] GC(681) Concurrent Mark Cycle
[494.951s][info][gc,marking  ] GC(681) Concurrent Scan Root Regions
[494.960s][info][gc,marking  ] GC(681) Concurrent Scan Root Regions 9.091ms
[494.960s][info][gc,marking  ] GC(681) Concurrent Mark
[494.960s][info][gc,marking  ] GC(681) Concurrent Mark From Roots
[494.960s][info][gc,task     ] GC(681) Using 1 workers of 1 for marking
[495.001s][info][gc,marking  ] GC(681) Concurrent Mark From Roots 40.667ms
[495.001s][info][gc,marking  ] GC(681) Concurrent Preclean
[495.001s][info][gc,marking  ] GC(681) Concurrent Preclean 0.049ms
[495.001s][info][gc,start    ] GC(681) Pause Remark
[495.010s][info][gc          ] GC(681) Pause Remark 272M->272M(872M) 9.001ms
[495.010s][info][gc,cpu      ] GC(681) User=0.02s Sys=0.00s Real=0.01s
[495.010s][info][gc,marking  ] GC(681) Concurrent Mark 50.373ms
[495.010s][info][gc,marking  ] GC(681) Concurrent Rebuild Remembered Sets and Scrub Regions
[495.037s][info][gc,marking  ] GC(681) Concurrent Rebuild Remembered Sets and Scrub Regions 26.825ms
[495.037s][info][gc,start    ] GC(681) Pause Cleanup
[495.037s][info][gc          ] GC(681) Pause Cleanup 293M->293M(872M) 0.067ms
[495.037s][info][gc,cpu      ] GC(681) User=0.00s Sys=0.00s Real=0.00s
[495.037s][info][gc,marking  ] GC(681) Concurrent Clear Claimed Marks
[495.037s][info][gc,marking  ] GC(681) Concurrent Clear Claimed Marks 0.104ms
[495.037s][info][gc,marking  ] GC(681) Concurrent Cleanup for Next Mark
[495.044s][info][gc,marking  ] GC(681) Concurrent Cleanup for Next Mark 6.840ms
[495.044s][info][gc          ] GC(681) Concurrent Mark Cycle 93.754ms
[496.213s][info][gc,start    ] GC(682) Pause Young (Prepare Mixed) (G1 Evacuation Pause)
[496.213s][info][gc,task     ] GC(682) Using 2 workers of 2 for evacuation
[496.221s][info][gc,phases   ] GC(682)   Pre Evacuate Collection Set: 0.29ms
[496.221s][info][gc,phases   ] GC(682)   Merge Heap Roots: 0.18ms
[496.221s][info][gc,phases   ] GC(682)   Evacuate Collection Set: 6.14ms
[496.221s][info][gc,phases   ] GC(682)   Post Evacuate Collection Set: 0.84ms
[496.221s][info][gc,phases   ] GC(682)   Other: 0.09ms
[496.221s][info][gc,heap     ] GC(682) Eden regions: 506->0(507)
[496.221s][info][gc,heap     ] GC(682) Survivor regions: 17->16(66)
[496.221s][info][gc,heap     ] GC(682) Old regions: 39->39
[496.221s][info][gc,heap     ] GC(682) Humongous regions: 207->207
[496.221s][info][gc,metaspace] GC(682) Metaspace: 57761K(58112K)->57761K(58112K) NonClass: 52140K(52416K)->52140K(52416K) Class: 5621K(5696K)->5621K(5696K)
[496.221s][info][gc          ] GC(682) Pause Young (Prepare Mixed) (G1 Evacuation Pause) 768M->261M(872M) 7.711ms
[496.221s][info][gc,cpu      ] GC(682) User=0.01s Sys=0.00s Real=0.01s
[497.421s][info][gc,start    ] GC(683) Pause Young (Mixed) (G1 Evacuation Pause)
[497.421s][info][gc,task     ] GC(683) Using 2 workers of 2 for evacuation
[497.432s][info][gc,phases   ] GC(683)   Pre Evacuate Collection Set: 0.29ms
[497.432s][info][gc,phases   ] GC(683)   Merge Heap Roots: 0.15ms
[497.432s][info][gc,phases   ] GC(683)   Evacuate Collection Set: 9.46ms
[497.432s][info][gc,phases   ] GC(683)   Post Evacuate Collection Set: 0.87ms
[497.432s][info][gc,phases   ] GC(683)   Other: 0.09ms
[497.432s][info][gc,heap     ] GC(683) Eden regions: 507->0(505)
[497.432s][info][gc,heap     ] GC(683) Survivor regions: 16->18(66)
[497.432s][info][gc,heap     ] GC(683) Old regions: 39->38
[497.432s][info][gc,heap     ] GC(683) Humongous regions: 207->207
[497.432s][info][gc,metaspace] GC(683) Metaspace: 57761K(58112K)->57761K(58112K) NonClass: 52140K(52416K)->52140K(52416K) Class: 5621K(5696K)->5621K(5696K)
[497.432s][info][gc          ] GC(683) Pause Young (Mixed) (G1 Evacuation Pause) 768M->262M(872M) 11.054ms
[497.432s][info][gc,cpu      ] GC(683) User=0.01s Sys=0.00s Real=0.01s
[498.729s][info][gc,start    ] GC(684) Pause Young (Concurrent Start) (G1 Evacuation Pause)
[498.729s][info][gc,task     ] GC(684) Using 2 workers of 2 for evacuation
[498.740s][info][gc,phases   ] GC(684)   Pre Evacuate Collection Set: 0.31ms
[498.740s][info][gc,phases   ] GC(684)   Merge Heap Roots: 0.15ms
[498.740s][info][gc,phases   ] GC(684)   Evacuate Collection Set: 9.21ms
[498.740s][info][gc,phases   ] GC(684)   Post Evacuate Collection Set: 0.85ms
[498.740s][info][gc,phases   ] GC(684)   Other: 0.12ms
[498.740s][info][gc,heap     ] GC(684) Eden regions: 505->0(505)
[498.740s][info][gc,heap     ] GC(684) Survivor regions: 18->18(66)
[498.740s][info][gc,heap     ] GC(684) Old regions: 38->38
[498.740s][info][gc,heap     ] GC(684) Humongous regions: 207->207
[498.740s][info][gc,metaspace] GC(684) Metaspace: 57761K(58112K)->57761K(58112K) NonClass: 52140K(52416K)->52140K(52416K) Class: 5621K(5696K)->5621K(5696K)
[498.740s][info][gc          ] GC(684) Pause Young (Concurrent Start) (G1 Evacuation Pause) 767M->262M(872M) 10.832ms
[498.740s][info][gc          ] GC(685) Concurrent Mark Cycle
[498.740s][info][gc,marking  ] GC(685) Concurrent Scan Root Regions
[498.742s][info][gc,cpu      ] GC(684) User=0.02s Sys=0.00s Real=0.01s
[498.748s][info][gc,marking  ] GC(685) Concurrent Scan Root Regions 8.068ms
[498.748s][info][gc,marking  ] GC(685) Concurrent Mark
[498.748s][info][gc,marking  ] GC(685) Concurrent Mark From Roots
[498.748s][info][gc,task     ] GC(685) Using 1 workers of 1 for marking
[498.786s][info][gc,marking  ] GC(685) Concurrent Mark From Roots 37.762ms
[498.786s][info][gc,marking  ] GC(685) Concurrent Preclean
[498.786s][info][gc,marking  ] GC(685) Concurrent Preclean 0.063ms
[498.786s][info][gc,start    ] GC(685) Pause Remark
[498.795s][info][gc          ] GC(685) Pause Remark 279M->279M(872M) 8.912ms
[498.795s][info][gc,cpu      ] GC(685) User=0.02s Sys=0.00s Real=0.01s
[498.795s][info][gc,marking  ] GC(685) Concurrent Mark 46.971ms
[498.795s][info][gc,marking  ] GC(685) Concurrent Rebuild Remembered Sets and Scrub Regions
[498.814s][info][gc,marking  ] GC(685) Concurrent Rebuild Remembered Sets and Scrub Regions 18.518ms
[498.814s][info][gc,start    ] GC(685) Pause Cleanup
[498.814s][info][gc          ] GC(685) Pause Cleanup 286M->286M(872M) 0.073ms
[498.814s][info][gc,cpu      ] GC(685) User=0.00s Sys=0.00s Real=0.00s
[498.815s][info][gc,marking  ] GC(685) Concurrent Clear Claimed Marks
[498.815s][info][gc,marking  ] GC(685) Concurrent Clear Claimed Marks 0.104ms
[498.815s][info][gc,marking  ] GC(685) Concurrent Cleanup for Next Mark
[498.822s][info][gc,marking  ] GC(685) Concurrent Cleanup for Next Mark 6.813ms
[498.822s][info][gc          ] GC(685) Concurrent Mark Cycle 81.985ms
[499.950s][info][gc,start    ] GC(686) Pause Young (Prepare Mixed) (G1 Evacuation Pause)
[499.950s][info][gc,task     ] GC(686) Using 2 workers of 2 for evacuation
[499.959s][info][gc,phases   ] GC(686)   Pre Evacuate Collection Set: 0.31ms
[499.959s][info][gc,phases   ] GC(686)   Merge Heap Roots: 0.16ms
[499.959s][info][gc,phases   ] GC(686)   Evacuate Collection Set: 7.55ms
[499.959s][info][gc,phases   ] GC(686)   Post Evacuate Collection Set: 0.84ms
[499.959s][info][gc,phases   ] GC(686)   Other: 0.09ms
[499.959s][info][gc,heap     ] GC(686) Eden regions: 505->0(506)
[499.959s][info][gc,heap     ] GC(686) Survivor regions: 18->17(66)
[499.959s][info][gc,heap     ] GC(686) Old regions: 38->38
[499.959s][info][gc,heap     ] GC(686) Humongous regions: 207->207
[499.959s][info][gc,metaspace] GC(686) Metaspace: 57761K(58112K)->57761K(58112K) NonClass: 52140K(52416K)->52140K(52416K) Class: 5621K(5696K)->5621K(5696K)
[499.959s][info][gc          ] GC(686) Pause Young (Prepare Mixed) (G1 Evacuation Pause) 767M->261M(872M) 9.154ms
[499.959s][info][gc,cpu      ] GC(686) User=0.02s Sys=0.00s Real=0.01s
[501.211s][info][gc,start    ] GC(687) Pause Young (Mixed) (G1 Evacuation Pause)
[501.211s][info][gc,task     ] GC(687) Using 2 workers of 2 for evacuation
[501.219s][info][gc,phases   ] GC(687)   Pre Evacuate Collection Set: 0.32ms
[501.219s][info][gc,phases   ] GC(687)   Merge Heap Roots: 0.13ms
[501.219s][info][gc,phases   ] GC(687)   Evacuate Collection Set: 7.19ms
[501.219s][info][gc,phases   ] GC(687)   Post Evacuate Collection Set: 0.83ms
[501.219s][info][gc,phases   ] GC(687)   Other: 0.09ms
[501.219s][info][gc,heap     ] GC(687) Eden regions: 506->0(506)
[501.219s][info][gc,heap     ] GC(687) Survivor regions: 17->17(66)
[501.219s][info][gc,heap     ] GC(687) Old regions: 38->38
[501.219s][info][gc,heap     ] GC(687) Humongous regions: 207->207
[501.219s][info][gc,metaspace] GC(687) Metaspace: 57761K(58112K)->57761K(58112K) NonClass: 52140K(52416K)->52140K(52416K) Class: 5621K(5696K)->5621K(5696K)
[501.219s][info][gc          ] GC(687) Pause Young (Mixed) (G1 Evacuation Pause) 767M->260M(872M) 8.725ms
[501.220s][info][gc,cpu      ] GC(687) User=0.02s Sys=0.00s Real=0.01s
[502.423s][info][gc,start    ] GC(688) Pause Young (Concurrent Start) (G1 Evacuation Pause)
[502.423s][info][gc,task     ] GC(688) Using 2 workers of 2 for evacuation
[502.433s][info][gc,phases   ] GC(688)   Pre Evacuate Collection Set: 0.31ms
[502.433s][info][gc,phases   ] GC(688)   Merge Heap Roots: 0.17ms
[502.433s][info][gc,phases   ] GC(688)   Evacuate Collection Set: 8.34ms
[502.433s][info][gc,phases   ] GC(688)   Post Evacuate Collection Set: 0.84ms
[502.433s][info][gc,phases   ] GC(688)   Other: 0.12ms
[502.433s][info][gc,heap     ] GC(688) Eden regions: 506->0(506)
[502.433s][info][gc,heap     ] GC(688) Survivor regions: 17->17(66)
[502.433s][info][gc,heap     ] GC(688) Old regions: 38->38
[502.433s][info][gc,heap     ] GC(688) Humongous regions: 207->207
[502.433s][info][gc,metaspace] GC(688) Metaspace: 57761K(58112K)->57761K(58112K) NonClass: 52140K(52416K)->52140K(52416K) Class: 5621K(5696K)->5621K(5696K)
[502.433s][info][gc          ] GC(688) Pause Young (Concurrent Start) (G1 Evacuation Pause) 766M->261M(872M) 10.003ms
[502.433s][info][gc          ] GC(689) Concurrent Mark Cycle
[502.433s][info][gc,marking  ] GC(689) Concurrent Scan Root Regions
[502.433s][info][gc,cpu      ] GC(688) User=0.02s Sys=0.00s Real=0.01s
[502.439s][info][gc,marking  ] GC(689) Concurrent Scan Root Regions 6.069ms
[502.439s][info][gc,marking  ] GC(689) Concurrent Mark
[502.439s][info][gc,marking  ] GC(689) Concurrent Mark From Roots
[502.439s][info][gc,task     ] GC(689) Using 1 workers of 1 for marking
[502.490s][info][gc,marking  ] GC(689) Concurrent Mark From Roots 50.880ms
[502.490s][info][gc,marking  ] GC(689) Concurrent Preclean
[502.490s][info][gc,marking  ] GC(689) Concurrent Preclean 0.047ms
[502.490s][info][gc,start    ] GC(689) Pause Remark
[502.500s][info][gc          ] GC(689) Pause Remark 290M->282M(847M) 9.857ms
[502.500s][info][gc,cpu      ] GC(689) User=0.01s Sys=0.00s Real=0.01s
[502.500s][info][gc,marking  ] GC(689) Concurrent Mark 61.092ms
[502.500s][info][gc,marking  ] GC(689) Concurrent Rebuild Remembered Sets and Scrub Regions
[502.525s][info][gc,marking  ] GC(689) Concurrent Rebuild Remembered Sets and Scrub Regions 24.506ms
[502.525s][info][gc,start    ] GC(689) Pause Cleanup
[502.525s][info][gc          ] GC(689) Pause Cleanup 296M->296M(847M) 0.069ms
[502.525s][info][gc,cpu      ] GC(689) User=0.00s Sys=0.00s Real=0.00s
[502.526s][info][gc,marking  ] GC(689) Concurrent Clear Claimed Marks
[502.526s][info][gc,marking  ] GC(689) Concurrent Clear Claimed Marks 0.109ms
[502.526s][info][gc,marking  ] GC(689) Concurrent Cleanup for Next Mark
[502.531s][info][gc,marking  ] GC(689) Concurrent Cleanup for Next Mark 4.532ms
[502.531s][info][gc          ] GC(689) Concurrent Mark Cycle 97.556ms
[503.617s][info][gc,start    ] GC(690) Pause Young (Prepare Mixed) (G1 Evacuation Pause)
[503.617s][info][gc,task     ] GC(690) Using 2 workers of 2 for evacuation
[503.626s][info][gc,phases   ] GC(690)   Pre Evacuate Collection Set: 0.27ms
[503.626s][info][gc,phases   ] GC(690)   Merge Heap Roots: 0.15ms
[503.626s][info][gc,phases   ] GC(690)   Evacuate Collection Set: 7.70ms
[503.626s][info][gc,phases   ] GC(690)   Post Evacuate Collection Set: 0.82ms
[503.626s][info][gc,phases   ] GC(690)   Other: 0.10ms
[503.626s][info][gc,heap     ] GC(690) Eden regions: 491->0(503)
[503.626s][info][gc,heap     ] GC(690) Survivor regions: 17->5(64)
[503.626s][info][gc,heap     ] GC(690) Old regions: 30->42
[503.626s][info][gc,heap     ] GC(690) Humongous regions: 207->207
[503.626s][info][gc,metaspace] GC(690) Metaspace: 57761K(58112K)->57761K(58112K) NonClass: 52140K(52416K)->52140K(52416K) Class: 5621K(5696K)->5621K(5696K)
[503.626s][info][gc          ] GC(690) Pause Young (Prepare Mixed) (G1 Evacuation Pause) 744M->253M(847M) 9.213ms
[503.626s][info][gc,cpu      ] GC(690) User=0.02s Sys=0.00s Real=0.01s
[504.826s][info][gc,start    ] GC(691) Pause Young (Mixed) (G1 Evacuation Pause)
[504.827s][info][gc,task     ] GC(691) Using 2 workers of 2 for evacuation
[504.833s][info][gc,phases   ] GC(691)   Pre Evacuate Collection Set: 0.29ms
[504.833s][info][gc,phases   ] GC(691)   Merge Heap Roots: 0.16ms
[504.833s][info][gc,phases   ] GC(691)   Evacuate Collection Set: 4.70ms
[504.833s][info][gc,phases   ] GC(691)   Post Evacuate Collection Set: 0.77ms
[504.833s][info][gc,phases   ] GC(691)   Other: 0.11ms
[504.833s][info][gc,heap     ] GC(691) Eden regions: 503->0(502)
[504.833s][info][gc,heap     ] GC(691) Survivor regions: 5->6(64)
[504.833s][info][gc,heap     ] GC(691) Old regions: 42->41
[504.833s][info][gc,heap     ] GC(691) Humongous regions: 207->207
[504.833s][info][gc,metaspace] GC(691) Metaspace: 57761K(58112K)->57761K(58112K) NonClass: 52140K(52416K)->52140K(52416K) Class: 5621K(5696K)->5621K(5696K)
[504.833s][info][gc          ] GC(691) Pause Young (Mixed) (G1 Evacuation Pause) 756M->252M(847M) 6.223ms
[504.833s][info][gc,cpu      ] GC(691) User=0.02s Sys=0.00s Real=0.01s
[506.045s][info][gc,start    ] GC(692) Pause Young (Concurrent Start) (G1 Evacuation Pause)
[506.045s][info][gc,task     ] GC(692) Using 2 workers of 2 for evacuation
[506.074s][info][gc,phases   ] GC(692)   Pre Evacuate Collection Set: 0.43ms
[506.074s][info][gc,phases   ] GC(692)   Merge Heap Roots: 0.13ms
[506.074s][info][gc,phases   ] GC(692)   Evacuate Collection Set: 26.32ms
[506.074s][info][gc,phases   ] GC(692)   Post Evacuate Collection Set: 1.36ms
[506.074s][info][gc,phases   ] GC(692)   Other: 1.28ms
[506.074s][info][gc,heap     ] GC(692) Eden regions: 502->0(502)
[506.074s][info][gc,heap     ] GC(692) Survivor regions: 6->6(64)
[506.074s][info][gc,heap     ] GC(692) Old regions: 41->42
[506.074s][info][gc,heap     ] GC(692) Humongous regions: 207->207
[506.074s][info][gc,metaspace] GC(692) Metaspace: 57761K(58112K)->57761K(58112K) NonClass: 52140K(52416K)->52140K(52416K) Class: 5621K(5696K)->5621K(5696K)
[506.074s][info][gc          ] GC(692) Pause Young (Concurrent Start) (G1 Evacuation Pause) 754M->253M(847M) 29.707ms
[506.074s][info][gc,cpu      ] GC(692) User=0.03s Sys=0.00s Real=0.03s
[506.080s][info][gc          ] GC(693) Concurrent Mark Cycle
[506.080s][info][gc,marking  ] GC(693) Concurrent Scan Root Regions
[506.102s][info][gc,marking  ] GC(693) Concurrent Scan Root Regions 22.098ms
[506.102s][info][gc,marking  ] GC(693) Concurrent Mark
[506.102s][info][gc,marking  ] GC(693) Concurrent Mark From Roots
[506.102s][info][gc,task     ] GC(693) Using 1 workers of 1 for marking
[506.151s][info][gc,marking  ] GC(693) Concurrent Mark From Roots 48.859ms
[506.151s][info][gc,marking  ] GC(693) Concurrent Preclean
[506.151s][info][gc,marking  ] GC(693) Concurrent Preclean 0.066ms
[506.151s][info][gc,start    ] GC(693) Pause Remark
[506.162s][info][gc          ] GC(693) Pause Remark 268M->268M(847M) 10.924ms
[506.162s][info][gc,cpu      ] GC(693) User=0.02s Sys=0.00s Real=0.01s
[506.164s][info][gc,marking  ] GC(693) Concurrent Mark 62.099ms
[506.164s][info][gc,marking  ] GC(693) Concurrent Rebuild Remembered Sets and Scrub Regions
[506.179s][info][gc,marking  ] GC(693) Concurrent Rebuild Remembered Sets and Scrub Regions 15.509ms
[506.180s][info][gc,start    ] GC(693) Pause Cleanup
[506.180s][info][gc          ] GC(693) Pause Cleanup 277M->277M(847M) 0.074ms
[506.180s][info][gc,cpu      ] GC(693) User=0.00s Sys=0.00s Real=0.00s
[506.180s][info][gc,marking  ] GC(693) Concurrent Clear Claimed Marks
[506.180s][info][gc,marking  ] GC(693) Concurrent Clear Claimed Marks 0.086ms
[506.180s][info][gc,marking  ] GC(693) Concurrent Cleanup for Next Mark
[506.182s][info][gc,marking  ] GC(693) Concurrent Cleanup for Next Mark 2.547ms
[506.182s][info][gc          ] GC(693) Concurrent Mark Cycle 102.750ms
[507.243s][info][gc,start    ] GC(694) Pause Young (Prepare Mixed) (G1 Evacuation Pause)
[507.243s][info][gc,task     ] GC(694) Using 2 workers of 2 for evacuation
[507.249s][info][gc,phases   ] GC(694)   Pre Evacuate Collection Set: 0.32ms
[507.249s][info][gc,phases   ] GC(694)   Merge Heap Roots: 0.16ms
[507.249s][info][gc,phases   ] GC(694)   Evacuate Collection Set: 4.48ms
[507.249s][info][gc,phases   ] GC(694)   Post Evacuate Collection Set: 0.75ms
[507.249s][info][gc,phases   ] GC(694)   Other: 0.12ms
[507.249s][info][gc,heap     ] GC(694) Eden regions: 502->0(504)
[507.249s][info][gc,heap     ] GC(694) Survivor regions: 6->4(64)
[507.249s][info][gc,heap     ] GC(694) Old regions: 42->43
[507.249s][info][gc,heap     ] GC(694) Humongous regions: 207->207
[507.249s][info][gc,metaspace] GC(694) Metaspace: 57761K(58112K)->57761K(58112K) NonClass: 52140K(52416K)->52140K(52416K) Class: 5621K(5696K)->5621K(5696K)
[507.249s][info][gc          ] GC(694) Pause Young (Prepare Mixed) (G1 Evacuation Pause) 755M->252M(847M) 5.976ms
[507.249s][info][gc,cpu      ] GC(694) User=0.01s Sys=0.00s Real=0.01s
[508.446s][info][gc,start    ] GC(695) Pause Young (Mixed) (G1 Evacuation Pause)
[508.446s][info][gc,task     ] GC(695) Using 2 workers of 2 for evacuation
[508.450s][info][gc,phases   ] GC(695)   Pre Evacuate Collection Set: 0.30ms
[508.450s][info][gc,phases   ] GC(695)   Merge Heap Roots: 0.14ms
[508.450s][info][gc,phases   ] GC(695)   Evacuate Collection Set: 2.52ms
[508.450s][info][gc,phases   ] GC(695)   Post Evacuate Collection Set: 0.73ms
[508.450s][info][gc,phases   ] GC(695)   Other: 0.08ms
[508.450s][info][gc,heap     ] GC(695) Eden regions: 504->0(507)
[508.450s][info][gc,heap     ] GC(695) Survivor regions: 4->1(64)
[508.450s][info][gc,heap     ] GC(695) Old regions: 43->41
[508.450s][info][gc,heap     ] GC(695) Humongous regions: 207->207
[508.450s][info][gc,metaspace] GC(695) Metaspace: 57761K(58112K)->57761K(58112K) NonClass: 52140K(52416K)->52140K(52416K) Class: 5621K(5696K)->5621K(5696K)
[508.450s][info][gc          ] GC(695) Pause Young (Mixed) (G1 Evacuation Pause) 756M->248M(847M) 3.968ms
[508.450s][info][gc,cpu      ] GC(695) User=0.01s Sys=0.00s Real=0.01s
[509.818s][info][gc,start    ] GC(696) Pause Young (Concurrent Start) (G1 Evacuation Pause)
[509.818s][info][gc,task     ] GC(696) Using 2 workers of 2 for evacuation
[509.822s][info][gc,phases   ] GC(696)   Pre Evacuate Collection Set: 0.28ms
[509.823s][info][gc,phases   ] GC(696)   Merge Heap Roots: 0.14ms
[509.823s][info][gc,phases   ] GC(696)   Evacuate Collection Set: 3.55ms
[509.823s][info][gc,phases   ] GC(696)   Post Evacuate Collection Set: 0.76ms
[509.823s][info][gc,phases   ] GC(696)   Other: 0.10ms
[509.823s][info][gc,heap     ] GC(696) Eden regions: 507->0(506)
[509.823s][info][gc,heap     ] GC(696) Survivor regions: 1->2(64)
[509.823s][info][gc,heap     ] GC(696) Old regions: 41->41
[509.823s][info][gc,heap     ] GC(696) Humongous regions: 207->207
[509.823s][info][gc,metaspace] GC(696) Metaspace: 57761K(58112K)->57761K(58112K) NonClass: 52140K(52416K)->52140K(52416K) Class: 5621K(5696K)->5621K(5696K)
[509.823s][info][gc          ] GC(696) Pause Young (Concurrent Start) (G1 Evacuation Pause) 755M->249M(847M) 4.993ms
[509.823s][info][gc,cpu      ] GC(696) User=0.00s Sys=0.00s Real=0.01s
[509.823s][info][gc          ] GC(697) Concurrent Mark Cycle
[509.823s][info][gc,marking  ] GC(697) Concurrent Scan Root Regions
[509.827s][info][gc,marking  ] GC(697) Concurrent Scan Root Regions 3.817ms
[509.827s][info][gc,marking  ] GC(697) Concurrent Mark
[509.827s][info][gc,marking  ] GC(697) Concurrent Mark From Roots
[509.827s][info][gc,task     ] GC(697) Using 1 workers of 1 for marking
[509.877s][info][gc,marking  ] GC(697) Concurrent Mark From Roots 50.451ms
[509.877s][info][gc,marking  ] GC(697) Concurrent Preclean
[509.877s][info][gc,marking  ] GC(697) Concurrent Preclean 0.062ms
[509.877s][info][gc,start    ] GC(697) Pause Remark
[509.886s][info][gc          ] GC(697) Pause Remark 282M->282M(834M) 9.147ms
[509.886s][info][gc,cpu      ] GC(697) User=0.02s Sys=0.00s Real=0.01s
[509.887s][info][gc,marking  ] GC(697) Concurrent Mark 60.305ms
[509.887s][info][gc,marking  ] GC(697) Concurrent Rebuild Remembered Sets and Scrub Regions
[509.902s][info][gc,marking  ] GC(697) Concurrent Rebuild Remembered Sets and Scrub Regions 15.221ms
[509.902s][info][gc,start    ] GC(697) Pause Cleanup
[509.902s][info][gc          ] GC(697) Pause Cleanup 284M->284M(834M) 0.054ms
[509.902s][info][gc,cpu      ] GC(697) User=0.00s Sys=0.00s Real=0.00s
[509.902s][info][gc,marking  ] GC(697) Concurrent Clear Claimed Marks
[509.902s][info][gc,marking  ] GC(697) Concurrent Clear Claimed Marks 0.077ms
[509.902s][info][gc,marking  ] GC(697) Concurrent Cleanup for Next Mark
[509.905s][info][gc,marking  ] GC(697) Concurrent Cleanup for Next Mark 2.416ms
[509.905s][info][gc          ] GC(697) Concurrent Mark Cycle 82.127ms
[511.015s][info][gc,start    ] GC(698) Pause Young (Prepare Mixed) (G1 Evacuation Pause)
[511.015s][info][gc,task     ] GC(698) Using 2 workers of 2 for evacuation
[511.019s][info][gc,phases   ] GC(698)   Pre Evacuate Collection Set: 0.30ms
[511.019s][info][gc,phases   ] GC(698)   Merge Heap Roots: 0.14ms
[511.019s][info][gc,phases   ] GC(698)   Evacuate Collection Set: 2.62ms
[511.019s][info][gc,phases   ] GC(698)   Post Evacuate Collection Set: 0.80ms
[511.019s][info][gc,phases   ] GC(698)   Other: 0.11ms
[511.019s][info][gc,heap     ] GC(698) Eden regions: 498->0(498)
[511.019s][info][gc,heap     ] GC(698) Survivor regions: 2->2(63)
[511.019s][info][gc,heap     ] GC(698) Old regions: 41->42
[511.019s][info][gc,heap     ] GC(698) Humongous regions: 207->207
[511.019s][info][gc,metaspace] GC(698) Metaspace: 57761K(58112K)->57761K(58112K) NonClass: 52140K(52416K)->52140K(52416K) Class: 5621K(5696K)->5621K(5696K)
[511.019s][info][gc          ] GC(698) Pause Young (Prepare Mixed) (G1 Evacuation Pause) 747M->248M(834M) 4.169ms
[511.019s][info][gc,cpu      ] GC(698) User=0.01s Sys=0.00s Real=0.01s
[512.218s][info][gc,start    ] GC(699) Pause Young (Mixed) (G1 Evacuation Pause)
[512.218s][info][gc,task     ] GC(699) Using 2 workers of 2 for evacuation
[512.223s][info][gc,phases   ] GC(699)   Pre Evacuate Collection Set: 0.27ms
[512.223s][info][gc,phases   ] GC(699)   Merge Heap Roots: 0.14ms
[512.223s][info][gc,phases   ] GC(699)   Evacuate Collection Set: 3.74ms
[512.223s][info][gc,phases   ] GC(699)   Post Evacuate Collection Set: 0.74ms
[512.223s][info][gc,phases   ] GC(699)   Other: 0.12ms
[512.223s][info][gc,heap     ] GC(699) Eden regions: 498->0(498)
[512.223s][info][gc,heap     ] GC(699) Survivor regions: 2->2(63)
[512.223s][info][gc,heap     ] GC(699) Old regions: 42->40
[512.223s][info][gc,heap     ] GC(699) Humongous regions: 207->207
[512.223s][info][gc,metaspace] GC(699) Metaspace: 57761K(58112K)->57761K(58112K) NonClass: 52140K(52416K)->52140K(52416K) Class: 5621K(5696K)->5621K(5696K)
[512.223s][info][gc          ] GC(699) Pause Young (Mixed) (G1 Evacuation Pause) 746M->248M(834M) 5.191ms
[512.223s][info][gc,cpu      ] GC(699) User=0.01s Sys=0.00s Real=0.01s
[513.423s][info][gc,start    ] GC(700) Pause Young (Concurrent Start) (G1 Evacuation Pause)
[513.424s][info][gc,task     ] GC(700) Using 2 workers of 2 for evacuation
[513.432s][info][gc,phases   ] GC(700)   Pre Evacuate Collection Set: 0.37ms
[513.432s][info][gc,phases   ] GC(700)   Merge Heap Roots: 0.13ms
[513.432s][info][gc,phases   ] GC(700)   Evacuate Collection Set: 7.44ms
[513.432s][info][gc,phases   ] GC(700)   Post Evacuate Collection Set: 0.79ms
[513.432s][info][gc,phases   ] GC(700)   Other: 0.14ms
[513.432s][info][gc,heap     ] GC(700) Eden regions: 498->0(497)
[513.432s][info][gc,heap     ] GC(700) Survivor regions: 2->3(63)
[513.432s][info][gc,heap     ] GC(700) Old regions: 40->40
[513.432s][info][gc,heap     ] GC(700) Humongous regions: 207->207
[513.432s][info][gc,metaspace] GC(700) Metaspace: 57761K(58112K)->57761K(58112K) NonClass: 52140K(52416K)->52140K(52416K) Class: 5621K(5696K)->5621K(5696K)
[513.432s][info][gc          ] GC(700) Pause Young (Concurrent Start) (G1 Evacuation Pause) 746M->249M(834M) 9.042ms
[513.433s][info][gc,cpu      ] GC(700) User=0.02s Sys=0.00s Real=0.01s
[513.433s][info][gc          ] GC(701) Concurrent Mark Cycle
[513.434s][info][gc,marking  ] GC(701) Concurrent Scan Root Regions
[513.437s][info][gc,marking  ] GC(701) Concurrent Scan Root Regions 3.615ms
[513.437s][info][gc,marking  ] GC(701) Concurrent Mark
[513.437s][info][gc,marking  ] GC(701) Concurrent Mark From Roots
[513.437s][info][gc,task     ] GC(701) Using 1 workers of 1 for marking
[513.490s][info][gc,marking  ] GC(701) Concurrent Mark From Roots 53.266ms
[513.490s][info][gc,marking  ] GC(701) Concurrent Preclean
[513.491s][info][gc,marking  ] GC(701) Concurrent Preclean 0.062ms
[513.491s][info][gc,start    ] GC(701) Pause Remark
[513.500s][info][gc          ] GC(701) Pause Remark 274M->274M(834M) 9.468ms
[513.500s][info][gc,cpu      ] GC(701) User=0.02s Sys=0.00s Real=0.01s
[513.500s][info][gc,marking  ] GC(701) Concurrent Mark 63.207ms
[513.500s][info][gc,marking  ] GC(701) Concurrent Rebuild Remembered Sets and Scrub Regions
[513.530s][info][gc,marking  ] GC(701) Concurrent Rebuild Remembered Sets and Scrub Regions 29.583ms
[513.530s][info][gc,start    ] GC(701) Pause Cleanup
[513.530s][info][gc          ] GC(701) Pause Cleanup 292M->292M(834M) 0.087ms
[513.530s][info][gc,cpu      ] GC(701) User=0.00s Sys=0.00s Real=0.00s
[513.532s][info][gc,marking  ] GC(701) Concurrent Clear Claimed Marks
[513.532s][info][gc,marking  ] GC(701) Concurrent Clear Claimed Marks 0.108ms
[513.532s][info][gc,marking  ] GC(701) Concurrent Cleanup for Next Mark
[513.537s][info][gc,marking  ] GC(701) Concurrent Cleanup for Next Mark 5.248ms
[513.537s][info][gc          ] GC(701) Concurrent Mark Cycle 104.793ms
[514.626s][info][gc,start    ] GC(702) Pause Young (Prepare Mixed) (G1 Evacuation Pause)
[514.626s][info][gc,task     ] GC(702) Using 2 workers of 2 for evacuation
[514.633s][info][gc,phases   ] GC(702)   Pre Evacuate Collection Set: 0.28ms
[514.633s][info][gc,phases   ] GC(702)   Merge Heap Roots: 0.15ms
[514.633s][info][gc,phases   ] GC(702)   Evacuate Collection Set: 4.86ms
[514.633s][info][gc,phases   ] GC(702)   Post Evacuate Collection Set: 0.78ms
[514.633s][info][gc,phases   ] GC(702)   Other: 0.10ms
[514.633s][info][gc,heap     ] GC(702) Eden regions: 497->0(497)
[514.633s][info][gc,heap     ] GC(702) Survivor regions: 3->3(63)
[514.633s][info][gc,heap     ] GC(702) Old regions: 40->41
[514.633s][info][gc,heap     ] GC(702) Humongous regions: 207->207
[514.633s][info][gc,metaspace] GC(702) Metaspace: 57761K(58112K)->57761K(58112K) NonClass: 52140K(52416K)->52140K(52416K) Class: 5621K(5696K)->5621K(5696K)
[514.633s][info][gc          ] GC(702) Pause Young (Prepare Mixed) (G1 Evacuation Pause) 746M->249M(834M) 6.337ms
[514.633s][info][gc,cpu      ] GC(702) User=0.01s Sys=0.00s Real=0.01s
[515.826s][info][gc,start    ] GC(703) Pause Young (Mixed) (G1 Evacuation Pause)
[515.826s][info][gc,task     ] GC(703) Using 2 workers of 2 for evacuation
[515.833s][info][gc,phases   ] GC(703)   Pre Evacuate Collection Set: 0.28ms
[515.833s][info][gc,phases   ] GC(703)   Merge Heap Roots: 0.16ms
[515.833s][info][gc,phases   ] GC(703)   Evacuate Collection Set: 5.42ms
[515.833s][info][gc,phases   ] GC(703)   Post Evacuate Collection Set: 0.74ms
[515.833s][info][gc,phases   ] GC(703)   Other: 0.08ms
[515.833s][info][gc,heap     ] GC(703) Eden regions: 497->0(497)
[515.833s][info][gc,heap     ] GC(703) Survivor regions: 3->3(63)
[515.833s][info][gc,heap     ] GC(703) Old regions: 41->39
[515.833s][info][gc,heap     ] GC(703) Humongous regions: 207->207
[515.833s][info][gc,metaspace] GC(703) Metaspace: 57761K(58112K)->57761K(58112K) NonClass: 52140K(52416K)->52140K(52416K) Class: 5621K(5696K)->5621K(5696K)
[515.833s][info][gc          ] GC(703) Pause Young (Mixed) (G1 Evacuation Pause) 745M->247M(834M) 6.866ms
[515.833s][info][gc,cpu      ] GC(703) User=0.02s Sys=0.00s Real=0.01s
[517.028s][info][gc,start    ] GC(704) Pause Young (Concurrent Start) (G1 Evacuation Pause)
[517.028s][info][gc,task     ] GC(704) Using 2 workers of 2 for evacuation
[517.034s][info][gc,phases   ] GC(704)   Pre Evacuate Collection Set: 0.30ms
[517.034s][info][gc,phases   ] GC(704)   Merge Heap Roots: 0.14ms
[517.034s][info][gc,phases   ] GC(704)   Evacuate Collection Set: 4.94ms
[517.034s][info][gc,phases   ] GC(704)   Post Evacuate Collection Set: 0.75ms
[517.034s][info][gc,phases   ] GC(704)   Other: 0.10ms
[517.034s][info][gc,heap     ] GC(704) Eden regions: 497->0(496)
[517.034s][info][gc,heap     ] GC(704) Survivor regions: 3->4(63)
[517.034s][info][gc,heap     ] GC(704) Old regions: 39->39
[517.034s][info][gc,heap     ] GC(704) Humongous regions: 207->207
[517.034s][info][gc,metaspace] GC(704) Metaspace: 57761K(58112K)->57761K(58112K) NonClass: 52140K(52416K)->52140K(52416K) Class: 5621K(5696K)->5621K(5696K)
[517.034s][info][gc          ] GC(704) Pause Young (Concurrent Start) (G1 Evacuation Pause) 744M->248M(834M) 6.405ms
[517.034s][info][gc,cpu      ] GC(704) User=0.01s Sys=0.00s Real=0.00s
[517.034s][info][gc          ] GC(705) Concurrent Mark Cycle
[517.036s][info][gc,marking  ] GC(705) Concurrent Scan Root Regions
[517.041s][info][gc,marking  ] GC(705) Concurrent Scan Root Regions 4.348ms
[517.041s][info][gc,marking  ] GC(705) Concurrent Mark
[517.041s][info][gc,marking  ] GC(705) Concurrent Mark From Roots
[517.041s][info][gc,task     ] GC(705) Using 1 workers of 1 for marking
[517.084s][info][gc,marking  ] GC(705) Concurrent Mark From Roots 43.419ms
[517.084s][info][gc,marking  ] GC(705) Concurrent Preclean
[517.084s][info][gc,marking  ] GC(705) Concurrent Preclean 0.063ms
[517.084s][info][gc,start    ] GC(705) Pause Remark
[517.094s][info][gc          ] GC(705) Pause Remark 267M->267M(834M) 9.290ms
[517.094s][info][gc,cpu      ] GC(705) User=0.02s Sys=0.00s Real=0.01s
[517.094s][info][gc,marking  ] GC(705) Concurrent Mark 53.081ms
[517.094s][info][gc,marking  ] GC(705) Concurrent Rebuild Remembered Sets and Scrub Regions
[517.113s][info][gc,marking  ] GC(705) Concurrent Rebuild Remembered Sets and Scrub Regions 18.679ms
[517.114s][info][gc,start    ] GC(705) Pause Cleanup
[517.114s][info][gc          ] GC(705) Pause Cleanup 272M->272M(834M) 0.076ms
[517.114s][info][gc,cpu      ] GC(705) User=0.00s Sys=0.00s Real=0.00s
[517.115s][info][gc,marking  ] GC(705) Concurrent Clear Claimed Marks
[517.115s][info][gc,marking  ] GC(705) Concurrent Clear Claimed Marks 0.109ms
[517.115s][info][gc,marking  ] GC(705) Concurrent Cleanup for Next Mark
[517.122s][info][gc,marking  ] GC(705) Concurrent Cleanup for Next Mark 6.578ms
[517.122s][info][gc          ] GC(705) Concurrent Mark Cycle 87.277ms
[518.240s][info][gc,start    ] GC(706) Pause Young (Prepare Mixed) (G1 Evacuation Pause)
[518.240s][info][gc,task     ] GC(706) Using 2 workers of 2 for evacuation
[518.247s][info][gc,phases   ] GC(706)   Pre Evacuate Collection Set: 0.29ms
[518.247s][info][gc,phases   ] GC(706)   Merge Heap Roots: 0.16ms
[518.247s][info][gc,phases   ] GC(706)   Evacuate Collection Set: 5.37ms
[518.247s][info][gc,phases   ] GC(706)   Post Evacuate Collection Set: 0.76ms
[518.247s][info][gc,phases   ] GC(706)   Other: 0.08ms
[518.247s][info][gc,heap     ] GC(706) Eden regions: 496->0(497)
[518.247s][info][gc,heap     ] GC(706) Survivor regions: 4->3(63)
[518.247s][info][gc,heap     ] GC(706) Old regions: 39->40
[518.247s][info][gc,heap     ] GC(706) Humongous regions: 207->207
[518.247s][info][gc,metaspace] GC(706) Metaspace: 57761K(58112K)->57761K(58112K) NonClass: 52140K(52416K)->52140K(52416K) Class: 5621K(5696K)->5621K(5696K)
[518.247s][info][gc          ] GC(706) Pause Young (Prepare Mixed) (G1 Evacuation Pause) 744M->247M(834M) 6.828ms
[518.247s][info][gc,cpu      ] GC(706) User=0.01s Sys=0.00s Real=0.00s
[519.433s][info][gc,start    ] GC(707) Pause Young (Mixed) (G1 Evacuation Pause)
[519.433s][info][gc,task     ] GC(707) Using 2 workers of 2 for evacuation
[519.440s][info][gc,phases   ] GC(707)   Pre Evacuate Collection Set: 0.29ms
[519.440s][info][gc,phases   ] GC(707)   Merge Heap Roots: 0.13ms
[519.440s][info][gc,phases   ] GC(707)   Evacuate Collection Set: 5.54ms
[519.440s][info][gc,phases   ] GC(707)   Post Evacuate Collection Set: 0.78ms
[519.440s][info][gc,phases   ] GC(707)   Other: 0.08ms
[519.440s][info][gc,heap     ] GC(707) Eden regions: 497->0(496)
[519.440s][info][gc,heap     ] GC(707) Survivor regions: 3->4(63)
[519.440s][info][gc,heap     ] GC(707) Old regions: 40->38
[519.440s][info][gc,heap     ] GC(707) Humongous regions: 207->207
[519.440s][info][gc,metaspace] GC(707) Metaspace: 57761K(58112K)->57761K(58112K) NonClass: 52140K(52416K)->52140K(52416K) Class: 5621K(5696K)->5621K(5696K)
[519.440s][info][gc          ] GC(707) Pause Young (Mixed) (G1 Evacuation Pause) 744M->248M(834M) 6.995ms
[519.440s][info][gc,cpu      ] GC(707) User=0.01s Sys=0.00s Real=0.01s
[520.731s][info][gc,start    ] GC(708) Pause Young (Concurrent Start) (G1 Evacuation Pause)
[520.731s][info][gc,task     ] GC(708) Using 2 workers of 2 for evacuation
[520.738s][info][gc,phases   ] GC(708)   Pre Evacuate Collection Set: 0.28ms
[520.738s][info][gc,phases   ] GC(708)   Merge Heap Roots: 0.12ms
[520.738s][info][gc,phases   ] GC(708)   Evacuate Collection Set: 5.24ms
[520.738s][info][gc,phases   ] GC(708)   Post Evacuate Collection Set: 0.75ms
[520.738s][info][gc,phases   ] GC(708)   Other: 0.10ms
[520.738s][info][gc,heap     ] GC(708) Eden regions: 496->0(496)
[520.738s][info][gc,heap     ] GC(708) Survivor regions: 4->4(63)
[520.738s][info][gc,heap     ] GC(708) Old regions: 38->38
[520.738s][info][gc,heap     ] GC(708) Humongous regions: 207->207
[520.738s][info][gc,metaspace] GC(708) Metaspace: 57761K(58112K)->57761K(58112K) NonClass: 52140K(52416K)->52140K(52416K) Class: 5621K(5696K)->5621K(5696K)
[520.738s][info][gc          ] GC(708) Pause Young (Concurrent Start) (G1 Evacuation Pause) 744M->247M(834M) 6.678ms
[520.738s][info][gc,cpu      ] GC(708) User=0.01s Sys=0.00s Real=0.00s
[520.740s][info][gc          ] GC(709) Concurrent Mark Cycle
[520.740s][info][gc,marking  ] GC(709) Concurrent Scan Root Regions
[520.744s][info][gc,marking  ] GC(709) Concurrent Scan Root Regions 3.601ms
[520.744s][info][gc,marking  ] GC(709) Concurrent Mark
[520.744s][info][gc,marking  ] GC(709) Concurrent Mark From Roots
[520.744s][info][gc,task     ] GC(709) Using 1 workers of 1 for marking
[520.793s][info][gc,marking  ] GC(709) Concurrent Mark From Roots 49.838ms
[520.793s][info][gc,marking  ] GC(709) Concurrent Preclean
[520.794s][info][gc,marking  ] GC(709) Concurrent Preclean 0.057ms
[520.794s][info][gc,start    ] GC(709) Pause Remark
[520.803s][info][gc          ] GC(709) Pause Remark 266M->266M(830M) 9.141ms
[520.803s][info][gc,cpu      ] GC(709) User=0.01s Sys=0.00s Real=0.01s
[520.803s][info][gc,marking  ] GC(709) Concurrent Mark 59.509ms
[520.803s][info][gc,marking  ] GC(709) Concurrent Rebuild Remembered Sets and Scrub Regions
[520.834s][info][gc,marking  ] GC(709) Concurrent Rebuild Remembered Sets and Scrub Regions 30.933ms
[520.834s][info][gc,start    ] GC(709) Pause Cleanup
[520.834s][info][gc          ] GC(709) Pause Cleanup 285M->285M(830M) 0.078ms
[520.834s][info][gc,cpu      ] GC(709) User=0.00s Sys=0.00s Real=0.00s
[520.834s][info][gc,marking  ] GC(709) Concurrent Clear Claimed Marks
[520.835s][info][gc,marking  ] GC(709) Concurrent Clear Claimed Marks 0.088ms
[520.835s][info][gc,marking  ] GC(709) Concurrent Cleanup for Next Mark
[520.839s][info][gc,marking  ] GC(709) Concurrent Cleanup for Next Mark 4.688ms
[520.839s][info][gc          ] GC(709) Concurrent Mark Cycle 99.349ms
[521.983s][info][gc,start    ] GC(710) Pause Young (Prepare Mixed) (G1 Evacuation Pause)
[521.985s][info][gc,task     ] GC(710) Using 2 workers of 2 for evacuation
[522.007s][info][gc,phases   ] GC(710)   Pre Evacuate Collection Set: 0.47ms
[522.007s][info][gc,phases   ] GC(710)   Merge Heap Roots: 0.15ms
[522.007s][info][gc,phases   ] GC(710)   Evacuate Collection Set: 20.58ms
[522.007s][info][gc,phases   ] GC(710)   Post Evacuate Collection Set: 1.18ms
[522.007s][info][gc,phases   ] GC(710)   Other: 0.10ms
[522.007s][info][gc,heap     ] GC(710) Eden regions: 494->0(494)
[522.007s][info][gc,heap     ] GC(710) Survivor regions: 4->4(63)
[522.007s][info][gc,heap     ] GC(710) Old regions: 38->39
[522.007s][info][gc,heap     ] GC(710) Humongous regions: 207->207
[522.007s][info][gc,metaspace] GC(710) Metaspace: 57761K(58112K)->57761K(58112K) NonClass: 52140K(52416K)->52140K(52416K) Class: 5621K(5696K)->5621K(5696K)
[522.007s][info][gc          ] GC(710) Pause Young (Prepare Mixed) (G1 Evacuation Pause) 741M->248M(830M) 23.894ms
[522.007s][info][gc,cpu      ] GC(710) User=0.02s Sys=0.00s Real=0.02s
[523.131s][info][gc,start    ] GC(711) Pause Young (Mixed) (G1 Evacuation Pause)
[523.131s][info][gc,task     ] GC(711) Using 2 workers of 2 for evacuation
[523.137s][info][gc,phases   ] GC(711)   Pre Evacuate Collection Set: 0.28ms
[523.137s][info][gc,phases   ] GC(711)   Merge Heap Roots: 0.15ms
[523.137s][info][gc,phases   ] GC(711)   Evacuate Collection Set: 4.52ms
[523.137s][info][gc,phases   ] GC(711)   Post Evacuate Collection Set: 0.74ms
[523.137s][info][gc,phases   ] GC(711)   Other: 0.08ms
[523.137s][info][gc,heap     ] GC(711) Eden regions: 494->0(495)
[523.137s][info][gc,heap     ] GC(711) Survivor regions: 4->3(63)
[523.137s][info][gc,heap     ] GC(711) Old regions: 39->38
[523.137s][info][gc,heap     ] GC(711) Humongous regions: 207->207
[523.137s][info][gc,metaspace] GC(711) Metaspace: 57761K(58112K)->57761K(58112K) NonClass: 52140K(52416K)->52140K(52416K) Class: 5621K(5696K)->5621K(5696K)
[523.137s][info][gc          ] GC(711) Pause Young (Mixed) (G1 Evacuation Pause) 742M->246M(830M) 5.992ms
[523.137s][info][gc,cpu      ] GC(711) User=0.01s Sys=0.00s Real=0.00s
[524.329s][info][gc,start    ] GC(712) Pause Young (Concurrent Start) (G1 Evacuation Pause)
[524.329s][info][gc,task     ] GC(712) Using 2 workers of 2 for evacuation
[524.335s][info][gc,phases   ] GC(712)   Pre Evacuate Collection Set: 0.28ms
[524.335s][info][gc,phases   ] GC(712)   Merge Heap Roots: 0.15ms
[524.335s][info][gc,phases   ] GC(712)   Evacuate Collection Set: 4.17ms
[524.335s][info][gc,phases   ] GC(712)   Post Evacuate Collection Set: 0.76ms
[524.335s][info][gc,phases   ] GC(712)   Other: 0.10ms
[524.335s][info][gc,heap     ] GC(712) Eden regions: 495->0(495)
[524.335s][info][gc,heap     ] GC(712) Survivor regions: 3->3(63)
[524.335s][info][gc,heap     ] GC(712) Old regions: 38->38
[524.335s][info][gc,heap     ] GC(712) Humongous regions: 207->207
[524.335s][info][gc,metaspace] GC(712) Metaspace: 57761K(58112K)->57761K(58112K) NonClass: 52140K(52416K)->52140K(52416K) Class: 5621K(5696K)->5621K(5696K)
[524.335s][info][gc          ] GC(712) Pause Young (Concurrent Start) (G1 Evacuation Pause) 741M->247M(830M) 5.649ms
[524.335s][info][gc,cpu      ] GC(712) User=0.01s Sys=0.00s Real=0.00s
[524.335s][info][gc          ] GC(713) Concurrent Mark Cycle
[524.335s][info][gc,marking  ] GC(713) Concurrent Scan Root Regions
[524.342s][info][gc,marking  ] GC(713) Concurrent Scan Root Regions 7.195ms
[524.342s][info][gc,marking  ] GC(713) Concurrent Mark
[524.342s][info][gc,marking  ] GC(713) Concurrent Mark From Roots
[524.342s][info][gc,task     ] GC(713) Using 1 workers of 1 for marking
[524.386s][info][gc,marking  ] GC(713) Concurrent Mark From Roots 44.455ms
[524.386s][info][gc,marking  ] GC(713) Concurrent Preclean
[524.387s][info][gc,marking  ] GC(713) Concurrent Preclean 0.064ms
[524.387s][info][gc,start    ] GC(713) Pause Remark
[524.396s][info][gc          ] GC(713) Pause Remark 269M->269M(827M) 9.264ms
[524.396s][info][gc,cpu      ] GC(713) User=0.01s Sys=0.00s Real=0.01s
[524.396s][info][gc,marking  ] GC(713) Concurrent Mark 54.012ms
[524.396s][info][gc,marking  ] GC(713) Concurrent Rebuild Remembered Sets and Scrub Regions
[524.417s][info][gc,marking  ] GC(713) Concurrent Rebuild Remembered Sets and Scrub Regions 21.304ms
[524.418s][info][gc,start    ] GC(713) Pause Cleanup
[524.418s][info][gc          ] GC(713) Pause Cleanup 279M->279M(827M) 0.079ms
[524.418s][info][gc,cpu      ] GC(713) User=0.00s Sys=0.00s Real=0.00s
[524.418s][info][gc,marking  ] GC(713) Concurrent Clear Claimed Marks
[524.418s][info][gc,marking  ] GC(713) Concurrent Clear Claimed Marks 0.115ms
[524.418s][info][gc,marking  ] GC(713) Concurrent Cleanup for Next Mark
[524.427s][info][gc,marking  ] GC(713) Concurrent Cleanup for Next Mark 8.893ms
[524.427s][info][gc          ] GC(713) Concurrent Mark Cycle 92.270ms
[525.523s][info][gc,start    ] GC(714) Pause Young (Prepare Mixed) (G1 Evacuation Pause)
[525.523s][info][gc,task     ] GC(714) Using 2 workers of 2 for evacuation
[525.529s][info][gc,phases   ] GC(714)   Pre Evacuate Collection Set: 0.26ms
[525.529s][info][gc,phases   ] GC(714)   Merge Heap Roots: 0.14ms
[525.529s][info][gc,phases   ] GC(714)   Evacuate Collection Set: 4.35ms
[525.529s][info][gc,phases   ] GC(714)   Post Evacuate Collection Set: 0.76ms
[525.529s][info][gc,phases   ] GC(714)   Other: 0.08ms
[525.529s][info][gc,heap     ] GC(714) Eden regions: 493->0(493)
[525.529s][info][gc,heap     ] GC(714) Survivor regions: 3->3(62)
[525.529s][info][gc,heap     ] GC(714) Old regions: 38->39
[525.529s][info][gc,heap     ] GC(714) Humongous regions: 207->207
[525.529s][info][gc,metaspace] GC(714) Metaspace: 57761K(58112K)->57761K(58112K) NonClass: 52140K(52416K)->52140K(52416K) Class: 5621K(5696K)->5621K(5696K)
[525.529s][info][gc          ] GC(714) Pause Young (Prepare Mixed) (G1 Evacuation Pause) 740M->247M(827M) 5.781ms
[525.529s][info][gc,cpu      ] GC(714) User=0.01s Sys=0.00s Real=0.01s
[526.758s][info][gc,start    ] GC(715) Pause Young (Mixed) (G1 Evacuation Pause)
[526.758s][info][gc,task     ] GC(715) Using 2 workers of 2 for evacuation
[526.764s][info][gc,phases   ] GC(715)   Pre Evacuate Collection Set: 0.32ms
[526.764s][info][gc,phases   ] GC(715)   Merge Heap Roots: 0.17ms
[526.764s][info][gc,phases   ] GC(715)   Evacuate Collection Set: 4.45ms
[526.764s][info][gc,phases   ] GC(715)   Post Evacuate Collection Set: 0.79ms
[526.764s][info][gc,phases   ] GC(715)   Other: 0.10ms
[526.764s][info][gc,heap     ] GC(715) Eden regions: 493->0(494)
[526.764s][info][gc,heap     ] GC(715) Survivor regions: 3->2(62)
[526.764s][info][gc,heap     ] GC(715) Old regions: 39->38
[526.764s][info][gc,heap     ] GC(715) Humongous regions: 207->207
[526.764s][info][gc,metaspace] GC(715) Metaspace: 57761K(58112K)->57761K(58112K) NonClass: 52140K(52416K)->52140K(52416K) Class: 5621K(5696K)->5621K(5696K)
[526.764s][info][gc          ] GC(715) Pause Young (Mixed) (G1 Evacuation Pause) 740M->245M(827M) 5.995ms
[526.764s][info][gc,cpu      ] GC(715) User=0.01s Sys=0.00s Real=0.01s
[527.924s][info][gc,start    ] GC(716) Pause Young (Concurrent Start) (G1 Evacuation Pause)
[527.924s][info][gc,task     ] GC(716) Using 2 workers of 2 for evacuation
[527.930s][info][gc,phases   ] GC(716)   Pre Evacuate Collection Set: 0.30ms
[527.931s][info][gc,phases   ] GC(716)   Merge Heap Roots: 0.17ms
[527.931s][info][gc,phases   ] GC(716)   Evacuate Collection Set: 4.85ms
[527.931s][info][gc,phases   ] GC(716)   Post Evacuate Collection Set: 0.83ms
[527.931s][info][gc,phases   ] GC(716)   Other: 0.12ms
[527.931s][info][gc,heap     ] GC(716) Eden regions: 494->0(493)
[527.931s][info][gc,heap     ] GC(716) Survivor regions: 2->3(62)
[527.931s][info][gc,heap     ] GC(716) Old regions: 38->38
[527.931s][info][gc,heap     ] GC(716) Humongous regions: 207->207
[527.931s][info][gc,metaspace] GC(716) Metaspace: 57761K(58112K)->57761K(58112K) NonClass: 52140K(52416K)->52140K(52416K) Class: 5621K(5696K)->5621K(5696K)
[527.931s][info][gc          ] GC(716) Pause Young (Concurrent Start) (G1 Evacuation Pause) 739M->247M(827M) 6.471ms
[527.931s][info][gc          ] GC(717) Concurrent Mark Cycle
[527.931s][info][gc,marking  ] GC(717) Concurrent Scan Root Regions
[527.931s][info][gc,cpu      ] GC(716) User=0.01s Sys=0.00s Real=0.01s
[527.938s][info][gc,marking  ] GC(717) Concurrent Scan Root Regions 6.982ms
[527.938s][info][gc,marking  ] GC(717) Concurrent Mark
[527.938s][info][gc,marking  ] GC(717) Concurrent Mark From Roots
[527.938s][info][gc,task     ] GC(717) Using 1 workers of 1 for marking
[528.001s][info][gc,marking  ] GC(717) Concurrent Mark From Roots 63.523ms
[528.001s][info][gc,marking  ] GC(717) Concurrent Preclean
[528.001s][info][gc,marking  ] GC(717) Concurrent Preclean 0.061ms
[528.001s][info][gc,start    ] GC(717) Pause Remark
[528.011s][info][gc          ] GC(717) Pause Remark 275M->275M(827M) 9.196ms
[528.011s][info][gc,cpu      ] GC(717) User=0.02s Sys=0.00s Real=0.01s
[528.012s][info][gc,marking  ] GC(717) Concurrent Mark 74.121ms
[528.012s][info][gc,marking  ] GC(717) Concurrent Rebuild Remembered Sets and Scrub Regions
[528.039s][info][gc,marking  ] GC(717) Concurrent Rebuild Remembered Sets and Scrub Regions 27.179ms
[528.039s][info][gc,start    ] GC(717) Pause Cleanup
[528.039s][info][gc          ] GC(717) Pause Cleanup 295M->295M(827M) 0.071ms
[528.039s][info][gc,cpu      ] GC(717) User=0.00s Sys=0.00s Real=0.00s
[528.039s][info][gc,marking  ] GC(717) Concurrent Clear Claimed Marks
[528.039s][info][gc,marking  ] GC(717) Concurrent Clear Claimed Marks 0.086ms
[528.039s][info][gc,marking  ] GC(717) Concurrent Cleanup for Next Mark
[528.042s][info][gc,marking  ] GC(717) Concurrent Cleanup for Next Mark 2.439ms
[528.042s][info][gc          ] GC(717) Concurrent Mark Cycle 111.208ms
[529.126s][info][gc,start    ] GC(718) Pause Young (Prepare Mixed) (G1 Evacuation Pause)
[529.126s][info][gc,task     ] GC(718) Using 2 workers of 2 for evacuation
[529.132s][info][gc,phases   ] GC(718)   Pre Evacuate Collection Set: 0.28ms
[529.132s][info][gc,phases   ] GC(718)   Merge Heap Roots: 0.14ms
[529.132s][info][gc,phases   ] GC(718)   Evacuate Collection Set: 4.57ms
[529.132s][info][gc,phases   ] GC(718)   Post Evacuate Collection Set: 0.75ms
[529.132s][info][gc,phases   ] GC(718)   Other: 0.11ms
[529.132s][info][gc,heap     ] GC(718) Eden regions: 493->0(492)
[529.132s][info][gc,heap     ] GC(718) Survivor regions: 3->4(62)
[529.132s][info][gc,heap     ] GC(718) Old regions: 38->39
[529.132s][info][gc,heap     ] GC(718) Humongous regions: 207->207
[529.132s][info][gc,metaspace] GC(718) Metaspace: 57761K(58112K)->57761K(58112K) NonClass: 52140K(52416K)->52140K(52416K) Class: 5621K(5696K)->5621K(5696K)
[529.132s][info][gc          ] GC(718) Pause Young (Prepare Mixed) (G1 Evacuation Pause) 740M->248M(827M) 6.039ms
[529.132s][info][gc,cpu      ] GC(718) User=0.01s Sys=0.00s Real=0.01s
[530.321s][info][gc,start    ] GC(719) Pause Young (Mixed) (G1 Evacuation Pause)
[530.321s][info][gc,task     ] GC(719) Using 2 workers of 2 for evacuation
[530.326s][info][gc,phases   ] GC(719)   Pre Evacuate Collection Set: 0.28ms
[530.326s][info][gc,phases   ] GC(719)   Merge Heap Roots: 0.15ms
[530.326s][info][gc,phases   ] GC(719)   Evacuate Collection Set: 3.94ms
[530.326s][info][gc,phases   ] GC(719)   Post Evacuate Collection Set: 0.79ms
[530.326s][info][gc,phases   ] GC(719)   Other: 0.08ms
[530.326s][info][gc,heap     ] GC(719) Eden regions: 492->0(493)
[530.326s][info][gc,heap     ] GC(719) Survivor regions: 4->3(62)
[530.326s][info][gc,heap     ] GC(719) Old regions: 39->38
[530.326s][info][gc,heap     ] GC(719) Humongous regions: 207->207
[530.326s][info][gc,metaspace] GC(719) Metaspace: 57761K(58112K)->57761K(58112K) NonClass: 52140K(52416K)->52140K(52416K) Class: 5621K(5696K)->5621K(5696K)
[530.326s][info][gc          ] GC(719) Pause Young (Mixed) (G1 Evacuation Pause) 740M->247M(827M) 5.432ms
[530.326s][info][gc,cpu      ] GC(719) User=0.01s Sys=0.00s Real=0.00s
[531.615s][info][gc,start    ] GC(720) Pause Young (Concurrent Start) (G1 Evacuation Pause)
[531.615s][info][gc,task     ] GC(720) Using 2 workers of 2 for evacuation
[531.620s][info][gc,phases   ] GC(720)   Pre Evacuate Collection Set: 0.28ms
[531.620s][info][gc,phases   ] GC(720)   Merge Heap Roots: 0.15ms
[531.620s][info][gc,phases   ] GC(720)   Evacuate Collection Set: 2.80ms
[531.620s][info][gc,phases   ] GC(720)   Post Evacuate Collection Set: 0.76ms
[531.620s][info][gc,phases   ] GC(720)   Other: 0.10ms
[531.620s][info][gc,heap     ] GC(720) Eden regions: 493->0(494)
[531.620s][info][gc,heap     ] GC(720) Survivor regions: 3->2(62)
[531.620s][info][gc,heap     ] GC(720) Old regions: 38->38
[531.620s][info][gc,heap     ] GC(720) Humongous regions: 207->207
[531.620s][info][gc,metaspace] GC(720) Metaspace: 57761K(58112K)->57761K(58112K) NonClass: 52140K(52416K)->52140K(52416K) Class: 5621K(5696K)->5621K(5696K)
[531.620s][info][gc          ] GC(720) Pause Young (Concurrent Start) (G1 Evacuation Pause) 740M->245M(827M) 4.261ms
[531.620s][info][gc          ] GC(721) Concurrent Mark Cycle
[531.620s][info][gc,marking  ] GC(721) Concurrent Scan Root Regions
[531.622s][info][gc,cpu      ] GC(720) User=0.01s Sys=0.00s Real=0.01s
[531.622s][info][gc,marking  ] GC(721) Concurrent Scan Root Regions 1.987ms
[531.622s][info][gc,marking  ] GC(721) Concurrent Mark
[531.622s][info][gc,marking  ] GC(721) Concurrent Mark From Roots
[531.622s][info][gc,task     ] GC(721) Using 1 workers of 1 for marking
[531.676s][info][gc,marking  ] GC(721) Concurrent Mark From Roots 54.146ms
[531.676s][info][gc,marking  ] GC(721) Concurrent Preclean
[531.676s][info][gc,marking  ] GC(721) Concurrent Preclean 0.089ms
[531.676s][info][gc,start    ] GC(721) Pause Remark
[531.685s][info][gc          ] GC(721) Pause Remark 278M->278M(824M) 9.268ms
[531.685s][info][gc,cpu      ] GC(721) User=0.02s Sys=0.00s Real=0.01s
[531.685s][info][gc,marking  ] GC(721) Concurrent Mark 63.779ms
[531.685s][info][gc,marking  ] GC(721) Concurrent Rebuild Remembered Sets and Scrub Regions
[531.701s][info][gc,marking  ] GC(721) Concurrent Rebuild Remembered Sets and Scrub Regions 15.927ms
[531.701s][info][gc,start    ] GC(721) Pause Cleanup
[531.702s][info][gc          ] GC(721) Pause Cleanup 278M->278M(824M) 0.054ms
[531.702s][info][gc,cpu      ] GC(721) User=0.00s Sys=0.00s Real=0.00s
[531.702s][info][gc,marking  ] GC(721) Concurrent Clear Claimed Marks
[531.702s][info][gc,marking  ] GC(721) Concurrent Clear Claimed Marks 0.079ms
[531.702s][info][gc,marking  ] GC(721) Concurrent Cleanup for Next Mark
[531.704s][info][gc,marking  ] GC(721) Concurrent Cleanup for Next Mark 2.519ms
[531.704s][info][gc          ] GC(721) Concurrent Mark Cycle 84.563ms
[532.832s][info][gc,start    ] GC(722) Pause Young (Prepare Mixed) (G1 Evacuation Pause)
[532.832s][info][gc,task     ] GC(722) Using 2 workers of 2 for evacuation
[532.851s][info][gc,phases   ] GC(722)   Pre Evacuate Collection Set: 0.46ms
[532.851s][info][gc,phases   ] GC(722)   Merge Heap Roots: 0.15ms
[532.851s][info][gc,phases   ] GC(722)   Evacuate Collection Set: 8.47ms
[532.851s][info][gc,phases   ] GC(722)   Post Evacuate Collection Set: 9.57ms
[532.851s][info][gc,phases   ] GC(722)   Other: 0.09ms
[532.851s][info][gc,heap     ] GC(722) Eden regions: 492->0(492)
[532.851s][info][gc,heap     ] GC(722) Survivor regions: 2->2(62)
[532.851s][info][gc,heap     ] GC(722) Old regions: 38->39
[532.851s][info][gc,heap     ] GC(722) Humongous regions: 207->207
[532.851s][info][gc,metaspace] GC(722) Metaspace: 57761K(58112K)->57761K(58112K) NonClass: 52140K(52416K)->52140K(52416K) Class: 5621K(5696K)->5621K(5696K)
[532.851s][info][gc          ] GC(722) Pause Young (Prepare Mixed) (G1 Evacuation Pause) 737M->246M(824M) 18.905ms
[532.851s][info][gc,cpu      ] GC(722) User=0.00s Sys=0.01s Real=0.02s
[534.009s][info][gc,start    ] GC(723) Pause Young (Mixed) (G1 Evacuation Pause)
[534.009s][info][gc,task     ] GC(723) Using 2 workers of 2 for evacuation
[534.015s][info][gc,phases   ] GC(723)   Pre Evacuate Collection Set: 0.44ms
[534.015s][info][gc,phases   ] GC(723)   Merge Heap Roots: 0.15ms
[534.015s][info][gc,phases   ] GC(723)   Evacuate Collection Set: 4.59ms
[534.015s][info][gc,phases   ] GC(723)   Post Evacuate Collection Set: 0.82ms
[534.015s][info][gc,phases   ] GC(723)   Other: 0.08ms
[534.015s][info][gc,heap     ] GC(723) Eden regions: 492->0(493)
[534.015s][info][gc,heap     ] GC(723) Survivor regions: 2->1(62)
[534.015s][info][gc,heap     ] GC(723) Old regions: 39->38
[534.015s][info][gc,heap     ] GC(723) Humongous regions: 207->207
[534.015s][info][gc,metaspace] GC(723) Metaspace: 57761K(58112K)->57761K(58112K) NonClass: 52140K(52416K)->52140K(52416K) Class: 5621K(5696K)->5621K(5696K)
[534.015s][info][gc          ] GC(723) Pause Young (Mixed) (G1 Evacuation Pause) 738M->245M(824M) 6.273ms
[534.015s][info][gc,cpu      ] GC(723) User=0.01s Sys=0.00s Real=0.00s
[534.558s][info][gc,start    ] GC(724) Pause Young (Concurrent Start) (G1 Humongous Allocation)
[534.558s][info][gc,task     ] GC(724) Using 2 workers of 2 for evacuation
[534.561s][info][gc,phases   ] GC(724)   Pre Evacuate Collection Set: 0.31ms
[534.561s][info][gc,phases   ] GC(724)   Merge Heap Roots: 0.11ms
[534.561s][info][gc,phases   ] GC(724)   Evacuate Collection Set: 1.90ms
[534.561s][info][gc,phases   ] GC(724)   Post Evacuate Collection Set: 0.57ms
[534.561s][info][gc,phases   ] GC(724)   Other: 0.09ms
[534.561s][info][gc,heap     ] GC(724) Eden regions: 247->0(493)
[534.561s][info][gc,heap     ] GC(724) Survivor regions: 1->1(62)
[534.561s][info][gc,heap     ] GC(724) Old regions: 38->38
[534.561s][info][gc,heap     ] GC(724) Humongous regions: 207->207
[534.561s][info][gc,metaspace] GC(724) Metaspace: 57764K(58112K)->57764K(58112K) NonClass: 52143K(52416K)->52143K(52416K) Class: 5621K(5696K)->5621K(5696K)
[534.561s][info][gc          ] GC(724) Pause Young (Concurrent Start) (G1 Humongous Allocation) 491M->244M(824M) 3.141ms
[534.561s][info][gc,cpu      ] GC(724) User=0.00s Sys=0.00s Real=0.01s
[534.561s][info][gc          ] GC(725) Concurrent Mark Cycle
[534.561s][info][gc,marking  ] GC(725) Concurrent Scan Root Regions
[534.564s][info][gc,marking  ] GC(725) Concurrent Scan Root Regions 2.793ms
[534.564s][info][gc,marking  ] GC(725) Concurrent Mark
[534.564s][info][gc,marking  ] GC(725) Concurrent Mark From Roots
[534.564s][info][gc,task     ] GC(725) Using 1 workers of 1 for marking
[534.606s][info][gc,marking  ] GC(725) Concurrent Mark From Roots 42.506ms
[534.606s][info][gc,marking  ] GC(725) Concurrent Preclean
[534.606s][info][gc,marking  ] GC(725) Concurrent Preclean 0.060ms
[534.607s][info][gc,start    ] GC(725) Pause Remark
[534.616s][info][gc          ] GC(725) Pause Remark 284M->284M(824M) 9.332ms
[534.616s][info][gc,cpu      ] GC(725) User=0.02s Sys=0.01s Real=0.01s
[534.616s][info][gc,marking  ] GC(725) Concurrent Mark 52.665ms
[534.616s][info][gc,marking  ] GC(725) Concurrent Rebuild Remembered Sets and Scrub Regions
[534.632s][info][gc,marking  ] GC(725) Concurrent Rebuild Remembered Sets and Scrub Regions 16.074ms
[534.633s][info][gc,start    ] GC(725) Pause Cleanup
[534.633s][info][gc          ] GC(725) Pause Cleanup 284M->284M(824M) 0.072ms
[534.633s][info][gc,cpu      ] GC(725) User=0.00s Sys=0.00s Real=0.00s
[534.633s][info][gc,marking  ] GC(725) Concurrent Clear Claimed Marks
[534.633s][info][gc,marking  ] GC(725) Concurrent Clear Claimed Marks 0.083ms
[534.633s][info][gc,marking  ] GC(725) Concurrent Cleanup for Next Mark
[534.635s][info][gc,marking  ] GC(725) Concurrent Cleanup for Next Mark 2.411ms
[534.635s][info][gc          ] GC(725) Concurrent Mark Cycle 74.409ms
[537.839s][info][gc,start    ] GC(726) Pause Young (Prepare Mixed) (G1 Evacuation Pause)
[537.839s][info][gc,task     ] GC(726) Using 2 workers of 2 for evacuation
[537.862s][info][gc,phases   ] GC(726)   Pre Evacuate Collection Set: 0.28ms
[537.862s][info][gc,phases   ] GC(726)   Merge Heap Roots: 0.16ms
[537.862s][info][gc,phases   ] GC(726)   Evacuate Collection Set: 21.16ms
[537.862s][info][gc,phases   ] GC(726)   Post Evacuate Collection Set: 0.97ms
[537.862s][info][gc,phases   ] GC(726)   Other: 0.08ms
[537.862s][info][gc,heap     ] GC(726) Eden regions: 422->0(484)
[537.862s][info][gc,heap     ] GC(726) Survivor regions: 1->26(62)
[537.862s][info][gc,heap     ] GC(726) Old regions: 38->38
[537.862s][info][gc,heap     ] GC(726) Humongous regions: 363->207
[537.862s][info][gc,metaspace] GC(726) Metaspace: 57858K(58176K)->57858K(58176K) NonClass: 52237K(52480K)->52237K(52480K) Class: 5621K(5696K)->5621K(5696K)
[537.862s][info][gc          ] GC(726) Pause Young (Prepare Mixed) (G1 Evacuation Pause) 822M->270M(850M) 22.845ms
[537.862s][info][gc,cpu      ] GC(726) User=0.03s Sys=0.02s Real=0.02s
[539.020s][info][gc,start    ] GC(727) Pause Young (Mixed) (G1 Evacuation Pause)
[539.020s][info][gc,task     ] GC(727) Using 2 workers of 2 for evacuation
[539.033s][info][gc,phases   ] GC(727)   Pre Evacuate Collection Set: 0.27ms
[539.033s][info][gc,phases   ] GC(727)   Merge Heap Roots: 0.18ms
[539.033s][info][gc,phases   ] GC(727)   Evacuate Collection Set: 11.15ms
[539.033s][info][gc,phases   ] GC(727)   Post Evacuate Collection Set: 0.93ms
[539.033s][info][gc,phases   ] GC(727)   Other: 0.09ms
[539.033s][info][gc,heap     ] GC(727) Eden regions: 484->0(484)
[539.033s][info][gc,heap     ] GC(727) Survivor regions: 26->26(64)
[539.033s][info][gc,heap     ] GC(727) Old regions: 38->38
[539.033s][info][gc,heap     ] GC(727) Humongous regions: 207->207
[539.033s][info][gc,metaspace] GC(727) Metaspace: 57858K(58176K)->57858K(58176K) NonClass: 52237K(52480K)->52237K(52480K) Class: 5621K(5696K)->5621K(5696K)
[539.033s][info][gc          ] GC(727) Pause Young (Mixed) (G1 Evacuation Pause) 754M->269M(850M) 12.803ms
[539.033s][info][gc,cpu      ] GC(727) User=0.02s Sys=0.00s Real=0.01s
[540.216s][info][gc,start    ] GC(728) Pause Young (Normal) (G1 Evacuation Pause)
[540.216s][info][gc,task     ] GC(728) Using 2 workers of 2 for evacuation
[540.226s][info][gc,phases   ] GC(728)   Pre Evacuate Collection Set: 0.27ms
[540.226s][info][gc,phases   ] GC(728)   Merge Heap Roots: 0.16ms
[540.226s][info][gc,phases   ] GC(728)   Evacuate Collection Set: 8.48ms
[540.226s][info][gc,phases   ] GC(728)   Post Evacuate Collection Set: 0.87ms
[540.226s][info][gc,phases   ] GC(728)   Other: 0.09ms
[540.226s][info][gc,heap     ] GC(728) Eden regions: 484->0(485)
[540.226s][info][gc,heap     ] GC(728) Survivor regions: 26->25(64)
[540.226s][info][gc,heap     ] GC(728) Old regions: 38->38
[540.226s][info][gc,heap     ] GC(728) Humongous regions: 207->207
[540.226s][info][gc,metaspace] GC(728) Metaspace: 57858K(58176K)->57858K(58176K) NonClass: 52237K(52480K)->52237K(52480K) Class: 5621K(5696K)->5621K(5696K)
[540.226s][info][gc          ] GC(728) Pause Young (Normal) (G1 Evacuation Pause) 753M->268M(850M) 10.065ms
[540.226s][info][gc,cpu      ] GC(728) User=0.02s Sys=0.00s Real=0.01s
[541.381s][info][gc,start    ] GC(729) Pause Young (Concurrent Start) (G1 Evacuation Pause)
[541.381s][info][gc,task     ] GC(729) Using 2 workers of 2 for evacuation
[541.392s][info][gc,phases   ] GC(729)   Pre Evacuate Collection Set: 0.40ms
[541.392s][info][gc,phases   ] GC(729)   Merge Heap Roots: 0.14ms
[541.392s][info][gc,phases   ] GC(729)   Evacuate Collection Set: 10.01ms
[541.392s][info][gc,phases   ] GC(729)   Post Evacuate Collection Set: 0.86ms
[541.392s][info][gc,phases   ] GC(729)   Other: 0.14ms
[541.392s][info][gc,heap     ] GC(729) Eden regions: 485->0(486)
[541.392s][info][gc,heap     ] GC(729) Survivor regions: 25->24(64)
[541.392s][info][gc,heap     ] GC(729) Old regions: 38->38
[541.392s][info][gc,heap     ] GC(729) Humongous regions: 207->207
[541.392s][info][gc,metaspace] GC(729) Metaspace: 57858K(58176K)->57858K(58176K) NonClass: 52237K(52480K)->52237K(52480K) Class: 5621K(5696K)->5621K(5696K)
[541.393s][info][gc          ] GC(729) Pause Young (Concurrent Start) (G1 Evacuation Pause) 753M->267M(850M) 11.733ms
[541.393s][info][gc,cpu      ] GC(729) User=0.02s Sys=0.00s Real=0.01s
[541.393s][info][gc          ] GC(730) Concurrent Mark Cycle
[541.393s][info][gc,marking  ] GC(730) Concurrent Scan Root Regions
[541.396s][info][gc,marking  ] GC(730) Concurrent Scan Root Regions 3.786ms
[541.396s][info][gc,marking  ] GC(730) Concurrent Mark
[541.396s][info][gc,marking  ] GC(730) Concurrent Mark From Roots
[541.396s][info][gc,task     ] GC(730) Using 1 workers of 1 for marking
[541.443s][info][gc,marking  ] GC(730) Concurrent Mark From Roots 46.913ms
[541.443s][info][gc,marking  ] GC(730) Concurrent Preclean
[541.443s][info][gc,marking  ] GC(730) Concurrent Preclean 0.047ms
[541.444s][info][gc,start    ] GC(730) Pause Remark
[541.453s][info][gc          ] GC(730) Pause Remark 298M->298M(850M) 9.415ms
[541.453s][info][gc,cpu      ] GC(730) User=0.01s Sys=0.00s Real=0.01s
[541.453s][info][gc,marking  ] GC(730) Concurrent Mark 56.670ms
[541.453s][info][gc,marking  ] GC(730) Concurrent Rebuild Remembered Sets and Scrub Regions
[541.470s][info][gc,marking  ] GC(730) Concurrent Rebuild Remembered Sets and Scrub Regions 16.513ms
[541.470s][info][gc,start    ] GC(730) Pause Cleanup
[541.470s][info][gc          ] GC(730) Pause Cleanup 305M->305M(850M) 0.071ms
[541.470s][info][gc,cpu      ] GC(730) User=0.00s Sys=0.00s Real=0.00s
[541.470s][info][gc,marking  ] GC(730) Concurrent Clear Claimed Marks
[541.470s][info][gc,marking  ] GC(730) Concurrent Clear Claimed Marks 0.094ms
[541.470s][info][gc,marking  ] GC(730) Concurrent Cleanup for Next Mark
[541.473s][info][gc,marking  ] GC(730) Concurrent Cleanup for Next Mark 2.827ms
[541.473s][info][gc          ] GC(730) Concurrent Mark Cycle 80.253ms
[542.536s][info][gc,start    ] GC(731) Pause Young (Prepare Mixed) (G1 Evacuation Pause)
[542.536s][info][gc,task     ] GC(731) Using 2 workers of 2 for evacuation
[542.547s][info][gc,phases   ] GC(731)   Pre Evacuate Collection Set: 0.29ms
[542.547s][info][gc,phases   ] GC(731)   Merge Heap Roots: 0.17ms
[542.547s][info][gc,phases   ] GC(731)   Evacuate Collection Set: 10.30ms
[542.547s][info][gc,phases   ] GC(731)   Post Evacuate Collection Set: 0.86ms
[542.547s][info][gc,phases   ] GC(731)   Other: 0.09ms
[542.547s][info][gc,heap     ] GC(731) Eden regions: 486->0(484)
[542.547s][info][gc,heap     ] GC(731) Survivor regions: 24->26(64)
[542.547s][info][gc,heap     ] GC(731) Old regions: 38->38
[542.547s][info][gc,heap     ] GC(731) Humongous regions: 207->207
[542.547s][info][gc,metaspace] GC(731) Metaspace: 57858K(58176K)->57858K(58176K) NonClass: 52237K(52480K)->52237K(52480K) Class: 5621K(5696K)->5621K(5696K)
[542.548s][info][gc          ] GC(731) Pause Young (Prepare Mixed) (G1 Evacuation Pause) 753M->269M(850M) 11.920ms
[542.548s][info][gc,cpu      ] GC(731) User=0.02s Sys=0.00s Real=0.01s
[543.726s][info][gc,start    ] GC(732) Pause Young (Mixed) (G1 Evacuation Pause)
[543.726s][info][gc,task     ] GC(732) Using 2 workers of 2 for evacuation
[543.738s][info][gc,phases   ] GC(732)   Pre Evacuate Collection Set: 0.28ms
[543.738s][info][gc,phases   ] GC(732)   Merge Heap Roots: 0.13ms
[543.738s][info][gc,phases   ] GC(732)   Evacuate Collection Set: 10.32ms
[543.738s][info][gc,phases   ] GC(732)   Post Evacuate Collection Set: 0.85ms
[543.738s][info][gc,phases   ] GC(732)   Other: 0.10ms
[543.738s][info][gc,heap     ] GC(732) Eden regions: 484->0(485)
[543.738s][info][gc,heap     ] GC(732) Survivor regions: 26->25(64)
[543.738s][info][gc,heap     ] GC(732) Old regions: 38->37
[543.738s][info][gc,heap     ] GC(732) Humongous regions: 207->207
[543.738s][info][gc,metaspace] GC(732) Metaspace: 57858K(58176K)->57858K(58176K) NonClass: 52237K(52480K)->52237K(52480K) Class: 5621K(5696K)->5621K(5696K)
[543.738s][info][gc          ] GC(732) Pause Young (Mixed) (G1 Evacuation Pause) 753M->268M(850M) 11.885ms
[543.738s][info][gc,cpu      ] GC(732) User=0.03s Sys=0.00s Real=0.02s
[544.923s][info][gc,start    ] GC(733) Pause Young (Normal) (G1 Evacuation Pause)
[544.923s][info][gc,task     ] GC(733) Using 2 workers of 2 for evacuation
[544.947s][info][gc,phases   ] GC(733)   Pre Evacuate Collection Set: 1.81ms
[544.947s][info][gc,phases   ] GC(733)   Merge Heap Roots: 0.27ms
[544.947s][info][gc,phases   ] GC(733)   Evacuate Collection Set: 20.66ms
[544.947s][info][gc,phases   ] GC(733)   Post Evacuate Collection Set: 1.29ms
[544.947s][info][gc,phases   ] GC(733)   Other: 0.09ms
[544.947s][info][gc,heap     ] GC(733) Eden regions: 485->0(485)
[544.947s][info][gc,heap     ] GC(733) Survivor regions: 25->25(64)
[544.947s][info][gc,heap     ] GC(733) Old regions: 37->37
[544.947s][info][gc,heap     ] GC(733) Humongous regions: 207->207
[544.947s][info][gc,metaspace] GC(733) Metaspace: 57858K(58176K)->57858K(58176K) NonClass: 52237K(52480K)->52237K(52480K) Class: 5621K(5696K)->5621K(5696K)
[544.947s][info][gc          ] GC(733) Pause Young (Normal) (G1 Evacuation Pause) 753M->268M(850M) 24.309ms
[544.947s][info][gc,cpu      ] GC(733) User=0.02s Sys=0.00s Real=0.02s
[546.109s][info][gc,start    ] GC(734) Pause Young (Normal) (G1 Evacuation Pause)
[546.109s][info][gc,task     ] GC(734) Using 2 workers of 2 for evacuation
[546.119s][info][gc,phases   ] GC(734)   Pre Evacuate Collection Set: 0.43ms
[546.120s][info][gc,phases   ] GC(734)   Merge Heap Roots: 0.14ms
[546.120s][info][gc,phases   ] GC(734)   Evacuate Collection Set: 8.50ms
[546.120s][info][gc,phases   ] GC(734)   Post Evacuate Collection Set: 0.87ms
[546.120s][info][gc,phases   ] GC(734)   Other: 0.08ms
[546.120s][info][gc,heap     ] GC(734) Eden regions: 485->0(486)
[546.120s][info][gc,heap     ] GC(734) Survivor regions: 25->24(64)
[546.120s][info][gc,heap     ] GC(734) Old regions: 37->37
[546.120s][info][gc,heap     ] GC(734) Humongous regions: 207->207
[546.120s][info][gc,metaspace] GC(734) Metaspace: 57858K(58176K)->57858K(58176K) NonClass: 52237K(52480K)->52237K(52480K) Class: 5621K(5696K)->5621K(5696K)
[546.120s][info][gc          ] GC(734) Pause Young (Normal) (G1 Evacuation Pause) 753M->267M(850M) 10.189ms
[546.120s][info][gc,cpu      ] GC(734) User=0.01s Sys=0.00s Real=0.01s
[547.239s][info][gc,start    ] GC(735) Pause Young (Normal) (G1 Evacuation Pause)
[547.239s][info][gc,task     ] GC(735) Using 2 workers of 2 for evacuation
[547.251s][info][gc,phases   ] GC(735)   Pre Evacuate Collection Set: 0.28ms
[547.251s][info][gc,phases   ] GC(735)   Merge Heap Roots: 0.14ms
[547.251s][info][gc,phases   ] GC(735)   Evacuate Collection Set: 10.30ms
[547.251s][info][gc,phases   ] GC(735)   Post Evacuate Collection Set: 0.86ms
[547.251s][info][gc,phases   ] GC(735)   Other: 0.08ms
[547.251s][info][gc,heap     ] GC(735) Eden regions: 486->0(484)
[547.251s][info][gc,heap     ] GC(735) Survivor regions: 24->26(64)
[547.251s][info][gc,heap     ] GC(735) Old regions: 37->38
[547.251s][info][gc,heap     ] GC(735) Humongous regions: 207->207
[547.251s][info][gc,metaspace] GC(735) Metaspace: 57858K(58176K)->57858K(58176K) NonClass: 52237K(52480K)->52237K(52480K) Class: 5621K(5696K)->5621K(5696K)
[547.251s][info][gc          ] GC(735) Pause Young (Normal) (G1 Evacuation Pause) 753M->270M(850M) 11.898ms
[547.251s][info][gc,cpu      ] GC(735) User=0.02s Sys=0.00s Real=0.01s
[548.424s][info][gc,start    ] GC(736) Pause Young (Normal) (G1 Evacuation Pause)
[548.424s][info][gc,task     ] GC(736) Using 2 workers of 2 for evacuation
[548.435s][info][gc,phases   ] GC(736)   Pre Evacuate Collection Set: 0.28ms
[548.435s][info][gc,phases   ] GC(736)   Merge Heap Roots: 0.14ms
[548.435s][info][gc,phases   ] GC(736)   Evacuate Collection Set: 9.25ms
[548.435s][info][gc,phases   ] GC(736)   Post Evacuate Collection Set: 0.86ms
[548.435s][info][gc,phases   ] GC(736)   Other: 0.08ms
[548.435s][info][gc,heap     ] GC(736) Eden regions: 484->0(484)
[548.435s][info][gc,heap     ] GC(736) Survivor regions: 26->26(64)
[548.435s][info][gc,heap     ] GC(736) Old regions: 38->38
[548.435s][info][gc,heap     ] GC(736) Humongous regions: 207->207
[548.435s][info][gc,metaspace] GC(736) Metaspace: 57858K(58176K)->57858K(58176K) NonClass: 52237K(52480K)->52237K(52480K) Class: 5621K(5696K)->5621K(5696K)
[548.435s][info][gc          ] GC(736) Pause Young (Normal) (G1 Evacuation Pause) 754M->269M(850M) 10.789ms
[548.435s][info][gc,cpu      ] GC(736) User=0.02s Sys=0.00s Real=0.01s
[549.610s][info][gc,start    ] GC(737) Pause Young (Normal) (G1 Evacuation Pause)
[549.610s][info][gc,task     ] GC(737) Using 2 workers of 2 for evacuation
[549.619s][info][gc,phases   ] GC(737)   Pre Evacuate Collection Set: 0.47ms
[549.619s][info][gc,phases   ] GC(737)   Merge Heap Roots: 0.24ms
[549.619s][info][gc,phases   ] GC(737)   Evacuate Collection Set: 7.20ms
[549.619s][info][gc,phases   ] GC(737)   Post Evacuate Collection Set: 0.84ms
[549.619s][info][gc,phases   ] GC(737)   Other: 0.09ms
[549.619s][info][gc,heap     ] GC(737) Eden regions: 484->0(486)
[549.619s][info][gc,heap     ] GC(737) Survivor regions: 26->24(64)
[549.619s][info][gc,heap     ] GC(737) Old regions: 38->38
[549.619s][info][gc,heap     ] GC(737) Humongous regions: 207->207
[549.619s][info][gc,metaspace] GC(737) Metaspace: 57858K(58176K)->57858K(58176K) NonClass: 52237K(52480K)->52237K(52480K) Class: 5621K(5696K)->5621K(5696K)
[549.619s][info][gc          ] GC(737) Pause Young (Normal) (G1 Evacuation Pause) 753M->267M(850M) 9.021ms
[549.619s][info][gc,cpu      ] GC(737) User=0.02s Sys=0.00s Real=0.01s
[550.745s][info][gc,start    ] GC(738) Pause Young (Normal) (G1 Evacuation Pause)
[550.745s][info][gc,task     ] GC(738) Using 2 workers of 2 for evacuation
[550.755s][info][gc,phases   ] GC(738)   Pre Evacuate Collection Set: 0.27ms
[550.755s][info][gc,phases   ] GC(738)   Merge Heap Roots: 0.15ms
[550.755s][info][gc,phases   ] GC(738)   Evacuate Collection Set: 7.83ms
[550.755s][info][gc,phases   ] GC(738)   Post Evacuate Collection Set: 0.85ms
[550.755s][info][gc,phases   ] GC(738)   Other: 0.09ms
[550.755s][info][gc,heap     ] GC(738) Eden regions: 486->0(486)
[550.755s][info][gc,heap     ] GC(738) Survivor regions: 24->24(64)
[550.755s][info][gc,heap     ] GC(738) Old regions: 38->38
[550.755s][info][gc,heap     ] GC(738) Humongous regions: 207->207
[550.755s][info][gc,metaspace] GC(738) Metaspace: 57858K(58176K)->57858K(58176K) NonClass: 52237K(52480K)->52237K(52480K) Class: 5621K(5696K)->5621K(5696K)
[550.755s][info][gc          ] GC(738) Pause Young (Normal) (G1 Evacuation Pause) 753M->268M(850M) 9.370ms
[550.755s][info][gc,cpu      ] GC(738) User=0.02s Sys=0.00s Real=0.01s
[551.932s][info][gc,start    ] GC(739) Pause Young (Normal) (G1 Evacuation Pause)
[551.932s][info][gc,task     ] GC(739) Using 2 workers of 2 for evacuation
[551.943s][info][gc,phases   ] GC(739)   Pre Evacuate Collection Set: 0.27ms
[551.943s][info][gc,phases   ] GC(739)   Merge Heap Roots: 0.14ms
[551.943s][info][gc,phases   ] GC(739)   Evacuate Collection Set: 9.00ms
[551.943s][info][gc,phases   ] GC(739)   Post Evacuate Collection Set: 0.88ms
[551.943s][info][gc,phases   ] GC(739)   Other: 0.09ms
[551.943s][info][gc,heap     ] GC(739) Eden regions: 486->0(485)
[551.943s][info][gc,heap     ] GC(739) Survivor regions: 24->25(64)
[551.943s][info][gc,heap     ] GC(739) Old regions: 38->38
[551.943s][info][gc,heap     ] GC(739) Humongous regions: 207->207
[551.943s][info][gc,metaspace] GC(739) Metaspace: 57858K(58176K)->57858K(58176K) NonClass: 52237K(52480K)->52237K(52480K) Class: 5621K(5696K)->5621K(5696K)
[551.943s][info][gc          ] GC(739) Pause Young (Normal) (G1 Evacuation Pause) 754M->269M(850M) 10.575ms
[551.943s][info][gc,cpu      ] GC(739) User=0.02s Sys=0.00s Real=0.01s
[553.122s][info][gc,start    ] GC(740) Pause Young (Normal) (G1 Evacuation Pause)
[553.122s][info][gc,task     ] GC(740) Using 2 workers of 2 for evacuation
[553.133s][info][gc,phases   ] GC(740)   Pre Evacuate Collection Set: 0.28ms
[553.133s][info][gc,phases   ] GC(740)   Merge Heap Roots: 0.15ms
[553.133s][info][gc,phases   ] GC(740)   Evacuate Collection Set: 9.79ms
[553.133s][info][gc,phases   ] GC(740)   Post Evacuate Collection Set: 0.86ms
[553.133s][info][gc,phases   ] GC(740)   Other: 0.10ms
[553.133s][info][gc,heap     ] GC(740) Eden regions: 485->0(484)
[553.133s][info][gc,heap     ] GC(740) Survivor regions: 25->26(64)
[553.133s][info][gc,heap     ] GC(740) Old regions: 38->38
[553.133s][info][gc,heap     ] GC(740) Humongous regions: 207->207
[553.133s][info][gc,metaspace] GC(740) Metaspace: 57858K(58176K)->57858K(58176K) NonClass: 52237K(52480K)->52237K(52480K) Class: 5621K(5696K)->5621K(5696K)
[553.133s][info][gc          ] GC(740) Pause Young (Normal) (G1 Evacuation Pause) 754M->269M(850M) 11.377ms
[553.133s][info][gc,cpu      ] GC(740) User=0.02s Sys=0.00s Real=0.01s
[554.315s][info][gc,start    ] GC(741) Pause Young (Normal) (G1 Evacuation Pause)
[554.315s][info][gc,task     ] GC(741) Using 2 workers of 2 for evacuation
[554.324s][info][gc,phases   ] GC(741)   Pre Evacuate Collection Set: 0.28ms
[554.324s][info][gc,phases   ] GC(741)   Merge Heap Roots: 0.15ms
[554.324s][info][gc,phases   ] GC(741)   Evacuate Collection Set: 8.21ms
[554.324s][info][gc,phases   ] GC(741)   Post Evacuate Collection Set: 0.85ms
[554.324s][info][gc,phases   ] GC(741)   Other: 0.08ms
[554.324s][info][gc,heap     ] GC(741) Eden regions: 484->0(485)
[554.324s][info][gc,heap     ] GC(741) Survivor regions: 26->25(64)
[554.324s][info][gc,heap     ] GC(741) Old regions: 38->38
[554.324s][info][gc,heap     ] GC(741) Humongous regions: 207->207
[554.324s][info][gc,metaspace] GC(741) Metaspace: 57858K(58176K)->57858K(58176K) NonClass: 52237K(52480K)->52237K(52480K) Class: 5621K(5696K)->5621K(5696K)
[554.324s][info][gc          ] GC(741) Pause Young (Normal) (G1 Evacuation Pause) 753M->268M(850M) 9.747ms
[554.324s][info][gc,cpu      ] GC(741) User=0.02s Sys=0.00s Real=0.01s
[555.578s][info][gc,start    ] GC(742) Pause Young (Normal) (G1 Evacuation Pause)
[555.578s][info][gc,task     ] GC(742) Using 2 workers of 2 for evacuation
[555.588s][info][gc,phases   ] GC(742)   Pre Evacuate Collection Set: 0.28ms
[555.588s][info][gc,phases   ] GC(742)   Merge Heap Roots: 0.13ms
[555.588s][info][gc,phases   ] GC(742)   Evacuate Collection Set: 8.32ms
[555.588s][info][gc,phases   ] GC(742)   Post Evacuate Collection Set: 0.84ms
[555.588s][info][gc,phases   ] GC(742)   Other: 0.10ms
[555.588s][info][gc,heap     ] GC(742) Eden regions: 485->0(508)
[555.588s][info][gc,heap     ] GC(742) Survivor regions: 25->2(64)
[555.588s][info][gc,heap     ] GC(742) Old regions: 38->60
[555.588s][info][gc,heap     ] GC(742) Humongous regions: 207->207
[555.588s][info][gc,metaspace] GC(742) Metaspace: 57858K(58176K)->57858K(58176K) NonClass: 52237K(52480K)->52237K(52480K) Class: 5621K(5696K)->5621K(5696K)
[555.588s][info][gc          ] GC(742) Pause Young (Normal) (G1 Evacuation Pause) 753M->268M(850M) 9.895ms
[555.588s][info][gc,cpu      ] GC(742) User=0.02s Sys=0.00s Real=0.01s
[556.813s][info][gc,start    ] GC(743) Pause Young (Concurrent Start) (G1 Evacuation Pause)
[556.813s][info][gc,task     ] GC(743) Using 2 workers of 2 for evacuation
[556.817s][info][gc,phases   ] GC(743)   Pre Evacuate Collection Set: 0.28ms
[556.817s][info][gc,phases   ] GC(743)   Merge Heap Roots: 0.15ms
[556.817s][info][gc,phases   ] GC(743)   Evacuate Collection Set: 3.29ms
[556.817s][info][gc,phases   ] GC(743)   Post Evacuate Collection Set: 0.78ms
[556.817s][info][gc,phases   ] GC(743)   Other: 0.10ms
[556.817s][info][gc,heap     ] GC(743) Eden regions: 508->0(508)
[556.817s][info][gc,heap     ] GC(743) Survivor regions: 2->2(64)
[556.817s][info][gc,heap     ] GC(743) Old regions: 60->60
[556.817s][info][gc,heap     ] GC(743) Humongous regions: 207->207
[556.817s][info][gc,metaspace] GC(743) Metaspace: 57858K(58176K)->57858K(58176K) NonClass: 52237K(52480K)->52237K(52480K) Class: 5621K(5696K)->5621K(5696K)
[556.817s][info][gc          ] GC(743) Pause Young (Concurrent Start) (G1 Evacuation Pause) 776M->268M(850M) 4.764ms
[556.817s][info][gc,cpu      ] GC(743) User=0.01s Sys=0.00s Real=0.00s
[556.817s][info][gc          ] GC(744) Concurrent Mark Cycle
[556.820s][info][gc,marking  ] GC(744) Concurrent Scan Root Regions
[556.824s][info][gc,marking  ] GC(744) Concurrent Scan Root Regions 4.085ms
[556.824s][info][gc,marking  ] GC(744) Concurrent Mark
[556.824s][info][gc,marking  ] GC(744) Concurrent Mark From Roots
[556.824s][info][gc,task     ] GC(744) Using 1 workers of 1 for marking
[556.881s][info][gc,marking  ] GC(744) Concurrent Mark From Roots 56.725ms
[556.881s][info][gc,marking  ] GC(744) Concurrent Preclean
[556.881s][info][gc,marking  ] GC(744) Concurrent Preclean 0.058ms
[556.881s][info][gc,start    ] GC(744) Pause Remark
[556.891s][info][gc          ] GC(744) Pause Remark 305M->301M(850M) 9.762ms
[556.891s][info][gc,cpu      ] GC(744) User=0.02s Sys=0.00s Real=0.01s
[556.891s][info][gc,marking  ] GC(744) Concurrent Mark 66.949ms
[556.891s][info][gc,marking  ] GC(744) Concurrent Rebuild Remembered Sets and Scrub Regions
[556.906s][info][gc,marking  ] GC(744) Concurrent Rebuild Remembered Sets and Scrub Regions 15.358ms
[556.906s][info][gc,start    ] GC(744) Pause Cleanup
[556.907s][info][gc          ] GC(744) Pause Cleanup 301M->301M(850M) 0.056ms
[556.907s][info][gc,cpu      ] GC(744) User=0.00s Sys=0.00s Real=0.00s
[556.907s][info][gc,marking  ] GC(744) Concurrent Clear Claimed Marks
[556.907s][info][gc,marking  ] GC(744) Concurrent Clear Claimed Marks 0.079ms
[556.907s][info][gc,marking  ] GC(744) Concurrent Cleanup for Next Mark
[556.909s][info][gc,marking  ] GC(744) Concurrent Cleanup for Next Mark 2.508ms
[556.909s][info][gc          ] GC(744) Concurrent Mark Cycle 91.828ms
[558.034s][info][gc,start    ] GC(745) Pause Young (Prepare Mixed) (G1 Evacuation Pause)
[558.034s][info][gc,task     ] GC(745) Using 2 workers of 2 for evacuation
[558.040s][info][gc,phases   ] GC(745)   Pre Evacuate Collection Set: 0.30ms
[558.040s][info][gc,phases   ] GC(745)   Merge Heap Roots: 0.18ms
[558.040s][info][gc,phases   ] GC(745)   Evacuate Collection Set: 5.14ms
[558.040s][info][gc,phases   ] GC(745)   Post Evacuate Collection Set: 0.78ms
[558.040s][info][gc,phases   ] GC(745)   Other: 0.08ms
[558.040s][info][gc,heap     ] GC(745) Eden regions: 508->0(506)
[558.040s][info][gc,heap     ] GC(745) Survivor regions: 2->4(64)
[558.040s][info][gc,heap     ] GC(745) Old regions: 56->56
[558.040s][info][gc,heap     ] GC(745) Humongous regions: 207->207
[558.040s][info][gc,metaspace] GC(745) Metaspace: 57858K(58176K)->57858K(58176K) NonClass: 52237K(52480K)->52237K(52480K) Class: 5621K(5696K)->5621K(5696K)
[558.040s][info][gc          ] GC(745) Pause Young (Prepare Mixed) (G1 Evacuation Pause) 772M->266M(850M) 6.646ms
[558.040s][info][gc,cpu      ] GC(745) User=0.01s Sys=0.00s Real=0.01s
[559.246s][info][gc,start    ] GC(746) Pause Young (Mixed) (G1 Evacuation Pause)
[559.246s][info][gc,task     ] GC(746) Using 2 workers of 2 for evacuation
[559.250s][info][gc,phases   ] GC(746)   Pre Evacuate Collection Set: 0.30ms
[559.250s][info][gc,phases   ] GC(746)   Merge Heap Roots: 0.16ms
[559.250s][info][gc,phases   ] GC(746)   Evacuate Collection Set: 3.35ms
[559.250s][info][gc,phases   ] GC(746)   Post Evacuate Collection Set: 0.75ms
[559.250s][info][gc,phases   ] GC(746)   Other: 0.11ms
[559.250s][info][gc,heap     ] GC(746) Eden regions: 506->0(507)
[559.250s][info][gc,heap     ] GC(746) Survivor regions: 4->3(64)
[559.250s][info][gc,heap     ] GC(746) Old regions: 56->53
[559.250s][info][gc,heap     ] GC(746) Humongous regions: 207->207
[559.250s][info][gc,metaspace] GC(746) Metaspace: 57858K(58176K)->57858K(58176K) NonClass: 52237K(52480K)->52237K(52480K) Class: 5621K(5696K)->5621K(5696K)
[559.250s][info][gc          ] GC(746) Pause Young (Mixed) (G1 Evacuation Pause) 772M->262M(850M) 4.834ms
[559.250s][info][gc,cpu      ] GC(746) User=0.01s Sys=0.00s Real=0.01s
[560.507s][info][gc,start    ] GC(747) Pause Young (Normal) (G1 Evacuation Pause)
[560.508s][info][gc,task     ] GC(747) Using 2 workers of 2 for evacuation
[560.511s][info][gc,phases   ] GC(747)   Pre Evacuate Collection Set: 0.27ms
[560.511s][info][gc,phases   ] GC(747)   Merge Heap Roots: 0.15ms
[560.511s][info][gc,phases   ] GC(747)   Evacuate Collection Set: 1.99ms
[560.511s][info][gc,phases   ] GC(747)   Post Evacuate Collection Set: 0.74ms
[560.511s][info][gc,phases   ] GC(747)   Other: 0.08ms
[560.511s][info][gc,heap     ] GC(747) Eden regions: 507->0(509)
[560.511s][info][gc,heap     ] GC(747) Survivor regions: 3->1(64)
[560.511s][info][gc,heap     ] GC(747) Old regions: 53->53
[560.511s][info][gc,heap     ] GC(747) Humongous regions: 207->207
[560.511s][info][gc,metaspace] GC(747) Metaspace: 57858K(58176K)->57858K(58176K) NonClass: 52237K(52480K)->52237K(52480K) Class: 5621K(5696K)->5621K(5696K)
[560.511s][info][gc          ] GC(747) Pause Young (Normal) (G1 Evacuation Pause) 769M->260M(850M) 3.403ms
[560.511s][info][gc,cpu      ] GC(747) User=0.01s Sys=0.00s Real=0.01s
[561.719s][info][gc,start    ] GC(748) Pause Young (Normal) (G1 Evacuation Pause)
[561.719s][info][gc,task     ] GC(748) Using 2 workers of 2 for evacuation
[561.724s][info][gc,phases   ] GC(748)   Pre Evacuate Collection Set: 0.26ms
[561.724s][info][gc,phases   ] GC(748)   Merge Heap Roots: 0.14ms
[561.724s][info][gc,phases   ] GC(748)   Evacuate Collection Set: 3.84ms
[561.724s][info][gc,phases   ] GC(748)   Post Evacuate Collection Set: 0.76ms
[561.724s][info][gc,phases   ] GC(748)   Other: 0.08ms
[561.724s][info][gc,heap     ] GC(748) Eden regions: 509->0(508)
[561.724s][info][gc,heap     ] GC(748) Survivor regions: 1->2(64)
[561.724s][info][gc,heap     ] GC(748) Old regions: 53->53
[561.724s][info][gc,heap     ] GC(748) Humongous regions: 207->207
[561.724s][info][gc,metaspace] GC(748) Metaspace: 57858K(58176K)->57858K(58176K) NonClass: 52237K(52480K)->52237K(52480K) Class: 5621K(5696K)->5621K(5696K)
[561.724s][info][gc          ] GC(748) Pause Young (Normal) (G1 Evacuation Pause) 769M->261M(850M) 5.247ms
[561.724s][info][gc,cpu      ] GC(748) User=0.01s Sys=0.00s Real=0.00s
[562.945s][info][gc,start    ] GC(749) Pause Young (Normal) (G1 Evacuation Pause)
[562.945s][info][gc,task     ] GC(749) Using 2 workers of 2 for evacuation
[562.950s][info][gc,phases   ] GC(749)   Pre Evacuate Collection Set: 0.29ms
[562.950s][info][gc,phases   ] GC(749)   Merge Heap Roots: 0.14ms
[562.950s][info][gc,phases   ] GC(749)   Evacuate Collection Set: 4.10ms
[562.950s][info][gc,phases   ] GC(749)   Post Evacuate Collection Set: 0.79ms
[562.950s][info][gc,phases   ] GC(749)   Other: 0.08ms
[562.950s][info][gc,heap     ] GC(749) Eden regions: 508->0(507)
[562.950s][info][gc,heap     ] GC(749) Survivor regions: 2->3(64)
[562.950s][info][gc,heap     ] GC(749) Old regions: 53->53
[562.950s][info][gc,heap     ] GC(749) Humongous regions: 207->207
[562.950s][info][gc,metaspace] GC(749) Metaspace: 57858K(58176K)->57858K(58176K) NonClass: 52237K(52480K)->52237K(52480K) Class: 5621K(5696K)->5621K(5696K)
[562.950s][info][gc          ] GC(749) Pause Young (Normal) (G1 Evacuation Pause) 769M->262M(850M) 5.601ms
[562.951s][info][gc,cpu      ] GC(749) User=0.01s Sys=0.00s Real=0.01s
[564.210s][info][gc,start    ] GC(750) Pause Young (Normal) (G1 Evacuation Pause)
[564.210s][info][gc,task     ] GC(750) Using 2 workers of 2 for evacuation
[564.213s][info][gc,phases   ] GC(750)   Pre Evacuate Collection Set: 0.29ms
[564.213s][info][gc,phases   ] GC(750)   Merge Heap Roots: 0.13ms
[564.213s][info][gc,phases   ] GC(750)   Evacuate Collection Set: 2.26ms
[564.213s][info][gc,phases   ] GC(750)   Post Evacuate Collection Set: 0.75ms
[564.213s][info][gc,phases   ] GC(750)   Other: 0.08ms
[564.213s][info][gc,heap     ] GC(750) Eden regions: 507->0(509)
[564.213s][info][gc,heap     ] GC(750) Survivor regions: 3->1(64)
[564.213s][info][gc,heap     ] GC(750) Old regions: 53->53
[564.213s][info][gc,heap     ] GC(750) Humongous regions: 207->207
[564.213s][info][gc,metaspace] GC(750) Metaspace: 57858K(58176K)->57858K(58176K) NonClass: 52237K(52480K)->52237K(52480K) Class: 5621K(5696K)->5621K(5696K)
[564.213s][info][gc          ] GC(750) Pause Young (Normal) (G1 Evacuation Pause) 769M->260M(850M) 3.705ms
[564.213s][info][gc,cpu      ] GC(750) User=0.01s Sys=0.00s Real=0.00s
[565.421s][info][gc,start    ] GC(751) Pause Young (Normal) (G1 Evacuation Pause)
[565.421s][info][gc,task     ] GC(751) Using 2 workers of 2 for evacuation
[565.427s][info][gc,phases   ] GC(751)   Pre Evacuate Collection Set: 0.27ms
[565.427s][info][gc,phases   ] GC(751)   Merge Heap Roots: 0.16ms
[565.427s][info][gc,phases   ] GC(751)   Evacuate Collection Set: 4.21ms
[565.427s][info][gc,phases   ] GC(751)   Post Evacuate Collection Set: 0.77ms
[565.427s][info][gc,phases   ] GC(751)   Other: 0.10ms
[565.427s][info][gc,heap     ] GC(751) Eden regions: 509->0(506)
[565.427s][info][gc,heap     ] GC(751) Survivor regions: 1->4(64)
[565.427s][info][gc,heap     ] GC(751) Old regions: 53->53
[565.427s][info][gc,heap     ] GC(751) Humongous regions: 207->207
[565.427s][info][gc,metaspace] GC(751) Metaspace: 57858K(58176K)->57858K(58176K) NonClass: 52237K(52480K)->52237K(52480K) Class: 5621K(5696K)->5621K(5696K)
[565.427s][info][gc          ] GC(751) Pause Young (Normal) (G1 Evacuation Pause) 769M->263M(850M) 5.729ms
[565.427s][info][gc,cpu      ] GC(751) User=0.01s Sys=0.00s Real=0.00s
[566.635s][info][gc,start    ] GC(752) Pause Young (Normal) (G1 Evacuation Pause)
[566.635s][info][gc,task     ] GC(752) Using 2 workers of 2 for evacuation
[566.641s][info][gc,phases   ] GC(752)   Pre Evacuate Collection Set: 0.28ms
[566.641s][info][gc,phases   ] GC(752)   Merge Heap Roots: 0.15ms
[566.641s][info][gc,phases   ] GC(752)   Evacuate Collection Set: 5.05ms
[566.641s][info][gc,phases   ] GC(752)   Post Evacuate Collection Set: 0.74ms
[566.641s][info][gc,phases   ] GC(752)   Other: 0.11ms
[566.641s][info][gc,heap     ] GC(752) Eden regions: 506->0(506)
[566.641s][info][gc,heap     ] GC(752) Survivor regions: 4->4(64)
[566.641s][info][gc,heap     ] GC(752) Old regions: 53->53
[566.641s][info][gc,heap     ] GC(752) Humongous regions: 207->207
[566.641s][info][gc,metaspace] GC(752) Metaspace: 57858K(58176K)->57858K(58176K) NonClass: 52237K(52480K)->52237K(52480K) Class: 5621K(5696K)->5621K(5696K)
[566.641s][info][gc          ] GC(752) Pause Young (Normal) (G1 Evacuation Pause) 769M->263M(850M) 6.512ms
[566.641s][info][gc,cpu      ] GC(752) User=0.01s Sys=0.00s Real=0.01s
[567.852s][info][gc,start    ] GC(753) Pause Young (Normal) (G1 Evacuation Pause)
[567.852s][info][gc,task     ] GC(753) Using 2 workers of 2 for evacuation
[567.856s][info][gc,phases   ] GC(753)   Pre Evacuate Collection Set: 0.29ms
[567.856s][info][gc,phases   ] GC(753)   Merge Heap Roots: 0.15ms
[567.856s][info][gc,phases   ] GC(753)   Evacuate Collection Set: 2.37ms
[567.856s][info][gc,phases   ] GC(753)   Post Evacuate Collection Set: 0.75ms
[567.856s][info][gc,phases   ] GC(753)   Other: 0.08ms
[567.856s][info][gc,heap     ] GC(753) Eden regions: 506->0(509)
[567.856s][info][gc,heap     ] GC(753) Survivor regions: 4->1(64)
[567.856s][info][gc,heap     ] GC(753) Old regions: 53->53
[567.856s][info][gc,heap     ] GC(753) Humongous regions: 207->207
[567.856s][info][gc,metaspace] GC(753) Metaspace: 57858K(58176K)->57858K(58176K) NonClass: 52237K(52480K)->52237K(52480K) Class: 5621K(5696K)->5621K(5696K)
[567.856s][info][gc          ] GC(753) Pause Young (Normal) (G1 Evacuation Pause) 769M->260M(850M) 3.840ms
[567.856s][info][gc,cpu      ] GC(753) User=0.00s Sys=0.00s Real=0.00s
[569.117s][info][gc,start    ] GC(754) Pause Young (Normal) (G1 Evacuation Pause)
[569.117s][info][gc,task     ] GC(754) Using 2 workers of 2 for evacuation
[569.121s][info][gc,phases   ] GC(754)   Pre Evacuate Collection Set: 0.28ms
[569.121s][info][gc,phases   ] GC(754)   Merge Heap Roots: 0.14ms
[569.121s][info][gc,phases   ] GC(754)   Evacuate Collection Set: 3.12ms
[569.121s][info][gc,phases   ] GC(754)   Post Evacuate Collection Set: 0.77ms
[569.121s][info][gc,phases   ] GC(754)   Other: 0.08ms
[569.121s][info][gc,heap     ] GC(754) Eden regions: 509->0(508)
[569.121s][info][gc,heap     ] GC(754) Survivor regions: 1->2(64)
[569.121s][info][gc,heap     ] GC(754) Old regions: 53->53
[569.121s][info][gc,heap     ] GC(754) Humongous regions: 207->207
[569.121s][info][gc,metaspace] GC(754) Metaspace: 57858K(58176K)->57858K(58176K) NonClass: 52237K(52480K)->52237K(52480K) Class: 5621K(5696K)->5621K(5696K)
[569.121s][info][gc          ] GC(754) Pause Young (Normal) (G1 Evacuation Pause) 769M->261M(850M) 4.552ms
[569.121s][info][gc,cpu      ] GC(754) User=0.01s Sys=0.00s Real=0.01s
[570.398s][info][gc,start    ] GC(755) Pause Young (Normal) (G1 Evacuation Pause)
[570.398s][info][gc,task     ] GC(755) Using 2 workers of 2 for evacuation
[570.426s][info][gc,phases   ] GC(755)   Pre Evacuate Collection Set: 0.56ms
[570.426s][info][gc,phases   ] GC(755)   Merge Heap Roots: 0.17ms
[570.426s][info][gc,phases   ] GC(755)   Evacuate Collection Set: 25.38ms
[570.426s][info][gc,phases   ] GC(755)   Post Evacuate Collection Set: 1.27ms
[570.426s][info][gc,phases   ] GC(755)   Other: 0.14ms
[570.426s][info][gc,heap     ] GC(755) Eden regions: 508->0(506)
[570.426s][info][gc,heap     ] GC(755) Survivor regions: 2->4(64)
[570.426s][info][gc,heap     ] GC(755) Old regions: 53->53
[570.426s][info][gc,heap     ] GC(755) Humongous regions: 207->207
[570.426s][info][gc,metaspace] GC(755) Metaspace: 57858K(58176K)->57858K(58176K) NonClass: 52237K(52480K)->52237K(52480K) Class: 5621K(5696K)->5621K(5696K)
[570.426s][info][gc          ] GC(755) Pause Young (Normal) (G1 Evacuation Pause) 769M->263M(850M) 27.723ms
[570.426s][info][gc,cpu      ] GC(755) User=0.03s Sys=0.00s Real=0.02s
[571.553s][info][gc,start    ] GC(756) Pause Young (Normal) (G1 Evacuation Pause)
[571.553s][info][gc,task     ] GC(756) Using 2 workers of 2 for evacuation
[571.556s][info][gc,phases   ] GC(756)   Pre Evacuate Collection Set: 0.31ms
[571.556s][info][gc,phases   ] GC(756)   Merge Heap Roots: 0.14ms
[571.556s][info][gc,phases   ] GC(756)   Evacuate Collection Set: 2.20ms
[571.556s][info][gc,phases   ] GC(756)   Post Evacuate Collection Set: 0.76ms
[571.556s][info][gc,phases   ] GC(756)   Other: 0.08ms
[571.556s][info][gc,heap     ] GC(756) Eden regions: 506->0(509)
[571.556s][info][gc,heap     ] GC(756) Survivor regions: 4->1(64)
[571.556s][info][gc,heap     ] GC(756) Old regions: 53->53
[571.556s][info][gc,heap     ] GC(756) Humongous regions: 207->207
[571.556s][info][gc,metaspace] GC(756) Metaspace: 57858K(58176K)->57858K(58176K) NonClass: 52237K(52480K)->52237K(52480K) Class: 5621K(5696K)->5621K(5696K)
[571.556s][info][gc          ] GC(756) Pause Young (Normal) (G1 Evacuation Pause) 769M->260M(850M) 3.647ms
[571.556s][info][gc,cpu      ] GC(756) User=0.01s Sys=0.00s Real=0.00s
[572.883s][info][gc,start    ] GC(757) Pause Young (Normal) (G1 Evacuation Pause)
[572.883s][info][gc,task     ] GC(757) Using 2 workers of 2 for evacuation
[572.887s][info][gc,phases   ] GC(757)   Pre Evacuate Collection Set: 0.30ms
[572.887s][info][gc,phases   ] GC(757)   Merge Heap Roots: 0.14ms
[572.887s][info][gc,phases   ] GC(757)   Evacuate Collection Set: 3.05ms
[572.887s][info][gc,phases   ] GC(757)   Post Evacuate Collection Set: 0.76ms
[572.887s][info][gc,phases   ] GC(757)   Other: 0.08ms
[572.887s][info][gc,heap     ] GC(757) Eden regions: 509->0(508)
[572.887s][info][gc,heap     ] GC(757) Survivor regions: 1->2(64)
[572.887s][info][gc,heap     ] GC(757) Old regions: 53->53
[572.887s][info][gc,heap     ] GC(757) Humongous regions: 207->207
[572.887s][info][gc,metaspace] GC(757) Metaspace: 57858K(58176K)->57858K(58176K) NonClass: 52237K(52480K)->52237K(52480K) Class: 5621K(5696K)->5621K(5696K)
[572.887s][info][gc          ] GC(757) Pause Young (Normal) (G1 Evacuation Pause) 769M->261M(850M) 4.528ms
[572.887s][info][gc,cpu      ] GC(757) User=0.00s Sys=0.00s Real=0.00s
[574.055s][info][gc,start    ] GC(758) Pause Young (Normal) (G1 Evacuation Pause)
[574.055s][info][gc,task     ] GC(758) Using 2 workers of 2 for evacuation
[574.068s][info][gc,phases   ] GC(758)   Pre Evacuate Collection Set: 0.52ms
[574.068s][info][gc,phases   ] GC(758)   Merge Heap Roots: 0.23ms
[574.068s][info][gc,phases   ] GC(758)   Evacuate Collection Set: 10.22ms
[574.068s][info][gc,phases   ] GC(758)   Post Evacuate Collection Set: 1.16ms
[574.068s][info][gc,phases   ] GC(758)   Other: 0.11ms
[574.068s][info][gc,heap     ] GC(758) Eden regions: 508->0(507)
[574.068s][info][gc,heap     ] GC(758) Survivor regions: 2->3(64)
[574.068s][info][gc,heap     ] GC(758) Old regions: 53->53
[574.068s][info][gc,heap     ] GC(758) Humongous regions: 207->207
[574.068s][info][gc,metaspace] GC(758) Metaspace: 57858K(58176K)->57858K(58176K) NonClass: 52237K(52480K)->52237K(52480K) Class: 5621K(5696K)->5621K(5696K)
[574.068s][info][gc          ] GC(758) Pause Young (Normal) (G1 Evacuation Pause) 769M->262M(850M) 12.413ms
[574.068s][info][gc,cpu      ] GC(758) User=0.01s Sys=0.00s Real=0.01s
[575.310s][info][gc,start    ] GC(759) Pause Young (Normal) (G1 Evacuation Pause)
[575.310s][info][gc,task     ] GC(759) Using 2 workers of 2 for evacuation
[575.315s][info][gc,phases   ] GC(759)   Pre Evacuate Collection Set: 0.45ms
[575.315s][info][gc,phases   ] GC(759)   Merge Heap Roots: 0.13ms
[575.315s][info][gc,phases   ] GC(759)   Evacuate Collection Set: 3.78ms
[575.315s][info][gc,phases   ] GC(759)   Post Evacuate Collection Set: 1.06ms
[575.315s][info][gc,phases   ] GC(759)   Other: 0.08ms
[575.315s][info][gc,heap     ] GC(759) Eden regions: 507->0(509)
[575.315s][info][gc,heap     ] GC(759) Survivor regions: 3->1(64)
[575.315s][info][gc,heap     ] GC(759) Old regions: 53->53
[575.315s][info][gc,heap     ] GC(759) Humongous regions: 207->207
[575.315s][info][gc,metaspace] GC(759) Metaspace: 57858K(58176K)->57858K(58176K) NonClass: 52237K(52480K)->52237K(52480K) Class: 5621K(5696K)->5621K(5696K)
[575.315s][info][gc          ] GC(759) Pause Young (Normal) (G1 Evacuation Pause) 769M->260M(850M) 5.684ms
[575.315s][info][gc,cpu      ] GC(759) User=0.01s Sys=0.00s Real=0.00s
[576.523s][info][gc,start    ] GC(760) Pause Young (Normal) (G1 Evacuation Pause)
[576.523s][info][gc,task     ] GC(760) Using 2 workers of 2 for evacuation
[576.529s][info][gc,phases   ] GC(760)   Pre Evacuate Collection Set: 0.29ms
[576.530s][info][gc,phases   ] GC(760)   Merge Heap Roots: 0.15ms
[576.530s][info][gc,phases   ] GC(760)   Evacuate Collection Set: 4.80ms
[576.530s][info][gc,phases   ] GC(760)   Post Evacuate Collection Set: 0.79ms
[576.530s][info][gc,phases   ] GC(760)   Other: 0.08ms
[576.530s][info][gc,heap     ] GC(760) Eden regions: 509->0(506)
[576.530s][info][gc,heap     ] GC(760) Survivor regions: 1->4(64)
[576.530s][info][gc,heap     ] GC(760) Old regions: 53->53
[576.530s][info][gc,heap     ] GC(760) Humongous regions: 207->207
[576.530s][info][gc,metaspace] GC(760) Metaspace: 57858K(58176K)->57858K(58176K) NonClass: 52237K(52480K)->52237K(52480K) Class: 5621K(5696K)->5621K(5696K)
[576.530s][info][gc          ] GC(760) Pause Young (Normal) (G1 Evacuation Pause) 769M->263M(850M) 6.292ms
[576.530s][info][gc,cpu      ] GC(760) User=0.01s Sys=0.00s Real=0.01s
[577.834s][info][gc,start    ] GC(761) Pause Young (Normal) (G1 Evacuation Pause)
[577.834s][info][gc,task     ] GC(761) Using 2 workers of 2 for evacuation
[577.843s][info][gc,phases   ] GC(761)   Pre Evacuate Collection Set: 0.47ms
[577.843s][info][gc,phases   ] GC(761)   Merge Heap Roots: 0.16ms
[577.843s][info][gc,phases   ] GC(761)   Evacuate Collection Set: 6.83ms
[577.843s][info][gc,phases   ] GC(761)   Post Evacuate Collection Set: 0.83ms
[577.843s][info][gc,phases   ] GC(761)   Other: 0.09ms
[577.843s][info][gc,heap     ] GC(761) Eden regions: 506->0(507)
[577.843s][info][gc,heap     ] GC(761) Survivor regions: 4->3(64)
[577.843s][info][gc,heap     ] GC(761) Old regions: 53->53
[577.843s][info][gc,heap     ] GC(761) Humongous regions: 207->207
[577.843s][info][gc,metaspace] GC(761) Metaspace: 57858K(58176K)->57858K(58176K) NonClass: 52237K(52480K)->52237K(52480K) Class: 5621K(5696K)->5621K(5696K)
[577.843s][info][gc          ] GC(761) Pause Young (Normal) (G1 Evacuation Pause) 769M->262M(850M) 8.572ms
[577.843s][info][gc,cpu      ] GC(761) User=0.01s Sys=0.00s Real=0.01s
[579.049s][info][gc,start    ] GC(762) Pause Young (Normal) (G1 Evacuation Pause)
[579.049s][info][gc,task     ] GC(762) Using 2 workers of 2 for evacuation
[579.054s][info][gc,phases   ] GC(762)   Pre Evacuate Collection Set: 0.28ms
[579.054s][info][gc,phases   ] GC(762)   Merge Heap Roots: 0.15ms
[579.054s][info][gc,phases   ] GC(762)   Evacuate Collection Set: 3.46ms
[579.054s][info][gc,phases   ] GC(762)   Post Evacuate Collection Set: 0.73ms
[579.054s][info][gc,phases   ] GC(762)   Other: 0.08ms
[579.054s][info][gc,heap     ] GC(762) Eden regions: 507->0(508)
[579.054s][info][gc,heap     ] GC(762) Survivor regions: 3->2(64)
[579.054s][info][gc,heap     ] GC(762) Old regions: 53->54
[579.054s][info][gc,heap     ] GC(762) Humongous regions: 207->207
[579.054s][info][gc,metaspace] GC(762) Metaspace: 57858K(58176K)->57858K(58176K) NonClass: 52237K(52480K)->52237K(52480K) Class: 5621K(5696K)->5621K(5696K)
[579.054s][info][gc          ] GC(762) Pause Young (Normal) (G1 Evacuation Pause) 769M->261M(850M) 4.895ms
[579.054s][info][gc,cpu      ] GC(762) User=0.01s Sys=0.00s Real=0.00s
[580.312s][info][gc,start    ] GC(763) Pause Young (Normal) (G1 Evacuation Pause)
[580.312s][info][gc,task     ] GC(763) Using 2 workers of 2 for evacuation
[580.316s][info][gc,phases   ] GC(763)   Pre Evacuate Collection Set: 0.28ms
[580.316s][info][gc,phases   ] GC(763)   Merge Heap Roots: 0.15ms
[580.316s][info][gc,phases   ] GC(763)   Evacuate Collection Set: 2.99ms
[580.316s][info][gc,phases   ] GC(763)   Post Evacuate Collection Set: 0.76ms
[580.316s][info][gc,phases   ] GC(763)   Other: 0.10ms
[580.316s][info][gc,heap     ] GC(763) Eden regions: 508->0(508)
[580.316s][info][gc,heap     ] GC(763) Survivor regions: 2->2(64)
[580.316s][info][gc,heap     ] GC(763) Old regions: 54->54
[580.316s][info][gc,heap     ] GC(763) Humongous regions: 207->207
[580.316s][info][gc,metaspace] GC(763) Metaspace: 57858K(58176K)->57858K(58176K) NonClass: 52237K(52480K)->52237K(52480K) Class: 5621K(5696K)->5621K(5696K)
[580.316s][info][gc          ] GC(763) Pause Young (Normal) (G1 Evacuation Pause) 769M->261M(850M) 4.448ms
[580.316s][info][gc,cpu      ] GC(763) User=0.01s Sys=0.00s Real=0.00s
[581.526s][info][gc,start    ] GC(764) Pause Young (Normal) (G1 Evacuation Pause)
[581.526s][info][gc,task     ] GC(764) Using 2 workers of 2 for evacuation
[581.531s][info][gc,phases   ] GC(764)   Pre Evacuate Collection Set: 0.30ms
[581.531s][info][gc,phases   ] GC(764)   Merge Heap Roots: 0.15ms
[581.531s][info][gc,phases   ] GC(764)   Evacuate Collection Set: 4.31ms
[581.531s][info][gc,phases   ] GC(764)   Post Evacuate Collection Set: 0.76ms
[581.531s][info][gc,phases   ] GC(764)   Other: 0.08ms
[581.532s][info][gc,heap     ] GC(764) Eden regions: 508->0(506)
[581.532s][info][gc,heap     ] GC(764) Survivor regions: 2->4(64)
[581.532s][info][gc,heap     ] GC(764) Old regions: 54->54
[581.532s][info][gc,heap     ] GC(764) Humongous regions: 207->207
[581.532s][info][gc,metaspace] GC(764) Metaspace: 57858K(58176K)->57858K(58176K) NonClass: 52237K(52480K)->52237K(52480K) Class: 5621K(5696K)->5621K(5696K)
[581.532s][info][gc          ] GC(764) Pause Young (Normal) (G1 Evacuation Pause) 769M->263M(850M) 5.788ms
[581.532s][info][gc,cpu      ] GC(764) User=0.01s Sys=0.00s Real=0.01s
[582.743s][info][gc,start    ] GC(765) Pause Young (Normal) (G1 Evacuation Pause)
[582.743s][info][gc,task     ] GC(765) Using 2 workers of 2 for evacuation
[582.750s][info][gc,phases   ] GC(765)   Pre Evacuate Collection Set: 0.27ms
[582.750s][info][gc,phases   ] GC(765)   Merge Heap Roots: 0.16ms
[582.750s][info][gc,phases   ] GC(765)   Evacuate Collection Set: 4.88ms
[582.750s][info][gc,phases   ] GC(765)   Post Evacuate Collection Set: 0.76ms
[582.750s][info][gc,phases   ] GC(765)   Other: 0.08ms
[582.750s][info][gc,heap     ] GC(765) Eden regions: 506->0(506)
[582.750s][info][gc,heap     ] GC(765) Survivor regions: 4->4(64)
[582.750s][info][gc,heap     ] GC(765) Old regions: 54->54
[582.750s][info][gc,heap     ] GC(765) Humongous regions: 207->207
[582.750s][info][gc,metaspace] GC(765) Metaspace: 57858K(58176K)->57858K(58176K) NonClass: 52237K(52480K)->52237K(52480K) Class: 5621K(5696K)->5621K(5696K)
[582.750s][info][gc          ] GC(765) Pause Young (Normal) (G1 Evacuation Pause) 769M->263M(850M) 6.327ms
[582.750s][info][gc,cpu      ] GC(765) User=0.01s Sys=0.00s Real=0.01s
[583.949s][info][gc,start    ] GC(766) Pause Young (Normal) (G1 Evacuation Pause)
[583.949s][info][gc,task     ] GC(766) Using 2 workers of 2 for evacuation
[583.954s][info][gc,phases   ] GC(766)   Pre Evacuate Collection Set: 0.28ms
[583.954s][info][gc,phases   ] GC(766)   Merge Heap Roots: 0.15ms
[583.954s][info][gc,phases   ] GC(766)   Evacuate Collection Set: 3.04ms
[583.954s][info][gc,phases   ] GC(766)   Post Evacuate Collection Set: 0.75ms
[583.954s][info][gc,phases   ] GC(766)   Other: 0.10ms
[583.954s][info][gc,heap     ] GC(766) Eden regions: 506->0(508)
[583.954s][info][gc,heap     ] GC(766) Survivor regions: 4->2(64)
[583.954s][info][gc,heap     ] GC(766) Old regions: 54->54
[583.954s][info][gc,heap     ] GC(766) Humongous regions: 207->207
[583.954s][info][gc,metaspace] GC(766) Metaspace: 57858K(58176K)->57858K(58176K) NonClass: 52237K(52480K)->52237K(52480K) Class: 5621K(5696K)->5621K(5696K)
[583.954s][info][gc          ] GC(766) Pause Young (Normal) (G1 Evacuation Pause) 769M->261M(850M) 4.506ms
[583.954s][info][gc,cpu      ] GC(766) User=0.00s Sys=0.00s Real=0.00s
[585.217s][info][gc,start    ] GC(767) Pause Young (Normal) (G1 Evacuation Pause)
[585.217s][info][gc,task     ] GC(767) Using 2 workers of 2 for evacuation
[585.221s][info][gc,phases   ] GC(767)   Pre Evacuate Collection Set: 0.27ms
[585.221s][info][gc,phases   ] GC(767)   Merge Heap Roots: 0.16ms
[585.221s][info][gc,phases   ] GC(767)   Evacuate Collection Set: 3.26ms
[585.221s][info][gc,phases   ] GC(767)   Post Evacuate Collection Set: 0.77ms
[585.221s][info][gc,phases   ] GC(767)   Other: 0.08ms
[585.221s][info][gc,heap     ] GC(767) Eden regions: 508->0(508)
[585.221s][info][gc,heap     ] GC(767) Survivor regions: 2->2(64)
[585.221s][info][gc,heap     ] GC(767) Old regions: 54->54
[585.221s][info][gc,heap     ] GC(767) Humongous regions: 207->207
[585.221s][info][gc,metaspace] GC(767) Metaspace: 57858K(58176K)->57858K(58176K) NonClass: 52237K(52480K)->52237K(52480K) Class: 5621K(5696K)->5621K(5696K)
[585.221s][info][gc          ] GC(767) Pause Young (Normal) (G1 Evacuation Pause) 769M->261M(850M) 4.699ms
[585.221s][info][gc,cpu      ] GC(767) User=0.00s Sys=0.00s Real=0.01s
[586.423s][info][gc,start    ] GC(768) Pause Young (Normal) (G1 Evacuation Pause)
[586.423s][info][gc,task     ] GC(768) Using 2 workers of 2 for evacuation
[586.428s][info][gc,phases   ] GC(768)   Pre Evacuate Collection Set: 0.30ms
[586.428s][info][gc,phases   ] GC(768)   Merge Heap Roots: 0.16ms
[586.428s][info][gc,phases   ] GC(768)   Evacuate Collection Set: 4.16ms
[586.428s][info][gc,phases   ] GC(768)   Post Evacuate Collection Set: 0.76ms
[586.428s][info][gc,phases   ] GC(768)   Other: 0.08ms
[586.428s][info][gc,heap     ] GC(768) Eden regions: 508->0(507)
[586.428s][info][gc,heap     ] GC(768) Survivor regions: 2->3(64)
[586.428s][info][gc,heap     ] GC(768) Old regions: 54->54
[586.428s][info][gc,heap     ] GC(768) Humongous regions: 207->207
[586.428s][info][gc,metaspace] GC(768) Metaspace: 57858K(58176K)->57858K(58176K) NonClass: 52237K(52480K)->52237K(52480K) Class: 5621K(5696K)->5621K(5696K)
[586.428s][info][gc          ] GC(768) Pause Young (Normal) (G1 Evacuation Pause) 769M->262M(850M) 5.654ms
[586.428s][info][gc,cpu      ] GC(768) User=0.00s Sys=0.00s Real=0.01s
[587.219s][info][gc,start    ] GC(769) Pause Young (Concurrent Start) (G1 Humongous Allocation)
[587.219s][info][gc,task     ] GC(769) Using 2 workers of 2 for evacuation
[587.222s][info][gc,phases   ] GC(769)   Pre Evacuate Collection Set: 0.33ms
[587.222s][info][gc,phases   ] GC(769)   Merge Heap Roots: 0.10ms
[587.222s][info][gc,phases   ] GC(769)   Evacuate Collection Set: 2.09ms
[587.222s][info][gc,phases   ] GC(769)   Post Evacuate Collection Set: 0.63ms
[587.222s][info][gc,phases   ] GC(769)   Other: 0.09ms
[587.222s][info][gc,heap     ] GC(769) Eden regions: 319->0(509)
[587.222s][info][gc,heap     ] GC(769) Survivor regions: 3->1(64)
[587.222s][info][gc,heap     ] GC(769) Old regions: 54->54
[587.222s][info][gc,heap     ] GC(769) Humongous regions: 207->207
[587.222s][info][gc,metaspace] GC(769) Metaspace: 57861K(58176K)->57861K(58176K) NonClass: 52240K(52480K)->52240K(52480K) Class: 5621K(5696K)->5621K(5696K)
[587.222s][info][gc          ] GC(769) Pause Young (Concurrent Start) (G1 Humongous Allocation) 581M->260M(850M) 3.418ms
[587.222s][info][gc          ] GC(770) Concurrent Undo Cycle
[587.222s][info][gc,marking  ] GC(770) Concurrent Clear Claimed Marks
[587.222s][info][gc,marking  ] GC(770) Concurrent Clear Claimed Marks 0.076ms
[587.222s][info][gc,marking  ] GC(770) Concurrent Cleanup for Next Mark
[587.222s][info][gc,cpu      ] GC(769) User=0.00s Sys=0.00s Real=0.00s
[587.222s][info][gc,marking  ] GC(770) Concurrent Cleanup for Next Mark 0.230ms
[587.223s][info][gc          ] GC(770) Concurrent Undo Cycle 0.343ms
[587.357s][info][gc,start    ] GC(771) Pause Young (Concurrent Start) (G1 Humongous Allocation)
[587.357s][info][gc,task     ] GC(771) Using 2 workers of 2 for evacuation
[587.359s][info][gc,phases   ] GC(771)   Pre Evacuate Collection Set: 0.33ms
[587.359s][info][gc,phases   ] GC(771)   Merge Heap Roots: 0.07ms
[587.359s][info][gc,phases   ] GC(771)   Evacuate Collection Set: 1.87ms
[587.359s][info][gc,phases   ] GC(771)   Post Evacuate Collection Set: 0.37ms
[587.359s][info][gc,phases   ] GC(771)   Other: 0.08ms
[587.360s][info][gc,heap     ] GC(771) Eden regions: 2->0(505)
[587.360s][info][gc,heap     ] GC(771) Survivor regions: 1->1(64)
[587.360s][info][gc,heap     ] GC(771) Old regions: 54->54
[587.360s][info][gc,heap     ] GC(771) Humongous regions: 246->246
[587.360s][info][gc,metaspace] GC(771) Metaspace: 57861K(58176K)->57861K(58176K) NonClass: 52240K(52480K)->52240K(52480K) Class: 5621K(5696K)->5621K(5696K)
[587.360s][info][gc          ] GC(771) Pause Young (Concurrent Start) (G1 Humongous Allocation) 301M->299M(850M) 2.935ms
[587.360s][info][gc          ] GC(772) Concurrent Mark Cycle
[587.360s][info][gc,marking  ] GC(772) Concurrent Scan Root Regions
[587.360s][info][gc,cpu      ] GC(771) User=0.01s Sys=0.00s Real=0.01s
[587.361s][info][gc,marking  ] GC(772) Concurrent Scan Root Regions 1.647ms
[587.361s][info][gc,marking  ] GC(772) Concurrent Mark
[587.361s][info][gc,marking  ] GC(772) Concurrent Mark From Roots
[587.361s][info][gc,task     ] GC(772) Using 1 workers of 1 for marking
[587.403s][info][gc,marking  ] GC(772) Concurrent Mark From Roots 41.423ms
[587.403s][info][gc,marking  ] GC(772) Concurrent Preclean
[587.403s][info][gc,marking  ] GC(772) Concurrent Preclean 0.057ms
[587.403s][info][gc,start    ] GC(772) Pause Remark
[587.412s][info][gc          ] GC(772) Pause Remark 338M->338M(850M) 9.296ms
[587.412s][info][gc,cpu      ] GC(772) User=0.02s Sys=0.00s Real=0.01s
[587.413s][info][gc,marking  ] GC(772) Concurrent Mark 51.285ms
[587.413s][info][gc,marking  ] GC(772) Concurrent Rebuild Remembered Sets and Scrub Regions
[587.428s][info][gc,marking  ] GC(772) Concurrent Rebuild Remembered Sets and Scrub Regions 15.351ms
[587.428s][info][gc,start    ] GC(772) Pause Cleanup
[587.428s][info][gc          ] GC(772) Pause Cleanup 338M->338M(850M) 0.057ms
[587.428s][info][gc,cpu      ] GC(772) User=0.00s Sys=0.00s Real=0.00s
[587.428s][info][gc,marking  ] GC(772) Concurrent Clear Claimed Marks
[587.428s][info][gc,marking  ] GC(772) Concurrent Clear Claimed Marks 0.075ms
[587.428s][info][gc,marking  ] GC(772) Concurrent Cleanup for Next Mark
[587.431s][info][gc,marking  ] GC(772) Concurrent Cleanup for Next Mark 2.552ms
[587.431s][info][gc          ] GC(772) Concurrent Mark Cycle 71.238ms
[589.124s][info][gc,heap,exit] Heap
[589.124s][info][gc,heap,exit]  garbage-first heap   total reserved 1001472K, committed 870400K, used 368125K [0x00000000c2e00000, 0x0000000100000000)
[589.124s][info][gc,heap,exit]   region size 1024K, 22 young (22528K), 1 survivors (1024K)
[589.124s][info][gc,heap,exit]  Metaspace       used 58409K, committed 58688K, reserved 1114112K
[589.124s][info][gc,heap,exit]   class space    used 5771K, committed 5824K, reserved 1048576K
