[0.002s][info][metaspace]  - commit_granule_bytes: 65536.
[0.002s][info][metaspace]  - commit_granule_words: 8192.
[0.002s][info][metaspace]  - virtual_space_node_default_size: 8388608.
[0.002s][info][metaspace]  - enlarge_chunks_in_place: 1.
[0.004s][info][gc,init  ] CardTable entry size: 512
[0.008s][info][gc       ] Using G1
[0.012s][info][gc,init  ] Version: 24-internal-adhoc.root.jdk (release)
[0.012s][info][gc,init  ] CPUs: 2 total, 2 available
[0.012s][info][gc,init  ] Memory: 3908M
[0.012s][info][gc,init  ] Large Page Support: Disabled
[0.012s][info][gc,init  ] NUMA Support: Disabled
[0.012s][info][gc,init  ] Compressed Oops: Enabled (32-bit)
[0.012s][info][gc,init  ] Heap Region Size: 1M
[0.012s][info][gc,init  ] Heap Min Capacity: 256M
[0.012s][info][gc,init  ] Heap Initial Capacity: 256M
[0.012s][info][gc,init  ] Heap Max Capacity: 978M
[0.012s][info][gc,init  ] Pre-touch: Disabled
[0.012s][info][gc,init  ] Parallel Workers: 2
[0.012s][info][gc,init  ] Concurrent Workers: 1
[0.012s][info][gc,init  ] Concurrent Refinement Workers: 2
[0.012s][info][gc,init  ] Periodic GC: Disabled
[0.025s][info][gc,metaspace] CDS archive(s) mapped at: [0x00007f498e000000-0x00007f498edc0000-0x00007f498edc0000), size 14417920, SharedBaseAddress: 0x00007f498e000000, ArchiveRelocationMode: 1.
[0.026s][info][gc,metaspace] Compressed class space mapped at: 0x00007f498f000000-0x00007f49cf000000, reserved size: 1073741824
[0.026s][info][gc,metaspace] UseCompressedClassPointers 1, UseCompactObjectHeaders 0
[0.026s][info][gc,metaspace] Narrow klass pointer bits 32, Max shift 3
[0.026s][info][gc,metaspace] Narrow klass base: 0x00007f498e000000, Narrow klass shift: 0
[0.026s][info][gc,metaspace] Encoding Range: [0x00007f498e000000 - 0x00007f4a8e000000), (4294967296 bytes)
[0.026s][info][gc,metaspace] Klass Range:    [0x00007f498e000000 - 0x00007f49cf000000), (1090519040 bytes)
[0.026s][info][gc,metaspace] Klass ID Range:  [8 - 1090519033) (1090519025)
[0.352s][info][gc,start    ] GC(0) Pause Young (Normal) (G1 Evacuation Pause)
[0.353s][info][gc,task     ] GC(0) Using 2 workers of 2 for evacuation
[0.356s][info][gc,phases   ] GC(0)   Pre Evacuate Collection Set: 0.17ms
[0.356s][info][gc,phases   ] GC(0)   Merge Heap Roots: 0.10ms
[0.356s][info][gc,phases   ] GC(0)   Evacuate Collection Set: 2.80ms
[0.356s][info][gc,phases   ] GC(0)   Post Evacuate Collection Set: 0.23ms
[0.356s][info][gc,phases   ] GC(0)   Other: 0.23ms
[0.356s][info][gc,heap     ] GC(0) Eden regions: 12->0(10)
[0.356s][info][gc,heap     ] GC(0) Survivor regions: 0->2(2)
[0.356s][info][gc,heap     ] GC(0) Old regions: 2->2
[0.356s][info][gc,heap     ] GC(0) Humongous regions: 0->0
[0.356s][info][gc,metaspace] GC(0) Metaspace: 2385K(2496K)->2385K(2496K) NonClass: 2187K(2240K)->2187K(2240K) Class: 197K(256K)->197K(256K)
[0.356s][info][gc          ] GC(0) Pause Young (Normal) (G1 Evacuation Pause) 13M->2M(258M) 3.773ms
[0.356s][info][gc,cpu      ] GC(0) User=0.00s Sys=0.00s Real=0.00s
[0.850s][info][gc,start    ] GC(1) Pause Young (Normal) (G1 Evacuation Pause)
[0.850s][info][gc,task     ] GC(1) Using 2 workers of 2 for evacuation
[0.855s][info][gc,phases   ] GC(1)   Pre Evacuate Collection Set: 0.14ms
[0.855s][info][gc,phases   ] GC(1)   Merge Heap Roots: 0.04ms
[0.855s][info][gc,phases   ] GC(1)   Evacuate Collection Set: 4.19ms
[0.855s][info][gc,phases   ] GC(1)   Post Evacuate Collection Set: 0.34ms
[0.855s][info][gc,phases   ] GC(1)   Other: 0.07ms
[0.855s][info][gc,heap     ] GC(1) Eden regions: 10->0(12)
[0.855s][info][gc,heap     ] GC(1) Survivor regions: 2->2(2)
[0.855s][info][gc,heap     ] GC(1) Old regions: 2->5
[0.855s][info][gc,heap     ] GC(1) Humongous regions: 0->0
[0.855s][info][gc,metaspace] GC(1) Metaspace: 3718K(3840K)->3718K(3840K) NonClass: 3399K(3456K)->3399K(3456K) Class: 318K(384K)->318K(384K)
[0.855s][info][gc          ] GC(1) Pause Young (Normal) (G1 Evacuation Pause) 12M->6M(258M) 4.971ms
[0.855s][info][gc,cpu      ] GC(1) User=0.01s Sys=0.00s Real=0.01s
[1.092s][info][gc,start    ] GC(2) Pause Young (Normal) (G1 Evacuation Pause)
[1.092s][info][gc,task     ] GC(2) Using 2 workers of 2 for evacuation
[1.098s][info][gc,phases   ] GC(2)   Pre Evacuate Collection Set: 0.14ms
[1.098s][info][gc,phases   ] GC(2)   Merge Heap Roots: 0.24ms
[1.098s][info][gc,phases   ] GC(2)   Evacuate Collection Set: 4.81ms
[1.098s][info][gc,phases   ] GC(2)   Post Evacuate Collection Set: 0.25ms
[1.098s][info][gc,phases   ] GC(2)   Other: 0.10ms
[1.098s][info][gc,heap     ] GC(2) Eden regions: 12->0(20)
[1.098s][info][gc,heap     ] GC(2) Survivor regions: 2->2(2)
[1.098s][info][gc,heap     ] GC(2) Old regions: 5->8
[1.098s][info][gc,heap     ] GC(2) Humongous regions: 0->0
[1.098s][info][gc,metaspace] GC(2) Metaspace: 6950K(7104K)->6950K(7104K) NonClass: 6388K(6464K)->6388K(6464K) Class: 562K(640K)->562K(640K)
[1.098s][info][gc          ] GC(2) Pause Young (Normal) (G1 Evacuation Pause) 18M->8M(258M) 5.715ms
[1.098s][info][gc,cpu      ] GC(2) User=0.01s Sys=0.00s Real=0.00s
[1.357s][info][gc,start    ] GC(3) Pause Young (Normal) (G1 Evacuation Pause)
[1.357s][info][gc,task     ] GC(3) Using 2 workers of 2 for evacuation
[1.362s][info][gc,phases   ] GC(3)   Pre Evacuate Collection Set: 0.16ms
[1.362s][info][gc,phases   ] GC(3)   Merge Heap Roots: 0.04ms
[1.362s][info][gc,phases   ] GC(3)   Evacuate Collection Set: 4.69ms
[1.362s][info][gc,phases   ] GC(3)   Post Evacuate Collection Set: 0.25ms
[1.362s][info][gc,phases   ] GC(3)   Other: 0.07ms
[1.362s][info][gc,heap     ] GC(3) Eden regions: 21->0(26)
[1.362s][info][gc,heap     ] GC(3) Survivor regions: 2->1(3)
[1.362s][info][gc,heap     ] GC(3) Old regions: 8->10
[1.362s][info][gc,heap     ] GC(3) Humongous regions: 0->0
[1.362s][info][gc,metaspace] GC(3) Metaspace: 8789K(8896K)->8789K(8896K) NonClass: 8087K(8128K)->8087K(8128K) Class: 702K(768K)->702K(768K)
[1.362s][info][gc          ] GC(3) Pause Young (Normal) (G1 Evacuation Pause) 29M->10M(258M) 5.381ms
[1.362s][info][gc,cpu      ] GC(3) User=0.00s Sys=0.00s Real=0.01s
[1.771s][info][gc,start    ] GC(4) Pause Young (Normal) (G1 Evacuation Pause)
[1.772s][info][gc,task     ] GC(4) Using 2 workers of 2 for evacuation
[1.777s][info][gc,phases   ] GC(4)   Pre Evacuate Collection Set: 0.18ms
[1.777s][info][gc,phases   ] GC(4)   Merge Heap Roots: 0.04ms
[1.777s][info][gc,phases   ] GC(4)   Evacuate Collection Set: 4.59ms
[1.777s][info][gc,phases   ] GC(4)   Post Evacuate Collection Set: 0.33ms
[1.777s][info][gc,phases   ] GC(4)   Other: 0.10ms
[1.777s][info][gc,heap     ] GC(4) Eden regions: 27->0(34)
[1.777s][info][gc,heap     ] GC(4) Survivor regions: 1->3(4)
[1.777s][info][gc,heap     ] GC(4) Old regions: 10->10
[1.777s][info][gc,heap     ] GC(4) Humongous regions: 0->0
[1.777s][info][gc,metaspace] GC(4) Metaspace: 16831K(17024K)->16831K(17024K) NonClass: 15253K(15360K)->15253K(15360K) Class: 1577K(1664K)->1577K(1664K)
[1.777s][info][gc          ] GC(4) Pause Young (Normal) (G1 Evacuation Pause) 37M->11M(258M) 5.401ms
[1.777s][info][gc,cpu      ] GC(4) User=0.01s Sys=0.00s Real=0.00s
[2.050s][info][metaspace   ] ChkMgr @0x00007f4a0815e5b0 (non-class-space): failed to commit 218 words on chunk @0x00007f4978283818, f, base 0x00007f4985340000, level lv10.
[2.050s][info][metaspace   ] Arena @0x00007f4a083ee4b0 (non-class arena): failed to allocate new chunk for requested word size 218.
[2.050s][info][metaspace   ] Arena @0x00007f4a083ee4b0 (non-class arena): allocation failed, returned null.
[2.050s][info][metaspace   ] ChkMgr @0x00007f4a0815e5b0 (non-class-space): failed to commit 218 words on chunk @0x00007f4978283818, f, base 0x00007f4985340000, level lv10.
[2.050s][info][metaspace   ] Arena @0x00007f4a083ee4b0 (non-class arena): failed to allocate new chunk for requested word size 218.
[2.050s][info][metaspace   ] Arena @0x00007f4a083ee4b0 (non-class arena): allocation failed, returned null.
[2.050s][info][metaspace   ] ChkMgr @0x00007f4a0815e5b0 (non-class-space): failed to commit 218 words on chunk @0x00007f4978283818, f, base 0x00007f4985340000, level lv10.
[2.050s][info][metaspace   ] Arena @0x00007f4a083ee4b0 (non-class arena): failed to allocate new chunk for requested word size 218.
[2.050s][info][metaspace   ] Arena @0x00007f4a083ee4b0 (non-class arena): allocation failed, returned null.
[2.050s][info][gc,start    ] GC(5) Pause Young (Concurrent Start) (Metadata GC Threshold)
[2.050s][info][gc,task     ] GC(5) Using 2 workers of 2 for evacuation
[2.054s][info][gc,phases   ] GC(5)   Pre Evacuate Collection Set: 0.18ms
[2.054s][info][gc,phases   ] GC(5)   Merge Heap Roots: 0.04ms
[2.054s][info][gc,phases   ] GC(5)   Evacuate Collection Set: 3.30ms
[2.054s][info][gc,phases   ] GC(5)   Post Evacuate Collection Set: 0.33ms
[2.054s][info][gc,phases   ] GC(5)   Other: 0.09ms
[2.054s][info][gc,heap     ] GC(5) Eden regions: 16->0(55)
[2.054s][info][gc,heap     ] GC(5) Survivor regions: 3->3(5)
[2.054s][info][gc,heap     ] GC(5) Old regions: 10->10
[2.054s][info][gc,heap     ] GC(5) Humongous regions: 0->0
[2.054s][info][gc,metaspace] GC(5) Metaspace: 21353K(21504K)->21353K(21504K) NonClass: 19365K(19456K)->19365K(19456K) Class: 1988K(2048K)->1988K(2048K)
[2.054s][info][gc          ] GC(5) Pause Young (Concurrent Start) (Metadata GC Threshold) 27M->11M(258M) 4.081ms
[2.054s][info][gc,cpu      ] GC(5) User=0.01s Sys=0.00s Real=0.01s
[2.054s][info][gc          ] GC(6) Concurrent Mark Cycle
[2.054s][info][gc,marking  ] GC(6) Concurrent Scan Root Regions
[2.054s][info][metaspace   ] CLMS @0x00007f4a083c86c0 : GC threshold increased: 22020096->22347776.
[2.065s][info][gc,marking  ] GC(6) Concurrent Scan Root Regions 11.516ms
[2.065s][info][gc,marking  ] GC(6) Concurrent Mark
[2.065s][info][gc,marking  ] GC(6) Concurrent Mark From Roots
[2.065s][info][gc,task     ] GC(6) Using 1 workers of 1 for marking
[2.082s][info][gc,marking  ] GC(6) Concurrent Mark From Roots 16.714ms
[2.082s][info][gc,marking  ] GC(6) Concurrent Preclean
[2.082s][info][gc,marking  ] GC(6) Concurrent Preclean 0.031ms
[2.082s][info][gc,start    ] GC(6) Pause Remark
[2.085s][info][gc          ] GC(6) Pause Remark 13M->13M(256M) 3.141ms
[2.085s][info][gc,cpu      ] GC(6) User=0.00s Sys=0.00s Real=0.00s
[2.086s][info][gc,marking  ] GC(6) Concurrent Mark 20.307ms
[2.086s][info][gc,marking  ] GC(6) Concurrent Rebuild Remembered Sets and Scrub Regions
[2.090s][info][gc,marking  ] GC(6) Concurrent Rebuild Remembered Sets and Scrub Regions 4.512ms
[2.090s][info][gc,start    ] GC(6) Pause Cleanup
[2.090s][info][gc          ] GC(6) Pause Cleanup 13M->13M(256M) 0.032ms
[2.090s][info][gc,cpu      ] GC(6) User=0.00s Sys=0.00s Real=0.00s
[2.091s][info][gc,marking  ] GC(6) Concurrent Clear Claimed Marks
[2.091s][info][gc,marking  ] GC(6) Concurrent Clear Claimed Marks 0.014ms
[2.091s][info][gc,marking  ] GC(6) Concurrent Cleanup for Next Mark
[2.096s][info][gc,marking  ] GC(6) Concurrent Cleanup for Next Mark 5.461ms
[2.096s][info][gc          ] GC(6) Concurrent Mark Cycle 42.150ms
[3.121s][info][gc,start    ] GC(7) Pause Young (Prepare Mixed) (G1 Evacuation Pause)
[3.121s][info][gc,task     ] GC(7) Using 2 workers of 2 for evacuation
[3.130s][info][gc,phases   ] GC(7)   Pre Evacuate Collection Set: 0.19ms
[3.131s][info][gc,phases   ] GC(7)   Merge Heap Roots: 0.06ms
[3.131s][info][gc,phases   ] GC(7)   Evacuate Collection Set: 8.27ms
[3.131s][info][gc,phases   ] GC(7)   Post Evacuate Collection Set: 0.64ms
[3.131s][info][gc,phases   ] GC(7)   Other: 0.10ms
[3.131s][info][gc,heap     ] GC(7) Eden regions: 53->0(51)
[3.131s][info][gc,heap     ] GC(7) Survivor regions: 3->6(7)
[3.131s][info][gc,heap     ] GC(7) Old regions: 10->10
[3.131s][info][gc,heap     ] GC(7) Humongous regions: 129->129
[3.131s][info][gc,metaspace] GC(7) Metaspace: 30844K(31040K)->30844K(31040K) NonClass: 27898K(28032K)->27898K(28032K) Class: 2945K(3008K)->2945K(3008K)
[3.131s][info][gc          ] GC(7) Pause Young (Prepare Mixed) (G1 Evacuation Pause) 193M->143M(256M) 9.428ms
[3.131s][info][gc,cpu      ] GC(7) User=0.01s Sys=0.01s Real=0.01s
[3.501s][info][metaspace   ] ChkMgr @0x00007f4a0815c6c0 (class-space): failed to commit 75 words on chunk @0x00007f4a088ca018, f, base 0x00007f498f360000, level lv07.
[3.501s][info][metaspace   ] Arena @0x00007f4a08177600 (class arena): failed to allocate new chunk for requested word size 75.
[3.501s][info][metaspace   ] Arena @0x00007f4a08177600 (class arena): allocation failed, returned null.
[3.501s][info][metaspace   ] ChkMgr @0x00007f4a0815c6c0 (class-space): failed to commit 75 words on chunk @0x00007f4a088ca018, f, base 0x00007f498f360000, level lv07.
[3.501s][info][metaspace   ] Arena @0x00007f4a08177600 (class arena): failed to allocate new chunk for requested word size 75.
[3.501s][info][metaspace   ] Arena @0x00007f4a08177600 (class arena): allocation failed, returned null.
[3.502s][info][metaspace   ] ChkMgr @0x00007f4a0815c6c0 (class-space): failed to commit 75 words on chunk @0x00007f4a088ca018, f, base 0x00007f498f360000, level lv07.
[3.502s][info][metaspace   ] Arena @0x00007f4a08177600 (class arena): failed to allocate new chunk for requested word size 75.
[3.502s][info][metaspace   ] Arena @0x00007f4a08177600 (class arena): allocation failed, returned null.
[3.502s][info][gc,start    ] GC(8) Pause Young (Mixed) (Metadata GC Threshold)
[3.502s][info][gc,task     ] GC(8) Using 2 workers of 2 for evacuation
[3.516s][info][gc,phases   ] GC(8)   Pre Evacuate Collection Set: 0.19ms
[3.516s][info][gc,phases   ] GC(8)   Merge Heap Roots: 0.05ms
[3.516s][info][gc,phases   ] GC(8)   Evacuate Collection Set: 13.10ms
[3.516s][info][gc,phases   ] GC(8)   Post Evacuate Collection Set: 0.59ms
[3.516s][info][gc,phases   ] GC(8)   Other: 0.07ms
[3.516s][info][gc,heap     ] GC(8) Eden regions: 27->0(14)
[3.516s][info][gc,heap     ] GC(8) Survivor regions: 6->6(8)
[3.516s][info][gc,heap     ] GC(8) Old regions: 10->12
[3.516s][info][gc,heap     ] GC(8) Humongous regions: 207->207
[3.516s][info][gc,metaspace] GC(8) Metaspace: 35817K(35968K)->35817K(35968K) NonClass: 32445K(32576K)->32445K(32576K) Class: 3372K(3392K)->3372K(3392K)
[3.516s][info][gc          ] GC(8) Pause Young (Mixed) (Metadata GC Threshold) 248M->224M(259M) 14.154ms
[3.516s][info][gc,cpu      ] GC(8) User=0.02s Sys=0.01s Real=0.01s
[3.516s][info][metaspace   ] CLMS @0x00007f4a08177580 : GC threshold increased: 36831232->37158912.
[3.531s][info][metaspace   ] ChkMgr @0x00007f4a0815c6c0 (class-space): failed to commit 83 words on chunk @0x00007f4a088ca060, f, base 0x00007f498f350000, level lv10.
[3.531s][info][metaspace   ] Arena @0x00007f4a083ee500 (class arena): failed to allocate new chunk for requested word size 83.
[3.531s][info][metaspace   ] Arena @0x00007f4a083ee500 (class arena): allocation failed, returned null.
[3.531s][info][metaspace   ] ChkMgr @0x00007f4a0815c6c0 (class-space): failed to commit 83 words on chunk @0x00007f4a088ca060, f, base 0x00007f498f350000, level lv10.
[3.531s][info][metaspace   ] Arena @0x00007f4a083ee500 (class arena): failed to allocate new chunk for requested word size 83.
[3.531s][info][metaspace   ] Arena @0x00007f4a083ee500 (class arena): allocation failed, returned null.
[3.532s][info][metaspace   ] ChkMgr @0x00007f4a0815c6c0 (class-space): failed to commit 83 words on chunk @0x00007f4a088ca060, f, base 0x00007f498f350000, level lv10.
[3.532s][info][metaspace   ] Arena @0x00007f4a083ee500 (class arena): failed to allocate new chunk for requested word size 83.
[3.532s][info][metaspace   ] Arena @0x00007f4a083ee500 (class arena): allocation failed, returned null.
[3.532s][info][gc,start    ] GC(9) Pause Young (Concurrent Start) (Metadata GC Threshold)
[3.532s][info][gc,task     ] GC(9) Using 2 workers of 2 for evacuation
[3.539s][info][gc,phases   ] GC(9)   Pre Evacuate Collection Set: 0.15ms
[3.539s][info][gc,phases   ] GC(9)   Merge Heap Roots: 0.03ms
[3.539s][info][gc,phases   ] GC(9)   Evacuate Collection Set: 6.75ms
[3.539s][info][gc,phases   ] GC(9)   Post Evacuate Collection Set: 0.32ms
[3.539s][info][gc,phases   ] GC(9)   Other: 0.11ms
[3.539s][info][gc,heap     ] GC(9) Eden regions: 2->0(19)
[3.539s][info][gc,heap     ] GC(9) Survivor regions: 6->1(3)
[3.539s][info][gc,heap     ] GC(9) Old regions: 12->17
[3.539s][info][gc,heap     ] GC(9) Humongous regions: 207->207
[3.539s][info][gc,metaspace] GC(9) Metaspace: 36065K(36288K)->36065K(36288K) NonClass: 32678K(32832K)->32678K(32832K) Class: 3387K(3456K)->3387K(3456K)
[3.539s][info][gc          ] GC(9) Pause Young (Concurrent Start) (Metadata GC Threshold) 225M->224M(259M) 7.496ms
[3.539s][info][gc          ] GC(10) Concurrent Mark Cycle
[3.539s][info][gc,marking  ] GC(10) Concurrent Scan Root Regions
[3.539s][info][gc,cpu      ] GC(9) User=0.02s Sys=0.00s Real=0.00s
[3.539s][info][metaspace   ] CLMS @0x00007f4a083c86c0 : GC threshold increased: 37158912->37486592.
[3.551s][info][gc,marking  ] GC(10) Concurrent Scan Root Regions 11.632ms
[3.551s][info][gc,marking  ] GC(10) Concurrent Mark
[3.551s][info][gc,marking  ] GC(10) Concurrent Mark From Roots
[3.551s][info][gc,task     ] GC(10) Using 1 workers of 1 for marking
[3.566s][info][metaspace   ] ChkMgr @0x00007f4a0815e5b0 (non-class-space): failed to commit 5 words on chunk @0x00007f4a088ca7b0, f, base 0x00007f4986080000, level lv10.
[3.566s][info][metaspace   ] Arena @0x00007f4a083ee4b0 (non-class arena): failed to allocate new chunk for requested word size 5.
[3.566s][info][metaspace   ] Arena @0x00007f4a083ee4b0 (non-class arena): allocation failed, returned null.
[3.566s][info][metaspace   ] ChkMgr @0x00007f4a0815e5b0 (non-class-space): failed to commit 5 words on chunk @0x00007f4a088ca7b0, f, base 0x00007f4986080000, level lv10.
[3.566s][info][metaspace   ] Arena @0x00007f4a083ee4b0 (non-class arena): failed to allocate new chunk for requested word size 5.
[3.566s][info][metaspace   ] Arena @0x00007f4a083ee4b0 (non-class arena): allocation failed, returned null.
[3.567s][info][metaspace   ] ChkMgr @0x00007f4a0815e5b0 (non-class-space): failed to commit 5 words on chunk @0x00007f4a088ca7b0, f, base 0x00007f4986080000, level lv10.
[3.567s][info][metaspace   ] Arena @0x00007f4a083ee4b0 (non-class arena): failed to allocate new chunk for requested word size 5.
[3.567s][info][metaspace   ] Arena @0x00007f4a083ee4b0 (non-class arena): allocation failed, returned null.
[3.567s][info][metaspace   ] CLMS @0x00007f4a083c86c0 : GC threshold increased: 37486592->37814272.
[3.589s][info][gc,marking  ] GC(10) Concurrent Mark From Roots 37.843ms
[3.589s][info][gc,marking  ] GC(10) Concurrent Preclean
[3.589s][info][gc,marking  ] GC(10) Concurrent Preclean 0.050ms
[3.591s][info][gc,start    ] GC(10) Pause Remark
[3.597s][info][gc          ] GC(10) Pause Remark 228M->228M(375M) 5.710ms
[3.597s][info][gc,cpu      ] GC(10) User=0.01s Sys=0.00s Real=0.00s
[3.599s][info][gc,marking  ] GC(10) Concurrent Mark 47.715ms
[3.601s][info][gc,marking  ] GC(10) Concurrent Rebuild Remembered Sets and Scrub Regions
[3.616s][info][gc,marking  ] GC(10) Concurrent Rebuild Remembered Sets and Scrub Regions 14.414ms
[3.619s][info][gc,start    ] GC(10) Pause Cleanup
[3.619s][info][gc          ] GC(10) Pause Cleanup 229M->229M(375M) 0.064ms
[3.619s][info][gc,cpu      ] GC(10) User=0.00s Sys=0.00s Real=0.00s
[3.623s][info][gc,marking  ] GC(10) Concurrent Clear Claimed Marks
[3.623s][info][gc,marking  ] GC(10) Concurrent Clear Claimed Marks 0.045ms
[3.623s][info][gc,marking  ] GC(10) Concurrent Cleanup for Next Mark
[3.628s][info][gc,marking  ] GC(10) Concurrent Cleanup for Next Mark 5.581ms
[3.629s][info][gc          ] GC(10) Concurrent Mark Cycle 89.132ms
[3.791s][info][gc,start    ] GC(11) Pause Young (Prepare Mixed) (G1 Evacuation Pause)
[3.791s][info][gc,task     ] GC(11) Using 2 workers of 2 for evacuation
[3.794s][info][gc,phases   ] GC(11)   Pre Evacuate Collection Set: 0.22ms
[3.794s][info][gc,phases   ] GC(11)   Merge Heap Roots: 0.05ms
[3.794s][info][gc,phases   ] GC(11)   Evacuate Collection Set: 2.36ms
[3.794s][info][gc,phases   ] GC(11)   Post Evacuate Collection Set: 0.37ms
[3.794s][info][gc,phases   ] GC(11)   Other: 0.11ms
[3.794s][info][gc,heap     ] GC(11) Eden regions: 17->0(96)
[3.794s][info][gc,heap     ] GC(11) Survivor regions: 1->1(3)
[3.794s][info][gc,heap     ] GC(11) Old regions: 17->18
[3.794s][info][gc,heap     ] GC(11) Humongous regions: 207->207
[3.794s][info][gc,metaspace] GC(11) Metaspace: 39192K(39424K)->39192K(39424K) NonClass: 35523K(35648K)->35523K(35648K) Class: 3669K(3776K)->3669K(3776K)
[3.794s][info][gc          ] GC(11) Pause Young (Prepare Mixed) (G1 Evacuation Pause) (Evacuation Failure: Pinned) 241M->225M(375M) 3.293ms
[3.794s][info][gc,cpu      ] GC(11) User=0.00s Sys=0.00s Real=0.00s
[5.944s][info][gc,start    ] GC(12) Pause Young (Mixed) (G1 Evacuation Pause)
[5.944s][info][gc,task     ] GC(12) Using 2 workers of 2 for evacuation
[5.968s][info][gc,phases   ] GC(12)   Pre Evacuate Collection Set: 0.26ms
[5.968s][info][gc,phases   ] GC(12)   Merge Heap Roots: 0.09ms
[5.968s][info][gc,phases   ] GC(12)   Evacuate Collection Set: 23.35ms
[5.968s][info][gc,phases   ] GC(12)   Post Evacuate Collection Set: 0.83ms
[5.968s][info][gc,phases   ] GC(12)   Other: 0.12ms
[5.968s][info][gc,heap     ] GC(12) Eden regions: 96->0(86)
[5.968s][info][gc,heap     ] GC(12) Survivor regions: 1->5(13)
[5.968s][info][gc,heap     ] GC(12) Old regions: 18->17
[5.969s][info][gc,heap     ] GC(12) Humongous regions: 207->207
[5.969s][info][gc,metaspace] GC(12) Metaspace: 52135K(52416K)->52135K(52416K) NonClass: 46776K(46976K)->46776K(46976K) Class: 5359K(5440K)->5359K(5440K)
[5.969s][info][gc          ] GC(12) Pause Young (Mixed) (G1 Evacuation Pause) 321M->228M(375M) 24.817ms
[5.969s][info][gc,cpu      ] GC(12) User=0.03s Sys=0.01s Real=0.02s
[7.242s][info][gc,start    ] GC(13) Pause Young (Concurrent Start) (G1 Evacuation Pause)
[7.243s][info][gc,task     ] GC(13) Using 2 workers of 2 for evacuation
[7.263s][info][gc,phases   ] GC(13)   Pre Evacuate Collection Set: 0.27ms
[7.263s][info][gc,phases   ] GC(13)   Merge Heap Roots: 0.08ms
[7.263s][info][gc,phases   ] GC(13)   Evacuate Collection Set: 19.42ms
[7.263s][info][gc,phases   ] GC(13)   Post Evacuate Collection Set: 0.71ms
[7.263s][info][gc,phases   ] GC(13)   Other: 0.12ms
[7.263s][info][gc,heap     ] GC(13) Eden regions: 80->0(77)
[7.263s][info][gc,heap     ] GC(13) Survivor regions: 5->11(11)
[7.263s][info][gc,heap     ] GC(13) Old regions: 17->31
[7.263s][info][gc,heap     ] GC(13) Humongous regions: 207->207
[7.263s][info][gc,metaspace] GC(13) Metaspace: 54371K(54656K)->54371K(54656K) NonClass: 48796K(49024K)->48796K(49024K) Class: 5574K(5632K)->5574K(5632K)
[7.263s][info][gc          ] GC(13) Pause Young (Concurrent Start) (G1 Evacuation Pause) 308M->248M(375M) 20.812ms
[7.263s][info][gc          ] GC(14) Concurrent Mark Cycle
[7.263s][info][gc,marking  ] GC(14) Concurrent Scan Root Regions
[7.263s][info][gc,cpu      ] GC(13) User=0.04s Sys=0.00s Real=0.02s
[7.305s][info][gc,marking  ] GC(14) Concurrent Scan Root Regions 41.318ms
[7.305s][info][gc,marking  ] GC(14) Concurrent Mark
[7.305s][info][gc,marking  ] GC(14) Concurrent Mark From Roots
[7.305s][info][gc,task     ] GC(14) Using 1 workers of 1 for marking
[7.311s][info][gc,start    ] GC(15) Pause Young (Normal) (G1 Evacuation Pause)
[7.311s][info][gc,task     ] GC(15) Using 2 workers of 2 for evacuation
[7.323s][info][gc,phases   ] GC(15)   Pre Evacuate Collection Set: 0.23ms
[7.323s][info][gc,phases   ] GC(15)   Merge Heap Roots: 0.15ms
[7.323s][info][gc,phases   ] GC(15)   Evacuate Collection Set: 11.49ms
[7.323s][info][gc,phases   ] GC(15)   Post Evacuate Collection Set: 0.42ms
[7.323s][info][gc,phases   ] GC(15)   Other: 0.08ms
[7.323s][info][gc,heap     ] GC(15) Eden regions: 7->0(76)
[7.323s][info][gc,heap     ] GC(15) Survivor regions: 11->2(3)
[7.323s][info][gc,heap     ] GC(15) Old regions: 31->41
[7.323s][info][gc,heap     ] GC(15) Humongous regions: 207->207
[7.323s][info][gc,metaspace] GC(15) Metaspace: 54394K(54656K)->54394K(54656K) NonClass: 48819K(49024K)->48819K(49024K) Class: 5574K(5632K)->5574K(5632K)
[7.323s][info][gc          ] GC(15) Pause Young (Normal) (G1 Evacuation Pause) 255M->249M(375M) 12.538ms
[7.323s][info][gc,cpu      ] GC(15) User=0.02s Sys=0.00s Real=0.01s
[7.375s][info][gc,marking  ] GC(14) Concurrent Mark From Roots 70.771ms
[7.375s][info][gc,marking  ] GC(14) Concurrent Preclean
[7.376s][info][gc,marking  ] GC(14) Concurrent Preclean 0.071ms
[7.376s][info][gc,start    ] GC(14) Pause Remark
[7.384s][info][gc          ] GC(14) Pause Remark 256M->256M(417M) 7.446ms
[7.384s][info][gc,cpu      ] GC(14) User=0.02s Sys=0.00s Real=0.01s
[7.389s][info][gc,marking  ] GC(14) Concurrent Mark 84.771ms
[7.389s][info][gc,marking  ] GC(14) Concurrent Rebuild Remembered Sets and Scrub Regions
[7.430s][info][gc,marking  ] GC(14) Concurrent Rebuild Remembered Sets and Scrub Regions 40.153ms
[7.431s][info][gc,start    ] GC(14) Pause Cleanup
[7.431s][info][gc          ] GC(14) Pause Cleanup 262M->262M(417M) 0.078ms
[7.431s][info][gc,cpu      ] GC(14) User=0.00s Sys=0.00s Real=0.00s
[7.440s][info][gc,marking  ] GC(14) Concurrent Clear Claimed Marks
[7.441s][info][gc,marking  ] GC(14) Concurrent Clear Claimed Marks 0.092ms
[7.441s][info][gc,marking  ] GC(14) Concurrent Cleanup for Next Mark
[7.442s][info][gc,marking  ] GC(14) Concurrent Cleanup for Next Mark 1.662ms
[7.442s][info][gc          ] GC(14) Concurrent Mark Cycle 178.924ms
[7.689s][info][gc,start    ] GC(16) Pause Young (Prepare Mixed) (G1 Evacuation Pause)
[7.689s][info][gc,task     ] GC(16) Using 2 workers of 2 for evacuation
[7.713s][info][gc,phases   ] GC(16)   Pre Evacuate Collection Set: 0.28ms
[7.713s][info][gc,phases   ] GC(16)   Merge Heap Roots: 0.08ms
[7.713s][info][gc,phases   ] GC(16)   Evacuate Collection Set: 22.93ms
[7.713s][info][gc,phases   ] GC(16)   Post Evacuate Collection Set: 0.56ms
[7.713s][info][gc,phases   ] GC(16)   Other: 0.08ms
[7.713s][info][gc,heap     ] GC(16) Eden regions: 76->0(85)
[7.713s][info][gc,heap     ] GC(16) Survivor regions: 2->10(10)
[7.713s][info][gc,heap     ] GC(16) Old regions: 41->57
[7.713s][info][gc,heap     ] GC(16) Humongous regions: 207->207
[7.713s][info][gc,metaspace] GC(16) Metaspace: 54661K(54976K)->54661K(54976K) NonClass: 49086K(49344K)->49086K(49344K) Class: 5575K(5632K)->5575K(5632K)
[7.713s][info][gc          ] GC(16) Pause Young (Prepare Mixed) (G1 Evacuation Pause) 325M->273M(417M) 24.126ms
[7.713s][info][gc,cpu      ] GC(16) User=0.04s Sys=0.00s Real=0.03s
[8.073s][info][gc,start    ] GC(17) Pause Young (Mixed) (G1 Evacuation Pause)
[8.073s][info][gc,task     ] GC(17) Using 2 workers of 2 for evacuation
[8.098s][info][gc,phases   ] GC(17)   Pre Evacuate Collection Set: 0.25ms
[8.098s][info][gc,phases   ] GC(17)   Merge Heap Roots: 0.09ms
[8.098s][info][gc,phases   ] GC(17)   Evacuate Collection Set: 23.76ms
[8.098s][info][gc,phases   ] GC(17)   Post Evacuate Collection Set: 0.43ms
[8.098s][info][gc,phases   ] GC(17)   Other: 0.12ms
[8.098s][info][gc,heap     ] GC(17) Eden regions: 85->0(80)
[8.098s][info][gc,heap     ] GC(17) Survivor regions: 10->12(12)
[8.098s][info][gc,heap     ] GC(17) Old regions: 57->69
[8.098s][info][gc,heap     ] GC(17) Humongous regions: 207->207
[8.098s][info][gc,metaspace] GC(17) Metaspace: 54880K(55168K)->54880K(55168K) NonClass: 49305K(49536K)->49305K(49536K) Class: 5575K(5632K)->5575K(5632K)
[8.098s][info][gc          ] GC(17) Pause Young (Mixed) (G1 Evacuation Pause) 358M->287M(417M) 24.815ms
[8.098s][info][gc,cpu      ] GC(17) User=0.05s Sys=0.00s Real=0.02s
[8.450s][info][gc,start    ] GC(18) Pause Young (Concurrent Start) (G1 Evacuation Pause)
[8.450s][info][gc,task     ] GC(18) Using 2 workers of 2 for evacuation
[8.472s][info][gc,phases   ] GC(18)   Pre Evacuate Collection Set: 0.29ms
[8.472s][info][gc,phases   ] GC(18)   Merge Heap Roots: 0.10ms
[8.472s][info][gc,phases   ] GC(18)   Evacuate Collection Set: 21.33ms
[8.472s][info][gc,phases   ] GC(18)   Post Evacuate Collection Set: 0.38ms
[8.472s][info][gc,phases   ] GC(18)   Other: 0.12ms
[8.472s][info][gc,heap     ] GC(18) Eden regions: 80->0(79)
[8.472s][info][gc,heap     ] GC(18) Survivor regions: 12->9(12)
[8.472s][info][gc,heap     ] GC(18) Old regions: 69->79
[8.472s][info][gc,heap     ] GC(18) Humongous regions: 207->207
[8.472s][info][gc,metaspace] GC(18) Metaspace: 54920K(55232K)->54920K(55232K) NonClass: 49345K(49600K)->49345K(49600K) Class: 5575K(5632K)->5575K(5632K)
[8.472s][info][gc          ] GC(18) Pause Young (Concurrent Start) (G1 Evacuation Pause) 367M->294M(417M) 22.401ms
[8.472s][info][gc,cpu      ] GC(18) User=0.04s Sys=0.00s Real=0.03s
[8.472s][info][gc          ] GC(19) Concurrent Mark Cycle
[8.473s][info][gc,marking  ] GC(19) Concurrent Scan Root Regions
[8.498s][info][gc,marking  ] GC(19) Concurrent Scan Root Regions 24.465ms
[8.498s][info][gc,marking  ] GC(19) Concurrent Mark
[8.498s][info][gc,marking  ] GC(19) Concurrent Mark From Roots
[8.498s][info][gc,task     ] GC(19) Using 1 workers of 1 for marking
[8.594s][info][gc,marking  ] GC(19) Concurrent Mark From Roots 95.956ms
[8.594s][info][gc,marking  ] GC(19) Concurrent Preclean
[8.594s][info][gc,marking  ] GC(19) Concurrent Preclean 0.085ms
[8.595s][info][gc,start    ] GC(19) Pause Remark
[8.604s][info][gc          ] GC(19) Pause Remark 319M->319M(492M) 9.467ms
[8.605s][info][gc,cpu      ] GC(19) User=0.01s Sys=0.00s Real=0.01s
[8.607s][info][gc,marking  ] GC(19) Concurrent Mark 108.579ms
[8.607s][info][gc,marking  ] GC(19) Concurrent Rebuild Remembered Sets and Scrub Regions
[8.640s][info][gc,marking  ] GC(19) Concurrent Rebuild Remembered Sets and Scrub Regions 33.662ms
[8.641s][info][gc,start    ] GC(19) Pause Cleanup
[8.641s][info][gc          ] GC(19) Pause Cleanup 324M->324M(492M) 0.073ms
[8.641s][info][gc,cpu      ] GC(19) User=0.00s Sys=0.00s Real=0.00s
[8.641s][info][gc,marking  ] GC(19) Concurrent Clear Claimed Marks
[8.642s][info][gc,marking  ] GC(19) Concurrent Clear Claimed Marks 1.074ms
[8.642s][info][gc,marking  ] GC(19) Concurrent Cleanup for Next Mark
[8.647s][info][gc,marking  ] GC(19) Concurrent Cleanup for Next Mark 5.514ms
[8.647s][info][gc          ] GC(19) Concurrent Mark Cycle 174.979ms
[8.857s][info][gc,start    ] GC(20) Pause Young (Prepare Mixed) (G1 Evacuation Pause)
[8.857s][info][gc,task     ] GC(20) Using 2 workers of 2 for evacuation
[8.880s][info][gc,phases   ] GC(20)   Pre Evacuate Collection Set: 0.37ms
[8.880s][info][gc,phases   ] GC(20)   Merge Heap Roots: 0.16ms
[8.880s][info][gc,phases   ] GC(20)   Evacuate Collection Set: 21.69ms
[8.880s][info][gc,phases   ] GC(20)   Post Evacuate Collection Set: 0.45ms
[8.880s][info][gc,phases   ] GC(20)   Other: 0.10ms
[8.880s][info][gc,heap     ] GC(20) Eden regions: 79->0(129)
[8.880s][info][gc,heap     ] GC(20) Survivor regions: 9->10(11)
[8.880s][info][gc,heap     ] GC(20) Old regions: 79->86
[8.880s][info][gc,heap     ] GC(20) Humongous regions: 207->207
[8.880s][info][gc,metaspace] GC(20) Metaspace: 54970K(55232K)->54970K(55232K) NonClass: 49394K(49600K)->49394K(49600K) Class: 5575K(5632K)->5575K(5632K)
[8.880s][info][gc          ] GC(20) Pause Young (Prepare Mixed) (G1 Evacuation Pause) 373M->301M(492M) 22.963ms
[8.880s][info][gc,cpu      ] GC(20) User=0.04s Sys=0.01s Real=0.02s
[9.284s][info][gc,start    ] GC(21) Pause Young (Mixed) (G1 Evacuation Pause)
[9.284s][info][gc,task     ] GC(21) Using 2 workers of 2 for evacuation
[9.306s][info][gc,phases   ] GC(21)   Pre Evacuate Collection Set: 0.29ms
[9.306s][info][gc,phases   ] GC(21)   Merge Heap Roots: 0.12ms
[9.306s][info][gc,phases   ] GC(21)   Evacuate Collection Set: 20.93ms
[9.306s][info][gc,phases   ] GC(21)   Post Evacuate Collection Set: 0.48ms
[9.306s][info][gc,phases   ] GC(21)   Other: 0.12ms
[9.306s][info][gc,heap     ] GC(21) Eden regions: 129->0(119)
[9.306s][info][gc,heap     ] GC(21) Survivor regions: 10->16(18)
[9.306s][info][gc,heap     ] GC(21) Old regions: 86->82
[9.306s][info][gc,heap     ] GC(21) Humongous regions: 207->207
[9.306s][info][gc,metaspace] GC(21) Metaspace: 55100K(55424K)->55100K(55424K) NonClass: 49514K(49728K)->49514K(49728K) Class: 5586K(5696K)->5586K(5696K)
[9.306s][info][gc          ] GC(21) Pause Young (Mixed) (G1 Evacuation Pause) 430M->304M(492M) 22.128ms
[9.306s][info][gc,cpu      ] GC(21) User=0.04s Sys=0.00s Real=0.02s
[9.640s][info][gc,start    ] GC(22) Pause Young (Concurrent Start) (G1 Evacuation Pause)
[9.640s][info][gc,task     ] GC(22) Using 2 workers of 2 for evacuation
[9.662s][info][gc,phases   ] GC(22)   Pre Evacuate Collection Set: 0.27ms
[9.663s][info][gc,phases   ] GC(22)   Merge Heap Roots: 0.09ms
[9.663s][info][gc,phases   ] GC(22)   Evacuate Collection Set: 21.04ms
[9.663s][info][gc,phases   ] GC(22)   Post Evacuate Collection Set: 0.43ms
[9.663s][info][gc,phases   ] GC(22)   Other: 0.17ms
[9.663s][info][gc,heap     ] GC(22) Eden regions: 119->0(124)
[9.663s][info][gc,heap     ] GC(22) Survivor regions: 16->13(17)
[9.663s][info][gc,heap     ] GC(22) Old regions: 82->87
[9.663s][info][gc,heap     ] GC(22) Humongous regions: 207->207
[9.663s][info][gc,metaspace] GC(22) Metaspace: 55174K(55488K)->55174K(55488K) NonClass: 49588K(49792K)->49588K(49792K) Class: 5586K(5696K)->5586K(5696K)
[9.663s][info][gc          ] GC(22) Pause Young (Concurrent Start) (G1 Evacuation Pause) 423M->306M(492M) 22.195ms
[9.663s][info][gc          ] GC(23) Concurrent Mark Cycle
[9.663s][info][gc,marking  ] GC(23) Concurrent Scan Root Regions
[9.664s][info][gc,cpu      ] GC(22) User=0.04s Sys=0.00s Real=0.02s
[9.692s][info][gc,marking  ] GC(23) Concurrent Scan Root Regions 28.923ms
[9.692s][info][gc,marking  ] GC(23) Concurrent Mark
[9.692s][info][gc,marking  ] GC(23) Concurrent Mark From Roots
[9.692s][info][gc,task     ] GC(23) Using 1 workers of 1 for marking
[9.767s][info][gc,marking  ] GC(23) Concurrent Mark From Roots 75.124ms
[9.767s][info][gc,marking  ] GC(23) Concurrent Preclean
[9.767s][info][gc,marking  ] GC(23) Concurrent Preclean 0.059ms
[9.769s][info][gc,start    ] GC(23) Pause Remark
[9.782s][info][gc          ] GC(23) Pause Remark 331M->331M(512M) 12.537ms
[9.782s][info][gc,cpu      ] GC(23) User=0.02s Sys=0.00s Real=0.02s
[9.782s][info][gc,marking  ] GC(23) Concurrent Mark 90.633ms
[9.782s][info][gc,marking  ] GC(23) Concurrent Rebuild Remembered Sets and Scrub Regions
[9.808s][info][gc,marking  ] GC(23) Concurrent Rebuild Remembered Sets and Scrub Regions 26.089ms
[9.809s][info][gc,start    ] GC(23) Pause Cleanup
[9.809s][info][gc          ] GC(23) Pause Cleanup 336M->336M(512M) 0.081ms
[9.809s][info][gc,cpu      ] GC(23) User=0.00s Sys=0.00s Real=0.00s
[9.809s][info][gc,marking  ] GC(23) Concurrent Clear Claimed Marks
[9.809s][info][gc,marking  ] GC(23) Concurrent Clear Claimed Marks 0.082ms
[9.809s][info][gc,marking  ] GC(23) Concurrent Cleanup for Next Mark
[9.815s][info][gc,marking  ] GC(23) Concurrent Cleanup for Next Mark 5.352ms
[9.815s][info][gc          ] GC(23) Concurrent Mark Cycle 152.023ms
[10.072s][info][gc,start    ] GC(24) Pause Young (Prepare Mixed) (G1 Evacuation Pause)
[10.072s][info][gc,task     ] GC(24) Using 2 workers of 2 for evacuation
[10.091s][info][gc,phases   ] GC(24)   Pre Evacuate Collection Set: 0.37ms
[10.091s][info][gc,phases   ] GC(24)   Merge Heap Roots: 0.09ms
[10.091s][info][gc,phases   ] GC(24)   Evacuate Collection Set: 18.25ms
[10.091s][info][gc,phases   ] GC(24)   Post Evacuate Collection Set: 0.39ms
[10.091s][info][gc,phases   ] GC(24)   Other: 0.10ms
[10.091s][info][gc,heap     ] GC(24) Eden regions: 124->0(141)
[10.091s][info][gc,heap     ] GC(24) Survivor regions: 13->13(18)
[10.091s][info][gc,heap     ] GC(24) Old regions: 87->88
[10.091s][info][gc,heap     ] GC(24) Humongous regions: 207->207
[10.091s][info][gc,metaspace] GC(24) Metaspace: 55249K(55552K)->55249K(55552K) NonClass: 49663K(49856K)->49663K(49856K) Class: 5586K(5696K)->5586K(5696K)
[10.091s][info][gc          ] GC(24) Pause Young (Prepare Mixed) (G1 Evacuation Pause) 430M->307M(512M) 19.400ms
[10.091s][info][gc,cpu      ] GC(24) User=0.04s Sys=0.00s Real=0.02s
[10.403s][info][gc,start    ] GC(25) Pause Young (Mixed) (G1 Evacuation Pause)
[10.403s][info][gc,task     ] GC(25) Using 2 workers of 2 for evacuation
[10.423s][info][gc,phases   ] GC(25)   Pre Evacuate Collection Set: 0.32ms
[10.423s][info][gc,phases   ] GC(25)   Merge Heap Roots: 0.10ms
[10.423s][info][gc,phases   ] GC(25)   Evacuate Collection Set: 18.36ms
[10.423s][info][gc,phases   ] GC(25)   Post Evacuate Collection Set: 0.44ms
[10.423s][info][gc,phases   ] GC(25)   Other: 0.09ms
[10.423s][info][gc,heap     ] GC(25) Eden regions: 141->0(144)
[10.423s][info][gc,heap     ] GC(25) Survivor regions: 13->14(20)
[10.423s][info][gc,heap     ] GC(25) Old regions: 88->81
[10.423s][info][gc,heap     ] GC(25) Humongous regions: 207->207
[10.423s][info][gc,metaspace] GC(25) Metaspace: 55291K(55616K)->55291K(55616K) NonClass: 49705K(49920K)->49705K(49920K) Class: 5586K(5696K)->5586K(5696K)
[10.423s][info][gc          ] GC(25) Pause Young (Mixed) (G1 Evacuation Pause) 448M->301M(512M) 19.533ms
[10.423s][info][gc,cpu      ] GC(25) User=0.04s Sys=0.00s Real=0.02s
[10.748s][info][gc,start    ] GC(26) Pause Young (Concurrent Start) (G1 Evacuation Pause)
[10.748s][info][gc,task     ] GC(26) Using 2 workers of 2 for evacuation
[10.768s][info][gc,phases   ] GC(26)   Pre Evacuate Collection Set: 0.27ms
[10.768s][info][gc,phases   ] GC(26)   Merge Heap Roots: 0.07ms
[10.768s][info][gc,phases   ] GC(26)   Evacuate Collection Set: 19.37ms
[10.768s][info][gc,phases   ] GC(26)   Post Evacuate Collection Set: 0.48ms
[10.768s][info][gc,phases   ] GC(26)   Other: 0.16ms
[10.768s][info][gc,heap     ] GC(26) Eden regions: 144->0(147)
[10.768s][info][gc,heap     ] GC(26) Survivor regions: 14->14(20)
[10.768s][info][gc,heap     ] GC(26) Old regions: 81->82
[10.768s][info][gc,heap     ] GC(26) Humongous regions: 207->207
[10.768s][info][gc,metaspace] GC(26) Metaspace: 55297K(55616K)->55297K(55616K) NonClass: 49710K(49920K)->49710K(49920K) Class: 5586K(5696K)->5586K(5696K)
[10.768s][info][gc          ] GC(26) Pause Young (Concurrent Start) (G1 Evacuation Pause) 445M->301M(512M) 20.560ms
[10.768s][info][gc          ] GC(27) Concurrent Mark Cycle
[10.768s][info][gc,marking  ] GC(27) Concurrent Scan Root Regions
[10.769s][info][gc,cpu      ] GC(26) User=0.04s Sys=0.00s Real=0.02s
[10.799s][info][gc,marking  ] GC(27) Concurrent Scan Root Regions 30.263ms
[10.799s][info][gc,marking  ] GC(27) Concurrent Mark
[10.799s][info][gc,marking  ] GC(27) Concurrent Mark From Roots
[10.799s][info][gc,task     ] GC(27) Using 1 workers of 1 for marking
[10.881s][info][gc,marking  ] GC(27) Concurrent Mark From Roots 81.744ms
[10.881s][info][gc,marking  ] GC(27) Concurrent Preclean
[10.881s][info][gc,marking  ] GC(27) Concurrent Preclean 0.063ms
[10.883s][info][gc,start    ] GC(27) Pause Remark
[10.891s][info][gc          ] GC(27) Pause Remark 332M->332M(512M) 7.908ms
[10.891s][info][gc,cpu      ] GC(27) User=0.02s Sys=0.00s Real=0.01s
[10.892s][info][gc,marking  ] GC(27) Concurrent Mark 93.333ms
[10.892s][info][gc,marking  ] GC(27) Concurrent Rebuild Remembered Sets and Scrub Regions
[10.931s][info][gc,marking  ] GC(27) Concurrent Rebuild Remembered Sets and Scrub Regions 39.016ms
[10.931s][info][gc,start    ] GC(27) Pause Cleanup
[10.931s][info][gc          ] GC(27) Pause Cleanup 342M->342M(512M) 0.070ms
[10.931s][info][gc,cpu      ] GC(27) User=0.00s Sys=0.00s Real=0.00s
[10.931s][info][gc,marking  ] GC(27) Concurrent Clear Claimed Marks
[10.931s][info][gc,marking  ] GC(27) Concurrent Clear Claimed Marks 0.097ms
[10.931s][info][gc,marking  ] GC(27) Concurrent Cleanup for Next Mark
[10.934s][info][gc,marking  ] GC(27) Concurrent Cleanup for Next Mark 2.595ms
[10.934s][info][gc          ] GC(27) Concurrent Mark Cycle 165.650ms
[11.184s][info][gc,start    ] GC(28) Pause Young (Prepare Mixed) (G1 Evacuation Pause)
[11.185s][info][gc,task     ] GC(28) Using 2 workers of 2 for evacuation
[11.210s][info][gc,phases   ] GC(28)   Pre Evacuate Collection Set: 0.28ms
[11.210s][info][gc,phases   ] GC(28)   Merge Heap Roots: 0.09ms
[11.210s][info][gc,phases   ] GC(28)   Evacuate Collection Set: 24.57ms
[11.210s][info][gc,phases   ] GC(28)   Post Evacuate Collection Set: 0.55ms
[11.210s][info][gc,phases   ] GC(28)   Other: 0.08ms
[11.210s][info][gc,heap     ] GC(28) Eden regions: 147->0(150)
[11.210s][info][gc,heap     ] GC(28) Survivor regions: 14->14(21)
[11.210s][info][gc,heap     ] GC(28) Old regions: 82->82
[11.210s][info][gc,heap     ] GC(28) Humongous regions: 207->207
[11.210s][info][gc,metaspace] GC(28) Metaspace: 55415K(55744K)->55415K(55744K) NonClass: 49829K(50048K)->49829K(50048K) Class: 5586K(5696K)->5586K(5696K)
[11.210s][info][gc          ] GC(28) Pause Young (Prepare Mixed) (G1 Evacuation Pause) 448M->301M(512M) 25.765ms
[11.210s][info][gc,cpu      ] GC(28) User=0.05s Sys=0.00s Real=0.02s
[11.727s][info][gc,start    ] GC(29) Pause Young (Mixed) (G1 Evacuation Pause)
[11.727s][info][gc,task     ] GC(29) Using 2 workers of 2 for evacuation
[11.733s][info][gc,phases   ] GC(29)   Pre Evacuate Collection Set: 0.29ms
[11.733s][info][gc,phases   ] GC(29)   Merge Heap Roots: 0.12ms
[11.734s][info][gc,phases   ] GC(29)   Evacuate Collection Set: 5.42ms
[11.734s][info][gc,phases   ] GC(29)   Post Evacuate Collection Set: 0.44ms
[11.734s][info][gc,phases   ] GC(29)   Other: 0.09ms
[11.734s][info][gc,heap     ] GC(29) Eden regions: 150->0(164)
[11.734s][info][gc,heap     ] GC(29) Survivor regions: 14->3(21)
[11.734s][info][gc,heap     ] GC(29) Old regions: 82->75
[11.734s][info][gc,heap     ] GC(29) Humongous regions: 207->207
[11.734s][info][gc,metaspace] GC(29) Metaspace: 55420K(55744K)->55420K(55744K) NonClass: 49834K(50048K)->49834K(50048K) Class: 5586K(5696K)->5586K(5696K)
[11.734s][info][gc          ] GC(29) Pause Young (Mixed) (G1 Evacuation Pause) 451M->283M(512M) 6.513ms
[11.734s][info][gc,cpu      ] GC(29) User=0.01s Sys=0.00s Real=0.01s
[12.118s][info][gc,start    ] GC(30) Pause Young (Concurrent Start) (G1 Evacuation Pause)
[12.119s][info][gc,task     ] GC(30) Using 2 workers of 2 for evacuation
[12.124s][info][gc,phases   ] GC(30)   Pre Evacuate Collection Set: 0.31ms
[12.124s][info][gc,phases   ] GC(30)   Merge Heap Roots: 0.07ms
[12.124s][info][gc,phases   ] GC(30)   Evacuate Collection Set: 4.14ms
[12.124s][info][gc,phases   ] GC(30)   Post Evacuate Collection Set: 0.43ms
[12.124s][info][gc,phases   ] GC(30)   Other: 0.11ms
[12.124s][info][gc,heap     ] GC(30) Eden regions: 164->0(169)
[12.124s][info][gc,heap     ] GC(30) Survivor regions: 3->3(21)
[12.124s][info][gc,heap     ] GC(30) Old regions: 75->75
[12.124s][info][gc,heap     ] GC(30) Humongous regions: 207->207
[12.124s][info][gc,metaspace] GC(30) Metaspace: 55423K(55744K)->55423K(55744K) NonClass: 49836K(50048K)->49836K(50048K) Class: 5586K(5696K)->5586K(5696K)
[12.124s][info][gc          ] GC(30) Pause Young (Concurrent Start) (G1 Evacuation Pause) 447M->283M(512M) 5.244ms
[12.124s][info][gc,cpu      ] GC(30) User=0.00s Sys=0.00s Real=0.01s
[12.124s][info][gc          ] GC(31) Concurrent Mark Cycle
[12.124s][info][gc,marking  ] GC(31) Concurrent Scan Root Regions
[12.126s][info][gc,marking  ] GC(31) Concurrent Scan Root Regions 2.476ms
[12.126s][info][gc,marking  ] GC(31) Concurrent Mark
[12.126s][info][gc,marking  ] GC(31) Concurrent Mark From Roots
[12.126s][info][gc,task     ] GC(31) Using 1 workers of 1 for marking
[12.224s][info][gc,marking  ] GC(31) Concurrent Mark From Roots 97.301ms
[12.224s][info][gc,marking  ] GC(31) Concurrent Preclean
[12.224s][info][gc,marking  ] GC(31) Concurrent Preclean 0.076ms
[12.224s][info][gc,start    ] GC(31) Pause Remark
[12.236s][info][gc          ] GC(31) Pause Remark 319M->319M(512M) 12.252ms
[12.236s][info][gc,cpu      ] GC(31) User=0.02s Sys=0.00s Real=0.01s
[12.238s][info][gc,marking  ] GC(31) Concurrent Mark 111.702ms
[12.238s][info][gc,marking  ] GC(31) Concurrent Rebuild Remembered Sets and Scrub Regions
[12.270s][info][gc,marking  ] GC(31) Concurrent Rebuild Remembered Sets and Scrub Regions 31.952ms
[12.270s][info][gc,start    ] GC(31) Pause Cleanup
[12.270s][info][gc          ] GC(31) Pause Cleanup 337M->337M(512M) 0.073ms
[12.270s][info][gc,cpu      ] GC(31) User=0.00s Sys=0.00s Real=0.00s
[12.271s][info][gc,marking  ] GC(31) Concurrent Clear Claimed Marks
[12.271s][info][gc,marking  ] GC(31) Concurrent Clear Claimed Marks 0.092ms
[12.271s][info][gc,marking  ] GC(31) Concurrent Cleanup for Next Mark
[12.275s][info][gc,marking  ] GC(31) Concurrent Cleanup for Next Mark 4.807ms
[12.275s][info][gc          ] GC(31) Concurrent Mark Cycle 151.725ms
[12.668s][info][gc,start    ] GC(32) Pause Young (Prepare Mixed) (G1 Evacuation Pause)
[12.668s][info][gc,task     ] GC(32) Using 2 workers of 2 for evacuation
[12.673s][info][gc,phases   ] GC(32)   Pre Evacuate Collection Set: 1.36ms
[12.673s][info][gc,phases   ] GC(32)   Merge Heap Roots: 0.11ms
[12.673s][info][gc,phases   ] GC(32)   Evacuate Collection Set: 2.53ms
[12.673s][info][gc,phases   ] GC(32)   Post Evacuate Collection Set: 0.45ms
[12.673s][info][gc,phases   ] GC(32)   Other: 0.10ms
[12.673s][info][gc,heap     ] GC(32) Eden regions: 169->0(176)
[12.673s][info][gc,heap     ] GC(32) Survivor regions: 3->1(22)
[12.673s][info][gc,heap     ] GC(32) Old regions: 75->75
[12.673s][info][gc,heap     ] GC(32) Humongous regions: 207->207
[12.673s][info][gc,metaspace] GC(32) Metaspace: 55423K(55744K)->55423K(55744K) NonClass: 49836K(50048K)->49836K(50048K) Class: 5586K(5696K)->5586K(5696K)
[12.673s][info][gc          ] GC(32) Pause Young (Prepare Mixed) (G1 Evacuation Pause) 452M->282M(512M) 4.753ms
[12.673s][info][gc,cpu      ] GC(32) User=0.01s Sys=0.00s Real=0.01s
[13.046s][info][gc,start    ] GC(33) Pause Young (Mixed) (G1 Evacuation Pause)
[13.046s][info][gc,task     ] GC(33) Using 2 workers of 2 for evacuation
[13.055s][info][gc,phases   ] GC(33)   Pre Evacuate Collection Set: 0.31ms
[13.055s][info][gc,phases   ] GC(33)   Merge Heap Roots: 0.09ms
[13.055s][info][gc,phases   ] GC(33)   Evacuate Collection Set: 7.62ms
[13.055s][info][gc,phases   ] GC(33)   Post Evacuate Collection Set: 0.69ms
[13.055s][info][gc,phases   ] GC(33)   Other: 0.11ms
[13.055s][info][gc,heap     ] GC(33) Eden regions: 176->0(182)
[13.055s][info][gc,heap     ] GC(33) Survivor regions: 1->3(23)
[13.055s][info][gc,heap     ] GC(33) Old regions: 75->71
[13.055s][info][gc,heap     ] GC(33) Humongous regions: 207->207
[13.055s][info][gc,metaspace] GC(33) Metaspace: 55425K(55744K)->55425K(55744K) NonClass: 49839K(50048K)->49839K(50048K) Class: 5586K(5696K)->5586K(5696K)
[13.055s][info][gc          ] GC(33) Pause Young (Mixed) (G1 Evacuation Pause) 458M->279M(512M) 8.982ms
[13.055s][info][gc,cpu      ] GC(33) User=0.01s Sys=0.00s Real=0.01s
[13.633s][info][gc,start    ] GC(34) Pause Young (Concurrent Start) (G1 Evacuation Pause)
[13.633s][info][gc,task     ] GC(34) Using 2 workers of 2 for evacuation
[13.651s][info][gc,phases   ] GC(34)   Pre Evacuate Collection Set: 0.25ms
[13.651s][info][gc,phases   ] GC(34)   Merge Heap Roots: 0.08ms
[13.651s][info][gc,phases   ] GC(34)   Evacuate Collection Set: 16.91ms
[13.651s][info][gc,phases   ] GC(34)   Post Evacuate Collection Set: 0.50ms
[13.651s][info][gc,phases   ] GC(34)   Other: 0.15ms
[13.651s][info][gc,heap     ] GC(34) Eden regions: 182->0(180)
[13.651s][info][gc,heap     ] GC(34) Survivor regions: 3->9(24)
[13.651s][info][gc,heap     ] GC(34) Old regions: 71->71
[13.651s][info][gc,heap     ] GC(34) Humongous regions: 207->207
[13.651s][info][gc,metaspace] GC(34) Metaspace: 55425K(55744K)->55425K(55744K) NonClass: 49839K(50048K)->49839K(50048K) Class: 5586K(5696K)->5586K(5696K)
[13.651s][info][gc          ] GC(34) Pause Young (Concurrent Start) (G1 Evacuation Pause) 461M->286M(512M) 18.052ms
[13.651s][info][gc,cpu      ] GC(34) User=0.02s Sys=0.00s Real=0.02s
[13.651s][info][gc          ] GC(35) Concurrent Mark Cycle
[13.651s][info][gc,marking  ] GC(35) Concurrent Scan Root Regions
[13.665s][info][gc,marking  ] GC(35) Concurrent Scan Root Regions 13.844ms
[13.665s][info][gc,marking  ] GC(35) Concurrent Mark
[13.665s][info][gc,marking  ] GC(35) Concurrent Mark From Roots
[13.665s][info][gc,task     ] GC(35) Using 1 workers of 1 for marking
[13.748s][info][gc,marking  ] GC(35) Concurrent Mark From Roots 83.371ms
[13.748s][info][gc,marking  ] GC(35) Concurrent Preclean
[13.749s][info][gc,marking  ] GC(35) Concurrent Preclean 0.225ms
[13.749s][info][gc,start    ] GC(35) Pause Remark
[13.757s][info][gc          ] GC(35) Pause Remark 317M->317M(512M) 7.876ms
[13.757s][info][gc,cpu      ] GC(35) User=0.01s Sys=0.00s Real=0.01s
[13.757s][info][gc,marking  ] GC(35) Concurrent Mark 92.039ms
[13.757s][info][gc,marking  ] GC(35) Concurrent Rebuild Remembered Sets and Scrub Regions
[13.788s][info][gc,marking  ] GC(35) Concurrent Rebuild Remembered Sets and Scrub Regions 31.483ms
[13.789s][info][gc,start    ] GC(35) Pause Cleanup
[13.789s][info][gc          ] GC(35) Pause Cleanup 327M->327M(512M) 0.085ms
[13.789s][info][gc,cpu      ] GC(35) User=0.00s Sys=0.00s Real=0.00s
[13.790s][info][gc,marking  ] GC(35) Concurrent Clear Claimed Marks
[13.790s][info][gc,marking  ] GC(35) Concurrent Clear Claimed Marks 0.116ms
[13.790s][info][gc,marking  ] GC(35) Concurrent Cleanup for Next Mark
[13.793s][info][gc,marking  ] GC(35) Concurrent Cleanup for Next Mark 2.742ms
[13.793s][info][gc          ] GC(35) Concurrent Mark Cycle 142.028ms
[14.068s][info][gc,start    ] GC(36) Pause Young (Prepare Mixed) (G1 Evacuation Pause)
[14.068s][info][gc,task     ] GC(36) Using 2 workers of 2 for evacuation
[14.073s][info][gc,phases   ] GC(36)   Pre Evacuate Collection Set: 0.26ms
[14.073s][info][gc,phases   ] GC(36)   Merge Heap Roots: 0.10ms
[14.073s][info][gc,phases   ] GC(36)   Evacuate Collection Set: 3.90ms
[14.073s][info][gc,phases   ] GC(36)   Post Evacuate Collection Set: 0.48ms
[14.073s][info][gc,phases   ] GC(36)   Other: 0.10ms
[14.073s][info][gc,heap     ] GC(36) Eden regions: 180->0(189)
[14.073s][info][gc,heap     ] GC(36) Survivor regions: 9->4(24)
[14.073s][info][gc,heap     ] GC(36) Old regions: 71->71
[14.073s][info][gc,heap     ] GC(36) Humongous regions: 207->207
[14.073s][info][gc,metaspace] GC(36) Metaspace: 55441K(55744K)->55441K(55744K) NonClass: 49850K(50048K)->49850K(50048K) Class: 5590K(5696K)->5590K(5696K)
[14.073s][info][gc          ] GC(36) Pause Young (Prepare Mixed) (G1 Evacuation Pause) 466M->280M(512M) 4.999ms
[14.073s][info][gc,cpu      ] GC(36) User=0.01s Sys=0.00s Real=0.01s
[14.529s][info][gc,start    ] GC(37) Pause Young (Mixed) (G1 Evacuation Pause)
[14.529s][info][gc,task     ] GC(37) Using 2 workers of 2 for evacuation
[14.533s][info][gc,phases   ] GC(37)   Pre Evacuate Collection Set: 0.34ms
[14.533s][info][gc,phases   ] GC(37)   Merge Heap Roots: 0.17ms
[14.533s][info][gc,phases   ] GC(37)   Evacuate Collection Set: 3.53ms
[14.533s][info][gc,phases   ] GC(37)   Post Evacuate Collection Set: 0.49ms
[14.533s][info][gc,phases   ] GC(37)   Other: 0.09ms
[14.533s][info][gc,heap     ] GC(37) Eden regions: 189->0(193)
[14.533s][info][gc,heap     ] GC(37) Survivor regions: 4->2(25)
[14.533s][info][gc,heap     ] GC(37) Old regions: 71->68
[14.533s][info][gc,heap     ] GC(37) Humongous regions: 207->207
[14.533s][info][gc,metaspace] GC(37) Metaspace: 55442K(55744K)->55442K(55744K) NonClass: 49852K(50048K)->49852K(50048K) Class: 5590K(5696K)->5590K(5696K)
[14.533s][info][gc          ] GC(37) Pause Young (Mixed) (G1 Evacuation Pause) 469M->276M(512M) 4.793ms
[14.533s][info][gc,cpu      ] GC(37) User=0.01s Sys=0.00s Real=0.01s
[15.023s][info][gc,start    ] GC(38) Pause Young (Concurrent Start) (G1 Evacuation Pause)
[15.023s][info][gc,task     ] GC(38) Using 2 workers of 2 for evacuation
[15.028s][info][gc,phases   ] GC(38)   Pre Evacuate Collection Set: 0.27ms
[15.028s][info][gc,phases   ] GC(38)   Merge Heap Roots: 0.08ms
[15.028s][info][gc,phases   ] GC(38)   Evacuate Collection Set: 3.86ms
[15.028s][info][gc,phases   ] GC(38)   Post Evacuate Collection Set: 0.47ms
[15.028s][info][gc,phases   ] GC(38)   Other: 0.10ms
[15.028s][info][gc,heap     ] GC(38) Eden regions: 193->0(197)
[15.028s][info][gc,heap     ] GC(38) Survivor regions: 2->2(25)
[15.028s][info][gc,heap     ] GC(38) Old regions: 68->68
[15.028s][info][gc,heap     ] GC(38) Humongous regions: 207->207
[15.028s][info][gc,metaspace] GC(38) Metaspace: 55443K(55744K)->55443K(55744K) NonClass: 49852K(50048K)->49852K(50048K) Class: 5590K(5696K)->5590K(5696K)
[15.028s][info][gc          ] GC(38) Pause Young (Concurrent Start) (G1 Evacuation Pause) 469M->276M(512M) 4.954ms
[15.028s][info][gc,cpu      ] GC(38) User=0.01s Sys=0.00s Real=0.00s
[15.028s][info][gc          ] GC(39) Concurrent Mark Cycle
[15.028s][info][gc,marking  ] GC(39) Concurrent Scan Root Regions
[15.034s][info][gc,marking  ] GC(39) Concurrent Scan Root Regions 6.623ms
[15.034s][info][gc,marking  ] GC(39) Concurrent Mark
[15.034s][info][gc,marking  ] GC(39) Concurrent Mark From Roots
[15.034s][info][gc,task     ] GC(39) Using 1 workers of 1 for marking
[15.104s][info][gc,marking  ] GC(39) Concurrent Mark From Roots 69.274ms
[15.104s][info][gc,marking  ] GC(39) Concurrent Preclean
[15.104s][info][gc,marking  ] GC(39) Concurrent Preclean 0.061ms
[15.104s][info][gc,start    ] GC(39) Pause Remark
[15.115s][info][gc          ] GC(39) Pause Remark 309M->309M(512M) 10.651ms
[15.115s][info][gc,cpu      ] GC(39) User=0.02s Sys=0.00s Real=0.01s
[15.115s][info][gc,marking  ] GC(39) Concurrent Mark 80.470ms
[15.115s][info][gc,marking  ] GC(39) Concurrent Rebuild Remembered Sets and Scrub Regions
[15.137s][info][gc,marking  ] GC(39) Concurrent Rebuild Remembered Sets and Scrub Regions 22.229ms
[15.137s][info][gc,start    ] GC(39) Pause Cleanup
[15.137s][info][gc          ] GC(39) Pause Cleanup 314M->314M(512M) 0.068ms
[15.137s][info][gc,cpu      ] GC(39) User=0.00s Sys=0.00s Real=0.00s
[15.137s][info][gc,marking  ] GC(39) Concurrent Clear Claimed Marks
[15.137s][info][gc,marking  ] GC(39) Concurrent Clear Claimed Marks 0.099ms
[15.137s][info][gc,marking  ] GC(39) Concurrent Cleanup for Next Mark
[15.139s][info][gc,marking  ] GC(39) Concurrent Cleanup for Next Mark 1.470ms
[15.139s][info][gc          ] GC(39) Concurrent Mark Cycle 111.221ms
[15.562s][info][gc,start    ] GC(40) Pause Young (Prepare Mixed) (G1 Evacuation Pause)
[15.562s][info][gc,task     ] GC(40) Using 2 workers of 2 for evacuation
[15.569s][info][gc,phases   ] GC(40)   Pre Evacuate Collection Set: 0.28ms
[15.570s][info][gc,phases   ] GC(40)   Merge Heap Roots: 0.09ms
[15.570s][info][gc,phases   ] GC(40)   Evacuate Collection Set: 6.91ms
[15.570s][info][gc,phases   ] GC(40)   Post Evacuate Collection Set: 0.51ms
[15.570s][info][gc,phases   ] GC(40)   Other: 0.11ms
[15.570s][info][gc,heap     ] GC(40) Eden regions: 197->0(198)
[15.570s][info][gc,heap     ] GC(40) Survivor regions: 2->6(25)
[15.570s][info][gc,heap     ] GC(40) Old regions: 68->68
[15.570s][info][gc,heap     ] GC(40) Humongous regions: 207->207
[15.570s][info][gc,metaspace] GC(40) Metaspace: 55443K(55744K)->55443K(55744K) NonClass: 49852K(50048K)->49852K(50048K) Class: 5590K(5696K)->5590K(5696K)
[15.570s][info][gc          ] GC(40) Pause Young (Prepare Mixed) (G1 Evacuation Pause) 473M->279M(512M) 8.094ms
[15.570s][info][gc,cpu      ] GC(40) User=0.01s Sys=0.00s Real=0.00s
[15.983s][info][gc,start    ] GC(41) Pause Young (Mixed) (G1 Evacuation Pause)
[15.983s][info][gc,task     ] GC(41) Using 2 workers of 2 for evacuation
[15.987s][info][gc,phases   ] GC(41)   Pre Evacuate Collection Set: 0.26ms
[15.987s][info][gc,phases   ] GC(41)   Merge Heap Roots: 0.08ms
[15.987s][info][gc,phases   ] GC(41)   Evacuate Collection Set: 3.80ms
[15.987s][info][gc,phases   ] GC(41)   Post Evacuate Collection Set: 0.49ms
[15.987s][info][gc,phases   ] GC(41)   Other: 0.09ms
[15.988s][info][gc,heap     ] GC(41) Eden regions: 198->0(204)
[15.988s][info][gc,heap     ] GC(41) Survivor regions: 6->2(26)
[15.988s][info][gc,heap     ] GC(41) Old regions: 68->66
[15.988s][info][gc,heap     ] GC(41) Humongous regions: 207->207
[15.988s][info][gc,metaspace] GC(41) Metaspace: 55443K(55744K)->55443K(55744K) NonClass: 49852K(50048K)->49852K(50048K) Class: 5590K(5696K)->5590K(5696K)
[15.988s][info][gc          ] GC(41) Pause Young (Mixed) (G1 Evacuation Pause) 477M->274M(512M) 4.890ms
[15.988s][info][gc,cpu      ] GC(41) User=0.00s Sys=0.00s Real=0.00s
[16.564s][info][gc,start    ] GC(42) Pause Young (Concurrent Start) (G1 Evacuation Pause)
[16.564s][info][gc,task     ] GC(42) Using 2 workers of 2 for evacuation
[16.571s][info][gc,phases   ] GC(42)   Pre Evacuate Collection Set: 0.29ms
[16.571s][info][gc,phases   ] GC(42)   Merge Heap Roots: 0.07ms
[16.571s][info][gc,phases   ] GC(42)   Evacuate Collection Set: 5.52ms
[16.571s][info][gc,phases   ] GC(42)   Post Evacuate Collection Set: 0.53ms
[16.571s][info][gc,phases   ] GC(42)   Other: 0.13ms
[16.571s][info][gc,heap     ] GC(42) Eden regions: 204->0(206)
[16.571s][info][gc,heap     ] GC(42) Survivor regions: 2->2(26)
[16.571s][info][gc,heap     ] GC(42) Old regions: 66->66
[16.571s][info][gc,heap     ] GC(42) Humongous regions: 207->207
[16.571s][info][gc,metaspace] GC(42) Metaspace: 55443K(55744K)->55443K(55744K) NonClass: 49852K(50048K)->49852K(50048K) Class: 5590K(5696K)->5590K(5696K)
[16.571s][info][gc          ] GC(42) Pause Young (Concurrent Start) (G1 Evacuation Pause) 478M->274M(512M) 6.720ms
[16.571s][info][gc          ] GC(43) Concurrent Mark Cycle
[16.571s][info][gc,cpu      ] GC(42) User=0.01s Sys=0.00s Real=0.01s
[16.571s][info][gc,marking  ] GC(43) Concurrent Scan Root Regions
[16.576s][info][gc,marking  ] GC(43) Concurrent Scan Root Regions 5.169ms
[16.576s][info][gc,marking  ] GC(43) Concurrent Mark
[16.576s][info][gc,marking  ] GC(43) Concurrent Mark From Roots
[16.576s][info][gc,task     ] GC(43) Using 1 workers of 1 for marking
[16.668s][info][gc,marking  ] GC(43) Concurrent Mark From Roots 91.119ms
[16.668s][info][gc,marking  ] GC(43) Concurrent Preclean
[16.668s][info][gc,marking  ] GC(43) Concurrent Preclean 0.068ms
[16.670s][info][gc,start    ] GC(43) Pause Remark
[16.678s][info][gc          ] GC(43) Pause Remark 323M->323M(512M) 7.877ms
[16.678s][info][gc,cpu      ] GC(43) User=0.02s Sys=0.00s Real=0.01s
[16.679s][info][gc,marking  ] GC(43) Concurrent Mark 102.931ms
[16.679s][info][gc,marking  ] GC(43) Concurrent Rebuild Remembered Sets and Scrub Regions
[16.711s][info][gc,marking  ] GC(43) Concurrent Rebuild Remembered Sets and Scrub Regions 31.154ms
[16.711s][info][gc,start    ] GC(43) Pause Cleanup
[16.711s][info][gc          ] GC(43) Pause Cleanup 339M->339M(512M) 0.066ms
[16.711s][info][gc,cpu      ] GC(43) User=0.00s Sys=0.00s Real=0.00s
[16.711s][info][gc,marking  ] GC(43) Concurrent Clear Claimed Marks
[16.711s][info][gc,marking  ] GC(43) Concurrent Clear Claimed Marks 0.082ms
[16.711s][info][gc,marking  ] GC(43) Concurrent Cleanup for Next Mark
[16.715s][info][gc,marking  ] GC(43) Concurrent Cleanup for Next Mark 4.302ms
[16.715s][info][gc          ] GC(43) Concurrent Mark Cycle 144.011ms
[17.027s][info][gc,start    ] GC(44) Pause Young (Prepare Mixed) (G1 Evacuation Pause)
[17.027s][info][gc,task     ] GC(44) Using 2 workers of 2 for evacuation
[17.031s][info][gc,phases   ] GC(44)   Pre Evacuate Collection Set: 0.25ms
[17.031s][info][gc,phases   ] GC(44)   Merge Heap Roots: 0.10ms
[17.031s][info][gc,phases   ] GC(44)   Evacuate Collection Set: 3.21ms
[17.031s][info][gc,phases   ] GC(44)   Post Evacuate Collection Set: 0.48ms
[17.031s][info][gc,phases   ] GC(44)   Other: 0.09ms
[17.031s][info][gc,heap     ] GC(44) Eden regions: 206->0(206)
[17.031s][info][gc,heap     ] GC(44) Survivor regions: 2->3(26)
[17.031s][info][gc,heap     ] GC(44) Old regions: 66->66
[17.031s][info][gc,heap     ] GC(44) Humongous regions: 207->207
[17.031s][info][gc,metaspace] GC(44) Metaspace: 55443K(55744K)->55443K(55744K) NonClass: 49852K(50048K)->49852K(50048K) Class: 5590K(5696K)->5590K(5696K)
[17.031s][info][gc          ] GC(44) Pause Young (Prepare Mixed) (G1 Evacuation Pause) 480M->274M(512M) 4.295ms
[17.031s][info][gc,cpu      ] GC(44) User=0.01s Sys=0.00s Real=0.01s
[17.536s][info][gc,start    ] GC(45) Pause Young (Mixed) (G1 Evacuation Pause)
[17.536s][info][gc,task     ] GC(45) Using 2 workers of 2 for evacuation
[17.541s][info][gc,phases   ] GC(45)   Pre Evacuate Collection Set: 0.28ms
[17.541s][info][gc,phases   ] GC(45)   Merge Heap Roots: 0.08ms
[17.541s][info][gc,phases   ] GC(45)   Evacuate Collection Set: 4.17ms
[17.541s][info][gc,phases   ] GC(45)   Post Evacuate Collection Set: 0.52ms
[17.541s][info][gc,phases   ] GC(45)   Other: 0.08ms
[17.541s][info][gc,heap     ] GC(45) Eden regions: 206->0(208)
[17.541s][info][gc,heap     ] GC(45) Survivor regions: 3->3(27)
[17.541s][info][gc,heap     ] GC(45) Old regions: 66->64
[17.541s][info][gc,heap     ] GC(45) Humongous regions: 207->207
[17.541s][info][gc,metaspace] GC(45) Metaspace: 55443K(55744K)->55443K(55744K) NonClass: 49852K(50048K)->49852K(50048K) Class: 5590K(5696K)->5590K(5696K)
[17.541s][info][gc          ] GC(45) Pause Young (Mixed) (G1 Evacuation Pause) 480M->272M(512M) 5.311ms
[17.541s][info][gc,cpu      ] GC(45) User=0.01s Sys=0.00s Real=0.01s
[18.056s][info][gc,start    ] GC(46) Pause Young (Concurrent Start) (G1 Evacuation Pause)
[18.056s][info][gc,task     ] GC(46) Using 2 workers of 2 for evacuation
[18.062s][info][gc,phases   ] GC(46)   Pre Evacuate Collection Set: 0.27ms
[18.062s][info][gc,phases   ] GC(46)   Merge Heap Roots: 0.10ms
[18.062s][info][gc,phases   ] GC(46)   Evacuate Collection Set: 4.50ms
[18.062s][info][gc,phases   ] GC(46)   Post Evacuate Collection Set: 0.52ms
[18.062s][info][gc,phases   ] GC(46)   Other: 0.14ms
[18.062s][info][gc,heap     ] GC(46) Eden regions: 208->0(206)
[18.062s][info][gc,heap     ] GC(46) Survivor regions: 3->4(27)
[18.062s][info][gc,heap     ] GC(46) Old regions: 64->64
[18.062s][info][gc,heap     ] GC(46) Humongous regions: 207->207
[18.062s][info][gc,metaspace] GC(46) Metaspace: 55443K(55744K)->55443K(55744K) NonClass: 49852K(50048K)->49852K(50048K) Class: 5590K(5696K)->5590K(5696K)
[18.062s][info][gc          ] GC(46) Pause Young (Concurrent Start) (G1 Evacuation Pause) 480M->274M(512M) 5.711ms
[18.062s][info][gc,cpu      ] GC(46) User=0.02s Sys=0.00s Real=0.01s
[18.063s][info][gc          ] GC(47) Concurrent Mark Cycle
[18.063s][info][gc,marking  ] GC(47) Concurrent Scan Root Regions
[18.073s][info][gc,marking  ] GC(47) Concurrent Scan Root Regions 10.212ms
[18.073s][info][gc,marking  ] GC(47) Concurrent Mark
[18.073s][info][gc,marking  ] GC(47) Concurrent Mark From Roots
[18.073s][info][gc,task     ] GC(47) Using 1 workers of 1 for marking
[18.134s][info][gc,marking  ] GC(47) Concurrent Mark From Roots 60.885ms
[18.134s][info][gc,marking  ] GC(47) Concurrent Preclean
[18.134s][info][gc,marking  ] GC(47) Concurrent Preclean 0.060ms
[18.135s][info][gc,start    ] GC(47) Pause Remark
[18.142s][info][gc          ] GC(47) Pause Remark 298M->298M(512M) 7.596ms
[18.142s][info][gc,cpu      ] GC(47) User=0.02s Sys=0.00s Real=0.01s
[18.143s][info][gc,marking  ] GC(47) Concurrent Mark 70.427ms
[18.143s][info][gc,marking  ] GC(47) Concurrent Rebuild Remembered Sets and Scrub Regions
[18.161s][info][gc,marking  ] GC(47) Concurrent Rebuild Remembered Sets and Scrub Regions 17.589ms
[18.164s][info][gc,start    ] GC(47) Pause Cleanup
[18.164s][info][gc          ] GC(47) Pause Cleanup 307M->307M(512M) 0.083ms
[18.164s][info][gc,cpu      ] GC(47) User=0.01s Sys=0.00s Real=0.00s
[18.165s][info][gc,marking  ] GC(47) Concurrent Clear Claimed Marks
[18.165s][info][gc,marking  ] GC(47) Concurrent Clear Claimed Marks 0.216ms
[18.165s][info][gc,marking  ] GC(47) Concurrent Cleanup for Next Mark
[18.167s][info][gc,marking  ] GC(47) Concurrent Cleanup for Next Mark 1.799ms
[18.167s][info][gc          ] GC(47) Concurrent Mark Cycle 103.852ms
[18.670s][info][gc,start    ] GC(48) Pause Young (Prepare Mixed) (G1 Evacuation Pause)
[18.671s][info][gc,task     ] GC(48) Using 2 workers of 2 for evacuation
[18.677s][info][gc,phases   ] GC(48)   Pre Evacuate Collection Set: 0.27ms
[18.677s][info][gc,phases   ] GC(48)   Merge Heap Roots: 0.08ms
[18.677s][info][gc,phases   ] GC(48)   Evacuate Collection Set: 4.97ms
[18.677s][info][gc,phases   ] GC(48)   Post Evacuate Collection Set: 0.55ms
[18.677s][info][gc,phases   ] GC(48)   Other: 0.10ms
[18.677s][info][gc,heap     ] GC(48) Eden regions: 206->0(208)
[18.677s][info][gc,heap     ] GC(48) Survivor regions: 4->3(27)
[18.677s][info][gc,heap     ] GC(48) Old regions: 64->64
[18.677s][info][gc,heap     ] GC(48) Humongous regions: 207->207
[18.677s][info][gc,metaspace] GC(48) Metaspace: 55460K(55744K)->55460K(55744K) NonClass: 49866K(50048K)->49866K(50048K) Class: 5593K(5696K)->5593K(5696K)
[18.677s][info][gc          ] GC(48) Pause Young (Prepare Mixed) (G1 Evacuation Pause) 480M->273M(512M) 6.167ms
[18.677s][info][gc,cpu      ] GC(48) User=0.01s Sys=0.00s Real=0.00s
[19.165s][info][gc,start    ] GC(49) Pause Young (Mixed) (G1 Evacuation Pause)
[19.165s][info][gc,task     ] GC(49) Using 2 workers of 2 for evacuation
[19.172s][info][gc,phases   ] GC(49)   Pre Evacuate Collection Set: 0.27ms
[19.172s][info][gc,phases   ] GC(49)   Merge Heap Roots: 0.10ms
[19.172s][info][gc,phases   ] GC(49)   Evacuate Collection Set: 6.18ms
[19.172s][info][gc,phases   ] GC(49)   Post Evacuate Collection Set: 0.54ms
[19.172s][info][gc,phases   ] GC(49)   Other: 0.09ms
[19.172s][info][gc,heap     ] GC(49) Eden regions: 208->0(207)
[19.172s][info][gc,heap     ] GC(49) Survivor regions: 3->4(27)
[19.172s][info][gc,heap     ] GC(49) Old regions: 64->63
[19.172s][info][gc,heap     ] GC(49) Humongous regions: 207->207
[19.172s][info][gc,metaspace] GC(49) Metaspace: 55460K(55744K)->55460K(55744K) NonClass: 49866K(50048K)->49866K(50048K) Class: 5593K(5696K)->5593K(5696K)
[19.172s][info][gc          ] GC(49) Pause Young (Mixed) (G1 Evacuation Pause) 481M->272M(512M) 7.356ms
[19.172s][info][gc,cpu      ] GC(49) User=0.01s Sys=0.00s Real=0.01s
[19.724s][info][gc,start    ] GC(50) Pause Young (Concurrent Start) (G1 Evacuation Pause)
[19.724s][info][gc,task     ] GC(50) Using 2 workers of 2 for evacuation
[19.729s][info][gc,phases   ] GC(50)   Pre Evacuate Collection Set: 0.29ms
[19.729s][info][gc,phases   ] GC(50)   Merge Heap Roots: 0.10ms
[19.729s][info][gc,phases   ] GC(50)   Evacuate Collection Set: 3.76ms
[19.729s][info][gc,phases   ] GC(50)   Post Evacuate Collection Set: 0.53ms
[19.729s][info][gc,phases   ] GC(50)   Other: 0.10ms
[19.729s][info][gc,heap     ] GC(50) Eden regions: 207->0(211)
[19.729s][info][gc,heap     ] GC(50) Survivor regions: 4->2(27)
[19.729s][info][gc,heap     ] GC(50) Old regions: 63->63
[19.729s][info][gc,heap     ] GC(50) Humongous regions: 207->207
[19.729s][info][gc,metaspace] GC(50) Metaspace: 55463K(55744K)->55463K(55744K) NonClass: 49869K(50048K)->49869K(50048K) Class: 5593K(5696K)->5593K(5696K)
[19.729s][info][gc          ] GC(50) Pause Young (Concurrent Start) (G1 Evacuation Pause) 479M->271M(512M) 4.959ms
[19.729s][info][gc,cpu      ] GC(50) User=0.01s Sys=0.00s Real=0.00s
[19.732s][info][gc          ] GC(51) Concurrent Mark Cycle
[19.732s][info][gc,marking  ] GC(51) Concurrent Scan Root Regions
[19.739s][info][gc,marking  ] GC(51) Concurrent Scan Root Regions 7.119ms
[19.739s][info][gc,marking  ] GC(51) Concurrent Mark
[19.739s][info][gc,marking  ] GC(51) Concurrent Mark From Roots
[19.739s][info][gc,task     ] GC(51) Using 1 workers of 1 for marking
[19.811s][info][gc,marking  ] GC(51) Concurrent Mark From Roots 71.462ms
[19.811s][info][gc,marking  ] GC(51) Concurrent Preclean
[19.811s][info][gc,marking  ] GC(51) Concurrent Preclean 0.075ms
[19.812s][info][gc,start    ] GC(51) Pause Remark
[19.832s][info][gc          ] GC(51) Pause Remark 300M->300M(512M) 20.300ms
[19.832s][info][gc,cpu      ] GC(51) User=0.02s Sys=0.00s Real=0.02s
[19.847s][info][gc,marking  ] GC(51) Concurrent Mark 107.912ms
[19.847s][info][gc,marking  ] GC(51) Concurrent Rebuild Remembered Sets and Scrub Regions
[19.869s][info][gc,marking  ] GC(51) Concurrent Rebuild Remembered Sets and Scrub Regions 21.930ms
[19.869s][info][gc,start    ] GC(51) Pause Cleanup
[19.869s][info][gc          ] GC(51) Pause Cleanup 301M->301M(512M) 0.063ms
[19.869s][info][gc,cpu      ] GC(51) User=0.00s Sys=0.00s Real=0.00s
[19.869s][info][gc,marking  ] GC(51) Concurrent Clear Claimed Marks
[19.869s][info][gc,marking  ] GC(51) Concurrent Clear Claimed Marks 0.086ms
[19.869s][info][gc,marking  ] GC(51) Concurrent Cleanup for Next Mark
[19.871s][info][gc,marking  ] GC(51) Concurrent Cleanup for Next Mark 1.842ms
[19.871s][info][gc          ] GC(51) Concurrent Mark Cycle 139.218ms
[20.233s][info][gc,start    ] GC(52) Pause Young (Prepare Mixed) (G1 Evacuation Pause)
[20.233s][info][gc,task     ] GC(52) Using 2 workers of 2 for evacuation
[20.239s][info][gc,phases   ] GC(52)   Pre Evacuate Collection Set: 0.32ms
[20.239s][info][gc,phases   ] GC(52)   Merge Heap Roots: 0.12ms
[20.239s][info][gc,phases   ] GC(52)   Evacuate Collection Set: 4.89ms
[20.239s][info][gc,phases   ] GC(52)   Post Evacuate Collection Set: 0.54ms
[20.239s][info][gc,phases   ] GC(52)   Other: 0.08ms
[20.239s][info][gc,heap     ] GC(52) Eden regions: 211->0(209)
[20.239s][info][gc,heap     ] GC(52) Survivor regions: 2->3(27)
[20.239s][info][gc,heap     ] GC(52) Old regions: 63->63
[20.239s][info][gc,heap     ] GC(52) Humongous regions: 207->207
[20.239s][info][gc,metaspace] GC(52) Metaspace: 55463K(55744K)->55463K(55744K) NonClass: 49869K(50048K)->49869K(50048K) Class: 5593K(5696K)->5593K(5696K)
[20.239s][info][gc          ] GC(52) Pause Young (Prepare Mixed) (G1 Evacuation Pause) 482M->272M(512M) 6.124ms
[20.239s][info][gc,cpu      ] GC(52) User=0.01s Sys=0.00s Real=0.00s
[20.800s][info][gc,start    ] GC(53) Pause Young (Mixed) (G1 Evacuation Pause)
[20.800s][info][gc,task     ] GC(53) Using 2 workers of 2 for evacuation
[20.806s][info][gc,phases   ] GC(53)   Pre Evacuate Collection Set: 0.28ms
[20.806s][info][gc,phases   ] GC(53)   Merge Heap Roots: 0.10ms
[20.806s][info][gc,phases   ] GC(53)   Evacuate Collection Set: 5.09ms
[20.806s][info][gc,phases   ] GC(53)   Post Evacuate Collection Set: 0.52ms
[20.806s][info][gc,phases   ] GC(53)   Other: 0.09ms
[20.806s][info][gc,heap     ] GC(53) Eden regions: 209->0(210)
[20.806s][info][gc,heap     ] GC(53) Survivor regions: 3->3(27)
[20.806s][info][gc,heap     ] GC(53) Old regions: 63->62
[20.806s][info][gc,heap     ] GC(53) Humongous regions: 207->207
[20.806s][info][gc,metaspace] GC(53) Metaspace: 55473K(55808K)->55473K(55808K) NonClass: 49879K(50112K)->49879K(50112K) Class: 5593K(5696K)->5593K(5696K)
[20.806s][info][gc          ] GC(53) Pause Young (Mixed) (G1 Evacuation Pause) 481M->271M(512M) 6.264ms
[20.806s][info][gc,cpu      ] GC(53) User=0.01s Sys=0.00s Real=0.01s
[21.243s][info][gc,start    ] GC(54) Pause Young (Concurrent Start) (G1 Evacuation Pause)
[21.243s][info][gc,task     ] GC(54) Using 2 workers of 2 for evacuation
[21.250s][info][gc,phases   ] GC(54)   Pre Evacuate Collection Set: 0.32ms
[21.250s][info][gc,phases   ] GC(54)   Merge Heap Roots: 0.12ms
[21.250s][info][gc,phases   ] GC(54)   Evacuate Collection Set: 6.16ms
[21.250s][info][gc,phases   ] GC(54)   Post Evacuate Collection Set: 0.63ms
[21.250s][info][gc,phases   ] GC(54)   Other: 0.13ms
[21.250s][info][gc,heap     ] GC(54) Eden regions: 210->0(206)
[21.250s][info][gc,heap     ] GC(54) Survivor regions: 3->5(27)
[21.250s][info][gc,heap     ] GC(54) Old regions: 62->62
[21.250s][info][gc,heap     ] GC(54) Humongous regions: 207->207
[21.250s][info][gc,metaspace] GC(54) Metaspace: 55473K(55808K)->55473K(55808K) NonClass: 49879K(50112K)->49879K(50112K) Class: 5593K(5696K)->5593K(5696K)
[21.250s][info][gc          ] GC(54) Pause Young (Concurrent Start) (G1 Evacuation Pause) 481M->273M(512M) 7.534ms
[21.250s][info][gc,cpu      ] GC(54) User=0.02s Sys=0.00s Real=0.01s
[21.252s][info][gc          ] GC(55) Concurrent Mark Cycle
[21.252s][info][gc,marking  ] GC(55) Concurrent Scan Root Regions
[21.262s][info][gc,marking  ] GC(55) Concurrent Scan Root Regions 10.172ms
[21.262s][info][gc,marking  ] GC(55) Concurrent Mark
[21.262s][info][gc,marking  ] GC(55) Concurrent Mark From Roots
[21.262s][info][gc,task     ] GC(55) Using 1 workers of 1 for marking
[21.303s][info][gc,marking  ] GC(55) Concurrent Mark From Roots 40.997ms
[21.303s][info][gc,marking  ] GC(55) Concurrent Preclean
[21.303s][info][gc,marking  ] GC(55) Concurrent Preclean 0.061ms
[21.303s][info][gc,start    ] GC(55) Pause Remark
[21.311s][info][gc          ] GC(55) Pause Remark 291M->291M(512M) 7.378ms
[21.311s][info][gc,cpu      ] GC(55) User=0.02s Sys=0.00s Real=0.01s
[21.311s][info][gc,marking  ] GC(55) Concurrent Mark 48.845ms
[21.311s][info][gc,marking  ] GC(55) Concurrent Rebuild Remembered Sets and Scrub Regions
[21.329s][info][gc,marking  ] GC(55) Concurrent Rebuild Remembered Sets and Scrub Regions 18.446ms
[21.330s][info][gc,start    ] GC(55) Pause Cleanup
[21.330s][info][gc          ] GC(55) Pause Cleanup 298M->298M(512M) 0.057ms
[21.330s][info][gc,cpu      ] GC(55) User=0.00s Sys=0.00s Real=0.00s
[21.330s][info][gc,marking  ] GC(55) Concurrent Clear Claimed Marks
[21.330s][info][gc,marking  ] GC(55) Concurrent Clear Claimed Marks 0.092ms
[21.330s][info][gc,marking  ] GC(55) Concurrent Cleanup for Next Mark
[21.332s][info][gc,marking  ] GC(55) Concurrent Cleanup for Next Mark 1.505ms
[21.332s][info][gc          ] GC(55) Concurrent Mark Cycle 79.678ms
[21.747s][info][gc,start    ] GC(56) Pause Young (Prepare Mixed) (G1 Evacuation Pause)
[21.747s][info][gc,task     ] GC(56) Using 2 workers of 2 for evacuation
[21.754s][info][gc,phases   ] GC(56)   Pre Evacuate Collection Set: 0.27ms
[21.754s][info][gc,phases   ] GC(56)   Merge Heap Roots: 0.12ms
[21.754s][info][gc,phases   ] GC(56)   Evacuate Collection Set: 5.78ms
[21.754s][info][gc,phases   ] GC(56)   Post Evacuate Collection Set: 0.56ms
[21.754s][info][gc,phases   ] GC(56)   Other: 0.11ms
[21.754s][info][gc,heap     ] GC(56) Eden regions: 206->0(208)
[21.754s][info][gc,heap     ] GC(56) Survivor regions: 5->4(27)
[21.754s][info][gc,heap     ] GC(56) Old regions: 62->62
[21.754s][info][gc,heap     ] GC(56) Humongous regions: 207->207
[21.754s][info][gc,metaspace] GC(56) Metaspace: 55473K(55808K)->55473K(55808K) NonClass: 49879K(50112K)->49879K(50112K) Class: 5593K(5696K)->5593K(5696K)
[21.754s][info][gc          ] GC(56) Pause Young (Prepare Mixed) (G1 Evacuation Pause) 479M->272M(512M) 7.026ms
[21.754s][info][gc,cpu      ] GC(56) User=0.02s Sys=0.00s Real=0.01s
[22.256s][info][gc,start    ] GC(57) Pause Young (Mixed) (G1 Evacuation Pause)
[22.256s][info][gc,task     ] GC(57) Using 2 workers of 2 for evacuation
[22.264s][info][gc,phases   ] GC(57)   Pre Evacuate Collection Set: 0.29ms
[22.264s][info][gc,phases   ] GC(57)   Merge Heap Roots: 0.10ms
[22.264s][info][gc,phases   ] GC(57)   Evacuate Collection Set: 6.39ms
[22.264s][info][gc,phases   ] GC(57)   Post Evacuate Collection Set: 0.56ms
[22.264s][info][gc,phases   ] GC(57)   Other: 0.10ms
[22.264s][info][gc,heap     ] GC(57) Eden regions: 208->0(209)
[22.264s][info][gc,heap     ] GC(57) Survivor regions: 4->4(27)
[22.264s][info][gc,heap     ] GC(57) Old regions: 62->61
[22.264s][info][gc,heap     ] GC(57) Humongous regions: 207->207
[22.264s][info][gc,metaspace] GC(57) Metaspace: 55473K(55808K)->55473K(55808K) NonClass: 49879K(50112K)->49879K(50112K) Class: 5593K(5696K)->5593K(5696K)
[22.264s][info][gc          ] GC(57) Pause Young (Mixed) (G1 Evacuation Pause) 480M->271M(512M) 7.631ms
[22.264s][info][gc,cpu      ] GC(57) User=0.02s Sys=0.00s Real=0.01s
[22.768s][info][gc,start    ] GC(58) Pause Young (Concurrent Start) (G1 Evacuation Pause)
[22.768s][info][gc,task     ] GC(58) Using 2 workers of 2 for evacuation
[22.773s][info][gc,phases   ] GC(58)   Pre Evacuate Collection Set: 0.30ms
[22.773s][info][gc,phases   ] GC(58)   Merge Heap Roots: 0.11ms
[22.773s][info][gc,phases   ] GC(58)   Evacuate Collection Set: 4.18ms
[22.773s][info][gc,phases   ] GC(58)   Post Evacuate Collection Set: 0.53ms
[22.773s][info][gc,phases   ] GC(58)   Other: 0.12ms
[22.773s][info][gc,heap     ] GC(58) Eden regions: 209->0(212)
[22.773s][info][gc,heap     ] GC(58) Survivor regions: 4->2(27)
[22.773s][info][gc,heap     ] GC(58) Old regions: 61->62
[22.773s][info][gc,heap     ] GC(58) Humongous regions: 207->207
[22.773s][info][gc,metaspace] GC(58) Metaspace: 55473K(55808K)->55473K(55808K) NonClass: 49879K(50112K)->49879K(50112K) Class: 5593K(5696K)->5593K(5696K)
[22.773s][info][gc          ] GC(58) Pause Young (Concurrent Start) (G1 Evacuation Pause) 480M->270M(512M) 5.443ms
[22.773s][info][gc          ] GC(59) Concurrent Mark Cycle
[22.773s][info][gc,marking  ] GC(59) Concurrent Scan Root Regions
[22.775s][info][gc,cpu      ] GC(58) User=0.01s Sys=0.00s Real=0.01s
[22.778s][info][gc,marking  ] GC(59) Concurrent Scan Root Regions 4.456ms
[22.778s][info][gc,marking  ] GC(59) Concurrent Mark
[22.778s][info][gc,marking  ] GC(59) Concurrent Mark From Roots
[22.778s][info][gc,task     ] GC(59) Using 1 workers of 1 for marking
[22.818s][info][gc,marking  ] GC(59) Concurrent Mark From Roots 39.844ms
[22.818s][info][gc,marking  ] GC(59) Concurrent Preclean
[22.818s][info][gc,marking  ] GC(59) Concurrent Preclean 0.074ms
[22.818s][info][gc,start    ] GC(59) Pause Remark
[22.825s][info][gc          ] GC(59) Pause Remark 275M->275M(512M) 7.267ms
[22.825s][info][gc,cpu      ] GC(59) User=0.01s Sys=0.01s Real=0.01s
[22.825s][info][gc,marking  ] GC(59) Concurrent Mark 47.388ms
[22.825s][info][gc,marking  ] GC(59) Concurrent Rebuild Remembered Sets and Scrub Regions
[22.849s][info][gc,marking  ] GC(59) Concurrent Rebuild Remembered Sets and Scrub Regions 24.070ms
[22.850s][info][gc,start    ] GC(59) Pause Cleanup
[22.850s][info][gc          ] GC(59) Pause Cleanup 290M->290M(512M) 0.070ms
[22.850s][info][gc,cpu      ] GC(59) User=0.00s Sys=0.00s Real=0.00s
[22.850s][info][gc,marking  ] GC(59) Concurrent Clear Claimed Marks
[22.851s][info][gc,marking  ] GC(59) Concurrent Clear Claimed Marks 0.100ms
[22.851s][info][gc,marking  ] GC(59) Concurrent Cleanup for Next Mark
[22.852s][info][gc,marking  ] GC(59) Concurrent Cleanup for Next Mark 1.730ms
[22.852s][info][gc          ] GC(59) Concurrent Mark Cycle 79.040ms
[23.326s][info][gc,start    ] GC(60) Pause Young (Prepare Mixed) (G1 Evacuation Pause)
[23.326s][info][gc,task     ] GC(60) Using 2 workers of 2 for evacuation
[23.330s][info][gc,phases   ] GC(60)   Pre Evacuate Collection Set: 0.25ms
[23.330s][info][gc,phases   ] GC(60)   Merge Heap Roots: 0.11ms
[23.330s][info][gc,phases   ] GC(60)   Evacuate Collection Set: 3.33ms
[23.330s][info][gc,phases   ] GC(60)   Post Evacuate Collection Set: 0.53ms
[23.330s][info][gc,phases   ] GC(60)   Other: 0.07ms
[23.330s][info][gc,heap     ] GC(60) Eden regions: 212->0(212)
[23.330s][info][gc,heap     ] GC(60) Survivor regions: 2->2(27)
[23.330s][info][gc,heap     ] GC(60) Old regions: 62->62
[23.330s][info][gc,heap     ] GC(60) Humongous regions: 207->207
[23.330s][info][gc,metaspace] GC(60) Metaspace: 55473K(55808K)->55473K(55808K) NonClass: 49880K(50112K)->49880K(50112K) Class: 5593K(5696K)->5593K(5696K)
[23.330s][info][gc          ] GC(60) Pause Young (Prepare Mixed) (G1 Evacuation Pause) 482M->269M(512M) 4.462ms
[23.330s][info][gc,cpu      ] GC(60) User=0.01s Sys=0.00s Real=0.00s
[23.832s][info][gc,start    ] GC(61) Pause Young (Mixed) (G1 Evacuation Pause)
[23.832s][info][gc,task     ] GC(61) Using 2 workers of 2 for evacuation
[23.838s][info][gc,phases   ] GC(61)   Pre Evacuate Collection Set: 0.27ms
[23.839s][info][gc,phases   ] GC(61)   Merge Heap Roots: 0.10ms
[23.839s][info][gc,phases   ] GC(61)   Evacuate Collection Set: 5.28ms
[23.839s][info][gc,phases   ] GC(61)   Post Evacuate Collection Set: 0.51ms
[23.839s][info][gc,phases   ] GC(61)   Other: 0.09ms
[23.839s][info][gc,heap     ] GC(61) Eden regions: 212->0(211)
[23.839s][info][gc,heap     ] GC(61) Survivor regions: 2->3(27)
[23.839s][info][gc,heap     ] GC(61) Old regions: 62->61
[23.839s][info][gc,heap     ] GC(61) Humongous regions: 207->207
[23.839s][info][gc,metaspace] GC(61) Metaspace: 55475K(55808K)->55475K(55808K) NonClass: 49881K(50112K)->49881K(50112K) Class: 5593K(5696K)->5593K(5696K)
[23.839s][info][gc          ] GC(61) Pause Young (Mixed) (G1 Evacuation Pause) 481M->270M(512M) 6.415ms
[23.839s][info][gc,cpu      ] GC(61) User=0.01s Sys=0.00s Real=0.00s
[24.394s][info][gc,start    ] GC(62) Pause Young (Concurrent Start) (G1 Evacuation Pause)
[24.394s][info][gc,task     ] GC(62) Using 2 workers of 2 for evacuation
[24.400s][info][gc,phases   ] GC(62)   Pre Evacuate Collection Set: 0.26ms
[24.400s][info][gc,phases   ] GC(62)   Merge Heap Roots: 0.09ms
[24.400s][info][gc,phases   ] GC(62)   Evacuate Collection Set: 4.91ms
[24.400s][info][gc,phases   ] GC(62)   Post Evacuate Collection Set: 0.52ms
[24.400s][info][gc,phases   ] GC(62)   Other: 0.12ms
[24.400s][info][gc,heap     ] GC(62) Eden regions: 211->0(211)
[24.400s][info][gc,heap     ] GC(62) Survivor regions: 3->3(27)
[24.400s][info][gc,heap     ] GC(62) Old regions: 61->61
[24.400s][info][gc,heap     ] GC(62) Humongous regions: 207->207
[24.400s][info][gc,metaspace] GC(62) Metaspace: 55476K(55808K)->55476K(55808K) NonClass: 49883K(50112K)->49883K(50112K) Class: 5593K(5696K)->5593K(5696K)
[24.400s][info][gc          ] GC(62) Pause Young (Concurrent Start) (G1 Evacuation Pause) 480M->270M(512M) 6.066ms
[24.400s][info][gc,cpu      ] GC(62) User=0.01s Sys=0.00s Real=0.00s
[24.400s][info][gc          ] GC(63) Concurrent Mark Cycle
[24.402s][info][gc,marking  ] GC(63) Concurrent Scan Root Regions
[24.409s][info][gc,marking  ] GC(63) Concurrent Scan Root Regions 7.277ms
[24.409s][info][gc,marking  ] GC(63) Concurrent Mark
[24.409s][info][gc,marking  ] GC(63) Concurrent Mark From Roots
[24.409s][info][gc,task     ] GC(63) Using 1 workers of 1 for marking
[24.480s][info][gc,marking  ] GC(63) Concurrent Mark From Roots 70.739ms
[24.480s][info][gc,marking  ] GC(63) Concurrent Preclean
[24.480s][info][gc,marking  ] GC(63) Concurrent Preclean 0.067ms
[24.480s][info][gc,start    ] GC(63) Pause Remark
[24.488s][info][gc          ] GC(63) Pause Remark 313M->313M(512M) 7.379ms
[24.488s][info][gc,cpu      ] GC(63) User=0.02s Sys=0.00s Real=0.01s
[24.489s][info][gc,marking  ] GC(63) Concurrent Mark 79.980ms
[24.489s][info][gc,marking  ] GC(63) Concurrent Rebuild Remembered Sets and Scrub Regions
[24.508s][info][gc,marking  ] GC(63) Concurrent Rebuild Remembered Sets and Scrub Regions 18.797ms
[24.508s][info][gc,start    ] GC(63) Pause Cleanup
[24.508s][info][gc          ] GC(63) Pause Cleanup 320M->320M(512M) 0.076ms
[24.508s][info][gc,cpu      ] GC(63) User=0.00s Sys=0.00s Real=0.00s
[24.508s][info][gc,marking  ] GC(63) Concurrent Clear Claimed Marks
[24.508s][info][gc,marking  ] GC(63) Concurrent Clear Claimed Marks 0.091ms
[24.508s][info][gc,marking  ] GC(63) Concurrent Cleanup for Next Mark
[24.511s][info][gc,marking  ] GC(63) Concurrent Cleanup for Next Mark 2.622ms
[24.511s][info][gc          ] GC(63) Concurrent Mark Cycle 110.861ms
[24.850s][info][gc,start    ] GC(64) Pause Young (Prepare Mixed) (G1 Evacuation Pause)
[24.850s][info][gc,task     ] GC(64) Using 2 workers of 2 for evacuation
[24.857s][info][gc,phases   ] GC(64)   Pre Evacuate Collection Set: 0.26ms
[24.857s][info][gc,phases   ] GC(64)   Merge Heap Roots: 0.12ms
[24.857s][info][gc,phases   ] GC(64)   Evacuate Collection Set: 5.65ms
[24.857s][info][gc,phases   ] GC(64)   Post Evacuate Collection Set: 0.50ms
[24.857s][info][gc,phases   ] GC(64)   Other: 0.09ms
[24.857s][info][gc,heap     ] GC(64) Eden regions: 211->0(209)
[24.857s][info][gc,heap     ] GC(64) Survivor regions: 3->4(27)
[24.857s][info][gc,heap     ] GC(64) Old regions: 61->61
[24.857s][info][gc,heap     ] GC(64) Humongous regions: 207->207
[24.857s][info][gc,metaspace] GC(64) Metaspace: 55476K(55808K)->55476K(55808K) NonClass: 49883K(50112K)->49883K(50112K) Class: 5593K(5696K)->5593K(5696K)
[24.857s][info][gc          ] GC(64) Pause Young (Prepare Mixed) (G1 Evacuation Pause) 481M->271M(512M) 6.791ms
[24.857s][info][gc,cpu      ] GC(64) User=0.02s Sys=0.00s Real=0.01s
[25.472s][info][gc,start    ] GC(65) Pause Young (Mixed) (G1 Evacuation Pause)
[25.472s][info][gc,task     ] GC(65) Using 2 workers of 2 for evacuation
[25.477s][info][gc,phases   ] GC(65)   Pre Evacuate Collection Set: 0.28ms
[25.477s][info][gc,phases   ] GC(65)   Merge Heap Roots: 0.11ms
[25.477s][info][gc,phases   ] GC(65)   Evacuate Collection Set: 3.76ms
[25.477s][info][gc,phases   ] GC(65)   Post Evacuate Collection Set: 0.52ms
[25.477s][info][gc,phases   ] GC(65)   Other: 0.09ms
[25.477s][info][gc,heap     ] GC(65) Eden regions: 209->0(213)
[25.477s][info][gc,heap     ] GC(65) Survivor regions: 4->2(27)
[25.477s][info][gc,heap     ] GC(65) Old regions: 61->61
[25.477s][info][gc,heap     ] GC(65) Humongous regions: 207->207
[25.477s][info][gc,metaspace] GC(65) Metaspace: 55476K(55808K)->55476K(55808K) NonClass: 49883K(50112K)->49883K(50112K) Class: 5593K(5696K)->5593K(5696K)
[25.477s][info][gc          ] GC(65) Pause Young (Mixed) (G1 Evacuation Pause) 480M->268M(512M) 4.924ms
[25.477s][info][gc,cpu      ] GC(65) User=0.00s Sys=0.00s Real=0.00s
[25.926s][info][gc,start    ] GC(66) Pause Young (Concurrent Start) (G1 Evacuation Pause)
[25.926s][info][gc,task     ] GC(66) Using 2 workers of 2 for evacuation
[25.930s][info][gc,phases   ] GC(66)   Pre Evacuate Collection Set: 0.27ms
[25.930s][info][gc,phases   ] GC(66)   Merge Heap Roots: 0.09ms
[25.930s][info][gc,phases   ] GC(66)   Evacuate Collection Set: 3.63ms
[25.930s][info][gc,phases   ] GC(66)   Post Evacuate Collection Set: 0.52ms
[25.930s][info][gc,phases   ] GC(66)   Other: 0.11ms
[25.930s][info][gc,heap     ] GC(66) Eden regions: 213->0(213)
[25.930s][info][gc,heap     ] GC(66) Survivor regions: 2->2(27)
[25.930s][info][gc,heap     ] GC(66) Old regions: 61->61
[25.930s][info][gc,heap     ] GC(66) Humongous regions: 207->207
[25.930s][info][gc,metaspace] GC(66) Metaspace: 55476K(55808K)->55476K(55808K) NonClass: 49883K(50112K)->49883K(50112K) Class: 5593K(5696K)->5593K(5696K)
[25.930s][info][gc          ] GC(66) Pause Young (Concurrent Start) (G1 Evacuation Pause) 481M->268M(512M) 4.788ms
[25.930s][info][gc,cpu      ] GC(66) User=0.01s Sys=0.00s Real=0.01s
[25.930s][info][gc          ] GC(67) Concurrent Mark Cycle
[25.931s][info][gc,marking  ] GC(67) Concurrent Scan Root Regions
[25.937s][info][gc,marking  ] GC(67) Concurrent Scan Root Regions 5.647ms
[25.937s][info][gc,marking  ] GC(67) Concurrent Mark
[25.937s][info][gc,marking  ] GC(67) Concurrent Mark From Roots
[25.937s][info][gc,task     ] GC(67) Using 1 workers of 1 for marking
[25.989s][info][gc,marking  ] GC(67) Concurrent Mark From Roots 52.443ms
[25.989s][info][gc,marking  ] GC(67) Concurrent Preclean
[25.989s][info][gc,marking  ] GC(67) Concurrent Preclean 0.063ms
[25.990s][info][gc,start    ] GC(67) Pause Remark
[25.997s][info][gc          ] GC(67) Pause Remark 302M->302M(512M) 7.388ms
[25.997s][info][gc,cpu      ] GC(67) User=0.01s Sys=0.00s Real=0.01s
[25.998s][info][gc,marking  ] GC(67) Concurrent Mark 60.855ms
[25.998s][info][gc,marking  ] GC(67) Concurrent Rebuild Remembered Sets and Scrub Regions
[26.014s][info][gc,marking  ] GC(67) Concurrent Rebuild Remembered Sets and Scrub Regions 15.914ms
[26.014s][info][gc,start    ] GC(67) Pause Cleanup
[26.014s][info][gc          ] GC(67) Pause Cleanup 305M->305M(512M) 0.053ms
[26.014s][info][gc,cpu      ] GC(67) User=0.00s Sys=0.00s Real=0.00s
[26.014s][info][gc,marking  ] GC(67) Concurrent Clear Claimed Marks
[26.014s][info][gc,marking  ] GC(67) Concurrent Clear Claimed Marks 0.080ms
[26.014s][info][gc,marking  ] GC(67) Concurrent Cleanup for Next Mark
[26.015s][info][gc,marking  ] GC(67) Concurrent Cleanup for Next Mark 1.454ms
[26.015s][info][gc          ] GC(67) Concurrent Mark Cycle 84.950ms
[26.433s][info][gc,start    ] GC(68) Pause Young (Prepare Mixed) (G1 Evacuation Pause)
[26.433s][info][gc,task     ] GC(68) Using 2 workers of 2 for evacuation
[26.438s][info][gc,phases   ] GC(68)   Pre Evacuate Collection Set: 0.26ms
[26.438s][info][gc,phases   ] GC(68)   Merge Heap Roots: 0.10ms
[26.438s][info][gc,phases   ] GC(68)   Evacuate Collection Set: 4.28ms
[26.438s][info][gc,phases   ] GC(68)   Post Evacuate Collection Set: 0.51ms
[26.438s][info][gc,phases   ] GC(68)   Other: 0.08ms
[26.438s][info][gc,heap     ] GC(68) Eden regions: 213->0(211)
[26.438s][info][gc,heap     ] GC(68) Survivor regions: 2->3(27)
[26.438s][info][gc,heap     ] GC(68) Old regions: 61->61
[26.438s][info][gc,heap     ] GC(68) Humongous regions: 207->207
[26.438s][info][gc,metaspace] GC(68) Metaspace: 55476K(55808K)->55476K(55808K) NonClass: 49883K(50112K)->49883K(50112K) Class: 5593K(5696K)->5593K(5696K)
[26.438s][info][gc          ] GC(68) Pause Young (Prepare Mixed) (G1 Evacuation Pause) 481M->269M(512M) 5.402ms
[26.438s][info][gc,cpu      ] GC(68) User=0.01s Sys=0.00s Real=0.00s
[26.941s][info][gc,start    ] GC(69) Pause Young (Mixed) (G1 Evacuation Pause)
[26.941s][info][gc,task     ] GC(69) Using 2 workers of 2 for evacuation
[26.948s][info][gc,phases   ] GC(69)   Pre Evacuate Collection Set: 0.27ms
[26.948s][info][gc,phases   ] GC(69)   Merge Heap Roots: 0.10ms
[26.948s][info][gc,phases   ] GC(69)   Evacuate Collection Set: 5.97ms
[26.948s][info][gc,phases   ] GC(69)   Post Evacuate Collection Set: 0.52ms
[26.948s][info][gc,phases   ] GC(69)   Other: 0.07ms
[26.948s][info][gc,heap     ] GC(69) Eden regions: 211->0(210)
[26.948s][info][gc,heap     ] GC(69) Survivor regions: 3->4(27)
[26.948s][info][gc,heap     ] GC(69) Old regions: 61->60
[26.948s][info][gc,heap     ] GC(69) Humongous regions: 207->207
[26.948s][info][gc,metaspace] GC(69) Metaspace: 55476K(55808K)->55476K(55808K) NonClass: 49883K(50112K)->49883K(50112K) Class: 5593K(5696K)->5593K(5696K)
[26.948s][info][gc          ] GC(69) Pause Young (Mixed) (G1 Evacuation Pause) 480M->269M(512M) 7.112ms
[26.948s][info][gc,cpu      ] GC(69) User=0.02s Sys=0.00s Real=0.00s
[27.451s][info][gc,start    ] GC(70) Pause Young (Concurrent Start) (G1 Evacuation Pause)
[27.451s][info][gc,task     ] GC(70) Using 2 workers of 2 for evacuation
[27.457s][info][gc,phases   ] GC(70)   Pre Evacuate Collection Set: 0.26ms
[27.457s][info][gc,phases   ] GC(70)   Merge Heap Roots: 0.10ms
[27.457s][info][gc,phases   ] GC(70)   Evacuate Collection Set: 5.08ms
[27.457s][info][gc,phases   ] GC(70)   Post Evacuate Collection Set: 0.52ms
[27.457s][info][gc,phases   ] GC(70)   Other: 0.13ms
[27.457s][info][gc,heap     ] GC(70) Eden regions: 210->0(212)
[27.457s][info][gc,heap     ] GC(70) Survivor regions: 4->3(27)
[27.457s][info][gc,heap     ] GC(70) Old regions: 60->60
[27.457s][info][gc,heap     ] GC(70) Humongous regions: 207->207
[27.457s][info][gc,metaspace] GC(70) Metaspace: 55476K(55808K)->55476K(55808K) NonClass: 49883K(50112K)->49883K(50112K) Class: 5593K(5696K)->5593K(5696K)
[27.457s][info][gc          ] GC(70) Pause Young (Concurrent Start) (G1 Evacuation Pause) 479M->269M(512M) 6.306ms
[27.457s][info][gc,cpu      ] GC(70) User=0.02s Sys=0.00s Real=0.00s
[27.457s][info][gc          ] GC(71) Concurrent Mark Cycle
[27.459s][info][gc,marking  ] GC(71) Concurrent Scan Root Regions
[27.465s][info][gc,marking  ] GC(71) Concurrent Scan Root Regions 5.599ms
[27.465s][info][gc,marking  ] GC(71) Concurrent Mark
[27.465s][info][gc,marking  ] GC(71) Concurrent Mark From Roots
[27.465s][info][gc,task     ] GC(71) Using 1 workers of 1 for marking
[27.550s][info][gc,marking  ] GC(71) Concurrent Mark From Roots 85.015ms
[27.550s][info][gc,marking  ] GC(71) Concurrent Preclean
[27.550s][info][gc,marking  ] GC(71) Concurrent Preclean 0.067ms
[27.550s][info][gc,start    ] GC(71) Pause Remark
[27.561s][info][gc          ] GC(71) Pause Remark 299M->299M(512M) 10.857ms
[27.561s][info][gc,cpu      ] GC(71) User=0.02s Sys=0.00s Real=0.02s
[27.564s][info][gc,marking  ] GC(71) Concurrent Mark 99.108ms
[27.564s][info][gc,marking  ] GC(71) Concurrent Rebuild Remembered Sets and Scrub Regions
[27.606s][info][gc,marking  ] GC(71) Concurrent Rebuild Remembered Sets and Scrub Regions 42.242ms
[27.613s][info][gc,start    ] GC(71) Pause Cleanup
[27.613s][info][gc          ] GC(71) Pause Cleanup 322M->322M(512M) 0.099ms
[27.613s][info][gc,cpu      ] GC(71) User=0.00s Sys=0.00s Real=0.00s
[27.613s][info][gc,marking  ] GC(71) Concurrent Clear Claimed Marks
[27.613s][info][gc,marking  ] GC(71) Concurrent Clear Claimed Marks 0.117ms
[27.613s][info][gc,marking  ] GC(71) Concurrent Cleanup for Next Mark
[27.615s][info][gc,marking  ] GC(71) Concurrent Cleanup for Next Mark 1.579ms
[27.615s][info][gc          ] GC(71) Concurrent Mark Cycle 157.915ms
[28.086s][info][gc,start    ] GC(72) Pause Young (Prepare Mixed) (G1 Evacuation Pause)
[28.087s][info][gc,task     ] GC(72) Using 2 workers of 2 for evacuation
[28.092s][info][gc,phases   ] GC(72)   Pre Evacuate Collection Set: 0.31ms
[28.092s][info][gc,phases   ] GC(72)   Merge Heap Roots: 0.12ms
[28.092s][info][gc,phases   ] GC(72)   Evacuate Collection Set: 4.42ms
[28.092s][info][gc,phases   ] GC(72)   Post Evacuate Collection Set: 0.54ms
[28.092s][info][gc,phases   ] GC(72)   Other: 0.10ms
[28.092s][info][gc,heap     ] GC(72) Eden regions: 212->0(214)
[28.092s][info][gc,heap     ] GC(72) Survivor regions: 3->2(27)
[28.092s][info][gc,heap     ] GC(72) Old regions: 60->60
[28.092s][info][gc,heap     ] GC(72) Humongous regions: 207->207
[28.092s][info][gc,metaspace] GC(72) Metaspace: 55476K(55808K)->55476K(55808K) NonClass: 49883K(50112K)->49883K(50112K) Class: 5593K(5696K)->5593K(5696K)
[28.092s][info][gc          ] GC(72) Pause Young (Prepare Mixed) (G1 Evacuation Pause) 480M->268M(512M) 5.683ms
[28.092s][info][gc,cpu      ] GC(72) User=0.01s Sys=0.00s Real=0.01s
[28.636s][info][gc,start    ] GC(73) Pause Young (Mixed) (G1 Evacuation Pause)
[28.636s][info][gc,task     ] GC(73) Using 2 workers of 2 for evacuation
[28.657s][info][gc,phases   ] GC(73)   Pre Evacuate Collection Set: 0.34ms
[28.657s][info][gc,phases   ] GC(73)   Merge Heap Roots: 0.11ms
[28.657s][info][gc,phases   ] GC(73)   Evacuate Collection Set: 19.93ms
[28.657s][info][gc,phases   ] GC(73)   Post Evacuate Collection Set: 1.26ms
[28.657s][info][gc,phases   ] GC(73)   Other: 0.12ms
[28.657s][info][gc,heap     ] GC(73) Eden regions: 214->0(210)
[28.657s][info][gc,heap     ] GC(73) Survivor regions: 2->4(27)
[28.658s][info][gc,heap     ] GC(73) Old regions: 60->60
[28.658s][info][gc,heap     ] GC(73) Humongous regions: 207->207
[28.658s][info][gc,metaspace] GC(73) Metaspace: 55476K(55808K)->55476K(55808K) NonClass: 49883K(50112K)->49883K(50112K) Class: 5593K(5696K)->5593K(5696K)
[28.658s][info][gc          ] GC(73) Pause Young (Mixed) (G1 Evacuation Pause) 482M->269M(512M) 21.989ms
[28.658s][info][gc,cpu      ] GC(73) User=0.02s Sys=0.00s Real=0.02s
[29.137s][info][gc,start    ] GC(74) Pause Young (Concurrent Start) (G1 Evacuation Pause)
[29.138s][info][gc,task     ] GC(74) Using 2 workers of 2 for evacuation
[29.145s][info][gc,phases   ] GC(74)   Pre Evacuate Collection Set: 0.32ms
[29.145s][info][gc,phases   ] GC(74)   Merge Heap Roots: 0.12ms
[29.145s][info][gc,phases   ] GC(74)   Evacuate Collection Set: 6.37ms
[29.145s][info][gc,phases   ] GC(74)   Post Evacuate Collection Set: 0.53ms
[29.145s][info][gc,phases   ] GC(74)   Other: 0.19ms
[29.145s][info][gc,heap     ] GC(74) Eden regions: 210->0(210)
[29.145s][info][gc,heap     ] GC(74) Survivor regions: 4->4(27)
[29.145s][info][gc,heap     ] GC(74) Old regions: 60->60
[29.145s][info][gc,heap     ] GC(74) Humongous regions: 207->207
[29.145s][info][gc,metaspace] GC(74) Metaspace: 55479K(55808K)->55479K(55808K) NonClass: 49884K(50112K)->49884K(50112K) Class: 5594K(5696K)->5594K(5696K)
[29.145s][info][gc          ] GC(74) Pause Young (Concurrent Start) (G1 Evacuation Pause) 479M->269M(512M) 7.707ms
[29.145s][info][gc,cpu      ] GC(74) User=0.01s Sys=0.00s Real=0.01s
[29.145s][info][gc          ] GC(75) Concurrent Mark Cycle
[29.145s][info][gc,marking  ] GC(75) Concurrent Scan Root Regions
[29.155s][info][gc,marking  ] GC(75) Concurrent Scan Root Regions 9.756ms
[29.155s][info][gc,marking  ] GC(75) Concurrent Mark
[29.155s][info][gc,marking  ] GC(75) Concurrent Mark From Roots
[29.155s][info][gc,task     ] GC(75) Using 1 workers of 1 for marking
[29.207s][info][gc,marking  ] GC(75) Concurrent Mark From Roots 52.387ms
[29.207s][info][gc,marking  ] GC(75) Concurrent Preclean
[29.208s][info][gc,marking  ] GC(75) Concurrent Preclean 0.067ms
[29.208s][info][gc,start    ] GC(75) Pause Remark
[29.215s][info][gc          ] GC(75) Pause Remark 292M->292M(512M) 7.184ms
[29.215s][info][gc,cpu      ] GC(75) User=0.02s Sys=0.00s Real=0.01s
[29.215s][info][gc,marking  ] GC(75) Concurrent Mark 60.403ms
[29.215s][info][gc,marking  ] GC(75) Concurrent Rebuild Remembered Sets and Scrub Regions
[29.239s][info][gc,marking  ] GC(75) Concurrent Rebuild Remembered Sets and Scrub Regions 23.850ms
[29.240s][info][gc,start    ] GC(75) Pause Cleanup
[29.240s][info][gc          ] GC(75) Pause Cleanup 304M->304M(512M) 0.065ms
[29.240s][info][gc,cpu      ] GC(75) User=0.00s Sys=0.00s Real=0.00s
[29.241s][info][gc,marking  ] GC(75) Concurrent Clear Claimed Marks
[29.241s][info][gc,marking  ] GC(75) Concurrent Clear Claimed Marks 0.090ms
[29.241s][info][gc,marking  ] GC(75) Concurrent Cleanup for Next Mark
[29.245s][info][gc,marking  ] GC(75) Concurrent Cleanup for Next Mark 4.014ms
[29.245s][info][gc          ] GC(75) Concurrent Mark Cycle 99.797ms
[29.655s][info][gc,start    ] GC(76) Pause Young (Prepare Mixed) (G1 Evacuation Pause)
[29.655s][info][gc,task     ] GC(76) Using 2 workers of 2 for evacuation
[29.662s][info][gc,phases   ] GC(76)   Pre Evacuate Collection Set: 0.33ms
[29.662s][info][gc,phases   ] GC(76)   Merge Heap Roots: 0.14ms
[29.662s][info][gc,phases   ] GC(76)   Evacuate Collection Set: 6.65ms
[29.662s][info][gc,phases   ] GC(76)   Post Evacuate Collection Set: 0.52ms
[29.662s][info][gc,phases   ] GC(76)   Other: 0.10ms
[29.662s][info][gc,heap     ] GC(76) Eden regions: 210->0(208)
[29.663s][info][gc,heap     ] GC(76) Survivor regions: 4->5(27)
[29.663s][info][gc,heap     ] GC(76) Old regions: 60->60
[29.663s][info][gc,heap     ] GC(76) Humongous regions: 207->207
[29.663s][info][gc,metaspace] GC(76) Metaspace: 55479K(55808K)->55479K(55808K) NonClass: 49884K(50112K)->49884K(50112K) Class: 5594K(5696K)->5594K(5696K)
[29.663s][info][gc          ] GC(76) Pause Young (Prepare Mixed) (G1 Evacuation Pause) 479M->270M(512M) 7.909ms
[29.663s][info][gc,cpu      ] GC(76) User=0.01s Sys=0.00s Real=0.01s
[30.260s][info][gc,start    ] GC(77) Pause Young (Mixed) (G1 Evacuation Pause)
[30.260s][info][gc,task     ] GC(77) Using 2 workers of 2 for evacuation
[30.267s][info][gc,phases   ] GC(77)   Pre Evacuate Collection Set: 0.28ms
[30.267s][info][gc,phases   ] GC(77)   Merge Heap Roots: 0.10ms
[30.267s][info][gc,phases   ] GC(77)   Evacuate Collection Set: 6.08ms
[30.267s][info][gc,phases   ] GC(77)   Post Evacuate Collection Set: 0.54ms
[30.267s][info][gc,phases   ] GC(77)   Other: 0.08ms
[30.267s][info][gc,heap     ] GC(77) Eden regions: 208->0(213)
[30.267s][info][gc,heap     ] GC(77) Survivor regions: 5->3(27)
[30.267s][info][gc,heap     ] GC(77) Old regions: 60->59
[30.267s][info][gc,heap     ] GC(77) Humongous regions: 207->207
[30.267s][info][gc,metaspace] GC(77) Metaspace: 55479K(55808K)->55479K(55808K) NonClass: 49884K(50112K)->49884K(50112K) Class: 5594K(5696K)->5594K(5696K)
[30.267s][info][gc          ] GC(77) Pause Young (Mixed) (G1 Evacuation Pause) 478M->268M(512M) 7.259ms
[30.267s][info][gc,cpu      ] GC(77) User=0.01s Sys=0.00s Real=0.01s
[30.822s][info][gc,start    ] GC(78) Pause Young (Concurrent Start) (G1 Evacuation Pause)
[30.822s][info][gc,task     ] GC(78) Using 2 workers of 2 for evacuation
[30.826s][info][gc,phases   ] GC(78)   Pre Evacuate Collection Set: 0.35ms
[30.826s][info][gc,phases   ] GC(78)   Merge Heap Roots: 0.11ms
[30.826s][info][gc,phases   ] GC(78)   Evacuate Collection Set: 3.07ms
[30.826s][info][gc,phases   ] GC(78)   Post Evacuate Collection Set: 0.52ms
[30.826s][info][gc,phases   ] GC(78)   Other: 0.14ms
[30.826s][info][gc,heap     ] GC(78) Eden regions: 213->0(217)
[30.826s][info][gc,heap     ] GC(78) Survivor regions: 3->1(27)
[30.826s][info][gc,heap     ] GC(78) Old regions: 59->59
[30.826s][info][gc,heap     ] GC(78) Humongous regions: 207->207
[30.826s][info][gc,metaspace] GC(78) Metaspace: 55479K(55808K)->55479K(55808K) NonClass: 49884K(50112K)->49884K(50112K) Class: 5594K(5696K)->5594K(5696K)
[30.826s][info][gc          ] GC(78) Pause Young (Concurrent Start) (G1 Evacuation Pause) 481M->266M(512M) 4.408ms
[30.826s][info][gc,cpu      ] GC(78) User=0.01s Sys=0.00s Real=0.00s
[30.827s][info][gc          ] GC(79) Concurrent Mark Cycle
[30.827s][info][gc,marking  ] GC(79) Concurrent Scan Root Regions
[30.831s][info][gc,marking  ] GC(79) Concurrent Scan Root Regions 3.746ms
[30.831s][info][gc,marking  ] GC(79) Concurrent Mark
[30.831s][info][gc,marking  ] GC(79) Concurrent Mark From Roots
[30.831s][info][gc,task     ] GC(79) Using 1 workers of 1 for marking
[30.901s][info][gc,marking  ] GC(79) Concurrent Mark From Roots 69.673ms
[30.901s][info][gc,marking  ] GC(79) Concurrent Preclean
[30.901s][info][gc,marking  ] GC(79) Concurrent Preclean 0.072ms
[30.901s][info][gc,start    ] GC(79) Pause Remark
[30.912s][info][gc          ] GC(79) Pause Remark 306M->306M(512M) 10.589ms
[30.912s][info][gc,cpu      ] GC(79) User=0.02s Sys=0.00s Real=0.01s
[30.912s][info][gc,marking  ] GC(79) Concurrent Mark 81.060ms
[30.912s][info][gc,marking  ] GC(79) Concurrent Rebuild Remembered Sets and Scrub Regions
[30.942s][info][gc,marking  ] GC(79) Concurrent Rebuild Remembered Sets and Scrub Regions 29.522ms
[30.942s][info][gc,start    ] GC(79) Pause Cleanup
[30.942s][info][gc          ] GC(79) Pause Cleanup 320M->320M(512M) 0.074ms
[30.942s][info][gc,cpu      ] GC(79) User=0.00s Sys=0.00s Real=0.00s
[30.943s][info][gc,marking  ] GC(79) Concurrent Clear Claimed Marks
[30.943s][info][gc,marking  ] GC(79) Concurrent Clear Claimed Marks 0.097ms
[30.943s][info][gc,marking  ] GC(79) Concurrent Cleanup for Next Mark
[30.947s][info][gc,marking  ] GC(79) Concurrent Cleanup for Next Mark 3.622ms
[30.947s][info][gc          ] GC(79) Concurrent Mark Cycle 119.417ms
[31.336s][info][gc,start    ] GC(80) Pause Young (Prepare Mixed) (G1 Evacuation Pause)
[31.337s][info][gc,task     ] GC(80) Using 2 workers of 2 for evacuation
[31.342s][info][gc,phases   ] GC(80)   Pre Evacuate Collection Set: 0.26ms
[31.342s][info][gc,phases   ] GC(80)   Merge Heap Roots: 0.11ms
[31.342s][info][gc,phases   ] GC(80)   Evacuate Collection Set: 4.41ms
[31.342s][info][gc,phases   ] GC(80)   Post Evacuate Collection Set: 0.52ms
[31.342s][info][gc,phases   ] GC(80)   Other: 0.08ms
[31.342s][info][gc,heap     ] GC(80) Eden regions: 217->0(212)
[31.342s][info][gc,heap     ] GC(80) Survivor regions: 1->3(28)
[31.342s][info][gc,heap     ] GC(80) Old regions: 59->60
[31.342s][info][gc,heap     ] GC(80) Humongous regions: 207->207
[31.342s][info][gc,metaspace] GC(80) Metaspace: 55479K(55808K)->55479K(55808K) NonClass: 49884K(50112K)->49884K(50112K) Class: 5594K(5696K)->5594K(5696K)
[31.342s][info][gc          ] GC(80) Pause Young (Prepare Mixed) (G1 Evacuation Pause) 483M->268M(512M) 5.538ms
[31.342s][info][gc,cpu      ] GC(80) User=0.01s Sys=0.00s Real=0.01s
[31.849s][info][gc,start    ] GC(81) Pause Young (Mixed) (G1 Evacuation Pause)
[31.849s][info][gc,task     ] GC(81) Using 2 workers of 2 for evacuation
[31.855s][info][gc,phases   ] GC(81)   Pre Evacuate Collection Set: 0.27ms
[31.855s][info][gc,phases   ] GC(81)   Merge Heap Roots: 0.10ms
[31.856s][info][gc,phases   ] GC(81)   Evacuate Collection Set: 5.88ms
[31.856s][info][gc,phases   ] GC(81)   Post Evacuate Collection Set: 0.56ms
[31.856s][info][gc,phases   ] GC(81)   Other: 0.07ms
[31.856s][info][gc,heap     ] GC(81) Eden regions: 212->0(213)
[31.856s][info][gc,heap     ] GC(81) Survivor regions: 3->3(27)
[31.856s][info][gc,heap     ] GC(81) Old regions: 60->59
[31.856s][info][gc,heap     ] GC(81) Humongous regions: 207->207
[31.856s][info][gc,metaspace] GC(81) Metaspace: 55479K(55808K)->55479K(55808K) NonClass: 49884K(50112K)->49884K(50112K) Class: 5594K(5696K)->5594K(5696K)
[31.856s][info][gc          ] GC(81) Pause Young (Mixed) (G1 Evacuation Pause) 480M->268M(512M) 7.045ms
[31.856s][info][gc,cpu      ] GC(81) User=0.01s Sys=0.00s Real=0.01s
[32.367s][info][gc,start    ] GC(82) Pause Young (Concurrent Start) (G1 Evacuation Pause)
[32.367s][info][gc,task     ] GC(82) Using 2 workers of 2 for evacuation
[32.372s][info][gc,phases   ] GC(82)   Pre Evacuate Collection Set: 0.29ms
[32.372s][info][gc,phases   ] GC(82)   Merge Heap Roots: 0.09ms
[32.372s][info][gc,phases   ] GC(82)   Evacuate Collection Set: 3.46ms
[32.372s][info][gc,phases   ] GC(82)   Post Evacuate Collection Set: 0.51ms
[32.372s][info][gc,phases   ] GC(82)   Other: 0.11ms
[32.372s][info][gc,heap     ] GC(82) Eden regions: 213->0(215)
[32.372s][info][gc,heap     ] GC(82) Survivor regions: 3->2(27)
[32.372s][info][gc,heap     ] GC(82) Old regions: 59->59
[32.372s][info][gc,heap     ] GC(82) Humongous regions: 207->207
[32.372s][info][gc,metaspace] GC(82) Metaspace: 55479K(55808K)->55479K(55808K) NonClass: 49884K(50112K)->49884K(50112K) Class: 5594K(5696K)->5594K(5696K)
[32.372s][info][gc          ] GC(82) Pause Young (Concurrent Start) (G1 Evacuation Pause) 481M->267M(512M) 4.621ms
[32.372s][info][gc          ] GC(83) Concurrent Mark Cycle
[32.372s][info][gc,cpu      ] GC(82) User=0.01s Sys=0.00s Real=0.01s
[32.372s][info][gc,marking  ] GC(83) Concurrent Scan Root Regions
[32.375s][info][gc,marking  ] GC(83) Concurrent Scan Root Regions 3.510ms
[32.375s][info][gc,marking  ] GC(83) Concurrent Mark
[32.375s][info][gc,marking  ] GC(83) Concurrent Mark From Roots
[32.375s][info][gc,task     ] GC(83) Using 1 workers of 1 for marking
[32.414s][info][gc,marking  ] GC(83) Concurrent Mark From Roots 38.382ms
[32.414s][info][gc,marking  ] GC(83) Concurrent Preclean
[32.414s][info][gc,marking  ] GC(83) Concurrent Preclean 0.060ms
[32.414s][info][gc,start    ] GC(83) Pause Remark
[32.421s][info][gc          ] GC(83) Pause Remark 272M->272M(512M) 7.153ms
[32.421s][info][gc,cpu      ] GC(83) User=0.01s Sys=0.00s Real=0.01s
[32.423s][info][gc,marking  ] GC(83) Concurrent Mark 47.335ms
[32.423s][info][gc,marking  ] GC(83) Concurrent Rebuild Remembered Sets and Scrub Regions
[32.442s][info][gc,marking  ] GC(83) Concurrent Rebuild Remembered Sets and Scrub Regions 18.973ms
[32.442s][info][gc,start    ] GC(83) Pause Cleanup
[32.442s][info][gc          ] GC(83) Pause Cleanup 286M->286M(512M) 0.058ms
[32.442s][info][gc,cpu      ] GC(83) User=0.00s Sys=0.00s Real=0.00s
[32.442s][info][gc,marking  ] GC(83) Concurrent Clear Claimed Marks
[32.442s][info][gc,marking  ] GC(83) Concurrent Clear Claimed Marks 0.081ms
[32.442s][info][gc,marking  ] GC(83) Concurrent Cleanup for Next Mark
[32.444s][info][gc,marking  ] GC(83) Concurrent Cleanup for Next Mark 2.125ms
[32.444s][info][gc          ] GC(83) Concurrent Mark Cycle 72.423ms
[32.931s][info][gc,start    ] GC(84) Pause Young (Prepare Mixed) (G1 Evacuation Pause)
[32.931s][info][gc,task     ] GC(84) Using 2 workers of 2 for evacuation
[32.936s][info][gc,phases   ] GC(84)   Pre Evacuate Collection Set: 0.25ms
[32.936s][info][gc,phases   ] GC(84)   Merge Heap Roots: 0.11ms
[32.936s][info][gc,phases   ] GC(84)   Evacuate Collection Set: 3.90ms
[32.936s][info][gc,phases   ] GC(84)   Post Evacuate Collection Set: 0.52ms
[32.936s][info][gc,phases   ] GC(84)   Other: 0.08ms
[32.936s][info][gc,heap     ] GC(84) Eden regions: 215->0(213)
[32.936s][info][gc,heap     ] GC(84) Survivor regions: 2->3(28)
[32.936s][info][gc,heap     ] GC(84) Old regions: 59->59
[32.936s][info][gc,heap     ] GC(84) Humongous regions: 207->207
[32.936s][info][gc,metaspace] GC(84) Metaspace: 55479K(55808K)->55479K(55808K) NonClass: 49884K(50112K)->49884K(50112K) Class: 5594K(5696K)->5594K(5696K)
[32.936s][info][gc          ] GC(84) Pause Young (Prepare Mixed) (G1 Evacuation Pause) 482M->268M(512M) 5.044ms
[32.936s][info][gc,cpu      ] GC(84) User=0.01s Sys=0.00s Real=0.00s
[33.439s][info][gc,start    ] GC(85) Pause Young (Mixed) (G1 Evacuation Pause)
[33.439s][info][gc,task     ] GC(85) Using 2 workers of 2 for evacuation
[33.446s][info][gc,phases   ] GC(85)   Pre Evacuate Collection Set: 0.26ms
[33.446s][info][gc,phases   ] GC(85)   Merge Heap Roots: 0.11ms
[33.446s][info][gc,phases   ] GC(85)   Evacuate Collection Set: 6.21ms
[33.446s][info][gc,phases   ] GC(85)   Post Evacuate Collection Set: 0.52ms
[33.446s][info][gc,phases   ] GC(85)   Other: 0.10ms
[33.446s][info][gc,heap     ] GC(85) Eden regions: 213->0(213)
[33.446s][info][gc,heap     ] GC(85) Survivor regions: 3->3(27)
[33.446s][info][gc,heap     ] GC(85) Old regions: 59->59
[33.446s][info][gc,heap     ] GC(85) Humongous regions: 207->207
[33.446s][info][gc,metaspace] GC(85) Metaspace: 55479K(55808K)->55479K(55808K) NonClass: 49884K(50112K)->49884K(50112K) Class: 5594K(5696K)->5594K(5696K)
[33.446s][info][gc          ] GC(85) Pause Young (Mixed) (G1 Evacuation Pause) 481M->268M(512M) 7.376ms
[33.446s][info][gc,cpu      ] GC(85) User=0.02s Sys=0.00s Real=0.01s
[33.950s][info][gc,start    ] GC(86) Pause Young (Concurrent Start) (G1 Evacuation Pause)
[33.950s][info][gc,task     ] GC(86) Using 2 workers of 2 for evacuation
[33.956s][info][gc,phases   ] GC(86)   Pre Evacuate Collection Set: 0.28ms
[33.956s][info][gc,phases   ] GC(86)   Merge Heap Roots: 0.09ms
[33.956s][info][gc,phases   ] GC(86)   Evacuate Collection Set: 5.60ms
[33.956s][info][gc,phases   ] GC(86)   Post Evacuate Collection Set: 0.50ms
[33.957s][info][gc,phases   ] GC(86)   Other: 0.14ms
[33.957s][info][gc,heap     ] GC(86) Eden regions: 213->0(211)
[33.957s][info][gc,heap     ] GC(86) Survivor regions: 3->4(27)
[33.957s][info][gc,heap     ] GC(86) Old regions: 59->59
[33.957s][info][gc,heap     ] GC(86) Humongous regions: 207->207
[33.957s][info][gc,metaspace] GC(86) Metaspace: 55479K(55808K)->55479K(55808K) NonClass: 49884K(50112K)->49884K(50112K) Class: 5594K(5696K)->5594K(5696K)
[33.957s][info][gc          ] GC(86) Pause Young (Concurrent Start) (G1 Evacuation Pause) 481M->269M(512M) 6.798ms
[33.957s][info][gc,cpu      ] GC(86) User=0.01s Sys=0.00s Real=0.01s
[33.957s][info][gc          ] GC(87) Concurrent Mark Cycle
[33.957s][info][gc,marking  ] GC(87) Concurrent Scan Root Regions
[33.962s][info][gc,marking  ] GC(87) Concurrent Scan Root Regions 5.579ms
[33.962s][info][gc,marking  ] GC(87) Concurrent Mark
[33.962s][info][gc,marking  ] GC(87) Concurrent Mark From Roots
[33.962s][info][gc,task     ] GC(87) Using 1 workers of 1 for marking
[34.002s][info][gc,marking  ] GC(87) Concurrent Mark From Roots 39.201ms
[34.002s][info][gc,marking  ] GC(87) Concurrent Preclean
[34.002s][info][gc,marking  ] GC(87) Concurrent Preclean 0.063ms
[34.002s][info][gc,start    ] GC(87) Pause Remark
[34.009s][info][gc          ] GC(87) Pause Remark 281M->281M(512M) 7.370ms
[34.009s][info][gc,cpu      ] GC(87) User=0.01s Sys=0.00s Real=0.00s
[34.010s][info][gc,marking  ] GC(87) Concurrent Mark 47.324ms
[34.010s][info][gc,marking  ] GC(87) Concurrent Rebuild Remembered Sets and Scrub Regions
[34.032s][info][gc,marking  ] GC(87) Concurrent Rebuild Remembered Sets and Scrub Regions 21.953ms
[34.032s][info][gc,start    ] GC(87) Pause Cleanup
[34.032s][info][gc          ] GC(87) Pause Cleanup 291M->291M(512M) 0.071ms
[34.032s][info][gc,cpu      ] GC(87) User=0.00s Sys=0.00s Real=0.00s
[34.032s][info][gc,marking  ] GC(87) Concurrent Clear Claimed Marks
[34.033s][info][gc,marking  ] GC(87) Concurrent Clear Claimed Marks 0.085ms
[34.033s][info][gc,marking  ] GC(87) Concurrent Cleanup for Next Mark
[34.034s][info][gc,marking  ] GC(87) Concurrent Cleanup for Next Mark 1.524ms
[34.034s][info][gc          ] GC(87) Concurrent Mark Cycle 77.505ms
[34.467s][info][gc,start    ] GC(88) Pause Young (Prepare Mixed) (G1 Evacuation Pause)
[34.467s][info][gc,task     ] GC(88) Using 2 workers of 2 for evacuation
[34.472s][info][gc,phases   ] GC(88)   Pre Evacuate Collection Set: 0.29ms
[34.472s][info][gc,phases   ] GC(88)   Merge Heap Roots: 0.13ms
[34.472s][info][gc,phases   ] GC(88)   Evacuate Collection Set: 3.27ms
[34.472s][info][gc,phases   ] GC(88)   Post Evacuate Collection Set: 0.53ms
[34.472s][info][gc,phases   ] GC(88)   Other: 0.11ms
[34.472s][info][gc,heap     ] GC(88) Eden regions: 211->0(215)
[34.472s][info][gc,heap     ] GC(88) Survivor regions: 4->2(27)
[34.472s][info][gc,heap     ] GC(88) Old regions: 59->59
[34.472s][info][gc,heap     ] GC(88) Humongous regions: 207->207
[34.472s][info][gc,metaspace] GC(88) Metaspace: 55482K(55808K)->55482K(55808K) NonClass: 49888K(50112K)->49888K(50112K) Class: 5594K(5696K)->5594K(5696K)
[34.472s][info][gc          ] GC(88) Pause Young (Prepare Mixed) (G1 Evacuation Pause) 480M->267M(512M) 4.522ms
[34.472s][info][gc,cpu      ] GC(88) User=0.01s Sys=0.00s Real=0.01s
[35.026s][info][gc,start    ] GC(89) Pause Young (Mixed) (G1 Evacuation Pause)
[35.026s][info][gc,task     ] GC(89) Using 2 workers of 2 for evacuation
[35.032s][info][gc,phases   ] GC(89)   Pre Evacuate Collection Set: 0.27ms
[35.032s][info][gc,phases   ] GC(89)   Merge Heap Roots: 0.11ms
[35.032s][info][gc,phases   ] GC(89)   Evacuate Collection Set: 5.02ms
[35.032s][info][gc,phases   ] GC(89)   Post Evacuate Collection Set: 0.58ms
[35.032s][info][gc,phases   ] GC(89)   Other: 0.07ms
[35.032s][info][gc,heap     ] GC(89) Eden regions: 215->0(215)
[35.032s][info][gc,heap     ] GC(89) Survivor regions: 2->2(28)
[35.032s][info][gc,heap     ] GC(89) Old regions: 59->59
[35.032s][info][gc,heap     ] GC(89) Humongous regions: 207->207
[35.032s][info][gc,metaspace] GC(89) Metaspace: 55482K(55808K)->55482K(55808K) NonClass: 49888K(50112K)->49888K(50112K) Class: 5594K(5696K)->5594K(5696K)
[35.032s][info][gc          ] GC(89) Pause Young (Mixed) (G1 Evacuation Pause) 482M->267M(512M) 6.234ms
[35.032s][info][gc,cpu      ] GC(89) User=0.01s Sys=0.00s Real=0.01s
[35.538s][info][gc,start    ] GC(90) Pause Young (Concurrent Start) (G1 Evacuation Pause)
[35.538s][info][gc,task     ] GC(90) Using 2 workers of 2 for evacuation
[35.544s][info][gc,phases   ] GC(90)   Pre Evacuate Collection Set: 0.30ms
[35.544s][info][gc,phases   ] GC(90)   Merge Heap Roots: 0.10ms
[35.544s][info][gc,phases   ] GC(90)   Evacuate Collection Set: 4.27ms
[35.544s][info][gc,phases   ] GC(90)   Post Evacuate Collection Set: 0.53ms
[35.544s][info][gc,phases   ] GC(90)   Other: 0.10ms
[35.544s][info][gc,heap     ] GC(90) Eden regions: 215->0(213)
[35.544s][info][gc,heap     ] GC(90) Survivor regions: 2->3(28)
[35.544s][info][gc,heap     ] GC(90) Old regions: 59->59
[35.544s][info][gc,heap     ] GC(90) Humongous regions: 207->207
[35.544s][info][gc,metaspace] GC(90) Metaspace: 55482K(55808K)->55482K(55808K) NonClass: 49888K(50112K)->49888K(50112K) Class: 5594K(5696K)->5594K(5696K)
[35.544s][info][gc          ] GC(90) Pause Young (Concurrent Start) (G1 Evacuation Pause) 482M->268M(512M) 5.505ms
[35.544s][info][gc          ] GC(91) Concurrent Mark Cycle
[35.544s][info][gc,marking  ] GC(91) Concurrent Scan Root Regions
[35.545s][info][gc,cpu      ] GC(90) User=0.02s Sys=0.00s Real=0.01s
[35.548s][info][gc,marking  ] GC(91) Concurrent Scan Root Regions 3.782ms
[35.548s][info][gc,marking  ] GC(91) Concurrent Mark
[35.548s][info][gc,marking  ] GC(91) Concurrent Mark From Roots
[35.548s][info][gc,task     ] GC(91) Using 1 workers of 1 for marking
[35.595s][info][gc,marking  ] GC(91) Concurrent Mark From Roots 47.647ms
[35.595s][info][gc,marking  ] GC(91) Concurrent Preclean
[35.595s][info][gc,marking  ] GC(91) Concurrent Preclean 0.067ms
[35.595s][info][gc,start    ] GC(91) Pause Remark
[35.604s][info][gc          ] GC(91) Pause Remark 290M->290M(512M) 8.112ms
[35.604s][info][gc,cpu      ] GC(91) User=0.02s Sys=0.01s Real=0.01s
[35.604s][info][gc,marking  ] GC(91) Concurrent Mark 56.388ms
[35.604s][info][gc,marking  ] GC(91) Concurrent Rebuild Remembered Sets and Scrub Regions
[35.622s][info][gc,marking  ] GC(91) Concurrent Rebuild Remembered Sets and Scrub Regions 18.105ms
[35.622s][info][gc,start    ] GC(91) Pause Cleanup
[35.622s][info][gc          ] GC(91) Pause Cleanup 292M->292M(512M) 0.060ms
[35.622s][info][gc,cpu      ] GC(91) User=0.00s Sys=0.00s Real=0.00s
[35.622s][info][gc,marking  ] GC(91) Concurrent Clear Claimed Marks
[35.622s][info][gc,marking  ] GC(91) Concurrent Clear Claimed Marks 0.105ms
[35.622s][info][gc,marking  ] GC(91) Concurrent Cleanup for Next Mark
[35.626s][info][gc,marking  ] GC(91) Concurrent Cleanup for Next Mark 3.982ms
[35.627s][info][gc          ] GC(91) Concurrent Mark Cycle 82.770ms
[36.057s][info][gc,start    ] GC(92) Pause Young (Prepare Mixed) (G1 Evacuation Pause)
[36.057s][info][gc,task     ] GC(92) Using 2 workers of 2 for evacuation
[36.063s][info][gc,phases   ] GC(92)   Pre Evacuate Collection Set: 0.28ms
[36.063s][info][gc,phases   ] GC(92)   Merge Heap Roots: 0.11ms
[36.063s][info][gc,phases   ] GC(92)   Evacuate Collection Set: 4.87ms
[36.063s][info][gc,phases   ] GC(92)   Post Evacuate Collection Set: 0.60ms
[36.063s][info][gc,phases   ] GC(92)   Other: 0.08ms
[36.063s][info][gc,heap     ] GC(92) Eden regions: 213->0(213)
[36.063s][info][gc,heap     ] GC(92) Survivor regions: 3->3(27)
[36.063s][info][gc,heap     ] GC(92) Old regions: 59->59
[36.063s][info][gc,heap     ] GC(92) Humongous regions: 207->207
[36.063s][info][gc,metaspace] GC(92) Metaspace: 55482K(55808K)->55482K(55808K) NonClass: 49888K(50112K)->49888K(50112K) Class: 5594K(5696K)->5594K(5696K)
[36.063s][info][gc          ] GC(92) Pause Young (Prepare Mixed) (G1 Evacuation Pause) 481M->268M(512M) 6.120ms
[36.063s][info][gc,cpu      ] GC(92) User=0.01s Sys=0.00s Real=0.01s
[36.568s][info][gc,start    ] GC(93) Pause Young (Mixed) (G1 Evacuation Pause)
[36.568s][info][gc,task     ] GC(93) Using 2 workers of 2 for evacuation
[36.572s][info][gc,phases   ] GC(93)   Pre Evacuate Collection Set: 0.27ms
[36.572s][info][gc,phases   ] GC(93)   Merge Heap Roots: 0.10ms
[36.572s][info][gc,phases   ] GC(93)   Evacuate Collection Set: 3.43ms
[36.572s][info][gc,phases   ] GC(93)   Post Evacuate Collection Set: 0.52ms
[36.572s][info][gc,phases   ] GC(93)   Other: 0.10ms
[36.572s][info][gc,heap     ] GC(93) Eden regions: 213->0(215)
[36.572s][info][gc,heap     ] GC(93) Survivor regions: 3->2(27)
[36.572s][info][gc,heap     ] GC(93) Old regions: 59->59
[36.572s][info][gc,heap     ] GC(93) Humongous regions: 207->207
[36.572s][info][gc,metaspace] GC(93) Metaspace: 55482K(55808K)->55482K(55808K) NonClass: 49888K(50112K)->49888K(50112K) Class: 5594K(5696K)->5594K(5696K)
[36.572s][info][gc          ] GC(93) Pause Young (Mixed) (G1 Evacuation Pause) 481M->266M(512M) 4.630ms
[36.572s][info][gc,cpu      ] GC(93) User=0.01s Sys=0.00s Real=0.01s
[37.134s][info][gc,start    ] GC(94) Pause Young (Concurrent Start) (G1 Evacuation Pause)
[37.134s][info][gc,task     ] GC(94) Using 2 workers of 2 for evacuation
[37.139s][info][gc,phases   ] GC(94)   Pre Evacuate Collection Set: 0.29ms
[37.139s][info][gc,phases   ] GC(94)   Merge Heap Roots: 0.10ms
[37.139s][info][gc,phases   ] GC(94)   Evacuate Collection Set: 4.19ms
[37.139s][info][gc,phases   ] GC(94)   Post Evacuate Collection Set: 0.52ms
[37.139s][info][gc,phases   ] GC(94)   Other: 0.08ms
[37.139s][info][gc,heap     ] GC(94) Eden regions: 215->0(213)
[37.139s][info][gc,heap     ] GC(94) Survivor regions: 2->3(28)
[37.139s][info][gc,heap     ] GC(94) Old regions: 59->59
[37.139s][info][gc,heap     ] GC(94) Humongous regions: 207->207
[37.139s][info][gc,metaspace] GC(94) Metaspace: 55506K(55808K)->55506K(55808K) NonClass: 49909K(50112K)->49909K(50112K) Class: 5596K(5696K)->5596K(5696K)
[37.139s][info][gc          ] GC(94) Pause Young (Concurrent Start) (G1 Evacuation Pause) 481M->267M(512M) 5.345ms
[37.139s][info][gc,cpu      ] GC(94) User=0.01s Sys=0.00s Real=0.00s
[37.139s][info][gc          ] GC(95) Concurrent Mark Cycle
[37.144s][info][gc,marking  ] GC(95) Concurrent Scan Root Regions
[37.150s][info][gc,marking  ] GC(95) Concurrent Scan Root Regions 5.694ms
[37.150s][info][gc,marking  ] GC(95) Concurrent Mark
[37.150s][info][gc,marking  ] GC(95) Concurrent Mark From Roots
[37.150s][info][gc,task     ] GC(95) Using 1 workers of 1 for marking
[37.203s][info][gc,marking  ] GC(95) Concurrent Mark From Roots 52.739ms
[37.203s][info][gc,marking  ] GC(95) Concurrent Preclean
[37.203s][info][gc,marking  ] GC(95) Concurrent Preclean 0.068ms
[37.203s][info][gc,start    ] GC(95) Pause Remark
[37.210s][info][gc          ] GC(95) Pause Remark 298M->298M(512M) 7.073ms
[37.210s][info][gc,cpu      ] GC(95) User=0.01s Sys=0.00s Real=0.00s
[37.210s][info][gc,marking  ] GC(95) Concurrent Mark 60.347ms
[37.210s][info][gc,marking  ] GC(95) Concurrent Rebuild Remembered Sets and Scrub Regions
[37.229s][info][gc,marking  ] GC(95) Concurrent Rebuild Remembered Sets and Scrub Regions 18.163ms
[37.229s][info][gc,start    ] GC(95) Pause Cleanup
[37.229s][info][gc          ] GC(95) Pause Cleanup 304M->304M(512M) 0.052ms
[37.229s][info][gc,cpu      ] GC(95) User=0.00s Sys=0.00s Real=0.00s
[37.229s][info][gc,marking  ] GC(95) Concurrent Clear Claimed Marks
[37.229s][info][gc,marking  ] GC(95) Concurrent Clear Claimed Marks 0.078ms
[37.229s][info][gc,marking  ] GC(95) Concurrent Cleanup for Next Mark
[37.230s][info][gc,marking  ] GC(95) Concurrent Cleanup for Next Mark 1.482ms
[37.230s][info][gc          ] GC(95) Concurrent Mark Cycle 91.515ms
[37.695s][info][gc,start    ] GC(96) Pause Young (Prepare Mixed) (G1 Evacuation Pause)
[37.695s][info][gc,task     ] GC(96) Using 2 workers of 2 for evacuation
[37.700s][info][gc,phases   ] GC(96)   Pre Evacuate Collection Set: 0.26ms
[37.700s][info][gc,phases   ] GC(96)   Merge Heap Roots: 0.11ms
[37.700s][info][gc,phases   ] GC(96)   Evacuate Collection Set: 4.26ms
[37.700s][info][gc,phases   ] GC(96)   Post Evacuate Collection Set: 0.53ms
[37.700s][info][gc,phases   ] GC(96)   Other: 0.07ms
[37.700s][info][gc,heap     ] GC(96) Eden regions: 213->0(213)
[37.700s][info][gc,heap     ] GC(96) Survivor regions: 3->3(27)
[37.700s][info][gc,heap     ] GC(96) Old regions: 59->59
[37.700s][info][gc,heap     ] GC(96) Humongous regions: 207->207
[37.700s][info][gc,metaspace] GC(96) Metaspace: 55506K(55808K)->55506K(55808K) NonClass: 49909K(50112K)->49909K(50112K) Class: 5596K(5696K)->5596K(5696K)
[37.700s][info][gc          ] GC(96) Pause Young (Prepare Mixed) (G1 Evacuation Pause) 480M->267M(512M) 5.407ms
[37.700s][info][gc,cpu      ] GC(96) User=0.01s Sys=0.00s Real=0.00s
[38.145s][info][gc,start    ] GC(97) Pause Young (Mixed) (G1 Evacuation Pause)
[38.145s][info][gc,task     ] GC(97) Using 2 workers of 2 for evacuation
[38.153s][info][gc,phases   ] GC(97)   Pre Evacuate Collection Set: 0.27ms
[38.153s][info][gc,phases   ] GC(97)   Merge Heap Roots: 0.11ms
[38.153s][info][gc,phases   ] GC(97)   Evacuate Collection Set: 6.93ms
[38.153s][info][gc,phases   ] GC(97)   Post Evacuate Collection Set: 0.51ms
[38.153s][info][gc,phases   ] GC(97)   Other: 0.08ms
[38.153s][info][gc,heap     ] GC(97) Eden regions: 213->0(211)
[38.153s][info][gc,heap     ] GC(97) Survivor regions: 3->4(27)
[38.153s][info][gc,heap     ] GC(97) Old regions: 59->59
[38.153s][info][gc,heap     ] GC(97) Humongous regions: 207->207
[38.153s][info][gc,metaspace] GC(97) Metaspace: 55506K(55808K)->55506K(55808K) NonClass: 49910K(50112K)->49910K(50112K) Class: 5596K(5696K)->5596K(5696K)
[38.153s][info][gc          ] GC(97) Pause Young (Mixed) (G1 Evacuation Pause) 480M->268M(512M) 8.064ms
[38.153s][info][gc,cpu      ] GC(97) User=0.01s Sys=0.00s Real=0.01s
[38.781s][info][gc,start    ] GC(98) Pause Young (Concurrent Start) (G1 Evacuation Pause)
[38.781s][info][gc,task     ] GC(98) Using 2 workers of 2 for evacuation
[38.787s][info][gc,phases   ] GC(98)   Pre Evacuate Collection Set: 0.29ms
[38.788s][info][gc,phases   ] GC(98)   Merge Heap Roots: 0.10ms
[38.788s][info][gc,phases   ] GC(98)   Evacuate Collection Set: 4.99ms
[38.788s][info][gc,phases   ] GC(98)   Post Evacuate Collection Set: 0.48ms
[38.788s][info][gc,phases   ] GC(98)   Other: 0.14ms
[38.788s][info][gc,heap     ] GC(98) Eden regions: 211->0(213)
[38.788s][info][gc,heap     ] GC(98) Survivor regions: 4->3(27)
[38.788s][info][gc,heap     ] GC(98) Old regions: 59->59
[38.788s][info][gc,heap     ] GC(98) Humongous regions: 207->207
[38.788s][info][gc,metaspace] GC(98) Metaspace: 55506K(55808K)->55506K(55808K) NonClass: 49910K(50112K)->49910K(50112K) Class: 5596K(5696K)->5596K(5696K)
[38.788s][info][gc          ] GC(98) Pause Young (Concurrent Start) (G1 Evacuation Pause) 479M->268M(512M) 6.167ms
[38.788s][info][gc,cpu      ] GC(98) User=0.01s Sys=0.00s Real=0.00s
[38.788s][info][gc          ] GC(99) Concurrent Mark Cycle
[38.788s][info][gc,marking  ] GC(99) Concurrent Scan Root Regions
[38.790s][info][gc,marking  ] GC(99) Concurrent Scan Root Regions 2.735ms
[38.790s][info][gc,marking  ] GC(99) Concurrent Mark
[38.790s][info][gc,marking  ] GC(99) Concurrent Mark From Roots
[38.790s][info][gc,task     ] GC(99) Using 1 workers of 1 for marking
[38.831s][info][gc,marking  ] GC(99) Concurrent Mark From Roots 40.565ms
[38.831s][info][gc,marking  ] GC(99) Concurrent Preclean
[38.831s][info][gc,marking  ] GC(99) Concurrent Preclean 0.064ms
[38.831s][info][gc,start    ] GC(99) Pause Remark
[38.839s][info][gc          ] GC(99) Pause Remark 290M->290M(512M) 7.275ms
[38.839s][info][gc,cpu      ] GC(99) User=0.01s Sys=0.00s Real=0.00s
[38.839s][info][gc,marking  ] GC(99) Concurrent Mark 48.180ms
[38.839s][info][gc,marking  ] GC(99) Concurrent Rebuild Remembered Sets and Scrub Regions
[38.855s][info][gc,marking  ] GC(99) Concurrent Rebuild Remembered Sets and Scrub Regions 16.109ms
[38.855s][info][gc,start    ] GC(99) Pause Cleanup
[38.855s][info][gc          ] GC(99) Pause Cleanup 299M->299M(512M) 0.053ms
[38.855s][info][gc,cpu      ] GC(99) User=0.00s Sys=0.00s Real=0.00s
[38.855s][info][gc,marking  ] GC(99) Concurrent Clear Claimed Marks
[38.855s][info][gc,marking  ] GC(99) Concurrent Clear Claimed Marks 0.087ms
[38.855s][info][gc,marking  ] GC(99) Concurrent Cleanup for Next Mark
[38.857s][info][gc,marking  ] GC(99) Concurrent Cleanup for Next Mark 1.466ms
[38.857s][info][gc          ] GC(99) Concurrent Mark Cycle 68.902ms
[39.222s][info][gc,start    ] GC(100) Pause Young (Prepare Mixed) (G1 Evacuation Pause)
[39.222s][info][gc,task     ] GC(100) Using 2 workers of 2 for evacuation
[39.226s][info][gc,phases   ] GC(100)   Pre Evacuate Collection Set: 0.26ms
[39.226s][info][gc,phases   ] GC(100)   Merge Heap Roots: 0.12ms
[39.226s][info][gc,phases   ] GC(100)   Evacuate Collection Set: 3.43ms
[39.226s][info][gc,phases   ] GC(100)   Post Evacuate Collection Set: 0.50ms
[39.226s][info][gc,phases   ] GC(100)   Other: 0.09ms
[39.226s][info][gc,heap     ] GC(100) Eden regions: 213->0(215)
[39.226s][info][gc,heap     ] GC(100) Survivor regions: 3->2(27)
[39.226s][info][gc,heap     ] GC(100) Old regions: 59->59
[39.226s][info][gc,heap     ] GC(100) Humongous regions: 207->207
[39.226s][info][gc,metaspace] GC(100) Metaspace: 55506K(55808K)->55506K(55808K) NonClass: 49910K(50112K)->49910K(50112K) Class: 5596K(5696K)->5596K(5696K)
[39.226s][info][gc          ] GC(100) Pause Young (Prepare Mixed) (G1 Evacuation Pause) 481M->266M(512M) 4.599ms
[39.226s][info][gc,cpu      ] GC(100) User=0.00s Sys=0.00s Real=0.00s
[39.735s][info][gc,start    ] GC(101) Pause Young (Mixed) (G1 Evacuation Pause)
[39.735s][info][gc,task     ] GC(101) Using 2 workers of 2 for evacuation
[39.742s][info][gc,phases   ] GC(101)   Pre Evacuate Collection Set: 0.28ms
[39.742s][info][gc,phases   ] GC(101)   Merge Heap Roots: 0.09ms
[39.742s][info][gc,phases   ] GC(101)   Evacuate Collection Set: 5.50ms
[39.742s][info][gc,phases   ] GC(101)   Post Evacuate Collection Set: 0.51ms
[39.742s][info][gc,phases   ] GC(101)   Other: 0.10ms
[39.742s][info][gc,heap     ] GC(101) Eden regions: 215->0(214)
[39.742s][info][gc,heap     ] GC(101) Survivor regions: 2->3(28)
[39.742s][info][gc,heap     ] GC(101) Old regions: 59->58
[39.742s][info][gc,heap     ] GC(101) Humongous regions: 207->207
[39.742s][info][gc,metaspace] GC(101) Metaspace: 55509K(55808K)->55509K(55808K) NonClass: 49913K(50112K)->49913K(50112K) Class: 5596K(5696K)->5596K(5696K)
[39.742s][info][gc          ] GC(101) Pause Young (Mixed) (G1 Evacuation Pause) 481M->267M(512M) 6.679ms
[39.742s][info][gc,cpu      ] GC(101) User=0.01s Sys=0.00s Real=0.01s
[40.240s][info][gc,start    ] GC(102) Pause Young (Concurrent Start) (G1 Evacuation Pause)
[40.240s][info][gc,task     ] GC(102) Using 2 workers of 2 for evacuation
[40.246s][info][gc,phases   ] GC(102)   Pre Evacuate Collection Set: 0.31ms
[40.246s][info][gc,phases   ] GC(102)   Merge Heap Roots: 0.09ms
[40.246s][info][gc,phases   ] GC(102)   Evacuate Collection Set: 5.53ms
[40.246s][info][gc,phases   ] GC(102)   Post Evacuate Collection Set: 0.48ms
[40.246s][info][gc,phases   ] GC(102)   Other: 0.09ms
[40.246s][info][gc,heap     ] GC(102) Eden regions: 214->0(212)
[40.246s][info][gc,heap     ] GC(102) Survivor regions: 3->4(28)
[40.246s][info][gc,heap     ] GC(102) Old regions: 58->58
[40.246s][info][gc,heap     ] GC(102) Humongous regions: 207->207
[40.246s][info][gc,metaspace] GC(102) Metaspace: 55509K(55808K)->55509K(55808K) NonClass: 49913K(50112K)->49913K(50112K) Class: 5596K(5696K)->5596K(5696K)
[40.246s][info][gc          ] GC(102) Pause Young (Concurrent Start) (G1 Evacuation Pause) 481M->268M(512M) 6.661ms
[40.246s][info][gc          ] GC(103) Concurrent Mark Cycle
[40.246s][info][gc,marking  ] GC(103) Concurrent Scan Root Regions
[40.247s][info][gc,cpu      ] GC(102) User=0.01s Sys=0.00s Real=0.01s
[40.254s][info][gc,marking  ] GC(103) Concurrent Scan Root Regions 7.652ms
[40.254s][info][gc,marking  ] GC(103) Concurrent Mark
[40.254s][info][gc,marking  ] GC(103) Concurrent Mark From Roots
[40.254s][info][gc,task     ] GC(103) Using 1 workers of 1 for marking
[40.299s][info][gc,marking  ] GC(103) Concurrent Mark From Roots 45.267ms
[40.299s][info][gc,marking  ] GC(103) Concurrent Preclean
[40.299s][info][gc,marking  ] GC(103) Concurrent Preclean 0.064ms
[40.299s][info][gc,start    ] GC(103) Pause Remark
[40.307s][info][gc          ] GC(103) Pause Remark 287M->287M(512M) 7.178ms
[40.307s][info][gc,cpu      ] GC(103) User=0.01s Sys=0.00s Real=0.01s
[40.307s][info][gc,marking  ] GC(103) Concurrent Mark 53.214ms
[40.307s][info][gc,marking  ] GC(103) Concurrent Rebuild Remembered Sets and Scrub Regions
[40.328s][info][gc,marking  ] GC(103) Concurrent Rebuild Remembered Sets and Scrub Regions 20.295ms
[40.328s][info][gc,start    ] GC(103) Pause Cleanup
[40.328s][info][gc          ] GC(103) Pause Cleanup 294M->294M(512M) 0.057ms
[40.328s][info][gc,cpu      ] GC(103) User=0.00s Sys=0.00s Real=0.00s
[40.328s][info][gc,marking  ] GC(103) Concurrent Clear Claimed Marks
[40.328s][info][gc,marking  ] GC(103) Concurrent Clear Claimed Marks 0.091ms
[40.328s][info][gc,marking  ] GC(103) Concurrent Cleanup for Next Mark
[40.331s][info][gc,marking  ] GC(103) Concurrent Cleanup for Next Mark 3.208ms
[40.331s][info][gc          ] GC(103) Concurrent Mark Cycle 84.763ms
[40.758s][info][gc,start    ] GC(104) Pause Young (Prepare Mixed) (G1 Evacuation Pause)
[40.758s][info][gc,task     ] GC(104) Using 2 workers of 2 for evacuation
[40.763s][info][gc,phases   ] GC(104)   Pre Evacuate Collection Set: 0.26ms
[40.763s][info][gc,phases   ] GC(104)   Merge Heap Roots: 0.12ms
[40.763s][info][gc,phases   ] GC(104)   Evacuate Collection Set: 4.33ms
[40.763s][info][gc,phases   ] GC(104)   Post Evacuate Collection Set: 0.49ms
[40.763s][info][gc,phases   ] GC(104)   Other: 0.09ms
[40.763s][info][gc,heap     ] GC(104) Eden regions: 212->0(214)
[40.763s][info][gc,heap     ] GC(104) Survivor regions: 4->3(27)
[40.763s][info][gc,heap     ] GC(104) Old regions: 58->58
[40.763s][info][gc,heap     ] GC(104) Humongous regions: 207->207
[40.763s][info][gc,metaspace] GC(104) Metaspace: 55509K(55808K)->55509K(55808K) NonClass: 49913K(50112K)->49913K(50112K) Class: 5596K(5696K)->5596K(5696K)
[40.763s][info][gc          ] GC(104) Pause Young (Prepare Mixed) (G1 Evacuation Pause) 480M->267M(512M) 5.485ms
[40.763s][info][gc,cpu      ] GC(104) User=0.01s Sys=0.00s Real=0.01s
[41.352s][info][gc,start    ] GC(105) Pause Young (Mixed) (G1 Evacuation Pause)
[41.352s][info][gc,task     ] GC(105) Using 2 workers of 2 for evacuation
[41.357s][info][gc,phases   ] GC(105)   Pre Evacuate Collection Set: 0.28ms
[41.357s][info][gc,phases   ] GC(105)   Merge Heap Roots: 0.09ms
[41.357s][info][gc,phases   ] GC(105)   Evacuate Collection Set: 3.50ms
[41.357s][info][gc,phases   ] GC(105)   Post Evacuate Collection Set: 0.50ms
[41.357s][info][gc,phases   ] GC(105)   Other: 0.09ms
[41.357s][info][gc,heap     ] GC(105) Eden regions: 214->0(218)
[41.357s][info][gc,heap     ] GC(105) Survivor regions: 3->1(28)
[41.357s][info][gc,heap     ] GC(105) Old regions: 58->58
[41.357s][info][gc,heap     ] GC(105) Humongous regions: 207->207
[41.357s][info][gc,metaspace] GC(105) Metaspace: 55509K(55808K)->55509K(55808K) NonClass: 49913K(50112K)->49913K(50112K) Class: 5596K(5696K)->5596K(5696K)
[41.357s][info][gc          ] GC(105) Pause Young (Mixed) (G1 Evacuation Pause) 481M->265M(512M) 4.627ms
[41.357s][info][gc,cpu      ] GC(105) User=0.01s Sys=0.00s Real=0.00s
[41.835s][info][gc,start    ] GC(106) Pause Young (Concurrent Start) (G1 Evacuation Pause)
[41.835s][info][gc,task     ] GC(106) Using 2 workers of 2 for evacuation
[41.840s][info][gc,phases   ] GC(106)   Pre Evacuate Collection Set: 0.27ms
[41.840s][info][gc,phases   ] GC(106)   Merge Heap Roots: 0.09ms
[41.840s][info][gc,phases   ] GC(106)   Evacuate Collection Set: 4.49ms
[41.840s][info][gc,phases   ] GC(106)   Post Evacuate Collection Set: 0.48ms
[41.840s][info][gc,phases   ] GC(106)   Other: 0.11ms
[41.840s][info][gc,heap     ] GC(106) Eden regions: 218->0(214)
[41.840s][info][gc,heap     ] GC(106) Survivor regions: 1->3(28)
[41.840s][info][gc,heap     ] GC(106) Old regions: 58->58
[41.840s][info][gc,heap     ] GC(106) Humongous regions: 207->207
[41.841s][info][gc,metaspace] GC(106) Metaspace: 55509K(55808K)->55509K(55808K) NonClass: 49913K(50112K)->49913K(50112K) Class: 5596K(5696K)->5596K(5696K)
[41.841s][info][gc          ] GC(106) Pause Young (Concurrent Start) (G1 Evacuation Pause) 483M->267M(512M) 5.635ms
[41.841s][info][gc,cpu      ] GC(106) User=0.01s Sys=0.00s Real=0.01s
[41.841s][info][gc          ] GC(107) Concurrent Mark Cycle
[41.841s][info][gc,marking  ] GC(107) Concurrent Scan Root Regions
[41.849s][info][gc,marking  ] GC(107) Concurrent Scan Root Regions 8.403ms
[41.849s][info][gc,marking  ] GC(107) Concurrent Mark
[41.849s][info][gc,marking  ] GC(107) Concurrent Mark From Roots
[41.849s][info][gc,task     ] GC(107) Using 1 workers of 1 for marking
[41.899s][info][gc,marking  ] GC(107) Concurrent Mark From Roots 49.622ms
[41.899s][info][gc,marking  ] GC(107) Concurrent Preclean
[41.899s][info][gc,marking  ] GC(107) Concurrent Preclean 0.070ms
[41.899s][info][gc,start    ] GC(107) Pause Remark
[41.906s][info][gc          ] GC(107) Pause Remark 294M->294M(512M) 7.325ms
[41.906s][info][gc,cpu      ] GC(107) User=0.02s Sys=0.00s Real=0.01s
[41.907s][info][gc,marking  ] GC(107) Concurrent Mark 57.823ms
[41.907s][info][gc,marking  ] GC(107) Concurrent Rebuild Remembered Sets and Scrub Regions
[41.931s][info][gc,marking  ] GC(107) Concurrent Rebuild Remembered Sets and Scrub Regions 24.196ms
[41.931s][info][gc,start    ] GC(107) Pause Cleanup
[41.931s][info][gc          ] GC(107) Pause Cleanup 307M->307M(512M) 0.053ms
[41.931s][info][gc,cpu      ] GC(107) User=0.00s Sys=0.00s Real=0.00s
[41.932s][info][gc,marking  ] GC(107) Concurrent Clear Claimed Marks
[41.932s][info][gc,marking  ] GC(107) Concurrent Clear Claimed Marks 0.105ms
[41.932s][info][gc,marking  ] GC(107) Concurrent Cleanup for Next Mark
[41.935s][info][gc,marking  ] GC(107) Concurrent Cleanup for Next Mark 3.271ms
[41.935s][info][gc          ] GC(107) Concurrent Mark Cycle 94.909ms
[42.398s][info][gc,start    ] GC(108) Pause Young (Prepare Mixed) (G1 Evacuation Pause)
[42.398s][info][gc,task     ] GC(108) Using 2 workers of 2 for evacuation
[42.405s][info][gc,phases   ] GC(108)   Pre Evacuate Collection Set: 0.26ms
[42.405s][info][gc,phases   ] GC(108)   Merge Heap Roots: 0.14ms
[42.405s][info][gc,phases   ] GC(108)   Evacuate Collection Set: 6.01ms
[42.405s][info][gc,phases   ] GC(108)   Post Evacuate Collection Set: 0.51ms
[42.405s][info][gc,phases   ] GC(108)   Other: 0.07ms
[42.405s][info][gc,heap     ] GC(108) Eden regions: 214->0(212)
[42.405s][info][gc,heap     ] GC(108) Survivor regions: 3->4(28)
[42.405s][info][gc,heap     ] GC(108) Old regions: 58->58
[42.405s][info][gc,heap     ] GC(108) Humongous regions: 207->207
[42.405s][info][gc,metaspace] GC(108) Metaspace: 55509K(55808K)->55509K(55808K) NonClass: 49913K(50112K)->49913K(50112K) Class: 5596K(5696K)->5596K(5696K)
[42.405s][info][gc          ] GC(108) Pause Young (Prepare Mixed) (G1 Evacuation Pause) 481M->268M(512M) 7.162ms
[42.405s][info][gc,cpu      ] GC(108) User=0.01s Sys=0.00s Real=0.01s
[42.860s][info][gc,start    ] GC(109) Pause Young (Mixed) (G1 Evacuation Pause)
[42.861s][info][gc,task     ] GC(109) Using 2 workers of 2 for evacuation
[42.865s][info][gc,phases   ] GC(109)   Pre Evacuate Collection Set: 0.27ms
[42.865s][info][gc,phases   ] GC(109)   Merge Heap Roots: 0.12ms
[42.865s][info][gc,phases   ] GC(109)   Evacuate Collection Set: 3.89ms
[42.865s][info][gc,phases   ] GC(109)   Post Evacuate Collection Set: 0.52ms
[42.865s][info][gc,phases   ] GC(109)   Other: 0.07ms
[42.865s][info][gc,heap     ] GC(109) Eden regions: 212->0(216)
[42.865s][info][gc,heap     ] GC(109) Survivor regions: 4->2(27)
[42.865s][info][gc,heap     ] GC(109) Old regions: 58->58
[42.865s][info][gc,heap     ] GC(109) Humongous regions: 207->207
[42.865s][info][gc,metaspace] GC(109) Metaspace: 55509K(55808K)->55509K(55808K) NonClass: 49913K(50112K)->49913K(50112K) Class: 5596K(5696K)->5596K(5696K)
[42.866s][info][gc          ] GC(109) Pause Young (Mixed) (G1 Evacuation Pause) 480M->266M(512M) 5.056ms
[42.866s][info][gc,cpu      ] GC(109) User=0.01s Sys=0.00s Real=0.00s
[43.428s][info][gc,start    ] GC(110) Pause Young (Concurrent Start) (G1 Evacuation Pause)
[43.428s][info][gc,task     ] GC(110) Using 2 workers of 2 for evacuation
[43.432s][info][gc,phases   ] GC(110)   Pre Evacuate Collection Set: 0.27ms
[43.433s][info][gc,phases   ] GC(110)   Merge Heap Roots: 0.09ms
[43.433s][info][gc,phases   ] GC(110)   Evacuate Collection Set: 3.67ms
[43.433s][info][gc,phases   ] GC(110)   Post Evacuate Collection Set: 0.51ms
[43.433s][info][gc,phases   ] GC(110)   Other: 0.08ms
[43.433s][info][gc,heap     ] GC(110) Eden regions: 216->0(214)
[43.433s][info][gc,heap     ] GC(110) Survivor regions: 2->3(28)
[43.433s][info][gc,heap     ] GC(110) Old regions: 58->58
[43.433s][info][gc,heap     ] GC(110) Humongous regions: 207->207
[43.433s][info][gc,metaspace] GC(110) Metaspace: 55509K(55808K)->55509K(55808K) NonClass: 49913K(50112K)->49913K(50112K) Class: 5596K(5696K)->5596K(5696K)
[43.433s][info][gc          ] GC(110) Pause Young (Concurrent Start) (G1 Evacuation Pause) 482M->266M(512M) 4.805ms
[43.433s][info][gc,cpu      ] GC(110) User=0.01s Sys=0.00s Real=0.01s
[43.433s][info][gc          ] GC(111) Concurrent Mark Cycle
[43.433s][info][gc,marking  ] GC(111) Concurrent Scan Root Regions
[43.442s][info][gc,marking  ] GC(111) Concurrent Scan Root Regions 9.743ms
[43.442s][info][gc,marking  ] GC(111) Concurrent Mark
[43.442s][info][gc,marking  ] GC(111) Concurrent Mark From Roots
[43.442s][info][gc,task     ] GC(111) Using 1 workers of 1 for marking
[43.503s][info][gc,marking  ] GC(111) Concurrent Mark From Roots 60.641ms
[43.503s][info][gc,marking  ] GC(111) Concurrent Preclean
[43.503s][info][gc,marking  ] GC(111) Concurrent Preclean 0.077ms
[43.503s][info][gc,start    ] GC(111) Pause Remark
[43.529s][info][gc          ] GC(111) Pause Remark 288M->288M(512M) 25.654ms
[43.529s][info][gc,cpu      ] GC(111) User=0.02s Sys=0.00s Real=0.02s
[43.556s][info][gc,marking  ] GC(111) Concurrent Mark 113.575ms
[43.556s][info][gc,marking  ] GC(111) Concurrent Rebuild Remembered Sets and Scrub Regions
[43.604s][info][gc,marking  ] GC(111) Concurrent Rebuild Remembered Sets and Scrub Regions 47.873ms
[43.604s][info][gc,start    ] GC(111) Pause Cleanup
[43.604s][info][gc          ] GC(111) Pause Cleanup 298M->298M(512M) 0.069ms
[43.604s][info][gc,cpu      ] GC(111) User=0.00s Sys=0.00s Real=0.00s
[43.604s][info][gc,marking  ] GC(111) Concurrent Clear Claimed Marks
[43.604s][info][gc,marking  ] GC(111) Concurrent Clear Claimed Marks 0.109ms
[43.604s][info][gc,marking  ] GC(111) Concurrent Cleanup for Next Mark
[43.608s][info][gc,marking  ] GC(111) Concurrent Cleanup for Next Mark 3.325ms
[43.608s][info][gc          ] GC(111) Concurrent Mark Cycle 175.011ms
[43.940s][info][gc,start    ] GC(112) Pause Young (Prepare Mixed) (G1 Evacuation Pause)
[43.940s][info][gc,task     ] GC(112) Using 2 workers of 2 for evacuation
[43.946s][info][gc,phases   ] GC(112)   Pre Evacuate Collection Set: 0.30ms
[43.946s][info][gc,phases   ] GC(112)   Merge Heap Roots: 0.12ms
[43.946s][info][gc,phases   ] GC(112)   Evacuate Collection Set: 5.48ms
[43.946s][info][gc,phases   ] GC(112)   Post Evacuate Collection Set: 0.53ms
[43.946s][info][gc,phases   ] GC(112)   Other: 0.07ms
[43.946s][info][gc,heap     ] GC(112) Eden regions: 214->0(212)
[43.946s][info][gc,heap     ] GC(112) Survivor regions: 3->4(28)
[43.946s][info][gc,heap     ] GC(112) Old regions: 58->58
[43.946s][info][gc,heap     ] GC(112) Humongous regions: 207->207
[43.946s][info][gc,metaspace] GC(112) Metaspace: 55509K(55808K)->55509K(55808K) NonClass: 49913K(50112K)->49913K(50112K) Class: 5596K(5696K)->5596K(5696K)
[43.946s][info][gc          ] GC(112) Pause Young (Prepare Mixed) (G1 Evacuation Pause) 480M->268M(512M) 6.672ms
[43.946s][info][gc,cpu      ] GC(112) User=0.01s Sys=0.00s Real=0.01s
[44.502s][info][gc,start    ] GC(113) Pause Young (Mixed) (G1 Evacuation Pause)
[44.502s][info][gc,task     ] GC(113) Using 2 workers of 2 for evacuation
[44.508s][info][gc,phases   ] GC(113)   Pre Evacuate Collection Set: 0.27ms
[44.508s][info][gc,phases   ] GC(113)   Merge Heap Roots: 0.09ms
[44.508s][info][gc,phases   ] GC(113)   Evacuate Collection Set: 5.80ms
[44.508s][info][gc,phases   ] GC(113)   Post Evacuate Collection Set: 0.49ms
[44.508s][info][gc,phases   ] GC(113)   Other: 0.07ms
[44.508s][info][gc,heap     ] GC(113) Eden regions: 212->0(214)
[44.508s][info][gc,heap     ] GC(113) Survivor regions: 4->3(27)
[44.508s][info][gc,heap     ] GC(113) Old regions: 58->58
[44.508s][info][gc,heap     ] GC(113) Humongous regions: 207->207
[44.508s][info][gc,metaspace] GC(113) Metaspace: 55509K(55808K)->55509K(55808K) NonClass: 49913K(50112K)->49913K(50112K) Class: 5596K(5696K)->5596K(5696K)
[44.508s][info][gc          ] GC(113) Pause Young (Mixed) (G1 Evacuation Pause) 480M->267M(512M) 6.882ms
[44.508s][info][gc,cpu      ] GC(113) User=0.01s Sys=0.00s Real=0.00s
[44.965s][info][gc,start    ] GC(114) Pause Young (Concurrent Start) (G1 Evacuation Pause)
[44.965s][info][gc,task     ] GC(114) Using 2 workers of 2 for evacuation
[44.976s][info][gc,phases   ] GC(114)   Pre Evacuate Collection Set: 1.75ms
[44.976s][info][gc,phases   ] GC(114)   Merge Heap Roots: 0.10ms
[44.976s][info][gc,phases   ] GC(114)   Evacuate Collection Set: 8.94ms
[44.976s][info][gc,phases   ] GC(114)   Post Evacuate Collection Set: 0.47ms
[44.976s][info][gc,phases   ] GC(114)   Other: 0.10ms
[44.976s][info][gc,heap     ] GC(114) Eden regions: 214->0(216)
[44.976s][info][gc,heap     ] GC(114) Survivor regions: 3->2(28)
[44.976s][info][gc,heap     ] GC(114) Old regions: 58->58
[44.976s][info][gc,heap     ] GC(114) Humongous regions: 207->207
[44.976s][info][gc,metaspace] GC(114) Metaspace: 55509K(55808K)->55509K(55808K) NonClass: 49913K(50112K)->49913K(50112K) Class: 5596K(5696K)->5596K(5696K)
[44.976s][info][gc          ] GC(114) Pause Young (Concurrent Start) (G1 Evacuation Pause) 481M->266M(512M) 11.552ms
[44.976s][info][gc          ] GC(115) Concurrent Mark Cycle
[44.976s][info][gc,marking  ] GC(115) Concurrent Scan Root Regions
[44.976s][info][gc,cpu      ] GC(114) User=0.01s Sys=0.00s Real=0.01s
[44.979s][info][gc,marking  ] GC(115) Concurrent Scan Root Regions 2.835ms
[44.979s][info][gc,marking  ] GC(115) Concurrent Mark
[44.979s][info][gc,marking  ] GC(115) Concurrent Mark From Roots
[44.979s][info][gc,task     ] GC(115) Using 1 workers of 1 for marking
[45.019s][info][gc,marking  ] GC(115) Concurrent Mark From Roots 39.774ms
[45.019s][info][gc,marking  ] GC(115) Concurrent Preclean
[45.019s][info][gc,marking  ] GC(115) Concurrent Preclean 0.058ms
[45.019s][info][gc,start    ] GC(115) Pause Remark
[45.026s][info][gc          ] GC(115) Pause Remark 271M->271M(512M) 6.991ms
[45.026s][info][gc,cpu      ] GC(115) User=0.01s Sys=0.00s Real=0.01s
[45.027s][info][gc,marking  ] GC(115) Concurrent Mark 47.827ms
[45.027s][info][gc,marking  ] GC(115) Concurrent Rebuild Remembered Sets and Scrub Regions
[45.054s][info][gc,marking  ] GC(115) Concurrent Rebuild Remembered Sets and Scrub Regions 27.000ms
[45.054s][info][gc,start    ] GC(115) Pause Cleanup
[45.054s][info][gc          ] GC(115) Pause Cleanup 289M->289M(512M) 0.062ms
[45.054s][info][gc,cpu      ] GC(115) User=0.00s Sys=0.00s Real=0.00s
[45.054s][info][gc,marking  ] GC(115) Concurrent Clear Claimed Marks
[45.054s][info][gc,marking  ] GC(115) Concurrent Clear Claimed Marks 0.083ms
[45.054s][info][gc,marking  ] GC(115) Concurrent Cleanup for Next Mark
[45.056s][info][gc,marking  ] GC(115) Concurrent Cleanup for Next Mark 1.493ms
[45.056s][info][gc          ] GC(115) Concurrent Mark Cycle 79.667ms
[45.524s][info][gc,start    ] GC(116) Pause Young (Prepare Mixed) (G1 Evacuation Pause)
[45.524s][info][gc,task     ] GC(116) Using 2 workers of 2 for evacuation
[45.528s][info][gc,phases   ] GC(116)   Pre Evacuate Collection Set: 0.25ms
[45.528s][info][gc,phases   ] GC(116)   Merge Heap Roots: 0.12ms
[45.528s][info][gc,phases   ] GC(116)   Evacuate Collection Set: 2.75ms
[45.528s][info][gc,phases   ] GC(116)   Post Evacuate Collection Set: 0.50ms
[45.528s][info][gc,phases   ] GC(116)   Other: 0.09ms
[45.528s][info][gc,heap     ] GC(116) Eden regions: 216->0(216)
[45.528s][info][gc,heap     ] GC(116) Survivor regions: 2->2(28)
[45.528s][info][gc,heap     ] GC(116) Old regions: 58->58
[45.528s][info][gc,heap     ] GC(116) Humongous regions: 207->207
[45.528s][info][gc,metaspace] GC(116) Metaspace: 55509K(55808K)->55509K(55808K) NonClass: 49913K(50112K)->49913K(50112K) Class: 5596K(5696K)->5596K(5696K)
[45.528s][info][gc          ] GC(116) Pause Young (Prepare Mixed) (G1 Evacuation Pause) 482M->266M(512M) 3.899ms
[45.528s][info][gc,cpu      ] GC(116) User=0.01s Sys=0.00s Real=0.00s
[46.036s][info][gc,start    ] GC(117) Pause Young (Mixed) (G1 Evacuation Pause)
[46.036s][info][gc,task     ] GC(117) Using 2 workers of 2 for evacuation
[46.042s][info][gc,phases   ] GC(117)   Pre Evacuate Collection Set: 0.27ms
[46.042s][info][gc,phases   ] GC(117)   Merge Heap Roots: 0.11ms
[46.042s][info][gc,phases   ] GC(117)   Evacuate Collection Set: 5.00ms
[46.042s][info][gc,phases   ] GC(117)   Post Evacuate Collection Set: 0.50ms
[46.042s][info][gc,phases   ] GC(117)   Other: 0.07ms
[46.042s][info][gc,heap     ] GC(117) Eden regions: 216->0(214)
[46.042s][info][gc,heap     ] GC(117) Survivor regions: 2->3(28)
[46.042s][info][gc,heap     ] GC(117) Old regions: 58->58
[46.042s][info][gc,heap     ] GC(117) Humongous regions: 207->207
[46.042s][info][gc,metaspace] GC(117) Metaspace: 55509K(55808K)->55509K(55808K) NonClass: 49913K(50112K)->49913K(50112K) Class: 5596K(5696K)->5596K(5696K)
[46.042s][info][gc          ] GC(117) Pause Young (Mixed) (G1 Evacuation Pause) 482M->267M(512M) 6.141ms
[46.042s][info][gc,cpu      ] GC(117) User=0.01s Sys=0.00s Real=0.01s
[46.545s][info][gc,start    ] GC(118) Pause Young (Concurrent Start) (G1 Evacuation Pause)
[46.545s][info][gc,task     ] GC(118) Using 2 workers of 2 for evacuation
[46.551s][info][gc,phases   ] GC(118)   Pre Evacuate Collection Set: 0.31ms
[46.551s][info][gc,phases   ] GC(118)   Merge Heap Roots: 0.09ms
[46.551s][info][gc,phases   ] GC(118)   Evacuate Collection Set: 5.42ms
[46.551s][info][gc,phases   ] GC(118)   Post Evacuate Collection Set: 0.48ms
[46.551s][info][gc,phases   ] GC(118)   Other: 0.10ms
[46.551s][info][gc,heap     ] GC(118) Eden regions: 214->0(212)
[46.551s][info][gc,heap     ] GC(118) Survivor regions: 3->4(28)
[46.551s][info][gc,heap     ] GC(118) Old regions: 58->58
[46.551s][info][gc,heap     ] GC(118) Humongous regions: 207->207
[46.551s][info][gc,metaspace] GC(118) Metaspace: 55509K(55808K)->55509K(55808K) NonClass: 49913K(50112K)->49913K(50112K) Class: 5596K(5696K)->5596K(5696K)
[46.551s][info][gc          ] GC(118) Pause Young (Concurrent Start) (G1 Evacuation Pause) 481M->268M(512M) 6.606ms
[46.551s][info][gc,cpu      ] GC(118) User=0.02s Sys=0.00s Real=0.01s
[46.551s][info][gc          ] GC(119) Concurrent Mark Cycle
[46.552s][info][gc,marking  ] GC(119) Concurrent Scan Root Regions
[46.556s][info][gc,marking  ] GC(119) Concurrent Scan Root Regions 4.052ms
[46.556s][info][gc,marking  ] GC(119) Concurrent Mark
[46.556s][info][gc,marking  ] GC(119) Concurrent Mark From Roots
[46.556s][info][gc,task     ] GC(119) Using 1 workers of 1 for marking
[46.615s][info][gc,marking  ] GC(119) Concurrent Mark From Roots 58.971ms
[46.615s][info][gc,marking  ] GC(119) Concurrent Preclean
[46.615s][info][gc,marking  ] GC(119) Concurrent Preclean 0.081ms
[46.616s][info][gc,start    ] GC(119) Pause Remark
[46.622s][info][gc          ] GC(119) Pause Remark 281M->281M(512M) 6.912ms
[46.623s][info][gc,cpu      ] GC(119) User=0.01s Sys=0.01s Real=0.01s
[46.624s][info][gc,marking  ] GC(119) Concurrent Mark 67.195ms
[46.624s][info][gc,marking  ] GC(119) Concurrent Rebuild Remembered Sets and Scrub Regions
[46.659s][info][gc,marking  ] GC(119) Concurrent Rebuild Remembered Sets and Scrub Regions 35.018ms
[46.659s][info][gc,start    ] GC(119) Pause Cleanup
[46.659s][info][gc          ] GC(119) Pause Cleanup 309M->309M(512M) 0.085ms
[46.659s][info][gc,cpu      ] GC(119) User=0.00s Sys=0.00s Real=0.00s
[46.659s][info][gc,marking  ] GC(119) Concurrent Clear Claimed Marks
[46.659s][info][gc,marking  ] GC(119) Concurrent Clear Claimed Marks 0.093ms
[46.659s][info][gc,marking  ] GC(119) Concurrent Cleanup for Next Mark
[46.661s][info][gc,marking  ] GC(119) Concurrent Cleanup for Next Mark 1.508ms
[46.661s][info][gc          ] GC(119) Concurrent Mark Cycle 109.353ms
[47.206s][info][gc,start    ] GC(120) Pause Young (Prepare Mixed) (G1 Evacuation Pause)
[47.206s][info][gc,task     ] GC(120) Using 2 workers of 2 for evacuation
[47.210s][info][gc,phases   ] GC(120)   Pre Evacuate Collection Set: 0.30ms
[47.210s][info][gc,phases   ] GC(120)   Merge Heap Roots: 0.13ms
[47.210s][info][gc,phases   ] GC(120)   Evacuate Collection Set: 2.78ms
[47.210s][info][gc,phases   ] GC(120)   Post Evacuate Collection Set: 0.49ms
[47.210s][info][gc,phases   ] GC(120)   Other: 0.13ms
[47.210s][info][gc,heap     ] GC(120) Eden regions: 212->0(216)
[47.210s][info][gc,heap     ] GC(120) Survivor regions: 4->2(27)
[47.210s][info][gc,heap     ] GC(120) Old regions: 58->58
[47.210s][info][gc,heap     ] GC(120) Humongous regions: 207->207
[47.210s][info][gc,metaspace] GC(120) Metaspace: 55509K(55808K)->55509K(55808K) NonClass: 49913K(50112K)->49913K(50112K) Class: 5596K(5696K)->5596K(5696K)
[47.210s][info][gc          ] GC(120) Pause Young (Prepare Mixed) (G1 Evacuation Pause) 479M->265M(512M) 4.031ms
[47.210s][info][gc,cpu      ] GC(120) User=0.01s Sys=0.00s Real=0.00s
[47.726s][info][gc,start    ] GC(121) Pause Young (Mixed) (G1 Evacuation Pause)
[47.726s][info][gc,task     ] GC(121) Using 2 workers of 2 for evacuation
[47.731s][info][gc,phases   ] GC(121)   Pre Evacuate Collection Set: 0.27ms
[47.731s][info][gc,phases   ] GC(121)   Merge Heap Roots: 0.09ms
[47.731s][info][gc,phases   ] GC(121)   Evacuate Collection Set: 3.51ms
[47.731s][info][gc,phases   ] GC(121)   Post Evacuate Collection Set: 0.51ms
[47.731s][info][gc,phases   ] GC(121)   Other: 0.10ms
[47.731s][info][gc,heap     ] GC(121) Eden regions: 216->0(216)
[47.731s][info][gc,heap     ] GC(121) Survivor regions: 2->2(28)
[47.731s][info][gc,heap     ] GC(121) Old regions: 58->58
[47.731s][info][gc,heap     ] GC(121) Humongous regions: 207->207
[47.731s][info][gc,metaspace] GC(121) Metaspace: 55509K(55808K)->55509K(55808K) NonClass: 49913K(50112K)->49913K(50112K) Class: 5596K(5696K)->5596K(5696K)
[47.731s][info][gc          ] GC(121) Pause Young (Mixed) (G1 Evacuation Pause) 481M->265M(512M) 4.683ms
[47.731s][info][gc,cpu      ] GC(121) User=0.01s Sys=0.00s Real=0.01s
[48.242s][info][gc,start    ] GC(122) Pause Young (Concurrent Start) (G1 Evacuation Pause)
[48.242s][info][gc,task     ] GC(122) Using 2 workers of 2 for evacuation
[48.249s][info][gc,phases   ] GC(122)   Pre Evacuate Collection Set: 0.30ms
[48.249s][info][gc,phases   ] GC(122)   Merge Heap Roots: 0.09ms
[48.249s][info][gc,phases   ] GC(122)   Evacuate Collection Set: 5.39ms
[48.249s][info][gc,phases   ] GC(122)   Post Evacuate Collection Set: 0.50ms
[48.249s][info][gc,phases   ] GC(122)   Other: 0.10ms
[48.249s][info][gc,heap     ] GC(122) Eden regions: 216->0(212)
[48.249s][info][gc,heap     ] GC(122) Survivor regions: 2->4(28)
[48.249s][info][gc,heap     ] GC(122) Old regions: 58->58
[48.249s][info][gc,heap     ] GC(122) Humongous regions: 207->207
[48.249s][info][gc,metaspace] GC(122) Metaspace: 55509K(55808K)->55509K(55808K) NonClass: 49913K(50112K)->49913K(50112K) Class: 5596K(5696K)->5596K(5696K)
[48.249s][info][gc          ] GC(122) Pause Young (Concurrent Start) (G1 Evacuation Pause) 481M->268M(512M) 6.591ms
[48.249s][info][gc,cpu      ] GC(122) User=0.01s Sys=0.00s Real=0.00s
[48.249s][info][gc          ] GC(123) Concurrent Mark Cycle
[48.249s][info][gc,marking  ] GC(123) Concurrent Scan Root Regions
[48.258s][info][gc,marking  ] GC(123) Concurrent Scan Root Regions 8.732ms
[48.258s][info][gc,marking  ] GC(123) Concurrent Mark
[48.258s][info][gc,marking  ] GC(123) Concurrent Mark From Roots
[48.258s][info][gc,task     ] GC(123) Using 1 workers of 1 for marking
[48.305s][info][gc,marking  ] GC(123) Concurrent Mark From Roots 46.778ms
[48.305s][info][gc,marking  ] GC(123) Concurrent Preclean
[48.305s][info][gc,marking  ] GC(123) Concurrent Preclean 0.063ms
[48.305s][info][gc,start    ] GC(123) Pause Remark
[48.312s][info][gc          ] GC(123) Pause Remark 290M->290M(512M) 6.912ms
[48.312s][info][gc,cpu      ] GC(123) User=0.01s Sys=0.00s Real=0.01s
[48.312s][info][gc,marking  ] GC(123) Concurrent Mark 54.057ms
[48.312s][info][gc,marking  ] GC(123) Concurrent Rebuild Remembered Sets and Scrub Regions
[48.335s][info][gc,marking  ] GC(123) Concurrent Rebuild Remembered Sets and Scrub Regions 23.102ms
[48.335s][info][gc,start    ] GC(123) Pause Cleanup
[48.336s][info][gc          ] GC(123) Pause Cleanup 302M->302M(512M) 0.062ms
[48.336s][info][gc,cpu      ] GC(123) User=0.00s Sys=0.00s Real=0.00s
[48.336s][info][gc,marking  ] GC(123) Concurrent Clear Claimed Marks
[48.336s][info][gc,marking  ] GC(123) Concurrent Clear Claimed Marks 0.096ms
[48.336s][info][gc,marking  ] GC(123) Concurrent Cleanup for Next Mark
[48.337s][info][gc,marking  ] GC(123) Concurrent Cleanup for Next Mark 1.584ms
[48.337s][info][gc          ] GC(123) Concurrent Mark Cycle 88.073ms
[48.755s][info][gc,start    ] GC(124) Pause Young (Prepare Mixed) (G1 Evacuation Pause)
[48.755s][info][gc,task     ] GC(124) Using 2 workers of 2 for evacuation
[48.762s][info][gc,phases   ] GC(124)   Pre Evacuate Collection Set: 0.27ms
[48.762s][info][gc,phases   ] GC(124)   Merge Heap Roots: 0.13ms
[48.762s][info][gc,phases   ] GC(124)   Evacuate Collection Set: 5.82ms
[48.762s][info][gc,phases   ] GC(124)   Post Evacuate Collection Set: 0.57ms
[48.762s][info][gc,phases   ] GC(124)   Other: 0.11ms
[48.762s][info][gc,heap     ] GC(124) Eden regions: 212->0(214)
[48.762s][info][gc,heap     ] GC(124) Survivor regions: 4->3(27)
[48.762s][info][gc,heap     ] GC(124) Old regions: 58->58
[48.762s][info][gc,heap     ] GC(124) Humongous regions: 207->207
[48.762s][info][gc,metaspace] GC(124) Metaspace: 55509K(55808K)->55509K(55808K) NonClass: 49913K(50112K)->49913K(50112K) Class: 5596K(5696K)->5596K(5696K)
[48.762s][info][gc          ] GC(124) Pause Young (Prepare Mixed) (G1 Evacuation Pause) 479M->267M(512M) 7.108ms
[48.762s][info][gc,cpu      ] GC(124) User=0.02s Sys=0.00s Real=0.01s
[49.264s][info][gc,start    ] GC(125) Pause Young (Mixed) (G1 Evacuation Pause)
[49.264s][info][gc,task     ] GC(125) Using 2 workers of 2 for evacuation
[49.268s][info][gc,phases   ] GC(125)   Pre Evacuate Collection Set: 0.26ms
[49.268s][info][gc,phases   ] GC(125)   Merge Heap Roots: 0.09ms
[49.268s][info][gc,phases   ] GC(125)   Evacuate Collection Set: 3.30ms
[49.268s][info][gc,phases   ] GC(125)   Post Evacuate Collection Set: 0.50ms
[49.268s][info][gc,phases   ] GC(125)   Other: 0.07ms
[49.268s][info][gc,heap     ] GC(125) Eden regions: 214->0(216)
[49.268s][info][gc,heap     ] GC(125) Survivor regions: 3->2(28)
[49.268s][info][gc,heap     ] GC(125) Old regions: 58->58
[49.268s][info][gc,heap     ] GC(125) Humongous regions: 207->207
[49.268s][info][gc,metaspace] GC(125) Metaspace: 55510K(55808K)->55510K(55808K) NonClass: 49914K(50112K)->49914K(50112K) Class: 5596K(5696K)->5596K(5696K)
[49.268s][info][gc          ] GC(125) Pause Young (Mixed) (G1 Evacuation Pause) 481M->265M(512M) 4.389ms
[49.268s][info][gc,cpu      ] GC(125) User=0.01s Sys=0.00s Real=0.00s
[49.830s][info][gc,start    ] GC(126) Pause Young (Concurrent Start) (G1 Evacuation Pause)
[49.830s][info][gc,task     ] GC(126) Using 2 workers of 2 for evacuation
[49.834s][info][gc,phases   ] GC(126)   Pre Evacuate Collection Set: 0.29ms
[49.834s][info][gc,phases   ] GC(126)   Merge Heap Roots: 0.09ms
[49.834s][info][gc,phases   ] GC(126)   Evacuate Collection Set: 3.55ms
[49.834s][info][gc,phases   ] GC(126)   Post Evacuate Collection Set: 0.50ms
[49.834s][info][gc,phases   ] GC(126)   Other: 0.11ms
[49.834s][info][gc,heap     ] GC(126) Eden regions: 216->0(214)
[49.834s][info][gc,heap     ] GC(126) Survivor regions: 2->3(28)
[49.834s][info][gc,heap     ] GC(126) Old regions: 58->58
[49.834s][info][gc,heap     ] GC(126) Humongous regions: 207->207
[49.834s][info][gc,metaspace] GC(126) Metaspace: 55512K(55808K)->55512K(55808K) NonClass: 49916K(50112K)->49916K(50112K) Class: 5596K(5696K)->5596K(5696K)
[49.834s][info][gc          ] GC(126) Pause Young (Concurrent Start) (G1 Evacuation Pause) 481M->266M(512M) 4.718ms
[49.834s][info][gc          ] GC(127) Concurrent Mark Cycle
[49.834s][info][gc,cpu      ] GC(126) User=0.01s Sys=0.00s Real=0.01s
[49.834s][info][gc,marking  ] GC(127) Concurrent Scan Root Regions
[49.840s][info][gc,marking  ] GC(127) Concurrent Scan Root Regions 5.441ms
[49.840s][info][gc,marking  ] GC(127) Concurrent Mark
[49.840s][info][gc,marking  ] GC(127) Concurrent Mark From Roots
[49.840s][info][gc,task     ] GC(127) Using 1 workers of 1 for marking
[49.897s][info][gc,marking  ] GC(127) Concurrent Mark From Roots 57.112ms
[49.897s][info][gc,marking  ] GC(127) Concurrent Preclean
[49.897s][info][gc,marking  ] GC(127) Concurrent Preclean 0.077ms
[49.897s][info][gc,start    ] GC(127) Pause Remark
[49.904s][info][gc          ] GC(127) Pause Remark 299M->299M(512M) 7.030ms
[49.904s][info][gc,cpu      ] GC(127) User=0.01s Sys=0.00s Real=0.01s
[49.905s][info][gc,marking  ] GC(127) Concurrent Mark 64.576ms
[49.905s][info][gc,marking  ] GC(127) Concurrent Rebuild Remembered Sets and Scrub Regions
[49.929s][info][gc,marking  ] GC(127) Concurrent Rebuild Remembered Sets and Scrub Regions 24.920ms
[49.930s][info][gc,start    ] GC(127) Pause Cleanup
[49.930s][info][gc          ] GC(127) Pause Cleanup 305M->305M(512M) 0.068ms
[49.930s][info][gc,cpu      ] GC(127) User=0.00s Sys=0.00s Real=0.00s
[49.930s][info][gc,marking  ] GC(127) Concurrent Clear Claimed Marks
[49.930s][info][gc,marking  ] GC(127) Concurrent Clear Claimed Marks 0.081ms
[49.930s][info][gc,marking  ] GC(127) Concurrent Cleanup for Next Mark
[49.935s][info][gc,marking  ] GC(127) Concurrent Cleanup for Next Mark 5.561ms
[49.935s][info][gc          ] GC(127) Concurrent Mark Cycle 101.044ms
[50.337s][info][gc,start    ] GC(128) Pause Young (Prepare Mixed) (G1 Evacuation Pause)
[50.337s][info][gc,task     ] GC(128) Using 2 workers of 2 for evacuation
[50.342s][info][gc,phases   ] GC(128)   Pre Evacuate Collection Set: 0.27ms
[50.342s][info][gc,phases   ] GC(128)   Merge Heap Roots: 0.10ms
[50.342s][info][gc,phases   ] GC(128)   Evacuate Collection Set: 4.75ms
[50.342s][info][gc,phases   ] GC(128)   Post Evacuate Collection Set: 0.47ms
[50.342s][info][gc,phases   ] GC(128)   Other: 0.07ms
[50.342s][info][gc,heap     ] GC(128) Eden regions: 214->0(212)
[50.342s][info][gc,heap     ] GC(128) Survivor regions: 3->4(28)
[50.342s][info][gc,heap     ] GC(128) Old regions: 58->58
[50.342s][info][gc,heap     ] GC(128) Humongous regions: 207->207
[50.342s][info][gc,metaspace] GC(128) Metaspace: 55512K(55808K)->55512K(55808K) NonClass: 49916K(50112K)->49916K(50112K) Class: 5596K(5696K)->5596K(5696K)
[50.342s][info][gc          ] GC(128) Pause Young (Prepare Mixed) (G1 Evacuation Pause) 480M->268M(512M) 5.860ms
[50.343s][info][gc,cpu      ] GC(128) User=0.01s Sys=0.00s Real=0.01s
[50.901s][info][gc,start    ] GC(129) Pause Young (Mixed) (G1 Evacuation Pause)
[50.901s][info][gc,task     ] GC(129) Using 2 workers of 2 for evacuation
[50.906s][info][gc,phases   ] GC(129)   Pre Evacuate Collection Set: 0.28ms
[50.906s][info][gc,phases   ] GC(129)   Merge Heap Roots: 0.09ms
[50.906s][info][gc,phases   ] GC(129)   Evacuate Collection Set: 4.15ms
[50.906s][info][gc,phases   ] GC(129)   Post Evacuate Collection Set: 0.49ms
[50.907s][info][gc,phases   ] GC(129)   Other: 0.12ms
[50.907s][info][gc,heap     ] GC(129) Eden regions: 212->0(216)
[50.907s][info][gc,heap     ] GC(129) Survivor regions: 4->2(27)
[50.907s][info][gc,heap     ] GC(129) Old regions: 58->58
[50.907s][info][gc,heap     ] GC(129) Humongous regions: 207->207
[50.907s][info][gc,metaspace] GC(129) Metaspace: 55512K(55808K)->55512K(55808K) NonClass: 49916K(50112K)->49916K(50112K) Class: 5596K(5696K)->5596K(5696K)
[50.907s][info][gc          ] GC(129) Pause Young (Mixed) (G1 Evacuation Pause) 480M->266M(512M) 5.313ms
[50.907s][info][gc,cpu      ] GC(129) User=0.01s Sys=0.00s Real=0.00s
[51.423s][info][gc,start    ] GC(130) Pause Young (Concurrent Start) (G1 Evacuation Pause)
[51.423s][info][gc,task     ] GC(130) Using 2 workers of 2 for evacuation
[51.427s][info][gc,phases   ] GC(130)   Pre Evacuate Collection Set: 0.32ms
[51.427s][info][gc,phases   ] GC(130)   Merge Heap Roots: 0.09ms
[51.427s][info][gc,phases   ] GC(130)   Evacuate Collection Set: 2.54ms
[51.427s][info][gc,phases   ] GC(130)   Post Evacuate Collection Set: 0.48ms
[51.427s][info][gc,phases   ] GC(130)   Other: 0.10ms
[51.427s][info][gc,heap     ] GC(130) Eden regions: 216->0(216)
[51.427s][info][gc,heap     ] GC(130) Survivor regions: 2->2(28)
[51.427s][info][gc,heap     ] GC(130) Old regions: 58->58
[51.427s][info][gc,heap     ] GC(130) Humongous regions: 207->207
[51.427s][info][gc,metaspace] GC(130) Metaspace: 55515K(55808K)->55515K(55808K) NonClass: 49919K(50112K)->49919K(50112K) Class: 5596K(5696K)->5596K(5696K)
[51.427s][info][gc          ] GC(130) Pause Young (Concurrent Start) (G1 Evacuation Pause) 482M->265M(512M) 3.735ms
[51.427s][info][gc,cpu      ] GC(130) User=0.01s Sys=0.00s Real=0.00s
[51.427s][info][gc          ] GC(131) Concurrent Mark Cycle
[51.428s][info][gc,marking  ] GC(131) Concurrent Scan Root Regions
[51.432s][info][gc,marking  ] GC(131) Concurrent Scan Root Regions 3.581ms
[51.432s][info][gc,marking  ] GC(131) Concurrent Mark
[51.432s][info][gc,marking  ] GC(131) Concurrent Mark From Roots
[51.432s][info][gc,task     ] GC(131) Using 1 workers of 1 for marking
[51.484s][info][gc,marking  ] GC(131) Concurrent Mark From Roots 52.403ms
[51.484s][info][gc,marking  ] GC(131) Concurrent Preclean
[51.484s][info][gc,marking  ] GC(131) Concurrent Preclean 0.067ms
[51.484s][info][gc,start    ] GC(131) Pause Remark
[51.492s][info][gc          ] GC(131) Pause Remark 297M->297M(512M) 7.301ms
[51.492s][info][gc,cpu      ] GC(131) User=0.01s Sys=0.00s Real=0.01s
[51.492s][info][gc,marking  ] GC(131) Concurrent Mark 60.358ms
[51.492s][info][gc,marking  ] GC(131) Concurrent Rebuild Remembered Sets and Scrub Regions
[51.509s][info][gc,marking  ] GC(131) Concurrent Rebuild Remembered Sets and Scrub Regions 17.006ms
[51.509s][info][gc,start    ] GC(131) Pause Cleanup
[51.509s][info][gc          ] GC(131) Pause Cleanup 302M->302M(512M) 0.078ms
[51.509s][info][gc,cpu      ] GC(131) User=0.00s Sys=0.00s Real=0.00s
[51.509s][info][gc,marking  ] GC(131) Concurrent Clear Claimed Marks
[51.509s][info][gc,marking  ] GC(131) Concurrent Clear Claimed Marks 0.086ms
[51.509s][info][gc,marking  ] GC(131) Concurrent Cleanup for Next Mark
[51.511s][info][gc,marking  ] GC(131) Concurrent Cleanup for Next Mark 1.549ms
[51.511s][info][gc          ] GC(131) Concurrent Mark Cycle 83.960ms
[51.936s][info][gc,start    ] GC(132) Pause Young (Prepare Mixed) (G1 Evacuation Pause)
[51.937s][info][gc,task     ] GC(132) Using 2 workers of 2 for evacuation
[51.941s][info][gc,phases   ] GC(132)   Pre Evacuate Collection Set: 0.28ms
[51.941s][info][gc,phases   ] GC(132)   Merge Heap Roots: 0.11ms
[51.941s][info][gc,phases   ] GC(132)   Evacuate Collection Set: 3.53ms
[51.941s][info][gc,phases   ] GC(132)   Post Evacuate Collection Set: 0.50ms
[51.941s][info][gc,phases   ] GC(132)   Other: 0.09ms
[51.941s][info][gc,heap     ] GC(132) Eden regions: 216->0(216)
[51.941s][info][gc,heap     ] GC(132) Survivor regions: 2->2(28)
[51.941s][info][gc,heap     ] GC(132) Old regions: 58->58
[51.941s][info][gc,heap     ] GC(132) Humongous regions: 207->207
[51.941s][info][gc,metaspace] GC(132) Metaspace: 55515K(55808K)->55515K(55808K) NonClass: 49919K(50112K)->49919K(50112K) Class: 5596K(5696K)->5596K(5696K)
[51.941s][info][gc          ] GC(132) Pause Young (Prepare Mixed) (G1 Evacuation Pause) 481M->266M(512M) 4.731ms
[51.941s][info][gc,cpu      ] GC(132) User=0.01s Sys=0.00s Real=0.01s
[52.445s][info][gc,start    ] GC(133) Pause Young (Mixed) (G1 Evacuation Pause)
[52.445s][info][gc,task     ] GC(133) Using 2 workers of 2 for evacuation
[52.452s][info][gc,phases   ] GC(133)   Pre Evacuate Collection Set: 0.26ms
[52.452s][info][gc,phases   ] GC(133)   Merge Heap Roots: 0.09ms
[52.452s][info][gc,phases   ] GC(133)   Evacuate Collection Set: 6.28ms
[52.452s][info][gc,phases   ] GC(133)   Post Evacuate Collection Set: 0.52ms
[52.452s][info][gc,phases   ] GC(133)   Other: 0.08ms
[52.452s][info][gc,heap     ] GC(133) Eden regions: 216->0(212)
[52.452s][info][gc,heap     ] GC(133) Survivor regions: 2->4(28)
[52.452s][info][gc,heap     ] GC(133) Old regions: 58->58
[52.452s][info][gc,heap     ] GC(133) Humongous regions: 207->207
[52.452s][info][gc,metaspace] GC(133) Metaspace: 55515K(55808K)->55515K(55808K) NonClass: 49919K(50112K)->49919K(50112K) Class: 5596K(5696K)->5596K(5696K)
[52.452s][info][gc          ] GC(133) Pause Young (Mixed) (G1 Evacuation Pause) 482M->267M(512M) 7.417ms
[52.452s][info][gc,cpu      ] GC(133) User=0.01s Sys=0.00s Real=0.01s
[52.960s][info][gc,start    ] GC(134) Pause Young (Concurrent Start) (G1 Evacuation Pause)
[52.960s][info][gc,task     ] GC(134) Using 2 workers of 2 for evacuation
[52.965s][info][gc,phases   ] GC(134)   Pre Evacuate Collection Set: 0.30ms
[52.966s][info][gc,phases   ] GC(134)   Merge Heap Roots: 0.11ms
[52.966s][info][gc,phases   ] GC(134)   Evacuate Collection Set: 4.33ms
[52.966s][info][gc,phases   ] GC(134)   Post Evacuate Collection Set: 0.50ms
[52.966s][info][gc,phases   ] GC(134)   Other: 0.12ms
[52.966s][info][gc,heap     ] GC(134) Eden regions: 212->0(214)
[52.966s][info][gc,heap     ] GC(134) Survivor regions: 4->3(27)
[52.966s][info][gc,heap     ] GC(134) Old regions: 58->58
[52.966s][info][gc,heap     ] GC(134) Humongous regions: 207->207
[52.966s][info][gc,metaspace] GC(134) Metaspace: 55515K(55808K)->55515K(55808K) NonClass: 49919K(50112K)->49919K(50112K) Class: 5596K(5696K)->5596K(5696K)
[52.966s][info][gc          ] GC(134) Pause Young (Concurrent Start) (G1 Evacuation Pause) 479M->266M(512M) 5.531ms
[52.966s][info][gc,cpu      ] GC(134) User=0.01s Sys=0.00s Real=0.01s
[52.966s][info][gc          ] GC(135) Concurrent Mark Cycle
[52.966s][info][gc,marking  ] GC(135) Concurrent Scan Root Regions
[52.972s][info][gc,marking  ] GC(135) Concurrent Scan Root Regions 6.303ms
[52.972s][info][gc,marking  ] GC(135) Concurrent Mark
[52.972s][info][gc,marking  ] GC(135) Concurrent Mark From Roots
[52.972s][info][gc,task     ] GC(135) Using 1 workers of 1 for marking
[53.017s][info][gc,marking  ] GC(135) Concurrent Mark From Roots 45.136ms
[53.017s][info][gc,marking  ] GC(135) Concurrent Preclean
[53.017s][info][gc,marking  ] GC(135) Concurrent Preclean 0.063ms
[53.017s][info][gc,start    ] GC(135) Pause Remark
[53.024s][info][gc          ] GC(135) Pause Remark 275M->275M(512M) 6.949ms
[53.024s][info][gc,cpu      ] GC(135) User=0.02s Sys=0.00s Real=0.01s
[53.025s][info][gc,marking  ] GC(135) Concurrent Mark 52.747ms
[53.025s][info][gc,marking  ] GC(135) Concurrent Rebuild Remembered Sets and Scrub Regions
[53.055s][info][gc,marking  ] GC(135) Concurrent Rebuild Remembered Sets and Scrub Regions 30.543ms
[53.055s][info][gc,start    ] GC(135) Pause Cleanup
[53.056s][info][gc          ] GC(135) Pause Cleanup 300M->300M(512M) 0.064ms
[53.056s][info][gc,cpu      ] GC(135) User=0.00s Sys=0.00s Real=0.00s
[53.057s][info][gc,marking  ] GC(135) Concurrent Clear Claimed Marks
[53.057s][info][gc,marking  ] GC(135) Concurrent Clear Claimed Marks 0.109ms
[53.057s][info][gc,marking  ] GC(135) Concurrent Cleanup for Next Mark
[53.059s][info][gc,marking  ] GC(135) Concurrent Cleanup for Next Mark 2.735ms
[53.060s][info][gc          ] GC(135) Concurrent Mark Cycle 93.846ms
[53.522s][info][gc,start    ] GC(136) Pause Young (Prepare Mixed) (G1 Evacuation Pause)
[53.522s][info][gc,task     ] GC(136) Using 2 workers of 2 for evacuation
[53.525s][info][gc,phases   ] GC(136)   Pre Evacuate Collection Set: 0.28ms
[53.525s][info][gc,phases   ] GC(136)   Merge Heap Roots: 0.11ms
[53.525s][info][gc,phases   ] GC(136)   Evacuate Collection Set: 2.23ms
[53.525s][info][gc,phases   ] GC(136)   Post Evacuate Collection Set: 0.49ms
[53.525s][info][gc,phases   ] GC(136)   Other: 0.07ms
[53.525s][info][gc,heap     ] GC(136) Eden regions: 214->0(218)
[53.525s][info][gc,heap     ] GC(136) Survivor regions: 3->1(28)
[53.525s][info][gc,heap     ] GC(136) Old regions: 58->58
[53.525s][info][gc,heap     ] GC(136) Humongous regions: 207->207
[53.525s][info][gc,metaspace] GC(136) Metaspace: 55515K(55808K)->55515K(55808K) NonClass: 49919K(50112K)->49919K(50112K) Class: 5596K(5696K)->5596K(5696K)
[53.525s][info][gc          ] GC(136) Pause Young (Prepare Mixed) (G1 Evacuation Pause) 480M->265M(512M) 3.346ms
[53.525s][info][gc,cpu      ] GC(136) User=0.01s Sys=0.00s Real=0.00s
[54.039s][info][gc,start    ] GC(137) Pause Young (Mixed) (G1 Evacuation Pause)
[54.039s][info][gc,task     ] GC(137) Using 2 workers of 2 for evacuation
[54.044s][info][gc,phases   ] GC(137)   Pre Evacuate Collection Set: 0.26ms
[54.045s][info][gc,phases   ] GC(137)   Merge Heap Roots: 0.10ms
[54.045s][info][gc,phases   ] GC(137)   Evacuate Collection Set: 4.50ms
[54.045s][info][gc,phases   ] GC(137)   Post Evacuate Collection Set: 0.51ms
[54.045s][info][gc,phases   ] GC(137)   Other: 0.08ms
[54.045s][info][gc,heap     ] GC(137) Eden regions: 218->0(214)
[54.045s][info][gc,heap     ] GC(137) Survivor regions: 1->3(28)
[54.045s][info][gc,heap     ] GC(137) Old regions: 58->58
[54.045s][info][gc,heap     ] GC(137) Humongous regions: 207->207
[54.045s][info][gc,metaspace] GC(137) Metaspace: 55515K(55808K)->55515K(55808K) NonClass: 49919K(50112K)->49919K(50112K) Class: 5596K(5696K)->5596K(5696K)
[54.045s][info][gc          ] GC(137) Pause Young (Mixed) (G1 Evacuation Pause) 483M->266M(512M) 5.660ms
[54.045s][info][gc,cpu      ] GC(137) User=0.01s Sys=0.00s Real=0.01s
[54.545s][info][gc,start    ] GC(138) Pause Young (Concurrent Start) (G1 Evacuation Pause)
[54.545s][info][gc,task     ] GC(138) Using 2 workers of 2 for evacuation
[54.550s][info][gc,phases   ] GC(138)   Pre Evacuate Collection Set: 0.29ms
[54.550s][info][gc,phases   ] GC(138)   Merge Heap Roots: 0.09ms
[54.550s][info][gc,phases   ] GC(138)   Evacuate Collection Set: 4.51ms
[54.550s][info][gc,phases   ] GC(138)   Post Evacuate Collection Set: 0.49ms
[54.550s][info][gc,phases   ] GC(138)   Other: 0.10ms
[54.550s][info][gc,heap     ] GC(138) Eden regions: 214->0(214)
[54.550s][info][gc,heap     ] GC(138) Survivor regions: 3->3(28)
[54.550s][info][gc,heap     ] GC(138) Old regions: 58->58
[54.550s][info][gc,heap     ] GC(138) Humongous regions: 207->207
[54.551s][info][gc,metaspace] GC(138) Metaspace: 55515K(55808K)->55515K(55808K) NonClass: 49919K(50112K)->49919K(50112K) Class: 5596K(5696K)->5596K(5696K)
[54.551s][info][gc          ] GC(138) Pause Young (Concurrent Start) (G1 Evacuation Pause) 480M->266M(512M) 5.698ms
[54.551s][info][gc,cpu      ] GC(138) User=0.01s Sys=0.00s Real=0.01s
[54.551s][info][gc          ] GC(139) Concurrent Mark Cycle
[54.551s][info][gc,marking  ] GC(139) Concurrent Scan Root Regions
[54.554s][info][gc,marking  ] GC(139) Concurrent Scan Root Regions 2.857ms
[54.554s][info][gc,marking  ] GC(139) Concurrent Mark
[54.554s][info][gc,marking  ] GC(139) Concurrent Mark From Roots
[54.554s][info][gc,task     ] GC(139) Using 1 workers of 1 for marking
[54.601s][info][gc,marking  ] GC(139) Concurrent Mark From Roots 46.656ms
[54.601s][info][gc,marking  ] GC(139) Concurrent Preclean
[54.601s][info][gc,marking  ] GC(139) Concurrent Preclean 0.067ms
[54.601s][info][gc,start    ] GC(139) Pause Remark
[54.609s][info][gc          ] GC(139) Pause Remark 286M->286M(512M) 7.764ms
[54.609s][info][gc,cpu      ] GC(139) User=0.01s Sys=0.00s Real=0.00s
[54.609s][info][gc,marking  ] GC(139) Concurrent Mark 54.872ms
[54.609s][info][gc,marking  ] GC(139) Concurrent Rebuild Remembered Sets and Scrub Regions
[54.625s][info][gc,marking  ] GC(139) Concurrent Rebuild Remembered Sets and Scrub Regions 15.528ms
[54.625s][info][gc,start    ] GC(139) Pause Cleanup
[54.625s][info][gc          ] GC(139) Pause Cleanup 290M->290M(512M) 0.061ms
[54.625s][info][gc,cpu      ] GC(139) User=0.00s Sys=0.00s Real=0.00s
[54.625s][info][gc,marking  ] GC(139) Concurrent Clear Claimed Marks
[54.625s][info][gc,marking  ] GC(139) Concurrent Clear Claimed Marks 0.081ms
[54.625s][info][gc,marking  ] GC(139) Concurrent Cleanup for Next Mark
[54.626s][info][gc,marking  ] GC(139) Concurrent Cleanup for Next Mark 1.461ms
[54.626s][info][gc          ] GC(139) Concurrent Mark Cycle 75.181ms
[55.110s][info][gc,start    ] GC(140) Pause Young (Normal) (G1 Evacuation Pause)
[55.110s][info][gc,task     ] GC(140) Using 2 workers of 2 for evacuation
[55.115s][info][gc,phases   ] GC(140)   Pre Evacuate Collection Set: 0.30ms
[55.115s][info][gc,phases   ] GC(140)   Merge Heap Roots: 0.14ms
[55.115s][info][gc,phases   ] GC(140)   Evacuate Collection Set: 4.06ms
[55.115s][info][gc,phases   ] GC(140)   Post Evacuate Collection Set: 0.51ms
[55.115s][info][gc,phases   ] GC(140)   Other: 0.08ms
[55.115s][info][gc,heap     ] GC(140) Eden regions: 214->0(214)
[55.115s][info][gc,heap     ] GC(140) Survivor regions: 3->3(28)
[55.115s][info][gc,heap     ] GC(140) Old regions: 58->58
[55.115s][info][gc,heap     ] GC(140) Humongous regions: 207->207
[55.115s][info][gc,metaspace] GC(140) Metaspace: 55515K(55808K)->55515K(55808K) NonClass: 49919K(50112K)->49919K(50112K) Class: 5596K(5696K)->5596K(5696K)
[55.115s][info][gc          ] GC(140) Pause Young (Normal) (G1 Evacuation Pause) 480M->266M(512M) 5.301ms
[55.115s][info][gc,cpu      ] GC(140) User=0.01s Sys=0.00s Real=0.01s
[55.620s][info][gc,start    ] GC(141) Pause Young (Concurrent Start) (G1 Evacuation Pause)
[55.620s][info][gc,task     ] GC(141) Using 2 workers of 2 for evacuation
[55.623s][info][gc,phases   ] GC(141)   Pre Evacuate Collection Set: 0.29ms
[55.623s][info][gc,phases   ] GC(141)   Merge Heap Roots: 0.09ms
[55.623s][info][gc,phases   ] GC(141)   Evacuate Collection Set: 2.14ms
[55.623s][info][gc,phases   ] GC(141)   Post Evacuate Collection Set: 0.46ms
[55.623s][info][gc,phases   ] GC(141)   Other: 0.09ms
[55.623s][info][gc,heap     ] GC(141) Eden regions: 214->0(216)
[55.623s][info][gc,heap     ] GC(141) Survivor regions: 3->2(28)
[55.623s][info][gc,heap     ] GC(141) Old regions: 58->58
[55.623s][info][gc,heap     ] GC(141) Humongous regions: 207->207
[55.623s][info][gc,metaspace] GC(141) Metaspace: 55515K(55808K)->55515K(55808K) NonClass: 49919K(50112K)->49919K(50112K) Class: 5596K(5696K)->5596K(5696K)
[55.623s][info][gc          ] GC(141) Pause Young (Concurrent Start) (G1 Evacuation Pause) 480M->265M(512M) 3.258ms
[55.623s][info][gc,cpu      ] GC(141) User=0.01s Sys=0.00s Real=0.01s
[55.623s][info][gc          ] GC(142) Concurrent Mark Cycle
[55.623s][info][gc,marking  ] GC(142) Concurrent Scan Root Regions
[55.626s][info][gc,marking  ] GC(142) Concurrent Scan Root Regions 2.444ms
[55.626s][info][gc,marking  ] GC(142) Concurrent Mark
[55.626s][info][gc,marking  ] GC(142) Concurrent Mark From Roots
[55.626s][info][gc,task     ] GC(142) Using 1 workers of 1 for marking
[55.685s][info][gc,marking  ] GC(142) Concurrent Mark From Roots 58.883ms
[55.685s][info][gc,marking  ] GC(142) Concurrent Preclean
[55.685s][info][gc,marking  ] GC(142) Concurrent Preclean 0.065ms
[55.685s][info][gc,start    ] GC(142) Pause Remark
[55.693s][info][gc          ] GC(142) Pause Remark 302M->302M(512M) 7.710ms
[55.693s][info][gc,cpu      ] GC(142) User=0.02s Sys=0.00s Real=0.01s
[55.693s][info][gc,marking  ] GC(142) Concurrent Mark 67.473ms
[55.693s][info][gc,marking  ] GC(142) Concurrent Rebuild Remembered Sets and Scrub Regions
[55.711s][info][gc,marking  ] GC(142) Concurrent Rebuild Remembered Sets and Scrub Regions 17.524ms
[55.711s][info][gc,start    ] GC(142) Pause Cleanup
[55.711s][info][gc          ] GC(142) Pause Cleanup 304M->304M(512M) 0.064ms
[55.711s][info][gc,cpu      ] GC(142) User=0.00s Sys=0.00s Real=0.00s
[55.711s][info][gc,marking  ] GC(142) Concurrent Clear Claimed Marks
[55.711s][info][gc,marking  ] GC(142) Concurrent Clear Claimed Marks 0.090ms
[55.711s][info][gc,marking  ] GC(142) Concurrent Cleanup for Next Mark
[55.713s][info][gc,marking  ] GC(142) Concurrent Cleanup for Next Mark 1.500ms
[55.713s][info][gc          ] GC(142) Concurrent Mark Cycle 89.363ms
[56.177s][info][gc,start    ] GC(143) Pause Young (Normal) (G1 Evacuation Pause)
[56.177s][info][gc,task     ] GC(143) Using 2 workers of 2 for evacuation
[56.181s][info][gc,phases   ] GC(143)   Pre Evacuate Collection Set: 0.27ms
[56.181s][info][gc,phases   ] GC(143)   Merge Heap Roots: 0.12ms
[56.181s][info][gc,phases   ] GC(143)   Evacuate Collection Set: 3.30ms
[56.181s][info][gc,phases   ] GC(143)   Post Evacuate Collection Set: 0.49ms
[56.181s][info][gc,phases   ] GC(143)   Other: 0.08ms
[56.181s][info][gc,heap     ] GC(143) Eden regions: 216->0(214)
[56.181s][info][gc,heap     ] GC(143) Survivor regions: 2->3(28)
[56.181s][info][gc,heap     ] GC(143) Old regions: 58->58
[56.181s][info][gc,heap     ] GC(143) Humongous regions: 207->207
[56.181s][info][gc,metaspace] GC(143) Metaspace: 55515K(55808K)->55515K(55808K) NonClass: 49919K(50112K)->49919K(50112K) Class: 5596K(5696K)->5596K(5696K)
[56.181s][info][gc          ] GC(143) Pause Young (Normal) (G1 Evacuation Pause) 481M->266M(512M) 4.447ms
[56.181s][info][gc,cpu      ] GC(143) User=0.01s Sys=0.00s Real=0.01s
[56.655s][info][gc,start    ] GC(144) Pause Young (Concurrent Start) (G1 Evacuation Pause)
[56.655s][info][gc,task     ] GC(144) Using 2 workers of 2 for evacuation
[56.660s][info][gc,phases   ] GC(144)   Pre Evacuate Collection Set: 0.29ms
[56.660s][info][gc,phases   ] GC(144)   Merge Heap Roots: 0.11ms
[56.660s][info][gc,phases   ] GC(144)   Evacuate Collection Set: 4.66ms
[56.660s][info][gc,phases   ] GC(144)   Post Evacuate Collection Set: 0.47ms
[56.660s][info][gc,phases   ] GC(144)   Other: 0.11ms
[56.660s][info][gc,heap     ] GC(144) Eden regions: 214->0(214)
[56.660s][info][gc,heap     ] GC(144) Survivor regions: 3->3(28)
[56.660s][info][gc,heap     ] GC(144) Old regions: 58->58
[56.660s][info][gc,heap     ] GC(144) Humongous regions: 207->207
[56.660s][info][gc,metaspace] GC(144) Metaspace: 55515K(55808K)->55515K(55808K) NonClass: 49919K(50112K)->49919K(50112K) Class: 5596K(5696K)->5596K(5696K)
[56.660s][info][gc          ] GC(144) Pause Young (Concurrent Start) (G1 Evacuation Pause) 480M->266M(512M) 5.796ms
[56.660s][info][gc,cpu      ] GC(144) User=0.01s Sys=0.00s Real=0.01s
[56.660s][info][gc          ] GC(145) Concurrent Mark Cycle
[56.660s][info][gc,marking  ] GC(145) Concurrent Scan Root Regions
[56.664s][info][gc,marking  ] GC(145) Concurrent Scan Root Regions 3.263ms
[56.664s][info][gc,marking  ] GC(145) Concurrent Mark
[56.664s][info][gc,marking  ] GC(145) Concurrent Mark From Roots
[56.664s][info][gc,task     ] GC(145) Using 1 workers of 1 for marking
[56.709s][info][gc,marking  ] GC(145) Concurrent Mark From Roots 44.994ms
[56.709s][info][gc,marking  ] GC(145) Concurrent Preclean
[56.709s][info][gc,marking  ] GC(145) Concurrent Preclean 0.070ms
[56.709s][info][gc,start    ] GC(145) Pause Remark
[56.716s][info][gc          ] GC(145) Pause Remark 279M->279M(512M) 6.947ms
[56.716s][info][gc,cpu      ] GC(145) User=0.01s Sys=0.00s Real=0.01s
[56.717s][info][gc,marking  ] GC(145) Concurrent Mark 52.782ms
[56.717s][info][gc,marking  ] GC(145) Concurrent Rebuild Remembered Sets and Scrub Regions
[56.734s][info][gc,marking  ] GC(145) Concurrent Rebuild Remembered Sets and Scrub Regions 17.000ms
[56.734s][info][gc,start    ] GC(145) Pause Cleanup
[56.734s][info][gc          ] GC(145) Pause Cleanup 288M->288M(512M) 0.060ms
[56.734s][info][gc,cpu      ] GC(145) User=0.00s Sys=0.00s Real=0.00s
[56.734s][info][gc,marking  ] GC(145) Concurrent Clear Claimed Marks
[56.734s][info][gc,marking  ] GC(145) Concurrent Clear Claimed Marks 0.079ms
[56.734s][info][gc,marking  ] GC(145) Concurrent Cleanup for Next Mark
[56.735s][info][gc,marking  ] GC(145) Concurrent Cleanup for Next Mark 1.479ms
[56.735s][info][gc          ] GC(145) Concurrent Mark Cycle 75.009ms
[57.263s][info][gc,start    ] GC(146) Pause Young (Normal) (G1 Evacuation Pause)
[57.264s][info][gc,task     ] GC(146) Using 2 workers of 2 for evacuation
[57.267s][info][gc,phases   ] GC(146)   Pre Evacuate Collection Set: 0.27ms
[57.267s][info][gc,phases   ] GC(146)   Merge Heap Roots: 0.10ms
[57.267s][info][gc,phases   ] GC(146)   Evacuate Collection Set: 2.15ms
[57.267s][info][gc,phases   ] GC(146)   Post Evacuate Collection Set: 0.49ms
[57.267s][info][gc,phases   ] GC(146)   Other: 0.07ms
[57.267s][info][gc,heap     ] GC(146) Eden regions: 214->0(218)
[57.267s][info][gc,heap     ] GC(146) Survivor regions: 3->1(28)
[57.267s][info][gc,heap     ] GC(146) Old regions: 58->58
[57.267s][info][gc,heap     ] GC(146) Humongous regions: 207->207
[57.267s][info][gc,metaspace] GC(146) Metaspace: 55515K(55808K)->55515K(55808K) NonClass: 49919K(50112K)->49919K(50112K) Class: 5596K(5696K)->5596K(5696K)
[57.267s][info][gc          ] GC(146) Pause Young (Normal) (G1 Evacuation Pause) 480M->265M(512M) 3.253ms
[57.267s][info][gc,cpu      ] GC(146) User=0.01s Sys=0.00s Real=0.00s
[57.733s][info][gc,start    ] GC(147) Pause Young (Concurrent Start) (G1 Evacuation Pause)
[57.733s][info][gc,task     ] GC(147) Using 2 workers of 2 for evacuation
[57.737s][info][gc,phases   ] GC(147)   Pre Evacuate Collection Set: 0.27ms
[57.737s][info][gc,phases   ] GC(147)   Merge Heap Roots: 0.09ms
[57.737s][info][gc,phases   ] GC(147)   Evacuate Collection Set: 3.89ms
[57.737s][info][gc,phases   ] GC(147)   Post Evacuate Collection Set: 0.49ms
[57.738s][info][gc,phases   ] GC(147)   Other: 0.11ms
[57.738s][info][gc,heap     ] GC(147) Eden regions: 218->0(214)
[57.738s][info][gc,heap     ] GC(147) Survivor regions: 1->3(28)
[57.738s][info][gc,heap     ] GC(147) Old regions: 58->58
[57.738s][info][gc,heap     ] GC(147) Humongous regions: 207->207
[57.738s][info][gc,metaspace] GC(147) Metaspace: 55515K(55808K)->55515K(55808K) NonClass: 49919K(50112K)->49919K(50112K) Class: 5596K(5696K)->5596K(5696K)
[57.738s][info][gc          ] GC(147) Pause Young (Concurrent Start) (G1 Evacuation Pause) 483M->266M(512M) 5.023ms
[57.738s][info][gc,cpu      ] GC(147) User=0.01s Sys=0.00s Real=0.00s
[57.738s][info][gc          ] GC(148) Concurrent Mark Cycle
[57.738s][info][gc,marking  ] GC(148) Concurrent Scan Root Regions
[57.742s][info][gc,marking  ] GC(148) Concurrent Scan Root Regions 4.331ms
[57.742s][info][gc,marking  ] GC(148) Concurrent Mark
[57.742s][info][gc,marking  ] GC(148) Concurrent Mark From Roots
[57.742s][info][gc,task     ] GC(148) Using 1 workers of 1 for marking
[57.805s][info][gc,marking  ] GC(148) Concurrent Mark From Roots 62.577ms
[57.805s][info][gc,marking  ] GC(148) Concurrent Preclean
[57.805s][info][gc,marking  ] GC(148) Concurrent Preclean 0.065ms
[57.805s][info][gc,start    ] GC(148) Pause Remark
[57.812s][info][gc          ] GC(148) Pause Remark 294M->294M(512M) 7.277ms
[57.812s][info][gc,cpu      ] GC(148) User=0.02s Sys=0.00s Real=0.01s
[57.812s][info][gc,marking  ] GC(148) Concurrent Mark 70.328ms
[57.812s][info][gc,marking  ] GC(148) Concurrent Rebuild Remembered Sets and Scrub Regions
[57.838s][info][gc,marking  ] GC(148) Concurrent Rebuild Remembered Sets and Scrub Regions 25.647ms
[57.839s][info][gc,start    ] GC(148) Pause Cleanup
[57.839s][info][gc          ] GC(148) Pause Cleanup 308M->308M(512M) 0.077ms
[57.839s][info][gc,cpu      ] GC(148) User=0.00s Sys=0.00s Real=0.00s
[57.839s][info][gc,marking  ] GC(148) Concurrent Clear Claimed Marks
[57.839s][info][gc,marking  ] GC(148) Concurrent Clear Claimed Marks 0.103ms
[57.839s][info][gc,marking  ] GC(148) Concurrent Cleanup for Next Mark
[57.843s][info][gc,marking  ] GC(148) Concurrent Cleanup for Next Mark 3.838ms
[57.843s][info][gc          ] GC(148) Concurrent Mark Cycle 104.964ms
[58.271s][info][gc,start    ] GC(149) Pause Young (Prepare Mixed) (G1 Evacuation Pause)
[58.271s][info][gc,task     ] GC(149) Using 2 workers of 2 for evacuation
[58.277s][info][gc,phases   ] GC(149)   Pre Evacuate Collection Set: 0.26ms
[58.277s][info][gc,phases   ] GC(149)   Merge Heap Roots: 0.12ms
[58.277s][info][gc,phases   ] GC(149)   Evacuate Collection Set: 4.94ms
[58.277s][info][gc,phases   ] GC(149)   Post Evacuate Collection Set: 0.49ms
[58.277s][info][gc,phases   ] GC(149)   Other: 0.08ms
[58.277s][info][gc,heap     ] GC(149) Eden regions: 214->0(214)
[58.277s][info][gc,heap     ] GC(149) Survivor regions: 3->3(28)
[58.277s][info][gc,heap     ] GC(149) Old regions: 58->58
[58.277s][info][gc,heap     ] GC(149) Humongous regions: 207->207
[58.277s][info][gc,metaspace] GC(149) Metaspace: 55516K(55808K)->55516K(55808K) NonClass: 49920K(50112K)->49920K(50112K) Class: 5596K(5696K)->5596K(5696K)
[58.277s][info][gc          ] GC(149) Pause Young (Prepare Mixed) (G1 Evacuation Pause) 480M->267M(512M) 6.037ms
[58.277s][info][gc,cpu      ] GC(149) User=0.01s Sys=0.00s Real=0.00s
[58.764s][info][gc,start    ] GC(150) Pause Young (Mixed) (G1 Evacuation Pause)
[58.764s][info][gc,task     ] GC(150) Using 2 workers of 2 for evacuation
[58.770s][info][gc,phases   ] GC(150)   Pre Evacuate Collection Set: 0.28ms
[58.770s][info][gc,phases   ] GC(150)   Merge Heap Roots: 0.10ms
[58.770s][info][gc,phases   ] GC(150)   Evacuate Collection Set: 4.26ms
[58.770s][info][gc,phases   ] GC(150)   Post Evacuate Collection Set: 0.53ms
[58.770s][info][gc,phases   ] GC(150)   Other: 0.11ms
[58.770s][info][gc,heap     ] GC(150) Eden regions: 214->0(216)
[58.770s][info][gc,heap     ] GC(150) Survivor regions: 3->2(28)
[58.770s][info][gc,heap     ] GC(150) Old regions: 58->58
[58.770s][info][gc,heap     ] GC(150) Humongous regions: 207->207
[58.770s][info][gc,metaspace] GC(150) Metaspace: 55516K(55808K)->55516K(55808K) NonClass: 49920K(50112K)->49920K(50112K) Class: 5596K(5696K)->5596K(5696K)
[58.770s][info][gc          ] GC(150) Pause Young (Mixed) (G1 Evacuation Pause) 481M->265M(512M) 5.486ms
[58.770s][info][gc,cpu      ] GC(150) User=0.01s Sys=0.00s Real=0.00s
[59.208s][info][gc,start    ] GC(151) Pause Young (Concurrent Start) (G1 Humongous Allocation)
[59.208s][info][gc,task     ] GC(151) Using 2 workers of 2 for evacuation
[59.211s][info][gc,phases   ] GC(151)   Pre Evacuate Collection Set: 0.26ms
[59.211s][info][gc,phases   ] GC(151)   Merge Heap Roots: 0.09ms
[59.211s][info][gc,phases   ] GC(151)   Evacuate Collection Set: 2.07ms
[59.211s][info][gc,phases   ] GC(151)   Post Evacuate Collection Set: 0.45ms
[59.211s][info][gc,phases   ] GC(151)   Other: 0.16ms
[59.211s][info][gc,heap     ] GC(151) Eden regions: 172->0(218)
[59.211s][info][gc,heap     ] GC(151) Survivor regions: 2->1(28)
[59.211s][info][gc,heap     ] GC(151) Old regions: 58->58
[59.211s][info][gc,heap     ] GC(151) Humongous regions: 207->207
[59.211s][info][gc,metaspace] GC(151) Metaspace: 55636K(56000K)->55636K(56000K) NonClass: 50021K(50304K)->50021K(50304K) Class: 5615K(5696K)->5615K(5696K)
[59.211s][info][gc          ] GC(151) Pause Young (Concurrent Start) (G1 Humongous Allocation) 437M->264M(512M) 3.196ms
[59.211s][info][gc,cpu      ] GC(151) User=0.00s Sys=0.00s Real=0.01s
[59.211s][info][gc          ] GC(152) Concurrent Mark Cycle
[59.211s][info][gc,marking  ] GC(152) Concurrent Scan Root Regions
[59.216s][info][gc,marking  ] GC(152) Concurrent Scan Root Regions 5.100ms
[59.216s][info][gc,marking  ] GC(152) Concurrent Mark
[59.216s][info][gc,marking  ] GC(152) Concurrent Mark From Roots
[59.216s][info][gc,task     ] GC(152) Using 1 workers of 1 for marking
[59.298s][info][gc,marking  ] GC(152) Concurrent Mark From Roots 81.546ms
[59.298s][info][gc,marking  ] GC(152) Concurrent Preclean
[59.298s][info][gc,marking  ] GC(152) Concurrent Preclean 0.053ms
[59.298s][info][gc,start    ] GC(152) Pause Remark
[59.305s][info][gc          ] GC(152) Pause Remark 304M->304M(512M) 7.236ms
[59.305s][info][gc,cpu      ] GC(152) User=0.02s Sys=0.00s Real=0.01s
[59.308s][info][gc,marking  ] GC(152) Concurrent Mark 91.457ms
[59.308s][info][gc,marking  ] GC(152) Concurrent Rebuild Remembered Sets and Scrub Regions
[59.341s][info][gc,marking  ] GC(152) Concurrent Rebuild Remembered Sets and Scrub Regions 32.983ms
[59.341s][info][gc,start    ] GC(152) Pause Cleanup
[59.341s][info][gc          ] GC(152) Pause Cleanup 304M->304M(512M) 0.081ms
[59.341s][info][gc,cpu      ] GC(152) User=0.00s Sys=0.00s Real=0.00s
[59.341s][info][gc,marking  ] GC(152) Concurrent Clear Claimed Marks
[59.341s][info][gc,marking  ] GC(152) Concurrent Clear Claimed Marks 0.094ms
[59.341s][info][gc,marking  ] GC(152) Concurrent Cleanup for Next Mark
[59.343s][info][gc,marking  ] GC(152) Concurrent Cleanup for Next Mark 1.527ms
[59.343s][info][gc          ] GC(152) Concurrent Mark Cycle 131.746ms
[59.898s][info][gc,start    ] GC(153) Pause Young (Concurrent Start) (G1 Humongous Allocation)
[59.898s][info][gc,task     ] GC(153) Using 2 workers of 2 for evacuation
[59.902s][info][gc,phases   ] GC(153)   Pre Evacuate Collection Set: 0.29ms
[59.902s][info][gc,phases   ] GC(153)   Merge Heap Roots: 0.08ms
[59.902s][info][gc,phases   ] GC(153)   Evacuate Collection Set: 2.76ms
[59.902s][info][gc,phases   ] GC(153)   Post Evacuate Collection Set: 0.37ms
[59.902s][info][gc,phases   ] GC(153)   Other: 0.12ms
[59.902s][info][gc,heap     ] GC(153) Eden regions: 6->0(179)
[59.902s][info][gc,heap     ] GC(153) Survivor regions: 1->1(28)
[59.902s][info][gc,heap     ] GC(153) Old regions: 58->58
[59.902s][info][gc,heap     ] GC(153) Humongous regions: 246->246
[59.902s][info][gc,metaspace] GC(153) Metaspace: 55715K(56064K)->55715K(56064K) NonClass: 50097K(50368K)->50097K(50368K) Class: 5618K(5696K)->5618K(5696K)
[59.902s][info][gc          ] GC(153) Pause Young (Concurrent Start) (G1 Humongous Allocation) 309M->303M(512M) 3.820ms
[59.902s][info][gc          ] GC(154) Concurrent Mark Cycle
[59.902s][info][gc,marking  ] GC(154) Concurrent Scan Root Regions
[59.902s][info][gc,cpu      ] GC(153) User=0.01s Sys=0.00s Real=0.01s
[59.904s][info][gc,marking  ] GC(154) Concurrent Scan Root Regions 1.649ms
[59.904s][info][gc,marking  ] GC(154) Concurrent Mark
[59.904s][info][gc,marking  ] GC(154) Concurrent Mark From Roots
[59.904s][info][gc,task     ] GC(154) Using 1 workers of 1 for marking
[59.947s][info][gc,marking  ] GC(154) Concurrent Mark From Roots 43.717ms
[59.947s][info][gc,marking  ] GC(154) Concurrent Preclean
[59.948s][info][gc,marking  ] GC(154) Concurrent Preclean 0.054ms
[59.948s][info][gc,start    ] GC(154) Pause Remark
[59.956s][info][gc          ] GC(154) Pause Remark 342M->342M(574M) 8.300ms
[59.956s][info][gc,cpu      ] GC(154) User=0.01s Sys=0.00s Real=0.01s
[59.956s][info][gc,marking  ] GC(154) Concurrent Mark 52.543ms
[59.956s][info][gc,marking  ] GC(154) Concurrent Rebuild Remembered Sets and Scrub Regions
[59.976s][info][gc,marking  ] GC(154) Concurrent Rebuild Remembered Sets and Scrub Regions 20.102ms
[59.978s][info][gc,start    ] GC(154) Pause Cleanup
[59.978s][info][gc          ] GC(154) Pause Cleanup 343M->343M(574M) 0.085ms
[59.978s][info][gc,cpu      ] GC(154) User=0.00s Sys=0.00s Real=0.00s
[59.979s][info][gc,marking  ] GC(154) Concurrent Clear Claimed Marks
[59.979s][info][gc,marking  ] GC(154) Concurrent Clear Claimed Marks 0.081ms
[59.979s][info][gc,marking  ] GC(154) Concurrent Cleanup for Next Mark
[59.981s][info][gc,marking  ] GC(154) Concurrent Cleanup for Next Mark 2.689ms
[59.981s][info][gc          ] GC(154) Concurrent Mark Cycle 79.350ms
[60.857s][info][gc,start    ] GC(155) Pause Young (Concurrent Start) (G1 Humongous Allocation)
[60.857s][info][gc,task     ] GC(155) Using 2 workers of 2 for evacuation
[60.860s][info][gc,phases   ] GC(155)   Pre Evacuate Collection Set: 0.29ms
[60.860s][info][gc,phases   ] GC(155)   Merge Heap Roots: 0.40ms
[60.860s][info][gc,phases   ] GC(155)   Evacuate Collection Set: 2.07ms
[60.860s][info][gc,phases   ] GC(155)   Post Evacuate Collection Set: 0.39ms
[60.860s][info][gc,phases   ] GC(155)   Other: 0.10ms
[60.860s][info][gc,heap     ] GC(155) Eden regions: 9->0(277)
[60.860s][info][gc,heap     ] GC(155) Survivor regions: 1->1(23)
[60.860s][info][gc,heap     ] GC(155) Old regions: 58->58
[60.860s][info][gc,heap     ] GC(155) Humongous regions: 285->207
[60.860s][info][gc,metaspace] GC(155) Metaspace: 55725K(56064K)->55725K(56064K) NonClass: 50107K(50368K)->50107K(50368K) Class: 5618K(5696K)->5618K(5696K)
[60.860s][info][gc          ] GC(155) Pause Young (Concurrent Start) (G1 Humongous Allocation) 351M->264M(574M) 3.415ms
[60.860s][info][gc          ] GC(156) Concurrent Undo Cycle
[60.860s][info][gc,marking  ] GC(156) Concurrent Clear Claimed Marks
[60.860s][info][gc,marking  ] GC(156) Concurrent Clear Claimed Marks 0.077ms
[60.860s][info][gc,marking  ] GC(156) Concurrent Cleanup for Next Mark
[60.860s][info][gc,cpu      ] GC(155) User=0.01s Sys=0.00s Real=0.00s
[60.861s][info][gc,marking  ] GC(156) Concurrent Cleanup for Next Mark 0.333ms
[60.861s][info][gc          ] GC(156) Concurrent Undo Cycle 0.450ms
[60.868s][info][gc,start    ] GC(157) Pause Young (Concurrent Start) (G1 Humongous Allocation)
[60.868s][info][gc,task     ] GC(157) Using 2 workers of 2 for evacuation
[60.871s][info][gc,phases   ] GC(157)   Pre Evacuate Collection Set: 0.27ms
[60.871s][info][gc,phases   ] GC(157)   Merge Heap Roots: 0.08ms
[60.871s][info][gc,phases   ] GC(157)   Evacuate Collection Set: 1.76ms
[60.871s][info][gc,phases   ] GC(157)   Post Evacuate Collection Set: 0.38ms
[60.871s][info][gc,phases   ] GC(157)   Other: 0.10ms
[60.871s][info][gc,heap     ] GC(157) Eden regions: 1->0(277)
[60.871s][info][gc,heap     ] GC(157) Survivor regions: 1->1(35)
[60.871s][info][gc,heap     ] GC(157) Old regions: 58->58
[60.871s][info][gc,heap     ] GC(157) Humongous regions: 246->207
[60.871s][info][gc,metaspace] GC(157) Metaspace: 55725K(56064K)->55725K(56064K) NonClass: 50107K(50368K)->50107K(50368K) Class: 5618K(5696K)->5618K(5696K)
[60.871s][info][gc          ] GC(157) Pause Young (Concurrent Start) (G1 Humongous Allocation) 303M->264M(574M) 2.831ms
[60.871s][info][gc,cpu      ] GC(157) User=0.00s Sys=0.00s Real=0.01s
[60.871s][info][gc          ] GC(158) Concurrent Mark Cycle
[60.871s][info][gc,marking  ] GC(158) Concurrent Scan Root Regions
[60.872s][info][gc,marking  ] GC(158) Concurrent Scan Root Regions 1.522ms
[60.872s][info][gc,marking  ] GC(158) Concurrent Mark
[60.872s][info][gc,marking  ] GC(158) Concurrent Mark From Roots
[60.872s][info][gc,task     ] GC(158) Using 1 workers of 1 for marking
[60.915s][info][gc,marking  ] GC(158) Concurrent Mark From Roots 42.865ms
[60.915s][info][gc,marking  ] GC(158) Concurrent Preclean
[60.915s][info][gc,marking  ] GC(158) Concurrent Preclean 0.049ms
[60.916s][info][gc,start    ] GC(158) Pause Remark
[60.923s][info][gc          ] GC(158) Pause Remark 305M->305M(574M) 7.137ms
[60.923s][info][gc,cpu      ] GC(158) User=0.01s Sys=0.00s Real=0.01s
[60.923s][info][gc,marking  ] GC(158) Concurrent Mark 50.817ms
[60.923s][info][gc,marking  ] GC(158) Concurrent Rebuild Remembered Sets and Scrub Regions
[60.962s][info][gc,marking  ] GC(158) Concurrent Rebuild Remembered Sets and Scrub Regions 38.308ms
[60.962s][info][gc,start    ] GC(158) Pause Cleanup
[60.962s][info][gc          ] GC(158) Pause Cleanup 307M->307M(574M) 0.076ms
[60.962s][info][gc,cpu      ] GC(158) User=0.00s Sys=0.00s Real=0.00s
[60.962s][info][gc,marking  ] GC(158) Concurrent Clear Claimed Marks
[60.962s][info][gc,marking  ] GC(158) Concurrent Clear Claimed Marks 0.079ms
[60.962s][info][gc,marking  ] GC(158) Concurrent Cleanup for Next Mark
[60.964s][info][gc,marking  ] GC(158) Concurrent Cleanup for Next Mark 2.476ms
[60.964s][info][gc          ] GC(158) Concurrent Mark Cycle 93.573ms
[63.344s][info][gc,start    ] GC(159) Pause Young (Normal) (G1 Evacuation Pause)
[63.344s][info][gc,task     ] GC(159) Using 2 workers of 2 for evacuation
[63.369s][info][gc,phases   ] GC(159)   Pre Evacuate Collection Set: 0.44ms
[63.369s][info][gc,phases   ] GC(159)   Merge Heap Roots: 0.17ms
[63.369s][info][gc,phases   ] GC(159)   Evacuate Collection Set: 23.13ms
[63.369s][info][gc,phases   ] GC(159)   Post Evacuate Collection Set: 0.73ms
[63.369s][info][gc,phases   ] GC(159)   Other: 0.09ms
[63.369s][info][gc,heap     ] GC(159) Eden regions: 269->0(247)
[63.369s][info][gc,heap     ] GC(159) Survivor regions: 1->26(35)
[63.369s][info][gc,heap     ] GC(159) Old regions: 58->58
[63.369s][info][gc,heap     ] GC(159) Humongous regions: 246->207
[63.369s][info][gc,metaspace] GC(159) Metaspace: 56048K(56384K)->56048K(56384K) NonClass: 50430K(50688K)->50430K(50688K) Class: 5618K(5696K)->5618K(5696K)
[63.369s][info][gc          ] GC(159) Pause Young (Normal) (G1 Evacuation Pause) 572M->290M(600M) 24.782ms
[63.369s][info][gc,cpu      ] GC(159) User=0.03s Sys=0.01s Real=0.02s
[63.937s][info][gc,start    ] GC(160) Pause Young (Concurrent Start) (G1 Evacuation Pause)
[63.937s][info][gc,task     ] GC(160) Using 2 workers of 2 for evacuation
[63.947s][info][gc,phases   ] GC(160)   Pre Evacuate Collection Set: 0.29ms
[63.947s][info][gc,phases   ] GC(160)   Merge Heap Roots: 0.10ms
[63.947s][info][gc,phases   ] GC(160)   Evacuate Collection Set: 8.68ms
[63.947s][info][gc,phases   ] GC(160)   Post Evacuate Collection Set: 0.63ms
[63.947s][info][gc,phases   ] GC(160)   Other: 0.59ms
[63.947s][info][gc,heap     ] GC(160) Eden regions: 247->0(259)
[63.947s][info][gc,heap     ] GC(160) Survivor regions: 26->2(35)
[63.947s][info][gc,heap     ] GC(160) Old regions: 58->81
[63.947s][info][gc,heap     ] GC(160) Humongous regions: 207->207
[63.947s][info][gc,metaspace] GC(160) Metaspace: 56048K(56384K)->56048K(56384K) NonClass: 50430K(50688K)->50430K(50688K) Class: 5618K(5696K)->5618K(5696K)
[63.947s][info][gc          ] GC(160) Pause Young (Concurrent Start) (G1 Evacuation Pause) 537M->289M(600M) 10.498ms
[63.947s][info][gc          ] GC(161) Concurrent Mark Cycle
[63.947s][info][gc,marking  ] GC(161) Concurrent Scan Root Regions
[63.948s][info][gc,cpu      ] GC(160) User=0.02s Sys=0.00s Real=0.01s
[63.959s][info][gc,marking  ] GC(161) Concurrent Scan Root Regions 11.443ms
[63.959s][info][gc,marking  ] GC(161) Concurrent Mark
[63.959s][info][gc,marking  ] GC(161) Concurrent Mark From Roots
[63.959s][info][gc,task     ] GC(161) Using 1 workers of 1 for marking
[64.059s][info][gc,marking  ] GC(161) Concurrent Mark From Roots 100.190ms
[64.059s][info][gc,marking  ] GC(161) Concurrent Preclean
[64.059s][info][gc,marking  ] GC(161) Concurrent Preclean 0.050ms
[64.060s][info][gc,start    ] GC(161) Pause Remark
[64.072s][info][gc          ] GC(161) Pause Remark 326M->326M(600M) 11.024ms
[64.072s][info][gc,cpu      ] GC(161) User=0.02s Sys=0.00s Real=0.01s
[64.073s][info][gc,marking  ] GC(161) Concurrent Mark 113.611ms
[64.073s][info][gc,marking  ] GC(161) Concurrent Rebuild Remembered Sets and Scrub Regions
[64.125s][info][gc,marking  ] GC(161) Concurrent Rebuild Remembered Sets and Scrub Regions 52.161ms
[64.125s][info][gc,start    ] GC(161) Pause Cleanup
[64.125s][info][gc          ] GC(161) Pause Cleanup 349M->349M(600M) 0.072ms
[64.125s][info][gc,cpu      ] GC(161) User=0.00s Sys=0.00s Real=0.00s
[64.125s][info][gc,marking  ] GC(161) Concurrent Clear Claimed Marks
[64.125s][info][gc,marking  ] GC(161) Concurrent Clear Claimed Marks 0.085ms
[64.125s][info][gc,marking  ] GC(161) Concurrent Cleanup for Next Mark
[64.131s][info][gc,marking  ] GC(161) Concurrent Cleanup for Next Mark 6.038ms
[64.131s][info][gc          ] GC(161) Concurrent Mark Cycle 183.667ms
[64.558s][info][gc,start    ] GC(162) Pause Young (Prepare Mixed) (G1 Evacuation Pause)
[64.558s][info][gc,task     ] GC(162) Using 2 workers of 2 for evacuation
[64.564s][info][gc,phases   ] GC(162)   Pre Evacuate Collection Set: 0.30ms
[64.564s][info][gc,phases   ] GC(162)   Merge Heap Roots: 0.11ms
[64.564s][info][gc,phases   ] GC(162)   Evacuate Collection Set: 4.39ms
[64.564s][info][gc,phases   ] GC(162)   Post Evacuate Collection Set: 0.77ms
[64.564s][info][gc,phases   ] GC(162)   Other: 0.09ms
[64.564s][info][gc,heap     ] GC(162) Eden regions: 259->0(265)
[64.564s][info][gc,heap     ] GC(162) Survivor regions: 2->3(33)
[64.564s][info][gc,heap     ] GC(162) Old regions: 81->81
[64.564s][info][gc,heap     ] GC(162) Humongous regions: 207->207
[64.564s][info][gc,metaspace] GC(162) Metaspace: 56048K(56384K)->56048K(56384K) NonClass: 50430K(50688K)->50430K(50688K) Class: 5618K(5696K)->5618K(5696K)
[64.564s][info][gc          ] GC(162) Pause Young (Prepare Mixed) (G1 Evacuation Pause) 548M->290M(600M) 5.850ms
[64.564s][info][gc,cpu      ] GC(162) User=0.01s Sys=0.00s Real=0.01s
[65.240s][info][gc,start    ] GC(163) Pause Young (Mixed) (G1 Evacuation Pause)
[65.240s][info][gc,task     ] GC(163) Using 2 workers of 2 for evacuation
[65.245s][info][gc,phases   ] GC(163)   Pre Evacuate Collection Set: 0.30ms
[65.245s][info][gc,phases   ] GC(163)   Merge Heap Roots: 0.11ms
[65.245s][info][gc,phases   ] GC(163)   Evacuate Collection Set: 3.88ms
[65.245s][info][gc,phases   ] GC(163)   Post Evacuate Collection Set: 0.56ms
[65.245s][info][gc,phases   ] GC(163)   Other: 0.08ms
[65.245s][info][gc,heap     ] GC(163) Eden regions: 265->0(271)
[65.245s][info][gc,heap     ] GC(163) Survivor regions: 3->2(34)
[65.245s][info][gc,heap     ] GC(163) Old regions: 81->81
[65.245s][info][gc,heap     ] GC(163) Humongous regions: 207->207
[65.245s][info][gc,metaspace] GC(163) Metaspace: 56049K(56384K)->56049K(56384K) NonClass: 50430K(50688K)->50430K(50688K) Class: 5618K(5696K)->5618K(5696K)
[65.245s][info][gc          ] GC(163) Pause Young (Mixed) (G1 Evacuation Pause) 555M->289M(600M) 5.105ms
[65.245s][info][gc,cpu      ] GC(163) User=0.01s Sys=0.00s Real=0.01s
[65.928s][info][gc,start    ] GC(164) Pause Young (Concurrent Start) (G1 Evacuation Pause)
[65.929s][info][gc,task     ] GC(164) Using 2 workers of 2 for evacuation
[65.934s][info][gc,phases   ] GC(164)   Pre Evacuate Collection Set: 0.30ms
[65.934s][info][gc,phases   ] GC(164)   Merge Heap Roots: 0.09ms
[65.934s][info][gc,phases   ] GC(164)   Evacuate Collection Set: 4.46ms
[65.934s][info][gc,phases   ] GC(164)   Post Evacuate Collection Set: 0.53ms
[65.934s][info][gc,phases   ] GC(164)   Other: 0.15ms
[65.934s][info][gc,heap     ] GC(164) Eden regions: 271->0(275)
[65.934s][info][gc,heap     ] GC(164) Survivor regions: 2->1(35)
[65.934s][info][gc,heap     ] GC(164) Old regions: 81->81
[65.934s][info][gc,heap     ] GC(164) Humongous regions: 207->207
[65.934s][info][gc,metaspace] GC(164) Metaspace: 56049K(56384K)->56049K(56384K) NonClass: 50430K(50688K)->50430K(50688K) Class: 5618K(5696K)->5618K(5696K)
[65.934s][info][gc          ] GC(164) Pause Young (Concurrent Start) (G1 Evacuation Pause) 560M->288M(600M) 5.712ms
[65.934s][info][gc          ] GC(165) Concurrent Mark Cycle
[65.934s][info][gc,marking  ] GC(165) Concurrent Scan Root Regions
[65.936s][info][gc,marking  ] GC(165) Concurrent Scan Root Regions 1.469ms
[65.936s][info][gc,marking  ] GC(165) Concurrent Mark
[65.936s][info][gc,marking  ] GC(165) Concurrent Mark From Roots
[65.936s][info][gc,task     ] GC(165) Using 1 workers of 1 for marking
[65.936s][info][gc,cpu      ] GC(164) User=0.02s Sys=0.00s Real=0.01s
[66.036s][info][gc,marking  ] GC(165) Concurrent Mark From Roots 100.252ms
[66.036s][info][gc,marking  ] GC(165) Concurrent Preclean
[66.036s][info][gc,marking  ] GC(165) Concurrent Preclean 0.068ms
[66.036s][info][gc,start    ] GC(165) Pause Remark
[66.054s][info][gc          ] GC(165) Pause Remark 322M->313M(600M) 17.795ms
[66.054s][info][gc,cpu      ] GC(165) User=0.03s Sys=0.00s Real=0.02s
[66.054s][info][gc,marking  ] GC(165) Concurrent Mark 118.450ms
[66.054s][info][gc,marking  ] GC(165) Concurrent Rebuild Remembered Sets and Scrub Regions
[66.105s][info][gc,marking  ] GC(165) Concurrent Rebuild Remembered Sets and Scrub Regions 50.762ms
[66.105s][info][gc,start    ] GC(165) Pause Cleanup
[66.105s][info][gc          ] GC(165) Pause Cleanup 334M->334M(600M) 0.086ms
[66.105s][info][gc,cpu      ] GC(165) User=0.00s Sys=0.00s Real=0.00s
[66.106s][info][gc,marking  ] GC(165) Concurrent Clear Claimed Marks
[66.106s][info][gc,marking  ] GC(165) Concurrent Clear Claimed Marks 0.110ms
[66.106s][info][gc,marking  ] GC(165) Concurrent Cleanup for Next Mark
[66.112s][info][gc,marking  ] GC(165) Concurrent Cleanup for Next Mark 6.024ms
[66.112s][info][gc          ] GC(165) Concurrent Mark Cycle 177.663ms
[66.620s][info][gc,start    ] GC(166) Pause Young (Prepare Mixed) (G1 Evacuation Pause)
[66.620s][info][gc,task     ] GC(166) Using 2 workers of 2 for evacuation
[66.623s][info][gc,phases   ] GC(166)   Pre Evacuate Collection Set: 0.39ms
[66.623s][info][gc,phases   ] GC(166)   Merge Heap Roots: 0.13ms
[66.623s][info][gc,phases   ] GC(166)   Evacuate Collection Set: 2.00ms
[66.623s][info][gc,phases   ] GC(166)   Post Evacuate Collection Set: 0.57ms
[66.623s][info][gc,phases   ] GC(166)   Other: 0.12ms
[66.623s][info][gc,heap     ] GC(166) Eden regions: 275->0(282)
[66.623s][info][gc,heap     ] GC(166) Survivor regions: 1->1(35)
[66.623s][info][gc,heap     ] GC(166) Old regions: 72->72
[66.623s][info][gc,heap     ] GC(166) Humongous regions: 207->207
[66.623s][info][gc,metaspace] GC(166) Metaspace: 56049K(56384K)->56049K(56384K) NonClass: 50430K(50688K)->50430K(50688K) Class: 5618K(5696K)->5618K(5696K)
[66.623s][info][gc          ] GC(166) Pause Young (Prepare Mixed) (G1 Evacuation Pause) 554M->278M(600M) 3.388ms
[66.623s][info][gc,cpu      ] GC(166) User=0.01s Sys=0.00s Real=0.01s
[67.268s][info][gc,start    ] GC(167) Pause Young (Mixed) (G1 Evacuation Pause)
[67.268s][info][gc,task     ] GC(167) Using 2 workers of 2 for evacuation
[67.273s][info][gc,phases   ] GC(167)   Pre Evacuate Collection Set: 0.36ms
[67.273s][info][gc,phases   ] GC(167)   Merge Heap Roots: 0.11ms
[67.273s][info][gc,phases   ] GC(167)   Evacuate Collection Set: 4.04ms
[67.274s][info][gc,phases   ] GC(167)   Post Evacuate Collection Set: 0.62ms
[67.274s][info][gc,phases   ] GC(167)   Other: 0.07ms
[67.274s][info][gc,heap     ] GC(167) Eden regions: 282->0(286)
[67.274s][info][gc,heap     ] GC(167) Survivor regions: 1->3(36)
[67.274s][info][gc,heap     ] GC(167) Old regions: 72->67
[67.274s][info][gc,heap     ] GC(167) Humongous regions: 207->207
[67.274s][info][gc,metaspace] GC(167) Metaspace: 56049K(56384K)->56049K(56384K) NonClass: 50430K(50688K)->50430K(50688K) Class: 5618K(5696K)->5618K(5696K)
[67.274s][info][gc          ] GC(167) Pause Young (Mixed) (G1 Evacuation Pause) 560M->275M(600M) 5.370ms
[67.274s][info][gc,cpu      ] GC(167) User=0.01s Sys=0.00s Real=0.01s
[67.972s][info][gc,start    ] GC(168) Pause Young (Concurrent Start) (G1 Evacuation Pause)
[67.972s][info][gc,task     ] GC(168) Using 2 workers of 2 for evacuation
[67.977s][info][gc,phases   ] GC(168)   Pre Evacuate Collection Set: 0.30ms
[67.977s][info][gc,phases   ] GC(168)   Merge Heap Roots: 0.11ms
[67.977s][info][gc,phases   ] GC(168)   Evacuate Collection Set: 3.98ms
[67.977s][info][gc,phases   ] GC(168)   Post Evacuate Collection Set: 0.56ms
[67.977s][info][gc,phases   ] GC(168)   Other: 0.60ms
[67.978s][info][gc,heap     ] GC(168) Eden regions: 286->0(290)
[67.978s][info][gc,heap     ] GC(168) Survivor regions: 3->2(37)
[67.978s][info][gc,heap     ] GC(168) Old regions: 67->67
[67.978s][info][gc,heap     ] GC(168) Humongous regions: 207->207
[67.978s][info][gc,metaspace] GC(168) Metaspace: 56049K(56384K)->56049K(56384K) NonClass: 50430K(50688K)->50430K(50688K) Class: 5618K(5696K)->5618K(5696K)
[67.978s][info][gc          ] GC(168) Pause Young (Concurrent Start) (G1 Evacuation Pause) 561M->275M(600M) 5.707ms
[67.978s][info][gc,cpu      ] GC(168) User=0.01s Sys=0.00s Real=0.00s
[67.978s][info][gc          ] GC(169) Concurrent Mark Cycle
[67.978s][info][gc,marking  ] GC(169) Concurrent Scan Root Regions
[67.984s][info][gc,marking  ] GC(169) Concurrent Scan Root Regions 6.016ms
[67.984s][info][gc,marking  ] GC(169) Concurrent Mark
[67.984s][info][gc,marking  ] GC(169) Concurrent Mark From Roots
[67.984s][info][gc,task     ] GC(169) Using 1 workers of 1 for marking
[68.068s][info][gc,marking  ] GC(169) Concurrent Mark From Roots 84.075ms
[68.068s][info][gc,marking  ] GC(169) Concurrent Preclean
[68.068s][info][gc,marking  ] GC(169) Concurrent Preclean 0.066ms
[68.069s][info][gc,start    ] GC(169) Pause Remark
[68.079s][info][gc          ] GC(169) Pause Remark 312M->312M(600M) 10.100ms
[68.079s][info][gc,cpu      ] GC(169) User=0.02s Sys=0.00s Real=0.01s
[68.080s][info][gc,marking  ] GC(169) Concurrent Mark 96.621ms
[68.080s][info][gc,marking  ] GC(169) Concurrent Rebuild Remembered Sets and Scrub Regions
[68.126s][info][gc,marking  ] GC(169) Concurrent Rebuild Remembered Sets and Scrub Regions 45.210ms
[68.126s][info][gc,start    ] GC(169) Pause Cleanup
[68.126s][info][gc          ] GC(169) Pause Cleanup 323M->323M(600M) 0.091ms
[68.126s][info][gc,cpu      ] GC(169) User=0.00s Sys=0.00s Real=0.00s
[68.126s][info][gc,marking  ] GC(169) Concurrent Clear Claimed Marks
[68.126s][info][gc,marking  ] GC(169) Concurrent Clear Claimed Marks 0.099ms
[68.126s][info][gc,marking  ] GC(169) Concurrent Cleanup for Next Mark
[68.129s][info][gc,marking  ] GC(169) Concurrent Cleanup for Next Mark 3.114ms
[68.129s][info][gc          ] GC(169) Concurrent Mark Cycle 151.567ms
[68.676s][info][gc,start    ] GC(170) Pause Young (Prepare Mixed) (G1 Evacuation Pause)
[68.676s][info][gc,task     ] GC(170) Using 2 workers of 2 for evacuation
[68.679s][info][gc,phases   ] GC(170)   Pre Evacuate Collection Set: 0.28ms
[68.679s][info][gc,phases   ] GC(170)   Merge Heap Roots: 0.12ms
[68.679s][info][gc,phases   ] GC(170)   Evacuate Collection Set: 2.08ms
[68.679s][info][gc,phases   ] GC(170)   Post Evacuate Collection Set: 0.60ms
[68.679s][info][gc,phases   ] GC(170)   Other: 0.10ms
[68.679s][info][gc,heap     ] GC(170) Eden regions: 290->0(294)
[68.679s][info][gc,heap     ] GC(170) Survivor regions: 2->1(37)
[68.679s][info][gc,heap     ] GC(170) Old regions: 67->67
[68.679s][info][gc,heap     ] GC(170) Humongous regions: 207->207
[68.679s][info][gc,metaspace] GC(170) Metaspace: 56049K(56384K)->56049K(56384K) NonClass: 50430K(50688K)->50430K(50688K) Class: 5618K(5696K)->5618K(5696K)
[68.679s][info][gc          ] GC(170) Pause Young (Prepare Mixed) (G1 Evacuation Pause) 565M->274M(600M) 3.348ms
[68.679s][info][gc,cpu      ] GC(170) User=0.00s Sys=0.00s Real=0.00s
[69.485s][info][gc,start    ] GC(171) Pause Young (Mixed) (G1 Evacuation Pause)
[69.485s][info][gc,task     ] GC(171) Using 2 workers of 2 for evacuation
[69.489s][info][gc,phases   ] GC(171)   Pre Evacuate Collection Set: 0.29ms
[69.489s][info][gc,phases   ] GC(171)   Merge Heap Roots: 0.14ms
[69.489s][info][gc,phases   ] GC(171)   Evacuate Collection Set: 2.74ms
[69.489s][info][gc,phases   ] GC(171)   Post Evacuate Collection Set: 0.60ms
[69.489s][info][gc,phases   ] GC(171)   Other: 0.08ms
[69.489s][info][gc,heap     ] GC(171) Eden regions: 294->0(296)
[69.489s][info][gc,heap     ] GC(171) Survivor regions: 1->2(37)
[69.489s][info][gc,heap     ] GC(171) Old regions: 67->63
[69.489s][info][gc,heap     ] GC(171) Humongous regions: 207->207
[69.489s][info][gc,metaspace] GC(171) Metaspace: 56051K(56384K)->56051K(56384K) NonClass: 50432K(50688K)->50432K(50688K) Class: 5618K(5696K)->5618K(5696K)
[69.489s][info][gc          ] GC(171) Pause Young (Mixed) (G1 Evacuation Pause) 568M->271M(600M) 4.023ms
[69.489s][info][gc,cpu      ] GC(171) User=0.01s Sys=0.00s Real=0.00s
[70.133s][info][gc,start    ] GC(172) Pause Young (Concurrent Start) (G1 Evacuation Pause)
[70.133s][info][gc,task     ] GC(172) Using 2 workers of 2 for evacuation
[70.139s][info][gc,phases   ] GC(172)   Pre Evacuate Collection Set: 0.30ms
[70.139s][info][gc,phases   ] GC(172)   Merge Heap Roots: 0.11ms
[70.139s][info][gc,phases   ] GC(172)   Evacuate Collection Set: 4.35ms
[70.139s][info][gc,phases   ] GC(172)   Post Evacuate Collection Set: 0.58ms
[70.139s][info][gc,phases   ] GC(172)   Other: 0.10ms
[70.139s][info][gc,heap     ] GC(172) Eden regions: 296->0(294)
[70.139s][info][gc,heap     ] GC(172) Survivor regions: 2->3(38)
[70.139s][info][gc,heap     ] GC(172) Old regions: 63->63
[70.139s][info][gc,heap     ] GC(172) Humongous regions: 207->207
[70.139s][info][gc,metaspace] GC(172) Metaspace: 56051K(56384K)->56051K(56384K) NonClass: 50432K(50688K)->50432K(50688K) Class: 5618K(5696K)->5618K(5696K)
[70.139s][info][gc          ] GC(172) Pause Young (Concurrent Start) (G1 Evacuation Pause) 567M->272M(600M) 5.635ms
[70.139s][info][gc          ] GC(173) Concurrent Mark Cycle
[70.139s][info][gc,marking  ] GC(173) Concurrent Scan Root Regions
[70.139s][info][gc,cpu      ] GC(172) User=0.01s Sys=0.00s Real=0.00s
[70.146s][info][gc,marking  ] GC(173) Concurrent Scan Root Regions 6.971ms
[70.146s][info][gc,marking  ] GC(173) Concurrent Mark
[70.146s][info][gc,marking  ] GC(173) Concurrent Mark From Roots
[70.146s][info][gc,task     ] GC(173) Using 1 workers of 1 for marking
[70.199s][info][gc,marking  ] GC(173) Concurrent Mark From Roots 53.264ms
[70.199s][info][gc,marking  ] GC(173) Concurrent Preclean
[70.199s][info][gc,marking  ] GC(173) Concurrent Preclean 0.059ms
[70.199s][info][gc,start    ] GC(173) Pause Remark
[70.208s][info][gc          ] GC(173) Pause Remark 300M->300M(600M) 8.106ms
[70.208s][info][gc,cpu      ] GC(173) User=0.02s Sys=0.00s Real=0.01s
[70.208s][info][gc,marking  ] GC(173) Concurrent Mark 62.142ms
[70.208s][info][gc,marking  ] GC(173) Concurrent Rebuild Remembered Sets and Scrub Regions
[70.224s][info][gc,marking  ] GC(173) Concurrent Rebuild Remembered Sets and Scrub Regions 16.112ms
[70.225s][info][gc,start    ] GC(173) Pause Cleanup
[70.225s][info][gc          ] GC(173) Pause Cleanup 304M->304M(600M) 0.077ms
[70.225s][info][gc,cpu      ] GC(173) User=0.00s Sys=0.00s Real=0.00s
[70.225s][info][gc,marking  ] GC(173) Concurrent Clear Claimed Marks
[70.225s][info][gc,marking  ] GC(173) Concurrent Clear Claimed Marks 0.087ms
[70.225s][info][gc,marking  ] GC(173) Concurrent Cleanup for Next Mark
[70.228s][info][gc,marking  ] GC(173) Concurrent Cleanup for Next Mark 2.617ms
[70.228s][info][gc          ] GC(173) Concurrent Mark Cycle 88.773ms
[70.917s][info][gc,start    ] GC(174) Pause Young (Prepare Mixed) (G1 Evacuation Pause)
[70.917s][info][gc,task     ] GC(174) Using 2 workers of 2 for evacuation
[70.923s][info][gc,phases   ] GC(174)   Pre Evacuate Collection Set: 0.36ms
[70.923s][info][gc,phases   ] GC(174)   Merge Heap Roots: 0.13ms
[70.923s][info][gc,phases   ] GC(174)   Evacuate Collection Set: 5.08ms
[70.923s][info][gc,phases   ] GC(174)   Post Evacuate Collection Set: 0.60ms
[70.923s][info][gc,phases   ] GC(174)   Other: 0.08ms
[70.923s][info][gc,heap     ] GC(174) Eden regions: 294->0(294)
[70.923s][info][gc,heap     ] GC(174) Survivor regions: 3->3(38)
[70.923s][info][gc,heap     ] GC(174) Old regions: 63->63
[70.923s][info][gc,heap     ] GC(174) Humongous regions: 207->207
[70.923s][info][gc,metaspace] GC(174) Metaspace: 56052K(56384K)->56052K(56384K) NonClass: 50434K(50688K)->50434K(50688K) Class: 5618K(5696K)->5618K(5696K)
[70.923s][info][gc          ] GC(174) Pause Young (Prepare Mixed) (G1 Evacuation Pause) 566M->272M(600M) 6.443ms
[70.923s][info][gc,cpu      ] GC(174) User=0.01s Sys=0.00s Real=0.01s
[71.567s][info][gc,start    ] GC(175) Pause Young (Mixed) (G1 Evacuation Pause)
[71.567s][info][gc,task     ] GC(175) Using 2 workers of 2 for evacuation
[71.574s][info][gc,phases   ] GC(175)   Pre Evacuate Collection Set: 0.36ms
[71.574s][info][gc,phases   ] GC(175)   Merge Heap Roots: 0.14ms
[71.574s][info][gc,phases   ] GC(175)   Evacuate Collection Set: 5.81ms
[71.574s][info][gc,phases   ] GC(175)   Post Evacuate Collection Set: 0.59ms
[71.574s][info][gc,phases   ] GC(175)   Other: 0.10ms
[71.574s][info][gc,heap     ] GC(175) Eden regions: 294->0(300)
[71.574s][info][gc,heap     ] GC(175) Survivor regions: 3->2(38)
[71.574s][info][gc,heap     ] GC(175) Old regions: 63->59
[71.574s][info][gc,heap     ] GC(175) Humongous regions: 207->207
[71.574s][info][gc,metaspace] GC(175) Metaspace: 56052K(56384K)->56052K(56384K) NonClass: 50434K(50688K)->50434K(50688K) Class: 5618K(5696K)->5618K(5696K)
[71.574s][info][gc          ] GC(175) Pause Young (Mixed) (G1 Evacuation Pause) 566M->267M(600M) 7.174ms
[71.574s][info][gc,cpu      ] GC(175) User=0.01s Sys=0.00s Real=0.01s
[72.325s][info][gc,start    ] GC(176) Pause Young (Concurrent Start) (G1 Evacuation Pause)
[72.325s][info][gc,task     ] GC(176) Using 2 workers of 2 for evacuation
[72.329s][info][gc,phases   ] GC(176)   Pre Evacuate Collection Set: 0.30ms
[72.329s][info][gc,phases   ] GC(176)   Merge Heap Roots: 0.11ms
[72.329s][info][gc,phases   ] GC(176)   Evacuate Collection Set: 2.74ms
[72.329s][info][gc,phases   ] GC(176)   Post Evacuate Collection Set: 0.57ms
[72.329s][info][gc,phases   ] GC(176)   Other: 0.11ms
[72.329s][info][gc,heap     ] GC(176) Eden regions: 300->0(300)
[72.329s][info][gc,heap     ] GC(176) Survivor regions: 2->2(38)
[72.329s][info][gc,heap     ] GC(176) Old regions: 59->59
[72.329s][info][gc,heap     ] GC(176) Humongous regions: 207->207
[72.329s][info][gc,metaspace] GC(176) Metaspace: 56052K(56384K)->56052K(56384K) NonClass: 50434K(50688K)->50434K(50688K) Class: 5618K(5696K)->5618K(5696K)
[72.329s][info][gc          ] GC(176) Pause Young (Concurrent Start) (G1 Evacuation Pause) 567M->267M(600M) 3.987ms
[72.329s][info][gc,cpu      ] GC(176) User=0.01s Sys=0.00s Real=0.00s
[72.329s][info][gc          ] GC(177) Concurrent Mark Cycle
[72.329s][info][gc,marking  ] GC(177) Concurrent Scan Root Regions
[72.332s][info][gc,marking  ] GC(177) Concurrent Scan Root Regions 2.433ms
[72.332s][info][gc,marking  ] GC(177) Concurrent Mark
[72.332s][info][gc,marking  ] GC(177) Concurrent Mark From Roots
[72.332s][info][gc,task     ] GC(177) Using 1 workers of 1 for marking
[72.385s][info][gc,marking  ] GC(177) Concurrent Mark From Roots 52.830ms
[72.385s][info][gc,marking  ] GC(177) Concurrent Preclean
[72.385s][info][gc,marking  ] GC(177) Concurrent Preclean 0.060ms
[72.385s][info][gc,start    ] GC(177) Pause Remark
[72.393s][info][gc          ] GC(177) Pause Remark 300M->300M(600M) 7.911ms
[72.393s][info][gc,cpu      ] GC(177) User=0.02s Sys=0.00s Real=0.01s
[72.393s][info][gc,marking  ] GC(177) Concurrent Mark 61.278ms
[72.393s][info][gc,marking  ] GC(177) Concurrent Rebuild Remembered Sets and Scrub Regions
[72.410s][info][gc,marking  ] GC(177) Concurrent Rebuild Remembered Sets and Scrub Regions 17.095ms
[72.410s][info][gc,start    ] GC(177) Pause Cleanup
[72.410s][info][gc          ] GC(177) Pause Cleanup 304M->304M(600M) 0.084ms
[72.410s][info][gc,cpu      ] GC(177) User=0.00s Sys=0.00s Real=0.01s
[72.410s][info][gc,marking  ] GC(177) Concurrent Clear Claimed Marks
[72.411s][info][gc,marking  ] GC(177) Concurrent Clear Claimed Marks 0.087ms
[72.411s][info][gc,marking  ] GC(177) Concurrent Cleanup for Next Mark
[72.412s][info][gc,marking  ] GC(177) Concurrent Cleanup for Next Mark 1.723ms
[72.412s][info][gc          ] GC(177) Concurrent Mark Cycle 82.966ms
[73.097s][info][gc,start    ] GC(178) Pause Young (Prepare Mixed) (G1 Evacuation Pause)
[73.097s][info][gc,task     ] GC(178) Using 2 workers of 2 for evacuation
[73.102s][info][gc,phases   ] GC(178)   Pre Evacuate Collection Set: 0.28ms
[73.102s][info][gc,phases   ] GC(178)   Merge Heap Roots: 0.13ms
[73.102s][info][gc,phases   ] GC(178)   Evacuate Collection Set: 4.23ms
[73.102s][info][gc,phases   ] GC(178)   Post Evacuate Collection Set: 0.59ms
[73.102s][info][gc,phases   ] GC(178)   Other: 0.08ms
[73.102s][info][gc,heap     ] GC(178) Eden regions: 300->0(298)
[73.102s][info][gc,heap     ] GC(178) Survivor regions: 2->3(38)
[73.102s][info][gc,heap     ] GC(178) Old regions: 59->59
[73.102s][info][gc,heap     ] GC(178) Humongous regions: 207->207
[73.102s][info][gc,metaspace] GC(178) Metaspace: 56054K(56384K)->56054K(56384K) NonClass: 50435K(50688K)->50435K(50688K) Class: 5618K(5696K)->5618K(5696K)
[73.102s][info][gc          ] GC(178) Pause Young (Prepare Mixed) (G1 Evacuation Pause) 567M->268M(600M) 5.464ms
[73.102s][info][gc,cpu      ] GC(178) User=0.01s Sys=0.00s Real=0.01s
[73.746s][info][gc,start    ] GC(179) Pause Young (Mixed) (G1 Evacuation Pause)
[73.746s][info][gc,task     ] GC(179) Using 2 workers of 2 for evacuation
[73.754s][info][gc,phases   ] GC(179)   Pre Evacuate Collection Set: 0.29ms
[73.754s][info][gc,phases   ] GC(179)   Merge Heap Roots: 0.13ms
[73.754s][info][gc,phases   ] GC(179)   Evacuate Collection Set: 6.43ms
[73.754s][info][gc,phases   ] GC(179)   Post Evacuate Collection Set: 0.65ms
[73.754s][info][gc,phases   ] GC(179)   Other: 0.08ms
[73.754s][info][gc,heap     ] GC(179) Eden regions: 298->0(296)
[73.754s][info][gc,heap     ] GC(179) Survivor regions: 3->5(38)
[73.754s][info][gc,heap     ] GC(179) Old regions: 59->57
[73.754s][info][gc,heap     ] GC(179) Humongous regions: 207->207
[73.754s][info][gc,metaspace] GC(179) Metaspace: 56054K(56384K)->56054K(56384K) NonClass: 50435K(50688K)->50435K(50688K) Class: 5618K(5696K)->5618K(5696K)
[73.754s][info][gc          ] GC(179) Pause Young (Mixed) (G1 Evacuation Pause) 566M->267M(600M) 7.779ms
[73.754s][info][gc,cpu      ] GC(179) User=0.01s Sys=0.00s Real=0.01s
[74.461s][info][gc,start    ] GC(180) Pause Young (Concurrent Start) (G1 Evacuation Pause)
[74.461s][info][gc,task     ] GC(180) Using 2 workers of 2 for evacuation
[74.466s][info][gc,phases   ] GC(180)   Pre Evacuate Collection Set: 0.31ms
[74.466s][info][gc,phases   ] GC(180)   Merge Heap Roots: 0.11ms
[74.466s][info][gc,phases   ] GC(180)   Evacuate Collection Set: 4.64ms
[74.466s][info][gc,phases   ] GC(180)   Post Evacuate Collection Set: 0.58ms
[74.466s][info][gc,phases   ] GC(180)   Other: 0.11ms
[74.467s][info][gc,heap     ] GC(180) Eden regions: 296->0(300)
[74.467s][info][gc,heap     ] GC(180) Survivor regions: 5->3(38)
[74.467s][info][gc,heap     ] GC(180) Old regions: 57->57
[74.467s][info][gc,heap     ] GC(180) Humongous regions: 207->207
[74.467s][info][gc,metaspace] GC(180) Metaspace: 56056K(56384K)->56056K(56384K) NonClass: 50437K(50688K)->50437K(50688K) Class: 5618K(5696K)->5618K(5696K)
[74.467s][info][gc          ] GC(180) Pause Young (Concurrent Start) (G1 Evacuation Pause) 563M->265M(600M) 5.925ms
[74.467s][info][gc          ] GC(181) Concurrent Mark Cycle
[74.467s][info][gc,marking  ] GC(181) Concurrent Scan Root Regions
[74.468s][info][gc,cpu      ] GC(180) User=0.01s Sys=0.00s Real=0.00s
[74.471s][info][gc,marking  ] GC(181) Concurrent Scan Root Regions 4.455ms
[74.471s][info][gc,marking  ] GC(181) Concurrent Mark
[74.471s][info][gc,marking  ] GC(181) Concurrent Mark From Roots
[74.471s][info][gc,task     ] GC(181) Using 1 workers of 1 for marking
[74.515s][info][gc,marking  ] GC(181) Concurrent Mark From Roots 43.607ms
[74.515s][info][gc,marking  ] GC(181) Concurrent Preclean
[74.515s][info][gc,marking  ] GC(181) Concurrent Preclean 0.059ms
[74.515s][info][gc,start    ] GC(181) Pause Remark
[74.523s][info][gc          ] GC(181) Pause Remark 275M->275M(600M) 7.976ms
[74.523s][info][gc,cpu      ] GC(181) User=0.02s Sys=0.00s Real=0.01s
[74.523s][info][gc,marking  ] GC(181) Concurrent Mark 52.100ms
[74.523s][info][gc,marking  ] GC(181) Concurrent Rebuild Remembered Sets and Scrub Regions
[74.541s][info][gc,marking  ] GC(181) Concurrent Rebuild Remembered Sets and Scrub Regions 17.324ms
[74.541s][info][gc,start    ] GC(181) Pause Cleanup
[74.541s][info][gc          ] GC(181) Pause Cleanup 286M->286M(600M) 0.076ms
[74.541s][info][gc,cpu      ] GC(181) User=0.00s Sys=0.00s Real=0.00s
[74.542s][info][gc,marking  ] GC(181) Concurrent Clear Claimed Marks
[74.542s][info][gc,marking  ] GC(181) Concurrent Clear Claimed Marks 0.097ms
[74.542s][info][gc,marking  ] GC(181) Concurrent Cleanup for Next Mark
[74.544s][info][gc,marking  ] GC(181) Concurrent Cleanup for Next Mark 1.864ms
[74.544s][info][gc          ] GC(181) Concurrent Mark Cycle 76.983ms
[75.235s][info][gc,start    ] GC(182) Pause Young (Prepare Mixed) (G1 Evacuation Pause)
[75.235s][info][gc,task     ] GC(182) Using 2 workers of 2 for evacuation
[75.250s][info][gc,phases   ] GC(182)   Pre Evacuate Collection Set: 0.57ms
[75.250s][info][gc,phases   ] GC(182)   Merge Heap Roots: 0.58ms
[75.250s][info][gc,phases   ] GC(182)   Evacuate Collection Set: 13.71ms
[75.250s][info][gc,phases   ] GC(182)   Post Evacuate Collection Set: 0.74ms
[75.250s][info][gc,phases   ] GC(182)   Other: 0.19ms
[75.251s][info][gc,heap     ] GC(182) Eden regions: 300->0(302)
[75.251s][info][gc,heap     ] GC(182) Survivor regions: 3->2(38)
[75.251s][info][gc,heap     ] GC(182) Old regions: 57->57
[75.251s][info][gc,heap     ] GC(182) Humongous regions: 207->207
[75.251s][info][gc,metaspace] GC(182) Metaspace: 56057K(56384K)->56057K(56384K) NonClass: 50438K(50688K)->50438K(50688K) Class: 5618K(5696K)->5618K(5696K)
[75.251s][info][gc          ] GC(182) Pause Young (Prepare Mixed) (G1 Evacuation Pause) 565M->265M(600M) 16.063ms
[75.251s][info][gc,cpu      ] GC(182) User=0.00s Sys=0.00s Real=0.02s
[75.942s][info][gc,start    ] GC(183) Pause Young (Mixed) (G1 Evacuation Pause)
[75.942s][info][gc,task     ] GC(183) Using 2 workers of 2 for evacuation
[75.948s][info][gc,phases   ] GC(183)   Pre Evacuate Collection Set: 0.27ms
[75.948s][info][gc,phases   ] GC(183)   Merge Heap Roots: 0.13ms
[75.948s][info][gc,phases   ] GC(183)   Evacuate Collection Set: 5.05ms
[75.948s][info][gc,phases   ] GC(183)   Post Evacuate Collection Set: 0.62ms
[75.948s][info][gc,phases   ] GC(183)   Other: 0.09ms
[75.948s][info][gc,heap     ] GC(183) Eden regions: 302->0(303)
[75.948s][info][gc,heap     ] GC(183) Survivor regions: 2->3(38)
[75.948s][info][gc,heap     ] GC(183) Old regions: 57->54
[75.948s][info][gc,heap     ] GC(183) Humongous regions: 207->207
[75.948s][info][gc,metaspace] GC(183) Metaspace: 56057K(56384K)->56057K(56384K) NonClass: 50439K(50688K)->50439K(50688K) Class: 5618K(5696K)->5618K(5696K)
[75.948s][info][gc          ] GC(183) Pause Young (Mixed) (G1 Evacuation Pause) 567M->262M(600M) 6.359ms
[75.948s][info][gc,cpu      ] GC(183) User=0.01s Sys=0.00s Real=0.00s
[76.664s][info][gc,start    ] GC(184) Pause Young (Concurrent Start) (G1 Evacuation Pause)
[76.664s][info][gc,task     ] GC(184) Using 2 workers of 2 for evacuation
[76.668s][info][gc,phases   ] GC(184)   Pre Evacuate Collection Set: 0.28ms
[76.668s][info][gc,phases   ] GC(184)   Merge Heap Roots: 0.11ms
[76.668s][info][gc,phases   ] GC(184)   Evacuate Collection Set: 3.32ms
[76.668s][info][gc,phases   ] GC(184)   Post Evacuate Collection Set: 0.57ms
[76.668s][info][gc,phases   ] GC(184)   Other: 0.12ms
[76.668s][info][gc,heap     ] GC(184) Eden regions: 303->0(305)
[76.668s][info][gc,heap     ] GC(184) Survivor regions: 3->2(39)
[76.668s][info][gc,heap     ] GC(184) Old regions: 54->54
[76.668s][info][gc,heap     ] GC(184) Humongous regions: 207->207
[76.668s][info][gc,metaspace] GC(184) Metaspace: 56058K(56384K)->56058K(56384K) NonClass: 50439K(50688K)->50439K(50688K) Class: 5618K(5696K)->5618K(5696K)
[76.668s][info][gc          ] GC(184) Pause Young (Concurrent Start) (G1 Evacuation Pause) 565M->262M(600M) 4.608ms
[76.668s][info][gc,cpu      ] GC(184) User=0.01s Sys=0.00s Real=0.00s
[76.668s][info][gc          ] GC(185) Concurrent Mark Cycle
[76.668s][info][gc,marking  ] GC(185) Concurrent Scan Root Regions
[76.671s][info][gc,marking  ] GC(185) Concurrent Scan Root Regions 2.608ms
[76.671s][info][gc,marking  ] GC(185) Concurrent Mark
[76.671s][info][gc,marking  ] GC(185) Concurrent Mark From Roots
[76.671s][info][gc,task     ] GC(185) Using 1 workers of 1 for marking
[76.712s][info][gc,marking  ] GC(185) Concurrent Mark From Roots 41.370ms
[76.712s][info][gc,marking  ] GC(185) Concurrent Preclean
[76.712s][info][gc,marking  ] GC(185) Concurrent Preclean 0.060ms
[76.713s][info][gc,start    ] GC(185) Pause Remark
[76.720s][info][gc          ] GC(185) Pause Remark 267M->267M(600M) 7.689ms
[76.720s][info][gc,cpu      ] GC(185) User=0.01s Sys=0.00s Real=0.00s
[76.721s][info][gc,marking  ] GC(185) Concurrent Mark 50.167ms
[76.721s][info][gc,marking  ] GC(185) Concurrent Rebuild Remembered Sets and Scrub Regions
[76.747s][info][gc,marking  ] GC(185) Concurrent Rebuild Remembered Sets and Scrub Regions 25.625ms
[76.747s][info][gc,start    ] GC(185) Pause Cleanup
[76.747s][info][gc          ] GC(185) Pause Cleanup 286M->286M(600M) 0.060ms
[76.747s][info][gc,cpu      ] GC(185) User=0.00s Sys=0.00s Real=0.00s
[76.747s][info][gc,marking  ] GC(185) Concurrent Clear Claimed Marks
[76.747s][info][gc,marking  ] GC(185) Concurrent Clear Claimed Marks 0.083ms
[76.747s][info][gc,marking  ] GC(185) Concurrent Cleanup for Next Mark
[76.749s][info][gc,marking  ] GC(185) Concurrent Cleanup for Next Mark 1.728ms
[76.749s][info][gc          ] GC(185) Concurrent Mark Cycle 80.559ms
[77.439s][info][gc,start    ] GC(186) Pause Young (Prepare Mixed) (G1 Evacuation Pause)
[77.439s][info][gc,task     ] GC(186) Using 2 workers of 2 for evacuation
[77.443s][info][gc,phases   ] GC(186)   Pre Evacuate Collection Set: 0.27ms
[77.443s][info][gc,phases   ] GC(186)   Merge Heap Roots: 0.12ms
[77.443s][info][gc,phases   ] GC(186)   Evacuate Collection Set: 2.97ms
[77.443s][info][gc,phases   ] GC(186)   Post Evacuate Collection Set: 0.61ms
[77.443s][info][gc,phases   ] GC(186)   Other: 0.09ms
[77.443s][info][gc,heap     ] GC(186) Eden regions: 305->0(305)
[77.443s][info][gc,heap     ] GC(186) Survivor regions: 2->2(39)
[77.443s][info][gc,heap     ] GC(186) Old regions: 54->54
[77.443s][info][gc,heap     ] GC(186) Humongous regions: 207->207
[77.443s][info][gc,metaspace] GC(186) Metaspace: 56058K(56384K)->56058K(56384K) NonClass: 50439K(50688K)->50439K(50688K) Class: 5618K(5696K)->5618K(5696K)
[77.443s][info][gc          ] GC(186) Pause Young (Prepare Mixed) (G1 Evacuation Pause) 567M->262M(600M) 4.244ms
[77.443s][info][gc,cpu      ] GC(186) User=0.01s Sys=0.00s Real=0.01s
[78.252s][info][gc,start    ] GC(187) Pause Young (Mixed) (G1 Evacuation Pause)
[78.252s][info][gc,task     ] GC(187) Using 2 workers of 2 for evacuation
[78.262s][info][gc,phases   ] GC(187)   Pre Evacuate Collection Set: 0.37ms
[78.262s][info][gc,phases   ] GC(187)   Merge Heap Roots: 0.12ms
[78.262s][info][gc,phases   ] GC(187)   Evacuate Collection Set: 7.79ms
[78.262s][info][gc,phases   ] GC(187)   Post Evacuate Collection Set: 1.00ms
[78.262s][info][gc,phases   ] GC(187)   Other: 0.08ms
[78.262s][info][gc,heap     ] GC(187) Eden regions: 305->0(307)
[78.262s][info][gc,heap     ] GC(187) Survivor regions: 2->2(39)
[78.262s][info][gc,heap     ] GC(187) Old regions: 54->52
[78.262s][info][gc,heap     ] GC(187) Humongous regions: 207->207
[78.262s][info][gc,metaspace] GC(187) Metaspace: 56058K(56384K)->56058K(56384K) NonClass: 50439K(50688K)->50439K(50688K) Class: 5618K(5696K)->5618K(5696K)
[78.262s][info][gc          ] GC(187) Pause Young (Mixed) (G1 Evacuation Pause) 567M->260M(600M) 9.588ms
[78.262s][info][gc,cpu      ] GC(187) User=0.01s Sys=0.00s Real=0.01s
[78.935s][info][gc,start    ] GC(188) Pause Young (Concurrent Start) (G1 Evacuation Pause)
[78.935s][info][gc,task     ] GC(188) Using 2 workers of 2 for evacuation
[78.941s][info][gc,phases   ] GC(188)   Pre Evacuate Collection Set: 0.36ms
[78.941s][info][gc,phases   ] GC(188)   Merge Heap Roots: 0.12ms
[78.941s][info][gc,phases   ] GC(188)   Evacuate Collection Set: 4.38ms
[78.941s][info][gc,phases   ] GC(188)   Post Evacuate Collection Set: 0.78ms
[78.941s][info][gc,phases   ] GC(188)   Other: 0.16ms
[78.941s][info][gc,heap     ] GC(188) Eden regions: 307->0(305)
[78.941s][info][gc,heap     ] GC(188) Survivor regions: 2->3(39)
[78.941s][info][gc,heap     ] GC(188) Old regions: 52->52
[78.941s][info][gc,heap     ] GC(188) Humongous regions: 207->207
[78.941s][info][gc,metaspace] GC(188) Metaspace: 56058K(56384K)->56058K(56384K) NonClass: 50439K(50688K)->50439K(50688K) Class: 5618K(5696K)->5618K(5696K)
[78.941s][info][gc          ] GC(188) Pause Young (Concurrent Start) (G1 Evacuation Pause) 567M->260M(600M) 5.981ms
[78.941s][info][gc,cpu      ] GC(188) User=0.01s Sys=0.00s Real=0.01s
[78.941s][info][gc          ] GC(189) Concurrent Mark Cycle
[78.941s][info][gc,marking  ] GC(189) Concurrent Scan Root Regions
[78.947s][info][gc,marking  ] GC(189) Concurrent Scan Root Regions 5.149ms
[78.947s][info][gc,marking  ] GC(189) Concurrent Mark
[78.947s][info][gc,marking  ] GC(189) Concurrent Mark From Roots
[78.947s][info][gc,task     ] GC(189) Using 1 workers of 1 for marking
[78.989s][info][gc,marking  ] GC(189) Concurrent Mark From Roots 42.424ms
[78.989s][info][gc,marking  ] GC(189) Concurrent Preclean
[78.989s][info][gc,marking  ] GC(189) Concurrent Preclean 0.060ms
[78.989s][info][gc,start    ] GC(189) Pause Remark
[78.997s][info][gc          ] GC(189) Pause Remark 284M->284M(600M) 7.978ms
[78.997s][info][gc,cpu      ] GC(189) User=0.01s Sys=0.00s Real=0.01s
[78.997s][info][gc,marking  ] GC(189) Concurrent Mark 50.799ms
[78.997s][info][gc,marking  ] GC(189) Concurrent Rebuild Remembered Sets and Scrub Regions
[79.013s][info][gc,marking  ] GC(189) Concurrent Rebuild Remembered Sets and Scrub Regions 16.113ms
[79.014s][info][gc,start    ] GC(189) Pause Cleanup
[79.014s][info][gc          ] GC(189) Pause Cleanup 284M->284M(600M) 0.049ms
[79.014s][info][gc,cpu      ] GC(189) User=0.00s Sys=0.00s Real=0.00s
[79.014s][info][gc,marking  ] GC(189) Concurrent Clear Claimed Marks
[79.014s][info][gc,marking  ] GC(189) Concurrent Clear Claimed Marks 0.081ms
[79.014s][info][gc,marking  ] GC(189) Concurrent Cleanup for Next Mark
[79.015s][info][gc,marking  ] GC(189) Concurrent Cleanup for Next Mark 1.718ms
[79.015s][info][gc          ] GC(189) Concurrent Mark Cycle 74.097ms
[79.684s][info][gc,start    ] GC(190) Pause Young (Prepare Mixed) (G1 Evacuation Pause)
[79.684s][info][gc,task     ] GC(190) Using 2 workers of 2 for evacuation
[79.689s][info][gc,phases   ] GC(190)   Pre Evacuate Collection Set: 0.28ms
[79.689s][info][gc,phases   ] GC(190)   Merge Heap Roots: 0.13ms
[79.689s][info][gc,phases   ] GC(190)   Evacuate Collection Set: 3.89ms
[79.689s][info][gc,phases   ] GC(190)   Post Evacuate Collection Set: 0.59ms
[79.689s][info][gc,phases   ] GC(190)   Other: 0.08ms
[79.689s][info][gc,heap     ] GC(190) Eden regions: 305->0(307)
[79.689s][info][gc,heap     ] GC(190) Survivor regions: 3->2(39)
[79.689s][info][gc,heap     ] GC(190) Old regions: 52->52
[79.689s][info][gc,heap     ] GC(190) Humongous regions: 207->207
[79.689s][info][gc,metaspace] GC(190) Metaspace: 56058K(56384K)->56058K(56384K) NonClass: 50439K(50688K)->50439K(50688K) Class: 5618K(5696K)->5618K(5696K)
[79.689s][info][gc          ] GC(190) Pause Young (Prepare Mixed) (G1 Evacuation Pause) 565M->260M(600M) 5.141ms
[79.689s][info][gc,cpu      ] GC(190) User=0.01s Sys=0.00s Real=0.00s
[80.436s][info][gc,start    ] GC(191) Pause Young (Mixed) (G1 Evacuation Pause)
[80.436s][info][gc,task     ] GC(191) Using 2 workers of 2 for evacuation
[80.442s][info][gc,phases   ] GC(191)   Pre Evacuate Collection Set: 0.29ms
[80.442s][info][gc,phases   ] GC(191)   Merge Heap Roots: 0.10ms
[80.442s][info][gc,phases   ] GC(191)   Evacuate Collection Set: 4.97ms
[80.442s][info][gc,phases   ] GC(191)   Post Evacuate Collection Set: 0.82ms
[80.442s][info][gc,phases   ] GC(191)   Other: 0.08ms
[80.442s][info][gc,heap     ] GC(191) Eden regions: 307->0(307)
[80.442s][info][gc,heap     ] GC(191) Survivor regions: 2->3(39)
[80.442s][info][gc,heap     ] GC(191) Old regions: 52->50
[80.442s][info][gc,heap     ] GC(191) Humongous regions: 207->207
[80.442s][info][gc,metaspace] GC(191) Metaspace: 56058K(56384K)->56058K(56384K) NonClass: 50439K(50688K)->50439K(50688K) Class: 5618K(5696K)->5618K(5696K)
[80.442s][info][gc          ] GC(191) Pause Young (Mixed) (G1 Evacuation Pause) 567M->259M(600M) 6.421ms
[80.442s][info][gc,cpu      ] GC(191) User=0.01s Sys=0.00s Real=0.01s
[81.174s][info][gc,start    ] GC(192) Pause Young (Concurrent Start) (G1 Evacuation Pause)
[81.174s][info][gc,task     ] GC(192) Using 2 workers of 2 for evacuation
[81.198s][info][gc,phases   ] GC(192)   Pre Evacuate Collection Set: 0.30ms
[81.198s][info][gc,phases   ] GC(192)   Merge Heap Roots: 0.12ms
[81.198s][info][gc,phases   ] GC(192)   Evacuate Collection Set: 21.12ms
[81.198s][info][gc,phases   ] GC(192)   Post Evacuate Collection Set: 1.95ms
[81.198s][info][gc,phases   ] GC(192)   Other: 0.14ms
[81.198s][info][gc,heap     ] GC(192) Eden regions: 307->0(306)
[81.198s][info][gc,heap     ] GC(192) Survivor regions: 3->3(39)
[81.198s][info][gc,heap     ] GC(192) Old regions: 50->51
[81.198s][info][gc,heap     ] GC(192) Humongous regions: 207->207
[81.198s][info][gc,metaspace] GC(192) Metaspace: 56058K(56384K)->56058K(56384K) NonClass: 50439K(50688K)->50439K(50688K) Class: 5618K(5696K)->5618K(5696K)
[81.198s][info][gc          ] GC(192) Pause Young (Concurrent Start) (G1 Evacuation Pause) 566M->259M(600M) 23.810ms
[81.198s][info][gc,cpu      ] GC(192) User=0.02s Sys=0.00s Real=0.02s
[81.198s][info][gc          ] GC(193) Concurrent Mark Cycle
[81.198s][info][gc,marking  ] GC(193) Concurrent Scan Root Regions
[81.203s][info][gc,marking  ] GC(193) Concurrent Scan Root Regions 5.165ms
[81.203s][info][gc,marking  ] GC(193) Concurrent Mark
[81.203s][info][gc,marking  ] GC(193) Concurrent Mark From Roots
[81.203s][info][gc,task     ] GC(193) Using 1 workers of 1 for marking
[81.273s][info][gc,marking  ] GC(193) Concurrent Mark From Roots 69.581ms
[81.273s][info][gc,marking  ] GC(193) Concurrent Preclean
[81.273s][info][gc,marking  ] GC(193) Concurrent Preclean 0.646ms
[81.273s][info][gc,start    ] GC(193) Pause Remark
[81.282s][info][gc          ] GC(193) Pause Remark 266M->266M(600M) 8.881ms
[81.282s][info][gc,cpu      ] GC(193) User=0.01s Sys=0.00s Real=0.01s
[81.283s][info][gc,marking  ] GC(193) Concurrent Mark 79.698ms
[81.283s][info][gc,marking  ] GC(193) Concurrent Rebuild Remembered Sets and Scrub Regions
[81.313s][info][gc,marking  ] GC(193) Concurrent Rebuild Remembered Sets and Scrub Regions 30.648ms
[81.314s][info][gc,start    ] GC(193) Pause Cleanup
[81.314s][info][gc          ] GC(193) Pause Cleanup 286M->286M(600M) 0.087ms
[81.314s][info][gc,cpu      ] GC(193) User=0.00s Sys=0.00s Real=0.00s
[81.314s][info][gc,marking  ] GC(193) Concurrent Clear Claimed Marks
[81.314s][info][gc,marking  ] GC(193) Concurrent Clear Claimed Marks 0.098ms
[81.314s][info][gc,marking  ] GC(193) Concurrent Cleanup for Next Mark
[81.316s][info][gc,marking  ] GC(193) Concurrent Cleanup for Next Mark 1.854ms
[81.316s][info][gc          ] GC(193) Concurrent Mark Cycle 117.958ms
[81.925s][info][gc,start    ] GC(194) Pause Young (Prepare Mixed) (G1 Evacuation Pause)
[81.925s][info][gc,task     ] GC(194) Using 2 workers of 2 for evacuation
[81.930s][info][gc,phases   ] GC(194)   Pre Evacuate Collection Set: 0.27ms
[81.930s][info][gc,phases   ] GC(194)   Merge Heap Roots: 0.12ms
[81.930s][info][gc,phases   ] GC(194)   Evacuate Collection Set: 3.14ms
[81.930s][info][gc,phases   ] GC(194)   Post Evacuate Collection Set: 0.62ms
[81.930s][info][gc,phases   ] GC(194)   Other: 0.08ms
[81.930s][info][gc,heap     ] GC(194) Eden regions: 306->0(308)
[81.930s][info][gc,heap     ] GC(194) Survivor regions: 3->2(39)
[81.930s][info][gc,heap     ] GC(194) Old regions: 51->51
[81.930s][info][gc,heap     ] GC(194) Humongous regions: 207->207
[81.930s][info][gc,metaspace] GC(194) Metaspace: 56058K(56384K)->56058K(56384K) NonClass: 50439K(50688K)->50439K(50688K) Class: 5618K(5696K)->5618K(5696K)
[81.930s][info][gc          ] GC(194) Pause Young (Prepare Mixed) (G1 Evacuation Pause) 565M->258M(600M) 4.393ms
[81.930s][info][gc,cpu      ] GC(194) User=0.01s Sys=0.00s Real=0.00s
[82.749s][info][gc,start    ] GC(195) Pause Young (Mixed) (G1 Evacuation Pause)
[82.749s][info][gc,task     ] GC(195) Using 2 workers of 2 for evacuation
[82.757s][info][gc,phases   ] GC(195)   Pre Evacuate Collection Set: 0.26ms
[82.757s][info][gc,phases   ] GC(195)   Merge Heap Roots: 0.11ms
[82.757s][info][gc,phases   ] GC(195)   Evacuate Collection Set: 6.57ms
[82.757s][info][gc,phases   ] GC(195)   Post Evacuate Collection Set: 0.63ms
[82.757s][info][gc,phases   ] GC(195)   Other: 0.08ms
[82.757s][info][gc,heap     ] GC(195) Eden regions: 308->0(306)
[82.757s][info][gc,heap     ] GC(195) Survivor regions: 2->4(39)
[82.757s][info][gc,heap     ] GC(195) Old regions: 51->49
[82.757s][info][gc,heap     ] GC(195) Humongous regions: 207->207
[82.757s][info][gc,metaspace] GC(195) Metaspace: 56058K(56384K)->56058K(56384K) NonClass: 50439K(50688K)->50439K(50688K) Class: 5618K(5696K)->5618K(5696K)
[82.757s][info][gc          ] GC(195) Pause Young (Mixed) (G1 Evacuation Pause) 566M->259M(600M) 7.819ms
[82.757s][info][gc,cpu      ] GC(195) User=0.02s Sys=0.00s Real=0.01s
[83.522s][info][gc,start    ] GC(196) Pause Young (Concurrent Start) (G1 Evacuation Pause)
[83.522s][info][gc,task     ] GC(196) Using 2 workers of 2 for evacuation
[83.526s][info][gc,phases   ] GC(196)   Pre Evacuate Collection Set: 0.30ms
[83.526s][info][gc,phases   ] GC(196)   Merge Heap Roots: 0.11ms
[83.526s][info][gc,phases   ] GC(196)   Evacuate Collection Set: 2.56ms
[83.526s][info][gc,phases   ] GC(196)   Post Evacuate Collection Set: 0.59ms
[83.526s][info][gc,phases   ] GC(196)   Other: 0.11ms
[83.526s][info][gc,heap     ] GC(196) Eden regions: 306->0(312)
[83.526s][info][gc,heap     ] GC(196) Survivor regions: 4->1(39)
[83.526s][info][gc,heap     ] GC(196) Old regions: 49->49
[83.526s][info][gc,heap     ] GC(196) Humongous regions: 207->207
[83.526s][info][gc,metaspace] GC(196) Metaspace: 56058K(56384K)->56058K(56384K) NonClass: 50439K(50688K)->50439K(50688K) Class: 5618K(5696K)->5618K(5696K)
[83.526s][info][gc          ] GC(196) Pause Young (Concurrent Start) (G1 Evacuation Pause) 565M->256M(600M) 3.857ms
[83.526s][info][gc,cpu      ] GC(196) User=0.01s Sys=0.00s Real=0.00s
[83.526s][info][gc          ] GC(197) Concurrent Mark Cycle
[83.526s][info][gc,marking  ] GC(197) Concurrent Scan Root Regions
[83.528s][info][gc,marking  ] GC(197) Concurrent Scan Root Regions 2.007ms
[83.528s][info][gc,marking  ] GC(197) Concurrent Mark
[83.528s][info][gc,marking  ] GC(197) Concurrent Mark From Roots
[83.528s][info][gc,task     ] GC(197) Using 1 workers of 1 for marking
[83.582s][info][gc,marking  ] GC(197) Concurrent Mark From Roots 53.774ms
[83.582s][info][gc,marking  ] GC(197) Concurrent Preclean
[83.582s][info][gc,marking  ] GC(197) Concurrent Preclean 0.062ms
[83.582s][info][gc,start    ] GC(197) Pause Remark
[83.590s][info][gc          ] GC(197) Pause Remark 284M->284M(600M) 7.871ms
[83.590s][info][gc,cpu      ] GC(197) User=0.02s Sys=0.00s Real=0.00s
[83.591s][info][gc,marking  ] GC(197) Concurrent Mark 62.636ms
[83.591s][info][gc,marking  ] GC(197) Concurrent Rebuild Remembered Sets and Scrub Regions
[83.608s][info][gc,marking  ] GC(197) Concurrent Rebuild Remembered Sets and Scrub Regions 17.521ms
[83.609s][info][gc,start    ] GC(197) Pause Cleanup
[83.609s][info][gc          ] GC(197) Pause Cleanup 291M->291M(600M) 0.063ms
[83.609s][info][gc,cpu      ] GC(197) User=0.00s Sys=0.00s Real=0.00s
[83.609s][info][gc,marking  ] GC(197) Concurrent Clear Claimed Marks
[83.609s][info][gc,marking  ] GC(197) Concurrent Clear Claimed Marks 0.086ms
[83.609s][info][gc,marking  ] GC(197) Concurrent Cleanup for Next Mark
[83.611s][info][gc,marking  ] GC(197) Concurrent Cleanup for Next Mark 1.727ms
[83.611s][info][gc          ] GC(197) Concurrent Mark Cycle 84.374ms
[84.246s][info][gc,start    ] GC(198) Pause Young (Prepare Mixed) (G1 Evacuation Pause)
[84.246s][info][gc,task     ] GC(198) Using 2 workers of 2 for evacuation
[84.252s][info][gc,phases   ] GC(198)   Pre Evacuate Collection Set: 0.28ms
[84.252s][info][gc,phases   ] GC(198)   Merge Heap Roots: 0.12ms
[84.252s][info][gc,phases   ] GC(198)   Evacuate Collection Set: 4.81ms
[84.252s][info][gc,phases   ] GC(198)   Post Evacuate Collection Set: 0.60ms
[84.252s][info][gc,phases   ] GC(198)   Other: 0.08ms
[84.252s][info][gc,heap     ] GC(198) Eden regions: 312->0(306)
[84.252s][info][gc,heap     ] GC(198) Survivor regions: 1->4(40)
[84.252s][info][gc,heap     ] GC(198) Old regions: 49->49
[84.252s][info][gc,heap     ] GC(198) Humongous regions: 207->207
[84.252s][info][gc,metaspace] GC(198) Metaspace: 56058K(56384K)->56058K(56384K) NonClass: 50439K(50688K)->50439K(50688K) Class: 5618K(5696K)->5618K(5696K)
[84.252s][info][gc          ] GC(198) Pause Young (Prepare Mixed) (G1 Evacuation Pause) 568M->259M(600M) 6.057ms
[84.252s][info][gc,cpu      ] GC(198) User=0.02s Sys=0.00s Real=0.01s
[85.026s][info][gc,start    ] GC(199) Pause Young (Mixed) (G1 Evacuation Pause)
[85.026s][info][gc,task     ] GC(199) Using 2 workers of 2 for evacuation
[85.031s][info][gc,phases   ] GC(199)   Pre Evacuate Collection Set: 0.25ms
[85.031s][info][gc,phases   ] GC(199)   Merge Heap Roots: 0.11ms
[85.031s][info][gc,phases   ] GC(199)   Evacuate Collection Set: 4.27ms
[85.031s][info][gc,phases   ] GC(199)   Post Evacuate Collection Set: 0.61ms
[85.031s][info][gc,phases   ] GC(199)   Other: 0.07ms
[85.031s][info][gc,heap     ] GC(199) Eden regions: 306->0(311)
[85.031s][info][gc,heap     ] GC(199) Survivor regions: 4->2(39)
[85.031s][info][gc,heap     ] GC(199) Old regions: 49->48
[85.031s][info][gc,heap     ] GC(199) Humongous regions: 207->207
[85.031s][info][gc,metaspace] GC(199) Metaspace: 56059K(56384K)->56059K(56384K) NonClass: 50440K(50688K)->50440K(50688K) Class: 5618K(5696K)->5618K(5696K)
[85.031s][info][gc          ] GC(199) Pause Young (Mixed) (G1 Evacuation Pause) 565M->256M(600M) 5.482ms
[85.031s][info][gc,cpu      ] GC(199) User=0.01s Sys=0.00s Real=0.01s
[85.749s][info][gc,start    ] GC(200) Pause Young (Concurrent Start) (G1 Evacuation Pause)
[85.749s][info][gc,task     ] GC(200) Using 2 workers of 2 for evacuation
[85.756s][info][gc,phases   ] GC(200)   Pre Evacuate Collection Set: 0.29ms
[85.756s][info][gc,phases   ] GC(200)   Merge Heap Roots: 0.11ms
[85.756s][info][gc,phases   ] GC(200)   Evacuate Collection Set: 5.30ms
[85.756s][info][gc,phases   ] GC(200)   Post Evacuate Collection Set: 0.58ms
[85.756s][info][gc,phases   ] GC(200)   Other: 0.09ms
[85.756s][info][gc,heap     ] GC(200) Eden regions: 311->0(309)
[85.756s][info][gc,heap     ] GC(200) Survivor regions: 2->3(40)
[85.756s][info][gc,heap     ] GC(200) Old regions: 48->48
[85.756s][info][gc,heap     ] GC(200) Humongous regions: 207->207
[85.756s][info][gc,metaspace] GC(200) Metaspace: 56059K(56384K)->56059K(56384K) NonClass: 50440K(50688K)->50440K(50688K) Class: 5618K(5696K)->5618K(5696K)
[85.756s][info][gc          ] GC(200) Pause Young (Concurrent Start) (G1 Evacuation Pause) 567M->257M(600M) 6.550ms
[85.756s][info][gc          ] GC(201) Concurrent Mark Cycle
[85.756s][info][gc,marking  ] GC(201) Concurrent Scan Root Regions
[85.756s][info][gc,cpu      ] GC(200) User=0.01s Sys=0.00s Real=0.01s
[85.761s][info][gc,marking  ] GC(201) Concurrent Scan Root Regions 5.070ms
[85.761s][info][gc,marking  ] GC(201) Concurrent Mark
[85.761s][info][gc,marking  ] GC(201) Concurrent Mark From Roots
[85.761s][info][gc,task     ] GC(201) Using 1 workers of 1 for marking
[85.810s][info][gc,marking  ] GC(201) Concurrent Mark From Roots 48.662ms
[85.810s][info][gc,marking  ] GC(201) Concurrent Preclean
[85.810s][info][gc,marking  ] GC(201) Concurrent Preclean 0.066ms
[85.813s][info][gc,start    ] GC(201) Pause Remark
[85.827s][info][gc          ] GC(201) Pause Remark 264M->264M(600M) 13.272ms
[85.827s][info][gc,cpu      ] GC(201) User=0.01s Sys=0.00s Real=0.01s
[85.827s][info][gc,marking  ] GC(201) Concurrent Mark 66.253ms
[85.827s][info][gc,marking  ] GC(201) Concurrent Rebuild Remembered Sets and Scrub Regions
[85.849s][info][gc,marking  ] GC(201) Concurrent Rebuild Remembered Sets and Scrub Regions 22.186ms
[85.850s][info][gc,start    ] GC(201) Pause Cleanup
[85.850s][info][gc          ] GC(201) Pause Cleanup 264M->264M(600M) 0.073ms
[85.850s][info][gc,cpu      ] GC(201) User=0.00s Sys=0.00s Real=0.00s
[85.853s][info][gc,marking  ] GC(201) Concurrent Clear Claimed Marks
[85.853s][info][gc,marking  ] GC(201) Concurrent Clear Claimed Marks 0.140ms
[85.853s][info][gc,marking  ] GC(201) Concurrent Cleanup for Next Mark
[85.856s][info][gc,marking  ] GC(201) Concurrent Cleanup for Next Mark 3.105ms
[85.856s][info][gc          ] GC(201) Concurrent Mark Cycle 100.043ms
[86.525s][info][gc,start    ] GC(202) Pause Young (Prepare Mixed) (G1 Evacuation Pause)
[86.525s][info][gc,task     ] GC(202) Using 2 workers of 2 for evacuation
[86.530s][info][gc,phases   ] GC(202)   Pre Evacuate Collection Set: 0.35ms
[86.530s][info][gc,phases   ] GC(202)   Merge Heap Roots: 0.13ms
[86.530s][info][gc,phases   ] GC(202)   Evacuate Collection Set: 3.70ms
[86.530s][info][gc,phases   ] GC(202)   Post Evacuate Collection Set: 0.61ms
[86.530s][info][gc,phases   ] GC(202)   Other: 0.09ms
[86.530s][info][gc,heap     ] GC(202) Eden regions: 309->0(311)
[86.530s][info][gc,heap     ] GC(202) Survivor regions: 3->2(39)
[86.530s][info][gc,heap     ] GC(202) Old regions: 48->48
[86.530s][info][gc,heap     ] GC(202) Humongous regions: 207->207
[86.530s][info][gc,metaspace] GC(202) Metaspace: 56059K(56384K)->56059K(56384K) NonClass: 50440K(50688K)->50440K(50688K) Class: 5618K(5696K)->5618K(5696K)
[86.530s][info][gc          ] GC(202) Pause Young (Prepare Mixed) (G1 Evacuation Pause) 566M->255M(600M) 5.046ms
[86.530s][info][gc,cpu      ] GC(202) User=0.01s Sys=0.00s Real=0.00s
[87.252s][info][gc,start    ] GC(203) Pause Young (Mixed) (G1 Evacuation Pause)
[87.252s][info][gc,task     ] GC(203) Using 2 workers of 2 for evacuation
[87.260s][info][gc,phases   ] GC(203)   Pre Evacuate Collection Set: 0.28ms
[87.260s][info][gc,phases   ] GC(203)   Merge Heap Roots: 0.13ms
[87.260s][info][gc,phases   ] GC(203)   Evacuate Collection Set: 7.08ms
[87.260s][info][gc,phases   ] GC(203)   Post Evacuate Collection Set: 0.63ms
[87.260s][info][gc,phases   ] GC(203)   Other: 0.08ms
[87.260s][info][gc,heap     ] GC(203) Eden regions: 311->0(308)
[87.260s][info][gc,heap     ] GC(203) Survivor regions: 2->4(40)
[87.260s][info][gc,heap     ] GC(203) Old regions: 48->47
[87.260s][info][gc,heap     ] GC(203) Humongous regions: 207->207
[87.260s][info][gc,metaspace] GC(203) Metaspace: 56059K(56384K)->56059K(56384K) NonClass: 50440K(50688K)->50440K(50688K) Class: 5618K(5696K)->5618K(5696K)
[87.261s][info][gc          ] GC(203) Pause Young (Mixed) (G1 Evacuation Pause) 566M->257M(600M) 8.411ms
[87.261s][info][gc,cpu      ] GC(203) User=0.01s Sys=0.00s Real=0.01s
[88.030s][info][gc,start    ] GC(204) Pause Young (Concurrent Start) (G1 Evacuation Pause)
[88.030s][info][gc,task     ] GC(204) Using 2 workers of 2 for evacuation
[88.034s][info][gc,phases   ] GC(204)   Pre Evacuate Collection Set: 0.30ms
[88.034s][info][gc,phases   ] GC(204)   Merge Heap Roots: 0.10ms
[88.034s][info][gc,phases   ] GC(204)   Evacuate Collection Set: 3.54ms
[88.034s][info][gc,phases   ] GC(204)   Post Evacuate Collection Set: 0.58ms
[88.034s][info][gc,phases   ] GC(204)   Other: 0.09ms
[88.034s][info][gc,heap     ] GC(204) Eden regions: 308->0(309)
[88.034s][info][gc,heap     ] GC(204) Survivor regions: 4->3(39)
[88.034s][info][gc,heap     ] GC(204) Old regions: 47->48
[88.034s][info][gc,heap     ] GC(204) Humongous regions: 207->207
[88.034s][info][gc,metaspace] GC(204) Metaspace: 56060K(56384K)->56060K(56384K) NonClass: 50442K(50688K)->50442K(50688K) Class: 5618K(5696K)->5618K(5696K)
[88.034s][info][gc          ] GC(204) Pause Young (Concurrent Start) (G1 Evacuation Pause) 565M->256M(600M) 4.824ms
[88.034s][info][gc          ] GC(205) Concurrent Mark Cycle
[88.034s][info][gc,marking  ] GC(205) Concurrent Scan Root Regions
[88.035s][info][gc,cpu      ] GC(204) User=0.01s Sys=0.00s Real=0.01s
[88.037s][info][gc,marking  ] GC(205) Concurrent Scan Root Regions 2.534ms
[88.037s][info][gc,marking  ] GC(205) Concurrent Mark
[88.037s][info][gc,marking  ] GC(205) Concurrent Mark From Roots
[88.037s][info][gc,task     ] GC(205) Using 1 workers of 1 for marking
[88.083s][info][gc,marking  ] GC(205) Concurrent Mark From Roots 45.669ms
[88.083s][info][gc,marking  ] GC(205) Concurrent Preclean
[88.083s][info][gc,marking  ] GC(205) Concurrent Preclean 0.055ms
[88.083s][info][gc,start    ] GC(205) Pause Remark
[88.091s][info][gc          ] GC(205) Pause Remark 284M->284M(600M) 7.793ms
[88.091s][info][gc,cpu      ] GC(205) User=0.02s Sys=0.00s Real=0.01s
[88.091s][info][gc,marking  ] GC(205) Concurrent Mark 53.928ms
[88.091s][info][gc,marking  ] GC(205) Concurrent Rebuild Remembered Sets and Scrub Regions
[88.108s][info][gc,marking  ] GC(205) Concurrent Rebuild Remembered Sets and Scrub Regions 16.896ms
[88.108s][info][gc,start    ] GC(205) Pause Cleanup
[88.108s][info][gc          ] GC(205) Pause Cleanup 289M->289M(600M) 0.058ms
[88.108s][info][gc,cpu      ] GC(205) User=0.00s Sys=0.00s Real=0.00s
[88.108s][info][gc,marking  ] GC(205) Concurrent Clear Claimed Marks
[88.108s][info][gc,marking  ] GC(205) Concurrent Clear Claimed Marks 0.083ms
[88.108s][info][gc,marking  ] GC(205) Concurrent Cleanup for Next Mark
[88.110s][info][gc,marking  ] GC(205) Concurrent Cleanup for Next Mark 1.739ms
[88.110s][info][gc          ] GC(205) Concurrent Mark Cycle 75.426ms
[88.803s][info][gc,start    ] GC(206) Pause Young (Prepare Mixed) (G1 Evacuation Pause)
[88.803s][info][gc,task     ] GC(206) Using 2 workers of 2 for evacuation
[88.807s][info][gc,phases   ] GC(206)   Pre Evacuate Collection Set: 0.27ms
[88.807s][info][gc,phases   ] GC(206)   Merge Heap Roots: 0.11ms
[88.807s][info][gc,phases   ] GC(206)   Evacuate Collection Set: 3.06ms
[88.807s][info][gc,phases   ] GC(206)   Post Evacuate Collection Set: 0.59ms
[88.807s][info][gc,phases   ] GC(206)   Other: 0.08ms
[88.807s][info][gc,heap     ] GC(206) Eden regions: 309->0(311)
[88.807s][info][gc,heap     ] GC(206) Survivor regions: 3->2(39)
[88.807s][info][gc,heap     ] GC(206) Old regions: 48->48
[88.807s][info][gc,heap     ] GC(206) Humongous regions: 207->207
[88.807s][info][gc,metaspace] GC(206) Metaspace: 56060K(56384K)->56060K(56384K) NonClass: 50442K(50688K)->50442K(50688K) Class: 5618K(5696K)->5618K(5696K)
[88.807s][info][gc          ] GC(206) Pause Young (Prepare Mixed) (G1 Evacuation Pause) 565M->255M(600M) 4.284ms
[88.807s][info][gc,cpu      ] GC(206) User=0.01s Sys=0.00s Real=0.00s
[89.529s][info][gc,start    ] GC(207) Pause Young (Mixed) (G1 Evacuation Pause)
[89.529s][info][gc,task     ] GC(207) Using 2 workers of 2 for evacuation
[89.535s][info][gc,phases   ] GC(207)   Pre Evacuate Collection Set: 0.27ms
[89.535s][info][gc,phases   ] GC(207)   Merge Heap Roots: 0.13ms
[89.535s][info][gc,phases   ] GC(207)   Evacuate Collection Set: 4.89ms
[89.535s][info][gc,phases   ] GC(207)   Post Evacuate Collection Set: 0.69ms
[89.535s][info][gc,phases   ] GC(207)   Other: 0.10ms
[89.535s][info][gc,heap     ] GC(207) Eden regions: 311->0(312)
[89.535s][info][gc,heap     ] GC(207) Survivor regions: 2->2(40)
[89.535s][info][gc,heap     ] GC(207) Old regions: 48->47
[89.535s][info][gc,heap     ] GC(207) Humongous regions: 207->207
[89.535s][info][gc,metaspace] GC(207) Metaspace: 56063K(56384K)->56063K(56384K) NonClass: 50444K(50688K)->50444K(50688K) Class: 5618K(5696K)->5618K(5696K)
[89.535s][info][gc          ] GC(207) Pause Young (Mixed) (G1 Evacuation Pause) 566M->254M(600M) 6.291ms
[89.535s][info][gc,cpu      ] GC(207) User=0.01s Sys=0.00s Real=0.01s
[90.254s][info][gc,start    ] GC(208) Pause Young (Concurrent Start) (G1 Evacuation Pause)
[90.254s][info][gc,task     ] GC(208) Using 2 workers of 2 for evacuation
[90.261s][info][gc,phases   ] GC(208)   Pre Evacuate Collection Set: 0.31ms
[90.261s][info][gc,phases   ] GC(208)   Merge Heap Roots: 0.11ms
[90.261s][info][gc,phases   ] GC(208)   Evacuate Collection Set: 5.04ms
[90.261s][info][gc,phases   ] GC(208)   Post Evacuate Collection Set: 0.58ms
[90.261s][info][gc,phases   ] GC(208)   Other: 0.09ms
[90.261s][info][gc,heap     ] GC(208) Eden regions: 312->0(308)
[90.261s][info][gc,heap     ] GC(208) Survivor regions: 2->4(40)
[90.261s][info][gc,heap     ] GC(208) Old regions: 47->47
[90.261s][info][gc,heap     ] GC(208) Humongous regions: 207->207
[90.261s][info][gc,metaspace] GC(208) Metaspace: 56063K(56384K)->56063K(56384K) NonClass: 50444K(50688K)->50444K(50688K) Class: 5618K(5696K)->5618K(5696K)
[90.261s][info][gc          ] GC(208) Pause Young (Concurrent Start) (G1 Evacuation Pause) 566M->256M(600M) 6.301ms
[90.261s][info][gc,cpu      ] GC(208) User=0.01s Sys=0.00s Real=0.01s
[90.261s][info][gc          ] GC(209) Concurrent Mark Cycle
[90.261s][info][gc,marking  ] GC(209) Concurrent Scan Root Regions
[90.265s][info][gc,marking  ] GC(209) Concurrent Scan Root Regions 4.536ms
[90.265s][info][gc,marking  ] GC(209) Concurrent Mark
[90.265s][info][gc,marking  ] GC(209) Concurrent Mark From Roots
[90.265s][info][gc,task     ] GC(209) Using 1 workers of 1 for marking
[90.312s][info][gc,marking  ] GC(209) Concurrent Mark From Roots 46.469ms
[90.312s][info][gc,marking  ] GC(209) Concurrent Preclean
[90.312s][info][gc,marking  ] GC(209) Concurrent Preclean 0.060ms
[90.312s][info][gc,start    ] GC(209) Pause Remark
[90.320s][info][gc          ] GC(209) Pause Remark 268M->268M(600M) 7.829ms
[90.320s][info][gc,cpu      ] GC(209) User=0.01s Sys=0.00s Real=0.00s
[90.320s][info][gc,marking  ] GC(209) Concurrent Mark 55.038ms
[90.320s][info][gc,marking  ] GC(209) Concurrent Rebuild Remembered Sets and Scrub Regions
[90.339s][info][gc,marking  ] GC(209) Concurrent Rebuild Remembered Sets and Scrub Regions 18.229ms
[90.339s][info][gc,start    ] GC(209) Pause Cleanup
[90.339s][info][gc          ] GC(209) Pause Cleanup 281M->281M(600M) 0.068ms
[90.339s][info][gc,cpu      ] GC(209) User=0.00s Sys=0.00s Real=0.00s
[90.339s][info][gc,marking  ] GC(209) Concurrent Clear Claimed Marks
[90.339s][info][gc,marking  ] GC(209) Concurrent Clear Claimed Marks 0.337ms
[90.339s][info][gc,marking  ] GC(209) Concurrent Cleanup for Next Mark
[90.341s][info][gc,marking  ] GC(209) Concurrent Cleanup for Next Mark 1.936ms
[90.341s][info][gc          ] GC(209) Concurrent Mark Cycle 80.516ms
[91.083s][info][gc,start    ] GC(210) Pause Young (Prepare Mixed) (G1 Evacuation Pause)
[91.083s][info][gc,task     ] GC(210) Using 2 workers of 2 for evacuation
[91.090s][info][gc,phases   ] GC(210)   Pre Evacuate Collection Set: 0.38ms
[91.090s][info][gc,phases   ] GC(210)   Merge Heap Roots: 0.15ms
[91.090s][info][gc,phases   ] GC(210)   Evacuate Collection Set: 5.58ms
[91.090s][info][gc,phases   ] GC(210)   Post Evacuate Collection Set: 0.64ms
[91.090s][info][gc,phases   ] GC(210)   Other: 0.12ms
[91.090s][info][gc,heap     ] GC(210) Eden regions: 308->0(312)
[91.090s][info][gc,heap     ] GC(210) Survivor regions: 4->2(39)
[91.090s][info][gc,heap     ] GC(210) Old regions: 47->47
[91.090s][info][gc,heap     ] GC(210) Humongous regions: 207->207
[91.090s][info][gc,metaspace] GC(210) Metaspace: 56063K(56384K)->56063K(56384K) NonClass: 50444K(50688K)->50444K(50688K) Class: 5618K(5696K)->5618K(5696K)
[91.090s][info][gc          ] GC(210) Pause Young (Prepare Mixed) (G1 Evacuation Pause) 564M->255M(600M) 7.051ms
[91.090s][info][gc,cpu      ] GC(210) User=0.00s Sys=0.00s Real=0.00s
[91.758s][info][gc,start    ] GC(211) Pause Young (Mixed) (G1 Evacuation Pause)
[91.759s][info][gc,task     ] GC(211) Using 2 workers of 2 for evacuation
[91.765s][info][gc,phases   ] GC(211)   Pre Evacuate Collection Set: 0.28ms
[91.765s][info][gc,phases   ] GC(211)   Merge Heap Roots: 0.11ms
[91.765s][info][gc,phases   ] GC(211)   Evacuate Collection Set: 4.99ms
[91.765s][info][gc,phases   ] GC(211)   Post Evacuate Collection Set: 0.64ms
[91.765s][info][gc,phases   ] GC(211)   Other: 0.11ms
[91.765s][info][gc,heap     ] GC(211) Eden regions: 312->0(311)
[91.765s][info][gc,heap     ] GC(211) Survivor regions: 2->3(40)
[91.765s][info][gc,heap     ] GC(211) Old regions: 47->46
[91.765s][info][gc,heap     ] GC(211) Humongous regions: 207->207
[91.765s][info][gc,metaspace] GC(211) Metaspace: 56063K(56384K)->56063K(56384K) NonClass: 50444K(50688K)->50444K(50688K) Class: 5618K(5696K)->5618K(5696K)
[91.765s][info][gc          ] GC(211) Pause Young (Mixed) (G1 Evacuation Pause) 567M->255M(600M) 6.313ms
[91.765s][info][gc,cpu      ] GC(211) User=0.01s Sys=0.00s Real=0.01s
[92.538s][info][gc,start    ] GC(212) Pause Young (Concurrent Start) (G1 Evacuation Pause)
[92.538s][info][gc,task     ] GC(212) Using 2 workers of 2 for evacuation
[92.543s][info][gc,phases   ] GC(212)   Pre Evacuate Collection Set: 0.30ms
[92.543s][info][gc,phases   ] GC(212)   Merge Heap Roots: 0.11ms
[92.543s][info][gc,phases   ] GC(212)   Evacuate Collection Set: 3.86ms
[92.543s][info][gc,phases   ] GC(212)   Post Evacuate Collection Set: 0.62ms
[92.543s][info][gc,phases   ] GC(212)   Other: 0.12ms
[92.543s][info][gc,heap     ] GC(212) Eden regions: 311->0(311)
[92.543s][info][gc,heap     ] GC(212) Survivor regions: 3->3(40)
[92.543s][info][gc,heap     ] GC(212) Old regions: 46->46
[92.543s][info][gc,heap     ] GC(212) Humongous regions: 207->207
[92.543s][info][gc,metaspace] GC(212) Metaspace: 56063K(56384K)->56063K(56384K) NonClass: 50444K(50688K)->50444K(50688K) Class: 5618K(5696K)->5618K(5696K)
[92.543s][info][gc          ] GC(212) Pause Young (Concurrent Start) (G1 Evacuation Pause) 566M->255M(600M) 5.193ms
[92.543s][info][gc,cpu      ] GC(212) User=0.01s Sys=0.00s Real=0.01s
[92.543s][info][gc          ] GC(213) Concurrent Mark Cycle
[92.543s][info][gc,marking  ] GC(213) Concurrent Scan Root Regions
[92.550s][info][gc,marking  ] GC(213) Concurrent Scan Root Regions 6.551ms
[92.550s][info][gc,marking  ] GC(213) Concurrent Mark
[92.550s][info][gc,marking  ] GC(213) Concurrent Mark From Roots
[92.550s][info][gc,task     ] GC(213) Using 1 workers of 1 for marking
[92.601s][info][gc,marking  ] GC(213) Concurrent Mark From Roots 50.902ms
[92.601s][info][gc,marking  ] GC(213) Concurrent Preclean
[92.601s][info][gc,marking  ] GC(213) Concurrent Preclean 0.060ms
[92.601s][info][gc,start    ] GC(213) Pause Remark
[92.609s][info][gc          ] GC(213) Pause Remark 281M->281M(600M) 7.832ms
[92.609s][info][gc,cpu      ] GC(213) User=0.02s Sys=0.00s Real=0.00s
[92.609s][info][gc,marking  ] GC(213) Concurrent Mark 59.097ms
[92.609s][info][gc,marking  ] GC(213) Concurrent Rebuild Remembered Sets and Scrub Regions
[92.630s][info][gc,marking  ] GC(213) Concurrent Rebuild Remembered Sets and Scrub Regions 20.864ms
[92.630s][info][gc,start    ] GC(213) Pause Cleanup
[92.630s][info][gc          ] GC(213) Pause Cleanup 288M->288M(600M) 0.068ms
[92.630s][info][gc,cpu      ] GC(213) User=0.00s Sys=0.00s Real=0.00s
[92.631s][info][gc,marking  ] GC(213) Concurrent Clear Claimed Marks
[92.631s][info][gc,marking  ] GC(213) Concurrent Clear Claimed Marks 0.101ms
[92.631s][info][gc,marking  ] GC(213) Concurrent Cleanup for Next Mark
[92.635s][info][gc,marking  ] GC(213) Concurrent Cleanup for Next Mark 4.184ms
[92.635s][info][gc          ] GC(213) Concurrent Mark Cycle 92.053ms
[93.267s][info][gc,start    ] GC(214) Pause Young (Prepare Mixed) (G1 Evacuation Pause)
[93.267s][info][gc,task     ] GC(214) Using 2 workers of 2 for evacuation
[93.272s][info][gc,phases   ] GC(214)   Pre Evacuate Collection Set: 0.27ms
[93.272s][info][gc,phases   ] GC(214)   Merge Heap Roots: 0.12ms
[93.272s][info][gc,phases   ] GC(214)   Evacuate Collection Set: 3.09ms
[93.272s][info][gc,phases   ] GC(214)   Post Evacuate Collection Set: 0.61ms
[93.272s][info][gc,phases   ] GC(214)   Other: 0.11ms
[93.272s][info][gc,heap     ] GC(214) Eden regions: 311->0(313)
[93.272s][info][gc,heap     ] GC(214) Survivor regions: 3->2(40)
[93.272s][info][gc,heap     ] GC(214) Old regions: 46->46
[93.272s][info][gc,heap     ] GC(214) Humongous regions: 207->207
[93.272s][info][gc,metaspace] GC(214) Metaspace: 56064K(56384K)->56064K(56384K) NonClass: 50445K(50688K)->50445K(50688K) Class: 5618K(5696K)->5618K(5696K)
[93.272s][info][gc          ] GC(214) Pause Young (Prepare Mixed) (G1 Evacuation Pause) 566M->254M(600M) 4.425ms
[93.272s][info][gc,cpu      ] GC(214) User=0.01s Sys=0.00s Real=0.01s
[94.043s][info][gc,start    ] GC(215) Pause Young (Mixed) (G1 Evacuation Pause)
[94.043s][info][gc,task     ] GC(215) Using 2 workers of 2 for evacuation
[94.051s][info][gc,phases   ] GC(215)   Pre Evacuate Collection Set: 0.26ms
[94.051s][info][gc,phases   ] GC(215)   Merge Heap Roots: 0.12ms
[94.051s][info][gc,phases   ] GC(215)   Evacuate Collection Set: 6.60ms
[94.051s][info][gc,phases   ] GC(215)   Post Evacuate Collection Set: 0.61ms
[94.051s][info][gc,phases   ] GC(215)   Other: 0.08ms
[94.051s][info][gc,heap     ] GC(215) Eden regions: 313->0(309)
[94.051s][info][gc,heap     ] GC(215) Survivor regions: 2->4(40)
[94.051s][info][gc,heap     ] GC(215) Old regions: 46->46
[94.051s][info][gc,heap     ] GC(215) Humongous regions: 207->207
[94.051s][info][gc,metaspace] GC(215) Metaspace: 56064K(56384K)->56064K(56384K) NonClass: 50445K(50688K)->50445K(50688K) Class: 5618K(5696K)->5618K(5696K)
[94.051s][info][gc          ] GC(215) Pause Young (Mixed) (G1 Evacuation Pause) 567M->255M(600M) 7.849ms
[94.051s][info][gc,cpu      ] GC(215) User=0.01s Sys=0.00s Real=0.01s
[94.773s][info][gc,start    ] GC(216) Pause Young (Concurrent Start) (G1 Evacuation Pause)
[94.773s][info][gc,task     ] GC(216) Using 2 workers of 2 for evacuation
[94.777s][info][gc,phases   ] GC(216)   Pre Evacuate Collection Set: 0.31ms
[94.778s][info][gc,phases   ] GC(216)   Merge Heap Roots: 0.13ms
[94.778s][info][gc,phases   ] GC(216)   Evacuate Collection Set: 2.90ms
[94.778s][info][gc,phases   ] GC(216)   Post Evacuate Collection Set: 0.76ms
[94.778s][info][gc,phases   ] GC(216)   Other: 0.12ms
[94.778s][info][gc,heap     ] GC(216) Eden regions: 309->0(313)
[94.778s][info][gc,heap     ] GC(216) Survivor regions: 4->2(40)
[94.778s][info][gc,heap     ] GC(216) Old regions: 46->46
[94.778s][info][gc,heap     ] GC(216) Humongous regions: 207->207
[94.778s][info][gc,metaspace] GC(216) Metaspace: 56064K(56384K)->56064K(56384K) NonClass: 50446K(50688K)->50446K(50688K) Class: 5618K(5696K)->5618K(5696K)
[94.778s][info][gc          ] GC(216) Pause Young (Concurrent Start) (G1 Evacuation Pause) 564M->253M(600M) 4.411ms
[94.778s][info][gc          ] GC(217) Concurrent Mark Cycle
[94.778s][info][gc,marking  ] GC(217) Concurrent Scan Root Regions
[94.778s][info][gc,cpu      ] GC(216) User=0.00s Sys=0.00s Real=0.00s
[94.781s][info][gc,marking  ] GC(217) Concurrent Scan Root Regions 3.774ms
[94.781s][info][gc,marking  ] GC(217) Concurrent Mark
[94.781s][info][gc,marking  ] GC(217) Concurrent Mark From Roots
[94.781s][info][gc,task     ] GC(217) Using 1 workers of 1 for marking
[94.823s][info][gc,marking  ] GC(217) Concurrent Mark From Roots 41.558ms
[94.823s][info][gc,marking  ] GC(217) Concurrent Preclean
[94.823s][info][gc,marking  ] GC(217) Concurrent Preclean 0.050ms
[94.824s][info][gc,start    ] GC(217) Pause Remark
[94.831s][info][gc          ] GC(217) Pause Remark 259M->259M(600M) 7.738ms
[94.831s][info][gc,cpu      ] GC(217) User=0.01s Sys=0.00s Real=0.01s
[94.832s][info][gc,marking  ] GC(217) Concurrent Mark 50.049ms
[94.832s][info][gc,marking  ] GC(217) Concurrent Rebuild Remembered Sets and Scrub Regions
[94.862s][info][gc,marking  ] GC(217) Concurrent Rebuild Remembered Sets and Scrub Regions 30.383ms
[94.862s][info][gc,start    ] GC(217) Pause Cleanup
[94.862s][info][gc          ] GC(217) Pause Cleanup 284M->284M(600M) 0.073ms
[94.862s][info][gc,cpu      ] GC(217) User=0.00s Sys=0.00s Real=0.00s
[94.862s][info][gc,marking  ] GC(217) Concurrent Clear Claimed Marks
[94.862s][info][gc,marking  ] GC(217) Concurrent Clear Claimed Marks 0.101ms
[94.862s][info][gc,marking  ] GC(217) Concurrent Cleanup for Next Mark
[94.866s][info][gc,marking  ] GC(217) Concurrent Cleanup for Next Mark 3.013ms
[94.866s][info][gc          ] GC(217) Concurrent Mark Cycle 87.890ms
[95.591s][info][gc,start    ] GC(218) Pause Young (Prepare Mixed) (G1 Evacuation Pause)
[95.591s][info][gc,task     ] GC(218) Using 2 workers of 2 for evacuation
[95.598s][info][gc,phases   ] GC(218)   Pre Evacuate Collection Set: 0.28ms
[95.598s][info][gc,phases   ] GC(218)   Merge Heap Roots: 0.12ms
[95.598s][info][gc,phases   ] GC(218)   Evacuate Collection Set: 5.40ms
[95.598s][info][gc,phases   ] GC(218)   Post Evacuate Collection Set: 0.59ms
[95.598s][info][gc,phases   ] GC(218)   Other: 0.11ms
[95.598s][info][gc,heap     ] GC(218) Eden regions: 313->0(309)
[95.598s][info][gc,heap     ] GC(218) Survivor regions: 2->4(40)
[95.598s][info][gc,heap     ] GC(218) Old regions: 46->46
[95.598s][info][gc,heap     ] GC(218) Humongous regions: 207->207
[95.598s][info][gc,metaspace] GC(218) Metaspace: 56064K(56384K)->56064K(56384K) NonClass: 50446K(50688K)->50446K(50688K) Class: 5618K(5696K)->5618K(5696K)
[95.598s][info][gc          ] GC(218) Pause Young (Prepare Mixed) (G1 Evacuation Pause) 566M->256M(600M) 6.705ms
[95.598s][info][gc,cpu      ] GC(218) User=0.01s Sys=0.00s Real=0.00s
[96.334s][info][gc,start    ] GC(219) Pause Young (Mixed) (G1 Evacuation Pause)
[96.334s][info][gc,task     ] GC(219) Using 2 workers of 2 for evacuation
[96.339s][info][gc,phases   ] GC(219)   Pre Evacuate Collection Set: 0.26ms
[96.339s][info][gc,phases   ] GC(219)   Merge Heap Roots: 0.10ms
[96.339s][info][gc,phases   ] GC(219)   Evacuate Collection Set: 4.54ms
[96.339s][info][gc,phases   ] GC(219)   Post Evacuate Collection Set: 0.60ms
[96.339s][info][gc,phases   ] GC(219)   Other: 0.11ms
[96.339s][info][gc,heap     ] GC(219) Eden regions: 309->0(313)
[96.339s][info][gc,heap     ] GC(219) Survivor regions: 4->2(40)
[96.339s][info][gc,heap     ] GC(219) Old regions: 46->46
[96.339s][info][gc,heap     ] GC(219) Humongous regions: 207->207
[96.339s][info][gc,metaspace] GC(219) Metaspace: 56064K(56384K)->56064K(56384K) NonClass: 50446K(50688K)->50446K(50688K) Class: 5618K(5696K)->5618K(5696K)
[96.340s][info][gc          ] GC(219) Pause Young (Mixed) (G1 Evacuation Pause) 565M->254M(600M) 5.823ms
[96.340s][info][gc,cpu      ] GC(219) User=0.01s Sys=0.00s Real=0.00s
[97.065s][info][gc,start    ] GC(220) Pause Young (Concurrent Start) (G1 Evacuation Pause)
[97.065s][info][gc,task     ] GC(220) Using 2 workers of 2 for evacuation
[97.069s][info][gc,phases   ] GC(220)   Pre Evacuate Collection Set: 0.28ms
[97.069s][info][gc,phases   ] GC(220)   Merge Heap Roots: 0.10ms
[97.069s][info][gc,phases   ] GC(220)   Evacuate Collection Set: 2.84ms
[97.069s][info][gc,phases   ] GC(220)   Post Evacuate Collection Set: 0.59ms
[97.069s][info][gc,phases   ] GC(220)   Other: 0.10ms
[97.069s][info][gc,heap     ] GC(220) Eden regions: 313->0(313)
[97.069s][info][gc,heap     ] GC(220) Survivor regions: 2->2(40)
[97.069s][info][gc,heap     ] GC(220) Old regions: 46->46
[97.069s][info][gc,heap     ] GC(220) Humongous regions: 207->207
[97.069s][info][gc,metaspace] GC(220) Metaspace: 56064K(56384K)->56064K(56384K) NonClass: 50446K(50688K)->50446K(50688K) Class: 5618K(5696K)->5618K(5696K)
[97.069s][info][gc          ] GC(220) Pause Young (Concurrent Start) (G1 Evacuation Pause) 567M->253M(600M) 4.066ms
[97.069s][info][gc          ] GC(221) Concurrent Mark Cycle
[97.069s][info][gc,marking  ] GC(221) Concurrent Scan Root Regions
[97.069s][info][gc,cpu      ] GC(220) User=0.01s Sys=0.00s Real=0.00s
[97.072s][info][gc,marking  ] GC(221) Concurrent Scan Root Regions 2.830ms
[97.072s][info][gc,marking  ] GC(221) Concurrent Mark
[97.072s][info][gc,marking  ] GC(221) Concurrent Mark From Roots
[97.072s][info][gc,task     ] GC(221) Using 1 workers of 1 for marking
[97.111s][info][gc,marking  ] GC(221) Concurrent Mark From Roots 39.290ms
[97.111s][info][gc,marking  ] GC(221) Concurrent Preclean
[97.111s][info][gc,marking  ] GC(221) Concurrent Preclean 0.049ms
[97.111s][info][gc,start    ] GC(221) Pause Remark
[97.119s][info][gc          ] GC(221) Pause Remark 257M->257M(600M) 7.761ms
[97.119s][info][gc,cpu      ] GC(221) User=0.01s Sys=0.00s Real=0.00s
[97.119s][info][gc,marking  ] GC(221) Concurrent Mark 47.508ms
[97.119s][info][gc,marking  ] GC(221) Concurrent Rebuild Remembered Sets and Scrub Regions
[97.144s][info][gc,marking  ] GC(221) Concurrent Rebuild Remembered Sets and Scrub Regions 24.900ms
[97.145s][info][gc,start    ] GC(221) Pause Cleanup
[97.145s][info][gc          ] GC(221) Pause Cleanup 277M->277M(600M) 0.065ms
[97.145s][info][gc,cpu      ] GC(221) User=0.00s Sys=0.00s Real=0.00s
[97.145s][info][gc,marking  ] GC(221) Concurrent Clear Claimed Marks
[97.145s][info][gc,marking  ] GC(221) Concurrent Clear Claimed Marks 0.094ms
[97.145s][info][gc,marking  ] GC(221) Concurrent Cleanup for Next Mark
[97.146s][info][gc,marking  ] GC(221) Concurrent Cleanup for Next Mark 1.728ms
[97.147s][info][gc          ] GC(221) Concurrent Mark Cycle 77.522ms
[97.844s][info][gc,start    ] GC(222) Pause Young (Prepare Mixed) (G1 Evacuation Pause)
[97.844s][info][gc,task     ] GC(222) Using 2 workers of 2 for evacuation
[97.851s][info][gc,phases   ] GC(222)   Pre Evacuate Collection Set: 0.27ms
[97.851s][info][gc,phases   ] GC(222)   Merge Heap Roots: 0.13ms
[97.851s][info][gc,phases   ] GC(222)   Evacuate Collection Set: 5.28ms
[97.851s][info][gc,phases   ] GC(222)   Post Evacuate Collection Set: 0.61ms
[97.851s][info][gc,phases   ] GC(222)   Other: 0.11ms
[97.851s][info][gc,heap     ] GC(222) Eden regions: 313->0(311)
[97.851s][info][gc,heap     ] GC(222) Survivor regions: 2->3(40)
[97.851s][info][gc,heap     ] GC(222) Old regions: 46->46
[97.851s][info][gc,heap     ] GC(222) Humongous regions: 207->207
[97.851s][info][gc,metaspace] GC(222) Metaspace: 56064K(56384K)->56064K(56384K) NonClass: 50446K(50688K)->50446K(50688K) Class: 5618K(5696K)->5618K(5696K)
[97.851s][info][gc          ] GC(222) Pause Young (Prepare Mixed) (G1 Evacuation Pause) 566M->255M(600M) 6.592ms
[97.851s][info][gc,cpu      ] GC(222) User=0.01s Sys=0.00s Real=0.01s
[98.798s][info][gc,start    ] GC(223) Pause Young (Mixed) (G1 Evacuation Pause)
[98.798s][info][gc,task     ] GC(223) Using 2 workers of 2 for evacuation
[98.803s][info][gc,phases   ] GC(223)   Pre Evacuate Collection Set: 0.27ms
[98.803s][info][gc,phases   ] GC(223)   Merge Heap Roots: 0.11ms
[98.803s][info][gc,phases   ] GC(223)   Evacuate Collection Set: 4.08ms
[98.803s][info][gc,phases   ] GC(223)   Post Evacuate Collection Set: 0.63ms
[98.803s][info][gc,phases   ] GC(223)   Other: 0.10ms
[98.803s][info][gc,heap     ] GC(223) Eden regions: 311->0(311)
[98.803s][info][gc,heap     ] GC(223) Survivor regions: 3->3(40)
[98.803s][info][gc,heap     ] GC(223) Old regions: 46->46
[98.803s][info][gc,heap     ] GC(223) Humongous regions: 207->207
[98.803s][info][gc,metaspace] GC(223) Metaspace: 56064K(56384K)->56064K(56384K) NonClass: 50446K(50688K)->50446K(50688K) Class: 5618K(5696K)->5618K(5696K)
[98.803s][info][gc          ] GC(223) Pause Young (Mixed) (G1 Evacuation Pause) 566M->254M(600M) 5.353ms
[98.803s][info][gc,cpu      ] GC(223) User=0.01s Sys=0.00s Real=0.01s
[99.449s][info][gc,start    ] GC(224) Pause Young (Concurrent Start) (G1 Evacuation Pause)
[99.449s][info][gc,task     ] GC(224) Using 2 workers of 2 for evacuation
[99.455s][info][gc,phases   ] GC(224)   Pre Evacuate Collection Set: 0.30ms
[99.455s][info][gc,phases   ] GC(224)   Merge Heap Roots: 0.12ms
[99.455s][info][gc,phases   ] GC(224)   Evacuate Collection Set: 4.78ms
[99.455s][info][gc,phases   ] GC(224)   Post Evacuate Collection Set: 0.61ms
[99.455s][info][gc,phases   ] GC(224)   Other: 0.10ms
[99.455s][info][gc,heap     ] GC(224) Eden regions: 311->0(311)
[99.455s][info][gc,heap     ] GC(224) Survivor regions: 3->3(40)
[99.455s][info][gc,heap     ] GC(224) Old regions: 46->46
[99.455s][info][gc,heap     ] GC(224) Humongous regions: 207->207
[99.455s][info][gc,metaspace] GC(224) Metaspace: 56069K(56384K)->56069K(56384K) NonClass: 50450K(50688K)->50450K(50688K) Class: 5618K(5696K)->5618K(5696K)
[99.455s][info][gc          ] GC(224) Pause Young (Concurrent Start) (G1 Evacuation Pause) 565M->254M(600M) 6.107ms
[99.455s][info][gc          ] GC(225) Concurrent Mark Cycle
[99.455s][info][gc,marking  ] GC(225) Concurrent Scan Root Regions
[99.457s][info][gc,cpu      ] GC(224) User=0.02s Sys=0.00s Real=0.01s
[99.459s][info][gc,marking  ] GC(225) Concurrent Scan Root Regions 3.535ms
[99.459s][info][gc,marking  ] GC(225) Concurrent Mark
[99.459s][info][gc,marking  ] GC(225) Concurrent Mark From Roots
[99.459s][info][gc,task     ] GC(225) Using 1 workers of 1 for marking
[99.502s][info][gc,marking  ] GC(225) Concurrent Mark From Roots 43.129ms
[99.502s][info][gc,marking  ] GC(225) Concurrent Preclean
[99.502s][info][gc,marking  ] GC(225) Concurrent Preclean 0.053ms
[99.502s][info][gc,start    ] GC(225) Pause Remark
[99.510s][info][gc          ] GC(225) Pause Remark 266M->266M(600M) 7.724ms
[99.510s][info][gc,cpu      ] GC(225) User=0.01s Sys=0.00s Real=0.00s
[99.510s][info][gc,marking  ] GC(225) Concurrent Mark 51.345ms
[99.510s][info][gc,marking  ] GC(225) Concurrent Rebuild Remembered Sets and Scrub Regions
[99.529s][info][gc,marking  ] GC(225) Concurrent Rebuild Remembered Sets and Scrub Regions 19.287ms
[99.529s][info][gc,start    ] GC(225) Pause Cleanup
[99.530s][info][gc          ] GC(225) Pause Cleanup 273M->273M(600M) 0.060ms
[99.530s][info][gc,cpu      ] GC(225) User=0.00s Sys=0.00s Real=0.00s
[99.530s][info][gc,marking  ] GC(225) Concurrent Clear Claimed Marks
[99.530s][info][gc,marking  ] GC(225) Concurrent Clear Claimed Marks 0.084ms
[99.530s][info][gc,marking  ] GC(225) Concurrent Cleanup for Next Mark
[99.532s][info][gc,marking  ] GC(225) Concurrent Cleanup for Next Mark 1.910ms
[99.532s][info][gc          ] GC(225) Concurrent Mark Cycle 76.527ms
[100.231s][info][gc,start    ] GC(226) Pause Young (Prepare Mixed) (G1 Evacuation Pause)
[100.231s][info][gc,task     ] GC(226) Using 2 workers of 2 for evacuation
[100.236s][info][gc,phases   ] GC(226)   Pre Evacuate Collection Set: 0.29ms
[100.236s][info][gc,phases   ] GC(226)   Merge Heap Roots: 0.14ms
[100.236s][info][gc,phases   ] GC(226)   Evacuate Collection Set: 3.72ms
[100.236s][info][gc,phases   ] GC(226)   Post Evacuate Collection Set: 0.60ms
[100.236s][info][gc,phases   ] GC(226)   Other: 0.08ms
[100.236s][info][gc,heap     ] GC(226) Eden regions: 311->0(313)
[100.236s][info][gc,heap     ] GC(226) Survivor regions: 3->2(40)
[100.236s][info][gc,heap     ] GC(226) Old regions: 46->46
[100.236s][info][gc,heap     ] GC(226) Humongous regions: 207->207
[100.236s][info][gc,metaspace] GC(226) Metaspace: 56069K(56384K)->56069K(56384K) NonClass: 50450K(50688K)->50450K(50688K) Class: 5618K(5696K)->5618K(5696K)
[100.236s][info][gc          ] GC(226) Pause Young (Prepare Mixed) (G1 Evacuation Pause) 565M->254M(600M) 5.016ms
[100.236s][info][gc,cpu      ] GC(226) User=0.01s Sys=0.00s Real=0.00s
[101.027s][info][gc,start    ] GC(227) Pause Young (Mixed) (G1 Evacuation Pause)
[101.027s][info][gc,task     ] GC(227) Using 2 workers of 2 for evacuation
[101.059s][info][gc,phases   ] GC(227)   Pre Evacuate Collection Set: 0.41ms
[101.059s][info][gc,phases   ] GC(227)   Merge Heap Roots: 2.31ms
[101.059s][info][gc,phases   ] GC(227)   Evacuate Collection Set: 14.08ms
[101.059s][info][gc,phases   ] GC(227)   Post Evacuate Collection Set: 15.50ms
[101.059s][info][gc,phases   ] GC(227)   Other: 0.14ms
[101.059s][info][gc,heap     ] GC(227) Eden regions: 313->0(315)
[101.059s][info][gc,heap     ] GC(227) Survivor regions: 2->1(40)
[101.059s][info][gc,heap     ] GC(227) Old regions: 46->46
[101.059s][info][gc,heap     ] GC(227) Humongous regions: 207->207
[101.059s][info][gc,metaspace] GC(227) Metaspace: 56069K(56384K)->56069K(56384K) NonClass: 50450K(50688K)->50450K(50688K) Class: 5618K(5696K)->5618K(5696K)
[101.059s][info][gc          ] GC(227) Pause Young (Mixed) (G1 Evacuation Pause) 567M->252M(600M) 32.694ms
[101.059s][info][gc,cpu      ] GC(227) User=0.01s Sys=0.00s Real=0.03s
[101.742s][info][gc,start    ] GC(228) Pause Young (Concurrent Start) (G1 Evacuation Pause)
[101.742s][info][gc,task     ] GC(228) Using 2 workers of 2 for evacuation
[101.749s][info][gc,phases   ] GC(228)   Pre Evacuate Collection Set: 0.36ms
[101.749s][info][gc,phases   ] GC(228)   Merge Heap Roots: 0.13ms
[101.749s][info][gc,phases   ] GC(228)   Evacuate Collection Set: 5.15ms
[101.749s][info][gc,phases   ] GC(228)   Post Evacuate Collection Set: 0.60ms
[101.749s][info][gc,phases   ] GC(228)   Other: 0.18ms
[101.749s][info][gc,heap     ] GC(228) Eden regions: 315->0(311)
[101.749s][info][gc,heap     ] GC(228) Survivor regions: 1->3(40)
[101.749s][info][gc,heap     ] GC(228) Old regions: 46->46
[101.749s][info][gc,heap     ] GC(228) Humongous regions: 207->207
[101.749s][info][gc,metaspace] GC(228) Metaspace: 56069K(56384K)->56069K(56384K) NonClass: 50450K(50688K)->50450K(50688K) Class: 5618K(5696K)->5618K(5696K)
[101.749s][info][gc          ] GC(228) Pause Young (Concurrent Start) (G1 Evacuation Pause) 567M->255M(600M) 6.594ms
[101.749s][info][gc,cpu      ] GC(228) User=0.01s Sys=0.00s Real=0.00s
[101.749s][info][gc          ] GC(229) Concurrent Mark Cycle
[101.749s][info][gc,marking  ] GC(229) Concurrent Scan Root Regions
[101.756s][info][gc,marking  ] GC(229) Concurrent Scan Root Regions 7.562ms
[101.756s][info][gc,marking  ] GC(229) Concurrent Mark
[101.756s][info][gc,marking  ] GC(229) Concurrent Mark From Roots
[101.756s][info][gc,task     ] GC(229) Using 1 workers of 1 for marking
[101.807s][info][gc,marking  ] GC(229) Concurrent Mark From Roots 50.236ms
[101.807s][info][gc,marking  ] GC(229) Concurrent Preclean
[101.807s][info][gc,marking  ] GC(229) Concurrent Preclean 0.055ms
[101.807s][info][gc,start    ] GC(229) Pause Remark
[101.815s][info][gc          ] GC(229) Pause Remark 273M->273M(600M) 7.668ms
[101.815s][info][gc,cpu      ] GC(229) User=0.02s Sys=0.00s Real=0.01s
[101.815s][info][gc,marking  ] GC(229) Concurrent Mark 58.172ms
[101.815s][info][gc,marking  ] GC(229) Concurrent Rebuild Remembered Sets and Scrub Regions
[101.830s][info][gc,marking  ] GC(229) Concurrent Rebuild Remembered Sets and Scrub Regions 15.253ms
[101.830s][info][gc,start    ] GC(229) Pause Cleanup
[101.830s][info][gc          ] GC(229) Pause Cleanup 280M->280M(600M) 0.067ms
[101.830s][info][gc,cpu      ] GC(229) User=0.00s Sys=0.00s Real=0.00s
[101.830s][info][gc,marking  ] GC(229) Concurrent Clear Claimed Marks
[101.830s][info][gc,marking  ] GC(229) Concurrent Clear Claimed Marks 0.087ms
[101.830s][info][gc,marking  ] GC(229) Concurrent Cleanup for Next Mark
[101.832s][info][gc,marking  ] GC(229) Concurrent Cleanup for Next Mark 1.737ms
[101.832s][info][gc          ] GC(229) Concurrent Mark Cycle 83.336ms
[102.524s][info][gc,start    ] GC(230) Pause Young (Prepare Mixed) (G1 Evacuation Pause)
[102.525s][info][gc,task     ] GC(230) Using 2 workers of 2 for evacuation
[102.528s][info][gc,phases   ] GC(230)   Pre Evacuate Collection Set: 0.27ms
[102.528s][info][gc,phases   ] GC(230)   Merge Heap Roots: 0.12ms
[102.528s][info][gc,phases   ] GC(230)   Evacuate Collection Set: 2.81ms
[102.528s][info][gc,phases   ] GC(230)   Post Evacuate Collection Set: 0.61ms
[102.528s][info][gc,phases   ] GC(230)   Other: 0.08ms
[102.529s][info][gc,heap     ] GC(230) Eden regions: 311->0(313)
[102.529s][info][gc,heap     ] GC(230) Survivor regions: 3->2(40)
[102.529s][info][gc,heap     ] GC(230) Old regions: 46->46
[102.529s][info][gc,heap     ] GC(230) Humongous regions: 207->207
[102.529s][info][gc,metaspace] GC(230) Metaspace: 56069K(56384K)->56069K(56384K) NonClass: 50450K(50688K)->50450K(50688K) Class: 5618K(5696K)->5618K(5696K)
[102.529s][info][gc          ] GC(230) Pause Young (Prepare Mixed) (G1 Evacuation Pause) 566M->253M(600M) 4.092ms
[102.529s][info][gc,cpu      ] GC(230) User=0.01s Sys=0.00s Real=0.00s
[103.307s][info][gc,start    ] GC(231) Pause Young (Mixed) (G1 Evacuation Pause)
[103.307s][info][gc,task     ] GC(231) Using 2 workers of 2 for evacuation
[103.314s][info][gc,phases   ] GC(231)   Pre Evacuate Collection Set: 0.28ms
[103.314s][info][gc,phases   ] GC(231)   Merge Heap Roots: 0.10ms
[103.314s][info][gc,phases   ] GC(231)   Evacuate Collection Set: 5.24ms
[103.314s][info][gc,phases   ] GC(231)   Post Evacuate Collection Set: 0.64ms
[103.314s][info][gc,phases   ] GC(231)   Other: 0.08ms
[103.314s][info][gc,heap     ] GC(231) Eden regions: 313->0(312)
[103.314s][info][gc,heap     ] GC(231) Survivor regions: 2->3(40)
[103.314s][info][gc,heap     ] GC(231) Old regions: 46->45
[103.314s][info][gc,heap     ] GC(231) Humongous regions: 207->207
[103.314s][info][gc,metaspace] GC(231) Metaspace: 56069K(56384K)->56069K(56384K) NonClass: 50450K(50688K)->50450K(50688K) Class: 5618K(5696K)->5618K(5696K)
[103.314s][info][gc          ] GC(231) Pause Young (Mixed) (G1 Evacuation Pause) 566M->254M(600M) 6.544ms
[103.314s][info][gc,cpu      ] GC(231) User=0.01s Sys=0.00s Real=0.01s
[104.031s][info][gc,start    ] GC(232) Pause Young (Concurrent Start) (G1 Evacuation Pause)
[104.032s][info][gc,task     ] GC(232) Using 2 workers of 2 for evacuation
[104.036s][info][gc,phases   ] GC(232)   Pre Evacuate Collection Set: 0.29ms
[104.036s][info][gc,phases   ] GC(232)   Merge Heap Roots: 0.10ms
[104.036s][info][gc,phases   ] GC(232)   Evacuate Collection Set: 3.33ms
[104.036s][info][gc,phases   ] GC(232)   Post Evacuate Collection Set: 0.62ms
[104.036s][info][gc,phases   ] GC(232)   Other: 0.10ms
[104.036s][info][gc,heap     ] GC(232) Eden regions: 312->0(313)
[104.036s][info][gc,heap     ] GC(232) Survivor regions: 3->2(40)
[104.036s][info][gc,heap     ] GC(232) Old regions: 45->46
[104.036s][info][gc,heap     ] GC(232) Humongous regions: 207->207
[104.036s][info][gc,metaspace] GC(232) Metaspace: 56069K(56384K)->56069K(56384K) NonClass: 50450K(50688K)->50450K(50688K) Class: 5618K(5696K)->5618K(5696K)
[104.036s][info][gc          ] GC(232) Pause Young (Concurrent Start) (G1 Evacuation Pause) 566M->253M(600M) 4.631ms
[104.036s][info][gc,cpu      ] GC(232) User=0.01s Sys=0.00s Real=0.00s
[104.036s][info][gc          ] GC(233) Concurrent Mark Cycle
[104.036s][info][gc,marking  ] GC(233) Concurrent Scan Root Regions
[104.038s][info][gc,marking  ] GC(233) Concurrent Scan Root Regions 2.137ms
[104.038s][info][gc,marking  ] GC(233) Concurrent Mark
[104.038s][info][gc,marking  ] GC(233) Concurrent Mark From Roots
[104.038s][info][gc,task     ] GC(233) Using 1 workers of 1 for marking
[104.093s][info][gc,marking  ] GC(233) Concurrent Mark From Roots 54.326ms
[104.093s][info][gc,marking  ] GC(233) Concurrent Preclean
[104.093s][info][gc,marking  ] GC(233) Concurrent Preclean 0.059ms
[104.093s][info][gc,start    ] GC(233) Pause Remark
[104.101s][info][gc          ] GC(233) Pause Remark 285M->285M(600M) 7.679ms
[104.101s][info][gc,cpu      ] GC(233) User=0.01s Sys=0.00s Real=0.01s
[104.101s][info][gc,marking  ] GC(233) Concurrent Mark 62.294ms
[104.101s][info][gc,marking  ] GC(233) Concurrent Rebuild Remembered Sets and Scrub Regions
[104.117s][info][gc,marking  ] GC(233) Concurrent Rebuild Remembered Sets and Scrub Regions 16.009ms
[104.117s][info][gc,start    ] GC(233) Pause Cleanup
[104.117s][info][gc          ] GC(233) Pause Cleanup 285M->285M(600M) 0.053ms
[104.117s][info][gc,cpu      ] GC(233) User=0.00s Sys=0.00s Real=0.00s
[104.117s][info][gc,marking  ] GC(233) Concurrent Clear Claimed Marks
[104.117s][info][gc,marking  ] GC(233) Concurrent Clear Claimed Marks 0.082ms
[104.117s][info][gc,marking  ] GC(233) Concurrent Cleanup for Next Mark
[104.119s][info][gc,marking  ] GC(233) Concurrent Cleanup for Next Mark 1.761ms
[104.119s][info][gc          ] GC(233) Concurrent Mark Cycle 82.556ms
[104.762s][info][gc,start    ] GC(234) Pause Young (Prepare Mixed) (G1 Evacuation Pause)
[104.762s][info][gc,task     ] GC(234) Using 2 workers of 2 for evacuation
[104.767s][info][gc,phases   ] GC(234)   Pre Evacuate Collection Set: 0.27ms
[104.767s][info][gc,phases   ] GC(234)   Merge Heap Roots: 0.12ms
[104.767s][info][gc,phases   ] GC(234)   Evacuate Collection Set: 3.72ms
[104.767s][info][gc,phases   ] GC(234)   Post Evacuate Collection Set: 0.59ms
[104.767s][info][gc,phases   ] GC(234)   Other: 0.09ms
[104.767s][info][gc,heap     ] GC(234) Eden regions: 313->0(313)
[104.767s][info][gc,heap     ] GC(234) Survivor regions: 2->2(40)
[104.767s][info][gc,heap     ] GC(234) Old regions: 46->46
[104.767s][info][gc,heap     ] GC(234) Humongous regions: 207->207
[104.767s][info][gc,metaspace] GC(234) Metaspace: 56069K(56384K)->56069K(56384K) NonClass: 50450K(50688K)->50450K(50688K) Class: 5618K(5696K)->5618K(5696K)
[104.767s][info][gc          ] GC(234) Pause Young (Prepare Mixed) (G1 Evacuation Pause) 566M->254M(600M) 5.012ms
[104.767s][info][gc,cpu      ] GC(234) User=0.01s Sys=0.00s Real=0.00s
[105.542s][info][gc,start    ] GC(235) Pause Young (Mixed) (G1 Evacuation Pause)
[105.542s][info][gc,task     ] GC(235) Using 2 workers of 2 for evacuation
[105.550s][info][gc,phases   ] GC(235)   Pre Evacuate Collection Set: 0.26ms
[105.550s][info][gc,phases   ] GC(235)   Merge Heap Roots: 0.13ms
[105.550s][info][gc,phases   ] GC(235)   Evacuate Collection Set: 6.51ms
[105.550s][info][gc,phases   ] GC(235)   Post Evacuate Collection Set: 0.63ms
[105.550s][info][gc,phases   ] GC(235)   Other: 0.09ms
[105.550s][info][gc,heap     ] GC(235) Eden regions: 313->0(312)
[105.550s][info][gc,heap     ] GC(235) Survivor regions: 2->3(40)
[105.550s][info][gc,heap     ] GC(235) Old regions: 46->45
[105.550s][info][gc,heap     ] GC(235) Humongous regions: 207->207
[105.550s][info][gc,metaspace] GC(235) Metaspace: 56069K(56384K)->56069K(56384K) NonClass: 50450K(50688K)->50450K(50688K) Class: 5618K(5696K)->5618K(5696K)
[105.550s][info][gc          ] GC(235) Pause Young (Mixed) (G1 Evacuation Pause) 567M->254M(600M) 7.794ms
[105.550s][info][gc,cpu      ] GC(235) User=0.01s Sys=0.00s Real=0.00s
[106.330s][info][gc,start    ] GC(236) Pause Young (Concurrent Start) (G1 Evacuation Pause)
[106.330s][info][gc,task     ] GC(236) Using 2 workers of 2 for evacuation
[106.335s][info][gc,phases   ] GC(236)   Pre Evacuate Collection Set: 0.27ms
[106.335s][info][gc,phases   ] GC(236)   Merge Heap Roots: 0.10ms
[106.335s][info][gc,phases   ] GC(236)   Evacuate Collection Set: 3.59ms
[106.335s][info][gc,phases   ] GC(236)   Post Evacuate Collection Set: 0.59ms
[106.335s][info][gc,phases   ] GC(236)   Other: 0.11ms
[106.335s][info][gc,heap     ] GC(236) Eden regions: 312->0(313)
[106.335s][info][gc,heap     ] GC(236) Survivor regions: 3->2(40)
[106.335s][info][gc,heap     ] GC(236) Old regions: 45->46
[106.335s][info][gc,heap     ] GC(236) Humongous regions: 207->207
[106.335s][info][gc,metaspace] GC(236) Metaspace: 56069K(56384K)->56069K(56384K) NonClass: 50450K(50688K)->50450K(50688K) Class: 5618K(5696K)->5618K(5696K)
[106.335s][info][gc          ] GC(236) Pause Young (Concurrent Start) (G1 Evacuation Pause) 566M->253M(600M) 4.828ms
[106.335s][info][gc,cpu      ] GC(236) User=0.01s Sys=0.00s Real=0.01s
[106.335s][info][gc          ] GC(237) Concurrent Mark Cycle
[106.335s][info][gc,marking  ] GC(237) Concurrent Scan Root Regions
[106.340s][info][gc,marking  ] GC(237) Concurrent Scan Root Regions 4.779ms
[106.340s][info][gc,marking  ] GC(237) Concurrent Mark
[106.340s][info][gc,marking  ] GC(237) Concurrent Mark From Roots
[106.340s][info][gc,task     ] GC(237) Using 1 workers of 1 for marking
[106.393s][info][gc,marking  ] GC(237) Concurrent Mark From Roots 53.534ms
[106.393s][info][gc,marking  ] GC(237) Concurrent Preclean
[106.393s][info][gc,marking  ] GC(237) Concurrent Preclean 0.063ms
[106.393s][info][gc,start    ] GC(237) Pause Remark
[106.401s][info][gc          ] GC(237) Pause Remark 287M->287M(600M) 7.707ms
[106.401s][info][gc,cpu      ] GC(237) User=0.02s Sys=0.00s Real=0.01s
[106.401s][info][gc,marking  ] GC(237) Concurrent Mark 61.804ms
[106.401s][info][gc,marking  ] GC(237) Concurrent Rebuild Remembered Sets and Scrub Regions
[106.417s][info][gc,marking  ] GC(237) Concurrent Rebuild Remembered Sets and Scrub Regions 15.521ms
[106.417s][info][gc,start    ] GC(237) Pause Cleanup
[106.417s][info][gc          ] GC(237) Pause Cleanup 287M->287M(600M) 0.053ms
[106.417s][info][gc,cpu      ] GC(237) User=0.00s Sys=0.00s Real=0.00s
[106.417s][info][gc,marking  ] GC(237) Concurrent Clear Claimed Marks
[106.417s][info][gc,marking  ] GC(237) Concurrent Clear Claimed Marks 0.079ms
[106.417s][info][gc,marking  ] GC(237) Concurrent Cleanup for Next Mark
[106.419s][info][gc,marking  ] GC(237) Concurrent Cleanup for Next Mark 1.765ms
[106.419s][info][gc          ] GC(237) Concurrent Mark Cycle 84.294ms
[107.060s][info][gc,start    ] GC(238) Pause Young (Prepare Mixed) (G1 Evacuation Pause)
[107.061s][info][gc,task     ] GC(238) Using 2 workers of 2 for evacuation
[107.065s][info][gc,phases   ] GC(238)   Pre Evacuate Collection Set: 0.28ms
[107.065s][info][gc,phases   ] GC(238)   Merge Heap Roots: 0.13ms
[107.065s][info][gc,phases   ] GC(238)   Evacuate Collection Set: 3.48ms
[107.065s][info][gc,phases   ] GC(238)   Post Evacuate Collection Set: 0.59ms
[107.065s][info][gc,phases   ] GC(238)   Other: 0.09ms
[107.065s][info][gc,heap     ] GC(238) Eden regions: 313->0(313)
[107.065s][info][gc,heap     ] GC(238) Survivor regions: 2->2(40)
[107.065s][info][gc,heap     ] GC(238) Old regions: 46->46
[107.065s][info][gc,heap     ] GC(238) Humongous regions: 207->207
[107.065s][info][gc,metaspace] GC(238) Metaspace: 56069K(56384K)->56069K(56384K) NonClass: 50450K(50688K)->50450K(50688K) Class: 5618K(5696K)->5618K(5696K)
[107.065s][info][gc          ] GC(238) Pause Young (Prepare Mixed) (G1 Evacuation Pause) 566M->253M(600M) 4.729ms
[107.065s][info][gc,cpu      ] GC(238) User=0.01s Sys=0.00s Real=0.00s
[107.843s][info][gc,start    ] GC(239) Pause Young (Mixed) (G1 Evacuation Pause)
[107.843s][info][gc,task     ] GC(239) Using 2 workers of 2 for evacuation
[107.851s][info][gc,phases   ] GC(239)   Pre Evacuate Collection Set: 0.29ms
[107.851s][info][gc,phases   ] GC(239)   Merge Heap Roots: 0.11ms
[107.851s][info][gc,phases   ] GC(239)   Evacuate Collection Set: 6.56ms
[107.851s][info][gc,phases   ] GC(239)   Post Evacuate Collection Set: 0.66ms
[107.851s][info][gc,phases   ] GC(239)   Other: 0.08ms
[107.851s][info][gc,heap     ] GC(239) Eden regions: 313->0(312)
[107.851s][info][gc,heap     ] GC(239) Survivor regions: 2->3(40)
[107.851s][info][gc,heap     ] GC(239) Old regions: 46->45
[107.851s][info][gc,heap     ] GC(239) Humongous regions: 207->207
[107.851s][info][gc,metaspace] GC(239) Metaspace: 56069K(56384K)->56069K(56384K) NonClass: 50450K(50688K)->50450K(50688K) Class: 5618K(5696K)->5618K(5696K)
[107.851s][info][gc          ] GC(239) Pause Young (Mixed) (G1 Evacuation Pause) 566M->254M(600M) 7.900ms
[107.851s][info][gc,cpu      ] GC(239) User=0.02s Sys=0.00s Real=0.01s
[108.624s][info][gc,start    ] GC(240) Pause Young (Concurrent Start) (G1 Evacuation Pause)
[108.624s][info][gc,task     ] GC(240) Using 2 workers of 2 for evacuation
[108.628s][info][gc,phases   ] GC(240)   Pre Evacuate Collection Set: 0.28ms
[108.628s][info][gc,phases   ] GC(240)   Merge Heap Roots: 0.10ms
[108.628s][info][gc,phases   ] GC(240)   Evacuate Collection Set: 2.64ms
[108.628s][info][gc,phases   ] GC(240)   Post Evacuate Collection Set: 0.74ms
[108.628s][info][gc,phases   ] GC(240)   Other: 0.09ms
[108.628s][info][gc,heap     ] GC(240) Eden regions: 312->0(316)
[108.628s][info][gc,heap     ] GC(240) Survivor regions: 3->1(40)
[108.628s][info][gc,heap     ] GC(240) Old regions: 45->45
[108.628s][info][gc,heap     ] GC(240) Humongous regions: 207->207
[108.628s][info][gc,metaspace] GC(240) Metaspace: 56069K(56384K)->56069K(56384K) NonClass: 50450K(50688K)->50450K(50688K) Class: 5618K(5696K)->5618K(5696K)
[108.628s][info][gc          ] GC(240) Pause Young (Concurrent Start) (G1 Evacuation Pause) 566M->252M(600M) 4.030ms
[108.628s][info][gc,cpu      ] GC(240) User=0.01s Sys=0.00s Real=0.00s
[108.628s][info][gc          ] GC(241) Concurrent Mark Cycle
[108.628s][info][gc,marking  ] GC(241) Concurrent Scan Root Regions
[108.630s][info][gc,marking  ] GC(241) Concurrent Scan Root Regions 1.806ms
[108.630s][info][gc,marking  ] GC(241) Concurrent Mark
[108.630s][info][gc,marking  ] GC(241) Concurrent Mark From Roots
[108.630s][info][gc,task     ] GC(241) Using 1 workers of 1 for marking
[108.679s][info][gc,marking  ] GC(241) Concurrent Mark From Roots 48.764ms
[108.679s][info][gc,marking  ] GC(241) Concurrent Preclean
[108.679s][info][gc,marking  ] GC(241) Concurrent Preclean 0.057ms
[108.679s][info][gc,start    ] GC(241) Pause Remark
[108.687s][info][gc          ] GC(241) Pause Remark 282M->282M(600M) 7.870ms
[108.687s][info][gc,cpu      ] GC(241) User=0.02s Sys=0.00s Real=0.01s
[108.687s][info][gc,marking  ] GC(241) Concurrent Mark 57.059ms
[108.687s][info][gc,marking  ] GC(241) Concurrent Rebuild Remembered Sets and Scrub Regions
[108.706s][info][gc,marking  ] GC(241) Concurrent Rebuild Remembered Sets and Scrub Regions 19.451ms
[108.706s][info][gc,start    ] GC(241) Pause Cleanup
[108.706s][info][gc          ] GC(241) Pause Cleanup 290M->290M(600M) 0.091ms
[108.706s][info][gc,cpu      ] GC(241) User=0.00s Sys=0.00s Real=0.00s
[108.707s][info][gc,marking  ] GC(241) Concurrent Clear Claimed Marks
[108.707s][info][gc,marking  ] GC(241) Concurrent Clear Claimed Marks 0.093ms
[108.707s][info][gc,marking  ] GC(241) Concurrent Cleanup for Next Mark
[108.708s][info][gc,marking  ] GC(241) Concurrent Cleanup for Next Mark 1.758ms
[108.708s][info][gc          ] GC(241) Concurrent Mark Cycle 80.570ms
[109.356s][info][gc,start    ] GC(242) Pause Young (Prepare Mixed) (G1 Evacuation Pause)
[109.356s][info][gc,task     ] GC(242) Using 2 workers of 2 for evacuation
[109.361s][info][gc,phases   ] GC(242)   Pre Evacuate Collection Set: 0.26ms
[109.361s][info][gc,phases   ] GC(242)   Merge Heap Roots: 0.12ms
[109.361s][info][gc,phases   ] GC(242)   Evacuate Collection Set: 3.44ms
[109.361s][info][gc,phases   ] GC(242)   Post Evacuate Collection Set: 0.63ms
[109.361s][info][gc,phases   ] GC(242)   Other: 0.12ms
[109.361s][info][gc,heap     ] GC(242) Eden regions: 316->0(313)
[109.361s][info][gc,heap     ] GC(242) Survivor regions: 1->2(40)
[109.361s][info][gc,heap     ] GC(242) Old regions: 45->46
[109.361s][info][gc,heap     ] GC(242) Humongous regions: 207->207
[109.361s][info][gc,metaspace] GC(242) Metaspace: 56069K(56384K)->56069K(56384K) NonClass: 50450K(50688K)->50450K(50688K) Class: 5618K(5696K)->5618K(5696K)
[109.361s][info][gc          ] GC(242) Pause Young (Prepare Mixed) (G1 Evacuation Pause) 568M->253M(600M) 4.750ms
[109.361s][info][gc,cpu      ] GC(242) User=0.01s Sys=0.00s Real=0.01s
[110.139s][info][gc,start    ] GC(243) Pause Young (Mixed) (G1 Evacuation Pause)
[110.139s][info][gc,task     ] GC(243) Using 2 workers of 2 for evacuation
[110.148s][info][gc,phases   ] GC(243)   Pre Evacuate Collection Set: 0.28ms
[110.148s][info][gc,phases   ] GC(243)   Merge Heap Roots: 0.14ms
[110.148s][info][gc,phases   ] GC(243)   Evacuate Collection Set: 7.48ms
[110.148s][info][gc,phases   ] GC(243)   Post Evacuate Collection Set: 0.65ms
[110.148s][info][gc,phases   ] GC(243)   Other: 0.07ms
[110.148s][info][gc,heap     ] GC(243) Eden regions: 313->0(310)
[110.148s][info][gc,heap     ] GC(243) Survivor regions: 2->4(40)
[110.148s][info][gc,heap     ] GC(243) Old regions: 46->45
[110.148s][info][gc,heap     ] GC(243) Humongous regions: 207->207
[110.148s][info][gc,metaspace] GC(243) Metaspace: 56069K(56384K)->56069K(56384K) NonClass: 50450K(50688K)->50450K(50688K) Class: 5618K(5696K)->5618K(5696K)
[110.148s][info][gc          ] GC(243) Pause Young (Mixed) (G1 Evacuation Pause) 566M->255M(600M) 8.788ms
[110.148s][info][gc,cpu      ] GC(243) User=0.02s Sys=0.00s Real=0.01s
[110.870s][info][gc,start    ] GC(244) Pause Young (Concurrent Start) (G1 Evacuation Pause)
[110.870s][info][gc,task     ] GC(244) Using 2 workers of 2 for evacuation
[110.873s][info][gc,phases   ] GC(244)   Pre Evacuate Collection Set: 0.28ms
[110.873s][info][gc,phases   ] GC(244)   Merge Heap Roots: 0.10ms
[110.873s][info][gc,phases   ] GC(244)   Evacuate Collection Set: 2.59ms
[110.873s][info][gc,phases   ] GC(244)   Post Evacuate Collection Set: 0.58ms
[110.873s][info][gc,phases   ] GC(244)   Other: 0.10ms
[110.873s][info][gc,heap     ] GC(244) Eden regions: 310->0(316)
[110.873s][info][gc,heap     ] GC(244) Survivor regions: 4->1(40)
[110.873s][info][gc,heap     ] GC(244) Old regions: 45->45
[110.873s][info][gc,heap     ] GC(244) Humongous regions: 207->207
[110.874s][info][gc,metaspace] GC(244) Metaspace: 56069K(56384K)->56069K(56384K) NonClass: 50450K(50688K)->50450K(50688K) Class: 5618K(5696K)->5618K(5696K)
[110.874s][info][gc          ] GC(244) Pause Young (Concurrent Start) (G1 Evacuation Pause) 564M->252M(600M) 3.844ms
[110.874s][info][gc,cpu      ] GC(244) User=0.00s Sys=0.01s Real=0.01s
[110.874s][info][gc          ] GC(245) Concurrent Mark Cycle
[110.874s][info][gc,marking  ] GC(245) Concurrent Scan Root Regions
[110.876s][info][gc,marking  ] GC(245) Concurrent Scan Root Regions 2.210ms
[110.876s][info][gc,marking  ] GC(245) Concurrent Mark
[110.876s][info][gc,marking  ] GC(245) Concurrent Mark From Roots
[110.876s][info][gc,task     ] GC(245) Using 1 workers of 1 for marking
[110.921s][info][gc,marking  ] GC(245) Concurrent Mark From Roots 45.042ms
[110.921s][info][gc,marking  ] GC(245) Concurrent Preclean
[110.921s][info][gc,marking  ] GC(245) Concurrent Preclean 0.050ms
[110.921s][info][gc,start    ] GC(245) Pause Remark
[110.929s][info][gc          ] GC(245) Pause Remark 257M->257M(600M) 8.075ms
[110.929s][info][gc,cpu      ] GC(245) User=0.02s Sys=0.00s Real=0.00s
[110.930s][info][gc,marking  ] GC(245) Concurrent Mark 53.719ms
[110.930s][info][gc,marking  ] GC(245) Concurrent Rebuild Remembered Sets and Scrub Regions
[110.947s][info][gc,marking  ] GC(245) Concurrent Rebuild Remembered Sets and Scrub Regions 17.342ms
[110.947s][info][gc,start    ] GC(245) Pause Cleanup
[110.948s][info][gc          ] GC(245) Pause Cleanup 268M->268M(600M) 0.064ms
[110.948s][info][gc,cpu      ] GC(245) User=0.00s Sys=0.00s Real=0.00s
[110.948s][info][gc,marking  ] GC(245) Concurrent Clear Claimed Marks
[110.948s][info][gc,marking  ] GC(245) Concurrent Clear Claimed Marks 0.083ms
[110.948s][info][gc,marking  ] GC(245) Concurrent Cleanup for Next Mark
[110.950s][info][gc,marking  ] GC(245) Concurrent Cleanup for Next Mark 2.082ms
[110.950s][info][gc          ] GC(245) Concurrent Mark Cycle 76.199ms
[111.642s][info][gc,start    ] GC(246) Pause Young (Prepare Mixed) (G1 Evacuation Pause)
[111.642s][info][gc,task     ] GC(246) Using 2 workers of 2 for evacuation
[111.648s][info][gc,phases   ] GC(246)   Pre Evacuate Collection Set: 0.26ms
[111.648s][info][gc,phases   ] GC(246)   Merge Heap Roots: 0.12ms
[111.648s][info][gc,phases   ] GC(246)   Evacuate Collection Set: 4.89ms
[111.648s][info][gc,phases   ] GC(246)   Post Evacuate Collection Set: 0.61ms
[111.648s][info][gc,phases   ] GC(246)   Other: 0.09ms
[111.648s][info][gc,heap     ] GC(246) Eden regions: 316->0(311)
[111.648s][info][gc,heap     ] GC(246) Survivor regions: 1->3(40)
[111.648s][info][gc,heap     ] GC(246) Old regions: 45->46
[111.648s][info][gc,heap     ] GC(246) Humongous regions: 207->207
[111.648s][info][gc,metaspace] GC(246) Metaspace: 56069K(56384K)->56069K(56384K) NonClass: 50450K(50688K)->50450K(50688K) Class: 5618K(5696K)->5618K(5696K)
[111.648s][info][gc          ] GC(246) Pause Young (Prepare Mixed) (G1 Evacuation Pause) 568M->254M(600M) 6.142ms
[111.648s][info][gc,cpu      ] GC(246) User=0.01s Sys=0.00s Real=0.00s
[112.425s][info][gc,start    ] GC(247) Pause Young (Mixed) (G1 Evacuation Pause)
[112.425s][info][gc,task     ] GC(247) Using 2 workers of 2 for evacuation
[112.431s][info][gc,phases   ] GC(247)   Pre Evacuate Collection Set: 0.28ms
[112.431s][info][gc,phases   ] GC(247)   Merge Heap Roots: 0.13ms
[112.431s][info][gc,phases   ] GC(247)   Evacuate Collection Set: 4.69ms
[112.431s][info][gc,phases   ] GC(247)   Post Evacuate Collection Set: 0.62ms
[112.431s][info][gc,phases   ] GC(247)   Other: 0.07ms
[112.431s][info][gc,heap     ] GC(247) Eden regions: 311->0(314)
[112.431s][info][gc,heap     ] GC(247) Survivor regions: 3->2(40)
[112.431s][info][gc,heap     ] GC(247) Old regions: 46->45
[112.431s][info][gc,heap     ] GC(247) Humongous regions: 207->207
[112.431s][info][gc,metaspace] GC(247) Metaspace: 56069K(56384K)->56069K(56384K) NonClass: 50450K(50688K)->50450K(50688K) Class: 5618K(5696K)->5618K(5696K)
[112.431s][info][gc          ] GC(247) Pause Young (Mixed) (G1 Evacuation Pause) 565M->253M(600M) 5.973ms
[112.431s][info][gc,cpu      ] GC(247) User=0.01s Sys=0.00s Real=0.01s
[113.048s][info][gc,start    ] GC(248) Pause Young (Concurrent Start) (G1 Humongous Allocation)
[113.048s][info][gc,task     ] GC(248) Using 2 workers of 2 for evacuation
[113.051s][info][gc,phases   ] GC(248)   Pre Evacuate Collection Set: 0.31ms
[113.051s][info][gc,phases   ] GC(248)   Merge Heap Roots: 0.10ms
[113.051s][info][gc,phases   ] GC(248)   Evacuate Collection Set: 1.94ms
[113.051s][info][gc,phases   ] GC(248)   Post Evacuate Collection Set: 0.51ms
[113.051s][info][gc,phases   ] GC(248)   Other: 0.09ms
[113.051s][info][gc,heap     ] GC(248) Eden regions: 242->0(316)
[113.051s][info][gc,heap     ] GC(248) Survivor regions: 2->1(40)
[113.051s][info][gc,heap     ] GC(248) Old regions: 45->45
[113.051s][info][gc,heap     ] GC(248) Humongous regions: 207->207
[113.051s][info][gc,metaspace] GC(248) Metaspace: 56077K(56384K)->56077K(56384K) NonClass: 50459K(50688K)->50459K(50688K) Class: 5618K(5696K)->5618K(5696K)
[113.051s][info][gc          ] GC(248) Pause Young (Concurrent Start) (G1 Humongous Allocation) 495M->252M(600M) 3.165ms
[113.051s][info][gc,cpu      ] GC(248) User=0.00s Sys=0.00s Real=0.01s
[113.052s][info][gc          ] GC(249) Concurrent Mark Cycle
[113.052s][info][gc,marking  ] GC(249) Concurrent Scan Root Regions
[113.055s][info][gc,marking  ] GC(249) Concurrent Scan Root Regions 3.429ms
[113.055s][info][gc,marking  ] GC(249) Concurrent Mark
[113.055s][info][gc,marking  ] GC(249) Concurrent Mark From Roots
[113.055s][info][gc,task     ] GC(249) Using 1 workers of 1 for marking
[113.101s][info][gc,marking  ] GC(249) Concurrent Mark From Roots 45.475ms
[113.101s][info][gc,marking  ] GC(249) Concurrent Preclean
[113.101s][info][gc,marking  ] GC(249) Concurrent Preclean 0.053ms
[113.101s][info][gc,start    ] GC(249) Pause Remark
[113.109s][info][gc          ] GC(249) Pause Remark 292M->292M(600M) 7.793ms
[113.109s][info][gc,cpu      ] GC(249) User=0.02s Sys=0.00s Real=0.00s
[113.109s][info][gc,marking  ] GC(249) Concurrent Mark 53.720ms
[113.109s][info][gc,marking  ] GC(249) Concurrent Rebuild Remembered Sets and Scrub Regions
[113.128s][info][gc,marking  ] GC(249) Concurrent Rebuild Remembered Sets and Scrub Regions 19.250ms
[113.128s][info][gc,start    ] GC(249) Pause Cleanup
[113.128s][info][gc          ] GC(249) Pause Cleanup 292M->292M(600M) 0.072ms
[113.128s][info][gc,cpu      ] GC(249) User=0.00s Sys=0.00s Real=0.00s
[113.128s][info][gc,marking  ] GC(249) Concurrent Clear Claimed Marks
[113.128s][info][gc,marking  ] GC(249) Concurrent Clear Claimed Marks 0.102ms
[113.129s][info][gc,marking  ] GC(249) Concurrent Cleanup for Next Mark
[113.130s][info][gc,marking  ] GC(249) Concurrent Cleanup for Next Mark 1.772ms
[113.130s][info][gc          ] GC(249) Concurrent Mark Cycle 78.769ms
[116.125s][info][gc,start    ] GC(250) Pause Young (Prepare Mixed) (G1 Evacuation Pause)
[116.125s][info][gc,task     ] GC(250) Using 2 workers of 2 for evacuation
[116.145s][info][gc,phases   ] GC(250)   Pre Evacuate Collection Set: 0.31ms
[116.145s][info][gc,phases   ] GC(250)   Merge Heap Roots: 0.46ms
[116.145s][info][gc,phases   ] GC(250)   Evacuate Collection Set: 17.99ms
[116.145s][info][gc,phases   ] GC(250)   Post Evacuate Collection Set: 0.74ms
[116.145s][info][gc,phases   ] GC(250)   Other: 0.10ms
[116.145s][info][gc,heap     ] GC(250) Eden regions: 191->0(292)
[116.145s][info][gc,heap     ] GC(250) Survivor regions: 1->24(40)
[116.145s][info][gc,heap     ] GC(250) Old regions: 45->46
[116.145s][info][gc,heap     ] GC(250) Humongous regions: 363->207
[116.145s][info][gc,metaspace] GC(250) Metaspace: 56378K(56704K)->56378K(56704K) NonClass: 50759K(51008K)->50759K(51008K) Class: 5618K(5696K)->5618K(5696K)
[116.145s][info][gc          ] GC(250) Pause Young (Prepare Mixed) (G1 Evacuation Pause) 599M->276M(625M) 19.818ms
[116.145s][info][gc,cpu      ] GC(250) User=0.02s Sys=0.02s Real=0.02s
[116.834s][info][gc,start    ] GC(251) Pause Young (Mixed) (G1 Evacuation Pause)
[116.834s][info][gc,task     ] GC(251) Using 2 workers of 2 for evacuation
[116.845s][info][gc,phases   ] GC(251)   Pre Evacuate Collection Set: 0.28ms
[116.845s][info][gc,phases   ] GC(251)   Merge Heap Roots: 0.11ms
[116.845s][info][gc,phases   ] GC(251)   Evacuate Collection Set: 9.65ms
[116.845s][info][gc,phases   ] GC(251)   Post Evacuate Collection Set: 0.65ms
[116.845s][info][gc,phases   ] GC(251)   Other: 0.08ms
[116.845s][info][gc,heap     ] GC(251) Eden regions: 292->0(314)
[116.845s][info][gc,heap     ] GC(251) Survivor regions: 24->2(40)
[116.845s][info][gc,heap     ] GC(251) Old regions: 46->68
[116.845s][info][gc,heap     ] GC(251) Humongous regions: 207->207
[116.845s][info][gc,metaspace] GC(251) Metaspace: 56378K(56704K)->56378K(56704K) NonClass: 50759K(51008K)->50759K(51008K) Class: 5618K(5696K)->5618K(5696K)
[116.845s][info][gc          ] GC(251) Pause Young (Mixed) (G1 Evacuation Pause) 568M->276M(625M) 10.946ms
[116.845s][info][gc,cpu      ] GC(251) User=0.02s Sys=0.00s Real=0.01s
[117.564s][info][gc,start    ] GC(252) Pause Young (Concurrent Start) (G1 Evacuation Pause)
[117.564s][info][gc,task     ] GC(252) Using 2 workers of 2 for evacuation
[117.567s][info][gc,phases   ] GC(252)   Pre Evacuate Collection Set: 0.28ms
[117.567s][info][gc,phases   ] GC(252)   Merge Heap Roots: 0.08ms
[117.567s][info][gc,phases   ] GC(252)   Evacuate Collection Set: 1.92ms
[117.567s][info][gc,phases   ] GC(252)   Post Evacuate Collection Set: 0.59ms
[117.567s][info][gc,phases   ] GC(252)   Other: 0.09ms
[117.567s][info][gc,heap     ] GC(252) Eden regions: 314->0(316)
[117.567s][info][gc,heap     ] GC(252) Survivor regions: 2->1(40)
[117.567s][info][gc,heap     ] GC(252) Old regions: 68->68
[117.567s][info][gc,heap     ] GC(252) Humongous regions: 207->207
[117.567s][info][gc,metaspace] GC(252) Metaspace: 56378K(56704K)->56378K(56704K) NonClass: 50759K(51008K)->50759K(51008K) Class: 5618K(5696K)->5618K(5696K)
[117.567s][info][gc          ] GC(252) Pause Young (Concurrent Start) (G1 Evacuation Pause) 590M->275M(625M) 3.131ms
[117.567s][info][gc,cpu      ] GC(252) User=0.01s Sys=0.00s Real=0.00s
[117.567s][info][gc          ] GC(253) Concurrent Mark Cycle
[117.567s][info][gc,marking  ] GC(253) Concurrent Scan Root Regions
[117.568s][info][gc,marking  ] GC(253) Concurrent Scan Root Regions 1.394ms
[117.568s][info][gc,marking  ] GC(253) Concurrent Mark
[117.568s][info][gc,marking  ] GC(253) Concurrent Mark From Roots
[117.568s][info][gc,task     ] GC(253) Using 1 workers of 1 for marking
[117.609s][info][gc,marking  ] GC(253) Concurrent Mark From Roots 40.118ms
[117.609s][info][gc,marking  ] GC(253) Concurrent Preclean
[117.609s][info][gc,marking  ] GC(253) Concurrent Preclean 0.053ms
[117.609s][info][gc,start    ] GC(253) Pause Remark
[117.617s][info][gc          ] GC(253) Pause Remark 277M->267M(625M) 8.458ms
[117.617s][info][gc,cpu      ] GC(253) User=0.02s Sys=0.00s Real=0.01s
[117.617s][info][gc,marking  ] GC(253) Concurrent Mark 48.815ms
[117.617s][info][gc,marking  ] GC(253) Concurrent Rebuild Remembered Sets and Scrub Regions
[117.646s][info][gc,marking  ] GC(253) Concurrent Rebuild Remembered Sets and Scrub Regions 29.133ms
[117.647s][info][gc,start    ] GC(253) Pause Cleanup
[117.647s][info][gc          ] GC(253) Pause Cleanup 292M->292M(625M) 0.065ms
[117.647s][info][gc,cpu      ] GC(253) User=0.00s Sys=0.00s Real=0.00s
[117.647s][info][gc,marking  ] GC(253) Concurrent Clear Claimed Marks
[117.648s][info][gc,marking  ] GC(253) Concurrent Clear Claimed Marks 0.102ms
[117.648s][info][gc,marking  ] GC(253) Concurrent Cleanup for Next Mark
[117.651s][info][gc,marking  ] GC(253) Concurrent Cleanup for Next Mark 3.826ms
[117.651s][info][gc          ] GC(253) Concurrent Mark Cycle 84.403ms
[118.344s][info][gc,start    ] GC(254) Pause Young (Prepare Mixed) (G1 Evacuation Pause)
[118.344s][info][gc,task     ] GC(254) Using 2 workers of 2 for evacuation
[118.349s][info][gc,phases   ] GC(254)   Pre Evacuate Collection Set: 0.27ms
[118.349s][info][gc,phases   ] GC(254)   Merge Heap Roots: 0.12ms
[118.349s][info][gc,phases   ] GC(254)   Evacuate Collection Set: 4.72ms
[118.349s][info][gc,phases   ] GC(254)   Post Evacuate Collection Set: 0.56ms
[118.349s][info][gc,phases   ] GC(254)   Other: 0.09ms
[118.349s][info][gc,heap     ] GC(254) Eden regions: 316->0(322)
[118.350s][info][gc,heap     ] GC(254) Survivor regions: 1->3(40)
[118.350s][info][gc,heap     ] GC(254) Old regions: 58->58
[118.350s][info][gc,heap     ] GC(254) Humongous regions: 207->207
[118.350s][info][gc,metaspace] GC(254) Metaspace: 56378K(56704K)->56378K(56704K) NonClass: 50759K(51008K)->50759K(51008K) Class: 5618K(5696K)->5618K(5696K)
[118.350s][info][gc          ] GC(254) Pause Young (Prepare Mixed) (G1 Evacuation Pause) 581M->267M(625M) 5.931ms
[118.350s][info][gc,cpu      ] GC(254) User=0.01s Sys=0.00s Real=0.00s
[119.138s][info][gc,start    ] GC(255) Pause Young (Mixed) (G1 Evacuation Pause)
[119.138s][info][gc,task     ] GC(255) Using 2 workers of 2 for evacuation
[119.143s][info][gc,phases   ] GC(255)   Pre Evacuate Collection Set: 0.26ms
[119.143s][info][gc,phases   ] GC(255)   Merge Heap Roots: 0.10ms
[119.143s][info][gc,phases   ] GC(255)   Evacuate Collection Set: 4.45ms
[119.144s][info][gc,phases   ] GC(255)   Post Evacuate Collection Set: 0.60ms
[119.144s][info][gc,phases   ] GC(255)   Other: 0.08ms
[119.144s][info][gc,heap     ] GC(255) Eden regions: 322->0(323)
[119.144s][info][gc,heap     ] GC(255) Survivor regions: 3->4(41)
[119.144s][info][gc,heap     ] GC(255) Old regions: 58->55
[119.144s][info][gc,heap     ] GC(255) Humongous regions: 207->207
[119.144s][info][gc,metaspace] GC(255) Metaspace: 56378K(56704K)->56378K(56704K) NonClass: 50759K(51008K)->50759K(51008K) Class: 5618K(5696K)->5618K(5696K)
[119.144s][info][gc          ] GC(255) Pause Young (Mixed) (G1 Evacuation Pause) 589M->264M(625M) 5.658ms
[119.144s][info][gc,cpu      ] GC(255) User=0.01s Sys=0.00s Real=0.01s
[119.939s][info][gc,start    ] GC(256) Pause Young (Concurrent Start) (G1 Evacuation Pause)
[119.939s][info][gc,task     ] GC(256) Using 2 workers of 2 for evacuation
[119.944s][info][gc,phases   ] GC(256)   Pre Evacuate Collection Set: 0.30ms
[119.944s][info][gc,phases   ] GC(256)   Merge Heap Roots: 0.10ms
[119.944s][info][gc,phases   ] GC(256)   Evacuate Collection Set: 3.23ms
[119.944s][info][gc,phases   ] GC(256)   Post Evacuate Collection Set: 0.76ms
[119.944s][info][gc,phases   ] GC(256)   Other: 0.10ms
[119.944s][info][gc,heap     ] GC(256) Eden regions: 323->0(325)
[119.944s][info][gc,heap     ] GC(256) Survivor regions: 4->3(41)
[119.944s][info][gc,heap     ] GC(256) Old regions: 55->55
[119.944s][info][gc,heap     ] GC(256) Humongous regions: 207->207
[119.944s][info][gc,metaspace] GC(256) Metaspace: 56378K(56704K)->56378K(56704K) NonClass: 50759K(51008K)->50759K(51008K) Class: 5618K(5696K)->5618K(5696K)
[119.944s][info][gc          ] GC(256) Pause Young (Concurrent Start) (G1 Evacuation Pause) 587M->263M(625M) 4.670ms
[119.944s][info][gc,cpu      ] GC(256) User=0.01s Sys=0.00s Real=0.01s
[119.944s][info][gc          ] GC(257) Concurrent Mark Cycle
[119.944s][info][gc,marking  ] GC(257) Concurrent Scan Root Regions
[119.950s][info][gc,marking  ] GC(257) Concurrent Scan Root Regions 5.979ms
[119.950s][info][gc,marking  ] GC(257) Concurrent Mark
[119.950s][info][gc,marking  ] GC(257) Concurrent Mark From Roots
[119.950s][info][gc,task     ] GC(257) Using 1 workers of 1 for marking
[119.997s][info][gc,marking  ] GC(257) Concurrent Mark From Roots 47.320ms
[119.997s][info][gc,marking  ] GC(257) Concurrent Preclean
[119.997s][info][gc,marking  ] GC(257) Concurrent Preclean 0.058ms
[119.998s][info][gc,start    ] GC(257) Pause Remark
[120.006s][info][gc          ] GC(257) Pause Remark 284M->284M(625M) 8.770ms
[120.006s][info][gc,cpu      ] GC(257) User=0.01s Sys=0.00s Real=0.01s
[120.006s][info][gc,marking  ] GC(257) Concurrent Mark 56.394ms
[120.006s][info][gc,marking  ] GC(257) Concurrent Rebuild Remembered Sets and Scrub Regions
[120.024s][info][gc,marking  ] GC(257) Concurrent Rebuild Remembered Sets and Scrub Regions 17.878ms
[120.025s][info][gc,start    ] GC(257) Pause Cleanup
[120.025s][info][gc          ] GC(257) Pause Cleanup 289M->289M(625M) 0.066ms
[120.025s][info][gc,cpu      ] GC(257) User=0.00s Sys=0.00s Real=0.00s
[120.025s][info][gc,marking  ] GC(257) Concurrent Clear Claimed Marks
[120.025s][info][gc,marking  ] GC(257) Concurrent Clear Claimed Marks 0.092ms
[120.025s][info][gc,marking  ] GC(257) Concurrent Cleanup for Next Mark
[120.027s][info][gc,marking  ] GC(257) Concurrent Cleanup for Next Mark 1.808ms
[120.027s][info][gc          ] GC(257) Concurrent Mark Cycle 83.016ms
[120.737s][info][gc,start    ] GC(258) Pause Young (Prepare Mixed) (G1 Evacuation Pause)
[120.737s][info][gc,task     ] GC(258) Using 2 workers of 2 for evacuation
[120.741s][info][gc,phases   ] GC(258)   Pre Evacuate Collection Set: 0.28ms
[120.741s][info][gc,phases   ] GC(258)   Merge Heap Roots: 0.11ms
[120.741s][info][gc,phases   ] GC(258)   Evacuate Collection Set: 2.43ms
[120.741s][info][gc,phases   ] GC(258)   Post Evacuate Collection Set: 0.58ms
[120.741s][info][gc,phases   ] GC(258)   Other: 0.08ms
[120.741s][info][gc,heap     ] GC(258) Eden regions: 325->0(327)
[120.741s][info][gc,heap     ] GC(258) Survivor regions: 3->2(41)
[120.741s][info][gc,heap     ] GC(258) Old regions: 55->55
[120.741s][info][gc,heap     ] GC(258) Humongous regions: 207->207
[120.741s][info][gc,metaspace] GC(258) Metaspace: 56378K(56704K)->56378K(56704K) NonClass: 50759K(51008K)->50759K(51008K) Class: 5618K(5696K)->5618K(5696K)
[120.741s][info][gc          ] GC(258) Pause Young (Prepare Mixed) (G1 Evacuation Pause) 588M->262M(625M) 3.664ms
[120.741s][info][gc,cpu      ] GC(258) User=0.01s Sys=0.00s Real=0.01s
[121.530s][info][gc,start    ] GC(259) Pause Young (Mixed) (G1 Evacuation Pause)
[121.530s][info][gc,task     ] GC(259) Using 2 workers of 2 for evacuation
[121.535s][info][gc,phases   ] GC(259)   Pre Evacuate Collection Set: 0.26ms
[121.535s][info][gc,phases   ] GC(259)   Merge Heap Roots: 0.13ms
[121.535s][info][gc,phases   ] GC(259)   Evacuate Collection Set: 3.34ms
[121.535s][info][gc,phases   ] GC(259)   Post Evacuate Collection Set: 0.64ms
[121.535s][info][gc,phases   ] GC(259)   Other: 0.08ms
[121.535s][info][gc,heap     ] GC(259) Eden regions: 327->0(328)
[121.535s][info][gc,heap     ] GC(259) Survivor regions: 2->3(42)
[121.535s][info][gc,heap     ] GC(259) Old regions: 55->52
[121.535s][info][gc,heap     ] GC(259) Humongous regions: 207->207
[121.535s][info][gc,metaspace] GC(259) Metaspace: 56378K(56704K)->56378K(56704K) NonClass: 50759K(51008K)->50759K(51008K) Class: 5618K(5696K)->5618K(5696K)
[121.535s][info][gc          ] GC(259) Pause Young (Mixed) (G1 Evacuation Pause) 589M->260M(625M) 4.610ms
[121.535s][info][gc,cpu      ] GC(259) User=0.01s Sys=0.00s Real=0.01s
[122.324s][info][gc,start    ] GC(260) Pause Young (Concurrent Start) (G1 Evacuation Pause)
[122.324s][info][gc,task     ] GC(260) Using 2 workers of 2 for evacuation
[122.328s][info][gc,phases   ] GC(260)   Pre Evacuate Collection Set: 0.33ms
[122.328s][info][gc,phases   ] GC(260)   Merge Heap Roots: 0.11ms
[122.328s][info][gc,phases   ] GC(260)   Evacuate Collection Set: 2.50ms
[122.328s][info][gc,phases   ] GC(260)   Post Evacuate Collection Set: 0.61ms
[122.328s][info][gc,phases   ] GC(260)   Other: 0.11ms
[122.328s][info][gc,heap     ] GC(260) Eden regions: 328->0(332)
[122.328s][info][gc,heap     ] GC(260) Survivor regions: 3->1(42)
[122.328s][info][gc,heap     ] GC(260) Old regions: 52->52
[122.328s][info][gc,heap     ] GC(260) Humongous regions: 207->207
[122.328s][info][gc,metaspace] GC(260) Metaspace: 56378K(56704K)->56378K(56704K) NonClass: 50759K(51008K)->50759K(51008K) Class: 5618K(5696K)->5618K(5696K)
[122.328s][info][gc          ] GC(260) Pause Young (Concurrent Start) (G1 Evacuation Pause) 588M->259M(625M) 3.829ms
[122.328s][info][gc          ] GC(261) Concurrent Mark Cycle
[122.328s][info][gc,marking  ] GC(261) Concurrent Scan Root Regions
[122.330s][info][gc,marking  ] GC(261) Concurrent Scan Root Regions 1.564ms
[122.330s][info][gc,marking  ] GC(261) Concurrent Mark
[122.330s][info][gc,marking  ] GC(261) Concurrent Mark From Roots
[122.330s][info][gc,task     ] GC(261) Using 1 workers of 1 for marking
[122.330s][info][gc,cpu      ] GC(260) User=0.01s Sys=0.00s Real=0.00s
[122.404s][info][gc,marking  ] GC(261) Concurrent Mark From Roots 74.228ms
[122.404s][info][gc,marking  ] GC(261) Concurrent Preclean
[122.404s][info][gc,marking  ] GC(261) Concurrent Preclean 0.054ms
[122.404s][info][gc,start    ] GC(261) Pause Remark
[122.412s][info][gc          ] GC(261) Pause Remark 296M->296M(625M) 8.233ms
[122.412s][info][gc,cpu      ] GC(261) User=0.02s Sys=0.00s Real=0.01s
[122.412s][info][gc,marking  ] GC(261) Concurrent Mark 82.836ms
[122.412s][info][gc,marking  ] GC(261) Concurrent Rebuild Remembered Sets and Scrub Regions
[122.434s][info][gc,marking  ] GC(261) Concurrent Rebuild Remembered Sets and Scrub Regions 21.143ms
[122.434s][info][gc,start    ] GC(261) Pause Cleanup
[122.434s][info][gc          ] GC(261) Pause Cleanup 308M->308M(625M) 0.082ms
[122.434s][info][gc,cpu      ] GC(261) User=0.00s Sys=0.00s Real=0.00s
[122.434s][info][gc,marking  ] GC(261) Concurrent Clear Claimed Marks
[122.434s][info][gc,marking  ] GC(261) Concurrent Clear Claimed Marks 0.093ms
[122.434s][info][gc,marking  ] GC(261) Concurrent Cleanup for Next Mark
[122.436s][info][gc,marking  ] GC(261) Concurrent Cleanup for Next Mark 1.822ms
[122.436s][info][gc          ] GC(261) Concurrent Mark Cycle 107.848ms
[123.132s][info][gc,start    ] GC(262) Pause Young (Prepare Mixed) (G1 Evacuation Pause)
[123.132s][info][gc,task     ] GC(262) Using 2 workers of 2 for evacuation
[123.137s][info][gc,phases   ] GC(262)   Pre Evacuate Collection Set: 0.41ms
[123.137s][info][gc,phases   ] GC(262)   Merge Heap Roots: 0.17ms
[123.137s][info][gc,phases   ] GC(262)   Evacuate Collection Set: 3.90ms
[123.137s][info][gc,phases   ] GC(262)   Post Evacuate Collection Set: 0.64ms
[123.137s][info][gc,phases   ] GC(262)   Other: 0.08ms
[123.137s][info][gc,heap     ] GC(262) Eden regions: 332->0(330)
[123.137s][info][gc,heap     ] GC(262) Survivor regions: 1->2(42)
[123.137s][info][gc,heap     ] GC(262) Old regions: 52->52
[123.137s][info][gc,heap     ] GC(262) Humongous regions: 207->207
[123.137s][info][gc,metaspace] GC(262) Metaspace: 56380K(56704K)->56380K(56704K) NonClass: 50762K(51008K)->50762K(51008K) Class: 5618K(5696K)->5618K(5696K)
[123.137s][info][gc          ] GC(262) Pause Young (Prepare Mixed) (G1 Evacuation Pause) 591M->259M(625M) 5.352ms
[123.137s][info][gc,cpu      ] GC(262) User=0.01s Sys=0.00s Real=0.00s
[123.931s][info][gc,start    ] GC(263) Pause Young (Mixed) (G1 Evacuation Pause)
[123.931s][info][gc,task     ] GC(263) Using 2 workers of 2 for evacuation
[123.936s][info][gc,phases   ] GC(263)   Pre Evacuate Collection Set: 0.27ms
[123.936s][info][gc,phases   ] GC(263)   Merge Heap Roots: 0.11ms
[123.936s][info][gc,phases   ] GC(263)   Evacuate Collection Set: 3.50ms
[123.936s][info][gc,phases   ] GC(263)   Post Evacuate Collection Set: 0.60ms
[123.936s][info][gc,phases   ] GC(263)   Other: 0.11ms
[123.936s][info][gc,heap     ] GC(263) Eden regions: 330->0(332)
[123.936s][info][gc,heap     ] GC(263) Survivor regions: 2->2(42)
[123.936s][info][gc,heap     ] GC(263) Old regions: 52->50
[123.936s][info][gc,heap     ] GC(263) Humongous regions: 207->207
[123.936s][info][gc,metaspace] GC(263) Metaspace: 56380K(56704K)->56380K(56704K) NonClass: 50762K(51008K)->50762K(51008K) Class: 5618K(5696K)->5618K(5696K)
[123.936s][info][gc          ] GC(263) Pause Young (Mixed) (G1 Evacuation Pause) 589M->258M(625M) 4.763ms
[123.936s][info][gc,cpu      ] GC(263) User=0.01s Sys=0.00s Real=0.00s
[124.735s][info][gc,start    ] GC(264) Pause Young (Concurrent Start) (G1 Evacuation Pause)
[124.735s][info][gc,task     ] GC(264) Using 2 workers of 2 for evacuation
[124.742s][info][gc,phases   ] GC(264)   Pre Evacuate Collection Set: 0.29ms
[124.742s][info][gc,phases   ] GC(264)   Merge Heap Roots: 0.11ms
[124.742s][info][gc,phases   ] GC(264)   Evacuate Collection Set: 4.94ms
[124.742s][info][gc,phases   ] GC(264)   Post Evacuate Collection Set: 0.61ms
[124.742s][info][gc,phases   ] GC(264)   Other: 0.09ms
[124.742s][info][gc,heap     ] GC(264) Eden regions: 332->0(330)
[124.742s][info][gc,heap     ] GC(264) Survivor regions: 2->3(42)
[124.742s][info][gc,heap     ] GC(264) Old regions: 50->50
[124.742s][info][gc,heap     ] GC(264) Humongous regions: 207->207
[124.742s][info][gc,metaspace] GC(264) Metaspace: 56380K(56704K)->56380K(56704K) NonClass: 50762K(51008K)->50762K(51008K) Class: 5618K(5696K)->5618K(5696K)
[124.742s][info][gc          ] GC(264) Pause Young (Concurrent Start) (G1 Evacuation Pause) 590M->258M(625M) 6.249ms
[124.742s][info][gc,cpu      ] GC(264) User=0.01s Sys=0.00s Real=0.01s
[124.742s][info][gc          ] GC(265) Concurrent Mark Cycle
[124.742s][info][gc,marking  ] GC(265) Concurrent Scan Root Regions
[124.748s][info][gc,marking  ] GC(265) Concurrent Scan Root Regions 5.817ms
[124.748s][info][gc,marking  ] GC(265) Concurrent Mark
[124.748s][info][gc,marking  ] GC(265) Concurrent Mark From Roots
[124.748s][info][gc,task     ] GC(265) Using 1 workers of 1 for marking
[124.801s][info][gc,marking  ] GC(265) Concurrent Mark From Roots 53.334ms
[124.801s][info][gc,marking  ] GC(265) Concurrent Preclean
[124.801s][info][gc,marking  ] GC(265) Concurrent Preclean 0.055ms
[124.801s][info][gc,start    ] GC(265) Pause Remark
[124.810s][info][gc          ] GC(265) Pause Remark 286M->286M(625M) 8.355ms
[124.810s][info][gc,cpu      ] GC(265) User=0.01s Sys=0.00s Real=0.00s
[124.810s][info][gc,marking  ] GC(265) Concurrent Mark 62.405ms
[124.810s][info][gc,marking  ] GC(265) Concurrent Rebuild Remembered Sets and Scrub Regions
[124.829s][info][gc,marking  ] GC(265) Concurrent Rebuild Remembered Sets and Scrub Regions 18.945ms
[124.829s][info][gc,start    ] GC(265) Pause Cleanup
[124.829s][info][gc          ] GC(265) Pause Cleanup 292M->292M(625M) 0.069ms
[124.829s][info][gc,cpu      ] GC(265) User=0.00s Sys=0.00s Real=0.00s
[124.829s][info][gc,marking  ] GC(265) Concurrent Clear Claimed Marks
[124.829s][info][gc,marking  ] GC(265) Concurrent Clear Claimed Marks 0.083ms
[124.829s][info][gc,marking  ] GC(265) Concurrent Cleanup for Next Mark
[124.831s][info][gc,marking  ] GC(265) Concurrent Cleanup for Next Mark 2.000ms
[124.831s][info][gc          ] GC(265) Concurrent Mark Cycle 89.770ms
[125.536s][info][gc,start    ] GC(266) Pause Young (Prepare Mixed) (G1 Evacuation Pause)
[125.536s][info][gc,task     ] GC(266) Using 2 workers of 2 for evacuation
[125.541s][info][gc,phases   ] GC(266)   Pre Evacuate Collection Set: 0.26ms
[125.541s][info][gc,phases   ] GC(266)   Merge Heap Roots: 0.13ms
[125.541s][info][gc,phases   ] GC(266)   Evacuate Collection Set: 4.15ms
[125.541s][info][gc,phases   ] GC(266)   Post Evacuate Collection Set: 0.62ms
[125.541s][info][gc,phases   ] GC(266)   Other: 0.10ms
[125.541s][info][gc,heap     ] GC(266) Eden regions: 330->0(330)
[125.541s][info][gc,heap     ] GC(266) Survivor regions: 3->3(42)
[125.541s][info][gc,heap     ] GC(266) Old regions: 50->50
[125.541s][info][gc,heap     ] GC(266) Humongous regions: 207->207
[125.541s][info][gc,metaspace] GC(266) Metaspace: 56380K(56704K)->56380K(56704K) NonClass: 50762K(51008K)->50762K(51008K) Class: 5618K(5696K)->5618K(5696K)
[125.541s][info][gc          ] GC(266) Pause Young (Prepare Mixed) (G1 Evacuation Pause) 588M->258M(625M) 5.424ms
[125.541s][info][gc,cpu      ] GC(266) User=0.01s Sys=0.00s Real=0.01s
[126.335s][info][gc,start    ] GC(267) Pause Young (Mixed) (G1 Evacuation Pause)
[126.335s][info][gc,task     ] GC(267) Using 2 workers of 2 for evacuation
[126.341s][info][gc,phases   ] GC(267)   Pre Evacuate Collection Set: 0.28ms
[126.341s][info][gc,phases   ] GC(267)   Merge Heap Roots: 0.10ms
[126.341s][info][gc,phases   ] GC(267)   Evacuate Collection Set: 4.25ms
[126.341s][info][gc,phases   ] GC(267)   Post Evacuate Collection Set: 0.62ms
[126.341s][info][gc,phases   ] GC(267)   Other: 0.07ms
[126.341s][info][gc,heap     ] GC(267) Eden regions: 330->0(330)
[126.341s][info][gc,heap     ] GC(267) Survivor regions: 3->4(42)
[126.341s][info][gc,heap     ] GC(267) Old regions: 50->48
[126.341s][info][gc,heap     ] GC(267) Humongous regions: 207->207
[126.341s][info][gc,metaspace] GC(267) Metaspace: 56385K(56704K)->56385K(56704K) NonClass: 50767K(51008K)->50767K(51008K) Class: 5618K(5696K)->5618K(5696K)
[126.341s][info][gc          ] GC(267) Pause Young (Mixed) (G1 Evacuation Pause) 588M->257M(625M) 5.494ms
[126.341s][info][gc,cpu      ] GC(267) User=0.01s Sys=0.00s Real=0.01s
[127.136s][info][gc,start    ] GC(268) Pause Young (Concurrent Start) (G1 Evacuation Pause)
[127.136s][info][gc,task     ] GC(268) Using 2 workers of 2 for evacuation
[127.142s][info][gc,phases   ] GC(268)   Pre Evacuate Collection Set: 0.28ms
[127.142s][info][gc,phases   ] GC(268)   Merge Heap Roots: 0.12ms
[127.142s][info][gc,phases   ] GC(268)   Evacuate Collection Set: 4.39ms
[127.142s][info][gc,phases   ] GC(268)   Post Evacuate Collection Set: 0.61ms
[127.142s][info][gc,phases   ] GC(268)   Other: 0.09ms
[127.142s][info][gc,heap     ] GC(268) Eden regions: 330->0(332)
[127.142s][info][gc,heap     ] GC(268) Survivor regions: 4->3(42)
[127.142s][info][gc,heap     ] GC(268) Old regions: 48->48
[127.142s][info][gc,heap     ] GC(268) Humongous regions: 207->207
[127.142s][info][gc,metaspace] GC(268) Metaspace: 56390K(56704K)->56390K(56704K) NonClass: 50771K(51008K)->50771K(51008K) Class: 5618K(5696K)->5618K(5696K)
[127.142s][info][gc          ] GC(268) Pause Young (Concurrent Start) (G1 Evacuation Pause) 587M->257M(625M) 5.662ms
[127.142s][info][gc,cpu      ] GC(268) User=0.01s Sys=0.00s Real=0.01s
[127.142s][info][gc          ] GC(269) Concurrent Mark Cycle
[127.142s][info][gc,marking  ] GC(269) Concurrent Scan Root Regions
[127.146s][info][gc,marking  ] GC(269) Concurrent Scan Root Regions 4.759ms
[127.147s][info][gc,marking  ] GC(269) Concurrent Mark
[127.147s][info][gc,marking  ] GC(269) Concurrent Mark From Roots
[127.147s][info][gc,task     ] GC(269) Using 1 workers of 1 for marking
[127.192s][info][gc,marking  ] GC(269) Concurrent Mark From Roots 45.067ms
[127.192s][info][gc,marking  ] GC(269) Concurrent Preclean
[127.192s][info][gc,marking  ] GC(269) Concurrent Preclean 0.055ms
[127.192s][info][gc,start    ] GC(269) Pause Remark
[127.200s][info][gc          ] GC(269) Pause Remark 280M->280M(625M) 8.132ms
[127.200s][info][gc,cpu      ] GC(269) User=0.01s Sys=0.00s Real=0.00s
[127.200s][info][gc,marking  ] GC(269) Concurrent Mark 53.521ms
[127.200s][info][gc,marking  ] GC(269) Concurrent Rebuild Remembered Sets and Scrub Regions
[127.215s][info][gc,marking  ] GC(269) Concurrent Rebuild Remembered Sets and Scrub Regions 15.140ms
[127.215s][info][gc,start    ] GC(269) Pause Cleanup
[127.215s][info][gc          ] GC(269) Pause Cleanup 280M->280M(625M) 0.061ms
[127.215s][info][gc,cpu      ] GC(269) User=0.00s Sys=0.00s Real=0.00s
[127.215s][info][gc,marking  ] GC(269) Concurrent Clear Claimed Marks
[127.216s][info][gc,marking  ] GC(269) Concurrent Clear Claimed Marks 0.081ms
[127.216s][info][gc,marking  ] GC(269) Concurrent Cleanup for Next Mark
[127.217s][info][gc,marking  ] GC(269) Concurrent Cleanup for Next Mark 1.857ms
[127.217s][info][gc          ] GC(269) Concurrent Mark Cycle 75.772ms
[127.943s][info][gc,start    ] GC(270) Pause Young (Prepare Mixed) (G1 Evacuation Pause)
[127.943s][info][gc,task     ] GC(270) Using 2 workers of 2 for evacuation
[127.948s][info][gc,phases   ] GC(270)   Pre Evacuate Collection Set: 0.27ms
[127.948s][info][gc,phases   ] GC(270)   Merge Heap Roots: 0.12ms
[127.948s][info][gc,phases   ] GC(270)   Evacuate Collection Set: 4.37ms
[127.948s][info][gc,phases   ] GC(270)   Post Evacuate Collection Set: 0.61ms
[127.948s][info][gc,phases   ] GC(270)   Other: 0.10ms
[127.948s][info][gc,heap     ] GC(270) Eden regions: 332->0(332)
[127.948s][info][gc,heap     ] GC(270) Survivor regions: 3->3(42)
[127.948s][info][gc,heap     ] GC(270) Old regions: 48->48
[127.948s][info][gc,heap     ] GC(270) Humongous regions: 207->207
[127.948s][info][gc,metaspace] GC(270) Metaspace: 56390K(56704K)->56390K(56704K) NonClass: 50771K(51008K)->50771K(51008K) Class: 5618K(5696K)->5618K(5696K)
[127.948s][info][gc          ] GC(270) Pause Young (Prepare Mixed) (G1 Evacuation Pause) 589M->257M(625M) 5.660ms
[127.948s][info][gc,cpu      ] GC(270) User=0.01s Sys=0.00s Real=0.00s
[128.745s][info][gc,start    ] GC(271) Pause Young (Mixed) (G1 Evacuation Pause)
[128.745s][info][gc,task     ] GC(271) Using 2 workers of 2 for evacuation
[128.751s][info][gc,phases   ] GC(271)   Pre Evacuate Collection Set: 0.26ms
[128.751s][info][gc,phases   ] GC(271)   Merge Heap Roots: 0.11ms
[128.751s][info][gc,phases   ] GC(271)   Evacuate Collection Set: 4.67ms
[128.751s][info][gc,phases   ] GC(271)   Post Evacuate Collection Set: 0.61ms
[128.751s][info][gc,phases   ] GC(271)   Other: 0.08ms
[128.751s][info][gc,heap     ] GC(271) Eden regions: 332->0(334)
[128.751s][info][gc,heap     ] GC(271) Survivor regions: 3->3(42)
[128.751s][info][gc,heap     ] GC(271) Old regions: 48->46
[128.751s][info][gc,heap     ] GC(271) Humongous regions: 207->207
[128.751s][info][gc,metaspace] GC(271) Metaspace: 56390K(56704K)->56390K(56704K) NonClass: 50771K(51008K)->50771K(51008K) Class: 5618K(5696K)->5618K(5696K)
[128.751s][info][gc          ] GC(271) Pause Young (Mixed) (G1 Evacuation Pause) 589M->255M(625M) 5.889ms
[128.751s][info][gc,cpu      ] GC(271) User=0.01s Sys=0.00s Real=0.01s
[129.544s][info][gc,start    ] GC(272) Pause Young (Concurrent Start) (G1 Evacuation Pause)
[129.544s][info][gc,task     ] GC(272) Using 2 workers of 2 for evacuation
[129.550s][info][gc,phases   ] GC(272)   Pre Evacuate Collection Set: 0.31ms
[129.550s][info][gc,phases   ] GC(272)   Merge Heap Roots: 0.11ms
[129.550s][info][gc,phases   ] GC(272)   Evacuate Collection Set: 4.93ms
[129.550s][info][gc,phases   ] GC(272)   Post Evacuate Collection Set: 0.59ms
[129.550s][info][gc,phases   ] GC(272)   Other: 0.12ms
[129.550s][info][gc,heap     ] GC(272) Eden regions: 334->0(334)
[129.550s][info][gc,heap     ] GC(272) Survivor regions: 3->3(43)
[129.550s][info][gc,heap     ] GC(272) Old regions: 46->46
[129.550s][info][gc,heap     ] GC(272) Humongous regions: 207->207
[129.550s][info][gc,metaspace] GC(272) Metaspace: 56390K(56704K)->56390K(56704K) NonClass: 50771K(51008K)->50771K(51008K) Class: 5618K(5696K)->5618K(5696K)
[129.550s][info][gc          ] GC(272) Pause Young (Concurrent Start) (G1 Evacuation Pause) 589M->255M(625M) 6.227ms
[129.550s][info][gc          ] GC(273) Concurrent Mark Cycle
[129.550s][info][gc,marking  ] GC(273) Concurrent Scan Root Regions
[129.550s][info][gc,cpu      ] GC(272) User=0.01s Sys=0.00s Real=0.01s
[129.555s][info][gc,marking  ] GC(273) Concurrent Scan Root Regions 4.897ms
[129.555s][info][gc,marking  ] GC(273) Concurrent Mark
[129.555s][info][gc,marking  ] GC(273) Concurrent Mark From Roots
[129.555s][info][gc,task     ] GC(273) Using 1 workers of 1 for marking
[129.600s][info][gc,marking  ] GC(273) Concurrent Mark From Roots 45.460ms
[129.600s][info][gc,marking  ] GC(273) Concurrent Preclean
[129.600s][info][gc,marking  ] GC(273) Concurrent Preclean 0.056ms
[129.600s][info][gc,start    ] GC(273) Pause Remark
[129.609s][info][gc          ] GC(273) Pause Remark 272M->272M(625M) 8.134ms
[129.609s][info][gc,cpu      ] GC(273) User=0.02s Sys=0.00s Real=0.01s
[129.609s][info][gc,marking  ] GC(273) Concurrent Mark 53.911ms
[129.609s][info][gc,marking  ] GC(273) Concurrent Rebuild Remembered Sets and Scrub Regions
[129.631s][info][gc,marking  ] GC(273) Concurrent Rebuild Remembered Sets and Scrub Regions 21.991ms
[129.631s][info][gc,start    ] GC(273) Pause Cleanup
[129.631s][info][gc          ] GC(273) Pause Cleanup 283M->283M(625M) 0.064ms
[129.631s][info][gc,cpu      ] GC(273) User=0.00s Sys=0.00s Real=0.00s
[129.631s][info][gc,marking  ] GC(273) Concurrent Clear Claimed Marks
[129.631s][info][gc,marking  ] GC(273) Concurrent Clear Claimed Marks 0.092ms
[129.631s][info][gc,marking  ] GC(273) Concurrent Cleanup for Next Mark
[129.636s][info][gc,marking  ] GC(273) Concurrent Cleanup for Next Mark 4.621ms
[129.636s][info][gc          ] GC(273) Concurrent Mark Cycle 86.143ms
[130.389s][info][gc,start    ] GC(274) Pause Young (Prepare Mixed) (G1 Evacuation Pause)
[130.389s][info][gc,task     ] GC(274) Using 2 workers of 2 for evacuation
[130.395s][info][gc,phases   ] GC(274)   Pre Evacuate Collection Set: 0.31ms
[130.395s][info][gc,phases   ] GC(274)   Merge Heap Roots: 0.12ms
[130.395s][info][gc,phases   ] GC(274)   Evacuate Collection Set: 5.37ms
[130.395s][info][gc,phases   ] GC(274)   Post Evacuate Collection Set: 0.61ms
[130.395s][info][gc,phases   ] GC(274)   Other: 0.11ms
[130.395s][info][gc,heap     ] GC(274) Eden regions: 334->0(332)
[130.395s][info][gc,heap     ] GC(274) Survivor regions: 3->4(43)
[130.395s][info][gc,heap     ] GC(274) Old regions: 46->46
[130.395s][info][gc,heap     ] GC(274) Humongous regions: 207->207
[130.395s][info][gc,metaspace] GC(274) Metaspace: 56390K(56704K)->56390K(56704K) NonClass: 50771K(51008K)->50771K(51008K) Class: 5618K(5696K)->5618K(5696K)
[130.395s][info][gc          ] GC(274) Pause Young (Prepare Mixed) (G1 Evacuation Pause) 589M->256M(625M) 6.698ms
[130.395s][info][gc,cpu      ] GC(274) User=0.01s Sys=0.00s Real=0.01s
[131.143s][info][gc,start    ] GC(275) Pause Young (Mixed) (G1 Evacuation Pause)
[131.143s][info][gc,task     ] GC(275) Using 2 workers of 2 for evacuation
[131.150s][info][gc,phases   ] GC(275)   Pre Evacuate Collection Set: 0.27ms
[131.150s][info][gc,phases   ] GC(275)   Merge Heap Roots: 0.11ms
[131.150s][info][gc,phases   ] GC(275)   Evacuate Collection Set: 5.51ms
[131.150s][info][gc,phases   ] GC(275)   Post Evacuate Collection Set: 0.64ms
[131.150s][info][gc,phases   ] GC(275)   Other: 0.08ms
[131.150s][info][gc,heap     ] GC(275) Eden regions: 332->0(334)
[131.150s][info][gc,heap     ] GC(275) Survivor regions: 4->3(42)
[131.150s][info][gc,heap     ] GC(275) Old regions: 46->46
[131.150s][info][gc,heap     ] GC(275) Humongous regions: 207->207
[131.150s][info][gc,metaspace] GC(275) Metaspace: 56390K(56704K)->56390K(56704K) NonClass: 50771K(51008K)->50771K(51008K) Class: 5618K(5696K)->5618K(5696K)
[131.150s][info][gc          ] GC(275) Pause Young (Mixed) (G1 Evacuation Pause) 588M->255M(625M) 6.770ms
[131.150s][info][gc,cpu      ] GC(275) User=0.01s Sys=0.00s Real=0.00s
[131.940s][info][gc,start    ] GC(276) Pause Young (Concurrent Start) (G1 Evacuation Pause)
[131.940s][info][gc,task     ] GC(276) Using 2 workers of 2 for evacuation
[131.946s][info][gc,phases   ] GC(276)   Pre Evacuate Collection Set: 0.29ms
[131.946s][info][gc,phases   ] GC(276)   Merge Heap Roots: 0.12ms
[131.946s][info][gc,phases   ] GC(276)   Evacuate Collection Set: 5.17ms
[131.946s][info][gc,phases   ] GC(276)   Post Evacuate Collection Set: 0.62ms
[131.946s][info][gc,phases   ] GC(276)   Other: 0.09ms
[131.946s][info][gc,heap     ] GC(276) Eden regions: 334->0(332)
[131.946s][info][gc,heap     ] GC(276) Survivor regions: 3->4(43)
[131.946s][info][gc,heap     ] GC(276) Old regions: 46->46
[131.947s][info][gc,heap     ] GC(276) Humongous regions: 207->207
[131.947s][info][gc,metaspace] GC(276) Metaspace: 56390K(56704K)->56390K(56704K) NonClass: 50771K(51008K)->50771K(51008K) Class: 5618K(5696K)->5618K(5696K)
[131.947s][info][gc          ] GC(276) Pause Young (Concurrent Start) (G1 Evacuation Pause) 589M->255M(625M) 6.469ms
[131.947s][info][gc          ] GC(277) Concurrent Mark Cycle
[131.947s][info][gc,marking  ] GC(277) Concurrent Scan Root Regions
[131.948s][info][gc,cpu      ] GC(276) User=0.02s Sys=0.00s Real=0.01s
[131.950s][info][gc,marking  ] GC(277) Concurrent Scan Root Regions 3.146ms
[131.950s][info][gc,marking  ] GC(277) Concurrent Mark
[131.950s][info][gc,marking  ] GC(277) Concurrent Mark From Roots
[131.950s][info][gc,task     ] GC(277) Using 1 workers of 1 for marking
[131.994s][info][gc,marking  ] GC(277) Concurrent Mark From Roots 44.385ms
[131.994s][info][gc,marking  ] GC(277) Concurrent Preclean
[131.994s][info][gc,marking  ] GC(277) Concurrent Preclean 0.058ms
[131.994s][info][gc,start    ] GC(277) Pause Remark
[132.003s][info][gc          ] GC(277) Pause Remark 274M->274M(625M) 8.124ms
[132.003s][info][gc,cpu      ] GC(277) User=0.02s Sys=0.00s Real=0.01s
[132.003s][info][gc,marking  ] GC(277) Concurrent Mark 52.850ms
[132.003s][info][gc,marking  ] GC(277) Concurrent Rebuild Remembered Sets and Scrub Regions
[132.018s][info][gc,marking  ] GC(277) Concurrent Rebuild Remembered Sets and Scrub Regions 14.731ms
[132.018s][info][gc,start    ] GC(277) Pause Cleanup
[132.018s][info][gc          ] GC(277) Pause Cleanup 274M->274M(625M) 0.063ms
[132.018s][info][gc,cpu      ] GC(277) User=0.00s Sys=0.00s Real=0.00s
[132.018s][info][gc,marking  ] GC(277) Concurrent Clear Claimed Marks
[132.018s][info][gc,marking  ] GC(277) Concurrent Clear Claimed Marks 0.085ms
[132.018s][info][gc,marking  ] GC(277) Concurrent Cleanup for Next Mark
[132.022s][info][gc,marking  ] GC(277) Concurrent Cleanup for Next Mark 4.105ms
[132.022s][info][gc          ] GC(277) Concurrent Mark Cycle 75.525ms
[132.753s][info][gc,start    ] GC(278) Pause Young (Prepare Mixed) (G1 Evacuation Pause)
[132.754s][info][gc,task     ] GC(278) Using 2 workers of 2 for evacuation
[132.760s][info][gc,phases   ] GC(278)   Pre Evacuate Collection Set: 0.32ms
[132.760s][info][gc,phases   ] GC(278)   Merge Heap Roots: 0.14ms
[132.760s][info][gc,phases   ] GC(278)   Evacuate Collection Set: 5.12ms
[132.760s][info][gc,phases   ] GC(278)   Post Evacuate Collection Set: 0.78ms
[132.760s][info][gc,phases   ] GC(278)   Other: 0.09ms
[132.760s][info][gc,heap     ] GC(278) Eden regions: 332->0(334)
[132.760s][info][gc,heap     ] GC(278) Survivor regions: 4->3(42)
[132.760s][info][gc,heap     ] GC(278) Old regions: 46->46
[132.760s][info][gc,heap     ] GC(278) Humongous regions: 207->207
[132.760s][info][gc,metaspace] GC(278) Metaspace: 56390K(56704K)->56390K(56704K) NonClass: 50771K(51008K)->50771K(51008K) Class: 5618K(5696K)->5618K(5696K)
[132.760s][info][gc          ] GC(278) Pause Young (Prepare Mixed) (G1 Evacuation Pause) 587M->254M(625M) 6.633ms
[132.760s][info][gc,cpu      ] GC(278) User=0.01s Sys=0.00s Real=0.00s
[133.548s][info][gc,start    ] GC(279) Pause Young (Mixed) (G1 Evacuation Pause)
[133.548s][info][gc,task     ] GC(279) Using 2 workers of 2 for evacuation
[133.554s][info][gc,phases   ] GC(279)   Pre Evacuate Collection Set: 0.28ms
[133.554s][info][gc,phases   ] GC(279)   Merge Heap Roots: 0.12ms
[133.554s][info][gc,phases   ] GC(279)   Evacuate Collection Set: 4.75ms
[133.554s][info][gc,phases   ] GC(279)   Post Evacuate Collection Set: 0.60ms
[133.554s][info][gc,phases   ] GC(279)   Other: 0.10ms
[133.554s][info][gc,heap     ] GC(279) Eden regions: 334->0(334)
[133.554s][info][gc,heap     ] GC(279) Survivor regions: 3->3(43)
[133.554s][info][gc,heap     ] GC(279) Old regions: 46->46
[133.554s][info][gc,heap     ] GC(279) Humongous regions: 207->207
[133.554s][info][gc,metaspace] GC(279) Metaspace: 56390K(56704K)->56390K(56704K) NonClass: 50771K(51008K)->50771K(51008K) Class: 5618K(5696K)->5618K(5696K)
[133.554s][info][gc          ] GC(279) Pause Young (Mixed) (G1 Evacuation Pause) 588M->254M(625M) 6.018ms
[133.554s][info][gc,cpu      ] GC(279) User=0.01s Sys=0.00s Real=0.01s
[134.343s][info][gc,start    ] GC(280) Pause Young (Concurrent Start) (G1 Evacuation Pause)
[134.343s][info][gc,task     ] GC(280) Using 2 workers of 2 for evacuation
[134.349s][info][gc,phases   ] GC(280)   Pre Evacuate Collection Set: 0.29ms
[134.349s][info][gc,phases   ] GC(280)   Merge Heap Roots: 0.12ms
[134.349s][info][gc,phases   ] GC(280)   Evacuate Collection Set: 5.39ms
[134.349s][info][gc,phases   ] GC(280)   Post Evacuate Collection Set: 0.61ms
[134.349s][info][gc,phases   ] GC(280)   Other: 0.11ms
[134.349s][info][gc,heap     ] GC(280) Eden regions: 334->0(332)
[134.349s][info][gc,heap     ] GC(280) Survivor regions: 3->4(43)
[134.349s][info][gc,heap     ] GC(280) Old regions: 46->46
[134.349s][info][gc,heap     ] GC(280) Humongous regions: 207->207
[134.349s][info][gc,metaspace] GC(280) Metaspace: 56391K(56704K)->56391K(56704K) NonClass: 50772K(51008K)->50772K(51008K) Class: 5618K(5696K)->5618K(5696K)
[134.349s][info][gc          ] GC(280) Pause Young (Concurrent Start) (G1 Evacuation Pause) 588M->255M(625M) 6.700ms
[134.349s][info][gc          ] GC(281) Concurrent Mark Cycle
[134.349s][info][gc,marking  ] GC(281) Concurrent Scan Root Regions
[134.350s][info][gc,cpu      ] GC(280) User=0.01s Sys=0.00s Real=0.01s
[134.355s][info][gc,marking  ] GC(281) Concurrent Scan Root Regions 5.446ms
[134.355s][info][gc,marking  ] GC(281) Concurrent Mark
[134.355s][info][gc,marking  ] GC(281) Concurrent Mark From Roots
[134.355s][info][gc,task     ] GC(281) Using 1 workers of 1 for marking
[134.407s][info][gc,marking  ] GC(281) Concurrent Mark From Roots 52.297ms
[134.407s][info][gc,marking  ] GC(281) Concurrent Preclean
[134.407s][info][gc,marking  ] GC(281) Concurrent Preclean 0.065ms
[134.407s][info][gc,start    ] GC(281) Pause Remark
[134.416s][info][gc          ] GC(281) Pause Remark 274M->274M(625M) 8.245ms
[134.416s][info][gc,cpu      ] GC(281) User=0.01s Sys=0.00s Real=0.01s
[134.416s][info][gc,marking  ] GC(281) Concurrent Mark 60.831ms
[134.416s][info][gc,marking  ] GC(281) Concurrent Rebuild Remembered Sets and Scrub Regions
[134.442s][info][gc,marking  ] GC(281) Concurrent Rebuild Remembered Sets and Scrub Regions 26.381ms
[134.443s][info][gc,start    ] GC(281) Pause Cleanup
[134.443s][info][gc          ] GC(281) Pause Cleanup 288M->288M(625M) 0.084ms
[134.443s][info][gc,cpu      ] GC(281) User=0.00s Sys=0.00s Real=0.00s
[134.443s][info][gc,marking  ] GC(281) Concurrent Clear Claimed Marks
[134.443s][info][gc,marking  ] GC(281) Concurrent Clear Claimed Marks 0.087ms
[134.443s][info][gc,marking  ] GC(281) Concurrent Cleanup for Next Mark
[134.446s][info][gc,marking  ] GC(281) Concurrent Cleanup for Next Mark 3.276ms
[134.446s][info][gc          ] GC(281) Concurrent Mark Cycle 97.115ms
[135.142s][info][gc,start    ] GC(282) Pause Young (Prepare Mixed) (G1 Evacuation Pause)
[135.142s][info][gc,task     ] GC(282) Using 2 workers of 2 for evacuation
[135.148s][info][gc,phases   ] GC(282)   Pre Evacuate Collection Set: 0.27ms
[135.148s][info][gc,phases   ] GC(282)   Merge Heap Roots: 0.14ms
[135.148s][info][gc,phases   ] GC(282)   Evacuate Collection Set: 4.72ms
[135.148s][info][gc,phases   ] GC(282)   Post Evacuate Collection Set: 0.62ms
[135.148s][info][gc,phases   ] GC(282)   Other: 0.08ms
[135.148s][info][gc,heap     ] GC(282) Eden regions: 332->0(332)
[135.148s][info][gc,heap     ] GC(282) Survivor regions: 4->4(42)
[135.148s][info][gc,heap     ] GC(282) Old regions: 46->46
[135.148s][info][gc,heap     ] GC(282) Humongous regions: 207->207
[135.148s][info][gc,metaspace] GC(282) Metaspace: 56391K(56704K)->56391K(56704K) NonClass: 50772K(51008K)->50772K(51008K) Class: 5618K(5696K)->5618K(5696K)
[135.148s][info][gc          ] GC(282) Pause Young (Prepare Mixed) (G1 Evacuation Pause) 587M->255M(625M) 5.996ms
[135.148s][info][gc,cpu      ] GC(282) User=0.01s Sys=0.00s Real=0.00s
[136.047s][info][gc,start    ] GC(283) Pause Young (Mixed) (G1 Evacuation Pause)
[136.047s][info][gc,task     ] GC(283) Using 2 workers of 2 for evacuation
[136.054s][info][gc,phases   ] GC(283)   Pre Evacuate Collection Set: 0.28ms
[136.055s][info][gc,phases   ] GC(283)   Merge Heap Roots: 0.11ms
[136.055s][info][gc,phases   ] GC(283)   Evacuate Collection Set: 6.10ms
[136.055s][info][gc,phases   ] GC(283)   Post Evacuate Collection Set: 0.64ms
[136.055s][info][gc,phases   ] GC(283)   Other: 0.08ms
[136.055s][info][gc,heap     ] GC(283) Eden regions: 332->0(333)
[136.055s][info][gc,heap     ] GC(283) Survivor regions: 4->4(42)
[136.055s][info][gc,heap     ] GC(283) Old regions: 46->45
[136.055s][info][gc,heap     ] GC(283) Humongous regions: 207->207
[136.055s][info][gc,metaspace] GC(283) Metaspace: 56391K(56704K)->56391K(56704K) NonClass: 50772K(51008K)->50772K(51008K) Class: 5618K(5696K)->5618K(5696K)
[136.055s][info][gc          ] GC(283) Pause Young (Mixed) (G1 Evacuation Pause) 587M->255M(625M) 7.368ms
[136.055s][info][gc,cpu      ] GC(283) User=0.02s Sys=0.00s Real=0.01s
[136.859s][info][gc,start    ] GC(284) Pause Young (Concurrent Start) (G1 Evacuation Pause)
[136.859s][info][gc,task     ] GC(284) Using 2 workers of 2 for evacuation
[136.864s][info][gc,phases   ] GC(284)   Pre Evacuate Collection Set: 0.29ms
[136.864s][info][gc,phases   ] GC(284)   Merge Heap Roots: 0.12ms
[136.864s][info][gc,phases   ] GC(284)   Evacuate Collection Set: 4.17ms
[136.864s][info][gc,phases   ] GC(284)   Post Evacuate Collection Set: 0.80ms
[136.864s][info][gc,phases   ] GC(284)   Other: 0.11ms
[136.865s][info][gc,heap     ] GC(284) Eden regions: 333->0(334)
[136.865s][info][gc,heap     ] GC(284) Survivor regions: 4->3(43)
[136.865s][info][gc,heap     ] GC(284) Old regions: 45->46
[136.865s][info][gc,heap     ] GC(284) Humongous regions: 207->207
[136.865s][info][gc,metaspace] GC(284) Metaspace: 56391K(56704K)->56391K(56704K) NonClass: 50772K(51008K)->50772K(51008K) Class: 5618K(5696K)->5618K(5696K)
[136.865s][info][gc          ] GC(284) Pause Young (Concurrent Start) (G1 Evacuation Pause) 588M->254M(625M) 5.668ms
[136.865s][info][gc,cpu      ] GC(284) User=0.01s Sys=0.00s Real=0.01s
[136.865s][info][gc          ] GC(285) Concurrent Mark Cycle
[136.865s][info][gc,marking  ] GC(285) Concurrent Scan Root Regions
[136.868s][info][gc,marking  ] GC(285) Concurrent Scan Root Regions 2.610ms
[136.868s][info][gc,marking  ] GC(285) Concurrent Mark
[136.868s][info][gc,marking  ] GC(285) Concurrent Mark From Roots
[136.868s][info][gc,task     ] GC(285) Using 1 workers of 1 for marking
[136.917s][info][gc,marking  ] GC(285) Concurrent Mark From Roots 49.363ms
[136.917s][info][gc,marking  ] GC(285) Concurrent Preclean
[136.917s][info][gc,marking  ] GC(285) Concurrent Preclean 0.055ms
[136.917s][info][gc,start    ] GC(285) Pause Remark
[136.925s][info][gc          ] GC(285) Pause Remark 264M->264M(625M) 8.130ms
[136.925s][info][gc,cpu      ] GC(285) User=0.01s Sys=0.00s Real=0.01s
[136.926s][info][gc,marking  ] GC(285) Concurrent Mark 58.000ms
[136.926s][info][gc,marking  ] GC(285) Concurrent Rebuild Remembered Sets and Scrub Regions
[136.942s][info][gc,marking  ] GC(285) Concurrent Rebuild Remembered Sets and Scrub Regions 15.899ms
[136.942s][info][gc,start    ] GC(285) Pause Cleanup
[136.942s][info][gc          ] GC(285) Pause Cleanup 273M->273M(625M) 0.066ms
[136.942s][info][gc,cpu      ] GC(285) User=0.00s Sys=0.00s Real=0.00s
[136.942s][info][gc,marking  ] GC(285) Concurrent Clear Claimed Marks
[136.942s][info][gc,marking  ] GC(285) Concurrent Clear Claimed Marks 0.083ms
[136.942s][info][gc,marking  ] GC(285) Concurrent Cleanup for Next Mark
[136.944s][info][gc,marking  ] GC(285) Concurrent Cleanup for Next Mark 1.790ms
[136.944s][info][gc          ] GC(285) Concurrent Mark Cycle 79.095ms
[137.724s][info][gc,start    ] GC(286) Pause Young (Prepare Mixed) (G1 Evacuation Pause)
[137.724s][info][gc,task     ] GC(286) Using 2 workers of 2 for evacuation
[137.727s][info][gc,phases   ] GC(286)   Pre Evacuate Collection Set: 0.27ms
[137.727s][info][gc,phases   ] GC(286)   Merge Heap Roots: 0.12ms
[137.727s][info][gc,phases   ] GC(286)   Evacuate Collection Set: 2.54ms
[137.727s][info][gc,phases   ] GC(286)   Post Evacuate Collection Set: 0.60ms
[137.727s][info][gc,phases   ] GC(286)   Other: 0.11ms
[137.728s][info][gc,heap     ] GC(286) Eden regions: 334->0(338)
[137.728s][info][gc,heap     ] GC(286) Survivor regions: 3->1(43)
[137.728s][info][gc,heap     ] GC(286) Old regions: 46->46
[137.728s][info][gc,heap     ] GC(286) Humongous regions: 207->207
[137.728s][info][gc,metaspace] GC(286) Metaspace: 56391K(56704K)->56391K(56704K) NonClass: 50772K(51008K)->50772K(51008K) Class: 5618K(5696K)->5618K(5696K)
[137.728s][info][gc          ] GC(286) Pause Young (Prepare Mixed) (G1 Evacuation Pause) 588M->253M(625M) 3.801ms
[137.728s][info][gc,cpu      ] GC(286) User=0.01s Sys=0.00s Real=0.00s
[138.530s][info][gc,start    ] GC(287) Pause Young (Mixed) (G1 Evacuation Pause)
[138.530s][info][gc,task     ] GC(287) Using 2 workers of 2 for evacuation
[138.537s][info][gc,phases   ] GC(287)   Pre Evacuate Collection Set: 0.28ms
[138.537s][info][gc,phases   ] GC(287)   Merge Heap Roots: 0.13ms
[138.537s][info][gc,phases   ] GC(287)   Evacuate Collection Set: 6.00ms
[138.537s][info][gc,phases   ] GC(287)   Post Evacuate Collection Set: 0.66ms
[138.538s][info][gc,phases   ] GC(287)   Other: 0.09ms
[138.538s][info][gc,heap     ] GC(287) Eden regions: 338->0(335)
[138.538s][info][gc,heap     ] GC(287) Survivor regions: 1->3(43)
[138.538s][info][gc,heap     ] GC(287) Old regions: 46->45
[138.538s][info][gc,heap     ] GC(287) Humongous regions: 207->207
[138.538s][info][gc,metaspace] GC(287) Metaspace: 56391K(56704K)->56391K(56704K) NonClass: 50772K(51008K)->50772K(51008K) Class: 5618K(5696K)->5618K(5696K)
[138.538s][info][gc          ] GC(287) Pause Young (Mixed) (G1 Evacuation Pause) 591M->254M(625M) 7.362ms
[138.538s][info][gc,cpu      ] GC(287) User=0.02s Sys=0.00s Real=0.01s
[139.337s][info][gc,start    ] GC(288) Pause Young (Concurrent Start) (G1 Evacuation Pause)
[139.337s][info][gc,task     ] GC(288) Using 2 workers of 2 for evacuation
[139.344s][info][gc,phases   ] GC(288)   Pre Evacuate Collection Set: 0.31ms
[139.344s][info][gc,phases   ] GC(288)   Merge Heap Roots: 0.10ms
[139.344s][info][gc,phases   ] GC(288)   Evacuate Collection Set: 6.48ms
[139.344s][info][gc,phases   ] GC(288)   Post Evacuate Collection Set: 0.65ms
[139.344s][info][gc,phases   ] GC(288)   Other: 0.14ms
[139.344s][info][gc,heap     ] GC(288) Eden regions: 335->0(337)
[139.344s][info][gc,heap     ] GC(288) Survivor regions: 3->2(43)
[139.344s][info][gc,heap     ] GC(288) Old regions: 45->45
[139.344s][info][gc,heap     ] GC(288) Humongous regions: 207->207
[139.344s][info][gc,metaspace] GC(288) Metaspace: 56391K(56704K)->56391K(56704K) NonClass: 50772K(51008K)->50772K(51008K) Class: 5618K(5696K)->5618K(5696K)
[139.344s][info][gc          ] GC(288) Pause Young (Concurrent Start) (G1 Evacuation Pause) 589M->253M(625M) 7.861ms
[139.344s][info][gc,cpu      ] GC(288) User=0.01s Sys=0.00s Real=0.01s
[139.344s][info][gc          ] GC(289) Concurrent Mark Cycle
[139.347s][info][gc,marking  ] GC(289) Concurrent Scan Root Regions
[139.354s][info][gc,marking  ] GC(289) Concurrent Scan Root Regions 7.933ms
[139.354s][info][gc,marking  ] GC(289) Concurrent Mark
[139.354s][info][gc,marking  ] GC(289) Concurrent Mark From Roots
[139.354s][info][gc,task     ] GC(289) Using 1 workers of 1 for marking
[139.401s][info][gc,marking  ] GC(289) Concurrent Mark From Roots 46.431ms
[139.401s][info][gc,marking  ] GC(289) Concurrent Preclean
[139.401s][info][gc,marking  ] GC(289) Concurrent Preclean 0.056ms
[139.401s][info][gc,start    ] GC(289) Pause Remark
[139.410s][info][gc          ] GC(289) Pause Remark 280M->280M(625M) 8.422ms
[139.410s][info][gc,cpu      ] GC(289) User=0.02s Sys=0.00s Real=0.00s
[139.410s][info][gc,marking  ] GC(289) Concurrent Mark 55.170ms
[139.410s][info][gc,marking  ] GC(289) Concurrent Rebuild Remembered Sets and Scrub Regions
[139.431s][info][gc,marking  ] GC(289) Concurrent Rebuild Remembered Sets and Scrub Regions 21.054ms
[139.431s][info][gc,start    ] GC(289) Pause Cleanup
[139.431s][info][gc          ] GC(289) Pause Cleanup 288M->288M(625M) 0.076ms
[139.431s][info][gc,cpu      ] GC(289) User=0.00s Sys=0.00s Real=0.00s
[139.432s][info][gc,marking  ] GC(289) Concurrent Clear Claimed Marks
[139.432s][info][gc,marking  ] GC(289) Concurrent Clear Claimed Marks 0.095ms
[139.432s][info][gc,marking  ] GC(289) Concurrent Cleanup for Next Mark
[139.436s][info][gc,marking  ] GC(289) Concurrent Cleanup for Next Mark 4.124ms
[139.436s][info][gc          ] GC(289) Concurrent Mark Cycle 91.851ms
[140.139s][info][gc,start    ] GC(290) Pause Young (Prepare Mixed) (G1 Evacuation Pause)
[140.139s][info][gc,task     ] GC(290) Using 2 workers of 2 for evacuation
[140.144s][info][gc,phases   ] GC(290)   Pre Evacuate Collection Set: 0.29ms
[140.144s][info][gc,phases   ] GC(290)   Merge Heap Roots: 0.15ms
[140.144s][info][gc,phases   ] GC(290)   Evacuate Collection Set: 4.18ms
[140.144s][info][gc,phases   ] GC(290)   Post Evacuate Collection Set: 0.61ms
[140.144s][info][gc,phases   ] GC(290)   Other: 0.08ms
[140.144s][info][gc,heap     ] GC(290) Eden regions: 337->0(334)
[140.144s][info][gc,heap     ] GC(290) Survivor regions: 2->3(43)
[140.144s][info][gc,heap     ] GC(290) Old regions: 45->46
[140.144s][info][gc,heap     ] GC(290) Humongous regions: 207->207
[140.144s][info][gc,metaspace] GC(290) Metaspace: 56391K(56704K)->56391K(56704K) NonClass: 50772K(51008K)->50772K(51008K) Class: 5618K(5696K)->5618K(5696K)
[140.144s][info][gc          ] GC(290) Pause Young (Prepare Mixed) (G1 Evacuation Pause) 590M->254M(625M) 5.516ms
[140.144s][info][gc,cpu      ] GC(290) User=0.00s Sys=0.00s Real=0.01s
[140.950s][info][gc,start    ] GC(291) Pause Young (Mixed) (G1 Evacuation Pause)
[140.950s][info][gc,task     ] GC(291) Using 2 workers of 2 for evacuation
[140.957s][info][gc,phases   ] GC(291)   Pre Evacuate Collection Set: 0.28ms
[140.957s][info][gc,phases   ] GC(291)   Merge Heap Roots: 0.13ms
[140.957s][info][gc,phases   ] GC(291)   Evacuate Collection Set: 6.09ms
[140.957s][info][gc,phases   ] GC(291)   Post Evacuate Collection Set: 0.65ms
[140.957s][info][gc,phases   ] GC(291)   Other: 0.08ms
[140.957s][info][gc,heap     ] GC(291) Eden regions: 334->0(335)
[140.957s][info][gc,heap     ] GC(291) Survivor regions: 3->3(43)
[140.957s][info][gc,heap     ] GC(291) Old regions: 46->45
[140.957s][info][gc,heap     ] GC(291) Humongous regions: 207->207
[140.957s][info][gc,metaspace] GC(291) Metaspace: 56391K(56704K)->56391K(56704K) NonClass: 50772K(51008K)->50772K(51008K) Class: 5618K(5696K)->5618K(5696K)
[140.957s][info][gc          ] GC(291) Pause Young (Mixed) (G1 Evacuation Pause) 588M->254M(625M) 7.403ms
[140.957s][info][gc,cpu      ] GC(291) User=0.01s Sys=0.00s Real=0.01s
[141.755s][info][gc,start    ] GC(292) Pause Young (Concurrent Start) (G1 Evacuation Pause)
[141.755s][info][gc,task     ] GC(292) Using 2 workers of 2 for evacuation
[141.761s][info][gc,phases   ] GC(292)   Pre Evacuate Collection Set: 0.28ms
[141.761s][info][gc,phases   ] GC(292)   Merge Heap Roots: 0.12ms
[141.761s][info][gc,phases   ] GC(292)   Evacuate Collection Set: 5.09ms
[141.761s][info][gc,phases   ] GC(292)   Post Evacuate Collection Set: 0.60ms
[141.761s][info][gc,phases   ] GC(292)   Other: 0.11ms
[141.761s][info][gc,heap     ] GC(292) Eden regions: 335->0(333)
[141.761s][info][gc,heap     ] GC(292) Survivor regions: 3->4(43)
[141.761s][info][gc,heap     ] GC(292) Old regions: 45->45
[141.761s][info][gc,heap     ] GC(292) Humongous regions: 207->207
[141.761s][info][gc,metaspace] GC(292) Metaspace: 56391K(56704K)->56391K(56704K) NonClass: 50772K(51008K)->50772K(51008K) Class: 5618K(5696K)->5618K(5696K)
[141.761s][info][gc          ] GC(292) Pause Young (Concurrent Start) (G1 Evacuation Pause) 589M->255M(625M) 6.357ms
[141.761s][info][gc          ] GC(293) Concurrent Mark Cycle
[141.761s][info][gc,marking  ] GC(293) Concurrent Scan Root Regions
[141.763s][info][gc,cpu      ] GC(292) User=0.01s Sys=0.00s Real=0.01s
[141.766s][info][gc,marking  ] GC(293) Concurrent Scan Root Regions 4.962ms
[141.766s][info][gc,marking  ] GC(293) Concurrent Mark
[141.766s][info][gc,marking  ] GC(293) Concurrent Mark From Roots
[141.766s][info][gc,task     ] GC(293) Using 1 workers of 1 for marking
[141.815s][info][gc,marking  ] GC(293) Concurrent Mark From Roots 48.743ms
[141.815s][info][gc,marking  ] GC(293) Concurrent Preclean
[141.815s][info][gc,marking  ] GC(293) Concurrent Preclean 0.061ms
[141.815s][info][gc,start    ] GC(293) Pause Remark
[141.823s][info][gc          ] GC(293) Pause Remark 270M->270M(625M) 8.138ms
[141.823s][info][gc,cpu      ] GC(293) User=0.01s Sys=0.00s Real=0.01s
[141.825s][info][gc,marking  ] GC(293) Concurrent Mark 58.289ms
[141.825s][info][gc,marking  ] GC(293) Concurrent Rebuild Remembered Sets and Scrub Regions
[141.848s][info][gc,marking  ] GC(293) Concurrent Rebuild Remembered Sets and Scrub Regions 22.898ms
[141.848s][info][gc,start    ] GC(293) Pause Cleanup
[141.848s][info][gc          ] GC(293) Pause Cleanup 288M->288M(625M) 0.084ms
[141.848s][info][gc,cpu      ] GC(293) User=0.00s Sys=0.00s Real=0.00s
[141.848s][info][gc,marking  ] GC(293) Concurrent Clear Claimed Marks
[141.848s][info][gc,marking  ] GC(293) Concurrent Clear Claimed Marks 0.102ms
[141.848s][info][gc,marking  ] GC(293) Concurrent Cleanup for Next Mark
[141.850s][info][gc,marking  ] GC(293) Concurrent Cleanup for Next Mark 1.864ms
[141.850s][info][gc          ] GC(293) Concurrent Mark Cycle 88.712ms
[142.549s][info][gc,start    ] GC(294) Pause Young (Prepare Mixed) (G1 Evacuation Pause)
[142.549s][info][gc,task     ] GC(294) Using 2 workers of 2 for evacuation
[142.555s][info][gc,phases   ] GC(294)   Pre Evacuate Collection Set: 0.36ms
[142.555s][info][gc,phases   ] GC(294)   Merge Heap Roots: 0.13ms
[142.555s][info][gc,phases   ] GC(294)   Evacuate Collection Set: 4.80ms
[142.555s][info][gc,phases   ] GC(294)   Post Evacuate Collection Set: 0.63ms
[142.555s][info][gc,phases   ] GC(294)   Other: 0.09ms
[142.555s][info][gc,heap     ] GC(294) Eden regions: 333->0(335)
[142.555s][info][gc,heap     ] GC(294) Survivor regions: 4->3(43)
[142.555s][info][gc,heap     ] GC(294) Old regions: 45->45
[142.555s][info][gc,heap     ] GC(294) Humongous regions: 207->207
[142.555s][info][gc,metaspace] GC(294) Metaspace: 56395K(56704K)->56395K(56704K) NonClass: 50776K(51008K)->50776K(51008K) Class: 5618K(5696K)->5618K(5696K)
[142.555s][info][gc          ] GC(294) Pause Young (Prepare Mixed) (G1 Evacuation Pause) 588M->254M(625M) 6.187ms
[142.555s][info][gc,cpu      ] GC(294) User=0.01s Sys=0.00s Real=0.01s
[143.438s][info][gc,start    ] GC(295) Pause Young (Mixed) (G1 Evacuation Pause)
[143.438s][info][gc,task     ] GC(295) Using 2 workers of 2 for evacuation
[143.470s][info][gc,phases   ] GC(295)   Pre Evacuate Collection Set: 0.37ms
[143.470s][info][gc,phases   ] GC(295)   Merge Heap Roots: 0.17ms
[143.470s][info][gc,phases   ] GC(295)   Evacuate Collection Set: 31.05ms
[143.470s][info][gc,phases   ] GC(295)   Post Evacuate Collection Set: 1.16ms
[143.471s][info][gc,phases   ] GC(295)   Other: 0.10ms
[143.471s][info][gc,heap     ] GC(295) Eden regions: 335->0(337)
[143.471s][info][gc,heap     ] GC(295) Survivor regions: 3->2(43)
[143.471s][info][gc,heap     ] GC(295) Old regions: 45->45
[143.471s][info][gc,heap     ] GC(295) Humongous regions: 207->207
[143.471s][info][gc,metaspace] GC(295) Metaspace: 56396K(56704K)->56396K(56704K) NonClass: 50777K(51008K)->50777K(51008K) Class: 5618K(5696K)->5618K(5696K)
[143.471s][info][gc          ] GC(295) Pause Young (Mixed) (G1 Evacuation Pause) 589M->253M(625M) 33.056ms
[143.471s][info][gc,cpu      ] GC(295) User=0.02s Sys=0.00s Real=0.04s
[144.219s][info][gc,start    ] GC(296) Pause Young (Concurrent Start) (G1 Evacuation Pause)
[144.219s][info][gc,task     ] GC(296) Using 2 workers of 2 for evacuation
[144.222s][info][gc,phases   ] GC(296)   Pre Evacuate Collection Set: 0.29ms
[144.223s][info][gc,phases   ] GC(296)   Merge Heap Roots: 0.12ms
[144.223s][info][gc,phases   ] GC(296)   Evacuate Collection Set: 1.95ms
[144.223s][info][gc,phases   ] GC(296)   Post Evacuate Collection Set: 0.59ms
[144.223s][info][gc,phases   ] GC(296)   Other: 0.09ms
[144.223s][info][gc,heap     ] GC(296) Eden regions: 337->0(339)
[144.223s][info][gc,heap     ] GC(296) Survivor regions: 2->1(43)
[144.223s][info][gc,heap     ] GC(296) Old regions: 45->45
[144.223s][info][gc,heap     ] GC(296) Humongous regions: 207->207
[144.223s][info][gc,metaspace] GC(296) Metaspace: 56396K(56704K)->56396K(56704K) NonClass: 50777K(51008K)->50777K(51008K) Class: 5618K(5696K)->5618K(5696K)
[144.223s][info][gc          ] GC(296) Pause Young (Concurrent Start) (G1 Evacuation Pause) 590M->252M(625M) 3.219ms
[144.223s][info][gc,cpu      ] GC(296) User=0.00s Sys=0.00s Real=0.01s
[144.223s][info][gc          ] GC(297) Concurrent Mark Cycle
[144.223s][info][gc,marking  ] GC(297) Concurrent Scan Root Regions
[144.226s][info][gc,marking  ] GC(297) Concurrent Scan Root Regions 2.913ms
[144.226s][info][gc,marking  ] GC(297) Concurrent Mark
[144.226s][info][gc,marking  ] GC(297) Concurrent Mark From Roots
[144.226s][info][gc,task     ] GC(297) Using 1 workers of 1 for marking
[144.275s][info][gc,marking  ] GC(297) Concurrent Mark From Roots 48.996ms
[144.275s][info][gc,marking  ] GC(297) Concurrent Preclean
[144.275s][info][gc,marking  ] GC(297) Concurrent Preclean 0.074ms
[144.276s][info][gc,start    ] GC(297) Pause Remark
[144.284s][info][gc          ] GC(297) Pause Remark 284M->284M(625M) 8.198ms
[144.284s][info][gc,cpu      ] GC(297) User=0.02s Sys=0.00s Real=0.01s
[144.284s][info][gc,marking  ] GC(297) Concurrent Mark 57.568ms
[144.284s][info][gc,marking  ] GC(297) Concurrent Rebuild Remembered Sets and Scrub Regions
[144.300s][info][gc,marking  ] GC(297) Concurrent Rebuild Remembered Sets and Scrub Regions 16.299ms
[144.300s][info][gc,start    ] GC(297) Pause Cleanup
[144.300s][info][gc          ] GC(297) Pause Cleanup 291M->291M(625M) 0.065ms
[144.300s][info][gc,cpu      ] GC(297) User=0.00s Sys=0.00s Real=0.01s
[144.300s][info][gc,marking  ] GC(297) Concurrent Clear Claimed Marks
[144.301s][info][gc,marking  ] GC(297) Concurrent Clear Claimed Marks 0.090ms
[144.301s][info][gc,marking  ] GC(297) Concurrent Cleanup for Next Mark
[144.302s][info][gc,marking  ] GC(297) Concurrent Cleanup for Next Mark 1.830ms
[144.302s][info][gc          ] GC(297) Concurrent Mark Cycle 79.100ms
[145.026s][info][gc,start    ] GC(298) Pause Young (Prepare Mixed) (G1 Evacuation Pause)
[145.026s][info][gc,task     ] GC(298) Using 2 workers of 2 for evacuation
[145.030s][info][gc,phases   ] GC(298)   Pre Evacuate Collection Set: 0.25ms
[145.030s][info][gc,phases   ] GC(298)   Merge Heap Roots: 0.12ms
[145.030s][info][gc,phases   ] GC(298)   Evacuate Collection Set: 3.12ms
[145.030s][info][gc,phases   ] GC(298)   Post Evacuate Collection Set: 0.62ms
[145.030s][info][gc,phases   ] GC(298)   Other: 0.10ms
[145.030s][info][gc,heap     ] GC(298) Eden regions: 339->0(337)
[145.030s][info][gc,heap     ] GC(298) Survivor regions: 1->2(43)
[145.030s][info][gc,heap     ] GC(298) Old regions: 45->45
[145.030s][info][gc,heap     ] GC(298) Humongous regions: 207->207
[145.030s][info][gc,metaspace] GC(298) Metaspace: 56396K(56704K)->56396K(56704K) NonClass: 50777K(51008K)->50777K(51008K) Class: 5618K(5696K)->5618K(5696K)
[145.030s][info][gc          ] GC(298) Pause Young (Prepare Mixed) (G1 Evacuation Pause) 591M->253M(625M) 4.384ms
[145.030s][info][gc,cpu      ] GC(298) User=0.01s Sys=0.00s Real=0.00s
[145.831s][info][gc,start    ] GC(299) Pause Young (Mixed) (G1 Evacuation Pause)
[145.831s][info][gc,task     ] GC(299) Using 2 workers of 2 for evacuation
[145.836s][info][gc,phases   ] GC(299)   Pre Evacuate Collection Set: 0.27ms
[145.836s][info][gc,phases   ] GC(299)   Merge Heap Roots: 0.11ms
[145.836s][info][gc,phases   ] GC(299)   Evacuate Collection Set: 4.26ms
[145.836s][info][gc,phases   ] GC(299)   Post Evacuate Collection Set: 0.65ms
[145.836s][info][gc,phases   ] GC(299)   Other: 0.08ms
[145.836s][info][gc,heap     ] GC(299) Eden regions: 337->0(337)
[145.836s][info][gc,heap     ] GC(299) Survivor regions: 2->2(43)
[145.836s][info][gc,heap     ] GC(299) Old regions: 45->45
[145.836s][info][gc,heap     ] GC(299) Humongous regions: 207->207
[145.836s][info][gc,metaspace] GC(299) Metaspace: 56396K(56704K)->56396K(56704K) NonClass: 50777K(51008K)->50777K(51008K) Class: 5618K(5696K)->5618K(5696K)
[145.836s][info][gc          ] GC(299) Pause Young (Mixed) (G1 Evacuation Pause) 590M->253M(625M) 5.535ms
[145.836s][info][gc,cpu      ] GC(299) User=0.01s Sys=0.00s Real=0.00s
[146.641s][info][gc,start    ] GC(300) Pause Young (Concurrent Start) (G1 Evacuation Pause)
[146.641s][info][gc,task     ] GC(300) Using 2 workers of 2 for evacuation
[146.647s][info][gc,phases   ] GC(300)   Pre Evacuate Collection Set: 0.28ms
[146.647s][info][gc,phases   ] GC(300)   Merge Heap Roots: 0.12ms
[146.647s][info][gc,phases   ] GC(300)   Evacuate Collection Set: 4.84ms
[146.647s][info][gc,phases   ] GC(300)   Post Evacuate Collection Set: 0.62ms
[146.647s][info][gc,phases   ] GC(300)   Other: 0.09ms
[146.647s][info][gc,heap     ] GC(300) Eden regions: 337->0(335)
[146.647s][info][gc,heap     ] GC(300) Survivor regions: 2->3(43)
[146.647s][info][gc,heap     ] GC(300) Old regions: 45->45
[146.647s][info][gc,heap     ] GC(300) Humongous regions: 207->207
[146.647s][info][gc,metaspace] GC(300) Metaspace: 56396K(56704K)->56396K(56704K) NonClass: 50777K(51008K)->50777K(51008K) Class: 5618K(5696K)->5618K(5696K)
[146.647s][info][gc          ] GC(300) Pause Young (Concurrent Start) (G1 Evacuation Pause) 590M->254M(625M) 6.141ms
[146.647s][info][gc,cpu      ] GC(300) User=0.01s Sys=0.00s Real=0.00s
[146.647s][info][gc          ] GC(301) Concurrent Mark Cycle
[146.649s][info][gc,marking  ] GC(301) Concurrent Scan Root Regions
[146.656s][info][gc,marking  ] GC(301) Concurrent Scan Root Regions 7.185ms
[146.656s][info][gc,marking  ] GC(301) Concurrent Mark
[146.656s][info][gc,marking  ] GC(301) Concurrent Mark From Roots
[146.656s][info][gc,task     ] GC(301) Using 1 workers of 1 for marking
[146.701s][info][gc,marking  ] GC(301) Concurrent Mark From Roots 44.982ms
[146.701s][info][gc,marking  ] GC(301) Concurrent Preclean
[146.701s][info][gc,marking  ] GC(301) Concurrent Preclean 0.061ms
[146.701s][info][gc,start    ] GC(301) Pause Remark
[146.709s][info][gc          ] GC(301) Pause Remark 276M->276M(625M) 8.128ms
[146.709s][info][gc,cpu      ] GC(301) User=0.01s Sys=0.00s Real=0.00s
[146.709s][info][gc,marking  ] GC(301) Concurrent Mark 53.471ms
[146.709s][info][gc,marking  ] GC(301) Concurrent Rebuild Remembered Sets and Scrub Regions
[146.731s][info][gc,marking  ] GC(301) Concurrent Rebuild Remembered Sets and Scrub Regions 22.023ms
[146.732s][info][gc,start    ] GC(301) Pause Cleanup
[146.732s][info][gc          ] GC(301) Pause Cleanup 286M->286M(625M) 0.077ms
[146.732s][info][gc,cpu      ] GC(301) User=0.00s Sys=0.00s Real=0.00s
[146.734s][info][gc,marking  ] GC(301) Concurrent Clear Claimed Marks
[146.735s][info][gc,marking  ] GC(301) Concurrent Clear Claimed Marks 0.102ms
[146.735s][info][gc,marking  ] GC(301) Concurrent Cleanup for Next Mark
[146.736s][info][gc,marking  ] GC(301) Concurrent Cleanup for Next Mark 1.865ms
[146.736s][info][gc          ] GC(301) Concurrent Mark Cycle 89.298ms
[147.445s][info][gc,start    ] GC(302) Pause Young (Prepare Mixed) (G1 Evacuation Pause)
[147.445s][info][gc,task     ] GC(302) Using 2 workers of 2 for evacuation
[147.451s][info][gc,phases   ] GC(302)   Pre Evacuate Collection Set: 0.29ms
[147.451s][info][gc,phases   ] GC(302)   Merge Heap Roots: 0.14ms
[147.451s][info][gc,phases   ] GC(302)   Evacuate Collection Set: 4.48ms
[147.451s][info][gc,phases   ] GC(302)   Post Evacuate Collection Set: 0.62ms
[147.451s][info][gc,phases   ] GC(302)   Other: 0.08ms
[147.451s][info][gc,heap     ] GC(302) Eden regions: 335->0(335)
[147.451s][info][gc,heap     ] GC(302) Survivor regions: 3->3(43)
[147.451s][info][gc,heap     ] GC(302) Old regions: 45->45
[147.451s][info][gc,heap     ] GC(302) Humongous regions: 207->207
[147.451s][info][gc,metaspace] GC(302) Metaspace: 56396K(56704K)->56396K(56704K) NonClass: 50777K(51008K)->50777K(51008K) Class: 5618K(5696K)->5618K(5696K)
[147.451s][info][gc          ] GC(302) Pause Young (Prepare Mixed) (G1 Evacuation Pause) 589M->254M(625M) 5.788ms
[147.451s][info][gc,cpu      ] GC(302) User=0.01s Sys=0.00s Real=0.01s
[148.256s][info][gc,start    ] GC(303) Pause Young (Mixed) (G1 Evacuation Pause)
[148.256s][info][gc,task     ] GC(303) Using 2 workers of 2 for evacuation
[148.263s][info][gc,phases   ] GC(303)   Pre Evacuate Collection Set: 0.28ms
[148.263s][info][gc,phases   ] GC(303)   Merge Heap Roots: 0.12ms
[148.263s][info][gc,phases   ] GC(303)   Evacuate Collection Set: 5.80ms
[148.263s][info][gc,phases   ] GC(303)   Post Evacuate Collection Set: 0.65ms
[148.263s][info][gc,phases   ] GC(303)   Other: 0.08ms
[148.263s][info][gc,heap     ] GC(303) Eden regions: 335->0(335)
[148.263s][info][gc,heap     ] GC(303) Survivor regions: 3->3(43)
[148.263s][info][gc,heap     ] GC(303) Old regions: 45->45
[148.263s][info][gc,heap     ] GC(303) Humongous regions: 207->207
[148.263s][info][gc,metaspace] GC(303) Metaspace: 56396K(56704K)->56396K(56704K) NonClass: 50777K(51008K)->50777K(51008K) Class: 5618K(5696K)->5618K(5696K)
[148.263s][info][gc          ] GC(303) Pause Young (Mixed) (G1 Evacuation Pause) 589M->254M(625M) 7.112ms
[148.263s][info][gc,cpu      ] GC(303) User=0.01s Sys=0.00s Real=0.01s
[149.061s][info][gc,start    ] GC(304) Pause Young (Concurrent Start) (G1 Evacuation Pause)
[149.061s][info][gc,task     ] GC(304) Using 2 workers of 2 for evacuation
[149.066s][info][gc,phases   ] GC(304)   Pre Evacuate Collection Set: 0.28ms
[149.066s][info][gc,phases   ] GC(304)   Merge Heap Roots: 0.12ms
[149.066s][info][gc,phases   ] GC(304)   Evacuate Collection Set: 3.92ms
[149.066s][info][gc,phases   ] GC(304)   Post Evacuate Collection Set: 0.63ms
[149.066s][info][gc,phases   ] GC(304)   Other: 0.10ms
[149.066s][info][gc,heap     ] GC(304) Eden regions: 335->0(337)
[149.066s][info][gc,heap     ] GC(304) Survivor regions: 3->2(43)
[149.066s][info][gc,heap     ] GC(304) Old regions: 45->45
[149.066s][info][gc,heap     ] GC(304) Humongous regions: 207->207
[149.066s][info][gc,metaspace] GC(304) Metaspace: 56396K(56704K)->56396K(56704K) NonClass: 50777K(51008K)->50777K(51008K) Class: 5618K(5696K)->5618K(5696K)
[149.066s][info][gc          ] GC(304) Pause Young (Concurrent Start) (G1 Evacuation Pause) 589M->253M(625M) 5.209ms
[149.066s][info][gc,cpu      ] GC(304) User=0.01s Sys=0.00s Real=0.00s
[149.066s][info][gc          ] GC(305) Concurrent Mark Cycle
[149.066s][info][gc,marking  ] GC(305) Concurrent Scan Root Regions
[149.071s][info][gc,marking  ] GC(305) Concurrent Scan Root Regions 4.350ms
[149.071s][info][gc,marking  ] GC(305) Concurrent Mark
[149.071s][info][gc,marking  ] GC(305) Concurrent Mark From Roots
[149.071s][info][gc,task     ] GC(305) Using 1 workers of 1 for marking
[149.114s][info][gc,marking  ] GC(305) Concurrent Mark From Roots 43.682ms
[149.114s][info][gc,marking  ] GC(305) Concurrent Preclean
[149.115s][info][gc,marking  ] GC(305) Concurrent Preclean 0.061ms
[149.115s][info][gc,start    ] GC(305) Pause Remark
[149.123s][info][gc          ] GC(305) Pause Remark 262M->262M(625M) 8.225ms
[149.123s][info][gc,cpu      ] GC(305) User=0.02s Sys=0.00s Real=0.01s
[149.124s][info][gc,marking  ] GC(305) Concurrent Mark 53.686ms
[149.124s][info][gc,marking  ] GC(305) Concurrent Rebuild Remembered Sets and Scrub Regions
[149.153s][info][gc,marking  ] GC(305) Concurrent Rebuild Remembered Sets and Scrub Regions 28.407ms
[149.155s][info][gc,start    ] GC(305) Pause Cleanup
[149.155s][info][gc          ] GC(305) Pause Cleanup 286M->286M(625M) 0.083ms
[149.155s][info][gc,cpu      ] GC(305) User=0.00s Sys=0.00s Real=0.00s
[149.155s][info][gc,marking  ] GC(305) Concurrent Clear Claimed Marks
[149.155s][info][gc,marking  ] GC(305) Concurrent Clear Claimed Marks 0.111ms
[149.155s][info][gc,marking  ] GC(305) Concurrent Cleanup for Next Mark
[149.158s][info][gc,marking  ] GC(305) Concurrent Cleanup for Next Mark 3.365ms
[149.158s][info][gc          ] GC(305) Concurrent Mark Cycle 92.126ms
[149.868s][info][gc,start    ] GC(306) Pause Young (Prepare Mixed) (G1 Evacuation Pause)
[149.868s][info][gc,task     ] GC(306) Using 2 workers of 2 for evacuation
[149.871s][info][gc,phases   ] GC(306)   Pre Evacuate Collection Set: 0.27ms
[149.871s][info][gc,phases   ] GC(306)   Merge Heap Roots: 0.12ms
[149.871s][info][gc,phases   ] GC(306)   Evacuate Collection Set: 2.19ms
[149.871s][info][gc,phases   ] GC(306)   Post Evacuate Collection Set: 0.62ms
[149.871s][info][gc,phases   ] GC(306)   Other: 0.09ms
[149.871s][info][gc,heap     ] GC(306) Eden regions: 337->0(339)
[149.871s][info][gc,heap     ] GC(306) Survivor regions: 2->1(43)
[149.871s][info][gc,heap     ] GC(306) Old regions: 45->45
[149.871s][info][gc,heap     ] GC(306) Humongous regions: 207->207
[149.871s][info][gc,metaspace] GC(306) Metaspace: 56396K(56704K)->56396K(56704K) NonClass: 50777K(51008K)->50777K(51008K) Class: 5618K(5696K)->5618K(5696K)
[149.871s][info][gc          ] GC(306) Pause Young (Prepare Mixed) (G1 Evacuation Pause) 590M->252M(625M) 3.459ms
[149.871s][info][gc,cpu      ] GC(306) User=0.01s Sys=0.00s Real=0.01s
[150.764s][info][gc,start    ] GC(307) Pause Young (Mixed) (G1 Evacuation Pause)
[150.764s][info][gc,task     ] GC(307) Using 2 workers of 2 for evacuation
[150.770s][info][gc,phases   ] GC(307)   Pre Evacuate Collection Set: 0.27ms
[150.770s][info][gc,phases   ] GC(307)   Merge Heap Roots: 0.13ms
[150.770s][info][gc,phases   ] GC(307)   Evacuate Collection Set: 5.08ms
[150.770s][info][gc,phases   ] GC(307)   Post Evacuate Collection Set: 0.72ms
[150.770s][info][gc,phases   ] GC(307)   Other: 0.08ms
[150.770s][info][gc,heap     ] GC(307) Eden regions: 339->0(337)
[150.770s][info][gc,heap     ] GC(307) Survivor regions: 1->2(43)
[150.770s][info][gc,heap     ] GC(307) Old regions: 45->45
[150.770s][info][gc,heap     ] GC(307) Humongous regions: 207->207
[150.770s][info][gc,metaspace] GC(307) Metaspace: 56396K(56704K)->56396K(56704K) NonClass: 50777K(51008K)->50777K(51008K) Class: 5618K(5696K)->5618K(5696K)
[150.771s][info][gc          ] GC(307) Pause Young (Mixed) (G1 Evacuation Pause) 591M->253M(625M) 6.521ms
[150.771s][info][gc,cpu      ] GC(307) User=0.02s Sys=0.00s Real=0.01s
[151.531s][info][gc,start    ] GC(308) Pause Young (Concurrent Start) (G1 Evacuation Pause)
[151.532s][info][gc,task     ] GC(308) Using 2 workers of 2 for evacuation
[151.537s][info][gc,phases   ] GC(308)   Pre Evacuate Collection Set: 0.30ms
[151.537s][info][gc,phases   ] GC(308)   Merge Heap Roots: 0.11ms
[151.537s][info][gc,phases   ] GC(308)   Evacuate Collection Set: 3.92ms
[151.537s][info][gc,phases   ] GC(308)   Post Evacuate Collection Set: 0.61ms
[151.537s][info][gc,phases   ] GC(308)   Other: 0.10ms
[151.537s][info][gc,heap     ] GC(308) Eden regions: 337->0(337)
[151.537s][info][gc,heap     ] GC(308) Survivor regions: 2->2(43)
[151.537s][info][gc,heap     ] GC(308) Old regions: 45->45
[151.537s][info][gc,heap     ] GC(308) Humongous regions: 207->207
[151.537s][info][gc,metaspace] GC(308) Metaspace: 56396K(56704K)->56396K(56704K) NonClass: 50777K(51008K)->50777K(51008K) Class: 5618K(5696K)->5618K(5696K)
[151.537s][info][gc          ] GC(308) Pause Young (Concurrent Start) (G1 Evacuation Pause) 590M->253M(625M) 5.228ms
[151.537s][info][gc          ] GC(309) Concurrent Mark Cycle
[151.537s][info][gc,marking  ] GC(309) Concurrent Scan Root Regions
[151.537s][info][gc,cpu      ] GC(308) User=0.01s Sys=0.00s Real=0.00s
[151.541s][info][gc,marking  ] GC(309) Concurrent Scan Root Regions 3.872ms
[151.541s][info][gc,marking  ] GC(309) Concurrent Mark
[151.541s][info][gc,marking  ] GC(309) Concurrent Mark From Roots
[151.541s][info][gc,task     ] GC(309) Using 1 workers of 1 for marking
[151.598s][info][gc,marking  ] GC(309) Concurrent Mark From Roots 57.248ms
[151.598s][info][gc,marking  ] GC(309) Concurrent Preclean
[151.598s][info][gc,marking  ] GC(309) Concurrent Preclean 0.062ms
[151.598s][info][gc,start    ] GC(309) Pause Remark
[151.606s][info][gc          ] GC(309) Pause Remark 282M->282M(625M) 8.209ms
[151.606s][info][gc,cpu      ] GC(309) User=0.02s Sys=0.01s Real=0.01s
[151.606s][info][gc,marking  ] GC(309) Concurrent Mark 65.826ms
[151.607s][info][gc,marking  ] GC(309) Concurrent Rebuild Remembered Sets and Scrub Regions
[151.622s][info][gc,marking  ] GC(309) Concurrent Rebuild Remembered Sets and Scrub Regions 15.967ms
[151.623s][info][gc,start    ] GC(309) Pause Cleanup
[151.623s][info][gc          ] GC(309) Pause Cleanup 284M->284M(625M) 0.060ms
[151.623s][info][gc,cpu      ] GC(309) User=0.00s Sys=0.00s Real=0.00s
[151.623s][info][gc,marking  ] GC(309) Concurrent Clear Claimed Marks
[151.623s][info][gc,marking  ] GC(309) Concurrent Clear Claimed Marks 0.083ms
[151.623s][info][gc,marking  ] GC(309) Concurrent Cleanup for Next Mark
[151.625s][info][gc,marking  ] GC(309) Concurrent Cleanup for Next Mark 1.802ms
[151.625s][info][gc          ] GC(309) Concurrent Mark Cycle 87.972ms
[152.442s][info][gc,start    ] GC(310) Pause Young (Prepare Mixed) (G1 Evacuation Pause)
[152.442s][info][gc,task     ] GC(310) Using 2 workers of 2 for evacuation
[152.448s][info][gc,phases   ] GC(310)   Pre Evacuate Collection Set: 0.27ms
[152.448s][info][gc,phases   ] GC(310)   Merge Heap Roots: 0.12ms
[152.448s][info][gc,phases   ] GC(310)   Evacuate Collection Set: 5.17ms
[152.448s][info][gc,phases   ] GC(310)   Post Evacuate Collection Set: 0.65ms
[152.448s][info][gc,phases   ] GC(310)   Other: 0.08ms
[152.448s][info][gc,heap     ] GC(310) Eden regions: 337->0(333)
[152.448s][info][gc,heap     ] GC(310) Survivor regions: 2->4(43)
[152.448s][info][gc,heap     ] GC(310) Old regions: 45->45
[152.448s][info][gc,heap     ] GC(310) Humongous regions: 207->207
[152.448s][info][gc,metaspace] GC(310) Metaspace: 56396K(56704K)->56396K(56704K) NonClass: 50777K(51008K)->50777K(51008K) Class: 5618K(5696K)->5618K(5696K)
[152.448s][info][gc          ] GC(310) Pause Young (Prepare Mixed) (G1 Evacuation Pause) 590M->255M(625M) 6.491ms
[152.448s][info][gc,cpu      ] GC(310) User=0.01s Sys=0.00s Real=0.00s
[153.251s][info][gc,start    ] GC(311) Pause Young (Mixed) (G1 Evacuation Pause)
[153.251s][info][gc,task     ] GC(311) Using 2 workers of 2 for evacuation
[153.258s][info][gc,phases   ] GC(311)   Pre Evacuate Collection Set: 0.26ms
[153.258s][info][gc,phases   ] GC(311)   Merge Heap Roots: 0.13ms
[153.258s][info][gc,phases   ] GC(311)   Evacuate Collection Set: 5.96ms
[153.258s][info][gc,phases   ] GC(311)   Post Evacuate Collection Set: 0.64ms
[153.258s][info][gc,phases   ] GC(311)   Other: 0.11ms
[153.258s][info][gc,heap     ] GC(311) Eden regions: 333->0(335)
[153.258s][info][gc,heap     ] GC(311) Survivor regions: 4->3(43)
[153.259s][info][gc,heap     ] GC(311) Old regions: 45->45
[153.259s][info][gc,heap     ] GC(311) Humongous regions: 207->207
[153.259s][info][gc,metaspace] GC(311) Metaspace: 56396K(56704K)->56396K(56704K) NonClass: 50777K(51008K)->50777K(51008K) Class: 5618K(5696K)->5618K(5696K)
[153.259s][info][gc          ] GC(311) Pause Young (Mixed) (G1 Evacuation Pause) 588M->254M(625M) 7.277ms
[153.259s][info][gc,cpu      ] GC(311) User=0.01s Sys=0.00s Real=0.00s
[154.065s][info][gc,start    ] GC(312) Pause Young (Concurrent Start) (G1 Evacuation Pause)
[154.065s][info][gc,task     ] GC(312) Using 2 workers of 2 for evacuation
[154.068s][info][gc,phases   ] GC(312)   Pre Evacuate Collection Set: 0.28ms
[154.068s][info][gc,phases   ] GC(312)   Merge Heap Roots: 0.13ms
[154.068s][info][gc,phases   ] GC(312)   Evacuate Collection Set: 2.28ms
[154.068s][info][gc,phases   ] GC(312)   Post Evacuate Collection Set: 0.60ms
[154.068s][info][gc,phases   ] GC(312)   Other: 0.10ms
[154.068s][info][gc,heap     ] GC(312) Eden regions: 335->0(339)
[154.069s][info][gc,heap     ] GC(312) Survivor regions: 3->1(43)
[154.069s][info][gc,heap     ] GC(312) Old regions: 45->45
[154.069s][info][gc,heap     ] GC(312) Humongous regions: 207->207
[154.069s][info][gc,metaspace] GC(312) Metaspace: 56401K(56704K)->56401K(56704K) NonClass: 50782K(51008K)->50782K(51008K) Class: 5618K(5696K)->5618K(5696K)
[154.069s][info][gc          ] GC(312) Pause Young (Concurrent Start) (G1 Evacuation Pause) 589M->252M(625M) 3.553ms
[154.069s][info][gc,cpu      ] GC(312) User=0.01s Sys=0.00s Real=0.00s
[154.069s][info][gc          ] GC(313) Concurrent Mark Cycle
[154.069s][info][gc,marking  ] GC(313) Concurrent Scan Root Regions
[154.071s][info][gc,marking  ] GC(313) Concurrent Scan Root Regions 1.802ms
[154.071s][info][gc,marking  ] GC(313) Concurrent Mark
[154.071s][info][gc,marking  ] GC(313) Concurrent Mark From Roots
[154.071s][info][gc,task     ] GC(313) Using 1 workers of 1 for marking
[154.109s][info][gc,marking  ] GC(313) Concurrent Mark From Roots 37.917ms
[154.109s][info][gc,marking  ] GC(313) Concurrent Preclean
[154.109s][info][gc,marking  ] GC(313) Concurrent Preclean 0.054ms
[154.109s][info][gc,start    ] GC(313) Pause Remark
[154.117s][info][gc          ] GC(313) Pause Remark 254M->254M(625M) 8.131ms
[154.117s][info][gc,cpu      ] GC(313) User=0.02s Sys=0.00s Real=0.01s
[154.117s][info][gc,marking  ] GC(313) Concurrent Mark 46.564ms
[154.117s][info][gc,marking  ] GC(313) Concurrent Rebuild Remembered Sets and Scrub Regions
[154.143s][info][gc,marking  ] GC(313) Concurrent Rebuild Remembered Sets and Scrub Regions 25.906ms
[154.144s][info][gc,start    ] GC(313) Pause Cleanup
[154.144s][info][gc          ] GC(313) Pause Cleanup 273M->273M(625M) 0.086ms
[154.144s][info][gc,cpu      ] GC(313) User=0.00s Sys=0.00s Real=0.00s
[154.144s][info][gc,marking  ] GC(313) Concurrent Clear Claimed Marks
[154.144s][info][gc,marking  ] GC(313) Concurrent Clear Claimed Marks 0.104ms
[154.144s][info][gc,marking  ] GC(313) Concurrent Cleanup for Next Mark
[154.148s][info][gc,marking  ] GC(313) Concurrent Cleanup for Next Mark 3.817ms
[154.148s][info][gc          ] GC(313) Concurrent Mark Cycle 79.086ms
[154.927s][info][gc,start    ] GC(314) Pause Young (Prepare Mixed) (G1 Evacuation Pause)
[154.927s][info][gc,task     ] GC(314) Using 2 workers of 2 for evacuation
[154.932s][info][gc,phases   ] GC(314)   Pre Evacuate Collection Set: 0.27ms
[154.932s][info][gc,phases   ] GC(314)   Merge Heap Roots: 0.13ms
[154.932s][info][gc,phases   ] GC(314)   Evacuate Collection Set: 2.95ms
[154.932s][info][gc,phases   ] GC(314)   Post Evacuate Collection Set: 0.61ms
[154.932s][info][gc,phases   ] GC(314)   Other: 0.08ms
[154.932s][info][gc,heap     ] GC(314) Eden regions: 339->0(336)
[154.932s][info][gc,heap     ] GC(314) Survivor regions: 1->2(43)
[154.932s][info][gc,heap     ] GC(314) Old regions: 45->46
[154.932s][info][gc,heap     ] GC(314) Humongous regions: 207->207
[154.932s][info][gc,metaspace] GC(314) Metaspace: 56401K(56704K)->56401K(56704K) NonClass: 50783K(51008K)->50783K(51008K) Class: 5618K(5696K)->5618K(5696K)
[154.932s][info][gc          ] GC(314) Pause Young (Prepare Mixed) (G1 Evacuation Pause) 591M->253M(625M) 4.223ms
[154.932s][info][gc,cpu      ] GC(314) User=0.01s Sys=0.00s Real=0.01s
[155.734s][info][gc,start    ] GC(315) Pause Young (Mixed) (G1 Evacuation Pause)
[155.734s][info][gc,task     ] GC(315) Using 2 workers of 2 for evacuation
[155.746s][info][gc,phases   ] GC(315)   Pre Evacuate Collection Set: 0.27ms
[155.746s][info][gc,phases   ] GC(315)   Merge Heap Roots: 0.13ms
[155.746s][info][gc,phases   ] GC(315)   Evacuate Collection Set: 10.30ms
[155.746s][info][gc,phases   ] GC(315)   Post Evacuate Collection Set: 1.01ms
[155.746s][info][gc,phases   ] GC(315)   Other: 0.09ms
[155.746s][info][gc,heap     ] GC(315) Eden regions: 336->0(337)
[155.746s][info][gc,heap     ] GC(315) Survivor regions: 2->2(43)
[155.746s][info][gc,heap     ] GC(315) Old regions: 46->45
[155.746s][info][gc,heap     ] GC(315) Humongous regions: 207->207
[155.746s][info][gc,metaspace] GC(315) Metaspace: 56401K(56704K)->56401K(56704K) NonClass: 50783K(51008K)->50783K(51008K) Class: 5618K(5696K)->5618K(5696K)
[155.746s][info][gc          ] GC(315) Pause Young (Mixed) (G1 Evacuation Pause) 589M->253M(625M) 11.992ms
[155.746s][info][gc,cpu      ] GC(315) User=0.01s Sys=0.00s Real=0.01s
[156.543s][info][gc,start    ] GC(316) Pause Young (Concurrent Start) (G1 Evacuation Pause)
[156.543s][info][gc,task     ] GC(316) Using 2 workers of 2 for evacuation
[156.549s][info][gc,phases   ] GC(316)   Pre Evacuate Collection Set: 0.30ms
[156.549s][info][gc,phases   ] GC(316)   Merge Heap Roots: 0.11ms
[156.549s][info][gc,phases   ] GC(316)   Evacuate Collection Set: 4.80ms
[156.549s][info][gc,phases   ] GC(316)   Post Evacuate Collection Set: 0.64ms
[156.549s][info][gc,phases   ] GC(316)   Other: 0.10ms
[156.549s][info][gc,heap     ] GC(316) Eden regions: 337->0(335)
[156.549s][info][gc,heap     ] GC(316) Survivor regions: 2->3(43)
[156.549s][info][gc,heap     ] GC(316) Old regions: 45->45
[156.549s][info][gc,heap     ] GC(316) Humongous regions: 207->207
[156.549s][info][gc,metaspace] GC(316) Metaspace: 56402K(56704K)->56402K(56704K) NonClass: 50784K(51008K)->50784K(51008K) Class: 5618K(5696K)->5618K(5696K)
[156.549s][info][gc          ] GC(316) Pause Young (Concurrent Start) (G1 Evacuation Pause) 590M->254M(625M) 6.143ms
[156.549s][info][gc          ] GC(317) Concurrent Mark Cycle
[156.549s][info][gc,marking  ] GC(317) Concurrent Scan Root Regions
[156.551s][info][gc,cpu      ] GC(316) User=0.02s Sys=0.00s Real=0.01s
[156.555s][info][gc,marking  ] GC(317) Concurrent Scan Root Regions 6.218ms
[156.555s][info][gc,marking  ] GC(317) Concurrent Mark
[156.555s][info][gc,marking  ] GC(317) Concurrent Mark From Roots
[156.555s][info][gc,task     ] GC(317) Using 1 workers of 1 for marking
[156.603s][info][gc,marking  ] GC(317) Concurrent Mark From Roots 47.618ms
[156.603s][info][gc,marking  ] GC(317) Concurrent Preclean
[156.603s][info][gc,marking  ] GC(317) Concurrent Preclean 0.058ms
[156.603s][info][gc,start    ] GC(317) Pause Remark
[156.611s][info][gc          ] GC(317) Pause Remark 273M->273M(625M) 8.247ms
[156.611s][info][gc,cpu      ] GC(317) User=0.02s Sys=0.00s Real=0.01s
[156.612s][info][gc,marking  ] GC(317) Concurrent Mark 56.411ms
[156.612s][info][gc,marking  ] GC(317) Concurrent Rebuild Remembered Sets and Scrub Regions
[156.633s][info][gc,marking  ] GC(317) Concurrent Rebuild Remembered Sets and Scrub Regions 21.393ms
[156.633s][info][gc,start    ] GC(317) Pause Cleanup
[156.633s][info][gc          ] GC(317) Pause Cleanup 285M->285M(625M) 0.060ms
[156.633s][info][gc,cpu      ] GC(317) User=0.00s Sys=0.00s Real=0.00s
[156.633s][info][gc,marking  ] GC(317) Concurrent Clear Claimed Marks
[156.634s][info][gc,marking  ] GC(317) Concurrent Clear Claimed Marks 0.089ms
[156.634s][info][gc,marking  ] GC(317) Concurrent Cleanup for Next Mark
[156.636s][info][gc,marking  ] GC(317) Concurrent Cleanup for Next Mark 2.585ms
[156.636s][info][gc          ] GC(317) Concurrent Mark Cycle 87.137ms
[157.360s][info][gc,start    ] GC(318) Pause Young (Prepare Mixed) (G1 Evacuation Pause)
[157.360s][info][gc,task     ] GC(318) Using 2 workers of 2 for evacuation
[157.365s][info][gc,phases   ] GC(318)   Pre Evacuate Collection Set: 0.26ms
[157.365s][info][gc,phases   ] GC(318)   Merge Heap Roots: 0.12ms
[157.365s][info][gc,phases   ] GC(318)   Evacuate Collection Set: 3.86ms
[157.365s][info][gc,phases   ] GC(318)   Post Evacuate Collection Set: 0.63ms
[157.365s][info][gc,phases   ] GC(318)   Other: 0.08ms
[157.365s][info][gc,heap     ] GC(318) Eden regions: 335->0(334)
[157.365s][info][gc,heap     ] GC(318) Survivor regions: 3->3(43)
[157.365s][info][gc,heap     ] GC(318) Old regions: 45->46
[157.365s][info][gc,heap     ] GC(318) Humongous regions: 207->207
[157.365s][info][gc,metaspace] GC(318) Metaspace: 56402K(56704K)->56402K(56704K) NonClass: 50784K(51008K)->50784K(51008K) Class: 5618K(5696K)->5618K(5696K)
[157.365s][info][gc          ] GC(318) Pause Young (Prepare Mixed) (G1 Evacuation Pause) 589M->254M(625M) 5.112ms
[157.365s][info][gc,cpu      ] GC(318) User=0.01s Sys=0.00s Real=0.01s
[158.226s][info][gc,start    ] GC(319) Pause Young (Mixed) (G1 Evacuation Pause)
[158.226s][info][gc,task     ] GC(319) Using 2 workers of 2 for evacuation
[158.243s][info][gc,phases   ] GC(319)   Pre Evacuate Collection Set: 0.39ms
[158.244s][info][gc,phases   ] GC(319)   Merge Heap Roots: 0.16ms
[158.244s][info][gc,phases   ] GC(319)   Evacuate Collection Set: 15.28ms
[158.244s][info][gc,phases   ] GC(319)   Post Evacuate Collection Set: 1.14ms
[158.244s][info][gc,phases   ] GC(319)   Other: 0.11ms
[158.244s][info][gc,heap     ] GC(319) Eden regions: 334->0(339)
[158.244s][info][gc,heap     ] GC(319) Survivor regions: 3->1(43)
[158.244s][info][gc,heap     ] GC(319) Old regions: 46->45
[158.244s][info][gc,heap     ] GC(319) Humongous regions: 207->207
[158.244s][info][gc,metaspace] GC(319) Metaspace: 56402K(56704K)->56402K(56704K) NonClass: 50784K(51008K)->50784K(51008K) Class: 5618K(5696K)->5618K(5696K)
[158.244s][info][gc          ] GC(319) Pause Young (Mixed) (G1 Evacuation Pause) 588M->252M(625M) 18.670ms
[158.244s][info][gc,cpu      ] GC(319) User=0.01s Sys=0.00s Real=0.02s
[159.032s][info][gc,start    ] GC(320) Pause Young (Concurrent Start) (G1 Evacuation Pause)
[159.032s][info][gc,task     ] GC(320) Using 2 workers of 2 for evacuation
[159.037s][info][gc,phases   ] GC(320)   Pre Evacuate Collection Set: 0.30ms
[159.037s][info][gc,phases   ] GC(320)   Merge Heap Roots: 0.10ms
[159.037s][info][gc,phases   ] GC(320)   Evacuate Collection Set: 4.27ms
[159.037s][info][gc,phases   ] GC(320)   Post Evacuate Collection Set: 0.61ms
[159.037s][info][gc,phases   ] GC(320)   Other: 0.12ms
[159.037s][info][gc,heap     ] GC(320) Eden regions: 339->0(335)
[159.037s][info][gc,heap     ] GC(320) Survivor regions: 1->3(43)
[159.037s][info][gc,heap     ] GC(320) Old regions: 45->45
[159.037s][info][gc,heap     ] GC(320) Humongous regions: 207->207
[159.037s][info][gc,metaspace] GC(320) Metaspace: 56402K(56704K)->56402K(56704K) NonClass: 50784K(51008K)->50784K(51008K) Class: 5618K(5696K)->5618K(5696K)
[159.037s][info][gc          ] GC(320) Pause Young (Concurrent Start) (G1 Evacuation Pause) 591M->254M(625M) 5.619ms
[159.037s][info][gc          ] GC(321) Concurrent Mark Cycle
[159.037s][info][gc,marking  ] GC(321) Concurrent Scan Root Regions
[159.037s][info][gc,cpu      ] GC(320) User=0.01s Sys=0.00s Real=0.00s
[159.047s][info][gc,marking  ] GC(321) Concurrent Scan Root Regions 9.408ms
[159.047s][info][gc,marking  ] GC(321) Concurrent Mark
[159.047s][info][gc,marking  ] GC(321) Concurrent Mark From Roots
[159.047s][info][gc,task     ] GC(321) Using 1 workers of 1 for marking
[159.090s][info][gc,marking  ] GC(321) Concurrent Mark From Roots 43.496ms
[159.090s][info][gc,marking  ] GC(321) Concurrent Preclean
[159.091s][info][gc,marking  ] GC(321) Concurrent Preclean 0.060ms
[159.091s][info][gc,start    ] GC(321) Pause Remark
[159.099s][info][gc          ] GC(321) Pause Remark 280M->280M(625M) 8.256ms
[159.099s][info][gc,cpu      ] GC(321) User=0.02s Sys=0.00s Real=0.00s
[159.099s][info][gc,marking  ] GC(321) Concurrent Mark 52.096ms
[159.099s][info][gc,marking  ] GC(321) Concurrent Rebuild Remembered Sets and Scrub Regions
[159.115s][info][gc,marking  ] GC(321) Concurrent Rebuild Remembered Sets and Scrub Regions 15.605ms
[159.115s][info][gc,start    ] GC(321) Pause Cleanup
[159.115s][info][gc          ] GC(321) Pause Cleanup 280M->280M(625M) 0.064ms
[159.115s][info][gc,cpu      ] GC(321) User=0.00s Sys=0.00s Real=0.00s
[159.115s][info][gc,marking  ] GC(321) Concurrent Clear Claimed Marks
[159.115s][info][gc,marking  ] GC(321) Concurrent Clear Claimed Marks 0.085ms
[159.115s][info][gc,marking  ] GC(321) Concurrent Cleanup for Next Mark
[159.117s][info][gc,marking  ] GC(321) Concurrent Cleanup for Next Mark 1.884ms
[159.117s][info][gc          ] GC(321) Concurrent Mark Cycle 79.434ms
[159.843s][info][gc,start    ] GC(322) Pause Young (Prepare Mixed) (G1 Evacuation Pause)
[159.843s][info][gc,task     ] GC(322) Using 2 workers of 2 for evacuation
[159.849s][info][gc,phases   ] GC(322)   Pre Evacuate Collection Set: 0.28ms
[159.849s][info][gc,phases   ] GC(322)   Merge Heap Roots: 0.13ms
[159.849s][info][gc,phases   ] GC(322)   Evacuate Collection Set: 4.58ms
[159.849s][info][gc,phases   ] GC(322)   Post Evacuate Collection Set: 0.61ms
[159.849s][info][gc,phases   ] GC(322)   Other: 0.08ms
[159.849s][info][gc,heap     ] GC(322) Eden regions: 335->0(332)
[159.849s][info][gc,heap     ] GC(322) Survivor regions: 3->4(43)
[159.849s][info][gc,heap     ] GC(322) Old regions: 45->46
[159.849s][info][gc,heap     ] GC(322) Humongous regions: 207->207
[159.849s][info][gc,metaspace] GC(322) Metaspace: 56402K(56704K)->56402K(56704K) NonClass: 50784K(51008K)->50784K(51008K) Class: 5618K(5696K)->5618K(5696K)
[159.849s][info][gc          ] GC(322) Pause Young (Prepare Mixed) (G1 Evacuation Pause) 589M->255M(625M) 5.880ms
[159.849s][info][gc,cpu      ] GC(322) User=0.01s Sys=0.00s Real=0.00s
[160.648s][info][gc,start    ] GC(323) Pause Young (Mixed) (G1 Evacuation Pause)
[160.648s][info][gc,task     ] GC(323) Using 2 workers of 2 for evacuation
[160.656s][info][gc,phases   ] GC(323)   Pre Evacuate Collection Set: 0.27ms
[160.656s][info][gc,phases   ] GC(323)   Merge Heap Roots: 0.13ms
[160.656s][info][gc,phases   ] GC(323)   Evacuate Collection Set: 6.96ms
[160.656s][info][gc,phases   ] GC(323)   Post Evacuate Collection Set: 0.65ms
[160.656s][info][gc,phases   ] GC(323)   Other: 0.07ms
[160.656s][info][gc,heap     ] GC(323) Eden regions: 332->0(333)
[160.656s][info][gc,heap     ] GC(323) Survivor regions: 4->4(42)
[160.656s][info][gc,heap     ] GC(323) Old regions: 46->45
[160.656s][info][gc,heap     ] GC(323) Humongous regions: 207->207
[160.656s][info][gc,metaspace] GC(323) Metaspace: 56402K(56704K)->56402K(56704K) NonClass: 50784K(51008K)->50784K(51008K) Class: 5618K(5696K)->5618K(5696K)
[160.656s][info][gc          ] GC(323) Pause Young (Mixed) (G1 Evacuation Pause) 587M->255M(625M) 8.255ms
[160.656s][info][gc,cpu      ] GC(323) User=0.01s Sys=0.00s Real=0.01s
[161.453s][info][gc,start    ] GC(324) Pause Young (Concurrent Start) (G1 Evacuation Pause)
[161.453s][info][gc,task     ] GC(324) Using 2 workers of 2 for evacuation
[161.459s][info][gc,phases   ] GC(324)   Pre Evacuate Collection Set: 0.33ms
[161.459s][info][gc,phases   ] GC(324)   Merge Heap Roots: 0.11ms
[161.459s][info][gc,phases   ] GC(324)   Evacuate Collection Set: 4.23ms
[161.459s][info][gc,phases   ] GC(324)   Post Evacuate Collection Set: 0.62ms
[161.459s][info][gc,phases   ] GC(324)   Other: 0.10ms
[161.459s][info][gc,heap     ] GC(324) Eden regions: 333->0(335)
[161.459s][info][gc,heap     ] GC(324) Survivor regions: 4->3(43)
[161.459s][info][gc,heap     ] GC(324) Old regions: 45->45
[161.459s][info][gc,heap     ] GC(324) Humongous regions: 207->207
[161.459s][info][gc,metaspace] GC(324) Metaspace: 56402K(56704K)->56402K(56704K) NonClass: 50784K(51008K)->50784K(51008K) Class: 5618K(5696K)->5618K(5696K)
[161.459s][info][gc          ] GC(324) Pause Young (Concurrent Start) (G1 Evacuation Pause) 588M->254M(625M) 5.579ms
[161.459s][info][gc,cpu      ] GC(324) User=0.01s Sys=0.00s Real=0.00s
[161.459s][info][gc          ] GC(325) Concurrent Mark Cycle
[161.459s][info][gc,marking  ] GC(325) Concurrent Scan Root Regions
[161.464s][info][gc,marking  ] GC(325) Concurrent Scan Root Regions 5.279ms
[161.464s][info][gc,marking  ] GC(325) Concurrent Mark
[161.464s][info][gc,marking  ] GC(325) Concurrent Mark From Roots
[161.464s][info][gc,task     ] GC(325) Using 1 workers of 1 for marking
[161.508s][info][gc,marking  ] GC(325) Concurrent Mark From Roots 43.841ms
[161.508s][info][gc,marking  ] GC(325) Concurrent Preclean
[161.508s][info][gc,marking  ] GC(325) Concurrent Preclean 0.057ms
[161.509s][info][gc,start    ] GC(325) Pause Remark
[161.517s][info][gc          ] GC(325) Pause Remark 264M->264M(625M) 8.261ms
[161.517s][info][gc,cpu      ] GC(325) User=0.01s Sys=0.00s Real=0.01s
[161.517s][info][gc,marking  ] GC(325) Concurrent Mark 52.695ms
[161.517s][info][gc,marking  ] GC(325) Concurrent Rebuild Remembered Sets and Scrub Regions
[161.541s][info][gc,marking  ] GC(325) Concurrent Rebuild Remembered Sets and Scrub Regions 23.803ms
[161.552s][info][gc,start    ] GC(325) Pause Cleanup
[161.552s][info][gc          ] GC(325) Pause Cleanup 270M->270M(625M) 0.083ms
[161.552s][info][gc,cpu      ] GC(325) User=0.00s Sys=0.00s Real=0.00s
[161.552s][info][gc,marking  ] GC(325) Concurrent Clear Claimed Marks
[161.553s][info][gc,marking  ] GC(325) Concurrent Clear Claimed Marks 0.104ms
[161.553s][info][gc,marking  ] GC(325) Concurrent Cleanup for Next Mark
[161.557s][info][gc,marking  ] GC(325) Concurrent Cleanup for Next Mark 4.288ms
[161.557s][info][gc          ] GC(325) Concurrent Mark Cycle 98.093ms
[162.265s][info][gc,start    ] GC(326) Pause Young (Prepare Mixed) (G1 Evacuation Pause)
[162.265s][info][gc,task     ] GC(326) Using 2 workers of 2 for evacuation
[162.269s][info][gc,phases   ] GC(326)   Pre Evacuate Collection Set: 0.29ms
[162.269s][info][gc,phases   ] GC(326)   Merge Heap Roots: 0.12ms
[162.269s][info][gc,phases   ] GC(326)   Evacuate Collection Set: 2.64ms
[162.269s][info][gc,phases   ] GC(326)   Post Evacuate Collection Set: 0.64ms
[162.269s][info][gc,phases   ] GC(326)   Other: 0.08ms
[162.269s][info][gc,heap     ] GC(326) Eden regions: 335->0(338)
[162.269s][info][gc,heap     ] GC(326) Survivor regions: 3->1(43)
[162.269s][info][gc,heap     ] GC(326) Old regions: 45->46
[162.269s][info][gc,heap     ] GC(326) Humongous regions: 207->207
[162.269s][info][gc,metaspace] GC(326) Metaspace: 56402K(56704K)->56402K(56704K) NonClass: 50784K(51008K)->50784K(51008K) Class: 5618K(5696K)->5618K(5696K)
[162.269s][info][gc          ] GC(326) Pause Young (Prepare Mixed) (G1 Evacuation Pause) 589M->252M(625M) 3.970ms
[162.269s][info][gc,cpu      ] GC(326) User=0.01s Sys=0.00s Real=0.00s
[163.123s][info][gc,start    ] GC(327) Pause Young (Mixed) (G1 Evacuation Pause)
[163.123s][info][gc,task     ] GC(327) Using 2 workers of 2 for evacuation
[163.129s][info][gc,phases   ] GC(327)   Pre Evacuate Collection Set: 0.26ms
[163.129s][info][gc,phases   ] GC(327)   Merge Heap Roots: 0.15ms
[163.129s][info][gc,phases   ] GC(327)   Evacuate Collection Set: 4.75ms
[163.129s][info][gc,phases   ] GC(327)   Post Evacuate Collection Set: 0.69ms
[163.129s][info][gc,phases   ] GC(327)   Other: 0.08ms
[163.129s][info][gc,heap     ] GC(327) Eden regions: 338->0(337)
[163.129s][info][gc,heap     ] GC(327) Survivor regions: 1->2(43)
[163.129s][info][gc,heap     ] GC(327) Old regions: 46->45
[163.129s][info][gc,heap     ] GC(327) Humongous regions: 207->207
[163.129s][info][gc,metaspace] GC(327) Metaspace: 56402K(56704K)->56402K(56704K) NonClass: 50784K(51008K)->50784K(51008K) Class: 5618K(5696K)->5618K(5696K)
[163.129s][info][gc          ] GC(327) Pause Young (Mixed) (G1 Evacuation Pause) 590M->253M(625M) 6.116ms
[163.129s][info][gc,cpu      ] GC(327) User=0.02s Sys=0.00s Real=0.00s
[163.932s][info][gc,start    ] GC(328) Pause Young (Concurrent Start) (G1 Evacuation Pause)
[163.932s][info][gc,task     ] GC(328) Using 2 workers of 2 for evacuation
[163.949s][info][gc,phases   ] GC(328)   Pre Evacuate Collection Set: 0.32ms
[163.949s][info][gc,phases   ] GC(328)   Merge Heap Roots: 0.13ms
[163.949s][info][gc,phases   ] GC(328)   Evacuate Collection Set: 15.70ms
[163.949s][info][gc,phases   ] GC(328)   Post Evacuate Collection Set: 0.69ms
[163.949s][info][gc,phases   ] GC(328)   Other: 0.10ms
[163.949s][info][gc,heap     ] GC(328) Eden regions: 337->0(309)
[163.949s][info][gc,heap     ] GC(328) Survivor regions: 2->16(43)
[163.949s][info][gc,heap     ] GC(328) Old regions: 45->45
[163.949s][info][gc,heap     ] GC(328) Humongous regions: 207->207
[163.949s][info][gc,metaspace] GC(328) Metaspace: 56402K(56704K)->56402K(56704K) NonClass: 50784K(51008K)->50784K(51008K) Class: 5618K(5696K)->5618K(5696K)
[163.949s][info][gc          ] GC(328) Pause Young (Concurrent Start) (G1 Evacuation Pause) 590M->267M(625M) 17.134ms
[163.949s][info][gc,cpu      ] GC(328) User=0.03s Sys=0.00s Real=0.01s
[163.949s][info][gc          ] GC(329) Concurrent Mark Cycle
[163.949s][info][gc,marking  ] GC(329) Concurrent Scan Root Regions
[163.960s][info][gc,marking  ] GC(329) Concurrent Scan Root Regions 10.565ms
[163.960s][info][gc,marking  ] GC(329) Concurrent Mark
[163.960s][info][gc,marking  ] GC(329) Concurrent Mark From Roots
[163.960s][info][gc,task     ] GC(329) Using 1 workers of 1 for marking
[164.008s][info][gc,marking  ] GC(329) Concurrent Mark From Roots 47.952ms
[164.008s][info][gc,marking  ] GC(329) Concurrent Preclean
[164.008s][info][gc,marking  ] GC(329) Concurrent Preclean 0.061ms
[164.008s][info][gc,start    ] GC(329) Pause Remark
[164.016s][info][gc          ] GC(329) Pause Remark 296M->296M(625M) 8.242ms
[164.016s][info][gc,cpu      ] GC(329) User=0.01s Sys=0.00s Real=0.01s
[164.017s][info][gc,marking  ] GC(329) Concurrent Mark 56.609ms
[164.017s][info][gc,marking  ] GC(329) Concurrent Rebuild Remembered Sets and Scrub Regions
[164.048s][info][gc,marking  ] GC(329) Concurrent Rebuild Remembered Sets and Scrub Regions 31.836ms
[164.049s][info][gc,start    ] GC(329) Pause Cleanup
[164.049s][info][gc          ] GC(329) Pause Cleanup 318M->318M(625M) 0.086ms
[164.049s][info][gc,cpu      ] GC(329) User=0.00s Sys=0.00s Real=0.00s
[164.049s][info][gc,marking  ] GC(329) Concurrent Clear Claimed Marks
[164.049s][info][gc,marking  ] GC(329) Concurrent Clear Claimed Marks 0.104ms
[164.049s][info][gc,marking  ] GC(329) Concurrent Cleanup for Next Mark
[164.051s][info][gc,marking  ] GC(329) Concurrent Cleanup for Next Mark 1.844ms
[164.051s][info][gc          ] GC(329) Concurrent Mark Cycle 101.812ms
[164.658s][info][gc,start    ] GC(330) Pause Young (Prepare Mixed) (G1 Evacuation Pause)
[164.658s][info][gc,task     ] GC(330) Using 2 workers of 2 for evacuation
[164.665s][info][gc,phases   ] GC(330)   Pre Evacuate Collection Set: 1.27ms
[164.665s][info][gc,phases   ] GC(330)   Merge Heap Roots: 0.13ms
[164.665s][info][gc,phases   ] GC(330)   Evacuate Collection Set: 5.07ms
[164.665s][info][gc,phases   ] GC(330)   Post Evacuate Collection Set: 0.64ms
[164.665s][info][gc,phases   ] GC(330)   Other: 0.10ms
[164.665s][info][gc,heap     ] GC(330) Eden regions: 309->0(324)
[164.665s][info][gc,heap     ] GC(330) Survivor regions: 16->8(41)
[164.665s][info][gc,heap     ] GC(330) Old regions: 45->46
[164.665s][info][gc,heap     ] GC(330) Humongous regions: 207->207
[164.665s][info][gc,metaspace] GC(330) Metaspace: 56405K(56704K)->56405K(56704K) NonClass: 50786K(51008K)->50786K(51008K) Class: 5618K(5696K)->5618K(5696K)
[164.665s][info][gc          ] GC(330) Pause Young (Prepare Mixed) (G1 Evacuation Pause) 576M->259M(625M) 7.421ms
[164.665s][info][gc,cpu      ] GC(330) User=0.01s Sys=0.00s Real=0.01s
[165.443s][info][gc,start    ] GC(331) Pause Young (Mixed) (G1 Evacuation Pause)
[165.443s][info][gc,task     ] GC(331) Using 2 workers of 2 for evacuation
[165.452s][info][gc,phases   ] GC(331)   Pre Evacuate Collection Set: 0.29ms
[165.452s][info][gc,phases   ] GC(331)   Merge Heap Roots: 0.11ms
[165.452s][info][gc,phases   ] GC(331)   Evacuate Collection Set: 7.42ms
[165.452s][info][gc,phases   ] GC(331)   Post Evacuate Collection Set: 0.65ms
[165.452s][info][gc,phases   ] GC(331)   Other: 0.10ms
[165.452s][info][gc,heap     ] GC(331) Eden regions: 324->0(325)
[165.452s][info][gc,heap     ] GC(331) Survivor regions: 8->8(42)
[165.452s][info][gc,heap     ] GC(331) Old regions: 46->45
[165.452s][info][gc,heap     ] GC(331) Humongous regions: 207->207
[165.452s][info][gc,metaspace] GC(331) Metaspace: 56405K(56704K)->56405K(56704K) NonClass: 50786K(51008K)->50786K(51008K) Class: 5618K(5696K)->5618K(5696K)
[165.452s][info][gc          ] GC(331) Pause Young (Mixed) (G1 Evacuation Pause) 583M->259M(625M) 8.766ms
[165.452s][info][gc,cpu      ] GC(331) User=0.02s Sys=0.00s Real=0.01s
[166.033s][info][gc,start    ] GC(332) Pause Young (Concurrent Start) (G1 Humongous Allocation)
[166.033s][info][gc,task     ] GC(332) Using 2 workers of 2 for evacuation
[166.036s][info][gc,phases   ] GC(332)   Pre Evacuate Collection Set: 0.28ms
[166.036s][info][gc,phases   ] GC(332)   Merge Heap Roots: 0.08ms
[166.036s][info][gc,phases   ] GC(332)   Evacuate Collection Set: 2.42ms
[166.036s][info][gc,phases   ] GC(332)   Post Evacuate Collection Set: 0.52ms
[166.036s][info][gc,phases   ] GC(332)   Other: 0.10ms
[166.036s][info][gc,heap     ] GC(332) Eden regions: 220->0(331)
[166.036s][info][gc,heap     ] GC(332) Survivor regions: 8->5(42)
[166.036s][info][gc,heap     ] GC(332) Old regions: 45->45
[166.036s][info][gc,heap     ] GC(332) Humongous regions: 207->207
[166.036s][info][gc,metaspace] GC(332) Metaspace: 56407K(56704K)->56407K(56704K) NonClass: 50789K(51008K)->50789K(51008K) Class: 5618K(5696K)->5618K(5696K)
[166.036s][info][gc          ] GC(332) Pause Young (Concurrent Start) (G1 Humongous Allocation) 479M->256M(625M) 3.587ms
[166.036s][info][gc          ] GC(333) Concurrent Mark Cycle
[166.036s][info][gc,marking  ] GC(333) Concurrent Scan Root Regions
[166.038s][info][gc,marking  ] GC(333) Concurrent Scan Root Regions 1.521ms
[166.038s][info][gc,marking  ] GC(333) Concurrent Mark
[166.038s][info][gc,marking  ] GC(333) Concurrent Mark From Roots
[166.038s][info][gc,task     ] GC(333) Using 1 workers of 1 for marking
[166.038s][info][gc,cpu      ] GC(332) User=0.01s Sys=0.00s Real=0.00s
[166.078s][info][gc,marking  ] GC(333) Concurrent Mark From Roots 39.907ms
[166.078s][info][gc,marking  ] GC(333) Concurrent Preclean
[166.078s][info][gc,marking  ] GC(333) Concurrent Preclean 0.065ms
[166.082s][info][gc,start    ] GC(333) Pause Remark
[166.091s][info][gc          ] GC(333) Pause Remark 296M->296M(625M) 8.652ms
[166.091s][info][gc,cpu      ] GC(333) User=0.02s Sys=0.00s Real=0.01s
[166.091s][info][gc,marking  ] GC(333) Concurrent Mark 53.485ms
[166.091s][info][gc,marking  ] GC(333) Concurrent Rebuild Remembered Sets and Scrub Regions
[166.107s][info][gc,marking  ] GC(333) Concurrent Rebuild Remembered Sets and Scrub Regions 15.671ms
[166.107s][info][gc,start    ] GC(333) Pause Cleanup
[166.107s][info][gc          ] GC(333) Pause Cleanup 296M->296M(625M) 0.075ms
[166.107s][info][gc,cpu      ] GC(333) User=0.00s Sys=0.00s Real=0.00s
[166.107s][info][gc,marking  ] GC(333) Concurrent Clear Claimed Marks
[166.108s][info][gc,marking  ] GC(333) Concurrent Clear Claimed Marks 0.089ms
[166.108s][info][gc,marking  ] GC(333) Concurrent Cleanup for Next Mark
[166.109s][info][gc,marking  ] GC(333) Concurrent Cleanup for Next Mark 1.811ms
[166.109s][info][gc          ] GC(333) Concurrent Mark Cycle 72.992ms
[168.873s][info][gc,start    ] GC(334) Pause Young (Prepare Mixed) (G1 Evacuation Pause)
[168.873s][info][gc,task     ] GC(334) Using 2 workers of 2 for evacuation
[168.889s][info][gc,phases   ] GC(334)   Pre Evacuate Collection Set: 0.29ms
[168.889s][info][gc,phases   ] GC(334)   Merge Heap Roots: 0.43ms
[168.889s][info][gc,phases   ] GC(334)   Evacuate Collection Set: 14.90ms
[168.889s][info][gc,phases   ] GC(334)   Post Evacuate Collection Set: 0.69ms
[168.889s][info][gc,phases   ] GC(334)   Other: 0.09ms
[168.889s][info][gc,heap     ] GC(334) Eden regions: 212->0(322)
[168.889s][info][gc,heap     ] GC(334) Survivor regions: 5->18(42)
[168.889s][info][gc,heap     ] GC(334) Old regions: 45->46
[168.889s][info][gc,heap     ] GC(334) Humongous regions: 363->207
[168.889s][info][gc,metaspace] GC(334) Metaspace: 56647K(56960K)->56647K(56960K) NonClass: 51029K(51264K)->51029K(51264K) Class: 5618K(5696K)->5618K(5696K)
[168.889s][info][gc          ] GC(334) Pause Young (Prepare Mixed) (G1 Evacuation Pause) 624M->270M(644M) 16.609ms
[168.889s][info][gc,cpu      ] GC(334) User=0.01s Sys=0.02s Real=0.01s
[169.652s][info][gc,start    ] GC(335) Pause Young (Mixed) (G1 Evacuation Pause)
[169.652s][info][gc,task     ] GC(335) Using 2 workers of 2 for evacuation
[169.665s][info][gc,phases   ] GC(335)   Pre Evacuate Collection Set: 0.30ms
[169.665s][info][gc,phases   ] GC(335)   Merge Heap Roots: 0.12ms
[169.665s][info][gc,phases   ] GC(335)   Evacuate Collection Set: 11.10ms
[169.665s][info][gc,phases   ] GC(335)   Post Evacuate Collection Set: 0.75ms
[169.665s][info][gc,phases   ] GC(335)   Other: 0.08ms
[169.665s][info][gc,heap     ] GC(335) Eden regions: 322->0(319)
[169.665s][info][gc,heap     ] GC(335) Survivor regions: 18->20(43)
[169.665s][info][gc,heap     ] GC(335) Old regions: 46->45
[169.665s][info][gc,heap     ] GC(335) Humongous regions: 207->207
[169.665s][info][gc,metaspace] GC(335) Metaspace: 56647K(56960K)->56647K(56960K) NonClass: 51029K(51264K)->51029K(51264K) Class: 5618K(5696K)->5618K(5696K)
[169.665s][info][gc          ] GC(335) Pause Young (Mixed) (G1 Evacuation Pause) 592M->271M(644M) 12.573ms
[169.665s][info][gc,cpu      ] GC(335) User=0.03s Sys=0.00s Real=0.01s
[170.436s][info][gc,start    ] GC(336) Pause Young (Concurrent Start) (G1 Evacuation Pause)
[170.436s][info][gc,task     ] GC(336) Using 2 workers of 2 for evacuation
[170.447s][info][gc,phases   ] GC(336)   Pre Evacuate Collection Set: 0.29ms
[170.447s][info][gc,phases   ] GC(336)   Merge Heap Roots: 0.12ms
[170.447s][info][gc,phases   ] GC(336)   Evacuate Collection Set: 9.66ms
[170.447s][info][gc,phases   ] GC(336)   Post Evacuate Collection Set: 0.73ms
[170.447s][info][gc,phases   ] GC(336)   Other: 0.10ms
[170.447s][info][gc,heap     ] GC(336) Eden regions: 319->0(319)
[170.447s][info][gc,heap     ] GC(336) Survivor regions: 20->20(43)
[170.447s][info][gc,heap     ] GC(336) Old regions: 45->45
[170.447s][info][gc,heap     ] GC(336) Humongous regions: 207->207
[170.447s][info][gc,metaspace] GC(336) Metaspace: 56647K(56960K)->56647K(56960K) NonClass: 51029K(51264K)->51029K(51264K) Class: 5618K(5696K)->5618K(5696K)
[170.447s][info][gc          ] GC(336) Pause Young (Concurrent Start) (G1 Evacuation Pause) 590M->271M(644M) 11.078ms
[170.447s][info][gc,cpu      ] GC(336) User=0.03s Sys=0.00s Real=0.01s
[170.447s][info][gc          ] GC(337) Concurrent Mark Cycle
[170.447s][info][gc,marking  ] GC(337) Concurrent Scan Root Regions
[170.458s][info][gc,marking  ] GC(337) Concurrent Scan Root Regions 11.346ms
[170.459s][info][gc,marking  ] GC(337) Concurrent Mark
[170.459s][info][gc,marking  ] GC(337) Concurrent Mark From Roots
[170.459s][info][gc,task     ] GC(337) Using 1 workers of 1 for marking
[170.501s][info][gc,marking  ] GC(337) Concurrent Mark From Roots 42.570ms
[170.501s][info][gc,marking  ] GC(337) Concurrent Preclean
[170.501s][info][gc,marking  ] GC(337) Concurrent Preclean 0.047ms
[170.501s][info][gc,start    ] GC(337) Pause Remark
[170.510s][info][gc          ] GC(337) Pause Remark 294M->294M(644M) 8.848ms
[170.510s][info][gc,cpu      ] GC(337) User=0.02s Sys=0.00s Real=0.00s
[170.510s][info][gc,marking  ] GC(337) Concurrent Mark 51.935ms
[170.510s][info][gc,marking  ] GC(337) Concurrent Rebuild Remembered Sets and Scrub Regions
[170.533s][info][gc,marking  ] GC(337) Concurrent Rebuild Remembered Sets and Scrub Regions 22.579ms
[170.533s][info][gc,start    ] GC(337) Pause Cleanup
[170.533s][info][gc          ] GC(337) Pause Cleanup 306M->306M(644M) 0.067ms
[170.533s][info][gc,cpu      ] GC(337) User=0.00s Sys=0.00s Real=0.00s
[170.534s][info][gc,marking  ] GC(337) Concurrent Clear Claimed Marks
[170.534s][info][gc,marking  ] GC(337) Concurrent Clear Claimed Marks 0.096ms
[170.534s][info][gc,marking  ] GC(337) Concurrent Cleanup for Next Mark
[170.538s][info][gc,marking  ] GC(337) Concurrent Cleanup for Next Mark 3.988ms
[170.538s][info][gc          ] GC(337) Concurrent Mark Cycle 91.090ms
[171.250s][info][gc,start    ] GC(338) Pause Young (Prepare Mixed) (G1 Evacuation Pause)
[171.250s][info][gc,task     ] GC(338) Using 2 workers of 2 for evacuation
[171.259s][info][gc,phases   ] GC(338)   Pre Evacuate Collection Set: 0.29ms
[171.259s][info][gc,phases   ] GC(338)   Merge Heap Roots: 0.13ms
[171.259s][info][gc,phases   ] GC(338)   Evacuate Collection Set: 6.92ms
[171.259s][info][gc,phases   ] GC(338)   Post Evacuate Collection Set: 0.69ms
[171.259s][info][gc,phases   ] GC(338)   Other: 0.12ms
[171.259s][info][gc,heap     ] GC(338) Eden regions: 319->0(323)
[171.259s][info][gc,heap     ] GC(338) Survivor regions: 20->18(43)
[171.259s][info][gc,heap     ] GC(338) Old regions: 45->45
[171.259s][info][gc,heap     ] GC(338) Humongous regions: 207->207
[171.259s][info][gc,metaspace] GC(338) Metaspace: 56647K(56960K)->56647K(56960K) NonClass: 51029K(51264K)->51029K(51264K) Class: 5618K(5696K)->5618K(5696K)
[171.259s][info][gc          ] GC(338) Pause Young (Prepare Mixed) (G1 Evacuation Pause) 590M->269M(644M) 8.325ms
[171.259s][info][gc,cpu      ] GC(338) User=0.02s Sys=0.00s Real=0.01s
[172.025s][info][gc,start    ] GC(339) Pause Young (Mixed) (G1 Evacuation Pause)
[172.025s][info][gc,task     ] GC(339) Using 2 workers of 2 for evacuation
[172.034s][info][gc,phases   ] GC(339)   Pre Evacuate Collection Set: 0.27ms
[172.034s][info][gc,phases   ] GC(339)   Merge Heap Roots: 0.12ms
[172.034s][info][gc,phases   ] GC(339)   Evacuate Collection Set: 7.80ms
[172.034s][info][gc,phases   ] GC(339)   Post Evacuate Collection Set: 0.72ms
[172.034s][info][gc,phases   ] GC(339)   Other: 0.08ms
[172.034s][info][gc,heap     ] GC(339) Eden regions: 323->0(321)
[172.034s][info][gc,heap     ] GC(339) Survivor regions: 18->19(43)
[172.034s][info][gc,heap     ] GC(339) Old regions: 45->45
[172.034s][info][gc,heap     ] GC(339) Humongous regions: 207->207
[172.034s][info][gc,metaspace] GC(339) Metaspace: 56647K(56960K)->56647K(56960K) NonClass: 51029K(51264K)->51029K(51264K) Class: 5618K(5696K)->5618K(5696K)
[172.034s][info][gc          ] GC(339) Pause Young (Mixed) (G1 Evacuation Pause) 592M->270M(644M) 9.190ms
[172.034s][info][gc,cpu      ] GC(339) User=0.02s Sys=0.00s Real=0.01s
[172.770s][info][gc,start    ] GC(340) Pause Young (Concurrent Start) (G1 Evacuation Pause)
[172.770s][info][gc,task     ] GC(340) Using 2 workers of 2 for evacuation
[172.778s][info][gc,phases   ] GC(340)   Pre Evacuate Collection Set: 0.30ms
[172.778s][info][gc,phases   ] GC(340)   Merge Heap Roots: 0.12ms
[172.778s][info][gc,phases   ] GC(340)   Evacuate Collection Set: 6.39ms
[172.778s][info][gc,phases   ] GC(340)   Post Evacuate Collection Set: 0.69ms
[172.778s][info][gc,phases   ] GC(340)   Other: 0.11ms
[172.778s][info][gc,heap     ] GC(340) Eden regions: 321->0(323)
[172.778s][info][gc,heap     ] GC(340) Survivor regions: 19->18(43)
[172.778s][info][gc,heap     ] GC(340) Old regions: 45->45
[172.778s][info][gc,heap     ] GC(340) Humongous regions: 207->207
[172.778s][info][gc,metaspace] GC(340) Metaspace: 56647K(56960K)->56647K(56960K) NonClass: 51029K(51264K)->51029K(51264K) Class: 5618K(5696K)->5618K(5696K)
[172.778s][info][gc          ] GC(340) Pause Young (Concurrent Start) (G1 Evacuation Pause) 591M->269M(644M) 7.823ms
[172.778s][info][gc          ] GC(341) Concurrent Mark Cycle
[172.778s][info][gc,marking  ] GC(341) Concurrent Scan Root Regions
[172.779s][info][gc,cpu      ] GC(340) User=0.02s Sys=0.00s Real=0.01s
[172.783s][info][gc,marking  ] GC(341) Concurrent Scan Root Regions 4.945ms
[172.783s][info][gc,marking  ] GC(341) Concurrent Mark
[172.783s][info][gc,marking  ] GC(341) Concurrent Mark From Roots
[172.783s][info][gc,task     ] GC(341) Using 1 workers of 1 for marking
[172.821s][info][gc,marking  ] GC(341) Concurrent Mark From Roots 38.024ms
[172.821s][info][gc,marking  ] GC(341) Concurrent Preclean
[172.821s][info][gc,marking  ] GC(341) Concurrent Preclean 0.038ms
[172.821s][info][gc,start    ] GC(341) Pause Remark
[172.830s][info][gc          ] GC(341) Pause Remark 272M->272M(644M) 8.914ms
[172.830s][info][gc,cpu      ] GC(341) User=0.01s Sys=0.01s Real=0.00s
[172.832s][info][gc,marking  ] GC(341) Concurrent Mark 49.140ms
[172.832s][info][gc,marking  ] GC(341) Concurrent Rebuild Remembered Sets and Scrub Regions
[172.860s][info][gc,marking  ] GC(341) Concurrent Rebuild Remembered Sets and Scrub Regions 27.358ms
[172.860s][info][gc,start    ] GC(341) Pause Cleanup
[172.860s][info][gc          ] GC(341) Pause Cleanup 296M->296M(644M) 0.078ms
[172.860s][info][gc,cpu      ] GC(341) User=0.00s Sys=0.00s Real=0.00s
[172.861s][info][gc,marking  ] GC(341) Concurrent Clear Claimed Marks
[172.862s][info][gc,marking  ] GC(341) Concurrent Clear Claimed Marks 0.096ms
[172.862s][info][gc,marking  ] GC(341) Concurrent Cleanup for Next Mark
[172.864s][info][gc,marking  ] GC(341) Concurrent Cleanup for Next Mark 2.046ms
[172.864s][info][gc          ] GC(341) Concurrent Mark Cycle 85.606ms
[173.563s][info][gc,start    ] GC(342) Pause Young (Prepare Mixed) (G1 Evacuation Pause)
[173.563s][info][gc,task     ] GC(342) Using 2 workers of 2 for evacuation
[173.571s][info][gc,phases   ] GC(342)   Pre Evacuate Collection Set: 0.27ms
[173.572s][info][gc,phases   ] GC(342)   Merge Heap Roots: 0.13ms
[173.572s][info][gc,phases   ] GC(342)   Evacuate Collection Set: 7.34ms
[173.572s][info][gc,phases   ] GC(342)   Post Evacuate Collection Set: 0.68ms
[173.572s][info][gc,phases   ] GC(342)   Other: 0.09ms
[173.572s][info][gc,heap     ] GC(342) Eden regions: 323->0(319)
[173.572s][info][gc,heap     ] GC(342) Survivor regions: 18->20(43)
[173.572s][info][gc,heap     ] GC(342) Old regions: 45->45
[173.572s][info][gc,heap     ] GC(342) Humongous regions: 207->207
[173.572s][info][gc,metaspace] GC(342) Metaspace: 56647K(56960K)->56647K(56960K) NonClass: 51029K(51264K)->51029K(51264K) Class: 5618K(5696K)->5618K(5696K)
[173.572s][info][gc          ] GC(342) Pause Young (Prepare Mixed) (G1 Evacuation Pause) 592M->271M(644M) 8.720ms
[173.572s][info][gc,cpu      ] GC(342) User=0.01s Sys=0.00s Real=0.01s
[174.344s][info][gc,start    ] GC(343) Pause Young (Mixed) (G1 Evacuation Pause)
[174.344s][info][gc,task     ] GC(343) Using 2 workers of 2 for evacuation
[174.356s][info][gc,phases   ] GC(343)   Pre Evacuate Collection Set: 0.28ms
[174.356s][info][gc,phases   ] GC(343)   Merge Heap Roots: 0.13ms
[174.356s][info][gc,phases   ] GC(343)   Evacuate Collection Set: 10.39ms
[174.356s][info][gc,phases   ] GC(343)   Post Evacuate Collection Set: 0.72ms
[174.356s][info][gc,phases   ] GC(343)   Other: 0.09ms
[174.356s][info][gc,heap     ] GC(343) Eden regions: 319->0(317)
[174.356s][info][gc,heap     ] GC(343) Survivor regions: 20->21(43)
[174.356s][info][gc,heap     ] GC(343) Old regions: 45->45
[174.356s][info][gc,heap     ] GC(343) Humongous regions: 207->207
[174.356s][info][gc,metaspace] GC(343) Metaspace: 56647K(56960K)->56647K(56960K) NonClass: 51029K(51264K)->51029K(51264K) Class: 5618K(5696K)->5618K(5696K)
[174.356s][info][gc          ] GC(343) Pause Young (Mixed) (G1 Evacuation Pause) 590M->272M(644M) 11.827ms
[174.356s][info][gc,cpu      ] GC(343) User=0.02s Sys=0.00s Real=0.01s
[175.137s][info][gc,start    ] GC(344) Pause Young (Concurrent Start) (G1 Evacuation Pause)
[175.137s][info][gc,task     ] GC(344) Using 2 workers of 2 for evacuation
[175.147s][info][gc,phases   ] GC(344)   Pre Evacuate Collection Set: 0.29ms
[175.147s][info][gc,phases   ] GC(344)   Merge Heap Roots: 0.11ms
[175.147s][info][gc,phases   ] GC(344)   Evacuate Collection Set: 9.02ms
[175.147s][info][gc,phases   ] GC(344)   Post Evacuate Collection Set: 0.71ms
[175.147s][info][gc,phases   ] GC(344)   Other: 0.12ms
[175.147s][info][gc,heap     ] GC(344) Eden regions: 317->0(319)
[175.147s][info][gc,heap     ] GC(344) Survivor regions: 21->20(43)
[175.147s][info][gc,heap     ] GC(344) Old regions: 45->45
[175.147s][info][gc,heap     ] GC(344) Humongous regions: 207->207
[175.147s][info][gc,metaspace] GC(344) Metaspace: 56647K(56960K)->56647K(56960K) NonClass: 51029K(51264K)->51029K(51264K) Class: 5618K(5696K)->5618K(5696K)
[175.147s][info][gc          ] GC(344) Pause Young (Concurrent Start) (G1 Evacuation Pause) 589M->271M(644M) 10.414ms
[175.147s][info][gc,cpu      ] GC(344) User=0.02s Sys=0.00s Real=0.01s
[175.148s][info][gc          ] GC(345) Concurrent Mark Cycle
[175.148s][info][gc,marking  ] GC(345) Concurrent Scan Root Regions
[175.159s][info][gc,marking  ] GC(345) Concurrent Scan Root Regions 11.069ms
[175.159s][info][gc,marking  ] GC(345) Concurrent Mark
[175.159s][info][gc,marking  ] GC(345) Concurrent Mark From Roots
[175.159s][info][gc,task     ] GC(345) Using 1 workers of 1 for marking
[175.203s][info][gc,marking  ] GC(345) Concurrent Mark From Roots 44.283ms
[175.203s][info][gc,marking  ] GC(345) Concurrent Preclean
[175.203s][info][gc,marking  ] GC(345) Concurrent Preclean 0.047ms
[175.203s][info][gc,start    ] GC(345) Pause Remark
[175.212s][info][gc          ] GC(345) Pause Remark 296M->296M(644M) 8.531ms
[175.212s][info][gc,cpu      ] GC(345) User=0.01s Sys=0.00s Real=0.01s
[175.212s][info][gc,marking  ] GC(345) Concurrent Mark 53.199ms
[175.212s][info][gc,marking  ] GC(345) Concurrent Rebuild Remembered Sets and Scrub Regions
[175.238s][info][gc,marking  ] GC(345) Concurrent Rebuild Remembered Sets and Scrub Regions 25.752ms
[175.239s][info][gc,start    ] GC(345) Pause Cleanup
[175.239s][info][gc          ] GC(345) Pause Cleanup 312M->312M(644M) 0.079ms
[175.239s][info][gc,cpu      ] GC(345) User=0.00s Sys=0.00s Real=0.00s
[175.239s][info][gc,marking  ] GC(345) Concurrent Clear Claimed Marks
[175.239s][info][gc,marking  ] GC(345) Concurrent Clear Claimed Marks 0.107ms
[175.239s][info][gc,marking  ] GC(345) Concurrent Cleanup for Next Mark
[175.246s][info][gc,marking  ] GC(345) Concurrent Cleanup for Next Mark 6.485ms
[175.246s][info][gc          ] GC(345) Concurrent Mark Cycle 98.038ms
[175.946s][info][gc,start    ] GC(346) Pause Young (Prepare Mixed) (G1 Evacuation Pause)
[175.946s][info][gc,task     ] GC(346) Using 2 workers of 2 for evacuation
[175.964s][info][gc,phases   ] GC(346)   Pre Evacuate Collection Set: 0.38ms
[175.964s][info][gc,phases   ] GC(346)   Merge Heap Roots: 0.16ms
[175.964s][info][gc,phases   ] GC(346)   Evacuate Collection Set: 16.68ms
[175.964s][info][gc,phases   ] GC(346)   Post Evacuate Collection Set: 1.09ms
[175.964s][info][gc,phases   ] GC(346)   Other: 0.08ms
[175.964s][info][gc,heap     ] GC(346) Eden regions: 319->0(321)
[175.964s][info][gc,heap     ] GC(346) Survivor regions: 20->19(43)
[175.964s][info][gc,heap     ] GC(346) Old regions: 45->45
[175.964s][info][gc,heap     ] GC(346) Humongous regions: 207->207
[175.964s][info][gc,metaspace] GC(346) Metaspace: 56647K(56960K)->56647K(56960K) NonClass: 51029K(51264K)->51029K(51264K) Class: 5618K(5696K)->5618K(5696K)
[175.964s][info][gc          ] GC(346) Pause Young (Prepare Mixed) (G1 Evacuation Pause) 590M->270M(644M) 18.584ms
[175.964s][info][gc,cpu      ] GC(346) User=0.02s Sys=0.00s Real=0.02s
[176.721s][info][gc,start    ] GC(347) Pause Young (Mixed) (G1 Evacuation Pause)
[176.721s][info][gc,task     ] GC(347) Using 2 workers of 2 for evacuation
[176.730s][info][gc,phases   ] GC(347)   Pre Evacuate Collection Set: 0.35ms
[176.730s][info][gc,phases   ] GC(347)   Merge Heap Roots: 0.14ms
[176.730s][info][gc,phases   ] GC(347)   Evacuate Collection Set: 8.22ms
[176.730s][info][gc,phases   ] GC(347)   Post Evacuate Collection Set: 0.74ms
[176.730s][info][gc,phases   ] GC(347)   Other: 0.08ms
[176.730s][info][gc,heap     ] GC(347) Eden regions: 321->0(323)
[176.730s][info][gc,heap     ] GC(347) Survivor regions: 19->18(43)
[176.730s][info][gc,heap     ] GC(347) Old regions: 45->45
[176.730s][info][gc,heap     ] GC(347) Humongous regions: 207->207
[176.730s][info][gc,metaspace] GC(347) Metaspace: 56647K(56960K)->56647K(56960K) NonClass: 51029K(51264K)->51029K(51264K) Class: 5618K(5696K)->5618K(5696K)
[176.730s][info][gc          ] GC(347) Pause Young (Mixed) (G1 Evacuation Pause) 591M->269M(644M) 9.759ms
[176.731s][info][gc,cpu      ] GC(347) User=0.01s Sys=0.00s Real=0.01s
[177.567s][info][gc,start    ] GC(348) Pause Young (Concurrent Start) (G1 Evacuation Pause)
[177.568s][info][gc,task     ] GC(348) Using 2 workers of 2 for evacuation
[177.576s][info][gc,phases   ] GC(348)   Pre Evacuate Collection Set: 0.32ms
[177.576s][info][gc,phases   ] GC(348)   Merge Heap Roots: 0.11ms
[177.576s][info][gc,phases   ] GC(348)   Evacuate Collection Set: 6.88ms
[177.576s][info][gc,phases   ] GC(348)   Post Evacuate Collection Set: 0.71ms
[177.576s][info][gc,phases   ] GC(348)   Other: 0.14ms
[177.576s][info][gc,heap     ] GC(348) Eden regions: 323->0(327)
[177.576s][info][gc,heap     ] GC(348) Survivor regions: 18->14(43)
[177.576s][info][gc,heap     ] GC(348) Old regions: 45->49
[177.576s][info][gc,heap     ] GC(348) Humongous regions: 207->207
[177.576s][info][gc,metaspace] GC(348) Metaspace: 56647K(56960K)->56647K(56960K) NonClass: 51029K(51264K)->51029K(51264K) Class: 5618K(5696K)->5618K(5696K)
[177.576s][info][gc          ] GC(348) Pause Young (Concurrent Start) (G1 Evacuation Pause) 592M->269M(644M) 8.387ms
[177.576s][info][gc,cpu      ] GC(348) User=0.02s Sys=0.00s Real=0.01s
[177.576s][info][gc          ] GC(349) Concurrent Mark Cycle
[177.577s][info][gc,marking  ] GC(349) Concurrent Scan Root Regions
[177.580s][info][gc,marking  ] GC(349) Concurrent Scan Root Regions 3.649ms
[177.580s][info][gc,marking  ] GC(349) Concurrent Mark
[177.580s][info][gc,marking  ] GC(349) Concurrent Mark From Roots
[177.580s][info][gc,task     ] GC(349) Using 1 workers of 1 for marking
[177.617s][info][gc,marking  ] GC(349) Concurrent Mark From Roots 36.418ms
[177.617s][info][gc,marking  ] GC(349) Concurrent Preclean
[177.617s][info][gc,marking  ] GC(349) Concurrent Preclean 0.054ms
[177.617s][info][gc,start    ] GC(349) Pause Remark
[177.626s][info][gc          ] GC(349) Pause Remark 273M->273M(644M) 8.987ms
[177.626s][info][gc,cpu      ] GC(349) User=0.02s Sys=0.00s Real=0.01s
[177.626s][info][gc,marking  ] GC(349) Concurrent Mark 46.214ms
[177.626s][info][gc,marking  ] GC(349) Concurrent Rebuild Remembered Sets and Scrub Regions
[177.643s][info][gc,marking  ] GC(349) Concurrent Rebuild Remembered Sets and Scrub Regions 16.636ms
[177.643s][info][gc,start    ] GC(349) Pause Cleanup
[177.643s][info][gc          ] GC(349) Pause Cleanup 284M->284M(644M) 0.063ms
[177.643s][info][gc,cpu      ] GC(349) User=0.00s Sys=0.00s Real=0.00s
[177.643s][info][gc,marking  ] GC(349) Concurrent Clear Claimed Marks
[177.644s][info][gc,marking  ] GC(349) Concurrent Clear Claimed Marks 0.086ms
[177.644s][info][gc,marking  ] GC(349) Concurrent Cleanup for Next Mark
[177.647s][info][gc,marking  ] GC(349) Concurrent Cleanup for Next Mark 3.954ms
[177.648s][info][gc          ] GC(349) Concurrent Mark Cycle 71.603ms
[178.367s][info][gc,start    ] GC(350) Pause Young (Prepare Mixed) (G1 Evacuation Pause)
[178.367s][info][gc,task     ] GC(350) Using 2 workers of 2 for evacuation
[178.375s][info][gc,phases   ] GC(350)   Pre Evacuate Collection Set: 0.41ms
[178.375s][info][gc,phases   ] GC(350)   Merge Heap Roots: 0.15ms
[178.375s][info][gc,phases   ] GC(350)   Evacuate Collection Set: 5.85ms
[178.375s][info][gc,phases   ] GC(350)   Post Evacuate Collection Set: 0.71ms
[178.375s][info][gc,phases   ] GC(350)   Other: 0.09ms
[178.375s][info][gc,heap     ] GC(350) Eden regions: 327->0(327)
[178.375s][info][gc,heap     ] GC(350) Survivor regions: 14->14(43)
[178.375s][info][gc,heap     ] GC(350) Old regions: 49->49
[178.375s][info][gc,heap     ] GC(350) Humongous regions: 207->207
[178.375s][info][gc,metaspace] GC(350) Metaspace: 56647K(56960K)->56647K(56960K) NonClass: 51029K(51264K)->51029K(51264K) Class: 5618K(5696K)->5618K(5696K)
[178.375s][info][gc          ] GC(350) Pause Young (Prepare Mixed) (G1 Evacuation Pause) 596M->269M(644M) 7.444ms
[178.375s][info][gc,cpu      ] GC(350) User=0.01s Sys=0.00s Real=0.01s
[179.162s][info][gc,start    ] GC(351) Pause Young (Mixed) (G1 Evacuation Pause)
[179.163s][info][gc,task     ] GC(351) Using 2 workers of 2 for evacuation
[179.172s][info][gc,phases   ] GC(351)   Pre Evacuate Collection Set: 0.29ms
[179.172s][info][gc,phases   ] GC(351)   Merge Heap Roots: 0.13ms
[179.172s][info][gc,phases   ] GC(351)   Evacuate Collection Set: 8.66ms
[179.172s][info][gc,phases   ] GC(351)   Post Evacuate Collection Set: 0.72ms
[179.173s][info][gc,phases   ] GC(351)   Other: 0.12ms
[179.173s][info][gc,heap     ] GC(351) Eden regions: 327->0(325)
[179.173s][info][gc,heap     ] GC(351) Survivor regions: 14->15(43)
[179.173s][info][gc,heap     ] GC(351) Old regions: 49->49
[179.173s][info][gc,heap     ] GC(351) Humongous regions: 207->207
[179.173s][info][gc,metaspace] GC(351) Metaspace: 56647K(56960K)->56647K(56960K) NonClass: 51029K(51264K)->51029K(51264K) Class: 5618K(5696K)->5618K(5696K)
[179.173s][info][gc          ] GC(351) Pause Young (Mixed) (G1 Evacuation Pause) 596M->269M(644M) 10.109ms
[179.173s][info][gc,cpu      ] GC(351) User=0.01s Sys=0.00s Real=0.01s
[179.962s][info][gc,start    ] GC(352) Pause Young (Concurrent Start) (G1 Evacuation Pause)
[179.962s][info][gc,task     ] GC(352) Using 2 workers of 2 for evacuation
[179.970s][info][gc,phases   ] GC(352)   Pre Evacuate Collection Set: 0.32ms
[179.970s][info][gc,phases   ] GC(352)   Merge Heap Roots: 0.12ms
[179.970s][info][gc,phases   ] GC(352)   Evacuate Collection Set: 7.11ms
[179.970s][info][gc,phases   ] GC(352)   Post Evacuate Collection Set: 0.70ms
[179.970s][info][gc,phases   ] GC(352)   Other: 0.11ms
[179.970s][info][gc,heap     ] GC(352) Eden regions: 325->0(325)
[179.970s][info][gc,heap     ] GC(352) Survivor regions: 15->15(43)
[179.970s][info][gc,heap     ] GC(352) Old regions: 49->49
[179.970s][info][gc,heap     ] GC(352) Humongous regions: 207->207
[179.970s][info][gc,metaspace] GC(352) Metaspace: 56648K(56960K)->56648K(56960K) NonClass: 51030K(51264K)->51030K(51264K) Class: 5618K(5696K)->5618K(5696K)
[179.970s][info][gc          ] GC(352) Pause Young (Concurrent Start) (G1 Evacuation Pause) 594M->270M(644M) 8.551ms
[179.970s][info][gc,cpu      ] GC(352) User=0.02s Sys=0.00s Real=0.00s
[179.970s][info][gc          ] GC(353) Concurrent Mark Cycle
[179.970s][info][gc,marking  ] GC(353) Concurrent Scan Root Regions
[179.975s][info][gc,marking  ] GC(353) Concurrent Scan Root Regions 4.913ms
[179.975s][info][gc,marking  ] GC(353) Concurrent Mark
[179.975s][info][gc,marking  ] GC(353) Concurrent Mark From Roots
[179.975s][info][gc,task     ] GC(353) Using 1 workers of 1 for marking
[180.014s][info][gc,marking  ] GC(353) Concurrent Mark From Roots 38.449ms
[180.014s][info][gc,marking  ] GC(353) Concurrent Preclean
[180.014s][info][gc,marking  ] GC(353) Concurrent Preclean 0.052ms
[180.014s][info][gc,start    ] GC(353) Pause Remark
[180.022s][info][gc          ] GC(353) Pause Remark 277M->277M(644M) 8.525ms
[180.022s][info][gc,cpu      ] GC(353) User=0.01s Sys=0.00s Real=0.01s
[180.023s][info][gc,marking  ] GC(353) Concurrent Mark 47.720ms
[180.023s][info][gc,marking  ] GC(353) Concurrent Rebuild Remembered Sets and Scrub Regions
[180.039s][info][gc,marking  ] GC(353) Concurrent Rebuild Remembered Sets and Scrub Regions 15.950ms
[180.039s][info][gc,start    ] GC(353) Pause Cleanup
[180.039s][info][gc          ] GC(353) Pause Cleanup 287M->287M(644M) 0.063ms
[180.039s][info][gc,cpu      ] GC(353) User=0.00s Sys=0.00s Real=0.00s
[180.039s][info][gc,marking  ] GC(353) Concurrent Clear Claimed Marks
[180.039s][info][gc,marking  ] GC(353) Concurrent Clear Claimed Marks 0.081ms
[180.039s][info][gc,marking  ] GC(353) Concurrent Cleanup for Next Mark
[180.041s][info][gc,marking  ] GC(353) Concurrent Cleanup for Next Mark 2.055ms
[180.041s][info][gc          ] GC(353) Concurrent Mark Cycle 71.104ms
[180.758s][info][gc,start    ] GC(354) Pause Young (Prepare Mixed) (G1 Evacuation Pause)
[180.758s][info][gc,task     ] GC(354) Using 2 workers of 2 for evacuation
[180.766s][info][gc,phases   ] GC(354)   Pre Evacuate Collection Set: 0.28ms
[180.766s][info][gc,phases   ] GC(354)   Merge Heap Roots: 0.13ms
[180.767s][info][gc,phases   ] GC(354)   Evacuate Collection Set: 7.32ms
[180.767s][info][gc,phases   ] GC(354)   Post Evacuate Collection Set: 0.69ms
[180.767s][info][gc,phases   ] GC(354)   Other: 0.12ms
[180.767s][info][gc,heap     ] GC(354) Eden regions: 325->0(337)
[180.767s][info][gc,heap     ] GC(354) Survivor regions: 15->3(43)
[180.767s][info][gc,heap     ] GC(354) Old regions: 49->61
[180.767s][info][gc,heap     ] GC(354) Humongous regions: 207->207
[180.767s][info][gc,metaspace] GC(354) Metaspace: 56648K(56960K)->56648K(56960K) NonClass: 51030K(51264K)->51030K(51264K) Class: 5618K(5696K)->5618K(5696K)
[180.767s][info][gc          ] GC(354) Pause Young (Prepare Mixed) (G1 Evacuation Pause) 594M->270M(644M) 8.735ms
[180.767s][info][gc,cpu      ] GC(354) User=0.01s Sys=0.00s Real=0.01s
[181.561s][info][gc,start    ] GC(355) Pause Young (Mixed) (G1 Evacuation Pause)
[181.561s][info][gc,task     ] GC(355) Using 2 workers of 2 for evacuation
[181.567s][info][gc,phases   ] GC(355)   Pre Evacuate Collection Set: 0.27ms
[181.567s][info][gc,phases   ] GC(355)   Merge Heap Roots: 0.15ms
[181.567s][info][gc,phases   ] GC(355)   Evacuate Collection Set: 4.39ms
[181.567s][info][gc,phases   ] GC(355)   Post Evacuate Collection Set: 0.68ms
[181.567s][info][gc,phases   ] GC(355)   Other: 0.08ms
[181.567s][info][gc,heap     ] GC(355) Eden regions: 337->0(339)
[181.567s][info][gc,heap     ] GC(355) Survivor regions: 3->2(43)
[181.567s][info][gc,heap     ] GC(355) Old regions: 61->61
[181.567s][info][gc,heap     ] GC(355) Humongous regions: 207->207
[181.567s][info][gc,metaspace] GC(355) Metaspace: 56648K(56960K)->56648K(56960K) NonClass: 51030K(51264K)->51030K(51264K) Class: 5618K(5696K)->5618K(5696K)
[181.567s][info][gc          ] GC(355) Pause Young (Mixed) (G1 Evacuation Pause) 607M->268M(644M) 5.756ms
[181.567s][info][gc,cpu      ] GC(355) User=0.00s Sys=0.00s Real=0.00s
[182.425s][info][gc,start    ] GC(356) Pause Young (Concurrent Start) (G1 Evacuation Pause)
[182.425s][info][gc,task     ] GC(356) Using 2 workers of 2 for evacuation
[182.429s][info][gc,phases   ] GC(356)   Pre Evacuate Collection Set: 0.28ms
[182.429s][info][gc,phases   ] GC(356)   Merge Heap Roots: 0.11ms
[182.429s][info][gc,phases   ] GC(356)   Evacuate Collection Set: 3.22ms
[182.429s][info][gc,phases   ] GC(356)   Post Evacuate Collection Set: 0.62ms
[182.429s][info][gc,phases   ] GC(356)   Other: 0.09ms
[182.429s][info][gc,heap     ] GC(356) Eden regions: 339->0(337)
[182.429s][info][gc,heap     ] GC(356) Survivor regions: 2->3(43)
[182.429s][info][gc,heap     ] GC(356) Old regions: 61->61
[182.429s][info][gc,heap     ] GC(356) Humongous regions: 207->207
[182.429s][info][gc,metaspace] GC(356) Metaspace: 56648K(56960K)->56648K(56960K) NonClass: 51030K(51264K)->51030K(51264K) Class: 5618K(5696K)->5618K(5696K)
[182.429s][info][gc          ] GC(356) Pause Young (Concurrent Start) (G1 Evacuation Pause) 607M->270M(644M) 4.497ms
[182.429s][info][gc,cpu      ] GC(356) User=0.01s Sys=0.00s Real=0.00s
[182.429s][info][gc          ] GC(357) Concurrent Mark Cycle
[182.430s][info][gc,marking  ] GC(357) Concurrent Scan Root Regions
[182.435s][info][gc,marking  ] GC(357) Concurrent Scan Root Regions 5.159ms
[182.435s][info][gc,marking  ] GC(357) Concurrent Mark
[182.435s][info][gc,marking  ] GC(357) Concurrent Mark From Roots
[182.435s][info][gc,task     ] GC(357) Using 1 workers of 1 for marking
[182.487s][info][gc,marking  ] GC(357) Concurrent Mark From Roots 52.076ms
[182.487s][info][gc,marking  ] GC(357) Concurrent Preclean
[182.487s][info][gc,marking  ] GC(357) Concurrent Preclean 0.070ms
[182.487s][info][gc,start    ] GC(357) Pause Remark
[182.496s][info][gc          ] GC(357) Pause Remark 303M->293M(644M) 8.917ms
[182.496s][info][gc,cpu      ] GC(357) User=0.02s Sys=0.00s Real=0.01s
[182.497s][info][gc,marking  ] GC(357) Concurrent Mark 61.824ms
[182.497s][info][gc,marking  ] GC(357) Concurrent Rebuild Remembered Sets and Scrub Regions
[182.512s][info][gc,marking  ] GC(357) Concurrent Rebuild Remembered Sets and Scrub Regions 15.520ms
[182.512s][info][gc,start    ] GC(357) Pause Cleanup
[182.512s][info][gc          ] GC(357) Pause Cleanup 295M->295M(644M) 0.054ms
[182.512s][info][gc,cpu      ] GC(357) User=0.00s Sys=0.00s Real=0.00s
[182.512s][info][gc,marking  ] GC(357) Concurrent Clear Claimed Marks
[182.512s][info][gc,marking  ] GC(357) Concurrent Clear Claimed Marks 0.081ms
[182.512s][info][gc,marking  ] GC(357) Concurrent Cleanup for Next Mark
[182.514s][info][gc,marking  ] GC(357) Concurrent Cleanup for Next Mark 1.860ms
[182.514s][info][gc          ] GC(357) Concurrent Mark Cycle 85.143ms
[183.241s][info][gc,start    ] GC(358) Pause Young (Prepare Mixed) (G1 Evacuation Pause)
[183.241s][info][gc,task     ] GC(358) Using 2 workers of 2 for evacuation
[183.247s][info][gc,phases   ] GC(358)   Pre Evacuate Collection Set: 0.26ms
[183.247s][info][gc,phases   ] GC(358)   Merge Heap Roots: 0.13ms
[183.247s][info][gc,phases   ] GC(358)   Evacuate Collection Set: 4.46ms
[183.247s][info][gc,phases   ] GC(358)   Post Evacuate Collection Set: 0.63ms
[183.247s][info][gc,phases   ] GC(358)   Other: 0.08ms
[183.247s][info][gc,heap     ] GC(358) Eden regions: 337->0(345)
[183.247s][info][gc,heap     ] GC(358) Survivor regions: 3->4(43)
[183.247s][info][gc,heap     ] GC(358) Old regions: 51->51
[183.247s][info][gc,heap     ] GC(358) Humongous regions: 207->207
[183.247s][info][gc,metaspace] GC(358) Metaspace: 56650K(56960K)->56650K(56960K) NonClass: 51031K(51264K)->51031K(51264K) Class: 5618K(5696K)->5618K(5696K)
[183.247s][info][gc          ] GC(358) Pause Young (Prepare Mixed) (G1 Evacuation Pause) 597M->261M(644M) 5.747ms
[183.247s][info][gc,cpu      ] GC(358) User=0.01s Sys=0.00s Real=0.00s
[184.152s][info][gc,start    ] GC(359) Pause Young (Mixed) (G1 Evacuation Pause)
[184.152s][info][gc,task     ] GC(359) Using 2 workers of 2 for evacuation
[184.158s][info][gc,phases   ] GC(359)   Pre Evacuate Collection Set: 0.45ms
[184.158s][info][gc,phases   ] GC(359)   Merge Heap Roots: 0.13ms
[184.158s][info][gc,phases   ] GC(359)   Evacuate Collection Set: 5.44ms
[184.158s][info][gc,phases   ] GC(359)   Post Evacuate Collection Set: 0.62ms
[184.158s][info][gc,phases   ] GC(359)   Other: 0.09ms
[184.158s][info][gc,heap     ] GC(359) Eden regions: 345->0(346)
[184.158s][info][gc,heap     ] GC(359) Survivor regions: 4->5(44)
[184.158s][info][gc,heap     ] GC(359) Old regions: 51->48
[184.158s][info][gc,heap     ] GC(359) Humongous regions: 207->207
[184.158s][info][gc,metaspace] GC(359) Metaspace: 56650K(56960K)->56650K(56960K) NonClass: 51031K(51264K)->51031K(51264K) Class: 5618K(5696K)->5618K(5696K)
[184.158s][info][gc          ] GC(359) Pause Young (Mixed) (G1 Evacuation Pause) 606M->259M(644M) 6.944ms
[184.158s][info][gc,cpu      ] GC(359) User=0.01s Sys=0.01s Real=0.00s
[184.927s][info][gc,start    ] GC(360) Pause Young (Concurrent Start) (G1 Evacuation Pause)
[184.928s][info][gc,task     ] GC(360) Using 2 workers of 2 for evacuation
[184.932s][info][gc,phases   ] GC(360)   Pre Evacuate Collection Set: 0.31ms
[184.932s][info][gc,phases   ] GC(360)   Merge Heap Roots: 0.10ms
[184.932s][info][gc,phases   ] GC(360)   Evacuate Collection Set: 3.29ms
[184.932s][info][gc,phases   ] GC(360)   Post Evacuate Collection Set: 0.66ms
[184.932s][info][gc,phases   ] GC(360)   Other: 0.10ms
[184.932s][info][gc,heap     ] GC(360) Eden regions: 346->0(351)
[184.932s][info][gc,heap     ] GC(360) Survivor regions: 5->2(44)
[184.932s][info][gc,heap     ] GC(360) Old regions: 48->49
[184.932s][info][gc,heap     ] GC(360) Humongous regions: 207->207
[184.932s][info][gc,metaspace] GC(360) Metaspace: 56650K(56960K)->56650K(56960K) NonClass: 51031K(51264K)->51031K(51264K) Class: 5618K(5696K)->5618K(5696K)
[184.932s][info][gc          ] GC(360) Pause Young (Concurrent Start) (G1 Evacuation Pause) 605M->257M(644M) 4.648ms
[184.932s][info][gc,cpu      ] GC(360) User=0.00s Sys=0.00s Real=0.01s
[184.932s][info][gc          ] GC(361) Concurrent Mark Cycle
[184.932s][info][gc,marking  ] GC(361) Concurrent Scan Root Regions
[184.937s][info][gc,marking  ] GC(361) Concurrent Scan Root Regions 4.551ms
[184.937s][info][gc,marking  ] GC(361) Concurrent Mark
[184.937s][info][gc,marking  ] GC(361) Concurrent Mark From Roots
[184.937s][info][gc,task     ] GC(361) Using 1 workers of 1 for marking
[184.996s][info][gc,marking  ] GC(361) Concurrent Mark From Roots 59.147ms
[184.996s][info][gc,marking  ] GC(361) Concurrent Preclean
[184.996s][info][gc,marking  ] GC(361) Concurrent Preclean 0.067ms
[184.996s][info][gc,start    ] GC(361) Pause Remark
[185.005s][info][gc          ] GC(361) Pause Remark 291M->291M(644M) 8.720ms
[185.005s][info][gc,cpu      ] GC(361) User=0.02s Sys=0.00s Real=0.01s
[185.005s][info][gc,marking  ] GC(361) Concurrent Mark 68.500ms
[185.005s][info][gc,marking  ] GC(361) Concurrent Rebuild Remembered Sets and Scrub Regions
[185.023s][info][gc,marking  ] GC(361) Concurrent Rebuild Remembered Sets and Scrub Regions 17.325ms
[185.023s][info][gc,start    ] GC(361) Pause Cleanup
[185.023s][info][gc          ] GC(361) Pause Cleanup 294M->294M(644M) 0.057ms
[185.023s][info][gc,cpu      ] GC(361) User=0.00s Sys=0.00s Real=0.00s
[185.023s][info][gc,marking  ] GC(361) Concurrent Clear Claimed Marks
[185.023s][info][gc,marking  ] GC(361) Concurrent Clear Claimed Marks 0.084ms
[185.023s][info][gc,marking  ] GC(361) Concurrent Cleanup for Next Mark
[185.027s][info][gc,marking  ] GC(361) Concurrent Cleanup for Next Mark 3.900ms
[185.027s][info][gc          ] GC(361) Concurrent Mark Cycle 95.051ms
[185.754s][info][gc,start    ] GC(362) Pause Young (Prepare Mixed) (G1 Evacuation Pause)
[185.754s][info][gc,task     ] GC(362) Using 2 workers of 2 for evacuation
[185.759s][info][gc,phases   ] GC(362)   Pre Evacuate Collection Set: 0.29ms
[185.759s][info][gc,phases   ] GC(362)   Merge Heap Roots: 0.13ms
[185.759s][info][gc,phases   ] GC(362)   Evacuate Collection Set: 3.59ms
[185.759s][info][gc,phases   ] GC(362)   Post Evacuate Collection Set: 0.63ms
[185.759s][info][gc,phases   ] GC(362)   Other: 0.11ms
[185.759s][info][gc,heap     ] GC(362) Eden regions: 351->0(351)
[185.759s][info][gc,heap     ] GC(362) Survivor regions: 2->2(45)
[185.759s][info][gc,heap     ] GC(362) Old regions: 49->49
[185.759s][info][gc,heap     ] GC(362) Humongous regions: 207->207
[185.759s][info][gc,metaspace] GC(362) Metaspace: 56650K(56960K)->56650K(56960K) NonClass: 51031K(51264K)->51031K(51264K) Class: 5618K(5696K)->5618K(5696K)
[185.759s][info][gc          ] GC(362) Pause Young (Prepare Mixed) (G1 Evacuation Pause) 608M->257M(644M) 4.935ms
[185.759s][info][gc,cpu      ] GC(362) User=0.01s Sys=0.00s Real=0.00s
[186.638s][info][gc,start    ] GC(363) Pause Young (Mixed) (G1 Evacuation Pause)
[186.638s][info][gc,task     ] GC(363) Using 2 workers of 2 for evacuation
[186.643s][info][gc,phases   ] GC(363)   Pre Evacuate Collection Set: 0.28ms
[186.643s][info][gc,phases   ] GC(363)   Merge Heap Roots: 0.12ms
[186.643s][info][gc,phases   ] GC(363)   Evacuate Collection Set: 3.95ms
[186.643s][info][gc,phases   ] GC(363)   Post Evacuate Collection Set: 0.65ms
[186.643s][info][gc,phases   ] GC(363)   Other: 0.07ms
[186.643s][info][gc,heap     ] GC(363) Eden regions: 351->0(352)
[186.643s][info][gc,heap     ] GC(363) Survivor regions: 2->3(45)
[186.643s][info][gc,heap     ] GC(363) Old regions: 49->46
[186.643s][info][gc,heap     ] GC(363) Humongous regions: 207->207
[186.643s][info][gc,metaspace] GC(363) Metaspace: 56650K(56960K)->56650K(56960K) NonClass: 51031K(51264K)->51031K(51264K) Class: 5618K(5696K)->5618K(5696K)
[186.643s][info][gc          ] GC(363) Pause Young (Mixed) (G1 Evacuation Pause) 608M->255M(644M) 5.263ms
[186.643s][info][gc,cpu      ] GC(363) User=0.01s Sys=0.00s Real=0.01s
[187.469s][info][gc,start    ] GC(364) Pause Young (Concurrent Start) (G1 Evacuation Pause)
[187.469s][info][gc,task     ] GC(364) Using 2 workers of 2 for evacuation
[187.474s][info][gc,phases   ] GC(364)   Pre Evacuate Collection Set: 0.30ms
[187.474s][info][gc,phases   ] GC(364)   Merge Heap Roots: 0.11ms
[187.474s][info][gc,phases   ] GC(364)   Evacuate Collection Set: 3.26ms
[187.474s][info][gc,phases   ] GC(364)   Post Evacuate Collection Set: 0.65ms
[187.474s][info][gc,phases   ] GC(364)   Other: 0.13ms
[187.474s][info][gc,heap     ] GC(364) Eden regions: 352->0(354)
[187.474s][info][gc,heap     ] GC(364) Survivor regions: 3->2(45)
[187.474s][info][gc,heap     ] GC(364) Old regions: 46->46
[187.474s][info][gc,heap     ] GC(364) Humongous regions: 207->207
[187.474s][info][gc,metaspace] GC(364) Metaspace: 56650K(56960K)->56650K(56960K) NonClass: 51031K(51264K)->51031K(51264K) Class: 5618K(5696K)->5618K(5696K)
[187.474s][info][gc          ] GC(364) Pause Young (Concurrent Start) (G1 Evacuation Pause) 607M->254M(644M) 4.636ms
[187.474s][info][gc,cpu      ] GC(364) User=0.01s Sys=0.00s Real=0.01s
[187.474s][info][gc          ] GC(365) Concurrent Mark Cycle
[187.474s][info][gc,marking  ] GC(365) Concurrent Scan Root Regions
[187.476s][info][gc,marking  ] GC(365) Concurrent Scan Root Regions 2.097ms
[187.476s][info][gc,marking  ] GC(365) Concurrent Mark
[187.476s][info][gc,marking  ] GC(365) Concurrent Mark From Roots
[187.476s][info][gc,task     ] GC(365) Using 1 workers of 1 for marking
[187.519s][info][gc,marking  ] GC(365) Concurrent Mark From Roots 43.354ms
[187.519s][info][gc,marking  ] GC(365) Concurrent Preclean
[187.519s][info][gc,marking  ] GC(365) Concurrent Preclean 0.092ms
[187.520s][info][gc,start    ] GC(365) Pause Remark
[187.528s][info][gc          ] GC(365) Pause Remark 260M->260M(644M) 8.528ms
[187.528s][info][gc,cpu      ] GC(365) User=0.01s Sys=0.00s Real=0.01s
[187.528s][info][gc,marking  ] GC(365) Concurrent Mark 52.515ms
[187.528s][info][gc,marking  ] GC(365) Concurrent Rebuild Remembered Sets and Scrub Regions
[187.553s][info][gc,marking  ] GC(365) Concurrent Rebuild Remembered Sets and Scrub Regions 24.827ms
[187.553s][info][gc,start    ] GC(365) Pause Cleanup
[187.554s][info][gc          ] GC(365) Pause Cleanup 279M->279M(644M) 0.067ms
[187.554s][info][gc,cpu      ] GC(365) User=0.00s Sys=0.00s Real=0.00s
[187.554s][info][gc,marking  ] GC(365) Concurrent Clear Claimed Marks
[187.554s][info][gc,marking  ] GC(365) Concurrent Clear Claimed Marks 0.086ms
[187.554s][info][gc,marking  ] GC(365) Concurrent Cleanup for Next Mark
[187.556s][info][gc,marking  ] GC(365) Concurrent Cleanup for Next Mark 1.872ms
[187.556s][info][gc          ] GC(365) Concurrent Mark Cycle 81.808ms
[188.403s][info][gc,start    ] GC(366) Pause Young (Prepare Mixed) (G1 Evacuation Pause)
[188.403s][info][gc,task     ] GC(366) Using 2 workers of 2 for evacuation
[188.408s][info][gc,phases   ] GC(366)   Pre Evacuate Collection Set: 0.28ms
[188.408s][info][gc,phases   ] GC(366)   Merge Heap Roots: 0.16ms
[188.408s][info][gc,phases   ] GC(366)   Evacuate Collection Set: 4.15ms
[188.408s][info][gc,phases   ] GC(366)   Post Evacuate Collection Set: 0.63ms
[188.408s][info][gc,phases   ] GC(366)   Other: 0.13ms
[188.409s][info][gc,heap     ] GC(366) Eden regions: 354->0(350)
[188.409s][info][gc,heap     ] GC(366) Survivor regions: 2->4(45)
[188.409s][info][gc,heap     ] GC(366) Old regions: 46->46
[188.409s][info][gc,heap     ] GC(366) Humongous regions: 207->207
[188.409s][info][gc,metaspace] GC(366) Metaspace: 56650K(56960K)->56650K(56960K) NonClass: 51031K(51264K)->51031K(51264K) Class: 5618K(5696K)->5618K(5696K)
[188.409s][info][gc          ] GC(366) Pause Young (Prepare Mixed) (G1 Evacuation Pause) 608M->255M(644M) 5.560ms
[188.409s][info][gc,cpu      ] GC(366) User=0.01s Sys=0.00s Real=0.00s
[189.220s][info][gc,start    ] GC(367) Pause Young (Mixed) (G1 Evacuation Pause)
[189.221s][info][gc,task     ] GC(367) Using 2 workers of 2 for evacuation
[189.224s][info][gc,phases   ] GC(367)   Pre Evacuate Collection Set: 0.28ms
[189.224s][info][gc,phases   ] GC(367)   Merge Heap Roots: 0.11ms
[189.224s][info][gc,phases   ] GC(367)   Evacuate Collection Set: 2.24ms
[189.224s][info][gc,phases   ] GC(367)   Post Evacuate Collection Set: 0.67ms
[189.224s][info][gc,phases   ] GC(367)   Other: 0.07ms
[189.224s][info][gc,heap     ] GC(367) Eden regions: 350->0(359)
[189.224s][info][gc,heap     ] GC(367) Survivor regions: 4->1(45)
[189.224s][info][gc,heap     ] GC(367) Old regions: 46->43
[189.224s][info][gc,heap     ] GC(367) Humongous regions: 207->207
[189.224s][info][gc,metaspace] GC(367) Metaspace: 56650K(56960K)->56650K(56960K) NonClass: 51031K(51264K)->51031K(51264K) Class: 5618K(5696K)->5618K(5696K)
[189.224s][info][gc          ] GC(367) Pause Young (Mixed) (G1 Evacuation Pause) 605M->250M(644M) 3.534ms
[189.224s][info][gc,cpu      ] GC(367) User=0.01s Sys=0.00s Real=0.00s
[190.062s][info][gc,start    ] GC(368) Pause Young (Concurrent Start) (G1 Evacuation Pause)
[190.062s][info][gc,task     ] GC(368) Using 2 workers of 2 for evacuation
[190.067s][info][gc,phases   ] GC(368)   Pre Evacuate Collection Set: 0.29ms
[190.067s][info][gc,phases   ] GC(368)   Merge Heap Roots: 0.10ms
[190.067s][info][gc,phases   ] GC(368)   Evacuate Collection Set: 3.96ms
[190.067s][info][gc,phases   ] GC(368)   Post Evacuate Collection Set: 0.66ms
[190.067s][info][gc,phases   ] GC(368)   Other: 0.11ms
[190.067s][info][gc,heap     ] GC(368) Eden regions: 359->0(355)
[190.067s][info][gc,heap     ] GC(368) Survivor regions: 1->3(45)
[190.067s][info][gc,heap     ] GC(368) Old regions: 43->43
[190.067s][info][gc,heap     ] GC(368) Humongous regions: 207->207
[190.067s][info][gc,metaspace] GC(368) Metaspace: 56655K(56960K)->56655K(56960K) NonClass: 51036K(51264K)->51036K(51264K) Class: 5618K(5696K)->5618K(5696K)
[190.067s][info][gc          ] GC(368) Pause Young (Concurrent Start) (G1 Evacuation Pause) 609M->251M(644M) 5.279ms
[190.067s][info][gc,cpu      ] GC(368) User=0.01s Sys=0.00s Real=0.00s
[190.067s][info][gc          ] GC(369) Concurrent Mark Cycle
[190.068s][info][gc,marking  ] GC(369) Concurrent Scan Root Regions
[190.072s][info][gc,marking  ] GC(369) Concurrent Scan Root Regions 4.438ms
[190.072s][info][gc,marking  ] GC(369) Concurrent Mark
[190.072s][info][gc,marking  ] GC(369) Concurrent Mark From Roots
[190.072s][info][gc,task     ] GC(369) Using 1 workers of 1 for marking
[190.112s][info][gc,marking  ] GC(369) Concurrent Mark From Roots 40.420ms
[190.112s][info][gc,marking  ] GC(369) Concurrent Preclean
[190.113s][info][gc,marking  ] GC(369) Concurrent Preclean 0.064ms
[190.113s][info][gc,start    ] GC(369) Pause Remark
[190.121s][info][gc          ] GC(369) Pause Remark 260M->260M(644M) 8.546ms
[190.121s][info][gc,cpu      ] GC(369) User=0.01s Sys=0.00s Real=0.01s
[190.122s][info][gc,marking  ] GC(369) Concurrent Mark 50.283ms
[190.122s][info][gc,marking  ] GC(369) Concurrent Rebuild Remembered Sets and Scrub Regions
[190.149s][info][gc,marking  ] GC(369) Concurrent Rebuild Remembered Sets and Scrub Regions 26.822ms
[190.149s][info][gc,start    ] GC(369) Pause Cleanup
[190.149s][info][gc          ] GC(369) Pause Cleanup 283M->283M(644M) 0.071ms
[190.149s][info][gc,cpu      ] GC(369) User=0.00s Sys=0.00s Real=0.00s
[190.150s][info][gc,marking  ] GC(369) Concurrent Clear Claimed Marks
[190.150s][info][gc,marking  ] GC(369) Concurrent Clear Claimed Marks 0.105ms
[190.150s][info][gc,marking  ] GC(369) Concurrent Cleanup for Next Mark
[190.154s][info][gc,marking  ] GC(369) Concurrent Cleanup for Next Mark 3.177ms
[190.154s][info][gc          ] GC(369) Concurrent Mark Cycle 86.404ms
[190.939s][info][gc,start    ] GC(370) Pause Young (Prepare Mixed) (G1 Evacuation Pause)
[190.939s][info][gc,task     ] GC(370) Using 2 workers of 2 for evacuation
[190.945s][info][gc,phases   ] GC(370)   Pre Evacuate Collection Set: 0.28ms
[190.945s][info][gc,phases   ] GC(370)   Merge Heap Roots: 0.13ms
[190.945s][info][gc,phases   ] GC(370)   Evacuate Collection Set: 4.04ms
[190.945s][info][gc,phases   ] GC(370)   Post Evacuate Collection Set: 0.65ms
[190.945s][info][gc,phases   ] GC(370)   Other: 0.08ms
[190.945s][info][gc,heap     ] GC(370) Eden regions: 355->0(355)
[190.945s][info][gc,heap     ] GC(370) Survivor regions: 3->3(45)
[190.945s][info][gc,heap     ] GC(370) Old regions: 43->43
[190.945s][info][gc,heap     ] GC(370) Humongous regions: 207->207
[190.945s][info][gc,metaspace] GC(370) Metaspace: 56655K(56960K)->56655K(56960K) NonClass: 51036K(51264K)->51036K(51264K) Class: 5618K(5696K)->5618K(5696K)
[190.945s][info][gc          ] GC(370) Pause Young (Prepare Mixed) (G1 Evacuation Pause) 606M->252M(644M) 5.399ms
[190.945s][info][gc,cpu      ] GC(370) User=0.01s Sys=0.00s Real=0.01s
[191.768s][info][gc,start    ] GC(371) Pause Young (Mixed) (G1 Evacuation Pause)
[191.768s][info][gc,task     ] GC(371) Using 2 workers of 2 for evacuation
[191.771s][info][gc,phases   ] GC(371)   Pre Evacuate Collection Set: 0.29ms
[191.771s][info][gc,phases   ] GC(371)   Merge Heap Roots: 0.11ms
[191.771s][info][gc,phases   ] GC(371)   Evacuate Collection Set: 2.36ms
[191.771s][info][gc,phases   ] GC(371)   Post Evacuate Collection Set: 0.62ms
[191.771s][info][gc,phases   ] GC(371)   Other: 0.09ms
[191.771s][info][gc,heap     ] GC(371) Eden regions: 355->0(361)
[191.771s][info][gc,heap     ] GC(371) Survivor regions: 3->1(45)
[191.771s][info][gc,heap     ] GC(371) Old regions: 43->41
[191.771s][info][gc,heap     ] GC(371) Humongous regions: 207->207
[191.771s][info][gc,metaspace] GC(371) Metaspace: 56655K(56960K)->56655K(56960K) NonClass: 51036K(51264K)->51036K(51264K) Class: 5618K(5696K)->5618K(5696K)
[191.771s][info][gc          ] GC(371) Pause Young (Mixed) (G1 Evacuation Pause) 607M->248M(644M) 3.650ms
[191.771s][info][gc,cpu      ] GC(371) User=0.01s Sys=0.00s Real=0.01s
[192.843s][info][gc,start    ] GC(372) Pause Young (Concurrent Start) (G1 Evacuation Pause)
[192.843s][info][gc,task     ] GC(372) Using 2 workers of 2 for evacuation
[192.849s][info][gc,phases   ] GC(372)   Pre Evacuate Collection Set: 0.31ms
[192.849s][info][gc,phases   ] GC(372)   Merge Heap Roots: 0.11ms
[192.849s][info][gc,phases   ] GC(372)   Evacuate Collection Set: 5.06ms
[192.849s][info][gc,phases   ] GC(372)   Post Evacuate Collection Set: 0.65ms
[192.849s][info][gc,phases   ] GC(372)   Other: 0.09ms
[192.849s][info][gc,heap     ] GC(372) Eden regions: 361->0(357)
[192.849s][info][gc,heap     ] GC(372) Survivor regions: 1->3(46)
[192.849s][info][gc,heap     ] GC(372) Old regions: 41->41
[192.849s][info][gc,heap     ] GC(372) Humongous regions: 207->207
[192.849s][info][gc,metaspace] GC(372) Metaspace: 56655K(56960K)->56655K(56960K) NonClass: 51036K(51264K)->51036K(51264K) Class: 5618K(5696K)->5618K(5696K)
[192.849s][info][gc          ] GC(372) Pause Young (Concurrent Start) (G1 Evacuation Pause) 609M->250M(644M) 6.390ms
[192.849s][info][gc,cpu      ] GC(372) User=0.01s Sys=0.00s Real=0.00s
[192.849s][info][gc          ] GC(373) Concurrent Mark Cycle
[192.850s][info][gc,marking  ] GC(373) Concurrent Scan Root Regions
[192.858s][info][gc,marking  ] GC(373) Concurrent Scan Root Regions 8.793ms
[192.858s][info][gc,marking  ] GC(373) Concurrent Mark
[192.858s][info][gc,marking  ] GC(373) Concurrent Mark From Roots
[192.858s][info][gc,task     ] GC(373) Using 1 workers of 1 for marking
[192.920s][info][gc,marking  ] GC(373) Concurrent Mark From Roots 61.133ms
[192.920s][info][gc,marking  ] GC(373) Concurrent Preclean
[192.920s][info][gc,marking  ] GC(373) Concurrent Preclean 0.081ms
[192.920s][info][gc,start    ] GC(373) Pause Remark
[192.928s][info][gc          ] GC(373) Pause Remark 291M->291M(644M) 8.646ms
[192.929s][info][gc,cpu      ] GC(373) User=0.02s Sys=0.00s Real=0.01s
[192.929s][info][gc,marking  ] GC(373) Concurrent Mark 70.167ms
[192.929s][info][gc,marking  ] GC(373) Concurrent Rebuild Remembered Sets and Scrub Regions
[192.946s][info][gc,marking  ] GC(373) Concurrent Rebuild Remembered Sets and Scrub Regions 17.307ms
[192.946s][info][gc,start    ] GC(373) Pause Cleanup
[192.946s][info][gc          ] GC(373) Pause Cleanup 298M->298M(644M) 0.068ms
[192.946s][info][gc,cpu      ] GC(373) User=0.00s Sys=0.00s Real=0.00s
[192.946s][info][gc,marking  ] GC(373) Concurrent Clear Claimed Marks
[192.946s][info][gc,marking  ] GC(373) Concurrent Clear Claimed Marks 0.088ms
[192.946s][info][gc,marking  ] GC(373) Concurrent Cleanup for Next Mark
[192.948s][info][gc,marking  ] GC(373) Concurrent Cleanup for Next Mark 1.898ms
[192.948s][info][gc          ] GC(373) Concurrent Mark Cycle 98.954ms
[193.637s][info][gc,start    ] GC(374) Pause Young (Prepare Mixed) (G1 Evacuation Pause)
[193.637s][info][gc,task     ] GC(374) Using 2 workers of 2 for evacuation
[193.642s][info][gc,phases   ] GC(374)   Pre Evacuate Collection Set: 0.27ms
[193.642s][info][gc,phases   ] GC(374)   Merge Heap Roots: 0.12ms
[193.642s][info][gc,phases   ] GC(374)   Evacuate Collection Set: 4.07ms
[193.642s][info][gc,phases   ] GC(374)   Post Evacuate Collection Set: 0.65ms
[193.642s][info][gc,phases   ] GC(374)   Other: 0.10ms
[193.642s][info][gc,heap     ] GC(374) Eden regions: 357->0(357)
[193.642s][info][gc,heap     ] GC(374) Survivor regions: 3->3(45)
[193.642s][info][gc,heap     ] GC(374) Old regions: 41->41
[193.642s][info][gc,heap     ] GC(374) Humongous regions: 207->207
[193.642s][info][gc,metaspace] GC(374) Metaspace: 56655K(56960K)->56655K(56960K) NonClass: 51036K(51264K)->51036K(51264K) Class: 5618K(5696K)->5618K(5696K)
[193.642s][info][gc          ] GC(374) Pause Young (Prepare Mixed) (G1 Evacuation Pause) 607M->250M(644M) 5.385ms
[193.642s][info][gc,cpu      ] GC(374) User=0.01s Sys=0.00s Real=0.01s
[194.529s][info][gc,start    ] GC(375) Pause Young (Mixed) (G1 Evacuation Pause)
[194.529s][info][gc,task     ] GC(375) Using 2 workers of 2 for evacuation
[194.533s][info][gc,phases   ] GC(375)   Pre Evacuate Collection Set: 0.28ms
[194.533s][info][gc,phases   ] GC(375)   Merge Heap Roots: 0.11ms
[194.533s][info][gc,phases   ] GC(375)   Evacuate Collection Set: 2.68ms
[194.533s][info][gc,phases   ] GC(375)   Post Evacuate Collection Set: 0.63ms
[194.533s][info][gc,phases   ] GC(375)   Other: 0.10ms
[194.533s][info][gc,heap     ] GC(375) Eden regions: 357->0(363)
[194.533s][info][gc,heap     ] GC(375) Survivor regions: 3->1(45)
[194.533s][info][gc,heap     ] GC(375) Old regions: 41->39
[194.533s][info][gc,heap     ] GC(375) Humongous regions: 207->207
[194.533s][info][gc,metaspace] GC(375) Metaspace: 56655K(56960K)->56655K(56960K) NonClass: 51036K(51264K)->51036K(51264K) Class: 5618K(5696K)->5618K(5696K)
[194.533s][info][gc          ] GC(375) Pause Young (Mixed) (G1 Evacuation Pause) 607M->246M(644M) 3.975ms
[194.533s][info][gc,cpu      ] GC(375) User=0.01s Sys=0.00s Real=0.01s
[195.424s][info][gc,start    ] GC(376) Pause Young (Concurrent Start) (G1 Evacuation Pause)
[195.424s][info][gc,task     ] GC(376) Using 2 workers of 2 for evacuation
[195.428s][info][gc,phases   ] GC(376)   Pre Evacuate Collection Set: 0.29ms
[195.428s][info][gc,phases   ] GC(376)   Merge Heap Roots: 0.11ms
[195.428s][info][gc,phases   ] GC(376)   Evacuate Collection Set: 2.76ms
[195.428s][info][gc,phases   ] GC(376)   Post Evacuate Collection Set: 0.63ms
[195.428s][info][gc,phases   ] GC(376)   Other: 0.12ms
[195.428s][info][gc,heap     ] GC(376) Eden regions: 363->0(361)
[195.428s][info][gc,heap     ] GC(376) Survivor regions: 1->2(46)
[195.428s][info][gc,heap     ] GC(376) Old regions: 39->39
[195.428s][info][gc,heap     ] GC(376) Humongous regions: 207->207
[195.428s][info][gc,metaspace] GC(376) Metaspace: 56657K(56960K)->56657K(56960K) NonClass: 51039K(51264K)->51039K(51264K) Class: 5618K(5696K)->5618K(5696K)
[195.428s][info][gc          ] GC(376) Pause Young (Concurrent Start) (G1 Evacuation Pause) 609M->247M(644M) 4.128ms
[195.428s][info][gc,cpu      ] GC(376) User=0.01s Sys=0.00s Real=0.00s
[195.428s][info][gc          ] GC(377) Concurrent Mark Cycle
[195.430s][info][gc,marking  ] GC(377) Concurrent Scan Root Regions
[195.433s][info][gc,marking  ] GC(377) Concurrent Scan Root Regions 2.864ms
[195.433s][info][gc,marking  ] GC(377) Concurrent Mark
[195.433s][info][gc,marking  ] GC(377) Concurrent Mark From Roots
[195.433s][info][gc,task     ] GC(377) Using 1 workers of 1 for marking
[195.493s][info][gc,marking  ] GC(377) Concurrent Mark From Roots 60.402ms
[195.493s][info][gc,marking  ] GC(377) Concurrent Preclean
[195.493s][info][gc,marking  ] GC(377) Concurrent Preclean 0.085ms
[195.494s][info][gc,start    ] GC(377) Pause Remark
[195.503s][info][gc          ] GC(377) Pause Remark 283M->283M(644M) 8.761ms
[195.503s][info][gc,cpu      ] GC(377) User=0.01s Sys=0.00s Real=0.01s
[195.504s][info][gc,marking  ] GC(377) Concurrent Mark 70.582ms
[195.504s][info][gc,marking  ] GC(377) Concurrent Rebuild Remembered Sets and Scrub Regions
[195.521s][info][gc,marking  ] GC(377) Concurrent Rebuild Remembered Sets and Scrub Regions 17.345ms
[195.521s][info][gc,start    ] GC(377) Pause Cleanup
[195.521s][info][gc          ] GC(377) Pause Cleanup 286M->286M(644M) 0.058ms
[195.521s][info][gc,cpu      ] GC(377) User=0.00s Sys=0.00s Real=0.00s
[195.522s][info][gc,marking  ] GC(377) Concurrent Clear Claimed Marks
[195.522s][info][gc,marking  ] GC(377) Concurrent Clear Claimed Marks 0.104ms
[195.522s][info][gc,marking  ] GC(377) Concurrent Cleanup for Next Mark
[195.524s][info][gc,marking  ] GC(377) Concurrent Cleanup for Next Mark 2.031ms
[195.524s][info][gc          ] GC(377) Concurrent Mark Cycle 95.569ms
[196.300s][info][gc,start    ] GC(378) Pause Young (Prepare Mixed) (G1 Evacuation Pause)
[196.300s][info][gc,task     ] GC(378) Using 2 workers of 2 for evacuation
[196.303s][info][gc,phases   ] GC(378)   Pre Evacuate Collection Set: 0.28ms
[196.303s][info][gc,phases   ] GC(378)   Merge Heap Roots: 0.13ms
[196.303s][info][gc,phases   ] GC(378)   Evacuate Collection Set: 2.27ms
[196.303s][info][gc,phases   ] GC(378)   Post Evacuate Collection Set: 0.63ms
[196.303s][info][gc,phases   ] GC(378)   Other: 0.08ms
[196.303s][info][gc,heap     ] GC(378) Eden regions: 361->0(361)
[196.303s][info][gc,heap     ] GC(378) Survivor regions: 2->2(46)
[196.303s][info][gc,heap     ] GC(378) Old regions: 39->39
[196.303s][info][gc,heap     ] GC(378) Humongous regions: 207->207
[196.303s][info][gc,metaspace] GC(378) Metaspace: 56657K(56960K)->56657K(56960K) NonClass: 51039K(51264K)->51039K(51264K) Class: 5618K(5696K)->5618K(5696K)
[196.303s][info][gc          ] GC(378) Pause Young (Prepare Mixed) (G1 Evacuation Pause) 608M->247M(644M) 3.558ms
[196.303s][info][gc,cpu      ] GC(378) User=0.00s Sys=0.00s Real=0.01s
[197.156s][info][gc,start    ] GC(379) Pause Young (Mixed) (G1 Evacuation Pause)
[197.156s][info][gc,task     ] GC(379) Using 2 workers of 2 for evacuation
[197.164s][info][gc,phases   ] GC(379)   Pre Evacuate Collection Set: 0.28ms
[197.164s][info][gc,phases   ] GC(379)   Merge Heap Roots: 0.13ms
[197.164s][info][gc,phases   ] GC(379)   Evacuate Collection Set: 6.51ms
[197.164s][info][gc,phases   ] GC(379)   Post Evacuate Collection Set: 0.69ms
[197.164s][info][gc,phases   ] GC(379)   Other: 0.07ms
[197.164s][info][gc,heap     ] GC(379) Eden regions: 361->0(358)
[197.164s][info][gc,heap     ] GC(379) Survivor regions: 2->4(46)
[197.164s][info][gc,heap     ] GC(379) Old regions: 39->38
[197.164s][info][gc,heap     ] GC(379) Humongous regions: 207->207
[197.164s][info][gc,metaspace] GC(379) Metaspace: 56657K(56960K)->56657K(56960K) NonClass: 51039K(51264K)->51039K(51264K) Class: 5618K(5696K)->5618K(5696K)
[197.164s][info][gc          ] GC(379) Pause Young (Mixed) (G1 Evacuation Pause) 608M->248M(644M) 7.852ms
[197.164s][info][gc,cpu      ] GC(379) User=0.01s Sys=0.00s Real=0.01s
[198.035s][info][gc,start    ] GC(380) Pause Young (Concurrent Start) (G1 Evacuation Pause)
[198.035s][info][gc,task     ] GC(380) Using 2 workers of 2 for evacuation
[198.040s][info][gc,phases   ] GC(380)   Pre Evacuate Collection Set: 0.28ms
[198.040s][info][gc,phases   ] GC(380)   Merge Heap Roots: 0.11ms
[198.040s][info][gc,phases   ] GC(380)   Evacuate Collection Set: 3.75ms
[198.040s][info][gc,phases   ] GC(380)   Post Evacuate Collection Set: 0.64ms
[198.040s][info][gc,phases   ] GC(380)   Other: 0.10ms
[198.040s][info][gc,heap     ] GC(380) Eden regions: 358->0(362)
[198.040s][info][gc,heap     ] GC(380) Survivor regions: 4->2(46)
[198.040s][info][gc,heap     ] GC(380) Old regions: 38->38
[198.040s][info][gc,heap     ] GC(380) Humongous regions: 207->207
[198.040s][info][gc,metaspace] GC(380) Metaspace: 56657K(56960K)->56657K(56960K) NonClass: 51039K(51264K)->51039K(51264K) Class: 5618K(5696K)->5618K(5696K)
[198.040s][info][gc          ] GC(380) Pause Young (Concurrent Start) (G1 Evacuation Pause) 606M->246M(644M) 5.084ms
[198.040s][info][gc,cpu      ] GC(380) User=0.01s Sys=0.00s Real=0.00s
[198.040s][info][gc          ] GC(381) Concurrent Mark Cycle
[198.041s][info][gc,marking  ] GC(381) Concurrent Scan Root Regions
[198.047s][info][gc,marking  ] GC(381) Concurrent Scan Root Regions 5.450ms
[198.047s][info][gc,marking  ] GC(381) Concurrent Mark
[198.047s][info][gc,marking  ] GC(381) Concurrent Mark From Roots
[198.047s][info][gc,task     ] GC(381) Using 1 workers of 1 for marking
[198.104s][info][gc,marking  ] GC(381) Concurrent Mark From Roots 57.231ms
[198.104s][info][gc,marking  ] GC(381) Concurrent Preclean
[198.104s][info][gc,marking  ] GC(381) Concurrent Preclean 0.066ms
[198.104s][info][gc,start    ] GC(381) Pause Remark
[198.113s][info][gc          ] GC(381) Pause Remark 274M->274M(644M) 8.609ms
[198.113s][info][gc,cpu      ] GC(381) User=0.01s Sys=0.00s Real=0.01s
[198.113s][info][gc,marking  ] GC(381) Concurrent Mark 66.123ms
[198.113s][info][gc,marking  ] GC(381) Concurrent Rebuild Remembered Sets and Scrub Regions
[198.128s][info][gc,marking  ] GC(381) Concurrent Rebuild Remembered Sets and Scrub Regions 14.884ms
[198.128s][info][gc,start    ] GC(381) Pause Cleanup
[198.128s][info][gc          ] GC(381) Pause Cleanup 280M->280M(644M) 0.055ms
[198.128s][info][gc,cpu      ] GC(381) User=0.00s Sys=0.00s Real=0.00s
[198.128s][info][gc,marking  ] GC(381) Concurrent Clear Claimed Marks
[198.128s][info][gc,marking  ] GC(381) Concurrent Clear Claimed Marks 0.083ms
[198.128s][info][gc,marking  ] GC(381) Concurrent Cleanup for Next Mark
[198.130s][info][gc,marking  ] GC(381) Concurrent Cleanup for Next Mark 1.875ms
[198.130s][info][gc          ] GC(381) Concurrent Mark Cycle 90.416ms
[198.929s][info][gc,start    ] GC(382) Pause Young (Prepare Mixed) (G1 Evacuation Pause)
[198.929s][info][gc,task     ] GC(382) Using 2 workers of 2 for evacuation
[198.933s][info][gc,phases   ] GC(382)   Pre Evacuate Collection Set: 0.28ms
[198.934s][info][gc,phases   ] GC(382)   Merge Heap Roots: 0.13ms
[198.934s][info][gc,phases   ] GC(382)   Evacuate Collection Set: 3.13ms
[198.934s][info][gc,phases   ] GC(382)   Post Evacuate Collection Set: 0.68ms
[198.934s][info][gc,phases   ] GC(382)   Other: 0.08ms
[198.934s][info][gc,heap     ] GC(382) Eden regions: 362->0(360)
[198.934s][info][gc,heap     ] GC(382) Survivor regions: 2->3(46)
[198.934s][info][gc,heap     ] GC(382) Old regions: 38->38
[198.934s][info][gc,heap     ] GC(382) Humongous regions: 207->207
[198.934s][info][gc,metaspace] GC(382) Metaspace: 56657K(56960K)->56657K(56960K) NonClass: 51039K(51264K)->51039K(51264K) Class: 5618K(5696K)->5618K(5696K)
[198.934s][info][gc          ] GC(382) Pause Young (Prepare Mixed) (G1 Evacuation Pause) 608M->246M(644M) 4.492ms
[198.934s][info][gc,cpu      ] GC(382) User=0.00s Sys=0.00s Real=0.01s
[199.821s][info][gc,start    ] GC(383) Pause Young (Mixed) (G1 Evacuation Pause)
[199.821s][info][gc,task     ] GC(383) Using 2 workers of 2 for evacuation
[199.825s][info][gc,phases   ] GC(383)   Pre Evacuate Collection Set: 0.27ms
[199.825s][info][gc,phases   ] GC(383)   Merge Heap Roots: 0.13ms
[199.825s][info][gc,phases   ] GC(383)   Evacuate Collection Set: 2.46ms
[199.825s][info][gc,phases   ] GC(383)   Post Evacuate Collection Set: 0.70ms
[199.825s][info][gc,phases   ] GC(383)   Other: 0.10ms
[199.825s][info][gc,heap     ] GC(383) Eden regions: 360->0(364)
[199.825s][info][gc,heap     ] GC(383) Survivor regions: 3->1(46)
[199.825s][info][gc,heap     ] GC(383) Old regions: 38->38
[199.825s][info][gc,heap     ] GC(383) Humongous regions: 207->207
[199.825s][info][gc,metaspace] GC(383) Metaspace: 56657K(56960K)->56657K(56960K) NonClass: 51039K(51264K)->51039K(51264K) Class: 5618K(5696K)->5618K(5696K)
[199.825s][info][gc          ] GC(383) Pause Young (Mixed) (G1 Evacuation Pause) 606M->244M(644M) 3.842ms
[199.825s][info][gc,cpu      ] GC(383) User=0.00s Sys=0.00s Real=0.00s
[200.664s][info][gc,start    ] GC(384) Pause Young (Concurrent Start) (G1 Evacuation Pause)
[200.665s][info][gc,task     ] GC(384) Using 2 workers of 2 for evacuation
[200.669s][info][gc,phases   ] GC(384)   Pre Evacuate Collection Set: 0.29ms
[200.669s][info][gc,phases   ] GC(384)   Merge Heap Roots: 0.11ms
[200.669s][info][gc,phases   ] GC(384)   Evacuate Collection Set: 3.51ms
[200.669s][info][gc,phases   ] GC(384)   Post Evacuate Collection Set: 0.64ms
[200.669s][info][gc,phases   ] GC(384)   Other: 0.10ms
[200.669s][info][gc,heap     ] GC(384) Eden regions: 364->0(362)
[200.669s][info][gc,heap     ] GC(384) Survivor regions: 1->2(46)
[200.669s][info][gc,heap     ] GC(384) Old regions: 38->38
[200.669s][info][gc,heap     ] GC(384) Humongous regions: 207->207
[200.669s][info][gc,metaspace] GC(384) Metaspace: 56657K(56960K)->56657K(56960K) NonClass: 51039K(51264K)->51039K(51264K) Class: 5618K(5696K)->5618K(5696K)
[200.669s][info][gc          ] GC(384) Pause Young (Concurrent Start) (G1 Evacuation Pause) 608M->245M(644M) 4.814ms
[200.669s][info][gc,cpu      ] GC(384) User=0.01s Sys=0.00s Real=0.00s
[200.670s][info][gc          ] GC(385) Concurrent Mark Cycle
[200.670s][info][gc,marking  ] GC(385) Concurrent Scan Root Regions
[200.672s][info][gc,marking  ] GC(385) Concurrent Scan Root Regions 2.545ms
[200.672s][info][gc,marking  ] GC(385) Concurrent Mark
[200.672s][info][gc,marking  ] GC(385) Concurrent Mark From Roots
[200.672s][info][gc,task     ] GC(385) Using 1 workers of 1 for marking
[200.712s][info][gc,marking  ] GC(385) Concurrent Mark From Roots 39.684ms
[200.712s][info][gc,marking  ] GC(385) Concurrent Preclean
[200.712s][info][gc,marking  ] GC(385) Concurrent Preclean 0.061ms
[200.712s][info][gc,start    ] GC(385) Pause Remark
[200.721s][info][gc          ] GC(385) Pause Remark 252M->252M(644M) 8.625ms
[200.721s][info][gc,cpu      ] GC(385) User=0.01s Sys=0.00s Real=0.01s
[200.723s][info][gc,marking  ] GC(385) Concurrent Mark 50.379ms
[200.723s][info][gc,marking  ] GC(385) Concurrent Rebuild Remembered Sets and Scrub Regions
[200.756s][info][gc,marking  ] GC(385) Concurrent Rebuild Remembered Sets and Scrub Regions 33.005ms
[200.756s][info][gc,start    ] GC(385) Pause Cleanup
[200.756s][info][gc          ] GC(385) Pause Cleanup 277M->277M(644M) 0.071ms
[200.756s][info][gc,cpu      ] GC(385) User=0.00s Sys=0.00s Real=0.00s
[200.757s][info][gc,marking  ] GC(385) Concurrent Clear Claimed Marks
[200.757s][info][gc,marking  ] GC(385) Concurrent Clear Claimed Marks 0.101ms
[200.757s][info][gc,marking  ] GC(385) Concurrent Cleanup for Next Mark
[200.759s][info][gc,marking  ] GC(385) Concurrent Cleanup for Next Mark 1.927ms
[200.759s][info][gc          ] GC(385) Concurrent Mark Cycle 89.384ms
[201.549s][info][gc,start    ] GC(386) Pause Young (Prepare Mixed) (G1 Evacuation Pause)
[201.549s][info][gc,task     ] GC(386) Using 2 workers of 2 for evacuation
[201.556s][info][gc,phases   ] GC(386)   Pre Evacuate Collection Set: 0.28ms
[201.556s][info][gc,phases   ] GC(386)   Merge Heap Roots: 0.15ms
[201.556s][info][gc,phases   ] GC(386)   Evacuate Collection Set: 5.10ms
[201.556s][info][gc,phases   ] GC(386)   Post Evacuate Collection Set: 0.66ms
[201.556s][info][gc,phases   ] GC(386)   Other: 0.10ms
[201.556s][info][gc,heap     ] GC(386) Eden regions: 362->0(358)
[201.556s][info][gc,heap     ] GC(386) Survivor regions: 2->4(46)
[201.556s][info][gc,heap     ] GC(386) Old regions: 38->38
[201.556s][info][gc,heap     ] GC(386) Humongous regions: 207->207
[201.556s][info][gc,metaspace] GC(386) Metaspace: 56657K(56960K)->56657K(56960K) NonClass: 51039K(51264K)->51039K(51264K) Class: 5618K(5696K)->5618K(5696K)
[201.556s][info][gc          ] GC(386) Pause Young (Prepare Mixed) (G1 Evacuation Pause) 607M->247M(644M) 6.475ms
[201.556s][info][gc,cpu      ] GC(386) User=0.01s Sys=0.01s Real=0.01s
[202.438s][info][gc,start    ] GC(387) Pause Young (Mixed) (G1 Evacuation Pause)
[202.438s][info][gc,task     ] GC(387) Using 2 workers of 2 for evacuation
[202.445s][info][gc,phases   ] GC(387)   Pre Evacuate Collection Set: 0.29ms
[202.445s][info][gc,phases   ] GC(387)   Merge Heap Roots: 0.14ms
[202.445s][info][gc,phases   ] GC(387)   Evacuate Collection Set: 5.96ms
[202.445s][info][gc,phases   ] GC(387)   Post Evacuate Collection Set: 0.73ms
[202.445s][info][gc,phases   ] GC(387)   Other: 0.10ms
[202.445s][info][gc,heap     ] GC(387) Eden regions: 358->0(361)
[202.445s][info][gc,heap     ] GC(387) Survivor regions: 4->3(46)
[202.445s][info][gc,heap     ] GC(387) Old regions: 38->37
[202.445s][info][gc,heap     ] GC(387) Humongous regions: 207->207
[202.445s][info][gc,metaspace] GC(387) Metaspace: 56657K(56960K)->56657K(56960K) NonClass: 51039K(51264K)->51039K(51264K) Class: 5618K(5696K)->5618K(5696K)
[202.445s][info][gc          ] GC(387) Pause Young (Mixed) (G1 Evacuation Pause) 605M->246M(644M) 7.402ms
[202.445s][info][gc,cpu      ] GC(387) User=0.01s Sys=0.01s Real=0.01s
[203.329s][info][gc,start    ] GC(388) Pause Young (Concurrent Start) (G1 Evacuation Pause)
[203.329s][info][gc,task     ] GC(388) Using 2 workers of 2 for evacuation
[203.334s][info][gc,phases   ] GC(388)   Pre Evacuate Collection Set: 0.30ms
[203.334s][info][gc,phases   ] GC(388)   Merge Heap Roots: 0.10ms
[203.334s][info][gc,phases   ] GC(388)   Evacuate Collection Set: 3.47ms
[203.334s][info][gc,phases   ] GC(388)   Post Evacuate Collection Set: 0.65ms
[203.334s][info][gc,phases   ] GC(388)   Other: 0.14ms
[203.334s][info][gc,heap     ] GC(388) Eden regions: 361->0(363)
[203.334s][info][gc,heap     ] GC(388) Survivor regions: 3->2(46)
[203.334s][info][gc,heap     ] GC(388) Old regions: 37->37
[203.334s][info][gc,heap     ] GC(388) Humongous regions: 207->207
[203.334s][info][gc,metaspace] GC(388) Metaspace: 56657K(56960K)->56657K(56960K) NonClass: 51039K(51264K)->51039K(51264K) Class: 5618K(5696K)->5618K(5696K)
[203.334s][info][gc          ] GC(388) Pause Young (Concurrent Start) (G1 Evacuation Pause) 607M->245M(644M) 4.845ms
[203.334s][info][gc,cpu      ] GC(388) User=0.01s Sys=0.00s Real=0.01s
[203.334s][info][gc          ] GC(389) Concurrent Mark Cycle
[203.336s][info][gc,marking  ] GC(389) Concurrent Scan Root Regions
[203.340s][info][gc,marking  ] GC(389) Concurrent Scan Root Regions 3.839ms
[203.340s][info][gc,marking  ] GC(389) Concurrent Mark
[203.340s][info][gc,marking  ] GC(389) Concurrent Mark From Roots
[203.340s][info][gc,task     ] GC(389) Using 1 workers of 1 for marking
[203.387s][info][gc,marking  ] GC(389) Concurrent Mark From Roots 47.291ms
[203.387s][info][gc,marking  ] GC(389) Concurrent Preclean
[203.387s][info][gc,marking  ] GC(389) Concurrent Preclean 0.071ms
[203.387s][info][gc,start    ] GC(389) Pause Remark
[203.396s][info][gc          ] GC(389) Pause Remark 275M->275M(644M) 8.618ms
[203.396s][info][gc,cpu      ] GC(389) User=0.02s Sys=0.00s Real=0.01s
[203.396s][info][gc,marking  ] GC(389) Concurrent Mark 56.624ms
[203.396s][info][gc,marking  ] GC(389) Concurrent Rebuild Remembered Sets and Scrub Regions
[203.415s][info][gc,marking  ] GC(389) Concurrent Rebuild Remembered Sets and Scrub Regions 18.675ms
[203.415s][info][gc,start    ] GC(389) Pause Cleanup
[203.415s][info][gc          ] GC(389) Pause Cleanup 279M->279M(644M) 0.063ms
[203.415s][info][gc,cpu      ] GC(389) User=0.00s Sys=0.00s Real=0.00s
[203.415s][info][gc,marking  ] GC(389) Concurrent Clear Claimed Marks
[203.415s][info][gc,marking  ] GC(389) Concurrent Clear Claimed Marks 0.085ms
[203.415s][info][gc,marking  ] GC(389) Concurrent Cleanup for Next Mark
[203.417s][info][gc,marking  ] GC(389) Concurrent Cleanup for Next Mark 2.049ms
[203.417s][info][gc          ] GC(389) Concurrent Mark Cycle 83.218ms
[204.172s][info][gc,start    ] GC(390) Pause Young (Prepare Mixed) (G1 Evacuation Pause)
[204.173s][info][gc,task     ] GC(390) Using 2 workers of 2 for evacuation
[204.176s][info][gc,phases   ] GC(390)   Pre Evacuate Collection Set: 0.28ms
[204.176s][info][gc,phases   ] GC(390)   Merge Heap Roots: 0.13ms
[204.176s][info][gc,phases   ] GC(390)   Evacuate Collection Set: 2.31ms
[204.176s][info][gc,phases   ] GC(390)   Post Evacuate Collection Set: 0.67ms
[204.176s][info][gc,phases   ] GC(390)   Other: 0.11ms
[204.176s][info][gc,heap     ] GC(390) Eden regions: 363->0(365)
[204.176s][info][gc,heap     ] GC(390) Survivor regions: 2->1(46)
[204.176s][info][gc,heap     ] GC(390) Old regions: 37->37
[204.176s][info][gc,heap     ] GC(390) Humongous regions: 207->207
[204.176s][info][gc,metaspace] GC(390) Metaspace: 56657K(56960K)->56657K(56960K) NonClass: 51039K(51264K)->51039K(51264K) Class: 5618K(5696K)->5618K(5696K)
[204.176s][info][gc          ] GC(390) Pause Young (Prepare Mixed) (G1 Evacuation Pause) 608M->244M(644M) 3.668ms
[204.176s][info][gc,cpu      ] GC(390) User=0.01s Sys=0.00s Real=0.00s
[205.163s][info][gc,start    ] GC(391) Pause Young (Mixed) (G1 Evacuation Pause)
[205.163s][info][gc,task     ] GC(391) Using 2 workers of 2 for evacuation
[205.169s][info][gc,phases   ] GC(391)   Pre Evacuate Collection Set: 0.27ms
[205.169s][info][gc,phases   ] GC(391)   Merge Heap Roots: 0.14ms
[205.169s][info][gc,phases   ] GC(391)   Evacuate Collection Set: 4.50ms
[205.169s][info][gc,phases   ] GC(391)   Post Evacuate Collection Set: 0.67ms
[205.169s][info][gc,phases   ] GC(391)   Other: 0.09ms
[205.169s][info][gc,heap     ] GC(391) Eden regions: 365->0(361)
[205.169s][info][gc,heap     ] GC(391) Survivor regions: 1->3(46)
[205.169s][info][gc,heap     ] GC(391) Old regions: 37->37
[205.169s][info][gc,heap     ] GC(391) Humongous regions: 207->207
[205.169s][info][gc,metaspace] GC(391) Metaspace: 56657K(56960K)->56657K(56960K) NonClass: 51039K(51264K)->51039K(51264K) Class: 5618K(5696K)->5618K(5696K)
[205.169s][info][gc          ] GC(391) Pause Young (Mixed) (G1 Evacuation Pause) 609M->246M(644M) 5.875ms
[205.169s][info][gc,cpu      ] GC(391) User=0.01s Sys=0.00s Real=0.00s
[206.047s][info][gc,start    ] GC(392) Pause Young (Concurrent Start) (G1 Evacuation Pause)
[206.047s][info][gc,task     ] GC(392) Using 2 workers of 2 for evacuation
[206.054s][info][gc,phases   ] GC(392)   Pre Evacuate Collection Set: 0.30ms
[206.054s][info][gc,phases   ] GC(392)   Merge Heap Roots: 0.11ms
[206.054s][info][gc,phases   ] GC(392)   Evacuate Collection Set: 5.79ms
[206.054s][info][gc,phases   ] GC(392)   Post Evacuate Collection Set: 0.83ms
[206.054s][info][gc,phases   ] GC(392)   Other: 0.09ms
[206.054s][info][gc,heap     ] GC(392) Eden regions: 361->0(357)
[206.054s][info][gc,heap     ] GC(392) Survivor regions: 3->5(46)
[206.054s][info][gc,heap     ] GC(392) Old regions: 37->37
[206.055s][info][gc,heap     ] GC(392) Humongous regions: 207->207
[206.055s][info][gc,metaspace] GC(392) Metaspace: 56657K(56960K)->56657K(56960K) NonClass: 51039K(51264K)->51039K(51264K) Class: 5618K(5696K)->5618K(5696K)
[206.055s][info][gc          ] GC(392) Pause Young (Concurrent Start) (G1 Evacuation Pause) 607M->248M(644M) 7.314ms
[206.055s][info][gc,cpu      ] GC(392) User=0.02s Sys=0.00s Real=0.01s
[206.055s][info][gc          ] GC(393) Concurrent Mark Cycle
[206.055s][info][gc,marking  ] GC(393) Concurrent Scan Root Regions
[206.062s][info][gc,marking  ] GC(393) Concurrent Scan Root Regions 7.535ms
[206.062s][info][gc,marking  ] GC(393) Concurrent Mark
[206.062s][info][gc,marking  ] GC(393) Concurrent Mark From Roots
[206.063s][info][gc,task     ] GC(393) Using 1 workers of 1 for marking
[206.109s][info][gc,marking  ] GC(393) Concurrent Mark From Roots 46.680ms
[206.109s][info][gc,marking  ] GC(393) Concurrent Preclean
[206.109s][info][gc,marking  ] GC(393) Concurrent Preclean 0.065ms
[206.109s][info][gc,start    ] GC(393) Pause Remark
[206.118s][info][gc          ] GC(393) Pause Remark 263M->263M(644M) 8.620ms
[206.118s][info][gc,cpu      ] GC(393) User=0.02s Sys=0.00s Real=0.01s
[206.118s][info][gc,marking  ] GC(393) Concurrent Mark 55.702ms
[206.118s][info][gc,marking  ] GC(393) Concurrent Rebuild Remembered Sets and Scrub Regions
[206.147s][info][gc,marking  ] GC(393) Concurrent Rebuild Remembered Sets and Scrub Regions 28.874ms
[206.148s][info][gc,start    ] GC(393) Pause Cleanup
[206.148s][info][gc          ] GC(393) Pause Cleanup 283M->283M(644M) 0.087ms
[206.148s][info][gc,cpu      ] GC(393) User=0.00s Sys=0.00s Real=0.00s
[206.148s][info][gc,marking  ] GC(393) Concurrent Clear Claimed Marks
[206.148s][info][gc,marking  ] GC(393) Concurrent Clear Claimed Marks 0.103ms
[206.148s][info][gc,marking  ] GC(393) Concurrent Cleanup for Next Mark
[206.151s][info][gc,marking  ] GC(393) Concurrent Cleanup for Next Mark 2.528ms
[206.151s][info][gc          ] GC(393) Concurrent Mark Cycle 95.932ms
[206.945s][info][gc,start    ] GC(394) Pause Young (Prepare Mixed) (G1 Evacuation Pause)
[206.946s][info][gc,task     ] GC(394) Using 2 workers of 2 for evacuation
[206.949s][info][gc,phases   ] GC(394)   Pre Evacuate Collection Set: 0.29ms
[206.950s][info][gc,phases   ] GC(394)   Merge Heap Roots: 0.13ms
[206.950s][info][gc,phases   ] GC(394)   Evacuate Collection Set: 2.83ms
[206.950s][info][gc,phases   ] GC(394)   Post Evacuate Collection Set: 0.63ms
[206.950s][info][gc,phases   ] GC(394)   Other: 0.08ms
[206.950s][info][gc,heap     ] GC(394) Eden regions: 357->0(361)
[206.950s][info][gc,heap     ] GC(394) Survivor regions: 5->3(46)
[206.950s][info][gc,heap     ] GC(394) Old regions: 37->37
[206.950s][info][gc,heap     ] GC(394) Humongous regions: 207->207
[206.950s][info][gc,metaspace] GC(394) Metaspace: 56657K(56960K)->56657K(56960K) NonClass: 51039K(51264K)->51039K(51264K) Class: 5618K(5696K)->5618K(5696K)
[206.950s][info][gc          ] GC(394) Pause Young (Prepare Mixed) (G1 Evacuation Pause) 605M->245M(644M) 4.146ms
[206.950s][info][gc,cpu      ] GC(394) User=0.01s Sys=0.00s Real=0.00s
[207.828s][info][gc,start    ] GC(395) Pause Young (Mixed) (G1 Evacuation Pause)
[207.828s][info][gc,task     ] GC(395) Using 2 workers of 2 for evacuation
[207.833s][info][gc,phases   ] GC(395)   Pre Evacuate Collection Set: 0.28ms
[207.833s][info][gc,phases   ] GC(395)   Merge Heap Roots: 0.14ms
[207.833s][info][gc,phases   ] GC(395)   Evacuate Collection Set: 4.46ms
[207.833s][info][gc,phases   ] GC(395)   Post Evacuate Collection Set: 0.69ms
[207.833s][info][gc,phases   ] GC(395)   Other: 0.08ms
[207.833s][info][gc,heap     ] GC(395) Eden regions: 361->0(362)
[207.833s][info][gc,heap     ] GC(395) Survivor regions: 3->3(46)
[207.833s][info][gc,heap     ] GC(395) Old regions: 37->36
[207.833s][info][gc,heap     ] GC(395) Humongous regions: 207->207
[207.833s][info][gc,metaspace] GC(395) Metaspace: 56657K(56960K)->56657K(56960K) NonClass: 51039K(51264K)->51039K(51264K) Class: 5618K(5696K)->5618K(5696K)
[207.833s][info][gc          ] GC(395) Pause Young (Mixed) (G1 Evacuation Pause) 606M->245M(644M) 5.860ms
[207.834s][info][gc,cpu      ] GC(395) User=0.01s Sys=0.00s Real=0.01s
[208.720s][info][gc,start    ] GC(396) Pause Young (Concurrent Start) (G1 Evacuation Pause)
[208.720s][info][gc,task     ] GC(396) Using 2 workers of 2 for evacuation
[208.723s][info][gc,phases   ] GC(396)   Pre Evacuate Collection Set: 0.29ms
[208.723s][info][gc,phases   ] GC(396)   Merge Heap Roots: 0.12ms
[208.723s][info][gc,phases   ] GC(396)   Evacuate Collection Set: 2.21ms
[208.723s][info][gc,phases   ] GC(396)   Post Evacuate Collection Set: 0.61ms
[208.723s][info][gc,phases   ] GC(396)   Other: 0.11ms
[208.723s][info][gc,heap     ] GC(396) Eden regions: 362->0(364)
[208.724s][info][gc,heap     ] GC(396) Survivor regions: 3->2(46)
[208.724s][info][gc,heap     ] GC(396) Old regions: 36->36
[208.724s][info][gc,heap     ] GC(396) Humongous regions: 207->207
[208.724s][info][gc,metaspace] GC(396) Metaspace: 56657K(56960K)->56657K(56960K) NonClass: 51039K(51264K)->51039K(51264K) Class: 5618K(5696K)->5618K(5696K)
[208.724s][info][gc          ] GC(396) Pause Young (Concurrent Start) (G1 Evacuation Pause) 607M->244M(644M) 3.540ms
[208.724s][info][gc,cpu      ] GC(396) User=0.01s Sys=0.00s Real=0.01s
[208.724s][info][gc          ] GC(397) Concurrent Mark Cycle
[208.724s][info][gc,marking  ] GC(397) Concurrent Scan Root Regions
[208.725s][info][gc,marking  ] GC(397) Concurrent Scan Root Regions 1.501ms
[208.725s][info][gc,marking  ] GC(397) Concurrent Mark
[208.725s][info][gc,marking  ] GC(397) Concurrent Mark From Roots
[208.725s][info][gc,task     ] GC(397) Using 1 workers of 1 for marking
[208.783s][info][gc,marking  ] GC(397) Concurrent Mark From Roots 57.340ms
[208.783s][info][gc,marking  ] GC(397) Concurrent Preclean
[208.783s][info][gc,marking  ] GC(397) Concurrent Preclean 0.071ms
[208.783s][info][gc,start    ] GC(397) Pause Remark
[208.792s][info][gc          ] GC(397) Pause Remark 282M->282M(644M) 8.688ms
[208.792s][info][gc,cpu      ] GC(397) User=0.02s Sys=0.00s Real=0.01s
[208.792s][info][gc,marking  ] GC(397) Concurrent Mark 66.693ms
[208.792s][info][gc,marking  ] GC(397) Concurrent Rebuild Remembered Sets and Scrub Regions
[208.808s][info][gc,marking  ] GC(397) Concurrent Rebuild Remembered Sets and Scrub Regions 16.174ms
[208.808s][info][gc,start    ] GC(397) Pause Cleanup
[208.808s][info][gc          ] GC(397) Pause Cleanup 285M->285M(644M) 0.059ms
[208.808s][info][gc,cpu      ] GC(397) User=0.00s Sys=0.00s Real=0.00s
[208.808s][info][gc,marking  ] GC(397) Concurrent Clear Claimed Marks
[208.808s][info][gc,marking  ] GC(397) Concurrent Clear Claimed Marks 0.083ms
[208.808s][info][gc,marking  ] GC(397) Concurrent Cleanup for Next Mark
[208.810s][info][gc,marking  ] GC(397) Concurrent Cleanup for Next Mark 1.893ms
[208.810s][info][gc          ] GC(397) Concurrent Mark Cycle 86.634ms
[209.567s][info][gc,start    ] GC(398) Pause Young (Prepare Mixed) (G1 Evacuation Pause)
[209.567s][info][gc,task     ] GC(398) Using 2 workers of 2 for evacuation
[209.571s][info][gc,phases   ] GC(398)   Pre Evacuate Collection Set: 0.28ms
[209.571s][info][gc,phases   ] GC(398)   Merge Heap Roots: 0.13ms
[209.571s][info][gc,phases   ] GC(398)   Evacuate Collection Set: 3.06ms
[209.571s][info][gc,phases   ] GC(398)   Post Evacuate Collection Set: 0.68ms
[209.571s][info][gc,phases   ] GC(398)   Other: 0.09ms
[209.571s][info][gc,heap     ] GC(398) Eden regions: 364->0(362)
[209.571s][info][gc,heap     ] GC(398) Survivor regions: 2->3(46)
[209.571s][info][gc,heap     ] GC(398) Old regions: 36->36
[209.571s][info][gc,heap     ] GC(398) Humongous regions: 207->207
[209.571s][info][gc,metaspace] GC(398) Metaspace: 56657K(56960K)->56657K(56960K) NonClass: 51039K(51264K)->51039K(51264K) Class: 5618K(5696K)->5618K(5696K)
[209.571s][info][gc          ] GC(398) Pause Young (Prepare Mixed) (G1 Evacuation Pause) 608M->245M(644M) 4.429ms
[209.571s][info][gc,cpu      ] GC(398) User=0.01s Sys=0.00s Real=0.01s
[210.447s][info][gc,start    ] GC(399) Pause Young (Mixed) (G1 Evacuation Pause)
[210.447s][info][gc,task     ] GC(399) Using 2 workers of 2 for evacuation
[210.454s][info][gc,phases   ] GC(399)   Pre Evacuate Collection Set: 0.29ms
[210.454s][info][gc,phases   ] GC(399)   Merge Heap Roots: 0.13ms
[210.455s][info][gc,phases   ] GC(399)   Evacuate Collection Set: 5.99ms
[210.455s][info][gc,phases   ] GC(399)   Post Evacuate Collection Set: 0.67ms
[210.455s][info][gc,phases   ] GC(399)   Other: 0.11ms
[210.455s][info][gc,heap     ] GC(399) Eden regions: 362->0(358)
[210.455s][info][gc,heap     ] GC(399) Survivor regions: 3->5(46)
[210.455s][info][gc,heap     ] GC(399) Old regions: 36->36
[210.455s][info][gc,heap     ] GC(399) Humongous regions: 207->207
[210.455s][info][gc,metaspace] GC(399) Metaspace: 56657K(56960K)->56657K(56960K) NonClass: 51039K(51264K)->51039K(51264K) Class: 5618K(5696K)->5618K(5696K)
[210.455s][info][gc          ] GC(399) Pause Young (Mixed) (G1 Evacuation Pause) 607M->246M(644M) 7.402ms
[210.455s][info][gc,cpu      ] GC(399) User=0.01s Sys=0.00s Real=0.01s
[211.336s][info][gc,start    ] GC(400) Pause Young (Concurrent Start) (G1 Evacuation Pause)
[211.336s][info][gc,task     ] GC(400) Using 2 workers of 2 for evacuation
[211.342s][info][gc,phases   ] GC(400)   Pre Evacuate Collection Set: 0.29ms
[211.342s][info][gc,phases   ] GC(400)   Merge Heap Roots: 0.12ms
[211.342s][info][gc,phases   ] GC(400)   Evacuate Collection Set: 4.77ms
[211.342s][info][gc,phases   ] GC(400)   Post Evacuate Collection Set: 0.66ms
[211.342s][info][gc,phases   ] GC(400)   Other: 0.10ms
[211.342s][info][gc,heap     ] GC(400) Eden regions: 358->0(360)
[211.342s][info][gc,heap     ] GC(400) Survivor regions: 5->4(46)
[211.342s][info][gc,heap     ] GC(400) Old regions: 36->36
[211.342s][info][gc,heap     ] GC(400) Humongous regions: 207->207
[211.342s][info][gc,metaspace] GC(400) Metaspace: 56657K(56960K)->56657K(56960K) NonClass: 51039K(51264K)->51039K(51264K) Class: 5618K(5696K)->5618K(5696K)
[211.342s][info][gc          ] GC(400) Pause Young (Concurrent Start) (G1 Evacuation Pause) 604M->246M(644M) 6.142ms
[211.342s][info][gc,cpu      ] GC(400) User=0.01s Sys=0.00s Real=0.01s
[211.342s][info][gc          ] GC(401) Concurrent Mark Cycle
[211.342s][info][gc,marking  ] GC(401) Concurrent Scan Root Regions
[211.351s][info][gc,marking  ] GC(401) Concurrent Scan Root Regions 8.461ms
[211.351s][info][gc,marking  ] GC(401) Concurrent Mark
[211.351s][info][gc,marking  ] GC(401) Concurrent Mark From Roots
[211.351s][info][gc,task     ] GC(401) Using 1 workers of 1 for marking
[211.408s][info][gc,marking  ] GC(401) Concurrent Mark From Roots 57.370ms
[211.408s][info][gc,marking  ] GC(401) Concurrent Preclean
[211.408s][info][gc,marking  ] GC(401) Concurrent Preclean 0.084ms
[211.409s][info][gc,start    ] GC(401) Pause Remark
[211.417s][info][gc          ] GC(401) Pause Remark 272M->272M(644M) 8.594ms
[211.417s][info][gc,cpu      ] GC(401) User=0.02s Sys=0.00s Real=0.01s
[211.418s][info][gc,marking  ] GC(401) Concurrent Mark 66.572ms
[211.418s][info][gc,marking  ] GC(401) Concurrent Rebuild Remembered Sets and Scrub Regions
[211.443s][info][gc,marking  ] GC(401) Concurrent Rebuild Remembered Sets and Scrub Regions 25.632ms
[211.443s][info][gc,start    ] GC(401) Pause Cleanup
[211.443s][info][gc          ] GC(401) Pause Cleanup 291M->291M(644M) 0.071ms
[211.443s][info][gc,cpu      ] GC(401) User=0.00s Sys=0.00s Real=0.00s
[211.443s][info][gc,marking  ] GC(401) Concurrent Clear Claimed Marks
[211.444s][info][gc,marking  ] GC(401) Concurrent Clear Claimed Marks 0.086ms
[211.444s][info][gc,marking  ] GC(401) Concurrent Cleanup for Next Mark
[211.445s][info][gc,marking  ] GC(401) Concurrent Cleanup for Next Mark 1.908ms
[211.446s][info][gc          ] GC(401) Concurrent Mark Cycle 104.020ms
[212.223s][info][gc,start    ] GC(402) Pause Young (Prepare Mixed) (G1 Evacuation Pause)
[212.223s][info][gc,task     ] GC(402) Using 2 workers of 2 for evacuation
[212.227s][info][gc,phases   ] GC(402)   Pre Evacuate Collection Set: 0.26ms
[212.227s][info][gc,phases   ] GC(402)   Merge Heap Roots: 0.14ms
[212.227s][info][gc,phases   ] GC(402)   Evacuate Collection Set: 2.37ms
[212.227s][info][gc,phases   ] GC(402)   Post Evacuate Collection Set: 0.65ms
[212.227s][info][gc,phases   ] GC(402)   Other: 0.08ms
[212.227s][info][gc,heap     ] GC(402) Eden regions: 360->0(362)
[212.227s][info][gc,heap     ] GC(402) Survivor regions: 4->3(46)
[212.227s][info][gc,heap     ] GC(402) Old regions: 36->36
[212.227s][info][gc,heap     ] GC(402) Humongous regions: 207->207
[212.227s][info][gc,metaspace] GC(402) Metaspace: 56657K(56960K)->56657K(56960K) NonClass: 51039K(51264K)->51039K(51264K) Class: 5618K(5696K)->5618K(5696K)
[212.227s][info][gc          ] GC(402) Pause Young (Prepare Mixed) (G1 Evacuation Pause) 606M->245M(644M) 3.689ms
[212.227s][info][gc,cpu      ] GC(402) User=0.01s Sys=0.00s Real=0.00s
[213.159s][info][gc,start    ] GC(403) Pause Young (Mixed) (G1 Evacuation Pause)
[213.159s][info][gc,task     ] GC(403) Using 2 workers of 2 for evacuation
[213.165s][info][gc,phases   ] GC(403)   Pre Evacuate Collection Set: 0.28ms
[213.165s][info][gc,phases   ] GC(403)   Merge Heap Roots: 0.10ms
[213.165s][info][gc,phases   ] GC(403)   Evacuate Collection Set: 5.38ms
[213.165s][info][gc,phases   ] GC(403)   Post Evacuate Collection Set: 0.68ms
[213.165s][info][gc,phases   ] GC(403)   Other: 0.09ms
[213.165s][info][gc,heap     ] GC(403) Eden regions: 362->0(360)
[213.165s][info][gc,heap     ] GC(403) Survivor regions: 3->4(46)
[213.165s][info][gc,heap     ] GC(403) Old regions: 36->36
[213.165s][info][gc,heap     ] GC(403) Humongous regions: 207->207
[213.165s][info][gc,metaspace] GC(403) Metaspace: 56657K(56960K)->56657K(56960K) NonClass: 51039K(51264K)->51039K(51264K) Class: 5618K(5696K)->5618K(5696K)
[213.165s][info][gc          ] GC(403) Pause Young (Mixed) (G1 Evacuation Pause) 606M->245M(644M) 6.711ms
[213.165s][info][gc,cpu      ] GC(403) User=0.02s Sys=0.00s Real=0.01s
[213.944s][info][gc,start    ] GC(404) Pause Young (Concurrent Start) (G1 Evacuation Pause)
[213.944s][info][gc,task     ] GC(404) Using 2 workers of 2 for evacuation
[213.950s][info][gc,phases   ] GC(404)   Pre Evacuate Collection Set: 0.31ms
[213.950s][info][gc,phases   ] GC(404)   Merge Heap Roots: 0.12ms
[213.950s][info][gc,phases   ] GC(404)   Evacuate Collection Set: 4.69ms
[213.950s][info][gc,phases   ] GC(404)   Post Evacuate Collection Set: 0.65ms
[213.950s][info][gc,phases   ] GC(404)   Other: 0.12ms
[213.950s][info][gc,heap     ] GC(404) Eden regions: 360->0(358)
[213.950s][info][gc,heap     ] GC(404) Survivor regions: 4->5(46)
[213.950s][info][gc,heap     ] GC(404) Old regions: 36->36
[213.950s][info][gc,heap     ] GC(404) Humongous regions: 207->207
[213.950s][info][gc,metaspace] GC(404) Metaspace: 56664K(57024K)->56664K(57024K) NonClass: 51046K(51328K)->51046K(51328K) Class: 5618K(5696K)->5618K(5696K)
[213.950s][info][gc          ] GC(404) Pause Young (Concurrent Start) (G1 Evacuation Pause) 605M->246M(644M) 6.064ms
[213.950s][info][gc,cpu      ] GC(404) User=0.01s Sys=0.00s Real=0.00s
[213.950s][info][gc          ] GC(405) Concurrent Mark Cycle
[213.951s][info][gc,marking  ] GC(405) Concurrent Scan Root Regions
[213.954s][info][gc,marking  ] GC(405) Concurrent Scan Root Regions 3.656ms
[213.954s][info][gc,marking  ] GC(405) Concurrent Mark
[213.954s][info][gc,marking  ] GC(405) Concurrent Mark From Roots
[213.954s][info][gc,task     ] GC(405) Using 1 workers of 1 for marking
[214.002s][info][gc,marking  ] GC(405) Concurrent Mark From Roots 47.990ms
[214.002s][info][gc,marking  ] GC(405) Concurrent Preclean
[214.002s][info][gc,marking  ] GC(405) Concurrent Preclean 0.069ms
[214.002s][info][gc,start    ] GC(405) Pause Remark
[214.011s][info][gc          ] GC(405) Pause Remark 263M->263M(644M) 8.587ms
[214.011s][info][gc,cpu      ] GC(405) User=0.01s Sys=0.00s Real=0.01s
[214.012s][info][gc,marking  ] GC(405) Concurrent Mark 57.325ms
[214.012s][info][gc,marking  ] GC(405) Concurrent Rebuild Remembered Sets and Scrub Regions
[214.040s][info][gc,marking  ] GC(405) Concurrent Rebuild Remembered Sets and Scrub Regions 28.122ms
[214.040s][info][gc,start    ] GC(405) Pause Cleanup
[214.040s][info][gc          ] GC(405) Pause Cleanup 278M->278M(644M) 0.077ms
[214.040s][info][gc,cpu      ] GC(405) User=0.00s Sys=0.00s Real=0.00s
[214.040s][info][gc,marking  ] GC(405) Concurrent Clear Claimed Marks
[214.040s][info][gc,marking  ] GC(405) Concurrent Clear Claimed Marks 0.093ms
[214.040s][info][gc,marking  ] GC(405) Concurrent Cleanup for Next Mark
[214.044s][info][gc,marking  ] GC(405) Concurrent Cleanup for Next Mark 4.196ms
[214.044s][info][gc          ] GC(405) Concurrent Mark Cycle 94.061ms
[214.889s][info][gc,start    ] GC(406) Pause Young (Prepare Mixed) (G1 Evacuation Pause)
[214.889s][info][gc,task     ] GC(406) Using 2 workers of 2 for evacuation
[214.893s][info][gc,phases   ] GC(406)   Pre Evacuate Collection Set: 0.31ms
[214.893s][info][gc,phases   ] GC(406)   Merge Heap Roots: 0.13ms
[214.893s][info][gc,phases   ] GC(406)   Evacuate Collection Set: 2.76ms
[214.893s][info][gc,phases   ] GC(406)   Post Evacuate Collection Set: 0.67ms
[214.893s][info][gc,phases   ] GC(406)   Other: 0.10ms
[214.893s][info][gc,heap     ] GC(406) Eden regions: 358->0(362)
[214.893s][info][gc,heap     ] GC(406) Survivor regions: 5->3(46)
[214.893s][info][gc,heap     ] GC(406) Old regions: 36->36
[214.893s][info][gc,heap     ] GC(406) Humongous regions: 207->207
[214.894s][info][gc,metaspace] GC(406) Metaspace: 56664K(57024K)->56664K(57024K) NonClass: 51046K(51328K)->51046K(51328K) Class: 5618K(5696K)->5618K(5696K)
[214.894s][info][gc          ] GC(406) Pause Young (Prepare Mixed) (G1 Evacuation Pause) 604M->244M(644M) 4.188ms
[214.894s][info][gc,cpu      ] GC(406) User=0.01s Sys=0.00s Real=0.01s
[215.726s][info][gc,start    ] GC(407) Pause Young (Mixed) (G1 Evacuation Pause)
[215.726s][info][gc,task     ] GC(407) Using 2 workers of 2 for evacuation
[215.732s][info][gc,phases   ] GC(407)   Pre Evacuate Collection Set: 0.27ms
[215.732s][info][gc,phases   ] GC(407)   Merge Heap Roots: 0.15ms
[215.732s][info][gc,phases   ] GC(407)   Evacuate Collection Set: 4.65ms
[215.732s][info][gc,phases   ] GC(407)   Post Evacuate Collection Set: 0.70ms
[215.732s][info][gc,phases   ] GC(407)   Other: 0.08ms
[215.732s][info][gc,heap     ] GC(407) Eden regions: 362->0(362)
[215.732s][info][gc,heap     ] GC(407) Survivor regions: 3->3(46)
[215.732s][info][gc,heap     ] GC(407) Old regions: 36->36
[215.732s][info][gc,heap     ] GC(407) Humongous regions: 207->207
[215.732s][info][gc,metaspace] GC(407) Metaspace: 56664K(57024K)->56664K(57024K) NonClass: 51046K(51328K)->51046K(51328K) Class: 5618K(5696K)->5618K(5696K)
[215.732s][info][gc          ] GC(407) Pause Young (Mixed) (G1 Evacuation Pause) 606M->244M(644M) 6.043ms
[215.732s][info][gc,cpu      ] GC(407) User=0.01s Sys=0.00s Real=0.01s
[216.567s][info][gc,start    ] GC(408) Pause Young (Concurrent Start) (G1 Evacuation Pause)
[216.567s][info][gc,task     ] GC(408) Using 2 workers of 2 for evacuation
[216.579s][info][gc,phases   ] GC(408)   Pre Evacuate Collection Set: 0.29ms
[216.579s][info][gc,phases   ] GC(408)   Merge Heap Roots: 0.12ms
[216.579s][info][gc,phases   ] GC(408)   Evacuate Collection Set: 11.25ms
[216.579s][info][gc,phases   ] GC(408)   Post Evacuate Collection Set: 0.73ms
[216.579s][info][gc,phases   ] GC(408)   Other: 0.13ms
[216.579s][info][gc,heap     ] GC(408) Eden regions: 362->0(336)
[216.579s][info][gc,heap     ] GC(408) Survivor regions: 3->16(46)
[216.579s][info][gc,heap     ] GC(408) Old regions: 36->36
[216.579s][info][gc,heap     ] GC(408) Humongous regions: 207->207
[216.579s][info][gc,metaspace] GC(408) Metaspace: 56664K(57024K)->56664K(57024K) NonClass: 51046K(51328K)->51046K(51328K) Class: 5618K(5696K)->5618K(5696K)
[216.579s][info][gc          ] GC(408) Pause Young (Concurrent Start) (G1 Evacuation Pause) 606M->257M(644M) 12.727ms
[216.580s][info][gc,cpu      ] GC(408) User=0.03s Sys=0.00s Real=0.01s
[216.580s][info][gc          ] GC(409) Concurrent Mark Cycle
[216.582s][info][gc,marking  ] GC(409) Concurrent Scan Root Regions
[216.590s][info][gc,marking  ] GC(409) Concurrent Scan Root Regions 8.535ms
[216.590s][info][gc,marking  ] GC(409) Concurrent Mark
[216.590s][info][gc,marking  ] GC(409) Concurrent Mark From Roots
[216.590s][info][gc,task     ] GC(409) Using 1 workers of 1 for marking
[216.640s][info][gc,marking  ] GC(409) Concurrent Mark From Roots 50.037ms
[216.640s][info][gc,marking  ] GC(409) Concurrent Preclean
[216.640s][info][gc,marking  ] GC(409) Concurrent Preclean 0.069ms
[216.640s][info][gc,start    ] GC(409) Pause Remark
[216.649s][info][gc          ] GC(409) Pause Remark 279M->279M(644M) 8.592ms
[216.649s][info][gc,cpu      ] GC(409) User=0.02s Sys=0.00s Real=0.00s
[216.649s][info][gc,marking  ] GC(409) Concurrent Mark 59.071ms
[216.649s][info][gc,marking  ] GC(409) Concurrent Rebuild Remembered Sets and Scrub Regions
[216.677s][info][gc,marking  ] GC(409) Concurrent Rebuild Remembered Sets and Scrub Regions 27.408ms
[216.677s][info][gc,start    ] GC(409) Pause Cleanup
[216.677s][info][gc          ] GC(409) Pause Cleanup 298M->298M(644M) 0.069ms
[216.677s][info][gc,cpu      ] GC(409) User=0.00s Sys=0.00s Real=0.00s
[216.677s][info][gc,marking  ] GC(409) Concurrent Clear Claimed Marks
[216.677s][info][gc,marking  ] GC(409) Concurrent Clear Claimed Marks 0.095ms
[216.677s][info][gc,marking  ] GC(409) Concurrent Cleanup for Next Mark
[216.679s][info][gc,marking  ] GC(409) Concurrent Cleanup for Next Mark 1.889ms
[216.679s][info][gc          ] GC(409) Concurrent Mark Cycle 99.362ms
[217.426s][info][gc,start    ] GC(410) Pause Young (Prepare Mixed) (G1 Evacuation Pause)
[217.427s][info][gc,task     ] GC(410) Using 2 workers of 2 for evacuation
[217.433s][info][gc,phases   ] GC(410)   Pre Evacuate Collection Set: 0.26ms
[217.433s][info][gc,phases   ] GC(410)   Merge Heap Roots: 0.21ms
[217.433s][info][gc,phases   ] GC(410)   Evacuate Collection Set: 4.86ms
[217.433s][info][gc,phases   ] GC(410)   Post Evacuate Collection Set: 0.67ms
[217.433s][info][gc,phases   ] GC(410)   Other: 0.10ms
[217.433s][info][gc,heap     ] GC(410) Eden regions: 336->0(346)
[217.433s][info][gc,heap     ] GC(410) Survivor regions: 16->11(44)
[217.433s][info][gc,heap     ] GC(410) Old regions: 36->36
[217.433s][info][gc,heap     ] GC(410) Humongous regions: 207->207
[217.433s][info][gc,metaspace] GC(410) Metaspace: 56664K(57024K)->56664K(57024K) NonClass: 51046K(51328K)->51046K(51328K) Class: 5618K(5696K)->5618K(5696K)
[217.433s][info][gc          ] GC(410) Pause Young (Prepare Mixed) (G1 Evacuation Pause) 593M->253M(644M) 6.277ms
[217.433s][info][gc,cpu      ] GC(410) User=0.01s Sys=0.00s Real=0.01s
[218.242s][info][gc,start    ] GC(411) Pause Young (Mixed) (G1 Evacuation Pause)
[218.242s][info][gc,task     ] GC(411) Using 2 workers of 2 for evacuation
[218.250s][info][gc,phases   ] GC(411)   Pre Evacuate Collection Set: 0.27ms
[218.250s][info][gc,phases   ] GC(411)   Merge Heap Roots: 0.10ms
[218.250s][info][gc,phases   ] GC(411)   Evacuate Collection Set: 7.12ms
[218.250s][info][gc,phases   ] GC(411)   Post Evacuate Collection Set: 0.66ms
[218.250s][info][gc,phases   ] GC(411)   Other: 0.08ms
[218.250s][info][gc,heap     ] GC(411) Eden regions: 346->0(345)
[218.250s][info][gc,heap     ] GC(411) Survivor regions: 11->11(45)
[218.250s][info][gc,heap     ] GC(411) Old regions: 36->37
[218.250s][info][gc,heap     ] GC(411) Humongous regions: 207->207
[218.250s][info][gc,metaspace] GC(411) Metaspace: 56664K(57024K)->56664K(57024K) NonClass: 51046K(51328K)->51046K(51328K) Class: 5618K(5696K)->5618K(5696K)
[218.250s][info][gc          ] GC(411) Pause Young (Mixed) (G1 Evacuation Pause) 599M->254M(644M) 8.418ms
[218.250s][info][gc,cpu      ] GC(411) User=0.01s Sys=0.00s Real=0.00s
[218.778s][info][gc,start    ] GC(412) Pause Young (Concurrent Start) (G1 Humongous Allocation)
[218.778s][info][gc,task     ] GC(412) Using 2 workers of 2 for evacuation
[218.782s][info][gc,phases   ] GC(412)   Pre Evacuate Collection Set: 0.29ms
[218.782s][info][gc,phases   ] GC(412)   Merge Heap Roots: 0.09ms
[218.782s][info][gc,phases   ] GC(412)   Evacuate Collection Set: 3.01ms
[218.782s][info][gc,phases   ] GC(412)   Post Evacuate Collection Set: 0.55ms
[218.782s][info][gc,phases   ] GC(412)   Other: 0.11ms
[218.782s][info][gc,heap     ] GC(412) Eden regions: 228->0(349)
[218.782s][info][gc,heap     ] GC(412) Survivor regions: 11->9(45)
[218.782s][info][gc,heap     ] GC(412) Old regions: 37->37
[218.782s][info][gc,heap     ] GC(412) Humongous regions: 207->207
[218.782s][info][gc,metaspace] GC(412) Metaspace: 56672K(57024K)->56672K(57024K) NonClass: 51053K(51328K)->51053K(51328K) Class: 5619K(5696K)->5619K(5696K)
[218.782s][info][gc          ] GC(412) Pause Young (Concurrent Start) (G1 Humongous Allocation) 482M->252M(644M) 4.237ms
[218.782s][info][gc,cpu      ] GC(412) User=0.01s Sys=0.00s Real=0.01s
[218.782s][info][gc          ] GC(413) Concurrent Mark Cycle
[218.783s][info][gc,marking  ] GC(413) Concurrent Scan Root Regions
[218.784s][info][gc,marking  ] GC(413) Concurrent Scan Root Regions 1.666ms
[218.784s][info][gc,marking  ] GC(413) Concurrent Mark
[218.784s][info][gc,marking  ] GC(413) Concurrent Mark From Roots
[218.784s][info][gc,task     ] GC(413) Using 1 workers of 1 for marking
[218.825s][info][gc,marking  ] GC(413) Concurrent Mark From Roots 40.934ms
[218.825s][info][gc,marking  ] GC(413) Concurrent Preclean
[218.825s][info][gc,marking  ] GC(413) Concurrent Preclean 0.066ms
[218.828s][info][gc,start    ] GC(413) Pause Remark
[218.836s][info][gc          ] GC(413) Pause Remark 292M->292M(644M) 8.808ms
[218.836s][info][gc,cpu      ] GC(413) User=0.02s Sys=0.00s Real=0.01s
[218.837s][info][gc,marking  ] GC(413) Concurrent Mark 52.882ms
[218.837s][info][gc,marking  ] GC(413) Concurrent Rebuild Remembered Sets and Scrub Regions
[218.853s][info][gc,marking  ] GC(413) Concurrent Rebuild Remembered Sets and Scrub Regions 15.336ms
[218.853s][info][gc,start    ] GC(413) Pause Cleanup
[218.853s][info][gc          ] GC(413) Pause Cleanup 292M->292M(644M) 0.086ms
[218.853s][info][gc,cpu      ] GC(413) User=0.00s Sys=0.00s Real=0.00s
[218.853s][info][gc,marking  ] GC(413) Concurrent Clear Claimed Marks
[218.853s][info][gc,marking  ] GC(413) Concurrent Clear Claimed Marks 0.104ms
[218.853s][info][gc,marking  ] GC(413) Concurrent Cleanup for Next Mark
[218.855s][info][gc,marking  ] GC(413) Concurrent Cleanup for Next Mark 1.891ms
[218.855s][info][gc          ] GC(413) Concurrent Mark Cycle 73.040ms
[221.638s][info][gc,start    ] GC(414) Pause Young (Prepare Mixed) (G1 Evacuation Pause)
[221.638s][info][gc,task     ] GC(414) Using 2 workers of 2 for evacuation
[221.661s][info][gc,phases   ] GC(414)   Pre Evacuate Collection Set: 0.28ms
[221.661s][info][gc,phases   ] GC(414)   Merge Heap Roots: 0.44ms
[221.661s][info][gc,phases   ] GC(414)   Evacuate Collection Set: 21.23ms
[221.661s][info][gc,phases   ] GC(414)   Post Evacuate Collection Set: 0.73ms
[221.661s][info][gc,phases   ] GC(414)   Other: 0.09ms
[221.661s][info][gc,heap     ] GC(414) Eden regions: 235->0(338)
[221.661s][info][gc,heap     ] GC(414) Survivor regions: 9->27(45)
[221.661s][info][gc,heap     ] GC(414) Old regions: 37->37
[221.661s][info][gc,heap     ] GC(414) Humongous regions: 363->207
[221.661s][info][gc,metaspace] GC(414) Metaspace: 56870K(57216K)->56870K(57216K) NonClass: 51250K(51520K)->51250K(51520K) Class: 5619K(5696K)->5619K(5696K)
[221.661s][info][gc          ] GC(414) Pause Young (Prepare Mixed) (G1 Evacuation Pause) 643M->270M(671M) 22.992ms
[221.661s][info][gc,cpu      ] GC(414) User=0.02s Sys=0.02s Real=0.03s
[222.439s][info][gc,start    ] GC(415) Pause Young (Mixed) (G1 Evacuation Pause)
[222.439s][info][gc,task     ] GC(415) Using 2 workers of 2 for evacuation
[222.452s][info][gc,phases   ] GC(415)   Pre Evacuate Collection Set: 0.29ms
[222.452s][info][gc,phases   ] GC(415)   Merge Heap Roots: 0.13ms
[222.452s][info][gc,phases   ] GC(415)   Evacuate Collection Set: 11.65ms
[222.452s][info][gc,phases   ] GC(415)   Post Evacuate Collection Set: 0.77ms
[222.452s][info][gc,phases   ] GC(415)   Other: 0.09ms
[222.452s][info][gc,heap     ] GC(415) Eden regions: 338->0(346)
[222.452s][info][gc,heap     ] GC(415) Survivor regions: 27->19(46)
[222.452s][info][gc,heap     ] GC(415) Old regions: 37->45
[222.452s][info][gc,heap     ] GC(415) Humongous regions: 207->207
[222.452s][info][gc,metaspace] GC(415) Metaspace: 56870K(57216K)->56870K(57216K) NonClass: 51250K(51520K)->51250K(51520K) Class: 5619K(5696K)->5619K(5696K)
[222.452s][info][gc          ] GC(415) Pause Young (Mixed) (G1 Evacuation Pause) 608M->269M(671M) 13.121ms
[222.452s][info][gc,cpu      ] GC(415) User=0.02s Sys=0.00s Real=0.02s
[223.265s][info][gc,start    ] GC(416) Pause Young (Concurrent Start) (G1 Evacuation Pause)
[223.265s][info][gc,task     ] GC(416) Using 2 workers of 2 for evacuation
[223.272s][info][gc,phases   ] GC(416)   Pre Evacuate Collection Set: 0.30ms
[223.272s][info][gc,phases   ] GC(416)   Merge Heap Roots: 0.12ms
[223.272s][info][gc,phases   ] GC(416)   Evacuate Collection Set: 6.28ms
[223.272s][info][gc,phases   ] GC(416)   Post Evacuate Collection Set: 0.71ms
[223.272s][info][gc,phases   ] GC(416)   Other: 0.11ms
[223.272s][info][gc,heap     ] GC(416) Eden regions: 346->0(350)
[223.272s][info][gc,heap     ] GC(416) Survivor regions: 19->17(46)
[223.272s][info][gc,heap     ] GC(416) Old regions: 45->45
[223.272s][info][gc,heap     ] GC(416) Humongous regions: 207->207
[223.273s][info][gc,metaspace] GC(416) Metaspace: 56870K(57216K)->56870K(57216K) NonClass: 51250K(51520K)->51250K(51520K) Class: 5619K(5696K)->5619K(5696K)
[223.273s][info][gc          ] GC(416) Pause Young (Concurrent Start) (G1 Evacuation Pause) 615M->268M(671M) 7.719ms
[223.273s][info][gc          ] GC(417) Concurrent Mark Cycle
[223.273s][info][gc,marking  ] GC(417) Concurrent Scan Root Regions
[223.273s][info][gc,cpu      ] GC(416) User=0.01s Sys=0.00s Real=0.01s
[223.278s][info][gc,marking  ] GC(417) Concurrent Scan Root Regions 5.184ms
[223.278s][info][gc,marking  ] GC(417) Concurrent Mark
[223.278s][info][gc,marking  ] GC(417) Concurrent Mark From Roots
[223.278s][info][gc,task     ] GC(417) Using 1 workers of 1 for marking
[223.314s][info][gc,marking  ] GC(417) Concurrent Mark From Roots 36.178ms
[223.314s][info][gc,marking  ] GC(417) Concurrent Preclean
[223.314s][info][gc,marking  ] GC(417) Concurrent Preclean 0.043ms
[223.314s][info][gc,start    ] GC(417) Pause Remark
[223.323s][info][gc          ] GC(417) Pause Remark 270M->270M(671M) 8.975ms
[223.323s][info][gc,cpu      ] GC(417) User=0.02s Sys=0.00s Real=0.01s
[223.325s][info][gc,marking  ] GC(417) Concurrent Mark 46.732ms
[223.325s][info][gc,marking  ] GC(417) Concurrent Rebuild Remembered Sets and Scrub Regions
[223.353s][info][gc,marking  ] GC(417) Concurrent Rebuild Remembered Sets and Scrub Regions 28.913ms
[223.354s][info][gc,start    ] GC(417) Pause Cleanup
[223.354s][info][gc          ] GC(417) Pause Cleanup 297M->297M(671M) 0.081ms
[223.354s][info][gc,cpu      ] GC(417) User=0.00s Sys=0.00s Real=0.00s
[223.355s][info][gc,marking  ] GC(417) Concurrent Clear Claimed Marks
[223.355s][info][gc,marking  ] GC(417) Concurrent Clear Claimed Marks 0.098ms
[223.355s][info][gc,marking  ] GC(417) Concurrent Cleanup for Next Mark
[223.358s][info][gc,marking  ] GC(417) Concurrent Cleanup for Next Mark 3.031ms
[223.358s][info][gc          ] GC(417) Concurrent Mark Cycle 85.161ms
[224.140s][info][gc,start    ] GC(418) Pause Young (Prepare Mixed) (G1 Evacuation Pause)
[224.140s][info][gc,task     ] GC(418) Using 2 workers of 2 for evacuation
[224.149s][info][gc,phases   ] GC(418)   Pre Evacuate Collection Set: 0.27ms
[224.149s][info][gc,phases   ] GC(418)   Merge Heap Roots: 0.14ms
[224.149s][info][gc,phases   ] GC(418)   Evacuate Collection Set: 8.21ms
[224.149s][info][gc,phases   ] GC(418)   Post Evacuate Collection Set: 0.95ms
[224.149s][info][gc,phases   ] GC(418)   Other: 0.11ms
[224.149s][info][gc,heap     ] GC(418) Eden regions: 350->0(346)
[224.149s][info][gc,heap     ] GC(418) Survivor regions: 17->19(46)
[224.149s][info][gc,heap     ] GC(418) Old regions: 45->45
[224.149s][info][gc,heap     ] GC(418) Humongous regions: 207->207
[224.149s][info][gc,metaspace] GC(418) Metaspace: 56870K(57216K)->56870K(57216K) NonClass: 51250K(51520K)->51250K(51520K) Class: 5619K(5696K)->5619K(5696K)
[224.149s][info][gc          ] GC(418) Pause Young (Prepare Mixed) (G1 Evacuation Pause) 618M->269M(671M) 9.843ms
[224.149s][info][gc,cpu      ] GC(418) User=0.02s Sys=0.00s Real=0.01s
[224.969s][info][gc,start    ] GC(419) Pause Young (Mixed) (G1 Evacuation Pause)
[224.969s][info][gc,task     ] GC(419) Using 2 workers of 2 for evacuation
[224.978s][info][gc,phases   ] GC(419)   Pre Evacuate Collection Set: 0.28ms
[224.978s][info][gc,phases   ] GC(419)   Merge Heap Roots: 0.13ms
[224.978s][info][gc,phases   ] GC(419)   Evacuate Collection Set: 8.42ms
[224.978s][info][gc,phases   ] GC(419)   Post Evacuate Collection Set: 0.73ms
[224.978s][info][gc,phases   ] GC(419)   Other: 0.10ms
[224.978s][info][gc,heap     ] GC(419) Eden regions: 346->0(351)
[224.978s][info][gc,heap     ] GC(419) Survivor regions: 19->17(46)
[224.978s][info][gc,heap     ] GC(419) Old regions: 45->44
[224.978s][info][gc,heap     ] GC(419) Humongous regions: 207->207
[224.978s][info][gc,metaspace] GC(419) Metaspace: 56870K(57216K)->56870K(57216K) NonClass: 51250K(51520K)->51250K(51520K) Class: 5619K(5696K)->5619K(5696K)
[224.978s][info][gc          ] GC(419) Pause Young (Mixed) (G1 Evacuation Pause) 615M->267M(671M) 9.863ms
[224.978s][info][gc,cpu      ] GC(419) User=0.02s Sys=0.00s Real=0.01s
[225.850s][info][gc,start    ] GC(420) Pause Young (Concurrent Start) (G1 Evacuation Pause)
[225.850s][info][gc,task     ] GC(420) Using 2 workers of 2 for evacuation
[225.884s][info][gc,phases   ] GC(420)   Pre Evacuate Collection Set: 1.65ms
[225.884s][info][gc,phases   ] GC(420)   Merge Heap Roots: 1.74ms
[225.884s][info][gc,phases   ] GC(420)   Evacuate Collection Set: 26.51ms
[225.884s][info][gc,phases   ] GC(420)   Post Evacuate Collection Set: 3.39ms
[225.884s][info][gc,phases   ] GC(420)   Other: 0.75ms
[225.884s][info][gc,heap     ] GC(420) Eden regions: 351->0(347)
[225.884s][info][gc,heap     ] GC(420) Survivor regions: 17->19(46)
[225.884s][info][gc,heap     ] GC(420) Old regions: 44->44
[225.884s][info][gc,heap     ] GC(420) Humongous regions: 207->207
[225.884s][info][gc,metaspace] GC(420) Metaspace: 56870K(57216K)->56870K(57216K) NonClass: 51250K(51520K)->51250K(51520K) Class: 5619K(5696K)->5619K(5696K)
[225.884s][info][gc          ] GC(420) Pause Young (Concurrent Start) (G1 Evacuation Pause) 618M->269M(671M) 34.239ms
[225.884s][info][gc,cpu      ] GC(420) User=0.02s Sys=0.00s Real=0.04s
[225.886s][info][gc          ] GC(421) Concurrent Mark Cycle
[225.886s][info][gc,marking  ] GC(421) Concurrent Scan Root Regions
[225.893s][info][gc,marking  ] GC(421) Concurrent Scan Root Regions 7.031ms
[225.893s][info][gc,marking  ] GC(421) Concurrent Mark
[225.893s][info][gc,marking  ] GC(421) Concurrent Mark From Roots
[225.893s][info][gc,task     ] GC(421) Using 1 workers of 1 for marking
[225.946s][info][gc,marking  ] GC(421) Concurrent Mark From Roots 53.074ms
[225.946s][info][gc,marking  ] GC(421) Concurrent Preclean
[225.946s][info][gc,marking  ] GC(421) Concurrent Preclean 0.049ms
[225.946s][info][gc,start    ] GC(421) Pause Remark
[225.957s][info][gc          ] GC(421) Pause Remark 299M->299M(671M) 10.535ms
[225.957s][info][gc,cpu      ] GC(421) User=0.02s Sys=0.00s Real=0.01s
[225.957s][info][gc,marking  ] GC(421) Concurrent Mark 64.378ms
[225.957s][info][gc,marking  ] GC(421) Concurrent Rebuild Remembered Sets and Scrub Regions
[225.982s][info][gc,marking  ] GC(421) Concurrent Rebuild Remembered Sets and Scrub Regions 24.461ms
[225.983s][info][gc,start    ] GC(421) Pause Cleanup
[225.983s][info][gc          ] GC(421) Pause Cleanup 317M->317M(671M) 0.078ms
[225.983s][info][gc,cpu      ] GC(421) User=0.00s Sys=0.00s Real=0.00s
[225.983s][info][gc,marking  ] GC(421) Concurrent Clear Claimed Marks
[225.983s][info][gc,marking  ] GC(421) Concurrent Clear Claimed Marks 0.087ms
[225.983s][info][gc,marking  ] GC(421) Concurrent Cleanup for Next Mark
[225.985s][info][gc,marking  ] GC(421) Concurrent Cleanup for Next Mark 1.943ms
[225.985s][info][gc          ] GC(421) Concurrent Mark Cycle 98.935ms
[226.660s][info][gc,start    ] GC(422) Pause Young (Prepare Mixed) (G1 Evacuation Pause)
[226.660s][info][gc,task     ] GC(422) Using 2 workers of 2 for evacuation
[226.668s][info][gc,phases   ] GC(422)   Pre Evacuate Collection Set: 0.28ms
[226.668s][info][gc,phases   ] GC(422)   Merge Heap Roots: 0.13ms
[226.669s][info][gc,phases   ] GC(422)   Evacuate Collection Set: 7.34ms
[226.669s][info][gc,phases   ] GC(422)   Post Evacuate Collection Set: 0.72ms
[226.669s][info][gc,phases   ] GC(422)   Other: 0.11ms
[226.669s][info][gc,heap     ] GC(422) Eden regions: 347->0(349)
[226.669s][info][gc,heap     ] GC(422) Survivor regions: 19->18(46)
[226.669s][info][gc,heap     ] GC(422) Old regions: 44->44
[226.669s][info][gc,heap     ] GC(422) Humongous regions: 207->207
[226.669s][info][gc,metaspace] GC(422) Metaspace: 56871K(57216K)->56871K(57216K) NonClass: 51251K(51520K)->51251K(51520K) Class: 5619K(5696K)->5619K(5696K)
[226.669s][info][gc          ] GC(422) Pause Young (Prepare Mixed) (G1 Evacuation Pause) 616M->268M(671M) 8.786ms
[226.669s][info][gc,cpu      ] GC(422) User=0.01s Sys=0.01s Real=0.01s
[227.530s][info][gc,start    ] GC(423) Pause Young (Mixed) (G1 Evacuation Pause)
[227.530s][info][gc,task     ] GC(423) Using 2 workers of 2 for evacuation
[227.540s][info][gc,phases   ] GC(423)   Pre Evacuate Collection Set: 0.29ms
[227.540s][info][gc,phases   ] GC(423)   Merge Heap Roots: 0.12ms
[227.540s][info][gc,phases   ] GC(423)   Evacuate Collection Set: 8.17ms
[227.540s][info][gc,phases   ] GC(423)   Post Evacuate Collection Set: 0.72ms
[227.540s][info][gc,phases   ] GC(423)   Other: 0.09ms
[227.540s][info][gc,heap     ] GC(423) Eden regions: 349->0(349)
[227.540s][info][gc,heap     ] GC(423) Survivor regions: 18->18(46)
[227.540s][info][gc,heap     ] GC(423) Old regions: 44->44
[227.540s][info][gc,heap     ] GC(423) Humongous regions: 207->207
[227.540s][info][gc,metaspace] GC(423) Metaspace: 56871K(57216K)->56871K(57216K) NonClass: 51251K(51520K)->51251K(51520K) Class: 5619K(5696K)->5619K(5696K)
[227.540s][info][gc          ] GC(423) Pause Young (Mixed) (G1 Evacuation Pause) 617M->267M(671M) 9.600ms
[227.540s][info][gc,cpu      ] GC(423) User=0.02s Sys=0.00s Real=0.01s
[228.349s][info][gc,start    ] GC(424) Pause Young (Concurrent Start) (G1 Evacuation Pause)
[228.350s][info][gc,task     ] GC(424) Using 2 workers of 2 for evacuation
[228.360s][info][gc,phases   ] GC(424)   Pre Evacuate Collection Set: 0.32ms
[228.360s][info][gc,phases   ] GC(424)   Merge Heap Roots: 0.12ms
[228.360s][info][gc,phases   ] GC(424)   Evacuate Collection Set: 9.18ms
[228.360s][info][gc,phases   ] GC(424)   Post Evacuate Collection Set: 0.72ms
[228.360s][info][gc,phases   ] GC(424)   Other: 0.11ms
[228.360s][info][gc,heap     ] GC(424) Eden regions: 349->0(347)
[228.360s][info][gc,heap     ] GC(424) Survivor regions: 18->19(46)
[228.360s][info][gc,heap     ] GC(424) Old regions: 44->44
[228.360s][info][gc,heap     ] GC(424) Humongous regions: 207->207
[228.360s][info][gc,metaspace] GC(424) Metaspace: 56872K(57216K)->56872K(57216K) NonClass: 51253K(51520K)->51253K(51520K) Class: 5619K(5696K)->5619K(5696K)
[228.360s][info][gc          ] GC(424) Pause Young (Concurrent Start) (G1 Evacuation Pause) 616M->268M(671M) 10.655ms
[228.360s][info][gc,cpu      ] GC(424) User=0.02s Sys=0.00s Real=0.01s
[228.360s][info][gc          ] GC(425) Concurrent Mark Cycle
[228.360s][info][gc,marking  ] GC(425) Concurrent Scan Root Regions
[228.366s][info][gc,marking  ] GC(425) Concurrent Scan Root Regions 6.019ms
[228.366s][info][gc,marking  ] GC(425) Concurrent Mark
[228.366s][info][gc,marking  ] GC(425) Concurrent Mark From Roots
[228.366s][info][gc,task     ] GC(425) Using 1 workers of 1 for marking
[228.406s][info][gc,marking  ] GC(425) Concurrent Mark From Roots 39.928ms
[228.406s][info][gc,marking  ] GC(425) Concurrent Preclean
[228.406s][info][gc,marking  ] GC(425) Concurrent Preclean 0.048ms
[228.406s][info][gc,start    ] GC(425) Pause Remark
[228.415s][info][gc          ] GC(425) Pause Remark 280M->280M(671M) 8.904ms
[228.415s][info][gc,cpu      ] GC(425) User=0.02s Sys=0.00s Real=0.01s
[228.415s][info][gc,marking  ] GC(425) Concurrent Mark 49.211ms
[228.415s][info][gc,marking  ] GC(425) Concurrent Rebuild Remembered Sets and Scrub Regions
[228.446s][info][gc,marking  ] GC(425) Concurrent Rebuild Remembered Sets and Scrub Regions 30.847ms
[228.447s][info][gc,start    ] GC(425) Pause Cleanup
[228.447s][info][gc          ] GC(425) Pause Cleanup 305M->305M(671M) 0.070ms
[228.447s][info][gc,cpu      ] GC(425) User=0.00s Sys=0.00s Real=0.00s
[228.447s][info][gc,marking  ] GC(425) Concurrent Clear Claimed Marks
[228.447s][info][gc,marking  ] GC(425) Concurrent Clear Claimed Marks 0.083ms
[228.447s][info][gc,marking  ] GC(425) Concurrent Cleanup for Next Mark
[228.451s][info][gc,marking  ] GC(425) Concurrent Cleanup for Next Mark 4.505ms
[228.451s][info][gc          ] GC(425) Concurrent Mark Cycle 91.124ms
[229.225s][info][gc,start    ] GC(426) Pause Young (Prepare Mixed) (G1 Evacuation Pause)
[229.225s][info][gc,task     ] GC(426) Using 2 workers of 2 for evacuation
[229.233s][info][gc,phases   ] GC(426)   Pre Evacuate Collection Set: 0.26ms
[229.233s][info][gc,phases   ] GC(426)   Merge Heap Roots: 0.13ms
[229.233s][info][gc,phases   ] GC(426)   Evacuate Collection Set: 6.73ms
[229.233s][info][gc,phases   ] GC(426)   Post Evacuate Collection Set: 0.72ms
[229.233s][info][gc,phases   ] GC(426)   Other: 0.08ms
[229.233s][info][gc,heap     ] GC(426) Eden regions: 347->0(351)
[229.233s][info][gc,heap     ] GC(426) Survivor regions: 19->17(46)
[229.233s][info][gc,heap     ] GC(426) Old regions: 44->44
[229.233s][info][gc,heap     ] GC(426) Humongous regions: 207->207
[229.233s][info][gc,metaspace] GC(426) Metaspace: 56872K(57216K)->56872K(57216K) NonClass: 51253K(51520K)->51253K(51520K) Class: 5619K(5696K)->5619K(5696K)
[229.233s][info][gc          ] GC(426) Pause Young (Prepare Mixed) (G1 Evacuation Pause) 615M->267M(671M) 8.091ms
[229.233s][info][gc,cpu      ] GC(426) User=0.01s Sys=0.00s Real=0.01s
[230.084s][info][gc,start    ] GC(427) Pause Young (Mixed) (G1 Evacuation Pause)
[230.084s][info][gc,task     ] GC(427) Using 2 workers of 2 for evacuation
[230.093s][info][gc,phases   ] GC(427)   Pre Evacuate Collection Set: 0.28ms
[230.093s][info][gc,phases   ] GC(427)   Merge Heap Roots: 0.13ms
[230.093s][info][gc,phases   ] GC(427)   Evacuate Collection Set: 8.32ms
[230.093s][info][gc,phases   ] GC(427)   Post Evacuate Collection Set: 0.75ms
[230.093s][info][gc,phases   ] GC(427)   Other: 0.08ms
[230.093s][info][gc,heap     ] GC(427) Eden regions: 351->0(351)
[230.093s][info][gc,heap     ] GC(427) Survivor regions: 17->17(46)
[230.093s][info][gc,heap     ] GC(427) Old regions: 44->44
[230.093s][info][gc,heap     ] GC(427) Humongous regions: 207->207
[230.093s][info][gc,metaspace] GC(427) Metaspace: 56876K(57216K)->56876K(57216K) NonClass: 51257K(51520K)->51257K(51520K) Class: 5619K(5696K)->5619K(5696K)
[230.093s][info][gc          ] GC(427) Pause Young (Mixed) (G1 Evacuation Pause) 618M->267M(671M) 9.758ms
[230.094s][info][gc,cpu      ] GC(427) User=0.01s Sys=0.00s Real=0.01s
[230.930s][info][gc,start    ] GC(428) Pause Young (Concurrent Start) (G1 Evacuation Pause)
[230.930s][info][gc,task     ] GC(428) Using 2 workers of 2 for evacuation
[230.939s][info][gc,phases   ] GC(428)   Pre Evacuate Collection Set: 0.36ms
[230.939s][info][gc,phases   ] GC(428)   Merge Heap Roots: 0.13ms
[230.939s][info][gc,phases   ] GC(428)   Evacuate Collection Set: 7.66ms
[230.939s][info][gc,phases   ] GC(428)   Post Evacuate Collection Set: 0.79ms
[230.939s][info][gc,phases   ] GC(428)   Other: 0.12ms
[230.939s][info][gc,heap     ] GC(428) Eden regions: 351->0(351)
[230.939s][info][gc,heap     ] GC(428) Survivor regions: 17->17(46)
[230.939s][info][gc,heap     ] GC(428) Old regions: 44->44
[230.939s][info][gc,heap     ] GC(428) Humongous regions: 207->207
[230.939s][info][gc,metaspace] GC(428) Metaspace: 56876K(57216K)->56876K(57216K) NonClass: 51257K(51520K)->51257K(51520K) Class: 5619K(5696K)->5619K(5696K)
[230.939s][info][gc          ] GC(428) Pause Young (Concurrent Start) (G1 Evacuation Pause) 618M->267M(671M) 9.251ms
[230.939s][info][gc,cpu      ] GC(428) User=0.01s Sys=0.00s Real=0.01s
[230.939s][info][gc          ] GC(429) Concurrent Mark Cycle
[230.940s][info][gc,marking  ] GC(429) Concurrent Scan Root Regions
[230.944s][info][gc,marking  ] GC(429) Concurrent Scan Root Regions 4.359ms
[230.944s][info][gc,marking  ] GC(429) Concurrent Mark
[230.944s][info][gc,marking  ] GC(429) Concurrent Mark From Roots
[230.944s][info][gc,task     ] GC(429) Using 1 workers of 1 for marking
[230.994s][info][gc,marking  ] GC(429) Concurrent Mark From Roots 49.587ms
[230.994s][info][gc,marking  ] GC(429) Concurrent Preclean
[230.994s][info][gc,marking  ] GC(429) Concurrent Preclean 0.046ms
[230.994s][info][gc,start    ] GC(429) Pause Remark
[231.003s][info][gc          ] GC(429) Pause Remark 297M->297M(671M) 8.909ms
[231.003s][info][gc,cpu      ] GC(429) User=0.02s Sys=0.00s Real=0.01s
[231.004s][info][gc,marking  ] GC(429) Concurrent Mark 60.088ms
[231.004s][info][gc,marking  ] GC(429) Concurrent Rebuild Remembered Sets and Scrub Regions
[231.019s][info][gc,marking  ] GC(429) Concurrent Rebuild Remembered Sets and Scrub Regions 15.409ms
[231.020s][info][gc,start    ] GC(429) Pause Cleanup
[231.020s][info][gc          ] GC(429) Pause Cleanup 299M->299M(671M) 0.055ms
[231.020s][info][gc,cpu      ] GC(429) User=0.00s Sys=0.00s Real=0.00s
[231.020s][info][gc,marking  ] GC(429) Concurrent Clear Claimed Marks
[231.020s][info][gc,marking  ] GC(429) Concurrent Clear Claimed Marks 0.081ms
[231.020s][info][gc,marking  ] GC(429) Concurrent Cleanup for Next Mark
[231.022s][info][gc,marking  ] GC(429) Concurrent Cleanup for Next Mark 2.100ms
[231.022s][info][gc          ] GC(429) Concurrent Mark Cycle 82.414ms
[231.759s][info][gc,start    ] GC(430) Pause Young (Prepare Mixed) (G1 Evacuation Pause)
[231.759s][info][gc,task     ] GC(430) Using 2 workers of 2 for evacuation
[231.768s][info][gc,phases   ] GC(430)   Pre Evacuate Collection Set: 0.29ms
[231.768s][info][gc,phases   ] GC(430)   Merge Heap Roots: 0.13ms
[231.768s][info][gc,phases   ] GC(430)   Evacuate Collection Set: 8.17ms
[231.768s][info][gc,phases   ] GC(430)   Post Evacuate Collection Set: 0.74ms
[231.769s][info][gc,phases   ] GC(430)   Other: 0.12ms
[231.769s][info][gc,heap     ] GC(430) Eden regions: 351->0(349)
[231.769s][info][gc,heap     ] GC(430) Survivor regions: 17->18(46)
[231.769s][info][gc,heap     ] GC(430) Old regions: 44->44
[231.769s][info][gc,heap     ] GC(430) Humongous regions: 207->207
[231.769s][info][gc,metaspace] GC(430) Metaspace: 56876K(57216K)->56876K(57216K) NonClass: 51257K(51520K)->51257K(51520K) Class: 5619K(5696K)->5619K(5696K)
[231.769s][info][gc          ] GC(430) Pause Young (Prepare Mixed) (G1 Evacuation Pause) 618M->268M(671M) 9.648ms
[231.769s][info][gc,cpu      ] GC(430) User=0.02s Sys=0.00s Real=0.01s
[232.641s][info][gc,start    ] GC(431) Pause Young (Mixed) (G1 Evacuation Pause)
[232.641s][info][gc,task     ] GC(431) Using 2 workers of 2 for evacuation
[232.653s][info][gc,phases   ] GC(431)   Pre Evacuate Collection Set: 0.30ms
[232.653s][info][gc,phases   ] GC(431)   Merge Heap Roots: 0.15ms
[232.653s][info][gc,phases   ] GC(431)   Evacuate Collection Set: 10.11ms
[232.653s][info][gc,phases   ] GC(431)   Post Evacuate Collection Set: 0.77ms
[232.653s][info][gc,phases   ] GC(431)   Other: 0.12ms
[232.653s][info][gc,heap     ] GC(431) Eden regions: 349->0(349)
[232.653s][info][gc,heap     ] GC(431) Survivor regions: 18->18(46)
[232.653s][info][gc,heap     ] GC(431) Old regions: 44->44
[232.653s][info][gc,heap     ] GC(431) Humongous regions: 207->207
[232.653s][info][gc,metaspace] GC(431) Metaspace: 56876K(57216K)->56876K(57216K) NonClass: 51257K(51520K)->51257K(51520K) Class: 5619K(5696K)->5619K(5696K)
[232.653s][info][gc          ] GC(431) Pause Young (Mixed) (G1 Evacuation Pause) 617M->267M(671M) 11.656ms
[232.653s][info][gc,cpu      ] GC(431) User=0.02s Sys=0.00s Real=0.01s
[233.450s][info][gc,start    ] GC(432) Pause Young (Concurrent Start) (G1 Evacuation Pause)
[233.451s][info][gc,task     ] GC(432) Using 2 workers of 2 for evacuation
[233.461s][info][gc,phases   ] GC(432)   Pre Evacuate Collection Set: 0.29ms
[233.461s][info][gc,phases   ] GC(432)   Merge Heap Roots: 0.12ms
[233.461s][info][gc,phases   ] GC(432)   Evacuate Collection Set: 9.22ms
[233.461s][info][gc,phases   ] GC(432)   Post Evacuate Collection Set: 0.73ms
[233.461s][info][gc,phases   ] GC(432)   Other: 0.12ms
[233.461s][info][gc,heap     ] GC(432) Eden regions: 349->0(347)
[233.461s][info][gc,heap     ] GC(432) Survivor regions: 18->19(46)
[233.461s][info][gc,heap     ] GC(432) Old regions: 44->44
[233.461s][info][gc,heap     ] GC(432) Humongous regions: 207->207
[233.461s][info][gc,metaspace] GC(432) Metaspace: 56876K(57216K)->56876K(57216K) NonClass: 51257K(51520K)->51257K(51520K) Class: 5619K(5696K)->5619K(5696K)
[233.461s][info][gc          ] GC(432) Pause Young (Concurrent Start) (G1 Evacuation Pause) 616M->268M(671M) 10.667ms
[233.461s][info][gc,cpu      ] GC(432) User=0.02s Sys=0.00s Real=0.01s
[233.461s][info][gc          ] GC(433) Concurrent Mark Cycle
[233.462s][info][gc,marking  ] GC(433) Concurrent Scan Root Regions
[233.468s][info][gc,marking  ] GC(433) Concurrent Scan Root Regions 6.645ms
[233.468s][info][gc,marking  ] GC(433) Concurrent Mark
[233.468s][info][gc,marking  ] GC(433) Concurrent Mark From Roots
[233.468s][info][gc,task     ] GC(433) Using 1 workers of 1 for marking
[233.512s][info][gc,marking  ] GC(433) Concurrent Mark From Roots 43.651ms
[233.512s][info][gc,marking  ] GC(433) Concurrent Preclean
[233.512s][info][gc,marking  ] GC(433) Concurrent Preclean 0.043ms
[233.512s][info][gc,start    ] GC(433) Pause Remark
[233.521s][info][gc          ] GC(433) Pause Remark 280M->280M(671M) 9.044ms
[233.521s][info][gc,cpu      ] GC(433) User=0.02s Sys=0.00s Real=0.01s
[233.522s][info][gc,marking  ] GC(433) Concurrent Mark 53.714ms
[233.522s][info][gc,marking  ] GC(433) Concurrent Rebuild Remembered Sets and Scrub Regions
[233.548s][info][gc,marking  ] GC(433) Concurrent Rebuild Remembered Sets and Scrub Regions 25.688ms
[233.548s][info][gc,start    ] GC(433) Pause Cleanup
[233.548s][info][gc          ] GC(433) Pause Cleanup 300M->300M(671M) 0.072ms
[233.548s][info][gc,cpu      ] GC(433) User=0.01s Sys=0.00s Real=0.00s
[233.548s][info][gc,marking  ] GC(433) Concurrent Clear Claimed Marks
[233.548s][info][gc,marking  ] GC(433) Concurrent Clear Claimed Marks 0.087ms
[233.548s][info][gc,marking  ] GC(433) Concurrent Cleanup for Next Mark
[233.550s][info][gc,marking  ] GC(433) Concurrent Cleanup for Next Mark 1.950ms
[233.550s][info][gc          ] GC(433) Concurrent Mark Cycle 88.467ms
[234.329s][info][gc,start    ] GC(434) Pause Young (Prepare Mixed) (G1 Evacuation Pause)
[234.329s][info][gc,task     ] GC(434) Using 2 workers of 2 for evacuation
[234.338s][info][gc,phases   ] GC(434)   Pre Evacuate Collection Set: 0.28ms
[234.338s][info][gc,phases   ] GC(434)   Merge Heap Roots: 0.14ms
[234.338s][info][gc,phases   ] GC(434)   Evacuate Collection Set: 7.66ms
[234.338s][info][gc,phases   ] GC(434)   Post Evacuate Collection Set: 0.73ms
[234.338s][info][gc,phases   ] GC(434)   Other: 0.08ms
[234.338s][info][gc,heap     ] GC(434) Eden regions: 347->0(364)
[234.338s][info][gc,heap     ] GC(434) Survivor regions: 19->3(46)
[234.338s][info][gc,heap     ] GC(434) Old regions: 44->59
[234.338s][info][gc,heap     ] GC(434) Humongous regions: 207->207
[234.338s][info][gc,metaspace] GC(434) Metaspace: 56876K(57216K)->56876K(57216K) NonClass: 51257K(51520K)->51257K(51520K) Class: 5619K(5696K)->5619K(5696K)
[234.338s][info][gc          ] GC(434) Pause Young (Prepare Mixed) (G1 Evacuation Pause) 615M->267M(671M) 9.061ms
[234.338s][info][gc,cpu      ] GC(434) User=0.02s Sys=0.00s Real=0.01s
[235.220s][info][gc,start    ] GC(435) Pause Young (Mixed) (G1 Evacuation Pause)
[235.220s][info][gc,task     ] GC(435) Using 2 workers of 2 for evacuation
[235.225s][info][gc,phases   ] GC(435)   Pre Evacuate Collection Set: 0.27ms
[235.225s][info][gc,phases   ] GC(435)   Merge Heap Roots: 0.11ms
[235.225s][info][gc,phases   ] GC(435)   Evacuate Collection Set: 3.56ms
[235.225s][info][gc,phases   ] GC(435)   Post Evacuate Collection Set: 0.67ms
[235.225s][info][gc,phases   ] GC(435)   Other: 0.08ms
[235.225s][info][gc,heap     ] GC(435) Eden regions: 364->0(368)
[235.225s][info][gc,heap     ] GC(435) Survivor regions: 3->1(46)
[235.225s][info][gc,heap     ] GC(435) Old regions: 59->59
[235.225s][info][gc,heap     ] GC(435) Humongous regions: 207->207
[235.225s][info][gc,metaspace] GC(435) Metaspace: 56876K(57216K)->56876K(57216K) NonClass: 51257K(51520K)->51257K(51520K) Class: 5619K(5696K)->5619K(5696K)
[235.225s][info][gc          ] GC(435) Pause Young (Mixed) (G1 Evacuation Pause) 631M->266M(671M) 4.867ms
[235.225s][info][gc,cpu      ] GC(435) User=0.01s Sys=0.00s Real=0.01s
[236.100s][info][gc,start    ] GC(436) Pause Young (Concurrent Start) (G1 Evacuation Pause)
[236.100s][info][gc,task     ] GC(436) Using 2 workers of 2 for evacuation
[236.103s][info][gc,phases   ] GC(436)   Pre Evacuate Collection Set: 0.33ms
[236.103s][info][gc,phases   ] GC(436)   Merge Heap Roots: 0.12ms
[236.103s][info][gc,phases   ] GC(436)   Evacuate Collection Set: 1.88ms
[236.103s][info][gc,phases   ] GC(436)   Post Evacuate Collection Set: 0.63ms
[236.103s][info][gc,phases   ] GC(436)   Other: 0.16ms
[236.103s][info][gc,heap     ] GC(436) Eden regions: 368->0(368)
[236.103s][info][gc,heap     ] GC(436) Survivor regions: 1->1(47)
[236.103s][info][gc,heap     ] GC(436) Old regions: 59->59
[236.103s][info][gc,heap     ] GC(436) Humongous regions: 207->207
[236.103s][info][gc,metaspace] GC(436) Metaspace: 56876K(57216K)->56876K(57216K) NonClass: 51257K(51520K)->51257K(51520K) Class: 5619K(5696K)->5619K(5696K)
[236.103s][info][gc          ] GC(436) Pause Young (Concurrent Start) (G1 Evacuation Pause) 634M->266M(671M) 3.307ms
[236.103s][info][gc,cpu      ] GC(436) User=0.00s Sys=0.00s Real=0.01s
[236.103s][info][gc          ] GC(437) Concurrent Mark Cycle
[236.103s][info][gc,marking  ] GC(437) Concurrent Scan Root Regions
[236.105s][info][gc,marking  ] GC(437) Concurrent Scan Root Regions 1.372ms
[236.105s][info][gc,marking  ] GC(437) Concurrent Mark
[236.105s][info][gc,marking  ] GC(437) Concurrent Mark From Roots
[236.105s][info][gc,task     ] GC(437) Using 1 workers of 1 for marking
[236.152s][info][gc,marking  ] GC(437) Concurrent Mark From Roots 47.672ms
[236.152s][info][gc,marking  ] GC(437) Concurrent Preclean
[236.153s][info][gc,marking  ] GC(437) Concurrent Preclean 0.059ms
[236.153s][info][gc,start    ] GC(437) Pause Remark
[236.162s][info][gc          ] GC(437) Pause Remark 289M->279M(671M) 8.906ms
[236.162s][info][gc,cpu      ] GC(437) User=0.02s Sys=0.00s Real=0.01s
[236.162s][info][gc,marking  ] GC(437) Concurrent Mark 56.948ms
[236.162s][info][gc,marking  ] GC(437) Concurrent Rebuild Remembered Sets and Scrub Regions
[236.176s][info][gc,marking  ] GC(437) Concurrent Rebuild Remembered Sets and Scrub Regions 14.802ms
[236.177s][info][gc,start    ] GC(437) Pause Cleanup
[236.177s][info][gc          ] GC(437) Pause Cleanup 287M->287M(671M) 0.065ms
[236.177s][info][gc,cpu      ] GC(437) User=0.00s Sys=0.00s Real=0.00s
[236.177s][info][gc,marking  ] GC(437) Concurrent Clear Claimed Marks
[236.177s][info][gc,marking  ] GC(437) Concurrent Clear Claimed Marks 0.083ms
[236.177s][info][gc,marking  ] GC(437) Concurrent Cleanup for Next Mark
[236.179s][info][gc,marking  ] GC(437) Concurrent Cleanup for Next Mark 1.962ms
[236.179s][info][gc          ] GC(437) Concurrent Mark Cycle 75.549ms
[237.000s][info][gc,start    ] GC(438) Pause Young (Prepare Mixed) (G1 Evacuation Pause)
[237.001s][info][gc,task     ] GC(438) Using 2 workers of 2 for evacuation
[237.004s][info][gc,phases   ] GC(438)   Pre Evacuate Collection Set: 0.26ms
[237.004s][info][gc,phases   ] GC(438)   Merge Heap Roots: 0.12ms
[237.004s][info][gc,phases   ] GC(438)   Evacuate Collection Set: 2.05ms
[237.004s][info][gc,phases   ] GC(438)   Post Evacuate Collection Set: 0.65ms
[237.004s][info][gc,phases   ] GC(438)   Other: 0.08ms
[237.004s][info][gc,heap     ] GC(438) Eden regions: 368->0(378)
[237.004s][info][gc,heap     ] GC(438) Survivor regions: 1->1(47)
[237.004s][info][gc,heap     ] GC(438) Old regions: 49->49
[237.004s][info][gc,heap     ] GC(438) Humongous regions: 207->207
[237.004s][info][gc,metaspace] GC(438) Metaspace: 56876K(57216K)->56876K(57216K) NonClass: 51257K(51520K)->51257K(51520K) Class: 5619K(5696K)->5619K(5696K)
[237.004s][info][gc          ] GC(438) Pause Young (Prepare Mixed) (G1 Evacuation Pause) 624M->256M(671M) 3.345ms
[237.004s][info][gc,cpu      ] GC(438) User=0.01s Sys=0.00s Real=0.00s
[237.927s][info][gc,start    ] GC(439) Pause Young (Mixed) (G1 Evacuation Pause)
[237.927s][info][gc,task     ] GC(439) Using 2 workers of 2 for evacuation
[237.931s][info][gc,phases   ] GC(439)   Pre Evacuate Collection Set: 0.27ms
[237.931s][info][gc,phases   ] GC(439)   Merge Heap Roots: 0.12ms
[237.931s][info][gc,phases   ] GC(439)   Evacuate Collection Set: 2.95ms
[237.931s][info][gc,phases   ] GC(439)   Post Evacuate Collection Set: 0.67ms
[237.931s][info][gc,phases   ] GC(439)   Other: 0.11ms
[237.931s][info][gc,heap     ] GC(439) Eden regions: 378->0(379)
[237.931s][info][gc,heap     ] GC(439) Survivor regions: 1->2(48)
[237.931s][info][gc,heap     ] GC(439) Old regions: 49->46
[237.931s][info][gc,heap     ] GC(439) Humongous regions: 207->207
[237.931s][info][gc,metaspace] GC(439) Metaspace: 56876K(57216K)->56876K(57216K) NonClass: 51257K(51520K)->51257K(51520K) Class: 5619K(5696K)->5619K(5696K)
[237.931s][info][gc          ] GC(439) Pause Young (Mixed) (G1 Evacuation Pause) 634M->254M(671M) 4.315ms
[237.931s][info][gc,cpu      ] GC(439) User=0.00s Sys=0.00s Real=0.01s
[238.838s][info][gc,start    ] GC(440) Pause Young (Concurrent Start) (G1 Evacuation Pause)
[238.839s][info][gc,task     ] GC(440) Using 2 workers of 2 for evacuation
[238.845s][info][gc,phases   ] GC(440)   Pre Evacuate Collection Set: 0.33ms
[238.845s][info][gc,phases   ] GC(440)   Merge Heap Roots: 0.17ms
[238.845s][info][gc,phases   ] GC(440)   Evacuate Collection Set: 5.13ms
[238.845s][info][gc,phases   ] GC(440)   Post Evacuate Collection Set: 0.69ms
[238.845s][info][gc,phases   ] GC(440)   Other: 0.17ms
[238.845s][info][gc,heap     ] GC(440) Eden regions: 379->0(375)
[238.845s][info][gc,heap     ] GC(440) Survivor regions: 2->4(48)
[238.845s][info][gc,heap     ] GC(440) Old regions: 46->46
[238.845s][info][gc,heap     ] GC(440) Humongous regions: 207->207
[238.845s][info][gc,metaspace] GC(440) Metaspace: 56876K(57216K)->56876K(57216K) NonClass: 51257K(51520K)->51257K(51520K) Class: 5619K(5696K)->5619K(5696K)
[238.845s][info][gc          ] GC(440) Pause Young (Concurrent Start) (G1 Evacuation Pause) 633M->256M(671M) 6.736ms
[238.845s][info][gc,cpu      ] GC(440) User=0.01s Sys=0.00s Real=0.01s
[238.845s][info][gc          ] GC(441) Concurrent Mark Cycle
[238.845s][info][gc,marking  ] GC(441) Concurrent Scan Root Regions
[238.851s][info][gc,marking  ] GC(441) Concurrent Scan Root Regions 5.711ms
[238.851s][info][gc,marking  ] GC(441) Concurrent Mark
[238.851s][info][gc,marking  ] GC(441) Concurrent Mark From Roots
[238.851s][info][gc,task     ] GC(441) Using 1 workers of 1 for marking
[238.911s][info][gc,marking  ] GC(441) Concurrent Mark From Roots 59.848ms
[238.911s][info][gc,marking  ] GC(441) Concurrent Preclean
[238.911s][info][gc,marking  ] GC(441) Concurrent Preclean 0.063ms
[238.911s][info][gc,start    ] GC(441) Pause Remark
[238.920s][info][gc          ] GC(441) Pause Remark 283M->283M(671M) 9.358ms
[238.920s][info][gc,cpu      ] GC(441) User=0.02s Sys=0.00s Real=0.01s
[238.921s][info][gc,marking  ] GC(441) Concurrent Mark 70.357ms
[238.923s][info][gc,marking  ] GC(441) Concurrent Rebuild Remembered Sets and Scrub Regions
[238.951s][info][gc,marking  ] GC(441) Concurrent Rebuild Remembered Sets and Scrub Regions 27.166ms
[238.951s][info][gc,start    ] GC(441) Pause Cleanup
[238.951s][info][gc          ] GC(441) Pause Cleanup 306M->306M(671M) 0.078ms
[238.951s][info][gc,cpu      ] GC(441) User=0.00s Sys=0.00s Real=0.00s
[238.951s][info][gc,marking  ] GC(441) Concurrent Clear Claimed Marks
[238.951s][info][gc,marking  ] GC(441) Concurrent Clear Claimed Marks 0.098ms
[238.951s][info][gc,marking  ] GC(441) Concurrent Cleanup for Next Mark
[238.953s][info][gc,marking  ] GC(441) Concurrent Cleanup for Next Mark 2.041ms
[238.953s][info][gc          ] GC(441) Concurrent Mark Cycle 107.836ms
[239.740s][info][gc,start    ] GC(442) Pause Young (Prepare Mixed) (G1 Evacuation Pause)
[239.740s][info][gc,task     ] GC(442) Using 2 workers of 2 for evacuation
[239.746s][info][gc,phases   ] GC(442)   Pre Evacuate Collection Set: 0.28ms
[239.747s][info][gc,phases   ] GC(442)   Merge Heap Roots: 0.13ms
[239.747s][info][gc,phases   ] GC(442)   Evacuate Collection Set: 5.03ms
[239.747s][info][gc,phases   ] GC(442)   Post Evacuate Collection Set: 0.68ms
[239.747s][info][gc,phases   ] GC(442)   Other: 0.08ms
[239.747s][info][gc,heap     ] GC(442) Eden regions: 375->0(375)
[239.747s][info][gc,heap     ] GC(442) Survivor regions: 4->4(48)
[239.747s][info][gc,heap     ] GC(442) Old regions: 46->46
[239.747s][info][gc,heap     ] GC(442) Humongous regions: 207->207
[239.747s][info][gc,metaspace] GC(442) Metaspace: 56876K(57216K)->56876K(57216K) NonClass: 51257K(51520K)->51257K(51520K) Class: 5619K(5696K)->5619K(5696K)
[239.747s][info][gc          ] GC(442) Pause Young (Prepare Mixed) (G1 Evacuation Pause) 631M->256M(671M) 6.394ms
[239.747s][info][gc,cpu      ] GC(442) User=0.02s Sys=0.00s Real=0.01s
[240.643s][info][gc,start    ] GC(443) Pause Young (Mixed) (G1 Evacuation Pause)
[240.643s][info][gc,task     ] GC(443) Using 2 workers of 2 for evacuation
[240.650s][info][gc,phases   ] GC(443)   Pre Evacuate Collection Set: 0.27ms
[240.650s][info][gc,phases   ] GC(443)   Merge Heap Roots: 0.14ms
[240.650s][info][gc,phases   ] GC(443)   Evacuate Collection Set: 5.67ms
[240.650s][info][gc,phases   ] GC(443)   Post Evacuate Collection Set: 0.68ms
[240.650s][info][gc,phases   ] GC(443)   Other: 0.11ms
[240.650s][info][gc,heap     ] GC(443) Eden regions: 375->0(376)
[240.650s][info][gc,heap     ] GC(443) Survivor regions: 4->4(48)
[240.650s][info][gc,heap     ] GC(443) Old regions: 46->45
[240.650s][info][gc,heap     ] GC(443) Humongous regions: 207->207
[240.650s][info][gc,metaspace] GC(443) Metaspace: 56876K(57216K)->56876K(57216K) NonClass: 51257K(51520K)->51257K(51520K) Class: 5619K(5696K)->5619K(5696K)
[240.650s][info][gc          ] GC(443) Pause Young (Mixed) (G1 Evacuation Pause) 631M->254M(671M) 7.057ms
[240.650s][info][gc,cpu      ] GC(443) User=0.01s Sys=0.00s Real=0.00s
[241.653s][info][gc,start    ] GC(444) Pause Young (Concurrent Start) (G1 Evacuation Pause)
[241.653s][info][gc,task     ] GC(444) Using 2 workers of 2 for evacuation
[241.659s][info][gc,phases   ] GC(444)   Pre Evacuate Collection Set: 0.29ms
[241.659s][info][gc,phases   ] GC(444)   Merge Heap Roots: 0.13ms
[241.659s][info][gc,phases   ] GC(444)   Evacuate Collection Set: 5.11ms
[241.659s][info][gc,phases   ] GC(444)   Post Evacuate Collection Set: 0.85ms
[241.659s][info][gc,phases   ] GC(444)   Other: 0.10ms
[241.659s][info][gc,heap     ] GC(444) Eden regions: 376->0(376)
[241.659s][info][gc,heap     ] GC(444) Survivor regions: 4->4(48)
[241.659s][info][gc,heap     ] GC(444) Old regions: 45->45
[241.659s][info][gc,heap     ] GC(444) Humongous regions: 207->207
[241.659s][info][gc,metaspace] GC(444) Metaspace: 56876K(57216K)->56876K(57216K) NonClass: 51257K(51520K)->51257K(51520K) Class: 5619K(5696K)->5619K(5696K)
[241.659s][info][gc          ] GC(444) Pause Young (Concurrent Start) (G1 Evacuation Pause) 630M->254M(671M) 6.650ms
[241.659s][info][gc,cpu      ] GC(444) User=0.01s Sys=0.00s Real=0.00s
[241.659s][info][gc          ] GC(445) Concurrent Mark Cycle
[241.660s][info][gc,marking  ] GC(445) Concurrent Scan Root Regions
[241.666s][info][gc,marking  ] GC(445) Concurrent Scan Root Regions 5.065ms
[241.666s][info][gc,marking  ] GC(445) Concurrent Mark
[241.666s][info][gc,marking  ] GC(445) Concurrent Mark From Roots
[241.666s][info][gc,task     ] GC(445) Using 1 workers of 1 for marking
[241.710s][info][gc,marking  ] GC(445) Concurrent Mark From Roots 44.232ms
[241.710s][info][gc,marking  ] GC(445) Concurrent Preclean
[241.710s][info][gc,marking  ] GC(445) Concurrent Preclean 0.058ms
[241.710s][info][gc,start    ] GC(445) Pause Remark
[241.719s][info][gc          ] GC(445) Pause Remark 268M->268M(671M) 9.171ms
[241.719s][info][gc,cpu      ] GC(445) User=0.02s Sys=0.00s Real=0.01s
[241.721s][info][gc,marking  ] GC(445) Concurrent Mark 55.891ms
[241.721s][info][gc,marking  ] GC(445) Concurrent Rebuild Remembered Sets and Scrub Regions
[241.752s][info][gc,marking  ] GC(445) Concurrent Rebuild Remembered Sets and Scrub Regions 30.562ms
[241.752s][info][gc,start    ] GC(445) Pause Cleanup
[241.752s][info][gc          ] GC(445) Pause Cleanup 292M->292M(671M) 0.073ms
[241.752s][info][gc,cpu      ] GC(445) User=0.00s Sys=0.00s Real=0.00s
[241.752s][info][gc,marking  ] GC(445) Concurrent Clear Claimed Marks
[241.753s][info][gc,marking  ] GC(445) Concurrent Clear Claimed Marks 0.096ms
[241.753s][info][gc,marking  ] GC(445) Concurrent Cleanup for Next Mark
[241.756s][info][gc,marking  ] GC(445) Concurrent Cleanup for Next Mark 3.838ms
[241.756s][info][gc          ] GC(445) Concurrent Mark Cycle 97.086ms
[242.549s][info][gc,start    ] GC(446) Pause Young (Prepare Mixed) (G1 Evacuation Pause)
[242.549s][info][gc,task     ] GC(446) Using 2 workers of 2 for evacuation
[242.555s][info][gc,phases   ] GC(446)   Pre Evacuate Collection Set: 0.45ms
[242.555s][info][gc,phases   ] GC(446)   Merge Heap Roots: 0.14ms
[242.555s][info][gc,phases   ] GC(446)   Evacuate Collection Set: 4.68ms
[242.555s][info][gc,phases   ] GC(446)   Post Evacuate Collection Set: 0.66ms
[242.555s][info][gc,phases   ] GC(446)   Other: 0.10ms
[242.555s][info][gc,heap     ] GC(446) Eden regions: 376->0(378)
[242.555s][info][gc,heap     ] GC(446) Survivor regions: 4->3(48)
[242.555s][info][gc,heap     ] GC(446) Old regions: 45->45
[242.555s][info][gc,heap     ] GC(446) Humongous regions: 207->207
[242.555s][info][gc,metaspace] GC(446) Metaspace: 56876K(57216K)->56876K(57216K) NonClass: 51257K(51520K)->51257K(51520K) Class: 5619K(5696K)->5619K(5696K)
[242.555s][info][gc          ] GC(446) Pause Young (Prepare Mixed) (G1 Evacuation Pause) 630M->254M(671M) 6.207ms
[242.555s][info][gc,cpu      ] GC(446) User=0.01s Sys=0.00s Real=0.01s
[243.554s][info][gc,start    ] GC(447) Pause Young (Mixed) (G1 Evacuation Pause)
[243.554s][info][gc,task     ] GC(447) Using 2 workers of 2 for evacuation
[243.558s][info][gc,phases   ] GC(447)   Pre Evacuate Collection Set: 0.28ms
[243.558s][info][gc,phases   ] GC(447)   Merge Heap Roots: 0.13ms
[243.558s][info][gc,phases   ] GC(447)   Evacuate Collection Set: 2.97ms
[243.558s][info][gc,phases   ] GC(447)   Post Evacuate Collection Set: 0.67ms
[243.558s][info][gc,phases   ] GC(447)   Other: 0.08ms
[243.558s][info][gc,heap     ] GC(447) Eden regions: 378->0(382)
[243.558s][info][gc,heap     ] GC(447) Survivor regions: 3->2(48)
[243.558s][info][gc,heap     ] GC(447) Old regions: 45->43
[243.558s][info][gc,heap     ] GC(447) Humongous regions: 207->207
[243.558s][info][gc,metaspace] GC(447) Metaspace: 56876K(57216K)->56876K(57216K) NonClass: 51257K(51520K)->51257K(51520K) Class: 5619K(5696K)->5619K(5696K)
[243.558s][info][gc          ] GC(447) Pause Young (Mixed) (G1 Evacuation Pause) 632M->250M(671M) 4.304ms
[243.558s][info][gc,cpu      ] GC(447) User=0.01s Sys=0.00s Real=0.00s
[244.423s][info][gc,start    ] GC(448) Pause Young (Concurrent Start) (G1 Evacuation Pause)
[244.423s][info][gc,task     ] GC(448) Using 2 workers of 2 for evacuation
[244.427s][info][gc,phases   ] GC(448)   Pre Evacuate Collection Set: 0.30ms
[244.427s][info][gc,phases   ] GC(448)   Merge Heap Roots: 0.11ms
[244.427s][info][gc,phases   ] GC(448)   Evacuate Collection Set: 2.62ms
[244.427s][info][gc,phases   ] GC(448)   Post Evacuate Collection Set: 0.64ms
[244.427s][info][gc,phases   ] GC(448)   Other: 0.09ms
[244.427s][info][gc,heap     ] GC(448) Eden regions: 382->0(382)
[244.427s][info][gc,heap     ] GC(448) Survivor regions: 2->2(48)
[244.427s][info][gc,heap     ] GC(448) Old regions: 43->43
[244.427s][info][gc,heap     ] GC(448) Humongous regions: 207->207
[244.427s][info][gc,metaspace] GC(448) Metaspace: 56876K(57216K)->56876K(57216K) NonClass: 51257K(51520K)->51257K(51520K) Class: 5619K(5696K)->5619K(5696K)
[244.427s][info][gc          ] GC(448) Pause Young (Concurrent Start) (G1 Evacuation Pause) 632M->250M(671M) 3.933ms
[244.427s][info][gc          ] GC(449) Concurrent Mark Cycle
[244.427s][info][gc,marking  ] GC(449) Concurrent Scan Root Regions
[244.427s][info][gc,cpu      ] GC(448) User=0.00s Sys=0.00s Real=0.00s
[244.430s][info][gc,marking  ] GC(449) Concurrent Scan Root Regions 3.744ms
[244.430s][info][gc,marking  ] GC(449) Concurrent Mark
[244.431s][info][gc,marking  ] GC(449) Concurrent Mark From Roots
[244.431s][info][gc,task     ] GC(449) Using 1 workers of 1 for marking
[244.523s][info][gc,marking  ] GC(449) Concurrent Mark From Roots 92.570ms
[244.523s][info][gc,marking  ] GC(449) Concurrent Preclean
[244.523s][info][gc,marking  ] GC(449) Concurrent Preclean 0.065ms
[244.527s][info][gc,start    ] GC(449) Pause Remark
[244.557s][info][gc          ] GC(449) Pause Remark 274M->274M(671M) 29.959ms
[244.558s][info][gc,cpu      ] GC(449) User=0.03s Sys=0.00s Real=0.03s
[244.562s][info][gc,marking  ] GC(449) Concurrent Mark 131.098ms
[244.562s][info][gc,marking  ] GC(449) Concurrent Rebuild Remembered Sets and Scrub Regions
[244.591s][info][gc,marking  ] GC(449) Concurrent Rebuild Remembered Sets and Scrub Regions 29.816ms
[244.592s][info][gc,start    ] GC(449) Pause Cleanup
[244.592s][info][gc          ] GC(449) Pause Cleanup 286M->286M(671M) 0.093ms
[244.592s][info][gc,cpu      ] GC(449) User=0.00s Sys=0.00s Real=0.00s
[244.592s][info][gc,marking  ] GC(449) Concurrent Clear Claimed Marks
[244.592s][info][gc,marking  ] GC(449) Concurrent Clear Claimed Marks 0.100ms
[244.592s][info][gc,marking  ] GC(449) Concurrent Cleanup for Next Mark
[244.597s][info][gc,marking  ] GC(449) Concurrent Cleanup for Next Mark 5.106ms
[244.597s][info][gc          ] GC(449) Concurrent Mark Cycle 170.328ms
[245.390s][info][gc,start    ] GC(450) Pause Young (Prepare Mixed) (G1 Evacuation Pause)
[245.390s][info][gc,task     ] GC(450) Using 2 workers of 2 for evacuation
[245.395s][info][gc,phases   ] GC(450)   Pre Evacuate Collection Set: 0.46ms
[245.395s][info][gc,phases   ] GC(450)   Merge Heap Roots: 0.15ms
[245.395s][info][gc,phases   ] GC(450)   Evacuate Collection Set: 3.80ms
[245.395s][info][gc,phases   ] GC(450)   Post Evacuate Collection Set: 0.66ms
[245.395s][info][gc,phases   ] GC(450)   Other: 0.09ms
[245.395s][info][gc,heap     ] GC(450) Eden regions: 382->0(380)
[245.395s][info][gc,heap     ] GC(450) Survivor regions: 2->3(48)
[245.395s][info][gc,heap     ] GC(450) Old regions: 43->43
[245.395s][info][gc,heap     ] GC(450) Humongous regions: 207->207
[245.395s][info][gc,metaspace] GC(450) Metaspace: 56876K(57216K)->56876K(57216K) NonClass: 51257K(51520K)->51257K(51520K) Class: 5619K(5696K)->5619K(5696K)
[245.395s][info][gc          ] GC(450) Pause Young (Prepare Mixed) (G1 Evacuation Pause) 632M->252M(671M) 5.336ms
[245.395s][info][gc,cpu      ] GC(450) User=0.01s Sys=0.00s Real=0.01s
[246.239s][info][gc,start    ] GC(451) Pause Young (Mixed) (G1 Evacuation Pause)
[246.239s][info][gc,task     ] GC(451) Using 2 workers of 2 for evacuation
[246.246s][info][gc,phases   ] GC(451)   Pre Evacuate Collection Set: 0.29ms
[246.246s][info][gc,phases   ] GC(451)   Merge Heap Roots: 0.13ms
[246.246s][info][gc,phases   ] GC(451)   Evacuate Collection Set: 5.20ms
[246.246s][info][gc,phases   ] GC(451)   Post Evacuate Collection Set: 0.71ms
[246.246s][info][gc,phases   ] GC(451)   Other: 0.08ms
[246.246s][info][gc,heap     ] GC(451) Eden regions: 380->0(382)
[246.246s][info][gc,heap     ] GC(451) Survivor regions: 3->3(48)
[246.246s][info][gc,heap     ] GC(451) Old regions: 43->41
[246.246s][info][gc,heap     ] GC(451) Humongous regions: 207->207
[246.246s][info][gc,metaspace] GC(451) Metaspace: 56876K(57216K)->56876K(57216K) NonClass: 51257K(51520K)->51257K(51520K) Class: 5619K(5696K)->5619K(5696K)
[246.246s][info][gc          ] GC(451) Pause Young (Mixed) (G1 Evacuation Pause) 632M->250M(671M) 6.576ms
[246.246s][info][gc,cpu      ] GC(451) User=0.02s Sys=0.00s Real=0.01s
[247.142s][info][gc,start    ] GC(452) Pause Young (Concurrent Start) (G1 Evacuation Pause)
[247.143s][info][gc,task     ] GC(452) Using 2 workers of 2 for evacuation
[247.149s][info][gc,phases   ] GC(452)   Pre Evacuate Collection Set: 0.29ms
[247.149s][info][gc,phases   ] GC(452)   Merge Heap Roots: 0.12ms
[247.149s][info][gc,phases   ] GC(452)   Evacuate Collection Set: 5.17ms
[247.149s][info][gc,phases   ] GC(452)   Post Evacuate Collection Set: 0.64ms
[247.149s][info][gc,phases   ] GC(452)   Other: 0.10ms
[247.149s][info][gc,heap     ] GC(452) Eden regions: 382->0(380)
[247.149s][info][gc,heap     ] GC(452) Survivor regions: 3->4(49)
[247.149s][info][gc,heap     ] GC(452) Old regions: 41->41
[247.149s][info][gc,heap     ] GC(452) Humongous regions: 207->207
[247.149s][info][gc,metaspace] GC(452) Metaspace: 56876K(57216K)->56876K(57216K) NonClass: 51257K(51520K)->51257K(51520K) Class: 5619K(5696K)->5619K(5696K)
[247.149s][info][gc          ] GC(452) Pause Young (Concurrent Start) (G1 Evacuation Pause) 632M->251M(671M) 6.520ms
[247.149s][info][gc,cpu      ] GC(452) User=0.01s Sys=0.00s Real=0.00s
[247.149s][info][gc          ] GC(453) Concurrent Mark Cycle
[247.149s][info][gc,marking  ] GC(453) Concurrent Scan Root Regions
[247.155s][info][gc,marking  ] GC(453) Concurrent Scan Root Regions 5.527ms
[247.155s][info][gc,marking  ] GC(453) Concurrent Mark
[247.155s][info][gc,marking  ] GC(453) Concurrent Mark From Roots
[247.155s][info][gc,task     ] GC(453) Using 1 workers of 1 for marking
[247.197s][info][gc,marking  ] GC(453) Concurrent Mark From Roots 42.429ms
[247.197s][info][gc,marking  ] GC(453) Concurrent Preclean
[247.197s][info][gc,marking  ] GC(453) Concurrent Preclean 0.066ms
[247.197s][info][gc,start    ] GC(453) Pause Remark
[247.206s][info][gc          ] GC(453) Pause Remark 271M->271M(671M) 8.999ms
[247.206s][info][gc,cpu      ] GC(453) User=0.01s Sys=0.00s Real=0.01s
[247.207s][info][gc,marking  ] GC(453) Concurrent Mark 51.950ms
[247.207s][info][gc,marking  ] GC(453) Concurrent Rebuild Remembered Sets and Scrub Regions
[247.222s][info][gc,marking  ] GC(453) Concurrent Rebuild Remembered Sets and Scrub Regions 15.490ms
[247.222s][info][gc,start    ] GC(453) Pause Cleanup
[247.222s][info][gc          ] GC(453) Pause Cleanup 273M->273M(671M) 0.070ms
[247.222s][info][gc,cpu      ] GC(453) User=0.00s Sys=0.00s Real=0.00s
[247.223s][info][gc,marking  ] GC(453) Concurrent Clear Claimed Marks
[247.223s][info][gc,marking  ] GC(453) Concurrent Clear Claimed Marks 0.091ms
[247.223s][info][gc,marking  ] GC(453) Concurrent Cleanup for Next Mark
[247.226s][info][gc,marking  ] GC(453) Concurrent Cleanup for Next Mark 2.708ms
[247.226s][info][gc          ] GC(453) Concurrent Mark Cycle 76.705ms
[248.047s][info][gc,start    ] GC(454) Pause Young (Prepare Mixed) (G1 Evacuation Pause)
[248.047s][info][gc,task     ] GC(454) Using 2 workers of 2 for evacuation
[248.053s][info][gc,phases   ] GC(454)   Pre Evacuate Collection Set: 0.32ms
[248.053s][info][gc,phases   ] GC(454)   Merge Heap Roots: 0.14ms
[248.053s][info][gc,phases   ] GC(454)   Evacuate Collection Set: 4.57ms
[248.053s][info][gc,phases   ] GC(454)   Post Evacuate Collection Set: 0.66ms
[248.053s][info][gc,phases   ] GC(454)   Other: 0.09ms
[248.053s][info][gc,heap     ] GC(454) Eden regions: 380->0(382)
[248.053s][info][gc,heap     ] GC(454) Survivor regions: 4->3(48)
[248.053s][info][gc,heap     ] GC(454) Old regions: 41->41
[248.053s][info][gc,heap     ] GC(454) Humongous regions: 207->207
[248.053s][info][gc,metaspace] GC(454) Metaspace: 56876K(57216K)->56876K(57216K) NonClass: 51257K(51520K)->51257K(51520K) Class: 5619K(5696K)->5619K(5696K)
[248.053s][info][gc          ] GC(454) Pause Young (Prepare Mixed) (G1 Evacuation Pause) 631M->250M(671M) 5.957ms
[248.053s][info][gc,cpu      ] GC(454) User=0.01s Sys=0.00s Real=0.01s
[249.021s][info][gc,start    ] GC(455) Pause Young (Mixed) (G1 Evacuation Pause)
[249.021s][info][gc,task     ] GC(455) Using 2 workers of 2 for evacuation
[249.026s][info][gc,phases   ] GC(455)   Pre Evacuate Collection Set: 0.26ms
[249.026s][info][gc,phases   ] GC(455)   Merge Heap Roots: 0.12ms
[249.026s][info][gc,phases   ] GC(455)   Evacuate Collection Set: 3.78ms
[249.026s][info][gc,phases   ] GC(455)   Post Evacuate Collection Set: 0.73ms
[249.026s][info][gc,phases   ] GC(455)   Other: 0.09ms
[249.026s][info][gc,heap     ] GC(455) Eden regions: 382->0(387)
[249.026s][info][gc,heap     ] GC(455) Survivor regions: 3->1(49)
[249.026s][info][gc,heap     ] GC(455) Old regions: 41->40
[249.026s][info][gc,heap     ] GC(455) Humongous regions: 207->207
[249.026s][info][gc,metaspace] GC(455) Metaspace: 56876K(57216K)->56876K(57216K) NonClass: 51257K(51520K)->51257K(51520K) Class: 5619K(5696K)->5619K(5696K)
[249.026s][info][gc          ] GC(455) Pause Young (Mixed) (G1 Evacuation Pause) 632M->247M(671M) 5.142ms
[249.026s][info][gc,cpu      ] GC(455) User=0.01s Sys=0.00s Real=0.00s
[249.934s][info][gc,start    ] GC(456) Pause Young (Concurrent Start) (G1 Evacuation Pause)
[249.934s][info][gc,task     ] GC(456) Using 2 workers of 2 for evacuation
[249.939s][info][gc,phases   ] GC(456)   Pre Evacuate Collection Set: 0.31ms
[249.939s][info][gc,phases   ] GC(456)   Merge Heap Roots: 0.11ms
[249.939s][info][gc,phases   ] GC(456)   Evacuate Collection Set: 3.80ms
[249.939s][info][gc,phases   ] GC(456)   Post Evacuate Collection Set: 0.69ms
[249.939s][info][gc,phases   ] GC(456)   Other: 0.12ms
[249.939s][info][gc,heap     ] GC(456) Eden regions: 387->0(385)
[249.939s][info][gc,heap     ] GC(456) Survivor regions: 1->2(49)
[249.939s][info][gc,heap     ] GC(456) Old regions: 40->40
[249.939s][info][gc,heap     ] GC(456) Humongous regions: 207->207
[249.939s][info][gc,metaspace] GC(456) Metaspace: 56876K(57216K)->56876K(57216K) NonClass: 51257K(51520K)->51257K(51520K) Class: 5619K(5696K)->5619K(5696K)
[249.939s][info][gc          ] GC(456) Pause Young (Concurrent Start) (G1 Evacuation Pause) 634M->248M(671M) 5.196ms
[249.939s][info][gc,cpu      ] GC(456) User=0.01s Sys=0.00s Real=0.00s
[249.939s][info][gc          ] GC(457) Concurrent Mark Cycle
[249.939s][info][gc,marking  ] GC(457) Concurrent Scan Root Regions
[249.944s][info][gc,marking  ] GC(457) Concurrent Scan Root Regions 5.588ms
[249.944s][info][gc,marking  ] GC(457) Concurrent Mark
[249.944s][info][gc,marking  ] GC(457) Concurrent Mark From Roots
[249.944s][info][gc,task     ] GC(457) Using 1 workers of 1 for marking
[249.995s][info][gc,marking  ] GC(457) Concurrent Mark From Roots 50.943ms
[249.995s][info][gc,marking  ] GC(457) Concurrent Preclean
[249.996s][info][gc,marking  ] GC(457) Concurrent Preclean 0.063ms
[249.996s][info][gc,start    ] GC(457) Pause Remark
[250.005s][info][gc          ] GC(457) Pause Remark 276M->276M(671M) 9.050ms
[250.005s][info][gc,cpu      ] GC(457) User=0.02s Sys=0.00s Real=0.01s
[250.005s][info][gc,marking  ] GC(457) Concurrent Mark 60.417ms
[250.005s][info][gc,marking  ] GC(457) Concurrent Rebuild Remembered Sets and Scrub Regions
[250.023s][info][gc,marking  ] GC(457) Concurrent Rebuild Remembered Sets and Scrub Regions 18.298ms
[250.023s][info][gc,start    ] GC(457) Pause Cleanup
[250.023s][info][gc          ] GC(457) Pause Cleanup 280M->280M(671M) 0.055ms
[250.023s][info][gc,cpu      ] GC(457) User=0.00s Sys=0.00s Real=0.00s
[250.024s][info][gc,marking  ] GC(457) Concurrent Clear Claimed Marks
[250.024s][info][gc,marking  ] GC(457) Concurrent Clear Claimed Marks 0.089ms
[250.024s][info][gc,marking  ] GC(457) Concurrent Cleanup for Next Mark
[250.029s][info][gc,marking  ] GC(457) Concurrent Cleanup for Next Mark 4.651ms
[250.029s][info][gc          ] GC(457) Concurrent Mark Cycle 89.801ms
[250.850s][info][gc,start    ] GC(458) Pause Young (Prepare Mixed) (G1 Evacuation Pause)
[250.850s][info][gc,task     ] GC(458) Using 2 workers of 2 for evacuation
[250.857s][info][gc,phases   ] GC(458)   Pre Evacuate Collection Set: 0.28ms
[250.857s][info][gc,phases   ] GC(458)   Merge Heap Roots: 0.14ms
[250.857s][info][gc,phases   ] GC(458)   Evacuate Collection Set: 5.13ms
[250.857s][info][gc,phases   ] GC(458)   Post Evacuate Collection Set: 0.70ms
[250.857s][info][gc,phases   ] GC(458)   Other: 0.08ms
[250.857s][info][gc,heap     ] GC(458) Eden regions: 385->0(381)
[250.857s][info][gc,heap     ] GC(458) Survivor regions: 2->4(49)
[250.857s][info][gc,heap     ] GC(458) Old regions: 40->40
[250.857s][info][gc,heap     ] GC(458) Humongous regions: 207->207
[250.857s][info][gc,metaspace] GC(458) Metaspace: 56876K(57216K)->56876K(57216K) NonClass: 51257K(51520K)->51257K(51520K) Class: 5619K(5696K)->5619K(5696K)
[250.857s][info][gc          ] GC(458) Pause Young (Prepare Mixed) (G1 Evacuation Pause) 633M->250M(671M) 6.530ms
[250.857s][info][gc,cpu      ] GC(458) User=0.01s Sys=0.00s Real=0.01s
[251.766s][info][gc,start    ] GC(459) Pause Young (Mixed) (G1 Evacuation Pause)
[251.766s][info][gc,task     ] GC(459) Using 2 workers of 2 for evacuation
[251.773s][info][gc,phases   ] GC(459)   Pre Evacuate Collection Set: 0.28ms
[251.773s][info][gc,phases   ] GC(459)   Merge Heap Roots: 0.13ms
[251.773s][info][gc,phases   ] GC(459)   Evacuate Collection Set: 5.66ms
[251.773s][info][gc,phases   ] GC(459)   Post Evacuate Collection Set: 0.70ms
[251.773s][info][gc,phases   ] GC(459)   Other: 0.08ms
[251.773s][info][gc,heap     ] GC(459) Eden regions: 381->0(383)
[251.773s][info][gc,heap     ] GC(459) Survivor regions: 4->3(49)
[251.773s][info][gc,heap     ] GC(459) Old regions: 40->40
[251.773s][info][gc,heap     ] GC(459) Humongous regions: 207->207
[251.773s][info][gc,metaspace] GC(459) Metaspace: 56876K(57216K)->56876K(57216K) NonClass: 51257K(51520K)->51257K(51520K) Class: 5619K(5696K)->5619K(5696K)
[251.773s][info][gc          ] GC(459) Pause Young (Mixed) (G1 Evacuation Pause) 630M->249M(671M) 7.022ms
[251.773s][info][gc,cpu      ] GC(459) User=0.01s Sys=0.00s Real=0.01s
[252.842s][info][gc,start    ] GC(460) Pause Young (Concurrent Start) (G1 Evacuation Pause)
[252.842s][info][gc,task     ] GC(460) Using 2 workers of 2 for evacuation
[252.848s][info][gc,phases   ] GC(460)   Pre Evacuate Collection Set: 0.30ms
[252.848s][info][gc,phases   ] GC(460)   Merge Heap Roots: 0.11ms
[252.848s][info][gc,phases   ] GC(460)   Evacuate Collection Set: 5.09ms
[252.848s][info][gc,phases   ] GC(460)   Post Evacuate Collection Set: 0.67ms
[252.848s][info][gc,phases   ] GC(460)   Other: 0.11ms
[252.848s][info][gc,heap     ] GC(460) Eden regions: 383->0(381)
[252.848s][info][gc,heap     ] GC(460) Survivor regions: 3->4(49)
[252.848s][info][gc,heap     ] GC(460) Old regions: 40->40
[252.848s][info][gc,heap     ] GC(460) Humongous regions: 207->207
[252.848s][info][gc,metaspace] GC(460) Metaspace: 56876K(57216K)->56876K(57216K) NonClass: 51257K(51520K)->51257K(51520K) Class: 5619K(5696K)->5619K(5696K)
[252.848s][info][gc          ] GC(460) Pause Young (Concurrent Start) (G1 Evacuation Pause) 632M->250M(671M) 6.446ms
[252.848s][info][gc          ] GC(461) Concurrent Mark Cycle
[252.848s][info][gc,marking  ] GC(461) Concurrent Scan Root Regions
[252.849s][info][gc,cpu      ] GC(460) User=0.01s Sys=0.00s Real=0.00s
[252.851s][info][gc,marking  ] GC(461) Concurrent Scan Root Regions 3.003ms
[252.851s][info][gc,marking  ] GC(461) Concurrent Mark
[252.851s][info][gc,marking  ] GC(461) Concurrent Mark From Roots
[252.851s][info][gc,task     ] GC(461) Using 1 workers of 1 for marking
[252.905s][info][gc,marking  ] GC(461) Concurrent Mark From Roots 53.801ms
[252.905s][info][gc,marking  ] GC(461) Concurrent Preclean
[252.905s][info][gc,marking  ] GC(461) Concurrent Preclean 0.063ms
[252.905s][info][gc,start    ] GC(461) Pause Remark
[252.914s][info][gc          ] GC(461) Pause Remark 283M->283M(671M) 9.150ms
[252.914s][info][gc,cpu      ] GC(461) User=0.02s Sys=0.00s Real=0.01s
[252.914s][info][gc,marking  ] GC(461) Concurrent Mark 63.335ms
[252.914s][info][gc,marking  ] GC(461) Concurrent Rebuild Remembered Sets and Scrub Regions
[252.930s][info][gc,marking  ] GC(461) Concurrent Rebuild Remembered Sets and Scrub Regions 15.328ms
[252.930s][info][gc,start    ] GC(461) Pause Cleanup
[252.930s][info][gc          ] GC(461) Pause Cleanup 289M->289M(671M) 0.064ms
[252.930s][info][gc,cpu      ] GC(461) User=0.00s Sys=0.00s Real=0.00s
[252.930s][info][gc,marking  ] GC(461) Concurrent Clear Claimed Marks
[252.930s][info][gc,marking  ] GC(461) Concurrent Clear Claimed Marks 0.085ms
[252.930s][info][gc,marking  ] GC(461) Concurrent Cleanup for Next Mark
[252.932s][info][gc,marking  ] GC(461) Concurrent Cleanup for Next Mark 1.972ms
[252.932s][info][gc          ] GC(461) Concurrent Mark Cycle 83.996ms
[253.729s][info][gc,start    ] GC(462) Pause Young (Prepare Mixed) (G1 Evacuation Pause)
[253.729s][info][gc,task     ] GC(462) Using 2 workers of 2 for evacuation
[253.733s][info][gc,phases   ] GC(462)   Pre Evacuate Collection Set: 0.29ms
[253.733s][info][gc,phases   ] GC(462)   Merge Heap Roots: 0.15ms
[253.733s][info][gc,phases   ] GC(462)   Evacuate Collection Set: 3.14ms
[253.733s][info][gc,phases   ] GC(462)   Post Evacuate Collection Set: 0.66ms
[253.733s][info][gc,phases   ] GC(462)   Other: 0.08ms
[253.733s][info][gc,heap     ] GC(462) Eden regions: 381->0(383)
[253.733s][info][gc,heap     ] GC(462) Survivor regions: 4->3(49)
[253.733s][info][gc,heap     ] GC(462) Old regions: 40->40
[253.733s][info][gc,heap     ] GC(462) Humongous regions: 207->207
[253.733s][info][gc,metaspace] GC(462) Metaspace: 56876K(57216K)->56876K(57216K) NonClass: 51257K(51520K)->51257K(51520K) Class: 5619K(5696K)->5619K(5696K)
[253.733s][info][gc          ] GC(462) Pause Young (Prepare Mixed) (G1 Evacuation Pause) 631M->248M(671M) 4.503ms
[253.733s][info][gc,cpu      ] GC(462) User=0.01s Sys=0.00s Real=0.01s
[254.641s][info][gc,start    ] GC(463) Pause Young (Mixed) (G1 Evacuation Pause)
[254.641s][info][gc,task     ] GC(463) Using 2 workers of 2 for evacuation
[254.647s][info][gc,phases   ] GC(463)   Pre Evacuate Collection Set: 0.27ms
[254.647s][info][gc,phases   ] GC(463)   Merge Heap Roots: 0.16ms
[254.647s][info][gc,phases   ] GC(463)   Evacuate Collection Set: 5.01ms
[254.647s][info][gc,phases   ] GC(463)   Post Evacuate Collection Set: 0.69ms
[254.647s][info][gc,phases   ] GC(463)   Other: 0.08ms
[254.647s][info][gc,heap     ] GC(463) Eden regions: 383->0(384)
[254.647s][info][gc,heap     ] GC(463) Survivor regions: 3->3(49)
[254.647s][info][gc,heap     ] GC(463) Old regions: 40->39
[254.647s][info][gc,heap     ] GC(463) Humongous regions: 207->207
[254.647s][info][gc,metaspace] GC(463) Metaspace: 56877K(57216K)->56877K(57216K) NonClass: 51258K(51520K)->51258K(51520K) Class: 5619K(5696K)->5619K(5696K)
[254.647s][info][gc          ] GC(463) Pause Young (Mixed) (G1 Evacuation Pause) 631M->248M(671M) 6.371ms
[254.647s][info][gc,cpu      ] GC(463) User=0.02s Sys=0.00s Real=0.00s
[255.547s][info][gc,start    ] GC(464) Pause Young (Concurrent Start) (G1 Evacuation Pause)
[255.547s][info][gc,task     ] GC(464) Using 2 workers of 2 for evacuation
[255.554s][info][gc,phases   ] GC(464)   Pre Evacuate Collection Set: 0.29ms
[255.554s][info][gc,phases   ] GC(464)   Merge Heap Roots: 0.13ms
[255.554s][info][gc,phases   ] GC(464)   Evacuate Collection Set: 5.53ms
[255.554s][info][gc,phases   ] GC(464)   Post Evacuate Collection Set: 0.65ms
[255.554s][info][gc,phases   ] GC(464)   Other: 0.10ms
[255.554s][info][gc,heap     ] GC(464) Eden regions: 384->0(382)
[255.554s][info][gc,heap     ] GC(464) Survivor regions: 3->4(49)
[255.554s][info][gc,heap     ] GC(464) Old regions: 39->39
[255.554s][info][gc,heap     ] GC(464) Humongous regions: 207->207
[255.554s][info][gc,metaspace] GC(464) Metaspace: 56877K(57216K)->56877K(57216K) NonClass: 51258K(51520K)->51258K(51520K) Class: 5619K(5696K)->5619K(5696K)
[255.554s][info][gc          ] GC(464) Pause Young (Concurrent Start) (G1 Evacuation Pause) 632M->249M(671M) 6.873ms
[255.554s][info][gc,cpu      ] GC(464) User=0.01s Sys=0.00s Real=0.01s
[255.554s][info][gc          ] GC(465) Concurrent Mark Cycle
[255.554s][info][gc,marking  ] GC(465) Concurrent Scan Root Regions
[255.560s][info][gc,marking  ] GC(465) Concurrent Scan Root Regions 5.420ms
[255.560s][info][gc,marking  ] GC(465) Concurrent Mark
[255.560s][info][gc,marking  ] GC(465) Concurrent Mark From Roots
[255.560s][info][gc,task     ] GC(465) Using 1 workers of 1 for marking
[255.600s][info][gc,marking  ] GC(465) Concurrent Mark From Roots 40.623ms
[255.600s][info][gc,marking  ] GC(465) Concurrent Preclean
[255.601s][info][gc,marking  ] GC(465) Concurrent Preclean 0.062ms
[255.601s][info][gc,start    ] GC(465) Pause Remark
[255.609s][info][gc          ] GC(465) Pause Remark 265M->265M(671M) 8.875ms
[255.610s][info][gc,cpu      ] GC(465) User=0.01s Sys=0.00s Real=0.00s
[255.610s][info][gc,marking  ] GC(465) Concurrent Mark 49.877ms
[255.610s][info][gc,marking  ] GC(465) Concurrent Rebuild Remembered Sets and Scrub Regions
[255.634s][info][gc,marking  ] GC(465) Concurrent Rebuild Remembered Sets and Scrub Regions 24.412ms
[255.635s][info][gc,start    ] GC(465) Pause Cleanup
[255.635s][info][gc          ] GC(465) Pause Cleanup 276M->276M(671M) 0.078ms
[255.635s][info][gc,cpu      ] GC(465) User=0.00s Sys=0.00s Real=0.00s
[255.635s][info][gc,marking  ] GC(465) Concurrent Clear Claimed Marks
[255.635s][info][gc,marking  ] GC(465) Concurrent Clear Claimed Marks 0.088ms
[255.635s][info][gc,marking  ] GC(465) Concurrent Cleanup for Next Mark
[255.637s][info][gc,marking  ] GC(465) Concurrent Cleanup for Next Mark 1.982ms
[255.637s][info][gc          ] GC(465) Concurrent Mark Cycle 82.763ms
[256.461s][info][gc,start    ] GC(466) Pause Young (Prepare Mixed) (G1 Evacuation Pause)
[256.461s][info][gc,task     ] GC(466) Using 2 workers of 2 for evacuation
[256.467s][info][gc,phases   ] GC(466)   Pre Evacuate Collection Set: 0.28ms
[256.467s][info][gc,phases   ] GC(466)   Merge Heap Roots: 0.13ms
[256.467s][info][gc,phases   ] GC(466)   Evacuate Collection Set: 4.46ms
[256.467s][info][gc,phases   ] GC(466)   Post Evacuate Collection Set: 0.67ms
[256.467s][info][gc,phases   ] GC(466)   Other: 0.09ms
[256.467s][info][gc,heap     ] GC(466) Eden regions: 382->0(383)
[256.467s][info][gc,heap     ] GC(466) Survivor regions: 4->3(49)
[256.467s][info][gc,heap     ] GC(466) Old regions: 39->40
[256.467s][info][gc,heap     ] GC(466) Humongous regions: 207->207
[256.467s][info][gc,metaspace] GC(466) Metaspace: 56877K(57216K)->56877K(57216K) NonClass: 51258K(51520K)->51258K(51520K) Class: 5619K(5696K)->5619K(5696K)
[256.467s][info][gc          ] GC(466) Pause Young (Prepare Mixed) (G1 Evacuation Pause) 631M->248M(671M) 5.796ms
[256.467s][info][gc,cpu      ] GC(466) User=0.02s Sys=0.00s Real=0.00s
[257.370s][info][gc,start    ] GC(467) Pause Young (Mixed) (G1 Evacuation Pause)
[257.370s][info][gc,task     ] GC(467) Using 2 workers of 2 for evacuation
[257.374s][info][gc,phases   ] GC(467)   Pre Evacuate Collection Set: 0.30ms
[257.374s][info][gc,phases   ] GC(467)   Merge Heap Roots: 0.12ms
[257.374s][info][gc,phases   ] GC(467)   Evacuate Collection Set: 2.81ms
[257.374s][info][gc,phases   ] GC(467)   Post Evacuate Collection Set: 0.67ms
[257.374s][info][gc,phases   ] GC(467)   Other: 0.08ms
[257.374s][info][gc,heap     ] GC(467) Eden regions: 383->0(386)
[257.374s][info][gc,heap     ] GC(467) Survivor regions: 3->2(49)
[257.374s][info][gc,heap     ] GC(467) Old regions: 40->39
[257.374s][info][gc,heap     ] GC(467) Humongous regions: 207->207
[257.374s][info][gc,metaspace] GC(467) Metaspace: 56877K(57216K)->56877K(57216K) NonClass: 51258K(51520K)->51258K(51520K) Class: 5619K(5696K)->5619K(5696K)
[257.374s][info][gc          ] GC(467) Pause Young (Mixed) (G1 Evacuation Pause) 631M->246M(671M) 4.133ms
[257.374s][info][gc,cpu      ] GC(467) User=0.01s Sys=0.00s Real=0.01s
[258.334s][info][gc,start    ] GC(468) Pause Young (Concurrent Start) (G1 Evacuation Pause)
[258.334s][info][gc,task     ] GC(468) Using 2 workers of 2 for evacuation
[258.339s][info][gc,phases   ] GC(468)   Pre Evacuate Collection Set: 0.32ms
[258.339s][info][gc,phases   ] GC(468)   Merge Heap Roots: 0.12ms
[258.339s][info][gc,phases   ] GC(468)   Evacuate Collection Set: 3.11ms
[258.339s][info][gc,phases   ] GC(468)   Post Evacuate Collection Set: 0.65ms
[258.339s][info][gc,phases   ] GC(468)   Other: 0.11ms
[258.339s][info][gc,heap     ] GC(468) Eden regions: 386->0(386)
[258.339s][info][gc,heap     ] GC(468) Survivor regions: 2->2(49)
[258.339s][info][gc,heap     ] GC(468) Old regions: 39->39
[258.339s][info][gc,heap     ] GC(468) Humongous regions: 207->207
[258.339s][info][gc,metaspace] GC(468) Metaspace: 56877K(57216K)->56877K(57216K) NonClass: 51258K(51520K)->51258K(51520K) Class: 5619K(5696K)->5619K(5696K)
[258.339s][info][gc          ] GC(468) Pause Young (Concurrent Start) (G1 Evacuation Pause) 632M->247M(671M) 4.472ms
[258.339s][info][gc          ] GC(469) Concurrent Mark Cycle
[258.339s][info][gc,marking  ] GC(469) Concurrent Scan Root Regions
[258.339s][info][gc,cpu      ] GC(468) User=0.01s Sys=0.00s Real=0.00s
[258.345s][info][gc,marking  ] GC(469) Concurrent Scan Root Regions 6.575ms
[258.345s][info][gc,marking  ] GC(469) Concurrent Mark
[258.345s][info][gc,marking  ] GC(469) Concurrent Mark From Roots
[258.345s][info][gc,task     ] GC(469) Using 1 workers of 1 for marking
[258.406s][info][gc,marking  ] GC(469) Concurrent Mark From Roots 60.919ms
[258.406s][info][gc,marking  ] GC(469) Concurrent Preclean
[258.406s][info][gc,marking  ] GC(469) Concurrent Preclean 0.057ms
[258.406s][info][gc,start    ] GC(469) Pause Remark
[258.415s][info][gc          ] GC(469) Pause Remark 277M->277M(671M) 8.908ms
[258.415s][info][gc,cpu      ] GC(469) User=0.01s Sys=0.00s Real=0.01s
[258.415s][info][gc,marking  ] GC(469) Concurrent Mark 70.127ms
[258.416s][info][gc,marking  ] GC(469) Concurrent Rebuild Remembered Sets and Scrub Regions
[258.435s][info][gc,marking  ] GC(469) Concurrent Rebuild Remembered Sets and Scrub Regions 19.188ms
[258.435s][info][gc,start    ] GC(469) Pause Cleanup
[258.435s][info][gc          ] GC(469) Pause Cleanup 287M->287M(671M) 0.067ms
[258.435s][info][gc,cpu      ] GC(469) User=0.00s Sys=0.00s Real=0.00s
[258.435s][info][gc,marking  ] GC(469) Concurrent Clear Claimed Marks
[258.435s][info][gc,marking  ] GC(469) Concurrent Clear Claimed Marks 0.086ms
[258.435s][info][gc,marking  ] GC(469) Concurrent Cleanup for Next Mark
[258.437s][info][gc,marking  ] GC(469) Concurrent Cleanup for Next Mark 2.017ms
[258.437s][info][gc          ] GC(469) Concurrent Mark Cycle 98.570ms
[259.258s][info][gc,start    ] GC(470) Pause Young (Prepare Mixed) (G1 Evacuation Pause)
[259.258s][info][gc,task     ] GC(470) Using 2 workers of 2 for evacuation
[259.264s][info][gc,phases   ] GC(470)   Pre Evacuate Collection Set: 0.27ms
[259.264s][info][gc,phases   ] GC(470)   Merge Heap Roots: 0.13ms
[259.264s][info][gc,phases   ] GC(470)   Evacuate Collection Set: 4.77ms
[259.264s][info][gc,phases   ] GC(470)   Post Evacuate Collection Set: 0.70ms
[259.264s][info][gc,phases   ] GC(470)   Other: 0.09ms
[259.264s][info][gc,heap     ] GC(470) Eden regions: 386->0(384)
[259.264s][info][gc,heap     ] GC(470) Survivor regions: 2->3(49)
[259.264s][info][gc,heap     ] GC(470) Old regions: 39->39
[259.264s][info][gc,heap     ] GC(470) Humongous regions: 207->207
[259.264s][info][gc,metaspace] GC(470) Metaspace: 56877K(57216K)->56877K(57216K) NonClass: 51258K(51520K)->51258K(51520K) Class: 5619K(5696K)->5619K(5696K)
[259.264s][info][gc          ] GC(470) Pause Young (Prepare Mixed) (G1 Evacuation Pause) 633M->248M(671M) 6.132ms
[259.264s][info][gc,cpu      ] GC(470) User=0.01s Sys=0.00s Real=0.01s
[260.279s][info][gc,start    ] GC(471) Pause Young (Mixed) (G1 Evacuation Pause)
[260.279s][info][gc,task     ] GC(471) Using 2 workers of 2 for evacuation
[260.284s][info][gc,phases   ] GC(471)   Pre Evacuate Collection Set: 0.29ms
[260.284s][info][gc,phases   ] GC(471)   Merge Heap Roots: 0.12ms
[260.284s][info][gc,phases   ] GC(471)   Evacuate Collection Set: 3.64ms
[260.284s][info][gc,phases   ] GC(471)   Post Evacuate Collection Set: 0.69ms
[260.284s][info][gc,phases   ] GC(471)   Other: 0.10ms
[260.284s][info][gc,heap     ] GC(471) Eden regions: 384->0(388)
[260.284s][info][gc,heap     ] GC(471) Survivor regions: 3->1(49)
[260.284s][info][gc,heap     ] GC(471) Old regions: 39->39
[260.284s][info][gc,heap     ] GC(471) Humongous regions: 207->207
[260.284s][info][gc,metaspace] GC(471) Metaspace: 56877K(57216K)->56877K(57216K) NonClass: 51258K(51520K)->51258K(51520K) Class: 5619K(5696K)->5619K(5696K)
[260.284s][info][gc          ] GC(471) Pause Young (Mixed) (G1 Evacuation Pause) 632M->246M(671M) 5.010ms
[260.284s][info][gc,cpu      ] GC(471) User=0.01s Sys=0.00s Real=0.01s
[261.140s][info][gc,start    ] GC(472) Pause Young (Concurrent Start) (G1 Evacuation Pause)
[261.141s][info][gc,task     ] GC(472) Using 2 workers of 2 for evacuation
[261.148s][info][gc,phases   ] GC(472)   Pre Evacuate Collection Set: 0.29ms
[261.148s][info][gc,phases   ] GC(472)   Merge Heap Roots: 0.14ms
[261.148s][info][gc,phases   ] GC(472)   Evacuate Collection Set: 5.81ms
[261.148s][info][gc,phases   ] GC(472)   Post Evacuate Collection Set: 0.75ms
[261.148s][info][gc,phases   ] GC(472)   Other: 0.12ms
[261.148s][info][gc,heap     ] GC(472) Eden regions: 388->0(382)
[261.148s][info][gc,heap     ] GC(472) Survivor regions: 1->4(49)
[261.148s][info][gc,heap     ] GC(472) Old regions: 39->39
[261.148s][info][gc,heap     ] GC(472) Humongous regions: 207->207
[261.148s][info][gc,metaspace] GC(472) Metaspace: 56877K(57216K)->56877K(57216K) NonClass: 51258K(51520K)->51258K(51520K) Class: 5619K(5696K)->5619K(5696K)
[261.148s][info][gc          ] GC(472) Pause Young (Concurrent Start) (G1 Evacuation Pause) 634M->248M(671M) 7.325ms
[261.148s][info][gc          ] GC(473) Concurrent Mark Cycle
[261.148s][info][gc,marking  ] GC(473) Concurrent Scan Root Regions
[261.149s][info][gc,cpu      ] GC(472) User=0.01s Sys=0.00s Real=0.00s
[261.155s][info][gc,marking  ] GC(473) Concurrent Scan Root Regions 7.184ms
[261.155s][info][gc,marking  ] GC(473) Concurrent Mark
[261.155s][info][gc,marking  ] GC(473) Concurrent Mark From Roots
[261.155s][info][gc,task     ] GC(473) Using 1 workers of 1 for marking
[261.207s][info][gc,marking  ] GC(473) Concurrent Mark From Roots 51.636ms
[261.207s][info][gc,marking  ] GC(473) Concurrent Preclean
[261.207s][info][gc,marking  ] GC(473) Concurrent Preclean 0.067ms
[261.207s][info][gc,start    ] GC(473) Pause Remark
[261.229s][info][gc          ] GC(473) Pause Remark 267M->267M(671M) 21.744ms
[261.229s][info][gc,cpu      ] GC(473) User=0.02s Sys=0.00s Real=0.02s
[261.230s][info][gc,marking  ] GC(473) Concurrent Mark 74.533ms
[261.230s][info][gc,marking  ] GC(473) Concurrent Rebuild Remembered Sets and Scrub Regions
[261.249s][info][gc,marking  ] GC(473) Concurrent Rebuild Remembered Sets and Scrub Regions 19.468ms
[261.249s][info][gc,start    ] GC(473) Pause Cleanup
[261.249s][info][gc          ] GC(473) Pause Cleanup 267M->267M(671M) 0.095ms
[261.249s][info][gc,cpu      ] GC(473) User=0.00s Sys=0.00s Real=0.00s
[261.249s][info][gc,marking  ] GC(473) Concurrent Clear Claimed Marks
[261.249s][info][gc,marking  ] GC(473) Concurrent Clear Claimed Marks 0.107ms
[261.249s][info][gc,marking  ] GC(473) Concurrent Cleanup for Next Mark
[261.252s][info][gc,marking  ] GC(473) Concurrent Cleanup for Next Mark 2.038ms
[261.252s][info][gc          ] GC(473) Concurrent Mark Cycle 103.729ms
[262.052s][info][gc,start    ] GC(474) Pause Young (Prepare Mixed) (G1 Evacuation Pause)
[262.052s][info][gc,task     ] GC(474) Using 2 workers of 2 for evacuation
[262.065s][info][gc,phases   ] GC(474)   Pre Evacuate Collection Set: 0.39ms
[262.065s][info][gc,phases   ] GC(474)   Merge Heap Roots: 0.14ms
[262.065s][info][gc,phases   ] GC(474)   Evacuate Collection Set: 11.31ms
[262.065s][info][gc,phases   ] GC(474)   Post Evacuate Collection Set: 1.10ms
[262.065s][info][gc,phases   ] GC(474)   Other: 0.10ms
[262.065s][info][gc,heap     ] GC(474) Eden regions: 382->0(382)
[262.065s][info][gc,heap     ] GC(474) Survivor regions: 4->4(49)
[262.065s][info][gc,heap     ] GC(474) Old regions: 39->39
[262.065s][info][gc,heap     ] GC(474) Humongous regions: 207->207
[262.065s][info][gc,metaspace] GC(474) Metaspace: 56877K(57216K)->56877K(57216K) NonClass: 51258K(51520K)->51258K(51520K) Class: 5619K(5696K)->5619K(5696K)
[262.065s][info][gc          ] GC(474) Pause Young (Prepare Mixed) (G1 Evacuation Pause) 630M->248M(671M) 13.253ms
[262.065s][info][gc,cpu      ] GC(474) User=0.02s Sys=0.00s Real=0.01s
[262.963s][info][gc,start    ] GC(475) Pause Young (Mixed) (G1 Evacuation Pause)
[262.963s][info][gc,task     ] GC(475) Using 2 workers of 2 for evacuation
[262.970s][info][gc,phases   ] GC(475)   Pre Evacuate Collection Set: 0.43ms
[262.970s][info][gc,phases   ] GC(475)   Merge Heap Roots: 0.14ms
[262.970s][info][gc,phases   ] GC(475)   Evacuate Collection Set: 5.41ms
[262.970s][info][gc,phases   ] GC(475)   Post Evacuate Collection Set: 0.71ms
[262.970s][info][gc,phases   ] GC(475)   Other: 0.08ms
[262.970s][info][gc,heap     ] GC(475) Eden regions: 382->0(386)
[262.970s][info][gc,heap     ] GC(475) Survivor regions: 4->2(49)
[262.970s][info][gc,heap     ] GC(475) Old regions: 39->39
[262.970s][info][gc,heap     ] GC(475) Humongous regions: 207->207
[262.970s][info][gc,metaspace] GC(475) Metaspace: 56877K(57216K)->56877K(57216K) NonClass: 51258K(51520K)->51258K(51520K) Class: 5619K(5696K)->5619K(5696K)
[262.970s][info][gc          ] GC(475) Pause Young (Mixed) (G1 Evacuation Pause) 630M->246M(671M) 6.963ms
[262.970s][info][gc,cpu      ] GC(475) User=0.01s Sys=0.00s Real=0.00s
[263.935s][info][gc,start    ] GC(476) Pause Young (Concurrent Start) (G1 Evacuation Pause)
[263.935s][info][gc,task     ] GC(476) Using 2 workers of 2 for evacuation
[263.941s][info][gc,phases   ] GC(476)   Pre Evacuate Collection Set: 0.28ms
[263.941s][info][gc,phases   ] GC(476)   Merge Heap Roots: 0.11ms
[263.941s][info][gc,phases   ] GC(476)   Evacuate Collection Set: 4.53ms
[263.941s][info][gc,phases   ] GC(476)   Post Evacuate Collection Set: 0.66ms
[263.941s][info][gc,phases   ] GC(476)   Other: 0.09ms
[263.941s][info][gc,heap     ] GC(476) Eden regions: 386->0(384)
[263.941s][info][gc,heap     ] GC(476) Survivor regions: 2->3(49)
[263.941s][info][gc,heap     ] GC(476) Old regions: 39->39
[263.941s][info][gc,heap     ] GC(476) Humongous regions: 207->207
[263.941s][info][gc,metaspace] GC(476) Metaspace: 56877K(57216K)->56877K(57216K) NonClass: 51258K(51520K)->51258K(51520K) Class: 5619K(5696K)->5619K(5696K)
[263.941s][info][gc          ] GC(476) Pause Young (Concurrent Start) (G1 Evacuation Pause) 632M->247M(671M) 5.875ms
[263.941s][info][gc          ] GC(477) Concurrent Mark Cycle
[263.941s][info][gc,marking  ] GC(477) Concurrent Scan Root Regions
[263.941s][info][gc,cpu      ] GC(476) User=0.01s Sys=0.00s Real=0.01s
[263.949s][info][gc,marking  ] GC(477) Concurrent Scan Root Regions 7.989ms
[263.949s][info][gc,marking  ] GC(477) Concurrent Mark
[263.949s][info][gc,marking  ] GC(477) Concurrent Mark From Roots
[263.949s][info][gc,task     ] GC(477) Using 1 workers of 1 for marking
[263.998s][info][gc,marking  ] GC(477) Concurrent Mark From Roots 48.672ms
[263.998s][info][gc,marking  ] GC(477) Concurrent Preclean
[263.998s][info][gc,marking  ] GC(477) Concurrent Preclean 0.070ms
[263.998s][info][gc,start    ] GC(477) Pause Remark
[264.007s][info][gc          ] GC(477) Pause Remark 271M->271M(671M) 8.992ms
[264.007s][info][gc,cpu      ] GC(477) User=0.01s Sys=0.00s Real=0.01s
[264.008s][info][gc,marking  ] GC(477) Concurrent Mark 58.272ms
[264.008s][info][gc,marking  ] GC(477) Concurrent Rebuild Remembered Sets and Scrub Regions
[264.026s][info][gc,marking  ] GC(477) Concurrent Rebuild Remembered Sets and Scrub Regions 17.939ms
[264.026s][info][gc,start    ] GC(477) Pause Cleanup
[264.026s][info][gc          ] GC(477) Pause Cleanup 276M->276M(671M) 0.058ms
[264.026s][info][gc,cpu      ] GC(477) User=0.00s Sys=0.00s Real=0.00s
[264.026s][info][gc,marking  ] GC(477) Concurrent Clear Claimed Marks
[264.027s][info][gc,marking  ] GC(477) Concurrent Clear Claimed Marks 0.095ms
[264.027s][info][gc,marking  ] GC(477) Concurrent Cleanup for Next Mark
[264.030s][info][gc,marking  ] GC(477) Concurrent Cleanup for Next Mark 3.022ms
[264.030s][info][gc          ] GC(477) Concurrent Mark Cycle 88.350ms
[264.956s][info][gc,start    ] GC(478) Pause Young (Prepare Mixed) (G1 Evacuation Pause)
[264.956s][info][gc,task     ] GC(478) Using 2 workers of 2 for evacuation
[264.962s][info][gc,phases   ] GC(478)   Pre Evacuate Collection Set: 0.29ms
[264.962s][info][gc,phases   ] GC(478)   Merge Heap Roots: 0.14ms
[264.962s][info][gc,phases   ] GC(478)   Evacuate Collection Set: 4.48ms
[264.962s][info][gc,phases   ] GC(478)   Post Evacuate Collection Set: 0.67ms
[264.962s][info][gc,phases   ] GC(478)   Other: 0.11ms
[264.962s][info][gc,heap     ] GC(478) Eden regions: 384->0(384)
[264.962s][info][gc,heap     ] GC(478) Survivor regions: 3->3(49)
[264.962s][info][gc,heap     ] GC(478) Old regions: 39->39
[264.962s][info][gc,heap     ] GC(478) Humongous regions: 207->207
[264.962s][info][gc,metaspace] GC(478) Metaspace: 56877K(57216K)->56877K(57216K) NonClass: 51258K(51520K)->51258K(51520K) Class: 5619K(5696K)->5619K(5696K)
[264.962s][info][gc          ] GC(478) Pause Young (Prepare Mixed) (G1 Evacuation Pause) 631M->248M(671M) 5.850ms
[264.962s][info][gc,cpu      ] GC(478) User=0.01s Sys=0.00s Real=0.01s
[265.920s][info][gc,start    ] GC(479) Pause Young (Mixed) (G1 Evacuation Pause)
[265.920s][info][gc,task     ] GC(479) Using 2 workers of 2 for evacuation
[265.924s][info][gc,phases   ] GC(479)   Pre Evacuate Collection Set: 0.28ms
[265.925s][info][gc,phases   ] GC(479)   Merge Heap Roots: 0.12ms
[265.925s][info][gc,phases   ] GC(479)   Evacuate Collection Set: 3.25ms
[265.925s][info][gc,phases   ] GC(479)   Post Evacuate Collection Set: 0.68ms
[265.925s][info][gc,phases   ] GC(479)   Other: 0.08ms
[265.925s][info][gc,heap     ] GC(479) Eden regions: 384->0(389)
[265.925s][info][gc,heap     ] GC(479) Survivor regions: 3->1(49)
[265.925s][info][gc,heap     ] GC(479) Old regions: 39->38
[265.925s][info][gc,heap     ] GC(479) Humongous regions: 207->207
[265.925s][info][gc,metaspace] GC(479) Metaspace: 56877K(57216K)->56877K(57216K) NonClass: 51258K(51520K)->51258K(51520K) Class: 5619K(5696K)->5619K(5696K)
[265.925s][info][gc          ] GC(479) Pause Young (Mixed) (G1 Evacuation Pause) 631M->245M(671M) 4.591ms
[265.925s][info][gc,cpu      ] GC(479) User=0.01s Sys=0.00s Real=0.01s
[266.840s][info][gc,start    ] GC(480) Pause Young (Concurrent Start) (G1 Evacuation Pause)
[266.840s][info][gc,task     ] GC(480) Using 2 workers of 2 for evacuation
[266.844s][info][gc,phases   ] GC(480)   Pre Evacuate Collection Set: 0.29ms
[266.845s][info][gc,phases   ] GC(480)   Merge Heap Roots: 0.12ms
[266.845s][info][gc,phases   ] GC(480)   Evacuate Collection Set: 3.53ms
[266.845s][info][gc,phases   ] GC(480)   Post Evacuate Collection Set: 0.66ms
[266.845s][info][gc,phases   ] GC(480)   Other: 0.14ms
[266.845s][info][gc,heap     ] GC(480) Eden regions: 389->0(387)
[266.845s][info][gc,heap     ] GC(480) Survivor regions: 1->2(49)
[266.845s][info][gc,heap     ] GC(480) Old regions: 38->38
[266.845s][info][gc,heap     ] GC(480) Humongous regions: 207->207
[266.845s][info][gc,metaspace] GC(480) Metaspace: 56877K(57216K)->56877K(57216K) NonClass: 51258K(51520K)->51258K(51520K) Class: 5619K(5696K)->5619K(5696K)
[266.845s][info][gc          ] GC(480) Pause Young (Concurrent Start) (G1 Evacuation Pause) 634M->246M(671M) 4.908ms
[266.845s][info][gc,cpu      ] GC(480) User=0.01s Sys=0.00s Real=0.01s
[266.845s][info][gc          ] GC(481) Concurrent Mark Cycle
[266.845s][info][gc,marking  ] GC(481) Concurrent Scan Root Regions
[266.851s][info][gc,marking  ] GC(481) Concurrent Scan Root Regions 6.355ms
[266.851s][info][gc,marking  ] GC(481) Concurrent Mark
[266.851s][info][gc,marking  ] GC(481) Concurrent Mark From Roots
[266.851s][info][gc,task     ] GC(481) Using 1 workers of 1 for marking
[266.907s][info][gc,marking  ] GC(481) Concurrent Mark From Roots 55.423ms
[266.907s][info][gc,marking  ] GC(481) Concurrent Preclean
[266.907s][info][gc,marking  ] GC(481) Concurrent Preclean 0.060ms
[266.907s][info][gc,start    ] GC(481) Pause Remark
[266.916s][info][gc          ] GC(481) Pause Remark 267M->267M(671M) 9.024ms
[266.916s][info][gc,cpu      ] GC(481) User=0.02s Sys=0.00s Real=0.01s
[266.916s][info][gc,marking  ] GC(481) Concurrent Mark 64.938ms
[266.916s][info][gc,marking  ] GC(481) Concurrent Rebuild Remembered Sets and Scrub Regions
[266.939s][info][gc,marking  ] GC(481) Concurrent Rebuild Remembered Sets and Scrub Regions 22.672ms
[266.939s][info][gc,start    ] GC(481) Pause Cleanup
[266.939s][info][gc          ] GC(481) Pause Cleanup 281M->281M(671M) 0.082ms
[266.939s][info][gc,cpu      ] GC(481) User=0.00s Sys=0.00s Real=0.00s
[266.941s][info][gc,marking  ] GC(481) Concurrent Clear Claimed Marks
[266.941s][info][gc,marking  ] GC(481) Concurrent Clear Claimed Marks 0.120ms
[266.941s][info][gc,marking  ] GC(481) Concurrent Cleanup for Next Mark
[266.944s][info][gc,marking  ] GC(481) Concurrent Cleanup for Next Mark 3.059ms
[266.944s][info][gc          ] GC(481) Concurrent Mark Cycle 99.378ms
[267.765s][info][gc,start    ] GC(482) Pause Young (Prepare Mixed) (G1 Evacuation Pause)
[267.765s][info][gc,task     ] GC(482) Using 2 workers of 2 for evacuation
[267.772s][info][gc,phases   ] GC(482)   Pre Evacuate Collection Set: 1.23ms
[267.772s][info][gc,phases   ] GC(482)   Merge Heap Roots: 0.16ms
[267.772s][info][gc,phases   ] GC(482)   Evacuate Collection Set: 4.22ms
[267.772s][info][gc,phases   ] GC(482)   Post Evacuate Collection Set: 0.70ms
[267.772s][info][gc,phases   ] GC(482)   Other: 0.08ms
[267.772s][info][gc,heap     ] GC(482) Eden regions: 387->0(386)
[267.772s][info][gc,heap     ] GC(482) Survivor regions: 2->2(49)
[267.772s][info][gc,heap     ] GC(482) Old regions: 38->39
[267.772s][info][gc,heap     ] GC(482) Humongous regions: 207->207
[267.772s][info][gc,metaspace] GC(482) Metaspace: 56877K(57216K)->56877K(57216K) NonClass: 51258K(51520K)->51258K(51520K) Class: 5619K(5696K)->5619K(5696K)
[267.772s][info][gc          ] GC(482) Pause Young (Prepare Mixed) (G1 Evacuation Pause) 633M->246M(671M) 6.596ms
[267.772s][info][gc,cpu      ] GC(482) User=0.01s Sys=0.00s Real=0.01s
[268.734s][info][gc,start    ] GC(483) Pause Young (Mixed) (G1 Evacuation Pause)
[268.734s][info][gc,task     ] GC(483) Using 2 workers of 2 for evacuation
[268.740s][info][gc,phases   ] GC(483)   Pre Evacuate Collection Set: 0.27ms
[268.740s][info][gc,phases   ] GC(483)   Merge Heap Roots: 0.16ms
[268.740s][info][gc,phases   ] GC(483)   Evacuate Collection Set: 5.33ms
[268.740s][info][gc,phases   ] GC(483)   Post Evacuate Collection Set: 0.70ms
[268.740s][info][gc,phases   ] GC(483)   Other: 0.08ms
[268.740s][info][gc,heap     ] GC(483) Eden regions: 386->0(385)
[268.740s][info][gc,heap     ] GC(483) Survivor regions: 2->3(49)
[268.740s][info][gc,heap     ] GC(483) Old regions: 39->38
[268.740s][info][gc,heap     ] GC(483) Humongous regions: 207->207
[268.740s][info][gc,metaspace] GC(483) Metaspace: 56877K(57216K)->56877K(57216K) NonClass: 51258K(51520K)->51258K(51520K) Class: 5619K(5696K)->5619K(5696K)
[268.740s][info][gc          ] GC(483) Pause Young (Mixed) (G1 Evacuation Pause) 632M->247M(671M) 6.714ms
[268.740s][info][gc,cpu      ] GC(483) User=0.02s Sys=0.00s Real=0.01s
[269.649s][info][gc,start    ] GC(484) Pause Young (Concurrent Start) (G1 Evacuation Pause)
[269.649s][info][gc,task     ] GC(484) Using 2 workers of 2 for evacuation
[269.655s][info][gc,phases   ] GC(484)   Pre Evacuate Collection Set: 0.29ms
[269.655s][info][gc,phases   ] GC(484)   Merge Heap Roots: 0.12ms
[269.655s][info][gc,phases   ] GC(484)   Evacuate Collection Set: 4.79ms
[269.655s][info][gc,phases   ] GC(484)   Post Evacuate Collection Set: 0.67ms
[269.655s][info][gc,phases   ] GC(484)   Other: 0.10ms
[269.655s][info][gc,heap     ] GC(484) Eden regions: 385->0(385)
[269.655s][info][gc,heap     ] GC(484) Survivor regions: 3->3(49)
[269.655s][info][gc,heap     ] GC(484) Old regions: 38->38
[269.655s][info][gc,heap     ] GC(484) Humongous regions: 207->207
[269.655s][info][gc,metaspace] GC(484) Metaspace: 56877K(57216K)->56877K(57216K) NonClass: 51258K(51520K)->51258K(51520K) Class: 5619K(5696K)->5619K(5696K)
[269.655s][info][gc          ] GC(484) Pause Young (Concurrent Start) (G1 Evacuation Pause) 631M->247M(671M) 6.135ms
[269.655s][info][gc,cpu      ] GC(484) User=0.01s Sys=0.00s Real=0.01s
[269.655s][info][gc          ] GC(485) Concurrent Mark Cycle
[269.656s][info][gc,marking  ] GC(485) Concurrent Scan Root Regions
[269.660s][info][gc,marking  ] GC(485) Concurrent Scan Root Regions 4.332ms
[269.660s][info][gc,marking  ] GC(485) Concurrent Mark
[269.660s][info][gc,marking  ] GC(485) Concurrent Mark From Roots
[269.660s][info][gc,task     ] GC(485) Using 1 workers of 1 for marking
[269.704s][info][gc,marking  ] GC(485) Concurrent Mark From Roots 43.175ms
[269.704s][info][gc,marking  ] GC(485) Concurrent Preclean
[269.704s][info][gc,marking  ] GC(485) Concurrent Preclean 0.060ms
[269.704s][info][gc,start    ] GC(485) Pause Remark
[269.713s][info][gc          ] GC(485) Pause Remark 260M->260M(671M) 9.220ms
[269.713s][info][gc,cpu      ] GC(485) User=0.01s Sys=0.00s Real=0.01s
[269.713s][info][gc,marking  ] GC(485) Concurrent Mark 52.784ms
[269.713s][info][gc,marking  ] GC(485) Concurrent Rebuild Remembered Sets and Scrub Regions
[269.732s][info][gc,marking  ] GC(485) Concurrent Rebuild Remembered Sets and Scrub Regions 18.510ms
[269.732s][info][gc,start    ] GC(485) Pause Cleanup
[269.732s][info][gc          ] GC(485) Pause Cleanup 268M->268M(671M) 0.079ms
[269.732s][info][gc,cpu      ] GC(485) User=0.00s Sys=0.00s Real=0.00s
[269.732s][info][gc,marking  ] GC(485) Concurrent Clear Claimed Marks
[269.732s][info][gc,marking  ] GC(485) Concurrent Clear Claimed Marks 0.094ms
[269.732s][info][gc,marking  ] GC(485) Concurrent Cleanup for Next Mark
[269.734s][info][gc,marking  ] GC(485) Concurrent Cleanup for Next Mark 1.994ms
[269.734s][info][gc          ] GC(485) Concurrent Mark Cycle 78.784ms
[270.667s][info][gc,start    ] GC(486) Pause Young (Prepare Mixed) (G1 Evacuation Pause)
[270.667s][info][gc,task     ] GC(486) Using 2 workers of 2 for evacuation
[270.671s][info][gc,phases   ] GC(486)   Pre Evacuate Collection Set: 0.29ms
[270.671s][info][gc,phases   ] GC(486)   Merge Heap Roots: 0.13ms
[270.671s][info][gc,phases   ] GC(486)   Evacuate Collection Set: 2.38ms
[270.671s][info][gc,phases   ] GC(486)   Post Evacuate Collection Set: 0.65ms
[270.671s][info][gc,phases   ] GC(486)   Other: 0.08ms
[270.671s][info][gc,heap     ] GC(486) Eden regions: 385->0(389)
[270.671s][info][gc,heap     ] GC(486) Survivor regions: 3->1(49)
[270.671s][info][gc,heap     ] GC(486) Old regions: 38->38
[270.671s][info][gc,heap     ] GC(486) Humongous regions: 207->207
[270.671s][info][gc,metaspace] GC(486) Metaspace: 56877K(57216K)->56877K(57216K) NonClass: 51258K(51520K)->51258K(51520K) Class: 5619K(5696K)->5619K(5696K)
[270.671s][info][gc          ] GC(486) Pause Young (Prepare Mixed) (G1 Evacuation Pause) 632M->245M(671M) 3.700ms
[270.671s][info][gc,cpu      ] GC(486) User=0.01s Sys=0.00s Real=0.01s
[272.791s][info][gc,start    ] GC(487) Pause Young (Mixed) (G1 Evacuation Pause)
[272.791s][info][gc,task     ] GC(487) Using 2 workers of 2 for evacuation
[272.826s][info][gc,phases   ] GC(487)   Pre Evacuate Collection Set: 0.66ms
[272.826s][info][gc,phases   ] GC(487)   Merge Heap Roots: 4.24ms
[272.826s][info][gc,phases   ] GC(487)   Evacuate Collection Set: 27.93ms
[272.826s][info][gc,phases   ] GC(487)   Post Evacuate Collection Set: 2.34ms
[272.826s][info][gc,phases   ] GC(487)   Other: 0.08ms
[272.826s][info][gc,heap     ] GC(487) Eden regions: 382->0(494)
[272.826s][info][gc,heap     ] GC(487) Survivor regions: 1->2(48)
[272.826s][info][gc,heap     ] GC(487) Old regions: 38->38
[272.826s][info][gc,heap     ] GC(487) Humongous regions: 363->207
[272.826s][info][gc,metaspace] GC(487) Metaspace: 56990K(57280K)->56990K(57280K) NonClass: 51371K(51584K)->51371K(51584K) Class: 5619K(5696K)->5619K(5696K)
[272.826s][info][gc          ] GC(487) Pause Young (Mixed) (G1 Evacuation Pause) 783M->246M(827M) 35.448ms
[272.826s][info][gc,cpu      ] GC(487) User=0.02s Sys=0.00s Real=0.03s
[275.324s][info][gc,start    ] GC(488) Pause Young (Normal) (G1 Evacuation Pause)
[275.324s][info][gc,task     ] GC(488) Using 2 workers of 2 for evacuation
[275.334s][info][gc,phases   ] GC(488)   Pre Evacuate Collection Set: 0.41ms
[275.334s][info][gc,phases   ] GC(488)   Merge Heap Roots: 0.14ms
[275.334s][info][gc,phases   ] GC(488)   Evacuate Collection Set: 8.09ms
[275.334s][info][gc,phases   ] GC(488)   Post Evacuate Collection Set: 0.84ms
[275.334s][info][gc,phases   ] GC(488)   Other: 0.10ms
[275.334s][info][gc,heap     ] GC(488) Eden regions: 494->0(465)
[275.334s][info][gc,heap     ] GC(488) Survivor regions: 2->16(62)
[275.334s][info][gc,heap     ] GC(488) Old regions: 38->38
[275.334s][info][gc,heap     ] GC(488) Humongous regions: 207->207
[275.334s][info][gc,metaspace] GC(488) Metaspace: 57108K(57408K)->57108K(57408K) NonClass: 51488K(51712K)->51488K(51712K) Class: 5619K(5696K)->5619K(5696K)
[275.334s][info][gc          ] GC(488) Pause Young (Normal) (G1 Evacuation Pause) 740M->260M(827M) 9.781ms
[275.334s][info][gc,cpu      ] GC(488) User=0.01s Sys=0.00s Real=0.01s
[276.433s][info][gc,start    ] GC(489) Pause Young (Normal) (G1 Evacuation Pause)
[276.433s][info][gc,task     ] GC(489) Using 2 workers of 2 for evacuation
[276.442s][info][gc,phases   ] GC(489)   Pre Evacuate Collection Set: 0.27ms
[276.442s][info][gc,phases   ] GC(489)   Merge Heap Roots: 0.14ms
[276.442s][info][gc,phases   ] GC(489)   Evacuate Collection Set: 7.71ms
[276.442s][info][gc,phases   ] GC(489)   Post Evacuate Collection Set: 0.85ms
[276.442s][info][gc,phases   ] GC(489)   Other: 0.09ms
[276.442s][info][gc,heap     ] GC(489) Eden regions: 465->0(480)
[276.442s][info][gc,heap     ] GC(489) Survivor regions: 16->16(61)
[276.442s][info][gc,heap     ] GC(489) Old regions: 38->38
[276.442s][info][gc,heap     ] GC(489) Humongous regions: 207->207
[276.442s][info][gc,metaspace] GC(489) Metaspace: 57108K(57408K)->57108K(57408K) NonClass: 51488K(51712K)->51488K(51712K) Class: 5619K(5696K)->5619K(5696K)
[276.442s][info][gc          ] GC(489) Pause Young (Normal) (G1 Evacuation Pause) 725M->260M(827M) 9.266ms
[276.442s][info][gc,cpu      ] GC(489) User=0.01s Sys=0.00s Real=0.01s
[277.622s][info][gc,start    ] GC(490) Pause Young (Normal) (G1 Evacuation Pause)
[277.622s][info][gc,task     ] GC(490) Using 2 workers of 2 for evacuation
[277.630s][info][gc,phases   ] GC(490)   Pre Evacuate Collection Set: 0.27ms
[277.630s][info][gc,phases   ] GC(490)   Merge Heap Roots: 0.14ms
[277.630s][info][gc,phases   ] GC(490)   Evacuate Collection Set: 6.47ms
[277.630s][info][gc,phases   ] GC(490)   Post Evacuate Collection Set: 0.83ms
[277.630s][info][gc,phases   ] GC(490)   Other: 0.09ms
[277.630s][info][gc,heap     ] GC(490) Eden regions: 480->0(480)
[277.630s][info][gc,heap     ] GC(490) Survivor regions: 16->16(62)
[277.630s][info][gc,heap     ] GC(490) Old regions: 38->38
[277.630s][info][gc,heap     ] GC(490) Humongous regions: 207->207
[277.630s][info][gc,metaspace] GC(490) Metaspace: 57108K(57408K)->57108K(57408K) NonClass: 51488K(51712K)->51488K(51712K) Class: 5619K(5696K)->5619K(5696K)
[277.630s][info][gc          ] GC(490) Pause Young (Normal) (G1 Evacuation Pause) 740M->260M(827M) 7.999ms
[277.630s][info][gc,cpu      ] GC(490) User=0.01s Sys=0.00s Real=0.00s
[278.794s][info][gc,start    ] GC(491) Pause Young (Normal) (G1 Evacuation Pause)
[278.794s][info][gc,task     ] GC(491) Using 2 workers of 2 for evacuation
[278.805s][info][gc,phases   ] GC(491)   Pre Evacuate Collection Set: 0.30ms
[278.805s][info][gc,phases   ] GC(491)   Merge Heap Roots: 0.16ms
[278.805s][info][gc,phases   ] GC(491)   Evacuate Collection Set: 9.33ms
[278.805s][info][gc,phases   ] GC(491)   Post Evacuate Collection Set: 0.82ms
[278.805s][info][gc,phases   ] GC(491)   Other: 0.11ms
[278.805s][info][gc,heap     ] GC(491) Eden regions: 480->0(479)
[278.805s][info][gc,heap     ] GC(491) Survivor regions: 16->17(62)
[278.805s][info][gc,heap     ] GC(491) Old regions: 38->39
[278.805s][info][gc,heap     ] GC(491) Humongous regions: 207->207
[278.805s][info][gc,metaspace] GC(491) Metaspace: 57108K(57408K)->57108K(57408K) NonClass: 51488K(51712K)->51488K(51712K) Class: 5619K(5696K)->5619K(5696K)
[278.805s][info][gc          ] GC(491) Pause Young (Normal) (G1 Evacuation Pause) 740M->261M(827M) 10.887ms
[278.805s][info][gc,cpu      ] GC(491) User=0.02s Sys=0.00s Real=0.01s
[279.936s][info][gc,start    ] GC(492) Pause Young (Normal) (G1 Evacuation Pause)
[279.936s][info][gc,task     ] GC(492) Using 2 workers of 2 for evacuation
[279.946s][info][gc,phases   ] GC(492)   Pre Evacuate Collection Set: 0.29ms
[279.946s][info][gc,phases   ] GC(492)   Merge Heap Roots: 0.14ms
[279.946s][info][gc,phases   ] GC(492)   Evacuate Collection Set: 8.34ms
[279.946s][info][gc,phases   ] GC(492)   Post Evacuate Collection Set: 0.83ms
[279.946s][info][gc,phases   ] GC(492)   Other: 0.10ms
[279.946s][info][gc,heap     ] GC(492) Eden regions: 479->0(479)
[279.946s][info][gc,heap     ] GC(492) Survivor regions: 17->17(62)
[279.946s][info][gc,heap     ] GC(492) Old regions: 39->39
[279.946s][info][gc,heap     ] GC(492) Humongous regions: 207->207
[279.946s][info][gc,metaspace] GC(492) Metaspace: 57108K(57408K)->57108K(57408K) NonClass: 51488K(51712K)->51488K(51712K) Class: 5619K(5696K)->5619K(5696K)
[279.946s][info][gc          ] GC(492) Pause Young (Normal) (G1 Evacuation Pause) 740M->261M(827M) 9.889ms
[279.946s][info][gc,cpu      ] GC(492) User=0.01s Sys=0.00s Real=0.01s
[281.064s][info][gc,start    ] GC(493) Pause Young (Normal) (G1 Evacuation Pause)
[281.064s][info][gc,task     ] GC(493) Using 2 workers of 2 for evacuation
[281.072s][info][gc,phases   ] GC(493)   Pre Evacuate Collection Set: 0.32ms
[281.072s][info][gc,phases   ] GC(493)   Merge Heap Roots: 0.14ms
[281.072s][info][gc,phases   ] GC(493)   Evacuate Collection Set: 6.15ms
[281.072s][info][gc,phases   ] GC(493)   Post Evacuate Collection Set: 0.83ms
[281.072s][info][gc,phases   ] GC(493)   Other: 0.09ms
[281.072s][info][gc,heap     ] GC(493) Eden regions: 479->0(481)
[281.072s][info][gc,heap     ] GC(493) Survivor regions: 17->15(62)
[281.072s][info][gc,heap     ] GC(493) Old regions: 39->39
[281.072s][info][gc,heap     ] GC(493) Humongous regions: 207->207
[281.072s][info][gc,metaspace] GC(493) Metaspace: 57108K(57408K)->57108K(57408K) NonClass: 51488K(51712K)->51488K(51712K) Class: 5619K(5696K)->5619K(5696K)
[281.072s][info][gc          ] GC(493) Pause Young (Normal) (G1 Evacuation Pause) 740M->260M(827M) 7.718ms
[281.072s][info][gc,cpu      ] GC(493) User=0.02s Sys=0.00s Real=0.01s
[282.241s][info][gc,start    ] GC(494) Pause Young (Normal) (G1 Evacuation Pause)
[282.241s][info][gc,task     ] GC(494) Using 2 workers of 2 for evacuation
[282.252s][info][gc,phases   ] GC(494)   Pre Evacuate Collection Set: 0.31ms
[282.252s][info][gc,phases   ] GC(494)   Merge Heap Roots: 0.16ms
[282.252s][info][gc,phases   ] GC(494)   Evacuate Collection Set: 9.62ms
[282.252s][info][gc,phases   ] GC(494)   Post Evacuate Collection Set: 0.82ms
[282.252s][info][gc,phases   ] GC(494)   Other: 0.09ms
[282.252s][info][gc,heap     ] GC(494) Eden regions: 481->0(478)
[282.252s][info][gc,heap     ] GC(494) Survivor regions: 15->18(62)
[282.252s][info][gc,heap     ] GC(494) Old regions: 39->39
[282.252s][info][gc,heap     ] GC(494) Humongous regions: 207->207
[282.252s][info][gc,metaspace] GC(494) Metaspace: 57108K(57408K)->57108K(57408K) NonClass: 51488K(51712K)->51488K(51712K) Class: 5619K(5696K)->5619K(5696K)
[282.252s][info][gc          ] GC(494) Pause Young (Normal) (G1 Evacuation Pause) 741M->263M(827M) 11.200ms
[282.252s][info][gc,cpu      ] GC(494) User=0.02s Sys=0.00s Real=0.01s
[283.425s][info][gc,start    ] GC(495) Pause Young (Normal) (G1 Evacuation Pause)
[283.425s][info][gc,task     ] GC(495) Using 2 workers of 2 for evacuation
[283.433s][info][gc,phases   ] GC(495)   Pre Evacuate Collection Set: 0.29ms
[283.433s][info][gc,phases   ] GC(495)   Merge Heap Roots: 0.16ms
[283.433s][info][gc,phases   ] GC(495)   Evacuate Collection Set: 6.91ms
[283.433s][info][gc,phases   ] GC(495)   Post Evacuate Collection Set: 0.82ms
[283.433s][info][gc,phases   ] GC(495)   Other: 0.08ms
[283.433s][info][gc,heap     ] GC(495) Eden regions: 478->0(480)
[283.433s][info][gc,heap     ] GC(495) Survivor regions: 18->16(62)
[283.433s][info][gc,heap     ] GC(495) Old regions: 39->39
[283.433s][info][gc,heap     ] GC(495) Humongous regions: 207->207
[283.433s][info][gc,metaspace] GC(495) Metaspace: 57108K(57408K)->57108K(57408K) NonClass: 51488K(51712K)->51488K(51712K) Class: 5619K(5696K)->5619K(5696K)
[283.433s][info][gc          ] GC(495) Pause Young (Normal) (G1 Evacuation Pause) 741M->261M(827M) 8.431ms
[283.433s][info][gc,cpu      ] GC(495) User=0.01s Sys=0.00s Real=0.01s
[284.555s][info][gc,start    ] GC(496) Pause Young (Normal) (G1 Evacuation Pause)
[284.555s][info][gc,task     ] GC(496) Using 2 workers of 2 for evacuation
[284.566s][info][gc,phases   ] GC(496)   Pre Evacuate Collection Set: 0.30ms
[284.566s][info][gc,phases   ] GC(496)   Merge Heap Roots: 0.17ms
[284.566s][info][gc,phases   ] GC(496)   Evacuate Collection Set: 9.69ms
[284.566s][info][gc,phases   ] GC(496)   Post Evacuate Collection Set: 0.83ms
[284.566s][info][gc,phases   ] GC(496)   Other: 0.11ms
[284.566s][info][gc,heap     ] GC(496) Eden regions: 480->0(478)
[284.566s][info][gc,heap     ] GC(496) Survivor regions: 16->18(62)
[284.566s][info][gc,heap     ] GC(496) Old regions: 39->39
[284.566s][info][gc,heap     ] GC(496) Humongous regions: 207->207
[284.566s][info][gc,metaspace] GC(496) Metaspace: 57108K(57408K)->57108K(57408K) NonClass: 51488K(51712K)->51488K(51712K) Class: 5619K(5696K)->5619K(5696K)
[284.566s][info][gc          ] GC(496) Pause Young (Normal) (G1 Evacuation Pause) 740M->262M(827M) 11.297ms
[284.566s][info][gc,cpu      ] GC(496) User=0.02s Sys=0.00s Real=0.01s
[285.730s][info][gc,start    ] GC(497) Pause Young (Normal) (G1 Evacuation Pause)
[285.730s][info][gc,task     ] GC(497) Using 2 workers of 2 for evacuation
[285.739s][info][gc,phases   ] GC(497)   Pre Evacuate Collection Set: 0.29ms
[285.739s][info][gc,phases   ] GC(497)   Merge Heap Roots: 0.16ms
[285.739s][info][gc,phases   ] GC(497)   Evacuate Collection Set: 7.83ms
[285.739s][info][gc,phases   ] GC(497)   Post Evacuate Collection Set: 0.84ms
[285.739s][info][gc,phases   ] GC(497)   Other: 0.09ms
[285.739s][info][gc,heap     ] GC(497) Eden regions: 478->0(479)
[285.739s][info][gc,heap     ] GC(497) Survivor regions: 18->17(62)
[285.739s][info][gc,heap     ] GC(497) Old regions: 39->39
[285.739s][info][gc,heap     ] GC(497) Humongous regions: 207->207
[285.739s][info][gc,metaspace] GC(497) Metaspace: 57108K(57408K)->57108K(57408K) NonClass: 51488K(51712K)->51488K(51712K) Class: 5619K(5696K)->5619K(5696K)
[285.739s][info][gc          ] GC(497) Pause Young (Normal) (G1 Evacuation Pause) 740M->261M(827M) 9.387ms
[285.739s][info][gc,cpu      ] GC(497) User=0.01s Sys=0.00s Real=0.01s
[286.854s][info][gc,start    ] GC(498) Pause Young (Normal) (G1 Evacuation Pause)
[286.854s][info][gc,task     ] GC(498) Using 2 workers of 2 for evacuation
[286.864s][info][gc,phases   ] GC(498)   Pre Evacuate Collection Set: 0.31ms
[286.864s][info][gc,phases   ] GC(498)   Merge Heap Roots: 0.15ms
[286.864s][info][gc,phases   ] GC(498)   Evacuate Collection Set: 7.95ms
[286.864s][info][gc,phases   ] GC(498)   Post Evacuate Collection Set: 0.83ms
[286.864s][info][gc,phases   ] GC(498)   Other: 0.08ms
[286.864s][info][gc,heap     ] GC(498) Eden regions: 479->0(480)
[286.864s][info][gc,heap     ] GC(498) Survivor regions: 17->16(62)
[286.864s][info][gc,heap     ] GC(498) Old regions: 39->39
[286.864s][info][gc,heap     ] GC(498) Humongous regions: 207->207
[286.864s][info][gc,metaspace] GC(498) Metaspace: 57108K(57408K)->57108K(57408K) NonClass: 51488K(51712K)->51488K(51712K) Class: 5619K(5696K)->5619K(5696K)
[286.864s][info][gc          ] GC(498) Pause Young (Normal) (G1 Evacuation Pause) 740M->261M(827M) 9.509ms
[286.864s][info][gc,cpu      ] GC(498) User=0.01s Sys=0.00s Real=0.01s
[288.037s][info][gc,start    ] GC(499) Pause Young (Normal) (G1 Evacuation Pause)
[288.037s][info][gc,task     ] GC(499) Using 2 workers of 2 for evacuation
[288.047s][info][gc,phases   ] GC(499)   Pre Evacuate Collection Set: 0.29ms
[288.047s][info][gc,phases   ] GC(499)   Merge Heap Roots: 0.16ms
[288.047s][info][gc,phases   ] GC(499)   Evacuate Collection Set: 8.97ms
[288.047s][info][gc,phases   ] GC(499)   Post Evacuate Collection Set: 0.82ms
[288.047s][info][gc,phases   ] GC(499)   Other: 0.09ms
[288.047s][info][gc,heap     ] GC(499) Eden regions: 480->0(478)
[288.047s][info][gc,heap     ] GC(499) Survivor regions: 16->18(62)
[288.047s][info][gc,heap     ] GC(499) Old regions: 39->39
[288.047s][info][gc,heap     ] GC(499) Humongous regions: 207->207
[288.047s][info][gc,metaspace] GC(499) Metaspace: 57108K(57408K)->57108K(57408K) NonClass: 51488K(51712K)->51488K(51712K) Class: 5619K(5696K)->5619K(5696K)
[288.047s][info][gc          ] GC(499) Pause Young (Normal) (G1 Evacuation Pause) 741M->262M(827M) 10.529ms
[288.047s][info][gc,cpu      ] GC(499) User=0.02s Sys=0.00s Real=0.01s
[289.160s][info][gc,start    ] GC(500) Pause Young (Normal) (G1 Evacuation Pause)
[289.160s][info][gc,task     ] GC(500) Using 2 workers of 2 for evacuation
[289.169s][info][gc,phases   ] GC(500)   Pre Evacuate Collection Set: 0.31ms
[289.169s][info][gc,phases   ] GC(500)   Merge Heap Roots: 0.16ms
[289.169s][info][gc,phases   ] GC(500)   Evacuate Collection Set: 7.29ms
[289.169s][info][gc,phases   ] GC(500)   Post Evacuate Collection Set: 0.81ms
[289.169s][info][gc,phases   ] GC(500)   Other: 0.10ms
[289.169s][info][gc,heap     ] GC(500) Eden regions: 478->0(480)
[289.169s][info][gc,heap     ] GC(500) Survivor regions: 18->16(62)
[289.169s][info][gc,heap     ] GC(500) Old regions: 39->39
[289.169s][info][gc,heap     ] GC(500) Humongous regions: 207->207
[289.169s][info][gc,metaspace] GC(500) Metaspace: 57108K(57408K)->57108K(57408K) NonClass: 51488K(51712K)->51488K(51712K) Class: 5619K(5696K)->5619K(5696K)
[289.169s][info][gc          ] GC(500) Pause Young (Normal) (G1 Evacuation Pause) 740M->261M(827M) 8.854ms
[289.169s][info][gc,cpu      ] GC(500) User=0.02s Sys=0.00s Real=0.01s
[290.339s][info][gc,start    ] GC(501) Pause Young (Normal) (G1 Evacuation Pause)
[290.339s][info][gc,task     ] GC(501) Using 2 workers of 2 for evacuation
[290.350s][info][gc,phases   ] GC(501)   Pre Evacuate Collection Set: 0.31ms
[290.350s][info][gc,phases   ] GC(501)   Merge Heap Roots: 0.14ms
[290.350s][info][gc,phases   ] GC(501)   Evacuate Collection Set: 9.69ms
[290.350s][info][gc,phases   ] GC(501)   Post Evacuate Collection Set: 0.86ms
[290.350s][info][gc,phases   ] GC(501)   Other: 0.09ms
[290.350s][info][gc,heap     ] GC(501) Eden regions: 480->0(478)
[290.350s][info][gc,heap     ] GC(501) Survivor regions: 16->18(62)
[290.350s][info][gc,heap     ] GC(501) Old regions: 39->39
[290.350s][info][gc,heap     ] GC(501) Humongous regions: 207->207
[290.350s][info][gc,metaspace] GC(501) Metaspace: 57108K(57408K)->57108K(57408K) NonClass: 51488K(51712K)->51488K(51712K) Class: 5619K(5696K)->5619K(5696K)
[290.350s][info][gc          ] GC(501) Pause Young (Normal) (G1 Evacuation Pause) 741M->262M(827M) 11.268ms
[290.350s][info][gc,cpu      ] GC(501) User=0.02s Sys=0.00s Real=0.01s
[291.527s][info][gc,start    ] GC(502) Pause Young (Normal) (G1 Evacuation Pause)
[291.527s][info][gc,task     ] GC(502) Using 2 workers of 2 for evacuation
[291.535s][info][gc,phases   ] GC(502)   Pre Evacuate Collection Set: 0.28ms
[291.535s][info][gc,phases   ] GC(502)   Merge Heap Roots: 0.17ms
[291.535s][info][gc,phases   ] GC(502)   Evacuate Collection Set: 7.08ms
[291.535s][info][gc,phases   ] GC(502)   Post Evacuate Collection Set: 0.81ms
[291.535s][info][gc,phases   ] GC(502)   Other: 0.08ms
[291.535s][info][gc,heap     ] GC(502) Eden regions: 478->0(480)
[291.535s][info][gc,heap     ] GC(502) Survivor regions: 18->16(62)
[291.535s][info][gc,heap     ] GC(502) Old regions: 39->39
[291.535s][info][gc,heap     ] GC(502) Humongous regions: 207->207
[291.535s][info][gc,metaspace] GC(502) Metaspace: 57108K(57408K)->57108K(57408K) NonClass: 51488K(51712K)->51488K(51712K) Class: 5619K(5696K)->5619K(5696K)
[291.535s][info][gc          ] GC(502) Pause Young (Normal) (G1 Evacuation Pause) 740M->261M(827M) 8.607ms
[291.535s][info][gc,cpu      ] GC(502) User=0.01s Sys=0.00s Real=0.01s
[292.649s][info][gc,start    ] GC(503) Pause Young (Normal) (G1 Evacuation Pause)
[292.649s][info][gc,task     ] GC(503) Using 2 workers of 2 for evacuation
[292.658s][info][gc,phases   ] GC(503)   Pre Evacuate Collection Set: 0.30ms
[292.658s][info][gc,phases   ] GC(503)   Merge Heap Roots: 0.15ms
[292.658s][info][gc,phases   ] GC(503)   Evacuate Collection Set: 7.98ms
[292.658s][info][gc,phases   ] GC(503)   Post Evacuate Collection Set: 0.82ms
[292.658s][info][gc,phases   ] GC(503)   Other: 0.08ms
[292.658s][info][gc,heap     ] GC(503) Eden regions: 480->0(493)
[292.658s][info][gc,heap     ] GC(503) Survivor regions: 16->3(62)
[292.658s][info][gc,heap     ] GC(503) Old regions: 39->53
[292.658s][info][gc,heap     ] GC(503) Humongous regions: 207->207
[292.658s][info][gc,metaspace] GC(503) Metaspace: 57109K(57408K)->57109K(57408K) NonClass: 51489K(51712K)->51489K(51712K) Class: 5619K(5696K)->5619K(5696K)
[292.658s][info][gc          ] GC(503) Pause Young (Normal) (G1 Evacuation Pause) 741M->262M(827M) 9.502ms
[292.658s][info][gc,cpu      ] GC(503) User=0.01s Sys=0.00s Real=0.01s
[293.957s][info][gc,start    ] GC(504) Pause Young (Normal) (G1 Evacuation Pause)
[293.957s][info][gc,task     ] GC(504) Using 2 workers of 2 for evacuation
[293.963s][info][gc,phases   ] GC(504)   Pre Evacuate Collection Set: 0.30ms
[293.963s][info][gc,phases   ] GC(504)   Merge Heap Roots: 0.15ms
[293.963s][info][gc,phases   ] GC(504)   Evacuate Collection Set: 4.20ms
[293.963s][info][gc,phases   ] GC(504)   Post Evacuate Collection Set: 0.75ms
[293.963s][info][gc,phases   ] GC(504)   Other: 0.10ms
[293.963s][info][gc,heap     ] GC(504) Eden regions: 493->0(493)
[293.963s][info][gc,heap     ] GC(504) Survivor regions: 3->3(62)
[293.963s][info][gc,heap     ] GC(504) Old regions: 53->54
[293.963s][info][gc,heap     ] GC(504) Humongous regions: 207->207
[293.963s][info][gc,metaspace] GC(504) Metaspace: 57109K(57408K)->57109K(57408K) NonClass: 51489K(51712K)->51489K(51712K) Class: 5619K(5696K)->5619K(5696K)
[293.963s][info][gc          ] GC(504) Pause Young (Normal) (G1 Evacuation Pause) 755M->262M(827M) 5.668ms
[293.963s][info][gc,cpu      ] GC(504) User=0.01s Sys=0.00s Real=0.01s
[295.192s][info][gc,start    ] GC(505) Pause Young (Normal) (G1 Evacuation Pause)
[295.192s][info][gc,task     ] GC(505) Using 2 workers of 2 for evacuation
[295.198s][info][gc,phases   ] GC(505)   Pre Evacuate Collection Set: 0.30ms
[295.198s][info][gc,phases   ] GC(505)   Merge Heap Roots: 0.16ms
[295.198s][info][gc,phases   ] GC(505)   Evacuate Collection Set: 5.04ms
[295.198s][info][gc,phases   ] GC(505)   Post Evacuate Collection Set: 0.74ms
[295.198s][info][gc,phases   ] GC(505)   Other: 0.10ms
[295.198s][info][gc,heap     ] GC(505) Eden regions: 493->0(493)
[295.198s][info][gc,heap     ] GC(505) Survivor regions: 3->3(62)
[295.198s][info][gc,heap     ] GC(505) Old regions: 54->54
[295.198s][info][gc,heap     ] GC(505) Humongous regions: 207->207
[295.198s][info][gc,metaspace] GC(505) Metaspace: 57109K(57408K)->57109K(57408K) NonClass: 51489K(51712K)->51489K(51712K) Class: 5619K(5696K)->5619K(5696K)
[295.198s][info][gc          ] GC(505) Pause Young (Normal) (G1 Evacuation Pause) 755M->263M(827M) 6.510ms
[295.198s][info][gc,cpu      ] GC(505) User=0.02s Sys=0.00s Real=0.00s
[296.342s][info][gc,start    ] GC(506) Pause Young (Normal) (G1 Evacuation Pause)
[296.342s][info][gc,task     ] GC(506) Using 2 workers of 2 for evacuation
[296.348s][info][gc,phases   ] GC(506)   Pre Evacuate Collection Set: 0.29ms
[296.348s][info][gc,phases   ] GC(506)   Merge Heap Roots: 0.16ms
[296.348s][info][gc,phases   ] GC(506)   Evacuate Collection Set: 4.81ms
[296.348s][info][gc,phases   ] GC(506)   Post Evacuate Collection Set: 0.80ms
[296.348s][info][gc,phases   ] GC(506)   Other: 0.11ms
[296.348s][info][gc,heap     ] GC(506) Eden regions: 493->0(492)
[296.348s][info][gc,heap     ] GC(506) Survivor regions: 3->4(62)
[296.348s][info][gc,heap     ] GC(506) Old regions: 54->54
[296.348s][info][gc,heap     ] GC(506) Humongous regions: 207->207
[296.348s][info][gc,metaspace] GC(506) Metaspace: 57109K(57408K)->57109K(57408K) NonClass: 51489K(51712K)->51489K(51712K) Class: 5619K(5696K)->5619K(5696K)
[296.348s][info][gc          ] GC(506) Pause Young (Normal) (G1 Evacuation Pause) 756M->264M(827M) 6.336ms
[296.348s][info][gc,cpu      ] GC(506) User=0.01s Sys=0.00s Real=0.00s
[297.540s][info][gc,start    ] GC(507) Pause Young (Normal) (G1 Evacuation Pause)
[297.540s][info][gc,task     ] GC(507) Using 2 workers of 2 for evacuation
[297.545s][info][gc,phases   ] GC(507)   Pre Evacuate Collection Set: 0.30ms
[297.545s][info][gc,phases   ] GC(507)   Merge Heap Roots: 0.15ms
[297.545s][info][gc,phases   ] GC(507)   Evacuate Collection Set: 4.57ms
[297.545s][info][gc,phases   ] GC(507)   Post Evacuate Collection Set: 0.75ms
[297.546s][info][gc,phases   ] GC(507)   Other: 0.11ms
[297.546s][info][gc,heap     ] GC(507) Eden regions: 492->0(492)
[297.546s][info][gc,heap     ] GC(507) Survivor regions: 4->4(62)
[297.546s][info][gc,heap     ] GC(507) Old regions: 54->54
[297.546s][info][gc,heap     ] GC(507) Humongous regions: 207->207
[297.546s][info][gc,metaspace] GC(507) Metaspace: 57109K(57408K)->57109K(57408K) NonClass: 51489K(51712K)->51489K(51712K) Class: 5619K(5696K)->5619K(5696K)
[297.546s][info][gc          ] GC(507) Pause Young (Normal) (G1 Evacuation Pause) 756M->264M(827M) 6.039ms
[297.546s][info][gc,cpu      ] GC(507) User=0.01s Sys=0.00s Real=0.01s
[298.739s][info][gc,start    ] GC(508) Pause Young (Normal) (G1 Evacuation Pause)
[298.739s][info][gc,task     ] GC(508) Using 2 workers of 2 for evacuation
[298.745s][info][gc,phases   ] GC(508)   Pre Evacuate Collection Set: 0.30ms
[298.745s][info][gc,phases   ] GC(508)   Merge Heap Roots: 0.17ms
[298.745s][info][gc,phases   ] GC(508)   Evacuate Collection Set: 4.35ms
[298.745s][info][gc,phases   ] GC(508)   Post Evacuate Collection Set: 0.78ms
[298.745s][info][gc,phases   ] GC(508)   Other: 0.09ms
[298.745s][info][gc,heap     ] GC(508) Eden regions: 492->0(492)
[298.745s][info][gc,heap     ] GC(508) Survivor regions: 4->4(62)
[298.745s][info][gc,heap     ] GC(508) Old regions: 54->54
[298.745s][info][gc,heap     ] GC(508) Humongous regions: 207->207
[298.745s][info][gc,metaspace] GC(508) Metaspace: 57109K(57408K)->57109K(57408K) NonClass: 51489K(51712K)->51489K(51712K) Class: 5619K(5696K)->5619K(5696K)
[298.745s][info][gc          ] GC(508) Pause Young (Normal) (G1 Evacuation Pause) 756M->264M(827M) 5.888ms
[298.745s][info][gc,cpu      ] GC(508) User=0.01s Sys=0.00s Real=0.01s
[299.990s][info][gc,start    ] GC(509) Pause Young (Normal) (G1 Evacuation Pause)
[299.990s][info][gc,task     ] GC(509) Using 2 workers of 2 for evacuation
[299.996s][info][gc,phases   ] GC(509)   Pre Evacuate Collection Set: 0.30ms
[299.996s][info][gc,phases   ] GC(509)   Merge Heap Roots: 0.15ms
[299.996s][info][gc,phases   ] GC(509)   Evacuate Collection Set: 4.81ms
[299.996s][info][gc,phases   ] GC(509)   Post Evacuate Collection Set: 0.75ms
[299.996s][info][gc,phases   ] GC(509)   Other: 0.08ms
[299.996s][info][gc,heap     ] GC(509) Eden regions: 492->0(493)
[299.996s][info][gc,heap     ] GC(509) Survivor regions: 4->3(62)
[299.996s][info][gc,heap     ] GC(509) Old regions: 54->55
[299.996s][info][gc,heap     ] GC(509) Humongous regions: 207->207
[299.996s][info][gc,metaspace] GC(509) Metaspace: 57109K(57408K)->57109K(57408K) NonClass: 51489K(51712K)->51489K(51712K) Class: 5619K(5696K)->5619K(5696K)
[299.996s][info][gc          ] GC(509) Pause Young (Normal) (G1 Evacuation Pause) 756M->263M(827M) 6.250ms
[299.996s][info][gc,cpu      ] GC(509) User=0.02s Sys=0.00s Real=0.01s
[301.145s][info][gc,start    ] GC(510) Pause Young (Normal) (G1 Evacuation Pause)
[301.145s][info][gc,task     ] GC(510) Using 2 workers of 2 for evacuation
[301.153s][info][gc,phases   ] GC(510)   Pre Evacuate Collection Set: 0.30ms
[301.153s][info][gc,phases   ] GC(510)   Merge Heap Roots: 0.14ms
[301.153s][info][gc,phases   ] GC(510)   Evacuate Collection Set: 5.61ms
[301.153s][info][gc,phases   ] GC(510)   Post Evacuate Collection Set: 1.02ms
[301.153s][info][gc,phases   ] GC(510)   Other: 0.10ms
[301.153s][info][gc,heap     ] GC(510) Eden regions: 493->0(491)
[301.153s][info][gc,heap     ] GC(510) Survivor regions: 3->5(62)
[301.153s][info][gc,heap     ] GC(510) Old regions: 55->55
[301.153s][info][gc,heap     ] GC(510) Humongous regions: 207->207
[301.153s][info][gc,metaspace] GC(510) Metaspace: 57109K(57408K)->57109K(57408K) NonClass: 51489K(51712K)->51489K(51712K) Class: 5619K(5696K)->5619K(5696K)
[301.153s][info][gc          ] GC(510) Pause Young (Normal) (G1 Evacuation Pause) 756M->265M(827M) 7.350ms
[301.153s][info][gc,cpu      ] GC(510) User=0.02s Sys=0.00s Real=0.01s
[302.343s][info][gc,start    ] GC(511) Pause Young (Normal) (G1 Evacuation Pause)
[302.344s][info][gc,task     ] GC(511) Using 2 workers of 2 for evacuation
[302.350s][info][gc,phases   ] GC(511)   Pre Evacuate Collection Set: 0.31ms
[302.350s][info][gc,phases   ] GC(511)   Merge Heap Roots: 0.15ms
[302.350s][info][gc,phases   ] GC(511)   Evacuate Collection Set: 4.82ms
[302.350s][info][gc,phases   ] GC(511)   Post Evacuate Collection Set: 0.79ms
[302.350s][info][gc,phases   ] GC(511)   Other: 0.09ms
[302.350s][info][gc,heap     ] GC(511) Eden regions: 491->0(493)
[302.350s][info][gc,heap     ] GC(511) Survivor regions: 5->3(62)
[302.350s][info][gc,heap     ] GC(511) Old regions: 55->55
[302.350s][info][gc,heap     ] GC(511) Humongous regions: 207->207
[302.350s][info][gc,metaspace] GC(511) Metaspace: 57109K(57408K)->57109K(57408K) NonClass: 51489K(51712K)->51489K(51712K) Class: 5619K(5696K)->5619K(5696K)
[302.350s][info][gc          ] GC(511) Pause Young (Normal) (G1 Evacuation Pause) 756M->263M(827M) 6.368ms
[302.350s][info][gc,cpu      ] GC(511) User=0.01s Sys=0.00s Real=0.00s
[303.539s][info][gc,start    ] GC(512) Pause Young (Normal) (G1 Evacuation Pause)
[303.540s][info][gc,task     ] GC(512) Using 2 workers of 2 for evacuation
[303.546s][info][gc,phases   ] GC(512)   Pre Evacuate Collection Set: 0.30ms
[303.546s][info][gc,phases   ] GC(512)   Merge Heap Roots: 0.14ms
[303.546s][info][gc,phases   ] GC(512)   Evacuate Collection Set: 4.69ms
[303.546s][info][gc,phases   ] GC(512)   Post Evacuate Collection Set: 0.77ms
[303.546s][info][gc,phases   ] GC(512)   Other: 0.09ms
[303.546s][info][gc,heap     ] GC(512) Eden regions: 493->0(492)
[303.546s][info][gc,heap     ] GC(512) Survivor regions: 3->4(62)
[303.546s][info][gc,heap     ] GC(512) Old regions: 55->55
[303.546s][info][gc,heap     ] GC(512) Humongous regions: 207->207
[303.546s][info][gc,metaspace] GC(512) Metaspace: 57111K(57408K)->57111K(57408K) NonClass: 51491K(51712K)->51491K(51712K) Class: 5619K(5696K)->5619K(5696K)
[303.546s][info][gc          ] GC(512) Pause Young (Normal) (G1 Evacuation Pause) 756M->264M(827M) 6.193ms
[303.546s][info][gc,cpu      ] GC(512) User=0.01s Sys=0.00s Real=0.01s
[304.843s][info][gc,start    ] GC(513) Pause Young (Normal) (G1 Evacuation Pause)
[304.843s][info][gc,task     ] GC(513) Using 2 workers of 2 for evacuation
[304.849s][info][gc,phases   ] GC(513)   Pre Evacuate Collection Set: 0.31ms
[304.849s][info][gc,phases   ] GC(513)   Merge Heap Roots: 0.17ms
[304.849s][info][gc,phases   ] GC(513)   Evacuate Collection Set: 4.31ms
[304.849s][info][gc,phases   ] GC(513)   Post Evacuate Collection Set: 1.12ms
[304.849s][info][gc,phases   ] GC(513)   Other: 0.09ms
[304.849s][info][gc,heap     ] GC(513) Eden regions: 492->0(493)
[304.849s][info][gc,heap     ] GC(513) Survivor regions: 4->3(62)
[304.849s][info][gc,heap     ] GC(513) Old regions: 55->55
[304.849s][info][gc,heap     ] GC(513) Humongous regions: 207->207
[304.849s][info][gc,metaspace] GC(513) Metaspace: 57111K(57408K)->57111K(57408K) NonClass: 51491K(51712K)->51491K(51712K) Class: 5619K(5696K)->5619K(5696K)
[304.849s][info][gc          ] GC(513) Pause Young (Normal) (G1 Evacuation Pause) 756M->263M(827M) 6.175ms
[304.849s][info][gc,cpu      ] GC(513) User=0.02s Sys=0.00s Real=0.00s
[306.048s][info][gc,start    ] GC(514) Pause Young (Normal) (G1 Evacuation Pause)
[306.048s][info][gc,task     ] GC(514) Using 2 workers of 2 for evacuation
[306.056s][info][gc,phases   ] GC(514)   Pre Evacuate Collection Set: 0.46ms
[306.056s][info][gc,phases   ] GC(514)   Merge Heap Roots: 0.16ms
[306.056s][info][gc,phases   ] GC(514)   Evacuate Collection Set: 6.57ms
[306.056s][info][gc,phases   ] GC(514)   Post Evacuate Collection Set: 0.78ms
[306.056s][info][gc,phases   ] GC(514)   Other: 0.08ms
[306.056s][info][gc,heap     ] GC(514) Eden regions: 493->0(492)
[306.056s][info][gc,heap     ] GC(514) Survivor regions: 3->4(62)
[306.056s][info][gc,heap     ] GC(514) Old regions: 55->55
[306.056s][info][gc,heap     ] GC(514) Humongous regions: 207->207
[306.056s][info][gc,metaspace] GC(514) Metaspace: 57111K(57408K)->57111K(57408K) NonClass: 51491K(51712K)->51491K(51712K) Class: 5619K(5696K)->5619K(5696K)
[306.056s][info][gc          ] GC(514) Pause Young (Normal) (G1 Evacuation Pause) 756M->264M(827M) 8.236ms
[306.056s][info][gc,cpu      ] GC(514) User=0.02s Sys=0.00s Real=0.01s
[307.250s][info][gc,start    ] GC(515) Pause Young (Normal) (G1 Evacuation Pause)
[307.250s][info][gc,task     ] GC(515) Using 2 workers of 2 for evacuation
[307.263s][info][gc,phases   ] GC(515)   Pre Evacuate Collection Set: 0.50ms
[307.263s][info][gc,phases   ] GC(515)   Merge Heap Roots: 0.16ms
[307.263s][info][gc,phases   ] GC(515)   Evacuate Collection Set: 10.76ms
[307.263s][info][gc,phases   ] GC(515)   Post Evacuate Collection Set: 1.12ms
[307.263s][info][gc,phases   ] GC(515)   Other: 0.09ms
[307.263s][info][gc,heap     ] GC(515) Eden regions: 492->0(492)
[307.263s][info][gc,heap     ] GC(515) Survivor regions: 4->4(62)
[307.263s][info][gc,heap     ] GC(515) Old regions: 55->55
[307.263s][info][gc,heap     ] GC(515) Humongous regions: 207->207
[307.263s][info][gc,metaspace] GC(515) Metaspace: 57111K(57408K)->57111K(57408K) NonClass: 51491K(51712K)->51491K(51712K) Class: 5619K(5696K)->5619K(5696K)
[307.263s][info][gc          ] GC(515) Pause Young (Normal) (G1 Evacuation Pause) 756M->264M(827M) 12.827ms
[307.263s][info][gc,cpu      ] GC(515) User=0.01s Sys=0.00s Real=0.02s
[308.455s][info][gc,start    ] GC(516) Pause Young (Normal) (G1 Evacuation Pause)
[308.455s][info][gc,task     ] GC(516) Using 2 workers of 2 for evacuation
[308.461s][info][gc,phases   ] GC(516)   Pre Evacuate Collection Set: 0.33ms
[308.461s][info][gc,phases   ] GC(516)   Merge Heap Roots: 0.15ms
[308.461s][info][gc,phases   ] GC(516)   Evacuate Collection Set: 4.64ms
[308.461s][info][gc,phases   ] GC(516)   Post Evacuate Collection Set: 0.75ms
[308.461s][info][gc,phases   ] GC(516)   Other: 0.10ms
[308.461s][info][gc,heap     ] GC(516) Eden regions: 492->0(493)
[308.461s][info][gc,heap     ] GC(516) Survivor regions: 4->3(62)
[308.461s][info][gc,heap     ] GC(516) Old regions: 55->55
[308.461s][info][gc,heap     ] GC(516) Humongous regions: 207->207
[308.461s][info][gc,metaspace] GC(516) Metaspace: 57111K(57408K)->57111K(57408K) NonClass: 51491K(51712K)->51491K(51712K) Class: 5619K(5696K)->5619K(5696K)
[308.461s][info][gc          ] GC(516) Pause Young (Normal) (G1 Evacuation Pause) 756M->263M(827M) 6.147ms
[308.461s][info][gc,cpu      ] GC(516) User=0.01s Sys=0.00s Real=0.01s
[309.645s][info][gc,start    ] GC(517) Pause Young (Normal) (G1 Evacuation Pause)
[309.645s][info][gc,task     ] GC(517) Using 2 workers of 2 for evacuation
[309.652s][info][gc,phases   ] GC(517)   Pre Evacuate Collection Set: 0.29ms
[309.653s][info][gc,phases   ] GC(517)   Merge Heap Roots: 0.14ms
[309.653s][info][gc,phases   ] GC(517)   Evacuate Collection Set: 5.74ms
[309.653s][info][gc,phases   ] GC(517)   Post Evacuate Collection Set: 0.77ms
[309.653s][info][gc,phases   ] GC(517)   Other: 0.09ms
[309.653s][info][gc,heap     ] GC(517) Eden regions: 493->0(491)
[309.653s][info][gc,heap     ] GC(517) Survivor regions: 3->5(62)
[309.653s][info][gc,heap     ] GC(517) Old regions: 55->55
[309.653s][info][gc,heap     ] GC(517) Humongous regions: 207->207
[309.653s][info][gc,metaspace] GC(517) Metaspace: 57111K(57408K)->57111K(57408K) NonClass: 51491K(51712K)->51491K(51712K) Class: 5619K(5696K)->5619K(5696K)
[309.653s][info][gc          ] GC(517) Pause Young (Normal) (G1 Evacuation Pause) 756M->265M(827M) 7.246ms
[309.653s][info][gc,cpu      ] GC(517) User=0.01s Sys=0.00s Real=0.01s
[310.904s][info][gc,start    ] GC(518) Pause Young (Normal) (G1 Evacuation Pause)
[310.905s][info][gc,task     ] GC(518) Using 2 workers of 2 for evacuation
[310.911s][info][gc,phases   ] GC(518)   Pre Evacuate Collection Set: 0.30ms
[310.911s][info][gc,phases   ] GC(518)   Merge Heap Roots: 0.16ms
[310.911s][info][gc,phases   ] GC(518)   Evacuate Collection Set: 4.76ms
[310.911s][info][gc,phases   ] GC(518)   Post Evacuate Collection Set: 0.80ms
[310.911s][info][gc,phases   ] GC(518)   Other: 0.09ms
[310.911s][info][gc,heap     ] GC(518) Eden regions: 491->0(492)
[310.911s][info][gc,heap     ] GC(518) Survivor regions: 5->4(62)
[310.911s][info][gc,heap     ] GC(518) Old regions: 55->55
[310.911s][info][gc,heap     ] GC(518) Humongous regions: 207->207
[310.911s][info][gc,metaspace] GC(518) Metaspace: 57111K(57408K)->57111K(57408K) NonClass: 51491K(51712K)->51491K(51712K) Class: 5619K(5696K)->5619K(5696K)
[310.911s][info][gc          ] GC(518) Pause Young (Normal) (G1 Evacuation Pause) 756M->264M(827M) 6.275ms
[310.911s][info][gc,cpu      ] GC(518) User=0.01s Sys=0.00s Real=0.01s
[312.053s][info][gc,start    ] GC(519) Pause Young (Normal) (G1 Evacuation Pause)
[312.053s][info][gc,task     ] GC(519) Using 2 workers of 2 for evacuation
[312.063s][info][gc,phases   ] GC(519)   Pre Evacuate Collection Set: 0.29ms
[312.063s][info][gc,phases   ] GC(519)   Merge Heap Roots: 0.16ms
[312.063s][info][gc,phases   ] GC(519)   Evacuate Collection Set: 8.05ms
[312.063s][info][gc,phases   ] GC(519)   Post Evacuate Collection Set: 0.76ms
[312.063s][info][gc,phases   ] GC(519)   Other: 0.13ms
[312.063s][info][gc,heap     ] GC(519) Eden regions: 492->0(490)
[312.063s][info][gc,heap     ] GC(519) Survivor regions: 4->6(62)
[312.063s][info][gc,heap     ] GC(519) Old regions: 55->55
[312.063s][info][gc,heap     ] GC(519) Humongous regions: 207->207
[312.063s][info][gc,metaspace] GC(519) Metaspace: 57111K(57408K)->57111K(57408K) NonClass: 51491K(51712K)->51491K(51712K) Class: 5619K(5696K)->5619K(5696K)
[312.063s][info][gc          ] GC(519) Pause Young (Normal) (G1 Evacuation Pause) 756M->267M(827M) 9.565ms
[312.063s][info][gc,cpu      ] GC(519) User=0.02s Sys=0.00s Real=0.01s
[313.238s][info][gc,start    ] GC(520) Pause Young (Normal) (G1 Evacuation Pause)
[313.238s][info][gc,task     ] GC(520) Using 2 workers of 2 for evacuation
[313.248s][info][gc,phases   ] GC(520)   Pre Evacuate Collection Set: 0.31ms
[313.248s][info][gc,phases   ] GC(520)   Merge Heap Roots: 0.15ms
[313.248s][info][gc,phases   ] GC(520)   Evacuate Collection Set: 8.09ms
[313.248s][info][gc,phases   ] GC(520)   Post Evacuate Collection Set: 0.78ms
[313.248s][info][gc,phases   ] GC(520)   Other: 0.09ms
[313.248s][info][gc,heap     ] GC(520) Eden regions: 490->0(488)
[313.248s][info][gc,heap     ] GC(520) Survivor regions: 6->8(62)
[313.248s][info][gc,heap     ] GC(520) Old regions: 55->55
[313.248s][info][gc,heap     ] GC(520) Humongous regions: 207->207
[313.248s][info][gc,metaspace] GC(520) Metaspace: 57111K(57408K)->57111K(57408K) NonClass: 51491K(51712K)->51491K(51712K) Class: 5619K(5696K)->5619K(5696K)
[313.248s][info][gc          ] GC(520) Pause Young (Normal) (G1 Evacuation Pause) 757M->268M(827M) 9.608ms
[313.248s][info][gc,cpu      ] GC(520) User=0.01s Sys=0.00s Real=0.01s
[314.429s][info][gc,start    ] GC(521) Pause Young (Normal) (G1 Evacuation Pause)
[314.429s][info][gc,task     ] GC(521) Using 2 workers of 2 for evacuation
[314.438s][info][gc,phases   ] GC(521)   Pre Evacuate Collection Set: 0.29ms
[314.438s][info][gc,phases   ] GC(521)   Merge Heap Roots: 0.16ms
[314.438s][info][gc,phases   ] GC(521)   Evacuate Collection Set: 7.62ms
[314.438s][info][gc,phases   ] GC(521)   Post Evacuate Collection Set: 0.81ms
[314.438s][info][gc,phases   ] GC(521)   Other: 0.11ms
[314.439s][info][gc,heap     ] GC(521) Eden regions: 488->0(488)
[314.439s][info][gc,heap     ] GC(521) Survivor regions: 8->8(62)
[314.439s][info][gc,heap     ] GC(521) Old regions: 55->55
[314.439s][info][gc,heap     ] GC(521) Humongous regions: 207->207
[314.439s][info][gc,metaspace] GC(521) Metaspace: 57111K(57408K)->57111K(57408K) NonClass: 51491K(51712K)->51491K(51712K) Class: 5619K(5696K)->5619K(5696K)
[314.439s][info][gc          ] GC(521) Pause Young (Normal) (G1 Evacuation Pause) 756M->269M(827M) 9.183ms
[314.439s][info][gc,cpu      ] GC(521) User=0.01s Sys=0.00s Real=0.01s
[315.730s][info][gc,start    ] GC(522) Pause Young (Normal) (G1 Evacuation Pause)
[315.730s][info][gc,task     ] GC(522) Using 2 workers of 2 for evacuation
[315.739s][info][gc,phases   ] GC(522)   Pre Evacuate Collection Set: 0.28ms
[315.739s][info][gc,phases   ] GC(522)   Merge Heap Roots: 0.14ms
[315.739s][info][gc,phases   ] GC(522)   Evacuate Collection Set: 7.21ms
[315.739s][info][gc,phases   ] GC(522)   Post Evacuate Collection Set: 0.77ms
[315.739s][info][gc,phases   ] GC(522)   Other: 0.11ms
[315.739s][info][gc,heap     ] GC(522) Eden regions: 488->0(488)
[315.739s][info][gc,heap     ] GC(522) Survivor regions: 8->8(62)
[315.739s][info][gc,heap     ] GC(522) Old regions: 55->55
[315.739s][info][gc,heap     ] GC(522) Humongous regions: 207->207
[315.739s][info][gc,metaspace] GC(522) Metaspace: 57111K(57408K)->57111K(57408K) NonClass: 51491K(51712K)->51491K(51712K) Class: 5619K(5696K)->5619K(5696K)
[315.739s][info][gc          ] GC(522) Pause Young (Normal) (G1 Evacuation Pause) 757M->268M(827M) 8.724ms
[315.739s][info][gc,cpu      ] GC(522) User=0.01s Sys=0.01s Real=0.01s
[316.931s][info][gc,start    ] GC(523) Pause Young (Normal) (G1 Evacuation Pause)
[316.931s][info][gc,task     ] GC(523) Using 2 workers of 2 for evacuation
[316.940s][info][gc,phases   ] GC(523)   Pre Evacuate Collection Set: 0.42ms
[316.940s][info][gc,phases   ] GC(523)   Merge Heap Roots: 0.14ms
[316.940s][info][gc,phases   ] GC(523)   Evacuate Collection Set: 7.93ms
[316.940s][info][gc,phases   ] GC(523)   Post Evacuate Collection Set: 0.79ms
[316.940s][info][gc,phases   ] GC(523)   Other: 0.08ms
[316.940s][info][gc,heap     ] GC(523) Eden regions: 488->0(488)
[316.940s][info][gc,heap     ] GC(523) Survivor regions: 8->8(62)
[316.940s][info][gc,heap     ] GC(523) Old regions: 55->55
[316.940s][info][gc,heap     ] GC(523) Humongous regions: 207->207
[316.940s][info][gc,metaspace] GC(523) Metaspace: 57111K(57408K)->57111K(57408K) NonClass: 51491K(51712K)->51491K(51712K) Class: 5619K(5696K)->5619K(5696K)
[316.940s][info][gc          ] GC(523) Pause Young (Normal) (G1 Evacuation Pause) 756M->268M(827M) 9.533ms
[316.940s][info][gc,cpu      ] GC(523) User=0.01s Sys=0.00s Real=0.00s
[318.122s][info][gc,start    ] GC(524) Pause Young (Normal) (G1 Evacuation Pause)
[318.122s][info][gc,task     ] GC(524) Using 2 workers of 2 for evacuation
[318.131s][info][gc,phases   ] GC(524)   Pre Evacuate Collection Set: 0.48ms
[318.131s][info][gc,phases   ] GC(524)   Merge Heap Roots: 0.27ms
[318.131s][info][gc,phases   ] GC(524)   Evacuate Collection Set: 6.72ms
[318.131s][info][gc,phases   ] GC(524)   Post Evacuate Collection Set: 0.78ms
[318.131s][info][gc,phases   ] GC(524)   Other: 0.09ms
[318.131s][info][gc,heap     ] GC(524) Eden regions: 488->0(489)
[318.131s][info][gc,heap     ] GC(524) Survivor regions: 8->7(62)
[318.131s][info][gc,heap     ] GC(524) Old regions: 55->55
[318.131s][info][gc,heap     ] GC(524) Humongous regions: 207->207
[318.131s][info][gc,metaspace] GC(524) Metaspace: 57111K(57408K)->57111K(57408K) NonClass: 51491K(51712K)->51491K(51712K) Class: 5619K(5696K)->5619K(5696K)
[318.131s][info][gc          ] GC(524) Pause Young (Normal) (G1 Evacuation Pause) 756M->267M(827M) 8.521ms
[318.131s][info][gc,cpu      ] GC(524) User=0.02s Sys=0.00s Real=0.01s
[319.320s][info][gc,start    ] GC(525) Pause Young (Normal) (G1 Evacuation Pause)
[319.320s][info][gc,task     ] GC(525) Using 2 workers of 2 for evacuation
[319.326s][info][gc,phases   ] GC(525)   Pre Evacuate Collection Set: 0.28ms
[319.326s][info][gc,phases   ] GC(525)   Merge Heap Roots: 0.15ms
[319.327s][info][gc,phases   ] GC(525)   Evacuate Collection Set: 5.48ms
[319.327s][info][gc,phases   ] GC(525)   Post Evacuate Collection Set: 0.76ms
[319.327s][info][gc,phases   ] GC(525)   Other: 0.08ms
[319.327s][info][gc,heap     ] GC(525) Eden regions: 489->0(490)
[319.327s][info][gc,heap     ] GC(525) Survivor regions: 7->6(62)
[319.327s][info][gc,heap     ] GC(525) Old regions: 55->55
[319.327s][info][gc,heap     ] GC(525) Humongous regions: 207->207
[319.327s][info][gc,metaspace] GC(525) Metaspace: 57111K(57408K)->57111K(57408K) NonClass: 51491K(51712K)->51491K(51712K) Class: 5619K(5696K)->5619K(5696K)
[319.327s][info][gc          ] GC(525) Pause Young (Normal) (G1 Evacuation Pause) 756M->266M(827M) 6.947ms
[319.327s][info][gc,cpu      ] GC(525) User=0.02s Sys=0.00s Real=0.01s
[320.486s][info][gc,start    ] GC(526) Pause Young (Normal) (G1 Evacuation Pause)
[320.486s][info][gc,task     ] GC(526) Using 2 workers of 2 for evacuation
[320.493s][info][gc,phases   ] GC(526)   Pre Evacuate Collection Set: 0.50ms
[320.493s][info][gc,phases   ] GC(526)   Merge Heap Roots: 0.17ms
[320.493s][info][gc,phases   ] GC(526)   Evacuate Collection Set: 5.56ms
[320.493s][info][gc,phases   ] GC(526)   Post Evacuate Collection Set: 0.76ms
[320.493s][info][gc,phases   ] GC(526)   Other: 0.10ms
[320.493s][info][gc,heap     ] GC(526) Eden regions: 490->0(490)
[320.493s][info][gc,heap     ] GC(526) Survivor regions: 6->6(62)
[320.493s][info][gc,heap     ] GC(526) Old regions: 55->55
[320.493s][info][gc,heap     ] GC(526) Humongous regions: 207->207
[320.493s][info][gc,metaspace] GC(526) Metaspace: 57111K(57408K)->57111K(57408K) NonClass: 51491K(51712K)->51491K(51712K) Class: 5619K(5696K)->5619K(5696K)
[320.493s][info][gc          ] GC(526) Pause Young (Normal) (G1 Evacuation Pause) 756M->266M(827M) 7.289ms
[320.493s][info][gc,cpu      ] GC(526) User=0.02s Sys=0.00s Real=0.01s
[321.781s][info][gc,start    ] GC(527) Pause Young (Normal) (G1 Evacuation Pause)
[321.781s][info][gc,task     ] GC(527) Using 2 workers of 2 for evacuation
[321.788s][info][gc,phases   ] GC(527)   Pre Evacuate Collection Set: 0.33ms
[321.788s][info][gc,phases   ] GC(527)   Merge Heap Roots: 0.14ms
[321.788s][info][gc,phases   ] GC(527)   Evacuate Collection Set: 5.77ms
[321.788s][info][gc,phases   ] GC(527)   Post Evacuate Collection Set: 0.75ms
[321.788s][info][gc,phases   ] GC(527)   Other: 0.09ms
[321.788s][info][gc,heap     ] GC(527) Eden regions: 490->0(490)
[321.788s][info][gc,heap     ] GC(527) Survivor regions: 6->6(62)
[321.788s][info][gc,heap     ] GC(527) Old regions: 55->55
[321.788s][info][gc,heap     ] GC(527) Humongous regions: 207->207
[321.788s][info][gc,metaspace] GC(527) Metaspace: 57111K(57408K)->57111K(57408K) NonClass: 51491K(51712K)->51491K(51712K) Class: 5619K(5696K)->5619K(5696K)
[321.788s][info][gc          ] GC(527) Pause Young (Normal) (G1 Evacuation Pause) 756M->266M(827M) 7.303ms
[321.789s][info][gc,cpu      ] GC(527) User=0.01s Sys=0.00s Real=0.00s
[322.965s][info][gc,start    ] GC(528) Pause Young (Normal) (G1 Evacuation Pause)
[322.965s][info][gc,task     ] GC(528) Using 2 workers of 2 for evacuation
[322.972s][info][gc,phases   ] GC(528)   Pre Evacuate Collection Set: 0.31ms
[322.972s][info][gc,phases   ] GC(528)   Merge Heap Roots: 0.15ms
[322.972s][info][gc,phases   ] GC(528)   Evacuate Collection Set: 5.67ms
[322.972s][info][gc,phases   ] GC(528)   Post Evacuate Collection Set: 0.75ms
[322.972s][info][gc,phases   ] GC(528)   Other: 0.10ms
[322.972s][info][gc,heap     ] GC(528) Eden regions: 490->0(490)
[322.972s][info][gc,heap     ] GC(528) Survivor regions: 6->6(62)
[322.972s][info][gc,heap     ] GC(528) Old regions: 55->55
[322.972s][info][gc,heap     ] GC(528) Humongous regions: 207->207
[322.972s][info][gc,metaspace] GC(528) Metaspace: 57111K(57408K)->57111K(57408K) NonClass: 51491K(51712K)->51491K(51712K) Class: 5619K(5696K)->5619K(5696K)
[322.972s][info][gc          ] GC(528) Pause Young (Normal) (G1 Evacuation Pause) 756M->267M(827M) 7.171ms
[322.972s][info][gc,cpu      ] GC(528) User=0.01s Sys=0.00s Real=0.01s
[324.124s][info][gc,start    ] GC(529) Pause Young (Normal) (G1 Evacuation Pause)
[324.124s][info][gc,task     ] GC(529) Using 2 workers of 2 for evacuation
[324.131s][info][gc,phases   ] GC(529)   Pre Evacuate Collection Set: 0.32ms
[324.131s][info][gc,phases   ] GC(529)   Merge Heap Roots: 0.15ms
[324.131s][info][gc,phases   ] GC(529)   Evacuate Collection Set: 5.97ms
[324.131s][info][gc,phases   ] GC(529)   Post Evacuate Collection Set: 0.76ms
[324.131s][info][gc,phases   ] GC(529)   Other: 0.10ms
[324.132s][info][gc,heap     ] GC(529) Eden regions: 490->0(490)
[324.132s][info][gc,heap     ] GC(529) Survivor regions: 6->6(62)
[324.132s][info][gc,heap     ] GC(529) Old regions: 55->55
[324.132s][info][gc,heap     ] GC(529) Humongous regions: 207->207
[324.132s][info][gc,metaspace] GC(529) Metaspace: 57111K(57408K)->57111K(57408K) NonClass: 51491K(51712K)->51491K(51712K) Class: 5619K(5696K)->5619K(5696K)
[324.132s][info][gc          ] GC(529) Pause Young (Normal) (G1 Evacuation Pause) 757M->267M(827M) 7.521ms
[324.132s][info][gc,cpu      ] GC(529) User=0.02s Sys=0.00s Real=0.01s
[324.474s][info][gc,start    ] GC(530) Pause Young (Concurrent Start) (G1 Humongous Allocation)
[324.474s][info][gc,task     ] GC(530) Using 2 workers of 2 for evacuation
[324.481s][info][gc,phases   ] GC(530)   Pre Evacuate Collection Set: 0.34ms
[324.481s][info][gc,phases   ] GC(530)   Merge Heap Roots: 0.11ms
[324.481s][info][gc,phases   ] GC(530)   Evacuate Collection Set: 5.74ms
[324.481s][info][gc,phases   ] GC(530)   Post Evacuate Collection Set: 0.50ms
[324.481s][info][gc,phases   ] GC(530)   Other: 0.09ms
[324.481s][info][gc,heap     ] GC(530) Eden regions: 163->0(490)
[324.481s][info][gc,heap     ] GC(530) Survivor regions: 6->6(62)
[324.481s][info][gc,heap     ] GC(530) Old regions: 55->55
[324.481s][info][gc,heap     ] GC(530) Humongous regions: 207->207
[324.481s][info][gc,metaspace] GC(530) Metaspace: 57118K(57408K)->57118K(57408K) NonClass: 51499K(51712K)->51499K(51712K) Class: 5619K(5696K)->5619K(5696K)
[324.481s][info][gc          ] GC(530) Pause Young (Concurrent Start) (G1 Humongous Allocation) 430M->267M(827M) 6.955ms
[324.481s][info][gc,cpu      ] GC(530) User=0.01s Sys=0.00s Real=0.01s
[324.481s][info][gc          ] GC(531) Concurrent Undo Cycle
[324.481s][info][gc,marking  ] GC(531) Concurrent Clear Claimed Marks
[324.481s][info][gc,marking  ] GC(531) Concurrent Clear Claimed Marks 0.097ms
[324.481s][info][gc,marking  ] GC(531) Concurrent Cleanup for Next Mark
[324.482s][info][gc,marking  ] GC(531) Concurrent Cleanup for Next Mark 0.659ms
[324.482s][info][gc          ] GC(531) Concurrent Undo Cycle 1.081ms
[324.620s][info][gc,start    ] GC(532) Pause Young (Concurrent Start) (G1 Humongous Allocation)
[324.620s][info][gc,task     ] GC(532) Using 2 workers of 2 for evacuation
[324.626s][info][gc,phases   ] GC(532)   Pre Evacuate Collection Set: 0.29ms
[324.626s][info][gc,phases   ] GC(532)   Merge Heap Roots: 0.08ms
[324.626s][info][gc,phases   ] GC(532)   Evacuate Collection Set: 5.55ms
[324.627s][info][gc,phases   ] GC(532)   Post Evacuate Collection Set: 0.43ms
[324.627s][info][gc,phases   ] GC(532)   Other: 0.09ms
[324.627s][info][gc,heap     ] GC(532) Eden regions: 2->0(472)
[324.627s][info][gc,heap     ] GC(532) Survivor regions: 6->6(62)
[324.627s][info][gc,heap     ] GC(532) Old regions: 55->55
[324.627s][info][gc,heap     ] GC(532) Humongous regions: 246->246
[324.627s][info][gc,metaspace] GC(532) Metaspace: 57118K(57408K)->57118K(57408K) NonClass: 51499K(51712K)->51499K(51712K) Class: 5619K(5696K)->5619K(5696K)
[324.627s][info][gc          ] GC(532) Pause Young (Concurrent Start) (G1 Humongous Allocation) 308M->305M(827M) 6.609ms
[324.627s][info][gc,cpu      ] GC(532) User=0.01s Sys=0.00s Real=0.01s
[324.627s][info][gc          ] GC(533) Concurrent Mark Cycle
[324.627s][info][gc,marking  ] GC(533) Concurrent Scan Root Regions
[324.632s][info][gc,marking  ] GC(533) Concurrent Scan Root Regions 5.731ms
[324.632s][info][gc,marking  ] GC(533) Concurrent Mark
[324.632s][info][gc,marking  ] GC(533) Concurrent Mark From Roots
[324.632s][info][gc,task     ] GC(533) Using 1 workers of 1 for marking
[324.674s][info][gc,marking  ] GC(533) Concurrent Mark From Roots 41.517ms
[324.674s][info][gc,marking  ] GC(533) Concurrent Preclean
[324.674s][info][gc,marking  ] GC(533) Concurrent Preclean 0.065ms
[324.674s][info][gc,start    ] GC(533) Pause Remark
[324.684s][info][gc          ] GC(533) Pause Remark 345M->339M(827M) 9.720ms
[324.684s][info][gc,cpu      ] GC(533) User=0.02s Sys=0.00s Real=0.01s
[324.684s][info][gc,marking  ] GC(533) Concurrent Mark 51.628ms
[324.684s][info][gc,marking  ] GC(533) Concurrent Rebuild Remembered Sets and Scrub Regions
[324.700s][info][gc,marking  ] GC(533) Concurrent Rebuild Remembered Sets and Scrub Regions 16.292ms
[324.701s][info][gc,start    ] GC(533) Pause Cleanup
[324.701s][info][gc          ] GC(533) Pause Cleanup 339M->339M(827M) 0.062ms
[324.701s][info][gc,cpu      ] GC(533) User=0.00s Sys=0.00s Real=0.00s
[324.701s][info][gc,marking  ] GC(533) Concurrent Clear Claimed Marks
[324.701s][info][gc,marking  ] GC(533) Concurrent Clear Claimed Marks 0.081ms
[324.701s][info][gc,marking  ] GC(533) Concurrent Cleanup for Next Mark
[324.705s][info][gc,marking  ] GC(533) Concurrent Cleanup for Next Mark 4.341ms
[324.705s][info][gc          ] GC(533) Concurrent Mark Cycle 78.483ms
[327.753s][info][gc,start    ] GC(534) Pause Young (Prepare Mixed) (G1 Evacuation Pause)
[327.753s][info][gc,task     ] GC(534) Using 2 workers of 2 for evacuation
[327.771s][info][gc,phases   ] GC(534)   Pre Evacuate Collection Set: 0.41ms
[327.771s][info][gc,phases   ] GC(534)   Merge Heap Roots: 0.39ms
[327.771s][info][gc,phases   ] GC(534)   Evacuate Collection Set: 16.23ms
[327.771s][info][gc,phases   ] GC(534)   Post Evacuate Collection Set: 0.91ms
[327.771s][info][gc,phases   ] GC(534)   Other: 0.09ms
[327.771s][info][gc,heap     ] GC(534) Eden regions: 409->0(489)
[327.771s][info][gc,heap     ] GC(534) Survivor regions: 6->16(60)
[327.771s][info][gc,heap     ] GC(534) Old regions: 49->49
[327.771s][info][gc,heap     ] GC(534) Humongous regions: 363->207
[327.771s][info][gc,metaspace] GC(534) Metaspace: 57335K(57664K)->57335K(57664K) NonClass: 51716K(51968K)->51716K(51968K) Class: 5619K(5696K)->5619K(5696K)
[327.771s][info][gc          ] GC(534) Pause Young (Prepare Mixed) (G1 Evacuation Pause) 825M->271M(843M) 18.254ms
[327.771s][info][gc,cpu      ] GC(534) User=0.02s Sys=0.02s Real=0.02s
[328.943s][info][gc,start    ] GC(535) Pause Young (Mixed) (G1 Evacuation Pause)
[328.943s][info][gc,task     ] GC(535) Using 2 workers of 2 for evacuation
[328.954s][info][gc,phases   ] GC(535)   Pre Evacuate Collection Set: 0.31ms
[328.954s][info][gc,phases   ] GC(535)   Merge Heap Roots: 0.16ms
[328.954s][info][gc,phases   ] GC(535)   Evacuate Collection Set: 9.95ms
[328.954s][info][gc,phases   ] GC(535)   Post Evacuate Collection Set: 0.89ms
[328.954s][info][gc,phases   ] GC(535)   Other: 0.10ms
[328.954s][info][gc,heap     ] GC(535) Eden regions: 489->0(488)
[328.954s][info][gc,heap     ] GC(535) Survivor regions: 16->17(64)
[328.954s][info][gc,heap     ] GC(535) Old regions: 49->46
[328.954s][info][gc,heap     ] GC(535) Humongous regions: 207->207
[328.954s][info][gc,metaspace] GC(535) Metaspace: 57335K(57664K)->57335K(57664K) NonClass: 51716K(51968K)->51716K(51968K) Class: 5619K(5696K)->5619K(5696K)
[328.954s][info][gc          ] GC(535) Pause Young (Mixed) (G1 Evacuation Pause) 760M->269M(843M) 11.609ms
[328.954s][info][gc,cpu      ] GC(535) User=0.02s Sys=0.00s Real=0.01s
[330.140s][info][gc,start    ] GC(536) Pause Young (Concurrent Start) (G1 Evacuation Pause)
[330.141s][info][gc,task     ] GC(536) Using 2 workers of 2 for evacuation
[330.152s][info][gc,phases   ] GC(536)   Pre Evacuate Collection Set: 0.32ms
[330.152s][info][gc,phases   ] GC(536)   Merge Heap Roots: 0.15ms
[330.152s][info][gc,phases   ] GC(536)   Evacuate Collection Set: 9.82ms
[330.152s][info][gc,phases   ] GC(536)   Post Evacuate Collection Set: 0.88ms
[330.152s][info][gc,phases   ] GC(536)   Other: 0.13ms
[330.152s][info][gc,heap     ] GC(536) Eden regions: 488->0(488)
[330.152s][info][gc,heap     ] GC(536) Survivor regions: 17->17(64)
[330.152s][info][gc,heap     ] GC(536) Old regions: 46->46
[330.152s][info][gc,heap     ] GC(536) Humongous regions: 207->207
[330.152s][info][gc,metaspace] GC(536) Metaspace: 57335K(57664K)->57335K(57664K) NonClass: 51716K(51968K)->51716K(51968K) Class: 5619K(5696K)->5619K(5696K)
[330.152s][info][gc          ] GC(536) Pause Young (Concurrent Start) (G1 Evacuation Pause) 757M->269M(843M) 11.489ms
[330.152s][info][gc,cpu      ] GC(536) User=0.03s Sys=0.00s Real=0.01s
[330.152s][info][gc          ] GC(537) Concurrent Mark Cycle
[330.152s][info][gc,marking  ] GC(537) Concurrent Scan Root Regions
[330.164s][info][gc,marking  ] GC(537) Concurrent Scan Root Regions 12.076ms
[330.164s][info][gc,marking  ] GC(537) Concurrent Mark
[330.164s][info][gc,marking  ] GC(537) Concurrent Mark From Roots
[330.164s][info][gc,task     ] GC(537) Using 1 workers of 1 for marking
[330.211s][info][gc,marking  ] GC(537) Concurrent Mark From Roots 46.294ms
[330.211s][info][gc,marking  ] GC(537) Concurrent Preclean
[330.211s][info][gc,marking  ] GC(537) Concurrent Preclean 0.045ms
[330.211s][info][gc,start    ] GC(537) Pause Remark
[330.221s][info][gc          ] GC(537) Pause Remark 288M->288M(843M) 10.171ms
[330.221s][info][gc,cpu      ] GC(537) User=0.02s Sys=0.00s Real=0.01s
[330.221s][info][gc,marking  ] GC(537) Concurrent Mark 57.258ms
[330.222s][info][gc,marking  ] GC(537) Concurrent Rebuild Remembered Sets and Scrub Regions
[330.256s][info][gc,marking  ] GC(537) Concurrent Rebuild Remembered Sets and Scrub Regions 34.604ms
[330.256s][info][gc,start    ] GC(537) Pause Cleanup
[330.256s][info][gc          ] GC(537) Pause Cleanup 317M->317M(843M) 0.096ms
[330.256s][info][gc,cpu      ] GC(537) User=0.00s Sys=0.00s Real=0.00s
[330.256s][info][gc,marking  ] GC(537) Concurrent Clear Claimed Marks
[330.257s][info][gc,marking  ] GC(537) Concurrent Clear Claimed Marks 0.099ms
[330.257s][info][gc,marking  ] GC(537) Concurrent Cleanup for Next Mark
[330.262s][info][gc,marking  ] GC(537) Concurrent Cleanup for Next Mark 5.000ms
[330.262s][info][gc          ] GC(537) Concurrent Mark Cycle 109.551ms
[331.335s][info][gc,start    ] GC(538) Pause Young (Prepare Mixed) (G1 Evacuation Pause)
[331.335s][info][gc,task     ] GC(538) Using 2 workers of 2 for evacuation
[331.345s][info][gc,phases   ] GC(538)   Pre Evacuate Collection Set: 0.30ms
[331.345s][info][gc,phases   ] GC(538)   Merge Heap Roots: 0.21ms
[331.345s][info][gc,phases   ] GC(538)   Evacuate Collection Set: 8.71ms
[331.345s][info][gc,phases   ] GC(538)   Post Evacuate Collection Set: 0.88ms
[331.345s][info][gc,phases   ] GC(538)   Other: 0.10ms
[331.345s][info][gc,heap     ] GC(538) Eden regions: 488->0(489)
[331.345s][info][gc,heap     ] GC(538) Survivor regions: 17->16(64)
[331.345s][info][gc,heap     ] GC(538) Old regions: 46->46
[331.345s][info][gc,heap     ] GC(538) Humongous regions: 207->207
[331.345s][info][gc,metaspace] GC(538) Metaspace: 57335K(57664K)->57335K(57664K) NonClass: 51716K(51968K)->51716K(51968K) Class: 5619K(5696K)->5619K(5696K)
[331.345s][info][gc          ] GC(538) Pause Young (Prepare Mixed) (G1 Evacuation Pause) 757M->268M(843M) 10.396ms
[331.345s][info][gc,cpu      ] GC(538) User=0.02s Sys=0.00s Real=0.01s
[332.533s][info][gc,start    ] GC(539) Pause Young (Mixed) (G1 Evacuation Pause)
[332.534s][info][gc,task     ] GC(539) Using 2 workers of 2 for evacuation
[332.543s][info][gc,phases   ] GC(539)   Pre Evacuate Collection Set: 0.29ms
[332.543s][info][gc,phases   ] GC(539)   Merge Heap Roots: 0.14ms
[332.543s][info][gc,phases   ] GC(539)   Evacuate Collection Set: 8.06ms
[332.543s][info][gc,phases   ] GC(539)   Post Evacuate Collection Set: 0.85ms
[332.543s][info][gc,phases   ] GC(539)   Other: 0.09ms
[332.543s][info][gc,heap     ] GC(539) Eden regions: 489->0(489)
[332.543s][info][gc,heap     ] GC(539) Survivor regions: 16->16(64)
[332.543s][info][gc,heap     ] GC(539) Old regions: 46->43
[332.543s][info][gc,heap     ] GC(539) Humongous regions: 207->207
[332.543s][info][gc,metaspace] GC(539) Metaspace: 57335K(57664K)->57335K(57664K) NonClass: 51716K(51968K)->51716K(51968K) Class: 5619K(5696K)->5619K(5696K)
[332.543s][info][gc          ] GC(539) Pause Young (Mixed) (G1 Evacuation Pause) 757M->265M(843M) 9.656ms
[332.543s][info][gc,cpu      ] GC(539) User=0.02s Sys=0.00s Real=0.01s
[333.772s][info][gc,start    ] GC(540) Pause Young (Concurrent Start) (G1 Evacuation Pause)
[333.772s][info][gc,task     ] GC(540) Using 2 workers of 2 for evacuation
[333.782s][info][gc,phases   ] GC(540)   Pre Evacuate Collection Set: 0.30ms
[333.782s][info][gc,phases   ] GC(540)   Merge Heap Roots: 0.16ms
[333.782s][info][gc,phases   ] GC(540)   Evacuate Collection Set: 7.61ms
[333.782s][info][gc,phases   ] GC(540)   Post Evacuate Collection Set: 0.87ms
[333.782s][info][gc,phases   ] GC(540)   Other: 0.11ms
[333.782s][info][gc,heap     ] GC(540) Eden regions: 489->0(490)
[333.782s][info][gc,heap     ] GC(540) Survivor regions: 16->15(64)
[333.782s][info][gc,heap     ] GC(540) Old regions: 43->43
[333.782s][info][gc,heap     ] GC(540) Humongous regions: 207->207
[333.782s][info][gc,metaspace] GC(540) Metaspace: 57335K(57664K)->57335K(57664K) NonClass: 51716K(51968K)->51716K(51968K) Class: 5619K(5696K)->5619K(5696K)
[333.782s][info][gc          ] GC(540) Pause Young (Concurrent Start) (G1 Evacuation Pause) 754M->264M(843M) 9.277ms
[333.782s][info][gc,cpu      ] GC(540) User=0.02s Sys=0.01s Real=0.01s
[333.782s][info][gc          ] GC(541) Concurrent Mark Cycle
[333.782s][info][gc,marking  ] GC(541) Concurrent Scan Root Regions
[333.792s][info][gc,marking  ] GC(541) Concurrent Scan Root Regions 10.661ms
[333.792s][info][gc,marking  ] GC(541) Concurrent Mark
[333.792s][info][gc,marking  ] GC(541) Concurrent Mark From Roots
[333.792s][info][gc,task     ] GC(541) Using 1 workers of 1 for marking
[333.867s][info][gc,marking  ] GC(541) Concurrent Mark From Roots 74.509ms
[333.867s][info][gc,marking  ] GC(541) Concurrent Preclean
[333.867s][info][gc,marking  ] GC(541) Concurrent Preclean 0.050ms
[333.868s][info][gc,start    ] GC(541) Pause Remark
[333.878s][info][gc          ] GC(541) Pause Remark 319M->319M(843M) 10.260ms
[333.878s][info][gc,cpu      ] GC(541) User=0.02s Sys=0.00s Real=0.01s
[333.878s][info][gc,marking  ] GC(541) Concurrent Mark 85.534ms
[333.878s][info][gc,marking  ] GC(541) Concurrent Rebuild Remembered Sets and Scrub Regions
[333.905s][info][gc,marking  ] GC(541) Concurrent Rebuild Remembered Sets and Scrub Regions 26.733ms
[333.905s][info][gc,start    ] GC(541) Pause Cleanup
[333.905s][info][gc          ] GC(541) Pause Cleanup 331M->331M(843M) 0.087ms
[333.905s][info][gc,cpu      ] GC(541) User=0.00s Sys=0.00s Real=0.00s
[333.905s][info][gc,marking  ] GC(541) Concurrent Clear Claimed Marks
[333.905s][info][gc,marking  ] GC(541) Concurrent Clear Claimed Marks 0.143ms
[333.905s][info][gc,marking  ] GC(541) Concurrent Cleanup for Next Mark
[333.908s][info][gc,marking  ] GC(541) Concurrent Cleanup for Next Mark 2.533ms
[333.908s][info][gc          ] GC(541) Concurrent Mark Cycle 126.079ms
[334.954s][info][gc,start    ] GC(542) Pause Young (Prepare Mixed) (G1 Evacuation Pause)
[334.955s][info][gc,task     ] GC(542) Using 2 workers of 2 for evacuation
[334.969s][info][gc,phases   ] GC(542)   Pre Evacuate Collection Set: 0.30ms
[334.969s][info][gc,phases   ] GC(542)   Merge Heap Roots: 0.16ms
[334.969s][info][gc,phases   ] GC(542)   Evacuate Collection Set: 13.33ms
[334.969s][info][gc,phases   ] GC(542)   Post Evacuate Collection Set: 0.90ms
[334.969s][info][gc,phases   ] GC(542)   Other: 0.09ms
[334.969s][info][gc,heap     ] GC(542) Eden regions: 490->0(484)
[334.969s][info][gc,heap     ] GC(542) Survivor regions: 15->21(64)
[334.969s][info][gc,heap     ] GC(542) Old regions: 43->43
[334.969s][info][gc,heap     ] GC(542) Humongous regions: 207->207
[334.969s][info][gc,metaspace] GC(542) Metaspace: 57335K(57664K)->57335K(57664K) NonClass: 51716K(51968K)->51716K(51968K) Class: 5619K(5696K)->5619K(5696K)
[334.969s][info][gc          ] GC(542) Pause Young (Prepare Mixed) (G1 Evacuation Pause) 754M->270M(843M) 14.972ms
[334.969s][info][gc,cpu      ] GC(542) User=0.03s Sys=0.00s Real=0.01s
[336.125s][info][gc,start    ] GC(543) Pause Young (Mixed) (G1 Evacuation Pause)
[336.125s][info][gc,task     ] GC(543) Using 2 workers of 2 for evacuation
[336.134s][info][gc,phases   ] GC(543)   Pre Evacuate Collection Set: 0.30ms
[336.134s][info][gc,phases   ] GC(543)   Merge Heap Roots: 0.15ms
[336.134s][info][gc,phases   ] GC(543)   Evacuate Collection Set: 7.45ms
[336.134s][info][gc,phases   ] GC(543)   Post Evacuate Collection Set: 0.85ms
[336.134s][info][gc,phases   ] GC(543)   Other: 0.08ms
[336.134s][info][gc,heap     ] GC(543) Eden regions: 484->0(487)
[336.134s][info][gc,heap     ] GC(543) Survivor regions: 21->18(64)
[336.134s][info][gc,heap     ] GC(543) Old regions: 43->41
[336.134s][info][gc,heap     ] GC(543) Humongous regions: 207->207
[336.134s][info][gc,metaspace] GC(543) Metaspace: 57335K(57664K)->57335K(57664K) NonClass: 51716K(51968K)->51716K(51968K) Class: 5619K(5696K)->5619K(5696K)
[336.134s][info][gc          ] GC(543) Pause Young (Mixed) (G1 Evacuation Pause) 754M->265M(843M) 9.017ms
[336.134s][info][gc,cpu      ] GC(543) User=0.01s Sys=0.00s Real=0.01s
[337.323s][info][gc,start    ] GC(544) Pause Young (Concurrent Start) (G1 Evacuation Pause)
[337.323s][info][gc,task     ] GC(544) Using 2 workers of 2 for evacuation
[337.331s][info][gc,phases   ] GC(544)   Pre Evacuate Collection Set: 0.33ms
[337.331s][info][gc,phases   ] GC(544)   Merge Heap Roots: 0.14ms
[337.331s][info][gc,phases   ] GC(544)   Evacuate Collection Set: 6.77ms
[337.331s][info][gc,phases   ] GC(544)   Post Evacuate Collection Set: 0.85ms
[337.331s][info][gc,phases   ] GC(544)   Other: 0.11ms
[337.331s][info][gc,heap     ] GC(544) Eden regions: 487->0(488)
[337.331s][info][gc,heap     ] GC(544) Survivor regions: 18->17(64)
[337.331s][info][gc,heap     ] GC(544) Old regions: 41->42
[337.331s][info][gc,heap     ] GC(544) Humongous regions: 207->207
[337.331s][info][gc,metaspace] GC(544) Metaspace: 57335K(57664K)->57335K(57664K) NonClass: 51716K(51968K)->51716K(51968K) Class: 5619K(5696K)->5619K(5696K)
[337.331s][info][gc          ] GC(544) Pause Young (Concurrent Start) (G1 Evacuation Pause) 752M->264M(843M) 8.441ms
[337.331s][info][gc,cpu      ] GC(544) User=0.02s Sys=0.00s Real=0.01s
[337.331s][info][gc          ] GC(545) Concurrent Mark Cycle
[337.331s][info][gc,marking  ] GC(545) Concurrent Scan Root Regions
[337.339s][info][gc,marking  ] GC(545) Concurrent Scan Root Regions 7.897ms
[337.339s][info][gc,marking  ] GC(545) Concurrent Mark
[337.339s][info][gc,marking  ] GC(545) Concurrent Mark From Roots
[337.339s][info][gc,task     ] GC(545) Using 1 workers of 1 for marking
[337.393s][info][gc,marking  ] GC(545) Concurrent Mark From Roots 53.205ms
[337.393s][info][gc,marking  ] GC(545) Concurrent Preclean
[337.393s][info][gc,marking  ] GC(545) Concurrent Preclean 0.048ms
[337.393s][info][gc,start    ] GC(545) Pause Remark
[337.403s][info][gc          ] GC(545) Pause Remark 302M->302M(843M) 9.753ms
[337.403s][info][gc,cpu      ] GC(545) User=0.02s Sys=0.00s Real=0.01s
[337.403s][info][gc,marking  ] GC(545) Concurrent Mark 63.340ms
[337.403s][info][gc,marking  ] GC(545) Concurrent Rebuild Remembered Sets and Scrub Regions
[337.418s][info][gc,marking  ] GC(545) Concurrent Rebuild Remembered Sets and Scrub Regions 15.269ms
[337.418s][info][gc,start    ] GC(545) Pause Cleanup
[337.418s][info][gc          ] GC(545) Pause Cleanup 302M->302M(843M) 0.067ms
[337.418s][info][gc,cpu      ] GC(545) User=0.00s Sys=0.00s Real=0.00s
[337.418s][info][gc,marking  ] GC(545) Concurrent Clear Claimed Marks
[337.418s][info][gc,marking  ] GC(545) Concurrent Clear Claimed Marks 0.082ms
[337.418s][info][gc,marking  ] GC(545) Concurrent Cleanup for Next Mark
[337.425s][info][gc,marking  ] GC(545) Concurrent Cleanup for Next Mark 6.552ms
[337.425s][info][gc          ] GC(545) Concurrent Mark Cycle 93.487ms
[338.466s][info][gc,start    ] GC(546) Pause Young (Prepare Mixed) (G1 Evacuation Pause)
[338.466s][info][gc,task     ] GC(546) Using 2 workers of 2 for evacuation
[338.474s][info][gc,phases   ] GC(546)   Pre Evacuate Collection Set: 0.30ms
[338.474s][info][gc,phases   ] GC(546)   Merge Heap Roots: 0.17ms
[338.474s][info][gc,phases   ] GC(546)   Evacuate Collection Set: 6.31ms
[338.474s][info][gc,phases   ] GC(546)   Post Evacuate Collection Set: 0.83ms
[338.474s][info][gc,phases   ] GC(546)   Other: 0.09ms
[338.474s][info][gc,heap     ] GC(546) Eden regions: 488->0(489)
[338.474s][info][gc,heap     ] GC(546) Survivor regions: 17->16(64)
[338.474s][info][gc,heap     ] GC(546) Old regions: 42->42
[338.474s][info][gc,heap     ] GC(546) Humongous regions: 207->207
[338.474s][info][gc,metaspace] GC(546) Metaspace: 57335K(57664K)->57335K(57664K) NonClass: 51716K(51968K)->51716K(51968K) Class: 5619K(5696K)->5619K(5696K)
[338.474s][info][gc          ] GC(546) Pause Young (Prepare Mixed) (G1 Evacuation Pause) 752M->264M(843M) 7.879ms
[338.474s][info][gc,cpu      ] GC(546) User=0.01s Sys=0.00s Real=0.01s
[339.687s][info][gc,start    ] GC(547) Pause Young (Mixed) (G1 Evacuation Pause)
[339.687s][info][gc,task     ] GC(547) Using 2 workers of 2 for evacuation
[339.696s][info][gc,phases   ] GC(547)   Pre Evacuate Collection Set: 0.61ms
[339.696s][info][gc,phases   ] GC(547)   Merge Heap Roots: 0.18ms
[339.696s][info][gc,phases   ] GC(547)   Evacuate Collection Set: 7.73ms
[339.696s][info][gc,phases   ] GC(547)   Post Evacuate Collection Set: 0.82ms
[339.696s][info][gc,phases   ] GC(547)   Other: 0.11ms
[339.696s][info][gc,heap     ] GC(547) Eden regions: 489->0(488)
[339.696s][info][gc,heap     ] GC(547) Survivor regions: 16->17(64)
[339.696s][info][gc,heap     ] GC(547) Old regions: 42->40
[339.696s][info][gc,heap     ] GC(547) Humongous regions: 207->207
[339.696s][info][gc,metaspace] GC(547) Metaspace: 57335K(57664K)->57335K(57664K) NonClass: 51716K(51968K)->51716K(51968K) Class: 5619K(5696K)->5619K(5696K)
[339.696s][info][gc          ] GC(547) Pause Young (Mixed) (G1 Evacuation Pause) 752M->262M(843M) 9.685ms
[339.696s][info][gc,cpu      ] GC(547) User=0.02s Sys=0.00s Real=0.01s
[340.860s][info][gc,start    ] GC(548) Pause Young (Concurrent Start) (G1 Evacuation Pause)
[340.860s][info][gc,task     ] GC(548) Using 2 workers of 2 for evacuation
[340.870s][info][gc,phases   ] GC(548)   Pre Evacuate Collection Set: 0.31ms
[340.870s][info][gc,phases   ] GC(548)   Merge Heap Roots: 0.18ms
[340.870s][info][gc,phases   ] GC(548)   Evacuate Collection Set: 8.18ms
[340.870s][info][gc,phases   ] GC(548)   Post Evacuate Collection Set: 0.88ms
[340.870s][info][gc,phases   ] GC(548)   Other: 0.12ms
[340.870s][info][gc,heap     ] GC(548) Eden regions: 488->0(488)
[340.870s][info][gc,heap     ] GC(548) Survivor regions: 17->17(64)
[340.870s][info][gc,heap     ] GC(548) Old regions: 40->40
[340.870s][info][gc,heap     ] GC(548) Humongous regions: 207->207
[340.870s][info][gc,metaspace] GC(548) Metaspace: 57335K(57664K)->57335K(57664K) NonClass: 51716K(51968K)->51716K(51968K) Class: 5619K(5696K)->5619K(5696K)
[340.870s][info][gc          ] GC(548) Pause Young (Concurrent Start) (G1 Evacuation Pause) 750M->263M(843M) 9.847ms
[340.870s][info][gc,cpu      ] GC(548) User=0.02s Sys=0.00s Real=0.01s
[340.870s][info][gc          ] GC(549) Concurrent Mark Cycle
[340.870s][info][gc,marking  ] GC(549) Concurrent Scan Root Regions
[340.877s][info][gc,marking  ] GC(549) Concurrent Scan Root Regions 6.960ms
[340.877s][info][gc,marking  ] GC(549) Concurrent Mark
[340.877s][info][gc,marking  ] GC(549) Concurrent Mark From Roots
[340.877s][info][gc,task     ] GC(549) Using 1 workers of 1 for marking
[340.918s][info][gc,marking  ] GC(549) Concurrent Mark From Roots 40.881ms
[340.918s][info][gc,marking  ] GC(549) Concurrent Preclean
[340.918s][info][gc,marking  ] GC(549) Concurrent Preclean 0.044ms
[340.918s][info][gc,start    ] GC(549) Pause Remark
[340.928s][info][gc          ] GC(549) Pause Remark 270M->270M(843M) 9.762ms
[340.928s][info][gc,cpu      ] GC(549) User=0.02s Sys=0.00s Real=0.01s
[340.928s][info][gc,marking  ] GC(549) Concurrent Mark 51.191ms
[340.928s][info][gc,marking  ] GC(549) Concurrent Rebuild Remembered Sets and Scrub Regions
[340.964s][info][gc,marking  ] GC(549) Concurrent Rebuild Remembered Sets and Scrub Regions 36.390ms
[340.965s][info][gc,start    ] GC(549) Pause Cleanup
[340.965s][info][gc          ] GC(549) Pause Cleanup 297M->297M(843M) 0.078ms
[340.965s][info][gc,cpu      ] GC(549) User=0.00s Sys=0.00s Real=0.00s
[340.965s][info][gc,marking  ] GC(549) Concurrent Clear Claimed Marks
[340.965s][info][gc,marking  ] GC(549) Concurrent Clear Claimed Marks 0.086ms
[340.965s][info][gc,marking  ] GC(549) Concurrent Cleanup for Next Mark
[340.969s][info][gc,marking  ] GC(549) Concurrent Cleanup for Next Mark 4.676ms
[340.969s][info][gc          ] GC(549) Concurrent Mark Cycle 99.678ms
[342.049s][info][gc,start    ] GC(550) Pause Young (Prepare Mixed) (G1 Evacuation Pause)
[342.049s][info][gc,task     ] GC(550) Using 2 workers of 2 for evacuation
[342.070s][info][gc,phases   ] GC(550)   Pre Evacuate Collection Set: 0.53ms
[342.070s][info][gc,phases   ] GC(550)   Merge Heap Roots: 0.20ms
[342.070s][info][gc,phases   ] GC(550)   Evacuate Collection Set: 18.48ms
[342.070s][info][gc,phases   ] GC(550)   Post Evacuate Collection Set: 1.37ms
[342.070s][info][gc,phases   ] GC(550)   Other: 0.10ms
[342.070s][info][gc,heap     ] GC(550) Eden regions: 488->0(487)
[342.070s][info][gc,heap     ] GC(550) Survivor regions: 17->18(64)
[342.070s][info][gc,heap     ] GC(550) Old regions: 40->40
[342.070s][info][gc,heap     ] GC(550) Humongous regions: 207->207
[342.070s][info][gc,metaspace] GC(550) Metaspace: 57335K(57664K)->57335K(57664K) NonClass: 51716K(51968K)->51716K(51968K) Class: 5619K(5696K)->5619K(5696K)
[342.070s][info][gc          ] GC(550) Pause Young (Prepare Mixed) (G1 Evacuation Pause) 751M->264M(843M) 20.895ms
[342.070s][info][gc,cpu      ] GC(550) User=0.02s Sys=0.00s Real=0.02s
[343.237s][info][gc,start    ] GC(551) Pause Young (Mixed) (G1 Evacuation Pause)
[343.237s][info][gc,task     ] GC(551) Using 2 workers of 2 for evacuation
[343.249s][info][gc,phases   ] GC(551)   Pre Evacuate Collection Set: 0.31ms
[343.249s][info][gc,phases   ] GC(551)   Merge Heap Roots: 0.16ms
[343.249s][info][gc,phases   ] GC(551)   Evacuate Collection Set: 11.07ms
[343.249s][info][gc,phases   ] GC(551)   Post Evacuate Collection Set: 0.89ms
[343.249s][info][gc,phases   ] GC(551)   Other: 0.09ms
[343.250s][info][gc,heap     ] GC(551) Eden regions: 487->0(486)
[343.250s][info][gc,heap     ] GC(551) Survivor regions: 18->19(64)
[343.250s][info][gc,heap     ] GC(551) Old regions: 40->39
[343.250s][info][gc,heap     ] GC(551) Humongous regions: 207->207
[343.250s][info][gc,metaspace] GC(551) Metaspace: 57335K(57664K)->57335K(57664K) NonClass: 51716K(51968K)->51716K(51968K) Class: 5619K(5696K)->5619K(5696K)
[343.250s][info][gc          ] GC(551) Pause Young (Mixed) (G1 Evacuation Pause) 751M->264M(843M) 12.745ms
[343.250s][info][gc,cpu      ] GC(551) User=0.02s Sys=0.00s Real=0.01s
[344.438s][info][gc,start    ] GC(552) Pause Young (Concurrent Start) (G1 Evacuation Pause)
[344.439s][info][gc,task     ] GC(552) Using 2 workers of 2 for evacuation
[344.449s][info][gc,phases   ] GC(552)   Pre Evacuate Collection Set: 0.34ms
[344.449s][info][gc,phases   ] GC(552)   Merge Heap Roots: 0.14ms
[344.449s][info][gc,phases   ] GC(552)   Evacuate Collection Set: 8.60ms
[344.449s][info][gc,phases   ] GC(552)   Post Evacuate Collection Set: 0.85ms
[344.449s][info][gc,phases   ] GC(552)   Other: 0.12ms
[344.449s][info][gc,heap     ] GC(552) Eden regions: 486->0(487)
[344.449s][info][gc,heap     ] GC(552) Survivor regions: 19->18(64)
[344.449s][info][gc,heap     ] GC(552) Old regions: 39->39
[344.449s][info][gc,heap     ] GC(552) Humongous regions: 207->207
[344.449s][info][gc,metaspace] GC(552) Metaspace: 57335K(57664K)->57335K(57664K) NonClass: 51716K(51968K)->51716K(51968K) Class: 5619K(5696K)->5619K(5696K)
[344.449s][info][gc          ] GC(552) Pause Young (Concurrent Start) (G1 Evacuation Pause) 750M->263M(843M) 10.248ms
[344.449s][info][gc          ] GC(553) Concurrent Mark Cycle
[344.449s][info][gc,marking  ] GC(553) Concurrent Scan Root Regions
[344.449s][info][gc,cpu      ] GC(552) User=0.02s Sys=0.00s Real=0.01s
[344.458s][info][gc,marking  ] GC(553) Concurrent Scan Root Regions 9.697ms
[344.458s][info][gc,marking  ] GC(553) Concurrent Mark
[344.458s][info][gc,marking  ] GC(553) Concurrent Mark From Roots
[344.458s][info][gc,task     ] GC(553) Using 1 workers of 1 for marking
[344.507s][info][gc,marking  ] GC(553) Concurrent Mark From Roots 48.824ms
[344.507s][info][gc,marking  ] GC(553) Concurrent Preclean
[344.507s][info][gc,marking  ] GC(553) Concurrent Preclean 0.050ms
[344.508s][info][gc,start    ] GC(553) Pause Remark
[344.518s][info][gc          ] GC(553) Pause Remark 288M->278M(843M) 10.737ms
[344.518s][info][gc,cpu      ] GC(553) User=0.02s Sys=0.00s Real=0.01s
[344.519s][info][gc,marking  ] GC(553) Concurrent Mark 60.118ms
[344.519s][info][gc,marking  ] GC(553) Concurrent Rebuild Remembered Sets and Scrub Regions
[344.533s][info][gc,marking  ] GC(553) Concurrent Rebuild Remembered Sets and Scrub Regions 14.603ms
[344.533s][info][gc,start    ] GC(553) Pause Cleanup
[344.533s][info][gc          ] GC(553) Pause Cleanup 286M->286M(843M) 0.088ms
[344.533s][info][gc,cpu      ] GC(553) User=0.00s Sys=0.00s Real=0.00s
[344.534s][info][gc,marking  ] GC(553) Concurrent Clear Claimed Marks
[344.534s][info][gc,marking  ] GC(553) Concurrent Clear Claimed Marks 0.085ms
[344.534s][info][gc,marking  ] GC(553) Concurrent Cleanup for Next Mark
[344.536s][info][gc,marking  ] GC(553) Concurrent Cleanup for Next Mark 2.479ms
[344.536s][info][gc          ] GC(553) Concurrent Mark Cycle 87.378ms
[345.638s][info][gc,start    ] GC(554) Pause Young (Prepare Mixed) (G1 Evacuation Pause)
[345.638s][info][gc,task     ] GC(554) Using 2 workers of 2 for evacuation
[345.649s][info][gc,phases   ] GC(554)   Pre Evacuate Collection Set: 0.30ms
[345.649s][info][gc,phases   ] GC(554)   Merge Heap Roots: 0.17ms
[345.649s][info][gc,phases   ] GC(554)   Evacuate Collection Set: 8.75ms
[345.649s][info][gc,phases   ] GC(554)   Post Evacuate Collection Set: 0.88ms
[345.649s][info][gc,phases   ] GC(554)   Other: 0.09ms
[345.649s][info][gc,heap     ] GC(554) Eden regions: 487->0(499)
[345.649s][info][gc,heap     ] GC(554) Survivor regions: 18->6(64)
[345.649s][info][gc,heap     ] GC(554) Old regions: 29->41
[345.649s][info][gc,heap     ] GC(554) Humongous regions: 207->207
[345.649s][info][gc,metaspace] GC(554) Metaspace: 57335K(57664K)->57335K(57664K) NonClass: 51716K(51968K)->51716K(51968K) Class: 5619K(5696K)->5619K(5696K)
[345.649s][info][gc          ] GC(554) Pause Young (Prepare Mixed) (G1 Evacuation Pause) 740M->253M(843M) 10.412ms
[345.649s][info][gc,cpu      ] GC(554) User=0.02s Sys=0.00s Real=0.01s
[346.839s][info][gc,start    ] GC(555) Pause Young (Mixed) (G1 Evacuation Pause)
[346.839s][info][gc,task     ] GC(555) Using 2 workers of 2 for evacuation
[346.846s][info][gc,phases   ] GC(555)   Pre Evacuate Collection Set: 0.32ms
[346.846s][info][gc,phases   ] GC(555)   Merge Heap Roots: 0.17ms
[346.846s][info][gc,phases   ] GC(555)   Evacuate Collection Set: 5.48ms
[346.846s][info][gc,phases   ] GC(555)   Post Evacuate Collection Set: 0.78ms
[346.846s][info][gc,phases   ] GC(555)   Other: 0.13ms
[346.846s][info][gc,heap     ] GC(555) Eden regions: 499->0(499)
[346.846s][info][gc,heap     ] GC(555) Survivor regions: 6->6(64)
[346.846s][info][gc,heap     ] GC(555) Old regions: 41->39
[346.846s][info][gc,heap     ] GC(555) Humongous regions: 207->207
[346.846s][info][gc,metaspace] GC(555) Metaspace: 57335K(57664K)->57335K(57664K) NonClass: 51716K(51968K)->51716K(51968K) Class: 5619K(5696K)->5619K(5696K)
[346.846s][info][gc          ] GC(555) Pause Young (Mixed) (G1 Evacuation Pause) 752M->251M(843M) 7.075ms
[346.846s][info][gc,cpu      ] GC(555) User=0.02s Sys=0.00s Real=0.01s
[348.055s][info][gc,start    ] GC(556) Pause Young (Concurrent Start) (G1 Evacuation Pause)
[348.055s][info][gc,task     ] GC(556) Using 2 workers of 2 for evacuation
[348.062s][info][gc,phases   ] GC(556)   Pre Evacuate Collection Set: 0.30ms
[348.062s][info][gc,phases   ] GC(556)   Merge Heap Roots: 0.14ms
[348.062s][info][gc,phases   ] GC(556)   Evacuate Collection Set: 5.52ms
[348.062s][info][gc,phases   ] GC(556)   Post Evacuate Collection Set: 0.79ms
[348.062s][info][gc,phases   ] GC(556)   Other: 0.16ms
[348.062s][info][gc,heap     ] GC(556) Eden regions: 499->0(499)
[348.062s][info][gc,heap     ] GC(556) Survivor regions: 6->6(64)
[348.062s][info][gc,heap     ] GC(556) Old regions: 39->40
[348.062s][info][gc,heap     ] GC(556) Humongous regions: 207->207
[348.062s][info][gc,metaspace] GC(556) Metaspace: 57335K(57664K)->57335K(57664K) NonClass: 51716K(51968K)->51716K(51968K) Class: 5619K(5696K)->5619K(5696K)
[348.062s][info][gc          ] GC(556) Pause Young (Concurrent Start) (G1 Evacuation Pause) 750M->252M(843M) 7.114ms
[348.062s][info][gc          ] GC(557) Concurrent Mark Cycle
[348.063s][info][gc,marking  ] GC(557) Concurrent Scan Root Regions
[348.063s][info][gc,cpu      ] GC(556) User=0.01s Sys=0.00s Real=0.01s
[348.068s][info][gc,marking  ] GC(557) Concurrent Scan Root Regions 5.064ms
[348.068s][info][gc,marking  ] GC(557) Concurrent Mark
[348.068s][info][gc,marking  ] GC(557) Concurrent Mark From Roots
[348.068s][info][gc,task     ] GC(557) Using 1 workers of 1 for marking
[348.115s][info][gc,marking  ] GC(557) Concurrent Mark From Roots 47.208ms
[348.115s][info][gc,marking  ] GC(557) Concurrent Preclean
[348.115s][info][gc,marking  ] GC(557) Concurrent Preclean 0.060ms
[348.115s][info][gc,start    ] GC(557) Pause Remark
[348.125s][info][gc          ] GC(557) Pause Remark 264M->264M(843M) 9.856ms
[348.125s][info][gc,cpu      ] GC(557) User=0.02s Sys=0.00s Real=0.01s
[348.125s][info][gc,marking  ] GC(557) Concurrent Mark 57.346ms
[348.125s][info][gc,marking  ] GC(557) Concurrent Rebuild Remembered Sets and Scrub Regions
[348.141s][info][gc,marking  ] GC(557) Concurrent Rebuild Remembered Sets and Scrub Regions 16.230ms
[348.141s][info][gc,start    ] GC(557) Pause Cleanup
[348.141s][info][gc          ] GC(557) Pause Cleanup 275M->275M(843M) 0.090ms
[348.142s][info][gc,cpu      ] GC(557) User=0.00s Sys=0.00s Real=0.00s
[348.142s][info][gc,marking  ] GC(557) Concurrent Clear Claimed Marks
[348.142s][info][gc,marking  ] GC(557) Concurrent Clear Claimed Marks 0.088ms
[348.142s][info][gc,marking  ] GC(557) Concurrent Cleanup for Next Mark
[348.144s][info][gc,marking  ] GC(557) Concurrent Cleanup for Next Mark 2.500ms
[348.144s][info][gc          ] GC(557) Concurrent Mark Cycle 81.685ms
[349.276s][info][gc,start    ] GC(558) Pause Young (Prepare Mixed) (G1 Evacuation Pause)
[349.276s][info][gc,task     ] GC(558) Using 2 workers of 2 for evacuation
[349.283s][info][gc,phases   ] GC(558)   Pre Evacuate Collection Set: 0.51ms
[349.283s][info][gc,phases   ] GC(558)   Merge Heap Roots: 0.18ms
[349.283s][info][gc,phases   ] GC(558)   Evacuate Collection Set: 5.40ms
[349.283s][info][gc,phases   ] GC(558)   Post Evacuate Collection Set: 1.10ms
[349.283s][info][gc,phases   ] GC(558)   Other: 0.12ms
[349.283s][info][gc,heap     ] GC(558) Eden regions: 499->0(500)
[349.283s][info][gc,heap     ] GC(558) Survivor regions: 6->5(64)
[349.283s][info][gc,heap     ] GC(558) Old regions: 40->40
[349.283s][info][gc,heap     ] GC(558) Humongous regions: 207->207
[349.283s][info][gc,metaspace] GC(558) Metaspace: 57335K(57664K)->57335K(57664K) NonClass: 51716K(51968K)->51716K(51968K) Class: 5619K(5696K)->5619K(5696K)
[349.283s][info][gc          ] GC(558) Pause Young (Prepare Mixed) (G1 Evacuation Pause) 751M->250M(843M) 7.509ms
[349.283s][info][gc,cpu      ] GC(558) User=0.01s Sys=0.00s Real=0.01s
[350.524s][info][gc,start    ] GC(559) Pause Young (Mixed) (G1 Evacuation Pause)
[350.524s][info][gc,task     ] GC(559) Using 2 workers of 2 for evacuation
[350.529s][info][gc,phases   ] GC(559)   Pre Evacuate Collection Set: 0.30ms
[350.529s][info][gc,phases   ] GC(559)   Merge Heap Roots: 0.15ms
[350.529s][info][gc,phases   ] GC(559)   Evacuate Collection Set: 3.70ms
[350.529s][info][gc,phases   ] GC(559)   Post Evacuate Collection Set: 0.78ms
[350.529s][info][gc,phases   ] GC(559)   Other: 0.13ms
[350.529s][info][gc,heap     ] GC(559) Eden regions: 500->0(500)
[350.529s][info][gc,heap     ] GC(559) Survivor regions: 5->5(64)
[350.529s][info][gc,heap     ] GC(559) Old regions: 40->38
[350.529s][info][gc,heap     ] GC(559) Humongous regions: 207->207
[350.529s][info][gc,metaspace] GC(559) Metaspace: 57335K(57664K)->57335K(57664K) NonClass: 51716K(51968K)->51716K(51968K) Class: 5619K(5696K)->5619K(5696K)
[350.529s][info][gc          ] GC(559) Pause Young (Mixed) (G1 Evacuation Pause) 750M->248M(843M) 5.258ms
[350.529s][info][gc,cpu      ] GC(559) User=0.01s Sys=0.00s Real=0.00s
[351.732s][info][gc,start    ] GC(560) Pause Young (Concurrent Start) (G1 Evacuation Pause)
[351.732s][info][gc,task     ] GC(560) Using 2 workers of 2 for evacuation
[351.738s][info][gc,phases   ] GC(560)   Pre Evacuate Collection Set: 0.44ms
[351.738s][info][gc,phases   ] GC(560)   Merge Heap Roots: 0.13ms
[351.738s][info][gc,phases   ] GC(560)   Evacuate Collection Set: 4.85ms
[351.738s][info][gc,phases   ] GC(560)   Post Evacuate Collection Set: 0.80ms
[351.738s][info][gc,phases   ] GC(560)   Other: 0.14ms
[351.738s][info][gc,heap     ] GC(560) Eden regions: 500->0(500)
[351.738s][info][gc,heap     ] GC(560) Survivor regions: 5->5(64)
[351.738s][info][gc,heap     ] GC(560) Old regions: 38->38
[351.738s][info][gc,heap     ] GC(560) Humongous regions: 207->207
[351.738s][info][gc,metaspace] GC(560) Metaspace: 57335K(57664K)->57335K(57664K) NonClass: 51716K(51968K)->51716K(51968K) Class: 5619K(5696K)->5619K(5696K)
[351.738s][info][gc          ] GC(560) Pause Young (Concurrent Start) (G1 Evacuation Pause) 748M->249M(843M) 6.581ms
[351.738s][info][gc          ] GC(561) Concurrent Mark Cycle
[351.738s][info][gc,marking  ] GC(561) Concurrent Scan Root Regions
[351.740s][info][gc,cpu      ] GC(560) User=0.01s Sys=0.00s Real=0.00s
[351.742s][info][gc,marking  ] GC(561) Concurrent Scan Root Regions 4.036ms
[351.742s][info][gc,marking  ] GC(561) Concurrent Mark
[351.742s][info][gc,marking  ] GC(561) Concurrent Mark From Roots
[351.742s][info][gc,task     ] GC(561) Using 1 workers of 1 for marking
[351.800s][info][gc,marking  ] GC(561) Concurrent Mark From Roots 57.936ms
[351.800s][info][gc,marking  ] GC(561) Concurrent Preclean
[351.800s][info][gc,marking  ] GC(561) Concurrent Preclean 0.078ms
[351.801s][info][gc,start    ] GC(561) Pause Remark
[351.810s][info][gc          ] GC(561) Pause Remark 281M->281M(834M) 9.799ms
[351.810s][info][gc,cpu      ] GC(561) User=0.02s Sys=0.00s Real=0.00s
[351.810s][info][gc,marking  ] GC(561) Concurrent Mark 68.037ms
[351.810s][info][gc,marking  ] GC(561) Concurrent Rebuild Remembered Sets and Scrub Regions
[351.838s][info][gc,marking  ] GC(561) Concurrent Rebuild Remembered Sets and Scrub Regions 27.593ms
[351.838s][info][gc,start    ] GC(561) Pause Cleanup
[351.838s][info][gc          ] GC(561) Pause Cleanup 297M->297M(834M) 0.081ms
[351.838s][info][gc,cpu      ] GC(561) User=0.00s Sys=0.00s Real=0.00s
[351.838s][info][gc,marking  ] GC(561) Concurrent Clear Claimed Marks
[351.838s][info][gc,marking  ] GC(561) Concurrent Clear Claimed Marks 0.111ms
[351.838s][info][gc,marking  ] GC(561) Concurrent Cleanup for Next Mark
[351.843s][info][gc,marking  ] GC(561) Concurrent Cleanup for Next Mark 4.436ms
[351.843s][info][gc          ] GC(561) Concurrent Mark Cycle 104.683ms
[352.932s][info][gc,start    ] GC(562) Pause Young (Prepare Mixed) (G1 Evacuation Pause)
[352.932s][info][gc,task     ] GC(562) Using 2 workers of 2 for evacuation
[352.939s][info][gc,phases   ] GC(562)   Pre Evacuate Collection Set: 0.52ms
[352.939s][info][gc,phases   ] GC(562)   Merge Heap Roots: 0.20ms
[352.939s][info][gc,phases   ] GC(562)   Evacuate Collection Set: 4.83ms
[352.939s][info][gc,phases   ] GC(562)   Post Evacuate Collection Set: 0.80ms
[352.939s][info][gc,phases   ] GC(562)   Other: 0.11ms
[352.939s][info][gc,heap     ] GC(562) Eden regions: 495->0(497)
[352.939s][info][gc,heap     ] GC(562) Survivor regions: 5->3(63)
[352.939s][info][gc,heap     ] GC(562) Old regions: 38->41
[352.939s][info][gc,heap     ] GC(562) Humongous regions: 207->207
[352.939s][info][gc,metaspace] GC(562) Metaspace: 57335K(57664K)->57335K(57664K) NonClass: 51716K(51968K)->51716K(51968K) Class: 5619K(5696K)->5619K(5696K)
[352.939s][info][gc          ] GC(562) Pause Young (Prepare Mixed) (G1 Evacuation Pause) 744M->249M(834M) 6.649ms
[352.939s][info][gc,cpu      ] GC(562) User=0.01s Sys=0.00s Real=0.00s
[354.132s][info][gc,start    ] GC(563) Pause Young (Mixed) (G1 Evacuation Pause)
[354.132s][info][gc,task     ] GC(563) Using 2 workers of 2 for evacuation
[354.138s][info][gc,phases   ] GC(563)   Pre Evacuate Collection Set: 0.32ms
[354.139s][info][gc,phases   ] GC(563)   Merge Heap Roots: 0.17ms
[354.139s][info][gc,phases   ] GC(563)   Evacuate Collection Set: 5.22ms
[354.139s][info][gc,phases   ] GC(563)   Post Evacuate Collection Set: 0.81ms
[354.139s][info][gc,phases   ] GC(563)   Other: 0.11ms
[354.139s][info][gc,heap     ] GC(563) Eden regions: 497->0(496)
[354.139s][info][gc,heap     ] GC(563) Survivor regions: 3->4(63)
[354.139s][info][gc,heap     ] GC(563) Old regions: 41->40
[354.139s][info][gc,heap     ] GC(563) Humongous regions: 207->207
[354.139s][info][gc,metaspace] GC(563) Metaspace: 57335K(57664K)->57335K(57664K) NonClass: 51716K(51968K)->51716K(51968K) Class: 5619K(5696K)->5619K(5696K)
[354.139s][info][gc          ] GC(563) Pause Young (Mixed) (G1 Evacuation Pause) 746M->248M(834M) 6.820ms
[354.139s][info][gc,cpu      ] GC(563) User=0.01s Sys=0.00s Real=0.00s
[355.350s][info][gc,start    ] GC(564) Pause Young (Concurrent Start) (G1 Evacuation Pause)
[355.350s][info][gc,task     ] GC(564) Using 2 workers of 2 for evacuation
[355.355s][info][gc,phases   ] GC(564)   Pre Evacuate Collection Set: 0.32ms
[355.355s][info][gc,phases   ] GC(564)   Merge Heap Roots: 0.16ms
[355.355s][info][gc,phases   ] GC(564)   Evacuate Collection Set: 4.32ms
[355.355s][info][gc,phases   ] GC(564)   Post Evacuate Collection Set: 0.78ms
[355.355s][info][gc,phases   ] GC(564)   Other: 0.10ms
[355.355s][info][gc,heap     ] GC(564) Eden regions: 496->0(497)
[355.355s][info][gc,heap     ] GC(564) Survivor regions: 4->3(63)
[355.355s][info][gc,heap     ] GC(564) Old regions: 40->40
[355.355s][info][gc,heap     ] GC(564) Humongous regions: 207->207
[355.355s][info][gc,metaspace] GC(564) Metaspace: 57335K(57664K)->57335K(57664K) NonClass: 51716K(51968K)->51716K(51968K) Class: 5619K(5696K)->5619K(5696K)
[355.355s][info][gc          ] GC(564) Pause Young (Concurrent Start) (G1 Evacuation Pause) 744M->248M(834M) 5.890ms
[355.355s][info][gc,cpu      ] GC(564) User=0.01s Sys=0.00s Real=0.01s
[355.355s][info][gc          ] GC(565) Concurrent Mark Cycle
[355.356s][info][gc,marking  ] GC(565) Concurrent Scan Root Regions
[355.360s][info][gc,marking  ] GC(565) Concurrent Scan Root Regions 4.383ms
[355.360s][info][gc,marking  ] GC(565) Concurrent Mark
[355.360s][info][gc,marking  ] GC(565) Concurrent Mark From Roots
[355.360s][info][gc,task     ] GC(565) Using 1 workers of 1 for marking
[355.417s][info][gc,marking  ] GC(565) Concurrent Mark From Roots 57.011ms
[355.417s][info][gc,marking  ] GC(565) Concurrent Preclean
[355.417s][info][gc,marking  ] GC(565) Concurrent Preclean 0.068ms
[355.418s][info][gc,start    ] GC(565) Pause Remark
[355.427s][info][gc          ] GC(565) Pause Remark 274M->274M(834M) 9.801ms
[355.427s][info][gc,cpu      ] GC(565) User=0.02s Sys=0.00s Real=0.01s
[355.428s][info][gc,marking  ] GC(565) Concurrent Mark 67.978ms
[355.428s][info][gc,marking  ] GC(565) Concurrent Rebuild Remembered Sets and Scrub Regions
[355.463s][info][gc,marking  ] GC(565) Concurrent Rebuild Remembered Sets and Scrub Regions 34.652ms
[355.463s][info][gc,start    ] GC(565) Pause Cleanup
[355.463s][info][gc          ] GC(565) Pause Cleanup 302M->302M(834M) 0.079ms
[355.463s][info][gc,cpu      ] GC(565) User=0.00s Sys=0.00s Real=0.00s
[355.463s][info][gc,marking  ] GC(565) Concurrent Clear Claimed Marks
[355.463s][info][gc,marking  ] GC(565) Concurrent Clear Claimed Marks 0.091ms
[355.463s][info][gc,marking  ] GC(565) Concurrent Cleanup for Next Mark
[355.468s][info][gc,marking  ] GC(565) Concurrent Cleanup for Next Mark 4.603ms
[355.468s][info][gc          ] GC(565) Concurrent Mark Cycle 112.532ms
[356.544s][info][gc,start    ] GC(566) Pause Young (Prepare Mixed) (G1 Evacuation Pause)
[356.544s][info][gc,task     ] GC(566) Using 2 workers of 2 for evacuation
[356.551s][info][gc,phases   ] GC(566)   Pre Evacuate Collection Set: 0.30ms
[356.551s][info][gc,phases   ] GC(566)   Merge Heap Roots: 0.15ms
[356.551s][info][gc,phases   ] GC(566)   Evacuate Collection Set: 5.08ms
[356.551s][info][gc,phases   ] GC(566)   Post Evacuate Collection Set: 0.74ms
[356.551s][info][gc,phases   ] GC(566)   Other: 0.09ms
[356.551s][info][gc,heap     ] GC(566) Eden regions: 497->0(496)
[356.551s][info][gc,heap     ] GC(566) Survivor regions: 3->4(63)
[356.551s][info][gc,heap     ] GC(566) Old regions: 40->41
[356.551s][info][gc,heap     ] GC(566) Humongous regions: 207->207
[356.551s][info][gc,metaspace] GC(566) Metaspace: 57335K(57664K)->57335K(57664K) NonClass: 51716K(51968K)->51716K(51968K) Class: 5619K(5696K)->5619K(5696K)
[356.551s][info][gc          ] GC(566) Pause Young (Prepare Mixed) (G1 Evacuation Pause) 745M->249M(834M) 6.630ms
[356.551s][info][gc,cpu      ] GC(566) User=0.01s Sys=0.00s Real=0.01s
[357.740s][info][gc,start    ] GC(567) Pause Young (Mixed) (G1 Evacuation Pause)
[357.740s][info][gc,task     ] GC(567) Using 2 workers of 2 for evacuation
[357.748s][info][gc,phases   ] GC(567)   Pre Evacuate Collection Set: 0.32ms
[357.748s][info][gc,phases   ] GC(567)   Merge Heap Roots: 0.19ms
[357.748s][info][gc,phases   ] GC(567)   Evacuate Collection Set: 6.32ms
[357.748s][info][gc,phases   ] GC(567)   Post Evacuate Collection Set: 0.83ms
[357.748s][info][gc,phases   ] GC(567)   Other: 0.12ms
[357.748s][info][gc,heap     ] GC(567) Eden regions: 496->0(497)
[357.748s][info][gc,heap     ] GC(567) Survivor regions: 4->3(63)
[357.748s][info][gc,heap     ] GC(567) Old regions: 41->39
[357.748s][info][gc,heap     ] GC(567) Humongous regions: 207->207
[357.748s][info][gc,metaspace] GC(567) Metaspace: 57335K(57664K)->57335K(57664K) NonClass: 51716K(51968K)->51716K(51968K) Class: 5619K(5696K)->5619K(5696K)
[357.748s][info][gc          ] GC(567) Pause Young (Mixed) (G1 Evacuation Pause) 745M->248M(834M) 7.953ms
[357.748s][info][gc,cpu      ] GC(567) User=0.02s Sys=0.00s Real=0.01s
[358.943s][info][gc,start    ] GC(568) Pause Young (Concurrent Start) (G1 Evacuation Pause)
[358.943s][info][gc,task     ] GC(568) Using 2 workers of 2 for evacuation
[358.970s][info][gc,phases   ] GC(568)   Pre Evacuate Collection Set: 0.53ms
[358.970s][info][gc,phases   ] GC(568)   Merge Heap Roots: 0.14ms
[358.970s][info][gc,phases   ] GC(568)   Evacuate Collection Set: 22.74ms
[358.970s][info][gc,phases   ] GC(568)   Post Evacuate Collection Set: 1.18ms
[358.970s][info][gc,phases   ] GC(568)   Other: 1.98ms
[358.970s][info][gc,heap     ] GC(568) Eden regions: 497->0(496)
[358.970s][info][gc,heap     ] GC(568) Survivor regions: 3->4(63)
[358.970s][info][gc,heap     ] GC(568) Old regions: 39->39
[358.970s][info][gc,heap     ] GC(568) Humongous regions: 207->207
[358.970s][info][gc,metaspace] GC(568) Metaspace: 57335K(57664K)->57335K(57664K) NonClass: 51716K(51968K)->51716K(51968K) Class: 5619K(5696K)->5619K(5696K)
[358.970s][info][gc          ] GC(568) Pause Young (Concurrent Start) (G1 Evacuation Pause) 745M->248M(834M) 26.772ms
[358.970s][info][gc          ] GC(569) Concurrent Mark Cycle
[358.970s][info][gc,marking  ] GC(569) Concurrent Scan Root Regions
[358.970s][info][gc,cpu      ] GC(568) User=0.02s Sys=0.00s Real=0.02s
[358.982s][info][gc,marking  ] GC(569) Concurrent Scan Root Regions 12.182ms
[358.982s][info][gc,marking  ] GC(569) Concurrent Mark
[358.982s][info][gc,marking  ] GC(569) Concurrent Mark From Roots
[358.982s][info][gc,task     ] GC(569) Using 1 workers of 1 for marking
[359.046s][info][gc,marking  ] GC(569) Concurrent Mark From Roots 63.302ms
[359.046s][info][gc,marking  ] GC(569) Concurrent Preclean
[359.046s][info][gc,marking  ] GC(569) Concurrent Preclean 0.063ms
[359.046s][info][gc,start    ] GC(569) Pause Remark
[359.062s][info][gc          ] GC(569) Pause Remark 252M->252M(834M) 16.298ms
[359.062s][info][gc,cpu      ] GC(569) User=0.02s Sys=0.00s Real=0.02s
[359.063s][info][gc,marking  ] GC(569) Concurrent Mark 80.327ms
[359.063s][info][gc,marking  ] GC(569) Concurrent Rebuild Remembered Sets and Scrub Regions
[359.091s][info][gc,marking  ] GC(569) Concurrent Rebuild Remembered Sets and Scrub Regions 28.724ms
[359.092s][info][gc,start    ] GC(569) Pause Cleanup
[359.092s][info][gc          ] GC(569) Pause Cleanup 265M->265M(834M) 0.091ms
[359.092s][info][gc,cpu      ] GC(569) User=0.00s Sys=0.00s Real=0.00s
[359.092s][info][gc,marking  ] GC(569) Concurrent Clear Claimed Marks
[359.092s][info][gc,marking  ] GC(569) Concurrent Clear Claimed Marks 0.103ms
[359.092s][info][gc,marking  ] GC(569) Concurrent Cleanup for Next Mark
[359.096s][info][gc,marking  ] GC(569) Concurrent Cleanup for Next Mark 4.570ms
[359.096s][info][gc          ] GC(569) Concurrent Mark Cycle 126.381ms
[360.147s][info][gc,start    ] GC(570) Pause Young (Prepare Mixed) (G1 Evacuation Pause)
[360.147s][info][gc,task     ] GC(570) Using 2 workers of 2 for evacuation
[360.154s][info][gc,phases   ] GC(570)   Pre Evacuate Collection Set: 0.30ms
[360.154s][info][gc,phases   ] GC(570)   Merge Heap Roots: 0.16ms
[360.154s][info][gc,phases   ] GC(570)   Evacuate Collection Set: 5.45ms
[360.154s][info][gc,phases   ] GC(570)   Post Evacuate Collection Set: 0.79ms
[360.154s][info][gc,phases   ] GC(570)   Other: 0.08ms
[360.154s][info][gc,heap     ] GC(570) Eden regions: 496->0(496)
[360.154s][info][gc,heap     ] GC(570) Survivor regions: 4->4(63)
[360.154s][info][gc,heap     ] GC(570) Old regions: 39->40
[360.154s][info][gc,heap     ] GC(570) Humongous regions: 207->207
[360.154s][info][gc,metaspace] GC(570) Metaspace: 57335K(57664K)->57335K(57664K) NonClass: 51716K(51968K)->51716K(51968K) Class: 5619K(5696K)->5619K(5696K)
[360.154s][info][gc          ] GC(570) Pause Young (Prepare Mixed) (G1 Evacuation Pause) 744M->248M(834M) 6.975ms
[360.154s][info][gc,cpu      ] GC(570) User=0.02s Sys=0.01s Real=0.01s
[361.348s][info][gc,start    ] GC(571) Pause Young (Mixed) (G1 Evacuation Pause)
[361.348s][info][gc,task     ] GC(571) Using 2 workers of 2 for evacuation
[361.355s][info][gc,phases   ] GC(571)   Pre Evacuate Collection Set: 0.30ms
[361.355s][info][gc,phases   ] GC(571)   Merge Heap Roots: 0.15ms
[361.355s][info][gc,phases   ] GC(571)   Evacuate Collection Set: 5.66ms
[361.355s][info][gc,phases   ] GC(571)   Post Evacuate Collection Set: 0.78ms
[361.355s][info][gc,phases   ] GC(571)   Other: 0.09ms
[361.355s][info][gc,heap     ] GC(571) Eden regions: 496->0(496)
[361.355s][info][gc,heap     ] GC(571) Survivor regions: 4->4(63)
[361.355s][info][gc,heap     ] GC(571) Old regions: 40->39
[361.355s][info][gc,heap     ] GC(571) Humongous regions: 207->207
[361.355s][info][gc,metaspace] GC(571) Metaspace: 57335K(57664K)->57335K(57664K) NonClass: 51716K(51968K)->51716K(51968K) Class: 5619K(5696K)->5619K(5696K)
[361.355s][info][gc          ] GC(571) Pause Young (Mixed) (G1 Evacuation Pause) 744M->248M(834M) 7.178ms
[361.355s][info][gc,cpu      ] GC(571) User=0.02s Sys=0.00s Real=0.01s
[362.551s][info][gc,start    ] GC(572) Pause Young (Concurrent Start) (G1 Evacuation Pause)
[362.551s][info][gc,task     ] GC(572) Using 2 workers of 2 for evacuation
[362.558s][info][gc,phases   ] GC(572)   Pre Evacuate Collection Set: 0.35ms
[362.558s][info][gc,phases   ] GC(572)   Merge Heap Roots: 0.18ms
[362.558s][info][gc,phases   ] GC(572)   Evacuate Collection Set: 5.60ms
[362.558s][info][gc,phases   ] GC(572)   Post Evacuate Collection Set: 0.76ms
[362.558s][info][gc,phases   ] GC(572)   Other: 0.12ms
[362.558s][info][gc,heap     ] GC(572) Eden regions: 496->0(496)
[362.558s][info][gc,heap     ] GC(572) Survivor regions: 4->4(63)
[362.558s][info][gc,heap     ] GC(572) Old regions: 39->39
[362.558s][info][gc,heap     ] GC(572) Humongous regions: 207->207
[362.558s][info][gc,metaspace] GC(572) Metaspace: 57336K(57664K)->57336K(57664K) NonClass: 51717K(51968K)->51717K(51968K) Class: 5619K(5696K)->5619K(5696K)
[362.558s][info][gc          ] GC(572) Pause Young (Concurrent Start) (G1 Evacuation Pause) 744M->249M(834M) 7.231ms
[362.558s][info][gc,cpu      ] GC(572) User=0.01s Sys=0.00s Real=0.00s
[362.558s][info][gc          ] GC(573) Concurrent Mark Cycle
[362.558s][info][gc,marking  ] GC(573) Concurrent Scan Root Regions
[362.563s][info][gc,marking  ] GC(573) Concurrent Scan Root Regions 4.057ms
[362.563s][info][gc,marking  ] GC(573) Concurrent Mark
[362.563s][info][gc,marking  ] GC(573) Concurrent Mark From Roots
[362.563s][info][gc,task     ] GC(573) Using 1 workers of 1 for marking
[362.614s][info][gc,marking  ] GC(573) Concurrent Mark From Roots 51.329ms
[362.614s][info][gc,marking  ] GC(573) Concurrent Preclean
[362.614s][info][gc,marking  ] GC(573) Concurrent Preclean 0.060ms
[362.614s][info][gc,start    ] GC(573) Pause Remark
[362.626s][info][gc          ] GC(573) Pause Remark 263M->263M(834M) 12.202ms
[362.626s][info][gc,cpu      ] GC(573) User=0.02s Sys=0.00s Real=0.01s
[362.627s][info][gc,marking  ] GC(573) Concurrent Mark 64.277ms
[362.627s][info][gc,marking  ] GC(573) Concurrent Rebuild Remembered Sets and Scrub Regions
[362.643s][info][gc,marking  ] GC(573) Concurrent Rebuild Remembered Sets and Scrub Regions 15.775ms
[362.643s][info][gc,start    ] GC(573) Pause Cleanup
[362.643s][info][gc          ] GC(573) Pause Cleanup 274M->274M(834M) 0.073ms
[362.643s][info][gc,cpu      ] GC(573) User=0.00s Sys=0.00s Real=0.00s
[362.643s][info][gc,marking  ] GC(573) Concurrent Clear Claimed Marks
[362.643s][info][gc,marking  ] GC(573) Concurrent Clear Claimed Marks 0.104ms
[362.643s][info][gc,marking  ] GC(573) Concurrent Cleanup for Next Mark
[362.646s][info][gc,marking  ] GC(573) Concurrent Cleanup for Next Mark 2.534ms
[362.646s][info][gc          ] GC(573) Concurrent Mark Cycle 87.169ms
[363.759s][info][gc,start    ] GC(574) Pause Young (Prepare Mixed) (G1 Evacuation Pause)
[363.759s][info][gc,task     ] GC(574) Using 2 workers of 2 for evacuation
[363.764s][info][gc,phases   ] GC(574)   Pre Evacuate Collection Set: 0.31ms
[363.764s][info][gc,phases   ] GC(574)   Merge Heap Roots: 0.17ms
[363.764s][info][gc,phases   ] GC(574)   Evacuate Collection Set: 3.76ms
[363.764s][info][gc,phases   ] GC(574)   Post Evacuate Collection Set: 0.78ms
[363.764s][info][gc,phases   ] GC(574)   Other: 0.12ms
[363.764s][info][gc,heap     ] GC(574) Eden regions: 496->0(498)
[363.764s][info][gc,heap     ] GC(574) Survivor regions: 4->2(63)
[363.764s][info][gc,heap     ] GC(574) Old regions: 39->40
[363.764s][info][gc,heap     ] GC(574) Humongous regions: 207->207
[363.764s][info][gc,metaspace] GC(574) Metaspace: 57336K(57664K)->57336K(57664K) NonClass: 51717K(51968K)->51717K(51968K) Class: 5619K(5696K)->5619K(5696K)
[363.764s][info][gc          ] GC(574) Pause Young (Prepare Mixed) (G1 Evacuation Pause) 745M->247M(834M) 5.325ms
[363.764s][info][gc,cpu      ] GC(574) User=0.01s Sys=0.00s Real=0.01s
[364.961s][info][gc,start    ] GC(575) Pause Young (Mixed) (G1 Evacuation Pause)
[364.961s][info][gc,task     ] GC(575) Using 2 workers of 2 for evacuation
[364.965s][info][gc,phases   ] GC(575)   Pre Evacuate Collection Set: 0.30ms
[364.965s][info][gc,phases   ] GC(575)   Merge Heap Roots: 0.14ms
[364.965s][info][gc,phases   ] GC(575)   Evacuate Collection Set: 3.29ms
[364.965s][info][gc,phases   ] GC(575)   Post Evacuate Collection Set: 0.75ms
[364.965s][info][gc,phases   ] GC(575)   Other: 0.09ms
[364.965s][info][gc,heap     ] GC(575) Eden regions: 498->0(498)
[364.965s][info][gc,heap     ] GC(575) Survivor regions: 2->2(63)
[364.965s][info][gc,heap     ] GC(575) Old regions: 40->39
[364.965s][info][gc,heap     ] GC(575) Humongous regions: 207->207
[364.965s][info][gc,metaspace] GC(575) Metaspace: 57336K(57664K)->57336K(57664K) NonClass: 51717K(51968K)->51717K(51968K) Class: 5619K(5696K)->5619K(5696K)
[364.965s][info][gc          ] GC(575) Pause Young (Mixed) (G1 Evacuation Pause) 745M->246M(834M) 4.745ms
[364.965s][info][gc,cpu      ] GC(575) User=0.01s Sys=0.00s Real=0.00s
[366.222s][info][gc,start    ] GC(576) Pause Young (Concurrent Start) (G1 Evacuation Pause)
[366.222s][info][gc,task     ] GC(576) Using 2 workers of 2 for evacuation
[366.226s][info][gc,phases   ] GC(576)   Pre Evacuate Collection Set: 0.29ms
[366.226s][info][gc,phases   ] GC(576)   Merge Heap Roots: 0.14ms
[366.226s][info][gc,phases   ] GC(576)   Evacuate Collection Set: 2.58ms
[366.226s][info][gc,phases   ] GC(576)   Post Evacuate Collection Set: 0.78ms
[366.226s][info][gc,phases   ] GC(576)   Other: 0.13ms
[366.226s][info][gc,heap     ] GC(576) Eden regions: 498->0(499)
[366.226s][info][gc,heap     ] GC(576) Survivor regions: 2->1(63)
[366.226s][info][gc,heap     ] GC(576) Old regions: 39->39
[366.226s][info][gc,heap     ] GC(576) Humongous regions: 207->207
[366.226s][info][gc,metaspace] GC(576) Metaspace: 57336K(57664K)->57336K(57664K) NonClass: 51717K(51968K)->51717K(51968K) Class: 5619K(5696K)->5619K(5696K)
[366.226s][info][gc          ] GC(576) Pause Young (Concurrent Start) (G1 Evacuation Pause) 744M->245M(834M) 4.098ms
[366.226s][info][gc,cpu      ] GC(576) User=0.01s Sys=0.00s Real=0.00s
[366.226s][info][gc          ] GC(577) Concurrent Mark Cycle
[366.226s][info][gc,marking  ] GC(577) Concurrent Scan Root Regions
[366.231s][info][gc,marking  ] GC(577) Concurrent Scan Root Regions 5.184ms
[366.231s][info][gc,marking  ] GC(577) Concurrent Mark
[366.231s][info][gc,marking  ] GC(577) Concurrent Mark From Roots
[366.231s][info][gc,task     ] GC(577) Using 1 workers of 1 for marking
[366.290s][info][gc,marking  ] GC(577) Concurrent Mark From Roots 58.687ms
[366.290s][info][gc,marking  ] GC(577) Concurrent Preclean
[366.290s][info][gc,marking  ] GC(577) Concurrent Preclean 0.131ms
[366.295s][info][gc,start    ] GC(577) Pause Remark
[366.319s][info][gc          ] GC(577) Pause Remark 271M->271M(824M) 23.353ms
[366.319s][info][gc,cpu      ] GC(577) User=0.02s Sys=0.00s Real=0.02s
[366.320s][info][gc,marking  ] GC(577) Concurrent Mark 88.867ms
[366.320s][info][gc,marking  ] GC(577) Concurrent Rebuild Remembered Sets and Scrub Regions
[366.344s][info][gc,marking  ] GC(577) Concurrent Rebuild Remembered Sets and Scrub Regions 23.624ms
[366.344s][info][gc,start    ] GC(577) Pause Cleanup
[366.344s][info][gc          ] GC(577) Pause Cleanup 288M->288M(824M) 0.075ms
[366.344s][info][gc,cpu      ] GC(577) User=0.00s Sys=0.00s Real=0.00s
[366.344s][info][gc,marking  ] GC(577) Concurrent Clear Claimed Marks
[366.344s][info][gc,marking  ] GC(577) Concurrent Clear Claimed Marks 0.088ms
[366.344s][info][gc,marking  ] GC(577) Concurrent Cleanup for Next Mark
[366.346s][info][gc,marking  ] GC(577) Concurrent Cleanup for Next Mark 2.448ms
[366.346s][info][gc          ] GC(577) Concurrent Mark Cycle 120.667ms
[367.426s][info][gc,start    ] GC(578) Pause Young (Prepare Mixed) (G1 Evacuation Pause)
[367.426s][info][gc,task     ] GC(578) Using 2 workers of 2 for evacuation
[367.430s][info][gc,phases   ] GC(578)   Pre Evacuate Collection Set: 0.29ms
[367.430s][info][gc,phases   ] GC(578)   Merge Heap Roots: 0.17ms
[367.430s][info][gc,phases   ] GC(578)   Evacuate Collection Set: 3.09ms
[367.430s][info][gc,phases   ] GC(578)   Post Evacuate Collection Set: 0.77ms
[367.430s][info][gc,phases   ] GC(578)   Other: 0.09ms
[367.430s][info][gc,heap     ] GC(578) Eden regions: 493->0(492)
[367.430s][info][gc,heap     ] GC(578) Survivor regions: 1->2(62)
[367.430s][info][gc,heap     ] GC(578) Old regions: 39->40
[367.430s][info][gc,heap     ] GC(578) Humongous regions: 207->207
[367.430s][info][gc,metaspace] GC(578) Metaspace: 57336K(57664K)->57336K(57664K) NonClass: 51717K(51968K)->51717K(51968K) Class: 5619K(5696K)->5619K(5696K)
[367.430s][info][gc          ] GC(578) Pause Young (Prepare Mixed) (G1 Evacuation Pause) 738M->246M(824M) 4.615ms
[367.430s][info][gc,cpu      ] GC(578) User=0.01s Sys=0.00s Real=0.00s
[368.721s][info][gc,start    ] GC(579) Pause Young (Mixed) (G1 Evacuation Pause)
[368.721s][info][gc,task     ] GC(579) Using 2 workers of 2 for evacuation
[368.725s][info][gc,phases   ] GC(579)   Pre Evacuate Collection Set: 0.28ms
[368.725s][info][gc,phases   ] GC(579)   Merge Heap Roots: 0.14ms
[368.725s][info][gc,phases   ] GC(579)   Evacuate Collection Set: 2.47ms
[368.725s][info][gc,phases   ] GC(579)   Post Evacuate Collection Set: 0.77ms
[368.725s][info][gc,phases   ] GC(579)   Other: 0.08ms
[368.725s][info][gc,heap     ] GC(579) Eden regions: 492->0(493)
[368.725s][info][gc,heap     ] GC(579) Survivor regions: 2->1(62)
[368.725s][info][gc,heap     ] GC(579) Old regions: 40->39
[368.725s][info][gc,heap     ] GC(579) Humongous regions: 207->207
[368.725s][info][gc,metaspace] GC(579) Metaspace: 57336K(57664K)->57336K(57664K) NonClass: 51717K(51968K)->51717K(51968K) Class: 5619K(5696K)->5619K(5696K)
[368.725s][info][gc          ] GC(579) Pause Young (Mixed) (G1 Evacuation Pause) 738M->245M(824M) 3.938ms
[368.725s][info][gc,cpu      ] GC(579) User=0.01s Sys=0.00s Real=0.00s
[369.923s][info][gc,start    ] GC(580) Pause Young (Concurrent Start) (G1 Evacuation Pause)
[369.923s][info][gc,task     ] GC(580) Using 2 workers of 2 for evacuation
[369.927s][info][gc,phases   ] GC(580)   Pre Evacuate Collection Set: 0.29ms
[369.927s][info][gc,phases   ] GC(580)   Merge Heap Roots: 0.15ms
[369.927s][info][gc,phases   ] GC(580)   Evacuate Collection Set: 2.91ms
[369.927s][info][gc,phases   ] GC(580)   Post Evacuate Collection Set: 0.76ms
[369.927s][info][gc,phases   ] GC(580)   Other: 0.11ms
[369.927s][info][gc,heap     ] GC(580) Eden regions: 493->0(492)
[369.927s][info][gc,heap     ] GC(580) Survivor regions: 1->2(62)
[369.927s][info][gc,heap     ] GC(580) Old regions: 39->39
[369.927s][info][gc,heap     ] GC(580) Humongous regions: 207->207
[369.927s][info][gc,metaspace] GC(580) Metaspace: 57338K(57664K)->57338K(57664K) NonClass: 51719K(51968K)->51719K(51968K) Class: 5619K(5696K)->5619K(5696K)
[369.927s][info][gc          ] GC(580) Pause Young (Concurrent Start) (G1 Evacuation Pause) 738M->246M(824M) 4.449ms
[369.927s][info][gc,cpu      ] GC(580) User=0.01s Sys=0.00s Real=0.00s
[369.928s][info][gc          ] GC(581) Concurrent Mark Cycle
[369.928s][info][gc,marking  ] GC(581) Concurrent Scan Root Regions
[369.932s][info][gc,marking  ] GC(581) Concurrent Scan Root Regions 4.231ms
[369.932s][info][gc,marking  ] GC(581) Concurrent Mark
[369.932s][info][gc,marking  ] GC(581) Concurrent Mark From Roots
[369.932s][info][gc,task     ] GC(581) Using 1 workers of 1 for marking
[369.977s][info][gc,marking  ] GC(581) Concurrent Mark From Roots 45.155ms
[369.977s][info][gc,marking  ] GC(581) Concurrent Preclean
[369.977s][info][gc,marking  ] GC(581) Concurrent Preclean 0.088ms
[369.977s][info][gc,start    ] GC(581) Pause Remark
[369.987s][info][gc          ] GC(581) Pause Remark 278M->278M(824M) 9.972ms
[369.987s][info][gc,cpu      ] GC(581) User=0.01s Sys=0.00s Real=0.01s
[369.988s][info][gc,marking  ] GC(581) Concurrent Mark 55.829ms
[369.988s][info][gc,marking  ] GC(581) Concurrent Rebuild Remembered Sets and Scrub Regions
[370.004s][info][gc,marking  ] GC(581) Concurrent Rebuild Remembered Sets and Scrub Regions 16.374ms
[370.004s][info][gc,start    ] GC(581) Pause Cleanup
[370.004s][info][gc          ] GC(581) Pause Cleanup 283M->283M(824M) 0.074ms
[370.004s][info][gc,cpu      ] GC(581) User=0.00s Sys=0.00s Real=0.00s
[370.004s][info][gc,marking  ] GC(581) Concurrent Clear Claimed Marks
[370.004s][info][gc,marking  ] GC(581) Concurrent Clear Claimed Marks 0.084ms
[370.004s][info][gc,marking  ] GC(581) Concurrent Cleanup for Next Mark
[370.007s][info][gc,marking  ] GC(581) Concurrent Cleanup for Next Mark 2.400ms
[370.007s][info][gc          ] GC(581) Concurrent Mark Cycle 79.235ms
[371.126s][info][gc,start    ] GC(582) Pause Young (Prepare Mixed) (G1 Evacuation Pause)
[371.126s][info][gc,task     ] GC(582) Using 2 workers of 2 for evacuation
[371.131s][info][gc,phases   ] GC(582)   Pre Evacuate Collection Set: 0.29ms
[371.131s][info][gc,phases   ] GC(582)   Merge Heap Roots: 0.16ms
[371.131s][info][gc,phases   ] GC(582)   Evacuate Collection Set: 3.89ms
[371.131s][info][gc,phases   ] GC(582)   Post Evacuate Collection Set: 0.78ms
[371.131s][info][gc,phases   ] GC(582)   Other: 0.09ms
[371.131s][info][gc,heap     ] GC(582) Eden regions: 492->0(491)
[371.131s][info][gc,heap     ] GC(582) Survivor regions: 2->3(62)
[371.131s][info][gc,heap     ] GC(582) Old regions: 39->39
[371.131s][info][gc,heap     ] GC(582) Humongous regions: 207->207
[371.131s][info][gc,metaspace] GC(582) Metaspace: 57338K(57664K)->57338K(57664K) NonClass: 51719K(51968K)->51719K(51968K) Class: 5619K(5696K)->5619K(5696K)
[371.131s][info][gc          ] GC(582) Pause Young (Prepare Mixed) (G1 Evacuation Pause) 738M->247M(824M) 5.378ms
[371.131s][info][gc,cpu      ] GC(582) User=0.00s Sys=0.00s Real=0.01s
[372.387s][info][gc,start    ] GC(583) Pause Young (Mixed) (G1 Evacuation Pause)
[372.387s][info][gc,task     ] GC(583) Using 2 workers of 2 for evacuation
[372.392s][info][gc,phases   ] GC(583)   Pre Evacuate Collection Set: 0.28ms
[372.392s][info][gc,phases   ] GC(583)   Merge Heap Roots: 0.15ms
[372.393s][info][gc,phases   ] GC(583)   Evacuate Collection Set: 4.16ms
[372.393s][info][gc,phases   ] GC(583)   Post Evacuate Collection Set: 0.79ms
[372.393s][info][gc,phases   ] GC(583)   Other: 0.09ms
[372.393s][info][gc,heap     ] GC(583) Eden regions: 491->0(493)
[372.393s][info][gc,heap     ] GC(583) Survivor regions: 3->1(62)
[372.393s][info][gc,heap     ] GC(583) Old regions: 39->39
[372.393s][info][gc,heap     ] GC(583) Humongous regions: 207->207
[372.393s][info][gc,metaspace] GC(583) Metaspace: 57338K(57664K)->57338K(57664K) NonClass: 51719K(51968K)->51719K(51968K) Class: 5619K(5696K)->5619K(5696K)
[372.393s][info][gc          ] GC(583) Pause Young (Mixed) (G1 Evacuation Pause) 738M->245M(824M) 5.656ms
[372.393s][info][gc,cpu      ] GC(583) User=0.01s Sys=0.00s Real=0.01s
[373.520s][info][gc,start    ] GC(584) Pause Young (Concurrent Start) (G1 Evacuation Pause)
[373.520s][info][gc,task     ] GC(584) Using 2 workers of 2 for evacuation
[373.524s][info][gc,phases   ] GC(584)   Pre Evacuate Collection Set: 0.29ms
[373.524s][info][gc,phases   ] GC(584)   Merge Heap Roots: 0.15ms
[373.524s][info][gc,phases   ] GC(584)   Evacuate Collection Set: 2.29ms
[373.524s][info][gc,phases   ] GC(584)   Post Evacuate Collection Set: 0.77ms
[373.524s][info][gc,phases   ] GC(584)   Other: 0.10ms
[373.524s][info][gc,heap     ] GC(584) Eden regions: 493->0(493)
[373.524s][info][gc,heap     ] GC(584) Survivor regions: 1->1(62)
[373.524s][info][gc,heap     ] GC(584) Old regions: 39->39
[373.524s][info][gc,heap     ] GC(584) Humongous regions: 207->207
[373.524s][info][gc,metaspace] GC(584) Metaspace: 57338K(57664K)->57338K(57664K) NonClass: 51719K(51968K)->51719K(51968K) Class: 5619K(5696K)->5619K(5696K)
[373.524s][info][gc          ] GC(584) Pause Young (Concurrent Start) (G1 Evacuation Pause) 738M->245M(824M) 3.768ms
[373.524s][info][gc,cpu      ] GC(584) User=0.00s Sys=0.00s Real=0.01s
[373.524s][info][gc          ] GC(585) Concurrent Mark Cycle
[373.524s][info][gc,marking  ] GC(585) Concurrent Scan Root Regions
[373.525s][info][gc,marking  ] GC(585) Concurrent Scan Root Regions 1.586ms
[373.525s][info][gc,marking  ] GC(585) Concurrent Mark
[373.525s][info][gc,marking  ] GC(585) Concurrent Mark From Roots
[373.525s][info][gc,task     ] GC(585) Using 1 workers of 1 for marking
[373.587s][info][gc,marking  ] GC(585) Concurrent Mark From Roots 61.827ms
[373.587s][info][gc,marking  ] GC(585) Concurrent Preclean
[373.587s][info][gc,marking  ] GC(585) Concurrent Preclean 0.063ms
[373.587s][info][gc,start    ] GC(585) Pause Remark
[373.597s][info][gc          ] GC(585) Pause Remark 284M->284M(824M) 10.016ms
[373.598s][info][gc,cpu      ] GC(585) User=0.02s Sys=0.00s Real=0.01s
[373.598s][info][gc,marking  ] GC(585) Concurrent Mark 72.548ms
[373.598s][info][gc,marking  ] GC(585) Concurrent Rebuild Remembered Sets and Scrub Regions
[373.614s][info][gc,marking  ] GC(585) Concurrent Rebuild Remembered Sets and Scrub Regions 15.914ms
[373.614s][info][gc,start    ] GC(585) Pause Cleanup
[373.614s][info][gc          ] GC(585) Pause Cleanup 286M->286M(824M) 0.080ms
[373.614s][info][gc,cpu      ] GC(585) User=0.00s Sys=0.00s Real=0.00s
[373.614s][info][gc,marking  ] GC(585) Concurrent Clear Claimed Marks
[373.614s][info][gc,marking  ] GC(585) Concurrent Clear Claimed Marks 0.091ms
[373.614s][info][gc,marking  ] GC(585) Concurrent Cleanup for Next Mark
[373.617s][info][gc,marking  ] GC(585) Concurrent Cleanup for Next Mark 2.484ms
[373.617s][info][gc          ] GC(585) Concurrent Mark Cycle 93.030ms
[374.670s][info][gc,start    ] GC(586) Pause Young (Prepare Mixed) (G1 Evacuation Pause)
[374.670s][info][gc,task     ] GC(586) Using 2 workers of 2 for evacuation
[374.674s][info][gc,phases   ] GC(586)   Pre Evacuate Collection Set: 0.31ms
[374.674s][info][gc,phases   ] GC(586)   Merge Heap Roots: 0.17ms
[374.674s][info][gc,phases   ] GC(586)   Evacuate Collection Set: 2.51ms
[374.674s][info][gc,phases   ] GC(586)   Post Evacuate Collection Set: 0.78ms
[374.674s][info][gc,phases   ] GC(586)   Other: 0.08ms
[374.674s][info][gc,heap     ] GC(586) Eden regions: 493->0(493)
[374.674s][info][gc,heap     ] GC(586) Survivor regions: 1->1(62)
[374.674s][info][gc,heap     ] GC(586) Old regions: 39->40
[374.674s][info][gc,heap     ] GC(586) Humongous regions: 207->207
[374.674s][info][gc,metaspace] GC(586) Metaspace: 57338K(57664K)->57338K(57664K) NonClass: 51719K(51968K)->51719K(51968K) Class: 5619K(5696K)->5619K(5696K)
[374.674s][info][gc          ] GC(586) Pause Young (Prepare Mixed) (G1 Evacuation Pause) 738M->245M(824M) 4.033ms
[374.674s][info][gc,cpu      ] GC(586) User=0.01s Sys=0.00s Real=0.01s
[375.920s][info][gc,start    ] GC(587) Pause Young (Mixed) (G1 Evacuation Pause)
[375.920s][info][gc,task     ] GC(587) Using 2 workers of 2 for evacuation
[375.924s][info][gc,phases   ] GC(587)   Pre Evacuate Collection Set: 0.30ms
[375.924s][info][gc,phases   ] GC(587)   Merge Heap Roots: 0.16ms
[375.924s][info][gc,phases   ] GC(587)   Evacuate Collection Set: 2.43ms
[375.924s][info][gc,phases   ] GC(587)   Post Evacuate Collection Set: 0.77ms
[375.924s][info][gc,phases   ] GC(587)   Other: 0.08ms
[375.924s][info][gc,heap     ] GC(587) Eden regions: 493->0(493)
[375.924s][info][gc,heap     ] GC(587) Survivor regions: 1->1(62)
[375.924s][info][gc,heap     ] GC(587) Old regions: 40->39
[375.924s][info][gc,heap     ] GC(587) Humongous regions: 207->207
[375.924s][info][gc,metaspace] GC(587) Metaspace: 57338K(57664K)->57338K(57664K) NonClass: 51719K(51968K)->51719K(51968K) Class: 5619K(5696K)->5619K(5696K)
[375.924s][info][gc          ] GC(587) Pause Young (Mixed) (G1 Evacuation Pause) 738M->245M(824M) 3.941ms
[375.924s][info][gc,cpu      ] GC(587) User=0.00s Sys=0.00s Real=0.01s
[376.984s][info][gc,start    ] GC(588) Pause Young (Concurrent Start) (G1 Humongous Allocation)
[376.984s][info][gc,task     ] GC(588) Using 2 workers of 2 for evacuation
[376.987s][info][gc,phases   ] GC(588)   Pre Evacuate Collection Set: 0.31ms
[376.987s][info][gc,phases   ] GC(588)   Merge Heap Roots: 0.16ms
[376.987s][info][gc,phases   ] GC(588)   Evacuate Collection Set: 2.04ms
[376.987s][info][gc,phases   ] GC(588)   Post Evacuate Collection Set: 0.69ms
[376.987s][info][gc,phases   ] GC(588)   Other: 0.11ms
[376.987s][info][gc,heap     ] GC(588) Eden regions: 457->0(493)
[376.987s][info][gc,heap     ] GC(588) Survivor regions: 1->1(62)
[376.987s][info][gc,heap     ] GC(588) Old regions: 39->39
[376.987s][info][gc,heap     ] GC(588) Humongous regions: 207->207
[376.987s][info][gc,metaspace] GC(588) Metaspace: 57350K(57664K)->57350K(57664K) NonClass: 51731K(51968K)->51731K(51968K) Class: 5619K(5696K)->5619K(5696K)
[376.987s][info][gc          ] GC(588) Pause Young (Concurrent Start) (G1 Humongous Allocation) 701M->245M(824M) 3.492ms
[376.987s][info][gc,cpu      ] GC(588) User=0.01s Sys=0.00s Real=0.00s
[376.987s][info][gc          ] GC(589) Concurrent Mark Cycle
[376.987s][info][gc,marking  ] GC(589) Concurrent Scan Root Regions
[376.990s][info][gc,marking  ] GC(589) Concurrent Scan Root Regions 2.565ms
[376.990s][info][gc,marking  ] GC(589) Concurrent Mark
[376.990s][info][gc,marking  ] GC(589) Concurrent Mark From Roots
[376.990s][info][gc,task     ] GC(589) Using 1 workers of 1 for marking
[377.031s][info][gc,marking  ] GC(589) Concurrent Mark From Roots 41.031ms
[377.031s][info][gc,marking  ] GC(589) Concurrent Preclean
[377.031s][info][gc,marking  ] GC(589) Concurrent Preclean 0.073ms
[377.035s][info][gc,start    ] GC(589) Pause Remark
[377.045s][info][gc          ] GC(589) Pause Remark 285M->285M(824M) 10.104ms
[377.046s][info][gc,cpu      ] GC(589) User=0.02s Sys=0.00s Real=0.01s
[377.046s][info][gc,marking  ] GC(589) Concurrent Mark 56.151ms
[377.046s][info][gc,marking  ] GC(589) Concurrent Rebuild Remembered Sets and Scrub Regions
[377.061s][info][gc,marking  ] GC(589) Concurrent Rebuild Remembered Sets and Scrub Regions 15.458ms
[377.062s][info][gc,start    ] GC(589) Pause Cleanup
[377.062s][info][gc          ] GC(589) Pause Cleanup 285M->285M(824M) 0.085ms
[377.062s][info][gc,cpu      ] GC(589) User=0.00s Sys=0.00s Real=0.00s
[377.062s][info][gc,marking  ] GC(589) Concurrent Clear Claimed Marks
[377.062s][info][gc,marking  ] GC(589) Concurrent Clear Claimed Marks 0.092ms
[377.062s][info][gc,marking  ] GC(589) Concurrent Cleanup for Next Mark
[377.064s][info][gc,marking  ] GC(589) Concurrent Cleanup for Next Mark 2.401ms
[377.064s][info][gc          ] GC(589) Concurrent Mark Cycle 77.122ms
[380.267s][info][gc,start    ] GC(590) Pause Young (Prepare Mixed) (G1 Evacuation Pause)
[380.267s][info][gc,task     ] GC(590) Using 2 workers of 2 for evacuation
[380.280s][info][gc,phases   ] GC(590)   Pre Evacuate Collection Set: 0.32ms
[380.280s][info][gc,phases   ] GC(590)   Merge Heap Roots: 0.19ms
[380.280s][info][gc,phases   ] GC(590)   Evacuate Collection Set: 11.80ms
[380.280s][info][gc,phases   ] GC(590)   Post Evacuate Collection Set: 0.89ms
[380.280s][info][gc,phases   ] GC(590)   Other: 0.10ms
[380.280s][info][gc,heap     ] GC(590) Eden regions: 421->0(489)
[380.280s][info][gc,heap     ] GC(590) Survivor regions: 1->13(62)
[380.280s][info][gc,heap     ] GC(590) Old regions: 39->39
[380.280s][info][gc,heap     ] GC(590) Humongous regions: 363->207
[380.280s][info][gc,metaspace] GC(590) Metaspace: 57428K(57728K)->57428K(57728K) NonClass: 51807K(52032K)->51807K(52032K) Class: 5620K(5696K)->5620K(5696K)
[380.280s][info][gc          ] GC(590) Pause Young (Prepare Mixed) (G1 Evacuation Pause) 822M->257M(837M) 13.531ms
[380.280s][info][gc,cpu      ] GC(590) User=0.02s Sys=0.01s Real=0.01s
[381.463s][info][gc,start    ] GC(591) Pause Young (Mixed) (G1 Evacuation Pause)
[381.463s][info][gc,task     ] GC(591) Using 2 workers of 2 for evacuation
[381.472s][info][gc,phases   ] GC(591)   Pre Evacuate Collection Set: 0.30ms
[381.472s][info][gc,phases   ] GC(591)   Merge Heap Roots: 0.18ms
[381.472s][info][gc,phases   ] GC(591)   Evacuate Collection Set: 7.61ms
[381.472s][info][gc,phases   ] GC(591)   Post Evacuate Collection Set: 0.82ms
[381.472s][info][gc,phases   ] GC(591)   Other: 0.13ms
[381.472s][info][gc,heap     ] GC(591) Eden regions: 489->0(487)
[381.472s][info][gc,heap     ] GC(591) Survivor regions: 13->15(63)
[381.472s][info][gc,heap     ] GC(591) Old regions: 39->38
[381.472s][info][gc,heap     ] GC(591) Humongous regions: 207->207
[381.472s][info][gc,metaspace] GC(591) Metaspace: 57428K(57728K)->57428K(57728K) NonClass: 51807K(52032K)->51807K(52032K) Class: 5620K(5696K)->5620K(5696K)
[381.472s][info][gc          ] GC(591) Pause Young (Mixed) (G1 Evacuation Pause) 746M->259M(837M) 9.282ms
[381.472s][info][gc,cpu      ] GC(591) User=0.02s Sys=0.00s Real=0.01s
[382.642s][info][gc,start    ] GC(592) Pause Young (Normal) (G1 Evacuation Pause)
[382.642s][info][gc,task     ] GC(592) Using 2 workers of 2 for evacuation
[382.654s][info][gc,phases   ] GC(592)   Pre Evacuate Collection Set: 0.28ms
[382.654s][info][gc,phases   ] GC(592)   Merge Heap Roots: 0.17ms
[382.654s][info][gc,phases   ] GC(592)   Evacuate Collection Set: 10.10ms
[382.654s][info][gc,phases   ] GC(592)   Post Evacuate Collection Set: 0.83ms
[382.654s][info][gc,phases   ] GC(592)   Other: 0.12ms
[382.654s][info][gc,heap     ] GC(592) Eden regions: 487->0(485)
[382.654s][info][gc,heap     ] GC(592) Survivor regions: 15->17(63)
[382.654s][info][gc,heap     ] GC(592) Old regions: 38->38
[382.654s][info][gc,heap     ] GC(592) Humongous regions: 207->207
[382.654s][info][gc,metaspace] GC(592) Metaspace: 57428K(57728K)->57428K(57728K) NonClass: 51807K(52032K)->51807K(52032K) Class: 5620K(5696K)->5620K(5696K)
[382.654s][info][gc          ] GC(592) Pause Young (Normal) (G1 Evacuation Pause) 746M->261M(837M) 11.685ms
[382.654s][info][gc,cpu      ] GC(592) User=0.03s Sys=0.00s Real=0.01s
[383.840s][info][gc,start    ] GC(593) Pause Young (Normal) (G1 Evacuation Pause)
[383.840s][info][gc,task     ] GC(593) Using 2 workers of 2 for evacuation
[383.850s][info][gc,phases   ] GC(593)   Pre Evacuate Collection Set: 0.30ms
[383.850s][info][gc,phases   ] GC(593)   Merge Heap Roots: 0.16ms
[383.850s][info][gc,phases   ] GC(593)   Evacuate Collection Set: 9.23ms
[383.850s][info][gc,phases   ] GC(593)   Post Evacuate Collection Set: 0.83ms
[383.850s][info][gc,phases   ] GC(593)   Other: 0.08ms
[383.850s][info][gc,heap     ] GC(593) Eden regions: 485->0(487)
[383.850s][info][gc,heap     ] GC(593) Survivor regions: 17->15(63)
[383.850s][info][gc,heap     ] GC(593) Old regions: 38->38
[383.850s][info][gc,heap     ] GC(593) Humongous regions: 207->207
[383.850s][info][gc,metaspace] GC(593) Metaspace: 57428K(57728K)->57428K(57728K) NonClass: 51807K(52032K)->51807K(52032K) Class: 5620K(5696K)->5620K(5696K)
[383.850s][info][gc          ] GC(593) Pause Young (Normal) (G1 Evacuation Pause) 746M->259M(837M) 10.779ms
[383.850s][info][gc,cpu      ] GC(593) User=0.02s Sys=0.00s Real=0.01s
[385.038s][info][gc,start    ] GC(594) Pause Young (Normal) (G1 Evacuation Pause)
[385.038s][info][gc,task     ] GC(594) Using 2 workers of 2 for evacuation
[385.048s][info][gc,phases   ] GC(594)   Pre Evacuate Collection Set: 0.30ms
[385.048s][info][gc,phases   ] GC(594)   Merge Heap Roots: 0.15ms
[385.048s][info][gc,phases   ] GC(594)   Evacuate Collection Set: 8.44ms
[385.048s][info][gc,phases   ] GC(594)   Post Evacuate Collection Set: 0.83ms
[385.048s][info][gc,phases   ] GC(594)   Other: 0.08ms
[385.048s][info][gc,heap     ] GC(594) Eden regions: 487->0(486)
[385.048s][info][gc,heap     ] GC(594) Survivor regions: 15->16(63)
[385.048s][info][gc,heap     ] GC(594) Old regions: 38->38
[385.048s][info][gc,heap     ] GC(594) Humongous regions: 207->207
[385.048s][info][gc,metaspace] GC(594) Metaspace: 57429K(57728K)->57429K(57728K) NonClass: 51809K(52032K)->51809K(52032K) Class: 5620K(5696K)->5620K(5696K)
[385.048s][info][gc          ] GC(594) Pause Young (Normal) (G1 Evacuation Pause) 746M->260M(837M) 9.991ms
[385.048s][info][gc,cpu      ] GC(594) User=0.01s Sys=0.00s Real=0.01s
[386.231s][info][gc,start    ] GC(595) Pause Young (Normal) (G1 Evacuation Pause)
[386.232s][info][gc,task     ] GC(595) Using 2 workers of 2 for evacuation
[386.241s][info][gc,phases   ] GC(595)   Pre Evacuate Collection Set: 0.30ms
[386.241s][info][gc,phases   ] GC(595)   Merge Heap Roots: 0.15ms
[386.241s][info][gc,phases   ] GC(595)   Evacuate Collection Set: 7.64ms
[386.241s][info][gc,phases   ] GC(595)   Post Evacuate Collection Set: 0.85ms
[386.241s][info][gc,phases   ] GC(595)   Other: 0.10ms
[386.241s][info][gc,heap     ] GC(595) Eden regions: 486->0(487)
[386.241s][info][gc,heap     ] GC(595) Survivor regions: 16->15(63)
[386.241s][info][gc,heap     ] GC(595) Old regions: 38->38
[386.241s][info][gc,heap     ] GC(595) Humongous regions: 207->207
[386.241s][info][gc,metaspace] GC(595) Metaspace: 57429K(57728K)->57429K(57728K) NonClass: 51809K(52032K)->51809K(52032K) Class: 5620K(5696K)->5620K(5696K)
[386.241s][info][gc          ] GC(595) Pause Young (Normal) (G1 Evacuation Pause) 745M->259M(837M) 9.221ms
[386.241s][info][gc,cpu      ] GC(595) User=0.01s Sys=0.00s Real=0.01s
[387.428s][info][gc,start    ] GC(596) Pause Young (Normal) (G1 Evacuation Pause)
[387.428s][info][gc,task     ] GC(596) Using 2 workers of 2 for evacuation
[387.437s][info][gc,phases   ] GC(596)   Pre Evacuate Collection Set: 0.29ms
[387.437s][info][gc,phases   ] GC(596)   Merge Heap Roots: 0.15ms
[387.437s][info][gc,phases   ] GC(596)   Evacuate Collection Set: 7.27ms
[387.437s][info][gc,phases   ] GC(596)   Post Evacuate Collection Set: 0.83ms
[387.437s][info][gc,phases   ] GC(596)   Other: 0.08ms
[387.437s][info][gc,heap     ] GC(596) Eden regions: 487->0(488)
[387.437s][info][gc,heap     ] GC(596) Survivor regions: 15->14(63)
[387.437s][info][gc,heap     ] GC(596) Old regions: 38->38
[387.437s][info][gc,heap     ] GC(596) Humongous regions: 207->207
[387.437s][info][gc,metaspace] GC(596) Metaspace: 57429K(57728K)->57429K(57728K) NonClass: 51809K(52032K)->51809K(52032K) Class: 5620K(5696K)->5620K(5696K)
[387.437s][info][gc          ] GC(596) Pause Young (Normal) (G1 Evacuation Pause) 746M->258M(837M) 8.784ms
[387.437s][info][gc,cpu      ] GC(596) User=0.01s Sys=0.00s Real=0.01s
[388.622s][info][gc,start    ] GC(597) Pause Young (Normal) (G1 Evacuation Pause)
[388.622s][info][gc,task     ] GC(597) Using 2 workers of 2 for evacuation
[388.630s][info][gc,phases   ] GC(597)   Pre Evacuate Collection Set: 0.32ms
[388.630s][info][gc,phases   ] GC(597)   Merge Heap Roots: 0.16ms
[388.630s][info][gc,phases   ] GC(597)   Evacuate Collection Set: 6.25ms
[388.630s][info][gc,phases   ] GC(597)   Post Evacuate Collection Set: 0.85ms
[388.630s][info][gc,phases   ] GC(597)   Other: 0.09ms
[388.630s][info][gc,heap     ] GC(597) Eden regions: 488->0(488)
[388.630s][info][gc,heap     ] GC(597) Survivor regions: 14->14(63)
[388.630s][info][gc,heap     ] GC(597) Old regions: 38->38
[388.630s][info][gc,heap     ] GC(597) Humongous regions: 207->207
[388.630s][info][gc,metaspace] GC(597) Metaspace: 57429K(57728K)->57429K(57728K) NonClass: 51809K(52032K)->51809K(52032K) Class: 5620K(5696K)->5620K(5696K)
[388.630s][info][gc          ] GC(597) Pause Young (Normal) (G1 Evacuation Pause) 746M->258M(837M) 7.885ms
[388.630s][info][gc,cpu      ] GC(597) User=0.02s Sys=0.00s Real=0.00s
[389.759s][info][gc,start    ] GC(598) Pause Young (Normal) (G1 Evacuation Pause)
[389.759s][info][gc,task     ] GC(598) Using 2 workers of 2 for evacuation
[389.767s][info][gc,phases   ] GC(598)   Pre Evacuate Collection Set: 0.29ms
[389.767s][info][gc,phases   ] GC(598)   Merge Heap Roots: 0.16ms
[389.767s][info][gc,phases   ] GC(598)   Evacuate Collection Set: 7.10ms
[389.767s][info][gc,phases   ] GC(598)   Post Evacuate Collection Set: 0.83ms
[389.767s][info][gc,phases   ] GC(598)   Other: 0.09ms
[389.767s][info][gc,heap     ] GC(598) Eden regions: 488->0(487)
[389.767s][info][gc,heap     ] GC(598) Survivor regions: 14->15(63)
[389.767s][info][gc,heap     ] GC(598) Old regions: 38->38
[389.767s][info][gc,heap     ] GC(598) Humongous regions: 207->207
[389.767s][info][gc,metaspace] GC(598) Metaspace: 57429K(57728K)->57429K(57728K) NonClass: 51809K(52032K)->51809K(52032K) Class: 5620K(5696K)->5620K(5696K)
[389.767s][info][gc          ] GC(598) Pause Young (Normal) (G1 Evacuation Pause) 746M->259M(837M) 8.655ms
[389.767s][info][gc,cpu      ] GC(598) User=0.02s Sys=0.00s Real=0.01s
[390.963s][info][gc,start    ] GC(599) Pause Young (Normal) (G1 Evacuation Pause)
[390.963s][info][gc,task     ] GC(599) Using 2 workers of 2 for evacuation
[390.973s][info][gc,phases   ] GC(599)   Pre Evacuate Collection Set: 0.30ms
[390.973s][info][gc,phases   ] GC(599)   Merge Heap Roots: 0.16ms
[390.973s][info][gc,phases   ] GC(599)   Evacuate Collection Set: 8.52ms
[390.973s][info][gc,phases   ] GC(599)   Post Evacuate Collection Set: 0.86ms
[390.973s][info][gc,phases   ] GC(599)   Other: 0.09ms
[390.973s][info][gc,heap     ] GC(599) Eden regions: 487->0(486)
[390.973s][info][gc,heap     ] GC(599) Survivor regions: 15->16(63)
[390.973s][info][gc,heap     ] GC(599) Old regions: 38->39
[390.973s][info][gc,heap     ] GC(599) Humongous regions: 207->207
[390.973s][info][gc,metaspace] GC(599) Metaspace: 57429K(57728K)->57429K(57728K) NonClass: 51809K(52032K)->51809K(52032K) Class: 5620K(5696K)->5620K(5696K)
[390.973s][info][gc          ] GC(599) Pause Young (Normal) (G1 Evacuation Pause) 746M->260M(837M) 10.132ms
[390.973s][info][gc,cpu      ] GC(599) User=0.01s Sys=0.00s Real=0.01s
[392.137s][info][gc,start    ] GC(600) Pause Young (Normal) (G1 Evacuation Pause)
[392.137s][info][gc,task     ] GC(600) Using 2 workers of 2 for evacuation
[392.147s][info][gc,phases   ] GC(600)   Pre Evacuate Collection Set: 0.30ms
[392.147s][info][gc,phases   ] GC(600)   Merge Heap Roots: 0.17ms
[392.147s][info][gc,phases   ] GC(600)   Evacuate Collection Set: 9.27ms
[392.148s][info][gc,phases   ] GC(600)   Post Evacuate Collection Set: 0.87ms
[392.148s][info][gc,phases   ] GC(600)   Other: 0.11ms
[392.148s][info][gc,heap     ] GC(600) Eden regions: 486->0(485)
[392.148s][info][gc,heap     ] GC(600) Survivor regions: 16->17(63)
[392.148s][info][gc,heap     ] GC(600) Old regions: 39->39
[392.148s][info][gc,heap     ] GC(600) Humongous regions: 207->207
[392.148s][info][gc,metaspace] GC(600) Metaspace: 57429K(57728K)->57429K(57728K) NonClass: 51809K(52032K)->51809K(52032K) Class: 5620K(5696K)->5620K(5696K)
[392.148s][info][gc          ] GC(600) Pause Young (Normal) (G1 Evacuation Pause) 746M->261M(837M) 10.929ms
[392.148s][info][gc,cpu      ] GC(600) User=0.02s Sys=0.00s Real=0.01s
[393.338s][info][gc,start    ] GC(601) Pause Young (Normal) (G1 Evacuation Pause)
[393.338s][info][gc,task     ] GC(601) Using 2 workers of 2 for evacuation
[393.349s][info][gc,phases   ] GC(601)   Pre Evacuate Collection Set: 0.51ms
[393.349s][info][gc,phases   ] GC(601)   Merge Heap Roots: 0.26ms
[393.349s][info][gc,phases   ] GC(601)   Evacuate Collection Set: 9.08ms
[393.349s][info][gc,phases   ] GC(601)   Post Evacuate Collection Set: 0.83ms
[393.349s][info][gc,phases   ] GC(601)   Other: 0.11ms
[393.349s][info][gc,heap     ] GC(601) Eden regions: 485->0(485)
[393.349s][info][gc,heap     ] GC(601) Survivor regions: 17->17(63)
[393.349s][info][gc,heap     ] GC(601) Old regions: 39->39
[393.349s][info][gc,heap     ] GC(601) Humongous regions: 207->207
[393.349s][info][gc,metaspace] GC(601) Metaspace: 57429K(57728K)->57429K(57728K) NonClass: 51809K(52032K)->51809K(52032K) Class: 5620K(5696K)->5620K(5696K)
[393.349s][info][gc          ] GC(601) Pause Young (Normal) (G1 Evacuation Pause) 746M->261M(837M) 10.996ms
[393.349s][info][gc,cpu      ] GC(601) User=0.01s Sys=0.00s Real=0.01s
[394.529s][info][gc,start    ] GC(602) Pause Young (Normal) (G1 Evacuation Pause)
[394.529s][info][gc,task     ] GC(602) Using 2 workers of 2 for evacuation
[394.538s][info][gc,phases   ] GC(602)   Pre Evacuate Collection Set: 0.31ms
[394.539s][info][gc,phases   ] GC(602)   Merge Heap Roots: 0.15ms
[394.539s][info][gc,phases   ] GC(602)   Evacuate Collection Set: 7.88ms
[394.539s][info][gc,phases   ] GC(602)   Post Evacuate Collection Set: 0.83ms
[394.539s][info][gc,phases   ] GC(602)   Other: 0.11ms
[394.539s][info][gc,heap     ] GC(602) Eden regions: 485->0(483)
[394.539s][info][gc,heap     ] GC(602) Survivor regions: 17->19(63)
[394.539s][info][gc,heap     ] GC(602) Old regions: 39->39
[394.539s][info][gc,heap     ] GC(602) Humongous regions: 207->207
[394.539s][info][gc,metaspace] GC(602) Metaspace: 57429K(57728K)->57429K(57728K) NonClass: 51809K(52032K)->51809K(52032K) Class: 5620K(5696K)->5620K(5696K)
[394.539s][info][gc          ] GC(602) Pause Young (Normal) (G1 Evacuation Pause) 746M->263M(837M) 9.482ms
[394.539s][info][gc,cpu      ] GC(602) User=0.02s Sys=0.00s Real=0.01s
[395.724s][info][gc,start    ] GC(603) Pause Young (Normal) (G1 Evacuation Pause)
[395.724s][info][gc,task     ] GC(603) Using 2 workers of 2 for evacuation
[395.733s][info][gc,phases   ] GC(603)   Pre Evacuate Collection Set: 0.32ms
[395.733s][info][gc,phases   ] GC(603)   Merge Heap Roots: 0.16ms
[395.733s][info][gc,phases   ] GC(603)   Evacuate Collection Set: 7.10ms
[395.733s][info][gc,phases   ] GC(603)   Post Evacuate Collection Set: 0.87ms
[395.733s][info][gc,phases   ] GC(603)   Other: 0.09ms
[395.733s][info][gc,heap     ] GC(603) Eden regions: 483->0(484)
[395.733s][info][gc,heap     ] GC(603) Survivor regions: 19->18(63)
[395.733s][info][gc,heap     ] GC(603) Old regions: 39->39
[395.733s][info][gc,heap     ] GC(603) Humongous regions: 207->207
[395.733s][info][gc,metaspace] GC(603) Metaspace: 57429K(57728K)->57429K(57728K) NonClass: 51809K(52032K)->51809K(52032K) Class: 5620K(5696K)->5620K(5696K)
[395.733s][info][gc          ] GC(603) Pause Young (Normal) (G1 Evacuation Pause) 746M->263M(837M) 8.724ms
[395.733s][info][gc,cpu      ] GC(603) User=0.01s Sys=0.00s Real=0.01s
[396.946s][info][gc,start    ] GC(604) Pause Young (Normal) (G1 Evacuation Pause)
[396.946s][info][gc,task     ] GC(604) Using 2 workers of 2 for evacuation
[396.959s][info][gc,phases   ] GC(604)   Pre Evacuate Collection Set: 0.39ms
[396.959s][info][gc,phases   ] GC(604)   Merge Heap Roots: 0.16ms
[396.959s][info][gc,phases   ] GC(604)   Evacuate Collection Set: 11.79ms
[396.959s][info][gc,phases   ] GC(604)   Post Evacuate Collection Set: 0.85ms
[396.959s][info][gc,phases   ] GC(604)   Other: 0.10ms
[396.959s][info][gc,heap     ] GC(604) Eden regions: 484->0(484)
[396.959s][info][gc,heap     ] GC(604) Survivor regions: 18->18(63)
[396.959s][info][gc,heap     ] GC(604) Old regions: 39->39
[396.959s][info][gc,heap     ] GC(604) Humongous regions: 207->207
[396.959s][info][gc,metaspace] GC(604) Metaspace: 57429K(57728K)->57429K(57728K) NonClass: 51809K(52032K)->51809K(52032K) Class: 5620K(5696K)->5620K(5696K)
[396.959s][info][gc          ] GC(604) Pause Young (Normal) (G1 Evacuation Pause) 747M->263M(837M) 13.507ms
[396.959s][info][gc,cpu      ] GC(604) User=0.02s Sys=0.00s Real=0.01s
[398.051s][info][gc,start    ] GC(605) Pause Young (Normal) (G1 Evacuation Pause)
[398.051s][info][gc,task     ] GC(605) Using 2 workers of 2 for evacuation
[398.062s][info][gc,phases   ] GC(605)   Pre Evacuate Collection Set: 0.31ms
[398.062s][info][gc,phases   ] GC(605)   Merge Heap Roots: 0.17ms
[398.062s][info][gc,phases   ] GC(605)   Evacuate Collection Set: 9.30ms
[398.062s][info][gc,phases   ] GC(605)   Post Evacuate Collection Set: 0.83ms
[398.062s][info][gc,phases   ] GC(605)   Other: 0.12ms
[398.062s][info][gc,heap     ] GC(605) Eden regions: 484->0(494)
[398.062s][info][gc,heap     ] GC(605) Survivor regions: 18->8(63)
[398.062s][info][gc,heap     ] GC(605) Old regions: 39->51
[398.062s][info][gc,heap     ] GC(605) Humongous regions: 207->207
[398.062s][info][gc,metaspace] GC(605) Metaspace: 57429K(57728K)->57429K(57728K) NonClass: 51809K(52032K)->51809K(52032K) Class: 5620K(5696K)->5620K(5696K)
[398.062s][info][gc          ] GC(605) Pause Young (Normal) (G1 Evacuation Pause) 747M->264M(837M) 10.951ms
[398.062s][info][gc,cpu      ] GC(605) User=0.02s Sys=0.00s Real=0.01s
[399.252s][info][gc,start    ] GC(606) Pause Young (Normal) (G1 Evacuation Pause)
[399.252s][info][gc,task     ] GC(606) Using 2 workers of 2 for evacuation
[399.260s][info][gc,phases   ] GC(606)   Pre Evacuate Collection Set: 0.30ms
[399.260s][info][gc,phases   ] GC(606)   Merge Heap Roots: 0.14ms
[399.260s][info][gc,phases   ] GC(606)   Evacuate Collection Set: 6.08ms
[399.260s][info][gc,phases   ] GC(606)   Post Evacuate Collection Set: 0.79ms
[399.261s][info][gc,phases   ] GC(606)   Other: 0.12ms
[399.261s][info][gc,heap     ] GC(606) Eden regions: 494->0(494)
[399.261s][info][gc,heap     ] GC(606) Survivor regions: 8->8(63)
[399.261s][info][gc,heap     ] GC(606) Old regions: 51->51
[399.261s][info][gc,heap     ] GC(606) Humongous regions: 207->207
[399.261s][info][gc,metaspace] GC(606) Metaspace: 57429K(57728K)->57429K(57728K) NonClass: 51809K(52032K)->51809K(52032K) Class: 5620K(5696K)->5620K(5696K)
[399.261s][info][gc          ] GC(606) Pause Young (Normal) (G1 Evacuation Pause) 758M->265M(837M) 8.236ms
[399.261s][info][gc,cpu      ] GC(606) User=0.01s Sys=0.00s Real=0.01s
[400.461s][info][gc,start    ] GC(607) Pause Young (Normal) (G1 Evacuation Pause)
[400.461s][info][gc,task     ] GC(607) Using 2 workers of 2 for evacuation
[400.471s][info][gc,phases   ] GC(607)   Pre Evacuate Collection Set: 0.44ms
[400.471s][info][gc,phases   ] GC(607)   Merge Heap Roots: 0.15ms
[400.471s][info][gc,phases   ] GC(607)   Evacuate Collection Set: 9.02ms
[400.471s][info][gc,phases   ] GC(607)   Post Evacuate Collection Set: 0.79ms
[400.471s][info][gc,phases   ] GC(607)   Other: 0.11ms
[400.471s][info][gc,heap     ] GC(607) Eden regions: 494->0(495)
[400.471s][info][gc,heap     ] GC(607) Survivor regions: 8->7(63)
[400.471s][info][gc,heap     ] GC(607) Old regions: 51->51
[400.471s][info][gc,heap     ] GC(607) Humongous regions: 207->207
[400.471s][info][gc,metaspace] GC(607) Metaspace: 57429K(57728K)->57429K(57728K) NonClass: 51809K(52032K)->51809K(52032K) Class: 5620K(5696K)->5620K(5696K)
[400.471s][info][gc          ] GC(607) Pause Young (Normal) (G1 Evacuation Pause) 759M->264M(837M) 10.687ms
[400.471s][info][gc,cpu      ] GC(607) User=0.01s Sys=0.00s Real=0.01s
[401.767s][info][gc,start    ] GC(608) Pause Young (Normal) (G1 Evacuation Pause)
[401.767s][info][gc,task     ] GC(608) Using 2 workers of 2 for evacuation
[401.772s][info][gc,phases   ] GC(608)   Pre Evacuate Collection Set: 0.30ms
[401.772s][info][gc,phases   ] GC(608)   Merge Heap Roots: 0.17ms
[401.772s][info][gc,phases   ] GC(608)   Evacuate Collection Set: 3.79ms
[401.772s][info][gc,phases   ] GC(608)   Post Evacuate Collection Set: 0.78ms
[401.772s][info][gc,phases   ] GC(608)   Other: 0.09ms
[401.772s][info][gc,heap     ] GC(608) Eden regions: 495->0(496)
[401.772s][info][gc,heap     ] GC(608) Survivor regions: 7->6(63)
[401.772s][info][gc,heap     ] GC(608) Old regions: 51->51
[401.772s][info][gc,heap     ] GC(608) Humongous regions: 207->207
[401.772s][info][gc,metaspace] GC(608) Metaspace: 57429K(57728K)->57429K(57728K) NonClass: 51809K(52032K)->51809K(52032K) Class: 5620K(5696K)->5620K(5696K)
[401.772s][info][gc          ] GC(608) Pause Young (Normal) (G1 Evacuation Pause) 759M->263M(837M) 5.335ms
[401.772s][info][gc,cpu      ] GC(608) User=0.01s Sys=0.00s Real=0.01s
[402.922s][info][gc,start    ] GC(609) Pause Young (Normal) (G1 Evacuation Pause)
[402.922s][info][gc,task     ] GC(609) Using 2 workers of 2 for evacuation
[402.926s][info][gc,phases   ] GC(609)   Pre Evacuate Collection Set: 0.31ms
[402.926s][info][gc,phases   ] GC(609)   Merge Heap Roots: 0.16ms
[402.926s][info][gc,phases   ] GC(609)   Evacuate Collection Set: 2.92ms
[402.926s][info][gc,phases   ] GC(609)   Post Evacuate Collection Set: 0.81ms
[402.926s][info][gc,phases   ] GC(609)   Other: 0.11ms
[402.926s][info][gc,heap     ] GC(609) Eden regions: 496->0(496)
[402.926s][info][gc,heap     ] GC(609) Survivor regions: 6->6(63)
[402.926s][info][gc,heap     ] GC(609) Old regions: 51->51
[402.926s][info][gc,heap     ] GC(609) Humongous regions: 207->207
[402.926s][info][gc,metaspace] GC(609) Metaspace: 57429K(57728K)->57429K(57728K) NonClass: 51809K(52032K)->51809K(52032K) Class: 5620K(5696K)->5620K(5696K)
[402.926s][info][gc          ] GC(609) Pause Young (Normal) (G1 Evacuation Pause) 759M->263M(837M) 4.501ms
[402.926s][info][gc,cpu      ] GC(609) User=0.01s Sys=0.00s Real=0.00s
[404.129s][info][gc,start    ] GC(610) Pause Young (Normal) (G1 Evacuation Pause)
[404.129s][info][gc,task     ] GC(610) Using 2 workers of 2 for evacuation
[404.133s][info][gc,phases   ] GC(610)   Pre Evacuate Collection Set: 0.30ms
[404.133s][info][gc,phases   ] GC(610)   Merge Heap Roots: 0.15ms
[404.133s][info][gc,phases   ] GC(610)   Evacuate Collection Set: 3.39ms
[404.133s][info][gc,phases   ] GC(610)   Post Evacuate Collection Set: 0.76ms
[404.133s][info][gc,phases   ] GC(610)   Other: 0.10ms
[404.133s][info][gc,heap     ] GC(610) Eden regions: 496->0(496)
[404.133s][info][gc,heap     ] GC(610) Survivor regions: 6->6(63)
[404.133s][info][gc,heap     ] GC(610) Old regions: 51->51
[404.133s][info][gc,heap     ] GC(610) Humongous regions: 207->207
[404.133s][info][gc,metaspace] GC(610) Metaspace: 57429K(57728K)->57429K(57728K) NonClass: 51809K(52032K)->51809K(52032K) Class: 5620K(5696K)->5620K(5696K)
[404.133s][info][gc          ] GC(610) Pause Young (Normal) (G1 Evacuation Pause) 759M->263M(837M) 4.877ms
[404.133s][info][gc,cpu      ] GC(610) User=0.01s Sys=0.00s Real=0.01s
[405.426s][info][gc,start    ] GC(611) Pause Young (Normal) (G1 Evacuation Pause)
[405.427s][info][gc,task     ] GC(611) Using 2 workers of 2 for evacuation
[405.432s][info][gc,phases   ] GC(611)   Pre Evacuate Collection Set: 0.28ms
[405.432s][info][gc,phases   ] GC(611)   Merge Heap Roots: 0.14ms
[405.432s][info][gc,phases   ] GC(611)   Evacuate Collection Set: 3.75ms
[405.432s][info][gc,phases   ] GC(611)   Post Evacuate Collection Set: 0.79ms
[405.432s][info][gc,phases   ] GC(611)   Other: 0.08ms
[405.432s][info][gc,heap     ] GC(611) Eden regions: 496->0(496)
[405.432s][info][gc,heap     ] GC(611) Survivor regions: 6->6(63)
[405.432s][info][gc,heap     ] GC(611) Old regions: 51->51
[405.432s][info][gc,heap     ] GC(611) Humongous regions: 207->207
[405.432s][info][gc,metaspace] GC(611) Metaspace: 57430K(57728K)->57430K(57728K) NonClass: 51809K(52032K)->51809K(52032K) Class: 5620K(5696K)->5620K(5696K)
[405.432s][info][gc          ] GC(611) Pause Young (Normal) (G1 Evacuation Pause) 759M->263M(837M) 5.203ms
[405.432s][info][gc,cpu      ] GC(611) User=0.01s Sys=0.00s Real=0.01s
[406.620s][info][gc,start    ] GC(612) Pause Young (Normal) (G1 Evacuation Pause)
[406.620s][info][gc,task     ] GC(612) Using 2 workers of 2 for evacuation
[406.624s][info][gc,phases   ] GC(612)   Pre Evacuate Collection Set: 0.30ms
[406.624s][info][gc,phases   ] GC(612)   Merge Heap Roots: 0.15ms
[406.624s][info][gc,phases   ] GC(612)   Evacuate Collection Set: 2.72ms
[406.624s][info][gc,phases   ] GC(612)   Post Evacuate Collection Set: 0.76ms
[406.624s][info][gc,phases   ] GC(612)   Other: 0.08ms
[406.624s][info][gc,heap     ] GC(612) Eden regions: 496->0(496)
[406.624s][info][gc,heap     ] GC(612) Survivor regions: 6->6(63)
[406.624s][info][gc,heap     ] GC(612) Old regions: 51->51
[406.624s][info][gc,heap     ] GC(612) Humongous regions: 207->207
[406.624s][info][gc,metaspace] GC(612) Metaspace: 57430K(57728K)->57430K(57728K) NonClass: 51809K(52032K)->51809K(52032K) Class: 5620K(5696K)->5620K(5696K)
[406.624s][info][gc          ] GC(612) Pause Young (Normal) (G1 Evacuation Pause) 759M->263M(837M) 4.224ms
[406.624s][info][gc,cpu      ] GC(612) User=0.01s Sys=0.00s Real=0.01s
[407.866s][info][gc,start    ] GC(613) Pause Young (Normal) (G1 Evacuation Pause)
[407.866s][info][gc,task     ] GC(613) Using 2 workers of 2 for evacuation
[407.874s][info][gc,phases   ] GC(613)   Pre Evacuate Collection Set: 0.46ms
[407.874s][info][gc,phases   ] GC(613)   Merge Heap Roots: 0.15ms
[407.874s][info][gc,phases   ] GC(613)   Evacuate Collection Set: 5.69ms
[407.874s][info][gc,phases   ] GC(613)   Post Evacuate Collection Set: 0.84ms
[407.874s][info][gc,phases   ] GC(613)   Other: 0.09ms
[407.874s][info][gc,heap     ] GC(613) Eden regions: 496->0(497)
[407.874s][info][gc,heap     ] GC(613) Survivor regions: 6->5(63)
[407.874s][info][gc,heap     ] GC(613) Old regions: 51->52
[407.874s][info][gc,heap     ] GC(613) Humongous regions: 207->207
[407.874s][info][gc,metaspace] GC(613) Metaspace: 57430K(57728K)->57430K(57728K) NonClass: 51809K(52032K)->51809K(52032K) Class: 5620K(5696K)->5620K(5696K)
[407.874s][info][gc          ] GC(613) Pause Young (Normal) (G1 Evacuation Pause) 759M->263M(837M) 7.409ms
[407.874s][info][gc,cpu      ] GC(613) User=0.01s Sys=0.00s Real=0.01s
[409.022s][info][gc,start    ] GC(614) Pause Young (Normal) (G1 Evacuation Pause)
[409.022s][info][gc,task     ] GC(614) Using 2 workers of 2 for evacuation
[409.026s][info][gc,phases   ] GC(614)   Pre Evacuate Collection Set: 0.28ms
[409.026s][info][gc,phases   ] GC(614)   Merge Heap Roots: 0.14ms
[409.026s][info][gc,phases   ] GC(614)   Evacuate Collection Set: 3.05ms
[409.026s][info][gc,phases   ] GC(614)   Post Evacuate Collection Set: 0.76ms
[409.026s][info][gc,phases   ] GC(614)   Other: 0.09ms
[409.026s][info][gc,heap     ] GC(614) Eden regions: 497->0(497)
[409.026s][info][gc,heap     ] GC(614) Survivor regions: 5->5(63)
[409.026s][info][gc,heap     ] GC(614) Old regions: 52->52
[409.026s][info][gc,heap     ] GC(614) Humongous regions: 207->207
[409.026s][info][gc,metaspace] GC(614) Metaspace: 57430K(57728K)->57430K(57728K) NonClass: 51809K(52032K)->51809K(52032K) Class: 5620K(5696K)->5620K(5696K)
[409.026s][info][gc          ] GC(614) Pause Young (Normal) (G1 Evacuation Pause) 760M->263M(837M) 4.490ms
[409.026s][info][gc,cpu      ] GC(614) User=0.01s Sys=0.00s Real=0.00s
[410.228s][info][gc,start    ] GC(615) Pause Young (Normal) (G1 Evacuation Pause)
[410.228s][info][gc,task     ] GC(615) Using 2 workers of 2 for evacuation
[410.248s][info][gc,phases   ] GC(615)   Pre Evacuate Collection Set: 1.54ms
[410.248s][info][gc,phases   ] GC(615)   Merge Heap Roots: 0.25ms
[410.248s][info][gc,phases   ] GC(615)   Evacuate Collection Set: 16.78ms
[410.249s][info][gc,phases   ] GC(615)   Post Evacuate Collection Set: 0.84ms
[410.249s][info][gc,phases   ] GC(615)   Other: 0.12ms
[410.249s][info][gc,heap     ] GC(615) Eden regions: 497->0(497)
[410.249s][info][gc,heap     ] GC(615) Survivor regions: 5->5(63)
[410.249s][info][gc,heap     ] GC(615) Old regions: 52->52
[410.249s][info][gc,heap     ] GC(615) Humongous regions: 207->207
[410.249s][info][gc,metaspace] GC(615) Metaspace: 57430K(57728K)->57430K(57728K) NonClass: 51809K(52032K)->51809K(52032K) Class: 5620K(5696K)->5620K(5696K)
[410.250s][info][gc          ] GC(615) Pause Young (Normal) (G1 Evacuation Pause) 760M->263M(837M) 21.580ms
[410.250s][info][gc,cpu      ] GC(615) User=0.01s Sys=0.00s Real=0.02s
[411.445s][info][gc,start    ] GC(616) Pause Young (Normal) (G1 Evacuation Pause)
[411.445s][info][gc,task     ] GC(616) Using 2 workers of 2 for evacuation
[411.450s][info][gc,phases   ] GC(616)   Pre Evacuate Collection Set: 0.31ms
[411.450s][info][gc,phases   ] GC(616)   Merge Heap Roots: 0.16ms
[411.450s][info][gc,phases   ] GC(616)   Evacuate Collection Set: 3.77ms
[411.450s][info][gc,phases   ] GC(616)   Post Evacuate Collection Set: 0.78ms
[411.450s][info][gc,phases   ] GC(616)   Other: 0.09ms
[411.450s][info][gc,heap     ] GC(616) Eden regions: 497->0(497)
[411.450s][info][gc,heap     ] GC(616) Survivor regions: 5->5(63)
[411.450s][info][gc,heap     ] GC(616) Old regions: 52->53
[411.450s][info][gc,heap     ] GC(616) Humongous regions: 207->207
[411.450s][info][gc,metaspace] GC(616) Metaspace: 57430K(57728K)->57430K(57728K) NonClass: 51809K(52032K)->51809K(52032K) Class: 5620K(5696K)->5620K(5696K)
[411.450s][info][gc          ] GC(616) Pause Young (Normal) (G1 Evacuation Pause) 760M->264M(837M) 5.316ms
[411.450s][info][gc,cpu      ] GC(616) User=0.01s Sys=0.00s Real=0.00s
[412.694s][info][gc,start    ] GC(617) Pause Young (Normal) (G1 Evacuation Pause)
[412.694s][info][gc,task     ] GC(617) Using 2 workers of 2 for evacuation
[412.700s][info][gc,phases   ] GC(617)   Pre Evacuate Collection Set: 0.27ms
[412.700s][info][gc,phases   ] GC(617)   Merge Heap Roots: 0.14ms
[412.700s][info][gc,phases   ] GC(617)   Evacuate Collection Set: 4.77ms
[412.700s][info][gc,phases   ] GC(617)   Post Evacuate Collection Set: 0.78ms
[412.700s][info][gc,phases   ] GC(617)   Other: 0.10ms
[412.700s][info][gc,heap     ] GC(617) Eden regions: 497->0(499)
[412.700s][info][gc,heap     ] GC(617) Survivor regions: 5->3(63)
[412.700s][info][gc,heap     ] GC(617) Old regions: 53->56
[412.700s][info][gc,heap     ] GC(617) Humongous regions: 207->207
[412.700s][info][gc,metaspace] GC(617) Metaspace: 57430K(57728K)->57430K(57728K) NonClass: 51809K(52032K)->51809K(52032K) Class: 5620K(5696K)->5620K(5696K)
[412.700s][info][gc          ] GC(617) Pause Young (Normal) (G1 Evacuation Pause) 761M->265M(837M) 6.228ms
[412.700s][info][gc,cpu      ] GC(617) User=0.01s Sys=0.00s Real=0.00s
[413.839s][info][gc,start    ] GC(618) Pause Young (Normal) (G1 Evacuation Pause)
[413.839s][info][gc,task     ] GC(618) Using 2 workers of 2 for evacuation
[413.845s][info][gc,phases   ] GC(618)   Pre Evacuate Collection Set: 0.28ms
[413.845s][info][gc,phases   ] GC(618)   Merge Heap Roots: 0.15ms
[413.845s][info][gc,phases   ] GC(618)   Evacuate Collection Set: 4.34ms
[413.845s][info][gc,phases   ] GC(618)   Post Evacuate Collection Set: 0.76ms
[413.845s][info][gc,phases   ] GC(618)   Other: 0.08ms
[413.845s][info][gc,heap     ] GC(618) Eden regions: 499->0(499)
[413.845s][info][gc,heap     ] GC(618) Survivor regions: 3->3(63)
[413.845s][info][gc,heap     ] GC(618) Old regions: 56->56
[413.845s][info][gc,heap     ] GC(618) Humongous regions: 207->207
[413.845s][info][gc,metaspace] GC(618) Metaspace: 57430K(57728K)->57430K(57728K) NonClass: 51809K(52032K)->51809K(52032K) Class: 5620K(5696K)->5620K(5696K)
[413.845s][info][gc          ] GC(618) Pause Young (Normal) (G1 Evacuation Pause) 764M->264M(837M) 5.774ms
[413.845s][info][gc,cpu      ] GC(618) User=0.01s Sys=0.00s Real=0.01s
[415.051s][info][gc,start    ] GC(619) Pause Young (Normal) (G1 Evacuation Pause)
[415.051s][info][gc,task     ] GC(619) Using 2 workers of 2 for evacuation
[415.075s][info][gc,phases   ] GC(619)   Pre Evacuate Collection Set: 0.33ms
[415.075s][info][gc,phases   ] GC(619)   Merge Heap Roots: 0.93ms
[415.075s][info][gc,phases   ] GC(619)   Evacuate Collection Set: 21.42ms
[415.075s][info][gc,phases   ] GC(619)   Post Evacuate Collection Set: 1.29ms
[415.075s][info][gc,phases   ] GC(619)   Other: 0.13ms
[415.075s][info][gc,heap     ] GC(619) Eden regions: 499->0(499)
[415.075s][info][gc,heap     ] GC(619) Survivor regions: 3->3(63)
[415.075s][info][gc,heap     ] GC(619) Old regions: 56->56
[415.075s][info][gc,heap     ] GC(619) Humongous regions: 207->207
[415.075s][info][gc,metaspace] GC(619) Metaspace: 57431K(57728K)->57431K(57728K) NonClass: 51811K(52032K)->51811K(52032K) Class: 5620K(5696K)->5620K(5696K)
[415.075s][info][gc          ] GC(619) Pause Young (Normal) (G1 Evacuation Pause) 763M->265M(837M) 24.546ms
[415.075s][info][gc,cpu      ] GC(619) User=0.02s Sys=0.00s Real=0.02s
[416.261s][info][gc,start    ] GC(620) Pause Young (Normal) (G1 Evacuation Pause)
[416.261s][info][gc,task     ] GC(620) Using 2 workers of 2 for evacuation
[416.267s][info][gc,phases   ] GC(620)   Pre Evacuate Collection Set: 0.45ms
[416.267s][info][gc,phases   ] GC(620)   Merge Heap Roots: 0.15ms
[416.267s][info][gc,phases   ] GC(620)   Evacuate Collection Set: 3.92ms
[416.267s][info][gc,phases   ] GC(620)   Post Evacuate Collection Set: 1.12ms
[416.267s][info][gc,phases   ] GC(620)   Other: 0.12ms
[416.267s][info][gc,heap     ] GC(620) Eden regions: 499->0(500)
[416.267s][info][gc,heap     ] GC(620) Survivor regions: 3->2(63)
[416.267s][info][gc,heap     ] GC(620) Old regions: 56->56
[416.267s][info][gc,heap     ] GC(620) Humongous regions: 207->207
[416.267s][info][gc,metaspace] GC(620) Metaspace: 57431K(57728K)->57431K(57728K) NonClass: 51811K(52032K)->51811K(52032K) Class: 5620K(5696K)->5620K(5696K)
[416.267s][info][gc          ] GC(620) Pause Young (Normal) (G1 Evacuation Pause) 764M->264M(837M) 5.933ms
[416.267s][info][gc,cpu      ] GC(620) User=0.01s Sys=0.00s Real=0.00s
[417.469s][info][gc,start    ] GC(621) Pause Young (Normal) (G1 Evacuation Pause)
[417.469s][info][gc,task     ] GC(621) Using 2 workers of 2 for evacuation
[417.476s][info][gc,phases   ] GC(621)   Pre Evacuate Collection Set: 0.47ms
[417.476s][info][gc,phases   ] GC(621)   Merge Heap Roots: 0.14ms
[417.476s][info][gc,phases   ] GC(621)   Evacuate Collection Set: 4.52ms
[417.476s][info][gc,phases   ] GC(621)   Post Evacuate Collection Set: 1.14ms
[417.476s][info][gc,phases   ] GC(621)   Other: 0.09ms
[417.476s][info][gc,heap     ] GC(621) Eden regions: 500->0(501)
[417.476s][info][gc,heap     ] GC(621) Survivor regions: 2->1(63)
[417.476s][info][gc,heap     ] GC(621) Old regions: 56->56
[417.476s][info][gc,heap     ] GC(621) Humongous regions: 207->207
[417.476s][info][gc,metaspace] GC(621) Metaspace: 57431K(57728K)->57431K(57728K) NonClass: 51811K(52032K)->51811K(52032K) Class: 5620K(5696K)->5620K(5696K)
[417.476s][info][gc          ] GC(621) Pause Young (Normal) (G1 Evacuation Pause) 764M->263M(837M) 6.556ms
[417.476s][info][gc,cpu      ] GC(621) User=0.01s Sys=0.00s Real=0.01s
[418.725s][info][gc,start    ] GC(622) Pause Young (Normal) (G1 Evacuation Pause)
[418.725s][info][gc,task     ] GC(622) Using 2 workers of 2 for evacuation
[418.731s][info][gc,phases   ] GC(622)   Pre Evacuate Collection Set: 0.46ms
[418.731s][info][gc,phases   ] GC(622)   Merge Heap Roots: 0.13ms
[418.731s][info][gc,phases   ] GC(622)   Evacuate Collection Set: 4.34ms
[418.731s][info][gc,phases   ] GC(622)   Post Evacuate Collection Set: 0.78ms
[418.731s][info][gc,phases   ] GC(622)   Other: 0.08ms
[418.731s][info][gc,heap     ] GC(622) Eden regions: 501->0(500)
[418.731s][info][gc,heap     ] GC(622) Survivor regions: 1->2(63)
[418.731s][info][gc,heap     ] GC(622) Old regions: 56->56
[418.731s][info][gc,heap     ] GC(622) Humongous regions: 207->207
[418.731s][info][gc,metaspace] GC(622) Metaspace: 57431K(57728K)->57431K(57728K) NonClass: 51811K(52032K)->51811K(52032K) Class: 5620K(5696K)->5620K(5696K)
[418.731s][info][gc          ] GC(622) Pause Young (Normal) (G1 Evacuation Pause) 764M->263M(837M) 5.962ms
[418.731s][info][gc,cpu      ] GC(622) User=0.00s Sys=0.00s Real=0.01s
[419.931s][info][gc,start    ] GC(623) Pause Young (Normal) (G1 Evacuation Pause)
[419.931s][info][gc,task     ] GC(623) Using 2 workers of 2 for evacuation
[419.936s][info][gc,phases   ] GC(623)   Pre Evacuate Collection Set: 0.31ms
[419.936s][info][gc,phases   ] GC(623)   Merge Heap Roots: 0.15ms
[419.936s][info][gc,phases   ] GC(623)   Evacuate Collection Set: 3.58ms
[419.936s][info][gc,phases   ] GC(623)   Post Evacuate Collection Set: 0.76ms
[419.936s][info][gc,phases   ] GC(623)   Other: 0.09ms
[419.936s][info][gc,heap     ] GC(623) Eden regions: 500->0(500)
[419.936s][info][gc,heap     ] GC(623) Survivor regions: 2->2(63)
[419.936s][info][gc,heap     ] GC(623) Old regions: 56->56
[419.936s][info][gc,heap     ] GC(623) Humongous regions: 207->207
[419.936s][info][gc,metaspace] GC(623) Metaspace: 57431K(57728K)->57431K(57728K) NonClass: 51811K(52032K)->51811K(52032K) Class: 5620K(5696K)->5620K(5696K)
[419.936s][info][gc          ] GC(623) Pause Young (Normal) (G1 Evacuation Pause) 763M->264M(837M) 5.188ms
[419.936s][info][gc,cpu      ] GC(623) User=0.01s Sys=0.00s Real=0.00s
[421.140s][info][gc,start    ] GC(624) Pause Young (Normal) (G1 Evacuation Pause)
[421.140s][info][gc,task     ] GC(624) Using 2 workers of 2 for evacuation
[421.146s][info][gc,phases   ] GC(624)   Pre Evacuate Collection Set: 0.31ms
[421.146s][info][gc,phases   ] GC(624)   Merge Heap Roots: 0.15ms
[421.146s][info][gc,phases   ] GC(624)   Evacuate Collection Set: 4.82ms
[421.146s][info][gc,phases   ] GC(624)   Post Evacuate Collection Set: 0.78ms
[421.146s][info][gc,phases   ] GC(624)   Other: 0.11ms
[421.146s][info][gc,heap     ] GC(624) Eden regions: 500->0(498)
[421.146s][info][gc,heap     ] GC(624) Survivor regions: 2->4(63)
[421.146s][info][gc,heap     ] GC(624) Old regions: 56->56
[421.146s][info][gc,heap     ] GC(624) Humongous regions: 207->207
[421.146s][info][gc,metaspace] GC(624) Metaspace: 57431K(57728K)->57431K(57728K) NonClass: 51811K(52032K)->51811K(52032K) Class: 5620K(5696K)->5620K(5696K)
[421.146s][info][gc          ] GC(624) Pause Young (Normal) (G1 Evacuation Pause) 764M->265M(837M) 6.347ms
[421.146s][info][gc,cpu      ] GC(624) User=0.01s Sys=0.00s Real=0.01s
[422.350s][info][gc,start    ] GC(625) Pause Young (Normal) (G1 Evacuation Pause)
[422.350s][info][gc,task     ] GC(625) Using 2 workers of 2 for evacuation
[422.357s][info][gc,phases   ] GC(625)   Pre Evacuate Collection Set: 0.30ms
[422.357s][info][gc,phases   ] GC(625)   Merge Heap Roots: 0.16ms
[422.357s][info][gc,phases   ] GC(625)   Evacuate Collection Set: 5.41ms
[422.357s][info][gc,phases   ] GC(625)   Post Evacuate Collection Set: 0.79ms
[422.357s][info][gc,phases   ] GC(625)   Other: 0.11ms
[422.357s][info][gc,heap     ] GC(625) Eden regions: 498->0(499)
[422.357s][info][gc,heap     ] GC(625) Survivor regions: 4->3(63)
[422.357s][info][gc,heap     ] GC(625) Old regions: 56->56
[422.357s][info][gc,heap     ] GC(625) Humongous regions: 207->207
[422.357s][info][gc,metaspace] GC(625) Metaspace: 57431K(57728K)->57431K(57728K) NonClass: 51811K(52032K)->51811K(52032K) Class: 5620K(5696K)->5620K(5696K)
[422.357s][info][gc          ] GC(625) Pause Young (Normal) (G1 Evacuation Pause) 763M->265M(837M) 6.968ms
[422.357s][info][gc,cpu      ] GC(625) User=0.02s Sys=0.00s Real=0.01s
[423.560s][info][gc,start    ] GC(626) Pause Young (Normal) (G1 Evacuation Pause)
[423.560s][info][gc,task     ] GC(626) Using 2 workers of 2 for evacuation
[423.566s][info][gc,phases   ] GC(626)   Pre Evacuate Collection Set: 0.36ms
[423.566s][info][gc,phases   ] GC(626)   Merge Heap Roots: 0.15ms
[423.566s][info][gc,phases   ] GC(626)   Evacuate Collection Set: 4.21ms
[423.566s][info][gc,phases   ] GC(626)   Post Evacuate Collection Set: 1.01ms
[423.566s][info][gc,phases   ] GC(626)   Other: 0.12ms
[423.566s][info][gc,heap     ] GC(626) Eden regions: 499->0(499)
[423.566s][info][gc,heap     ] GC(626) Survivor regions: 3->3(63)
[423.566s][info][gc,heap     ] GC(626) Old regions: 56->56
[423.566s][info][gc,heap     ] GC(626) Humongous regions: 207->207
[423.566s][info][gc,metaspace] GC(626) Metaspace: 57431K(57728K)->57431K(57728K) NonClass: 51811K(52032K)->51811K(52032K) Class: 5620K(5696K)->5620K(5696K)
[423.566s][info][gc          ] GC(626) Pause Young (Normal) (G1 Evacuation Pause) 764M->264M(837M) 6.079ms
[423.566s][info][gc,cpu      ] GC(626) User=0.01s Sys=0.00s Real=0.01s
[424.773s][info][gc,start    ] GC(627) Pause Young (Normal) (G1 Evacuation Pause)
[424.773s][info][gc,task     ] GC(627) Using 2 workers of 2 for evacuation
[424.778s][info][gc,phases   ] GC(627)   Pre Evacuate Collection Set: 0.51ms
[424.778s][info][gc,phases   ] GC(627)   Merge Heap Roots: 0.14ms
[424.778s][info][gc,phases   ] GC(627)   Evacuate Collection Set: 3.27ms
[424.778s][info][gc,phases   ] GC(627)   Post Evacuate Collection Set: 0.84ms
[424.778s][info][gc,phases   ] GC(627)   Other: 0.10ms
[424.778s][info][gc,heap     ] GC(627) Eden regions: 499->0(500)
[424.778s][info][gc,heap     ] GC(627) Survivor regions: 3->2(63)
[424.778s][info][gc,heap     ] GC(627) Old regions: 56->56
[424.778s][info][gc,heap     ] GC(627) Humongous regions: 207->207
[424.778s][info][gc,metaspace] GC(627) Metaspace: 57431K(57728K)->57431K(57728K) NonClass: 51811K(52032K)->51811K(52032K) Class: 5620K(5696K)->5620K(5696K)
[424.778s][info][gc          ] GC(627) Pause Young (Normal) (G1 Evacuation Pause) 763M->263M(837M) 5.056ms
[424.778s][info][gc,cpu      ] GC(627) User=0.01s Sys=0.00s Real=0.00s
[426.025s][info][gc,start    ] GC(628) Pause Young (Normal) (G1 Evacuation Pause)
[426.025s][info][gc,task     ] GC(628) Using 2 workers of 2 for evacuation
[426.030s][info][gc,phases   ] GC(628)   Pre Evacuate Collection Set: 0.51ms
[426.030s][info][gc,phases   ] GC(628)   Merge Heap Roots: 0.16ms
[426.030s][info][gc,phases   ] GC(628)   Evacuate Collection Set: 3.26ms
[426.030s][info][gc,phases   ] GC(628)   Post Evacuate Collection Set: 0.77ms
[426.030s][info][gc,phases   ] GC(628)   Other: 0.12ms
[426.030s][info][gc,heap     ] GC(628) Eden regions: 500->0(500)
[426.030s][info][gc,heap     ] GC(628) Survivor regions: 2->2(63)
[426.030s][info][gc,heap     ] GC(628) Old regions: 56->56
[426.030s][info][gc,heap     ] GC(628) Humongous regions: 207->207
[426.030s][info][gc,metaspace] GC(628) Metaspace: 57431K(57728K)->57431K(57728K) NonClass: 51811K(52032K)->51811K(52032K) Class: 5620K(5696K)->5620K(5696K)
[426.030s][info][gc          ] GC(628) Pause Young (Normal) (G1 Evacuation Pause) 763M->263M(837M) 5.021ms
[426.030s][info][gc,cpu      ] GC(628) User=0.00s Sys=0.01s Real=0.00s
[427.230s][info][gc,start    ] GC(629) Pause Young (Normal) (G1 Evacuation Pause)
[427.230s][info][gc,task     ] GC(629) Using 2 workers of 2 for evacuation
[427.235s][info][gc,phases   ] GC(629)   Pre Evacuate Collection Set: 0.33ms
[427.235s][info][gc,phases   ] GC(629)   Merge Heap Roots: 0.17ms
[427.235s][info][gc,phases   ] GC(629)   Evacuate Collection Set: 3.89ms
[427.235s][info][gc,phases   ] GC(629)   Post Evacuate Collection Set: 0.79ms
[427.235s][info][gc,phases   ] GC(629)   Other: 0.11ms
[427.235s][info][gc,heap     ] GC(629) Eden regions: 500->0(499)
[427.235s][info][gc,heap     ] GC(629) Survivor regions: 2->3(63)
[427.236s][info][gc,heap     ] GC(629) Old regions: 56->56
[427.236s][info][gc,heap     ] GC(629) Humongous regions: 207->207
[427.236s][info][gc,metaspace] GC(629) Metaspace: 57431K(57728K)->57431K(57728K) NonClass: 51811K(52032K)->51811K(52032K) Class: 5620K(5696K)->5620K(5696K)
[427.236s][info][gc          ] GC(629) Pause Young (Normal) (G1 Evacuation Pause) 763M->265M(837M) 5.506ms
[427.236s][info][gc,cpu      ] GC(629) User=0.01s Sys=0.00s Real=0.01s
[428.443s][info][gc,start    ] GC(630) Pause Young (Normal) (G1 Evacuation Pause)
[428.443s][info][gc,task     ] GC(630) Using 2 workers of 2 for evacuation
[428.453s][info][gc,phases   ] GC(630)   Pre Evacuate Collection Set: 0.50ms
[428.453s][info][gc,phases   ] GC(630)   Merge Heap Roots: 0.17ms
[428.453s][info][gc,phases   ] GC(630)   Evacuate Collection Set: 7.87ms
[428.453s][info][gc,phases   ] GC(630)   Post Evacuate Collection Set: 1.19ms
[428.453s][info][gc,phases   ] GC(630)   Other: 0.10ms
[428.453s][info][gc,heap     ] GC(630) Eden regions: 499->0(500)
[428.453s][info][gc,heap     ] GC(630) Survivor regions: 3->2(63)
[428.453s][info][gc,heap     ] GC(630) Old regions: 56->56
[428.453s][info][gc,heap     ] GC(630) Humongous regions: 207->207
[428.453s][info][gc,metaspace] GC(630) Metaspace: 57431K(57728K)->57431K(57728K) NonClass: 51811K(52032K)->51811K(52032K) Class: 5620K(5696K)->5620K(5696K)
[428.453s][info][gc          ] GC(630) Pause Young (Normal) (G1 Evacuation Pause) 764M->264M(837M) 10.021ms
[428.453s][info][gc,cpu      ] GC(630) User=0.01s Sys=0.00s Real=0.01s
[429.483s][info][gc,start    ] GC(631) Pause Young (Concurrent Start) (G1 Humongous Allocation)
[429.483s][info][gc,task     ] GC(631) Using 2 workers of 2 for evacuation
[429.487s][info][gc,phases   ] GC(631)   Pre Evacuate Collection Set: 0.41ms
[429.487s][info][gc,phases   ] GC(631)   Merge Heap Roots: 0.14ms
[429.487s][info][gc,phases   ] GC(631)   Evacuate Collection Set: 2.26ms
[429.487s][info][gc,phases   ] GC(631)   Post Evacuate Collection Set: 0.76ms
[429.487s][info][gc,phases   ] GC(631)   Other: 0.17ms
[429.487s][info][gc,heap     ] GC(631) Eden regions: 434->0(501)
[429.487s][info][gc,heap     ] GC(631) Survivor regions: 2->1(63)
[429.487s][info][gc,heap     ] GC(631) Old regions: 56->56
[429.487s][info][gc,heap     ] GC(631) Humongous regions: 207->207
[429.487s][info][gc,metaspace] GC(631) Metaspace: 57435K(57728K)->57435K(57728K) NonClass: 51815K(52032K)->51815K(52032K) Class: 5620K(5696K)->5620K(5696K)
[429.487s][info][gc          ] GC(631) Pause Young (Concurrent Start) (G1 Humongous Allocation) 698M->262M(837M) 3.961ms
[429.487s][info][gc          ] GC(632) Concurrent Undo Cycle
[429.487s][info][gc,marking  ] GC(632) Concurrent Clear Claimed Marks
[429.487s][info][gc,marking  ] GC(632) Concurrent Clear Claimed Marks 0.076ms
[429.487s][info][gc,marking  ] GC(632) Concurrent Cleanup for Next Mark
[429.487s][info][gc,cpu      ] GC(631) User=0.01s Sys=0.00s Real=0.00s
[429.488s][info][gc,marking  ] GC(632) Concurrent Cleanup for Next Mark 0.536ms
[429.488s][info][gc          ] GC(632) Concurrent Undo Cycle 0.672ms
[429.625s][info][gc,start    ] GC(633) Pause Young (Concurrent Start) (G1 Humongous Allocation)
[429.625s][info][gc,task     ] GC(633) Using 2 workers of 2 for evacuation
[429.628s][info][gc,phases   ] GC(633)   Pre Evacuate Collection Set: 0.34ms
[429.628s][info][gc,phases   ] GC(633)   Merge Heap Roots: 0.06ms
[429.628s][info][gc,phases   ] GC(633)   Evacuate Collection Set: 1.99ms
[429.628s][info][gc,phases   ] GC(633)   Post Evacuate Collection Set: 0.38ms
[429.628s][info][gc,phases   ] GC(633)   Other: 0.13ms
[429.628s][info][gc,heap     ] GC(633) Eden regions: 2->0(490)
[429.628s][info][gc,heap     ] GC(633) Survivor regions: 1->1(63)
[429.628s][info][gc,heap     ] GC(633) Old regions: 56->56
[429.628s][info][gc,heap     ] GC(633) Humongous regions: 246->246
[429.628s][info][gc,metaspace] GC(633) Metaspace: 57435K(57728K)->57435K(57728K) NonClass: 51815K(52032K)->51815K(52032K) Class: 5620K(5696K)->5620K(5696K)
[429.628s][info][gc          ] GC(633) Pause Young (Concurrent Start) (G1 Humongous Allocation) 303M->301M(837M) 3.093ms
[429.628s][info][gc,cpu      ] GC(633) User=0.00s Sys=0.00s Real=0.00s
[429.628s][info][gc          ] GC(634) Concurrent Mark Cycle
[429.628s][info][gc,marking  ] GC(634) Concurrent Scan Root Regions
[429.630s][info][gc,marking  ] GC(634) Concurrent Scan Root Regions 1.625ms
[429.630s][info][gc,marking  ] GC(634) Concurrent Mark
[429.630s][info][gc,marking  ] GC(634) Concurrent Mark From Roots
[429.630s][info][gc,task     ] GC(634) Using 1 workers of 1 for marking
[429.671s][info][gc,marking  ] GC(634) Concurrent Mark From Roots 40.766ms
[429.671s][info][gc,marking  ] GC(634) Concurrent Preclean
[429.671s][info][gc,marking  ] GC(634) Concurrent Preclean 0.059ms
[429.671s][info][gc,start    ] GC(634) Pause Remark
[429.681s][info][gc          ] GC(634) Pause Remark 341M->336M(837M) 10.299ms
[429.681s][info][gc,cpu      ] GC(634) User=0.01s Sys=0.00s Real=0.01s
[429.681s][info][gc,marking  ] GC(634) Concurrent Mark 51.452ms
[429.681s][info][gc,marking  ] GC(634) Concurrent Rebuild Remembered Sets and Scrub Regions
[429.697s][info][gc,marking  ] GC(634) Concurrent Rebuild Remembered Sets and Scrub Regions 15.671ms
[429.697s][info][gc,start    ] GC(634) Pause Cleanup
[429.697s][info][gc          ] GC(634) Pause Cleanup 336M->336M(837M) 0.063ms
[429.697s][info][gc,cpu      ] GC(634) User=0.00s Sys=0.00s Real=0.00s
[429.697s][info][gc,marking  ] GC(634) Concurrent Clear Claimed Marks
[429.697s][info][gc,marking  ] GC(634) Concurrent Clear Claimed Marks 0.088ms
[429.697s][info][gc,marking  ] GC(634) Concurrent Cleanup for Next Mark
[429.700s][info][gc,marking  ] GC(634) Concurrent Cleanup for Next Mark 2.775ms
[429.700s][info][gc          ] GC(634) Concurrent Mark Cycle 72.002ms
[432.556s][info][gc,start    ] GC(635) Pause Young (Prepare Mixed) (G1 Evacuation Pause)
[432.556s][info][gc,task     ] GC(635) Using 2 workers of 2 for evacuation
[432.578s][info][gc,phases   ] GC(635)   Pre Evacuate Collection Set: 0.33ms
[432.578s][info][gc,phases   ] GC(635)   Merge Heap Roots: 0.17ms
[432.578s][info][gc,phases   ] GC(635)   Evacuate Collection Set: 19.94ms
[432.578s][info][gc,phases   ] GC(635)   Post Evacuate Collection Set: 0.91ms
[432.578s][info][gc,phases   ] GC(635)   Other: 0.10ms
[432.578s][info][gc,heap     ] GC(635) Eden regions: 422->0(492)
[432.578s][info][gc,heap     ] GC(635) Survivor regions: 1->25(62)
[432.578s][info][gc,heap     ] GC(635) Old regions: 51->51
[432.578s][info][gc,heap     ] GC(635) Humongous regions: 363->207
[432.578s][info][gc,metaspace] GC(635) Metaspace: 57568K(57920K)->57568K(57920K) NonClass: 51947K(52224K)->51947K(52224K) Class: 5620K(5696K)->5620K(5696K)
[432.578s][info][gc          ] GC(635) Pause Young (Prepare Mixed) (G1 Evacuation Pause) 835M->282M(862M) 21.639ms
[432.578s][info][gc,cpu      ] GC(635) User=0.02s Sys=0.01s Real=0.02s
[433.747s][info][gc,start    ] GC(636) Pause Young (Mixed) (G1 Evacuation Pause)
[433.747s][info][gc,task     ] GC(636) Using 2 workers of 2 for evacuation
[433.759s][info][gc,phases   ] GC(636)   Pre Evacuate Collection Set: 0.31ms
[433.759s][info][gc,phases   ] GC(636)   Merge Heap Roots: 0.14ms
[433.759s][info][gc,phases   ] GC(636)   Evacuate Collection Set: 10.25ms
[433.759s][info][gc,phases   ] GC(636)   Post Evacuate Collection Set: 0.86ms
[433.759s][info][gc,phases   ] GC(636)   Other: 0.08ms
[433.759s][info][gc,heap     ] GC(636) Eden regions: 492->0(491)
[433.759s][info][gc,heap     ] GC(636) Survivor regions: 25->26(65)
[433.759s][info][gc,heap     ] GC(636) Old regions: 51->48
[433.759s][info][gc,heap     ] GC(636) Humongous regions: 207->207
[433.759s][info][gc,metaspace] GC(636) Metaspace: 57568K(57920K)->57568K(57920K) NonClass: 51947K(52224K)->51947K(52224K) Class: 5620K(5696K)->5620K(5696K)
[433.759s][info][gc          ] GC(636) Pause Young (Mixed) (G1 Evacuation Pause) 774M->280M(862M) 11.862ms
[433.759s][info][gc,cpu      ] GC(636) User=0.02s Sys=0.00s Real=0.01s
[434.948s][info][gc,start    ] GC(637) Pause Young (Concurrent Start) (G1 Evacuation Pause)
[434.948s][info][gc,task     ] GC(637) Using 2 workers of 2 for evacuation
[434.960s][info][gc,phases   ] GC(637)   Pre Evacuate Collection Set: 0.30ms
[434.960s][info][gc,phases   ] GC(637)   Merge Heap Roots: 0.15ms
[434.960s][info][gc,phases   ] GC(637)   Evacuate Collection Set: 10.25ms
[434.960s][info][gc,phases   ] GC(637)   Post Evacuate Collection Set: 0.91ms
[434.960s][info][gc,phases   ] GC(637)   Other: 0.11ms
[434.960s][info][gc,heap     ] GC(637) Eden regions: 491->0(491)
[434.960s][info][gc,heap     ] GC(637) Survivor regions: 26->26(65)
[434.960s][info][gc,heap     ] GC(637) Old regions: 48->48
[434.960s][info][gc,heap     ] GC(637) Humongous regions: 207->207
[434.960s][info][gc,metaspace] GC(637) Metaspace: 57568K(57920K)->57568K(57920K) NonClass: 51947K(52224K)->51947K(52224K) Class: 5620K(5696K)->5620K(5696K)
[434.960s][info][gc          ] GC(637) Pause Young (Concurrent Start) (G1 Evacuation Pause) 771M->280M(862M) 11.911ms
[434.960s][info][gc,cpu      ] GC(637) User=0.03s Sys=0.00s Real=0.01s
[434.960s][info][gc          ] GC(638) Concurrent Mark Cycle
[434.961s][info][gc,marking  ] GC(638) Concurrent Scan Root Regions
[434.969s][info][gc,marking  ] GC(638) Concurrent Scan Root Regions 8.815ms
[434.969s][info][gc,marking  ] GC(638) Concurrent Mark
[434.969s][info][gc,marking  ] GC(638) Concurrent Mark From Roots
[434.969s][info][gc,task     ] GC(638) Using 1 workers of 1 for marking
[435.015s][info][gc,marking  ] GC(638) Concurrent Mark From Roots 46.056ms
[435.016s][info][gc,marking  ] GC(638) Concurrent Preclean
[435.016s][info][gc,marking  ] GC(638) Concurrent Preclean 0.044ms
[435.016s][info][gc,start    ] GC(638) Pause Remark
[435.026s][info][gc          ] GC(638) Pause Remark 296M->296M(862M) 10.596ms
[435.026s][info][gc,cpu      ] GC(638) User=0.02s Sys=0.00s Real=0.01s
[435.027s][info][gc,marking  ] GC(638) Concurrent Mark 58.029ms
[435.027s][info][gc,marking  ] GC(638) Concurrent Rebuild Remembered Sets and Scrub Regions
[435.055s][info][gc,marking  ] GC(638) Concurrent Rebuild Remembered Sets and Scrub Regions 27.235ms
[435.055s][info][gc,start    ] GC(638) Pause Cleanup
[435.055s][info][gc          ] GC(638) Pause Cleanup 318M->318M(862M) 0.081ms
[435.055s][info][gc,cpu      ] GC(638) User=0.00s Sys=0.00s Real=0.00s
[435.056s][info][gc,marking  ] GC(638) Concurrent Clear Claimed Marks
[435.056s][info][gc,marking  ] GC(638) Concurrent Clear Claimed Marks 0.109ms
[435.056s][info][gc,marking  ] GC(638) Concurrent Cleanup for Next Mark
[435.060s][info][gc,marking  ] GC(638) Concurrent Cleanup for Next Mark 4.462ms
[435.060s][info][gc          ] GC(638) Concurrent Mark Cycle 100.170ms
[436.144s][info][gc,start    ] GC(639) Pause Young (Prepare Mixed) (G1 Evacuation Pause)
[436.144s][info][gc,task     ] GC(639) Using 2 workers of 2 for evacuation
[436.157s][info][gc,phases   ] GC(639)   Pre Evacuate Collection Set: 0.50ms
[436.157s][info][gc,phases   ] GC(639)   Merge Heap Roots: 0.18ms
[436.157s][info][gc,phases   ] GC(639)   Evacuate Collection Set: 10.89ms
[436.157s][info][gc,phases   ] GC(639)   Post Evacuate Collection Set: 0.88ms
[436.157s][info][gc,phases   ] GC(639)   Other: 0.10ms
[436.157s][info][gc,heap     ] GC(639) Eden regions: 491->0(491)
[436.157s][info][gc,heap     ] GC(639) Survivor regions: 26->26(65)
[436.157s][info][gc,heap     ] GC(639) Old regions: 48->48
[436.157s][info][gc,heap     ] GC(639) Humongous regions: 207->207
[436.157s][info][gc,metaspace] GC(639) Metaspace: 57570K(57920K)->57570K(57920K) NonClass: 51950K(52224K)->51950K(52224K) Class: 5620K(5696K)->5620K(5696K)
[436.157s][info][gc          ] GC(639) Pause Young (Prepare Mixed) (G1 Evacuation Pause) 771M->280M(862M) 12.755ms
[436.157s][info][gc,cpu      ] GC(639) User=0.03s Sys=0.00s Real=0.01s
[437.338s][info][gc,start    ] GC(640) Pause Young (Mixed) (G1 Evacuation Pause)
[437.338s][info][gc,task     ] GC(640) Using 2 workers of 2 for evacuation
[437.351s][info][gc,phases   ] GC(640)   Pre Evacuate Collection Set: 0.31ms
[437.351s][info][gc,phases   ] GC(640)   Merge Heap Roots: 0.15ms
[437.351s][info][gc,phases   ] GC(640)   Evacuate Collection Set: 10.90ms
[437.351s][info][gc,phases   ] GC(640)   Post Evacuate Collection Set: 0.90ms
[437.351s][info][gc,phases   ] GC(640)   Other: 0.09ms
[437.351s][info][gc,heap     ] GC(640) Eden regions: 491->0(491)
[437.351s][info][gc,heap     ] GC(640) Survivor regions: 26->26(65)
[437.351s][info][gc,heap     ] GC(640) Old regions: 48->45
[437.351s][info][gc,heap     ] GC(640) Humongous regions: 207->207
[437.351s][info][gc,metaspace] GC(640) Metaspace: 57570K(57920K)->57570K(57920K) NonClass: 51950K(52224K)->51950K(52224K) Class: 5620K(5696K)->5620K(5696K)
[437.351s][info][gc          ] GC(640) Pause Young (Mixed) (G1 Evacuation Pause) 771M->277M(862M) 12.541ms
[437.351s][info][gc,cpu      ] GC(640) User=0.02s Sys=0.00s Real=0.02s
[438.544s][info][gc,start    ] GC(641) Pause Young (Concurrent Start) (G1 Evacuation Pause)
[438.544s][info][gc,task     ] GC(641) Using 2 workers of 2 for evacuation
[438.556s][info][gc,phases   ] GC(641)   Pre Evacuate Collection Set: 0.29ms
[438.556s][info][gc,phases   ] GC(641)   Merge Heap Roots: 0.16ms
[438.556s][info][gc,phases   ] GC(641)   Evacuate Collection Set: 10.39ms
[438.556s][info][gc,phases   ] GC(641)   Post Evacuate Collection Set: 0.84ms
[438.556s][info][gc,phases   ] GC(641)   Other: 0.12ms
[438.556s][info][gc,heap     ] GC(641) Eden regions: 491->0(491)
[438.556s][info][gc,heap     ] GC(641) Survivor regions: 26->26(65)
[438.556s][info][gc,heap     ] GC(641) Old regions: 45->45
[438.556s][info][gc,heap     ] GC(641) Humongous regions: 207->207
[438.556s][info][gc,metaspace] GC(641) Metaspace: 57570K(57920K)->57570K(57920K) NonClass: 51950K(52224K)->51950K(52224K) Class: 5620K(5696K)->5620K(5696K)
[438.556s][info][gc          ] GC(641) Pause Young (Concurrent Start) (G1 Evacuation Pause) 768M->277M(862M) 11.990ms
[438.556s][info][gc,cpu      ] GC(641) User=0.02s Sys=0.00s Real=0.01s
[438.556s][info][gc          ] GC(642) Concurrent Mark Cycle
[438.557s][info][gc,marking  ] GC(642) Concurrent Scan Root Regions
[438.565s][info][gc,marking  ] GC(642) Concurrent Scan Root Regions 7.750ms
[438.565s][info][gc,marking  ] GC(642) Concurrent Mark
[438.565s][info][gc,marking  ] GC(642) Concurrent Mark From Roots
[438.565s][info][gc,task     ] GC(642) Using 1 workers of 1 for marking
[438.614s][info][gc,marking  ] GC(642) Concurrent Mark From Roots 49.597ms
[438.614s][info][gc,marking  ] GC(642) Concurrent Preclean
[438.614s][info][gc,marking  ] GC(642) Concurrent Preclean 0.051ms
[438.614s][info][gc,start    ] GC(642) Pause Remark
[438.625s][info][gc          ] GC(642) Pause Remark 296M->296M(862M) 10.440ms
[438.625s][info][gc,cpu      ] GC(642) User=0.02s Sys=0.00s Real=0.01s
[438.625s][info][gc,marking  ] GC(642) Concurrent Mark 60.801ms
[438.625s][info][gc,marking  ] GC(642) Concurrent Rebuild Remembered Sets and Scrub Regions
[438.660s][info][gc,marking  ] GC(642) Concurrent Rebuild Remembered Sets and Scrub Regions 34.712ms
[438.660s][info][gc,start    ] GC(642) Pause Cleanup
[438.660s][info][gc          ] GC(642) Pause Cleanup 324M->324M(862M) 0.079ms
[438.660s][info][gc,cpu      ] GC(642) User=0.00s Sys=0.00s Real=0.00s
[438.661s][info][gc,marking  ] GC(642) Concurrent Clear Claimed Marks
[438.661s][info][gc,marking  ] GC(642) Concurrent Clear Claimed Marks 0.102ms
[438.661s][info][gc,marking  ] GC(642) Concurrent Cleanup for Next Mark
[438.668s][info][gc,marking  ] GC(642) Concurrent Cleanup for Next Mark 6.515ms
[438.668s][info][gc          ] GC(642) Concurrent Mark Cycle 111.613ms
[439.746s][info][gc,start    ] GC(643) Pause Young (Prepare Mixed) (G1 Evacuation Pause)
[439.746s][info][gc,task     ] GC(643) Using 2 workers of 2 for evacuation
[439.758s][info][gc,phases   ] GC(643)   Pre Evacuate Collection Set: 0.31ms
[439.758s][info][gc,phases   ] GC(643)   Merge Heap Roots: 0.16ms
[439.758s][info][gc,phases   ] GC(643)   Evacuate Collection Set: 10.22ms
[439.758s][info][gc,phases   ] GC(643)   Post Evacuate Collection Set: 0.92ms
[439.758s][info][gc,phases   ] GC(643)   Other: 0.09ms
[439.758s][info][gc,heap     ] GC(643) Eden regions: 491->0(491)
[439.758s][info][gc,heap     ] GC(643) Survivor regions: 26->26(65)
[439.758s][info][gc,heap     ] GC(643) Old regions: 45->45
[439.758s][info][gc,heap     ] GC(643) Humongous regions: 207->207
[439.758s][info][gc,metaspace] GC(643) Metaspace: 57570K(57920K)->57570K(57920K) NonClass: 51950K(52224K)->51950K(52224K) Class: 5620K(5696K)->5620K(5696K)
[439.758s][info][gc          ] GC(643) Pause Young (Prepare Mixed) (G1 Evacuation Pause) 767M->277M(862M) 11.918ms
[439.758s][info][gc,cpu      ] GC(643) User=0.02s Sys=0.00s Real=0.01s
[440.947s][info][gc,start    ] GC(644) Pause Young (Mixed) (G1 Evacuation Pause)
[440.947s][info][gc,task     ] GC(644) Using 2 workers of 2 for evacuation
[440.959s][info][gc,phases   ] GC(644)   Pre Evacuate Collection Set: 0.31ms
[440.959s][info][gc,phases   ] GC(644)   Merge Heap Roots: 0.15ms
[440.959s][info][gc,phases   ] GC(644)   Evacuate Collection Set: 10.41ms
[440.959s][info][gc,phases   ] GC(644)   Post Evacuate Collection Set: 0.85ms
[440.959s][info][gc,phases   ] GC(644)   Other: 0.09ms
[440.959s][info][gc,heap     ] GC(644) Eden regions: 491->0(491)
[440.959s][info][gc,heap     ] GC(644) Survivor regions: 26->26(65)
[440.959s][info][gc,heap     ] GC(644) Old regions: 45->43
[440.959s][info][gc,heap     ] GC(644) Humongous regions: 207->207
[440.959s][info][gc,metaspace] GC(644) Metaspace: 57570K(57920K)->57570K(57920K) NonClass: 51950K(52224K)->51950K(52224K) Class: 5620K(5696K)->5620K(5696K)
[440.959s][info][gc          ] GC(644) Pause Young (Mixed) (G1 Evacuation Pause) 768M->275M(862M) 12.000ms
[440.959s][info][gc,cpu      ] GC(644) User=0.02s Sys=0.00s Real=0.01s
[442.145s][info][gc,start    ] GC(645) Pause Young (Concurrent Start) (G1 Evacuation Pause)
[442.145s][info][gc,task     ] GC(645) Using 2 workers of 2 for evacuation
[442.157s][info][gc,phases   ] GC(645)   Pre Evacuate Collection Set: 0.34ms
[442.157s][info][gc,phases   ] GC(645)   Merge Heap Roots: 0.15ms
[442.158s][info][gc,phases   ] GC(645)   Evacuate Collection Set: 10.72ms
[442.158s][info][gc,phases   ] GC(645)   Post Evacuate Collection Set: 0.85ms
[442.158s][info][gc,phases   ] GC(645)   Other: 0.13ms
[442.158s][info][gc,heap     ] GC(645) Eden regions: 491->0(491)
[442.158s][info][gc,heap     ] GC(645) Survivor regions: 26->26(65)
[442.158s][info][gc,heap     ] GC(645) Old regions: 43->43
[442.158s][info][gc,heap     ] GC(645) Humongous regions: 207->207
[442.158s][info][gc,metaspace] GC(645) Metaspace: 57570K(57920K)->57570K(57920K) NonClass: 51950K(52224K)->51950K(52224K) Class: 5620K(5696K)->5620K(5696K)
[442.158s][info][gc          ] GC(645) Pause Young (Concurrent Start) (G1 Evacuation Pause) 766M->275M(862M) 12.433ms
[442.158s][info][gc,cpu      ] GC(645) User=0.02s Sys=0.00s Real=0.01s
[442.158s][info][gc          ] GC(646) Concurrent Mark Cycle
[442.158s][info][gc,marking  ] GC(646) Concurrent Scan Root Regions
[442.164s][info][gc,marking  ] GC(646) Concurrent Scan Root Regions 6.415ms
[442.164s][info][gc,marking  ] GC(646) Concurrent Mark
[442.164s][info][gc,marking  ] GC(646) Concurrent Mark From Roots
[442.164s][info][gc,task     ] GC(646) Using 1 workers of 1 for marking
[442.203s][info][gc,marking  ] GC(646) Concurrent Mark From Roots 38.423ms
[442.203s][info][gc,marking  ] GC(646) Concurrent Preclean
[442.203s][info][gc,marking  ] GC(646) Concurrent Preclean 0.044ms
[442.203s][info][gc,start    ] GC(646) Pause Remark
[442.213s][info][gc          ] GC(646) Pause Remark 288M->288M(862M) 10.104ms
[442.213s][info][gc,cpu      ] GC(646) User=0.02s Sys=0.00s Real=0.01s
[442.213s][info][gc,marking  ] GC(646) Concurrent Mark 48.912ms
[442.213s][info][gc,marking  ] GC(646) Concurrent Rebuild Remembered Sets and Scrub Regions
[442.252s][info][gc,marking  ] GC(646) Concurrent Rebuild Remembered Sets and Scrub Regions 38.920ms
[442.252s][info][gc,start    ] GC(646) Pause Cleanup
[442.252s][info][gc          ] GC(646) Pause Cleanup 300M->300M(862M) 0.087ms
[442.252s][info][gc,cpu      ] GC(646) User=0.00s Sys=0.00s Real=0.00s
[442.253s][info][gc,marking  ] GC(646) Concurrent Clear Claimed Marks
[442.253s][info][gc,marking  ] GC(646) Concurrent Clear Claimed Marks 0.101ms
[442.253s][info][gc,marking  ] GC(646) Concurrent Cleanup for Next Mark
[442.258s][info][gc,marking  ] GC(646) Concurrent Cleanup for Next Mark 5.200ms
[442.258s][info][gc          ] GC(646) Concurrent Mark Cycle 100.388ms
[443.345s][info][gc,start    ] GC(647) Pause Young (Prepare Mixed) (G1 Evacuation Pause)
[443.345s][info][gc,task     ] GC(647) Using 2 workers of 2 for evacuation
[443.356s][info][gc,phases   ] GC(647)   Pre Evacuate Collection Set: 0.30ms
[443.356s][info][gc,phases   ] GC(647)   Merge Heap Roots: 0.18ms
[443.356s][info][gc,phases   ] GC(647)   Evacuate Collection Set: 10.02ms
[443.356s][info][gc,phases   ] GC(647)   Post Evacuate Collection Set: 0.90ms
[443.356s][info][gc,phases   ] GC(647)   Other: 0.10ms
[443.356s][info][gc,heap     ] GC(647) Eden regions: 491->0(491)
[443.356s][info][gc,heap     ] GC(647) Survivor regions: 26->26(65)
[443.356s][info][gc,heap     ] GC(647) Old regions: 43->43
[443.356s][info][gc,heap     ] GC(647) Humongous regions: 207->207
[443.356s][info][gc,metaspace] GC(647) Metaspace: 57570K(57920K)->57570K(57920K) NonClass: 51950K(52224K)->51950K(52224K) Class: 5620K(5696K)->5620K(5696K)
[443.356s][info][gc          ] GC(647) Pause Young (Prepare Mixed) (G1 Evacuation Pause) 766M->275M(862M) 11.714ms
[443.356s][info][gc,cpu      ] GC(647) User=0.02s Sys=0.00s Real=0.01s
[444.542s][info][gc,start    ] GC(648) Pause Young (Mixed) (G1 Evacuation Pause)
[444.542s][info][gc,task     ] GC(648) Using 2 workers of 2 for evacuation
[444.554s][info][gc,phases   ] GC(648)   Pre Evacuate Collection Set: 0.31ms
[444.554s][info][gc,phases   ] GC(648)   Merge Heap Roots: 0.18ms
[444.554s][info][gc,phases   ] GC(648)   Evacuate Collection Set: 11.17ms
[444.554s][info][gc,phases   ] GC(648)   Post Evacuate Collection Set: 0.90ms
[444.554s][info][gc,phases   ] GC(648)   Other: 0.09ms
[444.554s][info][gc,heap     ] GC(648) Eden regions: 491->0(491)
[444.554s][info][gc,heap     ] GC(648) Survivor regions: 26->26(65)
[444.554s][info][gc,heap     ] GC(648) Old regions: 43->42
[444.554s][info][gc,heap     ] GC(648) Humongous regions: 207->207
[444.554s][info][gc,metaspace] GC(648) Metaspace: 57570K(57920K)->57570K(57920K) NonClass: 51950K(52224K)->51950K(52224K) Class: 5620K(5696K)->5620K(5696K)
[444.555s][info][gc          ] GC(648) Pause Young (Mixed) (G1 Evacuation Pause) 766M->273M(862M) 12.916ms
[444.555s][info][gc,cpu      ] GC(648) User=0.02s Sys=0.00s Real=0.01s
[445.735s][info][gc,start    ] GC(649) Pause Young (Concurrent Start) (G1 Evacuation Pause)
[445.735s][info][gc,task     ] GC(649) Using 2 workers of 2 for evacuation
[445.748s][info][gc,phases   ] GC(649)   Pre Evacuate Collection Set: 0.32ms
[445.748s][info][gc,phases   ] GC(649)   Merge Heap Roots: 0.16ms
[445.748s][info][gc,phases   ] GC(649)   Evacuate Collection Set: 10.63ms
[445.748s][info][gc,phases   ] GC(649)   Post Evacuate Collection Set: 0.89ms
[445.748s][info][gc,phases   ] GC(649)   Other: 0.13ms
[445.748s][info][gc,heap     ] GC(649) Eden regions: 491->0(491)
[445.748s][info][gc,heap     ] GC(649) Survivor regions: 26->26(65)
[445.748s][info][gc,heap     ] GC(649) Old regions: 42->42
[445.748s][info][gc,heap     ] GC(649) Humongous regions: 207->207
[445.748s][info][gc,metaspace] GC(649) Metaspace: 57570K(57920K)->57570K(57920K) NonClass: 51950K(52224K)->51950K(52224K) Class: 5620K(5696K)->5620K(5696K)
[445.748s][info][gc          ] GC(649) Pause Young (Concurrent Start) (G1 Evacuation Pause) 764M->274M(862M) 12.341ms
[445.748s][info][gc          ] GC(650) Concurrent Mark Cycle
[445.748s][info][gc,marking  ] GC(650) Concurrent Scan Root Regions
[445.748s][info][gc,cpu      ] GC(649) User=0.03s Sys=0.00s Real=0.01s
[445.755s][info][gc,marking  ] GC(650) Concurrent Scan Root Regions 7.320ms
[445.755s][info][gc,marking  ] GC(650) Concurrent Mark
[445.755s][info][gc,marking  ] GC(650) Concurrent Mark From Roots
[445.755s][info][gc,task     ] GC(650) Using 1 workers of 1 for marking
[445.797s][info][gc,marking  ] GC(650) Concurrent Mark From Roots 42.029ms
[445.797s][info][gc,marking  ] GC(650) Concurrent Preclean
[445.797s][info][gc,marking  ] GC(650) Concurrent Preclean 0.047ms
[445.797s][info][gc,start    ] GC(650) Pause Remark
[445.808s][info][gc          ] GC(650) Pause Remark 296M->296M(862M) 10.214ms
[445.808s][info][gc,cpu      ] GC(650) User=0.02s Sys=0.00s Real=0.01s
[445.808s][info][gc,marking  ] GC(650) Concurrent Mark 52.745ms
[445.808s][info][gc,marking  ] GC(650) Concurrent Rebuild Remembered Sets and Scrub Regions
[445.827s][info][gc,marking  ] GC(650) Concurrent Rebuild Remembered Sets and Scrub Regions 19.500ms
[445.828s][info][gc,start    ] GC(650) Pause Cleanup
[445.828s][info][gc          ] GC(650) Pause Cleanup 304M->304M(862M) 0.084ms
[445.828s][info][gc,cpu      ] GC(650) User=0.00s Sys=0.00s Real=0.00s
[445.828s][info][gc,marking  ] GC(650) Concurrent Clear Claimed Marks
[445.829s][info][gc,marking  ] GC(650) Concurrent Clear Claimed Marks 0.086ms
[445.829s][info][gc,marking  ] GC(650) Concurrent Cleanup for Next Mark
[445.833s][info][gc,marking  ] GC(650) Concurrent Cleanup for Next Mark 4.764ms
[445.833s][info][gc          ] GC(650) Concurrent Mark Cycle 85.658ms
[446.940s][info][gc,start    ] GC(651) Pause Young (Prepare Mixed) (G1 Evacuation Pause)
[446.940s][info][gc,task     ] GC(651) Using 2 workers of 2 for evacuation
[446.952s][info][gc,phases   ] GC(651)   Pre Evacuate Collection Set: 0.31ms
[446.952s][info][gc,phases   ] GC(651)   Merge Heap Roots: 0.17ms
[446.952s][info][gc,phases   ] GC(651)   Evacuate Collection Set: 11.03ms
[446.952s][info][gc,phases   ] GC(651)   Post Evacuate Collection Set: 0.89ms
[446.952s][info][gc,phases   ] GC(651)   Other: 0.09ms
[446.952s][info][gc,heap     ] GC(651) Eden regions: 491->0(491)
[446.952s][info][gc,heap     ] GC(651) Survivor regions: 26->26(65)
[446.952s][info][gc,heap     ] GC(651) Old regions: 42->42
[446.952s][info][gc,heap     ] GC(651) Humongous regions: 207->207
[446.952s][info][gc,metaspace] GC(651) Metaspace: 57570K(57920K)->57570K(57920K) NonClass: 51950K(52224K)->51950K(52224K) Class: 5620K(5696K)->5620K(5696K)
[446.952s][info][gc          ] GC(651) Pause Young (Prepare Mixed) (G1 Evacuation Pause) 765M->274M(862M) 12.749ms
[446.952s][info][gc,cpu      ] GC(651) User=0.03s Sys=0.00s Real=0.02s
[448.141s][info][gc,start    ] GC(652) Pause Young (Mixed) (G1 Evacuation Pause)
[448.141s][info][gc,task     ] GC(652) Using 2 workers of 2 for evacuation
[448.152s][info][gc,phases   ] GC(652)   Pre Evacuate Collection Set: 0.30ms
[448.152s][info][gc,phases   ] GC(652)   Merge Heap Roots: 0.16ms
[448.152s][info][gc,phases   ] GC(652)   Evacuate Collection Set: 10.19ms
[448.152s][info][gc,phases   ] GC(652)   Post Evacuate Collection Set: 0.90ms
[448.152s][info][gc,phases   ] GC(652)   Other: 0.10ms
[448.152s][info][gc,heap     ] GC(652) Eden regions: 491->0(491)
[448.152s][info][gc,heap     ] GC(652) Survivor regions: 26->26(65)
[448.152s][info][gc,heap     ] GC(652) Old regions: 42->40
[448.152s][info][gc,heap     ] GC(652) Humongous regions: 207->207
[448.152s][info][gc,metaspace] GC(652) Metaspace: 57570K(57920K)->57570K(57920K) NonClass: 51950K(52224K)->51950K(52224K) Class: 5620K(5696K)->5620K(5696K)
[448.152s][info][gc          ] GC(652) Pause Young (Mixed) (G1 Evacuation Pause) 765M->272M(862M) 11.841ms
[448.152s][info][gc,cpu      ] GC(652) User=0.02s Sys=0.00s Real=0.01s
[449.336s][info][gc,start    ] GC(653) Pause Young (Concurrent Start) (G1 Evacuation Pause)
[449.336s][info][gc,task     ] GC(653) Using 2 workers of 2 for evacuation
[449.347s][info][gc,phases   ] GC(653)   Pre Evacuate Collection Set: 0.30ms
[449.347s][info][gc,phases   ] GC(653)   Merge Heap Roots: 0.15ms
[449.347s][info][gc,phases   ] GC(653)   Evacuate Collection Set: 9.66ms
[449.347s][info][gc,phases   ] GC(653)   Post Evacuate Collection Set: 0.85ms
[449.347s][info][gc,phases   ] GC(653)   Other: 0.11ms
[449.347s][info][gc,heap     ] GC(653) Eden regions: 491->0(491)
[449.347s][info][gc,heap     ] GC(653) Survivor regions: 26->26(65)
[449.347s][info][gc,heap     ] GC(653) Old regions: 40->40
[449.347s][info][gc,heap     ] GC(653) Humongous regions: 207->207
[449.347s][info][gc,metaspace] GC(653) Metaspace: 57570K(57920K)->57570K(57920K) NonClass: 51950K(52224K)->51950K(52224K) Class: 5620K(5696K)->5620K(5696K)
[449.347s][info][gc          ] GC(653) Pause Young (Concurrent Start) (G1 Evacuation Pause) 763M->272M(862M) 11.266ms
[449.347s][info][gc,cpu      ] GC(653) User=0.02s Sys=0.00s Real=0.01s
[449.347s][info][gc          ] GC(654) Concurrent Mark Cycle
[449.348s][info][gc,marking  ] GC(654) Concurrent Scan Root Regions
[449.357s][info][gc,marking  ] GC(654) Concurrent Scan Root Regions 9.401ms
[449.357s][info][gc,marking  ] GC(654) Concurrent Mark
[449.357s][info][gc,marking  ] GC(654) Concurrent Mark From Roots
[449.357s][info][gc,task     ] GC(654) Using 1 workers of 1 for marking
[449.405s][info][gc,marking  ] GC(654) Concurrent Mark From Roots 47.746ms
[449.405s][info][gc,marking  ] GC(654) Concurrent Preclean
[449.405s][info][gc,marking  ] GC(654) Concurrent Preclean 0.052ms
[449.405s][info][gc,start    ] GC(654) Pause Remark
[449.416s][info][gc          ] GC(654) Pause Remark 296M->290M(862M) 11.186ms
[449.416s][info][gc,cpu      ] GC(654) User=0.03s Sys=0.00s Real=0.01s
[449.417s][info][gc,marking  ] GC(654) Concurrent Mark 59.297ms
[449.417s][info][gc,marking  ] GC(654) Concurrent Rebuild Remembered Sets and Scrub Regions
[449.445s][info][gc,marking  ] GC(654) Concurrent Rebuild Remembered Sets and Scrub Regions 28.159ms
[449.445s][info][gc,start    ] GC(654) Pause Cleanup
[449.445s][info][gc          ] GC(654) Pause Cleanup 313M->313M(862M) 0.090ms
[449.445s][info][gc,cpu      ] GC(654) User=0.00s Sys=0.00s Real=0.00s
[449.445s][info][gc,marking  ] GC(654) Concurrent Clear Claimed Marks
[449.446s][info][gc,marking  ] GC(654) Concurrent Clear Claimed Marks 0.090ms
[449.446s][info][gc,marking  ] GC(654) Concurrent Cleanup for Next Mark
[449.451s][info][gc,marking  ] GC(654) Concurrent Cleanup for Next Mark 5.909ms
[449.451s][info][gc          ] GC(654) Concurrent Mark Cycle 104.227ms
[450.533s][info][gc,start    ] GC(655) Pause Young (Prepare Mixed) (G1 Evacuation Pause)
[450.533s][info][gc,task     ] GC(655) Using 2 workers of 2 for evacuation
[450.543s][info][gc,phases   ] GC(655)   Pre Evacuate Collection Set: 0.30ms
[450.543s][info][gc,phases   ] GC(655)   Merge Heap Roots: 0.18ms
[450.543s][info][gc,phases   ] GC(655)   Evacuate Collection Set: 8.80ms
[450.543s][info][gc,phases   ] GC(655)   Post Evacuate Collection Set: 0.83ms
[450.543s][info][gc,phases   ] GC(655)   Other: 0.09ms
[450.543s][info][gc,heap     ] GC(655) Eden regions: 491->0(514)
[450.543s][info][gc,heap     ] GC(655) Survivor regions: 26->3(65)
[450.543s][info][gc,heap     ] GC(655) Old regions: 34->57
[450.543s][info][gc,heap     ] GC(655) Humongous regions: 207->207
[450.543s][info][gc,metaspace] GC(655) Metaspace: 57570K(57920K)->57570K(57920K) NonClass: 51950K(52224K)->51950K(52224K) Class: 5620K(5696K)->5620K(5696K)
[450.543s][info][gc          ] GC(655) Pause Young (Prepare Mixed) (G1 Evacuation Pause) 757M->266M(862M) 10.394ms
[450.543s][info][gc,cpu      ] GC(655) User=0.02s Sys=0.00s Real=0.01s
[451.759s][info][gc,start    ] GC(656) Pause Young (Mixed) (G1 Evacuation Pause)
[451.759s][info][gc,task     ] GC(656) Using 2 workers of 2 for evacuation
[451.764s][info][gc,phases   ] GC(656)   Pre Evacuate Collection Set: 0.31ms
[451.764s][info][gc,phases   ] GC(656)   Merge Heap Roots: 0.15ms
[451.764s][info][gc,phases   ] GC(656)   Evacuate Collection Set: 3.90ms
[451.764s][info][gc,phases   ] GC(656)   Post Evacuate Collection Set: 0.78ms
[451.764s][info][gc,phases   ] GC(656)   Other: 0.12ms
[451.764s][info][gc,heap     ] GC(656) Eden regions: 514->0(514)
[451.764s][info][gc,heap     ] GC(656) Survivor regions: 3->3(65)
[451.764s][info][gc,heap     ] GC(656) Old regions: 57->54
[451.764s][info][gc,heap     ] GC(656) Humongous regions: 207->207
[451.764s][info][gc,metaspace] GC(656) Metaspace: 57573K(57920K)->57573K(57920K) NonClass: 51952K(52224K)->51952K(52224K) Class: 5620K(5696K)->5620K(5696K)
[451.764s][info][gc          ] GC(656) Pause Young (Mixed) (G1 Evacuation Pause) 779M->262M(862M) 5.449ms
[451.764s][info][gc,cpu      ] GC(656) User=0.01s Sys=0.00s Real=0.01s
[453.032s][info][gc,start    ] GC(657) Pause Young (Concurrent Start) (G1 Evacuation Pause)
[453.032s][info][gc,task     ] GC(657) Using 2 workers of 2 for evacuation
[453.037s][info][gc,phases   ] GC(657)   Pre Evacuate Collection Set: 0.31ms
[453.037s][info][gc,phases   ] GC(657)   Merge Heap Roots: 0.16ms
[453.038s][info][gc,phases   ] GC(657)   Evacuate Collection Set: 4.07ms
[453.038s][info][gc,phases   ] GC(657)   Post Evacuate Collection Set: 0.78ms
[453.038s][info][gc,phases   ] GC(657)   Other: 0.10ms
[453.038s][info][gc,heap     ] GC(657) Eden regions: 514->0(514)
[453.038s][info][gc,heap     ] GC(657) Survivor regions: 3->3(65)
[453.038s][info][gc,heap     ] GC(657) Old regions: 54->54
[453.038s][info][gc,heap     ] GC(657) Humongous regions: 207->207
[453.038s][info][gc,metaspace] GC(657) Metaspace: 57573K(57920K)->57573K(57920K) NonClass: 51952K(52224K)->51952K(52224K) Class: 5620K(5696K)->5620K(5696K)
[453.038s][info][gc          ] GC(657) Pause Young (Concurrent Start) (G1 Evacuation Pause) 776M->262M(862M) 5.583ms
[453.038s][info][gc,cpu      ] GC(657) User=0.01s Sys=0.00s Real=0.00s
[453.038s][info][gc          ] GC(658) Concurrent Mark Cycle
[453.038s][info][gc,marking  ] GC(658) Concurrent Scan Root Regions
[453.041s][info][gc,marking  ] GC(658) Concurrent Scan Root Regions 3.104ms
[453.041s][info][gc,marking  ] GC(658) Concurrent Mark
[453.041s][info][gc,marking  ] GC(658) Concurrent Mark From Roots
[453.041s][info][gc,task     ] GC(658) Using 1 workers of 1 for marking
[453.102s][info][gc,marking  ] GC(658) Concurrent Mark From Roots 61.084ms
[453.102s][info][gc,marking  ] GC(658) Concurrent Preclean
[453.102s][info][gc,marking  ] GC(658) Concurrent Preclean 0.066ms
[453.102s][info][gc,start    ] GC(658) Pause Remark
[453.112s][info][gc          ] GC(658) Pause Remark 291M->291M(862M) 9.872ms
[453.112s][info][gc,cpu      ] GC(658) User=0.02s Sys=0.00s Real=0.01s
[453.112s][info][gc,marking  ] GC(658) Concurrent Mark 71.516ms
[453.112s][info][gc,marking  ] GC(658) Concurrent Rebuild Remembered Sets and Scrub Regions
[453.137s][info][gc,marking  ] GC(658) Concurrent Rebuild Remembered Sets and Scrub Regions 24.917ms
[453.138s][info][gc,start    ] GC(658) Pause Cleanup
[453.138s][info][gc          ] GC(658) Pause Cleanup 303M->303M(862M) 0.082ms
[453.138s][info][gc,cpu      ] GC(658) User=0.00s Sys=0.00s Real=0.00s
[453.138s][info][gc,marking  ] GC(658) Concurrent Clear Claimed Marks
[453.138s][info][gc,marking  ] GC(658) Concurrent Clear Claimed Marks 0.095ms
[453.138s][info][gc,marking  ] GC(658) Concurrent Cleanup for Next Mark
[453.145s][info][gc,marking  ] GC(658) Concurrent Cleanup for Next Mark 7.207ms
[453.145s][info][gc          ] GC(658) Concurrent Mark Cycle 107.809ms
[454.257s][info][gc,start    ] GC(659) Pause Young (Prepare Mixed) (G1 Evacuation Pause)
[454.257s][info][gc,task     ] GC(659) Using 2 workers of 2 for evacuation
[454.263s][info][gc,phases   ] GC(659)   Pre Evacuate Collection Set: 0.32ms
[454.263s][info][gc,phases   ] GC(659)   Merge Heap Roots: 0.18ms
[454.263s][info][gc,phases   ] GC(659)   Evacuate Collection Set: 4.40ms
[454.263s][info][gc,phases   ] GC(659)   Post Evacuate Collection Set: 0.78ms
[454.263s][info][gc,phases   ] GC(659)   Other: 0.09ms
[454.263s][info][gc,heap     ] GC(659) Eden regions: 514->0(514)
[454.263s][info][gc,heap     ] GC(659) Survivor regions: 3->3(65)
[454.263s][info][gc,heap     ] GC(659) Old regions: 54->54
[454.263s][info][gc,heap     ] GC(659) Humongous regions: 207->207
[454.263s][info][gc,metaspace] GC(659) Metaspace: 57573K(57920K)->57573K(57920K) NonClass: 51952K(52224K)->51952K(52224K) Class: 5620K(5696K)->5620K(5696K)
[454.263s][info][gc          ] GC(659) Pause Young (Prepare Mixed) (G1 Evacuation Pause) 776M->262M(862M) 5.934ms
[454.263s][info][gc,cpu      ] GC(659) User=0.01s Sys=0.00s Real=0.01s
[455.530s][info][gc,start    ] GC(660) Pause Young (Mixed) (G1 Evacuation Pause)
[455.530s][info][gc,task     ] GC(660) Using 2 workers of 2 for evacuation
[455.535s][info][gc,phases   ] GC(660)   Pre Evacuate Collection Set: 0.31ms
[455.535s][info][gc,phases   ] GC(660)   Merge Heap Roots: 0.15ms
[455.535s][info][gc,phases   ] GC(660)   Evacuate Collection Set: 3.05ms
[455.535s][info][gc,phases   ] GC(660)   Post Evacuate Collection Set: 0.77ms
[455.535s][info][gc,phases   ] GC(660)   Other: 0.08ms
[455.535s][info][gc,heap     ] GC(660) Eden regions: 514->0(515)
[455.535s][info][gc,heap     ] GC(660) Survivor regions: 3->2(65)
[455.535s][info][gc,heap     ] GC(660) Old regions: 54->52
[455.535s][info][gc,heap     ] GC(660) Humongous regions: 207->207
[455.535s][info][gc,metaspace] GC(660) Metaspace: 57573K(57920K)->57573K(57920K) NonClass: 51952K(52224K)->51952K(52224K) Class: 5620K(5696K)->5620K(5696K)
[455.535s][info][gc          ] GC(660) Pause Young (Mixed) (G1 Evacuation Pause) 776M->259M(862M) 4.529ms
[455.535s][info][gc,cpu      ] GC(660) User=0.01s Sys=0.00s Real=0.01s
[456.744s][info][gc,start    ] GC(661) Pause Young (Concurrent Start) (G1 Evacuation Pause)
[456.744s][info][gc,task     ] GC(661) Using 2 workers of 2 for evacuation
[456.751s][info][gc,phases   ] GC(661)   Pre Evacuate Collection Set: 0.30ms
[456.751s][info][gc,phases   ] GC(661)   Merge Heap Roots: 0.15ms
[456.751s][info][gc,phases   ] GC(661)   Evacuate Collection Set: 5.45ms
[456.751s][info][gc,phases   ] GC(661)   Post Evacuate Collection Set: 0.75ms
[456.751s][info][gc,phases   ] GC(661)   Other: 0.10ms
[456.751s][info][gc,heap     ] GC(661) Eden regions: 515->0(513)
[456.751s][info][gc,heap     ] GC(661) Survivor regions: 2->4(65)
[456.751s][info][gc,heap     ] GC(661) Old regions: 52->52
[456.751s][info][gc,heap     ] GC(661) Humongous regions: 207->207
[456.751s][info][gc,metaspace] GC(661) Metaspace: 57573K(57920K)->57573K(57920K) NonClass: 51952K(52224K)->51952K(52224K) Class: 5620K(5696K)->5620K(5696K)
[456.751s][info][gc          ] GC(661) Pause Young (Concurrent Start) (G1 Evacuation Pause) 774M->261M(862M) 6.942ms
[456.751s][info][gc,cpu      ] GC(661) User=0.01s Sys=0.00s Real=0.01s
[456.751s][info][gc          ] GC(662) Concurrent Mark Cycle
[456.752s][info][gc,marking  ] GC(662) Concurrent Scan Root Regions
[456.758s][info][gc,marking  ] GC(662) Concurrent Scan Root Regions 5.917ms
[456.758s][info][gc,marking  ] GC(662) Concurrent Mark
[456.758s][info][gc,marking  ] GC(662) Concurrent Mark From Roots
[456.758s][info][gc,task     ] GC(662) Using 1 workers of 1 for marking
[456.806s][info][gc,marking  ] GC(662) Concurrent Mark From Roots 48.251ms
[456.806s][info][gc,marking  ] GC(662) Concurrent Preclean
[456.806s][info][gc,marking  ] GC(662) Concurrent Preclean 0.062ms
[456.806s][info][gc,start    ] GC(662) Pause Remark
[456.816s][info][gc          ] GC(662) Pause Remark 277M->277M(862M) 9.665ms
[456.816s][info][gc,cpu      ] GC(662) User=0.02s Sys=0.00s Real=0.01s
[456.816s][info][gc,marking  ] GC(662) Concurrent Mark 58.268ms
[456.816s][info][gc,marking  ] GC(662) Concurrent Rebuild Remembered Sets and Scrub Regions
[456.833s][info][gc,marking  ] GC(662) Concurrent Rebuild Remembered Sets and Scrub Regions 17.129ms
[456.834s][info][gc,start    ] GC(662) Pause Cleanup
[456.834s][info][gc          ] GC(662) Pause Cleanup 286M->286M(862M) 0.072ms
[456.834s][info][gc,cpu      ] GC(662) User=0.00s Sys=0.00s Real=0.00s
[456.834s][info][gc,marking  ] GC(662) Concurrent Clear Claimed Marks
[456.834s][info][gc,marking  ] GC(662) Concurrent Clear Claimed Marks 0.085ms
[456.834s][info][gc,marking  ] GC(662) Concurrent Cleanup for Next Mark
[456.836s][info][gc,marking  ] GC(662) Concurrent Cleanup for Next Mark 2.496ms
[456.836s][info][gc          ] GC(662) Concurrent Mark Cycle 84.956ms
[458.028s][info][gc,start    ] GC(663) Pause Young (Prepare Mixed) (G1 Evacuation Pause)
[458.028s][info][gc,task     ] GC(663) Using 2 workers of 2 for evacuation
[458.033s][info][gc,phases   ] GC(663)   Pre Evacuate Collection Set: 0.30ms
[458.033s][info][gc,phases   ] GC(663)   Merge Heap Roots: 0.17ms
[458.033s][info][gc,phases   ] GC(663)   Evacuate Collection Set: 3.31ms
[458.033s][info][gc,phases   ] GC(663)   Post Evacuate Collection Set: 0.78ms
[458.033s][info][gc,phases   ] GC(663)   Other: 0.09ms
[458.033s][info][gc,heap     ] GC(663) Eden regions: 513->0(514)
[458.033s][info][gc,heap     ] GC(663) Survivor regions: 4->3(65)
[458.033s][info][gc,heap     ] GC(663) Old regions: 52->52
[458.033s][info][gc,heap     ] GC(663) Humongous regions: 207->207
[458.033s][info][gc,metaspace] GC(663) Metaspace: 57573K(57920K)->57573K(57920K) NonClass: 51952K(52224K)->51952K(52224K) Class: 5620K(5696K)->5620K(5696K)
[458.033s][info][gc          ] GC(663) Pause Young (Prepare Mixed) (G1 Evacuation Pause) 774M->260M(862M) 4.822ms
[458.033s][info][gc,cpu      ] GC(663) User=0.01s Sys=0.00s Real=0.01s
[459.251s][info][gc,start    ] GC(664) Pause Young (Mixed) (G1 Evacuation Pause)
[459.251s][info][gc,task     ] GC(664) Using 2 workers of 2 for evacuation
[459.258s][info][gc,phases   ] GC(664)   Pre Evacuate Collection Set: 0.29ms
[459.258s][info][gc,phases   ] GC(664)   Merge Heap Roots: 0.14ms
[459.258s][info][gc,phases   ] GC(664)   Evacuate Collection Set: 4.83ms
[459.258s][info][gc,phases   ] GC(664)   Post Evacuate Collection Set: 0.80ms
[459.258s][info][gc,phases   ] GC(664)   Other: 0.10ms
[459.258s][info][gc,heap     ] GC(664) Eden regions: 514->0(514)
[459.258s][info][gc,heap     ] GC(664) Survivor regions: 3->3(65)
[459.258s][info][gc,heap     ] GC(664) Old regions: 52->50
[459.258s][info][gc,heap     ] GC(664) Humongous regions: 207->207
[459.258s][info][gc,metaspace] GC(664) Metaspace: 57573K(57920K)->57573K(57920K) NonClass: 51952K(52224K)->51952K(52224K) Class: 5620K(5696K)->5620K(5696K)
[459.258s][info][gc          ] GC(664) Pause Young (Mixed) (G1 Evacuation Pause) 774M->259M(862M) 6.336ms
[459.258s][info][gc,cpu      ] GC(664) User=0.01s Sys=0.00s Real=0.00s
[460.528s][info][gc,start    ] GC(665) Pause Young (Concurrent Start) (G1 Evacuation Pause)
[460.528s][info][gc,task     ] GC(665) Using 2 workers of 2 for evacuation
[460.534s][info][gc,phases   ] GC(665)   Pre Evacuate Collection Set: 0.28ms
[460.534s][info][gc,phases   ] GC(665)   Merge Heap Roots: 0.14ms
[460.534s][info][gc,phases   ] GC(665)   Evacuate Collection Set: 3.77ms
[460.534s][info][gc,phases   ] GC(665)   Post Evacuate Collection Set: 0.78ms
[460.534s][info][gc,phases   ] GC(665)   Other: 0.10ms
[460.534s][info][gc,heap     ] GC(665) Eden regions: 514->0(514)
[460.534s][info][gc,heap     ] GC(665) Survivor regions: 3->3(65)
[460.534s][info][gc,heap     ] GC(665) Old regions: 50->50
[460.534s][info][gc,heap     ] GC(665) Humongous regions: 207->207
[460.534s][info][gc,metaspace] GC(665) Metaspace: 57573K(57920K)->57573K(57920K) NonClass: 51952K(52224K)->51952K(52224K) Class: 5620K(5696K)->5620K(5696K)
[460.534s][info][gc          ] GC(665) Pause Young (Concurrent Start) (G1 Evacuation Pause) 773M->259M(862M) 5.272ms
[460.534s][info][gc,cpu      ] GC(665) User=0.01s Sys=0.00s Real=0.01s
[460.534s][info][gc          ] GC(666) Concurrent Mark Cycle
[460.534s][info][gc,marking  ] GC(666) Concurrent Scan Root Regions
[460.537s][info][gc,marking  ] GC(666) Concurrent Scan Root Regions 3.107ms
[460.537s][info][gc,marking  ] GC(666) Concurrent Mark
[460.537s][info][gc,marking  ] GC(666) Concurrent Mark From Roots
[460.537s][info][gc,task     ] GC(666) Using 1 workers of 1 for marking
[460.592s][info][gc,marking  ] GC(666) Concurrent Mark From Roots 55.075ms
[460.592s][info][gc,marking  ] GC(666) Concurrent Preclean
[460.592s][info][gc,marking  ] GC(666) Concurrent Preclean 0.071ms
[460.592s][info][gc,start    ] GC(666) Pause Remark
[460.602s][info][gc          ] GC(666) Pause Remark 290M->290M(862M) 9.793ms
[460.602s][info][gc,cpu      ] GC(666) User=0.02s Sys=0.00s Real=0.01s
[460.602s][info][gc,marking  ] GC(666) Concurrent Mark 65.228ms
[460.602s][info][gc,marking  ] GC(666) Concurrent Rebuild Remembered Sets and Scrub Regions
[460.618s][info][gc,marking  ] GC(666) Concurrent Rebuild Remembered Sets and Scrub Regions 15.753ms
[460.618s][info][gc,start    ] GC(666) Pause Cleanup
[460.618s][info][gc          ] GC(666) Pause Cleanup 290M->290M(862M) 0.060ms
[460.618s][info][gc,cpu      ] GC(666) User=0.00s Sys=0.00s Real=0.00s
[460.618s][info][gc,marking  ] GC(666) Concurrent Clear Claimed Marks
[460.618s][info][gc,marking  ] GC(666) Concurrent Clear Claimed Marks 0.077ms
[460.618s][info][gc,marking  ] GC(666) Concurrent Cleanup for Next Mark
[460.623s][info][gc,marking  ] GC(666) Concurrent Cleanup for Next Mark 4.339ms
[460.623s][info][gc          ] GC(666) Concurrent Mark Cycle 88.794ms
[461.748s][info][gc,start    ] GC(667) Pause Young (Prepare Mixed) (G1 Evacuation Pause)
[461.748s][info][gc,task     ] GC(667) Using 2 workers of 2 for evacuation
[461.754s][info][gc,phases   ] GC(667)   Pre Evacuate Collection Set: 0.30ms
[461.754s][info][gc,phases   ] GC(667)   Merge Heap Roots: 0.17ms
[461.754s][info][gc,phases   ] GC(667)   Evacuate Collection Set: 4.29ms
[461.754s][info][gc,phases   ] GC(667)   Post Evacuate Collection Set: 0.77ms
[461.754s][info][gc,phases   ] GC(667)   Other: 0.08ms
[461.754s][info][gc,heap     ] GC(667) Eden regions: 514->0(514)
[461.754s][info][gc,heap     ] GC(667) Survivor regions: 3->3(65)
[461.754s][info][gc,heap     ] GC(667) Old regions: 50->50
[461.754s][info][gc,heap     ] GC(667) Humongous regions: 207->207
[461.754s][info][gc,metaspace] GC(667) Metaspace: 57573K(57920K)->57573K(57920K) NonClass: 51952K(52224K)->51952K(52224K) Class: 5620K(5696K)->5620K(5696K)
[461.754s][info][gc          ] GC(667) Pause Young (Prepare Mixed) (G1 Evacuation Pause) 773M->259M(862M) 5.788ms
[461.754s][info][gc,cpu      ] GC(667) User=0.01s Sys=0.00s Real=0.01s
[463.023s][info][gc,start    ] GC(668) Pause Young (Mixed) (G1 Evacuation Pause)
[463.023s][info][gc,task     ] GC(668) Using 2 workers of 2 for evacuation
[463.027s][info][gc,phases   ] GC(668)   Pre Evacuate Collection Set: 0.28ms
[463.027s][info][gc,phases   ] GC(668)   Merge Heap Roots: 0.15ms
[463.027s][info][gc,phases   ] GC(668)   Evacuate Collection Set: 2.87ms
[463.027s][info][gc,phases   ] GC(668)   Post Evacuate Collection Set: 0.76ms
[463.027s][info][gc,phases   ] GC(668)   Other: 0.08ms
[463.027s][info][gc,heap     ] GC(668) Eden regions: 514->0(516)
[463.027s][info][gc,heap     ] GC(668) Survivor regions: 3->1(65)
[463.027s][info][gc,heap     ] GC(668) Old regions: 50->48
[463.027s][info][gc,heap     ] GC(668) Humongous regions: 207->207
[463.027s][info][gc,metaspace] GC(668) Metaspace: 57573K(57920K)->57573K(57920K) NonClass: 51952K(52224K)->51952K(52224K) Class: 5620K(5696K)->5620K(5696K)
[463.027s][info][gc          ] GC(668) Pause Young (Mixed) (G1 Evacuation Pause) 773M->255M(862M) 4.326ms
[463.027s][info][gc,cpu      ] GC(668) User=0.00s Sys=0.00s Real=0.00s
[464.247s][info][gc,start    ] GC(669) Pause Young (Concurrent Start) (G1 Evacuation Pause)
[464.247s][info][gc,task     ] GC(669) Using 2 workers of 2 for evacuation
[464.254s][info][gc,phases   ] GC(669)   Pre Evacuate Collection Set: 0.30ms
[464.254s][info][gc,phases   ] GC(669)   Merge Heap Roots: 0.15ms
[464.254s][info][gc,phases   ] GC(669)   Evacuate Collection Set: 5.26ms
[464.254s][info][gc,phases   ] GC(669)   Post Evacuate Collection Set: 0.79ms
[464.254s][info][gc,phases   ] GC(669)   Other: 0.10ms
[464.254s][info][gc,heap     ] GC(669) Eden regions: 516->0(514)
[464.254s][info][gc,heap     ] GC(669) Survivor regions: 1->3(65)
[464.254s][info][gc,heap     ] GC(669) Old regions: 48->48
[464.254s][info][gc,heap     ] GC(669) Humongous regions: 207->207
[464.254s][info][gc,metaspace] GC(669) Metaspace: 57573K(57920K)->57573K(57920K) NonClass: 51952K(52224K)->51952K(52224K) Class: 5620K(5696K)->5620K(5696K)
[464.254s][info][gc          ] GC(669) Pause Young (Concurrent Start) (G1 Evacuation Pause) 771M->257M(862M) 6.783ms
[464.254s][info][gc,cpu      ] GC(669) User=0.01s Sys=0.00s Real=0.01s
[464.254s][info][gc          ] GC(670) Concurrent Mark Cycle
[464.254s][info][gc,marking  ] GC(670) Concurrent Scan Root Regions
[464.260s][info][gc,marking  ] GC(670) Concurrent Scan Root Regions 5.098ms
[464.260s][info][gc,marking  ] GC(670) Concurrent Mark
[464.260s][info][gc,marking  ] GC(670) Concurrent Mark From Roots
[464.260s][info][gc,task     ] GC(670) Using 1 workers of 1 for marking
[464.315s][info][gc,marking  ] GC(670) Concurrent Mark From Roots 55.684ms
[464.315s][info][gc,marking  ] GC(670) Concurrent Preclean
[464.315s][info][gc,marking  ] GC(670) Concurrent Preclean 0.057ms
[464.315s][info][gc,start    ] GC(670) Pause Remark
[464.325s][info][gc          ] GC(670) Pause Remark 278M->278M(860M) 9.931ms
[464.325s][info][gc,cpu      ] GC(670) User=0.01s Sys=0.00s Real=0.01s
[464.327s][info][gc,marking  ] GC(670) Concurrent Mark 67.275ms
[464.327s][info][gc,marking  ] GC(670) Concurrent Rebuild Remembered Sets and Scrub Regions
[464.361s][info][gc,marking  ] GC(670) Concurrent Rebuild Remembered Sets and Scrub Regions 33.707ms
[464.361s][info][gc,start    ] GC(670) Pause Cleanup
[464.361s][info][gc          ] GC(670) Pause Cleanup 305M->305M(860M) 0.078ms
[464.361s][info][gc,cpu      ] GC(670) User=0.00s Sys=0.00s Real=0.00s
[464.361s][info][gc,marking  ] GC(670) Concurrent Clear Claimed Marks
[464.361s][info][gc,marking  ] GC(670) Concurrent Clear Claimed Marks 0.087ms
[464.361s][info][gc,marking  ] GC(670) Concurrent Cleanup for Next Mark
[464.364s][info][gc,marking  ] GC(670) Concurrent Cleanup for Next Mark 3.196ms
[464.364s][info][gc          ] GC(670) Concurrent Mark Cycle 110.473ms
[465.463s][info][gc,start    ] GC(671) Pause Young (Prepare Mixed) (G1 Evacuation Pause)
[465.463s][info][gc,task     ] GC(671) Using 2 workers of 2 for evacuation
[465.467s][info][gc,phases   ] GC(671)   Pre Evacuate Collection Set: 0.30ms
[465.467s][info][gc,phases   ] GC(671)   Merge Heap Roots: 0.21ms
[465.467s][info][gc,phases   ] GC(671)   Evacuate Collection Set: 2.86ms
[465.467s][info][gc,phases   ] GC(671)   Post Evacuate Collection Set: 0.76ms
[465.467s][info][gc,phases   ] GC(671)   Other: 0.08ms
[465.467s][info][gc,heap     ] GC(671) Eden regions: 513->0(514)
[465.467s][info][gc,heap     ] GC(671) Survivor regions: 3->2(65)
[465.467s][info][gc,heap     ] GC(671) Old regions: 48->49
[465.467s][info][gc,heap     ] GC(671) Humongous regions: 207->207
[465.467s][info][gc,metaspace] GC(671) Metaspace: 57573K(57920K)->57573K(57920K) NonClass: 51952K(52224K)->51952K(52224K) Class: 5620K(5696K)->5620K(5696K)
[465.467s][info][gc          ] GC(671) Pause Young (Prepare Mixed) (G1 Evacuation Pause) 770M->256M(860M) 4.388ms
[465.467s][info][gc,cpu      ] GC(671) User=0.00s Sys=0.00s Real=0.00s
[466.734s][info][gc,start    ] GC(672) Pause Young (Mixed) (G1 Evacuation Pause)
[466.734s][info][gc,task     ] GC(672) Using 2 workers of 2 for evacuation
[466.740s][info][gc,phases   ] GC(672)   Pre Evacuate Collection Set: 0.29ms
[466.740s][info][gc,phases   ] GC(672)   Merge Heap Roots: 0.17ms
[466.740s][info][gc,phases   ] GC(672)   Evacuate Collection Set: 4.70ms
[466.740s][info][gc,phases   ] GC(672)   Post Evacuate Collection Set: 0.82ms
[466.740s][info][gc,phases   ] GC(672)   Other: 0.08ms
[466.740s][info][gc,heap     ] GC(672) Eden regions: 514->0(514)
[466.740s][info][gc,heap     ] GC(672) Survivor regions: 2->2(65)
[466.740s][info][gc,heap     ] GC(672) Old regions: 49->47
[466.740s][info][gc,heap     ] GC(672) Humongous regions: 207->207
[466.740s][info][gc,metaspace] GC(672) Metaspace: 57573K(57920K)->57573K(57920K) NonClass: 51952K(52224K)->51952K(52224K) Class: 5620K(5696K)->5620K(5696K)
[466.740s][info][gc          ] GC(672) Pause Young (Mixed) (G1 Evacuation Pause) 770M->255M(860M) 6.226ms
[466.740s][info][gc,cpu      ] GC(672) User=0.01s Sys=0.00s Real=0.00s
[467.954s][info][gc,start    ] GC(673) Pause Young (Concurrent Start) (G1 Evacuation Pause)
[467.954s][info][gc,task     ] GC(673) Using 2 workers of 2 for evacuation
[467.960s][info][gc,phases   ] GC(673)   Pre Evacuate Collection Set: 0.30ms
[467.960s][info][gc,phases   ] GC(673)   Merge Heap Roots: 0.19ms
[467.960s][info][gc,phases   ] GC(673)   Evacuate Collection Set: 4.96ms
[467.960s][info][gc,phases   ] GC(673)   Post Evacuate Collection Set: 0.77ms
[467.960s][info][gc,phases   ] GC(673)   Other: 0.10ms
[467.960s][info][gc,heap     ] GC(673) Eden regions: 514->0(512)
[467.960s][info][gc,heap     ] GC(673) Survivor regions: 2->4(65)
[467.960s][info][gc,heap     ] GC(673) Old regions: 47->47
[467.960s][info][gc,heap     ] GC(673) Humongous regions: 207->207
[467.960s][info][gc,metaspace] GC(673) Metaspace: 57573K(57920K)->57573K(57920K) NonClass: 51952K(52224K)->51952K(52224K) Class: 5620K(5696K)->5620K(5696K)
[467.960s][info][gc          ] GC(673) Pause Young (Concurrent Start) (G1 Evacuation Pause) 769M->257M(860M) 6.480ms
[467.960s][info][gc,cpu      ] GC(673) User=0.01s Sys=0.00s Real=0.00s
[467.960s][info][gc          ] GC(674) Concurrent Mark Cycle
[467.960s][info][gc,marking  ] GC(674) Concurrent Scan Root Regions
[467.964s][info][gc,marking  ] GC(674) Concurrent Scan Root Regions 3.342ms
[467.964s][info][gc,marking  ] GC(674) Concurrent Mark
[467.964s][info][gc,marking  ] GC(674) Concurrent Mark From Roots
[467.964s][info][gc,task     ] GC(674) Using 1 workers of 1 for marking
[468.005s][info][gc,marking  ] GC(674) Concurrent Mark From Roots 41.285ms
[468.005s][info][gc,marking  ] GC(674) Concurrent Preclean
[468.005s][info][gc,marking  ] GC(674) Concurrent Preclean 0.062ms
[468.005s][info][gc,start    ] GC(674) Pause Remark
[468.015s][info][gc          ] GC(674) Pause Remark 270M->270M(860M) 9.732ms
[468.015s][info][gc,cpu      ] GC(674) User=0.02s Sys=0.00s Real=0.01s
[468.016s][info][gc,marking  ] GC(674) Concurrent Mark 51.728ms
[468.016s][info][gc,marking  ] GC(674) Concurrent Rebuild Remembered Sets and Scrub Regions
[468.036s][info][gc,marking  ] GC(674) Concurrent Rebuild Remembered Sets and Scrub Regions 20.693ms
[468.037s][info][gc,start    ] GC(674) Pause Cleanup
[468.037s][info][gc          ] GC(674) Pause Cleanup 284M->284M(860M) 0.084ms
[468.037s][info][gc,cpu      ] GC(674) User=0.00s Sys=0.00s Real=0.00s
[468.037s][info][gc,marking  ] GC(674) Concurrent Clear Claimed Marks
[468.037s][info][gc,marking  ] GC(674) Concurrent Clear Claimed Marks 0.101ms
[468.037s][info][gc,marking  ] GC(674) Concurrent Cleanup for Next Mark
[468.040s][info][gc,marking  ] GC(674) Concurrent Cleanup for Next Mark 2.956ms
[468.040s][info][gc          ] GC(674) Concurrent Mark Cycle 79.915ms
[469.223s][info][gc,start    ] GC(675) Pause Young (Prepare Mixed) (G1 Evacuation Pause)
[469.223s][info][gc,task     ] GC(675) Using 2 workers of 2 for evacuation
[469.227s][info][gc,phases   ] GC(675)   Pre Evacuate Collection Set: 0.28ms
[469.227s][info][gc,phases   ] GC(675)   Merge Heap Roots: 0.17ms
[469.227s][info][gc,phases   ] GC(675)   Evacuate Collection Set: 2.69ms
[469.227s][info][gc,phases   ] GC(675)   Post Evacuate Collection Set: 0.81ms
[469.227s][info][gc,phases   ] GC(675)   Other: 0.08ms
[469.227s][info][gc,heap     ] GC(675) Eden regions: 512->0(514)
[469.227s][info][gc,heap     ] GC(675) Survivor regions: 4->2(65)
[469.227s][info][gc,heap     ] GC(675) Old regions: 47->48
[469.227s][info][gc,heap     ] GC(675) Humongous regions: 207->207
[469.227s][info][gc,metaspace] GC(675) Metaspace: 57573K(57920K)->57573K(57920K) NonClass: 51952K(52224K)->51952K(52224K) Class: 5620K(5696K)->5620K(5696K)
[469.227s][info][gc          ] GC(675) Pause Young (Prepare Mixed) (G1 Evacuation Pause) 769M->254M(860M) 4.192ms
[469.227s][info][gc,cpu      ] GC(675) User=0.00s Sys=0.00s Real=0.00s
[470.441s][info][gc,start    ] GC(676) Pause Young (Mixed) (G1 Evacuation Pause)
[470.441s][info][gc,task     ] GC(676) Using 2 workers of 2 for evacuation
[470.450s][info][gc,phases   ] GC(676)   Pre Evacuate Collection Set: 0.30ms
[470.450s][info][gc,phases   ] GC(676)   Merge Heap Roots: 0.15ms
[470.450s][info][gc,phases   ] GC(676)   Evacuate Collection Set: 7.08ms
[470.450s][info][gc,phases   ] GC(676)   Post Evacuate Collection Set: 0.81ms
[470.450s][info][gc,phases   ] GC(676)   Other: 0.08ms
[470.450s][info][gc,heap     ] GC(676) Eden regions: 514->0(512)
[470.450s][info][gc,heap     ] GC(676) Survivor regions: 2->4(65)
[470.450s][info][gc,heap     ] GC(676) Old regions: 48->46
[470.450s][info][gc,heap     ] GC(676) Humongous regions: 207->207
[470.450s][info][gc,metaspace] GC(676) Metaspace: 57573K(57920K)->57573K(57920K) NonClass: 51952K(52224K)->51952K(52224K) Class: 5620K(5696K)->5620K(5696K)
[470.450s][info][gc          ] GC(676) Pause Young (Mixed) (G1 Evacuation Pause) 768M->256M(860M) 8.603ms
[470.450s][info][gc,cpu      ] GC(676) User=0.02s Sys=0.00s Real=0.00s
[471.660s][info][gc,start    ] GC(677) Pause Young (Concurrent Start) (G1 Evacuation Pause)
[471.660s][info][gc,task     ] GC(677) Using 2 workers of 2 for evacuation
[471.665s][info][gc,phases   ] GC(677)   Pre Evacuate Collection Set: 0.34ms
[471.665s][info][gc,phases   ] GC(677)   Merge Heap Roots: 0.15ms
[471.665s][info][gc,phases   ] GC(677)   Evacuate Collection Set: 3.92ms
[471.665s][info][gc,phases   ] GC(677)   Post Evacuate Collection Set: 0.77ms
[471.665s][info][gc,phases   ] GC(677)   Other: 0.10ms
[471.665s][info][gc,heap     ] GC(677) Eden regions: 512->0(514)
[471.665s][info][gc,heap     ] GC(677) Survivor regions: 4->2(65)
[471.665s][info][gc,heap     ] GC(677) Old regions: 46->47
[471.665s][info][gc,heap     ] GC(677) Humongous regions: 207->207
[471.665s][info][gc,metaspace] GC(677) Metaspace: 57573K(57920K)->57573K(57920K) NonClass: 51952K(52224K)->51952K(52224K) Class: 5620K(5696K)->5620K(5696K)
[471.665s][info][gc          ] GC(677) Pause Young (Concurrent Start) (G1 Evacuation Pause) 768M->254M(860M) 5.462ms
[471.665s][info][gc          ] GC(678) Concurrent Mark Cycle
[471.665s][info][gc,marking  ] GC(678) Concurrent Scan Root Regions
[471.665s][info][gc,cpu      ] GC(677) User=0.01s Sys=0.00s Real=0.01s
[471.670s][info][gc,marking  ] GC(678) Concurrent Scan Root Regions 4.707ms
[471.670s][info][gc,marking  ] GC(678) Concurrent Mark
[471.670s][info][gc,marking  ] GC(678) Concurrent Mark From Roots
[471.670s][info][gc,task     ] GC(678) Using 1 workers of 1 for marking
[471.712s][info][gc,marking  ] GC(678) Concurrent Mark From Roots 42.276ms
[471.712s][info][gc,marking  ] GC(678) Concurrent Preclean
[471.712s][info][gc,marking  ] GC(678) Concurrent Preclean 0.070ms
[471.713s][info][gc,start    ] GC(678) Pause Remark
[471.722s][info][gc          ] GC(678) Pause Remark 262M->262M(854M) 9.804ms
[471.722s][info][gc,cpu      ] GC(678) User=0.02s Sys=0.00s Real=0.01s
[471.723s][info][gc,marking  ] GC(678) Concurrent Mark 53.447ms
[471.723s][info][gc,marking  ] GC(678) Concurrent Rebuild Remembered Sets and Scrub Regions
[471.740s][info][gc,marking  ] GC(678) Concurrent Rebuild Remembered Sets and Scrub Regions 16.101ms
[471.742s][info][gc,start    ] GC(678) Pause Cleanup
[471.742s][info][gc          ] GC(678) Pause Cleanup 267M->267M(854M) 0.068ms
[471.742s][info][gc,cpu      ] GC(678) User=0.00s Sys=0.00s Real=0.00s
[471.742s][info][gc,marking  ] GC(678) Concurrent Clear Claimed Marks
[471.742s][info][gc,marking  ] GC(678) Concurrent Clear Claimed Marks 0.084ms
[471.742s][info][gc,marking  ] GC(678) Concurrent Cleanup for Next Mark
[471.745s][info][gc,marking  ] GC(678) Concurrent Cleanup for Next Mark 2.662ms
[471.745s][info][gc          ] GC(678) Concurrent Mark Cycle 79.494ms
[472.929s][info][gc,start    ] GC(679) Pause Young (Prepare Mixed) (G1 Evacuation Pause)
[472.929s][info][gc,task     ] GC(679) Using 2 workers of 2 for evacuation
[472.934s][info][gc,phases   ] GC(679)   Pre Evacuate Collection Set: 0.46ms
[472.934s][info][gc,phases   ] GC(679)   Merge Heap Roots: 0.17ms
[472.934s][info][gc,phases   ] GC(679)   Evacuate Collection Set: 3.35ms
[472.934s][info][gc,phases   ] GC(679)   Post Evacuate Collection Set: 0.82ms
[472.934s][info][gc,phases   ] GC(679)   Other: 0.12ms
[472.934s][info][gc,heap     ] GC(679) Eden regions: 510->0(510)
[472.934s][info][gc,heap     ] GC(679) Survivor regions: 2->2(64)
[472.934s][info][gc,heap     ] GC(679) Old regions: 47->48
[472.934s][info][gc,heap     ] GC(679) Humongous regions: 207->207
[472.934s][info][gc,metaspace] GC(679) Metaspace: 57573K(57920K)->57573K(57920K) NonClass: 51952K(52224K)->51952K(52224K) Class: 5620K(5696K)->5620K(5696K)
[472.934s][info][gc          ] GC(679) Pause Young (Prepare Mixed) (G1 Evacuation Pause) 764M->254M(854M) 5.093ms
[472.934s][info][gc,cpu      ] GC(679) User=0.01s Sys=0.00s Real=0.01s
[474.137s][info][gc,start    ] GC(680) Pause Young (Mixed) (G1 Evacuation Pause)
[474.137s][info][gc,task     ] GC(680) Using 2 workers of 2 for evacuation
[474.145s][info][gc,phases   ] GC(680)   Pre Evacuate Collection Set: 0.30ms
[474.145s][info][gc,phases   ] GC(680)   Merge Heap Roots: 0.17ms
[474.145s][info][gc,phases   ] GC(680)   Evacuate Collection Set: 6.55ms
[474.145s][info][gc,phases   ] GC(680)   Post Evacuate Collection Set: 0.80ms
[474.145s][info][gc,phases   ] GC(680)   Other: 0.09ms
[474.145s][info][gc,heap     ] GC(680) Eden regions: 510->0(508)
[474.145s][info][gc,heap     ] GC(680) Survivor regions: 2->4(64)
[474.145s][info][gc,heap     ] GC(680) Old regions: 48->47
[474.145s][info][gc,heap     ] GC(680) Humongous regions: 207->207
[474.145s][info][gc,metaspace] GC(680) Metaspace: 57573K(57920K)->57573K(57920K) NonClass: 51952K(52224K)->51952K(52224K) Class: 5620K(5696K)->5620K(5696K)
[474.145s][info][gc          ] GC(680) Pause Young (Mixed) (G1 Evacuation Pause) 764M->255M(854M) 8.074ms
[474.145s][info][gc,cpu      ] GC(680) User=0.02s Sys=0.00s Real=0.01s
[475.352s][info][gc,start    ] GC(681) Pause Young (Concurrent Start) (G1 Evacuation Pause)
[475.352s][info][gc,task     ] GC(681) Using 2 workers of 2 for evacuation
[475.358s][info][gc,phases   ] GC(681)   Pre Evacuate Collection Set: 0.30ms
[475.358s][info][gc,phases   ] GC(681)   Merge Heap Roots: 0.14ms
[475.358s][info][gc,phases   ] GC(681)   Evacuate Collection Set: 4.39ms
[475.358s][info][gc,phases   ] GC(681)   Post Evacuate Collection Set: 0.77ms
[475.358s][info][gc,phases   ] GC(681)   Other: 0.10ms
[475.358s][info][gc,heap     ] GC(681) Eden regions: 508->0(508)
[475.358s][info][gc,heap     ] GC(681) Survivor regions: 4->4(64)
[475.358s][info][gc,heap     ] GC(681) Old regions: 47->47
[475.358s][info][gc,heap     ] GC(681) Humongous regions: 207->207
[475.358s][info][gc,metaspace] GC(681) Metaspace: 57573K(57920K)->57573K(57920K) NonClass: 51952K(52224K)->51952K(52224K) Class: 5620K(5696K)->5620K(5696K)
[475.358s][info][gc          ] GC(681) Pause Young (Concurrent Start) (G1 Evacuation Pause) 763M->255M(854M) 5.895ms
[475.358s][info][gc,cpu      ] GC(681) User=0.01s Sys=0.00s Real=0.00s
[475.358s][info][gc          ] GC(682) Concurrent Mark Cycle
[475.358s][info][gc,marking  ] GC(682) Concurrent Scan Root Regions
[475.364s][info][gc,marking  ] GC(682) Concurrent Scan Root Regions 5.482ms
[475.364s][info][gc,marking  ] GC(682) Concurrent Mark
[475.364s][info][gc,marking  ] GC(682) Concurrent Mark From Roots
[475.364s][info][gc,task     ] GC(682) Using 1 workers of 1 for marking
[475.407s][info][gc,marking  ] GC(682) Concurrent Mark From Roots 43.150ms
[475.407s][info][gc,marking  ] GC(682) Concurrent Preclean
[475.407s][info][gc,marking  ] GC(682) Concurrent Preclean 0.071ms
[475.407s][info][gc,start    ] GC(682) Pause Remark
[475.417s][info][gc          ] GC(682) Pause Remark 266M->266M(854M) 9.774ms
[475.417s][info][gc,cpu      ] GC(682) User=0.02s Sys=0.00s Real=0.01s
[475.417s][info][gc,marking  ] GC(682) Concurrent Mark 53.549ms
[475.417s][info][gc,marking  ] GC(682) Concurrent Rebuild Remembered Sets and Scrub Regions
[475.450s][info][gc,marking  ] GC(682) Concurrent Rebuild Remembered Sets and Scrub Regions 32.749ms
[475.450s][info][gc,start    ] GC(682) Pause Cleanup
[475.450s][info][gc          ] GC(682) Pause Cleanup 291M->291M(854M) 0.098ms
[475.450s][info][gc,cpu      ] GC(682) User=0.00s Sys=0.00s Real=0.01s
[475.451s][info][gc,marking  ] GC(682) Concurrent Clear Claimed Marks
[475.451s][info][gc,marking  ] GC(682) Concurrent Clear Claimed Marks 0.088ms
[475.451s][info][gc,marking  ] GC(682) Concurrent Cleanup for Next Mark
[475.453s][info][gc,marking  ] GC(682) Concurrent Cleanup for Next Mark 2.463ms
[475.453s][info][gc          ] GC(682) Concurrent Mark Cycle 94.886ms
[476.625s][info][gc,start    ] GC(683) Pause Young (Prepare Mixed) (G1 Evacuation Pause)
[476.625s][info][gc,task     ] GC(683) Using 2 workers of 2 for evacuation
[476.629s][info][gc,phases   ] GC(683)   Pre Evacuate Collection Set: 0.29ms
[476.629s][info][gc,phases   ] GC(683)   Merge Heap Roots: 0.17ms
[476.629s][info][gc,phases   ] GC(683)   Evacuate Collection Set: 2.91ms
[476.629s][info][gc,phases   ] GC(683)   Post Evacuate Collection Set: 0.77ms
[476.629s][info][gc,phases   ] GC(683)   Other: 0.10ms
[476.629s][info][gc,heap     ] GC(683) Eden regions: 508->0(510)
[476.629s][info][gc,heap     ] GC(683) Survivor regions: 4->2(64)
[476.629s][info][gc,heap     ] GC(683) Old regions: 47->47
[476.629s][info][gc,heap     ] GC(683) Humongous regions: 207->207
[476.629s][info][gc,metaspace] GC(683) Metaspace: 57573K(57920K)->57573K(57920K) NonClass: 51952K(52224K)->51952K(52224K) Class: 5620K(5696K)->5620K(5696K)
[476.629s][info][gc          ] GC(683) Pause Young (Prepare Mixed) (G1 Evacuation Pause) 763M->254M(854M) 4.403ms
[476.629s][info][gc,cpu      ] GC(683) User=0.01s Sys=0.00s Real=0.00s
[477.845s][info][gc,start    ] GC(684) Pause Young (Mixed) (G1 Evacuation Pause)
[477.845s][info][gc,task     ] GC(684) Using 2 workers of 2 for evacuation
[477.851s][info][gc,phases   ] GC(684)   Pre Evacuate Collection Set: 0.29ms
[477.851s][info][gc,phases   ] GC(684)   Merge Heap Roots: 0.14ms
[477.851s][info][gc,phases   ] GC(684)   Evacuate Collection Set: 4.86ms
[477.851s][info][gc,phases   ] GC(684)   Post Evacuate Collection Set: 0.76ms
[477.851s][info][gc,phases   ] GC(684)   Other: 0.11ms
[477.851s][info][gc,heap     ] GC(684) Eden regions: 510->0(509)
[477.851s][info][gc,heap     ] GC(684) Survivor regions: 2->3(64)
[477.851s][info][gc,heap     ] GC(684) Old regions: 47->46
[477.851s][info][gc,heap     ] GC(684) Humongous regions: 207->207
[477.851s][info][gc,metaspace] GC(684) Metaspace: 57573K(57920K)->57573K(57920K) NonClass: 51952K(52224K)->51952K(52224K) Class: 5620K(5696K)->5620K(5696K)
[477.851s][info][gc          ] GC(684) Pause Young (Mixed) (G1 Evacuation Pause) 764M->255M(854M) 6.323ms
[477.851s][info][gc,cpu      ] GC(684) User=0.02s Sys=0.00s Real=0.01s
[479.055s][info][gc,start    ] GC(685) Pause Young (Concurrent Start) (G1 Evacuation Pause)
[479.055s][info][gc,task     ] GC(685) Using 2 workers of 2 for evacuation
[479.061s][info][gc,phases   ] GC(685)   Pre Evacuate Collection Set: 0.34ms
[479.061s][info][gc,phases   ] GC(685)   Merge Heap Roots: 0.13ms
[479.061s][info][gc,phases   ] GC(685)   Evacuate Collection Set: 4.69ms
[479.061s][info][gc,phases   ] GC(685)   Post Evacuate Collection Set: 0.77ms
[479.061s][info][gc,phases   ] GC(685)   Other: 0.15ms
[479.061s][info][gc,heap     ] GC(685) Eden regions: 509->0(508)
[479.061s][info][gc,heap     ] GC(685) Survivor regions: 3->4(64)
[479.061s][info][gc,heap     ] GC(685) Old regions: 46->46
[479.061s][info][gc,heap     ] GC(685) Humongous regions: 207->207
[479.061s][info][gc,metaspace] GC(685) Metaspace: 57573K(57920K)->57573K(57920K) NonClass: 51952K(52224K)->51952K(52224K) Class: 5620K(5696K)->5620K(5696K)
[479.061s][info][gc          ] GC(685) Pause Young (Concurrent Start) (G1 Evacuation Pause) 764M->255M(854M) 6.256ms
[479.061s][info][gc          ] GC(686) Concurrent Mark Cycle
[479.061s][info][gc,marking  ] GC(686) Concurrent Scan Root Regions
[479.061s][info][gc,cpu      ] GC(685) User=0.01s Sys=0.01s Real=0.01s
[479.067s][info][gc,marking  ] GC(686) Concurrent Scan Root Regions 5.658ms
[479.067s][info][gc,marking  ] GC(686) Concurrent Mark
[479.067s][info][gc,marking  ] GC(686) Concurrent Mark From Roots
[479.067s][info][gc,task     ] GC(686) Using 1 workers of 1 for marking
[479.113s][info][gc,marking  ] GC(686) Concurrent Mark From Roots 45.917ms
[479.113s][info][gc,marking  ] GC(686) Concurrent Preclean
[479.113s][info][gc,marking  ] GC(686) Concurrent Preclean 0.067ms
[479.113s][info][gc,start    ] GC(686) Pause Remark
[479.123s][info][gc          ] GC(686) Pause Remark 266M->266M(854M) 9.627ms
[479.123s][info][gc,cpu      ] GC(686) User=0.02s Sys=0.00s Real=0.01s
[479.123s][info][gc,marking  ] GC(686) Concurrent Mark 55.831ms
[479.123s][info][gc,marking  ] GC(686) Concurrent Rebuild Remembered Sets and Scrub Regions
[479.152s][info][gc,marking  ] GC(686) Concurrent Rebuild Remembered Sets and Scrub Regions 28.622ms
[479.152s][info][gc,start    ] GC(686) Pause Cleanup
[479.152s][info][gc          ] GC(686) Pause Cleanup 289M->289M(854M) 0.079ms
[479.152s][info][gc,cpu      ] GC(686) User=0.00s Sys=0.00s Real=0.00s
[479.152s][info][gc,marking  ] GC(686) Concurrent Clear Claimed Marks
[479.153s][info][gc,marking  ] GC(686) Concurrent Clear Claimed Marks 0.107ms
[479.153s][info][gc,marking  ] GC(686) Concurrent Cleanup for Next Mark
[479.157s][info][gc,marking  ] GC(686) Concurrent Cleanup for Next Mark 4.363ms
[479.157s][info][gc          ] GC(686) Concurrent Mark Cycle 95.566ms
[480.323s][info][gc,start    ] GC(687) Pause Young (Prepare Mixed) (G1 Evacuation Pause)
[480.323s][info][gc,task     ] GC(687) Using 2 workers of 2 for evacuation
[480.327s][info][gc,phases   ] GC(687)   Pre Evacuate Collection Set: 0.29ms
[480.327s][info][gc,phases   ] GC(687)   Merge Heap Roots: 0.16ms
[480.327s][info][gc,phases   ] GC(687)   Evacuate Collection Set: 2.56ms
[480.327s][info][gc,phases   ] GC(687)   Post Evacuate Collection Set: 0.76ms
[480.327s][info][gc,phases   ] GC(687)   Other: 0.08ms
[480.327s][info][gc,heap     ] GC(687) Eden regions: 508->0(511)
[480.327s][info][gc,heap     ] GC(687) Survivor regions: 4->1(64)
[480.327s][info][gc,heap     ] GC(687) Old regions: 46->46
[480.327s][info][gc,heap     ] GC(687) Humongous regions: 207->207
[480.327s][info][gc,metaspace] GC(687) Metaspace: 57573K(57920K)->57573K(57920K) NonClass: 51952K(52224K)->51952K(52224K) Class: 5620K(5696K)->5620K(5696K)
[480.327s][info][gc          ] GC(687) Pause Young (Prepare Mixed) (G1 Evacuation Pause) 763M->253M(854M) 4.027ms
[480.327s][info][gc,cpu      ] GC(687) User=0.00s Sys=0.00s Real=0.00s
[481.541s][info][gc,start    ] GC(688) Pause Young (Mixed) (G1 Evacuation Pause)
[481.541s][info][gc,task     ] GC(688) Using 2 workers of 2 for evacuation
[481.549s][info][gc,phases   ] GC(688)   Pre Evacuate Collection Set: 0.29ms
[481.549s][info][gc,phases   ] GC(688)   Merge Heap Roots: 0.16ms
[481.549s][info][gc,phases   ] GC(688)   Evacuate Collection Set: 6.43ms
[481.549s][info][gc,phases   ] GC(688)   Post Evacuate Collection Set: 0.81ms
[481.549s][info][gc,phases   ] GC(688)   Other: 0.12ms
[481.549s][info][gc,heap     ] GC(688) Eden regions: 511->0(508)
[481.549s][info][gc,heap     ] GC(688) Survivor regions: 1->4(64)
[481.549s][info][gc,heap     ] GC(688) Old regions: 46->46
[481.549s][info][gc,heap     ] GC(688) Humongous regions: 207->207
[481.549s][info][gc,metaspace] GC(688) Metaspace: 57573K(57920K)->57573K(57920K) NonClass: 51952K(52224K)->51952K(52224K) Class: 5620K(5696K)->5620K(5696K)
[481.549s][info][gc          ] GC(688) Pause Young (Mixed) (G1 Evacuation Pause) 764M->256M(854M) 7.980ms
[481.549s][info][gc,cpu      ] GC(688) User=0.01s Sys=0.00s Real=0.00s
[481.676s][info][gc,start    ] GC(689) Pause Young (Concurrent Start) (G1 Humongous Allocation)
[481.676s][info][gc,task     ] GC(689) Using 2 workers of 2 for evacuation
[481.678s][info][gc,phases   ] GC(689)   Pre Evacuate Collection Set: 0.30ms
[481.678s][info][gc,phases   ] GC(689)   Merge Heap Roots: 0.07ms
[481.678s][info][gc,phases   ] GC(689)   Evacuate Collection Set: 1.83ms
[481.678s][info][gc,phases   ] GC(689)   Post Evacuate Collection Set: 0.41ms
[481.678s][info][gc,phases   ] GC(689)   Other: 0.08ms
[481.678s][info][gc,heap     ] GC(689) Eden regions: 59->0(511)
[481.678s][info][gc,heap     ] GC(689) Survivor regions: 4->1(64)
[481.678s][info][gc,heap     ] GC(689) Old regions: 46->46
[481.678s][info][gc,heap     ] GC(689) Humongous regions: 207->207
[481.678s][info][gc,metaspace] GC(689) Metaspace: 57576K(57920K)->57576K(57920K) NonClass: 51956K(52224K)->51956K(52224K) Class: 5620K(5696K)->5620K(5696K)
[481.678s][info][gc          ] GC(689) Pause Young (Concurrent Start) (G1 Humongous Allocation) 314M->253M(854M) 2.883ms
[481.678s][info][gc          ] GC(690) Concurrent Mark Cycle
[481.678s][info][gc,marking  ] GC(690) Concurrent Scan Root Regions
[481.679s][info][gc,cpu      ] GC(689) User=0.01s Sys=0.00s Real=0.00s
[481.681s][info][gc,marking  ] GC(690) Concurrent Scan Root Regions 2.239ms
[481.681s][info][gc,marking  ] GC(690) Concurrent Mark
[481.681s][info][gc,marking  ] GC(690) Concurrent Mark From Roots
[481.681s][info][gc,task     ] GC(690) Using 1 workers of 1 for marking
[481.721s][info][gc,marking  ] GC(690) Concurrent Mark From Roots 40.450ms
[481.721s][info][gc,marking  ] GC(690) Concurrent Preclean
[481.721s][info][gc,marking  ] GC(690) Concurrent Preclean 0.062ms
[481.721s][info][gc,start    ] GC(690) Pause Remark
[481.731s][info][gc          ] GC(690) Pause Remark 292M->292M(854M) 9.918ms
[481.731s][info][gc,cpu      ] GC(690) User=0.02s Sys=0.00s Real=0.01s
[481.732s][info][gc,marking  ] GC(690) Concurrent Mark 51.265ms
[481.732s][info][gc,marking  ] GC(690) Concurrent Rebuild Remembered Sets and Scrub Regions
[481.750s][info][gc,marking  ] GC(690) Concurrent Rebuild Remembered Sets and Scrub Regions 17.791ms
[481.750s][info][gc,start    ] GC(690) Pause Cleanup
[481.751s][info][gc          ] GC(690) Pause Cleanup 293M->293M(854M) 0.089ms
[481.751s][info][gc,cpu      ] GC(690) User=0.00s Sys=0.00s Real=0.00s
[481.751s][info][gc,marking  ] GC(690) Concurrent Clear Claimed Marks
[481.751s][info][gc,marking  ] GC(690) Concurrent Clear Claimed Marks 0.088ms
[481.751s][info][gc,marking  ] GC(690) Concurrent Cleanup for Next Mark
[481.753s][info][gc,marking  ] GC(690) Concurrent Cleanup for Next Mark 2.642ms
[481.753s][info][gc          ] GC(690) Concurrent Mark Cycle 74.881ms
[484.842s][info][gc,start    ] GC(691) Pause Young (Prepare Mixed) (G1 Evacuation Pause)
[484.842s][info][gc,task     ] GC(691) Using 2 workers of 2 for evacuation
[484.860s][info][gc,phases   ] GC(691)   Pre Evacuate Collection Set: 0.33ms
[484.860s][info][gc,phases   ] GC(691)   Merge Heap Roots: 0.18ms
[484.860s][info][gc,phases   ] GC(691)   Evacuate Collection Set: 16.22ms
[484.860s][info][gc,phases   ] GC(691)   Post Evacuate Collection Set: 0.93ms
[484.860s][info][gc,phases   ] GC(691)   Other: 0.08ms
[484.860s][info][gc,heap     ] GC(691) Eden regions: 444->0(506)
[484.860s][info][gc,heap     ] GC(691) Survivor regions: 1->16(64)
[484.860s][info][gc,heap     ] GC(691) Old regions: 46->46
[484.860s][info][gc,heap     ] GC(691) Humongous regions: 363->207
[484.860s][info][gc,metaspace] GC(691) Metaspace: 57716K(58048K)->57716K(58048K) NonClass: 52095K(52352K)->52095K(52352K) Class: 5620K(5696K)->5620K(5696K)
[484.860s][info][gc          ] GC(691) Pause Young (Prepare Mixed) (G1 Evacuation Pause) 853M->268M(870M) 17.975ms
[484.860s][info][gc,cpu      ] GC(691) User=0.03s Sys=0.01s Real=0.01s
[486.064s][info][gc,start    ] GC(692) Pause Young (Mixed) (G1 Evacuation Pause)
[486.064s][info][gc,task     ] GC(692) Using 2 workers of 2 for evacuation
[486.074s][info][gc,phases   ] GC(692)   Pre Evacuate Collection Set: 0.33ms
[486.074s][info][gc,phases   ] GC(692)   Merge Heap Roots: 0.17ms
[486.074s][info][gc,phases   ] GC(692)   Evacuate Collection Set: 8.43ms
[486.074s][info][gc,phases   ] GC(692)   Post Evacuate Collection Set: 0.87ms
[486.074s][info][gc,phases   ] GC(692)   Other: 0.09ms
[486.074s][info][gc,heap     ] GC(692) Eden regions: 506->0(508)
[486.074s][info][gc,heap     ] GC(692) Survivor regions: 16->14(66)
[486.074s][info][gc,heap     ] GC(692) Old regions: 46->46
[486.074s][info][gc,heap     ] GC(692) Humongous regions: 207->207
[486.074s][info][gc,metaspace] GC(692) Metaspace: 57716K(58048K)->57716K(58048K) NonClass: 52095K(52352K)->52095K(52352K) Class: 5620K(5696K)->5620K(5696K)
[486.074s][info][gc          ] GC(692) Pause Young (Mixed) (G1 Evacuation Pause) 773M->266M(870M) 10.079ms
[486.074s][info][gc,cpu      ] GC(692) User=0.02s Sys=0.00s Real=0.01s
[487.365s][info][gc,start    ] GC(693) Pause Young (Normal) (G1 Evacuation Pause)
[487.365s][info][gc,task     ] GC(693) Using 2 workers of 2 for evacuation
[487.373s][info][gc,phases   ] GC(693)   Pre Evacuate Collection Set: 0.31ms
[487.373s][info][gc,phases   ] GC(693)   Merge Heap Roots: 0.15ms
[487.373s][info][gc,phases   ] GC(693)   Evacuate Collection Set: 6.18ms
[487.373s][info][gc,phases   ] GC(693)   Post Evacuate Collection Set: 0.86ms
[487.373s][info][gc,phases   ] GC(693)   Other: 0.14ms
[487.373s][info][gc,heap     ] GC(693) Eden regions: 508->0(508)
[487.373s][info][gc,heap     ] GC(693) Survivor regions: 14->14(66)
[487.373s][info][gc,heap     ] GC(693) Old regions: 46->46
[487.373s][info][gc,heap     ] GC(693) Humongous regions: 207->207
[487.373s][info][gc,metaspace] GC(693) Metaspace: 57717K(58048K)->57717K(58048K) NonClass: 52096K(52352K)->52096K(52352K) Class: 5620K(5696K)->5620K(5696K)
[487.373s][info][gc          ] GC(693) Pause Young (Normal) (G1 Evacuation Pause) 774M->266M(870M) 7.842ms
[487.373s][info][gc,cpu      ] GC(693) User=0.01s Sys=0.00s Real=0.01s
[488.544s][info][gc,start    ] GC(694) Pause Young (Concurrent Start) (G1 Evacuation Pause)
[488.544s][info][gc,task     ] GC(694) Using 2 workers of 2 for evacuation
[488.555s][info][gc,phases   ] GC(694)   Pre Evacuate Collection Set: 0.31ms
[488.555s][info][gc,phases   ] GC(694)   Merge Heap Roots: 0.16ms
[488.555s][info][gc,phases   ] GC(694)   Evacuate Collection Set: 9.60ms
[488.555s][info][gc,phases   ] GC(694)   Post Evacuate Collection Set: 0.85ms
[488.555s][info][gc,phases   ] GC(694)   Other: 0.12ms
[488.555s][info][gc,heap     ] GC(694) Eden regions: 508->0(506)
[488.555s][info][gc,heap     ] GC(694) Survivor regions: 14->16(66)
[488.555s][info][gc,heap     ] GC(694) Old regions: 46->46
[488.556s][info][gc,heap     ] GC(694) Humongous regions: 207->207
[488.556s][info][gc,metaspace] GC(694) Metaspace: 57717K(58048K)->57717K(58048K) NonClass: 52096K(52352K)->52096K(52352K) Class: 5620K(5696K)->5620K(5696K)
[488.556s][info][gc          ] GC(694) Pause Young (Concurrent Start) (G1 Evacuation Pause) 774M->268M(870M) 11.230ms
[488.556s][info][gc          ] GC(695) Concurrent Mark Cycle
[488.556s][info][gc,marking  ] GC(695) Concurrent Scan Root Regions
[488.556s][info][gc,cpu      ] GC(694) User=0.02s Sys=0.00s Real=0.01s
[488.563s][info][gc,marking  ] GC(695) Concurrent Scan Root Regions 7.667ms
[488.563s][info][gc,marking  ] GC(695) Concurrent Mark
[488.563s][info][gc,marking  ] GC(695) Concurrent Mark From Roots
[488.563s][info][gc,task     ] GC(695) Using 1 workers of 1 for marking
[488.606s][info][gc,marking  ] GC(695) Concurrent Mark From Roots 42.237ms
[488.606s][info][gc,marking  ] GC(695) Concurrent Preclean
[488.606s][info][gc,marking  ] GC(695) Concurrent Preclean 0.047ms
[488.606s][info][gc,start    ] GC(695) Pause Remark
[488.616s][info][gc          ] GC(695) Pause Remark 281M->281M(870M) 10.246ms
[488.616s][info][gc,cpu      ] GC(695) User=0.02s Sys=0.00s Real=0.01s
[488.616s][info][gc,marking  ] GC(695) Concurrent Mark 52.890ms
[488.616s][info][gc,marking  ] GC(695) Concurrent Rebuild Remembered Sets and Scrub Regions
[488.632s][info][gc,marking  ] GC(695) Concurrent Rebuild Remembered Sets and Scrub Regions 15.342ms
[488.632s][info][gc,start    ] GC(695) Pause Cleanup
[488.632s][info][gc          ] GC(695) Pause Cleanup 289M->289M(870M) 0.071ms
[488.632s][info][gc,cpu      ] GC(695) User=0.00s Sys=0.00s Real=0.00s
[488.632s][info][gc,marking  ] GC(695) Concurrent Clear Claimed Marks
[488.632s][info][gc,marking  ] GC(695) Concurrent Clear Claimed Marks 0.084ms
[488.632s][info][gc,marking  ] GC(695) Concurrent Cleanup for Next Mark
[488.635s][info][gc,marking  ] GC(695) Concurrent Cleanup for Next Mark 2.746ms
[488.635s][info][gc          ] GC(695) Concurrent Mark Cycle 79.098ms
[489.822s][info][gc,start    ] GC(696) Pause Young (Prepare Mixed) (G1 Evacuation Pause)
[489.822s][info][gc,task     ] GC(696) Using 2 workers of 2 for evacuation
[489.829s][info][gc,phases   ] GC(696)   Pre Evacuate Collection Set: 0.30ms
[489.829s][info][gc,phases   ] GC(696)   Merge Heap Roots: 0.16ms
[489.829s][info][gc,phases   ] GC(696)   Evacuate Collection Set: 5.95ms
[489.829s][info][gc,phases   ] GC(696)   Post Evacuate Collection Set: 0.84ms
[489.830s][info][gc,phases   ] GC(696)   Other: 0.10ms
[489.830s][info][gc,heap     ] GC(696) Eden regions: 506->0(508)
[489.830s][info][gc,heap     ] GC(696) Survivor regions: 16->14(66)
[489.830s][info][gc,heap     ] GC(696) Old regions: 46->46
[489.830s][info][gc,heap     ] GC(696) Humongous regions: 207->207
[489.830s][info][gc,metaspace] GC(696) Metaspace: 57717K(58048K)->57717K(58048K) NonClass: 52096K(52352K)->52096K(52352K) Class: 5620K(5696K)->5620K(5696K)
[489.830s][info][gc          ] GC(696) Pause Young (Prepare Mixed) (G1 Evacuation Pause) 774M->266M(870M) 7.522ms
[489.830s][info][gc,cpu      ] GC(696) User=0.01s Sys=0.00s Real=0.00s
[491.038s][info][gc,start    ] GC(697) Pause Young (Mixed) (G1 Evacuation Pause)
[491.038s][info][gc,task     ] GC(697) Using 2 workers of 2 for evacuation
[491.049s][info][gc,phases   ] GC(697)   Pre Evacuate Collection Set: 0.32ms
[491.049s][info][gc,phases   ] GC(697)   Merge Heap Roots: 0.19ms
[491.049s][info][gc,phases   ] GC(697)   Evacuate Collection Set: 9.21ms
[491.049s][info][gc,phases   ] GC(697)   Post Evacuate Collection Set: 0.88ms
[491.049s][info][gc,phases   ] GC(697)   Other: 0.11ms
[491.049s][info][gc,heap     ] GC(697) Eden regions: 508->0(507)
[491.049s][info][gc,heap     ] GC(697) Survivor regions: 14->15(66)
[491.049s][info][gc,heap     ] GC(697) Old regions: 46->46
[491.049s][info][gc,heap     ] GC(697) Humongous regions: 207->207
[491.049s][info][gc,metaspace] GC(697) Metaspace: 57717K(58048K)->57717K(58048K) NonClass: 52096K(52352K)->52096K(52352K) Class: 5620K(5696K)->5620K(5696K)
[491.049s][info][gc          ] GC(697) Pause Young (Mixed) (G1 Evacuation Pause) 774M->267M(870M) 10.905ms
[491.049s][info][gc,cpu      ] GC(697) User=0.02s Sys=0.00s Real=0.01s
[492.258s][info][gc,start    ] GC(698) Pause Young (Normal) (G1 Evacuation Pause)
[492.258s][info][gc,task     ] GC(698) Using 2 workers of 2 for evacuation
[492.267s][info][gc,phases   ] GC(698)   Pre Evacuate Collection Set: 0.31ms
[492.267s][info][gc,phases   ] GC(698)   Merge Heap Roots: 0.18ms
[492.267s][info][gc,phases   ] GC(698)   Evacuate Collection Set: 7.57ms
[492.267s][info][gc,phases   ] GC(698)   Post Evacuate Collection Set: 0.88ms
[492.267s][info][gc,phases   ] GC(698)   Other: 0.12ms
[492.267s][info][gc,heap     ] GC(698) Eden regions: 507->0(507)
[492.267s][info][gc,heap     ] GC(698) Survivor regions: 15->15(66)
[492.267s][info][gc,heap     ] GC(698) Old regions: 46->46
[492.267s][info][gc,heap     ] GC(698) Humongous regions: 207->207
[492.267s][info][gc,metaspace] GC(698) Metaspace: 57717K(58048K)->57717K(58048K) NonClass: 52096K(52352K)->52096K(52352K) Class: 5620K(5696K)->5620K(5696K)
[492.267s][info][gc          ] GC(698) Pause Young (Normal) (G1 Evacuation Pause) 774M->267M(870M) 9.291ms
[492.267s][info][gc,cpu      ] GC(698) User=0.02s Sys=0.00s Real=0.01s
[493.530s][info][gc,start    ] GC(699) Pause Young (Normal) (G1 Evacuation Pause)
[493.530s][info][gc,task     ] GC(699) Using 2 workers of 2 for evacuation
[493.539s][info][gc,phases   ] GC(699)   Pre Evacuate Collection Set: 0.32ms
[493.539s][info][gc,phases   ] GC(699)   Merge Heap Roots: 0.16ms
[493.539s][info][gc,phases   ] GC(699)   Evacuate Collection Set: 7.25ms
[493.539s][info][gc,phases   ] GC(699)   Post Evacuate Collection Set: 0.87ms
[493.539s][info][gc,phases   ] GC(699)   Other: 0.11ms
[493.539s][info][gc,heap     ] GC(699) Eden regions: 507->0(507)
[493.539s][info][gc,heap     ] GC(699) Survivor regions: 15->15(66)
[493.539s][info][gc,heap     ] GC(699) Old regions: 46->46
[493.539s][info][gc,heap     ] GC(699) Humongous regions: 207->207
[493.539s][info][gc,metaspace] GC(699) Metaspace: 57717K(58048K)->57717K(58048K) NonClass: 52096K(52352K)->52096K(52352K) Class: 5620K(5696K)->5620K(5696K)
[493.539s][info][gc          ] GC(699) Pause Young (Normal) (G1 Evacuation Pause) 774M->267M(870M) 8.911ms
[493.539s][info][gc,cpu      ] GC(699) User=0.02s Sys=0.00s Real=0.01s
[494.740s][info][gc,start    ] GC(700) Pause Young (Normal) (G1 Evacuation Pause)
[494.740s][info][gc,task     ] GC(700) Using 2 workers of 2 for evacuation
[494.751s][info][gc,phases   ] GC(700)   Pre Evacuate Collection Set: 0.31ms
[494.751s][info][gc,phases   ] GC(700)   Merge Heap Roots: 0.15ms
[494.751s][info][gc,phases   ] GC(700)   Evacuate Collection Set: 9.84ms
[494.751s][info][gc,phases   ] GC(700)   Post Evacuate Collection Set: 0.88ms
[494.751s][info][gc,phases   ] GC(700)   Other: 0.13ms
[494.751s][info][gc,heap     ] GC(700) Eden regions: 507->0(505)
[494.751s][info][gc,heap     ] GC(700) Survivor regions: 15->17(66)
[494.751s][info][gc,heap     ] GC(700) Old regions: 46->46
[494.751s][info][gc,heap     ] GC(700) Humongous regions: 207->207
[494.751s][info][gc,metaspace] GC(700) Metaspace: 57717K(58048K)->57717K(58048K) NonClass: 52096K(52352K)->52096K(52352K) Class: 5620K(5696K)->5620K(5696K)
[494.751s][info][gc          ] GC(700) Pause Young (Normal) (G1 Evacuation Pause) 774M->268M(870M) 11.530ms
[494.751s][info][gc,cpu      ] GC(700) User=0.02s Sys=0.00s Real=0.02s
[495.958s][info][gc,start    ] GC(701) Pause Young (Normal) (G1 Evacuation Pause)
[495.958s][info][gc,task     ] GC(701) Using 2 workers of 2 for evacuation
[495.965s][info][gc,phases   ] GC(701)   Pre Evacuate Collection Set: 0.30ms
[495.965s][info][gc,phases   ] GC(701)   Merge Heap Roots: 0.17ms
[495.965s][info][gc,phases   ] GC(701)   Evacuate Collection Set: 5.96ms
[495.965s][info][gc,phases   ] GC(701)   Post Evacuate Collection Set: 0.84ms
[495.965s][info][gc,phases   ] GC(701)   Other: 0.10ms
[495.965s][info][gc,heap     ] GC(701) Eden regions: 505->0(508)
[495.965s][info][gc,heap     ] GC(701) Survivor regions: 17->14(66)
[495.965s][info][gc,heap     ] GC(701) Old regions: 46->46
[495.965s][info][gc,heap     ] GC(701) Humongous regions: 207->207
[495.965s][info][gc,metaspace] GC(701) Metaspace: 57717K(58048K)->57717K(58048K) NonClass: 52096K(52352K)->52096K(52352K) Class: 5620K(5696K)->5620K(5696K)
[495.965s][info][gc          ] GC(701) Pause Young (Normal) (G1 Evacuation Pause) 773M->266M(870M) 7.562ms
[495.965s][info][gc,cpu      ] GC(701) User=0.02s Sys=0.00s Real=0.01s
[497.234s][info][gc,start    ] GC(702) Pause Young (Normal) (G1 Evacuation Pause)
[497.234s][info][gc,task     ] GC(702) Using 2 workers of 2 for evacuation
[497.242s][info][gc,phases   ] GC(702)   Pre Evacuate Collection Set: 0.31ms
[497.242s][info][gc,phases   ] GC(702)   Merge Heap Roots: 0.16ms
[497.242s][info][gc,phases   ] GC(702)   Evacuate Collection Set: 7.00ms
[497.242s][info][gc,phases   ] GC(702)   Post Evacuate Collection Set: 0.85ms
[497.242s][info][gc,phases   ] GC(702)   Other: 0.11ms
[497.242s][info][gc,heap     ] GC(702) Eden regions: 508->0(507)
[497.242s][info][gc,heap     ] GC(702) Survivor regions: 14->15(66)
[497.242s][info][gc,heap     ] GC(702) Old regions: 46->46
[497.242s][info][gc,heap     ] GC(702) Humongous regions: 207->207
[497.242s][info][gc,metaspace] GC(702) Metaspace: 57717K(58048K)->57717K(58048K) NonClass: 52096K(52352K)->52096K(52352K) Class: 5620K(5696K)->5620K(5696K)
[497.242s][info][gc          ] GC(702) Pause Young (Normal) (G1 Evacuation Pause) 774M->266M(870M) 8.646ms
[497.242s][info][gc,cpu      ] GC(702) User=0.02s Sys=0.00s Real=0.01s
[498.437s][info][gc,start    ] GC(703) Pause Young (Normal) (G1 Evacuation Pause)
[498.437s][info][gc,task     ] GC(703) Using 2 workers of 2 for evacuation
[498.446s][info][gc,phases   ] GC(703)   Pre Evacuate Collection Set: 0.31ms
[498.446s][info][gc,phases   ] GC(703)   Merge Heap Roots: 0.15ms
[498.446s][info][gc,phases   ] GC(703)   Evacuate Collection Set: 6.88ms
[498.446s][info][gc,phases   ] GC(703)   Post Evacuate Collection Set: 0.87ms
[498.446s][info][gc,phases   ] GC(703)   Other: 0.11ms
[498.446s][info][gc,heap     ] GC(703) Eden regions: 507->0(507)
[498.446s][info][gc,heap     ] GC(703) Survivor regions: 15->15(66)
[498.446s][info][gc,heap     ] GC(703) Old regions: 46->46
[498.446s][info][gc,heap     ] GC(703) Humongous regions: 207->207
[498.446s][info][gc,metaspace] GC(703) Metaspace: 57717K(58048K)->57717K(58048K) NonClass: 52096K(52352K)->52096K(52352K) Class: 5620K(5696K)->5620K(5696K)
[498.446s][info][gc          ] GC(703) Pause Young (Normal) (G1 Evacuation Pause) 773M->266M(870M) 8.533ms
[498.446s][info][gc,cpu      ] GC(703) User=0.02s Sys=0.00s Real=0.01s
[499.646s][info][gc,start    ] GC(704) Pause Young (Normal) (G1 Evacuation Pause)
[499.646s][info][gc,task     ] GC(704) Using 2 workers of 2 for evacuation
[499.656s][info][gc,phases   ] GC(704)   Pre Evacuate Collection Set: 0.31ms
[499.656s][info][gc,phases   ] GC(704)   Merge Heap Roots: 0.16ms
[499.656s][info][gc,phases   ] GC(704)   Evacuate Collection Set: 8.71ms
[499.656s][info][gc,phases   ] GC(704)   Post Evacuate Collection Set: 0.86ms
[499.656s][info][gc,phases   ] GC(704)   Other: 0.11ms
[499.656s][info][gc,heap     ] GC(704) Eden regions: 507->0(505)
[499.656s][info][gc,heap     ] GC(704) Survivor regions: 15->17(66)
[499.656s][info][gc,heap     ] GC(704) Old regions: 46->46
[499.656s][info][gc,heap     ] GC(704) Humongous regions: 207->207
[499.656s][info][gc,metaspace] GC(704) Metaspace: 57717K(58048K)->57717K(58048K) NonClass: 52096K(52352K)->52096K(52352K) Class: 5620K(5696K)->5620K(5696K)
[499.656s][info][gc          ] GC(704) Pause Young (Normal) (G1 Evacuation Pause) 773M->268M(870M) 10.373ms
[499.656s][info][gc,cpu      ] GC(704) User=0.02s Sys=0.00s Real=0.01s
[500.921s][info][gc,start    ] GC(705) Pause Young (Normal) (G1 Evacuation Pause)
[500.921s][info][gc,task     ] GC(705) Using 2 workers of 2 for evacuation
[500.928s][info][gc,phases   ] GC(705)   Pre Evacuate Collection Set: 0.33ms
[500.928s][info][gc,phases   ] GC(705)   Merge Heap Roots: 0.15ms
[500.928s][info][gc,phases   ] GC(705)   Evacuate Collection Set: 5.75ms
[500.928s][info][gc,phases   ] GC(705)   Post Evacuate Collection Set: 0.85ms
[500.928s][info][gc,phases   ] GC(705)   Other: 0.10ms
[500.928s][info][gc,heap     ] GC(705) Eden regions: 505->0(507)
[500.928s][info][gc,heap     ] GC(705) Survivor regions: 17->15(66)
[500.928s][info][gc,heap     ] GC(705) Old regions: 46->46
[500.928s][info][gc,heap     ] GC(705) Humongous regions: 207->207
[500.928s][info][gc,metaspace] GC(705) Metaspace: 57717K(58048K)->57717K(58048K) NonClass: 52096K(52352K)->52096K(52352K) Class: 5620K(5696K)->5620K(5696K)
[500.928s][info][gc          ] GC(705) Pause Young (Normal) (G1 Evacuation Pause) 773M->266M(870M) 7.374ms
[500.928s][info][gc,cpu      ] GC(705) User=0.01s Sys=0.00s Real=0.00s
[502.140s][info][gc,start    ] GC(706) Pause Young (Normal) (G1 Evacuation Pause)
[502.140s][info][gc,task     ] GC(706) Using 2 workers of 2 for evacuation
[502.148s][info][gc,phases   ] GC(706)   Pre Evacuate Collection Set: 0.31ms
[502.148s][info][gc,phases   ] GC(706)   Merge Heap Roots: 0.16ms
[502.148s][info][gc,phases   ] GC(706)   Evacuate Collection Set: 6.27ms
[502.148s][info][gc,phases   ] GC(706)   Post Evacuate Collection Set: 0.84ms
[502.148s][info][gc,phases   ] GC(706)   Other: 0.11ms
[502.148s][info][gc,heap     ] GC(706) Eden regions: 507->0(507)
[502.148s][info][gc,heap     ] GC(706) Survivor regions: 15->15(66)
[502.148s][info][gc,heap     ] GC(706) Old regions: 46->46
[502.148s][info][gc,heap     ] GC(706) Humongous regions: 207->207
[502.148s][info][gc,metaspace] GC(706) Metaspace: 57717K(58048K)->57717K(58048K) NonClass: 52096K(52352K)->52096K(52352K) Class: 5620K(5696K)->5620K(5696K)
[502.148s][info][gc          ] GC(706) Pause Young (Normal) (G1 Evacuation Pause) 773M->267M(870M) 7.918ms
[502.148s][info][gc,cpu      ] GC(706) User=0.01s Sys=0.00s Real=0.01s
[503.384s][info][gc,start    ] GC(707) Pause Young (Normal) (G1 Evacuation Pause)
[503.384s][info][gc,task     ] GC(707) Using 2 workers of 2 for evacuation
[503.393s][info][gc,phases   ] GC(707)   Pre Evacuate Collection Set: 0.31ms
[503.393s][info][gc,phases   ] GC(707)   Merge Heap Roots: 0.16ms
[503.393s][info][gc,phases   ] GC(707)   Evacuate Collection Set: 7.06ms
[503.393s][info][gc,phases   ] GC(707)   Post Evacuate Collection Set: 0.86ms
[503.393s][info][gc,phases   ] GC(707)   Other: 0.11ms
[503.393s][info][gc,heap     ] GC(707) Eden regions: 507->0(518)
[503.393s][info][gc,heap     ] GC(707) Survivor regions: 15->4(66)
[503.393s][info][gc,heap     ] GC(707) Old regions: 46->58
[503.393s][info][gc,heap     ] GC(707) Humongous regions: 207->207
[503.393s][info][gc,metaspace] GC(707) Metaspace: 57717K(58048K)->57717K(58048K) NonClass: 52096K(52352K)->52096K(52352K) Class: 5620K(5696K)->5620K(5696K)
[503.393s][info][gc          ] GC(707) Pause Young (Normal) (G1 Evacuation Pause) 774M->267M(870M) 8.705ms
[503.393s][info][gc,cpu      ] GC(707) User=0.01s Sys=0.00s Real=0.01s
[504.693s][info][gc,start    ] GC(708) Pause Young (Normal) (G1 Evacuation Pause)
[504.693s][info][gc,task     ] GC(708) Using 2 workers of 2 for evacuation
[504.697s][info][gc,phases   ] GC(708)   Pre Evacuate Collection Set: 0.29ms
[504.697s][info][gc,phases   ] GC(708)   Merge Heap Roots: 0.16ms
[504.697s][info][gc,phases   ] GC(708)   Evacuate Collection Set: 2.73ms
[504.697s][info][gc,phases   ] GC(708)   Post Evacuate Collection Set: 0.81ms
[504.697s][info][gc,phases   ] GC(708)   Other: 0.10ms
[504.697s][info][gc,heap     ] GC(708) Eden regions: 518->0(519)
[504.697s][info][gc,heap     ] GC(708) Survivor regions: 4->3(66)
[504.697s][info][gc,heap     ] GC(708) Old regions: 58->58
[504.697s][info][gc,heap     ] GC(708) Humongous regions: 207->207
[504.697s][info][gc,metaspace] GC(708) Metaspace: 57717K(58048K)->57717K(58048K) NonClass: 52096K(52352K)->52096K(52352K) Class: 5620K(5696K)->5620K(5696K)
[504.697s][info][gc          ] GC(708) Pause Young (Normal) (G1 Evacuation Pause) 785M->267M(870M) 4.259ms
[504.697s][info][gc,cpu      ] GC(708) User=0.00s Sys=0.00s Real=0.00s
[505.922s][info][gc,start    ] GC(709) Pause Young (Normal) (G1 Evacuation Pause)
[505.922s][info][gc,task     ] GC(709) Using 2 workers of 2 for evacuation
[505.926s][info][gc,phases   ] GC(709)   Pre Evacuate Collection Set: 0.30ms
[505.926s][info][gc,phases   ] GC(709)   Merge Heap Roots: 0.16ms
[505.926s][info][gc,phases   ] GC(709)   Evacuate Collection Set: 2.77ms
[505.926s][info][gc,phases   ] GC(709)   Post Evacuate Collection Set: 0.82ms
[505.926s][info][gc,phases   ] GC(709)   Other: 0.08ms
[505.926s][info][gc,heap     ] GC(709) Eden regions: 519->0(519)
[505.926s][info][gc,heap     ] GC(709) Survivor regions: 3->3(66)
[505.926s][info][gc,heap     ] GC(709) Old regions: 58->58
[505.926s][info][gc,heap     ] GC(709) Humongous regions: 207->207
[505.927s][info][gc,metaspace] GC(709) Metaspace: 57717K(58048K)->57717K(58048K) NonClass: 52096K(52352K)->52096K(52352K) Class: 5620K(5696K)->5620K(5696K)
[505.927s][info][gc          ] GC(709) Pause Young (Normal) (G1 Evacuation Pause) 786M->267M(870M) 4.352ms
[505.927s][info][gc,cpu      ] GC(709) User=0.01s Sys=0.00s Real=0.00s
[507.148s][info][gc,start    ] GC(710) Pause Young (Normal) (G1 Evacuation Pause)
[507.148s][info][gc,task     ] GC(710) Using 2 workers of 2 for evacuation
[507.155s][info][gc,phases   ] GC(710)   Pre Evacuate Collection Set: 0.31ms
[507.155s][info][gc,phases   ] GC(710)   Merge Heap Roots: 0.17ms
[507.155s][info][gc,phases   ] GC(710)   Evacuate Collection Set: 5.77ms
[507.155s][info][gc,phases   ] GC(710)   Post Evacuate Collection Set: 0.78ms
[507.155s][info][gc,phases   ] GC(710)   Other: 0.09ms
[507.155s][info][gc,heap     ] GC(710) Eden regions: 519->0(516)
[507.155s][info][gc,heap     ] GC(710) Survivor regions: 3->6(66)
[507.155s][info][gc,heap     ] GC(710) Old regions: 58->58
[507.155s][info][gc,heap     ] GC(710) Humongous regions: 207->207
[507.155s][info][gc,metaspace] GC(710) Metaspace: 57717K(58048K)->57717K(58048K) NonClass: 52096K(52352K)->52096K(52352K) Class: 5620K(5696K)->5620K(5696K)
[507.155s][info][gc          ] GC(710) Pause Young (Normal) (G1 Evacuation Pause) 786M->270M(870M) 7.301ms
[507.155s][info][gc,cpu      ] GC(710) User=0.02s Sys=0.00s Real=0.01s
[508.438s][info][gc,start    ] GC(711) Pause Young (Normal) (G1 Evacuation Pause)
[508.438s][info][gc,task     ] GC(711) Using 2 workers of 2 for evacuation
[508.444s][info][gc,phases   ] GC(711)   Pre Evacuate Collection Set: 0.33ms
[508.444s][info][gc,phases   ] GC(711)   Merge Heap Roots: 0.15ms
[508.444s][info][gc,phases   ] GC(711)   Evacuate Collection Set: 3.92ms
[508.444s][info][gc,phases   ] GC(711)   Post Evacuate Collection Set: 0.79ms
[508.444s][info][gc,phases   ] GC(711)   Other: 0.09ms
[508.444s][info][gc,heap     ] GC(711) Eden regions: 516->0(519)
[508.444s][info][gc,heap     ] GC(711) Survivor regions: 6->3(66)
[508.444s][info][gc,heap     ] GC(711) Old regions: 58->59
[508.444s][info][gc,heap     ] GC(711) Humongous regions: 207->207
[508.444s][info][gc,metaspace] GC(711) Metaspace: 57717K(58048K)->57717K(58048K) NonClass: 52096K(52352K)->52096K(52352K) Class: 5620K(5696K)->5620K(5696K)
[508.444s][info][gc          ] GC(711) Pause Young (Normal) (G1 Evacuation Pause) 786M->268M(870M) 5.452ms
[508.444s][info][gc,cpu      ] GC(711) User=0.01s Sys=0.00s Real=0.01s
[509.663s][info][gc,start    ] GC(712) Pause Young (Normal) (G1 Evacuation Pause)
[509.664s][info][gc,task     ] GC(712) Using 2 workers of 2 for evacuation
[509.668s][info][gc,phases   ] GC(712)   Pre Evacuate Collection Set: 0.30ms
[509.668s][info][gc,phases   ] GC(712)   Merge Heap Roots: 0.16ms
[509.668s][info][gc,phases   ] GC(712)   Evacuate Collection Set: 3.26ms
[509.668s][info][gc,phases   ] GC(712)   Post Evacuate Collection Set: 0.79ms
[509.668s][info][gc,phases   ] GC(712)   Other: 0.08ms
[509.668s][info][gc,heap     ] GC(712) Eden regions: 519->0(519)
[509.668s][info][gc,heap     ] GC(712) Survivor regions: 3->3(66)
[509.668s][info][gc,heap     ] GC(712) Old regions: 59->59
[509.668s][info][gc,heap     ] GC(712) Humongous regions: 207->207
[509.668s][info][gc,metaspace] GC(712) Metaspace: 57717K(58048K)->57717K(58048K) NonClass: 52096K(52352K)->52096K(52352K) Class: 5620K(5696K)->5620K(5696K)
[509.668s][info][gc          ] GC(712) Pause Young (Normal) (G1 Evacuation Pause) 787M->267M(870M) 4.755ms
[509.668s][info][gc,cpu      ] GC(712) User=0.01s Sys=0.00s Real=0.00s
[510.935s][info][gc,start    ] GC(713) Pause Young (Normal) (G1 Evacuation Pause)
[510.936s][info][gc,task     ] GC(713) Using 2 workers of 2 for evacuation
[510.942s][info][gc,phases   ] GC(713)   Pre Evacuate Collection Set: 0.28ms
[510.942s][info][gc,phases   ] GC(713)   Merge Heap Roots: 0.16ms
[510.942s][info][gc,phases   ] GC(713)   Evacuate Collection Set: 5.37ms
[510.942s][info][gc,phases   ] GC(713)   Post Evacuate Collection Set: 0.82ms
[510.942s][info][gc,phases   ] GC(713)   Other: 0.09ms
[510.942s][info][gc,heap     ] GC(713) Eden regions: 519->0(517)
[510.942s][info][gc,heap     ] GC(713) Survivor regions: 3->5(66)
[510.942s][info][gc,heap     ] GC(713) Old regions: 59->59
[510.942s][info][gc,heap     ] GC(713) Humongous regions: 207->207
[510.942s][info][gc,metaspace] GC(713) Metaspace: 57717K(58048K)->57717K(58048K) NonClass: 52096K(52352K)->52096K(52352K) Class: 5620K(5696K)->5620K(5696K)
[510.942s][info][gc          ] GC(713) Pause Young (Normal) (G1 Evacuation Pause) 786M->270M(870M) 6.919ms
[510.942s][info][gc,cpu      ] GC(713) User=0.01s Sys=0.00s Real=0.01s
[512.226s][info][gc,start    ] GC(714) Pause Young (Normal) (G1 Evacuation Pause)
[512.226s][info][gc,task     ] GC(714) Using 2 workers of 2 for evacuation
[512.230s][info][gc,phases   ] GC(714)   Pre Evacuate Collection Set: 0.32ms
[512.230s][info][gc,phases   ] GC(714)   Merge Heap Roots: 0.16ms
[512.230s][info][gc,phases   ] GC(714)   Evacuate Collection Set: 2.47ms
[512.230s][info][gc,phases   ] GC(714)   Post Evacuate Collection Set: 0.78ms
[512.230s][info][gc,phases   ] GC(714)   Other: 0.09ms
[512.230s][info][gc,heap     ] GC(714) Eden regions: 517->0(520)
[512.230s][info][gc,heap     ] GC(714) Survivor regions: 5->2(66)
[512.230s][info][gc,heap     ] GC(714) Old regions: 59->59
[512.230s][info][gc,heap     ] GC(714) Humongous regions: 207->207
[512.230s][info][gc,metaspace] GC(714) Metaspace: 57717K(58048K)->57717K(58048K) NonClass: 52096K(52352K)->52096K(52352K) Class: 5620K(5696K)->5620K(5696K)
[512.230s][info][gc          ] GC(714) Pause Young (Normal) (G1 Evacuation Pause) 787M->267M(870M) 4.008ms
[512.230s][info][gc,cpu      ] GC(714) User=0.00s Sys=0.00s Real=0.00s
[513.458s][info][gc,start    ] GC(715) Pause Young (Normal) (G1 Evacuation Pause)
[513.458s][info][gc,task     ] GC(715) Using 2 workers of 2 for evacuation
[513.464s][info][gc,phases   ] GC(715)   Pre Evacuate Collection Set: 0.31ms
[513.464s][info][gc,phases   ] GC(715)   Merge Heap Roots: 0.17ms
[513.464s][info][gc,phases   ] GC(715)   Evacuate Collection Set: 4.69ms
[513.464s][info][gc,phases   ] GC(715)   Post Evacuate Collection Set: 0.81ms
[513.464s][info][gc,phases   ] GC(715)   Other: 0.09ms
[513.464s][info][gc,heap     ] GC(715) Eden regions: 520->0(517)
[513.464s][info][gc,heap     ] GC(715) Survivor regions: 2->5(66)
[513.464s][info][gc,heap     ] GC(715) Old regions: 59->59
[513.464s][info][gc,heap     ] GC(715) Humongous regions: 207->207
[513.464s][info][gc,metaspace] GC(715) Metaspace: 57717K(58048K)->57717K(58048K) NonClass: 52096K(52352K)->52096K(52352K) Class: 5620K(5696K)->5620K(5696K)
[513.464s][info][gc          ] GC(715) Pause Young (Normal) (G1 Evacuation Pause) 787M->269M(870M) 6.259ms
[513.464s][info][gc,cpu      ] GC(715) User=0.01s Sys=0.00s Real=0.01s
[514.735s][info][gc,start    ] GC(716) Pause Young (Normal) (G1 Evacuation Pause)
[514.736s][info][gc,task     ] GC(716) Using 2 workers of 2 for evacuation
[514.741s][info][gc,phases   ] GC(716)   Pre Evacuate Collection Set: 0.29ms
[514.741s][info][gc,phases   ] GC(716)   Merge Heap Roots: 0.15ms
[514.741s][info][gc,phases   ] GC(716)   Evacuate Collection Set: 3.97ms
[514.741s][info][gc,phases   ] GC(716)   Post Evacuate Collection Set: 0.78ms
[514.741s][info][gc,phases   ] GC(716)   Other: 0.09ms
[514.741s][info][gc,heap     ] GC(716) Eden regions: 517->0(518)
[514.741s][info][gc,heap     ] GC(716) Survivor regions: 5->4(66)
[514.741s][info][gc,heap     ] GC(716) Old regions: 59->59
[514.741s][info][gc,heap     ] GC(716) Humongous regions: 207->207
[514.741s][info][gc,metaspace] GC(716) Metaspace: 57717K(58048K)->57717K(58048K) NonClass: 52096K(52352K)->52096K(52352K) Class: 5620K(5696K)->5620K(5696K)
[514.741s][info][gc          ] GC(716) Pause Young (Normal) (G1 Evacuation Pause) 786M->268M(870M) 5.467ms
[514.741s][info][gc,cpu      ] GC(716) User=0.01s Sys=0.00s Real=0.01s
[515.970s][info][gc,start    ] GC(717) Pause Young (Normal) (G1 Evacuation Pause)
[515.971s][info][gc,task     ] GC(717) Using 2 workers of 2 for evacuation
[515.974s][info][gc,phases   ] GC(717)   Pre Evacuate Collection Set: 0.30ms
[515.974s][info][gc,phases   ] GC(717)   Merge Heap Roots: 0.15ms
[515.974s][info][gc,phases   ] GC(717)   Evacuate Collection Set: 2.63ms
[515.974s][info][gc,phases   ] GC(717)   Post Evacuate Collection Set: 0.77ms
[515.974s][info][gc,phases   ] GC(717)   Other: 0.10ms
[515.975s][info][gc,heap     ] GC(717) Eden regions: 518->0(519)
[515.975s][info][gc,heap     ] GC(717) Survivor regions: 4->3(66)
[515.975s][info][gc,heap     ] GC(717) Old regions: 59->59
[515.975s][info][gc,heap     ] GC(717) Humongous regions: 207->207
[515.975s][info][gc,metaspace] GC(717) Metaspace: 57717K(58048K)->57717K(58048K) NonClass: 52096K(52352K)->52096K(52352K) Class: 5620K(5696K)->5620K(5696K)
[515.975s][info][gc          ] GC(717) Pause Young (Normal) (G1 Evacuation Pause) 786M->267M(870M) 4.113ms
[515.975s][info][gc,cpu      ] GC(717) User=0.00s Sys=0.00s Real=0.00s
[517.245s][info][gc,start    ] GC(718) Pause Young (Normal) (G1 Evacuation Pause)
[517.245s][info][gc,task     ] GC(718) Using 2 workers of 2 for evacuation
[517.251s][info][gc,phases   ] GC(718)   Pre Evacuate Collection Set: 0.29ms
[517.251s][info][gc,phases   ] GC(718)   Merge Heap Roots: 0.16ms
[517.251s][info][gc,phases   ] GC(718)   Evacuate Collection Set: 4.48ms
[517.251s][info][gc,phases   ] GC(718)   Post Evacuate Collection Set: 0.81ms
[517.251s][info][gc,phases   ] GC(718)   Other: 0.09ms
[517.251s][info][gc,heap     ] GC(718) Eden regions: 519->0(518)
[517.251s][info][gc,heap     ] GC(718) Survivor regions: 3->4(66)
[517.251s][info][gc,heap     ] GC(718) Old regions: 59->59
[517.251s][info][gc,heap     ] GC(718) Humongous regions: 207->207
[517.251s][info][gc,metaspace] GC(718) Metaspace: 57717K(58048K)->57717K(58048K) NonClass: 52096K(52352K)->52096K(52352K) Class: 5620K(5696K)->5620K(5696K)
[517.251s][info][gc          ] GC(718) Pause Young (Normal) (G1 Evacuation Pause) 786M->269M(870M) 5.995ms
[517.251s][info][gc,cpu      ] GC(718) User=0.01s Sys=0.00s Real=0.01s
[518.520s][info][gc,start    ] GC(719) Pause Young (Normal) (G1 Evacuation Pause)
[518.520s][info][gc,task     ] GC(719) Using 2 workers of 2 for evacuation
[518.524s][info][gc,phases   ] GC(719)   Pre Evacuate Collection Set: 0.29ms
[518.524s][info][gc,phases   ] GC(719)   Merge Heap Roots: 0.14ms
[518.524s][info][gc,phases   ] GC(719)   Evacuate Collection Set: 2.32ms
[518.524s][info][gc,phases   ] GC(719)   Post Evacuate Collection Set: 0.80ms
[518.524s][info][gc,phases   ] GC(719)   Other: 0.09ms
[518.524s][info][gc,heap     ] GC(719) Eden regions: 518->0(521)
[518.524s][info][gc,heap     ] GC(719) Survivor regions: 4->1(66)
[518.524s][info][gc,heap     ] GC(719) Old regions: 59->60
[518.524s][info][gc,heap     ] GC(719) Humongous regions: 207->207
[518.524s][info][gc,metaspace] GC(719) Metaspace: 57717K(58048K)->57717K(58048K) NonClass: 52096K(52352K)->52096K(52352K) Class: 5620K(5696K)->5620K(5696K)
[518.524s][info][gc          ] GC(719) Pause Young (Normal) (G1 Evacuation Pause) 787M->267M(870M) 3.812ms
[518.524s][info][gc,cpu      ] GC(719) User=0.01s Sys=0.00s Real=0.01s
[519.755s][info][gc,start    ] GC(720) Pause Young (Normal) (G1 Evacuation Pause)
[519.755s][info][gc,task     ] GC(720) Using 2 workers of 2 for evacuation
[519.761s][info][gc,phases   ] GC(720)   Pre Evacuate Collection Set: 0.31ms
[519.761s][info][gc,phases   ] GC(720)   Merge Heap Roots: 0.16ms
[519.761s][info][gc,phases   ] GC(720)   Evacuate Collection Set: 4.16ms
[519.761s][info][gc,phases   ] GC(720)   Post Evacuate Collection Set: 0.81ms
[519.761s][info][gc,phases   ] GC(720)   Other: 0.11ms
[519.761s][info][gc,heap     ] GC(720) Eden regions: 521->0(519)
[519.761s][info][gc,heap     ] GC(720) Survivor regions: 1->3(66)
[519.761s][info][gc,heap     ] GC(720) Old regions: 60->60
[519.761s][info][gc,heap     ] GC(720) Humongous regions: 207->207
[519.761s][info][gc,metaspace] GC(720) Metaspace: 57717K(58048K)->57717K(58048K) NonClass: 52096K(52352K)->52096K(52352K) Class: 5620K(5696K)->5620K(5696K)
[519.761s][info][gc          ] GC(720) Pause Young (Normal) (G1 Evacuation Pause) 788M->268M(870M) 5.754ms
[519.761s][info][gc,cpu      ] GC(720) User=0.01s Sys=0.00s Real=0.01s
[521.040s][info][gc,start    ] GC(721) Pause Young (Normal) (G1 Evacuation Pause)
[521.040s][info][gc,task     ] GC(721) Using 2 workers of 2 for evacuation
[521.045s][info][gc,phases   ] GC(721)   Pre Evacuate Collection Set: 0.32ms
[521.045s][info][gc,phases   ] GC(721)   Merge Heap Roots: 0.14ms
[521.046s][info][gc,phases   ] GC(721)   Evacuate Collection Set: 4.04ms
[521.046s][info][gc,phases   ] GC(721)   Post Evacuate Collection Set: 0.79ms
[521.046s][info][gc,phases   ] GC(721)   Other: 0.08ms
[521.046s][info][gc,heap     ] GC(721) Eden regions: 519->0(519)
[521.046s][info][gc,heap     ] GC(721) Survivor regions: 3->3(66)
[521.046s][info][gc,heap     ] GC(721) Old regions: 60->60
[521.046s][info][gc,heap     ] GC(721) Humongous regions: 207->207
[521.046s][info][gc,metaspace] GC(721) Metaspace: 57717K(58048K)->57717K(58048K) NonClass: 52096K(52352K)->52096K(52352K) Class: 5620K(5696K)->5620K(5696K)
[521.046s][info][gc          ] GC(721) Pause Young (Normal) (G1 Evacuation Pause) 787M->269M(870M) 5.542ms
[521.046s][info][gc,cpu      ] GC(721) User=0.01s Sys=0.00s Real=0.01s
[522.267s][info][gc,start    ] GC(722) Pause Young (Normal) (G1 Evacuation Pause)
[522.267s][info][gc,task     ] GC(722) Using 2 workers of 2 for evacuation
[522.272s][info][gc,phases   ] GC(722)   Pre Evacuate Collection Set: 0.47ms
[522.272s][info][gc,phases   ] GC(722)   Merge Heap Roots: 0.13ms
[522.272s][info][gc,phases   ] GC(722)   Evacuate Collection Set: 3.02ms
[522.272s][info][gc,phases   ] GC(722)   Post Evacuate Collection Set: 1.20ms
[522.272s][info][gc,phases   ] GC(722)   Other: 0.09ms
[522.272s][info][gc,heap     ] GC(722) Eden regions: 519->0(521)
[522.272s][info][gc,heap     ] GC(722) Survivor regions: 3->1(66)
[522.272s][info][gc,heap     ] GC(722) Old regions: 60->60
[522.272s][info][gc,heap     ] GC(722) Humongous regions: 207->207
[522.272s][info][gc,metaspace] GC(722) Metaspace: 57717K(58048K)->57717K(58048K) NonClass: 52096K(52352K)->52096K(52352K) Class: 5620K(5696K)->5620K(5696K)
[522.272s][info][gc          ] GC(722) Pause Young (Normal) (G1 Evacuation Pause) 788M->267M(870M) 5.107ms
[522.273s][info][gc,cpu      ] GC(722) User=0.01s Sys=0.00s Real=0.01s
[523.586s][info][gc,start    ] GC(723) Pause Young (Normal) (G1 Evacuation Pause)
[523.586s][info][gc,task     ] GC(723) Using 2 workers of 2 for evacuation
[523.594s][info][gc,phases   ] GC(723)   Pre Evacuate Collection Set: 0.49ms
[523.594s][info][gc,phases   ] GC(723)   Merge Heap Roots: 0.13ms
[523.594s][info][gc,phases   ] GC(723)   Evacuate Collection Set: 6.05ms
[523.594s][info][gc,phases   ] GC(723)   Post Evacuate Collection Set: 0.82ms
[523.594s][info][gc,phases   ] GC(723)   Other: 0.09ms
[523.594s][info][gc,heap     ] GC(723) Eden regions: 521->0(518)
[523.594s][info][gc,heap     ] GC(723) Survivor regions: 1->4(66)
[523.594s][info][gc,heap     ] GC(723) Old regions: 60->60
[523.594s][info][gc,heap     ] GC(723) Humongous regions: 207->207
[523.594s][info][gc,metaspace] GC(723) Metaspace: 57717K(58048K)->57717K(58048K) NonClass: 52096K(52352K)->52096K(52352K) Class: 5620K(5696K)->5620K(5696K)
[523.594s][info][gc          ] GC(723) Pause Young (Normal) (G1 Evacuation Pause) 788M->270M(870M) 7.791ms
[523.594s][info][gc,cpu      ] GC(723) User=0.01s Sys=0.00s Real=0.01s
[524.825s][info][gc,start    ] GC(724) Pause Young (Normal) (G1 Evacuation Pause)
[524.825s][info][gc,task     ] GC(724) Using 2 workers of 2 for evacuation
[524.830s][info][gc,phases   ] GC(724)   Pre Evacuate Collection Set: 0.33ms
[524.830s][info][gc,phases   ] GC(724)   Merge Heap Roots: 0.15ms
[524.830s][info][gc,phases   ] GC(724)   Evacuate Collection Set: 2.82ms
[524.830s][info][gc,phases   ] GC(724)   Post Evacuate Collection Set: 1.07ms
[524.830s][info][gc,phases   ] GC(724)   Other: 0.09ms
[524.830s][info][gc,heap     ] GC(724) Eden regions: 518->0(520)
[524.830s][info][gc,heap     ] GC(724) Survivor regions: 4->2(66)
[524.830s][info][gc,heap     ] GC(724) Old regions: 60->60
[524.830s][info][gc,heap     ] GC(724) Humongous regions: 207->207
[524.830s][info][gc,metaspace] GC(724) Metaspace: 57717K(58048K)->57717K(58048K) NonClass: 52096K(52352K)->52096K(52352K) Class: 5620K(5696K)->5620K(5696K)
[524.830s][info][gc          ] GC(724) Pause Young (Normal) (G1 Evacuation Pause) 788M->267M(870M) 4.657ms
[524.830s][info][gc,cpu      ] GC(724) User=0.01s Sys=0.00s Real=0.00s
[526.054s][info][gc,start    ] GC(725) Pause Young (Normal) (G1 Evacuation Pause)
[526.054s][info][gc,task     ] GC(725) Using 2 workers of 2 for evacuation
[526.060s][info][gc,phases   ] GC(725)   Pre Evacuate Collection Set: 0.32ms
[526.060s][info][gc,phases   ] GC(725)   Merge Heap Roots: 0.15ms
[526.060s][info][gc,phases   ] GC(725)   Evacuate Collection Set: 4.61ms
[526.060s][info][gc,phases   ] GC(725)   Post Evacuate Collection Set: 0.78ms
[526.060s][info][gc,phases   ] GC(725)   Other: 0.09ms
[526.060s][info][gc,heap     ] GC(725) Eden regions: 520->0(519)
[526.060s][info][gc,heap     ] GC(725) Survivor regions: 2->3(66)
[526.060s][info][gc,heap     ] GC(725) Old regions: 60->60
[526.060s][info][gc,heap     ] GC(725) Humongous regions: 207->207
[526.060s][info][gc,metaspace] GC(725) Metaspace: 57717K(58048K)->57717K(58048K) NonClass: 52096K(52352K)->52096K(52352K) Class: 5620K(5696K)->5620K(5696K)
[526.060s][info][gc          ] GC(725) Pause Young (Normal) (G1 Evacuation Pause) 787M->269M(870M) 6.144ms
[526.060s][info][gc,cpu      ] GC(725) User=0.02s Sys=0.00s Real=0.00s
[527.339s][info][gc,start    ] GC(726) Pause Young (Normal) (G1 Evacuation Pause)
[527.339s][info][gc,task     ] GC(726) Using 2 workers of 2 for evacuation
[527.345s][info][gc,phases   ] GC(726)   Pre Evacuate Collection Set: 0.29ms
[527.345s][info][gc,phases   ] GC(726)   Merge Heap Roots: 0.17ms
[527.345s][info][gc,phases   ] GC(726)   Evacuate Collection Set: 4.89ms
[527.345s][info][gc,phases   ] GC(726)   Post Evacuate Collection Set: 0.78ms
[527.345s][info][gc,phases   ] GC(726)   Other: 0.08ms
[527.345s][info][gc,heap     ] GC(726) Eden regions: 519->0(519)
[527.345s][info][gc,heap     ] GC(726) Survivor regions: 3->3(66)
[527.345s][info][gc,heap     ] GC(726) Old regions: 60->60
[527.345s][info][gc,heap     ] GC(726) Humongous regions: 207->207
[527.345s][info][gc,metaspace] GC(726) Metaspace: 57717K(58048K)->57717K(58048K) NonClass: 52096K(52352K)->52096K(52352K) Class: 5620K(5696K)->5620K(5696K)
[527.345s][info][gc          ] GC(726) Pause Young (Normal) (G1 Evacuation Pause) 788M->269M(870M) 6.384ms
[527.345s][info][gc,cpu      ] GC(726) User=0.01s Sys=0.00s Real=0.01s
[528.630s][info][gc,start    ] GC(727) Pause Young (Normal) (G1 Evacuation Pause)
[528.630s][info][gc,task     ] GC(727) Using 2 workers of 2 for evacuation
[528.635s][info][gc,phases   ] GC(727)   Pre Evacuate Collection Set: 0.29ms
[528.635s][info][gc,phases   ] GC(727)   Merge Heap Roots: 0.16ms
[528.635s][info][gc,phases   ] GC(727)   Evacuate Collection Set: 3.28ms
[528.635s][info][gc,phases   ] GC(727)   Post Evacuate Collection Set: 0.78ms
[528.635s][info][gc,phases   ] GC(727)   Other: 0.12ms
[528.635s][info][gc,heap     ] GC(727) Eden regions: 519->0(520)
[528.635s][info][gc,heap     ] GC(727) Survivor regions: 3->2(66)
[528.635s][info][gc,heap     ] GC(727) Old regions: 60->60
[528.635s][info][gc,heap     ] GC(727) Humongous regions: 207->207
[528.635s][info][gc,metaspace] GC(727) Metaspace: 57717K(58048K)->57717K(58048K) NonClass: 52096K(52352K)->52096K(52352K) Class: 5620K(5696K)->5620K(5696K)
[528.635s][info][gc          ] GC(727) Pause Young (Normal) (G1 Evacuation Pause) 788M->268M(870M) 4.816ms
[528.635s][info][gc,cpu      ] GC(727) User=0.01s Sys=0.00s Real=0.01s
[529.855s][info][gc,start    ] GC(728) Pause Young (Normal) (G1 Evacuation Pause)
[529.855s][info][gc,task     ] GC(728) Using 2 workers of 2 for evacuation
[529.861s][info][gc,phases   ] GC(728)   Pre Evacuate Collection Set: 0.30ms
[529.861s][info][gc,phases   ] GC(728)   Merge Heap Roots: 0.16ms
[529.861s][info][gc,phases   ] GC(728)   Evacuate Collection Set: 3.94ms
[529.861s][info][gc,phases   ] GC(728)   Post Evacuate Collection Set: 0.79ms
[529.861s][info][gc,phases   ] GC(728)   Other: 0.14ms
[529.861s][info][gc,heap     ] GC(728) Eden regions: 520->0(519)
[529.861s][info][gc,heap     ] GC(728) Survivor regions: 2->3(66)
[529.861s][info][gc,heap     ] GC(728) Old regions: 60->60
[529.861s][info][gc,heap     ] GC(728) Humongous regions: 207->207
[529.861s][info][gc,metaspace] GC(728) Metaspace: 57717K(58048K)->57717K(58048K) NonClass: 52096K(52352K)->52096K(52352K) Class: 5620K(5696K)->5620K(5696K)
[529.861s][info][gc          ] GC(728) Pause Young (Normal) (G1 Evacuation Pause) 788M->269M(870M) 5.514ms
[529.861s][info][gc,cpu      ] GC(728) User=0.01s Sys=0.00s Real=0.01s
[531.142s][info][gc,start    ] GC(729) Pause Young (Normal) (G1 Evacuation Pause)
[531.142s][info][gc,task     ] GC(729) Using 2 workers of 2 for evacuation
[531.147s][info][gc,phases   ] GC(729)   Pre Evacuate Collection Set: 0.28ms
[531.147s][info][gc,phases   ] GC(729)   Merge Heap Roots: 0.14ms
[531.147s][info][gc,phases   ] GC(729)   Evacuate Collection Set: 4.28ms
[531.147s][info][gc,phases   ] GC(729)   Post Evacuate Collection Set: 0.78ms
[531.147s][info][gc,phases   ] GC(729)   Other: 0.12ms
[531.147s][info][gc,heap     ] GC(729) Eden regions: 519->0(519)
[531.147s][info][gc,heap     ] GC(729) Survivor regions: 3->3(66)
[531.147s][info][gc,heap     ] GC(729) Old regions: 60->60
[531.147s][info][gc,heap     ] GC(729) Humongous regions: 207->207
[531.147s][info][gc,metaspace] GC(729) Metaspace: 57717K(58048K)->57717K(58048K) NonClass: 52096K(52352K)->52096K(52352K) Class: 5620K(5696K)->5620K(5696K)
[531.147s][info][gc          ] GC(729) Pause Young (Normal) (G1 Evacuation Pause) 788M->269M(870M) 5.801ms
[531.147s][info][gc,cpu      ] GC(729) User=0.01s Sys=0.00s Real=0.00s
[532.423s][info][gc,start    ] GC(730) Pause Young (Normal) (G1 Evacuation Pause)
[532.423s][info][gc,task     ] GC(730) Using 2 workers of 2 for evacuation
[532.427s][info][gc,phases   ] GC(730)   Pre Evacuate Collection Set: 0.30ms
[532.427s][info][gc,phases   ] GC(730)   Merge Heap Roots: 0.17ms
[532.427s][info][gc,phases   ] GC(730)   Evacuate Collection Set: 2.73ms
[532.427s][info][gc,phases   ] GC(730)   Post Evacuate Collection Set: 0.79ms
[532.427s][info][gc,phases   ] GC(730)   Other: 0.08ms
[532.427s][info][gc,heap     ] GC(730) Eden regions: 519->0(520)
[532.427s][info][gc,heap     ] GC(730) Survivor regions: 3->2(66)
[532.427s][info][gc,heap     ] GC(730) Old regions: 60->60
[532.427s][info][gc,heap     ] GC(730) Humongous regions: 207->207
[532.427s][info][gc,metaspace] GC(730) Metaspace: 57717K(58048K)->57717K(58048K) NonClass: 52096K(52352K)->52096K(52352K) Class: 5620K(5696K)->5620K(5696K)
[532.427s][info][gc          ] GC(730) Pause Young (Normal) (G1 Evacuation Pause) 788M->268M(870M) 4.254ms
[532.427s][info][gc,cpu      ] GC(730) User=0.01s Sys=0.00s Real=0.00s
[533.654s][info][gc,start    ] GC(731) Pause Young (Normal) (G1 Evacuation Pause)
[533.655s][info][gc,task     ] GC(731) Using 2 workers of 2 for evacuation
[533.660s][info][gc,phases   ] GC(731)   Pre Evacuate Collection Set: 0.30ms
[533.660s][info][gc,phases   ] GC(731)   Merge Heap Roots: 0.16ms
[533.660s][info][gc,phases   ] GC(731)   Evacuate Collection Set: 4.47ms
[533.660s][info][gc,phases   ] GC(731)   Post Evacuate Collection Set: 0.83ms
[533.660s][info][gc,phases   ] GC(731)   Other: 0.10ms
[533.660s][info][gc,heap     ] GC(731) Eden regions: 520->0(519)
[533.660s][info][gc,heap     ] GC(731) Survivor regions: 2->3(66)
[533.660s][info][gc,heap     ] GC(731) Old regions: 60->60
[533.660s][info][gc,heap     ] GC(731) Humongous regions: 207->207
[533.660s][info][gc,metaspace] GC(731) Metaspace: 57717K(58048K)->57717K(58048K) NonClass: 52096K(52352K)->52096K(52352K) Class: 5620K(5696K)->5620K(5696K)
[533.661s][info][gc          ] GC(731) Pause Young (Normal) (G1 Evacuation Pause) 788M->269M(870M) 6.064ms
[533.661s][info][gc,cpu      ] GC(731) User=0.01s Sys=0.00s Real=0.01s
[533.872s][info][gc,start    ] GC(732) Pause Young (Concurrent Start) (G1 Humongous Allocation)
[533.873s][info][gc,task     ] GC(732) Using 2 workers of 2 for evacuation
[533.876s][info][gc,phases   ] GC(732)   Pre Evacuate Collection Set: 0.30ms
[533.876s][info][gc,phases   ] GC(732)   Merge Heap Roots: 0.09ms
[533.876s][info][gc,phases   ] GC(732)   Evacuate Collection Set: 2.21ms
[533.876s][info][gc,phases   ] GC(732)   Post Evacuate Collection Set: 0.65ms
[533.876s][info][gc,phases   ] GC(732)   Other: 0.13ms
[533.876s][info][gc,heap     ] GC(732) Eden regions: 93->0(521)
[533.876s][info][gc,heap     ] GC(732) Survivor regions: 3->1(66)
[533.876s][info][gc,heap     ] GC(732) Old regions: 60->60
[533.876s][info][gc,heap     ] GC(732) Humongous regions: 207->207
[533.876s][info][gc,metaspace] GC(732) Metaspace: 57721K(58048K)->57721K(58048K) NonClass: 52101K(52352K)->52101K(52352K) Class: 5620K(5696K)->5620K(5696K)
[533.876s][info][gc          ] GC(732) Pause Young (Concurrent Start) (G1 Humongous Allocation) 361M->267M(870M) 3.563ms
[533.876s][info][gc,cpu      ] GC(732) User=0.01s Sys=0.00s Real=0.00s
[533.876s][info][gc          ] GC(733) Concurrent Undo Cycle
[533.876s][info][gc,marking  ] GC(733) Concurrent Clear Claimed Marks
[533.876s][info][gc,marking  ] GC(733) Concurrent Clear Claimed Marks 0.080ms
[533.876s][info][gc,marking  ] GC(733) Concurrent Cleanup for Next Mark
[533.879s][info][gc,marking  ] GC(733) Concurrent Cleanup for Next Mark 2.510ms
[533.879s][info][gc          ] GC(733) Concurrent Undo Cycle 2.669ms
[534.018s][info][gc,start    ] GC(734) Pause Young (Concurrent Start) (G1 Humongous Allocation)
[534.018s][info][gc,task     ] GC(734) Using 2 workers of 2 for evacuation
[534.024s][info][gc,phases   ] GC(734)   Pre Evacuate Collection Set: 0.41ms
[534.024s][info][gc,phases   ] GC(734)   Merge Heap Roots: 0.07ms
[534.024s][info][gc,phases   ] GC(734)   Evacuate Collection Set: 4.06ms
[534.024s][info][gc,phases   ] GC(734)   Post Evacuate Collection Set: 0.57ms
[534.024s][info][gc,phases   ] GC(734)   Other: 0.15ms
[534.024s][info][gc,heap     ] GC(734) Eden regions: 2->0(518)
[534.024s][info][gc,heap     ] GC(734) Survivor regions: 1->1(66)
[534.024s][info][gc,heap     ] GC(734) Old regions: 60->60
[534.024s][info][gc,heap     ] GC(734) Humongous regions: 246->246
[534.024s][info][gc,metaspace] GC(734) Metaspace: 57721K(58048K)->57721K(58048K) NonClass: 52101K(52352K)->52101K(52352K) Class: 5620K(5696K)->5620K(5696K)
[534.024s][info][gc          ] GC(734) Pause Young (Concurrent Start) (G1 Humongous Allocation) 308M->306M(870M) 5.467ms
[534.024s][info][gc,cpu      ] GC(734) User=0.01s Sys=0.00s Real=0.01s
[534.024s][info][gc          ] GC(735) Concurrent Mark Cycle
[534.024s][info][gc,marking  ] GC(735) Concurrent Scan Root Regions
[534.025s][info][gc,marking  ] GC(735) Concurrent Scan Root Regions 1.677ms
[534.025s][info][gc,marking  ] GC(735) Concurrent Mark
[534.025s][info][gc,marking  ] GC(735) Concurrent Mark From Roots
[534.026s][info][gc,task     ] GC(735) Using 1 workers of 1 for marking
[534.077s][info][gc,marking  ] GC(735) Concurrent Mark From Roots 51.814ms
[534.077s][info][gc,marking  ] GC(735) Concurrent Preclean
[534.077s][info][gc,marking  ] GC(735) Concurrent Preclean 0.060ms
[534.078s][info][gc,start    ] GC(735) Pause Remark
[534.088s][info][gc          ] GC(735) Pause Remark 345M->330M(870M) 10.842ms
[534.088s][info][gc,cpu      ] GC(735) User=0.02s Sys=0.00s Real=0.01s
[534.089s][info][gc,marking  ] GC(735) Concurrent Mark 63.267ms
[534.089s][info][gc,marking  ] GC(735) Concurrent Rebuild Remembered Sets and Scrub Regions
[534.105s][info][gc,marking  ] GC(735) Concurrent Rebuild Remembered Sets and Scrub Regions 15.787ms
[534.105s][info][gc,start    ] GC(735) Pause Cleanup
[534.105s][info][gc          ] GC(735) Pause Cleanup 330M->330M(870M) 0.073ms
[534.105s][info][gc,cpu      ] GC(735) User=0.00s Sys=0.00s Real=0.00s
[534.105s][info][gc,marking  ] GC(735) Concurrent Clear Claimed Marks
[534.105s][info][gc,marking  ] GC(735) Concurrent Clear Claimed Marks 0.080ms
[534.105s][info][gc,marking  ] GC(735) Concurrent Cleanup for Next Mark
[534.107s][info][gc,marking  ] GC(735) Concurrent Cleanup for Next Mark 2.518ms
[534.108s][info][gc          ] GC(735) Concurrent Mark Cycle 83.767ms
[537.063s][info][gc,start    ] GC(736) Pause Young (Prepare Mixed) (G1 Evacuation Pause)
[537.063s][info][gc,task     ] GC(736) Using 2 workers of 2 for evacuation
[537.077s][info][gc,phases   ] GC(736)   Pre Evacuate Collection Set: 0.30ms
[537.077s][info][gc,phases   ] GC(736)   Merge Heap Roots: 0.16ms
[537.077s][info][gc,phases   ] GC(736)   Evacuate Collection Set: 13.04ms
[537.077s][info][gc,phases   ] GC(736)   Post Evacuate Collection Set: 0.95ms
[537.077s][info][gc,phases   ] GC(736)   Other: 0.08ms
[537.077s][info][gc,heap     ] GC(736) Eden regions: 461->0(516)
[537.077s][info][gc,heap     ] GC(736) Survivor regions: 1->15(65)
[537.077s][info][gc,heap     ] GC(736) Old regions: 45->45
[537.077s][info][gc,heap     ] GC(736) Humongous regions: 363->207
[537.077s][info][gc,metaspace] GC(736) Metaspace: 57795K(58112K)->57795K(58112K) NonClass: 52175K(52416K)->52175K(52416K) Class: 5620K(5696K)->5620K(5696K)
[537.077s][info][gc          ] GC(736) Pause Young (Prepare Mixed) (G1 Evacuation Pause) 869M->266M(885M) 14.714ms
[537.077s][info][gc,cpu      ] GC(736) User=0.02s Sys=0.01s Real=0.01s
[538.339s][info][gc,start    ] GC(737) Pause Young (Mixed) (G1 Evacuation Pause)
[538.339s][info][gc,task     ] GC(737) Using 2 workers of 2 for evacuation
[538.348s][info][gc,phases   ] GC(737)   Pre Evacuate Collection Set: 0.30ms
[538.348s][info][gc,phases   ] GC(737)   Merge Heap Roots: 0.16ms
[538.348s][info][gc,phases   ] GC(737)   Evacuate Collection Set: 8.42ms
[538.348s][info][gc,phases   ] GC(737)   Post Evacuate Collection Set: 0.85ms
[538.349s][info][gc,phases   ] GC(737)   Other: 0.11ms
[538.349s][info][gc,heap     ] GC(737) Eden regions: 516->0(514)
[538.349s][info][gc,heap     ] GC(737) Survivor regions: 15->17(67)
[538.349s][info][gc,heap     ] GC(737) Old regions: 45->42
[538.349s][info][gc,heap     ] GC(737) Humongous regions: 207->207
[538.349s][info][gc,metaspace] GC(737) Metaspace: 57795K(58112K)->57795K(58112K) NonClass: 52175K(52416K)->52175K(52416K) Class: 5620K(5696K)->5620K(5696K)
[538.349s][info][gc          ] GC(737) Pause Young (Mixed) (G1 Evacuation Pause) 782M->265M(885M) 10.011ms
[538.349s][info][gc,cpu      ] GC(737) User=0.01s Sys=0.00s Real=0.01s
[539.562s][info][gc,start    ] GC(738) Pause Young (Concurrent Start) (G1 Evacuation Pause)
[539.562s][info][gc,task     ] GC(738) Using 2 workers of 2 for evacuation
[539.572s][info][gc,phases   ] GC(738)   Pre Evacuate Collection Set: 0.30ms
[539.572s][info][gc,phases   ] GC(738)   Merge Heap Roots: 0.15ms
[539.572s][info][gc,phases   ] GC(738)   Evacuate Collection Set: 8.05ms
[539.572s][info][gc,phases   ] GC(738)   Post Evacuate Collection Set: 1.15ms
[539.572s][info][gc,phases   ] GC(738)   Other: 0.10ms
[539.572s][info][gc,heap     ] GC(738) Eden regions: 514->0(515)
[539.572s][info][gc,heap     ] GC(738) Survivor regions: 17->16(67)
[539.572s][info][gc,heap     ] GC(738) Old regions: 42->42
[539.572s][info][gc,heap     ] GC(738) Humongous regions: 207->207
[539.572s][info][gc,metaspace] GC(738) Metaspace: 57795K(58112K)->57795K(58112K) NonClass: 52175K(52416K)->52175K(52416K) Class: 5620K(5696K)->5620K(5696K)
[539.572s][info][gc          ] GC(738) Pause Young (Concurrent Start) (G1 Evacuation Pause) 779M->264M(885M) 9.960ms
[539.572s][info][gc,cpu      ] GC(738) User=0.02s Sys=0.00s Real=0.01s
[539.573s][info][gc          ] GC(739) Concurrent Mark Cycle
[539.573s][info][gc,marking  ] GC(739) Concurrent Scan Root Regions
[539.585s][info][gc,marking  ] GC(739) Concurrent Scan Root Regions 12.416ms
[539.585s][info][gc,marking  ] GC(739) Concurrent Mark
[539.585s][info][gc,marking  ] GC(739) Concurrent Mark From Roots
[539.585s][info][gc,task     ] GC(739) Using 1 workers of 1 for marking
[539.679s][info][gc,marking  ] GC(739) Concurrent Mark From Roots 93.757ms
[539.679s][info][gc,marking  ] GC(739) Concurrent Preclean
[539.679s][info][gc,marking  ] GC(739) Concurrent Preclean 0.056ms
[539.679s][info][gc,start    ] GC(739) Pause Remark
[539.694s][info][gc          ] GC(739) Pause Remark 271M->271M(884M) 14.695ms
[539.694s][info][gc,cpu      ] GC(739) User=0.02s Sys=0.00s Real=0.02s
[539.694s][info][gc,marking  ] GC(739) Concurrent Mark 108.801ms
[539.694s][info][gc,marking  ] GC(739) Concurrent Rebuild Remembered Sets and Scrub Regions
[539.714s][info][gc,marking  ] GC(739) Concurrent Rebuild Remembered Sets and Scrub Regions 20.065ms
[539.714s][info][gc,start    ] GC(739) Pause Cleanup
[539.715s][info][gc          ] GC(739) Pause Cleanup 283M->283M(884M) 0.073ms
[539.715s][info][gc,cpu      ] GC(739) User=0.00s Sys=0.00s Real=0.00s
[539.715s][info][gc,marking  ] GC(739) Concurrent Clear Claimed Marks
[539.715s][info][gc,marking  ] GC(739) Concurrent Clear Claimed Marks 0.087ms
[539.715s][info][gc,marking  ] GC(739) Concurrent Cleanup for Next Mark
[539.717s][info][gc,marking  ] GC(739) Concurrent Cleanup for Next Mark 2.702ms
[539.717s][info][gc          ] GC(739) Concurrent Mark Cycle 144.482ms
[540.837s][info][gc,start    ] GC(740) Pause Young (Prepare Mixed) (G1 Evacuation Pause)
[540.838s][info][gc,task     ] GC(740) Using 2 workers of 2 for evacuation
[540.847s][info][gc,phases   ] GC(740)   Pre Evacuate Collection Set: 0.29ms
[540.847s][info][gc,phases   ] GC(740)   Merge Heap Roots: 0.17ms
[540.847s][info][gc,phases   ] GC(740)   Evacuate Collection Set: 8.17ms
[540.847s][info][gc,phases   ] GC(740)   Post Evacuate Collection Set: 0.85ms
[540.847s][info][gc,phases   ] GC(740)   Other: 0.11ms
[540.847s][info][gc,heap     ] GC(740) Eden regions: 514->0(513)
[540.847s][info][gc,heap     ] GC(740) Survivor regions: 16->17(67)
[540.847s][info][gc,heap     ] GC(740) Old regions: 42->43
[540.847s][info][gc,heap     ] GC(740) Humongous regions: 207->207
[540.847s][info][gc,metaspace] GC(740) Metaspace: 57795K(58112K)->57795K(58112K) NonClass: 52175K(52416K)->52175K(52416K) Class: 5620K(5696K)->5620K(5696K)
[540.847s][info][gc          ] GC(740) Pause Young (Prepare Mixed) (G1 Evacuation Pause) 778M->265M(884M) 9.778ms
[540.847s][info][gc,cpu      ] GC(740) User=0.02s Sys=0.00s Real=0.01s
[542.050s][info][gc,start    ] GC(741) Pause Young (Mixed) (G1 Evacuation Pause)
[542.050s][info][gc,task     ] GC(741) Using 2 workers of 2 for evacuation
[542.061s][info][gc,phases   ] GC(741)   Pre Evacuate Collection Set: 0.30ms
[542.061s][info][gc,phases   ] GC(741)   Merge Heap Roots: 0.16ms
[542.061s][info][gc,phases   ] GC(741)   Evacuate Collection Set: 8.84ms
[542.061s][info][gc,phases   ] GC(741)   Post Evacuate Collection Set: 0.87ms
[542.061s][info][gc,phases   ] GC(741)   Other: 0.11ms
[542.061s][info][gc,heap     ] GC(741) Eden regions: 513->0(513)
[542.061s][info][gc,heap     ] GC(741) Survivor regions: 17->17(67)
[542.061s][info][gc,heap     ] GC(741) Old regions: 43->40
[542.061s][info][gc,heap     ] GC(741) Humongous regions: 207->207
[542.061s][info][gc,metaspace] GC(741) Metaspace: 57795K(58112K)->57795K(58112K) NonClass: 52175K(52416K)->52175K(52416K) Class: 5620K(5696K)->5620K(5696K)
[542.061s][info][gc          ] GC(741) Pause Young (Mixed) (G1 Evacuation Pause) 778M->262M(884M) 10.458ms
[542.061s][info][gc,cpu      ] GC(741) User=0.02s Sys=0.00s Real=0.02s
[543.322s][info][gc,start    ] GC(742) Pause Young (Concurrent Start) (G1 Evacuation Pause)
[543.322s][info][gc,task     ] GC(742) Using 2 workers of 2 for evacuation
[543.329s][info][gc,phases   ] GC(742)   Pre Evacuate Collection Set: 0.33ms
[543.329s][info][gc,phases   ] GC(742)   Merge Heap Roots: 0.18ms
[543.329s][info][gc,phases   ] GC(742)   Evacuate Collection Set: 5.97ms
[543.329s][info][gc,phases   ] GC(742)   Post Evacuate Collection Set: 0.82ms
[543.329s][info][gc,phases   ] GC(742)   Other: 0.12ms
[543.329s][info][gc,heap     ] GC(742) Eden regions: 513->0(515)
[543.329s][info][gc,heap     ] GC(742) Survivor regions: 17->15(67)
[543.329s][info][gc,heap     ] GC(742) Old regions: 40->40
[543.329s][info][gc,heap     ] GC(742) Humongous regions: 207->207
[543.329s][info][gc,metaspace] GC(742) Metaspace: 57795K(58112K)->57795K(58112K) NonClass: 52175K(52416K)->52175K(52416K) Class: 5620K(5696K)->5620K(5696K)
[543.329s][info][gc          ] GC(742) Pause Young (Concurrent Start) (G1 Evacuation Pause) 775M->260M(884M) 7.632ms
[543.330s][info][gc          ] GC(743) Concurrent Mark Cycle
[543.330s][info][gc,marking  ] GC(743) Concurrent Scan Root Regions
[543.331s][info][gc,cpu      ] GC(742) User=0.01s Sys=0.00s Real=0.01s
[543.334s][info][gc,marking  ] GC(743) Concurrent Scan Root Regions 4.083ms
[543.334s][info][gc,marking  ] GC(743) Concurrent Mark
[543.334s][info][gc,marking  ] GC(743) Concurrent Mark From Roots
[543.334s][info][gc,task     ] GC(743) Using 1 workers of 1 for marking
[543.386s][info][gc,marking  ] GC(743) Concurrent Mark From Roots 51.994ms
[543.386s][info][gc,marking  ] GC(743) Concurrent Preclean
[543.386s][info][gc,marking  ] GC(743) Concurrent Preclean 0.047ms
[543.386s][info][gc,start    ] GC(743) Pause Remark
[543.397s][info][gc          ] GC(743) Pause Remark 295M->295M(874M) 10.696ms
[543.397s][info][gc,cpu      ] GC(743) User=0.02s Sys=0.01s Real=0.01s
[543.397s][info][gc,marking  ] GC(743) Concurrent Mark 63.166ms
[543.397s][info][gc,marking  ] GC(743) Concurrent Rebuild Remembered Sets and Scrub Regions
[543.413s][info][gc,marking  ] GC(743) Concurrent Rebuild Remembered Sets and Scrub Regions 15.909ms
[543.413s][info][gc,start    ] GC(743) Pause Cleanup
[543.413s][info][gc          ] GC(743) Pause Cleanup 299M->299M(874M) 0.064ms
[543.413s][info][gc,cpu      ] GC(743) User=0.00s Sys=0.00s Real=0.00s
[543.413s][info][gc,marking  ] GC(743) Concurrent Clear Claimed Marks
[543.413s][info][gc,marking  ] GC(743) Concurrent Clear Claimed Marks 0.083ms
[543.413s][info][gc,marking  ] GC(743) Concurrent Cleanup for Next Mark
[543.416s][info][gc,marking  ] GC(743) Concurrent Cleanup for Next Mark 2.524ms
[543.416s][info][gc          ] GC(743) Concurrent Mark Cycle 86.021ms
[544.529s][info][gc,start    ] GC(744) Pause Young (Prepare Mixed) (G1 Evacuation Pause)
[544.529s][info][gc,task     ] GC(744) Using 2 workers of 2 for evacuation
[544.537s][info][gc,phases   ] GC(744)   Pre Evacuate Collection Set: 0.30ms
[544.537s][info][gc,phases   ] GC(744)   Merge Heap Roots: 0.19ms
[544.537s][info][gc,phases   ] GC(744)   Evacuate Collection Set: 6.93ms
[544.537s][info][gc,phases   ] GC(744)   Post Evacuate Collection Set: 0.85ms
[544.537s][info][gc,phases   ] GC(744)   Other: 0.09ms
[544.537s][info][gc,heap     ] GC(744) Eden regions: 509->0(508)
[544.537s][info][gc,heap     ] GC(744) Survivor regions: 15->16(66)
[544.537s][info][gc,heap     ] GC(744) Old regions: 40->41
[544.537s][info][gc,heap     ] GC(744) Humongous regions: 207->207
[544.537s][info][gc,metaspace] GC(744) Metaspace: 57795K(58112K)->57795K(58112K) NonClass: 52175K(52416K)->52175K(52416K) Class: 5620K(5696K)->5620K(5696K)
[544.537s][info][gc          ] GC(744) Pause Young (Prepare Mixed) (G1 Evacuation Pause) 769M->261M(874M) 8.546ms
[544.537s][info][gc,cpu      ] GC(744) User=0.02s Sys=0.00s Real=0.01s
[545.740s][info][gc,start    ] GC(745) Pause Young (Mixed) (G1 Evacuation Pause)
[545.740s][info][gc,task     ] GC(745) Using 2 workers of 2 for evacuation
[545.751s][info][gc,phases   ] GC(745)   Pre Evacuate Collection Set: 0.31ms
[545.751s][info][gc,phases   ] GC(745)   Merge Heap Roots: 0.15ms
[545.751s][info][gc,phases   ] GC(745)   Evacuate Collection Set: 9.05ms
[545.751s][info][gc,phases   ] GC(745)   Post Evacuate Collection Set: 0.90ms
[545.751s][info][gc,phases   ] GC(745)   Other: 0.11ms
[545.751s][info][gc,heap     ] GC(745) Eden regions: 508->0(507)
[545.751s][info][gc,heap     ] GC(745) Survivor regions: 16->17(66)
[545.751s][info][gc,heap     ] GC(745) Old regions: 41->39
[545.751s][info][gc,heap     ] GC(745) Humongous regions: 207->207
[545.751s][info][gc,metaspace] GC(745) Metaspace: 57795K(58112K)->57795K(58112K) NonClass: 52175K(52416K)->52175K(52416K) Class: 5620K(5696K)->5620K(5696K)
[545.751s][info][gc          ] GC(745) Pause Young (Mixed) (G1 Evacuation Pause) 769M->261M(874M) 10.713ms
[545.751s][info][gc,cpu      ] GC(745) User=0.02s Sys=0.00s Real=0.02s
[546.960s][info][gc,start    ] GC(746) Pause Young (Concurrent Start) (G1 Evacuation Pause)
[546.960s][info][gc,task     ] GC(746) Using 2 workers of 2 for evacuation
[546.970s][info][gc,phases   ] GC(746)   Pre Evacuate Collection Set: 0.33ms
[546.970s][info][gc,phases   ] GC(746)   Merge Heap Roots: 0.15ms
[546.970s][info][gc,phases   ] GC(746)   Evacuate Collection Set: 7.80ms
[546.970s][info][gc,phases   ] GC(746)   Post Evacuate Collection Set: 1.16ms
[546.970s][info][gc,phases   ] GC(746)   Other: 0.09ms
[546.970s][info][gc,heap     ] GC(746) Eden regions: 507->0(508)
[546.970s][info][gc,heap     ] GC(746) Survivor regions: 17->16(66)
[546.970s][info][gc,heap     ] GC(746) Old regions: 39->39
[546.970s][info][gc,heap     ] GC(746) Humongous regions: 207->207
[546.970s][info][gc,metaspace] GC(746) Metaspace: 57795K(58112K)->57795K(58112K) NonClass: 52175K(52416K)->52175K(52416K) Class: 5620K(5696K)->5620K(5696K)
[546.970s][info][gc          ] GC(746) Pause Young (Concurrent Start) (G1 Evacuation Pause) 768M->259M(874M) 9.703ms
[546.970s][info][gc,cpu      ] GC(746) User=0.01s Sys=0.00s Real=0.01s
[546.970s][info][gc          ] GC(747) Concurrent Mark Cycle
[546.972s][info][gc,marking  ] GC(747) Concurrent Scan Root Regions
[546.979s][info][gc,marking  ] GC(747) Concurrent Scan Root Regions 7.409ms
[546.979s][info][gc,marking  ] GC(747) Concurrent Mark
[546.979s][info][gc,marking  ] GC(747) Concurrent Mark From Roots
[546.979s][info][gc,task     ] GC(747) Using 1 workers of 1 for marking
[547.018s][info][gc,marking  ] GC(747) Concurrent Mark From Roots 39.258ms
[547.018s][info][gc,marking  ] GC(747) Concurrent Preclean
[547.019s][info][gc,marking  ] GC(747) Concurrent Preclean 0.043ms
[547.019s][info][gc,start    ] GC(747) Pause Remark
[547.029s][info][gc          ] GC(747) Pause Remark 268M->268M(874M) 10.578ms
[547.029s][info][gc,cpu      ] GC(747) User=0.02s Sys=0.00s Real=0.01s
[547.030s][info][gc,marking  ] GC(747) Concurrent Mark 50.399ms
[547.030s][info][gc,marking  ] GC(747) Concurrent Rebuild Remembered Sets and Scrub Regions
[547.061s][info][gc,marking  ] GC(747) Concurrent Rebuild Remembered Sets and Scrub Regions 31.434ms
[547.061s][info][gc,start    ] GC(747) Pause Cleanup
[547.061s][info][gc          ] GC(747) Pause Cleanup 293M->293M(874M) 0.077ms
[547.061s][info][gc,cpu      ] GC(747) User=0.00s Sys=0.00s Real=0.00s
[547.061s][info][gc,marking  ] GC(747) Concurrent Clear Claimed Marks
[547.061s][info][gc,marking  ] GC(747) Concurrent Clear Claimed Marks 0.104ms
[547.061s][info][gc,marking  ] GC(747) Concurrent Cleanup for Next Mark
[547.066s][info][gc,marking  ] GC(747) Concurrent Cleanup for Next Mark 4.671ms
[547.066s][info][gc          ] GC(747) Concurrent Mark Cycle 96.124ms
[548.222s][info][gc,start    ] GC(748) Pause Young (Prepare Mixed) (G1 Evacuation Pause)
[548.222s][info][gc,task     ] GC(748) Using 2 workers of 2 for evacuation
[548.230s][info][gc,phases   ] GC(748)   Pre Evacuate Collection Set: 0.29ms
[548.230s][info][gc,phases   ] GC(748)   Merge Heap Roots: 0.16ms
[548.230s][info][gc,phases   ] GC(748)   Evacuate Collection Set: 5.99ms
[548.230s][info][gc,phases   ] GC(748)   Post Evacuate Collection Set: 0.85ms
[548.230s][info][gc,phases   ] GC(748)   Other: 0.11ms
[548.230s][info][gc,heap     ] GC(748) Eden regions: 508->0(509)
[548.230s][info][gc,heap     ] GC(748) Survivor regions: 16->15(66)
[548.230s][info][gc,heap     ] GC(748) Old regions: 39->40
[548.230s][info][gc,heap     ] GC(748) Humongous regions: 207->207
[548.230s][info][gc,metaspace] GC(748) Metaspace: 57795K(58112K)->57795K(58112K) NonClass: 52175K(52416K)->52175K(52416K) Class: 5620K(5696K)->5620K(5696K)
[548.230s][info][gc          ] GC(748) Pause Young (Prepare Mixed) (G1 Evacuation Pause) 767M->258M(874M) 7.582ms
[548.230s][info][gc,cpu      ] GC(748) User=0.01s Sys=0.00s Real=0.00s
[549.439s][info][gc,start    ] GC(749) Pause Young (Mixed) (G1 Evacuation Pause)
[549.439s][info][gc,task     ] GC(749) Using 2 workers of 2 for evacuation
[549.450s][info][gc,phases   ] GC(749)   Pre Evacuate Collection Set: 0.29ms
[549.450s][info][gc,phases   ] GC(749)   Merge Heap Roots: 0.16ms
[549.450s][info][gc,phases   ] GC(749)   Evacuate Collection Set: 8.91ms
[549.450s][info][gc,phases   ] GC(749)   Post Evacuate Collection Set: 0.86ms
[549.450s][info][gc,phases   ] GC(749)   Other: 0.09ms
[549.450s][info][gc,heap     ] GC(749) Eden regions: 509->0(507)
[549.450s][info][gc,heap     ] GC(749) Survivor regions: 15->17(66)
[549.450s][info][gc,heap     ] GC(749) Old regions: 40->38
[549.450s][info][gc,heap     ] GC(749) Humongous regions: 207->207
[549.450s][info][gc,metaspace] GC(749) Metaspace: 57795K(58112K)->57795K(58112K) NonClass: 52175K(52416K)->52175K(52416K) Class: 5620K(5696K)->5620K(5696K)
[549.450s][info][gc          ] GC(749) Pause Young (Mixed) (G1 Evacuation Pause) 767M->260M(874M) 10.500ms
[549.450s][info][gc,cpu      ] GC(749) User=0.02s Sys=0.00s Real=0.01s
[550.747s][info][gc,start    ] GC(750) Pause Young (Concurrent Start) (G1 Evacuation Pause)
[550.747s][info][gc,task     ] GC(750) Using 2 workers of 2 for evacuation
[550.759s][info][gc,phases   ] GC(750)   Pre Evacuate Collection Set: 0.33ms
[550.759s][info][gc,phases   ] GC(750)   Merge Heap Roots: 0.15ms
[550.759s][info][gc,phases   ] GC(750)   Evacuate Collection Set: 9.70ms
[550.759s][info][gc,phases   ] GC(750)   Post Evacuate Collection Set: 0.86ms
[550.759s][info][gc,phases   ] GC(750)   Other: 0.10ms
[550.759s][info][gc,heap     ] GC(750) Eden regions: 507->0(507)
[550.759s][info][gc,heap     ] GC(750) Survivor regions: 17->17(66)
[550.759s][info][gc,heap     ] GC(750) Old regions: 38->39
[550.759s][info][gc,heap     ] GC(750) Humongous regions: 207->207
[550.759s][info][gc,metaspace] GC(750) Metaspace: 57795K(58112K)->57795K(58112K) NonClass: 52175K(52416K)->52175K(52416K) Class: 5620K(5696K)->5620K(5696K)
[550.759s][info][gc          ] GC(750) Pause Young (Concurrent Start) (G1 Evacuation Pause) 767M->261M(874M) 11.309ms
[550.759s][info][gc          ] GC(751) Concurrent Mark Cycle
[550.759s][info][gc,marking  ] GC(751) Concurrent Scan Root Regions
[550.759s][info][gc,cpu      ] GC(750) User=0.03s Sys=0.00s Real=0.01s
[550.767s][info][gc,marking  ] GC(751) Concurrent Scan Root Regions 8.361ms
[550.767s][info][gc,marking  ] GC(751) Concurrent Mark
[550.767s][info][gc,marking  ] GC(751) Concurrent Mark From Roots
[550.767s][info][gc,task     ] GC(751) Using 1 workers of 1 for marking
[550.812s][info][gc,marking  ] GC(751) Concurrent Mark From Roots 44.661ms
[550.812s][info][gc,marking  ] GC(751) Concurrent Preclean
[550.812s][info][gc,marking  ] GC(751) Concurrent Preclean 0.048ms
[550.812s][info][gc,start    ] GC(751) Pause Remark
[550.822s][info][gc          ] GC(751) Pause Remark 279M->279M(874M) 10.148ms
[550.822s][info][gc,cpu      ] GC(751) User=0.02s Sys=0.00s Real=0.01s
[550.823s][info][gc,marking  ] GC(751) Concurrent Mark 55.887ms
[550.823s][info][gc,marking  ] GC(751) Concurrent Rebuild Remembered Sets and Scrub Regions
[550.860s][info][gc,marking  ] GC(751) Concurrent Rebuild Remembered Sets and Scrub Regions 36.638ms
[550.860s][info][gc,start    ] GC(751) Pause Cleanup
[550.860s][info][gc          ] GC(751) Pause Cleanup 309M->309M(874M) 0.087ms
[550.860s][info][gc,cpu      ] GC(751) User=0.00s Sys=0.00s Real=0.00s
[550.860s][info][gc,marking  ] GC(751) Concurrent Clear Claimed Marks
[550.860s][info][gc,marking  ] GC(751) Concurrent Clear Claimed Marks 0.085ms
[550.860s][info][gc,marking  ] GC(751) Concurrent Cleanup for Next Mark
[550.865s][info][gc,marking  ] GC(751) Concurrent Cleanup for Next Mark 4.435ms
[550.865s][info][gc          ] GC(751) Concurrent Mark Cycle 105.912ms
[551.957s][info][gc,start    ] GC(752) Pause Young (Prepare Mixed) (G1 Evacuation Pause)
[551.957s][info][gc,task     ] GC(752) Using 2 workers of 2 for evacuation
[551.966s][info][gc,phases   ] GC(752)   Pre Evacuate Collection Set: 0.31ms
[551.966s][info][gc,phases   ] GC(752)   Merge Heap Roots: 0.19ms
[551.966s][info][gc,phases   ] GC(752)   Evacuate Collection Set: 6.86ms
[551.966s][info][gc,phases   ] GC(752)   Post Evacuate Collection Set: 0.84ms
[551.966s][info][gc,phases   ] GC(752)   Other: 0.09ms
[551.966s][info][gc,heap     ] GC(752) Eden regions: 507->0(509)
[551.966s][info][gc,heap     ] GC(752) Survivor regions: 17->15(66)
[551.966s][info][gc,heap     ] GC(752) Old regions: 39->39
[551.966s][info][gc,heap     ] GC(752) Humongous regions: 207->207
[551.966s][info][gc,metaspace] GC(752) Metaspace: 57795K(58112K)->57795K(58112K) NonClass: 52175K(52416K)->52175K(52416K) Class: 5620K(5696K)->5620K(5696K)
[551.966s][info][gc          ] GC(752) Pause Young (Prepare Mixed) (G1 Evacuation Pause) 768M->259M(874M) 8.494ms
[551.966s][info][gc,cpu      ] GC(752) User=0.01s Sys=0.00s Real=0.01s
[553.226s][info][gc,start    ] GC(753) Pause Young (Mixed) (G1 Evacuation Pause)
[553.226s][info][gc,task     ] GC(753) Using 2 workers of 2 for evacuation
[553.236s][info][gc,phases   ] GC(753)   Pre Evacuate Collection Set: 0.28ms
[553.236s][info][gc,phases   ] GC(753)   Merge Heap Roots: 0.18ms
[553.236s][info][gc,phases   ] GC(753)   Evacuate Collection Set: 8.63ms
[553.236s][info][gc,phases   ] GC(753)   Post Evacuate Collection Set: 0.89ms
[553.236s][info][gc,phases   ] GC(753)   Other: 0.09ms
[553.236s][info][gc,heap     ] GC(753) Eden regions: 509->0(508)
[553.236s][info][gc,heap     ] GC(753) Survivor regions: 15->16(66)
[553.236s][info][gc,heap     ] GC(753) Old regions: 39->38
[553.236s][info][gc,heap     ] GC(753) Humongous regions: 207->207
[553.236s][info][gc,metaspace] GC(753) Metaspace: 57795K(58112K)->57795K(58112K) NonClass: 52175K(52416K)->52175K(52416K) Class: 5620K(5696K)->5620K(5696K)
[553.236s][info][gc          ] GC(753) Pause Young (Mixed) (G1 Evacuation Pause) 768M->259M(874M) 10.254ms
[553.236s][info][gc,cpu      ] GC(753) User=0.02s Sys=0.00s Real=0.01s
[554.439s][info][gc,start    ] GC(754) Pause Young (Concurrent Start) (G1 Evacuation Pause)
[554.439s][info][gc,task     ] GC(754) Using 2 workers of 2 for evacuation
[554.449s][info][gc,phases   ] GC(754)   Pre Evacuate Collection Set: 0.32ms
[554.449s][info][gc,phases   ] GC(754)   Merge Heap Roots: 0.16ms
[554.449s][info][gc,phases   ] GC(754)   Evacuate Collection Set: 8.41ms
[554.449s][info][gc,phases   ] GC(754)   Post Evacuate Collection Set: 0.88ms
[554.449s][info][gc,phases   ] GC(754)   Other: 0.10ms
[554.449s][info][gc,heap     ] GC(754) Eden regions: 508->0(508)
[554.449s][info][gc,heap     ] GC(754) Survivor regions: 16->16(66)
[554.449s][info][gc,heap     ] GC(754) Old regions: 38->38
[554.449s][info][gc,heap     ] GC(754) Humongous regions: 207->207
[554.449s][info][gc,metaspace] GC(754) Metaspace: 57795K(58112K)->57795K(58112K) NonClass: 52175K(52416K)->52175K(52416K) Class: 5620K(5696K)->5620K(5696K)
[554.449s][info][gc          ] GC(754) Pause Young (Concurrent Start) (G1 Evacuation Pause) 767M->260M(874M) 10.050ms
[554.449s][info][gc,cpu      ] GC(754) User=0.02s Sys=0.00s Real=0.01s
[554.449s][info][gc          ] GC(755) Concurrent Mark Cycle
[554.450s][info][gc,marking  ] GC(755) Concurrent Scan Root Regions
[554.460s][info][gc,marking  ] GC(755) Concurrent Scan Root Regions 10.745ms
[554.460s][info][gc,marking  ] GC(755) Concurrent Mark
[554.460s][info][gc,marking  ] GC(755) Concurrent Mark From Roots
[554.460s][info][gc,task     ] GC(755) Using 1 workers of 1 for marking
[554.502s][info][gc,marking  ] GC(755) Concurrent Mark From Roots 41.700ms
[554.502s][info][gc,marking  ] GC(755) Concurrent Preclean
[554.502s][info][gc,marking  ] GC(755) Concurrent Preclean 0.047ms
[554.502s][info][gc,start    ] GC(755) Pause Remark
[554.512s][info][gc          ] GC(755) Pause Remark 281M->277M(857M) 10.206ms
[554.512s][info][gc,cpu      ] GC(755) User=0.02s Sys=0.00s Real=0.01s
[554.513s][info][gc,marking  ] GC(755) Concurrent Mark 52.610ms
[554.513s][info][gc,marking  ] GC(755) Concurrent Rebuild Remembered Sets and Scrub Regions
[554.531s][info][gc,marking  ] GC(755) Concurrent Rebuild Remembered Sets and Scrub Regions 18.507ms
[554.532s][info][gc,start    ] GC(755) Pause Cleanup
[554.532s][info][gc          ] GC(755) Pause Cleanup 284M->284M(857M) 0.062ms
[554.532s][info][gc,cpu      ] GC(755) User=0.00s Sys=0.00s Real=0.00s
[554.532s][info][gc,marking  ] GC(755) Concurrent Clear Claimed Marks
[554.532s][info][gc,marking  ] GC(755) Concurrent Clear Claimed Marks 0.091ms
[554.532s][info][gc,marking  ] GC(755) Concurrent Cleanup for Next Mark
[554.535s][info][gc,marking  ] GC(755) Concurrent Cleanup for Next Mark 2.849ms
[554.535s][info][gc          ] GC(755) Concurrent Mark Cycle 86.099ms
[555.644s][info][gc,start    ] GC(756) Pause Young (Prepare Mixed) (G1 Evacuation Pause)
[555.644s][info][gc,task     ] GC(756) Using 2 workers of 2 for evacuation
[555.655s][info][gc,phases   ] GC(756)   Pre Evacuate Collection Set: 0.29ms
[555.655s][info][gc,phases   ] GC(756)   Merge Heap Roots: 0.17ms
[555.655s][info][gc,phases   ] GC(756)   Evacuate Collection Set: 8.85ms
[555.655s][info][gc,phases   ] GC(756)   Post Evacuate Collection Set: 0.85ms
[555.655s][info][gc,phases   ] GC(756)   Other: 0.10ms
[555.655s][info][gc,heap     ] GC(756) Eden regions: 498->0(511)
[555.655s][info][gc,heap     ] GC(756) Survivor regions: 16->3(65)
[555.655s][info][gc,heap     ] GC(756) Old regions: 34->48
[555.655s][info][gc,heap     ] GC(756) Humongous regions: 207->207
[555.655s][info][gc,metaspace] GC(756) Metaspace: 57795K(58112K)->57795K(58112K) NonClass: 52175K(52416K)->52175K(52416K) Class: 5620K(5696K)->5620K(5696K)
[555.655s][info][gc          ] GC(756) Pause Young (Prepare Mixed) (G1 Evacuation Pause) 754M->256M(857M) 10.441ms
[555.655s][info][gc,cpu      ] GC(756) User=0.02s Sys=0.00s Real=0.01s
[556.861s][info][gc,start    ] GC(757) Pause Young (Mixed) (G1 Evacuation Pause)
[556.861s][info][gc,task     ] GC(757) Using 2 workers of 2 for evacuation
[556.866s][info][gc,phases   ] GC(757)   Pre Evacuate Collection Set: 0.52ms
[556.866s][info][gc,phases   ] GC(757)   Merge Heap Roots: 0.24ms
[556.866s][info][gc,phases   ] GC(757)   Evacuate Collection Set: 2.66ms
[556.866s][info][gc,phases   ] GC(757)   Post Evacuate Collection Set: 0.78ms
[556.866s][info][gc,phases   ] GC(757)   Other: 0.12ms
[556.866s][info][gc,heap     ] GC(757) Eden regions: 511->0(512)
[556.866s][info][gc,heap     ] GC(757) Survivor regions: 3->2(65)
[556.866s][info][gc,heap     ] GC(757) Old regions: 48->45
[556.866s][info][gc,heap     ] GC(757) Humongous regions: 207->207
[556.866s][info][gc,metaspace] GC(757) Metaspace: 57795K(58112K)->57795K(58112K) NonClass: 52175K(52416K)->52175K(52416K) Class: 5620K(5696K)->5620K(5696K)
[556.866s][info][gc          ] GC(757) Pause Young (Mixed) (G1 Evacuation Pause) 767M->252M(857M) 4.493ms
[556.866s][info][gc,cpu      ] GC(757) User=0.00s Sys=0.00s Real=0.00s
[558.132s][info][gc,start    ] GC(758) Pause Young (Concurrent Start) (G1 Evacuation Pause)
[558.132s][info][gc,task     ] GC(758) Using 2 workers of 2 for evacuation
[558.138s][info][gc,phases   ] GC(758)   Pre Evacuate Collection Set: 0.30ms
[558.138s][info][gc,phases   ] GC(758)   Merge Heap Roots: 0.14ms
[558.138s][info][gc,phases   ] GC(758)   Evacuate Collection Set: 3.93ms
[558.138s][info][gc,phases   ] GC(758)   Post Evacuate Collection Set: 1.02ms
[558.138s][info][gc,phases   ] GC(758)   Other: 0.10ms
[558.138s][info][gc,heap     ] GC(758) Eden regions: 512->0(511)
[558.138s][info][gc,heap     ] GC(758) Survivor regions: 2->3(65)
[558.138s][info][gc,heap     ] GC(758) Old regions: 45->45
[558.138s][info][gc,heap     ] GC(758) Humongous regions: 207->207
[558.138s][info][gc,metaspace] GC(758) Metaspace: 57795K(58112K)->57795K(58112K) NonClass: 52175K(52416K)->52175K(52416K) Class: 5620K(5696K)->5620K(5696K)
[558.138s][info][gc          ] GC(758) Pause Young (Concurrent Start) (G1 Evacuation Pause) 764M->253M(857M) 5.669ms
[558.138s][info][gc,cpu      ] GC(758) User=0.01s Sys=0.00s Real=0.00s
[558.139s][info][gc          ] GC(759) Concurrent Mark Cycle
[558.139s][info][gc,marking  ] GC(759) Concurrent Scan Root Regions
[558.146s][info][gc,marking  ] GC(759) Concurrent Scan Root Regions 7.383ms
[558.146s][info][gc,marking  ] GC(759) Concurrent Mark
[558.146s][info][gc,marking  ] GC(759) Concurrent Mark From Roots
[558.146s][info][gc,task     ] GC(759) Using 1 workers of 1 for marking
[558.202s][info][gc,marking  ] GC(759) Concurrent Mark From Roots 55.089ms
[558.202s][info][gc,marking  ] GC(759) Concurrent Preclean
[558.202s][info][gc,marking  ] GC(759) Concurrent Preclean 0.063ms
[558.202s][info][gc,start    ] GC(759) Pause Remark
[558.212s][info][gc          ] GC(759) Pause Remark 282M->282M(850M) 10.122ms
[558.212s][info][gc,cpu      ] GC(759) User=0.02s Sys=0.00s Real=0.01s
[558.212s][info][gc,marking  ] GC(759) Concurrent Mark 65.860ms
[558.212s][info][gc,marking  ] GC(759) Concurrent Rebuild Remembered Sets and Scrub Regions
[558.241s][info][gc,marking  ] GC(759) Concurrent Rebuild Remembered Sets and Scrub Regions 28.499ms
[558.242s][info][gc,start    ] GC(759) Pause Cleanup
[558.242s][info][gc          ] GC(759) Pause Cleanup 287M->287M(850M) 0.106ms
[558.242s][info][gc,cpu      ] GC(759) User=0.00s Sys=0.00s Real=0.00s
[558.242s][info][gc,marking  ] GC(759) Concurrent Clear Claimed Marks
[558.242s][info][gc,marking  ] GC(759) Concurrent Clear Claimed Marks 0.090ms
[558.242s][info][gc,marking  ] GC(759) Concurrent Cleanup for Next Mark
[558.246s][info][gc,marking  ] GC(759) Concurrent Cleanup for Next Mark 3.958ms
[558.246s][info][gc          ] GC(759) Concurrent Mark Cycle 106.831ms
[559.339s][info][gc,start    ] GC(760) Pause Young (Prepare Mixed) (G1 Evacuation Pause)
[559.339s][info][gc,task     ] GC(760) Using 2 workers of 2 for evacuation
[559.345s][info][gc,phases   ] GC(760)   Pre Evacuate Collection Set: 0.32ms
[559.345s][info][gc,phases   ] GC(760)   Merge Heap Roots: 0.16ms
[559.345s][info][gc,phases   ] GC(760)   Evacuate Collection Set: 4.20ms
[559.345s][info][gc,phases   ] GC(760)   Post Evacuate Collection Set: 0.77ms
[559.345s][info][gc,phases   ] GC(760)   Other: 0.08ms
[559.345s][info][gc,heap     ] GC(760) Eden regions: 507->0(507)
[559.345s][info][gc,heap     ] GC(760) Survivor regions: 3->3(64)
[559.345s][info][gc,heap     ] GC(760) Old regions: 45->46
[559.345s][info][gc,heap     ] GC(760) Humongous regions: 207->207
[559.345s][info][gc,metaspace] GC(760) Metaspace: 57795K(58112K)->57795K(58112K) NonClass: 52175K(52416K)->52175K(52416K) Class: 5620K(5696K)->5620K(5696K)
[559.345s][info][gc          ] GC(760) Pause Young (Prepare Mixed) (G1 Evacuation Pause) 760M->253M(850M) 5.700ms
[559.345s][info][gc,cpu      ] GC(760) User=0.01s Sys=0.00s Real=0.01s
[560.548s][info][gc,start    ] GC(761) Pause Young (Mixed) (G1 Evacuation Pause)
[560.548s][info][gc,task     ] GC(761) Using 2 workers of 2 for evacuation
[560.555s][info][gc,phases   ] GC(761)   Pre Evacuate Collection Set: 0.33ms
[560.555s][info][gc,phases   ] GC(761)   Merge Heap Roots: 0.14ms
[560.555s][info][gc,phases   ] GC(761)   Evacuate Collection Set: 5.23ms
[560.555s][info][gc,phases   ] GC(761)   Post Evacuate Collection Set: 0.76ms
[560.555s][info][gc,phases   ] GC(761)   Other: 0.08ms
[560.555s][info][gc,heap     ] GC(761) Eden regions: 507->0(506)
[560.555s][info][gc,heap     ] GC(761) Survivor regions: 3->4(64)
[560.555s][info][gc,heap     ] GC(761) Old regions: 46->44
[560.555s][info][gc,heap     ] GC(761) Humongous regions: 207->207
[560.555s][info][gc,metaspace] GC(761) Metaspace: 57795K(58112K)->57795K(58112K) NonClass: 52175K(52416K)->52175K(52416K) Class: 5620K(5696K)->5620K(5696K)
[560.555s][info][gc          ] GC(761) Pause Young (Mixed) (G1 Evacuation Pause) 760M->252M(850M) 6.716ms
[560.555s][info][gc,cpu      ] GC(761) User=0.01s Sys=0.00s Real=0.01s
[561.762s][info][gc,start    ] GC(762) Pause Young (Concurrent Start) (G1 Evacuation Pause)
[561.762s][info][gc,task     ] GC(762) Using 2 workers of 2 for evacuation
[561.766s][info][gc,phases   ] GC(762)   Pre Evacuate Collection Set: 0.28ms
[561.766s][info][gc,phases   ] GC(762)   Merge Heap Roots: 0.14ms
[561.766s][info][gc,phases   ] GC(762)   Evacuate Collection Set: 3.11ms
[561.766s][info][gc,phases   ] GC(762)   Post Evacuate Collection Set: 0.77ms
[561.766s][info][gc,phases   ] GC(762)   Other: 0.12ms
[561.766s][info][gc,heap     ] GC(762) Eden regions: 506->0(508)
[561.766s][info][gc,heap     ] GC(762) Survivor regions: 4->2(64)
[561.766s][info][gc,heap     ] GC(762) Old regions: 44->44
[561.766s][info][gc,heap     ] GC(762) Humongous regions: 207->207
[561.766s][info][gc,metaspace] GC(762) Metaspace: 57795K(58112K)->57795K(58112K) NonClass: 52175K(52416K)->52175K(52416K) Class: 5620K(5696K)->5620K(5696K)
[561.766s][info][gc          ] GC(762) Pause Young (Concurrent Start) (G1 Evacuation Pause) 758M->250M(850M) 4.627ms
[561.766s][info][gc,cpu      ] GC(762) User=0.01s Sys=0.00s Real=0.00s
[561.766s][info][gc          ] GC(763) Concurrent Mark Cycle
[561.767s][info][gc,marking  ] GC(763) Concurrent Scan Root Regions
[561.769s][info][gc,marking  ] GC(763) Concurrent Scan Root Regions 2.087ms
[561.769s][info][gc,marking  ] GC(763) Concurrent Mark
[561.769s][info][gc,marking  ] GC(763) Concurrent Mark From Roots
[561.769s][info][gc,task     ] GC(763) Using 1 workers of 1 for marking
[561.811s][info][gc,marking  ] GC(763) Concurrent Mark From Roots 42.751ms
[561.812s][info][gc,marking  ] GC(763) Concurrent Preclean
[561.812s][info][gc,marking  ] GC(763) Concurrent Preclean 0.052ms
[561.812s][info][gc,start    ] GC(763) Pause Remark
[561.822s][info][gc          ] GC(763) Pause Remark 255M->255M(844M) 10.063ms
[561.822s][info][gc,cpu      ] GC(763) User=0.02s Sys=0.01s Real=0.01s
[561.823s][info][gc,marking  ] GC(763) Concurrent Mark 54.073ms
[561.823s][info][gc,marking  ] GC(763) Concurrent Rebuild Remembered Sets and Scrub Regions
[561.850s][info][gc,marking  ] GC(763) Concurrent Rebuild Remembered Sets and Scrub Regions 26.836ms
[561.850s][info][gc,start    ] GC(763) Pause Cleanup
[561.850s][info][gc          ] GC(763) Pause Cleanup 276M->276M(844M) 0.068ms
[561.850s][info][gc,cpu      ] GC(763) User=0.00s Sys=0.00s Real=0.00s
[561.850s][info][gc,marking  ] GC(763) Concurrent Clear Claimed Marks
[561.850s][info][gc,marking  ] GC(763) Concurrent Clear Claimed Marks 0.229ms
[561.850s][info][gc,marking  ] GC(763) Concurrent Cleanup for Next Mark
[561.853s][info][gc,marking  ] GC(763) Concurrent Cleanup for Next Mark 2.482ms
[561.853s][info][gc          ] GC(763) Concurrent Mark Cycle 86.254ms
[563.028s][info][gc,start    ] GC(764) Pause Young (Prepare Mixed) (G1 Evacuation Pause)
[563.028s][info][gc,task     ] GC(764) Using 2 workers of 2 for evacuation
[563.032s][info][gc,phases   ] GC(764)   Pre Evacuate Collection Set: 0.29ms
[563.032s][info][gc,phases   ] GC(764)   Merge Heap Roots: 0.16ms
[563.032s][info][gc,phases   ] GC(764)   Evacuate Collection Set: 3.34ms
[563.032s][info][gc,phases   ] GC(764)   Post Evacuate Collection Set: 0.75ms
[563.032s][info][gc,phases   ] GC(764)   Other: 0.08ms
[563.032s][info][gc,heap     ] GC(764) Eden regions: 504->0(504)
[563.032s][info][gc,heap     ] GC(764) Survivor regions: 2->2(64)
[563.032s][info][gc,heap     ] GC(764) Old regions: 44->45
[563.032s][info][gc,heap     ] GC(764) Humongous regions: 207->207
[563.032s][info][gc,metaspace] GC(764) Metaspace: 57795K(58112K)->57795K(58112K) NonClass: 52175K(52416K)->52175K(52416K) Class: 5620K(5696K)->5620K(5696K)
[563.032s][info][gc          ] GC(764) Pause Young (Prepare Mixed) (G1 Evacuation Pause) 754M->250M(844M) 4.800ms
[563.032s][info][gc,cpu      ] GC(764) User=0.01s Sys=0.01s Real=0.01s
[564.234s][info][gc,start    ] GC(765) Pause Young (Mixed) (G1 Evacuation Pause)
[564.234s][info][gc,task     ] GC(765) Using 2 workers of 2 for evacuation
[564.239s][info][gc,phases   ] GC(765)   Pre Evacuate Collection Set: 0.31ms
[564.239s][info][gc,phases   ] GC(765)   Merge Heap Roots: 0.15ms
[564.239s][info][gc,phases   ] GC(765)   Evacuate Collection Set: 3.85ms
[564.239s][info][gc,phases   ] GC(765)   Post Evacuate Collection Set: 0.76ms
[564.239s][info][gc,phases   ] GC(765)   Other: 0.10ms
[564.240s][info][gc,heap     ] GC(765) Eden regions: 504->0(503)
[564.240s][info][gc,heap     ] GC(765) Survivor regions: 2->3(64)
[564.240s][info][gc,heap     ] GC(765) Old regions: 45->43
[564.240s][info][gc,heap     ] GC(765) Humongous regions: 207->207
[564.240s][info][gc,metaspace] GC(765) Metaspace: 57795K(58112K)->57795K(58112K) NonClass: 52175K(52416K)->52175K(52416K) Class: 5620K(5696K)->5620K(5696K)
[564.240s][info][gc          ] GC(765) Pause Young (Mixed) (G1 Evacuation Pause) 754M->249M(844M) 5.369ms
[564.240s][info][gc,cpu      ] GC(765) User=0.01s Sys=0.00s Real=0.00s
[565.439s][info][gc,start    ] GC(766) Pause Young (Concurrent Start) (G1 Evacuation Pause)
[565.439s][info][gc,task     ] GC(766) Using 2 workers of 2 for evacuation
[565.445s][info][gc,phases   ] GC(766)   Pre Evacuate Collection Set: 0.28ms
[565.445s][info][gc,phases   ] GC(766)   Merge Heap Roots: 0.15ms
[565.445s][info][gc,phases   ] GC(766)   Evacuate Collection Set: 4.76ms
[565.445s][info][gc,phases   ] GC(766)   Post Evacuate Collection Set: 0.79ms
[565.445s][info][gc,phases   ] GC(766)   Other: 0.10ms
[565.445s][info][gc,heap     ] GC(766) Eden regions: 503->0(502)
[565.445s][info][gc,heap     ] GC(766) Survivor regions: 3->4(64)
[565.445s][info][gc,heap     ] GC(766) Old regions: 43->43
[565.445s][info][gc,heap     ] GC(766) Humongous regions: 207->207
[565.445s][info][gc,metaspace] GC(766) Metaspace: 57795K(58112K)->57795K(58112K) NonClass: 52175K(52416K)->52175K(52416K) Class: 5620K(5696K)->5620K(5696K)
[565.445s][info][gc          ] GC(766) Pause Young (Concurrent Start) (G1 Evacuation Pause) 752M->250M(844M) 6.255ms
[565.445s][info][gc,cpu      ] GC(766) User=0.01s Sys=0.00s Real=0.01s
[565.445s][info][gc          ] GC(767) Concurrent Mark Cycle
[565.447s][info][gc,marking  ] GC(767) Concurrent Scan Root Regions
[565.453s][info][gc,marking  ] GC(767) Concurrent Scan Root Regions 5.812ms
[565.453s][info][gc,marking  ] GC(767) Concurrent Mark
[565.453s][info][gc,marking  ] GC(767) Concurrent Mark From Roots
[565.453s][info][gc,task     ] GC(767) Using 1 workers of 1 for marking
[565.506s][info][gc,marking  ] GC(767) Concurrent Mark From Roots 52.513ms
[565.506s][info][gc,marking  ] GC(767) Concurrent Preclean
[565.506s][info][gc,marking  ] GC(767) Concurrent Preclean 0.065ms
[565.506s][info][gc,start    ] GC(767) Pause Remark
[565.516s][info][gc          ] GC(767) Pause Remark 276M->276M(844M) 10.056ms
[565.516s][info][gc,cpu      ] GC(767) User=0.02s Sys=0.00s Real=0.01s
[565.516s][info][gc,marking  ] GC(767) Concurrent Mark 63.150ms
[565.516s][info][gc,marking  ] GC(767) Concurrent Rebuild Remembered Sets and Scrub Regions
[565.548s][info][gc,marking  ] GC(767) Concurrent Rebuild Remembered Sets and Scrub Regions 31.445ms
[565.548s][info][gc,start    ] GC(767) Pause Cleanup
[565.548s][info][gc          ] GC(767) Pause Cleanup 299M->299M(844M) 0.081ms
[565.548s][info][gc,cpu      ] GC(767) User=0.00s Sys=0.00s Real=0.00s
[565.549s][info][gc,marking  ] GC(767) Concurrent Clear Claimed Marks
[565.549s][info][gc,marking  ] GC(767) Concurrent Clear Claimed Marks 0.099ms
[565.549s][info][gc,marking  ] GC(767) Concurrent Cleanup for Next Mark
[565.553s][info][gc,marking  ] GC(767) Concurrent Cleanup for Next Mark 4.111ms
[565.553s][info][gc          ] GC(767) Concurrent Mark Cycle 108.204ms
[566.642s][info][gc,start    ] GC(768) Pause Young (Prepare Mixed) (G1 Evacuation Pause)
[566.642s][info][gc,task     ] GC(768) Using 2 workers of 2 for evacuation
[566.647s][info][gc,phases   ] GC(768)   Pre Evacuate Collection Set: 0.29ms
[566.647s][info][gc,phases   ] GC(768)   Merge Heap Roots: 0.17ms
[566.647s][info][gc,phases   ] GC(768)   Evacuate Collection Set: 4.36ms
[566.647s][info][gc,phases   ] GC(768)   Post Evacuate Collection Set: 0.76ms
[566.647s][info][gc,phases   ] GC(768)   Other: 0.08ms
[566.647s][info][gc,heap     ] GC(768) Eden regions: 502->0(502)
[566.647s][info][gc,heap     ] GC(768) Survivor regions: 4->4(64)
[566.647s][info][gc,heap     ] GC(768) Old regions: 43->43
[566.647s][info][gc,heap     ] GC(768) Humongous regions: 207->207
[566.647s][info][gc,metaspace] GC(768) Metaspace: 57795K(58112K)->57795K(58112K) NonClass: 52175K(52416K)->52175K(52416K) Class: 5620K(5696K)->5620K(5696K)
[566.647s][info][gc          ] GC(768) Pause Young (Prepare Mixed) (G1 Evacuation Pause) 752M->250M(844M) 5.870ms
[566.647s][info][gc,cpu      ] GC(768) User=0.01s Sys=0.00s Real=0.00s
[567.849s][info][gc,start    ] GC(769) Pause Young (Mixed) (G1 Evacuation Pause)
[567.849s][info][gc,task     ] GC(769) Using 2 workers of 2 for evacuation
[567.855s][info][gc,phases   ] GC(769)   Pre Evacuate Collection Set: 0.29ms
[567.855s][info][gc,phases   ] GC(769)   Merge Heap Roots: 0.16ms
[567.855s][info][gc,phases   ] GC(769)   Evacuate Collection Set: 5.15ms
[567.855s][info][gc,phases   ] GC(769)   Post Evacuate Collection Set: 0.78ms
[567.855s][info][gc,phases   ] GC(769)   Other: 0.08ms
[567.855s][info][gc,heap     ] GC(769) Eden regions: 502->0(503)
[567.855s][info][gc,heap     ] GC(769) Survivor regions: 4->3(64)
[567.855s][info][gc,heap     ] GC(769) Old regions: 43->41
[567.855s][info][gc,heap     ] GC(769) Humongous regions: 207->207
[567.855s][info][gc,metaspace] GC(769) Metaspace: 57795K(58112K)->57795K(58112K) NonClass: 52175K(52416K)->52175K(52416K) Class: 5620K(5696K)->5620K(5696K)
[567.855s][info][gc          ] GC(769) Pause Young (Mixed) (G1 Evacuation Pause) 752M->249M(844M) 6.629ms
[567.855s][info][gc,cpu      ] GC(769) User=0.01s Sys=0.00s Real=0.01s
[569.065s][info][gc,start    ] GC(770) Pause Young (Concurrent Start) (G1 Evacuation Pause)
[569.065s][info][gc,task     ] GC(770) Using 2 workers of 2 for evacuation
[569.070s][info][gc,phases   ] GC(770)   Pre Evacuate Collection Set: 0.34ms
[569.070s][info][gc,phases   ] GC(770)   Merge Heap Roots: 0.14ms
[569.070s][info][gc,phases   ] GC(770)   Evacuate Collection Set: 3.11ms
[569.070s][info][gc,phases   ] GC(770)   Post Evacuate Collection Set: 0.76ms
[569.070s][info][gc,phases   ] GC(770)   Other: 0.11ms
[569.070s][info][gc,heap     ] GC(770) Eden regions: 503->0(504)
[569.070s][info][gc,heap     ] GC(770) Survivor regions: 3->2(64)
[569.070s][info][gc,heap     ] GC(770) Old regions: 41->41
[569.070s][info][gc,heap     ] GC(770) Humongous regions: 207->207
[569.070s][info][gc,metaspace] GC(770) Metaspace: 57795K(58112K)->57795K(58112K) NonClass: 52175K(52416K)->52175K(52416K) Class: 5620K(5696K)->5620K(5696K)
[569.070s][info][gc          ] GC(770) Pause Young (Concurrent Start) (G1 Evacuation Pause) 752M->248M(844M) 4.635ms
[569.070s][info][gc,cpu      ] GC(770) User=0.00s Sys=0.00s Real=0.00s
[569.070s][info][gc          ] GC(771) Concurrent Mark Cycle
[569.070s][info][gc,marking  ] GC(771) Concurrent Scan Root Regions
[569.073s][info][gc,marking  ] GC(771) Concurrent Scan Root Regions 2.407ms
[569.073s][info][gc,marking  ] GC(771) Concurrent Mark
[569.073s][info][gc,marking  ] GC(771) Concurrent Mark From Roots
[569.073s][info][gc,task     ] GC(771) Using 1 workers of 1 for marking
[569.114s][info][gc,marking  ] GC(771) Concurrent Mark From Roots 40.777ms
[569.114s][info][gc,marking  ] GC(771) Concurrent Preclean
[569.114s][info][gc,marking  ] GC(771) Concurrent Preclean 0.057ms
[569.114s][info][gc,start    ] GC(771) Pause Remark
[569.124s][info][gc          ] GC(771) Pause Remark 253M->253M(834M) 10.050ms
[569.124s][info][gc,cpu      ] GC(771) User=0.01s Sys=0.00s Real=0.01s
[569.124s][info][gc,marking  ] GC(771) Concurrent Mark 51.704ms
[569.125s][info][gc,marking  ] GC(771) Concurrent Rebuild Remembered Sets and Scrub Regions
[569.153s][info][gc,marking  ] GC(771) Concurrent Rebuild Remembered Sets and Scrub Regions 27.667ms
[569.153s][info][gc,start    ] GC(771) Pause Cleanup
[569.153s][info][gc          ] GC(771) Pause Cleanup 275M->275M(834M) 0.083ms
[569.153s][info][gc,cpu      ] GC(771) User=0.00s Sys=0.00s Real=0.00s
[569.154s][info][gc,marking  ] GC(771) Concurrent Clear Claimed Marks
[569.155s][info][gc,marking  ] GC(771) Concurrent Clear Claimed Marks 0.102ms
[569.155s][info][gc,marking  ] GC(771) Concurrent Cleanup for Next Mark
[569.159s][info][gc,marking  ] GC(771) Concurrent Cleanup for Next Mark 4.390ms
[569.159s][info][gc          ] GC(771) Concurrent Mark Cycle 88.966ms
[570.258s][info][gc,start    ] GC(772) Pause Young (Prepare Mixed) (G1 Evacuation Pause)
[570.258s][info][gc,task     ] GC(772) Using 2 workers of 2 for evacuation
[570.263s][info][gc,phases   ] GC(772)   Pre Evacuate Collection Set: 0.31ms
[570.263s][info][gc,phases   ] GC(772)   Merge Heap Roots: 0.18ms
[570.263s][info][gc,phases   ] GC(772)   Evacuate Collection Set: 3.28ms
[570.263s][info][gc,phases   ] GC(772)   Post Evacuate Collection Set: 0.80ms
[570.263s][info][gc,phases   ] GC(772)   Other: 0.09ms
[570.263s][info][gc,heap     ] GC(772) Eden regions: 498->0(498)
[570.263s][info][gc,heap     ] GC(772) Survivor regions: 2->2(63)
[570.263s][info][gc,heap     ] GC(772) Old regions: 41->42
[570.263s][info][gc,heap     ] GC(772) Humongous regions: 207->207
[570.263s][info][gc,metaspace] GC(772) Metaspace: 57795K(58112K)->57795K(58112K) NonClass: 52175K(52416K)->52175K(52416K) Class: 5620K(5696K)->5620K(5696K)
[570.263s][info][gc          ] GC(772) Pause Young (Prepare Mixed) (G1 Evacuation Pause) 746M->248M(834M) 4.837ms
[570.263s][info][gc,cpu      ] GC(772) User=0.01s Sys=0.00s Real=0.01s
[571.461s][info][gc,start    ] GC(773) Pause Young (Mixed) (G1 Evacuation Pause)
[571.462s][info][gc,task     ] GC(773) Using 2 workers of 2 for evacuation
[571.467s][info][gc,phases   ] GC(773)   Pre Evacuate Collection Set: 0.29ms
[571.467s][info][gc,phases   ] GC(773)   Merge Heap Roots: 0.14ms
[571.467s][info][gc,phases   ] GC(773)   Evacuate Collection Set: 3.76ms
[571.467s][info][gc,phases   ] GC(773)   Post Evacuate Collection Set: 0.78ms
[571.467s][info][gc,phases   ] GC(773)   Other: 0.09ms
[571.467s][info][gc,heap     ] GC(773) Eden regions: 498->0(498)
[571.467s][info][gc,heap     ] GC(773) Survivor regions: 2->2(63)
[571.467s][info][gc,heap     ] GC(773) Old regions: 42->40
[571.467s][info][gc,heap     ] GC(773) Humongous regions: 207->207
[571.467s][info][gc,metaspace] GC(773) Metaspace: 57795K(58112K)->57795K(58112K) NonClass: 52175K(52416K)->52175K(52416K) Class: 5620K(5696K)->5620K(5696K)
[571.467s][info][gc          ] GC(773) Pause Young (Mixed) (G1 Evacuation Pause) 746M->247M(834M) 5.226ms
[571.467s][info][gc,cpu      ] GC(773) User=0.01s Sys=0.00s Real=0.00s
[572.761s][info][gc,start    ] GC(774) Pause Young (Concurrent Start) (G1 Evacuation Pause)
[572.761s][info][gc,task     ] GC(774) Using 2 workers of 2 for evacuation
[572.766s][info][gc,phases   ] GC(774)   Pre Evacuate Collection Set: 0.32ms
[572.766s][info][gc,phases   ] GC(774)   Merge Heap Roots: 0.16ms
[572.766s][info][gc,phases   ] GC(774)   Evacuate Collection Set: 3.60ms
[572.767s][info][gc,phases   ] GC(774)   Post Evacuate Collection Set: 0.76ms
[572.767s][info][gc,phases   ] GC(774)   Other: 0.14ms
[572.767s][info][gc,heap     ] GC(774) Eden regions: 498->0(498)
[572.767s][info][gc,heap     ] GC(774) Survivor regions: 2->2(63)
[572.767s][info][gc,heap     ] GC(774) Old regions: 40->40
[572.767s][info][gc,heap     ] GC(774) Humongous regions: 207->207
[572.767s][info][gc,metaspace] GC(774) Metaspace: 57795K(58112K)->57795K(58112K) NonClass: 52175K(52416K)->52175K(52416K) Class: 5620K(5696K)->5620K(5696K)
[572.767s][info][gc          ] GC(774) Pause Young (Concurrent Start) (G1 Evacuation Pause) 745M->247M(834M) 5.147ms
[572.767s][info][gc,cpu      ] GC(774) User=0.01s Sys=0.00s Real=0.00s
[572.767s][info][gc          ] GC(775) Concurrent Mark Cycle
[572.767s][info][gc,marking  ] GC(775) Concurrent Scan Root Regions
[572.770s][info][gc,marking  ] GC(775) Concurrent Scan Root Regions 3.797ms
[572.770s][info][gc,marking  ] GC(775) Concurrent Mark
[572.771s][info][gc,marking  ] GC(775) Concurrent Mark From Roots
[572.771s][info][gc,task     ] GC(775) Using 1 workers of 1 for marking
[572.815s][info][gc,marking  ] GC(775) Concurrent Mark From Roots 44.876ms
[572.815s][info][gc,marking  ] GC(775) Concurrent Preclean
[572.816s][info][gc,marking  ] GC(775) Concurrent Preclean 0.060ms
[572.816s][info][gc,start    ] GC(775) Pause Remark
[572.827s][info][gc          ] GC(775) Pause Remark 254M->254M(830M) 11.410ms
[572.827s][info][gc,cpu      ] GC(775) User=0.02s Sys=0.00s Real=0.01s
[572.828s][info][gc,marking  ] GC(775) Concurrent Mark 57.715ms
[572.828s][info][gc,marking  ] GC(775) Concurrent Rebuild Remembered Sets and Scrub Regions
[572.857s][info][gc,marking  ] GC(775) Concurrent Rebuild Remembered Sets and Scrub Regions 29.224ms
[572.858s][info][gc,start    ] GC(775) Pause Cleanup
[572.858s][info][gc          ] GC(775) Pause Cleanup 280M->280M(830M) 0.073ms
[572.858s][info][gc,cpu      ] GC(775) User=0.00s Sys=0.00s Real=0.00s
[572.858s][info][gc,marking  ] GC(775) Concurrent Clear Claimed Marks
[572.858s][info][gc,marking  ] GC(775) Concurrent Clear Claimed Marks 0.086ms
[572.858s][info][gc,marking  ] GC(775) Concurrent Cleanup for Next Mark
[572.861s][info][gc,marking  ] GC(775) Concurrent Cleanup for Next Mark 3.088ms
[572.861s][info][gc          ] GC(775) Concurrent Mark Cycle 94.316ms
[573.963s][info][gc,start    ] GC(776) Pause Young (Prepare Mixed) (G1 Evacuation Pause)
[573.963s][info][gc,task     ] GC(776) Using 2 workers of 2 for evacuation
[573.967s][info][gc,phases   ] GC(776)   Pre Evacuate Collection Set: 0.30ms
[573.967s][info][gc,phases   ] GC(776)   Merge Heap Roots: 0.16ms
[573.967s][info][gc,phases   ] GC(776)   Evacuate Collection Set: 2.30ms
[573.967s][info][gc,phases   ] GC(776)   Post Evacuate Collection Set: 0.76ms
[573.967s][info][gc,phases   ] GC(776)   Other: 0.09ms
[573.967s][info][gc,heap     ] GC(776) Eden regions: 496->0(497)
[573.967s][info][gc,heap     ] GC(776) Survivor regions: 2->1(63)
[573.967s][info][gc,heap     ] GC(776) Old regions: 40->41
[573.967s][info][gc,heap     ] GC(776) Humongous regions: 207->207
[573.967s][info][gc,metaspace] GC(776) Metaspace: 57795K(58112K)->57795K(58112K) NonClass: 52175K(52416K)->52175K(52416K) Class: 5620K(5696K)->5620K(5696K)
[573.967s][info][gc          ] GC(776) Pause Young (Prepare Mixed) (G1 Evacuation Pause) 743M->246M(830M) 3.772ms
[573.967s][info][gc,cpu      ] GC(776) User=0.00s Sys=0.00s Real=0.00s
[575.167s][info][gc,start    ] GC(777) Pause Young (Mixed) (G1 Evacuation Pause)
[575.167s][info][gc,task     ] GC(777) Using 2 workers of 2 for evacuation
[575.172s][info][gc,phases   ] GC(777)   Pre Evacuate Collection Set: 0.33ms
[575.172s][info][gc,phases   ] GC(777)   Merge Heap Roots: 0.15ms
[575.172s][info][gc,phases   ] GC(777)   Evacuate Collection Set: 3.15ms
[575.172s][info][gc,phases   ] GC(777)   Post Evacuate Collection Set: 0.76ms
[575.172s][info][gc,phases   ] GC(777)   Other: 0.10ms
[575.172s][info][gc,heap     ] GC(777) Eden regions: 497->0(496)
[575.172s][info][gc,heap     ] GC(777) Survivor regions: 1->2(63)
[575.172s][info][gc,heap     ] GC(777) Old regions: 41->39
[575.172s][info][gc,heap     ] GC(777) Humongous regions: 207->207
[575.172s][info][gc,metaspace] GC(777) Metaspace: 57795K(58112K)->57795K(58112K) NonClass: 52175K(52416K)->52175K(52416K) Class: 5620K(5696K)->5620K(5696K)
[575.172s][info][gc          ] GC(777) Pause Young (Mixed) (G1 Evacuation Pause) 743M->245M(830M) 4.668ms
[575.172s][info][gc,cpu      ] GC(777) User=0.00s Sys=0.00s Real=0.01s
[576.367s][info][gc,start    ] GC(778) Pause Young (Concurrent Start) (G1 Evacuation Pause)
[576.368s][info][gc,task     ] GC(778) Using 2 workers of 2 for evacuation
[576.371s][info][gc,phases   ] GC(778)   Pre Evacuate Collection Set: 0.32ms
[576.371s][info][gc,phases   ] GC(778)   Merge Heap Roots: 0.14ms
[576.371s][info][gc,phases   ] GC(778)   Evacuate Collection Set: 2.57ms
[576.371s][info][gc,phases   ] GC(778)   Post Evacuate Collection Set: 0.74ms
[576.371s][info][gc,phases   ] GC(778)   Other: 0.11ms
[576.371s][info][gc,heap     ] GC(778) Eden regions: 496->0(497)
[576.371s][info][gc,heap     ] GC(778) Survivor regions: 2->1(63)
[576.371s][info][gc,heap     ] GC(778) Old regions: 39->39
[576.371s][info][gc,heap     ] GC(778) Humongous regions: 207->207
[576.371s][info][gc,metaspace] GC(778) Metaspace: 57795K(58112K)->57795K(58112K) NonClass: 52175K(52416K)->52175K(52416K) Class: 5620K(5696K)->5620K(5696K)
[576.372s][info][gc          ] GC(778) Pause Young (Concurrent Start) (G1 Evacuation Pause) 741M->245M(830M) 4.049ms
[576.372s][info][gc,cpu      ] GC(778) User=0.01s Sys=0.00s Real=0.01s
[576.372s][info][gc          ] GC(779) Concurrent Mark Cycle
[576.372s][info][gc,marking  ] GC(779) Concurrent Scan Root Regions
[576.374s][info][gc,marking  ] GC(779) Concurrent Scan Root Regions 2.513ms
[576.374s][info][gc,marking  ] GC(779) Concurrent Mark
[576.374s][info][gc,marking  ] GC(779) Concurrent Mark From Roots
[576.374s][info][gc,task     ] GC(779) Using 1 workers of 1 for marking
[576.414s][info][gc,marking  ] GC(779) Concurrent Mark From Roots 39.923ms
[576.414s][info][gc,marking  ] GC(779) Concurrent Preclean
[576.414s][info][gc,marking  ] GC(779) Concurrent Preclean 0.052ms
[576.414s][info][gc,start    ] GC(779) Pause Remark
[576.424s][info][gc          ] GC(779) Pause Remark 247M->247M(824M) 10.138ms
[576.424s][info][gc,cpu      ] GC(779) User=0.02s Sys=0.00s Real=0.01s
[576.426s][info][gc,marking  ] GC(779) Concurrent Mark 51.489ms
[576.426s][info][gc,marking  ] GC(779) Concurrent Rebuild Remembered Sets and Scrub Regions
[576.446s][info][gc,marking  ] GC(779) Concurrent Rebuild Remembered Sets and Scrub Regions 20.313ms
[576.446s][info][gc,start    ] GC(779) Pause Cleanup
[576.446s][info][gc          ] GC(779) Pause Cleanup 262M->262M(824M) 0.068ms
[576.446s][info][gc,cpu      ] GC(779) User=0.00s Sys=0.00s Real=0.00s
[576.446s][info][gc,marking  ] GC(779) Concurrent Clear Claimed Marks
[576.446s][info][gc,marking  ] GC(779) Concurrent Clear Claimed Marks 0.094ms
[576.446s][info][gc,marking  ] GC(779) Concurrent Cleanup for Next Mark
[576.449s][info][gc,marking  ] GC(779) Concurrent Cleanup for Next Mark 2.418ms
[576.449s][info][gc          ] GC(779) Concurrent Mark Cycle 77.253ms
[577.559s][info][gc,start    ] GC(780) Pause Young (Prepare Mixed) (G1 Evacuation Pause)
[577.559s][info][gc,task     ] GC(780) Using 2 workers of 2 for evacuation
[577.564s][info][gc,phases   ] GC(780)   Pre Evacuate Collection Set: 0.30ms
[577.564s][info][gc,phases   ] GC(780)   Merge Heap Roots: 0.16ms
[577.564s][info][gc,phases   ] GC(780)   Evacuate Collection Set: 3.40ms
[577.564s][info][gc,phases   ] GC(780)   Post Evacuate Collection Set: 0.77ms
[577.564s][info][gc,phases   ] GC(780)   Other: 0.08ms
[577.564s][info][gc,heap     ] GC(780) Eden regions: 493->0(491)
[577.564s][info][gc,heap     ] GC(780) Survivor regions: 1->3(62)
[577.564s][info][gc,heap     ] GC(780) Old regions: 39->40
[577.564s][info][gc,heap     ] GC(780) Humongous regions: 207->207
[577.564s][info][gc,metaspace] GC(780) Metaspace: 57795K(58112K)->57795K(58112K) NonClass: 52175K(52416K)->52175K(52416K) Class: 5620K(5696K)->5620K(5696K)
[577.564s][info][gc          ] GC(780) Pause Young (Prepare Mixed) (G1 Evacuation Pause) 738M->247M(824M) 4.886ms
[577.564s][info][gc,cpu      ] GC(780) User=0.01s Sys=0.01s Real=0.01s
[578.747s][info][gc,start    ] GC(781) Pause Young (Mixed) (G1 Evacuation Pause)
[578.747s][info][gc,task     ] GC(781) Using 2 workers of 2 for evacuation
[578.754s][info][gc,phases   ] GC(781)   Pre Evacuate Collection Set: 0.29ms
[578.754s][info][gc,phases   ] GC(781)   Merge Heap Roots: 0.16ms
[578.754s][info][gc,phases   ] GC(781)   Evacuate Collection Set: 5.55ms
[578.754s][info][gc,phases   ] GC(781)   Post Evacuate Collection Set: 0.79ms
[578.754s][info][gc,phases   ] GC(781)   Other: 0.10ms
[578.754s][info][gc,heap     ] GC(781) Eden regions: 491->0(490)
[578.754s][info][gc,heap     ] GC(781) Survivor regions: 3->4(62)
[578.754s][info][gc,heap     ] GC(781) Old regions: 40->38
[578.754s][info][gc,heap     ] GC(781) Humongous regions: 207->207
[578.754s][info][gc,metaspace] GC(781) Metaspace: 57795K(58112K)->57795K(58112K) NonClass: 52175K(52416K)->52175K(52416K) Class: 5620K(5696K)->5620K(5696K)
[578.754s][info][gc          ] GC(781) Pause Young (Mixed) (G1 Evacuation Pause) 738M->247M(824M) 7.053ms
[578.754s][info][gc,cpu      ] GC(781) User=0.01s Sys=0.00s Real=0.01s
[579.936s][info][gc,start    ] GC(782) Pause Young (Concurrent Start) (G1 Evacuation Pause)
[579.936s][info][gc,task     ] GC(782) Using 2 workers of 2 for evacuation
[579.941s][info][gc,phases   ] GC(782)   Pre Evacuate Collection Set: 0.31ms
[579.942s][info][gc,phases   ] GC(782)   Merge Heap Roots: 0.14ms
[579.942s][info][gc,phases   ] GC(782)   Evacuate Collection Set: 3.92ms
[579.942s][info][gc,phases   ] GC(782)   Post Evacuate Collection Set: 0.76ms
[579.942s][info][gc,phases   ] GC(782)   Other: 0.10ms
[579.942s][info][gc,heap     ] GC(782) Eden regions: 490->0(491)
[579.942s][info][gc,heap     ] GC(782) Survivor regions: 4->3(62)
[579.942s][info][gc,heap     ] GC(782) Old regions: 38->38
[579.942s][info][gc,heap     ] GC(782) Humongous regions: 207->207
[579.942s][info][gc,metaspace] GC(782) Metaspace: 57795K(58112K)->57795K(58112K) NonClass: 52175K(52416K)->52175K(52416K) Class: 5620K(5696K)->5620K(5696K)
[579.942s][info][gc          ] GC(782) Pause Young (Concurrent Start) (G1 Evacuation Pause) 737M->246M(824M) 5.412ms
[579.942s][info][gc,cpu      ] GC(782) User=0.01s Sys=0.01s Real=0.01s
[579.942s][info][gc          ] GC(783) Concurrent Mark Cycle
[579.945s][info][gc,marking  ] GC(783) Concurrent Scan Root Regions
[579.949s][info][gc,marking  ] GC(783) Concurrent Scan Root Regions 4.411ms
[579.949s][info][gc,marking  ] GC(783) Concurrent Mark
[579.949s][info][gc,marking  ] GC(783) Concurrent Mark From Roots
[579.949s][info][gc,task     ] GC(783) Using 1 workers of 1 for marking
[579.997s][info][gc,marking  ] GC(783) Concurrent Mark From Roots 47.584ms
[579.997s][info][gc,marking  ] GC(783) Concurrent Preclean
[579.997s][info][gc,marking  ] GC(783) Concurrent Preclean 0.059ms
[579.997s][info][gc,start    ] GC(783) Pause Remark
[580.007s][info][gc          ] GC(783) Pause Remark 273M->273M(824M) 10.014ms
[580.007s][info][gc,cpu      ] GC(783) User=0.02s Sys=0.00s Real=0.01s
[580.007s][info][gc,marking  ] GC(783) Concurrent Mark 58.178ms
[580.007s][info][gc,marking  ] GC(783) Concurrent Rebuild Remembered Sets and Scrub Regions
[580.024s][info][gc,marking  ] GC(783) Concurrent Rebuild Remembered Sets and Scrub Regions 16.341ms
[580.024s][info][gc,start    ] GC(783) Pause Cleanup
[580.024s][info][gc          ] GC(783) Pause Cleanup 276M->276M(824M) 0.066ms
[580.024s][info][gc,cpu      ] GC(783) User=0.00s Sys=0.00s Real=0.00s
[580.024s][info][gc,marking  ] GC(783) Concurrent Clear Claimed Marks
[580.024s][info][gc,marking  ] GC(783) Concurrent Clear Claimed Marks 0.079ms
[580.024s][info][gc,marking  ] GC(783) Concurrent Cleanup for Next Mark
[580.027s][info][gc,marking  ] GC(783) Concurrent Cleanup for Next Mark 2.390ms
[580.027s][info][gc          ] GC(783) Concurrent Mark Cycle 85.033ms
[581.131s][info][gc,start    ] GC(784) Pause Young (Prepare Mixed) (G1 Evacuation Pause)
[581.131s][info][gc,task     ] GC(784) Using 2 workers of 2 for evacuation
[581.135s][info][gc,phases   ] GC(784)   Pre Evacuate Collection Set: 0.28ms
[581.135s][info][gc,phases   ] GC(784)   Merge Heap Roots: 0.16ms
[581.135s][info][gc,phases   ] GC(784)   Evacuate Collection Set: 3.22ms
[581.135s][info][gc,phases   ] GC(784)   Post Evacuate Collection Set: 0.76ms
[581.135s][info][gc,phases   ] GC(784)   Other: 0.08ms
[581.135s][info][gc,heap     ] GC(784) Eden regions: 491->0(492)
[581.135s][info][gc,heap     ] GC(784) Survivor regions: 3->2(62)
[581.135s][info][gc,heap     ] GC(784) Old regions: 38->38
[581.135s][info][gc,heap     ] GC(784) Humongous regions: 207->207
[581.135s][info][gc,metaspace] GC(784) Metaspace: 57795K(58112K)->57795K(58112K) NonClass: 52175K(52416K)->52175K(52416K) Class: 5620K(5696K)->5620K(5696K)
[581.136s][info][gc          ] GC(784) Pause Young (Prepare Mixed) (G1 Evacuation Pause) 737M->246M(824M) 4.681ms
[581.136s][info][gc,cpu      ] GC(784) User=0.01s Sys=0.00s Real=0.00s
[582.332s][info][gc,start    ] GC(785) Pause Young (Mixed) (G1 Evacuation Pause)
[582.332s][info][gc,task     ] GC(785) Using 2 workers of 2 for evacuation
[582.338s][info][gc,phases   ] GC(785)   Pre Evacuate Collection Set: 0.29ms
[582.338s][info][gc,phases   ] GC(785)   Merge Heap Roots: 0.16ms
[582.338s][info][gc,phases   ] GC(785)   Evacuate Collection Set: 4.46ms
[582.338s][info][gc,phases   ] GC(785)   Post Evacuate Collection Set: 0.75ms
[582.338s][info][gc,phases   ] GC(785)   Other: 0.08ms
[582.338s][info][gc,heap     ] GC(785) Eden regions: 492->0(492)
[582.338s][info][gc,heap     ] GC(785) Survivor regions: 2->2(62)
[582.338s][info][gc,heap     ] GC(785) Old regions: 38->37
[582.338s][info][gc,heap     ] GC(785) Humongous regions: 207->207
[582.338s][info][gc,metaspace] GC(785) Metaspace: 57795K(58112K)->57795K(58112K) NonClass: 52175K(52416K)->52175K(52416K) Class: 5620K(5696K)->5620K(5696K)
[582.338s][info][gc          ] GC(785) Pause Young (Mixed) (G1 Evacuation Pause) 738M->245M(824M) 5.936ms
[582.338s][info][gc,cpu      ] GC(785) User=0.01s Sys=0.00s Real=0.00s
[583.548s][info][gc,start    ] GC(786) Pause Young (Concurrent Start) (G1 Evacuation Pause)
[583.548s][info][gc,task     ] GC(786) Using 2 workers of 2 for evacuation
[583.557s][info][gc,phases   ] GC(786)   Pre Evacuate Collection Set: 0.29ms
[583.557s][info][gc,phases   ] GC(786)   Merge Heap Roots: 0.14ms
[583.557s][info][gc,phases   ] GC(786)   Evacuate Collection Set: 7.80ms
[583.557s][info][gc,phases   ] GC(786)   Post Evacuate Collection Set: 0.72ms
[583.557s][info][gc,phases   ] GC(786)   Other: 0.12ms
[583.557s][info][gc,heap     ] GC(786) Eden regions: 492->0(488)
[583.557s][info][gc,heap     ] GC(786) Survivor regions: 2->6(62)
[583.557s][info][gc,heap     ] GC(786) Old regions: 37->38
[583.557s][info][gc,heap     ] GC(786) Humongous regions: 207->207
[583.557s][info][gc,metaspace] GC(786) Metaspace: 57795K(58112K)->57795K(58112K) NonClass: 52175K(52416K)->52175K(52416K) Class: 5620K(5696K)->5620K(5696K)
[583.557s][info][gc          ] GC(786) Pause Young (Concurrent Start) (G1 Evacuation Pause) 737M->249M(824M) 9.260ms
[583.557s][info][gc,cpu      ] GC(786) User=0.02s Sys=0.00s Real=0.01s
[583.557s][info][gc          ] GC(787) Concurrent Mark Cycle
[583.561s][info][gc,marking  ] GC(787) Concurrent Scan Root Regions
[583.571s][info][gc,marking  ] GC(787) Concurrent Scan Root Regions 10.151ms
[583.571s][info][gc,marking  ] GC(787) Concurrent Mark
[583.571s][info][gc,marking  ] GC(787) Concurrent Mark From Roots
[583.571s][info][gc,task     ] GC(787) Using 1 workers of 1 for marking
[583.652s][info][gc,marking  ] GC(787) Concurrent Mark From Roots 81.415ms
[583.652s][info][gc,marking  ] GC(787) Concurrent Preclean
[583.652s][info][gc,marking  ] GC(787) Concurrent Preclean 0.076ms
[583.653s][info][gc,start    ] GC(787) Pause Remark
[583.663s][info][gc          ] GC(787) Pause Remark 304M->304M(824M) 10.084ms
[583.663s][info][gc,cpu      ] GC(787) User=0.02s Sys=0.00s Real=0.01s
[583.663s][info][gc,marking  ] GC(787) Concurrent Mark 92.470ms
[583.663s][info][gc,marking  ] GC(787) Concurrent Rebuild Remembered Sets and Scrub Regions
[583.687s][info][gc,marking  ] GC(787) Concurrent Rebuild Remembered Sets and Scrub Regions 23.374ms
[583.687s][info][gc,start    ] GC(787) Pause Cleanup
[583.687s][info][gc          ] GC(787) Pause Cleanup 319M->319M(824M) 0.074ms
[583.687s][info][gc,cpu      ] GC(787) User=0.00s Sys=0.00s Real=0.00s
[583.687s][info][gc,marking  ] GC(787) Concurrent Clear Claimed Marks
[583.687s][info][gc,marking  ] GC(787) Concurrent Clear Claimed Marks 0.089ms
[583.687s][info][gc,marking  ] GC(787) Concurrent Cleanup for Next Mark
[583.690s][info][gc,marking  ] GC(787) Concurrent Cleanup for Next Mark 2.487ms
[583.690s][info][gc          ] GC(787) Concurrent Mark Cycle 132.231ms
[584.671s][info][gc,start    ] GC(788) Pause Young (Prepare Mixed) (G1 Evacuation Pause)
[584.671s][info][gc,task     ] GC(788) Using 2 workers of 2 for evacuation
[584.679s][info][gc,phases   ] GC(788)   Pre Evacuate Collection Set: 0.33ms
[584.679s][info][gc,phases   ] GC(788)   Merge Heap Roots: 0.14ms
[584.679s][info][gc,phases   ] GC(788)   Evacuate Collection Set: 6.68ms
[584.679s][info][gc,phases   ] GC(788)   Post Evacuate Collection Set: 0.75ms
[584.679s][info][gc,phases   ] GC(788)   Other: 0.09ms
[584.679s][info][gc,heap     ] GC(788) Eden regions: 488->0(486)
[584.679s][info][gc,heap     ] GC(788) Survivor regions: 6->8(62)
[584.679s][info][gc,heap     ] GC(788) Old regions: 38->38
[584.679s][info][gc,heap     ] GC(788) Humongous regions: 207->207
[584.680s][info][gc,metaspace] GC(788) Metaspace: 57795K(58112K)->57795K(58112K) NonClass: 52175K(52416K)->52175K(52416K) Class: 5620K(5696K)->5620K(5696K)
[584.680s][info][gc          ] GC(788) Pause Young (Prepare Mixed) (G1 Evacuation Pause) 737M->252M(824M) 8.197ms
[584.680s][info][gc,cpu      ] GC(788) User=0.01s Sys=0.00s Real=0.00s
[585.845s][info][gc,start    ] GC(789) Pause Young (Mixed) (G1 Evacuation Pause)
[585.845s][info][gc,task     ] GC(789) Using 2 workers of 2 for evacuation
[585.856s][info][gc,phases   ] GC(789)   Pre Evacuate Collection Set: 0.30ms
[585.856s][info][gc,phases   ] GC(789)   Merge Heap Roots: 0.14ms
[585.856s][info][gc,phases   ] GC(789)   Evacuate Collection Set: 9.70ms
[585.856s][info][gc,phases   ] GC(789)   Post Evacuate Collection Set: 0.82ms
[585.856s][info][gc,phases   ] GC(789)   Other: 0.11ms
[585.856s][info][gc,heap     ] GC(789) Eden regions: 486->0(484)
[585.856s][info][gc,heap     ] GC(789) Survivor regions: 8->10(62)
[585.856s][info][gc,heap     ] GC(789) Old regions: 38->37
[585.856s][info][gc,heap     ] GC(789) Humongous regions: 207->207
[585.856s][info][gc,metaspace] GC(789) Metaspace: 57795K(58112K)->57795K(58112K) NonClass: 52175K(52416K)->52175K(52416K) Class: 5620K(5696K)->5620K(5696K)
[585.856s][info][gc          ] GC(789) Pause Young (Mixed) (G1 Evacuation Pause) 738M->253M(824M) 11.231ms
[585.856s][info][gc,cpu      ] GC(789) User=0.02s Sys=0.00s Real=0.01s
[586.271s][info][gc,start    ] GC(790) Pause Young (Concurrent Start) (G1 Humongous Allocation)
[586.271s][info][gc,task     ] GC(790) Using 2 workers of 2 for evacuation
[586.278s][info][gc,phases   ] GC(790)   Pre Evacuate Collection Set: 0.38ms
[586.278s][info][gc,phases   ] GC(790)   Merge Heap Roots: 0.09ms
[586.278s][info][gc,phases   ] GC(790)   Evacuate Collection Set: 5.73ms
[586.278s][info][gc,phases   ] GC(790)   Post Evacuate Collection Set: 0.52ms
[586.278s][info][gc,phases   ] GC(790)   Other: 0.15ms
[586.278s][info][gc,heap     ] GC(790) Eden regions: 178->0(487)
[586.278s][info][gc,heap     ] GC(790) Survivor regions: 10->7(62)
[586.278s][info][gc,heap     ] GC(790) Old regions: 37->37
[586.278s][info][gc,heap     ] GC(790) Humongous regions: 207->207
[586.278s][info][gc,metaspace] GC(790) Metaspace: 57799K(58112K)->57799K(58112K) NonClass: 52178K(52416K)->52178K(52416K) Class: 5620K(5696K)->5620K(5696K)
[586.278s][info][gc          ] GC(790) Pause Young (Concurrent Start) (G1 Humongous Allocation) 430M->250M(824M) 7.019ms
[586.278s][info][gc,cpu      ] GC(790) User=0.01s Sys=0.00s Real=0.00s
[586.278s][info][gc          ] GC(791) Concurrent Mark Cycle
[586.278s][info][gc,marking  ] GC(791) Concurrent Scan Root Regions
[586.290s][info][gc,marking  ] GC(791) Concurrent Scan Root Regions 11.829ms
[586.290s][info][gc,marking  ] GC(791) Concurrent Mark
[586.290s][info][gc,marking  ] GC(791) Concurrent Mark From Roots
[586.290s][info][gc,task     ] GC(791) Using 1 workers of 1 for marking
[586.343s][info][gc,marking  ] GC(791) Concurrent Mark From Roots 52.374ms
[586.343s][info][gc,marking  ] GC(791) Concurrent Preclean
[586.343s][info][gc,marking  ] GC(791) Concurrent Preclean 0.059ms
[586.346s][info][gc,start    ] GC(791) Pause Remark
[586.356s][info][gc          ] GC(791) Pause Remark 290M->290M(824M) 10.432ms
[586.357s][info][gc,cpu      ] GC(791) User=0.02s Sys=0.00s Real=0.01s
[586.357s][info][gc,marking  ] GC(791) Concurrent Mark 66.804ms
[586.357s][info][gc,marking  ] GC(791) Concurrent Rebuild Remembered Sets and Scrub Regions
[586.373s][info][gc,marking  ] GC(791) Concurrent Rebuild Remembered Sets and Scrub Regions 15.787ms
[586.373s][info][gc,start    ] GC(791) Pause Cleanup
[586.373s][info][gc          ] GC(791) Pause Cleanup 290M->290M(824M) 0.076ms
[586.373s][info][gc,cpu      ] GC(791) User=0.00s Sys=0.00s Real=0.00s
[586.373s][info][gc,marking  ] GC(791) Concurrent Clear Claimed Marks
[586.373s][info][gc,marking  ] GC(791) Concurrent Clear Claimed Marks 0.098ms
[586.373s][info][gc,marking  ] GC(791) Concurrent Cleanup for Next Mark
[586.376s][info][gc,marking  ] GC(791) Concurrent Cleanup for Next Mark 2.457ms
[586.376s][info][gc          ] GC(791) Concurrent Mark Cycle 97.479ms
[587.891s][info][gc,heap,exit] Heap
[587.891s][info][gc,heap,exit]  garbage-first heap   total reserved 1001472K, committed 843776K, used 358270K [0x00000000c2e00000, 0x0000000100000000)
[587.891s][info][gc,heap,exit]   region size 1024K, 28 young (28672K), 7 survivors (7168K)
[587.891s][info][gc,heap,exit]  Metaspace       used 58339K, committed 58624K, reserved 1114112K
[587.891s][info][gc,heap,exit]   class space    used 5766K, committed 5824K, reserved 1048576K
