[0.004s][info][metaspace]  - commit_granule_bytes: 65536.
[0.004s][info][metaspace]  - commit_granule_words: 8192.
[0.004s][info][metaspace]  - virtual_space_node_default_size: 8388608.
[0.004s][info][metaspace]  - enlarge_chunks_in_place: 1.
[0.006s][info][gc,init  ] CardTable entry size: 512
[0.010s][info][gc       ] Using G1
[0.015s][info][gc,init  ] Version: 24-internal-adhoc.root.jdk (release)
[0.015s][info][gc,init  ] CPUs: 2 total, 2 available
[0.015s][info][gc,init  ] Memory: 3908M
[0.015s][info][gc,init  ] Large Page Support: Disabled
[0.015s][info][gc,init  ] NUMA Support: Disabled
[0.015s][info][gc,init  ] Compressed Oops: Enabled (32-bit)
[0.015s][info][gc,init  ] Heap Region Size: 1M
[0.015s][info][gc,init  ] Heap Min Capacity: 256M
[0.015s][info][gc,init  ] Heap Initial Capacity: 256M
[0.015s][info][gc,init  ] Heap Max Capacity: 978M
[0.015s][info][gc,init  ] Pre-touch: Disabled
[0.015s][info][gc,init  ] Parallel Workers: 2
[0.015s][info][gc,init  ] Concurrent Workers: 1
[0.015s][info][gc,init  ] Concurrent Refinement Workers: 2
[0.015s][info][gc,init  ] Periodic GC: Disabled
[0.087s][info][gc,metaspace] CDS archive(s) mapped at: [0x00007f9c46000000-0x00007f9c46dc0000-0x00007f9c46dc0000), size 14417920, SharedBaseAddress: 0x00007f9c46000000, ArchiveRelocationMode: 1.
[0.087s][info][gc,metaspace] Compressed class space mapped at: 0x00007f9c47000000-0x00007f9c87000000, reserved size: 1073741824
[0.087s][info][gc,metaspace] UseCompressedClassPointers 1, UseCompactObjectHeaders 0
[0.087s][info][gc,metaspace] Narrow klass pointer bits 32, Max shift 3
[0.087s][info][gc,metaspace] Narrow klass base: 0x00007f9c46000000, Narrow klass shift: 0
[0.087s][info][gc,metaspace] Encoding Range: [0x00007f9c46000000 - 0x00007f9d46000000), (4294967296 bytes)
[0.087s][info][gc,metaspace] Klass Range:    [0x00007f9c46000000 - 0x00007f9c87000000), (1090519040 bytes)
[0.087s][info][gc,metaspace] Klass ID Range:  [8 - 1090519033) (1090519025)
[0.649s][info][gc,start    ] GC(0) Pause Young (Normal) (G1 Evacuation Pause)
[0.650s][info][gc,task     ] GC(0) Using 2 workers of 2 for evacuation
[0.653s][info][gc,phases   ] GC(0)   Pre Evacuate Collection Set: 0.20ms
[0.653s][info][gc,phases   ] GC(0)   Merge Heap Roots: 0.10ms
[0.653s][info][gc,phases   ] GC(0)   Evacuate Collection Set: 2.85ms
[0.653s][info][gc,phases   ] GC(0)   Post Evacuate Collection Set: 0.24ms
[0.653s][info][gc,phases   ] GC(0)   Other: 0.24ms
[0.653s][info][gc,heap     ] GC(0) Eden regions: 12->0(10)
[0.653s][info][gc,heap     ] GC(0) Survivor regions: 0->2(2)
[0.653s][info][gc,heap     ] GC(0) Old regions: 2->2
[0.653s][info][gc,heap     ] GC(0) Humongous regions: 0->0
[0.653s][info][gc,metaspace] GC(0) Metaspace: 2396K(2496K)->2396K(2496K) NonClass: 2199K(2240K)->2199K(2240K) Class: 197K(256K)->197K(256K)
[0.653s][info][gc          ] GC(0) Pause Young (Normal) (G1 Evacuation Pause) 13M->2M(258M) 3.871ms
[0.653s][info][gc,cpu      ] GC(0) User=0.01s Sys=0.00s Real=0.00s
[0.705s][info][gc,start    ] GC(1) Pause Young (Normal) (G1 Evacuation Pause)
[0.705s][info][gc,task     ] GC(1) Using 2 workers of 2 for evacuation
[0.709s][info][gc,phases   ] GC(1)   Pre Evacuate Collection Set: 0.15ms
[0.709s][info][gc,phases   ] GC(1)   Merge Heap Roots: 0.03ms
[0.709s][info][gc,phases   ] GC(1)   Evacuate Collection Set: 2.84ms
[0.709s][info][gc,phases   ] GC(1)   Post Evacuate Collection Set: 0.20ms
[0.709s][info][gc,phases   ] GC(1)   Other: 0.07ms
[0.709s][info][gc,heap     ] GC(1) Eden regions: 10->0(20)
[0.709s][info][gc,heap     ] GC(1) Survivor regions: 2->1(2)
[0.709s][info][gc,heap     ] GC(1) Old regions: 2->4
[0.709s][info][gc,heap     ] GC(1) Humongous regions: 0->0
[0.709s][info][gc,metaspace] GC(1) Metaspace: 2467K(2560K)->2467K(2560K) NonClass: 2269K(2304K)->2269K(2304K) Class: 198K(256K)->198K(256K)
[0.709s][info][gc          ] GC(1) Pause Young (Normal) (G1 Evacuation Pause) 12M->3M(258M) 3.455ms
[0.709s][info][gc,cpu      ] GC(1) User=0.01s Sys=0.00s Real=0.00s
[0.803s][info][gc,start    ] GC(2) Pause Young (Normal) (G1 Evacuation Pause)
[0.803s][info][gc,task     ] GC(2) Using 2 workers of 2 for evacuation
[0.804s][info][gc,phases   ] GC(2)   Pre Evacuate Collection Set: 0.19ms
[0.804s][info][gc,phases   ] GC(2)   Merge Heap Roots: 0.03ms
[0.804s][info][gc,phases   ] GC(2)   Evacuate Collection Set: 0.62ms
[0.804s][info][gc,phases   ] GC(2)   Post Evacuate Collection Set: 0.15ms
[0.804s][info][gc,phases   ] GC(2)   Other: 0.08ms
[0.804s][info][gc,heap     ] GC(2) Eden regions: 20->0(25)
[0.804s][info][gc,heap     ] GC(2) Survivor regions: 1->1(3)
[0.804s][info][gc,heap     ] GC(2) Old regions: 4->4
[0.804s][info][gc,heap     ] GC(2) Humongous regions: 0->0
[0.804s][info][gc,metaspace] GC(2) Metaspace: 2620K(2816K)->2620K(2816K) NonClass: 2422K(2560K)->2422K(2560K) Class: 198K(256K)->198K(256K)
[0.804s][info][gc          ] GC(2) Pause Young (Normal) (G1 Evacuation Pause) 23M->3M(258M) 1.250ms
[0.804s][info][gc,cpu      ] GC(2) User=0.00s Sys=0.00s Real=0.00s
[1.367s][info][gc,start    ] GC(3) Pause Young (Normal) (G1 Evacuation Pause)
[1.367s][info][gc,task     ] GC(3) Using 2 workers of 2 for evacuation
[1.371s][info][gc,phases   ] GC(3)   Pre Evacuate Collection Set: 0.21ms
[1.371s][info][gc,phases   ] GC(3)   Merge Heap Roots: 0.04ms
[1.371s][info][gc,phases   ] GC(3)   Evacuate Collection Set: 2.76ms
[1.371s][info][gc,phases   ] GC(3)   Post Evacuate Collection Set: 0.25ms
[1.371s][info][gc,phases   ] GC(3)   Other: 0.07ms
[1.371s][info][gc,heap     ] GC(3) Eden regions: 25->0(31)
[1.371s][info][gc,heap     ] GC(3) Survivor regions: 1->3(4)
[1.371s][info][gc,heap     ] GC(3) Old regions: 4->4
[1.371s][info][gc,heap     ] GC(3) Humongous regions: 0->0
[1.371s][info][gc,metaspace] GC(3) Metaspace: 6407K(6592K)->6407K(6592K) NonClass: 5864K(5952K)->5864K(5952K) Class: 542K(640K)->542K(640K)
[1.371s][info][gc          ] GC(3) Pause Young (Normal) (G1 Evacuation Pause) 28M->5M(258M) 3.528ms
[1.371s][info][gc,cpu      ] GC(3) User=0.01s Sys=0.01s Real=0.00s
[1.568s][info][gc,start    ] GC(4) Pause Young (Normal) (G1 Evacuation Pause)
[1.568s][info][gc,task     ] GC(4) Using 2 workers of 2 for evacuation
[1.573s][info][gc,phases   ] GC(4)   Pre Evacuate Collection Set: 0.19ms
[1.573s][info][gc,phases   ] GC(4)   Merge Heap Roots: 0.03ms
[1.573s][info][gc,phases   ] GC(4)   Evacuate Collection Set: 4.85ms
[1.573s][info][gc,phases   ] GC(4)   Post Evacuate Collection Set: 0.27ms
[1.573s][info][gc,phases   ] GC(4)   Other: 0.08ms
[1.573s][info][gc,heap     ] GC(4) Eden regions: 31->0(43)
[1.573s][info][gc,heap     ] GC(4) Survivor regions: 3->2(5)
[1.573s][info][gc,heap     ] GC(4) Old regions: 4->4
[1.573s][info][gc,heap     ] GC(4) Humongous regions: 0->0
[1.573s][info][gc,metaspace] GC(4) Metaspace: 6609K(6784K)->6609K(6784K) NonClass: 6037K(6144K)->6037K(6144K) Class: 571K(640K)->571K(640K)
[1.573s][info][gc          ] GC(4) Pause Young (Normal) (G1 Evacuation Pause) 36M->4M(258M) 5.609ms
[1.573s][info][gc,cpu      ] GC(4) User=0.01s Sys=0.01s Real=0.00s
[1.784s][info][gc,start    ] GC(5) Pause Young (Normal) (G1 Evacuation Pause)
[1.784s][info][gc,task     ] GC(5) Using 2 workers of 2 for evacuation
[1.789s][info][gc,phases   ] GC(5)   Pre Evacuate Collection Set: 0.20ms
[1.789s][info][gc,phases   ] GC(5)   Merge Heap Roots: 0.03ms
[1.789s][info][gc,phases   ] GC(5)   Evacuate Collection Set: 4.50ms
[1.789s][info][gc,phases   ] GC(5)   Post Evacuate Collection Set: 0.32ms
[1.789s][info][gc,phases   ] GC(5)   Other: 0.08ms
[1.789s][info][gc,heap     ] GC(5) Eden regions: 43->0(54)
[1.789s][info][gc,heap     ] GC(5) Survivor regions: 2->2(6)
[1.789s][info][gc,heap     ] GC(5) Old regions: 4->4
[1.789s][info][gc,heap     ] GC(5) Humongous regions: 0->0
[1.789s][info][gc,metaspace] GC(5) Metaspace: 6951K(7104K)->6951K(7104K) NonClass: 6297K(6400K)->6297K(6400K) Class: 653K(704K)->653K(704K)
[1.789s][info][gc          ] GC(5) Pause Young (Normal) (G1 Evacuation Pause) 47M->4M(258M) 5.307ms
[1.789s][info][gc,cpu      ] GC(5) User=0.00s Sys=0.00s Real=0.01s
[2.008s][info][gc,start    ] GC(6) Pause Young (Normal) (G1 Evacuation Pause)
[2.008s][info][gc,task     ] GC(6) Using 2 workers of 2 for evacuation
[2.014s][info][gc,phases   ] GC(6)   Pre Evacuate Collection Set: 0.19ms
[2.014s][info][gc,phases   ] GC(6)   Merge Heap Roots: 0.04ms
[2.014s][info][gc,phases   ] GC(6)   Evacuate Collection Set: 5.90ms
[2.014s][info][gc,phases   ] GC(6)   Post Evacuate Collection Set: 0.38ms
[2.014s][info][gc,phases   ] GC(6)   Other: 0.10ms
[2.014s][info][gc,heap     ] GC(6) Eden regions: 54->0(68)
[2.014s][info][gc,heap     ] GC(6) Survivor regions: 2->3(7)
[2.014s][info][gc,heap     ] GC(6) Old regions: 4->4
[2.014s][info][gc,heap     ] GC(6) Humongous regions: 0->0
[2.014s][info][gc,metaspace] GC(6) Metaspace: 7454K(7552K)->7454K(7552K) NonClass: 6683K(6720K)->6683K(6720K) Class: 771K(832K)->771K(832K)
[2.014s][info][gc          ] GC(6) Pause Young (Normal) (G1 Evacuation Pause) 58M->5M(258M) 6.794ms
[2.014s][info][gc,cpu      ] GC(6) User=0.01s Sys=0.00s Real=0.01s
[2.271s][info][gc,start    ] GC(7) Pause Young (Normal) (G1 Evacuation Pause)
[2.271s][info][gc,task     ] GC(7) Using 2 workers of 2 for evacuation
[2.274s][info][gc,phases   ] GC(7)   Pre Evacuate Collection Set: 0.16ms
[2.274s][info][gc,phases   ] GC(7)   Merge Heap Roots: 0.04ms
[2.275s][info][gc,phases   ] GC(7)   Evacuate Collection Set: 3.23ms
[2.275s][info][gc,phases   ] GC(7)   Post Evacuate Collection Set: 0.36ms
[2.275s][info][gc,phases   ] GC(7)   Other: 0.07ms
[2.275s][info][gc,heap     ] GC(7) Eden regions: 68->0(87)
[2.275s][info][gc,heap     ] GC(7) Survivor regions: 3->3(9)
[2.275s][info][gc,heap     ] GC(7) Old regions: 4->4
[2.275s][info][gc,heap     ] GC(7) Humongous regions: 0->0
[2.275s][info][gc,metaspace] GC(7) Metaspace: 7750K(7872K)->7750K(7872K) NonClass: 6922K(6976K)->6922K(6976K) Class: 828K(896K)->828K(896K)
[2.275s][info][gc          ] GC(7) Pause Young (Normal) (G1 Evacuation Pause) 73M->5M(258M) 4.040ms
[2.275s][info][gc,cpu      ] GC(7) User=0.01s Sys=0.01s Real=0.01s
[2.584s][info][gc,start    ] GC(8) Pause Young (Normal) (G1 Evacuation Pause)
[2.584s][info][gc,task     ] GC(8) Using 2 workers of 2 for evacuation
[2.590s][info][gc,phases   ] GC(8)   Pre Evacuate Collection Set: 0.20ms
[2.591s][info][gc,phases   ] GC(8)   Merge Heap Roots: 0.10ms
[2.591s][info][gc,phases   ] GC(8)   Evacuate Collection Set: 5.67ms
[2.591s][info][gc,phases   ] GC(8)   Post Evacuate Collection Set: 0.54ms
[2.591s][info][gc,phases   ] GC(8)   Other: 0.10ms
[2.591s][info][gc,heap     ] GC(8) Eden regions: 87->0(108)
[2.591s][info][gc,heap     ] GC(8) Survivor regions: 3->3(12)
[2.591s][info][gc,heap     ] GC(8) Old regions: 4->4
[2.591s][info][gc,heap     ] GC(8) Humongous regions: 0->0
[2.591s][info][gc,metaspace] GC(8) Metaspace: 7997K(8128K)->7997K(8128K) NonClass: 7092K(7168K)->7092K(7168K) Class: 904K(960K)->904K(960K)
[2.591s][info][gc          ] GC(8) Pause Young (Normal) (G1 Evacuation Pause) 92M->5M(258M) 6.800ms
[2.591s][info][gc,cpu      ] GC(8) User=0.01s Sys=0.01s Real=0.01s
[3.166s][info][gc,start    ] GC(9) Pause Young (Normal) (G1 Evacuation Pause)
[3.166s][info][gc,task     ] GC(9) Using 2 workers of 2 for evacuation
[3.191s][info][gc,phases   ] GC(9)   Pre Evacuate Collection Set: 0.17ms
[3.191s][info][gc,phases   ] GC(9)   Merge Heap Roots: 0.05ms
[3.191s][info][gc,phases   ] GC(9)   Evacuate Collection Set: 23.98ms
[3.191s][info][gc,phases   ] GC(9)   Post Evacuate Collection Set: 0.73ms
[3.191s][info][gc,phases   ] GC(9)   Other: 0.07ms
[3.191s][info][gc,heap     ] GC(9) Eden regions: 108->0(103)
[3.191s][info][gc,heap     ] GC(9) Survivor regions: 3->14(14)
[3.191s][info][gc,heap     ] GC(9) Old regions: 4->6
[3.191s][info][gc,heap     ] GC(9) Humongous regions: 0->0
[3.191s][info][gc,metaspace] GC(9) Metaspace: 9914K(10048K)->9914K(10048K) NonClass: 8749K(8832K)->8749K(8832K) Class: 1165K(1216K)->1165K(1216K)
[3.192s][info][gc          ] GC(9) Pause Young (Normal) (G1 Evacuation Pause) 113M->19M(258M) 25.202ms
[3.192s][info][gc,cpu      ] GC(9) User=0.03s Sys=0.01s Real=0.02s
[3.609s][info][gc,start    ] GC(10) Pause Young (Normal) (G1 Evacuation Pause)
[3.609s][info][gc,task     ] GC(10) Using 2 workers of 2 for evacuation
[3.714s][info][gc,phases   ] GC(10)   Pre Evacuate Collection Set: 0.19ms
[3.714s][info][gc,phases   ] GC(10)   Merge Heap Roots: 0.08ms
[3.714s][info][gc,phases   ] GC(10)   Evacuate Collection Set: 103.90ms
[3.714s][info][gc,phases   ] GC(10)   Post Evacuate Collection Set: 0.96ms
[3.714s][info][gc,phases   ] GC(10)   Other: 0.10ms
[3.714s][info][gc,heap     ] GC(10) Eden regions: 103->0(72)
[3.714s][info][gc,heap     ] GC(10) Survivor regions: 14->15(15)
[3.714s][info][gc,heap     ] GC(10) Old regions: 6->50
[3.714s][info][gc,heap     ] GC(10) Humongous regions: 0->0
[3.714s][info][gc,metaspace] GC(10) Metaspace: 11274K(11456K)->11274K(11456K) NonClass: 9985K(10048K)->9985K(10048K) Class: 1288K(1408K)->1288K(1408K)
[3.714s][info][gc          ] GC(10) Pause Young (Normal) (G1 Evacuation Pause) 122M->63M(258M) 105.446ms
[3.714s][info][gc,cpu      ] GC(10) User=0.16s Sys=0.05s Real=0.10s
[3.718s][info][gc,start    ] GC(11) Pause Young (Normal) (G1 Evacuation Pause)
[3.718s][info][gc,task     ] GC(11) Using 2 workers of 2 for evacuation
[3.760s][info][gc,phases   ] GC(11)   Pre Evacuate Collection Set: 0.21ms
[3.760s][info][gc,phases   ] GC(11)   Merge Heap Roots: 0.55ms
[3.760s][info][gc,phases   ] GC(11)   Evacuate Collection Set: 40.07ms
[3.760s][info][gc,phases   ] GC(11)   Post Evacuate Collection Set: 1.03ms
[3.760s][info][gc,phases   ] GC(11)   Other: 0.10ms
[3.760s][info][gc,heap     ] GC(11) Eden regions: 1->0(11)
[3.760s][info][gc,heap     ] GC(11) Survivor regions: 15->1(2)
[3.760s][info][gc,heap     ] GC(11) Old regions: 50->65
[3.760s][info][gc,heap     ] GC(11) Humongous regions: 0->0
[3.760s][info][gc,metaspace] GC(11) Metaspace: 11391K(11584K)->11391K(11584K) NonClass: 10099K(10176K)->10099K(10176K) Class: 1292K(1408K)->1292K(1408K)
[3.760s][info][gc          ] GC(11) Pause Young (Normal) (G1 Evacuation Pause) 64M->65M(258M) 42.168ms
[3.760s][info][gc,cpu      ] GC(11) User=0.07s Sys=0.02s Real=0.04s
[4.171s][info][gc,start    ] GC(12) Pause Young (Normal) (G1 Evacuation Pause)
[4.171s][info][gc,task     ] GC(12) Using 2 workers of 2 for evacuation
[4.256s][info][gc,phases   ] GC(12)   Pre Evacuate Collection Set: 0.16ms
[4.256s][info][gc,phases   ] GC(12)   Merge Heap Roots: 0.05ms
[4.256s][info][gc,phases   ] GC(12)   Evacuate Collection Set: 82.71ms
[4.256s][info][gc,phases   ] GC(12)   Post Evacuate Collection Set: 1.29ms
[4.256s][info][gc,phases   ] GC(12)   Other: 0.07ms
[4.256s][info][gc,heap     ] GC(12) Eden regions: 107->0(1)
[4.256s][info][gc,heap     ] GC(12) Survivor regions: 1->14(14)
[4.256s][info][gc,heap     ] GC(12) Old regions: 65->100
[4.256s][info][gc,heap     ] GC(12) Humongous regions: 0->0
[4.256s][info][gc,metaspace] GC(12) Metaspace: 14262K(14464K)->14262K(14464K) NonClass: 12614K(12736K)->12614K(12736K) Class: 1648K(1728K)->1648K(1728K)
[4.256s][info][gc          ] GC(12) Pause Young (Normal) (G1 Evacuation Pause) 172M->112M(308M) 84.501ms
[4.256s][info][gc,cpu      ] GC(12) User=0.13s Sys=0.04s Real=0.09s
[4.263s][info][gc,start    ] GC(13) Pause Young (Normal) (G1 Evacuation Pause)
[4.263s][info][gc,task     ] GC(13) Using 2 workers of 2 for evacuation
[4.305s][info][gc,phases   ] GC(13)   Pre Evacuate Collection Set: 0.18ms
[4.305s][info][gc,phases   ] GC(13)   Merge Heap Roots: 0.35ms
[4.305s][info][gc,phases   ] GC(13)   Evacuate Collection Set: 41.69ms
[4.305s][info][gc,phases   ] GC(13)   Post Evacuate Collection Set: 0.33ms
[4.305s][info][gc,phases   ] GC(13)   Other: 0.10ms
[4.305s][info][gc,heap     ] GC(13) Eden regions: 1->0(14)
[4.305s][info][gc,heap     ] GC(13) Survivor regions: 14->1(2)
[4.305s][info][gc,heap     ] GC(13) Old regions: 100->114
[4.305s][info][gc,heap     ] GC(13) Humongous regions: 0->0
[4.305s][info][gc,metaspace] GC(13) Metaspace: 14263K(14464K)->14263K(14464K) NonClass: 12615K(12736K)->12615K(12736K) Class: 1648K(1728K)->1648K(1728K)
[4.305s][info][gc          ] GC(13) Pause Young (Normal) (G1 Evacuation Pause) 113M->114M(308M) 42.849ms
[4.305s][info][gc,cpu      ] GC(13) User=0.08s Sys=0.01s Real=0.05s
[4.989s][info][gc,start    ] GC(14) Pause Young (Normal) (G1 Evacuation Pause)
[4.989s][info][gc,task     ] GC(14) Using 2 workers of 2 for evacuation
[5.019s][info][gc,phases   ] GC(14)   Pre Evacuate Collection Set: 0.20ms
[5.019s][info][gc,phases   ] GC(14)   Merge Heap Roots: 0.14ms
[5.019s][info][gc,phases   ] GC(14)   Evacuate Collection Set: 29.72ms
[5.019s][info][gc,phases   ] GC(14)   Post Evacuate Collection Set: 0.40ms
[5.020s][info][gc,phases   ] GC(14)   Other: 0.08ms
[5.020s][info][gc,heap     ] GC(14) Eden regions: 102->0(2)
[5.020s][info][gc,heap     ] GC(14) Survivor regions: 1->13(13)
[5.020s][info][gc,heap     ] GC(14) Old regions: 114->125
[5.020s][info][gc,heap     ] GC(14) Humongous regions: 0->0
[5.020s][info][gc,metaspace] GC(14) Metaspace: 15342K(15488K)->15342K(15488K) NonClass: 13631K(13696K)->13631K(13696K) Class: 1711K(1792K)->1711K(1792K)
[5.020s][info][gc          ] GC(14) Pause Young (Normal) (G1 Evacuation Pause) 216M->137M(308M) 30.776ms
[5.020s][info][gc,cpu      ] GC(14) User=0.06s Sys=0.00s Real=0.03s
[5.396s][info][gc,start    ] GC(15) Pause Young (Normal) (G1 Evacuation Pause)
[5.396s][info][gc,task     ] GC(15) Using 2 workers of 2 for evacuation
[5.438s][info][gc,phases   ] GC(15)   Pre Evacuate Collection Set: 0.20ms
[5.438s][info][gc,phases   ] GC(15)   Merge Heap Roots: 0.55ms
[5.438s][info][gc,phases   ] GC(15)   Evacuate Collection Set: 40.08ms
[5.438s][info][gc,phases   ] GC(15)   Post Evacuate Collection Set: 0.40ms
[5.438s][info][gc,phases   ] GC(15)   Other: 0.06ms
[5.438s][info][gc,heap     ] GC(15) Eden regions: 42->0(10)
[5.438s][info][gc,heap     ] GC(15) Survivor regions: 13->5(7)
[5.438s][info][gc,heap     ] GC(15) Old regions: 125->139
[5.438s][info][gc,heap     ] GC(15) Humongous regions: 0->0
[5.438s][info][gc,metaspace] GC(15) Metaspace: 15673K(15808K)->15673K(15808K) NonClass: 13944K(14016K)->13944K(14016K) Class: 1729K(1792K)->1729K(1792K)
[5.438s][info][gc          ] GC(15) Pause Young (Normal) (G1 Evacuation Pause) 179M->142M(308M) 41.503ms
[5.438s][info][gc,cpu      ] GC(15) User=0.08s Sys=0.00s Real=0.04s
[5.564s][info][gc,start    ] GC(16) Pause Young (Concurrent Start) (G1 Evacuation Pause)
[5.564s][info][gc,task     ] GC(16) Using 2 workers of 2 for evacuation
[5.588s][info][gc,phases   ] GC(16)   Pre Evacuate Collection Set: 0.21ms
[5.588s][info][gc,phases   ] GC(16)   Merge Heap Roots: 0.47ms
[5.588s][info][gc,phases   ] GC(16)   Evacuate Collection Set: 22.83ms
[5.588s][info][gc,phases   ] GC(16)   Post Evacuate Collection Set: 0.29ms
[5.588s][info][gc,phases   ] GC(16)   Other: 0.10ms
[5.588s][info][gc,heap     ] GC(16) Eden regions: 10->0(14)
[5.588s][info][gc,heap     ] GC(16) Survivor regions: 5->1(2)
[5.588s][info][gc,heap     ] GC(16) Old regions: 139->143
[5.588s][info][gc,heap     ] GC(16) Humongous regions: 0->0
[5.588s][info][gc,metaspace] GC(16) Metaspace: 15779K(16000K)->15779K(16000K) NonClass: 14041K(14144K)->14041K(14144K) Class: 1738K(1856K)->1738K(1856K)
[5.588s][info][gc          ] GC(16) Pause Young (Concurrent Start) (G1 Evacuation Pause) 152M->143M(308M) 24.158ms
[5.588s][info][gc,cpu      ] GC(16) User=0.04s Sys=0.00s Real=0.03s
[5.588s][info][gc          ] GC(17) Concurrent Mark Cycle
[5.588s][info][gc,marking  ] GC(17) Concurrent Scan Root Regions
[5.615s][info][gc,marking  ] GC(17) Concurrent Scan Root Regions 27.551ms
[5.615s][info][gc,marking  ] GC(17) Concurrent Mark
[5.615s][info][gc,marking  ] GC(17) Concurrent Mark From Roots
[5.615s][info][gc,task     ] GC(17) Using 1 workers of 1 for marking
[5.864s][info][gc,start    ] GC(18) Pause Young (Normal) (G1 Evacuation Pause)
[5.864s][info][gc,task     ] GC(18) Using 2 workers of 2 for evacuation
[5.887s][info][gc,phases   ] GC(18)   Pre Evacuate Collection Set: 0.20ms
[5.887s][info][gc,phases   ] GC(18)   Merge Heap Roots: 0.54ms
[5.887s][info][gc,phases   ] GC(18)   Evacuate Collection Set: 18.45ms
[5.887s][info][gc,phases   ] GC(18)   Post Evacuate Collection Set: 3.79ms
[5.887s][info][gc,phases   ] GC(18)   Other: 0.07ms
[5.887s][info][gc,heap     ] GC(18) Eden regions: 14->0(40)
[5.888s][info][gc,heap     ] GC(18) Survivor regions: 1->2(2)
[5.888s][info][gc,heap     ] GC(18) Old regions: 143->143
[5.888s][info][gc,heap     ] GC(18) Humongous regions: 0->0
[5.888s][info][gc,metaspace] GC(18) Metaspace: 16141K(16320K)->16141K(16320K) NonClass: 14390K(14464K)->14390K(14464K) Class: 1750K(1856K)->1750K(1856K)
[5.888s][info][gc          ] GC(18) Pause Young (Normal) (G1 Evacuation Pause) 157M->143M(576M) 23.278ms
[5.888s][info][gc,cpu      ] GC(18) User=0.04s Sys=0.00s Real=0.02s
[6.075s][info][gc,marking  ] GC(17) Concurrent Mark From Roots 459.762ms
[6.075s][info][gc,marking  ] GC(17) Concurrent Preclean
[6.075s][info][gc,marking  ] GC(17) Concurrent Preclean 0.034ms
[6.076s][info][gc,start    ] GC(17) Pause Remark
[6.082s][info][gc          ] GC(17) Pause Remark 154M->154M(484M) 6.386ms
[6.082s][info][gc,cpu      ] GC(17) User=0.01s Sys=0.00s Real=0.00s
[6.082s][info][gc,marking  ] GC(17) Concurrent Mark 466.613ms
[6.082s][info][gc,marking  ] GC(17) Concurrent Rebuild Remembered Sets and Scrub Regions
[6.238s][info][gc,start    ] GC(19) Pause Young (Normal) (G1 Evacuation Pause)
[6.238s][info][gc,task     ] GC(19) Using 2 workers of 2 for evacuation
[6.257s][info][gc,phases   ] GC(19)   Pre Evacuate Collection Set: 0.23ms
[6.257s][info][gc,phases   ] GC(19)   Merge Heap Roots: 0.52ms
[6.257s][info][gc,phases   ] GC(19)   Evacuate Collection Set: 18.11ms
[6.257s][info][gc,phases   ] GC(19)   Post Evacuate Collection Set: 0.40ms
[6.257s][info][gc,phases   ] GC(19)   Other: 0.10ms
[6.257s][info][gc,heap     ] GC(19) Eden regions: 29->0(68)
[6.257s][info][gc,heap     ] GC(19) Survivor regions: 2->3(4)
[6.257s][info][gc,heap     ] GC(19) Old regions: 143->143
[6.257s][info][gc,heap     ] GC(19) Humongous regions: 0->0
[6.257s][info][gc,metaspace] GC(19) Metaspace: 16495K(16704K)->16495K(16704K) NonClass: 14719K(14848K)->14719K(14848K) Class: 1776K(1856K)->1776K(1856K)
[6.257s][info][gc          ] GC(19) Pause Young (Normal) (G1 Evacuation Pause) 172M->144M(484M) 19.555ms
[6.257s][info][gc,cpu      ] GC(19) User=0.04s Sys=0.00s Real=0.02s
[6.336s][info][gc,marking  ] GC(17) Concurrent Rebuild Remembered Sets and Scrub Regions 253.896ms
[6.338s][info][gc,start    ] GC(17) Pause Cleanup
[6.338s][info][gc          ] GC(17) Pause Cleanup 166M->166M(484M) 0.076ms
[6.338s][info][gc,cpu      ] GC(17) User=0.00s Sys=0.00s Real=0.00s
[6.338s][info][gc,marking  ] GC(17) Concurrent Clear Claimed Marks
[6.338s][info][gc,marking  ] GC(17) Concurrent Clear Claimed Marks 0.039ms
[6.338s][info][gc,marking  ] GC(17) Concurrent Cleanup for Next Mark
[6.350s][info][gc,marking  ] GC(17) Concurrent Cleanup for Next Mark 12.230ms
[6.350s][info][gc          ] GC(17) Concurrent Mark Cycle 762.495ms
[6.502s][info][gc,start    ] GC(20) Pause Young (Prepare Mixed) (G1 Evacuation Pause)
[6.502s][info][gc,task     ] GC(20) Using 2 workers of 2 for evacuation
[6.580s][info][gc,phases   ] GC(20)   Pre Evacuate Collection Set: 0.22ms
[6.580s][info][gc,phases   ] GC(20)   Merge Heap Roots: 0.86ms
[6.580s][info][gc,phases   ] GC(20)   Evacuate Collection Set: 75.63ms
[6.580s][info][gc,phases   ] GC(20)   Post Evacuate Collection Set: 0.51ms
[6.580s][info][gc,phases   ] GC(20)   Other: 0.07ms
[6.580s][info][gc,heap     ] GC(20) Eden regions: 63->0(48)
[6.580s][info][gc,heap     ] GC(20) Survivor regions: 3->9(9)
[6.580s][info][gc,heap     ] GC(20) Old regions: 143->174
[6.580s][info][gc,heap     ] GC(20) Humongous regions: 3->3
[6.580s][info][gc,metaspace] GC(20) Metaspace: 16534K(16704K)->16534K(16704K) NonClass: 14757K(14848K)->14757K(14848K) Class: 1777K(1856K)->1777K(1856K)
[6.580s][info][gc          ] GC(20) Pause Young (Prepare Mixed) (G1 Evacuation Pause) 210M->185M(484M) 77.531ms
[6.580s][info][gc,cpu      ] GC(20) User=0.14s Sys=0.01s Real=0.08s
[6.814s][info][gc,start    ] GC(21) Pause Young (Mixed) (G1 Evacuation Pause)
[6.814s][info][gc,task     ] GC(21) Using 2 workers of 2 for evacuation
[6.873s][info][gc,phases   ] GC(21)   Pre Evacuate Collection Set: 0.24ms
[6.873s][info][gc,phases   ] GC(21)   Merge Heap Roots: 0.46ms
[6.873s][info][gc,phases   ] GC(21)   Evacuate Collection Set: 58.46ms
[6.874s][info][gc,phases   ] GC(21)   Post Evacuate Collection Set: 0.37ms
[6.874s][info][gc,phases   ] GC(21)   Other: 0.07ms
[6.874s][info][gc,heap     ] GC(21) Eden regions: 78->0(43)
[6.874s][info][gc,heap     ] GC(21) Survivor regions: 9->11(11)
[6.874s][info][gc,heap     ] GC(21) Old regions: 174->197
[6.874s][info][gc,heap     ] GC(21) Humongous regions: 3->3
[6.874s][info][gc,metaspace] GC(21) Metaspace: 16545K(16704K)->16545K(16704K) NonClass: 14768K(14848K)->14768K(14848K) Class: 1777K(1856K)->1777K(1856K)
[6.874s][info][gc          ] GC(21) Pause Young (Mixed) (G1 Evacuation Pause) 263M->210M(484M) 59.853ms
[6.874s][info][gc,cpu      ] GC(21) User=0.12s Sys=0.01s Real=0.06s
[7.258s][info][gc,start    ] GC(22) Pause Young (Mixed) (G1 Evacuation Pause)
[7.258s][info][gc,task     ] GC(22) Using 2 workers of 2 for evacuation
[7.322s][info][gc,phases   ] GC(22)   Pre Evacuate Collection Set: 2.37ms
[7.322s][info][gc,phases   ] GC(22)   Merge Heap Roots: 0.31ms
[7.322s][info][gc,phases   ] GC(22)   Evacuate Collection Set: 60.59ms
[7.322s][info][gc,phases   ] GC(22)   Post Evacuate Collection Set: 0.62ms
[7.322s][info][gc,phases   ] GC(22)   Other: 0.09ms
[7.322s][info][gc,heap     ] GC(22) Eden regions: 158->0(27)
[7.322s][info][gc,heap     ] GC(22) Survivor regions: 11->22(22)
[7.322s][info][gc,heap     ] GC(22) Old regions: 197->204
[7.322s][info][gc,heap     ] GC(22) Humongous regions: 4->4
[7.322s][info][gc,metaspace] GC(22) Metaspace: 16582K(16768K)->16582K(16768K) NonClass: 14805K(14912K)->14805K(14912K) Class: 1777K(1856K)->1777K(1856K)
[7.322s][info][gc          ] GC(22) Pause Young (Mixed) (G1 Evacuation Pause) 369M->229M(484M) 64.202ms
[7.322s][info][gc,cpu      ] GC(22) User=0.12s Sys=0.00s Real=0.06s
[7.545s][info][gc,start    ] GC(23) Pause Young (Normal) (G1 Evacuation Pause)
[7.545s][info][gc,task     ] GC(23) Using 2 workers of 2 for evacuation
[7.595s][info][gc,phases   ] GC(23)   Pre Evacuate Collection Set: 0.28ms
[7.595s][info][gc,phases   ] GC(23)   Merge Heap Roots: 0.46ms
[7.595s][info][gc,phases   ] GC(23)   Evacuate Collection Set: 48.83ms
[7.595s][info][gc,phases   ] GC(23)   Post Evacuate Collection Set: 0.37ms
[7.595s][info][gc,phases   ] GC(23)   Other: 0.07ms
[7.595s][info][gc,heap     ] GC(23) Eden regions: 130->0(141)
[7.595s][info][gc,heap     ] GC(23) Survivor regions: 22->12(19)
[7.595s][info][gc,heap     ] GC(23) Old regions: 204->226
[7.595s][info][gc,heap     ] GC(23) Humongous regions: 4->4
[7.595s][info][gc,metaspace] GC(23) Metaspace: 16627K(16832K)->16627K(16832K) NonClass: 14850K(14976K)->14850K(14976K) Class: 1777K(1856K)->1777K(1856K)
[7.596s][info][gc          ] GC(23) Pause Young (Normal) (G1 Evacuation Pause) 359M->241M(484M) 50.257ms
[7.596s][info][gc,cpu      ] GC(23) User=0.10s Sys=0.00s Real=0.05s
[7.849s][info][gc,start    ] GC(24) Pause Young (Concurrent Start) (G1 Evacuation Pause)
[7.849s][info][gc,task     ] GC(24) Using 2 workers of 2 for evacuation
[7.870s][info][gc,phases   ] GC(24)   Pre Evacuate Collection Set: 0.25ms
[7.870s][info][gc,phases   ] GC(24)   Merge Heap Roots: 0.16ms
[7.870s][info][gc,phases   ] GC(24)   Evacuate Collection Set: 18.56ms
[7.870s][info][gc,phases   ] GC(24)   Post Evacuate Collection Set: 1.37ms
[7.870s][info][gc,phases   ] GC(24)   Other: 0.12ms
[7.870s][info][gc,heap     ] GC(24) Eden regions: 146->0(223)
[7.870s][info][gc,heap     ] GC(24) Survivor regions: 12->4(20)
[7.870s][info][gc,heap     ] GC(24) Old regions: 226->238
[7.870s][info][gc,heap     ] GC(24) Humongous regions: 4->4
[7.870s][info][gc,metaspace] GC(24) Metaspace: 16645K(16832K)->16645K(16832K) NonClass: 14867K(14976K)->14867K(14976K) Class: 1777K(1856K)->1777K(1856K)
[7.870s][info][gc          ] GC(24) Pause Young (Concurrent Start) (G1 Evacuation Pause) 387M->245M(596M) 20.701ms
[7.870s][info][gc          ] GC(25) Concurrent Mark Cycle
[7.870s][info][gc,marking  ] GC(25) Concurrent Scan Root Regions
[7.871s][info][gc,cpu      ] GC(24) User=0.04s Sys=0.00s Real=0.02s
[7.897s][info][gc,marking  ] GC(25) Concurrent Scan Root Regions 27.220ms
[7.897s][info][gc,marking  ] GC(25) Concurrent Mark
[7.897s][info][gc,marking  ] GC(25) Concurrent Mark From Roots
[7.897s][info][gc,task     ] GC(25) Using 1 workers of 1 for marking
[8.619s][info][gc,start    ] GC(26) Pause Young (Normal) (G1 Evacuation Pause)
[8.619s][info][gc,task     ] GC(26) Using 2 workers of 2 for evacuation
[8.629s][info][gc,phases   ] GC(26)   Pre Evacuate Collection Set: 0.30ms
[8.629s][info][gc,phases   ] GC(26)   Merge Heap Roots: 0.18ms
[8.629s][info][gc,phases   ] GC(26)   Evacuate Collection Set: 8.99ms
[8.629s][info][gc,phases   ] GC(26)   Post Evacuate Collection Set: 0.39ms
[8.629s][info][gc,phases   ] GC(26)   Other: 0.18ms
[8.629s][info][gc,heap     ] GC(26) Eden regions: 223->0(217)
[8.629s][info][gc,heap     ] GC(26) Survivor regions: 4->6(29)
[8.629s][info][gc,heap     ] GC(26) Old regions: 238->238
[8.629s][info][gc,heap     ] GC(26) Humongous regions: 4->4
[8.629s][info][gc,metaspace] GC(26) Metaspace: 16796K(16960K)->16796K(16960K) NonClass: 15019K(15104K)->15019K(15104K) Class: 1777K(1856K)->1777K(1856K)
[8.629s][info][gc          ] GC(26) Pause Young (Normal) (G1 Evacuation Pause) 468M->247M(596M) 10.273ms
[8.629s][info][gc,cpu      ] GC(26) User=0.02s Sys=0.00s Real=0.01s
[8.867s][info][gc,marking  ] GC(25) Concurrent Mark From Roots 969.940ms
[8.867s][info][gc,marking  ] GC(25) Concurrent Preclean
[8.867s][info][gc,marking  ] GC(25) Concurrent Preclean 0.039ms
[8.871s][info][gc,start    ] GC(25) Pause Remark
[8.890s][info][gc          ] GC(25) Pause Remark 363M->362M(596M) 18.616ms
[8.890s][info][gc,cpu      ] GC(25) User=0.02s Sys=0.01s Real=0.02s
[8.892s][info][gc,marking  ] GC(25) Concurrent Mark 994.751ms
[8.892s][info][gc,marking  ] GC(25) Concurrent Rebuild Remembered Sets and Scrub Regions
[9.171s][info][gc,marking  ] GC(25) Concurrent Rebuild Remembered Sets and Scrub Regions 279.148ms
[9.171s][info][gc,start    ] GC(25) Pause Cleanup
[9.171s][info][gc          ] GC(25) Pause Cleanup 441M->441M(596M) 0.066ms
[9.171s][info][gc,cpu      ] GC(25) User=0.00s Sys=0.00s Real=0.00s
[9.173s][info][gc,marking  ] GC(25) Concurrent Clear Claimed Marks
[9.173s][info][gc,marking  ] GC(25) Concurrent Clear Claimed Marks 0.024ms
[9.173s][info][gc,marking  ] GC(25) Concurrent Cleanup for Next Mark
[9.178s][info][gc,marking  ] GC(25) Concurrent Cleanup for Next Mark 5.161ms
[9.178s][info][gc          ] GC(25) Concurrent Mark Cycle 1308.489ms
[9.243s][info][gc,start    ] GC(27) Pause Young (Prepare Mixed) (G1 Evacuation Pause)
[9.243s][info][gc,task     ] GC(27) Using 2 workers of 2 for evacuation
[9.257s][info][gc,phases   ] GC(27)   Pre Evacuate Collection Set: 0.31ms
[9.257s][info][gc,phases   ] GC(27)   Merge Heap Roots: 0.24ms
[9.257s][info][gc,phases   ] GC(27)   Evacuate Collection Set: 12.56ms
[9.257s][info][gc,phases   ] GC(27)   Post Evacuate Collection Set: 0.41ms
[9.257s][info][gc,phases   ] GC(27)   Other: 0.11ms
[9.257s][info][gc,heap     ] GC(27) Eden regions: 217->0(239)
[9.257s][info][gc,heap     ] GC(27) Survivor regions: 6->9(28)
[9.257s][info][gc,heap     ] GC(27) Old regions: 238->238
[9.257s][info][gc,heap     ] GC(27) Humongous regions: 3->3
[9.257s][info][gc,metaspace] GC(27) Metaspace: 16843K(17024K)->16843K(17024K) NonClass: 15064K(15168K)->15064K(15168K) Class: 1778K(1856K)->1778K(1856K)
[9.257s][info][gc          ] GC(27) Pause Young (Prepare Mixed) (G1 Evacuation Pause) 463M->249M(596M) 13.848ms
[9.257s][info][gc,cpu      ] GC(27) User=0.02s Sys=0.00s Real=0.02s
[9.747s][info][gc,start    ] GC(28) Pause Young (Mixed) (G1 Evacuation Pause)
[9.747s][info][gc,task     ] GC(28) Using 2 workers of 2 for evacuation
[9.797s][info][gc,phases   ] GC(28)   Pre Evacuate Collection Set: 0.25ms
[9.797s][info][gc,phases   ] GC(28)   Merge Heap Roots: 0.31ms
[9.797s][info][gc,phases   ] GC(28)   Evacuate Collection Set: 48.73ms
[9.797s][info][gc,phases   ] GC(28)   Post Evacuate Collection Set: 0.47ms
[9.797s][info][gc,phases   ] GC(28)   Other: 0.11ms
[9.797s][info][gc,heap     ] GC(28) Eden regions: 239->0(224)
[9.797s][info][gc,heap     ] GC(28) Survivor regions: 9->31(31)
[9.797s][info][gc,heap     ] GC(28) Old regions: 238->240
[9.797s][info][gc,heap     ] GC(28) Humongous regions: 3->3
[9.797s][info][gc,metaspace] GC(28) Metaspace: 16943K(17152K)->16943K(17152K) NonClass: 15164K(15296K)->15164K(15296K) Class: 1779K(1856K)->1779K(1856K)
[9.797s][info][gc          ] GC(28) Pause Young (Mixed) (G1 Evacuation Pause) 488M->273M(596M) 50.108ms
[9.797s][info][gc,cpu      ] GC(28) User=0.10s Sys=0.00s Real=0.05s
[10.400s][info][gc,start    ] GC(29) Pause Young (Normal) (G1 Evacuation Pause)
[10.400s][info][gc,task     ] GC(29) Using 2 workers of 2 for evacuation
[10.503s][info][gc,phases   ] GC(29)   Pre Evacuate Collection Set: 0.26ms
[10.503s][info][gc,phases   ] GC(29)   Merge Heap Roots: 0.22ms
[10.503s][info][gc,phases   ] GC(29)   Evacuate Collection Set: 101.42ms
[10.503s][info][gc,phases   ] GC(29)   Post Evacuate Collection Set: 0.54ms
[10.503s][info][gc,phases   ] GC(29)   Other: 0.10ms
[10.503s][info][gc,heap     ] GC(29) Eden regions: 224->0(179)
[10.503s][info][gc,heap     ] GC(29) Survivor regions: 31->32(32)
[10.503s][info][gc,heap     ] GC(29) Old regions: 240->294
[10.503s][info][gc,heap     ] GC(29) Humongous regions: 4->4
[10.503s][info][gc,metaspace] GC(29) Metaspace: 16973K(17152K)->16973K(17152K) NonClass: 15191K(15296K)->15191K(15296K) Class: 1781K(1856K)->1781K(1856K)
[10.503s][info][gc          ] GC(29) Pause Young (Normal) (G1 Evacuation Pause) 498M->329M(596M) 102.771ms
[10.503s][info][gc,cpu      ] GC(29) User=0.20s Sys=0.00s Real=0.10s
[10.834s][info][gc,start    ] GC(30) Pause Young (Concurrent Start) (G1 Evacuation Pause)
[10.834s][info][gc,task     ] GC(30) Using 2 workers of 2 for evacuation
[10.875s][info][gc,phases   ] GC(30)   Pre Evacuate Collection Set: 0.26ms
[10.875s][info][gc,phases   ] GC(30)   Merge Heap Roots: 0.36ms
[10.875s][info][gc,phases   ] GC(30)   Evacuate Collection Set: 39.84ms
[10.875s][info][gc,phases   ] GC(30)   Post Evacuate Collection Set: 0.40ms
[10.875s][info][gc,phases   ] GC(30)   Other: 0.17ms
[10.875s][info][gc,heap     ] GC(30) Eden regions: 179->0(189)
[10.875s][info][gc,heap     ] GC(30) Survivor regions: 32->2(27)
[10.875s][info][gc,heap     ] GC(30) Old regions: 294->326
[10.875s][info][gc,heap     ] GC(30) Humongous regions: 4->4
[10.875s][info][gc,metaspace] GC(30) Metaspace: 16975K(17152K)->16975K(17152K) NonClass: 15193K(15296K)->15193K(15296K) Class: 1781K(1856K)->1781K(1856K)
[10.875s][info][gc          ] GC(30) Pause Young (Concurrent Start) (G1 Evacuation Pause) 508M->332M(596M) 41.284ms
[10.875s][info][gc,cpu      ] GC(30) User=0.08s Sys=0.00s Real=0.05s
[10.875s][info][gc          ] GC(31) Concurrent Mark Cycle
[10.877s][info][gc,marking  ] GC(31) Concurrent Scan Root Regions
[10.915s][info][gc,marking  ] GC(31) Concurrent Scan Root Regions 38.006ms
[10.915s][info][gc,marking  ] GC(31) Concurrent Mark
[10.915s][info][gc,marking  ] GC(31) Concurrent Mark From Roots
[10.915s][info][gc,task     ] GC(31) Using 1 workers of 1 for marking
[11.740s][info][gc,marking  ] GC(31) Concurrent Mark From Roots 824.909ms
[11.740s][info][gc,marking  ] GC(31) Concurrent Preclean
[11.740s][info][gc,marking  ] GC(31) Concurrent Preclean 0.031ms
[11.740s][info][gc,start    ] GC(31) Pause Remark
[11.747s][info][gc          ] GC(31) Pause Remark 508M->478M(596M) 6.911ms
[11.747s][info][gc,cpu      ] GC(31) User=0.02s Sys=0.00s Real=0.01s
[11.751s][info][gc,marking  ] GC(31) Concurrent Mark 835.921ms
[11.751s][info][gc,marking  ] GC(31) Concurrent Rebuild Remembered Sets and Scrub Regions
[11.838s][info][gc,start    ] GC(32) Pause Young (Normal) (G1 Evacuation Pause)
[11.839s][info][gc,task     ] GC(32) Using 2 workers of 2 for evacuation
[11.846s][info][gc,phases   ] GC(32)   Pre Evacuate Collection Set: 0.29ms
[11.846s][info][gc,phases   ] GC(32)   Merge Heap Roots: 0.15ms
[11.846s][info][gc,phases   ] GC(32)   Evacuate Collection Set: 6.46ms
[11.846s][info][gc,phases   ] GC(32)   Post Evacuate Collection Set: 0.39ms
[11.846s][info][gc,phases   ] GC(32)   Other: 0.11ms
[11.846s][info][gc,heap     ] GC(32) Eden regions: 189->0(216)
[11.846s][info][gc,heap     ] GC(32) Survivor regions: 2->4(24)
[11.846s][info][gc,heap     ] GC(32) Old regions: 297->297
[11.846s][info][gc,heap     ] GC(32) Humongous regions: 3->3
[11.846s][info][gc,metaspace] GC(32) Metaspace: 16988K(17152K)->16988K(17152K) NonClass: 15206K(15296K)->15206K(15296K) Class: 1781K(1856K)->1781K(1856K)
[11.846s][info][gc          ] GC(32) Pause Young (Normal) (G1 Evacuation Pause) 491M->303M(596M) 7.646ms
[11.846s][info][gc,cpu      ] GC(32) User=0.01s Sys=0.00s Real=0.01s
[12.122s][info][gc,marking  ] GC(31) Concurrent Rebuild Remembered Sets and Scrub Regions 370.560ms
[12.122s][info][gc,start    ] GC(31) Pause Cleanup
[12.122s][info][gc          ] GC(31) Pause Cleanup 369M->369M(596M) 0.125ms
[12.122s][info][gc,cpu      ] GC(31) User=0.00s Sys=0.00s Real=0.00s
[12.122s][info][gc,marking  ] GC(31) Concurrent Clear Claimed Marks
[12.122s][info][gc,marking  ] GC(31) Concurrent Clear Claimed Marks 0.044ms
[12.122s][info][gc,marking  ] GC(31) Concurrent Cleanup for Next Mark
[12.124s][info][gc,marking  ] GC(31) Concurrent Cleanup for Next Mark 1.757ms
[12.124s][info][gc          ] GC(31) Concurrent Mark Cycle 1248.539ms
[12.489s][info][gc,start    ] GC(33) Pause Young (Prepare Mixed) (G1 Evacuation Pause)
[12.489s][info][gc,task     ] GC(33) Using 2 workers of 2 for evacuation
[12.529s][info][gc,phases   ] GC(33)   Pre Evacuate Collection Set: 0.32ms
[12.529s][info][gc,phases   ] GC(33)   Merge Heap Roots: 0.29ms
[12.529s][info][gc,phases   ] GC(33)   Evacuate Collection Set: 38.27ms
[12.529s][info][gc,phases   ] GC(33)   Post Evacuate Collection Set: 0.49ms
[12.529s][info][gc,phases   ] GC(33)   Other: 0.10ms
[12.529s][info][gc,heap     ] GC(33) Eden regions: 216->0(187)
[12.529s][info][gc,heap     ] GC(33) Survivor regions: 4->28(28)
[12.529s][info][gc,heap     ] GC(33) Old regions: 297->303
[12.529s][info][gc,heap     ] GC(33) Humongous regions: 3->3
[12.529s][info][gc,metaspace] GC(33) Metaspace: 16993K(17152K)->16993K(17152K) NonClass: 15212K(15296K)->15212K(15296K) Class: 1781K(1856K)->1781K(1856K)
[12.529s][info][gc          ] GC(33) Pause Young (Prepare Mixed) (G1 Evacuation Pause) 519M->334M(596M) 39.680ms
[12.529s][info][gc,cpu      ] GC(33) User=0.08s Sys=0.00s Real=0.04s
[13.081s][info][gc,start    ] GC(34) Pause Young (Mixed) (G1 Evacuation Pause)
[13.081s][info][gc,task     ] GC(34) Using 2 workers of 2 for evacuation
[13.277s][info][gc,phases   ] GC(34)   Pre Evacuate Collection Set: 1.37ms
[13.277s][info][gc,phases   ] GC(34)   Merge Heap Roots: 1.06ms
[13.277s][info][gc,phases   ] GC(34)   Evacuate Collection Set: 141.02ms
[13.277s][info][gc,phases   ] GC(34)   Merge Optional Heap Roots: 0.37ms
[13.277s][info][gc,phases   ] GC(34)   Evacuate Optional Collection Set: 50.30ms
[13.277s][info][gc,phases   ] GC(34)   Post Evacuate Collection Set: 2.33ms
[13.277s][info][gc,phases   ] GC(34)   Other: 0.11ms
[13.277s][info][gc,heap     ] GC(34) Eden regions: 187->0(194)
[13.277s][info][gc,heap     ] GC(34) Survivor regions: 28->27(27)
[13.277s][info][gc,heap     ] GC(34) Old regions: 303->321
[13.278s][info][gc,heap     ] GC(34) Humongous regions: 4->4
[13.278s][info][gc,metaspace] GC(34) Metaspace: 17004K(17216K)->17004K(17216K) NonClass: 15223K(15360K)->15223K(15360K) Class: 1781K(1856K)->1781K(1856K)
[13.278s][info][gc          ] GC(34) Pause Young (Mixed) (G1 Evacuation Pause) 522M->352M(657M) 196.802ms
[13.278s][info][gc,cpu      ] GC(34) User=0.34s Sys=0.02s Real=0.20s
[13.519s][info][gc,start    ] GC(35) Pause Young (Concurrent Start) (G1 Evacuation Pause)
[13.519s][info][gc,task     ] GC(35) Using 2 workers of 2 for evacuation
[13.665s][info][gc,phases   ] GC(35)   Pre Evacuate Collection Set: 0.32ms
[13.665s][info][gc,phases   ] GC(35)   Merge Heap Roots: 0.73ms
[13.665s][info][gc,phases   ] GC(35)   Evacuate Collection Set: 143.91ms
[13.665s][info][gc,phases   ] GC(35)   Post Evacuate Collection Set: 0.42ms
[13.665s][info][gc,phases   ] GC(35)   Other: 0.19ms
[13.665s][info][gc,heap     ] GC(35) Eden regions: 194->0(119)
[13.665s][info][gc,heap     ] GC(35) Survivor regions: 27->28(28)
[13.665s][info][gc,heap     ] GC(35) Old regions: 321->414
[13.665s][info][gc,heap     ] GC(35) Humongous regions: 4->4
[13.665s][info][gc,metaspace] GC(35) Metaspace: 17004K(17216K)->17004K(17216K) NonClass: 15223K(15360K)->15223K(15360K) Class: 1781K(1856K)->1781K(1856K)
[13.665s][info][gc          ] GC(35) Pause Young (Concurrent Start) (G1 Evacuation Pause) 546M->446M(667M) 145.814ms
[13.665s][info][gc,cpu      ] GC(35) User=0.27s Sys=0.02s Real=0.15s
[13.665s][info][gc          ] GC(36) Concurrent Mark Cycle
[13.666s][info][gc,marking  ] GC(36) Concurrent Scan Root Regions
[13.844s][info][gc,marking  ] GC(36) Concurrent Scan Root Regions 177.782ms
[13.844s][info][gc,marking  ] GC(36) Concurrent Mark
[13.844s][info][gc,marking  ] GC(36) Concurrent Mark From Roots
[13.844s][info][gc,task     ] GC(36) Using 1 workers of 1 for marking
[13.950s][info][gc,start    ] GC(37) Pause Young (Normal) (G1 Evacuation Pause)
[13.950s][info][gc,task     ] GC(37) Using 2 workers of 2 for evacuation
[13.983s][info][gc,phases   ] GC(37)   Pre Evacuate Collection Set: 0.36ms
[13.983s][info][gc,phases   ] GC(37)   Merge Heap Roots: 0.13ms
[13.983s][info][gc,phases   ] GC(37)   Evacuate Collection Set: 31.50ms
[13.983s][info][gc,phases   ] GC(37)   Post Evacuate Collection Set: 0.32ms
[13.983s][info][gc,phases   ] GC(37)   Other: 0.07ms
[13.983s][info][gc,heap     ] GC(37) Eden regions: 119->0(129)
[13.983s][info][gc,heap     ] GC(37) Survivor regions: 28->2(19)
[13.983s][info][gc,heap     ] GC(37) Old regions: 414->443
[13.983s][info][gc,heap     ] GC(37) Humongous regions: 4->4
[13.983s][info][gc,metaspace] GC(37) Metaspace: 17004K(17216K)->17004K(17216K) NonClass: 15223K(15360K)->15223K(15360K) Class: 1781K(1856K)->1781K(1856K)
[13.983s][info][gc          ] GC(37) Pause Young (Normal) (G1 Evacuation Pause) 565M->448M(667M) 32.637ms
[13.983s][info][gc,cpu      ] GC(37) User=0.06s Sys=0.00s Real=0.03s
[14.554s][info][gc,start    ] GC(38) Pause Young (Normal) (G1 Evacuation Pause)
[14.554s][info][gc,task     ] GC(38) Using 2 workers of 2 for evacuation
[14.575s][info][gc,phases   ] GC(38)   Pre Evacuate Collection Set: 0.76ms
[14.575s][info][gc,phases   ] GC(38)   Merge Heap Roots: 0.10ms
[14.575s][info][gc,phases   ] GC(38)   Evacuate Collection Set: 19.89ms
[14.575s][info][gc,phases   ] GC(38)   Post Evacuate Collection Set: 0.37ms
[14.575s][info][gc,phases   ] GC(38)   Other: 0.11ms
[14.575s][info][gc,heap     ] GC(38) Eden regions: 129->0(122)
[14.575s][info][gc,heap     ] GC(38) Survivor regions: 2->17(17)
[14.575s][info][gc,heap     ] GC(38) Old regions: 443->445
[14.575s][info][gc,heap     ] GC(38) Humongous regions: 4->4
[14.575s][info][gc,metaspace] GC(38) Metaspace: 17012K(17216K)->17012K(17216K) NonClass: 15230K(15360K)->15230K(15360K) Class: 1781K(1856K)->1781K(1856K)
[14.575s][info][gc          ] GC(38) Pause Young (Normal) (G1 Evacuation Pause) 577M->465M(667M) 21.465ms
[14.575s][info][gc,cpu      ] GC(38) User=0.04s Sys=0.00s Real=0.03s
[15.094s][info][gc,start    ] GC(39) Pause Young (Normal) (G1 Evacuation Pause)
[15.094s][info][gc,task     ] GC(39) Using 2 workers of 2 for evacuation
[15.154s][info][gc,phases   ] GC(39)   Pre Evacuate Collection Set: 0.29ms
[15.154s][info][gc,phases   ] GC(39)   Merge Heap Roots: 0.14ms
[15.154s][info][gc,phases   ] GC(39)   Evacuate Collection Set: 58.17ms
[15.154s][info][gc,phases   ] GC(39)   Post Evacuate Collection Set: 0.45ms
[15.154s][info][gc,phases   ] GC(39)   Other: 0.08ms
[15.154s][info][gc,heap     ] GC(39) Eden regions: 122->0(101)
[15.154s][info][gc,heap     ] GC(39) Survivor regions: 17->18(18)
[15.154s][info][gc,heap     ] GC(39) Old regions: 445->474
[15.154s][info][gc,heap     ] GC(39) Humongous regions: 5->5
[15.154s][info][gc,metaspace] GC(39) Metaspace: 17022K(17216K)->17022K(17216K) NonClass: 15240K(15360K)->15240K(15360K) Class: 1781K(1856K)->1781K(1856K)
[15.154s][info][gc          ] GC(39) Pause Young (Normal) (G1 Evacuation Pause) 588M->496M(667M) 59.405ms
[15.154s][info][gc,cpu      ] GC(39) User=0.12s Sys=0.00s Real=0.05s
[15.383s][info][gc,marking  ] GC(36) Concurrent Mark From Roots 1538.621ms
[15.383s][info][gc,marking  ] GC(36) Concurrent Preclean
[15.383s][info][gc,marking  ] GC(36) Concurrent Preclean 0.029ms
[15.383s][info][gc,start    ] GC(36) Pause Remark
[15.393s][info][gc          ] GC(36) Pause Remark 579M->579M(829M) 10.079ms
[15.393s][info][gc,cpu      ] GC(36) User=0.01s Sys=0.01s Real=0.01s
[15.395s][info][gc,marking  ] GC(36) Concurrent Mark 1551.345ms
[15.395s][info][gc,marking  ] GC(36) Concurrent Rebuild Remembered Sets and Scrub Regions
[15.449s][info][gc,start    ] GC(40) Pause Young (Normal) (G1 Evacuation Pause)
[15.450s][info][gc,task     ] GC(40) Using 2 workers of 2 for evacuation
[15.476s][info][gc,phases   ] GC(40)   Pre Evacuate Collection Set: 0.45ms
[15.476s][info][gc,phases   ] GC(40)   Merge Heap Roots: 0.44ms
[15.476s][info][gc,phases   ] GC(40)   Evacuate Collection Set: 25.15ms
[15.476s][info][gc,phases   ] GC(40)   Post Evacuate Collection Set: 0.32ms
[15.476s][info][gc,phases   ] GC(40)   Other: 0.13ms
[15.476s][info][gc,heap     ] GC(40) Eden regions: 101->0(199)
[15.476s][info][gc,heap     ] GC(40) Survivor regions: 18->1(15)
[15.476s][info][gc,heap     ] GC(40) Old regions: 474->492
[15.476s][info][gc,heap     ] GC(40) Humongous regions: 5->5
[15.476s][info][gc,metaspace] GC(40) Metaspace: 17022K(17216K)->17022K(17216K) NonClass: 15240K(15360K)->15240K(15360K) Class: 1781K(1856K)->1781K(1856K)
[15.476s][info][gc          ] GC(40) Pause Young (Normal) (G1 Evacuation Pause) 597M->498M(829M) 26.743ms
[15.476s][info][gc,cpu      ] GC(40) User=0.04s Sys=0.00s Real=0.03s
[16.032s][info][gc,marking  ] GC(36) Concurrent Rebuild Remembered Sets and Scrub Regions 636.195ms
[16.032s][info][gc,start    ] GC(36) Pause Cleanup
[16.032s][info][gc          ] GC(36) Pause Cleanup 691M->691M(829M) 0.129ms
[16.032s][info][gc,cpu      ] GC(36) User=0.00s Sys=0.00s Real=0.00s
[16.032s][info][gc,marking  ] GC(36) Concurrent Clear Claimed Marks
[16.032s][info][gc,marking  ] GC(36) Concurrent Clear Claimed Marks 0.032ms
[16.032s][info][gc,marking  ] GC(36) Concurrent Cleanup for Next Mark
[16.043s][info][gc,start    ] GC(41) Pause Young (Prepare Mixed) (G1 Evacuation Pause)
[16.043s][info][gc,task     ] GC(41) Using 2 workers of 2 for evacuation
[16.083s][info][gc,phases   ] GC(41)   Pre Evacuate Collection Set: 0.43ms
[16.083s][info][gc,phases   ] GC(41)   Merge Heap Roots: 0.16ms
[16.083s][info][gc,phases   ] GC(41)   Evacuate Collection Set: 39.60ms
[16.083s][info][gc,phases   ] GC(41)   Post Evacuate Collection Set: 0.42ms
[16.084s][info][gc,phases   ] GC(41)   Other: 0.11ms
[16.084s][info][gc,heap     ] GC(41) Eden regions: 199->0(180)
[16.084s][info][gc,heap     ] GC(41) Survivor regions: 1->25(25)
[16.084s][info][gc,heap     ] GC(41) Old regions: 492->502
[16.084s][info][gc,heap     ] GC(41) Humongous regions: 5->5
[16.084s][info][gc,metaspace] GC(41) Metaspace: 17024K(17216K)->17024K(17216K) NonClass: 15242K(15360K)->15242K(15360K) Class: 1781K(1856K)->1781K(1856K)
[16.084s][info][gc          ] GC(41) Pause Young (Prepare Mixed) (G1 Evacuation Pause) 697M->531M(829M) 40.940ms
[16.084s][info][gc,cpu      ] GC(41) User=0.08s Sys=0.00s Real=0.04s
[16.085s][info][gc,marking  ] GC(36) Concurrent Cleanup for Next Mark 52.824ms
[16.085s][info][gc          ] GC(36) Concurrent Mark Cycle 2419.859ms
[16.591s][info][gc,start    ] GC(42) Pause Young (Mixed) (G1 Evacuation Pause)
[16.591s][info][gc,task     ] GC(42) Using 2 workers of 2 for evacuation
[16.647s][info][gc,phases   ] GC(42)   Pre Evacuate Collection Set: 0.42ms
[16.647s][info][gc,phases   ] GC(42)   Merge Heap Roots: 0.48ms
[16.647s][info][gc,phases   ] GC(42)   Evacuate Collection Set: 53.65ms
[16.647s][info][gc,phases   ] GC(42)   Post Evacuate Collection Set: 1.36ms
[16.647s][info][gc,phases   ] GC(42)   Other: 0.11ms
[16.647s][info][gc,heap     ] GC(42) Eden regions: 180->0(222)
[16.647s][info][gc,heap     ] GC(42) Survivor regions: 25->9(26)
[16.647s][info][gc,heap     ] GC(42) Old regions: 502->522
[16.647s][info][gc,heap     ] GC(42) Humongous regions: 5->5
[16.647s][info][gc,metaspace] GC(42) Metaspace: 17098K(17280K)->17098K(17280K) NonClass: 15309K(15424K)->15309K(15424K) Class: 1789K(1856K)->1789K(1856K)
[16.647s][info][gc          ] GC(42) Pause Young (Mixed) (G1 Evacuation Pause) 711M->535M(889M) 56.317ms
[16.647s][info][gc,cpu      ] GC(42) User=0.11s Sys=0.00s Real=0.06s
[17.143s][info][gc,start    ] GC(43) Pause Young (Concurrent Start) (G1 Evacuation Pause)
[17.143s][info][gc,task     ] GC(43) Using 2 workers of 2 for evacuation
[17.231s][info][gc,phases   ] GC(43)   Pre Evacuate Collection Set: 0.35ms
[17.231s][info][gc,phases   ] GC(43)   Merge Heap Roots: 0.15ms
[17.231s][info][gc,phases   ] GC(43)   Evacuate Collection Set: 86.35ms
[17.231s][info][gc,phases   ] GC(43)   Post Evacuate Collection Set: 0.59ms
[17.231s][info][gc,phases   ] GC(43)   Other: 0.14ms
[17.231s][info][gc,heap     ] GC(43) Eden regions: 222->0(163)
[17.231s][info][gc,heap     ] GC(43) Survivor regions: 9->29(29)
[17.231s][info][gc,heap     ] GC(43) Old regions: 522->571
[17.231s][info][gc,heap     ] GC(43) Humongous regions: 5->5
[17.231s][info][gc,metaspace] GC(43) Metaspace: 17122K(17344K)->17122K(17344K) NonClass: 15330K(15488K)->15330K(15488K) Class: 1792K(1856K)->1792K(1856K)
[17.231s][info][gc          ] GC(43) Pause Young (Concurrent Start) (G1 Evacuation Pause) 757M->605M(889M) 87.802ms
[17.231s][info][gc          ] GC(44) Concurrent Mark Cycle
[17.231s][info][gc,marking  ] GC(44) Concurrent Scan Root Regions
[17.231s][info][gc,cpu      ] GC(43) User=0.17s Sys=0.00s Real=0.09s
[17.359s][info][gc,marking  ] GC(44) Concurrent Scan Root Regions 127.775ms
[17.359s][info][gc,marking  ] GC(44) Concurrent Mark
[17.359s][info][gc,marking  ] GC(44) Concurrent Mark From Roots
[17.359s][info][gc,task     ] GC(44) Using 1 workers of 1 for marking
[17.618s][info][gc,start    ] GC(45) Pause Young (Normal) (G1 Evacuation Pause)
[17.618s][info][gc,task     ] GC(45) Using 2 workers of 2 for evacuation
[17.724s][info][gc,phases   ] GC(45)   Pre Evacuate Collection Set: 0.39ms
[17.724s][info][gc,phases   ] GC(45)   Merge Heap Roots: 0.35ms
[17.724s][info][gc,phases   ] GC(45)   Evacuate Collection Set: 104.11ms
[17.724s][info][gc,phases   ] GC(45)   Post Evacuate Collection Set: 0.58ms
[17.724s][info][gc,phases   ] GC(45)   Other: 0.11ms
[17.724s][info][gc,heap     ] GC(45) Eden regions: 163->0(109)
[17.724s][info][gc,heap     ] GC(45) Survivor regions: 29->24(24)
[17.724s][info][gc,heap     ] GC(45) Old regions: 571->646
[17.724s][info][gc,heap     ] GC(45) Humongous regions: 5->5
[17.724s][info][gc,metaspace] GC(45) Metaspace: 17125K(17344K)->17125K(17344K) NonClass: 15333K(15488K)->15333K(15488K) Class: 1792K(1856K)->1792K(1856K)
[17.724s][info][gc          ] GC(45) Pause Young (Normal) (G1 Evacuation Pause) 768M->674M(889M) 105.805ms
[17.724s][info][gc,cpu      ] GC(45) User=0.21s Sys=0.00s Real=0.10s
[17.768s][info][gc,marking  ] GC(44) Concurrent Mark From Roots 409.132ms
[17.768s][info][gc,marking  ] GC(44) Concurrent Preclean
[17.768s][info][gc,marking  ] GC(44) Concurrent Preclean 0.033ms
[17.769s][info][gc,start    ] GC(44) Pause Remark
[17.777s][info][gc          ] GC(44) Pause Remark 692M->355M(889M) 8.433ms
[17.777s][info][gc,cpu      ] GC(44) User=0.01s Sys=0.00s Real=0.01s
[17.777s][info][gc,marking  ] GC(44) Concurrent Mark 418.300ms
[17.777s][info][gc,marking  ] GC(44) Concurrent Rebuild Remembered Sets and Scrub Regions
[17.997s][info][gc,start    ] GC(46) Pause Young (Normal) (G1 Evacuation Pause)
[17.998s][info][gc,task     ] GC(46) Using 2 workers of 2 for evacuation
[18.078s][info][gc,phases   ] GC(46)   Pre Evacuate Collection Set: 0.45ms
[18.078s][info][gc,phases   ] GC(46)   Merge Heap Roots: 0.73ms
[18.078s][info][gc,phases   ] GC(46)   Evacuate Collection Set: 78.56ms
[18.078s][info][gc,phases   ] GC(46)   Post Evacuate Collection Set: 0.55ms
[18.078s][info][gc,phases   ] GC(46)   Other: 0.09ms
[18.078s][info][gc,heap     ] GC(46) Eden regions: 109->0(277)
[18.078s][info][gc,heap     ] GC(46) Survivor regions: 24->17(17)
[18.078s][info][gc,heap     ] GC(46) Old regions: 313->364
[18.078s][info][gc,heap     ] GC(46) Humongous regions: 1->1
[18.078s][info][gc,metaspace] GC(46) Metaspace: 17129K(17344K)->17129K(17344K) NonClass: 15337K(15488K)->15337K(15488K) Class: 1792K(1856K)->1792K(1856K)
[18.078s][info][gc          ] GC(46) Pause Young (Normal) (G1 Evacuation Pause) 446M->382M(889M) 80.641ms
[18.078s][info][gc,cpu      ] GC(46) User=0.16s Sys=0.00s Real=0.08s
[18.130s][info][gc,marking  ] GC(44) Concurrent Rebuild Remembered Sets and Scrub Regions 352.741ms
[18.130s][info][gc,start    ] GC(44) Pause Cleanup
[18.130s][info][gc          ] GC(44) Pause Cleanup 402M->402M(889M) 0.145ms
[18.130s][info][gc,cpu      ] GC(44) User=0.00s Sys=0.00s Real=0.00s
[18.131s][info][gc,marking  ] GC(44) Concurrent Clear Claimed Marks
[18.131s][info][gc,marking  ] GC(44) Concurrent Clear Claimed Marks 0.054ms
[18.131s][info][gc,marking  ] GC(44) Concurrent Cleanup for Next Mark
[18.139s][info][gc,marking  ] GC(44) Concurrent Cleanup for Next Mark 7.986ms
[18.139s][info][gc          ] GC(44) Concurrent Mark Cycle 908.054ms
[18.570s][info][gc,start    ] GC(47) Pause Young (Prepare Mixed) (G1 Evacuation Pause)
[18.570s][info][gc,task     ] GC(47) Using 2 workers of 2 for evacuation
[18.639s][info][gc,phases   ] GC(47)   Pre Evacuate Collection Set: 0.43ms
[18.639s][info][gc,phases   ] GC(47)   Merge Heap Roots: 0.87ms
[18.639s][info][gc,phases   ] GC(47)   Evacuate Collection Set: 66.82ms
[18.639s][info][gc,phases   ] GC(47)   Post Evacuate Collection Set: 0.70ms
[18.639s][info][gc,phases   ] GC(47)   Other: 0.10ms
[18.639s][info][gc,heap     ] GC(47) Eden regions: 277->0(271)
[18.639s][info][gc,heap     ] GC(47) Survivor regions: 17->37(37)
[18.639s][info][gc,heap     ] GC(47) Old regions: 364->369
[18.639s][info][gc,heap     ] GC(47) Humongous regions: 1->1
[18.639s][info][gc,metaspace] GC(47) Metaspace: 17134K(17344K)->17134K(17344K) NonClass: 15342K(15488K)->15342K(15488K) Class: 1792K(1856K)->1792K(1856K)
[18.639s][info][gc          ] GC(47) Pause Young (Prepare Mixed) (G1 Evacuation Pause) 659M->406M(889M) 69.195ms
[18.639s][info][gc,cpu      ] GC(47) User=0.13s Sys=0.00s Real=0.07s
[19.255s][info][gc,start    ] GC(48) Pause Young (Mixed) (G1 Evacuation Pause)
[19.255s][info][gc,task     ] GC(48) Using 2 workers of 2 for evacuation
[19.463s][info][gc,mmu      ] GC(48) MMU target violated: 201.0ms (200.0ms/201.0ms)
[19.463s][info][gc,phases   ] GC(48)   Pre Evacuate Collection Set: 0.45ms
[19.463s][info][gc,phases   ] GC(48)   Merge Heap Roots: 1.10ms
[19.463s][info][gc,phases   ] GC(48)   Evacuate Collection Set: 205.62ms
[19.463s][info][gc,phases   ] GC(48)   Post Evacuate Collection Set: 0.94ms
[19.463s][info][gc,phases   ] GC(48)   Other: 0.14ms
[19.463s][info][gc,heap     ] GC(48) Eden regions: 258->0(232)
[19.463s][info][gc,heap     ] GC(48) Survivor regions: 37->37(37)
[19.463s][info][gc,heap     ] GC(48) Old regions: 369->421
[19.463s][info][gc,heap     ] GC(48) Humongous regions: 7->7
[19.463s][info][gc,metaspace] GC(48) Metaspace: 17146K(17344K)->17146K(17344K) NonClass: 15352K(15488K)->15352K(15488K) Class: 1793K(1856K)->1793K(1856K)
[19.463s][info][gc          ] GC(48) Pause Young (Mixed) (G1 Evacuation Pause) 670M->465M(903M) 208.441ms
[19.463s][info][gc,cpu      ] GC(48) User=0.40s Sys=0.01s Real=0.20s
[19.772s][info][gc,start    ] GC(49) Pause Young (Mixed) (G1 Evacuation Pause)
[19.772s][info][gc,task     ] GC(49) Using 2 workers of 2 for evacuation
[19.882s][info][gc,phases   ] GC(49)   Pre Evacuate Collection Set: 0.29ms
[19.882s][info][gc,phases   ] GC(49)   Merge Heap Roots: 0.54ms
[19.882s][info][gc,phases   ] GC(49)   Evacuate Collection Set: 108.42ms
[19.882s][info][gc,phases   ] GC(49)   Post Evacuate Collection Set: 0.53ms
[19.882s][info][gc,phases   ] GC(49)   Other: 0.09ms
[19.882s][info][gc,heap     ] GC(49) Eden regions: 234->0(244)
[19.882s][info][gc,heap     ] GC(49) Survivor regions: 37->34(34)
[19.882s][info][gc,heap     ] GC(49) Old regions: 421->450
[19.882s][info][gc,heap     ] GC(49) Humongous regions: 7->7
[19.882s][info][gc,metaspace] GC(49) Metaspace: 17147K(17344K)->17147K(17344K) NonClass: 15353K(15488K)->15353K(15488K) Class: 1793K(1856K)->1793K(1856K)
[19.882s][info][gc          ] GC(49) Pause Young (Mixed) (G1 Evacuation Pause) 699M->490M(903M) 110.145ms
[19.882s][info][gc,cpu      ] GC(49) User=0.21s Sys=0.00s Real=0.11s
[20.071s][info][gc,start    ] GC(50) Pause Young (Mixed) (G1 Evacuation Pause)
[20.071s][info][gc,task     ] GC(50) Using 2 workers of 2 for evacuation
[20.135s][info][gc,phases   ] GC(50)   Pre Evacuate Collection Set: 0.30ms
[20.135s][info][gc,phases   ] GC(50)   Merge Heap Roots: 0.35ms
[20.135s][info][gc,phases   ] GC(50)   Evacuate Collection Set: 62.68ms
[20.135s][info][gc,phases   ] GC(50)   Post Evacuate Collection Set: 0.58ms
[20.135s][info][gc,phases   ] GC(50)   Other: 0.10ms
[20.135s][info][gc,heap     ] GC(50) Eden regions: 244->0(285)
[20.135s][info][gc,heap     ] GC(50) Survivor regions: 34->6(35)
[20.135s][info][gc,heap     ] GC(50) Old regions: 450->419
[20.135s][info][gc,heap     ] GC(50) Humongous regions: 7->7
[20.135s][info][gc,metaspace] GC(50) Metaspace: 17150K(17344K)->17150K(17344K) NonClass: 15356K(15488K)->15356K(15488K) Class: 1793K(1856K)->1793K(1856K)
[20.135s][info][gc          ] GC(50) Pause Young (Mixed) (G1 Evacuation Pause) 734M->432M(903M) 64.272ms
[20.135s][info][gc,cpu      ] GC(50) User=0.12s Sys=0.00s Real=0.07s
[20.450s][info][gc,start    ] GC(51) Pause Young (Concurrent Start) (G1 Evacuation Pause)
[20.450s][info][gc,task     ] GC(51) Using 2 workers of 2 for evacuation
[20.489s][info][gc,phases   ] GC(51)   Pre Evacuate Collection Set: 0.38ms
[20.489s][info][gc,phases   ] GC(51)   Merge Heap Roots: 0.47ms
[20.489s][info][gc,phases   ] GC(51)   Evacuate Collection Set: 37.01ms
[20.489s][info][gc,phases   ] GC(51)   Post Evacuate Collection Set: 0.52ms
[20.489s][info][gc,phases   ] GC(51)   Other: 0.20ms
[20.489s][info][gc,heap     ] GC(51) Eden regions: 285->0(302)
[20.489s][info][gc,heap     ] GC(51) Survivor regions: 6->13(37)
[20.489s][info][gc,heap     ] GC(51) Old regions: 419->419
[20.489s][info][gc,heap     ] GC(51) Humongous regions: 7->7
[20.489s][info][gc,metaspace] GC(51) Metaspace: 17166K(17344K)->17166K(17344K) NonClass: 15368K(15488K)->15368K(15488K) Class: 1798K(1856K)->1798K(1856K)
[20.489s][info][gc          ] GC(51) Pause Young (Concurrent Start) (G1 Evacuation Pause) 717M->438M(903M) 38.839ms
[20.489s][info][gc,cpu      ] GC(51) User=0.07s Sys=0.00s Real=0.04s
[20.489s][info][gc          ] GC(52) Concurrent Mark Cycle
[20.489s][info][gc,marking  ] GC(52) Concurrent Scan Root Regions
[20.521s][info][gc,marking  ] GC(52) Concurrent Scan Root Regions 32.047ms
[20.521s][info][gc,marking  ] GC(52) Concurrent Mark
[20.521s][info][gc,marking  ] GC(52) Concurrent Mark From Roots
[20.521s][info][gc,task     ] GC(52) Using 1 workers of 1 for marking
[21.221s][info][gc,start    ] GC(53) Pause Young (Normal) (G1 Evacuation Pause)
[21.221s][info][gc,task     ] GC(53) Using 2 workers of 2 for evacuation
[21.324s][info][gc,phases   ] GC(53)   Pre Evacuate Collection Set: 0.28ms
[21.324s][info][gc,phases   ] GC(53)   Merge Heap Roots: 0.39ms
[21.324s][info][gc,phases   ] GC(53)   Evacuate Collection Set: 101.16ms
[21.324s][info][gc,phases   ] GC(53)   Post Evacuate Collection Set: 1.17ms
[21.324s][info][gc,phases   ] GC(53)   Other: 0.10ms
[21.324s][info][gc,heap     ] GC(53) Eden regions: 302->0(291)
[21.324s][info][gc,heap     ] GC(53) Survivor regions: 13->40(40)
[21.324s][info][gc,heap     ] GC(53) Old regions: 419->437
[21.324s][info][gc,heap     ] GC(53) Humongous regions: 7->7
[21.324s][info][gc,metaspace] GC(53) Metaspace: 17167K(17344K)->17167K(17344K) NonClass: 15369K(15488K)->15369K(15488K) Class: 1798K(1856K)->1798K(1856K)
[21.324s][info][gc          ] GC(53) Pause Young (Normal) (G1 Evacuation Pause) 740M->483M(921M) 103.333ms
[21.325s][info][gc,cpu      ] GC(53) User=0.20s Sys=0.00s Real=0.11s
[21.778s][info][gc,marking  ] GC(52) Concurrent Mark From Roots 1257.102ms
[21.778s][info][gc,marking  ] GC(52) Concurrent Preclean
[21.778s][info][gc,marking  ] GC(52) Concurrent Preclean 0.032ms
[21.779s][info][gc,start    ] GC(52) Pause Remark
[21.787s][info][gc          ] GC(52) Pause Remark 517M->427M(921M) 8.419ms
[21.787s][info][gc,cpu      ] GC(52) User=0.01s Sys=0.00s Real=0.01s
[21.787s][info][gc,marking  ] GC(52) Concurrent Mark 1265.874ms
[21.787s][info][gc,marking  ] GC(52) Concurrent Rebuild Remembered Sets and Scrub Regions
[22.126s][info][gc,marking  ] GC(52) Concurrent Rebuild Remembered Sets and Scrub Regions 338.946ms
[22.127s][info][gc,start    ] GC(52) Pause Cleanup
[22.127s][info][gc          ] GC(52) Pause Cleanup 485M->485M(921M) 0.129ms
[22.127s][info][gc,cpu      ] GC(52) User=0.00s Sys=0.00s Real=0.00s
[22.127s][info][gc,marking  ] GC(52) Concurrent Clear Claimed Marks
[22.127s][info][gc,marking  ] GC(52) Concurrent Clear Claimed Marks 0.038ms
[22.127s][info][gc,marking  ] GC(52) Concurrent Cleanup for Next Mark
[22.138s][info][gc,marking  ] GC(52) Concurrent Cleanup for Next Mark 10.543ms
[22.138s][info][gc          ] GC(52) Concurrent Mark Cycle 1648.474ms
[22.914s][info][gc,start    ] GC(54) Pause Young (Prepare Mixed) (G1 Evacuation Pause)
[22.914s][info][gc,task     ] GC(54) Using 2 workers of 2 for evacuation
[22.965s][info][gc,phases   ] GC(54)   Pre Evacuate Collection Set: 0.29ms
[22.965s][info][gc,phases   ] GC(54)   Merge Heap Roots: 0.39ms
[22.965s][info][gc,phases   ] GC(54)   Evacuate Collection Set: 49.44ms
[22.965s][info][gc,phases   ] GC(54)   Post Evacuate Collection Set: 0.53ms
[22.965s][info][gc,phases   ] GC(54)   Other: 0.09ms
[22.965s][info][gc,heap     ] GC(54) Eden regions: 291->0(365)
[22.965s][info][gc,heap     ] GC(54) Survivor regions: 40->1(42)
[22.965s][info][gc,heap     ] GC(54) Old regions: 350->390
[22.965s][info][gc,heap     ] GC(54) Humongous regions: 4->4
[22.965s][info][gc,metaspace] GC(54) Metaspace: 17199K(17344K)->17199K(17344K) NonClass: 15401K(15488K)->15401K(15488K) Class: 1798K(1856K)->1798K(1856K)
[22.965s][info][gc          ] GC(54) Pause Young (Prepare Mixed) (G1 Evacuation Pause) 684M->395M(921M) 51.029ms
[22.965s][info][gc,cpu      ] GC(54) User=0.10s Sys=0.00s Real=0.06s
[24.141s][info][gc,start    ] GC(55) Pause Young (Mixed) (G1 Evacuation Pause)
[24.141s][info][gc,task     ] GC(55) Using 2 workers of 2 for evacuation
[24.155s][info][gc,phases   ] GC(55)   Pre Evacuate Collection Set: 0.50ms
[24.155s][info][gc,phases   ] GC(55)   Merge Heap Roots: 0.44ms
[24.155s][info][gc,phases   ] GC(55)   Evacuate Collection Set: 11.87ms
[24.155s][info][gc,phases   ] GC(55)   Post Evacuate Collection Set: 0.54ms
[24.155s][info][gc,phases   ] GC(55)   Other: 0.14ms
[24.155s][info][gc,heap     ] GC(55) Eden regions: 365->0(375)
[24.155s][info][gc,heap     ] GC(55) Survivor regions: 1->1(46)
[24.155s][info][gc,heap     ] GC(55) Old regions: 390->368
[24.155s][info][gc,heap     ] GC(55) Humongous regions: 4->4
[24.155s][info][gc,metaspace] GC(55) Metaspace: 17201K(17344K)->17201K(17344K) NonClass: 15403K(15488K)->15403K(15488K) Class: 1798K(1856K)->1798K(1856K)
[24.155s][info][gc          ] GC(55) Pause Young (Mixed) (G1 Evacuation Pause) 760M->373M(921M) 13.708ms
[24.155s][info][gc,cpu      ] GC(55) User=0.03s Sys=0.00s Real=0.02s
[24.768s][info][gc,start    ] GC(56) Pause Young (Concurrent Start) (G1 Evacuation Pause)
[24.768s][info][gc,task     ] GC(56) Using 2 workers of 2 for evacuation
[24.864s][info][gc,phases   ] GC(56)   Pre Evacuate Collection Set: 0.31ms
[24.864s][info][gc,phases   ] GC(56)   Merge Heap Roots: 0.20ms
[24.864s][info][gc,phases   ] GC(56)   Evacuate Collection Set: 94.93ms
[24.864s][info][gc,phases   ] GC(56)   Post Evacuate Collection Set: 0.91ms
[24.864s][info][gc,phases   ] GC(56)   Other: 0.12ms
[24.864s][info][gc,heap     ] GC(56) Eden regions: 375->0(306)
[24.864s][info][gc,heap     ] GC(56) Survivor regions: 1->47(47)
[24.864s][info][gc,heap     ] GC(56) Old regions: 368->415
[24.864s][info][gc,heap     ] GC(56) Humongous regions: 4->4
[24.864s][info][gc,metaspace] GC(56) Metaspace: 17229K(17408K)->17229K(17408K) NonClass: 15430K(15552K)->15430K(15552K) Class: 1798K(1856K)->1798K(1856K)
[24.864s][info][gc          ] GC(56) Pause Young (Concurrent Start) (G1 Evacuation Pause) 748M->465M(921M) 96.733ms
[24.864s][info][gc          ] GC(57) Concurrent Mark Cycle
[24.864s][info][gc,marking  ] GC(57) Concurrent Scan Root Regions
[24.864s][info][gc,cpu      ] GC(56) User=0.19s Sys=0.00s Real=0.10s
[24.983s][info][gc,marking  ] GC(57) Concurrent Scan Root Regions 118.773ms
[24.983s][info][gc,marking  ] GC(57) Concurrent Mark
[24.983s][info][gc,marking  ] GC(57) Concurrent Mark From Roots
[24.983s][info][gc,task     ] GC(57) Using 1 workers of 1 for marking
[25.546s][info][gc,start    ] GC(58) Pause Young (Normal) (G1 Evacuation Pause)
[25.546s][info][gc,task     ] GC(58) Using 2 workers of 2 for evacuation
[25.653s][info][gc,phases   ] GC(58)   Pre Evacuate Collection Set: 0.29ms
[25.653s][info][gc,phases   ] GC(58)   Merge Heap Roots: 0.57ms
[25.653s][info][gc,phases   ] GC(58)   Evacuate Collection Set: 104.80ms
[25.653s][info][gc,phases   ] GC(58)   Post Evacuate Collection Set: 0.72ms
[25.653s][info][gc,phases   ] GC(58)   Other: 0.11ms
[25.653s][info][gc,heap     ] GC(58) Eden regions: 306->0(287)
[25.653s][info][gc,heap     ] GC(58) Survivor regions: 47->38(45)
[25.653s][info][gc,heap     ] GC(58) Old regions: 415->462
[25.653s][info][gc,heap     ] GC(58) Humongous regions: 4->4
[25.653s][info][gc,metaspace] GC(58) Metaspace: 17232K(17408K)->17232K(17408K) NonClass: 15433K(15552K)->15433K(15552K) Class: 1798K(1856K)->1798K(1856K)
[25.653s][info][gc          ] GC(58) Pause Young (Normal) (G1 Evacuation Pause) 771M->504M(921M) 106.749ms
[25.653s][info][gc,cpu      ] GC(58) User=0.21s Sys=0.00s Real=0.10s
[26.354s][info][gc,start    ] GC(59) Pause Young (Normal) (G1 Evacuation Pause)
[26.354s][info][gc,task     ] GC(59) Using 2 workers of 2 for evacuation
[26.479s][info][gc,phases   ] GC(59)   Pre Evacuate Collection Set: 0.27ms
[26.479s][info][gc,phases   ] GC(59)   Merge Heap Roots: 0.74ms
[26.479s][info][gc,phases   ] GC(59)   Evacuate Collection Set: 123.05ms
[26.479s][info][gc,phases   ] GC(59)   Post Evacuate Collection Set: 0.67ms
[26.479s][info][gc,phases   ] GC(59)   Other: 0.11ms
[26.479s][info][gc,heap     ] GC(59) Eden regions: 287->0(244)
[26.479s][info][gc,heap     ] GC(59) Survivor regions: 38->41(41)
[26.479s][info][gc,heap     ] GC(59) Old regions: 462->509
[26.479s][info][gc,heap     ] GC(59) Humongous regions: 8->8
[26.479s][info][gc,metaspace] GC(59) Metaspace: 17233K(17408K)->17233K(17408K) NonClass: 15434K(15552K)->15434K(15552K) Class: 1798K(1856K)->1798K(1856K)
[26.479s][info][gc          ] GC(59) Pause Young (Normal) (G1 Evacuation Pause) 795M->557M(921M) 125.160ms
[26.479s][info][gc,cpu      ] GC(59) User=0.25s Sys=0.00s Real=0.13s
[26.709s][info][gc,marking  ] GC(57) Concurrent Mark From Roots 1725.836ms
[26.709s][info][gc,marking  ] GC(57) Concurrent Preclean
[26.709s][info][gc,marking  ] GC(57) Concurrent Preclean 0.028ms
[26.711s][info][gc,start    ] GC(57) Pause Remark
[26.720s][info][gc          ] GC(57) Pause Remark 699M->691M(921M) 9.291ms
[26.720s][info][gc,cpu      ] GC(57) User=0.02s Sys=0.00s Real=0.01s
[26.720s][info][gc,marking  ] GC(57) Concurrent Mark 1737.066ms
[26.720s][info][gc,marking  ] GC(57) Concurrent Rebuild Remembered Sets and Scrub Regions
[26.882s][info][gc,start    ] GC(60) Pause Young (Normal) (G1 Evacuation Pause)
[26.882s][info][gc,task     ] GC(60) Using 2 workers of 2 for evacuation
[27.040s][info][gc,phases   ] GC(60)   Pre Evacuate Collection Set: 2.01ms
[27.040s][info][gc,phases   ] GC(60)   Merge Heap Roots: 0.63ms
[27.040s][info][gc,phases   ] GC(60)   Evacuate Collection Set: 153.99ms
[27.040s][info][gc,phases   ] GC(60)   Post Evacuate Collection Set: 1.17ms
[27.040s][info][gc,phases   ] GC(60)   Other: 0.09ms
[27.040s][info][gc,heap     ] GC(60) Eden regions: 244->0(235)
[27.040s][info][gc,heap     ] GC(60) Survivor regions: 41->28(36)
[27.040s][info][gc,heap     ] GC(60) Old regions: 501->542
[27.040s][info][gc,heap     ] GC(60) Humongous regions: 8->8
[27.040s][info][gc,metaspace] GC(60) Metaspace: 17235K(17408K)->17235K(17408K) NonClass: 15437K(15552K)->15437K(15552K) Class: 1798K(1856K)->1798K(1856K)
[27.040s][info][gc          ] GC(60) Pause Young (Normal) (G1 Evacuation Pause) 793M->577M(921M) 158.201ms
[27.040s][info][gc,cpu      ] GC(60) User=0.31s Sys=0.00s Real=0.16s
[27.437s][info][gc,start    ] GC(61) Pause Young (Normal) (G1 Evacuation Pause)
[27.437s][info][gc,task     ] GC(61) Using 2 workers of 2 for evacuation
[27.500s][info][gc,phases   ] GC(61)   Pre Evacuate Collection Set: 0.55ms
[27.500s][info][gc,phases   ] GC(61)   Merge Heap Roots: 0.83ms
[27.500s][info][gc,phases   ] GC(61)   Evacuate Collection Set: 61.11ms
[27.500s][info][gc,phases   ] GC(61)   Post Evacuate Collection Set: 0.76ms
[27.500s][info][gc,phases   ] GC(61)   Other: 0.11ms
[27.501s][info][gc,heap     ] GC(61) Eden regions: 235->0(236)
[27.501s][info][gc,heap     ] GC(61) Survivor regions: 28->13(33)
[27.501s][info][gc,heap     ] GC(61) Old regions: 542->570
[27.501s][info][gc,heap     ] GC(61) Humongous regions: 8->8
[27.501s][info][gc,metaspace] GC(61) Metaspace: 17253K(17472K)->17253K(17472K) NonClass: 15454K(15616K)->15454K(15616K) Class: 1798K(1856K)->1798K(1856K)
[27.501s][info][gc          ] GC(61) Pause Young (Normal) (G1 Evacuation Pause) 812M->591M(921M) 63.591ms
[27.501s][info][gc,cpu      ] GC(61) User=0.13s Sys=0.00s Real=0.06s
[27.762s][info][gc,marking  ] GC(57) Concurrent Rebuild Remembered Sets and Scrub Regions 1041.725ms
[27.763s][info][gc,start    ] GC(57) Pause Cleanup
[27.763s][info][gc          ] GC(57) Pause Cleanup 709M->709M(921M) 0.147ms
[27.763s][info][gc,cpu      ] GC(57) User=0.00s Sys=0.00s Real=0.00s
[27.763s][info][gc,marking  ] GC(57) Concurrent Clear Claimed Marks
[27.763s][info][gc,marking  ] GC(57) Concurrent Clear Claimed Marks 0.045ms
[27.763s][info][gc,marking  ] GC(57) Concurrent Cleanup for Next Mark
[27.768s][info][gc,marking  ] GC(57) Concurrent Cleanup for Next Mark 4.811ms
[27.768s][info][gc          ] GC(57) Concurrent Mark Cycle 2903.850ms
[27.973s][info][gc,start    ] GC(62) Pause Young (Prepare Mixed) (G1 Evacuation Pause)
[27.974s][info][gc,task     ] GC(62) Using 2 workers of 2 for evacuation
[28.010s][info][gc,phases   ] GC(62)   Pre Evacuate Collection Set: 0.49ms
[28.010s][info][gc,phases   ] GC(62)   Merge Heap Roots: 0.76ms
[28.010s][info][gc,phases   ] GC(62)   Evacuate Collection Set: 34.57ms
[28.010s][info][gc,phases   ] GC(62)   Post Evacuate Collection Set: 0.61ms
[28.010s][info][gc,phases   ] GC(62)   Other: 0.08ms
[28.010s][info][gc,heap     ] GC(62) Eden regions: 236->0(246)
[28.010s][info][gc,heap     ] GC(62) Survivor regions: 13->17(32)
[28.010s][info][gc,heap     ] GC(62) Old regions: 570->570
[28.010s][info][gc,heap     ] GC(62) Humongous regions: 8->8
[28.010s][info][gc,metaspace] GC(62) Metaspace: 17266K(17472K)->17266K(17472K) NonClass: 15467K(15616K)->15467K(15616K) Class: 1798K(1856K)->1798K(1856K)
[28.010s][info][gc          ] GC(62) Pause Young (Prepare Mixed) (G1 Evacuation Pause) 827M->595M(921M) 36.751ms
[28.010s][info][gc,cpu      ] GC(62) User=0.07s Sys=0.00s Real=0.04s
[28.587s][info][gc,start    ] GC(63) Pause Young (Mixed) (G1 Evacuation Pause)
[28.587s][info][gc,task     ] GC(63) Using 2 workers of 2 for evacuation
[28.660s][info][gc,phases   ] GC(63)   Pre Evacuate Collection Set: 0.47ms
[28.660s][info][gc,phases   ] GC(63)   Merge Heap Roots: 0.83ms
[28.660s][info][gc,phases   ] GC(63)   Evacuate Collection Set: 71.21ms
[28.660s][info][gc,phases   ] GC(63)   Post Evacuate Collection Set: 0.96ms
[28.660s][info][gc,phases   ] GC(63)   Other: 0.10ms
[28.660s][info][gc,heap     ] GC(63) Eden regions: 246->0(32)
[28.660s][info][gc,heap     ] GC(63) Survivor regions: 17->33(33)
[28.660s][info][gc,heap     ] GC(63) Old regions: 570->578
[28.660s][info][gc,heap     ] GC(63) Humongous regions: 8->8
[28.660s][info][gc,metaspace] GC(63) Metaspace: 17273K(17472K)->17273K(17472K) NonClass: 15475K(15616K)->15475K(15616K) Class: 1798K(1856K)->1798K(1856K)
[28.661s][info][gc          ] GC(63) Pause Young (Mixed) (G1 Evacuation Pause) 841M->619M(936M) 73.759ms
[28.661s][info][gc,cpu      ] GC(63) User=0.14s Sys=0.00s Real=0.07s
[28.720s][info][gc,start    ] GC(64) Pause Young (Mixed) (G1 Evacuation Pause)
[28.720s][info][gc,task     ] GC(64) Using 2 workers of 2 for evacuation
[28.908s][info][gc,phases   ] GC(64)   Pre Evacuate Collection Set: 0.46ms
[28.908s][info][gc,phases   ] GC(64)   Merge Heap Roots: 1.19ms
[28.908s][info][gc,phases   ] GC(64)   Evacuate Collection Set: 185.53ms
[28.908s][info][gc,phases   ] GC(64)   Post Evacuate Collection Set: 0.32ms
[28.908s][info][gc,phases   ] GC(64)   Other: 0.09ms
[28.908s][info][gc,heap     ] GC(64) Eden regions: 13->0(231)
[28.908s][info][gc,heap     ] GC(64) Survivor regions: 33->3(6)
[28.908s][info][gc,heap     ] GC(64) Old regions: 578->611
[28.908s][info][gc,heap     ] GC(64) Humongous regions: 8->8
[28.908s][info][gc,metaspace] GC(64) Metaspace: 17275K(17472K)->17275K(17472K) NonClass: 15476K(15616K)->15476K(15616K) Class: 1798K(1856K)->1798K(1856K)
[28.908s][info][gc          ] GC(64) Pause Young (Mixed) (G1 Evacuation Pause) 632M->621M(936M) 187.851ms
[28.908s][info][gc,cpu      ] GC(64) User=0.37s Sys=0.00s Real=0.19s
[29.446s][info][gc,start    ] GC(65) Pause Young (Concurrent Start) (G1 Evacuation Pause)
[29.446s][info][gc,task     ] GC(65) Using 2 workers of 2 for evacuation
[29.475s][info][gc,phases   ] GC(65)   Pre Evacuate Collection Set: 0.42ms
[29.475s][info][gc,phases   ] GC(65)   Merge Heap Roots: 0.20ms
[29.475s][info][gc,phases   ] GC(65)   Evacuate Collection Set: 27.57ms
[29.475s][info][gc,phases   ] GC(65)   Post Evacuate Collection Set: 0.48ms
[29.475s][info][gc,phases   ] GC(65)   Other: 0.19ms
[29.475s][info][gc,heap     ] GC(65) Eden regions: 231->0(221)
[29.475s][info][gc,heap     ] GC(65) Survivor regions: 3->22(30)
[29.475s][info][gc,heap     ] GC(65) Old regions: 611->611
[29.475s][info][gc,heap     ] GC(65) Humongous regions: 8->8
[29.475s][info][gc,metaspace] GC(65) Metaspace: 17298K(17472K)->17298K(17472K) NonClass: 15498K(15616K)->15498K(15616K) Class: 1799K(1856K)->1799K(1856K)
[29.475s][info][gc          ] GC(65) Pause Young (Concurrent Start) (G1 Evacuation Pause) 852M->640M(936M) 29.085ms
[29.475s][info][gc,cpu      ] GC(65) User=0.06s Sys=0.00s Real=0.03s
[29.475s][info][gc          ] GC(66) Concurrent Mark Cycle
[29.479s][info][gc,marking  ] GC(66) Concurrent Scan Root Regions
[29.522s][info][gc,marking  ] GC(66) Concurrent Scan Root Regions 42.764ms
[29.522s][info][gc,marking  ] GC(66) Concurrent Mark
[29.522s][info][gc,marking  ] GC(66) Concurrent Mark From Roots
[29.522s][info][gc,task     ] GC(66) Using 1 workers of 1 for marking
[30.114s][info][gc,start    ] GC(67) Pause Young (Normal) (G1 Evacuation Pause)
[30.114s][info][gc,task     ] GC(67) Using 2 workers of 2 for evacuation
[30.248s][info][gc,phases   ] GC(67)   Pre Evacuate Collection Set: 0.44ms
[30.248s][info][gc,phases   ] GC(67)   Merge Heap Roots: 0.17ms
[30.248s][info][gc,phases   ] GC(67)   Evacuate Collection Set: 129.84ms
[30.248s][info][gc,phases   ] GC(67)   Post Evacuate Collection Set: 3.11ms
[30.248s][info][gc,phases   ] GC(67)   Other: 0.11ms
[30.248s][info][gc,heap     ] GC(67) Eden regions: 221->0(161)
[30.248s][info][gc,heap     ] GC(67) Survivor regions: 22->31(31)
[30.248s][info][gc,heap     ] GC(67) Old regions: 611->668
[30.248s][info][gc,heap     ] GC(67) Humongous regions: 8->8
[30.248s][info][gc,metaspace] GC(67) Metaspace: 17309K(17472K)->17309K(17472K) NonClass: 15509K(15616K)->15509K(15616K) Class: 1799K(1856K)->1799K(1856K)
[30.248s][info][gc          ] GC(67) Pause Young (Normal) (G1 Evacuation Pause) 861M->707M(950M) 133.883ms
[30.248s][info][gc,cpu      ] GC(67) User=0.23s Sys=0.01s Real=0.14s
[30.729s][info][gc,start    ] GC(68) Pause Young (Normal) (G1 Evacuation Pause)
[30.729s][info][gc,task     ] GC(68) Using 2 workers of 2 for evacuation
[30.787s][info][gc,phases   ] GC(68)   Pre Evacuate Collection Set: 0.50ms
[30.787s][info][gc,phases   ] GC(68)   Merge Heap Roots: 0.41ms
[30.787s][info][gc,phases   ] GC(68)   Evacuate Collection Set: 56.44ms
[30.787s][info][gc,phases   ] GC(68)   Post Evacuate Collection Set: 0.53ms
[30.788s][info][gc,phases   ] GC(68)   Other: 0.10ms
[30.788s][info][gc,heap     ] GC(68) Eden regions: 161->0(167)
[30.788s][info][gc,heap     ] GC(68) Survivor regions: 31->5(24)
[30.788s][info][gc,heap     ] GC(68) Old regions: 668->700
[30.788s][info][gc,heap     ] GC(68) Humongous regions: 8->8
[30.788s][info][gc,metaspace] GC(68) Metaspace: 17313K(17472K)->17313K(17472K) NonClass: 15514K(15616K)->15514K(15616K) Class: 1799K(1856K)->1799K(1856K)
[30.788s][info][gc          ] GC(68) Pause Young (Normal) (G1 Evacuation Pause) 868M->712M(950M) 58.264ms
[30.788s][info][gc,cpu      ] GC(68) User=0.12s Sys=0.00s Real=0.06s
[31.182s][info][gc,marking  ] GC(66) Concurrent Mark From Roots 1660.140ms
[31.182s][info][gc,marking  ] GC(66) Concurrent Preclean
[31.182s][info][gc,marking  ] GC(66) Concurrent Preclean 0.029ms
[31.182s][info][gc,start    ] GC(66) Pause Remark
[31.192s][info][gc          ] GC(66) Pause Remark 810M->710M(978M) 9.441ms
[31.192s][info][gc,cpu      ] GC(66) User=0.02s Sys=0.00s Real=0.01s
[31.194s][info][gc,marking  ] GC(66) Concurrent Mark 1672.163ms
[31.194s][info][gc,marking  ] GC(66) Concurrent Rebuild Remembered Sets and Scrub Regions
[31.365s][info][gc,start    ] GC(69) Pause Young (Normal) (G1 Evacuation Pause)
[31.366s][info][gc,task     ] GC(69) Using 2 workers of 2 for evacuation
[31.430s][info][gc,phases   ] GC(69)   Pre Evacuate Collection Set: 0.53ms
[31.430s][info][gc,phases   ] GC(69)   Merge Heap Roots: 0.38ms
[31.430s][info][gc,phases   ] GC(69)   Evacuate Collection Set: 62.68ms
[31.430s][info][gc,phases   ] GC(69)   Post Evacuate Collection Set: 0.61ms
[31.430s][info][gc,phases   ] GC(69)   Other: 0.14ms
[31.430s][info][gc,heap     ] GC(69) Eden regions: 167->0(218)
[31.430s][info][gc,heap     ] GC(69) Survivor regions: 5->22(22)
[31.430s][info][gc,heap     ] GC(69) Old regions: 604->620
[31.430s][info][gc,heap     ] GC(69) Humongous regions: 7->7
[31.430s][info][gc,metaspace] GC(69) Metaspace: 17313K(17472K)->17313K(17472K) NonClass: 15514K(15616K)->15514K(15616K) Class: 1799K(1856K)->1799K(1856K)
[31.430s][info][gc          ] GC(69) Pause Young (Normal) (G1 Evacuation Pause) 782M->649M(978M) 64.602ms
[31.430s][info][gc,cpu      ] GC(69) User=0.13s Sys=0.00s Real=0.06s
[31.849s][info][gc,marking  ] GC(66) Concurrent Rebuild Remembered Sets and Scrub Regions 655.102ms
[31.850s][info][gc,start    ] GC(66) Pause Cleanup
[31.850s][info][gc          ] GC(66) Pause Cleanup 831M->831M(978M) 0.221ms
[31.850s][info][gc,cpu      ] GC(66) User=0.00s Sys=0.00s Real=0.00s
[31.852s][info][gc,marking  ] GC(66) Concurrent Clear Claimed Marks
[31.852s][info][gc,marking  ] GC(66) Concurrent Clear Claimed Marks 0.054ms
[31.852s][info][gc,marking  ] GC(66) Concurrent Cleanup for Next Mark
[31.858s][info][gc,marking  ] GC(66) Concurrent Cleanup for Next Mark 5.693ms
[31.858s][info][gc          ] GC(66) Concurrent Mark Cycle 2382.708ms
[31.889s][info][gc,start    ] GC(70) Pause Young (Prepare Mixed) (G1 Evacuation Pause)
[31.889s][info][gc,task     ] GC(70) Using 2 workers of 2 for evacuation
[31.962s][info][gc,phases   ] GC(70)   Pre Evacuate Collection Set: 0.52ms
[31.962s][info][gc,phases   ] GC(70)   Merge Heap Roots: 0.70ms
[31.962s][info][gc,phases   ] GC(70)   Evacuate Collection Set: 70.74ms
[31.962s][info][gc,phases   ] GC(70)   Post Evacuate Collection Set: 0.61ms
[31.962s][info][gc,phases   ] GC(70)   Other: 0.14ms
[31.962s][info][gc,heap     ] GC(70) Eden regions: 218->0(204)
[31.962s][info][gc,heap     ] GC(70) Survivor regions: 22->26(30)
[31.962s][info][gc,heap     ] GC(70) Old regions: 620->643
[31.962s][info][gc,heap     ] GC(70) Humongous regions: 7->7
[31.962s][info][gc,metaspace] GC(70) Metaspace: 17313K(17472K)->17313K(17472K) NonClass: 15514K(15616K)->15514K(15616K) Class: 1799K(1856K)->1799K(1856K)
[31.962s][info][gc          ] GC(70) Pause Young (Prepare Mixed) (G1 Evacuation Pause) 867M->675M(978M) 72.932ms
[31.962s][info][gc,cpu      ] GC(70) User=0.15s Sys=0.00s Real=0.07s
[32.188s][info][gc,start    ] GC(71) Pause Young (Mixed) (G1 Evacuation Pause)
[32.188s][info][gc,task     ] GC(71) Using 2 workers of 2 for evacuation
[32.239s][info][gc,phases   ] GC(71)   Pre Evacuate Collection Set: 0.55ms
[32.239s][info][gc,phases   ] GC(71)   Merge Heap Roots: 0.71ms
[32.239s][info][gc,phases   ] GC(71)   Evacuate Collection Set: 49.10ms
[32.239s][info][gc,phases   ] GC(71)   Post Evacuate Collection Set: 0.74ms
[32.239s][info][gc,phases   ] GC(71)   Other: 0.15ms
[32.239s][info][gc,heap     ] GC(71) Eden regions: 204->0(289)
[32.239s][info][gc,heap     ] GC(71) Survivor regions: 26->2(29)
[32.239s][info][gc,heap     ] GC(71) Old regions: 643->573
[32.239s][info][gc,heap     ] GC(71) Humongous regions: 7->7
[32.239s][info][gc,metaspace] GC(71) Metaspace: 17313K(17472K)->17313K(17472K) NonClass: 15514K(15616K)->15514K(15616K) Class: 1799K(1856K)->1799K(1856K)
[32.239s][info][gc          ] GC(71) Pause Young (Mixed) (G1 Evacuation Pause) 879M->581M(978M) 51.488ms
[32.239s][info][gc,cpu      ] GC(71) User=0.10s Sys=0.00s Real=0.05s
[32.635s][info][gc,start    ] GC(72) Pause Young (Mixed) (G1 Evacuation Pause)
[32.635s][info][gc,task     ] GC(72) Using 2 workers of 2 for evacuation
[32.789s][info][gc,phases   ] GC(72)   Pre Evacuate Collection Set: 0.33ms
[32.789s][info][gc,phases   ] GC(72)   Merge Heap Roots: 1.70ms
[32.789s][info][gc,phases   ] GC(72)   Evacuate Collection Set: 122.86ms
[32.789s][info][gc,phases   ] GC(72)   Merge Optional Heap Roots: 0.98ms
[32.789s][info][gc,phases   ] GC(72)   Evacuate Optional Collection Set: 26.04ms
[32.789s][info][gc,phases   ] GC(72)   Post Evacuate Collection Set: 2.35ms
[32.789s][info][gc,phases   ] GC(72)   Other: 0.09ms
[32.789s][info][gc,heap     ] GC(72) Eden regions: 289->0(11)
[32.790s][info][gc,heap     ] GC(72) Survivor regions: 2->37(37)
[32.790s][info][gc,heap     ] GC(72) Old regions: 573->547
[32.790s][info][gc,heap     ] GC(72) Humongous regions: 7->7
[32.790s][info][gc,metaspace] GC(72) Metaspace: 17319K(17472K)->17319K(17472K) NonClass: 15520K(15616K)->15520K(15616K) Class: 1799K(1856K)->1799K(1856K)
[32.790s][info][gc          ] GC(72) Pause Young (Mixed) (G1 Evacuation Pause) 870M->590M(978M) 154.612ms
[32.790s][info][gc,cpu      ] GC(72) User=0.30s Sys=0.00s Real=0.15s
[32.810s][info][gc,start    ] GC(73) Pause Young (Mixed) (G1 Evacuation Pause)
[32.810s][info][gc,task     ] GC(73) Using 2 workers of 2 for evacuation
[32.991s][info][gc,phases   ] GC(73)   Pre Evacuate Collection Set: 0.45ms
[32.991s][info][gc,phases   ] GC(73)   Merge Heap Roots: 2.84ms
[32.991s][info][gc,phases   ] GC(73)   Evacuate Collection Set: 177.20ms
[32.991s][info][gc,phases   ] GC(73)   Post Evacuate Collection Set: 0.34ms
[32.991s][info][gc,phases   ] GC(73)   Other: 0.09ms
[32.991s][info][gc,heap     ] GC(73) Eden regions: 11->0(268)
[32.991s][info][gc,heap     ] GC(73) Survivor regions: 37->3(6)
[32.991s][info][gc,heap     ] GC(73) Old regions: 547->583
[32.991s][info][gc,heap     ] GC(73) Humongous regions: 7->7
[32.991s][info][gc,metaspace] GC(73) Metaspace: 17319K(17472K)->17319K(17472K) NonClass: 15520K(15616K)->15520K(15616K) Class: 1799K(1856K)->1799K(1856K)
[32.991s][info][gc          ] GC(73) Pause Young (Mixed) (G1 Evacuation Pause) 601M->592M(978M) 181.151ms
[32.991s][info][gc,cpu      ] GC(73) User=0.36s Sys=0.01s Real=0.18s
[33.536s][info][gc,start    ] GC(74) Pause Young (Concurrent Start) (G1 Evacuation Pause)
[33.536s][info][gc,task     ] GC(74) Using 2 workers of 2 for evacuation
[33.609s][info][gc,phases   ] GC(74)   Pre Evacuate Collection Set: 0.36ms
[33.609s][info][gc,phases   ] GC(74)   Merge Heap Roots: 0.29ms
[33.609s][info][gc,phases   ] GC(74)   Evacuate Collection Set: 70.95ms
[33.609s][info][gc,phases   ] GC(74)   Post Evacuate Collection Set: 0.58ms
[33.609s][info][gc,phases   ] GC(74)   Other: 0.12ms
[33.609s][info][gc,heap     ] GC(74) Eden regions: 268->0(210)
[33.609s][info][gc,heap     ] GC(74) Survivor regions: 3->34(34)
[33.609s][info][gc,heap     ] GC(74) Old regions: 583->616
[33.609s][info][gc,heap     ] GC(74) Humongous regions: 7->7
[33.609s][info][gc,metaspace] GC(74) Metaspace: 17321K(17472K)->17321K(17472K) NonClass: 15522K(15616K)->15522K(15616K) Class: 1799K(1856K)->1799K(1856K)
[33.609s][info][gc          ] GC(74) Pause Young (Concurrent Start) (G1 Evacuation Pause) 860M->657M(978M) 72.612ms
[33.609s][info][gc          ] GC(75) Concurrent Mark Cycle
[33.609s][info][gc,marking  ] GC(75) Concurrent Scan Root Regions
[33.611s][info][gc,cpu      ] GC(74) User=0.14s Sys=0.00s Real=0.07s
[33.693s][info][gc,marking  ] GC(75) Concurrent Scan Root Regions 84.656ms
[33.694s][info][gc,marking  ] GC(75) Concurrent Mark
[33.694s][info][gc,marking  ] GC(75) Concurrent Mark From Roots
[33.694s][info][gc,task     ] GC(75) Using 1 workers of 1 for marking
[34.308s][info][gc,start    ] GC(76) Pause Young (Normal) (G1 Evacuation Pause)
[34.308s][info][gc,task     ] GC(76) Using 2 workers of 2 for evacuation
[34.403s][info][gc,phases   ] GC(76)   Pre Evacuate Collection Set: 0.31ms
[34.403s][info][gc,phases   ] GC(76)   Merge Heap Roots: 0.41ms
[34.403s][info][gc,phases   ] GC(76)   Evacuate Collection Set: 94.30ms
[34.403s][info][gc,phases   ] GC(76)   Post Evacuate Collection Set: 0.52ms
[34.403s][info][gc,phases   ] GC(76)   Other: 0.11ms
[34.403s][info][gc,heap     ] GC(76) Eden regions: 210->0(175)
[34.403s][info][gc,heap     ] GC(76) Survivor regions: 34->31(31)
[34.403s][info][gc,heap     ] GC(76) Old regions: 616->660
[34.403s][info][gc,heap     ] GC(76) Humongous regions: 10->10
[34.403s][info][gc,metaspace] GC(76) Metaspace: 17324K(17472K)->17324K(17472K) NonClass: 15525K(15616K)->15525K(15616K) Class: 1799K(1856K)->1799K(1856K)
[34.403s][info][gc          ] GC(76) Pause Young (Normal) (G1 Evacuation Pause) 870M->701M(978M) 95.904ms
[34.403s][info][gc,cpu      ] GC(76) User=0.19s Sys=0.00s Real=0.09s
[34.866s][info][gc,start    ] GC(77) Pause Young (Normal) (G1 Evacuation Pause)
[34.866s][info][gc,task     ] GC(77) Using 2 workers of 2 for evacuation
[34.938s][info][gc,phases   ] GC(77)   Pre Evacuate Collection Set: 0.30ms
[34.938s][info][gc,phases   ] GC(77)   Merge Heap Roots: 0.27ms
[34.938s][info][gc,phases   ] GC(77)   Evacuate Collection Set: 70.92ms
[34.938s][info][gc,phases   ] GC(77)   Post Evacuate Collection Set: 0.42ms
[34.938s][info][gc,phases   ] GC(77)   Other: 0.10ms
[34.938s][info][gc,heap     ] GC(77) Eden regions: 175->0(164)
[34.938s][info][gc,heap     ] GC(77) Survivor regions: 31->21(26)
[34.938s][info][gc,heap     ] GC(77) Old regions: 660->692
[34.938s][info][gc,heap     ] GC(77) Humongous regions: 10->10
[34.938s][info][gc,metaspace] GC(77) Metaspace: 17335K(17472K)->17335K(17472K) NonClass: 15536K(15616K)->15536K(15616K) Class: 1799K(1856K)->1799K(1856K)
[34.938s][info][gc          ] GC(77) Pause Young (Normal) (G1 Evacuation Pause) 876M->722M(978M) 72.267ms
[34.938s][info][gc,cpu      ] GC(77) User=0.14s Sys=0.00s Real=0.07s
[35.201s][info][gc,marking  ] GC(75) Concurrent Mark From Roots 1507.651ms
[35.201s][info][gc,marking  ] GC(75) Concurrent Preclean
[35.201s][info][gc,marking  ] GC(75) Concurrent Preclean 0.029ms
[35.202s][info][gc,start    ] GC(75) Pause Remark
[35.211s][info][gc          ] GC(75) Pause Remark 842M->728M(978M) 9.485ms
[35.211s][info][gc,cpu      ] GC(75) User=0.01s Sys=0.00s Real=0.01s
[35.211s][info][gc,marking  ] GC(75) Concurrent Mark 1517.813ms
[35.211s][info][gc,marking  ] GC(75) Concurrent Rebuild Remembered Sets and Scrub Regions
[35.347s][info][gc,start    ] GC(78) Pause Young (Normal) (G1 Evacuation Pause)
[35.347s][info][gc,task     ] GC(78) Using 2 workers of 2 for evacuation
[35.375s][info][gc,phases   ] GC(78)   Pre Evacuate Collection Set: 0.49ms
[35.375s][info][gc,phases   ] GC(78)   Merge Heap Roots: 0.25ms
[35.375s][info][gc,phases   ] GC(78)   Evacuate Collection Set: 27.26ms
[35.375s][info][gc,phases   ] GC(78)   Post Evacuate Collection Set: 0.38ms
[35.375s][info][gc,phases   ] GC(78)   Other: 0.12ms
[35.375s][info][gc,heap     ] GC(78) Eden regions: 164->0(252)
[35.375s][info][gc,heap     ] GC(78) Survivor regions: 21->1(24)
[35.375s][info][gc,heap     ] GC(78) Old regions: 581->601
[35.375s][info][gc,heap     ] GC(78) Humongous regions: 7->7
[35.375s][info][gc,metaspace] GC(78) Metaspace: 17335K(17472K)->17335K(17472K) NonClass: 15536K(15616K)->15536K(15616K) Class: 1799K(1856K)->1799K(1856K)
[35.375s][info][gc          ] GC(78) Pause Young (Normal) (G1 Evacuation Pause) 772M->609M(978M) 28.761ms
[35.375s][info][gc,cpu      ] GC(78) User=0.06s Sys=0.00s Real=0.03s
[35.960s][info][gc,marking  ] GC(75) Concurrent Rebuild Remembered Sets and Scrub Regions 748.431ms
[35.960s][info][gc,start    ] GC(75) Pause Cleanup
[35.960s][info][gc          ] GC(75) Pause Cleanup 844M->844M(978M) 0.173ms
[35.960s][info][gc,cpu      ] GC(75) User=0.00s Sys=0.00s Real=0.00s
[35.961s][info][gc,marking  ] GC(75) Concurrent Clear Claimed Marks
[35.961s][info][gc,marking  ] GC(75) Concurrent Clear Claimed Marks 0.028ms
[35.961s][info][gc,marking  ] GC(75) Concurrent Cleanup for Next Mark
[35.968s][info][gc,marking  ] GC(75) Concurrent Cleanup for Next Mark 7.497ms
[35.968s][info][gc          ] GC(75) Concurrent Mark Cycle 2359.454ms
[35.997s][info][gc,start    ] GC(79) Pause Young (Prepare Mixed) (G1 Evacuation Pause)
[35.997s][info][gc,task     ] GC(79) Using 2 workers of 2 for evacuation
[36.022s][info][gc,phases   ] GC(79)   Pre Evacuate Collection Set: 0.54ms
[36.022s][info][gc,phases   ] GC(79)   Merge Heap Roots: 0.35ms
[36.022s][info][gc,phases   ] GC(79)   Evacuate Collection Set: 23.62ms
[36.022s][info][gc,phases   ] GC(79)   Post Evacuate Collection Set: 0.45ms
[36.022s][info][gc,phases   ] GC(79)   Other: 0.09ms
[36.022s][info][gc,heap     ] GC(79) Eden regions: 252->0(252)
[36.022s][info][gc,heap     ] GC(79) Survivor regions: 1->15(32)
[36.022s][info][gc,heap     ] GC(79) Old regions: 601->601
[36.022s][info][gc,heap     ] GC(79) Humongous regions: 7->7
[36.022s][info][gc,metaspace] GC(79) Metaspace: 17336K(17472K)->17336K(17472K) NonClass: 15537K(15616K)->15537K(15616K) Class: 1799K(1856K)->1799K(1856K)
[36.022s][info][gc          ] GC(79) Pause Young (Prepare Mixed) (G1 Evacuation Pause) 861M->623M(978M) 25.287ms
[36.022s][info][gc,cpu      ] GC(79) User=0.05s Sys=0.00s Real=0.02s
[36.642s][info][gc,start    ] GC(80) Pause Young (Mixed) (G1 Evacuation Pause)
[36.642s][info][gc,task     ] GC(80) Using 2 workers of 2 for evacuation
[36.696s][info][gc,phases   ] GC(80)   Pre Evacuate Collection Set: 0.32ms
[36.696s][info][gc,phases   ] GC(80)   Merge Heap Roots: 0.32ms
[36.696s][info][gc,phases   ] GC(80)   Evacuate Collection Set: 52.68ms
[36.696s][info][gc,phases   ] GC(80)   Post Evacuate Collection Set: 0.59ms
[36.696s][info][gc,phases   ] GC(80)   Other: 0.12ms
[36.696s][info][gc,heap     ] GC(80) Eden regions: 252->0(277)
[36.696s][info][gc,heap     ] GC(80) Survivor regions: 15->33(34)
[36.696s][info][gc,heap     ] GC(80) Old regions: 601->557
[36.696s][info][gc,heap     ] GC(80) Humongous regions: 7->7
[36.696s][info][gc,metaspace] GC(80) Metaspace: 17340K(17472K)->17340K(17472K) NonClass: 15541K(15616K)->15541K(15616K) Class: 1799K(1856K)->1799K(1856K)
[36.696s][info][gc          ] GC(80) Pause Young (Mixed) (G1 Evacuation Pause) 875M->596M(978M) 54.311ms
[36.696s][info][gc,cpu      ] GC(80) User=0.11s Sys=0.00s Real=0.06s
[37.372s][info][gc,start    ] GC(81) Pause Young (Concurrent Start) (G1 Evacuation Pause)
[37.372s][info][gc,task     ] GC(81) Using 2 workers of 2 for evacuation
[37.417s][info][gc,phases   ] GC(81)   Pre Evacuate Collection Set: 0.41ms
[37.417s][info][gc,phases   ] GC(81)   Merge Heap Roots: 0.27ms
[37.417s][info][gc,phases   ] GC(81)   Evacuate Collection Set: 43.37ms
[37.417s][info][gc,phases   ] GC(81)   Post Evacuate Collection Set: 0.52ms
[37.417s][info][gc,phases   ] GC(81)   Other: 0.18ms
[37.417s][info][gc,heap     ] GC(81) Eden regions: 277->0(295)
[37.417s][info][gc,heap     ] GC(81) Survivor regions: 33->19(39)
[37.417s][info][gc,heap     ] GC(81) Old regions: 557->572
[37.417s][info][gc,heap     ] GC(81) Humongous regions: 7->7
[37.417s][info][gc,metaspace] GC(81) Metaspace: 17340K(17472K)->17340K(17472K) NonClass: 15541K(15616K)->15541K(15616K) Class: 1799K(1856K)->1799K(1856K)
[37.417s][info][gc          ] GC(81) Pause Young (Concurrent Start) (G1 Evacuation Pause) 873M->597M(978M) 44.987ms
[37.417s][info][gc,cpu      ] GC(81) User=0.09s Sys=0.00s Real=0.05s
[37.417s][info][gc          ] GC(82) Concurrent Mark Cycle
[37.421s][info][gc,marking  ] GC(82) Concurrent Scan Root Regions
[37.486s][info][gc,marking  ] GC(82) Concurrent Scan Root Regions 64.487ms
[37.486s][info][gc,marking  ] GC(82) Concurrent Mark
[37.486s][info][gc,marking  ] GC(82) Concurrent Mark From Roots
[37.486s][info][gc,task     ] GC(82) Using 1 workers of 1 for marking
[38.706s][info][gc,start    ] GC(83) Pause Young (Normal) (G1 Evacuation Pause)
[38.706s][info][gc,task     ] GC(83) Using 2 workers of 2 for evacuation
[38.742s][info][gc,phases   ] GC(83)   Pre Evacuate Collection Set: 0.51ms
[38.742s][info][gc,phases   ] GC(83)   Merge Heap Roots: 0.65ms
[38.742s][info][gc,phases   ] GC(83)   Evacuate Collection Set: 34.11ms
[38.742s][info][gc,phases   ] GC(83)   Post Evacuate Collection Set: 0.54ms
[38.742s][info][gc,phases   ] GC(83)   Other: 0.08ms
[38.742s][info][gc,heap     ] GC(83) Eden regions: 295->0(306)
[38.742s][info][gc,heap     ] GC(83) Survivor regions: 19->21(40)
[38.742s][info][gc,heap     ] GC(83) Old regions: 572->572
[38.742s][info][gc,heap     ] GC(83) Humongous regions: 7->7
[38.742s][info][gc,metaspace] GC(83) Metaspace: 17341K(17472K)->17341K(17472K) NonClass: 15542K(15616K)->15542K(15616K) Class: 1799K(1856K)->1799K(1856K)
[38.742s][info][gc          ] GC(83) Pause Young (Normal) (G1 Evacuation Pause) 892M->599M(978M) 36.076ms
[38.742s][info][gc,cpu      ] GC(83) User=0.08s Sys=0.00s Real=0.03s
[39.468s][info][gc,marking  ] GC(82) Concurrent Mark From Roots 1981.742ms
[39.468s][info][gc,marking  ] GC(82) Concurrent Preclean
[39.468s][info][gc,marking  ] GC(82) Concurrent Preclean 0.029ms
[39.468s][info][gc,start    ] GC(82) Pause Remark
[39.474s][info][gc          ] GC(82) Pause Remark 872M->871M(978M) 6.432ms
[39.474s][info][gc,cpu      ] GC(82) User=0.01s Sys=0.00s Real=0.01s
[39.477s][info][gc,marking  ] GC(82) Concurrent Mark 1991.278ms
[39.477s][info][gc,marking  ] GC(82) Concurrent Rebuild Remembered Sets and Scrub Regions
[39.541s][info][gc,start    ] GC(84) Pause Young (Normal) (G1 Evacuation Pause)
[39.541s][info][gc,task     ] GC(84) Using 2 workers of 2 for evacuation
[39.648s][info][gc,phases   ] GC(84)   Pre Evacuate Collection Set: 0.29ms
[39.648s][info][gc,phases   ] GC(84)   Merge Heap Roots: 0.18ms
[39.648s][info][gc,phases   ] GC(84)   Evacuate Collection Set: 98.17ms
[39.648s][info][gc,phases   ] GC(84)   Post Evacuate Collection Set: 8.76ms
[39.649s][info][gc,phases   ] GC(84)   Other: 0.08ms
[39.649s][info][gc,heap     ] GC(84) Eden regions: 306->0(119)
[39.649s][info][gc,heap     ] GC(84) Survivor regions: 21->41(41)
[39.649s][info][gc,heap     ] GC(84) Old regions: 572->721
[39.649s][info][gc,heap     ] GC(84) Humongous regions: 6->6
[39.649s][info][gc,metaspace] GC(84) Metaspace: 17342K(17472K)->17342K(17472K) NonClass: 15543K(15616K)->15543K(15616K) Class: 1799K(1856K)->1799K(1856K)
[39.649s][info][gc          ] GC(84) Pause Young (Normal) (G1 Evacuation Pause) (Evacuation Failure: Allocation) 904M->768M(978M) 107.746ms
[39.649s][info][gc,cpu      ] GC(84) User=0.21s Sys=0.00s Real=0.11s
[40.053s][info][gc,start    ] GC(85) Pause Young (Normal) (G1 Evacuation Pause)
[40.053s][info][gc,task     ] GC(85) Using 2 workers of 2 for evacuation
[40.157s][info][gc,phases   ] GC(85)   Pre Evacuate Collection Set: 0.59ms
[40.157s][info][gc,phases   ] GC(85)   Merge Heap Roots: 0.50ms
[40.157s][info][gc,phases   ] GC(85)   Evacuate Collection Set: 102.95ms
[40.157s][info][gc,phases   ] GC(85)   Post Evacuate Collection Set: 0.58ms
[40.157s][info][gc,phases   ] GC(85)   Other: 0.09ms
[40.157s][info][gc,heap     ] GC(85) Eden regions: 119->0(212)
[40.157s][info][gc,heap     ] GC(85) Survivor regions: 41->16(20)
[40.157s][info][gc,heap     ] GC(85) Old regions: 721->668
[40.157s][info][gc,heap     ] GC(85) Humongous regions: 9->9
[40.157s][info][gc,metaspace] GC(85) Metaspace: 17343K(17472K)->17343K(17472K) NonClass: 15544K(15616K)->15544K(15616K) Class: 1799K(1856K)->1799K(1856K)
[40.158s][info][gc          ] GC(85) Pause Young (Normal) (G1 Evacuation Pause) 890M->692M(978M) 104.954ms
[40.158s][info][gc,cpu      ] GC(85) User=0.21s Sys=0.00s Real=0.11s
[40.401s][info][gc,marking  ] GC(82) Concurrent Rebuild Remembered Sets and Scrub Regions 924.251ms
[40.402s][info][gc,start    ] GC(82) Pause Cleanup
[40.402s][info][gc          ] GC(82) Pause Cleanup 862M->862M(978M) 0.114ms
[40.402s][info][gc,cpu      ] GC(82) User=0.00s Sys=0.00s Real=0.00s
[40.402s][info][gc,marking  ] GC(82) Concurrent Clear Claimed Marks
[40.402s][info][gc,marking  ] GC(82) Concurrent Clear Claimed Marks 0.026ms
[40.402s][info][gc,marking  ] GC(82) Concurrent Cleanup for Next Mark
[40.405s][info][gc,marking  ] GC(82) Concurrent Cleanup for Next Mark 2.933ms
[40.405s][info][gc          ] GC(82) Concurrent Mark Cycle 2987.558ms
[40.474s][info][gc,start    ] GC(86) Pause Young (Prepare Mixed) (G1 Evacuation Pause)
[40.474s][info][gc,task     ] GC(86) Using 2 workers of 2 for evacuation
[40.557s][info][gc,phases   ] GC(86)   Pre Evacuate Collection Set: 0.28ms
[40.558s][info][gc,phases   ] GC(86)   Merge Heap Roots: 0.33ms
[40.558s][info][gc,phases   ] GC(86)   Evacuate Collection Set: 81.87ms
[40.558s][info][gc,phases   ] GC(86)   Post Evacuate Collection Set: 0.51ms
[40.558s][info][gc,phases   ] GC(86)   Other: 0.10ms
[40.558s][info][gc,heap     ] GC(86) Eden regions: 212->0(165)
[40.558s][info][gc,heap     ] GC(86) Survivor regions: 16->29(29)
[40.558s][info][gc,heap     ] GC(86) Old regions: 668->696
[40.558s][info][gc,heap     ] GC(86) Humongous regions: 9->9
[40.558s][info][gc,metaspace] GC(86) Metaspace: 17343K(17472K)->17343K(17472K) NonClass: 15544K(15616K)->15544K(15616K) Class: 1799K(1856K)->1799K(1856K)
[40.558s][info][gc          ] GC(86) Pause Young (Prepare Mixed) (G1 Evacuation Pause) 904M->734M(978M) 83.361ms
[40.558s][info][gc,cpu      ] GC(86) User=0.17s Sys=0.00s Real=0.08s
[40.720s][info][gc,start    ] GC(87) Pause Young (Mixed) (G1 Evacuation Pause)
[40.720s][info][gc,task     ] GC(87) Using 2 workers of 2 for evacuation
[40.788s][info][gc,phases   ] GC(87)   Pre Evacuate Collection Set: 0.54ms
[40.788s][info][gc,phases   ] GC(87)   Merge Heap Roots: 0.70ms
[40.788s][info][gc,phases   ] GC(87)   Evacuate Collection Set: 66.23ms
[40.788s][info][gc,phases   ] GC(87)   Post Evacuate Collection Set: 0.47ms
[40.788s][info][gc,phases   ] GC(87)   Other: 0.13ms
[40.788s][info][gc,heap     ] GC(87) Eden regions: 165->0(180)
[40.788s][info][gc,heap     ] GC(87) Survivor regions: 29->5(25)
[40.788s][info][gc,heap     ] GC(87) Old regions: 696->714
[40.788s][info][gc,heap     ] GC(87) Humongous regions: 9->9
[40.788s][info][gc,metaspace] GC(87) Metaspace: 17343K(17472K)->17343K(17472K) NonClass: 15544K(15616K)->15544K(15616K) Class: 1799K(1856K)->1799K(1856K)
[40.788s][info][gc          ] GC(87) Pause Young (Mixed) (G1 Evacuation Pause) 899M->727M(978M) 68.292ms
[40.788s][info][gc,cpu      ] GC(87) User=0.12s Sys=0.00s Real=0.07s
[40.981s][info][gc,start    ] GC(88) Pause Young (Concurrent Start) (G1 Evacuation Pause)
[40.981s][info][gc,task     ] GC(88) Using 2 workers of 2 for evacuation
[41.001s][info][gc,phases   ] GC(88)   Pre Evacuate Collection Set: 0.35ms
[41.001s][info][gc,phases   ] GC(88)   Merge Heap Roots: 0.23ms
[41.001s][info][gc,phases   ] GC(88)   Evacuate Collection Set: 18.25ms
[41.001s][info][gc,phases   ] GC(88)   Post Evacuate Collection Set: 0.41ms
[41.001s][info][gc,phases   ] GC(88)   Other: 0.14ms
[41.001s][info][gc,heap     ] GC(88) Eden regions: 180->0(185)
[41.001s][info][gc,heap     ] GC(88) Survivor regions: 5->10(24)
[41.001s][info][gc,heap     ] GC(88) Old regions: 714->714
[41.001s][info][gc,heap     ] GC(88) Humongous regions: 9->9
[41.001s][info][gc,metaspace] GC(88) Metaspace: 17344K(17472K)->17344K(17472K) NonClass: 15544K(15616K)->15544K(15616K) Class: 1799K(1856K)->1799K(1856K)
[41.001s][info][gc          ] GC(88) Pause Young (Concurrent Start) (G1 Evacuation Pause) 907M->732M(978M) 19.608ms
[41.001s][info][gc          ] GC(89) Concurrent Mark Cycle
[41.001s][info][gc,marking  ] GC(89) Concurrent Scan Root Regions
[41.003s][info][gc,cpu      ] GC(88) User=0.04s Sys=0.00s Real=0.02s
[41.021s][info][gc,marking  ] GC(89) Concurrent Scan Root Regions 20.491ms
[41.021s][info][gc,marking  ] GC(89) Concurrent Mark
[41.021s][info][gc,marking  ] GC(89) Concurrent Mark From Roots
[41.021s][info][gc,task     ] GC(89) Using 1 workers of 1 for marking
[41.477s][info][gc,start    ] GC(90) Pause Young (Normal) (G1 Evacuation Pause)
[41.477s][info][gc,task     ] GC(90) Using 2 workers of 2 for evacuation
[41.512s][info][gc,phases   ] GC(90)   Pre Evacuate Collection Set: 0.31ms
[41.512s][info][gc,phases   ] GC(90)   Merge Heap Roots: 0.20ms
[41.512s][info][gc,phases   ] GC(90)   Evacuate Collection Set: 34.17ms
[41.512s][info][gc,phases   ] GC(90)   Post Evacuate Collection Set: 0.45ms
[41.512s][info][gc,phases   ] GC(90)   Other: 0.10ms
[41.512s][info][gc,heap     ] GC(90) Eden regions: 185->0(155)
[41.512s][info][gc,heap     ] GC(90) Survivor regions: 10->25(25)
[41.512s][info][gc,heap     ] GC(90) Old regions: 714->714
[41.512s][info][gc,heap     ] GC(90) Humongous regions: 9->9
[41.512s][info][gc,metaspace] GC(90) Metaspace: 17357K(17536K)->17357K(17536K) NonClass: 15557K(15680K)->15557K(15680K) Class: 1800K(1856K)->1800K(1856K)
[41.512s][info][gc          ] GC(90) Pause Young (Normal) (G1 Evacuation Pause) 917M->747M(978M) 35.459ms
[41.512s][info][gc,cpu      ] GC(90) User=0.07s Sys=0.00s Real=0.03s
[41.824s][info][gc,start    ] GC(91) Pause Young (Normal) (G1 Evacuation Pause)
[41.824s][info][gc,task     ] GC(91) Using 2 workers of 2 for evacuation
[41.889s][info][gc,phases   ] GC(91)   Pre Evacuate Collection Set: 0.30ms
[41.889s][info][gc,phases   ] GC(91)   Merge Heap Roots: 0.29ms
[41.889s][info][gc,phases   ] GC(91)   Evacuate Collection Set: 63.94ms
[41.889s][info][gc,phases   ] GC(91)   Post Evacuate Collection Set: 0.49ms
[41.889s][info][gc,phases   ] GC(91)   Other: 0.10ms
[41.889s][info][gc,heap     ] GC(91) Eden regions: 155->0(130)
[41.889s][info][gc,heap     ] GC(91) Survivor regions: 25->23(23)
[41.889s][info][gc,heap     ] GC(91) Old regions: 714->743
[41.889s][info][gc,heap     ] GC(91) Humongous regions: 9->9
[41.889s][info][gc,metaspace] GC(91) Metaspace: 17362K(17536K)->17362K(17536K) NonClass: 15561K(15680K)->15561K(15680K) Class: 1800K(1856K)->1800K(1856K)
[41.890s][info][gc          ] GC(91) Pause Young (Normal) (G1 Evacuation Pause) 902M->774M(978M) 65.376ms
[41.890s][info][gc,cpu      ] GC(91) User=0.13s Sys=0.00s Real=0.07s
[42.382s][info][gc,start    ] GC(92) Pause Young (Normal) (G1 Evacuation Pause)
[42.382s][info][gc,task     ] GC(92) Using 2 workers of 2 for evacuation
[42.426s][info][gc,phases   ] GC(92)   Pre Evacuate Collection Set: 0.49ms
[42.426s][info][gc,phases   ] GC(92)   Merge Heap Roots: 0.23ms
[42.426s][info][gc,phases   ] GC(92)   Evacuate Collection Set: 42.08ms
[42.426s][info][gc,phases   ] GC(92)   Post Evacuate Collection Set: 0.43ms
[42.426s][info][gc,phases   ] GC(92)   Other: 0.09ms
[42.426s][info][gc,heap     ] GC(92) Eden regions: 130->0(129)
[42.426s][info][gc,heap     ] GC(92) Survivor regions: 23->12(20)
[42.426s][info][gc,heap     ] GC(92) Old regions: 743->766
[42.426s][info][gc,heap     ] GC(92) Humongous regions: 9->9
[42.426s][info][gc,metaspace] GC(92) Metaspace: 17393K(17536K)->17393K(17536K) NonClass: 15591K(15680K)->15591K(15680K) Class: 1801K(1856K)->1801K(1856K)
[42.426s][info][gc          ] GC(92) Pause Young (Normal) (G1 Evacuation Pause) 904M->786M(978M) 43.531ms
[42.426s][info][gc,cpu      ] GC(92) User=0.08s Sys=0.01s Real=0.05s
[42.825s][info][gc,start    ] GC(93) Pause Young (Normal) (G1 Evacuation Pause)
[42.825s][info][gc,task     ] GC(93) Using 2 workers of 2 for evacuation
[42.853s][info][gc,phases   ] GC(93)   Pre Evacuate Collection Set: 0.29ms
[42.853s][info][gc,phases   ] GC(93)   Merge Heap Roots: 0.11ms
[42.853s][info][gc,phases   ] GC(93)   Evacuate Collection Set: 26.94ms
[42.853s][info][gc,phases   ] GC(93)   Post Evacuate Collection Set: 0.36ms
[42.853s][info][gc,phases   ] GC(93)   Other: 0.07ms
[42.853s][info][gc,heap     ] GC(93) Eden regions: 129->0(107)
[42.853s][info][gc,heap     ] GC(93) Survivor regions: 12->17(18)
[42.853s][info][gc,heap     ] GC(93) Old regions: 766->778
[42.853s][info][gc,heap     ] GC(93) Humongous regions: 9->9
[42.853s][info][gc,metaspace] GC(93) Metaspace: 17395K(17536K)->17395K(17536K) NonClass: 15593K(15680K)->15593K(15680K) Class: 1801K(1856K)->1801K(1856K)
[42.853s][info][gc          ] GC(93) Pause Young (Normal) (G1 Evacuation Pause) 915M->803M(978M) 28.050ms
[42.853s][info][gc,cpu      ] GC(93) User=0.05s Sys=0.00s Real=0.02s
[43.201s][info][gc,start    ] GC(94) Pause Young (Normal) (G1 Evacuation Pause)
[43.201s][info][gc,task     ] GC(94) Using 2 workers of 2 for evacuation
[43.252s][info][gc,phases   ] GC(94)   Pre Evacuate Collection Set: 0.49ms
[43.252s][info][gc,phases   ] GC(94)   Merge Heap Roots: 0.11ms
[43.252s][info][gc,phases   ] GC(94)   Evacuate Collection Set: 49.14ms
[43.252s][info][gc,phases   ] GC(94)   Post Evacuate Collection Set: 0.39ms
[43.252s][info][gc,phases   ] GC(94)   Other: 0.10ms
[43.252s][info][gc,heap     ] GC(94) Eden regions: 107->0(95)
[43.252s][info][gc,heap     ] GC(94) Survivor regions: 17->15(16)
[43.252s][info][gc,heap     ] GC(94) Old regions: 778->794
[43.252s][info][gc,heap     ] GC(94) Humongous regions: 9->9
[43.252s][info][gc,metaspace] GC(94) Metaspace: 17429K(17600K)->17429K(17600K) NonClass: 15624K(15744K)->15624K(15744K) Class: 1805K(1856K)->1805K(1856K)
[43.252s][info][gc          ] GC(94) Pause Young (Normal) (G1 Evacuation Pause) 910M->817M(978M) 50.507ms
[43.252s][info][gc,cpu      ] GC(94) User=0.10s Sys=0.00s Real=0.05s
[43.405s][info][gc,marking  ] GC(89) Concurrent Mark From Roots 2383.778ms
[43.405s][info][gc,marking  ] GC(89) Concurrent Preclean
[43.405s][info][gc,marking  ] GC(89) Concurrent Preclean 0.043ms
[43.406s][info][gc,start    ] GC(89) Pause Remark
[43.414s][info][gc          ] GC(89) Pause Remark 880M->725M(978M) 7.317ms
[43.414s][info][gc,cpu      ] GC(89) User=0.02s Sys=0.00s Real=0.00s
[43.416s][info][gc,marking  ] GC(89) Concurrent Mark 2394.961ms
[43.416s][info][gc,marking  ] GC(89) Concurrent Rebuild Remembered Sets and Scrub Regions
[43.522s][info][gc,start    ] GC(95) Pause Young (Normal) (G1 Evacuation Pause)
[43.522s][info][gc,task     ] GC(95) Using 2 workers of 2 for evacuation
[43.547s][info][gc,phases   ] GC(95)   Pre Evacuate Collection Set: 0.51ms
[43.547s][info][gc,phases   ] GC(95)   Merge Heap Roots: 0.26ms
[43.547s][info][gc,phases   ] GC(95)   Evacuate Collection Set: 24.35ms
[43.547s][info][gc,phases   ] GC(95)   Post Evacuate Collection Set: 0.34ms
[43.547s][info][gc,phases   ] GC(95)   Other: 0.08ms
[43.547s][info][gc,heap     ] GC(95) Eden regions: 95->0(228)
[43.547s][info][gc,heap     ] GC(95) Survivor regions: 15->3(14)
[43.547s][info][gc,heap     ] GC(95) Old regions: 642->657
[43.547s][info][gc,heap     ] GC(95) Humongous regions: 6->6
[43.547s][info][gc,metaspace] GC(95) Metaspace: 17440K(17600K)->17440K(17600K) NonClass: 15635K(15744K)->15635K(15744K) Class: 1805K(1856K)->1805K(1856K)
[43.548s][info][gc          ] GC(95) Pause Young (Normal) (G1 Evacuation Pause) 757M->665M(978M) 25.805ms
[43.548s][info][gc,cpu      ] GC(95) User=0.05s Sys=0.00s Real=0.03s
[44.263s][info][gc,marking  ] GC(89) Concurrent Rebuild Remembered Sets and Scrub Regions 847.165ms
[44.265s][info][gc,start    ] GC(89) Pause Cleanup
[44.265s][info][gc          ] GC(89) Pause Cleanup 867M->867M(978M) 0.142ms
[44.265s][info][gc,cpu      ] GC(89) User=0.00s Sys=0.00s Real=0.00s
[44.266s][info][gc,marking  ] GC(89) Concurrent Clear Claimed Marks
[44.266s][info][gc,marking  ] GC(89) Concurrent Clear Claimed Marks 0.044ms
[44.266s][info][gc,marking  ] GC(89) Concurrent Cleanup for Next Mark
[44.269s][info][gc,marking  ] GC(89) Concurrent Cleanup for Next Mark 3.007ms
[44.269s][info][gc          ] GC(89) Concurrent Mark Cycle 3267.917ms
[44.318s][info][gc,start    ] GC(96) Pause Young (Prepare Mixed) (G1 Evacuation Pause)
[44.318s][info][gc,task     ] GC(96) Using 2 workers of 2 for evacuation
[44.329s][info][gc,phases   ] GC(96)   Pre Evacuate Collection Set: 0.28ms
[44.329s][info][gc,phases   ] GC(96)   Merge Heap Roots: 0.20ms
[44.329s][info][gc,phases   ] GC(96)   Evacuate Collection Set: 10.10ms
[44.329s][info][gc,phases   ] GC(96)   Post Evacuate Collection Set: 0.45ms
[44.329s][info][gc,phases   ] GC(96)   Other: 0.08ms
[44.329s][info][gc,heap     ] GC(96) Eden regions: 228->0(236)
[44.329s][info][gc,heap     ] GC(96) Survivor regions: 3->7(29)
[44.330s][info][gc,heap     ] GC(96) Old regions: 657->657
[44.330s][info][gc,heap     ] GC(96) Humongous regions: 6->6
[44.330s][info][gc,metaspace] GC(96) Metaspace: 17470K(17600K)->17470K(17600K) NonClass: 15665K(15744K)->15665K(15744K) Class: 1805K(1856K)->1805K(1856K)
[44.330s][info][gc          ] GC(96) Pause Young (Prepare Mixed) (G1 Evacuation Pause) 893M->669M(978M) 11.378ms
[44.330s][info][gc,cpu      ] GC(96) User=0.02s Sys=0.00s Real=0.01s
[44.756s][info][gc,start    ] GC(97) Pause Young (Mixed) (G1 Evacuation Pause)
[44.756s][info][gc,task     ] GC(97) Using 2 workers of 2 for evacuation
[44.796s][info][gc,phases   ] GC(97)   Pre Evacuate Collection Set: 0.52ms
[44.796s][info][gc,phases   ] GC(97)   Merge Heap Roots: 0.17ms
[44.796s][info][gc,phases   ] GC(97)   Evacuate Collection Set: 38.20ms
[44.796s][info][gc,phases   ] GC(97)   Post Evacuate Collection Set: 0.56ms
[44.796s][info][gc,phases   ] GC(97)   Other: 0.10ms
[44.796s][info][gc,heap     ] GC(97) Eden regions: 236->0(221)
[44.796s][info][gc,heap     ] GC(97) Survivor regions: 7->31(31)
[44.796s][info][gc,heap     ] GC(97) Old regions: 657->639
[44.796s][info][gc,heap     ] GC(97) Humongous regions: 6->6
[44.796s][info][gc,metaspace] GC(97) Metaspace: 17472K(17600K)->17472K(17600K) NonClass: 15667K(15744K)->15667K(15744K) Class: 1805K(1856K)->1805K(1856K)
[44.796s][info][gc          ] GC(97) Pause Young (Mixed) (G1 Evacuation Pause) 905M->675M(978M) 39.768ms
[44.796s][info][gc,cpu      ] GC(97) User=0.08s Sys=0.00s Real=0.04s
[45.124s][info][gc,start    ] GC(98) Pause Young (Concurrent Start) (G1 Evacuation Pause)
[45.124s][info][gc,task     ] GC(98) Using 2 workers of 2 for evacuation
[45.218s][info][gc,phases   ] GC(98)   Pre Evacuate Collection Set: 0.35ms
[45.219s][info][gc,phases   ] GC(98)   Merge Heap Roots: 0.19ms
[45.219s][info][gc,phases   ] GC(98)   Evacuate Collection Set: 89.19ms
[45.219s][info][gc,phases   ] GC(98)   Post Evacuate Collection Set: 4.70ms
[45.219s][info][gc,phases   ] GC(98)   Other: 0.12ms
[45.219s][info][gc,heap     ] GC(98) Eden regions: 221->0(108)
[45.219s][info][gc,heap     ] GC(98) Survivor regions: 31->32(32)
[45.219s][info][gc,heap     ] GC(98) Old regions: 639->750
[45.219s][info][gc,heap     ] GC(98) Humongous regions: 6->6
[45.219s][info][gc,metaspace] GC(98) Metaspace: 17472K(17600K)->17472K(17600K) NonClass: 15667K(15744K)->15667K(15744K) Class: 1805K(1856K)->1805K(1856K)
[45.219s][info][gc          ] GC(98) Pause Young (Concurrent Start) (G1 Evacuation Pause) (Evacuation Failure: Allocation) 896M->788M(978M) 94.784ms
[45.219s][info][gc          ] GC(99) Concurrent Mark Cycle
[45.219s][info][gc,marking  ] GC(99) Concurrent Scan Root Regions
[45.219s][info][gc,cpu      ] GC(98) User=0.19s Sys=0.00s Real=0.10s
[45.364s][info][gc,marking  ] GC(99) Concurrent Scan Root Regions 145.398ms
[45.364s][info][gc,marking  ] GC(99) Concurrent Mark
[45.364s][info][gc,marking  ] GC(99) Concurrent Mark From Roots
[45.364s][info][gc,task     ] GC(99) Using 1 workers of 1 for marking
[45.414s][info][gc,start    ] GC(100) Pause Young (Normal) (G1 Evacuation Pause)
[45.414s][info][gc,task     ] GC(100) Using 2 workers of 2 for evacuation
[45.466s][info][gc,phases   ] GC(100)   Pre Evacuate Collection Set: 0.53ms
[45.466s][info][gc,phases   ] GC(100)   Merge Heap Roots: 0.57ms
[45.466s][info][gc,phases   ] GC(100)   Evacuate Collection Set: 49.88ms
[45.466s][info][gc,phases   ] GC(100)   Post Evacuate Collection Set: 0.53ms
[45.466s][info][gc,phases   ] GC(100)   Other: 0.09ms
[45.466s][info][gc,heap     ] GC(100) Eden regions: 108->0(168)
[45.466s][info][gc,heap     ] GC(100) Survivor regions: 32->4(18)
[45.466s][info][gc,heap     ] GC(100) Old regions: 750->733
[45.466s][info][gc,heap     ] GC(100) Humongous regions: 6->6
[45.466s][info][gc,metaspace] GC(100) Metaspace: 17473K(17600K)->17473K(17600K) NonClass: 15668K(15744K)->15668K(15744K) Class: 1805K(1856K)->1805K(1856K)
[45.466s][info][gc          ] GC(100) Pause Young (Normal) (G1 Evacuation Pause) 896M->742M(978M) 51.854ms
[45.466s][info][gc,cpu      ] GC(100) User=0.10s Sys=0.00s Real=0.06s
[45.818s][info][gc,start    ] GC(101) Pause Young (Normal) (G1 Evacuation Pause)
[45.818s][info][gc,task     ] GC(101) Using 2 workers of 2 for evacuation
[45.887s][info][gc,phases   ] GC(101)   Pre Evacuate Collection Set: 0.31ms
[45.887s][info][gc,phases   ] GC(101)   Merge Heap Roots: 0.35ms
[45.887s][info][gc,phases   ] GC(101)   Evacuate Collection Set: 67.75ms
[45.887s][info][gc,phases   ] GC(101)   Post Evacuate Collection Set: 0.50ms
[45.887s][info][gc,phases   ] GC(101)   Other: 0.09ms
[45.887s][info][gc,heap     ] GC(101) Eden regions: 168->0(118)
[45.887s][info][gc,heap     ] GC(101) Survivor regions: 4->22(22)
[45.887s][info][gc,heap     ] GC(101) Old regions: 733->757
[45.887s][info][gc,heap     ] GC(101) Humongous regions: 9->9
[45.887s][info][gc,metaspace] GC(101) Metaspace: 17473K(17600K)->17473K(17600K) NonClass: 15668K(15744K)->15668K(15744K) Class: 1805K(1856K)->1805K(1856K)
[45.887s][info][gc          ] GC(101) Pause Young (Normal) (G1 Evacuation Pause) 913M->788M(978M) 69.262ms
[45.887s][info][gc,cpu      ] GC(101) User=0.13s Sys=0.00s Real=0.07s
[46.096s][info][gc,start    ] GC(102) Pause Young (Normal) (G1 Evacuation Pause)
[46.096s][info][gc,task     ] GC(102) Using 2 workers of 2 for evacuation
[46.156s][info][gc,phases   ] GC(102)   Pre Evacuate Collection Set: 0.30ms
[46.156s][info][gc,phases   ] GC(102)   Merge Heap Roots: 0.38ms
[46.156s][info][gc,phases   ] GC(102)   Evacuate Collection Set: 59.56ms
[46.156s][info][gc,phases   ] GC(102)   Post Evacuate Collection Set: 0.37ms
[46.156s][info][gc,phases   ] GC(102)   Other: 0.07ms
[46.156s][info][gc,heap     ] GC(102) Eden regions: 118->0(107)
[46.156s][info][gc,heap     ] GC(102) Survivor regions: 22->16(18)
[46.156s][info][gc,heap     ] GC(102) Old regions: 757->780
[46.156s][info][gc,heap     ] GC(102) Humongous regions: 9->9
[46.156s][info][gc,metaspace] GC(102) Metaspace: 17473K(17600K)->17473K(17600K) NonClass: 15668K(15744K)->15668K(15744K) Class: 1805K(1856K)->1805K(1856K)
[46.156s][info][gc          ] GC(102) Pause Young (Normal) (G1 Evacuation Pause) 906M->804M(978M) 60.923ms
[46.156s][info][gc,cpu      ] GC(102) User=0.12s Sys=0.00s Real=0.06s
[46.309s][info][gc,start    ] GC(103) Pause Young (Normal) (G1 Evacuation Pause)
[46.309s][info][gc,task     ] GC(103) Using 2 workers of 2 for evacuation
[46.329s][info][gc,phases   ] GC(103)   Pre Evacuate Collection Set: 0.51ms
[46.329s][info][gc,phases   ] GC(103)   Merge Heap Roots: 0.14ms
[46.329s][info][gc,phases   ] GC(103)   Evacuate Collection Set: 18.03ms
[46.329s][info][gc,phases   ] GC(103)   Post Evacuate Collection Set: 0.31ms
[46.329s][info][gc,phases   ] GC(103)   Other: 0.08ms
[46.329s][info][gc,heap     ] GC(103) Eden regions: 107->0(122)
[46.329s][info][gc,heap     ] GC(103) Survivor regions: 16->1(16)
[46.329s][info][gc,heap     ] GC(103) Old regions: 780->795
[46.329s][info][gc,heap     ] GC(103) Humongous regions: 9->9
[46.329s][info][gc,metaspace] GC(103) Metaspace: 17473K(17600K)->17473K(17600K) NonClass: 15668K(15744K)->15668K(15744K) Class: 1805K(1856K)->1805K(1856K)
[46.329s][info][gc          ] GC(103) Pause Young (Normal) (G1 Evacuation Pause) 911M->805M(978M) 19.296ms
[46.329s][info][gc,cpu      ] GC(103) User=0.04s Sys=0.00s Real=0.02s
[46.523s][info][gc,start    ] GC(104) Pause Young (Normal) (G1 Evacuation Pause)
[46.523s][info][gc,task     ] GC(104) Using 2 workers of 2 for evacuation
[46.532s][info][gc,phases   ] GC(104)   Pre Evacuate Collection Set: 0.52ms
[46.532s][info][gc,phases   ] GC(104)   Merge Heap Roots: 0.25ms
[46.532s][info][gc,phases   ] GC(104)   Evacuate Collection Set: 7.73ms
[46.532s][info][gc,phases   ] GC(104)   Post Evacuate Collection Set: 0.33ms
[46.532s][info][gc,phases   ] GC(104)   Other: 0.09ms
[46.532s][info][gc,heap     ] GC(104) Eden regions: 122->0(120)
[46.532s][info][gc,heap     ] GC(104) Survivor regions: 1->2(16)
[46.532s][info][gc,heap     ] GC(104) Old regions: 795->795
[46.532s][info][gc,heap     ] GC(104) Humongous regions: 9->9
[46.532s][info][gc,metaspace] GC(104) Metaspace: 17473K(17600K)->17473K(17600K) NonClass: 15668K(15744K)->15668K(15744K) Class: 1805K(1856K)->1805K(1856K)
[46.532s][info][gc          ] GC(104) Pause Young (Normal) (G1 Evacuation Pause) 927M->805M(978M) 9.154ms
[46.532s][info][gc,cpu      ] GC(104) User=0.02s Sys=0.00s Real=0.01s
[46.753s][info][gc,start    ] GC(105) Pause Young (Normal) (G1 Evacuation Pause)
[46.753s][info][gc,task     ] GC(105) Using 2 workers of 2 for evacuation
[46.762s][info][gc,phases   ] GC(105)   Pre Evacuate Collection Set: 0.51ms
[46.762s][info][gc,phases   ] GC(105)   Merge Heap Roots: 0.10ms
[46.762s][info][gc,phases   ] GC(105)   Evacuate Collection Set: 7.88ms
[46.762s][info][gc,phases   ] GC(105)   Post Evacuate Collection Set: 0.34ms
[46.762s][info][gc,phases   ] GC(105)   Other: 0.07ms
[46.762s][info][gc,heap     ] GC(105) Eden regions: 120->0(112)
[46.762s][info][gc,heap     ] GC(105) Survivor regions: 2->6(16)
[46.762s][info][gc,heap     ] GC(105) Old regions: 795->795
[46.762s][info][gc,heap     ] GC(105) Humongous regions: 9->9
[46.762s][info][gc,metaspace] GC(105) Metaspace: 17473K(17600K)->17473K(17600K) NonClass: 15668K(15744K)->15668K(15744K) Class: 1805K(1856K)->1805K(1856K)
[46.762s][info][gc          ] GC(105) Pause Young (Normal) (G1 Evacuation Pause) 925M->809M(978M) 9.124ms
[46.762s][info][gc,cpu      ] GC(105) User=0.02s Sys=0.00s Real=0.01s
[46.947s][info][gc,marking  ] GC(99) Concurrent Mark From Roots 1582.331ms
[46.947s][info][gc,marking  ] GC(99) Concurrent Preclean
[46.947s][info][gc,marking  ] GC(99) Concurrent Preclean 0.032ms
[46.948s][info][gc,start    ] GC(99) Pause Remark
[46.955s][info][gc          ] GC(99) Pause Remark 892M->758M(978M) 6.895ms
[46.955s][info][gc,cpu      ] GC(99) User=0.01s Sys=0.00s Real=0.01s
[46.955s][info][gc,marking  ] GC(99) Concurrent Mark 1591.120ms
[46.955s][info][gc,marking  ] GC(99) Concurrent Rebuild Remembered Sets and Scrub Regions
[47.164s][info][gc,start    ] GC(106) Pause Young (Normal) (G1 Evacuation Pause)
[47.164s][info][gc,task     ] GC(106) Using 2 workers of 2 for evacuation
[47.207s][info][gc,phases   ] GC(106)   Pre Evacuate Collection Set: 0.48ms
[47.207s][info][gc,phases   ] GC(106)   Merge Heap Roots: 0.63ms
[47.207s][info][gc,phases   ] GC(106)   Evacuate Collection Set: 41.25ms
[47.207s][info][gc,phases   ] GC(106)   Post Evacuate Collection Set: 0.35ms
[47.207s][info][gc,phases   ] GC(106)   Other: 0.08ms
[47.207s][info][gc,heap     ] GC(106) Eden regions: 112->0(209)
[47.207s][info][gc,heap     ] GC(106) Survivor regions: 6->15(15)
[47.207s][info][gc,heap     ] GC(106) Old regions: 663->664
[47.207s][info][gc,heap     ] GC(106) Humongous regions: 7->7
[47.207s][info][gc,metaspace] GC(106) Metaspace: 17473K(17600K)->17473K(17600K) NonClass: 15668K(15744K)->15668K(15744K) Class: 1805K(1856K)->1805K(1856K)
[47.207s][info][gc          ] GC(106) Pause Young (Normal) (G1 Evacuation Pause) 787M->685M(978M) 43.053ms
[47.207s][info][gc,cpu      ] GC(106) User=0.09s Sys=0.00s Real=0.04s
[47.749s][info][gc,marking  ] GC(99) Concurrent Rebuild Remembered Sets and Scrub Regions 793.607ms
[47.749s][info][gc,start    ] GC(99) Pause Cleanup
[47.749s][info][gc          ] GC(99) Pause Cleanup 869M->869M(978M) 0.191ms
[47.749s][info][gc,cpu      ] GC(99) User=0.00s Sys=0.00s Real=0.00s
[47.749s][info][gc,marking  ] GC(99) Concurrent Clear Claimed Marks
[47.749s][info][gc,marking  ] GC(99) Concurrent Clear Claimed Marks 0.030ms
[47.749s][info][gc,marking  ] GC(99) Concurrent Cleanup for Next Mark
[47.754s][info][gc,marking  ] GC(99) Concurrent Cleanup for Next Mark 5.025ms
[47.754s][info][gc          ] GC(99) Concurrent Mark Cycle 2535.794ms
[47.837s][info][gc,start    ] GC(107) Pause Young (Prepare Mixed) (G1 Evacuation Pause)
[47.837s][info][gc,task     ] GC(107) Using 2 workers of 2 for evacuation
[47.888s][info][gc,phases   ] GC(107)   Pre Evacuate Collection Set: 0.53ms
[47.888s][info][gc,phases   ] GC(107)   Merge Heap Roots: 0.78ms
[47.888s][info][gc,phases   ] GC(107)   Evacuate Collection Set: 49.04ms
[47.888s][info][gc,phases   ] GC(107)   Post Evacuate Collection Set: 0.52ms
[47.888s][info][gc,phases   ] GC(107)   Other: 0.11ms
[47.888s][info][gc,heap     ] GC(107) Eden regions: 209->0(192)
[47.888s][info][gc,heap     ] GC(107) Survivor regions: 15->28(28)
[47.888s][info][gc,heap     ] GC(107) Old regions: 664->673
[47.888s][info][gc,heap     ] GC(107) Humongous regions: 7->7
[47.888s][info][gc,metaspace] GC(107) Metaspace: 17474K(17600K)->17474K(17600K) NonClass: 15669K(15744K)->15669K(15744K) Class: 1805K(1856K)->1805K(1856K)
[47.888s][info][gc          ] GC(107) Pause Young (Prepare Mixed) (G1 Evacuation Pause) 894M->707M(978M) 51.194ms
[47.888s][info][gc,cpu      ] GC(107) User=0.10s Sys=0.00s Real=0.05s
[48.231s][info][gc,start    ] GC(108) Pause Young (Mixed) (G1 Evacuation Pause)
[48.231s][info][gc,task     ] GC(108) Using 2 workers of 2 for evacuation
[48.316s][info][gc,phases   ] GC(108)   Pre Evacuate Collection Set: 0.35ms
[48.316s][info][gc,phases   ] GC(108)   Merge Heap Roots: 0.69ms
[48.316s][info][gc,phases   ] GC(108)   Evacuate Collection Set: 83.38ms
[48.316s][info][gc,phases   ] GC(108)   Post Evacuate Collection Set: 0.58ms
[48.317s][info][gc,phases   ] GC(108)   Other: 0.10ms
[48.317s][info][gc,heap     ] GC(108) Eden regions: 192->0(201)
[48.317s][info][gc,heap     ] GC(108) Survivor regions: 28->28(28)
[48.317s][info][gc,heap     ] GC(108) Old regions: 673->651
[48.317s][info][gc,heap     ] GC(108) Humongous regions: 7->7
[48.317s][info][gc,metaspace] GC(108) Metaspace: 17475K(17600K)->17475K(17600K) NonClass: 15669K(15744K)->15669K(15744K) Class: 1805K(1856K)->1805K(1856K)
[48.317s][info][gc          ] GC(108) Pause Young (Mixed) (G1 Evacuation Pause) 899M->686M(978M) 85.349ms
[48.317s][info][gc,cpu      ] GC(108) User=0.17s Sys=0.00s Real=0.09s
[48.433s][info][gc,start    ] GC(109) Pause Young (Concurrent Start) (G1 Humongous Allocation)
[48.433s][info][gc,task     ] GC(109) Using 2 workers of 2 for evacuation
[48.472s][info][gc,phases   ] GC(109)   Pre Evacuate Collection Set: 0.44ms
[48.472s][info][gc,phases   ] GC(109)   Merge Heap Roots: 0.28ms
[48.472s][info][gc,phases   ] GC(109)   Evacuate Collection Set: 37.46ms
[48.472s][info][gc,phases   ] GC(109)   Post Evacuate Collection Set: 0.39ms
[48.472s][info][gc,phases   ] GC(109)   Other: 0.17ms
[48.472s][info][gc,heap     ] GC(109) Eden regions: 50->0(205)
[48.472s][info][gc,heap     ] GC(109) Survivor regions: 28->7(29)
[48.472s][info][gc,heap     ] GC(109) Old regions: 651->680
[48.472s][info][gc,heap     ] GC(109) Humongous regions: 7->7
[48.472s][info][gc,metaspace] GC(109) Metaspace: 17475K(17600K)->17475K(17600K) NonClass: 15669K(15744K)->15669K(15744K) Class: 1805K(1856K)->1805K(1856K)
[48.472s][info][gc          ] GC(109) Pause Young (Concurrent Start) (G1 Humongous Allocation) 736M->693M(978M) 38.967ms
[48.472s][info][gc          ] GC(110) Concurrent Mark Cycle
[48.472s][info][gc,marking  ] GC(110) Concurrent Scan Root Regions
[48.472s][info][gc,cpu      ] GC(109) User=0.08s Sys=0.00s Real=0.04s
[48.502s][info][gc,marking  ] GC(110) Concurrent Scan Root Regions 29.466ms
[48.502s][info][gc,marking  ] GC(110) Concurrent Mark
[48.502s][info][gc,marking  ] GC(110) Concurrent Mark From Roots
[48.502s][info][gc,task     ] GC(110) Using 1 workers of 1 for marking
[49.109s][info][gc,start    ] GC(111) Pause Young (Normal) (G1 Evacuation Pause)
[49.109s][info][gc,task     ] GC(111) Using 2 workers of 2 for evacuation
[49.131s][info][gc,phases   ] GC(111)   Pre Evacuate Collection Set: 0.29ms
[49.131s][info][gc,phases   ] GC(111)   Merge Heap Roots: 0.26ms
[49.131s][info][gc,phases   ] GC(111)   Evacuate Collection Set: 20.31ms
[49.131s][info][gc,phases   ] GC(111)   Post Evacuate Collection Set: 0.47ms
[49.131s][info][gc,phases   ] GC(111)   Other: 0.13ms
[49.131s][info][gc,heap     ] GC(111) Eden regions: 205->0(211)
[49.131s][info][gc,heap     ] GC(111) Survivor regions: 7->11(27)
[49.131s][info][gc,heap     ] GC(111) Old regions: 680->680
[49.131s][info][gc,heap     ] GC(111) Humongous regions: 8->8
[49.131s][info][gc,metaspace] GC(111) Metaspace: 17475K(17600K)->17475K(17600K) NonClass: 15669K(15744K)->15669K(15744K) Class: 1805K(1856K)->1805K(1856K)
[49.131s][info][gc          ] GC(111) Pause Young (Normal) (G1 Evacuation Pause) 899M->698M(978M) 21.730ms
[49.131s][info][gc,cpu      ] GC(111) User=0.04s Sys=0.00s Real=0.02s
[49.597s][info][gc,start    ] GC(112) Pause Young (Normal) (G1 Evacuation Pause)
[49.598s][info][gc,task     ] GC(112) Using 2 workers of 2 for evacuation
[49.642s][info][gc,phases   ] GC(112)   Pre Evacuate Collection Set: 0.28ms
[49.642s][info][gc,phases   ] GC(112)   Merge Heap Roots: 0.21ms
[49.642s][info][gc,phases   ] GC(112)   Evacuate Collection Set: 43.66ms
[49.642s][info][gc,phases   ] GC(112)   Post Evacuate Collection Set: 0.45ms
[49.642s][info][gc,phases   ] GC(112)   Other: 0.10ms
[49.642s][info][gc,heap     ] GC(112) Eden regions: 211->0(180)
[49.642s][info][gc,heap     ] GC(112) Survivor regions: 11->28(28)
[49.642s][info][gc,heap     ] GC(112) Old regions: 680->684
[49.642s][info][gc,heap     ] GC(112) Humongous regions: 8->8
[49.642s][info][gc,metaspace] GC(112) Metaspace: 17475K(17600K)->17475K(17600K) NonClass: 15669K(15744K)->15669K(15744K) Class: 1805K(1856K)->1805K(1856K)
[49.642s][info][gc          ] GC(112) Pause Young (Normal) (G1 Evacuation Pause) 909M->720M(978M) 44.924ms
[49.642s][info][gc,cpu      ] GC(112) User=0.08s Sys=0.00s Real=0.04s
[49.814s][info][gc,marking  ] GC(110) Concurrent Mark From Roots 1311.769ms
[49.814s][info][gc,marking  ] GC(110) Concurrent Preclean
[49.814s][info][gc,marking  ] GC(110) Concurrent Preclean 0.029ms
[49.814s][info][gc,start    ] GC(110) Pause Remark
[49.821s][info][gc          ] GC(110) Pause Remark 811M->677M(978M) 7.302ms
[49.821s][info][gc,cpu      ] GC(110) User=0.01s Sys=0.00s Real=0.01s
[49.821s][info][gc,marking  ] GC(110) Concurrent Mark 1319.421ms
[49.821s][info][gc,marking  ] GC(110) Concurrent Rebuild Remembered Sets and Scrub Regions
[49.981s][info][gc,start    ] GC(113) Pause Young (Normal) (G1 Evacuation Pause)
[49.982s][info][gc,task     ] GC(113) Using 2 workers of 2 for evacuation
[50.027s][info][gc,phases   ] GC(113)   Pre Evacuate Collection Set: 0.34ms
[50.027s][info][gc,phases   ] GC(113)   Merge Heap Roots: 0.25ms
[50.027s][info][gc,phases   ] GC(113)   Evacuate Collection Set: 44.49ms
[50.027s][info][gc,phases   ] GC(113)   Post Evacuate Collection Set: 0.43ms
[50.027s][info][gc,phases   ] GC(113)   Other: 0.11ms
[50.027s][info][gc,heap     ] GC(113) Eden regions: 180->0(290)
[50.027s][info][gc,heap     ] GC(113) Survivor regions: 28->4(26)
[50.027s][info][gc,heap     ] GC(113) Old regions: 553->582
[50.027s][info][gc,heap     ] GC(113) Humongous regions: 5->5
[50.027s][info][gc,metaspace] GC(113) Metaspace: 17475K(17600K)->17475K(17600K) NonClass: 15669K(15744K)->15669K(15744K) Class: 1805K(1856K)->1805K(1856K)
[50.027s][info][gc          ] GC(113) Pause Young (Normal) (G1 Evacuation Pause) 766M->590M(978M) 45.909ms
[50.027s][info][gc,cpu      ] GC(113) User=0.09s Sys=0.00s Real=0.05s
[50.388s][info][gc,marking  ] GC(110) Concurrent Rebuild Remembered Sets and Scrub Regions 566.693ms
[50.388s][info][gc,start    ] GC(110) Pause Cleanup
[50.389s][info][gc          ] GC(110) Pause Cleanup 745M->745M(978M) 0.175ms
[50.389s][info][gc,cpu      ] GC(110) User=0.00s Sys=0.00s Real=0.00s
[50.389s][info][gc,marking  ] GC(110) Concurrent Clear Claimed Marks
[50.389s][info][gc,marking  ] GC(110) Concurrent Clear Claimed Marks 0.034ms
[50.389s][info][gc,marking  ] GC(110) Concurrent Cleanup for Next Mark
[50.392s][info][gc,marking  ] GC(110) Concurrent Cleanup for Next Mark 2.924ms
[50.392s][info][gc          ] GC(110) Concurrent Mark Cycle 1919.237ms
[50.746s][info][gc,start    ] GC(114) Pause Young (Prepare Mixed) (G1 Evacuation Pause)
[50.746s][info][gc,task     ] GC(114) Using 2 workers of 2 for evacuation
[50.774s][info][gc,phases   ] GC(114)   Pre Evacuate Collection Set: 0.57ms
[50.774s][info][gc,phases   ] GC(114)   Merge Heap Roots: 0.25ms
[50.774s][info][gc,phases   ] GC(114)   Evacuate Collection Set: 26.43ms
[50.774s][info][gc,phases   ] GC(114)   Post Evacuate Collection Set: 0.54ms
[50.774s][info][gc,phases   ] GC(114)   Other: 0.14ms
[50.774s][info][gc,heap     ] GC(114) Eden regions: 290->0(285)
[50.774s][info][gc,heap     ] GC(114) Survivor regions: 4->19(37)
[50.774s][info][gc,heap     ] GC(114) Old regions: 582->582
[50.774s][info][gc,heap     ] GC(114) Humongous regions: 5->5
[50.774s][info][gc,metaspace] GC(114) Metaspace: 17476K(17600K)->17476K(17600K) NonClass: 15670K(15744K)->15670K(15744K) Class: 1805K(1856K)->1805K(1856K)
[50.774s][info][gc          ] GC(114) Pause Young (Prepare Mixed) (G1 Evacuation Pause) 880M->605M(978M) 28.199ms
[50.774s][info][gc,cpu      ] GC(114) User=0.05s Sys=0.00s Real=0.02s
[51.454s][info][gc,start    ] GC(115) Pause Young (Mixed) (G1 Evacuation Pause)
[51.454s][info][gc,task     ] GC(115) Using 2 workers of 2 for evacuation
[51.501s][info][gc,phases   ] GC(115)   Pre Evacuate Collection Set: 0.54ms
[51.502s][info][gc,phases   ] GC(115)   Merge Heap Roots: 0.77ms
[51.502s][info][gc,phases   ] GC(115)   Evacuate Collection Set: 45.05ms
[51.502s][info][gc,phases   ] GC(115)   Post Evacuate Collection Set: 0.69ms
[51.502s][info][gc,phases   ] GC(115)   Other: 0.09ms
[51.502s][info][gc,heap     ] GC(115) Eden regions: 285->0(369)
[51.502s][info][gc,heap     ] GC(115) Survivor regions: 19->21(38)
[51.502s][info][gc,heap     ] GC(115) Old regions: 582->485
[51.502s][info][gc,heap     ] GC(115) Humongous regions: 5->5
[51.502s][info][gc,metaspace] GC(115) Metaspace: 17476K(17600K)->17476K(17600K) NonClass: 15671K(15744K)->15671K(15744K) Class: 1805K(1856K)->1805K(1856K)
[51.502s][info][gc          ] GC(115) Pause Young (Mixed) (G1 Evacuation Pause) 890M->510M(978M) 47.352ms
[51.502s][info][gc,cpu      ] GC(115) User=0.09s Sys=0.00s Real=0.04s
[51.929s][info][gc,start    ] GC(116) Pause Young (Concurrent Start) (G1 Evacuation Pause)
[51.929s][info][gc,task     ] GC(116) Using 2 workers of 2 for evacuation
[52.108s][info][gc,phases   ] GC(116)   Pre Evacuate Collection Set: 0.35ms
[52.108s][info][gc,phases   ] GC(116)   Merge Heap Roots: 0.20ms
[52.108s][info][gc,phases   ] GC(116)   Evacuate Collection Set: 157.05ms
[52.108s][info][gc,phases   ] GC(116)   Post Evacuate Collection Set: 20.49ms
[52.108s][info][gc,phases   ] GC(116)   Other: 0.12ms
[52.108s][info][gc,heap     ] GC(116) Eden regions: 369->0(60)
[52.108s][info][gc,heap     ] GC(116) Survivor regions: 21->49(49)
[52.108s][info][gc,heap     ] GC(116) Old regions: 485->765
[52.108s][info][gc,heap     ] GC(116) Humongous regions: 5->5
[52.108s][info][gc,metaspace] GC(116) Metaspace: 17486K(17600K)->17486K(17600K) NonClass: 15680K(15744K)->15680K(15744K) Class: 1805K(1856K)->1805K(1856K)
[52.108s][info][gc          ] GC(116) Pause Young (Concurrent Start) (G1 Evacuation Pause) (Evacuation Failure: Allocation) 879M->819M(978M) 178.474ms
[52.108s][info][gc,cpu      ] GC(116) User=0.36s Sys=0.00s Real=0.18s
[52.108s][info][gc          ] GC(117) Concurrent Mark Cycle
[52.108s][info][gc,marking  ] GC(117) Concurrent Scan Root Regions
[52.365s][info][gc,marking  ] GC(117) Concurrent Scan Root Regions 256.698ms
[52.365s][info][gc,marking  ] GC(117) Concurrent Mark
[52.365s][info][gc,marking  ] GC(117) Concurrent Mark From Roots
[52.365s][info][gc,task     ] GC(117) Using 1 workers of 1 for marking
[52.417s][info][gc,start    ] GC(118) Pause Young (Normal) (G1 Evacuation Pause)
[52.417s][info][gc,task     ] GC(118) Using 2 workers of 2 for evacuation
[52.529s][info][gc,phases   ] GC(118)   Pre Evacuate Collection Set: 0.45ms
[52.529s][info][gc,phases   ] GC(118)   Merge Heap Roots: 1.07ms
[52.529s][info][gc,phases   ] GC(118)   Evacuate Collection Set: 109.78ms
[52.529s][info][gc,phases   ] GC(118)   Post Evacuate Collection Set: 0.56ms
[52.529s][info][gc,phases   ] GC(118)   Other: 0.08ms
[52.529s][info][gc,heap     ] GC(118) Eden regions: 60->0(215)
[52.529s][info][gc,heap     ] GC(118) Survivor regions: 49->6(14)
[52.529s][info][gc,heap     ] GC(118) Old regions: 765->690
[52.529s][info][gc,heap     ] GC(118) Humongous regions: 5->5
[52.529s][info][gc,metaspace] GC(118) Metaspace: 17490K(17600K)->17490K(17600K) NonClass: 15684K(15744K)->15684K(15744K) Class: 1805K(1856K)->1805K(1856K)
[52.529s][info][gc          ] GC(118) Pause Young (Normal) (G1 Evacuation Pause) 879M->700M(978M) 112.266ms
[52.529s][info][gc,cpu      ] GC(118) User=0.22s Sys=0.00s Real=0.11s
[53.048s][info][gc,start    ] GC(119) Pause Young (Normal) (G1 Evacuation Pause)
[53.048s][info][gc,task     ] GC(119) Using 2 workers of 2 for evacuation
[53.127s][info][gc,phases   ] GC(119)   Pre Evacuate Collection Set: 0.57ms
[53.127s][info][gc,phases   ] GC(119)   Merge Heap Roots: 0.65ms
[53.127s][info][gc,phases   ] GC(119)   Evacuate Collection Set: 76.90ms
[53.127s][info][gc,phases   ] GC(119)   Post Evacuate Collection Set: 0.81ms
[53.127s][info][gc,phases   ] GC(119)   Other: 0.11ms
[53.127s][info][gc,heap     ] GC(119) Eden regions: 215->0(227)
[53.127s][info][gc,heap     ] GC(119) Survivor regions: 6->25(28)
[53.127s][info][gc,heap     ] GC(119) Old regions: 690->643
[53.127s][info][gc,heap     ] GC(119) Humongous regions: 8->8
[53.127s][info][gc,metaspace] GC(119) Metaspace: 17492K(17600K)->17492K(17600K) NonClass: 15686K(15744K)->15686K(15744K) Class: 1805K(1856K)->1805K(1856K)
[53.127s][info][gc          ] GC(119) Pause Young (Normal) (G1 Evacuation Pause) 918M->675M(978M) 79.320ms
[53.127s][info][gc,cpu      ] GC(119) User=0.16s Sys=0.00s Real=0.08s
[53.516s][info][gc,marking  ] GC(117) Concurrent Mark From Roots 1151.530ms
[53.516s][info][gc,marking  ] GC(117) Concurrent Preclean
[53.516s][info][gc,marking  ] GC(117) Concurrent Preclean 0.032ms
[53.517s][info][gc,start    ] GC(117) Pause Remark
[53.524s][info][gc          ] GC(117) Pause Remark 805M->668M(978M) 7.081ms
[53.524s][info][gc,cpu      ] GC(117) User=0.01s Sys=0.00s Real=0.00s
[53.524s][info][gc,marking  ] GC(117) Concurrent Mark 1158.971ms
[53.524s][info][gc,marking  ] GC(117) Concurrent Rebuild Remembered Sets and Scrub Regions
[53.779s][info][gc,start    ] GC(120) Pause Young (Normal) (G1 Evacuation Pause)
[53.779s][info][gc,task     ] GC(120) Using 2 workers of 2 for evacuation
[53.869s][info][gc,phases   ] GC(120)   Pre Evacuate Collection Set: 0.32ms
[53.869s][info][gc,phases   ] GC(120)   Merge Heap Roots: 0.92ms
[53.869s][info][gc,phases   ] GC(120)   Evacuate Collection Set: 87.85ms
[53.869s][info][gc,phases   ] GC(120)   Post Evacuate Collection Set: 0.46ms
[53.869s][info][gc,phases   ] GC(120)   Other: 0.09ms
[53.869s][info][gc,heap     ] GC(120) Eden regions: 227->0(303)
[53.869s][info][gc,heap     ] GC(120) Survivor regions: 25->21(32)
[53.869s][info][gc,heap     ] GC(120) Old regions: 508->532
[53.869s][info][gc,heap     ] GC(120) Humongous regions: 9->9
[53.869s][info][gc,metaspace] GC(120) Metaspace: 17493K(17600K)->17493K(17600K) NonClass: 15687K(15744K)->15687K(15744K) Class: 1805K(1856K)->1805K(1856K)
[53.869s][info][gc          ] GC(120) Pause Young (Normal) (G1 Evacuation Pause) 768M->561M(978M) 89.927ms
[53.869s][info][gc,cpu      ] GC(120) User=0.18s Sys=0.00s Real=0.09s
[54.040s][info][gc,marking  ] GC(117) Concurrent Rebuild Remembered Sets and Scrub Regions 516.552ms
[54.040s][info][gc,start    ] GC(117) Pause Cleanup
[54.041s][info][gc          ] GC(117) Pause Cleanup 635M->635M(978M) 0.146ms
[54.041s][info][gc,cpu      ] GC(117) User=0.00s Sys=0.00s Real=0.00s
[54.041s][info][gc,marking  ] GC(117) Concurrent Clear Claimed Marks
[54.041s][info][gc,marking  ] GC(117) Concurrent Clear Claimed Marks 0.033ms
[54.041s][info][gc,marking  ] GC(117) Concurrent Cleanup for Next Mark
[54.044s][info][gc,marking  ] GC(117) Concurrent Cleanup for Next Mark 2.998ms
[54.044s][info][gc          ] GC(117) Concurrent Mark Cycle 1936.406ms
[54.412s][info][gc,start    ] GC(121) Pause Young (Prepare Mixed) (G1 Evacuation Pause)
[54.412s][info][gc,task     ] GC(121) Using 2 workers of 2 for evacuation
[54.446s][info][gc,phases   ] GC(121)   Pre Evacuate Collection Set: 0.34ms
[54.446s][info][gc,phases   ] GC(121)   Merge Heap Roots: 0.13ms
[54.446s][info][gc,phases   ] GC(121)   Evacuate Collection Set: 32.03ms
[54.446s][info][gc,phases   ] GC(121)   Post Evacuate Collection Set: 0.55ms
[54.446s][info][gc,phases   ] GC(121)   Other: 0.12ms
[54.446s][info][gc,heap     ] GC(121) Eden regions: 303->0(321)
[54.446s][info][gc,heap     ] GC(121) Survivor regions: 21->21(41)
[54.446s][info][gc,heap     ] GC(121) Old regions: 532->532
[54.446s][info][gc,heap     ] GC(121) Humongous regions: 9->9
[54.446s][info][gc,metaspace] GC(121) Metaspace: 17493K(17600K)->17493K(17600K) NonClass: 15687K(15744K)->15687K(15744K) Class: 1805K(1856K)->1805K(1856K)
[54.446s][info][gc          ] GC(121) Pause Young (Prepare Mixed) (G1 Evacuation Pause) 864M->561M(978M) 33.435ms
[54.446s][info][gc,cpu      ] GC(121) User=0.07s Sys=0.00s Real=0.04s
[54.970s][info][gc,start    ] GC(122) Pause Young (Mixed) (G1 Evacuation Pause)
[54.970s][info][gc,task     ] GC(122) Using 2 workers of 2 for evacuation
[55.005s][info][gc,phases   ] GC(122)   Pre Evacuate Collection Set: 0.56ms
[55.005s][info][gc,phases   ] GC(122)   Merge Heap Roots: 0.19ms
[55.005s][info][gc,phases   ] GC(122)   Evacuate Collection Set: 33.40ms
[55.005s][info][gc,phases   ] GC(122)   Post Evacuate Collection Set: 0.59ms
[55.005s][info][gc,phases   ] GC(122)   Other: 0.10ms
[55.005s][info][gc,heap     ] GC(122) Eden regions: 321->0(361)
[55.005s][info][gc,heap     ] GC(122) Survivor regions: 21->21(43)
[55.005s][info][gc,heap     ] GC(122) Old regions: 532->496
[55.005s][info][gc,heap     ] GC(122) Humongous regions: 9->9
[55.005s][info][gc,metaspace] GC(122) Metaspace: 17493K(17600K)->17493K(17600K) NonClass: 15687K(15744K)->15687K(15744K) Class: 1805K(1856K)->1805K(1856K)
[55.005s][info][gc          ] GC(122) Pause Young (Mixed) (G1 Evacuation Pause) 882M->525M(978M) 35.154ms
[55.005s][info][gc,cpu      ] GC(122) User=0.07s Sys=0.00s Real=0.04s
[55.598s][info][gc,start    ] GC(123) Pause Young (Concurrent Start) (G1 Evacuation Pause)
[55.598s][info][gc,task     ] GC(123) Using 2 workers of 2 for evacuation
[55.631s][info][gc,phases   ] GC(123)   Pre Evacuate Collection Set: 0.32ms
[55.631s][info][gc,phases   ] GC(123)   Merge Heap Roots: 0.14ms
[55.632s][info][gc,phases   ] GC(123)   Evacuate Collection Set: 31.98ms
[55.632s][info][gc,phases   ] GC(123)   Post Evacuate Collection Set: 0.60ms
[55.632s][info][gc,phases   ] GC(123)   Other: 0.13ms
[55.632s][info][gc,heap     ] GC(123) Eden regions: 361->0(376)
[55.632s][info][gc,heap     ] GC(123) Survivor regions: 21->21(48)
[55.632s][info][gc,heap     ] GC(123) Old regions: 496->496
[55.632s][info][gc,heap     ] GC(123) Humongous regions: 9->9
[55.632s][info][gc,metaspace] GC(123) Metaspace: 17494K(17600K)->17494K(17600K) NonClass: 15689K(15744K)->15689K(15744K) Class: 1805K(1856K)->1805K(1856K)
[55.632s][info][gc          ] GC(123) Pause Young (Concurrent Start) (G1 Evacuation Pause) 886M->525M(978M) 33.463ms
[55.632s][info][gc,cpu      ] GC(123) User=0.06s Sys=0.01s Real=0.03s
[55.632s][info][gc          ] GC(124) Concurrent Mark Cycle
[55.632s][info][gc,marking  ] GC(124) Concurrent Scan Root Regions
[55.699s][info][gc,marking  ] GC(124) Concurrent Scan Root Regions 67.513ms
[55.699s][info][gc,marking  ] GC(124) Concurrent Mark
[55.699s][info][gc,marking  ] GC(124) Concurrent Mark From Roots
[55.699s][info][gc,task     ] GC(124) Using 1 workers of 1 for marking
[56.831s][info][gc,start    ] GC(125) Pause Young (Normal) (G1 Evacuation Pause)
[56.831s][info][gc,task     ] GC(125) Using 2 workers of 2 for evacuation
[56.879s][info][gc,phases   ] GC(125)   Pre Evacuate Collection Set: 0.52ms
[56.879s][info][gc,phases   ] GC(125)   Merge Heap Roots: 0.16ms
[56.879s][info][gc,phases   ] GC(125)   Evacuate Collection Set: 46.28ms
[56.879s][info][gc,phases   ] GC(125)   Post Evacuate Collection Set: 0.61ms
[56.879s][info][gc,phases   ] GC(125)   Other: 0.13ms
[56.879s][info][gc,heap     ] GC(125) Eden regions: 376->0(357)
[56.879s][info][gc,heap     ] GC(125) Survivor regions: 21->33(50)
[56.879s][info][gc,heap     ] GC(125) Old regions: 496->496
[56.879s][info][gc,heap     ] GC(125) Humongous regions: 9->9
[56.879s][info][gc,metaspace] GC(125) Metaspace: 17494K(17600K)->17494K(17600K) NonClass: 15689K(15744K)->15689K(15744K) Class: 1805K(1856K)->1805K(1856K)
[56.879s][info][gc          ] GC(125) Pause Young (Normal) (G1 Evacuation Pause) 901M->538M(978M) 47.997ms
[56.879s][info][gc,cpu      ] GC(125) User=0.10s Sys=0.00s Real=0.05s
[57.380s][info][gc,start    ] GC(126) Pause Young (Normal) (G1 Evacuation Pause)
[57.380s][info][gc,task     ] GC(126) Using 2 workers of 2 for evacuation
[57.512s][info][gc,phases   ] GC(126)   Pre Evacuate Collection Set: 0.55ms
[57.512s][info][gc,phases   ] GC(126)   Merge Heap Roots: 0.26ms
[57.512s][info][gc,phases   ] GC(126)   Evacuate Collection Set: 124.26ms
[57.512s][info][gc,phases   ] GC(126)   Post Evacuate Collection Set: 6.05ms
[57.512s][info][gc,phases   ] GC(126)   Other: 0.09ms
[57.512s][info][gc,heap     ] GC(126) Eden regions: 357->0(183)
[57.512s][info][gc,heap     ] GC(126) Survivor regions: 33->49(49)
[57.512s][info][gc,heap     ] GC(126) Old regions: 496->638
[57.512s][info][gc,heap     ] GC(126) Humongous regions: 9->9
[57.512s][info][gc,metaspace] GC(126) Metaspace: 17495K(17600K)->17495K(17600K) NonClass: 15689K(15744K)->15689K(15744K) Class: 1805K(1856K)->1805K(1856K)
[57.512s][info][gc          ] GC(126) Pause Young (Normal) (G1 Evacuation Pause) (Evacuation Failure: Allocation) 895M->696M(978M) 131.485ms
[57.512s][info][gc,cpu      ] GC(126) User=0.26s Sys=0.00s Real=0.13s
[57.567s][info][gc,marking  ] GC(124) Concurrent Mark From Roots 1867.368ms
[57.567s][info][gc,marking  ] GC(124) Concurrent Preclean
[57.567s][info][gc,marking  ] GC(124) Concurrent Preclean 0.042ms
[57.567s][info][gc,start    ] GC(124) Pause Remark
[57.574s][info][gc          ] GC(124) Pause Remark 780M->778M(978M) 6.739ms
[57.574s][info][gc,cpu      ] GC(124) User=0.01s Sys=0.00s Real=0.00s
[57.575s][info][gc,marking  ] GC(124) Concurrent Mark 1875.350ms
[57.575s][info][gc,marking  ] GC(124) Concurrent Rebuild Remembered Sets and Scrub Regions
[57.680s][info][gc,start    ] GC(127) Pause Young (Normal) (G1 Evacuation Pause)
[57.680s][info][gc,task     ] GC(127) Using 2 workers of 2 for evacuation
[57.759s][info][gc,phases   ] GC(127)   Pre Evacuate Collection Set: 0.55ms
[57.759s][info][gc,phases   ] GC(127)   Merge Heap Roots: 0.52ms
[57.759s][info][gc,phases   ] GC(127)   Evacuate Collection Set: 76.24ms
[57.759s][info][gc,phases   ] GC(127)   Post Evacuate Collection Set: 0.86ms
[57.759s][info][gc,phases   ] GC(127)   Other: 0.10ms
[57.759s][info][gc,heap     ] GC(127) Eden regions: 183->0(301)
[57.759s][info][gc,heap     ] GC(127) Survivor regions: 49->4(29)
[57.759s][info][gc,heap     ] GC(127) Old regions: 638->590
[57.759s][info][gc,heap     ] GC(127) Humongous regions: 7->7
[57.759s][info][gc,metaspace] GC(127) Metaspace: 17495K(17600K)->17495K(17600K) NonClass: 15689K(15744K)->15689K(15744K) Class: 1805K(1856K)->1805K(1856K)
[57.759s][info][gc          ] GC(127) Pause Young (Normal) (G1 Evacuation Pause) 877M->600M(978M) 78.533ms
[57.759s][info][gc,cpu      ] GC(127) User=0.15s Sys=0.00s Real=0.08s
[58.131s][info][gc,start    ] GC(128) Pause Young (Normal) (G1 Evacuation Pause)
[58.132s][info][gc,task     ] GC(128) Using 2 workers of 2 for evacuation
[58.163s][info][gc,phases   ] GC(128)   Pre Evacuate Collection Set: 0.52ms
[58.163s][info][gc,phases   ] GC(128)   Merge Heap Roots: 0.45ms
[58.163s][info][gc,phases   ] GC(128)   Evacuate Collection Set: 29.75ms
[58.163s][info][gc,phases   ] GC(128)   Post Evacuate Collection Set: 0.65ms
[58.163s][info][gc,phases   ] GC(128)   Other: 0.11ms
[58.163s][info][gc,heap     ] GC(128) Eden regions: 301->0(303)
[58.163s][info][gc,heap     ] GC(128) Survivor regions: 4->11(39)
[58.163s][info][gc,heap     ] GC(128) Old regions: 590->590
[58.163s][info][gc,heap     ] GC(128) Humongous regions: 7->7
[58.163s][info][gc,metaspace] GC(128) Metaspace: 17518K(17728K)->17518K(17728K) NonClass: 15712K(15872K)->15712K(15872K) Class: 1805K(1856K)->1805K(1856K)
[58.163s][info][gc          ] GC(128) Pause Young (Normal) (G1 Evacuation Pause) 901M->607M(978M) 31.762ms
[58.163s][info][gc,cpu      ] GC(128) User=0.07s Sys=0.00s Real=0.03s
[58.355s][info][gc,marking  ] GC(124) Concurrent Rebuild Remembered Sets and Scrub Regions 780.430ms
[58.355s][info][gc,start    ] GC(124) Pause Cleanup
[58.355s][info][gc          ] GC(124) Pause Cleanup 789M->789M(978M) 0.118ms
[58.355s][info][gc,cpu      ] GC(124) User=0.00s Sys=0.00s Real=0.00s
[58.356s][info][gc,marking  ] GC(124) Concurrent Clear Claimed Marks
[58.356s][info][gc,marking  ] GC(124) Concurrent Clear Claimed Marks 0.044ms
[58.356s][info][gc,marking  ] GC(124) Concurrent Cleanup for Next Mark
[58.361s][info][gc,marking  ] GC(124) Concurrent Cleanup for Next Mark 5.005ms
[58.362s][info][gc          ] GC(124) Concurrent Mark Cycle 2729.859ms
[58.507s][info][gc,start    ] GC(129) Pause Young (Prepare Mixed) (G1 Evacuation Pause)
[58.508s][info][gc,task     ] GC(129) Using 2 workers of 2 for evacuation
[58.571s][info][gc,phases   ] GC(129)   Pre Evacuate Collection Set: 0.54ms
[58.571s][info][gc,phases   ] GC(129)   Merge Heap Roots: 0.46ms
[58.571s][info][gc,phases   ] GC(129)   Evacuate Collection Set: 62.01ms
[58.571s][info][gc,phases   ] GC(129)   Post Evacuate Collection Set: 0.73ms
[58.571s][info][gc,phases   ] GC(129)   Other: 0.11ms
[58.571s][info][gc,heap     ] GC(129) Eden regions: 303->0(251)
[58.571s][info][gc,heap     ] GC(129) Survivor regions: 11->40(40)
[58.571s][info][gc,heap     ] GC(129) Old regions: 590->590
[58.572s][info][gc,heap     ] GC(129) Humongous regions: 7->7
[58.572s][info][gc,metaspace] GC(129) Metaspace: 17518K(17728K)->17518K(17728K) NonClass: 15712K(15872K)->15712K(15872K) Class: 1805K(1856K)->1805K(1856K)
[58.572s][info][gc          ] GC(129) Pause Young (Prepare Mixed) (G1 Evacuation Pause) 910M->637M(978M) 64.106ms
[58.572s][info][gc,cpu      ] GC(129) User=0.12s Sys=0.00s Real=0.06s
[59.224s][info][gc,start    ] GC(130) Pause Young (Mixed) (G1 Evacuation Pause)
[59.224s][info][gc,task     ] GC(130) Using 2 workers of 2 for evacuation
[59.336s][info][gc,phases   ] GC(130)   Pre Evacuate Collection Set: 0.30ms
[59.336s][info][gc,phases   ] GC(130)   Merge Heap Roots: 0.93ms
[59.336s][info][gc,phases   ] GC(130)   Evacuate Collection Set: 109.09ms
[59.336s][info][gc,phases   ] GC(130)   Post Evacuate Collection Set: 0.87ms
[59.336s][info][gc,phases   ] GC(130)   Other: 0.09ms
[59.336s][info][gc,heap     ] GC(130) Eden regions: 251->0(256)
[59.336s][info][gc,heap     ] GC(130) Survivor regions: 40->20(37)
[59.336s][info][gc,heap     ] GC(130) Old regions: 590->622
[59.336s][info][gc,heap     ] GC(130) Humongous regions: 7->7
[59.336s][info][gc,metaspace] GC(130) Metaspace: 17521K(17728K)->17521K(17728K) NonClass: 15715K(15872K)->15715K(15872K) Class: 1805K(1856K)->1805K(1856K)
[59.336s][info][gc          ] GC(130) Pause Young (Mixed) (G1 Evacuation Pause) 888M->648M(978M) 111.564ms
[59.336s][info][gc,cpu      ] GC(130) User=0.22s Sys=0.00s Real=0.11s
[60.094s][info][gc,start    ] GC(131) Pause Young (Mixed) (G1 Evacuation Pause)
[60.094s][info][gc,task     ] GC(131) Using 2 workers of 2 for evacuation
[60.254s][info][gc,phases   ] GC(131)   Pre Evacuate Collection Set: 0.34ms
[60.254s][info][gc,phases   ] GC(131)   Merge Heap Roots: 1.68ms
[60.254s][info][gc,phases   ] GC(131)   Evacuate Collection Set: 157.29ms
[60.254s][info][gc,phases   ] GC(131)   Post Evacuate Collection Set: 0.50ms
[60.254s][info][gc,phases   ] GC(131)   Other: 0.09ms
[60.254s][info][gc,heap     ] GC(131) Eden regions: 223->0(267)
[60.254s][info][gc,heap     ] GC(131) Survivor regions: 20->1(31)
[60.254s][info][gc,heap     ] GC(131) Old regions: 622->641
[60.254s][info][gc,heap     ] GC(131) Humongous regions: 7->7
[60.254s][info][gc,metaspace] GC(131) Metaspace: 17524K(17728K)->17524K(17728K) NonClass: 15718K(15872K)->15718K(15872K) Class: 1805K(1856K)->1805K(1856K)
[60.254s][info][gc          ] GC(131) Pause Young (Mixed) (G1 Evacuation Pause) 871M->649M(978M) 160.167ms
[60.254s][info][gc,cpu      ] GC(131) User=0.31s Sys=0.00s Real=0.17s
[60.915s][info][gc,start    ] GC(132) Pause Young (Concurrent Start) (G1 Evacuation Pause)
[60.915s][info][gc,task     ] GC(132) Using 2 workers of 2 for evacuation
[60.917s][info][gc,phases   ] GC(132)   Pre Evacuate Collection Set: 0.34ms
[60.917s][info][gc,phases   ] GC(132)   Merge Heap Roots: 0.12ms
[60.917s][info][gc,phases   ] GC(132)   Evacuate Collection Set: 1.18ms
[60.917s][info][gc,phases   ] GC(132)   Post Evacuate Collection Set: 0.44ms
[60.917s][info][gc,phases   ] GC(132)   Other: 0.13ms
[60.917s][info][gc,heap     ] GC(132) Eden regions: 267->0(278)
[60.917s][info][gc,heap     ] GC(132) Survivor regions: 1->1(34)
[60.917s][info][gc,heap     ] GC(132) Old regions: 641->641
[60.917s][info][gc,heap     ] GC(132) Humongous regions: 7->7
[60.917s][info][gc,metaspace] GC(132) Metaspace: 17524K(17728K)->17524K(17728K) NonClass: 15718K(15872K)->15718K(15872K) Class: 1805K(1856K)->1805K(1856K)
[60.917s][info][gc          ] GC(132) Pause Young (Concurrent Start) (G1 Evacuation Pause) 916M->649M(978M) 2.434ms
[60.917s][info][gc          ] GC(133) Concurrent Mark Cycle
[60.917s][info][gc,marking  ] GC(133) Concurrent Scan Root Regions
[60.918s][info][gc,marking  ] GC(133) Concurrent Scan Root Regions 0.473ms
[60.918s][info][gc,marking  ] GC(133) Concurrent Mark
[60.918s][info][gc,marking  ] GC(133) Concurrent Mark From Roots
[60.918s][info][gc,task     ] GC(133) Using 1 workers of 1 for marking
[60.918s][info][gc,cpu      ] GC(132) User=0.00s Sys=0.00s Real=0.00s
[61.954s][info][gc,start    ] GC(134) Pause Young (Normal) (G1 Evacuation Pause)
[61.954s][info][gc,task     ] GC(134) Using 2 workers of 2 for evacuation
[61.957s][info][gc,phases   ] GC(134)   Pre Evacuate Collection Set: 0.30ms
[61.957s][info][gc,phases   ] GC(134)   Merge Heap Roots: 0.16ms
[61.957s][info][gc,phases   ] GC(134)   Evacuate Collection Set: 1.55ms
[61.957s][info][gc,phases   ] GC(134)   Post Evacuate Collection Set: 0.48ms
[61.957s][info][gc,phases   ] GC(134)   Other: 0.12ms
[61.957s][info][gc,heap     ] GC(134) Eden regions: 278->0(278)
[61.957s][info][gc,heap     ] GC(134) Survivor regions: 1->1(35)
[61.957s][info][gc,heap     ] GC(134) Old regions: 641->641
[61.957s][info][gc,heap     ] GC(134) Humongous regions: 7->7
[61.957s][info][gc,metaspace] GC(134) Metaspace: 17529K(17728K)->17529K(17728K) NonClass: 15724K(15872K)->15724K(15872K) Class: 1805K(1856K)->1805K(1856K)
[61.957s][info][gc          ] GC(134) Pause Young (Normal) (G1 Evacuation Pause) 927M->648M(978M) 2.882ms
[61.957s][info][gc,cpu      ] GC(134) User=0.00s Sys=0.00s Real=0.01s
[63.303s][info][gc,marking  ] GC(133) Concurrent Mark From Roots 2385.243ms
[63.303s][info][gc,marking  ] GC(133) Concurrent Preclean
[63.303s][info][gc,marking  ] GC(133) Concurrent Preclean 0.032ms
[63.303s][info][gc,start    ] GC(133) Pause Remark
[63.310s][info][gc          ] GC(133) Pause Remark 903M->903M(978M) 6.823ms
[63.310s][info][gc,cpu      ] GC(133) User=0.02s Sys=0.00s Real=0.01s
[63.310s][info][gc,marking  ] GC(133) Concurrent Mark 2392.412ms
[63.310s][info][gc,marking  ] GC(133) Concurrent Rebuild Remembered Sets and Scrub Regions
[63.352s][info][gc,start    ] GC(135) Pause Young (Normal) (G1 Evacuation Pause)
[63.353s][info][gc,task     ] GC(135) Using 2 workers of 2 for evacuation
[63.380s][info][gc,phases   ] GC(135)   Pre Evacuate Collection Set: 0.52ms
[63.380s][info][gc,phases   ] GC(135)   Merge Heap Roots: 0.19ms
[63.380s][info][gc,phases   ] GC(135)   Evacuate Collection Set: 26.19ms
[63.380s][info][gc,phases   ] GC(135)   Post Evacuate Collection Set: 0.59ms
[63.380s][info][gc,phases   ] GC(135)   Other: 0.08ms
[63.380s][info][gc,heap     ] GC(135) Eden regions: 278->0(232)
[63.380s][info][gc,heap     ] GC(135) Survivor regions: 1->24(35)
[63.380s][info][gc,heap     ] GC(135) Old regions: 641->641
[63.380s][info][gc,heap     ] GC(135) Humongous regions: 7->7
[63.380s][info][gc,metaspace] GC(135) Metaspace: 17532K(17728K)->17532K(17728K) NonClass: 15726K(15872K)->15726K(15872K) Class: 1805K(1856K)->1805K(1856K)
[63.380s][info][gc          ] GC(135) Pause Young (Normal) (G1 Evacuation Pause) 926M->672M(978M) 27.831ms
[63.380s][info][gc,cpu      ] GC(135) User=0.05s Sys=0.00s Real=0.03s
[63.601s][info][gc,start    ] GC(136) Pause Young (Normal) (G1 Evacuation Pause)
[63.602s][info][gc,task     ] GC(136) Using 2 workers of 2 for evacuation
[63.739s][info][gc,phases   ] GC(136)   Pre Evacuate Collection Set: 0.31ms
[63.739s][info][gc,phases   ] GC(136)   Merge Heap Roots: 0.19ms
[63.739s][info][gc,phases   ] GC(136)   Evacuate Collection Set: 120.28ms
[63.739s][info][gc,phases   ] GC(136)   Post Evacuate Collection Set: 16.27ms
[63.739s][info][gc,phases   ] GC(136)   Other: 0.10ms
[63.739s][info][gc,heap     ] GC(136) Eden regions: 232->0(16)
[63.739s][info][gc,heap     ] GC(136) Survivor regions: 24->32(32)
[63.739s][info][gc,heap     ] GC(136) Old regions: 641->889
[63.739s][info][gc,heap     ] GC(136) Humongous regions: 7->7
[63.739s][info][gc,metaspace] GC(136) Metaspace: 17534K(17728K)->17534K(17728K) NonClass: 15728K(15872K)->15728K(15872K) Class: 1805K(1856K)->1805K(1856K)
[63.739s][info][gc          ] GC(136) Pause Young (Normal) (G1 Evacuation Pause) (Evacuation Failure: Allocation) 904M->928M(978M) 137.439ms
[63.739s][info][gc,cpu      ] GC(136) User=0.27s Sys=0.00s Real=0.14s
[63.790s][info][gc,start    ] GC(137) Pause Young (Normal) (G1 Evacuation Pause)
[63.790s][info][gc,task     ] GC(137) Using 2 workers of 2 for evacuation
[63.881s][info][gc,phases   ] GC(137)   Pre Evacuate Collection Set: 0.42ms
[63.881s][info][gc,phases   ] GC(137)   Merge Heap Roots: 0.74ms
[63.881s][info][gc,phases   ] GC(137)   Evacuate Collection Set: 78.89ms
[63.881s][info][gc,phases   ] GC(137)   Post Evacuate Collection Set: 11.05ms
[63.881s][info][gc,phases   ] GC(137)   Other: 0.12ms
[63.881s][info][gc,heap     ] GC(137) Eden regions: 16->0(29)
[63.881s][info][gc,heap     ] GC(137) Survivor regions: 32->2(6)
[63.881s][info][gc,heap     ] GC(137) Old regions: 889->938
[63.881s][info][gc,heap     ] GC(137) Humongous regions: 7->7
[63.881s][info][gc,metaspace] GC(137) Metaspace: 17534K(17728K)->17534K(17728K) NonClass: 15728K(15872K)->15728K(15872K) Class: 1805K(1856K)->1805K(1856K)
[63.881s][info][gc          ] GC(137) Pause Young (Normal) (G1 Evacuation Pause) (Evacuation Failure: Allocation) 944M->947M(978M) 91.460ms
[63.881s][info][gc,cpu      ] GC(137) User=0.18s Sys=0.00s Real=0.09s
[63.957s][info][gc,start    ] GC(138) Pause Young (Normal) (G1 Evacuation Pause)
[63.958s][info][gc,task     ] GC(138) Using 2 workers of 2 for evacuation
[64.015s][info][gc,phases   ] GC(138)   Pre Evacuate Collection Set: 0.61ms
[64.015s][info][gc,phases   ] GC(138)   Merge Heap Roots: 0.26ms
[64.015s][info][gc,phases   ] GC(138)   Evacuate Collection Set: 42.86ms
[64.015s][info][gc,phases   ] GC(138)   Post Evacuate Collection Set: 13.55ms
[64.015s][info][gc,phases   ] GC(138)   Other: 0.09ms
[64.015s][info][gc,heap     ] GC(138) Eden regions: 29->0(47)
[64.015s][info][gc,heap     ] GC(138) Survivor regions: 2->1(2)
[64.015s][info][gc,heap     ] GC(138) Old regions: 938->893
[64.015s][info][gc,heap     ] GC(138) Humongous regions: 7->7
[64.015s][info][gc,metaspace] GC(138) Metaspace: 17534K(17728K)->17534K(17728K) NonClass: 15728K(15872K)->15728K(15872K) Class: 1805K(1856K)->1805K(1856K)
[64.015s][info][gc          ] GC(138) Pause Young (Normal) (G1 Evacuation Pause) (Evacuation Failure: Allocation) 976M->901M(978M) 57.610ms
[64.015s][info][gc,cpu      ] GC(138) User=0.11s Sys=0.00s Real=0.06s
[64.129s][info][gc,start    ] GC(139) Pause Young (Normal) (G1 Evacuation Pause)
[64.129s][info][gc,task     ] GC(139) Using 2 workers of 2 for evacuation
[64.190s][info][gc,phases   ] GC(139)   Pre Evacuate Collection Set: 0.38ms
[64.190s][info][gc,phases   ] GC(139)   Merge Heap Roots: 0.29ms
[64.190s][info][gc,phases   ] GC(139)   Evacuate Collection Set: 51.89ms
[64.190s][info][gc,phases   ] GC(139)   Post Evacuate Collection Set: 7.76ms
[64.190s][info][gc,phases   ] GC(139)   Other: 0.09ms
[64.190s][info][gc,heap     ] GC(139) Eden regions: 47->0(43)
[64.190s][info][gc,heap     ] GC(139) Survivor regions: 1->5(6)
[64.190s][info][gc,heap     ] GC(139) Old regions: 893->891
[64.190s][info][gc,heap     ] GC(139) Humongous regions: 7->7
[64.190s][info][gc,metaspace] GC(139) Metaspace: 17534K(17728K)->17534K(17728K) NonClass: 15728K(15872K)->15728K(15872K) Class: 1805K(1856K)->1805K(1856K)
[64.190s][info][gc          ] GC(139) Pause Young (Normal) (G1 Evacuation Pause) (Evacuation Failure: Allocation) 948M->903M(978M) 60.693ms
[64.190s][info][gc,cpu      ] GC(139) User=0.12s Sys=0.00s Real=0.06s
[64.295s][info][gc,start    ] GC(140) Pause Young (Normal) (G1 Evacuation Pause)
[64.295s][info][gc,task     ] GC(140) Using 2 workers of 2 for evacuation
[64.353s][info][gc,phases   ] GC(140)   Pre Evacuate Collection Set: 0.38ms
[64.353s][info][gc,phases   ] GC(140)   Merge Heap Roots: 0.38ms
[64.353s][info][gc,phases   ] GC(140)   Evacuate Collection Set: 52.07ms
[64.353s][info][gc,phases   ] GC(140)   Post Evacuate Collection Set: 4.69ms
[64.353s][info][gc,phases   ] GC(140)   Other: 0.08ms
[64.353s][info][gc,heap     ] GC(140) Eden regions: 43->0(46)
[64.353s][info][gc,heap     ] GC(140) Survivor regions: 5->2(6)
[64.353s][info][gc,heap     ] GC(140) Old regions: 891->871
[64.353s][info][gc,heap     ] GC(140) Humongous regions: 7->7
[64.353s][info][gc,metaspace] GC(140) Metaspace: 17534K(17728K)->17534K(17728K) NonClass: 15728K(15872K)->15728K(15872K) Class: 1805K(1856K)->1805K(1856K)
[64.353s][info][gc          ] GC(140) Pause Young (Normal) (G1 Evacuation Pause) (Evacuation Failure: Allocation) 946M->880M(978M) 57.903ms
[64.353s][info][gc,cpu      ] GC(140) User=0.11s Sys=0.00s Real=0.05s
[64.445s][info][gc,start    ] GC(141) Pause Young (Normal) (G1 Evacuation Pause)
[64.445s][info][gc,task     ] GC(141) Using 2 workers of 2 for evacuation
[64.470s][info][gc,phases   ] GC(141)   Pre Evacuate Collection Set: 0.35ms
[64.470s][info][gc,phases   ] GC(141)   Merge Heap Roots: 0.28ms
[64.470s][info][gc,phases   ] GC(141)   Evacuate Collection Set: 23.26ms
[64.470s][info][gc,phases   ] GC(141)   Post Evacuate Collection Set: 0.46ms
[64.470s][info][gc,phases   ] GC(141)   Other: 0.08ms
[64.470s][info][gc,heap     ] GC(141) Eden regions: 46->0(117)
[64.470s][info][gc,heap     ] GC(141) Survivor regions: 2->4(6)
[64.470s][info][gc,heap     ] GC(141) Old regions: 871->796
[64.470s][info][gc,heap     ] GC(141) Humongous regions: 7->7
[64.470s][info][gc,metaspace] GC(141) Metaspace: 17535K(17728K)->17535K(17728K) NonClass: 15730K(15872K)->15730K(15872K) Class: 1805K(1856K)->1805K(1856K)
[64.470s][info][gc          ] GC(141) Pause Young (Normal) (G1 Evacuation Pause) 926M->806M(978M) 24.751ms
[64.470s][info][gc,cpu      ] GC(141) User=0.05s Sys=0.00s Real=0.02s
[64.560s][info][gc,marking  ] GC(133) Concurrent Rebuild Remembered Sets and Scrub Regions 1249.753ms
[64.560s][info][gc,start    ] GC(133) Pause Cleanup
[64.560s][info][gc          ] GC(133) Pause Cleanup 842M->842M(978M) 0.219ms
[64.560s][info][gc,cpu      ] GC(133) User=0.00s Sys=0.00s Real=0.00s
[64.560s][info][gc,marking  ] GC(133) Concurrent Clear Claimed Marks
[64.560s][info][gc,marking  ] GC(133) Concurrent Clear Claimed Marks 0.045ms
[64.560s][info][gc,marking  ] GC(133) Concurrent Cleanup for Next Mark
[64.565s][info][gc,marking  ] GC(133) Concurrent Cleanup for Next Mark 5.051ms
[64.565s][info][gc          ] GC(133) Concurrent Mark Cycle 3648.391ms
[64.743s][info][gc,start    ] GC(142) Pause Young (Prepare Mixed) (G1 Evacuation Pause)
[64.743s][info][gc,task     ] GC(142) Using 2 workers of 2 for evacuation
[64.790s][info][gc,phases   ] GC(142)   Pre Evacuate Collection Set: 0.33ms
[64.790s][info][gc,phases   ] GC(142)   Merge Heap Roots: 0.46ms
[64.790s][info][gc,phases   ] GC(142)   Evacuate Collection Set: 46.35ms
[64.791s][info][gc,phases   ] GC(142)   Post Evacuate Collection Set: 0.54ms
[64.791s][info][gc,phases   ] GC(142)   Other: 0.09ms
[64.791s][info][gc,heap     ] GC(142) Eden regions: 117->0(87)
[64.791s][info][gc,heap     ] GC(142) Survivor regions: 4->16(16)
[64.791s][info][gc,heap     ] GC(142) Old regions: 796->799
[64.791s][info][gc,heap     ] GC(142) Humongous regions: 10->10
[64.791s][info][gc,metaspace] GC(142) Metaspace: 17538K(17728K)->17538K(17728K) NonClass: 15733K(15872K)->15733K(15872K) Class: 1805K(1856K)->1805K(1856K)
[64.791s][info][gc          ] GC(142) Pause Young (Prepare Mixed) (G1 Evacuation Pause) 926M->825M(978M) 48.044ms
[64.791s][info][gc,cpu      ] GC(142) User=0.09s Sys=0.00s Real=0.05s
[64.949s][info][gc,start    ] GC(143) Pause Young (Mixed) (G1 Evacuation Pause)
[64.949s][info][gc,task     ] GC(143) Using 2 workers of 2 for evacuation
[65.000s][info][gc,phases   ] GC(143)   Pre Evacuate Collection Set: 0.34ms
[65.000s][info][gc,phases   ] GC(143)   Merge Heap Roots: 0.56ms
[65.001s][info][gc,phases   ] GC(143)   Evacuate Collection Set: 49.66ms
[65.001s][info][gc,phases   ] GC(143)   Post Evacuate Collection Set: 0.38ms
[65.001s][info][gc,phases   ] GC(143)   Other: 0.08ms
[65.001s][info][gc,heap     ] GC(143) Eden regions: 87->0(103)
[65.001s][info][gc,heap     ] GC(143) Survivor regions: 16->4(13)
[65.001s][info][gc,heap     ] GC(143) Old regions: 799->807
[65.001s][info][gc,heap     ] GC(143) Humongous regions: 10->10
[65.001s][info][gc,metaspace] GC(143) Metaspace: 17538K(17728K)->17538K(17728K) NonClass: 15733K(15872K)->15733K(15872K) Class: 1805K(1856K)->1805K(1856K)
[65.001s][info][gc          ] GC(143) Pause Young (Mixed) (G1 Evacuation Pause) 912M->820M(978M) 51.284ms
[65.001s][info][gc,cpu      ] GC(143) User=0.11s Sys=0.00s Real=0.05s
[65.232s][info][gc,start    ] GC(144) Pause Young (Concurrent Start) (G1 Evacuation Pause)
[65.232s][info][gc,task     ] GC(144) Using 2 workers of 2 for evacuation
[65.239s][info][gc,phases   ] GC(144)   Pre Evacuate Collection Set: 0.45ms
[65.239s][info][gc,phases   ] GC(144)   Merge Heap Roots: 0.08ms
[65.239s][info][gc,phases   ] GC(144)   Evacuate Collection Set: 5.96ms
[65.239s][info][gc,phases   ] GC(144)   Post Evacuate Collection Set: 0.45ms
[65.240s][info][gc,phases   ] GC(144)   Other: 0.20ms
[65.240s][info][gc,heap     ] GC(144) Eden regions: 103->0(103)
[65.240s][info][gc,heap     ] GC(144) Survivor regions: 4->4(14)
[65.240s][info][gc,heap     ] GC(144) Old regions: 807->807
[65.240s][info][gc,heap     ] GC(144) Humongous regions: 10->10
[65.240s][info][gc,metaspace] GC(144) Metaspace: 17538K(17728K)->17538K(17728K) NonClass: 15733K(15872K)->15733K(15872K) Class: 1805K(1856K)->1805K(1856K)
[65.240s][info][gc          ] GC(144) Pause Young (Concurrent Start) (G1 Evacuation Pause) 923M->820M(978M) 7.373ms
[65.240s][info][gc          ] GC(145) Concurrent Mark Cycle
[65.240s][info][gc,marking  ] GC(145) Concurrent Scan Root Regions
[65.241s][info][gc,cpu      ] GC(144) User=0.02s Sys=0.00s Real=0.01s
[65.250s][info][gc,marking  ] GC(145) Concurrent Scan Root Regions 10.593ms
[65.250s][info][gc,marking  ] GC(145) Concurrent Mark
[65.250s][info][gc,marking  ] GC(145) Concurrent Mark From Roots
[65.250s][info][gc,task     ] GC(145) Using 1 workers of 1 for marking
[65.593s][info][gc,start    ] GC(146) Pause Young (Normal) (G1 Evacuation Pause)
[65.593s][info][gc,task     ] GC(146) Using 2 workers of 2 for evacuation
[65.599s][info][gc,phases   ] GC(146)   Pre Evacuate Collection Set: 0.37ms
[65.599s][info][gc,phases   ] GC(146)   Merge Heap Roots: 0.09ms
[65.599s][info][gc,phases   ] GC(146)   Evacuate Collection Set: 4.99ms
[65.599s][info][gc,phases   ] GC(146)   Post Evacuate Collection Set: 0.35ms
[65.599s][info][gc,phases   ] GC(146)   Other: 0.07ms
[65.599s][info][gc,heap     ] GC(146) Eden regions: 103->0(103)
[65.599s][info][gc,heap     ] GC(146) Survivor regions: 4->4(14)
[65.599s][info][gc,heap     ] GC(146) Old regions: 807->807
[65.599s][info][gc,heap     ] GC(146) Humongous regions: 10->10
[65.599s][info][gc,metaspace] GC(146) Metaspace: 17538K(17728K)->17538K(17728K) NonClass: 15733K(15872K)->15733K(15872K) Class: 1805K(1856K)->1805K(1856K)
[65.599s][info][gc          ] GC(146) Pause Young (Normal) (G1 Evacuation Pause) 923M->820M(978M) 6.098ms
[65.599s][info][gc,cpu      ] GC(146) User=0.01s Sys=0.00s Real=0.01s
[65.890s][info][gc,start    ] GC(147) Pause Young (Normal) (G1 Evacuation Pause)
[65.890s][info][gc,task     ] GC(147) Using 2 workers of 2 for evacuation
[65.896s][info][gc,phases   ] GC(147)   Pre Evacuate Collection Set: 0.32ms
[65.896s][info][gc,phases   ] GC(147)   Merge Heap Roots: 0.09ms
[65.896s][info][gc,phases   ] GC(147)   Evacuate Collection Set: 4.91ms
[65.896s][info][gc,phases   ] GC(147)   Post Evacuate Collection Set: 0.33ms
[65.896s][info][gc,phases   ] GC(147)   Other: 0.07ms
[65.896s][info][gc,heap     ] GC(147) Eden regions: 103->0(103)
[65.896s][info][gc,heap     ] GC(147) Survivor regions: 4->4(14)
[65.896s][info][gc,heap     ] GC(147) Old regions: 807->807
[65.896s][info][gc,heap     ] GC(147) Humongous regions: 10->10
[65.896s][info][gc,metaspace] GC(147) Metaspace: 17538K(17728K)->17538K(17728K) NonClass: 15733K(15872K)->15733K(15872K) Class: 1805K(1856K)->1805K(1856K)
[65.896s][info][gc          ] GC(147) Pause Young (Normal) (G1 Evacuation Pause) 923M->820M(978M) 5.935ms
[65.896s][info][gc,cpu      ] GC(147) User=0.01s Sys=0.00s Real=0.01s
[66.136s][info][gc,start    ] GC(148) Pause Young (Normal) (G1 Evacuation Pause)
[66.136s][info][gc,task     ] GC(148) Using 2 workers of 2 for evacuation
[66.143s][info][gc,phases   ] GC(148)   Pre Evacuate Collection Set: 0.53ms
[66.143s][info][gc,phases   ] GC(148)   Merge Heap Roots: 0.09ms
[66.143s][info][gc,phases   ] GC(148)   Evacuate Collection Set: 5.14ms
[66.143s][info][gc,phases   ] GC(148)   Post Evacuate Collection Set: 0.33ms
[66.143s][info][gc,phases   ] GC(148)   Other: 0.08ms
[66.143s][info][gc,heap     ] GC(148) Eden regions: 103->0(103)
[66.143s][info][gc,heap     ] GC(148) Survivor regions: 4->4(14)
[66.143s][info][gc,heap     ] GC(148) Old regions: 807->807
[66.143s][info][gc,heap     ] GC(148) Humongous regions: 10->10
[66.143s][info][gc,metaspace] GC(148) Metaspace: 17538K(17728K)->17538K(17728K) NonClass: 15733K(15872K)->15733K(15872K) Class: 1805K(1856K)->1805K(1856K)
[66.143s][info][gc          ] GC(148) Pause Young (Normal) (G1 Evacuation Pause) 923M->820M(978M) 6.404ms
[66.143s][info][gc,cpu      ] GC(148) User=0.01s Sys=0.00s Real=0.00s
[66.367s][info][gc,start    ] GC(149) Pause Young (Normal) (G1 Evacuation Pause)
[66.367s][info][gc,task     ] GC(149) Using 2 workers of 2 for evacuation
[66.374s][info][gc,phases   ] GC(149)   Pre Evacuate Collection Set: 0.54ms
[66.374s][info][gc,phases   ] GC(149)   Merge Heap Roots: 0.09ms
[66.374s][info][gc,phases   ] GC(149)   Evacuate Collection Set: 5.28ms
[66.374s][info][gc,phases   ] GC(149)   Post Evacuate Collection Set: 0.34ms
[66.374s][info][gc,phases   ] GC(149)   Other: 0.07ms
[66.374s][info][gc,heap     ] GC(149) Eden regions: 103->0(103)
[66.374s][info][gc,heap     ] GC(149) Survivor regions: 4->4(14)
[66.374s][info][gc,heap     ] GC(149) Old regions: 807->807
[66.374s][info][gc,heap     ] GC(149) Humongous regions: 10->10
[66.374s][info][gc,metaspace] GC(149) Metaspace: 17538K(17728K)->17538K(17728K) NonClass: 15733K(15872K)->15733K(15872K) Class: 1805K(1856K)->1805K(1856K)
[66.374s][info][gc          ] GC(149) Pause Young (Normal) (G1 Evacuation Pause) 923M->820M(978M) 6.552ms
[66.374s][info][gc,cpu      ] GC(149) User=0.01s Sys=0.00s Real=0.00s
[66.549s][info][gc,marking  ] GC(145) Concurrent Mark From Roots 1298.756ms
[66.549s][info][gc,marking  ] GC(145) Concurrent Preclean
[66.549s][info][gc,marking  ] GC(145) Concurrent Preclean 0.029ms
[66.549s][info][gc,start    ] GC(145) Pause Remark
[66.556s][info][gc          ] GC(145) Pause Remark 904M->646M(978M) 6.582ms
[66.556s][info][gc,cpu      ] GC(145) User=0.01s Sys=0.00s Real=0.01s
[66.556s][info][gc,marking  ] GC(145) Concurrent Mark 1305.699ms
[66.556s][info][gc,marking  ] GC(145) Concurrent Rebuild Remembered Sets and Scrub Regions
[66.603s][info][gc,start    ] GC(150) Pause Young (Normal) (G1 Evacuation Pause)
[66.603s][info][gc,task     ] GC(150) Using 2 workers of 2 for evacuation
[66.609s][info][gc,phases   ] GC(150)   Pre Evacuate Collection Set: 0.43ms
[66.609s][info][gc,phases   ] GC(150)   Merge Heap Roots: 0.10ms
[66.609s][info][gc,phases   ] GC(150)   Evacuate Collection Set: 4.91ms
[66.609s][info][gc,phases   ] GC(150)   Post Evacuate Collection Set: 0.34ms
[66.609s][info][gc,phases   ] GC(150)   Other: 0.08ms
[66.609s][info][gc,heap     ] GC(150) Eden regions: 103->0(357)
[66.609s][info][gc,heap     ] GC(150) Survivor regions: 4->4(14)
[66.609s][info][gc,heap     ] GC(150) Old regions: 555->555
[66.609s][info][gc,heap     ] GC(150) Humongous regions: 4->4
[66.609s][info][gc,metaspace] GC(150) Metaspace: 17538K(17728K)->17538K(17728K) NonClass: 15733K(15872K)->15733K(15872K) Class: 1805K(1856K)->1805K(1856K)
[66.609s][info][gc          ] GC(150) Pause Young (Normal) (G1 Evacuation Pause) 665M->562M(978M) 6.102ms
[66.609s][info][gc,cpu      ] GC(150) User=0.01s Sys=0.00s Real=0.01s
[66.914s][info][gc,marking  ] GC(145) Concurrent Rebuild Remembered Sets and Scrub Regions 358.079ms
[66.915s][info][gc,start    ] GC(145) Pause Cleanup
[66.916s][info][gc          ] GC(145) Pause Cleanup 730M->730M(978M) 0.231ms
[66.916s][info][gc,cpu      ] GC(145) User=0.00s Sys=0.00s Real=0.00s
[66.916s][info][gc,marking  ] GC(145) Concurrent Clear Claimed Marks
[66.916s][info][gc,marking  ] GC(145) Concurrent Clear Claimed Marks 0.041ms
[66.916s][info][gc,marking  ] GC(145) Concurrent Cleanup for Next Mark
[66.923s][info][gc,marking  ] GC(145) Concurrent Cleanup for Next Mark 6.952ms
[66.923s][info][gc          ] GC(145) Concurrent Mark Cycle 1683.057ms
[67.298s][info][gc,start    ] GC(151) Pause Young (Prepare Mixed) (G1 Evacuation Pause)
[67.298s][info][gc,task     ] GC(151) Using 2 workers of 2 for evacuation
[67.349s][info][gc,phases   ] GC(151)   Pre Evacuate Collection Set: 0.51ms
[67.349s][info][gc,phases   ] GC(151)   Merge Heap Roots: 0.48ms
[67.349s][info][gc,phases   ] GC(151)   Evacuate Collection Set: 48.78ms
[67.349s][info][gc,phases   ] GC(151)   Post Evacuate Collection Set: 0.69ms
[67.349s][info][gc,phases   ] GC(151)   Other: 0.09ms
[67.349s][info][gc,heap     ] GC(151) Eden regions: 357->0(318)
[67.349s][info][gc,heap     ] GC(151) Survivor regions: 4->24(46)
[67.349s][info][gc,heap     ] GC(151) Old regions: 555->555
[67.349s][info][gc,heap     ] GC(151) Humongous regions: 7->7
[67.349s][info][gc,metaspace] GC(151) Metaspace: 17538K(17728K)->17538K(17728K) NonClass: 15733K(15872K)->15733K(15872K) Class: 1805K(1856K)->1805K(1856K)
[67.349s][info][gc          ] GC(151) Pause Young (Prepare Mixed) (G1 Evacuation Pause) 922M->586M(978M) 50.782ms
[67.349s][info][gc,cpu      ] GC(151) User=0.09s Sys=0.01s Real=0.05s
[67.821s][info][gc,start    ] GC(152) Pause Young (Mixed) (G1 Evacuation Pause)
[67.821s][info][gc,task     ] GC(152) Using 2 workers of 2 for evacuation
[67.874s][info][gc,phases   ] GC(152)   Pre Evacuate Collection Set: 0.55ms
[67.874s][info][gc,phases   ] GC(152)   Merge Heap Roots: 0.91ms
[67.874s][info][gc,phases   ] GC(152)   Evacuate Collection Set: 49.92ms
[67.874s][info][gc,phases   ] GC(152)   Post Evacuate Collection Set: 0.87ms
[67.874s][info][gc,phases   ] GC(152)   Other: 0.12ms
[67.874s][info][gc,heap     ] GC(152) Eden regions: 318->0(417)
[67.874s][info][gc,heap     ] GC(152) Survivor regions: 24->21(43)
[67.874s][info][gc,heap     ] GC(152) Old regions: 555->462
[67.874s][info][gc,heap     ] GC(152) Humongous regions: 7->7
[67.874s][info][gc,metaspace] GC(152) Metaspace: 17538K(17728K)->17538K(17728K) NonClass: 15733K(15872K)->15733K(15872K) Class: 1805K(1856K)->1805K(1856K)
[67.874s][info][gc          ] GC(152) Pause Young (Mixed) (G1 Evacuation Pause) 904M->489M(978M) 52.633ms
[67.874s][info][gc,cpu      ] GC(152) User=0.10s Sys=0.00s Real=0.05s
[68.458s][info][gc,start    ] GC(153) Pause Young (Mixed) (G1 Evacuation Pause)
[68.458s][info][gc,task     ] GC(153) Using 2 workers of 2 for evacuation
[68.543s][info][gc,phases   ] GC(153)   Pre Evacuate Collection Set: 0.36ms
[68.543s][info][gc,phases   ] GC(153)   Merge Heap Roots: 0.95ms
[68.543s][info][gc,phases   ] GC(153)   Evacuate Collection Set: 72.90ms
[68.543s][info][gc,phases   ] GC(153)   Merge Optional Heap Roots: 0.26ms
[68.543s][info][gc,phases   ] GC(153)   Evacuate Optional Collection Set: 8.89ms
[68.543s][info][gc,phases   ] GC(153)   Post Evacuate Collection Set: 1.11ms
[68.543s][info][gc,phases   ] GC(153)   Other: 0.13ms
[68.543s][info][gc,heap     ] GC(153) Eden regions: 417->0(433)
[68.543s][info][gc,heap     ] GC(153) Survivor regions: 21->22(55)
[68.543s][info][gc,heap     ] GC(153) Old regions: 462->410
[68.543s][info][gc,heap     ] GC(153) Humongous regions: 7->7
[68.543s][info][gc,metaspace] GC(153) Metaspace: 17538K(17728K)->17538K(17728K) NonClass: 15733K(15872K)->15733K(15872K) Class: 1805K(1856K)->1805K(1856K)
[68.543s][info][gc          ] GC(153) Pause Young (Mixed) (G1 Evacuation Pause) 906M->438M(978M) 84.941ms
[68.543s][info][gc,cpu      ] GC(153) User=0.16s Sys=0.00s Real=0.08s
[69.046s][info][gc,start    ] GC(154) Pause Young (Mixed) (G1 Evacuation Pause)
[69.046s][info][gc,task     ] GC(154) Using 2 workers of 2 for evacuation
[69.164s][info][gc,phases   ] GC(154)   Pre Evacuate Collection Set: 0.32ms
[69.164s][info][gc,phases   ] GC(154)   Merge Heap Roots: 1.16ms
[69.164s][info][gc,phases   ] GC(154)   Evacuate Collection Set: 114.91ms
[69.164s][info][gc,phases   ] GC(154)   Post Evacuate Collection Set: 0.85ms
[69.164s][info][gc,phases   ] GC(154)   Other: 0.10ms
[69.164s][info][gc,heap     ] GC(154) Eden regions: 433->0(402)
[69.164s][info][gc,heap     ] GC(154) Survivor regions: 22->57(57)
[69.164s][info][gc,heap     ] GC(154) Old regions: 410->405
[69.164s][info][gc,heap     ] GC(154) Humongous regions: 7->7
[69.164s][info][gc,metaspace] GC(154) Metaspace: 17541K(17728K)->17541K(17728K) NonClass: 15736K(15872K)->15736K(15872K) Class: 1805K(1856K)->1805K(1856K)
[69.164s][info][gc          ] GC(154) Pause Young (Mixed) (G1 Evacuation Pause) 871M->469M(978M) 117.603ms
[69.164s][info][gc,cpu      ] GC(154) User=0.23s Sys=0.00s Real=0.11s
[69.474s][info][gc,start    ] GC(155) Pause Young (Concurrent Start) (G1 Evacuation Pause)
[69.474s][info][gc,task     ] GC(155) Using 2 workers of 2 for evacuation
[69.595s][info][gc,phases   ] GC(155)   Pre Evacuate Collection Set: 0.30ms
[69.595s][info][gc,phases   ] GC(155)   Merge Heap Roots: 0.55ms
[69.595s][info][gc,phases   ] GC(155)   Evacuate Collection Set: 119.21ms
[69.595s][info][gc,phases   ] GC(155)   Post Evacuate Collection Set: 0.70ms
[69.595s][info][gc,phases   ] GC(155)   Other: 0.12ms
[69.595s][info][gc,heap     ] GC(155) Eden regions: 402->0(383)
[69.595s][info][gc,heap     ] GC(155) Survivor regions: 57->35(58)
[69.595s][info][gc,heap     ] GC(155) Old regions: 405->463
[69.595s][info][gc,heap     ] GC(155) Humongous regions: 7->7
[69.595s][info][gc,metaspace] GC(155) Metaspace: 17541K(17728K)->17541K(17728K) NonClass: 15736K(15872K)->15736K(15872K) Class: 1805K(1856K)->1805K(1856K)
[69.595s][info][gc          ] GC(155) Pause Young (Concurrent Start) (G1 Evacuation Pause) 871M->504M(978M) 121.120ms
[69.595s][info][gc          ] GC(156) Concurrent Mark Cycle
[69.595s][info][gc,marking  ] GC(156) Concurrent Scan Root Regions
[69.597s][info][gc,cpu      ] GC(155) User=0.24s Sys=0.00s Real=0.13s
[69.808s][info][gc,marking  ] GC(156) Concurrent Scan Root Regions 212.788ms
[69.808s][info][gc,marking  ] GC(156) Concurrent Mark
[69.808s][info][gc,marking  ] GC(156) Concurrent Mark From Roots
[69.808s][info][gc,task     ] GC(156) Using 1 workers of 1 for marking
[70.068s][info][gc,start    ] GC(157) Pause Young (Normal) (G1 Evacuation Pause)
[70.069s][info][gc,task     ] GC(157) Using 2 workers of 2 for evacuation
[70.135s][info][gc,phases   ] GC(157)   Pre Evacuate Collection Set: 0.32ms
[70.135s][info][gc,phases   ] GC(157)   Merge Heap Roots: 0.30ms
[70.135s][info][gc,phases   ] GC(157)   Evacuate Collection Set: 65.50ms
[70.136s][info][gc,phases   ] GC(157)   Post Evacuate Collection Set: 0.64ms
[70.136s][info][gc,phases   ] GC(157)   Other: 0.09ms
[70.136s][info][gc,heap     ] GC(157) Eden regions: 383->0(362)
[70.136s][info][gc,heap     ] GC(157) Survivor regions: 35->26(53)
[70.136s][info][gc,heap     ] GC(157) Old regions: 463->497
[70.136s][info][gc,heap     ] GC(157) Humongous regions: 7->7
[70.136s][info][gc,metaspace] GC(157) Metaspace: 17543K(17728K)->17543K(17728K) NonClass: 15737K(15872K)->15737K(15872K) Class: 1805K(1856K)->1805K(1856K)
[70.136s][info][gc          ] GC(157) Pause Young (Normal) (G1 Evacuation Pause) 887M->530M(978M) 67.146ms
[70.136s][info][gc,cpu      ] GC(157) User=0.13s Sys=0.00s Real=0.07s
[70.460s][info][gc,marking  ] GC(156) Concurrent Mark From Roots 652.350ms
[70.460s][info][gc,marking  ] GC(156) Concurrent Preclean
[70.460s][info][gc,marking  ] GC(156) Concurrent Preclean 0.031ms
[70.461s][info][gc,start    ] GC(156) Pause Remark
[70.468s][info][gc          ] GC(156) Pause Remark 804M->706M(978M) 6.991ms
[70.468s][info][gc,cpu      ] GC(156) User=0.01s Sys=0.00s Real=0.01s
[70.468s][info][gc,marking  ] GC(156) Concurrent Mark 659.696ms
[70.468s][info][gc,marking  ] GC(156) Concurrent Rebuild Remembered Sets and Scrub Regions
[70.534s][info][gc,start    ] GC(158) Pause Young (Normal) (G1 Evacuation Pause)
[70.534s][info][gc,task     ] GC(158) Using 2 workers of 2 for evacuation
[70.596s][info][gc,phases   ] GC(158)   Pre Evacuate Collection Set: 0.50ms
[70.596s][info][gc,phases   ] GC(158)   Merge Heap Roots: 0.45ms
[70.596s][info][gc,phases   ] GC(158)   Evacuate Collection Set: 59.69ms
[70.596s][info][gc,phases   ] GC(158)   Post Evacuate Collection Set: 0.63ms
[70.596s][info][gc,phases   ] GC(158)   Other: 0.09ms
[70.596s][info][gc,heap     ] GC(158) Eden regions: 362->0(415)
[70.596s][info][gc,heap     ] GC(158) Survivor regions: 26->21(49)
[70.596s][info][gc,heap     ] GC(158) Old regions: 402->428
[70.596s][info][gc,heap     ] GC(158) Humongous regions: 4->4
[70.596s][info][gc,metaspace] GC(158) Metaspace: 17543K(17728K)->17543K(17728K) NonClass: 15738K(15872K)->15738K(15872K) Class: 1805K(1856K)->1805K(1856K)
[70.596s][info][gc          ] GC(158) Pause Young (Normal) (G1 Evacuation Pause) 794M->453M(978M) 61.631ms
[70.596s][info][gc,cpu      ] GC(158) User=0.12s Sys=0.00s Real=0.06s
[70.881s][info][gc,marking  ] GC(156) Concurrent Rebuild Remembered Sets and Scrub Regions 413.248ms
[70.881s][info][gc,start    ] GC(156) Pause Cleanup
[70.881s][info][gc          ] GC(156) Pause Cleanup 568M->568M(978M) 0.177ms
[70.881s][info][gc,cpu      ] GC(156) User=0.00s Sys=0.00s Real=0.00s
[70.881s][info][gc,marking  ] GC(156) Concurrent Clear Claimed Marks
[70.881s][info][gc,marking  ] GC(156) Concurrent Clear Claimed Marks 0.034ms
[70.881s][info][gc,marking  ] GC(156) Concurrent Cleanup for Next Mark
[70.886s][info][gc,marking  ] GC(156) Concurrent Cleanup for Next Mark 4.934ms
[70.886s][info][gc          ] GC(156) Concurrent Mark Cycle 1291.322ms
[71.741s][info][gc,start    ] GC(159) Pause Young (Prepare Mixed) (G1 Evacuation Pause)
[71.741s][info][gc,task     ] GC(159) Using 2 workers of 2 for evacuation
[71.787s][info][gc,phases   ] GC(159)   Pre Evacuate Collection Set: 0.51ms
[71.787s][info][gc,phases   ] GC(159)   Merge Heap Roots: 0.62ms
[71.787s][info][gc,phases   ] GC(159)   Evacuate Collection Set: 44.04ms
[71.787s][info][gc,phases   ] GC(159)   Post Evacuate Collection Set: 0.64ms
[71.787s][info][gc,phases   ] GC(159)   Other: 0.13ms
[71.787s][info][gc,heap     ] GC(159) Eden regions: 415->0(410)
[71.787s][info][gc,heap     ] GC(159) Survivor regions: 21->37(55)
[71.787s][info][gc,heap     ] GC(159) Old regions: 428->428
[71.787s][info][gc,heap     ] GC(159) Humongous regions: 4->4
[71.787s][info][gc,metaspace] GC(159) Metaspace: 17548K(17728K)->17548K(17728K) NonClass: 15742K(15872K)->15742K(15872K) Class: 1805K(1856K)->1805K(1856K)
[71.787s][info][gc          ] GC(159) Pause Young (Prepare Mixed) (G1 Evacuation Pause) 868M->469M(978M) 46.174ms
[71.787s][info][gc,cpu      ] GC(159) User=0.09s Sys=0.00s Real=0.05s
[72.907s][info][gc,start    ] GC(160) Pause Young (Mixed) (G1 Evacuation Pause)
[72.907s][info][gc,task     ] GC(160) Using 2 workers of 2 for evacuation
[72.957s][info][gc,phases   ] GC(160)   Pre Evacuate Collection Set: 0.55ms
[72.957s][info][gc,phases   ] GC(160)   Merge Heap Roots: 0.34ms
[72.957s][info][gc,phases   ] GC(160)   Evacuate Collection Set: 48.26ms
[72.958s][info][gc,phases   ] GC(160)   Post Evacuate Collection Set: 0.75ms
[72.958s][info][gc,phases   ] GC(160)   Other: 0.12ms
[72.958s][info][gc,heap     ] GC(160) Eden regions: 410->0(459)
[72.958s][info][gc,heap     ] GC(160) Survivor regions: 37->23(56)
[72.958s][info][gc,heap     ] GC(160) Old regions: 428->384
[72.958s][info][gc,heap     ] GC(160) Humongous regions: 4->4
[72.958s][info][gc,metaspace] GC(160) Metaspace: 17553K(17728K)->17553K(17728K) NonClass: 15747K(15872K)->15747K(15872K) Class: 1805K(1856K)->1805K(1856K)
[72.958s][info][gc          ] GC(160) Pause Young (Mixed) (G1 Evacuation Pause) 879M->410M(978M) 50.301ms
[72.958s][info][gc,cpu      ] GC(160) User=0.10s Sys=0.00s Real=0.05s
[73.551s][info][gc,start    ] GC(161) Pause Young (Concurrent Start) (G1 Evacuation Pause)
[73.551s][info][gc,task     ] GC(161) Using 2 workers of 2 for evacuation
[73.725s][info][gc,phases   ] GC(161)   Pre Evacuate Collection Set: 0.34ms
[73.725s][info][gc,phases   ] GC(161)   Merge Heap Roots: 0.22ms
[73.725s][info][gc,phases   ] GC(161)   Evacuate Collection Set: 155.87ms
[73.725s][info][gc,phases   ] GC(161)   Post Evacuate Collection Set: 16.46ms
[73.725s][info][gc,phases   ] GC(161)   Other: 0.23ms
[73.725s][info][gc,heap     ] GC(161) Eden regions: 459->0(193)
[73.725s][info][gc,heap     ] GC(161) Survivor regions: 23->61(61)
[73.725s][info][gc,heap     ] GC(161) Old regions: 384->609
[73.725s][info][gc,heap     ] GC(161) Humongous regions: 4->4
[73.725s][info][gc,metaspace] GC(161) Metaspace: 17559K(17728K)->17559K(17728K) NonClass: 15753K(15872K)->15753K(15872K) Class: 1805K(1856K)->1805K(1856K)
[73.725s][info][gc          ] GC(161) Pause Young (Concurrent Start) (G1 Evacuation Pause) (Evacuation Failure: Allocation) 869M->674M(978M) 173.374ms
[73.725s][info][gc          ] GC(162) Concurrent Mark Cycle
[73.725s][info][gc,marking  ] GC(162) Concurrent Scan Root Regions
[73.727s][info][gc,cpu      ] GC(161) User=0.34s Sys=0.00s Real=0.18s
[73.929s][info][gc,marking  ] GC(162) Concurrent Scan Root Regions 204.251ms
[73.929s][info][gc,marking  ] GC(162) Concurrent Mark
[73.929s][info][gc,marking  ] GC(162) Concurrent Mark From Roots
[73.929s][info][gc,task     ] GC(162) Using 1 workers of 1 for marking
[74.577s][info][gc,start    ] GC(163) Pause Young (Normal) (G1 Evacuation Pause)
[74.577s][info][gc,task     ] GC(163) Using 2 workers of 2 for evacuation
[74.699s][info][gc,phases   ] GC(163)   Pre Evacuate Collection Set: 0.55ms
[74.699s][info][gc,phases   ] GC(163)   Merge Heap Roots: 0.81ms
[74.699s][info][gc,phases   ] GC(163)   Evacuate Collection Set: 119.86ms
[74.699s][info][gc,phases   ] GC(163)   Post Evacuate Collection Set: 0.70ms
[74.700s][info][gc,phases   ] GC(163)   Other: 0.11ms
[74.700s][info][gc,heap     ] GC(163) Eden regions: 193->0(308)
[74.700s][info][gc,heap     ] GC(163) Survivor regions: 61->9(32)
[74.700s][info][gc,heap     ] GC(163) Old regions: 609->567
[74.700s][info][gc,heap     ] GC(163) Humongous regions: 4->4
[74.700s][info][gc,metaspace] GC(163) Metaspace: 17559K(17728K)->17559K(17728K) NonClass: 15753K(15872K)->15753K(15872K) Class: 1805K(1856K)->1805K(1856K)
[74.700s][info][gc          ] GC(163) Pause Young (Normal) (G1 Evacuation Pause) 867M->580M(978M) 122.281ms
[74.700s][info][gc,cpu      ] GC(163) User=0.25s Sys=0.00s Real=0.12s
[75.357s][info][gc,marking  ] GC(162) Concurrent Mark From Roots 1428.008ms
[75.357s][info][gc,marking  ] GC(162) Concurrent Preclean
[75.357s][info][gc,marking  ] GC(162) Concurrent Preclean 0.043ms
[75.357s][info][gc,start    ] GC(162) Pause Remark
[75.364s][info][gc          ] GC(162) Pause Remark 814M->814M(978M) 6.747ms
[75.364s][info][gc,cpu      ] GC(162) User=0.01s Sys=0.00s Real=0.00s
[75.365s][info][gc,marking  ] GC(162) Concurrent Mark 1436.270ms
[75.365s][info][gc,marking  ] GC(162) Concurrent Rebuild Remembered Sets and Scrub Regions
[75.474s][info][gc,start    ] GC(164) Pause Young (Normal) (G1 Evacuation Pause)
[75.474s][info][gc,task     ] GC(164) Using 2 workers of 2 for evacuation
[75.632s][info][gc,phases   ] GC(164)   Pre Evacuate Collection Set: 0.51ms
[75.632s][info][gc,phases   ] GC(164)   Merge Heap Roots: 1.35ms
[75.632s][info][gc,phases   ] GC(164)   Evacuate Collection Set: 150.23ms
[75.632s][info][gc,phases   ] GC(164)   Post Evacuate Collection Set: 6.18ms
[75.632s][info][gc,phases   ] GC(164)   Other: 0.13ms
[75.632s][info][gc,heap     ] GC(164) Eden regions: 308->0(208)
[75.632s][info][gc,heap     ] GC(164) Survivor regions: 9->40(40)
[75.632s][info][gc,heap     ] GC(164) Old regions: 567->629
[75.632s][info][gc,heap     ] GC(164) Humongous regions: 10->10
[75.632s][info][gc,metaspace] GC(164) Metaspace: 17560K(17728K)->17560K(17728K) NonClass: 15754K(15872K)->15754K(15872K) Class: 1805K(1856K)->1805K(1856K)
[75.632s][info][gc          ] GC(164) Pause Young (Normal) (G1 Evacuation Pause) (Evacuation Failure: Allocation) 894M->679M(978M) 158.686ms
[75.632s][info][gc,cpu      ] GC(164) User=0.31s Sys=0.00s Real=0.16s
[76.136s][info][gc,marking  ] GC(162) Concurrent Rebuild Remembered Sets and Scrub Regions 770.893ms
[76.136s][info][gc,start    ] GC(162) Pause Cleanup
[76.137s][info][gc          ] GC(162) Pause Cleanup 886M->886M(978M) 0.117ms
[76.137s][info][gc,cpu      ] GC(162) User=0.00s Sys=0.00s Real=0.00s
[76.137s][info][gc,marking  ] GC(162) Concurrent Clear Claimed Marks
[76.137s][info][gc,marking  ] GC(162) Concurrent Clear Claimed Marks 0.025ms
[76.137s][info][gc,marking  ] GC(162) Concurrent Cleanup for Next Mark
[76.140s][info][gc,marking  ] GC(162) Concurrent Cleanup for Next Mark 2.912ms
[76.140s][info][gc          ] GC(162) Concurrent Mark Cycle 2414.880ms
[76.146s][info][gc,start    ] GC(165) Pause Young (Prepare Mixed) (G1 Evacuation Pause)
[76.146s][info][gc,task     ] GC(165) Using 2 workers of 2 for evacuation
[76.305s][info][gc,phases   ] GC(165)   Pre Evacuate Collection Set: 0.48ms
[76.305s][info][gc,phases   ] GC(165)   Merge Heap Roots: 1.62ms
[76.305s][info][gc,phases   ] GC(165)   Evacuate Collection Set: 155.69ms
[76.305s][info][gc,phases   ] GC(165)   Post Evacuate Collection Set: 0.70ms
[76.305s][info][gc,phases   ] GC(165)   Other: 0.10ms
[76.305s][info][gc,heap     ] GC(165) Eden regions: 208->0(214)
[76.305s][info][gc,heap     ] GC(165) Survivor regions: 40->28(31)
[76.305s][info][gc,heap     ] GC(165) Old regions: 629->628
[76.305s][info][gc,heap     ] GC(165) Humongous regions: 13->13
[76.305s][info][gc,metaspace] GC(165) Metaspace: 17560K(17728K)->17560K(17728K) NonClass: 15754K(15872K)->15754K(15872K) Class: 1805K(1856K)->1805K(1856K)
[76.305s][info][gc          ] GC(165) Pause Young (Prepare Mixed) (G1 Evacuation Pause) 890M->668M(978M) 158.814ms
[76.305s][info][gc,cpu      ] GC(165) User=0.31s Sys=0.00s Real=0.16s
[76.649s][info][gc,start    ] GC(166) Pause Young (Mixed) (G1 Evacuation Pause)
[76.649s][info][gc,task     ] GC(166) Using 2 workers of 2 for evacuation
[76.690s][info][gc,phases   ] GC(166)   Pre Evacuate Collection Set: 0.40ms
[76.690s][info][gc,phases   ] GC(166)   Merge Heap Roots: 0.34ms
[76.690s][info][gc,phases   ] GC(166)   Evacuate Collection Set: 40.17ms
[76.690s][info][gc,phases   ] GC(166)   Post Evacuate Collection Set: 0.46ms
[76.690s][info][gc,phases   ] GC(166)   Other: 0.08ms
[76.690s][info][gc,heap     ] GC(166) Eden regions: 214->0(235)
[76.690s][info][gc,heap     ] GC(166) Survivor regions: 28->1(31)
[76.690s][info][gc,heap     ] GC(166) Old regions: 628->646
[76.690s][info][gc,heap     ] GC(166) Humongous regions: 13->13
[76.690s][info][gc,metaspace] GC(166) Metaspace: 17560K(17728K)->17560K(17728K) NonClass: 15754K(15872K)->15754K(15872K) Class: 1805K(1856K)->1805K(1856K)
[76.690s][info][gc          ] GC(166) Pause Young (Mixed) (G1 Evacuation Pause) 882M->659M(978M) 41.688ms
[76.690s][info][gc,cpu      ] GC(166) User=0.08s Sys=0.00s Real=0.04s
[77.055s][info][gc,start    ] GC(167) Pause Young (Concurrent Start) (G1 Evacuation Pause)
[77.055s][info][gc,task     ] GC(167) Using 2 workers of 2 for evacuation
[77.057s][info][gc,phases   ] GC(167)   Pre Evacuate Collection Set: 0.34ms
[77.057s][info][gc,phases   ] GC(167)   Merge Heap Roots: 0.10ms
[77.057s][info][gc,phases   ] GC(167)   Evacuate Collection Set: 0.53ms
[77.057s][info][gc,phases   ] GC(167)   Post Evacuate Collection Set: 0.40ms
[77.057s][info][gc,phases   ] GC(167)   Other: 0.09ms
[77.057s][info][gc,heap     ] GC(167) Eden regions: 235->0(248)
[77.057s][info][gc,heap     ] GC(167) Survivor regions: 1->1(30)
[77.057s][info][gc,heap     ] GC(167) Old regions: 646->646
[77.057s][info][gc,heap     ] GC(167) Humongous regions: 13->13
[77.057s][info][gc,metaspace] GC(167) Metaspace: 17560K(17728K)->17560K(17728K) NonClass: 15754K(15872K)->15754K(15872K) Class: 1805K(1856K)->1805K(1856K)
[77.057s][info][gc          ] GC(167) Pause Young (Concurrent Start) (G1 Evacuation Pause) 894M->659M(978M) 1.728ms
[77.057s][info][gc,cpu      ] GC(167) User=0.00s Sys=0.01s Real=0.00s
[77.057s][info][gc          ] GC(168) Concurrent Mark Cycle
[77.057s][info][gc,marking  ] GC(168) Concurrent Scan Root Regions
[77.059s][info][gc,marking  ] GC(168) Concurrent Scan Root Regions 2.279ms
[77.059s][info][gc,marking  ] GC(168) Concurrent Mark
[77.059s][info][gc,marking  ] GC(168) Concurrent Mark From Roots
[77.059s][info][gc,task     ] GC(168) Using 1 workers of 1 for marking
[78.012s][info][gc,start    ] GC(169) Pause Young (Normal) (G1 Evacuation Pause)
[78.012s][info][gc,task     ] GC(169) Using 2 workers of 2 for evacuation
[78.014s][info][gc,phases   ] GC(169)   Pre Evacuate Collection Set: 0.30ms
[78.014s][info][gc,phases   ] GC(169)   Merge Heap Roots: 0.09ms
[78.014s][info][gc,phases   ] GC(169)   Evacuate Collection Set: 0.24ms
[78.014s][info][gc,phases   ] GC(169)   Post Evacuate Collection Set: 0.39ms
[78.014s][info][gc,phases   ] GC(169)   Other: 0.09ms
[78.014s][info][gc,heap     ] GC(169) Eden regions: 248->0(259)
[78.014s][info][gc,heap     ] GC(169) Survivor regions: 1->1(32)
[78.014s][info][gc,heap     ] GC(169) Old regions: 646->646
[78.014s][info][gc,heap     ] GC(169) Humongous regions: 13->13
[78.014s][info][gc,metaspace] GC(169) Metaspace: 17560K(17728K)->17560K(17728K) NonClass: 15754K(15872K)->15754K(15872K) Class: 1805K(1856K)->1805K(1856K)
[78.014s][info][gc          ] GC(169) Pause Young (Normal) (G1 Evacuation Pause) 907M->658M(978M) 1.317ms
[78.014s][info][gc,cpu      ] GC(169) User=0.00s Sys=0.00s Real=0.00s
[78.483s][info][gc,marking  ] GC(168) Concurrent Mark From Roots 1424.051ms
[78.483s][info][gc,marking  ] GC(168) Concurrent Preclean
[78.483s][info][gc,marking  ] GC(168) Concurrent Preclean 0.030ms
[78.484s][info][gc,start    ] GC(168) Pause Remark
[78.490s][info][gc          ] GC(168) Pause Remark 782M->722M(978M) 6.769ms
[78.490s][info][gc,cpu      ] GC(168) User=0.01s Sys=0.00s Real=0.01s
[78.490s][info][gc,marking  ] GC(168) Concurrent Mark 1431.212ms
[78.490s][info][gc,marking  ] GC(168) Concurrent Rebuild Remembered Sets and Scrub Regions
[78.856s][info][gc,start    ] GC(170) Pause Young (Normal) (G1 Evacuation Pause)
[78.856s][info][gc,task     ] GC(170) Using 2 workers of 2 for evacuation
[78.857s][info][gc,phases   ] GC(170)   Pre Evacuate Collection Set: 0.26ms
[78.857s][info][gc,phases   ] GC(170)   Merge Heap Roots: 0.10ms
[78.857s][info][gc,phases   ] GC(170)   Evacuate Collection Set: 0.23ms
[78.857s][info][gc,phases   ] GC(170)   Post Evacuate Collection Set: 0.39ms
[78.857s][info][gc,phases   ] GC(170)   Other: 0.10ms
[78.857s][info][gc,heap     ] GC(170) Eden regions: 259->0(312)
[78.858s][info][gc,heap     ] GC(170) Survivor regions: 1->1(33)
[78.858s][info][gc,heap     ] GC(170) Old regions: 592->592
[78.858s][info][gc,heap     ] GC(170) Humongous regions: 7->7
[78.858s][info][gc,metaspace] GC(170) Metaspace: 17560K(17728K)->17560K(17728K) NonClass: 15754K(15872K)->15754K(15872K) Class: 1805K(1856K)->1805K(1856K)
[78.858s][info][gc          ] GC(170) Pause Young (Normal) (G1 Evacuation Pause) 857M->598M(978M) 1.274ms
[78.858s][info][gc,cpu      ] GC(170) User=0.00s Sys=0.00s Real=0.00s
[78.904s][info][gc,marking  ] GC(168) Concurrent Rebuild Remembered Sets and Scrub Regions 413.070ms
[78.904s][info][gc,start    ] GC(168) Pause Cleanup
[78.904s][info][gc          ] GC(168) Pause Cleanup 614M->614M(978M) 0.203ms
[78.904s][info][gc,cpu      ] GC(168) User=0.00s Sys=0.00s Real=0.00s
[78.904s][info][gc,marking  ] GC(168) Concurrent Clear Claimed Marks
[78.904s][info][gc,marking  ] GC(168) Concurrent Clear Claimed Marks 0.027ms
[78.904s][info][gc,marking  ] GC(168) Concurrent Cleanup for Next Mark
[78.907s][info][gc,marking  ] GC(168) Concurrent Cleanup for Next Mark 2.934ms
[78.907s][info][gc          ] GC(168) Concurrent Mark Cycle 1850.047ms
[79.352s][info][gc,start    ] GC(171) Pause Young (Prepare Mixed) (G1 Evacuation Pause)
[79.352s][info][gc,task     ] GC(171) Using 2 workers of 2 for evacuation
[79.359s][info][gc,phases   ] GC(171)   Pre Evacuate Collection Set: 0.53ms
[79.359s][info][gc,phases   ] GC(171)   Merge Heap Roots: 0.14ms
[79.359s][info][gc,phases   ] GC(171)   Evacuate Collection Set: 5.58ms
[79.359s][info][gc,phases   ] GC(171)   Post Evacuate Collection Set: 0.48ms
[79.359s][info][gc,phases   ] GC(171)   Other: 0.08ms
[79.359s][info][gc,heap     ] GC(171) Eden regions: 312->0(317)
[79.359s][info][gc,heap     ] GC(171) Survivor regions: 1->4(40)
[79.359s][info][gc,heap     ] GC(171) Old regions: 592->592
[79.359s][info][gc,heap     ] GC(171) Humongous regions: 7->7
[79.359s][info][gc,metaspace] GC(171) Metaspace: 17560K(17728K)->17560K(17728K) NonClass: 15754K(15872K)->15754K(15872K) Class: 1805K(1856K)->1805K(1856K)
[79.359s][info][gc          ] GC(171) Pause Young (Prepare Mixed) (G1 Evacuation Pause) 910M->602M(978M) 7.032ms
[79.359s][info][gc,cpu      ] GC(171) User=0.01s Sys=0.00s Real=0.01s
[79.648s][info][gc,start    ] GC(172) Pause Young (Mixed) (G1 Evacuation Pause)
[79.648s][info][gc,task     ] GC(172) Using 2 workers of 2 for evacuation
[79.709s][info][gc,phases   ] GC(172)   Pre Evacuate Collection Set: 0.55ms
[79.709s][info][gc,phases   ] GC(172)   Merge Heap Roots: 0.66ms
[79.709s][info][gc,phases   ] GC(172)   Evacuate Collection Set: 58.45ms
[79.709s][info][gc,phases   ] GC(172)   Post Evacuate Collection Set: 0.76ms
[79.709s][info][gc,phases   ] GC(172)   Other: 0.09ms
[79.709s][info][gc,heap     ] GC(172) Eden regions: 317->0(352)
[79.709s][info][gc,heap     ] GC(172) Survivor regions: 4->33(41)
[79.709s][info][gc,heap     ] GC(172) Old regions: 592->503
[79.709s][info][gc,heap     ] GC(172) Humongous regions: 7->7
[79.709s][info][gc,metaspace] GC(172) Metaspace: 17561K(17728K)->17561K(17728K) NonClass: 15755K(15872K)->15755K(15872K) Class: 1805K(1856K)->1805K(1856K)
[79.709s][info][gc          ] GC(172) Pause Young (Mixed) (G1 Evacuation Pause) 919M->543M(978M) 60.740ms
[79.709s][info][gc,cpu      ] GC(172) User=0.12s Sys=0.00s Real=0.06s
[80.066s][info][gc,start    ] GC(173) Pause Young (Mixed) (G1 Evacuation Pause)
[80.066s][info][gc,task     ] GC(173) Using 2 workers of 2 for evacuation
[80.197s][info][gc,phases   ] GC(173)   Pre Evacuate Collection Set: 0.35ms
[80.197s][info][gc,phases   ] GC(173)   Merge Heap Roots: 1.57ms
[80.197s][info][gc,phases   ] GC(173)   Evacuate Collection Set: 104.52ms
[80.197s][info][gc,phases   ] GC(173)   Merge Optional Heap Roots: 0.50ms
[80.197s][info][gc,phases   ] GC(173)   Evacuate Optional Collection Set: 22.93ms
[80.197s][info][gc,phases   ] GC(173)   Post Evacuate Collection Set: 0.82ms
[80.197s][info][gc,phases   ] GC(173)   Other: 0.10ms
[80.197s][info][gc,heap     ] GC(173) Eden regions: 352->0(359)
[80.197s][info][gc,heap     ] GC(173) Survivor regions: 33->11(49)
[80.197s][info][gc,heap     ] GC(173) Old regions: 503->526
[80.197s][info][gc,heap     ] GC(173) Humongous regions: 7->7
[80.197s][info][gc,metaspace] GC(173) Metaspace: 17561K(17728K)->17561K(17728K) NonClass: 15755K(15872K)->15755K(15872K) Class: 1805K(1856K)->1805K(1856K)
[80.197s][info][gc          ] GC(173) Pause Young (Mixed) (G1 Evacuation Pause) 895M->543M(978M) 131.051ms
[80.197s][info][gc,cpu      ] GC(173) User=0.26s Sys=0.00s Real=0.13s
[80.952s][info][gc,start    ] GC(174) Pause Young (Concurrent Start) (G1 Evacuation Pause)
[80.952s][info][gc,task     ] GC(174) Using 2 workers of 2 for evacuation
[80.976s][info][gc,phases   ] GC(174)   Pre Evacuate Collection Set: 0.33ms
[80.976s][info][gc,phases   ] GC(174)   Merge Heap Roots: 0.40ms
[80.976s][info][gc,phases   ] GC(174)   Evacuate Collection Set: 22.92ms
[80.976s][info][gc,phases   ] GC(174)   Post Evacuate Collection Set: 0.62ms
[80.976s][info][gc,phases   ] GC(174)   Other: 0.15ms
[80.976s][info][gc,heap     ] GC(174) Eden regions: 359->0(372)
[80.976s][info][gc,heap     ] GC(174) Survivor regions: 11->11(47)
[80.976s][info][gc,heap     ] GC(174) Old regions: 526->526
[80.976s][info][gc,heap     ] GC(174) Humongous regions: 7->7
[80.976s][info][gc,metaspace] GC(174) Metaspace: 17561K(17728K)->17561K(17728K) NonClass: 15755K(15872K)->15755K(15872K) Class: 1805K(1856K)->1805K(1856K)
[80.976s][info][gc          ] GC(174) Pause Young (Concurrent Start) (G1 Evacuation Pause) 902M->543M(978M) 24.698ms
[80.976s][info][gc          ] GC(175) Concurrent Mark Cycle
[80.976s][info][gc,marking  ] GC(175) Concurrent Scan Root Regions
[80.977s][info][gc,cpu      ] GC(174) User=0.05s Sys=0.00s Real=0.03s
[81.000s][info][gc,marking  ] GC(175) Concurrent Scan Root Regions 23.874ms
[81.000s][info][gc,marking  ] GC(175) Concurrent Mark
[81.000s][info][gc,marking  ] GC(175) Concurrent Mark From Roots
[81.000s][info][gc,task     ] GC(175) Using 1 workers of 1 for marking
[82.453s][info][gc,start    ] GC(176) Pause Young (Normal) (G1 Evacuation Pause)
[82.453s][info][gc,task     ] GC(176) Using 2 workers of 2 for evacuation
[82.485s][info][gc,phases   ] GC(176)   Pre Evacuate Collection Set: 0.33ms
[82.485s][info][gc,phases   ] GC(176)   Merge Heap Roots: 0.21ms
[82.485s][info][gc,phases   ] GC(176)   Evacuate Collection Set: 30.09ms
[82.485s][info][gc,phases   ] GC(176)   Post Evacuate Collection Set: 0.63ms
[82.485s][info][gc,phases   ] GC(176)   Other: 0.14ms
[82.485s][info][gc,heap     ] GC(176) Eden regions: 372->0(345)
[82.485s][info][gc,heap     ] GC(176) Survivor regions: 11->25(48)
[82.485s][info][gc,heap     ] GC(176) Old regions: 526->526
[82.485s][info][gc,heap     ] GC(176) Humongous regions: 7->7
[82.485s][info][gc,metaspace] GC(176) Metaspace: 17561K(17728K)->17561K(17728K) NonClass: 15755K(15872K)->15755K(15872K) Class: 1805K(1856K)->1805K(1856K)
[82.485s][info][gc          ] GC(176) Pause Young (Normal) (G1 Evacuation Pause) 915M->557M(978M) 31.641ms
[82.485s][info][gc,cpu      ] GC(176) User=0.06s Sys=0.00s Real=0.04s
[82.868s][info][gc,marking  ] GC(175) Concurrent Mark From Roots 1867.486ms
[82.868s][info][gc,marking  ] GC(175) Concurrent Preclean
[82.868s][info][gc,marking  ] GC(175) Concurrent Preclean 0.035ms
[82.868s][info][gc,start    ] GC(175) Pause Remark
[82.875s][info][gc          ] GC(175) Pause Remark 707M->707M(978M) 7.101ms
[82.875s][info][gc,cpu      ] GC(175) User=0.02s Sys=0.00s Real=0.01s
[82.875s][info][gc,marking  ] GC(175) Concurrent Mark 1874.978ms
[82.875s][info][gc,marking  ] GC(175) Concurrent Rebuild Remembered Sets and Scrub Regions
[83.424s][info][gc,start    ] GC(177) Pause Young (Normal) (G1 Evacuation Pause)
[83.424s][info][gc,task     ] GC(177) Using 2 workers of 2 for evacuation
[83.518s][info][gc,phases   ] GC(177)   Pre Evacuate Collection Set: 0.48ms
[83.518s][info][gc,phases   ] GC(177)   Merge Heap Roots: 0.38ms
[83.518s][info][gc,phases   ] GC(177)   Evacuate Collection Set: 89.06ms
[83.518s][info][gc,phases   ] GC(177)   Post Evacuate Collection Set: 3.98ms
[83.518s][info][gc,phases   ] GC(177)   Other: 0.09ms
[83.518s][info][gc,heap     ] GC(177) Eden regions: 345->0(202)
[83.518s][info][gc,heap     ] GC(177) Survivor regions: 25->47(47)
[83.518s][info][gc,heap     ] GC(177) Old regions: 526->625
[83.518s][info][gc,heap     ] GC(177) Humongous regions: 7->7
[83.518s][info][gc,metaspace] GC(177) Metaspace: 17578K(17728K)->17578K(17728K) NonClass: 15772K(15872K)->15772K(15872K) Class: 1806K(1856K)->1806K(1856K)
[83.518s][info][gc          ] GC(177) Pause Young (Normal) (G1 Evacuation Pause) (Evacuation Failure: Allocation) 902M->679M(978M) 94.239ms
[83.518s][info][gc,cpu      ] GC(177) User=0.19s Sys=0.00s Real=0.10s
[83.704s][info][gc,marking  ] GC(175) Concurrent Rebuild Remembered Sets and Scrub Regions 828.542ms
[83.704s][info][gc,start    ] GC(175) Pause Cleanup
[83.704s][info][gc          ] GC(175) Pause Cleanup 737M->737M(978M) 0.136ms
[83.704s][info][gc,cpu      ] GC(175) User=0.00s Sys=0.00s Real=0.01s
[83.704s][info][gc,marking  ] GC(175) Concurrent Clear Claimed Marks
[83.704s][info][gc,marking  ] GC(175) Concurrent Clear Claimed Marks 0.023ms
[83.704s][info][gc,marking  ] GC(175) Concurrent Cleanup for Next Mark
[83.711s][info][gc,marking  ] GC(175) Concurrent Cleanup for Next Mark 6.716ms
[83.711s][info][gc          ] GC(175) Concurrent Mark Cycle 2734.820ms
[83.916s][info][gc,start    ] GC(178) Pause Young (Prepare Mixed) (G1 Evacuation Pause)
[83.916s][info][gc,task     ] GC(178) Using 2 workers of 2 for evacuation
[84.000s][info][gc,phases   ] GC(178)   Pre Evacuate Collection Set: 0.35ms
[84.000s][info][gc,phases   ] GC(178)   Merge Heap Roots: 0.45ms
[84.000s][info][gc,phases   ] GC(178)   Evacuate Collection Set: 82.08ms
[84.000s][info][gc,phases   ] GC(178)   Post Evacuate Collection Set: 0.63ms
[84.000s][info][gc,phases   ] GC(178)   Other: 0.08ms
[84.000s][info][gc,heap     ] GC(178) Eden regions: 202->0(273)
[84.000s][info][gc,heap     ] GC(178) Survivor regions: 47->13(32)
[84.000s][info][gc,heap     ] GC(178) Old regions: 625->608
[84.000s][info][gc,heap     ] GC(178) Humongous regions: 10->10
[84.000s][info][gc,metaspace] GC(178) Metaspace: 17592K(17728K)->17592K(17728K) NonClass: 15784K(15872K)->15784K(15872K) Class: 1808K(1856K)->1808K(1856K)
[84.000s][info][gc          ] GC(178) Pause Young (Prepare Mixed) (G1 Evacuation Pause) 884M->630M(978M) 83.880ms
[84.000s][info][gc,cpu      ] GC(178) User=0.16s Sys=0.00s Real=0.08s
[84.445s][info][gc,start    ] GC(179) Pause Young (Mixed) (G1 Evacuation Pause)
[84.445s][info][gc,task     ] GC(179) Using 2 workers of 2 for evacuation
[84.500s][info][gc,phases   ] GC(179)   Pre Evacuate Collection Set: 0.34ms
[84.500s][info][gc,phases   ] GC(179)   Merge Heap Roots: 0.78ms
[84.500s][info][gc,phases   ] GC(179)   Evacuate Collection Set: 53.57ms
[84.500s][info][gc,phases   ] GC(179)   Post Evacuate Collection Set: 0.63ms
[84.500s][info][gc,phases   ] GC(179)   Other: 0.09ms
[84.500s][info][gc,heap     ] GC(179) Eden regions: 273->0(291)
[84.500s][info][gc,heap     ] GC(179) Survivor regions: 13->13(36)
[84.500s][info][gc,heap     ] GC(179) Old regions: 608->601
[84.500s][info][gc,heap     ] GC(179) Humongous regions: 10->10
[84.500s][info][gc,metaspace] GC(179) Metaspace: 17592K(17728K)->17592K(17728K) NonClass: 15784K(15872K)->15784K(15872K) Class: 1808K(1856K)->1808K(1856K)
[84.500s][info][gc          ] GC(179) Pause Young (Mixed) (G1 Evacuation Pause) 903M->623M(978M) 55.677ms
[84.500s][info][gc,cpu      ] GC(179) User=0.11s Sys=0.00s Real=0.05s
[84.965s][info][gc,start    ] GC(180) Pause Young (Concurrent Start) (G1 Evacuation Pause)
[84.965s][info][gc,task     ] GC(180) Using 2 workers of 2 for evacuation
[85.003s][info][gc,phases   ] GC(180)   Pre Evacuate Collection Set: 0.32ms
[85.003s][info][gc,phases   ] GC(180)   Merge Heap Roots: 0.41ms
[85.003s][info][gc,phases   ] GC(180)   Evacuate Collection Set: 36.34ms
[85.003s][info][gc,phases   ] GC(180)   Post Evacuate Collection Set: 0.65ms
[85.003s][info][gc,phases   ] GC(180)   Other: 0.12ms
[85.003s][info][gc,heap     ] GC(180) Eden regions: 291->0(285)
[85.003s][info][gc,heap     ] GC(180) Survivor regions: 13->16(38)
[85.003s][info][gc,heap     ] GC(180) Old regions: 601->601
[85.003s][info][gc,heap     ] GC(180) Humongous regions: 10->10
[85.003s][info][gc,metaspace] GC(180) Metaspace: 17592K(17728K)->17592K(17728K) NonClass: 15784K(15872K)->15784K(15872K) Class: 1808K(1856K)->1808K(1856K)
[85.003s][info][gc          ] GC(180) Pause Young (Concurrent Start) (G1 Evacuation Pause) 914M->626M(978M) 38.091ms
[85.003s][info][gc          ] GC(181) Concurrent Mark Cycle
[85.003s][info][gc,marking  ] GC(181) Concurrent Scan Root Regions
[85.004s][info][gc,cpu      ] GC(180) User=0.07s Sys=0.00s Real=0.03s
[85.054s][info][gc,marking  ] GC(181) Concurrent Scan Root Regions 50.413ms
[85.054s][info][gc,marking  ] GC(181) Concurrent Mark
[85.054s][info][gc,marking  ] GC(181) Concurrent Mark From Roots
[85.054s][info][gc,task     ] GC(181) Using 1 workers of 1 for marking
[85.568s][info][gc,start    ] GC(182) Pause Young (Normal) (G1 Evacuation Pause)
[85.568s][info][gc,task     ] GC(182) Using 2 workers of 2 for evacuation
[85.654s][info][gc,phases   ] GC(182)   Pre Evacuate Collection Set: 0.30ms
[85.654s][info][gc,phases   ] GC(182)   Merge Heap Roots: 0.45ms
[85.654s][info][gc,phases   ] GC(182)   Evacuate Collection Set: 84.56ms
[85.654s][info][gc,phases   ] GC(182)   Post Evacuate Collection Set: 0.65ms
[85.654s][info][gc,phases   ] GC(182)   Other: 0.08ms
[85.654s][info][gc,heap     ] GC(182) Eden regions: 285->0(219)
[85.654s][info][gc,heap     ] GC(182) Survivor regions: 16->38(38)
[85.654s][info][gc,heap     ] GC(182) Old regions: 601->623
[85.654s][info][gc,heap     ] GC(182) Humongous regions: 10->10
[85.654s][info][gc,metaspace] GC(182) Metaspace: 17592K(17728K)->17592K(17728K) NonClass: 15784K(15872K)->15784K(15872K) Class: 1808K(1856K)->1808K(1856K)
[85.654s][info][gc          ] GC(182) Pause Young (Normal) (G1 Evacuation Pause) 911M->671M(978M) 86.291ms
[85.654s][info][gc,cpu      ] GC(182) User=0.17s Sys=0.00s Real=0.08s
[86.084s][info][gc,start    ] GC(183) Pause Young (Normal) (G1 Evacuation Pause)
[86.084s][info][gc,task     ] GC(183) Using 2 workers of 2 for evacuation
[86.182s][info][gc,phases   ] GC(183)   Pre Evacuate Collection Set: 0.30ms
[86.182s][info][gc,phases   ] GC(183)   Merge Heap Roots: 0.48ms
[86.182s][info][gc,phases   ] GC(183)   Evacuate Collection Set: 96.20ms
[86.182s][info][gc,phases   ] GC(183)   Post Evacuate Collection Set: 0.46ms
[86.182s][info][gc,phases   ] GC(183)   Other: 0.13ms
[86.182s][info][gc,heap     ] GC(183) Eden regions: 219->0(196)
[86.182s][info][gc,heap     ] GC(183) Survivor regions: 38->30(33)
[86.182s][info][gc,heap     ] GC(183) Old regions: 623->662
[86.182s][info][gc,heap     ] GC(183) Humongous regions: 10->10
[86.182s][info][gc,metaspace] GC(183) Metaspace: 17592K(17728K)->17592K(17728K) NonClass: 15784K(15872K)->15784K(15872K) Class: 1808K(1856K)->1808K(1856K)
[86.182s][info][gc          ] GC(183) Pause Young (Normal) (G1 Evacuation Pause) 890M->701M(978M) 97.827ms
[86.182s][info][gc,cpu      ] GC(183) User=0.20s Sys=0.00s Real=0.10s
[86.429s][info][gc,start    ] GC(184) Pause Young (Normal) (G1 Evacuation Pause)
[86.429s][info][gc,task     ] GC(184) Using 2 workers of 2 for evacuation
[86.483s][info][gc,phases   ] GC(184)   Pre Evacuate Collection Set: 0.39ms
[86.483s][info][gc,phases   ] GC(184)   Merge Heap Roots: 0.28ms
[86.483s][info][gc,phases   ] GC(184)   Evacuate Collection Set: 53.30ms
[86.483s][info][gc,phases   ] GC(184)   Post Evacuate Collection Set: 0.50ms
[86.483s][info][gc,phases   ] GC(184)   Other: 0.08ms
[86.483s][info][gc,heap     ] GC(184) Eden regions: 196->0(198)
[86.484s][info][gc,heap     ] GC(184) Survivor regions: 30->14(29)
[86.484s][info][gc,heap     ] GC(184) Old regions: 662->692
[86.484s][info][gc,heap     ] GC(184) Humongous regions: 10->10
[86.484s][info][gc,metaspace] GC(184) Metaspace: 17592K(17728K)->17592K(17728K) NonClass: 15784K(15872K)->15784K(15872K) Class: 1808K(1856K)->1808K(1856K)
[86.484s][info][gc          ] GC(184) Pause Young (Normal) (G1 Evacuation Pause) 897M->715M(978M) 54.793ms
[86.484s][info][gc,cpu      ] GC(184) User=0.11s Sys=0.00s Real=0.05s
[86.539s][info][gc,marking  ] GC(181) Concurrent Mark From Roots 1485.117ms
[86.539s][info][gc,marking  ] GC(181) Concurrent Preclean
[86.539s][info][gc,marking  ] GC(181) Concurrent Preclean 0.043ms
[86.539s][info][gc,start    ] GC(181) Pause Remark
[86.546s][info][gc          ] GC(181) Pause Remark 759M->691M(978M) 7.009ms
[86.546s][info][gc,cpu      ] GC(181) User=0.02s Sys=0.00s Real=0.01s
[86.547s][info][gc,marking  ] GC(181) Concurrent Mark 1493.174ms
[86.547s][info][gc,marking  ] GC(181) Concurrent Rebuild Remembered Sets and Scrub Regions
[86.745s][info][gc,start    ] GC(185) Pause Young (Normal) (G1 Evacuation Pause)
[86.745s][info][gc,task     ] GC(185) Using 2 workers of 2 for evacuation
[86.791s][info][gc,phases   ] GC(185)   Pre Evacuate Collection Set: 0.33ms
[86.791s][info][gc,phases   ] GC(185)   Merge Heap Roots: 0.35ms
[86.791s][info][gc,phases   ] GC(185)   Evacuate Collection Set: 44.42ms
[86.791s][info][gc,phases   ] GC(185)   Post Evacuate Collection Set: 0.50ms
[86.791s][info][gc,phases   ] GC(185)   Other: 0.09ms
[86.791s][info][gc,heap     ] GC(185) Eden regions: 198->0(239)
[86.791s][info][gc,heap     ] GC(185) Survivor regions: 14->27(27)
[86.791s][info][gc,heap     ] GC(185) Old regions: 627->628
[86.791s][info][gc,heap     ] GC(185) Humongous regions: 7->7
[86.791s][info][gc,metaspace] GC(185) Metaspace: 17592K(17728K)->17592K(17728K) NonClass: 15784K(15872K)->15784K(15872K) Class: 1808K(1856K)->1808K(1856K)
[86.791s][info][gc          ] GC(185) Pause Young (Normal) (G1 Evacuation Pause) 845M->662M(978M) 45.975ms
[86.791s][info][gc,cpu      ] GC(185) User=0.09s Sys=0.00s Real=0.04s
[87.015s][info][gc,start    ] GC(186) Pause Young (Normal) (G1 Evacuation Pause)
[87.015s][info][gc,task     ] GC(186) Using 2 workers of 2 for evacuation
[87.068s][info][gc,phases   ] GC(186)   Pre Evacuate Collection Set: 0.50ms
[87.069s][info][gc,phases   ] GC(186)   Merge Heap Roots: 0.42ms
[87.069s][info][gc,phases   ] GC(186)   Evacuate Collection Set: 51.46ms
[87.069s][info][gc,phases   ] GC(186)   Post Evacuate Collection Set: 0.55ms
[87.069s][info][gc,phases   ] GC(186)   Other: 0.09ms
[87.069s][info][gc,heap     ] GC(186) Eden regions: 239->0(234)
[87.069s][info][gc,heap     ] GC(186) Survivor regions: 27->23(34)
[87.069s][info][gc,heap     ] GC(186) Old regions: 628->641
[87.069s][info][gc,heap     ] GC(186) Humongous regions: 7->7
[87.069s][info][gc,metaspace] GC(186) Metaspace: 17592K(17728K)->17592K(17728K) NonClass: 15784K(15872K)->15784K(15872K) Class: 1808K(1856K)->1808K(1856K)
[87.069s][info][gc          ] GC(186) Pause Young (Normal) (G1 Evacuation Pause) 901M->671M(978M) 53.250ms
[87.069s][info][gc,cpu      ] GC(186) User=0.10s Sys=0.00s Real=0.05s
[87.217s][info][gc,marking  ] GC(181) Concurrent Rebuild Remembered Sets and Scrub Regions 669.896ms
[87.217s][info][gc,start    ] GC(181) Pause Cleanup
[87.217s][info][gc          ] GC(181) Pause Cleanup 792M->792M(978M) 0.151ms
[87.217s][info][gc,cpu      ] GC(181) User=0.00s Sys=0.00s Real=0.00s
[87.217s][info][gc,marking  ] GC(181) Concurrent Clear Claimed Marks
[87.218s][info][gc,marking  ] GC(181) Concurrent Clear Claimed Marks 0.026ms
[87.218s][info][gc,marking  ] GC(181) Concurrent Cleanup for Next Mark
[87.221s][info][gc,marking  ] GC(181) Concurrent Cleanup for Next Mark 2.973ms
[87.221s][info][gc          ] GC(181) Concurrent Mark Cycle 2217.059ms
[87.287s][info][gc,start    ] GC(187) Pause Young (Prepare Mixed) (G1 Evacuation Pause)
[87.287s][info][gc,task     ] GC(187) Using 2 workers of 2 for evacuation
[87.320s][info][gc,phases   ] GC(187)   Pre Evacuate Collection Set: 0.30ms
[87.320s][info][gc,phases   ] GC(187)   Merge Heap Roots: 0.26ms
[87.320s][info][gc,phases   ] GC(187)   Evacuate Collection Set: 31.59ms
[87.320s][info][gc,phases   ] GC(187)   Post Evacuate Collection Set: 0.50ms
[87.320s][info][gc,phases   ] GC(187)   Other: 0.10ms
[87.320s][info][gc,heap     ] GC(187) Eden regions: 234->0(241)
[87.320s][info][gc,heap     ] GC(187) Survivor regions: 23->12(33)
[87.320s][info][gc,heap     ] GC(187) Old regions: 641->656
[87.320s][info][gc,heap     ] GC(187) Humongous regions: 7->7
[87.320s][info][gc,metaspace] GC(187) Metaspace: 17593K(17728K)->17593K(17728K) NonClass: 15785K(15872K)->15785K(15872K) Class: 1808K(1856K)->1808K(1856K)
[87.320s][info][gc          ] GC(187) Pause Young (Prepare Mixed) (G1 Evacuation Pause) 905M->675M(978M) 33.009ms
[87.320s][info][gc,cpu      ] GC(187) User=0.07s Sys=0.00s Real=0.03s
[87.583s][info][gc,start    ] GC(188) Pause Young (Mixed) (G1 Evacuation Pause)
[87.583s][info][gc,task     ] GC(188) Using 2 workers of 2 for evacuation
[87.659s][info][gc,phases   ] GC(188)   Pre Evacuate Collection Set: 0.38ms
[87.659s][info][gc,phases   ] GC(188)   Merge Heap Roots: 0.88ms
[87.659s][info][gc,phases   ] GC(188)   Evacuate Collection Set: 73.35ms
[87.659s][info][gc,phases   ] GC(188)   Post Evacuate Collection Set: 0.61ms
[87.659s][info][gc,phases   ] GC(188)   Other: 0.08ms
[87.659s][info][gc,heap     ] GC(188) Eden regions: 241->0(280)
[87.659s][info][gc,heap     ] GC(188) Survivor regions: 12->23(32)
[87.659s][info][gc,heap     ] GC(188) Old regions: 656->595
[87.659s][info][gc,heap     ] GC(188) Humongous regions: 7->7
[87.659s][info][gc,metaspace] GC(188) Metaspace: 17616K(17728K)->17616K(17728K) NonClass: 15808K(15872K)->15808K(15872K) Class: 1808K(1856K)->1808K(1856K)
[87.659s][info][gc          ] GC(188) Pause Young (Mixed) (G1 Evacuation Pause) 916M->624M(978M) 75.601ms
[87.659s][info][gc,cpu      ] GC(188) User=0.14s Sys=0.00s Real=0.08s
[88.499s][info][gc,start    ] GC(189) Pause Young (Concurrent Start) (G1 Evacuation Pause)
[88.499s][info][gc,task     ] GC(189) Using 2 workers of 2 for evacuation
[88.559s][info][gc,phases   ] GC(189)   Pre Evacuate Collection Set: 0.32ms
[88.559s][info][gc,phases   ] GC(189)   Merge Heap Roots: 0.25ms
[88.559s][info][gc,phases   ] GC(189)   Evacuate Collection Set: 58.26ms
[88.559s][info][gc,phases   ] GC(189)   Post Evacuate Collection Set: 0.57ms
[88.559s][info][gc,phases   ] GC(189)   Other: 0.11ms
[88.559s][info][gc,heap     ] GC(189) Eden regions: 280->0(241)
[88.559s][info][gc,heap     ] GC(189) Survivor regions: 23->38(38)
[88.559s][info][gc,heap     ] GC(189) Old regions: 595->604
[88.559s][info][gc,heap     ] GC(189) Humongous regions: 7->7
[88.559s][info][gc,metaspace] GC(189) Metaspace: 17617K(17728K)->17617K(17728K) NonClass: 15808K(15872K)->15808K(15872K) Class: 1808K(1856K)->1808K(1856K)
[88.559s][info][gc          ] GC(189) Pause Young (Concurrent Start) (G1 Evacuation Pause) 904M->648M(978M) 59.748ms
[88.559s][info][gc,cpu      ] GC(189) User=0.12s Sys=0.00s Real=0.06s
[88.559s][info][gc          ] GC(190) Concurrent Mark Cycle
[88.559s][info][gc,marking  ] GC(190) Concurrent Scan Root Regions
[88.659s][info][gc,marking  ] GC(190) Concurrent Scan Root Regions 100.103ms
[88.659s][info][gc,marking  ] GC(190) Concurrent Mark
[88.659s][info][gc,marking  ] GC(190) Concurrent Mark From Roots
[88.659s][info][gc,task     ] GC(190) Using 1 workers of 1 for marking
[89.607s][info][gc,start    ] GC(191) Pause Young (Normal) (G1 Evacuation Pause)
[89.607s][info][gc,task     ] GC(191) Using 2 workers of 2 for evacuation
[89.674s][info][gc,phases   ] GC(191)   Pre Evacuate Collection Set: 0.50ms
[89.674s][info][gc,phases   ] GC(191)   Merge Heap Roots: 0.44ms
[89.674s][info][gc,phases   ] GC(191)   Evacuate Collection Set: 65.30ms
[89.674s][info][gc,phases   ] GC(191)   Post Evacuate Collection Set: 0.58ms
[89.674s][info][gc,phases   ] GC(191)   Other: 0.09ms
[89.674s][info][gc,heap     ] GC(191) Eden regions: 241->0(237)
[89.674s][info][gc,heap     ] GC(191) Survivor regions: 38->21(35)
[89.674s][info][gc,heap     ] GC(191) Old regions: 604->642
[89.674s][info][gc,heap     ] GC(191) Humongous regions: 7->7
[89.674s][info][gc,metaspace] GC(191) Metaspace: 17618K(17728K)->17618K(17728K) NonClass: 15809K(15872K)->15809K(15872K) Class: 1808K(1856K)->1808K(1856K)
[89.674s][info][gc          ] GC(191) Pause Young (Normal) (G1 Evacuation Pause) 889M->670M(978M) 67.152ms
[89.675s][info][gc,cpu      ] GC(191) User=0.13s Sys=0.00s Real=0.07s
[90.517s][info][gc,start    ] GC(192) Pause Young (Normal) (G1 Evacuation Pause)
[90.517s][info][gc,task     ] GC(192) Using 2 workers of 2 for evacuation
[90.613s][info][gc,phases   ] GC(192)   Pre Evacuate Collection Set: 0.48ms
[90.613s][info][gc,phases   ] GC(192)   Merge Heap Roots: 0.19ms
[90.613s][info][gc,phases   ] GC(192)   Evacuate Collection Set: 89.25ms
[90.613s][info][gc,phases   ] GC(192)   Post Evacuate Collection Set: 5.20ms
[90.613s][info][gc,phases   ] GC(192)   Other: 0.10ms
[90.613s][info][gc,heap     ] GC(192) Eden regions: 237->0(99)
[90.613s][info][gc,heap     ] GC(192) Survivor regions: 21->33(33)
[90.613s][info][gc,heap     ] GC(192) Old regions: 642->756
[90.613s][info][gc,heap     ] GC(192) Humongous regions: 7->7
[90.613s][info][gc,metaspace] GC(192) Metaspace: 17649K(17792K)->17649K(17792K) NonClass: 15837K(15936K)->15837K(15936K) Class: 1811K(1856K)->1811K(1856K)
[90.613s][info][gc          ] GC(192) Pause Young (Normal) (G1 Evacuation Pause) (Evacuation Failure: Allocation) 907M->796M(978M) 95.487ms
[90.613s][info][gc,cpu      ] GC(192) User=0.19s Sys=0.00s Real=0.09s
[90.975s][info][gc,start    ] GC(193) Pause Young (Normal) (G1 Evacuation Pause)
[90.975s][info][gc,task     ] GC(193) Using 2 workers of 2 for evacuation
[91.025s][info][gc,phases   ] GC(193)   Pre Evacuate Collection Set: 0.57ms
[91.025s][info][gc,phases   ] GC(193)   Merge Heap Roots: 0.41ms
[91.025s][info][gc,phases   ] GC(193)   Evacuate Collection Set: 47.71ms
[91.025s][info][gc,phases   ] GC(193)   Post Evacuate Collection Set: 0.49ms
[91.025s][info][gc,phases   ] GC(193)   Other: 0.11ms
[91.025s][info][gc,heap     ] GC(193) Eden regions: 99->0(187)
[91.025s][info][gc,heap     ] GC(193) Survivor regions: 33->1(17)
[91.025s][info][gc,heap     ] GC(193) Old regions: 756->725
[91.025s][info][gc,heap     ] GC(193) Humongous regions: 7->7
[91.025s][info][gc,metaspace] GC(193) Metaspace: 17649K(17792K)->17649K(17792K) NonClass: 15837K(15936K)->15837K(15936K) Class: 1811K(1856K)->1811K(1856K)
[91.025s][info][gc          ] GC(193) Pause Young (Normal) (G1 Evacuation Pause) 895M->733M(978M) 49.541ms
[91.025s][info][gc,cpu      ] GC(193) User=0.09s Sys=0.00s Real=0.05s
[91.138s][info][gc,marking  ] GC(190) Concurrent Mark From Roots 2478.558ms
[91.138s][info][gc,marking  ] GC(190) Concurrent Preclean
[91.138s][info][gc,marking  ] GC(190) Concurrent Preclean 0.031ms
[91.138s][info][gc,start    ] GC(190) Pause Remark
[91.145s][info][gc          ] GC(190) Pause Remark 765M->765M(978M) 7.337ms
[91.145s][info][gc,cpu      ] GC(190) User=0.02s Sys=0.00s Real=0.01s
[91.145s][info][gc,marking  ] GC(190) Concurrent Mark 2486.270ms
[91.145s][info][gc,marking  ] GC(190) Concurrent Rebuild Remembered Sets and Scrub Regions
[91.616s][info][gc,start    ] GC(194) Pause Young (Normal) (G1 Evacuation Pause)
[91.616s][info][gc,task     ] GC(194) Using 2 workers of 2 for evacuation
[91.621s][info][gc,phases   ] GC(194)   Pre Evacuate Collection Set: 0.47ms
[91.621s][info][gc,phases   ] GC(194)   Merge Heap Roots: 0.19ms
[91.621s][info][gc,phases   ] GC(194)   Evacuate Collection Set: 3.85ms
[91.621s][info][gc,phases   ] GC(194)   Post Evacuate Collection Set: 0.39ms
[91.621s][info][gc,phases   ] GC(194)   Other: 0.11ms
[91.621s][info][gc,heap     ] GC(194) Eden regions: 187->0(194)
[91.621s][info][gc,heap     ] GC(194) Survivor regions: 1->1(24)
[91.621s][info][gc,heap     ] GC(194) Old regions: 725->725
[91.621s][info][gc,heap     ] GC(194) Humongous regions: 7->7
[91.621s][info][gc,metaspace] GC(194) Metaspace: 17649K(17792K)->17649K(17792K) NonClass: 15837K(15936K)->15837K(15936K) Class: 1811K(1856K)->1811K(1856K)
[91.621s][info][gc          ] GC(194) Pause Young (Normal) (G1 Evacuation Pause) 920M->733M(978M) 5.217ms
[91.621s][info][gc,cpu      ] GC(194) User=0.01s Sys=0.00s Real=0.00s
[91.985s][info][gc,marking  ] GC(190) Concurrent Rebuild Remembered Sets and Scrub Regions 839.953ms
[91.985s][info][gc,start    ] GC(190) Pause Cleanup
[91.986s][info][gc          ] GC(190) Pause Cleanup 885M->885M(978M) 0.124ms
[91.986s][info][gc,cpu      ] GC(190) User=0.00s Sys=0.00s Real=0.00s
[91.986s][info][gc,marking  ] GC(190) Concurrent Clear Claimed Marks
[91.986s][info][gc,marking  ] GC(190) Concurrent Clear Claimed Marks 0.032ms
[91.986s][info][gc,marking  ] GC(190) Concurrent Cleanup for Next Mark
[91.992s][info][gc,marking  ] GC(190) Concurrent Cleanup for Next Mark 6.246ms
[91.992s][info][gc          ] GC(190) Concurrent Mark Cycle 3433.482ms
[92.053s][info][gc,start    ] GC(195) Pause Young (Prepare Mixed) (G1 Evacuation Pause)
[92.053s][info][gc,task     ] GC(195) Using 2 workers of 2 for evacuation
[92.060s][info][gc,phases   ] GC(195)   Pre Evacuate Collection Set: 0.50ms
[92.060s][info][gc,phases   ] GC(195)   Merge Heap Roots: 0.23ms
[92.060s][info][gc,phases   ] GC(195)   Evacuate Collection Set: 5.71ms
[92.060s][info][gc,phases   ] GC(195)   Post Evacuate Collection Set: 0.39ms
[92.060s][info][gc,phases   ] GC(195)   Other: 0.10ms
[92.060s][info][gc,heap     ] GC(195) Eden regions: 194->0(192)
[92.060s][info][gc,heap     ] GC(195) Survivor regions: 1->2(25)
[92.060s][info][gc,heap     ] GC(195) Old regions: 725->725
[92.060s][info][gc,heap     ] GC(195) Humongous regions: 7->7
[92.060s][info][gc,metaspace] GC(195) Metaspace: 17649K(17792K)->17649K(17792K) NonClass: 15837K(15936K)->15837K(15936K) Class: 1811K(1856K)->1811K(1856K)
[92.060s][info][gc          ] GC(195) Pause Young (Prepare Mixed) (G1 Evacuation Pause) 927M->733M(978M) 7.167ms
[92.060s][info][gc,cpu      ] GC(195) User=0.01s Sys=0.00s Real=0.01s
[92.354s][info][gc,start    ] GC(196) Pause Young (Mixed) (G1 Evacuation Pause)
[92.354s][info][gc,task     ] GC(196) Using 2 workers of 2 for evacuation
[92.402s][info][gc,phases   ] GC(196)   Pre Evacuate Collection Set: 0.33ms
[92.402s][info][gc,phases   ] GC(196)   Merge Heap Roots: 0.97ms
[92.402s][info][gc,phases   ] GC(196)   Evacuate Collection Set: 46.01ms
[92.402s][info][gc,phases   ] GC(196)   Post Evacuate Collection Set: 0.49ms
[92.402s][info][gc,phases   ] GC(196)   Other: 0.10ms
[92.402s][info][gc,heap     ] GC(196) Eden regions: 192->0(198)
[92.402s][info][gc,heap     ] GC(196) Survivor regions: 2->3(25)
[92.402s][info][gc,heap     ] GC(196) Old regions: 725->717
[92.402s][info][gc,heap     ] GC(196) Humongous regions: 7->7
[92.402s][info][gc,metaspace] GC(196) Metaspace: 17651K(17792K)->17651K(17792K) NonClass: 15839K(15936K)->15839K(15936K) Class: 1811K(1856K)->1811K(1856K)
[92.402s][info][gc          ] GC(196) Pause Young (Mixed) (G1 Evacuation Pause) 925M->726M(978M) 48.153ms
[92.403s][info][gc,cpu      ] GC(196) User=0.09s Sys=0.00s Real=0.04s
[92.794s][info][gc,start    ] GC(197) Pause Young (Concurrent Start) (G1 Evacuation Pause)
[92.794s][info][gc,task     ] GC(197) Using 2 workers of 2 for evacuation
[92.811s][info][gc,phases   ] GC(197)   Pre Evacuate Collection Set: 0.31ms
[92.811s][info][gc,phases   ] GC(197)   Merge Heap Roots: 0.32ms
[92.811s][info][gc,phases   ] GC(197)   Evacuate Collection Set: 15.62ms
[92.811s][info][gc,phases   ] GC(197)   Post Evacuate Collection Set: 0.51ms
[92.811s][info][gc,phases   ] GC(197)   Other: 0.12ms
[92.811s][info][gc,heap     ] GC(197) Eden regions: 198->0(194)
[92.811s][info][gc,heap     ] GC(197) Survivor regions: 3->5(26)
[92.811s][info][gc,heap     ] GC(197) Old regions: 717->717
[92.811s][info][gc,heap     ] GC(197) Humongous regions: 7->7
[92.811s][info][gc,metaspace] GC(197) Metaspace: 17657K(17792K)->17657K(17792K) NonClass: 15845K(15936K)->15845K(15936K) Class: 1811K(1856K)->1811K(1856K)
[92.811s][info][gc          ] GC(197) Pause Young (Concurrent Start) (G1 Evacuation Pause) 924M->729M(978M) 17.126ms
[92.811s][info][gc          ] GC(198) Concurrent Mark Cycle
[92.811s][info][gc,marking  ] GC(198) Concurrent Scan Root Regions
[92.813s][info][gc,cpu      ] GC(197) User=0.04s Sys=0.00s Real=0.01s
[92.831s][info][gc,marking  ] GC(198) Concurrent Scan Root Regions 19.115ms
[92.831s][info][gc,marking  ] GC(198) Concurrent Mark
[92.831s][info][gc,marking  ] GC(198) Concurrent Mark From Roots
[92.831s][info][gc,task     ] GC(198) Using 1 workers of 1 for marking
[93.622s][info][gc,start    ] GC(199) Pause Young (Normal) (G1 Evacuation Pause)
[93.622s][info][gc,task     ] GC(199) Using 2 workers of 2 for evacuation
[93.684s][info][gc,phases   ] GC(199)   Pre Evacuate Collection Set: 0.33ms
[93.684s][info][gc,phases   ] GC(199)   Merge Heap Roots: 0.50ms
[93.684s][info][gc,phases   ] GC(199)   Evacuate Collection Set: 60.45ms
[93.685s][info][gc,phases   ] GC(199)   Post Evacuate Collection Set: 0.62ms
[93.685s][info][gc,phases   ] GC(199)   Other: 0.08ms
[93.685s][info][gc,heap     ] GC(199) Eden regions: 194->0(144)
[93.685s][info][gc,heap     ] GC(199) Survivor regions: 5->25(25)
[93.685s][info][gc,heap     ] GC(199) Old regions: 717->724
[93.685s][info][gc,heap     ] GC(199) Humongous regions: 10->10
[93.685s][info][gc,metaspace] GC(199) Metaspace: 17679K(17792K)->17679K(17792K) NonClass: 15864K(15936K)->15864K(15936K) Class: 1814K(1856K)->1814K(1856K)
[93.685s][info][gc          ] GC(199) Pause Young (Normal) (G1 Evacuation Pause) 926M->758M(978M) 62.278ms
[93.685s][info][gc,cpu      ] GC(199) User=0.12s Sys=0.00s Real=0.07s
[94.059s][info][gc,start    ] GC(200) Pause Young (Normal) (G1 Evacuation Pause)
[94.059s][info][gc,task     ] GC(200) Using 2 workers of 2 for evacuation
[94.145s][info][gc,phases   ] GC(200)   Pre Evacuate Collection Set: 0.32ms
[94.145s][info][gc,phases   ] GC(200)   Merge Heap Roots: 0.46ms
[94.145s][info][gc,phases   ] GC(200)   Evacuate Collection Set: 83.72ms
[94.145s][info][gc,phases   ] GC(200)   Post Evacuate Collection Set: 0.46ms
[94.145s][info][gc,phases   ] GC(200)   Other: 0.10ms
[94.145s][info][gc,heap     ] GC(200) Eden regions: 144->0(118)
[94.145s][info][gc,heap     ] GC(200) Survivor regions: 25->22(22)
[94.145s][info][gc,heap     ] GC(200) Old regions: 724->756
[94.145s][info][gc,heap     ] GC(200) Humongous regions: 10->10
[94.145s][info][gc,metaspace] GC(200) Metaspace: 17679K(17792K)->17679K(17792K) NonClass: 15864K(15936K)->15864K(15936K) Class: 1814K(1856K)->1814K(1856K)
[94.145s][info][gc          ] GC(200) Pause Young (Normal) (G1 Evacuation Pause) 902M->787M(978M) 85.338ms
[94.145s][info][gc,cpu      ] GC(200) User=0.17s Sys=0.00s Real=0.09s
[94.387s][info][gc,start    ] GC(201) Pause Young (Normal) (G1 Evacuation Pause)
[94.387s][info][gc,task     ] GC(201) Using 2 workers of 2 for evacuation
[94.434s][info][gc,phases   ] GC(201)   Pre Evacuate Collection Set: 0.32ms
[94.434s][info][gc,phases   ] GC(201)   Merge Heap Roots: 0.20ms
[94.434s][info][gc,phases   ] GC(201)   Evacuate Collection Set: 45.28ms
[94.434s][info][gc,phases   ] GC(201)   Post Evacuate Collection Set: 0.43ms
[94.434s][info][gc,phases   ] GC(201)   Other: 0.10ms
[94.434s][info][gc,heap     ] GC(201) Eden regions: 118->0(106)
[94.434s][info][gc,heap     ] GC(201) Survivor regions: 22->17(18)
[94.434s][info][gc,heap     ] GC(201) Old regions: 756->778
[94.434s][info][gc,heap     ] GC(201) Humongous regions: 10->10
[94.434s][info][gc,metaspace] GC(201) Metaspace: 17680K(17792K)->17680K(17792K) NonClass: 15865K(15936K)->15865K(15936K) Class: 1814K(1856K)->1814K(1856K)
[94.434s][info][gc          ] GC(201) Pause Young (Normal) (G1 Evacuation Pause) 905M->804M(978M) 46.612ms
[94.434s][info][gc,cpu      ] GC(201) User=0.09s Sys=0.00s Real=0.04s
[94.574s][info][gc,start    ] GC(202) Pause Young (Normal) (G1 Evacuation Pause)
[94.574s][info][gc,task     ] GC(202) Using 2 workers of 2 for evacuation
[94.598s][info][gc,phases   ] GC(202)   Pre Evacuate Collection Set: 0.31ms
[94.598s][info][gc,phases   ] GC(202)   Merge Heap Roots: 0.14ms
[94.598s][info][gc,phases   ] GC(202)   Evacuate Collection Set: 22.99ms
[94.598s][info][gc,phases   ] GC(202)   Post Evacuate Collection Set: 0.38ms
[94.598s][info][gc,phases   ] GC(202)   Other: 0.10ms
[94.598s][info][gc,heap     ] GC(202) Eden regions: 106->0(113)
[94.598s][info][gc,heap     ] GC(202) Survivor regions: 17->5(16)
[94.598s][info][gc,heap     ] GC(202) Old regions: 778->795
[94.598s][info][gc,heap     ] GC(202) Humongous regions: 10->10
[94.598s][info][gc,metaspace] GC(202) Metaspace: 17686K(17792K)->17686K(17792K) NonClass: 15871K(15936K)->15871K(15936K) Class: 1814K(1856K)->1814K(1856K)
[94.598s][info][gc          ] GC(202) Pause Young (Normal) (G1 Evacuation Pause) 910M->809M(978M) 24.175ms
[94.598s][info][gc,cpu      ] GC(202) User=0.04s Sys=0.00s Real=0.03s
[94.913s][info][gc,start    ] GC(203) Pause Young (Normal) (G1 Evacuation Pause)
[94.913s][info][gc,task     ] GC(203) Using 2 workers of 2 for evacuation
[94.929s][info][gc,phases   ] GC(203)   Pre Evacuate Collection Set: 0.32ms
[94.930s][info][gc,phases   ] GC(203)   Merge Heap Roots: 0.23ms
[94.930s][info][gc,phases   ] GC(203)   Evacuate Collection Set: 15.32ms
[94.930s][info][gc,phases   ] GC(203)   Post Evacuate Collection Set: 0.37ms
[94.930s][info][gc,phases   ] GC(203)   Other: 0.12ms
[94.930s][info][gc,heap     ] GC(203) Eden regions: 113->0(107)
[94.930s][info][gc,heap     ] GC(203) Survivor regions: 5->8(15)
[94.930s][info][gc,heap     ] GC(203) Old regions: 795->795
[94.930s][info][gc,heap     ] GC(203) Humongous regions: 10->10
[94.930s][info][gc,metaspace] GC(203) Metaspace: 17690K(17792K)->17690K(17792K) NonClass: 15876K(15936K)->15876K(15936K) Class: 1814K(1856K)->1814K(1856K)
[94.930s][info][gc          ] GC(203) Pause Young (Normal) (G1 Evacuation Pause) 922M->812M(978M) 16.644ms
[94.930s][info][gc,cpu      ] GC(203) User=0.03s Sys=0.00s Real=0.02s
[95.105s][info][gc,marking  ] GC(198) Concurrent Mark From Roots 2274.649ms
[95.105s][info][gc,marking  ] GC(198) Concurrent Preclean
[95.105s][info][gc,marking  ] GC(198) Concurrent Preclean 0.042ms
[95.105s][info][gc,start    ] GC(198) Pause Remark
[95.117s][info][gc          ] GC(198) Pause Remark 903M->782M(978M) 11.167ms
[95.117s][info][gc,cpu      ] GC(198) User=0.03s Sys=0.00s Real=0.01s
[95.118s][info][gc,marking  ] GC(198) Concurrent Mark 2287.028ms
[95.118s][info][gc,marking  ] GC(198) Concurrent Rebuild Remembered Sets and Scrub Regions
[95.161s][info][gc,start    ] GC(204) Pause Young (Normal) (G1 Evacuation Pause)
[95.161s][info][gc,task     ] GC(204) Using 2 workers of 2 for evacuation
[95.180s][info][gc,phases   ] GC(204)   Pre Evacuate Collection Set: 0.32ms
[95.180s][info][gc,phases   ] GC(204)   Merge Heap Roots: 0.20ms
[95.180s][info][gc,phases   ] GC(204)   Evacuate Collection Set: 17.58ms
[95.180s][info][gc,phases   ] GC(204)   Post Evacuate Collection Set: 0.40ms
[95.180s][info][gc,phases   ] GC(204)   Other: 0.11ms
[95.180s][info][gc,heap     ] GC(204) Eden regions: 107->0(224)
[95.180s][info][gc,heap     ] GC(204) Survivor regions: 8->10(15)
[95.180s][info][gc,heap     ] GC(204) Old regions: 676->676
[95.180s][info][gc,heap     ] GC(204) Humongous regions: 8->8
[95.180s][info][gc,metaspace] GC(204) Metaspace: 17691K(17792K)->17691K(17792K) NonClass: 15876K(15936K)->15876K(15936K) Class: 1814K(1856K)->1814K(1856K)
[95.180s][info][gc          ] GC(204) Pause Young (Normal) (G1 Evacuation Pause) 798M->693M(978M) 18.847ms
[95.180s][info][gc,cpu      ] GC(204) User=0.04s Sys=0.00s Real=0.02s
[95.412s][info][gc,start    ] GC(205) Pause Young (Normal) (G1 Evacuation Pause)
[95.412s][info][gc,task     ] GC(205) Using 2 workers of 2 for evacuation
[95.426s][info][gc,phases   ] GC(205)   Pre Evacuate Collection Set: 0.32ms
[95.426s][info][gc,phases   ] GC(205)   Merge Heap Roots: 0.14ms
[95.426s][info][gc,phases   ] GC(205)   Evacuate Collection Set: 13.21ms
[95.426s][info][gc,phases   ] GC(205)   Post Evacuate Collection Set: 0.45ms
[95.426s][info][gc,phases   ] GC(205)   Other: 0.13ms
[95.426s][info][gc,heap     ] GC(205) Eden regions: 224->0(224)
[95.426s][info][gc,heap     ] GC(205) Survivor regions: 10->10(30)
[95.427s][info][gc,heap     ] GC(205) Old regions: 676->676
[95.427s][info][gc,heap     ] GC(205) Humongous regions: 8->8
[95.427s][info][gc,metaspace] GC(205) Metaspace: 17693K(17792K)->17693K(17792K) NonClass: 15879K(15936K)->15879K(15936K) Class: 1814K(1856K)->1814K(1856K)
[95.427s][info][gc          ] GC(205) Pause Young (Normal) (G1 Evacuation Pause) 917M->693M(978M) 14.466ms
[95.427s][info][gc,cpu      ] GC(205) User=0.03s Sys=0.00s Real=0.02s
[95.761s][info][gc,start    ] GC(206) Pause Young (Normal) (G1 Evacuation Pause)
[95.761s][info][gc,task     ] GC(206) Using 2 workers of 2 for evacuation
[95.781s][info][gc,phases   ] GC(206)   Pre Evacuate Collection Set: 0.31ms
[95.781s][info][gc,phases   ] GC(206)   Merge Heap Roots: 0.20ms
[95.781s][info][gc,phases   ] GC(206)   Evacuate Collection Set: 19.40ms
[95.781s][info][gc,phases   ] GC(206)   Post Evacuate Collection Set: 0.48ms
[95.781s][info][gc,phases   ] GC(206)   Other: 0.11ms
[95.781s][info][gc,heap     ] GC(206) Eden regions: 224->0(214)
[95.781s][info][gc,heap     ] GC(206) Survivor regions: 10->15(30)
[95.781s][info][gc,heap     ] GC(206) Old regions: 676->676
[95.781s][info][gc,heap     ] GC(206) Humongous regions: 8->8
[95.781s][info][gc,metaspace] GC(206) Metaspace: 17703K(17856K)->17703K(17856K) NonClass: 15884K(16000K)->15884K(16000K) Class: 1818K(1856K)->1818K(1856K)
[95.782s][info][gc          ] GC(206) Pause Young (Normal) (G1 Evacuation Pause) 917M->698M(978M) 20.739ms
[95.782s][info][gc,cpu      ] GC(206) User=0.04s Sys=0.00s Real=0.02s
[95.831s][info][gc,marking  ] GC(198) Concurrent Rebuild Remembered Sets and Scrub Regions 713.797ms
[95.832s][info][gc,start    ] GC(198) Pause Cleanup
[95.832s][info][gc          ] GC(198) Pause Cleanup 707M->707M(978M) 0.131ms
[95.832s][info][gc,cpu      ] GC(198) User=0.00s Sys=0.00s Real=0.00s
[95.832s][info][gc,marking  ] GC(198) Concurrent Clear Claimed Marks
[95.832s][info][gc,marking  ] GC(198) Concurrent Clear Claimed Marks 0.028ms
[95.832s][info][gc,marking  ] GC(198) Concurrent Cleanup for Next Mark
[95.835s][info][gc,marking  ] GC(198) Concurrent Cleanup for Next Mark 2.937ms
[95.835s][info][gc          ] GC(198) Concurrent Mark Cycle 3023.420ms
[96.661s][info][gc,start    ] GC(207) Pause Young (Prepare Mixed) (G1 Evacuation Pause)
[96.661s][info][gc,task     ] GC(207) Using 2 workers of 2 for evacuation
[96.686s][info][gc,phases   ] GC(207)   Pre Evacuate Collection Set: 0.33ms
[96.686s][info][gc,phases   ] GC(207)   Merge Heap Roots: 0.23ms
[96.686s][info][gc,phases   ] GC(207)   Evacuate Collection Set: 24.38ms
[96.686s][info][gc,phases   ] GC(207)   Post Evacuate Collection Set: 0.49ms
[96.686s][info][gc,phases   ] GC(207)   Other: 0.10ms
[96.686s][info][gc,heap     ] GC(207) Eden regions: 214->0(206)
[96.686s][info][gc,heap     ] GC(207) Survivor regions: 15->19(29)
[96.686s][info][gc,heap     ] GC(207) Old regions: 676->676
[96.686s][info][gc,heap     ] GC(207) Humongous regions: 8->8
[96.686s][info][gc,metaspace] GC(207) Metaspace: 17727K(17856K)->17727K(17856K) NonClass: 15909K(16000K)->15909K(16000K) Class: 1818K(1856K)->1818K(1856K)
[96.686s][info][gc          ] GC(207) Pause Young (Prepare Mixed) (G1 Evacuation Pause) 912M->702M(978M) 25.805ms
[96.686s][info][gc,cpu      ] GC(207) User=0.04s Sys=0.00s Real=0.03s
[98.937s][info][gc,start    ] GC(208) Pause Young (Mixed) (G1 Evacuation Pause)
[98.937s][info][gc,task     ] GC(208) Using 2 workers of 2 for evacuation
[98.964s][info][gc,phases   ] GC(208)   Pre Evacuate Collection Set: 0.58ms
[98.964s][info][gc,phases   ] GC(208)   Merge Heap Roots: 0.28ms
[98.964s][info][gc,phases   ] GC(208)   Evacuate Collection Set: 25.32ms
[98.964s][info][gc,phases   ] GC(208)   Post Evacuate Collection Set: 0.57ms
[98.964s][info][gc,phases   ] GC(208)   Other: 0.09ms
[98.964s][info][gc,heap     ] GC(208) Eden regions: 206->0(260)
[98.964s][info][gc,heap     ] GC(208) Survivor regions: 19->15(29)
[98.964s][info][gc,heap     ] GC(208) Old regions: 676->630
[98.964s][info][gc,heap     ] GC(208) Humongous regions: 8->8
[98.964s][info][gc,metaspace] GC(208) Metaspace: 17732K(17856K)->17732K(17856K) NonClass: 15913K(16000K)->15913K(16000K) Class: 1818K(1856K)->1818K(1856K)
[98.964s][info][gc          ] GC(208) Pause Young (Mixed) (G1 Evacuation Pause) 908M->652M(978M) 27.113ms
[98.964s][info][gc,cpu      ] GC(208) User=0.05s Sys=0.00s Real=0.03s
[100.411s][info][gc,start    ] GC(209) Pause Young (Concurrent Start) (G1 Evacuation Pause)
[100.411s][info][gc,task     ] GC(209) Using 2 workers of 2 for evacuation
[100.437s][info][gc,phases   ] GC(209)   Pre Evacuate Collection Set: 1.27ms
[100.437s][info][gc,phases   ] GC(209)   Merge Heap Roots: 0.25ms
[100.437s][info][gc,phases   ] GC(209)   Evacuate Collection Set: 23.70ms
[100.437s][info][gc,phases   ] GC(209)   Post Evacuate Collection Set: 0.63ms
[100.437s][info][gc,phases   ] GC(209)   Other: 0.21ms
[100.438s][info][gc,heap     ] GC(209) Eden regions: 260->0(256)
[100.438s][info][gc,heap     ] GC(209) Survivor regions: 15->17(35)
[100.438s][info][gc,heap     ] GC(209) Old regions: 630->630
[100.438s][info][gc,heap     ] GC(209) Humongous regions: 8->8
[100.438s][info][gc,metaspace] GC(209) Metaspace: 17934K(18112K)->17934K(18112K) NonClass: 16106K(16256K)->16106K(16256K) Class: 1828K(1856K)->1828K(1856K)
[100.438s][info][gc          ] GC(209) Pause Young (Concurrent Start) (G1 Evacuation Pause) 912M->654M(978M) 26.304ms
[100.438s][info][gc          ] GC(210) Concurrent Mark Cycle
[100.438s][info][gc,marking  ] GC(210) Concurrent Scan Root Regions
[100.439s][info][gc,cpu      ] GC(209) User=0.05s Sys=0.00s Real=0.03s
[100.474s][info][gc,marking  ] GC(210) Concurrent Scan Root Regions 36.376ms
[100.474s][info][gc,marking  ] GC(210) Concurrent Mark
[100.474s][info][gc,marking  ] GC(210) Concurrent Mark From Roots
[100.474s][info][gc,task     ] GC(210) Using 1 workers of 1 for marking
[101.582s][info][gc,start    ] GC(211) Pause Young (Normal) (G1 Evacuation Pause)
[101.582s][info][gc,task     ] GC(211) Using 2 workers of 2 for evacuation
[101.605s][info][gc,phases   ] GC(211)   Pre Evacuate Collection Set: 0.31ms
[101.605s][info][gc,phases   ] GC(211)   Merge Heap Roots: 0.19ms
[101.605s][info][gc,phases   ] GC(211)   Evacuate Collection Set: 22.39ms
[101.605s][info][gc,phases   ] GC(211)   Post Evacuate Collection Set: 0.57ms
[101.605s][info][gc,phases   ] GC(211)   Other: 0.08ms
[101.605s][info][gc,heap     ] GC(211) Eden regions: 256->0(252)
[101.605s][info][gc,heap     ] GC(211) Survivor regions: 17->19(35)
[101.605s][info][gc,heap     ] GC(211) Old regions: 630->630
[101.605s][info][gc,heap     ] GC(211) Humongous regions: 8->8
[101.605s][info][gc,metaspace] GC(211) Metaspace: 18016K(18176K)->18016K(18176K) NonClass: 16187K(16320K)->16187K(16320K) Class: 1828K(1856K)->1828K(1856K)
[101.605s][info][gc          ] GC(211) Pause Young (Normal) (G1 Evacuation Pause) 910M->656M(978M) 23.793ms
[101.605s][info][gc,cpu      ] GC(211) User=0.05s Sys=0.01s Real=0.03s
[102.094s][info][gc,start    ] GC(212) Pause Young (Normal) (G1 Evacuation Pause)
[102.094s][info][gc,task     ] GC(212) Using 2 workers of 2 for evacuation
[102.231s][info][gc,phases   ] GC(212)   Pre Evacuate Collection Set: 0.30ms
[102.231s][info][gc,phases   ] GC(212)   Merge Heap Roots: 0.20ms
[102.231s][info][gc,phases   ] GC(212)   Evacuate Collection Set: 121.02ms
[102.231s][info][gc,phases   ] GC(212)   Post Evacuate Collection Set: 15.71ms
[102.231s][info][gc,phases   ] GC(212)   Other: 0.11ms
[102.231s][info][gc,heap     ] GC(212) Eden regions: 252->0(14)
[102.231s][info][gc,heap     ] GC(212) Survivor regions: 19->34(34)
[102.231s][info][gc,heap     ] GC(212) Old regions: 630->838
[102.231s][info][gc,heap     ] GC(212) Humongous regions: 8->8
[102.231s][info][gc,metaspace] GC(212) Metaspace: 18124K(18240K)->18124K(18240K) NonClass: 16296K(16384K)->16296K(16384K) Class: 1828K(1856K)->1828K(1856K)
[102.231s][info][gc          ] GC(212) Pause Young (Normal) (G1 Evacuation Pause) (Evacuation Failure: Allocation) 908M->880M(978M) 137.622ms
[102.231s][info][gc,cpu      ] GC(212) User=0.27s Sys=0.00s Real=0.14s
[102.290s][info][gc,start    ] GC(213) Pause Young (Normal) (G1 Evacuation Pause)
[102.290s][info][gc,task     ] GC(213) Using 2 workers of 2 for evacuation
[102.376s][info][gc,phases   ] GC(213)   Pre Evacuate Collection Set: 0.40ms
[102.377s][info][gc,phases   ] GC(213)   Merge Heap Roots: 0.60ms
[102.377s][info][gc,phases   ] GC(213)   Evacuate Collection Set: 84.43ms
[102.377s][info][gc,phases   ] GC(213)   Post Evacuate Collection Set: 0.50ms
[102.377s][info][gc,phases   ] GC(213)   Other: 0.10ms
[102.377s][info][gc,heap     ] GC(213) Eden regions: 14->0(167)
[102.377s][info][gc,heap     ] GC(213) Survivor regions: 34->6(6)
[102.377s][info][gc,heap     ] GC(213) Old regions: 838->741
[102.377s][info][gc,heap     ] GC(213) Humongous regions: 8->8
[102.377s][info][gc,metaspace] GC(213) Metaspace: 18124K(18240K)->18124K(18240K) NonClass: 16296K(16384K)->16296K(16384K) Class: 1828K(1856K)->1828K(1856K)
[102.377s][info][gc          ] GC(213) Pause Young (Normal) (G1 Evacuation Pause) 894M->754M(978M) 86.278ms
[102.377s][info][gc,cpu      ] GC(213) User=0.17s Sys=0.01s Real=0.09s
[102.399s][info][gc,marking  ] GC(210) Concurrent Mark From Roots 1924.862ms
[102.399s][info][gc,marking  ] GC(210) Concurrent Preclean
[102.399s][info][gc,marking  ] GC(210) Concurrent Preclean 0.027ms
[102.399s][info][gc,start    ] GC(210) Pause Remark
[102.408s][info][gc          ] GC(210) Pause Remark 764M->718M(978M) 8.640ms
[102.408s][info][gc,cpu      ] GC(210) User=0.02s Sys=0.00s Real=0.01s
[102.411s][info][gc,marking  ] GC(210) Concurrent Mark 1936.905ms
[102.411s][info][gc,marking  ] GC(210) Concurrent Rebuild Remembered Sets and Scrub Regions
[102.762s][info][gc,start    ] GC(214) Pause Young (Normal) (G1 Evacuation Pause)
[102.762s][info][gc,task     ] GC(214) Using 2 workers of 2 for evacuation
[102.836s][info][gc,phases   ] GC(214)   Pre Evacuate Collection Set: 0.33ms
[102.836s][info][gc,phases   ] GC(214)   Merge Heap Roots: 0.14ms
[102.836s][info][gc,phases   ] GC(214)   Evacuate Collection Set: 73.35ms
[102.836s][info][gc,phases   ] GC(214)   Post Evacuate Collection Set: 0.70ms
[102.836s][info][gc,phases   ] GC(214)   Other: 0.12ms
[102.836s][info][gc,heap     ] GC(214) Eden regions: 167->0(132)
[102.836s][info][gc,heap     ] GC(214) Survivor regions: 6->22(22)
[102.836s][info][gc,heap     ] GC(214) Old regions: 698->745
[102.836s][info][gc,heap     ] GC(214) Humongous regions: 5->5
[102.836s][info][gc,metaspace] GC(214) Metaspace: 18125K(18240K)->18125K(18240K) NonClass: 16297K(16384K)->16297K(16384K) Class: 1828K(1856K)->1828K(1856K)
[102.836s][info][gc          ] GC(214) Pause Young (Normal) (G1 Evacuation Pause) 875M->771M(978M) 74.856ms
[102.836s][info][gc,cpu      ] GC(214) User=0.15s Sys=0.00s Real=0.08s
[103.154s][info][gc,start    ] GC(215) Pause Young (Normal) (G1 Evacuation Pause)
[103.154s][info][gc,task     ] GC(215) Using 2 workers of 2 for evacuation
[103.218s][info][gc,phases   ] GC(215)   Pre Evacuate Collection Set: 0.56ms
[103.219s][info][gc,phases   ] GC(215)   Merge Heap Roots: 0.74ms
[103.219s][info][gc,phases   ] GC(215)   Evacuate Collection Set: 62.88ms
[103.219s][info][gc,phases   ] GC(215)   Post Evacuate Collection Set: 0.56ms
[103.219s][info][gc,phases   ] GC(215)   Other: 0.09ms
[103.219s][info][gc,heap     ] GC(215) Eden regions: 132->0(114)
[103.219s][info][gc,heap     ] GC(215) Survivor regions: 22->20(20)
[103.219s][info][gc,heap     ] GC(215) Old regions: 745->768
[103.219s][info][gc,heap     ] GC(215) Humongous regions: 6->6
[103.219s][info][gc,metaspace] GC(215) Metaspace: 18126K(18240K)->18126K(18240K) NonClass: 16298K(16384K)->16298K(16384K) Class: 1828K(1856K)->1828K(1856K)
[103.219s][info][gc          ] GC(215) Pause Young (Normal) (G1 Evacuation Pause) 904M->793M(978M) 65.074ms
[103.219s][info][gc,cpu      ] GC(215) User=0.13s Sys=0.00s Real=0.07s
[103.448s][info][gc,marking  ] GC(210) Concurrent Rebuild Remembered Sets and Scrub Regions 1036.849ms
[103.448s][info][gc,start    ] GC(210) Pause Cleanup
[103.448s][info][gc          ] GC(210) Pause Cleanup 875M->875M(978M) 0.194ms
[103.448s][info][gc,cpu      ] GC(210) User=0.00s Sys=0.00s Real=0.00s
[103.450s][info][gc,marking  ] GC(210) Concurrent Clear Claimed Marks
[103.450s][info][gc,marking  ] GC(210) Concurrent Clear Claimed Marks 0.049ms
[103.450s][info][gc,marking  ] GC(210) Concurrent Cleanup for Next Mark
[103.455s][info][gc,marking  ] GC(210) Concurrent Cleanup for Next Mark 5.089ms
[103.455s][info][gc          ] GC(210) Concurrent Mark Cycle 3017.792ms
[103.550s][info][gc,start    ] GC(216) Pause Young (Prepare Mixed) (G1 Evacuation Pause)
[103.550s][info][gc,task     ] GC(216) Using 2 workers of 2 for evacuation
[103.620s][info][gc,phases   ] GC(216)   Pre Evacuate Collection Set: 0.58ms
[103.620s][info][gc,phases   ] GC(216)   Merge Heap Roots: 1.09ms
[103.620s][info][gc,phases   ] GC(216)   Evacuate Collection Set: 66.88ms
[103.620s][info][gc,phases   ] GC(216)   Post Evacuate Collection Set: 0.86ms
[103.620s][info][gc,phases   ] GC(216)   Other: 0.09ms
[103.620s][info][gc,heap     ] GC(216) Eden regions: 114->0(120)
[103.620s][info][gc,heap     ] GC(216) Survivor regions: 20->7(17)
[103.620s][info][gc,heap     ] GC(216) Old regions: 768->788
[103.620s][info][gc,heap     ] GC(216) Humongous regions: 6->6
[103.620s][info][gc,metaspace] GC(216) Metaspace: 18149K(18304K)->18149K(18304K) NonClass: 16320K(16448K)->16320K(16448K) Class: 1828K(1856K)->1828K(1856K)
[103.620s][info][gc          ] GC(216) Pause Young (Prepare Mixed) (G1 Evacuation Pause) 907M->801M(978M) 69.768ms
[103.620s][info][gc,cpu      ] GC(216) User=0.14s Sys=0.00s Real=0.07s
[103.957s][info][gc,start    ] GC(217) Pause Young (Mixed) (G1 Evacuation Pause)
[103.957s][info][gc,task     ] GC(217) Using 2 workers of 2 for evacuation
[104.103s][info][gc,phases   ] GC(217)   Pre Evacuate Collection Set: 0.52ms
[104.103s][info][gc,phases   ] GC(217)   Merge Heap Roots: 2.41ms
[104.103s][info][gc,phases   ] GC(217)   Evacuate Collection Set: 141.87ms
[104.103s][info][gc,phases   ] GC(217)   Post Evacuate Collection Set: 1.08ms
[104.103s][info][gc,phases   ] GC(217)   Other: 0.11ms
[104.103s][info][gc,heap     ] GC(217) Eden regions: 120->0(116)
[104.103s][info][gc,heap     ] GC(217) Survivor regions: 7->16(16)
[104.103s][info][gc,heap     ] GC(217) Old regions: 788->726
[104.103s][info][gc,heap     ] GC(217) Humongous regions: 9->9
[104.103s][info][gc,metaspace] GC(217) Metaspace: 18158K(18304K)->18158K(18304K) NonClass: 16330K(16448K)->16330K(16448K) Class: 1828K(1856K)->1828K(1856K)
[104.103s][info][gc          ] GC(217) Pause Young (Mixed) (G1 Evacuation Pause) 924M->750M(978M) 146.256ms
[104.103s][info][gc,cpu      ] GC(217) User=0.29s Sys=0.00s Real=0.14s
[104.318s][info][gc,start    ] GC(218) Pause Young (Mixed) (G1 Evacuation Pause)
[104.318s][info][gc,task     ] GC(218) Using 2 workers of 2 for evacuation
[104.528s][info][gc,mmu      ] GC(218) MMU target violated: 201.0ms (200.0ms/201.0ms)
[104.528s][info][gc,phases   ] GC(218)   Pre Evacuate Collection Set: 0.50ms
[104.528s][info][gc,phases   ] GC(218)   Merge Heap Roots: 1.87ms
[104.528s][info][gc,phases   ] GC(218)   Evacuate Collection Set: 206.27ms
[104.528s][info][gc,phases   ] GC(218)   Post Evacuate Collection Set: 0.42ms
[104.528s][info][gc,phases   ] GC(218)   Other: 0.15ms
[104.528s][info][gc,heap     ] GC(218) Eden regions: 68->0(149)
[104.528s][info][gc,heap     ] GC(218) Survivor regions: 16->2(11)
[104.528s][info][gc,heap     ] GC(218) Old regions: 726->742
[104.528s][info][gc,heap     ] GC(218) Humongous regions: 9->9
[104.528s][info][gc,metaspace] GC(218) Metaspace: 18158K(18304K)->18158K(18304K) NonClass: 16330K(16448K)->16330K(16448K) Class: 1828K(1856K)->1828K(1856K)
[104.528s][info][gc          ] GC(218) Pause Young (Mixed) (G1 Evacuation Pause) 818M->752M(978M) 209.430ms
[104.528s][info][gc,cpu      ] GC(218) User=0.42s Sys=0.01s Real=0.21s
[104.711s][info][gc,start    ] GC(219) Pause Young (Concurrent Start) (G1 Evacuation Pause)
[104.711s][info][gc,task     ] GC(219) Using 2 workers of 2 for evacuation
[104.730s][info][gc,phases   ] GC(219)   Pre Evacuate Collection Set: 0.39ms
[104.730s][info][gc,phases   ] GC(219)   Merge Heap Roots: 0.14ms
[104.730s][info][gc,phases   ] GC(219)   Evacuate Collection Set: 17.68ms
[104.730s][info][gc,phases   ] GC(219)   Post Evacuate Collection Set: 0.45ms
[104.730s][info][gc,phases   ] GC(219)   Other: 0.24ms
[104.730s][info][gc,heap     ] GC(219) Eden regions: 149->0(149)
[104.730s][info][gc,heap     ] GC(219) Survivor regions: 2->12(19)
[104.730s][info][gc,heap     ] GC(219) Old regions: 742->742
[104.730s][info][gc,heap     ] GC(219) Humongous regions: 9->9
[104.730s][info][gc,metaspace] GC(219) Metaspace: 18158K(18304K)->18158K(18304K) NonClass: 16330K(16448K)->16330K(16448K) Class: 1828K(1856K)->1828K(1856K)
[104.730s][info][gc          ] GC(219) Pause Young (Concurrent Start) (G1 Evacuation Pause) 901M->762M(978M) 19.148ms
[104.730s][info][gc          ] GC(220) Concurrent Mark Cycle
[104.730s][info][gc,marking  ] GC(220) Concurrent Scan Root Regions
[104.732s][info][gc,cpu      ] GC(219) User=0.04s Sys=0.00s Real=0.02s
[104.755s][info][gc,marking  ] GC(220) Concurrent Scan Root Regions 24.768ms
[104.755s][info][gc,marking  ] GC(220) Concurrent Mark
[104.755s][info][gc,marking  ] GC(220) Concurrent Mark From Roots
[104.755s][info][gc,task     ] GC(220) Using 1 workers of 1 for marking
[104.991s][info][gc,start    ] GC(221) Pause Young (Normal) (G1 Evacuation Pause)
[104.991s][info][gc,task     ] GC(221) Using 2 workers of 2 for evacuation
[105.019s][info][gc,phases   ] GC(221)   Pre Evacuate Collection Set: 0.33ms
[105.019s][info][gc,phases   ] GC(221)   Merge Heap Roots: 0.18ms
[105.019s][info][gc,phases   ] GC(221)   Evacuate Collection Set: 26.98ms
[105.019s][info][gc,phases   ] GC(221)   Post Evacuate Collection Set: 0.38ms
[105.019s][info][gc,phases   ] GC(221)   Other: 0.10ms
[105.019s][info][gc,heap     ] GC(221) Eden regions: 149->0(143)
[105.019s][info][gc,heap     ] GC(221) Survivor regions: 12->11(21)
[105.019s][info][gc,heap     ] GC(221) Old regions: 742->754
[105.019s][info][gc,heap     ] GC(221) Humongous regions: 9->9
[105.019s][info][gc,metaspace] GC(221) Metaspace: 18158K(18304K)->18158K(18304K) NonClass: 16330K(16448K)->16330K(16448K) Class: 1828K(1856K)->1828K(1856K)
[105.020s][info][gc          ] GC(221) Pause Young (Normal) (G1 Evacuation Pause) 911M->773M(978M) 28.228ms
[105.020s][info][gc,cpu      ] GC(221) User=0.05s Sys=0.00s Real=0.03s
[105.228s][info][gc,start    ] GC(222) Pause Young (Normal) (G1 Evacuation Pause)
[105.228s][info][gc,task     ] GC(222) Using 2 workers of 2 for evacuation
[105.276s][info][gc,phases   ] GC(222)   Pre Evacuate Collection Set: 0.70ms
[105.276s][info][gc,phases   ] GC(222)   Merge Heap Roots: 0.25ms
[105.276s][info][gc,phases   ] GC(222)   Evacuate Collection Set: 46.20ms
[105.276s][info][gc,phases   ] GC(222)   Post Evacuate Collection Set: 0.44ms
[105.276s][info][gc,phases   ] GC(222)   Other: 0.09ms
[105.276s][info][gc,heap     ] GC(222) Eden regions: 143->0(113)
[105.276s][info][gc,heap     ] GC(222) Survivor regions: 11->20(20)
[105.276s][info][gc,heap     ] GC(222) Old regions: 754->766
[105.276s][info][gc,heap     ] GC(222) Humongous regions: 9->9
[105.276s][info][gc,metaspace] GC(222) Metaspace: 18158K(18304K)->18158K(18304K) NonClass: 16330K(16448K)->16330K(16448K) Class: 1828K(1856K)->1828K(1856K)
[105.276s][info][gc          ] GC(222) Pause Young (Normal) (G1 Evacuation Pause) 916M->795M(978M) 47.954ms
[105.276s][info][gc,cpu      ] GC(222) User=0.09s Sys=0.00s Real=0.05s
[105.441s][info][gc,start    ] GC(223) Pause Young (Normal) (G1 Evacuation Pause)
[105.441s][info][gc,task     ] GC(223) Using 2 workers of 2 for evacuation
[105.490s][info][gc,phases   ] GC(223)   Pre Evacuate Collection Set: 0.53ms
[105.491s][info][gc,phases   ] GC(223)   Merge Heap Roots: 0.16ms
[105.491s][info][gc,phases   ] GC(223)   Evacuate Collection Set: 48.33ms
[105.491s][info][gc,phases   ] GC(223)   Post Evacuate Collection Set: 0.47ms
[105.491s][info][gc,phases   ] GC(223)   Other: 0.08ms
[105.491s][info][gc,heap     ] GC(223) Eden regions: 113->0(91)
[105.491s][info][gc,heap     ] GC(223) Survivor regions: 20->17(17)
[105.491s][info][gc,heap     ] GC(223) Old regions: 766->794
[105.491s][info][gc,heap     ] GC(223) Humongous regions: 9->9
[105.491s][info][gc,metaspace] GC(223) Metaspace: 18158K(18304K)->18158K(18304K) NonClass: 16330K(16448K)->16330K(16448K) Class: 1828K(1856K)->1828K(1856K)
[105.491s][info][gc          ] GC(223) Pause Young (Normal) (G1 Evacuation Pause) 908M->820M(978M) 49.801ms
[105.491s][info][gc,cpu      ] GC(223) User=0.09s Sys=0.00s Real=0.05s
[105.606s][info][gc,start    ] GC(224) Pause Young (Normal) (G1 Evacuation Pause)
[105.606s][info][gc,task     ] GC(224) Using 2 workers of 2 for evacuation
[105.632s][info][gc,phases   ] GC(224)   Pre Evacuate Collection Set: 0.32ms
[105.632s][info][gc,phases   ] GC(224)   Merge Heap Roots: 0.19ms
[105.632s][info][gc,phases   ] GC(224)   Evacuate Collection Set: 24.74ms
[105.632s][info][gc,phases   ] GC(224)   Post Evacuate Collection Set: 0.38ms
[105.632s][info][gc,phases   ] GC(224)   Other: 0.12ms
[105.632s][info][gc,heap     ] GC(224) Eden regions: 91->0(95)
[105.632s][info][gc,heap     ] GC(224) Survivor regions: 17->6(14)
[105.632s][info][gc,heap     ] GC(224) Old regions: 794->812
[105.632s][info][gc,heap     ] GC(224) Humongous regions: 9->9
[105.632s][info][gc,metaspace] GC(224) Metaspace: 18158K(18304K)->18158K(18304K) NonClass: 16330K(16448K)->16330K(16448K) Class: 1828K(1856K)->1828K(1856K)
[105.632s][info][gc          ] GC(224) Pause Young (Normal) (G1 Evacuation Pause) 911M->826M(978M) 26.077ms
[105.632s][info][gc,cpu      ] GC(224) User=0.05s Sys=0.00s Real=0.02s
[105.759s][info][gc,marking  ] GC(220) Concurrent Mark From Roots 1004.174ms
[105.759s][info][gc,marking  ] GC(220) Concurrent Preclean
[105.759s][info][gc,marking  ] GC(220) Concurrent Preclean 0.029ms
[105.759s][info][gc,start    ] GC(220) Pause Remark
[105.768s][info][gc          ] GC(220) Pause Remark 884M->541M(978M) 8.738ms
[105.768s][info][gc,cpu      ] GC(220) User=0.02s Sys=0.00s Real=0.01s
[105.770s][info][gc,marking  ] GC(220) Concurrent Mark 1014.981ms
[105.770s][info][gc,marking  ] GC(220) Concurrent Rebuild Remembered Sets and Scrub Regions
[105.827s][info][gc,start    ] GC(225) Pause Young (Normal) (G1 Evacuation Pause)
[105.827s][info][gc,task     ] GC(225) Using 2 workers of 2 for evacuation
[105.860s][info][gc,phases   ] GC(225)   Pre Evacuate Collection Set: 0.29ms
[105.860s][info][gc,phases   ] GC(225)   Merge Heap Roots: 0.33ms
[105.860s][info][gc,phases   ] GC(225)   Evacuate Collection Set: 32.14ms
[105.860s][info][gc,phases   ] GC(225)   Post Evacuate Collection Set: 0.53ms
[105.860s][info][gc,phases   ] GC(225)   Other: 0.10ms
[105.860s][info][gc,heap     ] GC(225) Eden regions: 95->0(368)
[105.860s][info][gc,heap     ] GC(225) Survivor regions: 6->13(13)
[105.860s][info][gc,heap     ] GC(225) Old regions: 475->480
[105.860s][info][gc,heap     ] GC(225) Humongous regions: 4->4
[105.860s][info][gc,metaspace] GC(225) Metaspace: 18158K(18304K)->18158K(18304K) NonClass: 16330K(16448K)->16330K(16448K) Class: 1828K(1856K)->1828K(1856K)
[105.860s][info][gc          ] GC(225) Pause Young (Normal) (G1 Evacuation Pause) 579M->496M(978M) 33.643ms
[105.860s][info][gc,cpu      ] GC(225) User=0.06s Sys=0.00s Real=0.03s
[106.059s][info][gc,marking  ] GC(220) Concurrent Rebuild Remembered Sets and Scrub Regions 288.759ms
[106.059s][info][gc,start    ] GC(220) Pause Cleanup
[106.059s][info][gc          ] GC(220) Pause Cleanup 637M->637M(978M) 0.179ms
[106.059s][info][gc,cpu      ] GC(220) User=0.00s Sys=0.00s Real=0.00s
[106.059s][info][gc,marking  ] GC(220) Concurrent Clear Claimed Marks
[106.059s][info][gc,marking  ] GC(220) Concurrent Clear Claimed Marks 0.027ms
[106.059s][info][gc,marking  ] GC(220) Concurrent Cleanup for Next Mark
[106.062s][info][gc,marking  ] GC(220) Concurrent Cleanup for Next Mark 3.120ms
[106.062s][info][gc          ] GC(220) Concurrent Mark Cycle 1332.271ms
[106.254s][info][gc,start    ] GC(226) Pause Young (Prepare Mixed) (G1 Evacuation Pause)
[106.254s][info][gc,task     ] GC(226) Using 2 workers of 2 for evacuation
[106.297s][info][gc,phases   ] GC(226)   Pre Evacuate Collection Set: 0.30ms
[106.297s][info][gc,phases   ] GC(226)   Merge Heap Roots: 0.52ms
[106.297s][info][gc,phases   ] GC(226)   Evacuate Collection Set: 41.86ms
[106.298s][info][gc,phases   ] GC(226)   Post Evacuate Collection Set: 0.87ms
[106.298s][info][gc,phases   ] GC(226)   Other: 0.11ms
[106.298s][info][gc,heap     ] GC(226) Eden regions: 368->0(373)
[106.298s][info][gc,heap     ] GC(226) Survivor regions: 13->24(48)
[106.298s][info][gc,heap     ] GC(226) Old regions: 480->480
[106.298s][info][gc,heap     ] GC(226) Humongous regions: 4->4
[106.298s][info][gc,metaspace] GC(226) Metaspace: 18158K(18304K)->18158K(18304K) NonClass: 16330K(16448K)->16330K(16448K) Class: 1828K(1856K)->1828K(1856K)
[106.298s][info][gc          ] GC(226) Pause Young (Prepare Mixed) (G1 Evacuation Pause) 864M->507M(978M) 43.964ms
[106.298s][info][gc,cpu      ] GC(226) User=0.09s Sys=0.00s Real=0.05s
[107.213s][info][gc,start    ] GC(227) Pause Young (Mixed) (G1 Evacuation Pause)
[107.213s][info][gc,task     ] GC(227) Using 2 workers of 2 for evacuation
[107.330s][info][gc,phases   ] GC(227)   Pre Evacuate Collection Set: 0.40ms
[107.330s][info][gc,phases   ] GC(227)   Merge Heap Roots: 0.49ms
[107.330s][info][gc,phases   ] GC(227)   Evacuate Collection Set: 114.78ms
[107.330s][info][gc,phases   ] GC(227)   Post Evacuate Collection Set: 0.98ms
[107.330s][info][gc,phases   ] GC(227)   Other: 0.15ms
[107.330s][info][gc,heap     ] GC(227) Eden regions: 373->0(128)
[107.330s][info][gc,heap     ] GC(227) Survivor regions: 24->50(50)
[107.330s][info][gc,heap     ] GC(227) Old regions: 480->426
[107.330s][info][gc,heap     ] GC(227) Humongous regions: 4->4
[107.330s][info][gc,metaspace] GC(227) Metaspace: 18159K(18304K)->18159K(18304K) NonClass: 16331K(16448K)->16331K(16448K) Class: 1828K(1856K)->1828K(1856K)
[107.330s][info][gc          ] GC(227) Pause Young (Mixed) (G1 Evacuation Pause) 880M->480M(978M) 117.099ms
[107.330s][info][gc,cpu      ] GC(227) User=0.23s Sys=0.00s Real=0.12s
[107.558s][info][gc,start    ] GC(228) Pause Young (Mixed) (G1 Evacuation Pause)
[107.558s][info][gc,task     ] GC(228) Using 2 workers of 2 for evacuation
[107.666s][info][gc,phases   ] GC(228)   Pre Evacuate Collection Set: 0.42ms
[107.666s][info][gc,phases   ] GC(228)   Merge Heap Roots: 0.81ms
[107.666s][info][gc,phases   ] GC(228)   Evacuate Collection Set: 105.23ms
[107.666s][info][gc,phases   ] GC(228)   Merge Optional Heap Roots: 0.06ms
[107.666s][info][gc,phases   ] GC(228)   Evacuate Optional Collection Set: 0.22ms
[107.666s][info][gc,phases   ] GC(228)   Post Evacuate Collection Set: 0.70ms
[107.666s][info][gc,phases   ] GC(228)   Other: 0.12ms
[107.666s][info][gc,heap     ] GC(228) Eden regions: 129->0(370)
[107.666s][info][gc,heap     ] GC(228) Survivor regions: 50->15(23)
[107.666s][info][gc,heap     ] GC(228) Old regions: 426->453
[107.666s][info][gc,heap     ] GC(228) Humongous regions: 5->5
[107.666s][info][gc,metaspace] GC(228) Metaspace: 18159K(18304K)->18159K(18304K) NonClass: 16331K(16448K)->16331K(16448K) Class: 1828K(1856K)->1828K(1856K)
[107.666s][info][gc          ] GC(228) Pause Young (Mixed) (G1 Evacuation Pause) 610M->472M(978M) 107.888ms
[107.666s][info][gc,cpu      ] GC(228) User=0.21s Sys=0.00s Real=0.11s
[108.195s][info][gc,start    ] GC(229) Pause Young (Mixed) (G1 Evacuation Pause)
[108.195s][info][gc,task     ] GC(229) Using 2 workers of 2 for evacuation
[108.230s][info][gc,phases   ] GC(229)   Pre Evacuate Collection Set: 0.32ms
[108.230s][info][gc,phases   ] GC(229)   Merge Heap Roots: 0.49ms
[108.230s][info][gc,phases   ] GC(229)   Evacuate Collection Set: 33.63ms
[108.230s][info][gc,phases   ] GC(229)   Post Evacuate Collection Set: 0.70ms
[108.230s][info][gc,phases   ] GC(229)   Other: 0.11ms
[108.230s][info][gc,heap     ] GC(229) Eden regions: 370->0(395)
[108.230s][info][gc,heap     ] GC(229) Survivor regions: 15->18(49)
[108.230s][info][gc,heap     ] GC(229) Old regions: 453->451
[108.230s][info][gc,heap     ] GC(229) Humongous regions: 5->5
[108.230s][info][gc,metaspace] GC(229) Metaspace: 18160K(18304K)->18160K(18304K) NonClass: 16331K(16448K)->16331K(16448K) Class: 1828K(1856K)->1828K(1856K)
[108.230s][info][gc          ] GC(229) Pause Young (Mixed) (G1 Evacuation Pause) 842M->473M(978M) 35.512ms
[108.231s][info][gc,cpu      ] GC(229) User=0.07s Sys=0.00s Real=0.03s
[108.692s][info][gc,start    ] GC(230) Pause Young (Concurrent Start) (G1 Humongous Allocation)
[108.692s][info][gc,task     ] GC(230) Using 2 workers of 2 for evacuation
[108.959s][info][gc,mmu      ] GC(230) MMU target violated: 201.0ms (200.0ms/201.0ms)
[108.959s][info][gc,phases   ] GC(230)   Pre Evacuate Collection Set: 0.36ms
[108.959s][info][gc,phases   ] GC(230)   Merge Heap Roots: 0.52ms
[108.959s][info][gc,phases   ] GC(230)   Evacuate Collection Set: 250.62ms
[108.959s][info][gc,phases   ] GC(230)   Post Evacuate Collection Set: 15.62ms
[108.959s][info][gc,phases   ] GC(230)   Other: 0.31ms
[108.959s][info][gc,heap     ] GC(230) Eden regions: 365->0(171)
[108.959s][info][gc,heap     ] GC(230) Survivor regions: 18->52(52)
[108.959s][info][gc,heap     ] GC(230) Old regions: 451->627
[108.959s][info][gc,heap     ] GC(230) Humongous regions: 5->5
[108.959s][info][gc,metaspace] GC(230) Metaspace: 18160K(18304K)->18160K(18304K) NonClass: 16332K(16448K)->16332K(16448K) Class: 1828K(1856K)->1828K(1856K)
[108.959s][info][gc          ] GC(230) Pause Young (Concurrent Start) (G1 Humongous Allocation) (Evacuation Failure: Allocation) 838M->683M(978M) 267.668ms
[108.959s][info][gc,cpu      ] GC(230) User=0.53s Sys=0.00s Real=0.27s
[108.959s][info][gc          ] GC(231) Concurrent Mark Cycle
[108.961s][info][gc,marking  ] GC(231) Concurrent Scan Root Regions
[109.267s][info][gc,marking  ] GC(231) Concurrent Scan Root Regions 305.803ms
[109.267s][info][gc,marking  ] GC(231) Concurrent Mark
[109.267s][info][gc,marking  ] GC(231) Concurrent Mark From Roots
[109.267s][info][gc,task     ] GC(231) Using 1 workers of 1 for marking
[109.286s][info][gc,start    ] GC(232) Pause Young (Normal) (G1 Evacuation Pause)
[109.286s][info][gc,task     ] GC(232) Using 2 workers of 2 for evacuation
[109.401s][info][gc,phases   ] GC(232)   Pre Evacuate Collection Set: 0.37ms
[109.401s][info][gc,phases   ] GC(232)   Merge Heap Roots: 0.61ms
[109.401s][info][gc,phases   ] GC(232)   Evacuate Collection Set: 113.08ms
[109.401s][info][gc,phases   ] GC(232)   Post Evacuate Collection Set: 0.54ms
[109.401s][info][gc,phases   ] GC(232)   Other: 0.09ms
[109.401s][info][gc,heap     ] GC(232) Eden regions: 171->0(207)
[109.401s][info][gc,heap     ] GC(232) Survivor regions: 52->3(28)
[109.401s][info][gc,heap     ] GC(232) Old regions: 627->643
[109.401s][info][gc,heap     ] GC(232) Humongous regions: 6->6
[109.401s][info][gc,metaspace] GC(232) Metaspace: 18160K(18304K)->18160K(18304K) NonClass: 16332K(16448K)->16332K(16448K) Class: 1828K(1856K)->1828K(1856K)
[109.401s][info][gc          ] GC(232) Pause Young (Normal) (G1 Evacuation Pause) 855M->651M(978M) 114.960ms
[109.401s][info][gc,cpu      ] GC(232) User=0.23s Sys=0.00s Real=0.11s
[109.912s][info][gc,start    ] GC(233) Pause Young (Normal) (G1 Evacuation Pause)
[109.912s][info][gc,task     ] GC(233) Using 2 workers of 2 for evacuation
[109.945s][info][gc,phases   ] GC(233)   Pre Evacuate Collection Set: 0.31ms
[109.945s][info][gc,phases   ] GC(233)   Merge Heap Roots: 0.15ms
[109.945s][info][gc,phases   ] GC(233)   Evacuate Collection Set: 31.65ms
[109.945s][info][gc,phases   ] GC(233)   Post Evacuate Collection Set: 0.49ms
[109.945s][info][gc,phases   ] GC(233)   Other: 0.08ms
[109.945s][info][gc,heap     ] GC(233) Eden regions: 207->0(216)
[109.945s][info][gc,heap     ] GC(233) Survivor regions: 3->12(27)
[109.945s][info][gc,heap     ] GC(233) Old regions: 643->640
[109.945s][info][gc,heap     ] GC(233) Humongous regions: 6->6
[109.945s][info][gc,metaspace] GC(233) Metaspace: 18164K(18304K)->18164K(18304K) NonClass: 16336K(16448K)->16336K(16448K) Class: 1828K(1856K)->1828K(1856K)
[109.945s][info][gc          ] GC(233) Pause Young (Normal) (G1 Evacuation Pause) 858M->657M(978M) 32.931ms
[109.945s][info][gc,cpu      ] GC(233) User=0.07s Sys=0.00s Real=0.04s
[110.254s][info][gc,marking  ] GC(231) Concurrent Mark From Roots 986.622ms
[110.254s][info][gc,marking  ] GC(231) Concurrent Preclean
[110.254s][info][gc,marking  ] GC(231) Concurrent Preclean 0.026ms
[110.255s][info][gc,start    ] GC(231) Pause Remark
[110.263s][info][gc          ] GC(231) Pause Remark 769M->657M(978M) 8.224ms
[110.263s][info][gc,cpu      ] GC(231) User=0.02s Sys=0.00s Real=0.00s
[110.263s][info][gc,marking  ] GC(231) Concurrent Mark 996.056ms
[110.263s][info][gc,marking  ] GC(231) Concurrent Rebuild Remembered Sets and Scrub Regions
[110.504s][info][gc,start    ] GC(234) Pause Young (Normal) (G1 Evacuation Pause)
[110.505s][info][gc,task     ] GC(234) Using 2 workers of 2 for evacuation
[110.591s][info][gc,phases   ] GC(234)   Pre Evacuate Collection Set: 0.48ms
[110.591s][info][gc,phases   ] GC(234)   Merge Heap Roots: 0.17ms
[110.591s][info][gc,phases   ] GC(234)   Evacuate Collection Set: 84.66ms
[110.591s][info][gc,phases   ] GC(234)   Post Evacuate Collection Set: 1.00ms
[110.591s][info][gc,phases   ] GC(234)   Other: 0.09ms
[110.591s][info][gc,heap     ] GC(234) Eden regions: 216->0(256)
[110.591s][info][gc,heap     ] GC(234) Survivor regions: 12->29(29)
[110.591s][info][gc,heap     ] GC(234) Old regions: 530->555
[110.591s][info][gc,heap     ] GC(234) Humongous regions: 4->4
[110.591s][info][gc,metaspace] GC(234) Metaspace: 18164K(18304K)->18164K(18304K) NonClass: 16336K(16448K)->16336K(16448K) Class: 1828K(1856K)->1828K(1856K)
[110.591s][info][gc          ] GC(234) Pause Young (Normal) (G1 Evacuation Pause) 761M->588M(978M) 86.683ms
[110.591s][info][gc,cpu      ] GC(234) User=0.17s Sys=0.00s Real=0.08s
[110.863s][info][gc,start    ] GC(235) Pause Young (Normal) (G1 Evacuation Pause)
[110.863s][info][gc,task     ] GC(235) Using 2 workers of 2 for evacuation
[111.027s][info][gc,phases   ] GC(235)   Pre Evacuate Collection Set: 1.99ms
[111.027s][info][gc,phases   ] GC(235)   Merge Heap Roots: 0.38ms
[111.027s][info][gc,phases   ] GC(235)   Evacuate Collection Set: 156.30ms
[111.027s][info][gc,phases   ] GC(235)   Post Evacuate Collection Set: 4.50ms
[111.027s][info][gc,phases   ] GC(235)   Other: 0.11ms
[111.027s][info][gc,heap     ] GC(235) Eden regions: 256->0(139)
[111.027s][info][gc,heap     ] GC(235) Survivor regions: 29->36(36)
[111.027s][info][gc,heap     ] GC(235) Old regions: 555->701
[111.027s][info][gc,heap     ] GC(235) Humongous regions: 4->4
[111.027s][info][gc,metaspace] GC(235) Metaspace: 18165K(18304K)->18165K(18304K) NonClass: 16336K(16448K)->16336K(16448K) Class: 1828K(1856K)->1828K(1856K)
[111.027s][info][gc          ] GC(235) Pause Young (Normal) (G1 Evacuation Pause) (Evacuation Failure: Allocation) 844M->741M(978M) 163.564ms
[111.027s][info][gc,cpu      ] GC(235) User=0.32s Sys=0.00s Real=0.17s
[111.069s][info][gc,start    ] GC(236) Pause Young (Normal) (G1 Evacuation Pause)
[111.069s][info][gc,task     ] GC(236) Using 2 workers of 2 for evacuation
[111.174s][info][gc,phases   ] GC(236)   Pre Evacuate Collection Set: 0.34ms
[111.175s][info][gc,phases   ] GC(236)   Merge Heap Roots: 1.18ms
[111.175s][info][gc,phases   ] GC(236)   Evacuate Collection Set: 101.08ms
[111.175s][info][gc,phases   ] GC(236)   Merge Optional Heap Roots: 0.05ms
[111.175s][info][gc,phases   ] GC(236)   Evacuate Optional Collection Set: 1.58ms
[111.175s][info][gc,phases   ] GC(236)   Post Evacuate Collection Set: 0.92ms
[111.175s][info][gc,phases   ] GC(236)   Other: 0.09ms
[111.175s][info][gc,heap     ] GC(236) Eden regions: 41->0(149)
[111.175s][info][gc,heap     ] GC(236) Survivor regions: 36->10(10)
[111.175s][info][gc,heap     ] GC(236) Old regions: 701->707
[111.175s][info][gc,heap     ] GC(236) Humongous regions: 4->4
[111.175s][info][gc,metaspace] GC(236) Metaspace: 18165K(18304K)->18165K(18304K) NonClass: 16337K(16448K)->16337K(16448K) Class: 1828K(1856K)->1828K(1856K)
[111.175s][info][gc          ] GC(236) Pause Young (Normal) (G1 Evacuation Pause) 782M->721M(978M) 105.544ms
[111.175s][info][gc,cpu      ] GC(236) User=0.20s Sys=0.00s Real=0.11s
[111.344s][info][gc,marking  ] GC(231) Concurrent Rebuild Remembered Sets and Scrub Regions 1080.941ms
[111.346s][info][gc,start    ] GC(231) Pause Cleanup
[111.347s][info][gc          ] GC(231) Pause Cleanup 789M->789M(978M) 0.175ms
[111.347s][info][gc,cpu      ] GC(231) User=0.00s Sys=0.00s Real=0.00s
[111.347s][info][gc,marking  ] GC(231) Concurrent Clear Claimed Marks
[111.347s][info][gc,marking  ] GC(231) Concurrent Clear Claimed Marks 0.048ms
[111.347s][info][gc,marking  ] GC(231) Concurrent Cleanup for Next Mark
[111.353s][info][gc,marking  ] GC(231) Concurrent Cleanup for Next Mark 6.546ms
[111.353s][info][gc          ] GC(231) Concurrent Mark Cycle 2393.875ms
[111.480s][info][gc,start    ] GC(237) Pause Young (Prepare Mixed) (G1 Evacuation Pause)
[111.480s][info][gc,task     ] GC(237) Using 2 workers of 2 for evacuation
[111.540s][info][gc,phases   ] GC(237)   Pre Evacuate Collection Set: 0.32ms
[111.540s][info][gc,phases   ] GC(237)   Merge Heap Roots: 0.62ms
[111.540s][info][gc,phases   ] GC(237)   Evacuate Collection Set: 57.87ms
[111.540s][info][gc,phases   ] GC(237)   Post Evacuate Collection Set: 0.75ms
[111.540s][info][gc,phases   ] GC(237)   Other: 0.08ms
[111.540s][info][gc,heap     ] GC(237) Eden regions: 149->0(136)
[111.540s][info][gc,heap     ] GC(237) Survivor regions: 10->20(20)
[111.540s][info][gc,heap     ] GC(237) Old regions: 707->725
[111.540s][info][gc,heap     ] GC(237) Humongous regions: 4->4
[111.540s][info][gc,metaspace] GC(237) Metaspace: 18170K(18304K)->18170K(18304K) NonClass: 16342K(16448K)->16342K(16448K) Class: 1828K(1856K)->1828K(1856K)
[111.540s][info][gc          ] GC(237) Pause Young (Prepare Mixed) (G1 Evacuation Pause) 870M->749M(978M) 59.948ms
[111.540s][info][gc,cpu      ] GC(237) User=0.12s Sys=0.00s Real=0.06s
[111.625s][info][gc,start    ] GC(238) Pause Young (Mixed) (G1 Evacuation Pause)
[111.625s][info][gc,task     ] GC(238) Using 2 workers of 2 for evacuation
[111.695s][info][gc,phases   ] GC(238)   Pre Evacuate Collection Set: 0.36ms
[111.695s][info][gc,phases   ] GC(238)   Merge Heap Roots: 1.11ms
[111.695s][info][gc,phases   ] GC(238)   Evacuate Collection Set: 66.72ms
[111.695s][info][gc,phases   ] GC(238)   Post Evacuate Collection Set: 0.81ms
[111.695s][info][gc,phases   ] GC(238)   Other: 0.08ms
[111.695s][info][gc,heap     ] GC(238) Eden regions: 136->0(111)
[111.695s][info][gc,heap     ] GC(238) Survivor regions: 20->4(20)
[111.695s][info][gc,heap     ] GC(238) Old regions: 725->674
[111.695s][info][gc,heap     ] GC(238) Humongous regions: 4->4
[111.695s][info][gc,metaspace] GC(238) Metaspace: 18170K(18304K)->18170K(18304K) NonClass: 16342K(16448K)->16342K(16448K) Class: 1828K(1856K)->1828K(1856K)
[111.695s][info][gc          ] GC(238) Pause Young (Mixed) (G1 Evacuation Pause) 885M->681M(978M) 69.353ms
[111.695s][info][gc,cpu      ] GC(238) User=0.13s Sys=0.00s Real=0.07s
[111.891s][info][gc,start    ] GC(239) Pause Young (Mixed) (G1 Evacuation Pause)
[111.891s][info][gc,task     ] GC(239) Using 2 workers of 2 for evacuation
[112.108s][info][gc,mmu      ] GC(239) MMU target violated: 201.0ms (200.0ms/201.0ms)
[112.108s][info][gc,phases   ] GC(239)   Pre Evacuate Collection Set: 0.37ms
[112.108s][info][gc,phases   ] GC(239)   Merge Heap Roots: 0.90ms
[112.108s][info][gc,phases   ] GC(239)   Evacuate Collection Set: 215.38ms
[112.108s][info][gc,phases   ] GC(239)   Post Evacuate Collection Set: 0.41ms
[112.108s][info][gc,phases   ] GC(239)   Other: 0.15ms
[112.108s][info][gc,heap     ] GC(239) Eden regions: 99->0(152)
[112.108s][info][gc,heap     ] GC(239) Survivor regions: 4->13(13)
[112.108s][info][gc,heap     ] GC(239) Old regions: 674->698
[112.108s][info][gc,heap     ] GC(239) Humongous regions: 10->10
[112.108s][info][gc,metaspace] GC(239) Metaspace: 18170K(18304K)->18170K(18304K) NonClass: 16342K(16448K)->16342K(16448K) Class: 1828K(1856K)->1828K(1856K)
[112.108s][info][gc          ] GC(239) Pause Young (Mixed) (G1 Evacuation Pause) 786M->721M(978M) 217.424ms
[112.108s][info][gc,cpu      ] GC(239) User=0.43s Sys=0.01s Real=0.22s
[112.266s][info][gc,start    ] GC(240) Pause Young (Concurrent Start) (G1 Evacuation Pause)
[112.266s][info][gc,task     ] GC(240) Using 2 workers of 2 for evacuation
[112.328s][info][gc,phases   ] GC(240)   Pre Evacuate Collection Set: 0.38ms
[112.328s][info][gc,phases   ] GC(240)   Merge Heap Roots: 0.23ms
[112.328s][info][gc,phases   ] GC(240)   Evacuate Collection Set: 60.19ms
[112.328s][info][gc,phases   ] GC(240)   Post Evacuate Collection Set: 0.47ms
[112.328s][info][gc,phases   ] GC(240)   Other: 0.25ms
[112.328s][info][gc,heap     ] GC(240) Eden regions: 152->0(132)
[112.328s][info][gc,heap     ] GC(240) Survivor regions: 13->21(21)
[112.328s][info][gc,heap     ] GC(240) Old regions: 698->721
[112.328s][info][gc,heap     ] GC(240) Humongous regions: 10->10
[112.328s][info][gc,metaspace] GC(240) Metaspace: 18170K(18304K)->18170K(18304K) NonClass: 16342K(16448K)->16342K(16448K) Class: 1828K(1856K)->1828K(1856K)
[112.328s][info][gc          ] GC(240) Pause Young (Concurrent Start) (G1 Evacuation Pause) 873M->751M(978M) 61.772ms
[112.328s][info][gc          ] GC(241) Concurrent Mark Cycle
[112.328s][info][gc,marking  ] GC(241) Concurrent Scan Root Regions
[112.328s][info][gc,cpu      ] GC(240) User=0.12s Sys=0.00s Real=0.06s
[112.435s][info][gc,marking  ] GC(241) Concurrent Scan Root Regions 107.421ms
[112.435s][info][gc,marking  ] GC(241) Concurrent Mark
[112.435s][info][gc,marking  ] GC(241) Concurrent Mark From Roots
[112.435s][info][gc,task     ] GC(241) Using 1 workers of 1 for marking
[112.487s][info][gc,start    ] GC(242) Pause Young (Normal) (G1 Evacuation Pause)
[112.487s][info][gc,task     ] GC(242) Using 2 workers of 2 for evacuation
[112.549s][info][gc,phases   ] GC(242)   Pre Evacuate Collection Set: 0.52ms
[112.549s][info][gc,phases   ] GC(242)   Merge Heap Roots: 0.26ms
[112.549s][info][gc,phases   ] GC(242)   Evacuate Collection Set: 60.96ms
[112.549s][info][gc,phases   ] GC(242)   Post Evacuate Collection Set: 0.46ms
[112.549s][info][gc,phases   ] GC(242)   Other: 0.10ms
[112.549s][info][gc,heap     ] GC(242) Eden regions: 132->0(113)
[112.549s][info][gc,heap     ] GC(242) Survivor regions: 21->20(20)
[112.549s][info][gc,heap     ] GC(242) Old regions: 721->752
[112.549s][info][gc,heap     ] GC(242) Humongous regions: 10->10
[112.549s][info][gc,metaspace] GC(242) Metaspace: 18170K(18304K)->18170K(18304K) NonClass: 16342K(16448K)->16342K(16448K) Class: 1828K(1856K)->1828K(1856K)
[112.549s][info][gc          ] GC(242) Pause Young (Normal) (G1 Evacuation Pause) 883M->781M(978M) 62.524ms
[112.549s][info][gc,cpu      ] GC(242) User=0.12s Sys=0.00s Real=0.06s
[112.657s][info][gc,start    ] GC(243) Pause Young (Normal) (G1 Evacuation Pause)
[112.657s][info][gc,task     ] GC(243) Using 2 workers of 2 for evacuation
[112.689s][info][gc,phases   ] GC(243)   Pre Evacuate Collection Set: 0.37ms
[112.689s][info][gc,phases   ] GC(243)   Merge Heap Roots: 0.23ms
[112.689s][info][gc,phases   ] GC(243)   Evacuate Collection Set: 30.84ms
[112.689s][info][gc,phases   ] GC(243)   Post Evacuate Collection Set: 0.37ms
[112.689s][info][gc,phases   ] GC(243)   Other: 0.12ms
[112.689s][info][gc,heap     ] GC(243) Eden regions: 113->0(119)
[112.689s][info][gc,heap     ] GC(243) Survivor regions: 20->6(17)
[112.689s][info][gc,heap     ] GC(243) Old regions: 752->772
[112.689s][info][gc,heap     ] GC(243) Humongous regions: 10->10
[112.689s][info][gc,metaspace] GC(243) Metaspace: 18170K(18304K)->18170K(18304K) NonClass: 16342K(16448K)->16342K(16448K) Class: 1828K(1856K)->1828K(1856K)
[112.689s][info][gc          ] GC(243) Pause Young (Normal) (G1 Evacuation Pause) 894M->787M(978M) 32.212ms
[112.689s][info][gc,cpu      ] GC(243) User=0.06s Sys=0.00s Real=0.03s
[112.806s][info][gc,start    ] GC(244) Pause Young (Normal) (G1 Evacuation Pause)
[112.806s][info][gc,task     ] GC(244) Using 2 workers of 2 for evacuation
[112.824s][info][gc,phases   ] GC(244)   Pre Evacuate Collection Set: 0.33ms
[112.824s][info][gc,phases   ] GC(244)   Merge Heap Roots: 0.22ms
[112.824s][info][gc,phases   ] GC(244)   Evacuate Collection Set: 16.99ms
[112.824s][info][gc,phases   ] GC(244)   Post Evacuate Collection Set: 0.34ms
[112.824s][info][gc,phases   ] GC(244)   Other: 0.08ms
[112.824s][info][gc,heap     ] GC(244) Eden regions: 119->0(125)
[112.824s][info][gc,heap     ] GC(244) Survivor regions: 6->10(16)
[112.824s][info][gc,heap     ] GC(244) Old regions: 772->772
[112.824s][info][gc,heap     ] GC(244) Humongous regions: 10->10
[112.824s][info][gc,metaspace] GC(244) Metaspace: 18170K(18304K)->18170K(18304K) NonClass: 16342K(16448K)->16342K(16448K) Class: 1828K(1856K)->1828K(1856K)
[112.824s][info][gc          ] GC(244) Pause Young (Normal) (G1 Evacuation Pause) 906M->791M(978M) 18.219ms
[112.824s][info][gc,cpu      ] GC(244) User=0.03s Sys=0.00s Real=0.02s
[112.937s][info][gc,start    ] GC(245) Pause Young (Normal) (G1 Evacuation Pause)
[112.937s][info][gc,task     ] GC(245) Using 2 workers of 2 for evacuation
[112.955s][info][gc,phases   ] GC(245)   Pre Evacuate Collection Set: 0.30ms
[112.955s][info][gc,phases   ] GC(245)   Merge Heap Roots: 0.20ms
[112.955s][info][gc,phases   ] GC(245)   Evacuate Collection Set: 16.84ms
[112.955s][info][gc,phases   ] GC(245)   Post Evacuate Collection Set: 0.34ms
[112.955s][info][gc,phases   ] GC(245)   Other: 0.07ms
[112.955s][info][gc,heap     ] GC(245) Eden regions: 125->0(128)
[112.955s][info][gc,heap     ] GC(245) Survivor regions: 10->6(17)
[112.955s][info][gc,heap     ] GC(245) Old regions: 772->778
[112.955s][info][gc,heap     ] GC(245) Humongous regions: 10->10
[112.955s][info][gc,metaspace] GC(245) Metaspace: 18170K(18304K)->18170K(18304K) NonClass: 16342K(16448K)->16342K(16448K) Class: 1828K(1856K)->1828K(1856K)
[112.955s][info][gc          ] GC(245) Pause Young (Normal) (G1 Evacuation Pause) 916M->793M(978M) 17.991ms
[112.955s][info][gc,cpu      ] GC(245) User=0.04s Sys=0.00s Real=0.02s
[113.136s][info][gc,start    ] GC(246) Pause Young (Normal) (G1 Evacuation Pause)
[113.136s][info][gc,task     ] GC(246) Using 2 workers of 2 for evacuation
[113.157s][info][gc,phases   ] GC(246)   Pre Evacuate Collection Set: 0.31ms
[113.157s][info][gc,phases   ] GC(246)   Merge Heap Roots: 0.26ms
[113.157s][info][gc,phases   ] GC(246)   Evacuate Collection Set: 20.01ms
[113.157s][info][gc,phases   ] GC(246)   Post Evacuate Collection Set: 0.40ms
[113.157s][info][gc,phases   ] GC(246)   Other: 0.08ms
[113.157s][info][gc,heap     ] GC(246) Eden regions: 128->0(122)
[113.157s][info][gc,heap     ] GC(246) Survivor regions: 6->9(17)
[113.157s][info][gc,heap     ] GC(246) Old regions: 778->778
[113.157s][info][gc,heap     ] GC(246) Humongous regions: 10->10
[113.157s][info][gc,metaspace] GC(246) Metaspace: 18175K(18304K)->18175K(18304K) NonClass: 16347K(16448K)->16347K(16448K) Class: 1828K(1856K)->1828K(1856K)
[113.157s][info][gc          ] GC(246) Pause Young (Normal) (G1 Evacuation Pause) 921M->796M(978M) 21.293ms
[113.157s][info][gc,cpu      ] GC(246) User=0.04s Sys=0.00s Real=0.02s
[113.273s][info][gc,marking  ] GC(241) Concurrent Mark From Roots 837.602ms
[113.273s][info][gc,marking  ] GC(241) Concurrent Preclean
[113.273s][info][gc,marking  ] GC(241) Concurrent Preclean 0.030ms
[113.273s][info][gc,start    ] GC(241) Pause Remark
[113.281s][info][gc          ] GC(241) Pause Remark 898M->527M(978M) 7.518ms
[113.281s][info][gc,cpu      ] GC(241) User=0.01s Sys=0.00s Real=0.01s
[113.281s][info][gc,marking  ] GC(241) Concurrent Mark 846.030ms
[113.281s][info][gc,marking  ] GC(241) Concurrent Rebuild Remembered Sets and Scrub Regions
[113.309s][info][gc,start    ] GC(247) Pause Young (Normal) (G1 Evacuation Pause)
[113.309s][info][gc,task     ] GC(247) Using 2 workers of 2 for evacuation
[113.328s][info][gc,phases   ] GC(247)   Pre Evacuate Collection Set: 0.51ms
[113.328s][info][gc,phases   ] GC(247)   Merge Heap Roots: 0.21ms
[113.328s][info][gc,phases   ] GC(247)   Evacuate Collection Set: 18.01ms
[113.328s][info][gc,phases   ] GC(247)   Post Evacuate Collection Set: 0.37ms
[113.328s][info][gc,phases   ] GC(247)   Other: 0.08ms
[113.328s][info][gc,heap     ] GC(247) Eden regions: 122->0(378)
[113.328s][info][gc,heap     ] GC(247) Survivor regions: 9->8(17)
[113.328s][info][gc,heap     ] GC(247) Old regions: 413->417
[113.328s][info][gc,heap     ] GC(247) Humongous regions: 4->4
[113.328s][info][gc,metaspace] GC(247) Metaspace: 18175K(18304K)->18175K(18304K) NonClass: 16347K(16448K)->16347K(16448K) Class: 1828K(1856K)->1828K(1856K)
[113.328s][info][gc          ] GC(247) Pause Young (Normal) (G1 Evacuation Pause) 547M->428M(978M) 19.417ms
[113.328s][info][gc,cpu      ] GC(247) User=0.04s Sys=0.00s Real=0.02s
[113.600s][info][gc,marking  ] GC(241) Concurrent Rebuild Remembered Sets and Scrub Regions 318.931ms
[113.600s][info][gc,start    ] GC(241) Pause Cleanup
[113.601s][info][gc          ] GC(241) Pause Cleanup 588M->588M(978M) 0.163ms
[113.601s][info][gc,cpu      ] GC(241) User=0.00s Sys=0.00s Real=0.00s
[113.601s][info][gc,marking  ] GC(241) Concurrent Clear Claimed Marks
[113.601s][info][gc,marking  ] GC(241) Concurrent Clear Claimed Marks 0.031ms
[113.601s][info][gc,marking  ] GC(241) Concurrent Cleanup for Next Mark
[113.606s][info][gc,marking  ] GC(241) Concurrent Cleanup for Next Mark 4.903ms
[113.606s][info][gc          ] GC(241) Concurrent Mark Cycle 1277.900ms
[114.105s][info][gc,start    ] GC(248) Pause Young (Prepare Mixed) (G1 Evacuation Pause)
[114.105s][info][gc,task     ] GC(248) Using 2 workers of 2 for evacuation
[114.187s][info][gc,phases   ] GC(248)   Pre Evacuate Collection Set: 0.46ms
[114.187s][info][gc,phases   ] GC(248)   Merge Heap Roots: 0.71ms
[114.187s][info][gc,phases   ] GC(248)   Evacuate Collection Set: 79.86ms
[114.187s][info][gc,phases   ] GC(248)   Post Evacuate Collection Set: 0.81ms
[114.187s][info][gc,phases   ] GC(248)   Other: 0.12ms
[114.187s][info][gc,heap     ] GC(248) Eden regions: 378->0(231)
[114.187s][info][gc,heap     ] GC(248) Survivor regions: 8->49(49)
[114.187s][info][gc,heap     ] GC(248) Old regions: 417->421
[114.187s][info][gc,heap     ] GC(248) Humongous regions: 4->4
[114.187s][info][gc,metaspace] GC(248) Metaspace: 18187K(18304K)->18187K(18304K) NonClass: 16359K(16448K)->16359K(16448K) Class: 1828K(1856K)->1828K(1856K)
[114.187s][info][gc          ] GC(248) Pause Young (Prepare Mixed) (G1 Evacuation Pause) 806M->473M(978M) 82.307ms
[114.187s][info][gc,cpu      ] GC(248) User=0.17s Sys=0.00s Real=0.08s
[114.923s][info][gc,start    ] GC(249) Pause Young (Mixed) (G1 Evacuation Pause)
[114.923s][info][gc,task     ] GC(249) Using 2 workers of 2 for evacuation
[114.985s][info][gc,phases   ] GC(249)   Pre Evacuate Collection Set: 0.33ms
[114.985s][info][gc,phases   ] GC(249)   Merge Heap Roots: 0.40ms
[114.985s][info][gc,phases   ] GC(249)   Evacuate Collection Set: 60.41ms
[114.985s][info][gc,phases   ] GC(249)   Merge Optional Heap Roots: 0.05ms
[114.985s][info][gc,phases   ] GC(249)   Evacuate Optional Collection Set: 0.07ms
[114.985s][info][gc,phases   ] GC(249)   Post Evacuate Collection Set: 0.95ms
[114.986s][info][gc,phases   ] GC(249)   Other: 0.12ms
[114.986s][info][gc,heap     ] GC(249) Eden regions: 271->0(388)
[114.986s][info][gc,heap     ] GC(249) Survivor regions: 49->1(40)
[114.986s][info][gc,heap     ] GC(249) Old regions: 421->444
[114.986s][info][gc,heap     ] GC(249) Humongous regions: 4->4
[114.986s][info][gc,metaspace] GC(249) Metaspace: 18200K(18304K)->18200K(18304K) NonClass: 16371K(16448K)->16371K(16448K) Class: 1828K(1856K)->1828K(1856K)
[114.986s][info][gc          ] GC(249) Pause Young (Mixed) (G1 Evacuation Pause) 744M->448M(978M) 62.590ms
[114.986s][info][gc,cpu      ] GC(249) User=0.12s Sys=0.00s Real=0.07s
[115.952s][info][gc,start    ] GC(250) Pause Young (Mixed) (G1 Evacuation Pause)
[115.952s][info][gc,task     ] GC(250) Using 2 workers of 2 for evacuation
[115.998s][info][gc,phases   ] GC(250)   Pre Evacuate Collection Set: 0.54ms
[115.998s][info][gc,phases   ] GC(250)   Merge Heap Roots: 0.91ms
[115.998s][info][gc,phases   ] GC(250)   Evacuate Collection Set: 44.41ms
[115.998s][info][gc,phases   ] GC(250)   Post Evacuate Collection Set: 0.83ms
[115.998s][info][gc,phases   ] GC(250)   Other: 0.10ms
[115.998s][info][gc,heap     ] GC(250) Eden regions: 388->0(451)
[115.998s][info][gc,heap     ] GC(250) Survivor regions: 1->10(49)
[115.998s][info][gc,heap     ] GC(250) Old regions: 444->378
[115.999s][info][gc,heap     ] GC(250) Humongous regions: 4->4
[115.999s][info][gc,metaspace] GC(250) Metaspace: 18205K(18304K)->18205K(18304K) NonClass: 16377K(16448K)->16377K(16448K) Class: 1828K(1856K)->1828K(1856K)
[115.999s][info][gc          ] GC(250) Pause Young (Mixed) (G1 Evacuation Pause) 836M->392M(978M) 47.026ms
[115.999s][info][gc,cpu      ] GC(250) User=0.09s Sys=0.00s Real=0.05s
[116.380s][info][gc,start    ] GC(251) Pause Young (Mixed) (G1 Evacuation Pause)
[116.380s][info][gc,task     ] GC(251) Using 2 workers of 2 for evacuation
[116.584s][info][gc,mmu      ] GC(251) MMU target violated: 201.0ms (200.0ms/201.0ms)
[116.584s][info][gc,phases   ] GC(251)   Pre Evacuate Collection Set: 0.33ms
[116.584s][info][gc,phases   ] GC(251)   Merge Heap Roots: 0.82ms
[116.584s][info][gc,phases   ] GC(251)   Evacuate Collection Set: 202.14ms
[116.584s][info][gc,phases   ] GC(251)   Post Evacuate Collection Set: 1.21ms
[116.584s][info][gc,phases   ] GC(251)   Other: 0.20ms
[116.584s][info][gc,heap     ] GC(251) Eden regions: 451->0(321)
[116.584s][info][gc,heap     ] GC(251) Survivor regions: 10->58(58)
[116.584s][info][gc,heap     ] GC(251) Old regions: 378->448
[116.584s][info][gc,heap     ] GC(251) Humongous regions: 4->4
[116.584s][info][gc,metaspace] GC(251) Metaspace: 18207K(18304K)->18207K(18304K) NonClass: 16379K(16448K)->16379K(16448K) Class: 1828K(1856K)->1828K(1856K)
[116.584s][info][gc          ] GC(251) Pause Young (Mixed) (G1 Evacuation Pause) 843M->510M(978M) 204.940ms
[116.585s][info][gc,cpu      ] GC(251) User=0.41s Sys=0.00s Real=0.21s
[116.776s][info][gc,start    ] GC(252) Pause Young (Concurrent Start) (G1 Humongous Allocation)
[116.776s][info][gc,task     ] GC(252) Using 2 workers of 2 for evacuation
[116.877s][info][gc,phases   ] GC(252)   Pre Evacuate Collection Set: 0.35ms
[116.877s][info][gc,phases   ] GC(252)   Merge Heap Roots: 0.67ms
[116.877s][info][gc,phases   ] GC(252)   Evacuate Collection Set: 99.08ms
[116.877s][info][gc,phases   ] GC(252)   Post Evacuate Collection Set: 0.71ms
[116.877s][info][gc,phases   ] GC(252)   Other: 0.15ms
[116.877s][info][gc,heap     ] GC(252) Eden regions: 232->0(332)
[116.877s][info][gc,heap     ] GC(252) Survivor regions: 58->8(48)
[116.877s][info][gc,heap     ] GC(252) Old regions: 448->507
[116.877s][info][gc,heap     ] GC(252) Humongous regions: 4->4
[116.877s][info][gc,metaspace] GC(252) Metaspace: 18210K(18304K)->18210K(18304K) NonClass: 16381K(16448K)->16381K(16448K) Class: 1828K(1856K)->1828K(1856K)
[116.877s][info][gc          ] GC(252) Pause Young (Concurrent Start) (G1 Humongous Allocation) 741M->518M(978M) 101.238ms
[116.877s][info][gc          ] GC(253) Concurrent Mark Cycle
[116.877s][info][gc,marking  ] GC(253) Concurrent Scan Root Regions
[116.877s][info][gc,cpu      ] GC(252) User=0.20s Sys=0.00s Real=0.10s
[116.981s][info][gc,marking  ] GC(253) Concurrent Scan Root Regions 103.791ms
[116.981s][info][gc,marking  ] GC(253) Concurrent Mark
[116.981s][info][gc,marking  ] GC(253) Concurrent Mark From Roots
[116.981s][info][gc,task     ] GC(253) Using 1 workers of 1 for marking
[117.487s][info][gc,start    ] GC(254) Pause Young (Normal) (G1 Evacuation Pause)
[117.487s][info][gc,task     ] GC(254) Using 2 workers of 2 for evacuation
[117.589s][info][gc,phases   ] GC(254)   Pre Evacuate Collection Set: 0.30ms
[117.589s][info][gc,phases   ] GC(254)   Merge Heap Roots: 0.81ms
[117.589s][info][gc,phases   ] GC(254)   Evacuate Collection Set: 99.92ms
[117.589s][info][gc,phases   ] GC(254)   Post Evacuate Collection Set: 0.75ms
[117.589s][info][gc,phases   ] GC(254)   Other: 0.13ms
[117.589s][info][gc,heap     ] GC(254) Eden regions: 332->0(284)
[117.589s][info][gc,heap     ] GC(254) Survivor regions: 8->43(43)
[117.589s][info][gc,heap     ] GC(254) Old regions: 507->531
[117.589s][info][gc,heap     ] GC(254) Humongous regions: 8->8
[117.589s][info][gc,metaspace] GC(254) Metaspace: 18210K(18304K)->18210K(18304K) NonClass: 16381K(16448K)->16381K(16448K) Class: 1828K(1856K)->1828K(1856K)
[117.589s][info][gc          ] GC(254) Pause Young (Normal) (G1 Evacuation Pause) 854M->581M(978M) 102.157ms
[117.589s][info][gc,cpu      ] GC(254) User=0.20s Sys=0.00s Real=0.10s
[117.900s][info][gc,start    ] GC(255) Pause Young (Normal) (G1 Evacuation Pause)
[117.900s][info][gc,task     ] GC(255) Using 2 workers of 2 for evacuation
[118.001s][info][gc,phases   ] GC(255)   Pre Evacuate Collection Set: 0.53ms
[118.001s][info][gc,phases   ] GC(255)   Merge Heap Roots: 0.57ms
[118.001s][info][gc,phases   ] GC(255)   Evacuate Collection Set: 98.70ms
[118.001s][info][gc,phases   ] GC(255)   Post Evacuate Collection Set: 0.59ms
[118.001s][info][gc,phases   ] GC(255)   Other: 0.11ms
[118.001s][info][gc,heap     ] GC(255) Eden regions: 284->0(271)
[118.001s][info][gc,heap     ] GC(255) Survivor regions: 43->24(41)
[118.001s][info][gc,heap     ] GC(255) Old regions: 531->574
[118.001s][info][gc,heap     ] GC(255) Humongous regions: 8->8
[118.001s][info][gc,metaspace] GC(255) Metaspace: 18224K(18432K)->18224K(18432K) NonClass: 16396K(16576K)->16396K(16576K) Class: 1828K(1856K)->1828K(1856K)
[118.001s][info][gc          ] GC(255) Pause Young (Normal) (G1 Evacuation Pause) 865M->606M(978M) 100.744ms
[118.001s][info][gc,cpu      ] GC(255) User=0.20s Sys=0.00s Real=0.10s
[118.441s][info][gc,marking  ] GC(253) Concurrent Mark From Roots 1460.301ms
[118.441s][info][gc,marking  ] GC(253) Concurrent Preclean
[118.441s][info][gc,marking  ] GC(253) Concurrent Preclean 0.039ms
[118.442s][info][gc,start    ] GC(253) Pause Remark
[118.449s][info][gc          ] GC(253) Pause Remark 859M->848M(978M) 7.357ms
[118.449s][info][gc,cpu      ] GC(253) User=0.02s Sys=0.00s Real=0.01s
[118.450s][info][gc,marking  ] GC(253) Concurrent Mark 1469.155ms
[118.450s][info][gc,marking  ] GC(253) Concurrent Rebuild Remembered Sets and Scrub Regions
[118.479s][info][gc,start    ] GC(256) Pause Young (Normal) (G1 Evacuation Pause)
[118.479s][info][gc,task     ] GC(256) Using 2 workers of 2 for evacuation
[118.516s][info][gc,phases   ] GC(256)   Pre Evacuate Collection Set: 0.26ms
[118.516s][info][gc,phases   ] GC(256)   Merge Heap Roots: 0.26ms
[118.516s][info][gc,phases   ] GC(256)   Evacuate Collection Set: 35.65ms
[118.516s][info][gc,phases   ] GC(256)   Post Evacuate Collection Set: 0.48ms
[118.516s][info][gc,phases   ] GC(256)   Other: 0.08ms
[118.516s][info][gc,heap     ] GC(256) Eden regions: 271->0(289)
[118.516s][info][gc,heap     ] GC(256) Survivor regions: 24->5(37)
[118.516s][info][gc,heap     ] GC(256) Old regions: 563->587
[118.516s][info][gc,heap     ] GC(256) Humongous regions: 8->8
[118.516s][info][gc,metaspace] GC(256) Metaspace: 18228K(18432K)->18228K(18432K) NonClass: 16400K(16576K)->16400K(16576K) Class: 1828K(1856K)->1828K(1856K)
[118.516s][info][gc          ] GC(256) Pause Young (Normal) (G1 Evacuation Pause) 866M->599M(978M) 36.931ms
[118.516s][info][gc,cpu      ] GC(256) User=0.07s Sys=0.00s Real=0.04s
[119.034s][info][gc,marking  ] GC(253) Concurrent Rebuild Remembered Sets and Scrub Regions 583.983ms
[119.034s][info][gc,start    ] GC(253) Pause Cleanup
[119.035s][info][gc          ] GC(253) Pause Cleanup 842M->842M(978M) 0.116ms
[119.035s][info][gc,cpu      ] GC(253) User=0.00s Sys=0.00s Real=0.00s
[119.035s][info][gc,marking  ] GC(253) Concurrent Clear Claimed Marks
[119.035s][info][gc,marking  ] GC(253) Concurrent Clear Claimed Marks 0.029ms
[119.035s][info][gc,marking  ] GC(253) Concurrent Cleanup for Next Mark
[119.040s][info][gc,marking  ] GC(253) Concurrent Cleanup for Next Mark 5.416ms
[119.040s][info][gc          ] GC(253) Concurrent Mark Cycle 2163.008ms
[119.126s][info][gc,start    ] GC(257) Pause Young (Prepare Mixed) (G1 Evacuation Pause)
[119.126s][info][gc,task     ] GC(257) Using 2 workers of 2 for evacuation
[119.191s][info][gc,phases   ] GC(257)   Pre Evacuate Collection Set: 0.54ms
[119.191s][info][gc,phases   ] GC(257)   Merge Heap Roots: 0.50ms
[119.191s][info][gc,phases   ] GC(257)   Evacuate Collection Set: 63.23ms
[119.191s][info][gc,phases   ] GC(257)   Post Evacuate Collection Set: 0.58ms
[119.191s][info][gc,phases   ] GC(257)   Other: 0.09ms
[119.191s][info][gc,heap     ] GC(257) Eden regions: 289->0(250)
[119.191s][info][gc,heap     ] GC(257) Survivor regions: 5->37(37)
[119.191s][info][gc,heap     ] GC(257) Old regions: 587->594
[119.191s][info][gc,heap     ] GC(257) Humongous regions: 8->8
[119.191s][info][gc,metaspace] GC(257) Metaspace: 18230K(18432K)->18230K(18432K) NonClass: 16402K(16576K)->16402K(16576K) Class: 1828K(1856K)->1828K(1856K)
[119.191s][info][gc          ] GC(257) Pause Young (Prepare Mixed) (G1 Evacuation Pause) 888M->638M(978M) 65.228ms
[119.191s][info][gc,cpu      ] GC(257) User=0.13s Sys=0.00s Real=0.06s
[119.576s][info][gc,start    ] GC(258) Pause Young (Mixed) (G1 Evacuation Pause)
[119.576s][info][gc,task     ] GC(258) Using 2 workers of 2 for evacuation
[119.680s][info][gc,phases   ] GC(258)   Pre Evacuate Collection Set: 0.35ms
[119.680s][info][gc,phases   ] GC(258)   Merge Heap Roots: 0.30ms
[119.680s][info][gc,phases   ] GC(258)   Evacuate Collection Set: 101.52ms
[119.680s][info][gc,phases   ] GC(258)   Post Evacuate Collection Set: 1.05ms
[119.680s][info][gc,phases   ] GC(258)   Other: 0.08ms
[119.680s][info][gc,heap     ] GC(258) Eden regions: 250->0(204)
[119.680s][info][gc,heap     ] GC(258) Survivor regions: 37->36(36)
[119.680s][info][gc,heap     ] GC(258) Old regions: 594->638
[119.680s][info][gc,heap     ] GC(258) Humongous regions: 8->8
[119.680s][info][gc,metaspace] GC(258) Metaspace: 18233K(18432K)->18233K(18432K) NonClass: 16404K(16576K)->16404K(16576K) Class: 1828K(1856K)->1828K(1856K)
[119.680s][info][gc          ] GC(258) Pause Young (Mixed) (G1 Evacuation Pause) (Evacuation Failure: Allocation) 888M->682M(978M) 103.638ms
[119.680s][info][gc,cpu      ] GC(258) User=0.20s Sys=0.00s Real=0.10s
[119.966s][info][gc,start    ] GC(259) Pause Young (Concurrent Start) (G1 Evacuation Pause)
[119.966s][info][gc,task     ] GC(259) Using 2 workers of 2 for evacuation
[120.042s][info][gc,phases   ] GC(259)   Pre Evacuate Collection Set: 0.45ms
[120.042s][info][gc,phases   ] GC(259)   Merge Heap Roots: 0.40ms
[120.042s][info][gc,phases   ] GC(259)   Evacuate Collection Set: 74.34ms
[120.042s][info][gc,phases   ] GC(259)   Post Evacuate Collection Set: 0.59ms
[120.042s][info][gc,phases   ] GC(259)   Other: 0.18ms
[120.043s][info][gc,heap     ] GC(259) Eden regions: 204->0(176)
[120.043s][info][gc,heap     ] GC(259) Survivor regions: 36->30(30)
[120.043s][info][gc,heap     ] GC(259) Old regions: 638->677
[120.043s][info][gc,heap     ] GC(259) Humongous regions: 8->8
[120.043s][info][gc,metaspace] GC(259) Metaspace: 18236K(18432K)->18236K(18432K) NonClass: 16408K(16576K)->16408K(16576K) Class: 1828K(1856K)->1828K(1856K)
[120.043s][info][gc          ] GC(259) Pause Young (Concurrent Start) (G1 Evacuation Pause) 886M->715M(978M) 76.226ms
[120.043s][info][gc          ] GC(260) Concurrent Mark Cycle
[120.043s][info][gc,marking  ] GC(260) Concurrent Scan Root Regions
[120.043s][info][gc,cpu      ] GC(259) User=0.14s Sys=0.00s Real=0.07s
[120.141s][info][gc,marking  ] GC(260) Concurrent Scan Root Regions 98.606ms
[120.141s][info][gc,marking  ] GC(260) Concurrent Mark
[120.141s][info][gc,marking  ] GC(260) Concurrent Mark From Roots
[120.141s][info][gc,task     ] GC(260) Using 1 workers of 1 for marking
[120.440s][info][gc,start    ] GC(261) Pause Young (Normal) (G1 Evacuation Pause)
[120.440s][info][gc,task     ] GC(261) Using 2 workers of 2 for evacuation
[120.534s][info][gc,phases   ] GC(261)   Pre Evacuate Collection Set: 0.35ms
[120.534s][info][gc,phases   ] GC(261)   Merge Heap Roots: 0.57ms
[120.534s][info][gc,phases   ] GC(261)   Evacuate Collection Set: 91.69ms
[120.534s][info][gc,phases   ] GC(261)   Post Evacuate Collection Set: 0.60ms
[120.534s][info][gc,phases   ] GC(261)   Other: 0.10ms
[120.534s][info][gc,heap     ] GC(261) Eden regions: 176->0(139)
[120.534s][info][gc,heap     ] GC(261) Survivor regions: 30->26(26)
[120.534s][info][gc,heap     ] GC(261) Old regions: 677->720
[120.534s][info][gc,heap     ] GC(261) Humongous regions: 11->11
[120.534s][info][gc,metaspace] GC(261) Metaspace: 18237K(18432K)->18237K(18432K) NonClass: 16409K(16576K)->16409K(16576K) Class: 1828K(1856K)->1828K(1856K)
[120.534s][info][gc          ] GC(261) Pause Young (Normal) (G1 Evacuation Pause) 894M->757M(978M) 93.607ms
[120.534s][info][gc,cpu      ] GC(261) User=0.18s Sys=0.00s Real=0.09s
[120.845s][info][gc,start    ] GC(262) Pause Young (Normal) (G1 Evacuation Pause)
[120.845s][info][gc,task     ] GC(262) Using 2 workers of 2 for evacuation
[120.915s][info][gc,phases   ] GC(262)   Pre Evacuate Collection Set: 0.30ms
[120.915s][info][gc,phases   ] GC(262)   Merge Heap Roots: 0.37ms
[120.915s][info][gc,phases   ] GC(262)   Evacuate Collection Set: 68.27ms
[120.915s][info][gc,phases   ] GC(262)   Post Evacuate Collection Set: 0.42ms
[120.915s][info][gc,phases   ] GC(262)   Other: 0.08ms
[120.915s][info][gc,heap     ] GC(262) Eden regions: 139->0(129)
[120.915s][info][gc,heap     ] GC(262) Survivor regions: 26->19(21)
[120.915s][info][gc,heap     ] GC(262) Old regions: 720->747
[120.915s][info][gc,heap     ] GC(262) Humongous regions: 11->11
[120.915s][info][gc,metaspace] GC(262) Metaspace: 18237K(18432K)->18237K(18432K) NonClass: 16409K(16576K)->16409K(16576K) Class: 1828K(1856K)->1828K(1856K)
[120.915s][info][gc          ] GC(262) Pause Young (Normal) (G1 Evacuation Pause) 896M->776M(978M) 69.752ms
[120.915s][info][gc,cpu      ] GC(262) User=0.14s Sys=0.00s Real=0.07s
[121.087s][info][gc,start    ] GC(263) Pause Young (Normal) (G1 Evacuation Pause)
[121.087s][info][gc,task     ] GC(263) Using 2 workers of 2 for evacuation
[121.114s][info][gc,phases   ] GC(263)   Pre Evacuate Collection Set: 0.33ms
[121.114s][info][gc,phases   ] GC(263)   Merge Heap Roots: 0.15ms
[121.114s][info][gc,phases   ] GC(263)   Evacuate Collection Set: 26.26ms
[121.114s][info][gc,phases   ] GC(263)   Post Evacuate Collection Set: 0.52ms
[121.114s][info][gc,phases   ] GC(263)   Other: 0.09ms
[121.114s][info][gc,heap     ] GC(263) Eden regions: 129->0(136)
[121.114s][info][gc,heap     ] GC(263) Survivor regions: 19->3(19)
[121.114s][info][gc,heap     ] GC(263) Old regions: 747->766
[121.114s][info][gc,heap     ] GC(263) Humongous regions: 11->11
[121.114s][info][gc,metaspace] GC(263) Metaspace: 18237K(18432K)->18237K(18432K) NonClass: 16409K(16576K)->16409K(16576K) Class: 1828K(1856K)->1828K(1856K)
[121.114s][info][gc          ] GC(263) Pause Young (Normal) (G1 Evacuation Pause) 905M->779M(978M) 27.594ms
[121.114s][info][gc,cpu      ] GC(263) User=0.05s Sys=0.00s Real=0.03s
[121.387s][info][gc,start    ] GC(264) Pause Young (Normal) (G1 Evacuation Pause)
[121.387s][info][gc,task     ] GC(264) Using 2 workers of 2 for evacuation
[121.400s][info][gc,phases   ] GC(264)   Pre Evacuate Collection Set: 0.34ms
[121.400s][info][gc,phases   ] GC(264)   Merge Heap Roots: 0.22ms
[121.400s][info][gc,phases   ] GC(264)   Evacuate Collection Set: 11.07ms
[121.400s][info][gc,phases   ] GC(264)   Post Evacuate Collection Set: 0.38ms
[121.400s][info][gc,phases   ] GC(264)   Other: 0.12ms
[121.400s][info][gc,heap     ] GC(264) Eden regions: 136->0(143)
[121.400s][info][gc,heap     ] GC(264) Survivor regions: 3->4(18)
[121.400s][info][gc,heap     ] GC(264) Old regions: 766->766
[121.400s][info][gc,heap     ] GC(264) Humongous regions: 11->11
[121.400s][info][gc,metaspace] GC(264) Metaspace: 18237K(18432K)->18237K(18432K) NonClass: 16409K(16576K)->16409K(16576K) Class: 1828K(1856K)->1828K(1856K)
[121.400s][info][gc          ] GC(264) Pause Young (Normal) (G1 Evacuation Pause) 915M->780M(978M) 12.382ms
[121.400s][info][gc,cpu      ] GC(264) User=0.02s Sys=0.00s Real=0.01s
[121.687s][info][gc,start    ] GC(265) Pause Young (Normal) (G1 Evacuation Pause)
[121.687s][info][gc,task     ] GC(265) Using 2 workers of 2 for evacuation
[121.701s][info][gc,phases   ] GC(265)   Pre Evacuate Collection Set: 0.34ms
[121.701s][info][gc,phases   ] GC(265)   Merge Heap Roots: 0.16ms
[121.701s][info][gc,phases   ] GC(265)   Evacuate Collection Set: 13.11ms
[121.701s][info][gc,phases   ] GC(265)   Post Evacuate Collection Set: 0.41ms
[121.701s][info][gc,phases   ] GC(265)   Other: 0.08ms
[121.701s][info][gc,heap     ] GC(265) Eden regions: 143->0(135)
[121.701s][info][gc,heap     ] GC(265) Survivor regions: 4->8(19)
[121.701s][info][gc,heap     ] GC(265) Old regions: 766->766
[121.701s][info][gc,heap     ] GC(265) Humongous regions: 11->11
[121.701s][info][gc,metaspace] GC(265) Metaspace: 18237K(18432K)->18237K(18432K) NonClass: 16409K(16576K)->16409K(16576K) Class: 1828K(1856K)->1828K(1856K)
[121.701s][info][gc          ] GC(265) Pause Young (Normal) (G1 Evacuation Pause) 923M->784M(978M) 14.344ms
[121.701s][info][gc,cpu      ] GC(265) User=0.02s Sys=0.00s Real=0.01s
[121.729s][info][gc,marking  ] GC(260) Concurrent Mark From Roots 1587.889ms
[121.729s][info][gc,marking  ] GC(260) Concurrent Preclean
[121.729s][info][gc,marking  ] GC(260) Concurrent Preclean 0.029ms
[121.729s][info][gc,start    ] GC(260) Pause Remark
[121.737s][info][gc          ] GC(260) Pause Remark 793M->619M(978M) 7.931ms
[121.737s][info][gc,cpu      ] GC(260) User=0.01s Sys=0.00s Real=0.01s
[121.737s][info][gc,marking  ] GC(260) Concurrent Mark 1596.173ms
[121.738s][info][gc,marking  ] GC(260) Concurrent Rebuild Remembered Sets and Scrub Regions
[122.102s][info][gc,start    ] GC(266) Pause Young (Normal) (G1 Evacuation Pause)
[122.103s][info][gc,task     ] GC(266) Using 2 workers of 2 for evacuation
[122.139s][info][gc,phases   ] GC(266)   Pre Evacuate Collection Set: 0.34ms
[122.139s][info][gc,phases   ] GC(266)   Merge Heap Roots: 0.18ms
[122.139s][info][gc,phases   ] GC(266)   Evacuate Collection Set: 35.09ms
[122.139s][info][gc,phases   ] GC(266)   Post Evacuate Collection Set: 0.41ms
[122.139s][info][gc,phases   ] GC(266)   Other: 0.11ms
[122.139s][info][gc,heap     ] GC(266) Eden regions: 135->0(247)
[122.139s][info][gc,heap     ] GC(266) Survivor regions: 8->18(18)
[122.139s][info][gc,heap     ] GC(266) Old regions: 596->605
[122.139s][info][gc,heap     ] GC(266) Humongous regions: 7->7
[122.139s][info][gc,metaspace] GC(266) Metaspace: 18237K(18432K)->18237K(18432K) NonClass: 16409K(16576K)->16409K(16576K) Class: 1828K(1856K)->1828K(1856K)
[122.139s][info][gc          ] GC(266) Pause Young (Normal) (G1 Evacuation Pause) 745M->629M(978M) 36.427ms
[122.139s][info][gc,cpu      ] GC(266) User=0.07s Sys=0.00s Real=0.04s
[122.228s][info][gc,marking  ] GC(260) Concurrent Rebuild Remembered Sets and Scrub Regions 490.701ms
[122.228s][info][gc,start    ] GC(260) Pause Cleanup
[122.229s][info][gc          ] GC(260) Pause Cleanup 676M->676M(978M) 0.149ms
[122.229s][info][gc,cpu      ] GC(260) User=0.00s Sys=0.00s Real=0.00s
[122.229s][info][gc,marking  ] GC(260) Concurrent Clear Claimed Marks
[122.229s][info][gc,marking  ] GC(260) Concurrent Clear Claimed Marks 0.040ms
[122.229s][info][gc,marking  ] GC(260) Concurrent Cleanup for Next Mark
[122.236s][info][gc,marking  ] GC(260) Concurrent Cleanup for Next Mark 6.915ms
[122.236s][info][gc          ] GC(260) Concurrent Mark Cycle 2193.680ms
[122.667s][info][gc,start    ] GC(267) Pause Young (Prepare Mixed) (G1 Evacuation Pause)
[122.667s][info][gc,task     ] GC(267) Using 2 workers of 2 for evacuation
[122.753s][info][gc,phases   ] GC(267)   Pre Evacuate Collection Set: 0.31ms
[122.753s][info][gc,phases   ] GC(267)   Merge Heap Roots: 0.52ms
[122.753s][info][gc,phases   ] GC(267)   Evacuate Collection Set: 84.47ms
[122.753s][info][gc,phases   ] GC(267)   Post Evacuate Collection Set: 0.84ms
[122.753s][info][gc,phases   ] GC(267)   Other: 0.09ms
[122.753s][info][gc,heap     ] GC(267) Eden regions: 247->0(199)
[122.753s][info][gc,heap     ] GC(267) Survivor regions: 18->34(34)
[122.753s][info][gc,heap     ] GC(267) Old regions: 605->640
[122.753s][info][gc,heap     ] GC(267) Humongous regions: 7->7
[122.753s][info][gc,metaspace] GC(267) Metaspace: 18237K(18432K)->18237K(18432K) NonClass: 16409K(16576K)->16409K(16576K) Class: 1828K(1856K)->1828K(1856K)
[122.753s][info][gc          ] GC(267) Pause Young (Prepare Mixed) (G1 Evacuation Pause) 876M->680M(978M) 86.463ms
[122.753s][info][gc,cpu      ] GC(267) User=0.17s Sys=0.00s Real=0.08s
[123.057s][info][gc,start    ] GC(268) Pause Young (Mixed) (G1 Evacuation Pause)
[123.057s][info][gc,task     ] GC(268) Using 2 workers of 2 for evacuation
[123.178s][info][gc,phases   ] GC(268)   Pre Evacuate Collection Set: 0.56ms
[123.178s][info][gc,phases   ] GC(268)   Merge Heap Roots: 1.60ms
[123.178s][info][gc,phases   ] GC(268)   Evacuate Collection Set: 117.45ms
[123.178s][info][gc,phases   ] GC(268)   Post Evacuate Collection Set: 0.62ms
[123.178s][info][gc,phases   ] GC(268)   Other: 0.09ms
[123.178s][info][gc,heap     ] GC(268) Eden regions: 199->0(208)
[123.178s][info][gc,heap     ] GC(268) Survivor regions: 34->30(30)
[123.178s][info][gc,heap     ] GC(268) Old regions: 640->623
[123.178s][info][gc,heap     ] GC(268) Humongous regions: 7->7
[123.178s][info][gc,metaspace] GC(268) Metaspace: 18240K(18432K)->18240K(18432K) NonClass: 16411K(16576K)->16411K(16576K) Class: 1828K(1856K)->1828K(1856K)
[123.178s][info][gc          ] GC(268) Pause Young (Mixed) (G1 Evacuation Pause) 879M->659M(978M) 120.583ms
[123.178s][info][gc,cpu      ] GC(268) User=0.24s Sys=0.00s Real=0.12s
[123.362s][info][gc,start    ] GC(269) Pause Young (Concurrent Start) (G1 Humongous Allocation)
[123.362s][info][gc,task     ] GC(269) Using 2 workers of 2 for evacuation
[123.406s][info][gc,phases   ] GC(269)   Pre Evacuate Collection Set: 0.36ms
[123.406s][info][gc,phases   ] GC(269)   Merge Heap Roots: 0.23ms
[123.406s][info][gc,phases   ] GC(269)   Evacuate Collection Set: 42.63ms
[123.406s][info][gc,phases   ] GC(269)   Post Evacuate Collection Set: 0.54ms
[123.406s][info][gc,phases   ] GC(269)   Other: 0.13ms
[123.406s][info][gc,heap     ] GC(269) Eden regions: 91->0(217)
[123.406s][info][gc,heap     ] GC(269) Survivor regions: 30->7(30)
[123.406s][info][gc,heap     ] GC(269) Old regions: 623->653
[123.406s][info][gc,heap     ] GC(269) Humongous regions: 7->7
[123.406s][info][gc,metaspace] GC(269) Metaspace: 18240K(18432K)->18240K(18432K) NonClass: 16411K(16576K)->16411K(16576K) Class: 1828K(1856K)->1828K(1856K)
[123.406s][info][gc          ] GC(269) Pause Young (Concurrent Start) (G1 Humongous Allocation) 750M->667M(978M) 44.136ms
[123.406s][info][gc          ] GC(270) Concurrent Mark Cycle
[123.406s][info][gc,marking  ] GC(270) Concurrent Scan Root Regions
[123.406s][info][gc,cpu      ] GC(269) User=0.09s Sys=0.00s Real=0.05s
[123.463s][info][gc,marking  ] GC(270) Concurrent Scan Root Regions 57.061ms
[123.463s][info][gc,marking  ] GC(270) Concurrent Mark
[123.463s][info][gc,marking  ] GC(270) Concurrent Mark From Roots
[123.463s][info][gc,task     ] GC(270) Using 1 workers of 1 for marking
[123.835s][info][gc,start    ] GC(271) Pause Young (Normal) (G1 Evacuation Pause)
[123.835s][info][gc,task     ] GC(271) Using 2 workers of 2 for evacuation
[123.924s][info][gc,phases   ] GC(271)   Pre Evacuate Collection Set: 0.33ms
[123.924s][info][gc,phases   ] GC(271)   Merge Heap Roots: 0.35ms
[123.924s][info][gc,phases   ] GC(271)   Evacuate Collection Set: 87.20ms
[123.924s][info][gc,phases   ] GC(271)   Post Evacuate Collection Set: 0.65ms
[123.924s][info][gc,phases   ] GC(271)   Other: 0.08ms
[123.924s][info][gc,heap     ] GC(271) Eden regions: 217->0(172)
[123.924s][info][gc,heap     ] GC(271) Survivor regions: 7->28(28)
[123.924s][info][gc,heap     ] GC(271) Old regions: 653->682
[123.924s][info][gc,heap     ] GC(271) Humongous regions: 10->10
[123.924s][info][gc,metaspace] GC(271) Metaspace: 18240K(18432K)->18240K(18432K) NonClass: 16411K(16576K)->16411K(16576K) Class: 1828K(1856K)->1828K(1856K)
[123.924s][info][gc          ] GC(271) Pause Young (Normal) (G1 Evacuation Pause) 887M->720M(978M) 88.876ms
[123.924s][info][gc,cpu      ] GC(271) User=0.18s Sys=0.00s Real=0.09s
[124.199s][info][gc,start    ] GC(272) Pause Young (Normal) (G1 Evacuation Pause)
[124.199s][info][gc,task     ] GC(272) Using 2 workers of 2 for evacuation
[124.262s][info][gc,phases   ] GC(272)   Pre Evacuate Collection Set: 0.41ms
[124.262s][info][gc,phases   ] GC(272)   Merge Heap Roots: 0.51ms
[124.262s][info][gc,phases   ] GC(272)   Evacuate Collection Set: 61.31ms
[124.262s][info][gc,phases   ] GC(272)   Post Evacuate Collection Set: 0.59ms
[124.262s][info][gc,phases   ] GC(272)   Other: 0.12ms
[124.262s][info][gc,heap     ] GC(272) Eden regions: 172->0(177)
[124.262s][info][gc,heap     ] GC(272) Survivor regions: 28->6(25)
[124.262s][info][gc,heap     ] GC(272) Old regions: 682->711
[124.263s][info][gc,heap     ] GC(272) Humongous regions: 10->10
[124.263s][info][gc,metaspace] GC(272) Metaspace: 18240K(18432K)->18240K(18432K) NonClass: 16411K(16576K)->16411K(16576K) Class: 1828K(1856K)->1828K(1856K)
[124.263s][info][gc          ] GC(272) Pause Young (Normal) (G1 Evacuation Pause) 892M->726M(978M) 63.244ms
[124.263s][info][gc,cpu      ] GC(272) User=0.12s Sys=0.01s Real=0.06s
[124.674s][info][gc,start    ] GC(273) Pause Young (Normal) (G1 Evacuation Pause)
[124.674s][info][gc,task     ] GC(273) Using 2 workers of 2 for evacuation
[124.694s][info][gc,phases   ] GC(273)   Pre Evacuate Collection Set: 0.31ms
[124.694s][info][gc,phases   ] GC(273)   Merge Heap Roots: 0.26ms
[124.694s][info][gc,phases   ] GC(273)   Evacuate Collection Set: 19.31ms
[124.694s][info][gc,phases   ] GC(273)   Post Evacuate Collection Set: 0.46ms
[124.694s][info][gc,phases   ] GC(273)   Other: 0.09ms
[124.694s][info][gc,heap     ] GC(273) Eden regions: 177->0(182)
[124.694s][info][gc,heap     ] GC(273) Survivor regions: 6->10(23)
[124.694s][info][gc,heap     ] GC(273) Old regions: 711->711
[124.694s][info][gc,heap     ] GC(273) Humongous regions: 10->10
[124.694s][info][gc,metaspace] GC(273) Metaspace: 18240K(18432K)->18240K(18432K) NonClass: 16411K(16576K)->16411K(16576K) Class: 1828K(1856K)->1828K(1856K)
[124.694s][info][gc          ] GC(273) Pause Young (Normal) (G1 Evacuation Pause) 903M->730M(978M) 20.723ms
[124.694s][info][gc,cpu      ] GC(273) User=0.04s Sys=0.00s Real=0.03s
[125.101s][info][gc,marking  ] GC(270) Concurrent Mark From Roots 1637.980ms
[125.101s][info][gc,marking  ] GC(270) Concurrent Preclean
[125.101s][info][gc,marking  ] GC(270) Concurrent Preclean 0.035ms
[125.101s][info][gc,start    ] GC(270) Pause Remark
[125.109s][info][gc          ] GC(270) Pause Remark 908M->782M(978M) 7.507ms
[125.109s][info][gc,cpu      ] GC(270) User=0.01s Sys=0.00s Real=0.01s
[125.110s][info][gc,marking  ] GC(270) Concurrent Mark 1646.949ms
[125.110s][info][gc,marking  ] GC(270) Concurrent Rebuild Remembered Sets and Scrub Regions
[125.118s][info][gc,start    ] GC(274) Pause Young (Normal) (G1 Evacuation Pause)
[125.118s][info][gc,task     ] GC(274) Using 2 workers of 2 for evacuation
[125.149s][info][gc,phases   ] GC(274)   Pre Evacuate Collection Set: 0.29ms
[125.149s][info][gc,phases   ] GC(274)   Merge Heap Roots: 0.16ms
[125.149s][info][gc,phases   ] GC(274)   Evacuate Collection Set: 29.99ms
[125.149s][info][gc,phases   ] GC(274)   Post Evacuate Collection Set: 0.50ms
[125.149s][info][gc,phases   ] GC(274)   Other: 0.08ms
[125.149s][info][gc,heap     ] GC(274) Eden regions: 182->0(264)
[125.149s][info][gc,heap     ] GC(274) Survivor regions: 10->19(24)
[125.149s][info][gc,heap     ] GC(274) Old regions: 588->588
[125.149s][info][gc,heap     ] GC(274) Humongous regions: 7->7
[125.149s][info][gc,metaspace] GC(274) Metaspace: 18241K(18432K)->18241K(18432K) NonClass: 16412K(16576K)->16412K(16576K) Class: 1828K(1856K)->1828K(1856K)
[125.149s][info][gc          ] GC(274) Pause Young (Normal) (G1 Evacuation Pause) 786M->613M(978M) 31.243ms
[125.149s][info][gc,cpu      ] GC(274) User=0.06s Sys=0.00s Real=0.03s
[125.763s][info][gc,marking  ] GC(270) Concurrent Rebuild Remembered Sets and Scrub Regions 652.881ms
[125.763s][info][gc,start    ] GC(270) Pause Cleanup
[125.763s][info][gc          ] GC(270) Pause Cleanup 822M->822M(978M) 0.144ms
[125.763s][info][gc,cpu      ] GC(270) User=0.00s Sys=0.00s Real=0.00s
[125.764s][info][gc,marking  ] GC(270) Concurrent Clear Claimed Marks
[125.764s][info][gc,marking  ] GC(270) Concurrent Clear Claimed Marks 0.039ms
[125.764s][info][gc,marking  ] GC(270) Concurrent Cleanup for Next Mark
[125.767s][info][gc,marking  ] GC(270) Concurrent Cleanup for Next Mark 2.916ms
[125.767s][info][gc          ] GC(270) Concurrent Mark Cycle 2360.818ms
[126.007s][info][gc,start    ] GC(275) Pause Young (Prepare Mixed) (G1 Evacuation Pause)
[126.007s][info][gc,task     ] GC(275) Using 2 workers of 2 for evacuation
[126.060s][info][gc,phases   ] GC(275)   Pre Evacuate Collection Set: 0.33ms
[126.060s][info][gc,phases   ] GC(275)   Merge Heap Roots: 0.40ms
[126.060s][info][gc,phases   ] GC(275)   Evacuate Collection Set: 51.12ms
[126.060s][info][gc,phases   ] GC(275)   Post Evacuate Collection Set: 0.62ms
[126.060s][info][gc,phases   ] GC(275)   Other: 0.09ms
[126.060s][info][gc,heap     ] GC(275) Eden regions: 264->0(255)
[126.060s][info][gc,heap     ] GC(275) Survivor regions: 19->33(36)
[126.060s][info][gc,heap     ] GC(275) Old regions: 588->593
[126.060s][info][gc,heap     ] GC(275) Humongous regions: 7->7
[126.060s][info][gc,metaspace] GC(275) Metaspace: 18241K(18432K)->18241K(18432K) NonClass: 16413K(16576K)->16413K(16576K) Class: 1828K(1856K)->1828K(1856K)
[126.060s][info][gc          ] GC(275) Pause Young (Prepare Mixed) (G1 Evacuation Pause) 877M->632M(978M) 52.833ms
[126.060s][info][gc,cpu      ] GC(275) User=0.10s Sys=0.00s Real=0.05s
[126.702s][info][gc,start    ] GC(276) Pause Young (Mixed) (G1 Evacuation Pause)
[126.702s][info][gc,task     ] GC(276) Using 2 workers of 2 for evacuation
[126.764s][info][gc,phases   ] GC(276)   Pre Evacuate Collection Set: 0.34ms
[126.764s][info][gc,phases   ] GC(276)   Merge Heap Roots: 0.68ms
[126.764s][info][gc,phases   ] GC(276)   Evacuate Collection Set: 60.02ms
[126.764s][info][gc,phases   ] GC(276)   Post Evacuate Collection Set: 0.56ms
[126.764s][info][gc,phases   ] GC(276)   Other: 0.08ms
[126.764s][info][gc,heap     ] GC(276) Eden regions: 255->0(296)
[126.764s][info][gc,heap     ] GC(276) Survivor regions: 33->1(36)
[126.764s][info][gc,heap     ] GC(276) Old regions: 593->593
[126.764s][info][gc,heap     ] GC(276) Humongous regions: 7->7
[126.764s][info][gc,metaspace] GC(276) Metaspace: 18241K(18432K)->18241K(18432K) NonClass: 16413K(16576K)->16413K(16576K) Class: 1828K(1856K)->1828K(1856K)
[126.764s][info][gc          ] GC(276) Pause Young (Mixed) (G1 Evacuation Pause) 887M->600M(978M) 61.978ms
[126.764s][info][gc,cpu      ] GC(276) User=0.12s Sys=0.00s Real=0.06s
[127.159s][info][gc,start    ] GC(277) Pause Young (Concurrent Start) (G1 Evacuation Pause)
[127.159s][info][gc,task     ] GC(277) Using 2 workers of 2 for evacuation
[127.238s][info][gc,phases   ] GC(277)   Pre Evacuate Collection Set: 0.33ms
[127.238s][info][gc,phases   ] GC(277)   Merge Heap Roots: 0.14ms
[127.238s][info][gc,phases   ] GC(277)   Evacuate Collection Set: 76.93ms
[127.238s][info][gc,phases   ] GC(277)   Post Evacuate Collection Set: 1.04ms
[127.238s][info][gc,phases   ] GC(277)   Other: 0.11ms
[127.238s][info][gc,heap     ] GC(277) Eden regions: 296->0(212)
[127.238s][info][gc,heap     ] GC(277) Survivor regions: 1->38(38)
[127.238s][info][gc,heap     ] GC(277) Old regions: 593->632
[127.238s][info][gc,heap     ] GC(277) Humongous regions: 7->7
[127.238s][info][gc,metaspace] GC(277) Metaspace: 18244K(18432K)->18244K(18432K) NonClass: 16416K(16576K)->16416K(16576K) Class: 1828K(1856K)->1828K(1856K)
[127.238s][info][gc          ] GC(277) Pause Young (Concurrent Start) (G1 Evacuation Pause) 896M->677M(978M) 78.880ms
[127.238s][info][gc          ] GC(278) Concurrent Mark Cycle
[127.238s][info][gc,marking  ] GC(278) Concurrent Scan Root Regions
[127.238s][info][gc,cpu      ] GC(277) User=0.16s Sys=0.00s Real=0.08s
[127.316s][info][gc,marking  ] GC(278) Concurrent Scan Root Regions 77.712ms
[127.316s][info][gc,marking  ] GC(278) Concurrent Mark
[127.316s][info][gc,marking  ] GC(278) Concurrent Mark From Roots
[127.316s][info][gc,task     ] GC(278) Using 1 workers of 1 for marking
[127.678s][info][gc,start    ] GC(279) Pause Young (Normal) (G1 Evacuation Pause)
[127.678s][info][gc,task     ] GC(279) Using 2 workers of 2 for evacuation
[127.791s][info][gc,phases   ] GC(279)   Pre Evacuate Collection Set: 0.34ms
[127.791s][info][gc,phases   ] GC(279)   Merge Heap Roots: 0.41ms
[127.791s][info][gc,phases   ] GC(279)   Evacuate Collection Set: 110.67ms
[127.791s][info][gc,phases   ] GC(279)   Post Evacuate Collection Set: 0.63ms
[127.791s][info][gc,phases   ] GC(279)   Other: 0.11ms
[127.791s][info][gc,heap     ] GC(279) Eden regions: 212->0(175)
[127.791s][info][gc,heap     ] GC(279) Survivor regions: 38->32(32)
[127.791s][info][gc,heap     ] GC(279) Old regions: 632->675
[127.791s][info][gc,heap     ] GC(279) Humongous regions: 10->10
[127.791s][info][gc,metaspace] GC(279) Metaspace: 18244K(18432K)->18244K(18432K) NonClass: 16416K(16576K)->16416K(16576K) Class: 1828K(1856K)->1828K(1856K)
[127.791s][info][gc          ] GC(279) Pause Young (Normal) (G1 Evacuation Pause) 892M->716M(978M) 112.437ms
[127.791s][info][gc,cpu      ] GC(279) User=0.22s Sys=0.00s Real=0.11s
[128.165s][info][gc,start    ] GC(280) Pause Young (Normal) (G1 Evacuation Pause)
[128.165s][info][gc,task     ] GC(280) Using 2 workers of 2 for evacuation
[128.247s][info][gc,phases   ] GC(280)   Pre Evacuate Collection Set: 0.54ms
[128.248s][info][gc,phases   ] GC(280)   Merge Heap Roots: 0.34ms
[128.248s][info][gc,phases   ] GC(280)   Evacuate Collection Set: 81.13ms
[128.248s][info][gc,phases   ] GC(280)   Post Evacuate Collection Set: 0.50ms
[128.248s][info][gc,phases   ] GC(280)   Other: 0.11ms
[128.248s][info][gc,heap     ] GC(280) Eden regions: 175->0(158)
[128.248s][info][gc,heap     ] GC(280) Survivor regions: 32->26(26)
[128.248s][info][gc,heap     ] GC(280) Old regions: 675->707
[128.248s][info][gc,heap     ] GC(280) Humongous regions: 10->10
[128.248s][info][gc,metaspace] GC(280) Metaspace: 18244K(18432K)->18244K(18432K) NonClass: 16416K(16576K)->16416K(16576K) Class: 1828K(1856K)->1828K(1856K)
[128.248s][info][gc          ] GC(280) Pause Young (Normal) (G1 Evacuation Pause) 891M->742M(978M) 82.893ms
[128.248s][info][gc,cpu      ] GC(280) User=0.16s Sys=0.00s Real=0.08s
[128.504s][info][gc,start    ] GC(281) Pause Young (Normal) (G1 Evacuation Pause)
[128.504s][info][gc,task     ] GC(281) Using 2 workers of 2 for evacuation
[128.538s][info][gc,phases   ] GC(281)   Pre Evacuate Collection Set: 0.32ms
[128.539s][info][gc,phases   ] GC(281)   Merge Heap Roots: 0.20ms
[128.539s][info][gc,phases   ] GC(281)   Evacuate Collection Set: 33.05ms
[128.539s][info][gc,phases   ] GC(281)   Post Evacuate Collection Set: 0.44ms
[128.539s][info][gc,phases   ] GC(281)   Other: 0.10ms
[128.539s][info][gc,heap     ] GC(281) Eden regions: 158->0(168)
[128.539s][info][gc,heap     ] GC(281) Survivor regions: 26->1(23)
[128.539s][info][gc,heap     ] GC(281) Old regions: 707->733
[128.539s][info][gc,heap     ] GC(281) Humongous regions: 10->10
[128.539s][info][gc,metaspace] GC(281) Metaspace: 18244K(18432K)->18244K(18432K) NonClass: 16416K(16576K)->16416K(16576K) Class: 1828K(1856K)->1828K(1856K)
[128.539s][info][gc          ] GC(281) Pause Young (Normal) (G1 Evacuation Pause) 900M->743M(978M) 34.356ms
[128.539s][info][gc,cpu      ] GC(281) User=0.07s Sys=0.00s Real=0.03s
[128.880s][info][gc,start    ] GC(282) Pause Young (Normal) (G1 Evacuation Pause)
[128.880s][info][gc,task     ] GC(282) Using 2 workers of 2 for evacuation
[128.895s][info][gc,phases   ] GC(282)   Pre Evacuate Collection Set: 0.34ms
[128.895s][info][gc,phases   ] GC(282)   Merge Heap Roots: 0.22ms
[128.895s][info][gc,phases   ] GC(282)   Evacuate Collection Set: 13.70ms
[128.895s][info][gc,phases   ] GC(282)   Post Evacuate Collection Set: 0.41ms
[128.895s][info][gc,phases   ] GC(282)   Other: 0.14ms
[128.895s][info][gc,heap     ] GC(282) Eden regions: 168->0(172)
[128.895s][info][gc,heap     ] GC(282) Survivor regions: 1->6(22)
[128.895s][info][gc,heap     ] GC(282) Old regions: 733->733
[128.895s][info][gc,heap     ] GC(282) Humongous regions: 10->10
[128.895s][info][gc,metaspace] GC(282) Metaspace: 18244K(18432K)->18244K(18432K) NonClass: 16416K(16576K)->16416K(16576K) Class: 1828K(1856K)->1828K(1856K)
[128.895s][info][gc          ] GC(282) Pause Young (Normal) (G1 Evacuation Pause) 911M->748M(978M) 15.055ms
[128.895s][info][gc,cpu      ] GC(282) User=0.03s Sys=0.00s Real=0.02s
[129.278s][info][gc,start    ] GC(283) Pause Young (Normal) (G1 Evacuation Pause)
[129.278s][info][gc,task     ] GC(283) Using 2 workers of 2 for evacuation
[129.299s][info][gc,phases   ] GC(283)   Pre Evacuate Collection Set: 0.32ms
[129.299s][info][gc,phases   ] GC(283)   Merge Heap Roots: 0.16ms
[129.299s][info][gc,phases   ] GC(283)   Evacuate Collection Set: 20.28ms
[129.299s][info][gc,phases   ] GC(283)   Post Evacuate Collection Set: 0.45ms
[129.299s][info][gc,phases   ] GC(283)   Other: 0.11ms
[129.299s][info][gc,heap     ] GC(283) Eden regions: 172->0(155)
[129.299s][info][gc,heap     ] GC(283) Survivor regions: 6->15(23)
[129.299s][info][gc,heap     ] GC(283) Old regions: 733->733
[129.299s][info][gc,heap     ] GC(283) Humongous regions: 10->10
[129.299s][info][gc,metaspace] GC(283) Metaspace: 18244K(18432K)->18244K(18432K) NonClass: 16416K(16576K)->16416K(16576K) Class: 1828K(1856K)->1828K(1856K)
[129.299s][info][gc          ] GC(283) Pause Young (Normal) (G1 Evacuation Pause) 920M->757M(978M) 21.587ms
[129.299s][info][gc,cpu      ] GC(283) User=0.04s Sys=0.00s Real=0.02s
[129.462s][info][gc,marking  ] GC(278) Concurrent Mark From Roots 2146.470ms
[129.462s][info][gc,marking  ] GC(278) Concurrent Preclean
[129.463s][info][gc,marking  ] GC(278) Concurrent Preclean 0.058ms
[129.463s][info][gc,start    ] GC(278) Pause Remark
[129.470s][info][gc          ] GC(278) Pause Remark 789M->778M(978M) 7.783ms
[129.471s][info][gc,cpu      ] GC(278) User=0.01s Sys=0.00s Real=0.01s
[129.471s][info][gc,marking  ] GC(278) Concurrent Mark 2154.656ms
[129.471s][info][gc,marking  ] GC(278) Concurrent Rebuild Remembered Sets and Scrub Regions
[129.809s][info][gc,start    ] GC(284) Pause Young (Normal) (G1 Evacuation Pause)
[129.809s][info][gc,task     ] GC(284) Using 2 workers of 2 for evacuation
[129.863s][info][gc,phases   ] GC(284)   Pre Evacuate Collection Set: 0.32ms
[129.863s][info][gc,phases   ] GC(284)   Merge Heap Roots: 0.47ms
[129.863s][info][gc,phases   ] GC(284)   Evacuate Collection Set: 52.41ms
[129.863s][info][gc,phases   ] GC(284)   Post Evacuate Collection Set: 0.59ms
[129.863s][info][gc,phases   ] GC(284)   Other: 0.09ms
[129.863s][info][gc,heap     ] GC(284) Eden regions: 155->0(141)
[129.863s][info][gc,heap     ] GC(284) Survivor regions: 15->22(22)
[129.863s][info][gc,heap     ] GC(284) Old regions: 723->734
[129.863s][info][gc,heap     ] GC(284) Humongous regions: 9->9
[129.863s][info][gc,metaspace] GC(284) Metaspace: 18244K(18432K)->18244K(18432K) NonClass: 16416K(16576K)->16416K(16576K) Class: 1828K(1856K)->1828K(1856K)
[129.863s][info][gc          ] GC(284) Pause Young (Normal) (G1 Evacuation Pause) 901M->765M(978M) 54.243ms
[129.863s][info][gc,cpu      ] GC(284) User=0.11s Sys=0.00s Real=0.05s
[130.457s][info][gc,start    ] GC(285) Pause Young (Normal) (G1 Evacuation Pause)
[130.457s][info][gc,task     ] GC(285) Using 2 workers of 2 for evacuation
[130.500s][info][gc,phases   ] GC(285)   Pre Evacuate Collection Set: 0.30ms
[130.500s][info][gc,phases   ] GC(285)   Merge Heap Roots: 0.42ms
[130.500s][info][gc,phases   ] GC(285)   Evacuate Collection Set: 41.63ms
[130.500s][info][gc,phases   ] GC(285)   Post Evacuate Collection Set: 0.69ms
[130.500s][info][gc,phases   ] GC(285)   Other: 0.11ms
[130.500s][info][gc,heap     ] GC(285) Eden regions: 141->0(150)
[130.500s][info][gc,heap     ] GC(285) Survivor regions: 22->6(21)
[130.500s][info][gc,heap     ] GC(285) Old regions: 734->757
[130.500s][info][gc,heap     ] GC(285) Humongous regions: 9->9
[130.500s][info][gc,metaspace] GC(285) Metaspace: 18245K(18432K)->18245K(18432K) NonClass: 16416K(16576K)->16416K(16576K) Class: 1828K(1856K)->1828K(1856K)
[130.500s][info][gc          ] GC(285) Pause Young (Normal) (G1 Evacuation Pause) 906M->771M(978M) 43.393ms
[130.500s][info][gc,cpu      ] GC(285) User=0.09s Sys=0.00s Real=0.04s
[130.586s][info][gc,marking  ] GC(278) Concurrent Rebuild Remembered Sets and Scrub Regions 1115.611ms
[130.587s][info][gc,start    ] GC(278) Pause Cleanup
[130.587s][info][gc          ] GC(278) Pause Cleanup 812M->812M(978M) 0.154ms
[130.587s][info][gc,cpu      ] GC(278) User=0.00s Sys=0.00s Real=0.00s
[130.587s][info][gc,marking  ] GC(278) Concurrent Clear Claimed Marks
[130.587s][info][gc,marking  ] GC(278) Concurrent Clear Claimed Marks 0.041ms
[130.587s][info][gc,marking  ] GC(278) Concurrent Cleanup for Next Mark
[130.592s][info][gc,marking  ] GC(278) Concurrent Cleanup for Next Mark 5.015ms
[130.592s][info][gc          ] GC(278) Concurrent Mark Cycle 3353.969ms
[130.809s][info][gc,start    ] GC(286) Pause Young (Prepare Mixed) (G1 Evacuation Pause)
[130.809s][info][gc,task     ] GC(286) Using 2 workers of 2 for evacuation
[130.853s][info][gc,phases   ] GC(286)   Pre Evacuate Collection Set: 0.57ms
[130.853s][info][gc,phases   ] GC(286)   Merge Heap Roots: 0.47ms
[130.853s][info][gc,phases   ] GC(286)   Evacuate Collection Set: 42.11ms
[130.853s][info][gc,phases   ] GC(286)   Post Evacuate Collection Set: 0.66ms
[130.853s][info][gc,phases   ] GC(286)   Other: 0.11ms
[130.853s][info][gc,heap     ] GC(286) Eden regions: 150->0(122)
[130.853s][info][gc,heap     ] GC(286) Survivor regions: 6->20(20)
[130.853s][info][gc,heap     ] GC(286) Old regions: 757->757
[130.853s][info][gc,heap     ] GC(286) Humongous regions: 9->9
[130.853s][info][gc,metaspace] GC(286) Metaspace: 18247K(18432K)->18247K(18432K) NonClass: 16419K(16576K)->16419K(16576K) Class: 1828K(1856K)->1828K(1856K)
[130.853s][info][gc          ] GC(286) Pause Young (Prepare Mixed) (G1 Evacuation Pause) 921M->786M(978M) 44.195ms
[130.853s][info][gc,cpu      ] GC(286) User=0.09s Sys=0.00s Real=0.04s
[131.037s][info][gc,start    ] GC(287) Pause Young (Mixed) (G1 Evacuation Pause)
[131.037s][info][gc,task     ] GC(287) Using 2 workers of 2 for evacuation
[131.106s][info][gc,phases   ] GC(287)   Pre Evacuate Collection Set: 0.57ms
[131.106s][info][gc,phases   ] GC(287)   Merge Heap Roots: 0.75ms
[131.106s][info][gc,phases   ] GC(287)   Evacuate Collection Set: 66.78ms
[131.106s][info][gc,phases   ] GC(287)   Post Evacuate Collection Set: 1.31ms
[131.106s][info][gc,phases   ] GC(287)   Other: 0.11ms
[131.106s][info][gc,heap     ] GC(287) Eden regions: 122->0(32)
[131.106s][info][gc,heap     ] GC(287) Survivor regions: 20->16(18)
[131.107s][info][gc,heap     ] GC(287) Old regions: 757->760
[131.107s][info][gc,heap     ] GC(287) Humongous regions: 9->9
[131.107s][info][gc,metaspace] GC(287) Metaspace: 18247K(18432K)->18247K(18432K) NonClass: 16419K(16576K)->16419K(16576K) Class: 1828K(1856K)->1828K(1856K)
[131.107s][info][gc          ] GC(287) Pause Young (Mixed) (G1 Evacuation Pause) 908M->784M(978M) 69.744ms
[131.107s][info][gc,cpu      ] GC(287) User=0.13s Sys=0.00s Real=0.07s
[131.169s][info][gc,start    ] GC(288) Pause Young (Mixed) (G1 Evacuation Pause)
[131.169s][info][gc,task     ] GC(288) Using 2 workers of 2 for evacuation
[131.393s][info][gc,mmu      ] GC(288) MMU target violated: 201.0ms (200.0ms/201.0ms)
[131.393s][info][gc,phases   ] GC(288)   Pre Evacuate Collection Set: 0.55ms
[131.393s][info][gc,phases   ] GC(288)   Merge Heap Roots: 1.08ms
[131.393s][info][gc,phases   ] GC(288)   Evacuate Collection Set: 221.69ms
[131.393s][info][gc,phases   ] GC(288)   Post Evacuate Collection Set: 0.36ms
[131.393s][info][gc,phases   ] GC(288)   Other: 0.16ms
[131.393s][info][gc,heap     ] GC(288) Eden regions: 32->0(128)
[131.393s][info][gc,heap     ] GC(288) Survivor regions: 16->6(6)
[131.393s][info][gc,heap     ] GC(288) Old regions: 760->779
[131.393s][info][gc,heap     ] GC(288) Humongous regions: 9->9
[131.393s][info][gc,metaspace] GC(288) Metaspace: 18247K(18432K)->18247K(18432K) NonClass: 16419K(16576K)->16419K(16576K) Class: 1828K(1856K)->1828K(1856K)
[131.393s][info][gc          ] GC(288) Pause Young (Mixed) (G1 Evacuation Pause) 816M->794M(978M) 224.044ms
[131.393s][info][gc,cpu      ] GC(288) User=0.45s Sys=0.00s Real=0.22s
[131.578s][info][gc,start    ] GC(289) Pause Young (Concurrent Start) (G1 Evacuation Pause)
[131.578s][info][gc,task     ] GC(289) Using 2 workers of 2 for evacuation
[131.605s][info][gc,phases   ] GC(289)   Pre Evacuate Collection Set: 0.41ms
[131.605s][info][gc,phases   ] GC(289)   Merge Heap Roots: 0.20ms
[131.605s][info][gc,phases   ] GC(289)   Evacuate Collection Set: 24.92ms
[131.605s][info][gc,phases   ] GC(289)   Post Evacuate Collection Set: 0.49ms
[131.605s][info][gc,phases   ] GC(289)   Other: 0.12ms
[131.605s][info][gc,heap     ] GC(289) Eden regions: 128->0(106)
[131.605s][info][gc,heap     ] GC(289) Survivor regions: 6->17(17)
[131.605s][info][gc,heap     ] GC(289) Old regions: 779->779
[131.605s][info][gc,heap     ] GC(289) Humongous regions: 9->9
[131.605s][info][gc,metaspace] GC(289) Metaspace: 18247K(18432K)->18247K(18432K) NonClass: 16419K(16576K)->16419K(16576K) Class: 1828K(1856K)->1828K(1856K)
[131.605s][info][gc          ] GC(289) Pause Young (Concurrent Start) (G1 Evacuation Pause) 922M->805M(978M) 26.380ms
[131.605s][info][gc          ] GC(290) Concurrent Mark Cycle
[131.605s][info][gc,marking  ] GC(290) Concurrent Scan Root Regions
[131.607s][info][gc,cpu      ] GC(289) User=0.05s Sys=0.01s Real=0.03s
[131.637s][info][gc,marking  ] GC(290) Concurrent Scan Root Regions 32.609ms
[131.637s][info][gc,marking  ] GC(290) Concurrent Mark
[131.637s][info][gc,marking  ] GC(290) Concurrent Mark From Roots
[131.637s][info][gc,task     ] GC(290) Using 1 workers of 1 for marking
[131.808s][info][gc,start    ] GC(291) Pause Young (Normal) (G1 Evacuation Pause)
[131.808s][info][gc,task     ] GC(291) Using 2 workers of 2 for evacuation
[131.839s][info][gc,phases   ] GC(291)   Pre Evacuate Collection Set: 0.32ms
[131.839s][info][gc,phases   ] GC(291)   Merge Heap Roots: 0.19ms
[131.839s][info][gc,phases   ] GC(291)   Evacuate Collection Set: 30.11ms
[131.839s][info][gc,phases   ] GC(291)   Post Evacuate Collection Set: 0.42ms
[131.839s][info][gc,phases   ] GC(291)   Other: 0.09ms
[131.839s][info][gc,heap     ] GC(291) Eden regions: 106->0(111)
[131.839s][info][gc,heap     ] GC(291) Survivor regions: 17->6(16)
[131.839s][info][gc,heap     ] GC(291) Old regions: 779->796
[131.839s][info][gc,heap     ] GC(291) Humongous regions: 9->9
[131.839s][info][gc,metaspace] GC(291) Metaspace: 18248K(18432K)->18248K(18432K) NonClass: 16420K(16576K)->16420K(16576K) Class: 1828K(1856K)->1828K(1856K)
[131.839s][info][gc          ] GC(291) Pause Young (Normal) (G1 Evacuation Pause) 911M->811M(978M) 31.376ms
[131.839s][info][gc,cpu      ] GC(291) User=0.06s Sys=0.00s Real=0.03s
[132.164s][info][gc,start    ] GC(292) Pause Young (Normal) (G1 Evacuation Pause)
[132.164s][info][gc,task     ] GC(292) Using 2 workers of 2 for evacuation
[132.177s][info][gc,phases   ] GC(292)   Pre Evacuate Collection Set: 0.32ms
[132.177s][info][gc,phases   ] GC(292)   Merge Heap Roots: 0.12ms
[132.177s][info][gc,phases   ] GC(292)   Evacuate Collection Set: 11.97ms
[132.177s][info][gc,phases   ] GC(292)   Post Evacuate Collection Set: 0.39ms
[132.177s][info][gc,phases   ] GC(292)   Other: 0.08ms
[132.177s][info][gc,heap     ] GC(292) Eden regions: 111->0(103)
[132.177s][info][gc,heap     ] GC(292) Survivor regions: 6->10(15)
[132.177s][info][gc,heap     ] GC(292) Old regions: 796->796
[132.177s][info][gc,heap     ] GC(292) Humongous regions: 9->9
[132.177s][info][gc,metaspace] GC(292) Metaspace: 18250K(18432K)->18250K(18432K) NonClass: 16421K(16576K)->16421K(16576K) Class: 1828K(1856K)->1828K(1856K)
[132.177s][info][gc          ] GC(292) Pause Young (Normal) (G1 Evacuation Pause) 922M->814M(978M) 13.118ms
[132.177s][info][gc,cpu      ] GC(292) User=0.03s Sys=0.00s Real=0.02s
[132.645s][info][gc,start    ] GC(293) Pause Young (Normal) (G1 Evacuation Pause)
[132.645s][info][gc,task     ] GC(293) Using 2 workers of 2 for evacuation
[132.658s][info][gc,phases   ] GC(293)   Pre Evacuate Collection Set: 0.56ms
[132.658s][info][gc,phases   ] GC(293)   Merge Heap Roots: 0.10ms
[132.658s][info][gc,phases   ] GC(293)   Evacuate Collection Set: 11.11ms
[132.658s][info][gc,phases   ] GC(293)   Post Evacuate Collection Set: 0.38ms
[132.658s][info][gc,phases   ] GC(293)   Other: 0.12ms
[132.658s][info][gc,heap     ] GC(293) Eden regions: 103->0(109)
[132.658s][info][gc,heap     ] GC(293) Survivor regions: 10->4(15)
[132.658s][info][gc,heap     ] GC(293) Old regions: 796->802
[132.658s][info][gc,heap     ] GC(293) Humongous regions: 9->9
[132.658s][info][gc,metaspace] GC(293) Metaspace: 18250K(18432K)->18250K(18432K) NonClass: 16421K(16576K)->16421K(16576K) Class: 1828K(1856K)->1828K(1856K)
[132.658s][info][gc          ] GC(293) Pause Young (Normal) (G1 Evacuation Pause) 917M->815M(978M) 12.528ms
[132.658s][info][gc,cpu      ] GC(293) User=0.02s Sys=0.01s Real=0.01s
[132.980s][info][gc,marking  ] GC(290) Concurrent Mark From Roots 1342.446ms
[132.980s][info][gc,marking  ] GC(290) Concurrent Preclean
[132.980s][info][gc,marking  ] GC(290) Concurrent Preclean 0.033ms
[132.980s][info][gc,start    ] GC(290) Pause Remark
[132.989s][info][gc          ] GC(290) Pause Remark 883M->583M(978M) 8.587ms
[132.989s][info][gc,cpu      ] GC(290) User=0.02s Sys=0.00s Real=0.01s
[132.993s][info][gc,marking  ] GC(290) Concurrent Mark 1355.360ms
[132.993s][info][gc,marking  ] GC(290) Concurrent Rebuild Remembered Sets and Scrub Regions
[133.111s][info][gc,start    ] GC(294) Pause Young (Normal) (G1 Evacuation Pause)
[133.111s][info][gc,task     ] GC(294) Using 2 workers of 2 for evacuation
[133.119s][info][gc,phases   ] GC(294)   Pre Evacuate Collection Set: 0.56ms
[133.119s][info][gc,phases   ] GC(294)   Merge Heap Roots: 0.10ms
[133.119s][info][gc,phases   ] GC(294)   Evacuate Collection Set: 7.38ms
[133.119s][info][gc,phases   ] GC(294)   Post Evacuate Collection Set: 0.39ms
[133.119s][info][gc,phases   ] GC(294)   Other: 0.15ms
[133.119s][info][gc,heap     ] GC(294) Eden regions: 109->0(374)
[133.119s][info][gc,heap     ] GC(294) Survivor regions: 4->5(15)
[133.119s][info][gc,heap     ] GC(294) Old regions: 507->507
[133.119s][info][gc,heap     ] GC(294) Humongous regions: 4->4
[133.119s][info][gc,metaspace] GC(294) Metaspace: 18250K(18432K)->18250K(18432K) NonClass: 16421K(16576K)->16421K(16576K) Class: 1828K(1856K)->1828K(1856K)
[133.119s][info][gc          ] GC(294) Pause Young (Normal) (G1 Evacuation Pause) 624M->515M(978M) 8.863ms
[133.119s][info][gc,cpu      ] GC(294) User=0.01s Sys=0.01s Real=0.01s
[133.530s][info][gc,marking  ] GC(290) Concurrent Rebuild Remembered Sets and Scrub Regions 536.793ms
[133.530s][info][gc,start    ] GC(290) Pause Cleanup
[133.530s][info][gc          ] GC(290) Pause Cleanup 689M->689M(978M) 0.168ms
[133.530s][info][gc,cpu      ] GC(290) User=0.00s Sys=0.00s Real=0.00s
[133.530s][info][gc,marking  ] GC(290) Concurrent Clear Claimed Marks
[133.530s][info][gc,marking  ] GC(290) Concurrent Clear Claimed Marks 0.036ms
[133.530s][info][gc,marking  ] GC(290) Concurrent Cleanup for Next Mark
[133.533s][info][gc,marking  ] GC(290) Concurrent Cleanup for Next Mark 3.039ms
[133.533s][info][gc          ] GC(290) Concurrent Mark Cycle 1928.510ms
[133.739s][info][gc,start    ] GC(295) Pause Young (Prepare Mixed) (G1 Evacuation Pause)
[133.739s][info][gc,task     ] GC(295) Using 2 workers of 2 for evacuation
[133.833s][info][gc,phases   ] GC(295)   Pre Evacuate Collection Set: 0.57ms
[133.833s][info][gc,phases   ] GC(295)   Merge Heap Roots: 0.20ms
[133.833s][info][gc,phases   ] GC(295)   Evacuate Collection Set: 91.83ms
[133.833s][info][gc,phases   ] GC(295)   Post Evacuate Collection Set: 0.93ms
[133.833s][info][gc,phases   ] GC(295)   Other: 0.10ms
[133.833s][info][gc,heap     ] GC(295) Eden regions: 374->0(270)
[133.833s][info][gc,heap     ] GC(295) Survivor regions: 5->48(48)
[133.833s][info][gc,heap     ] GC(295) Old regions: 507->542
[133.833s][info][gc,heap     ] GC(295) Humongous regions: 4->4
[133.833s][info][gc,metaspace] GC(295) Metaspace: 18252K(18432K)->18252K(18432K) NonClass: 16424K(16576K)->16424K(16576K) Class: 1828K(1856K)->1828K(1856K)
[133.833s][info][gc          ] GC(295) Pause Young (Prepare Mixed) (G1 Evacuation Pause) 889M->594M(978M) 93.942ms
[133.833s][info][gc,cpu      ] GC(295) User=0.18s Sys=0.00s Real=0.09s
[134.328s][info][gc,start    ] GC(296) Pause Young (Mixed) (G1 Evacuation Pause)
[134.328s][info][gc,task     ] GC(296) Using 2 workers of 2 for evacuation
[134.458s][info][gc,phases   ] GC(296)   Pre Evacuate Collection Set: 0.57ms
[134.458s][info][gc,phases   ] GC(296)   Merge Heap Roots: 0.98ms
[134.458s][info][gc,phases   ] GC(296)   Evacuate Collection Set: 127.29ms
[134.458s][info][gc,phases   ] GC(296)   Post Evacuate Collection Set: 0.77ms
[134.458s][info][gc,phases   ] GC(296)   Other: 0.12ms
[134.458s][info][gc,heap     ] GC(296) Eden regions: 270->0(292)
[134.458s][info][gc,heap     ] GC(296) Survivor regions: 48->39(40)
[134.458s][info][gc,heap     ] GC(296) Old regions: 542->515
[134.458s][info][gc,heap     ] GC(296) Humongous regions: 7->7
[134.458s][info][gc,metaspace] GC(296) Metaspace: 18253K(18432K)->18253K(18432K) NonClass: 16424K(16576K)->16424K(16576K) Class: 1828K(1856K)->1828K(1856K)
[134.458s][info][gc          ] GC(296) Pause Young (Mixed) (G1 Evacuation Pause) 867M->561M(978M) 130.026ms
[134.458s][info][gc,cpu      ] GC(296) User=0.26s Sys=0.00s Real=0.13s
[134.751s][info][gc,start    ] GC(297) Pause Young (Mixed) (G1 Evacuation Pause)
[134.751s][info][gc,task     ] GC(297) Using 2 workers of 2 for evacuation
[134.881s][info][gc,phases   ] GC(297)   Pre Evacuate Collection Set: 0.35ms
[134.881s][info][gc,phases   ] GC(297)   Merge Heap Roots: 0.50ms
[134.881s][info][gc,phases   ] GC(297)   Evacuate Collection Set: 128.60ms
[134.881s][info][gc,phases   ] GC(297)   Post Evacuate Collection Set: 0.71ms
[134.881s][info][gc,phases   ] GC(297)   Other: 0.09ms
[134.881s][info][gc,heap     ] GC(297) Eden regions: 292->0(249)
[134.881s][info][gc,heap     ] GC(297) Survivor regions: 39->42(42)
[134.881s][info][gc,heap     ] GC(297) Old regions: 515->564
[134.881s][info][gc,heap     ] GC(297) Humongous regions: 7->7
[134.881s][info][gc,metaspace] GC(297) Metaspace: 18253K(18432K)->18253K(18432K) NonClass: 16424K(16576K)->16424K(16576K) Class: 1828K(1856K)->1828K(1856K)
[134.881s][info][gc          ] GC(297) Pause Young (Mixed) (G1 Evacuation Pause) 853M->612M(978M) 130.531ms
[134.882s][info][gc,cpu      ] GC(297) User=0.26s Sys=0.00s Real=0.13s
[135.049s][info][gc,start    ] GC(298) Pause Young (Concurrent Start) (G1 Evacuation Pause)
[135.049s][info][gc,task     ] GC(298) Using 2 workers of 2 for evacuation
[135.130s][info][gc,phases   ] GC(298)   Pre Evacuate Collection Set: 0.33ms
[135.130s][info][gc,phases   ] GC(298)   Merge Heap Roots: 0.36ms
[135.130s][info][gc,phases   ] GC(298)   Evacuate Collection Set: 80.25ms
[135.130s][info][gc,phases   ] GC(298)   Post Evacuate Collection Set: 0.61ms
[135.130s][info][gc,phases   ] GC(298)   Other: 0.11ms
[135.130s][info][gc,heap     ] GC(298) Eden regions: 249->0(235)
[135.130s][info][gc,heap     ] GC(298) Survivor regions: 42->27(37)
[135.130s][info][gc,heap     ] GC(298) Old regions: 564->606
[135.130s][info][gc,heap     ] GC(298) Humongous regions: 7->7
[135.131s][info][gc,metaspace] GC(298) Metaspace: 18253K(18432K)->18253K(18432K) NonClass: 16425K(16576K)->16425K(16576K) Class: 1828K(1856K)->1828K(1856K)
[135.131s][info][gc          ] GC(298) Pause Young (Concurrent Start) (G1 Evacuation Pause) 861M->639M(978M) 81.925ms
[135.131s][info][gc,cpu      ] GC(298) User=0.17s Sys=0.00s Real=0.08s
[135.131s][info][gc          ] GC(299) Concurrent Mark Cycle
[135.131s][info][gc,marking  ] GC(299) Concurrent Scan Root Regions
[135.206s][info][gc,marking  ] GC(299) Concurrent Scan Root Regions 74.981ms
[135.206s][info][gc,marking  ] GC(299) Concurrent Mark
[135.206s][info][gc,marking  ] GC(299) Concurrent Mark From Roots
[135.206s][info][gc,task     ] GC(299) Using 1 workers of 1 for marking
[135.619s][info][gc,start    ] GC(300) Pause Young (Normal) (G1 Evacuation Pause)
[135.619s][info][gc,task     ] GC(300) Using 2 workers of 2 for evacuation
[135.684s][info][gc,phases   ] GC(300)   Pre Evacuate Collection Set: 0.32ms
[135.685s][info][gc,phases   ] GC(300)   Merge Heap Roots: 0.54ms
[135.685s][info][gc,phases   ] GC(300)   Evacuate Collection Set: 63.61ms
[135.685s][info][gc,phases   ] GC(300)   Post Evacuate Collection Set: 0.57ms
[135.685s][info][gc,phases   ] GC(300)   Other: 0.09ms
[135.685s][info][gc,heap     ] GC(300) Eden regions: 235->0(224)
[135.685s][info][gc,heap     ] GC(300) Survivor regions: 27->21(33)
[135.685s][info][gc,heap     ] GC(300) Old regions: 606->632
[135.685s][info][gc,heap     ] GC(300) Humongous regions: 8->8
[135.685s][info][gc,metaspace] GC(300) Metaspace: 18253K(18432K)->18253K(18432K) NonClass: 16425K(16576K)->16425K(16576K) Class: 1828K(1856K)->1828K(1856K)
[135.685s][info][gc          ] GC(300) Pause Young (Normal) (G1 Evacuation Pause) 875M->660M(978M) 65.363ms
[135.685s][info][gc,cpu      ] GC(300) User=0.13s Sys=0.00s Real=0.07s
[136.359s][info][gc,start    ] GC(301) Pause Young (Normal) (G1 Evacuation Pause)
[136.359s][info][gc,task     ] GC(301) Using 2 workers of 2 for evacuation
[136.423s][info][gc,phases   ] GC(301)   Pre Evacuate Collection Set: 0.29ms
[136.423s][info][gc,phases   ] GC(301)   Merge Heap Roots: 0.37ms
[136.423s][info][gc,phases   ] GC(301)   Evacuate Collection Set: 62.84ms
[136.423s][info][gc,phases   ] GC(301)   Post Evacuate Collection Set: 0.50ms
[136.423s][info][gc,phases   ] GC(301)   Other: 0.11ms
[136.423s][info][gc,heap     ] GC(301) Eden regions: 224->0(211)
[136.423s][info][gc,heap     ] GC(301) Survivor regions: 21->23(31)
[136.423s][info][gc,heap     ] GC(301) Old regions: 632->653
[136.423s][info][gc,heap     ] GC(301) Humongous regions: 8->8
[136.424s][info][gc,metaspace] GC(301) Metaspace: 18253K(18432K)->18253K(18432K) NonClass: 16425K(16576K)->16425K(16576K) Class: 1828K(1856K)->1828K(1856K)
[136.424s][info][gc          ] GC(301) Pause Young (Normal) (G1 Evacuation Pause) 884M->683M(978M) 64.436ms
[136.424s][info][gc,cpu      ] GC(301) User=0.13s Sys=0.00s Real=0.06s
[136.510s][info][gc,marking  ] GC(299) Concurrent Mark From Roots 1304.424ms
[136.510s][info][gc,marking  ] GC(299) Concurrent Preclean
[136.510s][info][gc,marking  ] GC(299) Concurrent Preclean 0.037ms
[136.510s][info][gc,start    ] GC(299) Pause Remark
[136.518s][info][gc          ] GC(299) Pause Remark 708M->536M(978M) 7.782ms
[136.518s][info][gc,cpu      ] GC(299) User=0.01s Sys=0.00s Real=0.01s
[136.518s][info][gc,marking  ] GC(299) Concurrent Mark 1312.608ms
[136.518s][info][gc,marking  ] GC(299) Concurrent Rebuild Remembered Sets and Scrub Regions
[136.928s][info][gc,start    ] GC(302) Pause Young (Normal) (G1 Evacuation Pause)
[136.928s][info][gc,task     ] GC(302) Using 2 workers of 2 for evacuation
[136.986s][info][gc,phases   ] GC(302)   Pre Evacuate Collection Set: 0.31ms
[136.986s][info][gc,phases   ] GC(302)   Merge Heap Roots: 0.32ms
[136.986s][info][gc,phases   ] GC(302)   Evacuate Collection Set: 56.38ms
[136.986s][info][gc,phases   ] GC(302)   Post Evacuate Collection Set: 0.70ms
[136.986s][info][gc,phases   ] GC(302)   Other: 0.11ms
[136.986s][info][gc,heap     ] GC(302) Eden regions: 211->0(310)
[136.986s][info][gc,heap     ] GC(302) Survivor regions: 23->24(30)
[136.986s][info][gc,heap     ] GC(302) Old regions: 484->507
[136.986s][info][gc,heap     ] GC(302) Humongous regions: 5->5
[136.986s][info][gc,metaspace] GC(302) Metaspace: 18258K(18432K)->18258K(18432K) NonClass: 16429K(16576K)->16429K(16576K) Class: 1828K(1856K)->1828K(1856K)
[136.986s][info][gc          ] GC(302) Pause Young (Normal) (G1 Evacuation Pause) 722M->535M(978M) 58.059ms
[136.986s][info][gc,cpu      ] GC(302) User=0.12s Sys=0.00s Real=0.06s
[137.055s][info][gc,marking  ] GC(299) Concurrent Rebuild Remembered Sets and Scrub Regions 536.270ms
[137.055s][info][gc,start    ] GC(299) Pause Cleanup
[137.055s][info][gc          ] GC(299) Pause Cleanup 588M->588M(978M) 0.124ms
[137.055s][info][gc,cpu      ] GC(299) User=0.00s Sys=0.00s Real=0.00s
[137.055s][info][gc,marking  ] GC(299) Concurrent Clear Claimed Marks
[137.055s][info][gc,marking  ] GC(299) Concurrent Clear Claimed Marks 0.028ms
[137.055s][info][gc,marking  ] GC(299) Concurrent Cleanup for Next Mark
[137.058s][info][gc,marking  ] GC(299) Concurrent Cleanup for Next Mark 2.919ms
[137.058s][info][gc          ] GC(299) Concurrent Mark Cycle 1927.349ms
[137.605s][info][gc,start    ] GC(303) Pause Young (Prepare Mixed) (G1 Evacuation Pause)
[137.605s][info][gc,task     ] GC(303) Using 2 workers of 2 for evacuation
[137.666s][info][gc,phases   ] GC(303)   Pre Evacuate Collection Set: 0.30ms
[137.666s][info][gc,phases   ] GC(303)   Merge Heap Roots: 0.47ms
[137.666s][info][gc,phases   ] GC(303)   Evacuate Collection Set: 59.24ms
[137.666s][info][gc,phases   ] GC(303)   Post Evacuate Collection Set: 0.85ms
[137.666s][info][gc,phases   ] GC(303)   Other: 0.11ms
[137.666s][info][gc,heap     ] GC(303) Eden regions: 310->0(310)
[137.666s][info][gc,heap     ] GC(303) Survivor regions: 24->18(42)
[137.666s][info][gc,heap     ] GC(303) Old regions: 507->530
[137.666s][info][gc,heap     ] GC(303) Humongous regions: 5->5
[137.666s][info][gc,metaspace] GC(303) Metaspace: 18260K(18432K)->18260K(18432K) NonClass: 16431K(16576K)->16431K(16576K) Class: 1828K(1856K)->1828K(1856K)
[137.666s][info][gc          ] GC(303) Pause Young (Prepare Mixed) (G1 Evacuation Pause) 845M->552M(978M) 61.263ms
[137.666s][info][gc,cpu      ] GC(303) User=0.12s Sys=0.01s Real=0.06s
[138.461s][info][gc,start    ] GC(304) Pause Young (Mixed) (G1 Evacuation Pause)
[138.461s][info][gc,task     ] GC(304) Using 2 workers of 2 for evacuation
[138.503s][info][gc,phases   ] GC(304)   Pre Evacuate Collection Set: 0.36ms
[138.503s][info][gc,phases   ] GC(304)   Merge Heap Roots: 0.68ms
[138.503s][info][gc,phases   ] GC(304)   Evacuate Collection Set: 39.60ms
[138.503s][info][gc,phases   ] GC(304)   Post Evacuate Collection Set: 0.93ms
[138.503s][info][gc,phases   ] GC(304)   Other: 0.12ms
[138.503s][info][gc,heap     ] GC(304) Eden regions: 310->0(289)
[138.503s][info][gc,heap     ] GC(304) Survivor regions: 18->18(41)
[138.503s][info][gc,heap     ] GC(304) Old regions: 530->490
[138.503s][info][gc,heap     ] GC(304) Humongous regions: 5->5
[138.503s][info][gc,metaspace] GC(304) Metaspace: 18260K(18432K)->18260K(18432K) NonClass: 16432K(16576K)->16432K(16576K) Class: 1828K(1856K)->1828K(1856K)
[138.503s][info][gc          ] GC(304) Pause Young (Mixed) (G1 Evacuation Pause) 862M->512M(978M) 42.021ms
[138.503s][info][gc,cpu      ] GC(304) User=0.08s Sys=0.00s Real=0.04s
[138.906s][info][gc,start    ] GC(305) Pause Young (Mixed) (G1 Evacuation Pause)
[138.906s][info][gc,task     ] GC(305) Using 2 workers of 2 for evacuation
[139.113s][info][gc,mmu      ] GC(305) MMU target violated: 201.0ms (200.0ms/201.0ms)
[139.113s][info][gc,phases   ] GC(305)   Pre Evacuate Collection Set: 0.31ms
[139.113s][info][gc,phases   ] GC(305)   Merge Heap Roots: 0.69ms
[139.113s][info][gc,phases   ] GC(305)   Evacuate Collection Set: 204.24ms
[139.113s][info][gc,phases   ] GC(305)   Post Evacuate Collection Set: 0.91ms
[139.113s][info][gc,phases   ] GC(305)   Other: 0.16ms
[139.113s][info][gc,heap     ] GC(305) Eden regions: 279->0(287)
[139.113s][info][gc,heap     ] GC(305) Survivor regions: 18->38(38)
[139.113s][info][gc,heap     ] GC(305) Old regions: 490->529
[139.113s][info][gc,heap     ] GC(305) Humongous regions: 5->5
[139.113s][info][gc,metaspace] GC(305) Metaspace: 18260K(18432K)->18260K(18432K) NonClass: 16432K(16576K)->16432K(16576K) Class: 1828K(1856K)->1828K(1856K)
[139.113s][info][gc          ] GC(305) Pause Young (Mixed) (G1 Evacuation Pause) 791M->572M(978M) 206.509ms
[139.113s][info][gc,cpu      ] GC(305) User=0.41s Sys=0.00s Real=0.20s
[139.532s][info][gc,start    ] GC(306) Pause Young (Concurrent Start) (G1 Humongous Allocation)
[139.532s][info][gc,task     ] GC(306) Using 2 workers of 2 for evacuation
[139.620s][info][gc,phases   ] GC(306)   Pre Evacuate Collection Set: 0.38ms
[139.620s][info][gc,phases   ] GC(306)   Merge Heap Roots: 0.60ms
[139.620s][info][gc,phases   ] GC(306)   Evacuate Collection Set: 85.91ms
[139.620s][info][gc,phases   ] GC(306)   Post Evacuate Collection Set: 0.74ms
[139.620s][info][gc,phases   ] GC(306)   Other: 0.11ms
[139.620s][info][gc,heap     ] GC(306) Eden regions: 248->0(275)
[139.620s][info][gc,heap     ] GC(306) Survivor regions: 38->20(41)
[139.620s][info][gc,heap     ] GC(306) Old regions: 529->568
[139.620s][info][gc,heap     ] GC(306) Humongous regions: 5->5
[139.620s][info][gc,metaspace] GC(306) Metaspace: 18260K(18432K)->18260K(18432K) NonClass: 16432K(16576K)->16432K(16576K) Class: 1828K(1856K)->1828K(1856K)
[139.620s][info][gc          ] GC(306) Pause Young (Concurrent Start) (G1 Humongous Allocation) 819M->592M(978M) 88.003ms
[139.620s][info][gc,cpu      ] GC(306) User=0.18s Sys=0.00s Real=0.09s
[139.620s][info][gc          ] GC(307) Concurrent Mark Cycle
[139.620s][info][gc,marking  ] GC(307) Concurrent Scan Root Regions
[139.723s][info][gc,marking  ] GC(307) Concurrent Scan Root Regions 103.255ms
[139.723s][info][gc,marking  ] GC(307) Concurrent Mark
[139.723s][info][gc,marking  ] GC(307) Concurrent Mark From Roots
[139.723s][info][gc,task     ] GC(307) Using 1 workers of 1 for marking
[140.685s][info][gc,start    ] GC(308) Pause Young (Normal) (G1 Evacuation Pause)
[140.685s][info][gc,task     ] GC(308) Using 2 workers of 2 for evacuation
[140.774s][info][gc,phases   ] GC(308)   Pre Evacuate Collection Set: 0.32ms
[140.774s][info][gc,phases   ] GC(308)   Merge Heap Roots: 0.82ms
[140.774s][info][gc,phases   ] GC(308)   Evacuate Collection Set: 86.97ms
[140.774s][info][gc,phases   ] GC(308)   Post Evacuate Collection Set: 0.62ms
[140.774s][info][gc,phases   ] GC(308)   Other: 0.12ms
[140.774s][info][gc,heap     ] GC(308) Eden regions: 275->0(256)
[140.774s][info][gc,heap     ] GC(308) Survivor regions: 20->31(37)
[140.774s][info][gc,heap     ] GC(308) Old regions: 568->587
[140.774s][info][gc,heap     ] GC(308) Humongous regions: 8->8
[140.774s][info][gc,metaspace] GC(308) Metaspace: 18268K(18432K)->18268K(18432K) NonClass: 16440K(16576K)->16440K(16576K) Class: 1828K(1856K)->1828K(1856K)
[140.774s][info][gc          ] GC(308) Pause Young (Normal) (G1 Evacuation Pause) 870M->625M(978M) 89.165ms
[140.774s][info][gc,cpu      ] GC(308) User=0.18s Sys=0.00s Real=0.09s
[140.846s][info][gc,marking  ] GC(307) Concurrent Mark From Roots 1122.712ms
[140.846s][info][gc,marking  ] GC(307) Concurrent Preclean
[140.846s][info][gc,marking  ] GC(307) Concurrent Preclean 0.032ms
[140.846s][info][gc,start    ] GC(307) Pause Remark
[140.854s][info][gc          ] GC(307) Pause Remark 665M->511M(978M) 7.591ms
[140.854s][info][gc,cpu      ] GC(307) User=0.01s Sys=0.00s Real=0.00s
[140.855s][info][gc,marking  ] GC(307) Concurrent Mark 1131.527ms
[140.855s][info][gc,marking  ] GC(307) Concurrent Rebuild Remembered Sets and Scrub Regions
[141.212s][info][gc,start    ] GC(309) Pause Young (Normal) (G1 Evacuation Pause)
[141.212s][info][gc,task     ] GC(309) Using 2 workers of 2 for evacuation
[141.312s][info][gc,phases   ] GC(309)   Pre Evacuate Collection Set: 0.39ms
[141.312s][info][gc,phases   ] GC(309)   Merge Heap Roots: 0.53ms
[141.312s][info][gc,phases   ] GC(309)   Evacuate Collection Set: 98.07ms
[141.312s][info][gc,phases   ] GC(309)   Post Evacuate Collection Set: 0.68ms
[141.312s][info][gc,phases   ] GC(309)   Other: 0.11ms
[141.312s][info][gc,heap     ] GC(309) Eden regions: 256->0(304)
[141.312s][info][gc,heap     ] GC(309) Survivor regions: 31->36(36)
[141.312s][info][gc,heap     ] GC(309) Old regions: 435->485
[141.312s][info][gc,heap     ] GC(309) Humongous regions: 6->6
[141.312s][info][gc,metaspace] GC(309) Metaspace: 18268K(18432K)->18268K(18432K) NonClass: 16440K(16576K)->16440K(16576K) Class: 1828K(1856K)->1828K(1856K)
[141.312s][info][gc          ] GC(309) Pause Young (Normal) (G1 Evacuation Pause) 727M->526M(978M) 100.094ms
[141.312s][info][gc,cpu      ] GC(309) User=0.20s Sys=0.00s Real=0.10s
[141.367s][info][gc,marking  ] GC(307) Concurrent Rebuild Remembered Sets and Scrub Regions 511.771ms
[141.367s][info][gc,start    ] GC(307) Pause Cleanup
[141.367s][info][gc          ] GC(307) Pause Cleanup 559M->559M(978M) 0.129ms
[141.367s][info][gc,cpu      ] GC(307) User=0.00s Sys=0.00s Real=0.00s
[141.367s][info][gc,marking  ] GC(307) Concurrent Clear Claimed Marks
[141.367s][info][gc,marking  ] GC(307) Concurrent Clear Claimed Marks 0.035ms
[141.367s][info][gc,marking  ] GC(307) Concurrent Cleanup for Next Mark
[141.370s][info][gc,marking  ] GC(307) Concurrent Cleanup for Next Mark 3.020ms
[141.370s][info][gc          ] GC(307) Concurrent Mark Cycle 1750.460ms
[141.763s][info][gc,start    ] GC(310) Pause Young (Prepare Mixed) (G1 Evacuation Pause)
[141.763s][info][gc,task     ] GC(310) Using 2 workers of 2 for evacuation
[141.842s][info][gc,phases   ] GC(310)   Pre Evacuate Collection Set: 0.36ms
[141.842s][info][gc,phases   ] GC(310)   Merge Heap Roots: 0.38ms
[141.842s][info][gc,phases   ] GC(310)   Evacuate Collection Set: 77.34ms
[141.842s][info][gc,phases   ] GC(310)   Post Evacuate Collection Set: 0.69ms
[141.842s][info][gc,phases   ] GC(310)   Other: 0.09ms
[141.842s][info][gc,heap     ] GC(310) Eden regions: 304->0(300)
[141.842s][info][gc,heap     ] GC(310) Survivor regions: 36->20(43)
[141.842s][info][gc,heap     ] GC(310) Old regions: 485->521
[141.842s][info][gc,heap     ] GC(310) Humongous regions: 9->9
[141.842s][info][gc,metaspace] GC(310) Metaspace: 18268K(18432K)->18268K(18432K) NonClass: 16440K(16576K)->16440K(16576K) Class: 1828K(1856K)->1828K(1856K)
[141.842s][info][gc          ] GC(310) Pause Young (Prepare Mixed) (G1 Evacuation Pause) 833M->549M(978M) 79.135ms
[141.842s][info][gc,cpu      ] GC(310) User=0.15s Sys=0.00s Real=0.08s
[142.338s][info][gc,start    ] GC(311) Pause Young (Mixed) (G1 Evacuation Pause)
[142.338s][info][gc,task     ] GC(311) Using 2 workers of 2 for evacuation
[142.380s][info][gc,phases   ] GC(311)   Pre Evacuate Collection Set: 0.58ms
[142.380s][info][gc,phases   ] GC(311)   Merge Heap Roots: 0.38ms
[142.380s][info][gc,phases   ] GC(311)   Evacuate Collection Set: 40.36ms
[142.380s][info][gc,phases   ] GC(311)   Post Evacuate Collection Set: 0.71ms
[142.380s][info][gc,phases   ] GC(311)   Other: 0.10ms
[142.380s][info][gc,heap     ] GC(311) Eden regions: 300->0(337)
[142.380s][info][gc,heap     ] GC(311) Survivor regions: 20->20(40)
[142.380s][info][gc,heap     ] GC(311) Old regions: 521->501
[142.380s][info][gc,heap     ] GC(311) Humongous regions: 9->9
[142.380s][info][gc,metaspace] GC(311) Metaspace: 18268K(18432K)->18268K(18432K) NonClass: 16440K(16576K)->16440K(16576K) Class: 1828K(1856K)->1828K(1856K)
[142.380s][info][gc          ] GC(311) Pause Young (Mixed) (G1 Evacuation Pause) 849M->529M(978M) 42.430ms
[142.380s][info][gc,cpu      ] GC(311) User=0.09s Sys=0.00s Real=0.04s
[142.947s][info][gc,start    ] GC(312) Pause Young (Concurrent Start) (G1 Evacuation Pause)
[142.947s][info][gc,task     ] GC(312) Using 2 workers of 2 for evacuation
[142.988s][info][gc,phases   ] GC(312)   Pre Evacuate Collection Set: 0.34ms
[142.988s][info][gc,phases   ] GC(312)   Merge Heap Roots: 0.31ms
[142.988s][info][gc,phases   ] GC(312)   Evacuate Collection Set: 39.40ms
[142.988s][info][gc,phases   ] GC(312)   Post Evacuate Collection Set: 0.71ms
[142.988s][info][gc,phases   ] GC(312)   Other: 0.12ms
[142.988s][info][gc,heap     ] GC(312) Eden regions: 337->0(356)
[142.988s][info][gc,heap     ] GC(312) Survivor regions: 20->20(45)
[142.988s][info][gc,heap     ] GC(312) Old regions: 501->501
[142.988s][info][gc,heap     ] GC(312) Humongous regions: 9->9
[142.988s][info][gc,metaspace] GC(312) Metaspace: 18268K(18432K)->18268K(18432K) NonClass: 16440K(16576K)->16440K(16576K) Class: 1828K(1856K)->1828K(1856K)
[142.988s][info][gc          ] GC(312) Pause Young (Concurrent Start) (G1 Evacuation Pause) 866M->529M(978M) 41.170ms
[142.988s][info][gc,cpu      ] GC(312) User=0.08s Sys=0.00s Real=0.04s
[142.988s][info][gc          ] GC(313) Concurrent Mark Cycle
[142.988s][info][gc,marking  ] GC(313) Concurrent Scan Root Regions
[143.054s][info][gc,marking  ] GC(313) Concurrent Scan Root Regions 66.151ms
[143.054s][info][gc,marking  ] GC(313) Concurrent Mark
[143.054s][info][gc,marking  ] GC(313) Concurrent Mark From Roots
[143.054s][info][gc,task     ] GC(313) Using 1 workers of 1 for marking
[144.110s][info][gc,start    ] GC(314) Pause Young (Normal) (G1 Evacuation Pause)
[144.110s][info][gc,task     ] GC(314) Using 2 workers of 2 for evacuation
[144.187s][info][gc,phases   ] GC(314)   Pre Evacuate Collection Set: 0.31ms
[144.187s][info][gc,phases   ] GC(314)   Merge Heap Roots: 0.41ms
[144.187s][info][gc,phases   ] GC(314)   Evacuate Collection Set: 75.55ms
[144.187s][info][gc,phases   ] GC(314)   Post Evacuate Collection Set: 0.88ms
[144.187s][info][gc,phases   ] GC(314)   Other: 0.13ms
[144.187s][info][gc,heap     ] GC(314) Eden regions: 356->0(328)
[144.187s][info][gc,heap     ] GC(314) Survivor regions: 20->45(47)
[144.187s][info][gc,heap     ] GC(314) Old regions: 501->501
[144.187s][info][gc,heap     ] GC(314) Humongous regions: 9->9
[144.187s][info][gc,metaspace] GC(314) Metaspace: 18268K(18432K)->18268K(18432K) NonClass: 16440K(16576K)->16440K(16576K) Class: 1828K(1856K)->1828K(1856K)
[144.187s][info][gc          ] GC(314) Pause Young (Normal) (G1 Evacuation Pause) 885M->555M(978M) 77.627ms
[144.187s][info][gc,cpu      ] GC(314) User=0.15s Sys=0.01s Real=0.08s
[144.581s][info][gc,marking  ] GC(313) Concurrent Mark From Roots 1526.674ms
[144.581s][info][gc,marking  ] GC(313) Concurrent Preclean
[144.581s][info][gc,marking  ] GC(313) Concurrent Preclean 0.034ms
[144.581s][info][gc,start    ] GC(313) Pause Remark
[144.589s][info][gc          ] GC(313) Pause Remark 745M->743M(978M) 7.617ms
[144.589s][info][gc,cpu      ] GC(313) User=0.02s Sys=0.00s Real=0.01s
[144.591s][info][gc,marking  ] GC(313) Concurrent Mark 1537.040ms
[144.591s][info][gc,marking  ] GC(313) Concurrent Rebuild Remembered Sets and Scrub Regions
[144.847s][info][gc,start    ] GC(315) Pause Young (Normal) (G1 Evacuation Pause)
[144.848s][info][gc,task     ] GC(315) Using 2 workers of 2 for evacuation
[144.937s][info][gc,phases   ] GC(315)   Pre Evacuate Collection Set: 0.56ms
[144.937s][info][gc,phases   ] GC(315)   Merge Heap Roots: 0.72ms
[144.937s][info][gc,phases   ] GC(315)   Evacuate Collection Set: 86.86ms
[144.937s][info][gc,phases   ] GC(315)   Post Evacuate Collection Set: 0.79ms
[144.937s][info][gc,phases   ] GC(315)   Other: 0.10ms
[144.937s][info][gc,heap     ] GC(315) Eden regions: 328->0(330)
[144.937s][info][gc,heap     ] GC(315) Survivor regions: 45->13(47)
[144.937s][info][gc,heap     ] GC(315) Old regions: 501->546
[144.937s][info][gc,heap     ] GC(315) Humongous regions: 7->7
[144.937s][info][gc,metaspace] GC(315) Metaspace: 18268K(18432K)->18268K(18432K) NonClass: 16440K(16576K)->16440K(16576K) Class: 1828K(1856K)->1828K(1856K)
[144.937s][info][gc          ] GC(315) Pause Young (Normal) (G1 Evacuation Pause) 881M->566M(978M) 89.272ms
[144.937s][info][gc,cpu      ] GC(315) User=0.17s Sys=0.00s Real=0.09s
[145.194s][info][gc,marking  ] GC(313) Concurrent Rebuild Remembered Sets and Scrub Regions 602.799ms
[145.194s][info][gc,start    ] GC(313) Pause Cleanup
[145.194s][info][gc          ] GC(313) Pause Cleanup 742M->742M(978M) 0.109ms
[145.195s][info][gc,cpu      ] GC(313) User=0.00s Sys=0.00s Real=0.00s
[145.195s][info][gc,marking  ] GC(313) Concurrent Clear Claimed Marks
[145.195s][info][gc,marking  ] GC(313) Concurrent Clear Claimed Marks 0.029ms
[145.195s][info][gc,marking  ] GC(313) Concurrent Cleanup for Next Mark
[145.198s][info][gc,marking  ] GC(313) Concurrent Cleanup for Next Mark 2.935ms
[145.198s][info][gc          ] GC(313) Concurrent Mark Cycle 2209.501ms
[145.367s][info][gc,start    ] GC(316) Pause Young (Prepare Mixed) (G1 Evacuation Pause)
[145.367s][info][gc,task     ] GC(316) Using 2 workers of 2 for evacuation
[145.424s][info][gc,phases   ] GC(316)   Pre Evacuate Collection Set: 0.47ms
[145.424s][info][gc,phases   ] GC(316)   Merge Heap Roots: 0.83ms
[145.424s][info][gc,phases   ] GC(316)   Evacuate Collection Set: 55.20ms
[145.424s][info][gc,phases   ] GC(316)   Post Evacuate Collection Set: 0.77ms
[145.424s][info][gc,phases   ] GC(316)   Other: 0.14ms
[145.424s][info][gc,heap     ] GC(316) Eden regions: 330->0(323)
[145.424s][info][gc,heap     ] GC(316) Survivor regions: 13->26(43)
[145.424s][info][gc,heap     ] GC(316) Old regions: 546->546
[145.424s][info][gc,heap     ] GC(316) Humongous regions: 7->7
[145.425s][info][gc,metaspace] GC(316) Metaspace: 18272K(18432K)->18272K(18432K) NonClass: 16444K(16576K)->16444K(16576K) Class: 1828K(1856K)->1828K(1856K)
[145.425s][info][gc          ] GC(316) Pause Young (Prepare Mixed) (G1 Evacuation Pause) 896M->578M(978M) 57.687ms
[145.425s][info][gc,cpu      ] GC(316) User=0.12s Sys=0.00s Real=0.06s
[145.885s][info][gc,start    ] GC(317) Pause Young (Mixed) (G1 Evacuation Pause)
[145.885s][info][gc,task     ] GC(317) Using 2 workers of 2 for evacuation
[146.107s][info][gc,mmu      ] GC(317) MMU target violated: 201.0ms (200.0ms/201.0ms)
[146.107s][info][gc,phases   ] GC(317)   Pre Evacuate Collection Set: 0.43ms
[146.107s][info][gc,phases   ] GC(317)   Merge Heap Roots: 1.01ms
[146.107s][info][gc,phases   ] GC(317)   Evacuate Collection Set: 218.51ms
[146.107s][info][gc,phases   ] GC(317)   Post Evacuate Collection Set: 1.61ms
[146.107s][info][gc,phases   ] GC(317)   Other: 0.17ms
[146.107s][info][gc,heap     ] GC(317) Eden regions: 323->0(244)
[146.107s][info][gc,heap     ] GC(317) Survivor regions: 26->44(44)
[146.107s][info][gc,heap     ] GC(317) Old regions: 546->589
[146.107s][info][gc,heap     ] GC(317) Humongous regions: 7->7
[146.107s][info][gc,metaspace] GC(317) Metaspace: 18273K(18432K)->18273K(18432K) NonClass: 16445K(16576K)->16445K(16576K) Class: 1828K(1856K)->1828K(1856K)
[146.107s][info][gc          ] GC(317) Pause Young (Mixed) (G1 Evacuation Pause) (Evacuation Failure: Allocation) 901M->640M(978M) 221.959ms
[146.107s][info][gc,cpu      ] GC(317) User=0.44s Sys=0.00s Real=0.22s
[146.408s][info][gc,start    ] GC(318) Pause Young (Concurrent Start) (G1 Evacuation Pause)
[146.409s][info][gc,task     ] GC(318) Using 2 workers of 2 for evacuation
[146.483s][info][gc,phases   ] GC(318)   Pre Evacuate Collection Set: 0.52ms
[146.483s][info][gc,phases   ] GC(318)   Merge Heap Roots: 0.54ms
[146.483s][info][gc,phases   ] GC(318)   Evacuate Collection Set: 72.31ms
[146.483s][info][gc,phases   ] GC(318)   Post Evacuate Collection Set: 0.56ms
[146.483s][info][gc,phases   ] GC(318)   Other: 0.26ms
[146.483s][info][gc,heap     ] GC(318) Eden regions: 244->0(281)
[146.483s][info][gc,heap     ] GC(318) Survivor regions: 44->2(36)
[146.483s][info][gc,heap     ] GC(318) Old regions: 589->615
[146.483s][info][gc,heap     ] GC(318) Humongous regions: 7->7
[146.483s][info][gc,metaspace] GC(318) Metaspace: 18273K(18432K)->18273K(18432K) NonClass: 16445K(16576K)->16445K(16576K) Class: 1828K(1856K)->1828K(1856K)
[146.483s][info][gc          ] GC(318) Pause Young (Concurrent Start) (G1 Evacuation Pause) 884M->623M(978M) 74.455ms
[146.483s][info][gc,cpu      ] GC(318) User=0.14s Sys=0.00s Real=0.07s
[146.483s][info][gc          ] GC(319) Concurrent Mark Cycle
[146.483s][info][gc,marking  ] GC(319) Concurrent Scan Root Regions
[146.587s][info][gc,marking  ] GC(319) Concurrent Scan Root Regions 103.539ms
[146.587s][info][gc,marking  ] GC(319) Concurrent Mark
[146.587s][info][gc,marking  ] GC(319) Concurrent Mark From Roots
[146.587s][info][gc,task     ] GC(319) Using 1 workers of 1 for marking
[147.132s][info][gc,start    ] GC(320) Pause Young (Normal) (G1 Evacuation Pause)
[147.132s][info][gc,task     ] GC(320) Using 2 workers of 2 for evacuation
[147.154s][info][gc,phases   ] GC(320)   Pre Evacuate Collection Set: 0.56ms
[147.154s][info][gc,phases   ] GC(320)   Merge Heap Roots: 0.21ms
[147.155s][info][gc,phases   ] GC(320)   Evacuate Collection Set: 20.93ms
[147.155s][info][gc,phases   ] GC(320)   Post Evacuate Collection Set: 0.59ms
[147.155s][info][gc,phases   ] GC(320)   Other: 0.14ms
[147.155s][info][gc,heap     ] GC(320) Eden regions: 281->0(275)
[147.155s][info][gc,heap     ] GC(320) Survivor regions: 2->15(36)
[147.155s][info][gc,heap     ] GC(320) Old regions: 615->615
[147.155s][info][gc,heap     ] GC(320) Humongous regions: 7->7
[147.155s][info][gc,metaspace] GC(320) Metaspace: 18274K(18432K)->18274K(18432K) NonClass: 16445K(16576K)->16445K(16576K) Class: 1828K(1856K)->1828K(1856K)
[147.155s][info][gc          ] GC(320) Pause Young (Normal) (G1 Evacuation Pause) 904M->636M(978M) 22.701ms
[147.155s][info][gc,cpu      ] GC(320) User=0.04s Sys=0.00s Real=0.03s
[148.163s][info][gc,start    ] GC(321) Pause Young (Normal) (G1 Evacuation Pause)
[148.164s][info][gc,task     ] GC(321) Using 2 workers of 2 for evacuation
[148.205s][info][gc,phases   ] GC(321)   Pre Evacuate Collection Set: 0.31ms
[148.205s][info][gc,phases   ] GC(321)   Merge Heap Roots: 0.29ms
[148.205s][info][gc,phases   ] GC(321)   Evacuate Collection Set: 40.15ms
[148.205s][info][gc,phases   ] GC(321)   Post Evacuate Collection Set: 0.58ms
[148.205s][info][gc,phases   ] GC(321)   Other: 0.09ms
[148.205s][info][gc,heap     ] GC(321) Eden regions: 275->0(246)
[148.205s][info][gc,heap     ] GC(321) Survivor regions: 15->30(37)
[148.205s][info][gc,heap     ] GC(321) Old regions: 615->615
[148.205s][info][gc,heap     ] GC(321) Humongous regions: 7->7
[148.205s][info][gc,metaspace] GC(321) Metaspace: 18274K(18432K)->18274K(18432K) NonClass: 16446K(16576K)->16446K(16576K) Class: 1828K(1856K)->1828K(1856K)
[148.205s][info][gc          ] GC(321) Pause Young (Normal) (G1 Evacuation Pause) 911M->651M(978M) 41.723ms
[148.205s][info][gc,cpu      ] GC(321) User=0.08s Sys=0.00s Real=0.05s
[148.646s][info][gc,marking  ] GC(319) Concurrent Mark From Roots 2059.380ms
[148.646s][info][gc,marking  ] GC(319) Concurrent Preclean
[148.646s][info][gc,marking  ] GC(319) Concurrent Preclean 0.033ms
[148.646s][info][gc,start    ] GC(319) Pause Remark
[148.655s][info][gc          ] GC(319) Pause Remark 751M->751M(978M) 8.823ms
[148.655s][info][gc,cpu      ] GC(319) User=0.02s Sys=0.00s Real=0.01s
[148.655s][info][gc,marking  ] GC(319) Concurrent Mark 2068.677ms
[148.655s][info][gc,marking  ] GC(319) Concurrent Rebuild Remembered Sets and Scrub Regions
[149.216s][info][gc,start    ] GC(322) Pause Young (Normal) (G1 Evacuation Pause)
[149.216s][info][gc,task     ] GC(322) Using 2 workers of 2 for evacuation
[149.257s][info][gc,phases   ] GC(322)   Pre Evacuate Collection Set: 0.54ms
[149.257s][info][gc,phases   ] GC(322)   Merge Heap Roots: 0.25ms
[149.257s][info][gc,phases   ] GC(322)   Evacuate Collection Set: 39.73ms
[149.257s][info][gc,phases   ] GC(322)   Post Evacuate Collection Set: 0.54ms
[149.257s][info][gc,phases   ] GC(322)   Other: 0.09ms
[149.257s][info][gc,heap     ] GC(322) Eden regions: 246->0(260)
[149.257s][info][gc,heap     ] GC(322) Survivor regions: 30->16(35)
[149.257s][info][gc,heap     ] GC(322) Old regions: 615->629
[149.257s][info][gc,heap     ] GC(322) Humongous regions: 7->7
[149.257s][info][gc,metaspace] GC(322) Metaspace: 18274K(18432K)->18274K(18432K) NonClass: 16446K(16576K)->16446K(16576K) Class: 1828K(1856K)->1828K(1856K)
[149.257s][info][gc          ] GC(322) Pause Young (Normal) (G1 Evacuation Pause) 897M->652M(978M) 41.405ms
[149.257s][info][gc,cpu      ] GC(322) User=0.08s Sys=0.00s Real=0.04s
[149.373s][info][gc,marking  ] GC(319) Concurrent Rebuild Remembered Sets and Scrub Regions 717.399ms
[149.373s][info][gc,start    ] GC(319) Pause Cleanup
[149.373s][info][gc          ] GC(319) Pause Cleanup 676M->676M(978M) 0.116ms
[149.373s][info][gc,cpu      ] GC(319) User=0.00s Sys=0.00s Real=0.00s
[149.375s][info][gc,marking  ] GC(319) Concurrent Clear Claimed Marks
[149.375s][info][gc,marking  ] GC(319) Concurrent Clear Claimed Marks 0.049ms
[149.375s][info][gc,marking  ] GC(319) Concurrent Cleanup for Next Mark
[149.378s][info][gc,marking  ] GC(319) Concurrent Cleanup for Next Mark 3.010ms
[149.378s][info][gc          ] GC(319) Concurrent Mark Cycle 2895.463ms
[149.983s][info][gc,start    ] GC(323) Pause Young (Prepare Mixed) (G1 Evacuation Pause)
[149.983s][info][gc,task     ] GC(323) Using 2 workers of 2 for evacuation
[150.006s][info][gc,phases   ] GC(323)   Pre Evacuate Collection Set: 0.58ms
[150.006s][info][gc,phases   ] GC(323)   Merge Heap Roots: 0.19ms
[150.006s][info][gc,phases   ] GC(323)   Evacuate Collection Set: 22.06ms
[150.006s][info][gc,phases   ] GC(323)   Post Evacuate Collection Set: 0.59ms
[150.006s][info][gc,phases   ] GC(323)   Other: 0.09ms
[150.006s][info][gc,heap     ] GC(323) Eden regions: 260->0(256)
[150.006s][info][gc,heap     ] GC(323) Survivor regions: 16->18(35)
[150.006s][info][gc,heap     ] GC(323) Old regions: 629->629
[150.006s][info][gc,heap     ] GC(323) Humongous regions: 7->7
[150.006s][info][gc,metaspace] GC(323) Metaspace: 18274K(18432K)->18274K(18432K) NonClass: 16446K(16576K)->16446K(16576K) Class: 1828K(1856K)->1828K(1856K)
[150.007s][info][gc          ] GC(323) Pause Young (Prepare Mixed) (G1 Evacuation Pause) 912M->654M(978M) 23.770ms
[150.007s][info][gc,cpu      ] GC(323) User=0.04s Sys=0.00s Real=0.03s
[150.421s][info][gc,start    ] GC(324) Pause Young (Mixed) (G1 Evacuation Pause)
[150.422s][info][gc,task     ] GC(324) Using 2 workers of 2 for evacuation
[150.525s][info][gc,phases   ] GC(324)   Pre Evacuate Collection Set: 0.57ms
[150.525s][info][gc,phases   ] GC(324)   Merge Heap Roots: 0.21ms
[150.525s][info][gc,phases   ] GC(324)   Evacuate Collection Set: 94.79ms
[150.525s][info][gc,phases   ] GC(324)   Post Evacuate Collection Set: 7.71ms
[150.525s][info][gc,phases   ] GC(324)   Other: 0.09ms
[150.525s][info][gc,heap     ] GC(324) Eden regions: 256->0(121)
[150.525s][info][gc,heap     ] GC(324) Survivor regions: 18->35(35)
[150.525s][info][gc,heap     ] GC(324) Old regions: 629->730
[150.525s][info][gc,heap     ] GC(324) Humongous regions: 7->7
[150.525s][info][gc,metaspace] GC(324) Metaspace: 18274K(18432K)->18274K(18432K) NonClass: 16446K(16576K)->16446K(16576K) Class: 1828K(1856K)->1828K(1856K)
[150.525s][info][gc          ] GC(324) Pause Young (Mixed) (G1 Evacuation Pause) (Evacuation Failure: Allocation) 910M->772M(978M) 103.633ms
[150.525s][info][gc,cpu      ] GC(324) User=0.21s Sys=0.00s Real=0.11s
[150.748s][info][gc,start    ] GC(325) Pause Young (Concurrent Start) (G1 Evacuation Pause)
[150.749s][info][gc,task     ] GC(325) Using 2 workers of 2 for evacuation
[150.811s][info][gc,phases   ] GC(325)   Pre Evacuate Collection Set: 0.42ms
[150.811s][info][gc,phases   ] GC(325)   Merge Heap Roots: 0.38ms
[150.811s][info][gc,phases   ] GC(325)   Evacuate Collection Set: 60.67ms
[150.811s][info][gc,phases   ] GC(325)   Post Evacuate Collection Set: 0.55ms
[150.811s][info][gc,phases   ] GC(325)   Other: 0.12ms
[150.811s][info][gc,heap     ] GC(325) Eden regions: 121->0(202)
[150.811s][info][gc,heap     ] GC(325) Survivor regions: 35->3(20)
[150.811s][info][gc,heap     ] GC(325) Old regions: 730->710
[150.811s][info][gc,heap     ] GC(325) Humongous regions: 7->7
[150.811s][info][gc,metaspace] GC(325) Metaspace: 18274K(18432K)->18274K(18432K) NonClass: 16446K(16576K)->16446K(16576K) Class: 1828K(1856K)->1828K(1856K)
[150.811s][info][gc          ] GC(325) Pause Young (Concurrent Start) (G1 Evacuation Pause) 893M->720M(978M) 62.429ms
[150.811s][info][gc          ] GC(326) Concurrent Mark Cycle
[150.811s][info][gc,marking  ] GC(326) Concurrent Scan Root Regions
[150.811s][info][gc,cpu      ] GC(325) User=0.12s Sys=0.00s Real=0.06s
[150.879s][info][gc,marking  ] GC(326) Concurrent Scan Root Regions 68.118ms
[150.879s][info][gc,marking  ] GC(326) Concurrent Mark
[150.879s][info][gc,marking  ] GC(326) Concurrent Mark From Roots
[150.879s][info][gc,task     ] GC(326) Using 1 workers of 1 for marking
[151.529s][info][gc,start    ] GC(327) Pause Young (Normal) (G1 Evacuation Pause)
[151.529s][info][gc,task     ] GC(327) Using 2 workers of 2 for evacuation
[151.575s][info][gc,phases   ] GC(327)   Pre Evacuate Collection Set: 0.33ms
[151.575s][info][gc,phases   ] GC(327)   Merge Heap Roots: 0.35ms
[151.575s][info][gc,phases   ] GC(327)   Evacuate Collection Set: 44.64ms
[151.575s][info][gc,phases   ] GC(327)   Post Evacuate Collection Set: 0.58ms
[151.575s][info][gc,phases   ] GC(327)   Other: 0.11ms
[151.575s][info][gc,heap     ] GC(327) Eden regions: 202->0(164)
[151.575s][info][gc,heap     ] GC(327) Survivor regions: 3->22(26)
[151.575s][info][gc,heap     ] GC(327) Old regions: 710->710
[151.575s][info][gc,heap     ] GC(327) Humongous regions: 10->10
[151.575s][info][gc,metaspace] GC(327) Metaspace: 18274K(18432K)->18274K(18432K) NonClass: 16446K(16576K)->16446K(16576K) Class: 1828K(1856K)->1828K(1856K)
[151.575s][info][gc          ] GC(327) Pause Young (Normal) (G1 Evacuation Pause) 925M->741M(978M) 46.280ms
[151.575s][info][gc,cpu      ] GC(327) User=0.09s Sys=0.00s Real=0.05s
[152.066s][info][gc,marking  ] GC(326) Concurrent Mark From Roots 1186.443ms
[152.066s][info][gc,marking  ] GC(326) Concurrent Preclean
[152.066s][info][gc,marking  ] GC(326) Concurrent Preclean 0.033ms
[152.066s][info][gc,start    ] GC(326) Pause Remark
[152.255s][info][gc          ] GC(326) Pause Remark 871M->830M(978M) 189.288ms
[152.255s][info][gc,cpu      ] GC(326) User=0.37s Sys=0.00s Real=0.19s
[152.255s][info][gc,marking  ] GC(326) Concurrent Mark 1376.210ms
[152.255s][info][gc,marking  ] GC(326) Concurrent Rebuild Remembered Sets and Scrub Regions
[152.362s][info][gc,start    ] GC(328) Pause Young (Normal) (G1 Evacuation Pause)
[152.362s][info][gc,task     ] GC(328) Using 2 workers of 2 for evacuation
[152.410s][info][gc,phases   ] GC(328)   Pre Evacuate Collection Set: 0.33ms
[152.410s][info][gc,phases   ] GC(328)   Merge Heap Roots: 0.33ms
[152.410s][info][gc,phases   ] GC(328)   Evacuate Collection Set: 46.00ms
[152.410s][info][gc,phases   ] GC(328)   Post Evacuate Collection Set: 0.42ms
[152.410s][info][gc,phases   ] GC(328)   Other: 0.12ms
[152.410s][info][gc,heap     ] GC(328) Eden regions: 164->0(218)
[152.410s][info][gc,heap     ] GC(328) Survivor regions: 22->3(24)
[152.410s][info][gc,heap     ] GC(328) Old regions: 670->692
[152.410s][info][gc,heap     ] GC(328) Humongous regions: 9->9
[152.410s][info][gc,metaspace] GC(328) Metaspace: 18274K(18432K)->18274K(18432K) NonClass: 16446K(16576K)->16446K(16576K) Class: 1828K(1856K)->1828K(1856K)
[152.410s][info][gc          ] GC(328) Pause Young (Normal) (G1 Evacuation Pause) 864M->703M(978M) 47.495ms
[152.410s][info][gc,cpu      ] GC(328) User=0.10s Sys=0.00s Real=0.05s
[152.690s][info][gc,start    ] GC(329) Pause Young (Normal) (G1 Evacuation Pause)
[152.690s][info][gc,task     ] GC(329) Using 2 workers of 2 for evacuation
[152.760s][info][gc,phases   ] GC(329)   Pre Evacuate Collection Set: 0.56ms
[152.760s][info][gc,phases   ] GC(329)   Merge Heap Roots: 0.11ms
[152.760s][info][gc,phases   ] GC(329)   Evacuate Collection Set: 65.23ms
[152.760s][info][gc,phases   ] GC(329)   Post Evacuate Collection Set: 3.80ms
[152.760s][info][gc,phases   ] GC(329)   Other: 0.09ms
[152.760s][info][gc,heap     ] GC(329) Eden regions: 218->0(108)
[152.760s][info][gc,heap     ] GC(329) Survivor regions: 3->28(28)
[152.760s][info][gc,heap     ] GC(329) Old regions: 692->755
[152.760s][info][gc,heap     ] GC(329) Humongous regions: 9->9
[152.760s][info][gc,metaspace] GC(329) Metaspace: 18274K(18432K)->18274K(18432K) NonClass: 16446K(16576K)->16446K(16576K) Class: 1828K(1856K)->1828K(1856K)
[152.760s][info][gc          ] GC(329) Pause Young (Normal) (G1 Evacuation Pause) (Evacuation Failure: Allocation) 921M->792M(978M) 70.106ms
[152.760s][info][gc,cpu      ] GC(329) User=0.14s Sys=0.00s Real=0.07s
[153.010s][info][gc,marking  ] GC(326) Concurrent Rebuild Remembered Sets and Scrub Regions 754.885ms
[153.010s][info][gc,start    ] GC(326) Pause Cleanup
[153.011s][info][gc          ] GC(326) Pause Cleanup 896M->896M(978M) 0.140ms
[153.011s][info][gc,cpu      ] GC(326) User=0.00s Sys=0.00s Real=0.00s
[153.012s][info][gc,marking  ] GC(326) Concurrent Clear Claimed Marks
[153.012s][info][gc,marking  ] GC(326) Concurrent Clear Claimed Marks 0.039ms
[153.012s][info][gc,marking  ] GC(326) Concurrent Cleanup for Next Mark
[153.016s][info][gc,marking  ] GC(326) Concurrent Cleanup for Next Mark 4.555ms
[153.016s][info][gc          ] GC(326) Concurrent Mark Cycle 2205.345ms
[153.022s][info][gc,start    ] GC(330) Pause Young (Prepare Mixed) (G1 Evacuation Pause)
[153.022s][info][gc,task     ] GC(330) Using 2 workers of 2 for evacuation
[153.081s][info][gc,phases   ] GC(330)   Pre Evacuate Collection Set: 0.35ms
[153.081s][info][gc,phases   ] GC(330)   Merge Heap Roots: 0.35ms
[153.081s][info][gc,phases   ] GC(330)   Evacuate Collection Set: 57.59ms
[153.081s][info][gc,phases   ] GC(330)   Post Evacuate Collection Set: 0.49ms
[153.081s][info][gc,phases   ] GC(330)   Other: 0.09ms
[153.081s][info][gc,heap     ] GC(330) Eden regions: 108->0(128)
[153.081s][info][gc,heap     ] GC(330) Survivor regions: 28->16(17)
[153.081s][info][gc,heap     ] GC(330) Old regions: 755->759
[153.081s][info][gc,heap     ] GC(330) Humongous regions: 9->9
[153.081s][info][gc,metaspace] GC(330) Metaspace: 18274K(18432K)->18274K(18432K) NonClass: 16446K(16576K)->16446K(16576K) Class: 1828K(1856K)->1828K(1856K)
[153.081s][info][gc          ] GC(330) Pause Young (Prepare Mixed) (G1 Evacuation Pause) 900M->783M(978M) 59.142ms
[153.081s][info][gc,cpu      ] GC(330) User=0.12s Sys=0.00s Real=0.06s
[153.329s][info][gc,start    ] GC(331) Pause Young (Mixed) (G1 Evacuation Pause)
[153.329s][info][gc,task     ] GC(331) Using 2 workers of 2 for evacuation
[153.352s][info][gc,phases   ] GC(331)   Pre Evacuate Collection Set: 0.55ms
[153.352s][info][gc,phases   ] GC(331)   Merge Heap Roots: 0.20ms
[153.352s][info][gc,phases   ] GC(331)   Evacuate Collection Set: 21.35ms
[153.352s][info][gc,phases   ] GC(331)   Post Evacuate Collection Set: 0.43ms
[153.352s][info][gc,phases   ] GC(331)   Other: 0.13ms
[153.352s][info][gc,heap     ] GC(331) Eden regions: 128->0(168)
[153.352s][info][gc,heap     ] GC(331) Survivor regions: 16->1(18)
[153.352s][info][gc,heap     ] GC(331) Old regions: 759->736
[153.352s][info][gc,heap     ] GC(331) Humongous regions: 9->9
[153.352s][info][gc,metaspace] GC(331) Metaspace: 18274K(18432K)->18274K(18432K) NonClass: 16446K(16576K)->16446K(16576K) Class: 1828K(1856K)->1828K(1856K)
[153.352s][info][gc          ] GC(331) Pause Young (Mixed) (G1 Evacuation Pause) 911M->745M(978M) 23.008ms
[153.352s][info][gc,cpu      ] GC(331) User=0.05s Sys=0.00s Real=0.02s
[153.574s][info][gc,start    ] GC(332) Pause Young (Concurrent Start) (G1 Evacuation Pause)
[153.574s][info][gc,task     ] GC(332) Using 2 workers of 2 for evacuation
[153.576s][info][gc,phases   ] GC(332)   Pre Evacuate Collection Set: 0.39ms
[153.576s][info][gc,phases   ] GC(332)   Merge Heap Roots: 0.09ms
[153.576s][info][gc,phases   ] GC(332)   Evacuate Collection Set: 1.42ms
[153.576s][info][gc,phases   ] GC(332)   Post Evacuate Collection Set: 0.40ms
[153.576s][info][gc,phases   ] GC(332)   Other: 0.28ms
[153.577s][info][gc,heap     ] GC(332) Eden regions: 168->0(177)
[153.577s][info][gc,heap     ] GC(332) Survivor regions: 1->1(22)
[153.577s][info][gc,heap     ] GC(332) Old regions: 736->736
[153.577s][info][gc,heap     ] GC(332) Humongous regions: 9->9
[153.577s][info][gc,metaspace] GC(332) Metaspace: 18274K(18432K)->18274K(18432K) NonClass: 16446K(16576K)->16446K(16576K) Class: 1828K(1856K)->1828K(1856K)
[153.577s][info][gc          ] GC(332) Pause Young (Concurrent Start) (G1 Evacuation Pause) 913M->745M(978M) 2.867ms
[153.577s][info][gc          ] GC(333) Concurrent Mark Cycle
[153.577s][info][gc,marking  ] GC(333) Concurrent Scan Root Regions
[153.577s][info][gc,cpu      ] GC(332) User=0.00s Sys=0.00s Real=0.01s
[153.580s][info][gc,marking  ] GC(333) Concurrent Scan Root Regions 3.382ms
[153.580s][info][gc,marking  ] GC(333) Concurrent Mark
[153.580s][info][gc,marking  ] GC(333) Concurrent Mark From Roots
[153.580s][info][gc,task     ] GC(333) Using 1 workers of 1 for marking
[153.983s][info][gc,start    ] GC(334) Pause Young (Normal) (G1 Evacuation Pause)
[153.983s][info][gc,task     ] GC(334) Using 2 workers of 2 for evacuation
[153.986s][info][gc,phases   ] GC(334)   Pre Evacuate Collection Set: 0.32ms
[153.986s][info][gc,phases   ] GC(334)   Merge Heap Roots: 0.11ms
[153.986s][info][gc,phases   ] GC(334)   Evacuate Collection Set: 1.48ms
[153.986s][info][gc,phases   ] GC(334)   Post Evacuate Collection Set: 0.40ms
[153.986s][info][gc,phases   ] GC(334)   Other: 0.13ms
[153.986s][info][gc,heap     ] GC(334) Eden regions: 177->0(181)
[153.986s][info][gc,heap     ] GC(334) Survivor regions: 1->1(23)
[153.986s][info][gc,heap     ] GC(334) Old regions: 736->736
[153.986s][info][gc,heap     ] GC(334) Humongous regions: 9->9
[153.986s][info][gc,metaspace] GC(334) Metaspace: 18274K(18432K)->18274K(18432K) NonClass: 16446K(16576K)->16446K(16576K) Class: 1828K(1856K)->1828K(1856K)
[153.986s][info][gc          ] GC(334) Pause Young (Normal) (G1 Evacuation Pause) 922M->745M(978M) 2.703ms
[153.986s][info][gc,cpu      ] GC(334) User=0.01s Sys=0.00s Real=0.01s
[154.469s][info][gc,start    ] GC(335) Pause Young (Normal) (G1 Evacuation Pause)
[154.469s][info][gc,task     ] GC(335) Using 2 workers of 2 for evacuation
[154.472s][info][gc,phases   ] GC(335)   Pre Evacuate Collection Set: 0.31ms
[154.472s][info][gc,phases   ] GC(335)   Merge Heap Roots: 0.11ms
[154.472s][info][gc,phases   ] GC(335)   Evacuate Collection Set: 1.74ms
[154.472s][info][gc,phases   ] GC(335)   Post Evacuate Collection Set: 0.40ms
[154.472s][info][gc,phases   ] GC(335)   Other: 0.13ms
[154.472s][info][gc,heap     ] GC(335) Eden regions: 181->0(181)
[154.472s][info][gc,heap     ] GC(335) Survivor regions: 1->1(23)
[154.472s][info][gc,heap     ] GC(335) Old regions: 736->736
[154.472s][info][gc,heap     ] GC(335) Humongous regions: 9->9
[154.472s][info][gc,metaspace] GC(335) Metaspace: 18274K(18432K)->18274K(18432K) NonClass: 16446K(16576K)->16446K(16576K) Class: 1828K(1856K)->1828K(1856K)
[154.472s][info][gc          ] GC(335) Pause Young (Normal) (G1 Evacuation Pause) 926M->745M(978M) 2.958ms
[154.472s][info][gc,cpu      ] GC(335) User=0.01s Sys=0.00s Real=0.00s
[154.790s][info][gc,marking  ] GC(333) Concurrent Mark From Roots 1209.828ms
[154.790s][info][gc,marking  ] GC(333) Concurrent Preclean
[154.790s][info][gc,marking  ] GC(333) Concurrent Preclean 0.062ms
[154.790s][info][gc,start    ] GC(333) Pause Remark
[154.798s][info][gc          ] GC(333) Pause Remark 910M->674M(978M) 8.004ms
[154.798s][info][gc,cpu      ] GC(333) User=0.02s Sys=0.00s Real=0.01s
[154.798s][info][gc,marking  ] GC(333) Concurrent Mark 1218.288ms
[154.798s][info][gc,marking  ] GC(333) Concurrent Rebuild Remembered Sets and Scrub Regions
[154.841s][info][gc,start    ] GC(336) Pause Young (Normal) (G1 Evacuation Pause)
[154.841s][info][gc,task     ] GC(336) Using 2 workers of 2 for evacuation
[154.844s][info][gc,phases   ] GC(336)   Pre Evacuate Collection Set: 0.53ms
[154.844s][info][gc,phases   ] GC(336)   Merge Heap Roots: 0.09ms
[154.844s][info][gc,phases   ] GC(336)   Evacuate Collection Set: 1.99ms
[154.844s][info][gc,phases   ] GC(336)   Post Evacuate Collection Set: 0.39ms
[154.844s][info][gc,phases   ] GC(336)   Other: 0.09ms
[154.844s][info][gc,heap     ] GC(336) Eden regions: 181->0(385)
[154.844s][info][gc,heap     ] GC(336) Survivor regions: 1->1(23)
[154.844s][info][gc,heap     ] GC(336) Old regions: 505->505
[154.844s][info][gc,heap     ] GC(336) Humongous regions: 4->4
[154.844s][info][gc,metaspace] GC(336) Metaspace: 18274K(18432K)->18274K(18432K) NonClass: 16446K(16576K)->16446K(16576K) Class: 1828K(1856K)->1828K(1856K)
[154.844s][info][gc          ] GC(336) Pause Young (Normal) (G1 Evacuation Pause) 690M->509M(978M) 3.331ms
[154.844s][info][gc,cpu      ] GC(336) User=0.01s Sys=0.00s Real=0.00s
[155.353s][info][gc,marking  ] GC(333) Concurrent Rebuild Remembered Sets and Scrub Regions 554.836ms
[155.353s][info][gc,start    ] GC(333) Pause Cleanup
[155.354s][info][gc          ] GC(333) Pause Cleanup 731M->731M(978M) 0.200ms
[155.354s][info][gc,cpu      ] GC(333) User=0.00s Sys=0.00s Real=0.00s
[155.354s][info][gc,marking  ] GC(333) Concurrent Clear Claimed Marks
[155.354s][info][gc,marking  ] GC(333) Concurrent Clear Claimed Marks 0.051ms
[155.354s][info][gc,marking  ] GC(333) Concurrent Cleanup for Next Mark
[155.359s][info][gc,marking  ] GC(333) Concurrent Cleanup for Next Mark 4.981ms
[155.359s][info][gc          ] GC(333) Concurrent Mark Cycle 1782.225ms
[155.606s][info][gc,start    ] GC(337) Pause Young (Prepare Mixed) (G1 Evacuation Pause)
[155.606s][info][gc,task     ] GC(337) Using 2 workers of 2 for evacuation
[155.657s][info][gc,phases   ] GC(337)   Pre Evacuate Collection Set: 0.58ms
[155.657s][info][gc,phases   ] GC(337)   Merge Heap Roots: 0.61ms
[155.657s][info][gc,phases   ] GC(337)   Evacuate Collection Set: 49.15ms
[155.657s][info][gc,phases   ] GC(337)   Post Evacuate Collection Set: 0.78ms
[155.657s][info][gc,phases   ] GC(337)   Other: 0.13ms
[155.657s][info][gc,heap     ] GC(337) Eden regions: 385->0(366)
[155.657s][info][gc,heap     ] GC(337) Survivor regions: 1->21(49)
[155.657s][info][gc,heap     ] GC(337) Old regions: 505->505
[155.657s][info][gc,heap     ] GC(337) Humongous regions: 7->7
[155.657s][info][gc,metaspace] GC(337) Metaspace: 18274K(18432K)->18274K(18432K) NonClass: 16446K(16576K)->16446K(16576K) Class: 1828K(1856K)->1828K(1856K)
[155.658s][info][gc          ] GC(337) Pause Young (Prepare Mixed) (G1 Evacuation Pause) 897M->532M(978M) 51.554ms
[155.658s][info][gc,cpu      ] GC(337) User=0.11s Sys=0.00s Real=0.05s
[156.145s][info][gc,start    ] GC(338) Pause Young (Mixed) (G1 Evacuation Pause)
[156.145s][info][gc,task     ] GC(338) Using 2 workers of 2 for evacuation
[156.246s][info][gc,phases   ] GC(338)   Pre Evacuate Collection Set: 0.39ms
[156.246s][info][gc,phases   ] GC(338)   Merge Heap Roots: 0.91ms
[156.246s][info][gc,phases   ] GC(338)   Evacuate Collection Set: 97.81ms
[156.246s][info][gc,phases   ] GC(338)   Post Evacuate Collection Set: 1.04ms
[156.246s][info][gc,phases   ] GC(338)   Other: 0.14ms
[156.246s][info][gc,heap     ] GC(338) Eden regions: 366->0(1)
[156.246s][info][gc,heap     ] GC(338) Survivor regions: 21->48(49)
[156.246s][info][gc,heap     ] GC(338) Old regions: 505->408
[156.246s][info][gc,heap     ] GC(338) Humongous regions: 7->7
[156.246s][info][gc,metaspace] GC(338) Metaspace: 18274K(18432K)->18274K(18432K) NonClass: 16446K(16576K)->16446K(16576K) Class: 1828K(1856K)->1828K(1856K)
[156.246s][info][gc          ] GC(338) Pause Young (Mixed) (G1 Evacuation Pause) 898M->463M(978M) 100.668ms
[156.246s][info][gc,cpu      ] GC(338) User=0.20s Sys=0.00s Real=0.10s
[156.249s][info][gc,start    ] GC(339) Pause Young (Mixed) (G1 Evacuation Pause)
[156.249s][info][gc,task     ] GC(339) Using 2 workers of 2 for evacuation
[156.395s][info][gc,phases   ] GC(339)   Pre Evacuate Collection Set: 0.49ms
[156.395s][info][gc,phases   ] GC(339)   Merge Heap Roots: 1.10ms
[156.395s][info][gc,phases   ] GC(339)   Evacuate Collection Set: 143.52ms
[156.395s][info][gc,phases   ] GC(339)   Post Evacuate Collection Set: 0.35ms
[156.395s][info][gc,phases   ] GC(339)   Other: 0.10ms
[156.395s][info][gc,heap     ] GC(339) Eden regions: 1->0(420)
[156.395s][info][gc,heap     ] GC(339) Survivor regions: 48->1(7)
[156.395s][info][gc,heap     ] GC(339) Old regions: 408->454
[156.395s][info][gc,heap     ] GC(339) Humongous regions: 7->7
[156.395s][info][gc,metaspace] GC(339) Metaspace: 18274K(18432K)->18274K(18432K) NonClass: 16446K(16576K)->16446K(16576K) Class: 1828K(1856K)->1828K(1856K)
[156.395s][info][gc          ] GC(339) Pause Young (Mixed) (G1 Evacuation Pause) 464M->461M(978M) 145.853ms
[156.395s][info][gc,cpu      ] GC(339) User=0.29s Sys=0.00s Real=0.15s
[156.811s][info][gc,start    ] GC(340) Pause Young (Concurrent Start) (G1 Evacuation Pause)
[156.811s][info][gc,task     ] GC(340) Using 2 workers of 2 for evacuation
[156.841s][info][gc,phases   ] GC(340)   Pre Evacuate Collection Set: 0.32ms
[156.841s][info][gc,phases   ] GC(340)   Merge Heap Roots: 0.28ms
[156.841s][info][gc,phases   ] GC(340)   Evacuate Collection Set: 28.25ms
[156.841s][info][gc,phases   ] GC(340)   Post Evacuate Collection Set: 0.66ms
[156.841s][info][gc,phases   ] GC(340)   Other: 0.14ms
[156.841s][info][gc,heap     ] GC(340) Eden regions: 420->0(415)
[156.841s][info][gc,heap     ] GC(340) Survivor regions: 1->16(53)
[156.841s][info][gc,heap     ] GC(340) Old regions: 454->454
[156.841s][info][gc,heap     ] GC(340) Humongous regions: 7->7
[156.841s][info][gc,metaspace] GC(340) Metaspace: 18274K(18432K)->18274K(18432K) NonClass: 16446K(16576K)->16446K(16576K) Class: 1828K(1856K)->1828K(1856K)
[156.841s][info][gc          ] GC(340) Pause Young (Concurrent Start) (G1 Evacuation Pause) 881M->477M(978M) 29.960ms
[156.841s][info][gc          ] GC(341) Concurrent Mark Cycle
[156.841s][info][gc,marking  ] GC(341) Concurrent Scan Root Regions
[156.841s][info][gc,cpu      ] GC(340) User=0.06s Sys=0.00s Real=0.03s
[156.892s][info][gc,marking  ] GC(341) Concurrent Scan Root Regions 50.635ms
[156.892s][info][gc,marking  ] GC(341) Concurrent Mark
[156.892s][info][gc,marking  ] GC(341) Concurrent Mark From Roots
[156.892s][info][gc,task     ] GC(341) Using 1 workers of 1 for marking
[157.725s][info][gc,start    ] GC(342) Pause Young (Normal) (G1 Evacuation Pause)
[157.726s][info][gc,task     ] GC(342) Using 2 workers of 2 for evacuation
[157.778s][info][gc,phases   ] GC(342)   Pre Evacuate Collection Set: 0.34ms
[157.778s][info][gc,phases   ] GC(342)   Merge Heap Roots: 0.31ms
[157.778s][info][gc,phases   ] GC(342)   Evacuate Collection Set: 51.30ms
[157.778s][info][gc,phases   ] GC(342)   Post Evacuate Collection Set: 0.75ms
[157.778s][info][gc,phases   ] GC(342)   Other: 0.13ms
[157.779s][info][gc,heap     ] GC(342) Eden regions: 415->0(385)
[157.779s][info][gc,heap     ] GC(342) Survivor regions: 16->41(54)
[157.779s][info][gc,heap     ] GC(342) Old regions: 454->454
[157.779s][info][gc,heap     ] GC(342) Humongous regions: 7->7
[157.779s][info][gc,metaspace] GC(342) Metaspace: 18274K(18432K)->18274K(18432K) NonClass: 16446K(16576K)->16446K(16576K) Class: 1828K(1856K)->1828K(1856K)
[157.779s][info][gc          ] GC(342) Pause Young (Normal) (G1 Evacuation Pause) 892M->501M(978M) 53.133ms
[157.779s][info][gc,cpu      ] GC(342) User=0.11s Sys=0.00s Real=0.05s
[157.937s][info][gc,marking  ] GC(341) Concurrent Mark From Roots 1045.335ms
[157.937s][info][gc,marking  ] GC(341) Concurrent Preclean
[157.938s][info][gc,marking  ] GC(341) Concurrent Preclean 0.039ms
[157.938s][info][gc,start    ] GC(341) Pause Remark
[157.946s][info][gc          ] GC(341) Pause Remark 535M->411M(978M) 7.727ms
[157.946s][info][gc,cpu      ] GC(341) User=0.01s Sys=0.00s Real=0.01s
[157.946s][info][gc,marking  ] GC(341) Concurrent Mark 1054.252ms
[157.946s][info][gc,marking  ] GC(341) Concurrent Rebuild Remembered Sets and Scrub Regions
[158.188s][info][gc,marking  ] GC(341) Concurrent Rebuild Remembered Sets and Scrub Regions 241.320ms
[158.188s][info][gc,start    ] GC(341) Pause Cleanup
[158.188s][info][gc          ] GC(341) Pause Cleanup 477M->477M(978M) 0.130ms
[158.188s][info][gc,cpu      ] GC(341) User=0.00s Sys=0.00s Real=0.00s
[158.190s][info][gc,marking  ] GC(341) Concurrent Clear Claimed Marks
[158.190s][info][gc,marking  ] GC(341) Concurrent Clear Claimed Marks 0.058ms
[158.190s][info][gc,marking  ] GC(341) Concurrent Cleanup for Next Mark
[158.193s][info][gc,marking  ] GC(341) Concurrent Cleanup for Next Mark 2.992ms
[158.193s][info][gc          ] GC(341) Concurrent Mark Cycle 1352.130ms
[158.559s][info][gc,start    ] GC(343) Pause Young (Prepare Mixed) (G1 Evacuation Pause)
[158.559s][info][gc,task     ] GC(343) Using 2 workers of 2 for evacuation
[158.667s][info][gc,phases   ] GC(343)   Pre Evacuate Collection Set: 0.35ms
[158.667s][info][gc,phases   ] GC(343)   Merge Heap Roots: 0.57ms
[158.667s][info][gc,phases   ] GC(343)   Evacuate Collection Set: 105.82ms
[158.667s][info][gc,phases   ] GC(343)   Post Evacuate Collection Set: 0.73ms
[158.667s][info][gc,phases   ] GC(343)   Other: 0.10ms
[158.667s][info][gc,heap     ] GC(343) Eden regions: 385->0(439)
[158.667s][info][gc,heap     ] GC(343) Survivor regions: 41->54(54)
[158.667s][info][gc,heap     ] GC(343) Old regions: 333->363
[158.667s][info][gc,heap     ] GC(343) Humongous regions: 4->4
[158.667s][info][gc,metaspace] GC(343) Metaspace: 18274K(18432K)->18274K(18432K) NonClass: 16446K(16576K)->16446K(16576K) Class: 1828K(1856K)->1828K(1856K)
[158.667s][info][gc          ] GC(343) Pause Young (Prepare Mixed) (G1 Evacuation Pause) 762M->420M(978M) 107.854ms
[158.667s][info][gc,cpu      ] GC(343) User=0.21s Sys=0.00s Real=0.11s
[159.138s][info][gc,start    ] GC(344) Pause Young (Mixed) (G1 Evacuation Pause)
[159.138s][info][gc,task     ] GC(344) Using 2 workers of 2 for evacuation
[159.215s][info][gc,phases   ] GC(344)   Pre Evacuate Collection Set: 0.37ms
[159.215s][info][gc,phases   ] GC(344)   Merge Heap Roots: 0.37ms
[159.215s][info][gc,phases   ] GC(344)   Evacuate Collection Set: 75.00ms
[159.215s][info][gc,phases   ] GC(344)   Post Evacuate Collection Set: 0.80ms
[159.215s][info][gc,phases   ] GC(344)   Other: 0.13ms
[159.215s][info][gc,heap     ] GC(344) Eden regions: 439->0(477)
[159.215s][info][gc,heap     ] GC(344) Survivor regions: 54->37(62)
[159.215s][info][gc,heap     ] GC(344) Old regions: 363->349
[159.215s][info][gc,heap     ] GC(344) Humongous regions: 4->4
[159.215s][info][gc,metaspace] GC(344) Metaspace: 18274K(18432K)->18274K(18432K) NonClass: 16446K(16576K)->16446K(16576K) Class: 1828K(1856K)->1828K(1856K)
[159.215s][info][gc          ] GC(344) Pause Young (Mixed) (G1 Evacuation Pause) 859M->390M(978M) 77.006ms
[159.215s][info][gc,cpu      ] GC(344) User=0.15s Sys=0.00s Real=0.08s
[160.103s][info][gc,start    ] GC(345) Pause Young (Concurrent Start) (G1 Evacuation Pause)
[160.103s][info][gc,task     ] GC(345) Using 2 workers of 2 for evacuation
[160.168s][info][gc,phases   ] GC(345)   Pre Evacuate Collection Set: 0.32ms
[160.168s][info][gc,phases   ] GC(345)   Merge Heap Roots: 0.32ms
[160.168s][info][gc,phases   ] GC(345)   Evacuate Collection Set: 63.02ms
[160.168s][info][gc,phases   ] GC(345)   Post Evacuate Collection Set: 0.77ms
[160.168s][info][gc,phases   ] GC(345)   Other: 0.20ms
[160.168s][info][gc,heap     ] GC(345) Eden regions: 477->0(466)
[160.168s][info][gc,heap     ] GC(345) Survivor regions: 37->24(65)
[160.168s][info][gc,heap     ] GC(345) Old regions: 349->379
[160.168s][info][gc,heap     ] GC(345) Humongous regions: 4->4
[160.168s][info][gc,metaspace] GC(345) Metaspace: 18274K(18432K)->18274K(18432K) NonClass: 16446K(16576K)->16446K(16576K) Class: 1828K(1856K)->1828K(1856K)
[160.168s][info][gc          ] GC(345) Pause Young (Concurrent Start) (G1 Evacuation Pause) 867M->407M(978M) 65.003ms
[160.168s][info][gc,cpu      ] GC(345) User=0.13s Sys=0.00s Real=0.07s
[160.168s][info][gc          ] GC(346) Concurrent Mark Cycle
[160.169s][info][gc,marking  ] GC(346) Concurrent Scan Root Regions
[160.251s][info][gc,marking  ] GC(346) Concurrent Scan Root Regions 82.494ms
[160.251s][info][gc,marking  ] GC(346) Concurrent Mark
[160.251s][info][gc,marking  ] GC(346) Concurrent Mark From Roots
[160.251s][info][gc,task     ] GC(346) Using 1 workers of 1 for marking
[161.173s][info][gc,marking  ] GC(346) Concurrent Mark From Roots 921.926ms
[161.173s][info][gc,marking  ] GC(346) Concurrent Preclean
[161.173s][info][gc,marking  ] GC(346) Concurrent Preclean 0.033ms
[161.173s][info][gc,start    ] GC(346) Pause Remark
[161.181s][info][gc          ] GC(346) Pause Remark 643M->643M(978M) 7.783ms
[161.181s][info][gc,cpu      ] GC(346) User=0.01s Sys=0.00s Real=0.01s
[161.181s][info][gc,marking  ] GC(346) Concurrent Mark 930.142ms
[161.181s][info][gc,marking  ] GC(346) Concurrent Rebuild Remembered Sets and Scrub Regions
[161.579s][info][gc,marking  ] GC(346) Concurrent Rebuild Remembered Sets and Scrub Regions 398.085ms
[161.581s][info][gc,start    ] GC(346) Pause Cleanup
[161.581s][info][gc          ] GC(346) Pause Cleanup 737M->737M(978M) 0.140ms
[161.581s][info][gc,cpu      ] GC(346) User=0.00s Sys=0.00s Real=0.00s
[161.582s][info][gc,marking  ] GC(346) Concurrent Clear Claimed Marks
[161.582s][info][gc,marking  ] GC(346) Concurrent Clear Claimed Marks 0.048ms
[161.582s][info][gc,marking  ] GC(346) Concurrent Cleanup for Next Mark
[161.588s][info][gc,marking  ] GC(346) Concurrent Cleanup for Next Mark 6.618ms
[161.588s][info][gc          ] GC(346) Concurrent Mark Cycle 1419.855ms
[161.848s][info][gc,start    ] GC(347) Pause Young (Prepare Mixed) (G1 Evacuation Pause)
[161.848s][info][gc,task     ] GC(347) Using 2 workers of 2 for evacuation
[161.904s][info][gc,phases   ] GC(347)   Pre Evacuate Collection Set: 0.55ms
[161.904s][info][gc,phases   ] GC(347)   Merge Heap Roots: 0.40ms
[161.904s][info][gc,phases   ] GC(347)   Evacuate Collection Set: 54.04ms
[161.904s][info][gc,phases   ] GC(347)   Post Evacuate Collection Set: 0.85ms
[161.904s][info][gc,phases   ] GC(347)   Other: 0.10ms
[161.904s][info][gc,heap     ] GC(347) Eden regions: 466->0(451)
[161.904s][info][gc,heap     ] GC(347) Survivor regions: 24->47(62)
[161.904s][info][gc,heap     ] GC(347) Old regions: 379->379
[161.904s][info][gc,heap     ] GC(347) Humongous regions: 4->4
[161.904s][info][gc,metaspace] GC(347) Metaspace: 18276K(18432K)->18276K(18432K) NonClass: 16448K(16576K)->16448K(16576K) Class: 1828K(1856K)->1828K(1856K)
[161.904s][info][gc          ] GC(347) Pause Young (Prepare Mixed) (G1 Evacuation Pause) 873M->430M(978M) 56.205ms
[161.904s][info][gc,cpu      ] GC(347) User=0.11s Sys=0.01s Real=0.05s
[162.395s][info][gc,start    ] GC(348) Pause Young (Mixed) (G1 Evacuation Pause)
[162.395s][info][gc,task     ] GC(348) Using 2 workers of 2 for evacuation
[162.708s][info][gc,mmu      ] GC(348) MMU target violated: 201.0ms (200.0ms/201.0ms)
[162.708s][info][gc,phases   ] GC(348)   Pre Evacuate Collection Set: 0.33ms
[162.708s][info][gc,phases   ] GC(348)   Merge Heap Roots: 0.31ms
[162.708s][info][gc,phases   ] GC(348)   Evacuate Collection Set: 271.13ms
[162.708s][info][gc,phases   ] GC(348)   Post Evacuate Collection Set: 40.63ms
[162.708s][info][gc,phases   ] GC(348)   Other: 0.15ms
[162.708s][info][gc,heap     ] GC(348) Eden regions: 451->0(0)
[162.708s][info][gc,heap     ] GC(348) Survivor regions: 47->63(63)
[162.708s][info][gc,heap     ] GC(348) Old regions: 379->829
[162.708s][info][gc,heap     ] GC(348) Humongous regions: 4->4
[162.708s][info][gc,metaspace] GC(348) Metaspace: 18276K(18432K)->18276K(18432K) NonClass: 16448K(16576K)->16448K(16576K) Class: 1828K(1856K)->1828K(1856K)
[162.708s][info][gc          ] GC(348) Pause Young (Mixed) (G1 Evacuation Pause) (Evacuation Failure: Allocation) 881M->896M(978M) 312.768ms
[162.708s][info][gc,cpu      ] GC(348) User=0.62s Sys=0.00s Real=0.31s
[162.708s][info][gc,ergo     ] Attempting full compaction
[162.708s][info][gc,start    ] GC(349) Pause Full (G1 Compaction Pause)
[162.708s][info][gc,task     ] GC(349) Using 2 workers of 2 for full compaction
[162.708s][info][gc,phases,start] GC(349) Phase 1: Mark live objects
[163.172s][info][metaspace      ] ChkMgr @0x00007f9cbc15e5a0 (non-class-space): : reclaiming memory...
[163.172s][info][metaspace      ] ChkMgr @0x00007f9cbc15e5a0 (non-class-space): nothing reclaimed.
[163.172s][info][metaspace      ] ChkMgr @0x00007f9cbc15c6b0 (class-space): : reclaiming memory...
[163.172s][info][metaspace      ] ChkMgr @0x00007f9cbc15c6b0 (class-space): nothing reclaimed.
[163.172s][info][gc,phases      ] GC(349) Phase 1: Mark live objects 463.393ms
[163.172s][info][gc,phases,start] GC(349) Phase 2: Prepare compaction
[163.207s][info][gc,phases      ] GC(349) Phase 2: Prepare compaction 35.640ms
[163.207s][info][gc,phases,start] GC(349) Phase 3: Adjust pointers
[163.393s][info][gc,phases      ] GC(349) Phase 3: Adjust pointers 186.055ms
[163.394s][info][gc,phases,start] GC(349) Phase 4: Compact heap
[163.436s][info][gc,phases      ] GC(349) Phase 4: Compact heap 42.601ms
[163.436s][info][gc,phases,start] GC(349) Phase 5: Reset Metadata
[163.508s][info][gc,phases      ] GC(349) Phase 5: Reset Metadata 71.556ms
[163.516s][info][gc,heap        ] GC(349) Eden regions: 0->0(332)
[163.517s][info][gc,heap        ] GC(349) Survivor regions: 63->0(63)
[163.517s][info][gc,heap        ] GC(349) Old regions: 829->540
[163.517s][info][gc,heap        ] GC(349) Humongous regions: 4->4
[163.517s][info][gc,metaspace   ] GC(349) Metaspace: 18276K(18432K)->18253K(18432K) NonClass: 16448K(16576K)->16425K(16576K) Class: 1828K(1856K)->1828K(1856K)
[163.517s][info][gc             ] GC(349) Pause Full (G1 Compaction Pause) 896M->543M(978M) 808.548ms
[163.517s][info][gc,cpu         ] GC(349) User=1.59s Sys=0.00s Real=0.81s
[163.804s][info][gc,start       ] GC(350) Pause Young (Concurrent Start) (G1 Humongous Allocation)
[163.804s][info][gc,task        ] GC(350) Using 2 workers of 2 for evacuation
[163.849s][info][gc,phases      ] GC(350)   Pre Evacuate Collection Set: 0.32ms
[163.849s][info][gc,phases      ] GC(350)   Merge Heap Roots: 0.38ms
[163.849s][info][gc,phases      ] GC(350)   Evacuate Collection Set: 44.20ms
[163.849s][info][gc,phases      ] GC(350)   Post Evacuate Collection Set: 0.61ms
[163.849s][info][gc,phases      ] GC(350)   Other: 0.12ms
[163.849s][info][gc,heap        ] GC(350) Eden regions: 153->0(285)
[163.849s][info][gc,heap        ] GC(350) Survivor regions: 0->28(42)
[163.849s][info][gc,heap        ] GC(350) Old regions: 540->540
[163.849s][info][gc,heap        ] GC(350) Humongous regions: 4->4
[163.850s][info][gc,metaspace   ] GC(350) Metaspace: 18253K(18432K)->18253K(18432K) NonClass: 16425K(16576K)->16425K(16576K) Class: 1828K(1856K)->1828K(1856K)
[163.850s][info][gc             ] GC(350) Pause Young (Concurrent Start) (G1 Humongous Allocation) 696M->571M(978M) 45.881ms
[163.850s][info][gc,cpu         ] GC(350) User=0.09s Sys=0.00s Real=0.05s
[163.850s][info][gc             ] GC(351) Concurrent Mark Cycle
[163.851s][info][gc,marking     ] GC(351) Concurrent Scan Root Regions
[163.902s][info][gc,marking     ] GC(351) Concurrent Scan Root Regions 50.763ms
[163.902s][info][gc,marking     ] GC(351) Concurrent Mark
[163.902s][info][gc,marking     ] GC(351) Concurrent Mark From Roots
[163.902s][info][gc,task        ] GC(351) Using 1 workers of 1 for marking
[164.582s][info][gc,start       ] GC(352) Pause Young (Normal) (G1 Evacuation Pause)
[164.582s][info][gc,task        ] GC(352) Using 2 workers of 2 for evacuation
[164.716s][info][gc,phases      ] GC(352)   Pre Evacuate Collection Set: 0.32ms
[164.716s][info][gc,phases      ] GC(352)   Merge Heap Roots: 1.10ms
[164.716s][info][gc,phases      ] GC(352)   Evacuate Collection Set: 131.40ms
[164.716s][info][gc,phases      ] GC(352)   Post Evacuate Collection Set: 0.92ms
[164.716s][info][gc,phases      ] GC(352)   Other: 0.09ms
[164.716s][info][gc,heap        ] GC(352) Eden regions: 285->0(249)
[164.716s][info][gc,heap        ] GC(352) Survivor regions: 28->38(40)
[164.716s][info][gc,heap        ] GC(352) Old regions: 540->568
[164.716s][info][gc,heap        ] GC(352) Humongous regions: 13->13
[164.716s][info][gc,metaspace   ] GC(352) Metaspace: 18253K(18432K)->18253K(18432K) NonClass: 16425K(16576K)->16425K(16576K) Class: 1828K(1856K)->1828K(1856K)
[164.716s][info][gc             ] GC(352) Pause Young (Normal) (G1 Evacuation Pause) 865M->617M(978M) 134.118ms
[164.716s][info][gc,cpu         ] GC(352) User=0.26s Sys=0.01s Real=0.14s
[165.721s][info][gc,start       ] GC(353) Pause Young (Normal) (G1 Evacuation Pause)
[165.721s][info][gc,task        ] GC(353) Using 2 workers of 2 for evacuation
[165.809s][info][gc,phases      ] GC(353)   Pre Evacuate Collection Set: 0.31ms
[165.809s][info][gc,phases      ] GC(353)   Merge Heap Roots: 0.69ms
[165.809s][info][gc,phases      ] GC(353)   Evacuate Collection Set: 86.41ms
[165.809s][info][gc,phases      ] GC(353)   Post Evacuate Collection Set: 0.48ms
[165.809s][info][gc,phases      ] GC(353)   Other: 0.13ms
[165.809s][info][gc,heap        ] GC(353) Eden regions: 249->0(265)
[165.809s][info][gc,heap        ] GC(353) Survivor regions: 38->1(36)
[165.809s][info][gc,heap        ] GC(353) Old regions: 568->606
[165.809s][info][gc,heap        ] GC(353) Humongous regions: 13->13
[165.809s][info][gc,metaspace   ] GC(353) Metaspace: 18253K(18432K)->18253K(18432K) NonClass: 16425K(16576K)->16425K(16576K) Class: 1828K(1856K)->1828K(1856K)
[165.809s][info][gc             ] GC(353) Pause Young (Normal) (G1 Evacuation Pause) 866M->618M(978M) 88.335ms
[165.809s][info][gc,cpu         ] GC(353) User=0.18s Sys=0.00s Real=0.09s
[165.818s][info][gc,marking     ] GC(351) Concurrent Mark From Roots 1915.975ms
[165.818s][info][gc,marking     ] GC(351) Concurrent Preclean
[165.818s][info][gc,marking     ] GC(351) Concurrent Preclean 0.031ms
[165.818s][info][gc,start       ] GC(351) Pause Remark
[165.826s][info][gc             ] GC(351) Pause Remark 621M->621M(978M) 7.349ms
[165.826s][info][gc,cpu         ] GC(351) User=0.01s Sys=0.00s Real=0.01s
[165.826s][info][gc,marking     ] GC(351) Concurrent Mark 1923.629ms
[165.826s][info][gc,marking     ] GC(351) Concurrent Rebuild Remembered Sets and Scrub Regions
[166.449s][info][gc,marking     ] GC(351) Concurrent Rebuild Remembered Sets and Scrub Regions 623.496ms
[166.449s][info][gc,start       ] GC(351) Pause Cleanup
[166.450s][info][gc             ] GC(351) Pause Cleanup 865M->865M(978M) 0.117ms
[166.450s][info][gc,cpu         ] GC(351) User=0.00s Sys=0.00s Real=0.00s
[166.450s][info][gc,marking     ] GC(351) Concurrent Clear Claimed Marks
[166.450s][info][gc,marking     ] GC(351) Concurrent Clear Claimed Marks 0.030ms
[166.450s][info][gc,marking     ] GC(351) Concurrent Cleanup for Next Mark
[166.453s][info][gc,marking     ] GC(351) Concurrent Cleanup for Next Mark 2.986ms
[166.453s][info][gc             ] GC(351) Concurrent Mark Cycle 2603.093ms
[166.484s][info][gc,start       ] GC(354) Pause Young (Prepare Mixed) (G1 Evacuation Pause)
[166.484s][info][gc,task        ] GC(354) Using 2 workers of 2 for evacuation
[166.485s][info][gc,phases      ] GC(354)   Pre Evacuate Collection Set: 0.36ms
[166.485s][info][gc,phases      ] GC(354)   Merge Heap Roots: 0.10ms
[166.485s][info][gc,phases      ] GC(354)   Evacuate Collection Set: 0.23ms
[166.485s][info][gc,phases      ] GC(354)   Post Evacuate Collection Set: 0.46ms
[166.485s][info][gc,phases      ] GC(354)   Other: 0.13ms
[166.485s][info][gc,heap        ] GC(354) Eden regions: 265->0(280)
[166.485s][info][gc,heap        ] GC(354) Survivor regions: 1->1(34)
[166.485s][info][gc,heap        ] GC(354) Old regions: 606->606
[166.485s][info][gc,heap        ] GC(354) Humongous regions: 13->13
[166.485s][info][gc,metaspace   ] GC(354) Metaspace: 18253K(18432K)->18253K(18432K) NonClass: 16425K(16576K)->16425K(16576K) Class: 1828K(1856K)->1828K(1856K)
[166.486s][info][gc             ] GC(354) Pause Young (Prepare Mixed) (G1 Evacuation Pause) 883M->618M(978M) 1.567ms
[166.486s][info][gc,cpu         ] GC(354) User=0.01s Sys=0.00s Real=0.01s
[166.962s][info][gc,start       ] GC(355) Pause Young (Mixed) (G1 Evacuation Pause)
[166.962s][info][gc,task        ] GC(355) Using 2 workers of 2 for evacuation
[166.970s][info][gc,phases      ] GC(355)   Pre Evacuate Collection Set: 0.35ms
[166.970s][info][gc,phases      ] GC(355)   Merge Heap Roots: 0.20ms
[166.970s][info][gc,phases      ] GC(355)   Evacuate Collection Set: 6.51ms
[166.970s][info][gc,phases      ] GC(355)   Post Evacuate Collection Set: 0.55ms
[166.970s][info][gc,phases      ] GC(355)   Other: 0.12ms
[166.970s][info][gc,heap        ] GC(355) Eden regions: 280->0(292)
[166.970s][info][gc,heap        ] GC(355) Survivor regions: 1->1(36)
[166.970s][info][gc,heap        ] GC(355) Old regions: 606->606
[166.970s][info][gc,heap        ] GC(355) Humongous regions: 13->13
[166.970s][info][gc,metaspace   ] GC(355) Metaspace: 18253K(18432K)->18253K(18432K) NonClass: 16425K(16576K)->16425K(16576K) Class: 1828K(1856K)->1828K(1856K)
[166.970s][info][gc             ] GC(355) Pause Young (Mixed) (G1 Evacuation Pause) 898M->618M(978M) 8.015ms
[166.970s][info][gc,cpu         ] GC(355) User=0.02s Sys=0.00s Real=0.01s
[167.438s][info][gc,start       ] GC(356) Pause Young (Concurrent Start) (G1 Evacuation Pause)
[167.438s][info][gc,task        ] GC(356) Using 2 workers of 2 for evacuation
[167.455s][info][gc,phases      ] GC(356)   Pre Evacuate Collection Set: 0.38ms
[167.455s][info][gc,phases      ] GC(356)   Merge Heap Roots: 0.19ms
[167.455s][info][gc,phases      ] GC(356)   Evacuate Collection Set: 15.48ms
[167.455s][info][gc,phases      ] GC(356)   Post Evacuate Collection Set: 0.56ms
[167.455s][info][gc,phases      ] GC(356)   Other: 0.33ms
[167.455s][info][gc,heap        ] GC(356) Eden regions: 292->0(287)
[167.455s][info][gc,heap        ] GC(356) Survivor regions: 1->11(37)
[167.455s][info][gc,heap        ] GC(356) Old regions: 606->606
[167.455s][info][gc,heap        ] GC(356) Humongous regions: 13->13
[167.455s][info][gc,metaspace   ] GC(356) Metaspace: 18253K(18432K)->18253K(18432K) NonClass: 16425K(16576K)->16425K(16576K) Class: 1828K(1856K)->1828K(1856K)
[167.455s][info][gc             ] GC(356) Pause Young (Concurrent Start) (G1 Evacuation Pause) 910M->629M(978M) 17.268ms
[167.455s][info][gc,cpu         ] GC(356) User=0.03s Sys=0.00s Real=0.02s
[167.455s][info][gc             ] GC(357) Concurrent Mark Cycle
[167.459s][info][gc,marking     ] GC(357) Concurrent Scan Root Regions
[167.481s][info][gc,marking     ] GC(357) Concurrent Scan Root Regions 21.802ms
[167.481s][info][gc,marking     ] GC(357) Concurrent Mark
[167.481s][info][gc,marking     ] GC(357) Concurrent Mark From Roots
[167.481s][info][gc,task        ] GC(357) Using 1 workers of 1 for marking
[168.010s][info][gc,start       ] GC(358) Pause Young (Normal) (G1 Evacuation Pause)
[168.010s][info][gc,task        ] GC(358) Using 2 workers of 2 for evacuation
[168.052s][info][gc,phases      ] GC(358)   Pre Evacuate Collection Set: 0.34ms
[168.052s][info][gc,phases      ] GC(358)   Merge Heap Roots: 0.18ms
[168.052s][info][gc,phases      ] GC(358)   Evacuate Collection Set: 40.70ms
[168.052s][info][gc,phases      ] GC(358)   Post Evacuate Collection Set: 0.57ms
[168.052s][info][gc,phases      ] GC(358)   Other: 0.10ms
[168.052s][info][gc,heap        ] GC(358) Eden regions: 287->0(243)
[168.052s][info][gc,heap        ] GC(358) Survivor regions: 11->33(38)
[168.052s][info][gc,heap        ] GC(358) Old regions: 606->606
[168.052s][info][gc,heap        ] GC(358) Humongous regions: 13->13
[168.052s][info][gc,metaspace   ] GC(358) Metaspace: 18253K(18432K)->18253K(18432K) NonClass: 16425K(16576K)->16425K(16576K) Class: 1828K(1856K)->1828K(1856K)
[168.052s][info][gc             ] GC(358) Pause Young (Normal) (G1 Evacuation Pause) 916M->651M(978M) 42.180ms
[168.052s][info][gc,cpu         ] GC(358) User=0.08s Sys=0.00s Real=0.04s
[168.536s][info][gc,start       ] GC(359) Pause Young (Normal) (G1 Evacuation Pause)
[168.536s][info][gc,task        ] GC(359) Using 2 workers of 2 for evacuation
[168.584s][info][gc,phases      ] GC(359)   Pre Evacuate Collection Set: 0.57ms
[168.584s][info][gc,phases      ] GC(359)   Merge Heap Roots: 0.17ms
[168.584s][info][gc,phases      ] GC(359)   Evacuate Collection Set: 46.49ms
[168.584s][info][gc,phases      ] GC(359)   Post Evacuate Collection Set: 0.55ms
[168.584s][info][gc,phases      ] GC(359)   Other: 0.10ms
[168.584s][info][gc,heap        ] GC(359) Eden regions: 243->0(258)
[168.584s][info][gc,heap        ] GC(359) Survivor regions: 33->9(35)
[168.584s][info][gc,heap        ] GC(359) Old regions: 606->639
[168.584s][info][gc,heap        ] GC(359) Humongous regions: 13->13
[168.584s][info][gc,metaspace   ] GC(359) Metaspace: 18253K(18432K)->18253K(18432K) NonClass: 16425K(16576K)->16425K(16576K) Class: 1828K(1856K)->1828K(1856K)
[168.584s][info][gc             ] GC(359) Pause Young (Normal) (G1 Evacuation Pause) 894M->659M(978M) 48.220ms
[168.584s][info][gc,cpu         ] GC(359) User=0.09s Sys=0.00s Real=0.04s
[169.104s][info][gc,marking     ] GC(357) Concurrent Mark From Roots 1623.224ms
[169.104s][info][gc,marking     ] GC(357) Concurrent Preclean
[169.105s][info][gc,marking     ] GC(357) Concurrent Preclean 0.037ms
[169.105s][info][gc,start       ] GC(357) Pause Remark
[169.112s][info][gc             ] GC(357) Pause Remark 794M->689M(978M) 7.715ms
[169.112s][info][gc,cpu         ] GC(357) User=0.02s Sys=0.00s Real=0.00s
[169.113s][info][gc,marking     ] GC(357) Concurrent Mark 1631.895ms
[169.113s][info][gc,marking     ] GC(357) Concurrent Rebuild Remembered Sets and Scrub Regions
[169.538s][info][gc,start       ] GC(360) Pause Young (Normal) (G1 Evacuation Pause)
[169.538s][info][gc,task        ] GC(360) Using 2 workers of 2 for evacuation
[169.553s][info][gc,phases      ] GC(360)   Pre Evacuate Collection Set: 0.34ms
[169.554s][info][gc,phases      ] GC(360)   Merge Heap Roots: 0.20ms
[169.554s][info][gc,phases      ] GC(360)   Evacuate Collection Set: 14.47ms
[169.554s][info][gc,phases      ] GC(360)   Post Evacuate Collection Set: 0.54ms
[169.554s][info][gc,phases      ] GC(360)   Other: 0.12ms
[169.554s][info][gc,heap        ] GC(360) Eden regions: 258->0(353)
[169.554s][info][gc,heap        ] GC(360) Survivor regions: 9->11(34)
[169.554s][info][gc,heap        ] GC(360) Old regions: 540->540
[169.554s][info][gc,heap        ] GC(360) Humongous regions: 7->7
[169.554s][info][gc,metaspace   ] GC(360) Metaspace: 18253K(18432K)->18253K(18432K) NonClass: 16425K(16576K)->16425K(16576K) Class: 1828K(1856K)->1828K(1856K)
[169.554s][info][gc             ] GC(360) Pause Young (Normal) (G1 Evacuation Pause) 812M->557M(978M) 15.955ms
[169.554s][info][gc,cpu         ] GC(360) User=0.03s Sys=0.00s Real=0.01s
[169.604s][info][gc,marking     ] GC(357) Concurrent Rebuild Remembered Sets and Scrub Regions 490.853ms
[169.604s][info][gc,start       ] GC(357) Pause Cleanup
[169.604s][info][gc             ] GC(357) Pause Cleanup 568M->568M(978M) 0.163ms
[169.604s][info][gc,cpu         ] GC(357) User=0.00s Sys=0.00s Real=0.01s
[169.605s][info][gc,marking     ] GC(357) Concurrent Clear Claimed Marks
[169.605s][info][gc,marking     ] GC(357) Concurrent Clear Claimed Marks 0.053ms
[169.605s][info][gc,marking     ] GC(357) Concurrent Cleanup for Next Mark
[169.608s][info][gc,marking     ] GC(357) Concurrent Cleanup for Next Mark 3.086ms
[169.608s][info][gc             ] GC(357) Concurrent Mark Cycle 2153.049ms
[170.259s][info][gc,start       ] GC(361) Pause Young (Prepare Mixed) (G1 Evacuation Pause)
[170.260s][info][gc,task        ] GC(361) Using 2 workers of 2 for evacuation
[170.294s][info][gc,phases      ] GC(361)   Pre Evacuate Collection Set: 0.33ms
[170.294s][info][gc,phases      ] GC(361)   Merge Heap Roots: 0.24ms
[170.294s][info][gc,phases      ] GC(361)   Evacuate Collection Set: 32.79ms
[170.294s][info][gc,phases      ] GC(361)   Post Evacuate Collection Set: 0.61ms
[170.294s][info][gc,phases      ] GC(361)   Other: 0.10ms
[170.294s][info][gc,heap        ] GC(361) Eden regions: 353->0(331)
[170.294s][info][gc,heap        ] GC(361) Survivor regions: 11->25(46)
[170.294s][info][gc,heap        ] GC(361) Old regions: 540->540
[170.294s][info][gc,heap        ] GC(361) Humongous regions: 7->7
[170.294s][info][gc,metaspace   ] GC(361) Metaspace: 18253K(18432K)->18253K(18432K) NonClass: 16425K(16576K)->16425K(16576K) Class: 1828K(1856K)->1828K(1856K)
[170.294s][info][gc             ] GC(361) Pause Young (Prepare Mixed) (G1 Evacuation Pause) 910M->571M(978M) 34.389ms
[170.294s][info][gc,cpu         ] GC(361) User=0.07s Sys=0.00s Real=0.03s
[170.689s][info][gc,start       ] GC(362) Pause Young (Mixed) (G1 Evacuation Pause)
[170.689s][info][gc,task        ] GC(362) Using 2 workers of 2 for evacuation
[170.772s][info][gc,phases      ] GC(362)   Pre Evacuate Collection Set: 0.35ms
[170.772s][info][gc,phases      ] GC(362)   Merge Heap Roots: 0.24ms
[170.772s][info][gc,phases      ] GC(362)   Evacuate Collection Set: 81.45ms
[170.772s][info][gc,phases      ] GC(362)   Post Evacuate Collection Set: 0.85ms
[170.772s][info][gc,phases      ] GC(362)   Other: 0.13ms
[170.772s][info][gc,heap        ] GC(362) Eden regions: 331->0(273)
[170.772s][info][gc,heap        ] GC(362) Survivor regions: 25->45(45)
[170.772s][info][gc,heap        ] GC(362) Old regions: 540->558
[170.772s][info][gc,heap        ] GC(362) Humongous regions: 7->7
[170.772s][info][gc,metaspace   ] GC(362) Metaspace: 18253K(18432K)->18253K(18432K) NonClass: 16425K(16576K)->16425K(16576K) Class: 1828K(1856K)->1828K(1856K)
[170.772s][info][gc             ] GC(362) Pause Young (Mixed) (G1 Evacuation Pause) (Evacuation Failure: Allocation) 902M->609M(978M) 83.344ms
[170.772s][info][gc,cpu         ] GC(362) User=0.16s Sys=0.00s Real=0.08s
[171.043s][info][gc,start       ] GC(363) Pause Young (Concurrent Start) (G1 Humongous Allocation)
[171.043s][info][gc,task        ] GC(363) Using 2 workers of 2 for evacuation
[171.119s][info][gc,phases      ] GC(363)   Pre Evacuate Collection Set: 0.53ms
[171.119s][info][gc,phases      ] GC(363)   Merge Heap Roots: 0.71ms
[171.119s][info][gc,phases      ] GC(363)   Evacuate Collection Set: 73.54ms
[171.119s][info][gc,phases      ] GC(363)   Post Evacuate Collection Set: 0.67ms
[171.119s][info][gc,phases      ] GC(363)   Other: 0.22ms
[171.119s][info][gc,heap        ] GC(363) Eden regions: 138->0(259)
[171.119s][info][gc,heap        ] GC(363) Survivor regions: 45->13(40)
[171.119s][info][gc,heap        ] GC(363) Old regions: 558->602
[171.119s][info][gc,heap        ] GC(363) Humongous regions: 7->7
[171.119s][info][gc,metaspace   ] GC(363) Metaspace: 18254K(18432K)->18254K(18432K) NonClass: 16426K(16576K)->16426K(16576K) Class: 1828K(1856K)->1828K(1856K)
[171.119s][info][gc             ] GC(363) Pause Young (Concurrent Start) (G1 Humongous Allocation) 747M->620M(978M) 76.002ms
[171.119s][info][gc             ] GC(364) Concurrent Mark Cycle
[171.119s][info][gc,marking     ] GC(364) Concurrent Scan Root Regions
[171.120s][info][gc,cpu         ] GC(363) User=0.15s Sys=0.00s Real=0.08s
[171.195s][info][gc,marking     ] GC(364) Concurrent Scan Root Regions 75.291ms
[171.195s][info][gc,marking     ] GC(364) Concurrent Mark
[171.195s][info][gc,marking     ] GC(364) Concurrent Mark From Roots
[171.195s][info][gc,task        ] GC(364) Using 1 workers of 1 for marking
[172.154s][info][gc,start       ] GC(365) Pause Young (Normal) (G1 Evacuation Pause)
[172.154s][info][gc,task        ] GC(365) Using 2 workers of 2 for evacuation
[172.191s][info][gc,phases      ] GC(365)   Pre Evacuate Collection Set: 0.33ms
[172.191s][info][gc,phases      ] GC(365)   Merge Heap Roots: 0.38ms
[172.191s][info][gc,phases      ] GC(365)   Evacuate Collection Set: 35.97ms
[172.191s][info][gc,phases      ] GC(365)   Post Evacuate Collection Set: 0.66ms
[172.191s][info][gc,phases      ] GC(365)   Other: 0.11ms
[172.191s][info][gc,heap        ] GC(365) Eden regions: 259->0(265)
[172.191s][info][gc,heap        ] GC(365) Survivor regions: 13->18(34)
[172.191s][info][gc,heap        ] GC(365) Old regions: 602->602
[172.191s][info][gc,heap        ] GC(365) Humongous regions: 10->10
[172.191s][info][gc,metaspace   ] GC(365) Metaspace: 18254K(18432K)->18254K(18432K) NonClass: 16426K(16576K)->16426K(16576K) Class: 1828K(1856K)->1828K(1856K)
[172.191s][info][gc             ] GC(365) Pause Young (Normal) (G1 Evacuation Pause) 882M->629M(978M) 37.751ms
[172.192s][info][gc,cpu         ] GC(365) User=0.07s Sys=0.00s Real=0.04s
[172.453s][info][gc,marking     ] GC(364) Concurrent Mark From Roots 1257.826ms
[172.453s][info][gc,marking     ] GC(364) Concurrent Preclean
[172.453s][info][gc,marking     ] GC(364) Concurrent Preclean 0.033ms
[172.453s][info][gc,start       ] GC(364) Pause Remark
[172.460s][info][gc             ] GC(364) Pause Remark 704M->571M(978M) 7.661ms
[172.461s][info][gc,cpu         ] GC(364) User=0.02s Sys=0.00s Real=0.01s
[172.461s][info][gc,marking     ] GC(364) Concurrent Mark 1265.890ms
[172.461s][info][gc,marking     ] GC(364) Concurrent Rebuild Remembered Sets and Scrub Regions
[172.842s][info][gc,marking     ] GC(364) Concurrent Rebuild Remembered Sets and Scrub Regions 381.080ms
[172.843s][info][gc,start       ] GC(364) Pause Cleanup
[172.843s][info][gc             ] GC(364) Pause Cleanup 714M->714M(978M) 0.160ms
[172.843s][info][gc,cpu         ] GC(364) User=0.00s Sys=0.00s Real=0.00s
[172.843s][info][gc,marking     ] GC(364) Concurrent Clear Claimed Marks
[172.843s][info][gc,marking     ] GC(364) Concurrent Clear Claimed Marks 0.031ms
[172.843s][info][gc,marking     ] GC(364) Concurrent Cleanup for Next Mark
[172.848s][info][gc,marking     ] GC(364) Concurrent Cleanup for Next Mark 5.019ms
[172.848s][info][gc             ] GC(364) Concurrent Mark Cycle 1728.751ms
[172.924s][info][gc,start       ] GC(366) Pause Young (Prepare Mixed) (G1 Evacuation Pause)
[172.924s][info][gc,task        ] GC(366) Using 2 workers of 2 for evacuation
[172.962s][info][gc,phases      ] GC(366)   Pre Evacuate Collection Set: 0.30ms
[172.962s][info][gc,phases      ] GC(366)   Merge Heap Roots: 0.54ms
[172.962s][info][gc,phases      ] GC(366)   Evacuate Collection Set: 36.04ms
[172.962s][info][gc,phases      ] GC(366)   Post Evacuate Collection Set: 0.65ms
[172.962s][info][gc,phases      ] GC(366)   Other: 0.16ms
[172.962s][info][gc,heap        ] GC(366) Eden regions: 265->0(386)
[172.962s][info][gc,heap        ] GC(366) Survivor regions: 18->19(36)
[172.962s][info][gc,heap        ] GC(366) Old regions: 471->471
[172.962s][info][gc,heap        ] GC(366) Humongous regions: 8->8
[172.962s][info][gc,metaspace   ] GC(366) Metaspace: 18254K(18432K)->18254K(18432K) NonClass: 16426K(16576K)->16426K(16576K) Class: 1828K(1856K)->1828K(1856K)
[172.962s][info][gc             ] GC(366) Pause Young (Prepare Mixed) (G1 Evacuation Pause) 761M->496M(978M) 37.974ms
[172.962s][info][gc,cpu         ] GC(366) User=0.07s Sys=0.00s Real=0.04s
[173.624s][info][gc,start       ] GC(367) Pause Young (Mixed) (G1 Evacuation Pause)
[173.624s][info][gc,task        ] GC(367) Using 2 workers of 2 for evacuation
[173.662s][info][gc,phases      ] GC(367)   Pre Evacuate Collection Set: 0.35ms
[173.662s][info][gc,phases      ] GC(367)   Merge Heap Roots: 0.37ms
[173.662s][info][gc,phases      ] GC(367)   Evacuate Collection Set: 36.77ms
[173.662s][info][gc,phases      ] GC(367)   Post Evacuate Collection Set: 0.79ms
[173.662s][info][gc,phases      ] GC(367)   Other: 0.13ms
[173.662s][info][gc,heap        ] GC(367) Eden regions: 386->0(436)
[173.662s][info][gc,heap        ] GC(367) Survivor regions: 19->19(51)
[173.663s][info][gc,heap        ] GC(367) Old regions: 471->430
[173.663s][info][gc,heap        ] GC(367) Humongous regions: 8->8
[173.663s][info][gc,metaspace   ] GC(367) Metaspace: 18254K(18432K)->18254K(18432K) NonClass: 16426K(16576K)->16426K(16576K) Class: 1828K(1856K)->1828K(1856K)
[173.663s][info][gc             ] GC(367) Pause Young (Mixed) (G1 Evacuation Pause) 882M->455M(978M) 38.712ms
[173.663s][info][gc,cpu         ] GC(367) User=0.08s Sys=0.00s Real=0.04s
[174.172s][info][gc,start       ] GC(368) Pause Young (Concurrent Start) (G1 Evacuation Pause)
[174.172s][info][gc,task        ] GC(368) Using 2 workers of 2 for evacuation
[174.244s][info][gc,phases      ] GC(368)   Pre Evacuate Collection Set: 0.34ms
[174.245s][info][gc,phases      ] GC(368)   Merge Heap Roots: 0.39ms
[174.245s][info][gc,phases      ] GC(368)   Evacuate Collection Set: 70.28ms
[174.245s][info][gc,phases      ] GC(368)   Post Evacuate Collection Set: 0.80ms
[174.245s][info][gc,phases      ] GC(368)   Other: 0.16ms
[174.245s][info][gc,heap        ] GC(368) Eden regions: 436->0(398)
[174.245s][info][gc,heap        ] GC(368) Survivor regions: 19->46(57)
[174.245s][info][gc,heap        ] GC(368) Old regions: 430->430
[174.245s][info][gc,heap        ] GC(368) Humongous regions: 8->8
[174.245s][info][gc,metaspace   ] GC(368) Metaspace: 18254K(18432K)->18254K(18432K) NonClass: 16426K(16576K)->16426K(16576K) Class: 1828K(1856K)->1828K(1856K)
[174.245s][info][gc             ] GC(368) Pause Young (Concurrent Start) (G1 Evacuation Pause) 891M->483M(978M) 72.253ms
[174.245s][info][gc             ] GC(369) Concurrent Mark Cycle
[174.245s][info][gc,marking     ] GC(369) Concurrent Scan Root Regions
[174.245s][info][gc,cpu         ] GC(368) User=0.14s Sys=0.00s Real=0.08s
[174.347s][info][gc,marking     ] GC(369) Concurrent Scan Root Regions 102.541ms
[174.347s][info][gc,marking     ] GC(369) Concurrent Mark
[174.347s][info][gc,marking     ] GC(369) Concurrent Mark From Roots
[174.347s][info][gc,task        ] GC(369) Using 1 workers of 1 for marking
[175.114s][info][gc,start       ] GC(370) Pause Young (Normal) (G1 Evacuation Pause)
[175.115s][info][gc,task        ] GC(370) Using 2 workers of 2 for evacuation
[175.198s][info][gc,phases      ] GC(370)   Pre Evacuate Collection Set: 0.54ms
[175.198s][info][gc,phases      ] GC(370)   Merge Heap Roots: 0.40ms
[175.198s][info][gc,phases      ] GC(370)   Evacuate Collection Set: 81.90ms
[175.198s][info][gc,phases      ] GC(370)   Post Evacuate Collection Set: 0.73ms
[175.198s][info][gc,phases      ] GC(370)   Other: 0.12ms
[175.198s][info][gc,heap        ] GC(370) Eden regions: 398->0(388)
[175.198s][info][gc,heap        ] GC(370) Survivor regions: 46->42(56)
[175.198s][info][gc,heap        ] GC(370) Old regions: 430->448
[175.198s][info][gc,heap        ] GC(370) Humongous regions: 8->8
[175.198s][info][gc,metaspace   ] GC(370) Metaspace: 18254K(18432K)->18254K(18432K) NonClass: 16426K(16576K)->16426K(16576K) Class: 1828K(1856K)->1828K(1856K)
[175.198s][info][gc             ] GC(370) Pause Young (Normal) (G1 Evacuation Pause) 881M->497M(978M) 83.935ms
[175.198s][info][gc,cpu         ] GC(370) User=0.17s Sys=0.00s Real=0.08s
[175.344s][info][gc,marking     ] GC(369) Concurrent Mark From Roots 996.875ms
[175.344s][info][gc,marking     ] GC(369) Concurrent Preclean
[175.344s][info][gc,marking     ] GC(369) Concurrent Preclean 0.033ms
[175.344s][info][gc,start       ] GC(369) Pause Remark
[175.352s][info][gc             ] GC(369) Pause Remark 526M->450M(978M) 7.471ms
[175.352s][info][gc,cpu         ] GC(369) User=0.01s Sys=0.01s Real=0.00s
[175.354s][info][gc,marking     ] GC(369) Concurrent Mark 1006.265ms
[175.354s][info][gc,marking     ] GC(369) Concurrent Rebuild Remembered Sets and Scrub Regions
[175.658s][info][gc,marking     ] GC(369) Concurrent Rebuild Remembered Sets and Scrub Regions 304.166ms
[175.658s][info][gc,start       ] GC(369) Pause Cleanup
[175.658s][info][gc             ] GC(369) Pause Cleanup 559M->559M(978M) 0.123ms
[175.658s][info][gc,cpu         ] GC(369) User=0.00s Sys=0.00s Real=0.00s
[175.660s][info][gc,marking     ] GC(369) Concurrent Clear Claimed Marks
[175.660s][info][gc,marking     ] GC(369) Concurrent Clear Claimed Marks 0.055ms
[175.660s][info][gc,marking     ] GC(369) Concurrent Cleanup for Next Mark
[175.663s][info][gc,marking     ] GC(369) Concurrent Cleanup for Next Mark 2.985ms
[175.663s][info][gc             ] GC(369) Concurrent Mark Cycle 1418.679ms
[175.934s][info][gc,start       ] GC(371) Pause Young (Prepare Mixed) (G1 Evacuation Pause)
[175.934s][info][gc,task        ] GC(371) Using 2 workers of 2 for evacuation
[176.049s][info][gc,phases      ] GC(371)   Pre Evacuate Collection Set: 0.41ms
[176.049s][info][gc,phases      ] GC(371)   Merge Heap Roots: 0.50ms
[176.049s][info][gc,phases      ] GC(371)   Evacuate Collection Set: 112.52ms
[176.049s][info][gc,phases      ] GC(371)   Post Evacuate Collection Set: 1.08ms
[176.049s][info][gc,phases      ] GC(371)   Other: 0.11ms
[176.049s][info][gc,heap        ] GC(371) Eden regions: 388->0(406)
[176.049s][info][gc,heap        ] GC(371) Survivor regions: 42->54(54)
[176.049s][info][gc,heap        ] GC(371) Old regions: 375->409
[176.049s][info][gc,heap        ] GC(371) Humongous regions: 5->5
[176.049s][info][gc,metaspace   ] GC(371) Metaspace: 18256K(18432K)->18256K(18432K) NonClass: 16427K(16576K)->16427K(16576K) Class: 1828K(1856K)->1828K(1856K)
[176.049s][info][gc             ] GC(371) Pause Young (Prepare Mixed) (G1 Evacuation Pause) 809M->467M(978M) 114.936ms
[176.049s][info][gc,cpu         ] GC(371) User=0.23s Sys=0.00s Real=0.12s
[176.490s][info][gc,start       ] GC(372) Pause Young (Mixed) (G1 Evacuation Pause)
[176.490s][info][gc,task        ] GC(372) Using 2 workers of 2 for evacuation
[176.656s][info][gc,phases      ] GC(372)   Pre Evacuate Collection Set: 0.58ms
[176.656s][info][gc,phases      ] GC(372)   Merge Heap Roots: 0.87ms
[176.656s][info][gc,phases      ] GC(372)   Evacuate Collection Set: 160.12ms
[176.656s][info][gc,phases      ] GC(372)   Post Evacuate Collection Set: 4.61ms
[176.656s][info][gc,phases      ] GC(372)   Other: 0.11ms
[176.656s][info][gc,heap        ] GC(372) Eden regions: 406->0(353)
[176.656s][info][gc,heap        ] GC(372) Survivor regions: 54->49(58)
[176.656s][info][gc,heap        ] GC(372) Old regions: 409->471
[176.656s][info][gc,heap        ] GC(372) Humongous regions: 5->5
[176.656s][info][gc,metaspace   ] GC(372) Metaspace: 18258K(18432K)->18258K(18432K) NonClass: 16430K(16576K)->16430K(16576K) Class: 1828K(1856K)->1828K(1856K)
[176.656s][info][gc             ] GC(372) Pause Young (Mixed) (G1 Evacuation Pause) (Evacuation Failure: Allocation) 873M->524M(978M) 166.575ms
[176.656s][info][gc,cpu         ] GC(372) User=0.33s Sys=0.00s Real=0.17s
[177.017s][info][gc,start       ] GC(373) Pause Young (Mixed) (G1 Evacuation Pause)
[177.017s][info][gc,task        ] GC(373) Using 2 workers of 2 for evacuation
[177.177s][info][gc,phases      ] GC(373)   Pre Evacuate Collection Set: 0.39ms
[177.177s][info][gc,phases      ] GC(373)   Merge Heap Roots: 0.90ms
[177.177s][info][gc,phases      ] GC(373)   Evacuate Collection Set: 151.57ms
[177.177s][info][gc,phases      ] GC(373)   Post Evacuate Collection Set: 6.32ms
[177.177s][info][gc,phases      ] GC(373)   Other: 0.12ms
[177.177s][info][gc,heap        ] GC(373) Eden regions: 353->0(195)
[177.177s][info][gc,heap        ] GC(373) Survivor regions: 49->51(51)
[177.177s][info][gc,heap        ] GC(373) Old regions: 471->587
[177.177s][info][gc,heap        ] GC(373) Humongous regions: 5->5
[177.177s][info][gc,metaspace   ] GC(373) Metaspace: 18267K(18432K)->18267K(18432K) NonClass: 16439K(16576K)->16439K(16576K) Class: 1828K(1856K)->1828K(1856K)
[177.177s][info][gc             ] GC(373) Pause Young (Mixed) (G1 Evacuation Pause) (Evacuation Failure: Allocation) 877M->642M(978M) 159.622ms
[177.177s][info][gc,cpu         ] GC(373) User=0.31s Sys=0.00s Real=0.16s
[177.179s][info][gc,start       ] GC(374) Pause Young (Mixed) (G1 Evacuation Pause)
[177.179s][info][gc,task        ] GC(374) Using 2 workers of 2 for evacuation
[177.342s][info][gc,phases      ] GC(374)   Pre Evacuate Collection Set: 0.30ms
[177.342s][info][gc,phases      ] GC(374)   Merge Heap Roots: 1.48ms
[177.342s][info][gc,phases      ] GC(374)   Evacuate Collection Set: 146.46ms
[177.342s][info][gc,phases      ] GC(374)   Merge Optional Heap Roots: 0.15ms
[177.342s][info][gc,phases      ] GC(374)   Evacuate Optional Collection Set: 13.77ms
[177.342s][info][gc,phases      ] GC(374)   Post Evacuate Collection Set: 0.69ms
[177.343s][info][gc,phases      ] GC(374)   Other: 0.16ms
[177.343s][info][gc,heap        ] GC(374) Eden regions: 1->0(330)
[177.343s][info][gc,heap        ] GC(374) Survivor regions: 51->1(7)
[177.343s][info][gc,heap        ] GC(374) Old regions: 587->521
[177.343s][info][gc,heap        ] GC(374) Humongous regions: 5->5
[177.343s][info][gc,metaspace   ] GC(374) Metaspace: 18267K(18432K)->18267K(18432K) NonClass: 16439K(16576K)->16439K(16576K) Class: 1828K(1856K)->1828K(1856K)
[177.343s][info][gc             ] GC(374) Pause Young (Mixed) (G1 Evacuation Pause) 643M->526M(978M) 163.284ms
[177.343s][info][gc,cpu         ] GC(374) User=0.32s Sys=0.00s Real=0.16s
[177.614s][info][gc,start       ] GC(375) Pause Young (Concurrent Start) (G1 Evacuation Pause)
[177.614s][info][gc,task        ] GC(375) Using 2 workers of 2 for evacuation
[177.625s][info][gc,phases      ] GC(375)   Pre Evacuate Collection Set: 0.34ms
[177.625s][info][gc,phases      ] GC(375)   Merge Heap Roots: 0.25ms
[177.625s][info][gc,phases      ] GC(375)   Evacuate Collection Set: 9.85ms
[177.625s][info][gc,phases      ] GC(375)   Post Evacuate Collection Set: 0.57ms
[177.625s][info][gc,phases      ] GC(375)   Other: 0.15ms
[177.625s][info][gc,heap        ] GC(375) Eden regions: 330->0(346)
[177.625s][info][gc,heap        ] GC(375) Survivor regions: 1->4(42)
[177.625s][info][gc,heap        ] GC(375) Old regions: 521->521
[177.625s][info][gc,heap        ] GC(375) Humongous regions: 5->5
[177.625s][info][gc,metaspace   ] GC(375) Metaspace: 18267K(18432K)->18267K(18432K) NonClass: 16439K(16576K)->16439K(16576K) Class: 1828K(1856K)->1828K(1856K)
[177.625s][info][gc             ] GC(375) Pause Young (Concurrent Start) (G1 Evacuation Pause) 856M->529M(978M) 11.426ms
[177.625s][info][gc             ] GC(376) Concurrent Mark Cycle
[177.625s][info][gc,marking     ] GC(376) Concurrent Scan Root Regions
[177.625s][info][gc,cpu         ] GC(375) User=0.02s Sys=0.00s Real=0.02s
[177.636s][info][gc,marking     ] GC(376) Concurrent Scan Root Regions 10.787ms
[177.636s][info][gc,marking     ] GC(376) Concurrent Mark
[177.636s][info][gc,marking     ] GC(376) Concurrent Mark From Roots
[177.636s][info][gc,task        ] GC(376) Using 1 workers of 1 for marking
[178.380s][info][gc,start       ] GC(377) Pause Young (Normal) (G1 Evacuation Pause)
[178.381s][info][gc,task        ] GC(377) Using 2 workers of 2 for evacuation
[178.412s][info][gc,phases      ] GC(377)   Pre Evacuate Collection Set: 0.31ms
[178.412s][info][gc,phases      ] GC(377)   Merge Heap Roots: 0.24ms
[178.412s][info][gc,phases      ] GC(377)   Evacuate Collection Set: 30.28ms
[178.412s][info][gc,phases      ] GC(377)   Post Evacuate Collection Set: 0.64ms
[178.412s][info][gc,phases      ] GC(377)   Other: 0.13ms
[178.412s][info][gc,heap        ] GC(377) Eden regions: 346->0(337)
[178.412s][info][gc,heap        ] GC(377) Survivor regions: 4->22(44)
[178.412s][info][gc,heap        ] GC(377) Old regions: 521->521
[178.412s][info][gc,heap        ] GC(377) Humongous regions: 5->5
[178.412s][info][gc,metaspace   ] GC(377) Metaspace: 18267K(18432K)->18267K(18432K) NonClass: 16439K(16576K)->16439K(16576K) Class: 1828K(1856K)->1828K(1856K)
[178.412s][info][gc             ] GC(377) Pause Young (Normal) (G1 Evacuation Pause) 875M->547M(978M) 31.896ms
[178.412s][info][gc,cpu         ] GC(377) User=0.07s Sys=0.00s Real=0.03s
[178.845s][info][gc,start       ] GC(378) Pause Young (Normal) (G1 Evacuation Pause)
[178.845s][info][gc,task        ] GC(378) Using 2 workers of 2 for evacuation
[178.893s][info][gc,phases      ] GC(378)   Pre Evacuate Collection Set: 0.54ms
[178.893s][info][gc,phases      ] GC(378)   Merge Heap Roots: 0.58ms
[178.893s][info][gc,phases      ] GC(378)   Evacuate Collection Set: 45.91ms
[178.893s][info][gc,phases      ] GC(378)   Post Evacuate Collection Set: 0.71ms
[178.893s][info][gc,phases      ] GC(378)   Other: 0.09ms
[178.893s][info][gc,heap        ] GC(378) Eden regions: 337->0(336)
[178.893s][info][gc,heap        ] GC(378) Survivor regions: 22->33(45)
[178.893s][info][gc,heap        ] GC(378) Old regions: 521->521
[178.893s][info][gc,heap        ] GC(378) Humongous regions: 5->5
[178.893s][info][gc,metaspace   ] GC(378) Metaspace: 18268K(18432K)->18268K(18432K) NonClass: 16440K(16576K)->16440K(16576K) Class: 1828K(1856K)->1828K(1856K)
[178.893s][info][gc             ] GC(378) Pause Young (Normal) (G1 Evacuation Pause) 884M->558M(978M) 48.153ms
[178.893s][info][gc,cpu         ] GC(378) User=0.10s Sys=0.01s Real=0.04s
[179.467s][info][gc,marking     ] GC(376) Concurrent Mark From Roots 1831.195ms
[179.467s][info][gc,marking     ] GC(376) Concurrent Preclean
[179.467s][info][gc,marking     ] GC(376) Concurrent Preclean 0.052ms
[179.468s][info][gc,start       ] GC(376) Pause Remark
[179.476s][info][gc             ] GC(376) Pause Remark 700M->700M(978M) 7.627ms
[179.476s][info][gc,cpu         ] GC(376) User=0.01s Sys=0.00s Real=0.01s
[179.479s][info][gc,marking     ] GC(376) Concurrent Mark 1843.284ms
[179.479s][info][gc,marking     ] GC(376) Concurrent Rebuild Remembered Sets and Scrub Regions
[179.939s][info][gc,start       ] GC(379) Pause Young (Normal) (G1 Evacuation Pause)
[179.939s][info][gc,task        ] GC(379) Using 2 workers of 2 for evacuation
[180.057s][info][gc,phases      ] GC(379)   Pre Evacuate Collection Set: 0.33ms
[180.057s][info][gc,phases      ] GC(379)   Merge Heap Roots: 0.93ms
[180.057s][info][gc,phases      ] GC(379)   Evacuate Collection Set: 115.86ms
[180.057s][info][gc,phases      ] GC(379)   Post Evacuate Collection Set: 0.75ms
[180.057s][info][gc,phases      ] GC(379)   Other: 0.12ms
[180.057s][info][gc,heap        ] GC(379) Eden regions: 336->0(272)
[180.057s][info][gc,heap        ] GC(379) Survivor regions: 33->47(47)
[180.057s][info][gc,heap        ] GC(379) Old regions: 521->554
[180.057s][info][gc,heap        ] GC(379) Humongous regions: 8->8
[180.057s][info][gc,metaspace   ] GC(379) Metaspace: 18281K(18432K)->18281K(18432K) NonClass: 16453K(16576K)->16453K(16576K) Class: 1828K(1856K)->1828K(1856K)
[180.057s][info][gc             ] GC(379) Pause Young (Normal) (G1 Evacuation Pause) 897M->608M(978M) 118.260ms
[180.057s][info][gc,cpu         ] GC(379) User=0.23s Sys=0.00s Real=0.12s
[180.190s][info][gc,marking     ] GC(376) Concurrent Rebuild Remembered Sets and Scrub Regions 710.752ms
[180.190s][info][gc,start       ] GC(376) Pause Cleanup
[180.190s][info][gc             ] GC(376) Pause Cleanup 672M->672M(978M) 0.128ms
[180.190s][info][gc,cpu         ] GC(376) User=0.00s Sys=0.00s Real=0.00s
[180.190s][info][gc,marking     ] GC(376) Concurrent Clear Claimed Marks
[180.190s][info][gc,marking     ] GC(376) Concurrent Clear Claimed Marks 0.036ms
[180.190s][info][gc,marking     ] GC(376) Concurrent Cleanup for Next Mark
[180.195s][info][gc,marking     ] GC(376) Concurrent Cleanup for Next Mark 4.965ms
[180.196s][info][gc             ] GC(376) Concurrent Mark Cycle 2570.397ms
[180.433s][info][gc,start       ] GC(380) Pause Young (Prepare Mixed) (G1 Evacuation Pause)
[180.434s][info][gc,task        ] GC(380) Using 2 workers of 2 for evacuation
[180.516s][info][gc,phases      ] GC(380)   Pre Evacuate Collection Set: 0.54ms
[180.516s][info][gc,phases      ] GC(380)   Merge Heap Roots: 1.15ms
[180.516s][info][gc,phases      ] GC(380)   Evacuate Collection Set: 80.00ms
[180.516s][info][gc,phases      ] GC(380)   Post Evacuate Collection Set: 0.67ms
[180.516s][info][gc,phases      ] GC(380)   Other: 0.11ms
[180.516s][info][gc,heap        ] GC(380) Eden regions: 272->0(277)
[180.516s][info][gc,heap        ] GC(380) Survivor regions: 47->10(40)
[180.516s][info][gc,heap        ] GC(380) Old regions: 554->601
[180.516s][info][gc,heap        ] GC(380) Humongous regions: 8->8
[180.516s][info][gc,metaspace   ] GC(380) Metaspace: 18286K(18432K)->18286K(18432K) NonClass: 16458K(16576K)->16458K(16576K) Class: 1828K(1856K)->1828K(1856K)
[180.516s][info][gc             ] GC(380) Pause Young (Prepare Mixed) (G1 Evacuation Pause) 880M->618M(978M) 82.745ms
[180.516s][info][gc,cpu         ] GC(380) User=0.16s Sys=0.00s Real=0.09s
[180.812s][info][gc,start       ] GC(381) Pause Young (Mixed) (G1 Evacuation Pause)
[180.812s][info][gc,task        ] GC(381) Using 2 workers of 2 for evacuation
[180.847s][info][gc,phases      ] GC(381)   Pre Evacuate Collection Set: 0.37ms
[180.847s][info][gc,phases      ] GC(381)   Merge Heap Roots: 0.44ms
[180.847s][info][gc,phases      ] GC(381)   Evacuate Collection Set: 33.35ms
[180.847s][info][gc,phases      ] GC(381)   Post Evacuate Collection Set: 0.74ms
[180.847s][info][gc,phases      ] GC(381)   Other: 0.16ms
[180.847s][info][gc,heap        ] GC(381) Eden regions: 277->0(290)
[180.847s][info][gc,heap        ] GC(381) Survivor regions: 10->13(36)
[180.847s][info][gc,heap        ] GC(381) Old regions: 601->594
[180.847s][info][gc,heap        ] GC(381) Humongous regions: 8->8
[180.847s][info][gc,metaspace   ] GC(381) Metaspace: 18290K(18432K)->18290K(18432K) NonClass: 16462K(16576K)->16462K(16576K) Class: 1828K(1856K)->1828K(1856K)
[180.847s][info][gc             ] GC(381) Pause Young (Mixed) (G1 Evacuation Pause) 895M->614M(978M) 35.400ms
[180.847s][info][gc,cpu         ] GC(381) User=0.07s Sys=0.00s Real=0.04s
[181.234s][info][gc,start       ] GC(382) Pause Young (Concurrent Start) (G1 Evacuation Pause)
[181.234s][info][gc,task        ] GC(382) Using 2 workers of 2 for evacuation
[181.264s][info][gc,phases      ] GC(382)   Pre Evacuate Collection Set: 0.39ms
[181.264s][info][gc,phases      ] GC(382)   Merge Heap Roots: 0.25ms
[181.264s][info][gc,phases      ] GC(382)   Evacuate Collection Set: 27.98ms
[181.264s][info][gc,phases      ] GC(382)   Post Evacuate Collection Set: 0.62ms
[181.264s][info][gc,phases      ] GC(382)   Other: 0.27ms
[181.264s][info][gc,heap        ] GC(382) Eden regions: 290->0(284)
[181.264s][info][gc,heap        ] GC(382) Survivor regions: 13->21(38)
[181.264s][info][gc,heap        ] GC(382) Old regions: 594->594
[181.264s][info][gc,heap        ] GC(382) Humongous regions: 8->8
[181.264s][info][gc,metaspace   ] GC(382) Metaspace: 18295K(18432K)->18295K(18432K) NonClass: 16466K(16576K)->16466K(16576K) Class: 1828K(1856K)->1828K(1856K)
[181.264s][info][gc             ] GC(382) Pause Young (Concurrent Start) (G1 Evacuation Pause) 904M->622M(978M) 29.788ms
[181.264s][info][gc,cpu         ] GC(382) User=0.05s Sys=0.00s Real=0.03s
[181.264s][info][gc             ] GC(383) Concurrent Mark Cycle
[181.268s][info][gc,marking     ] GC(383) Concurrent Scan Root Regions
[181.316s][info][gc,marking     ] GC(383) Concurrent Scan Root Regions 47.487ms
[181.316s][info][gc,marking     ] GC(383) Concurrent Mark
[181.316s][info][gc,marking     ] GC(383) Concurrent Mark From Roots
[181.316s][info][gc,task        ] GC(383) Using 1 workers of 1 for marking
[182.632s][info][gc,start       ] GC(384) Pause Young (Normal) (G1 Evacuation Pause)
[182.632s][info][gc,task        ] GC(384) Using 2 workers of 2 for evacuation
[182.664s][info][gc,phases      ] GC(384)   Pre Evacuate Collection Set: 0.55ms
[182.664s][info][gc,phases      ] GC(384)   Merge Heap Roots: 0.34ms
[182.664s][info][gc,phases      ] GC(384)   Evacuate Collection Set: 29.61ms
[182.664s][info][gc,phases      ] GC(384)   Post Evacuate Collection Set: 0.58ms
[182.664s][info][gc,phases      ] GC(384)   Other: 0.09ms
[182.664s][info][gc,heap        ] GC(384) Eden regions: 284->0(292)
[182.664s][info][gc,heap        ] GC(384) Survivor regions: 21->12(39)
[182.664s][info][gc,heap        ] GC(384) Old regions: 594->604
[182.664s][info][gc,heap        ] GC(384) Humongous regions: 8->8
[182.664s][info][gc,metaspace   ] GC(384) Metaspace: 18300K(18432K)->18300K(18432K) NonClass: 16471K(16576K)->16471K(16576K) Class: 1828K(1856K)->1828K(1856K)
[182.664s][info][gc             ] GC(384) Pause Young (Normal) (G1 Evacuation Pause) 906M->623M(978M) 31.400ms
[182.664s][info][gc,cpu         ] GC(384) User=0.06s Sys=0.00s Real=0.03s
[183.585s][info][gc,marking     ] GC(383) Concurrent Mark From Roots 2268.736ms
[183.585s][info][gc,marking     ] GC(383) Concurrent Preclean
[183.585s][info][gc,marking     ] GC(383) Concurrent Preclean 0.054ms
[183.585s][info][gc,start       ] GC(383) Pause Remark
[183.592s][info][gc             ] GC(383) Pause Remark 797M->796M(978M) 7.565ms
[183.593s][info][gc,cpu         ] GC(383) User=0.02s Sys=0.00s Real=0.00s
[183.593s][info][gc,marking     ] GC(383) Concurrent Mark 2276.731ms
[183.593s][info][gc,marking     ] GC(383) Concurrent Rebuild Remembered Sets and Scrub Regions
[184.012s][info][gc,start       ] GC(385) Pause Young (Normal) (G1 Evacuation Pause)
[184.013s][info][gc,task        ] GC(385) Using 2 workers of 2 for evacuation
[184.057s][info][gc,phases      ] GC(385)   Pre Evacuate Collection Set: 0.54ms
[184.058s][info][gc,phases      ] GC(385)   Merge Heap Roots: 0.32ms
[184.058s][info][gc,phases      ] GC(385)   Evacuate Collection Set: 43.39ms
[184.058s][info][gc,phases      ] GC(385)   Post Evacuate Collection Set: 0.65ms
[184.058s][info][gc,phases      ] GC(385)   Other: 0.09ms
[184.058s][info][gc,heap        ] GC(385) Eden regions: 292->0(249)
[184.058s][info][gc,heap        ] GC(385) Survivor regions: 12->34(38)
[184.058s][info][gc,heap        ] GC(385) Old regions: 604->604
[184.058s][info][gc,heap        ] GC(385) Humongous regions: 7->7
[184.058s][info][gc,metaspace   ] GC(385) Metaspace: 18300K(18432K)->18300K(18432K) NonClass: 16471K(16576K)->16471K(16576K) Class: 1828K(1856K)->1828K(1856K)
[184.058s][info][gc             ] GC(385) Pause Young (Normal) (G1 Evacuation Pause) 914M->644M(978M) 45.235ms
[184.058s][info][gc,cpu         ] GC(385) User=0.09s Sys=0.00s Real=0.05s
[184.330s][info][gc,marking     ] GC(383) Concurrent Rebuild Remembered Sets and Scrub Regions 737.729ms
[184.331s][info][gc,start       ] GC(383) Pause Cleanup
[184.331s][info][gc             ] GC(383) Pause Cleanup 755M->755M(978M) 0.134ms
[184.331s][info][gc,cpu         ] GC(383) User=0.00s Sys=0.00s Real=0.00s
[184.331s][info][gc,marking     ] GC(383) Concurrent Clear Claimed Marks
[184.331s][info][gc,marking     ] GC(383) Concurrent Clear Claimed Marks 0.047ms
[184.331s][info][gc,marking     ] GC(383) Concurrent Cleanup for Next Mark
[184.336s][info][gc,marking     ] GC(383) Concurrent Cleanup for Next Mark 5.030ms
[184.336s][info][gc             ] GC(383) Concurrent Mark Cycle 3071.898ms
[184.935s][info][gc,start       ] GC(386) Pause Young (Prepare Mixed) (G1 Evacuation Pause)
[184.935s][info][gc,task        ] GC(386) Using 2 workers of 2 for evacuation
[184.980s][info][gc,phases      ] GC(386)   Pre Evacuate Collection Set: 0.56ms
[184.980s][info][gc,phases      ] GC(386)   Merge Heap Roots: 0.41ms
[184.980s][info][gc,phases      ] GC(386)   Evacuate Collection Set: 43.57ms
[184.980s][info][gc,phases      ] GC(386)   Post Evacuate Collection Set: 0.60ms
[184.980s][info][gc,phases      ] GC(386)   Other: 0.09ms
[184.980s][info][gc,heap        ] GC(386) Eden regions: 249->0(281)
[184.980s][info][gc,heap        ] GC(386) Survivor regions: 34->1(36)
[184.980s][info][gc,heap        ] GC(386) Old regions: 604->638
[184.980s][info][gc,heap        ] GC(386) Humongous regions: 7->7
[184.980s][info][gc,metaspace   ] GC(386) Metaspace: 18301K(18432K)->18301K(18432K) NonClass: 16472K(16576K)->16472K(16576K) Class: 1828K(1856K)->1828K(1856K)
[184.980s][info][gc             ] GC(386) Pause Young (Prepare Mixed) (G1 Evacuation Pause) 893M->645M(978M) 45.434ms
[184.980s][info][gc,cpu         ] GC(386) User=0.09s Sys=0.00s Real=0.04s
[186.553s][info][gc,start       ] GC(387) Pause Young (Mixed) (G1 Evacuation Pause)
[186.553s][info][gc,task        ] GC(387) Using 2 workers of 2 for evacuation
[186.616s][info][gc,phases      ] GC(387)   Pre Evacuate Collection Set: 0.58ms
[186.616s][info][gc,phases      ] GC(387)   Merge Heap Roots: 0.56ms
[186.616s][info][gc,phases      ] GC(387)   Evacuate Collection Set: 61.91ms
[186.616s][info][gc,phases      ] GC(387)   Post Evacuate Collection Set: 0.59ms
[186.616s][info][gc,phases      ] GC(387)   Other: 0.09ms
[186.616s][info][gc,heap        ] GC(387) Eden regions: 281->0(283)
[186.616s][info][gc,heap        ] GC(387) Survivor regions: 1->3(36)
[186.617s][info][gc,heap        ] GC(387) Old regions: 638->632
[186.617s][info][gc,heap        ] GC(387) Humongous regions: 7->7
[186.617s][info][gc,metaspace   ] GC(387) Metaspace: 18336K(18432K)->18336K(18432K) NonClass: 16508K(16576K)->16508K(16576K) Class: 1828K(1856K)->1828K(1856K)
[186.617s][info][gc             ] GC(387) Pause Young (Mixed) (G1 Evacuation Pause) 926M->641M(978M) 63.974ms
[186.617s][info][gc,cpu         ] GC(387) User=0.12s Sys=0.00s Real=0.07s
[187.387s][info][gc,start       ] GC(388) Pause Young (Concurrent Start) (G1 Evacuation Pause)
[187.387s][info][gc,task        ] GC(388) Using 2 workers of 2 for evacuation
[187.408s][info][gc,phases      ] GC(388)   Pre Evacuate Collection Set: 0.38ms
[187.408s][info][gc,phases      ] GC(388)   Merge Heap Roots: 0.14ms
[187.408s][info][gc,phases      ] GC(388)   Evacuate Collection Set: 18.92ms
[187.408s][info][gc,phases      ] GC(388)   Post Evacuate Collection Set: 0.63ms
[187.408s][info][gc,phases      ] GC(388)   Other: 0.25ms
[187.408s][info][gc,heap        ] GC(388) Eden regions: 283->0(257)
[187.408s][info][gc,heap        ] GC(388) Survivor regions: 3->16(36)
[187.408s][info][gc,heap        ] GC(388) Old regions: 632->632
[187.408s][info][gc,heap        ] GC(388) Humongous regions: 7->7
[187.408s][info][gc,metaspace   ] GC(388) Metaspace: 18426K(18560K)->18426K(18560K) NonClass: 16597K(16704K)->16597K(16704K) Class: 1828K(1856K)->1828K(1856K)
[187.408s][info][gc             ] GC(388) Pause Young (Concurrent Start) (G1 Evacuation Pause) 924M->653M(978M) 20.605ms
[187.408s][info][gc,cpu         ] GC(388) User=0.04s Sys=0.00s Real=0.02s
[187.408s][info][gc             ] GC(389) Concurrent Mark Cycle
[187.408s][info][gc,marking     ] GC(389) Concurrent Scan Root Regions
[187.428s][info][gc,marking     ] GC(389) Concurrent Scan Root Regions 20.243ms
[187.428s][info][gc,marking     ] GC(389) Concurrent Mark
[187.428s][info][gc,marking     ] GC(389) Concurrent Mark From Roots
[187.428s][info][gc,task        ] GC(389) Using 1 workers of 1 for marking
[187.820s][info][gc,start       ] GC(390) Pause Young (Normal) (G1 Evacuation Pause)
[187.821s][info][gc,task        ] GC(390) Using 2 workers of 2 for evacuation
[187.956s][info][gc,phases      ] GC(390)   Pre Evacuate Collection Set: 0.56ms
[187.956s][info][gc,phases      ] GC(390)   Merge Heap Roots: 0.15ms
[187.956s][info][gc,phases      ] GC(390)   Evacuate Collection Set: 117.20ms
[187.956s][info][gc,phases      ] GC(390)   Post Evacuate Collection Set: 17.12ms
[187.956s][info][gc,phases      ] GC(390)   Other: 0.09ms
[187.956s][info][gc,heap        ] GC(390) Eden regions: 257->0(13)
[187.956s][info][gc,heap        ] GC(390) Survivor regions: 16->35(35)
[187.956s][info][gc,heap        ] GC(390) Old regions: 632->856
[187.956s][info][gc,heap        ] GC(390) Humongous regions: 7->7
[187.956s][info][gc,metaspace   ] GC(390) Metaspace: 18461K(18560K)->18461K(18560K) NonClass: 16632K(16704K)->16632K(16704K) Class: 1828K(1856K)->1828K(1856K)
[187.956s][info][gc             ] GC(390) Pause Young (Normal) (G1 Evacuation Pause) (Evacuation Failure: Allocation) 910M->897M(978M) 135.383ms
[187.956s][info][gc,cpu         ] GC(390) User=0.26s Sys=0.00s Real=0.14s
[187.989s][info][gc,start       ] GC(391) Pause Young (Normal) (G1 Evacuation Pause)
[187.989s][info][gc,task        ] GC(391) Using 2 workers of 2 for evacuation
[188.076s][info][gc,phases      ] GC(391)   Pre Evacuate Collection Set: 0.61ms
[188.076s][info][gc,phases      ] GC(391)   Merge Heap Roots: 0.71ms
[188.076s][info][gc,phases      ] GC(391)   Evacuate Collection Set: 82.72ms
[188.076s][info][gc,phases      ] GC(391)   Post Evacuate Collection Set: 2.88ms
[188.076s][info][gc,phases      ] GC(391)   Other: 0.08ms
[188.076s][info][gc,heap        ] GC(391) Eden regions: 13->0(126)
[188.076s][info][gc,heap        ] GC(391) Survivor regions: 35->2(6)
[188.076s][info][gc,heap        ] GC(391) Old regions: 856->791
[188.076s][info][gc,heap        ] GC(391) Humongous regions: 7->7
[188.076s][info][gc,metaspace   ] GC(391) Metaspace: 18461K(18560K)->18461K(18560K) NonClass: 16632K(16704K)->16632K(16704K) Class: 1828K(1856K)->1828K(1856K)
[188.077s][info][gc             ] GC(391) Pause Young (Normal) (G1 Evacuation Pause) (Evacuation Failure: Allocation) 910M->799M(978M) 87.244ms
[188.077s][info][gc,cpu         ] GC(391) User=0.17s Sys=0.00s Real=0.09s
[188.361s][info][gc,start       ] GC(392) Pause Young (Normal) (G1 Evacuation Pause)
[188.361s][info][gc,task        ] GC(392) Using 2 workers of 2 for evacuation
[188.431s][info][gc,phases      ] GC(392)   Pre Evacuate Collection Set: 0.58ms
[188.432s][info][gc,phases      ] GC(392)   Merge Heap Roots: 0.17ms
[188.432s][info][gc,phases      ] GC(392)   Evacuate Collection Set: 65.35ms
[188.432s][info][gc,phases      ] GC(392)   Post Evacuate Collection Set: 4.71ms
[188.432s][info][gc,phases      ] GC(392)   Other: 0.09ms
[188.432s][info][gc,heap        ] GC(392) Eden regions: 126->0(87)
[188.432s][info][gc,heap        ] GC(392) Survivor regions: 2->16(16)
[188.432s][info][gc,heap        ] GC(392) Old regions: 791->802
[188.432s][info][gc,heap        ] GC(392) Humongous regions: 7->7
[188.432s][info][gc,metaspace   ] GC(392) Metaspace: 18461K(18560K)->18461K(18560K) NonClass: 16632K(16704K)->16632K(16704K) Class: 1828K(1856K)->1828K(1856K)
[188.432s][info][gc             ] GC(392) Pause Young (Normal) (G1 Evacuation Pause) (Evacuation Failure: Allocation) 925M->824M(978M) 71.155ms
[188.432s][info][gc,cpu         ] GC(392) User=0.14s Sys=0.00s Real=0.07s
[188.674s][info][gc,start       ] GC(393) Pause Young (Normal) (G1 Evacuation Pause)
[188.674s][info][gc,task        ] GC(393) Using 2 workers of 2 for evacuation
[188.742s][info][gc,phases      ] GC(393)   Pre Evacuate Collection Set: 0.35ms
[188.742s][info][gc,phases      ] GC(393)   Merge Heap Roots: 0.40ms
[188.742s][info][gc,phases      ] GC(393)   Evacuate Collection Set: 66.58ms
[188.742s][info][gc,phases      ] GC(393)   Post Evacuate Collection Set: 0.51ms
[188.742s][info][gc,phases      ] GC(393)   Other: 0.08ms
[188.742s][info][gc,heap        ] GC(393) Eden regions: 87->0(93)
[188.742s][info][gc,heap        ] GC(393) Survivor regions: 16->13(13)
[188.742s][info][gc,heap        ] GC(393) Old regions: 802->801
[188.742s][info][gc,heap        ] GC(393) Humongous regions: 8->8
[188.742s][info][gc,metaspace   ] GC(393) Metaspace: 18461K(18560K)->18461K(18560K) NonClass: 16632K(16704K)->16632K(16704K) Class: 1828K(1856K)->1828K(1856K)
[188.742s][info][gc             ] GC(393) Pause Young (Normal) (G1 Evacuation Pause) 912M->821M(978M) 68.195ms
[188.742s][info][gc,cpu         ] GC(393) User=0.14s Sys=0.00s Real=0.07s
[188.959s][info][gc,start       ] GC(394) Pause Young (Normal) (G1 Evacuation Pause)
[188.959s][info][gc,task        ] GC(394) Using 2 workers of 2 for evacuation
[189.008s][info][gc,phases      ] GC(394)   Pre Evacuate Collection Set: 0.31ms
[189.008s][info][gc,phases      ] GC(394)   Merge Heap Roots: 0.69ms
[189.008s][info][gc,phases      ] GC(394)   Evacuate Collection Set: 47.36ms
[189.008s][info][gc,phases      ] GC(394)   Post Evacuate Collection Set: 0.64ms
[189.008s][info][gc,phases      ] GC(394)   Other: 0.13ms
[189.008s][info][gc,heap        ] GC(394) Eden regions: 93->0(92)
[189.008s][info][gc,heap        ] GC(394) Survivor regions: 13->7(14)
[189.008s][info][gc,heap        ] GC(394) Old regions: 801->814
[189.008s][info][gc,heap        ] GC(394) Humongous regions: 8->8
[189.008s][info][gc,metaspace   ] GC(394) Metaspace: 18461K(18560K)->18461K(18560K) NonClass: 16632K(16704K)->16632K(16704K) Class: 1828K(1856K)->1828K(1856K)
[189.008s][info][gc             ] GC(394) Pause Young (Normal) (G1 Evacuation Pause) 914M->828M(978M) 49.377ms
[189.008s][info][gc,cpu         ] GC(394) User=0.09s Sys=0.00s Real=0.05s
[189.274s][info][gc,start       ] GC(395) Pause Young (Normal) (G1 Evacuation Pause)
[189.274s][info][gc,task        ] GC(395) Using 2 workers of 2 for evacuation
[189.322s][info][gc,phases      ] GC(395)   Pre Evacuate Collection Set: 0.33ms
[189.322s][info][gc,phases      ] GC(395)   Merge Heap Roots: 0.72ms
[189.322s][info][gc,phases      ] GC(395)   Evacuate Collection Set: 46.31ms
[189.322s][info][gc,phases      ] GC(395)   Post Evacuate Collection Set: 0.70ms
[189.322s][info][gc,phases      ] GC(395)   Other: 0.10ms
[189.322s][info][gc,heap        ] GC(395) Eden regions: 92->0(78)
[189.322s][info][gc,heap        ] GC(395) Survivor regions: 7->13(13)
[189.322s][info][gc,heap        ] GC(395) Old regions: 814->816
[189.322s][info][gc,heap        ] GC(395) Humongous regions: 8->8
[189.322s][info][gc,metaspace   ] GC(395) Metaspace: 18511K(18688K)->18511K(18688K) NonClass: 16683K(16832K)->16683K(16832K) Class: 1828K(1856K)->1828K(1856K)
[189.322s][info][gc             ] GC(395) Pause Young (Normal) (G1 Evacuation Pause) 920M->836M(978M) 48.444ms
[189.322s][info][gc,cpu         ] GC(395) User=0.10s Sys=0.01s Real=0.05s
[189.613s][info][gc,start       ] GC(396) Pause Young (Normal) (G1 Evacuation Pause)
[189.613s][info][gc,task        ] GC(396) Using 2 workers of 2 for evacuation
[189.695s][info][gc,phases      ] GC(396)   Pre Evacuate Collection Set: 0.32ms
[189.695s][info][gc,phases      ] GC(396)   Merge Heap Roots: 0.87ms
[189.695s][info][gc,phases      ] GC(396)   Evacuate Collection Set: 80.45ms
[189.695s][info][gc,phases      ] GC(396)   Post Evacuate Collection Set: 0.42ms
[189.695s][info][gc,phases      ] GC(396)   Other: 0.09ms
[189.695s][info][gc,heap        ] GC(396) Eden regions: 78->0(54)
[189.695s][info][gc,heap        ] GC(396) Survivor regions: 13->12(12)
[189.695s][info][gc,heap        ] GC(396) Old regions: 816->839
[189.695s][info][gc,heap        ] GC(396) Humongous regions: 11->11
[189.695s][info][gc,metaspace   ] GC(396) Metaspace: 18511K(18688K)->18511K(18688K) NonClass: 16683K(16832K)->16683K(16832K) Class: 1828K(1856K)->1828K(1856K)
[189.695s][info][gc             ] GC(396) Pause Young (Normal) (G1 Evacuation Pause) 917M->861M(978M) 82.397ms
[189.695s][info][gc,cpu         ] GC(396) User=0.16s Sys=0.00s Real=0.09s
[189.808s][info][gc,start       ] GC(397) Pause Young (Normal) (G1 Evacuation Pause)
[189.808s][info][gc,task        ] GC(397) Using 2 workers of 2 for evacuation
[189.837s][info][gc,phases      ] GC(397)   Pre Evacuate Collection Set: 0.34ms
[189.837s][info][gc,phases      ] GC(397)   Merge Heap Roots: 0.15ms
[189.837s][info][gc,phases      ] GC(397)   Evacuate Collection Set: 27.46ms
[189.837s][info][gc,phases      ] GC(397)   Post Evacuate Collection Set: 0.35ms
[189.837s][info][gc,phases      ] GC(397)   Other: 0.13ms
[189.837s][info][gc,heap        ] GC(397) Eden regions: 54->0(52)
[189.837s][info][gc,heap        ] GC(397) Survivor regions: 12->7(9)
[189.837s][info][gc,heap        ] GC(397) Old regions: 839->851
[189.837s][info][gc,heap        ] GC(397) Humongous regions: 11->11
[189.837s][info][gc,metaspace   ] GC(397) Metaspace: 18511K(18688K)->18511K(18688K) NonClass: 16683K(16832K)->16683K(16832K) Class: 1828K(1856K)->1828K(1856K)
[189.837s][info][gc             ] GC(397) Pause Young (Normal) (G1 Evacuation Pause) 915M->868M(978M) 28.673ms
[189.837s][info][gc,cpu         ] GC(397) User=0.06s Sys=0.00s Real=0.03s
[189.921s][info][gc,start       ] GC(398) Pause Young (Normal) (G1 Evacuation Pause)
[189.921s][info][gc,task        ] GC(398) Using 2 workers of 2 for evacuation
[189.933s][info][gc,phases      ] GC(398)   Pre Evacuate Collection Set: 0.32ms
[189.933s][info][gc,phases      ] GC(398)   Merge Heap Roots: 0.12ms
[189.933s][info][gc,phases      ] GC(398)   Evacuate Collection Set: 11.06ms
[189.933s][info][gc,phases      ] GC(398)   Post Evacuate Collection Set: 0.35ms
[189.933s][info][gc,phases      ] GC(398)   Other: 0.14ms
[189.933s][info][gc,heap        ] GC(398) Eden regions: 52->0(55)
[189.933s][info][gc,heap        ] GC(398) Survivor regions: 7->2(8)
[189.933s][info][gc,heap        ] GC(398) Old regions: 851->858
[189.933s][info][gc,heap        ] GC(398) Humongous regions: 11->11
[189.933s][info][gc,metaspace   ] GC(398) Metaspace: 18511K(18688K)->18511K(18688K) NonClass: 16683K(16832K)->16683K(16832K) Class: 1828K(1856K)->1828K(1856K)
[189.933s][info][gc             ] GC(398) Pause Young (Normal) (G1 Evacuation Pause) 920M->869M(978M) 12.300ms
[189.933s][info][gc,cpu         ] GC(398) User=0.02s Sys=0.00s Real=0.01s
[189.974s][info][gc,marking     ] GC(389) Concurrent Mark From Roots 2545.431ms
[189.974s][info][gc,marking     ] GC(389) Concurrent Preclean
[189.974s][info][gc,marking     ] GC(389) Concurrent Preclean 0.055ms
[189.974s][info][gc,start       ] GC(389) Pause Remark
[189.983s][info][gc             ] GC(389) Pause Remark 896M->810M(978M) 8.821ms
[189.983s][info][gc,cpu         ] GC(389) User=0.02s Sys=0.00s Real=0.01s
[189.983s][info][gc,marking     ] GC(389) Concurrent Mark 2554.841ms
[189.983s][info][gc,marking     ] GC(389) Concurrent Rebuild Remembered Sets and Scrub Regions
[190.069s][info][gc,start       ] GC(399) Pause Young (Normal) (G1 Evacuation Pause)
[190.069s][info][gc,task        ] GC(399) Using 2 workers of 2 for evacuation
[190.078s][info][gc,phases      ] GC(399)   Pre Evacuate Collection Set: 0.40ms
[190.078s][info][gc,phases      ] GC(399)   Merge Heap Roots: 0.13ms
[190.078s][info][gc,phases      ] GC(399)   Evacuate Collection Set: 7.71ms
[190.078s][info][gc,phases      ] GC(399)   Post Evacuate Collection Set: 0.33ms
[190.078s][info][gc,phases      ] GC(399)   Other: 0.13ms
[190.078s][info][gc,heap        ] GC(399) Eden regions: 55->0(135)
[190.078s][info][gc,heap        ] GC(399) Survivor regions: 2->5(8)
[190.078s][info][gc,heap        ] GC(399) Old regions: 774->774
[190.078s][info][gc,heap        ] GC(399) Humongous regions: 9->9
[190.078s][info][gc,metaspace   ] GC(399) Metaspace: 18511K(18688K)->18511K(18688K) NonClass: 16683K(16832K)->16683K(16832K) Class: 1828K(1856K)->1828K(1856K)
[190.078s][info][gc             ] GC(399) Pause Young (Normal) (G1 Evacuation Pause) 838M->786M(978M) 8.978ms
[190.078s][info][gc,cpu         ] GC(399) User=0.01s Sys=0.00s Real=0.01s
[190.326s][info][gc,start       ] GC(400) Pause Young (Normal) (G1 Evacuation Pause)
[190.326s][info][gc,task        ] GC(400) Using 2 workers of 2 for evacuation
[190.346s][info][gc,phases      ] GC(400)   Pre Evacuate Collection Set: 0.44ms
[190.346s][info][gc,phases      ] GC(400)   Merge Heap Roots: 0.19ms
[190.346s][info][gc,phases      ] GC(400)   Evacuate Collection Set: 19.46ms
[190.346s][info][gc,phases      ] GC(400)   Post Evacuate Collection Set: 0.42ms
[190.346s][info][gc,phases      ] GC(400)   Other: 0.14ms
[190.346s][info][gc,heap        ] GC(400) Eden regions: 135->0(121)
[190.346s][info][gc,heap        ] GC(400) Survivor regions: 5->12(18)
[190.346s][info][gc,heap        ] GC(400) Old regions: 774->774
[190.346s][info][gc,heap        ] GC(400) Humongous regions: 9->9
[190.346s][info][gc,metaspace   ] GC(400) Metaspace: 18512K(18688K)->18512K(18688K) NonClass: 16683K(16832K)->16683K(16832K) Class: 1828K(1856K)->1828K(1856K)
[190.346s][info][gc             ] GC(400) Pause Young (Normal) (G1 Evacuation Pause) 921M->794M(978M) 20.895ms
[190.347s][info][gc,cpu         ] GC(400) User=0.04s Sys=0.00s Real=0.02s
[190.561s][info][gc,start       ] GC(401) Pause Young (Normal) (G1 Evacuation Pause)
[190.561s][info][gc,task        ] GC(401) Using 2 workers of 2 for evacuation
[190.579s][info][gc,phases      ] GC(401)   Pre Evacuate Collection Set: 0.55ms
[190.579s][info][gc,phases      ] GC(401)   Merge Heap Roots: 0.17ms
[190.579s][info][gc,phases      ] GC(401)   Evacuate Collection Set: 16.39ms
[190.579s][info][gc,phases      ] GC(401)   Post Evacuate Collection Set: 0.41ms
[190.579s][info][gc,phases      ] GC(401)   Other: 0.09ms
[190.579s][info][gc,heap        ] GC(401) Eden regions: 121->0(125)
[190.579s][info][gc,heap        ] GC(401) Survivor regions: 12->8(17)
[190.579s][info][gc,heap        ] GC(401) Old regions: 774->778
[190.579s][info][gc,heap        ] GC(401) Humongous regions: 9->9
[190.579s][info][gc,metaspace   ] GC(401) Metaspace: 18512K(18688K)->18512K(18688K) NonClass: 16683K(16832K)->16683K(16832K) Class: 1828K(1856K)->1828K(1856K)
[190.579s][info][gc             ] GC(401) Pause Young (Normal) (G1 Evacuation Pause) 915M->794M(978M) 17.867ms
[190.579s][info][gc,cpu         ] GC(401) User=0.04s Sys=0.00s Real=0.02s
[190.737s][info][gc,start       ] GC(402) Pause Young (Normal) (G1 Evacuation Pause)
[190.737s][info][gc,task        ] GC(402) Using 2 workers of 2 for evacuation
[190.784s][info][gc,phases      ] GC(402)   Pre Evacuate Collection Set: 0.54ms
[190.784s][info][gc,phases      ] GC(402)   Merge Heap Roots: 0.24ms
[190.784s][info][gc,phases      ] GC(402)   Evacuate Collection Set: 45.89ms
[190.784s][info][gc,phases      ] GC(402)   Post Evacuate Collection Set: 0.47ms
[190.784s][info][gc,phases      ] GC(402)   Other: 0.14ms
[190.784s][info][gc,heap        ] GC(402) Eden regions: 125->0(86)
[190.784s][info][gc,heap        ] GC(402) Survivor regions: 8->17(17)
[190.784s][info][gc,heap        ] GC(402) Old regions: 778->799
[190.784s][info][gc,heap        ] GC(402) Humongous regions: 9->9
[190.784s][info][gc,metaspace   ] GC(402) Metaspace: 18512K(18688K)->18512K(18688K) NonClass: 16683K(16832K)->16683K(16832K) Class: 1828K(1856K)->1828K(1856K)
[190.784s][info][gc             ] GC(402) Pause Young (Normal) (G1 Evacuation Pause) 919M->824M(978M) 47.535ms
[190.784s][info][gc,cpu         ] GC(402) User=0.09s Sys=0.00s Real=0.05s
[190.842s][info][gc,marking     ] GC(389) Concurrent Rebuild Remembered Sets and Scrub Regions 859.333ms
[190.843s][info][gc,start       ] GC(389) Pause Cleanup
[190.843s][info][gc             ] GC(389) Pause Cleanup 890M->890M(978M) 0.170ms
[190.843s][info][gc,cpu         ] GC(389) User=0.00s Sys=0.00s Real=0.00s
[190.843s][info][gc,marking     ] GC(389) Concurrent Clear Claimed Marks
[190.843s][info][gc,marking     ] GC(389) Concurrent Clear Claimed Marks 0.036ms
[190.843s][info][gc,marking     ] GC(389) Concurrent Cleanup for Next Mark
[190.848s][info][gc,marking     ] GC(389) Concurrent Cleanup for Next Mark 5.021ms
[190.848s][info][gc             ] GC(389) Concurrent Mark Cycle 3440.145ms
[190.861s][info][gc,start       ] GC(403) Pause Young (Prepare Mixed) (G1 Evacuation Pause)
[190.861s][info][gc,task        ] GC(403) Using 2 workers of 2 for evacuation
[190.916s][info][gc,phases      ] GC(403)   Pre Evacuate Collection Set: 0.29ms
[190.916s][info][gc,phases      ] GC(403)   Merge Heap Roots: 0.24ms
[190.916s][info][gc,phases      ] GC(403)   Evacuate Collection Set: 53.65ms
[190.916s][info][gc,phases      ] GC(403)   Post Evacuate Collection Set: 0.48ms
[190.916s][info][gc,phases      ] GC(403)   Other: 0.08ms
[190.916s][info][gc,heap        ] GC(403) Eden regions: 86->0(58)
[190.916s][info][gc,heap        ] GC(403) Survivor regions: 17->13(13)
[190.916s][info][gc,heap        ] GC(403) Old regions: 799->835
[190.916s][info][gc,heap        ] GC(403) Humongous regions: 9->9
[190.916s][info][gc,metaspace   ] GC(403) Metaspace: 18512K(18688K)->18512K(18688K) NonClass: 16683K(16832K)->16683K(16832K) Class: 1828K(1856K)->1828K(1856K)
[190.916s][info][gc             ] GC(403) Pause Young (Prepare Mixed) (G1 Evacuation Pause) 910M->856M(978M) 55.011ms
[190.916s][info][gc,cpu         ] GC(403) User=0.11s Sys=0.00s Real=0.06s
[190.988s][info][gc,start       ] GC(404) Pause Young (Mixed) (G1 Evacuation Pause)
[190.988s][info][gc,task        ] GC(404) Using 2 workers of 2 for evacuation
[191.028s][info][gc,phases      ] GC(404)   Pre Evacuate Collection Set: 0.34ms
[191.028s][info][gc,phases      ] GC(404)   Merge Heap Roots: 0.64ms
[191.028s][info][gc,phases      ] GC(404)   Evacuate Collection Set: 38.96ms
[191.028s][info][gc,phases      ] GC(404)   Post Evacuate Collection Set: 0.50ms
[191.028s][info][gc,phases      ] GC(404)   Other: 0.08ms
[191.028s][info][gc,heap        ] GC(404) Eden regions: 58->0(94)
[191.028s][info][gc,heap        ] GC(404) Survivor regions: 13->2(9)
[191.028s][info][gc,heap        ] GC(404) Old regions: 835->818
[191.028s][info][gc,heap        ] GC(404) Humongous regions: 9->9
[191.028s][info][gc,metaspace   ] GC(404) Metaspace: 18512K(18688K)->18512K(18688K) NonClass: 16683K(16832K)->16683K(16832K) Class: 1828K(1856K)->1828K(1856K)
[191.028s][info][gc             ] GC(404) Pause Young (Mixed) (G1 Evacuation Pause) 914M->828M(978M) 40.797ms
[191.028s][info][gc,cpu         ] GC(404) User=0.08s Sys=0.00s Real=0.04s
[191.071s][info][gc,start       ] GC(405) Pause Young (Concurrent Start) (G1 Humongous Allocation)
[191.071s][info][gc,task        ] GC(405) Using 2 workers of 2 for evacuation
[191.091s][info][gc,phases      ] GC(405)   Pre Evacuate Collection Set: 0.40ms
[191.091s][info][gc,phases      ] GC(405)   Merge Heap Roots: 0.31ms
[191.091s][info][gc,phases      ] GC(405)   Evacuate Collection Set: 19.20ms
[191.091s][info][gc,phases      ] GC(405)   Post Evacuate Collection Set: 0.49ms
[191.091s][info][gc,phases      ] GC(405)   Other: 0.27ms
[191.091s][info][gc,heap        ] GC(405) Eden regions: 47->0(87)
[191.091s][info][gc,heap        ] GC(405) Survivor regions: 2->7(12)
[191.091s][info][gc,heap        ] GC(405) Old regions: 818->818
[191.091s][info][gc,heap        ] GC(405) Humongous regions: 9->9
[191.091s][info][gc,metaspace   ] GC(405) Metaspace: 18512K(18688K)->18512K(18688K) NonClass: 16683K(16832K)->16683K(16832K) Class: 1828K(1856K)->1828K(1856K)
[191.092s][info][gc             ] GC(405) Pause Young (Concurrent Start) (G1 Humongous Allocation) 875M->833M(978M) 20.902ms
[191.092s][info][gc,cpu         ] GC(405) User=0.04s Sys=0.00s Real=0.02s
[191.092s][info][gc             ] GC(406) Concurrent Mark Cycle
[191.092s][info][gc,marking     ] GC(406) Concurrent Scan Root Regions
[191.114s][info][gc,marking     ] GC(406) Concurrent Scan Root Regions 22.288ms
[191.114s][info][gc,marking     ] GC(406) Concurrent Mark
[191.114s][info][gc,marking     ] GC(406) Concurrent Mark From Roots
[191.114s][info][gc,task        ] GC(406) Using 1 workers of 1 for marking
[191.270s][info][gc,start       ] GC(407) Pause Young (Normal) (G1 Evacuation Pause)
[191.270s][info][gc,task        ] GC(407) Using 2 workers of 2 for evacuation
[191.299s][info][gc,phases      ] GC(407)   Pre Evacuate Collection Set: 0.34ms
[191.299s][info][gc,phases      ] GC(407)   Merge Heap Roots: 0.35ms
[191.299s][info][gc,phases      ] GC(407)   Evacuate Collection Set: 28.49ms
[191.299s][info][gc,phases      ] GC(407)   Post Evacuate Collection Set: 0.36ms
[191.299s][info][gc,phases      ] GC(407)   Other: 0.08ms
[191.299s][info][gc,heap        ] GC(407) Eden regions: 87->0(74)
[191.299s][info][gc,heap        ] GC(407) Survivor regions: 7->12(12)
[191.299s][info][gc,heap        ] GC(407) Old regions: 818->820
[191.299s][info][gc,heap        ] GC(407) Humongous regions: 10->10
[191.299s][info][gc,metaspace   ] GC(407) Metaspace: 18512K(18688K)->18512K(18688K) NonClass: 16683K(16832K)->16683K(16832K) Class: 1828K(1856K)->1828K(1856K)
[191.299s][info][gc             ] GC(407) Pause Young (Normal) (G1 Evacuation Pause) 921M->841M(978M) 29.835ms
[191.299s][info][gc,cpu         ] GC(407) User=0.06s Sys=0.00s Real=0.03s
[191.382s][info][gc,start       ] GC(408) Pause Young (Normal) (G1 Evacuation Pause)
[191.382s][info][gc,task        ] GC(408) Using 2 workers of 2 for evacuation
[191.404s][info][gc,phases      ] GC(408)   Pre Evacuate Collection Set: 0.32ms
[191.404s][info][gc,phases      ] GC(408)   Merge Heap Roots: 0.08ms
[191.404s][info][gc,phases      ] GC(408)   Evacuate Collection Set: 21.15ms
[191.404s][info][gc,phases      ] GC(408)   Post Evacuate Collection Set: 0.35ms
[191.404s][info][gc,phases      ] GC(408)   Other: 0.09ms
[191.404s][info][gc,heap        ] GC(408) Eden regions: 74->0(78)
[191.404s][info][gc,heap        ] GC(408) Survivor regions: 12->4(11)
[191.404s][info][gc,heap        ] GC(408) Old regions: 820->832
[191.404s][info][gc,heap        ] GC(408) Humongous regions: 10->10
[191.404s][info][gc,metaspace   ] GC(408) Metaspace: 18512K(18688K)->18512K(18688K) NonClass: 16683K(16832K)->16683K(16832K) Class: 1828K(1856K)->1828K(1856K)
[191.404s][info][gc             ] GC(408) Pause Young (Normal) (G1 Evacuation Pause) 915M->845M(978M) 22.215ms
[191.404s][info][gc,cpu         ] GC(408) User=0.05s Sys=0.00s Real=0.02s
[191.491s][info][gc,start       ] GC(409) Pause Young (Normal) (G1 Evacuation Pause)
[191.491s][info][gc,task        ] GC(409) Using 2 workers of 2 for evacuation
[191.499s][info][gc,phases      ] GC(409)   Pre Evacuate Collection Set: 0.31ms
[191.499s][info][gc,phases      ] GC(409)   Merge Heap Roots: 0.13ms
[191.499s][info][gc,phases      ] GC(409)   Evacuate Collection Set: 7.10ms
[191.499s][info][gc,phases      ] GC(409)   Post Evacuate Collection Set: 0.33ms
[191.499s][info][gc,phases      ] GC(409)   Other: 0.08ms
[191.499s][info][gc,heap        ] GC(409) Eden regions: 78->0(78)
[191.499s][info][gc,heap        ] GC(409) Survivor regions: 4->4(11)
[191.499s][info][gc,heap        ] GC(409) Old regions: 832->832
[191.500s][info][gc,heap        ] GC(409) Humongous regions: 10->10
[191.500s][info][gc,metaspace   ] GC(409) Metaspace: 18512K(18688K)->18512K(18688K) NonClass: 16683K(16832K)->16683K(16832K) Class: 1828K(1856K)->1828K(1856K)
[191.500s][info][gc             ] GC(409) Pause Young (Normal) (G1 Evacuation Pause) 923M->845M(978M) 8.184ms
[191.500s][info][gc,cpu         ] GC(409) User=0.02s Sys=0.00s Real=0.01s
[191.599s][info][gc,start       ] GC(410) Pause Young (Normal) (G1 Evacuation Pause)
[191.599s][info][gc,task        ] GC(410) Using 2 workers of 2 for evacuation
[191.608s][info][gc,phases      ] GC(410)   Pre Evacuate Collection Set: 0.34ms
[191.608s][info][gc,phases      ] GC(410)   Merge Heap Roots: 0.10ms
[191.608s][info][gc,phases      ] GC(410)   Evacuate Collection Set: 8.05ms
[191.608s][info][gc,phases      ] GC(410)   Post Evacuate Collection Set: 0.35ms
[191.608s][info][gc,phases      ] GC(410)   Other: 0.10ms
[191.608s][info][gc,heap        ] GC(410) Eden regions: 78->0(74)
[191.608s][info][gc,heap        ] GC(410) Survivor regions: 4->6(11)
[191.609s][info][gc,heap        ] GC(410) Old regions: 832->832
[191.609s][info][gc,heap        ] GC(410) Humongous regions: 10->10
[191.609s][info][gc,metaspace   ] GC(410) Metaspace: 18512K(18688K)->18512K(18688K) NonClass: 16683K(16832K)->16683K(16832K) Class: 1828K(1856K)->1828K(1856K)
[191.609s][info][gc             ] GC(410) Pause Young (Normal) (G1 Evacuation Pause) 923M->847M(978M) 9.172ms
[191.609s][info][gc,cpu         ] GC(410) User=0.02s Sys=0.00s Real=0.01s
[191.683s][info][gc,start       ] GC(411) Pause Young (Normal) (G1 Evacuation Pause)
[191.683s][info][gc,task        ] GC(411) Using 2 workers of 2 for evacuation
[191.695s][info][gc,phases      ] GC(411)   Pre Evacuate Collection Set: 0.31ms
[191.695s][info][gc,phases      ] GC(411)   Merge Heap Roots: 0.11ms
[191.695s][info][gc,phases      ] GC(411)   Evacuate Collection Set: 10.54ms
[191.695s][info][gc,phases      ] GC(411)   Post Evacuate Collection Set: 0.31ms
[191.695s][info][gc,phases      ] GC(411)   Other: 0.12ms
[191.695s][info][gc,heap        ] GC(411) Eden regions: 74->0(70)
[191.695s][info][gc,heap        ] GC(411) Survivor regions: 6->6(10)
[191.695s][info][gc,heap        ] GC(411) Old regions: 832->836
[191.695s][info][gc,heap        ] GC(411) Humongous regions: 10->10
[191.695s][info][gc,metaspace   ] GC(411) Metaspace: 18512K(18688K)->18512K(18688K) NonClass: 16683K(16832K)->16683K(16832K) Class: 1828K(1856K)->1828K(1856K)
[191.695s][info][gc             ] GC(411) Pause Young (Normal) (G1 Evacuation Pause) 921M->850M(978M) 11.628ms
[191.695s][info][gc,cpu         ] GC(411) User=0.02s Sys=0.00s Real=0.02s
[191.792s][info][gc,start       ] GC(412) Pause Young (Normal) (G1 Evacuation Pause)
[191.792s][info][gc,task        ] GC(412) Using 2 workers of 2 for evacuation
[191.802s][info][gc,phases      ] GC(412)   Pre Evacuate Collection Set: 0.29ms
[191.802s][info][gc,phases      ] GC(412)   Merge Heap Roots: 0.09ms
[191.802s][info][gc,phases      ] GC(412)   Evacuate Collection Set: 9.38ms
[191.803s][info][gc,phases      ] GC(412)   Post Evacuate Collection Set: 0.34ms
[191.803s][info][gc,phases      ] GC(412)   Other: 0.09ms
[191.803s][info][gc,heap        ] GC(412) Eden regions: 70->0(66)
[191.803s][info][gc,heap        ] GC(412) Survivor regions: 6->8(10)
[191.803s][info][gc,heap        ] GC(412) Old regions: 836->836
[191.803s][info][gc,heap        ] GC(412) Humongous regions: 10->10
[191.803s][info][gc,metaspace   ] GC(412) Metaspace: 18512K(18688K)->18512K(18688K) NonClass: 16683K(16832K)->16683K(16832K) Class: 1828K(1856K)->1828K(1856K)
[191.803s][info][gc             ] GC(412) Pause Young (Normal) (G1 Evacuation Pause) 920M->853M(978M) 10.458ms
[191.803s][info][gc,cpu         ] GC(412) User=0.01s Sys=0.00s Real=0.01s
[192.059s][info][gc,marking     ] GC(406) Concurrent Mark From Roots 945.030ms
[192.059s][info][gc,marking     ] GC(406) Concurrent Preclean
[192.059s][info][gc,marking     ] GC(406) Concurrent Preclean 0.055ms
[192.059s][info][gc,start       ] GC(406) Pause Remark
[192.068s][info][gc             ] GC(406) Pause Remark 918M->414M(978M) 8.502ms
[192.068s][info][gc,cpu         ] GC(406) User=0.01s Sys=0.00s Real=0.01s
[192.068s][info][gc,marking     ] GC(406) Concurrent Mark 953.924ms
[192.068s][info][gc,marking     ] GC(406) Concurrent Rebuild Remembered Sets and Scrub Regions
[192.073s][info][gc,start       ] GC(413) Pause Young (Normal) (G1 Evacuation Pause)
[192.073s][info][gc,task        ] GC(413) Using 2 workers of 2 for evacuation
[192.084s][info][gc,phases      ] GC(413)   Pre Evacuate Collection Set: 0.24ms
[192.084s][info][gc,phases      ] GC(413)   Merge Heap Roots: 0.11ms
[192.084s][info][gc,phases      ] GC(413)   Evacuate Collection Set: 10.48ms
[192.084s][info][gc,phases      ] GC(413)   Post Evacuate Collection Set: 0.37ms
[192.084s][info][gc,phases      ] GC(413)   Other: 0.09ms
[192.084s][info][gc,heap        ] GC(413) Eden regions: 66->0(434)
[192.084s][info][gc,heap        ] GC(413) Survivor regions: 8->6(10)
[192.084s][info][gc,heap        ] GC(413) Old regions: 339->341
[192.084s][info][gc,heap        ] GC(413) Humongous regions: 3->3
[192.084s][info][gc,metaspace   ] GC(413) Metaspace: 18512K(18688K)->18512K(18688K) NonClass: 16683K(16832K)->16683K(16832K) Class: 1828K(1856K)->1828K(1856K)
[192.084s][info][gc             ] GC(413) Pause Young (Normal) (G1 Evacuation Pause) 415M->349M(978M) 11.489ms
[192.084s][info][gc,cpu         ] GC(413) User=0.02s Sys=0.00s Real=0.01s
[192.375s][info][gc,marking     ] GC(406) Concurrent Rebuild Remembered Sets and Scrub Regions 306.694ms
[192.375s][info][gc,start       ] GC(406) Pause Cleanup
[192.375s][info][gc             ] GC(406) Pause Cleanup 418M->418M(978M) 0.141ms
[192.375s][info][gc,cpu         ] GC(406) User=0.00s Sys=0.00s Real=0.00s
[192.375s][info][gc,marking     ] GC(406) Concurrent Clear Claimed Marks
[192.375s][info][gc,marking     ] GC(406) Concurrent Clear Claimed Marks 0.032ms
[192.375s][info][gc,marking     ] GC(406) Concurrent Cleanup for Next Mark
[192.380s][info][gc,marking     ] GC(406) Concurrent Cleanup for Next Mark 5.011ms
[192.380s][info][gc             ] GC(406) Concurrent Mark Cycle 1288.780ms
[192.964s][info][gc,start       ] GC(414) Pause Young (Prepare Mixed) (G1 Evacuation Pause)
[192.964s][info][gc,task        ] GC(414) Using 2 workers of 2 for evacuation
[193.082s][info][gc,phases      ] GC(414)   Pre Evacuate Collection Set: 0.57ms
[193.082s][info][gc,phases      ] GC(414)   Merge Heap Roots: 0.36ms
[193.082s][info][gc,phases      ] GC(414)   Evacuate Collection Set: 116.18ms
[193.082s][info][gc,phases      ] GC(414)   Post Evacuate Collection Set: 0.94ms
[193.082s][info][gc,phases      ] GC(414)   Other: 0.11ms
[193.082s][info][gc,heap        ] GC(414) Eden regions: 434->0(337)
[193.082s][info][gc,heap        ] GC(414) Survivor regions: 6->55(55)
[193.082s][info][gc,heap        ] GC(414) Old regions: 341->376
[193.082s][info][gc,heap        ] GC(414) Humongous regions: 4->4
[193.082s][info][gc,metaspace   ] GC(414) Metaspace: 18514K(18688K)->18514K(18688K) NonClass: 16686K(16832K)->16686K(16832K) Class: 1828K(1856K)->1828K(1856K)
[193.082s][info][gc             ] GC(414) Pause Young (Prepare Mixed) (G1 Evacuation Pause) 784M->434M(978M) 118.443ms
[193.082s][info][gc,cpu         ] GC(414) User=0.23s Sys=0.00s Real=0.12s
[193.650s][info][gc,start       ] GC(415) Pause Young (Mixed) (G1 Evacuation Pause)
[193.650s][info][gc,task        ] GC(415) Using 2 workers of 2 for evacuation
[193.729s][info][gc,phases      ] GC(415)   Pre Evacuate Collection Set: 0.55ms
[193.729s][info][gc,phases      ] GC(415)   Merge Heap Roots: 0.51ms
[193.729s][info][gc,phases      ] GC(415)   Evacuate Collection Set: 76.97ms
[193.729s][info][gc,phases      ] GC(415)   Post Evacuate Collection Set: 0.91ms
[193.729s][info][gc,phases      ] GC(415)   Other: 0.13ms
[193.729s][info][gc,heap        ] GC(415) Eden regions: 351->0(385)
[193.729s][info][gc,heap        ] GC(415) Survivor regions: 55->3(51)
[193.729s][info][gc,heap        ] GC(415) Old regions: 376->424
[193.729s][info][gc,heap        ] GC(415) Humongous regions: 4->4
[193.729s][info][gc,metaspace   ] GC(415) Metaspace: 18514K(18688K)->18514K(18688K) NonClass: 16686K(16832K)->16686K(16832K) Class: 1828K(1856K)->1828K(1856K)
[193.729s][info][gc             ] GC(415) Pause Young (Mixed) (G1 Evacuation Pause) 785M->430M(978M) 79.385ms
[193.729s][info][gc,cpu         ] GC(415) User=0.16s Sys=0.00s Real=0.08s
[194.307s][info][gc,start       ] GC(416) Pause Young (Mixed) (G1 Evacuation Pause)
[194.307s][info][gc,task        ] GC(416) Using 2 workers of 2 for evacuation
[194.548s][info][gc,mmu         ] GC(416) MMU target violated: 201.0ms (200.0ms/201.0ms)
[194.548s][info][gc,phases      ] GC(416)   Pre Evacuate Collection Set: 0.55ms
[194.548s][info][gc,phases      ] GC(416)   Merge Heap Roots: 1.34ms
[194.548s][info][gc,phases      ] GC(416)   Evacuate Collection Set: 231.19ms
[194.548s][info][gc,phases      ] GC(416)   Post Evacuate Collection Set: 7.73ms
[194.548s][info][gc,phases      ] GC(416)   Other: 0.19ms
[194.548s][info][gc,heap        ] GC(416) Eden regions: 385->0(119)
[194.548s][info][gc,heap        ] GC(416) Survivor regions: 3->49(49)
[194.549s][info][gc,heap        ] GC(416) Old regions: 424->663
[194.549s][info][gc,heap        ] GC(416) Humongous regions: 4->4
[194.549s][info][gc,metaspace   ] GC(416) Metaspace: 18514K(18688K)->18514K(18688K) NonClass: 16686K(16832K)->16686K(16832K) Class: 1828K(1856K)->1828K(1856K)
[194.549s][info][gc             ] GC(416) Pause Young (Mixed) (G1 Evacuation Pause) (Evacuation Failure: Allocation) 815M->715M(978M) 241.219ms
[194.549s][info][gc,cpu         ] GC(416) User=0.48s Sys=0.00s Real=0.24s
[194.553s][info][gc,start       ] GC(417) Pause Young (Mixed) (G1 Evacuation Pause)
[194.553s][info][gc,task        ] GC(417) Using 2 workers of 2 for evacuation
[194.769s][info][gc,mmu         ] GC(417) MMU target violated: 201.0ms (200.0ms/201.0ms)
[194.769s][info][gc,phases      ] GC(417)   Pre Evacuate Collection Set: 0.54ms
[194.769s][info][gc,phases      ] GC(417)   Merge Heap Roots: 2.93ms
[194.769s][info][gc,phases      ] GC(417)   Evacuate Collection Set: 211.10ms
[194.769s][info][gc,phases      ] GC(417)   Post Evacuate Collection Set: 0.60ms
[194.769s][info][gc,phases      ] GC(417)   Other: 0.20ms
[194.769s][info][gc,heap        ] GC(417) Eden regions: 1->0(140)
[194.769s][info][gc,heap        ] GC(417) Survivor regions: 49->1(7)
[194.769s][info][gc,heap        ] GC(417) Old regions: 663->711
[194.769s][info][gc,heap        ] GC(417) Humongous regions: 4->4
[194.769s][info][gc,metaspace   ] GC(417) Metaspace: 18514K(18688K)->18514K(18688K) NonClass: 16686K(16832K)->16686K(16832K) Class: 1828K(1856K)->1828K(1856K)
[194.769s][info][gc             ] GC(417) Pause Young (Mixed) (G1 Evacuation Pause) 716M->715M(978M) 215.599ms
[194.769s][info][gc,cpu         ] GC(417) User=0.42s Sys=0.00s Real=0.22s
[194.833s][info][gc,start       ] GC(418) Pause Young (Concurrent Start) (G1 Humongous Allocation)
[194.833s][info][gc,task        ] GC(418) Using 2 workers of 2 for evacuation
[194.865s][info][gc,phases      ] GC(418)   Pre Evacuate Collection Set: 0.55ms
[194.865s][info][gc,phases      ] GC(418)   Merge Heap Roots: 0.61ms
[194.865s][info][gc,phases      ] GC(418)   Evacuate Collection Set: 29.34ms
[194.865s][info][gc,phases      ] GC(418)   Post Evacuate Collection Set: 0.70ms
[194.865s][info][gc,phases      ] GC(418)   Other: 0.22ms
[194.865s][info][gc,heap        ] GC(418) Eden regions: 31->0(255)
[194.865s][info][gc,heap        ] GC(418) Survivor regions: 1->7(18)
[194.865s][info][gc,heap        ] GC(418) Old regions: 711->541
[194.865s][info][gc,heap        ] GC(418) Humongous regions: 4->4
[194.865s][info][gc,metaspace   ] GC(418) Metaspace: 18514K(18688K)->18514K(18688K) NonClass: 16686K(16832K)->16686K(16832K) Class: 1828K(1856K)->1828K(1856K)
[194.865s][info][gc             ] GC(418) Pause Young (Concurrent Start) (G1 Humongous Allocation) 746M->551M(978M) 31.696ms
[194.865s][info][gc             ] GC(419) Concurrent Mark Cycle
[194.865s][info][gc,marking     ] GC(419) Concurrent Scan Root Regions
[194.867s][info][gc,cpu         ] GC(418) User=0.07s Sys=0.00s Real=0.04s
[194.902s][info][gc,marking     ] GC(419) Concurrent Scan Root Regions 36.576ms
[194.902s][info][gc,marking     ] GC(419) Concurrent Mark
[194.902s][info][gc,marking     ] GC(419) Concurrent Mark From Roots
[194.902s][info][gc,task        ] GC(419) Using 1 workers of 1 for marking
[195.350s][info][gc,start       ] GC(420) Pause Young (Normal) (G1 Evacuation Pause)
[195.350s][info][gc,task        ] GC(420) Using 2 workers of 2 for evacuation
[195.381s][info][gc,phases      ] GC(420)   Pre Evacuate Collection Set: 0.30ms
[195.381s][info][gc,phases      ] GC(420)   Merge Heap Roots: 0.41ms
[195.381s][info][gc,phases      ] GC(420)   Evacuate Collection Set: 28.91ms
[195.381s][info][gc,phases      ] GC(420)   Post Evacuate Collection Set: 0.67ms
[195.381s][info][gc,phases      ] GC(420)   Other: 0.08ms
[195.381s][info][gc,heap        ] GC(420) Eden regions: 255->0(270)
[195.381s][info][gc,heap        ] GC(420) Survivor regions: 7->14(33)
[195.381s][info][gc,heap        ] GC(420) Old regions: 541->541
[195.381s][info][gc,heap        ] GC(420) Humongous regions: 5->5
[195.381s][info][gc,metaspace   ] GC(420) Metaspace: 18515K(18688K)->18515K(18688K) NonClass: 16686K(16832K)->16686K(16832K) Class: 1828K(1856K)->1828K(1856K)
[195.381s][info][gc             ] GC(420) Pause Young (Normal) (G1 Evacuation Pause) 807M->559M(978M) 30.617ms
[195.381s][info][gc,cpu         ] GC(420) User=0.06s Sys=0.00s Real=0.03s
[195.945s][info][gc,start       ] GC(421) Pause Young (Normal) (G1 Evacuation Pause)
[195.945s][info][gc,task        ] GC(421) Using 2 workers of 2 for evacuation
[196.009s][info][gc,phases      ] GC(421)   Pre Evacuate Collection Set: 0.31ms
[196.009s][info][gc,phases      ] GC(421)   Merge Heap Roots: 0.41ms
[196.009s][info][gc,phases      ] GC(421)   Evacuate Collection Set: 61.69ms
[196.009s][info][gc,phases      ] GC(421)   Post Evacuate Collection Set: 0.77ms
[196.009s][info][gc,phases      ] GC(421)   Other: 0.12ms
[196.009s][info][gc,heap        ] GC(421) Eden regions: 270->0(257)
[196.009s][info][gc,heap        ] GC(421) Survivor regions: 14->36(36)
[196.009s][info][gc,heap        ] GC(421) Old regions: 541->549
[196.009s][info][gc,heap        ] GC(421) Humongous regions: 5->5
[196.009s][info][gc,metaspace   ] GC(421) Metaspace: 18515K(18688K)->18515K(18688K) NonClass: 16687K(16832K)->16687K(16832K) Class: 1828K(1856K)->1828K(1856K)
[196.009s][info][gc             ] GC(421) Pause Young (Normal) (G1 Evacuation Pause) 829M->589M(978M) 63.578ms
[196.009s][info][gc,cpu         ] GC(421) User=0.13s Sys=0.00s Real=0.06s
[196.484s][info][gc,start       ] GC(422) Pause Young (Normal) (G1 Evacuation Pause)
[196.484s][info][gc,task        ] GC(422) Using 2 workers of 2 for evacuation
[196.597s][info][gc,phases      ] GC(422)   Pre Evacuate Collection Set: 0.33ms
[196.597s][info][gc,phases      ] GC(422)   Merge Heap Roots: 0.50ms
[196.597s][info][gc,phases      ] GC(422)   Evacuate Collection Set: 111.20ms
[196.597s][info][gc,phases      ] GC(422)   Post Evacuate Collection Set: 0.69ms
[196.597s][info][gc,phases      ] GC(422)   Other: 0.13ms
[196.597s][info][gc,heap        ] GC(422) Eden regions: 257->0(212)
[196.597s][info][gc,heap        ] GC(422) Survivor regions: 36->37(37)
[196.597s][info][gc,heap        ] GC(422) Old regions: 549->607
[196.597s][info][gc,heap        ] GC(422) Humongous regions: 5->5
[196.597s][info][gc,metaspace   ] GC(422) Metaspace: 18516K(18688K)->18516K(18688K) NonClass: 16687K(16832K)->16687K(16832K) Class: 1828K(1856K)->1828K(1856K)
[196.597s][info][gc             ] GC(422) Pause Young (Normal) (G1 Evacuation Pause) 846M->648M(978M) 113.092ms
[196.598s][info][gc,cpu         ] GC(422) User=0.22s Sys=0.00s Real=0.11s
[196.600s][info][gc,marking     ] GC(419) Concurrent Mark From Roots 1698.726ms
[196.600s][info][gc,marking     ] GC(419) Concurrent Preclean
[196.601s][info][gc,marking     ] GC(419) Concurrent Preclean 0.045ms
[196.601s][info][gc,start       ] GC(419) Pause Remark
[196.610s][info][gc             ] GC(419) Pause Remark 649M->596M(978M) 8.492ms
[196.610s][info][gc,cpu         ] GC(419) User=0.02s Sys=0.00s Real=0.01s
[196.610s][info][gc,marking     ] GC(419) Concurrent Mark 1708.261ms
[196.610s][info][gc,marking     ] GC(419) Concurrent Rebuild Remembered Sets and Scrub Regions
[196.880s][info][gc,start       ] GC(423) Pause Young (Normal) (G1 Evacuation Pause)
[196.880s][info][gc,task        ] GC(423) Using 2 workers of 2 for evacuation
[197.044s][info][gc,phases      ] GC(423)   Pre Evacuate Collection Set: 0.63ms
[197.044s][info][gc,phases      ] GC(423)   Merge Heap Roots: 0.47ms
[197.044s][info][gc,phases      ] GC(423)   Evacuate Collection Set: 162.50ms
[197.044s][info][gc,phases      ] GC(423)   Post Evacuate Collection Set: 0.84ms
[197.044s][info][gc,phases      ] GC(423)   Other: 0.12ms
[197.044s][info][gc,heap        ] GC(423) Eden regions: 212->0(160)
[197.044s][info][gc,heap        ] GC(423) Survivor regions: 37->32(32)
[197.045s][info][gc,heap        ] GC(423) Old regions: 555->656
[197.045s][info][gc,heap        ] GC(423) Humongous regions: 7->7
[197.045s][info][gc,metaspace   ] GC(423) Metaspace: 18516K(18688K)->18516K(18688K) NonClass: 16687K(16832K)->16687K(16832K) Class: 1828K(1856K)->1828K(1856K)
[197.045s][info][gc             ] GC(423) Pause Young (Normal) (G1 Evacuation Pause) 810M->694M(978M) 164.843ms
[197.045s][info][gc,cpu         ] GC(423) User=0.33s Sys=0.00s Real=0.17s
[197.282s][info][gc,start       ] GC(424) Pause Young (Normal) (G1 Evacuation Pause)
[197.282s][info][gc,task        ] GC(424) Using 2 workers of 2 for evacuation
[197.393s][info][gc,phases      ] GC(424)   Pre Evacuate Collection Set: 0.55ms
[197.393s][info][gc,phases      ] GC(424)   Merge Heap Roots: 0.68ms
[197.393s][info][gc,phases      ] GC(424)   Evacuate Collection Set: 109.15ms
[197.393s][info][gc,phases      ] GC(424)   Post Evacuate Collection Set: 0.67ms
[197.393s][info][gc,phases      ] GC(424)   Other: 0.12ms
[197.393s][info][gc,heap        ] GC(424) Eden regions: 160->0(131)
[197.393s][info][gc,heap        ] GC(424) Survivor regions: 32->24(24)
[197.393s][info][gc,heap        ] GC(424) Old regions: 656->715
[197.393s][info][gc,heap        ] GC(424) Humongous regions: 7->7
[197.393s][info][gc,metaspace   ] GC(424) Metaspace: 18519K(18688K)->18519K(18688K) NonClass: 16691K(16832K)->16691K(16832K) Class: 1828K(1856K)->1828K(1856K)
[197.393s][info][gc             ] GC(424) Pause Young (Normal) (G1 Evacuation Pause) 854M->745M(978M) 111.439ms
[197.393s][info][gc,cpu         ] GC(424) User=0.22s Sys=0.00s Real=0.11s
[197.421s][info][gc,marking     ] GC(419) Concurrent Rebuild Remembered Sets and Scrub Regions 810.845ms
[197.421s][info][gc,start       ] GC(419) Pause Cleanup
[197.421s][info][gc             ] GC(419) Pause Cleanup 766M->766M(978M) 0.148ms
[197.421s][info][gc,cpu         ] GC(419) User=0.00s Sys=0.00s Real=0.00s
[197.421s][info][gc,marking     ] GC(419) Concurrent Clear Claimed Marks
[197.421s][info][gc,marking     ] GC(419) Concurrent Clear Claimed Marks 0.030ms
[197.421s][info][gc,marking     ] GC(419) Concurrent Cleanup for Next Mark
[197.424s][info][gc,marking     ] GC(419) Concurrent Cleanup for Next Mark 2.974ms
[197.424s][info][gc             ] GC(419) Concurrent Mark Cycle 2559.231ms
[197.500s][info][gc,start       ] GC(425) Pause Young (Prepare Mixed) (G1 Evacuation Pause)
[197.500s][info][gc,task        ] GC(425) Using 2 workers of 2 for evacuation
[197.569s][info][gc,phases      ] GC(425)   Pre Evacuate Collection Set: 0.59ms
[197.569s][info][gc,phases      ] GC(425)   Merge Heap Roots: 0.97ms
[197.570s][info][gc,phases      ] GC(425)   Evacuate Collection Set: 67.26ms
[197.570s][info][gc,phases      ] GC(425)   Post Evacuate Collection Set: 0.57ms
[197.570s][info][gc,phases      ] GC(425)   Other: 0.11ms
[197.570s][info][gc,heap        ] GC(425) Eden regions: 131->0(131)
[197.570s][info][gc,heap        ] GC(425) Survivor regions: 24->13(20)
[197.570s][info][gc,heap        ] GC(425) Old regions: 715->740
[197.570s][info][gc,heap        ] GC(425) Humongous regions: 7->7
[197.570s][info][gc,metaspace   ] GC(425) Metaspace: 18519K(18688K)->18519K(18688K) NonClass: 16691K(16832K)->16691K(16832K) Class: 1828K(1856K)->1828K(1856K)
[197.570s][info][gc             ] GC(425) Pause Young (Prepare Mixed) (G1 Evacuation Pause) 876M->758M(978M) 69.783ms
[197.570s][info][gc,cpu         ] GC(425) User=0.14s Sys=0.00s Real=0.07s
[197.720s][info][gc,start       ] GC(426) Pause Young (Mixed) (G1 Evacuation Pause)
[197.721s][info][gc,task        ] GC(426) Using 2 workers of 2 for evacuation
[197.812s][info][gc,phases      ] GC(426)   Pre Evacuate Collection Set: 0.58ms
[197.812s][info][gc,phases      ] GC(426)   Merge Heap Roots: 1.34ms
[197.812s][info][gc,phases      ] GC(426)   Evacuate Collection Set: 87.48ms
[197.812s][info][gc,phases      ] GC(426)   Post Evacuate Collection Set: 1.98ms
[197.812s][info][gc,phases      ] GC(426)   Other: 0.13ms
[197.812s][info][gc,heap        ] GC(426) Eden regions: 131->0(146)
[197.812s][info][gc,heap        ] GC(426) Survivor regions: 13->18(18)
[197.812s][info][gc,heap        ] GC(426) Old regions: 740->715
[197.812s][info][gc,heap        ] GC(426) Humongous regions: 7->7
[197.812s][info][gc,metaspace   ] GC(426) Metaspace: 18520K(18688K)->18520K(18688K) NonClass: 16692K(16832K)->16692K(16832K) Class: 1828K(1856K)->1828K(1856K)
[197.812s][info][gc             ] GC(426) Pause Young (Mixed) (G1 Evacuation Pause) 889M->738M(978M) 91.799ms
[197.812s][info][gc,cpu         ] GC(426) User=0.18s Sys=0.00s Real=0.09s
[197.824s][info][gc,start       ] GC(427) Pause Young (Concurrent Start) (G1 Humongous Allocation)
[197.824s][info][gc,task        ] GC(427) Using 2 workers of 2 for evacuation
[197.858s][info][gc,phases      ] GC(427)   Pre Evacuate Collection Set: 0.33ms
[197.858s][info][gc,phases      ] GC(427)   Merge Heap Roots: 0.28ms
[197.858s][info][gc,phases      ] GC(427)   Evacuate Collection Set: 33.13ms
[197.858s][info][gc,phases      ] GC(427)   Post Evacuate Collection Set: 0.35ms
[197.858s][info][gc,phases      ] GC(427)   Other: 0.19ms
[197.858s][info][gc,heap        ] GC(427) Eden regions: 13->0(128)
[197.858s][info][gc,heap        ] GC(427) Survivor regions: 18->4(21)
[197.858s][info][gc,heap        ] GC(427) Old regions: 715->732
[197.858s][info][gc,heap        ] GC(427) Humongous regions: 7->7
[197.858s][info][gc,metaspace   ] GC(427) Metaspace: 18520K(18688K)->18520K(18688K) NonClass: 16692K(16832K)->16692K(16832K) Class: 1828K(1856K)->1828K(1856K)
[197.858s][info][gc             ] GC(427) Pause Young (Concurrent Start) (G1 Humongous Allocation) 751M->741M(978M) 34.516ms
[197.858s][info][gc,cpu         ] GC(427) User=0.07s Sys=0.00s Real=0.04s
[197.858s][info][gc             ] GC(428) Concurrent Mark Cycle
[197.858s][info][gc,marking     ] GC(428) Concurrent Scan Root Regions
[197.917s][info][gc,marking     ] GC(428) Concurrent Scan Root Regions 58.456ms
[197.917s][info][gc,marking     ] GC(428) Concurrent Mark
[197.917s][info][gc,marking     ] GC(428) Concurrent Mark From Roots
[197.917s][info][gc,task        ] GC(428) Using 1 workers of 1 for marking
[198.041s][info][gc,start       ] GC(429) Pause Young (Normal) (G1 Evacuation Pause)
[198.041s][info][gc,task        ] GC(429) Using 2 workers of 2 for evacuation
[198.070s][info][gc,phases      ] GC(429)   Pre Evacuate Collection Set: 0.56ms
[198.070s][info][gc,phases      ] GC(429)   Merge Heap Roots: 0.19ms
[198.070s][info][gc,phases      ] GC(429)   Evacuate Collection Set: 28.40ms
[198.070s][info][gc,phases      ] GC(429)   Post Evacuate Collection Set: 0.42ms
[198.070s][info][gc,phases      ] GC(429)   Other: 0.08ms
[198.070s][info][gc,heap        ] GC(429) Eden regions: 128->0(128)
[198.070s][info][gc,heap        ] GC(429) Survivor regions: 4->16(17)
[198.070s][info][gc,heap        ] GC(429) Old regions: 732->732
[198.070s][info][gc,heap        ] GC(429) Humongous regions: 10->10
[198.071s][info][gc,metaspace   ] GC(429) Metaspace: 18520K(18688K)->18520K(18688K) NonClass: 16692K(16832K)->16692K(16832K) Class: 1828K(1856K)->1828K(1856K)
[198.071s][info][gc             ] GC(429) Pause Young (Normal) (G1 Evacuation Pause) 872M->756M(978M) 29.932ms
[198.071s][info][gc,cpu         ] GC(429) User=0.06s Sys=0.00s Real=0.03s
[198.263s][info][gc,start       ] GC(430) Pause Young (Normal) (G1 Evacuation Pause)
[198.263s][info][gc,task        ] GC(430) Using 2 workers of 2 for evacuation
[198.307s][info][gc,phases      ] GC(430)   Pre Evacuate Collection Set: 0.34ms
[198.307s][info][gc,phases      ] GC(430)   Merge Heap Roots: 0.23ms
[198.307s][info][gc,phases      ] GC(430)   Evacuate Collection Set: 43.21ms
[198.307s][info][gc,phases      ] GC(430)   Post Evacuate Collection Set: 0.44ms
[198.307s][info][gc,phases      ] GC(430)   Other: 0.08ms
[198.307s][info][gc,heap        ] GC(430) Eden regions: 128->0(129)
[198.307s][info][gc,heap        ] GC(430) Survivor regions: 16->12(18)
[198.307s][info][gc,heap        ] GC(430) Old regions: 732->747
[198.307s][info][gc,heap        ] GC(430) Humongous regions: 10->10
[198.307s][info][gc,metaspace   ] GC(430) Metaspace: 18522K(18688K)->18522K(18688K) NonClass: 16694K(16832K)->16694K(16832K) Class: 1828K(1856K)->1828K(1856K)
[198.307s][info][gc             ] GC(430) Pause Young (Normal) (G1 Evacuation Pause) 884M->768M(978M) 44.593ms
[198.307s][info][gc,cpu         ] GC(430) User=0.09s Sys=0.00s Real=0.05s
[198.457s][info][gc,start       ] GC(431) Pause Young (Normal) (G1 Evacuation Pause)
[198.457s][info][gc,task        ] GC(431) Using 2 workers of 2 for evacuation
[198.492s][info][gc,phases      ] GC(431)   Pre Evacuate Collection Set: 0.33ms
[198.493s][info][gc,phases      ] GC(431)   Merge Heap Roots: 0.19ms
[198.493s][info][gc,phases      ] GC(431)   Evacuate Collection Set: 34.00ms
[198.493s][info][gc,phases      ] GC(431)   Post Evacuate Collection Set: 0.43ms
[198.493s][info][gc,phases      ] GC(431)   Other: 0.11ms
[198.493s][info][gc,heap        ] GC(431) Eden regions: 129->0(125)
[198.493s][info][gc,heap        ] GC(431) Survivor regions: 12->15(18)
[198.493s][info][gc,heap        ] GC(431) Old regions: 747->759
[198.493s][info][gc,heap        ] GC(431) Humongous regions: 10->10
[198.493s][info][gc,metaspace   ] GC(431) Metaspace: 18522K(18688K)->18522K(18688K) NonClass: 16694K(16832K)->16694K(16832K) Class: 1828K(1856K)->1828K(1856K)
[198.493s][info][gc             ] GC(431) Pause Young (Normal) (G1 Evacuation Pause) 897M->783M(978M) 35.315ms
[198.493s][info][gc,cpu         ] GC(431) User=0.06s Sys=0.00s Real=0.03s
[198.674s][info][gc,start       ] GC(432) Pause Young (Normal) (G1 Evacuation Pause)
[198.674s][info][gc,task        ] GC(432) Using 2 workers of 2 for evacuation
[198.716s][info][gc,phases      ] GC(432)   Pre Evacuate Collection Set: 0.57ms
[198.716s][info][gc,phases      ] GC(432)   Merge Heap Roots: 0.19ms
[198.717s][info][gc,phases      ] GC(432)   Evacuate Collection Set: 41.44ms
[198.717s][info][gc,phases      ] GC(432)   Post Evacuate Collection Set: 0.40ms
[198.717s][info][gc,phases      ] GC(432)   Other: 0.10ms
[198.717s][info][gc,heap        ] GC(432) Eden regions: 125->0(108)
[198.717s][info][gc,heap        ] GC(432) Survivor regions: 15->18(18)
[198.717s][info][gc,heap        ] GC(432) Old regions: 759->774
[198.717s][info][gc,heap        ] GC(432) Humongous regions: 10->10
[198.717s][info][gc,metaspace   ] GC(432) Metaspace: 18522K(18688K)->18522K(18688K) NonClass: 16694K(16832K)->16694K(16832K) Class: 1828K(1856K)->1828K(1856K)
[198.717s][info][gc             ] GC(432) Pause Young (Normal) (G1 Evacuation Pause) 908M->801M(978M) 42.970ms
[198.717s][info][gc,cpu         ] GC(432) User=0.08s Sys=0.00s Real=0.05s
[198.843s][info][gc,marking     ] GC(428) Concurrent Mark From Roots 926.161ms
[198.843s][info][gc,marking     ] GC(428) Concurrent Preclean
[198.843s][info][gc,marking     ] GC(428) Concurrent Preclean 0.045ms
[198.843s][info][gc,start       ] GC(428) Pause Remark
[198.852s][info][gc             ] GC(428) Pause Remark 908M->525M(978M) 8.162ms
[198.852s][info][gc,cpu         ] GC(428) User=0.02s Sys=0.00s Real=0.01s
[198.852s][info][gc,marking     ] GC(428) Concurrent Mark 935.297ms
[198.852s][info][gc,marking     ] GC(428) Concurrent Rebuild Remembered Sets and Scrub Regions
[198.854s][info][gc,start       ] GC(433) Pause Young (Normal) (G1 Evacuation Pause)
[198.854s][info][gc,task        ] GC(433) Using 2 workers of 2 for evacuation
[198.879s][info][gc,phases      ] GC(433)   Pre Evacuate Collection Set: 0.28ms
[198.880s][info][gc,phases      ] GC(433)   Merge Heap Roots: 0.13ms
[198.880s][info][gc,phases      ] GC(433)   Evacuate Collection Set: 24.38ms
[198.880s][info][gc,phases      ] GC(433)   Post Evacuate Collection Set: 0.50ms
[198.880s][info][gc,phases      ] GC(433)   Other: 0.08ms
[198.880s][info][gc,heap        ] GC(433) Eden regions: 108->0(330)
[198.880s][info][gc,heap        ] GC(433) Survivor regions: 18->3(16)
[198.880s][info][gc,heap        ] GC(433) Old regions: 396->415
[198.880s][info][gc,heap        ] GC(433) Humongous regions: 5->5
[198.880s][info][gc,metaspace   ] GC(433) Metaspace: 18522K(18688K)->18522K(18688K) NonClass: 16694K(16832K)->16694K(16832K) Class: 1828K(1856K)->1828K(1856K)
[198.880s][info][gc             ] GC(433) Pause Young (Normal) (G1 Evacuation Pause) 526M->421M(978M) 25.581ms
[198.880s][info][gc,cpu         ] GC(433) User=0.05s Sys=0.00s Real=0.03s
[199.310s][info][gc,marking     ] GC(428) Concurrent Rebuild Remembered Sets and Scrub Regions 457.688ms
[199.310s][info][gc,start       ] GC(428) Pause Cleanup
[199.310s][info][gc             ] GC(428) Pause Cleanup 716M->716M(978M) 0.167ms
[199.310s][info][gc,cpu         ] GC(428) User=0.00s Sys=0.00s Real=0.00s
[199.311s][info][gc,marking     ] GC(428) Concurrent Clear Claimed Marks
[199.311s][info][gc,marking     ] GC(428) Concurrent Clear Claimed Marks 0.032ms
[199.311s][info][gc,marking     ] GC(428) Concurrent Cleanup for Next Mark
[199.317s][info][gc,marking     ] GC(428) Concurrent Cleanup for Next Mark 6.431ms
[199.317s][info][gc             ] GC(428) Concurrent Mark Cycle 1458.895ms
[199.366s][info][gc,start       ] GC(434) Pause Young (Prepare Mixed) (G1 Evacuation Pause)
[199.366s][info][gc,task        ] GC(434) Using 2 workers of 2 for evacuation
[199.415s][info][gc,phases      ] GC(434)   Pre Evacuate Collection Set: 0.53ms
[199.415s][info][gc,phases      ] GC(434)   Merge Heap Roots: 0.78ms
[199.415s][info][gc,phases      ] GC(434)   Evacuate Collection Set: 46.38ms
[199.415s][info][gc,phases      ] GC(434)   Post Evacuate Collection Set: 0.76ms
[199.415s][info][gc,phases      ] GC(434)   Other: 0.11ms
[199.415s][info][gc,heap        ] GC(434) Eden regions: 330->0(227)
[199.415s][info][gc,heap        ] GC(434) Survivor regions: 3->28(42)
[199.415s][info][gc,heap        ] GC(434) Old regions: 415->415
[199.415s][info][gc,heap        ] GC(434) Humongous regions: 5->5
[199.415s][info][gc,metaspace   ] GC(434) Metaspace: 18522K(18688K)->18522K(18688K) NonClass: 16694K(16832K)->16694K(16832K) Class: 1828K(1856K)->1828K(1856K)
[199.415s][info][gc             ] GC(434) Pause Young (Prepare Mixed) (G1 Evacuation Pause) 751M->446M(978M) 48.811ms
[199.415s][info][gc,cpu         ] GC(434) User=0.09s Sys=0.00s Real=0.05s
[200.358s][info][gc,start       ] GC(435) Pause Young (Mixed) (G1 Evacuation Pause)
[200.358s][info][gc,task        ] GC(435) Using 2 workers of 2 for evacuation
[200.427s][info][gc,phases      ] GC(435)   Pre Evacuate Collection Set: 0.57ms
[200.427s][info][gc,phases      ] GC(435)   Merge Heap Roots: 1.04ms
[200.427s][info][gc,phases      ] GC(435)   Evacuate Collection Set: 65.05ms
[200.427s][info][gc,phases      ] GC(435)   Merge Optional Heap Roots: 0.11ms
[200.427s][info][gc,phases      ] GC(435)   Evacuate Optional Collection Set: 0.81ms
[200.427s][info][gc,phases      ] GC(435)   Post Evacuate Collection Set: 1.11ms
[200.427s][info][gc,phases      ] GC(435)   Other: 0.14ms
[200.427s][info][gc,heap        ] GC(435) Eden regions: 336->0(223)
[200.427s][info][gc,heap        ] GC(435) Survivor regions: 28->16(46)
[200.427s][info][gc,heap        ] GC(435) Old regions: 415->362
[200.427s][info][gc,heap        ] GC(435) Humongous regions: 5->5
[200.427s][info][gc,metaspace   ] GC(435) Metaspace: 18522K(18688K)->18522K(18688K) NonClass: 16694K(16832K)->16694K(16832K) Class: 1828K(1856K)->1828K(1856K)
[200.427s][info][gc             ] GC(435) Pause Young (Mixed) (G1 Evacuation Pause) 782M->382M(978M) 69.106ms
[200.427s][info][gc,cpu         ] GC(435) User=0.14s Sys=0.00s Real=0.07s
[201.261s][info][gc,start       ] GC(436) Pause Young (Mixed) (G1 Evacuation Pause)
[201.261s][info][gc,task        ] GC(436) Using 2 workers of 2 for evacuation
[201.378s][info][gc,phases      ] GC(436)   Pre Evacuate Collection Set: 0.30ms
[201.378s][info][gc,phases      ] GC(436)   Merge Heap Roots: 0.63ms
[201.378s][info][gc,phases      ] GC(436)   Evacuate Collection Set: 114.93ms
[201.378s][info][gc,phases      ] GC(436)   Post Evacuate Collection Set: 0.62ms
[201.378s][info][gc,phases      ] GC(436)   Other: 0.11ms
[201.378s][info][gc,heap        ] GC(436) Eden regions: 311->0(419)
[201.378s][info][gc,heap        ] GC(436) Survivor regions: 16->16(41)
[201.378s][info][gc,heap        ] GC(436) Old regions: 362->362
[201.378s][info][gc,heap        ] GC(436) Humongous regions: 5->5
[201.378s][info][gc,metaspace   ] GC(436) Metaspace: 18523K(18688K)->18523K(18688K) NonClass: 16694K(16832K)->16694K(16832K) Class: 1828K(1856K)->1828K(1856K)
[201.378s][info][gc             ] GC(436) Pause Young (Mixed) (G1 Evacuation Pause) 693M->382M(978M) 116.891ms
[201.378s][info][gc,cpu         ] GC(436) User=0.23s Sys=0.00s Real=0.12s
[201.915s][info][gc,start       ] GC(437) Pause Young (Concurrent Start) (G1 Evacuation Pause)
[201.915s][info][gc,task        ] GC(437) Using 2 workers of 2 for evacuation
[202.037s][info][gc,phases      ] GC(437)   Pre Evacuate Collection Set: 0.35ms
[202.037s][info][gc,phases      ] GC(437)   Merge Heap Roots: 0.55ms
[202.037s][info][gc,phases      ] GC(437)   Evacuate Collection Set: 119.34ms
[202.037s][info][gc,phases      ] GC(437)   Post Evacuate Collection Set: 1.02ms
[202.037s][info][gc,phases      ] GC(437)   Other: 0.22ms
[202.037s][info][gc,heap        ] GC(437) Eden regions: 419->0(351)
[202.037s][info][gc,heap        ] GC(437) Survivor regions: 16->55(55)
[202.037s][info][gc,heap        ] GC(437) Old regions: 362->402
[202.037s][info][gc,heap        ] GC(437) Humongous regions: 5->5
[202.037s][info][gc,metaspace   ] GC(437) Metaspace: 18523K(18688K)->18523K(18688K) NonClass: 16694K(16832K)->16694K(16832K) Class: 1828K(1856K)->1828K(1856K)
[202.037s][info][gc             ] GC(437) Pause Young (Concurrent Start) (G1 Evacuation Pause) 801M->461M(978M) 121.720ms
[202.037s][info][gc             ] GC(438) Concurrent Mark Cycle
[202.037s][info][gc,marking     ] GC(438) Concurrent Scan Root Regions
[202.037s][info][gc,cpu         ] GC(437) User=0.24s Sys=0.00s Real=0.12s
[202.147s][info][gc,marking     ] GC(438) Concurrent Scan Root Regions 110.208ms
[202.147s][info][gc,marking     ] GC(438) Concurrent Mark
[202.147s][info][gc,marking     ] GC(438) Concurrent Mark From Roots
[202.147s][info][gc,task        ] GC(438) Using 1 workers of 1 for marking
[202.801s][info][gc,start       ] GC(439) Pause Young (Normal) (G1 Evacuation Pause)
[202.801s][info][gc,task        ] GC(439) Using 2 workers of 2 for evacuation
[202.965s][info][gc,phases      ] GC(439)   Pre Evacuate Collection Set: 0.55ms
[202.965s][info][gc,phases      ] GC(439)   Merge Heap Roots: 0.60ms
[202.965s][info][gc,phases      ] GC(439)   Evacuate Collection Set: 162.31ms
[202.965s][info][gc,phases      ] GC(439)   Post Evacuate Collection Set: 0.83ms
[202.965s][info][gc,phases      ] GC(439)   Other: 0.09ms
[202.965s][info][gc,heap        ] GC(439) Eden regions: 351->0(303)
[202.965s][info][gc,heap        ] GC(439) Survivor regions: 55->51(51)
[202.965s][info][gc,heap        ] GC(439) Old regions: 402->472
[202.965s][info][gc,heap        ] GC(439) Humongous regions: 8->8
[202.965s][info][gc,metaspace   ] GC(439) Metaspace: 18525K(18688K)->18525K(18688K) NonClass: 16697K(16832K)->16697K(16832K) Class: 1828K(1856K)->1828K(1856K)
[202.965s][info][gc             ] GC(439) Pause Young (Normal) (G1 Evacuation Pause) 815M->530M(978M) 164.681ms
[202.965s][info][gc,cpu         ] GC(439) User=0.33s Sys=0.00s Real=0.17s
[203.342s][info][gc,start       ] GC(440) Pause Young (Normal) (G1 Evacuation Pause)
[203.342s][info][gc,task        ] GC(440) Using 2 workers of 2 for evacuation
[203.460s][info][gc,phases      ] GC(440)   Pre Evacuate Collection Set: 0.34ms
[203.460s][info][gc,phases      ] GC(440)   Merge Heap Roots: 0.46ms
[203.460s][info][gc,phases      ] GC(440)   Evacuate Collection Set: 116.63ms
[203.460s][info][gc,phases      ] GC(440)   Post Evacuate Collection Set: 0.65ms
[203.460s][info][gc,phases      ] GC(440)   Other: 0.11ms
[203.460s][info][gc,heap        ] GC(440) Eden regions: 303->0(280)
[203.460s][info][gc,heap        ] GC(440) Survivor regions: 51->40(45)
[203.460s][info][gc,heap        ] GC(440) Old regions: 472->524
[203.460s][info][gc,heap        ] GC(440) Humongous regions: 8->8
[203.460s][info][gc,metaspace   ] GC(440) Metaspace: 18525K(18688K)->18525K(18688K) NonClass: 16697K(16832K)->16697K(16832K) Class: 1828K(1856K)->1828K(1856K)
[203.460s][info][gc             ] GC(440) Pause Young (Normal) (G1 Evacuation Pause) 833M->570M(978M) 118.487ms
[203.460s][info][gc,cpu         ] GC(440) User=0.23s Sys=0.00s Real=0.12s
[203.541s][info][gc,marking     ] GC(438) Concurrent Mark From Roots 1393.844ms
[203.541s][info][gc,marking     ] GC(438) Concurrent Preclean
[203.541s][info][gc,marking     ] GC(438) Concurrent Preclean 0.040ms
[203.542s][info][gc,start       ] GC(438) Pause Remark
[203.550s][info][gc             ] GC(438) Pause Remark 657M->647M(978M) 7.768ms
[203.550s][info][gc,cpu         ] GC(438) User=0.02s Sys=0.00s Real=0.01s
[203.550s][info][gc,marking     ] GC(438) Concurrent Mark 1402.730ms
[203.550s][info][gc,marking     ] GC(438) Concurrent Rebuild Remembered Sets and Scrub Regions
[203.721s][info][gc,start       ] GC(441) Pause Young (Normal) (G1 Evacuation Pause)
[203.721s][info][gc,task        ] GC(441) Using 2 workers of 2 for evacuation
[203.769s][info][gc,phases      ] GC(441)   Pre Evacuate Collection Set: 0.30ms
[203.769s][info][gc,phases      ] GC(441)   Merge Heap Roots: 0.21ms
[203.769s][info][gc,phases      ] GC(441)   Evacuate Collection Set: 45.93ms
[203.769s][info][gc,phases      ] GC(441)   Post Evacuate Collection Set: 0.66ms
[203.769s][info][gc,phases      ] GC(441)   Other: 0.09ms
[203.769s][info][gc,heap        ] GC(441) Eden regions: 280->0(299)
[203.769s][info][gc,heap        ] GC(441) Survivor regions: 40->5(40)
[203.769s][info][gc,heap        ] GC(441) Old regions: 515->554
[203.769s][info][gc,heap        ] GC(441) Humongous regions: 7->7
[203.769s][info][gc,metaspace   ] GC(441) Metaspace: 18525K(18688K)->18525K(18688K) NonClass: 16697K(16832K)->16697K(16832K) Class: 1828K(1856K)->1828K(1856K)
[203.769s][info][gc             ] GC(441) Pause Young (Normal) (G1 Evacuation Pause) 840M->565M(978M) 47.427ms
[203.769s][info][gc,cpu         ] GC(441) User=0.10s Sys=0.00s Real=0.05s
[204.258s][info][gc,start       ] GC(442) Pause Young (Normal) (G1 Evacuation Pause)
[204.258s][info][gc,task        ] GC(442) Using 2 workers of 2 for evacuation
[204.343s][info][gc,phases      ] GC(442)   Pre Evacuate Collection Set: 0.30ms
[204.343s][info][gc,phases      ] GC(442)   Merge Heap Roots: 0.52ms
[204.343s][info][gc,phases      ] GC(442)   Evacuate Collection Set: 83.11ms
[204.343s][info][gc,phases      ] GC(442)   Post Evacuate Collection Set: 0.78ms
[204.343s][info][gc,phases      ] GC(442)   Other: 0.09ms
[204.343s][info][gc,heap        ] GC(442) Eden regions: 299->0(134)
[204.343s][info][gc,heap        ] GC(442) Survivor regions: 5->38(38)
[204.343s][info][gc,heap        ] GC(442) Old regions: 554->569
[204.343s][info][gc,heap        ] GC(442) Humongous regions: 8->8
[204.343s][info][gc,metaspace   ] GC(442) Metaspace: 18525K(18688K)->18525K(18688K) NonClass: 16697K(16832K)->16697K(16832K) Class: 1828K(1856K)->1828K(1856K)
[204.343s][info][gc             ] GC(442) Pause Young (Normal) (G1 Evacuation Pause) 865M->614M(978M) 85.136ms
[204.343s][info][gc,cpu         ] GC(442) User=0.17s Sys=0.00s Real=0.08s
[204.368s][info][gc,marking     ] GC(438) Concurrent Rebuild Remembered Sets and Scrub Regions 817.398ms
[204.370s][info][gc,start       ] GC(438) Pause Cleanup
[204.370s][info][gc             ] GC(438) Pause Cleanup 626M->626M(978M) 0.132ms
[204.370s][info][gc,cpu         ] GC(438) User=0.00s Sys=0.00s Real=0.00s
[204.370s][info][gc,marking     ] GC(438) Concurrent Clear Claimed Marks
[204.370s][info][gc,marking     ] GC(438) Concurrent Clear Claimed Marks 0.043ms
[204.370s][info][gc,marking     ] GC(438) Concurrent Cleanup for Next Mark
[204.375s][info][gc,marking     ] GC(438) Concurrent Cleanup for Next Mark 4.972ms
[204.375s][info][gc             ] GC(438) Concurrent Mark Cycle 2338.266ms
[204.853s][info][gc,start       ] GC(443) Pause Young (Prepare Mixed) (G1 Evacuation Pause)
[204.854s][info][gc,task        ] GC(443) Using 2 workers of 2 for evacuation
[204.941s][info][gc,phases      ] GC(443)   Pre Evacuate Collection Set: 0.41ms
[204.941s][info][gc,phases      ] GC(443)   Merge Heap Roots: 0.47ms
[204.941s][info][gc,phases      ] GC(443)   Evacuate Collection Set: 85.17ms
[204.941s][info][gc,phases      ] GC(443)   Post Evacuate Collection Set: 0.93ms
[204.941s][info][gc,phases      ] GC(443)   Other: 0.10ms
[204.941s][info][gc,heap        ] GC(443) Eden regions: 255->0(257)
[204.941s][info][gc,heap        ] GC(443) Survivor regions: 38->11(37)
[204.941s][info][gc,heap        ] GC(443) Old regions: 569->608
[204.941s][info][gc,heap        ] GC(443) Humongous regions: 8->8
[204.941s][info][gc,metaspace   ] GC(443) Metaspace: 18525K(18688K)->18525K(18688K) NonClass: 16697K(16832K)->16697K(16832K) Class: 1828K(1856K)->1828K(1856K)
[204.941s][info][gc             ] GC(443) Pause Young (Prepare Mixed) (G1 Evacuation Pause) 869M->625M(978M) 87.369ms
[204.941s][info][gc,cpu         ] GC(443) User=0.18s Sys=0.00s Real=0.09s
[205.509s][info][gc,start       ] GC(444) Pause Young (Mixed) (G1 Evacuation Pause)
[205.509s][info][gc,task        ] GC(444) Using 2 workers of 2 for evacuation
[205.661s][info][gc,phases      ] GC(444)   Pre Evacuate Collection Set: 0.34ms
[205.661s][info][gc,phases      ] GC(444)   Merge Heap Roots: 0.49ms
[205.661s][info][gc,phases      ] GC(444)   Evacuate Collection Set: 52.00ms
[205.661s][info][gc,phases      ] GC(444)   Merge Optional Heap Roots: 1.88ms
[205.661s][info][gc,phases      ] GC(444)   Evacuate Optional Collection Set: 95.96ms
[205.661s][info][gc,phases      ] GC(444)   Post Evacuate Collection Set: 1.72ms
[205.661s][info][gc,phases      ] GC(444)   Other: 0.09ms
[205.661s][info][gc,heap        ] GC(444) Eden regions: 257->0(18)
[205.661s][info][gc,heap        ] GC(444) Survivor regions: 11->30(34)
[205.661s][info][gc,heap        ] GC(444) Old regions: 608->597
[205.662s][info][gc,heap        ] GC(444) Humongous regions: 8->8
[205.662s][info][gc,metaspace   ] GC(444) Metaspace: 18525K(18688K)->18525K(18688K) NonClass: 16697K(16832K)->16697K(16832K) Class: 1828K(1856K)->1828K(1856K)
[205.662s][info][gc             ] GC(444) Pause Young (Mixed) (G1 Evacuation Pause) 882M->634M(978M) 152.759ms
[205.662s][info][gc,cpu         ] GC(444) User=0.30s Sys=0.00s Real=0.15s
[205.692s][info][gc,start       ] GC(445) Pause Young (Mixed) (G1 Evacuation Pause)
[205.692s][info][gc,task        ] GC(445) Using 2 workers of 2 for evacuation
[205.873s][info][gc,phases      ] GC(445)   Pre Evacuate Collection Set: 0.32ms
[205.874s][info][gc,phases      ] GC(445)   Merge Heap Roots: 2.53ms
[205.874s][info][gc,phases      ] GC(445)   Evacuate Collection Set: 178.54ms
[205.874s][info][gc,phases      ] GC(445)   Post Evacuate Collection Set: 0.37ms
[205.874s][info][gc,phases      ] GC(445)   Other: 0.08ms
[205.874s][info][gc,heap        ] GC(445) Eden regions: 18->0(255)
[205.874s][info][gc,heap        ] GC(445) Survivor regions: 30->1(6)
[205.874s][info][gc,heap        ] GC(445) Old regions: 597->626
[205.874s][info][gc,heap        ] GC(445) Humongous regions: 8->8
[205.874s][info][gc,metaspace   ] GC(445) Metaspace: 18525K(18688K)->18525K(18688K) NonClass: 16697K(16832K)->16697K(16832K) Class: 1828K(1856K)->1828K(1856K)
[205.874s][info][gc             ] GC(445) Pause Young (Mixed) (G1 Evacuation Pause) 652M->634M(978M) 182.131ms
[205.874s][info][gc,cpu         ] GC(445) User=0.36s Sys=0.00s Real=0.18s
[206.159s][info][gc,start       ] GC(446) Pause Young (Concurrent Start) (G1 Evacuation Pause)
[206.159s][info][gc,task        ] GC(446) Using 2 workers of 2 for evacuation
[206.216s][info][gc,phases      ] GC(446)   Pre Evacuate Collection Set: 0.35ms
[206.216s][info][gc,phases      ] GC(446)   Merge Heap Roots: 0.17ms
[206.216s][info][gc,phases      ] GC(446)   Evacuate Collection Set: 55.59ms
[206.216s][info][gc,phases      ] GC(446)   Post Evacuate Collection Set: 0.74ms
[206.216s][info][gc,phases      ] GC(446)   Other: 0.11ms
[206.216s][info][gc,heap        ] GC(446) Eden regions: 255->0(198)
[206.216s][info][gc,heap        ] GC(446) Survivor regions: 1->32(32)
[206.216s][info][gc,heap        ] GC(446) Old regions: 626->646
[206.216s][info][gc,heap        ] GC(446) Humongous regions: 8->8
[206.216s][info][gc,metaspace   ] GC(446) Metaspace: 18525K(18688K)->18525K(18688K) NonClass: 16697K(16832K)->16697K(16832K) Class: 1828K(1856K)->1828K(1856K)
[206.216s][info][gc             ] GC(446) Pause Young (Concurrent Start) (G1 Evacuation Pause) 889M->685M(978M) 57.227ms
[206.216s][info][gc,cpu         ] GC(446) User=0.12s Sys=0.00s Real=0.06s
[206.216s][info][gc             ] GC(447) Concurrent Mark Cycle
[206.216s][info][gc,marking     ] GC(447) Concurrent Scan Root Regions
[206.274s][info][gc,marking     ] GC(447) Concurrent Scan Root Regions 57.977ms
[206.274s][info][gc,marking     ] GC(447) Concurrent Mark
[206.274s][info][gc,marking     ] GC(447) Concurrent Mark From Roots
[206.274s][info][gc,task        ] GC(447) Using 1 workers of 1 for marking
[206.677s][info][gc,start       ] GC(448) Pause Young (Normal) (G1 Evacuation Pause)
[206.677s][info][gc,task        ] GC(448) Using 2 workers of 2 for evacuation
[206.745s][info][gc,phases      ] GC(448)   Pre Evacuate Collection Set: 0.33ms
[206.745s][info][gc,phases      ] GC(448)   Merge Heap Roots: 0.39ms
[206.745s][info][gc,phases      ] GC(448)   Evacuate Collection Set: 66.68ms
[206.745s][info][gc,phases      ] GC(448)   Post Evacuate Collection Set: 0.53ms
[206.745s][info][gc,phases      ] GC(448)   Other: 0.11ms
[206.745s][info][gc,heap        ] GC(448) Eden regions: 198->0(176)
[206.745s][info][gc,heap        ] GC(448) Survivor regions: 32->29(29)
[206.745s][info][gc,heap        ] GC(448) Old regions: 646->679
[206.745s][info][gc,heap        ] GC(448) Humongous regions: 8->8
[206.745s][info][gc,metaspace   ] GC(448) Metaspace: 18525K(18688K)->18525K(18688K) NonClass: 16697K(16832K)->16697K(16832K) Class: 1828K(1856K)->1828K(1856K)
[206.745s][info][gc             ] GC(448) Pause Young (Normal) (G1 Evacuation Pause) 883M->715M(978M) 68.315ms
[206.745s][info][gc,cpu         ] GC(448) User=0.14s Sys=0.00s Real=0.07s
[207.168s][info][gc,marking     ] GC(447) Concurrent Mark From Roots 894.041ms
[207.168s][info][gc,marking     ] GC(447) Concurrent Preclean
[207.168s][info][gc,marking     ] GC(447) Concurrent Preclean 0.031ms
[207.169s][info][gc,start       ] GC(447) Pause Remark
[207.340s][info][gc             ] GC(447) Pause Remark 893M->754M(978M) 170.772ms
[207.340s][info][gc,cpu         ] GC(447) User=0.34s Sys=0.00s Real=0.17s
[207.341s][info][gc,marking     ] GC(447) Concurrent Mark 1067.051ms
[207.341s][info][gc,marking     ] GC(447) Concurrent Rebuild Remembered Sets and Scrub Regions
[207.345s][info][gc,start       ] GC(449) Pause Young (Normal) (G1 Evacuation Pause)
[207.345s][info][gc,task        ] GC(449) Using 2 workers of 2 for evacuation
[207.449s][info][gc,phases      ] GC(449)   Pre Evacuate Collection Set: 0.28ms
[207.449s][info][gc,phases      ] GC(449)   Merge Heap Roots: 0.71ms
[207.449s][info][gc,phases      ] GC(449)   Evacuate Collection Set: 102.16ms
[207.449s][info][gc,phases      ] GC(449)   Post Evacuate Collection Set: 0.61ms
[207.449s][info][gc,phases      ] GC(449)   Other: 0.09ms
[207.449s][info][gc,heap        ] GC(449) Eden regions: 176->0(245)
[207.449s][info][gc,heap        ] GC(449) Survivor regions: 29->26(26)
[207.449s][info][gc,heap        ] GC(449) Old regions: 544->581
[207.449s][info][gc,heap        ] GC(449) Humongous regions: 7->7
[207.449s][info][gc,metaspace   ] GC(449) Metaspace: 18525K(18688K)->18525K(18688K) NonClass: 16697K(16832K)->16697K(16832K) Class: 1828K(1856K)->1828K(1856K)
[207.449s][info][gc             ] GC(449) Pause Young (Normal) (G1 Evacuation Pause) 755M->613M(978M) 104.133ms
[207.449s][info][gc,cpu         ] GC(449) User=0.21s Sys=0.00s Real=0.10s
[207.892s][info][gc,start       ] GC(450) Pause Young (Normal) (G1 Evacuation Pause)
[207.892s][info][gc,task        ] GC(450) Using 2 workers of 2 for evacuation
[207.986s][info][gc,phases      ] GC(450)   Pre Evacuate Collection Set: 0.53ms
[207.986s][info][gc,phases      ] GC(450)   Merge Heap Roots: 0.50ms
[207.986s][info][gc,phases      ] GC(450)   Evacuate Collection Set: 91.95ms
[207.986s][info][gc,phases      ] GC(450)   Post Evacuate Collection Set: 0.73ms
[207.986s][info][gc,phases      ] GC(450)   Other: 0.11ms
[207.986s][info][gc,heap        ] GC(450) Eden regions: 245->0(211)
[207.986s][info][gc,heap        ] GC(450) Survivor regions: 26->34(34)
[207.986s][info][gc,heap        ] GC(450) Old regions: 581->613
[207.986s][info][gc,heap        ] GC(450) Humongous regions: 7->7
[207.986s][info][gc,metaspace   ] GC(450) Metaspace: 18525K(18688K)->18525K(18688K) NonClass: 16697K(16832K)->16697K(16832K) Class: 1828K(1856K)->1828K(1856K)
[207.986s][info][gc             ] GC(450) Pause Young (Normal) (G1 Evacuation Pause) 858M->653M(978M) 94.071ms
[207.986s][info][gc,cpu         ] GC(450) User=0.18s Sys=0.00s Real=0.10s
[208.010s][info][gc,marking     ] GC(447) Concurrent Rebuild Remembered Sets and Scrub Regions 668.334ms
[208.010s][info][gc,start       ] GC(447) Pause Cleanup
[208.010s][info][gc             ] GC(447) Pause Cleanup 677M->677M(978M) 0.189ms
[208.010s][info][gc,cpu         ] GC(447) User=0.00s Sys=0.00s Real=0.00s
[208.010s][info][gc,marking     ] GC(447) Concurrent Clear Claimed Marks
[208.010s][info][gc,marking     ] GC(447) Concurrent Clear Claimed Marks 0.032ms
[208.010s][info][gc,marking     ] GC(447) Concurrent Cleanup for Next Mark
[208.013s][info][gc,marking     ] GC(447) Concurrent Cleanup for Next Mark 2.956ms
[208.013s][info][gc             ] GC(447) Concurrent Mark Cycle 1796.996ms
[208.103s][info][gc,start       ] GC(451) Pause Young (Prepare Mixed) (G1 Evacuation Pause)
[208.103s][info][gc,task        ] GC(451) Using 2 workers of 2 for evacuation
[208.208s][info][gc,phases      ] GC(451)   Pre Evacuate Collection Set: 0.32ms
[208.208s][info][gc,phases      ] GC(451)   Merge Heap Roots: 0.50ms
[208.208s][info][gc,phases      ] GC(451)   Evacuate Collection Set: 102.90ms
[208.208s][info][gc,phases      ] GC(451)   Post Evacuate Collection Set: 0.86ms
[208.208s][info][gc,phases      ] GC(451)   Other: 0.11ms
[208.208s][info][gc,heap        ] GC(451) Eden regions: 211->0(148)
[208.208s][info][gc,heap        ] GC(451) Survivor regions: 34->31(31)
[208.208s][info][gc,heap        ] GC(451) Old regions: 613->666
[208.208s][info][gc,heap        ] GC(451) Humongous regions: 7->7
[208.208s][info][gc,metaspace   ] GC(451) Metaspace: 18525K(18688K)->18525K(18688K) NonClass: 16697K(16832K)->16697K(16832K) Class: 1828K(1856K)->1828K(1856K)
[208.208s][info][gc             ] GC(451) Pause Young (Prepare Mixed) (G1 Evacuation Pause) 864M->703M(978M) 104.946ms
[208.208s][info][gc,cpu         ] GC(451) User=0.20s Sys=0.00s Real=0.11s
[208.413s][info][gc,start       ] GC(452) Pause Young (Mixed) (G1 Evacuation Pause)
[208.413s][info][gc,task        ] GC(452) Using 2 workers of 2 for evacuation
[208.501s][info][gc,phases      ] GC(452)   Pre Evacuate Collection Set: 0.57ms
[208.501s][info][gc,phases      ] GC(452)   Merge Heap Roots: 0.73ms
[208.501s][info][gc,phases      ] GC(452)   Evacuate Collection Set: 81.51ms
[208.501s][info][gc,phases      ] GC(452)   Merge Optional Heap Roots: 0.13ms
[208.501s][info][gc,phases      ] GC(452)   Evacuate Optional Collection Set: 3.97ms
[208.501s][info][gc,phases      ] GC(452)   Post Evacuate Collection Set: 0.91ms
[208.501s][info][gc,phases      ] GC(452)   Other: 0.14ms
[208.501s][info][gc,heap        ] GC(452) Eden regions: 172->0(211)
[208.501s][info][gc,heap        ] GC(452) Survivor regions: 31->22(26)
[208.501s][info][gc,heap        ] GC(452) Old regions: 666->625
[208.501s][info][gc,heap        ] GC(452) Humongous regions: 7->7
[208.501s][info][gc,metaspace   ] GC(452) Metaspace: 18525K(18688K)->18525K(18688K) NonClass: 16697K(16832K)->16697K(16832K) Class: 1828K(1856K)->1828K(1856K)
[208.501s][info][gc             ] GC(452) Pause Young (Mixed) (G1 Evacuation Pause) 875M->653M(978M) 88.271ms
[208.501s][info][gc,cpu         ] GC(452) User=0.17s Sys=0.00s Real=0.09s
[208.728s][info][gc,start       ] GC(453) Pause Young (Mixed) (G1 Evacuation Pause)
[208.729s][info][gc,task        ] GC(453) Using 2 workers of 2 for evacuation
[208.837s][info][gc,phases      ] GC(453)   Pre Evacuate Collection Set: 0.33ms
[208.837s][info][gc,phases      ] GC(453)   Merge Heap Roots: 0.94ms
[208.837s][info][gc,phases      ] GC(453)   Evacuate Collection Set: 102.62ms
[208.837s][info][gc,phases      ] GC(453)   Merge Optional Heap Roots: 0.20ms
[208.837s][info][gc,phases      ] GC(453)   Evacuate Optional Collection Set: 3.20ms
[208.837s][info][gc,phases      ] GC(453)   Post Evacuate Collection Set: 1.11ms
[208.837s][info][gc,phases      ] GC(453)   Other: 0.09ms
[208.837s][info][gc,heap        ] GC(453) Eden regions: 211->0(118)
[208.837s][info][gc,heap        ] GC(453) Survivor regions: 22->22(30)
[208.837s][info][gc,heap        ] GC(453) Old regions: 625->624
[208.837s][info][gc,heap        ] GC(453) Humongous regions: 10->10
[208.837s][info][gc,metaspace   ] GC(453) Metaspace: 18525K(18688K)->18525K(18688K) NonClass: 16697K(16832K)->16697K(16832K) Class: 1828K(1856K)->1828K(1856K)
[208.837s][info][gc             ] GC(453) Pause Young (Mixed) (G1 Evacuation Pause) 867M->655M(978M) 108.756ms
[208.837s][info][gc,cpu         ] GC(453) User=0.21s Sys=0.00s Real=0.11s
[209.046s][info][gc,start       ] GC(454) Pause Young (Mixed) (G1 Evacuation Pause)
[209.046s][info][gc,task        ] GC(454) Using 2 workers of 2 for evacuation
[209.234s][info][gc,phases      ] GC(454)   Pre Evacuate Collection Set: 0.33ms
[209.234s][info][gc,phases      ] GC(454)   Merge Heap Roots: 1.78ms
[209.234s][info][gc,phases      ] GC(454)   Evacuate Collection Set: 185.36ms
[209.234s][info][gc,phases      ] GC(454)   Post Evacuate Collection Set: 0.61ms
[209.234s][info][gc,phases      ] GC(454)   Other: 0.10ms
[209.234s][info][gc,heap        ] GC(454) Eden regions: 174->0(182)
[209.234s][info][gc,heap        ] GC(454) Survivor regions: 22->25(25)
[209.234s][info][gc,heap        ] GC(454) Old regions: 624->659
[209.234s][info][gc,heap        ] GC(454) Humongous regions: 10->10
[209.234s][info][gc,metaspace   ] GC(454) Metaspace: 18525K(18688K)->18525K(18688K) NonClass: 16697K(16832K)->16697K(16832K) Class: 1828K(1856K)->1828K(1856K)
[209.234s][info][gc             ] GC(454) Pause Young (Mixed) (G1 Evacuation Pause) 829M->693M(978M) 188.459ms
[209.234s][info][gc,cpu         ] GC(454) User=0.38s Sys=0.00s Real=0.19s
[209.393s][info][gc,start       ] GC(455) Pause Young (Concurrent Start) (G1 Evacuation Pause)
[209.393s][info][gc,task        ] GC(455) Using 2 workers of 2 for evacuation
[209.464s][info][gc,phases      ] GC(455)   Pre Evacuate Collection Set: 0.34ms
[209.464s][info][gc,phases      ] GC(455)   Merge Heap Roots: 0.34ms
[209.464s][info][gc,phases      ] GC(455)   Evacuate Collection Set: 70.27ms
[209.464s][info][gc,phases      ] GC(455)   Post Evacuate Collection Set: 0.51ms
[209.464s][info][gc,phases      ] GC(455)   Other: 0.17ms
[209.464s][info][gc,heap        ] GC(455) Eden regions: 182->0(163)
[209.464s][info][gc,heap        ] GC(455) Survivor regions: 25->26(26)
[209.464s][info][gc,heap        ] GC(455) Old regions: 659->689
[209.464s][info][gc,heap        ] GC(455) Humongous regions: 10->10
[209.464s][info][gc,metaspace   ] GC(455) Metaspace: 18525K(18688K)->18525K(18688K) NonClass: 16697K(16832K)->16697K(16832K) Class: 1828K(1856K)->1828K(1856K)
[209.465s][info][gc             ] GC(455) Pause Young (Concurrent Start) (G1 Evacuation Pause) 875M->724M(978M) 71.928ms
[209.465s][info][gc,cpu         ] GC(455) User=0.14s Sys=0.00s Real=0.08s
[209.465s][info][gc             ] GC(456) Concurrent Mark Cycle
[209.465s][info][gc,marking     ] GC(456) Concurrent Scan Root Regions
[209.568s][info][gc,marking     ] GC(456) Concurrent Scan Root Regions 103.391ms
[209.568s][info][gc,marking     ] GC(456) Concurrent Mark
[209.568s][info][gc,marking     ] GC(456) Concurrent Mark From Roots
[209.568s][info][gc,task        ] GC(456) Using 1 workers of 1 for marking
[209.800s][info][gc,start       ] GC(457) Pause Young (Normal) (G1 Evacuation Pause)
[209.800s][info][gc,task        ] GC(457) Using 2 workers of 2 for evacuation
[209.838s][info][gc,phases      ] GC(457)   Pre Evacuate Collection Set: 0.33ms
[209.838s][info][gc,phases      ] GC(457)   Merge Heap Roots: 0.26ms
[209.838s][info][gc,phases      ] GC(457)   Evacuate Collection Set: 36.55ms
[209.838s][info][gc,phases      ] GC(457)   Post Evacuate Collection Set: 0.41ms
[209.838s][info][gc,phases      ] GC(457)   Other: 0.11ms
[209.838s][info][gc,heap        ] GC(457) Eden regions: 163->0(173)
[209.838s][info][gc,heap        ] GC(457) Survivor regions: 26->1(24)
[209.838s][info][gc,heap        ] GC(457) Old regions: 689->715
[209.838s][info][gc,heap        ] GC(457) Humongous regions: 10->10
[209.838s][info][gc,metaspace   ] GC(457) Metaspace: 18525K(18688K)->18525K(18688K) NonClass: 16697K(16832K)->16697K(16832K) Class: 1828K(1856K)->1828K(1856K)
[209.838s][info][gc             ] GC(457) Pause Young (Normal) (G1 Evacuation Pause) 887M->725M(978M) 37.951ms
[209.838s][info][gc,cpu         ] GC(457) User=0.07s Sys=0.00s Real=0.04s
[210.245s][info][gc,start       ] GC(458) Pause Young (Normal) (G1 Evacuation Pause)
[210.246s][info][gc,task        ] GC(458) Using 2 workers of 2 for evacuation
[210.260s][info][gc,phases      ] GC(458)   Pre Evacuate Collection Set: 0.32ms
[210.260s][info][gc,phases      ] GC(458)   Merge Heap Roots: 0.19ms
[210.260s][info][gc,phases      ] GC(458)   Evacuate Collection Set: 13.32ms
[210.260s][info][gc,phases      ] GC(458)   Post Evacuate Collection Set: 0.43ms
[210.260s][info][gc,phases      ] GC(458)   Other: 0.10ms
[210.260s][info][gc,heap        ] GC(458) Eden regions: 173->0(178)
[210.260s][info][gc,heap        ] GC(458) Survivor regions: 1->7(22)
[210.260s][info][gc,heap        ] GC(458) Old regions: 715->715
[210.260s][info][gc,heap        ] GC(458) Humongous regions: 10->10
[210.260s][info][gc,metaspace   ] GC(458) Metaspace: 18525K(18688K)->18525K(18688K) NonClass: 16697K(16832K)->16697K(16832K) Class: 1828K(1856K)->1828K(1856K)
[210.260s][info][gc             ] GC(458) Pause Young (Normal) (G1 Evacuation Pause) 898M->731M(978M) 14.635ms
[210.260s][info][gc,cpu         ] GC(458) User=0.03s Sys=0.00s Real=0.01s
[210.828s][info][gc,start       ] GC(459) Pause Young (Normal) (G1 Evacuation Pause)
[210.828s][info][gc,task        ] GC(459) Using 2 workers of 2 for evacuation
[210.870s][info][gc,phases      ] GC(459)   Pre Evacuate Collection Set: 0.32ms
[210.870s][info][gc,phases      ] GC(459)   Merge Heap Roots: 0.19ms
[210.870s][info][gc,phases      ] GC(459)   Evacuate Collection Set: 41.09ms
[210.870s][info][gc,phases      ] GC(459)   Post Evacuate Collection Set: 0.47ms
[210.870s][info][gc,phases      ] GC(459)   Other: 0.10ms
[210.870s][info][gc,heap        ] GC(459) Eden regions: 178->0(147)
[210.870s][info][gc,heap        ] GC(459) Survivor regions: 7->24(24)
[210.870s][info][gc,heap        ] GC(459) Old regions: 715->723
[210.870s][info][gc,heap        ] GC(459) Humongous regions: 10->10
[210.870s][info][gc,metaspace   ] GC(459) Metaspace: 18525K(18688K)->18525K(18688K) NonClass: 16697K(16832K)->16697K(16832K) Class: 1828K(1856K)->1828K(1856K)
[210.870s][info][gc             ] GC(459) Pause Young (Normal) (G1 Evacuation Pause) 909M->756M(978M) 42.442ms
[210.870s][info][gc,cpu         ] GC(459) User=0.09s Sys=0.00s Real=0.04s
[211.224s][info][gc,marking     ] GC(456) Concurrent Mark From Roots 1655.835ms
[211.224s][info][gc,marking     ] GC(456) Concurrent Preclean
[211.224s][info][gc,marking     ] GC(456) Concurrent Preclean 0.030ms
[211.224s][info][gc,start       ] GC(456) Pause Remark
[211.232s][info][gc             ] GC(456) Pause Remark 836M->703M(978M) 8.085ms
[211.232s][info][gc,cpu         ] GC(456) User=0.01s Sys=0.00s Real=0.00s
[211.232s][info][gc,marking     ] GC(456) Concurrent Mark 1664.301ms
[211.232s][info][gc,marking     ] GC(456) Concurrent Rebuild Remembered Sets and Scrub Regions
[211.633s][info][gc,start       ] GC(460) Pause Young (Normal) (G1 Evacuation Pause)
[211.633s][info][gc,task        ] GC(460) Using 2 workers of 2 for evacuation
[211.667s][info][gc,phases      ] GC(460)   Pre Evacuate Collection Set: 0.31ms
[211.667s][info][gc,phases      ] GC(460)   Merge Heap Roots: 0.33ms
[211.667s][info][gc,phases      ] GC(460)   Evacuate Collection Set: 33.40ms
[211.667s][info][gc,phases      ] GC(460)   Post Evacuate Collection Set: 0.40ms
[211.667s][info][gc,phases      ] GC(460)   Other: 0.12ms
[211.667s][info][gc,heap        ] GC(460) Eden regions: 147->0(260)
[211.667s][info][gc,heap        ] GC(460) Survivor regions: 24->2(22)
[211.667s][info][gc,heap        ] GC(460) Old regions: 594->619
[211.667s][info][gc,heap        ] GC(460) Humongous regions: 6->6
[211.667s][info][gc,metaspace   ] GC(460) Metaspace: 18525K(18688K)->18525K(18688K) NonClass: 16697K(16832K)->16697K(16832K) Class: 1828K(1856K)->1828K(1856K)
[211.667s][info][gc             ] GC(460) Pause Young (Normal) (G1 Evacuation Pause) 770M->626M(978M) 34.809ms
[211.667s][info][gc,cpu         ] GC(460) User=0.07s Sys=0.00s Real=0.04s
[212.008s][info][gc,marking     ] GC(456) Concurrent Rebuild Remembered Sets and Scrub Regions 775.512ms
[212.008s][info][gc,start       ] GC(456) Pause Cleanup
[212.008s][info][gc             ] GC(456) Pause Cleanup 731M->731M(978M) 0.175ms
[212.008s][info][gc,cpu         ] GC(456) User=0.00s Sys=0.00s Real=0.00s
[212.008s][info][gc,marking     ] GC(456) Concurrent Clear Claimed Marks
[212.008s][info][gc,marking     ] GC(456) Concurrent Clear Claimed Marks 0.035ms
[212.008s][info][gc,marking     ] GC(456) Concurrent Cleanup for Next Mark
[212.013s][info][gc,marking     ] GC(456) Concurrent Cleanup for Next Mark 4.989ms
[212.013s][info][gc             ] GC(456) Concurrent Mark Cycle 2548.852ms
[212.426s][info][gc,start       ] GC(461) Pause Young (Prepare Mixed) (G1 Evacuation Pause)
[212.426s][info][gc,task        ] GC(461) Using 2 workers of 2 for evacuation
[212.430s][info][gc,phases      ] GC(461)   Pre Evacuate Collection Set: 0.57ms
[212.430s][info][gc,phases      ] GC(461)   Merge Heap Roots: 0.14ms
[212.430s][info][gc,phases      ] GC(461)   Evacuate Collection Set: 2.85ms
[212.430s][info][gc,phases      ] GC(461)   Post Evacuate Collection Set: 0.46ms
[212.430s][info][gc,phases      ] GC(461)   Other: 0.14ms
[212.430s][info][gc,heap        ] GC(461) Eden regions: 260->0(277)
[212.430s][info][gc,heap        ] GC(461) Survivor regions: 2->2(33)
[212.430s][info][gc,heap        ] GC(461) Old regions: 619->619
[212.430s][info][gc,heap        ] GC(461) Humongous regions: 6->6
[212.430s][info][gc,metaspace   ] GC(461) Metaspace: 18525K(18688K)->18525K(18688K) NonClass: 16697K(16832K)->16697K(16832K) Class: 1828K(1856K)->1828K(1856K)
[212.430s][info][gc             ] GC(461) Pause Young (Prepare Mixed) (G1 Evacuation Pause) 886M->626M(978M) 4.392ms
[212.430s][info][gc,cpu         ] GC(461) User=0.01s Sys=0.00s Real=0.00s
[213.129s][info][gc,start       ] GC(462) Pause Young (Mixed) (G1 Evacuation Pause)
[213.129s][info][gc,task        ] GC(462) Using 2 workers of 2 for evacuation
[213.145s][info][gc,phases      ] GC(462)   Pre Evacuate Collection Set: 0.56ms
[213.145s][info][gc,phases      ] GC(462)   Merge Heap Roots: 0.46ms
[213.145s][info][gc,phases      ] GC(462)   Evacuate Collection Set: 14.14ms
[213.145s][info][gc,phases      ] GC(462)   Post Evacuate Collection Set: 0.54ms
[213.145s][info][gc,phases      ] GC(462)   Other: 0.11ms
[213.145s][info][gc,heap        ] GC(462) Eden regions: 277->0(310)
[213.145s][info][gc,heap        ] GC(462) Survivor regions: 2->2(35)
[213.145s][info][gc,heap        ] GC(462) Old regions: 619->592
[213.145s][info][gc,heap        ] GC(462) Humongous regions: 6->6
[213.145s][info][gc,metaspace   ] GC(462) Metaspace: 18525K(18688K)->18525K(18688K) NonClass: 16697K(16832K)->16697K(16832K) Class: 1828K(1856K)->1828K(1856K)
[213.145s][info][gc             ] GC(462) Pause Young (Mixed) (G1 Evacuation Pause) 903M->599M(978M) 16.092ms
[213.145s][info][gc,cpu         ] GC(462) User=0.03s Sys=0.00s Real=0.02s
[213.683s][info][gc,start       ] GC(463) Pause Young (Concurrent Start) (G1 Evacuation Pause)
[213.683s][info][gc,task        ] GC(463) Using 2 workers of 2 for evacuation
[213.737s][info][gc,phases      ] GC(463)   Pre Evacuate Collection Set: 0.36ms
[213.737s][info][gc,phases      ] GC(463)   Merge Heap Roots: 0.13ms
[213.737s][info][gc,phases      ] GC(463)   Evacuate Collection Set: 52.16ms
[213.737s][info][gc,phases      ] GC(463)   Post Evacuate Collection Set: 0.74ms
[213.737s][info][gc,phases      ] GC(463)   Other: 0.25ms
[213.737s][info][gc,heap        ] GC(463) Eden regions: 310->0(238)
[213.737s][info][gc,heap        ] GC(463) Survivor regions: 2->39(39)
[213.737s][info][gc,heap        ] GC(463) Old regions: 592->606
[213.737s][info][gc,heap        ] GC(463) Humongous regions: 6->6
[213.737s][info][gc,metaspace   ] GC(463) Metaspace: 18525K(18688K)->18525K(18688K) NonClass: 16697K(16832K)->16697K(16832K) Class: 1828K(1856K)->1828K(1856K)
[213.737s][info][gc             ] GC(463) Pause Young (Concurrent Start) (G1 Evacuation Pause) 909M->650M(978M) 53.872ms
[213.737s][info][gc,cpu         ] GC(463) User=0.11s Sys=0.00s Real=0.06s
[213.737s][info][gc             ] GC(464) Concurrent Mark Cycle
[213.737s][info][gc,marking     ] GC(464) Concurrent Scan Root Regions
[213.792s][info][gc,marking     ] GC(464) Concurrent Scan Root Regions 55.100ms
[213.792s][info][gc,marking     ] GC(464) Concurrent Mark
[213.792s][info][gc,marking     ] GC(464) Concurrent Mark From Roots
[213.792s][info][gc,task        ] GC(464) Using 1 workers of 1 for marking
[214.300s][info][gc,start       ] GC(465) Pause Young (Normal) (G1 Evacuation Pause)
[214.300s][info][gc,task        ] GC(465) Using 2 workers of 2 for evacuation
[214.369s][info][gc,phases      ] GC(465)   Pre Evacuate Collection Set: 0.34ms
[214.369s][info][gc,phases      ] GC(465)   Merge Heap Roots: 0.32ms
[214.369s][info][gc,phases      ] GC(465)   Evacuate Collection Set: 68.06ms
[214.369s][info][gc,phases      ] GC(465)   Post Evacuate Collection Set: 0.62ms
[214.369s][info][gc,phases      ] GC(465)   Other: 0.09ms
[214.369s][info][gc,heap        ] GC(465) Eden regions: 238->0(214)
[214.369s][info][gc,heap        ] GC(465) Survivor regions: 39->28(35)
[214.369s][info][gc,heap        ] GC(465) Old regions: 606->646
[214.369s][info][gc,heap        ] GC(465) Humongous regions: 6->6
[214.369s][info][gc,metaspace   ] GC(465) Metaspace: 18525K(18688K)->18525K(18688K) NonClass: 16697K(16832K)->16697K(16832K) Class: 1828K(1856K)->1828K(1856K)
[214.369s][info][gc             ] GC(465) Pause Young (Normal) (G1 Evacuation Pause) 888M->679M(978M) 69.716ms
[214.369s][info][gc,cpu         ] GC(465) User=0.14s Sys=0.00s Real=0.07s
[214.842s][info][gc,start       ] GC(466) Pause Young (Normal) (G1 Evacuation Pause)
[214.842s][info][gc,task        ] GC(466) Using 2 workers of 2 for evacuation
[214.962s][info][gc,phases      ] GC(466)   Pre Evacuate Collection Set: 0.31ms
[214.963s][info][gc,phases      ] GC(466)   Merge Heap Roots: 0.75ms
[214.963s][info][gc,phases      ] GC(466)   Evacuate Collection Set: 118.32ms
[214.963s][info][gc,phases      ] GC(466)   Post Evacuate Collection Set: 0.62ms
[214.963s][info][gc,phases      ] GC(466)   Other: 0.10ms
[214.963s][info][gc,heap        ] GC(466) Eden regions: 214->0(164)
[214.963s][info][gc,heap        ] GC(466) Survivor regions: 28->31(31)
[214.963s][info][gc,heap        ] GC(466) Old regions: 646->693
[214.963s][info][gc,heap        ] GC(466) Humongous regions: 9->9
[214.963s][info][gc,metaspace   ] GC(466) Metaspace: 18525K(18688K)->18525K(18688K) NonClass: 16697K(16832K)->16697K(16832K) Class: 1828K(1856K)->1828K(1856K)
[214.963s][info][gc             ] GC(466) Pause Young (Normal) (G1 Evacuation Pause) 896M->732M(978M) 120.375ms
[214.963s][info][gc,cpu         ] GC(466) User=0.24s Sys=0.00s Real=0.12s
[215.250s][info][gc,start       ] GC(467) Pause Young (Normal) (G1 Evacuation Pause)
[215.251s][info][gc,task        ] GC(467) Using 2 workers of 2 for evacuation
[215.312s][info][gc,phases      ] GC(467)   Pre Evacuate Collection Set: 0.53ms
[215.312s][info][gc,phases      ] GC(467)   Merge Heap Roots: 0.34ms
[215.312s][info][gc,phases      ] GC(467)   Evacuate Collection Set: 59.98ms
[215.312s][info][gc,phases      ] GC(467)   Post Evacuate Collection Set: 0.47ms
[215.312s][info][gc,phases      ] GC(467)   Other: 0.11ms
[215.312s][info][gc,heap        ] GC(467) Eden regions: 164->0(165)
[215.312s][info][gc,heap        ] GC(467) Survivor regions: 31->10(25)
[215.312s][info][gc,heap        ] GC(467) Old regions: 693->724
[215.312s][info][gc,heap        ] GC(467) Humongous regions: 9->9
[215.312s][info][gc,metaspace   ] GC(467) Metaspace: 18525K(18688K)->18525K(18688K) NonClass: 16697K(16832K)->16697K(16832K) Class: 1828K(1856K)->1828K(1856K)
[215.312s][info][gc             ] GC(467) Pause Young (Normal) (G1 Evacuation Pause) 896M->742M(978M) 61.675ms
[215.312s][info][gc,cpu         ] GC(467) User=0.12s Sys=0.00s Real=0.06s
[215.413s][info][gc,marking     ] GC(464) Concurrent Mark From Roots 1621.260ms
[215.413s][info][gc,marking     ] GC(464) Concurrent Preclean
[215.413s][info][gc,marking     ] GC(464) Concurrent Preclean 0.030ms
[215.414s][info][gc,start       ] GC(464) Pause Remark
[215.594s][info][gc             ] GC(464) Pause Remark 815M->804M(978M) 179.979ms
[215.594s][info][gc,cpu         ] GC(464) User=0.36s Sys=0.00s Real=0.18s
[215.596s][info][gc,marking     ] GC(464) Concurrent Mark 1804.144ms
[215.596s][info][gc,marking     ] GC(464) Concurrent Rebuild Remembered Sets and Scrub Regions
[215.727s][info][gc,start       ] GC(468) Pause Young (Normal) (G1 Evacuation Pause)
[215.727s][info][gc,task        ] GC(468) Using 2 workers of 2 for evacuation
[215.754s][info][gc,phases      ] GC(468)   Pre Evacuate Collection Set: 0.53ms
[215.754s][info][gc,phases      ] GC(468)   Merge Heap Roots: 0.29ms
[215.754s][info][gc,phases      ] GC(468)   Evacuate Collection Set: 25.62ms
[215.754s][info][gc,phases      ] GC(468)   Post Evacuate Collection Set: 0.47ms
[215.754s][info][gc,phases      ] GC(468)   Other: 0.08ms
[215.754s][info][gc,heap        ] GC(468) Eden regions: 165->0(174)
[215.754s][info][gc,heap        ] GC(468) Survivor regions: 10->15(22)
[215.754s][info][gc,heap        ] GC(468) Old regions: 713->713
[215.754s][info][gc,heap        ] GC(468) Humongous regions: 9->9
[215.754s][info][gc,metaspace   ] GC(468) Metaspace: 18525K(18688K)->18525K(18688K) NonClass: 16697K(16832K)->16697K(16832K) Class: 1828K(1856K)->1828K(1856K)
[215.754s][info][gc             ] GC(468) Pause Young (Normal) (G1 Evacuation Pause) 896M->736M(978M) 27.213ms
[215.754s][info][gc,cpu         ] GC(468) User=0.05s Sys=0.00s Real=0.03s
[215.943s][info][gc,start       ] GC(469) Pause Young (Normal) (G1 Evacuation Pause)
[215.943s][info][gc,task        ] GC(469) Using 2 workers of 2 for evacuation
[215.984s][info][gc,phases      ] GC(469)   Pre Evacuate Collection Set: 0.29ms
[215.985s][info][gc,phases      ] GC(469)   Merge Heap Roots: 0.26ms
[215.985s][info][gc,phases      ] GC(469)   Evacuate Collection Set: 39.97ms
[215.985s][info][gc,phases      ] GC(469)   Post Evacuate Collection Set: 0.51ms
[215.985s][info][gc,phases      ] GC(469)   Other: 0.09ms
[215.985s][info][gc,heap        ] GC(469) Eden regions: 174->0(156)
[215.985s][info][gc,heap        ] GC(469) Survivor regions: 15->20(24)
[215.985s][info][gc,heap        ] GC(469) Old regions: 713->723
[215.985s][info][gc,heap        ] GC(469) Humongous regions: 9->9
[215.985s][info][gc,metaspace   ] GC(469) Metaspace: 18526K(18688K)->18526K(18688K) NonClass: 16697K(16832K)->16697K(16832K) Class: 1828K(1856K)->1828K(1856K)
[215.985s][info][gc             ] GC(469) Pause Young (Normal) (G1 Evacuation Pause) 910M->750M(978M) 41.406ms
[215.985s][info][gc,cpu         ] GC(469) User=0.09s Sys=0.00s Real=0.05s
[216.260s][info][gc,start       ] GC(470) Pause Young (Normal) (G1 Evacuation Pause)
[216.260s][info][gc,task        ] GC(470) Using 2 workers of 2 for evacuation
[216.297s][info][gc,phases      ] GC(470)   Pre Evacuate Collection Set: 0.32ms
[216.297s][info][gc,phases      ] GC(470)   Merge Heap Roots: 0.26ms
[216.297s][info][gc,phases      ] GC(470)   Evacuate Collection Set: 35.46ms
[216.297s][info][gc,phases      ] GC(470)   Post Evacuate Collection Set: 0.48ms
[216.297s][info][gc,phases      ] GC(470)   Other: 0.10ms
[216.297s][info][gc,heap        ] GC(470) Eden regions: 156->0(156)
[216.297s][info][gc,heap        ] GC(470) Survivor regions: 20->15(22)
[216.297s][info][gc,heap        ] GC(470) Old regions: 723->733
[216.297s][info][gc,heap        ] GC(470) Humongous regions: 9->9
[216.297s][info][gc,metaspace   ] GC(470) Metaspace: 18526K(18688K)->18526K(18688K) NonClass: 16697K(16832K)->16697K(16832K) Class: 1828K(1856K)->1828K(1856K)
[216.297s][info][gc             ] GC(470) Pause Young (Normal) (G1 Evacuation Pause) 906M->755M(978M) 36.885ms
[216.297s][info][gc,cpu         ] GC(470) User=0.08s Sys=0.00s Real=0.04s
[216.524s][info][gc,start       ] GC(471) Pause Young (Normal) (G1 Evacuation Pause)
[216.524s][info][gc,task        ] GC(471) Using 2 workers of 2 for evacuation
[216.587s][info][gc,phases      ] GC(471)   Pre Evacuate Collection Set: 0.28ms
[216.587s][info][gc,phases      ] GC(471)   Merge Heap Roots: 0.45ms
[216.587s][info][gc,phases      ] GC(471)   Evacuate Collection Set: 61.14ms
[216.587s][info][gc,phases      ] GC(471)   Post Evacuate Collection Set: 0.56ms
[216.587s][info][gc,phases      ] GC(471)   Other: 0.11ms
[216.587s][info][gc,heap        ] GC(471) Eden regions: 156->0(116)
[216.587s][info][gc,heap        ] GC(471) Survivor regions: 15->22(22)
[216.587s][info][gc,heap        ] GC(471) Old regions: 733->759
[216.587s][info][gc,heap        ] GC(471) Humongous regions: 9->9
[216.587s][info][gc,metaspace   ] GC(471) Metaspace: 18530K(18688K)->18530K(18688K) NonClass: 16702K(16832K)->16702K(16832K) Class: 1828K(1856K)->1828K(1856K)
[216.587s][info][gc             ] GC(471) Pause Young (Normal) (G1 Evacuation Pause) 911M->789M(978M) 62.775ms
[216.587s][info][gc,cpu         ] GC(471) User=0.13s Sys=0.00s Real=0.06s
[216.662s][info][gc,marking     ] GC(464) Concurrent Rebuild Remembered Sets and Scrub Regions 1066.263ms
[216.663s][info][gc,start       ] GC(464) Pause Cleanup
[216.663s][info][gc             ] GC(464) Pause Cleanup 837M->837M(978M) 0.123ms
[216.663s][info][gc,cpu         ] GC(464) User=0.00s Sys=0.00s Real=0.00s
[216.665s][info][gc,marking     ] GC(464) Concurrent Clear Claimed Marks
[216.665s][info][gc,marking     ] GC(464) Concurrent Clear Claimed Marks 0.052ms
[216.665s][info][gc,marking     ] GC(464) Concurrent Cleanup for Next Mark
[216.670s][info][gc,marking     ] GC(464) Concurrent Cleanup for Next Mark 5.038ms
[216.670s][info][gc             ] GC(464) Concurrent Mark Cycle 2933.573ms
[216.751s][info][gc,start       ] GC(472) Pause Young (Prepare Mixed) (G1 Evacuation Pause)
[216.751s][info][gc,task        ] GC(472) Using 2 workers of 2 for evacuation
[216.816s][info][gc,phases      ] GC(472)   Pre Evacuate Collection Set: 0.35ms
[216.816s][info][gc,phases      ] GC(472)   Merge Heap Roots: 0.39ms
[216.816s][info][gc,phases      ] GC(472)   Evacuate Collection Set: 63.46ms
[216.816s][info][gc,phases      ] GC(472)   Post Evacuate Collection Set: 0.59ms
[216.816s][info][gc,phases      ] GC(472)   Other: 0.10ms
[216.816s][info][gc,heap        ] GC(472) Eden regions: 116->0(100)
[216.816s][info][gc,heap        ] GC(472) Survivor regions: 22->18(18)
[216.816s][info][gc,heap        ] GC(472) Old regions: 759->783
[216.816s][info][gc,heap        ] GC(472) Humongous regions: 9->9
[216.816s][info][gc,metaspace   ] GC(472) Metaspace: 18530K(18688K)->18530K(18688K) NonClass: 16702K(16832K)->16702K(16832K) Class: 1828K(1856K)->1828K(1856K)
[216.816s][info][gc             ] GC(472) Pause Young (Prepare Mixed) (G1 Evacuation Pause) 905M->809M(978M) 65.180ms
[216.816s][info][gc,cpu         ] GC(472) User=0.13s Sys=0.00s Real=0.07s
[216.942s][info][gc,start       ] GC(473) Pause Young (Mixed) (G1 Evacuation Pause)
[216.942s][info][gc,task        ] GC(473) Using 2 workers of 2 for evacuation
[217.094s][info][gc,phases      ] GC(473)   Pre Evacuate Collection Set: 0.57ms
[217.094s][info][gc,phases      ] GC(473)   Merge Heap Roots: 2.49ms
[217.094s][info][gc,phases      ] GC(473)   Evacuate Collection Set: 148.69ms
[217.094s][info][gc,phases      ] GC(473)   Post Evacuate Collection Set: 0.41ms
[217.094s][info][gc,phases      ] GC(473)   Other: 0.08ms
[217.094s][info][gc,heap        ] GC(473) Eden regions: 100->0(125)
[217.094s][info][gc,heap        ] GC(473) Survivor regions: 18->3(15)
[217.094s][info][gc,heap        ] GC(473) Old regions: 783->788
[217.094s][info][gc,heap        ] GC(473) Humongous regions: 9->9
[217.094s][info][gc,metaspace   ] GC(473) Metaspace: 18530K(18688K)->18530K(18688K) NonClass: 16702K(16832K)->16702K(16832K) Class: 1828K(1856K)->1828K(1856K)
[217.094s][info][gc             ] GC(473) Pause Young (Mixed) (G1 Evacuation Pause) 909M->799M(978M) 152.523ms
[217.094s][info][gc,cpu         ] GC(473) User=0.30s Sys=0.00s Real=0.16s
[217.440s][info][gc,start       ] GC(474) Pause Young (Concurrent Start) (G1 Evacuation Pause)
[217.441s][info][gc,task        ] GC(474) Using 2 workers of 2 for evacuation
[217.450s][info][gc,phases      ] GC(474)   Pre Evacuate Collection Set: 0.40ms
[217.450s][info][gc,phases      ] GC(474)   Merge Heap Roots: 0.12ms
[217.450s][info][gc,phases      ] GC(474)   Evacuate Collection Set: 8.47ms
[217.450s][info][gc,phases      ] GC(474)   Post Evacuate Collection Set: 0.40ms
[217.450s][info][gc,phases      ] GC(474)   Other: 0.12ms
[217.450s][info][gc,heap        ] GC(474) Eden regions: 125->0(119)
[217.450s][info][gc,heap        ] GC(474) Survivor regions: 3->6(16)
[217.450s][info][gc,heap        ] GC(474) Old regions: 788->788
[217.450s][info][gc,heap        ] GC(474) Humongous regions: 9->9
[217.450s][info][gc,metaspace   ] GC(474) Metaspace: 18534K(18688K)->18534K(18688K) NonClass: 16705K(16832K)->16705K(16832K) Class: 1828K(1856K)->1828K(1856K)
[217.450s][info][gc             ] GC(474) Pause Young (Concurrent Start) (G1 Evacuation Pause) 924M->802M(978M) 9.746ms
[217.450s][info][gc             ] GC(475) Concurrent Mark Cycle
[217.450s][info][gc,marking     ] GC(475) Concurrent Scan Root Regions
[217.450s][info][gc,cpu         ] GC(474) User=0.02s Sys=0.00s Real=0.01s
[217.463s][info][gc,marking     ] GC(475) Concurrent Scan Root Regions 12.588ms
[217.463s][info][gc,marking     ] GC(475) Concurrent Mark
[217.463s][info][gc,marking     ] GC(475) Concurrent Mark From Roots
[217.463s][info][gc,task        ] GC(475) Using 1 workers of 1 for marking
[217.966s][info][gc,start       ] GC(476) Pause Young (Normal) (G1 Evacuation Pause)
[217.966s][info][gc,task        ] GC(476) Using 2 workers of 2 for evacuation
[217.978s][info][gc,phases      ] GC(476)   Pre Evacuate Collection Set: 0.30ms
[217.978s][info][gc,phases      ] GC(476)   Merge Heap Roots: 0.14ms
[217.978s][info][gc,phases      ] GC(476)   Evacuate Collection Set: 10.99ms
[217.978s][info][gc,phases      ] GC(476)   Post Evacuate Collection Set: 0.39ms
[217.978s][info][gc,phases      ] GC(476)   Other: 0.11ms
[217.978s][info][gc,heap        ] GC(476) Eden regions: 119->0(113)
[217.978s][info][gc,heap        ] GC(476) Survivor regions: 6->9(16)
[217.978s][info][gc,heap        ] GC(476) Old regions: 788->788
[217.978s][info][gc,heap        ] GC(476) Humongous regions: 9->9
[217.978s][info][gc,metaspace   ] GC(476) Metaspace: 18536K(18688K)->18536K(18688K) NonClass: 16708K(16832K)->16708K(16832K) Class: 1828K(1856K)->1828K(1856K)
[217.978s][info][gc             ] GC(476) Pause Young (Normal) (G1 Evacuation Pause) 921M->805M(978M) 12.166ms
[217.978s][info][gc,cpu         ] GC(476) User=0.03s Sys=0.00s Real=0.01s
[218.171s][info][gc,start       ] GC(477) Pause Young (Normal) (G1 Evacuation Pause)
[218.171s][info][gc,task        ] GC(477) Using 2 workers of 2 for evacuation
[218.199s][info][gc,phases      ] GC(477)   Pre Evacuate Collection Set: 0.55ms
[218.199s][info][gc,phases      ] GC(477)   Merge Heap Roots: 0.14ms
[218.199s][info][gc,phases      ] GC(477)   Evacuate Collection Set: 26.53ms
[218.199s][info][gc,phases      ] GC(477)   Post Evacuate Collection Set: 0.40ms
[218.199s][info][gc,phases      ] GC(477)   Other: 0.10ms
[218.199s][info][gc,heap        ] GC(477) Eden regions: 113->0(93)
[218.199s][info][gc,heap        ] GC(477) Survivor regions: 9->16(16)
[218.199s][info][gc,heap        ] GC(477) Old regions: 788->794
[218.199s][info][gc,heap        ] GC(477) Humongous regions: 9->9
[218.199s][info][gc,metaspace   ] GC(477) Metaspace: 18536K(18688K)->18536K(18688K) NonClass: 16708K(16832K)->16708K(16832K) Class: 1828K(1856K)->1828K(1856K)
[218.199s][info][gc             ] GC(477) Pause Young (Normal) (G1 Evacuation Pause) 918M->818M(978M) 27.984ms
[218.199s][info][gc,cpu         ] GC(477) User=0.06s Sys=0.00s Real=0.03s
[218.389s][info][gc,start       ] GC(478) Pause Young (Normal) (G1 Evacuation Pause)
[218.389s][info][gc,task        ] GC(478) Using 2 workers of 2 for evacuation
[218.421s][info][gc,phases      ] GC(478)   Pre Evacuate Collection Set: 0.54ms
[218.421s][info][gc,phases      ] GC(478)   Merge Heap Roots: 0.12ms
[218.421s][info][gc,phases      ] GC(478)   Evacuate Collection Set: 30.18ms
[218.421s][info][gc,phases      ] GC(478)   Post Evacuate Collection Set: 0.41ms
[218.421s][info][gc,phases      ] GC(478)   Other: 0.11ms
[218.421s][info][gc,heap        ] GC(478) Eden regions: 93->0(85)
[218.421s][info][gc,heap        ] GC(478) Survivor regions: 16->12(14)
[218.421s][info][gc,heap        ] GC(478) Old regions: 794->810
[218.421s][info][gc,heap        ] GC(478) Humongous regions: 9->9
[218.421s][info][gc,metaspace   ] GC(478) Metaspace: 18536K(18688K)->18536K(18688K) NonClass: 16708K(16832K)->16708K(16832K) Class: 1828K(1856K)->1828K(1856K)
[218.421s][info][gc             ] GC(478) Pause Young (Normal) (G1 Evacuation Pause) 911M->829M(978M) 31.604ms
[218.421s][info][gc,cpu         ] GC(478) User=0.06s Sys=0.00s Real=0.03s
[218.527s][info][gc,start       ] GC(479) Pause Young (Normal) (G1 Evacuation Pause)
[218.527s][info][gc,task        ] GC(479) Using 2 workers of 2 for evacuation
[218.567s][info][gc,phases      ] GC(479)   Pre Evacuate Collection Set: 0.54ms
[218.567s][info][gc,phases      ] GC(479)   Merge Heap Roots: 0.08ms
[218.567s][info][gc,phases      ] GC(479)   Evacuate Collection Set: 39.35ms
[218.567s][info][gc,phases      ] GC(479)   Post Evacuate Collection Set: 0.49ms
[218.567s][info][gc,phases      ] GC(479)   Other: 0.12ms
[218.567s][info][gc,heap        ] GC(479) Eden regions: 85->0(54)
[218.567s][info][gc,heap        ] GC(479) Survivor regions: 12->13(13)
[218.567s][info][gc,heap        ] GC(479) Old regions: 810->839
[218.567s][info][gc,heap        ] GC(479) Humongous regions: 9->9
[218.567s][info][gc,metaspace   ] GC(479) Metaspace: 18536K(18688K)->18536K(18688K) NonClass: 16708K(16832K)->16708K(16832K) Class: 1828K(1856K)->1828K(1856K)
[218.567s][info][gc             ] GC(479) Pause Young (Normal) (G1 Evacuation Pause) 914M->860M(978M) 40.832ms
[218.567s][info][gc,cpu         ] GC(479) User=0.08s Sys=0.00s Real=0.04s
[218.659s][info][gc,start       ] GC(480) Pause Young (Normal) (G1 Evacuation Pause)
[218.659s][info][gc,task        ] GC(480) Using 2 workers of 2 for evacuation
[218.694s][info][gc,phases      ] GC(480)   Pre Evacuate Collection Set: 0.54ms
[218.694s][info][gc,phases      ] GC(480)   Merge Heap Roots: 0.26ms
[218.694s][info][gc,phases      ] GC(480)   Evacuate Collection Set: 33.98ms
[218.694s][info][gc,phases      ] GC(480)   Post Evacuate Collection Set: 0.38ms
[218.694s][info][gc,phases      ] GC(480)   Other: 0.10ms
[218.694s][info][gc,heap        ] GC(480) Eden regions: 54->0(41)
[218.694s][info][gc,heap        ] GC(480) Survivor regions: 13->9(9)
[218.694s][info][gc,heap        ] GC(480) Old regions: 839->860
[218.694s][info][gc,heap        ] GC(480) Humongous regions: 9->9
[218.694s][info][gc,metaspace   ] GC(480) Metaspace: 18536K(18688K)->18536K(18688K) NonClass: 16708K(16832K)->16708K(16832K) Class: 1828K(1856K)->1828K(1856K)
[218.694s][info][gc             ] GC(480) Pause Young (Normal) (G1 Evacuation Pause) 914M->877M(978M) 35.569ms
[218.694s][info][gc,cpu         ] GC(480) User=0.07s Sys=0.00s Real=0.04s
[218.756s][info][gc,start       ] GC(481) Pause Young (Normal) (G1 Evacuation Pause)
[218.757s][info][gc,task        ] GC(481) Using 2 workers of 2 for evacuation
[218.782s][info][gc,phases      ] GC(481)   Pre Evacuate Collection Set: 0.33ms
[218.782s][info][gc,phases      ] GC(481)   Merge Heap Roots: 0.15ms
[218.782s][info][gc,phases      ] GC(481)   Evacuate Collection Set: 24.55ms
[218.782s][info][gc,phases      ] GC(481)   Post Evacuate Collection Set: 0.34ms
[218.782s][info][gc,phases      ] GC(481)   Other: 0.10ms
[218.782s][info][gc,heap        ] GC(481) Eden regions: 41->0(41)
[218.782s][info][gc,heap        ] GC(481) Survivor regions: 9->7(7)
[218.782s][info][gc,heap        ] GC(481) Old regions: 860->877
[218.782s][info][gc,heap        ] GC(481) Humongous regions: 9->9
[218.782s][info][gc,metaspace   ] GC(481) Metaspace: 18536K(18688K)->18536K(18688K) NonClass: 16708K(16832K)->16708K(16832K) Class: 1828K(1856K)->1828K(1856K)
[218.782s][info][gc             ] GC(481) Pause Young (Normal) (G1 Evacuation Pause) 918M->892M(978M) 25.688ms
[218.782s][info][gc,cpu         ] GC(481) User=0.05s Sys=0.00s Real=0.02s
[218.978s][info][gc,start       ] GC(482) Pause Young (Normal) (G1 Evacuation Pause)
[218.978s][info][gc,task        ] GC(482) Using 2 workers of 2 for evacuation
[218.993s][info][gc,phases      ] GC(482)   Pre Evacuate Collection Set: 0.32ms
[218.993s][info][gc,phases      ] GC(482)   Merge Heap Roots: 0.21ms
[218.993s][info][gc,phases      ] GC(482)   Evacuate Collection Set: 14.64ms
[218.993s][info][gc,phases      ] GC(482)   Post Evacuate Collection Set: 0.33ms
[218.993s][info][gc,phases      ] GC(482)   Other: 0.11ms
[218.993s][info][gc,heap        ] GC(482) Eden regions: 41->0(45)
[218.993s][info][gc,heap        ] GC(482) Survivor regions: 7->3(6)
[218.993s][info][gc,heap        ] GC(482) Old regions: 877->885
[218.993s][info][gc,heap        ] GC(482) Humongous regions: 9->9
[218.993s][info][gc,metaspace   ] GC(482) Metaspace: 18536K(18688K)->18536K(18688K) NonClass: 16708K(16832K)->16708K(16832K) Class: 1828K(1856K)->1828K(1856K)
[218.993s][info][gc             ] GC(482) Pause Young (Normal) (G1 Evacuation Pause) 933M->896M(978M) 15.872ms
[218.993s][info][gc,cpu         ] GC(482) User=0.03s Sys=0.00s Real=0.01s
[219.063s][info][gc,start       ] GC(483) Pause Young (Normal) (G1 Evacuation Pause)
[219.063s][info][gc,task        ] GC(483) Using 2 workers of 2 for evacuation
[219.073s][info][gc,phases      ] GC(483)   Pre Evacuate Collection Set: 0.31ms
[219.073s][info][gc,phases      ] GC(483)   Merge Heap Roots: 0.16ms
[219.073s][info][gc,phases      ] GC(483)   Evacuate Collection Set: 9.00ms
[219.073s][info][gc,phases      ] GC(483)   Post Evacuate Collection Set: 0.31ms
[219.073s][info][gc,phases      ] GC(483)   Other: 0.10ms
[219.073s][info][gc,heap        ] GC(483) Eden regions: 45->0(44)
[219.073s][info][gc,heap        ] GC(483) Survivor regions: 3->4(6)
[219.073s][info][gc,heap        ] GC(483) Old regions: 885->885
[219.073s][info][gc,heap        ] GC(483) Humongous regions: 9->9
[219.073s][info][gc,metaspace   ] GC(483) Metaspace: 18536K(18688K)->18536K(18688K) NonClass: 16708K(16832K)->16708K(16832K) Class: 1828K(1856K)->1828K(1856K)
[219.073s][info][gc             ] GC(483) Pause Young (Normal) (G1 Evacuation Pause) 941M->897M(978M) 10.086ms
[219.073s][info][gc,cpu         ] GC(483) User=0.02s Sys=0.00s Real=0.01s
[219.141s][info][gc,start       ] GC(484) Pause Young (Normal) (G1 Evacuation Pause)
[219.141s][info][gc,task        ] GC(484) Using 2 workers of 2 for evacuation
[219.153s][info][gc,phases      ] GC(484)   Pre Evacuate Collection Set: 0.28ms
[219.153s][info][gc,phases      ] GC(484)   Merge Heap Roots: 0.16ms
[219.153s][info][gc,phases      ] GC(484)   Evacuate Collection Set: 10.63ms
[219.153s][info][gc,phases      ] GC(484)   Post Evacuate Collection Set: 0.30ms
[219.153s][info][gc,phases      ] GC(484)   Other: 0.10ms
[219.153s][info][gc,heap        ] GC(484) Eden regions: 44->0(45)
[219.153s][info][gc,heap        ] GC(484) Survivor regions: 4->3(6)
[219.153s][info][gc,heap        ] GC(484) Old regions: 885->887
[219.153s][info][gc,heap        ] GC(484) Humongous regions: 9->9
[219.153s][info][gc,metaspace   ] GC(484) Metaspace: 18536K(18688K)->18536K(18688K) NonClass: 16708K(16832K)->16708K(16832K) Class: 1828K(1856K)->1828K(1856K)
[219.153s][info][gc             ] GC(484) Pause Young (Normal) (G1 Evacuation Pause) 941M->898M(978M) 11.724ms
[219.153s][info][gc,cpu         ] GC(484) User=0.03s Sys=0.01s Real=0.01s
[219.262s][info][gc,start       ] GC(485) Pause Young (Normal) (G1 Evacuation Pause)
[219.262s][info][gc,task        ] GC(485) Using 2 workers of 2 for evacuation
[219.273s][info][gc,phases      ] GC(485)   Pre Evacuate Collection Set: 0.31ms
[219.273s][info][gc,phases      ] GC(485)   Merge Heap Roots: 0.20ms
[219.273s][info][gc,phases      ] GC(485)   Evacuate Collection Set: 10.01ms
[219.273s][info][gc,phases      ] GC(485)   Post Evacuate Collection Set: 0.33ms
[219.273s][info][gc,phases      ] GC(485)   Other: 0.10ms
[219.273s][info][gc,heap        ] GC(485) Eden regions: 45->0(45)
[219.273s][info][gc,heap        ] GC(485) Survivor regions: 3->3(6)
[219.273s][info][gc,heap        ] GC(485) Old regions: 887->887
[219.273s][info][gc,heap        ] GC(485) Humongous regions: 9->9
[219.274s][info][gc,metaspace   ] GC(485) Metaspace: 18536K(18688K)->18536K(18688K) NonClass: 16708K(16832K)->16708K(16832K) Class: 1828K(1856K)->1828K(1856K)
[219.274s][info][gc             ] GC(485) Pause Young (Normal) (G1 Evacuation Pause) 943M->898M(978M) 11.176ms
[219.274s][info][gc,cpu         ] GC(485) User=0.02s Sys=0.00s Real=0.01s
[219.281s][info][gc,marking     ] GC(475) Concurrent Mark From Roots 1817.728ms
[219.281s][info][gc,marking     ] GC(475) Concurrent Preclean
[219.281s][info][gc,marking     ] GC(475) Concurrent Preclean 0.034ms
[219.281s][info][gc,start       ] GC(475) Pause Remark
[219.289s][info][gc             ] GC(475) Pause Remark 900M->629M(978M) 7.991ms
[219.289s][info][gc,cpu         ] GC(475) User=0.01s Sys=0.00s Real=0.01s
[219.289s][info][gc,marking     ] GC(475) Concurrent Mark 1826.012ms
[219.289s][info][gc,marking     ] GC(475) Concurrent Rebuild Remembered Sets and Scrub Regions
[219.435s][info][gc,start       ] GC(486) Pause Young (Normal) (G1 Evacuation Pause)
[219.435s][info][gc,task        ] GC(486) Using 2 workers of 2 for evacuation
[219.463s][info][gc,phases      ] GC(486)   Pre Evacuate Collection Set: 0.29ms
[219.463s][info][gc,phases      ] GC(486)   Merge Heap Roots: 0.27ms
[219.463s][info][gc,phases      ] GC(486)   Evacuate Collection Set: 26.30ms
[219.463s][info][gc,phases      ] GC(486)   Post Evacuate Collection Set: 0.37ms
[219.463s][info][gc,phases      ] GC(486)   Other: 0.11ms
[219.463s][info][gc,heap        ] GC(486) Eden regions: 45->0(227)
[219.463s][info][gc,heap        ] GC(486) Survivor regions: 3->6(6)
[219.463s][info][gc,heap        ] GC(486) Old regions: 621->626
[219.463s][info][gc,heap        ] GC(486) Humongous regions: 5->5
[219.463s][info][gc,metaspace   ] GC(486) Metaspace: 18536K(18688K)->18536K(18688K) NonClass: 16708K(16832K)->16708K(16832K) Class: 1828K(1856K)->1828K(1856K)
[219.463s][info][gc             ] GC(486) Pause Young (Normal) (G1 Evacuation Pause) 673M->636M(978M) 27.591ms
[219.463s][info][gc,cpu         ] GC(486) User=0.05s Sys=0.00s Real=0.02s
[219.872s][info][gc,start       ] GC(487) Pause Young (Normal) (G1 Evacuation Pause)
[219.872s][info][gc,task        ] GC(487) Using 2 workers of 2 for evacuation
[219.949s][info][gc,phases      ] GC(487)   Pre Evacuate Collection Set: 0.31ms
[219.949s][info][gc,phases      ] GC(487)   Merge Heap Roots: 0.26ms
[219.949s][info][gc,phases      ] GC(487)   Evacuate Collection Set: 75.69ms
[219.949s][info][gc,phases      ] GC(487)   Post Evacuate Collection Set: 0.66ms
[219.949s][info][gc,phases      ] GC(487)   Other: 0.12ms
[219.949s][info][gc,heap        ] GC(487) Eden regions: 227->0(190)
[219.949s][info][gc,heap        ] GC(487) Survivor regions: 6->30(30)
[219.949s][info][gc,heap        ] GC(487) Old regions: 626->649
[219.949s][info][gc,heap        ] GC(487) Humongous regions: 7->7
[219.949s][info][gc,metaspace   ] GC(487) Metaspace: 18536K(18688K)->18536K(18688K) NonClass: 16708K(16832K)->16708K(16832K) Class: 1828K(1856K)->1828K(1856K)
[219.949s][info][gc             ] GC(487) Pause Young (Normal) (G1 Evacuation Pause) 865M->685M(978M) 77.330ms
[219.949s][info][gc,cpu         ] GC(487) User=0.15s Sys=0.00s Real=0.08s
[220.076s][info][gc,marking     ] GC(475) Concurrent Rebuild Remembered Sets and Scrub Regions 787.172ms
[220.076s][info][gc,start       ] GC(475) Pause Cleanup
[220.076s][info][gc             ] GC(475) Pause Cleanup 754M->754M(978M) 0.157ms
[220.076s][info][gc,cpu         ] GC(475) User=0.00s Sys=0.00s Real=0.00s
[220.076s][info][gc,marking     ] GC(475) Concurrent Clear Claimed Marks
[220.076s][info][gc,marking     ] GC(475) Concurrent Clear Claimed Marks 0.030ms
[220.076s][info][gc,marking     ] GC(475) Concurrent Cleanup for Next Mark
[220.079s][info][gc,marking     ] GC(475) Concurrent Cleanup for Next Mark 2.945ms
[220.079s][info][gc             ] GC(475) Concurrent Mark Cycle 2629.275ms
[220.196s][info][gc,start       ] GC(488) Pause Young (Prepare Mixed) (G1 Evacuation Pause)
[220.196s][info][gc,task        ] GC(488) Using 2 workers of 2 for evacuation
[220.254s][info][gc,phases      ] GC(488)   Pre Evacuate Collection Set: 0.32ms
[220.255s][info][gc,phases      ] GC(488)   Merge Heap Roots: 0.45ms
[220.255s][info][gc,phases      ] GC(488)   Evacuate Collection Set: 56.78ms
[220.255s][info][gc,phases      ] GC(488)   Post Evacuate Collection Set: 0.76ms
[220.255s][info][gc,phases      ] GC(488)   Other: 0.09ms
[220.255s][info][gc,heap        ] GC(488) Eden regions: 190->0(199)
[220.255s][info][gc,heap        ] GC(488) Survivor regions: 30->6(28)
[220.255s][info][gc,heap        ] GC(488) Old regions: 649->679
[220.255s][info][gc,heap        ] GC(488) Humongous regions: 7->7
[220.255s][info][gc,metaspace   ] GC(488) Metaspace: 18536K(18688K)->18536K(18688K) NonClass: 16708K(16832K)->16708K(16832K) Class: 1828K(1856K)->1828K(1856K)
[220.255s][info][gc             ] GC(488) Pause Young (Prepare Mixed) (G1 Evacuation Pause) 875M->691M(978M) 58.672ms
[220.255s][info][gc,cpu         ] GC(488) User=0.11s Sys=0.00s Real=0.06s
[220.492s][info][gc,start       ] GC(489) Pause Young (Mixed) (G1 Evacuation Pause)
[220.492s][info][gc,task        ] GC(489) Using 2 workers of 2 for evacuation
[220.554s][info][gc,phases      ] GC(489)   Pre Evacuate Collection Set: 0.58ms
[220.554s][info][gc,phases      ] GC(489)   Merge Heap Roots: 1.02ms
[220.554s][info][gc,phases      ] GC(489)   Evacuate Collection Set: 58.95ms
[220.554s][info][gc,phases      ] GC(489)   Post Evacuate Collection Set: 1.01ms
[220.554s][info][gc,phases      ] GC(489)   Other: 0.09ms
[220.554s][info][gc,heap        ] GC(489) Eden regions: 199->0(132)
[220.554s][info][gc,heap        ] GC(489) Survivor regions: 6->10(26)
[220.554s][info][gc,heap        ] GC(489) Old regions: 679->603
[220.554s][info][gc,heap        ] GC(489) Humongous regions: 7->7
[220.554s][info][gc,metaspace   ] GC(489) Metaspace: 18536K(18688K)->18536K(18688K) NonClass: 16708K(16832K)->16708K(16832K) Class: 1828K(1856K)->1828K(1856K)
[220.554s][info][gc             ] GC(489) Pause Young (Mixed) (G1 Evacuation Pause) 890M->619M(978M) 61.934ms
[220.554s][info][gc,cpu         ] GC(489) User=0.12s Sys=0.00s Real=0.06s
[220.761s][info][gc,start       ] GC(490) Pause Young (Mixed) (G1 Evacuation Pause)
[220.761s][info][gc,task        ] GC(490) Using 2 workers of 2 for evacuation
[220.955s][info][gc,phases      ] GC(490)   Pre Evacuate Collection Set: 0.38ms
[220.955s][info][gc,phases      ] GC(490)   Merge Heap Roots: 1.12ms
[220.955s][info][gc,phases      ] GC(490)   Evacuate Collection Set: 191.66ms
[220.955s][info][gc,phases      ] GC(490)   Post Evacuate Collection Set: 0.42ms
[220.955s][info][gc,phases      ] GC(490)   Other: 0.11ms
[220.955s][info][gc,heap        ] GC(490) Eden regions: 111->0(253)
[220.955s][info][gc,heap        ] GC(490) Survivor regions: 10->15(16)
[220.955s][info][gc,heap        ] GC(490) Old regions: 603->608
[220.955s][info][gc,heap        ] GC(490) Humongous regions: 7->7
[220.955s][info][gc,metaspace   ] GC(490) Metaspace: 18536K(18688K)->18536K(18688K) NonClass: 16708K(16832K)->16708K(16832K) Class: 1828K(1856K)->1828K(1856K)
[220.955s][info][gc             ] GC(490) Pause Young (Mixed) (G1 Evacuation Pause) 730M->629M(978M) 193.950ms
[220.955s][info][gc,cpu         ] GC(490) User=0.39s Sys=0.00s Real=0.20s
[221.617s][info][gc,start       ] GC(491) Pause Young (Concurrent Start) (G1 Evacuation Pause)
[221.617s][info][gc,task        ] GC(491) Using 2 workers of 2 for evacuation
[221.675s][info][gc,phases      ] GC(491)   Pre Evacuate Collection Set: 0.36ms
[221.675s][info][gc,phases      ] GC(491)   Merge Heap Roots: 0.61ms
[221.675s][info][gc,phases      ] GC(491)   Evacuate Collection Set: 56.87ms
[221.675s][info][gc,phases      ] GC(491)   Post Evacuate Collection Set: 0.59ms
[221.675s][info][gc,phases      ] GC(491)   Other: 0.22ms
[221.675s][info][gc,heap        ] GC(491) Eden regions: 253->0(244)
[221.675s][info][gc,heap        ] GC(491) Survivor regions: 15->34(34)
[221.675s][info][gc,heap        ] GC(491) Old regions: 608->608
[221.675s][info][gc,heap        ] GC(491) Humongous regions: 7->7
[221.675s][info][gc,metaspace   ] GC(491) Metaspace: 18536K(18688K)->18536K(18688K) NonClass: 16708K(16832K)->16708K(16832K) Class: 1828K(1856K)->1828K(1856K)
[221.675s][info][gc             ] GC(491) Pause Young (Concurrent Start) (G1 Evacuation Pause) 882M->647M(978M) 58.911ms
[221.675s][info][gc,cpu         ] GC(491) User=0.11s Sys=0.00s Real=0.06s
[221.676s][info][gc             ] GC(492) Concurrent Mark Cycle
[221.676s][info][gc,marking     ] GC(492) Concurrent Scan Root Regions
[221.716s][info][gc,marking     ] GC(492) Concurrent Scan Root Regions 40.624ms
[221.716s][info][gc,marking     ] GC(492) Concurrent Mark
[221.716s][info][gc,marking     ] GC(492) Concurrent Mark From Roots
[221.716s][info][gc,task        ] GC(492) Using 1 workers of 1 for marking
[222.347s][info][gc,start       ] GC(493) Pause Young (Normal) (G1 Evacuation Pause)
[222.347s][info][gc,task        ] GC(493) Using 2 workers of 2 for evacuation
[222.432s][info][gc,phases      ] GC(493)   Pre Evacuate Collection Set: 0.34ms
[222.432s][info][gc,phases      ] GC(493)   Merge Heap Roots: 0.23ms
[222.432s][info][gc,phases      ] GC(493)   Evacuate Collection Set: 83.48ms
[222.432s][info][gc,phases      ] GC(493)   Post Evacuate Collection Set: 0.57ms
[222.432s][info][gc,phases      ] GC(493)   Other: 0.09ms
[222.432s][info][gc,heap        ] GC(493) Eden regions: 244->0(202)
[222.432s][info][gc,heap        ] GC(493) Survivor regions: 34->35(35)
[222.432s][info][gc,heap        ] GC(493) Old regions: 608->649
[222.432s][info][gc,heap        ] GC(493) Humongous regions: 7->7
[222.432s][info][gc,metaspace   ] GC(493) Metaspace: 18539K(18688K)->18539K(18688K) NonClass: 16710K(16832K)->16710K(16832K) Class: 1828K(1856K)->1828K(1856K)
[222.432s][info][gc             ] GC(493) Pause Young (Normal) (G1 Evacuation Pause) 891M->690M(978M) 84.987ms
[222.432s][info][gc,cpu         ] GC(493) User=0.17s Sys=0.00s Real=0.08s
[223.062s][info][gc,marking     ] GC(492) Concurrent Mark From Roots 1345.938ms
[223.062s][info][gc,marking     ] GC(492) Concurrent Preclean
[223.062s][info][gc,marking     ] GC(492) Concurrent Preclean 0.030ms
[223.063s][info][gc,start       ] GC(492) Pause Remark
[223.071s][info][gc             ] GC(492) Pause Remark 890M->720M(978M) 8.037ms
[223.071s][info][gc,cpu         ] GC(492) User=0.01s Sys=0.00s Real=0.01s
[223.071s][info][gc,marking     ] GC(492) Concurrent Mark 1354.363ms
[223.071s][info][gc,marking     ] GC(492) Concurrent Rebuild Remembered Sets and Scrub Regions
[223.081s][info][gc,start       ] GC(494) Pause Young (Normal) (G1 Evacuation Pause)
[223.081s][info][gc,task        ] GC(494) Using 2 workers of 2 for evacuation
[223.136s][info][gc,phases      ] GC(494)   Pre Evacuate Collection Set: 0.29ms
[223.136s][info][gc,phases      ] GC(494)   Merge Heap Roots: 0.21ms
[223.136s][info][gc,phases      ] GC(494)   Evacuate Collection Set: 53.66ms
[223.136s][info][gc,phases      ] GC(494)   Post Evacuate Collection Set: 0.46ms
[223.136s][info][gc,phases      ] GC(494)   Other: 0.10ms
[223.136s][info][gc,heap        ] GC(494) Eden regions: 202->0(330)
[223.136s][info][gc,heap        ] GC(494) Survivor regions: 35->11(30)
[223.136s][info][gc,heap        ] GC(494) Old regions: 482->517
[223.136s][info][gc,heap        ] GC(494) Humongous regions: 5->5
[223.136s][info][gc,metaspace   ] GC(494) Metaspace: 18539K(18688K)->18539K(18688K) NonClass: 16710K(16832K)->16710K(16832K) Class: 1828K(1856K)->1828K(1856K)
[223.136s][info][gc             ] GC(494) Pause Young (Normal) (G1 Evacuation Pause) 723M->532M(978M) 54.966ms
[223.136s][info][gc,cpu         ] GC(494) User=0.11s Sys=0.00s Real=0.06s
[223.530s][info][gc,marking     ] GC(492) Concurrent Rebuild Remembered Sets and Scrub Regions 459.155ms
[223.530s][info][gc,start       ] GC(492) Pause Cleanup
[223.530s][info][gc             ] GC(492) Pause Cleanup 759M->759M(978M) 0.140ms
[223.530s][info][gc,cpu         ] GC(492) User=0.00s Sys=0.00s Real=0.00s
[223.531s][info][gc,marking     ] GC(492) Concurrent Clear Claimed Marks
[223.531s][info][gc,marking     ] GC(492) Concurrent Clear Claimed Marks 0.041ms
[223.531s][info][gc,marking     ] GC(492) Concurrent Cleanup for Next Mark
[223.539s][info][gc,marking     ] GC(492) Concurrent Cleanup for Next Mark 8.059ms
[223.539s][info][gc             ] GC(492) Concurrent Mark Cycle 1863.711ms
[223.651s][info][gc,start       ] GC(495) Pause Young (Prepare Mixed) (G1 Evacuation Pause)
[223.651s][info][gc,task        ] GC(495) Using 2 workers of 2 for evacuation
[223.698s][info][gc,phases      ] GC(495)   Pre Evacuate Collection Set: 0.33ms
[223.698s][info][gc,phases      ] GC(495)   Merge Heap Roots: 0.12ms
[223.698s][info][gc,phases      ] GC(495)   Evacuate Collection Set: 45.76ms
[223.698s][info][gc,phases      ] GC(495)   Post Evacuate Collection Set: 0.56ms
[223.698s][info][gc,phases      ] GC(495)   Other: 0.11ms
[223.698s][info][gc,heap        ] GC(495) Eden regions: 330->0(297)
[223.698s][info][gc,heap        ] GC(495) Survivor regions: 11->36(43)
[223.698s][info][gc,heap        ] GC(495) Old regions: 517->517
[223.698s][info][gc,heap        ] GC(495) Humongous regions: 5->5
[223.698s][info][gc,metaspace   ] GC(495) Metaspace: 18539K(18688K)->18539K(18688K) NonClass: 16710K(16832K)->16710K(16832K) Class: 1828K(1856K)->1828K(1856K)
[223.698s][info][gc             ] GC(495) Pause Young (Prepare Mixed) (G1 Evacuation Pause) 862M->557M(978M) 47.158ms
[223.698s][info][gc,cpu         ] GC(495) User=0.09s Sys=0.00s Real=0.05s
[224.369s][info][gc,start       ] GC(496) Pause Young (Mixed) (G1 Evacuation Pause)
[224.369s][info][gc,task        ] GC(496) Using 2 workers of 2 for evacuation
[224.434s][info][gc,phases      ] GC(496)   Pre Evacuate Collection Set: 0.38ms
[224.434s][info][gc,phases      ] GC(496)   Merge Heap Roots: 0.23ms
[224.434s][info][gc,phases      ] GC(496)   Evacuate Collection Set: 64.00ms
[224.434s][info][gc,phases      ] GC(496)   Post Evacuate Collection Set: 0.65ms
[224.434s][info][gc,phases      ] GC(496)   Other: 0.12ms
[224.434s][info][gc,heap        ] GC(496) Eden regions: 313->0(361)
[224.434s][info][gc,heap        ] GC(496) Survivor regions: 36->16(44)
[224.434s][info][gc,heap        ] GC(496) Old regions: 517->490
[224.434s][info][gc,heap        ] GC(496) Humongous regions: 5->5
[224.434s][info][gc,metaspace   ] GC(496) Metaspace: 18539K(18688K)->18539K(18688K) NonClass: 16711K(16832K)->16711K(16832K) Class: 1828K(1856K)->1828K(1856K)
[224.434s][info][gc             ] GC(496) Pause Young (Mixed) (G1 Evacuation Pause) 870M->510M(978M) 65.695ms
[224.434s][info][gc,cpu         ] GC(496) User=0.13s Sys=0.00s Real=0.07s
[225.236s][info][gc,start       ] GC(497) Pause Young (Concurrent Start) (G1 Evacuation Pause)
[225.236s][info][gc,task        ] GC(497) Using 2 workers of 2 for evacuation
[225.281s][info][gc,phases      ] GC(497)   Pre Evacuate Collection Set: 0.33ms
[225.281s][info][gc,phases      ] GC(497)   Merge Heap Roots: 0.51ms
[225.281s][info][gc,phases      ] GC(497)   Evacuate Collection Set: 43.63ms
[225.281s][info][gc,phases      ] GC(497)   Post Evacuate Collection Set: 0.68ms
[225.281s][info][gc,phases      ] GC(497)   Other: 0.14ms
[225.281s][info][gc,heap        ] GC(497) Eden regions: 361->0(360)
[225.281s][info][gc,heap        ] GC(497) Survivor regions: 16->28(48)
[225.281s][info][gc,heap        ] GC(497) Old regions: 490->490
[225.281s][info][gc,heap        ] GC(497) Humongous regions: 5->5
[225.281s][info][gc,metaspace   ] GC(497) Metaspace: 18551K(18688K)->18551K(18688K) NonClass: 16722K(16832K)->16722K(16832K) Class: 1828K(1856K)->1828K(1856K)
[225.281s][info][gc             ] GC(497) Pause Young (Concurrent Start) (G1 Evacuation Pause) 871M->522M(978M) 45.551ms
[225.281s][info][gc             ] GC(498) Concurrent Mark Cycle
[225.281s][info][gc,marking     ] GC(498) Concurrent Scan Root Regions
[225.281s][info][gc,cpu         ] GC(497) User=0.09s Sys=0.00s Real=0.04s
[225.328s][info][gc,marking     ] GC(498) Concurrent Scan Root Regions 46.772ms
[225.328s][info][gc,marking     ] GC(498) Concurrent Mark
[225.328s][info][gc,marking     ] GC(498) Concurrent Mark From Roots
[225.328s][info][gc,task        ] GC(498) Using 1 workers of 1 for marking
[225.885s][info][gc,start       ] GC(499) Pause Young (Normal) (G1 Evacuation Pause)
[225.885s][info][gc,task        ] GC(499) Using 2 workers of 2 for evacuation
[226.029s][info][gc,phases      ] GC(499)   Pre Evacuate Collection Set: 0.32ms
[226.029s][info][gc,phases      ] GC(499)   Merge Heap Roots: 0.18ms
[226.029s][info][gc,phases      ] GC(499)   Evacuate Collection Set: 130.17ms
[226.029s][info][gc,phases      ] GC(499)   Post Evacuate Collection Set: 12.83ms
[226.029s][info][gc,phases      ] GC(499)   Other: 0.09ms
[226.029s][info][gc,heap        ] GC(499) Eden regions: 360->0(64)
[226.029s][info][gc,heap        ] GC(499) Survivor regions: 28->49(49)
[226.029s][info][gc,heap        ] GC(499) Old regions: 490->761
[226.029s][info][gc,heap        ] GC(499) Humongous regions: 5->5
[226.029s][info][gc,metaspace   ] GC(499) Metaspace: 18551K(18688K)->18551K(18688K) NonClass: 16722K(16832K)->16722K(16832K) Class: 1828K(1856K)->1828K(1856K)
[226.029s][info][gc             ] GC(499) Pause Young (Normal) (G1 Evacuation Pause) (Evacuation Failure: Allocation) 882M->814M(978M) 143.853ms
[226.029s][info][gc,cpu         ] GC(499) User=0.29s Sys=0.00s Real=0.14s
[226.185s][info][gc,start       ] GC(500) Pause Young (Normal) (G1 Evacuation Pause)
[226.185s][info][gc,task        ] GC(500) Using 2 workers of 2 for evacuation
[226.297s][info][gc,phases      ] GC(500)   Pre Evacuate Collection Set: 0.45ms
[226.297s][info][gc,phases      ] GC(500)   Merge Heap Roots: 0.50ms
[226.297s][info][gc,phases      ] GC(500)   Evacuate Collection Set: 110.02ms
[226.297s][info][gc,phases      ] GC(500)   Post Evacuate Collection Set: 0.74ms
[226.297s][info][gc,phases      ] GC(500)   Other: 0.10ms
[226.297s][info][gc,heap        ] GC(500) Eden regions: 64->0(231)
[226.297s][info][gc,heap        ] GC(500) Survivor regions: 49->15(15)
[226.297s][info][gc,heap        ] GC(500) Old regions: 761->625
[226.297s][info][gc,heap        ] GC(500) Humongous regions: 5->5
[226.297s][info][gc,metaspace   ] GC(500) Metaspace: 18551K(18688K)->18551K(18688K) NonClass: 16722K(16832K)->16722K(16832K) Class: 1828K(1856K)->1828K(1856K)
[226.297s][info][gc             ] GC(500) Pause Young (Normal) (G1 Evacuation Pause) 878M->644M(978M) 112.106ms
[226.297s][info][gc,cpu         ] GC(500) User=0.22s Sys=0.00s Real=0.11s
[226.571s][info][gc,marking     ] GC(498) Concurrent Mark From Roots 1242.441ms
[226.571s][info][gc,marking     ] GC(498) Concurrent Preclean
[226.571s][info][gc,marking     ] GC(498) Concurrent Preclean 0.033ms
[226.571s][info][gc,start       ] GC(498) Pause Remark
[226.579s][info][gc             ] GC(498) Pause Remark 740M->615M(978M) 7.998ms
[226.579s][info][gc,cpu         ] GC(498) User=0.01s Sys=0.00s Real=0.01s
[226.579s][info][gc,marking     ] GC(498) Concurrent Mark 1250.829ms
[226.579s][info][gc,marking     ] GC(498) Concurrent Rebuild Remembered Sets and Scrub Regions
[226.816s][info][gc,start       ] GC(501) Pause Young (Normal) (G1 Evacuation Pause)
[226.817s][info][gc,task        ] GC(501) Using 2 workers of 2 for evacuation
[226.886s][info][gc,phases      ] GC(501)   Pre Evacuate Collection Set: 0.33ms
[226.887s][info][gc,phases      ] GC(501)   Merge Heap Roots: 0.46ms
[226.887s][info][gc,phases      ] GC(501)   Evacuate Collection Set: 68.49ms
[226.887s][info][gc,phases      ] GC(501)   Post Evacuate Collection Set: 0.56ms
[226.887s][info][gc,phases      ] GC(501)   Other: 0.11ms
[226.887s][info][gc,heap        ] GC(501) Eden regions: 231->0(287)
[226.887s][info][gc,heap        ] GC(501) Survivor regions: 15->31(31)
[226.887s][info][gc,heap        ] GC(501) Old regions: 502->519
[226.887s][info][gc,heap        ] GC(501) Humongous regions: 6->6
[226.887s][info][gc,metaspace   ] GC(501) Metaspace: 18555K(18752K)->18555K(18752K) NonClass: 16726K(16896K)->16726K(16896K) Class: 1828K(1856K)->1828K(1856K)
[226.887s][info][gc             ] GC(501) Pause Young (Normal) (G1 Evacuation Pause) 753M->555M(978M) 70.170ms
[226.887s][info][gc,cpu         ] GC(501) User=0.14s Sys=0.00s Real=0.07s
[226.975s][info][gc,marking     ] GC(498) Concurrent Rebuild Remembered Sets and Scrub Regions 396.507ms
[226.976s][info][gc,start       ] GC(498) Pause Cleanup
[226.976s][info][gc             ] GC(498) Pause Cleanup 577M->577M(978M) 0.170ms
[226.976s][info][gc,cpu         ] GC(498) User=0.00s Sys=0.00s Real=0.00s
[226.976s][info][gc,marking     ] GC(498) Concurrent Clear Claimed Marks
[226.976s][info][gc,marking     ] GC(498) Concurrent Clear Claimed Marks 0.037ms
[226.976s][info][gc,marking     ] GC(498) Concurrent Cleanup for Next Mark
[226.982s][info][gc,marking     ] GC(498) Concurrent Cleanup for Next Mark 5.887ms
[226.982s][info][gc             ] GC(498) Concurrent Mark Cycle 1700.639ms
[227.385s][info][gc,start       ] GC(502) Pause Young (Prepare Mixed) (G1 Evacuation Pause)
[227.385s][info][gc,task        ] GC(502) Using 2 workers of 2 for evacuation
[227.461s][info][gc,phases      ] GC(502)   Pre Evacuate Collection Set: 0.33ms
[227.461s][info][gc,phases      ] GC(502)   Merge Heap Roots: 0.37ms
[227.461s][info][gc,phases      ] GC(502)   Evacuate Collection Set: 74.48ms
[227.461s][info][gc,phases      ] GC(502)   Post Evacuate Collection Set: 0.63ms
[227.461s][info][gc,phases      ] GC(502)   Other: 0.13ms
[227.461s][info][gc,heap        ] GC(502) Eden regions: 287->0(284)
[227.461s][info][gc,heap        ] GC(502) Survivor regions: 31->18(40)
[227.461s][info][gc,heap        ] GC(502) Old regions: 519->550
[227.461s][info][gc,heap        ] GC(502) Humongous regions: 9->9
[227.461s][info][gc,metaspace   ] GC(502) Metaspace: 18555K(18752K)->18555K(18752K) NonClass: 16726K(16896K)->16726K(16896K) Class: 1828K(1856K)->1828K(1856K)
[227.461s][info][gc             ] GC(502) Pause Young (Prepare Mixed) (G1 Evacuation Pause) 845M->576M(978M) 76.182ms
[227.461s][info][gc,cpu         ] GC(502) User=0.15s Sys=0.00s Real=0.07s
[227.918s][info][gc,start       ] GC(503) Pause Young (Mixed) (G1 Evacuation Pause)
[227.918s][info][gc,task        ] GC(503) Using 2 workers of 2 for evacuation
[227.955s][info][gc,phases      ] GC(503)   Pre Evacuate Collection Set: 0.57ms
[227.955s][info][gc,phases      ] GC(503)   Merge Heap Roots: 0.59ms
[227.955s][info][gc,phases      ] GC(503)   Evacuate Collection Set: 35.53ms
[227.955s][info][gc,phases      ] GC(503)   Post Evacuate Collection Set: 0.68ms
[227.955s][info][gc,phases      ] GC(503)   Other: 0.14ms
[227.955s][info][gc,heap        ] GC(503) Eden regions: 284->0(342)
[227.955s][info][gc,heap        ] GC(503) Survivor regions: 18->18(38)
[227.955s][info][gc,heap        ] GC(503) Old regions: 550->502
[227.955s][info][gc,heap        ] GC(503) Humongous regions: 9->9
[227.955s][info][gc,metaspace   ] GC(503) Metaspace: 18555K(18752K)->18555K(18752K) NonClass: 16726K(16896K)->16726K(16896K) Class: 1828K(1856K)->1828K(1856K)
[227.955s][info][gc             ] GC(503) Pause Young (Mixed) (G1 Evacuation Pause) 860M->528M(978M) 37.797ms
[227.955s][info][gc,cpu         ] GC(503) User=0.07s Sys=0.00s Real=0.04s
[228.505s][info][gc,start       ] GC(504) Pause Young (Concurrent Start) (G1 Evacuation Pause)
[228.505s][info][gc,task        ] GC(504) Using 2 workers of 2 for evacuation
[228.541s][info][gc,phases      ] GC(504)   Pre Evacuate Collection Set: 0.34ms
[228.541s][info][gc,phases      ] GC(504)   Merge Heap Roots: 0.28ms
[228.541s][info][gc,phases      ] GC(504)   Evacuate Collection Set: 34.64ms
[228.541s][info][gc,phases      ] GC(504)   Post Evacuate Collection Set: 0.68ms
[228.541s][info][gc,phases      ] GC(504)   Other: 0.12ms
[228.541s][info][gc,heap        ] GC(504) Eden regions: 342->0(363)
[228.541s][info][gc,heap        ] GC(504) Survivor regions: 18->18(45)
[228.541s][info][gc,heap        ] GC(504) Old regions: 502->502
[228.541s][info][gc,heap        ] GC(504) Humongous regions: 9->9
[228.541s][info][gc,metaspace   ] GC(504) Metaspace: 18555K(18752K)->18555K(18752K) NonClass: 16726K(16896K)->16726K(16896K) Class: 1828K(1856K)->1828K(1856K)
[228.541s][info][gc             ] GC(504) Pause Young (Concurrent Start) (G1 Evacuation Pause) 870M->528M(978M) 36.310ms
[228.541s][info][gc,cpu         ] GC(504) User=0.07s Sys=0.00s Real=0.03s
[228.541s][info][gc             ] GC(505) Concurrent Mark Cycle
[228.541s][info][gc,marking     ] GC(505) Concurrent Scan Root Regions
[228.604s][info][gc,marking     ] GC(505) Concurrent Scan Root Regions 63.211ms
[228.604s][info][gc,marking     ] GC(505) Concurrent Mark
[228.605s][info][gc,marking     ] GC(505) Concurrent Mark From Roots
[228.605s][info][gc,task        ] GC(505) Using 1 workers of 1 for marking
[229.910s][info][gc,start       ] GC(506) Pause Young (Normal) (G1 Evacuation Pause)
[229.910s][info][gc,task        ] GC(506) Using 2 workers of 2 for evacuation
[229.948s][info][gc,phases      ] GC(506)   Pre Evacuate Collection Set: 0.35ms
[229.948s][info][gc,phases      ] GC(506)   Merge Heap Roots: 0.37ms
[229.948s][info][gc,phases      ] GC(506)   Evacuate Collection Set: 35.73ms
[229.948s][info][gc,phases      ] GC(506)   Post Evacuate Collection Set: 0.73ms
[229.948s][info][gc,phases      ] GC(506)   Other: 0.12ms
[229.948s][info][gc,heap        ] GC(506) Eden regions: 363->0(379)
[229.948s][info][gc,heap        ] GC(506) Survivor regions: 18->18(48)
[229.948s][info][gc,heap        ] GC(506) Old regions: 502->502
[229.948s][info][gc,heap        ] GC(506) Humongous regions: 9->9
[229.948s][info][gc,metaspace   ] GC(506) Metaspace: 18555K(18752K)->18555K(18752K) NonClass: 16726K(16896K)->16726K(16896K) Class: 1828K(1856K)->1828K(1856K)
[229.948s][info][gc             ] GC(506) Pause Young (Normal) (G1 Evacuation Pause) 891M->528M(978M) 37.572ms
[229.948s][info][gc,cpu         ] GC(506) User=0.07s Sys=0.00s Real=0.04s
[230.201s][info][gc,marking     ] GC(505) Concurrent Mark From Roots 1596.183ms
[230.201s][info][gc,marking     ] GC(505) Concurrent Preclean
[230.201s][info][gc,marking     ] GC(505) Concurrent Preclean 0.035ms
[230.202s][info][gc,start       ] GC(505) Pause Remark
[230.210s][info][gc             ] GC(505) Pause Remark 603M->601M(978M) 8.001ms
[230.210s][info][gc,cpu         ] GC(505) User=0.01s Sys=0.00s Real=0.01s
[230.210s][info][gc,marking     ] GC(505) Concurrent Mark 1605.907ms
[230.210s][info][gc,marking     ] GC(505) Concurrent Rebuild Remembered Sets and Scrub Regions
[230.738s][info][gc,marking     ] GC(505) Concurrent Rebuild Remembered Sets and Scrub Regions 527.923ms
[230.739s][info][gc,start       ] GC(505) Pause Cleanup
[230.739s][info][gc             ] GC(505) Pause Cleanup 865M->865M(978M) 0.106ms
[230.739s][info][gc,cpu         ] GC(505) User=0.00s Sys=0.00s Real=0.00s
[230.739s][info][gc,marking     ] GC(505) Concurrent Clear Claimed Marks
[230.739s][info][gc,marking     ] GC(505) Concurrent Clear Claimed Marks 0.029ms
[230.739s][info][gc,marking     ] GC(505) Concurrent Cleanup for Next Mark
[230.742s][info][gc,marking     ] GC(505) Concurrent Cleanup for Next Mark 2.961ms
[230.742s][info][gc             ] GC(505) Concurrent Mark Cycle 2200.586ms
[230.796s][info][gc,start       ] GC(507) Pause Young (Prepare Mixed) (G1 Evacuation Pause)
[230.796s][info][gc,task        ] GC(507) Using 2 workers of 2 for evacuation
[230.885s][info][gc,phases      ] GC(507)   Pre Evacuate Collection Set: 0.54ms
[230.885s][info][gc,phases      ] GC(507)   Merge Heap Roots: 1.10ms
[230.885s][info][gc,phases      ] GC(507)   Evacuate Collection Set: 86.27ms
[230.885s][info][gc,phases      ] GC(507)   Post Evacuate Collection Set: 0.79ms
[230.885s][info][gc,phases      ] GC(507)   Other: 0.12ms
[230.885s][info][gc,heap        ] GC(507) Eden regions: 379->0(314)
[230.885s][info][gc,heap        ] GC(507) Survivor regions: 18->50(50)
[230.885s][info][gc,heap        ] GC(507) Old regions: 502->507
[230.885s][info][gc,heap        ] GC(507) Humongous regions: 7->7
[230.885s][info][gc,metaspace   ] GC(507) Metaspace: 18555K(18752K)->18555K(18752K) NonClass: 16726K(16896K)->16726K(16896K) Class: 1828K(1856K)->1828K(1856K)
[230.885s][info][gc             ] GC(507) Pause Young (Prepare Mixed) (G1 Evacuation Pause) 905M->563M(978M) 89.088ms
[230.885s][info][gc,cpu         ] GC(507) User=0.17s Sys=0.00s Real=0.09s
[231.127s][info][gc,start       ] GC(508) Pause Young (Mixed) (G1 Evacuation Pause)
[231.127s][info][gc,task        ] GC(508) Using 2 workers of 2 for evacuation
[231.244s][info][gc,phases      ] GC(508)   Pre Evacuate Collection Set: 0.51ms
[231.244s][info][gc,phases      ] GC(508)   Merge Heap Roots: 0.62ms
[231.244s][info][gc,phases      ] GC(508)   Evacuate Collection Set: 115.21ms
[231.244s][info][gc,phases      ] GC(508)   Post Evacuate Collection Set: 0.70ms
[231.244s][info][gc,phases      ] GC(508)   Other: 0.13ms
[231.244s][info][gc,heap        ] GC(508) Eden regions: 314->0(298)
[231.244s][info][gc,heap        ] GC(508) Survivor regions: 50->35(46)
[231.244s][info][gc,heap        ] GC(508) Old regions: 507->546
[231.244s][info][gc,heap        ] GC(508) Humongous regions: 7->7
[231.244s][info][gc,metaspace   ] GC(508) Metaspace: 18555K(18752K)->18555K(18752K) NonClass: 16726K(16896K)->16726K(16896K) Class: 1828K(1856K)->1828K(1856K)
[231.244s][info][gc             ] GC(508) Pause Young (Mixed) (G1 Evacuation Pause) 877M->587M(978M) 117.439ms
[231.244s][info][gc,cpu         ] GC(508) User=0.23s Sys=0.01s Real=0.12s
[231.460s][info][gc,start       ] GC(509) Pause Young (Concurrent Start) (G1 Evacuation Pause)
[231.460s][info][gc,task        ] GC(509) Using 2 workers of 2 for evacuation
[231.523s][info][gc,phases      ] GC(509)   Pre Evacuate Collection Set: 0.40ms
[231.523s][info][gc,phases      ] GC(509)   Merge Heap Roots: 0.36ms
[231.523s][info][gc,phases      ] GC(509)   Evacuate Collection Set: 61.22ms
[231.523s][info][gc,phases      ] GC(509)   Post Evacuate Collection Set: 0.61ms
[231.523s][info][gc,phases      ] GC(509)   Other: 0.23ms
[231.523s][info][gc,heap        ] GC(509) Eden regions: 298->0(301)
[231.523s][info][gc,heap        ] GC(509) Survivor regions: 35->10(42)
[231.523s][info][gc,heap        ] GC(509) Old regions: 546->581
[231.523s][info][gc,heap        ] GC(509) Humongous regions: 7->7
[231.523s][info][gc,metaspace   ] GC(509) Metaspace: 18555K(18752K)->18555K(18752K) NonClass: 16726K(16896K)->16726K(16896K) Class: 1828K(1856K)->1828K(1856K)
[231.523s][info][gc             ] GC(509) Pause Young (Concurrent Start) (G1 Evacuation Pause) 885M->597M(978M) 63.110ms
[231.523s][info][gc,cpu         ] GC(509) User=0.12s Sys=0.00s Real=0.06s
[231.523s][info][gc             ] GC(510) Concurrent Mark Cycle
[231.524s][info][gc,marking     ] GC(510) Concurrent Scan Root Regions
[231.613s][info][gc,marking     ] GC(510) Concurrent Scan Root Regions 89.648ms
[231.613s][info][gc,marking     ] GC(510) Concurrent Mark
[231.613s][info][gc,marking     ] GC(510) Concurrent Mark From Roots
[231.613s][info][gc,task        ] GC(510) Using 1 workers of 1 for marking
[231.931s][info][gc,start       ] GC(511) Pause Young (Normal) (G1 Evacuation Pause)
[231.932s][info][gc,task        ] GC(511) Using 2 workers of 2 for evacuation
[231.980s][info][gc,phases      ] GC(511)   Pre Evacuate Collection Set: 0.56ms
[231.980s][info][gc,phases      ] GC(511)   Merge Heap Roots: 0.33ms
[231.980s][info][gc,phases      ] GC(511)   Evacuate Collection Set: 46.58ms
[231.980s][info][gc,phases      ] GC(511)   Post Evacuate Collection Set: 0.60ms
[231.980s][info][gc,phases      ] GC(511)   Other: 0.11ms
[231.980s][info][gc,heap        ] GC(511) Eden regions: 301->0(278)
[231.980s][info][gc,heap        ] GC(511) Survivor regions: 10->31(39)
[231.980s][info][gc,heap        ] GC(511) Old regions: 581->581
[231.980s][info][gc,heap        ] GC(511) Humongous regions: 7->7
[231.980s][info][gc,metaspace   ] GC(511) Metaspace: 18557K(18752K)->18557K(18752K) NonClass: 16729K(16896K)->16729K(16896K) Class: 1828K(1856K)->1828K(1856K)
[231.980s][info][gc             ] GC(511) Pause Young (Normal) (G1 Evacuation Pause) 898M->618M(978M) 48.415ms
[231.980s][info][gc,cpu         ] GC(511) User=0.10s Sys=0.00s Real=0.05s
[232.607s][info][gc,start       ] GC(512) Pause Young (Normal) (G1 Evacuation Pause)
[232.608s][info][gc,task        ] GC(512) Using 2 workers of 2 for evacuation
[232.690s][info][gc,phases      ] GC(512)   Pre Evacuate Collection Set: 0.33ms
[232.690s][info][gc,phases      ] GC(512)   Merge Heap Roots: 0.44ms
[232.690s][info][gc,phases      ] GC(512)   Evacuate Collection Set: 80.77ms
[232.690s][info][gc,phases      ] GC(512)   Post Evacuate Collection Set: 0.56ms
[232.690s][info][gc,phases      ] GC(512)   Other: 0.11ms
[232.690s][info][gc,heap        ] GC(512) Eden regions: 278->0(245)
[232.690s][info][gc,heap        ] GC(512) Survivor regions: 31->32(39)
[232.690s][info][gc,heap        ] GC(512) Old regions: 581->612
[232.690s][info][gc,heap        ] GC(512) Humongous regions: 7->7
[232.690s][info][gc,metaspace   ] GC(512) Metaspace: 18557K(18752K)->18557K(18752K) NonClass: 16729K(16896K)->16729K(16896K) Class: 1828K(1856K)->1828K(1856K)
[232.690s][info][gc             ] GC(512) Pause Young (Normal) (G1 Evacuation Pause) 896M->650M(978M) 82.492ms
[232.690s][info][gc,cpu         ] GC(512) User=0.17s Sys=0.00s Real=0.08s
[233.725s][info][gc,marking     ] GC(510) Concurrent Mark From Roots 2112.094ms
[233.725s][info][gc,marking     ] GC(510) Concurrent Preclean
[233.726s][info][gc,marking     ] GC(510) Concurrent Preclean 0.031ms
[233.726s][info][gc,start       ] GC(510) Pause Remark
[233.733s][info][gc             ] GC(510) Pause Remark 875M->875M(978M) 7.753ms
[233.733s][info][gc,cpu         ] GC(510) User=0.02s Sys=0.00s Real=0.00s
[233.733s][info][gc,marking     ] GC(510) Concurrent Mark 2120.204ms
[233.734s][info][gc,marking     ] GC(510) Concurrent Rebuild Remembered Sets and Scrub Regions
[233.852s][info][gc,start       ] GC(513) Pause Young (Normal) (G1 Evacuation Pause)
[233.852s][info][gc,task        ] GC(513) Using 2 workers of 2 for evacuation
[233.892s][info][gc,phases      ] GC(513)   Pre Evacuate Collection Set: 0.32ms
[233.892s][info][gc,phases      ] GC(513)   Merge Heap Roots: 0.22ms
[233.892s][info][gc,phases      ] GC(513)   Evacuate Collection Set: 38.59ms
[233.892s][info][gc,phases      ] GC(513)   Post Evacuate Collection Set: 0.72ms
[233.892s][info][gc,phases      ] GC(513)   Other: 0.11ms
[233.892s][info][gc,heap        ] GC(513) Eden regions: 245->0(260)
[233.892s][info][gc,heap        ] GC(513) Survivor regions: 32->1(35)
[233.892s][info][gc,heap        ] GC(513) Old regions: 612->644
[233.892s][info][gc,heap        ] GC(513) Humongous regions: 7->7
[233.892s][info][gc,metaspace   ] GC(513) Metaspace: 18558K(18752K)->18558K(18752K) NonClass: 16729K(16896K)->16729K(16896K) Class: 1828K(1856K)->1828K(1856K)
[233.892s][info][gc             ] GC(513) Pause Young (Normal) (G1 Evacuation Pause) 895M->651M(978M) 40.278ms
[233.892s][info][gc,cpu         ] GC(513) User=0.08s Sys=0.00s Real=0.04s
[234.532s][info][gc,marking     ] GC(510) Concurrent Rebuild Remembered Sets and Scrub Regions 798.708ms
[234.532s][info][gc,start       ] GC(510) Pause Cleanup
[234.533s][info][gc             ] GC(510) Pause Cleanup 821M->821M(978M) 0.142ms
[234.533s][info][gc,cpu         ] GC(510) User=0.00s Sys=0.00s Real=0.00s
[234.533s][info][gc,marking     ] GC(510) Concurrent Clear Claimed Marks
[234.533s][info][gc,marking     ] GC(510) Concurrent Clear Claimed Marks 0.035ms
[234.533s][info][gc,marking     ] GC(510) Concurrent Cleanup for Next Mark
[234.539s][info][gc,marking     ] GC(510) Concurrent Cleanup for Next Mark 6.526ms
[234.539s][info][gc             ] GC(510) Concurrent Mark Cycle 3016.342ms
[234.752s][info][gc,start       ] GC(514) Pause Young (Prepare Mixed) (G1 Evacuation Pause)
[234.752s][info][gc,task        ] GC(514) Using 2 workers of 2 for evacuation
[234.767s][info][gc,phases      ] GC(514)   Pre Evacuate Collection Set: 0.33ms
[234.768s][info][gc,phases      ] GC(514)   Merge Heap Roots: 0.40ms
[234.768s][info][gc,phases      ] GC(514)   Evacuate Collection Set: 14.06ms
[234.768s][info][gc,phases      ] GC(514)   Post Evacuate Collection Set: 0.66ms
[234.768s][info][gc,phases      ] GC(514)   Other: 0.11ms
[234.768s][info][gc,heap        ] GC(514) Eden regions: 260->0(272)
[234.768s][info][gc,heap        ] GC(514) Survivor regions: 1->1(33)
[234.768s][info][gc,heap        ] GC(514) Old regions: 644->644
[234.768s][info][gc,heap        ] GC(514) Humongous regions: 7->7
[234.768s][info][gc,metaspace   ] GC(514) Metaspace: 18558K(18752K)->18558K(18752K) NonClass: 16729K(16896K)->16729K(16896K) Class: 1828K(1856K)->1828K(1856K)
[234.768s][info][gc             ] GC(514) Pause Young (Prepare Mixed) (G1 Evacuation Pause) 911M->651M(978M) 15.805ms
[234.768s][info][gc,cpu         ] GC(514) User=0.03s Sys=0.00s Real=0.02s
[235.427s][info][gc,start       ] GC(515) Pause Young (Mixed) (G1 Evacuation Pause)
[235.427s][info][gc,task        ] GC(515) Using 2 workers of 2 for evacuation
[235.571s][info][gc,phases      ] GC(515)   Pre Evacuate Collection Set: 0.58ms
[235.571s][info][gc,phases      ] GC(515)   Merge Heap Roots: 3.23ms
[235.571s][info][gc,phases      ] GC(515)   Evacuate Collection Set: 139.35ms
[235.571s][info][gc,phases      ] GC(515)   Post Evacuate Collection Set: 0.57ms
[235.571s][info][gc,phases      ] GC(515)   Other: 0.11ms
[235.571s][info][gc,heap        ] GC(515) Eden regions: 272->0(283)
[235.571s][info][gc,heap        ] GC(515) Survivor regions: 1->1(35)
[235.571s][info][gc,heap        ] GC(515) Old regions: 644->636
[235.571s][info][gc,heap        ] GC(515) Humongous regions: 7->7
[235.571s][info][gc,metaspace   ] GC(515) Metaspace: 18558K(18752K)->18558K(18752K) NonClass: 16729K(16896K)->16729K(16896K) Class: 1828K(1856K)->1828K(1856K)
[235.571s][info][gc             ] GC(515) Pause Young (Mixed) (G1 Evacuation Pause) 923M->643M(978M) 144.142ms
[235.571s][info][gc,cpu         ] GC(515) User=0.28s Sys=0.00s Real=0.14s
[236.263s][info][gc,start       ] GC(516) Pause Young (Concurrent Start) (G1 Evacuation Pause)
[236.263s][info][gc,task        ] GC(516) Using 2 workers of 2 for evacuation
[236.276s][info][gc,phases      ] GC(516)   Pre Evacuate Collection Set: 0.40ms
[236.276s][info][gc,phases      ] GC(516)   Merge Heap Roots: 0.15ms
[236.276s][info][gc,phases      ] GC(516)   Evacuate Collection Set: 11.68ms
[236.276s][info][gc,phases      ] GC(516)   Post Evacuate Collection Set: 0.56ms
[236.276s][info][gc,phases      ] GC(516)   Other: 0.10ms
[236.276s][info][gc,heap        ] GC(516) Eden regions: 283->0(265)
[236.276s][info][gc,heap        ] GC(516) Survivor regions: 1->10(36)
[236.276s][info][gc,heap        ] GC(516) Old regions: 636->636
[236.276s][info][gc,heap        ] GC(516) Humongous regions: 7->7
[236.276s][info][gc,metaspace   ] GC(516) Metaspace: 18558K(18752K)->18558K(18752K) NonClass: 16729K(16896K)->16729K(16896K) Class: 1828K(1856K)->1828K(1856K)
[236.276s][info][gc             ] GC(516) Pause Young (Concurrent Start) (G1 Evacuation Pause) 926M->652M(978M) 13.139ms
[236.276s][info][gc             ] GC(517) Concurrent Mark Cycle
[236.276s][info][gc,marking     ] GC(517) Concurrent Scan Root Regions
[236.276s][info][gc,cpu         ] GC(516) User=0.02s Sys=0.00s Real=0.02s
[236.291s][info][gc,marking     ] GC(517) Concurrent Scan Root Regions 15.176ms
[236.291s][info][gc,marking     ] GC(517) Concurrent Mark
[236.291s][info][gc,marking     ] GC(517) Concurrent Mark From Roots
[236.291s][info][gc,task        ] GC(517) Using 1 workers of 1 for marking
[236.694s][info][gc,start       ] GC(518) Pause Young (Normal) (G1 Evacuation Pause)
[236.694s][info][gc,task        ] GC(518) Using 2 workers of 2 for evacuation
[236.821s][info][gc,phases      ] GC(518)   Pre Evacuate Collection Set: 0.55ms
[236.821s][info][gc,phases      ] GC(518)   Merge Heap Roots: 0.19ms
[236.821s][info][gc,phases      ] GC(518)   Evacuate Collection Set: 109.20ms
[236.821s][info][gc,phases      ] GC(518)   Post Evacuate Collection Set: 16.89ms
[236.821s][info][gc,phases      ] GC(518)   Other: 0.11ms
[236.821s][info][gc,heap        ] GC(518) Eden regions: 265->0(0)
[236.821s][info][gc,heap        ] GC(518) Survivor regions: 10->35(35)
[236.821s][info][gc,heap        ] GC(518) Old regions: 636->924
[236.821s][info][gc,heap        ] GC(518) Humongous regions: 7->7
[236.821s][info][gc,metaspace   ] GC(518) Metaspace: 18558K(18752K)->18558K(18752K) NonClass: 16729K(16896K)->16729K(16896K) Class: 1828K(1856K)->1828K(1856K)
[236.821s][info][gc             ] GC(518) Pause Young (Normal) (G1 Evacuation Pause) (Evacuation Failure: Allocation) 917M->965M(978M) 127.184ms
[236.821s][info][gc,cpu         ] GC(518) User=0.25s Sys=0.00s Real=0.13s
[236.821s][info][gc,ergo        ] Attempting full compaction
[236.821s][info][gc,start       ] GC(519) Pause Full (G1 Compaction Pause)
[236.821s][info][gc,task        ] GC(519) Using 2 workers of 2 for full compaction
[236.823s][info][gc,phases,start] GC(519) Phase 1: Mark live objects
[237.201s][info][metaspace      ] ChkMgr @0x00007f9cbc15e5a0 (non-class-space): : reclaiming memory...
[237.201s][info][metaspace      ] ChkMgr @0x00007f9cbc15e5a0 (non-class-space): nothing reclaimed.
[237.201s][info][metaspace      ] ChkMgr @0x00007f9cbc15c6b0 (class-space): : reclaiming memory...
[237.201s][info][metaspace      ] ChkMgr @0x00007f9cbc15c6b0 (class-space): nothing reclaimed.
[237.201s][info][gc,phases      ] GC(519) Phase 1: Mark live objects 378.504ms
[237.201s][info][gc,phases,start] GC(519) Phase 2: Prepare compaction
[237.219s][info][gc,phases      ] GC(519) Phase 2: Prepare compaction 17.966ms
[237.219s][info][gc,phases,start] GC(519) Phase 3: Adjust pointers
[237.368s][info][gc,phases      ] GC(519) Phase 3: Adjust pointers 148.258ms
[237.368s][info][gc,phases,start] GC(519) Phase 4: Compact heap
[237.391s][info][gc,phases      ] GC(519) Phase 4: Compact heap 23.405ms
[237.391s][info][gc,phases,start] GC(519) Phase 5: Reset Metadata
[237.460s][info][gc,phases      ] GC(519) Phase 5: Reset Metadata 69.240ms
[237.469s][info][gc,heap        ] GC(519) Eden regions: 0->0(439)
[237.469s][info][gc,heap        ] GC(519) Survivor regions: 35->0(35)
[237.469s][info][gc,heap        ] GC(519) Old regions: 924->445
[237.469s][info][gc,heap        ] GC(519) Humongous regions: 7->4
[237.469s][info][gc,metaspace   ] GC(519) Metaspace: 18558K(18752K)->18550K(18752K) NonClass: 16729K(16896K)->16722K(16896K) Class: 1828K(1856K)->1828K(1856K)
[237.469s][info][gc             ] GC(519) Pause Full (G1 Compaction Pause) 965M->448M(978M) 647.718ms
[237.469s][info][gc,cpu         ] GC(519) User=1.28s Sys=0.00s Real=0.65s
[237.471s][info][gc,marking     ] GC(517) Concurrent Mark From Roots 1179.229ms
[237.471s][info][gc,marking     ] GC(517) Concurrent Mark Abort
[237.471s][info][gc             ] GC(517) Concurrent Mark Cycle 1194.558ms
[237.800s][info][gc,start       ] GC(520) Pause Young (Concurrent Start) (G1 Humongous Allocation)
[237.800s][info][gc,task        ] GC(520) Using 2 workers of 2 for evacuation
[237.876s][info][gc,phases      ] GC(520)   Pre Evacuate Collection Set: 0.34ms
[237.877s][info][gc,phases      ] GC(520)   Merge Heap Roots: 0.39ms
[237.877s][info][gc,phases      ] GC(520)   Evacuate Collection Set: 74.45ms
[237.877s][info][gc,phases      ] GC(520)   Post Evacuate Collection Set: 0.75ms
[237.877s][info][gc,phases      ] GC(520)   Other: 0.15ms
[237.877s][info][gc,heap        ] GC(520) Eden regions: 311->0(338)
[237.877s][info][gc,heap        ] GC(520) Survivor regions: 0->55(55)
[237.877s][info][gc,heap        ] GC(520) Old regions: 445->449
[237.877s][info][gc,heap        ] GC(520) Humongous regions: 4->4
[237.877s][info][gc,metaspace   ] GC(520) Metaspace: 18551K(18752K)->18551K(18752K) NonClass: 16723K(16896K)->16723K(16896K) Class: 1828K(1856K)->1828K(1856K)
[237.877s][info][gc             ] GC(520) Pause Young (Concurrent Start) (G1 Humongous Allocation) 759M->507M(978M) 76.356ms
[237.877s][info][gc,cpu         ] GC(520) User=0.15s Sys=0.00s Real=0.08s
[237.877s][info][gc             ] GC(521) Concurrent Mark Cycle
[237.877s][info][gc,marking     ] GC(521) Concurrent Scan Root Regions
[237.962s][info][gc,marking     ] GC(521) Concurrent Scan Root Regions 85.518ms
[237.962s][info][gc,marking     ] GC(521) Concurrent Mark
[237.962s][info][gc,marking     ] GC(521) Concurrent Mark From Roots
[237.962s][info][gc,task        ] GC(521) Using 1 workers of 1 for marking
[238.557s][info][gc,start       ] GC(522) Pause Young (Normal) (G1 Evacuation Pause)
[238.557s][info][gc,task        ] GC(522) Using 2 workers of 2 for evacuation
[238.640s][info][gc,phases      ] GC(522)   Pre Evacuate Collection Set: 0.55ms
[238.640s][info][gc,phases      ] GC(522)   Merge Heap Roots: 0.48ms
[238.640s][info][gc,phases      ] GC(522)   Evacuate Collection Set: 81.13ms
[238.640s][info][gc,phases      ] GC(522)   Post Evacuate Collection Set: 0.63ms
[238.640s][info][gc,phases      ] GC(522)   Other: 0.11ms
[238.640s][info][gc,heap        ] GC(522) Eden regions: 338->0(339)
[238.640s][info][gc,heap        ] GC(522) Survivor regions: 55->13(50)
[238.640s][info][gc,heap        ] GC(522) Old regions: 449->505
[238.640s][info][gc,heap        ] GC(522) Humongous regions: 7->7
[238.640s][info][gc,metaspace   ] GC(522) Metaspace: 18551K(18752K)->18551K(18752K) NonClass: 16723K(16896K)->16723K(16896K) Class: 1828K(1856K)->1828K(1856K)
[238.640s][info][gc             ] GC(522) Pause Young (Normal) (G1 Evacuation Pause) 848M->523M(978M) 83.138ms
[238.640s][info][gc,cpu         ] GC(522) User=0.16s Sys=0.00s Real=0.08s
[239.050s][info][gc,marking     ] GC(521) Concurrent Mark From Roots 1088.039ms
[239.050s][info][gc,marking     ] GC(521) Concurrent Preclean
[239.050s][info][gc,marking     ] GC(521) Concurrent Preclean 0.036ms
[239.051s][info][gc,start       ] GC(521) Pause Remark
[239.058s][info][gc             ] GC(521) Pause Remark 748M->687M(978M) 7.868ms
[239.059s][info][gc,cpu         ] GC(521) User=0.02s Sys=0.00s Real=0.01s
[239.059s][info][gc,marking     ] GC(521) Concurrent Mark 1096.278ms
[239.059s][info][gc,marking     ] GC(521) Concurrent Rebuild Remembered Sets and Scrub Regions
[239.277s][info][gc,start       ] GC(523) Pause Young (Normal) (G1 Evacuation Pause)
[239.277s][info][gc,task        ] GC(523) Using 2 workers of 2 for evacuation
[239.300s][info][gc,phases      ] GC(523)   Pre Evacuate Collection Set: 0.33ms
[239.300s][info][gc,phases      ] GC(523)   Merge Heap Roots: 0.18ms
[239.300s][info][gc,phases      ] GC(523)   Evacuate Collection Set: 21.68ms
[239.300s][info][gc,phases      ] GC(523)   Post Evacuate Collection Set: 0.58ms
[239.300s][info][gc,phases      ] GC(523)   Other: 0.10ms
[239.300s][info][gc,heap        ] GC(523) Eden regions: 339->0(396)
[239.300s][info][gc,heap        ] GC(523) Survivor regions: 13->14(44)
[239.300s][info][gc,heap        ] GC(523) Old regions: 446->446
[239.300s][info][gc,heap        ] GC(523) Humongous regions: 5->5
[239.300s][info][gc,metaspace   ] GC(523) Metaspace: 18551K(18752K)->18551K(18752K) NonClass: 16723K(16896K)->16723K(16896K) Class: 1828K(1856K)->1828K(1856K)
[239.300s][info][gc             ] GC(523) Pause Young (Normal) (G1 Evacuation Pause) 801M->463M(978M) 23.119ms
[239.301s][info][gc,cpu         ] GC(523) User=0.04s Sys=0.00s Real=0.02s
[239.466s][info][gc,marking     ] GC(521) Concurrent Rebuild Remembered Sets and Scrub Regions 407.343ms
[239.466s][info][gc,start       ] GC(521) Pause Cleanup
[239.466s][info][gc             ] GC(521) Pause Cleanup 557M->557M(978M) 0.151ms
[239.466s][info][gc,cpu         ] GC(521) User=0.00s Sys=0.00s Real=0.00s
[239.466s][info][gc,marking     ] GC(521) Concurrent Clear Claimed Marks
[239.466s][info][gc,marking     ] GC(521) Concurrent Clear Claimed Marks 0.026ms
[239.466s][info][gc,marking     ] GC(521) Concurrent Cleanup for Next Mark
[239.469s][info][gc,marking     ] GC(521) Concurrent Cleanup for Next Mark 2.929ms
[239.469s][info][gc             ] GC(521) Concurrent Mark Cycle 1592.706ms
[240.080s][info][gc,start       ] GC(524) Pause Young (Prepare Mixed) (G1 Evacuation Pause)
[240.080s][info][gc,task        ] GC(524) Using 2 workers of 2 for evacuation
[240.157s][info][gc,phases      ] GC(524)   Pre Evacuate Collection Set: 0.52ms
[240.157s][info][gc,phases      ] GC(524)   Merge Heap Roots: 0.72ms
[240.157s][info][gc,phases      ] GC(524)   Evacuate Collection Set: 74.74ms
[240.157s][info][gc,phases      ] GC(524)   Post Evacuate Collection Set: 0.78ms
[240.157s][info][gc,phases      ] GC(524)   Other: 0.10ms
[240.157s][info][gc,heap        ] GC(524) Eden regions: 396->0(15)
[240.157s][info][gc,heap        ] GC(524) Survivor regions: 14->33(52)
[240.157s][info][gc,heap        ] GC(524) Old regions: 446->446
[240.157s][info][gc,heap        ] GC(524) Humongous regions: 8->8
[240.157s][info][gc,metaspace   ] GC(524) Metaspace: 18554K(18752K)->18554K(18752K) NonClass: 16726K(16896K)->16726K(16896K) Class: 1828K(1856K)->1828K(1856K)
[240.157s][info][gc             ] GC(524) Pause Young (Prepare Mixed) (G1 Evacuation Pause) 862M->485M(978M) 77.135ms
[240.157s][info][gc,cpu         ] GC(524) User=0.15s Sys=0.00s Real=0.08s
[240.189s][info][gc,start       ] GC(525) Pause Young (Mixed) (G1 Evacuation Pause)
[240.189s][info][gc,task        ] GC(525) Using 2 workers of 2 for evacuation
[240.255s][info][gc,phases      ] GC(525)   Pre Evacuate Collection Set: 0.53ms
[240.255s][info][gc,phases      ] GC(525)   Merge Heap Roots: 0.60ms
[240.255s][info][gc,phases      ] GC(525)   Evacuate Collection Set: 64.25ms
[240.255s][info][gc,phases      ] GC(525)   Post Evacuate Collection Set: 0.34ms
[240.255s][info][gc,phases      ] GC(525)   Other: 0.07ms
[240.255s][info][gc,heap        ] GC(525) Eden regions: 15->0(144)
[240.255s][info][gc,heap        ] GC(525) Survivor regions: 33->1(6)
[240.255s][info][gc,heap        ] GC(525) Old regions: 446->472
[240.255s][info][gc,heap        ] GC(525) Humongous regions: 8->8
[240.255s][info][gc,metaspace   ] GC(525) Metaspace: 18554K(18752K)->18554K(18752K) NonClass: 16726K(16896K)->16726K(16896K) Class: 1828K(1856K)->1828K(1856K)
[240.255s][info][gc             ] GC(525) Pause Young (Mixed) (G1 Evacuation Pause) 500M->479M(978M) 66.044ms
[240.255s][info][gc,cpu         ] GC(525) User=0.13s Sys=0.00s Real=0.07s
[240.522s][info][gc,start       ] GC(526) Pause Young (Mixed) (G1 Evacuation Pause)
[240.523s][info][gc,task        ] GC(526) Using 2 workers of 2 for evacuation
[240.524s][info][gc,phases      ] GC(526)   Pre Evacuate Collection Set: 0.55ms
[240.524s][info][gc,phases      ] GC(526)   Merge Heap Roots: 0.12ms
[240.524s][info][gc,phases      ] GC(526)   Evacuate Collection Set: 0.33ms
[240.524s][info][gc,phases      ] GC(526)   Merge Optional Heap Roots: 0.02ms
[240.524s][info][gc,phases      ] GC(526)   Evacuate Optional Collection Set: 0.07ms
[240.524s][info][gc,phases      ] GC(526)   Post Evacuate Collection Set: 0.39ms
[240.524s][info][gc,phases      ] GC(526)   Other: 0.10ms
[240.524s][info][gc,heap        ] GC(526) Eden regions: 166->0(225)
[240.524s][info][gc,heap        ] GC(526) Survivor regions: 1->1(21)
[240.524s][info][gc,heap        ] GC(526) Old regions: 472->448
[240.524s][info][gc,heap        ] GC(526) Humongous regions: 8->8
[240.524s][info][gc,metaspace   ] GC(526) Metaspace: 18554K(18752K)->18554K(18752K) NonClass: 16726K(16896K)->16726K(16896K) Class: 1828K(1856K)->1828K(1856K)
[240.524s][info][gc             ] GC(526) Pause Young (Mixed) (G1 Evacuation Pause) 645M->455M(978M) 1.855ms
[240.524s][info][gc,cpu         ] GC(526) User=0.01s Sys=0.00s Real=0.01s
[240.903s][info][gc,start       ] GC(527) Pause Young (Mixed) (G1 Evacuation Pause)
[240.903s][info][gc,task        ] GC(527) Using 2 workers of 2 for evacuation
[240.904s][info][gc,phases      ] GC(527)   Pre Evacuate Collection Set: 0.34ms
[240.904s][info][gc,phases      ] GC(527)   Merge Heap Roots: 0.12ms
[240.904s][info][gc,phases      ] GC(527)   Evacuate Collection Set: 0.69ms
[240.904s][info][gc,phases      ] GC(527)   Post Evacuate Collection Set: 0.42ms
[240.904s][info][gc,phases      ] GC(527)   Other: 0.10ms
[240.904s][info][gc,heap        ] GC(527) Eden regions: 237->0(289)
[240.904s][info][gc,heap        ] GC(527) Survivor regions: 1->1(30)
[240.904s][info][gc,heap        ] GC(527) Old regions: 448->442
[240.904s][info][gc,heap        ] GC(527) Humongous regions: 8->8
[240.904s][info][gc,metaspace   ] GC(527) Metaspace: 18554K(18752K)->18554K(18752K) NonClass: 16726K(16896K)->16726K(16896K) Class: 1828K(1856K)->1828K(1856K)
[240.905s][info][gc             ] GC(527) Pause Young (Mixed) (G1 Evacuation Pause) 692M->449M(978M) 1.903ms
[240.905s][info][gc,cpu         ] GC(527) User=0.00s Sys=0.00s Real=0.01s
[241.377s][info][gc,start       ] GC(528) Pause Young (Mixed) (G1 Evacuation Pause)
[241.377s][info][gc,task        ] GC(528) Using 2 workers of 2 for evacuation
[241.380s][info][gc,phases      ] GC(528)   Pre Evacuate Collection Set: 0.56ms
[241.380s][info][gc,phases      ] GC(528)   Merge Heap Roots: 0.13ms
[241.380s][info][gc,phases      ] GC(528)   Evacuate Collection Set: 1.47ms
[241.380s][info][gc,phases      ] GC(528)   Post Evacuate Collection Set: 0.52ms
[241.380s][info][gc,phases      ] GC(528)   Other: 0.11ms
[241.380s][info][gc,heap        ] GC(528) Eden regions: 301->0(357)
[241.380s][info][gc,heap        ] GC(528) Survivor regions: 1->1(38)
[241.380s][info][gc,heap        ] GC(528) Old regions: 442->435
[241.380s][info][gc,heap        ] GC(528) Humongous regions: 8->8
[241.380s][info][gc,metaspace   ] GC(528) Metaspace: 18554K(18752K)->18554K(18752K) NonClass: 16726K(16896K)->16726K(16896K) Class: 1828K(1856K)->1828K(1856K)
[241.380s][info][gc             ] GC(528) Pause Young (Mixed) (G1 Evacuation Pause) 750M->442M(978M) 3.026ms
[241.380s][info][gc,cpu         ] GC(528) User=0.00s Sys=0.00s Real=0.00s
[241.868s][info][gc,start       ] GC(529) Pause Young (Mixed) (G1 Evacuation Pause)
[241.868s][info][gc,task        ] GC(529) Using 2 workers of 2 for evacuation
[241.905s][info][gc,phases      ] GC(529)   Pre Evacuate Collection Set: 0.32ms
[241.905s][info][gc,phases      ] GC(529)   Merge Heap Roots: 0.28ms
[241.905s][info][gc,phases      ] GC(529)   Evacuate Collection Set: 35.36ms
[241.905s][info][gc,phases      ] GC(529)   Post Evacuate Collection Set: 0.64ms
[241.905s][info][gc,phases      ] GC(529)   Other: 0.12ms
[241.905s][info][gc,heap        ] GC(529) Eden regions: 362->0(418)
[241.905s][info][gc,heap        ] GC(529) Survivor regions: 1->24(46)
[241.905s][info][gc,heap        ] GC(529) Old regions: 435->431
[241.905s][info][gc,heap        ] GC(529) Humongous regions: 8->8
[241.905s][info][gc,metaspace   ] GC(529) Metaspace: 18554K(18752K)->18554K(18752K) NonClass: 16726K(16896K)->16726K(16896K) Class: 1828K(1856K)->1828K(1856K)
[241.905s][info][gc             ] GC(529) Pause Young (Mixed) (G1 Evacuation Pause) 804M->461M(978M) 37.006ms
[241.905s][info][gc,cpu         ] GC(529) User=0.07s Sys=0.00s Real=0.04s
[242.229s][info][gc,start       ] GC(530) Pause Young (Concurrent Start) (G1 Evacuation Pause)
[242.229s][info][gc,task        ] GC(530) Using 2 workers of 2 for evacuation
[242.328s][info][gc,phases      ] GC(530)   Pre Evacuate Collection Set: 0.38ms
[242.328s][info][gc,phases      ] GC(530)   Merge Heap Roots: 0.45ms
[242.328s][info][gc,phases      ] GC(530)   Evacuate Collection Set: 97.47ms
[242.328s][info][gc,phases      ] GC(530)   Post Evacuate Collection Set: 0.75ms
[242.328s][info][gc,phases      ] GC(530)   Other: 0.25ms
[242.328s][info][gc,heap        ] GC(530) Eden regions: 418->0(359)
[242.328s][info][gc,heap        ] GC(530) Survivor regions: 24->56(56)
[242.328s][info][gc,heap        ] GC(530) Old regions: 431->449
[242.328s][info][gc,heap        ] GC(530) Humongous regions: 8->8
[242.328s][info][gc,metaspace   ] GC(530) Metaspace: 18554K(18752K)->18554K(18752K) NonClass: 16726K(16896K)->16726K(16896K) Class: 1828K(1856K)->1828K(1856K)
[242.328s][info][gc             ] GC(530) Pause Young (Concurrent Start) (G1 Evacuation Pause) 879M->512M(978M) 99.567ms
[242.328s][info][gc,cpu         ] GC(530) User=0.19s Sys=0.00s Real=0.10s
[242.328s][info][gc             ] GC(531) Concurrent Mark Cycle
[242.330s][info][gc,marking     ] GC(531) Concurrent Scan Root Regions
[242.465s][info][gc,marking     ] GC(531) Concurrent Scan Root Regions 134.842ms
[242.465s][info][gc,marking     ] GC(531) Concurrent Mark
[242.465s][info][gc,marking     ] GC(531) Concurrent Mark From Roots
[242.465s][info][gc,task        ] GC(531) Using 1 workers of 1 for marking
[242.750s][info][gc,start       ] GC(532) Pause Young (Normal) (G1 Evacuation Pause)
[242.751s][info][gc,task        ] GC(532) Using 2 workers of 2 for evacuation
[242.832s][info][gc,phases      ] GC(532)   Pre Evacuate Collection Set: 0.31ms
[242.832s][info][gc,phases      ] GC(532)   Merge Heap Roots: 0.31ms
[242.832s][info][gc,phases      ] GC(532)   Evacuate Collection Set: 80.00ms
[242.832s][info][gc,phases      ] GC(532)   Post Evacuate Collection Set: 0.71ms
[242.832s][info][gc,phases      ] GC(532)   Other: 0.11ms
[242.832s][info][gc,heap        ] GC(532) Eden regions: 359->0(366)
[242.832s][info][gc,heap        ] GC(532) Survivor regions: 56->13(52)
[242.832s][info][gc,heap        ] GC(532) Old regions: 449->506
[242.832s][info][gc,heap        ] GC(532) Humongous regions: 8->8
[242.832s][info][gc,metaspace   ] GC(532) Metaspace: 18554K(18752K)->18554K(18752K) NonClass: 16726K(16896K)->16726K(16896K) Class: 1828K(1856K)->1828K(1856K)
[242.832s][info][gc             ] GC(532) Pause Young (Normal) (G1 Evacuation Pause) 871M->525M(978M) 81.698ms
[242.832s][info][gc,cpu         ] GC(532) User=0.16s Sys=0.00s Real=0.08s
[243.147s][info][gc,marking     ] GC(531) Concurrent Mark From Roots 681.448ms
[243.147s][info][gc,marking     ] GC(531) Concurrent Preclean
[243.147s][info][gc,marking     ] GC(531) Concurrent Preclean 0.037ms
[243.147s][info][gc,start       ] GC(531) Pause Remark
[243.155s][info][gc             ] GC(531) Pause Remark 700M->560M(978M) 7.863ms
[243.155s][info][gc,cpu         ] GC(531) User=0.01s Sys=0.00s Real=0.01s
[243.155s][info][gc,marking     ] GC(531) Concurrent Mark 689.707ms
[243.155s][info][gc,marking     ] GC(531) Concurrent Rebuild Remembered Sets and Scrub Regions
[243.333s][info][gc,start       ] GC(533) Pause Young (Normal) (G1 Evacuation Pause)
[243.333s][info][gc,task        ] GC(533) Using 2 workers of 2 for evacuation
[243.398s][info][gc,phases      ] GC(533)   Pre Evacuate Collection Set: 0.31ms
[243.398s][info][gc,phases      ] GC(533)   Merge Heap Roots: 0.56ms
[243.398s][info][gc,phases      ] GC(533)   Evacuate Collection Set: 63.35ms
[243.398s][info][gc,phases      ] GC(533)   Post Evacuate Collection Set: 0.65ms
[243.398s][info][gc,phases      ] GC(533)   Other: 0.12ms
[243.398s][info][gc,heap        ] GC(533) Eden regions: 366->0(439)
[243.398s][info][gc,heap        ] GC(533) Survivor regions: 13->43(48)
[243.398s][info][gc,heap        ] GC(533) Old regions: 370->370
[243.398s][info][gc,heap        ] GC(533) Humongous regions: 4->4
[243.398s][info][gc,metaspace   ] GC(533) Metaspace: 18556K(18752K)->18556K(18752K) NonClass: 16728K(16896K)->16728K(16896K) Class: 1828K(1856K)->1828K(1856K)
[243.398s][info][gc             ] GC(533) Pause Young (Normal) (G1 Evacuation Pause) 751M->415M(978M) 65.285ms
[243.398s][info][gc,cpu         ] GC(533) User=0.12s Sys=0.00s Real=0.07s
[243.539s][info][gc,marking     ] GC(531) Concurrent Rebuild Remembered Sets and Scrub Regions 383.769ms
[243.539s][info][gc,start       ] GC(531) Pause Cleanup
[243.539s][info][gc             ] GC(531) Pause Cleanup 535M->535M(978M) 0.139ms
[243.539s][info][gc,cpu         ] GC(531) User=0.00s Sys=0.00s Real=0.00s
[243.539s][info][gc,marking     ] GC(531) Concurrent Clear Claimed Marks
[243.539s][info][gc,marking     ] GC(531) Concurrent Clear Claimed Marks 0.035ms
[243.539s][info][gc,marking     ] GC(531) Concurrent Cleanup for Next Mark
[243.544s][info][gc,marking     ] GC(531) Concurrent Cleanup for Next Mark 4.994ms
[243.544s][info][gc             ] GC(531) Concurrent Mark Cycle 1216.009ms
[244.345s][info][gc,start       ] GC(534) Pause Young (Prepare Mixed) (G1 Evacuation Pause)
[244.345s][info][gc,task        ] GC(534) Using 2 workers of 2 for evacuation
[244.421s][info][gc,phases      ] GC(534)   Pre Evacuate Collection Set: 0.34ms
[244.421s][info][gc,phases      ] GC(534)   Merge Heap Roots: 0.46ms
[244.421s][info][gc,phases      ] GC(534)   Evacuate Collection Set: 74.39ms
[244.421s][info][gc,phases      ] GC(534)   Post Evacuate Collection Set: 0.71ms
[244.421s][info][gc,phases      ] GC(534)   Other: 0.13ms
[244.421s][info][gc,heap        ] GC(534) Eden regions: 439->0(225)
[244.421s][info][gc,heap        ] GC(534) Survivor regions: 43->17(61)
[244.421s][info][gc,heap        ] GC(534) Old regions: 370->413
[244.421s][info][gc,heap        ] GC(534) Humongous regions: 4->4
[244.421s][info][gc,metaspace   ] GC(534) Metaspace: 18556K(18752K)->18556K(18752K) NonClass: 16728K(16896K)->16728K(16896K) Class: 1828K(1856K)->1828K(1856K)
[244.421s][info][gc             ] GC(534) Pause Young (Prepare Mixed) (G1 Evacuation Pause) 854M->433M(978M) 76.318ms
[244.421s][info][gc,cpu         ] GC(534) User=0.15s Sys=0.00s Real=0.07s
[245.007s][info][gc,start       ] GC(535) Pause Young (Mixed) (G1 Evacuation Pause)
[245.007s][info][gc,task        ] GC(535) Using 2 workers of 2 for evacuation
[245.030s][info][gc,phases      ] GC(535)   Pre Evacuate Collection Set: 0.36ms
[245.030s][info][gc,phases      ] GC(535)   Merge Heap Roots: 0.20ms
[245.030s][info][gc,phases      ] GC(535)   Evacuate Collection Set: 21.19ms
[245.030s][info][gc,phases      ] GC(535)   Post Evacuate Collection Set: 0.52ms
[245.030s][info][gc,phases      ] GC(535)   Other: 0.11ms
[245.030s][info][gc,heap        ] GC(535) Eden regions: 242->0(321)
[245.030s][info][gc,heap        ] GC(535) Survivor regions: 17->17(33)
[245.030s][info][gc,heap        ] GC(535) Old regions: 413->410
[245.030s][info][gc,heap        ] GC(535) Humongous regions: 4->4
[245.030s][info][gc,metaspace   ] GC(535) Metaspace: 18556K(18752K)->18556K(18752K) NonClass: 16728K(16896K)->16728K(16896K) Class: 1828K(1856K)->1828K(1856K)
[245.030s][info][gc             ] GC(535) Pause Young (Mixed) (G1 Evacuation Pause) 675M->429M(978M) 22.609ms
[245.030s][info][gc,cpu         ] GC(535) User=0.04s Sys=0.00s Real=0.02s
[245.758s][info][gc,start       ] GC(536) Pause Young (Mixed) (G1 Evacuation Pause)
[245.759s][info][gc,task        ] GC(536) Using 2 workers of 2 for evacuation
[245.805s][info][gc,phases      ] GC(536)   Pre Evacuate Collection Set: 0.56ms
[245.805s][info][gc,phases      ] GC(536)   Merge Heap Roots: 0.25ms
[245.805s][info][gc,phases      ] GC(536)   Evacuate Collection Set: 44.79ms
[245.805s][info][gc,phases      ] GC(536)   Merge Optional Heap Roots: 0.05ms
[245.805s][info][gc,phases      ] GC(536)   Evacuate Optional Collection Set: 0.04ms
[245.805s][info][gc,phases      ] GC(536)   Post Evacuate Collection Set: 0.76ms
[245.805s][info][gc,phases      ] GC(536)   Other: 0.14ms
[245.805s][info][gc,heap        ] GC(536) Eden regions: 329->0(87)
[245.805s][info][gc,heap        ] GC(536) Survivor regions: 17->40(44)
[245.805s][info][gc,heap        ] GC(536) Old regions: 410->399
[245.805s][info][gc,heap        ] GC(536) Humongous regions: 4->4
[245.805s][info][gc,metaspace   ] GC(536) Metaspace: 18556K(18752K)->18556K(18752K) NonClass: 16728K(16896K)->16728K(16896K) Class: 1828K(1856K)->1828K(1856K)
[245.805s][info][gc             ] GC(536) Pause Young (Mixed) (G1 Evacuation Pause) 758M->441M(978M) 46.878ms
[245.805s][info][gc,cpu         ] GC(536) User=0.09s Sys=0.00s Real=0.05s
[245.891s][info][gc,start       ] GC(537) Pause Young (Mixed) (G1 Evacuation Pause)
[245.891s][info][gc,task        ] GC(537) Using 2 workers of 2 for evacuation
[245.974s][info][gc,phases      ] GC(537)   Pre Evacuate Collection Set: 0.59ms
[245.974s][info][gc,phases      ] GC(537)   Merge Heap Roots: 0.21ms
[245.974s][info][gc,phases      ] GC(537)   Evacuate Collection Set: 81.56ms
[245.974s][info][gc,phases      ] GC(537)   Post Evacuate Collection Set: 0.65ms
[245.974s][info][gc,phases      ] GC(537)   Other: 0.11ms
[245.974s][info][gc,heap        ] GC(537) Eden regions: 115->0(284)
[245.974s][info][gc,heap        ] GC(537) Survivor regions: 40->20(20)
[245.974s][info][gc,heap        ] GC(537) Old regions: 399->450
[245.974s][info][gc,heap        ] GC(537) Humongous regions: 4->4
[245.974s][info][gc,metaspace   ] GC(537) Metaspace: 18556K(18752K)->18556K(18752K) NonClass: 16728K(16896K)->16728K(16896K) Class: 1828K(1856K)->1828K(1856K)
[245.974s][info][gc             ] GC(537) Pause Young (Mixed) (G1 Evacuation Pause) 556M->472M(978M) 83.390ms
[245.974s][info][gc,cpu         ] GC(537) User=0.17s Sys=0.00s Real=0.09s
[246.229s][info][gc,start       ] GC(538) Pause Young (Mixed) (G1 Evacuation Pause)
[246.229s][info][gc,task        ] GC(538) Using 2 workers of 2 for evacuation
[246.333s][info][gc,phases      ] GC(538)   Pre Evacuate Collection Set: 0.32ms
[246.333s][info][gc,phases      ] GC(538)   Merge Heap Roots: 0.34ms
[246.333s][info][gc,phases      ] GC(538)   Evacuate Collection Set: 102.16ms
[246.333s][info][gc,phases      ] GC(538)   Post Evacuate Collection Set: 0.81ms
[246.333s][info][gc,phases      ] GC(538)   Other: 0.11ms
[246.333s][info][gc,heap        ] GC(538) Eden regions: 229->0(289)
[246.333s][info][gc,heap        ] GC(538) Survivor regions: 20->32(32)
[246.333s][info][gc,heap        ] GC(538) Old regions: 450->513
[246.333s][info][gc,heap        ] GC(538) Humongous regions: 4->4
[246.333s][info][gc,metaspace   ] GC(538) Metaspace: 18556K(18752K)->18556K(18752K) NonClass: 16728K(16896K)->16728K(16896K) Class: 1828K(1856K)->1828K(1856K)
[246.333s][info][gc             ] GC(538) Pause Young (Mixed) (G1 Evacuation Pause) 701M->547M(978M) 104.018ms
[246.333s][info][gc,cpu         ] GC(538) User=0.21s Sys=0.00s Real=0.10s
[247.022s][info][gc,start       ] GC(539) Pause Young (Concurrent Start) (G1 Evacuation Pause)
[247.022s][info][gc,task        ] GC(539) Using 2 workers of 2 for evacuation
[247.094s][info][gc,phases      ] GC(539)   Pre Evacuate Collection Set: 0.34ms
[247.094s][info][gc,phases      ] GC(539)   Merge Heap Roots: 0.70ms
[247.094s][info][gc,phases      ] GC(539)   Evacuate Collection Set: 69.81ms
[247.094s][info][gc,phases      ] GC(539)   Post Evacuate Collection Set: 0.90ms
[247.094s][info][gc,phases      ] GC(539)   Other: 0.12ms
[247.094s][info][gc,heap        ] GC(539) Eden regions: 289->0(300)
[247.094s][info][gc,heap        ] GC(539) Survivor regions: 32->10(41)
[247.094s][info][gc,heap        ] GC(539) Old regions: 513->545
[247.094s][info][gc,heap        ] GC(539) Humongous regions: 4->4
[247.094s][info][gc,metaspace   ] GC(539) Metaspace: 18564K(18752K)->18564K(18752K) NonClass: 16736K(16896K)->16736K(16896K) Class: 1828K(1856K)->1828K(1856K)
[247.095s][info][gc             ] GC(539) Pause Young (Concurrent Start) (G1 Evacuation Pause) 836M->558M(978M) 72.171ms
[247.095s][info][gc             ] GC(540) Concurrent Mark Cycle
[247.095s][info][gc,marking     ] GC(540) Concurrent Scan Root Regions
[247.095s][info][gc,cpu         ] GC(539) User=0.15s Sys=0.00s Real=0.08s
[247.156s][info][gc,marking     ] GC(540) Concurrent Scan Root Regions 61.737ms
[247.156s][info][gc,marking     ] GC(540) Concurrent Mark
[247.156s][info][gc,marking     ] GC(540) Concurrent Mark From Roots
[247.156s][info][gc,task        ] GC(540) Using 1 workers of 1 for marking
[247.897s][info][gc,start       ] GC(541) Pause Young (Normal) (G1 Evacuation Pause)
[247.897s][info][gc,task        ] GC(541) Using 2 workers of 2 for evacuation
[248.048s][info][gc,phases      ] GC(541)   Pre Evacuate Collection Set: 0.32ms
[248.049s][info][gc,phases      ] GC(541)   Merge Heap Roots: 0.89ms
[248.049s][info][gc,phases      ] GC(541)   Evacuate Collection Set: 148.95ms
[248.049s][info][gc,phases      ] GC(541)   Post Evacuate Collection Set: 0.93ms
[248.049s][info][gc,phases      ] GC(541)   Other: 0.11ms
[248.049s][info][gc,heap        ] GC(541) Eden regions: 300->0(210)
[248.049s][info][gc,heap        ] GC(541) Survivor regions: 10->39(39)
[248.049s][info][gc,heap        ] GC(541) Old regions: 545->607
[248.049s][info][gc,heap        ] GC(541) Humongous regions: 10->10
[248.049s][info][gc,metaspace   ] GC(541) Metaspace: 18566K(18752K)->18566K(18752K) NonClass: 16737K(16896K)->16737K(16896K) Class: 1828K(1856K)->1828K(1856K)
[248.049s][info][gc             ] GC(541) Pause Young (Normal) (G1 Evacuation Pause) 864M->655M(978M) 151.493ms
[248.049s][info][gc,cpu         ] GC(541) User=0.30s Sys=0.00s Real=0.15s
[248.769s][info][gc,start       ] GC(542) Pause Young (Normal) (G1 Evacuation Pause)
[248.769s][info][gc,task        ] GC(542) Using 2 workers of 2 for evacuation
[248.864s][info][gc,phases      ] GC(542)   Pre Evacuate Collection Set: 0.57ms
[248.864s][info][gc,phases      ] GC(542)   Merge Heap Roots: 0.62ms
[248.864s][info][gc,phases      ] GC(542)   Evacuate Collection Set: 93.37ms
[248.865s][info][gc,phases      ] GC(542)   Post Evacuate Collection Set: 0.64ms
[248.865s][info][gc,phases      ] GC(542)   Other: 0.13ms
[248.865s][info][gc,heap        ] GC(542) Eden regions: 210->0(208)
[248.865s][info][gc,heap        ] GC(542) Survivor regions: 39->13(32)
[248.865s][info][gc,heap        ] GC(542) Old regions: 607->647
[248.865s][info][gc,heap        ] GC(542) Humongous regions: 13->13
[248.865s][info][gc,metaspace   ] GC(542) Metaspace: 18566K(18752K)->18566K(18752K) NonClass: 16737K(16896K)->16737K(16896K) Class: 1828K(1856K)->1828K(1856K)
[248.865s][info][gc             ] GC(542) Pause Young (Normal) (G1 Evacuation Pause) 868M->671M(978M) 95.610ms
[248.865s][info][gc,cpu         ] GC(542) User=0.19s Sys=0.00s Real=0.10s
[249.043s][info][gc,marking     ] GC(540) Concurrent Mark From Roots 1886.562ms
[249.043s][info][gc,marking     ] GC(540) Concurrent Preclean
[249.043s][info][gc,marking     ] GC(540) Concurrent Preclean 0.033ms
[249.043s][info][gc,start       ] GC(540) Pause Remark
[249.052s][info][gc             ] GC(540) Pause Remark 714M->714M(978M) 8.864ms
[249.052s][info][gc,cpu         ] GC(540) User=0.02s Sys=0.00s Real=0.01s
[249.052s][info][gc,marking     ] GC(540) Concurrent Mark 1895.856ms
[249.052s][info][gc,marking     ] GC(540) Concurrent Rebuild Remembered Sets and Scrub Regions
[249.456s][info][gc,start       ] GC(543) Pause Young (Normal) (G1 Evacuation Pause)
[249.456s][info][gc,task        ] GC(543) Using 2 workers of 2 for evacuation
[249.487s][info][gc,phases      ] GC(543)   Pre Evacuate Collection Set: 0.58ms
[249.487s][info][gc,phases      ] GC(543)   Merge Heap Roots: 0.34ms
[249.487s][info][gc,phases      ] GC(543)   Evacuate Collection Set: 29.70ms
[249.487s][info][gc,phases      ] GC(543)   Post Evacuate Collection Set: 0.56ms
[249.487s][info][gc,phases      ] GC(543)   Other: 0.18ms
[249.487s][info][gc,heap        ] GC(543) Eden regions: 208->0(221)
[249.487s][info][gc,heap        ] GC(543) Survivor regions: 13->13(28)
[249.487s][info][gc,heap        ] GC(543) Old regions: 647->647
[249.487s][info][gc,heap        ] GC(543) Humongous regions: 13->13
[249.487s][info][gc,metaspace   ] GC(543) Metaspace: 18566K(18752K)->18566K(18752K) NonClass: 16737K(16896K)->16737K(16896K) Class: 1828K(1856K)->1828K(1856K)
[249.487s][info][gc             ] GC(543) Pause Young (Normal) (G1 Evacuation Pause) 879M->671M(978M) 31.668ms
[249.487s][info][gc,cpu         ] GC(543) User=0.06s Sys=0.00s Real=0.03s
[249.799s][info][gc,marking     ] GC(540) Concurrent Rebuild Remembered Sets and Scrub Regions 746.310ms
[249.799s][info][gc,start       ] GC(540) Pause Cleanup
[249.799s][info][gc             ] GC(540) Pause Cleanup 794M->794M(978M) 0.119ms
[249.799s][info][gc,cpu         ] GC(540) User=0.00s Sys=0.00s Real=0.00s
[249.800s][info][gc,marking     ] GC(540) Concurrent Clear Claimed Marks
[249.800s][info][gc,marking     ] GC(540) Concurrent Clear Claimed Marks 0.035ms
[249.800s][info][gc,marking     ] GC(540) Concurrent Cleanup for Next Mark
[249.805s][info][gc,marking     ] GC(540) Concurrent Cleanup for Next Mark 5.018ms
[249.805s][info][gc             ] GC(540) Concurrent Mark Cycle 2710.700ms
[249.968s][info][gc,start       ] GC(544) Pause Young (Prepare Mixed) (G1 Evacuation Pause)
[249.968s][info][gc,task        ] GC(544) Using 2 workers of 2 for evacuation
[249.999s][info][gc,phases      ] GC(544)   Pre Evacuate Collection Set: 0.56ms
[249.999s][info][gc,phases      ] GC(544)   Merge Heap Roots: 0.53ms
[249.999s][info][gc,phases      ] GC(544)   Evacuate Collection Set: 29.35ms
[249.999s][info][gc,phases      ] GC(544)   Post Evacuate Collection Set: 0.61ms
[249.999s][info][gc,phases      ] GC(544)   Other: 0.11ms
[249.999s][info][gc,heap        ] GC(544) Eden regions: 221->0(234)
[249.999s][info][gc,heap        ] GC(544) Survivor regions: 13->13(30)
[249.999s][info][gc,heap        ] GC(544) Old regions: 647->647
[249.999s][info][gc,heap        ] GC(544) Humongous regions: 13->13
[249.999s][info][gc,metaspace   ] GC(544) Metaspace: 18566K(18752K)->18566K(18752K) NonClass: 16737K(16896K)->16737K(16896K) Class: 1828K(1856K)->1828K(1856K)
[249.999s][info][gc             ] GC(544) Pause Young (Prepare Mixed) (G1 Evacuation Pause) 892M->671M(978M) 31.422ms
[249.999s][info][gc,cpu         ] GC(544) User=0.06s Sys=0.00s Real=0.03s
[250.406s][info][gc,start       ] GC(545) Pause Young (Mixed) (G1 Evacuation Pause)
[250.406s][info][gc,task        ] GC(545) Using 2 workers of 2 for evacuation
[250.440s][info][gc,phases      ] GC(545)   Pre Evacuate Collection Set: 0.35ms
[250.440s][info][gc,phases      ] GC(545)   Merge Heap Roots: 0.36ms
[250.440s][info][gc,phases      ] GC(545)   Evacuate Collection Set: 32.46ms
[250.440s][info][gc,phases      ] GC(545)   Post Evacuate Collection Set: 0.62ms
[250.440s][info][gc,phases      ] GC(545)   Other: 0.10ms
[250.440s][info][gc,heap        ] GC(545) Eden regions: 234->0(252)
[250.440s][info][gc,heap        ] GC(545) Survivor regions: 13->13(31)
[250.440s][info][gc,heap        ] GC(545) Old regions: 647->637
[250.440s][info][gc,heap        ] GC(545) Humongous regions: 13->13
[250.440s][info][gc,metaspace   ] GC(545) Metaspace: 18566K(18752K)->18566K(18752K) NonClass: 16737K(16896K)->16737K(16896K) Class: 1828K(1856K)->1828K(1856K)
[250.440s][info][gc             ] GC(545) Pause Young (Mixed) (G1 Evacuation Pause) 905M->661M(978M) 34.153ms
[250.440s][info][gc,cpu         ] GC(545) User=0.07s Sys=0.00s Real=0.03s
[250.879s][info][gc,start       ] GC(546) Pause Young (Concurrent Start) (G1 Evacuation Pause)
[250.879s][info][gc,task        ] GC(546) Using 2 workers of 2 for evacuation
[250.910s][info][gc,phases      ] GC(546)   Pre Evacuate Collection Set: 0.38ms
[250.910s][info][gc,phases      ] GC(546)   Merge Heap Roots: 0.35ms
[250.910s][info][gc,phases      ] GC(546)   Evacuate Collection Set: 29.63ms
[250.910s][info][gc,phases      ] GC(546)   Post Evacuate Collection Set: 0.63ms
[250.910s][info][gc,phases      ] GC(546)   Other: 0.11ms
[250.910s][info][gc,heap        ] GC(546) Eden regions: 252->0(252)
[250.910s][info][gc,heap        ] GC(546) Survivor regions: 13->13(34)
[250.910s][info][gc,heap        ] GC(546) Old regions: 637->637
[250.910s][info][gc,heap        ] GC(546) Humongous regions: 13->13
[250.911s][info][gc,metaspace   ] GC(546) Metaspace: 18566K(18752K)->18566K(18752K) NonClass: 16737K(16896K)->16737K(16896K) Class: 1828K(1856K)->1828K(1856K)
[250.911s][info][gc             ] GC(546) Pause Young (Concurrent Start) (G1 Evacuation Pause) 913M->661M(978M) 31.388ms
[250.911s][info][gc,cpu         ] GC(546) User=0.06s Sys=0.00s Real=0.03s
[250.911s][info][gc             ] GC(547) Concurrent Mark Cycle
[250.911s][info][gc,marking     ] GC(547) Concurrent Scan Root Regions
[250.955s][info][gc,marking     ] GC(547) Concurrent Scan Root Regions 44.604ms
[250.955s][info][gc,marking     ] GC(547) Concurrent Mark
[250.955s][info][gc,marking     ] GC(547) Concurrent Mark From Roots
[250.955s][info][gc,task        ] GC(547) Using 1 workers of 1 for marking
[251.864s][info][gc,start       ] GC(548) Pause Young (Normal) (G1 Evacuation Pause)
[251.864s][info][gc,task        ] GC(548) Using 2 workers of 2 for evacuation
[251.922s][info][gc,phases      ] GC(548)   Pre Evacuate Collection Set: 0.33ms
[251.922s][info][gc,phases      ] GC(548)   Merge Heap Roots: 0.35ms
[251.922s][info][gc,phases      ] GC(548)   Evacuate Collection Set: 57.24ms
[251.922s][info][gc,phases      ] GC(548)   Post Evacuate Collection Set: 0.68ms
[251.922s][info][gc,phases      ] GC(548)   Other: 0.09ms
[251.922s][info][gc,heap        ] GC(548) Eden regions: 252->0(224)
[251.922s][info][gc,heap        ] GC(548) Survivor regions: 13->27(34)
[251.922s][info][gc,heap        ] GC(548) Old regions: 637->637
[251.922s][info][gc,heap        ] GC(548) Humongous regions: 13->13
[251.922s][info][gc,metaspace   ] GC(548) Metaspace: 18566K(18752K)->18566K(18752K) NonClass: 16737K(16896K)->16737K(16896K) Class: 1828K(1856K)->1828K(1856K)
[251.923s][info][gc             ] GC(548) Pause Young (Normal) (G1 Evacuation Pause) 913M->675M(978M) 59.001ms
[251.923s][info][gc,cpu         ] GC(548) User=0.12s Sys=0.00s Real=0.06s
[252.224s][info][gc,marking     ] GC(547) Concurrent Mark From Roots 1268.937ms
[252.224s][info][gc,marking     ] GC(547) Concurrent Preclean
[252.224s][info][gc,marking     ] GC(547) Concurrent Preclean 0.037ms
[252.225s][info][gc,start       ] GC(547) Pause Remark
[252.233s][info][gc             ] GC(547) Pause Remark 808M->743M(978M) 8.146ms
[252.233s][info][gc,cpu         ] GC(547) User=0.01s Sys=0.00s Real=0.00s
[252.233s][info][gc,marking     ] GC(547) Concurrent Mark 1277.454ms
[252.233s][info][gc,marking     ] GC(547) Concurrent Rebuild Remembered Sets and Scrub Regions
[252.378s][info][gc,start       ] GC(549) Pause Young (Normal) (G1 Evacuation Pause)
[252.378s][info][gc,task        ] GC(549) Using 2 workers of 2 for evacuation
[252.450s][info][gc,phases      ] GC(549)   Pre Evacuate Collection Set: 0.30ms
[252.450s][info][gc,phases      ] GC(549)   Merge Heap Roots: 0.32ms
[252.450s][info][gc,phases      ] GC(549)   Evacuate Collection Set: 69.89ms
[252.450s][info][gc,phases      ] GC(549)   Post Evacuate Collection Set: 0.50ms
[252.450s][info][gc,phases      ] GC(549)   Other: 0.12ms
[252.450s][info][gc,heap        ] GC(549) Eden regions: 224->0(267)
[252.450s][info][gc,heap        ] GC(549) Survivor regions: 27->32(32)
[252.450s][info][gc,heap        ] GC(549) Old regions: 577->590
[252.450s][info][gc,heap        ] GC(549) Humongous regions: 7->7
[252.450s][info][gc,metaspace   ] GC(549) Metaspace: 18566K(18752K)->18566K(18752K) NonClass: 16737K(16896K)->16737K(16896K) Class: 1828K(1856K)->1828K(1856K)
[252.450s][info][gc             ] GC(549) Pause Young (Normal) (G1 Evacuation Pause) 834M->628M(978M) 71.366ms
[252.450s][info][gc,cpu         ] GC(549) User=0.14s Sys=0.00s Real=0.07s
[252.803s][info][gc,marking     ] GC(547) Concurrent Rebuild Remembered Sets and Scrub Regions 570.427ms
[252.803s][info][gc,start       ] GC(547) Pause Cleanup
[252.804s][info][gc             ] GC(547) Pause Cleanup 866M->866M(978M) 0.200ms
[252.804s][info][gc,cpu         ] GC(547) User=0.01s Sys=0.00s Real=0.00s
[252.804s][info][gc,marking     ] GC(547) Concurrent Clear Claimed Marks
[252.804s][info][gc,marking     ] GC(547) Concurrent Clear Claimed Marks 0.036ms
[252.804s][info][gc,marking     ] GC(547) Concurrent Cleanup for Next Mark
[252.809s][info][gc,marking     ] GC(547) Concurrent Cleanup for Next Mark 5.396ms
[252.809s][info][gc             ] GC(547) Concurrent Mark Cycle 1898.662ms
[252.841s][info][gc,start       ] GC(550) Pause Young (Prepare Mixed) (G1 Evacuation Pause)
[252.841s][info][gc,task        ] GC(550) Using 2 workers of 2 for evacuation
[252.887s][info][gc,phases      ] GC(550)   Pre Evacuate Collection Set: 0.29ms
[252.887s][info][gc,phases      ] GC(550)   Merge Heap Roots: 0.22ms
[252.887s][info][gc,phases      ] GC(550)   Evacuate Collection Set: 45.02ms
[252.887s][info][gc,phases      ] GC(550)   Post Evacuate Collection Set: 0.53ms
[252.887s][info][gc,phases      ] GC(550)   Other: 0.09ms
[252.887s][info][gc,heap        ] GC(550) Eden regions: 267->0(264)
[252.887s][info][gc,heap        ] GC(550) Survivor regions: 32->26(38)
[252.887s][info][gc,heap        ] GC(550) Old regions: 590->605
[252.887s][info][gc,heap        ] GC(550) Humongous regions: 7->7
[252.887s][info][gc,metaspace   ] GC(550) Metaspace: 18569K(18752K)->18569K(18752K) NonClass: 16741K(16896K)->16741K(16896K) Class: 1828K(1856K)->1828K(1856K)
[252.887s][info][gc             ] GC(550) Pause Young (Prepare Mixed) (G1 Evacuation Pause) 895M->636M(978M) 46.386ms
[252.887s][info][gc,cpu         ] GC(550) User=0.09s Sys=0.00s Real=0.05s
[253.379s][info][gc,start       ] GC(551) Pause Young (Mixed) (G1 Evacuation Pause)
[253.379s][info][gc,task        ] GC(551) Using 2 workers of 2 for evacuation
[253.434s][info][gc,phases      ] GC(551)   Pre Evacuate Collection Set: 0.37ms
[253.434s][info][gc,phases      ] GC(551)   Merge Heap Roots: 0.51ms
[253.434s][info][gc,phases      ] GC(551)   Evacuate Collection Set: 52.94ms
[253.434s][info][gc,phases      ] GC(551)   Post Evacuate Collection Set: 0.77ms
[253.434s][info][gc,phases      ] GC(551)   Other: 0.13ms
[253.434s][info][gc,heap        ] GC(551) Eden regions: 264->0(352)
[253.434s][info][gc,heap        ] GC(551) Survivor regions: 26->11(37)
[253.434s][info][gc,heap        ] GC(551) Old regions: 605->538
[253.434s][info][gc,heap        ] GC(551) Humongous regions: 7->7
[253.434s][info][gc,metaspace   ] GC(551) Metaspace: 18569K(18752K)->18569K(18752K) NonClass: 16741K(16896K)->16741K(16896K) Class: 1828K(1856K)->1828K(1856K)
[253.434s][info][gc             ] GC(551) Pause Young (Mixed) (G1 Evacuation Pause) 900M->554M(978M) 54.984ms
[253.434s][info][gc,cpu         ] GC(551) User=0.11s Sys=0.00s Real=0.05s
[254.206s][info][gc,start       ] GC(552) Pause Young (Mixed) (G1 Evacuation Pause)
[254.206s][info][gc,task        ] GC(552) Using 2 workers of 2 for evacuation
[254.279s][info][gc,phases      ] GC(552)   Pre Evacuate Collection Set: 0.57ms
[254.279s][info][gc,phases      ] GC(552)   Merge Heap Roots: 0.90ms
[254.279s][info][gc,phases      ] GC(552)   Evacuate Collection Set: 45.23ms
[254.279s][info][gc,phases      ] GC(552)   Merge Optional Heap Roots: 0.39ms
[254.279s][info][gc,phases      ] GC(552)   Evacuate Optional Collection Set: 25.44ms
[254.279s][info][gc,phases      ] GC(552)   Post Evacuate Collection Set: 0.93ms
[254.279s][info][gc,phases      ] GC(552)   Other: 0.13ms
[254.279s][info][gc,heap        ] GC(552) Eden regions: 352->0(370)
[254.279s][info][gc,heap        ] GC(552) Survivor regions: 11->11(46)
[254.280s][info][gc,heap        ] GC(552) Old regions: 538->529
[254.280s][info][gc,heap        ] GC(552) Humongous regions: 7->7
[254.280s][info][gc,metaspace   ] GC(552) Metaspace: 18569K(18752K)->18569K(18752K) NonClass: 16741K(16896K)->16741K(16896K) Class: 1828K(1856K)->1828K(1856K)
[254.280s][info][gc             ] GC(552) Pause Young (Mixed) (G1 Evacuation Pause) 906M->546M(978M) 73.881ms
[254.280s][info][gc,cpu         ] GC(552) User=0.15s Sys=0.00s Real=0.07s
[254.736s][info][gc,start       ] GC(553) Pause Young (Concurrent Start) (G1 Evacuation Pause)
[254.736s][info][gc,task        ] GC(553) Using 2 workers of 2 for evacuation
[254.811s][info][gc,phases      ] GC(553)   Pre Evacuate Collection Set: 0.31ms
[254.811s][info][gc,phases      ] GC(553)   Merge Heap Roots: 0.41ms
[254.811s][info][gc,phases      ] GC(553)   Evacuate Collection Set: 72.82ms
[254.811s][info][gc,phases      ] GC(553)   Post Evacuate Collection Set: 0.89ms
[254.811s][info][gc,phases      ] GC(553)   Other: 0.17ms
[254.811s][info][gc,heap        ] GC(553) Eden regions: 370->0(280)
[254.811s][info][gc,heap        ] GC(553) Survivor regions: 11->48(48)
[254.811s][info][gc,heap        ] GC(553) Old regions: 529->545
[254.811s][info][gc,heap        ] GC(553) Humongous regions: 7->7
[254.811s][info][gc,metaspace   ] GC(553) Metaspace: 18569K(18752K)->18569K(18752K) NonClass: 16741K(16896K)->16741K(16896K) Class: 1828K(1856K)->1828K(1856K)
[254.811s][info][gc             ] GC(553) Pause Young (Concurrent Start) (G1 Evacuation Pause) (Evacuation Failure: Allocation) 916M->599M(978M) 74.888ms
[254.811s][info][gc,cpu         ] GC(553) User=0.15s Sys=0.00s Real=0.07s
[254.811s][info][gc             ] GC(554) Concurrent Mark Cycle
[254.811s][info][gc,marking     ] GC(554) Concurrent Scan Root Regions
[254.902s][info][gc,marking     ] GC(554) Concurrent Scan Root Regions 90.860ms
[254.902s][info][gc,marking     ] GC(554) Concurrent Mark
[254.902s][info][gc,marking     ] GC(554) Concurrent Mark From Roots
[254.902s][info][gc,task        ] GC(554) Using 1 workers of 1 for marking
[255.815s][info][gc,start       ] GC(555) Pause Young (Normal) (G1 Evacuation Pause)
[255.815s][info][gc,task        ] GC(555) Using 2 workers of 2 for evacuation
[255.914s][info][gc,phases      ] GC(555)   Pre Evacuate Collection Set: 0.57ms
[255.914s][info][gc,phases      ] GC(555)   Merge Heap Roots: 0.44ms
[255.914s][info][gc,phases      ] GC(555)   Evacuate Collection Set: 97.48ms
[255.914s][info][gc,phases      ] GC(555)   Post Evacuate Collection Set: 0.64ms
[255.914s][info][gc,phases      ] GC(555)   Other: 0.12ms
[255.914s][info][gc,heap        ] GC(555) Eden regions: 280->0(263)
[255.914s][info][gc,heap        ] GC(555) Survivor regions: 48->32(41)
[255.914s][info][gc,heap        ] GC(555) Old regions: 545->591
[255.914s][info][gc,heap        ] GC(555) Humongous regions: 10->10
[255.914s][info][gc,metaspace   ] GC(555) Metaspace: 18580K(18752K)->18580K(18752K) NonClass: 16752K(16896K)->16752K(16896K) Class: 1828K(1856K)->1828K(1856K)
[255.914s][info][gc             ] GC(555) Pause Young (Normal) (G1 Evacuation Pause) 882M->632M(978M) 99.519ms
[255.914s][info][gc,cpu         ] GC(555) User=0.20s Sys=0.00s Real=0.09s
[256.525s][info][gc,marking     ] GC(554) Concurrent Mark From Roots 1623.064ms
[256.525s][info][gc,marking     ] GC(554) Concurrent Preclean
[256.525s][info][gc,marking     ] GC(554) Concurrent Preclean 0.032ms
[256.526s][info][gc,start       ] GC(554) Pause Remark
[256.533s][info][gc             ] GC(554) Pause Remark 792M->792M(978M) 7.858ms
[256.533s][info][gc,cpu         ] GC(554) User=0.01s Sys=0.00s Real=0.00s
[256.534s][info][gc,marking     ] GC(554) Concurrent Mark 1632.081ms
[256.534s][info][gc,marking     ] GC(554) Concurrent Rebuild Remembered Sets and Scrub Regions
[256.786s][info][gc,start       ] GC(556) Pause Young (Normal) (G1 Evacuation Pause)
[256.786s][info][gc,task        ] GC(556) Using 2 workers of 2 for evacuation
[256.832s][info][gc,phases      ] GC(556)   Pre Evacuate Collection Set: 0.34ms
[256.832s][info][gc,phases      ] GC(556)   Merge Heap Roots: 0.36ms
[256.832s][info][gc,phases      ] GC(556)   Evacuate Collection Set: 44.51ms
[256.832s][info][gc,phases      ] GC(556)   Post Evacuate Collection Set: 0.51ms
[256.832s][info][gc,phases      ] GC(556)   Other: 0.11ms
[256.832s][info][gc,heap        ] GC(556) Eden regions: 263->0(276)
[256.832s][info][gc,heap        ] GC(556) Survivor regions: 32->1(37)
[256.832s][info][gc,heap        ] GC(556) Old regions: 591->623
[256.832s][info][gc,heap        ] GC(556) Humongous regions: 10->10
[256.832s][info][gc,metaspace   ] GC(556) Metaspace: 18580K(18752K)->18580K(18752K) NonClass: 16752K(16896K)->16752K(16896K) Class: 1828K(1856K)->1828K(1856K)
[256.832s][info][gc             ] GC(556) Pause Young (Normal) (G1 Evacuation Pause) 895M->633M(978M) 46.081ms
[256.832s][info][gc,cpu         ] GC(556) User=0.09s Sys=0.00s Real=0.04s
[257.328s][info][gc,marking     ] GC(554) Concurrent Rebuild Remembered Sets and Scrub Regions 793.266ms
[257.328s][info][gc,start       ] GC(554) Pause Cleanup
[257.328s][info][gc             ] GC(554) Pause Cleanup 832M->832M(978M) 0.141ms
[257.328s][info][gc,cpu         ] GC(554) User=0.00s Sys=0.00s Real=0.00s
[257.328s][info][gc,marking     ] GC(554) Concurrent Clear Claimed Marks
[257.328s][info][gc,marking     ] GC(554) Concurrent Clear Claimed Marks 0.035ms
[257.328s][info][gc,marking     ] GC(554) Concurrent Cleanup for Next Mark
[257.333s][info][gc,marking     ] GC(554) Concurrent Cleanup for Next Mark 4.984ms
[257.333s][info][gc             ] GC(554) Concurrent Mark Cycle 2521.917ms
[257.460s][info][gc,start       ] GC(557) Pause Young (Prepare Mixed) (G1 Evacuation Pause)
[257.460s][info][gc,task        ] GC(557) Using 2 workers of 2 for evacuation
[257.462s][info][gc,phases      ] GC(557)   Pre Evacuate Collection Set: 0.33ms
[257.462s][info][gc,phases      ] GC(557)   Merge Heap Roots: 0.15ms
[257.462s][info][gc,phases      ] GC(557)   Evacuate Collection Set: 1.47ms
[257.462s][info][gc,phases      ] GC(557)   Post Evacuate Collection Set: 0.52ms
[257.462s][info][gc,phases      ] GC(557)   Other: 0.12ms
[257.462s][info][gc,heap        ] GC(557) Eden regions: 276->0(287)
[257.462s][info][gc,heap        ] GC(557) Survivor regions: 1->1(35)
[257.462s][info][gc,heap        ] GC(557) Old regions: 623->623
[257.462s][info][gc,heap        ] GC(557) Humongous regions: 10->10
[257.462s][info][gc,metaspace   ] GC(557) Metaspace: 18580K(18752K)->18580K(18752K) NonClass: 16752K(16896K)->16752K(16896K) Class: 1828K(1856K)->1828K(1856K)
[257.462s][info][gc             ] GC(557) Pause Young (Prepare Mixed) (G1 Evacuation Pause) 909M->633M(978M) 2.839ms
[257.462s][info][gc,cpu         ] GC(557) User=0.00s Sys=0.01s Real=0.00s
[257.946s][info][gc,start       ] GC(558) Pause Young (Mixed) (G1 Evacuation Pause)
[257.946s][info][gc,task        ] GC(558) Using 2 workers of 2 for evacuation
[258.019s][info][gc,phases      ] GC(558)   Pre Evacuate Collection Set: 0.62ms
[258.019s][info][gc,phases      ] GC(558)   Merge Heap Roots: 0.80ms
[258.019s][info][gc,phases      ] GC(558)   Evacuate Collection Set: 70.33ms
[258.019s][info][gc,phases      ] GC(558)   Post Evacuate Collection Set: 0.63ms
[258.019s][info][gc,phases      ] GC(558)   Other: 0.11ms
[258.019s][info][gc,heap        ] GC(558) Eden regions: 287->0(301)
[258.019s][info][gc,heap        ] GC(558) Survivor regions: 1->1(36)
[258.019s][info][gc,heap        ] GC(558) Old regions: 623->615
[258.019s][info][gc,heap        ] GC(558) Humongous regions: 10->10
[258.019s][info][gc,metaspace   ] GC(558) Metaspace: 18580K(18752K)->18580K(18752K) NonClass: 16752K(16896K)->16752K(16896K) Class: 1828K(1856K)->1828K(1856K)
[258.019s][info][gc             ] GC(558) Pause Young (Mixed) (G1 Evacuation Pause) 920M->625M(978M) 72.776ms
[258.019s][info][gc,cpu         ] GC(558) User=0.14s Sys=0.00s Real=0.07s
[258.351s][info][gc,start       ] GC(559) Pause Young (Mixed) (G1 Evacuation Pause)
[258.351s][info][gc,task        ] GC(559) Using 2 workers of 2 for evacuation
[258.506s][info][gc,phases      ] GC(559)   Pre Evacuate Collection Set: 0.55ms
[258.506s][info][gc,phases      ] GC(559)   Merge Heap Roots: 1.26ms
[258.506s][info][gc,phases      ] GC(559)   Evacuate Collection Set: 153.06ms
[258.506s][info][gc,phases      ] GC(559)   Post Evacuate Collection Set: 0.66ms
[258.506s][info][gc,phases      ] GC(559)   Other: 0.09ms
[258.506s][info][gc,heap        ] GC(559) Eden regions: 301->0(216)
[258.506s][info][gc,heap        ] GC(559) Survivor regions: 1->38(38)
[258.506s][info][gc,heap        ] GC(559) Old regions: 615->626
[258.506s][info][gc,heap        ] GC(559) Humongous regions: 10->10
[258.506s][info][gc,metaspace   ] GC(559) Metaspace: 18584K(18752K)->18584K(18752K) NonClass: 16756K(16896K)->16756K(16896K) Class: 1828K(1856K)->1828K(1856K)
[258.506s][info][gc             ] GC(559) Pause Young (Mixed) (G1 Evacuation Pause) 926M->673M(978M) 155.898ms
[258.507s][info][gc,cpu         ] GC(559) User=0.30s Sys=0.00s Real=0.16s
[258.646s][info][gc,start       ] GC(560) Pause Young (Concurrent Start) (G1 Evacuation Pause)
[258.646s][info][gc,task        ] GC(560) Using 2 workers of 2 for evacuation
[258.729s][info][gc,phases      ] GC(560)   Pre Evacuate Collection Set: 0.43ms
[258.729s][info][gc,phases      ] GC(560)   Merge Heap Roots: 0.29ms
[258.729s][info][gc,phases      ] GC(560)   Evacuate Collection Set: 81.23ms
[258.729s][info][gc,phases      ] GC(560)   Post Evacuate Collection Set: 0.55ms
[258.729s][info][gc,phases      ] GC(560)   Other: 0.28ms
[258.729s][info][gc,heap        ] GC(560) Eden regions: 216->0(203)
[258.729s][info][gc,heap        ] GC(560) Survivor regions: 38->25(32)
[258.729s][info][gc,heap        ] GC(560) Old regions: 626->665
[258.729s][info][gc,heap        ] GC(560) Humongous regions: 10->10
[258.729s][info][gc,metaspace   ] GC(560) Metaspace: 18584K(18752K)->18584K(18752K) NonClass: 16756K(16896K)->16756K(16896K) Class: 1828K(1856K)->1828K(1856K)
[258.729s][info][gc             ] GC(560) Pause Young (Concurrent Start) (G1 Evacuation Pause) 889M->698M(978M) 83.057ms
[258.729s][info][gc,cpu         ] GC(560) User=0.16s Sys=0.00s Real=0.08s
[258.729s][info][gc             ] GC(561) Concurrent Mark Cycle
[258.729s][info][gc,marking     ] GC(561) Concurrent Scan Root Regions
[258.852s][info][gc,marking     ] GC(561) Concurrent Scan Root Regions 122.827ms
[258.852s][info][gc,marking     ] GC(561) Concurrent Mark
[258.852s][info][gc,marking     ] GC(561) Concurrent Mark From Roots
[258.852s][info][gc,task        ] GC(561) Using 1 workers of 1 for marking
[259.026s][info][gc,start       ] GC(562) Pause Young (Normal) (G1 Evacuation Pause)
[259.026s][info][gc,task        ] GC(562) Using 2 workers of 2 for evacuation
[259.091s][info][gc,phases      ] GC(562)   Pre Evacuate Collection Set: 0.56ms
[259.091s][info][gc,phases      ] GC(562)   Merge Heap Roots: 0.32ms
[259.091s][info][gc,phases      ] GC(562)   Evacuate Collection Set: 64.26ms
[259.091s][info][gc,phases      ] GC(562)   Post Evacuate Collection Set: 0.52ms
[259.091s][info][gc,phases      ] GC(562)   Other: 0.11ms
[259.091s][info][gc,heap        ] GC(562) Eden regions: 203->0(179)
[259.092s][info][gc,heap        ] GC(562) Survivor regions: 25->25(29)
[259.092s][info][gc,heap        ] GC(562) Old regions: 665->689
[259.092s][info][gc,heap        ] GC(562) Humongous regions: 10->10
[259.092s][info][gc,metaspace   ] GC(562) Metaspace: 18585K(18752K)->18585K(18752K) NonClass: 16757K(16896K)->16757K(16896K) Class: 1828K(1856K)->1828K(1856K)
[259.092s][info][gc             ] GC(562) Pause Young (Normal) (G1 Evacuation Pause) 901M->723M(978M) 66.045ms
[259.092s][info][gc,cpu         ] GC(562) User=0.13s Sys=0.00s Real=0.06s
[259.263s][info][gc,start       ] GC(563) Pause Young (Normal) (G1 Evacuation Pause)
[259.263s][info][gc,task        ] GC(563) Using 2 workers of 2 for evacuation
[259.310s][info][gc,phases      ] GC(563)   Pre Evacuate Collection Set: 0.31ms
[259.310s][info][gc,phases      ] GC(563)   Merge Heap Roots: 0.22ms
[259.310s][info][gc,phases      ] GC(563)   Evacuate Collection Set: 45.44ms
[259.310s][info][gc,phases      ] GC(563)   Post Evacuate Collection Set: 0.47ms
[259.310s][info][gc,phases      ] GC(563)   Other: 0.12ms
[259.310s][info][gc,heap        ] GC(563) Eden regions: 179->0(178)
[259.310s][info][gc,heap        ] GC(563) Survivor regions: 25->13(26)
[259.310s][info][gc,heap        ] GC(563) Old regions: 689->714
[259.310s][info][gc,heap        ] GC(563) Humongous regions: 10->10
[259.310s][info][gc,metaspace   ] GC(563) Metaspace: 18585K(18752K)->18585K(18752K) NonClass: 16757K(16896K)->16757K(16896K) Class: 1828K(1856K)->1828K(1856K)
[259.310s][info][gc             ] GC(563) Pause Young (Normal) (G1 Evacuation Pause) 902M->735M(978M) 46.818ms
[259.310s][info][gc,cpu         ] GC(563) User=0.09s Sys=0.00s Real=0.05s
[259.522s][info][gc,start       ] GC(564) Pause Young (Normal) (G1 Evacuation Pause)
[259.522s][info][gc,task        ] GC(564) Using 2 workers of 2 for evacuation
[259.554s][info][gc,phases      ] GC(564)   Pre Evacuate Collection Set: 0.33ms
[259.554s][info][gc,phases      ] GC(564)   Merge Heap Roots: 0.29ms
[259.554s][info][gc,phases      ] GC(564)   Evacuate Collection Set: 30.25ms
[259.554s][info][gc,phases      ] GC(564)   Post Evacuate Collection Set: 0.44ms
[259.554s][info][gc,phases      ] GC(564)   Other: 0.09ms
[259.554s][info][gc,heap        ] GC(564) Eden regions: 178->0(175)
[259.554s][info][gc,heap        ] GC(564) Survivor regions: 13->8(24)
[259.554s][info][gc,heap        ] GC(564) Old regions: 714->727
[259.554s][info][gc,heap        ] GC(564) Humongous regions: 10->10
[259.554s][info][gc,metaspace   ] GC(564) Metaspace: 18588K(18752K)->18588K(18752K) NonClass: 16759K(16896K)->16759K(16896K) Class: 1828K(1856K)->1828K(1856K)
[259.554s][info][gc             ] GC(564) Pause Young (Normal) (G1 Evacuation Pause) 913M->743M(978M) 31.712ms
[259.554s][info][gc,cpu         ] GC(564) User=0.06s Sys=0.00s Real=0.03s
[259.829s][info][gc,start       ] GC(565) Pause Young (Normal) (G1 Evacuation Pause)
[259.829s][info][gc,task        ] GC(565) Using 2 workers of 2 for evacuation
[259.860s][info][gc,phases      ] GC(565)   Pre Evacuate Collection Set: 0.34ms
[259.860s][info][gc,phases      ] GC(565)   Merge Heap Roots: 0.38ms
[259.860s][info][gc,phases      ] GC(565)   Evacuate Collection Set: 29.24ms
[259.860s][info][gc,phases      ] GC(565)   Post Evacuate Collection Set: 0.52ms
[259.860s][info][gc,phases      ] GC(565)   Other: 0.14ms
[259.860s][info][gc,heap        ] GC(565) Eden regions: 175->0(161)
[259.860s][info][gc,heap        ] GC(565) Survivor regions: 8->15(23)
[259.860s][info][gc,heap        ] GC(565) Old regions: 727->727
[259.860s][info][gc,heap        ] GC(565) Humongous regions: 10->10
[259.860s][info][gc,metaspace   ] GC(565) Metaspace: 18589K(18752K)->18589K(18752K) NonClass: 16760K(16896K)->16760K(16896K) Class: 1828K(1856K)->1828K(1856K)
[259.860s][info][gc             ] GC(565) Pause Young (Normal) (G1 Evacuation Pause) 918M->750M(978M) 30.973ms
[259.860s][info][gc,cpu         ] GC(565) User=0.06s Sys=0.00s Real=0.03s
[260.344s][info][gc,start       ] GC(566) Pause Young (Normal) (G1 Evacuation Pause)
[260.345s][info][gc,task        ] GC(566) Using 2 workers of 2 for evacuation
[260.379s][info][gc,phases      ] GC(566)   Pre Evacuate Collection Set: 0.43ms
[260.379s][info][gc,phases      ] GC(566)   Merge Heap Roots: 0.32ms
[260.379s][info][gc,phases      ] GC(566)   Evacuate Collection Set: 33.25ms
[260.379s][info][gc,phases      ] GC(566)   Post Evacuate Collection Set: 0.49ms
[260.379s][info][gc,phases      ] GC(566)   Other: 0.12ms
[260.379s][info][gc,heap        ] GC(566) Eden regions: 161->0(162)
[260.379s][info][gc,heap        ] GC(566) Survivor regions: 15->11(22)
[260.379s][info][gc,heap        ] GC(566) Old regions: 727->734
[260.379s][info][gc,heap        ] GC(566) Humongous regions: 10->10
[260.379s][info][gc,metaspace   ] GC(566) Metaspace: 18595K(18752K)->18595K(18752K) NonClass: 16766K(16896K)->16766K(16896K) Class: 1828K(1856K)->1828K(1856K)
[260.379s][info][gc             ] GC(566) Pause Young (Normal) (G1 Evacuation Pause) 911M->754M(978M) 34.944ms
[260.379s][info][gc,cpu         ] GC(566) User=0.07s Sys=0.00s Real=0.03s
[260.601s][info][gc,marking     ] GC(561) Concurrent Mark From Roots 1749.279ms
[260.601s][info][gc,marking     ] GC(561) Concurrent Preclean
[260.601s][info][gc,marking     ] GC(561) Concurrent Preclean 0.036ms
[260.601s][info][gc,start       ] GC(561) Pause Remark
[260.609s][info][gc             ] GC(561) Pause Remark 875M->795M(978M) 8.020ms
[260.609s][info][gc,cpu         ] GC(561) User=0.02s Sys=0.00s Real=0.01s
[260.609s][info][gc,marking     ] GC(561) Concurrent Mark 1757.670ms
[260.609s][info][gc,marking     ] GC(561) Concurrent Rebuild Remembered Sets and Scrub Regions
[260.718s][info][gc,start       ] GC(567) Pause Young (Normal) (G1 Evacuation Pause)
[260.718s][info][gc,task        ] GC(567) Using 2 workers of 2 for evacuation
[260.735s][info][gc,phases      ] GC(567)   Pre Evacuate Collection Set: 0.30ms
[260.735s][info][gc,phases      ] GC(567)   Merge Heap Roots: 0.21ms
[260.735s][info][gc,phases      ] GC(567)   Evacuate Collection Set: 15.91ms
[260.735s][info][gc,phases      ] GC(567)   Post Evacuate Collection Set: 0.43ms
[260.735s][info][gc,phases      ] GC(567)   Other: 0.15ms
[260.735s][info][gc,heap        ] GC(567) Eden regions: 162->0(242)
[260.735s][info][gc,heap        ] GC(567) Survivor regions: 11->11(22)
[260.735s][info][gc,heap        ] GC(567) Old regions: 657->657
[260.735s][info][gc,heap        ] GC(567) Humongous regions: 7->7
[260.735s][info][gc,metaspace   ] GC(567) Metaspace: 18596K(18752K)->18596K(18752K) NonClass: 16767K(16896K)->16767K(16896K) Class: 1828K(1856K)->1828K(1856K)
[260.735s][info][gc             ] GC(567) Pause Young (Normal) (G1 Evacuation Pause) 836M->674M(978M) 17.290ms
[260.735s][info][gc,cpu         ] GC(567) User=0.03s Sys=0.00s Real=0.02s
[261.318s][info][gc,marking     ] GC(561) Concurrent Rebuild Remembered Sets and Scrub Regions 708.143ms
[261.318s][info][gc,start       ] GC(561) Pause Cleanup
[261.318s][info][gc             ] GC(561) Pause Cleanup 868M->868M(978M) 0.173ms
[261.318s][info][gc,cpu         ] GC(561) User=0.00s Sys=0.00s Real=0.00s
[261.318s][info][gc,marking     ] GC(561) Concurrent Clear Claimed Marks
[261.318s][info][gc,marking     ] GC(561) Concurrent Clear Claimed Marks 0.030ms
[261.318s][info][gc,marking     ] GC(561) Concurrent Cleanup for Next Mark
[261.321s][info][gc,marking     ] GC(561) Concurrent Cleanup for Next Mark 3.017ms
[261.321s][info][gc             ] GC(561) Concurrent Mark Cycle 2592.363ms
[261.580s][info][gc,start       ] GC(568) Pause Young (Prepare Mixed) (G1 Evacuation Pause)
[261.580s][info][gc,task        ] GC(568) Using 2 workers of 2 for evacuation
[261.621s][info][gc,phases      ] GC(568)   Pre Evacuate Collection Set: 0.33ms
[261.621s][info][gc,phases      ] GC(568)   Merge Heap Roots: 0.33ms
[261.621s][info][gc,phases      ] GC(568)   Evacuate Collection Set: 39.99ms
[261.621s][info][gc,phases      ] GC(568)   Post Evacuate Collection Set: 0.57ms
[261.621s][info][gc,phases      ] GC(568)   Other: 0.12ms
[261.621s][info][gc,heap        ] GC(568) Eden regions: 242->0(202)
[261.621s][info][gc,heap        ] GC(568) Survivor regions: 11->31(32)
[261.621s][info][gc,heap        ] GC(568) Old regions: 657->657
[261.621s][info][gc,heap        ] GC(568) Humongous regions: 7->7
[261.621s][info][gc,metaspace   ] GC(568) Metaspace: 18625K(18752K)->18625K(18752K) NonClass: 16796K(16896K)->16796K(16896K) Class: 1828K(1856K)->1828K(1856K)
[261.621s][info][gc             ] GC(568) Pause Young (Prepare Mixed) (G1 Evacuation Pause) 916M->694M(978M) 41.627ms
[261.621s][info][gc,cpu         ] GC(568) User=0.08s Sys=0.00s Real=0.04s
[261.797s][info][gc,start       ] GC(569) Pause Young (Mixed) (G1 Evacuation Pause)
[261.797s][info][gc,task        ] GC(569) Using 2 workers of 2 for evacuation
[261.916s][info][gc,phases      ] GC(569)   Pre Evacuate Collection Set: 0.36ms
[261.916s][info][gc,phases      ] GC(569)   Merge Heap Roots: 0.96ms
[261.916s][info][gc,phases      ] GC(569)   Evacuate Collection Set: 113.34ms
[261.916s][info][gc,phases      ] GC(569)   Post Evacuate Collection Set: 3.64ms
[261.916s][info][gc,phases      ] GC(569)   Other: 0.10ms
[261.916s][info][gc,heap        ] GC(569) Eden regions: 202->0(179)
[261.916s][info][gc,heap        ] GC(569) Survivor regions: 31->26(30)
[261.916s][info][gc,heap        ] GC(569) Old regions: 657->690
[261.916s][info][gc,heap        ] GC(569) Humongous regions: 7->7
[261.916s][info][gc,metaspace   ] GC(569) Metaspace: 18626K(18752K)->18626K(18752K) NonClass: 16798K(16896K)->16798K(16896K) Class: 1828K(1856K)->1828K(1856K)
[261.916s][info][gc             ] GC(569) Pause Young (Mixed) (G1 Evacuation Pause) (Evacuation Failure: Allocation) 896M->722M(978M) 118.702ms
[261.916s][info][gc,cpu         ] GC(569) User=0.24s Sys=0.00s Real=0.12s
[262.154s][info][gc,start       ] GC(570) Pause Young (Mixed) (G1 Evacuation Pause)
[262.154s][info][gc,task        ] GC(570) Using 2 workers of 2 for evacuation
[262.302s][info][gc,phases      ] GC(570)   Pre Evacuate Collection Set: 0.59ms
[262.302s][info][gc,phases      ] GC(570)   Merge Heap Roots: 1.31ms
[262.302s][info][gc,phases      ] GC(570)   Evacuate Collection Set: 136.10ms
[262.302s][info][gc,phases      ] GC(570)   Post Evacuate Collection Set: 9.47ms
[262.302s][info][gc,phases      ] GC(570)   Other: 0.12ms
[262.302s][info][gc,heap        ] GC(570) Eden regions: 179->0(26)
[262.302s][info][gc,heap        ] GC(570) Survivor regions: 26->26(26)
[262.302s][info][gc,heap        ] GC(570) Old regions: 690->843
[262.302s][info][gc,heap        ] GC(570) Humongous regions: 7->7
[262.302s][info][gc,metaspace   ] GC(570) Metaspace: 18627K(18752K)->18627K(18752K) NonClass: 16798K(16896K)->16798K(16896K) Class: 1828K(1856K)->1828K(1856K)
[262.302s][info][gc             ] GC(570) Pause Young (Mixed) (G1 Evacuation Pause) (Evacuation Failure: Allocation) 901M->875M(978M) 147.870ms
[262.302s][info][gc,cpu         ] GC(570) User=0.29s Sys=0.00s Real=0.14s
[262.343s][info][gc,start       ] GC(571) Pause Young (Mixed) (G1 Evacuation Pause)
[262.343s][info][gc,task        ] GC(571) Using 2 workers of 2 for evacuation
[262.399s][info][gc,phases      ] GC(571)   Pre Evacuate Collection Set: 0.62ms
[262.399s][info][gc,phases      ] GC(571)   Merge Heap Roots: 0.56ms
[262.399s][info][gc,phases      ] GC(571)   Evacuate Collection Set: 54.66ms
[262.399s][info][gc,phases      ] GC(571)   Post Evacuate Collection Set: 0.55ms
[262.399s][info][gc,phases      ] GC(571)   Other: 0.11ms
[262.399s][info][gc,heap        ] GC(571) Eden regions: 26->0(175)
[262.399s][info][gc,heap        ] GC(571) Survivor regions: 26->1(7)
[262.399s][info][gc,heap        ] GC(571) Old regions: 843->724
[262.399s][info][gc,heap        ] GC(571) Humongous regions: 7->7
[262.399s][info][gc,metaspace   ] GC(571) Metaspace: 18627K(18752K)->18627K(18752K) NonClass: 16798K(16896K)->16798K(16896K) Class: 1828K(1856K)->1828K(1856K)
[262.399s][info][gc             ] GC(571) Pause Young (Mixed) (G1 Evacuation Pause) 901M->731M(978M) 56.754ms
[262.399s][info][gc,cpu         ] GC(571) User=0.11s Sys=0.00s Real=0.06s
[262.726s][info][gc,start       ] GC(572) Pause Young (Concurrent Start) (G1 Evacuation Pause)
[262.726s][info][gc,task        ] GC(572) Using 2 workers of 2 for evacuation
[262.730s][info][gc,phases      ] GC(572)   Pre Evacuate Collection Set: 0.39ms
[262.730s][info][gc,phases      ] GC(572)   Merge Heap Roots: 0.13ms
[262.730s][info][gc,phases      ] GC(572)   Evacuate Collection Set: 2.76ms
[262.730s][info][gc,phases      ] GC(572)   Post Evacuate Collection Set: 0.43ms
[262.730s][info][gc,phases      ] GC(572)   Other: 0.22ms
[262.730s][info][gc,heap        ] GC(572) Eden regions: 175->0(184)
[262.730s][info][gc,heap        ] GC(572) Survivor regions: 1->1(22)
[262.730s][info][gc,heap        ] GC(572) Old regions: 724->724
[262.730s][info][gc,heap        ] GC(572) Humongous regions: 7->7
[262.730s][info][gc,metaspace   ] GC(572) Metaspace: 18627K(18752K)->18627K(18752K) NonClass: 16798K(16896K)->16798K(16896K) Class: 1828K(1856K)->1828K(1856K)
[262.730s][info][gc             ] GC(572) Pause Young (Concurrent Start) (G1 Evacuation Pause) 906M->731M(978M) 4.149ms
[262.730s][info][gc,cpu         ] GC(572) User=0.00s Sys=0.00s Real=0.00s
[262.730s][info][gc             ] GC(573) Concurrent Mark Cycle
[262.731s][info][gc,marking     ] GC(573) Concurrent Scan Root Regions
[262.734s][info][gc,marking     ] GC(573) Concurrent Scan Root Regions 3.699ms
[262.734s][info][gc,marking     ] GC(573) Concurrent Mark
[262.734s][info][gc,marking     ] GC(573) Concurrent Mark From Roots
[262.734s][info][gc,task        ] GC(573) Using 1 workers of 1 for marking
[263.181s][info][gc,start       ] GC(574) Pause Young (Normal) (G1 Evacuation Pause)
[263.182s][info][gc,task        ] GC(574) Using 2 workers of 2 for evacuation
[263.187s][info][gc,phases      ] GC(574)   Pre Evacuate Collection Set: 0.54ms
[263.187s][info][gc,phases      ] GC(574)   Merge Heap Roots: 0.16ms
[263.187s][info][gc,phases      ] GC(574)   Evacuate Collection Set: 3.73ms
[263.187s][info][gc,phases      ] GC(574)   Post Evacuate Collection Set: 0.45ms
[263.187s][info][gc,phases      ] GC(574)   Other: 0.09ms
[263.187s][info][gc,heap        ] GC(574) Eden regions: 184->0(194)
[263.187s][info][gc,heap        ] GC(574) Survivor regions: 1->1(24)
[263.187s][info][gc,heap        ] GC(574) Old regions: 724->724
[263.187s][info][gc,heap        ] GC(574) Humongous regions: 7->7
[263.187s][info][gc,metaspace   ] GC(574) Metaspace: 18627K(18752K)->18627K(18752K) NonClass: 16798K(16896K)->16798K(16896K) Class: 1828K(1856K)->1828K(1856K)
[263.187s][info][gc             ] GC(574) Pause Young (Normal) (G1 Evacuation Pause) 915M->731M(978M) 5.267ms
[263.187s][info][gc,cpu         ] GC(574) User=0.01s Sys=0.00s Real=0.01s
[263.512s][info][gc,start       ] GC(575) Pause Young (Normal) (G1 Evacuation Pause)
[263.512s][info][gc,task        ] GC(575) Using 2 workers of 2 for evacuation
[263.521s][info][gc,phases      ] GC(575)   Pre Evacuate Collection Set: 0.55ms
[263.521s][info][gc,phases      ] GC(575)   Merge Heap Roots: 0.19ms
[263.521s][info][gc,phases      ] GC(575)   Evacuate Collection Set: 7.45ms
[263.521s][info][gc,phases      ] GC(575)   Post Evacuate Collection Set: 0.46ms
[263.521s][info][gc,phases      ] GC(575)   Other: 0.11ms
[263.521s][info][gc,heap        ] GC(575) Eden regions: 194->0(191)
[263.521s][info][gc,heap        ] GC(575) Survivor regions: 1->3(25)
[263.521s][info][gc,heap        ] GC(575) Old regions: 724->724
[263.521s][info][gc,heap        ] GC(575) Humongous regions: 7->7
[263.521s][info][gc,metaspace   ] GC(575) Metaspace: 18627K(18752K)->18627K(18752K) NonClass: 16798K(16896K)->16798K(16896K) Class: 1828K(1856K)->1828K(1856K)
[263.521s][info][gc             ] GC(575) Pause Young (Normal) (G1 Evacuation Pause) 925M->733M(978M) 9.037ms
[263.521s][info][gc,cpu         ] GC(575) User=0.02s Sys=0.00s Real=0.01s
[264.124s][info][gc,start       ] GC(576) Pause Young (Normal) (G1 Evacuation Pause)
[264.124s][info][gc,task        ] GC(576) Using 2 workers of 2 for evacuation
[264.168s][info][gc,phases      ] GC(576)   Pre Evacuate Collection Set: 0.56ms
[264.168s][info][gc,phases      ] GC(576)   Merge Heap Roots: 0.43ms
[264.168s][info][gc,phases      ] GC(576)   Evacuate Collection Set: 42.49ms
[264.168s][info][gc,phases      ] GC(576)   Post Evacuate Collection Set: 0.59ms
[264.168s][info][gc,phases      ] GC(576)   Other: 0.12ms
[264.168s][info][gc,heap        ] GC(576) Eden regions: 191->0(154)
[264.168s][info][gc,heap        ] GC(576) Survivor regions: 3->20(25)
[264.168s][info][gc,heap        ] GC(576) Old regions: 724->724
[264.168s][info][gc,heap        ] GC(576) Humongous regions: 10->10
[264.168s][info][gc,metaspace   ] GC(576) Metaspace: 18627K(18752K)->18627K(18752K) NonClass: 16798K(16896K)->16798K(16896K) Class: 1828K(1856K)->1828K(1856K)
[264.168s][info][gc             ] GC(576) Pause Young (Normal) (G1 Evacuation Pause) 927M->752M(978M) 44.536ms
[264.168s][info][gc,cpu         ] GC(576) User=0.08s Sys=0.00s Real=0.05s
[264.807s][info][gc,start       ] GC(577) Pause Young (Normal) (G1 Evacuation Pause)
[264.807s][info][gc,task        ] GC(577) Using 2 workers of 2 for evacuation
[264.861s][info][gc,phases      ] GC(577)   Pre Evacuate Collection Set: 0.57ms
[264.861s][info][gc,phases      ] GC(577)   Merge Heap Roots: 0.38ms
[264.861s][info][gc,phases      ] GC(577)   Evacuate Collection Set: 52.39ms
[264.861s][info][gc,phases      ] GC(577)   Post Evacuate Collection Set: 0.47ms
[264.861s][info][gc,phases      ] GC(577)   Other: 0.08ms
[264.861s][info][gc,heap        ] GC(577) Eden regions: 154->0(155)
[264.861s][info][gc,heap        ] GC(577) Survivor regions: 20->10(22)
[264.861s][info][gc,heap        ] GC(577) Old regions: 724->743
[264.861s][info][gc,heap        ] GC(577) Humongous regions: 10->10
[264.861s][info][gc,metaspace   ] GC(577) Metaspace: 18627K(18752K)->18627K(18752K) NonClass: 16798K(16896K)->16798K(16896K) Class: 1828K(1856K)->1828K(1856K)
[264.861s][info][gc             ] GC(577) Pause Young (Normal) (G1 Evacuation Pause) 906M->762M(978M) 54.217ms
[264.861s][info][gc,cpu         ] GC(577) User=0.11s Sys=0.00s Real=0.05s
[265.110s][info][gc,marking     ] GC(573) Concurrent Mark From Roots 2375.665ms
[265.110s][info][gc,marking     ] GC(573) Concurrent Preclean
[265.110s][info][gc,marking     ] GC(573) Concurrent Preclean 0.049ms
[265.110s][info][gc,start       ] GC(573) Pause Remark
[265.118s][info][gc             ] GC(573) Pause Remark 902M->902M(978M) 8.093ms
[265.118s][info][gc,cpu         ] GC(573) User=0.01s Sys=0.00s Real=0.01s
[265.118s][info][gc,marking     ] GC(573) Concurrent Mark 2384.174ms
[265.118s][info][gc,marking     ] GC(573) Concurrent Rebuild Remembered Sets and Scrub Regions
[265.166s][info][gc,start       ] GC(578) Pause Young (Normal) (G1 Evacuation Pause)
[265.166s][info][gc,task        ] GC(578) Using 2 workers of 2 for evacuation
[265.209s][info][gc,phases      ] GC(578)   Pre Evacuate Collection Set: 0.31ms
[265.209s][info][gc,phases      ] GC(578)   Merge Heap Roots: 0.30ms
[265.209s][info][gc,phases      ] GC(578)   Evacuate Collection Set: 40.96ms
[265.209s][info][gc,phases      ] GC(578)   Post Evacuate Collection Set: 0.45ms
[265.209s][info][gc,phases      ] GC(578)   Other: 0.12ms
[265.209s][info][gc,heap        ] GC(578) Eden regions: 155->0(124)
[265.209s][info][gc,heap        ] GC(578) Survivor regions: 10->21(21)
[265.209s][info][gc,heap        ] GC(578) Old regions: 743->752
[265.209s][info][gc,heap        ] GC(578) Humongous regions: 10->10
[265.209s][info][gc,metaspace   ] GC(578) Metaspace: 18628K(18752K)->18628K(18752K) NonClass: 16800K(16896K)->16800K(16896K) Class: 1828K(1856K)->1828K(1856K)
[265.209s][info][gc             ] GC(578) Pause Young (Normal) (G1 Evacuation Pause) 917M->782M(978M) 42.429ms
[265.209s][info][gc,cpu         ] GC(578) User=0.08s Sys=0.00s Real=0.04s
[265.393s][info][gc,start       ] GC(579) Pause Young (Normal) (G1 Evacuation Pause)
[265.393s][info][gc,task        ] GC(579) Using 2 workers of 2 for evacuation
[265.430s][info][gc,phases      ] GC(579)   Pre Evacuate Collection Set: 0.36ms
[265.430s][info][gc,phases      ] GC(579)   Merge Heap Roots: 0.23ms
[265.430s][info][gc,phases      ] GC(579)   Evacuate Collection Set: 36.57ms
[265.430s][info][gc,phases      ] GC(579)   Post Evacuate Collection Set: 0.43ms
[265.431s][info][gc,phases      ] GC(579)   Other: 0.12ms
[265.431s][info][gc,heap        ] GC(579) Eden regions: 124->0(128)
[265.431s][info][gc,heap        ] GC(579) Survivor regions: 21->8(19)
[265.431s][info][gc,heap        ] GC(579) Old regions: 752->774
[265.431s][info][gc,heap        ] GC(579) Humongous regions: 10->10
[265.431s][info][gc,metaspace   ] GC(579) Metaspace: 18628K(18752K)->18628K(18752K) NonClass: 16800K(16896K)->16800K(16896K) Class: 1828K(1856K)->1828K(1856K)
[265.431s][info][gc             ] GC(579) Pause Young (Normal) (G1 Evacuation Pause) 906M->791M(978M) 38.000ms
[265.431s][info][gc,cpu         ] GC(579) User=0.08s Sys=0.00s Real=0.04s
[265.681s][info][gc,start       ] GC(580) Pause Young (Normal) (G1 Evacuation Pause)
[265.681s][info][gc,task        ] GC(580) Using 2 workers of 2 for evacuation
[265.703s][info][gc,phases      ] GC(580)   Pre Evacuate Collection Set: 0.32ms
[265.703s][info][gc,phases      ] GC(580)   Merge Heap Roots: 0.26ms
[265.703s][info][gc,phases      ] GC(580)   Evacuate Collection Set: 20.36ms
[265.703s][info][gc,phases      ] GC(580)   Post Evacuate Collection Set: 0.42ms
[265.703s][info][gc,phases      ] GC(580)   Other: 0.11ms
[265.703s][info][gc,heap        ] GC(580) Eden regions: 128->0(122)
[265.703s][info][gc,heap        ] GC(580) Survivor regions: 8->11(17)
[265.703s][info][gc,heap        ] GC(580) Old regions: 774->774
[265.703s][info][gc,heap        ] GC(580) Humongous regions: 10->10
[265.703s][info][gc,metaspace   ] GC(580) Metaspace: 18628K(18752K)->18628K(18752K) NonClass: 16800K(16896K)->16800K(16896K) Class: 1828K(1856K)->1828K(1856K)
[265.703s][info][gc             ] GC(580) Pause Young (Normal) (G1 Evacuation Pause) 919M->794M(978M) 21.778ms
[265.703s][info][gc,cpu         ] GC(580) User=0.05s Sys=0.00s Real=0.02s
[265.968s][info][gc,marking     ] GC(573) Concurrent Rebuild Remembered Sets and Scrub Regions 849.484ms
[265.968s][info][gc,start       ] GC(573) Pause Cleanup
[265.968s][info][gc             ] GC(573) Pause Cleanup 910M->910M(978M) 0.140ms
[265.968s][info][gc,cpu         ] GC(573) User=0.00s Sys=0.00s Real=0.00s
[265.968s][info][gc,marking     ] GC(573) Concurrent Clear Claimed Marks
[265.968s][info][gc,marking     ] GC(573) Concurrent Clear Claimed Marks 0.028ms
[265.968s][info][gc,marking     ] GC(573) Concurrent Cleanup for Next Mark
[265.971s][info][gc,marking     ] GC(573) Concurrent Cleanup for Next Mark 2.972ms
[265.971s][info][gc             ] GC(573) Concurrent Mark Cycle 3240.932ms
[265.981s][info][gc,start       ] GC(581) Pause Young (Prepare Mixed) (G1 Evacuation Pause)
[265.981s][info][gc,task        ] GC(581) Using 2 workers of 2 for evacuation
[266.005s][info][gc,phases      ] GC(581)   Pre Evacuate Collection Set: 0.32ms
[266.005s][info][gc,phases      ] GC(581)   Merge Heap Roots: 0.28ms
[266.005s][info][gc,phases      ] GC(581)   Evacuate Collection Set: 22.27ms
[266.005s][info][gc,phases      ] GC(581)   Post Evacuate Collection Set: 0.42ms
[266.005s][info][gc,phases      ] GC(581)   Other: 0.13ms
[266.005s][info][gc,heap        ] GC(581) Eden regions: 122->0(124)
[266.005s][info][gc,heap        ] GC(581) Survivor regions: 11->6(17)
[266.005s][info][gc,heap        ] GC(581) Old regions: 774->782
[266.005s][info][gc,heap        ] GC(581) Humongous regions: 10->10
[266.005s][info][gc,metaspace   ] GC(581) Metaspace: 18632K(18816K)->18632K(18816K) NonClass: 16804K(16960K)->16804K(16960K) Class: 1828K(1856K)->1828K(1856K)
[266.005s][info][gc             ] GC(581) Pause Young (Prepare Mixed) (G1 Evacuation Pause) 916M->797M(978M) 23.690ms
[266.005s][info][gc,cpu         ] GC(581) User=0.05s Sys=0.00s Real=0.03s
[266.120s][info][gc,start       ] GC(582) Pause Young (Mixed) (G1 Evacuation Pause)
[266.120s][info][gc,task        ] GC(582) Using 2 workers of 2 for evacuation
[266.161s][info][gc,phases      ] GC(582)   Pre Evacuate Collection Set: 0.34ms
[266.161s][info][gc,phases      ] GC(582)   Merge Heap Roots: 0.73ms
[266.161s][info][gc,phases      ] GC(582)   Evacuate Collection Set: 39.06ms
[266.161s][info][gc,phases      ] GC(582)   Post Evacuate Collection Set: 0.44ms
[266.161s][info][gc,phases      ] GC(582)   Other: 0.12ms
[266.161s][info][gc,heap        ] GC(582) Eden regions: 124->0(129)
[266.161s][info][gc,heap        ] GC(582) Survivor regions: 6->7(17)
[266.161s][info][gc,heap        ] GC(582) Old regions: 782->775
[266.161s][info][gc,heap        ] GC(582) Humongous regions: 10->10
[266.161s][info][gc,metaspace   ] GC(582) Metaspace: 18633K(18816K)->18633K(18816K) NonClass: 16805K(16960K)->16805K(16960K) Class: 1828K(1856K)->1828K(1856K)
[266.161s][info][gc             ] GC(582) Pause Young (Mixed) (G1 Evacuation Pause) 921M->790M(978M) 40.967ms
[266.161s][info][gc,cpu         ] GC(582) User=0.08s Sys=0.00s Real=0.04s
[266.268s][info][gc,start       ] GC(583) Pause Young (Concurrent Start) (G1 Evacuation Pause)
[266.269s][info][gc,task        ] GC(583) Using 2 workers of 2 for evacuation
[266.278s][info][gc,phases      ] GC(583)   Pre Evacuate Collection Set: 0.38ms
[266.278s][info][gc,phases      ] GC(583)   Merge Heap Roots: 0.12ms
[266.278s][info][gc,phases      ] GC(583)   Evacuate Collection Set: 8.48ms
[266.278s][info][gc,phases      ] GC(583)   Post Evacuate Collection Set: 0.44ms
[266.278s][info][gc,phases      ] GC(583)   Other: 0.14ms
[266.278s][info][gc,heap        ] GC(583) Eden regions: 129->0(131)
[266.278s][info][gc,heap        ] GC(583) Survivor regions: 7->6(17)
[266.278s][info][gc,heap        ] GC(583) Old regions: 775->775
[266.278s][info][gc,heap        ] GC(583) Humongous regions: 10->10
[266.278s][info][gc,metaspace   ] GC(583) Metaspace: 18633K(18816K)->18633K(18816K) NonClass: 16805K(16960K)->16805K(16960K) Class: 1828K(1856K)->1828K(1856K)
[266.278s][info][gc             ] GC(583) Pause Young (Concurrent Start) (G1 Evacuation Pause) 919M->790M(978M) 9.856ms
[266.278s][info][gc,cpu         ] GC(583) User=0.02s Sys=0.00s Real=0.01s
[266.278s][info][gc             ] GC(584) Concurrent Mark Cycle
[266.278s][info][gc,marking     ] GC(584) Concurrent Scan Root Regions
[266.293s][info][gc,marking     ] GC(584) Concurrent Scan Root Regions 14.825ms
[266.293s][info][gc,marking     ] GC(584) Concurrent Mark
[266.293s][info][gc,marking     ] GC(584) Concurrent Mark From Roots
[266.293s][info][gc,task        ] GC(584) Using 1 workers of 1 for marking
[266.632s][info][gc,start       ] GC(585) Pause Young (Normal) (G1 Evacuation Pause)
[266.632s][info][gc,task        ] GC(585) Using 2 workers of 2 for evacuation
[266.667s][info][gc,phases      ] GC(585)   Pre Evacuate Collection Set: 0.31ms
[266.667s][info][gc,phases      ] GC(585)   Merge Heap Roots: 0.17ms
[266.667s][info][gc,phases      ] GC(585)   Evacuate Collection Set: 33.57ms
[266.667s][info][gc,phases      ] GC(585)   Post Evacuate Collection Set: 0.43ms
[266.667s][info][gc,phases      ] GC(585)   Other: 0.11ms
[266.667s][info][gc,heap        ] GC(585) Eden regions: 131->0(99)
[266.667s][info][gc,heap        ] GC(585) Survivor regions: 6->18(18)
[266.667s][info][gc,heap        ] GC(585) Old regions: 775->783
[266.667s][info][gc,heap        ] GC(585) Humongous regions: 10->10
[266.667s][info][gc,metaspace   ] GC(585) Metaspace: 18636K(18816K)->18636K(18816K) NonClass: 16808K(16960K)->16808K(16960K) Class: 1828K(1856K)->1828K(1856K)
[266.667s][info][gc             ] GC(585) Pause Young (Normal) (G1 Evacuation Pause) 921M->810M(978M) 34.877ms
[266.667s][info][gc,cpu         ] GC(585) User=0.06s Sys=0.00s Real=0.04s
[266.857s][info][gc,start       ] GC(586) Pause Young (Normal) (G1 Evacuation Pause)
[266.857s][info][gc,task        ] GC(586) Using 2 workers of 2 for evacuation
[266.892s][info][gc,phases      ] GC(586)   Pre Evacuate Collection Set: 0.34ms
[266.892s][info][gc,phases      ] GC(586)   Merge Heap Roots: 0.18ms
[266.892s][info][gc,phases      ] GC(586)   Evacuate Collection Set: 34.21ms
[266.892s][info][gc,phases      ] GC(586)   Post Evacuate Collection Set: 0.39ms
[266.892s][info][gc,phases      ] GC(586)   Other: 0.12ms
[266.892s][info][gc,heap        ] GC(586) Eden regions: 99->0(97)
[266.892s][info][gc,heap        ] GC(586) Survivor regions: 18->10(15)
[266.892s][info][gc,heap        ] GC(586) Old regions: 783->801
[266.892s][info][gc,heap        ] GC(586) Humongous regions: 10->10
[266.892s][info][gc,metaspace   ] GC(586) Metaspace: 18636K(18816K)->18636K(18816K) NonClass: 16808K(16960K)->16808K(16960K) Class: 1828K(1856K)->1828K(1856K)
[266.892s][info][gc             ] GC(586) Pause Young (Normal) (G1 Evacuation Pause) 909M->820M(978M) 35.524ms
[266.892s][info][gc,cpu         ] GC(586) User=0.07s Sys=0.00s Real=0.03s
[267.172s][info][gc,start       ] GC(587) Pause Young (Normal) (G1 Evacuation Pause)
[267.172s][info][gc,task        ] GC(587) Using 2 workers of 2 for evacuation
[267.185s][info][gc,phases      ] GC(587)   Pre Evacuate Collection Set: 0.33ms
[267.185s][info][gc,phases      ] GC(587)   Merge Heap Roots: 0.12ms
[267.185s][info][gc,phases      ] GC(587)   Evacuate Collection Set: 12.37ms
[267.185s][info][gc,phases      ] GC(587)   Post Evacuate Collection Set: 0.38ms
[267.185s][info][gc,phases      ] GC(587)   Other: 0.15ms
[267.185s][info][gc,heap        ] GC(587) Eden regions: 97->0(104)
[267.185s][info][gc,heap        ] GC(587) Survivor regions: 10->1(14)
[267.185s][info][gc,heap        ] GC(587) Old regions: 801->812
[267.185s][info][gc,heap        ] GC(587) Humongous regions: 10->10
[267.185s][info][gc,metaspace   ] GC(587) Metaspace: 18636K(18816K)->18636K(18816K) NonClass: 16808K(16960K)->16808K(16960K) Class: 1828K(1856K)->1828K(1856K)
[267.185s][info][gc             ] GC(587) Pause Young (Normal) (G1 Evacuation Pause) 917M->822M(978M) 13.637ms
[267.185s][info][gc,cpu         ] GC(587) User=0.03s Sys=0.00s Real=0.02s
[267.702s][info][gc,start       ] GC(588) Pause Young (Normal) (G1 Evacuation Pause)
[267.703s][info][gc,task        ] GC(588) Using 2 workers of 2 for evacuation
[267.704s][info][gc,phases      ] GC(588)   Pre Evacuate Collection Set: 0.33ms
[267.704s][info][gc,phases      ] GC(588)   Merge Heap Roots: 0.09ms
[267.704s][info][gc,phases      ] GC(588)   Evacuate Collection Set: 0.76ms
[267.704s][info][gc,phases      ] GC(588)   Post Evacuate Collection Set: 0.33ms
[267.704s][info][gc,phases      ] GC(588)   Other: 0.15ms
[267.704s][info][gc,heap        ] GC(588) Eden regions: 104->0(104)
[267.704s][info][gc,heap        ] GC(588) Survivor regions: 1->1(14)
[267.704s][info][gc,heap        ] GC(588) Old regions: 812->812
[267.704s][info][gc,heap        ] GC(588) Humongous regions: 10->10
[267.704s][info][gc,metaspace   ] GC(588) Metaspace: 18640K(18816K)->18640K(18816K) NonClass: 16811K(16960K)->16811K(16960K) Class: 1828K(1856K)->1828K(1856K)
[267.704s][info][gc             ] GC(588) Pause Young (Normal) (G1 Evacuation Pause) 926M->822M(978M) 1.930ms
[267.704s][info][gc,cpu         ] GC(588) User=0.00s Sys=0.00s Real=0.01s
[268.037s][info][gc,start       ] GC(589) Pause Young (Normal) (G1 Evacuation Pause)
[268.037s][info][gc,task        ] GC(589) Using 2 workers of 2 for evacuation
[268.039s][info][gc,phases      ] GC(589)   Pre Evacuate Collection Set: 0.59ms
[268.039s][info][gc,phases      ] GC(589)   Merge Heap Roots: 0.08ms
[268.039s][info][gc,phases      ] GC(589)   Evacuate Collection Set: 0.77ms
[268.039s][info][gc,phases      ] GC(589)   Post Evacuate Collection Set: 0.40ms
[268.039s][info][gc,phases      ] GC(589)   Other: 0.12ms
[268.039s][info][gc,heap        ] GC(589) Eden regions: 104->0(104)
[268.039s][info][gc,heap        ] GC(589) Survivor regions: 1->1(14)
[268.039s][info][gc,heap        ] GC(589) Old regions: 812->812
[268.039s][info][gc,heap        ] GC(589) Humongous regions: 10->10
[268.039s][info][gc,metaspace   ] GC(589) Metaspace: 18640K(18816K)->18640K(18816K) NonClass: 16811K(16960K)->16811K(16960K) Class: 1828K(1856K)->1828K(1856K)
[268.039s][info][gc             ] GC(589) Pause Young (Normal) (G1 Evacuation Pause) 926M->821M(978M) 2.226ms
[268.039s][info][gc,cpu         ] GC(589) User=0.00s Sys=0.01s Real=0.00s
[268.611s][info][gc,start       ] GC(590) Pause Young (Normal) (G1 Evacuation Pause)
[268.611s][info][gc,task        ] GC(590) Using 2 workers of 2 for evacuation
[268.613s][info][gc,phases      ] GC(590)   Pre Evacuate Collection Set: 0.30ms
[268.613s][info][gc,phases      ] GC(590)   Merge Heap Roots: 0.09ms
[268.613s][info][gc,phases      ] GC(590)   Evacuate Collection Set: 0.73ms
[268.613s][info][gc,phases      ] GC(590)   Post Evacuate Collection Set: 0.34ms
[268.613s][info][gc,phases      ] GC(590)   Other: 0.07ms
[268.613s][info][gc,heap        ] GC(590) Eden regions: 104->0(104)
[268.613s][info][gc,heap        ] GC(590) Survivor regions: 1->1(14)
[268.613s][info][gc,heap        ] GC(590) Old regions: 812->812
[268.613s][info][gc,heap        ] GC(590) Humongous regions: 10->10
[268.613s][info][gc,metaspace   ] GC(590) Metaspace: 18640K(18816K)->18640K(18816K) NonClass: 16811K(16960K)->16811K(16960K) Class: 1828K(1856K)->1828K(1856K)
[268.613s][info][gc             ] GC(590) Pause Young (Normal) (G1 Evacuation Pause) 925M->821M(978M) 1.746ms
[268.613s][info][gc,cpu         ] GC(590) User=0.00s Sys=0.00s Real=0.00s
[268.647s][info][gc,marking     ] GC(584) Concurrent Mark From Roots 2353.182ms
[268.647s][info][gc,marking     ] GC(584) Concurrent Preclean
[268.647s][info][gc,marking     ] GC(584) Concurrent Preclean 0.044ms
[268.647s][info][gc,start       ] GC(584) Pause Remark
[268.655s][info][gc             ] GC(584) Pause Remark 831M->684M(978M) 8.287ms
[268.655s][info][gc,cpu         ] GC(584) User=0.01s Sys=0.00s Real=0.01s
[268.655s][info][gc,marking     ] GC(584) Concurrent Mark 2362.080ms
[268.655s][info][gc,marking     ] GC(584) Concurrent Rebuild Remembered Sets and Scrub Regions
[269.316s][info][gc,marking     ] GC(584) Concurrent Rebuild Remembered Sets and Scrub Regions 660.299ms
[269.316s][info][gc,start       ] GC(584) Pause Cleanup
[269.316s][info][gc             ] GC(584) Pause Cleanup 737M->737M(978M) 0.135ms
[269.316s][info][gc,cpu         ] GC(584) User=0.00s Sys=0.00s Real=0.00s
[269.316s][info][gc,marking     ] GC(584) Concurrent Clear Claimed Marks
[269.316s][info][gc,marking     ] GC(584) Concurrent Clear Claimed Marks 0.033ms
[269.316s][info][gc,marking     ] GC(584) Concurrent Cleanup for Next Mark
[269.319s][info][gc,marking     ] GC(584) Concurrent Cleanup for Next Mark 3.002ms
[269.319s][info][gc             ] GC(584) Concurrent Mark Cycle 3040.906ms
[269.902s][info][gc,start       ] GC(591) Pause Young (Prepare Mixed) (G1 Evacuation Pause)
[269.902s][info][gc,task        ] GC(591) Using 2 workers of 2 for evacuation
[269.905s][info][gc,phases      ] GC(591)   Pre Evacuate Collection Set: 0.57ms
[269.905s][info][gc,phases      ] GC(591)   Merge Heap Roots: 0.09ms
[269.905s][info][gc,phases      ] GC(591)   Evacuate Collection Set: 1.51ms
[269.905s][info][gc,phases      ] GC(591)   Post Evacuate Collection Set: 0.38ms
[269.905s][info][gc,phases      ] GC(591)   Other: 0.13ms
[269.905s][info][gc,heap        ] GC(591) Eden regions: 104->0(251)
[269.905s][info][gc,heap        ] GC(591) Survivor regions: 1->1(14)
[269.905s][info][gc,heap        ] GC(591) Old regions: 668->668
[269.905s][info][gc,heap        ] GC(591) Humongous regions: 7->7
[269.905s][info][gc,metaspace   ] GC(591) Metaspace: 18640K(18816K)->18640K(18816K) NonClass: 16812K(16960K)->16812K(16960K) Class: 1828K(1856K)->1828K(1856K)
[269.905s][info][gc             ] GC(591) Pause Young (Prepare Mixed) (G1 Evacuation Pause) 778M->675M(978M) 2.969ms
[269.905s][info][gc,cpu         ] GC(591) User=0.01s Sys=0.00s Real=0.01s
[271.682s][info][gc,start       ] GC(592) Pause Young (Mixed) (G1 Evacuation Pause)
[271.682s][info][gc,task        ] GC(592) Using 2 workers of 2 for evacuation
[271.700s][info][gc,phases      ] GC(592)   Pre Evacuate Collection Set: 0.55ms
[271.700s][info][gc,phases      ] GC(592)   Merge Heap Roots: 0.50ms
[271.700s][info][gc,phases      ] GC(592)   Evacuate Collection Set: 15.44ms
[271.700s][info][gc,phases      ] GC(592)   Post Evacuate Collection Set: 0.58ms
[271.700s][info][gc,phases      ] GC(592)   Other: 0.10ms
[271.700s][info][gc,heap        ] GC(592) Eden regions: 251->0(272)
[271.700s][info][gc,heap        ] GC(592) Survivor regions: 1->3(32)
[271.700s][info][gc,heap        ] GC(592) Old regions: 668->643
[271.700s][info][gc,heap        ] GC(592) Humongous regions: 7->7
[271.700s][info][gc,metaspace   ] GC(592) Metaspace: 18687K(18816K)->18687K(18816K) NonClass: 16858K(16960K)->16858K(16960K) Class: 1828K(1856K)->1828K(1856K)
[271.700s][info][gc             ] GC(592) Pause Young (Mixed) (G1 Evacuation Pause) 926M->651M(978M) 17.426ms
[271.700s][info][gc,cpu         ] GC(592) User=0.04s Sys=0.00s Real=0.02s
[272.490s][info][gc,start       ] GC(593) Pause Young (Concurrent Start) (G1 Evacuation Pause)
[272.490s][info][gc,task        ] GC(593) Using 2 workers of 2 for evacuation
[272.496s][info][gc,phases      ] GC(593)   Pre Evacuate Collection Set: 0.37ms
[272.496s][info][gc,phases      ] GC(593)   Merge Heap Roots: 0.15ms
[272.496s][info][gc,phases      ] GC(593)   Evacuate Collection Set: 4.72ms
[272.496s][info][gc,phases      ] GC(593)   Post Evacuate Collection Set: 0.60ms
[272.496s][info][gc,phases      ] GC(593)   Other: 0.16ms
[272.496s][info][gc,heap        ] GC(593) Eden regions: 272->0(270)
[272.496s][info][gc,heap        ] GC(593) Survivor regions: 3->4(35)
[272.496s][info][gc,heap        ] GC(593) Old regions: 643->643
[272.496s][info][gc,heap        ] GC(593) Humongous regions: 7->7
[272.496s][info][gc,metaspace   ] GC(593) Metaspace: 18701K(18816K)->18701K(18816K) NonClass: 16872K(16960K)->16872K(16960K) Class: 1828K(1856K)->1828K(1856K)
[272.496s][info][gc             ] GC(593) Pause Young (Concurrent Start) (G1 Evacuation Pause) 923M->652M(978M) 6.253ms
[272.496s][info][gc,cpu         ] GC(593) User=0.01s Sys=0.00s Real=0.01s
[272.496s][info][gc             ] GC(594) Concurrent Mark Cycle
[272.496s][info][gc,marking     ] GC(594) Concurrent Scan Root Regions
[272.506s][info][gc,marking     ] GC(594) Concurrent Scan Root Regions 10.177ms
[272.506s][info][gc,marking     ] GC(594) Concurrent Mark
[272.506s][info][gc,marking     ] GC(594) Concurrent Mark From Roots
[272.507s][info][gc,task        ] GC(594) Using 1 workers of 1 for marking
[273.130s][info][gc,start       ] GC(595) Pause Young (Normal) (G1 Evacuation Pause)
[273.130s][info][gc,task        ] GC(595) Using 2 workers of 2 for evacuation
[273.235s][info][gc,phases      ] GC(595)   Pre Evacuate Collection Set: 0.54ms
[273.235s][info][gc,phases      ] GC(595)   Merge Heap Roots: 0.15ms
[273.235s][info][gc,phases      ] GC(595)   Evacuate Collection Set: 92.53ms
[273.235s][info][gc,phases      ] GC(595)   Post Evacuate Collection Set: 11.58ms
[273.235s][info][gc,phases      ] GC(595)   Other: 0.10ms
[273.235s][info][gc,heap        ] GC(595) Eden regions: 270->0(83)
[273.235s][info][gc,heap        ] GC(595) Survivor regions: 4->35(35)
[273.235s][info][gc,heap        ] GC(595) Old regions: 643->768
[273.235s][info][gc,heap        ] GC(595) Humongous regions: 7->7
[273.235s][info][gc,metaspace   ] GC(595) Metaspace: 18751K(18880K)->18751K(18880K) NonClass: 16922K(17024K)->16922K(17024K) Class: 1828K(1856K)->1828K(1856K)
[273.235s][info][gc             ] GC(595) Pause Young (Normal) (G1 Evacuation Pause) (Evacuation Failure: Allocation) 922M->809M(978M) 105.172ms
[273.235s][info][gc,cpu         ] GC(595) User=0.21s Sys=0.00s Real=0.11s
[273.399s][info][gc,start       ] GC(596) Pause Young (Normal) (G1 Evacuation Pause)
[273.399s][info][gc,task        ] GC(596) Using 2 workers of 2 for evacuation
[273.519s][info][gc,phases      ] GC(596)   Pre Evacuate Collection Set: 0.58ms
[273.519s][info][gc,phases      ] GC(596)   Merge Heap Roots: 0.37ms
[273.519s][info][gc,phases      ] GC(596)   Evacuate Collection Set: 118.08ms
[273.519s][info][gc,phases      ] GC(596)   Post Evacuate Collection Set: 1.25ms
[273.519s][info][gc,phases      ] GC(596)   Other: 0.09ms
[273.519s][info][gc,heap        ] GC(596) Eden regions: 83->0(152)
[273.519s][info][gc,heap        ] GC(596) Survivor regions: 35->15(15)
[273.519s][info][gc,heap        ] GC(596) Old regions: 768->739
[273.519s][info][gc,heap        ] GC(596) Humongous regions: 7->7
[273.519s][info][gc,metaspace   ] GC(596) Metaspace: 18751K(18880K)->18751K(18880K) NonClass: 16922K(17024K)->16922K(17024K) Class: 1828K(1856K)->1828K(1856K)
[273.519s][info][gc             ] GC(596) Pause Young (Normal) (G1 Evacuation Pause) (Evacuation Failure: Allocation) 892M->760M(978M) 120.677ms
[273.520s][info][gc,cpu         ] GC(596) User=0.24s Sys=0.00s Real=0.12s
[274.082s][info][gc,start       ] GC(597) Pause Young (Normal) (G1 Evacuation Pause)
[274.083s][info][gc,task        ] GC(597) Using 2 workers of 2 for evacuation
[274.158s][info][gc,phases      ] GC(597)   Pre Evacuate Collection Set: 0.60ms
[274.158s][info][gc,phases      ] GC(597)   Merge Heap Roots: 0.26ms
[274.158s][info][gc,phases      ] GC(597)   Evacuate Collection Set: 71.24ms
[274.158s][info][gc,phases      ] GC(597)   Post Evacuate Collection Set: 3.60ms
[274.158s][info][gc,phases      ] GC(597)   Other: 0.09ms
[274.158s][info][gc,heap        ] GC(597) Eden regions: 152->0(27)
[274.158s][info][gc,heap        ] GC(597) Survivor regions: 15->21(21)
[274.158s][info][gc,heap        ] GC(597) Old regions: 739->897
[274.158s][info][gc,heap        ] GC(597) Humongous regions: 7->7
[274.158s][info][gc,metaspace   ] GC(597) Metaspace: 18752K(18880K)->18752K(18880K) NonClass: 16923K(17024K)->16923K(17024K) Class: 1828K(1856K)->1828K(1856K)
[274.158s][info][gc             ] GC(597) Pause Young (Normal) (G1 Evacuation Pause) (Evacuation Failure: Allocation) 912M->924M(978M) 76.057ms
[274.159s][info][gc,cpu         ] GC(597) User=0.15s Sys=0.00s Real=0.08s
[274.241s][info][gc,start       ] GC(598) Pause Young (Normal) (G1 Evacuation Pause)
[274.241s][info][gc,task        ] GC(598) Using 2 workers of 2 for evacuation
[274.294s][info][gc,phases      ] GC(598)   Pre Evacuate Collection Set: 0.39ms
[274.294s][info][gc,phases      ] GC(598)   Merge Heap Roots: 0.50ms
[274.294s][info][gc,phases      ] GC(598)   Evacuate Collection Set: 47.88ms
[274.294s][info][gc,phases      ] GC(598)   Post Evacuate Collection Set: 4.47ms
[274.294s][info][gc,phases      ] GC(598)   Other: 0.09ms
[274.294s][info][gc,heap        ] GC(598) Eden regions: 27->0(42)
[274.294s][info][gc,heap        ] GC(598) Survivor regions: 21->6(6)
[274.294s][info][gc,heap        ] GC(598) Old regions: 897->882
[274.294s][info][gc,heap        ] GC(598) Humongous regions: 7->7
[274.294s][info][gc,metaspace   ] GC(598) Metaspace: 18752K(18880K)->18752K(18880K) NonClass: 16923K(17024K)->16923K(17024K) Class: 1828K(1856K)->1828K(1856K)
[274.294s][info][gc             ] GC(598) Pause Young (Normal) (G1 Evacuation Pause) (Evacuation Failure: Allocation) 951M->894M(978M) 53.670ms
[274.294s][info][gc,cpu         ] GC(598) User=0.11s Sys=0.00s Real=0.06s
[274.525s][info][gc,start       ] GC(599) Pause Young (Normal) (G1 Evacuation Pause)
[274.526s][info][gc,task        ] GC(599) Using 2 workers of 2 for evacuation
[274.586s][info][gc,phases      ] GC(599)   Pre Evacuate Collection Set: 0.41ms
[274.586s][info][gc,phases      ] GC(599)   Merge Heap Roots: 0.83ms
[274.586s][info][gc,phases      ] GC(599)   Evacuate Collection Set: 58.61ms
[274.586s][info][gc,phases      ] GC(599)   Post Evacuate Collection Set: 0.60ms
[274.586s][info][gc,phases      ] GC(599)   Other: 0.09ms
[274.586s][info][gc,heap        ] GC(599) Eden regions: 42->0(89)
[274.586s][info][gc,heap        ] GC(599) Survivor regions: 6->6(6)
[274.586s][info][gc,heap        ] GC(599) Old regions: 882->818
[274.586s][info][gc,heap        ] GC(599) Humongous regions: 8->8
[274.586s][info][gc,metaspace   ] GC(599) Metaspace: 18754K(18880K)->18754K(18880K) NonClass: 16925K(17024K)->16925K(17024K) Class: 1828K(1856K)->1828K(1856K)
[274.586s][info][gc             ] GC(599) Pause Young (Normal) (G1 Evacuation Pause) 937M->831M(978M) 60.875ms
[274.586s][info][gc,cpu         ] GC(599) User=0.12s Sys=0.00s Real=0.06s
[274.770s][info][gc,start       ] GC(600) Pause Young (Normal) (G1 Evacuation Pause)
[274.770s][info][gc,task        ] GC(600) Using 2 workers of 2 for evacuation
[274.807s][info][gc,phases      ] GC(600)   Pre Evacuate Collection Set: 0.51ms
[274.807s][info][gc,phases      ] GC(600)   Merge Heap Roots: 0.73ms
[274.807s][info][gc,phases      ] GC(600)   Evacuate Collection Set: 35.15ms
[274.807s][info][gc,phases      ] GC(600)   Post Evacuate Collection Set: 0.50ms
[274.807s][info][gc,phases      ] GC(600)   Other: 0.13ms
[274.807s][info][gc,heap        ] GC(600) Eden regions: 89->0(75)
[274.807s][info][gc,heap        ] GC(600) Survivor regions: 6->12(12)
[274.807s][info][gc,heap        ] GC(600) Old regions: 818->821
[274.807s][info][gc,heap        ] GC(600) Humongous regions: 8->8
[274.807s][info][gc,metaspace   ] GC(600) Metaspace: 18764K(18880K)->18764K(18880K) NonClass: 16935K(17024K)->16935K(17024K) Class: 1828K(1856K)->1828K(1856K)
[274.807s][info][gc             ] GC(600) Pause Young (Normal) (G1 Evacuation Pause) 920M->840M(978M) 37.320ms
[274.807s][info][gc,cpu         ] GC(600) User=0.07s Sys=0.00s Real=0.04s
[274.847s][info][gc,marking     ] GC(594) Concurrent Mark From Roots 2340.246ms
[274.847s][info][gc,marking     ] GC(594) Concurrent Preclean
[274.847s][info][gc,marking     ] GC(594) Concurrent Preclean 0.034ms
[274.847s][info][gc,start       ] GC(594) Pause Remark
[274.863s][info][metaspace      ] ChkMgr @0x00007f9cbc15e5a0 (non-class-space): : reclaiming memory...
[274.864s][info][metaspace      ] ChkMgr @0x00007f9cbc15e5a0 (non-class-space): nothing reclaimed.
[274.864s][info][metaspace      ] ChkMgr @0x00007f9cbc15c6b0 (class-space): : reclaiming memory...
[274.864s][info][metaspace      ] ChkMgr @0x00007f9cbc15c6b0 (class-space): nothing reclaimed.
[274.864s][info][gc             ] GC(594) Pause Remark 858M->799M(978M) 16.969ms
[274.864s][info][gc,cpu         ] GC(594) User=0.04s Sys=0.00s Real=0.01s
[274.866s][info][gc,marking     ] GC(594) Concurrent Mark 2359.080ms
[274.866s][info][gc,marking     ] GC(594) Concurrent Rebuild Remembered Sets and Scrub Regions
[274.981s][info][gc,start       ] GC(601) Pause Young (Normal) (G1 Evacuation Pause)
[274.981s][info][gc,task        ] GC(601) Using 2 workers of 2 for evacuation
[275.047s][info][gc,phases      ] GC(601)   Pre Evacuate Collection Set: 0.55ms
[275.047s][info][gc,phases      ] GC(601)   Merge Heap Roots: 0.48ms
[275.047s][info][gc,phases      ] GC(601)   Evacuate Collection Set: 63.93ms
[275.047s][info][gc,phases      ] GC(601)   Post Evacuate Collection Set: 0.46ms
[275.047s][info][gc,phases      ] GC(601)   Other: 0.09ms
[275.047s][info][gc,heap        ] GC(601) Eden regions: 75->0(106)
[275.047s][info][gc,heap        ] GC(601) Survivor regions: 12->11(11)
[275.047s][info][gc,heap        ] GC(601) Old regions: 764->786
[275.047s][info][gc,heap        ] GC(601) Humongous regions: 9->9
[275.047s][info][gc,metaspace   ] GC(601) Metaspace: 18755K(18880K)->18755K(18880K) NonClass: 16926K(17024K)->16926K(17024K) Class: 1828K(1856K)->1828K(1856K)
[275.047s][info][gc             ] GC(601) Pause Young (Normal) (G1 Evacuation Pause) 859M->805M(978M) 65.802ms
[275.047s][info][gc,cpu         ] GC(601) User=0.12s Sys=0.00s Real=0.07s
[275.241s][info][gc,start       ] GC(602) Pause Young (Normal) (G1 Evacuation Pause)
[275.241s][info][gc,task        ] GC(602) Using 2 workers of 2 for evacuation
[275.286s][info][gc,phases      ] GC(602)   Pre Evacuate Collection Set: 0.54ms
[275.286s][info][gc,phases      ] GC(602)   Merge Heap Roots: 0.39ms
[275.286s][info][gc,phases      ] GC(602)   Evacuate Collection Set: 43.24ms
[275.286s][info][gc,phases      ] GC(602)   Post Evacuate Collection Set: 0.46ms
[275.286s][info][gc,phases      ] GC(602)   Other: 0.12ms
[275.286s][info][gc,heap        ] GC(602) Eden regions: 106->0(97)
[275.286s][info][gc,heap        ] GC(602) Survivor regions: 11->12(15)
[275.286s][info][gc,heap        ] GC(602) Old regions: 786->798
[275.286s][info][gc,heap        ] GC(602) Humongous regions: 9->9
[275.286s][info][gc,metaspace   ] GC(602) Metaspace: 18755K(18880K)->18755K(18880K) NonClass: 16926K(17024K)->16926K(17024K) Class: 1828K(1856K)->1828K(1856K)
[275.286s][info][gc             ] GC(602) Pause Young (Normal) (G1 Evacuation Pause) 911M->818M(978M) 45.046ms
[275.286s][info][gc,cpu         ] GC(602) User=0.09s Sys=0.00s Real=0.05s
[275.465s][info][gc,start       ] GC(603) Pause Young (Normal) (G1 Evacuation Pause)
[275.465s][info][gc,task        ] GC(603) Using 2 workers of 2 for evacuation
[275.488s][info][gc,phases      ] GC(603)   Pre Evacuate Collection Set: 0.56ms
[275.488s][info][gc,phases      ] GC(603)   Merge Heap Roots: 0.21ms
[275.488s][info][gc,phases      ] GC(603)   Evacuate Collection Set: 21.99ms
[275.488s][info][gc,phases      ] GC(603)   Post Evacuate Collection Set: 0.46ms
[275.488s][info][gc,phases      ] GC(603)   Other: 0.10ms
[275.488s][info][gc,heap        ] GC(603) Eden regions: 97->0(103)
[275.488s][info][gc,heap        ] GC(603) Survivor regions: 12->3(14)
[275.488s][info][gc,heap        ] GC(603) Old regions: 798->810
[275.488s][info][gc,heap        ] GC(603) Humongous regions: 9->9
[275.488s][info][gc,metaspace   ] GC(603) Metaspace: 18759K(18880K)->18759K(18880K) NonClass: 16931K(17024K)->16931K(17024K) Class: 1828K(1856K)->1828K(1856K)
[275.488s][info][gc             ] GC(603) Pause Young (Normal) (G1 Evacuation Pause) 915M->821M(978M) 23.593ms
[275.488s][info][gc,cpu         ] GC(603) User=0.04s Sys=0.00s Real=0.02s
[275.662s][info][gc,start       ] GC(604) Pause Young (Normal) (G1 Evacuation Pause)
[275.662s][info][gc,task        ] GC(604) Using 2 workers of 2 for evacuation
[275.688s][info][gc,phases      ] GC(604)   Pre Evacuate Collection Set: 0.52ms
[275.688s][info][gc,phases      ] GC(604)   Merge Heap Roots: 0.31ms
[275.688s][info][gc,phases      ] GC(604)   Evacuate Collection Set: 24.20ms
[275.688s][info][gc,phases      ] GC(604)   Post Evacuate Collection Set: 0.46ms
[275.688s][info][gc,phases      ] GC(604)   Other: 0.12ms
[275.688s][info][gc,heap        ] GC(604) Eden regions: 103->0(85)
[275.688s][info][gc,heap        ] GC(604) Survivor regions: 3->12(14)
[275.688s][info][gc,heap        ] GC(604) Old regions: 810->810
[275.688s][info][gc,heap        ] GC(604) Humongous regions: 9->9
[275.688s][info][gc,metaspace   ] GC(604) Metaspace: 18759K(18880K)->18759K(18880K) NonClass: 16931K(17024K)->16931K(17024K) Class: 1828K(1856K)->1828K(1856K)
[275.688s][info][gc             ] GC(604) Pause Young (Normal) (G1 Evacuation Pause) 924M->830M(978M) 25.917ms
[275.688s][info][gc,cpu         ] GC(604) User=0.05s Sys=0.00s Real=0.03s
[275.790s][info][gc,start       ] GC(605) Pause Young (Normal) (G1 Evacuation Pause)
[275.790s][info][gc,task        ] GC(605) Using 2 workers of 2 for evacuation
[275.817s][info][gc,phases      ] GC(605)   Pre Evacuate Collection Set: 0.33ms
[275.817s][info][gc,phases      ] GC(605)   Merge Heap Roots: 0.31ms
[275.817s][info][gc,phases      ] GC(605)   Evacuate Collection Set: 25.78ms
[275.817s][info][gc,phases      ] GC(605)   Post Evacuate Collection Set: 0.51ms
[275.817s][info][gc,phases      ] GC(605)   Other: 0.12ms
[275.817s][info][gc,heap        ] GC(605) Eden regions: 85->0(93)
[275.817s][info][gc,heap        ] GC(605) Survivor regions: 12->2(13)
[275.817s][info][gc,heap        ] GC(605) Old regions: 810->822
[275.817s][info][gc,heap        ] GC(605) Humongous regions: 9->9
[275.817s][info][gc,metaspace   ] GC(605) Metaspace: 18759K(18880K)->18759K(18880K) NonClass: 16931K(17024K)->16931K(17024K) Class: 1828K(1856K)->1828K(1856K)
[275.817s][info][gc             ] GC(605) Pause Young (Normal) (G1 Evacuation Pause) 915M->832M(978M) 27.355ms
[275.817s][info][gc,cpu         ] GC(605) User=0.05s Sys=0.00s Real=0.03s
[275.889s][info][gc,marking     ] GC(594) Concurrent Rebuild Remembered Sets and Scrub Regions 1023.503ms
[275.889s][info][gc,start       ] GC(594) Pause Cleanup
[275.890s][info][gc             ] GC(594) Pause Cleanup 871M->871M(978M) 0.181ms
[275.890s][info][gc,cpu         ] GC(594) User=0.00s Sys=0.00s Real=0.00s
[275.891s][info][gc,marking     ] GC(594) Concurrent Clear Claimed Marks
[275.891s][info][gc,marking     ] GC(594) Concurrent Clear Claimed Marks 0.060ms
[275.891s][info][gc,marking     ] GC(594) Concurrent Cleanup for Next Mark
[275.894s][info][gc,marking     ] GC(594) Concurrent Cleanup for Next Mark 3.024ms
[275.894s][info][gc             ] GC(594) Concurrent Mark Cycle 3398.172ms
[275.953s][info][gc,start       ] GC(606) Pause Young (Prepare Mixed) (G1 Evacuation Pause)
[275.953s][info][gc,task        ] GC(606) Using 2 workers of 2 for evacuation
[275.971s][info][gc,phases      ] GC(606)   Pre Evacuate Collection Set: 0.56ms
[275.971s][info][gc,phases      ] GC(606)   Merge Heap Roots: 0.35ms
[275.971s][info][gc,phases      ] GC(606)   Evacuate Collection Set: 16.48ms
[275.971s][info][gc,phases      ] GC(606)   Post Evacuate Collection Set: 0.54ms
[275.971s][info][gc,phases      ] GC(606)   Other: 0.14ms
[275.971s][info][gc,heap        ] GC(606) Eden regions: 93->0(93)
[275.971s][info][gc,heap        ] GC(606) Survivor regions: 2->2(12)
[275.971s][info][gc,heap        ] GC(606) Old regions: 822->822
[275.971s][info][gc,heap        ] GC(606) Humongous regions: 9->9
[275.971s][info][gc,metaspace   ] GC(606) Metaspace: 18759K(18880K)->18759K(18880K) NonClass: 16931K(17024K)->16931K(17024K) Class: 1828K(1856K)->1828K(1856K)
[275.971s][info][gc             ] GC(606) Pause Young (Prepare Mixed) (G1 Evacuation Pause) 925M->832M(978M) 18.337ms
[275.971s][info][gc,cpu         ] GC(606) User=0.03s Sys=0.00s Real=0.02s
[276.058s][info][gc,start       ] GC(607) Pause Young (Mixed) (G1 Evacuation Pause)
[276.058s][info][gc,task        ] GC(607) Using 2 workers of 2 for evacuation
[276.166s][info][gc,phases      ] GC(607)   Pre Evacuate Collection Set: 0.40ms
[276.166s][info][gc,phases      ] GC(607)   Merge Heap Roots: 0.99ms
[276.166s][info][gc,phases      ] GC(607)   Evacuate Collection Set: 105.47ms
[276.166s][info][gc,phases      ] GC(607)   Post Evacuate Collection Set: 0.97ms
[276.166s][info][gc,phases      ] GC(607)   Other: 0.12ms
[276.166s][info][gc,heap        ] GC(607) Eden regions: 93->0(159)
[276.166s][info][gc,heap        ] GC(607) Survivor regions: 2->3(12)
[276.166s][info][gc,heap        ] GC(607) Old regions: 822->754
[276.166s][info][gc,heap        ] GC(607) Humongous regions: 9->9
[276.166s][info][gc,metaspace   ] GC(607) Metaspace: 18759K(18880K)->18759K(18880K) NonClass: 16931K(17024K)->16931K(17024K) Class: 1828K(1856K)->1828K(1856K)
[276.167s][info][gc             ] GC(607) Pause Young (Mixed) (G1 Evacuation Pause) 925M->764M(978M) 108.372ms
[276.167s][info][gc,cpu         ] GC(607) User=0.21s Sys=0.00s Real=0.11s
[276.315s][info][gc,start       ] GC(608) Pause Young (Mixed) (G1 Evacuation Pause)
[276.315s][info][gc,task        ] GC(608) Using 2 workers of 2 for evacuation
[276.479s][info][gc,phases      ] GC(608)   Pre Evacuate Collection Set: 0.32ms
[276.479s][info][gc,phases      ] GC(608)   Merge Heap Roots: 1.68ms
[276.479s][info][gc,phases      ] GC(608)   Evacuate Collection Set: 160.80ms
[276.479s][info][gc,phases      ] GC(608)   Post Evacuate Collection Set: 0.50ms
[276.479s][info][gc,phases      ] GC(608)   Other: 0.15ms
[276.479s][info][gc,heap        ] GC(608) Eden regions: 159->0(119)
[276.479s][info][gc,heap        ] GC(608) Survivor regions: 3->21(21)
[276.479s][info][gc,heap        ] GC(608) Old regions: 754->758
[276.479s][info][gc,heap        ] GC(608) Humongous regions: 9->9
[276.479s][info][gc,metaspace   ] GC(608) Metaspace: 18759K(18880K)->18759K(18880K) NonClass: 16931K(17024K)->16931K(17024K) Class: 1828K(1856K)->1828K(1856K)
[276.479s][info][gc             ] GC(608) Pause Young (Mixed) (G1 Evacuation Pause) 923M->787M(978M) 163.762ms
[276.479s][info][gc,cpu         ] GC(608) User=0.33s Sys=0.00s Real=0.16s
[276.583s][info][gc,start       ] GC(609) Pause Young (Concurrent Start) (G1 Evacuation Pause)
[276.583s][info][gc,task        ] GC(609) Using 2 workers of 2 for evacuation
[276.638s][info][gc,phases      ] GC(609)   Pre Evacuate Collection Set: 0.35ms
[276.638s][info][gc,phases      ] GC(609)   Merge Heap Roots: 0.15ms
[276.638s][info][gc,phases      ] GC(609)   Evacuate Collection Set: 54.02ms
[276.638s][info][gc,phases      ] GC(609)   Post Evacuate Collection Set: 0.55ms
[276.638s][info][gc,phases      ] GC(609)   Other: 0.14ms
[276.638s][info][gc,heap        ] GC(609) Eden regions: 119->0(94)
[276.638s][info][gc,heap        ] GC(609) Survivor regions: 21->18(18)
[276.638s][info][gc,heap        ] GC(609) Old regions: 758->789
[276.638s][info][gc,heap        ] GC(609) Humongous regions: 9->9
[276.638s][info][gc,metaspace   ] GC(609) Metaspace: 18759K(18880K)->18759K(18880K) NonClass: 16931K(17024K)->16931K(17024K) Class: 1828K(1856K)->1828K(1856K)
[276.638s][info][gc             ] GC(609) Pause Young (Concurrent Start) (G1 Evacuation Pause) 906M->815M(978M) 55.491ms
[276.638s][info][gc,cpu         ] GC(609) User=0.11s Sys=0.00s Real=0.06s
[276.638s][info][gc             ] GC(610) Concurrent Mark Cycle
[276.638s][info][gc,marking     ] GC(610) Concurrent Scan Root Regions
[276.710s][info][gc,marking     ] GC(610) Concurrent Scan Root Regions 71.696ms
[276.710s][info][gc,marking     ] GC(610) Concurrent Mark
[276.710s][info][gc,marking     ] GC(610) Concurrent Mark From Roots
[276.710s][info][gc,task        ] GC(610) Using 1 workers of 1 for marking
[276.830s][info][gc,start       ] GC(611) Pause Young (Normal) (G1 Evacuation Pause)
[276.830s][info][gc,task        ] GC(611) Using 2 workers of 2 for evacuation
[276.877s][info][gc,phases      ] GC(611)   Pre Evacuate Collection Set: 0.56ms
[276.877s][info][gc,phases      ] GC(611)   Merge Heap Roots: 0.26ms
[276.877s][info][gc,phases      ] GC(611)   Evacuate Collection Set: 45.28ms
[276.877s][info][gc,phases      ] GC(611)   Post Evacuate Collection Set: 0.50ms
[276.877s][info][gc,phases      ] GC(611)   Other: 0.08ms
[276.877s][info][gc,heap        ] GC(611) Eden regions: 94->0(79)
[276.877s][info][gc,heap        ] GC(611) Survivor regions: 18->14(14)
[276.877s][info][gc,heap        ] GC(611) Old regions: 789->811
[276.877s][info][gc,heap        ] GC(611) Humongous regions: 10->10
[276.877s][info][gc,metaspace   ] GC(611) Metaspace: 18759K(18880K)->18759K(18880K) NonClass: 16931K(17024K)->16931K(17024K) Class: 1828K(1856K)->1828K(1856K)
[276.877s][info][gc             ] GC(611) Pause Young (Normal) (G1 Evacuation Pause) 910M->834M(978M) 46.979ms
[276.877s][info][gc,cpu         ] GC(611) User=0.10s Sys=0.00s Real=0.05s
[276.973s][info][gc,start       ] GC(612) Pause Young (Normal) (G1 Evacuation Pause)
[276.973s][info][gc,task        ] GC(612) Using 2 workers of 2 for evacuation
[277.005s][info][gc,phases      ] GC(612)   Pre Evacuate Collection Set: 0.34ms
[277.005s][info][gc,phases      ] GC(612)   Merge Heap Roots: 0.31ms
[277.005s][info][gc,phases      ] GC(612)   Evacuate Collection Set: 30.50ms
[277.005s][info][gc,phases      ] GC(612)   Post Evacuate Collection Set: 0.38ms
[277.005s][info][gc,phases      ] GC(612)   Other: 0.09ms
[277.005s][info][gc,heap        ] GC(612) Eden regions: 79->0(80)
[277.005s][info][gc,heap        ] GC(612) Survivor regions: 14->6(12)
[277.005s][info][gc,heap        ] GC(612) Old regions: 811->826
[277.005s][info][gc,heap        ] GC(612) Humongous regions: 10->10
[277.005s][info][gc,metaspace   ] GC(612) Metaspace: 18759K(18880K)->18759K(18880K) NonClass: 16931K(17024K)->16931K(17024K) Class: 1828K(1856K)->1828K(1856K)
[277.005s][info][gc             ] GC(612) Pause Young (Normal) (G1 Evacuation Pause) 913M->841M(978M) 31.865ms
[277.005s][info][gc,cpu         ] GC(612) User=0.06s Sys=0.00s Real=0.04s
[277.127s][info][gc,start       ] GC(613) Pause Young (Normal) (G1 Evacuation Pause)
[277.127s][info][gc,task        ] GC(613) Using 2 workers of 2 for evacuation
[277.143s][info][gc,phases      ] GC(613)   Pre Evacuate Collection Set: 0.52ms
[277.143s][info][gc,phases      ] GC(613)   Merge Heap Roots: 0.13ms
[277.143s][info][gc,phases      ] GC(613)   Evacuate Collection Set: 14.79ms
[277.143s][info][gc,phases      ] GC(613)   Post Evacuate Collection Set: 0.38ms
[277.143s][info][gc,phases      ] GC(613)   Other: 0.08ms
[277.143s][info][gc,heap        ] GC(613) Eden regions: 80->0(74)
[277.143s][info][gc,heap        ] GC(613) Survivor regions: 6->6(11)
[277.143s][info][gc,heap        ] GC(613) Old regions: 826->832
[277.143s][info][gc,heap        ] GC(613) Humongous regions: 10->10
[277.143s][info][gc,metaspace   ] GC(613) Metaspace: 18759K(18880K)->18759K(18880K) NonClass: 16931K(17024K)->16931K(17024K) Class: 1828K(1856K)->1828K(1856K)
[277.143s][info][gc             ] GC(613) Pause Young (Normal) (G1 Evacuation Pause) 921M->847M(978M) 16.142ms
[277.144s][info][gc,cpu         ] GC(613) User=0.04s Sys=0.00s Real=0.01s
[277.315s][info][gc,start       ] GC(614) Pause Young (Normal) (G1 Evacuation Pause)
[277.315s][info][gc,task        ] GC(614) Using 2 workers of 2 for evacuation
[277.326s][info][gc,phases      ] GC(614)   Pre Evacuate Collection Set: 0.32ms
[277.326s][info][gc,phases      ] GC(614)   Merge Heap Roots: 0.09ms
[277.326s][info][gc,phases      ] GC(614)   Evacuate Collection Set: 9.94ms
[277.326s][info][gc,phases      ] GC(614)   Post Evacuate Collection Set: 0.37ms
[277.326s][info][gc,phases      ] GC(614)   Other: 0.08ms
[277.326s][info][gc,heap        ] GC(614) Eden regions: 74->0(70)
[277.326s][info][gc,heap        ] GC(614) Survivor regions: 6->8(10)
[277.326s][info][gc,heap        ] GC(614) Old regions: 832->832
[277.326s][info][gc,heap        ] GC(614) Humongous regions: 10->10
[277.326s][info][gc,metaspace   ] GC(614) Metaspace: 18759K(18880K)->18759K(18880K) NonClass: 16931K(17024K)->16931K(17024K) Class: 1828K(1856K)->1828K(1856K)
[277.326s][info][gc             ] GC(614) Pause Young (Normal) (G1 Evacuation Pause) 921M->849M(978M) 11.058ms
[277.326s][info][gc,cpu         ] GC(614) User=0.03s Sys=0.00s Real=0.01s
[277.485s][info][gc,start       ] GC(615) Pause Young (Normal) (G1 Evacuation Pause)
[277.485s][info][gc,task        ] GC(615) Using 2 workers of 2 for evacuation
[277.498s][info][gc,phases      ] GC(615)   Pre Evacuate Collection Set: 0.32ms
[277.498s][info][gc,phases      ] GC(615)   Merge Heap Roots: 0.12ms
[277.498s][info][gc,phases      ] GC(615)   Evacuate Collection Set: 11.37ms
[277.498s][info][gc,phases      ] GC(615)   Post Evacuate Collection Set: 0.36ms
[277.498s][info][gc,phases      ] GC(615)   Other: 0.11ms
[277.498s][info][gc,heap        ] GC(615) Eden regions: 70->0(73)
[277.498s][info][gc,heap        ] GC(615) Survivor regions: 8->4(10)
[277.498s][info][gc,heap        ] GC(615) Old regions: 832->837
[277.498s][info][gc,heap        ] GC(615) Humongous regions: 10->10
[277.498s][info][gc,metaspace   ] GC(615) Metaspace: 18759K(18880K)->18759K(18880K) NonClass: 16931K(17024K)->16931K(17024K) Class: 1828K(1856K)->1828K(1856K)
[277.498s][info][gc             ] GC(615) Pause Young (Normal) (G1 Evacuation Pause) 919M->850M(978M) 12.552ms
[277.498s][info][gc,cpu         ] GC(615) User=0.03s Sys=0.00s Real=0.01s
[277.556s][info][gc,marking     ] GC(610) Concurrent Mark From Roots 846.221ms
[277.556s][info][gc,marking     ] GC(610) Concurrent Preclean
[277.556s][info][gc,marking     ] GC(610) Concurrent Preclean 0.048ms
[277.556s][info][gc,start       ] GC(610) Pause Remark
[277.568s][info][metaspace      ] ChkMgr @0x00007f9cbc15e5a0 (non-class-space): : reclaiming memory...
[277.568s][info][metaspace      ] ChkMgr @0x00007f9cbc15e5a0 (non-class-space): nothing reclaimed.
[277.568s][info][metaspace      ] ChkMgr @0x00007f9cbc15c6b0 (class-space): : reclaiming memory...
[277.568s][info][metaspace      ] ChkMgr @0x00007f9cbc15c6b0 (class-space): nothing reclaimed.
[277.569s][info][gc             ] GC(610) Pause Remark 876M->378M(978M) 12.564ms
[277.569s][info][gc,cpu         ] GC(610) User=0.02s Sys=0.00s Real=0.01s
[277.570s][info][gc,marking     ] GC(610) Concurrent Mark 859.959ms
[277.570s][info][gc,marking     ] GC(610) Concurrent Rebuild Remembered Sets and Scrub Regions
[277.738s][info][gc,start       ] GC(616) Pause Young (Normal) (G1 Evacuation Pause)
[277.738s][info][gc,task        ] GC(616) Using 2 workers of 2 for evacuation
[277.750s][info][gc,phases      ] GC(616)   Pre Evacuate Collection Set: 0.51ms
[277.750s][info][gc,phases      ] GC(616)   Merge Heap Roots: 0.16ms
[277.750s][info][gc,phases      ] GC(616)   Evacuate Collection Set: 10.32ms
[277.750s][info][gc,phases      ] GC(616)   Post Evacuate Collection Set: 0.40ms
[277.750s][info][gc,phases      ] GC(616)   Other: 0.09ms
[277.750s][info][gc,heap        ] GC(616) Eden regions: 73->0(539)
[277.750s][info][gc,heap        ] GC(616) Survivor regions: 4->5(10)
[277.750s][info][gc,heap        ] GC(616) Old regions: 345->345
[277.750s][info][gc,heap        ] GC(616) Humongous regions: 4->4
[277.750s][info][gc,metaspace   ] GC(616) Metaspace: 18754K(18880K)->18754K(18880K) NonClass: 16925K(17024K)->16925K(17024K) Class: 1828K(1856K)->1828K(1856K)
[277.750s][info][gc             ] GC(616) Pause Young (Normal) (G1 Evacuation Pause) 425M->353M(978M) 11.755ms
[277.750s][info][gc,cpu         ] GC(616) User=0.01s Sys=0.00s Real=0.01s
[277.943s][info][gc,marking     ] GC(610) Concurrent Rebuild Remembered Sets and Scrub Regions 373.483ms
[277.944s][info][gc,start       ] GC(610) Pause Cleanup
[277.944s][info][gc             ] GC(610) Pause Cleanup 428M->428M(978M) 0.107ms
[277.944s][info][gc,cpu         ] GC(610) User=0.00s Sys=0.00s Real=0.00s
[277.944s][info][gc,marking     ] GC(610) Concurrent Clear Claimed Marks
[277.944s][info][gc,marking     ] GC(610) Concurrent Clear Claimed Marks 0.033ms
[277.944s][info][gc,marking     ] GC(610) Concurrent Cleanup for Next Mark
[277.947s][info][gc,marking     ] GC(610) Concurrent Cleanup for Next Mark 2.979ms
[277.947s][info][gc             ] GC(610) Concurrent Mark Cycle 1308.724ms
[278.813s][info][gc,start       ] GC(617) Pause Young (Prepare Mixed) (G1 Evacuation Pause)
[278.814s][info][gc,task        ] GC(617) Using 2 workers of 2 for evacuation
[278.921s][info][gc,phases      ] GC(617)   Pre Evacuate Collection Set: 0.32ms
[278.921s][info][gc,phases      ] GC(617)   Merge Heap Roots: 0.36ms
[278.921s][info][gc,phases      ] GC(617)   Evacuate Collection Set: 104.20ms
[278.921s][info][gc,phases      ] GC(617)   Post Evacuate Collection Set: 2.02ms
[278.921s][info][gc,phases      ] GC(617)   Other: 0.14ms
[278.921s][info][gc,heap        ] GC(617) Eden regions: 539->0(146)
[278.921s][info][gc,heap        ] GC(617) Survivor regions: 5->68(68)
[278.921s][info][gc,heap        ] GC(617) Old regions: 345->415
[278.921s][info][gc,heap        ] GC(617) Humongous regions: 5->5
[278.921s][info][gc,metaspace   ] GC(617) Metaspace: 18755K(18880K)->18755K(18880K) NonClass: 16926K(17024K)->16926K(17024K) Class: 1828K(1856K)->1828K(1856K)
[278.921s][info][gc             ] GC(617) Pause Young (Prepare Mixed) (G1 Evacuation Pause) (Evacuation Failure: Allocation) 893M->487M(978M) 107.357ms
[278.921s][info][gc,cpu         ] GC(617) User=0.22s Sys=0.00s Real=0.11s
[279.118s][info][gc,start       ] GC(618) Pause Young (Mixed) (G1 Evacuation Pause)
[279.118s][info][gc,task        ] GC(618) Using 2 workers of 2 for evacuation
[279.202s][info][gc,phases      ] GC(618)   Pre Evacuate Collection Set: 0.38ms
[279.202s][info][gc,phases      ] GC(618)   Merge Heap Roots: 0.24ms
[279.202s][info][gc,phases      ] GC(618)   Evacuate Collection Set: 81.77ms
[279.202s][info][gc,phases      ] GC(618)   Merge Optional Heap Roots: 0.05ms
[279.202s][info][gc,phases      ] GC(618)   Evacuate Optional Collection Set: 0.49ms
[279.202s][info][gc,phases      ] GC(618)   Post Evacuate Collection Set: 0.67ms
[279.202s][info][gc,phases      ] GC(618)   Other: 0.17ms
[279.202s][info][gc,heap        ] GC(618) Eden regions: 178->0(418)
[279.202s][info][gc,heap        ] GC(618) Survivor regions: 68->7(31)
[279.202s][info][gc,heap        ] GC(618) Old regions: 415->428
[279.202s][info][gc,heap        ] GC(618) Humongous regions: 5->5
[279.202s][info][gc,metaspace   ] GC(618) Metaspace: 18755K(18880K)->18755K(18880K) NonClass: 16926K(17024K)->16926K(17024K) Class: 1828K(1856K)->1828K(1856K)
[279.202s][info][gc             ] GC(618) Pause Young (Mixed) (G1 Evacuation Pause) 665M->439M(978M) 84.047ms
[279.202s][info][gc,cpu         ] GC(618) User=0.17s Sys=0.00s Real=0.08s
[279.752s][info][gc,start       ] GC(619) Pause Young (Mixed) (G1 Evacuation Pause)
[279.752s][info][gc,task        ] GC(619) Using 2 workers of 2 for evacuation
[279.886s][info][gc,phases      ] GC(619)   Pre Evacuate Collection Set: 0.56ms
[279.886s][info][gc,phases      ] GC(619)   Merge Heap Roots: 0.32ms
[279.886s][info][gc,phases      ] GC(619)   Evacuate Collection Set: 131.24ms
[279.886s][info][gc,phases      ] GC(619)   Post Evacuate Collection Set: 0.83ms
[279.886s][info][gc,phases      ] GC(619)   Other: 0.12ms
[279.886s][info][gc,heap        ] GC(619) Eden regions: 418->0(258)
[279.886s][info][gc,heap        ] GC(619) Survivor regions: 7->54(54)
[279.886s][info][gc,heap        ] GC(619) Old regions: 428->482
[279.886s][info][gc,heap        ] GC(619) Humongous regions: 5->5
[279.886s][info][gc,metaspace   ] GC(619) Metaspace: 18755K(18880K)->18755K(18880K) NonClass: 16926K(17024K)->16926K(17024K) Class: 1828K(1856K)->1828K(1856K)
[279.886s][info][gc             ] GC(619) Pause Young (Mixed) (G1 Evacuation Pause) 857M->540M(978M) 133.315ms
[279.886s][info][gc,cpu         ] GC(619) User=0.27s Sys=0.00s Real=0.14s
[280.048s][info][gc,start       ] GC(620) Pause Young (Concurrent Start) (G1 Humongous Allocation)
[280.048s][info][gc,task        ] GC(620) Using 2 workers of 2 for evacuation
[280.186s][info][gc,phases      ] GC(620)   Pre Evacuate Collection Set: 0.36ms
[280.186s][info][gc,phases      ] GC(620)   Merge Heap Roots: 0.30ms
[280.186s][info][gc,phases      ] GC(620)   Evacuate Collection Set: 136.21ms
[280.186s][info][gc,phases      ] GC(620)   Post Evacuate Collection Set: 0.59ms
[280.186s][info][gc,phases      ] GC(620)   Other: 0.13ms
[280.186s][info][gc,heap        ] GC(620) Eden regions: 139->0(205)
[280.186s][info][gc,heap        ] GC(620) Survivor regions: 54->39(39)
[280.186s][info][gc,heap        ] GC(620) Old regions: 482->563
[280.186s][info][gc,heap        ] GC(620) Humongous regions: 5->5
[280.186s][info][gc,metaspace   ] GC(620) Metaspace: 18755K(18880K)->18755K(18880K) NonClass: 16926K(17024K)->16926K(17024K) Class: 1828K(1856K)->1828K(1856K)
[280.186s][info][gc             ] GC(620) Pause Young (Concurrent Start) (G1 Humongous Allocation) 678M->606M(978M) 137.876ms
[280.186s][info][gc             ] GC(621) Concurrent Mark Cycle
[280.186s][info][gc,marking     ] GC(621) Concurrent Scan Root Regions
[280.187s][info][gc,cpu         ] GC(620) User=0.27s Sys=0.00s Real=0.14s
[280.405s][info][gc,marking     ] GC(621) Concurrent Scan Root Regions 218.280ms
[280.405s][info][gc,marking     ] GC(621) Concurrent Mark
[280.405s][info][gc,marking     ] GC(621) Concurrent Mark From Roots
[280.405s][info][gc,task        ] GC(621) Using 1 workers of 1 for marking
[280.455s][info][gc,start       ] GC(622) Pause Young (Normal) (G1 Evacuation Pause)
[280.455s][info][gc,task        ] GC(622) Using 2 workers of 2 for evacuation
[280.515s][info][gc,phases      ] GC(622)   Pre Evacuate Collection Set: 0.33ms
[280.515s][info][gc,phases      ] GC(622)   Merge Heap Roots: 0.22ms
[280.515s][info][gc,phases      ] GC(622)   Evacuate Collection Set: 58.90ms
[280.515s][info][gc,phases      ] GC(622)   Post Evacuate Collection Set: 0.52ms
[280.515s][info][gc,phases      ] GC(622)   Other: 0.09ms
[280.515s][info][gc,heap        ] GC(622) Eden regions: 205->0(209)
[280.515s][info][gc,heap        ] GC(622) Survivor regions: 39->16(31)
[280.515s][info][gc,heap        ] GC(622) Old regions: 563->603
[280.515s][info][gc,heap        ] GC(622) Humongous regions: 6->6
[280.515s][info][gc,metaspace   ] GC(622) Metaspace: 18760K(18880K)->18760K(18880K) NonClass: 16931K(17024K)->16931K(17024K) Class: 1828K(1856K)->1828K(1856K)
[280.515s][info][gc             ] GC(622) Pause Young (Normal) (G1 Evacuation Pause) 812M->623M(978M) 60.349ms
[280.515s][info][gc,cpu         ] GC(622) User=0.11s Sys=0.00s Real=0.06s
[280.754s][info][gc,start       ] GC(623) Pause Young (Normal) (G1 Evacuation Pause)
[280.754s][info][gc,task        ] GC(623) Using 2 workers of 2 for evacuation
[280.789s][info][gc,phases      ] GC(623)   Pre Evacuate Collection Set: 0.33ms
[280.789s][info][gc,phases      ] GC(623)   Merge Heap Roots: 0.11ms
[280.789s][info][gc,phases      ] GC(623)   Evacuate Collection Set: 33.10ms
[280.789s][info][gc,phases      ] GC(623)   Post Evacuate Collection Set: 0.52ms
[280.789s][info][gc,phases      ] GC(623)   Other: 0.09ms
[280.789s][info][gc,heap        ] GC(623) Eden regions: 209->0(213)
[280.789s][info][gc,heap        ] GC(623) Survivor regions: 16->16(29)
[280.789s][info][gc,heap        ] GC(623) Old regions: 603->618
[280.789s][info][gc,heap        ] GC(623) Humongous regions: 6->6
[280.789s][info][gc,metaspace   ] GC(623) Metaspace: 18760K(18880K)->18760K(18880K) NonClass: 16931K(17024K)->16931K(17024K) Class: 1828K(1856K)->1828K(1856K)
[280.789s][info][gc             ] GC(623) Pause Young (Normal) (G1 Evacuation Pause) 832M->639M(978M) 34.442ms
[280.789s][info][gc,cpu         ] GC(623) User=0.07s Sys=0.00s Real=0.03s
[281.106s][info][gc,start       ] GC(624) Pause Young (Normal) (G1 Evacuation Pause)
[281.107s][info][gc,task        ] GC(624) Using 2 workers of 2 for evacuation
[281.180s][info][gc,phases      ] GC(624)   Pre Evacuate Collection Set: 0.31ms
[281.180s][info][gc,phases      ] GC(624)   Merge Heap Roots: 0.11ms
[281.180s][info][gc,phases      ] GC(624)   Evacuate Collection Set: 71.94ms
[281.180s][info][gc,phases      ] GC(624)   Post Evacuate Collection Set: 0.69ms
[281.180s][info][gc,phases      ] GC(624)   Other: 0.09ms
[281.180s][info][gc,heap        ] GC(624) Eden regions: 213->0(172)
[281.180s][info][gc,heap        ] GC(624) Survivor regions: 16->29(29)
[281.180s][info][gc,heap        ] GC(624) Old regions: 618->662
[281.180s][info][gc,heap        ] GC(624) Humongous regions: 6->6
[281.180s][info][gc,metaspace   ] GC(624) Metaspace: 18760K(18880K)->18760K(18880K) NonClass: 16931K(17024K)->16931K(17024K) Class: 1828K(1856K)->1828K(1856K)
[281.180s][info][gc             ] GC(624) Pause Young (Normal) (G1 Evacuation Pause) 852M->696M(978M) 73.406ms
[281.180s][info][gc,cpu         ] GC(624) User=0.15s Sys=0.00s Real=0.07s
[281.540s][info][gc,start       ] GC(625) Pause Young (Normal) (G1 Evacuation Pause)
[281.540s][info][gc,task        ] GC(625) Using 2 workers of 2 for evacuation
[281.606s][info][gc,phases      ] GC(625)   Pre Evacuate Collection Set: 0.56ms
[281.606s][info][gc,phases      ] GC(625)   Merge Heap Roots: 0.44ms
[281.606s][info][gc,phases      ] GC(625)   Evacuate Collection Set: 64.04ms
[281.606s][info][gc,phases      ] GC(625)   Post Evacuate Collection Set: 0.52ms
[281.606s][info][gc,phases      ] GC(625)   Other: 0.09ms
[281.606s][info][gc,heap        ] GC(625) Eden regions: 172->0(157)
[281.606s][info][gc,heap        ] GC(625) Survivor regions: 29->26(26)
[281.606s][info][gc,heap        ] GC(625) Old regions: 662->692
[281.606s][info][gc,heap        ] GC(625) Humongous regions: 6->6
[281.606s][info][gc,metaspace   ] GC(625) Metaspace: 18760K(18880K)->18760K(18880K) NonClass: 16931K(17024K)->16931K(17024K) Class: 1828K(1856K)->1828K(1856K)
[281.606s][info][gc             ] GC(625) Pause Young (Normal) (G1 Evacuation Pause) 868M->722M(978M) 65.940ms
[281.606s][info][gc,cpu         ] GC(625) User=0.13s Sys=0.00s Real=0.07s
[281.802s][info][gc,marking     ] GC(621) Concurrent Mark From Roots 1397.560ms
[281.802s][info][gc,marking     ] GC(621) Concurrent Preclean
[281.802s][info][gc,marking     ] GC(621) Concurrent Preclean 0.037ms
[281.802s][info][gc,start       ] GC(621) Pause Remark
[281.811s][info][gc             ] GC(621) Pause Remark 821M->742M(978M) 8.661ms
[281.811s][info][gc,cpu         ] GC(621) User=0.01s Sys=0.00s Real=0.01s
[281.811s][info][gc,marking     ] GC(621) Concurrent Mark 1406.632ms
[281.811s][info][gc,marking     ] GC(621) Concurrent Rebuild Remembered Sets and Scrub Regions
[281.873s][info][gc,start       ] GC(626) Pause Young (Normal) (G1 Evacuation Pause)
[281.873s][info][gc,task        ] GC(626) Using 2 workers of 2 for evacuation
[282.003s][info][gc,phases      ] GC(626)   Pre Evacuate Collection Set: 0.35ms
[282.003s][info][gc,phases      ] GC(626)   Merge Heap Roots: 0.44ms
[282.003s][info][gc,phases      ] GC(626)   Evacuate Collection Set: 127.74ms
[282.003s][info][gc,phases      ] GC(626)   Post Evacuate Collection Set: 0.88ms
[282.003s][info][gc,phases      ] GC(626)   Other: 0.12ms
[282.003s][info][gc,heap        ] GC(626) Eden regions: 157->0(144)
[282.003s][info][gc,heap        ] GC(626) Survivor regions: 26->23(23)
[282.003s][info][gc,heap        ] GC(626) Old regions: 615->685
[282.003s][info][gc,heap        ] GC(626) Humongous regions: 7->7
[282.003s][info][gc,metaspace   ] GC(626) Metaspace: 18760K(18880K)->18760K(18880K) NonClass: 16931K(17024K)->16931K(17024K) Class: 1828K(1856K)->1828K(1856K)
[282.003s][info][gc             ] GC(626) Pause Young (Normal) (G1 Evacuation Pause) 803M->714M(978M) 129.783ms
[282.003s][info][gc,cpu         ] GC(626) User=0.24s Sys=0.00s Real=0.13s
[282.147s][info][gc,start       ] GC(627) Pause Young (Normal) (G1 Evacuation Pause)
[282.147s][info][gc,task        ] GC(627) Using 2 workers of 2 for evacuation
[282.247s][info][gc,phases      ] GC(627)   Pre Evacuate Collection Set: 0.55ms
[282.248s][info][gc,phases      ] GC(627)   Merge Heap Roots: 0.48ms
[282.248s][info][gc,phases      ] GC(627)   Evacuate Collection Set: 98.63ms
[282.248s][info][gc,phases      ] GC(627)   Post Evacuate Collection Set: 0.84ms
[282.248s][info][gc,phases      ] GC(627)   Other: 0.09ms
[282.248s][info][gc,heap        ] GC(627) Eden regions: 144->0(111)
[282.248s][info][gc,heap        ] GC(627) Survivor regions: 23->21(21)
[282.248s][info][gc,heap        ] GC(627) Old regions: 685->741
[282.248s][info][gc,heap        ] GC(627) Humongous regions: 7->7
[282.248s][info][gc,metaspace   ] GC(627) Metaspace: 18760K(18880K)->18760K(18880K) NonClass: 16931K(17024K)->16931K(17024K) Class: 1828K(1856K)->1828K(1856K)
[282.248s][info][gc             ] GC(627) Pause Young (Normal) (G1 Evacuation Pause) 858M->768M(978M) 100.856ms
[282.248s][info][gc,cpu         ] GC(627) User=0.20s Sys=0.00s Real=0.10s
[282.479s][info][gc,start       ] GC(628) Pause Young (Normal) (G1 Evacuation Pause)
[282.479s][info][gc,task        ] GC(628) Using 2 workers of 2 for evacuation
[282.541s][info][gc,phases      ] GC(628)   Pre Evacuate Collection Set: 0.30ms
[282.541s][info][gc,phases      ] GC(628)   Merge Heap Roots: 0.53ms
[282.541s][info][gc,phases      ] GC(628)   Evacuate Collection Set: 60.14ms
[282.541s][info][gc,phases      ] GC(628)   Post Evacuate Collection Set: 0.44ms
[282.541s][info][gc,phases      ] GC(628)   Other: 0.11ms
[282.541s][info][gc,heap        ] GC(628) Eden regions: 111->0(105)
[282.541s][info][gc,heap        ] GC(628) Survivor regions: 21->17(17)
[282.541s][info][gc,heap        ] GC(628) Old regions: 741->766
[282.541s][info][gc,heap        ] GC(628) Humongous regions: 7->7
[282.541s][info][gc,metaspace   ] GC(628) Metaspace: 18760K(18880K)->18760K(18880K) NonClass: 16931K(17024K)->16931K(17024K) Class: 1828K(1856K)->1828K(1856K)
[282.541s][info][gc             ] GC(628) Pause Young (Normal) (G1 Evacuation Pause) 879M->789M(978M) 61.778ms
[282.541s][info][gc,cpu         ] GC(628) User=0.12s Sys=0.00s Real=0.06s
[282.641s][info][gc,start       ] GC(629) Pause Young (Normal) (G1 Evacuation Pause)
[282.641s][info][gc,task        ] GC(629) Using 2 workers of 2 for evacuation
[282.680s][info][gc,phases      ] GC(629)   Pre Evacuate Collection Set: 0.55ms
[282.680s][info][gc,phases      ] GC(629)   Merge Heap Roots: 0.23ms
[282.681s][info][gc,phases      ] GC(629)   Evacuate Collection Set: 38.50ms
[282.681s][info][gc,phases      ] GC(629)   Post Evacuate Collection Set: 0.45ms
[282.681s][info][gc,phases      ] GC(629)   Other: 0.10ms
[282.681s][info][gc,heap        ] GC(629) Eden regions: 105->0(102)
[282.681s][info][gc,heap        ] GC(629) Survivor regions: 17->14(16)
[282.681s][info][gc,heap        ] GC(629) Old regions: 766->783
[282.681s][info][gc,heap        ] GC(629) Humongous regions: 7->7
[282.681s][info][gc,metaspace   ] GC(629) Metaspace: 18760K(18880K)->18760K(18880K) NonClass: 16931K(17024K)->16931K(17024K) Class: 1828K(1856K)->1828K(1856K)
[282.681s][info][gc             ] GC(629) Pause Young (Normal) (G1 Evacuation Pause) 894M->803M(978M) 40.078ms
[282.681s][info][gc,cpu         ] GC(629) User=0.08s Sys=0.00s Real=0.04s
[282.743s][info][gc,start       ] GC(630) Pause Young (Normal) (G1 Evacuation Pause)
[282.743s][info][gc,task        ] GC(630) Using 2 workers of 2 for evacuation
[282.769s][info][gc,phases      ] GC(630)   Pre Evacuate Collection Set: 0.30ms
[282.769s][info][gc,phases      ] GC(630)   Merge Heap Roots: 0.26ms
[282.769s][info][gc,phases      ] GC(630)   Evacuate Collection Set: 24.44ms
[282.769s][info][gc,phases      ] GC(630)   Post Evacuate Collection Set: 0.46ms
[282.769s][info][gc,phases      ] GC(630)   Other: 0.12ms
[282.769s][info][gc,heap        ] GC(630) Eden regions: 102->0(109)
[282.769s][info][gc,heap        ] GC(630) Survivor regions: 14->2(15)
[282.769s][info][gc,heap        ] GC(630) Old regions: 783->797
[282.769s][info][gc,heap        ] GC(630) Humongous regions: 7->7
[282.769s][info][gc,metaspace   ] GC(630) Metaspace: 18760K(18880K)->18760K(18880K) NonClass: 16931K(17024K)->16931K(17024K) Class: 1828K(1856K)->1828K(1856K)
[282.769s][info][gc             ] GC(630) Pause Young (Normal) (G1 Evacuation Pause) 905M->805M(978M) 25.839ms
[282.769s][info][gc,cpu         ] GC(630) User=0.04s Sys=0.00s Real=0.03s
[282.902s][info][gc,start       ] GC(631) Pause Young (Normal) (G1 Evacuation Pause)
[282.903s][info][gc,task        ] GC(631) Using 2 workers of 2 for evacuation
[282.924s][info][gc,phases      ] GC(631)   Pre Evacuate Collection Set: 0.31ms
[282.924s][info][gc,phases      ] GC(631)   Merge Heap Roots: 0.43ms
[282.924s][info][gc,phases      ] GC(631)   Evacuate Collection Set: 20.40ms
[282.924s][info][gc,phases      ] GC(631)   Post Evacuate Collection Set: 0.53ms
[282.924s][info][gc,phases      ] GC(631)   Other: 0.10ms
[282.924s][info][gc,heap        ] GC(631) Eden regions: 109->0(115)
[282.924s][info][gc,heap        ] GC(631) Survivor regions: 2->4(14)
[282.924s][info][gc,heap        ] GC(631) Old regions: 797->797
[282.924s][info][gc,heap        ] GC(631) Humongous regions: 7->7
[282.924s][info][gc,metaspace   ] GC(631) Metaspace: 18760K(18880K)->18760K(18880K) NonClass: 16931K(17024K)->16931K(17024K) Class: 1828K(1856K)->1828K(1856K)
[282.925s][info][gc             ] GC(631) Pause Young (Normal) (G1 Evacuation Pause) 914M->806M(978M) 22.065ms
[282.925s][info][gc,cpu         ] GC(631) User=0.05s Sys=0.00s Real=0.03s
[283.093s][info][gc,marking     ] GC(621) Concurrent Rebuild Remembered Sets and Scrub Regions 1281.259ms
[283.093s][info][gc,start       ] GC(621) Pause Cleanup
[283.093s][info][gc             ] GC(621) Pause Cleanup 910M->910M(978M) 0.183ms
[283.093s][info][gc,cpu         ] GC(621) User=0.00s Sys=0.00s Real=0.00s
[283.093s][info][gc,marking     ] GC(621) Concurrent Clear Claimed Marks
[283.093s][info][gc,marking     ] GC(621) Concurrent Clear Claimed Marks 0.038ms
[283.093s][info][gc,marking     ] GC(621) Concurrent Cleanup for Next Mark
[283.096s][info][gc,marking     ] GC(621) Concurrent Cleanup for Next Mark 2.957ms
[283.096s][info][gc             ] GC(621) Concurrent Mark Cycle 2909.828ms
[283.110s][info][gc,start       ] GC(632) Pause Young (Prepare Mixed) (G1 Evacuation Pause)
[283.110s][info][gc,task        ] GC(632) Using 2 workers of 2 for evacuation
[283.165s][info][gc,phases      ] GC(632)   Pre Evacuate Collection Set: 0.34ms
[283.165s][info][gc,phases      ] GC(632)   Merge Heap Roots: 0.49ms
[283.165s][info][gc,phases      ] GC(632)   Evacuate Collection Set: 53.27ms
[283.165s][info][gc,phases      ] GC(632)   Post Evacuate Collection Set: 0.59ms
[283.165s][info][gc,phases      ] GC(632)   Other: 0.10ms
[283.165s][info][gc,heap        ] GC(632) Eden regions: 115->0(83)
[283.165s][info][gc,heap        ] GC(632) Survivor regions: 4->15(15)
[283.165s][info][gc,heap        ] GC(632) Old regions: 797->805
[283.165s][info][gc,heap        ] GC(632) Humongous regions: 10->10
[283.165s][info][gc,metaspace   ] GC(632) Metaspace: 18760K(18880K)->18760K(18880K) NonClass: 16931K(17024K)->16931K(17024K) Class: 1828K(1856K)->1828K(1856K)
[283.165s][info][gc             ] GC(632) Pause Young (Prepare Mixed) (G1 Evacuation Pause) 924M->829M(978M) 55.068ms
[283.165s][info][gc,cpu         ] GC(632) User=0.11s Sys=0.00s Real=0.06s
[283.244s][info][gc,start       ] GC(633) Pause Young (Mixed) (G1 Evacuation Pause)
[283.244s][info][gc,task        ] GC(633) Using 2 workers of 2 for evacuation
[283.321s][info][gc,phases      ] GC(633)   Pre Evacuate Collection Set: 0.60ms
[283.321s][info][gc,phases      ] GC(633)   Merge Heap Roots: 1.12ms
[283.321s][info][gc,phases      ] GC(633)   Evacuate Collection Set: 74.66ms
[283.321s][info][gc,phases      ] GC(633)   Post Evacuate Collection Set: 0.76ms
[283.321s][info][gc,phases      ] GC(633)   Other: 0.08ms
[283.321s][info][gc,heap        ] GC(633) Eden regions: 83->0(97)
[283.321s][info][gc,heap        ] GC(633) Survivor regions: 15->6(13)
[283.321s][info][gc,heap        ] GC(633) Old regions: 805->754
[283.321s][info][gc,heap        ] GC(633) Humongous regions: 10->10
[283.321s][info][gc,metaspace   ] GC(633) Metaspace: 18760K(18880K)->18760K(18880K) NonClass: 16931K(17024K)->16931K(17024K) Class: 1828K(1856K)->1828K(1856K)
[283.321s][info][gc             ] GC(633) Pause Young (Mixed) (G1 Evacuation Pause) 912M->769M(978M) 77.464ms
[283.321s][info][gc,cpu         ] GC(633) User=0.15s Sys=0.00s Real=0.08s
[283.416s][info][gc,start       ] GC(634) Pause Young (Mixed) (G1 Evacuation Pause)
[283.417s][info][gc,task        ] GC(634) Using 2 workers of 2 for evacuation
[283.605s][info][gc,phases      ] GC(634)   Pre Evacuate Collection Set: 0.55ms
[283.605s][info][gc,phases      ] GC(634)   Merge Heap Roots: 1.06ms
[283.605s][info][gc,phases      ] GC(634)   Evacuate Collection Set: 185.84ms
[283.605s][info][gc,phases      ] GC(634)   Post Evacuate Collection Set: 0.43ms
[283.605s][info][gc,phases      ] GC(634)   Other: 0.11ms
[283.605s][info][gc,heap        ] GC(634) Eden regions: 103->0(122)
[283.605s][info][gc,heap        ] GC(634) Survivor regions: 6->14(14)
[283.605s][info][gc,heap        ] GC(634) Old regions: 754->766
[283.605s][info][gc,heap        ] GC(634) Humongous regions: 10->10
[283.605s][info][gc,metaspace   ] GC(634) Metaspace: 18765K(18880K)->18765K(18880K) NonClass: 16937K(17024K)->16937K(17024K) Class: 1828K(1856K)->1828K(1856K)
[283.605s][info][gc             ] GC(634) Pause Young (Mixed) (G1 Evacuation Pause) 872M->789M(978M) 188.295ms
[283.605s][info][gc,cpu         ] GC(634) User=0.37s Sys=0.00s Real=0.19s
[283.714s][info][gc,start       ] GC(635) Pause Young (Concurrent Start) (G1 Evacuation Pause)
[283.714s][info][gc,task        ] GC(635) Using 2 workers of 2 for evacuation
[283.761s][info][gc,phases      ] GC(635)   Pre Evacuate Collection Set: 0.32ms
[283.761s][info][gc,phases      ] GC(635)   Merge Heap Roots: 0.22ms
[283.761s][info][gc,phases      ] GC(635)   Evacuate Collection Set: 46.54ms
[283.761s][info][gc,phases      ] GC(635)   Post Evacuate Collection Set: 0.46ms
[283.761s][info][gc,phases      ] GC(635)   Other: 0.11ms
[283.761s][info][gc,heap        ] GC(635) Eden regions: 122->0(98)
[283.761s][info][gc,heap        ] GC(635) Survivor regions: 14->17(17)
[283.761s][info][gc,heap        ] GC(635) Old regions: 766->786
[283.761s][info][gc,heap        ] GC(635) Humongous regions: 10->10
[283.761s][info][gc,metaspace   ] GC(635) Metaspace: 18765K(18880K)->18765K(18880K) NonClass: 16937K(17024K)->16937K(17024K) Class: 1828K(1856K)->1828K(1856K)
[283.762s][info][gc             ] GC(635) Pause Young (Concurrent Start) (G1 Evacuation Pause) 911M->812M(978M) 47.918ms
[283.762s][info][gc,cpu         ] GC(635) User=0.09s Sys=0.00s Real=0.05s
[283.762s][info][gc             ] GC(636) Concurrent Mark Cycle
[283.762s][info][gc,marking     ] GC(636) Concurrent Scan Root Regions
[283.833s][info][gc,marking     ] GC(636) Concurrent Scan Root Regions 71.224ms
[283.833s][info][gc,marking     ] GC(636) Concurrent Mark
[283.833s][info][gc,marking     ] GC(636) Concurrent Mark From Roots
[283.833s][info][gc,task        ] GC(636) Using 1 workers of 1 for marking
[283.880s][info][gc,start       ] GC(637) Pause Young (Normal) (G1 Evacuation Pause)
[283.880s][info][gc,task        ] GC(637) Using 2 workers of 2 for evacuation
[283.914s][info][gc,phases      ] GC(637)   Pre Evacuate Collection Set: 0.54ms
[283.914s][info][gc,phases      ] GC(637)   Merge Heap Roots: 0.20ms
[283.914s][info][gc,phases      ] GC(637)   Evacuate Collection Set: 32.86ms
[283.914s][info][gc,phases      ] GC(637)   Post Evacuate Collection Set: 0.42ms
[283.914s][info][gc,phases      ] GC(637)   Other: 0.11ms
[283.914s][info][gc,heap        ] GC(637) Eden regions: 98->0(97)
[283.914s][info][gc,heap        ] GC(637) Survivor regions: 17->9(15)
[283.914s][info][gc,heap        ] GC(637) Old regions: 786->803
[283.914s][info][gc,heap        ] GC(637) Humongous regions: 10->10
[283.914s][info][gc,metaspace   ] GC(637) Metaspace: 18765K(18880K)->18765K(18880K) NonClass: 16937K(17024K)->16937K(17024K) Class: 1828K(1856K)->1828K(1856K)
[283.914s][info][gc             ] GC(637) Pause Young (Normal) (G1 Evacuation Pause) 910M->821M(978M) 34.433ms
[283.914s][info][gc,cpu         ] GC(637) User=0.07s Sys=0.00s Real=0.04s
[284.095s][info][gc,start       ] GC(638) Pause Young (Normal) (G1 Evacuation Pause)
[284.096s][info][gc,task        ] GC(638) Using 2 workers of 2 for evacuation
[284.111s][info][gc,phases      ] GC(638)   Pre Evacuate Collection Set: 0.54ms
[284.111s][info][gc,phases      ] GC(638)   Merge Heap Roots: 0.18ms
[284.111s][info][gc,phases      ] GC(638)   Evacuate Collection Set: 14.48ms
[284.111s][info][gc,phases      ] GC(638)   Post Evacuate Collection Set: 0.35ms
[284.111s][info][gc,phases      ] GC(638)   Other: 0.10ms
[284.111s][info][gc,heap        ] GC(638) Eden regions: 97->0(102)
[284.111s][info][gc,heap        ] GC(638) Survivor regions: 9->2(14)
[284.111s][info][gc,heap        ] GC(638) Old regions: 803->812
[284.111s][info][gc,heap        ] GC(638) Humongous regions: 10->10
[284.111s][info][gc,metaspace   ] GC(638) Metaspace: 18765K(18880K)->18765K(18880K) NonClass: 16937K(17024K)->16937K(17024K) Class: 1828K(1856K)->1828K(1856K)
[284.111s][info][gc             ] GC(638) Pause Young (Normal) (G1 Evacuation Pause) 918M->822M(978M) 15.908ms
[284.111s][info][gc,cpu         ] GC(638) User=0.03s Sys=0.00s Real=0.01s
[284.425s][info][gc,start       ] GC(639) Pause Young (Normal) (G1 Evacuation Pause)
[284.425s][info][gc,task        ] GC(639) Using 2 workers of 2 for evacuation
[284.438s][info][gc,phases      ] GC(639)   Pre Evacuate Collection Set: 0.53ms
[284.438s][info][gc,phases      ] GC(639)   Merge Heap Roots: 0.20ms
[284.438s][info][gc,phases      ] GC(639)   Evacuate Collection Set: 11.41ms
[284.438s][info][gc,phases      ] GC(639)   Post Evacuate Collection Set: 0.35ms
[284.438s][info][gc,phases      ] GC(639)   Other: 0.11ms
[284.438s][info][gc,heap        ] GC(639) Eden regions: 102->0(96)
[284.438s][info][gc,heap        ] GC(639) Survivor regions: 2->5(13)
[284.438s][info][gc,heap        ] GC(639) Old regions: 812->812
[284.438s][info][gc,heap        ] GC(639) Humongous regions: 10->10
[284.438s][info][gc,metaspace   ] GC(639) Metaspace: 18765K(18880K)->18765K(18880K) NonClass: 16937K(17024K)->16937K(17024K) Class: 1828K(1856K)->1828K(1856K)
[284.438s][info][gc             ] GC(639) Pause Young (Normal) (G1 Evacuation Pause) 924M->825M(978M) 12.859ms
[284.438s][info][gc,cpu         ] GC(639) User=0.03s Sys=0.00s Real=0.01s
[284.594s][info][gc,start       ] GC(640) Pause Young (Normal) (G1 Evacuation Pause)
[284.594s][info][gc,task        ] GC(640) Using 2 workers of 2 for evacuation
[284.602s][info][gc,phases      ] GC(640)   Pre Evacuate Collection Set: 0.33ms
[284.602s][info][gc,phases      ] GC(640)   Merge Heap Roots: 0.11ms
[284.602s][info][gc,phases      ] GC(640)   Evacuate Collection Set: 6.85ms
[284.602s][info][gc,phases      ] GC(640)   Post Evacuate Collection Set: 0.36ms
[284.602s][info][gc,phases      ] GC(640)   Other: 0.12ms
[284.602s][info][gc,heap        ] GC(640) Eden regions: 96->0(96)
[284.602s][info][gc,heap        ] GC(640) Survivor regions: 5->5(13)
[284.602s][info][gc,heap        ] GC(640) Old regions: 812->812
[284.602s][info][gc,heap        ] GC(640) Humongous regions: 10->10
[284.602s][info][gc,metaspace   ] GC(640) Metaspace: 18765K(18880K)->18765K(18880K) NonClass: 16937K(17024K)->16937K(17024K) Class: 1828K(1856K)->1828K(1856K)
[284.602s][info][gc             ] GC(640) Pause Young (Normal) (G1 Evacuation Pause) 921M->826M(978M) 8.023ms
[284.602s][info][gc,cpu         ] GC(640) User=0.02s Sys=0.00s Real=0.00s
[284.716s][info][gc,marking     ] GC(636) Concurrent Mark From Roots 883.031ms
[284.716s][info][gc,marking     ] GC(636) Concurrent Preclean
[284.716s][info][gc,marking     ] GC(636) Concurrent Preclean 0.039ms
[284.716s][info][gc,start       ] GC(636) Pause Remark
[284.725s][info][gc             ] GC(636) Pause Remark 871M->477M(978M) 8.555ms
[284.725s][info][gc,cpu         ] GC(636) User=0.02s Sys=0.00s Real=0.01s
[284.725s][info][gc,marking     ] GC(636) Concurrent Mark 891.984ms
[284.725s][info][gc,marking     ] GC(636) Concurrent Rebuild Remembered Sets and Scrub Regions
[284.888s][info][gc,start       ] GC(641) Pause Young (Normal) (G1 Evacuation Pause)
[284.888s][info][gc,task        ] GC(641) Using 2 workers of 2 for evacuation
[284.911s][info][gc,phases      ] GC(641)   Pre Evacuate Collection Set: 0.34ms
[284.911s][info][gc,phases      ] GC(641)   Merge Heap Roots: 0.14ms
[284.911s][info][gc,phases      ] GC(641)   Evacuate Collection Set: 21.40ms
[284.911s][info][gc,phases      ] GC(641)   Post Evacuate Collection Set: 0.35ms
[284.911s][info][gc,phases      ] GC(641)   Other: 0.09ms
[284.911s][info][gc,heap        ] GC(641) Eden regions: 96->0(382)
[284.911s][info][gc,heap        ] GC(641) Survivor regions: 5->13(13)
[284.911s][info][gc,heap        ] GC(641) Old regions: 424->427
[284.911s][info][gc,heap        ] GC(641) Humongous regions: 4->4
[284.911s][info][gc,metaspace   ] GC(641) Metaspace: 18765K(18880K)->18765K(18880K) NonClass: 16937K(17024K)->16937K(17024K) Class: 1828K(1856K)->1828K(1856K)
[284.911s][info][gc             ] GC(641) Pause Young (Normal) (G1 Evacuation Pause) 528M->443M(978M) 22.589ms
[284.911s][info][gc,cpu         ] GC(641) User=0.05s Sys=0.00s Real=0.02s
[285.082s][info][gc,marking     ] GC(636) Concurrent Rebuild Remembered Sets and Scrub Regions 357.288ms
[285.082s][info][gc,start       ] GC(636) Pause Cleanup
[285.083s][info][gc             ] GC(636) Pause Cleanup 521M->521M(978M) 0.135ms
[285.083s][info][gc,cpu         ] GC(636) User=0.00s Sys=0.00s Real=0.00s
[285.084s][info][gc,marking     ] GC(636) Concurrent Clear Claimed Marks
[285.084s][info][gc,marking     ] GC(636) Concurrent Clear Claimed Marks 0.052ms
[285.084s][info][gc,marking     ] GC(636) Concurrent Cleanup for Next Mark
[285.091s][info][gc,marking     ] GC(636) Concurrent Cleanup for Next Mark 7.047ms
[285.091s][info][gc             ] GC(636) Concurrent Mark Cycle 1329.623ms
[285.941s][info][gc,start       ] GC(642) Pause Young (Prepare Mixed) (G1 Evacuation Pause)
[285.941s][info][gc,task        ] GC(642) Using 2 workers of 2 for evacuation
[285.977s][info][gc,phases      ] GC(642)   Pre Evacuate Collection Set: 0.57ms
[285.977s][info][gc,phases      ] GC(642)   Merge Heap Roots: 0.36ms
[285.977s][info][gc,phases      ] GC(642)   Evacuate Collection Set: 33.44ms
[285.977s][info][gc,phases      ] GC(642)   Post Evacuate Collection Set: 0.72ms
[285.977s][info][gc,phases      ] GC(642)   Other: 0.12ms
[285.977s][info][gc,heap        ] GC(642) Eden regions: 382->0(392)
[285.977s][info][gc,heap        ] GC(642) Survivor regions: 13->25(50)
[285.977s][info][gc,heap        ] GC(642) Old regions: 427->427
[285.977s][info][gc,heap        ] GC(642) Humongous regions: 4->4
[285.977s][info][gc,metaspace   ] GC(642) Metaspace: 18765K(18880K)->18765K(18880K) NonClass: 16937K(17024K)->16937K(17024K) Class: 1828K(1856K)->1828K(1856K)
[285.977s][info][gc             ] GC(642) Pause Young (Prepare Mixed) (G1 Evacuation Pause) 825M->455M(978M) 35.506ms
[285.977s][info][gc,cpu         ] GC(642) User=0.07s Sys=0.00s Real=0.04s
[286.716s][info][gc,start       ] GC(643) Pause Young (Mixed) (G1 Evacuation Pause)
[286.716s][info][gc,task        ] GC(643) Using 2 workers of 2 for evacuation
[286.820s][info][gc,phases      ] GC(643)   Pre Evacuate Collection Set: 0.36ms
[286.821s][info][gc,phases      ] GC(643)   Merge Heap Roots: 0.59ms
[286.821s][info][gc,phases      ] GC(643)   Evacuate Collection Set: 102.59ms
[286.821s][info][gc,phases      ] GC(643)   Post Evacuate Collection Set: 1.15ms
[286.821s][info][gc,phases      ] GC(643)   Other: 0.12ms
[286.821s][info][gc,heap        ] GC(643) Eden regions: 392->0(136)
[286.821s][info][gc,heap        ] GC(643) Survivor regions: 25->53(53)
[286.821s][info][gc,heap        ] GC(643) Old regions: 427->384
[286.821s][info][gc,heap        ] GC(643) Humongous regions: 4->4
[286.821s][info][gc,metaspace   ] GC(643) Metaspace: 18765K(18880K)->18765K(18880K) NonClass: 16937K(17024K)->16937K(17024K) Class: 1828K(1856K)->1828K(1856K)
[286.821s][info][gc             ] GC(643) Pause Young (Mixed) (G1 Evacuation Pause) 847M->440M(978M) 105.078ms
[286.821s][info][gc,cpu         ] GC(643) User=0.21s Sys=0.00s Real=0.10s
[287.018s][info][gc,start       ] GC(644) Pause Young (Mixed) (G1 Evacuation Pause)
[287.019s][info][gc,task        ] GC(644) Using 2 workers of 2 for evacuation
[287.150s][info][gc,phases      ] GC(644)   Pre Evacuate Collection Set: 0.33ms
[287.150s][info][gc,phases      ] GC(644)   Merge Heap Roots: 1.07ms
[287.150s][info][gc,phases      ] GC(644)   Evacuate Collection Set: 129.30ms
[287.150s][info][gc,phases      ] GC(644)   Post Evacuate Collection Set: 0.48ms
[287.150s][info][gc,phases      ] GC(644)   Other: 0.13ms
[287.150s][info][gc,heap        ] GC(644) Eden regions: 106->0(373)
[287.150s][info][gc,heap        ] GC(644) Survivor regions: 53->17(20)
[287.150s][info][gc,heap        ] GC(644) Old regions: 384->436
[287.150s][info][gc,heap        ] GC(644) Humongous regions: 4->4
[287.150s][info][gc,metaspace   ] GC(644) Metaspace: 18765K(18880K)->18765K(18880K) NonClass: 16937K(17024K)->16937K(17024K) Class: 1828K(1856K)->1828K(1856K)
[287.150s][info][gc             ] GC(644) Pause Young (Mixed) (G1 Evacuation Pause) 546M->456M(978M) 131.603ms
[287.150s][info][gc,cpu         ] GC(644) User=0.26s Sys=0.00s Real=0.13s
[287.337s][info][gc,start       ] GC(645) Pause Young (Concurrent Start) (G1 Humongous Allocation)
[287.337s][info][gc,task        ] GC(645) Using 2 workers of 2 for evacuation
[287.376s][info][gc,phases      ] GC(645)   Pre Evacuate Collection Set: 0.35ms
[287.376s][info][gc,phases      ] GC(645)   Merge Heap Roots: 0.31ms
[287.376s][info][gc,phases      ] GC(645)   Evacuate Collection Set: 37.28ms
[287.376s][info][gc,phases      ] GC(645)   Post Evacuate Collection Set: 0.61ms
[287.376s][info][gc,phases      ] GC(645)   Other: 0.23ms
[287.376s][info][gc,heap        ] GC(645) Eden regions: 143->0(384)
[287.376s][info][gc,heap        ] GC(645) Survivor regions: 17->25(49)
[287.376s][info][gc,heap        ] GC(645) Old regions: 436->436
[287.376s][info][gc,heap        ] GC(645) Humongous regions: 4->4
[287.376s][info][gc,metaspace   ] GC(645) Metaspace: 18765K(18880K)->18765K(18880K) NonClass: 16937K(17024K)->16937K(17024K) Class: 1828K(1856K)->1828K(1856K)
[287.376s][info][gc             ] GC(645) Pause Young (Concurrent Start) (G1 Humongous Allocation) 599M->464M(978M) 39.035ms
[287.376s][info][gc             ] GC(646) Concurrent Mark Cycle
[287.376s][info][gc,marking     ] GC(646) Concurrent Scan Root Regions
[287.377s][info][gc,cpu         ] GC(645) User=0.08s Sys=0.00s Real=0.04s
[287.428s][info][gc,marking     ] GC(646) Concurrent Scan Root Regions 52.454ms
[287.428s][info][gc,marking     ] GC(646) Concurrent Mark
[287.428s][info][gc,marking     ] GC(646) Concurrent Mark From Roots
[287.428s][info][gc,task        ] GC(646) Using 1 workers of 1 for marking
[288.132s][info][gc,start       ] GC(647) Pause Young (Normal) (G1 Evacuation Pause)
[288.133s][info][gc,task        ] GC(647) Using 2 workers of 2 for evacuation
[288.275s][info][gc,phases      ] GC(647)   Pre Evacuate Collection Set: 0.33ms
[288.275s][info][gc,phases      ] GC(647)   Merge Heap Roots: 0.41ms
[288.275s][info][gc,phases      ] GC(647)   Evacuate Collection Set: 140.91ms
[288.275s][info][gc,phases      ] GC(647)   Post Evacuate Collection Set: 1.07ms
[288.275s][info][gc,phases      ] GC(647)   Other: 0.10ms
[288.275s][info][gc,heap        ] GC(647) Eden regions: 384->0(285)
[288.275s][info][gc,heap        ] GC(647) Survivor regions: 25->52(52)
[288.275s][info][gc,heap        ] GC(647) Old regions: 436->495
[288.275s][info][gc,heap        ] GC(647) Humongous regions: 7->7
[288.275s][info][gc,metaspace   ] GC(647) Metaspace: 18791K(18944K)->18791K(18944K) NonClass: 16963K(17088K)->16963K(17088K) Class: 1828K(1856K)->1828K(1856K)
[288.276s][info][gc             ] GC(647) Pause Young (Normal) (G1 Evacuation Pause) 851M->553M(978M) 143.067ms
[288.276s][info][gc,cpu         ] GC(647) User=0.28s Sys=0.01s Real=0.15s
[288.590s][info][gc,start       ] GC(648) Pause Young (Normal) (G1 Evacuation Pause)
[288.590s][info][gc,task        ] GC(648) Using 2 workers of 2 for evacuation
[288.691s][info][gc,phases      ] GC(648)   Pre Evacuate Collection Set: 0.35ms
[288.691s][info][gc,phases      ] GC(648)   Merge Heap Roots: 0.60ms
[288.691s][info][gc,phases      ] GC(648)   Evacuate Collection Set: 99.46ms
[288.691s][info][gc,phases      ] GC(648)   Post Evacuate Collection Set: 0.61ms
[288.691s][info][gc,phases      ] GC(648)   Other: 0.12ms
[288.691s][info][gc,heap        ] GC(648) Eden regions: 285->0(289)
[288.691s][info][gc,heap        ] GC(648) Survivor regions: 52->15(43)
[288.691s][info][gc,heap        ] GC(648) Old regions: 495->547
[288.691s][info][gc,heap        ] GC(648) Humongous regions: 7->7
[288.691s][info][gc,metaspace   ] GC(648) Metaspace: 18791K(18944K)->18791K(18944K) NonClass: 16963K(17088K)->16963K(17088K) Class: 1828K(1856K)->1828K(1856K)
[288.691s][info][gc             ] GC(648) Pause Young (Normal) (G1 Evacuation Pause) 838M->568M(978M) 101.451ms
[288.691s][info][gc,cpu         ] GC(648) User=0.20s Sys=0.00s Real=0.10s
[289.057s][info][gc,marking     ] GC(646) Concurrent Mark From Roots 1628.947ms
[289.057s][info][gc,marking     ] GC(646) Concurrent Preclean
[289.058s][info][gc,marking     ] GC(646) Concurrent Preclean 0.035ms
[289.058s][info][gc,start       ] GC(646) Pause Remark
[289.066s][info][gc             ] GC(646) Pause Remark 840M->833M(978M) 8.446ms
[289.066s][info][gc,cpu         ] GC(646) User=0.02s Sys=0.01s Real=0.01s
[289.066s][info][gc,marking     ] GC(646) Concurrent Mark 1637.840ms
[289.066s][info][gc,marking     ] GC(646) Concurrent Rebuild Remembered Sets and Scrub Regions
[289.093s][info][gc,start       ] GC(649) Pause Young (Normal) (G1 Evacuation Pause)
[289.093s][info][gc,task        ] GC(649) Using 2 workers of 2 for evacuation
[289.140s][info][gc,phases      ] GC(649)   Pre Evacuate Collection Set: 0.31ms
[289.140s][info][gc,phases      ] GC(649)   Merge Heap Roots: 0.35ms
[289.140s][info][gc,phases      ] GC(649)   Evacuate Collection Set: 45.12ms
[289.140s][info][gc,phases      ] GC(649)   Post Evacuate Collection Set: 0.62ms
[289.140s][info][gc,phases      ] GC(649)   Other: 0.14ms
[289.140s][info][gc,heap        ] GC(649) Eden regions: 289->0(298)
[289.140s][info][gc,heap        ] GC(649) Survivor regions: 15->27(38)
[289.140s][info][gc,heap        ] GC(649) Old regions: 540->540
[289.140s][info][gc,heap        ] GC(649) Humongous regions: 8->8
[289.140s][info][gc,metaspace   ] GC(649) Metaspace: 18791K(18944K)->18791K(18944K) NonClass: 16963K(17088K)->16963K(17088K) Class: 1828K(1856K)->1828K(1856K)
[289.140s][info][gc             ] GC(649) Pause Young (Normal) (G1 Evacuation Pause) 851M->574M(978M) 46.846ms
[289.140s][info][gc,cpu         ] GC(649) User=0.09s Sys=0.00s Real=0.05s
[289.561s][info][gc,start       ] GC(650) Pause Young (Normal) (G1 Evacuation Pause)
[289.561s][info][gc,task        ] GC(650) Using 2 workers of 2 for evacuation
[289.663s][info][gc,phases      ] GC(650)   Pre Evacuate Collection Set: 0.33ms
[289.663s][info][gc,phases      ] GC(650)   Merge Heap Roots: 0.95ms
[289.663s][info][gc,phases      ] GC(650)   Evacuate Collection Set: 99.19ms
[289.663s][info][gc,phases      ] GC(650)   Post Evacuate Collection Set: 0.71ms
[289.663s][info][gc,phases      ] GC(650)   Other: 0.12ms
[289.663s][info][gc,heap        ] GC(650) Eden regions: 298->0(265)
[289.663s][info][gc,heap        ] GC(650) Survivor regions: 27->41(41)
[289.663s][info][gc,heap        ] GC(650) Old regions: 540->566
[289.663s][info][gc,heap        ] GC(650) Humongous regions: 8->8
[289.663s][info][gc,metaspace   ] GC(650) Metaspace: 18791K(18944K)->18791K(18944K) NonClass: 16963K(17088K)->16963K(17088K) Class: 1828K(1856K)->1828K(1856K)
[289.663s][info][gc             ] GC(650) Pause Young (Normal) (G1 Evacuation Pause) 872M->614M(978M) 101.600ms
[289.663s][info][gc,cpu         ] GC(650) User=0.19s Sys=0.00s Real=0.10s
[289.773s][info][gc,marking     ] GC(646) Concurrent Rebuild Remembered Sets and Scrub Regions 706.226ms
[289.773s][info][gc,start       ] GC(646) Pause Cleanup
[289.773s][info][gc             ] GC(646) Pause Cleanup 670M->670M(978M) 0.117ms
[289.773s][info][gc,cpu         ] GC(646) User=0.00s Sys=0.00s Real=0.00s
[289.773s][info][gc,marking     ] GC(646) Concurrent Clear Claimed Marks
[289.773s][info][gc,marking     ] GC(646) Concurrent Clear Claimed Marks 0.034ms
[289.773s][info][gc,marking     ] GC(646) Concurrent Cleanup for Next Mark
[289.776s][info][gc,marking     ] GC(646) Concurrent Cleanup for Next Mark 2.956ms
[289.776s][info][gc             ] GC(646) Concurrent Mark Cycle 2400.053ms
[290.457s][info][gc,start       ] GC(651) Pause Young (Prepare Mixed) (G1 Evacuation Pause)
[290.457s][info][gc,task        ] GC(651) Using 2 workers of 2 for evacuation
[290.547s][info][gc,phases      ] GC(651)   Pre Evacuate Collection Set: 0.40ms
[290.547s][info][gc,phases      ] GC(651)   Merge Heap Roots: 0.63ms
[290.547s][info][gc,phases      ] GC(651)   Evacuate Collection Set: 87.96ms
[290.547s][info][gc,phases      ] GC(651)   Post Evacuate Collection Set: 0.64ms
[290.547s][info][gc,phases      ] GC(651)   Other: 0.12ms
[290.547s][info][gc,heap        ] GC(651) Eden regions: 265->0(267)
[290.547s][info][gc,heap        ] GC(651) Survivor regions: 41->10(39)
[290.547s][info][gc,heap        ] GC(651) Old regions: 566->608
[290.547s][info][gc,heap        ] GC(651) Humongous regions: 8->8
[290.547s][info][gc,metaspace   ] GC(651) Metaspace: 18791K(18944K)->18791K(18944K) NonClass: 16963K(17088K)->16963K(17088K) Class: 1828K(1856K)->1828K(1856K)
[290.547s][info][gc             ] GC(651) Pause Young (Prepare Mixed) (G1 Evacuation Pause) 879M->625M(978M) 90.215ms
[290.547s][info][gc,cpu         ] GC(651) User=0.17s Sys=0.00s Real=0.09s
[291.043s][info][gc,start       ] GC(652) Pause Young (Mixed) (G1 Evacuation Pause)
[291.043s][info][gc,task        ] GC(652) Using 2 workers of 2 for evacuation
[291.097s][info][gc,phases      ] GC(652)   Pre Evacuate Collection Set: 0.59ms
[291.097s][info][gc,phases      ] GC(652)   Merge Heap Roots: 0.27ms
[291.097s][info][gc,phases      ] GC(652)   Evacuate Collection Set: 52.38ms
[291.097s][info][gc,phases      ] GC(652)   Post Evacuate Collection Set: 0.63ms
[291.097s][info][gc,phases      ] GC(652)   Other: 0.13ms
[291.097s][info][gc,heap        ] GC(652) Eden regions: 267->0(257)
[291.097s][info][gc,heap        ] GC(652) Survivor regions: 10->34(35)
[291.097s][info][gc,heap        ] GC(652) Old regions: 608->595
[291.097s][info][gc,heap        ] GC(652) Humongous regions: 8->8
[291.097s][info][gc,metaspace   ] GC(652) Metaspace: 18805K(18944K)->18805K(18944K) NonClass: 16976K(17088K)->16976K(17088K) Class: 1828K(1856K)->1828K(1856K)
[291.097s][info][gc             ] GC(652) Pause Young (Mixed) (G1 Evacuation Pause) 892M->636M(978M) 54.311ms
[291.097s][info][gc,cpu         ] GC(652) User=0.11s Sys=0.00s Real=0.06s
[291.404s][info][gc,start       ] GC(653) Pause Young (Concurrent Start) (G1 Evacuation Pause)
[291.404s][info][gc,task        ] GC(653) Using 2 workers of 2 for evacuation
[291.526s][info][gc,phases      ] GC(653)   Pre Evacuate Collection Set: 0.43ms
[291.526s][info][gc,phases      ] GC(653)   Merge Heap Roots: 0.19ms
[291.526s][info][gc,phases      ] GC(653)   Evacuate Collection Set: 112.18ms
[291.526s][info][gc,phases      ] GC(653)   Post Evacuate Collection Set: 9.43ms
[291.526s][info][gc,phases      ] GC(653)   Other: 0.10ms
[291.526s][info][gc,heap        ] GC(653) Eden regions: 257->0(96)
[291.526s][info][gc,heap        ] GC(653) Survivor regions: 34->37(37)
[291.526s][info][gc,heap        ] GC(653) Old regions: 595->750
[291.526s][info][gc,heap        ] GC(653) Humongous regions: 8->8
[291.526s][info][gc,metaspace   ] GC(653) Metaspace: 18805K(18944K)->18805K(18944K) NonClass: 16976K(17088K)->16976K(17088K) Class: 1828K(1856K)->1828K(1856K)
[291.526s][info][gc             ] GC(653) Pause Young (Concurrent Start) (G1 Evacuation Pause) (Evacuation Failure: Allocation) 893M->794M(978M) 122.601ms
[291.526s][info][gc,cpu         ] GC(653) User=0.25s Sys=0.00s Real=0.13s
[291.526s][info][gc             ] GC(654) Concurrent Mark Cycle
[291.528s][info][gc,marking     ] GC(654) Concurrent Scan Root Regions
[291.668s][info][gc,marking     ] GC(654) Concurrent Scan Root Regions 139.916ms
[291.668s][info][gc,marking     ] GC(654) Concurrent Mark
[291.668s][info][gc,marking     ] GC(654) Concurrent Mark From Roots
[291.668s][info][gc,task        ] GC(654) Using 1 workers of 1 for marking
[291.701s][info][gc,start       ] GC(655) Pause Young (Normal) (G1 Evacuation Pause)
[291.701s][info][gc,task        ] GC(655) Using 2 workers of 2 for evacuation
[291.764s][info][gc,phases      ] GC(655)   Pre Evacuate Collection Set: 0.62ms
[291.765s][info][gc,phases      ] GC(655)   Merge Heap Roots: 0.32ms
[291.765s][info][gc,phases      ] GC(655)   Evacuate Collection Set: 62.12ms
[291.765s][info][gc,phases      ] GC(655)   Post Evacuate Collection Set: 0.56ms
[291.765s][info][gc,phases      ] GC(655)   Other: 0.09ms
[291.765s][info][gc,heap        ] GC(655) Eden regions: 96->0(197)
[291.765s][info][gc,heap        ] GC(655) Survivor regions: 37->3(17)
[291.765s][info][gc,heap        ] GC(655) Old regions: 750->704
[291.765s][info][gc,heap        ] GC(655) Humongous regions: 8->8
[291.765s][info][gc,metaspace   ] GC(655) Metaspace: 18805K(18944K)->18805K(18944K) NonClass: 16976K(17088K)->16976K(17088K) Class: 1828K(1856K)->1828K(1856K)
[291.765s][info][gc             ] GC(655) Pause Young (Normal) (G1 Evacuation Pause) 890M->714M(978M) 63.987ms
[291.765s][info][gc,cpu         ] GC(655) User=0.13s Sys=0.00s Real=0.07s
[292.237s][info][gc,start       ] GC(656) Pause Young (Normal) (G1 Evacuation Pause)
[292.237s][info][gc,task        ] GC(656) Using 2 workers of 2 for evacuation
[292.311s][info][gc,phases      ] GC(656)   Pre Evacuate Collection Set: 0.33ms
[292.311s][info][gc,phases      ] GC(656)   Merge Heap Roots: 0.36ms
[292.311s][info][gc,phases      ] GC(656)   Evacuate Collection Set: 72.66ms
[292.311s][info][gc,phases      ] GC(656)   Post Evacuate Collection Set: 0.65ms
[292.311s][info][gc,phases      ] GC(656)   Other: 0.09ms
[292.311s][info][gc,heap        ] GC(656) Eden regions: 197->0(144)
[292.311s][info][gc,heap        ] GC(656) Survivor regions: 3->25(25)
[292.311s][info][gc,heap        ] GC(656) Old regions: 704->723
[292.311s][info][gc,heap        ] GC(656) Humongous regions: 11->11
[292.311s][info][gc,metaspace   ] GC(656) Metaspace: 18805K(18944K)->18805K(18944K) NonClass: 16976K(17088K)->16976K(17088K) Class: 1828K(1856K)->1828K(1856K)
[292.311s][info][gc             ] GC(656) Pause Young (Normal) (G1 Evacuation Pause) 914M->758M(978M) 74.409ms
[292.311s][info][gc,cpu         ] GC(656) User=0.15s Sys=0.00s Real=0.07s
[292.642s][info][gc,start       ] GC(657) Pause Young (Normal) (G1 Evacuation Pause)
[292.642s][info][gc,task        ] GC(657) Using 2 workers of 2 for evacuation
[292.720s][info][gc,phases      ] GC(657)   Pre Evacuate Collection Set: 0.55ms
[292.720s][info][gc,phases      ] GC(657)   Merge Heap Roots: 0.56ms
[292.720s][info][gc,phases      ] GC(657)   Evacuate Collection Set: 76.03ms
[292.720s][info][gc,phases      ] GC(657)   Post Evacuate Collection Set: 0.49ms
[292.720s][info][gc,phases      ] GC(657)   Other: 0.10ms
[292.720s][info][gc,heap        ] GC(657) Eden regions: 144->0(129)
[292.720s][info][gc,heap        ] GC(657) Survivor regions: 25->20(22)
[292.720s][info][gc,heap        ] GC(657) Old regions: 723->748
[292.720s][info][gc,heap        ] GC(657) Humongous regions: 11->11
[292.720s][info][gc,metaspace   ] GC(657) Metaspace: 18810K(18944K)->18810K(18944K) NonClass: 16981K(17088K)->16981K(17088K) Class: 1828K(1856K)->1828K(1856K)
[292.720s][info][gc             ] GC(657) Pause Young (Normal) (G1 Evacuation Pause) 902M->778M(978M) 77.980ms
[292.720s][info][gc,cpu         ] GC(657) User=0.15s Sys=0.00s Real=0.08s
[292.730s][info][gc,marking     ] GC(654) Concurrent Mark From Roots 1061.541ms
[292.730s][info][gc,marking     ] GC(654) Concurrent Preclean
[292.730s][info][gc,marking     ] GC(654) Concurrent Preclean 0.052ms
[292.730s][info][gc,start       ] GC(654) Pause Remark
[292.902s][info][gc             ] GC(654) Pause Remark 784M->681M(978M) 172.182ms
[292.902s][info][gc,cpu         ] GC(654) User=0.34s Sys=0.00s Real=0.17s
[292.902s][info][gc,marking     ] GC(654) Concurrent Mark 1234.138ms
[292.902s][info][gc,marking     ] GC(654) Concurrent Rebuild Remembered Sets and Scrub Regions
[293.085s][info][gc,start       ] GC(658) Pause Young (Normal) (G1 Evacuation Pause)
[293.086s][info][gc,task        ] GC(658) Using 2 workers of 2 for evacuation
[293.123s][info][gc,phases      ] GC(658)   Pre Evacuate Collection Set: 0.33ms
[293.123s][info][gc,phases      ] GC(658)   Merge Heap Roots: 0.44ms
[293.123s][info][gc,phases      ] GC(658)   Evacuate Collection Set: 36.13ms
[293.123s][info][gc,phases      ] GC(658)   Post Evacuate Collection Set: 0.44ms
[293.123s][info][gc,phases      ] GC(658)   Other: 0.11ms
[293.123s][info][gc,heap        ] GC(658) Eden regions: 129->0(211)
[293.123s][info][gc,heap        ] GC(658) Survivor regions: 20->1(19)
[293.123s][info][gc,heap        ] GC(658) Old regions: 648->668
[293.123s][info][gc,heap        ] GC(658) Humongous regions: 8->8
[293.123s][info][gc,metaspace   ] GC(658) Metaspace: 18810K(18944K)->18810K(18944K) NonClass: 16981K(17088K)->16981K(17088K) Class: 1828K(1856K)->1828K(1856K)
[293.123s][info][gc             ] GC(658) Pause Young (Normal) (G1 Evacuation Pause) 804M->676M(978M) 37.759ms
[293.123s][info][gc,cpu         ] GC(658) User=0.08s Sys=0.00s Real=0.03s
[293.479s][info][gc,start       ] GC(659) Pause Young (Normal) (G1 Evacuation Pause)
[293.479s][info][gc,task        ] GC(659) Using 2 workers of 2 for evacuation
[293.501s][info][gc,phases      ] GC(659)   Pre Evacuate Collection Set: 0.34ms
[293.501s][info][gc,phases      ] GC(659)   Merge Heap Roots: 0.43ms
[293.501s][info][gc,phases      ] GC(659)   Evacuate Collection Set: 20.32ms
[293.501s][info][gc,phases      ] GC(659)   Post Evacuate Collection Set: 0.52ms
[293.501s][info][gc,phases      ] GC(659)   Other: 0.10ms
[293.501s][info][gc,heap        ] GC(659) Eden regions: 211->0(213)
[293.501s][info][gc,heap        ] GC(659) Survivor regions: 1->11(27)
[293.501s][info][gc,heap        ] GC(659) Old regions: 668->668
[293.501s][info][gc,heap        ] GC(659) Humongous regions: 8->8
[293.501s][info][gc,metaspace   ] GC(659) Metaspace: 18810K(18944K)->18810K(18944K) NonClass: 16981K(17088K)->16981K(17088K) Class: 1828K(1856K)->1828K(1856K)
[293.501s][info][gc             ] GC(659) Pause Young (Normal) (G1 Evacuation Pause) 887M->686M(978M) 21.993ms
[293.501s][info][gc,cpu         ] GC(659) User=0.05s Sys=0.00s Real=0.02s
[293.778s][info][gc,marking     ] GC(654) Concurrent Rebuild Remembered Sets and Scrub Regions 875.184ms
[293.778s][info][gc,start       ] GC(654) Pause Cleanup
[293.778s][info][gc             ] GC(654) Pause Cleanup 897M->897M(978M) 0.148ms
[293.778s][info][gc,cpu         ] GC(654) User=0.00s Sys=0.00s Real=0.00s
[293.778s][info][gc,marking     ] GC(654) Concurrent Clear Claimed Marks
[293.778s][info][gc,marking     ] GC(654) Concurrent Clear Claimed Marks 0.033ms
[293.778s][info][gc,marking     ] GC(654) Concurrent Cleanup for Next Mark
[293.781s][info][gc,marking     ] GC(654) Concurrent Cleanup for Next Mark 2.960ms
[293.781s][info][gc             ] GC(654) Concurrent Mark Cycle 2254.861ms
[293.782s][info][gc,start       ] GC(660) Pause Young (Prepare Mixed) (G1 Evacuation Pause)
[293.782s][info][gc,task        ] GC(660) Using 2 workers of 2 for evacuation
[293.859s][info][gc,phases      ] GC(660)   Pre Evacuate Collection Set: 0.50ms
[293.859s][info][gc,phases      ] GC(660)   Merge Heap Roots: 0.30ms
[293.859s][info][gc,phases      ] GC(660)   Evacuate Collection Set: 75.11ms
[293.859s][info][gc,phases      ] GC(660)   Post Evacuate Collection Set: 0.86ms
[293.859s][info][gc,phases      ] GC(660)   Other: 0.11ms
[293.859s][info][gc,heap        ] GC(660) Eden regions: 213->0(152)
[293.859s][info][gc,heap        ] GC(660) Survivor regions: 11->28(28)
[293.859s][info][gc,heap        ] GC(660) Old regions: 668->705
[293.859s][info][gc,heap        ] GC(660) Humongous regions: 8->8
[293.859s][info][gc,metaspace   ] GC(660) Metaspace: 18815K(18944K)->18815K(18944K) NonClass: 16986K(17088K)->16986K(17088K) Class: 1828K(1856K)->1828K(1856K)
[293.859s][info][gc             ] GC(660) Pause Young (Prepare Mixed) (G1 Evacuation Pause) 899M->740M(978M) 77.077ms
[293.859s][info][gc,cpu         ] GC(660) User=0.15s Sys=0.00s Real=0.08s
[294.067s][info][gc,start       ] GC(661) Pause Young (Mixed) (G1 Evacuation Pause)
[294.067s][info][gc,task        ] GC(661) Using 2 workers of 2 for evacuation
[294.188s][info][gc,phases      ] GC(661)   Pre Evacuate Collection Set: 0.60ms
[294.188s][info][gc,phases      ] GC(661)   Merge Heap Roots: 0.77ms
[294.188s][info][gc,phases      ] GC(661)   Evacuate Collection Set: 118.11ms
[294.188s][info][gc,phases      ] GC(661)   Post Evacuate Collection Set: 0.89ms
[294.188s][info][gc,phases      ] GC(661)   Other: 0.12ms
[294.188s][info][gc,heap        ] GC(661) Eden regions: 152->0(112)
[294.188s][info][gc,heap        ] GC(661) Survivor regions: 28->23(23)
[294.188s][info][gc,heap        ] GC(661) Old regions: 705->700
[294.188s][info][gc,heap        ] GC(661) Humongous regions: 8->8
[294.188s][info][gc,metaspace   ] GC(661) Metaspace: 18815K(18944K)->18815K(18944K) NonClass: 16986K(17088K)->16986K(17088K) Class: 1828K(1856K)->1828K(1856K)
[294.188s][info][gc             ] GC(661) Pause Young (Mixed) (G1 Evacuation Pause) 892M->730M(978M) 120.788ms
[294.188s][info][gc,cpu         ] GC(661) User=0.24s Sys=0.00s Real=0.12s
[294.308s][info][gc,start       ] GC(662) Pause Young (Mixed) (G1 Evacuation Pause)
[294.308s][info][gc,task        ] GC(662) Using 2 workers of 2 for evacuation
[294.442s][info][gc,phases      ] GC(662)   Pre Evacuate Collection Set: 0.36ms
[294.442s][info][gc,phases      ] GC(662)   Merge Heap Roots: 1.38ms
[294.442s][info][gc,phases      ] GC(662)   Evacuate Collection Set: 131.86ms
[294.442s][info][gc,phases      ] GC(662)   Post Evacuate Collection Set: 0.51ms
[294.442s][info][gc,phases      ] GC(662)   Other: 0.11ms
[294.442s][info][gc,heap        ] GC(662) Eden regions: 97->0(153)
[294.443s][info][gc,heap        ] GC(662) Survivor regions: 23->5(15)
[294.443s][info][gc,heap        ] GC(662) Old regions: 700->722
[294.443s][info][gc,heap        ] GC(662) Humongous regions: 8->8
[294.443s][info][gc,metaspace   ] GC(662) Metaspace: 18815K(18944K)->18815K(18944K) NonClass: 16986K(17088K)->16986K(17088K) Class: 1828K(1856K)->1828K(1856K)
[294.443s][info][gc             ] GC(662) Pause Young (Mixed) (G1 Evacuation Pause) 827M->734M(978M) 134.502ms
[294.443s][info][gc,cpu         ] GC(662) User=0.27s Sys=0.00s Real=0.13s
[294.602s][info][gc,start       ] GC(663) Pause Young (Concurrent Start) (G1 Humongous Allocation)
[294.602s][info][gc,task        ] GC(663) Using 2 workers of 2 for evacuation
[294.635s][info][gc,phases      ] GC(663)   Pre Evacuate Collection Set: 0.43ms
[294.635s][info][gc,phases      ] GC(663)   Merge Heap Roots: 0.37ms
[294.635s][info][gc,phases      ] GC(663)   Evacuate Collection Set: 31.24ms
[294.635s][info][gc,phases      ] GC(663)   Post Evacuate Collection Set: 0.58ms
[294.635s][info][gc,phases      ] GC(663)   Other: 0.12ms
[294.635s][info][gc,heap        ] GC(663) Eden regions: 47->0(158)
[294.635s][info][gc,heap        ] GC(663) Survivor regions: 5->11(20)
[294.635s][info][gc,heap        ] GC(663) Old regions: 722->722
[294.635s][info][gc,heap        ] GC(663) Humongous regions: 8->8
[294.635s][info][gc,metaspace   ] GC(663) Metaspace: 18815K(18944K)->18815K(18944K) NonClass: 16986K(17088K)->16986K(17088K) Class: 1828K(1856K)->1828K(1856K)
[294.635s][info][gc             ] GC(663) Pause Young (Concurrent Start) (G1 Humongous Allocation) 781M->740M(978M) 32.986ms
[294.635s][info][gc,cpu         ] GC(663) User=0.06s Sys=0.00s Real=0.04s
[294.635s][info][gc             ] GC(664) Concurrent Mark Cycle
[294.635s][info][gc,marking     ] GC(664) Concurrent Scan Root Regions
[294.651s][info][gc,marking     ] GC(664) Concurrent Scan Root Regions 16.212ms
[294.651s][info][gc,marking     ] GC(664) Concurrent Mark
[294.651s][info][gc,marking     ] GC(664) Concurrent Mark From Roots
[294.651s][info][gc,task        ] GC(664) Using 1 workers of 1 for marking
[295.065s][info][gc,start       ] GC(665) Pause Young (Normal) (G1 Evacuation Pause)
[295.065s][info][gc,task        ] GC(665) Using 2 workers of 2 for evacuation
[295.145s][info][gc,phases      ] GC(665)   Pre Evacuate Collection Set: 0.33ms
[295.145s][info][gc,phases      ] GC(665)   Merge Heap Roots: 0.61ms
[295.145s][info][gc,phases      ] GC(665)   Evacuate Collection Set: 77.66ms
[295.145s][info][gc,phases      ] GC(665)   Post Evacuate Collection Set: 0.60ms
[295.145s][info][gc,phases      ] GC(665)   Other: 0.11ms
[295.145s][info][gc,heap        ] GC(665) Eden regions: 158->0(123)
[295.145s][info][gc,heap        ] GC(665) Survivor regions: 11->22(22)
[295.145s][info][gc,heap        ] GC(665) Old regions: 722->750
[295.145s][info][gc,heap        ] GC(665) Humongous regions: 11->11
[295.145s][info][gc,metaspace   ] GC(665) Metaspace: 18815K(18944K)->18815K(18944K) NonClass: 16986K(17088K)->16986K(17088K) Class: 1828K(1856K)->1828K(1856K)
[295.145s][info][gc             ] GC(665) Pause Young (Normal) (G1 Evacuation Pause) 901M->782M(978M) 79.585ms
[295.145s][info][gc,cpu         ] GC(665) User=0.15s Sys=0.00s Real=0.08s
[295.469s][info][gc,start       ] GC(666) Pause Young (Normal) (G1 Evacuation Pause)
[295.469s][info][gc,task        ] GC(666) Using 2 workers of 2 for evacuation
[295.531s][info][gc,phases      ] GC(666)   Pre Evacuate Collection Set: 0.33ms
[295.531s][info][gc,phases      ] GC(666)   Merge Heap Roots: 0.43ms
[295.531s][info][gc,phases      ] GC(666)   Evacuate Collection Set: 60.77ms
[295.531s][info][gc,phases      ] GC(666)   Post Evacuate Collection Set: 0.42ms
[295.531s][info][gc,phases      ] GC(666)   Other: 0.11ms
[295.531s][info][gc,heap        ] GC(666) Eden regions: 123->0(113)
[295.531s][info][gc,heap        ] GC(666) Survivor regions: 22->16(19)
[295.531s][info][gc,heap        ] GC(666) Old regions: 750->772
[295.531s][info][gc,heap        ] GC(666) Humongous regions: 11->11
[295.531s][info][gc,metaspace   ] GC(666) Metaspace: 18815K(18944K)->18815K(18944K) NonClass: 16986K(17088K)->16986K(17088K) Class: 1828K(1856K)->1828K(1856K)
[295.531s][info][gc             ] GC(666) Pause Young (Normal) (G1 Evacuation Pause) 905M->798M(978M) 62.339ms
[295.531s][info][gc,cpu         ] GC(666) User=0.13s Sys=0.00s Real=0.06s
[295.718s][info][gc,start       ] GC(667) Pause Young (Normal) (G1 Evacuation Pause)
[295.718s][info][gc,task        ] GC(667) Using 2 workers of 2 for evacuation
[295.738s][info][gc,phases      ] GC(667)   Pre Evacuate Collection Set: 0.54ms
[295.738s][info][gc,phases      ] GC(667)   Merge Heap Roots: 0.15ms
[295.738s][info][gc,phases      ] GC(667)   Evacuate Collection Set: 18.52ms
[295.738s][info][gc,phases      ] GC(667)   Post Evacuate Collection Set: 0.41ms
[295.738s][info][gc,phases      ] GC(667)   Other: 0.16ms
[295.738s][info][gc,heap        ] GC(667) Eden regions: 113->0(126)
[295.738s][info][gc,heap        ] GC(667) Survivor regions: 16->1(17)
[295.738s][info][gc,heap        ] GC(667) Old regions: 772->787
[295.738s][info][gc,heap        ] GC(667) Humongous regions: 11->11
[295.738s][info][gc,metaspace   ] GC(667) Metaspace: 18815K(18944K)->18815K(18944K) NonClass: 16986K(17088K)->16986K(17088K) Class: 1828K(1856K)->1828K(1856K)
[295.738s][info][gc             ] GC(667) Pause Young (Normal) (G1 Evacuation Pause) 911M->798M(978M) 20.018ms
[295.738s][info][gc,cpu         ] GC(667) User=0.04s Sys=0.00s Real=0.02s
[295.968s][info][gc,start       ] GC(668) Pause Young (Normal) (G1 Evacuation Pause)
[295.968s][info][gc,task        ] GC(668) Using 2 workers of 2 for evacuation
[295.977s][info][gc,phases      ] GC(668)   Pre Evacuate Collection Set: 0.57ms
[295.977s][info][gc,phases      ] GC(668)   Merge Heap Roots: 0.19ms
[295.977s][info][gc,phases      ] GC(668)   Evacuate Collection Set: 7.89ms
[295.977s][info][gc,phases      ] GC(668)   Post Evacuate Collection Set: 0.39ms
[295.977s][info][gc,phases      ] GC(668)   Other: 0.13ms
[295.977s][info][gc,heap        ] GC(668) Eden regions: 126->0(128)
[295.977s][info][gc,heap        ] GC(668) Survivor regions: 1->1(16)
[295.977s][info][gc,heap        ] GC(668) Old regions: 787->787
[295.977s][info][gc,heap        ] GC(668) Humongous regions: 11->11
[295.977s][info][gc,metaspace   ] GC(668) Metaspace: 18815K(18944K)->18815K(18944K) NonClass: 16986K(17088K)->16986K(17088K) Class: 1828K(1856K)->1828K(1856K)
[295.977s][info][gc             ] GC(668) Pause Young (Normal) (G1 Evacuation Pause) 924M->798M(978M) 9.416ms
[295.977s][info][gc,cpu         ] GC(668) User=0.02s Sys=0.00s Real=0.01s
[296.209s][info][gc,start       ] GC(669) Pause Young (Normal) (G1 Evacuation Pause)
[296.209s][info][gc,task        ] GC(669) Using 2 workers of 2 for evacuation
[296.222s][info][gc,phases      ] GC(669)   Pre Evacuate Collection Set: 0.31ms
[296.222s][info][gc,phases      ] GC(669)   Merge Heap Roots: 0.28ms
[296.222s][info][gc,phases      ] GC(669)   Evacuate Collection Set: 11.66ms
[296.222s][info][gc,phases      ] GC(669)   Post Evacuate Collection Set: 0.43ms
[296.222s][info][gc,phases      ] GC(669)   Other: 0.09ms
[296.222s][info][gc,heap        ] GC(669) Eden regions: 128->0(118)
[296.222s][info][gc,heap        ] GC(669) Survivor regions: 1->6(17)
[296.222s][info][gc,heap        ] GC(669) Old regions: 787->787
[296.222s][info][gc,heap        ] GC(669) Humongous regions: 11->11
[296.222s][info][gc,metaspace   ] GC(669) Metaspace: 18815K(18944K)->18815K(18944K) NonClass: 16986K(17088K)->16986K(17088K) Class: 1828K(1856K)->1828K(1856K)
[296.222s][info][gc             ] GC(669) Pause Young (Normal) (G1 Evacuation Pause) 926M->803M(978M) 13.101ms
[296.222s][info][gc,cpu         ] GC(669) User=0.02s Sys=0.00s Real=0.01s
[296.386s][info][gc,marking     ] GC(664) Concurrent Mark From Roots 1734.372ms
[296.386s][info][gc,marking     ] GC(664) Concurrent Preclean
[296.386s][info][gc,marking     ] GC(664) Concurrent Preclean 0.054ms
[296.386s][info][gc,start       ] GC(664) Pause Remark
[296.395s][info][gc             ] GC(664) Pause Remark 860M->675M(978M) 9.234ms
[296.395s][info][gc,cpu         ] GC(664) User=0.02s Sys=0.00s Real=0.01s
[296.395s][info][gc,marking     ] GC(664) Concurrent Mark 1744.052ms
[296.395s][info][gc,marking     ] GC(664) Concurrent Rebuild Remembered Sets and Scrub Regions
[296.542s][info][gc,start       ] GC(670) Pause Young (Normal) (G1 Evacuation Pause)
[296.542s][info][gc,task        ] GC(670) Using 2 workers of 2 for evacuation
[296.565s][info][gc,phases      ] GC(670)   Pre Evacuate Collection Set: 0.33ms
[296.565s][info][gc,phases      ] GC(670)   Merge Heap Roots: 0.18ms
[296.565s][info][gc,phases      ] GC(670)   Evacuate Collection Set: 22.26ms
[296.565s][info][gc,phases      ] GC(670)   Post Evacuate Collection Set: 0.45ms
[296.565s][info][gc,phases      ] GC(670)   Other: 0.12ms
[296.565s][info][gc,heap        ] GC(670) Eden regions: 118->0(256)
[296.565s][info][gc,heap        ] GC(670) Survivor regions: 6->15(16)
[296.565s][info][gc,heap        ] GC(670) Old regions: 606->606
[296.565s][info][gc,heap        ] GC(670) Humongous regions: 7->7
[296.565s][info][gc,metaspace   ] GC(670) Metaspace: 18815K(18944K)->18815K(18944K) NonClass: 16986K(17088K)->16986K(17088K) Class: 1828K(1856K)->1828K(1856K)
[296.565s][info][gc             ] GC(670) Pause Young (Normal) (G1 Evacuation Pause) 736M->627M(978M) 23.699ms
[296.565s][info][gc,cpu         ] GC(670) User=0.04s Sys=0.00s Real=0.03s
[297.078s][info][gc,marking     ] GC(664) Concurrent Rebuild Remembered Sets and Scrub Regions 682.101ms
[297.078s][info][gc,start       ] GC(664) Pause Cleanup
[297.078s][info][gc             ] GC(664) Pause Cleanup 785M->785M(978M) 0.146ms
[297.078s][info][gc,cpu         ] GC(664) User=0.00s Sys=0.00s Real=0.00s
[297.078s][info][gc,marking     ] GC(664) Concurrent Clear Claimed Marks
[297.078s][info][gc,marking     ] GC(664) Concurrent Clear Claimed Marks 0.035ms
[297.078s][info][gc,marking     ] GC(664) Concurrent Cleanup for Next Mark
[297.081s][info][gc,marking     ] GC(664) Concurrent Cleanup for Next Mark 3.005ms
[297.081s][info][gc             ] GC(664) Concurrent Mark Cycle 2445.961ms
[297.449s][info][gc,start       ] GC(671) Pause Young (Prepare Mixed) (G1 Evacuation Pause)
[297.449s][info][gc,task        ] GC(671) Using 2 workers of 2 for evacuation
[297.496s][info][gc,phases      ] GC(671)   Pre Evacuate Collection Set: 0.53ms
[297.496s][info][gc,phases      ] GC(671)   Merge Heap Roots: 0.39ms
[297.496s][info][gc,phases      ] GC(671)   Evacuate Collection Set: 45.34ms
[297.496s][info][gc,phases      ] GC(671)   Post Evacuate Collection Set: 0.60ms
[297.496s][info][gc,phases      ] GC(671)   Other: 0.12ms
[297.496s][info][gc,heap        ] GC(671) Eden regions: 256->0(246)
[297.496s][info][gc,heap        ] GC(671) Survivor regions: 15->34(34)
[297.496s][info][gc,heap        ] GC(671) Old regions: 606->606
[297.496s][info][gc,heap        ] GC(671) Humongous regions: 7->7
[297.496s][info][gc,metaspace   ] GC(671) Metaspace: 18815K(18944K)->18815K(18944K) NonClass: 16986K(17088K)->16986K(17088K) Class: 1828K(1856K)->1828K(1856K)
[297.496s][info][gc             ] GC(671) Pause Young (Prepare Mixed) (G1 Evacuation Pause) 883M->646M(978M) 47.286ms
[297.496s][info][gc,cpu         ] GC(671) User=0.10s Sys=0.00s Real=0.05s
[298.138s][info][gc,start       ] GC(672) Pause Young (Mixed) (G1 Evacuation Pause)
[298.138s][info][gc,task        ] GC(672) Using 2 workers of 2 for evacuation
[298.181s][info][gc,phases      ] GC(672)   Pre Evacuate Collection Set: 0.59ms
[298.181s][info][gc,phases      ] GC(672)   Merge Heap Roots: 0.31ms
[298.181s][info][gc,phases      ] GC(672)   Evacuate Collection Set: 40.61ms
[298.181s][info][gc,phases      ] GC(672)   Post Evacuate Collection Set: 0.60ms
[298.181s][info][gc,phases      ] GC(672)   Other: 0.11ms
[298.181s][info][gc,heap        ] GC(672) Eden regions: 246->0(301)
[298.181s][info][gc,heap        ] GC(672) Survivor regions: 34->1(35)
[298.181s][info][gc,heap        ] GC(672) Old regions: 606->592
[298.181s][info][gc,heap        ] GC(672) Humongous regions: 7->7
[298.181s][info][gc,metaspace   ] GC(672) Metaspace: 18815K(18944K)->18815K(18944K) NonClass: 16986K(17088K)->16986K(17088K) Class: 1828K(1856K)->1828K(1856K)
[298.181s][info][gc             ] GC(672) Pause Young (Mixed) (G1 Evacuation Pause) 892M->599M(978M) 42.540ms
[298.181s][info][gc,cpu         ] GC(672) User=0.08s Sys=0.00s Real=0.04s
[298.764s][info][gc,start       ] GC(673) Pause Young (Concurrent Start) (G1 Evacuation Pause)
[298.764s][info][gc,task        ] GC(673) Using 2 workers of 2 for evacuation
[298.821s][info][gc,phases      ] GC(673)   Pre Evacuate Collection Set: 0.37ms
[298.821s][info][gc,phases      ] GC(673)   Merge Heap Roots: 0.38ms
[298.821s][info][gc,phases      ] GC(673)   Evacuate Collection Set: 55.07ms
[298.821s][info][gc,phases      ] GC(673)   Post Evacuate Collection Set: 0.70ms
[298.821s][info][gc,phases      ] GC(673)   Other: 0.25ms
[298.821s][info][gc,heap        ] GC(673) Eden regions: 301->0(241)
[298.821s][info][gc,heap        ] GC(673) Survivor regions: 1->38(38)
[298.821s][info][gc,heap        ] GC(673) Old regions: 592->599
[298.821s][info][gc,heap        ] GC(673) Humongous regions: 7->7
[298.821s][info][gc,metaspace   ] GC(673) Metaspace: 18815K(18944K)->18815K(18944K) NonClass: 16986K(17088K)->16986K(17088K) Class: 1828K(1856K)->1828K(1856K)
[298.821s][info][gc             ] GC(673) Pause Young (Concurrent Start) (G1 Evacuation Pause) 900M->643M(978M) 57.045ms
[298.821s][info][gc,cpu         ] GC(673) User=0.11s Sys=0.00s Real=0.05s
[298.821s][info][gc             ] GC(674) Concurrent Mark Cycle
[298.823s][info][gc,marking     ] GC(674) Concurrent Scan Root Regions
[298.868s][info][gc,marking     ] GC(674) Concurrent Scan Root Regions 44.898ms
[298.868s][info][gc,marking     ] GC(674) Concurrent Mark
[298.868s][info][gc,marking     ] GC(674) Concurrent Mark From Roots
[298.868s][info][gc,task        ] GC(674) Using 1 workers of 1 for marking
[299.312s][info][gc,start       ] GC(675) Pause Young (Normal) (G1 Evacuation Pause)
[299.312s][info][gc,task        ] GC(675) Using 2 workers of 2 for evacuation
[299.385s][info][gc,phases      ] GC(675)   Pre Evacuate Collection Set: 0.31ms
[299.385s][info][gc,phases      ] GC(675)   Merge Heap Roots: 0.22ms
[299.385s][info][gc,phases      ] GC(675)   Evacuate Collection Set: 71.43ms
[299.385s][info][gc,phases      ] GC(675)   Post Evacuate Collection Set: 0.61ms
[299.385s][info][gc,phases      ] GC(675)   Other: 0.10ms
[299.385s][info][gc,heap        ] GC(675) Eden regions: 241->0(211)
[299.385s][info][gc,heap        ] GC(675) Survivor regions: 38->35(35)
[299.385s][info][gc,heap        ] GC(675) Old regions: 599->637
[299.385s][info][gc,heap        ] GC(675) Humongous regions: 7->7
[299.385s][info][gc,metaspace   ] GC(675) Metaspace: 18816K(18944K)->18816K(18944K) NonClass: 16987K(17088K)->16987K(17088K) Class: 1828K(1856K)->1828K(1856K)
[299.385s][info][gc             ] GC(675) Pause Young (Normal) (G1 Evacuation Pause) 884M->678M(978M) 73.006ms
[299.385s][info][gc,cpu         ] GC(675) User=0.15s Sys=0.00s Real=0.08s
[299.855s][info][gc,start       ] GC(676) Pause Young (Normal) (G1 Evacuation Pause)
[299.855s][info][gc,task        ] GC(676) Using 2 workers of 2 for evacuation
[299.961s][info][gc,phases      ] GC(676)   Pre Evacuate Collection Set: 0.33ms
[299.961s][info][gc,phases      ] GC(676)   Merge Heap Roots: 0.30ms
[299.961s][info][gc,phases      ] GC(676)   Evacuate Collection Set: 104.58ms
[299.961s][info][gc,phases      ] GC(676)   Post Evacuate Collection Set: 0.65ms
[299.961s][info][gc,phases      ] GC(676)   Other: 0.09ms
[299.961s][info][gc,heap        ] GC(676) Eden regions: 211->0(170)
[299.961s][info][gc,heap        ] GC(676) Survivor regions: 35->31(31)
[299.961s][info][gc,heap        ] GC(676) Old regions: 637->685
[299.961s][info][gc,heap        ] GC(676) Humongous regions: 10->10
[299.961s][info][gc,metaspace   ] GC(676) Metaspace: 18816K(18944K)->18816K(18944K) NonClass: 16987K(17088K)->16987K(17088K) Class: 1828K(1856K)->1828K(1856K)
[299.961s][info][gc             ] GC(676) Pause Young (Normal) (G1 Evacuation Pause) 892M->725M(978M) 106.252ms
[299.961s][info][gc,cpu         ] GC(676) User=0.21s Sys=0.00s Real=0.10s
[300.228s][info][gc,start       ] GC(677) Pause Young (Normal) (G1 Evacuation Pause)
[300.228s][info][gc,task        ] GC(677) Using 2 workers of 2 for evacuation
[300.329s][info][gc,phases      ] GC(677)   Pre Evacuate Collection Set: 0.63ms
[300.329s][info][gc,phases      ] GC(677)   Merge Heap Roots: 0.42ms
[300.329s][info][gc,phases      ] GC(677)   Evacuate Collection Set: 99.32ms
[300.329s][info][gc,phases      ] GC(677)   Post Evacuate Collection Set: 0.50ms
[300.329s][info][gc,phases      ] GC(677)   Other: 0.11ms
[300.329s][info][gc,heap        ] GC(677) Eden regions: 170->0(164)
[300.329s][info][gc,heap        ] GC(677) Survivor regions: 31->16(26)
[300.329s][info][gc,heap        ] GC(677) Old regions: 685->716
[300.329s][info][gc,heap        ] GC(677) Humongous regions: 10->10
[300.329s][info][gc,metaspace   ] GC(677) Metaspace: 18816K(18944K)->18816K(18944K) NonClass: 16987K(17088K)->16987K(17088K) Class: 1828K(1856K)->1828K(1856K)
[300.329s][info][gc             ] GC(677) Pause Young (Normal) (G1 Evacuation Pause) 895M->741M(978M) 101.282ms
[300.329s][info][gc,cpu         ] GC(677) User=0.20s Sys=0.00s Real=0.10s
[300.615s][info][gc,start       ] GC(678) Pause Young (Normal) (G1 Evacuation Pause)
[300.615s][info][gc,task        ] GC(678) Using 2 workers of 2 for evacuation
[300.641s][info][gc,phases      ] GC(678)   Pre Evacuate Collection Set: 0.53ms
[300.641s][info][gc,phases      ] GC(678)   Merge Heap Roots: 0.21ms
[300.641s][info][gc,phases      ] GC(678)   Evacuate Collection Set: 24.92ms
[300.641s][info][gc,phases      ] GC(678)   Post Evacuate Collection Set: 0.45ms
[300.641s][info][gc,phases      ] GC(678)   Other: 0.11ms
[300.641s][info][gc,heap        ] GC(678) Eden regions: 164->0(171)
[300.641s][info][gc,heap        ] GC(678) Survivor regions: 16->2(23)
[300.641s][info][gc,heap        ] GC(678) Old regions: 716->731
[300.641s][info][gc,heap        ] GC(678) Humongous regions: 10->10
[300.641s][info][gc,metaspace   ] GC(678) Metaspace: 18816K(18944K)->18816K(18944K) NonClass: 16987K(17088K)->16987K(17088K) Class: 1828K(1856K)->1828K(1856K)
[300.642s][info][gc             ] GC(678) Pause Young (Normal) (G1 Evacuation Pause) 905M->742M(978M) 26.489ms
[300.642s][info][gc,cpu         ] GC(678) User=0.05s Sys=0.00s Real=0.02s
[301.084s][info][gc,start       ] GC(679) Pause Young (Normal) (G1 Evacuation Pause)
[301.084s][info][gc,task        ] GC(679) Using 2 workers of 2 for evacuation
[301.106s][info][gc,phases      ] GC(679)   Pre Evacuate Collection Set: 0.34ms
[301.106s][info][gc,phases      ] GC(679)   Merge Heap Roots: 0.42ms
[301.106s][info][gc,phases      ] GC(679)   Evacuate Collection Set: 20.00ms
[301.106s][info][gc,phases      ] GC(679)   Post Evacuate Collection Set: 0.42ms
[301.106s][info][gc,phases      ] GC(679)   Other: 0.11ms
[301.106s][info][gc,heap        ] GC(679) Eden regions: 171->0(175)
[301.106s][info][gc,heap        ] GC(679) Survivor regions: 2->5(22)
[301.106s][info][gc,heap        ] GC(679) Old regions: 731->731
[301.106s][info][gc,heap        ] GC(679) Humongous regions: 10->10
[301.106s][info][gc,metaspace   ] GC(679) Metaspace: 18816K(18944K)->18816K(18944K) NonClass: 16987K(17088K)->16987K(17088K) Class: 1828K(1856K)->1828K(1856K)
[301.106s][info][gc             ] GC(679) Pause Young (Normal) (G1 Evacuation Pause) 913M->745M(978M) 21.621ms
[301.106s][info][gc,cpu         ] GC(679) User=0.04s Sys=0.00s Real=0.02s
[301.285s][info][gc,marking     ] GC(674) Concurrent Mark From Roots 2416.588ms
[301.285s][info][gc,marking     ] GC(674) Concurrent Preclean
[301.285s][info][gc,marking     ] GC(674) Concurrent Preclean 0.039ms
[301.285s][info][gc,start       ] GC(674) Pause Remark
[301.294s][info][gc             ] GC(674) Pause Remark 821M->801M(978M) 8.604ms
[301.294s][info][gc,cpu         ] GC(674) User=0.02s Sys=0.00s Real=0.00s
[301.296s][info][gc,marking     ] GC(674) Concurrent Mark 2428.001ms
[301.296s][info][gc,marking     ] GC(674) Concurrent Rebuild Remembered Sets and Scrub Regions
[301.523s][info][gc,start       ] GC(680) Pause Young (Normal) (G1 Evacuation Pause)
[301.523s][info][gc,task        ] GC(680) Using 2 workers of 2 for evacuation
[301.568s][info][gc,phases      ] GC(680)   Pre Evacuate Collection Set: 0.55ms
[301.568s][info][gc,phases      ] GC(680)   Merge Heap Roots: 0.56ms
[301.568s][info][gc,phases      ] GC(680)   Evacuate Collection Set: 43.09ms
[301.568s][info][gc,phases      ] GC(680)   Post Evacuate Collection Set: 0.45ms
[301.568s][info][gc,phases      ] GC(680)   Other: 0.11ms
[301.568s][info][gc,heap        ] GC(680) Eden regions: 175->0(156)
[301.568s][info][gc,heap        ] GC(680) Survivor regions: 5->23(23)
[301.568s][info][gc,heap        ] GC(680) Old regions: 712->717
[301.568s][info][gc,heap        ] GC(680) Humongous regions: 9->9
[301.568s][info][gc,metaspace   ] GC(680) Metaspace: 18816K(18944K)->18816K(18944K) NonClass: 16987K(17088K)->16987K(17088K) Class: 1828K(1856K)->1828K(1856K)
[301.568s][info][gc             ] GC(680) Pause Young (Normal) (G1 Evacuation Pause) 900M->748M(978M) 45.057ms
[301.568s][info][gc,cpu         ] GC(680) User=0.09s Sys=0.00s Real=0.05s
[302.018s][info][gc,start       ] GC(681) Pause Young (Normal) (G1 Evacuation Pause)
[302.019s][info][gc,task        ] GC(681) Using 2 workers of 2 for evacuation
[302.073s][info][gc,phases      ] GC(681)   Pre Evacuate Collection Set: 0.53ms
[302.073s][info][gc,phases      ] GC(681)   Merge Heap Roots: 0.35ms
[302.073s][info][gc,phases      ] GC(681)   Evacuate Collection Set: 52.99ms
[302.073s][info][gc,phases      ] GC(681)   Post Evacuate Collection Set: 0.50ms
[302.073s][info][gc,phases      ] GC(681)   Other: 0.11ms
[302.073s][info][gc,heap        ] GC(681) Eden regions: 156->0(140)
[302.073s][info][gc,heap        ] GC(681) Survivor regions: 23->19(23)
[302.073s][info][gc,heap        ] GC(681) Old regions: 717->741
[302.073s][info][gc,heap        ] GC(681) Humongous regions: 9->9
[302.073s][info][gc,metaspace   ] GC(681) Metaspace: 18817K(18944K)->18817K(18944K) NonClass: 16988K(17088K)->16988K(17088K) Class: 1828K(1856K)->1828K(1856K)
[302.073s][info][gc             ] GC(681) Pause Young (Normal) (G1 Evacuation Pause) 904M->768M(978M) 54.736ms
[302.073s][info][gc,cpu         ] GC(681) User=0.11s Sys=0.00s Real=0.05s
[302.146s][info][gc,marking     ] GC(674) Concurrent Rebuild Remembered Sets and Scrub Regions 849.477ms
[302.146s][info][gc,start       ] GC(674) Pause Cleanup
[302.146s][info][gc             ] GC(674) Pause Cleanup 786M->786M(978M) 0.136ms
[302.146s][info][gc,cpu         ] GC(674) User=0.00s Sys=0.00s Real=0.00s
[302.146s][info][gc,marking     ] GC(674) Concurrent Clear Claimed Marks
[302.146s][info][gc,marking     ] GC(674) Concurrent Clear Claimed Marks 0.042ms
[302.146s][info][gc,marking     ] GC(674) Concurrent Cleanup for Next Mark
[302.151s][info][gc,marking     ] GC(674) Concurrent Cleanup for Next Mark 4.964ms
[302.151s][info][gc             ] GC(674) Concurrent Mark Cycle 3329.991ms
[302.327s][info][gc,start       ] GC(682) Pause Young (Prepare Mixed) (G1 Evacuation Pause)
[302.327s][info][gc,task        ] GC(682) Using 2 workers of 2 for evacuation
[302.352s][info][gc,phases      ] GC(682)   Pre Evacuate Collection Set: 0.36ms
[302.352s][info][gc,phases      ] GC(682)   Merge Heap Roots: 0.12ms
[302.352s][info][gc,phases      ] GC(682)   Evacuate Collection Set: 23.65ms
[302.352s][info][gc,phases      ] GC(682)   Post Evacuate Collection Set: 0.49ms
[302.352s][info][gc,phases      ] GC(682)   Other: 0.14ms
[302.352s][info][gc,heap        ] GC(682) Eden regions: 140->0(144)
[302.352s][info][gc,heap        ] GC(682) Survivor regions: 19->12(20)
[302.352s][info][gc,heap        ] GC(682) Old regions: 741->751
[302.352s][info][gc,heap        ] GC(682) Humongous regions: 9->9
[302.352s][info][gc,metaspace   ] GC(682) Metaspace: 18818K(18944K)->18818K(18944K) NonClass: 16989K(17088K)->16989K(17088K) Class: 1828K(1856K)->1828K(1856K)
[302.352s][info][gc             ] GC(682) Pause Young (Prepare Mixed) (G1 Evacuation Pause) 908M->771M(978M) 25.030ms
[302.352s][info][gc,cpu         ] GC(682) User=0.04s Sys=0.00s Real=0.02s
[302.530s][info][gc,start       ] GC(683) Pause Young (Mixed) (G1 Evacuation Pause)
[302.530s][info][gc,task        ] GC(683) Using 2 workers of 2 for evacuation
[302.563s][info][gc,phases      ] GC(683)   Pre Evacuate Collection Set: 0.33ms
[302.563s][info][gc,phases      ] GC(683)   Merge Heap Roots: 0.12ms
[302.563s][info][gc,phases      ] GC(683)   Evacuate Collection Set: 31.43ms
[302.563s][info][gc,phases      ] GC(683)   Post Evacuate Collection Set: 0.46ms
[302.563s][info][gc,phases      ] GC(683)   Other: 0.11ms
[302.563s][info][gc,heap        ] GC(683) Eden regions: 144->0(133)
[302.563s][info][gc,heap        ] GC(683) Survivor regions: 12->20(20)
[302.563s][info][gc,heap        ] GC(683) Old regions: 751->746
[302.563s][info][gc,heap        ] GC(683) Humongous regions: 9->9
[302.563s][info][gc,metaspace   ] GC(683) Metaspace: 18818K(18944K)->18818K(18944K) NonClass: 16989K(17088K)->16989K(17088K) Class: 1828K(1856K)->1828K(1856K)
[302.563s][info][gc             ] GC(683) Pause Young (Mixed) (G1 Evacuation Pause) 915M->774M(978M) 32.731ms
[302.563s][info][gc,cpu         ] GC(683) User=0.06s Sys=0.00s Real=0.03s
[302.723s][info][gc,start       ] GC(684) Pause Young (Concurrent Start) (G1 Evacuation Pause)
[302.723s][info][gc,task        ] GC(684) Using 2 workers of 2 for evacuation
[302.759s][info][gc,phases      ] GC(684)   Pre Evacuate Collection Set: 0.40ms
[302.759s][info][gc,phases      ] GC(684)   Merge Heap Roots: 0.12ms
[302.759s][info][gc,phases      ] GC(684)   Evacuate Collection Set: 35.10ms
[302.759s][info][gc,phases      ] GC(684)   Post Evacuate Collection Set: 0.46ms
[302.759s][info][gc,phases      ] GC(684)   Other: 0.11ms
[302.759s][info][gc,heap        ] GC(684) Eden regions: 133->0(131)
[302.759s][info][gc,heap        ] GC(684) Survivor regions: 20->11(20)
[302.759s][info][gc,heap        ] GC(684) Old regions: 746->766
[302.759s][info][gc,heap        ] GC(684) Humongous regions: 9->9
[302.759s][info][gc,metaspace   ] GC(684) Metaspace: 18818K(18944K)->18818K(18944K) NonClass: 16989K(17088K)->16989K(17088K) Class: 1828K(1856K)->1828K(1856K)
[302.759s][info][gc             ] GC(684) Pause Young (Concurrent Start) (G1 Evacuation Pause) 907M->785M(978M) 36.466ms
[302.759s][info][gc             ] GC(685) Concurrent Mark Cycle
[302.759s][info][gc,marking     ] GC(685) Concurrent Scan Root Regions
[302.759s][info][gc,cpu         ] GC(684) User=0.07s Sys=0.01s Real=0.04s
[302.807s][info][gc,marking     ] GC(685) Concurrent Scan Root Regions 48.009ms
[302.807s][info][gc,marking     ] GC(685) Concurrent Mark
[302.807s][info][gc,marking     ] GC(685) Concurrent Mark From Roots
[302.807s][info][gc,task        ] GC(685) Using 1 workers of 1 for marking
[303.135s][info][gc,start       ] GC(686) Pause Young (Normal) (G1 Evacuation Pause)
[303.136s][info][gc,task        ] GC(686) Using 2 workers of 2 for evacuation
[303.154s][info][gc,phases      ] GC(686)   Pre Evacuate Collection Set: 0.32ms
[303.154s][info][gc,phases      ] GC(686)   Merge Heap Roots: 0.16ms
[303.154s][info][gc,phases      ] GC(686)   Evacuate Collection Set: 16.96ms
[303.154s][info][gc,phases      ] GC(686)   Post Evacuate Collection Set: 0.43ms
[303.154s][info][gc,phases      ] GC(686)   Other: 0.11ms
[303.154s][info][gc,heap        ] GC(686) Eden regions: 131->0(134)
[303.154s][info][gc,heap        ] GC(686) Survivor regions: 11->4(18)
[303.154s][info][gc,heap        ] GC(686) Old regions: 766->777
[303.154s][info][gc,heap        ] GC(686) Humongous regions: 9->9
[303.154s][info][gc,metaspace   ] GC(686) Metaspace: 18821K(18944K)->18821K(18944K) NonClass: 16992K(17088K)->16992K(17088K) Class: 1828K(1856K)->1828K(1856K)
[303.154s][info][gc             ] GC(686) Pause Young (Normal) (G1 Evacuation Pause) 916M->789M(978M) 18.270ms
[303.154s][info][gc,cpu         ] GC(686) User=0.03s Sys=0.00s Real=0.01s
[303.612s][info][gc,start       ] GC(687) Pause Young (Normal) (G1 Evacuation Pause)
[303.612s][info][gc,task        ] GC(687) Using 2 workers of 2 for evacuation
[303.622s][info][gc,phases      ] GC(687)   Pre Evacuate Collection Set: 0.31ms
[303.622s][info][gc,phases      ] GC(687)   Merge Heap Roots: 0.14ms
[303.622s][info][gc,phases      ] GC(687)   Evacuate Collection Set: 8.79ms
[303.622s][info][gc,phases      ] GC(687)   Post Evacuate Collection Set: 0.42ms
[303.622s][info][gc,phases      ] GC(687)   Other: 0.08ms
[303.622s][info][gc,heap        ] GC(687) Eden regions: 134->0(126)
[303.622s][info][gc,heap        ] GC(687) Survivor regions: 4->8(18)
[303.622s][info][gc,heap        ] GC(687) Old regions: 777->777
[303.622s][info][gc,heap        ] GC(687) Humongous regions: 9->9
[303.622s][info][gc,metaspace   ] GC(687) Metaspace: 18821K(18944K)->18821K(18944K) NonClass: 16992K(17088K)->16992K(17088K) Class: 1828K(1856K)->1828K(1856K)
[303.622s][info][gc             ] GC(687) Pause Young (Normal) (G1 Evacuation Pause) 923M->793M(978M) 9.979ms
[303.622s][info][gc,cpu         ] GC(687) User=0.02s Sys=0.00s Real=0.01s
[303.829s][info][gc,start       ] GC(688) Pause Young (Normal) (G1 Evacuation Pause)
[303.830s][info][gc,task        ] GC(688) Using 2 workers of 2 for evacuation
[303.854s][info][gc,phases      ] GC(688)   Pre Evacuate Collection Set: 0.54ms
[303.854s][info][gc,phases      ] GC(688)   Merge Heap Roots: 0.12ms
[303.854s][info][gc,phases      ] GC(688)   Evacuate Collection Set: 23.49ms
[303.854s][info][gc,phases      ] GC(688)   Post Evacuate Collection Set: 0.44ms
[303.854s][info][gc,phases      ] GC(688)   Other: 0.12ms
[303.854s][info][gc,heap        ] GC(688) Eden regions: 126->0(105)
[303.854s][info][gc,heap        ] GC(688) Survivor regions: 8->17(17)
[303.854s][info][gc,heap        ] GC(688) Old regions: 777->780
[303.854s][info][gc,heap        ] GC(688) Humongous regions: 9->9
[303.854s][info][gc,metaspace   ] GC(688) Metaspace: 18821K(18944K)->18821K(18944K) NonClass: 16992K(17088K)->16992K(17088K) Class: 1828K(1856K)->1828K(1856K)
[303.854s][info][gc             ] GC(688) Pause Young (Normal) (G1 Evacuation Pause) 919M->805M(978M) 24.976ms
[303.854s][info][gc,cpu         ] GC(688) User=0.05s Sys=0.00s Real=0.03s
[304.150s][info][gc,start       ] GC(689) Pause Young (Normal) (G1 Evacuation Pause)
[304.150s][info][gc,task        ] GC(689) Using 2 workers of 2 for evacuation
[304.184s][info][gc,phases      ] GC(689)   Pre Evacuate Collection Set: 0.31ms
[304.184s][info][gc,phases      ] GC(689)   Merge Heap Roots: 0.14ms
[304.184s][info][gc,phases      ] GC(689)   Evacuate Collection Set: 32.61ms
[304.184s][info][gc,phases      ] GC(689)   Post Evacuate Collection Set: 0.38ms
[304.184s][info][gc,phases      ] GC(689)   Other: 0.08ms
[304.184s][info][gc,heap        ] GC(689) Eden regions: 105->0(95)
[304.184s][info][gc,heap        ] GC(689) Survivor regions: 17->13(16)
[304.184s][info][gc,heap        ] GC(689) Old regions: 780->798
[304.184s][info][gc,heap        ] GC(689) Humongous regions: 9->9
[304.184s][info][gc,metaspace   ] GC(689) Metaspace: 18821K(18944K)->18821K(18944K) NonClass: 16992K(17088K)->16992K(17088K) Class: 1828K(1856K)->1828K(1856K)
[304.184s][info][gc             ] GC(689) Pause Young (Normal) (G1 Evacuation Pause) 910M->818M(978M) 33.808ms
[304.184s][info][gc,cpu         ] GC(689) User=0.06s Sys=0.00s Real=0.03s
[304.272s][info][gc,marking     ] GC(685) Concurrent Mark From Roots 1464.375ms
[304.272s][info][gc,marking     ] GC(685) Concurrent Preclean
[304.272s][info][gc,marking     ] GC(685) Concurrent Preclean 0.100ms
[304.272s][info][gc,start       ] GC(685) Pause Remark
[304.283s][info][gc             ] GC(685) Pause Remark 864M->592M(978M) 11.147ms
[304.283s][info][gc,cpu         ] GC(685) User=0.02s Sys=0.00s Real=0.01s
[304.285s][info][gc,marking     ] GC(685) Concurrent Mark 1477.325ms
[304.285s][info][gc,marking     ] GC(685) Concurrent Rebuild Remembered Sets and Scrub Regions
[304.330s][info][gc,start       ] GC(690) Pause Young (Normal) (G1 Evacuation Pause)
[304.330s][info][gc,task        ] GC(690) Using 2 workers of 2 for evacuation
[304.377s][info][gc,phases      ] GC(690)   Pre Evacuate Collection Set: 0.30ms
[304.377s][info][gc,phases      ] GC(690)   Merge Heap Roots: 0.09ms
[304.377s][info][gc,phases      ] GC(690)   Evacuate Collection Set: 45.67ms
[304.377s][info][gc,phases      ] GC(690)   Post Evacuate Collection Set: 0.58ms
[304.377s][info][gc,phases      ] GC(690)   Other: 0.09ms
[304.377s][info][gc,heap        ] GC(690) Eden regions: 95->0(265)
[304.377s][info][gc,heap        ] GC(690) Survivor regions: 13->14(14)
[304.377s][info][gc,heap        ] GC(690) Old regions: 531->564
[304.377s][info][gc,heap        ] GC(690) Humongous regions: 4->4
[304.377s][info][gc,metaspace   ] GC(690) Metaspace: 18821K(18944K)->18821K(18944K) NonClass: 16992K(17088K)->16992K(17088K) Class: 1828K(1856K)->1828K(1856K)
[304.377s][info][gc             ] GC(690) Pause Young (Normal) (G1 Evacuation Pause) 641M->581M(978M) 47.029ms
[304.377s][info][gc,cpu         ] GC(690) User=0.09s Sys=0.00s Real=0.05s
[304.955s][info][gc,start       ] GC(691) Pause Young (Normal) (G1 Evacuation Pause)
[304.955s][info][gc,task        ] GC(691) Using 2 workers of 2 for evacuation
[305.018s][info][gc,phases      ] GC(691)   Pre Evacuate Collection Set: 0.32ms
[305.018s][info][gc,phases      ] GC(691)   Merge Heap Roots: 0.36ms
[305.018s][info][gc,phases      ] GC(691)   Evacuate Collection Set: 61.78ms
[305.018s][info][gc,phases      ] GC(691)   Post Evacuate Collection Set: 0.77ms
[305.018s][info][gc,phases      ] GC(691)   Other: 0.10ms
[305.018s][info][gc,heap        ] GC(691) Eden regions: 265->0(244)
[305.018s][info][gc,heap        ] GC(691) Survivor regions: 14->35(35)
[305.018s][info][gc,heap        ] GC(691) Old regions: 564->578
[305.018s][info][gc,heap        ] GC(691) Humongous regions: 4->4
[305.018s][info][gc,metaspace   ] GC(691) Metaspace: 18821K(18944K)->18821K(18944K) NonClass: 16992K(17088K)->16992K(17088K) Class: 1828K(1856K)->1828K(1856K)
[305.018s][info][gc             ] GC(691) Pause Young (Normal) (G1 Evacuation Pause) 846M->616M(978M) 63.647ms
[305.018s][info][gc,cpu         ] GC(691) User=0.12s Sys=0.00s Real=0.06s
[305.094s][info][gc,marking     ] GC(685) Concurrent Rebuild Remembered Sets and Scrub Regions 809.066ms
[305.094s][info][gc,start       ] GC(685) Pause Cleanup
[305.094s][info][gc             ] GC(685) Pause Cleanup 643M->643M(978M) 0.169ms
[305.094s][info][gc,cpu         ] GC(685) User=0.00s Sys=0.00s Real=0.01s
[305.095s][info][gc,marking     ] GC(685) Concurrent Clear Claimed Marks
[305.095s][info][gc,marking     ] GC(685) Concurrent Clear Claimed Marks 0.053ms
[305.095s][info][gc,marking     ] GC(685) Concurrent Cleanup for Next Mark
[305.098s][info][gc,marking     ] GC(685) Concurrent Cleanup for Next Mark 2.982ms
[305.098s][info][gc             ] GC(685) Concurrent Mark Cycle 2339.006ms
[305.398s][info][gc,start       ] GC(692) Pause Young (Prepare Mixed) (G1 Evacuation Pause)
[305.398s][info][gc,task        ] GC(692) Using 2 workers of 2 for evacuation
[305.521s][info][gc,phases      ] GC(692)   Pre Evacuate Collection Set: 0.32ms
[305.521s][info][gc,phases      ] GC(692)   Merge Heap Roots: 0.46ms
[305.521s][info][gc,phases      ] GC(692)   Evacuate Collection Set: 121.12ms
[305.521s][info][gc,phases      ] GC(692)   Post Evacuate Collection Set: 0.63ms
[305.521s][info][gc,phases      ] GC(692)   Other: 0.09ms
[305.521s][info][gc,heap        ] GC(692) Eden regions: 244->0(205)
[305.521s][info][gc,heap        ] GC(692) Survivor regions: 35->35(35)
[305.521s][info][gc,heap        ] GC(692) Old regions: 578->630
[305.521s][info][gc,heap        ] GC(692) Humongous regions: 7->7
[305.521s][info][gc,metaspace   ] GC(692) Metaspace: 18821K(18944K)->18821K(18944K) NonClass: 16992K(17088K)->16992K(17088K) Class: 1828K(1856K)->1828K(1856K)
[305.521s][info][gc             ] GC(692) Pause Young (Prepare Mixed) (G1 Evacuation Pause) 863M->671M(978M) 122.956ms
[305.521s][info][gc,cpu         ] GC(692) User=0.24s Sys=0.00s Real=0.12s
[305.711s][info][gc,start       ] GC(693) Pause Young (Mixed) (G1 Evacuation Pause)
[305.711s][info][gc,task        ] GC(693) Using 2 workers of 2 for evacuation
[305.835s][info][gc,phases      ] GC(693)   Pre Evacuate Collection Set: 0.36ms
[305.835s][info][gc,phases      ] GC(693)   Merge Heap Roots: 0.72ms
[305.835s][info][gc,phases      ] GC(693)   Evacuate Collection Set: 84.04ms
[305.835s][info][gc,phases      ] GC(693)   Merge Optional Heap Roots: 1.12ms
[305.835s][info][gc,phases      ] GC(693)   Evacuate Optional Collection Set: 36.38ms
[305.835s][info][gc,phases      ] GC(693)   Post Evacuate Collection Set: 1.22ms
[305.835s][info][gc,phases      ] GC(693)   Other: 0.11ms
[305.835s][info][gc,heap        ] GC(693) Eden regions: 205->0(247)
[305.835s][info][gc,heap        ] GC(693) Survivor regions: 35->5(30)
[305.835s][info][gc,heap        ] GC(693) Old regions: 630->604
[305.835s][info][gc,heap        ] GC(693) Humongous regions: 7->7
[305.835s][info][gc,metaspace   ] GC(693) Metaspace: 18821K(18944K)->18821K(18944K) NonClass: 16992K(17088K)->16992K(17088K) Class: 1828K(1856K)->1828K(1856K)
[305.835s][info][gc             ] GC(693) Pause Young (Mixed) (G1 Evacuation Pause) 876M->615M(978M) 124.287ms
[305.835s][info][gc,cpu         ] GC(693) User=0.25s Sys=0.01s Real=0.13s
[306.189s][info][gc,start       ] GC(694) Pause Young (Mixed) (G1 Evacuation Pause)
[306.189s][info][gc,task        ] GC(694) Using 2 workers of 2 for evacuation
[306.256s][info][gc,phases      ] GC(694)   Pre Evacuate Collection Set: 0.33ms
[306.256s][info][gc,phases      ] GC(694)   Merge Heap Roots: 1.16ms
[306.256s][info][gc,phases      ] GC(694)   Evacuate Collection Set: 64.73ms
[306.256s][info][gc,phases      ] GC(694)   Post Evacuate Collection Set: 0.55ms
[306.256s][info][gc,phases      ] GC(694)   Other: 0.10ms
[306.256s][info][gc,heap        ] GC(694) Eden regions: 247->0(257)
[306.256s][info][gc,heap        ] GC(694) Survivor regions: 5->10(32)
[306.256s][info][gc,heap        ] GC(694) Old regions: 604->604
[306.256s][info][gc,heap        ] GC(694) Humongous regions: 7->7
[306.256s][info][gc,metaspace   ] GC(694) Metaspace: 18821K(18944K)->18821K(18944K) NonClass: 16992K(17088K)->16992K(17088K) Class: 1828K(1856K)->1828K(1856K)
[306.256s][info][gc             ] GC(694) Pause Young (Mixed) (G1 Evacuation Pause) 862M->619M(978M) 67.191ms
[306.256s][info][gc,cpu         ] GC(694) User=0.13s Sys=0.00s Real=0.07s
[306.555s][info][gc,start       ] GC(695) Pause Young (Concurrent Start) (G1 Evacuation Pause)
[306.555s][info][gc,task        ] GC(695) Using 2 workers of 2 for evacuation
[306.644s][info][gc,phases      ] GC(695)   Pre Evacuate Collection Set: 0.35ms
[306.644s][info][gc,phases      ] GC(695)   Merge Heap Roots: 0.32ms
[306.644s][info][gc,phases      ] GC(695)   Evacuate Collection Set: 87.11ms
[306.644s][info][gc,phases      ] GC(695)   Post Evacuate Collection Set: 0.84ms
[306.644s][info][gc,phases      ] GC(695)   Other: 0.23ms
[306.644s][info][gc,heap        ] GC(695) Eden regions: 257->0(198)
[306.644s][info][gc,heap        ] GC(695) Survivor regions: 10->34(34)
[306.644s][info][gc,heap        ] GC(695) Old regions: 604->643
[306.644s][info][gc,heap        ] GC(695) Humongous regions: 7->7
[306.644s][info][gc,metaspace   ] GC(695) Metaspace: 18821K(18944K)->18821K(18944K) NonClass: 16992K(17088K)->16992K(17088K) Class: 1828K(1856K)->1828K(1856K)
[306.644s][info][gc             ] GC(695) Pause Young (Concurrent Start) (G1 Evacuation Pause) 876M->683M(978M) 89.094ms
[306.644s][info][gc,cpu         ] GC(695) User=0.17s Sys=0.00s Real=0.08s
[306.644s][info][gc             ] GC(696) Concurrent Mark Cycle
[306.644s][info][gc,marking     ] GC(696) Concurrent Scan Root Regions
[306.776s][info][gc,marking     ] GC(696) Concurrent Scan Root Regions 131.973ms
[306.776s][info][gc,marking     ] GC(696) Concurrent Mark
[306.776s][info][gc,marking     ] GC(696) Concurrent Mark From Roots
[306.776s][info][gc,task        ] GC(696) Using 1 workers of 1 for marking
[307.313s][info][gc,start       ] GC(697) Pause Young (Normal) (G1 Evacuation Pause)
[307.313s][info][gc,task        ] GC(697) Using 2 workers of 2 for evacuation
[307.394s][info][gc,phases      ] GC(697)   Pre Evacuate Collection Set: 0.55ms
[307.394s][info][gc,phases      ] GC(697)   Merge Heap Roots: 0.56ms
[307.394s][info][gc,phases      ] GC(697)   Evacuate Collection Set: 79.58ms
[307.394s][info][gc,phases      ] GC(697)   Post Evacuate Collection Set: 0.59ms
[307.394s][info][gc,phases      ] GC(697)   Other: 0.09ms
[307.394s][info][gc,heap        ] GC(697) Eden regions: 198->0(189)
[307.394s][info][gc,heap        ] GC(697) Survivor regions: 34->18(29)
[307.394s][info][gc,heap        ] GC(697) Old regions: 643->677
[307.394s][info][gc,heap        ] GC(697) Humongous regions: 8->8
[307.394s][info][gc,metaspace   ] GC(697) Metaspace: 18821K(18944K)->18821K(18944K) NonClass: 16992K(17088K)->16992K(17088K) Class: 1828K(1856K)->1828K(1856K)
[307.394s][info][gc             ] GC(697) Pause Young (Normal) (G1 Evacuation Pause) 882M->702M(978M) 81.649ms
[307.395s][info][gc,cpu         ] GC(697) User=0.16s Sys=0.00s Real=0.09s
[307.984s][info][gc,start       ] GC(698) Pause Young (Normal) (G1 Evacuation Pause)
[307.984s][info][gc,task        ] GC(698) Using 2 workers of 2 for evacuation
[308.030s][info][gc,phases      ] GC(698)   Pre Evacuate Collection Set: 0.33ms
[308.030s][info][gc,phases      ] GC(698)   Merge Heap Roots: 0.27ms
[308.030s][info][gc,phases      ] GC(698)   Evacuate Collection Set: 44.45ms
[308.030s][info][gc,phases      ] GC(698)   Post Evacuate Collection Set: 0.50ms
[308.030s][info][gc,phases      ] GC(698)   Other: 0.10ms
[308.030s][info][gc,heap        ] GC(698) Eden regions: 189->0(186)
[308.030s][info][gc,heap        ] GC(698) Survivor regions: 18->13(26)
[308.030s][info][gc,heap        ] GC(698) Old regions: 677->695
[308.030s][info][gc,heap        ] GC(698) Humongous regions: 8->8
[308.030s][info][gc,metaspace   ] GC(698) Metaspace: 18821K(18944K)->18821K(18944K) NonClass: 16992K(17088K)->16992K(17088K) Class: 1828K(1856K)->1828K(1856K)
[308.030s][info][gc             ] GC(698) Pause Young (Normal) (G1 Evacuation Pause) 891M->715M(978M) 45.934ms
[308.030s][info][gc,cpu         ] GC(698) User=0.09s Sys=0.00s Real=0.04s
[308.076s][info][gc,marking     ] GC(696) Concurrent Mark From Roots 1299.504ms
[308.076s][info][gc,marking     ] GC(696) Concurrent Preclean
[308.076s][info][gc,marking     ] GC(696) Concurrent Preclean 0.039ms
[308.076s][info][gc,start       ] GC(696) Pause Remark
[308.085s][info][gc             ] GC(696) Pause Remark 743M->553M(978M) 8.496ms
[308.085s][info][gc,cpu         ] GC(696) User=0.02s Sys=0.00s Real=0.01s
[308.085s][info][gc,marking     ] GC(696) Concurrent Mark 1308.387ms
[308.085s][info][gc,marking     ] GC(696) Concurrent Rebuild Remembered Sets and Scrub Regions
[308.311s][info][gc,start       ] GC(699) Pause Young (Normal) (G1 Evacuation Pause)
[308.311s][info][gc,task        ] GC(699) Using 2 workers of 2 for evacuation
[308.341s][info][gc,phases      ] GC(699)   Pre Evacuate Collection Set: 0.30ms
[308.341s][info][gc,phases      ] GC(699)   Merge Heap Roots: 0.17ms
[308.341s][info][gc,phases      ] GC(699)   Evacuate Collection Set: 28.53ms
[308.341s][info][gc,phases      ] GC(699)   Post Evacuate Collection Set: 0.44ms
[308.341s][info][gc,phases      ] GC(699)   Other: 0.12ms
[308.341s][info][gc,heap        ] GC(699) Eden regions: 186->0(314)
[308.341s][info][gc,heap        ] GC(699) Survivor regions: 13->11(25)
[308.341s][info][gc,heap        ] GC(699) Old regions: 508->521
[308.341s][info][gc,heap        ] GC(699) Humongous regions: 5->5
[308.341s][info][gc,metaspace   ] GC(699) Metaspace: 18821K(18944K)->18821K(18944K) NonClass: 16992K(17088K)->16992K(17088K) Class: 1828K(1856K)->1828K(1856K)
[308.341s][info][gc             ] GC(699) Pause Young (Normal) (G1 Evacuation Pause) 711M->536M(978M) 29.922ms
[308.341s][info][gc,cpu         ] GC(699) User=0.06s Sys=0.00s Real=0.03s
[308.664s][info][gc,marking     ] GC(696) Concurrent Rebuild Remembered Sets and Scrub Regions 579.205ms
[308.664s][info][gc,start       ] GC(696) Pause Cleanup
[308.664s][info][gc             ] GC(696) Pause Cleanup 722M->722M(978M) 0.157ms
[308.664s][info][gc,cpu         ] GC(696) User=0.00s Sys=0.00s Real=0.01s
[308.665s][info][gc,marking     ] GC(696) Concurrent Clear Claimed Marks
[308.665s][info][gc,marking     ] GC(696) Concurrent Clear Claimed Marks 0.051ms
[308.665s][info][gc,marking     ] GC(696) Concurrent Cleanup for Next Mark
[308.671s][info][gc,marking     ] GC(696) Concurrent Cleanup for Next Mark 6.005ms
[308.671s][info][gc             ] GC(696) Concurrent Mark Cycle 2027.077ms
[309.033s][info][gc,start       ] GC(700) Pause Young (Prepare Mixed) (G1 Evacuation Pause)
[309.033s][info][gc,task        ] GC(700) Using 2 workers of 2 for evacuation
[309.071s][info][gc,phases      ] GC(700)   Pre Evacuate Collection Set: 0.32ms
[309.071s][info][gc,phases      ] GC(700)   Merge Heap Roots: 0.27ms
[309.071s][info][gc,phases      ] GC(700)   Evacuate Collection Set: 36.29ms
[309.071s][info][gc,phases      ] GC(700)   Post Evacuate Collection Set: 0.62ms
[309.071s][info][gc,phases      ] GC(700)   Other: 0.09ms
[309.071s][info][gc,heap        ] GC(700) Eden regions: 314->0(311)
[309.071s][info][gc,heap        ] GC(700) Survivor regions: 11->28(41)
[309.071s][info][gc,heap        ] GC(700) Old regions: 521->521
[309.071s][info][gc,heap        ] GC(700) Humongous regions: 5->5
[309.071s][info][gc,metaspace   ] GC(700) Metaspace: 18821K(18944K)->18821K(18944K) NonClass: 16992K(17088K)->16992K(17088K) Class: 1828K(1856K)->1828K(1856K)
[309.071s][info][gc             ] GC(700) Pause Young (Prepare Mixed) (G1 Evacuation Pause) 850M->553M(978M) 37.873ms
[309.071s][info][gc,cpu         ] GC(700) User=0.08s Sys=0.00s Real=0.04s
[309.853s][info][gc,start       ] GC(701) Pause Young (Mixed) (G1 Evacuation Pause)
[309.853s][info][gc,task        ] GC(701) Using 2 workers of 2 for evacuation
[309.892s][info][gc,phases      ] GC(701)   Pre Evacuate Collection Set: 0.33ms
[309.892s][info][gc,phases      ] GC(701)   Merge Heap Roots: 0.35ms
[309.892s][info][gc,phases      ] GC(701)   Evacuate Collection Set: 37.66ms
[309.892s][info][gc,phases      ] GC(701)   Post Evacuate Collection Set: 0.65ms
[309.892s][info][gc,phases      ] GC(701)   Other: 0.10ms
[309.892s][info][gc,heap        ] GC(701) Eden regions: 311->0(364)
[309.892s][info][gc,heap        ] GC(701) Survivor regions: 28->18(43)
[309.892s][info][gc,heap        ] GC(701) Old regions: 521->489
[309.892s][info][gc,heap        ] GC(701) Humongous regions: 5->5
[309.892s][info][gc,metaspace   ] GC(701) Metaspace: 18821K(18944K)->18821K(18944K) NonClass: 16992K(17088K)->16992K(17088K) Class: 1828K(1856K)->1828K(1856K)
[309.893s][info][gc             ] GC(701) Pause Young (Mixed) (G1 Evacuation Pause) 864M->511M(978M) 39.388ms
[309.893s][info][gc,cpu         ] GC(701) User=0.08s Sys=0.01s Real=0.04s
[310.424s][info][gc,start       ] GC(702) Pause Young (Concurrent Start) (G1 Evacuation Pause)
[310.425s][info][gc,task        ] GC(702) Using 2 workers of 2 for evacuation
[310.537s][info][gc,phases      ] GC(702)   Pre Evacuate Collection Set: 0.36ms
[310.537s][info][gc,phases      ] GC(702)   Merge Heap Roots: 0.56ms
[310.537s][info][gc,phases      ] GC(702)   Evacuate Collection Set: 110.28ms
[310.537s][info][gc,phases      ] GC(702)   Post Evacuate Collection Set: 1.01ms
[310.537s][info][gc,phases      ] GC(702)   Other: 0.23ms
[310.537s][info][gc,heap        ] GC(702) Eden regions: 364->0(270)
[310.537s][info][gc,heap        ] GC(702) Survivor regions: 18->48(48)
[310.537s][info][gc,heap        ] GC(702) Old regions: 489->532
[310.537s][info][gc,heap        ] GC(702) Humongous regions: 5->5
[310.537s][info][gc,metaspace   ] GC(702) Metaspace: 18821K(18944K)->18821K(18944K) NonClass: 16992K(17088K)->16992K(17088K) Class: 1828K(1856K)->1828K(1856K)
[310.537s][info][gc             ] GC(702) Pause Young (Concurrent Start) (G1 Evacuation Pause) 875M->584M(978M) 112.730ms
[310.537s][info][gc,cpu         ] GC(702) User=0.23s Sys=0.00s Real=0.11s
[310.537s][info][gc             ] GC(703) Concurrent Mark Cycle
[310.537s][info][gc,marking     ] GC(703) Concurrent Scan Root Regions
[310.638s][info][gc,marking     ] GC(703) Concurrent Scan Root Regions 100.739ms
[310.638s][info][gc,marking     ] GC(703) Concurrent Mark
[310.638s][info][gc,marking     ] GC(703) Concurrent Mark From Roots
[310.638s][info][gc,task        ] GC(703) Using 1 workers of 1 for marking
[311.367s][info][gc,start       ] GC(704) Pause Young (Normal) (G1 Evacuation Pause)
[311.367s][info][gc,task        ] GC(704) Using 2 workers of 2 for evacuation
[311.489s][info][gc,phases      ] GC(704)   Pre Evacuate Collection Set: 0.42ms
[311.489s][info][gc,phases      ] GC(704)   Merge Heap Roots: 0.71ms
[311.489s][info][gc,phases      ] GC(704)   Evacuate Collection Set: 119.47ms
[311.489s][info][gc,phases      ] GC(704)   Post Evacuate Collection Set: 0.75ms
[311.489s][info][gc,phases      ] GC(704)   Other: 0.12ms
[311.489s][info][gc,heap        ] GC(704) Eden regions: 270->0(241)
[311.489s][info][gc,heap        ] GC(704) Survivor regions: 48->35(40)
[311.489s][info][gc,heap        ] GC(704) Old regions: 532->580
[311.489s][info][gc,heap        ] GC(704) Humongous regions: 8->8
[311.489s][info][gc,metaspace   ] GC(704) Metaspace: 18821K(18944K)->18821K(18944K) NonClass: 16992K(17088K)->16992K(17088K) Class: 1828K(1856K)->1828K(1856K)
[311.489s][info][gc             ] GC(704) Pause Young (Normal) (G1 Evacuation Pause) 857M->622M(978M) 121.726ms
[311.489s][info][gc,cpu         ] GC(704) User=0.24s Sys=0.00s Real=0.12s
[311.677s][info][gc,marking     ] GC(703) Concurrent Mark From Roots 1038.872ms
[311.677s][info][gc,marking     ] GC(703) Concurrent Preclean
[311.677s][info][gc,marking     ] GC(703) Concurrent Preclean 0.039ms
[311.678s][info][gc,start       ] GC(703) Pause Remark
[311.686s][info][gc             ] GC(703) Pause Remark 738M->585M(978M) 8.747ms
[311.686s][info][gc,cpu         ] GC(703) User=0.02s Sys=0.00s Real=0.01s
[311.686s][info][gc,marking     ] GC(703) Concurrent Mark 1048.312ms
[311.686s][info][gc,marking     ] GC(703) Concurrent Rebuild Remembered Sets and Scrub Regions
[311.942s][info][gc,start       ] GC(705) Pause Young (Normal) (G1 Evacuation Pause)
[311.942s][info][gc,task        ] GC(705) Using 2 workers of 2 for evacuation
[312.055s][info][gc,phases      ] GC(705)   Pre Evacuate Collection Set: 0.34ms
[312.055s][info][gc,phases      ] GC(705)   Merge Heap Roots: 0.36ms
[312.055s][info][gc,phases      ] GC(705)   Evacuate Collection Set: 110.86ms
[312.055s][info][gc,phases      ] GC(705)   Post Evacuate Collection Set: 0.70ms
[312.055s][info][gc,phases      ] GC(705)   Other: 0.09ms
[312.055s][info][gc,heap        ] GC(705) Eden regions: 241->0(302)
[312.055s][info][gc,heap        ] GC(705) Survivor regions: 35->35(35)
[312.055s][info][gc,heap        ] GC(705) Old regions: 429->487
[312.055s][info][gc,heap        ] GC(705) Humongous regions: 6->6
[312.055s][info][gc,metaspace   ] GC(705) Metaspace: 18821K(18944K)->18821K(18944K) NonClass: 16992K(17088K)->16992K(17088K) Class: 1828K(1856K)->1828K(1856K)
[312.055s][info][gc             ] GC(705) Pause Young (Normal) (G1 Evacuation Pause) 710M->527M(978M) 112.638ms
[312.055s][info][gc,cpu         ] GC(705) User=0.23s Sys=0.00s Real=0.12s
[312.158s][info][gc,marking     ] GC(703) Concurrent Rebuild Remembered Sets and Scrub Regions 471.203ms
[312.158s][info][gc,start       ] GC(703) Pause Cleanup
[312.158s][info][gc             ] GC(703) Pause Cleanup 597M->597M(978M) 0.148ms
[312.158s][info][gc,cpu         ] GC(703) User=0.00s Sys=0.00s Real=0.00s
[312.158s][info][gc,marking     ] GC(703) Concurrent Clear Claimed Marks
[312.158s][info][gc,marking     ] GC(703) Concurrent Clear Claimed Marks 0.058ms
[312.158s][info][gc,marking     ] GC(703) Concurrent Cleanup for Next Mark
[312.165s][info][gc,marking     ] GC(703) Concurrent Cleanup for Next Mark 6.750ms
[312.165s][info][gc             ] GC(703) Concurrent Mark Cycle 1628.060ms
[312.523s][info][gc,start       ] GC(706) Pause Young (Prepare Mixed) (G1 Evacuation Pause)
[312.523s][info][gc,task        ] GC(706) Using 2 workers of 2 for evacuation
[312.606s][info][gc,phases      ] GC(706)   Pre Evacuate Collection Set: 0.36ms
[312.606s][info][gc,phases      ] GC(706)   Merge Heap Roots: 0.44ms
[312.606s][info][gc,phases      ] GC(706)   Evacuate Collection Set: 81.31ms
[312.606s][info][gc,phases      ] GC(706)   Post Evacuate Collection Set: 0.71ms
[312.606s][info][gc,phases      ] GC(706)   Other: 0.13ms
[312.606s][info][gc,heap        ] GC(706) Eden regions: 302->0(299)
[312.606s][info][gc,heap        ] GC(706) Survivor regions: 35->20(43)
[312.606s][info][gc,heap        ] GC(706) Old regions: 487->522
[312.606s][info][gc,heap        ] GC(706) Humongous regions: 9->9
[312.606s][info][gc,metaspace   ] GC(706) Metaspace: 18821K(18944K)->18821K(18944K) NonClass: 16992K(17088K)->16992K(17088K) Class: 1828K(1856K)->1828K(1856K)
[312.606s][info][gc             ] GC(706) Pause Young (Prepare Mixed) (G1 Evacuation Pause) 832M->550M(978M) 83.239ms
[312.606s][info][gc,cpu         ] GC(706) User=0.16s Sys=0.00s Real=0.09s
[313.101s][info][gc,start       ] GC(707) Pause Young (Mixed) (G1 Evacuation Pause)
[313.101s][info][gc,task        ] GC(707) Using 2 workers of 2 for evacuation
[313.142s][info][gc,phases      ] GC(707)   Pre Evacuate Collection Set: 0.56ms
[313.143s][info][gc,phases      ] GC(707)   Merge Heap Roots: 0.37ms
[313.143s][info][gc,phases      ] GC(707)   Evacuate Collection Set: 39.59ms
[313.143s][info][gc,phases      ] GC(707)   Post Evacuate Collection Set: 0.71ms
[313.143s][info][gc,phases      ] GC(707)   Other: 0.14ms
[313.143s][info][gc,heap        ] GC(707) Eden regions: 299->0(340)
[313.143s][info][gc,heap        ] GC(707) Survivor regions: 20->20(40)
[313.143s][info][gc,heap        ] GC(707) Old regions: 522->501
[313.143s][info][gc,heap        ] GC(707) Humongous regions: 9->9
[313.143s][info][gc,metaspace   ] GC(707) Metaspace: 18821K(18944K)->18821K(18944K) NonClass: 16992K(17088K)->16992K(17088K) Class: 1828K(1856K)->1828K(1856K)
[313.143s][info][gc             ] GC(707) Pause Young (Mixed) (G1 Evacuation Pause) 849M->528M(978M) 41.657ms
[313.143s][info][gc,cpu         ] GC(707) User=0.08s Sys=0.00s Real=0.04s
[313.714s][info][gc,start       ] GC(708) Pause Young (Concurrent Start) (G1 Evacuation Pause)
[313.714s][info][gc,task        ] GC(708) Using 2 workers of 2 for evacuation
[313.755s][info][gc,phases      ] GC(708)   Pre Evacuate Collection Set: 0.38ms
[313.755s][info][gc,phases      ] GC(708)   Merge Heap Roots: 0.31ms
[313.755s][info][gc,phases      ] GC(708)   Evacuate Collection Set: 39.15ms
[313.755s][info][gc,phases      ] GC(708)   Post Evacuate Collection Set: 1.01ms
[313.755s][info][gc,phases      ] GC(708)   Other: 0.12ms
[313.755s][info][gc,heap        ] GC(708) Eden regions: 340->0(361)
[313.755s][info][gc,heap        ] GC(708) Survivor regions: 20->20(45)
[313.755s][info][gc,heap        ] GC(708) Old regions: 501->501
[313.755s][info][gc,heap        ] GC(708) Humongous regions: 9->9
[313.755s][info][gc,metaspace   ] GC(708) Metaspace: 18821K(18944K)->18821K(18944K) NonClass: 16992K(17088K)->16992K(17088K) Class: 1828K(1856K)->1828K(1856K)
[313.755s][info][gc             ] GC(708) Pause Young (Concurrent Start) (G1 Evacuation Pause) 868M->528M(978M) 41.234ms
[313.755s][info][gc,cpu         ] GC(708) User=0.08s Sys=0.00s Real=0.05s
[313.755s][info][gc             ] GC(709) Concurrent Mark Cycle
[313.757s][info][gc,marking     ] GC(709) Concurrent Scan Root Regions
[313.822s][info][gc,marking     ] GC(709) Concurrent Scan Root Regions 64.972ms
[313.822s][info][gc,marking     ] GC(709) Concurrent Mark
[313.822s][info][gc,marking     ] GC(709) Concurrent Mark From Roots
[313.822s][info][gc,task        ] GC(709) Using 1 workers of 1 for marking
[315.182s][info][gc,start       ] GC(710) Pause Young (Normal) (G1 Evacuation Pause)
[315.182s][info][gc,task        ] GC(710) Using 2 workers of 2 for evacuation
[315.252s][info][gc,phases      ] GC(710)   Pre Evacuate Collection Set: 0.75ms
[315.252s][info][gc,phases      ] GC(710)   Merge Heap Roots: 0.82ms
[315.252s][info][gc,phases      ] GC(710)   Evacuate Collection Set: 67.44ms
[315.252s][info][gc,phases      ] GC(710)   Post Evacuate Collection Set: 0.81ms
[315.252s][info][gc,phases      ] GC(710)   Other: 0.14ms
[315.252s][info][gc,heap        ] GC(710) Eden regions: 361->0(358)
[315.252s][info][gc,heap        ] GC(710) Survivor regions: 20->30(48)
[315.252s][info][gc,heap        ] GC(710) Old regions: 501->501
[315.252s][info][gc,heap        ] GC(710) Humongous regions: 9->9
[315.252s][info][gc,metaspace   ] GC(710) Metaspace: 18821K(18944K)->18821K(18944K) NonClass: 16992K(17088K)->16992K(17088K) Class: 1828K(1856K)->1828K(1856K)
[315.252s][info][gc             ] GC(710) Pause Young (Normal) (G1 Evacuation Pause) 889M->538M(978M) 70.253ms
[315.252s][info][gc,cpu         ] GC(710) User=0.13s Sys=0.00s Real=0.07s
[315.359s][info][gc,marking     ] GC(709) Concurrent Mark From Roots 1536.825ms
[315.359s][info][gc,marking     ] GC(709) Concurrent Preclean
[315.359s][info][gc,marking     ] GC(709) Concurrent Preclean 0.054ms
[315.359s][info][gc,start       ] GC(709) Pause Remark
[315.369s][info][gc             ] GC(709) Pause Remark 589M->587M(978M) 9.771ms
[315.369s][info][gc,cpu         ] GC(709) User=0.02s Sys=0.00s Real=0.01s
[315.370s][info][gc,marking     ] GC(709) Concurrent Mark 1548.234ms
[315.371s][info][gc,marking     ] GC(709) Concurrent Rebuild Remembered Sets and Scrub Regions
[315.758s][info][gc,start       ] GC(711) Pause Young (Normal) (G1 Evacuation Pause)
[315.758s][info][gc,task        ] GC(711) Using 2 workers of 2 for evacuation
[315.848s][info][gc,phases      ] GC(711)   Pre Evacuate Collection Set: 0.33ms
[315.848s][info][gc,phases      ] GC(711)   Merge Heap Roots: 0.55ms
[315.848s][info][gc,phases      ] GC(711)   Evacuate Collection Set: 87.78ms
[315.848s][info][gc,phases      ] GC(711)   Post Evacuate Collection Set: 0.65ms
[315.848s][info][gc,phases      ] GC(711)   Other: 0.12ms
[315.848s][info][gc,heap        ] GC(711) Eden regions: 358->0(323)
[315.848s][info][gc,heap        ] GC(711) Survivor regions: 30->39(49)
[315.848s][info][gc,heap        ] GC(711) Old regions: 501->520
[315.848s][info][gc,heap        ] GC(711) Humongous regions: 7->7
[315.848s][info][gc,metaspace   ] GC(711) Metaspace: 18821K(18944K)->18821K(18944K) NonClass: 16992K(17088K)->16992K(17088K) Class: 1828K(1856K)->1828K(1856K)
[315.848s][info][gc             ] GC(711) Pause Young (Normal) (G1 Evacuation Pause) 894M->565M(978M) 89.744ms
[315.848s][info][gc,cpu         ] GC(711) User=0.18s Sys=0.00s Real=0.09s
[316.083s][info][gc,marking     ] GC(709) Concurrent Rebuild Remembered Sets and Scrub Regions 712.913ms
[316.084s][info][gc,start       ] GC(709) Pause Cleanup
[316.084s][info][gc             ] GC(709) Pause Cleanup 698M->698M(978M) 0.106ms
[316.084s][info][gc,cpu         ] GC(709) User=0.00s Sys=0.00s Real=0.00s
[316.084s][info][gc,marking     ] GC(709) Concurrent Clear Claimed Marks
[316.084s][info][gc,marking     ] GC(709) Concurrent Clear Claimed Marks 0.031ms
[316.084s][info][gc,marking     ] GC(709) Concurrent Cleanup for Next Mark
[316.087s][info][gc,marking     ] GC(709) Concurrent Cleanup for Next Mark 2.926ms
[316.087s][info][gc             ] GC(709) Concurrent Mark Cycle 2331.762ms
[316.265s][info][gc,start       ] GC(712) Pause Young (Prepare Mixed) (G1 Evacuation Pause)
[316.265s][info][gc,task        ] GC(712) Using 2 workers of 2 for evacuation
[316.315s][info][gc,phases      ] GC(712)   Pre Evacuate Collection Set: 0.35ms
[316.315s][info][gc,phases      ] GC(712)   Merge Heap Roots: 0.22ms
[316.315s][info][gc,phases      ] GC(712)   Evacuate Collection Set: 48.06ms
[316.315s][info][gc,phases      ] GC(712)   Post Evacuate Collection Set: 0.64ms
[316.315s][info][gc,phases      ] GC(712)   Other: 0.09ms
[316.315s][info][gc,heap        ] GC(712) Eden regions: 323->0(338)
[316.315s][info][gc,heap        ] GC(712) Survivor regions: 39->4(46)
[316.315s][info][gc,heap        ] GC(712) Old regions: 520->559
[316.315s][info][gc,heap        ] GC(712) Humongous regions: 7->7
[316.315s][info][gc,metaspace   ] GC(712) Metaspace: 18821K(18944K)->18821K(18944K) NonClass: 16992K(17088K)->16992K(17088K) Class: 1828K(1856K)->1828K(1856K)
[316.315s][info][gc             ] GC(712) Pause Young (Prepare Mixed) (G1 Evacuation Pause) 888M->569M(978M) 49.672ms
[316.315s][info][gc,cpu         ] GC(712) User=0.09s Sys=0.00s Real=0.05s
[316.656s][info][gc,start       ] GC(713) Pause Young (Mixed) (G1 Evacuation Pause)
[316.656s][info][gc,task        ] GC(713) Using 2 workers of 2 for evacuation
[316.747s][info][gc,phases      ] GC(713)   Pre Evacuate Collection Set: 0.56ms
[316.747s][info][gc,phases      ] GC(713)   Merge Heap Roots: 0.39ms
[316.747s][info][gc,phases      ] GC(713)   Evacuate Collection Set: 89.51ms
[316.747s][info][gc,phases      ] GC(713)   Post Evacuate Collection Set: 0.67ms
[316.747s][info][gc,phases      ] GC(713)   Other: 0.11ms
[316.747s][info][gc,heap        ] GC(713) Eden regions: 338->0(264)
[316.747s][info][gc,heap        ] GC(713) Survivor regions: 4->43(43)
[316.747s][info][gc,heap        ] GC(713) Old regions: 559->571
[316.747s][info][gc,heap        ] GC(713) Humongous regions: 7->7
[316.747s][info][gc,metaspace   ] GC(713) Metaspace: 18821K(18944K)->18821K(18944K) NonClass: 16992K(17088K)->16992K(17088K) Class: 1828K(1856K)->1828K(1856K)
[316.747s][info][gc             ] GC(713) Pause Young (Mixed) (G1 Evacuation Pause) 907M->620M(978M) 91.498ms
[316.747s][info][gc,cpu         ] GC(713) User=0.17s Sys=0.01s Real=0.09s
[317.052s][info][gc,start       ] GC(714) Pause Young (Concurrent Start) (G1 Evacuation Pause)
[317.053s][info][gc,task        ] GC(714) Using 2 workers of 2 for evacuation
[317.111s][info][gc,phases      ] GC(714)   Pre Evacuate Collection Set: 0.37ms
[317.111s][info][gc,phases      ] GC(714)   Merge Heap Roots: 0.31ms
[317.111s][info][gc,phases      ] GC(714)   Evacuate Collection Set: 57.24ms
[317.111s][info][gc,phases      ] GC(714)   Post Evacuate Collection Set: 0.61ms
[317.111s][info][gc,phases      ] GC(714)   Other: 0.24ms
[317.111s][info][gc,heap        ] GC(714) Eden regions: 264->0(277)
[317.111s][info][gc,heap        ] GC(714) Survivor regions: 43->6(39)
[317.111s][info][gc,heap        ] GC(714) Old regions: 571->615
[317.111s][info][gc,heap        ] GC(714) Humongous regions: 7->7
[317.111s][info][gc,metaspace   ] GC(714) Metaspace: 18821K(18944K)->18821K(18944K) NonClass: 16992K(17088K)->16992K(17088K) Class: 1828K(1856K)->1828K(1856K)
[317.112s][info][gc             ] GC(714) Pause Young (Concurrent Start) (G1 Evacuation Pause) 884M->626M(978M) 59.029ms
[317.112s][info][gc,cpu         ] GC(714) User=0.11s Sys=0.00s Real=0.06s
[317.112s][info][gc             ] GC(715) Concurrent Mark Cycle
[317.112s][info][gc,marking     ] GC(715) Concurrent Scan Root Regions
[317.216s][info][gc,marking     ] GC(715) Concurrent Scan Root Regions 104.467ms
[317.216s][info][gc,marking     ] GC(715) Concurrent Mark
[317.216s][info][gc,marking     ] GC(715) Concurrent Mark From Roots
[317.216s][info][gc,task        ] GC(715) Using 1 workers of 1 for marking
[317.668s][info][gc,start       ] GC(716) Pause Young (Normal) (G1 Evacuation Pause)
[317.668s][info][gc,task        ] GC(716) Using 2 workers of 2 for evacuation
[317.709s][info][gc,phases      ] GC(716)   Pre Evacuate Collection Set: 0.30ms
[317.709s][info][gc,phases      ] GC(716)   Merge Heap Roots: 0.22ms
[317.709s][info][gc,phases      ] GC(716)   Evacuate Collection Set: 39.13ms
[317.709s][info][gc,phases      ] GC(716)   Post Evacuate Collection Set: 0.55ms
[317.709s][info][gc,phases      ] GC(716)   Other: 0.13ms
[317.709s][info][gc,heap        ] GC(716) Eden regions: 277->0(244)
[317.709s][info][gc,heap        ] GC(716) Survivor regions: 6->31(36)
[317.709s][info][gc,heap        ] GC(716) Old regions: 615->615
[317.709s][info][gc,heap        ] GC(716) Humongous regions: 7->7
[317.709s][info][gc,metaspace   ] GC(716) Metaspace: 18821K(18944K)->18821K(18944K) NonClass: 16992K(17088K)->16992K(17088K) Class: 1828K(1856K)->1828K(1856K)
[317.709s][info][gc             ] GC(716) Pause Young (Normal) (G1 Evacuation Pause) 903M->651M(978M) 40.646ms
[317.709s][info][gc,cpu         ] GC(716) User=0.08s Sys=0.00s Real=0.04s
[318.778s][info][gc,start       ] GC(717) Pause Young (Normal) (G1 Evacuation Pause)
[318.778s][info][gc,task        ] GC(717) Using 2 workers of 2 for evacuation
[318.816s][info][gc,phases      ] GC(717)   Pre Evacuate Collection Set: 0.31ms
[318.816s][info][gc,phases      ] GC(717)   Merge Heap Roots: 0.29ms
[318.816s][info][gc,phases      ] GC(717)   Evacuate Collection Set: 36.65ms
[318.816s][info][gc,phases      ] GC(717)   Post Evacuate Collection Set: 0.52ms
[318.816s][info][gc,phases      ] GC(717)   Other: 0.10ms
[318.816s][info][gc,heap        ] GC(717) Eden regions: 244->0(264)
[318.816s][info][gc,heap        ] GC(717) Survivor regions: 31->1(35)
[318.816s][info][gc,heap        ] GC(717) Old regions: 615->645
[318.816s][info][gc,heap        ] GC(717) Humongous regions: 7->7
[318.816s][info][gc,metaspace   ] GC(717) Metaspace: 18821K(18944K)->18821K(18944K) NonClass: 16992K(17088K)->16992K(17088K) Class: 1828K(1856K)->1828K(1856K)
[318.816s][info][gc             ] GC(717) Pause Young (Normal) (G1 Evacuation Pause) 895M->652M(978M) 38.126ms
[318.816s][info][gc,cpu         ] GC(717) User=0.07s Sys=0.00s Real=0.04s
[319.015s][info][gc,marking     ] GC(715) Concurrent Mark From Roots 1799.275ms
[319.015s][info][gc,marking     ] GC(715) Concurrent Preclean
[319.016s][info][gc,marking     ] GC(715) Concurrent Preclean 0.036ms
[319.017s][info][gc,start       ] GC(715) Pause Remark
[319.026s][info][gc             ] GC(715) Pause Remark 695M->695M(978M) 9.029ms
[319.026s][info][gc,cpu         ] GC(715) User=0.02s Sys=0.00s Real=0.01s
[319.026s][info][gc,marking     ] GC(715) Concurrent Mark 1810.326ms
[319.026s][info][gc,marking     ] GC(715) Concurrent Rebuild Remembered Sets and Scrub Regions
[319.793s][info][gc,start       ] GC(718) Pause Young (Normal) (G1 Evacuation Pause)
[319.793s][info][gc,task        ] GC(718) Using 2 workers of 2 for evacuation
[319.796s][info][gc,phases      ] GC(718)   Pre Evacuate Collection Set: 0.32ms
[319.796s][info][gc,phases      ] GC(718)   Merge Heap Roots: 0.15ms
[319.796s][info][gc,phases      ] GC(718)   Evacuate Collection Set: 1.56ms
[319.796s][info][gc,phases      ] GC(718)   Post Evacuate Collection Set: 0.46ms
[319.796s][info][gc,phases      ] GC(718)   Other: 0.09ms
[319.796s][info][gc,heap        ] GC(718) Eden regions: 264->0(274)
[319.796s][info][gc,heap        ] GC(718) Survivor regions: 1->1(34)
[319.796s][info][gc,heap        ] GC(718) Old regions: 645->645
[319.796s][info][gc,heap        ] GC(718) Humongous regions: 7->7
[319.796s][info][gc,metaspace   ] GC(718) Metaspace: 18821K(18944K)->18821K(18944K) NonClass: 16992K(17088K)->16992K(17088K) Class: 1828K(1856K)->1828K(1856K)
[319.796s][info][gc             ] GC(718) Pause Young (Normal) (G1 Evacuation Pause) 916M->652M(978M) 2.809ms
[319.796s][info][gc,cpu         ] GC(718) User=0.01s Sys=0.00s Real=0.01s
[319.958s][info][gc,marking     ] GC(715) Concurrent Rebuild Remembered Sets and Scrub Regions 931.366ms
[319.958s][info][gc,start       ] GC(715) Pause Cleanup
[319.958s][info][gc             ] GC(715) Pause Cleanup 700M->700M(978M) 0.117ms
[319.958s][info][gc,cpu         ] GC(715) User=0.00s Sys=0.00s Real=0.00s
[319.958s][info][gc,marking     ] GC(715) Concurrent Clear Claimed Marks
[319.958s][info][gc,marking     ] GC(715) Concurrent Clear Claimed Marks 0.031ms
[319.958s][info][gc,marking     ] GC(715) Concurrent Cleanup for Next Mark
[319.961s][info][gc,marking     ] GC(715) Concurrent Cleanup for Next Mark 3.013ms
[319.961s][info][gc             ] GC(715) Concurrent Mark Cycle 2849.755ms
[320.552s][info][gc,start       ] GC(719) Pause Young (Prepare Mixed) (G1 Evacuation Pause)
[320.552s][info][gc,task        ] GC(719) Using 2 workers of 2 for evacuation
[320.555s][info][gc,phases      ] GC(719)   Pre Evacuate Collection Set: 0.32ms
[320.555s][info][gc,phases      ] GC(719)   Merge Heap Roots: 0.16ms
[320.555s][info][gc,phases      ] GC(719)   Evacuate Collection Set: 1.85ms
[320.555s][info][gc,phases      ] GC(719)   Post Evacuate Collection Set: 0.49ms
[320.555s][info][gc,phases      ] GC(719)   Other: 0.11ms
[320.555s][info][gc,heap        ] GC(719) Eden regions: 274->0(274)
[320.555s][info][gc,heap        ] GC(719) Survivor regions: 1->1(35)
[320.555s][info][gc,heap        ] GC(719) Old regions: 645->645
[320.555s][info][gc,heap        ] GC(719) Humongous regions: 7->7
[320.555s][info][gc,metaspace   ] GC(719) Metaspace: 18821K(18944K)->18821K(18944K) NonClass: 16992K(17088K)->16992K(17088K) Class: 1828K(1856K)->1828K(1856K)
[320.555s][info][gc             ] GC(719) Pause Young (Prepare Mixed) (G1 Evacuation Pause) 926M->652M(978M) 3.192ms
[320.555s][info][gc,cpu         ] GC(719) User=0.00s Sys=0.00s Real=0.01s
[320.971s][info][gc,start       ] GC(720) Pause Young (Mixed) (G1 Evacuation Pause)
[320.971s][info][gc,task        ] GC(720) Using 2 workers of 2 for evacuation
[321.090s][info][gc,phases      ] GC(720)   Pre Evacuate Collection Set: 0.57ms
[321.091s][info][gc,phases      ] GC(720)   Merge Heap Roots: 1.27ms
[321.091s][info][gc,phases      ] GC(720)   Evacuate Collection Set: 117.12ms
[321.091s][info][gc,phases      ] GC(720)   Post Evacuate Collection Set: 0.70ms
[321.091s][info][gc,phases      ] GC(720)   Other: 0.09ms
[321.091s][info][gc,heap        ] GC(720) Eden regions: 274->0(202)
[321.091s][info][gc,heap        ] GC(720) Survivor regions: 1->35(35)
[321.091s][info][gc,heap        ] GC(720) Old regions: 645->649
[321.091s][info][gc,heap        ] GC(720) Humongous regions: 7->7
[321.091s][info][gc,metaspace   ] GC(720) Metaspace: 18821K(18944K)->18821K(18944K) NonClass: 16992K(17088K)->16992K(17088K) Class: 1828K(1856K)->1828K(1856K)
[321.091s][info][gc             ] GC(720) Pause Young (Mixed) (G1 Evacuation Pause) 926M->690M(978M) 120.023ms
[321.091s][info][gc,cpu         ] GC(720) User=0.24s Sys=0.00s Real=0.12s
[321.364s][info][gc,start       ] GC(721) Pause Young (Concurrent Start) (G1 Evacuation Pause)
[321.364s][info][gc,task        ] GC(721) Using 2 workers of 2 for evacuation
[321.431s][info][gc,phases      ] GC(721)   Pre Evacuate Collection Set: 0.37ms
[321.431s][info][gc,phases      ] GC(721)   Merge Heap Roots: 0.29ms
[321.431s][info][gc,phases      ] GC(721)   Evacuate Collection Set: 65.97ms
[321.431s][info][gc,phases      ] GC(721)   Post Evacuate Collection Set: 0.56ms
[321.431s][info][gc,phases      ] GC(721)   Other: 0.23ms
[321.432s][info][gc,heap        ] GC(721) Eden regions: 202->0(176)
[321.432s][info][gc,heap        ] GC(721) Survivor regions: 35->30(30)
[321.432s][info][gc,heap        ] GC(721) Old regions: 649->685
[321.432s][info][gc,heap        ] GC(721) Humongous regions: 7->7
[321.432s][info][gc,metaspace   ] GC(721) Metaspace: 18821K(18944K)->18821K(18944K) NonClass: 16992K(17088K)->16992K(17088K) Class: 1828K(1856K)->1828K(1856K)
[321.432s][info][gc             ] GC(721) Pause Young (Concurrent Start) (G1 Evacuation Pause) 892M->721M(978M) 67.684ms
[321.432s][info][gc,cpu         ] GC(721) User=0.13s Sys=0.00s Real=0.07s
[321.432s][info][gc             ] GC(722) Concurrent Mark Cycle
[321.432s][info][gc,marking     ] GC(722) Concurrent Scan Root Regions
[321.503s][info][gc,marking     ] GC(722) Concurrent Scan Root Regions 71.466ms
[321.503s][info][gc,marking     ] GC(722) Concurrent Mark
[321.503s][info][gc,marking     ] GC(722) Concurrent Mark From Roots
[321.503s][info][gc,task        ] GC(722) Using 1 workers of 1 for marking
[321.991s][info][gc,start       ] GC(723) Pause Young (Normal) (G1 Evacuation Pause)
[321.991s][info][gc,task        ] GC(723) Using 2 workers of 2 for evacuation
[322.064s][info][gc,phases      ] GC(723)   Pre Evacuate Collection Set: 0.55ms
[322.064s][info][gc,phases      ] GC(723)   Merge Heap Roots: 0.28ms
[322.064s][info][gc,phases      ] GC(723)   Evacuate Collection Set: 71.38ms
[322.064s][info][gc,phases      ] GC(723)   Post Evacuate Collection Set: 0.57ms
[322.064s][info][gc,phases      ] GC(723)   Other: 0.08ms
[322.064s][info][gc,heap        ] GC(723) Eden regions: 176->0(155)
[322.064s][info][gc,heap        ] GC(723) Survivor regions: 30->24(26)
[322.064s][info][gc,heap        ] GC(723) Old regions: 685->715
[322.064s][info][gc,heap        ] GC(723) Humongous regions: 10->10
[322.064s][info][gc,metaspace   ] GC(723) Metaspace: 18821K(18944K)->18821K(18944K) NonClass: 16992K(17088K)->16992K(17088K) Class: 1828K(1856K)->1828K(1856K)
[322.064s][info][gc             ] GC(723) Pause Young (Normal) (G1 Evacuation Pause) 900M->748M(978M) 73.131ms
[322.064s][info][gc,cpu         ] GC(723) User=0.14s Sys=0.00s Real=0.07s
[322.308s][info][gc,start       ] GC(724) Pause Young (Normal) (G1 Evacuation Pause)
[322.308s][info][gc,task        ] GC(724) Using 2 workers of 2 for evacuation
[322.400s][info][gc,phases      ] GC(724)   Pre Evacuate Collection Set: 0.54ms
[322.400s][info][gc,phases      ] GC(724)   Merge Heap Roots: 0.31ms
[322.400s][info][gc,phases      ] GC(724)   Evacuate Collection Set: 89.94ms
[322.400s][info][gc,phases      ] GC(724)   Post Evacuate Collection Set: 0.65ms
[322.400s][info][gc,phases      ] GC(724)   Other: 0.08ms
[322.400s][info][gc,heap        ] GC(724) Eden regions: 155->0(109)
[322.400s][info][gc,heap        ] GC(724) Survivor regions: 24->23(23)
[322.400s][info][gc,heap        ] GC(724) Old regions: 715->763
[322.400s][info][gc,heap        ] GC(724) Humongous regions: 10->10
[322.400s][info][gc,metaspace   ] GC(724) Metaspace: 18821K(18944K)->18821K(18944K) NonClass: 16992K(17088K)->16992K(17088K) Class: 1828K(1856K)->1828K(1856K)
[322.400s][info][gc             ] GC(724) Pause Young (Normal) (G1 Evacuation Pause) 903M->795M(978M) 91.791ms
[322.400s][info][gc,cpu         ] GC(724) User=0.18s Sys=0.00s Real=0.09s
[322.687s][info][gc,start       ] GC(725) Pause Young (Normal) (G1 Evacuation Pause)
[322.687s][info][gc,task        ] GC(725) Using 2 workers of 2 for evacuation
[322.754s][info][gc,phases      ] GC(725)   Pre Evacuate Collection Set: 0.40ms
[322.754s][info][gc,phases      ] GC(725)   Merge Heap Roots: 0.41ms
[322.754s][info][gc,phases      ] GC(725)   Evacuate Collection Set: 65.47ms
[322.754s][info][gc,phases      ] GC(725)   Post Evacuate Collection Set: 0.51ms
[322.754s][info][gc,phases      ] GC(725)   Other: 0.12ms
[322.754s][info][gc,heap        ] GC(725) Eden regions: 109->0(85)
[322.754s][info][gc,heap        ] GC(725) Survivor regions: 23->17(17)
[322.754s][info][gc,heap        ] GC(725) Old regions: 763->799
[322.754s][info][gc,heap        ] GC(725) Humongous regions: 10->10
[322.754s][info][gc,metaspace   ] GC(725) Metaspace: 18821K(18944K)->18821K(18944K) NonClass: 16992K(17088K)->16992K(17088K) Class: 1828K(1856K)->1828K(1856K)
[322.754s][info][gc             ] GC(725) Pause Young (Normal) (G1 Evacuation Pause) 904M->825M(978M) 67.192ms
[322.754s][info][gc,cpu         ] GC(725) User=0.14s Sys=0.00s Real=0.06s
[323.019s][info][gc,start       ] GC(726) Pause Young (Normal) (G1 Evacuation Pause)
[323.019s][info][gc,task        ] GC(726) Using 2 workers of 2 for evacuation
[323.041s][info][gc,phases      ] GC(726)   Pre Evacuate Collection Set: 0.54ms
[323.041s][info][gc,phases      ] GC(726)   Merge Heap Roots: 0.39ms
[323.041s][info][gc,phases      ] GC(726)   Evacuate Collection Set: 20.44ms
[323.041s][info][gc,phases      ] GC(726)   Post Evacuate Collection Set: 0.36ms
[323.041s][info][gc,phases      ] GC(726)   Other: 0.13ms
[323.041s][info][gc,heap        ] GC(726) Eden regions: 85->0(99)
[323.041s][info][gc,heap        ] GC(726) Survivor regions: 17->1(13)
[323.041s][info][gc,heap        ] GC(726) Old regions: 799->817
[323.041s][info][gc,heap        ] GC(726) Humongous regions: 10->10
[323.041s][info][gc,metaspace   ] GC(726) Metaspace: 18821K(18944K)->18821K(18944K) NonClass: 16992K(17088K)->16992K(17088K) Class: 1828K(1856K)->1828K(1856K)
[323.041s][info][gc             ] GC(726) Pause Young (Normal) (G1 Evacuation Pause) 910M->827M(978M) 22.131ms
[323.041s][info][gc,cpu         ] GC(726) User=0.04s Sys=0.00s Real=0.02s
[323.223s][info][gc,marking     ] GC(722) Concurrent Mark From Roots 1720.175ms
[323.223s][info][gc,marking     ] GC(722) Concurrent Preclean
[323.223s][info][gc,marking     ] GC(722) Concurrent Preclean 0.046ms
[323.224s][info][gc,start       ] GC(722) Pause Remark
[323.232s][info][gc             ] GC(722) Pause Remark 907M->686M(978M) 8.460ms
[323.232s][info][gc,cpu         ] GC(722) User=0.02s Sys=0.00s Real=0.01s
[323.234s][info][gc,marking     ] GC(722) Concurrent Mark 1730.431ms
[323.234s][info][gc,marking     ] GC(722) Concurrent Rebuild Remembered Sets and Scrub Regions
[323.261s][info][gc,start       ] GC(727) Pause Young (Normal) (G1 Evacuation Pause)
[323.261s][info][gc,task        ] GC(727) Using 2 workers of 2 for evacuation
[323.263s][info][gc,phases      ] GC(727)   Pre Evacuate Collection Set: 0.55ms
[323.263s][info][gc,phases      ] GC(727)   Merge Heap Roots: 0.07ms
[323.263s][info][gc,phases      ] GC(727)   Evacuate Collection Set: 0.72ms
[323.263s][info][gc,phases      ] GC(727)   Post Evacuate Collection Set: 0.30ms
[323.263s][info][gc,phases      ] GC(727)   Other: 0.11ms
[323.263s][info][gc,heap        ] GC(727) Eden regions: 99->0(262)
[323.263s][info][gc,heap        ] GC(727) Survivor regions: 1->1(13)
[323.263s][info][gc,heap        ] GC(727) Old regions: 599->599
[323.263s][info][gc,heap        ] GC(727) Humongous regions: 7->7
[323.263s][info][gc,metaspace   ] GC(727) Metaspace: 18821K(18944K)->18821K(18944K) NonClass: 16992K(17088K)->16992K(17088K) Class: 1828K(1856K)->1828K(1856K)
[323.263s][info][gc             ] GC(727) Pause Young (Normal) (G1 Evacuation Pause) 705M->606M(978M) 1.958ms
[323.263s][info][gc,cpu         ] GC(727) User=0.00s Sys=0.00s Real=0.00s
[323.719s][info][gc,start       ] GC(728) Pause Young (Normal) (G1 Evacuation Pause)
[323.719s][info][gc,task        ] GC(728) Using 2 workers of 2 for evacuation
[323.722s][info][gc,phases      ] GC(728)   Pre Evacuate Collection Set: 0.33ms
[323.722s][info][gc,phases      ] GC(728)   Merge Heap Roots: 0.10ms
[323.722s][info][gc,phases      ] GC(728)   Evacuate Collection Set: 1.78ms
[323.722s][info][gc,phases      ] GC(728)   Post Evacuate Collection Set: 0.44ms
[323.722s][info][gc,phases      ] GC(728)   Other: 0.10ms
[323.722s][info][gc,heap        ] GC(728) Eden regions: 262->0(280)
[323.722s][info][gc,heap        ] GC(728) Survivor regions: 1->1(33)
[323.722s][info][gc,heap        ] GC(728) Old regions: 599->599
[323.722s][info][gc,heap        ] GC(728) Humongous regions: 7->7
[323.722s][info][gc,metaspace   ] GC(728) Metaspace: 18821K(18944K)->18821K(18944K) NonClass: 16992K(17088K)->16992K(17088K) Class: 1828K(1856K)->1828K(1856K)
[323.722s][info][gc             ] GC(728) Pause Young (Normal) (G1 Evacuation Pause) 868M->605M(978M) 2.996ms
[323.722s][info][gc,cpu         ] GC(728) User=0.00s Sys=0.00s Real=0.00s
[323.822s][info][gc,marking     ] GC(722) Concurrent Rebuild Remembered Sets and Scrub Regions 588.414ms
[323.822s][info][gc,start       ] GC(722) Pause Cleanup
[323.822s][info][gc             ] GC(722) Pause Cleanup 647M->647M(978M) 0.139ms
[323.822s][info][gc,cpu         ] GC(722) User=0.00s Sys=0.00s Real=0.00s
[323.823s][info][gc,marking     ] GC(722) Concurrent Clear Claimed Marks
[323.823s][info][gc,marking     ] GC(722) Concurrent Clear Claimed Marks 0.038ms
[323.823s][info][gc,marking     ] GC(722) Concurrent Cleanup for Next Mark
[323.830s][info][gc,marking     ] GC(722) Concurrent Cleanup for Next Mark 7.034ms
[323.830s][info][gc             ] GC(722) Concurrent Mark Cycle 2398.260ms
[324.117s][info][gc,start       ] GC(729) Pause Young (Prepare Mixed) (G1 Evacuation Pause)
[324.117s][info][gc,task        ] GC(729) Using 2 workers of 2 for evacuation
[324.120s][info][gc,phases      ] GC(729)   Pre Evacuate Collection Set: 0.33ms
[324.120s][info][gc,phases      ] GC(729)   Merge Heap Roots: 0.13ms
[324.120s][info][gc,phases      ] GC(729)   Evacuate Collection Set: 1.97ms
[324.120s][info][gc,phases      ] GC(729)   Post Evacuate Collection Set: 0.47ms
[324.120s][info][gc,phases      ] GC(729)   Other: 0.11ms
[324.120s][info][gc,heap        ] GC(729) Eden regions: 280->0(295)
[324.120s][info][gc,heap        ] GC(729) Survivor regions: 1->1(36)
[324.120s][info][gc,heap        ] GC(729) Old regions: 599->599
[324.120s][info][gc,heap        ] GC(729) Humongous regions: 7->7
[324.120s][info][gc,metaspace   ] GC(729) Metaspace: 18821K(18944K)->18821K(18944K) NonClass: 16992K(17088K)->16992K(17088K) Class: 1828K(1856K)->1828K(1856K)
[324.120s][info][gc             ] GC(729) Pause Young (Prepare Mixed) (G1 Evacuation Pause) 885M->606M(978M) 3.283ms
[324.120s][info][gc,cpu         ] GC(729) User=0.00s Sys=0.00s Real=0.00s
[324.496s][info][gc,start       ] GC(730) Pause Young (Mixed) (G1 Evacuation Pause)
[324.496s][info][gc,task        ] GC(730) Using 2 workers of 2 for evacuation
[324.504s][info][gc,phases      ] GC(730)   Pre Evacuate Collection Set: 0.35ms
[324.504s][info][gc,phases      ] GC(730)   Merge Heap Roots: 0.17ms
[324.504s][info][gc,phases      ] GC(730)   Evacuate Collection Set: 6.70ms
[324.504s][info][gc,phases      ] GC(730)   Post Evacuate Collection Set: 0.53ms
[324.504s][info][gc,phases      ] GC(730)   Other: 0.09ms
[324.504s][info][gc,heap        ] GC(730) Eden regions: 295->0(331)
[324.504s][info][gc,heap        ] GC(730) Survivor regions: 1->3(37)
[324.504s][info][gc,heap        ] GC(730) Old regions: 599->567
[324.504s][info][gc,heap        ] GC(730) Humongous regions: 7->7
[324.504s][info][gc,metaspace   ] GC(730) Metaspace: 18821K(18944K)->18821K(18944K) NonClass: 16992K(17088K)->16992K(17088K) Class: 1828K(1856K)->1828K(1856K)
[324.504s][info][gc             ] GC(730) Pause Young (Mixed) (G1 Evacuation Pause) 901M->576M(978M) 8.076ms
[324.504s][info][gc,cpu         ] GC(730) User=0.01s Sys=0.00s Real=0.00s
[324.652s][info][gc,start       ] GC(731) Pause Young (Concurrent Start) (G1 Humongous Allocation)
[324.652s][info][gc,task        ] GC(731) Using 2 workers of 2 for evacuation
[324.680s][info][gc,phases      ] GC(731)   Pre Evacuate Collection Set: 0.31ms
[324.680s][info][gc,phases      ] GC(731)   Merge Heap Roots: 0.37ms
[324.680s][info][gc,phases      ] GC(731)   Evacuate Collection Set: 26.86ms
[324.680s][info][gc,phases      ] GC(731)   Post Evacuate Collection Set: 0.57ms
[324.680s][info][gc,phases      ] GC(731)   Other: 0.12ms
[324.680s][info][gc,heap        ] GC(731) Eden regions: 122->0(326)
[324.680s][info][gc,heap        ] GC(731) Survivor regions: 3->10(42)
[324.680s][info][gc,heap        ] GC(731) Old regions: 567->567
[324.680s][info][gc,heap        ] GC(731) Humongous regions: 7->7
[324.681s][info][gc,metaspace   ] GC(731) Metaspace: 18821K(18944K)->18821K(18944K) NonClass: 16992K(17088K)->16992K(17088K) Class: 1828K(1856K)->1828K(1856K)
[324.681s][info][gc             ] GC(731) Pause Young (Concurrent Start) (G1 Humongous Allocation) 697M->583M(978M) 28.515ms
[324.681s][info][gc,cpu         ] GC(731) User=0.06s Sys=0.00s Real=0.03s
[324.681s][info][gc             ] GC(732) Concurrent Mark Cycle
[324.681s][info][gc,marking     ] GC(732) Concurrent Scan Root Regions
[324.712s][info][gc,marking     ] GC(732) Concurrent Scan Root Regions 31.617ms
[324.712s][info][gc,marking     ] GC(732) Concurrent Mark
[324.712s][info][gc,marking     ] GC(732) Concurrent Mark From Roots
[324.712s][info][gc,task        ] GC(732) Using 1 workers of 1 for marking
[325.275s][info][gc,marking     ] GC(732) Concurrent Mark From Roots 562.483ms
[325.275s][info][gc,marking     ] GC(732) Concurrent Preclean
[325.275s][info][gc,marking     ] GC(732) Concurrent Preclean 0.038ms
[325.275s][info][gc,start       ] GC(732) Pause Remark
[325.283s][info][gc             ] GC(732) Pause Remark 749M->531M(978M) 8.418ms
[325.284s][info][gc,cpu         ] GC(732) User=0.02s Sys=0.00s Real=0.00s
[325.284s][info][gc,marking     ] GC(732) Concurrent Mark 571.266ms
[325.284s][info][gc,marking     ] GC(732) Concurrent Rebuild Remembered Sets and Scrub Regions
[325.575s][info][gc,marking     ] GC(732) Concurrent Rebuild Remembered Sets and Scrub Regions 291.164ms
[325.576s][info][gc,start       ] GC(732) Pause Cleanup
[325.576s][info][gc             ] GC(732) Pause Cleanup 678M->678M(978M) 0.198ms
[325.576s][info][gc,cpu         ] GC(732) User=0.00s Sys=0.00s Real=0.00s
[325.577s][info][gc,marking     ] GC(732) Concurrent Clear Claimed Marks
[325.577s][info][gc,marking     ] GC(732) Concurrent Clear Claimed Marks 0.034ms
[325.577s][info][gc,marking     ] GC(732) Concurrent Cleanup for Next Mark
[325.582s][info][gc,marking     ] GC(732) Concurrent Cleanup for Next Mark 4.998ms
[325.582s][info][gc             ] GC(732) Concurrent Mark Cycle 901.759ms
[325.602s][info][gc,start       ] GC(733) Pause Young (Prepare Mixed) (G1 Evacuation Pause)
[325.602s][info][gc,task        ] GC(733) Using 2 workers of 2 for evacuation
[325.648s][info][gc,phases      ] GC(733)   Pre Evacuate Collection Set: 0.33ms
[325.648s][info][gc,phases      ] GC(733)   Merge Heap Roots: 0.67ms
[325.648s][info][gc,phases      ] GC(733)   Evacuate Collection Set: 44.50ms
[325.648s][info][gc,phases      ] GC(733)   Post Evacuate Collection Set: 0.69ms
[325.648s][info][gc,phases      ] GC(733)   Other: 0.11ms
[325.648s][info][gc,heap        ] GC(733) Eden regions: 326->0(453)
[325.648s][info][gc,heap        ] GC(733) Survivor regions: 10->21(42)
[325.648s][info][gc,heap        ] GC(733) Old regions: 354->354
[325.648s][info][gc,heap        ] GC(733) Humongous regions: 5->5
[325.648s][info][gc,metaspace   ] GC(733) Metaspace: 18821K(18944K)->18821K(18944K) NonClass: 16992K(17088K)->16992K(17088K) Class: 1828K(1856K)->1828K(1856K)
[325.648s][info][gc             ] GC(733) Pause Young (Prepare Mixed) (G1 Evacuation Pause) 694M->379M(978M) 46.523ms
[325.648s][info][gc,cpu         ] GC(733) User=0.09s Sys=0.00s Real=0.05s
[326.142s][info][gc,start       ] GC(734) Pause Young (Mixed) (G1 Evacuation Pause)
[326.142s][info][gc,task        ] GC(734) Using 2 workers of 2 for evacuation
[326.235s][info][gc,phases      ] GC(734)   Pre Evacuate Collection Set: 0.35ms
[326.235s][info][gc,phases      ] GC(734)   Merge Heap Roots: 0.56ms
[326.235s][info][gc,phases      ] GC(734)   Evacuate Collection Set: 90.63ms
[326.235s][info][gc,phases      ] GC(734)   Post Evacuate Collection Set: 0.95ms
[326.235s][info][gc,phases      ] GC(734)   Other: 0.13ms
[326.235s][info][gc,heap        ] GC(734) Eden regions: 453->0(489)
[326.235s][info][gc,heap        ] GC(734) Survivor regions: 21->58(60)
[326.235s][info][gc,heap        ] GC(734) Old regions: 354->256
[326.235s][info][gc,heap        ] GC(734) Humongous regions: 5->5
[326.235s][info][gc,metaspace   ] GC(734) Metaspace: 18823K(18944K)->18823K(18944K) NonClass: 16994K(17088K)->16994K(17088K) Class: 1828K(1856K)->1828K(1856K)
[326.235s][info][gc             ] GC(734) Pause Young (Mixed) (G1 Evacuation Pause) 832M->318M(978M) 92.892ms
[326.235s][info][gc,cpu         ] GC(734) User=0.18s Sys=0.00s Real=0.10s
[326.751s][info][gc,start       ] GC(735) Pause Young (Mixed) (G1 Evacuation Pause)
[326.751s][info][gc,task        ] GC(735) Using 2 workers of 2 for evacuation
[326.869s][info][gc,phases      ] GC(735)   Pre Evacuate Collection Set: 0.51ms
[326.870s][info][gc,phases      ] GC(735)   Merge Heap Roots: 0.87ms
[326.870s][info][gc,phases      ] GC(735)   Evacuate Collection Set: 116.42ms
[326.870s][info][gc,phases      ] GC(735)   Post Evacuate Collection Set: 0.79ms
[326.870s][info][gc,phases      ] GC(735)   Other: 0.13ms
[326.870s][info][gc,heap        ] GC(735) Eden regions: 477->0(503)
[326.870s][info][gc,heap        ] GC(735) Survivor regions: 58->12(67)
[326.870s][info][gc,heap        ] GC(735) Old regions: 256->305
[326.870s][info][gc,heap        ] GC(735) Humongous regions: 5->5
[326.870s][info][gc,metaspace   ] GC(735) Metaspace: 18823K(18944K)->18823K(18944K) NonClass: 16994K(17088K)->16994K(17088K) Class: 1828K(1856K)->1828K(1856K)
[326.870s][info][gc             ] GC(735) Pause Young (Mixed) (G1 Evacuation Pause) 795M->320M(978M) 118.963ms
[326.870s][info][gc,cpu         ] GC(735) User=0.23s Sys=0.00s Real=0.12s
[327.577s][info][gc,start       ] GC(736) Pause Young (Concurrent Start) (G1 Evacuation Pause)
[327.577s][info][gc,task        ] GC(736) Using 2 workers of 2 for evacuation
[327.676s][info][gc,phases      ] GC(736)   Pre Evacuate Collection Set: 0.33ms
[327.676s][info][gc,phases      ] GC(736)   Merge Heap Roots: 0.51ms
[327.676s][info][gc,phases      ] GC(736)   Evacuate Collection Set: 97.21ms
[327.676s][info][gc,phases      ] GC(736)   Post Evacuate Collection Set: 0.80ms
[327.676s][info][gc,phases      ] GC(736)   Other: 0.11ms
[327.676s][info][gc,heap        ] GC(736) Eden regions: 503->0(449)
[327.676s][info][gc,heap        ] GC(736) Survivor regions: 12->65(65)
[327.676s][info][gc,heap        ] GC(736) Old regions: 305->312
[327.676s][info][gc,heap        ] GC(736) Humongous regions: 5->5
[327.676s][info][gc,metaspace   ] GC(736) Metaspace: 18823K(18944K)->18823K(18944K) NonClass: 16994K(17088K)->16994K(17088K) Class: 1828K(1856K)->1828K(1856K)
[327.676s][info][gc             ] GC(736) Pause Young (Concurrent Start) (G1 Evacuation Pause) 823M->381M(978M) 99.255ms
[327.676s][info][gc,cpu         ] GC(736) User=0.20s Sys=0.00s Real=0.10s
[327.676s][info][gc             ] GC(737) Concurrent Mark Cycle
[327.676s][info][gc,marking     ] GC(737) Concurrent Scan Root Regions
[327.832s][info][gc,marking     ] GC(737) Concurrent Scan Root Regions 155.646ms
[327.832s][info][gc,marking     ] GC(737) Concurrent Mark
[327.832s][info][gc,marking     ] GC(737) Concurrent Mark From Roots
[327.832s][info][gc,task        ] GC(737) Using 1 workers of 1 for marking
[328.468s][info][gc,start       ] GC(738) Pause Young (Normal) (G1 Evacuation Pause)
[328.468s][info][gc,task        ] GC(738) Using 2 workers of 2 for evacuation
[328.555s][info][gc,phases      ] GC(738)   Pre Evacuate Collection Set: 0.30ms
[328.555s][info][gc,phases      ] GC(738)   Merge Heap Roots: 0.34ms
[328.555s][info][gc,phases      ] GC(738)   Evacuate Collection Set: 84.88ms
[328.555s][info][gc,phases      ] GC(738)   Post Evacuate Collection Set: 0.73ms
[328.555s][info][gc,phases      ] GC(738)   Other: 0.10ms
[328.555s][info][gc,heap        ] GC(738) Eden regions: 449->0(461)
[328.555s][info][gc,heap        ] GC(738) Survivor regions: 65->9(65)
[328.555s][info][gc,heap        ] GC(738) Old regions: 312->377
[328.555s][info][gc,heap        ] GC(738) Humongous regions: 5->5
[328.555s][info][gc,metaspace   ] GC(738) Metaspace: 18823K(18944K)->18823K(18944K) NonClass: 16994K(17088K)->16994K(17088K) Class: 1828K(1856K)->1828K(1856K)
[328.555s][info][gc             ] GC(738) Pause Young (Normal) (G1 Evacuation Pause) 830M->390M(978M) 86.629ms
[328.555s][info][gc,cpu         ] GC(738) User=0.17s Sys=0.00s Real=0.09s
[328.654s][info][gc,marking     ] GC(737) Concurrent Mark From Roots 821.992ms
[328.654s][info][gc,marking     ] GC(737) Concurrent Preclean
[328.654s][info][gc,marking     ] GC(737) Concurrent Preclean 0.038ms
[328.654s][info][gc,start       ] GC(737) Pause Remark
[328.663s][info][gc             ] GC(737) Pause Remark 471M->470M(978M) 8.260ms
[328.663s][info][gc,cpu         ] GC(737) User=0.01s Sys=0.00s Real=0.00s
[328.663s][info][gc,marking     ] GC(737) Concurrent Mark 830.611ms
[328.663s][info][gc,marking     ] GC(737) Concurrent Rebuild Remembered Sets and Scrub Regions
[329.070s][info][gc,marking     ] GC(737) Concurrent Rebuild Remembered Sets and Scrub Regions 407.783ms
[329.071s][info][gc,start       ] GC(737) Pause Cleanup
[329.071s][info][gc             ] GC(737) Pause Cleanup 691M->691M(978M) 0.136ms
[329.071s][info][gc,cpu         ] GC(737) User=0.00s Sys=0.00s Real=0.00s
[329.071s][info][gc,marking     ] GC(737) Concurrent Clear Claimed Marks
[329.071s][info][gc,marking     ] GC(737) Concurrent Clear Claimed Marks 0.033ms
[329.071s][info][gc,marking     ] GC(737) Concurrent Cleanup for Next Mark
[329.076s][info][gc,marking     ] GC(737) Concurrent Cleanup for Next Mark 4.992ms
[329.076s][info][gc             ] GC(737) Concurrent Mark Cycle 1400.066ms
[329.535s][info][gc,start       ] GC(739) Pause Young (Prepare Mixed) (G1 Evacuation Pause)
[329.535s][info][gc,task        ] GC(739) Using 2 workers of 2 for evacuation
[329.570s][info][gc,phases      ] GC(739)   Pre Evacuate Collection Set: 0.32ms
[329.570s][info][gc,phases      ] GC(739)   Merge Heap Roots: 0.39ms
[329.570s][info][gc,phases      ] GC(739)   Evacuate Collection Set: 33.57ms
[329.570s][info][gc,phases      ] GC(739)   Post Evacuate Collection Set: 0.75ms
[329.570s][info][gc,phases      ] GC(739)   Other: 0.10ms
[329.570s][info][gc,heap        ] GC(739) Eden regions: 461->0(460)
[329.570s][info][gc,heap        ] GC(739) Survivor regions: 9->25(59)
[329.570s][info][gc,heap        ] GC(739) Old regions: 377->377
[329.570s][info][gc,heap        ] GC(739) Humongous regions: 4->4
[329.570s][info][gc,metaspace   ] GC(739) Metaspace: 18823K(18944K)->18823K(18944K) NonClass: 16994K(17088K)->16994K(17088K) Class: 1828K(1856K)->1828K(1856K)
[329.571s][info][gc             ] GC(739) Pause Young (Prepare Mixed) (G1 Evacuation Pause) 850M->405M(978M) 35.430ms
[329.571s][info][gc,cpu         ] GC(739) User=0.07s Sys=0.00s Real=0.03s
[330.693s][info][gc,start       ] GC(740) Pause Young (Mixed) (G1 Evacuation Pause)
[330.693s][info][gc,task        ] GC(740) Using 2 workers of 2 for evacuation
[330.771s][info][gc,phases      ] GC(740)   Pre Evacuate Collection Set: 0.32ms
[330.771s][info][gc,phases      ] GC(740)   Merge Heap Roots: 1.08ms
[330.771s][info][gc,phases      ] GC(740)   Evacuate Collection Set: 75.16ms
[330.771s][info][gc,phases      ] GC(740)   Post Evacuate Collection Set: 0.74ms
[330.771s][info][gc,phases      ] GC(740)   Other: 0.10ms
[330.771s][info][gc,heap        ] GC(740) Eden regions: 460->0(477)
[330.771s][info][gc,heap        ] GC(740) Survivor regions: 25->31(61)
[330.771s][info][gc,heap        ] GC(740) Old regions: 377->368
[330.771s][info][gc,heap        ] GC(740) Humongous regions: 4->4
[330.771s][info][gc,metaspace   ] GC(740) Metaspace: 18823K(18944K)->18823K(18944K) NonClass: 16994K(17088K)->16994K(17088K) Class: 1828K(1856K)->1828K(1856K)
[330.771s][info][gc             ] GC(740) Pause Young (Mixed) (G1 Evacuation Pause) 865M->402M(978M) 77.666ms
[330.771s][info][gc,cpu         ] GC(740) User=0.15s Sys=0.00s Real=0.08s
[331.153s][info][gc,start       ] GC(741) Pause Young (Concurrent Start) (G1 Evacuation Pause)
[331.153s][info][gc,task        ] GC(741) Using 2 workers of 2 for evacuation
[331.400s][info][gc,mmu         ] GC(741) MMU target violated: 201.0ms (200.0ms/201.0ms)
[331.400s][info][gc,phases      ] GC(741)   Pre Evacuate Collection Set: 0.30ms
[331.400s][info][gc,phases      ] GC(741)   Merge Heap Roots: 0.30ms
[331.400s][info][gc,phases      ] GC(741)   Evacuate Collection Set: 211.18ms
[331.400s][info][gc,phases      ] GC(741)   Post Evacuate Collection Set: 34.71ms
[331.400s][info][gc,phases      ] GC(741)   Other: 0.24ms
[331.400s][info][gc,heap        ] GC(741) Eden regions: 477->0(0)
[331.400s][info][gc,heap        ] GC(741) Survivor regions: 31->64(64)
[331.400s][info][gc,heap        ] GC(741) Old regions: 368->813
[331.400s][info][gc,heap        ] GC(741) Humongous regions: 4->4
[331.400s][info][gc,metaspace   ] GC(741) Metaspace: 18823K(18944K)->18823K(18944K) NonClass: 16994K(17088K)->16994K(17088K) Class: 1828K(1856K)->1828K(1856K)
[331.400s][info][gc             ] GC(741) Pause Young (Concurrent Start) (G1 Evacuation Pause) (Evacuation Failure: Allocation) 879M->880M(978M) 246.924ms
[331.400s][info][gc             ] GC(742) Concurrent Mark Cycle
[331.400s][info][gc,marking     ] GC(742) Concurrent Scan Root Regions
[331.400s][info][gc,cpu         ] GC(741) User=0.49s Sys=0.00s Real=0.25s
[331.400s][info][gc,ergo        ] Attempting full compaction
[331.400s][info][gc,start       ] GC(743) Pause Full (G1 Compaction Pause)
[331.400s][info][gc,task        ] GC(743) Using 2 workers of 2 for full compaction
[331.401s][info][gc,marking     ] GC(742) Concurrent Scan Root Regions 0.893ms
[331.401s][info][gc,marking     ] GC(742) Concurrent Mark
[331.401s][info][gc,marking     ] GC(742) Concurrent Mark From Roots
[331.401s][info][gc,task        ] GC(742) Using 1 workers of 1 for marking
[331.403s][info][gc,phases,start] GC(743) Phase 1: Mark live objects
[331.834s][info][gc,phases      ] GC(743) Phase 1: Mark live objects 430.919ms
[331.834s][info][gc,phases,start] GC(743) Phase 2: Prepare compaction
[331.863s][info][gc,phases      ] GC(743) Phase 2: Prepare compaction 29.589ms
[331.864s][info][gc,phases,start] GC(743) Phase 3: Adjust pointers
[332.038s][info][gc,phases      ] GC(743) Phase 3: Adjust pointers 174.829ms
[332.038s][info][gc,phases,start] GC(743) Phase 4: Compact heap
[332.076s][info][gc,phases      ] GC(743) Phase 4: Compact heap 37.433ms
[332.076s][info][gc,phases,start] GC(743) Phase 5: Reset Metadata
[332.150s][info][gc,phases      ] GC(743) Phase 5: Reset Metadata 73.806ms
[332.159s][info][gc,heap        ] GC(743) Eden regions: 0->0(333)
[332.159s][info][gc,heap        ] GC(743) Survivor regions: 64->0(64)
[332.159s][info][gc,heap        ] GC(743) Old regions: 813->524
[332.159s][info][gc,heap        ] GC(743) Humongous regions: 4->4
[332.159s][info][gc,metaspace   ] GC(743) Metaspace: 18823K(18944K)->18823K(18944K) NonClass: 16994K(17088K)->16994K(17088K) Class: 1828K(1856K)->1828K(1856K)
[332.159s][info][gc             ] GC(743) Pause Full (G1 Compaction Pause) 880M->526M(978M) 758.409ms
[332.159s][info][gc,cpu         ] GC(743) User=1.49s Sys=0.00s Real=0.76s
[332.159s][info][gc,marking     ] GC(742) Concurrent Mark From Roots 757.920ms
[332.159s][info][gc,marking     ] GC(742) Concurrent Mark Abort
[332.159s][info][gc             ] GC(742) Concurrent Mark Cycle 758.909ms
[332.350s][info][gc,start       ] GC(744) Pause Young (Concurrent Start) (G1 Humongous Allocation)
[332.350s][info][gc,task        ] GC(744) Using 2 workers of 2 for evacuation
[332.410s][info][gc,phases      ] GC(744)   Pre Evacuate Collection Set: 0.32ms
[332.410s][info][gc,phases      ] GC(744)   Merge Heap Roots: 0.43ms
[332.410s][info][gc,phases      ] GC(744)   Evacuate Collection Set: 57.99ms
[332.410s][info][gc,phases      ] GC(744)   Post Evacuate Collection Set: 0.67ms
[332.410s][info][gc,phases      ] GC(744)   Other: 0.12ms
[332.410s][info][gc,heap        ] GC(744) Eden regions: 145->0(255)
[332.410s][info][gc,heap        ] GC(744) Survivor regions: 0->42(42)
[332.410s][info][gc,heap        ] GC(744) Old regions: 524->524
[332.410s][info][gc,heap        ] GC(744) Humongous regions: 4->4
[332.410s][info][gc,metaspace   ] GC(744) Metaspace: 18823K(18944K)->18823K(18944K) NonClass: 16994K(17088K)->16994K(17088K) Class: 1828K(1856K)->1828K(1856K)
[332.410s][info][gc             ] GC(744) Pause Young (Concurrent Start) (G1 Humongous Allocation) 671M->568M(978M) 59.828ms
[332.410s][info][gc,cpu         ] GC(744) User=0.12s Sys=0.00s Real=0.06s
[332.410s][info][gc             ] GC(745) Concurrent Mark Cycle
[332.410s][info][gc,marking     ] GC(745) Concurrent Scan Root Regions
[332.472s][info][gc,marking     ] GC(745) Concurrent Scan Root Regions 61.960ms
[332.472s][info][gc,marking     ] GC(745) Concurrent Mark
[332.472s][info][gc,marking     ] GC(745) Concurrent Mark From Roots
[332.472s][info][gc,task        ] GC(745) Using 1 workers of 1 for marking
[333.108s][info][gc,start       ] GC(746) Pause Young (Normal) (G1 Evacuation Pause)
[333.108s][info][gc,task        ] GC(746) Using 2 workers of 2 for evacuation
[333.199s][info][gc,phases      ] GC(746)   Pre Evacuate Collection Set: 0.34ms
[333.199s][info][gc,phases      ] GC(746)   Merge Heap Roots: 0.88ms
[333.200s][info][gc,phases      ] GC(746)   Evacuate Collection Set: 89.42ms
[333.200s][info][gc,phases      ] GC(746)   Post Evacuate Collection Set: 0.86ms
[333.200s][info][gc,phases      ] GC(746)   Other: 0.08ms
[333.200s][info][gc,heap        ] GC(746) Eden regions: 255->0(261)
[333.200s][info][gc,heap        ] GC(746) Survivor regions: 42->13(38)
[333.200s][info][gc,heap        ] GC(746) Old regions: 524->565
[333.200s][info][gc,heap        ] GC(746) Humongous regions: 7->7
[333.200s][info][gc,metaspace   ] GC(746) Metaspace: 18823K(18944K)->18823K(18944K) NonClass: 16994K(17088K)->16994K(17088K) Class: 1828K(1856K)->1828K(1856K)
[333.200s][info][gc             ] GC(746) Pause Young (Normal) (G1 Evacuation Pause) 826M->583M(978M) 91.858ms
[333.200s][info][gc,cpu         ] GC(746) User=0.18s Sys=0.00s Real=0.09s
[333.716s][info][gc,marking     ] GC(745) Concurrent Mark From Roots 1244.259ms
[333.716s][info][gc,marking     ] GC(745) Concurrent Preclean
[333.716s][info][gc,marking     ] GC(745) Concurrent Preclean 0.040ms
[333.717s][info][gc,start       ] GC(745) Pause Remark
[333.726s][info][gc             ] GC(745) Pause Remark 745M->662M(978M) 9.021ms
[333.726s][info][gc,cpu         ] GC(745) User=0.02s Sys=0.00s Real=0.01s
[333.728s][info][gc,marking     ] GC(745) Concurrent Mark 1256.163ms
[333.728s][info][gc,marking     ] GC(745) Concurrent Rebuild Remembered Sets and Scrub Regions
[333.973s][info][gc,start       ] GC(747) Pause Young (Normal) (G1 Evacuation Pause)
[333.973s][info][gc,task        ] GC(747) Using 2 workers of 2 for evacuation
[334.070s][info][gc,phases      ] GC(747)   Pre Evacuate Collection Set: 0.52ms
[334.070s][info][gc,phases      ] GC(747)   Merge Heap Roots: 0.89ms
[334.070s][info][gc,phases      ] GC(747)   Evacuate Collection Set: 94.25ms
[334.070s][info][gc,phases      ] GC(747)   Post Evacuate Collection Set: 0.86ms
[334.070s][info][gc,phases      ] GC(747)   Other: 0.11ms
[334.070s][info][gc,heap        ] GC(747) Eden regions: 261->0(294)
[334.070s][info][gc,heap        ] GC(747) Survivor regions: 13->35(35)
[334.070s][info][gc,heap        ] GC(747) Old regions: 484->490
[334.070s][info][gc,heap        ] GC(747) Humongous regions: 11->11
[334.070s][info][gc,metaspace   ] GC(747) Metaspace: 18823K(18944K)->18823K(18944K) NonClass: 16994K(17088K)->16994K(17088K) Class: 1828K(1856K)->1828K(1856K)
[334.070s][info][gc             ] GC(747) Pause Young (Normal) (G1 Evacuation Pause) 767M->534M(978M) 96.915ms
[334.070s][info][gc,cpu         ] GC(747) User=0.19s Sys=0.00s Real=0.10s
[334.284s][info][gc,marking     ] GC(745) Concurrent Rebuild Remembered Sets and Scrub Regions 555.287ms
[334.284s][info][gc,start       ] GC(745) Pause Cleanup
[334.284s][info][gc             ] GC(745) Pause Cleanup 625M->625M(978M) 0.133ms
[334.284s][info][gc,cpu         ] GC(745) User=0.00s Sys=0.00s Real=0.00s
[334.284s][info][gc,marking     ] GC(745) Concurrent Clear Claimed Marks
[334.284s][info][gc,marking     ] GC(745) Concurrent Clear Claimed Marks 0.033ms
[334.284s][info][gc,marking     ] GC(745) Concurrent Cleanup for Next Mark
[334.287s][info][gc,marking     ] GC(745) Concurrent Cleanup for Next Mark 2.922ms
[334.287s][info][gc             ] GC(745) Concurrent Mark Cycle 1876.960ms
[334.638s][info][gc,start       ] GC(748) Pause Young (Prepare Mixed) (G1 Evacuation Pause)
[334.638s][info][gc,task        ] GC(748) Using 2 workers of 2 for evacuation
[334.718s][info][gc,phases      ] GC(748)   Pre Evacuate Collection Set: 0.34ms
[334.718s][info][gc,phases      ] GC(748)   Merge Heap Roots: 0.91ms
[334.718s][info][gc,phases      ] GC(748)   Evacuate Collection Set: 77.86ms
[334.718s][info][gc,phases      ] GC(748)   Post Evacuate Collection Set: 0.56ms
[334.718s][info][gc,phases      ] GC(748)   Other: 0.11ms
[334.718s][info][gc,heap        ] GC(748) Eden regions: 294->0(313)
[334.718s][info][gc,heap        ] GC(748) Survivor regions: 35->1(42)
[334.718s][info][gc,heap        ] GC(748) Old regions: 490->526
[334.718s][info][gc,heap        ] GC(748) Humongous regions: 11->11
[334.718s][info][gc,metaspace   ] GC(748) Metaspace: 18823K(18944K)->18823K(18944K) NonClass: 16994K(17088K)->16994K(17088K) Class: 1828K(1856K)->1828K(1856K)
[334.718s][info][gc             ] GC(748) Pause Young (Prepare Mixed) (G1 Evacuation Pause) 828M->536M(978M) 80.039ms
[334.718s][info][gc,cpu         ] GC(748) User=0.16s Sys=0.00s Real=0.08s
[335.223s][info][gc,start       ] GC(749) Pause Young (Mixed) (G1 Evacuation Pause)
[335.223s][info][gc,task        ] GC(749) Using 2 workers of 2 for evacuation
[335.225s][info][gc,phases      ] GC(749)   Pre Evacuate Collection Set: 0.56ms
[335.225s][info][gc,phases      ] GC(749)   Merge Heap Roots: 0.14ms
[335.225s][info][gc,phases      ] GC(749)   Evacuate Collection Set: 0.39ms
[335.225s][info][gc,phases      ] GC(749)   Post Evacuate Collection Set: 0.50ms
[335.225s][info][gc,phases      ] GC(749)   Other: 0.13ms
[335.225s][info][gc,heap        ] GC(749) Eden regions: 313->0(351)
[335.225s][info][gc,heap        ] GC(749) Survivor regions: 1->1(40)
[335.225s][info][gc,heap        ] GC(749) Old regions: 526->496
[335.225s][info][gc,heap        ] GC(749) Humongous regions: 11->11
[335.225s][info][gc,metaspace   ] GC(749) Metaspace: 18823K(18944K)->18823K(18944K) NonClass: 16994K(17088K)->16994K(17088K) Class: 1828K(1856K)->1828K(1856K)
[335.225s][info][gc             ] GC(749) Pause Young (Mixed) (G1 Evacuation Pause) 849M->507M(978M) 1.971ms
[335.225s][info][gc,cpu         ] GC(749) User=0.01s Sys=0.00s Real=0.01s
[335.752s][info][gc,start       ] GC(750) Pause Young (Concurrent Start) (G1 Evacuation Pause)
[335.752s][info][gc,task        ] GC(750) Using 2 workers of 2 for evacuation
[335.769s][info][gc,phases      ] GC(750)   Pre Evacuate Collection Set: 0.38ms
[335.769s][info][gc,phases      ] GC(750)   Merge Heap Roots: 0.16ms
[335.769s][info][gc,phases      ] GC(750)   Evacuate Collection Set: 15.09ms
[335.769s][info][gc,phases      ] GC(750)   Post Evacuate Collection Set: 0.58ms
[335.769s][info][gc,phases      ] GC(750)   Other: 0.25ms
[335.769s][info][gc,heap        ] GC(750) Eden regions: 351->0(355)
[335.769s][info][gc,heap        ] GC(750) Survivor regions: 1->11(44)
[335.769s][info][gc,heap        ] GC(750) Old regions: 496->496
[335.769s][info][gc,heap        ] GC(750) Humongous regions: 11->11
[335.769s][info][gc,metaspace   ] GC(750) Metaspace: 18823K(18944K)->18823K(18944K) NonClass: 16994K(17088K)->16994K(17088K) Class: 1828K(1856K)->1828K(1856K)
[335.769s][info][gc             ] GC(750) Pause Young (Concurrent Start) (G1 Evacuation Pause) 858M->517M(978M) 16.700ms
[335.769s][info][gc             ] GC(751) Concurrent Mark Cycle
[335.769s][info][gc,marking     ] GC(751) Concurrent Scan Root Regions
[335.771s][info][gc,cpu         ] GC(750) User=0.03s Sys=0.00s Real=0.02s
[335.792s][info][gc,marking     ] GC(751) Concurrent Scan Root Regions 23.157ms
[335.792s][info][gc,marking     ] GC(751) Concurrent Mark
[335.792s][info][gc,marking     ] GC(751) Concurrent Mark From Roots
[335.792s][info][gc,task        ] GC(751) Using 1 workers of 1 for marking
[336.341s][info][gc,start       ] GC(752) Pause Young (Normal) (G1 Evacuation Pause)
[336.341s][info][gc,task        ] GC(752) Using 2 workers of 2 for evacuation
[336.381s][info][gc,phases      ] GC(752)   Pre Evacuate Collection Set: 0.51ms
[336.381s][info][gc,phases      ] GC(752)   Merge Heap Roots: 0.18ms
[336.381s][info][gc,phases      ] GC(752)   Evacuate Collection Set: 38.27ms
[336.381s][info][gc,phases      ] GC(752)   Post Evacuate Collection Set: 0.58ms
[336.381s][info][gc,phases      ] GC(752)   Other: 0.10ms
[336.381s][info][gc,heap        ] GC(752) Eden regions: 355->0(342)
[336.381s][info][gc,heap        ] GC(752) Survivor regions: 11->34(46)
[336.381s][info][gc,heap        ] GC(752) Old regions: 496->496
[336.381s][info][gc,heap        ] GC(752) Humongous regions: 11->11
[336.381s][info][gc,metaspace   ] GC(752) Metaspace: 18823K(18944K)->18823K(18944K) NonClass: 16994K(17088K)->16994K(17088K) Class: 1828K(1856K)->1828K(1856K)
[336.381s][info][gc             ] GC(752) Pause Young (Normal) (G1 Evacuation Pause) 872M->539M(978M) 39.897ms
[336.381s][info][gc,cpu         ] GC(752) User=0.08s Sys=0.00s Real=0.04s
[337.207s][info][gc,marking     ] GC(751) Concurrent Mark From Roots 1415.081ms
[337.207s][info][gc,marking     ] GC(751) Concurrent Preclean
[337.207s][info][gc,marking     ] GC(751) Concurrent Preclean 0.036ms
[337.208s][info][gc,start       ] GC(751) Pause Remark
[337.215s][info][gc             ] GC(751) Pause Remark 839M->835M(978M) 7.894ms
[337.216s][info][gc,cpu         ] GC(751) User=0.01s Sys=0.00s Real=0.01s
[337.216s][info][gc,marking     ] GC(751) Concurrent Mark 1423.966ms
[337.216s][info][gc,marking     ] GC(751) Concurrent Rebuild Remembered Sets and Scrub Regions
[337.380s][info][gc,start       ] GC(753) Pause Young (Normal) (G1 Evacuation Pause)
[337.380s][info][gc,task        ] GC(753) Using 2 workers of 2 for evacuation
[337.431s][info][gc,phases      ] GC(753)   Pre Evacuate Collection Set: 0.33ms
[337.431s][info][gc,phases      ] GC(753)   Merge Heap Roots: 0.26ms
[337.431s][info][gc,phases      ] GC(753)   Evacuate Collection Set: 49.11ms
[337.431s][info][gc,phases      ] GC(753)   Post Evacuate Collection Set: 0.61ms
[337.431s][info][gc,phases      ] GC(753)   Other: 0.13ms
[337.431s][info][gc,heap        ] GC(753) Eden regions: 342->0(347)
[337.431s][info][gc,heap        ] GC(753) Survivor regions: 34->33(47)
[337.431s][info][gc,heap        ] GC(753) Old regions: 496->507
[337.431s][info][gc,heap        ] GC(753) Humongous regions: 7->7
[337.431s][info][gc,metaspace   ] GC(753) Metaspace: 18823K(18944K)->18823K(18944K) NonClass: 16994K(17088K)->16994K(17088K) Class: 1828K(1856K)->1828K(1856K)
[337.431s][info][gc             ] GC(753) Pause Young (Normal) (G1 Evacuation Pause) 877M->546M(978M) 50.669ms
[337.431s][info][gc,cpu         ] GC(753) User=0.10s Sys=0.00s Real=0.05s
[337.674s][info][gc,marking     ] GC(751) Concurrent Rebuild Remembered Sets and Scrub Regions 457.918ms
[337.674s][info][gc,start       ] GC(751) Pause Cleanup
[337.675s][info][gc             ] GC(751) Pause Cleanup 632M->632M(978M) 0.125ms
[337.675s][info][gc,cpu         ] GC(751) User=0.00s Sys=0.00s Real=0.00s
[337.675s][info][gc,marking     ] GC(751) Concurrent Clear Claimed Marks
[337.675s][info][gc,marking     ] GC(751) Concurrent Clear Claimed Marks 0.038ms
[337.675s][info][gc,marking     ] GC(751) Concurrent Cleanup for Next Mark
[337.680s][info][gc,marking     ] GC(751) Concurrent Cleanup for Next Mark 5.045ms
[337.680s][info][gc             ] GC(751) Concurrent Mark Cycle 1910.701ms
[338.203s][info][gc,start       ] GC(754) Pause Young (Prepare Mixed) (G1 Evacuation Pause)
[338.203s][info][gc,task        ] GC(754) Using 2 workers of 2 for evacuation
[338.241s][info][gc,phases      ] GC(754)   Pre Evacuate Collection Set: 0.32ms
[338.241s][info][gc,phases      ] GC(754)   Merge Heap Roots: 0.29ms
[338.241s][info][gc,phases      ] GC(754)   Evacuate Collection Set: 37.20ms
[338.241s][info][gc,phases      ] GC(754)   Post Evacuate Collection Set: 0.61ms
[338.241s][info][gc,phases      ] GC(754)   Other: 0.09ms
[338.241s][info][gc,heap        ] GC(754) Eden regions: 347->0(360)
[338.241s][info][gc,heap        ] GC(754) Survivor regions: 33->11(48)
[338.241s][info][gc,heap        ] GC(754) Old regions: 507->530
[338.241s][info][gc,heap        ] GC(754) Humongous regions: 7->7
[338.241s][info][gc,metaspace   ] GC(754) Metaspace: 18823K(18944K)->18823K(18944K) NonClass: 16994K(17088K)->16994K(17088K) Class: 1828K(1856K)->1828K(1856K)
[338.241s][info][gc             ] GC(754) Pause Young (Prepare Mixed) (G1 Evacuation Pause) 893M->547M(978M) 38.767ms
[338.241s][info][gc,cpu         ] GC(754) User=0.08s Sys=0.00s Real=0.04s
[338.738s][info][gc,start       ] GC(755) Pause Young (Mixed) (G1 Evacuation Pause)
[338.738s][info][gc,task        ] GC(755) Using 2 workers of 2 for evacuation
[338.786s][info][gc,phases      ] GC(755)   Pre Evacuate Collection Set: 0.33ms
[338.787s][info][gc,phases      ] GC(755)   Merge Heap Roots: 0.22ms
[338.787s][info][gc,phases      ] GC(755)   Evacuate Collection Set: 47.19ms
[338.787s][info][gc,phases      ] GC(755)   Post Evacuate Collection Set: 0.66ms
[338.787s][info][gc,phases      ] GC(755)   Other: 0.09ms
[338.787s][info][gc,heap        ] GC(755) Eden regions: 360->0(312)
[338.787s][info][gc,heap        ] GC(755) Survivor regions: 11->44(47)
[338.787s][info][gc,heap        ] GC(755) Old regions: 530->521
[338.787s][info][gc,heap        ] GC(755) Humongous regions: 7->7
[338.787s][info][gc,metaspace   ] GC(755) Metaspace: 18823K(18944K)->18823K(18944K) NonClass: 16994K(17088K)->16994K(17088K) Class: 1828K(1856K)->1828K(1856K)
[338.787s][info][gc             ] GC(755) Pause Young (Mixed) (G1 Evacuation Pause) 907M->571M(978M) 48.703ms
[338.787s][info][gc,cpu         ] GC(755) User=0.10s Sys=0.00s Real=0.05s
[339.090s][info][gc,start       ] GC(756) Pause Young (Concurrent Start) (G1 Humongous Allocation)
[339.090s][info][gc,task        ] GC(756) Using 2 workers of 2 for evacuation
[339.180s][info][gc,phases      ] GC(756)   Pre Evacuate Collection Set: 0.39ms
[339.180s][info][gc,phases      ] GC(756)   Merge Heap Roots: 0.18ms
[339.180s][info][gc,phases      ] GC(756)   Evacuate Collection Set: 88.84ms
[339.180s][info][gc,phases      ] GC(756)   Post Evacuate Collection Set: 0.61ms
[339.180s][info][gc,phases      ] GC(756)   Other: 0.10ms
[339.180s][info][gc,heap        ] GC(756) Eden regions: 229->0(268)
[339.180s][info][gc,heap        ] GC(756) Survivor regions: 44->44(45)
[339.180s][info][gc,heap        ] GC(756) Old regions: 521->565
[339.180s][info][gc,heap        ] GC(756) Humongous regions: 7->7
[339.180s][info][gc,metaspace   ] GC(756) Metaspace: 18823K(18944K)->18823K(18944K) NonClass: 16994K(17088K)->16994K(17088K) Class: 1828K(1856K)->1828K(1856K)
[339.180s][info][gc             ] GC(756) Pause Young (Concurrent Start) (G1 Humongous Allocation) 799M->615M(978M) 90.369ms
[339.180s][info][gc             ] GC(757) Concurrent Mark Cycle
[339.180s][info][gc,marking     ] GC(757) Concurrent Scan Root Regions
[339.181s][info][gc,cpu         ] GC(756) User=0.18s Sys=0.00s Real=0.09s
[339.282s][info][gc,marking     ] GC(757) Concurrent Scan Root Regions 101.746ms
[339.282s][info][gc,marking     ] GC(757) Concurrent Mark
[339.282s][info][gc,marking     ] GC(757) Concurrent Mark From Roots
[339.282s][info][gc,task        ] GC(757) Using 1 workers of 1 for marking
[340.110s][info][gc,start       ] GC(758) Pause Young (Normal) (G1 Evacuation Pause)
[340.110s][info][gc,task        ] GC(758) Using 2 workers of 2 for evacuation
[340.166s][info][gc,phases      ] GC(758)   Pre Evacuate Collection Set: 0.33ms
[340.166s][info][gc,phases      ] GC(758)   Merge Heap Roots: 0.20ms
[340.166s][info][gc,phases      ] GC(758)   Evacuate Collection Set: 55.02ms
[340.166s][info][gc,phases      ] GC(758)   Post Evacuate Collection Set: 0.56ms
[340.166s][info][gc,phases      ] GC(758)   Other: 0.08ms
[340.166s][info][gc,heap        ] GC(758) Eden regions: 268->0(271)
[340.166s][info][gc,heap        ] GC(758) Survivor regions: 44->7(39)
[340.166s][info][gc,heap        ] GC(758) Old regions: 565->609
[340.166s][info][gc,heap        ] GC(758) Humongous regions: 10->10
[340.166s][info][gc,metaspace   ] GC(758) Metaspace: 18823K(18944K)->18823K(18944K) NonClass: 16994K(17088K)->16994K(17088K) Class: 1828K(1856K)->1828K(1856K)
[340.166s][info][gc             ] GC(758) Pause Young (Normal) (G1 Evacuation Pause) 886M->624M(978M) 56.482ms
[340.166s][info][gc,cpu         ] GC(758) User=0.11s Sys=0.00s Real=0.06s
[340.816s][info][gc,marking     ] GC(757) Concurrent Mark From Roots 1534.032ms
[340.816s][info][gc,marking     ] GC(757) Concurrent Preclean
[340.816s][info][gc,marking     ] GC(757) Concurrent Preclean 0.040ms
[340.817s][info][gc,start       ] GC(757) Pause Remark
[340.824s][info][gc             ] GC(757) Pause Remark 824M->824M(978M) 7.791ms
[340.824s][info][gc,cpu         ] GC(757) User=0.01s Sys=0.00s Real=0.01s
[340.825s][info][gc,marking     ] GC(757) Concurrent Mark 1543.194ms
[340.826s][info][gc,marking     ] GC(757) Concurrent Rebuild Remembered Sets and Scrub Regions
[340.979s][info][gc,start       ] GC(759) Pause Young (Normal) (G1 Evacuation Pause)
[340.979s][info][gc,task        ] GC(759) Using 2 workers of 2 for evacuation
[340.990s][info][gc,phases      ] GC(759)   Pre Evacuate Collection Set: 0.29ms
[340.990s][info][gc,phases      ] GC(759)   Merge Heap Roots: 0.36ms
[340.990s][info][gc,phases      ] GC(759)   Evacuate Collection Set: 9.70ms
[340.990s][info][gc,phases      ] GC(759)   Post Evacuate Collection Set: 0.47ms
[340.990s][info][gc,phases      ] GC(759)   Other: 0.11ms
[340.990s][info][gc,heap        ] GC(759) Eden regions: 271->0(282)
[340.990s][info][gc,heap        ] GC(759) Survivor regions: 7->7(35)
[340.990s][info][gc,heap        ] GC(759) Old regions: 609->609
[340.990s][info][gc,heap        ] GC(759) Humongous regions: 10->10
[340.990s][info][gc,metaspace   ] GC(759) Metaspace: 18823K(18944K)->18823K(18944K) NonClass: 16994K(17088K)->16994K(17088K) Class: 1828K(1856K)->1828K(1856K)
[340.990s][info][gc             ] GC(759) Pause Young (Normal) (G1 Evacuation Pause) 895M->624M(978M) 11.205ms
[340.990s][info][gc,cpu         ] GC(759) User=0.02s Sys=0.00s Real=0.01s
[341.421s][info][gc,marking     ] GC(757) Concurrent Rebuild Remembered Sets and Scrub Regions 595.288ms
[341.421s][info][gc,start       ] GC(757) Pause Cleanup
[341.421s][info][gc             ] GC(757) Pause Cleanup 819M->819M(978M) 0.132ms
[341.421s][info][gc,cpu         ] GC(757) User=0.00s Sys=0.00s Real=0.00s
[341.423s][info][gc,marking     ] GC(757) Concurrent Clear Claimed Marks
[341.423s][info][gc,marking     ] GC(757) Concurrent Clear Claimed Marks 0.038ms
[341.423s][info][gc,marking     ] GC(757) Concurrent Cleanup for Next Mark
[341.426s][info][gc,marking     ] GC(757) Concurrent Cleanup for Next Mark 2.911ms
[341.426s][info][gc             ] GC(757) Concurrent Mark Cycle 2245.280ms
[341.583s][info][gc,start       ] GC(760) Pause Young (Prepare Mixed) (G1 Evacuation Pause)
[341.583s][info][gc,task        ] GC(760) Using 2 workers of 2 for evacuation
[341.594s][info][gc,phases      ] GC(760)   Pre Evacuate Collection Set: 0.31ms
[341.594s][info][gc,phases      ] GC(760)   Merge Heap Roots: 0.13ms
[341.594s][info][gc,phases      ] GC(760)   Evacuate Collection Set: 9.97ms
[341.594s][info][gc,phases      ] GC(760)   Post Evacuate Collection Set: 0.55ms
[341.594s][info][gc,phases      ] GC(760)   Other: 0.09ms
[341.594s][info][gc,heap        ] GC(760) Eden regions: 282->0(293)
[341.594s][info][gc,heap        ] GC(760) Survivor regions: 7->7(37)
[341.595s][info][gc,heap        ] GC(760) Old regions: 609->609
[341.595s][info][gc,heap        ] GC(760) Humongous regions: 10->10
[341.595s][info][gc,metaspace   ] GC(760) Metaspace: 18823K(18944K)->18823K(18944K) NonClass: 16994K(17088K)->16994K(17088K) Class: 1828K(1856K)->1828K(1856K)
[341.595s][info][gc             ] GC(760) Pause Young (Prepare Mixed) (G1 Evacuation Pause) 906M->625M(978M) 11.281ms
[341.595s][info][gc,cpu         ] GC(760) User=0.02s Sys=0.00s Real=0.02s
[342.010s][info][gc,start       ] GC(761) Pause Young (Mixed) (G1 Evacuation Pause)
[342.010s][info][gc,task        ] GC(761) Using 2 workers of 2 for evacuation
[342.048s][info][gc,phases      ] GC(761)   Pre Evacuate Collection Set: 0.30ms
[342.048s][info][gc,phases      ] GC(761)   Merge Heap Roots: 0.23ms
[342.048s][info][gc,phases      ] GC(761)   Evacuate Collection Set: 36.47ms
[342.048s][info][gc,phases      ] GC(761)   Post Evacuate Collection Set: 0.57ms
[342.048s][info][gc,phases      ] GC(761)   Other: 0.09ms
[342.048s][info][gc,heap        ] GC(761) Eden regions: 293->0(271)
[342.048s][info][gc,heap        ] GC(761) Survivor regions: 7->24(38)
[342.048s][info][gc,heap        ] GC(761) Old regions: 609->599
[342.048s][info][gc,heap        ] GC(761) Humongous regions: 10->10
[342.048s][info][gc,metaspace   ] GC(761) Metaspace: 18823K(18944K)->18823K(18944K) NonClass: 16994K(17088K)->16994K(17088K) Class: 1828K(1856K)->1828K(1856K)
[342.048s][info][gc             ] GC(761) Pause Young (Mixed) (G1 Evacuation Pause) 918M->632M(978M) 37.941ms
[342.048s][info][gc,cpu         ] GC(761) User=0.07s Sys=0.00s Real=0.04s
[342.304s][info][gc,start       ] GC(762) Pause Young (Concurrent Start) (G1 Evacuation Pause)
[342.305s][info][gc,task        ] GC(762) Using 2 workers of 2 for evacuation
[342.351s][info][gc,phases      ] GC(762)   Pre Evacuate Collection Set: 0.32ms
[342.351s][info][gc,phases      ] GC(762)   Merge Heap Roots: 0.17ms
[342.351s][info][gc,phases      ] GC(762)   Evacuate Collection Set: 45.32ms
[342.351s][info][gc,phases      ] GC(762)   Post Evacuate Collection Set: 0.58ms
[342.351s][info][gc,phases      ] GC(762)   Other: 0.12ms
[342.351s][info][gc,heap        ] GC(762) Eden regions: 271->0(254)
[342.351s][info][gc,heap        ] GC(762) Survivor regions: 24->29(37)
[342.351s][info][gc,heap        ] GC(762) Old regions: 599->606
[342.351s][info][gc,heap        ] GC(762) Humongous regions: 10->10
[342.351s][info][gc,metaspace   ] GC(762) Metaspace: 18823K(18944K)->18823K(18944K) NonClass: 16994K(17088K)->16994K(17088K) Class: 1828K(1856K)->1828K(1856K)
[342.351s][info][gc             ] GC(762) Pause Young (Concurrent Start) (G1 Evacuation Pause) 903M->644M(978M) 46.839ms
[342.351s][info][gc             ] GC(763) Concurrent Mark Cycle
[342.351s][info][gc,marking     ] GC(763) Concurrent Scan Root Regions
[342.352s][info][gc,cpu         ] GC(762) User=0.09s Sys=0.00s Real=0.04s
[342.433s][info][gc,marking     ] GC(763) Concurrent Scan Root Regions 81.430ms
[342.433s][info][gc,marking     ] GC(763) Concurrent Mark
[342.433s][info][gc,marking     ] GC(763) Concurrent Mark From Roots
[342.433s][info][gc,task        ] GC(763) Using 1 workers of 1 for marking
[342.833s][info][gc,start       ] GC(764) Pause Young (Normal) (G1 Evacuation Pause)
[342.833s][info][gc,task        ] GC(764) Using 2 workers of 2 for evacuation
[342.877s][info][gc,phases      ] GC(764)   Pre Evacuate Collection Set: 0.31ms
[342.877s][info][gc,phases      ] GC(764)   Merge Heap Roots: 0.29ms
[342.877s][info][gc,phases      ] GC(764)   Evacuate Collection Set: 42.53ms
[342.877s][info][gc,phases      ] GC(764)   Post Evacuate Collection Set: 0.56ms
[342.877s][info][gc,phases      ] GC(764)   Other: 0.13ms
[342.877s][info][gc,heap        ] GC(764) Eden regions: 254->0(251)
[342.877s][info][gc,heap        ] GC(764) Survivor regions: 29->22(36)
[342.877s][info][gc,heap        ] GC(764) Old regions: 606->623
[342.877s][info][gc,heap        ] GC(764) Humongous regions: 10->10
[342.877s][info][gc,metaspace   ] GC(764) Metaspace: 18823K(18944K)->18823K(18944K) NonClass: 16994K(17088K)->16994K(17088K) Class: 1828K(1856K)->1828K(1856K)
[342.877s][info][gc             ] GC(764) Pause Young (Normal) (G1 Evacuation Pause) 898M->654M(978M) 44.082ms
[342.877s][info][gc,cpu         ] GC(764) User=0.09s Sys=0.00s Real=0.05s
[343.446s][info][gc,start       ] GC(765) Pause Young (Normal) (G1 Evacuation Pause)
[343.446s][info][gc,task        ] GC(765) Using 2 workers of 2 for evacuation
[343.522s][info][gc,phases      ] GC(765)   Pre Evacuate Collection Set: 0.54ms
[343.522s][info][gc,phases      ] GC(765)   Merge Heap Roots: 0.42ms
[343.523s][info][gc,phases      ] GC(765)   Evacuate Collection Set: 74.31ms
[343.523s][info][gc,phases      ] GC(765)   Post Evacuate Collection Set: 0.61ms
[343.523s][info][gc,phases      ] GC(765)   Other: 0.09ms
[343.523s][info][gc,heap        ] GC(765) Eden regions: 251->0(204)
[343.523s][info][gc,heap        ] GC(765) Survivor regions: 22->35(35)
[343.523s][info][gc,heap        ] GC(765) Old regions: 623->644
[343.523s][info][gc,heap        ] GC(765) Humongous regions: 10->10
[343.523s][info][gc,metaspace   ] GC(765) Metaspace: 18823K(18944K)->18823K(18944K) NonClass: 16994K(17088K)->16994K(17088K) Class: 1828K(1856K)->1828K(1856K)
[343.523s][info][gc             ] GC(765) Pause Young (Normal) (G1 Evacuation Pause) 905M->688M(978M) 76.239ms
[343.523s][info][gc,cpu         ] GC(765) User=0.15s Sys=0.00s Real=0.07s
[343.926s][info][gc,start       ] GC(766) Pause Young (Normal) (G1 Evacuation Pause)
[343.926s][info][gc,task        ] GC(766) Using 2 workers of 2 for evacuation
[344.011s][info][gc,phases      ] GC(766)   Pre Evacuate Collection Set: 0.32ms
[344.011s][info][gc,phases      ] GC(766)   Merge Heap Roots: 0.32ms
[344.011s][info][gc,phases      ] GC(766)   Evacuate Collection Set: 83.51ms
[344.011s][info][gc,phases      ] GC(766)   Post Evacuate Collection Set: 0.52ms
[344.011s][info][gc,phases      ] GC(766)   Other: 0.11ms
[344.011s][info][gc,heap        ] GC(766) Eden regions: 204->0(176)
[344.011s][info][gc,heap        ] GC(766) Survivor regions: 35->30(30)
[344.011s][info][gc,heap        ] GC(766) Old regions: 644->682
[344.011s][info][gc,heap        ] GC(766) Humongous regions: 10->10
[344.011s][info][gc,metaspace   ] GC(766) Metaspace: 18823K(18944K)->18823K(18944K) NonClass: 16994K(17088K)->16994K(17088K) Class: 1828K(1856K)->1828K(1856K)
[344.011s][info][gc             ] GC(766) Pause Young (Normal) (G1 Evacuation Pause) 892M->721M(978M) 85.144ms
[344.011s][info][gc,cpu         ] GC(766) User=0.16s Sys=0.00s Real=0.08s
[344.248s][info][gc,marking     ] GC(763) Concurrent Mark From Roots 1815.501ms
[344.248s][info][gc,marking     ] GC(763) Concurrent Preclean
[344.248s][info][gc,marking     ] GC(763) Concurrent Preclean 0.049ms
[344.249s][info][gc,start       ] GC(763) Pause Remark
[344.257s][info][gc             ] GC(763) Pause Remark 893M->824M(978M) 8.383ms
[344.257s][info][gc,cpu         ] GC(763) User=0.01s Sys=0.00s Real=0.01s
[344.258s][info][gc,marking     ] GC(763) Concurrent Mark 1824.989ms
[344.258s][info][gc,marking     ] GC(763) Concurrent Rebuild Remembered Sets and Scrub Regions
[344.262s][info][gc,start       ] GC(767) Pause Young (Normal) (G1 Evacuation Pause)
[344.262s][info][gc,task        ] GC(767) Using 2 workers of 2 for evacuation
[344.320s][info][gc,phases      ] GC(767)   Pre Evacuate Collection Set: 0.44ms
[344.320s][info][gc,phases      ] GC(767)   Merge Heap Roots: 0.23ms
[344.320s][info][gc,phases      ] GC(767)   Evacuate Collection Set: 56.07ms
[344.320s][info][gc,phases      ] GC(767)   Post Evacuate Collection Set: 0.48ms
[344.320s][info][gc,phases      ] GC(767)   Other: 0.10ms
[344.320s][info][gc,heap        ] GC(767) Eden regions: 176->0(232)
[344.320s][info][gc,heap        ] GC(767) Survivor regions: 30->15(26)
[344.320s][info][gc,heap        ] GC(767) Old regions: 616->647
[344.320s][info][gc,heap        ] GC(767) Humongous regions: 7->7
[344.320s][info][gc,metaspace   ] GC(767) Metaspace: 18823K(18944K)->18823K(18944K) NonClass: 16994K(17088K)->16994K(17088K) Class: 1828K(1856K)->1828K(1856K)
[344.320s][info][gc             ] GC(767) Pause Young (Normal) (G1 Evacuation Pause) 828M->668M(978M) 57.595ms
[344.320s][info][gc,cpu         ] GC(767) User=0.12s Sys=0.00s Real=0.06s
[344.723s][info][gc,start       ] GC(768) Pause Young (Normal) (G1 Evacuation Pause)
[344.723s][info][gc,task        ] GC(768) Using 2 workers of 2 for evacuation
[344.759s][info][gc,phases      ] GC(768)   Pre Evacuate Collection Set: 0.29ms
[344.759s][info][gc,phases      ] GC(768)   Merge Heap Roots: 0.41ms
[344.759s][info][gc,phases      ] GC(768)   Evacuate Collection Set: 34.18ms
[344.759s][info][gc,phases      ] GC(768)   Post Evacuate Collection Set: 0.51ms
[344.759s][info][gc,phases      ] GC(768)   Other: 0.13ms
[344.759s][info][gc,heap        ] GC(768) Eden regions: 232->0(238)
[344.759s][info][gc,heap        ] GC(768) Survivor regions: 15->18(31)
[344.759s][info][gc,heap        ] GC(768) Old regions: 647->647
[344.759s][info][gc,heap        ] GC(768) Humongous regions: 7->7
[344.759s][info][gc,metaspace   ] GC(768) Metaspace: 18823K(18944K)->18823K(18944K) NonClass: 16994K(17088K)->16994K(17088K) Class: 1828K(1856K)->1828K(1856K)
[344.759s][info][gc             ] GC(768) Pause Young (Normal) (G1 Evacuation Pause) 900M->670M(978M) 35.785ms
[344.759s][info][gc,cpu         ] GC(768) User=0.07s Sys=0.00s Real=0.04s
[345.062s][info][gc,marking     ] GC(763) Concurrent Rebuild Remembered Sets and Scrub Regions 803.655ms
[345.062s][info][gc,start       ] GC(763) Pause Cleanup
[345.062s][info][gc             ] GC(763) Pause Cleanup 893M->893M(978M) 0.164ms
[345.062s][info][gc,cpu         ] GC(763) User=0.00s Sys=0.00s Real=0.00s
[345.062s][info][gc,marking     ] GC(763) Concurrent Clear Claimed Marks
[345.063s][info][gc,marking     ] GC(763) Concurrent Clear Claimed Marks 0.045ms
[345.063s][info][gc,marking     ] GC(763) Concurrent Cleanup for Next Mark
[345.067s][info][gc,marking     ] GC(763) Concurrent Cleanup for Next Mark 4.048ms
[345.067s][info][gc             ] GC(763) Concurrent Mark Cycle 2715.252ms
[345.075s][info][gc,start       ] GC(769) Pause Young (Prepare Mixed) (G1 Evacuation Pause)
[345.075s][info][gc,task        ] GC(769) Using 2 workers of 2 for evacuation
[345.150s][info][gc,phases      ] GC(769)   Pre Evacuate Collection Set: 0.50ms
[345.150s][info][gc,phases      ] GC(769)   Merge Heap Roots: 0.47ms
[345.150s][info][gc,phases      ] GC(769)   Evacuate Collection Set: 72.71ms
[345.150s][info][gc,phases      ] GC(769)   Post Evacuate Collection Set: 0.61ms
[345.150s][info][gc,phases      ] GC(769)   Other: 0.10ms
[345.150s][info][gc,heap        ] GC(769) Eden regions: 238->0(188)
[345.150s][info][gc,heap        ] GC(769) Survivor regions: 18->32(32)
[345.150s][info][gc,heap        ] GC(769) Old regions: 647->669
[345.150s][info][gc,heap        ] GC(769) Humongous regions: 7->7
[345.150s][info][gc,metaspace   ] GC(769) Metaspace: 18823K(18944K)->18823K(18944K) NonClass: 16994K(17088K)->16994K(17088K) Class: 1828K(1856K)->1828K(1856K)
[345.150s][info][gc             ] GC(769) Pause Young (Prepare Mixed) (G1 Evacuation Pause) 908M->707M(978M) 74.632ms
[345.150s][info][gc,cpu         ] GC(769) User=0.15s Sys=0.00s Real=0.07s
[345.246s][info][gc,start       ] GC(770) Pause Young (Mixed) (G1 Evacuation Pause)
[345.247s][info][gc,task        ] GC(770) Using 2 workers of 2 for evacuation
[345.386s][info][gc,phases      ] GC(770)   Pre Evacuate Collection Set: 0.37ms
[345.386s][info][gc,phases      ] GC(770)   Merge Heap Roots: 1.17ms
[345.386s][info][gc,phases      ] GC(770)   Evacuate Collection Set: 131.38ms
[345.386s][info][gc,phases      ] GC(770)   Post Evacuate Collection Set: 6.53ms
[345.386s][info][gc,phases      ] GC(770)   Other: 0.11ms
[345.386s][info][gc,heap        ] GC(770) Eden regions: 188->0(128)
[345.386s][info][gc,heap        ] GC(770) Survivor regions: 32->27(28)
[345.386s][info][gc,heap        ] GC(770) Old regions: 669->739
[345.386s][info][gc,heap        ] GC(770) Humongous regions: 7->7
[345.386s][info][gc,metaspace   ] GC(770) Metaspace: 18824K(18944K)->18824K(18944K) NonClass: 16995K(17088K)->16995K(17088K) Class: 1828K(1856K)->1828K(1856K)
[345.386s][info][gc             ] GC(770) Pause Young (Mixed) (G1 Evacuation Pause) (Evacuation Failure: Allocation) 895M->772M(978M) 139.848ms
[345.386s][info][gc,cpu         ] GC(770) User=0.27s Sys=0.00s Real=0.14s
[345.536s][info][gc,start       ] GC(771) Pause Young (Mixed) (G1 Evacuation Pause)
[345.536s][info][gc,task        ] GC(771) Using 2 workers of 2 for evacuation
[345.641s][info][gc,phases      ] GC(771)   Pre Evacuate Collection Set: 0.38ms
[345.641s][info][gc,phases      ] GC(771)   Merge Heap Roots: 0.98ms
[345.642s][info][gc,phases      ] GC(771)   Evacuate Collection Set: 92.54ms
[345.642s][info][gc,phases      ] GC(771)   Merge Optional Heap Roots: 0.08ms
[345.642s][info][gc,phases      ] GC(771)   Evacuate Optional Collection Set: 10.79ms
[345.642s][info][gc,phases      ] GC(771)   Post Evacuate Collection Set: 0.67ms
[345.642s][info][gc,phases      ] GC(771)   Other: 0.12ms
[345.642s][info][gc,heap        ] GC(771) Eden regions: 128->0(200)
[345.642s][info][gc,heap        ] GC(771) Survivor regions: 27->6(20)
[345.642s][info][gc,heap        ] GC(771) Old regions: 739->693
[345.642s][info][gc,heap        ] GC(771) Humongous regions: 7->7
[345.642s][info][gc,metaspace   ] GC(771) Metaspace: 18826K(18944K)->18826K(18944K) NonClass: 16997K(17088K)->16997K(17088K) Class: 1828K(1856K)->1828K(1856K)
[345.642s][info][gc             ] GC(771) Pause Young (Mixed) (G1 Evacuation Pause) 900M->705M(978M) 105.867ms
[345.642s][info][gc,cpu         ] GC(771) User=0.21s Sys=0.00s Real=0.10s
[345.839s][info][gc,start       ] GC(772) Pause Young (Concurrent Start) (G1 Evacuation Pause)
[345.839s][info][gc,task        ] GC(772) Using 2 workers of 2 for evacuation
[345.868s][info][gc,phases      ] GC(772)   Pre Evacuate Collection Set: 0.33ms
[345.868s][info][gc,phases      ] GC(772)   Merge Heap Roots: 0.22ms
[345.868s][info][gc,phases      ] GC(772)   Evacuate Collection Set: 27.59ms
[345.868s][info][gc,phases      ] GC(772)   Post Evacuate Collection Set: 0.50ms
[345.868s][info][gc,phases      ] GC(772)   Other: 0.11ms
[345.868s][info][gc,heap        ] GC(772) Eden regions: 200->0(184)
[345.868s][info][gc,heap        ] GC(772) Survivor regions: 6->22(26)
[345.868s][info][gc,heap        ] GC(772) Old regions: 693->693
[345.868s][info][gc,heap        ] GC(772) Humongous regions: 7->7
[345.868s][info][gc,metaspace   ] GC(772) Metaspace: 18826K(18944K)->18826K(18944K) NonClass: 16997K(17088K)->16997K(17088K) Class: 1828K(1856K)->1828K(1856K)
[345.868s][info][gc             ] GC(772) Pause Young (Concurrent Start) (G1 Evacuation Pause) 905M->721M(978M) 29.040ms
[345.868s][info][gc,cpu         ] GC(772) User=0.06s Sys=0.00s Real=0.03s
[345.868s][info][gc             ] GC(773) Concurrent Mark Cycle
[345.868s][info][gc,marking     ] GC(773) Concurrent Scan Root Regions
[345.914s][info][gc,marking     ] GC(773) Concurrent Scan Root Regions 45.822ms
[345.914s][info][gc,marking     ] GC(773) Concurrent Mark
[345.914s][info][gc,marking     ] GC(773) Concurrent Mark From Roots
[345.914s][info][gc,task        ] GC(773) Using 1 workers of 1 for marking
[346.457s][info][gc,start       ] GC(774) Pause Young (Normal) (G1 Evacuation Pause)
[346.457s][info][gc,task        ] GC(774) Using 2 workers of 2 for evacuation
[346.490s][info][gc,phases      ] GC(774)   Pre Evacuate Collection Set: 0.55ms
[346.490s][info][gc,phases      ] GC(774)   Merge Heap Roots: 0.21ms
[346.490s][info][gc,phases      ] GC(774)   Evacuate Collection Set: 31.44ms
[346.490s][info][gc,phases      ] GC(774)   Post Evacuate Collection Set: 0.46ms
[346.490s][info][gc,phases      ] GC(774)   Other: 0.10ms
[346.490s][info][gc,heap        ] GC(774) Eden regions: 184->0(195)
[346.490s][info][gc,heap        ] GC(774) Survivor regions: 22->4(26)
[346.490s][info][gc,heap        ] GC(774) Old regions: 693->715
[346.490s][info][gc,heap        ] GC(774) Humongous regions: 7->7
[346.490s][info][gc,metaspace   ] GC(774) Metaspace: 18826K(18944K)->18826K(18944K) NonClass: 16997K(17088K)->16997K(17088K) Class: 1828K(1856K)->1828K(1856K)
[346.490s][info][gc             ] GC(774) Pause Young (Normal) (G1 Evacuation Pause) 905M->725M(978M) 32.994ms
[346.490s][info][gc,cpu         ] GC(774) User=0.06s Sys=0.00s Real=0.03s
[346.818s][info][gc,start       ] GC(775) Pause Young (Normal) (G1 Evacuation Pause)
[346.818s][info][gc,task        ] GC(775) Using 2 workers of 2 for evacuation
[346.836s][info][gc,phases      ] GC(775)   Pre Evacuate Collection Set: 0.31ms
[346.836s][info][gc,phases      ] GC(775)   Merge Heap Roots: 0.20ms
[346.836s][info][gc,phases      ] GC(775)   Evacuate Collection Set: 16.36ms
[346.836s][info][gc,phases      ] GC(775)   Post Evacuate Collection Set: 0.47ms
[346.836s][info][gc,phases      ] GC(775)   Other: 0.10ms
[346.836s][info][gc,heap        ] GC(775) Eden regions: 195->0(182)
[346.836s][info][gc,heap        ] GC(775) Survivor regions: 4->12(25)
[346.836s][info][gc,heap        ] GC(775) Old regions: 715->715
[346.836s][info][gc,heap        ] GC(775) Humongous regions: 7->7
[346.836s][info][gc,metaspace   ] GC(775) Metaspace: 18826K(18944K)->18826K(18944K) NonClass: 16997K(17088K)->16997K(17088K) Class: 1828K(1856K)->1828K(1856K)
[346.836s][info][gc             ] GC(775) Pause Young (Normal) (G1 Evacuation Pause) 920M->733M(978M) 17.671ms
[346.836s][info][gc,cpu         ] GC(775) User=0.04s Sys=0.00s Real=0.02s
[347.104s][info][gc,start       ] GC(776) Pause Young (Normal) (G1 Evacuation Pause)
[347.104s][info][gc,task        ] GC(776) Using 2 workers of 2 for evacuation
[347.123s][info][gc,phases      ] GC(776)   Pre Evacuate Collection Set: 0.56ms
[347.123s][info][gc,phases      ] GC(776)   Merge Heap Roots: 0.18ms
[347.123s][info][gc,phases      ] GC(776)   Evacuate Collection Set: 17.73ms
[347.123s][info][gc,phases      ] GC(776)   Post Evacuate Collection Set: 0.47ms
[347.123s][info][gc,phases      ] GC(776)   Other: 0.08ms
[347.123s][info][gc,heap        ] GC(776) Eden regions: 182->0(180)
[347.123s][info][gc,heap        ] GC(776) Survivor regions: 12->13(25)
[347.123s][info][gc,heap        ] GC(776) Old regions: 715->715
[347.123s][info][gc,heap        ] GC(776) Humongous regions: 7->7
[347.123s][info][gc,metaspace   ] GC(776) Metaspace: 18826K(18944K)->18826K(18944K) NonClass: 16997K(17088K)->16997K(17088K) Class: 1828K(1856K)->1828K(1856K)
[347.123s][info][gc             ] GC(776) Pause Young (Normal) (G1 Evacuation Pause) 915M->734M(978M) 19.330ms
[347.123s][info][gc,cpu         ] GC(776) User=0.03s Sys=0.00s Real=0.02s
[347.807s][info][gc,start       ] GC(777) Pause Young (Normal) (G1 Evacuation Pause)
[347.807s][info][gc,task        ] GC(777) Using 2 workers of 2 for evacuation
[347.863s][info][gc,phases      ] GC(777)   Pre Evacuate Collection Set: 0.34ms
[347.863s][info][gc,phases      ] GC(777)   Merge Heap Roots: 0.45ms
[347.863s][info][gc,phases      ] GC(777)   Evacuate Collection Set: 54.40ms
[347.863s][info][gc,phases      ] GC(777)   Post Evacuate Collection Set: 0.56ms
[347.863s][info][gc,phases      ] GC(777)   Other: 0.12ms
[347.863s][info][gc,heap        ] GC(777) Eden regions: 180->0(148)
[347.863s][info][gc,heap        ] GC(777) Survivor regions: 13->25(25)
[347.863s][info][gc,heap        ] GC(777) Old regions: 715->720
[347.863s][info][gc,heap        ] GC(777) Humongous regions: 10->10
[347.863s][info][gc,metaspace   ] GC(777) Metaspace: 18833K(18944K)->18833K(18944K) NonClass: 17004K(17088K)->17004K(17088K) Class: 1828K(1856K)->1828K(1856K)
[347.863s][info][gc             ] GC(777) Pause Young (Normal) (G1 Evacuation Pause) 917M->754M(978M) 56.143ms
[347.863s][info][gc,cpu         ] GC(777) User=0.11s Sys=0.00s Real=0.05s
[348.268s][info][gc,marking     ] GC(773) Concurrent Mark From Roots 2353.190ms
[348.268s][info][gc,marking     ] GC(773) Concurrent Preclean
[348.268s][info][gc,marking     ] GC(773) Concurrent Preclean 0.048ms
[348.268s][info][gc,start       ] GC(773) Pause Remark
[348.276s][info][gc             ] GC(773) Pause Remark 901M->901M(978M) 8.659ms
[348.276s][info][gc,cpu         ] GC(773) User=0.01s Sys=0.00s Real=0.01s
[348.277s][info][gc,marking     ] GC(773) Concurrent Mark 2362.947ms
[348.277s][info][gc,marking     ] GC(773) Concurrent Rebuild Remembered Sets and Scrub Regions
[348.283s][info][gc,start       ] GC(778) Pause Young (Normal) (G1 Evacuation Pause)
[348.283s][info][gc,task        ] GC(778) Using 2 workers of 2 for evacuation
[348.353s][info][gc,phases      ] GC(778)   Pre Evacuate Collection Set: 0.47ms
[348.353s][info][gc,phases      ] GC(778)   Merge Heap Roots: 0.63ms
[348.353s][info][gc,phases      ] GC(778)   Evacuate Collection Set: 68.43ms
[348.353s][info][gc,phases      ] GC(778)   Post Evacuate Collection Set: 0.46ms
[348.353s][info][gc,phases      ] GC(778)   Other: 0.10ms
[348.353s][info][gc,heap        ] GC(778) Eden regions: 148->0(141)
[348.353s][info][gc,heap        ] GC(778) Survivor regions: 25->16(22)
[348.353s][info][gc,heap        ] GC(778) Old regions: 720->745
[348.353s][info][gc,heap        ] GC(778) Humongous regions: 10->10
[348.353s][info][gc,metaspace   ] GC(778) Metaspace: 18833K(18944K)->18833K(18944K) NonClass: 17004K(17088K)->17004K(17088K) Class: 1828K(1856K)->1828K(1856K)
[348.353s][info][gc             ] GC(778) Pause Young (Normal) (G1 Evacuation Pause) 902M->770M(978M) 70.304ms
[348.353s][info][gc,cpu         ] GC(778) User=0.14s Sys=0.01s Real=0.07s
[348.680s][info][gc,start       ] GC(779) Pause Young (Normal) (G1 Evacuation Pause)
[348.680s][info][gc,task        ] GC(779) Using 2 workers of 2 for evacuation
[348.727s][info][gc,phases      ] GC(779)   Pre Evacuate Collection Set: 0.54ms
[348.727s][info][gc,phases      ] GC(779)   Merge Heap Roots: 0.19ms
[348.728s][info][gc,phases      ] GC(779)   Evacuate Collection Set: 46.39ms
[348.728s][info][gc,phases      ] GC(779)   Post Evacuate Collection Set: 0.44ms
[348.728s][info][gc,phases      ] GC(779)   Other: 0.08ms
[348.728s][info][gc,heap        ] GC(779) Eden regions: 141->0(116)
[348.728s][info][gc,heap        ] GC(779) Survivor regions: 16->20(20)
[348.728s][info][gc,heap        ] GC(779) Old regions: 745->762
[348.728s][info][gc,heap        ] GC(779) Humongous regions: 10->10
[348.728s][info][gc,metaspace   ] GC(779) Metaspace: 18833K(18944K)->18833K(18944K) NonClass: 17004K(17088K)->17004K(17088K) Class: 1828K(1856K)->1828K(1856K)
[348.728s][info][gc             ] GC(779) Pause Young (Normal) (G1 Evacuation Pause) 911M->791M(978M) 47.924ms
[348.728s][info][gc,cpu         ] GC(779) User=0.09s Sys=0.00s Real=0.05s
[348.873s][info][gc,start       ] GC(780) Pause Young (Normal) (G1 Evacuation Pause)
[348.873s][info][gc,task        ] GC(780) Using 2 workers of 2 for evacuation
[348.903s][info][gc,phases      ] GC(780)   Pre Evacuate Collection Set: 0.54ms
[348.903s][info][gc,phases      ] GC(780)   Merge Heap Roots: 0.20ms
[348.903s][info][gc,phases      ] GC(780)   Evacuate Collection Set: 28.43ms
[348.903s][info][gc,phases      ] GC(780)   Post Evacuate Collection Set: 0.38ms
[348.903s][info][gc,phases      ] GC(780)   Other: 0.08ms
[348.903s][info][gc,heap        ] GC(780) Eden regions: 116->0(129)
[348.903s][info][gc,heap        ] GC(780) Survivor regions: 20->3(17)
[348.903s][info][gc,heap        ] GC(780) Old regions: 762->783
[348.903s][info][gc,heap        ] GC(780) Humongous regions: 10->10
[348.903s][info][gc,metaspace   ] GC(780) Metaspace: 18833K(18944K)->18833K(18944K) NonClass: 17004K(17088K)->17004K(17088K) Class: 1828K(1856K)->1828K(1856K)
[348.903s][info][gc             ] GC(780) Pause Young (Normal) (G1 Evacuation Pause) 907M->795M(978M) 29.915ms
[348.903s][info][gc,cpu         ] GC(780) User=0.06s Sys=0.00s Real=0.03s
[349.143s][info][gc,start       ] GC(781) Pause Young (Normal) (G1 Evacuation Pause)
[349.143s][info][gc,task        ] GC(781) Using 2 workers of 2 for evacuation
[349.155s][info][gc,phases      ] GC(781)   Pre Evacuate Collection Set: 0.52ms
[349.155s][info][gc,phases      ] GC(781)   Merge Heap Roots: 0.21ms
[349.155s][info][gc,phases      ] GC(781)   Evacuate Collection Set: 10.73ms
[349.155s][info][gc,phases      ] GC(781)   Post Evacuate Collection Set: 0.37ms
[349.155s][info][gc,phases      ] GC(781)   Other: 0.10ms
[349.155s][info][gc,heap        ] GC(781) Eden regions: 129->0(127)
[349.155s][info][gc,heap        ] GC(781) Survivor regions: 3->4(17)
[349.155s][info][gc,heap        ] GC(781) Old regions: 783->783
[349.155s][info][gc,heap        ] GC(781) Humongous regions: 10->10
[349.155s][info][gc,metaspace   ] GC(781) Metaspace: 18833K(18944K)->18833K(18944K) NonClass: 17005K(17088K)->17005K(17088K) Class: 1828K(1856K)->1828K(1856K)
[349.155s][info][gc             ] GC(781) Pause Young (Normal) (G1 Evacuation Pause) 924M->795M(978M) 12.158ms
[349.155s][info][gc,cpu         ] GC(781) User=0.02s Sys=0.00s Real=0.02s
[349.185s][info][gc,marking     ] GC(773) Concurrent Rebuild Remembered Sets and Scrub Regions 907.936ms
[349.185s][info][gc,start       ] GC(773) Pause Cleanup
[349.186s][info][gc             ] GC(773) Pause Cleanup 809M->809M(978M) 0.132ms
[349.186s][info][gc,cpu         ] GC(773) User=0.00s Sys=0.00s Real=0.00s
[349.187s][info][gc,marking     ] GC(773) Concurrent Clear Claimed Marks
[349.187s][info][gc,marking     ] GC(773) Concurrent Clear Claimed Marks 0.048ms
[349.187s][info][gc,marking     ] GC(773) Concurrent Cleanup for Next Mark
[349.192s][info][gc,marking     ] GC(773) Concurrent Cleanup for Next Mark 4.974ms
[349.192s][info][gc             ] GC(773) Concurrent Mark Cycle 3323.950ms
[349.339s][info][gc,start       ] GC(782) Pause Young (Prepare Mixed) (G1 Evacuation Pause)
[349.339s][info][gc,task        ] GC(782) Using 2 workers of 2 for evacuation
[349.351s][info][gc,phases      ] GC(782)   Pre Evacuate Collection Set: 0.54ms
[349.351s][info][gc,phases      ] GC(782)   Merge Heap Roots: 0.15ms
[349.351s][info][gc,phases      ] GC(782)   Evacuate Collection Set: 10.28ms
[349.351s][info][gc,phases      ] GC(782)   Post Evacuate Collection Set: 0.42ms
[349.351s][info][gc,phases      ] GC(782)   Other: 0.11ms
[349.351s][info][gc,heap        ] GC(782) Eden regions: 127->0(123)
[349.351s][info][gc,heap        ] GC(782) Survivor regions: 4->6(17)
[349.351s][info][gc,heap        ] GC(782) Old regions: 783->783
[349.351s][info][gc,heap        ] GC(782) Humongous regions: 10->10
[349.351s][info][gc,metaspace   ] GC(782) Metaspace: 18833K(18944K)->18833K(18944K) NonClass: 17005K(17088K)->17005K(17088K) Class: 1828K(1856K)->1828K(1856K)
[349.351s][info][gc             ] GC(782) Pause Young (Prepare Mixed) (G1 Evacuation Pause) 922M->798M(978M) 11.736ms
[349.351s][info][gc,cpu         ] GC(782) User=0.02s Sys=0.00s Real=0.01s
[349.438s][info][gc,start       ] GC(783) Pause Young (Mixed) (G1 Evacuation Pause)
[349.438s][info][gc,task        ] GC(783) Using 2 workers of 2 for evacuation
[349.465s][info][gc,phases      ] GC(783)   Pre Evacuate Collection Set: 0.54ms
[349.465s][info][gc,phases      ] GC(783)   Merge Heap Roots: 0.34ms
[349.465s][info][gc,phases      ] GC(783)   Evacuate Collection Set: 25.87ms
[349.465s][info][gc,phases      ] GC(783)   Post Evacuate Collection Set: 0.45ms
[349.465s][info][gc,phases      ] GC(783)   Other: 0.08ms
[349.465s][info][gc,heap        ] GC(783) Eden regions: 123->0(129)
[349.465s][info][gc,heap        ] GC(783) Survivor regions: 6->7(17)
[349.465s][info][gc,heap        ] GC(783) Old regions: 783->775
[349.465s][info][gc,heap        ] GC(783) Humongous regions: 10->10
[349.465s][info][gc,metaspace   ] GC(783) Metaspace: 18833K(18944K)->18833K(18944K) NonClass: 17005K(17088K)->17005K(17088K) Class: 1828K(1856K)->1828K(1856K)
[349.465s][info][gc             ] GC(783) Pause Young (Mixed) (G1 Evacuation Pause) 921M->791M(978M) 27.529ms
[349.465s][info][gc,cpu         ] GC(783) User=0.06s Sys=0.00s Real=0.03s
[349.597s][info][gc,start       ] GC(784) Pause Young (Concurrent Start) (G1 Evacuation Pause)
[349.597s][info][gc,task        ] GC(784) Using 2 workers of 2 for evacuation
[349.616s][info][gc,phases      ] GC(784)   Pre Evacuate Collection Set: 0.33ms
[349.616s][info][gc,phases      ] GC(784)   Merge Heap Roots: 0.22ms
[349.616s][info][gc,phases      ] GC(784)   Evacuate Collection Set: 17.31ms
[349.616s][info][gc,phases      ] GC(784)   Post Evacuate Collection Set: 0.41ms
[349.616s][info][gc,phases      ] GC(784)   Other: 0.12ms
[349.616s][info][gc,heap        ] GC(784) Eden regions: 129->0(121)
[349.616s][info][gc,heap        ] GC(784) Survivor regions: 7->11(17)
[349.616s][info][gc,heap        ] GC(784) Old regions: 775->775
[349.616s][info][gc,heap        ] GC(784) Humongous regions: 10->10
[349.616s][info][gc,metaspace   ] GC(784) Metaspace: 18833K(18944K)->18833K(18944K) NonClass: 17005K(17088K)->17005K(17088K) Class: 1828K(1856K)->1828K(1856K)
[349.616s][info][gc             ] GC(784) Pause Young (Concurrent Start) (G1 Evacuation Pause) 920M->795M(978M) 18.659ms
[349.616s][info][gc,cpu         ] GC(784) User=0.03s Sys=0.00s Real=0.02s
[349.616s][info][gc             ] GC(785) Concurrent Mark Cycle
[349.616s][info][gc,marking     ] GC(785) Concurrent Scan Root Regions
[349.640s][info][gc,marking     ] GC(785) Concurrent Scan Root Regions 24.325ms
[349.640s][info][gc,marking     ] GC(785) Concurrent Mark
[349.640s][info][gc,marking     ] GC(785) Concurrent Mark From Roots
[349.640s][info][gc,task        ] GC(785) Using 1 workers of 1 for marking
[349.910s][info][gc,start       ] GC(786) Pause Young (Normal) (G1 Evacuation Pause)
[349.910s][info][gc,task        ] GC(786) Using 2 workers of 2 for evacuation
[349.931s][info][gc,phases      ] GC(786)   Pre Evacuate Collection Set: 0.54ms
[349.931s][info][gc,phases      ] GC(786)   Merge Heap Roots: 0.21ms
[349.931s][info][gc,phases      ] GC(786)   Evacuate Collection Set: 19.51ms
[349.931s][info][gc,phases      ] GC(786)   Post Evacuate Collection Set: 0.44ms
[349.931s][info][gc,phases      ] GC(786)   Other: 0.08ms
[349.931s][info][gc,heap        ] GC(786) Eden regions: 121->0(116)
[349.931s][info][gc,heap        ] GC(786) Survivor regions: 11->12(17)
[349.931s][info][gc,heap        ] GC(786) Old regions: 775->778
[349.931s][info][gc,heap        ] GC(786) Humongous regions: 10->10
[349.931s][info][gc,metaspace   ] GC(786) Metaspace: 18833K(18944K)->18833K(18944K) NonClass: 17005K(17088K)->17005K(17088K) Class: 1828K(1856K)->1828K(1856K)
[349.931s][info][gc             ] GC(786) Pause Young (Normal) (G1 Evacuation Pause) 916M->798M(978M) 21.039ms
[349.931s][info][gc,cpu         ] GC(786) User=0.04s Sys=0.00s Real=0.02s
[350.264s][info][gc,start       ] GC(787) Pause Young (Normal) (G1 Evacuation Pause)
[350.264s][info][gc,task        ] GC(787) Using 2 workers of 2 for evacuation
[350.282s][info][gc,phases      ] GC(787)   Pre Evacuate Collection Set: 0.33ms
[350.282s][info][gc,phases      ] GC(787)   Merge Heap Roots: 0.23ms
[350.282s][info][gc,phases      ] GC(787)   Evacuate Collection Set: 16.50ms
[350.282s][info][gc,phases      ] GC(787)   Post Evacuate Collection Set: 0.38ms
[350.282s][info][gc,phases      ] GC(787)   Other: 0.11ms
[350.282s][info][gc,heap        ] GC(787) Eden regions: 116->0(118)
[350.282s][info][gc,heap        ] GC(787) Survivor regions: 12->9(16)
[350.282s][info][gc,heap        ] GC(787) Old regions: 778->782
[350.282s][info][gc,heap        ] GC(787) Humongous regions: 10->10
[350.282s][info][gc,metaspace   ] GC(787) Metaspace: 18833K(18944K)->18833K(18944K) NonClass: 17005K(17088K)->17005K(17088K) Class: 1828K(1856K)->1828K(1856K)
[350.282s][info][gc             ] GC(787) Pause Young (Normal) (G1 Evacuation Pause) 914M->799M(978M) 17.808ms
[350.282s][info][gc,cpu         ] GC(787) User=0.04s Sys=0.00s Real=0.01s
[350.948s][info][gc,start       ] GC(788) Pause Young (Normal) (G1 Evacuation Pause)
[350.949s][info][gc,task        ] GC(788) Using 2 workers of 2 for evacuation
[350.960s][info][gc,phases      ] GC(788)   Pre Evacuate Collection Set: 0.55ms
[350.960s][info][gc,phases      ] GC(788)   Merge Heap Roots: 0.14ms
[350.960s][info][gc,phases      ] GC(788)   Evacuate Collection Set: 10.54ms
[350.960s][info][gc,phases      ] GC(788)   Post Evacuate Collection Set: 0.38ms
[350.960s][info][gc,phases      ] GC(788)   Other: 0.10ms
[350.960s][info][gc,heap        ] GC(788) Eden regions: 118->0(118)
[350.960s][info][gc,heap        ] GC(788) Survivor regions: 9->9(16)
[350.960s][info][gc,heap        ] GC(788) Old regions: 782->782
[350.960s][info][gc,heap        ] GC(788) Humongous regions: 10->10
[350.960s][info][gc,metaspace   ] GC(788) Metaspace: 18834K(18944K)->18834K(18944K) NonClass: 17005K(17088K)->17005K(17088K) Class: 1828K(1856K)->1828K(1856K)
[350.960s][info][gc             ] GC(788) Pause Young (Normal) (G1 Evacuation Pause) 917M->800M(978M) 11.960ms
[350.960s][info][gc,cpu         ] GC(788) User=0.03s Sys=0.00s Real=0.01s
[351.283s][info][gc,start       ] GC(789) Pause Young (Normal) (G1 Evacuation Pause)
[351.284s][info][gc,task        ] GC(789) Using 2 workers of 2 for evacuation
[351.322s][info][gc,phases      ] GC(789)   Pre Evacuate Collection Set: 0.55ms
[351.322s][info][gc,phases      ] GC(789)   Merge Heap Roots: 0.20ms
[351.322s][info][gc,phases      ] GC(789)   Evacuate Collection Set: 37.50ms
[351.322s][info][gc,phases      ] GC(789)   Post Evacuate Collection Set: 0.42ms
[351.322s][info][gc,phases      ] GC(789)   Other: 0.10ms
[351.322s][info][gc,heap        ] GC(789) Eden regions: 118->0(90)
[351.322s][info][gc,heap        ] GC(789) Survivor regions: 9->16(16)
[351.322s][info][gc,heap        ] GC(789) Old regions: 782->796
[351.322s][info][gc,heap        ] GC(789) Humongous regions: 10->10
[351.322s][info][gc,metaspace   ] GC(789) Metaspace: 18834K(18944K)->18834K(18944K) NonClass: 17005K(17088K)->17005K(17088K) Class: 1828K(1856K)->1828K(1856K)
[351.322s][info][gc             ] GC(789) Pause Young (Normal) (G1 Evacuation Pause) 918M->821M(978M) 39.013ms
[351.322s][info][gc,cpu         ] GC(789) User=0.08s Sys=0.00s Real=0.04s
[351.610s][info][gc,start       ] GC(790) Pause Young (Normal) (G1 Evacuation Pause)
[351.610s][info][gc,task        ] GC(790) Using 2 workers of 2 for evacuation
[351.630s][info][gc,phases      ] GC(790)   Pre Evacuate Collection Set: 0.35ms
[351.630s][info][gc,phases      ] GC(790)   Merge Heap Roots: 0.12ms
[351.630s][info][gc,phases      ] GC(790)   Evacuate Collection Set: 18.80ms
[351.630s][info][gc,phases      ] GC(790)   Post Evacuate Collection Set: 0.35ms
[351.630s][info][gc,phases      ] GC(790)   Other: 0.08ms
[351.630s][info][gc,heap        ] GC(790) Eden regions: 90->0(103)
[351.630s][info][gc,heap        ] GC(790) Survivor regions: 16->1(14)
[351.630s][info][gc,heap        ] GC(790) Old regions: 796->813
[351.630s][info][gc,heap        ] GC(790) Humongous regions: 10->10
[351.630s][info][gc,metaspace   ] GC(790) Metaspace: 18834K(18944K)->18834K(18944K) NonClass: 17005K(17088K)->17005K(17088K) Class: 1828K(1856K)->1828K(1856K)
[351.630s][info][gc             ] GC(790) Pause Young (Normal) (G1 Evacuation Pause) 911M->823M(978M) 20.004ms
[351.630s][info][gc,cpu         ] GC(790) User=0.03s Sys=0.00s Real=0.02s
[352.216s][info][gc,start       ] GC(791) Pause Young (Normal) (G1 Evacuation Pause)
[352.217s][info][gc,task        ] GC(791) Using 2 workers of 2 for evacuation
[352.218s][info][gc,phases      ] GC(791)   Pre Evacuate Collection Set: 0.34ms
[352.218s][info][gc,phases      ] GC(791)   Merge Heap Roots: 0.06ms
[352.218s][info][gc,phases      ] GC(791)   Evacuate Collection Set: 0.31ms
[352.218s][info][gc,phases      ] GC(791)   Post Evacuate Collection Set: 0.32ms
[352.218s][info][gc,phases      ] GC(791)   Other: 0.10ms
[352.218s][info][gc,heap        ] GC(791) Eden regions: 103->0(103)
[352.218s][info][gc,heap        ] GC(791) Survivor regions: 1->1(13)
[352.218s][info][gc,heap        ] GC(791) Old regions: 813->813
[352.218s][info][gc,heap        ] GC(791) Humongous regions: 10->10
[352.218s][info][gc,metaspace   ] GC(791) Metaspace: 18834K(18944K)->18834K(18944K) NonClass: 17005K(17088K)->17005K(17088K) Class: 1828K(1856K)->1828K(1856K)
[352.218s][info][gc             ] GC(791) Pause Young (Normal) (G1 Evacuation Pause) 926M->823M(978M) 1.370ms
[352.218s][info][gc,cpu         ] GC(791) User=0.01s Sys=0.00s Real=0.00s
[352.371s][info][gc,marking     ] GC(785) Concurrent Mark From Roots 2730.570ms
[352.371s][info][gc,marking     ] GC(785) Concurrent Preclean
[352.371s][info][gc,marking     ] GC(785) Concurrent Preclean 0.048ms
[352.371s][info][gc,start       ] GC(785) Pause Remark
[352.380s][info][gc             ] GC(785) Pause Remark 846M->845M(978M) 8.482ms
[352.380s][info][gc,cpu         ] GC(785) User=0.02s Sys=0.00s Real=0.01s
[352.380s][info][gc,marking     ] GC(785) Concurrent Mark 2740.083ms
[352.380s][info][gc,marking     ] GC(785) Concurrent Rebuild Remembered Sets and Scrub Regions
[352.624s][info][gc,start       ] GC(792) Pause Young (Normal) (G1 Evacuation Pause)
[352.624s][info][gc,task        ] GC(792) Using 2 workers of 2 for evacuation
[352.626s][info][gc,phases      ] GC(792)   Pre Evacuate Collection Set: 0.32ms
[352.626s][info][gc,phases      ] GC(792)   Merge Heap Roots: 0.06ms
[352.626s][info][gc,phases      ] GC(792)   Evacuate Collection Set: 0.32ms
[352.626s][info][gc,phases      ] GC(792)   Post Evacuate Collection Set: 0.28ms
[352.626s][info][gc,phases      ] GC(792)   Other: 0.08ms
[352.626s][info][gc,heap        ] GC(792) Eden regions: 103->0(104)
[352.626s][info][gc,heap        ] GC(792) Survivor regions: 1->1(13)
[352.626s][info][gc,heap        ] GC(792) Old regions: 813->813
[352.626s][info][gc,heap        ] GC(792) Humongous regions: 9->9
[352.626s][info][gc,metaspace   ] GC(792) Metaspace: 18834K(18944K)->18834K(18944K) NonClass: 17005K(17088K)->17005K(17088K) Class: 1828K(1856K)->1828K(1856K)
[352.626s][info][gc             ] GC(792) Pause Young (Normal) (G1 Evacuation Pause) 925M->821M(978M) 1.263ms
[352.626s][info][gc,cpu         ] GC(792) User=0.00s Sys=0.00s Real=0.00s
[353.137s][info][gc,marking     ] GC(785) Concurrent Rebuild Remembered Sets and Scrub Regions 756.701ms
[353.137s][info][gc,start       ] GC(785) Pause Cleanup
[353.137s][info][gc             ] GC(785) Pause Cleanup 865M->865M(978M) 0.136ms
[353.137s][info][gc,cpu         ] GC(785) User=0.00s Sys=0.00s Real=0.00s
[353.139s][info][gc,marking     ] GC(785) Concurrent Clear Claimed Marks
[353.139s][info][gc,marking     ] GC(785) Concurrent Clear Claimed Marks 0.049ms
[353.139s][info][gc,marking     ] GC(785) Concurrent Cleanup for Next Mark
[353.144s][info][gc,marking     ] GC(785) Concurrent Cleanup for Next Mark 5.019ms
[353.144s][info][gc             ] GC(785) Concurrent Mark Cycle 3528.499ms
[353.775s][info][gc,start       ] GC(793) Pause Young (Prepare Mixed) (G1 Evacuation Pause)
[353.775s][info][gc,task        ] GC(793) Using 2 workers of 2 for evacuation
[353.778s][info][gc,phases      ] GC(793)   Pre Evacuate Collection Set: 0.32ms
[353.778s][info][gc,phases      ] GC(793)   Merge Heap Roots: 0.08ms
[353.778s][info][gc,phases      ] GC(793)   Evacuate Collection Set: 1.30ms
[353.778s][info][gc,phases      ] GC(793)   Post Evacuate Collection Set: 0.40ms
[353.778s][info][gc,phases      ] GC(793)   Other: 0.11ms
[353.778s][info][gc,heap        ] GC(793) Eden regions: 104->0(104)
[353.778s][info][gc,heap        ] GC(793) Survivor regions: 1->1(14)
[353.778s][info][gc,heap        ] GC(793) Old regions: 813->813
[353.778s][info][gc,heap        ] GC(793) Humongous regions: 9->9
[353.778s][info][gc,metaspace   ] GC(793) Metaspace: 18834K(18944K)->18834K(18944K) NonClass: 17005K(17088K)->17005K(17088K) Class: 1828K(1856K)->1828K(1856K)
[353.778s][info][gc             ] GC(793) Pause Young (Prepare Mixed) (G1 Evacuation Pause) 925M->821M(978M) 2.465ms
[353.778s][info][gc,cpu         ] GC(793) User=0.01s Sys=0.00s Real=0.00s
[354.465s][info][gc,start       ] GC(794) Pause Young (Mixed) (G1 Evacuation Pause)
[354.465s][info][gc,task        ] GC(794) Using 2 workers of 2 for evacuation
[354.483s][info][gc,phases      ] GC(794)   Pre Evacuate Collection Set: 0.32ms
[354.483s][info][gc,phases      ] GC(794)   Merge Heap Roots: 0.21ms
[354.483s][info][gc,phases      ] GC(794)   Evacuate Collection Set: 16.99ms
[354.483s][info][gc,phases      ] GC(794)   Post Evacuate Collection Set: 0.38ms
[354.483s][info][gc,phases      ] GC(794)   Other: 0.08ms
[354.483s][info][gc,heap        ] GC(794) Eden regions: 104->0(111)
[354.483s][info][gc,heap        ] GC(794) Survivor regions: 1->1(14)
[354.483s][info][gc,heap        ] GC(794) Old regions: 813->806
[354.483s][info][gc,heap        ] GC(794) Humongous regions: 9->9
[354.483s][info][gc,metaspace   ] GC(794) Metaspace: 18834K(18944K)->18834K(18944K) NonClass: 17005K(17088K)->17005K(17088K) Class: 1828K(1856K)->1828K(1856K)
[354.483s][info][gc             ] GC(794) Pause Young (Mixed) (G1 Evacuation Pause) 925M->815M(978M) 18.232ms
[354.483s][info][gc,cpu         ] GC(794) User=0.04s Sys=0.00s Real=0.01s
[355.106s][info][gc,start       ] GC(795) Pause Young (Concurrent Start) (G1 Evacuation Pause)
[355.106s][info][gc,task        ] GC(795) Using 2 workers of 2 for evacuation
[355.111s][info][gc,phases      ] GC(795)   Pre Evacuate Collection Set: 0.36ms
[355.112s][info][gc,phases      ] GC(795)   Merge Heap Roots: 0.13ms
[355.112s][info][gc,phases      ] GC(795)   Evacuate Collection Set: 4.13ms
[355.112s][info][gc,phases      ] GC(795)   Post Evacuate Collection Set: 0.42ms
[355.112s][info][gc,phases      ] GC(795)   Other: 0.14ms
[355.112s][info][gc,heap        ] GC(795) Eden regions: 111->0(107)
[355.112s][info][gc,heap        ] GC(795) Survivor regions: 1->3(14)
[355.112s][info][gc,heap        ] GC(795) Old regions: 806->806
[355.112s][info][gc,heap        ] GC(795) Humongous regions: 9->9
[355.112s][info][gc,metaspace   ] GC(795) Metaspace: 18836K(18944K)->18836K(18944K) NonClass: 17007K(17088K)->17007K(17088K) Class: 1828K(1856K)->1828K(1856K)
[355.112s][info][gc             ] GC(795) Pause Young (Concurrent Start) (G1 Evacuation Pause) 926M->816M(978M) 5.437ms
[355.112s][info][gc             ] GC(796) Concurrent Mark Cycle
[355.112s][info][gc,marking     ] GC(796) Concurrent Scan Root Regions
[355.112s][info][gc,cpu         ] GC(795) User=0.01s Sys=0.00s Real=0.00s
[355.115s][info][gc,marking     ] GC(796) Concurrent Scan Root Regions 3.431ms
[355.115s][info][gc,marking     ] GC(796) Concurrent Mark
[355.115s][info][gc,marking     ] GC(796) Concurrent Mark From Roots
[355.115s][info][gc,task        ] GC(796) Using 1 workers of 1 for marking
[355.600s][info][gc,start       ] GC(797) Pause Young (Normal) (G1 Evacuation Pause)
[355.600s][info][gc,task        ] GC(797) Using 2 workers of 2 for evacuation
[355.606s][info][gc,phases      ] GC(797)   Pre Evacuate Collection Set: 0.57ms
[355.606s][info][gc,phases      ] GC(797)   Merge Heap Roots: 0.11ms
[355.606s][info][gc,phases      ] GC(797)   Evacuate Collection Set: 4.15ms
[355.606s][info][gc,phases      ] GC(797)   Post Evacuate Collection Set: 0.38ms
[355.606s][info][gc,phases      ] GC(797)   Other: 0.10ms
[355.606s][info][gc,heap        ] GC(797) Eden regions: 107->0(107)
[355.606s][info][gc,heap        ] GC(797) Survivor regions: 3->3(14)
[355.606s][info][gc,heap        ] GC(797) Old regions: 806->806
[355.606s][info][gc,heap        ] GC(797) Humongous regions: 9->9
[355.606s][info][gc,metaspace   ] GC(797) Metaspace: 18841K(18944K)->18841K(18944K) NonClass: 17012K(17088K)->17012K(17088K) Class: 1828K(1856K)->1828K(1856K)
[355.606s][info][gc             ] GC(797) Pause Young (Normal) (G1 Evacuation Pause) 923M->817M(978M) 5.570ms
[355.606s][info][gc,cpu         ] GC(797) User=0.01s Sys=0.00s Real=0.01s
[355.915s][info][gc,start       ] GC(798) Pause Young (Normal) (G1 Evacuation Pause)
[355.916s][info][gc,task        ] GC(798) Using 2 workers of 2 for evacuation
[355.921s][info][gc,phases      ] GC(798)   Pre Evacuate Collection Set: 0.55ms
[355.921s][info][gc,phases      ] GC(798)   Merge Heap Roots: 0.12ms
[355.921s][info][gc,phases      ] GC(798)   Evacuate Collection Set: 4.23ms
[355.921s][info][gc,phases      ] GC(798)   Post Evacuate Collection Set: 0.37ms
[355.921s][info][gc,phases      ] GC(798)   Other: 0.10ms
[355.921s][info][gc,heap        ] GC(798) Eden regions: 107->0(105)
[355.921s][info][gc,heap        ] GC(798) Survivor regions: 3->4(14)
[355.921s][info][gc,heap        ] GC(798) Old regions: 806->806
[355.921s][info][gc,heap        ] GC(798) Humongous regions: 9->9
[355.921s][info][gc,metaspace   ] GC(798) Metaspace: 18848K(19008K)->18848K(19008K) NonClass: 17019K(17152K)->17019K(17152K) Class: 1828K(1856K)->1828K(1856K)
[355.921s][info][gc             ] GC(798) Pause Young (Normal) (G1 Evacuation Pause) 924M->818M(978M) 5.592ms
[355.921s][info][gc,cpu         ] GC(798) User=0.01s Sys=0.00s Real=0.00s
[356.215s][info][gc,start       ] GC(799) Pause Young (Normal) (G1 Evacuation Pause)
[356.215s][info][gc,task        ] GC(799) Using 2 workers of 2 for evacuation
[356.220s][info][gc,phases      ] GC(799)   Pre Evacuate Collection Set: 0.31ms
[356.220s][info][gc,phases      ] GC(799)   Merge Heap Roots: 0.13ms
[356.220s][info][gc,phases      ] GC(799)   Evacuate Collection Set: 4.00ms
[356.220s][info][gc,phases      ] GC(799)   Post Evacuate Collection Set: 0.35ms
[356.220s][info][gc,phases      ] GC(799)   Other: 0.09ms
[356.220s][info][gc,heap        ] GC(799) Eden regions: 105->0(107)
[356.220s][info][gc,heap        ] GC(799) Survivor regions: 4->3(14)
[356.220s][info][gc,heap        ] GC(799) Old regions: 806->806
[356.220s][info][gc,heap        ] GC(799) Humongous regions: 9->9
[356.220s][info][gc,metaspace   ] GC(799) Metaspace: 18849K(19008K)->18849K(19008K) NonClass: 17020K(17152K)->17020K(17152K) Class: 1828K(1856K)->1828K(1856K)
[356.220s][info][gc             ] GC(799) Pause Young (Normal) (G1 Evacuation Pause) 923M->817M(978M) 5.114ms
[356.220s][info][gc,cpu         ] GC(799) User=0.01s Sys=0.00s Real=0.00s
[356.291s][info][gc,marking     ] GC(796) Concurrent Mark From Roots 1175.895ms
[356.291s][info][gc,marking     ] GC(796) Concurrent Preclean
[356.291s][info][gc,marking     ] GC(796) Concurrent Preclean 0.040ms
[356.291s][info][gc,start       ] GC(796) Pause Remark
[356.300s][info][gc             ] GC(796) Pause Remark 843M->610M(978M) 8.483ms
[356.300s][info][gc,cpu         ] GC(796) User=0.01s Sys=0.00s Real=0.01s
[356.300s][info][gc,marking     ] GC(796) Concurrent Mark 1184.725ms
[356.300s][info][gc,marking     ] GC(796) Concurrent Rebuild Remembered Sets and Scrub Regions
[356.479s][info][gc,start       ] GC(800) Pause Young (Normal) (G1 Evacuation Pause)
[356.479s][info][gc,task        ] GC(800) Using 2 workers of 2 for evacuation
[356.510s][info][gc,phases      ] GC(800)   Pre Evacuate Collection Set: 0.53ms
[356.510s][info][gc,phases      ] GC(800)   Merge Heap Roots: 0.17ms
[356.510s][info][gc,phases      ] GC(800)   Evacuate Collection Set: 29.77ms
[356.510s][info][gc,phases      ] GC(800)   Post Evacuate Collection Set: 0.52ms
[356.510s][info][gc,phases      ] GC(800)   Other: 0.11ms
[356.510s][info][gc,heap        ] GC(800) Eden regions: 107->0(305)
[356.510s][info][gc,heap        ] GC(800) Survivor regions: 3->14(14)
[356.510s][info][gc,heap        ] GC(800) Old regions: 577->590
[356.510s][info][gc,heap        ] GC(800) Humongous regions: 5->5
[356.510s][info][gc,metaspace   ] GC(800) Metaspace: 18852K(19008K)->18852K(19008K) NonClass: 17023K(17152K)->17023K(17152K) Class: 1828K(1856K)->1828K(1856K)
[356.510s][info][gc             ] GC(800) Pause Young (Normal) (G1 Evacuation Pause) 691M->608M(978M) 31.369ms
[356.510s][info][gc,cpu         ] GC(800) User=0.06s Sys=0.00s Real=0.03s
[356.988s][info][gc,marking     ] GC(796) Concurrent Rebuild Remembered Sets and Scrub Regions 687.904ms
[356.988s][info][gc,start       ] GC(796) Pause Cleanup
[356.988s][info][gc             ] GC(796) Pause Cleanup 908M->908M(978M) 0.139ms
[356.988s][info][gc,cpu         ] GC(796) User=0.01s Sys=0.00s Real=0.00s
[356.988s][info][gc,marking     ] GC(796) Concurrent Clear Claimed Marks
[356.988s][info][gc,marking     ] GC(796) Concurrent Clear Claimed Marks 0.032ms
[356.988s][info][gc,marking     ] GC(796) Concurrent Cleanup for Next Mark
[356.991s][info][gc,marking     ] GC(796) Concurrent Cleanup for Next Mark 3.106ms
[356.991s][info][gc             ] GC(796) Concurrent Mark Cycle 1879.654ms
[357.006s][info][gc,start       ] GC(801) Pause Young (Prepare Mixed) (G1 Evacuation Pause)
[357.007s][info][gc,task        ] GC(801) Using 2 workers of 2 for evacuation
[357.170s][info][gc,phases      ] GC(801)   Pre Evacuate Collection Set: 0.53ms
[357.170s][info][gc,phases      ] GC(801)   Merge Heap Roots: 0.34ms
[357.170s][info][gc,phases      ] GC(801)   Evacuate Collection Set: 138.49ms
[357.170s][info][gc,phases      ] GC(801)   Post Evacuate Collection Set: 24.41ms
[357.170s][info][gc,phases      ] GC(801)   Other: 0.09ms
[357.170s][info][gc,heap        ] GC(801) Eden regions: 305->0(0)
[357.171s][info][gc,heap        ] GC(801) Survivor regions: 14->40(40)
[357.171s][info][gc,heap        ] GC(801) Old regions: 590->914
[357.171s][info][gc,heap        ] GC(801) Humongous regions: 5->5
[357.171s][info][gc,metaspace   ] GC(801) Metaspace: 18859K(19008K)->18859K(19008K) NonClass: 17030K(17152K)->17030K(17152K) Class: 1829K(1856K)->1829K(1856K)
[357.171s][info][gc             ] GC(801) Pause Young (Prepare Mixed) (G1 Evacuation Pause) (Evacuation Failure: Allocation) 913M->958M(978M) 164.108ms
[357.171s][info][gc,cpu         ] GC(801) User=0.32s Sys=0.00s Real=0.16s
[357.171s][info][gc,ergo        ] Attempting full compaction
[357.171s][info][gc,start       ] GC(802) Pause Full (G1 Compaction Pause)
[357.171s][info][gc,task        ] GC(802) Using 2 workers of 2 for full compaction
[357.171s][info][gc,phases,start] GC(802) Phase 1: Mark live objects
[357.287s][info][metaspace      ] ChkMgr @0x00007f9cbc15e5a0 (non-class-space): : reclaiming memory...
[357.287s][info][metaspace      ] ChkMgr @0x00007f9cbc15e5a0 (non-class-space): nothing reclaimed.
[357.287s][info][metaspace      ] ChkMgr @0x00007f9cbc15c6b0 (class-space): : reclaiming memory...
[357.287s][info][metaspace      ] ChkMgr @0x00007f9cbc15c6b0 (class-space): nothing reclaimed.
[357.287s][info][gc,phases      ] GC(802) Phase 1: Mark live objects 116.708ms
[357.287s][info][gc,phases,start] GC(802) Phase 2: Prepare compaction
[357.306s][info][gc,phases      ] GC(802) Phase 2: Prepare compaction 18.693ms
[357.306s][info][gc,phases,start] GC(802) Phase 3: Adjust pointers
[357.360s][info][gc,phases      ] GC(802) Phase 3: Adjust pointers 54.205ms
[357.361s][info][gc,phases,start] GC(802) Phase 4: Compact heap
[357.382s][info][gc,phases      ] GC(802) Phase 4: Compact heap 21.733ms
[357.382s][info][gc,phases,start] GC(802) Phase 5: Reset Metadata
[357.400s][info][gc,phases      ] GC(802) Phase 5: Reset Metadata 17.257ms
[357.409s][info][gc,heap        ] GC(802) Eden regions: 0->0(253)
[357.409s][info][gc,heap        ] GC(802) Survivor regions: 40->0(40)
[357.409s][info][gc,heap        ] GC(802) Old regions: 914->141
[357.409s][info][gc,heap        ] GC(802) Humongous regions: 5->0
[357.409s][info][gc,metaspace   ] GC(802) Metaspace: 18859K(19008K)->18843K(19008K) NonClass: 17030K(17152K)->17014K(17152K) Class: 1829K(1856K)->1829K(1856K)
[357.409s][info][gc             ] GC(802) Pause Full (G1 Compaction Pause) 958M->139M(470M) 238.420ms
[357.409s][info][gc,cpu         ] GC(802) User=0.46s Sys=0.00s Real=0.24s
[357.659s][info][gc,start       ] GC(803) Pause Young (Concurrent Start) (G1 Humongous Allocation)
[357.659s][info][gc,task        ] GC(803) Using 2 workers of 2 for evacuation
[357.734s][info][gc,phases      ] GC(803)   Pre Evacuate Collection Set: 0.28ms
[357.734s][info][gc,phases      ] GC(803)   Merge Heap Roots: 0.78ms
[357.734s][info][gc,phases      ] GC(803)   Evacuate Collection Set: 73.42ms
[357.734s][info][gc,phases      ] GC(803)   Post Evacuate Collection Set: 0.56ms
[357.734s][info][gc,phases      ] GC(803)   Other: 0.20ms
[357.734s][info][gc,heap        ] GC(803) Eden regions: 121->0(186)
[357.734s][info][gc,heap        ] GC(803) Survivor regions: 0->32(32)
[357.734s][info][gc,heap        ] GC(803) Old regions: 141->157
[357.734s][info][gc,heap        ] GC(803) Humongous regions: 0->0
[357.734s][info][gc,metaspace   ] GC(803) Metaspace: 18843K(19008K)->18843K(19008K) NonClass: 17014K(17152K)->17014K(17152K) Class: 1829K(1856K)->1829K(1856K)
[357.734s][info][gc             ] GC(803) Pause Young (Concurrent Start) (G1 Humongous Allocation) 260M->187M(470M) 75.492ms
[357.735s][info][gc,cpu         ] GC(803) User=0.15s Sys=0.00s Real=0.08s
[357.735s][info][gc             ] GC(804) Concurrent Mark Cycle
[357.735s][info][gc,marking     ] GC(804) Concurrent Scan Root Regions
[357.770s][info][gc,marking     ] GC(804) Concurrent Scan Root Regions 35.626ms
[357.770s][info][gc,marking     ] GC(804) Concurrent Mark
[357.770s][info][gc,marking     ] GC(804) Concurrent Mark From Roots
[357.770s][info][gc,task        ] GC(804) Using 1 workers of 1 for marking
[358.144s][info][gc,start       ] GC(805) Pause Young (Normal) (G1 Evacuation Pause)
[358.144s][info][gc,task        ] GC(805) Using 2 workers of 2 for evacuation
[358.246s][info][gc,phases      ] GC(805)   Pre Evacuate Collection Set: 0.24ms
[358.246s][info][gc,phases      ] GC(805)   Merge Heap Roots: 0.58ms
[358.246s][info][gc,phases      ] GC(805)   Evacuate Collection Set: 100.09ms
[358.246s][info][gc,phases      ] GC(805)   Post Evacuate Collection Set: 0.64ms
[358.246s][info][gc,phases      ] GC(805)   Other: 0.11ms
[358.246s][info][gc,heap        ] GC(805) Eden regions: 186->0(160)
[358.246s][info][gc,heap        ] GC(805) Survivor regions: 32->28(28)
[358.246s][info][gc,heap        ] GC(805) Old regions: 157->192
[358.246s][info][gc,heap        ] GC(805) Humongous regions: 4->4
[358.246s][info][gc,metaspace   ] GC(805) Metaspace: 18849K(19008K)->18849K(19008K) NonClass: 17020K(17152K)->17020K(17152K) Class: 1829K(1856K)->1829K(1856K)
[358.246s][info][gc             ] GC(805) Pause Young (Normal) (G1 Evacuation Pause) 377M->222M(470M) 101.901ms
[358.246s][info][gc,cpu         ] GC(805) User=0.20s Sys=0.00s Real=0.10s
[358.402s][info][gc,marking     ] GC(804) Concurrent Mark From Roots 631.605ms
[358.402s][info][gc,marking     ] GC(804) Concurrent Preclean
[358.402s][info][gc,marking     ] GC(804) Concurrent Preclean 0.044ms
[358.402s][info][gc,start       ] GC(804) Pause Remark
[358.411s][info][gc             ] GC(804) Pause Remark 357M->357M(470M) 8.746ms
[358.411s][info][gc,cpu         ] GC(804) User=0.01s Sys=0.00s Real=0.01s
[358.412s][info][gc,marking     ] GC(804) Concurrent Mark 641.469ms
[358.412s][info][gc,marking     ] GC(804) Concurrent Rebuild Remembered Sets and Scrub Regions
[358.438s][info][gc,start       ] GC(806) Pause Young (Normal) (G1 Evacuation Pause)
[358.438s][info][gc,task        ] GC(806) Using 2 workers of 2 for evacuation
[358.510s][info][gc,phases      ] GC(806)   Pre Evacuate Collection Set: 0.23ms
[358.510s][info][gc,phases      ] GC(806)   Merge Heap Roots: 0.45ms
[358.510s][info][gc,phases      ] GC(806)   Evacuate Collection Set: 70.83ms
[358.510s][info][gc,phases      ] GC(806)   Post Evacuate Collection Set: 0.44ms
[358.510s][info][gc,phases      ] GC(806)   Other: 0.10ms
[358.510s][info][gc,heap        ] GC(806) Eden regions: 160->0(155)
[358.510s][info][gc,heap        ] GC(806) Survivor regions: 28->14(24)
[358.510s][info][gc,heap        ] GC(806) Old regions: 192->221
[358.510s][info][gc,heap        ] GC(806) Humongous regions: 4->4
[358.510s][info][gc,metaspace   ] GC(806) Metaspace: 18849K(19008K)->18849K(19008K) NonClass: 17020K(17152K)->17020K(17152K) Class: 1829K(1856K)->1829K(1856K)
[358.510s][info][gc             ] GC(806) Pause Young (Normal) (G1 Evacuation Pause) 382M->237M(470M) 72.314ms
[358.510s][info][gc,cpu         ] GC(806) User=0.14s Sys=0.00s Real=0.07s
[358.686s][info][gc,marking     ] GC(804) Concurrent Rebuild Remembered Sets and Scrub Regions 273.925ms
[358.686s][info][gc,start       ] GC(804) Pause Cleanup
[358.686s][info][gc             ] GC(804) Pause Cleanup 321M->321M(470M) 0.091ms
[358.686s][info][gc,cpu         ] GC(804) User=0.00s Sys=0.00s Real=0.00s
[358.686s][info][gc,marking     ] GC(804) Concurrent Clear Claimed Marks
[358.686s][info][gc,marking     ] GC(804) Concurrent Clear Claimed Marks 0.038ms
[358.686s][info][gc,marking     ] GC(804) Concurrent Cleanup for Next Mark
[358.688s][info][gc,marking     ] GC(804) Concurrent Cleanup for Next Mark 1.425ms
[358.688s][info][gc             ] GC(804) Concurrent Mark Cycle 953.072ms
[358.741s][info][gc,start       ] GC(807) Pause Young (Prepare Mixed) (G1 Evacuation Pause)
[358.742s][info][gc,task        ] GC(807) Using 2 workers of 2 for evacuation
[358.773s][info][gc,phases      ] GC(807)   Pre Evacuate Collection Set: 0.25ms
[358.773s][info][gc,phases      ] GC(807)   Merge Heap Roots: 0.14ms
[358.773s][info][gc,phases      ] GC(807)   Evacuate Collection Set: 30.39ms
[358.773s][info][gc,phases      ] GC(807)   Post Evacuate Collection Set: 0.48ms
[358.773s][info][gc,phases      ] GC(807)   Other: 0.14ms
[358.773s][info][gc,heap        ] GC(807) Eden regions: 155->0(154)
[358.773s][info][gc,heap        ] GC(807) Survivor regions: 14->11(22)
[358.773s][info][gc,heap        ] GC(807) Old regions: 221->235
[358.773s][info][gc,heap        ] GC(807) Humongous regions: 4->4
[358.773s][info][gc,metaspace   ] GC(807) Metaspace: 18849K(19008K)->18849K(19008K) NonClass: 17020K(17152K)->17020K(17152K) Class: 1829K(1856K)->1829K(1856K)
[358.773s][info][gc             ] GC(807) Pause Young (Prepare Mixed) (G1 Evacuation Pause) 392M->248M(470M) 31.647ms
[358.773s][info][gc,cpu         ] GC(807) User=0.06s Sys=0.00s Real=0.03s
[358.950s][info][gc,start       ] GC(808) Pause Young (Mixed) (G1 Evacuation Pause)
[358.950s][info][gc,task        ] GC(808) Using 2 workers of 2 for evacuation
[358.968s][info][gc,phases      ] GC(808)   Pre Evacuate Collection Set: 0.26ms
[358.968s][info][gc,phases      ] GC(808)   Merge Heap Roots: 0.17ms
[358.968s][info][gc,phases      ] GC(808)   Evacuate Collection Set: 17.04ms
[358.968s][info][gc,phases      ] GC(808)   Post Evacuate Collection Set: 0.42ms
[358.968s][info][gc,phases      ] GC(808)   Other: 0.12ms
[358.968s][info][gc,heap        ] GC(808) Eden regions: 154->0(165)
[358.968s][info][gc,heap        ] GC(808) Survivor regions: 11->1(21)
[358.968s][info][gc,heap        ] GC(808) Old regions: 235->245
[358.968s][info][gc,heap        ] GC(808) Humongous regions: 4->4
[358.968s][info][gc,metaspace   ] GC(808) Metaspace: 18849K(19008K)->18849K(19008K) NonClass: 17020K(17152K)->17020K(17152K) Class: 1829K(1856K)->1829K(1856K)
[358.968s][info][gc             ] GC(808) Pause Young (Mixed) (G1 Evacuation Pause) 402M->249M(470M) 18.238ms
[358.968s][info][gc,cpu         ] GC(808) User=0.03s Sys=0.00s Real=0.02s
[359.131s][info][gc,start       ] GC(809) Pause Young (Concurrent Start) (G1 Evacuation Pause)
[359.131s][info][gc,task        ] GC(809) Using 2 workers of 2 for evacuation
[359.167s][info][gc,phases      ] GC(809)   Pre Evacuate Collection Set: 0.28ms
[359.167s][info][gc,phases      ] GC(809)   Merge Heap Roots: 0.19ms
[359.167s][info][gc,phases      ] GC(809)   Evacuate Collection Set: 33.00ms
[359.167s][info][gc,phases      ] GC(809)   Post Evacuate Collection Set: 1.95ms
[359.167s][info][gc,phases      ] GC(809)   Other: 0.18ms
[359.167s][info][gc,heap        ] GC(809) Eden regions: 165->0(281)
[359.167s][info][gc,heap        ] GC(809) Survivor regions: 1->21(21)
[359.167s][info][gc,heap        ] GC(809) Old regions: 245->249
[359.167s][info][gc,heap        ] GC(809) Humongous regions: 4->4
[359.167s][info][gc,metaspace   ] GC(809) Metaspace: 18849K(19008K)->18849K(19008K) NonClass: 17020K(17152K)->17020K(17152K) Class: 1829K(1856K)->1829K(1856K)
[359.167s][info][gc             ] GC(809) Pause Young (Concurrent Start) (G1 Evacuation Pause) 414M->273M(653M) 35.868ms
[359.167s][info][gc,cpu         ] GC(809) User=0.07s Sys=0.00s Real=0.04s
[359.167s][info][gc             ] GC(810) Concurrent Mark Cycle
[359.167s][info][gc,marking     ] GC(810) Concurrent Scan Root Regions
[359.223s][info][gc,marking     ] GC(810) Concurrent Scan Root Regions 56.114ms
[359.223s][info][gc,marking     ] GC(810) Concurrent Mark
[359.223s][info][gc,marking     ] GC(810) Concurrent Mark From Roots
[359.223s][info][gc,task        ] GC(810) Using 1 workers of 1 for marking
[359.807s][info][gc,start       ] GC(811) Pause Young (Normal) (G1 Evacuation Pause)
[359.807s][info][gc,task        ] GC(811) Using 2 workers of 2 for evacuation
[359.914s][info][gc,phases      ] GC(811)   Pre Evacuate Collection Set: 0.42ms
[359.914s][info][gc,phases      ] GC(811)   Merge Heap Roots: 0.21ms
[359.914s][info][gc,phases      ] GC(811)   Evacuate Collection Set: 104.96ms
[359.914s][info][gc,phases      ] GC(811)   Post Evacuate Collection Set: 0.60ms
[359.914s][info][gc,phases      ] GC(811)   Other: 0.09ms
[359.914s][info][gc,heap        ] GC(811) Eden regions: 281->0(227)
[359.914s][info][gc,heap        ] GC(811) Survivor regions: 21->38(38)
[359.914s][info][gc,heap        ] GC(811) Old regions: 249->282
[359.914s][info][gc,heap        ] GC(811) Humongous regions: 5->5
[359.914s][info][gc,metaspace   ] GC(811) Metaspace: 18849K(19008K)->18849K(19008K) NonClass: 17020K(17152K)->17020K(17152K) Class: 1829K(1856K)->1829K(1856K)
[359.914s][info][gc             ] GC(811) Pause Young (Normal) (G1 Evacuation Pause) 555M->324M(653M) 106.573ms
[359.914s][info][gc,cpu         ] GC(811) User=0.21s Sys=0.00s Real=0.10s
[360.172s][info][gc,start       ] GC(812) Pause Young (Normal) (G1 Evacuation Pause)
[360.172s][info][gc,task        ] GC(812) Using 2 workers of 2 for evacuation
[360.226s][info][gc,phases      ] GC(812)   Pre Evacuate Collection Set: 0.29ms
[360.226s][info][gc,phases      ] GC(812)   Merge Heap Roots: 0.26ms
[360.226s][info][gc,phases      ] GC(812)   Evacuate Collection Set: 52.28ms
[360.226s][info][gc,phases      ] GC(812)   Post Evacuate Collection Set: 0.51ms
[360.226s][info][gc,phases      ] GC(812)   Other: 0.08ms
[360.226s][info][gc,heap        ] GC(812) Eden regions: 227->0(234)
[360.226s][info][gc,heap        ] GC(812) Survivor regions: 38->8(34)
[360.226s][info][gc,heap        ] GC(812) Old regions: 282->321
[360.226s][info][gc,heap        ] GC(812) Humongous regions: 5->5
[360.226s][info][gc,metaspace   ] GC(812) Metaspace: 18857K(19008K)->18857K(19008K) NonClass: 17028K(17152K)->17028K(17152K) Class: 1829K(1856K)->1829K(1856K)
[360.226s][info][gc             ] GC(812) Pause Young (Normal) (G1 Evacuation Pause) 551M->333M(653M) 53.723ms
[360.226s][info][gc,cpu         ] GC(812) User=0.11s Sys=0.01s Real=0.06s
[360.323s][info][gc,marking     ] GC(810) Concurrent Mark From Roots 1099.537ms
[360.323s][info][gc,marking     ] GC(810) Concurrent Preclean
[360.323s][info][gc,marking     ] GC(810) Concurrent Preclean 0.045ms
[360.323s][info][gc,start       ] GC(810) Pause Remark
[360.332s][info][gc             ] GC(810) Pause Remark 432M->427M(653M) 8.520ms
[360.332s][info][gc,cpu         ] GC(810) User=0.02s Sys=0.00s Real=0.01s
[360.332s][info][gc,marking     ] GC(810) Concurrent Mark 1108.448ms
[360.332s][info][gc,marking     ] GC(810) Concurrent Rebuild Remembered Sets and Scrub Regions
[360.670s][info][gc,marking     ] GC(810) Concurrent Rebuild Remembered Sets and Scrub Regions 337.772ms
[360.670s][info][gc,start       ] GC(810) Pause Cleanup
[360.670s][info][gc             ] GC(810) Pause Cleanup 539M->539M(653M) 0.097ms
[360.670s][info][gc,cpu         ] GC(810) User=0.00s Sys=0.00s Real=0.00s
[360.670s][info][gc,marking     ] GC(810) Concurrent Clear Claimed Marks
[360.670s][info][gc,marking     ] GC(810) Concurrent Clear Claimed Marks 0.031ms
[360.670s][info][gc,marking     ] GC(810) Concurrent Cleanup for Next Mark
[360.674s][info][gc,marking     ] GC(810) Concurrent Cleanup for Next Mark 4.242ms
[360.674s][info][gc             ] GC(810) Concurrent Mark Cycle 1507.178ms
[360.768s][info][gc,start       ] GC(813) Pause Young (Prepare Mixed) (G1 Evacuation Pause)
[360.768s][info][gc,task        ] GC(813) Using 2 workers of 2 for evacuation
[360.786s][info][gc,phases      ] GC(813)   Pre Evacuate Collection Set: 0.30ms
[360.786s][info][gc,phases      ] GC(813)   Merge Heap Roots: 0.24ms
[360.786s][info][gc,phases      ] GC(813)   Evacuate Collection Set: 17.52ms
[360.786s][info][gc,phases      ] GC(813)   Post Evacuate Collection Set: 0.57ms
[360.786s][info][gc,phases      ] GC(813)   Other: 0.12ms
[360.786s][info][gc,heap        ] GC(813) Eden regions: 234->0(245)
[360.786s][info][gc,heap        ] GC(813) Survivor regions: 8->13(31)
[360.786s][info][gc,heap        ] GC(813) Old regions: 317->317
[360.787s][info][gc,heap        ] GC(813) Humongous regions: 4->4
[360.787s][info][gc,metaspace   ] GC(813) Metaspace: 18857K(19008K)->18857K(19008K) NonClass: 17028K(17152K)->17028K(17152K) Class: 1829K(1856K)->1829K(1856K)
[360.787s][info][gc             ] GC(813) Pause Young (Prepare Mixed) (G1 Evacuation Pause) 562M->332M(653M) 19.002ms
[360.787s][info][gc,cpu         ] GC(813) User=0.04s Sys=0.00s Real=0.02s
[361.278s][info][gc,start       ] GC(814) Pause Young (Mixed) (G1 Evacuation Pause)
[361.278s][info][gc,task        ] GC(814) Using 2 workers of 2 for evacuation
[361.343s][info][gc,phases      ] GC(814)   Pre Evacuate Collection Set: 0.29ms
[361.343s][info][gc,phases      ] GC(814)   Merge Heap Roots: 0.23ms
[361.343s][info][gc,phases      ] GC(814)   Evacuate Collection Set: 63.76ms
[361.343s][info][gc,phases      ] GC(814)   Post Evacuate Collection Set: 0.74ms
[361.343s][info][gc,phases      ] GC(814)   Other: 0.11ms
[361.343s][info][gc,heap        ] GC(814) Eden regions: 245->0(194)
[361.343s][info][gc,heap        ] GC(814) Survivor regions: 13->33(33)
[361.343s][info][gc,heap        ] GC(814) Old regions: 317->334
[361.343s][info][gc,heap        ] GC(814) Humongous regions: 4->4
[361.343s][info][gc,metaspace   ] GC(814) Metaspace: 18857K(19008K)->18857K(19008K) NonClass: 17028K(17152K)->17028K(17152K) Class: 1829K(1856K)->1829K(1856K)
[361.343s][info][gc             ] GC(814) Pause Young (Mixed) (G1 Evacuation Pause) 577M->370M(653M) 65.383ms
[361.343s][info][gc,cpu         ] GC(814) User=0.13s Sys=0.00s Real=0.06s
[361.521s][info][gc,start       ] GC(815) Pause Young (Concurrent Start) (G1 Humongous Allocation)
[361.521s][info][gc,task        ] GC(815) Using 2 workers of 2 for evacuation
[361.605s][info][gc,phases      ] GC(815)   Pre Evacuate Collection Set: 0.29ms
[361.605s][info][gc,phases      ] GC(815)   Merge Heap Roots: 0.28ms
[361.605s][info][gc,phases      ] GC(815)   Evacuate Collection Set: 82.30ms
[361.605s][info][gc,phases      ] GC(815)   Post Evacuate Collection Set: 1.07ms
[361.605s][info][gc,phases      ] GC(815)   Other: 0.13ms
[361.605s][info][gc,heap        ] GC(815) Eden regions: 134->0(191)
[361.605s][info][gc,heap        ] GC(815) Survivor regions: 33->29(29)
[361.605s][info][gc,heap        ] GC(815) Old regions: 334->372
[361.605s][info][gc,heap        ] GC(815) Humongous regions: 4->4
[361.605s][info][gc,metaspace   ] GC(815) Metaspace: 18857K(19008K)->18857K(19008K) NonClass: 17028K(17152K)->17028K(17152K) Class: 1829K(1856K)->1829K(1856K)
[361.605s][info][gc             ] GC(815) Pause Young (Concurrent Start) (G1 Humongous Allocation) 504M->404M(715M) 84.360ms
[361.605s][info][gc,cpu         ] GC(815) User=0.16s Sys=0.00s Real=0.09s
[361.605s][info][gc             ] GC(816) Concurrent Mark Cycle
[361.605s][info][gc,marking     ] GC(816) Concurrent Scan Root Regions
[361.718s][info][gc,marking     ] GC(816) Concurrent Scan Root Regions 112.988ms
[361.718s][info][gc,marking     ] GC(816) Concurrent Mark
[361.718s][info][gc,marking     ] GC(816) Concurrent Mark From Roots
[361.718s][info][gc,task        ] GC(816) Using 1 workers of 1 for marking
[362.053s][info][gc,start       ] GC(817) Pause Young (Normal) (G1 Evacuation Pause)
[362.053s][info][gc,task        ] GC(817) Using 2 workers of 2 for evacuation
[362.102s][info][gc,phases      ] GC(817)   Pre Evacuate Collection Set: 0.29ms
[362.102s][info][gc,phases      ] GC(817)   Merge Heap Roots: 0.27ms
[362.102s][info][gc,phases      ] GC(817)   Evacuate Collection Set: 47.41ms
[362.102s][info][gc,phases      ] GC(817)   Post Evacuate Collection Set: 0.49ms
[362.102s][info][gc,phases      ] GC(817)   Other: 0.10ms
[362.102s][info][gc,heap        ] GC(817) Eden regions: 191->0(197)
[362.102s][info][gc,heap        ] GC(817) Survivor regions: 29->10(28)
[362.102s][info][gc,heap        ] GC(817) Old regions: 372->401
[362.102s][info][gc,heap        ] GC(817) Humongous regions: 5->5
[362.102s][info][gc,metaspace   ] GC(817) Metaspace: 18857K(19008K)->18857K(19008K) NonClass: 17028K(17152K)->17028K(17152K) Class: 1829K(1856K)->1829K(1856K)
[362.102s][info][gc             ] GC(817) Pause Young (Normal) (G1 Evacuation Pause) 596M->415M(715M) 48.858ms
[362.102s][info][gc,cpu         ] GC(817) User=0.09s Sys=0.00s Real=0.05s
[362.456s][info][gc,marking     ] GC(816) Concurrent Mark From Roots 737.943ms
[362.456s][info][gc,marking     ] GC(816) Concurrent Preclean
[362.457s][info][gc,marking     ] GC(816) Concurrent Preclean 0.045ms
[362.457s][info][gc,start       ] GC(816) Pause Remark
[362.465s][info][gc             ] GC(816) Pause Remark 578M->539M(715M) 8.713ms
[362.465s][info][gc,cpu         ] GC(816) User=0.02s Sys=0.00s Real=0.01s
[362.465s][info][gc,marking     ] GC(816) Concurrent Mark 747.045ms
[362.466s][info][gc,marking     ] GC(816) Concurrent Rebuild Remembered Sets and Scrub Regions
[362.640s][info][gc,start       ] GC(818) Pause Young (Normal) (G1 Evacuation Pause)
[362.640s][info][gc,task        ] GC(818) Using 2 workers of 2 for evacuation
[362.658s][info][gc,phases      ] GC(818)   Pre Evacuate Collection Set: 0.26ms
[362.659s][info][gc,phases      ] GC(818)   Merge Heap Roots: 0.20ms
[362.659s][info][gc,phases      ] GC(818)   Evacuate Collection Set: 17.70ms
[362.659s][info][gc,phases      ] GC(818)   Post Evacuate Collection Set: 0.47ms
[362.659s][info][gc,phases      ] GC(818)   Other: 0.09ms
[362.659s][info][gc,heap        ] GC(818) Eden regions: 197->0(233)
[362.659s][info][gc,heap        ] GC(818) Survivor regions: 10->12(26)
[362.659s][info][gc,heap        ] GC(818) Old regions: 363->363
[362.659s][info][gc,heap        ] GC(818) Humongous regions: 4->4
[362.659s][info][gc,metaspace   ] GC(818) Metaspace: 18857K(19008K)->18857K(19008K) NonClass: 17028K(17152K)->17028K(17152K) Class: 1829K(1856K)->1829K(1856K)
[362.659s][info][gc             ] GC(818) Pause Young (Normal) (G1 Evacuation Pause) 573M->377M(715M) 18.972ms
[362.659s][info][gc,cpu         ] GC(818) User=0.04s Sys=0.00s Real=0.02s
[362.858s][info][gc,marking     ] GC(816) Concurrent Rebuild Remembered Sets and Scrub Regions 392.884ms
[362.859s][info][gc,start       ] GC(816) Pause Cleanup
[362.859s][info][gc             ] GC(816) Pause Cleanup 429M->429M(715M) 0.095ms
[362.859s][info][gc,cpu         ] GC(816) User=0.00s Sys=0.00s Real=0.00s
[362.859s][info][gc,marking     ] GC(816) Concurrent Clear Claimed Marks
[362.859s][info][gc,marking     ] GC(816) Concurrent Clear Claimed Marks 0.032ms
[362.859s][info][gc,marking     ] GC(816) Concurrent Cleanup for Next Mark
[362.862s][info][gc,marking     ] GC(816) Concurrent Cleanup for Next Mark 2.920ms
[362.862s][info][gc             ] GC(816) Concurrent Mark Cycle 1256.409ms
[363.077s][info][gc,start       ] GC(819) Pause Young (Prepare Mixed) (G1 Evacuation Pause)
[363.077s][info][gc,task        ] GC(819) Using 2 workers of 2 for evacuation
[363.204s][info][gc,phases      ] GC(819)   Pre Evacuate Collection Set: 0.29ms
[363.204s][info][gc,phases      ] GC(819)   Merge Heap Roots: 0.33ms
[363.204s][info][gc,phases      ] GC(819)   Evacuate Collection Set: 125.60ms
[363.204s][info][gc,phases      ] GC(819)   Post Evacuate Collection Set: 0.59ms
[363.204s][info][gc,phases      ] GC(819)   Other: 0.09ms
[363.204s][info][gc,heap        ] GC(819) Eden regions: 233->0(127)
[363.204s][info][gc,heap        ] GC(819) Survivor regions: 12->31(31)
[363.204s][info][gc,heap        ] GC(819) Old regions: 363->437
[363.204s][info][gc,heap        ] GC(819) Humongous regions: 4->4
[363.204s][info][gc,metaspace   ] GC(819) Metaspace: 18857K(19008K)->18857K(19008K) NonClass: 17028K(17152K)->17028K(17152K) Class: 1829K(1856K)->1829K(1856K)
[363.204s][info][gc             ] GC(819) Pause Young (Prepare Mixed) (G1 Evacuation Pause) 610M->471M(717M) 127.176ms
[363.204s][info][gc,cpu         ] GC(819) User=0.25s Sys=0.00s Real=0.12s
[363.399s][info][gc,start       ] GC(820) Pause Young (Mixed) (G1 Evacuation Pause)
[363.399s][info][gc,task        ] GC(820) Using 2 workers of 2 for evacuation
[363.483s][info][gc,phases      ] GC(820)   Pre Evacuate Collection Set: 0.28ms
[363.483s][info][gc,phases      ] GC(820)   Merge Heap Roots: 0.26ms
[363.483s][info][gc,phases      ] GC(820)   Evacuate Collection Set: 83.40ms
[363.483s][info][gc,phases      ] GC(820)   Post Evacuate Collection Set: 0.54ms
[363.483s][info][gc,phases      ] GC(820)   Other: 0.08ms
[363.483s][info][gc,heap        ] GC(820) Eden regions: 127->0(110)
[363.483s][info][gc,heap        ] GC(820) Survivor regions: 31->20(20)
[363.483s][info][gc,heap        ] GC(820) Old regions: 437->474
[363.483s][info][gc,heap        ] GC(820) Humongous regions: 4->4
[363.484s][info][gc,metaspace   ] GC(820) Metaspace: 18858K(19008K)->18858K(19008K) NonClass: 17028K(17152K)->17028K(17152K) Class: 1829K(1856K)->1829K(1856K)
[363.484s][info][gc             ] GC(820) Pause Young (Mixed) (G1 Evacuation Pause) 598M->497M(717M) 84.795ms
[363.484s][info][gc,cpu         ] GC(820) User=0.17s Sys=0.00s Real=0.08s
[363.571s][info][gc,start       ] GC(821) Pause Young (Concurrent Start) (G1 Evacuation Pause)
[363.571s][info][gc,task        ] GC(821) Using 2 workers of 2 for evacuation
[363.636s][info][gc,phases      ] GC(821)   Pre Evacuate Collection Set: 0.31ms
[363.636s][info][gc,phases      ] GC(821)   Merge Heap Roots: 0.17ms
[363.636s][info][gc,phases      ] GC(821)   Evacuate Collection Set: 63.31ms
[363.636s][info][gc,phases      ] GC(821)   Post Evacuate Collection Set: 0.59ms
[363.636s][info][gc,phases      ] GC(821)   Other: 0.13ms
[363.636s][info][gc,heap        ] GC(821) Eden regions: 110->0(89)
[363.636s][info][gc,heap        ] GC(821) Survivor regions: 20->17(17)
[363.636s][info][gc,heap        ] GC(821) Old regions: 474->515
[363.636s][info][gc,heap        ] GC(821) Humongous regions: 4->4
[363.636s][info][gc,metaspace   ] GC(821) Metaspace: 18858K(19008K)->18858K(19008K) NonClass: 17028K(17152K)->17028K(17152K) Class: 1829K(1856K)->1829K(1856K)
[363.636s][info][gc             ] GC(821) Pause Young (Concurrent Start) (G1 Evacuation Pause) 607M->535M(717M) 64.743ms
[363.636s][info][gc,cpu         ] GC(821) User=0.13s Sys=0.00s Real=0.07s
[363.636s][info][gc             ] GC(822) Concurrent Mark Cycle
[363.636s][info][gc,marking     ] GC(822) Concurrent Scan Root Regions
[363.715s][info][gc,marking     ] GC(822) Concurrent Scan Root Regions 79.289ms
[363.715s][info][gc,marking     ] GC(822) Concurrent Mark
[363.715s][info][gc,marking     ] GC(822) Concurrent Mark From Roots
[363.715s][info][gc,task        ] GC(822) Using 1 workers of 1 for marking
[363.816s][info][gc,start       ] GC(823) Pause Young (Normal) (G1 Evacuation Pause)
[363.816s][info][gc,task        ] GC(823) Using 2 workers of 2 for evacuation
[363.861s][info][gc,phases      ] GC(823)   Pre Evacuate Collection Set: 0.43ms
[363.861s][info][gc,phases      ] GC(823)   Merge Heap Roots: 0.38ms
[363.861s][info][gc,phases      ] GC(823)   Evacuate Collection Set: 42.93ms
[363.861s][info][gc,phases      ] GC(823)   Post Evacuate Collection Set: 1.39ms
[363.861s][info][gc,phases      ] GC(823)   Other: 0.10ms
[363.861s][info][gc,heap        ] GC(823) Eden regions: 89->0(149)
[363.861s][info][gc,heap        ] GC(823) Survivor regions: 17->12(14)
[363.861s][info][gc,heap        ] GC(823) Old regions: 515->533
[363.861s][info][gc,heap        ] GC(823) Humongous regions: 5->5
[363.861s][info][gc,metaspace   ] GC(823) Metaspace: 18858K(19008K)->18858K(19008K) NonClass: 17028K(17152K)->17028K(17152K) Class: 1829K(1856K)->1829K(1856K)
[363.861s][info][gc             ] GC(823) Pause Young (Normal) (G1 Evacuation Pause) 625M->548M(822M) 45.528ms
[363.861s][info][gc,cpu         ] GC(823) User=0.08s Sys=0.00s Real=0.04s
[364.157s][info][gc,start       ] GC(824) Pause Young (Normal) (G1 Evacuation Pause)
[364.157s][info][gc,task        ] GC(824) Using 2 workers of 2 for evacuation
[364.198s][info][gc,phases      ] GC(824)   Pre Evacuate Collection Set: 0.48ms
[364.198s][info][gc,phases      ] GC(824)   Merge Heap Roots: 0.40ms
[364.198s][info][gc,phases      ] GC(824)   Evacuate Collection Set: 39.26ms
[364.198s][info][gc,phases      ] GC(824)   Post Evacuate Collection Set: 0.40ms
[364.198s][info][gc,phases      ] GC(824)   Other: 0.09ms
[364.198s][info][gc,heap        ] GC(824) Eden regions: 149->0(155)
[364.198s][info][gc,heap        ] GC(824) Survivor regions: 12->12(21)
[364.198s][info][gc,heap        ] GC(824) Old regions: 533->544
[364.198s][info][gc,heap        ] GC(824) Humongous regions: 5->5
[364.198s][info][gc,metaspace   ] GC(824) Metaspace: 18858K(19008K)->18858K(19008K) NonClass: 17028K(17152K)->17028K(17152K) Class: 1829K(1856K)->1829K(1856K)
[364.198s][info][gc             ] GC(824) Pause Young (Normal) (G1 Evacuation Pause) 697M->560M(822M) 40.915ms
[364.198s][info][gc,cpu         ] GC(824) User=0.08s Sys=0.00s Real=0.04s
[364.401s][info][gc,start       ] GC(825) Pause Young (Normal) (G1 Evacuation Pause)
[364.401s][info][gc,task        ] GC(825) Using 2 workers of 2 for evacuation
[364.439s][info][gc,phases      ] GC(825)   Pre Evacuate Collection Set: 0.31ms
[364.439s][info][gc,phases      ] GC(825)   Merge Heap Roots: 0.08ms
[364.439s][info][gc,phases      ] GC(825)   Evacuate Collection Set: 36.97ms
[364.439s][info][gc,phases      ] GC(825)   Post Evacuate Collection Set: 0.44ms
[364.439s][info][gc,phases      ] GC(825)   Other: 0.08ms
[364.439s][info][gc,heap        ] GC(825) Eden regions: 155->0(141)
[364.439s][info][gc,heap        ] GC(825) Survivor regions: 12->21(21)
[364.439s][info][gc,heap        ] GC(825) Old regions: 544->560
[364.439s][info][gc,heap        ] GC(825) Humongous regions: 5->5
[364.439s][info][gc,metaspace   ] GC(825) Metaspace: 18858K(19008K)->18858K(19008K) NonClass: 17028K(17152K)->17028K(17152K) Class: 1829K(1856K)->1829K(1856K)
[364.439s][info][gc             ] GC(825) Pause Young (Normal) (G1 Evacuation Pause) 715M->585M(822M) 38.125ms
[364.439s][info][gc,cpu         ] GC(825) User=0.07s Sys=0.00s Real=0.04s
[364.657s][info][gc,start       ] GC(826) Pause Young (Normal) (G1 Evacuation Pause)
[364.657s][info][gc,task        ] GC(826) Using 2 workers of 2 for evacuation
[364.712s][info][gc,phases      ] GC(826)   Pre Evacuate Collection Set: 0.28ms
[364.712s][info][gc,phases      ] GC(826)   Merge Heap Roots: 0.14ms
[364.712s][info][gc,phases      ] GC(826)   Evacuate Collection Set: 53.53ms
[364.712s][info][gc,phases      ] GC(826)   Post Evacuate Collection Set: 0.50ms
[364.712s][info][gc,phases      ] GC(826)   Other: 0.11ms
[364.712s][info][gc,heap        ] GC(826) Eden regions: 141->0(120)
[364.712s][info][gc,heap        ] GC(826) Survivor regions: 21->21(21)
[364.712s][info][gc,heap        ] GC(826) Old regions: 560->593
[364.712s][info][gc,heap        ] GC(826) Humongous regions: 5->5
[364.712s][info][gc,metaspace   ] GC(826) Metaspace: 18858K(19008K)->18858K(19008K) NonClass: 17028K(17152K)->17028K(17152K) Class: 1829K(1856K)->1829K(1856K)
[364.712s][info][gc             ] GC(826) Pause Young (Normal) (G1 Evacuation Pause) 726M->618M(822M) 54.868ms
[364.712s][info][gc,cpu         ] GC(826) User=0.11s Sys=0.00s Real=0.05s
[365.026s][info][gc,marking     ] GC(822) Concurrent Mark From Roots 1311.055ms
[365.026s][info][gc,marking     ] GC(822) Concurrent Preclean
[365.026s][info][gc,marking     ] GC(822) Concurrent Preclean 0.048ms
[365.027s][info][gc,start       ] GC(822) Pause Remark
[365.037s][info][gc             ] GC(822) Pause Remark 715M->657M(935M) 9.571ms
[365.037s][info][gc,cpu         ] GC(822) User=0.02s Sys=0.00s Real=0.01s
[365.038s][info][gc,marking     ] GC(822) Concurrent Mark 1322.234ms
[365.038s][info][gc,marking     ] GC(822) Concurrent Rebuild Remembered Sets and Scrub Regions
[365.105s][info][gc,start       ] GC(827) Pause Young (Normal) (G1 Evacuation Pause)
[365.105s][info][gc,task        ] GC(827) Using 2 workers of 2 for evacuation
[365.152s][info][gc,phases      ] GC(827)   Pre Evacuate Collection Set: 0.50ms
[365.152s][info][gc,phases      ] GC(827)   Merge Heap Roots: 0.41ms
[365.152s][info][gc,phases      ] GC(827)   Evacuate Collection Set: 44.89ms
[365.152s][info][gc,phases      ] GC(827)   Post Evacuate Collection Set: 0.43ms
[365.152s][info][gc,phases      ] GC(827)   Other: 0.10ms
[365.152s][info][gc,heap        ] GC(827) Eden regions: 120->0(230)
[365.152s][info][gc,heap        ] GC(827) Survivor regions: 21->14(18)
[365.152s][info][gc,heap        ] GC(827) Old regions: 536->558
[365.152s][info][gc,heap        ] GC(827) Humongous regions: 4->4
[365.152s][info][gc,metaspace   ] GC(827) Metaspace: 18858K(19008K)->18858K(19008K) NonClass: 17028K(17152K)->17028K(17152K) Class: 1829K(1856K)->1829K(1856K)
[365.152s][info][gc             ] GC(827) Pause Young (Normal) (G1 Evacuation Pause) 680M->575M(935M) 46.629ms
[365.152s][info][gc,cpu         ] GC(827) User=0.07s Sys=0.02s Real=0.04s
[365.554s][info][gc,start       ] GC(828) Pause Young (Normal) (G1 Evacuation Pause)
[365.554s][info][gc,task        ] GC(828) Using 2 workers of 2 for evacuation
[365.650s][info][gc,phases      ] GC(828)   Pre Evacuate Collection Set: 0.30ms
[365.650s][info][gc,phases      ] GC(828)   Merge Heap Roots: 0.38ms
[365.650s][info][gc,phases      ] GC(828)   Evacuate Collection Set: 94.40ms
[365.650s][info][gc,phases      ] GC(828)   Post Evacuate Collection Set: 0.80ms
[365.650s][info][gc,phases      ] GC(828)   Other: 0.11ms
[365.650s][info][gc,heap        ] GC(828) Eden regions: 230->0(171)
[365.650s][info][gc,heap        ] GC(828) Survivor regions: 14->31(31)
[365.650s][info][gc,heap        ] GC(828) Old regions: 558->608
[365.650s][info][gc,heap        ] GC(828) Humongous regions: 4->4
[365.650s][info][gc,metaspace   ] GC(828) Metaspace: 18858K(19008K)->18858K(19008K) NonClass: 17028K(17152K)->17028K(17152K) Class: 1829K(1856K)->1829K(1856K)
[365.650s][info][gc             ] GC(828) Pause Young (Normal) (G1 Evacuation Pause) 805M->642M(946M) 96.248ms
[365.650s][info][gc,cpu         ] GC(828) User=0.19s Sys=0.00s Real=0.10s
[365.752s][info][gc,marking     ] GC(822) Concurrent Rebuild Remembered Sets and Scrub Regions 714.475ms
[365.752s][info][gc,start       ] GC(822) Pause Cleanup
[365.752s][info][gc             ] GC(822) Pause Cleanup 714M->714M(946M) 0.147ms
[365.752s][info][gc,cpu         ] GC(822) User=0.00s Sys=0.00s Real=0.00s
[365.752s][info][gc,marking     ] GC(822) Concurrent Clear Claimed Marks
[365.752s][info][gc,marking     ] GC(822) Concurrent Clear Claimed Marks 0.038ms
[365.752s][info][gc,marking     ] GC(822) Concurrent Cleanup for Next Mark
[365.762s][info][gc,marking     ] GC(822) Concurrent Cleanup for Next Mark 9.636ms
[365.762s][info][gc             ] GC(822) Concurrent Mark Cycle 2126.329ms
[365.821s][info][gc,start       ] GC(829) Pause Young (Prepare Mixed) (G1 Evacuation Pause)
[365.821s][info][gc,task        ] GC(829) Using 2 workers of 2 for evacuation
[365.940s][info][gc,phases      ] GC(829)   Pre Evacuate Collection Set: 0.54ms
[365.940s][info][gc,phases      ] GC(829)   Merge Heap Roots: 0.35ms
[365.940s][info][gc,phases      ] GC(829)   Evacuate Collection Set: 117.52ms
[365.940s][info][gc,phases      ] GC(829)   Post Evacuate Collection Set: 0.82ms
[365.940s][info][gc,phases      ] GC(829)   Other: 0.09ms
[365.940s][info][gc,heap        ] GC(829) Eden regions: 171->0(120)
[365.940s][info][gc,heap        ] GC(829) Survivor regions: 31->26(26)
[365.940s][info][gc,heap        ] GC(829) Old regions: 608->681
[365.940s][info][gc,heap        ] GC(829) Humongous regions: 7->7
[365.940s][info][gc,metaspace   ] GC(829) Metaspace: 18858K(19008K)->18858K(19008K) NonClass: 17028K(17152K)->17028K(17152K) Class: 1829K(1856K)->1829K(1856K)
[365.940s][info][gc             ] GC(829) Pause Young (Prepare Mixed) (G1 Evacuation Pause) 816M->713M(946M) 119.582ms
[365.940s][info][gc,cpu         ] GC(829) User=0.24s Sys=0.00s Real=0.12s
[366.080s][info][gc,start       ] GC(830) Pause Young (Mixed) (G1 Evacuation Pause)
[366.080s][info][gc,task        ] GC(830) Using 2 workers of 2 for evacuation
[366.167s][info][gc,phases      ] GC(830)   Pre Evacuate Collection Set: 0.35ms
[366.167s][info][gc,phases      ] GC(830)   Merge Heap Roots: 0.62ms
[366.167s][info][gc,phases      ] GC(830)   Evacuate Collection Set: 85.47ms
[366.167s][info][gc,phases      ] GC(830)   Post Evacuate Collection Set: 0.48ms
[366.167s][info][gc,phases      ] GC(830)   Other: 0.10ms
[366.167s][info][gc,heap        ] GC(830) Eden regions: 120->0(125)
[366.167s][info][gc,heap        ] GC(830) Survivor regions: 26->19(19)
[366.167s][info][gc,heap        ] GC(830) Old regions: 681->688
[366.167s][info][gc,heap        ] GC(830) Humongous regions: 7->7
[366.167s][info][gc,metaspace   ] GC(830) Metaspace: 18858K(19008K)->18858K(19008K) NonClass: 17028K(17152K)->17028K(17152K) Class: 1829K(1856K)->1829K(1856K)
[366.167s][info][gc             ] GC(830) Pause Young (Mixed) (G1 Evacuation Pause) 833M->713M(946M) 87.285ms
[366.167s][info][gc,cpu         ] GC(830) User=0.17s Sys=0.00s Real=0.09s
[366.250s][info][gc,start       ] GC(831) Pause Young (Concurrent Start) (G1 Evacuation Pause)
[366.250s][info][gc,task        ] GC(831) Using 2 workers of 2 for evacuation
[366.294s][info][gc,phases      ] GC(831)   Pre Evacuate Collection Set: 0.32ms
[366.294s][info][gc,phases      ] GC(831)   Merge Heap Roots: 0.29ms
[366.294s][info][gc,phases      ] GC(831)   Evacuate Collection Set: 43.20ms
[366.294s][info][gc,phases      ] GC(831)   Post Evacuate Collection Set: 0.47ms
[366.294s][info][gc,phases      ] GC(831)   Other: 0.13ms
[366.294s][info][gc,heap        ] GC(831) Eden regions: 125->0(127)
[366.294s][info][gc,heap        ] GC(831) Survivor regions: 19->13(18)
[366.294s][info][gc,heap        ] GC(831) Old regions: 688->707
[366.294s][info][gc,heap        ] GC(831) Humongous regions: 7->7
[366.294s][info][gc,metaspace   ] GC(831) Metaspace: 18858K(19008K)->18858K(19008K) NonClass: 17028K(17152K)->17028K(17152K) Class: 1829K(1856K)->1829K(1856K)
[366.294s][info][gc             ] GC(831) Pause Young (Concurrent Start) (G1 Evacuation Pause) 838M->726M(946M) 44.663ms
[366.294s][info][gc,cpu         ] GC(831) User=0.09s Sys=0.00s Real=0.05s
[366.294s][info][gc             ] GC(832) Concurrent Mark Cycle
[366.294s][info][gc,marking     ] GC(832) Concurrent Scan Root Regions
[366.362s][info][gc,marking     ] GC(832) Concurrent Scan Root Regions 68.032ms
[366.362s][info][gc,marking     ] GC(832) Concurrent Mark
[366.362s][info][gc,marking     ] GC(832) Concurrent Mark From Roots
[366.362s][info][gc,task        ] GC(832) Using 1 workers of 1 for marking
[366.482s][info][gc,start       ] GC(833) Pause Young (Normal) (G1 Evacuation Pause)
[366.482s][info][gc,task        ] GC(833) Using 2 workers of 2 for evacuation
[366.524s][info][gc,phases      ] GC(833)   Pre Evacuate Collection Set: 0.53ms
[366.524s][info][gc,phases      ] GC(833)   Merge Heap Roots: 0.38ms
[366.524s][info][gc,phases      ] GC(833)   Evacuate Collection Set: 40.48ms
[366.524s][info][gc,phases      ] GC(833)   Post Evacuate Collection Set: 0.52ms
[366.524s][info][gc,phases      ] GC(833)   Other: 0.11ms
[366.525s][info][gc,heap        ] GC(833) Eden regions: 127->0(127)
[366.525s][info][gc,heap        ] GC(833) Survivor regions: 13->11(18)
[366.525s][info][gc,heap        ] GC(833) Old regions: 707->720
[366.525s][info][gc,heap        ] GC(833) Humongous regions: 8->8
[366.525s][info][gc,metaspace   ] GC(833) Metaspace: 18858K(19008K)->18858K(19008K) NonClass: 17028K(17152K)->17028K(17152K) Class: 1829K(1856K)->1829K(1856K)
[366.525s][info][gc             ] GC(833) Pause Young (Normal) (G1 Evacuation Pause) 854M->737M(946M) 42.282ms
[366.525s][info][gc,cpu         ] GC(833) User=0.08s Sys=0.00s Real=0.05s
[366.774s][info][gc,start       ] GC(834) Pause Young (Normal) (G1 Evacuation Pause)
[366.775s][info][gc,task        ] GC(834) Using 2 workers of 2 for evacuation
[366.826s][info][gc,phases      ] GC(834)   Pre Evacuate Collection Set: 0.53ms
[366.827s][info][gc,phases      ] GC(834)   Merge Heap Roots: 0.66ms
[366.827s][info][gc,phases      ] GC(834)   Evacuate Collection Set: 49.95ms
[366.827s][info][gc,phases      ] GC(834)   Post Evacuate Collection Set: 0.63ms
[366.827s][info][gc,phases      ] GC(834)   Other: 0.11ms
[366.827s][info][gc,heap        ] GC(834) Eden regions: 127->0(132)
[366.827s][info][gc,heap        ] GC(834) Survivor regions: 11->13(18)
[366.827s][info][gc,heap        ] GC(834) Old regions: 720->730
[366.827s][info][gc,heap        ] GC(834) Humongous regions: 10->10
[366.827s][info][gc,metaspace   ] GC(834) Metaspace: 18858K(19008K)->18858K(19008K) NonClass: 17028K(17152K)->17028K(17152K) Class: 1829K(1856K)->1829K(1856K)
[366.827s][info][gc             ] GC(834) Pause Young (Normal) (G1 Evacuation Pause) 866M->752M(959M) 52.126ms
[366.827s][info][gc,cpu         ] GC(834) User=0.09s Sys=0.00s Real=0.05s
[367.019s][info][gc,start       ] GC(835) Pause Young (Normal) (G1 Evacuation Pause)
[367.019s][info][gc,task        ] GC(835) Using 2 workers of 2 for evacuation
[367.072s][info][gc,phases      ] GC(835)   Pre Evacuate Collection Set: 0.34ms
[367.072s][info][gc,phases      ] GC(835)   Merge Heap Roots: 0.34ms
[367.072s][info][gc,phases      ] GC(835)   Evacuate Collection Set: 52.17ms
[367.072s][info][gc,phases      ] GC(835)   Post Evacuate Collection Set: 0.44ms
[367.072s][info][gc,phases      ] GC(835)   Other: 0.08ms
[367.072s][info][gc,heap        ] GC(835) Eden regions: 132->0(117)
[367.072s][info][gc,heap        ] GC(835) Survivor regions: 13->19(19)
[367.072s][info][gc,heap        ] GC(835) Old regions: 730->745
[367.072s][info][gc,heap        ] GC(835) Humongous regions: 10->10
[367.072s][info][gc,metaspace   ] GC(835) Metaspace: 18858K(19008K)->18858K(19008K) NonClass: 17028K(17152K)->17028K(17152K) Class: 1829K(1856K)->1829K(1856K)
[367.072s][info][gc             ] GC(835) Pause Young (Normal) (G1 Evacuation Pause) 884M->773M(959M) 53.643ms
[367.072s][info][gc,cpu         ] GC(835) User=0.11s Sys=0.00s Real=0.05s
[367.219s][info][gc,start       ] GC(836) Pause Young (Normal) (G1 Evacuation Pause)
[367.219s][info][gc,task        ] GC(836) Using 2 workers of 2 for evacuation
[367.259s][info][gc,phases      ] GC(836)   Pre Evacuate Collection Set: 0.31ms
[367.259s][info][gc,phases      ] GC(836)   Merge Heap Roots: 0.19ms
[367.259s][info][gc,phases      ] GC(836)   Evacuate Collection Set: 39.39ms
[367.259s][info][gc,phases      ] GC(836)   Post Evacuate Collection Set: 0.43ms
[367.259s][info][gc,phases      ] GC(836)   Other: 0.08ms
[367.259s][info][gc,heap        ] GC(836) Eden regions: 117->0(109)
[367.259s][info][gc,heap        ] GC(836) Survivor regions: 19->13(17)
[367.259s][info][gc,heap        ] GC(836) Old regions: 745->765
[367.259s][info][gc,heap        ] GC(836) Humongous regions: 10->10
[367.259s][info][gc,metaspace   ] GC(836) Metaspace: 18858K(19008K)->18858K(19008K) NonClass: 17028K(17152K)->17028K(17152K) Class: 1829K(1856K)->1829K(1856K)
[367.259s][info][gc             ] GC(836) Pause Young (Normal) (G1 Evacuation Pause) 890M->786M(959M) 40.629ms
[367.259s][info][gc,cpu         ] GC(836) User=0.08s Sys=0.00s Real=0.04s
[367.402s][info][gc,start       ] GC(837) Pause Young (Normal) (G1 Evacuation Pause)
[367.402s][info][gc,task        ] GC(837) Using 2 workers of 2 for evacuation
[367.435s][info][gc,phases      ] GC(837)   Pre Evacuate Collection Set: 0.32ms
[367.435s][info][gc,phases      ] GC(837)   Merge Heap Roots: 0.22ms
[367.435s][info][gc,phases      ] GC(837)   Evacuate Collection Set: 31.74ms
[367.435s][info][gc,phases      ] GC(837)   Post Evacuate Collection Set: 0.49ms
[367.435s][info][gc,phases      ] GC(837)   Other: 0.09ms
[367.435s][info][gc,heap        ] GC(837) Eden regions: 109->0(107)
[367.435s][info][gc,heap        ] GC(837) Survivor regions: 13->8(16)
[367.435s][info][gc,heap        ] GC(837) Old regions: 765->777
[367.435s][info][gc,heap        ] GC(837) Humongous regions: 10->10
[367.435s][info][gc,metaspace   ] GC(837) Metaspace: 18858K(19008K)->18858K(19008K) NonClass: 17028K(17152K)->17028K(17152K) Class: 1829K(1856K)->1829K(1856K)
[367.435s][info][gc             ] GC(837) Pause Young (Normal) (G1 Evacuation Pause) 895M->794M(959M) 33.188ms
[367.436s][info][gc,cpu         ] GC(837) User=0.06s Sys=0.00s Real=0.04s
[367.593s][info][gc,start       ] GC(838) Pause Young (Normal) (G1 Evacuation Pause)
[367.593s][info][gc,task        ] GC(838) Using 2 workers of 2 for evacuation
[367.617s][info][gc,phases      ] GC(838)   Pre Evacuate Collection Set: 0.39ms
[367.617s][info][gc,phases      ] GC(838)   Merge Heap Roots: 0.19ms
[367.617s][info][gc,phases      ] GC(838)   Evacuate Collection Set: 22.98ms
[367.618s][info][gc,phases      ] GC(838)   Post Evacuate Collection Set: 0.60ms
[367.618s][info][gc,phases      ] GC(838)   Other: 0.12ms
[367.618s][info][gc,heap        ] GC(838) Eden regions: 107->0(101)
[367.618s][info][gc,heap        ] GC(838) Survivor regions: 8->13(15)
[367.618s][info][gc,heap        ] GC(838) Old regions: 777->777
[367.618s][info][gc,heap        ] GC(838) Humongous regions: 10->10
[367.618s][info][gc,metaspace   ] GC(838) Metaspace: 18858K(19008K)->18858K(19008K) NonClass: 17028K(17152K)->17028K(17152K) Class: 1829K(1856K)->1829K(1856K)
[367.618s][info][gc             ] GC(838) Pause Young (Normal) (G1 Evacuation Pause) 901M->799M(963M) 24.552ms
[367.618s][info][gc,cpu         ] GC(838) User=0.05s Sys=0.00s Real=0.03s
[367.624s][info][gc,marking     ] GC(832) Concurrent Mark From Roots 1261.833ms
[367.624s][info][gc,marking     ] GC(832) Concurrent Preclean
[367.624s][info][gc,marking     ] GC(832) Concurrent Preclean 0.046ms
[367.625s][info][gc,start       ] GC(832) Pause Remark
[367.634s][info][gc             ] GC(832) Pause Remark 802M->521M(963M) 8.564ms
[367.634s][info][gc,cpu         ] GC(832) User=0.02s Sys=0.00s Real=0.00s
[367.634s][info][gc,marking     ] GC(832) Concurrent Mark 1271.650ms
[367.634s][info][gc,marking     ] GC(832) Concurrent Rebuild Remembered Sets and Scrub Regions
[367.759s][info][gc,start       ] GC(839) Pause Young (Normal) (G1 Evacuation Pause)
[367.759s][info][gc,task        ] GC(839) Using 2 workers of 2 for evacuation
[367.792s][info][gc,phases      ] GC(839)   Pre Evacuate Collection Set: 0.55ms
[367.792s][info][gc,phases      ] GC(839)   Merge Heap Roots: 0.22ms
[367.792s][info][gc,phases      ] GC(839)   Evacuate Collection Set: 32.48ms
[367.793s][info][gc,phases      ] GC(839)   Post Evacuate Collection Set: 0.38ms
[367.793s][info][gc,phases      ] GC(839)   Other: 0.08ms
[367.793s][info][gc,heap        ] GC(839) Eden regions: 101->0(287)
[367.793s][info][gc,heap        ] GC(839) Survivor regions: 13->15(15)
[367.793s][info][gc,heap        ] GC(839) Old regions: 500->508
[367.793s][info][gc,heap        ] GC(839) Humongous regions: 6->6
[367.793s][info][gc,metaspace   ] GC(839) Metaspace: 18858K(19008K)->18858K(19008K) NonClass: 17028K(17152K)->17028K(17152K) Class: 1829K(1856K)->1829K(1856K)
[367.793s][info][gc             ] GC(839) Pause Young (Normal) (G1 Evacuation Pause) 619M->528M(963M) 33.973ms
[367.793s][info][gc,cpu         ] GC(839) User=0.07s Sys=0.00s Real=0.03s
[368.061s][info][gc,marking     ] GC(832) Concurrent Rebuild Remembered Sets and Scrub Regions 427.213ms
[368.062s][info][gc,start       ] GC(832) Pause Cleanup
[368.062s][info][gc             ] GC(832) Pause Cleanup 691M->691M(963M) 0.193ms
[368.062s][info][gc,cpu         ] GC(832) User=0.00s Sys=0.00s Real=0.00s
[368.062s][info][gc,marking     ] GC(832) Concurrent Clear Claimed Marks
[368.062s][info][gc,marking     ] GC(832) Concurrent Clear Claimed Marks 0.047ms
[368.062s][info][gc,marking     ] GC(832) Concurrent Cleanup for Next Mark
[368.070s][info][gc,marking     ] GC(832) Concurrent Cleanup for Next Mark 7.698ms
[368.070s][info][gc             ] GC(832) Concurrent Mark Cycle 1775.362ms
[368.271s][info][gc,start       ] GC(840) Pause Young (Prepare Mixed) (G1 Evacuation Pause)
[368.271s][info][gc,task        ] GC(840) Using 2 workers of 2 for evacuation
[368.333s][info][gc,phases      ] GC(840)   Pre Evacuate Collection Set: 0.29ms
[368.333s][info][gc,phases      ] GC(840)   Merge Heap Roots: 0.36ms
[368.333s][info][gc,phases      ] GC(840)   Evacuate Collection Set: 60.18ms
[368.333s][info][gc,phases      ] GC(840)   Post Evacuate Collection Set: 0.58ms
[368.333s][info][gc,phases      ] GC(840)   Other: 0.12ms
[368.333s][info][gc,heap        ] GC(840) Eden regions: 287->0(274)
[368.333s][info][gc,heap        ] GC(840) Survivor regions: 15->38(38)
[368.333s][info][gc,heap        ] GC(840) Old regions: 508->516
[368.333s][info][gc,heap        ] GC(840) Humongous regions: 6->6
[368.333s][info][gc,metaspace   ] GC(840) Metaspace: 18858K(19008K)->18858K(19008K) NonClass: 17028K(17152K)->17028K(17152K) Class: 1829K(1856K)->1829K(1856K)
[368.333s][info][gc             ] GC(840) Pause Young (Prepare Mixed) (G1 Evacuation Pause) 815M->559M(963M) 61.771ms
[368.333s][info][gc,cpu         ] GC(840) User=0.12s Sys=0.00s Real=0.06s
[369.168s][info][gc,start       ] GC(841) Pause Young (Mixed) (G1 Evacuation Pause)
[369.168s][info][gc,task        ] GC(841) Using 2 workers of 2 for evacuation
[369.218s][info][gc,phases      ] GC(841)   Pre Evacuate Collection Set: 0.54ms
[369.218s][info][gc,phases      ] GC(841)   Merge Heap Roots: 0.37ms
[369.218s][info][gc,phases      ] GC(841)   Evacuate Collection Set: 48.61ms
[369.218s][info][gc,phases      ] GC(841)   Post Evacuate Collection Set: 0.64ms
[369.218s][info][gc,phases      ] GC(841)   Other: 0.12ms
[369.218s][info][gc,heap        ] GC(841) Eden regions: 274->0(341)
[369.218s][info][gc,heap        ] GC(841) Survivor regions: 38->1(39)
[369.218s][info][gc,heap        ] GC(841) Old regions: 516->478
[369.218s][info][gc,heap        ] GC(841) Humongous regions: 6->6
[369.218s][info][gc,metaspace   ] GC(841) Metaspace: 18858K(19008K)->18858K(19008K) NonClass: 17028K(17152K)->17028K(17152K) Class: 1829K(1856K)->1829K(1856K)
[369.218s][info][gc             ] GC(841) Pause Young (Mixed) (G1 Evacuation Pause) 833M->484M(963M) 50.528ms
[369.218s][info][gc,cpu         ] GC(841) User=0.09s Sys=0.00s Real=0.05s
[370.088s][info][gc,start       ] GC(842) Pause Young (Concurrent Start) (G1 Evacuation Pause)
[370.088s][info][gc,task        ] GC(842) Using 2 workers of 2 for evacuation
[370.102s][info][gc,phases      ] GC(842)   Pre Evacuate Collection Set: 0.35ms
[370.102s][info][gc,phases      ] GC(842)   Merge Heap Roots: 0.41ms
[370.102s][info][gc,phases      ] GC(842)   Evacuate Collection Set: 12.53ms
[370.102s][info][gc,phases      ] GC(842)   Post Evacuate Collection Set: 0.57ms
[370.102s][info][gc,phases      ] GC(842)   Other: 0.15ms
[370.102s][info][gc,heap        ] GC(842) Eden regions: 341->0(362)
[370.102s][info][gc,heap        ] GC(842) Survivor regions: 1->1(43)
[370.102s][info][gc,heap        ] GC(842) Old regions: 478->478
[370.102s][info][gc,heap        ] GC(842) Humongous regions: 6->6
[370.102s][info][gc,metaspace   ] GC(842) Metaspace: 18858K(19008K)->18858K(19008K) NonClass: 17028K(17152K)->17028K(17152K) Class: 1829K(1856K)->1829K(1856K)
[370.102s][info][gc             ] GC(842) Pause Young (Concurrent Start) (G1 Evacuation Pause) 825M->484M(963M) 14.258ms
[370.102s][info][gc             ] GC(843) Concurrent Mark Cycle
[370.102s][info][gc,marking     ] GC(843) Concurrent Scan Root Regions
[370.102s][info][gc,cpu         ] GC(842) User=0.03s Sys=0.01s Real=0.01s
[370.103s][info][gc,marking     ] GC(843) Concurrent Scan Root Regions 0.649ms
[370.103s][info][gc,marking     ] GC(843) Concurrent Mark
[370.103s][info][gc,marking     ] GC(843) Concurrent Mark From Roots
[370.103s][info][gc,task        ] GC(843) Using 1 workers of 1 for marking
[370.952s][info][gc,start       ] GC(844) Pause Young (Normal) (G1 Evacuation Pause)
[370.952s][info][gc,task        ] GC(844) Using 2 workers of 2 for evacuation
[371.061s][info][gc,phases      ] GC(844)   Pre Evacuate Collection Set: 0.53ms
[371.061s][info][gc,phases      ] GC(844)   Merge Heap Roots: 0.56ms
[371.061s][info][gc,phases      ] GC(844)   Evacuate Collection Set: 106.92ms
[371.061s][info][gc,phases      ] GC(844)   Post Evacuate Collection Set: 0.96ms
[371.061s][info][gc,phases      ] GC(844)   Other: 0.09ms
[371.061s][info][gc,heap        ] GC(844) Eden regions: 362->0(263)
[371.061s][info][gc,heap        ] GC(844) Survivor regions: 1->46(46)
[371.061s][info][gc,heap        ] GC(844) Old regions: 478->521
[371.061s][info][gc,heap        ] GC(844) Humongous regions: 6->6
[371.061s][info][gc,metaspace   ] GC(844) Metaspace: 18859K(19008K)->18859K(19008K) NonClass: 17029K(17152K)->17029K(17152K) Class: 1829K(1856K)->1829K(1856K)
[371.061s][info][gc             ] GC(844) Pause Young (Normal) (G1 Evacuation Pause) 846M->572M(963M) 109.345ms
[371.061s][info][gc,cpu         ] GC(844) User=0.21s Sys=0.00s Real=0.11s
[371.400s][info][gc,start       ] GC(845) Pause Young (Normal) (G1 Evacuation Pause)
[371.401s][info][gc,task        ] GC(845) Using 2 workers of 2 for evacuation
[371.536s][info][gc,phases      ] GC(845)   Pre Evacuate Collection Set: 0.54ms
[371.536s][info][gc,phases      ] GC(845)   Merge Heap Roots: 0.68ms
[371.536s][info][gc,phases      ] GC(845)   Evacuate Collection Set: 133.44ms
[371.536s][info][gc,phases      ] GC(845)   Post Evacuate Collection Set: 0.87ms
[371.536s][info][gc,phases      ] GC(845)   Other: 0.10ms
[371.536s][info][gc,heap        ] GC(845) Eden regions: 263->0(211)
[371.536s][info][gc,heap        ] GC(845) Survivor regions: 46->39(39)
[371.536s][info][gc,heap        ] GC(845) Old regions: 521->583
[371.536s][info][gc,heap        ] GC(845) Humongous regions: 9->9
[371.536s][info][gc,metaspace   ] GC(845) Metaspace: 18859K(19008K)->18859K(19008K) NonClass: 17030K(17152K)->17030K(17152K) Class: 1829K(1856K)->1829K(1856K)
[371.536s][info][gc             ] GC(845) Pause Young (Normal) (G1 Evacuation Pause) 838M->630M(963M) 135.908ms
[371.536s][info][gc,cpu         ] GC(845) User=0.27s Sys=0.00s Real=0.14s
[371.652s][info][gc,marking     ] GC(843) Concurrent Mark From Roots 1549.000ms
[371.652s][info][gc,marking     ] GC(843) Concurrent Preclean
[371.652s][info][gc,marking     ] GC(843) Concurrent Preclean 0.047ms
[371.652s][info][gc,start       ] GC(843) Pause Remark
[371.661s][info][gc             ] GC(843) Pause Remark 674M->573M(963M) 8.522ms
[371.661s][info][gc,cpu         ] GC(843) User=0.02s Sys=0.00s Real=0.01s
[371.662s][info][gc,marking     ] GC(843) Concurrent Mark 1559.239ms
[371.662s][info][gc,marking     ] GC(843) Concurrent Rebuild Remembered Sets and Scrub Regions
[371.850s][info][gc,start       ] GC(846) Pause Young (Normal) (G1 Evacuation Pause)
[371.850s][info][gc,task        ] GC(846) Using 2 workers of 2 for evacuation
[371.938s][info][gc,phases      ] GC(846)   Pre Evacuate Collection Set: 0.53ms
[371.938s][info][gc,phases      ] GC(846)   Merge Heap Roots: 0.76ms
[371.938s][info][gc,phases      ] GC(846)   Evacuate Collection Set: 86.20ms
[371.938s][info][gc,phases      ] GC(846)   Post Evacuate Collection Set: 0.54ms
[371.938s][info][gc,phases      ] GC(846)   Other: 0.09ms
[371.938s][info][gc,heap        ] GC(846) Eden regions: 211->0(275)
[371.938s][info][gc,heap        ] GC(846) Survivor regions: 39->19(32)
[371.938s][info][gc,heap        ] GC(846) Old regions: 484->524
[371.938s][info][gc,heap        ] GC(846) Humongous regions: 7->7
[371.938s][info][gc,metaspace   ] GC(846) Metaspace: 18859K(19008K)->18859K(19008K) NonClass: 17030K(17152K)->17030K(17152K) Class: 1829K(1856K)->1829K(1856K)
[371.938s][info][gc             ] GC(846) Pause Young (Normal) (G1 Evacuation Pause) 740M->549M(963M) 88.419ms
[371.938s][info][gc,cpu         ] GC(846) User=0.18s Sys=0.00s Real=0.09s
[372.215s][info][gc,marking     ] GC(843) Concurrent Rebuild Remembered Sets and Scrub Regions 553.233ms
[372.215s][info][gc,start       ] GC(843) Pause Cleanup
[372.216s][info][gc             ] GC(843) Pause Cleanup 775M->775M(963M) 0.117ms
[372.216s][info][gc,cpu         ] GC(843) User=0.00s Sys=0.00s Real=0.00s
[372.216s][info][gc,marking     ] GC(843) Concurrent Clear Claimed Marks
[372.216s][info][gc,marking     ] GC(843) Concurrent Clear Claimed Marks 0.056ms
[372.216s][info][gc,marking     ] GC(843) Concurrent Cleanup for Next Mark
[372.223s][info][gc,marking     ] GC(843) Concurrent Cleanup for Next Mark 6.926ms
[372.223s][info][gc             ] GC(843) Concurrent Mark Cycle 2121.210ms
[372.244s][info][gc,start       ] GC(847) Pause Young (Prepare Mixed) (G1 Evacuation Pause)
[372.244s][info][gc,task        ] GC(847) Using 2 workers of 2 for evacuation
[372.321s][info][gc,phases      ] GC(847)   Pre Evacuate Collection Set: 0.31ms
[372.322s][info][gc,phases      ] GC(847)   Merge Heap Roots: 0.35ms
[372.322s][info][gc,phases      ] GC(847)   Evacuate Collection Set: 76.42ms
[372.322s][info][gc,phases      ] GC(847)   Post Evacuate Collection Set: 0.66ms
[372.322s][info][gc,phases      ] GC(847)   Other: 0.11ms
[372.322s][info][gc,heap        ] GC(847) Eden regions: 275->0(252)
[372.322s][info][gc,heap        ] GC(847) Survivor regions: 19->37(37)
[372.322s][info][gc,heap        ] GC(847) Old regions: 524->543
[372.322s][info][gc,heap        ] GC(847) Humongous regions: 8->8
[372.322s][info][gc,metaspace   ] GC(847) Metaspace: 18860K(19008K)->18860K(19008K) NonClass: 17031K(17152K)->17031K(17152K) Class: 1829K(1856K)->1829K(1856K)
[372.322s][info][gc             ] GC(847) Pause Young (Prepare Mixed) (G1 Evacuation Pause) 825M->587M(963M) 78.088ms
[372.322s][info][gc,cpu         ] GC(847) User=0.15s Sys=0.00s Real=0.08s
[372.494s][info][gc,start       ] GC(848) Pause Young (Mixed) (G1 Evacuation Pause)
[372.495s][info][gc,task        ] GC(848) Using 2 workers of 2 for evacuation
[372.561s][info][gc,phases      ] GC(848)   Pre Evacuate Collection Set: 0.54ms
[372.561s][info][gc,phases      ] GC(848)   Merge Heap Roots: 0.37ms
[372.561s][info][gc,phases      ] GC(848)   Evacuate Collection Set: 65.16ms
[372.561s][info][gc,phases      ] GC(848)   Post Evacuate Collection Set: 0.72ms
[372.561s][info][gc,phases      ] GC(848)   Other: 0.11ms
[372.561s][info][gc,heap        ] GC(848) Eden regions: 252->0(273)
[372.562s][info][gc,heap        ] GC(848) Survivor regions: 37->12(37)
[372.562s][info][gc,heap        ] GC(848) Old regions: 543->562
[372.562s][info][gc,heap        ] GC(848) Humongous regions: 8->8
[372.562s][info][gc,metaspace   ] GC(848) Metaspace: 18860K(19008K)->18860K(19008K) NonClass: 17031K(17152K)->17031K(17152K) Class: 1829K(1856K)->1829K(1856K)
[372.562s][info][gc             ] GC(848) Pause Young (Mixed) (G1 Evacuation Pause) 839M->581M(969M) 67.140ms
[372.562s][info][gc,cpu         ] GC(848) User=0.13s Sys=0.00s Real=0.06s
[372.791s][info][gc,start       ] GC(849) Pause Young (Concurrent Start) (G1 Evacuation Pause)
[372.791s][info][gc,task        ] GC(849) Using 2 workers of 2 for evacuation
[372.830s][info][gc,phases      ] GC(849)   Pre Evacuate Collection Set: 0.33ms
[372.830s][info][gc,phases      ] GC(849)   Merge Heap Roots: 0.28ms
[372.830s][info][gc,phases      ] GC(849)   Evacuate Collection Set: 36.90ms
[372.830s][info][gc,phases      ] GC(849)   Post Evacuate Collection Set: 0.61ms
[372.830s][info][gc,phases      ] GC(849)   Other: 0.15ms
[372.830s][info][gc,heap        ] GC(849) Eden regions: 273->0(275)
[372.830s][info][gc,heap        ] GC(849) Survivor regions: 12->25(36)
[372.830s][info][gc,heap        ] GC(849) Old regions: 562->562
[372.830s][info][gc,heap        ] GC(849) Humongous regions: 8->8
[372.830s][info][gc,metaspace   ] GC(849) Metaspace: 18862K(19008K)->18862K(19008K) NonClass: 17032K(17152K)->17032K(17152K) Class: 1829K(1856K)->1829K(1856K)
[372.830s][info][gc             ] GC(849) Pause Young (Concurrent Start) (G1 Evacuation Pause) 854M->594M(969M) 38.577ms
[372.830s][info][gc,cpu         ] GC(849) User=0.08s Sys=0.00s Real=0.04s
[372.830s][info][gc             ] GC(850) Concurrent Mark Cycle
[372.830s][info][gc,marking     ] GC(850) Concurrent Scan Root Regions
[372.885s][info][gc,marking     ] GC(850) Concurrent Scan Root Regions 54.510ms
[372.885s][info][gc,marking     ] GC(850) Concurrent Mark
[372.885s][info][gc,marking     ] GC(850) Concurrent Mark From Roots
[372.885s][info][gc,task        ] GC(850) Using 1 workers of 1 for marking
[373.822s][info][gc,start       ] GC(851) Pause Young (Normal) (G1 Evacuation Pause)
[373.822s][info][gc,task        ] GC(851) Using 2 workers of 2 for evacuation
[373.891s][info][gc,phases      ] GC(851)   Pre Evacuate Collection Set: 0.52ms
[373.891s][info][gc,phases      ] GC(851)   Merge Heap Roots: 0.47ms
[373.891s][info][gc,phases      ] GC(851)   Evacuate Collection Set: 67.39ms
[373.891s][info][gc,phases      ] GC(851)   Post Evacuate Collection Set: 0.60ms
[373.891s][info][gc,phases      ] GC(851)   Other: 0.11ms
[373.891s][info][gc,heap        ] GC(851) Eden regions: 275->0(259)
[373.891s][info][gc,heap        ] GC(851) Survivor regions: 25->37(38)
[373.891s][info][gc,heap        ] GC(851) Old regions: 562->574
[373.891s][info][gc,heap        ] GC(851) Humongous regions: 8->8
[373.891s][info][gc,metaspace   ] GC(851) Metaspace: 18869K(19008K)->18869K(19008K) NonClass: 17040K(17152K)->17040K(17152K) Class: 1829K(1856K)->1829K(1856K)
[373.891s][info][gc             ] GC(851) Pause Young (Normal) (G1 Evacuation Pause) 869M->618M(969M) 69.373ms
[373.891s][info][gc,cpu         ] GC(851) User=0.13s Sys=0.00s Real=0.07s
[374.206s][info][gc,marking     ] GC(850) Concurrent Mark From Roots 1321.077ms
[374.206s][info][gc,marking     ] GC(850) Concurrent Preclean
[374.206s][info][gc,marking     ] GC(850) Concurrent Preclean 0.043ms
[374.206s][info][gc,start       ] GC(850) Pause Remark
[374.215s][info][gc             ] GC(850) Pause Remark 729M->635M(969M) 8.607ms
[374.215s][info][gc,cpu         ] GC(850) User=0.02s Sys=0.00s Real=0.01s
[374.215s][info][gc,marking     ] GC(850) Concurrent Mark 1330.614ms
[374.215s][info][gc,marking     ] GC(850) Concurrent Rebuild Remembered Sets and Scrub Regions
[374.566s][info][gc,start       ] GC(852) Pause Young (Normal) (G1 Evacuation Pause)
[374.566s][info][gc,task        ] GC(852) Using 2 workers of 2 for evacuation
[374.655s][info][gc,phases      ] GC(852)   Pre Evacuate Collection Set: 0.30ms
[374.655s][info][gc,phases      ] GC(852)   Merge Heap Roots: 0.36ms
[374.655s][info][gc,phases      ] GC(852)   Evacuate Collection Set: 86.94ms
[374.655s][info][gc,phases      ] GC(852)   Post Evacuate Collection Set: 0.72ms
[374.655s][info][gc,phases      ] GC(852)   Other: 0.13ms
[374.655s][info][gc,heap        ] GC(852) Eden regions: 259->0(315)
[374.655s][info][gc,heap        ] GC(852) Survivor regions: 37->24(37)
[374.655s][info][gc,heap        ] GC(852) Old regions: 483->520
[374.655s][info][gc,heap        ] GC(852) Humongous regions: 5->5
[374.655s][info][gc,metaspace   ] GC(852) Metaspace: 18869K(19008K)->18869K(19008K) NonClass: 17040K(17152K)->17040K(17152K) Class: 1829K(1856K)->1829K(1856K)
[374.655s][info][gc             ] GC(852) Pause Young (Normal) (G1 Evacuation Pause) 783M->548M(969M) 88.719ms
[374.655s][info][gc,cpu         ] GC(852) User=0.17s Sys=0.00s Real=0.09s
[374.785s][info][gc,marking     ] GC(850) Concurrent Rebuild Remembered Sets and Scrub Regions 569.574ms
[374.785s][info][gc,start       ] GC(850) Pause Cleanup
[374.785s][info][gc             ] GC(850) Pause Cleanup 587M->587M(969M) 0.167ms
[374.785s][info][gc,cpu         ] GC(850) User=0.00s Sys=0.00s Real=0.00s
[374.785s][info][gc,marking     ] GC(850) Concurrent Clear Claimed Marks
[374.785s][info][gc,marking     ] GC(850) Concurrent Clear Claimed Marks 0.031ms
[374.785s][info][gc,marking     ] GC(850) Concurrent Cleanup for Next Mark
[374.788s][info][gc,marking     ] GC(850) Concurrent Cleanup for Next Mark 3.095ms
[374.788s][info][gc             ] GC(850) Concurrent Mark Cycle 1958.465ms
[375.122s][info][gc,start       ] GC(853) Pause Young (Prepare Mixed) (G1 Evacuation Pause)
[375.122s][info][gc,task        ] GC(853) Using 2 workers of 2 for evacuation
[375.241s][info][gc,phases      ] GC(853)   Pre Evacuate Collection Set: 0.34ms
[375.241s][info][gc,phases      ] GC(853)   Merge Heap Roots: 0.47ms
[375.241s][info][gc,phases      ] GC(853)   Evacuate Collection Set: 116.79ms
[375.241s][info][gc,phases      ] GC(853)   Post Evacuate Collection Set: 1.01ms
[375.241s][info][gc,phases      ] GC(853)   Other: 0.09ms
[375.241s][info][gc,heap        ] GC(853) Eden regions: 315->0(231)
[375.241s][info][gc,heap        ] GC(853) Survivor regions: 24->43(43)
[375.241s][info][gc,heap        ] GC(853) Old regions: 520->577
[375.241s][info][gc,heap        ] GC(853) Humongous regions: 5->5
[375.241s][info][gc,metaspace   ] GC(853) Metaspace: 18872K(19008K)->18872K(19008K) NonClass: 17042K(17152K)->17042K(17152K) Class: 1829K(1856K)->1829K(1856K)
[375.241s][info][gc             ] GC(853) Pause Young (Prepare Mixed) (G1 Evacuation Pause) 863M->624M(969M) 118.963ms
[375.241s][info][gc,cpu         ] GC(853) User=0.24s Sys=0.00s Real=0.12s
[375.581s][info][gc,start       ] GC(854) Pause Young (Mixed) (G1 Evacuation Pause)
[375.581s][info][gc,task        ] GC(854) Using 2 workers of 2 for evacuation
[375.768s][info][gc,phases      ] GC(854)   Pre Evacuate Collection Set: 0.37ms
[375.768s][info][gc,phases      ] GC(854)   Merge Heap Roots: 0.74ms
[375.768s][info][gc,phases      ] GC(854)   Evacuate Collection Set: 128.66ms
[375.768s][info][gc,phases      ] GC(854)   Merge Optional Heap Roots: 1.16ms
[375.768s][info][gc,phases      ] GC(854)   Evacuate Optional Collection Set: 54.78ms
[375.768s][info][gc,phases      ] GC(854)   Post Evacuate Collection Set: 1.18ms
[375.768s][info][gc,phases      ] GC(854)   Other: 0.12ms
[375.769s][info][gc,heap        ] GC(854) Eden regions: 231->0(250)
[375.769s][info][gc,heap        ] GC(854) Survivor regions: 43->35(35)
[375.769s][info][gc,heap        ] GC(854) Old regions: 577->547
[375.769s][info][gc,heap        ] GC(854) Humongous regions: 8->8
[375.769s][info][gc,metaspace   ] GC(854) Metaspace: 18872K(19008K)->18872K(19008K) NonClass: 17042K(17152K)->17042K(17152K) Class: 1829K(1856K)->1829K(1856K)
[375.769s][info][gc             ] GC(854) Pause Young (Mixed) (G1 Evacuation Pause) 858M->589M(969M) 187.282ms
[375.769s][info][gc,cpu         ] GC(854) User=0.36s Sys=0.00s Real=0.19s
[376.118s][info][gc,start       ] GC(855) Pause Young (Concurrent Start) (G1 Evacuation Pause)
[376.118s][info][gc,task        ] GC(855) Using 2 workers of 2 for evacuation
[376.224s][info][gc,phases      ] GC(855)   Pre Evacuate Collection Set: 0.36ms
[376.224s][info][gc,phases      ] GC(855)   Merge Heap Roots: 0.73ms
[376.224s][info][gc,phases      ] GC(855)   Evacuate Collection Set: 103.67ms
[376.224s][info][gc,phases      ] GC(855)   Post Evacuate Collection Set: 0.73ms
[376.224s][info][gc,phases      ] GC(855)   Other: 0.18ms
[376.224s][info][gc,heap        ] GC(855) Eden regions: 250->0(239)
[376.224s][info][gc,heap        ] GC(855) Survivor regions: 35->28(36)
[376.224s][info][gc,heap        ] GC(855) Old regions: 547->582
[376.224s][info][gc,heap        ] GC(855) Humongous regions: 8->8
[376.224s][info][gc,metaspace   ] GC(855) Metaspace: 18872K(19008K)->18872K(19008K) NonClass: 17042K(17152K)->17042K(17152K) Class: 1829K(1856K)->1829K(1856K)
[376.224s][info][gc             ] GC(855) Pause Young (Concurrent Start) (G1 Evacuation Pause) 839M->616M(972M) 105.967ms
[376.224s][info][gc,cpu         ] GC(855) User=0.21s Sys=0.00s Real=0.10s
[376.224s][info][gc             ] GC(856) Concurrent Mark Cycle
[376.224s][info][gc,marking     ] GC(856) Concurrent Scan Root Regions
[376.373s][info][gc,marking     ] GC(856) Concurrent Scan Root Regions 148.433ms
[376.373s][info][gc,marking     ] GC(856) Concurrent Mark
[376.373s][info][gc,marking     ] GC(856) Concurrent Mark From Roots
[376.373s][info][gc,task        ] GC(856) Using 1 workers of 1 for marking
[376.657s][info][gc,start       ] GC(857) Pause Young (Normal) (G1 Evacuation Pause)
[376.657s][info][gc,task        ] GC(857) Using 2 workers of 2 for evacuation
[376.709s][info][gc,phases      ] GC(857)   Pre Evacuate Collection Set: 0.32ms
[376.709s][info][gc,phases      ] GC(857)   Merge Heap Roots: 0.24ms
[376.709s][info][gc,phases      ] GC(857)   Evacuate Collection Set: 50.16ms
[376.709s][info][gc,phases      ] GC(857)   Post Evacuate Collection Set: 0.54ms
[376.709s][info][gc,phases      ] GC(857)   Other: 0.12ms
[376.709s][info][gc,heap        ] GC(857) Eden regions: 239->0(239)
[376.709s][info][gc,heap        ] GC(857) Survivor regions: 28->15(34)
[376.709s][info][gc,heap        ] GC(857) Old regions: 582->609
[376.709s][info][gc,heap        ] GC(857) Humongous regions: 8->8
[376.709s][info][gc,metaspace   ] GC(857) Metaspace: 18872K(19008K)->18872K(19008K) NonClass: 17042K(17152K)->17042K(17152K) Class: 1829K(1856K)->1829K(1856K)
[376.709s][info][gc             ] GC(857) Pause Young (Normal) (G1 Evacuation Pause) 855M->631M(972M) 51.624ms
[376.709s][info][gc,cpu         ] GC(857) User=0.10s Sys=0.00s Real=0.05s
[377.001s][info][gc,start       ] GC(858) Pause Young (Normal) (G1 Evacuation Pause)
[377.001s][info][gc,task        ] GC(858) Using 2 workers of 2 for evacuation
[377.080s][info][gc,phases      ] GC(858)   Pre Evacuate Collection Set: 0.34ms
[377.080s][info][gc,phases      ] GC(858)   Merge Heap Roots: 0.18ms
[377.080s][info][gc,phases      ] GC(858)   Evacuate Collection Set: 77.43ms
[377.080s][info][gc,phases      ] GC(858)   Post Evacuate Collection Set: 0.84ms
[377.080s][info][gc,phases      ] GC(858)   Other: 0.09ms
[377.080s][info][gc,heap        ] GC(858) Eden regions: 239->0(184)
[377.080s][info][gc,heap        ] GC(858) Survivor regions: 15->32(32)
[377.080s][info][gc,heap        ] GC(858) Old regions: 609->654
[377.080s][info][gc,heap        ] GC(858) Humongous regions: 8->8
[377.080s][info][gc,metaspace   ] GC(858) Metaspace: 18872K(19008K)->18872K(19008K) NonClass: 17042K(17152K)->17042K(17152K) Class: 1829K(1856K)->1829K(1856K)
[377.080s][info][gc             ] GC(858) Pause Young (Normal) (G1 Evacuation Pause) 870M->693M(972M) 79.171ms
[377.080s][info][gc,cpu         ] GC(858) User=0.16s Sys=0.00s Real=0.08s
[377.441s][info][gc,marking     ] GC(856) Concurrent Mark From Roots 1068.136ms
[377.441s][info][gc,marking     ] GC(856) Concurrent Preclean
[377.441s][info][gc,marking     ] GC(856) Concurrent Preclean 0.054ms
[377.441s][info][gc,start       ] GC(856) Pause Remark
[377.450s][info][gc             ] GC(856) Pause Remark 822M->646M(972M) 8.693ms
[377.450s][info][gc,cpu         ] GC(856) User=0.01s Sys=0.00s Real=0.01s
[377.450s][info][gc,marking     ] GC(856) Concurrent Mark 1077.269ms
[377.450s][info][gc,marking     ] GC(856) Concurrent Rebuild Remembered Sets and Scrub Regions
[377.520s][info][gc,start       ] GC(859) Pause Young (Normal) (G1 Evacuation Pause)
[377.520s][info][gc,task        ] GC(859) Using 2 workers of 2 for evacuation
[377.605s][info][gc,phases      ] GC(859)   Pre Evacuate Collection Set: 0.30ms
[377.605s][info][gc,phases      ] GC(859)   Merge Heap Roots: 0.53ms
[377.605s][info][gc,phases      ] GC(859)   Evacuate Collection Set: 82.74ms
[377.605s][info][gc,phases      ] GC(859)   Post Evacuate Collection Set: 0.51ms
[377.605s][info][gc,phases      ] GC(859)   Other: 0.09ms
[377.605s][info][gc,heap        ] GC(859) Eden regions: 184->0(283)
[377.605s][info][gc,heap        ] GC(859) Survivor regions: 32->27(27)
[377.605s][info][gc,heap        ] GC(859) Old regions: 482->516
[377.605s][info][gc,heap        ] GC(859) Humongous regions: 4->4
[377.605s][info][gc,metaspace   ] GC(859) Metaspace: 18872K(19008K)->18872K(19008K) NonClass: 17042K(17152K)->17042K(17152K) Class: 1829K(1856K)->1829K(1856K)
[377.605s][info][gc             ] GC(859) Pause Young (Normal) (G1 Evacuation Pause) 701M->546M(972M) 84.440ms
[377.605s][info][gc,cpu         ] GC(859) User=0.17s Sys=0.00s Real=0.09s
[377.950s][info][gc,marking     ] GC(856) Concurrent Rebuild Remembered Sets and Scrub Regions 499.734ms
[377.950s][info][gc,start       ] GC(856) Pause Cleanup
[377.950s][info][gc             ] GC(856) Pause Cleanup 731M->731M(972M) 0.140ms
[377.950s][info][gc,cpu         ] GC(856) User=0.00s Sys=0.00s Real=0.00s
[377.950s][info][gc,marking     ] GC(856) Concurrent Clear Claimed Marks
[377.950s][info][gc,marking     ] GC(856) Concurrent Clear Claimed Marks 0.031ms
[377.950s][info][gc,marking     ] GC(856) Concurrent Cleanup for Next Mark
[377.953s][info][gc,marking     ] GC(856) Concurrent Cleanup for Next Mark 3.012ms
[377.953s][info][gc             ] GC(856) Concurrent Mark Cycle 1729.078ms
[378.121s][info][gc,start       ] GC(860) Pause Young (Prepare Mixed) (G1 Evacuation Pause)
[378.121s][info][gc,task        ] GC(860) Using 2 workers of 2 for evacuation
[378.256s][info][gc,phases      ] GC(860)   Pre Evacuate Collection Set: 0.35ms
[378.256s][info][gc,phases      ] GC(860)   Merge Heap Roots: 0.70ms
[378.256s][info][gc,phases      ] GC(860)   Evacuate Collection Set: 133.17ms
[378.256s][info][gc,phases      ] GC(860)   Post Evacuate Collection Set: 0.76ms
[378.256s][info][gc,phases      ] GC(860)   Other: 0.13ms
[378.256s][info][gc,heap        ] GC(860) Eden regions: 283->0(222)
[378.256s][info][gc,heap        ] GC(860) Survivor regions: 27->39(39)
[378.256s][info][gc,heap        ] GC(860) Old regions: 516->570
[378.256s][info][gc,heap        ] GC(860) Humongous regions: 7->7
[378.256s][info][gc,metaspace   ] GC(860) Metaspace: 18872K(19008K)->18872K(19008K) NonClass: 17042K(17152K)->17042K(17152K) Class: 1829K(1856K)->1829K(1856K)
[378.256s][info][gc             ] GC(860) Pause Young (Prepare Mixed) (G1 Evacuation Pause) 832M->615M(972M) 135.403ms
[378.256s][info][gc,cpu         ] GC(860) User=0.26s Sys=0.00s Real=0.14s
[378.486s][info][gc,start       ] GC(861) Pause Young (Mixed) (G1 Evacuation Pause)
[378.486s][info][gc,task        ] GC(861) Using 2 workers of 2 for evacuation
[378.563s][info][gc,phases      ] GC(861)   Pre Evacuate Collection Set: 0.56ms
[378.563s][info][gc,phases      ] GC(861)   Merge Heap Roots: 1.02ms
[378.563s][info][gc,phases      ] GC(861)   Evacuate Collection Set: 74.32ms
[378.563s][info][gc,phases      ] GC(861)   Post Evacuate Collection Set: 0.59ms
[378.563s][info][gc,phases      ] GC(861)   Other: 0.09ms
[378.563s][info][gc,heap        ] GC(861) Eden regions: 222->0(272)
[378.563s][info][gc,heap        ] GC(861) Survivor regions: 39->6(33)
[378.563s][info][gc,heap        ] GC(861) Old regions: 570->555
[378.563s][info][gc,heap        ] GC(861) Humongous regions: 7->7
[378.563s][info][gc,metaspace   ] GC(861) Metaspace: 18872K(19008K)->18872K(19008K) NonClass: 17042K(17152K)->17042K(17152K) Class: 1829K(1856K)->1829K(1856K)
[378.563s][info][gc             ] GC(861) Pause Young (Mixed) (G1 Evacuation Pause) 837M->567M(972M) 76.893ms
[378.563s][info][gc,cpu         ] GC(861) User=0.15s Sys=0.01s Real=0.07s
[378.932s][info][gc,start       ] GC(862) Pause Young (Concurrent Start) (G1 Evacuation Pause)
[378.932s][info][gc,task        ] GC(862) Using 2 workers of 2 for evacuation
[378.966s][info][gc,phases      ] GC(862)   Pre Evacuate Collection Set: 0.34ms
[378.966s][info][gc,phases      ] GC(862)   Merge Heap Roots: 0.27ms
[378.966s][info][gc,phases      ] GC(862)   Evacuate Collection Set: 32.24ms
[378.966s][info][gc,phases      ] GC(862)   Post Evacuate Collection Set: 0.74ms
[378.966s][info][gc,phases      ] GC(862)   Other: 0.14ms
[378.966s][info][gc,heap        ] GC(862) Eden regions: 272->0(277)
[378.966s][info][gc,heap        ] GC(862) Survivor regions: 6->19(35)
[378.966s][info][gc,heap        ] GC(862) Old regions: 555->555
[378.966s][info][gc,heap        ] GC(862) Humongous regions: 7->7
[378.966s][info][gc,metaspace   ] GC(862) Metaspace: 18872K(19008K)->18872K(19008K) NonClass: 17042K(17152K)->17042K(17152K) Class: 1829K(1856K)->1829K(1856K)
[378.966s][info][gc             ] GC(862) Pause Young (Concurrent Start) (G1 Evacuation Pause) 839M->580M(974M) 33.985ms
[378.966s][info][gc,cpu         ] GC(862) User=0.07s Sys=0.00s Real=0.04s
[378.966s][info][gc             ] GC(863) Concurrent Mark Cycle
[378.966s][info][gc,marking     ] GC(863) Concurrent Scan Root Regions
[379.007s][info][gc,marking     ] GC(863) Concurrent Scan Root Regions 41.390ms
[379.007s][info][gc,marking     ] GC(863) Concurrent Mark
[379.007s][info][gc,marking     ] GC(863) Concurrent Mark From Roots
[379.007s][info][gc,task        ] GC(863) Using 1 workers of 1 for marking
[380.036s][info][gc,start       ] GC(864) Pause Young (Normal) (G1 Evacuation Pause)
[380.036s][info][gc,task        ] GC(864) Using 2 workers of 2 for evacuation
[380.090s][info][gc,phases      ] GC(864)   Pre Evacuate Collection Set: 0.30ms
[380.090s][info][gc,phases      ] GC(864)   Merge Heap Roots: 0.34ms
[380.090s][info][gc,phases      ] GC(864)   Evacuate Collection Set: 52.42ms
[380.090s][info][gc,phases      ] GC(864)   Post Evacuate Collection Set: 0.60ms
[380.090s][info][gc,phases      ] GC(864)   Other: 0.09ms
[380.090s][info][gc,heap        ] GC(864) Eden regions: 277->0(272)
[380.090s][info][gc,heap        ] GC(864) Survivor regions: 19->33(37)
[380.090s][info][gc,heap        ] GC(864) Old regions: 555->561
[380.090s][info][gc,heap        ] GC(864) Humongous regions: 7->7
[380.090s][info][gc,metaspace   ] GC(864) Metaspace: 18872K(19008K)->18872K(19008K) NonClass: 17042K(17152K)->17042K(17152K) Class: 1829K(1856K)->1829K(1856K)
[380.090s][info][gc             ] GC(864) Pause Young (Normal) (G1 Evacuation Pause) 857M->600M(974M) 54.049ms
[380.090s][info][gc,cpu         ] GC(864) User=0.11s Sys=0.00s Real=0.05s
[380.791s][info][gc,marking     ] GC(863) Concurrent Mark From Roots 1783.245ms
[380.791s][info][gc,marking     ] GC(863) Concurrent Preclean
[380.791s][info][gc,marking     ] GC(863) Concurrent Preclean 0.046ms
[380.791s][info][gc,start       ] GC(863) Pause Remark
[380.800s][info][gc             ] GC(863) Pause Remark 770M->769M(978M) 8.773ms
[380.800s][info][gc,cpu         ] GC(863) User=0.01s Sys=0.00s Real=0.01s
[380.800s][info][gc,marking     ] GC(863) Concurrent Mark 1792.469ms
[380.800s][info][gc,marking     ] GC(863) Concurrent Rebuild Remembered Sets and Scrub Regions
[381.156s][info][gc,start       ] GC(865) Pause Young (Normal) (G1 Evacuation Pause)
[381.156s][info][gc,task        ] GC(865) Using 2 workers of 2 for evacuation
[381.198s][info][gc,phases      ] GC(865)   Pre Evacuate Collection Set: 0.35ms
[381.198s][info][gc,phases      ] GC(865)   Merge Heap Roots: 0.23ms
[381.198s][info][gc,phases      ] GC(865)   Evacuate Collection Set: 40.54ms
[381.198s][info][gc,phases      ] GC(865)   Post Evacuate Collection Set: 0.58ms
[381.198s][info][gc,phases      ] GC(865)   Other: 0.11ms
[381.198s][info][gc,heap        ] GC(865) Eden regions: 272->0(292)
[381.198s][info][gc,heap        ] GC(865) Survivor regions: 33->19(39)
[381.198s][info][gc,heap        ] GC(865) Old regions: 561->575
[381.198s][info][gc,heap        ] GC(865) Humongous regions: 6->6
[381.198s][info][gc,metaspace   ] GC(865) Metaspace: 18872K(19008K)->18872K(19008K) NonClass: 17042K(17152K)->17042K(17152K) Class: 1829K(1856K)->1829K(1856K)
[381.198s][info][gc             ] GC(865) Pause Young (Normal) (G1 Evacuation Pause) 871M->599M(978M) 42.062ms
[381.198s][info][gc,cpu         ] GC(865) User=0.08s Sys=0.00s Real=0.04s
[381.509s][info][gc,marking     ] GC(863) Concurrent Rebuild Remembered Sets and Scrub Regions 709.309ms
[381.509s][info][gc,start       ] GC(863) Pause Cleanup
[381.509s][info][gc             ] GC(863) Pause Cleanup 686M->686M(978M) 0.128ms
[381.509s][info][gc,cpu         ] GC(863) User=0.00s Sys=0.00s Real=0.00s
[381.510s][info][gc,marking     ] GC(863) Concurrent Clear Claimed Marks
[381.510s][info][gc,marking     ] GC(863) Concurrent Clear Claimed Marks 0.039ms
[381.510s][info][gc,marking     ] GC(863) Concurrent Cleanup for Next Mark
[381.513s][info][gc,marking     ] GC(863) Concurrent Cleanup for Next Mark 3.038ms
[381.513s][info][gc             ] GC(863) Concurrent Mark Cycle 2546.917ms
[382.029s][info][gc,start       ] GC(866) Pause Young (Prepare Mixed) (G1 Evacuation Pause)
[382.029s][info][gc,task        ] GC(866) Using 2 workers of 2 for evacuation
[382.063s][info][gc,phases      ] GC(866)   Pre Evacuate Collection Set: 0.34ms
[382.063s][info][gc,phases      ] GC(866)   Merge Heap Roots: 0.45ms
[382.063s][info][gc,phases      ] GC(866)   Evacuate Collection Set: 32.53ms
[382.063s][info][gc,phases      ] GC(866)   Post Evacuate Collection Set: 0.63ms
[382.063s][info][gc,phases      ] GC(866)   Other: 0.11ms
[382.063s][info][gc,heap        ] GC(866) Eden regions: 292->0(307)
[382.063s][info][gc,heap        ] GC(866) Survivor regions: 19->19(39)
[382.063s][info][gc,heap        ] GC(866) Old regions: 575->575
[382.063s][info][gc,heap        ] GC(866) Humongous regions: 6->6
[382.063s][info][gc,metaspace   ] GC(866) Metaspace: 18872K(19008K)->18872K(19008K) NonClass: 17042K(17152K)->17042K(17152K) Class: 1829K(1856K)->1829K(1856K)
[382.063s][info][gc             ] GC(866) Pause Young (Prepare Mixed) (G1 Evacuation Pause) 891M->599M(978M) 34.327ms
[382.063s][info][gc,cpu         ] GC(866) User=0.06s Sys=0.00s Real=0.03s
[382.459s][info][gc,start       ] GC(867) Pause Young (Mixed) (G1 Evacuation Pause)
[382.459s][info][gc,task        ] GC(867) Using 2 workers of 2 for evacuation
[382.579s][info][gc,phases      ] GC(867)   Pre Evacuate Collection Set: 0.37ms
[382.579s][info][gc,phases      ] GC(867)   Merge Heap Roots: 0.26ms
[382.579s][info][gc,phases      ] GC(867)   Evacuate Collection Set: 107.20ms
[382.579s][info][gc,phases      ] GC(867)   Post Evacuate Collection Set: 12.03ms
[382.579s][info][gc,phases      ] GC(867)   Other: 0.12ms
[382.579s][info][gc,heap        ] GC(867) Eden regions: 307->0(102)
[382.579s][info][gc,heap        ] GC(867) Survivor regions: 19->41(41)
[382.579s][info][gc,heap        ] GC(867) Old regions: 575->738
[382.579s][info][gc,heap        ] GC(867) Humongous regions: 6->6
[382.579s][info][gc,metaspace   ] GC(867) Metaspace: 18873K(19008K)->18873K(19008K) NonClass: 17043K(17152K)->17043K(17152K) Class: 1829K(1856K)->1829K(1856K)
[382.579s][info][gc             ] GC(867) Pause Young (Mixed) (G1 Evacuation Pause) (Evacuation Failure: Allocation) 906M->784M(978M) 120.292ms
[382.579s][info][gc,cpu         ] GC(867) User=0.24s Sys=0.00s Real=0.12s
[382.753s][info][gc,start       ] GC(868) Pause Young (Concurrent Start) (G1 Humongous Allocation)
[382.753s][info][gc,task        ] GC(868) Using 2 workers of 2 for evacuation
[382.849s][info][gc,phases      ] GC(868)   Pre Evacuate Collection Set: 0.47ms
[382.849s][info][gc,phases      ] GC(868)   Merge Heap Roots: 0.51ms
[382.849s][info][gc,phases      ] GC(868)   Evacuate Collection Set: 93.23ms
[382.849s][info][gc,phases      ] GC(868)   Post Evacuate Collection Set: 0.72ms
[382.849s][info][gc,phases      ] GC(868)   Other: 0.23ms
[382.849s][info][gc,heap        ] GC(868) Eden regions: 79->0(238)
[382.849s][info][gc,heap        ] GC(868) Survivor regions: 41->7(18)
[382.849s][info][gc,heap        ] GC(868) Old regions: 738->660
[382.849s][info][gc,heap        ] GC(868) Humongous regions: 6->6
[382.849s][info][gc,metaspace   ] GC(868) Metaspace: 18873K(19008K)->18873K(19008K) NonClass: 17043K(17152K)->17043K(17152K) Class: 1829K(1856K)->1829K(1856K)
[382.849s][info][gc             ] GC(868) Pause Young (Concurrent Start) (G1 Humongous Allocation) 863M->672M(978M) 95.433ms
[382.849s][info][gc,cpu         ] GC(868) User=0.19s Sys=0.00s Real=0.10s
[382.849s][info][gc             ] GC(869) Concurrent Mark Cycle
[382.849s][info][gc,marking     ] GC(869) Concurrent Scan Root Regions
[382.963s][info][gc,marking     ] GC(869) Concurrent Scan Root Regions 114.357ms
[382.963s][info][gc,marking     ] GC(869) Concurrent Mark
[382.963s][info][gc,marking     ] GC(869) Concurrent Mark From Roots
[382.963s][info][gc,task        ] GC(869) Using 1 workers of 1 for marking
[383.354s][info][gc,start       ] GC(870) Pause Young (Normal) (G1 Evacuation Pause)
[383.354s][info][gc,task        ] GC(870) Using 2 workers of 2 for evacuation
[383.441s][info][gc,phases      ] GC(870)   Pre Evacuate Collection Set: 0.33ms
[383.441s][info][gc,phases      ] GC(870)   Merge Heap Roots: 0.33ms
[383.441s][info][gc,phases      ] GC(870)   Evacuate Collection Set: 85.86ms
[383.441s][info][gc,phases      ] GC(870)   Post Evacuate Collection Set: 0.66ms
[383.441s][info][gc,phases      ] GC(870)   Other: 0.13ms
[383.441s][info][gc,heap        ] GC(870) Eden regions: 238->0(171)
[383.441s][info][gc,heap        ] GC(870) Survivor regions: 7->31(31)
[383.441s][info][gc,heap        ] GC(870) Old regions: 660->686
[383.441s][info][gc,heap        ] GC(870) Humongous regions: 9->9
[383.441s][info][gc,metaspace   ] GC(870) Metaspace: 18873K(19008K)->18873K(19008K) NonClass: 17043K(17152K)->17043K(17152K) Class: 1829K(1856K)->1829K(1856K)
[383.441s][info][gc             ] GC(870) Pause Young (Normal) (G1 Evacuation Pause) 913M->725M(978M) 87.589ms
[383.441s][info][gc,cpu         ] GC(870) User=0.17s Sys=0.00s Real=0.09s
[383.711s][info][gc,start       ] GC(871) Pause Young (Normal) (G1 Evacuation Pause)
[383.711s][info][gc,task        ] GC(871) Using 2 workers of 2 for evacuation
[383.773s][info][gc,phases      ] GC(871)   Pre Evacuate Collection Set: 0.32ms
[383.773s][info][gc,phases      ] GC(871)   Merge Heap Roots: 0.40ms
[383.773s][info][gc,phases      ] GC(871)   Evacuate Collection Set: 59.99ms
[383.773s][info][gc,phases      ] GC(871)   Post Evacuate Collection Set: 0.49ms
[383.773s][info][gc,phases      ] GC(871)   Other: 0.11ms
[383.773s][info][gc,heap        ] GC(871) Eden regions: 171->0(186)
[383.773s][info][gc,heap        ] GC(871) Survivor regions: 31->5(26)
[383.773s][info][gc,heap        ] GC(871) Old regions: 686->718
[383.773s][info][gc,heap        ] GC(871) Humongous regions: 9->9
[383.773s][info][gc,metaspace   ] GC(871) Metaspace: 18873K(19008K)->18873K(19008K) NonClass: 17043K(17152K)->17043K(17152K) Class: 1829K(1856K)->1829K(1856K)
[383.773s][info][gc             ] GC(871) Pause Young (Normal) (G1 Evacuation Pause) 896M->731M(978M) 61.599ms
[383.773s][info][gc,cpu         ] GC(871) User=0.13s Sys=0.00s Real=0.06s
[384.192s][info][gc,start       ] GC(872) Pause Young (Normal) (G1 Evacuation Pause)
[384.192s][info][gc,task        ] GC(872) Using 2 workers of 2 for evacuation
[384.223s][info][gc,phases      ] GC(872)   Pre Evacuate Collection Set: 0.56ms
[384.223s][info][gc,phases      ] GC(872)   Merge Heap Roots: 0.50ms
[384.223s][info][gc,phases      ] GC(872)   Evacuate Collection Set: 30.01ms
[384.223s][info][gc,phases      ] GC(872)   Post Evacuate Collection Set: 0.51ms
[384.223s][info][gc,phases      ] GC(872)   Other: 0.13ms
[384.223s][info][gc,heap        ] GC(872) Eden regions: 186->0(181)
[384.223s][info][gc,heap        ] GC(872) Survivor regions: 5->10(24)
[384.223s][info][gc,heap        ] GC(872) Old regions: 718->718
[384.223s][info][gc,heap        ] GC(872) Humongous regions: 9->9
[384.223s][info][gc,metaspace   ] GC(872) Metaspace: 18873K(19008K)->18873K(19008K) NonClass: 17043K(17152K)->17043K(17152K) Class: 1829K(1856K)->1829K(1856K)
[384.223s][info][gc             ] GC(872) Pause Young (Normal) (G1 Evacuation Pause) 917M->736M(978M) 31.967ms
[384.223s][info][gc,cpu         ] GC(872) User=0.06s Sys=0.00s Real=0.03s
[384.697s][info][gc,start       ] GC(873) Pause Young (Normal) (G1 Evacuation Pause)
[384.697s][info][gc,task        ] GC(873) Using 2 workers of 2 for evacuation
[384.727s][info][gc,phases      ] GC(873)   Pre Evacuate Collection Set: 0.32ms
[384.727s][info][gc,phases      ] GC(873)   Merge Heap Roots: 0.19ms
[384.727s][info][gc,phases      ] GC(873)   Evacuate Collection Set: 29.34ms
[384.727s][info][gc,phases      ] GC(873)   Post Evacuate Collection Set: 0.54ms
[384.727s][info][gc,phases      ] GC(873)   Other: 0.11ms
[384.727s][info][gc,heap        ] GC(873) Eden regions: 181->0(157)
[384.727s][info][gc,heap        ] GC(873) Survivor regions: 10->22(24)
[384.727s][info][gc,heap        ] GC(873) Old regions: 718->718
[384.727s][info][gc,heap        ] GC(873) Humongous regions: 9->9
[384.728s][info][gc,metaspace   ] GC(873) Metaspace: 18873K(19008K)->18873K(19008K) NonClass: 17043K(17152K)->17043K(17152K) Class: 1829K(1856K)->1829K(1856K)
[384.728s][info][gc             ] GC(873) Pause Young (Normal) (G1 Evacuation Pause) 917M->747M(978M) 30.744ms
[384.728s][info][gc,cpu         ] GC(873) User=0.06s Sys=0.00s Real=0.03s
[385.074s][info][gc,start       ] GC(874) Pause Young (Normal) (G1 Evacuation Pause)
[385.074s][info][gc,task        ] GC(874) Using 2 workers of 2 for evacuation
[385.140s][info][gc,phases      ] GC(874)   Pre Evacuate Collection Set: 0.55ms
[385.140s][info][gc,phases      ] GC(874)   Merge Heap Roots: 0.32ms
[385.140s][info][gc,phases      ] GC(874)   Evacuate Collection Set: 64.47ms
[385.140s][info][gc,phases      ] GC(874)   Post Evacuate Collection Set: 0.52ms
[385.141s][info][gc,phases      ] GC(874)   Other: 0.11ms
[385.141s][info][gc,heap        ] GC(874) Eden regions: 157->0(129)
[385.141s][info][gc,heap        ] GC(874) Survivor regions: 22->23(23)
[385.141s][info][gc,heap        ] GC(874) Old regions: 718->744
[385.141s][info][gc,heap        ] GC(874) Humongous regions: 9->9
[385.141s][info][gc,metaspace   ] GC(874) Metaspace: 18875K(19008K)->18875K(19008K) NonClass: 17045K(17152K)->17045K(17152K) Class: 1829K(1856K)->1829K(1856K)
[385.141s][info][gc             ] GC(874) Pause Young (Normal) (G1 Evacuation Pause) 904M->775M(978M) 66.241ms
[385.141s][info][gc,cpu         ] GC(874) User=0.13s Sys=0.00s Real=0.06s
[385.149s][info][gc,marking     ] GC(869) Concurrent Mark From Roots 2186.039ms
[385.149s][info][gc,marking     ] GC(869) Concurrent Preclean
[385.149s][info][gc,marking     ] GC(869) Concurrent Preclean 0.051ms
[385.150s][info][gc,start       ] GC(869) Pause Remark
[385.158s][info][gc             ] GC(869) Pause Remark 782M->769M(978M) 8.681ms
[385.158s][info][gc,cpu         ] GC(869) User=0.02s Sys=0.00s Real=0.01s
[385.158s][info][gc,marking     ] GC(869) Concurrent Mark 2195.098ms
[385.158s][info][gc,marking     ] GC(869) Concurrent Rebuild Remembered Sets and Scrub Regions
[385.427s][info][gc,start       ] GC(875) Pause Young (Normal) (G1 Evacuation Pause)
[385.427s][info][gc,task        ] GC(875) Using 2 workers of 2 for evacuation
[385.467s][info][gc,phases      ] GC(875)   Pre Evacuate Collection Set: 0.56ms
[385.468s][info][gc,phases      ] GC(875)   Merge Heap Roots: 0.17ms
[385.468s][info][gc,phases      ] GC(875)   Evacuate Collection Set: 39.29ms
[385.468s][info][gc,phases      ] GC(875)   Post Evacuate Collection Set: 0.45ms
[385.468s][info][gc,phases      ] GC(875)   Other: 0.08ms
[385.468s][info][gc,heap        ] GC(875) Eden regions: 129->0(144)
[385.468s][info][gc,heap        ] GC(875) Survivor regions: 23->10(19)
[385.468s][info][gc,heap        ] GC(875) Old regions: 731->755
[385.468s][info][gc,heap        ] GC(875) Humongous regions: 9->9
[385.468s][info][gc,metaspace   ] GC(875) Metaspace: 18878K(19008K)->18878K(19008K) NonClass: 17048K(17152K)->17048K(17152K) Class: 1829K(1856K)->1829K(1856K)
[385.468s][info][gc             ] GC(875) Pause Young (Normal) (G1 Evacuation Pause) 891M->772M(978M) 40.779ms
[385.468s][info][gc,cpu         ] GC(875) User=0.08s Sys=0.00s Real=0.04s
[385.779s][info][gc,start       ] GC(876) Pause Young (Normal) (G1 Evacuation Pause)
[385.780s][info][gc,task        ] GC(876) Using 2 workers of 2 for evacuation
[385.815s][info][gc,phases      ] GC(876)   Pre Evacuate Collection Set: 0.33ms
[385.815s][info][gc,phases      ] GC(876)   Merge Heap Roots: 0.11ms
[385.815s][info][gc,phases      ] GC(876)   Evacuate Collection Set: 34.19ms
[385.815s][info][gc,phases      ] GC(876)   Post Evacuate Collection Set: 0.46ms
[385.815s][info][gc,phases      ] GC(876)   Other: 0.11ms
[385.815s][info][gc,heap        ] GC(876) Eden regions: 144->0(116)
[385.815s][info][gc,heap        ] GC(876) Survivor regions: 10->20(20)
[385.815s][info][gc,heap        ] GC(876) Old regions: 755->763
[385.815s][info][gc,heap        ] GC(876) Humongous regions: 9->9
[385.815s][info][gc,metaspace   ] GC(876) Metaspace: 18878K(19008K)->18878K(19008K) NonClass: 17048K(17152K)->17048K(17152K) Class: 1829K(1856K)->1829K(1856K)
[385.815s][info][gc             ] GC(876) Pause Young (Normal) (G1 Evacuation Pause) 916M->791M(978M) 35.523ms
[385.815s][info][gc,cpu         ] GC(876) User=0.07s Sys=0.00s Real=0.04s
[385.981s][info][gc,start       ] GC(877) Pause Young (Normal) (G1 Evacuation Pause)
[385.981s][info][gc,task        ] GC(877) Using 2 workers of 2 for evacuation
[386.019s][info][gc,phases      ] GC(877)   Pre Evacuate Collection Set: 0.55ms
[386.019s][info][gc,phases      ] GC(877)   Merge Heap Roots: 0.14ms
[386.019s][info][gc,phases      ] GC(877)   Evacuate Collection Set: 36.44ms
[386.019s][info][gc,phases      ] GC(877)   Post Evacuate Collection Set: 0.43ms
[386.019s][info][gc,phases      ] GC(877)   Other: 0.13ms
[386.019s][info][gc,heap        ] GC(877) Eden regions: 116->0(112)
[386.019s][info][gc,heap        ] GC(877) Survivor regions: 20->12(17)
[386.019s][info][gc,heap        ] GC(877) Old regions: 763->783
[386.019s][info][gc,heap        ] GC(877) Humongous regions: 9->9
[386.019s][info][gc,metaspace   ] GC(877) Metaspace: 18878K(19008K)->18878K(19008K) NonClass: 17048K(17152K)->17048K(17152K) Class: 1829K(1856K)->1829K(1856K)
[386.019s][info][gc             ] GC(877) Pause Young (Normal) (G1 Evacuation Pause) 907M->803M(978M) 37.966ms
[386.019s][info][gc,cpu         ] GC(877) User=0.07s Sys=0.00s Real=0.04s
[386.066s][info][gc,marking     ] GC(869) Concurrent Rebuild Remembered Sets and Scrub Regions 907.810ms
[386.066s][info][gc,start       ] GC(869) Pause Cleanup
[386.067s][info][gc             ] GC(869) Pause Cleanup 816M->816M(978M) 0.124ms
[386.067s][info][gc,cpu         ] GC(869) User=0.00s Sys=0.00s Real=0.00s
[386.067s][info][gc,marking     ] GC(869) Concurrent Clear Claimed Marks
[386.067s][info][gc,marking     ] GC(869) Concurrent Clear Claimed Marks 0.045ms
[386.067s][info][gc,marking     ] GC(869) Concurrent Cleanup for Next Mark
[386.070s][info][gc,marking     ] GC(869) Concurrent Cleanup for Next Mark 2.996ms
[386.070s][info][gc             ] GC(869) Concurrent Mark Cycle 3221.569ms
[386.251s][info][gc,start       ] GC(878) Pause Young (Prepare Mixed) (G1 Evacuation Pause)
[386.251s][info][gc,task        ] GC(878) Using 2 workers of 2 for evacuation
[386.271s][info][gc,phases      ] GC(878)   Pre Evacuate Collection Set: 0.55ms
[386.271s][info][gc,phases      ] GC(878)   Merge Heap Roots: 0.15ms
[386.271s][info][gc,phases      ] GC(878)   Evacuate Collection Set: 18.51ms
[386.271s][info][gc,phases      ] GC(878)   Post Evacuate Collection Set: 0.45ms
[386.271s][info][gc,phases      ] GC(878)   Other: 0.13ms
[386.271s][info][gc,heap        ] GC(878) Eden regions: 112->0(116)
[386.271s][info][gc,heap        ] GC(878) Survivor regions: 12->4(16)
[386.271s][info][gc,heap        ] GC(878) Old regions: 783->795
[386.271s][info][gc,heap        ] GC(878) Humongous regions: 9->9
[386.271s][info][gc,metaspace   ] GC(878) Metaspace: 18878K(19008K)->18878K(19008K) NonClass: 17048K(17152K)->17048K(17152K) Class: 1829K(1856K)->1829K(1856K)
[386.271s][info][gc             ] GC(878) Pause Young (Prepare Mixed) (G1 Evacuation Pause) 915M->807M(978M) 20.044ms
[386.271s][info][gc,cpu         ] GC(878) User=0.04s Sys=0.00s Real=0.02s
[386.602s][info][gc,start       ] GC(879) Pause Young (Mixed) (G1 Evacuation Pause)
[386.602s][info][gc,task        ] GC(879) Using 2 workers of 2 for evacuation
[386.611s][info][gc,phases      ] GC(879)   Pre Evacuate Collection Set: 0.58ms
[386.611s][info][gc,phases      ] GC(879)   Merge Heap Roots: 0.17ms
[386.611s][info][gc,phases      ] GC(879)   Evacuate Collection Set: 8.08ms
[386.611s][info][gc,phases      ] GC(879)   Post Evacuate Collection Set: 0.43ms
[386.611s][info][gc,phases      ] GC(879)   Other: 0.13ms
[386.611s][info][gc,heap        ] GC(879) Eden regions: 116->0(125)
[386.611s][info][gc,heap        ] GC(879) Survivor regions: 4->5(15)
[386.611s][info][gc,heap        ] GC(879) Old regions: 795->784
[386.611s][info][gc,heap        ] GC(879) Humongous regions: 9->9
[386.611s][info][gc,metaspace   ] GC(879) Metaspace: 18878K(19008K)->18878K(19008K) NonClass: 17049K(17152K)->17049K(17152K) Class: 1829K(1856K)->1829K(1856K)
[386.611s][info][gc             ] GC(879) Pause Young (Mixed) (G1 Evacuation Pause) 923M->796M(978M) 9.684ms
[386.611s][info][gc,cpu         ] GC(879) User=0.02s Sys=0.00s Real=0.01s
[386.830s][info][gc,start       ] GC(880) Pause Young (Concurrent Start) (G1 Evacuation Pause)
[386.830s][info][gc,task        ] GC(880) Using 2 workers of 2 for evacuation
[386.852s][info][gc,phases      ] GC(880)   Pre Evacuate Collection Set: 0.36ms
[386.852s][info][gc,phases      ] GC(880)   Merge Heap Roots: 0.13ms
[386.852s][info][gc,phases      ] GC(880)   Evacuate Collection Set: 21.00ms
[386.852s][info][gc,phases      ] GC(880)   Post Evacuate Collection Set: 0.51ms
[386.852s][info][gc,phases      ] GC(880)   Other: 0.10ms
[386.852s][info][gc,heap        ] GC(880) Eden regions: 125->0(101)
[386.852s][info][gc,heap        ] GC(880) Survivor regions: 5->17(17)
[386.852s][info][gc,heap        ] GC(880) Old regions: 784->784
[386.852s][info][gc,heap        ] GC(880) Humongous regions: 9->9
[386.852s][info][gc,metaspace   ] GC(880) Metaspace: 18878K(19008K)->18878K(19008K) NonClass: 17049K(17152K)->17049K(17152K) Class: 1829K(1856K)->1829K(1856K)
[386.852s][info][gc             ] GC(880) Pause Young (Concurrent Start) (G1 Evacuation Pause) 921M->809M(978M) 22.367ms
[386.852s][info][gc,cpu         ] GC(880) User=0.05s Sys=0.00s Real=0.02s
[386.852s][info][gc             ] GC(881) Concurrent Mark Cycle
[386.854s][info][gc,marking     ] GC(881) Concurrent Scan Root Regions
[386.884s][info][gc,marking     ] GC(881) Concurrent Scan Root Regions 30.025ms
[386.884s][info][gc,marking     ] GC(881) Concurrent Mark
[386.884s][info][gc,marking     ] GC(881) Concurrent Mark From Roots
[386.884s][info][gc,task        ] GC(881) Using 1 workers of 1 for marking
[387.113s][info][gc,start       ] GC(882) Pause Young (Normal) (G1 Evacuation Pause)
[387.114s][info][gc,task        ] GC(882) Using 2 workers of 2 for evacuation
[387.138s][info][gc,phases      ] GC(882)   Pre Evacuate Collection Set: 0.35ms
[387.138s][info][gc,phases      ] GC(882)   Merge Heap Roots: 0.12ms
[387.138s][info][gc,phases      ] GC(882)   Evacuate Collection Set: 23.87ms
[387.138s][info][gc,phases      ] GC(882)   Post Evacuate Collection Set: 0.40ms
[387.138s][info][gc,phases      ] GC(882)   Other: 0.13ms
[387.138s][info][gc,heap        ] GC(882) Eden regions: 101->0(109)
[387.138s][info][gc,heap        ] GC(882) Survivor regions: 17->4(15)
[387.138s][info][gc,heap        ] GC(882) Old regions: 784->802
[387.138s][info][gc,heap        ] GC(882) Humongous regions: 9->9
[387.138s][info][gc,metaspace   ] GC(882) Metaspace: 18878K(19008K)->18878K(19008K) NonClass: 17049K(17152K)->17049K(17152K) Class: 1829K(1856K)->1829K(1856K)
[387.139s][info][gc             ] GC(882) Pause Young (Normal) (G1 Evacuation Pause) 910M->813M(978M) 25.126ms
[387.139s][info][gc,cpu         ] GC(882) User=0.05s Sys=0.00s Real=0.03s
[387.364s][info][gc,start       ] GC(883) Pause Young (Normal) (G1 Evacuation Pause)
[387.364s][info][gc,task        ] GC(883) Using 2 workers of 2 for evacuation
[387.388s][info][gc,phases      ] GC(883)   Pre Evacuate Collection Set: 0.32ms
[387.388s][info][gc,phases      ] GC(883)   Merge Heap Roots: 0.10ms
[387.388s][info][gc,phases      ] GC(883)   Evacuate Collection Set: 23.48ms
[387.388s][info][gc,phases      ] GC(883)   Post Evacuate Collection Set: 0.47ms
[387.388s][info][gc,phases      ] GC(883)   Other: 0.12ms
[387.388s][info][gc,heap        ] GC(883) Eden regions: 109->0(80)
[387.388s][info][gc,heap        ] GC(883) Survivor regions: 4->15(15)
[387.388s][info][gc,heap        ] GC(883) Old regions: 802->809
[387.388s][info][gc,heap        ] GC(883) Humongous regions: 9->9
[387.388s][info][gc,metaspace   ] GC(883) Metaspace: 18878K(19008K)->18878K(19008K) NonClass: 17049K(17152K)->17049K(17152K) Class: 1829K(1856K)->1829K(1856K)
[387.388s][info][gc             ] GC(883) Pause Young (Normal) (G1 Evacuation Pause) 922M->832M(978M) 24.755ms
[387.389s][info][gc,cpu         ] GC(883) User=0.05s Sys=0.00s Real=0.03s
[387.509s][info][gc,start       ] GC(884) Pause Young (Normal) (G1 Evacuation Pause)
[387.509s][info][gc,task        ] GC(884) Using 2 workers of 2 for evacuation
[387.553s][info][gc,phases      ] GC(884)   Pre Evacuate Collection Set: 0.32ms
[387.553s][info][gc,phases      ] GC(884)   Merge Heap Roots: 0.18ms
[387.553s][info][gc,phases      ] GC(884)   Evacuate Collection Set: 42.15ms
[387.553s][info][gc,phases      ] GC(884)   Post Evacuate Collection Set: 0.47ms
[387.553s][info][gc,phases      ] GC(884)   Other: 0.08ms
[387.553s][info][gc,heap        ] GC(884) Eden regions: 80->0(57)
[387.553s][info][gc,heap        ] GC(884) Survivor regions: 15->12(12)
[387.553s][info][gc,heap        ] GC(884) Old regions: 809->838
[387.553s][info][gc,heap        ] GC(884) Humongous regions: 9->9
[387.553s][info][gc,metaspace   ] GC(884) Metaspace: 18878K(19008K)->18878K(19008K) NonClass: 17049K(17152K)->17049K(17152K) Class: 1829K(1856K)->1829K(1856K)
[387.553s][info][gc             ] GC(884) Pause Young (Normal) (G1 Evacuation Pause) 912M->858M(978M) 43.451ms
[387.553s][info][gc,cpu         ] GC(884) User=0.08s Sys=0.00s Real=0.04s
[387.651s][info][gc,start       ] GC(885) Pause Young (Normal) (G1 Evacuation Pause)
[387.651s][info][gc,task        ] GC(885) Using 2 workers of 2 for evacuation
[387.685s][info][gc,phases      ] GC(885)   Pre Evacuate Collection Set: 0.30ms
[387.685s][info][gc,phases      ] GC(885)   Merge Heap Roots: 0.22ms
[387.685s][info][gc,phases      ] GC(885)   Evacuate Collection Set: 32.67ms
[387.685s][info][gc,phases      ] GC(885)   Post Evacuate Collection Set: 0.43ms
[387.685s][info][gc,phases      ] GC(885)   Other: 0.08ms
[387.685s][info][gc,heap        ] GC(885) Eden regions: 57->0(41)
[387.685s][info][gc,heap        ] GC(885) Survivor regions: 12->9(9)
[387.685s][info][gc,heap        ] GC(885) Old regions: 838->860
[387.685s][info][gc,heap        ] GC(885) Humongous regions: 9->9
[387.685s][info][gc,metaspace   ] GC(885) Metaspace: 18878K(19008K)->18878K(19008K) NonClass: 17049K(17152K)->17049K(17152K) Class: 1829K(1856K)->1829K(1856K)
[387.685s][info][gc             ] GC(885) Pause Young (Normal) (G1 Evacuation Pause) 915M->877M(978M) 33.995ms
[387.685s][info][gc,cpu         ] GC(885) User=0.07s Sys=0.00s Real=0.04s
[387.775s][info][gc,start       ] GC(886) Pause Young (Normal) (G1 Evacuation Pause)
[387.775s][info][gc,task        ] GC(886) Using 2 workers of 2 for evacuation
[387.798s][info][gc,phases      ] GC(886)   Pre Evacuate Collection Set: 0.56ms
[387.798s][info][gc,phases      ] GC(886)   Merge Heap Roots: 0.17ms
[387.798s][info][gc,phases      ] GC(886)   Evacuate Collection Set: 21.05ms
[387.798s][info][gc,phases      ] GC(886)   Post Evacuate Collection Set: 0.38ms
[387.798s][info][gc,phases      ] GC(886)   Other: 0.08ms
[387.798s][info][gc,heap        ] GC(886) Eden regions: 41->0(41)
[387.798s][info][gc,heap        ] GC(886) Survivor regions: 9->7(7)
[387.798s][info][gc,heap        ] GC(886) Old regions: 860->872
[387.798s][info][gc,heap        ] GC(886) Humongous regions: 9->9
[387.798s][info][gc,metaspace   ] GC(886) Metaspace: 18878K(19008K)->18878K(19008K) NonClass: 17049K(17152K)->17049K(17152K) Class: 1829K(1856K)->1829K(1856K)
[387.798s][info][gc             ] GC(886) Pause Young (Normal) (G1 Evacuation Pause) 918M->887M(978M) 22.476ms
[387.798s][info][gc,cpu         ] GC(886) User=0.04s Sys=0.00s Real=0.02s
[387.972s][info][gc,start       ] GC(887) Pause Young (Normal) (G1 Evacuation Pause)
[387.972s][info][gc,task        ] GC(887) Using 2 workers of 2 for evacuation
[387.986s][info][gc,phases      ] GC(887)   Pre Evacuate Collection Set: 0.55ms
[387.986s][info][gc,phases      ] GC(887)   Merge Heap Roots: 0.14ms
[387.986s][info][gc,phases      ] GC(887)   Evacuate Collection Set: 12.09ms
[387.986s][info][gc,phases      ] GC(887)   Post Evacuate Collection Set: 0.34ms
[387.986s][info][gc,phases      ] GC(887)   Other: 0.10ms
[387.986s][info][gc,heap        ] GC(887) Eden regions: 41->0(44)
[387.986s][info][gc,heap        ] GC(887) Survivor regions: 7->4(6)
[387.986s][info][gc,heap        ] GC(887) Old regions: 872->880
[387.986s][info][gc,heap        ] GC(887) Humongous regions: 9->9
[387.986s][info][gc,metaspace   ] GC(887) Metaspace: 18878K(19008K)->18878K(19008K) NonClass: 17049K(17152K)->17049K(17152K) Class: 1829K(1856K)->1829K(1856K)
[387.986s][info][gc             ] GC(887) Pause Young (Normal) (G1 Evacuation Pause) 928M->891M(978M) 13.505ms
[387.986s][info][gc,cpu         ] GC(887) User=0.03s Sys=0.00s Real=0.02s
[388.102s][info][gc,start       ] GC(888) Pause Young (Normal) (G1 Evacuation Pause)
[388.102s][info][gc,task        ] GC(888) Using 2 workers of 2 for evacuation
[388.113s][info][gc,phases      ] GC(888)   Pre Evacuate Collection Set: 0.34ms
[388.113s][info][gc,phases      ] GC(888)   Merge Heap Roots: 0.15ms
[388.113s][info][gc,phases      ] GC(888)   Evacuate Collection Set: 9.94ms
[388.113s][info][gc,phases      ] GC(888)   Post Evacuate Collection Set: 0.33ms
[388.113s][info][gc,phases      ] GC(888)   Other: 0.10ms
[388.113s][info][gc,heap        ] GC(888) Eden regions: 44->0(46)
[388.113s][info][gc,heap        ] GC(888) Survivor regions: 4->2(6)
[388.113s][info][gc,heap        ] GC(888) Old regions: 880->883
[388.113s][info][gc,heap        ] GC(888) Humongous regions: 9->9
[388.113s][info][gc,metaspace   ] GC(888) Metaspace: 18878K(19008K)->18878K(19008K) NonClass: 17049K(17152K)->17049K(17152K) Class: 1829K(1856K)->1829K(1856K)
[388.113s][info][gc             ] GC(888) Pause Young (Normal) (G1 Evacuation Pause) 935M->893M(978M) 11.099ms
[388.114s][info][gc,cpu         ] GC(888) User=0.02s Sys=0.00s Real=0.01s
[388.186s][info][gc,start       ] GC(889) Pause Young (Normal) (G1 Evacuation Pause)
[388.186s][info][gc,task        ] GC(889) Using 2 workers of 2 for evacuation
[388.193s][info][gc,phases      ] GC(889)   Pre Evacuate Collection Set: 0.34ms
[388.193s][info][gc,phases      ] GC(889)   Merge Heap Roots: 0.10ms
[388.193s][info][gc,phases      ] GC(889)   Evacuate Collection Set: 5.64ms
[388.193s][info][gc,phases      ] GC(889)   Post Evacuate Collection Set: 0.34ms
[388.193s][info][gc,phases      ] GC(889)   Other: 0.11ms
[388.193s][info][gc,heap        ] GC(889) Eden regions: 46->0(45)
[388.193s][info][gc,heap        ] GC(889) Survivor regions: 2->3(6)
[388.193s][info][gc,heap        ] GC(889) Old regions: 883->883
[388.193s][info][gc,heap        ] GC(889) Humongous regions: 9->9
[388.193s][info][gc,metaspace   ] GC(889) Metaspace: 18878K(19008K)->18878K(19008K) NonClass: 17049K(17152K)->17049K(17152K) Class: 1829K(1856K)->1829K(1856K)
[388.193s][info][gc             ] GC(889) Pause Young (Normal) (G1 Evacuation Pause) 939M->894M(978M) 6.768ms
[388.193s][info][gc,cpu         ] GC(889) User=0.02s Sys=0.00s Real=0.00s
[388.281s][info][gc,start       ] GC(890) Pause Young (Normal) (G1 Evacuation Pause)
[388.281s][info][gc,task        ] GC(890) Using 2 workers of 2 for evacuation
[388.293s][info][gc,phases      ] GC(890)   Pre Evacuate Collection Set: 0.31ms
[388.293s][info][gc,phases      ] GC(890)   Merge Heap Roots: 0.29ms
[388.293s][info][gc,phases      ] GC(890)   Evacuate Collection Set: 10.47ms
[388.293s][info][gc,phases      ] GC(890)   Post Evacuate Collection Set: 0.36ms
[388.293s][info][gc,phases      ] GC(890)   Other: 0.11ms
[388.293s][info][gc,heap        ] GC(890) Eden regions: 45->0(44)
[388.293s][info][gc,heap        ] GC(890) Survivor regions: 3->4(6)
[388.293s][info][gc,heap        ] GC(890) Old regions: 883->883
[388.293s][info][gc,heap        ] GC(890) Humongous regions: 9->9
[388.293s][info][gc,metaspace   ] GC(890) Metaspace: 18878K(19008K)->18878K(19008K) NonClass: 17049K(17152K)->17049K(17152K) Class: 1829K(1856K)->1829K(1856K)
[388.293s][info][gc             ] GC(890) Pause Young (Normal) (G1 Evacuation Pause) 939M->895M(978M) 11.775ms
[388.293s][info][gc,cpu         ] GC(890) User=0.02s Sys=0.00s Real=0.01s
[388.443s][info][gc,start       ] GC(891) Pause Young (Normal) (G1 Evacuation Pause)
[388.443s][info][gc,task        ] GC(891) Using 2 workers of 2 for evacuation
[388.485s][info][gc,phases      ] GC(891)   Pre Evacuate Collection Set: 0.58ms
[388.485s][info][gc,phases      ] GC(891)   Merge Heap Roots: 0.30ms
[388.485s][info][gc,phases      ] GC(891)   Evacuate Collection Set: 40.20ms
[388.485s][info][gc,phases      ] GC(891)   Post Evacuate Collection Set: 0.51ms
[388.485s][info][gc,phases      ] GC(891)   Other: 0.08ms
[388.485s][info][gc,heap        ] GC(891) Eden regions: 44->0(42)
[388.485s][info][gc,heap        ] GC(891) Survivor regions: 4->6(6)
[388.485s][info][gc,heap        ] GC(891) Old regions: 883->895
[388.485s][info][gc,heap        ] GC(891) Humongous regions: 12->12
[388.485s][info][gc,metaspace   ] GC(891) Metaspace: 18878K(19008K)->18878K(19008K) NonClass: 17049K(17152K)->17049K(17152K) Class: 1829K(1856K)->1829K(1856K)
[388.485s][info][gc             ] GC(891) Pause Young (Normal) (G1 Evacuation Pause) 942M->912M(978M) 41.957ms
[388.485s][info][gc,cpu         ] GC(891) User=0.08s Sys=0.00s Real=0.05s
[388.615s][info][gc,start       ] GC(892) Pause Young (Normal) (G1 Evacuation Pause)
[388.615s][info][gc,task        ] GC(892) Using 2 workers of 2 for evacuation
[388.651s][info][gc,phases      ] GC(892)   Pre Evacuate Collection Set: 0.30ms
[388.651s][info][gc,phases      ] GC(892)   Merge Heap Roots: 0.41ms
[388.651s][info][gc,phases      ] GC(892)   Evacuate Collection Set: 34.31ms
[388.651s][info][gc,phases      ] GC(892)   Post Evacuate Collection Set: 0.34ms
[388.651s][info][gc,phases      ] GC(892)   Other: 0.08ms
[388.651s][info][gc,heap        ] GC(892) Eden regions: 42->0(42)
[388.651s][info][gc,heap        ] GC(892) Survivor regions: 6->6(6)
[388.651s][info][gc,heap        ] GC(892) Old regions: 895->903
[388.651s][info][gc,heap        ] GC(892) Humongous regions: 12->12
[388.651s][info][gc,metaspace   ] GC(892) Metaspace: 18878K(19008K)->18878K(19008K) NonClass: 17049K(17152K)->17049K(17152K) Class: 1829K(1856K)->1829K(1856K)
[388.651s][info][gc             ] GC(892) Pause Young (Normal) (G1 Evacuation Pause) 954M->920M(978M) 35.697ms
[388.651s][info][gc,cpu         ] GC(892) User=0.07s Sys=0.00s Real=0.03s
[388.735s][info][gc,start       ] GC(893) Pause Young (Normal) (G1 Evacuation Pause)
[388.735s][info][gc,task        ] GC(893) Using 2 workers of 2 for evacuation
[388.759s][info][gc,phases      ] GC(893)   Pre Evacuate Collection Set: 0.31ms
[388.759s][info][gc,phases      ] GC(893)   Merge Heap Roots: 0.13ms
[388.759s][info][gc,phases      ] GC(893)   Evacuate Collection Set: 22.38ms
[388.759s][info][gc,phases      ] GC(893)   Post Evacuate Collection Set: 1.10ms
[388.759s][info][gc,phases      ] GC(893)   Other: 0.07ms
[388.759s][info][gc,heap        ] GC(893) Eden regions: 42->0(22)
[388.759s][info][gc,heap        ] GC(893) Survivor regions: 6->6(6)
[388.759s][info][gc,heap        ] GC(893) Old regions: 903->932
[388.759s][info][gc,heap        ] GC(893) Humongous regions: 12->12
[388.759s][info][gc,metaspace   ] GC(893) Metaspace: 18878K(19008K)->18878K(19008K) NonClass: 17049K(17152K)->17049K(17152K) Class: 1829K(1856K)->1829K(1856K)
[388.759s][info][gc             ] GC(893) Pause Young (Normal) (G1 Evacuation Pause) (Evacuation Failure: Allocation) 962M->949M(978M) 24.247ms
[388.759s][info][gc,cpu         ] GC(893) User=0.05s Sys=0.00s Real=0.02s
[388.796s][info][gc,marking     ] GC(881) Concurrent Mark From Roots 1911.642ms
[388.796s][info][gc,marking     ] GC(881) Concurrent Preclean
[388.796s][info][gc,marking     ] GC(881) Concurrent Preclean 0.053ms
[388.796s][info][gc,start       ] GC(881) Pause Remark
[388.805s][info][gc             ] GC(881) Pause Remark 967M->700M(978M) 8.680ms
[388.805s][info][gc,cpu         ] GC(881) User=0.02s Sys=0.00s Real=0.01s
[388.807s][info][gc,marking     ] GC(881) Concurrent Mark 1922.322ms
[388.807s][info][gc,marking     ] GC(881) Concurrent Rebuild Remembered Sets and Scrub Regions
[388.819s][info][gc,start       ] GC(894) Pause Young (Normal) (G1 Evacuation Pause)
[388.819s][info][gc,task        ] GC(894) Using 2 workers of 2 for evacuation
[388.831s][info][gc,phases      ] GC(894)   Pre Evacuate Collection Set: 0.53ms
[388.831s][info][gc,phases      ] GC(894)   Merge Heap Roots: 0.10ms
[388.831s][info][gc,phases      ] GC(894)   Evacuate Collection Set: 11.25ms
[388.831s][info][gc,phases      ] GC(894)   Post Evacuate Collection Set: 0.33ms
[388.831s][info][gc,phases      ] GC(894)   Other: 0.11ms
[388.831s][info][gc,heap        ] GC(894) Eden regions: 22->0(230)
[388.831s][info][gc,heap        ] GC(894) Survivor regions: 6->2(4)
[388.831s][info][gc,heap        ] GC(894) Old regions: 670->657
[388.831s][info][gc,heap        ] GC(894) Humongous regions: 7->7
[388.831s][info][gc,metaspace   ] GC(894) Metaspace: 18878K(19008K)->18878K(19008K) NonClass: 17049K(17152K)->17049K(17152K) Class: 1829K(1856K)->1829K(1856K)
[388.831s][info][gc             ] GC(894) Pause Young (Normal) (G1 Evacuation Pause) 704M->665M(978M) 12.566ms
[388.831s][info][gc,cpu         ] GC(894) User=0.02s Sys=0.00s Real=0.01s
[389.260s][info][gc,start       ] GC(895) Pause Young (Normal) (G1 Evacuation Pause)
[389.260s][info][gc,task        ] GC(895) Using 2 workers of 2 for evacuation
[389.311s][info][gc,phases      ] GC(895)   Pre Evacuate Collection Set: 0.31ms
[389.312s][info][gc,phases      ] GC(895)   Merge Heap Roots: 0.58ms
[389.312s][info][gc,phases      ] GC(895)   Evacuate Collection Set: 50.35ms
[389.312s][info][gc,phases      ] GC(895)   Post Evacuate Collection Set: 0.53ms
[389.312s][info][gc,phases      ] GC(895)   Other: 0.11ms
[389.312s][info][gc,heap        ] GC(895) Eden regions: 230->0(208)
[389.312s][info][gc,heap        ] GC(895) Survivor regions: 2->28(29)
[389.312s][info][gc,heap        ] GC(895) Old regions: 657->657
[389.312s][info][gc,heap        ] GC(895) Humongous regions: 7->7
[389.312s][info][gc,metaspace   ] GC(895) Metaspace: 18878K(19008K)->18878K(19008K) NonClass: 17049K(17152K)->17049K(17152K) Class: 1829K(1856K)->1829K(1856K)
[389.312s][info][gc             ] GC(895) Pause Young (Normal) (G1 Evacuation Pause) 895M->691M(978M) 52.129ms
[389.312s][info][gc,cpu         ] GC(895) User=0.10s Sys=0.00s Real=0.05s
[389.469s][info][gc,marking     ] GC(881) Concurrent Rebuild Remembered Sets and Scrub Regions 661.838ms
[389.469s][info][gc,start       ] GC(881) Pause Cleanup
[389.469s][info][gc             ] GC(881) Pause Cleanup 782M->782M(978M) 0.182ms
[389.469s][info][gc,cpu         ] GC(881) User=0.00s Sys=0.00s Real=0.00s
[389.471s][info][gc,marking     ] GC(881) Concurrent Clear Claimed Marks
[389.471s][info][gc,marking     ] GC(881) Concurrent Clear Claimed Marks 0.075ms
[389.471s][info][gc,marking     ] GC(881) Concurrent Cleanup for Next Mark
[389.474s][info][gc,marking     ] GC(881) Concurrent Cleanup for Next Mark 2.990ms
[389.474s][info][gc             ] GC(881) Concurrent Mark Cycle 2621.955ms
[389.607s][info][gc,start       ] GC(896) Pause Young (Prepare Mixed) (G1 Evacuation Pause)
[389.607s][info][gc,task        ] GC(896) Using 2 workers of 2 for evacuation
[389.644s][info][gc,phases      ] GC(896)   Pre Evacuate Collection Set: 0.35ms
[389.644s][info][gc,phases      ] GC(896)   Merge Heap Roots: 0.31ms
[389.644s][info][gc,phases      ] GC(896)   Evacuate Collection Set: 35.54ms
[389.644s][info][gc,phases      ] GC(896)   Post Evacuate Collection Set: 0.54ms
[389.644s][info][gc,phases      ] GC(896)   Other: 0.11ms
[389.644s][info][gc,heap        ] GC(896) Eden regions: 208->0(220)
[389.644s][info][gc,heap        ] GC(896) Survivor regions: 28->2(30)
[389.644s][info][gc,heap        ] GC(896) Old regions: 657->685
[389.644s][info][gc,heap        ] GC(896) Humongous regions: 7->7
[389.644s][info][gc,metaspace   ] GC(896) Metaspace: 18878K(19008K)->18878K(19008K) NonClass: 17049K(17152K)->17049K(17152K) Class: 1829K(1856K)->1829K(1856K)
[389.644s][info][gc             ] GC(896) Pause Young (Prepare Mixed) (G1 Evacuation Pause) 899M->693M(978M) 37.105ms
[389.644s][info][gc,cpu         ] GC(896) User=0.08s Sys=0.00s Real=0.03s
[389.875s][info][gc,start       ] GC(897) Pause Young (Mixed) (G1 Evacuation Pause)
[389.875s][info][gc,task        ] GC(897) Using 2 workers of 2 for evacuation
[389.924s][info][gc,phases      ] GC(897)   Pre Evacuate Collection Set: 0.58ms
[389.924s][info][gc,phases      ] GC(897)   Merge Heap Roots: 0.34ms
[389.924s][info][gc,phases      ] GC(897)   Evacuate Collection Set: 47.09ms
[389.924s][info][gc,phases      ] GC(897)   Post Evacuate Collection Set: 0.74ms
[389.924s][info][gc,phases      ] GC(897)   Other: 0.13ms
[389.924s][info][gc,heap        ] GC(897) Eden regions: 220->0(244)
[389.924s][info][gc,heap        ] GC(897) Survivor regions: 2->28(28)
[389.924s][info][gc,heap        ] GC(897) Old regions: 685->615
[389.924s][info][gc,heap        ] GC(897) Humongous regions: 7->7
[389.924s][info][gc,metaspace   ] GC(897) Metaspace: 18878K(19008K)->18878K(19008K) NonClass: 17049K(17152K)->17049K(17152K) Class: 1829K(1856K)->1829K(1856K)
[389.924s][info][gc             ] GC(897) Pause Young (Mixed) (G1 Evacuation Pause) 913M->649M(978M) 49.152ms
[389.924s][info][gc,cpu         ] GC(897) User=0.09s Sys=0.00s Real=0.05s
[390.165s][info][gc,start       ] GC(898) Pause Young (Concurrent Start) (G1 Humongous Allocation)
[390.165s][info][gc,task        ] GC(898) Using 2 workers of 2 for evacuation
[390.245s][info][gc,phases      ] GC(898)   Pre Evacuate Collection Set: 0.36ms
[390.245s][info][gc,phases      ] GC(898)   Merge Heap Roots: 0.25ms
[390.245s][info][gc,phases      ] GC(898)   Evacuate Collection Set: 78.45ms
[390.245s][info][gc,phases      ] GC(898)   Post Evacuate Collection Set: 0.65ms
[390.245s][info][gc,phases      ] GC(898)   Other: 0.21ms
[390.245s][info][gc,heap        ] GC(898) Eden regions: 199->0(199)
[390.245s][info][gc,heap        ] GC(898) Survivor regions: 28->34(34)
[390.245s][info][gc,heap        ] GC(898) Old regions: 615->649
[390.245s][info][gc,heap        ] GC(898) Humongous regions: 7->7
[390.245s][info][gc,metaspace   ] GC(898) Metaspace: 18878K(19008K)->18878K(19008K) NonClass: 17049K(17152K)->17049K(17152K) Class: 1829K(1856K)->1829K(1856K)
[390.245s][info][gc             ] GC(898) Pause Young (Concurrent Start) (G1 Humongous Allocation) 848M->689M(978M) 80.160ms
[390.245s][info][gc,cpu         ] GC(898) User=0.16s Sys=0.01s Real=0.08s
[390.245s][info][gc             ] GC(899) Concurrent Mark Cycle
[390.245s][info][gc,marking     ] GC(899) Concurrent Scan Root Regions
[390.353s][info][gc,marking     ] GC(899) Concurrent Scan Root Regions 107.792ms
[390.353s][info][gc,marking     ] GC(899) Concurrent Mark
[390.353s][info][gc,marking     ] GC(899) Concurrent Mark From Roots
[390.353s][info][gc,task        ] GC(899) Using 1 workers of 1 for marking
[390.976s][info][gc,start       ] GC(900) Pause Young (Normal) (G1 Evacuation Pause)
[390.976s][info][gc,task        ] GC(900) Using 2 workers of 2 for evacuation
[391.042s][info][gc,phases      ] GC(900)   Pre Evacuate Collection Set: 0.31ms
[391.042s][info][gc,phases      ] GC(900)   Merge Heap Roots: 0.36ms
[391.042s][info][gc,phases      ] GC(900)   Evacuate Collection Set: 64.37ms
[391.042s][info][gc,phases      ] GC(900)   Post Evacuate Collection Set: 0.49ms
[391.042s][info][gc,phases      ] GC(900)   Other: 0.09ms
[391.042s][info][gc,heap        ] GC(900) Eden regions: 199->0(195)
[391.042s][info][gc,heap        ] GC(900) Survivor regions: 34->14(30)
[391.042s][info][gc,heap        ] GC(900) Old regions: 649->684
[391.042s][info][gc,heap        ] GC(900) Humongous regions: 8->8
[391.042s][info][gc,metaspace   ] GC(900) Metaspace: 18878K(19008K)->18878K(19008K) NonClass: 17049K(17152K)->17049K(17152K) Class: 1829K(1856K)->1829K(1856K)
[391.042s][info][gc             ] GC(900) Pause Young (Normal) (G1 Evacuation Pause) 889M->704M(978M) 65.908ms
[391.042s][info][gc,cpu         ] GC(900) User=0.13s Sys=0.00s Real=0.06s
[391.438s][info][gc,start       ] GC(901) Pause Young (Normal) (G1 Evacuation Pause)
[391.438s][info][gc,task        ] GC(901) Using 2 workers of 2 for evacuation
[391.486s][info][gc,phases      ] GC(901)   Pre Evacuate Collection Set: 0.34ms
[391.486s][info][gc,phases      ] GC(901)   Merge Heap Roots: 0.19ms
[391.486s][info][gc,phases      ] GC(901)   Evacuate Collection Set: 46.35ms
[391.486s][info][gc,phases      ] GC(901)   Post Evacuate Collection Set: 0.49ms
[391.486s][info][gc,phases      ] GC(901)   Other: 0.09ms
[391.486s][info][gc,heap        ] GC(901) Eden regions: 195->0(174)
[391.486s][info][gc,heap        ] GC(901) Survivor regions: 14->27(27)
[391.486s][info][gc,heap        ] GC(901) Old regions: 684->692
[391.486s][info][gc,heap        ] GC(901) Humongous regions: 8->8
[391.486s][info][gc,metaspace   ] GC(901) Metaspace: 18878K(19008K)->18878K(19008K) NonClass: 17049K(17152K)->17049K(17152K) Class: 1829K(1856K)->1829K(1856K)
[391.486s][info][gc             ] GC(901) Pause Young (Normal) (G1 Evacuation Pause) 899M->726M(978M) 47.746ms
[391.486s][info][gc,cpu         ] GC(901) User=0.10s Sys=0.00s Real=0.05s
[391.693s][info][gc,marking     ] GC(899) Concurrent Mark From Roots 1339.910ms
[391.693s][info][gc,marking     ] GC(899) Concurrent Preclean
[391.693s][info][gc,marking     ] GC(899) Concurrent Preclean 0.052ms
[391.693s][info][gc,start       ] GC(899) Pause Remark
[391.702s][info][gc             ] GC(899) Pause Remark 831M->633M(978M) 8.836ms
[391.702s][info][gc,cpu         ] GC(899) User=0.02s Sys=0.00s Real=0.01s
[391.702s][info][gc,marking     ] GC(899) Concurrent Mark 1349.141ms
[391.702s][info][gc,marking     ] GC(899) Concurrent Rebuild Remembered Sets and Scrub Regions
[391.878s][info][gc,start       ] GC(902) Pause Young (Normal) (G1 Evacuation Pause)
[391.878s][info][gc,task        ] GC(902) Using 2 workers of 2 for evacuation
[391.919s][info][gc,phases      ] GC(902)   Pre Evacuate Collection Set: 0.55ms
[391.919s][info][gc,phases      ] GC(902)   Merge Heap Roots: 0.20ms
[391.919s][info][gc,phases      ] GC(902)   Evacuate Collection Set: 39.32ms
[391.919s][info][gc,phases      ] GC(902)   Post Evacuate Collection Set: 0.48ms
[391.919s][info][gc,phases      ] GC(902)   Other: 0.10ms
[391.919s][info][gc,heap        ] GC(902) Eden regions: 174->0(333)
[391.919s][info][gc,heap        ] GC(902) Survivor regions: 27->4(26)
[391.919s][info][gc,heap        ] GC(902) Old regions: 497->524
[391.919s][info][gc,heap        ] GC(902) Humongous regions: 5->5
[391.919s][info][gc,metaspace   ] GC(902) Metaspace: 18878K(19008K)->18878K(19008K) NonClass: 17049K(17152K)->17049K(17152K) Class: 1829K(1856K)->1829K(1856K)
[391.919s][info][gc             ] GC(902) Pause Young (Normal) (G1 Evacuation Pause) 702M->532M(978M) 40.901ms
[391.919s][info][gc,cpu         ] GC(902) User=0.08s Sys=0.00s Real=0.04s
[392.260s][info][gc,marking     ] GC(899) Concurrent Rebuild Remembered Sets and Scrub Regions 557.562ms
[392.260s][info][gc,start       ] GC(899) Pause Cleanup
[392.260s][info][gc             ] GC(899) Pause Cleanup 681M->681M(978M) 0.129ms
[392.260s][info][gc,cpu         ] GC(899) User=0.00s Sys=0.00s Real=0.00s
[392.262s][info][gc,marking     ] GC(899) Concurrent Clear Claimed Marks
[392.262s][info][gc,marking     ] GC(899) Concurrent Clear Claimed Marks 0.057ms
[392.262s][info][gc,marking     ] GC(899) Concurrent Cleanup for Next Mark
[392.269s][info][gc,marking     ] GC(899) Concurrent Cleanup for Next Mark 6.935ms
[392.269s][info][gc             ] GC(899) Concurrent Mark Cycle 2024.218ms
[392.786s][info][gc,start       ] GC(903) Pause Young (Prepare Mixed) (G1 Evacuation Pause)
[392.786s][info][gc,task        ] GC(903) Using 2 workers of 2 for evacuation
[392.814s][info][gc,phases      ] GC(903)   Pre Evacuate Collection Set: 0.56ms
[392.814s][info][gc,phases      ] GC(903)   Merge Heap Roots: 0.27ms
[392.814s][info][gc,phases      ] GC(903)   Evacuate Collection Set: 26.13ms
[392.814s][info][gc,phases      ] GC(903)   Post Evacuate Collection Set: 0.62ms
[392.814s][info][gc,phases      ] GC(903)   Other: 0.09ms
[392.814s][info][gc,heap        ] GC(903) Eden regions: 333->0(331)
[392.814s][info][gc,heap        ] GC(903) Survivor regions: 4->19(43)
[392.814s][info][gc,heap        ] GC(903) Old regions: 524->524
[392.814s][info][gc,heap        ] GC(903) Humongous regions: 5->5
[392.814s][info][gc,metaspace   ] GC(903) Metaspace: 18878K(19008K)->18878K(19008K) NonClass: 17049K(17152K)->17049K(17152K) Class: 1829K(1856K)->1829K(1856K)
[392.814s][info][gc             ] GC(903) Pause Young (Prepare Mixed) (G1 Evacuation Pause) 865M->547M(978M) 27.950ms
[392.814s][info][gc,cpu         ] GC(903) User=0.05s Sys=0.01s Real=0.03s
[393.571s][info][gc,start       ] GC(904) Pause Young (Mixed) (G1 Evacuation Pause)
[393.571s][info][gc,task        ] GC(904) Using 2 workers of 2 for evacuation
[393.614s][info][gc,phases      ] GC(904)   Pre Evacuate Collection Set: 0.37ms
[393.614s][info][gc,phases      ] GC(904)   Merge Heap Roots: 0.43ms
[393.614s][info][gc,phases      ] GC(904)   Evacuate Collection Set: 41.47ms
[393.614s][info][gc,phases      ] GC(904)   Post Evacuate Collection Set: 0.70ms
[393.614s][info][gc,phases      ] GC(904)   Other: 0.10ms
[393.614s][info][gc,heap        ] GC(904) Eden regions: 331->0(364)
[393.614s][info][gc,heap        ] GC(904) Survivor regions: 19->28(44)
[393.614s][info][gc,heap        ] GC(904) Old regions: 524->488
[393.614s][info][gc,heap        ] GC(904) Humongous regions: 5->5
[393.614s][info][gc,metaspace   ] GC(904) Metaspace: 18878K(19008K)->18878K(19008K) NonClass: 17049K(17152K)->17049K(17152K) Class: 1829K(1856K)->1829K(1856K)
[393.614s][info][gc             ] GC(904) Pause Young (Mixed) (G1 Evacuation Pause) 878M->520M(978M) 43.336ms
[393.614s][info][gc,cpu         ] GC(904) User=0.08s Sys=0.00s Real=0.04s
[394.077s][info][gc,start       ] GC(905) Pause Young (Concurrent Start) (G1 Humongous Allocation)
[394.078s][info][gc,task        ] GC(905) Using 2 workers of 2 for evacuation
[394.210s][info][gc,phases      ] GC(905)   Pre Evacuate Collection Set: 0.33ms
[394.210s][info][gc,phases      ] GC(905)   Merge Heap Roots: 0.57ms
[394.210s][info][gc,phases      ] GC(905)   Evacuate Collection Set: 129.83ms
[394.210s][info][gc,phases      ] GC(905)   Post Evacuate Collection Set: 2.00ms
[394.210s][info][gc,phases      ] GC(905)   Other: 0.14ms
[394.210s][info][gc,heap        ] GC(905) Eden regions: 361->0(281)
[394.211s][info][gc,heap        ] GC(905) Survivor regions: 28->49(49)
[394.211s][info][gc,heap        ] GC(905) Old regions: 488->544
[394.211s][info][gc,heap        ] GC(905) Humongous regions: 5->5
[394.211s][info][gc,metaspace   ] GC(905) Metaspace: 18879K(19008K)->18879K(19008K) NonClass: 17049K(17152K)->17049K(17152K) Class: 1829K(1856K)->1829K(1856K)
[394.211s][info][gc             ] GC(905) Pause Young (Concurrent Start) (G1 Humongous Allocation) (Evacuation Failure: Allocation) 881M->597M(978M) 133.158ms
[394.211s][info][gc,cpu         ] GC(905) User=0.26s Sys=0.00s Real=0.13s
[394.211s][info][gc             ] GC(906) Concurrent Mark Cycle
[394.211s][info][gc,marking     ] GC(906) Concurrent Scan Root Regions
[394.336s][info][gc,marking     ] GC(906) Concurrent Scan Root Regions 125.204ms
[394.336s][info][gc,marking     ] GC(906) Concurrent Mark
[394.336s][info][gc,marking     ] GC(906) Concurrent Mark From Roots
[394.336s][info][gc,task        ] GC(906) Using 1 workers of 1 for marking
[394.959s][info][gc,start       ] GC(907) Pause Young (Normal) (G1 Evacuation Pause)
[394.960s][info][gc,task        ] GC(907) Using 2 workers of 2 for evacuation
[395.102s][info][gc,phases      ] GC(907)   Pre Evacuate Collection Set: 0.34ms
[395.102s][info][gc,phases      ] GC(907)   Merge Heap Roots: 0.51ms
[395.102s][info][gc,phases      ] GC(907)   Evacuate Collection Set: 136.15ms
[395.102s][info][gc,phases      ] GC(907)   Post Evacuate Collection Set: 5.72ms
[395.102s][info][gc,phases      ] GC(907)   Other: 0.12ms
[395.102s][info][gc,heap        ] GC(907) Eden regions: 281->0(187)
[395.102s][info][gc,heap        ] GC(907) Survivor regions: 49->42(42)
[395.102s][info][gc,heap        ] GC(907) Old regions: 544->649
[395.102s][info][gc,heap        ] GC(907) Humongous regions: 8->8
[395.103s][info][gc,metaspace   ] GC(907) Metaspace: 18879K(19008K)->18879K(19008K) NonClass: 17049K(17152K)->17049K(17152K) Class: 1829K(1856K)->1829K(1856K)
[395.103s][info][gc             ] GC(907) Pause Young (Normal) (G1 Evacuation Pause) (Evacuation Failure: Allocation) 881M->698M(978M) 143.090ms
[395.103s][info][gc,cpu         ] GC(907) User=0.28s Sys=0.00s Real=0.14s
[395.501s][info][gc,marking     ] GC(906) Concurrent Mark From Roots 1164.943ms
[395.501s][info][gc,marking     ] GC(906) Concurrent Preclean
[395.501s][info][gc,marking     ] GC(906) Concurrent Preclean 0.056ms
[395.501s][info][gc,start       ] GC(906) Pause Remark
[395.510s][info][gc             ] GC(906) Pause Remark 875M->724M(978M) 9.134ms
[395.510s][info][gc,cpu         ] GC(906) User=0.02s Sys=0.00s Real=0.01s
[395.512s][info][gc,marking     ] GC(906) Concurrent Mark 1176.278ms
[395.512s][info][gc,marking     ] GC(906) Concurrent Rebuild Remembered Sets and Scrub Regions
[395.525s][info][gc,start       ] GC(908) Pause Young (Normal) (G1 Evacuation Pause)
[395.525s][info][gc,task        ] GC(908) Using 2 workers of 2 for evacuation
[395.614s][info][gc,phases      ] GC(908)   Pre Evacuate Collection Set: 0.60ms
[395.614s][info][gc,phases      ] GC(908)   Merge Heap Roots: 0.46ms
[395.614s][info][gc,phases      ] GC(908)   Evacuate Collection Set: 86.64ms
[395.614s][info][gc,phases      ] GC(908)   Post Evacuate Collection Set: 0.58ms
[395.614s][info][gc,phases      ] GC(908)   Other: 0.09ms
[395.614s][info][gc,heap        ] GC(908) Eden regions: 187->0(315)
[395.614s][info][gc,heap        ] GC(908) Survivor regions: 42->24(29)
[395.614s][info][gc,heap        ] GC(908) Old regions: 500->498
[395.614s][info][gc,heap        ] GC(908) Humongous regions: 6->6
[395.614s][info][gc,metaspace   ] GC(908) Metaspace: 18879K(19008K)->18879K(19008K) NonClass: 17049K(17152K)->17049K(17152K) Class: 1829K(1856K)->1829K(1856K)
[395.614s][info][gc             ] GC(908) Pause Young (Normal) (G1 Evacuation Pause) 734M->527M(978M) 88.637ms
[395.614s][info][gc,cpu         ] GC(908) User=0.17s Sys=0.00s Real=0.08s
[396.073s][info][gc,marking     ] GC(906) Concurrent Rebuild Remembered Sets and Scrub Regions 560.773ms
[396.073s][info][gc,start       ] GC(906) Pause Cleanup
[396.073s][info][gc             ] GC(906) Pause Cleanup 747M->747M(978M) 0.129ms
[396.073s][info][gc,cpu         ] GC(906) User=0.00s Sys=0.00s Real=0.00s
[396.073s][info][gc,marking     ] GC(906) Concurrent Clear Claimed Marks
[396.073s][info][gc,marking     ] GC(906) Concurrent Clear Claimed Marks 0.033ms
[396.073s][info][gc,marking     ] GC(906) Concurrent Cleanup for Next Mark
[396.076s][info][gc,marking     ] GC(906) Concurrent Cleanup for Next Mark 3.023ms
[396.077s][info][gc             ] GC(906) Concurrent Mark Cycle 1865.927ms
[396.226s][info][gc,start       ] GC(909) Pause Young (Prepare Mixed) (G1 Evacuation Pause)
[396.226s][info][gc,task        ] GC(909) Using 2 workers of 2 for evacuation
[396.290s][info][gc,phases      ] GC(909)   Pre Evacuate Collection Set: 0.59ms
[396.291s][info][gc,phases      ] GC(909)   Merge Heap Roots: 0.33ms
[396.291s][info][gc,phases      ] GC(909)   Evacuate Collection Set: 63.00ms
[396.291s][info][gc,phases      ] GC(909)   Post Evacuate Collection Set: 0.72ms
[396.291s][info][gc,phases      ] GC(909)   Other: 0.09ms
[396.291s][info][gc,heap        ] GC(909) Eden regions: 315->0(309)
[396.291s][info][gc,heap        ] GC(909) Survivor regions: 24->20(43)
[396.291s][info][gc,heap        ] GC(909) Old regions: 498->522
[396.291s][info][gc,heap        ] GC(909) Humongous regions: 9->9
[396.291s][info][gc,metaspace   ] GC(909) Metaspace: 18879K(19008K)->18879K(19008K) NonClass: 17049K(17152K)->17049K(17152K) Class: 1829K(1856K)->1829K(1856K)
[396.291s][info][gc             ] GC(909) Pause Young (Prepare Mixed) (G1 Evacuation Pause) 845M->549M(978M) 64.999ms
[396.291s][info][gc,cpu         ] GC(909) User=0.12s Sys=0.00s Real=0.06s
[396.795s][info][gc,start       ] GC(910) Pause Young (Mixed) (G1 Evacuation Pause)
[396.795s][info][gc,task        ] GC(910) Using 2 workers of 2 for evacuation
[396.836s][info][gc,phases      ] GC(910)   Pre Evacuate Collection Set: 0.36ms
[396.836s][info][gc,phases      ] GC(910)   Merge Heap Roots: 0.34ms
[396.836s][info][gc,phases      ] GC(910)   Evacuate Collection Set: 39.42ms
[396.836s][info][gc,phases      ] GC(910)   Post Evacuate Collection Set: 0.70ms
[396.836s][info][gc,phases      ] GC(910)   Other: 0.10ms
[396.836s][info][gc,heap        ] GC(910) Eden regions: 309->0(345)
[396.836s][info][gc,heap        ] GC(910) Survivor regions: 20->19(42)
[396.836s][info][gc,heap        ] GC(910) Old regions: 522->498
[396.836s][info][gc,heap        ] GC(910) Humongous regions: 9->9
[396.836s][info][gc,metaspace   ] GC(910) Metaspace: 18879K(19008K)->18879K(19008K) NonClass: 17049K(17152K)->17049K(17152K) Class: 1829K(1856K)->1829K(1856K)
[396.836s][info][gc             ] GC(910) Pause Young (Mixed) (G1 Evacuation Pause) 858M->525M(978M) 41.218ms
[396.836s][info][gc,cpu         ] GC(910) User=0.08s Sys=0.00s Real=0.04s
[397.399s][info][gc,start       ] GC(911) Pause Young (Concurrent Start) (G1 Evacuation Pause)
[397.399s][info][gc,task        ] GC(911) Using 2 workers of 2 for evacuation
[397.439s][info][gc,phases      ] GC(911)   Pre Evacuate Collection Set: 0.39ms
[397.439s][info][gc,phases      ] GC(911)   Merge Heap Roots: 0.32ms
[397.439s][info][gc,phases      ] GC(911)   Evacuate Collection Set: 38.66ms
[397.439s][info][gc,phases      ] GC(911)   Post Evacuate Collection Set: 0.75ms
[397.439s][info][gc,phases      ] GC(911)   Other: 0.13ms
[397.439s][info][gc,heap        ] GC(911) Eden regions: 345->0(362)
[397.439s][info][gc,heap        ] GC(911) Survivor regions: 19->20(46)
[397.439s][info][gc,heap        ] GC(911) Old regions: 498->498
[397.439s][info][gc,heap        ] GC(911) Humongous regions: 9->9
[397.440s][info][gc,metaspace   ] GC(911) Metaspace: 18879K(19008K)->18879K(19008K) NonClass: 17049K(17152K)->17049K(17152K) Class: 1829K(1856K)->1829K(1856K)
[397.440s][info][gc             ] GC(911) Pause Young (Concurrent Start) (G1 Evacuation Pause) 870M->526M(978M) 40.500ms
[397.440s][info][gc,cpu         ] GC(911) User=0.08s Sys=0.00s Real=0.04s
[397.440s][info][gc             ] GC(912) Concurrent Mark Cycle
[397.440s][info][gc,marking     ] GC(912) Concurrent Scan Root Regions
[397.505s][info][gc,marking     ] GC(912) Concurrent Scan Root Regions 65.799ms
[397.506s][info][gc,marking     ] GC(912) Concurrent Mark
[397.506s][info][gc,marking     ] GC(912) Concurrent Mark From Roots
[397.506s][info][gc,task        ] GC(912) Using 1 workers of 1 for marking
[398.605s][info][gc,start       ] GC(913) Pause Young (Normal) (G1 Evacuation Pause)
[398.605s][info][gc,task        ] GC(913) Using 2 workers of 2 for evacuation
[398.675s][info][gc,phases      ] GC(913)   Pre Evacuate Collection Set: 0.33ms
[398.675s][info][gc,phases      ] GC(913)   Merge Heap Roots: 0.41ms
[398.675s][info][gc,phases      ] GC(913)   Evacuate Collection Set: 68.27ms
[398.675s][info][gc,phases      ] GC(913)   Post Evacuate Collection Set: 0.76ms
[398.675s][info][gc,phases      ] GC(913)   Other: 0.11ms
[398.675s][info][gc,heap        ] GC(913) Eden regions: 362->0(341)
[398.675s][info][gc,heap        ] GC(913) Survivor regions: 20->40(48)
[398.675s][info][gc,heap        ] GC(913) Old regions: 498->498
[398.675s][info][gc,heap        ] GC(913) Humongous regions: 9->9
[398.675s][info][gc,metaspace   ] GC(913) Metaspace: 18879K(19008K)->18879K(19008K) NonClass: 17049K(17152K)->17049K(17152K) Class: 1829K(1856K)->1829K(1856K)
[398.675s][info][gc             ] GC(913) Pause Young (Normal) (G1 Evacuation Pause) 888M->546M(978M) 70.122ms
[398.675s][info][gc,cpu         ] GC(913) User=0.14s Sys=0.00s Real=0.07s
[399.010s][info][gc,marking     ] GC(912) Concurrent Mark From Roots 1504.954ms
[399.011s][info][gc,marking     ] GC(912) Concurrent Preclean
[399.011s][info][gc,marking     ] GC(912) Concurrent Preclean 0.045ms
[399.011s][info][gc,start       ] GC(912) Pause Remark
[399.019s][info][gc             ] GC(912) Pause Remark 699M->697M(978M) 8.599ms
[399.019s][info][gc,cpu         ] GC(912) User=0.01s Sys=0.00s Real=0.01s
[399.019s][info][gc,marking     ] GC(912) Concurrent Mark 1513.967ms
[399.020s][info][gc,marking     ] GC(912) Concurrent Rebuild Remembered Sets and Scrub Regions
[399.282s][info][gc,start       ] GC(914) Pause Young (Normal) (G1 Evacuation Pause)
[399.282s][info][gc,task        ] GC(914) Using 2 workers of 2 for evacuation
[399.371s][info][gc,phases      ] GC(914)   Pre Evacuate Collection Set: 0.55ms
[399.371s][info][gc,phases      ] GC(914)   Merge Heap Roots: 0.77ms
[399.371s][info][gc,phases      ] GC(914)   Evacuate Collection Set: 86.24ms
[399.371s][info][gc,phases      ] GC(914)   Post Evacuate Collection Set: 0.70ms
[399.371s][info][gc,phases      ] GC(914)   Other: 0.12ms
[399.371s][info][gc,heap        ] GC(914) Eden regions: 341->0(326)
[399.371s][info][gc,heap        ] GC(914) Survivor regions: 40->39(48)
[399.371s][info][gc,heap        ] GC(914) Old regions: 498->517
[399.371s][info][gc,heap        ] GC(914) Humongous regions: 7->7
[399.371s][info][gc,metaspace   ] GC(914) Metaspace: 18879K(19008K)->18879K(19008K) NonClass: 17049K(17152K)->17049K(17152K) Class: 1829K(1856K)->1829K(1856K)
[399.371s][info][gc             ] GC(914) Pause Young (Normal) (G1 Evacuation Pause) 885M->562M(978M) 88.704ms
[399.371s][info][gc,cpu         ] GC(914) User=0.18s Sys=0.00s Real=0.09s
[399.594s][info][gc,marking     ] GC(912) Concurrent Rebuild Remembered Sets and Scrub Regions 574.409ms
[399.594s][info][gc,start       ] GC(912) Pause Cleanup
[399.594s][info][gc             ] GC(912) Pause Cleanup 714M->714M(978M) 0.150ms
[399.594s][info][gc,cpu         ] GC(912) User=0.00s Sys=0.00s Real=0.01s
[399.594s][info][gc,marking     ] GC(912) Concurrent Clear Claimed Marks
[399.594s][info][gc,marking     ] GC(912) Concurrent Clear Claimed Marks 0.040ms
[399.594s][info][gc,marking     ] GC(912) Concurrent Cleanup for Next Mark
[399.601s][info][gc,marking     ] GC(912) Concurrent Cleanup for Next Mark 6.840ms
[399.601s][info][gc             ] GC(912) Concurrent Mark Cycle 2161.725ms
[399.768s][info][gc,start       ] GC(915) Pause Young (Prepare Mixed) (G1 Evacuation Pause)
[399.768s][info][gc,task        ] GC(915) Using 2 workers of 2 for evacuation
[399.836s][info][gc,phases      ] GC(915)   Pre Evacuate Collection Set: 0.35ms
[399.836s][info][gc,phases      ] GC(915)   Merge Heap Roots: 0.25ms
[399.836s][info][gc,phases      ] GC(915)   Evacuate Collection Set: 65.69ms
[399.836s][info][gc,phases      ] GC(915)   Post Evacuate Collection Set: 0.66ms
[399.836s][info][gc,phases      ] GC(915)   Other: 0.09ms
[399.836s][info][gc,heap        ] GC(915) Eden regions: 326->0(314)
[399.836s][info][gc,heap        ] GC(915) Survivor regions: 39->34(46)
[399.836s][info][gc,heap        ] GC(915) Old regions: 517->539
[399.836s][info][gc,heap        ] GC(915) Humongous regions: 7->7
[399.836s][info][gc,metaspace   ] GC(915) Metaspace: 18879K(19008K)->18879K(19008K) NonClass: 17049K(17152K)->17049K(17152K) Class: 1829K(1856K)->1829K(1856K)
[399.836s][info][gc             ] GC(915) Pause Young (Prepare Mixed) (G1 Evacuation Pause) 888M->579M(978M) 67.295ms
[399.836s][info][gc,cpu         ] GC(915) User=0.14s Sys=0.00s Real=0.07s
[400.132s][info][gc,start       ] GC(916) Pause Young (Mixed) (G1 Evacuation Pause)
[400.132s][info][gc,task        ] GC(916) Using 2 workers of 2 for evacuation
[400.238s][info][gc,phases      ] GC(916)   Pre Evacuate Collection Set: 0.52ms
[400.238s][info][gc,phases      ] GC(916)   Merge Heap Roots: 0.57ms
[400.238s][info][gc,phases      ] GC(916)   Evacuate Collection Set: 104.00ms
[400.238s][info][gc,phases      ] GC(916)   Post Evacuate Collection Set: 0.67ms
[400.238s][info][gc,phases      ] GC(916)   Other: 0.09ms
[400.238s][info][gc,heap        ] GC(916) Eden regions: 314->0(266)
[400.238s][info][gc,heap        ] GC(916) Survivor regions: 34->44(44)
[400.238s][info][gc,heap        ] GC(916) Old regions: 539->567
[400.238s][info][gc,heap        ] GC(916) Humongous regions: 7->7
[400.238s][info][gc,metaspace   ] GC(916) Metaspace: 18879K(19008K)->18879K(19008K) NonClass: 17049K(17152K)->17049K(17152K) Class: 1829K(1856K)->1829K(1856K)
[400.238s][info][gc             ] GC(916) Pause Young (Mixed) (G1 Evacuation Pause) 893M->617M(978M) 106.134ms
[400.238s][info][gc,cpu         ] GC(916) User=0.21s Sys=0.00s Real=0.11s
[400.567s][info][gc,start       ] GC(917) Pause Young (Concurrent Start) (G1 Evacuation Pause)
[400.567s][info][gc,task        ] GC(917) Using 2 workers of 2 for evacuation
[400.629s][info][gc,phases      ] GC(917)   Pre Evacuate Collection Set: 0.33ms
[400.630s][info][gc,phases      ] GC(917)   Merge Heap Roots: 0.30ms
[400.630s][info][gc,phases      ] GC(917)   Evacuate Collection Set: 60.91ms
[400.630s][info][gc,phases      ] GC(917)   Post Evacuate Collection Set: 0.60ms
[400.630s][info][gc,phases      ] GC(917)   Other: 0.16ms
[400.630s][info][gc,heap        ] GC(917) Eden regions: 266->0(280)
[400.630s][info][gc,heap        ] GC(917) Survivor regions: 44->6(39)
[400.630s][info][gc,heap        ] GC(917) Old regions: 567->612
[400.630s][info][gc,heap        ] GC(917) Humongous regions: 7->7
[400.630s][info][gc,metaspace   ] GC(917) Metaspace: 18879K(19008K)->18879K(19008K) NonClass: 17049K(17152K)->17049K(17152K) Class: 1829K(1856K)->1829K(1856K)
[400.630s][info][gc             ] GC(917) Pause Young (Concurrent Start) (G1 Evacuation Pause) 883M->623M(978M) 62.576ms
[400.630s][info][gc,cpu         ] GC(917) User=0.12s Sys=0.00s Real=0.06s
[400.630s][info][gc             ] GC(918) Concurrent Mark Cycle
[400.632s][info][gc,marking     ] GC(918) Concurrent Scan Root Regions
[400.740s][info][gc,marking     ] GC(918) Concurrent Scan Root Regions 107.429ms
[400.740s][info][gc,marking     ] GC(918) Concurrent Mark
[400.740s][info][gc,marking     ] GC(918) Concurrent Mark From Roots
[400.740s][info][gc,task        ] GC(918) Using 1 workers of 1 for marking
[401.249s][info][gc,start       ] GC(919) Pause Young (Normal) (G1 Evacuation Pause)
[401.249s][info][gc,task        ] GC(919) Using 2 workers of 2 for evacuation
[401.289s][info][gc,phases      ] GC(919)   Pre Evacuate Collection Set: 0.33ms
[401.289s][info][gc,phases      ] GC(919)   Merge Heap Roots: 0.21ms
[401.289s][info][gc,phases      ] GC(919)   Evacuate Collection Set: 38.76ms
[401.289s][info][gc,phases      ] GC(919)   Post Evacuate Collection Set: 0.58ms
[401.289s][info][gc,phases      ] GC(919)   Other: 0.12ms
[401.289s][info][gc,heap        ] GC(919) Eden regions: 280->0(247)
[401.289s][info][gc,heap        ] GC(919) Survivor regions: 6->31(36)
[401.289s][info][gc,heap        ] GC(919) Old regions: 612->612
[401.289s][info][gc,heap        ] GC(919) Humongous regions: 7->7
[401.289s][info][gc,metaspace   ] GC(919) Metaspace: 18879K(19008K)->18879K(19008K) NonClass: 17049K(17152K)->17049K(17152K) Class: 1829K(1856K)->1829K(1856K)
[401.289s][info][gc             ] GC(919) Pause Young (Normal) (G1 Evacuation Pause) 903M->648M(978M) 40.250ms
[401.289s][info][gc,cpu         ] GC(919) User=0.08s Sys=0.00s Real=0.04s
[402.368s][info][gc,start       ] GC(920) Pause Young (Normal) (G1 Evacuation Pause)
[402.368s][info][gc,task        ] GC(920) Using 2 workers of 2 for evacuation
[402.408s][info][gc,phases      ] GC(920)   Pre Evacuate Collection Set: 0.32ms
[402.408s][info][gc,phases      ] GC(920)   Merge Heap Roots: 0.28ms
[402.408s][info][gc,phases      ] GC(920)   Evacuate Collection Set: 38.81ms
[402.408s][info][gc,phases      ] GC(920)   Post Evacuate Collection Set: 0.55ms
[402.408s][info][gc,phases      ] GC(920)   Other: 0.11ms
[402.408s][info][gc,heap        ] GC(920) Eden regions: 247->0(266)
[402.408s][info][gc,heap        ] GC(920) Survivor regions: 31->1(35)
[402.408s][info][gc,heap        ] GC(920) Old regions: 612->642
[402.408s][info][gc,heap        ] GC(920) Humongous regions: 7->7
[402.408s][info][gc,metaspace   ] GC(920) Metaspace: 18879K(19008K)->18879K(19008K) NonClass: 17049K(17152K)->17049K(17152K) Class: 1829K(1856K)->1829K(1856K)
[402.408s][info][gc             ] GC(920) Pause Young (Normal) (G1 Evacuation Pause) 895M->649M(978M) 40.341ms
[402.409s][info][gc,cpu         ] GC(920) User=0.08s Sys=0.00s Real=0.04s
[402.576s][info][gc,marking     ] GC(918) Concurrent Mark From Roots 1835.818ms
[402.576s][info][gc,marking     ] GC(918) Concurrent Preclean
[402.576s][info][gc,marking     ] GC(918) Concurrent Preclean 0.052ms
[402.576s][info][gc,start       ] GC(918) Pause Remark
[402.584s][info][gc             ] GC(918) Pause Remark 688M->688M(978M) 8.615ms
[402.585s][info][gc,cpu         ] GC(918) User=0.02s Sys=0.00s Real=0.01s
[402.585s][info][gc,marking     ] GC(918) Concurrent Mark 1845.545ms
[402.585s][info][gc,marking     ] GC(918) Concurrent Rebuild Remembered Sets and Scrub Regions
[403.259s][info][gc,marking     ] GC(918) Concurrent Rebuild Remembered Sets and Scrub Regions 673.533ms
[403.259s][info][gc,start       ] GC(918) Pause Cleanup
[403.259s][info][gc             ] GC(918) Pause Cleanup 844M->844M(978M) 0.122ms
[403.259s][info][gc,cpu         ] GC(918) User=0.00s Sys=0.00s Real=0.00s
[403.259s][info][gc,marking     ] GC(918) Concurrent Clear Claimed Marks
[403.259s][info][gc,marking     ] GC(918) Concurrent Clear Claimed Marks 0.033ms
[403.259s][info][gc,marking     ] GC(918) Concurrent Cleanup for Next Mark
[403.262s][info][gc,marking     ] GC(918) Concurrent Cleanup for Next Mark 3.009ms
[403.262s][info][gc             ] GC(918) Concurrent Mark Cycle 2632.641ms
[403.440s][info][gc,start       ] GC(921) Pause Young (Prepare Mixed) (G1 Evacuation Pause)
[403.440s][info][gc,task        ] GC(921) Using 2 workers of 2 for evacuation
[403.443s][info][gc,phases      ] GC(921)   Pre Evacuate Collection Set: 0.31ms
[403.443s][info][gc,phases      ] GC(921)   Merge Heap Roots: 0.14ms
[403.443s][info][gc,phases      ] GC(921)   Evacuate Collection Set: 1.60ms
[403.443s][info][gc,phases      ] GC(921)   Post Evacuate Collection Set: 0.51ms
[403.443s][info][gc,phases      ] GC(921)   Other: 0.13ms
[403.443s][info][gc,heap        ] GC(921) Eden regions: 266->0(277)
[403.443s][info][gc,heap        ] GC(921) Survivor regions: 1->1(34)
[403.443s][info][gc,heap        ] GC(921) Old regions: 642->642
[403.443s][info][gc,heap        ] GC(921) Humongous regions: 7->7
[403.443s][info][gc,metaspace   ] GC(921) Metaspace: 18879K(19008K)->18879K(19008K) NonClass: 17049K(17152K)->17049K(17152K) Class: 1829K(1856K)->1829K(1856K)
[403.443s][info][gc             ] GC(921) Pause Young (Prepare Mixed) (G1 Evacuation Pause) 915M->649M(978M) 2.929ms
[403.443s][info][gc,cpu         ] GC(921) User=0.00s Sys=0.00s Real=0.00s
[404.143s][info][gc,start       ] GC(922) Pause Young (Mixed) (G1 Evacuation Pause)
[404.143s][info][gc,task        ] GC(922) Using 2 workers of 2 for evacuation
[404.218s][info][gc,phases      ] GC(922)   Pre Evacuate Collection Set: 0.56ms
[404.218s][info][gc,phases      ] GC(922)   Merge Heap Roots: 1.22ms
[404.218s][info][gc,phases      ] GC(922)   Evacuate Collection Set: 72.94ms
[404.218s][info][gc,phases      ] GC(922)   Post Evacuate Collection Set: 0.58ms
[404.218s][info][gc,phases      ] GC(922)   Other: 0.11ms
[404.218s][info][gc,heap        ] GC(922) Eden regions: 277->0(276)
[404.218s][info][gc,heap        ] GC(922) Survivor regions: 1->6(35)
[404.218s][info][gc,heap        ] GC(922) Old regions: 642->633
[404.218s][info][gc,heap        ] GC(922) Humongous regions: 7->7
[404.218s][info][gc,metaspace   ] GC(922) Metaspace: 18879K(19008K)->18879K(19008K) NonClass: 17049K(17152K)->17049K(17152K) Class: 1829K(1856K)->1829K(1856K)
[404.218s][info][gc             ] GC(922) Pause Young (Mixed) (G1 Evacuation Pause) 926M->645M(978M) 75.665ms
[404.218s][info][gc,cpu         ] GC(922) User=0.15s Sys=0.00s Real=0.08s
[404.524s][info][gc,start       ] GC(923) Pause Young (Concurrent Start) (G1 Evacuation Pause)
[404.524s][info][gc,task        ] GC(923) Using 2 workers of 2 for evacuation
[404.622s][info][gc,phases      ] GC(923)   Pre Evacuate Collection Set: 0.40ms
[404.622s][info][gc,phases      ] GC(923)   Merge Heap Roots: 0.12ms
[404.622s][info][gc,phases      ] GC(923)   Evacuate Collection Set: 87.43ms
[404.622s][info][gc,phases      ] GC(923)   Post Evacuate Collection Set: 9.64ms
[404.622s][info][gc,phases      ] GC(923)   Other: 0.15ms
[404.622s][info][gc,heap        ] GC(923) Eden regions: 276->0(95)
[404.622s][info][gc,heap        ] GC(923) Survivor regions: 6->36(36)
[404.622s][info][gc,heap        ] GC(923) Old regions: 633->754
[404.622s][info][gc,heap        ] GC(923) Humongous regions: 7->7
[404.622s][info][gc,metaspace   ] GC(923) Metaspace: 18879K(19008K)->18879K(19008K) NonClass: 17049K(17152K)->17049K(17152K) Class: 1829K(1856K)->1829K(1856K)
[404.622s][info][gc             ] GC(923) Pause Young (Concurrent Start) (G1 Evacuation Pause) (Evacuation Failure: Allocation) 921M->796M(978M) 98.038ms
[404.622s][info][gc,cpu         ] GC(923) User=0.19s Sys=0.00s Real=0.09s
[404.622s][info][gc             ] GC(924) Concurrent Mark Cycle
[404.623s][info][gc,marking     ] GC(924) Concurrent Scan Root Regions
[404.716s][info][gc,marking     ] GC(924) Concurrent Scan Root Regions 93.680ms
[404.716s][info][gc,marking     ] GC(924) Concurrent Mark
[404.716s][info][gc,marking     ] GC(924) Concurrent Mark From Roots
[404.716s][info][gc,task        ] GC(924) Using 1 workers of 1 for marking
[404.907s][info][gc,start       ] GC(925) Pause Young (Normal) (G1 Evacuation Pause)
[404.907s][info][gc,task        ] GC(925) Using 2 workers of 2 for evacuation
[404.981s][info][gc,phases      ] GC(925)   Pre Evacuate Collection Set: 0.59ms
[404.981s][info][gc,phases      ] GC(925)   Merge Heap Roots: 0.48ms
[404.981s][info][gc,phases      ] GC(925)   Evacuate Collection Set: 72.00ms
[404.981s][info][gc,phases      ] GC(925)   Post Evacuate Collection Set: 0.66ms
[404.981s][info][gc,phases      ] GC(925)   Other: 0.11ms
[404.981s][info][gc,heap        ] GC(925) Eden regions: 95->0(205)
[404.981s][info][gc,heap        ] GC(925) Survivor regions: 36->2(17)
[404.981s][info][gc,heap        ] GC(925) Old regions: 754->709
[404.981s][info][gc,heap        ] GC(925) Humongous regions: 7->7
[404.981s][info][gc,metaspace   ] GC(925) Metaspace: 18879K(19008K)->18879K(19008K) NonClass: 17049K(17152K)->17049K(17152K) Class: 1829K(1856K)->1829K(1856K)
[404.981s][info][gc             ] GC(925) Pause Young (Normal) (G1 Evacuation Pause) 891M->717M(978M) 74.082ms
[404.981s][info][gc,cpu         ] GC(925) User=0.14s Sys=0.01s Real=0.07s
[405.936s][info][gc,start       ] GC(926) Pause Young (Normal) (G1 Evacuation Pause)
[405.936s][info][gc,task        ] GC(926) Using 2 workers of 2 for evacuation
[405.981s][info][gc,phases      ] GC(926)   Pre Evacuate Collection Set: 0.33ms
[405.981s][info][gc,phases      ] GC(926)   Merge Heap Roots: 0.36ms
[405.981s][info][gc,phases      ] GC(926)   Evacuate Collection Set: 42.90ms
[405.981s][info][gc,phases      ] GC(926)   Post Evacuate Collection Set: 0.57ms
[405.981s][info][gc,phases      ] GC(926)   Other: 0.09ms
[405.981s][info][gc,heap        ] GC(926) Eden regions: 205->0(165)
[405.981s][info][gc,heap        ] GC(926) Survivor regions: 2->22(26)
[405.981s][info][gc,heap        ] GC(926) Old regions: 709->709
[405.981s][info][gc,heap        ] GC(926) Humongous regions: 10->10
[405.981s][info][gc,metaspace   ] GC(926) Metaspace: 18879K(19008K)->18879K(19008K) NonClass: 17049K(17152K)->17049K(17152K) Class: 1829K(1856K)->1829K(1856K)
[405.981s][info][gc             ] GC(926) Pause Young (Normal) (G1 Evacuation Pause) 925M->739M(978M) 44.525ms
[405.981s][info][gc,cpu         ] GC(926) User=0.09s Sys=0.00s Real=0.04s
[406.409s][info][gc,start       ] GC(927) Pause Young (Normal) (G1 Evacuation Pause)
[406.409s][info][gc,task        ] GC(927) Using 2 workers of 2 for evacuation
[406.484s][info][gc,phases      ] GC(927)   Pre Evacuate Collection Set: 0.36ms
[406.484s][info][gc,phases      ] GC(927)   Merge Heap Roots: 0.32ms
[406.484s][info][gc,phases      ] GC(927)   Evacuate Collection Set: 73.72ms
[406.484s][info][gc,phases      ] GC(927)   Post Evacuate Collection Set: 0.51ms
[406.484s][info][gc,phases      ] GC(927)   Other: 0.09ms
[406.484s][info][gc,heap        ] GC(927) Eden regions: 165->0(132)
[406.484s][info][gc,heap        ] GC(927) Survivor regions: 22->24(24)
[406.484s][info][gc,heap        ] GC(927) Old regions: 709->738
[406.484s][info][gc,heap        ] GC(927) Humongous regions: 10->10
[406.484s][info][gc,metaspace   ] GC(927) Metaspace: 18879K(19008K)->18879K(19008K) NonClass: 17049K(17152K)->17049K(17152K) Class: 1829K(1856K)->1829K(1856K)
[406.484s][info][gc             ] GC(927) Pause Young (Normal) (G1 Evacuation Pause) 904M->771M(978M) 75.272ms
[406.484s][info][gc,cpu         ] GC(927) User=0.15s Sys=0.00s Real=0.07s
[406.674s][info][gc,start       ] GC(928) Pause Young (Normal) (G1 Evacuation Pause)
[406.674s][info][gc,task        ] GC(928) Using 2 workers of 2 for evacuation
[406.746s][info][gc,phases      ] GC(928)   Pre Evacuate Collection Set: 0.54ms
[406.746s][info][gc,phases      ] GC(928)   Merge Heap Roots: 0.19ms
[406.746s][info][gc,phases      ] GC(928)   Evacuate Collection Set: 70.36ms
[406.746s][info][gc,phases      ] GC(928)   Post Evacuate Collection Set: 0.59ms
[406.746s][info][gc,phases      ] GC(928)   Other: 0.11ms
[406.746s][info][gc,heap        ] GC(928) Eden regions: 132->0(89)
[406.746s][info][gc,heap        ] GC(928) Survivor regions: 24->20(20)
[406.746s][info][gc,heap        ] GC(928) Old regions: 738->789
[406.746s][info][gc,heap        ] GC(928) Humongous regions: 10->10
[406.746s][info][gc,metaspace   ] GC(928) Metaspace: 18879K(19008K)->18879K(19008K) NonClass: 17049K(17152K)->17049K(17152K) Class: 1829K(1856K)->1829K(1856K)
[406.746s][info][gc             ] GC(928) Pause Young (Normal) (G1 Evacuation Pause) 903M->818M(978M) 72.010ms
[406.746s][info][gc,cpu         ] GC(928) User=0.15s Sys=0.00s Real=0.08s
[407.017s][info][gc,marking     ] GC(924) Concurrent Mark From Roots 2301.157ms
[407.018s][info][gc,marking     ] GC(924) Concurrent Preclean
[407.018s][info][gc,marking     ] GC(924) Concurrent Preclean 0.058ms
[407.018s][info][gc,start       ] GC(924) Pause Remark
[407.027s][info][gc             ] GC(924) Pause Remark 898M->843M(978M) 8.765ms
[407.027s][info][gc,cpu         ] GC(924) User=0.02s Sys=0.00s Real=0.01s
[407.027s][info][gc,marking     ] GC(924) Concurrent Mark 2310.355ms
[407.027s][info][gc,marking     ] GC(924) Concurrent Rebuild Remembered Sets and Scrub Regions
[407.077s][info][gc,start       ] GC(929) Pause Young (Normal) (G1 Evacuation Pause)
[407.077s][info][gc,task        ] GC(929) Using 2 workers of 2 for evacuation
[407.113s][info][gc,phases      ] GC(929)   Pre Evacuate Collection Set: 0.53ms
[407.113s][info][gc,phases      ] GC(929)   Merge Heap Roots: 0.41ms
[407.113s][info][gc,phases      ] GC(929)   Evacuate Collection Set: 34.39ms
[407.113s][info][gc,phases      ] GC(929)   Post Evacuate Collection Set: 0.42ms
[407.113s][info][gc,phases      ] GC(929)   Other: 0.08ms
[407.113s][info][gc,heap        ] GC(929) Eden regions: 89->0(138)
[407.113s][info][gc,heap        ] GC(929) Survivor regions: 20->2(14)
[407.113s][info][gc,heap        ] GC(929) Old regions: 735->756
[407.113s][info][gc,heap        ] GC(929) Humongous regions: 9->9
[407.113s][info][gc,metaspace   ] GC(929) Metaspace: 18879K(19008K)->18879K(19008K) NonClass: 17049K(17152K)->17049K(17152K) Class: 1829K(1856K)->1829K(1856K)
[407.113s][info][gc             ] GC(929) Pause Young (Normal) (G1 Evacuation Pause) 852M->766M(978M) 36.053ms
[407.113s][info][gc,cpu         ] GC(929) User=0.07s Sys=0.00s Real=0.03s
[407.453s][info][gc,start       ] GC(930) Pause Young (Normal) (G1 Evacuation Pause)
[407.453s][info][gc,task        ] GC(930) Using 2 workers of 2 for evacuation
[407.458s][info][gc,phases      ] GC(930)   Pre Evacuate Collection Set: 0.33ms
[407.458s][info][gc,phases      ] GC(930)   Merge Heap Roots: 0.13ms
[407.458s][info][gc,phases      ] GC(930)   Evacuate Collection Set: 4.07ms
[407.458s][info][gc,phases      ] GC(930)   Post Evacuate Collection Set: 0.38ms
[407.458s][info][gc,phases      ] GC(930)   Other: 0.08ms
[407.458s][info][gc,heap        ] GC(930) Eden regions: 138->0(148)
[407.458s][info][gc,heap        ] GC(930) Survivor regions: 2->2(18)
[407.458s][info][gc,heap        ] GC(930) Old regions: 756->756
[407.458s][info][gc,heap        ] GC(930) Humongous regions: 9->9
[407.458s][info][gc,metaspace   ] GC(930) Metaspace: 18879K(19008K)->18879K(19008K) NonClass: 17049K(17152K)->17049K(17152K) Class: 1829K(1856K)->1829K(1856K)
[407.458s][info][gc             ] GC(930) Pause Young (Normal) (G1 Evacuation Pause) 904M->766M(978M) 5.236ms
[407.458s][info][gc,cpu         ] GC(930) User=0.00s Sys=0.00s Real=0.01s
[407.737s][info][gc,start       ] GC(931) Pause Young (Normal) (G1 Evacuation Pause)
[407.737s][info][gc,task        ] GC(931) Using 2 workers of 2 for evacuation
[407.744s][info][gc,phases      ] GC(931)   Pre Evacuate Collection Set: 0.30ms
[407.744s][info][gc,phases      ] GC(931)   Merge Heap Roots: 0.21ms
[407.744s][info][gc,phases      ] GC(931)   Evacuate Collection Set: 5.64ms
[407.744s][info][gc,phases      ] GC(931)   Post Evacuate Collection Set: 0.39ms
[407.744s][info][gc,phases      ] GC(931)   Other: 0.08ms
[407.744s][info][gc,heap        ] GC(931) Eden regions: 148->0(157)
[407.744s][info][gc,heap        ] GC(931) Survivor regions: 2->2(19)
[407.744s][info][gc,heap        ] GC(931) Old regions: 756->756
[407.744s][info][gc,heap        ] GC(931) Humongous regions: 9->9
[407.744s][info][gc,metaspace   ] GC(931) Metaspace: 18879K(19008K)->18879K(19008K) NonClass: 17049K(17152K)->17049K(17152K) Class: 1829K(1856K)->1829K(1856K)
[407.744s][info][gc             ] GC(931) Pause Young (Normal) (G1 Evacuation Pause) 914M->766M(978M) 6.902ms
[407.744s][info][gc,cpu         ] GC(931) User=0.01s Sys=0.00s Real=0.00s
[407.789s][info][gc,marking     ] GC(924) Concurrent Rebuild Remembered Sets and Scrub Regions 762.651ms
[407.790s][info][gc,start       ] GC(924) Pause Cleanup
[407.790s][info][gc             ] GC(924) Pause Cleanup 795M->795M(978M) 0.146ms
[407.790s][info][gc,cpu         ] GC(924) User=0.00s Sys=0.00s Real=0.00s
[407.791s][info][gc,marking     ] GC(924) Concurrent Clear Claimed Marks
[407.791s][info][gc,marking     ] GC(924) Concurrent Clear Claimed Marks 0.055ms
[407.791s][info][gc,marking     ] GC(924) Concurrent Cleanup for Next Mark
[407.796s][info][gc,marking     ] GC(924) Concurrent Cleanup for Next Mark 5.358ms
[407.796s][info][gc             ] GC(924) Concurrent Mark Cycle 3173.551ms
[407.972s][info][gc,start       ] GC(932) Pause Young (Prepare Mixed) (G1 Evacuation Pause)
[407.972s][info][gc,task        ] GC(932) Using 2 workers of 2 for evacuation
[407.979s][info][gc,phases      ] GC(932)   Pre Evacuate Collection Set: 0.33ms
[407.979s][info][gc,phases      ] GC(932)   Merge Heap Roots: 0.17ms
[407.979s][info][gc,phases      ] GC(932)   Evacuate Collection Set: 6.27ms
[407.979s][info][gc,phases      ] GC(932)   Post Evacuate Collection Set: 0.55ms
[407.979s][info][gc,phases      ] GC(932)   Other: 0.10ms
[407.979s][info][gc,heap        ] GC(932) Eden regions: 157->0(159)
[407.979s][info][gc,heap        ] GC(932) Survivor regions: 2->2(20)
[407.979s][info][gc,heap        ] GC(932) Old regions: 756->756
[407.979s][info][gc,heap        ] GC(932) Humongous regions: 9->9
[407.980s][info][gc,metaspace   ] GC(932) Metaspace: 18879K(19008K)->18879K(19008K) NonClass: 17049K(17152K)->17049K(17152K) Class: 1829K(1856K)->1829K(1856K)
[407.980s][info][gc             ] GC(932) Pause Young (Prepare Mixed) (G1 Evacuation Pause) 923M->766M(978M) 7.699ms
[407.980s][info][gc,cpu         ] GC(932) User=0.02s Sys=0.00s Real=0.01s
[408.197s][info][gc,start       ] GC(933) Pause Young (Mixed) (G1 Evacuation Pause)
[408.197s][info][gc,task        ] GC(933) Using 2 workers of 2 for evacuation
[408.206s][info][gc,phases      ] GC(933)   Pre Evacuate Collection Set: 0.58ms
[408.206s][info][gc,phases      ] GC(933)   Merge Heap Roots: 0.20ms
[408.206s][info][gc,phases      ] GC(933)   Evacuate Collection Set: 8.13ms
[408.206s][info][gc,phases      ] GC(933)   Post Evacuate Collection Set: 0.51ms
[408.206s][info][gc,phases      ] GC(933)   Other: 0.08ms
[408.206s][info][gc,heap        ] GC(933) Eden regions: 159->0(179)
[408.206s][info][gc,heap        ] GC(933) Survivor regions: 2->3(21)
[408.206s][info][gc,heap        ] GC(933) Old regions: 756->734
[408.206s][info][gc,heap        ] GC(933) Humongous regions: 9->9
[408.206s][info][gc,metaspace   ] GC(933) Metaspace: 18879K(19008K)->18879K(19008K) NonClass: 17049K(17152K)->17049K(17152K) Class: 1829K(1856K)->1829K(1856K)
[408.206s][info][gc             ] GC(933) Pause Young (Mixed) (G1 Evacuation Pause) 925M->744M(978M) 9.767ms
[408.206s][info][gc,cpu         ] GC(933) User=0.02s Sys=0.00s Real=0.01s
[408.448s][info][gc,start       ] GC(934) Pause Young (Concurrent Start) (G1 Evacuation Pause)
[408.448s][info][gc,task        ] GC(934) Using 2 workers of 2 for evacuation
[408.458s][info][gc,phases      ] GC(934)   Pre Evacuate Collection Set: 0.41ms
[408.458s][info][gc,phases      ] GC(934)   Merge Heap Roots: 0.18ms
[408.458s][info][gc,phases      ] GC(934)   Evacuate Collection Set: 7.95ms
[408.458s][info][gc,phases      ] GC(934)   Post Evacuate Collection Set: 0.50ms
[408.458s][info][gc,phases      ] GC(934)   Other: 0.11ms
[408.458s][info][gc,heap        ] GC(934) Eden regions: 179->0(179)
[408.458s][info][gc,heap        ] GC(934) Survivor regions: 3->3(23)
[408.458s][info][gc,heap        ] GC(934) Old regions: 734->734
[408.458s][info][gc,heap        ] GC(934) Humongous regions: 9->9
[408.458s][info][gc,metaspace   ] GC(934) Metaspace: 18879K(19008K)->18879K(19008K) NonClass: 17049K(17152K)->17049K(17152K) Class: 1829K(1856K)->1829K(1856K)
[408.458s][info][gc             ] GC(934) Pause Young (Concurrent Start) (G1 Evacuation Pause) 923M->744M(978M) 9.430ms
[408.458s][info][gc,cpu         ] GC(934) User=0.02s Sys=0.00s Real=0.01s
[408.458s][info][gc             ] GC(935) Concurrent Mark Cycle
[408.458s][info][gc,marking     ] GC(935) Concurrent Scan Root Regions
[408.467s][info][gc,marking     ] GC(935) Concurrent Scan Root Regions 9.256ms
[408.467s][info][gc,marking     ] GC(935) Concurrent Mark
[408.467s][info][gc,marking     ] GC(935) Concurrent Mark From Roots
[408.467s][info][gc,task        ] GC(935) Using 1 workers of 1 for marking
[408.918s][info][gc,start       ] GC(936) Pause Young (Normal) (G1 Evacuation Pause)
[408.918s][info][gc,task        ] GC(936) Using 2 workers of 2 for evacuation
[408.971s][info][gc,phases      ] GC(936)   Pre Evacuate Collection Set: 0.54ms
[408.972s][info][gc,phases      ] GC(936)   Merge Heap Roots: 0.75ms
[408.972s][info][gc,phases      ] GC(936)   Evacuate Collection Set: 51.12ms
[408.972s][info][gc,phases      ] GC(936)   Post Evacuate Collection Set: 0.61ms
[408.972s][info][gc,phases      ] GC(936)   Other: 0.11ms
[408.972s][info][gc,heap        ] GC(936) Eden regions: 179->0(138)
[408.972s][info][gc,heap        ] GC(936) Survivor regions: 3->22(23)
[408.972s][info][gc,heap        ] GC(936) Old regions: 734->734
[408.972s][info][gc,heap        ] GC(936) Humongous regions: 12->12
[408.972s][info][gc,metaspace   ] GC(936) Metaspace: 18880K(19008K)->18880K(19008K) NonClass: 17051K(17152K)->17051K(17152K) Class: 1829K(1856K)->1829K(1856K)
[408.972s][info][gc             ] GC(936) Pause Young (Normal) (G1 Evacuation Pause) 926M->767M(978M) 53.369ms
[408.972s][info][gc,cpu         ] GC(936) User=0.10s Sys=0.00s Real=0.05s
[409.498s][info][gc,start       ] GC(937) Pause Young (Normal) (G1 Evacuation Pause)
[409.499s][info][gc,task        ] GC(937) Using 2 workers of 2 for evacuation
[409.547s][info][gc,phases      ] GC(937)   Pre Evacuate Collection Set: 0.55ms
[409.547s][info][gc,phases      ] GC(937)   Merge Heap Roots: 0.38ms
[409.547s][info][gc,phases      ] GC(937)   Evacuate Collection Set: 46.62ms
[409.547s][info][gc,phases      ] GC(937)   Post Evacuate Collection Set: 0.43ms
[409.547s][info][gc,phases      ] GC(937)   Other: 0.11ms
[409.547s][info][gc,heap        ] GC(937) Eden regions: 138->0(158)
[409.547s][info][gc,heap        ] GC(937) Survivor regions: 22->1(20)
[409.547s][info][gc,heap        ] GC(937) Old regions: 734->756
[409.547s][info][gc,heap        ] GC(937) Humongous regions: 12->12
[409.547s][info][gc,metaspace   ] GC(937) Metaspace: 18880K(19008K)->18880K(19008K) NonClass: 17051K(17152K)->17051K(17152K) Class: 1829K(1856K)->1829K(1856K)
[409.547s][info][gc             ] GC(937) Pause Young (Normal) (G1 Evacuation Pause) 905M->768M(978M) 48.361ms
[409.547s][info][gc,cpu         ] GC(937) User=0.10s Sys=0.01s Real=0.05s
[409.845s][info][gc,marking     ] GC(935) Concurrent Mark From Roots 1377.798ms
[409.845s][info][gc,marking     ] GC(935) Concurrent Preclean
[409.845s][info][gc,marking     ] GC(935) Concurrent Preclean 0.054ms
[409.845s][info][gc,start       ] GC(935) Pause Remark
[409.854s][info][gc             ] GC(935) Pause Remark 861M->620M(978M) 8.692ms
[409.854s][info][gc,cpu         ] GC(935) User=0.02s Sys=0.00s Real=0.00s
[409.855s][info][gc,marking     ] GC(935) Concurrent Mark 1388.150ms
[409.855s][info][gc,marking     ] GC(935) Concurrent Rebuild Remembered Sets and Scrub Regions
[409.992s][info][gc,start       ] GC(938) Pause Young (Normal) (G1 Evacuation Pause)
[409.992s][info][gc,task        ] GC(938) Using 2 workers of 2 for evacuation
[409.993s][info][gc,phases      ] GC(938)   Pre Evacuate Collection Set: 0.34ms
[409.993s][info][gc,phases      ] GC(938)   Merge Heap Roots: 0.08ms
[409.993s][info][gc,phases      ] GC(938)   Evacuate Collection Set: 0.20ms
[409.993s][info][gc,phases      ] GC(938)   Post Evacuate Collection Set: 0.37ms
[409.993s][info][gc,phases      ] GC(938)   Other: 0.08ms
[409.993s][info][gc,heap        ] GC(938) Eden regions: 158->0(384)
[409.993s][info][gc,heap        ] GC(938) Survivor regions: 1->1(20)
[409.993s][info][gc,heap        ] GC(938) Old regions: 520->520
[409.993s][info][gc,heap        ] GC(938) Humongous regions: 7->7
[409.993s][info][gc,metaspace   ] GC(938) Metaspace: 18880K(19008K)->18880K(19008K) NonClass: 17051K(17152K)->17051K(17152K) Class: 1829K(1856K)->1829K(1856K)
[409.993s][info][gc             ] GC(938) Pause Young (Normal) (G1 Evacuation Pause) 685M->527M(978M) 1.300ms
[409.993s][info][gc,cpu         ] GC(938) User=0.00s Sys=0.00s Real=0.00s
[410.338s][info][gc,marking     ] GC(935) Concurrent Rebuild Remembered Sets and Scrub Regions 483.045ms
[410.339s][info][gc,start       ] GC(935) Pause Cleanup
[410.339s][info][gc             ] GC(935) Pause Cleanup 679M->679M(978M) 0.166ms
[410.339s][info][gc,cpu         ] GC(935) User=0.00s Sys=0.00s Real=0.00s
[410.339s][info][gc,marking     ] GC(935) Concurrent Clear Claimed Marks
[410.339s][info][gc,marking     ] GC(935) Concurrent Clear Claimed Marks 0.044ms
[410.339s][info][gc,marking     ] GC(935) Concurrent Cleanup for Next Mark
[410.342s][info][gc,marking     ] GC(935) Concurrent Cleanup for Next Mark 2.930ms
[410.342s][info][gc             ] GC(935) Concurrent Mark Cycle 1884.089ms
[410.708s][info][gc,start       ] GC(939) Pause Young (Prepare Mixed) (G1 Evacuation Pause)
[410.708s][info][gc,task        ] GC(939) Using 2 workers of 2 for evacuation
[410.710s][info][gc,phases      ] GC(939)   Pre Evacuate Collection Set: 0.30ms
[410.710s][info][gc,phases      ] GC(939)   Merge Heap Roots: 0.11ms
[410.710s][info][gc,phases      ] GC(939)   Evacuate Collection Set: 0.26ms
[410.710s][info][gc,phases      ] GC(939)   Post Evacuate Collection Set: 0.54ms
[410.710s][info][gc,phases      ] GC(939)   Other: 0.12ms
[410.710s][info][gc,heap        ] GC(939) Eden regions: 384->0(396)
[410.710s][info][gc,heap        ] GC(939) Survivor regions: 1->1(49)
[410.710s][info][gc,heap        ] GC(939) Old regions: 520->520
[410.710s][info][gc,heap        ] GC(939) Humongous regions: 7->7
[410.710s][info][gc,metaspace   ] GC(939) Metaspace: 18880K(19008K)->18880K(19008K) NonClass: 17051K(17152K)->17051K(17152K) Class: 1829K(1856K)->1829K(1856K)
[410.710s][info][gc             ] GC(939) Pause Young (Prepare Mixed) (G1 Evacuation Pause) 911M->527M(978M) 1.586ms
[410.710s][info][gc,cpu         ] GC(939) User=0.00s Sys=0.00s Real=0.00s
[411.109s][info][gc,start       ] GC(940) Pause Young (Mixed) (G1 Evacuation Pause)
[411.109s][info][gc,task        ] GC(940) Using 2 workers of 2 for evacuation
[411.161s][info][gc,phases      ] GC(940)   Pre Evacuate Collection Set: 0.39ms
[411.161s][info][gc,phases      ] GC(940)   Merge Heap Roots: 0.30ms
[411.161s][info][gc,phases      ] GC(940)   Evacuate Collection Set: 50.47ms
[411.161s][info][gc,phases      ] GC(940)   Post Evacuate Collection Set: 0.77ms
[411.161s][info][gc,phases      ] GC(940)   Other: 0.10ms
[411.161s][info][gc,heap        ] GC(940) Eden regions: 396->0(418)
[411.161s][info][gc,heap        ] GC(940) Survivor regions: 1->38(50)
[411.161s][info][gc,heap        ] GC(940) Old regions: 520->427
[411.161s][info][gc,heap        ] GC(940) Humongous regions: 7->7
[411.161s][info][gc,metaspace   ] GC(940) Metaspace: 18880K(19008K)->18880K(19008K) NonClass: 17051K(17152K)->17051K(17152K) Class: 1829K(1856K)->1829K(1856K)
[411.162s][info][gc             ] GC(940) Pause Young (Mixed) (G1 Evacuation Pause) 923M->471M(978M) 52.341ms
[411.162s][info][gc,cpu         ] GC(940) User=0.11s Sys=0.00s Real=0.05s
[411.554s][info][gc,start       ] GC(941) Pause Young (Concurrent Start) (G1 Evacuation Pause)
[411.554s][info][gc,task        ] GC(941) Using 2 workers of 2 for evacuation
[411.623s][info][gc,phases      ] GC(941)   Pre Evacuate Collection Set: 0.37ms
[411.623s][info][gc,phases      ] GC(941)   Merge Heap Roots: 0.40ms
[411.623s][info][gc,phases      ] GC(941)   Evacuate Collection Set: 66.79ms
[411.623s][info][gc,phases      ] GC(941)   Post Evacuate Collection Set: 0.72ms
[411.623s][info][gc,phases      ] GC(941)   Other: 0.15ms
[411.623s][info][gc,heap        ] GC(941) Eden regions: 418->0(415)
[411.623s][info][gc,heap        ] GC(941) Survivor regions: 38->15(57)
[411.623s][info][gc,heap        ] GC(941) Old regions: 427->465
[411.623s][info][gc,heap        ] GC(941) Humongous regions: 7->7
[411.623s][info][gc,metaspace   ] GC(941) Metaspace: 18880K(19008K)->18880K(19008K) NonClass: 17051K(17152K)->17051K(17152K) Class: 1829K(1856K)->1829K(1856K)
[411.623s][info][gc             ] GC(941) Pause Young (Concurrent Start) (G1 Evacuation Pause) 889M->486M(978M) 68.680ms
[411.623s][info][gc,cpu         ] GC(941) User=0.13s Sys=0.00s Real=0.07s
[411.623s][info][gc             ] GC(942) Concurrent Mark Cycle
[411.625s][info][gc,marking     ] GC(942) Concurrent Scan Root Regions
[411.742s][info][gc,marking     ] GC(942) Concurrent Scan Root Regions 116.336ms
[411.742s][info][gc,marking     ] GC(942) Concurrent Mark
[411.742s][info][gc,marking     ] GC(942) Concurrent Mark From Roots
[411.742s][info][gc,task        ] GC(942) Using 1 workers of 1 for marking
[412.181s][info][gc,start       ] GC(943) Pause Young (Normal) (G1 Evacuation Pause)
[412.181s][info][gc,task        ] GC(943) Using 2 workers of 2 for evacuation
[412.277s][info][gc,phases      ] GC(943)   Pre Evacuate Collection Set: 0.34ms
[412.277s][info][gc,phases      ] GC(943)   Merge Heap Roots: 0.40ms
[412.277s][info][gc,phases      ] GC(943)   Evacuate Collection Set: 93.80ms
[412.277s][info][gc,phases      ] GC(943)   Post Evacuate Collection Set: 0.73ms
[412.277s][info][gc,phases      ] GC(943)   Other: 0.13ms
[412.277s][info][gc,heap        ] GC(943) Eden regions: 415->0(329)
[412.277s][info][gc,heap        ] GC(943) Survivor regions: 15->54(54)
[412.277s][info][gc,heap        ] GC(943) Old regions: 465->484
[412.277s][info][gc,heap        ] GC(943) Humongous regions: 7->7
[412.277s][info][gc,metaspace   ] GC(943) Metaspace: 18880K(19008K)->18880K(19008K) NonClass: 17051K(17152K)->17051K(17152K) Class: 1829K(1856K)->1829K(1856K)
[412.277s][info][gc             ] GC(943) Pause Young (Normal) (G1 Evacuation Pause) 901M->544M(978M) 95.671ms
[412.277s][info][gc,cpu         ] GC(943) User=0.19s Sys=0.00s Real=0.10s
[412.567s][info][gc,marking     ] GC(942) Concurrent Mark From Roots 824.827ms
[412.567s][info][gc,marking     ] GC(942) Concurrent Preclean
[412.567s][info][gc,marking     ] GC(942) Concurrent Preclean 0.044ms
[412.567s][info][gc,start       ] GC(942) Pause Remark
[412.575s][info][gc             ] GC(942) Pause Remark 678M->547M(978M) 8.652ms
[412.576s][info][gc,cpu         ] GC(942) User=0.02s Sys=0.00s Real=0.01s
[412.576s][info][gc,marking     ] GC(942) Concurrent Mark 834.600ms
[412.576s][info][gc,marking     ] GC(942) Concurrent Rebuild Remembered Sets and Scrub Regions
[412.859s][info][gc,marking     ] GC(942) Concurrent Rebuild Remembered Sets and Scrub Regions 282.372ms
[412.859s][info][gc,start       ] GC(942) Pause Cleanup
[412.859s][info][gc             ] GC(942) Pause Cleanup 672M->672M(978M) 0.116ms
[412.859s][info][gc,cpu         ] GC(942) User=0.00s Sys=0.00s Real=0.00s
[412.859s][info][gc,marking     ] GC(942) Concurrent Clear Claimed Marks
[412.859s][info][gc,marking     ] GC(942) Concurrent Clear Claimed Marks 0.031ms
[412.859s][info][gc,marking     ] GC(942) Concurrent Cleanup for Next Mark
[412.862s][info][gc,marking     ] GC(942) Concurrent Cleanup for Next Mark 2.950ms
[412.862s][info][gc             ] GC(942) Concurrent Mark Cycle 1239.369ms
[412.918s][info][gc,start       ] GC(944) Pause Young (Prepare Mixed) (G1 Evacuation Pause)
[412.918s][info][gc,task        ] GC(944) Using 2 workers of 2 for evacuation
[412.989s][info][gc,phases      ] GC(944)   Pre Evacuate Collection Set: 0.34ms
[412.989s][info][gc,phases      ] GC(944)   Merge Heap Roots: 0.39ms
[412.989s][info][gc,phases      ] GC(944)   Evacuate Collection Set: 69.85ms
[412.989s][info][gc,phases      ] GC(944)   Post Evacuate Collection Set: 0.64ms
[412.989s][info][gc,phases      ] GC(944)   Other: 0.09ms
[412.989s][info][gc,heap        ] GC(944) Eden regions: 329->0(458)
[412.989s][info][gc,heap        ] GC(944) Survivor regions: 54->7(48)
[412.989s][info][gc,heap        ] GC(944) Old regions: 356->411
[412.989s][info][gc,heap        ] GC(944) Humongous regions: 4->4
[412.989s][info][gc,metaspace   ] GC(944) Metaspace: 18880K(19008K)->18880K(19008K) NonClass: 17051K(17152K)->17051K(17152K) Class: 1829K(1856K)->1829K(1856K)
[412.989s][info][gc             ] GC(944) Pause Young (Prepare Mixed) (G1 Evacuation Pause) 742M->421M(978M) 71.594ms
[412.989s][info][gc,cpu         ] GC(944) User=0.14s Sys=0.00s Real=0.07s
[413.907s][info][gc,start       ] GC(945) Pause Young (Mixed) (G1 Evacuation Pause)
[413.907s][info][gc,task        ] GC(945) Using 2 workers of 2 for evacuation
[413.941s][info][gc,phases      ] GC(945)   Pre Evacuate Collection Set: 0.36ms
[413.942s][info][gc,phases      ] GC(945)   Merge Heap Roots: 0.33ms
[413.942s][info][gc,phases      ] GC(945)   Evacuate Collection Set: 32.59ms
[413.942s][info][gc,phases      ] GC(945)   Post Evacuate Collection Set: 0.77ms
[413.942s][info][gc,phases      ] GC(945)   Other: 0.13ms
[413.942s][info][gc,heap        ] GC(945) Eden regions: 458->0(480)
[413.942s][info][gc,heap        ] GC(945) Survivor regions: 7->23(59)
[413.942s][info][gc,heap        ] GC(945) Old regions: 411->379
[413.942s][info][gc,heap        ] GC(945) Humongous regions: 4->4
[413.942s][info][gc,metaspace   ] GC(945) Metaspace: 18880K(19008K)->18880K(19008K) NonClass: 17051K(17152K)->17051K(17152K) Class: 1829K(1856K)->1829K(1856K)
[413.942s][info][gc             ] GC(945) Pause Young (Mixed) (G1 Evacuation Pause) 879M->405M(978M) 34.450ms
[413.942s][info][gc,cpu         ] GC(945) User=0.07s Sys=0.00s Real=0.03s
[415.107s][info][gc,start       ] GC(946) Pause Young (Concurrent Start) (G1 Evacuation Pause)
[415.107s][info][gc,task        ] GC(946) Using 2 workers of 2 for evacuation
[415.144s][info][gc,phases      ] GC(946)   Pre Evacuate Collection Set: 0.38ms
[415.144s][info][gc,phases      ] GC(946)   Merge Heap Roots: 0.29ms
[415.144s][info][gc,phases      ] GC(946)   Evacuate Collection Set: 35.72ms
[415.144s][info][gc,phases      ] GC(946)   Post Evacuate Collection Set: 0.79ms
[415.144s][info][gc,phases      ] GC(946)   Other: 0.22ms
[415.144s][info][gc,heap        ] GC(946) Eden regions: 480->0(487)
[415.144s][info][gc,heap        ] GC(946) Survivor regions: 23->29(63)
[415.144s][info][gc,heap        ] GC(946) Old regions: 379->379
[415.144s][info][gc,heap        ] GC(946) Humongous regions: 4->4
[415.144s][info][gc,metaspace   ] GC(946) Metaspace: 18880K(19008K)->18880K(19008K) NonClass: 17051K(17152K)->17051K(17152K) Class: 1829K(1856K)->1829K(1856K)
[415.144s][info][gc             ] GC(946) Pause Young (Concurrent Start) (G1 Evacuation Pause) 885M->411M(978M) 37.689ms
[415.144s][info][gc,cpu         ] GC(946) User=0.07s Sys=0.00s Real=0.04s
[415.144s][info][gc             ] GC(947) Concurrent Mark Cycle
[415.144s][info][gc,marking     ] GC(947) Concurrent Scan Root Regions
[415.207s][info][gc,marking     ] GC(947) Concurrent Scan Root Regions 62.268ms
[415.207s][info][gc,marking     ] GC(947) Concurrent Mark
[415.207s][info][gc,marking     ] GC(947) Concurrent Mark From Roots
[415.207s][info][gc,task        ] GC(947) Using 1 workers of 1 for marking
[416.493s][info][gc,marking     ] GC(947) Concurrent Mark From Roots 1286.093ms
[416.493s][info][gc,marking     ] GC(947) Concurrent Preclean
[416.493s][info][gc,marking     ] GC(947) Concurrent Preclean 0.046ms
[416.493s][info][gc,start       ] GC(947) Pause Remark
[416.502s][info][gc             ] GC(947) Pause Remark 893M->893M(978M) 8.531ms
[416.502s][info][gc,cpu         ] GC(947) User=0.02s Sys=0.00s Real=0.01s
[416.502s][info][gc,marking     ] GC(947) Concurrent Mark 1294.985ms
[416.502s][info][gc,marking     ] GC(947) Concurrent Rebuild Remembered Sets and Scrub Regions
[416.507s][info][gc,start       ] GC(948) Pause Young (Normal) (G1 Evacuation Pause)
[416.507s][info][gc,task        ] GC(948) Using 2 workers of 2 for evacuation
[416.733s][info][gc,mmu         ] GC(948) MMU target violated: 201.0ms (200.0ms/201.0ms)
[416.733s][info][gc,phases      ] GC(948)   Pre Evacuate Collection Set: 0.32ms
[416.733s][info][gc,phases      ] GC(948)   Merge Heap Roots: 0.31ms
[416.733s][info][gc,phases      ] GC(948)   Evacuate Collection Set: 191.00ms
[416.733s][info][gc,phases      ] GC(948)   Post Evacuate Collection Set: 33.68ms
[416.733s][info][gc,phases      ] GC(948)   Other: 0.17ms
[416.733s][info][gc,heap        ] GC(948) Eden regions: 487->0(48)
[416.733s][info][gc,heap        ] GC(948) Survivor regions: 29->65(65)
[416.733s][info][gc,heap        ] GC(948) Old regions: 379->746
[416.733s][info][gc,heap        ] GC(948) Humongous regions: 4->4
[416.733s][info][gc,metaspace   ] GC(948) Metaspace: 18880K(19008K)->18880K(19008K) NonClass: 17051K(17152K)->17051K(17152K) Class: 1829K(1856K)->1829K(1856K)
[416.733s][info][gc             ] GC(948) Pause Young (Normal) (G1 Evacuation Pause) (Evacuation Failure: Allocation) 898M->814M(978M) 225.682ms
[416.733s][info][gc,cpu         ] GC(948) User=0.44s Sys=0.00s Real=0.22s
[416.735s][info][gc,start       ] GC(949) Pause Young (Normal) (G1 Evacuation Pause)
[416.735s][info][gc,task        ] GC(949) Using 2 workers of 2 for evacuation
[416.885s][info][gc,phases      ] GC(949)   Pre Evacuate Collection Set: 0.50ms
[416.885s][info][gc,phases      ] GC(949)   Merge Heap Roots: 1.56ms
[416.885s][info][gc,phases      ] GC(949)   Evacuate Collection Set: 124.14ms
[416.885s][info][gc,phases      ] GC(949)   Merge Optional Heap Roots: 0.10ms
[416.885s][info][gc,phases      ] GC(949)   Evacuate Optional Collection Set: 23.19ms
[416.885s][info][gc,phases      ] GC(949)   Post Evacuate Collection Set: 0.84ms
[416.885s][info][gc,phases      ] GC(949)   Other: 0.19ms
[416.885s][info][gc,heap        ] GC(949) Eden regions: 1->0(243)
[416.885s][info][gc,heap        ] GC(949) Survivor regions: 65->1(9)
[416.885s][info][gc,heap        ] GC(949) Old regions: 746->679
[416.885s][info][gc,heap        ] GC(949) Humongous regions: 4->4
[416.885s][info][gc,metaspace   ] GC(949) Metaspace: 18880K(19008K)->18880K(19008K) NonClass: 17051K(17152K)->17051K(17152K) Class: 1829K(1856K)->1829K(1856K)
[416.885s][info][gc             ] GC(949) Pause Young (Normal) (G1 Evacuation Pause) 815M->683M(978M) 150.790ms
[416.885s][info][gc,cpu         ] GC(949) User=0.29s Sys=0.01s Real=0.15s
[417.231s][info][gc,start       ] GC(950) Pause Young (Normal) (G1 Evacuation Pause)
[417.231s][info][gc,task        ] GC(950) Using 2 workers of 2 for evacuation
[417.370s][info][gc,phases      ] GC(950)   Pre Evacuate Collection Set: 0.58ms
[417.370s][info][gc,phases      ] GC(950)   Merge Heap Roots: 0.60ms
[417.370s][info][gc,phases      ] GC(950)   Evacuate Collection Set: 115.75ms
[417.370s][info][gc,phases      ] GC(950)   Post Evacuate Collection Set: 21.72ms
[417.370s][info][gc,phases      ] GC(950)   Other: 0.12ms
[417.370s][info][gc,heap        ] GC(950) Eden regions: 243->0(0)
[417.370s][info][gc,heap        ] GC(950) Survivor regions: 1->31(31)
[417.370s][info][gc,heap        ] GC(950) Old regions: 679->928
[417.370s][info][gc,heap        ] GC(950) Humongous regions: 4->4
[417.370s][info][gc,metaspace   ] GC(950) Metaspace: 18880K(19008K)->18880K(19008K) NonClass: 17051K(17152K)->17051K(17152K) Class: 1829K(1856K)->1829K(1856K)
[417.370s][info][gc             ] GC(950) Pause Young (Normal) (G1 Evacuation Pause) (Evacuation Failure: Allocation) 926M->962M(978M) 139.080ms
[417.370s][info][gc,cpu         ] GC(950) User=0.27s Sys=0.00s Real=0.14s
[417.370s][info][gc,ergo        ] Attempting full compaction
[417.370s][info][gc,start       ] GC(951) Pause Full (G1 Compaction Pause)
[417.370s][info][gc,task        ] GC(951) Using 2 workers of 2 for full compaction
[417.372s][info][gc,phases,start] GC(951) Phase 1: Mark live objects
[417.921s][info][metaspace      ] ChkMgr @0x00007f9cbc15e5a0 (non-class-space): : reclaiming memory...
[417.921s][info][metaspace      ] ChkMgr @0x00007f9cbc15e5a0 (non-class-space): nothing reclaimed.
[417.921s][info][metaspace      ] ChkMgr @0x00007f9cbc15c6b0 (class-space): : reclaiming memory...
[417.921s][info][metaspace      ] ChkMgr @0x00007f9cbc15c6b0 (class-space): nothing reclaimed.
[417.921s][info][gc,phases      ] GC(951) Phase 1: Mark live objects 549.377ms
[417.921s][info][gc,phases,start] GC(951) Phase 2: Prepare compaction
[417.955s][info][gc,phases      ] GC(951) Phase 2: Prepare compaction 33.490ms
[417.955s][info][gc,phases,start] GC(951) Phase 3: Adjust pointers
[418.176s][info][gc,phases      ] GC(951) Phase 3: Adjust pointers 220.881ms
[418.176s][info][gc,phases,start] GC(951) Phase 4: Compact heap
[418.221s][info][gc,phases      ] GC(951) Phase 4: Compact heap 45.115ms
[418.221s][info][gc,phases,start] GC(951) Phase 5: Reset Metadata
[418.312s][info][gc,phases      ] GC(951) Phase 5: Reset Metadata 90.503ms
[418.321s][info][gc,heap        ] GC(951) Eden regions: 0->0(322)
[418.321s][info][gc,heap        ] GC(951) Survivor regions: 31->0(31)
[418.321s][info][gc,heap        ] GC(951) Old regions: 928->563
[418.321s][info][gc,heap        ] GC(951) Humongous regions: 4->4
[418.321s][info][gc,metaspace   ] GC(951) Metaspace: 18880K(19008K)->18871K(19008K) NonClass: 17051K(17152K)->17042K(17152K) Class: 1829K(1856K)->1829K(1856K)
[418.321s][info][gc             ] GC(951) Pause Full (G1 Compaction Pause) 962M->565M(978M) 950.755ms
[418.321s][info][gc,cpu         ] GC(951) User=1.85s Sys=0.00s Real=0.95s
[418.323s][info][gc,marking     ] GC(947) Concurrent Rebuild Remembered Sets and Scrub Regions 1821.500ms
[418.323s][info][gc,marking     ] GC(947) Concurrent Mark Abort
[418.323s][info][gc             ] GC(947) Concurrent Mark Cycle 3179.003ms
[418.464s][info][gc,start       ] GC(952) Pause Young (Concurrent Start) (G1 Humongous Allocation)
[418.464s][info][gc,task        ] GC(952) Using 2 workers of 2 for evacuation
[418.518s][info][gc,phases      ] GC(952)   Pre Evacuate Collection Set: 0.42ms
[418.518s][info][gc,phases      ] GC(952)   Merge Heap Roots: 0.70ms
[418.518s][info][gc,phases      ] GC(952)   Evacuate Collection Set: 51.65ms
[418.518s][info][gc,phases      ] GC(952)   Post Evacuate Collection Set: 0.96ms
[418.518s][info][gc,phases      ] GC(952)   Other: 0.15ms
[418.518s][info][gc,heap        ] GC(952) Eden regions: 92->0(324)
[418.518s][info][gc,heap        ] GC(952) Survivor regions: 0->9(41)
[418.518s][info][gc,heap        ] GC(952) Old regions: 563->563
[418.518s][info][gc,heap        ] GC(952) Humongous regions: 4->4
[418.518s][info][gc,metaspace   ] GC(952) Metaspace: 18871K(19008K)->18871K(19008K) NonClass: 17042K(17152K)->17042K(17152K) Class: 1829K(1856K)->1829K(1856K)
[418.518s][info][gc             ] GC(952) Pause Young (Concurrent Start) (G1 Humongous Allocation) 657M->574M(978M) 54.232ms
[418.518s][info][gc             ] GC(953) Concurrent Mark Cycle
[418.518s][info][gc,marking     ] GC(953) Concurrent Scan Root Regions
[418.518s][info][gc,cpu         ] GC(952) User=0.10s Sys=0.00s Real=0.06s
[418.565s][info][gc,marking     ] GC(953) Concurrent Scan Root Regions 47.074ms
[418.565s][info][gc,marking     ] GC(953) Concurrent Mark
[418.565s][info][gc,marking     ] GC(953) Concurrent Mark From Roots
[418.565s][info][gc,task        ] GC(953) Using 1 workers of 1 for marking
[419.821s][info][gc,start       ] GC(954) Pause Young (Normal) (G1 Evacuation Pause)
[419.821s][info][gc,task        ] GC(954) Using 2 workers of 2 for evacuation
[419.937s][info][gc,phases      ] GC(954)   Pre Evacuate Collection Set: 0.34ms
[419.937s][info][gc,phases      ] GC(954)   Merge Heap Roots: 1.10ms
[419.937s][info][gc,phases      ] GC(954)   Evacuate Collection Set: 113.23ms
[419.937s][info][gc,phases      ] GC(954)   Post Evacuate Collection Set: 1.04ms
[419.937s][info][gc,phases      ] GC(954)   Other: 0.10ms
[419.937s][info][gc,heap        ] GC(954) Eden regions: 324->0(267)
[419.937s][info][gc,heap        ] GC(954) Survivor regions: 9->42(42)
[419.937s][info][gc,heap        ] GC(954) Old regions: 563->564
[419.937s][info][gc,heap        ] GC(954) Humongous regions: 13->13
[419.937s][info][gc,metaspace   ] GC(954) Metaspace: 18871K(19008K)->18871K(19008K) NonClass: 17042K(17152K)->17042K(17152K) Class: 1829K(1856K)->1829K(1856K)
[419.937s][info][gc             ] GC(954) Pause Young (Normal) (G1 Evacuation Pause) 907M->617M(978M) 116.180ms
[419.937s][info][gc,cpu         ] GC(954) User=0.23s Sys=0.00s Real=0.12s
[420.217s][info][gc,marking     ] GC(953) Concurrent Mark From Roots 1652.116ms
[420.217s][info][gc,marking     ] GC(953) Concurrent Preclean
[420.217s][info][gc,marking     ] GC(953) Concurrent Preclean 0.072ms
[420.217s][info][gc,start       ] GC(953) Pause Remark
[420.227s][info][gc             ] GC(953) Pause Remark 684M->586M(978M) 9.718ms
[420.227s][info][gc,cpu         ] GC(953) User=0.02s Sys=0.00s Real=0.01s
[420.227s][info][gc,marking     ] GC(953) Concurrent Mark 1662.271ms
[420.227s][info][gc,marking     ] GC(953) Concurrent Rebuild Remembered Sets and Scrub Regions
[420.765s][info][gc,start       ] GC(955) Pause Young (Normal) (G1 Evacuation Pause)
[420.765s][info][gc,task        ] GC(955) Using 2 workers of 2 for evacuation
[420.862s][info][gc,phases      ] GC(955)   Pre Evacuate Collection Set: 0.56ms
[420.863s][info][gc,phases      ] GC(955)   Merge Heap Roots: 1.03ms
[420.863s][info][gc,phases      ] GC(955)   Evacuate Collection Set: 95.32ms
[420.863s][info][gc,phases      ] GC(955)   Post Evacuate Collection Set: 0.54ms
[420.863s][info][gc,phases      ] GC(955)   Other: 0.12ms
[420.863s][info][gc,heap        ] GC(955) Eden regions: 267->0(363)
[420.863s][info][gc,heap        ] GC(955) Survivor regions: 42->1(39)
[420.863s][info][gc,heap        ] GC(955) Old regions: 468->511
[420.863s][info][gc,heap        ] GC(955) Humongous regions: 11->11
[420.863s][info][gc,metaspace   ] GC(955) Metaspace: 18871K(19008K)->18871K(19008K) NonClass: 17042K(17152K)->17042K(17152K) Class: 1829K(1856K)->1829K(1856K)
[420.863s][info][gc             ] GC(955) Pause Young (Normal) (G1 Evacuation Pause) 786M->521M(978M) 97.851ms
[420.863s][info][gc,cpu         ] GC(955) User=0.19s Sys=0.00s Real=0.09s
[420.873s][info][gc,marking     ] GC(953) Concurrent Rebuild Remembered Sets and Scrub Regions 645.219ms
[420.873s][info][gc,start       ] GC(953) Pause Cleanup
[420.873s][info][gc             ] GC(953) Pause Cleanup 524M->524M(978M) 0.148ms
[420.873s][info][gc,cpu         ] GC(953) User=0.00s Sys=0.00s Real=0.00s
[420.873s][info][gc,marking     ] GC(953) Concurrent Clear Claimed Marks
[420.873s][info][gc,marking     ] GC(953) Concurrent Clear Claimed Marks 0.035ms
[420.873s][info][gc,marking     ] GC(953) Concurrent Cleanup for Next Mark
[420.876s][info][gc,marking     ] GC(953) Concurrent Cleanup for Next Mark 3.080ms
[420.876s][info][gc             ] GC(953) Concurrent Mark Cycle 2358.285ms
[421.493s][info][gc,start       ] GC(956) Pause Young (Prepare Mixed) (G1 Evacuation Pause)
[421.494s][info][gc,task        ] GC(956) Using 2 workers of 2 for evacuation
[421.495s][info][gc,phases      ] GC(956)   Pre Evacuate Collection Set: 0.34ms
[421.495s][info][gc,phases      ] GC(956)   Merge Heap Roots: 0.12ms
[421.495s][info][gc,phases      ] GC(956)   Evacuate Collection Set: 0.26ms
[421.495s][info][gc,phases      ] GC(956)   Post Evacuate Collection Set: 0.54ms
[421.495s][info][gc,phases      ] GC(956)   Other: 0.12ms
[421.495s][info][gc,heap        ] GC(956) Eden regions: 363->0(381)
[421.495s][info][gc,heap        ] GC(956) Survivor regions: 1->1(46)
[421.495s][info][gc,heap        ] GC(956) Old regions: 511->511
[421.495s][info][gc,heap        ] GC(956) Humongous regions: 11->11
[421.495s][info][gc,metaspace   ] GC(956) Metaspace: 18871K(19008K)->18871K(19008K) NonClass: 17042K(17152K)->17042K(17152K) Class: 1829K(1856K)->1829K(1856K)
[421.495s][info][gc             ] GC(956) Pause Young (Prepare Mixed) (G1 Evacuation Pause) 884M->521M(978M) 1.643ms
[421.495s][info][gc,cpu         ] GC(956) User=0.00s Sys=0.00s Real=0.01s
[422.130s][info][gc,start       ] GC(957) Pause Young (Mixed) (G1 Evacuation Pause)
[422.130s][info][gc,task        ] GC(957) Using 2 workers of 2 for evacuation
[422.147s][info][gc,phases      ] GC(957)   Pre Evacuate Collection Set: 0.53ms
[422.147s][info][gc,phases      ] GC(957)   Merge Heap Roots: 0.31ms
[422.147s][info][gc,phases      ] GC(957)   Evacuate Collection Set: 15.19ms
[422.147s][info][gc,phases      ] GC(957)   Post Evacuate Collection Set: 0.68ms
[422.147s][info][gc,phases      ] GC(957)   Other: 0.13ms
[422.147s][info][gc,heap        ] GC(957) Eden regions: 381->0(393)
[422.147s][info][gc,heap        ] GC(957) Survivor regions: 1->9(48)
[422.147s][info][gc,heap        ] GC(957) Old regions: 511->494
[422.147s][info][gc,heap        ] GC(957) Humongous regions: 11->11
[422.147s][info][gc,metaspace   ] GC(957) Metaspace: 18871K(19008K)->18871K(19008K) NonClass: 17042K(17152K)->17042K(17152K) Class: 1829K(1856K)->1829K(1856K)
[422.147s][info][gc             ] GC(957) Pause Young (Mixed) (G1 Evacuation Pause) 902M->512M(978M) 17.085ms
[422.147s][info][gc,cpu         ] GC(957) User=0.03s Sys=0.00s Real=0.02s
[422.538s][info][gc,start       ] GC(958) Pause Young (Concurrent Start) (G1 Evacuation Pause)
[422.538s][info][gc,task        ] GC(958) Using 2 workers of 2 for evacuation
[422.581s][info][gc,phases      ] GC(958)   Pre Evacuate Collection Set: 0.40ms
[422.581s][info][gc,phases      ] GC(958)   Merge Heap Roots: 0.18ms
[422.581s][info][gc,phases      ] GC(958)   Evacuate Collection Set: 41.43ms
[422.581s][info][gc,phases      ] GC(958)   Post Evacuate Collection Set: 0.72ms
[422.581s][info][gc,phases      ] GC(958)   Other: 0.15ms
[422.581s][info][gc,heap        ] GC(958) Eden regions: 393->0(357)
[422.581s][info][gc,heap        ] GC(958) Survivor regions: 9->33(51)
[422.581s][info][gc,heap        ] GC(958) Old regions: 494->494
[422.581s][info][gc,heap        ] GC(958) Humongous regions: 11->11
[422.581s][info][gc,metaspace   ] GC(958) Metaspace: 18871K(19008K)->18871K(19008K) NonClass: 17042K(17152K)->17042K(17152K) Class: 1829K(1856K)->1829K(1856K)
[422.581s][info][gc             ] GC(958) Pause Young (Concurrent Start) (G1 Evacuation Pause) 905M->536M(978M) 43.126ms
[422.581s][info][gc,cpu         ] GC(958) User=0.08s Sys=0.00s Real=0.04s
[422.581s][info][gc             ] GC(959) Concurrent Mark Cycle
[422.581s][info][gc,marking     ] GC(959) Concurrent Scan Root Regions
[422.651s][info][gc,marking     ] GC(959) Concurrent Scan Root Regions 70.046ms
[422.651s][info][gc,marking     ] GC(959) Concurrent Mark
[422.651s][info][gc,marking     ] GC(959) Concurrent Mark From Roots
[422.651s][info][gc,task        ] GC(959) Using 1 workers of 1 for marking
[423.689s][info][gc,start       ] GC(960) Pause Young (Normal) (G1 Evacuation Pause)
[423.689s][info][gc,task        ] GC(960) Using 2 workers of 2 for evacuation
[423.750s][info][gc,phases      ] GC(960)   Pre Evacuate Collection Set: 0.34ms
[423.750s][info][gc,phases      ] GC(960)   Merge Heap Roots: 0.24ms
[423.750s][info][gc,phases      ] GC(960)   Evacuate Collection Set: 59.34ms
[423.750s][info][gc,phases      ] GC(960)   Post Evacuate Collection Set: 0.75ms
[423.750s][info][gc,phases      ] GC(960)   Other: 0.11ms
[423.750s][info][gc,heap        ] GC(960) Eden regions: 357->0(344)
[423.750s][info][gc,heap        ] GC(960) Survivor regions: 33->35(49)
[423.750s][info][gc,heap        ] GC(960) Old regions: 494->503
[423.750s][info][gc,heap        ] GC(960) Humongous regions: 11->11
[423.750s][info][gc,metaspace   ] GC(960) Metaspace: 18871K(19008K)->18871K(19008K) NonClass: 17042K(17152K)->17042K(17152K) Class: 1829K(1856K)->1829K(1856K)
[423.750s][info][gc             ] GC(960) Pause Young (Normal) (G1 Evacuation Pause) 893M->547M(978M) 61.077ms
[423.750s][info][gc,cpu         ] GC(960) User=0.12s Sys=0.00s Real=0.06s
[424.190s][info][gc,marking     ] GC(959) Concurrent Mark From Roots 1538.253ms
[424.190s][info][gc,marking     ] GC(959) Concurrent Preclean
[424.190s][info][gc,marking     ] GC(959) Concurrent Preclean 0.047ms
[424.190s][info][gc,start       ] GC(959) Pause Remark
[424.200s][info][gc             ] GC(959) Pause Remark 646M->642M(978M) 10.601ms
[424.201s][info][gc,cpu         ] GC(959) User=0.02s Sys=0.00s Real=0.01s
[424.201s][info][gc,marking     ] GC(959) Concurrent Mark 1549.264ms
[424.201s][info][gc,marking     ] GC(959) Concurrent Rebuild Remembered Sets and Scrub Regions
[424.729s][info][gc,marking     ] GC(959) Concurrent Rebuild Remembered Sets and Scrub Regions 528.257ms
[424.729s][info][gc,start       ] GC(959) Pause Cleanup
[424.729s][info][gc             ] GC(959) Pause Cleanup 794M->794M(978M) 0.117ms
[424.729s][info][gc,cpu         ] GC(959) User=0.00s Sys=0.00s Real=0.00s
[424.729s][info][gc,marking     ] GC(959) Concurrent Clear Claimed Marks
[424.729s][info][gc,marking     ] GC(959) Concurrent Clear Claimed Marks 0.030ms
[424.729s][info][gc,marking     ] GC(959) Concurrent Cleanup for Next Mark
[424.732s][info][gc,marking     ] GC(959) Concurrent Cleanup for Next Mark 2.999ms
[424.732s][info][gc             ] GC(959) Concurrent Mark Cycle 2151.203ms
[424.915s][info][gc,start       ] GC(961) Pause Young (Prepare Mixed) (G1 Evacuation Pause)
[424.915s][info][gc,task        ] GC(961) Using 2 workers of 2 for evacuation
[424.963s][info][gc,phases      ] GC(961)   Pre Evacuate Collection Set: 0.56ms
[424.963s][info][gc,phases      ] GC(961)   Merge Heap Roots: 0.29ms
[424.963s][info][gc,phases      ] GC(961)   Evacuate Collection Set: 45.85ms
[424.963s][info][gc,phases      ] GC(961)   Post Evacuate Collection Set: 0.69ms
[424.963s][info][gc,phases      ] GC(961)   Other: 0.10ms
[424.963s][info][gc,heap        ] GC(961) Eden regions: 344->0(361)
[424.963s][info][gc,heap        ] GC(961) Survivor regions: 35->16(48)
[424.963s][info][gc,heap        ] GC(961) Old regions: 503->528
[424.963s][info][gc,heap        ] GC(961) Humongous regions: 7->7
[424.963s][info][gc,metaspace   ] GC(961) Metaspace: 18871K(19008K)->18871K(19008K) NonClass: 17042K(17152K)->17042K(17152K) Class: 1829K(1856K)->1829K(1856K)
[424.963s][info][gc             ] GC(961) Pause Young (Prepare Mixed) (G1 Evacuation Pause) 887M->549M(978M) 47.740ms
[424.963s][info][gc,cpu         ] GC(961) User=0.09s Sys=0.00s Real=0.04s
[425.376s][info][gc,start       ] GC(962) Pause Young (Mixed) (G1 Evacuation Pause)
[425.376s][info][gc,task        ] GC(962) Using 2 workers of 2 for evacuation
[425.455s][info][gc,phases      ] GC(962)   Pre Evacuate Collection Set: 0.35ms
[425.455s][info][gc,phases      ] GC(962)   Merge Heap Roots: 0.23ms
[425.455s][info][gc,phases      ] GC(962)   Evacuate Collection Set: 75.53ms
[425.455s][info][gc,phases      ] GC(962)   Post Evacuate Collection Set: 2.61ms
[425.455s][info][gc,phases      ] GC(962)   Other: 0.12ms
[425.455s][info][gc,heap        ] GC(962) Eden regions: 361->0(266)
[425.455s][info][gc,heap        ] GC(962) Survivor regions: 16->48(48)
[425.455s][info][gc,heap        ] GC(962) Old regions: 528->559
[425.455s][info][gc,heap        ] GC(962) Humongous regions: 7->7
[425.455s][info][gc,metaspace   ] GC(962) Metaspace: 18871K(19008K)->18871K(19008K) NonClass: 17042K(17152K)->17042K(17152K) Class: 1829K(1856K)->1829K(1856K)
[425.455s][info][gc             ] GC(962) Pause Young (Mixed) (G1 Evacuation Pause) (Evacuation Failure: Allocation) 910M->612M(978M) 79.120ms
[425.455s][info][gc,cpu         ] GC(962) User=0.15s Sys=0.00s Real=0.08s
[425.729s][info][gc,start       ] GC(963) Pause Young (Concurrent Start) (G1 Humongous Allocation)
[425.729s][info][gc,task        ] GC(963) Using 2 workers of 2 for evacuation
[425.816s][info][gc,phases      ] GC(963)   Pre Evacuate Collection Set: 0.42ms
[425.816s][info][gc,phases      ] GC(963)   Merge Heap Roots: 0.43ms
[425.816s][info][gc,phases      ] GC(963)   Evacuate Collection Set: 85.21ms
[425.816s][info][gc,phases      ] GC(963)   Post Evacuate Collection Set: 0.63ms
[425.816s][info][gc,phases      ] GC(963)   Other: 0.16ms
[425.816s][info][gc,heap        ] GC(963) Eden regions: 145->0(271)
[425.816s][info][gc,heap        ] GC(963) Survivor regions: 48->16(40)
[425.816s][info][gc,heap        ] GC(963) Old regions: 559->591
[425.816s][info][gc,heap        ] GC(963) Humongous regions: 7->7
[425.816s][info][gc,metaspace   ] GC(963) Metaspace: 18871K(19008K)->18871K(19008K) NonClass: 17042K(17152K)->17042K(17152K) Class: 1829K(1856K)->1829K(1856K)
[425.816s][info][gc             ] GC(963) Pause Young (Concurrent Start) (G1 Humongous Allocation) 757M->612M(978M) 87.107ms
[425.816s][info][gc,cpu         ] GC(963) User=0.17s Sys=0.00s Real=0.09s
[425.816s][info][gc             ] GC(964) Concurrent Mark Cycle
[425.816s][info][gc,marking     ] GC(964) Concurrent Scan Root Regions
[425.915s][info][gc,marking     ] GC(964) Concurrent Scan Root Regions 99.226ms
[425.915s][info][gc,marking     ] GC(964) Concurrent Mark
[425.915s][info][gc,marking     ] GC(964) Concurrent Mark From Roots
[425.915s][info][gc,task        ] GC(964) Using 1 workers of 1 for marking
[426.938s][info][gc,start       ] GC(965) Pause Young (Normal) (G1 Evacuation Pause)
[426.938s][info][gc,task        ] GC(965) Using 2 workers of 2 for evacuation
[426.986s][info][gc,phases      ] GC(965)   Pre Evacuate Collection Set: 0.37ms
[426.986s][info][gc,phases      ] GC(965)   Merge Heap Roots: 0.40ms
[426.986s][info][gc,phases      ] GC(965)   Evacuate Collection Set: 46.57ms
[426.986s][info][gc,phases      ] GC(965)   Post Evacuate Collection Set: 0.75ms
[426.986s][info][gc,phases      ] GC(965)   Other: 0.14ms
[426.986s][info][gc,heap        ] GC(965) Eden regions: 271->0(275)
[426.986s][info][gc,heap        ] GC(965) Survivor regions: 16->22(36)
[426.986s][info][gc,heap        ] GC(965) Old regions: 591->591
[426.986s][info][gc,heap        ] GC(965) Humongous regions: 10->10
[426.986s][info][gc,metaspace   ] GC(965) Metaspace: 18871K(19008K)->18871K(19008K) NonClass: 17042K(17152K)->17042K(17152K) Class: 1829K(1856K)->1829K(1856K)
[426.986s][info][gc             ] GC(965) Pause Young (Normal) (G1 Evacuation Pause) 886M->621M(978M) 48.598ms
[426.986s][info][gc,cpu         ] GC(965) User=0.09s Sys=0.00s Real=0.05s
[427.581s][info][gc,marking     ] GC(964) Concurrent Mark From Roots 1665.610ms
[427.581s][info][gc,marking     ] GC(964) Concurrent Preclean
[427.581s][info][gc,marking     ] GC(964) Concurrent Preclean 0.048ms
[427.581s][info][gc,start       ] GC(964) Pause Remark
[427.590s][info][gc             ] GC(964) Pause Remark 758M->758M(978M) 8.690ms
[427.590s][info][gc,cpu         ] GC(964) User=0.02s Sys=0.01s Real=0.01s
[427.590s][info][gc,marking     ] GC(964) Concurrent Mark 1674.669ms
[427.590s][info][gc,marking     ] GC(964) Concurrent Rebuild Remembered Sets and Scrub Regions
[427.938s][info][gc,start       ] GC(966) Pause Young (Normal) (G1 Evacuation Pause)
[427.939s][info][gc,task        ] GC(966) Using 2 workers of 2 for evacuation
[427.979s][info][gc,phases      ] GC(966)   Pre Evacuate Collection Set: 0.32ms
[427.979s][info][gc,phases      ] GC(966)   Merge Heap Roots: 0.30ms
[427.979s][info][gc,phases      ] GC(966)   Evacuate Collection Set: 38.82ms
[427.979s][info][gc,phases      ] GC(966)   Post Evacuate Collection Set: 0.61ms
[427.979s][info][gc,phases      ] GC(966)   Other: 0.11ms
[427.979s][info][gc,heap        ] GC(966) Eden regions: 275->0(287)
[427.979s][info][gc,heap        ] GC(966) Survivor regions: 22->7(38)
[427.979s][info][gc,heap        ] GC(966) Old regions: 591->607
[427.979s][info][gc,heap        ] GC(966) Humongous regions: 10->10
[427.979s][info][gc,metaspace   ] GC(966) Metaspace: 18871K(19008K)->18871K(19008K) NonClass: 17042K(17152K)->17042K(17152K) Class: 1829K(1856K)->1829K(1856K)
[427.979s][info][gc             ] GC(966) Pause Young (Normal) (G1 Evacuation Pause) 896M->621M(978M) 40.457ms
[427.979s][info][gc,cpu         ] GC(966) User=0.08s Sys=0.00s Real=0.04s
[428.239s][info][gc,marking     ] GC(964) Concurrent Rebuild Remembered Sets and Scrub Regions 649.020ms
[428.239s][info][gc,start       ] GC(964) Pause Cleanup
[428.239s][info][gc             ] GC(964) Pause Cleanup 726M->726M(978M) 0.118ms
[428.239s][info][gc,cpu         ] GC(964) User=0.00s Sys=0.00s Real=0.00s
[428.240s][info][gc,marking     ] GC(964) Concurrent Clear Claimed Marks
[428.240s][info][gc,marking     ] GC(964) Concurrent Clear Claimed Marks 0.034ms
[428.240s][info][gc,marking     ] GC(964) Concurrent Cleanup for Next Mark
[428.245s][info][gc,marking     ] GC(964) Concurrent Cleanup for Next Mark 5.282ms
[428.245s][info][gc             ] GC(964) Concurrent Mark Cycle 2429.294ms
[428.545s][info][gc,start       ] GC(967) Pause Young (Prepare Mixed) (G1 Evacuation Pause)
[428.545s][info][gc,task        ] GC(967) Using 2 workers of 2 for evacuation
[428.558s][info][gc,phases      ] GC(967)   Pre Evacuate Collection Set: 0.31ms
[428.558s][info][gc,phases      ] GC(967)   Merge Heap Roots: 0.36ms
[428.558s][info][gc,phases      ] GC(967)   Evacuate Collection Set: 11.27ms
[428.558s][info][gc,phases      ] GC(967)   Post Evacuate Collection Set: 0.55ms
[428.558s][info][gc,phases      ] GC(967)   Other: 0.13ms
[428.558s][info][gc,heap        ] GC(967) Eden regions: 287->0(297)
[428.558s][info][gc,heap        ] GC(967) Survivor regions: 7->7(37)
[428.558s][info][gc,heap        ] GC(967) Old regions: 607->607
[428.558s][info][gc,heap        ] GC(967) Humongous regions: 10->10
[428.558s][info][gc,metaspace   ] GC(967) Metaspace: 18871K(19008K)->18871K(19008K) NonClass: 17042K(17152K)->17042K(17152K) Class: 1829K(1856K)->1829K(1856K)
[428.558s][info][gc             ] GC(967) Pause Young (Prepare Mixed) (G1 Evacuation Pause) 908M->621M(978M) 12.900ms
[428.558s][info][gc,cpu         ] GC(967) User=0.02s Sys=0.00s Real=0.01s
[429.023s][info][gc,start       ] GC(968) Pause Young (Mixed) (G1 Evacuation Pause)
[429.023s][info][gc,task        ] GC(968) Using 2 workers of 2 for evacuation
[429.053s][info][gc,phases      ] GC(968)   Pre Evacuate Collection Set: 0.36ms
[429.053s][info][gc,phases      ] GC(968)   Merge Heap Roots: 0.20ms
[429.053s][info][gc,phases      ] GC(968)   Evacuate Collection Set: 28.24ms
[429.053s][info][gc,phases      ] GC(968)   Post Evacuate Collection Set: 0.57ms
[429.053s][info][gc,phases      ] GC(968)   Other: 0.11ms
[429.053s][info][gc,heap        ] GC(968) Eden regions: 297->0(281)
[429.053s][info][gc,heap        ] GC(968) Survivor regions: 7->19(38)
[429.053s][info][gc,heap        ] GC(968) Old regions: 607->599
[429.053s][info][gc,heap        ] GC(968) Humongous regions: 10->10
[429.053s][info][gc,metaspace   ] GC(968) Metaspace: 18871K(19008K)->18871K(19008K) NonClass: 17042K(17152K)->17042K(17152K) Class: 1829K(1856K)->1829K(1856K)
[429.053s][info][gc             ] GC(968) Pause Young (Mixed) (G1 Evacuation Pause) 918M->626M(978M) 29.739ms
[429.053s][info][gc,cpu         ] GC(968) User=0.06s Sys=0.00s Real=0.03s
[429.332s][info][gc,start       ] GC(969) Pause Young (Concurrent Start) (G1 Evacuation Pause)
[429.333s][info][gc,task        ] GC(969) Using 2 workers of 2 for evacuation
[429.380s][info][gc,phases      ] GC(969)   Pre Evacuate Collection Set: 0.35ms
[429.380s][info][gc,phases      ] GC(969)   Merge Heap Roots: 0.16ms
[429.380s][info][gc,phases      ] GC(969)   Evacuate Collection Set: 46.48ms
[429.380s][info][gc,phases      ] GC(969)   Post Evacuate Collection Set: 0.61ms
[429.380s][info][gc,phases      ] GC(969)   Other: 0.11ms
[429.380s][info][gc,heap        ] GC(969) Eden regions: 281->0(249)
[429.380s][info][gc,heap        ] GC(969) Survivor regions: 19->35(38)
[429.380s][info][gc,heap        ] GC(969) Old regions: 599->599
[429.380s][info][gc,heap        ] GC(969) Humongous regions: 10->10
[429.380s][info][gc,metaspace   ] GC(969) Metaspace: 18871K(19008K)->18871K(19008K) NonClass: 17042K(17152K)->17042K(17152K) Class: 1829K(1856K)->1829K(1856K)
[429.380s][info][gc             ] GC(969) Pause Young (Concurrent Start) (G1 Evacuation Pause) 907M->642M(978M) 47.994ms
[429.381s][info][gc,cpu         ] GC(969) User=0.10s Sys=0.00s Real=0.05s
[429.381s][info][gc             ] GC(970) Concurrent Mark Cycle
[429.381s][info][gc,marking     ] GC(970) Concurrent Scan Root Regions
[429.461s][info][gc,marking     ] GC(970) Concurrent Scan Root Regions 80.703ms
[429.461s][info][gc,marking     ] GC(970) Concurrent Mark
[429.461s][info][gc,marking     ] GC(970) Concurrent Mark From Roots
[429.461s][info][gc,task        ] GC(970) Using 1 workers of 1 for marking
[429.841s][info][gc,start       ] GC(971) Pause Young (Normal) (G1 Evacuation Pause)
[429.841s][info][gc,task        ] GC(971) Using 2 workers of 2 for evacuation
[429.911s][info][gc,phases      ] GC(971)   Pre Evacuate Collection Set: 0.37ms
[429.912s][info][gc,phases      ] GC(971)   Merge Heap Roots: 0.32ms
[429.912s][info][gc,phases      ] GC(971)   Evacuate Collection Set: 68.62ms
[429.912s][info][gc,phases      ] GC(971)   Post Evacuate Collection Set: 0.63ms
[429.912s][info][gc,phases      ] GC(971)   Other: 0.12ms
[429.912s][info][gc,heap        ] GC(971) Eden regions: 249->0(252)
[429.912s][info][gc,heap        ] GC(971) Survivor regions: 35->24(36)
[429.912s][info][gc,heap        ] GC(971) Old regions: 599->618
[429.912s][info][gc,heap        ] GC(971) Humongous regions: 10->10
[429.912s][info][gc,metaspace   ] GC(971) Metaspace: 18871K(19008K)->18871K(19008K) NonClass: 17042K(17152K)->17042K(17152K) Class: 1829K(1856K)->1829K(1856K)
[429.912s][info][gc             ] GC(971) Pause Young (Normal) (G1 Evacuation Pause) 891M->649M(978M) 70.456ms
[429.912s][info][gc,cpu         ] GC(971) User=0.14s Sys=0.00s Real=0.07s
[430.405s][info][gc,start       ] GC(972) Pause Young (Normal) (G1 Evacuation Pause)
[430.405s][info][gc,task        ] GC(972) Using 2 workers of 2 for evacuation
[430.520s][info][gc,phases      ] GC(972)   Pre Evacuate Collection Set: 0.36ms
[430.520s][info][gc,phases      ] GC(972)   Merge Heap Roots: 0.43ms
[430.520s][info][gc,phases      ] GC(972)   Evacuate Collection Set: 113.49ms
[430.520s][info][gc,phases      ] GC(972)   Post Evacuate Collection Set: 0.62ms
[430.520s][info][gc,phases      ] GC(972)   Other: 0.11ms
[430.520s][info][gc,heap        ] GC(972) Eden regions: 252->0(192)
[430.520s][info][gc,heap        ] GC(972) Survivor regions: 24->35(35)
[430.520s][info][gc,heap        ] GC(972) Old regions: 618->656
[430.520s][info][gc,heap        ] GC(972) Humongous regions: 10->10
[430.520s][info][gc,metaspace   ] GC(972) Metaspace: 18871K(19008K)->18871K(19008K) NonClass: 17042K(17152K)->17042K(17152K) Class: 1829K(1856K)->1829K(1856K)
[430.520s][info][gc             ] GC(972) Pause Young (Normal) (G1 Evacuation Pause) 901M->699M(978M) 115.289ms
[430.520s][info][gc,cpu         ] GC(972) User=0.22s Sys=0.00s Real=0.11s
[430.932s][info][gc,start       ] GC(973) Pause Young (Normal) (G1 Evacuation Pause)
[430.932s][info][gc,task        ] GC(973) Using 2 workers of 2 for evacuation
[431.019s][info][gc,phases      ] GC(973)   Pre Evacuate Collection Set: 0.32ms
[431.019s][info][gc,phases      ] GC(973)   Merge Heap Roots: 0.36ms
[431.019s][info][gc,phases      ] GC(973)   Evacuate Collection Set: 84.99ms
[431.019s][info][gc,phases      ] GC(973)   Post Evacuate Collection Set: 0.53ms
[431.019s][info][gc,phases      ] GC(973)   Other: 0.11ms
[431.019s][info][gc,heap        ] GC(973) Eden regions: 192->0(165)
[431.019s][info][gc,heap        ] GC(973) Survivor regions: 35->29(29)
[431.019s][info][gc,heap        ] GC(973) Old regions: 656->695
[431.019s][info][gc,heap        ] GC(973) Humongous regions: 10->10
[431.019s][info][gc,metaspace   ] GC(973) Metaspace: 18871K(19008K)->18871K(19008K) NonClass: 17042K(17152K)->17042K(17152K) Class: 1829K(1856K)->1829K(1856K)
[431.019s][info][gc             ] GC(973) Pause Young (Normal) (G1 Evacuation Pause) 891M->732M(978M) 86.604ms
[431.019s][info][gc,cpu         ] GC(973) User=0.17s Sys=0.00s Real=0.09s
[431.257s][info][gc,start       ] GC(974) Pause Young (Normal) (G1 Evacuation Pause)
[431.257s][info][gc,task        ] GC(974) Using 2 workers of 2 for evacuation
[431.299s][info][gc,phases      ] GC(974)   Pre Evacuate Collection Set: 0.33ms
[431.299s][info][gc,phases      ] GC(974)   Merge Heap Roots: 0.21ms
[431.299s][info][gc,phases      ] GC(974)   Evacuate Collection Set: 40.48ms
[431.299s][info][gc,phases      ] GC(974)   Post Evacuate Collection Set: 0.43ms
[431.299s][info][gc,phases      ] GC(974)   Other: 0.11ms
[431.299s][info][gc,heap        ] GC(974) Eden regions: 165->0(181)
[431.299s][info][gc,heap        ] GC(974) Survivor regions: 29->6(25)
[431.299s][info][gc,heap        ] GC(974) Old regions: 695->724
[431.299s][info][gc,heap        ] GC(974) Humongous regions: 10->10
[431.299s][info][gc,metaspace   ] GC(974) Metaspace: 18871K(19008K)->18871K(19008K) NonClass: 17042K(17152K)->17042K(17152K) Class: 1829K(1856K)->1829K(1856K)
[431.299s][info][gc             ] GC(974) Pause Young (Normal) (G1 Evacuation Pause) 897M->738M(978M) 41.812ms
[431.299s][info][gc,cpu         ] GC(974) User=0.08s Sys=0.00s Real=0.04s
[431.541s][info][gc,marking     ] GC(970) Concurrent Mark From Roots 2079.832ms
[431.541s][info][gc,marking     ] GC(970) Concurrent Preclean
[431.541s][info][gc,marking     ] GC(970) Concurrent Preclean 0.055ms
[431.541s][info][gc,start       ] GC(970) Pause Remark
[431.550s][info][gc             ] GC(970) Pause Remark 841M->763M(978M) 8.597ms
[431.550s][info][gc,cpu         ] GC(970) User=0.02s Sys=0.00s Real=0.01s
[431.551s][info][gc,marking     ] GC(970) Concurrent Mark 2089.886ms
[431.551s][info][gc,marking     ] GC(970) Concurrent Rebuild Remembered Sets and Scrub Regions
[431.684s][info][gc,start       ] GC(975) Pause Young (Normal) (G1 Evacuation Pause)
[431.684s][info][gc,task        ] GC(975) Using 2 workers of 2 for evacuation
[431.706s][info][gc,phases      ] GC(975)   Pre Evacuate Collection Set: 0.62ms
[431.706s][info][gc,phases      ] GC(975)   Merge Heap Roots: 0.35ms
[431.706s][info][gc,phases      ] GC(975)   Evacuate Collection Set: 20.55ms
[431.706s][info][gc,phases      ] GC(975)   Post Evacuate Collection Set: 0.56ms
[431.706s][info][gc,phases      ] GC(975)   Other: 0.13ms
[431.706s][info][gc,heap        ] GC(975) Eden regions: 181->0(244)
[431.706s][info][gc,heap        ] GC(975) Survivor regions: 6->7(24)
[431.706s][info][gc,heap        ] GC(975) Old regions: 648->648
[431.706s][info][gc,heap        ] GC(975) Humongous regions: 7->7
[431.706s][info][gc,metaspace   ] GC(975) Metaspace: 18871K(19008K)->18871K(19008K) NonClass: 17042K(17152K)->17042K(17152K) Class: 1829K(1856K)->1829K(1856K)
[431.706s][info][gc             ] GC(975) Pause Young (Normal) (G1 Evacuation Pause) 841M->661M(978M) 22.469ms
[431.706s][info][gc,cpu         ] GC(975) User=0.04s Sys=0.00s Real=0.03s
[432.070s][info][gc,start       ] GC(976) Pause Young (Normal) (G1 Evacuation Pause)
[432.071s][info][gc,task        ] GC(976) Using 2 workers of 2 for evacuation
[432.099s][info][gc,phases      ] GC(976)   Pre Evacuate Collection Set: 0.58ms
[432.100s][info][gc,phases      ] GC(976)   Merge Heap Roots: 0.35ms
[432.100s][info][gc,phases      ] GC(976)   Evacuate Collection Set: 27.36ms
[432.100s][info][gc,phases      ] GC(976)   Post Evacuate Collection Set: 0.55ms
[432.100s][info][gc,phases      ] GC(976)   Other: 0.09ms
[432.100s][info][gc,heap        ] GC(976) Eden regions: 244->0(250)
[432.100s][info][gc,heap        ] GC(976) Survivor regions: 7->11(32)
[432.100s][info][gc,heap        ] GC(976) Old regions: 648->648
[432.100s][info][gc,heap        ] GC(976) Humongous regions: 7->7
[432.100s][info][gc,metaspace   ] GC(976) Metaspace: 18871K(19008K)->18871K(19008K) NonClass: 17042K(17152K)->17042K(17152K) Class: 1829K(1856K)->1829K(1856K)
[432.100s][info][gc             ] GC(976) Pause Young (Normal) (G1 Evacuation Pause) 905M->665M(978M) 29.215ms
[432.100s][info][gc,cpu         ] GC(976) User=0.06s Sys=0.00s Real=0.03s
[432.419s][info][gc,marking     ] GC(970) Concurrent Rebuild Remembered Sets and Scrub Regions 868.173ms
[432.420s][info][gc,start       ] GC(970) Pause Cleanup
[432.420s][info][gc             ] GC(970) Pause Cleanup 800M->800M(978M) 0.173ms
[432.420s][info][gc,cpu         ] GC(970) User=0.00s Sys=0.00s Real=0.00s
[432.420s][info][gc,marking     ] GC(970) Concurrent Clear Claimed Marks
[432.420s][info][gc,marking     ] GC(970) Concurrent Clear Claimed Marks 0.040ms
[432.420s][info][gc,marking     ] GC(970) Concurrent Cleanup for Next Mark
[432.425s][info][gc,marking     ] GC(970) Concurrent Cleanup for Next Mark 4.995ms
[432.425s][info][gc             ] GC(970) Concurrent Mark Cycle 3044.517ms
[432.568s][info][gc,start       ] GC(977) Pause Young (Prepare Mixed) (G1 Evacuation Pause)
[432.568s][info][gc,task        ] GC(977) Using 2 workers of 2 for evacuation
[432.610s][info][gc,phases      ] GC(977)   Pre Evacuate Collection Set: 0.57ms
[432.610s][info][gc,phases      ] GC(977)   Merge Heap Roots: 0.26ms
[432.610s][info][gc,phases      ] GC(977)   Evacuate Collection Set: 40.35ms
[432.610s][info][gc,phases      ] GC(977)   Post Evacuate Collection Set: 0.58ms
[432.610s][info][gc,phases      ] GC(977)   Other: 0.09ms
[432.610s][info][gc,heap        ] GC(977) Eden regions: 250->0(209)
[432.610s][info][gc,heap        ] GC(977) Survivor regions: 11->32(33)
[432.610s][info][gc,heap        ] GC(977) Old regions: 648->648
[432.610s][info][gc,heap        ] GC(977) Humongous regions: 7->7
[432.610s][info][gc,metaspace   ] GC(977) Metaspace: 18871K(19008K)->18871K(19008K) NonClass: 17042K(17152K)->17042K(17152K) Class: 1829K(1856K)->1829K(1856K)
[432.610s][info][gc             ] GC(977) Pause Young (Prepare Mixed) (G1 Evacuation Pause) 915M->686M(978M) 42.138ms
[432.610s][info][gc,cpu         ] GC(977) User=0.08s Sys=0.00s Real=0.04s
[432.910s][info][gc,start       ] GC(978) Pause Young (Mixed) (G1 Evacuation Pause)
[432.910s][info][gc,task        ] GC(978) Using 2 workers of 2 for evacuation
[433.038s][info][gc,phases      ] GC(978)   Pre Evacuate Collection Set: 0.57ms
[433.038s][info][gc,phases      ] GC(978)   Merge Heap Roots: 0.38ms
[433.038s][info][gc,phases      ] GC(978)   Evacuate Collection Set: 118.44ms
[433.038s][info][gc,phases      ] GC(978)   Post Evacuate Collection Set: 8.65ms
[433.038s][info][gc,phases      ] GC(978)   Other: 0.09ms
[433.038s][info][gc,heap        ] GC(978) Eden regions: 209->0(127)
[433.038s][info][gc,heap        ] GC(978) Survivor regions: 32->31(31)
[433.038s][info][gc,heap        ] GC(978) Old regions: 648->732
[433.038s][info][gc,heap        ] GC(978) Humongous regions: 7->7
[433.038s][info][gc,metaspace   ] GC(978) Metaspace: 18871K(19008K)->18871K(19008K) NonClass: 17042K(17152K)->17042K(17152K) Class: 1829K(1856K)->1829K(1856K)
[433.038s][info][gc             ] GC(978) Pause Young (Mixed) (G1 Evacuation Pause) (Evacuation Failure: Allocation) 895M->769M(978M) 128.404ms
[433.038s][info][gc,cpu         ] GC(978) User=0.25s Sys=0.00s Real=0.13s
[433.164s][info][gc,start       ] GC(979) Pause Young (Concurrent Start) (G1 Evacuation Pause)
[433.164s][info][gc,task        ] GC(979) Using 2 workers of 2 for evacuation
[433.238s][info][gc,phases      ] GC(979)   Pre Evacuate Collection Set: 0.44ms
[433.238s][info][gc,phases      ] GC(979)   Merge Heap Roots: 0.45ms
[433.238s][info][gc,phases      ] GC(979)   Evacuate Collection Set: 71.72ms
[433.238s][info][gc,phases      ] GC(979)   Post Evacuate Collection Set: 0.59ms
[433.238s][info][gc,phases      ] GC(979)   Other: 0.24ms
[433.238s][info][gc,heap        ] GC(979) Eden regions: 127->0(176)
[433.238s][info][gc,heap        ] GC(979) Survivor regions: 31->10(20)
[433.238s][info][gc,heap        ] GC(979) Old regions: 732->715
[433.238s][info][gc,heap        ] GC(979) Humongous regions: 7->7
[433.238s][info][gc,metaspace   ] GC(979) Metaspace: 18871K(19008K)->18871K(19008K) NonClass: 17042K(17152K)->17042K(17152K) Class: 1829K(1856K)->1829K(1856K)
[433.238s][info][gc             ] GC(979) Pause Young (Concurrent Start) (G1 Evacuation Pause) 896M->731M(978M) 73.718ms
[433.238s][info][gc             ] GC(980) Concurrent Mark Cycle
[433.238s][info][gc,marking     ] GC(980) Concurrent Scan Root Regions
[433.240s][info][gc,cpu         ] GC(979) User=0.15s Sys=0.00s Real=0.07s
[433.326s][info][gc,marking     ] GC(980) Concurrent Scan Root Regions 87.729ms
[433.326s][info][gc,marking     ] GC(980) Concurrent Mark
[433.326s][info][gc,marking     ] GC(980) Concurrent Mark From Roots
[433.326s][info][gc,task        ] GC(980) Using 1 workers of 1 for marking
[433.669s][info][gc,start       ] GC(981) Pause Young (Normal) (G1 Evacuation Pause)
[433.669s][info][gc,task        ] GC(981) Using 2 workers of 2 for evacuation
[433.688s][info][gc,phases      ] GC(981)   Pre Evacuate Collection Set: 0.56ms
[433.688s][info][gc,phases      ] GC(981)   Merge Heap Roots: 0.23ms
[433.688s][info][gc,phases      ] GC(981)   Evacuate Collection Set: 17.44ms
[433.688s][info][gc,phases      ] GC(981)   Post Evacuate Collection Set: 0.48ms
[433.688s][info][gc,phases      ] GC(981)   Other: 0.11ms
[433.688s][info][gc,heap        ] GC(981) Eden regions: 176->0(186)
[433.688s][info][gc,heap        ] GC(981) Survivor regions: 10->10(24)
[433.688s][info][gc,heap        ] GC(981) Old regions: 715->715
[433.688s][info][gc,heap        ] GC(981) Humongous regions: 7->7
[433.688s][info][gc,metaspace   ] GC(981) Metaspace: 18871K(19008K)->18871K(19008K) NonClass: 17042K(17152K)->17042K(17152K) Class: 1829K(1856K)->1829K(1856K)
[433.688s][info][gc             ] GC(981) Pause Young (Normal) (G1 Evacuation Pause) 907M->731M(978M) 19.098ms
[433.688s][info][gc,cpu         ] GC(981) User=0.03s Sys=0.00s Real=0.02s
[434.299s][info][gc,start       ] GC(982) Pause Young (Normal) (G1 Evacuation Pause)
[434.300s][info][gc,task        ] GC(982) Using 2 workers of 2 for evacuation
[434.319s][info][gc,phases      ] GC(982)   Pre Evacuate Collection Set: 0.35ms
[434.319s][info][gc,phases      ] GC(982)   Merge Heap Roots: 0.25ms
[434.319s][info][gc,phases      ] GC(982)   Evacuate Collection Set: 18.06ms
[434.319s][info][gc,phases      ] GC(982)   Post Evacuate Collection Set: 0.52ms
[434.319s][info][gc,phases      ] GC(982)   Other: 0.09ms
[434.319s][info][gc,heap        ] GC(982) Eden regions: 186->0(184)
[434.319s][info][gc,heap        ] GC(982) Survivor regions: 10->11(25)
[434.319s][info][gc,heap        ] GC(982) Old regions: 715->715
[434.319s][info][gc,heap        ] GC(982) Humongous regions: 7->7
[434.319s][info][gc,metaspace   ] GC(982) Metaspace: 18871K(19008K)->18871K(19008K) NonClass: 17042K(17152K)->17042K(17152K) Class: 1829K(1856K)->1829K(1856K)
[434.319s][info][gc             ] GC(982) Pause Young (Normal) (G1 Evacuation Pause) 917M->732M(978M) 19.520ms
[434.319s][info][gc,cpu         ] GC(982) User=0.04s Sys=0.00s Real=0.02s
[434.797s][info][gc,start       ] GC(983) Pause Young (Normal) (G1 Evacuation Pause)
[434.797s][info][gc,task        ] GC(983) Using 2 workers of 2 for evacuation
[434.820s][info][gc,phases      ] GC(983)   Pre Evacuate Collection Set: 0.31ms
[434.820s][info][gc,phases      ] GC(983)   Merge Heap Roots: 0.29ms
[434.820s][info][gc,phases      ] GC(983)   Evacuate Collection Set: 21.49ms
[434.820s][info][gc,phases      ] GC(983)   Post Evacuate Collection Set: 0.54ms
[434.820s][info][gc,phases      ] GC(983)   Other: 0.14ms
[434.820s][info][gc,heap        ] GC(983) Eden regions: 184->0(182)
[434.820s][info][gc,heap        ] GC(983) Survivor regions: 11->12(25)
[434.820s][info][gc,heap        ] GC(983) Old regions: 715->715
[434.820s][info][gc,heap        ] GC(983) Humongous regions: 7->7
[434.820s][info][gc,metaspace   ] GC(983) Metaspace: 18871K(19008K)->18871K(19008K) NonClass: 17042K(17152K)->17042K(17152K) Class: 1829K(1856K)->1829K(1856K)
[434.820s][info][gc             ] GC(983) Pause Young (Normal) (G1 Evacuation Pause) 916M->732M(978M) 23.004ms
[434.820s][info][gc,cpu         ] GC(983) User=0.04s Sys=0.00s Real=0.02s
[435.087s][info][gc,start       ] GC(984) Pause Young (Normal) (G1 Evacuation Pause)
[435.087s][info][gc,task        ] GC(984) Using 2 workers of 2 for evacuation
[435.113s][info][gc,phases      ] GC(984)   Pre Evacuate Collection Set: 0.53ms
[435.113s][info][gc,phases      ] GC(984)   Merge Heap Roots: 0.33ms
[435.113s][info][gc,phases      ] GC(984)   Evacuate Collection Set: 24.34ms
[435.113s][info][gc,phases      ] GC(984)   Post Evacuate Collection Set: 0.54ms
[435.113s][info][gc,phases      ] GC(984)   Other: 0.13ms
[435.113s][info][gc,heap        ] GC(984) Eden regions: 182->0(178)
[435.113s][info][gc,heap        ] GC(984) Survivor regions: 12->14(25)
[435.113s][info][gc,heap        ] GC(984) Old regions: 715->715
[435.113s][info][gc,heap        ] GC(984) Humongous regions: 7->7
[435.113s][info][gc,metaspace   ] GC(984) Metaspace: 18871K(19008K)->18871K(19008K) NonClass: 17042K(17152K)->17042K(17152K) Class: 1829K(1856K)->1829K(1856K)
[435.113s][info][gc             ] GC(984) Pause Young (Normal) (G1 Evacuation Pause) 914M->735M(978M) 26.213ms
[435.113s][info][gc,cpu         ] GC(984) User=0.05s Sys=0.01s Real=0.02s
[435.699s][info][gc,marking     ] GC(980) Concurrent Mark From Roots 2373.226ms
[435.699s][info][gc,marking     ] GC(980) Concurrent Preclean
[435.699s][info][gc,marking     ] GC(980) Concurrent Preclean 0.052ms
[435.700s][info][gc,start       ] GC(980) Pause Remark
[435.708s][info][gc             ] GC(980) Pause Remark 895M->895M(978M) 8.624ms
[435.708s][info][gc,cpu         ] GC(980) User=0.01s Sys=0.01s Real=0.01s
[435.708s][info][gc,marking     ] GC(980) Concurrent Mark 2382.266ms
[435.708s][info][gc,marking     ] GC(980) Concurrent Rebuild Remembered Sets and Scrub Regions
[435.790s][info][gc,start       ] GC(985) Pause Young (Normal) (G1 Evacuation Pause)
[435.790s][info][gc,task        ] GC(985) Using 2 workers of 2 for evacuation
[435.848s][info][gc,phases      ] GC(985)   Pre Evacuate Collection Set: 0.30ms
[435.849s][info][gc,phases      ] GC(985)   Merge Heap Roots: 0.52ms
[435.849s][info][gc,phases      ] GC(985)   Evacuate Collection Set: 56.47ms
[435.849s][info][gc,phases      ] GC(985)   Post Evacuate Collection Set: 0.64ms
[435.849s][info][gc,phases      ] GC(985)   Other: 0.09ms
[435.849s][info][gc,heap        ] GC(985) Eden regions: 178->0(153)
[435.849s][info][gc,heap        ] GC(985) Survivor regions: 14->20(24)
[435.849s][info][gc,heap        ] GC(985) Old regions: 715->725
[435.849s][info][gc,heap        ] GC(985) Humongous regions: 10->10
[435.849s][info][gc,metaspace   ] GC(985) Metaspace: 18874K(19008K)->18874K(19008K) NonClass: 17045K(17152K)->17045K(17152K) Class: 1829K(1856K)->1829K(1856K)
[435.849s][info][gc             ] GC(985) Pause Young (Normal) (G1 Evacuation Pause) 916M->753M(978M) 58.298ms
[435.849s][info][gc,cpu         ] GC(985) User=0.12s Sys=0.00s Real=0.06s
[436.110s][info][gc,start       ] GC(986) Pause Young (Normal) (G1 Evacuation Pause)
[436.110s][info][gc,task        ] GC(986) Using 2 workers of 2 for evacuation
[436.182s][info][gc,phases      ] GC(986)   Pre Evacuate Collection Set: 0.34ms
[436.182s][info][gc,phases      ] GC(986)   Merge Heap Roots: 0.50ms
[436.182s][info][gc,phases      ] GC(986)   Evacuate Collection Set: 70.71ms
[436.182s][info][gc,phases      ] GC(986)   Post Evacuate Collection Set: 0.47ms
[436.182s][info][gc,phases      ] GC(986)   Other: 0.10ms
[436.182s][info][gc,heap        ] GC(986) Eden regions: 153->0(127)
[436.182s][info][gc,heap        ] GC(986) Survivor regions: 20->22(22)
[436.182s][info][gc,heap        ] GC(986) Old regions: 725->747
[436.182s][info][gc,heap        ] GC(986) Humongous regions: 10->10
[436.182s][info][gc,metaspace   ] GC(986) Metaspace: 18874K(19008K)->18874K(19008K) NonClass: 17045K(17152K)->17045K(17152K) Class: 1829K(1856K)->1829K(1856K)
[436.182s][info][gc             ] GC(986) Pause Young (Normal) (G1 Evacuation Pause) 906M->778M(978M) 72.385ms
[436.182s][info][gc,cpu         ] GC(986) User=0.14s Sys=0.00s Real=0.07s
[436.384s][info][gc,start       ] GC(987) Pause Young (Normal) (G1 Evacuation Pause)
[436.384s][info][gc,task        ] GC(987) Using 2 workers of 2 for evacuation
[436.427s][info][gc,phases      ] GC(987)   Pre Evacuate Collection Set: 0.44ms
[436.427s][info][gc,phases      ] GC(987)   Merge Heap Roots: 0.22ms
[436.427s][info][gc,phases      ] GC(987)   Evacuate Collection Set: 41.52ms
[436.427s][info][gc,phases      ] GC(987)   Post Evacuate Collection Set: 0.40ms
[436.427s][info][gc,phases      ] GC(987)   Other: 0.08ms
[436.427s][info][gc,heap        ] GC(987) Eden regions: 127->0(124)
[436.427s][info][gc,heap        ] GC(987) Survivor regions: 22->12(19)
[436.427s][info][gc,heap        ] GC(987) Old regions: 747->770
[436.427s][info][gc,heap        ] GC(987) Humongous regions: 10->10
[436.427s][info][gc,metaspace   ] GC(987) Metaspace: 18874K(19008K)->18874K(19008K) NonClass: 17045K(17152K)->17045K(17152K) Class: 1829K(1856K)->1829K(1856K)
[436.427s][info][gc             ] GC(987) Pause Young (Normal) (G1 Evacuation Pause) 905M->791M(978M) 42.949ms
[436.427s][info][gc,cpu         ] GC(987) User=0.08s Sys=0.00s Real=0.05s
[436.599s][info][gc,marking     ] GC(980) Concurrent Rebuild Remembered Sets and Scrub Regions 890.931ms
[436.600s][info][gc,start       ] GC(980) Pause Cleanup
[436.600s][info][gc             ] GC(980) Pause Cleanup 901M->901M(978M) 0.134ms
[436.600s][info][gc,cpu         ] GC(980) User=0.00s Sys=0.00s Real=0.00s
[436.600s][info][gc,marking     ] GC(980) Concurrent Clear Claimed Marks
[436.600s][info][gc,marking     ] GC(980) Concurrent Clear Claimed Marks 0.032ms
[436.600s][info][gc,marking     ] GC(980) Concurrent Cleanup for Next Mark
[436.605s][info][gc,marking     ] GC(980) Concurrent Cleanup for Next Mark 4.996ms
[436.606s][info][gc             ] GC(980) Concurrent Mark Cycle 3367.345ms
[436.617s][info][gc,start       ] GC(988) Pause Young (Prepare Mixed) (G1 Evacuation Pause)
[436.617s][info][gc,task        ] GC(988) Using 2 workers of 2 for evacuation
[436.644s][info][gc,phases      ] GC(988)   Pre Evacuate Collection Set: 0.32ms
[436.644s][info][gc,phases      ] GC(988)   Merge Heap Roots: 0.32ms
[436.644s][info][gc,phases      ] GC(988)   Evacuate Collection Set: 25.83ms
[436.644s][info][gc,phases      ] GC(988)   Post Evacuate Collection Set: 0.45ms
[436.644s][info][gc,phases      ] GC(988)   Other: 0.08ms
[436.644s][info][gc,heap        ] GC(988) Eden regions: 124->0(128)
[436.644s][info][gc,heap        ] GC(988) Survivor regions: 12->4(17)
[436.644s][info][gc,heap        ] GC(988) Old regions: 770->782
[436.644s][info][gc,heap        ] GC(988) Humongous regions: 10->10
[436.644s][info][gc,metaspace   ] GC(988) Metaspace: 18874K(19008K)->18874K(19008K) NonClass: 17045K(17152K)->17045K(17152K) Class: 1829K(1856K)->1829K(1856K)
[436.644s][info][gc             ] GC(988) Pause Young (Prepare Mixed) (G1 Evacuation Pause) 915M->794M(978M) 27.211ms
[436.644s][info][gc,cpu         ] GC(988) User=0.05s Sys=0.00s Real=0.03s
[436.810s][info][gc,start       ] GC(989) Pause Young (Mixed) (G1 Evacuation Pause)
[436.810s][info][gc,task        ] GC(989) Using 2 workers of 2 for evacuation
[436.831s][info][gc,phases      ] GC(989)   Pre Evacuate Collection Set: 0.33ms
[436.832s][info][gc,phases      ] GC(989)   Merge Heap Roots: 0.40ms
[436.832s][info][gc,phases      ] GC(989)   Evacuate Collection Set: 20.48ms
[436.832s][info][gc,phases      ] GC(989)   Post Evacuate Collection Set: 0.43ms
[436.832s][info][gc,phases      ] GC(989)   Other: 0.10ms
[436.832s][info][gc,heap        ] GC(989) Eden regions: 128->0(136)
[436.832s][info][gc,heap        ] GC(989) Survivor regions: 4->6(17)
[436.832s][info][gc,heap        ] GC(989) Old regions: 782->770
[436.832s][info][gc,heap        ] GC(989) Humongous regions: 10->10
[436.832s][info][gc,metaspace   ] GC(989) Metaspace: 18876K(19008K)->18876K(19008K) NonClass: 17047K(17152K)->17047K(17152K) Class: 1829K(1856K)->1829K(1856K)
[436.832s][info][gc             ] GC(989) Pause Young (Mixed) (G1 Evacuation Pause) 922M->785M(978M) 22.000ms
[436.832s][info][gc,cpu         ] GC(989) User=0.04s Sys=0.00s Real=0.02s
[436.979s][info][gc,start       ] GC(990) Pause Young (Concurrent Start) (G1 Evacuation Pause)
[436.979s][info][gc,task        ] GC(990) Using 2 workers of 2 for evacuation
[436.989s][info][gc,phases      ] GC(990)   Pre Evacuate Collection Set: 0.39ms
[436.989s][info][gc,phases      ] GC(990)   Merge Heap Roots: 0.14ms
[436.989s][info][gc,phases      ] GC(990)   Evacuate Collection Set: 9.18ms
[436.989s][info][gc,phases      ] GC(990)   Post Evacuate Collection Set: 0.48ms
[436.989s][info][gc,phases      ] GC(990)   Other: 0.21ms
[436.989s][info][gc,heap        ] GC(990) Eden regions: 136->0(136)
[436.989s][info][gc,heap        ] GC(990) Survivor regions: 6->6(18)
[436.989s][info][gc,heap        ] GC(990) Old regions: 770->770
[436.989s][info][gc,heap        ] GC(990) Humongous regions: 10->10
[436.989s][info][gc,metaspace   ] GC(990) Metaspace: 18876K(19008K)->18876K(19008K) NonClass: 17047K(17152K)->17047K(17152K) Class: 1829K(1856K)->1829K(1856K)
[436.989s][info][gc             ] GC(990) Pause Young (Concurrent Start) (G1 Evacuation Pause) 921M->785M(978M) 10.707ms
[436.989s][info][gc,cpu         ] GC(990) User=0.02s Sys=0.00s Real=0.01s
[436.989s][info][gc             ] GC(991) Concurrent Mark Cycle
[436.989s][info][gc,marking     ] GC(991) Concurrent Scan Root Regions
[437.004s][info][gc,marking     ] GC(991) Concurrent Scan Root Regions 14.635ms
[437.004s][info][gc,marking     ] GC(991) Concurrent Mark
[437.004s][info][gc,marking     ] GC(991) Concurrent Mark From Roots
[437.004s][info][gc,task        ] GC(991) Using 1 workers of 1 for marking
[437.153s][info][gc,start       ] GC(992) Pause Young (Normal) (G1 Evacuation Pause)
[437.153s][info][gc,task        ] GC(992) Using 2 workers of 2 for evacuation
[437.164s][info][gc,phases      ] GC(992)   Pre Evacuate Collection Set: 0.32ms
[437.164s][info][gc,phases      ] GC(992)   Merge Heap Roots: 0.17ms
[437.164s][info][gc,phases      ] GC(992)   Evacuate Collection Set: 9.37ms
[437.164s][info][gc,phases      ] GC(992)   Post Evacuate Collection Set: 0.42ms
[437.164s][info][gc,phases      ] GC(992)   Other: 0.10ms
[437.164s][info][gc,heap        ] GC(992) Eden regions: 136->0(136)
[437.164s][info][gc,heap        ] GC(992) Survivor regions: 6->6(18)
[437.164s][info][gc,heap        ] GC(992) Old regions: 770->770
[437.164s][info][gc,heap        ] GC(992) Humongous regions: 10->10
[437.164s][info][gc,metaspace   ] GC(992) Metaspace: 18876K(19008K)->18876K(19008K) NonClass: 17047K(17152K)->17047K(17152K) Class: 1829K(1856K)->1829K(1856K)
[437.164s][info][gc             ] GC(992) Pause Young (Normal) (G1 Evacuation Pause) 921M->785M(978M) 10.646ms
[437.164s][info][gc,cpu         ] GC(992) User=0.02s Sys=0.00s Real=0.01s
[437.650s][info][gc,start       ] GC(993) Pause Young (Normal) (G1 Evacuation Pause)
[437.650s][info][gc,task        ] GC(993) Using 2 workers of 2 for evacuation
[437.671s][info][gc,phases      ] GC(993)   Pre Evacuate Collection Set: 0.31ms
[437.671s][info][gc,phases      ] GC(993)   Merge Heap Roots: 0.18ms
[437.671s][info][gc,phases      ] GC(993)   Evacuate Collection Set: 19.18ms
[437.671s][info][gc,phases      ] GC(993)   Post Evacuate Collection Set: 0.44ms
[437.671s][info][gc,phases      ] GC(993)   Other: 0.10ms
[437.671s][info][gc,heap        ] GC(993) Eden regions: 136->0(120)
[437.671s][info][gc,heap        ] GC(993) Survivor regions: 6->14(18)
[437.671s][info][gc,heap        ] GC(993) Old regions: 770->770
[437.671s][info][gc,heap        ] GC(993) Humongous regions: 10->10
[437.671s][info][gc,metaspace   ] GC(993) Metaspace: 18876K(19008K)->18876K(19008K) NonClass: 17047K(17152K)->17047K(17152K) Class: 1829K(1856K)->1829K(1856K)
[437.671s][info][gc             ] GC(993) Pause Young (Normal) (G1 Evacuation Pause) 921M->793M(978M) 20.463ms
[437.671s][info][gc,cpu         ] GC(993) User=0.04s Sys=0.00s Real=0.02s
[437.959s][info][gc,start       ] GC(994) Pause Young (Normal) (G1 Evacuation Pause)
[437.960s][info][gc,task        ] GC(994) Using 2 workers of 2 for evacuation
[437.993s][info][gc,phases      ] GC(994)   Pre Evacuate Collection Set: 0.33ms
[437.993s][info][gc,phases      ] GC(994)   Merge Heap Roots: 0.22ms
[437.993s][info][gc,phases      ] GC(994)   Evacuate Collection Set: 32.29ms
[437.993s][info][gc,phases      ] GC(994)   Post Evacuate Collection Set: 0.44ms
[437.993s][info][gc,phases      ] GC(994)   Other: 0.08ms
[437.993s][info][gc,heap        ] GC(994) Eden regions: 120->0(107)
[437.993s][info][gc,heap        ] GC(994) Survivor regions: 14->17(17)
[437.993s][info][gc,heap        ] GC(994) Old regions: 770->777
[437.993s][info][gc,heap        ] GC(994) Humongous regions: 10->10
[437.993s][info][gc,metaspace   ] GC(994) Metaspace: 18877K(19008K)->18877K(19008K) NonClass: 17048K(17152K)->17048K(17152K) Class: 1829K(1856K)->1829K(1856K)
[437.993s][info][gc             ] GC(994) Pause Young (Normal) (G1 Evacuation Pause) 913M->803M(978M) 33.647ms
[437.993s][info][gc,cpu         ] GC(994) User=0.07s Sys=0.00s Real=0.03s
[438.362s][info][gc,start       ] GC(995) Pause Young (Normal) (G1 Evacuation Pause)
[438.362s][info][gc,task        ] GC(995) Using 2 workers of 2 for evacuation
[438.399s][info][gc,phases      ] GC(995)   Pre Evacuate Collection Set: 0.34ms
[438.399s][info][gc,phases      ] GC(995)   Merge Heap Roots: 0.20ms
[438.399s][info][gc,phases      ] GC(995)   Evacuate Collection Set: 35.26ms
[438.399s][info][gc,phases      ] GC(995)   Post Evacuate Collection Set: 0.41ms
[438.399s][info][gc,phases      ] GC(995)   Other: 0.10ms
[438.399s][info][gc,heap        ] GC(995) Eden regions: 107->0(97)
[438.399s][info][gc,heap        ] GC(995) Survivor regions: 17->13(16)
[438.399s][info][gc,heap        ] GC(995) Old regions: 777->795
[438.399s][info][gc,heap        ] GC(995) Humongous regions: 10->10
[438.399s][info][gc,metaspace   ] GC(995) Metaspace: 18877K(19008K)->18877K(19008K) NonClass: 17048K(17152K)->17048K(17152K) Class: 1829K(1856K)->1829K(1856K)
[438.399s][info][gc             ] GC(995) Pause Young (Normal) (G1 Evacuation Pause) 910M->816M(978M) 36.564ms
[438.399s][info][gc,cpu         ] GC(995) User=0.07s Sys=0.00s Real=0.04s
[438.838s][info][gc,start       ] GC(996) Pause Young (Normal) (G1 Evacuation Pause)
[438.838s][info][gc,task        ] GC(996) Using 2 workers of 2 for evacuation
[438.854s][info][gc,phases      ] GC(996)   Pre Evacuate Collection Set: 0.55ms
[438.854s][info][gc,phases      ] GC(996)   Merge Heap Roots: 0.13ms
[438.854s][info][gc,phases      ] GC(996)   Evacuate Collection Set: 14.62ms
[438.854s][info][gc,phases      ] GC(996)   Post Evacuate Collection Set: 0.39ms
[438.854s][info][gc,phases      ] GC(996)   Other: 0.11ms
[438.854s][info][gc,heap        ] GC(996) Eden regions: 97->0(109)
[438.854s][info][gc,heap        ] GC(996) Survivor regions: 13->1(14)
[438.854s][info][gc,heap        ] GC(996) Old regions: 795->807
[438.854s][info][gc,heap        ] GC(996) Humongous regions: 10->10
[438.854s][info][gc,metaspace   ] GC(996) Metaspace: 18877K(19008K)->18877K(19008K) NonClass: 17048K(17152K)->17048K(17152K) Class: 1829K(1856K)->1829K(1856K)
[438.854s][info][gc             ] GC(996) Pause Young (Normal) (G1 Evacuation Pause) 913M->817M(978M) 16.099ms
[438.854s][info][gc,cpu         ] GC(996) User=0.03s Sys=0.00s Real=0.02s
[439.005s][info][gc,marking     ] GC(991) Concurrent Mark From Roots 2001.159ms
[439.005s][info][gc,marking     ] GC(991) Concurrent Preclean
[439.005s][info][gc,marking     ] GC(991) Concurrent Preclean 0.055ms
[439.006s][info][gc,start       ] GC(991) Pause Remark
[439.014s][info][gc             ] GC(991) Pause Remark 864M->709M(978M) 8.738ms
[439.014s][info][gc,cpu         ] GC(991) User=0.01s Sys=0.00s Real=0.01s
[439.014s][info][gc,marking     ] GC(991) Concurrent Mark 2010.305ms
[439.014s][info][gc,marking     ] GC(991) Concurrent Rebuild Remembered Sets and Scrub Regions
[439.162s][info][gc,start       ] GC(997) Pause Young (Normal) (G1 Evacuation Pause)
[439.163s][info][gc,task        ] GC(997) Using 2 workers of 2 for evacuation
[439.164s][info][gc,phases      ] GC(997)   Pre Evacuate Collection Set: 0.31ms
[439.164s][info][gc,phases      ] GC(997)   Merge Heap Roots: 0.07ms
[439.164s][info][gc,phases      ] GC(997)   Evacuate Collection Set: 0.67ms
[439.164s][info][gc,phases      ] GC(997)   Post Evacuate Collection Set: 0.32ms
[439.164s][info][gc,phases      ] GC(997)   Other: 0.10ms
[439.164s][info][gc,heap        ] GC(997) Eden regions: 109->0(264)
[439.164s][info][gc,heap        ] GC(997) Survivor regions: 1->1(14)
[439.164s][info][gc,heap        ] GC(997) Old regions: 655->655
[439.164s][info][gc,heap        ] GC(997) Humongous regions: 7->7
[439.164s][info][gc,metaspace   ] GC(997) Metaspace: 18877K(19008K)->18877K(19008K) NonClass: 17048K(17152K)->17048K(17152K) Class: 1829K(1856K)->1829K(1856K)
[439.164s][info][gc             ] GC(997) Pause Young (Normal) (G1 Evacuation Pause) 771M->662M(978M) 1.725ms
[439.164s][info][gc,cpu         ] GC(997) User=0.00s Sys=0.00s Real=0.00s
[439.788s][info][gc,marking     ] GC(991) Concurrent Rebuild Remembered Sets and Scrub Regions 773.843ms
[439.789s][info][gc,start       ] GC(991) Pause Cleanup
[439.789s][info][gc             ] GC(991) Pause Cleanup 825M->825M(978M) 0.141ms
[439.789s][info][gc,cpu         ] GC(991) User=0.00s Sys=0.00s Real=0.00s
[439.789s][info][gc,marking     ] GC(991) Concurrent Clear Claimed Marks
[439.789s][info][gc,marking     ] GC(991) Concurrent Clear Claimed Marks 0.048ms
[439.789s][info][gc,marking     ] GC(991) Concurrent Cleanup for Next Mark
[439.794s][info][gc,marking     ] GC(991) Concurrent Cleanup for Next Mark 4.993ms
[439.794s][info][gc             ] GC(991) Concurrent Mark Cycle 2804.526ms
[441.025s][info][gc,start       ] GC(998) Pause Young (Prepare Mixed) (G1 Evacuation Pause)
[441.025s][info][gc,task        ] GC(998) Using 2 workers of 2 for evacuation
[441.028s][info][gc,phases      ] GC(998)   Pre Evacuate Collection Set: 0.36ms
[441.028s][info][gc,phases      ] GC(998)   Merge Heap Roots: 0.15ms
[441.028s][info][gc,phases      ] GC(998)   Evacuate Collection Set: 2.35ms
[441.028s][info][gc,phases      ] GC(998)   Post Evacuate Collection Set: 0.50ms
[441.028s][info][gc,phases      ] GC(998)   Other: 0.09ms
[441.028s][info][gc,heap        ] GC(998) Eden regions: 264->0(264)
[441.028s][info][gc,heap        ] GC(998) Survivor regions: 1->1(34)
[441.028s][info][gc,heap        ] GC(998) Old regions: 655->655
[441.028s][info][gc,heap        ] GC(998) Humongous regions: 7->7
[441.028s][info][gc,metaspace   ] GC(998) Metaspace: 18878K(19008K)->18878K(19008K) NonClass: 17048K(17152K)->17048K(17152K) Class: 1829K(1856K)->1829K(1856K)
[441.028s][info][gc             ] GC(998) Pause Young (Prepare Mixed) (G1 Evacuation Pause) 926M->662M(978M) 3.694ms
[441.028s][info][gc,cpu         ] GC(998) User=0.01s Sys=0.00s Real=0.00s
[442.543s][info][gc,start       ] GC(999) Pause Young (Mixed) (G1 Evacuation Pause)
[442.543s][info][gc,task        ] GC(999) Using 2 workers of 2 for evacuation
[442.551s][info][gc,phases      ] GC(999)   Pre Evacuate Collection Set: 0.52ms
[442.551s][info][gc,phases      ] GC(999)   Merge Heap Roots: 0.16ms
[442.551s][info][gc,phases      ] GC(999)   Evacuate Collection Set: 6.15ms
[442.551s][info][gc,phases      ] GC(999)   Post Evacuate Collection Set: 0.70ms
[442.551s][info][gc,phases      ] GC(999)   Other: 0.09ms
[442.551s][info][gc,heap        ] GC(999) Eden regions: 264->0(272)
[442.551s][info][gc,heap        ] GC(999) Survivor regions: 1->3(34)
[442.551s][info][gc,heap        ] GC(999) Old regions: 655->643
[442.551s][info][gc,heap        ] GC(999) Humongous regions: 7->7
[442.551s][info][gc,metaspace   ] GC(999) Metaspace: 18924K(19072K)->18924K(19072K) NonClass: 17094K(17216K)->17094K(17216K) Class: 1829K(1856K)->1829K(1856K)
[442.551s][info][gc             ] GC(999) Pause Young (Mixed) (G1 Evacuation Pause) 926M->651M(978M) 7.852ms
[442.551s][info][gc,cpu         ] GC(999) User=0.01s Sys=0.00s Real=0.01s
[443.284s][info][gc,start       ] GC(1000) Pause Young (Concurrent Start) (G1 Evacuation Pause)
[443.284s][info][gc,task        ] GC(1000) Using 2 workers of 2 for evacuation
[443.290s][info][gc,phases      ] GC(1000)   Pre Evacuate Collection Set: 0.42ms
[443.290s][info][gc,phases      ] GC(1000)   Merge Heap Roots: 0.13ms
[443.290s][info][gc,phases      ] GC(1000)   Evacuate Collection Set: 4.78ms
[443.290s][info][gc,phases      ] GC(1000)   Post Evacuate Collection Set: 0.53ms
[443.290s][info][gc,phases      ] GC(1000)   Other: 0.22ms
[443.290s][info][gc,heap        ] GC(1000) Eden regions: 272->0(270)
[443.290s][info][gc,heap        ] GC(1000) Survivor regions: 3->4(35)
[443.290s][info][gc,heap        ] GC(1000) Old regions: 643->643
[443.290s][info][gc,heap        ] GC(1000) Humongous regions: 7->7
[443.290s][info][gc,metaspace   ] GC(1000) Metaspace: 18927K(19072K)->18927K(19072K) NonClass: 17097K(17216K)->17097K(17216K) Class: 1829K(1856K)->1829K(1856K)
[443.290s][info][gc             ] GC(1000) Pause Young (Concurrent Start) (G1 Evacuation Pause) 923M->652M(978M) 6.325ms
[443.290s][info][gc,cpu         ] GC(1000) User=0.01s Sys=0.00s Real=0.01s
[443.290s][info][gc             ] GC(1001) Concurrent Mark Cycle
[443.290s][info][gc,marking     ] GC(1001) Concurrent Scan Root Regions
[443.299s][info][gc,marking     ] GC(1001) Concurrent Scan Root Regions 8.810ms
[443.299s][info][gc,marking     ] GC(1001) Concurrent Mark
[443.299s][info][gc,marking     ] GC(1001) Concurrent Mark From Roots
[443.299s][info][gc,task        ] GC(1001) Using 1 workers of 1 for marking
[443.821s][info][gc,start       ] GC(1002) Pause Young (Normal) (G1 Evacuation Pause)
[443.821s][info][gc,task        ] GC(1002) Using 2 workers of 2 for evacuation
[443.937s][info][gc,phases      ] GC(1002)   Pre Evacuate Collection Set: 0.36ms
[443.937s][info][gc,phases      ] GC(1002)   Merge Heap Roots: 0.14ms
[443.937s][info][gc,phases      ] GC(1002)   Evacuate Collection Set: 100.97ms
[443.937s][info][gc,phases      ] GC(1002)   Post Evacuate Collection Set: 13.94ms
[443.937s][info][gc,phases      ] GC(1002)   Other: 0.10ms
[443.937s][info][gc,heap        ] GC(1002) Eden regions: 270->0(48)
[443.937s][info][gc,heap        ] GC(1002) Survivor regions: 4->35(35)
[443.937s][info][gc,heap        ] GC(1002) Old regions: 643->803
[443.937s][info][gc,heap        ] GC(1002) Humongous regions: 7->7
[443.937s][info][gc,metaspace   ] GC(1002) Metaspace: 18965K(19136K)->18965K(19136K) NonClass: 17136K(17280K)->17136K(17280K) Class: 1829K(1856K)->1829K(1856K)
[443.937s][info][gc             ] GC(1002) Pause Young (Normal) (G1 Evacuation Pause) (Evacuation Failure: Allocation) 922M->844M(978M) 115.752ms
[443.937s][info][gc,cpu         ] GC(1002) User=0.23s Sys=0.00s Real=0.12s
[444.071s][info][gc,start       ] GC(1003) Pause Young (Normal) (G1 Evacuation Pause)
[444.071s][info][gc,task        ] GC(1003) Using 2 workers of 2 for evacuation
[444.164s][info][gc,phases      ] GC(1003)   Pre Evacuate Collection Set: 0.59ms
[444.164s][info][gc,phases      ] GC(1003)   Merge Heap Roots: 0.54ms
[444.164s][info][gc,phases      ] GC(1003)   Evacuate Collection Set: 90.69ms
[444.164s][info][gc,phases      ] GC(1003)   Post Evacuate Collection Set: 1.38ms
[444.164s][info][gc,phases      ] GC(1003)   Other: 0.12ms
[444.164s][info][gc,heap        ] GC(1003) Eden regions: 48->0(152)
[444.164s][info][gc,heap        ] GC(1003) Survivor regions: 35->11(11)
[444.164s][info][gc,heap        ] GC(1003) Old regions: 803->747
[444.164s][info][gc,heap        ] GC(1003) Humongous regions: 7->7
[444.164s][info][gc,metaspace   ] GC(1003) Metaspace: 18965K(19136K)->18965K(19136K) NonClass: 17136K(17280K)->17136K(17280K) Class: 1829K(1856K)->1829K(1856K)
[444.164s][info][gc             ] GC(1003) Pause Young (Normal) (G1 Evacuation Pause) (Evacuation Failure: Allocation) 892M->764M(978M) 93.577ms
[444.164s][info][gc,cpu         ] GC(1003) User=0.18s Sys=0.00s Real=0.10s
[444.509s][info][gc,start       ] GC(1004) Pause Young (Normal) (G1 Evacuation Pause)
[444.510s][info][gc,task        ] GC(1004) Using 2 workers of 2 for evacuation
[444.595s][info][gc,phases      ] GC(1004)   Pre Evacuate Collection Set: 0.34ms
[444.595s][info][gc,phases      ] GC(1004)   Merge Heap Roots: 0.21ms
[444.596s][info][gc,phases      ] GC(1004)   Evacuate Collection Set: 79.22ms
[444.596s][info][gc,phases      ] GC(1004)   Post Evacuate Collection Set: 6.04ms
[444.596s][info][gc,phases      ] GC(1004)   Other: 0.08ms
[444.596s][info][gc,heap        ] GC(1004) Eden regions: 152->0(61)
[444.596s][info][gc,heap        ] GC(1004) Survivor regions: 11->21(21)
[444.596s][info][gc,heap        ] GC(1004) Old regions: 747->818
[444.596s][info][gc,heap        ] GC(1004) Humongous regions: 7->7
[444.596s][info][gc,metaspace   ] GC(1004) Metaspace: 18972K(19136K)->18972K(19136K) NonClass: 17143K(17280K)->17143K(17280K) Class: 1829K(1856K)->1829K(1856K)
[444.596s][info][gc             ] GC(1004) Pause Young (Normal) (G1 Evacuation Pause) (Evacuation Failure: Allocation) 916M->845M(978M) 86.159ms
[444.596s][info][gc,cpu         ] GC(1004) User=0.17s Sys=0.00s Real=0.09s
[444.974s][info][gc,start       ] GC(1005) Pause Young (Normal) (G1 Evacuation Pause)
[444.974s][info][gc,task        ] GC(1005) Using 2 workers of 2 for evacuation
[445.066s][info][gc,phases      ] GC(1005)   Pre Evacuate Collection Set: 0.55ms
[445.066s][info][gc,phases      ] GC(1005)   Merge Heap Roots: 0.82ms
[445.066s][info][gc,phases      ] GC(1005)   Evacuate Collection Set: 88.95ms
[445.066s][info][gc,phases      ] GC(1005)   Post Evacuate Collection Set: 0.85ms
[445.066s][info][gc,phases      ] GC(1005)   Other: 0.10ms
[445.066s][info][gc,heap        ] GC(1005) Eden regions: 61->0(82)
[445.066s][info][gc,heap        ] GC(1005) Survivor regions: 21->11(11)
[445.066s][info][gc,heap        ] GC(1005) Old regions: 818->816
[445.066s][info][gc,heap        ] GC(1005) Humongous regions: 8->8
[445.066s][info][gc,metaspace   ] GC(1005) Metaspace: 18989K(19136K)->18989K(19136K) NonClass: 17159K(17280K)->17159K(17280K) Class: 1829K(1856K)->1829K(1856K)
[445.066s][info][gc             ] GC(1005) Pause Young (Normal) (G1 Evacuation Pause) 907M->834M(978M) 91.549ms
[445.066s][info][gc,cpu         ] GC(1005) User=0.18s Sys=0.00s Real=0.09s
[445.291s][info][gc,start       ] GC(1006) Pause Young (Normal) (G1 Evacuation Pause)
[445.291s][info][gc,task        ] GC(1006) Using 2 workers of 2 for evacuation
[445.367s][info][gc,phases      ] GC(1006)   Pre Evacuate Collection Set: 0.50ms
[445.367s][info][gc,phases      ] GC(1006)   Merge Heap Roots: 1.26ms
[445.367s][info][gc,phases      ] GC(1006)   Evacuate Collection Set: 73.49ms
[445.367s][info][gc,phases      ] GC(1006)   Post Evacuate Collection Set: 0.42ms
[445.367s][info][gc,phases      ] GC(1006)   Other: 0.10ms
[445.367s][info][gc,heap        ] GC(1006) Eden regions: 82->0(59)
[445.367s][info][gc,heap        ] GC(1006) Survivor regions: 11->12(12)
[445.367s][info][gc,heap        ] GC(1006) Old regions: 816->834
[445.367s][info][gc,heap        ] GC(1006) Humongous regions: 11->11
[445.367s][info][gc,metaspace   ] GC(1006) Metaspace: 18989K(19136K)->18989K(19136K) NonClass: 17159K(17280K)->17159K(17280K) Class: 1829K(1856K)->1829K(1856K)
[445.367s][info][gc             ] GC(1006) Pause Young (Normal) (G1 Evacuation Pause) 919M->856M(978M) 76.057ms
[445.367s][info][gc,cpu         ] GC(1006) User=0.15s Sys=0.01s Real=0.08s
[445.496s][info][gc,start       ] GC(1007) Pause Young (Normal) (G1 Evacuation Pause)
[445.496s][info][gc,task        ] GC(1007) Using 2 workers of 2 for evacuation
[445.541s][info][gc,phases      ] GC(1007)   Pre Evacuate Collection Set: 0.35ms
[445.541s][info][gc,phases      ] GC(1007)   Merge Heap Roots: 0.31ms
[445.541s][info][gc,phases      ] GC(1007)   Evacuate Collection Set: 43.60ms
[445.541s][info][gc,phases      ] GC(1007)   Post Evacuate Collection Set: 0.36ms
[445.541s][info][gc,phases      ] GC(1007)   Other: 0.16ms
[445.541s][info][gc,heap        ] GC(1007) Eden regions: 59->0(56)
[445.541s][info][gc,heap        ] GC(1007) Survivor regions: 12->7(9)
[445.541s][info][gc,heap        ] GC(1007) Old regions: 834->847
[445.541s][info][gc,heap        ] GC(1007) Humongous regions: 11->11
[445.541s][info][gc,metaspace   ] GC(1007) Metaspace: 18989K(19136K)->18989K(19136K) NonClass: 17159K(17280K)->17159K(17280K) Class: 1829K(1856K)->1829K(1856K)
[445.541s][info][gc             ] GC(1007) Pause Young (Normal) (G1 Evacuation Pause) 915M->864M(978M) 45.048ms
[445.541s][info][gc,cpu         ] GC(1007) User=0.09s Sys=0.00s Real=0.04s
[445.624s][info][gc,start       ] GC(1008) Pause Young (Normal) (G1 Evacuation Pause)
[445.624s][info][gc,task        ] GC(1008) Using 2 workers of 2 for evacuation
[445.655s][info][gc,phases      ] GC(1008)   Pre Evacuate Collection Set: 0.60ms
[445.655s][info][gc,phases      ] GC(1008)   Merge Heap Roots: 0.19ms
[445.655s][info][gc,phases      ] GC(1008)   Evacuate Collection Set: 30.07ms
[445.655s][info][gc,phases      ] GC(1008)   Post Evacuate Collection Set: 0.35ms
[445.655s][info][gc,phases      ] GC(1008)   Other: 0.11ms
[445.655s][info][gc,heap        ] GC(1008) Eden regions: 56->0(44)
[445.655s][info][gc,heap        ] GC(1008) Survivor regions: 7->8(8)
[445.655s][info][gc,heap        ] GC(1008) Old regions: 847->857
[445.655s][info][gc,heap        ] GC(1008) Humongous regions: 11->11
[445.655s][info][gc,metaspace   ] GC(1008) Metaspace: 18989K(19136K)->18989K(19136K) NonClass: 17159K(17280K)->17159K(17280K) Class: 1829K(1856K)->1829K(1856K)
[445.655s][info][gc             ] GC(1008) Pause Young (Normal) (G1 Evacuation Pause) 920M->875M(978M) 31.582ms
[445.655s][info][gc,cpu         ] GC(1008) User=0.06s Sys=0.00s Real=0.04s
[445.726s][info][gc,start       ] GC(1009) Pause Young (Normal) (G1 Evacuation Pause)
[445.726s][info][gc,task        ] GC(1009) Using 2 workers of 2 for evacuation
[445.741s][info][gc,phases      ] GC(1009)   Pre Evacuate Collection Set: 0.51ms
[445.741s][info][gc,phases      ] GC(1009)   Merge Heap Roots: 0.11ms
[445.741s][info][gc,phases      ] GC(1009)   Evacuate Collection Set: 13.63ms
[445.741s][info][gc,phases      ] GC(1009)   Post Evacuate Collection Set: 0.37ms
[445.741s][info][gc,phases      ] GC(1009)   Other: 0.10ms
[445.741s][info][gc,heap        ] GC(1009) Eden regions: 44->0(49)
[445.741s][info][gc,heap        ] GC(1009) Survivor regions: 8->1(7)
[445.741s][info][gc,heap        ] GC(1009) Old regions: 857->866
[445.741s][info][gc,heap        ] GC(1009) Humongous regions: 11->11
[445.741s][info][gc,metaspace   ] GC(1009) Metaspace: 18989K(19136K)->18989K(19136K) NonClass: 17159K(17280K)->17159K(17280K) Class: 1829K(1856K)->1829K(1856K)
[445.741s][info][gc             ] GC(1009) Pause Young (Normal) (G1 Evacuation Pause) 919M->877M(978M) 14.987ms
[445.741s][info][gc,cpu         ] GC(1009) User=0.03s Sys=0.00s Real=0.01s
[445.768s][info][gc,marking     ] GC(1001) Concurrent Mark From Roots 2468.400ms
[445.768s][info][gc,marking     ] GC(1001) Concurrent Preclean
[445.768s][info][gc,marking     ] GC(1001) Concurrent Preclean 0.048ms
[445.768s][info][gc,start       ] GC(1001) Pause Remark
[445.780s][info][metaspace      ] ChkMgr @0x00007f9cbc15e5a0 (non-class-space): : reclaiming memory...
[445.781s][info][metaspace      ] ChkMgr @0x00007f9cbc15e5a0 (non-class-space): nothing reclaimed.
[445.781s][info][metaspace      ] ChkMgr @0x00007f9cbc15c6b0 (class-space): : reclaiming memory...
[445.781s][info][metaspace      ] ChkMgr @0x00007f9cbc15c6b0 (class-space): nothing reclaimed.
[445.781s][info][gc             ] GC(1001) Pause Remark 886M->803M(978M) 13.050ms
[445.781s][info][gc,cpu         ] GC(1001) User=0.03s Sys=0.00s Real=0.01s
[445.783s][info][gc,marking     ] GC(1001) Concurrent Mark 2483.322ms
[445.783s][info][gc,marking     ] GC(1001) Concurrent Rebuild Remembered Sets and Scrub Regions
[445.833s][info][gc,start       ] GC(1010) Pause Young (Normal) (G1 Evacuation Pause)
[445.833s][info][gc,task        ] GC(1010) Using 2 workers of 2 for evacuation
[445.836s][info][gc,phases      ] GC(1010)   Pre Evacuate Collection Set: 0.33ms
[445.836s][info][gc,phases      ] GC(1010)   Merge Heap Roots: 0.07ms
[445.836s][info][gc,phases      ] GC(1010)   Evacuate Collection Set: 1.89ms
[445.836s][info][gc,phases      ] GC(1010)   Post Evacuate Collection Set: 0.28ms
[445.836s][info][gc,phases      ] GC(1010)   Other: 0.10ms
[445.836s][info][gc,heap        ] GC(1010) Eden regions: 49->0(122)
[445.836s][info][gc,heap        ] GC(1010) Survivor regions: 1->2(7)
[445.836s][info][gc,heap        ] GC(1010) Old regions: 785->785
[445.836s][info][gc,heap        ] GC(1010) Humongous regions: 9->9
[445.836s][info][gc,metaspace   ] GC(1010) Metaspace: 18977K(19136K)->18977K(19136K) NonClass: 17148K(17280K)->17148K(17280K) Class: 1829K(1856K)->1829K(1856K)
[445.836s][info][gc             ] GC(1010) Pause Young (Normal) (G1 Evacuation Pause) 843M->794M(978M) 2.924ms
[445.836s][info][gc,cpu         ] GC(1010) User=0.01s Sys=0.00s Real=0.01s
[446.047s][info][gc,start       ] GC(1011) Pause Young (Normal) (G1 Evacuation Pause)
[446.047s][info][gc,task        ] GC(1011) Using 2 workers of 2 for evacuation
[446.059s][info][gc,phases      ] GC(1011)   Pre Evacuate Collection Set: 0.32ms
[446.059s][info][gc,phases      ] GC(1011)   Merge Heap Roots: 0.13ms
[446.059s][info][gc,phases      ] GC(1011)   Evacuate Collection Set: 11.69ms
[446.059s][info][gc,phases      ] GC(1011)   Post Evacuate Collection Set: 0.43ms
[446.059s][info][gc,phases      ] GC(1011)   Other: 0.08ms
[446.059s][info][gc,heap        ] GC(1011) Eden regions: 122->0(118)
[446.059s][info][gc,heap        ] GC(1011) Survivor regions: 2->8(16)
[446.059s][info][gc,heap        ] GC(1011) Old regions: 785->785
[446.059s][info][gc,heap        ] GC(1011) Humongous regions: 9->9
[446.059s][info][gc,metaspace   ] GC(1011) Metaspace: 18981K(19136K)->18981K(19136K) NonClass: 17152K(17280K)->17152K(17280K) Class: 1829K(1856K)->1829K(1856K)
[446.059s][info][gc             ] GC(1011) Pause Young (Normal) (G1 Evacuation Pause) 916M->801M(978M) 12.938ms
[446.059s][info][gc,cpu         ] GC(1011) User=0.03s Sys=0.00s Real=0.01s
[446.205s][info][gc,start       ] GC(1012) Pause Young (Normal) (G1 Evacuation Pause)
[446.205s][info][gc,task        ] GC(1012) Using 2 workers of 2 for evacuation
[446.226s][info][gc,phases      ] GC(1012)   Pre Evacuate Collection Set: 0.32ms
[446.226s][info][gc,phases      ] GC(1012)   Merge Heap Roots: 0.19ms
[446.226s][info][gc,phases      ] GC(1012)   Evacuate Collection Set: 20.48ms
[446.226s][info][gc,phases      ] GC(1012)   Post Evacuate Collection Set: 0.42ms
[446.226s][info][gc,phases      ] GC(1012)   Other: 0.10ms
[446.226s][info][gc,heap        ] GC(1012) Eden regions: 118->0(106)
[446.226s][info][gc,heap        ] GC(1012) Survivor regions: 8->14(16)
[446.226s][info][gc,heap        ] GC(1012) Old regions: 785->785
[446.226s][info][gc,heap        ] GC(1012) Humongous regions: 9->9
[446.226s][info][gc,metaspace   ] GC(1012) Metaspace: 18981K(19136K)->18981K(19136K) NonClass: 17152K(17280K)->17152K(17280K) Class: 1829K(1856K)->1829K(1856K)
[446.226s][info][gc             ] GC(1012) Pause Young (Normal) (G1 Evacuation Pause) 919M->807M(978M) 21.786ms
[446.226s][info][gc,cpu         ] GC(1012) User=0.05s Sys=0.00s Real=0.02s
[446.386s][info][gc,start       ] GC(1013) Pause Young (Normal) (G1 Evacuation Pause)
[446.387s][info][gc,task        ] GC(1013) Using 2 workers of 2 for evacuation
[446.408s][info][gc,phases      ] GC(1013)   Pre Evacuate Collection Set: 0.34ms
[446.408s][info][gc,phases      ] GC(1013)   Merge Heap Roots: 0.29ms
[446.408s][info][gc,phases      ] GC(1013)   Evacuate Collection Set: 20.15ms
[446.408s][info][gc,phases      ] GC(1013)   Post Evacuate Collection Set: 0.40ms
[446.408s][info][gc,phases      ] GC(1013)   Other: 0.11ms
[446.408s][info][gc,heap        ] GC(1013) Eden regions: 106->0(111)
[446.408s][info][gc,heap        ] GC(1013) Survivor regions: 14->8(15)
[446.408s][info][gc,heap        ] GC(1013) Old regions: 785->792
[446.408s][info][gc,heap        ] GC(1013) Humongous regions: 9->9
[446.408s][info][gc,metaspace   ] GC(1013) Metaspace: 18981K(19136K)->18981K(19136K) NonClass: 17152K(17280K)->17152K(17280K) Class: 1829K(1856K)->1829K(1856K)
[446.408s][info][gc             ] GC(1013) Pause Young (Normal) (G1 Evacuation Pause) 913M->808M(978M) 21.546ms
[446.408s][info][gc,cpu         ] GC(1013) User=0.04s Sys=0.00s Real=0.02s
[446.579s][info][gc,start       ] GC(1014) Pause Young (Normal) (G1 Evacuation Pause)
[446.579s][info][gc,task        ] GC(1014) Using 2 workers of 2 for evacuation
[446.595s][info][gc,phases      ] GC(1014)   Pre Evacuate Collection Set: 0.32ms
[446.595s][info][gc,phases      ] GC(1014)   Merge Heap Roots: 0.18ms
[446.595s][info][gc,phases      ] GC(1014)   Evacuate Collection Set: 14.82ms
[446.595s][info][gc,phases      ] GC(1014)   Post Evacuate Collection Set: 0.44ms
[446.595s][info][gc,phases      ] GC(1014)   Other: 0.11ms
[446.595s][info][gc,heap        ] GC(1014) Eden regions: 111->0(107)
[446.595s][info][gc,heap        ] GC(1014) Survivor regions: 8->10(15)
[446.595s][info][gc,heap        ] GC(1014) Old regions: 792->792
[446.595s][info][gc,heap        ] GC(1014) Humongous regions: 9->9
[446.595s][info][gc,metaspace   ] GC(1014) Metaspace: 18981K(19136K)->18981K(19136K) NonClass: 17152K(17280K)->17152K(17280K) Class: 1829K(1856K)->1829K(1856K)
[446.595s][info][gc             ] GC(1014) Pause Young (Normal) (G1 Evacuation Pause) 919M->810M(978M) 16.166ms
[446.595s][info][gc,cpu         ] GC(1014) User=0.03s Sys=0.00s Real=0.02s
[446.731s][info][gc,marking     ] GC(1001) Concurrent Rebuild Remembered Sets and Scrub Regions 948.609ms
[446.731s][info][gc,start       ] GC(1001) Pause Cleanup
[446.732s][info][gc             ] GC(1001) Pause Cleanup 895M->895M(978M) 0.152ms
[446.732s][info][gc,cpu         ] GC(1001) User=0.00s Sys=0.00s Real=0.00s
[446.732s][info][gc,marking     ] GC(1001) Concurrent Clear Claimed Marks
[446.732s][info][gc,marking     ] GC(1001) Concurrent Clear Claimed Marks 0.045ms
[446.732s][info][gc,marking     ] GC(1001) Concurrent Cleanup for Next Mark
[446.737s][info][gc,marking     ] GC(1001) Concurrent Cleanup for Next Mark 5.020ms
[446.737s][info][gc             ] GC(1001) Concurrent Mark Cycle 3447.016ms
[446.751s][info][gc,start       ] GC(1015) Pause Young (Prepare Mixed) (G1 Evacuation Pause)
[446.751s][info][gc,task        ] GC(1015) Using 2 workers of 2 for evacuation
[446.771s][info][gc,phases      ] GC(1015)   Pre Evacuate Collection Set: 0.57ms
[446.771s][info][gc,phases      ] GC(1015)   Merge Heap Roots: 0.15ms
[446.771s][info][gc,phases      ] GC(1015)   Evacuate Collection Set: 19.44ms
[446.771s][info][gc,phases      ] GC(1015)   Post Evacuate Collection Set: 0.43ms
[446.771s][info][gc,phases      ] GC(1015)   Other: 0.10ms
[446.771s][info][gc,heap        ] GC(1015) Eden regions: 107->0(102)
[446.771s][info][gc,heap        ] GC(1015) Survivor regions: 10->9(15)
[446.771s][info][gc,heap        ] GC(1015) Old regions: 792->799
[446.771s][info][gc,heap        ] GC(1015) Humongous regions: 9->9
[446.771s][info][gc,metaspace   ] GC(1015) Metaspace: 18981K(19136K)->18981K(19136K) NonClass: 17152K(17280K)->17152K(17280K) Class: 1829K(1856K)->1829K(1856K)
[446.771s][info][gc             ] GC(1015) Pause Young (Prepare Mixed) (G1 Evacuation Pause) 917M->816M(978M) 20.917ms
[446.771s][info][gc,cpu         ] GC(1015) User=0.04s Sys=0.00s Real=0.02s
[446.864s][info][gc,start       ] GC(1016) Pause Young (Mixed) (G1 Evacuation Pause)
[446.864s][info][gc,task        ] GC(1016) Using 2 workers of 2 for evacuation
[446.910s][info][gc,phases      ] GC(1016)   Pre Evacuate Collection Set: 0.32ms
[446.910s][info][gc,phases      ] GC(1016)   Merge Heap Roots: 0.33ms
[446.910s][info][gc,phases      ] GC(1016)   Evacuate Collection Set: 44.31ms
[446.910s][info][gc,phases      ] GC(1016)   Post Evacuate Collection Set: 0.52ms
[446.910s][info][gc,phases      ] GC(1016)   Other: 0.13ms
[446.910s][info][gc,heap        ] GC(1016) Eden regions: 102->0(119)
[446.910s][info][gc,heap        ] GC(1016) Survivor regions: 9->14(14)
[446.910s][info][gc,heap        ] GC(1016) Old regions: 799->772
[446.910s][info][gc,heap        ] GC(1016) Humongous regions: 9->9
[446.910s][info][gc,metaspace   ] GC(1016) Metaspace: 18981K(19136K)->18981K(19136K) NonClass: 17152K(17280K)->17152K(17280K) Class: 1829K(1856K)->1829K(1856K)
[446.910s][info][gc             ] GC(1016) Pause Young (Mixed) (G1 Evacuation Pause) 918M->794M(978M) 45.878ms
[446.910s][info][gc,cpu         ] GC(1016) User=0.09s Sys=0.00s Real=0.05s
[447.031s][info][gc,start       ] GC(1017) Pause Young (Concurrent Start) (G1 Evacuation Pause)
[447.031s][info][gc,task        ] GC(1017) Using 2 workers of 2 for evacuation
[447.081s][info][gc,phases      ] GC(1017)   Pre Evacuate Collection Set: 0.35ms
[447.081s][info][gc,phases      ] GC(1017)   Merge Heap Roots: 0.20ms
[447.081s][info][gc,phases      ] GC(1017)   Evacuate Collection Set: 48.08ms
[447.081s][info][gc,phases      ] GC(1017)   Post Evacuate Collection Set: 0.54ms
[447.081s][info][gc,phases      ] GC(1017)   Other: 0.10ms
[447.081s][info][gc,heap        ] GC(1017) Eden regions: 119->0(85)
[447.081s][info][gc,heap        ] GC(1017) Survivor regions: 14->17(17)
[447.081s][info][gc,heap        ] GC(1017) Old regions: 772->800
[447.081s][info][gc,heap        ] GC(1017) Humongous regions: 9->9
[447.081s][info][gc,metaspace   ] GC(1017) Metaspace: 18981K(19136K)->18981K(19136K) NonClass: 17152K(17280K)->17152K(17280K) Class: 1829K(1856K)->1829K(1856K)
[447.081s][info][gc             ] GC(1017) Pause Young (Concurrent Start) (G1 Evacuation Pause) 913M->825M(978M) 49.582ms
[447.081s][info][gc             ] GC(1018) Concurrent Mark Cycle
[447.081s][info][gc,marking     ] GC(1018) Concurrent Scan Root Regions
[447.083s][info][gc,cpu         ] GC(1017) User=0.10s Sys=0.01s Real=0.05s
[447.138s][info][gc,marking     ] GC(1018) Concurrent Scan Root Regions 57.345ms
[447.138s][info][gc,marking     ] GC(1018) Concurrent Mark
[447.138s][info][gc,marking     ] GC(1018) Concurrent Mark From Roots
[447.138s][info][gc,task        ] GC(1018) Using 1 workers of 1 for marking
[447.233s][info][gc,start       ] GC(1019) Pause Young (Normal) (G1 Evacuation Pause)
[447.233s][info][gc,task        ] GC(1019) Using 2 workers of 2 for evacuation
[447.279s][info][gc,phases      ] GC(1019)   Pre Evacuate Collection Set: 0.56ms
[447.280s][info][gc,phases      ] GC(1019)   Merge Heap Roots: 0.32ms
[447.280s][info][gc,phases      ] GC(1019)   Evacuate Collection Set: 45.10ms
[447.280s][info][gc,phases      ] GC(1019)   Post Evacuate Collection Set: 0.51ms
[447.280s][info][gc,phases      ] GC(1019)   Other: 0.08ms
[447.280s][info][gc,heap        ] GC(1019) Eden regions: 85->0(74)
[447.280s][info][gc,heap        ] GC(1019) Survivor regions: 17->13(13)
[447.280s][info][gc,heap        ] GC(1019) Old regions: 800->818
[447.280s][info][gc,heap        ] GC(1019) Humongous regions: 10->10
[447.280s][info][gc,metaspace   ] GC(1019) Metaspace: 18981K(19136K)->18981K(19136K) NonClass: 17152K(17280K)->17152K(17280K) Class: 1829K(1856K)->1829K(1856K)
[447.280s][info][gc             ] GC(1019) Pause Young (Normal) (G1 Evacuation Pause) 911M->840M(978M) 46.834ms
[447.280s][info][gc,cpu         ] GC(1019) User=0.10s Sys=0.00s Real=0.05s
[447.357s][info][gc,start       ] GC(1020) Pause Young (Normal) (G1 Evacuation Pause)
[447.357s][info][gc,task        ] GC(1020) Using 2 workers of 2 for evacuation
[447.390s][info][gc,phases      ] GC(1020)   Pre Evacuate Collection Set: 0.33ms
[447.390s][info][gc,phases      ] GC(1020)   Merge Heap Roots: 0.30ms
[447.390s][info][gc,phases      ] GC(1020)   Evacuate Collection Set: 32.27ms
[447.390s][info][gc,phases      ] GC(1020)   Post Evacuate Collection Set: 0.39ms
[447.390s][info][gc,phases      ] GC(1020)   Other: 0.07ms
[447.390s][info][gc,heap        ] GC(1020) Eden regions: 74->0(76)
[447.390s][info][gc,heap        ] GC(1020) Survivor regions: 13->5(11)
[447.390s][info][gc,heap        ] GC(1020) Old regions: 818->832
[447.390s][info][gc,heap        ] GC(1020) Humongous regions: 10->10
[447.390s][info][gc,metaspace   ] GC(1020) Metaspace: 18981K(19136K)->18981K(19136K) NonClass: 17152K(17280K)->17152K(17280K) Class: 1829K(1856K)->1829K(1856K)
[447.390s][info][gc             ] GC(1020) Pause Young (Normal) (G1 Evacuation Pause) 914M->846M(978M) 33.609ms
[447.390s][info][gc,cpu         ] GC(1020) User=0.06s Sys=0.00s Real=0.03s
[447.465s][info][gc,start       ] GC(1021) Pause Young (Normal) (G1 Evacuation Pause)
[447.465s][info][gc,task        ] GC(1021) Using 2 workers of 2 for evacuation
[447.474s][info][gc,phases      ] GC(1021)   Pre Evacuate Collection Set: 0.33ms
[447.474s][info][gc,phases      ] GC(1021)   Merge Heap Roots: 0.11ms
[447.474s][info][gc,phases      ] GC(1021)   Evacuate Collection Set: 8.19ms
[447.474s][info][gc,phases      ] GC(1021)   Post Evacuate Collection Set: 0.34ms
[447.474s][info][gc,phases      ] GC(1021)   Other: 0.08ms
[447.474s][info][gc,heap        ] GC(1021) Eden regions: 76->0(74)
[447.474s][info][gc,heap        ] GC(1021) Survivor regions: 5->6(11)
[447.474s][info][gc,heap        ] GC(1021) Old regions: 832->832
[447.474s][info][gc,heap        ] GC(1021) Humongous regions: 10->10
[447.474s][info][gc,metaspace   ] GC(1021) Metaspace: 18981K(19136K)->18981K(19136K) NonClass: 17152K(17280K)->17152K(17280K) Class: 1829K(1856K)->1829K(1856K)
[447.474s][info][gc             ] GC(1021) Pause Young (Normal) (G1 Evacuation Pause) 922M->847M(978M) 9.336ms
[447.474s][info][gc,cpu         ] GC(1021) User=0.01s Sys=0.00s Real=0.01s
[447.572s][info][gc,start       ] GC(1022) Pause Young (Normal) (G1 Evacuation Pause)
[447.572s][info][gc,task        ] GC(1022) Using 2 workers of 2 for evacuation
[447.584s][info][gc,phases      ] GC(1022)   Pre Evacuate Collection Set: 0.54ms
[447.584s][info][gc,phases      ] GC(1022)   Merge Heap Roots: 0.10ms
[447.584s][info][gc,phases      ] GC(1022)   Evacuate Collection Set: 9.99ms
[447.584s][info][gc,phases      ] GC(1022)   Post Evacuate Collection Set: 0.37ms
[447.584s][info][gc,phases      ] GC(1022)   Other: 0.07ms
[447.584s][info][gc,heap        ] GC(1022) Eden regions: 74->0(74)
[447.584s][info][gc,heap        ] GC(1022) Survivor regions: 6->4(10)
[447.584s][info][gc,heap        ] GC(1022) Old regions: 832->836
[447.584s][info][gc,heap        ] GC(1022) Humongous regions: 10->10
[447.584s][info][gc,metaspace   ] GC(1022) Metaspace: 18981K(19136K)->18981K(19136K) NonClass: 17152K(17280K)->17152K(17280K) Class: 1829K(1856K)->1829K(1856K)
[447.584s][info][gc             ] GC(1022) Pause Young (Normal) (G1 Evacuation Pause) 921M->849M(978M) 11.348ms
[447.584s][info][gc,cpu         ] GC(1022) User=0.02s Sys=0.00s Real=0.01s
[447.776s][info][gc,start       ] GC(1023) Pause Young (Normal) (G1 Evacuation Pause)
[447.776s][info][gc,task        ] GC(1023) Using 2 workers of 2 for evacuation
[447.782s][info][gc,phases      ] GC(1023)   Pre Evacuate Collection Set: 0.31ms
[447.782s][info][gc,phases      ] GC(1023)   Merge Heap Roots: 0.07ms
[447.782s][info][gc,phases      ] GC(1023)   Evacuate Collection Set: 4.43ms
[447.782s][info][gc,phases      ] GC(1023)   Post Evacuate Collection Set: 0.33ms
[447.782s][info][gc,phases      ] GC(1023)   Other: 0.10ms
[447.782s][info][gc,heap        ] GC(1023) Eden regions: 74->0(76)
[447.782s][info][gc,heap        ] GC(1023) Survivor regions: 4->3(10)
[447.782s][info][gc,heap        ] GC(1023) Old regions: 836->836
[447.782s][info][gc,heap        ] GC(1023) Humongous regions: 10->10
[447.782s][info][gc,metaspace   ] GC(1023) Metaspace: 18981K(19136K)->18981K(19136K) NonClass: 17152K(17280K)->17152K(17280K) Class: 1829K(1856K)->1829K(1856K)
[447.782s][info][gc             ] GC(1023) Pause Young (Normal) (G1 Evacuation Pause) 923M->848M(978M) 5.467ms
[447.782s][info][gc,cpu         ] GC(1023) User=0.01s Sys=0.00s Real=0.00s
[448.110s][info][gc,marking     ] GC(1018) Concurrent Mark From Roots 971.720ms
[448.110s][info][gc,marking     ] GC(1018) Concurrent Preclean
[448.110s][info][gc,marking     ] GC(1018) Concurrent Preclean 0.055ms
[448.110s][info][gc,start       ] GC(1018) Pause Remark
[448.123s][info][metaspace      ] ChkMgr @0x00007f9cbc15e5a0 (non-class-space): : reclaiming memory...
[448.123s][info][metaspace      ] ChkMgr @0x00007f9cbc15e5a0 (non-class-space): nothing reclaimed.
[448.123s][info][metaspace      ] ChkMgr @0x00007f9cbc15c6b0 (class-space): : reclaiming memory...
[448.123s][info][metaspace      ] ChkMgr @0x00007f9cbc15c6b0 (class-space): nothing reclaimed.
[448.123s][info][gc             ] GC(1018) Pause Remark 914M->418M(978M) 13.003ms
[448.123s][info][gc,cpu         ] GC(1018) User=0.02s Sys=0.00s Real=0.01s
[448.124s][info][gc,marking     ] GC(1018) Concurrent Mark 986.095ms
[448.124s][info][gc,marking     ] GC(1018) Concurrent Rebuild Remembered Sets and Scrub Regions
[448.206s][info][gc,start       ] GC(1024) Pause Young (Normal) (G1 Evacuation Pause)
[448.206s][info][gc,task        ] GC(1024) Using 2 workers of 2 for evacuation
[448.215s][info][gc,phases      ] GC(1024)   Pre Evacuate Collection Set: 0.33ms
[448.215s][info][gc,phases      ] GC(1024)   Merge Heap Roots: 0.17ms
[448.215s][info][gc,phases      ] GC(1024)   Evacuate Collection Set: 7.91ms
[448.215s][info][gc,phases      ] GC(1024)   Post Evacuate Collection Set: 0.37ms
[448.215s][info][gc,phases      ] GC(1024)   Other: 0.12ms
[448.215s][info][gc,heap        ] GC(1024) Eden regions: 76->0(462)
[448.215s][info][gc,heap        ] GC(1024) Survivor regions: 3->5(10)
[448.215s][info][gc,heap        ] GC(1024) Old regions: 346->346
[448.215s][info][gc,heap        ] GC(1024) Humongous regions: 4->4
[448.215s][info][gc,metaspace   ] GC(1024) Metaspace: 18975K(19136K)->18975K(19136K) NonClass: 17146K(17280K)->17146K(17280K) Class: 1829K(1856K)->1829K(1856K)
[448.215s][info][gc             ] GC(1024) Pause Young (Normal) (G1 Evacuation Pause) 428M->354M(978M) 9.155ms
[448.215s][info][gc,cpu         ] GC(1024) User=0.01s Sys=0.00s Real=0.01s
[448.503s][info][gc,marking     ] GC(1018) Concurrent Rebuild Remembered Sets and Scrub Regions 378.927ms
[448.503s][info][gc,start       ] GC(1018) Pause Cleanup
[448.504s][info][gc             ] GC(1018) Pause Cleanup 453M->453M(978M) 0.133ms
[448.504s][info][gc,cpu         ] GC(1018) User=0.00s Sys=0.00s Real=0.00s
[448.504s][info][gc,marking     ] GC(1018) Concurrent Clear Claimed Marks
[448.504s][info][gc,marking     ] GC(1018) Concurrent Clear Claimed Marks 0.043ms
[448.504s][info][gc,marking     ] GC(1018) Concurrent Cleanup for Next Mark
[448.511s][info][gc,marking     ] GC(1018) Concurrent Cleanup for Next Mark 6.962ms
[448.511s][info][gc             ] GC(1018) Concurrent Mark Cycle 1429.964ms
[449.083s][info][gc,start       ] GC(1025) Pause Young (Prepare Mixed) (G1 Evacuation Pause)
[449.083s][info][gc,task        ] GC(1025) Using 2 workers of 2 for evacuation
[449.194s][info][gc,phases      ] GC(1025)   Pre Evacuate Collection Set: 0.56ms
[449.194s][info][gc,phases      ] GC(1025)   Merge Heap Roots: 0.33ms
[449.194s][info][gc,phases      ] GC(1025)   Evacuate Collection Set: 109.21ms
[449.194s][info][gc,phases      ] GC(1025)   Post Evacuate Collection Set: 0.83ms
[449.194s][info][gc,phases      ] GC(1025)   Other: 0.09ms
[449.194s][info][gc,heap        ] GC(1025) Eden regions: 462->0(368)
[449.194s][info][gc,heap        ] GC(1025) Survivor regions: 5->59(59)
[449.194s][info][gc,heap        ] GC(1025) Old regions: 346->373
[449.194s][info][gc,heap        ] GC(1025) Humongous regions: 5->5
[449.194s][info][gc,metaspace   ] GC(1025) Metaspace: 18979K(19136K)->18979K(19136K) NonClass: 17150K(17280K)->17150K(17280K) Class: 1829K(1856K)->1829K(1856K)
[449.194s][info][gc             ] GC(1025) Pause Young (Prepare Mixed) (G1 Evacuation Pause) 817M->436M(978M) 111.297ms
[449.194s][info][gc,cpu         ] GC(1025) User=0.22s Sys=0.00s Real=0.12s
[449.735s][info][gc,start       ] GC(1026) Pause Young (Mixed) (G1 Evacuation Pause)
[449.735s][info][gc,task        ] GC(1026) Using 2 workers of 2 for evacuation
[449.812s][info][gc,phases      ] GC(1026)   Pre Evacuate Collection Set: 0.35ms
[449.812s][info][gc,phases      ] GC(1026)   Merge Heap Roots: 0.38ms
[449.812s][info][gc,phases      ] GC(1026)   Evacuate Collection Set: 75.55ms
[449.812s][info][gc,phases      ] GC(1026)   Post Evacuate Collection Set: 0.69ms
[449.812s][info][gc,phases      ] GC(1026)   Other: 0.09ms
[449.812s][info][gc,heap        ] GC(1026) Eden regions: 368->0(396)
[449.812s][info][gc,heap        ] GC(1026) Survivor regions: 59->7(54)
[449.812s][info][gc,heap        ] GC(1026) Old regions: 373->424
[449.812s][info][gc,heap        ] GC(1026) Humongous regions: 5->5
[449.812s][info][gc,metaspace   ] GC(1026) Metaspace: 18981K(19136K)->18981K(19136K) NonClass: 17152K(17280K)->17152K(17280K) Class: 1829K(1856K)->1829K(1856K)
[449.812s][info][gc             ] GC(1026) Pause Young (Mixed) (G1 Evacuation Pause) 804M->434M(978M) 77.356ms
[449.812s][info][gc,cpu         ] GC(1026) User=0.15s Sys=0.01s Real=0.07s
[450.303s][info][gc,start       ] GC(1027) Pause Young (Concurrent Start) (G1 Evacuation Pause)
[450.303s][info][gc,task        ] GC(1027) Using 2 workers of 2 for evacuation
[450.524s][info][gc,mmu         ] GC(1027) MMU target violated: 201.0ms (200.0ms/201.0ms)
[450.525s][info][gc,phases      ] GC(1027)   Pre Evacuate Collection Set: 0.38ms
[450.525s][info][gc,phases      ] GC(1027)   Merge Heap Roots: 0.31ms
[450.525s][info][gc,phases      ] GC(1027)   Evacuate Collection Set: 209.54ms
[450.525s][info][gc,phases      ] GC(1027)   Post Evacuate Collection Set: 10.66ms
[450.525s][info][gc,phases      ] GC(1027)   Other: 0.20ms
[450.525s][info][gc,heap        ] GC(1027) Eden regions: 396->0(188)
[450.525s][info][gc,heap        ] GC(1027) Survivor regions: 7->51(51)
[450.525s][info][gc,heap        ] GC(1027) Old regions: 424->627
[450.525s][info][gc,heap        ] GC(1027) Humongous regions: 5->5
[450.525s][info][gc,metaspace   ] GC(1027) Metaspace: 18988K(19136K)->18988K(19136K) NonClass: 17159K(17280K)->17159K(17280K) Class: 1829K(1856K)->1829K(1856K)
[450.525s][info][gc             ] GC(1027) Pause Young (Concurrent Start) (G1 Evacuation Pause) (Evacuation Failure: Allocation) 830M->682M(978M) 221.321ms
[450.525s][info][gc             ] GC(1028) Concurrent Mark Cycle
[450.525s][info][gc,marking     ] GC(1028) Concurrent Scan Root Regions
[450.525s][info][gc,cpu         ] GC(1027) User=0.44s Sys=0.00s Real=0.23s
[450.775s][info][gc,start       ] GC(1029) Pause Young (Normal) (G1 Evacuation Pause)
[450.775s][info][gc,task        ] GC(1029) Using 2 workers of 2 for evacuation
[450.799s][info][gc,marking     ] GC(1028) Concurrent Scan Root Regions 274.333ms
[450.799s][info][gc,marking     ] GC(1028) Concurrent Mark
[450.799s][info][gc,marking     ] GC(1028) Concurrent Mark From Roots
[450.799s][info][gc,task        ] GC(1028) Using 1 workers of 1 for marking
[450.929s][info][gc,phases      ] GC(1029)   Pre Evacuate Collection Set: 0.50ms
[450.929s][info][gc,phases      ] GC(1029)   Merge Heap Roots: 0.55ms
[450.929s][info][gc,phases      ] GC(1029)   Evacuate Collection Set: 127.72ms
[450.929s][info][gc,phases      ] GC(1029)   Post Evacuate Collection Set: 0.68ms
[450.929s][info][gc,phases      ] GC(1029)   Other: 0.13ms
[450.929s][info][gc,heap        ] GC(1029) Eden regions: 188->0(242)
[450.929s][info][gc,heap        ] GC(1029) Survivor regions: 51->17(30)
[450.929s][info][gc,heap        ] GC(1029) Old regions: 627->600
[450.929s][info][gc,heap        ] GC(1029) Humongous regions: 6->6
[450.929s][info][gc,metaspace   ] GC(1029) Metaspace: 18990K(19136K)->18990K(19136K) NonClass: 17160K(17280K)->17160K(17280K) Class: 1829K(1856K)->1829K(1856K)
[450.929s][info][gc             ] GC(1029) Pause Young (Normal) (G1 Evacuation Pause) 871M->622M(978M) 154.069ms
[450.929s][info][gc,cpu         ] GC(1029) User=0.28s Sys=0.00s Real=0.15s
[451.237s][info][gc,start       ] GC(1030) Pause Young (Normal) (G1 Evacuation Pause)
[451.237s][info][gc,task        ] GC(1030) Using 2 workers of 2 for evacuation
[451.290s][info][gc,phases      ] GC(1030)   Pre Evacuate Collection Set: 0.31ms
[451.290s][info][gc,phases      ] GC(1030)   Merge Heap Roots: 0.17ms
[451.290s][info][gc,phases      ] GC(1030)   Evacuate Collection Set: 51.66ms
[451.290s][info][gc,phases      ] GC(1030)   Post Evacuate Collection Set: 0.67ms
[451.290s][info][gc,phases      ] GC(1030)   Other: 0.09ms
[451.290s][info][gc,heap        ] GC(1030) Eden regions: 242->0(228)
[451.290s][info][gc,heap        ] GC(1030) Survivor regions: 17->33(33)
[451.290s][info][gc,heap        ] GC(1030) Old regions: 600->610
[451.290s][info][gc,heap        ] GC(1030) Humongous regions: 6->6
[451.290s][info][gc,metaspace   ] GC(1030) Metaspace: 18990K(19136K)->18990K(19136K) NonClass: 17160K(17280K)->17160K(17280K) Class: 1829K(1856K)->1829K(1856K)
[451.290s][info][gc             ] GC(1030) Pause Young (Normal) (G1 Evacuation Pause) 864M->648M(978M) 53.199ms
[451.290s][info][gc,cpu         ] GC(1030) User=0.11s Sys=0.00s Real=0.05s
[451.818s][info][gc,start       ] GC(1031) Pause Young (Normal) (G1 Evacuation Pause)
[451.818s][info][gc,task        ] GC(1031) Using 2 workers of 2 for evacuation
[451.918s][info][gc,phases      ] GC(1031)   Pre Evacuate Collection Set: 0.34ms
[451.918s][info][gc,phases      ] GC(1031)   Merge Heap Roots: 0.30ms
[451.918s][info][gc,phases      ] GC(1031)   Evacuate Collection Set: 97.86ms
[451.918s][info][gc,phases      ] GC(1031)   Post Evacuate Collection Set: 0.68ms
[451.918s][info][gc,phases      ] GC(1031)   Other: 0.14ms
[451.918s][info][gc,heap        ] GC(1031) Eden regions: 228->0(179)
[451.918s][info][gc,heap        ] GC(1031) Survivor regions: 33->33(33)
[451.918s][info][gc,heap        ] GC(1031) Old regions: 610->664
[451.918s][info][gc,heap        ] GC(1031) Humongous regions: 6->6
[451.918s][info][gc,metaspace   ] GC(1031) Metaspace: 18991K(19136K)->18991K(19136K) NonClass: 17161K(17280K)->17161K(17280K) Class: 1829K(1856K)->1829K(1856K)
[451.918s][info][gc             ] GC(1031) Pause Young (Normal) (G1 Evacuation Pause) 876M->702M(978M) 99.607ms
[451.918s][info][gc,cpu         ] GC(1031) User=0.19s Sys=0.00s Real=0.10s
[452.001s][info][gc,marking     ] GC(1028) Concurrent Mark From Roots 1202.103ms
[452.001s][info][gc,marking     ] GC(1028) Concurrent Preclean
[452.001s][info][gc,marking     ] GC(1028) Concurrent Preclean 0.058ms
[452.001s][info][gc,start       ] GC(1028) Pause Remark
[452.012s][info][gc             ] GC(1028) Pause Remark 754M->659M(978M) 10.100ms
[452.012s][info][gc,cpu         ] GC(1028) User=0.01s Sys=0.00s Real=0.01s
[452.013s][info][gc,marking     ] GC(1028) Concurrent Mark 1214.298ms
[452.013s][info][gc,marking     ] GC(1028) Concurrent Rebuild Remembered Sets and Scrub Regions
[452.247s][info][gc,start       ] GC(1032) Pause Young (Normal) (G1 Evacuation Pause)
[452.247s][info][gc,task        ] GC(1032) Using 2 workers of 2 for evacuation
[452.334s][info][gc,phases      ] GC(1032)   Pre Evacuate Collection Set: 0.35ms
[452.334s][info][gc,phases      ] GC(1032)   Merge Heap Roots: 0.41ms
[452.334s][info][gc,phases      ] GC(1032)   Evacuate Collection Set: 85.77ms
[452.334s][info][gc,phases      ] GC(1032)   Post Evacuate Collection Set: 0.70ms
[452.334s][info][gc,phases      ] GC(1032)   Other: 0.11ms
[452.334s][info][gc,heap        ] GC(1032) Eden regions: 179->0(203)
[452.334s][info][gc,heap        ] GC(1032) Survivor regions: 33->27(27)
[452.334s][info][gc,heap        ] GC(1032) Old regions: 571->617
[452.334s][info][gc,heap        ] GC(1032) Humongous regions: 4->4
[452.334s][info][gc,metaspace   ] GC(1032) Metaspace: 18991K(19136K)->18991K(19136K) NonClass: 17161K(17280K)->17161K(17280K) Class: 1829K(1856K)->1829K(1856K)
[452.335s][info][gc             ] GC(1032) Pause Young (Normal) (G1 Evacuation Pause) 786M->647M(978M) 87.614ms
[452.335s][info][gc,cpu         ] GC(1032) User=0.17s Sys=0.00s Real=0.09s
[452.579s][info][gc,start       ] GC(1033) Pause Young (Normal) (G1 Evacuation Pause)
[452.579s][info][gc,task        ] GC(1033) Using 2 workers of 2 for evacuation
[452.733s][info][gc,phases      ] GC(1033)   Pre Evacuate Collection Set: 0.32ms
[452.733s][info][gc,phases      ] GC(1033)   Merge Heap Roots: 0.65ms
[452.733s][info][gc,phases      ] GC(1033)   Evacuate Collection Set: 152.01ms
[452.733s][info][gc,phases      ] GC(1033)   Post Evacuate Collection Set: 0.97ms
[452.733s][info][gc,phases      ] GC(1033)   Other: 0.12ms
[452.733s][info][gc,heap        ] GC(1033) Eden regions: 203->0(137)
[452.733s][info][gc,heap        ] GC(1033) Survivor regions: 27->29(29)
[452.733s][info][gc,heap        ] GC(1033) Old regions: 617->700
[452.733s][info][gc,heap        ] GC(1033) Humongous regions: 7->7
[452.733s][info][gc,metaspace   ] GC(1033) Metaspace: 18991K(19136K)->18991K(19136K) NonClass: 17161K(17280K)->17161K(17280K) Class: 1829K(1856K)->1829K(1856K)
[452.734s][info][gc             ] GC(1033) Pause Young (Normal) (G1 Evacuation Pause) 853M->735M(978M) 154.364ms
[452.734s][info][gc,cpu         ] GC(1033) User=0.30s Sys=0.01s Real=0.15s
[452.887s][info][gc,marking     ] GC(1028) Concurrent Rebuild Remembered Sets and Scrub Regions 873.781ms
[452.887s][info][gc,start       ] GC(1028) Pause Cleanup
[452.888s][info][gc             ] GC(1028) Pause Cleanup 844M->844M(978M) 0.197ms
[452.888s][info][gc,cpu         ] GC(1028) User=0.00s Sys=0.00s Real=0.00s
[452.888s][info][gc,marking     ] GC(1028) Concurrent Clear Claimed Marks
[452.888s][info][gc,marking     ] GC(1028) Concurrent Clear Claimed Marks 0.042ms
[452.888s][info][gc,marking     ] GC(1028) Concurrent Cleanup for Next Mark
[452.894s][info][gc,marking     ] GC(1028) Concurrent Cleanup for Next Mark 6.493ms
[452.894s][info][gc             ] GC(1028) Concurrent Mark Cycle 2369.626ms
[452.929s][info][gc,start       ] GC(1034) Pause Young (Prepare Mixed) (G1 Evacuation Pause)
[452.929s][info][gc,task        ] GC(1034) Using 2 workers of 2 for evacuation
[453.036s][info][gc,phases      ] GC(1034)   Pre Evacuate Collection Set: 0.54ms
[453.037s][info][gc,phases      ] GC(1034)   Merge Heap Roots: 1.02ms
[453.037s][info][gc,phases      ] GC(1034)   Evacuate Collection Set: 104.45ms
[453.037s][info][gc,phases      ] GC(1034)   Post Evacuate Collection Set: 0.90ms
[453.037s][info][gc,phases      ] GC(1034)   Other: 0.09ms
[453.037s][info][gc,heap        ] GC(1034) Eden regions: 137->0(114)
[453.037s][info][gc,heap        ] GC(1034) Survivor regions: 29->21(21)
[453.037s][info][gc,heap        ] GC(1034) Old regions: 700->747
[453.037s][info][gc,heap        ] GC(1034) Humongous regions: 7->7
[453.037s][info][gc,metaspace   ] GC(1034) Metaspace: 18991K(19136K)->18991K(19136K) NonClass: 17161K(17280K)->17161K(17280K) Class: 1829K(1856K)->1829K(1856K)
[453.037s][info][gc             ] GC(1034) Pause Young (Prepare Mixed) (G1 Evacuation Pause) 872M->774M(978M) 107.248ms
[453.037s][info][gc,cpu         ] GC(1034) User=0.21s Sys=0.00s Real=0.11s
[453.150s][info][gc,start       ] GC(1035) Pause Young (Mixed) (G1 Evacuation Pause)
[453.150s][info][gc,task        ] GC(1035) Using 2 workers of 2 for evacuation
[453.259s][info][gc,phases      ] GC(1035)   Pre Evacuate Collection Set: 0.57ms
[453.259s][info][gc,phases      ] GC(1035)   Merge Heap Roots: 2.01ms
[453.259s][info][gc,phases      ] GC(1035)   Evacuate Collection Set: 104.87ms
[453.259s][info][gc,phases      ] GC(1035)   Post Evacuate Collection Set: 0.99ms
[453.259s][info][gc,phases      ] GC(1035)   Other: 0.11ms
[453.259s][info][gc,heap        ] GC(1035) Eden regions: 114->0(110)
[453.259s][info][gc,heap        ] GC(1035) Survivor regions: 21->11(17)
[453.259s][info][gc,heap        ] GC(1035) Old regions: 747->718
[453.259s][info][gc,heap        ] GC(1035) Humongous regions: 7->7
[453.259s][info][gc,metaspace   ] GC(1035) Metaspace: 18991K(19136K)->18991K(19136K) NonClass: 17161K(17280K)->17161K(17280K) Class: 1829K(1856K)->1829K(1856K)
[453.259s][info][gc             ] GC(1035) Pause Young (Mixed) (G1 Evacuation Pause) 888M->735M(978M) 108.828ms
[453.259s][info][gc,cpu         ] GC(1035) User=0.22s Sys=0.00s Real=0.11s
[453.293s][info][gc,start       ] GC(1036) Pause Young (Mixed) (G1 Evacuation Pause)
[453.293s][info][gc,task        ] GC(1036) Using 2 workers of 2 for evacuation
[453.439s][info][gc,phases      ] GC(1036)   Pre Evacuate Collection Set: 0.56ms
[453.439s][info][gc,phases      ] GC(1036)   Merge Heap Roots: 1.22ms
[453.439s][info][gc,phases      ] GC(1036)   Evacuate Collection Set: 143.54ms
[453.439s][info][gc,phases      ] GC(1036)   Post Evacuate Collection Set: 0.37ms
[453.439s][info][gc,phases      ] GC(1036)   Other: 0.12ms
[453.439s][info][gc,heap        ] GC(1036) Eden regions: 37->0(145)
[453.439s][info][gc,heap        ] GC(1036) Survivor regions: 11->2(6)
[453.439s][info][gc,heap        ] GC(1036) Old regions: 718->728
[453.439s][info][gc,heap        ] GC(1036) Humongous regions: 7->7
[453.439s][info][gc,metaspace   ] GC(1036) Metaspace: 18991K(19136K)->18991K(19136K) NonClass: 17161K(17280K)->17161K(17280K) Class: 1829K(1856K)->1829K(1856K)
[453.439s][info][gc             ] GC(1036) Pause Young (Mixed) (G1 Evacuation Pause) 772M->735M(978M) 146.084ms
[453.439s][info][gc,cpu         ] GC(1036) User=0.29s Sys=0.00s Real=0.15s
[453.540s][info][gc,start       ] GC(1037) Pause Young (Concurrent Start) (G1 Humongous Allocation)
[453.540s][info][gc,task        ] GC(1037) Using 2 workers of 2 for evacuation
[453.568s][info][gc,phases      ] GC(1037)   Pre Evacuate Collection Set: 0.35ms
[453.568s][info][gc,phases      ] GC(1037)   Merge Heap Roots: 0.32ms
[453.568s][info][gc,phases      ] GC(1037)   Evacuate Collection Set: 26.33ms
[453.568s][info][gc,phases      ] GC(1037)   Post Evacuate Collection Set: 0.56ms
[453.568s][info][gc,phases      ] GC(1037)   Other: 0.11ms
[453.568s][info][gc,heap        ] GC(1037) Eden regions: 133->0(148)
[453.568s][info][gc,heap        ] GC(1037) Survivor regions: 2->11(19)
[453.568s][info][gc,heap        ] GC(1037) Old regions: 728->728
[453.568s][info][gc,heap        ] GC(1037) Humongous regions: 7->7
[453.568s][info][gc,metaspace   ] GC(1037) Metaspace: 18991K(19136K)->18991K(19136K) NonClass: 17161K(17280K)->17161K(17280K) Class: 1829K(1856K)->1829K(1856K)
[453.568s][info][gc             ] GC(1037) Pause Young (Concurrent Start) (G1 Humongous Allocation) 868M->745M(978M) 27.967ms
[453.568s][info][gc             ] GC(1038) Concurrent Mark Cycle
[453.568s][info][gc,marking     ] GC(1038) Concurrent Scan Root Regions
[453.568s][info][gc,cpu         ] GC(1037) User=0.05s Sys=0.00s Real=0.03s
[453.606s][info][gc,marking     ] GC(1038) Concurrent Scan Root Regions 37.886ms
[453.606s][info][gc,marking     ] GC(1038) Concurrent Mark
[453.606s][info][gc,marking     ] GC(1038) Concurrent Mark From Roots
[453.606s][info][gc,task        ] GC(1038) Using 1 workers of 1 for marking
[453.850s][info][gc,start       ] GC(1039) Pause Young (Normal) (G1 Evacuation Pause)
[453.850s][info][gc,task        ] GC(1039) Using 2 workers of 2 for evacuation
[453.915s][info][gc,phases      ] GC(1039)   Pre Evacuate Collection Set: 0.32ms
[453.915s][info][gc,phases      ] GC(1039)   Merge Heap Roots: 0.42ms
[453.915s][info][gc,phases      ] GC(1039)   Evacuate Collection Set: 63.28ms
[453.915s][info][gc,phases      ] GC(1039)   Post Evacuate Collection Set: 0.47ms
[453.915s][info][gc,phases      ] GC(1039)   Other: 0.10ms
[453.915s][info][gc,heap        ] GC(1039) Eden regions: 148->0(136)
[453.915s][info][gc,heap        ] GC(1039) Survivor regions: 11->20(20)
[453.915s][info][gc,heap        ] GC(1039) Old regions: 728->741
[453.915s][info][gc,heap        ] GC(1039) Humongous regions: 10->10
[453.915s][info][gc,metaspace   ] GC(1039) Metaspace: 18991K(19136K)->18991K(19136K) NonClass: 17161K(17280K)->17161K(17280K) Class: 1829K(1856K)->1829K(1856K)
[453.915s][info][gc             ] GC(1039) Pause Young (Normal) (G1 Evacuation Pause) 896M->770M(978M) 64.839ms
[453.915s][info][gc,cpu         ] GC(1039) User=0.13s Sys=0.00s Real=0.07s
[454.133s][info][gc,start       ] GC(1040) Pause Young (Normal) (G1 Evacuation Pause)
[454.133s][info][gc,task        ] GC(1040) Using 2 workers of 2 for evacuation
[454.184s][info][gc,phases      ] GC(1040)   Pre Evacuate Collection Set: 0.56ms
[454.184s][info][gc,phases      ] GC(1040)   Merge Heap Roots: 0.26ms
[454.184s][info][gc,phases      ] GC(1040)   Evacuate Collection Set: 50.01ms
[454.184s][info][gc,phases      ] GC(1040)   Post Evacuate Collection Set: 0.47ms
[454.184s][info][gc,phases      ] GC(1040)   Other: 0.12ms
[454.184s][info][gc,heap        ] GC(1040) Eden regions: 136->0(126)
[454.184s][info][gc,heap        ] GC(1040) Survivor regions: 20->15(20)
[454.184s][info][gc,heap        ] GC(1040) Old regions: 741->762
[454.184s][info][gc,heap        ] GC(1040) Humongous regions: 10->10
[454.184s][info][gc,metaspace   ] GC(1040) Metaspace: 18991K(19136K)->18991K(19136K) NonClass: 17161K(17280K)->17161K(17280K) Class: 1829K(1856K)->1829K(1856K)
[454.184s][info][gc             ] GC(1040) Pause Young (Normal) (G1 Evacuation Pause) 906M->786M(978M) 51.686ms
[454.184s][info][gc,cpu         ] GC(1040) User=0.10s Sys=0.00s Real=0.06s
[454.252s][info][gc,marking     ] GC(1038) Concurrent Mark From Roots 645.423ms
[454.252s][info][gc,marking     ] GC(1038) Concurrent Preclean
[454.252s][info][gc,marking     ] GC(1038) Concurrent Preclean 0.059ms
[454.252s][info][gc,start       ] GC(1038) Pause Remark
[454.261s][info][gc             ] GC(1038) Pause Remark 826M->432M(978M) 9.065ms
[454.261s][info][gc,cpu         ] GC(1038) User=0.02s Sys=0.00s Real=0.01s
[454.262s][info][gc,marking     ] GC(1038) Concurrent Mark 656.152ms
[454.262s][info][gc,marking     ] GC(1038) Concurrent Rebuild Remembered Sets and Scrub Regions
[454.401s][info][gc,start       ] GC(1041) Pause Young (Normal) (G1 Evacuation Pause)
[454.402s][info][gc,task        ] GC(1041) Using 2 workers of 2 for evacuation
[454.438s][info][gc,phases      ] GC(1041)   Pre Evacuate Collection Set: 0.53ms
[454.438s][info][gc,phases      ] GC(1041)   Merge Heap Roots: 0.29ms
[454.438s][info][gc,phases      ] GC(1041)   Evacuate Collection Set: 34.95ms
[454.438s][info][gc,phases      ] GC(1041)   Post Evacuate Collection Set: 0.41ms
[454.438s][info][gc,phases      ] GC(1041)   Other: 0.09ms
[454.438s][info][gc,heap        ] GC(1041) Eden regions: 126->0(345)
[454.438s][info][gc,heap        ] GC(1041) Survivor regions: 15->12(18)
[454.438s][info][gc,heap        ] GC(1041) Old regions: 373->388
[454.438s][info][gc,heap        ] GC(1041) Humongous regions: 5->5
[454.438s][info][gc,metaspace   ] GC(1041) Metaspace: 18991K(19136K)->18991K(19136K) NonClass: 17161K(17280K)->17161K(17280K) Class: 1829K(1856K)->1829K(1856K)
[454.438s][info][gc             ] GC(1041) Pause Young (Normal) (G1 Evacuation Pause) 518M->404M(978M) 36.527ms
[454.438s][info][gc,cpu         ] GC(1041) User=0.08s Sys=0.00s Real=0.04s
[454.557s][info][gc,marking     ] GC(1038) Concurrent Rebuild Remembered Sets and Scrub Regions 294.391ms
[454.557s][info][gc,start       ] GC(1038) Pause Cleanup
[454.557s][info][gc             ] GC(1038) Pause Cleanup 533M->533M(978M) 0.145ms
[454.557s][info][gc,cpu         ] GC(1038) User=0.00s Sys=0.00s Real=0.00s
[454.557s][info][gc,marking     ] GC(1038) Concurrent Clear Claimed Marks
[454.557s][info][gc,marking     ] GC(1038) Concurrent Clear Claimed Marks 0.034ms
[454.557s][info][gc,marking     ] GC(1038) Concurrent Cleanup for Next Mark
[454.560s][info][gc,marking     ] GC(1038) Concurrent Cleanup for Next Mark 2.968ms
[454.560s][info][gc             ] GC(1038) Concurrent Mark Cycle 991.973ms
[454.754s][info][gc,start       ] GC(1042) Pause Young (Prepare Mixed) (G1 Evacuation Pause)
[454.754s][info][gc,task        ] GC(1042) Using 2 workers of 2 for evacuation
[454.811s][info][gc,phases      ] GC(1042)   Pre Evacuate Collection Set: 0.55ms
[454.811s][info][gc,phases      ] GC(1042)   Merge Heap Roots: 0.37ms
[454.811s][info][gc,phases      ] GC(1042)   Evacuate Collection Set: 55.23ms
[454.811s][info][gc,phases      ] GC(1042)   Post Evacuate Collection Set: 0.69ms
[454.811s][info][gc,phases      ] GC(1042)   Other: 0.09ms
[454.811s][info][gc,heap        ] GC(1042) Eden regions: 345->0(143)
[454.811s][info][gc,heap        ] GC(1042) Survivor regions: 12->39(45)
[454.811s][info][gc,heap        ] GC(1042) Old regions: 388->388
[454.811s][info][gc,heap        ] GC(1042) Humongous regions: 5->5
[454.811s][info][gc,metaspace   ] GC(1042) Metaspace: 18991K(19136K)->18991K(19136K) NonClass: 17161K(17280K)->17161K(17280K) Class: 1829K(1856K)->1829K(1856K)
[454.812s][info][gc             ] GC(1042) Pause Young (Prepare Mixed) (G1 Evacuation Pause) 749M->431M(978M) 57.216ms
[454.812s][info][gc,cpu         ] GC(1042) User=0.11s Sys=0.00s Real=0.05s
[455.103s][info][gc,start       ] GC(1043) Pause Young (Mixed) (G1 Evacuation Pause)
[455.103s][info][gc,task        ] GC(1043) Using 2 workers of 2 for evacuation
[455.173s][info][gc,phases      ] GC(1043)   Pre Evacuate Collection Set: 0.58ms
[455.173s][info][gc,phases      ] GC(1043)   Merge Heap Roots: 0.26ms
[455.173s][info][gc,phases      ] GC(1043)   Evacuate Collection Set: 68.90ms
[455.173s][info][gc,phases      ] GC(1043)   Post Evacuate Collection Set: 0.53ms
[455.173s][info][gc,phases      ] GC(1043)   Other: 0.09ms
[455.173s][info][gc,heap        ] GC(1043) Eden regions: 184->0(255)
[455.173s][info][gc,heap        ] GC(1043) Survivor regions: 39->19(28)
[455.173s][info][gc,heap        ] GC(1043) Old regions: 388->417
[455.173s][info][gc,heap        ] GC(1043) Humongous regions: 5->5
[455.173s][info][gc,metaspace   ] GC(1043) Metaspace: 18991K(19136K)->18991K(19136K) NonClass: 17161K(17280K)->17161K(17280K) Class: 1829K(1856K)->1829K(1856K)
[455.173s][info][gc             ] GC(1043) Pause Young (Mixed) (G1 Evacuation Pause) 615M->440M(978M) 70.637ms
[455.173s][info][gc,cpu         ] GC(1043) User=0.14s Sys=0.00s Real=0.07s
[456.022s][info][gc,start       ] GC(1044) Pause Young (Mixed) (G1 Evacuation Pause)
[456.022s][info][gc,task        ] GC(1044) Using 2 workers of 2 for evacuation
[456.054s][info][gc,phases      ] GC(1044)   Pre Evacuate Collection Set: 0.55ms
[456.054s][info][gc,phases      ] GC(1044)   Merge Heap Roots: 0.26ms
[456.054s][info][gc,phases      ] GC(1044)   Evacuate Collection Set: 30.59ms
[456.054s][info][gc,phases      ] GC(1044)   Post Evacuate Collection Set: 0.61ms
[456.054s][info][gc,phases      ] GC(1044)   Other: 0.12ms
[456.054s][info][gc,heap        ] GC(1044) Eden regions: 294->0(335)
[456.054s][info][gc,heap        ] GC(1044) Survivor regions: 19->23(40)
[456.054s][info][gc,heap        ] GC(1044) Old regions: 417->408
[456.054s][info][gc,heap        ] GC(1044) Humongous regions: 5->5
[456.054s][info][gc,metaspace   ] GC(1044) Metaspace: 18991K(19136K)->18991K(19136K) NonClass: 17161K(17280K)->17161K(17280K) Class: 1829K(1856K)->1829K(1856K)
[456.055s][info][gc             ] GC(1044) Pause Young (Mixed) (G1 Evacuation Pause) 734M->435M(978M) 32.397ms
[456.055s][info][gc,cpu         ] GC(1044) User=0.06s Sys=0.00s Real=0.04s
[456.891s][info][gc,start       ] GC(1045) Pause Young (Mixed) (G1 Evacuation Pause)
[456.891s][info][gc,task        ] GC(1045) Using 2 workers of 2 for evacuation
[456.938s][info][gc,phases      ] GC(1045)   Pre Evacuate Collection Set: 0.57ms
[456.938s][info][gc,phases      ] GC(1045)   Merge Heap Roots: 0.52ms
[456.938s][info][gc,phases      ] GC(1045)   Evacuate Collection Set: 44.79ms
[456.938s][info][gc,phases      ] GC(1045)   Merge Optional Heap Roots: 0.05ms
[456.938s][info][gc,phases      ] GC(1045)   Evacuate Optional Collection Set: 0.07ms
[456.938s][info][gc,phases      ] GC(1045)   Post Evacuate Collection Set: 0.69ms
[456.938s][info][gc,phases      ] GC(1045)   Other: 0.11ms
[456.938s][info][gc,heap        ] GC(1045) Eden regions: 343->0(399)
[456.938s][info][gc,heap        ] GC(1045) Survivor regions: 23->29(46)
[456.938s][info][gc,heap        ] GC(1045) Old regions: 408->386
[456.938s][info][gc,heap        ] GC(1045) Humongous regions: 5->5
[456.938s][info][gc,metaspace   ] GC(1045) Metaspace: 18991K(19136K)->18991K(19136K) NonClass: 17161K(17280K)->17161K(17280K) Class: 1829K(1856K)->1829K(1856K)
[456.938s][info][gc             ] GC(1045) Pause Young (Mixed) (G1 Evacuation Pause) 778M->418M(978M) 47.068ms
[456.938s][info][gc,cpu         ] GC(1045) User=0.09s Sys=0.00s Real=0.05s
[457.408s][info][gc,start       ] GC(1046) Pause Young (Mixed) (G1 Evacuation Pause)
[457.408s][info][gc,task        ] GC(1046) Using 2 workers of 2 for evacuation
[457.534s][info][gc,phases      ] GC(1046)   Pre Evacuate Collection Set: 0.35ms
[457.534s][info][gc,phases      ] GC(1046)   Merge Heap Roots: 0.59ms
[457.534s][info][gc,phases      ] GC(1046)   Evacuate Collection Set: 123.98ms
[457.534s][info][gc,phases      ] GC(1046)   Merge Optional Heap Roots: 0.07ms
[457.534s][info][gc,phases      ] GC(1046)   Evacuate Optional Collection Set: 0.11ms
[457.534s][info][gc,phases      ] GC(1046)   Post Evacuate Collection Set: 0.95ms
[457.534s][info][gc,phases      ] GC(1046)   Other: 0.12ms
[457.534s][info][gc,heap        ] GC(1046) Eden regions: 399->0(305)
[457.534s][info][gc,heap        ] GC(1046) Survivor regions: 29->54(54)
[457.534s][info][gc,heap        ] GC(1046) Old regions: 386->422
[457.534s][info][gc,heap        ] GC(1046) Humongous regions: 5->5
[457.534s][info][gc,metaspace   ] GC(1046) Metaspace: 18991K(19136K)->18991K(19136K) NonClass: 17161K(17280K)->17161K(17280K) Class: 1829K(1856K)->1829K(1856K)
[457.534s][info][gc             ] GC(1046) Pause Young (Mixed) (G1 Evacuation Pause) 817M->480M(978M) 126.460ms
[457.534s][info][gc,cpu         ] GC(1046) User=0.25s Sys=0.00s Real=0.12s
[457.862s][info][gc,start       ] GC(1047) Pause Young (Mixed) (G1 Evacuation Pause)
[457.862s][info][gc,task        ] GC(1047) Using 2 workers of 2 for evacuation
[458.019s][info][gc,phases      ] GC(1047)   Pre Evacuate Collection Set: 0.55ms
[458.019s][info][gc,phases      ] GC(1047)   Merge Heap Roots: 0.59ms
[458.019s][info][gc,phases      ] GC(1047)   Evacuate Collection Set: 153.71ms
[458.019s][info][gc,phases      ] GC(1047)   Merge Optional Heap Roots: 0.04ms
[458.019s][info][gc,phases      ] GC(1047)   Evacuate Optional Collection Set: 0.13ms
[458.019s][info][gc,phases      ] GC(1047)   Post Evacuate Collection Set: 0.96ms
[458.019s][info][gc,phases      ] GC(1047)   Other: 0.12ms
[458.019s][info][gc,heap        ] GC(1047) Eden regions: 303->0(290)
[458.019s][info][gc,heap        ] GC(1047) Survivor regions: 54->45(45)
[458.019s][info][gc,heap        ] GC(1047) Old regions: 422->487
[458.019s][info][gc,heap        ] GC(1047) Humongous regions: 8->8
[458.019s][info][gc,metaspace   ] GC(1047) Metaspace: 18991K(19136K)->18991K(19136K) NonClass: 17161K(17280K)->17161K(17280K) Class: 1829K(1856K)->1829K(1856K)
[458.019s][info][gc             ] GC(1047) Pause Young (Mixed) (G1 Evacuation Pause) 786M->539M(978M) 156.364ms
[458.019s][info][gc,cpu         ] GC(1047) User=0.31s Sys=0.00s Real=0.16s
[458.223s][info][gc,start       ] GC(1048) Pause Young (Mixed) (G1 Evacuation Pause)
[458.223s][info][gc,task        ] GC(1048) Using 2 workers of 2 for evacuation
[458.334s][info][gc,phases      ] GC(1048)   Pre Evacuate Collection Set: 0.54ms
[458.334s][info][gc,phases      ] GC(1048)   Merge Heap Roots: 0.89ms
[458.334s][info][gc,phases      ] GC(1048)   Evacuate Collection Set: 108.60ms
[458.334s][info][gc,phases      ] GC(1048)   Post Evacuate Collection Set: 0.65ms
[458.334s][info][gc,phases      ] GC(1048)   Other: 0.09ms
[458.334s][info][gc,heap        ] GC(1048) Eden regions: 290->0(278)
[458.334s][info][gc,heap        ] GC(1048) Survivor regions: 45->33(42)
[458.334s][info][gc,heap        ] GC(1048) Old regions: 487->530
[458.334s][info][gc,heap        ] GC(1048) Humongous regions: 8->8
[458.334s][info][gc,metaspace   ] GC(1048) Metaspace: 19005K(19136K)->19005K(19136K) NonClass: 17175K(17280K)->17175K(17280K) Class: 1829K(1856K)->1829K(1856K)
[458.334s][info][gc             ] GC(1048) Pause Young (Mixed) (G1 Evacuation Pause) 829M->570M(978M) 111.043ms
[458.334s][info][gc,cpu         ] GC(1048) User=0.22s Sys=0.00s Real=0.11s
[458.432s][info][gc,start       ] GC(1049) Pause Young (Concurrent Start) (G1 Humongous Allocation)
[458.432s][info][gc,task        ] GC(1049) Using 2 workers of 2 for evacuation
[458.485s][info][gc,phases      ] GC(1049)   Pre Evacuate Collection Set: 0.38ms
[458.485s][info][gc,phases      ] GC(1049)   Merge Heap Roots: 0.25ms
[458.485s][info][gc,phases      ] GC(1049)   Evacuate Collection Set: 51.88ms
[458.485s][info][gc,phases      ] GC(1049)   Post Evacuate Collection Set: 0.57ms
[458.485s][info][gc,phases      ] GC(1049)   Other: 0.12ms
[458.485s][info][gc,heap        ] GC(1049) Eden regions: 155->0(287)
[458.485s][info][gc,heap        ] GC(1049) Survivor regions: 33->8(39)
[458.485s][info][gc,heap        ] GC(1049) Old regions: 530->563
[458.485s][info][gc,heap        ] GC(1049) Humongous regions: 8->8
[458.485s][info][gc,metaspace   ] GC(1049) Metaspace: 19005K(19136K)->19005K(19136K) NonClass: 17175K(17280K)->17175K(17280K) Class: 1829K(1856K)->1829K(1856K)
[458.485s][info][gc             ] GC(1049) Pause Young (Concurrent Start) (G1 Humongous Allocation) 725M->578M(978M) 53.468ms
[458.485s][info][gc,cpu         ] GC(1049) User=0.10s Sys=0.00s Real=0.06s
[458.485s][info][gc             ] GC(1050) Concurrent Mark Cycle
[458.487s][info][gc,marking     ] GC(1050) Concurrent Scan Root Regions
[458.568s][info][gc,marking     ] GC(1050) Concurrent Scan Root Regions 80.274ms
[458.568s][info][gc,marking     ] GC(1050) Concurrent Mark
[458.568s][info][gc,marking     ] GC(1050) Concurrent Mark From Roots
[458.568s][info][gc,task        ] GC(1050) Using 1 workers of 1 for marking
[458.835s][info][gc,start       ] GC(1051) Pause Young (Normal) (G1 Evacuation Pause)
[458.835s][info][gc,task        ] GC(1051) Using 2 workers of 2 for evacuation
[458.885s][info][gc,phases      ] GC(1051)   Pre Evacuate Collection Set: 0.31ms
[458.885s][info][gc,phases      ] GC(1051)   Merge Heap Roots: 0.31ms
[458.885s][info][gc,phases      ] GC(1051)   Evacuate Collection Set: 48.97ms
[458.886s][info][gc,phases      ] GC(1051)   Post Evacuate Collection Set: 0.60ms
[458.886s][info][gc,phases      ] GC(1051)   Other: 0.11ms
[458.886s][info][gc,heap        ] GC(1051) Eden regions: 287->0(277)
[458.886s][info][gc,heap        ] GC(1051) Survivor regions: 8->30(37)
[458.886s][info][gc,heap        ] GC(1051) Old regions: 563->563
[458.886s][info][gc,heap        ] GC(1051) Humongous regions: 9->9
[458.886s][info][gc,metaspace   ] GC(1051) Metaspace: 19005K(19136K)->19005K(19136K) NonClass: 17175K(17280K)->17175K(17280K) Class: 1829K(1856K)->1829K(1856K)
[458.886s][info][gc             ] GC(1051) Pause Young (Normal) (G1 Evacuation Pause) 866M->601M(978M) 50.557ms
[458.886s][info][gc,cpu         ] GC(1051) User=0.10s Sys=0.00s Real=0.05s
[459.385s][info][gc,start       ] GC(1052) Pause Young (Normal) (G1 Evacuation Pause)
[459.385s][info][gc,task        ] GC(1052) Using 2 workers of 2 for evacuation
[459.459s][info][gc,phases      ] GC(1052)   Pre Evacuate Collection Set: 0.54ms
[459.460s][info][gc,phases      ] GC(1052)   Merge Heap Roots: 0.30ms
[459.460s][info][gc,phases      ] GC(1052)   Evacuate Collection Set: 72.46ms
[459.460s][info][gc,phases      ] GC(1052)   Post Evacuate Collection Set: 0.60ms
[459.460s][info][gc,phases      ] GC(1052)   Other: 0.11ms
[459.460s][info][gc,heap        ] GC(1052) Eden regions: 277->0(262)
[459.460s][info][gc,heap        ] GC(1052) Survivor regions: 30->24(39)
[459.460s][info][gc,heap        ] GC(1052) Old regions: 563->593
[459.460s][info][gc,heap        ] GC(1052) Humongous regions: 9->9
[459.460s][info][gc,metaspace   ] GC(1052) Metaspace: 19005K(19136K)->19005K(19136K) NonClass: 17175K(17280K)->17175K(17280K) Class: 1829K(1856K)->1829K(1856K)
[459.460s][info][gc             ] GC(1052) Pause Young (Normal) (G1 Evacuation Pause) 878M->625M(978M) 74.281ms
[459.460s][info][gc,cpu         ] GC(1052) User=0.14s Sys=0.00s Real=0.07s
[459.690s][info][gc,marking     ] GC(1050) Concurrent Mark From Roots 1121.949ms
[459.690s][info][gc,marking     ] GC(1050) Concurrent Preclean
[459.690s][info][gc,marking     ] GC(1050) Concurrent Preclean 0.054ms
[459.690s][info][gc,start       ] GC(1050) Pause Remark
[459.699s][info][gc             ] GC(1050) Pause Remark 716M->613M(978M) 9.087ms
[459.699s][info][gc,cpu         ] GC(1050) User=0.02s Sys=0.00s Real=0.01s
[459.699s][info][gc,marking     ] GC(1050) Concurrent Mark 1131.444ms
[459.699s][info][gc,marking     ] GC(1050) Concurrent Rebuild Remembered Sets and Scrub Regions
[460.162s][info][gc,marking     ] GC(1050) Concurrent Rebuild Remembered Sets and Scrub Regions 462.887ms
[460.163s][info][gc,start       ] GC(1050) Pause Cleanup
[460.163s][info][gc             ] GC(1050) Pause Cleanup 699M->699M(978M) 0.181ms
[460.164s][info][gc,cpu         ] GC(1050) User=0.00s Sys=0.00s Real=0.00s
[460.164s][info][gc,marking     ] GC(1050) Concurrent Clear Claimed Marks
[460.164s][info][gc,marking     ] GC(1050) Concurrent Clear Claimed Marks 0.056ms
[460.164s][info][gc,marking     ] GC(1050) Concurrent Cleanup for Next Mark
[460.168s][info][gc,marking     ] GC(1050) Concurrent Cleanup for Next Mark 4.582ms
[460.168s][info][gc             ] GC(1050) Concurrent Mark Cycle 1682.913ms
[460.311s][info][gc,start       ] GC(1053) Pause Young (Prepare Mixed) (G1 Evacuation Pause)
[460.311s][info][gc,task        ] GC(1053) Using 2 workers of 2 for evacuation
[460.376s][info][gc,phases      ] GC(1053)   Pre Evacuate Collection Set: 0.33ms
[460.376s][info][gc,phases      ] GC(1053)   Merge Heap Roots: 0.52ms
[460.376s][info][gc,phases      ] GC(1053)   Evacuate Collection Set: 63.49ms
[460.376s][info][gc,phases      ] GC(1053)   Post Evacuate Collection Set: 0.73ms
[460.376s][info][gc,phases      ] GC(1053)   Other: 0.09ms
[460.376s][info][gc,heap        ] GC(1053) Eden regions: 262->0(318)
[460.376s][info][gc,heap        ] GC(1053) Survivor regions: 24->24(36)
[460.376s][info][gc,heap        ] GC(1053) Old regions: 494->518
[460.376s][info][gc,heap        ] GC(1053) Humongous regions: 5->5
[460.376s][info][gc,metaspace   ] GC(1053) Metaspace: 19005K(19136K)->19005K(19136K) NonClass: 17175K(17280K)->17175K(17280K) Class: 1829K(1856K)->1829K(1856K)
[460.376s][info][gc             ] GC(1053) Pause Young (Prepare Mixed) (G1 Evacuation Pause) 784M->546M(978M) 65.466ms
[460.376s][info][gc,cpu         ] GC(1053) User=0.12s Sys=0.00s Real=0.07s
[460.794s][info][gc,start       ] GC(1054) Pause Young (Mixed) (G1 Evacuation Pause)
[460.795s][info][gc,task        ] GC(1054) Using 2 workers of 2 for evacuation
[460.943s][info][gc,phases      ] GC(1054)   Pre Evacuate Collection Set: 0.38ms
[460.943s][info][gc,phases      ] GC(1054)   Merge Heap Roots: 1.50ms
[460.943s][info][gc,phases      ] GC(1054)   Evacuate Collection Set: 145.94ms
[460.943s][info][gc,phases      ] GC(1054)   Post Evacuate Collection Set: 0.87ms
[460.943s][info][gc,phases      ] GC(1054)   Other: 0.12ms
[460.943s][info][gc,heap        ] GC(1054) Eden regions: 318->0(325)
[460.943s][info][gc,heap        ] GC(1054) Survivor regions: 24->43(43)
[460.943s][info][gc,heap        ] GC(1054) Old regions: 518->471
[460.943s][info][gc,heap        ] GC(1054) Humongous regions: 5->5
[460.943s][info][gc,metaspace   ] GC(1054) Metaspace: 19005K(19136K)->19005K(19136K) NonClass: 17175K(17280K)->17175K(17280K) Class: 1829K(1856K)->1829K(1856K)
[460.944s][info][gc             ] GC(1054) Pause Young (Mixed) (G1 Evacuation Pause) 864M->518M(978M) 149.042ms
[460.944s][info][gc,cpu         ] GC(1054) User=0.29s Sys=0.00s Real=0.14s
[461.340s][info][gc,start       ] GC(1055) Pause Young (Concurrent Start) (G1 Humongous Allocation)
[461.340s][info][gc,task        ] GC(1055) Using 2 workers of 2 for evacuation
[461.434s][info][gc,phases      ] GC(1055)   Pre Evacuate Collection Set: 0.33ms
[461.434s][info][gc,phases      ] GC(1055)   Merge Heap Roots: 0.21ms
[461.434s][info][gc,phases      ] GC(1055)   Evacuate Collection Set: 92.71ms
[461.434s][info][gc,phases      ] GC(1055)   Post Evacuate Collection Set: 0.71ms
[461.434s][info][gc,phases      ] GC(1055)   Other: 0.14ms
[461.435s][info][gc,heap        ] GC(1055) Eden regions: 281->0(289)
[461.435s][info][gc,heap        ] GC(1055) Survivor regions: 43->42(46)
[461.435s][info][gc,heap        ] GC(1055) Old regions: 471->514
[461.435s][info][gc,heap        ] GC(1055) Humongous regions: 5->5
[461.435s][info][gc,metaspace   ] GC(1055) Metaspace: 19005K(19136K)->19005K(19136K) NonClass: 17175K(17280K)->17175K(17280K) Class: 1829K(1856K)->1829K(1856K)
[461.435s][info][gc             ] GC(1055) Pause Young (Concurrent Start) (G1 Humongous Allocation) 798M->560M(978M) 94.389ms
[461.435s][info][gc             ] GC(1056) Concurrent Mark Cycle
[461.435s][info][gc,marking     ] GC(1056) Concurrent Scan Root Regions
[461.435s][info][gc,cpu         ] GC(1055) User=0.19s Sys=0.00s Real=0.10s
[461.527s][info][gc,marking     ] GC(1056) Concurrent Scan Root Regions 91.948ms
[461.527s][info][gc,marking     ] GC(1056) Concurrent Mark
[461.527s][info][gc,marking     ] GC(1056) Concurrent Mark From Roots
[461.527s][info][gc,task        ] GC(1056) Using 1 workers of 1 for marking
[462.060s][info][gc,start       ] GC(1057) Pause Young (Normal) (G1 Evacuation Pause)
[462.060s][info][gc,task        ] GC(1057) Using 2 workers of 2 for evacuation
[462.186s][info][gc,phases      ] GC(1057)   Pre Evacuate Collection Set: 0.30ms
[462.186s][info][gc,phases      ] GC(1057)   Merge Heap Roots: 0.33ms
[462.186s][info][gc,phases      ] GC(1057)   Evacuate Collection Set: 124.41ms
[462.186s][info][gc,phases      ] GC(1057)   Post Evacuate Collection Set: 0.62ms
[462.186s][info][gc,phases      ] GC(1057)   Other: 0.13ms
[462.186s][info][gc,heap        ] GC(1057) Eden regions: 289->0(248)
[462.186s][info][gc,heap        ] GC(1057) Survivor regions: 42->42(42)
[462.186s][info][gc,heap        ] GC(1057) Old regions: 514->567
[462.186s][info][gc,heap        ] GC(1057) Humongous regions: 8->8
[462.186s][info][gc,metaspace   ] GC(1057) Metaspace: 19005K(19136K)->19005K(19136K) NonClass: 17175K(17280K)->17175K(17280K) Class: 1829K(1856K)->1829K(1856K)
[462.186s][info][gc             ] GC(1057) Pause Young (Normal) (G1 Evacuation Pause) 852M->616M(978M) 126.085ms
[462.186s][info][gc,cpu         ] GC(1057) User=0.25s Sys=0.00s Real=0.13s
[462.652s][info][gc,start       ] GC(1058) Pause Young (Normal) (G1 Evacuation Pause)
[462.652s][info][gc,task        ] GC(1058) Using 2 workers of 2 for evacuation
[462.722s][info][gc,phases      ] GC(1058)   Pre Evacuate Collection Set: 0.55ms
[462.722s][info][gc,phases      ] GC(1058)   Merge Heap Roots: 0.50ms
[462.722s][info][gc,phases      ] GC(1058)   Evacuate Collection Set: 67.79ms
[462.722s][info][gc,phases      ] GC(1058)   Post Evacuate Collection Set: 0.52ms
[462.722s][info][gc,phases      ] GC(1058)   Other: 0.09ms
[462.722s][info][gc,heap        ] GC(1058) Eden regions: 248->0(261)
[462.722s][info][gc,heap        ] GC(1058) Survivor regions: 42->2(37)
[462.722s][info][gc,heap        ] GC(1058) Old regions: 567->610
[462.722s][info][gc,heap        ] GC(1058) Humongous regions: 8->8
[462.722s][info][gc,metaspace   ] GC(1058) Metaspace: 19005K(19136K)->19005K(19136K) NonClass: 17175K(17280K)->17175K(17280K) Class: 1829K(1856K)->1829K(1856K)
[462.722s][info][gc             ] GC(1058) Pause Young (Normal) (G1 Evacuation Pause) 864M->618M(978M) 69.733ms
[462.722s][info][gc,cpu         ] GC(1058) User=0.14s Sys=0.00s Real=0.07s
[462.924s][info][gc,marking     ] GC(1056) Concurrent Mark From Roots 1396.977ms
[462.924s][info][gc,marking     ] GC(1056) Concurrent Preclean
[462.924s][info][gc,marking     ] GC(1056) Concurrent Preclean 0.051ms
[462.925s][info][gc,start       ] GC(1056) Pause Remark
[462.933s][info][gc             ] GC(1056) Pause Remark 715M->669M(978M) 8.867ms
[462.933s][info][gc,cpu         ] GC(1056) User=0.02s Sys=0.00s Real=0.00s
[462.934s][info][gc,marking     ] GC(1056) Concurrent Mark 1406.857ms
[462.934s][info][gc,marking     ] GC(1056) Concurrent Rebuild Remembered Sets and Scrub Regions
[463.134s][info][gc,start       ] GC(1059) Pause Young (Normal) (G1 Evacuation Pause)
[463.134s][info][gc,task        ] GC(1059) Using 2 workers of 2 for evacuation
[463.193s][info][gc,phases      ] GC(1059)   Pre Evacuate Collection Set: 0.33ms
[463.193s][info][gc,phases      ] GC(1059)   Merge Heap Roots: 0.23ms
[463.193s][info][gc,phases      ] GC(1059)   Evacuate Collection Set: 57.90ms
[463.193s][info][gc,phases      ] GC(1059)   Post Evacuate Collection Set: 0.77ms
[463.193s][info][gc,phases      ] GC(1059)   Other: 0.10ms
[463.193s][info][gc,heap        ] GC(1059) Eden regions: 261->0(252)
[463.193s][info][gc,heap        ] GC(1059) Survivor regions: 2->33(33)
[463.193s][info][gc,heap        ] GC(1059) Old regions: 565->578
[463.193s][info][gc,heap        ] GC(1059) Humongous regions: 7->7
[463.193s][info][gc,metaspace   ] GC(1059) Metaspace: 19005K(19136K)->19005K(19136K) NonClass: 17175K(17280K)->17175K(17280K) Class: 1829K(1856K)->1829K(1856K)
[463.193s][info][gc             ] GC(1059) Pause Young (Normal) (G1 Evacuation Pause) 833M->617M(978M) 59.675ms
[463.193s][info][gc,cpu         ] GC(1059) User=0.12s Sys=0.00s Real=0.06s
[463.526s][info][gc,marking     ] GC(1056) Concurrent Rebuild Remembered Sets and Scrub Regions 592.222ms
[463.526s][info][gc,start       ] GC(1056) Pause Cleanup
[463.526s][info][gc             ] GC(1056) Pause Cleanup 805M->805M(978M) 0.148ms
[463.526s][info][gc,cpu         ] GC(1056) User=0.00s Sys=0.00s Real=0.00s
[463.526s][info][gc,marking     ] GC(1056) Concurrent Clear Claimed Marks
[463.526s][info][gc,marking     ] GC(1056) Concurrent Clear Claimed Marks 0.055ms
[463.526s][info][gc,marking     ] GC(1056) Concurrent Cleanup for Next Mark
[463.531s][info][gc,marking     ] GC(1056) Concurrent Cleanup for Next Mark 4.996ms
[463.531s][info][gc             ] GC(1056) Concurrent Mark Cycle 2096.714ms
[463.596s][info][gc,start       ] GC(1060) Pause Young (Prepare Mixed) (G1 Evacuation Pause)
[463.597s][info][gc,task        ] GC(1060) Using 2 workers of 2 for evacuation
[463.709s][info][gc,phases      ] GC(1060)   Pre Evacuate Collection Set: 0.55ms
[463.709s][info][gc,phases      ] GC(1060)   Merge Heap Roots: 0.53ms
[463.709s][info][gc,phases      ] GC(1060)   Evacuate Collection Set: 110.46ms
[463.709s][info][gc,phases      ] GC(1060)   Post Evacuate Collection Set: 0.68ms
[463.709s][info][gc,phases      ] GC(1060)   Other: 0.12ms
[463.709s][info][gc,heap        ] GC(1060) Eden regions: 252->0(192)
[463.709s][info][gc,heap        ] GC(1060) Survivor regions: 33->36(36)
[463.709s][info][gc,heap        ] GC(1060) Old regions: 578->644
[463.709s][info][gc,heap        ] GC(1060) Humongous regions: 7->7
[463.709s][info][gc,metaspace   ] GC(1060) Metaspace: 19005K(19136K)->19005K(19136K) NonClass: 17175K(17280K)->17175K(17280K) Class: 1829K(1856K)->1829K(1856K)
[463.709s][info][gc             ] GC(1060) Pause Young (Prepare Mixed) (G1 Evacuation Pause) 869M->686M(978M) 112.589ms
[463.709s][info][gc,cpu         ] GC(1060) User=0.22s Sys=0.00s Real=0.11s
[464.033s][info][gc,start       ] GC(1061) Pause Young (Mixed) (G1 Evacuation Pause)
[464.033s][info][gc,task        ] GC(1061) Using 2 workers of 2 for evacuation
[464.171s][info][gc,phases      ] GC(1061)   Pre Evacuate Collection Set: 0.34ms
[464.171s][info][gc,phases      ] GC(1061)   Merge Heap Roots: 1.03ms
[464.171s][info][gc,phases      ] GC(1061)   Evacuate Collection Set: 135.21ms
[464.171s][info][gc,phases      ] GC(1061)   Post Evacuate Collection Set: 0.67ms
[464.171s][info][gc,phases      ] GC(1061)   Other: 0.09ms
[464.171s][info][gc,heap        ] GC(1061) Eden regions: 192->0(180)
[464.171s][info][gc,heap        ] GC(1061) Survivor regions: 36->29(29)
[464.171s][info][gc,heap        ] GC(1061) Old regions: 644->659
[464.171s][info][gc,heap        ] GC(1061) Humongous regions: 10->10
[464.171s][info][gc,metaspace   ] GC(1061) Metaspace: 19005K(19136K)->19005K(19136K) NonClass: 17175K(17280K)->17175K(17280K) Class: 1829K(1856K)->1829K(1856K)
[464.171s][info][gc             ] GC(1061) Pause Young (Mixed) (G1 Evacuation Pause) 881M->697M(978M) 137.593ms
[464.171s][info][gc,cpu         ] GC(1061) User=0.27s Sys=0.01s Real=0.14s
[464.398s][info][gc,start       ] GC(1062) Pause Young (Concurrent Start) (G1 Evacuation Pause)
[464.398s][info][gc,task        ] GC(1062) Using 2 workers of 2 for evacuation
[464.477s][info][gc,phases      ] GC(1062)   Pre Evacuate Collection Set: 0.38ms
[464.477s][info][gc,phases      ] GC(1062)   Merge Heap Roots: 0.34ms
[464.477s][info][gc,phases      ] GC(1062)   Evacuate Collection Set: 77.19ms
[464.477s][info][gc,phases      ] GC(1062)   Post Evacuate Collection Set: 0.56ms
[464.477s][info][gc,phases      ] GC(1062)   Other: 0.26ms
[464.477s][info][gc,heap        ] GC(1062) Eden regions: 180->0(164)
[464.477s][info][gc,heap        ] GC(1062) Survivor regions: 29->26(27)
[464.477s][info][gc,heap        ] GC(1062) Old regions: 659->688
[464.477s][info][gc,heap        ] GC(1062) Humongous regions: 10->10
[464.477s][info][gc,metaspace   ] GC(1062) Metaspace: 19005K(19136K)->19005K(19136K) NonClass: 17175K(17280K)->17175K(17280K) Class: 1829K(1856K)->1829K(1856K)
[464.477s][info][gc             ] GC(1062) Pause Young (Concurrent Start) (G1 Evacuation Pause) 877M->723M(978M) 79.003ms
[464.477s][info][gc,cpu         ] GC(1062) User=0.16s Sys=0.00s Real=0.08s
[464.477s][info][gc             ] GC(1063) Concurrent Mark Cycle
[464.477s][info][gc,marking     ] GC(1063) Concurrent Scan Root Regions
[464.607s][info][gc,marking     ] GC(1063) Concurrent Scan Root Regions 130.422ms
[464.607s][info][gc,marking     ] GC(1063) Concurrent Mark
[464.607s][info][gc,marking     ] GC(1063) Concurrent Mark From Roots
[464.607s][info][gc,task        ] GC(1063) Using 1 workers of 1 for marking
[464.759s][info][gc,start       ] GC(1064) Pause Young (Normal) (G1 Evacuation Pause)
[464.759s][info][gc,task        ] GC(1064) Using 2 workers of 2 for evacuation
[464.794s][info][gc,phases      ] GC(1064)   Pre Evacuate Collection Set: 0.36ms
[464.794s][info][gc,phases      ] GC(1064)   Merge Heap Roots: 0.22ms
[464.794s][info][gc,phases      ] GC(1064)   Evacuate Collection Set: 33.74ms
[464.794s][info][gc,phases      ] GC(1064)   Post Evacuate Collection Set: 0.47ms
[464.794s][info][gc,phases      ] GC(1064)   Other: 0.10ms
[464.794s][info][gc,heap        ] GC(1064) Eden regions: 164->0(176)
[464.794s][info][gc,heap        ] GC(1064) Survivor regions: 26->1(24)
[464.794s][info][gc,heap        ] GC(1064) Old regions: 688->714
[464.794s][info][gc,heap        ] GC(1064) Humongous regions: 10->10
[464.794s][info][gc,metaspace   ] GC(1064) Metaspace: 19005K(19136K)->19005K(19136K) NonClass: 17175K(17280K)->17175K(17280K) Class: 1829K(1856K)->1829K(1856K)
[464.795s][info][gc             ] GC(1064) Pause Young (Normal) (G1 Evacuation Pause) 887M->724M(978M) 35.171ms
[464.795s][info][gc,cpu         ] GC(1064) User=0.07s Sys=0.00s Real=0.04s
[465.138s][info][gc,start       ] GC(1065) Pause Young (Normal) (G1 Evacuation Pause)
[465.138s][info][gc,task        ] GC(1065) Using 2 workers of 2 for evacuation
[465.154s][info][gc,phases      ] GC(1065)   Pre Evacuate Collection Set: 0.57ms
[465.154s][info][gc,phases      ] GC(1065)   Merge Heap Roots: 0.26ms
[465.154s][info][gc,phases      ] GC(1065)   Evacuate Collection Set: 14.21ms
[465.154s][info][gc,phases      ] GC(1065)   Post Evacuate Collection Set: 0.43ms
[465.154s][info][gc,phases      ] GC(1065)   Other: 0.12ms
[465.154s][info][gc,heap        ] GC(1065) Eden regions: 176->0(182)
[465.154s][info][gc,heap        ] GC(1065) Survivor regions: 1->6(23)
[465.154s][info][gc,heap        ] GC(1065) Old regions: 714->714
[465.154s][info][gc,heap        ] GC(1065) Humongous regions: 10->10
[465.154s][info][gc,metaspace   ] GC(1065) Metaspace: 19005K(19136K)->19005K(19136K) NonClass: 17175K(17280K)->17175K(17280K) Class: 1829K(1856K)->1829K(1856K)
[465.154s][info][gc             ] GC(1065) Pause Young (Normal) (G1 Evacuation Pause) 900M->729M(978M) 15.861ms
[465.154s][info][gc,cpu         ] GC(1065) User=0.03s Sys=0.00s Real=0.02s
[465.663s][info][gc,start       ] GC(1066) Pause Young (Normal) (G1 Evacuation Pause)
[465.663s][info][gc,task        ] GC(1066) Using 2 workers of 2 for evacuation
[465.690s][info][gc,phases      ] GC(1066)   Pre Evacuate Collection Set: 0.55ms
[465.690s][info][gc,phases      ] GC(1066)   Merge Heap Roots: 0.18ms
[465.690s][info][gc,phases      ] GC(1066)   Evacuate Collection Set: 25.45ms
[465.690s][info][gc,phases      ] GC(1066)   Post Evacuate Collection Set: 0.49ms
[465.690s][info][gc,phases      ] GC(1066)   Other: 0.12ms
[465.690s][info][gc,heap        ] GC(1066) Eden regions: 182->0(166)
[465.690s][info][gc,heap        ] GC(1066) Survivor regions: 6->19(24)
[465.690s][info][gc,heap        ] GC(1066) Old regions: 714->714
[465.690s][info][gc,heap        ] GC(1066) Humongous regions: 10->10
[465.690s][info][gc,metaspace   ] GC(1066) Metaspace: 19005K(19136K)->19005K(19136K) NonClass: 17175K(17280K)->17175K(17280K) Class: 1829K(1856K)->1829K(1856K)
[465.690s][info][gc             ] GC(1066) Pause Young (Normal) (G1 Evacuation Pause) 911M->742M(978M) 27.078ms
[465.690s][info][gc,cpu         ] GC(1066) User=0.05s Sys=0.00s Real=0.03s
[466.257s][info][gc,marking     ] GC(1063) Concurrent Mark From Roots 1649.931ms
[466.257s][info][gc,marking     ] GC(1063) Concurrent Preclean
[466.257s][info][gc,marking     ] GC(1063) Concurrent Preclean 0.053ms
[466.258s][info][gc,start       ] GC(1063) Pause Remark
[466.266s][info][gc             ] GC(1063) Pause Remark 905M->765M(978M) 8.805ms
[466.266s][info][gc,cpu         ] GC(1063) User=0.02s Sys=0.00s Real=0.01s
[466.266s][info][gc,marking     ] GC(1063) Concurrent Mark 1659.123ms
[466.266s][info][gc,marking     ] GC(1063) Concurrent Rebuild Remembered Sets and Scrub Regions
[466.300s][info][gc,start       ] GC(1067) Pause Young (Normal) (G1 Evacuation Pause)
[466.300s][info][gc,task        ] GC(1067) Using 2 workers of 2 for evacuation
[466.345s][info][gc,phases      ] GC(1067)   Pre Evacuate Collection Set: 0.30ms
[466.345s][info][gc,phases      ] GC(1067)   Merge Heap Roots: 0.30ms
[466.345s][info][gc,phases      ] GC(1067)   Evacuate Collection Set: 43.68ms
[466.345s][info][gc,phases      ] GC(1067)   Post Evacuate Collection Set: 0.46ms
[466.345s][info][gc,phases      ] GC(1067)   Other: 0.10ms
[466.345s][info][gc,heap        ] GC(1067) Eden regions: 166->0(260)
[466.345s][info][gc,heap        ] GC(1067) Survivor regions: 19->15(24)
[466.345s][info][gc,heap        ] GC(1067) Old regions: 578->597
[466.345s][info][gc,heap        ] GC(1067) Humongous regions: 6->6
[466.345s][info][gc,metaspace   ] GC(1067) Metaspace: 19005K(19136K)->19005K(19136K) NonClass: 17175K(17280K)->17175K(17280K) Class: 1829K(1856K)->1829K(1856K)
[466.345s][info][gc             ] GC(1067) Pause Young (Normal) (G1 Evacuation Pause) 768M->617M(978M) 45.125ms
[466.345s][info][gc,cpu         ] GC(1067) User=0.09s Sys=0.00s Real=0.05s
[466.845s][info][gc,marking     ] GC(1063) Concurrent Rebuild Remembered Sets and Scrub Regions 578.210ms
[466.845s][info][gc,start       ] GC(1063) Pause Cleanup
[466.845s][info][gc             ] GC(1063) Pause Cleanup 736M->736M(978M) 0.140ms
[466.845s][info][gc,cpu         ] GC(1063) User=0.00s Sys=0.00s Real=0.00s
[466.847s][info][gc,marking     ] GC(1063) Concurrent Clear Claimed Marks
[466.847s][info][gc,marking     ] GC(1063) Concurrent Clear Claimed Marks 0.057ms
[466.847s][info][gc,marking     ] GC(1063) Concurrent Cleanup for Next Mark
[466.850s][info][gc,marking     ] GC(1063) Concurrent Cleanup for Next Mark 2.960ms
[466.850s][info][gc             ] GC(1063) Concurrent Mark Cycle 2373.651ms
[467.226s][info][gc,start       ] GC(1068) Pause Young (Prepare Mixed) (G1 Evacuation Pause)
[467.226s][info][gc,task        ] GC(1068) Using 2 workers of 2 for evacuation
[467.245s][info][gc,phases      ] GC(1068)   Pre Evacuate Collection Set: 0.56ms
[467.245s][info][gc,phases      ] GC(1068)   Merge Heap Roots: 0.21ms
[467.245s][info][gc,phases      ] GC(1068)   Evacuate Collection Set: 17.67ms
[467.245s][info][gc,phases      ] GC(1068)   Post Evacuate Collection Set: 0.55ms
[467.245s][info][gc,phases      ] GC(1068)   Other: 0.09ms
[467.245s][info][gc,heap        ] GC(1068) Eden regions: 260->0(276)
[467.245s][info][gc,heap        ] GC(1068) Survivor regions: 15->15(35)
[467.245s][info][gc,heap        ] GC(1068) Old regions: 597->597
[467.245s][info][gc,heap        ] GC(1068) Humongous regions: 6->6
[467.245s][info][gc,metaspace   ] GC(1068) Metaspace: 19005K(19136K)->19005K(19136K) NonClass: 17175K(17280K)->17175K(17280K) Class: 1829K(1856K)->1829K(1856K)
[467.245s][info][gc             ] GC(1068) Pause Young (Prepare Mixed) (G1 Evacuation Pause) 877M->617M(978M) 19.364ms
[467.245s][info][gc,cpu         ] GC(1068) User=0.04s Sys=0.00s Real=0.02s
[467.910s][info][gc,start       ] GC(1069) Pause Young (Mixed) (G1 Evacuation Pause)
[467.911s][info][gc,task        ] GC(1069) Using 2 workers of 2 for evacuation
[467.941s][info][gc,phases      ] GC(1069)   Pre Evacuate Collection Set: 0.32ms
[467.941s][info][gc,phases      ] GC(1069)   Merge Heap Roots: 0.46ms
[467.941s][info][gc,phases      ] GC(1069)   Evacuate Collection Set: 29.22ms
[467.941s][info][gc,phases      ] GC(1069)   Post Evacuate Collection Set: 0.55ms
[467.941s][info][gc,phases      ] GC(1069)   Other: 0.12ms
[467.941s][info][gc,heap        ] GC(1069) Eden regions: 276->0(302)
[467.941s][info][gc,heap        ] GC(1069) Survivor regions: 15->15(37)
[467.941s][info][gc,heap        ] GC(1069) Old regions: 597->577
[467.941s][info][gc,heap        ] GC(1069) Humongous regions: 6->6
[467.941s][info][gc,metaspace   ] GC(1069) Metaspace: 19005K(19136K)->19005K(19136K) NonClass: 17175K(17280K)->17175K(17280K) Class: 1829K(1856K)->1829K(1856K)
[467.941s][info][gc             ] GC(1069) Pause Young (Mixed) (G1 Evacuation Pause) 893M->597M(978M) 30.917ms
[467.941s][info][gc,cpu         ] GC(1069) User=0.06s Sys=0.00s Real=0.03s
[468.355s][info][gc,start       ] GC(1070) Pause Young (Concurrent Start) (G1 Evacuation Pause)
[468.355s][info][gc,task        ] GC(1070) Using 2 workers of 2 for evacuation
[468.453s][info][gc,phases      ] GC(1070)   Pre Evacuate Collection Set: 0.34ms
[468.453s][info][gc,phases      ] GC(1070)   Merge Heap Roots: 0.17ms
[468.453s][info][gc,phases      ] GC(1070)   Evacuate Collection Set: 91.62ms
[468.453s][info][gc,phases      ] GC(1070)   Post Evacuate Collection Set: 5.20ms
[468.453s][info][gc,phases      ] GC(1070)   Other: 0.13ms
[468.453s][info][gc,heap        ] GC(1070) Eden regions: 302->0(165)
[468.453s][info][gc,heap        ] GC(1070) Survivor regions: 15->40(40)
[468.453s][info][gc,heap        ] GC(1070) Old regions: 577->677
[468.453s][info][gc,heap        ] GC(1070) Humongous regions: 6->6
[468.453s][info][gc,metaspace   ] GC(1070) Metaspace: 19006K(19136K)->19006K(19136K) NonClass: 17176K(17280K)->17176K(17280K) Class: 1829K(1856K)->1829K(1856K)
[468.453s][info][gc             ] GC(1070) Pause Young (Concurrent Start) (G1 Evacuation Pause) (Evacuation Failure: Allocation) 899M->722M(978M) 97.719ms
[468.453s][info][gc,cpu         ] GC(1070) User=0.19s Sys=0.00s Real=0.09s
[468.453s][info][gc             ] GC(1071) Concurrent Mark Cycle
[468.453s][info][gc,marking     ] GC(1071) Concurrent Scan Root Regions
[468.563s][info][gc,marking     ] GC(1071) Concurrent Scan Root Regions 109.958ms
[468.563s][info][gc,marking     ] GC(1071) Concurrent Mark
[468.563s][info][gc,marking     ] GC(1071) Concurrent Mark From Roots
[468.563s][info][gc,task        ] GC(1071) Using 1 workers of 1 for marking
[468.814s][info][gc,start       ] GC(1072) Pause Young (Normal) (G1 Evacuation Pause)
[468.814s][info][gc,task        ] GC(1072) Using 2 workers of 2 for evacuation
[468.929s][info][gc,phases      ] GC(1072)   Pre Evacuate Collection Set: 0.34ms
[468.929s][info][gc,phases      ] GC(1072)   Merge Heap Roots: 0.54ms
[468.929s][info][gc,phases      ] GC(1072)   Evacuate Collection Set: 112.67ms
[468.929s][info][gc,phases      ] GC(1072)   Post Evacuate Collection Set: 0.65ms
[468.929s][info][gc,phases      ] GC(1072)   Other: 0.13ms
[468.929s][info][gc,heap        ] GC(1072) Eden regions: 165->0(192)
[468.929s][info][gc,heap        ] GC(1072) Survivor regions: 40->26(26)
[468.929s][info][gc,heap        ] GC(1072) Old regions: 677->670
[468.929s][info][gc,heap        ] GC(1072) Humongous regions: 9->9
[468.929s][info][gc,metaspace   ] GC(1072) Metaspace: 19006K(19136K)->19006K(19136K) NonClass: 17176K(17280K)->17176K(17280K) Class: 1829K(1856K)->1829K(1856K)
[468.929s][info][gc             ] GC(1072) Pause Young (Normal) (G1 Evacuation Pause) 890M->704M(978M) 114.603ms
[468.929s][info][gc,cpu         ] GC(1072) User=0.22s Sys=0.00s Real=0.12s
[469.317s][info][gc,start       ] GC(1073) Pause Young (Normal) (G1 Evacuation Pause)
[469.317s][info][gc,task        ] GC(1073) Using 2 workers of 2 for evacuation
[469.399s][info][gc,phases      ] GC(1073)   Pre Evacuate Collection Set: 0.52ms
[469.399s][info][gc,phases      ] GC(1073)   Merge Heap Roots: 0.32ms
[469.399s][info][gc,phases      ] GC(1073)   Evacuate Collection Set: 80.13ms
[469.399s][info][gc,phases      ] GC(1073)   Post Evacuate Collection Set: 0.54ms
[469.399s][info][gc,phases      ] GC(1073)   Other: 0.10ms
[469.399s][info][gc,heap        ] GC(1073) Eden regions: 192->0(165)
[469.399s][info][gc,heap        ] GC(1073) Survivor regions: 26->28(28)
[469.399s][info][gc,heap        ] GC(1073) Old regions: 670->698
[469.399s][info][gc,heap        ] GC(1073) Humongous regions: 9->9
[469.399s][info][gc,metaspace   ] GC(1073) Metaspace: 19006K(19136K)->19006K(19136K) NonClass: 17176K(17280K)->17176K(17280K) Class: 1829K(1856K)->1829K(1856K)
[469.399s][info][gc             ] GC(1073) Pause Young (Normal) (G1 Evacuation Pause) 896M->734M(978M) 81.905ms
[469.399s][info][gc,cpu         ] GC(1073) User=0.17s Sys=0.00s Real=0.08s
[469.637s][info][gc,start       ] GC(1074) Pause Young (Normal) (G1 Evacuation Pause)
[469.637s][info][gc,task        ] GC(1074) Using 2 workers of 2 for evacuation
[469.679s][info][gc,phases      ] GC(1074)   Pre Evacuate Collection Set: 0.55ms
[469.679s][info][gc,phases      ] GC(1074)   Merge Heap Roots: 0.20ms
[469.679s][info][gc,phases      ] GC(1074)   Evacuate Collection Set: 40.55ms
[469.679s][info][gc,phases      ] GC(1074)   Post Evacuate Collection Set: 0.47ms
[469.679s][info][gc,phases      ] GC(1074)   Other: 0.13ms
[469.679s][info][gc,heap        ] GC(1074) Eden regions: 165->0(174)
[469.679s][info][gc,heap        ] GC(1074) Survivor regions: 28->5(25)
[469.679s][info][gc,heap        ] GC(1074) Old regions: 698->727
[469.679s][info][gc,heap        ] GC(1074) Humongous regions: 9->9
[469.679s][info][gc,metaspace   ] GC(1074) Metaspace: 19006K(19136K)->19006K(19136K) NonClass: 17176K(17280K)->17176K(17280K) Class: 1829K(1856K)->1829K(1856K)
[469.679s][info][gc             ] GC(1074) Pause Young (Normal) (G1 Evacuation Pause) 899M->740M(978M) 42.166ms
[469.679s][info][gc,cpu         ] GC(1074) User=0.08s Sys=0.00s Real=0.04s
[469.942s][info][gc,marking     ] GC(1071) Concurrent Mark From Roots 1379.139ms
[469.943s][info][gc,marking     ] GC(1071) Concurrent Preclean
[469.943s][info][gc,marking     ] GC(1071) Concurrent Preclean 0.049ms
[469.943s][info][gc,start       ] GC(1071) Pause Remark
[470.125s][info][gc             ] GC(1071) Pause Remark 848M->831M(978M) 181.217ms
[470.125s][info][gc,cpu         ] GC(1071) User=0.36s Sys=0.00s Real=0.19s
[470.127s][info][gc,marking     ] GC(1071) Concurrent Mark 1564.031ms
[470.127s][info][gc,marking     ] GC(1071) Concurrent Rebuild Remembered Sets and Scrub Regions
[470.285s][info][gc,start       ] GC(1075) Pause Young (Normal) (G1 Evacuation Pause)
[470.285s][info][gc,task        ] GC(1075) Using 2 workers of 2 for evacuation
[470.316s][info][gc,phases      ] GC(1075)   Pre Evacuate Collection Set: 0.54ms
[470.316s][info][gc,phases      ] GC(1075)   Merge Heap Roots: 0.49ms
[470.316s][info][gc,phases      ] GC(1075)   Evacuate Collection Set: 29.20ms
[470.316s][info][gc,phases      ] GC(1075)   Post Evacuate Collection Set: 0.45ms
[470.316s][info][gc,phases      ] GC(1075)   Other: 0.09ms
[470.316s][info][gc,heap        ] GC(1075) Eden regions: 174->0(187)
[470.316s][info][gc,heap        ] GC(1075) Survivor regions: 5->10(23)
[470.316s][info][gc,heap        ] GC(1075) Old regions: 710->710
[470.316s][info][gc,heap        ] GC(1075) Humongous regions: 9->9
[470.316s][info][gc,metaspace   ] GC(1075) Metaspace: 19006K(19136K)->19006K(19136K) NonClass: 17176K(17280K)->17176K(17280K) Class: 1829K(1856K)->1829K(1856K)
[470.316s][info][gc             ] GC(1075) Pause Young (Normal) (G1 Evacuation Pause) 897M->727M(978M) 31.022ms
[470.316s][info][gc,cpu         ] GC(1075) User=0.06s Sys=0.00s Real=0.03s
[470.767s][info][gc,start       ] GC(1076) Pause Young (Normal) (G1 Evacuation Pause)
[470.768s][info][gc,task        ] GC(1076) Using 2 workers of 2 for evacuation
[470.796s][info][gc,phases      ] GC(1076)   Pre Evacuate Collection Set: 0.54ms
[470.796s][info][gc,phases      ] GC(1076)   Merge Heap Roots: 0.25ms
[470.796s][info][gc,phases      ] GC(1076)   Evacuate Collection Set: 26.61ms
[470.796s][info][gc,phases      ] GC(1076)   Post Evacuate Collection Set: 0.50ms
[470.796s][info][gc,phases      ] GC(1076)   Other: 0.09ms
[470.796s][info][gc,heap        ] GC(1076) Eden regions: 187->0(169)
[470.796s][info][gc,heap        ] GC(1076) Survivor regions: 10->20(25)
[470.796s][info][gc,heap        ] GC(1076) Old regions: 710->710
[470.796s][info][gc,heap        ] GC(1076) Humongous regions: 9->9
[470.796s][info][gc,metaspace   ] GC(1076) Metaspace: 19006K(19136K)->19006K(19136K) NonClass: 17176K(17280K)->17176K(17280K) Class: 1829K(1856K)->1829K(1856K)
[470.796s][info][gc             ] GC(1076) Pause Young (Normal) (G1 Evacuation Pause) 914M->738M(978M) 28.226ms
[470.796s][info][gc,cpu         ] GC(1076) User=0.05s Sys=0.00s Real=0.03s
[470.843s][info][gc,marking     ] GC(1071) Concurrent Rebuild Remembered Sets and Scrub Regions 715.262ms
[470.843s][info][gc,start       ] GC(1071) Pause Cleanup
[470.843s][info][gc             ] GC(1071) Pause Cleanup 748M->748M(978M) 0.150ms
[470.843s][info][gc,cpu         ] GC(1071) User=0.00s Sys=0.00s Real=0.00s
[470.843s][info][gc,marking     ] GC(1071) Concurrent Clear Claimed Marks
[470.843s][info][gc,marking     ] GC(1071) Concurrent Clear Claimed Marks 0.033ms
[470.843s][info][gc,marking     ] GC(1071) Concurrent Cleanup for Next Mark
[470.846s][info][gc,marking     ] GC(1071) Concurrent Cleanup for Next Mark 2.935ms
[470.846s][info][gc             ] GC(1071) Concurrent Mark Cycle 2392.857ms
[470.994s][info][gc,start       ] GC(1077) Pause Young (Prepare Mixed) (G1 Evacuation Pause)
[470.994s][info][gc,task        ] GC(1077) Using 2 workers of 2 for evacuation
[471.060s][info][gc,phases      ] GC(1077)   Pre Evacuate Collection Set: 0.32ms
[471.060s][info][gc,phases      ] GC(1077)   Merge Heap Roots: 0.31ms
[471.060s][info][gc,phases      ] GC(1077)   Evacuate Collection Set: 65.29ms
[471.060s][info][gc,phases      ] GC(1077)   Post Evacuate Collection Set: 0.59ms
[471.060s][info][gc,phases      ] GC(1077)   Other: 0.09ms
[471.060s][info][gc,heap        ] GC(1077) Eden regions: 169->0(135)
[471.060s][info][gc,heap        ] GC(1077) Survivor regions: 20->24(24)
[471.060s][info][gc,heap        ] GC(1077) Old regions: 710->736
[471.060s][info][gc,heap        ] GC(1077) Humongous regions: 9->9
[471.060s][info][gc,metaspace   ] GC(1077) Metaspace: 19020K(19200K)->19020K(19200K) NonClass: 17190K(17344K)->17190K(17344K) Class: 1829K(1856K)->1829K(1856K)
[471.061s][info][gc             ] GC(1077) Pause Young (Prepare Mixed) (G1 Evacuation Pause) 907M->768M(978M) 66.852ms
[471.061s][info][gc,cpu         ] GC(1077) User=0.13s Sys=0.01s Real=0.07s
[471.274s][info][gc,start       ] GC(1078) Pause Young (Mixed) (G1 Evacuation Pause)
[471.274s][info][gc,task        ] GC(1078) Using 2 workers of 2 for evacuation
[471.361s][info][gc,phases      ] GC(1078)   Pre Evacuate Collection Set: 0.65ms
[471.361s][info][gc,phases      ] GC(1078)   Merge Heap Roots: 0.63ms
[471.361s][info][gc,phases      ] GC(1078)   Evacuate Collection Set: 84.90ms
[471.361s][info][gc,phases      ] GC(1078)   Post Evacuate Collection Set: 0.49ms
[471.361s][info][gc,phases      ] GC(1078)   Other: 0.08ms
[471.361s][info][gc,heap        ] GC(1078) Eden regions: 135->0(149)
[471.361s][info][gc,heap        ] GC(1078) Survivor regions: 24->11(20)
[471.361s][info][gc,heap        ] GC(1078) Old regions: 736->748
[471.361s][info][gc,heap        ] GC(1078) Humongous regions: 9->9
[471.361s][info][gc,metaspace   ] GC(1078) Metaspace: 19022K(19200K)->19022K(19200K) NonClass: 17192K(17344K)->17192K(17344K) Class: 1829K(1856K)->1829K(1856K)
[471.361s][info][gc             ] GC(1078) Pause Young (Mixed) (G1 Evacuation Pause) 903M->767M(978M) 87.025ms
[471.361s][info][gc,cpu         ] GC(1078) User=0.17s Sys=0.00s Real=0.09s
[471.563s][info][gc,start       ] GC(1079) Pause Young (Concurrent Start) (G1 Evacuation Pause)
[471.563s][info][gc,task        ] GC(1079) Using 2 workers of 2 for evacuation
[471.603s][info][gc,phases      ] GC(1079)   Pre Evacuate Collection Set: 0.40ms
[471.603s][info][gc,phases      ] GC(1079)   Merge Heap Roots: 0.11ms
[471.603s][info][gc,phases      ] GC(1079)   Evacuate Collection Set: 39.07ms
[471.603s][info][gc,phases      ] GC(1079)   Post Evacuate Collection Set: 0.56ms
[471.603s][info][gc,phases      ] GC(1079)   Other: 0.24ms
[471.603s][info][gc,heap        ] GC(1079) Eden regions: 149->0(119)
[471.603s][info][gc,heap        ] GC(1079) Survivor regions: 11->20(20)
[471.603s][info][gc,heap        ] GC(1079) Old regions: 748->760
[471.603s][info][gc,heap        ] GC(1079) Humongous regions: 9->9
[471.603s][info][gc,metaspace   ] GC(1079) Metaspace: 19022K(19200K)->19022K(19200K) NonClass: 17192K(17344K)->17192K(17344K) Class: 1829K(1856K)->1829K(1856K)
[471.603s][info][gc             ] GC(1079) Pause Young (Concurrent Start) (G1 Evacuation Pause) 916M->788M(978M) 40.646ms
[471.603s][info][gc,cpu         ] GC(1079) User=0.08s Sys=0.00s Real=0.04s
[471.603s][info][gc             ] GC(1080) Concurrent Mark Cycle
[471.604s][info][gc,marking     ] GC(1080) Concurrent Scan Root Regions
[471.648s][info][gc,marking     ] GC(1080) Concurrent Scan Root Regions 44.705ms
[471.648s][info][gc,marking     ] GC(1080) Concurrent Mark
[471.648s][info][gc,marking     ] GC(1080) Concurrent Mark From Roots
[471.648s][info][gc,task        ] GC(1080) Using 1 workers of 1 for marking
[471.855s][info][gc,start       ] GC(1081) Pause Young (Normal) (G1 Evacuation Pause)
[471.855s][info][gc,task        ] GC(1081) Using 2 workers of 2 for evacuation
[471.893s][info][gc,phases      ] GC(1081)   Pre Evacuate Collection Set: 0.33ms
[471.893s][info][gc,phases      ] GC(1081)   Merge Heap Roots: 0.19ms
[471.893s][info][gc,phases      ] GC(1081)   Evacuate Collection Set: 36.86ms
[471.893s][info][gc,phases      ] GC(1081)   Post Evacuate Collection Set: 0.43ms
[471.893s][info][gc,phases      ] GC(1081)   Other: 0.09ms
[471.893s][info][gc,heap        ] GC(1081) Eden regions: 119->0(124)
[471.893s][info][gc,heap        ] GC(1081) Survivor regions: 20->7(18)
[471.893s][info][gc,heap        ] GC(1081) Old regions: 760->781
[471.893s][info][gc,heap        ] GC(1081) Humongous regions: 9->9
[471.893s][info][gc,metaspace   ] GC(1081) Metaspace: 19022K(19200K)->19022K(19200K) NonClass: 17192K(17344K)->17192K(17344K) Class: 1829K(1856K)->1829K(1856K)
[471.893s][info][gc             ] GC(1081) Pause Young (Normal) (G1 Evacuation Pause) 907M->795M(978M) 38.270ms
[471.893s][info][gc,cpu         ] GC(1081) User=0.07s Sys=0.00s Real=0.03s
[472.242s][info][gc,start       ] GC(1082) Pause Young (Normal) (G1 Evacuation Pause)
[472.243s][info][gc,task        ] GC(1082) Using 2 workers of 2 for evacuation
[472.257s][info][gc,phases      ] GC(1082)   Pre Evacuate Collection Set: 0.32ms
[472.257s][info][gc,phases      ] GC(1082)   Merge Heap Roots: 0.13ms
[472.257s][info][gc,phases      ] GC(1082)   Evacuate Collection Set: 13.65ms
[472.257s][info][gc,phases      ] GC(1082)   Post Evacuate Collection Set: 0.42ms
[472.257s][info][gc,phases      ] GC(1082)   Other: 0.08ms
[472.257s][info][gc,heap        ] GC(1082) Eden regions: 124->0(116)
[472.257s][info][gc,heap        ] GC(1082) Survivor regions: 7->11(17)
[472.257s][info][gc,heap        ] GC(1082) Old regions: 781->781
[472.257s][info][gc,heap        ] GC(1082) Humongous regions: 9->9
[472.257s][info][gc,metaspace   ] GC(1082) Metaspace: 19022K(19200K)->19022K(19200K) NonClass: 17192K(17344K)->17192K(17344K) Class: 1829K(1856K)->1829K(1856K)
[472.257s][info][gc             ] GC(1082) Pause Young (Normal) (G1 Evacuation Pause) 919M->799M(978M) 14.885ms
[472.257s][info][gc,cpu         ] GC(1082) User=0.03s Sys=0.00s Real=0.02s
[472.749s][info][gc,start       ] GC(1083) Pause Young (Normal) (G1 Evacuation Pause)
[472.749s][info][gc,task        ] GC(1083) Using 2 workers of 2 for evacuation
[472.762s][info][gc,phases      ] GC(1083)   Pre Evacuate Collection Set: 0.34ms
[472.763s][info][gc,phases      ] GC(1083)   Merge Heap Roots: 0.15ms
[472.763s][info][gc,phases      ] GC(1083)   Evacuate Collection Set: 12.85ms
[472.763s][info][gc,phases      ] GC(1083)   Post Evacuate Collection Set: 0.41ms
[472.763s][info][gc,phases      ] GC(1083)   Other: 0.10ms
[472.763s][info][gc,heap        ] GC(1083) Eden regions: 116->0(124)
[472.763s][info][gc,heap        ] GC(1083) Survivor regions: 11->4(16)
[472.763s][info][gc,heap        ] GC(1083) Old regions: 781->787
[472.763s][info][gc,heap        ] GC(1083) Humongous regions: 9->9
[472.763s][info][gc,metaspace   ] GC(1083) Metaspace: 19022K(19200K)->19022K(19200K) NonClass: 17193K(17344K)->17193K(17344K) Class: 1829K(1856K)->1829K(1856K)
[472.763s][info][gc             ] GC(1083) Pause Young (Normal) (G1 Evacuation Pause) 915M->799M(978M) 14.124ms
[472.763s][info][gc,cpu         ] GC(1083) User=0.02s Sys=0.00s Real=0.01s
[473.084s][info][gc,marking     ] GC(1080) Concurrent Mark From Roots 1435.456ms
[473.084s][info][gc,marking     ] GC(1080) Concurrent Preclean
[473.084s][info][gc,marking     ] GC(1080) Concurrent Preclean 0.053ms
[473.084s][info][gc,start       ] GC(1080) Pause Remark
[473.093s][info][gc             ] GC(1080) Pause Remark 875M->631M(978M) 9.030ms
[473.093s][info][gc,cpu         ] GC(1080) User=0.02s Sys=0.00s Real=0.01s
[473.093s][info][gc,marking     ] GC(1080) Concurrent Mark 1444.891ms
[473.093s][info][gc,marking     ] GC(1080) Concurrent Rebuild Remembered Sets and Scrub Regions
[473.201s][info][gc,start       ] GC(1084) Pause Young (Normal) (G1 Evacuation Pause)
[473.201s][info][gc,task        ] GC(1084) Using 2 workers of 2 for evacuation
[473.218s][info][gc,phases      ] GC(1084)   Pre Evacuate Collection Set: 0.56ms
[473.218s][info][gc,phases      ] GC(1084)   Merge Heap Roots: 0.18ms
[473.218s][info][gc,phases      ] GC(1084)   Evacuate Collection Set: 15.96ms
[473.218s][info][gc,phases      ] GC(1084)   Post Evacuate Collection Set: 0.41ms
[473.218s][info][gc,phases      ] GC(1084)   Other: 0.14ms
[473.218s][info][gc,heap        ] GC(1084) Eden regions: 124->0(271)
[473.218s][info][gc,heap        ] GC(1084) Survivor regions: 4->13(16)
[473.218s][info][gc,heap        ] GC(1084) Old regions: 548->548
[473.218s][info][gc,heap        ] GC(1084) Humongous regions: 4->4
[473.218s][info][gc,metaspace   ] GC(1084) Metaspace: 19022K(19200K)->19022K(19200K) NonClass: 17193K(17344K)->17193K(17344K) Class: 1829K(1856K)->1829K(1856K)
[473.218s][info][gc             ] GC(1084) Pause Young (Normal) (G1 Evacuation Pause) 679M->564M(978M) 17.473ms
[473.218s][info][gc,cpu         ] GC(1084) User=0.03s Sys=0.00s Real=0.02s
[473.568s][info][gc,marking     ] GC(1080) Concurrent Rebuild Remembered Sets and Scrub Regions 474.874ms
[473.568s][info][gc,start       ] GC(1080) Pause Cleanup
[473.568s][info][gc             ] GC(1080) Pause Cleanup 701M->701M(978M) 0.164ms
[473.568s][info][gc,cpu         ] GC(1080) User=0.00s Sys=0.00s Real=0.00s
[473.570s][info][gc,marking     ] GC(1080) Concurrent Clear Claimed Marks
[473.570s][info][gc,marking     ] GC(1080) Concurrent Clear Claimed Marks 0.053ms
[473.570s][info][gc,marking     ] GC(1080) Concurrent Cleanup for Next Mark
[473.575s][info][gc,marking     ] GC(1080) Concurrent Cleanup for Next Mark 4.988ms
[473.575s][info][gc             ] GC(1080) Concurrent Mark Cycle 1971.553ms
[473.711s][info][gc,start       ] GC(1085) Pause Young (Prepare Mixed) (G1 Evacuation Pause)
[473.711s][info][gc,task        ] GC(1085) Using 2 workers of 2 for evacuation
[473.771s][info][gc,phases      ] GC(1085)   Pre Evacuate Collection Set: 0.56ms
[473.771s][info][gc,phases      ] GC(1085)   Merge Heap Roots: 0.18ms
[473.771s][info][gc,phases      ] GC(1085)   Evacuate Collection Set: 58.40ms
[473.771s][info][gc,phases      ] GC(1085)   Post Evacuate Collection Set: 0.76ms
[473.771s][info][gc,phases      ] GC(1085)   Other: 0.12ms
[473.771s][info][gc,heap        ] GC(1085) Eden regions: 271->0(243)
[473.771s][info][gc,heap        ] GC(1085) Survivor regions: 13->36(36)
[473.771s][info][gc,heap        ] GC(1085) Old regions: 548->568
[473.771s][info][gc,heap        ] GC(1085) Humongous regions: 4->4
[473.771s][info][gc,metaspace   ] GC(1085) Metaspace: 19022K(19200K)->19022K(19200K) NonClass: 17193K(17344K)->17193K(17344K) Class: 1829K(1856K)->1829K(1856K)
[473.771s][info][gc             ] GC(1085) Pause Young (Prepare Mixed) (G1 Evacuation Pause) 835M->607M(978M) 60.273ms
[473.771s][info][gc,cpu         ] GC(1085) User=0.12s Sys=0.00s Real=0.06s
[474.071s][info][gc,start       ] GC(1086) Pause Young (Mixed) (G1 Evacuation Pause)
[474.071s][info][gc,task        ] GC(1086) Using 2 workers of 2 for evacuation
[474.168s][info][gc,phases      ] GC(1086)   Pre Evacuate Collection Set: 0.39ms
[474.168s][info][gc,phases      ] GC(1086)   Merge Heap Roots: 0.52ms
[474.168s][info][gc,phases      ] GC(1086)   Evacuate Collection Set: 95.37ms
[474.168s][info][gc,phases      ] GC(1086)   Post Evacuate Collection Set: 0.71ms
[474.168s][info][gc,phases      ] GC(1086)   Other: 0.12ms
[474.168s][info][gc,heap        ] GC(1086) Eden regions: 243->0(269)
[474.168s][info][gc,heap        ] GC(1086) Survivor regions: 36->35(35)
[474.168s][info][gc,heap        ] GC(1086) Old regions: 568->522
[474.168s][info][gc,heap        ] GC(1086) Humongous regions: 4->4
[474.168s][info][gc,metaspace   ] GC(1086) Metaspace: 19022K(19200K)->19022K(19200K) NonClass: 17193K(17344K)->17193K(17344K) Class: 1829K(1856K)->1829K(1856K)
[474.168s][info][gc             ] GC(1086) Pause Young (Mixed) (G1 Evacuation Pause) 850M->560M(978M) 97.432ms
[474.168s][info][gc,cpu         ] GC(1086) User=0.20s Sys=0.00s Real=0.10s
[474.271s][info][gc,start       ] GC(1087) Pause Young (Concurrent Start) (G1 Humongous Allocation)
[474.271s][info][gc,task        ] GC(1087) Using 2 workers of 2 for evacuation
[474.320s][info][gc,phases      ] GC(1087)   Pre Evacuate Collection Set: 0.38ms
[474.320s][info][gc,phases      ] GC(1087)   Merge Heap Roots: 0.26ms
[474.320s][info][gc,phases      ] GC(1087)   Evacuate Collection Set: 47.66ms
[474.320s][info][gc,phases      ] GC(1087)   Post Evacuate Collection Set: 0.53ms
[474.320s][info][gc,phases      ] GC(1087)   Other: 0.24ms
[474.320s][info][gc,heap        ] GC(1087) Eden regions: 49->0(281)
[474.320s][info][gc,heap        ] GC(1087) Survivor regions: 35->7(38)
[474.320s][info][gc,heap        ] GC(1087) Old regions: 522->557
[474.320s][info][gc,heap        ] GC(1087) Humongous regions: 4->4
[474.320s][info][gc,metaspace   ] GC(1087) Metaspace: 19022K(19200K)->19022K(19200K) NonClass: 17193K(17344K)->17193K(17344K) Class: 1829K(1856K)->1829K(1856K)
[474.320s][info][gc             ] GC(1087) Pause Young (Concurrent Start) (G1 Humongous Allocation) 609M->567M(978M) 49.355ms
[474.320s][info][gc             ] GC(1088) Concurrent Mark Cycle
[474.320s][info][gc,marking     ] GC(1088) Concurrent Scan Root Regions
[474.321s][info][gc,cpu         ] GC(1087) User=0.10s Sys=0.00s Real=0.05s
[474.380s][info][gc,marking     ] GC(1088) Concurrent Scan Root Regions 60.114ms
[474.380s][info][gc,marking     ] GC(1088) Concurrent Mark
[474.381s][info][gc,marking     ] GC(1088) Concurrent Mark From Roots
[474.381s][info][gc,task        ] GC(1088) Using 1 workers of 1 for marking
[474.970s][info][gc,start       ] GC(1089) Pause Young (Normal) (G1 Evacuation Pause)
[474.971s][info][gc,task        ] GC(1089) Using 2 workers of 2 for evacuation
[475.059s][info][gc,phases      ] GC(1089)   Pre Evacuate Collection Set: 0.55ms
[475.059s][info][gc,phases      ] GC(1089)   Merge Heap Roots: 0.64ms
[475.059s][info][gc,phases      ] GC(1089)   Evacuate Collection Set: 86.20ms
[475.059s][info][gc,phases      ] GC(1089)   Post Evacuate Collection Set: 0.70ms
[475.059s][info][gc,phases      ] GC(1089)   Other: 0.09ms
[475.059s][info][gc,heap        ] GC(1089) Eden regions: 281->0(245)
[475.059s][info][gc,heap        ] GC(1089) Survivor regions: 7->36(36)
[475.059s][info][gc,heap        ] GC(1089) Old regions: 557->577
[475.059s][info][gc,heap        ] GC(1089) Humongous regions: 7->7
[475.059s][info][gc,metaspace   ] GC(1089) Metaspace: 19022K(19200K)->19022K(19200K) NonClass: 17193K(17344K)->17193K(17344K) Class: 1829K(1856K)->1829K(1856K)
[475.059s][info][gc             ] GC(1089) Pause Young (Normal) (G1 Evacuation Pause) 851M->619M(978M) 88.482ms
[475.059s][info][gc,cpu         ] GC(1089) User=0.17s Sys=0.00s Real=0.09s
[475.493s][info][gc,start       ] GC(1090) Pause Young (Normal) (G1 Evacuation Pause)
[475.493s][info][gc,task        ] GC(1090) Using 2 workers of 2 for evacuation
[475.573s][info][gc,phases      ] GC(1090)   Pre Evacuate Collection Set: 0.53ms
[475.573s][info][gc,phases      ] GC(1090)   Merge Heap Roots: 1.27ms
[475.573s][info][gc,phases      ] GC(1090)   Evacuate Collection Set: 77.93ms
[475.573s][info][gc,phases      ] GC(1090)   Post Evacuate Collection Set: 0.56ms
[475.573s][info][gc,phases      ] GC(1090)   Other: 0.09ms
[475.573s][info][gc,heap        ] GC(1090) Eden regions: 245->0(254)
[475.573s][info][gc,heap        ] GC(1090) Survivor regions: 36->6(36)
[475.573s][info][gc,heap        ] GC(1090) Old regions: 577->613
[475.573s][info][gc,heap        ] GC(1090) Humongous regions: 7->7
[475.573s][info][gc,metaspace   ] GC(1090) Metaspace: 19022K(19200K)->19022K(19200K) NonClass: 17193K(17344K)->17193K(17344K) Class: 1829K(1856K)->1829K(1856K)
[475.573s][info][gc             ] GC(1090) Pause Young (Normal) (G1 Evacuation Pause) 864M->625M(978M) 80.683ms
[475.573s][info][gc,cpu         ] GC(1090) User=0.16s Sys=0.00s Real=0.08s
[476.019s][info][gc,marking     ] GC(1088) Concurrent Mark From Roots 1638.568ms
[476.019s][info][gc,marking     ] GC(1088) Concurrent Preclean
[476.019s][info][gc,marking     ] GC(1088) Concurrent Preclean 0.066ms
[476.019s][info][gc,start       ] GC(1088) Pause Remark
[476.028s][info][gc             ] GC(1088) Pause Remark 840M->803M(978M) 8.780ms
[476.028s][info][gc,cpu         ] GC(1088) User=0.01s Sys=0.00s Real=0.01s
[476.028s][info][gc,marking     ] GC(1088) Concurrent Mark 1647.778ms
[476.028s][info][gc,marking     ] GC(1088) Concurrent Rebuild Remembered Sets and Scrub Regions
[476.099s][info][gc,start       ] GC(1091) Pause Young (Normal) (G1 Evacuation Pause)
[476.099s][info][gc,task        ] GC(1091) Using 2 workers of 2 for evacuation
[476.141s][info][gc,phases      ] GC(1091)   Pre Evacuate Collection Set: 0.54ms
[476.141s][info][gc,phases      ] GC(1091)   Merge Heap Roots: 0.27ms
[476.141s][info][gc,phases      ] GC(1091)   Evacuate Collection Set: 40.21ms
[476.141s][info][gc,phases      ] GC(1091)   Post Evacuate Collection Set: 0.60ms
[476.141s][info][gc,phases      ] GC(1091)   Other: 0.10ms
[476.141s][info][gc,heap        ] GC(1091) Eden regions: 254->0(262)
[476.141s][info][gc,heap        ] GC(1091) Survivor regions: 6->30(33)
[476.141s][info][gc,heap        ] GC(1091) Old regions: 576->576
[476.141s][info][gc,heap        ] GC(1091) Humongous regions: 7->7
[476.141s][info][gc,metaspace   ] GC(1091) Metaspace: 19022K(19200K)->19022K(19200K) NonClass: 17193K(17344K)->17193K(17344K) Class: 1829K(1856K)->1829K(1856K)
[476.141s][info][gc             ] GC(1091) Pause Young (Normal) (G1 Evacuation Pause) 842M->612M(978M) 41.945ms
[476.141s][info][gc,cpu         ] GC(1091) User=0.08s Sys=0.00s Real=0.04s
[476.659s][info][gc,start       ] GC(1092) Pause Young (Normal) (G1 Evacuation Pause)
[476.660s][info][gc,task        ] GC(1092) Using 2 workers of 2 for evacuation
[476.775s][info][gc,phases      ] GC(1092)   Pre Evacuate Collection Set: 0.54ms
[476.775s][info][gc,phases      ] GC(1092)   Merge Heap Roots: 0.45ms
[476.775s][info][gc,phases      ] GC(1092)   Evacuate Collection Set: 113.30ms
[476.775s][info][gc,phases      ] GC(1092)   Post Evacuate Collection Set: 0.61ms
[476.775s][info][gc,phases      ] GC(1092)   Other: 0.12ms
[476.775s][info][gc,heap        ] GC(1092) Eden regions: 262->0(213)
[476.775s][info][gc,heap        ] GC(1092) Survivor regions: 30->37(37)
[476.775s][info][gc,heap        ] GC(1092) Old regions: 576->628
[476.775s][info][gc,heap        ] GC(1092) Humongous regions: 8->8
[476.775s][info][gc,metaspace   ] GC(1092) Metaspace: 19022K(19200K)->19022K(19200K) NonClass: 17193K(17344K)->17193K(17344K) Class: 1829K(1856K)->1829K(1856K)
[476.775s][info][gc             ] GC(1092) Pause Young (Normal) (G1 Evacuation Pause) 875M->672M(978M) 115.291ms
[476.775s][info][gc,cpu         ] GC(1092) User=0.23s Sys=0.00s Real=0.12s
[476.775s][info][gc,marking     ] GC(1088) Concurrent Rebuild Remembered Sets and Scrub Regions 746.846ms
[476.777s][info][gc,start       ] GC(1088) Pause Cleanup
[476.777s][info][gc             ] GC(1088) Pause Cleanup 673M->673M(978M) 0.128ms
[476.777s][info][gc,cpu         ] GC(1088) User=0.00s Sys=0.00s Real=0.00s
[476.778s][info][gc,marking     ] GC(1088) Concurrent Clear Claimed Marks
[476.778s][info][gc,marking     ] GC(1088) Concurrent Clear Claimed Marks 0.037ms
[476.778s][info][gc,marking     ] GC(1088) Concurrent Cleanup for Next Mark
[476.783s][info][gc,marking     ] GC(1088) Concurrent Cleanup for Next Mark 4.963ms
[476.783s][info][gc             ] GC(1088) Concurrent Mark Cycle 2462.686ms
[477.180s][info][gc,start       ] GC(1093) Pause Young (Prepare Mixed) (G1 Evacuation Pause)
[477.180s][info][gc,task        ] GC(1093) Using 2 workers of 2 for evacuation
[477.234s][info][gc,phases      ] GC(1093)   Pre Evacuate Collection Set: 0.54ms
[477.234s][info][gc,phases      ] GC(1093)   Merge Heap Roots: 0.28ms
[477.234s][info][gc,phases      ] GC(1093)   Evacuate Collection Set: 52.74ms
[477.234s][info][gc,phases      ] GC(1093)   Post Evacuate Collection Set: 0.53ms
[477.234s][info][gc,phases      ] GC(1093)   Other: 0.12ms
[477.234s][info][gc,heap        ] GC(1093) Eden regions: 213->0(216)
[477.234s][info][gc,heap        ] GC(1093) Survivor regions: 37->9(32)
[477.234s][info][gc,heap        ] GC(1093) Old regions: 628->665
[477.234s][info][gc,heap        ] GC(1093) Humongous regions: 8->8
[477.234s][info][gc,metaspace   ] GC(1093) Metaspace: 19022K(19200K)->19022K(19200K) NonClass: 17193K(17344K)->17193K(17344K) Class: 1829K(1856K)->1829K(1856K)
[477.234s][info][gc             ] GC(1093) Pause Young (Prepare Mixed) (G1 Evacuation Pause) 885M->681M(978M) 54.482ms
[477.234s][info][gc,cpu         ] GC(1093) User=0.10s Sys=0.00s Real=0.05s
[477.486s][info][gc,start       ] GC(1094) Pause Young (Mixed) (G1 Evacuation Pause)
[477.486s][info][gc,task        ] GC(1094) Using 2 workers of 2 for evacuation
[477.524s][info][gc,phases      ] GC(1094)   Pre Evacuate Collection Set: 0.56ms
[477.524s][info][gc,phases      ] GC(1094)   Merge Heap Roots: 0.27ms
[477.524s][info][gc,phases      ] GC(1094)   Evacuate Collection Set: 37.00ms
[477.524s][info][gc,phases      ] GC(1094)   Post Evacuate Collection Set: 0.59ms
[477.524s][info][gc,phases      ] GC(1094)   Other: 0.12ms
[477.525s][info][gc,heap        ] GC(1094) Eden regions: 216->0(229)
[477.525s][info][gc,heap        ] GC(1094) Survivor regions: 9->26(29)
[477.525s][info][gc,heap        ] GC(1094) Old regions: 665->633
[477.525s][info][gc,heap        ] GC(1094) Humongous regions: 8->8
[477.525s][info][gc,metaspace   ] GC(1094) Metaspace: 19022K(19200K)->19022K(19200K) NonClass: 17193K(17344K)->17193K(17344K) Class: 1829K(1856K)->1829K(1856K)
[477.525s][info][gc             ] GC(1094) Pause Young (Mixed) (G1 Evacuation Pause) 897M->666M(978M) 38.794ms
[477.525s][info][gc,cpu         ] GC(1094) User=0.07s Sys=0.00s Real=0.04s
[477.835s][info][gc,start       ] GC(1095) Pause Young (Concurrent Start) (G1 Evacuation Pause)
[477.835s][info][gc,task        ] GC(1095) Using 2 workers of 2 for evacuation
[477.887s][info][gc,phases      ] GC(1095)   Pre Evacuate Collection Set: 0.39ms
[477.887s][info][gc,phases      ] GC(1095)   Merge Heap Roots: 0.22ms
[477.887s][info][gc,phases      ] GC(1095)   Evacuate Collection Set: 50.27ms
[477.887s][info][gc,phases      ] GC(1095)   Post Evacuate Collection Set: 0.55ms
[477.887s][info][gc,phases      ] GC(1095)   Other: 0.13ms
[477.887s][info][gc,heap        ] GC(1095) Eden regions: 229->0(218)
[477.887s][info][gc,heap        ] GC(1095) Survivor regions: 26->18(32)
[477.887s][info][gc,heap        ] GC(1095) Old regions: 633->659
[477.887s][info][gc,heap        ] GC(1095) Humongous regions: 8->8
[477.887s][info][gc,metaspace   ] GC(1095) Metaspace: 19022K(19200K)->19022K(19200K) NonClass: 17193K(17344K)->17193K(17344K) Class: 1829K(1856K)->1829K(1856K)
[477.887s][info][gc             ] GC(1095) Pause Young (Concurrent Start) (G1 Evacuation Pause) 895M->683M(978M) 51.829ms
[477.887s][info][gc             ] GC(1096) Concurrent Mark Cycle
[477.887s][info][gc,marking     ] GC(1096) Concurrent Scan Root Regions
[477.889s][info][gc,cpu         ] GC(1095) User=0.10s Sys=0.01s Real=0.05s
[477.975s][info][gc,marking     ] GC(1096) Concurrent Scan Root Regions 88.558ms
[477.975s][info][gc,marking     ] GC(1096) Concurrent Mark
[477.975s][info][gc,marking     ] GC(1096) Concurrent Mark From Roots
[477.975s][info][gc,task        ] GC(1096) Using 1 workers of 1 for marking
[478.817s][info][gc,start       ] GC(1097) Pause Young (Normal) (G1 Evacuation Pause)
[478.817s][info][gc,task        ] GC(1097) Using 2 workers of 2 for evacuation
[478.839s][info][gc,phases      ] GC(1097)   Pre Evacuate Collection Set: 0.33ms
[478.839s][info][gc,phases      ] GC(1097)   Merge Heap Roots: 0.17ms
[478.839s][info][gc,phases      ] GC(1097)   Evacuate Collection Set: 20.64ms
[478.839s][info][gc,phases      ] GC(1097)   Post Evacuate Collection Set: 0.46ms
[478.839s][info][gc,phases      ] GC(1097)   Other: 0.08ms
[478.839s][info][gc,heap        ] GC(1097) Eden regions: 218->0(229)
[478.839s][info][gc,heap        ] GC(1097) Survivor regions: 18->1(30)
[478.839s][info][gc,heap        ] GC(1097) Old regions: 659->676
[478.839s][info][gc,heap        ] GC(1097) Humongous regions: 8->8
[478.839s][info][gc,metaspace   ] GC(1097) Metaspace: 19025K(19200K)->19025K(19200K) NonClass: 17195K(17344K)->17195K(17344K) Class: 1829K(1856K)->1829K(1856K)
[478.839s][info][gc             ] GC(1097) Pause Young (Normal) (G1 Evacuation Pause) 901M->684M(978M) 21.978ms
[478.839s][info][gc,cpu         ] GC(1097) User=0.05s Sys=0.00s Real=0.02s
[479.515s][info][gc,marking     ] GC(1096) Concurrent Mark From Roots 1539.804ms
[479.515s][info][gc,marking     ] GC(1096) Concurrent Preclean
[479.515s][info][gc,marking     ] GC(1096) Concurrent Preclean 0.054ms
[479.515s][info][gc,start       ] GC(1096) Pause Remark
[479.524s][info][gc             ] GC(1096) Pause Remark 874M->715M(978M) 8.701ms
[479.524s][info][gc,cpu         ] GC(1096) User=0.01s Sys=0.00s Real=0.01s
[479.524s][info][gc,marking     ] GC(1096) Concurrent Mark 1548.916ms
[479.524s][info][gc,marking     ] GC(1096) Concurrent Rebuild Remembered Sets and Scrub Regions
[479.668s][info][gc,start       ] GC(1098) Pause Young (Normal) (G1 Evacuation Pause)
[479.669s][info][gc,task        ] GC(1098) Using 2 workers of 2 for evacuation
[479.671s][info][gc,phases      ] GC(1098)   Pre Evacuate Collection Set: 0.38ms
[479.671s][info][gc,phases      ] GC(1098)   Merge Heap Roots: 0.12ms
[479.671s][info][gc,phases      ] GC(1098)   Evacuate Collection Set: 0.89ms
[479.671s][info][gc,phases      ] GC(1098)   Post Evacuate Collection Set: 0.65ms
[479.671s][info][gc,phases      ] GC(1098)   Other: 0.11ms
[479.671s][info][gc,heap        ] GC(1098) Eden regions: 229->0(357)
[479.671s][info][gc,heap        ] GC(1098) Survivor regions: 1->1(29)
[479.671s][info][gc,heap        ] GC(1098) Old regions: 520->520
[479.671s][info][gc,heap        ] GC(1098) Humongous regions: 5->5
[479.671s][info][gc,metaspace   ] GC(1098) Metaspace: 19025K(19200K)->19025K(19200K) NonClass: 17195K(17344K)->17195K(17344K) Class: 1829K(1856K)->1829K(1856K)
[479.671s][info][gc             ] GC(1098) Pause Young (Normal) (G1 Evacuation Pause) 754M->525M(978M) 2.488ms
[479.671s][info][gc,cpu         ] GC(1098) User=0.00s Sys=0.00s Real=0.00s
[480.036s][info][gc,marking     ] GC(1096) Concurrent Rebuild Remembered Sets and Scrub Regions 511.374ms
[480.036s][info][gc,start       ] GC(1096) Pause Cleanup
[480.036s][info][gc             ] GC(1096) Pause Cleanup 616M->616M(978M) 0.117ms
[480.036s][info][gc,cpu         ] GC(1096) User=0.00s Sys=0.00s Real=0.00s
[480.036s][info][gc,marking     ] GC(1096) Concurrent Clear Claimed Marks
[480.036s][info][gc,marking     ] GC(1096) Concurrent Clear Claimed Marks 0.034ms
[480.036s][info][gc,marking     ] GC(1096) Concurrent Cleanup for Next Mark
[480.039s][info][gc,marking     ] GC(1096) Concurrent Cleanup for Next Mark 2.957ms
[480.039s][info][gc             ] GC(1096) Concurrent Mark Cycle 2152.362ms
[480.374s][info][gc,start       ] GC(1099) Pause Young (Prepare Mixed) (G1 Evacuation Pause)
[480.375s][info][gc,task        ] GC(1099) Using 2 workers of 2 for evacuation
[480.458s][info][gc,phases      ] GC(1099)   Pre Evacuate Collection Set: 0.34ms
[480.458s][info][gc,phases      ] GC(1099)   Merge Heap Roots: 0.37ms
[480.458s][info][gc,phases      ] GC(1099)   Evacuate Collection Set: 81.47ms
[480.458s][info][gc,phases      ] GC(1099)   Post Evacuate Collection Set: 0.87ms
[480.458s][info][gc,phases      ] GC(1099)   Other: 0.11ms
[480.458s][info][gc,heap        ] GC(1099) Eden regions: 357->0(265)
[480.458s][info][gc,heap        ] GC(1099) Survivor regions: 1->45(45)
[480.458s][info][gc,heap        ] GC(1099) Old regions: 520->547
[480.458s][info][gc,heap        ] GC(1099) Humongous regions: 5->5
[480.458s][info][gc,metaspace   ] GC(1099) Metaspace: 19025K(19200K)->19025K(19200K) NonClass: 17195K(17344K)->17195K(17344K) Class: 1829K(1856K)->1829K(1856K)
[480.458s][info][gc             ] GC(1099) Pause Young (Prepare Mixed) (G1 Evacuation Pause) 882M->596M(978M) 83.446ms
[480.458s][info][gc,cpu         ] GC(1099) User=0.16s Sys=0.00s Real=0.08s
[480.653s][info][gc,start       ] GC(1100) Pause Young (Mixed) (G1 Evacuation Pause)
[480.653s][info][gc,task        ] GC(1100) Using 2 workers of 2 for evacuation
[480.779s][info][gc,phases      ] GC(1100)   Pre Evacuate Collection Set: 0.56ms
[480.779s][info][gc,phases      ] GC(1100)   Merge Heap Roots: 0.48ms
[480.779s][info][gc,phases      ] GC(1100)   Evacuate Collection Set: 123.83ms
[480.779s][info][gc,phases      ] GC(1100)   Post Evacuate Collection Set: 0.93ms
[480.779s][info][gc,phases      ] GC(1100)   Other: 0.11ms
[480.779s][info][gc,heap        ] GC(1100) Eden regions: 265->0(210)
[480.779s][info][gc,heap        ] GC(1100) Survivor regions: 45->39(39)
[480.779s][info][gc,heap        ] GC(1100) Old regions: 547->605
[480.779s][info][gc,heap        ] GC(1100) Humongous regions: 5->5
[480.779s][info][gc,metaspace   ] GC(1100) Metaspace: 19025K(19200K)->19025K(19200K) NonClass: 17195K(17344K)->17195K(17344K) Class: 1829K(1856K)->1829K(1856K)
[480.779s][info][gc             ] GC(1100) Pause Young (Mixed) (G1 Evacuation Pause) 861M->648M(978M) 126.182ms
[480.779s][info][gc,cpu         ] GC(1100) User=0.25s Sys=0.00s Real=0.13s
[480.787s][info][gc,start       ] GC(1101) Pause Young (Concurrent Start) (G1 Humongous Allocation)
[480.787s][info][gc,task        ] GC(1101) Using 2 workers of 2 for evacuation
[480.850s][info][gc,phases      ] GC(1101)   Pre Evacuate Collection Set: 0.29ms
[480.850s][info][gc,phases      ] GC(1101)   Merge Heap Roots: 0.60ms
[480.850s][info][gc,phases      ] GC(1101)   Evacuate Collection Set: 61.24ms
[480.850s][info][gc,phases      ] GC(1101)   Post Evacuate Collection Set: 0.41ms
[480.850s][info][gc,phases      ] GC(1101)   Other: 0.11ms
[480.850s][info][gc,heap        ] GC(1101) Eden regions: 7->0(159)
[480.850s][info][gc,heap        ] GC(1101) Survivor regions: 39->4(32)
[480.850s][info][gc,heap        ] GC(1101) Old regions: 605->644
[480.850s][info][gc,heap        ] GC(1101) Humongous regions: 5->5
[480.850s][info][gc,metaspace   ] GC(1101) Metaspace: 19025K(19200K)->19025K(19200K) NonClass: 17195K(17344K)->17195K(17344K) Class: 1829K(1856K)->1829K(1856K)
[480.850s][info][gc             ] GC(1101) Pause Young (Concurrent Start) (G1 Humongous Allocation) 655M->652M(978M) 62.881ms
[480.850s][info][gc,cpu         ] GC(1101) User=0.12s Sys=0.01s Real=0.06s
[480.850s][info][gc             ] GC(1102) Concurrent Mark Cycle
[480.852s][info][gc,marking     ] GC(1102) Concurrent Scan Root Regions
[480.920s][info][gc,marking     ] GC(1102) Concurrent Scan Root Regions 68.158ms
[480.920s][info][gc,marking     ] GC(1102) Concurrent Mark
[480.920s][info][gc,marking     ] GC(1102) Concurrent Mark From Roots
[480.920s][info][gc,task        ] GC(1102) Using 1 workers of 1 for marking
[481.176s][info][gc,start       ] GC(1103) Pause Young (Normal) (G1 Evacuation Pause)
[481.176s][info][gc,task        ] GC(1103) Using 2 workers of 2 for evacuation
[481.220s][info][gc,phases      ] GC(1103)   Pre Evacuate Collection Set: 0.33ms
[481.220s][info][gc,phases      ] GC(1103)   Merge Heap Roots: 0.28ms
[481.220s][info][gc,phases      ] GC(1103)   Evacuate Collection Set: 42.18ms
[481.220s][info][gc,phases      ] GC(1103)   Post Evacuate Collection Set: 0.44ms
[481.220s][info][gc,phases      ] GC(1103)   Other: 0.08ms
[481.220s][info][gc,heap        ] GC(1103) Eden regions: 159->0(157)
[481.220s][info][gc,heap        ] GC(1103) Survivor regions: 4->21(21)
[481.220s][info][gc,heap        ] GC(1103) Old regions: 644->650
[481.220s][info][gc,heap        ] GC(1103) Humongous regions: 8->8
[481.220s][info][gc,metaspace   ] GC(1103) Metaspace: 19025K(19200K)->19025K(19200K) NonClass: 17195K(17344K)->17195K(17344K) Class: 1829K(1856K)->1829K(1856K)
[481.220s][info][gc             ] GC(1103) Pause Young (Normal) (G1 Evacuation Pause) 814M->678M(978M) 43.578ms
[481.220s][info][gc,cpu         ] GC(1103) User=0.08s Sys=0.00s Real=0.04s
[481.700s][info][gc,start       ] GC(1104) Pause Young (Normal) (G1 Evacuation Pause)
[481.700s][info][gc,task        ] GC(1104) Using 2 workers of 2 for evacuation
[481.766s][info][gc,phases      ] GC(1104)   Pre Evacuate Collection Set: 0.35ms
[481.766s][info][gc,phases      ] GC(1104)   Merge Heap Roots: 0.33ms
[481.766s][info][gc,phases      ] GC(1104)   Evacuate Collection Set: 64.09ms
[481.766s][info][gc,phases      ] GC(1104)   Post Evacuate Collection Set: 0.55ms
[481.766s][info][gc,phases      ] GC(1104)   Other: 0.11ms
[481.766s][info][gc,heap        ] GC(1104) Eden regions: 157->0(155)
[481.766s][info][gc,heap        ] GC(1104) Survivor regions: 21->19(23)
[481.766s][info][gc,heap        ] GC(1104) Old regions: 650->671
[481.766s][info][gc,heap        ] GC(1104) Humongous regions: 11->11
[481.766s][info][gc,metaspace   ] GC(1104) Metaspace: 19025K(19200K)->19025K(19200K) NonClass: 17195K(17344K)->17195K(17344K) Class: 1829K(1856K)->1829K(1856K)
[481.766s][info][gc             ] GC(1104) Pause Young (Normal) (G1 Evacuation Pause) 838M->700M(978M) 65.703ms
[481.766s][info][gc,cpu         ] GC(1104) User=0.13s Sys=0.00s Real=0.07s
[482.260s][info][gc,marking     ] GC(1102) Concurrent Mark From Roots 1339.347ms
[482.260s][info][gc,marking     ] GC(1102) Concurrent Preclean
[482.260s][info][gc,marking     ] GC(1102) Concurrent Preclean 0.056ms
[482.260s][info][gc,start       ] GC(1102) Pause Remark
[482.269s][info][gc             ] GC(1102) Pause Remark 823M->664M(978M) 8.666ms
[482.269s][info][gc,cpu         ] GC(1102) User=0.01s Sys=0.00s Real=0.01s
[482.271s][info][gc,marking     ] GC(1102) Concurrent Mark 1350.820ms
[482.271s][info][gc,marking     ] GC(1102) Concurrent Rebuild Remembered Sets and Scrub Regions
[482.372s][info][gc,start       ] GC(1105) Pause Young (Normal) (G1 Evacuation Pause)
[482.372s][info][gc,task        ] GC(1105) Using 2 workers of 2 for evacuation
[482.410s][info][gc,phases      ] GC(1105)   Pre Evacuate Collection Set: 0.34ms
[482.410s][info][gc,phases      ] GC(1105)   Merge Heap Roots: 0.30ms
[482.410s][info][gc,phases      ] GC(1105)   Evacuate Collection Set: 37.36ms
[482.410s][info][gc,phases      ] GC(1105)   Post Evacuate Collection Set: 0.41ms
[482.410s][info][gc,phases      ] GC(1105)   Other: 0.10ms
[482.410s][info][gc,heap        ] GC(1105) Eden regions: 155->0(247)
[482.410s][info][gc,heap        ] GC(1105) Survivor regions: 19->1(22)
[482.410s][info][gc,heap        ] GC(1105) Old regions: 514->533
[482.410s][info][gc,heap        ] GC(1105) Humongous regions: 9->9
[482.410s][info][gc,metaspace   ] GC(1105) Metaspace: 19025K(19200K)->19025K(19200K) NonClass: 17195K(17344K)->17195K(17344K) Class: 1829K(1856K)->1829K(1856K)
[482.410s][info][gc             ] GC(1105) Pause Young (Normal) (G1 Evacuation Pause) 696M->542M(978M) 38.776ms
[482.410s][info][gc,cpu         ] GC(1105) User=0.08s Sys=0.00s Real=0.04s
[482.796s][info][gc,marking     ] GC(1102) Concurrent Rebuild Remembered Sets and Scrub Regions 525.045ms
[482.797s][info][gc,start       ] GC(1102) Pause Cleanup
[482.797s][info][gc             ] GC(1102) Pause Cleanup 710M->710M(978M) 0.134ms
[482.797s][info][gc,cpu         ] GC(1102) User=0.00s Sys=0.00s Real=0.00s
[482.797s][info][gc,marking     ] GC(1102) Concurrent Clear Claimed Marks
[482.797s][info][gc,marking     ] GC(1102) Concurrent Clear Claimed Marks 0.051ms
[482.797s][info][gc,marking     ] GC(1102) Concurrent Cleanup for Next Mark
[482.802s][info][gc,marking     ] GC(1102) Concurrent Cleanup for Next Mark 4.949ms
[482.802s][info][gc             ] GC(1102) Concurrent Mark Cycle 1951.555ms
[482.926s][info][gc,start       ] GC(1106) Pause Young (Prepare Mixed) (G1 Evacuation Pause)
[482.926s][info][gc,task        ] GC(1106) Using 2 workers of 2 for evacuation
[482.927s][info][gc,phases      ] GC(1106)   Pre Evacuate Collection Set: 0.30ms
[482.927s][info][gc,phases      ] GC(1106)   Merge Heap Roots: 0.09ms
[482.927s][info][gc,phases      ] GC(1106)   Evacuate Collection Set: 0.24ms
[482.928s][info][gc,phases      ] GC(1106)   Post Evacuate Collection Set: 0.44ms
[482.928s][info][gc,phases      ] GC(1106)   Other: 0.11ms
[482.928s][info][gc,heap        ] GC(1106) Eden regions: 247->0(269)
[482.928s][info][gc,heap        ] GC(1106) Survivor regions: 1->1(31)
[482.928s][info][gc,heap        ] GC(1106) Old regions: 533->533
[482.928s][info][gc,heap        ] GC(1106) Humongous regions: 9->9
[482.928s][info][gc,metaspace   ] GC(1106) Metaspace: 19025K(19200K)->19025K(19200K) NonClass: 17195K(17344K)->17195K(17344K) Class: 1829K(1856K)->1829K(1856K)
[482.928s][info][gc             ] GC(1106) Pause Young (Prepare Mixed) (G1 Evacuation Pause) 789M->542M(978M) 1.462ms
[482.928s][info][gc,cpu         ] GC(1106) User=0.00s Sys=0.00s Real=0.00s
[483.360s][info][gc,start       ] GC(1107) Pause Young (Mixed) (G1 Evacuation Pause)
[483.360s][info][gc,task        ] GC(1107) Using 2 workers of 2 for evacuation
[483.362s][info][gc,phases      ] GC(1107)   Pre Evacuate Collection Set: 0.58ms
[483.362s][info][gc,phases      ] GC(1107)   Merge Heap Roots: 0.12ms
[483.362s][info][gc,phases      ] GC(1107)   Evacuate Collection Set: 0.41ms
[483.362s][info][gc,phases      ] GC(1107)   Post Evacuate Collection Set: 0.46ms
[483.362s][info][gc,phases      ] GC(1107)   Other: 0.12ms
[483.362s][info][gc,heap        ] GC(1107) Eden regions: 269->0(298)
[483.362s][info][gc,heap        ] GC(1107) Survivor regions: 1->1(34)
[483.362s][info][gc,heap        ] GC(1107) Old regions: 533->519
[483.362s][info][gc,heap        ] GC(1107) Humongous regions: 9->9
[483.362s][info][gc,metaspace   ] GC(1107) Metaspace: 19025K(19200K)->19025K(19200K) NonClass: 17195K(17344K)->17195K(17344K) Class: 1829K(1856K)->1829K(1856K)
[483.362s][info][gc             ] GC(1107) Pause Young (Mixed) (G1 Evacuation Pause) 811M->528M(978M) 1.927ms
[483.362s][info][gc,cpu         ] GC(1107) User=0.00s Sys=0.00s Real=0.00s
[483.842s][info][gc,start       ] GC(1108) Pause Young (Concurrent Start) (G1 Evacuation Pause)
[483.842s][info][gc,task        ] GC(1108) Using 2 workers of 2 for evacuation
[483.843s][info][gc,phases      ] GC(1108)   Pre Evacuate Collection Set: 0.38ms
[483.843s][info][gc,phases      ] GC(1108)   Merge Heap Roots: 0.11ms
[483.843s][info][gc,phases      ] GC(1108)   Evacuate Collection Set: 0.52ms
[483.843s][info][gc,phases      ] GC(1108)   Post Evacuate Collection Set: 0.50ms
[483.843s][info][gc,phases      ] GC(1108)   Other: 0.11ms
[483.844s][info][gc,heap        ] GC(1108) Eden regions: 298->0(319)
[483.844s][info][gc,heap        ] GC(1108) Survivor regions: 1->1(38)
[483.844s][info][gc,heap        ] GC(1108) Old regions: 519->519
[483.844s][info][gc,heap        ] GC(1108) Humongous regions: 9->9
[483.844s][info][gc,metaspace   ] GC(1108) Metaspace: 19025K(19200K)->19025K(19200K) NonClass: 17195K(17344K)->17195K(17344K) Class: 1829K(1856K)->1829K(1856K)
[483.844s][info][gc             ] GC(1108) Pause Young (Concurrent Start) (G1 Evacuation Pause) 826M->527M(978M) 1.843ms
[483.844s][info][gc             ] GC(1109) Concurrent Mark Cycle
[483.844s][info][gc,marking     ] GC(1109) Concurrent Scan Root Regions
[483.844s][info][gc,marking     ] GC(1109) Concurrent Scan Root Regions 0.260ms
[483.844s][info][gc,marking     ] GC(1109) Concurrent Mark
[483.844s][info][gc,marking     ] GC(1109) Concurrent Mark From Roots
[483.844s][info][gc,task        ] GC(1109) Using 1 workers of 1 for marking
[483.844s][info][gc,cpu         ] GC(1108) User=0.00s Sys=0.00s Real=0.00s
[485.036s][info][gc,start       ] GC(1110) Pause Young (Normal) (G1 Evacuation Pause)
[485.036s][info][gc,task        ] GC(1110) Using 2 workers of 2 for evacuation
[485.055s][info][gc,phases      ] GC(1110)   Pre Evacuate Collection Set: 0.55ms
[485.055s][info][gc,phases      ] GC(1110)   Merge Heap Roots: 0.17ms
[485.055s][info][gc,phases      ] GC(1110)   Evacuate Collection Set: 17.47ms
[485.055s][info][gc,phases      ] GC(1110)   Post Evacuate Collection Set: 0.59ms
[485.055s][info][gc,phases      ] GC(1110)   Other: 0.09ms
[485.055s][info][gc,heap        ] GC(1110) Eden regions: 319->0(322)
[485.055s][info][gc,heap        ] GC(1110) Survivor regions: 1->13(40)
[485.055s][info][gc,heap        ] GC(1110) Old regions: 519->519
[485.055s][info][gc,heap        ] GC(1110) Humongous regions: 9->9
[485.055s][info][gc,metaspace   ] GC(1110) Metaspace: 19025K(19200K)->19025K(19200K) NonClass: 17195K(17344K)->17195K(17344K) Class: 1829K(1856K)->1829K(1856K)
[485.055s][info][gc             ] GC(1110) Pause Young (Normal) (G1 Evacuation Pause) 846M->540M(978M) 19.144ms
[485.055s][info][gc,cpu         ] GC(1110) User=0.03s Sys=0.00s Real=0.02s
[485.434s][info][gc,marking     ] GC(1109) Concurrent Mark From Roots 1590.161ms
[485.434s][info][gc,marking     ] GC(1109) Concurrent Preclean
[485.434s][info][gc,marking     ] GC(1109) Concurrent Preclean 0.056ms
[485.434s][info][gc,start       ] GC(1109) Pause Remark
[485.443s][info][gc             ] GC(1109) Pause Remark 738M->736M(978M) 8.548ms
[485.443s][info][gc,cpu         ] GC(1109) User=0.02s Sys=0.00s Real=0.00s
[485.444s][info][gc,marking     ] GC(1109) Concurrent Mark 1600.382ms
[485.444s][info][gc,marking     ] GC(1109) Concurrent Rebuild Remembered Sets and Scrub Regions
[485.584s][info][gc,start       ] GC(1111) Pause Young (Normal) (G1 Evacuation Pause)
[485.584s][info][gc,task        ] GC(1111) Using 2 workers of 2 for evacuation
[485.634s][info][gc,phases      ] GC(1111)   Pre Evacuate Collection Set: 0.58ms
[485.634s][info][gc,phases      ] GC(1111)   Merge Heap Roots: 0.22ms
[485.634s][info][gc,phases      ] GC(1111)   Evacuate Collection Set: 48.55ms
[485.634s][info][gc,phases      ] GC(1111)   Post Evacuate Collection Set: 0.60ms
[485.634s][info][gc,phases      ] GC(1111)   Other: 0.12ms
[485.634s][info][gc,heap        ] GC(1111) Eden regions: 322->0(309)
[485.634s][info][gc,heap        ] GC(1111) Survivor regions: 13->39(42)
[485.634s][info][gc,heap        ] GC(1111) Old regions: 519->519
[485.634s][info][gc,heap        ] GC(1111) Humongous regions: 7->7
[485.634s][info][gc,metaspace   ] GC(1111) Metaspace: 19025K(19200K)->19025K(19200K) NonClass: 17195K(17344K)->17195K(17344K) Class: 1829K(1856K)->1829K(1856K)
[485.634s][info][gc             ] GC(1111) Pause Young (Normal) (G1 Evacuation Pause) 860M->564M(978M) 50.324ms
[485.634s][info][gc,cpu         ] GC(1111) User=0.10s Sys=0.00s Real=0.05s
[486.059s][info][gc,start       ] GC(1112) Pause Young (Normal) (G1 Evacuation Pause)
[486.059s][info][gc,task        ] GC(1112) Using 2 workers of 2 for evacuation
[486.141s][info][gc,phases      ] GC(1112)   Pre Evacuate Collection Set: 0.56ms
[486.141s][info][gc,phases      ] GC(1112)   Merge Heap Roots: 0.35ms
[486.141s][info][gc,phases      ] GC(1112)   Evacuate Collection Set: 80.94ms
[486.141s][info][gc,phases      ] GC(1112)   Post Evacuate Collection Set: 0.73ms
[486.142s][info][gc,phases      ] GC(1112)   Other: 0.13ms
[486.142s][info][gc,heap        ] GC(1112) Eden regions: 309->0(300)
[486.142s][info][gc,heap        ] GC(1112) Survivor regions: 39->19(44)
[486.142s][info][gc,heap        ] GC(1112) Old regions: 519->558
[486.142s][info][gc,heap        ] GC(1112) Humongous regions: 7->7
[486.142s][info][gc,metaspace   ] GC(1112) Metaspace: 19025K(19200K)->19025K(19200K) NonClass: 17195K(17344K)->17195K(17344K) Class: 1829K(1856K)->1829K(1856K)
[486.142s][info][gc             ] GC(1112) Pause Young (Normal) (G1 Evacuation Pause) 873M->582M(978M) 83.025ms
[486.142s][info][gc,cpu         ] GC(1112) User=0.16s Sys=0.00s Real=0.08s
[486.143s][info][gc,marking     ] GC(1109) Concurrent Rebuild Remembered Sets and Scrub Regions 698.723ms
[486.147s][info][gc,start       ] GC(1109) Pause Cleanup
[486.148s][info][gc             ] GC(1109) Pause Cleanup 584M->584M(978M) 0.116ms
[486.148s][info][gc,cpu         ] GC(1109) User=0.00s Sys=0.00s Real=0.00s
[486.148s][info][gc,marking     ] GC(1109) Concurrent Clear Claimed Marks
[486.148s][info][gc,marking     ] GC(1109) Concurrent Clear Claimed Marks 0.058ms
[486.148s][info][gc,marking     ] GC(1109) Concurrent Cleanup for Next Mark
[486.151s][info][gc,marking     ] GC(1109) Concurrent Cleanup for Next Mark 2.972ms
[486.151s][info][gc             ] GC(1109) Concurrent Mark Cycle 2307.136ms
[486.396s][info][gc,start       ] GC(1113) Pause Young (Prepare Mixed) (G1 Evacuation Pause)
[486.396s][info][gc,task        ] GC(1113) Using 2 workers of 2 for evacuation
[486.473s][info][gc,phases      ] GC(1113)   Pre Evacuate Collection Set: 0.33ms
[486.473s][info][gc,phases      ] GC(1113)   Merge Heap Roots: 0.31ms
[486.473s][info][gc,phases      ] GC(1113)   Evacuate Collection Set: 75.33ms
[486.473s][info][gc,phases      ] GC(1113)   Post Evacuate Collection Set: 0.64ms
[486.473s][info][gc,phases      ] GC(1113)   Other: 0.11ms
[486.473s][info][gc,heap        ] GC(1113) Eden regions: 300->0(260)
[486.473s][info][gc,heap        ] GC(1113) Survivor regions: 19->40(40)
[486.473s][info][gc,heap        ] GC(1113) Old regions: 558->578
[486.473s][info][gc,heap        ] GC(1113) Humongous regions: 7->7
[486.473s][info][gc,metaspace   ] GC(1113) Metaspace: 19025K(19200K)->19025K(19200K) NonClass: 17195K(17344K)->17195K(17344K) Class: 1829K(1856K)->1829K(1856K)
[486.473s][info][gc             ] GC(1113) Pause Young (Prepare Mixed) (G1 Evacuation Pause) 882M->624M(978M) 76.987ms
[486.473s][info][gc,cpu         ] GC(1113) User=0.15s Sys=0.00s Real=0.07s
[486.747s][info][gc,start       ] GC(1114) Pause Young (Mixed) (G1 Evacuation Pause)
[486.747s][info][gc,task        ] GC(1114) Using 2 workers of 2 for evacuation
[486.813s][info][gc,phases      ] GC(1114)   Pre Evacuate Collection Set: 0.31ms
[486.813s][info][gc,phases      ] GC(1114)   Merge Heap Roots: 0.35ms
[486.813s][info][gc,phases      ] GC(1114)   Evacuate Collection Set: 64.74ms
[486.813s][info][gc,phases      ] GC(1114)   Post Evacuate Collection Set: 0.59ms
[486.813s][info][gc,phases      ] GC(1114)   Other: 0.11ms
[486.813s][info][gc,heap        ] GC(1114) Eden regions: 260->0(268)
[486.813s][info][gc,heap        ] GC(1114) Survivor regions: 40->12(38)
[486.814s][info][gc,heap        ] GC(1114) Old regions: 578->608
[486.814s][info][gc,heap        ] GC(1114) Humongous regions: 7->7
[486.814s][info][gc,metaspace   ] GC(1114) Metaspace: 19025K(19200K)->19025K(19200K) NonClass: 17195K(17344K)->17195K(17344K) Class: 1829K(1856K)->1829K(1856K)
[486.814s][info][gc             ] GC(1114) Pause Young (Mixed) (G1 Evacuation Pause) 884M->626M(978M) 66.380ms
[486.814s][info][gc,cpu         ] GC(1114) User=0.13s Sys=0.00s Real=0.06s
[487.176s][info][gc,start       ] GC(1115) Pause Young (Concurrent Start) (G1 Evacuation Pause)
[487.176s][info][gc,task        ] GC(1115) Using 2 workers of 2 for evacuation
[487.221s][info][gc,phases      ] GC(1115)   Pre Evacuate Collection Set: 0.40ms
[487.221s][info][gc,phases      ] GC(1115)   Merge Heap Roots: 0.21ms
[487.221s][info][gc,phases      ] GC(1115)   Evacuate Collection Set: 43.94ms
[487.221s][info][gc,phases      ] GC(1115)   Post Evacuate Collection Set: 0.60ms
[487.221s][info][gc,phases      ] GC(1115)   Other: 0.24ms
[487.221s][info][gc,heap        ] GC(1115) Eden regions: 268->0(243)
[487.221s][info][gc,heap        ] GC(1115) Survivor regions: 12->35(35)
[487.221s][info][gc,heap        ] GC(1115) Old regions: 608->608
[487.221s][info][gc,heap        ] GC(1115) Humongous regions: 7->7
[487.221s][info][gc,metaspace   ] GC(1115) Metaspace: 19025K(19200K)->19025K(19200K) NonClass: 17195K(17344K)->17195K(17344K) Class: 1829K(1856K)->1829K(1856K)
[487.221s][info][gc             ] GC(1115) Pause Young (Concurrent Start) (G1 Evacuation Pause) 894M->649M(978M) 45.694ms
[487.221s][info][gc,cpu         ] GC(1115) User=0.09s Sys=0.00s Real=0.04s
[487.221s][info][gc             ] GC(1116) Concurrent Mark Cycle
[487.222s][info][gc,marking     ] GC(1116) Concurrent Scan Root Regions
[487.296s][info][gc,marking     ] GC(1116) Concurrent Scan Root Regions 74.498ms
[487.296s][info][gc,marking     ] GC(1116) Concurrent Mark
[487.296s][info][gc,marking     ] GC(1116) Concurrent Mark From Roots
[487.296s][info][gc,task        ] GC(1116) Using 1 workers of 1 for marking
[488.339s][info][gc,start       ] GC(1117) Pause Young (Normal) (G1 Evacuation Pause)
[488.340s][info][gc,task        ] GC(1117) Using 2 workers of 2 for evacuation
[488.386s][info][gc,phases      ] GC(1117)   Pre Evacuate Collection Set: 0.32ms
[488.387s][info][gc,phases      ] GC(1117)   Merge Heap Roots: 0.30ms
[488.387s][info][gc,phases      ] GC(1117)   Evacuate Collection Set: 45.67ms
[488.387s][info][gc,phases      ] GC(1117)   Post Evacuate Collection Set: 0.53ms
[488.387s][info][gc,phases      ] GC(1117)   Other: 0.12ms
[488.387s][info][gc,heap        ] GC(1117) Eden regions: 243->0(259)
[488.387s][info][gc,heap        ] GC(1117) Survivor regions: 35->2(35)
[488.387s][info][gc,heap        ] GC(1117) Old regions: 608->643
[488.387s][info][gc,heap        ] GC(1117) Humongous regions: 7->7
[488.387s][info][gc,metaspace   ] GC(1117) Metaspace: 19025K(19200K)->19025K(19200K) NonClass: 17195K(17344K)->17195K(17344K) Class: 1829K(1856K)->1829K(1856K)
[488.387s][info][gc             ] GC(1117) Pause Young (Normal) (G1 Evacuation Pause) 892M->650M(978M) 47.230ms
[488.387s][info][gc,cpu         ] GC(1117) User=0.10s Sys=0.00s Real=0.05s
[489.378s][info][gc,start       ] GC(1118) Pause Young (Normal) (G1 Evacuation Pause)
[489.378s][info][gc,task        ] GC(1118) Using 2 workers of 2 for evacuation
[489.382s][info][gc,phases      ] GC(1118)   Pre Evacuate Collection Set: 0.56ms
[489.382s][info][gc,phases      ] GC(1118)   Merge Heap Roots: 0.14ms
[489.382s][info][gc,phases      ] GC(1118)   Evacuate Collection Set: 2.47ms
[489.382s][info][gc,phases      ] GC(1118)   Post Evacuate Collection Set: 0.47ms
[489.382s][info][gc,phases      ] GC(1118)   Other: 0.10ms
[489.382s][info][gc,heap        ] GC(1118) Eden regions: 259->0(271)
[489.382s][info][gc,heap        ] GC(1118) Survivor regions: 2->2(33)
[489.382s][info][gc,heap        ] GC(1118) Old regions: 643->643
[489.382s][info][gc,heap        ] GC(1118) Humongous regions: 7->7
[489.382s][info][gc,metaspace   ] GC(1118) Metaspace: 19025K(19200K)->19025K(19200K) NonClass: 17195K(17344K)->17195K(17344K) Class: 1829K(1856K)->1829K(1856K)
[489.382s][info][gc             ] GC(1118) Pause Young (Normal) (G1 Evacuation Pause) 909M->650M(978M) 4.001ms
[489.382s][info][gc,cpu         ] GC(1118) User=0.01s Sys=0.00s Real=0.00s
[489.399s][info][gc,marking     ] GC(1116) Concurrent Mark From Roots 2102.518ms
[489.399s][info][gc,marking     ] GC(1116) Concurrent Preclean
[489.399s][info][gc,marking     ] GC(1116) Concurrent Preclean 0.051ms
[489.399s][info][gc,start       ] GC(1116) Pause Remark
[489.408s][info][gc             ] GC(1116) Pause Remark 654M->654M(978M) 8.691ms
[489.408s][info][gc,cpu         ] GC(1116) User=0.02s Sys=0.00s Real=0.01s
[489.408s][info][gc,marking     ] GC(1116) Concurrent Mark 2112.127ms
[489.408s][info][gc,marking     ] GC(1116) Concurrent Rebuild Remembered Sets and Scrub Regions
[489.985s][info][gc,marking     ] GC(1116) Concurrent Rebuild Remembered Sets and Scrub Regions 576.661ms
[489.985s][info][gc,start       ] GC(1116) Pause Cleanup
[489.985s][info][gc             ] GC(1116) Pause Cleanup 792M->792M(978M) 0.136ms
[489.985s][info][gc,cpu         ] GC(1116) User=0.00s Sys=0.00s Real=0.00s
[489.985s][info][gc,marking     ] GC(1116) Concurrent Clear Claimed Marks
[489.985s][info][gc,marking     ] GC(1116) Concurrent Clear Claimed Marks 0.034ms
[489.985s][info][gc,marking     ] GC(1116) Concurrent Cleanup for Next Mark
[489.988s][info][gc,marking     ] GC(1116) Concurrent Cleanup for Next Mark 2.948ms
[489.988s][info][gc             ] GC(1116) Concurrent Mark Cycle 2766.935ms
[490.299s][info][gc,start       ] GC(1119) Pause Young (Prepare Mixed) (G1 Evacuation Pause)
[490.300s][info][gc,task        ] GC(1119) Using 2 workers of 2 for evacuation
[490.304s][info][gc,phases      ] GC(1119)   Pre Evacuate Collection Set: 0.55ms
[490.304s][info][gc,phases      ] GC(1119)   Merge Heap Roots: 0.25ms
[490.304s][info][gc,phases      ] GC(1119)   Evacuate Collection Set: 3.27ms
[490.304s][info][gc,phases      ] GC(1119)   Post Evacuate Collection Set: 0.75ms
[490.304s][info][gc,phases      ] GC(1119)   Other: 0.09ms
[490.304s][info][gc,heap        ] GC(1119) Eden regions: 271->0(274)
[490.305s][info][gc,heap        ] GC(1119) Survivor regions: 2->2(35)
[490.305s][info][gc,heap        ] GC(1119) Old regions: 643->643
[490.305s][info][gc,heap        ] GC(1119) Humongous regions: 7->7
[490.305s][info][gc,metaspace   ] GC(1119) Metaspace: 19025K(19200K)->19025K(19200K) NonClass: 17195K(17344K)->17195K(17344K) Class: 1829K(1856K)->1829K(1856K)
[490.305s][info][gc             ] GC(1119) Pause Young (Prepare Mixed) (G1 Evacuation Pause) 921M->650M(978M) 5.149ms
[490.305s][info][gc,cpu         ] GC(1119) User=0.01s Sys=0.00s Real=0.01s
[490.859s][info][gc,start       ] GC(1120) Pause Young (Mixed) (G1 Evacuation Pause)
[490.859s][info][gc,task        ] GC(1120) Using 2 workers of 2 for evacuation
[490.894s][info][gc,phases      ] GC(1120)   Pre Evacuate Collection Set: 0.33ms
[490.894s][info][gc,phases      ] GC(1120)   Merge Heap Roots: 0.18ms
[490.894s][info][gc,phases      ] GC(1120)   Evacuate Collection Set: 33.21ms
[490.894s][info][gc,phases      ] GC(1120)   Post Evacuate Collection Set: 0.59ms
[490.894s][info][gc,phases      ] GC(1120)   Other: 0.09ms
[490.894s][info][gc,heap        ] GC(1120) Eden regions: 274->0(226)
[490.894s][info][gc,heap        ] GC(1120) Survivor regions: 2->31(35)
[490.894s][info][gc,heap        ] GC(1120) Old regions: 643->633
[490.894s][info][gc,heap        ] GC(1120) Humongous regions: 7->7
[490.894s][info][gc,metaspace   ] GC(1120) Metaspace: 19025K(19200K)->19025K(19200K) NonClass: 17195K(17344K)->17195K(17344K) Class: 1829K(1856K)->1829K(1856K)
[490.894s][info][gc             ] GC(1120) Pause Young (Mixed) (G1 Evacuation Pause) 924M->670M(978M) 34.658ms
[490.894s][info][gc,cpu         ] GC(1120) User=0.06s Sys=0.00s Real=0.03s
[491.182s][info][gc,start       ] GC(1121) Pause Young (Concurrent Start) (G1 Evacuation Pause)
[491.182s][info][gc,task        ] GC(1121) Using 2 workers of 2 for evacuation
[491.258s][info][gc,phases      ] GC(1121)   Pre Evacuate Collection Set: 0.45ms
[491.258s][info][gc,phases      ] GC(1121)   Merge Heap Roots: 0.17ms
[491.258s][info][gc,phases      ] GC(1121)   Evacuate Collection Set: 74.59ms
[491.258s][info][gc,phases      ] GC(1121)   Post Evacuate Collection Set: 0.66ms
[491.258s][info][gc,phases      ] GC(1121)   Other: 0.19ms
[491.258s][info][gc,heap        ] GC(1121) Eden regions: 226->0(177)
[491.258s][info][gc,heap        ] GC(1121) Survivor regions: 31->33(33)
[491.258s][info][gc,heap        ] GC(1121) Old regions: 633->678
[491.258s][info][gc,heap        ] GC(1121) Humongous regions: 7->7
[491.258s][info][gc,metaspace   ] GC(1121) Metaspace: 19025K(19200K)->19025K(19200K) NonClass: 17196K(17344K)->17196K(17344K) Class: 1829K(1856K)->1829K(1856K)
[491.258s][info][gc             ] GC(1121) Pause Young (Concurrent Start) (G1 Evacuation Pause) 896M->717M(978M) 76.325ms
[491.258s][info][gc,cpu         ] GC(1121) User=0.15s Sys=0.00s Real=0.08s
[491.258s][info][gc             ] GC(1122) Concurrent Mark Cycle
[491.259s][info][gc,marking     ] GC(1122) Concurrent Scan Root Regions
[491.347s][info][gc,marking     ] GC(1122) Concurrent Scan Root Regions 87.768ms
[491.347s][info][gc,marking     ] GC(1122) Concurrent Mark
[491.347s][info][gc,marking     ] GC(1122) Concurrent Mark From Roots
[491.347s][info][gc,task        ] GC(1122) Using 1 workers of 1 for marking
[491.716s][info][gc,start       ] GC(1123) Pause Young (Normal) (G1 Evacuation Pause)
[491.716s][info][gc,task        ] GC(1123) Using 2 workers of 2 for evacuation
[491.802s][info][gc,phases      ] GC(1123)   Pre Evacuate Collection Set: 0.35ms
[491.802s][info][gc,phases      ] GC(1123)   Merge Heap Roots: 0.53ms
[491.802s][info][gc,phases      ] GC(1123)   Evacuate Collection Set: 84.32ms
[491.802s][info][gc,phases      ] GC(1123)   Post Evacuate Collection Set: 0.67ms
[491.802s][info][gc,phases      ] GC(1123)   Other: 0.09ms
[491.802s][info][gc,heap        ] GC(1123) Eden regions: 177->0(149)
[491.802s][info][gc,heap        ] GC(1123) Survivor regions: 33->27(27)
[491.802s][info][gc,heap        ] GC(1123) Old regions: 678->715
[491.802s][info][gc,heap        ] GC(1123) Humongous regions: 10->10
[491.802s][info][gc,metaspace   ] GC(1123) Metaspace: 19025K(19200K)->19025K(19200K) NonClass: 17196K(17344K)->17196K(17344K) Class: 1829K(1856K)->1829K(1856K)
[491.802s][info][gc             ] GC(1123) Pause Young (Normal) (G1 Evacuation Pause) 897M->751M(978M) 86.224ms
[491.802s][info][gc,cpu         ] GC(1123) User=0.17s Sys=0.00s Real=0.08s
[492.067s][info][gc,start       ] GC(1124) Pause Young (Normal) (G1 Evacuation Pause)
[492.067s][info][gc,task        ] GC(1124) Using 2 workers of 2 for evacuation
[492.163s][info][gc,phases      ] GC(1124)   Pre Evacuate Collection Set: 0.31ms
[492.163s][info][gc,phases      ] GC(1124)   Merge Heap Roots: 0.36ms
[492.163s][info][gc,phases      ] GC(1124)   Evacuate Collection Set: 94.18ms
[492.163s][info][gc,phases      ] GC(1124)   Post Evacuate Collection Set: 0.59ms
[492.163s][info][gc,phases      ] GC(1124)   Other: 0.08ms
[492.163s][info][gc,heap        ] GC(1124) Eden regions: 149->0(106)
[492.163s][info][gc,heap        ] GC(1124) Survivor regions: 27->22(22)
[492.163s][info][gc,heap        ] GC(1124) Old regions: 715->768
[492.163s][info][gc,heap        ] GC(1124) Humongous regions: 10->10
[492.163s][info][gc,metaspace   ] GC(1124) Metaspace: 19025K(19200K)->19025K(19200K) NonClass: 17196K(17344K)->17196K(17344K) Class: 1829K(1856K)->1829K(1856K)
[492.163s][info][gc             ] GC(1124) Pause Young (Normal) (G1 Evacuation Pause) 900M->799M(978M) 95.795ms
[492.163s][info][gc,cpu         ] GC(1124) User=0.19s Sys=0.00s Real=0.09s
[492.433s][info][gc,start       ] GC(1125) Pause Young (Normal) (G1 Evacuation Pause)
[492.433s][info][gc,task        ] GC(1125) Using 2 workers of 2 for evacuation
[492.482s][info][gc,phases      ] GC(1125)   Pre Evacuate Collection Set: 0.32ms
[492.482s][info][gc,phases      ] GC(1125)   Merge Heap Roots: 0.37ms
[492.482s][info][gc,phases      ] GC(1125)   Evacuate Collection Set: 47.97ms
[492.482s][info][gc,phases      ] GC(1125)   Post Evacuate Collection Set: 0.46ms
[492.483s][info][gc,phases      ] GC(1125)   Other: 0.08ms
[492.483s][info][gc,heap        ] GC(1125) Eden regions: 106->0(89)
[492.483s][info][gc,heap        ] GC(1125) Survivor regions: 22->16(16)
[492.483s][info][gc,heap        ] GC(1125) Old regions: 768->797
[492.483s][info][gc,heap        ] GC(1125) Humongous regions: 10->10
[492.483s][info][gc,metaspace   ] GC(1125) Metaspace: 19025K(19200K)->19025K(19200K) NonClass: 17196K(17344K)->17196K(17344K) Class: 1829K(1856K)->1829K(1856K)
[492.483s][info][gc             ] GC(1125) Pause Young (Normal) (G1 Evacuation Pause) 905M->822M(978M) 49.436ms
[492.483s][info][gc,cpu         ] GC(1125) User=0.10s Sys=0.00s Real=0.05s
[492.683s][info][gc,start       ] GC(1126) Pause Young (Normal) (G1 Evacuation Pause)
[492.683s][info][gc,task        ] GC(1126) Using 2 workers of 2 for evacuation
[492.702s][info][gc,phases      ] GC(1126)   Pre Evacuate Collection Set: 0.53ms
[492.702s][info][gc,phases      ] GC(1126)   Merge Heap Roots: 0.17ms
[492.702s][info][gc,phases      ] GC(1126)   Evacuate Collection Set: 17.35ms
[492.702s][info][gc,phases      ] GC(1126)   Post Evacuate Collection Set: 0.37ms
[492.702s][info][gc,phases      ] GC(1126)   Other: 0.08ms
[492.702s][info][gc,heap        ] GC(1126) Eden regions: 89->0(101)
[492.702s][info][gc,heap        ] GC(1126) Survivor regions: 16->1(14)
[492.702s][info][gc,heap        ] GC(1126) Old regions: 797->813
[492.702s][info][gc,heap        ] GC(1126) Humongous regions: 10->10
[492.702s][info][gc,metaspace   ] GC(1126) Metaspace: 19025K(19200K)->19025K(19200K) NonClass: 17196K(17344K)->17196K(17344K) Class: 1829K(1856K)->1829K(1856K)
[492.702s][info][gc             ] GC(1126) Pause Young (Normal) (G1 Evacuation Pause) 911M->823M(978M) 18.736ms
[492.702s][info][gc,cpu         ] GC(1126) User=0.04s Sys=0.00s Real=0.02s
[492.917s][info][gc,start       ] GC(1127) Pause Young (Normal) (G1 Evacuation Pause)
[492.917s][info][gc,task        ] GC(1127) Using 2 workers of 2 for evacuation
[492.919s][info][gc,phases      ] GC(1127)   Pre Evacuate Collection Set: 0.54ms
[492.919s][info][gc,phases      ] GC(1127)   Merge Heap Roots: 0.07ms
[492.919s][info][gc,phases      ] GC(1127)   Evacuate Collection Set: 0.80ms
[492.919s][info][gc,phases      ] GC(1127)   Post Evacuate Collection Set: 0.35ms
[492.919s][info][gc,phases      ] GC(1127)   Other: 0.09ms
[492.919s][info][gc,heap        ] GC(1127) Eden regions: 101->0(103)
[492.919s][info][gc,heap        ] GC(1127) Survivor regions: 1->1(13)
[492.919s][info][gc,heap        ] GC(1127) Old regions: 813->813
[492.919s][info][gc,heap        ] GC(1127) Humongous regions: 10->10
[492.919s][info][gc,metaspace   ] GC(1127) Metaspace: 19025K(19200K)->19025K(19200K) NonClass: 17196K(17344K)->17196K(17344K) Class: 1829K(1856K)->1829K(1856K)
[492.919s][info][gc             ] GC(1127) Pause Young (Normal) (G1 Evacuation Pause) 924M->823M(978M) 2.098ms
[492.919s][info][gc,cpu         ] GC(1127) User=0.00s Sys=0.00s Real=0.00s
[492.955s][info][gc,marking     ] GC(1122) Concurrent Mark From Roots 1607.731ms
[492.955s][info][gc,marking     ] GC(1122) Concurrent Preclean
[492.955s][info][gc,marking     ] GC(1122) Concurrent Preclean 0.051ms
[492.955s][info][gc,start       ] GC(1122) Pause Remark
[492.964s][info][gc             ] GC(1122) Pause Remark 839M->616M(978M) 8.737ms
[492.964s][info][gc,cpu         ] GC(1122) User=0.01s Sys=0.00s Real=0.00s
[492.964s][info][gc,marking     ] GC(1122) Concurrent Mark 1616.868ms
[492.964s][info][gc,marking     ] GC(1122) Concurrent Rebuild Remembered Sets and Scrub Regions
[493.135s][info][gc,start       ] GC(1128) Pause Young (Normal) (G1 Evacuation Pause)
[493.135s][info][gc,task        ] GC(1128) Using 2 workers of 2 for evacuation
[493.136s][info][gc,phases      ] GC(1128)   Pre Evacuate Collection Set: 0.32ms
[493.136s][info][gc,phases      ] GC(1128)   Merge Heap Roots: 0.07ms
[493.136s][info][gc,phases      ] GC(1128)   Evacuate Collection Set: 1.00ms
[493.137s][info][gc,phases      ] GC(1128)   Post Evacuate Collection Set: 0.32ms
[493.137s][info][gc,phases      ] GC(1128)   Other: 0.09ms
[493.137s][info][gc,heap        ] GC(1128) Eden regions: 103->0(272)
[493.137s][info][gc,heap        ] GC(1128) Survivor regions: 1->1(13)
[493.137s][info][gc,heap        ] GC(1128) Old regions: 593->593
[493.137s][info][gc,heap        ] GC(1128) Humongous regions: 7->7
[493.137s][info][gc,metaspace   ] GC(1128) Metaspace: 19025K(19200K)->19025K(19200K) NonClass: 17196K(17344K)->17196K(17344K) Class: 1829K(1856K)->1829K(1856K)
[493.137s][info][gc             ] GC(1128) Pause Young (Normal) (G1 Evacuation Pause) 703M->600M(978M) 2.019ms
[493.137s][info][gc,cpu         ] GC(1128) User=0.00s Sys=0.00s Real=0.00s
[493.487s][info][gc,marking     ] GC(1122) Concurrent Rebuild Remembered Sets and Scrub Regions 522.391ms
[493.487s][info][gc,start       ] GC(1122) Pause Cleanup
[493.487s][info][gc             ] GC(1122) Pause Cleanup 780M->780M(978M) 0.131ms
[493.487s][info][gc,cpu         ] GC(1122) User=0.00s Sys=0.00s Real=0.00s
[493.487s][info][gc,marking     ] GC(1122) Concurrent Clear Claimed Marks
[493.487s][info][gc,marking     ] GC(1122) Concurrent Clear Claimed Marks 0.034ms
[493.487s][info][gc,marking     ] GC(1122) Concurrent Cleanup for Next Mark
[493.490s][info][gc,marking     ] GC(1122) Concurrent Cleanup for Next Mark 2.925ms
[493.490s][info][gc             ] GC(1122) Concurrent Mark Cycle 2231.553ms
[493.606s][info][gc,start       ] GC(1129) Pause Young (Prepare Mixed) (G1 Evacuation Pause)
[493.606s][info][gc,task        ] GC(1129) Using 2 workers of 2 for evacuation
[493.609s][info][gc,phases      ] GC(1129)   Pre Evacuate Collection Set: 0.56ms
[493.609s][info][gc,phases      ] GC(1129)   Merge Heap Roots: 0.13ms
[493.609s][info][gc,phases      ] GC(1129)   Evacuate Collection Set: 1.76ms
[493.609s][info][gc,phases      ] GC(1129)   Post Evacuate Collection Set: 0.49ms
[493.609s][info][gc,phases      ] GC(1129)   Other: 0.11ms
[493.609s][info][gc,heap        ] GC(1129) Eden regions: 272->0(290)
[493.609s][info][gc,heap        ] GC(1129) Survivor regions: 1->1(35)
[493.609s][info][gc,heap        ] GC(1129) Old regions: 593->593
[493.609s][info][gc,heap        ] GC(1129) Humongous regions: 7->7
[493.609s][info][gc,metaspace   ] GC(1129) Metaspace: 19025K(19200K)->19025K(19200K) NonClass: 17196K(17344K)->17196K(17344K) Class: 1829K(1856K)->1829K(1856K)
[493.609s][info][gc             ] GC(1129) Pause Young (Prepare Mixed) (G1 Evacuation Pause) 872M->600M(978M) 3.341ms
[493.609s][info][gc,cpu         ] GC(1129) User=0.00s Sys=0.00s Real=0.00s
[493.966s][info][gc,start       ] GC(1130) Pause Young (Mixed) (G1 Evacuation Pause)
[493.966s][info][gc,task        ] GC(1130) Using 2 workers of 2 for evacuation
[493.970s][info][gc,phases      ] GC(1130)   Pre Evacuate Collection Set: 0.37ms
[493.970s][info][gc,phases      ] GC(1130)   Merge Heap Roots: 0.14ms
[493.970s][info][gc,phases      ] GC(1130)   Evacuate Collection Set: 2.60ms
[493.970s][info][gc,phases      ] GC(1130)   Post Evacuate Collection Set: 0.51ms
[493.970s][info][gc,phases      ] GC(1130)   Other: 0.10ms
[493.970s][info][gc,heap        ] GC(1130) Eden regions: 290->0(323)
[493.970s][info][gc,heap        ] GC(1130) Survivor regions: 1->1(37)
[493.970s][info][gc,heap        ] GC(1130) Old regions: 593->568
[493.970s][info][gc,heap        ] GC(1130) Humongous regions: 7->7
[493.970s][info][gc,metaspace   ] GC(1130) Metaspace: 19025K(19200K)->19025K(19200K) NonClass: 17196K(17344K)->17196K(17344K) Class: 1829K(1856K)->1829K(1856K)
[493.970s][info][gc             ] GC(1130) Pause Young (Mixed) (G1 Evacuation Pause) 890M->574M(978M) 3.972ms
[493.970s][info][gc,cpu         ] GC(1130) User=0.00s Sys=0.00s Real=0.00s
[494.290s][info][gc,start       ] GC(1131) Pause Young (Concurrent Start) (G1 Humongous Allocation)
[494.290s][info][gc,task        ] GC(1131) Using 2 workers of 2 for evacuation
[494.319s][info][gc,phases      ] GC(1131)   Pre Evacuate Collection Set: 0.34ms
[494.319s][info][gc,phases      ] GC(1131)   Merge Heap Roots: 0.37ms
[494.319s][info][gc,phases      ] GC(1131)   Evacuate Collection Set: 28.08ms
[494.319s][info][gc,phases      ] GC(1131)   Post Evacuate Collection Set: 0.70ms
[494.319s][info][gc,phases      ] GC(1131)   Other: 0.16ms
[494.319s][info][gc,heap        ] GC(1131) Eden regions: 247->0(324)
[494.319s][info][gc,heap        ] GC(1131) Survivor regions: 1->10(41)
[494.319s][info][gc,heap        ] GC(1131) Old regions: 568->568
[494.319s][info][gc,heap        ] GC(1131) Humongous regions: 7->7
[494.319s][info][gc,metaspace   ] GC(1131) Metaspace: 19025K(19200K)->19025K(19200K) NonClass: 17196K(17344K)->17196K(17344K) Class: 1829K(1856K)->1829K(1856K)
[494.319s][info][gc             ] GC(1131) Pause Young (Concurrent Start) (G1 Humongous Allocation) 821M->583M(978M) 29.876ms
[494.319s][info][gc,cpu         ] GC(1131) User=0.05s Sys=0.00s Real=0.03s
[494.319s][info][gc             ] GC(1132) Concurrent Mark Cycle
[494.319s][info][gc,marking     ] GC(1132) Concurrent Scan Root Regions
[494.355s][info][gc,marking     ] GC(1132) Concurrent Scan Root Regions 35.750ms
[494.355s][info][gc,marking     ] GC(1132) Concurrent Mark
[494.355s][info][gc,marking     ] GC(1132) Concurrent Mark From Roots
[494.355s][info][gc,task        ] GC(1132) Using 1 workers of 1 for marking
[495.057s][info][gc,marking     ] GC(1132) Concurrent Mark From Roots 701.278ms
[495.057s][info][gc,marking     ] GC(1132) Concurrent Preclean
[495.057s][info][gc,marking     ] GC(1132) Concurrent Preclean 0.054ms
[495.057s][info][gc,start       ] GC(1132) Pause Remark
[495.066s][info][gc             ] GC(1132) Pause Remark 792M->577M(978M) 8.781ms
[495.066s][info][gc,cpu         ] GC(1132) User=0.02s Sys=0.00s Real=0.01s
[495.066s][info][gc,marking     ] GC(1132) Concurrent Mark 711.216ms
[495.067s][info][gc,marking     ] GC(1132) Concurrent Rebuild Remembered Sets and Scrub Regions
[495.290s][info][gc,marking     ] GC(1132) Concurrent Rebuild Remembered Sets and Scrub Regions 223.525ms
[495.290s][info][gc,start       ] GC(1132) Pause Cleanup
[495.290s][info][gc             ] GC(1132) Pause Cleanup 678M->678M(978M) 0.163ms
[495.290s][info][gc,cpu         ] GC(1132) User=0.00s Sys=0.00s Real=0.00s
[495.291s][info][gc,marking     ] GC(1132) Concurrent Clear Claimed Marks
[495.291s][info][gc,marking     ] GC(1132) Concurrent Clear Claimed Marks 0.064ms
[495.291s][info][gc,marking     ] GC(1132) Concurrent Cleanup for Next Mark
[495.298s][info][gc,marking     ] GC(1132) Concurrent Cleanup for Next Mark 6.844ms
[495.298s][info][gc             ] GC(1132) Concurrent Mark Cycle 978.789ms
[495.318s][info][gc,start       ] GC(1133) Pause Young (Prepare Mixed) (G1 Evacuation Pause)
[495.318s][info][gc,task        ] GC(1133) Using 2 workers of 2 for evacuation
[495.364s][info][gc,phases      ] GC(1133)   Pre Evacuate Collection Set: 0.55ms
[495.364s][info][gc,phases      ] GC(1133)   Merge Heap Roots: 0.72ms
[495.364s][info][gc,phases      ] GC(1133)   Evacuate Collection Set: 44.67ms
[495.364s][info][gc,phases      ] GC(1133)   Post Evacuate Collection Set: 0.73ms
[495.364s][info][gc,phases      ] GC(1133)   Other: 0.10ms
[495.364s][info][gc,heap        ] GC(1133) Eden regions: 324->0(446)
[495.364s][info][gc,heap        ] GC(1133) Survivor regions: 10->21(42)
[495.364s][info][gc,heap        ] GC(1133) Old regions: 358->358
[495.364s][info][gc,heap        ] GC(1133) Humongous regions: 5->5
[495.364s][info][gc,metaspace   ] GC(1133) Metaspace: 19025K(19200K)->19025K(19200K) NonClass: 17196K(17344K)->17196K(17344K) Class: 1829K(1856K)->1829K(1856K)
[495.365s][info][gc             ] GC(1133) Pause Young (Prepare Mixed) (G1 Evacuation Pause) 695M->382M(978M) 47.002ms
[495.365s][info][gc,cpu         ] GC(1133) User=0.09s Sys=0.00s Real=0.05s
[495.955s][info][gc,start       ] GC(1134) Pause Young (Mixed) (G1 Evacuation Pause)
[495.955s][info][gc,task        ] GC(1134) Using 2 workers of 2 for evacuation
[496.043s][info][gc,phases      ] GC(1134)   Pre Evacuate Collection Set: 0.59ms
[496.044s][info][gc,phases      ] GC(1134)   Merge Heap Roots: 0.56ms
[496.044s][info][gc,phases      ] GC(1134)   Evacuate Collection Set: 86.49ms
[496.044s][info][gc,phases      ] GC(1134)   Post Evacuate Collection Set: 0.94ms
[496.044s][info][gc,phases      ] GC(1134)   Other: 0.13ms
[496.044s][info][gc,heap        ] GC(1134) Eden regions: 446->0(486)
[496.044s][info][gc,heap        ] GC(1134) Survivor regions: 21->54(59)
[496.044s][info][gc,heap        ] GC(1134) Old regions: 358->260
[496.044s][info][gc,heap        ] GC(1134) Humongous regions: 5->5
[496.044s][info][gc,metaspace   ] GC(1134) Metaspace: 19027K(19200K)->19027K(19200K) NonClass: 17197K(17344K)->17197K(17344K) Class: 1829K(1856K)->1829K(1856K)
[496.044s][info][gc             ] GC(1134) Pause Young (Mixed) (G1 Evacuation Pause) 828M->318M(978M) 88.959ms
[496.044s][info][gc,cpu         ] GC(1134) User=0.17s Sys=0.00s Real=0.08s
[496.507s][info][gc,start       ] GC(1135) Pause Young (Mixed) (G1 Evacuation Pause)
[496.507s][info][gc,task        ] GC(1135) Using 2 workers of 2 for evacuation
[496.604s][info][gc,phases      ] GC(1135)   Pre Evacuate Collection Set: 0.31ms
[496.604s][info][gc,phases      ] GC(1135)   Merge Heap Roots: 0.58ms
[496.604s][info][gc,phases      ] GC(1135)   Evacuate Collection Set: 94.60ms
[496.604s][info][gc,phases      ] GC(1135)   Post Evacuate Collection Set: 0.80ms
[496.604s][info][gc,phases      ] GC(1135)   Other: 0.10ms
[496.604s][info][gc,heap        ] GC(1135) Eden regions: 486->0(507)
[496.604s][info][gc,heap        ] GC(1135) Survivor regions: 54->43(68)
[496.604s][info][gc,heap        ] GC(1135) Old regions: 260->267
[496.604s][info][gc,heap        ] GC(1135) Humongous regions: 5->5
[496.604s][info][gc,metaspace   ] GC(1135) Metaspace: 19029K(19200K)->19029K(19200K) NonClass: 17200K(17344K)->17200K(17344K) Class: 1829K(1856K)->1829K(1856K)
[496.604s][info][gc             ] GC(1135) Pause Young (Mixed) (G1 Evacuation Pause) 804M->314M(978M) 96.678ms
[496.604s][info][gc,cpu         ] GC(1135) User=0.19s Sys=0.00s Real=0.09s
[497.187s][info][gc,start       ] GC(1136) Pause Young (Concurrent Start) (G1 Evacuation Pause)
[497.187s][info][gc,task        ] GC(1136) Using 2 workers of 2 for evacuation
[497.322s][info][gc,phases      ] GC(1136)   Pre Evacuate Collection Set: 0.33ms
[497.322s][info][gc,phases      ] GC(1136)   Merge Heap Roots: 0.53ms
[497.322s][info][gc,phases      ] GC(1136)   Evacuate Collection Set: 133.09ms
[497.322s][info][gc,phases      ] GC(1136)   Post Evacuate Collection Set: 0.86ms
[497.322s][info][gc,phases      ] GC(1136)   Other: 0.14ms
[497.322s][info][gc,heap        ] GC(1136) Eden regions: 507->0(426)
[497.322s][info][gc,heap        ] GC(1136) Survivor regions: 43->69(69)
[497.322s][info][gc,heap        ] GC(1136) Old regions: 267->304
[497.322s][info][gc,heap        ] GC(1136) Humongous regions: 5->5
[497.322s][info][gc,metaspace   ] GC(1136) Metaspace: 19029K(19200K)->19029K(19200K) NonClass: 17200K(17344K)->17200K(17344K) Class: 1829K(1856K)->1829K(1856K)
[497.322s][info][gc             ] GC(1136) Pause Young (Concurrent Start) (G1 Evacuation Pause) 821M->377M(978M) 135.228ms
[497.322s][info][gc             ] GC(1137) Concurrent Mark Cycle
[497.322s][info][gc,marking     ] GC(1137) Concurrent Scan Root Regions
[497.324s][info][gc,cpu         ] GC(1136) User=0.27s Sys=0.00s Real=0.14s
[497.530s][info][gc,marking     ] GC(1137) Concurrent Scan Root Regions 207.876ms
[497.530s][info][gc,marking     ] GC(1137) Concurrent Mark
[497.530s][info][gc,marking     ] GC(1137) Concurrent Mark From Roots
[497.530s][info][gc,task        ] GC(1137) Using 1 workers of 1 for marking
[498.104s][info][gc,start       ] GC(1138) Pause Young (Normal) (G1 Evacuation Pause)
[498.104s][info][gc,task        ] GC(1138) Using 2 workers of 2 for evacuation
[498.200s][info][gc,phases      ] GC(1138)   Pre Evacuate Collection Set: 0.33ms
[498.200s][info][gc,phases      ] GC(1138)   Merge Heap Roots: 0.35ms
[498.200s][info][gc,phases      ] GC(1138)   Evacuate Collection Set: 94.11ms
[498.200s][info][gc,phases      ] GC(1138)   Post Evacuate Collection Set: 0.77ms
[498.200s][info][gc,phases      ] GC(1138)   Other: 0.12ms
[498.200s][info][gc,heap        ] GC(1138) Eden regions: 447->0(455)
[498.200s][info][gc,heap        ] GC(1138) Survivor regions: 69->12(65)
[498.200s][info][gc,heap        ] GC(1138) Old regions: 304->373
[498.200s][info][gc,heap        ] GC(1138) Humongous regions: 5->5
[498.200s][info][gc,metaspace   ] GC(1138) Metaspace: 19029K(19200K)->19029K(19200K) NonClass: 17200K(17344K)->17200K(17344K) Class: 1829K(1856K)->1829K(1856K)
[498.200s][info][gc             ] GC(1138) Pause Young (Normal) (G1 Evacuation Pause) 824M->389M(978M) 95.977ms
[498.200s][info][gc,cpu         ] GC(1138) User=0.19s Sys=0.00s Real=0.10s
[498.299s][info][gc,marking     ] GC(1137) Concurrent Mark From Roots 768.777ms
[498.299s][info][gc,marking     ] GC(1137) Concurrent Preclean
[498.299s][info][gc,marking     ] GC(1137) Concurrent Preclean 0.050ms
[498.299s][info][gc,start       ] GC(1137) Pause Remark
[498.308s][info][gc             ] GC(1137) Pause Remark 482M->481M(978M) 8.661ms
[498.308s][info][gc,cpu         ] GC(1137) User=0.01s Sys=0.00s Real=0.01s
[498.308s][info][gc,marking     ] GC(1137) Concurrent Mark 777.820ms
[498.308s][info][gc,marking     ] GC(1137) Concurrent Rebuild Remembered Sets and Scrub Regions
[498.642s][info][gc,marking     ] GC(1137) Concurrent Rebuild Remembered Sets and Scrub Regions 334.652ms
[498.643s][info][gc,start       ] GC(1137) Pause Cleanup
[498.643s][info][gc             ] GC(1137) Pause Cleanup 613M->613M(978M) 0.106ms
[498.643s][info][gc,cpu         ] GC(1137) User=0.00s Sys=0.00s Real=0.00s
[498.643s][info][gc,marking     ] GC(1137) Concurrent Clear Claimed Marks
[498.643s][info][gc,marking     ] GC(1137) Concurrent Clear Claimed Marks 0.032ms
[498.643s][info][gc,marking     ] GC(1137) Concurrent Cleanup for Next Mark
[498.646s][info][gc,marking     ] GC(1137) Concurrent Cleanup for Next Mark 2.926ms
[498.646s][info][gc             ] GC(1137) Concurrent Mark Cycle 1323.879ms
[499.175s][info][gc,start       ] GC(1139) Pause Young (Prepare Mixed) (G1 Evacuation Pause)
[499.175s][info][gc,task        ] GC(1139) Using 2 workers of 2 for evacuation
[499.215s][info][gc,phases      ] GC(1139)   Pre Evacuate Collection Set: 0.35ms
[499.215s][info][gc,phases      ] GC(1139)   Merge Heap Roots: 0.38ms
[499.215s][info][gc,phases      ] GC(1139)   Evacuate Collection Set: 38.38ms
[499.215s][info][gc,phases      ] GC(1139)   Post Evacuate Collection Set: 0.76ms
[499.215s][info][gc,phases      ] GC(1139)   Other: 0.12ms
[499.215s][info][gc,heap        ] GC(1139) Eden regions: 455->0(454)
[499.215s][info][gc,heap        ] GC(1139) Survivor regions: 12->29(59)
[499.215s][info][gc,heap        ] GC(1139) Old regions: 373->373
[499.215s][info][gc,heap        ] GC(1139) Humongous regions: 4->4
[499.215s][info][gc,metaspace   ] GC(1139) Metaspace: 19029K(19200K)->19029K(19200K) NonClass: 17200K(17344K)->17200K(17344K) Class: 1829K(1856K)->1829K(1856K)
[499.215s][info][gc             ] GC(1139) Pause Young (Prepare Mixed) (G1 Evacuation Pause) 843M->405M(978M) 40.278ms
[499.215s][info][gc,cpu         ] GC(1139) User=0.08s Sys=0.00s Real=0.04s
[500.319s][info][gc,start       ] GC(1140) Pause Young (Mixed) (G1 Evacuation Pause)
[500.319s][info][gc,task        ] GC(1140) Using 2 workers of 2 for evacuation
[500.358s][info][gc,phases      ] GC(1140)   Pre Evacuate Collection Set: 0.36ms
[500.358s][info][gc,phases      ] GC(1140)   Merge Heap Roots: 0.35ms
[500.358s][info][gc,phases      ] GC(1140)   Evacuate Collection Set: 37.01ms
[500.358s][info][gc,phases      ] GC(1140)   Post Evacuate Collection Set: 0.74ms
[500.358s][info][gc,phases      ] GC(1140)   Other: 0.12ms
[500.358s][info][gc,heap        ] GC(1140) Eden regions: 454->0(479)
[500.358s][info][gc,heap        ] GC(1140) Survivor regions: 29->29(61)
[500.358s][info][gc,heap        ] GC(1140) Old regions: 373->365
[500.358s][info][gc,heap        ] GC(1140) Humongous regions: 4->4
[500.358s][info][gc,metaspace   ] GC(1140) Metaspace: 19029K(19200K)->19029K(19200K) NonClass: 17200K(17344K)->17200K(17344K) Class: 1829K(1856K)->1829K(1856K)
[500.358s][info][gc             ] GC(1140) Pause Young (Mixed) (G1 Evacuation Pause) 859M->397M(978M) 38.846ms
[500.358s][info][gc,cpu         ] GC(1140) User=0.08s Sys=0.00s Real=0.04s
[500.890s][info][gc,start       ] GC(1141) Pause Young (Concurrent Start) (G1 Evacuation Pause)
[500.891s][info][gc,task        ] GC(1141) Using 2 workers of 2 for evacuation
[501.105s][info][gc,mmu         ] GC(1141) MMU target violated: 201.0ms (200.0ms/201.0ms)
[501.105s][info][gc,phases      ] GC(1141)   Pre Evacuate Collection Set: 0.32ms
[501.105s][info][gc,phases      ] GC(1141)   Merge Heap Roots: 0.33ms
[501.105s][info][gc,phases      ] GC(1141)   Evacuate Collection Set: 188.87ms
[501.105s][info][gc,phases      ] GC(1141)   Post Evacuate Collection Set: 25.10ms
[501.105s][info][gc,phases      ] GC(1141)   Other: 0.22ms
[501.105s][info][gc,heap        ] GC(1141) Eden regions: 479->0(138)
[501.105s][info][gc,heap        ] GC(1141) Survivor regions: 29->64(64)
[501.105s][info][gc,heap        ] GC(1141) Old regions: 365->658
[501.105s][info][gc,heap        ] GC(1141) Humongous regions: 4->4
[501.105s][info][gc,metaspace   ] GC(1141) Metaspace: 19029K(19200K)->19029K(19200K) NonClass: 17200K(17344K)->17200K(17344K) Class: 1829K(1856K)->1829K(1856K)
[501.106s][info][gc             ] GC(1141) Pause Young (Concurrent Start) (G1 Evacuation Pause) (Evacuation Failure: Allocation) 876M->725M(978M) 215.025ms
[501.106s][info][gc,cpu         ] GC(1141) User=0.43s Sys=0.00s Real=0.22s
[501.106s][info][gc             ] GC(1142) Concurrent Mark Cycle
[501.107s][info][gc,marking     ] GC(1142) Concurrent Scan Root Regions
[501.380s][info][gc,marking     ] GC(1142) Concurrent Scan Root Regions 272.879ms
[501.380s][info][gc,marking     ] GC(1142) Concurrent Mark
[501.380s][info][gc,marking     ] GC(1142) Concurrent Mark From Roots
[501.380s][info][gc,task        ] GC(1142) Using 1 workers of 1 for marking
[501.502s][info][gc,start       ] GC(1143) Pause Young (Normal) (G1 Evacuation Pause)
[501.502s][info][gc,task        ] GC(1143) Using 2 workers of 2 for evacuation
[501.712s][info][gc,mmu         ] GC(1143) MMU target violated: 201.0ms (200.0ms/201.0ms)
[501.712s][info][gc,phases      ] GC(1143)   Pre Evacuate Collection Set: 0.38ms
[501.712s][info][gc,phases      ] GC(1143)   Merge Heap Roots: 1.18ms
[501.712s][info][gc,phases      ] GC(1143)   Evacuate Collection Set: 191.15ms
[501.712s][info][gc,phases      ] GC(1143)   Post Evacuate Collection Set: 16.71ms
[501.712s][info][gc,phases      ] GC(1143)   Other: 0.16ms
[501.712s][info][gc,heap        ] GC(1143) Eden regions: 138->0(31)
[501.712s][info][gc,heap        ] GC(1143) Survivor regions: 64->26(26)
[501.712s][info][gc,heap        ] GC(1143) Old regions: 658->841
[501.712s][info][gc,heap        ] GC(1143) Humongous regions: 4->4
[501.712s][info][gc,metaspace   ] GC(1143) Metaspace: 19029K(19200K)->19029K(19200K) NonClass: 17200K(17344K)->17200K(17344K) Class: 1829K(1856K)->1829K(1856K)
[501.712s][info][gc             ] GC(1143) Pause Young (Normal) (G1 Evacuation Pause) (Evacuation Failure: Allocation) 863M->870M(978M) 209.785ms
[501.712s][info][gc,cpu         ] GC(1143) User=0.42s Sys=0.00s Real=0.21s
[501.931s][info][gc,start       ] GC(1144) Pause Young (Normal) (G1 Evacuation Pause)
[501.932s][info][gc,task        ] GC(1144) Using 2 workers of 2 for evacuation
[502.000s][info][gc,phases      ] GC(1144)   Pre Evacuate Collection Set: 0.62ms
[502.000s][info][gc,phases      ] GC(1144)   Merge Heap Roots: 0.67ms
[502.000s][info][gc,phases      ] GC(1144)   Evacuate Collection Set: 66.62ms
[502.000s][info][gc,phases      ] GC(1144)   Post Evacuate Collection Set: 0.60ms
[502.000s][info][gc,phases      ] GC(1144)   Other: 0.11ms
[502.000s][info][gc,heap        ] GC(1144) Eden regions: 31->0(218)
[502.000s][info][gc,heap        ] GC(1144) Survivor regions: 26->5(8)
[502.000s][info][gc,heap        ] GC(1144) Old regions: 841->669
[502.000s][info][gc,heap        ] GC(1144) Humongous regions: 4->4
[502.000s][info][gc,metaspace   ] GC(1144) Metaspace: 19029K(19200K)->19029K(19200K) NonClass: 17200K(17344K)->17200K(17344K) Class: 1829K(1856K)->1829K(1856K)
[502.000s][info][gc             ] GC(1144) Pause Young (Normal) (G1 Evacuation Pause) 901M->677M(978M) 68.899ms
[502.000s][info][gc,cpu         ] GC(1144) User=0.13s Sys=0.00s Real=0.07s
[502.477s][info][gc,start       ] GC(1145) Pause Young (Normal) (G1 Evacuation Pause)
[502.477s][info][gc,task        ] GC(1145) Using 2 workers of 2 for evacuation
[502.565s][info][gc,phases      ] GC(1145)   Pre Evacuate Collection Set: 0.57ms
[502.565s][info][gc,phases      ] GC(1145)   Merge Heap Roots: 1.12ms
[502.565s][info][gc,phases      ] GC(1145)   Evacuate Collection Set: 85.39ms
[502.565s][info][gc,phases      ] GC(1145)   Post Evacuate Collection Set: 0.86ms
[502.565s][info][gc,phases      ] GC(1145)   Other: 0.11ms
[502.565s][info][gc,heap        ] GC(1145) Eden regions: 218->0(252)
[502.565s][info][gc,heap        ] GC(1145) Survivor regions: 5->24(28)
[502.565s][info][gc,heap        ] GC(1145) Old regions: 669->609
[502.565s][info][gc,heap        ] GC(1145) Humongous regions: 7->7
[502.565s][info][gc,metaspace   ] GC(1145) Metaspace: 19029K(19200K)->19029K(19200K) NonClass: 17200K(17344K)->17200K(17344K) Class: 1829K(1856K)->1829K(1856K)
[502.565s][info][gc             ] GC(1145) Pause Young (Normal) (G1 Evacuation Pause) 898M->638M(978M) 88.306ms
[502.565s][info][gc,cpu         ] GC(1145) User=0.17s Sys=0.00s Real=0.09s
[503.004s][info][gc,marking     ] GC(1142) Concurrent Mark From Roots 1623.948ms
[503.004s][info][gc,marking     ] GC(1142) Concurrent Preclean
[503.004s][info][gc,marking     ] GC(1142) Concurrent Preclean 0.053ms
[503.004s][info][gc,start       ] GC(1142) Pause Remark
[503.013s][info][gc             ] GC(1142) Pause Remark 792M->792M(978M) 8.708ms
[503.013s][info][gc,cpu         ] GC(1142) User=0.02s Sys=0.01s Real=0.00s
[503.014s][info][gc,marking     ] GC(1142) Concurrent Mark 1633.771ms
[503.014s][info][gc,marking     ] GC(1142) Concurrent Rebuild Remembered Sets and Scrub Regions
[503.233s][info][gc,start       ] GC(1146) Pause Young (Normal) (G1 Evacuation Pause)
[503.233s][info][gc,task        ] GC(1146) Using 2 workers of 2 for evacuation
[503.366s][info][gc,phases      ] GC(1146)   Pre Evacuate Collection Set: 0.35ms
[503.366s][info][gc,phases      ] GC(1146)   Merge Heap Roots: 1.25ms
[503.366s][info][gc,phases      ] GC(1146)   Evacuate Collection Set: 130.85ms
[503.366s][info][gc,phases      ] GC(1146)   Post Evacuate Collection Set: 0.72ms
[503.366s][info][gc,phases      ] GC(1146)   Other: 0.09ms
[503.366s][info][gc,heap        ] GC(1146) Eden regions: 252->0(227)
[503.366s][info][gc,heap        ] GC(1146) Survivor regions: 24->29(35)
[503.366s][info][gc,heap        ] GC(1146) Old regions: 609->620
[503.366s][info][gc,heap        ] GC(1146) Humongous regions: 13->13
[503.366s][info][gc,metaspace   ] GC(1146) Metaspace: 19029K(19200K)->19029K(19200K) NonClass: 17200K(17344K)->17200K(17344K) Class: 1829K(1856K)->1829K(1856K)
[503.366s][info][gc             ] GC(1146) Pause Young (Normal) (G1 Evacuation Pause) 896M->661M(978M) 133.570ms
[503.366s][info][gc,cpu         ] GC(1146) User=0.27s Sys=0.00s Real=0.14s
[503.886s][info][gc,start       ] GC(1147) Pause Young (Normal) (G1 Evacuation Pause)
[503.886s][info][gc,task        ] GC(1147) Using 2 workers of 2 for evacuation
[503.949s][info][gc,phases      ] GC(1147)   Pre Evacuate Collection Set: 0.34ms
[503.949s][info][gc,phases      ] GC(1147)   Merge Heap Roots: 0.68ms
[503.949s][info][gc,phases      ] GC(1147)   Evacuate Collection Set: 61.61ms
[503.949s][info][gc,phases      ] GC(1147)   Post Evacuate Collection Set: 0.51ms
[503.949s][info][gc,phases      ] GC(1147)   Other: 0.11ms
[503.949s][info][gc,heap        ] GC(1147) Eden regions: 227->0(242)
[503.949s][info][gc,heap        ] GC(1147) Survivor regions: 29->1(32)
[503.949s][info][gc,heap        ] GC(1147) Old regions: 620->649
[503.949s][info][gc,heap        ] GC(1147) Humongous regions: 13->13
[503.949s][info][gc,metaspace   ] GC(1147) Metaspace: 19029K(19200K)->19029K(19200K) NonClass: 17200K(17344K)->17200K(17344K) Class: 1829K(1856K)->1829K(1856K)
[503.949s][info][gc             ] GC(1147) Pause Young (Normal) (G1 Evacuation Pause) 888M->662M(978M) 63.499ms
[503.949s][info][gc,cpu         ] GC(1147) User=0.12s Sys=0.00s Real=0.06s
[504.001s][info][gc,marking     ] GC(1142) Concurrent Rebuild Remembered Sets and Scrub Regions 987.406ms
[504.003s][info][gc,start       ] GC(1142) Pause Cleanup
[504.003s][info][gc             ] GC(1142) Pause Cleanup 686M->686M(978M) 0.131ms
[504.003s][info][gc,cpu         ] GC(1142) User=0.00s Sys=0.00s Real=0.00s
[504.003s][info][gc,marking     ] GC(1142) Concurrent Clear Claimed Marks
[504.003s][info][gc,marking     ] GC(1142) Concurrent Clear Claimed Marks 0.036ms
[504.003s][info][gc,marking     ] GC(1142) Concurrent Cleanup for Next Mark
[504.008s][info][gc,marking     ] GC(1142) Concurrent Cleanup for Next Mark 4.943ms
[504.008s][info][gc             ] GC(1142) Concurrent Mark Cycle 2902.544ms
[504.371s][info][gc,start       ] GC(1148) Pause Young (Prepare Mixed) (G1 Evacuation Pause)
[504.371s][info][gc,task        ] GC(1148) Using 2 workers of 2 for evacuation
[504.372s][info][gc,phases      ] GC(1148)   Pre Evacuate Collection Set: 0.33ms
[504.372s][info][gc,phases      ] GC(1148)   Merge Heap Roots: 0.09ms
[504.372s][info][gc,phases      ] GC(1148)   Evacuate Collection Set: 0.31ms
[504.372s][info][gc,phases      ] GC(1148)   Post Evacuate Collection Set: 0.43ms
[504.372s][info][gc,phases      ] GC(1148)   Other: 0.12ms
[504.372s][info][gc,heap        ] GC(1148) Eden regions: 242->0(256)
[504.372s][info][gc,heap        ] GC(1148) Survivor regions: 1->1(31)
[504.372s][info][gc,heap        ] GC(1148) Old regions: 649->649
[504.372s][info][gc,heap        ] GC(1148) Humongous regions: 13->13
[504.372s][info][gc,metaspace   ] GC(1148) Metaspace: 19029K(19200K)->19029K(19200K) NonClass: 17200K(17344K)->17200K(17344K) Class: 1829K(1856K)->1829K(1856K)
[504.373s][info][gc             ] GC(1148) Pause Young (Prepare Mixed) (G1 Evacuation Pause) 904M->662M(978M) 1.493ms
[504.373s][info][gc,cpu         ] GC(1148) User=0.00s Sys=0.00s Real=0.00s
[504.803s][info][gc,start       ] GC(1149) Pause Young (Mixed) (G1 Evacuation Pause)
[504.803s][info][gc,task        ] GC(1149) Using 2 workers of 2 for evacuation
[504.807s][info][gc,phases      ] GC(1149)   Pre Evacuate Collection Set: 0.55ms
[504.807s][info][gc,phases      ] GC(1149)   Merge Heap Roots: 0.14ms
[504.807s][info][gc,phases      ] GC(1149)   Evacuate Collection Set: 2.71ms
[504.807s][info][gc,phases      ] GC(1149)   Post Evacuate Collection Set: 0.48ms
[504.807s][info][gc,phases      ] GC(1149)   Other: 0.13ms
[504.807s][info][gc,heap        ] GC(1149) Eden regions: 256->0(272)
[504.807s][info][gc,heap        ] GC(1149) Survivor regions: 1->1(33)
[504.807s][info][gc,heap        ] GC(1149) Old regions: 649->641
[504.807s][info][gc,heap        ] GC(1149) Humongous regions: 13->13
[504.808s][info][gc,metaspace   ] GC(1149) Metaspace: 19029K(19200K)->19029K(19200K) NonClass: 17200K(17344K)->17200K(17344K) Class: 1829K(1856K)->1829K(1856K)
[504.808s][info][gc             ] GC(1149) Pause Young (Mixed) (G1 Evacuation Pause) 918M->653M(978M) 4.231ms
[504.808s][info][gc,cpu         ] GC(1149) User=0.01s Sys=0.00s Real=0.01s
[505.248s][info][gc,start       ] GC(1150) Pause Young (Concurrent Start) (G1 Evacuation Pause)
[505.248s][info][gc,task        ] GC(1150) Using 2 workers of 2 for evacuation
[505.260s][info][gc,phases      ] GC(1150)   Pre Evacuate Collection Set: 0.32ms
[505.260s][info][gc,phases      ] GC(1150)   Merge Heap Roots: 0.14ms
[505.260s][info][gc,phases      ] GC(1150)   Evacuate Collection Set: 10.20ms
[505.260s][info][gc,phases      ] GC(1150)   Post Evacuate Collection Set: 0.51ms
[505.260s][info][gc,phases      ] GC(1150)   Other: 0.12ms
[505.260s][info][gc,heap        ] GC(1150) Eden regions: 272->0(260)
[505.260s][info][gc,heap        ] GC(1150) Survivor regions: 1->7(35)
[505.260s][info][gc,heap        ] GC(1150) Old regions: 641->641
[505.260s][info][gc,heap        ] GC(1150) Humongous regions: 13->13
[505.260s][info][gc,metaspace   ] GC(1150) Metaspace: 19029K(19200K)->19029K(19200K) NonClass: 17200K(17344K)->17200K(17344K) Class: 1829K(1856K)->1829K(1856K)
[505.260s][info][gc             ] GC(1150) Pause Young (Concurrent Start) (G1 Evacuation Pause) 925M->660M(978M) 11.556ms
[505.260s][info][gc             ] GC(1151) Concurrent Mark Cycle
[505.260s][info][gc,marking     ] GC(1151) Concurrent Scan Root Regions
[505.260s][info][gc,cpu         ] GC(1150) User=0.02s Sys=0.00s Real=0.01s
[505.271s][info][gc,marking     ] GC(1151) Concurrent Scan Root Regions 11.496ms
[505.271s][info][gc,marking     ] GC(1151) Concurrent Mark
[505.271s][info][gc,marking     ] GC(1151) Concurrent Mark From Roots
[505.271s][info][gc,task        ] GC(1151) Using 1 workers of 1 for marking
[505.816s][info][gc,start       ] GC(1152) Pause Young (Normal) (G1 Evacuation Pause)
[505.816s][info][gc,task        ] GC(1152) Using 2 workers of 2 for evacuation
[505.858s][info][gc,phases      ] GC(1152)   Pre Evacuate Collection Set: 0.56ms
[505.858s][info][gc,phases      ] GC(1152)   Merge Heap Roots: 0.16ms
[505.858s][info][gc,phases      ] GC(1152)   Evacuate Collection Set: 40.71ms
[505.858s][info][gc,phases      ] GC(1152)   Post Evacuate Collection Set: 0.53ms
[505.858s][info][gc,phases      ] GC(1152)   Other: 0.11ms
[505.858s][info][gc,heap        ] GC(1152) Eden regions: 260->0(208)
[505.858s][info][gc,heap        ] GC(1152) Survivor regions: 7->33(34)
[505.858s][info][gc,heap        ] GC(1152) Old regions: 641->641
[505.858s][info][gc,heap        ] GC(1152) Humongous regions: 13->13
[505.858s][info][gc,metaspace   ] GC(1152) Metaspace: 19029K(19200K)->19029K(19200K) NonClass: 17200K(17344K)->17200K(17344K) Class: 1829K(1856K)->1829K(1856K)
[505.858s][info][gc             ] GC(1152) Pause Young (Normal) (G1 Evacuation Pause) 920M->686M(978M) 42.348ms
[505.858s][info][gc,cpu         ] GC(1152) User=0.09s Sys=0.00s Real=0.04s
[506.220s][info][gc,start       ] GC(1153) Pause Young (Normal) (G1 Evacuation Pause)
[506.220s][info][gc,task        ] GC(1153) Using 2 workers of 2 for evacuation
[506.267s][info][gc,phases      ] GC(1153)   Pre Evacuate Collection Set: 0.34ms
[506.267s][info][gc,phases      ] GC(1153)   Merge Heap Roots: 0.18ms
[506.267s][info][gc,phases      ] GC(1153)   Evacuate Collection Set: 46.00ms
[506.267s][info][gc,phases      ] GC(1153)   Post Evacuate Collection Set: 0.57ms
[506.267s][info][gc,phases      ] GC(1153)   Other: 0.13ms
[506.267s][info][gc,heap        ] GC(1153) Eden regions: 208->0(236)
[506.267s][info][gc,heap        ] GC(1153) Survivor regions: 33->3(31)
[506.267s][info][gc,heap        ] GC(1153) Old regions: 641->673
[506.267s][info][gc,heap        ] GC(1153) Humongous regions: 13->13
[506.267s][info][gc,metaspace   ] GC(1153) Metaspace: 19029K(19200K)->19029K(19200K) NonClass: 17200K(17344K)->17200K(17344K) Class: 1829K(1856K)->1829K(1856K)
[506.267s][info][gc             ] GC(1153) Pause Young (Normal) (G1 Evacuation Pause) 894M->688M(978M) 47.512ms
[506.267s][info][gc,cpu         ] GC(1153) User=0.09s Sys=0.00s Real=0.05s
[506.873s][info][gc,marking     ] GC(1151) Concurrent Mark From Roots 1601.740ms
[506.873s][info][gc,marking     ] GC(1151) Concurrent Preclean
[506.873s][info][gc,marking     ] GC(1151) Concurrent Preclean 0.053ms
[506.873s][info][gc,start       ] GC(1151) Pause Remark
[506.882s][info][gc             ] GC(1151) Pause Remark 886M->775M(978M) 8.803ms
[506.882s][info][gc,cpu         ] GC(1151) User=0.01s Sys=0.00s Real=0.01s
[506.883s][info][gc,marking     ] GC(1151) Concurrent Mark 1612.013ms
[506.883s][info][gc,marking     ] GC(1151) Concurrent Rebuild Remembered Sets and Scrub Regions
[507.049s][info][gc,start       ] GC(1154) Pause Young (Normal) (G1 Evacuation Pause)
[507.049s][info][gc,task        ] GC(1154) Using 2 workers of 2 for evacuation
[507.070s][info][gc,phases      ] GC(1154)   Pre Evacuate Collection Set: 0.54ms
[507.070s][info][gc,phases      ] GC(1154)   Merge Heap Roots: 0.20ms
[507.070s][info][gc,phases      ] GC(1154)   Evacuate Collection Set: 19.27ms
[507.070s][info][gc,phases      ] GC(1154)   Post Evacuate Collection Set: 0.67ms
[507.070s][info][gc,phases      ] GC(1154)   Other: 0.11ms
[507.070s][info][gc,heap        ] GC(1154) Eden regions: 236->0(327)
[507.070s][info][gc,heap        ] GC(1154) Survivor regions: 3->11(30)
[507.070s][info][gc,heap        ] GC(1154) Old regions: 568->568
[507.070s][info][gc,heap        ] GC(1154) Humongous regions: 7->7
[507.070s][info][gc,metaspace   ] GC(1154) Metaspace: 19029K(19200K)->19029K(19200K) NonClass: 17200K(17344K)->17200K(17344K) Class: 1829K(1856K)->1829K(1856K)
[507.070s][info][gc             ] GC(1154) Pause Young (Normal) (G1 Evacuation Pause) 813M->585M(978M) 21.218ms
[507.070s][info][gc,cpu         ] GC(1154) User=0.04s Sys=0.01s Real=0.02s
[507.608s][info][gc,marking     ] GC(1151) Concurrent Rebuild Remembered Sets and Scrub Regions 724.999ms
[507.609s][info][gc,start       ] GC(1151) Pause Cleanup
[507.609s][info][gc             ] GC(1151) Pause Cleanup 773M->773M(978M) 0.152ms
[507.609s][info][gc,cpu         ] GC(1151) User=0.00s Sys=0.00s Real=0.00s
[507.609s][info][gc,marking     ] GC(1151) Concurrent Clear Claimed Marks
[507.609s][info][gc,marking     ] GC(1151) Concurrent Clear Claimed Marks 0.051ms
[507.609s][info][gc,marking     ] GC(1151) Concurrent Cleanup for Next Mark
[507.614s][info][gc,marking     ] GC(1151) Concurrent Cleanup for Next Mark 4.953ms
[507.614s][info][gc             ] GC(1151) Concurrent Mark Cycle 2354.599ms
[507.892s][info][gc,start       ] GC(1155) Pause Young (Prepare Mixed) (G1 Evacuation Pause)
[507.892s][info][gc,task        ] GC(1155) Using 2 workers of 2 for evacuation
[507.909s][info][gc,phases      ] GC(1155)   Pre Evacuate Collection Set: 0.55ms
[507.909s][info][gc,phases      ] GC(1155)   Merge Heap Roots: 0.22ms
[507.909s][info][gc,phases      ] GC(1155)   Evacuate Collection Set: 14.57ms
[507.909s][info][gc,phases      ] GC(1155)   Post Evacuate Collection Set: 0.62ms
[507.909s][info][gc,phases      ] GC(1155)   Other: 0.12ms
[507.909s][info][gc,heap        ] GC(1155) Eden regions: 327->0(331)
[507.909s][info][gc,heap        ] GC(1155) Survivor regions: 11->11(43)
[507.909s][info][gc,heap        ] GC(1155) Old regions: 568->568
[507.909s][info][gc,heap        ] GC(1155) Humongous regions: 7->7
[507.909s][info][gc,metaspace   ] GC(1155) Metaspace: 19029K(19200K)->19029K(19200K) NonClass: 17200K(17344K)->17200K(17344K) Class: 1829K(1856K)->1829K(1856K)
[507.909s][info][gc             ] GC(1155) Pause Young (Prepare Mixed) (G1 Evacuation Pause) 912M->585M(978M) 16.373ms
[507.909s][info][gc,cpu         ] GC(1155) User=0.03s Sys=0.00s Real=0.02s
[508.450s][info][gc,start       ] GC(1156) Pause Young (Mixed) (G1 Evacuation Pause)
[508.451s][info][gc,task        ] GC(1156) Using 2 workers of 2 for evacuation
[508.484s][info][gc,phases      ] GC(1156)   Pre Evacuate Collection Set: 0.56ms
[508.484s][info][gc,phases      ] GC(1156)   Merge Heap Roots: 0.26ms
[508.484s][info][gc,phases      ] GC(1156)   Evacuate Collection Set: 31.37ms
[508.484s][info][gc,phases      ] GC(1156)   Post Evacuate Collection Set: 0.66ms
[508.484s][info][gc,phases      ] GC(1156)   Other: 0.11ms
[508.484s][info][gc,heap        ] GC(1156) Eden regions: 331->0(345)
[508.484s][info][gc,heap        ] GC(1156) Survivor regions: 11->25(43)
[508.484s][info][gc,heap        ] GC(1156) Old regions: 568->526
[508.484s][info][gc,heap        ] GC(1156) Humongous regions: 7->7
[508.484s][info][gc,metaspace   ] GC(1156) Metaspace: 19029K(19200K)->19029K(19200K) NonClass: 17200K(17344K)->17200K(17344K) Class: 1829K(1856K)->1829K(1856K)
[508.484s][info][gc             ] GC(1156) Pause Young (Mixed) (G1 Evacuation Pause) 916M->557M(978M) 33.180ms
[508.484s][info][gc,cpu         ] GC(1156) User=0.07s Sys=0.00s Real=0.03s
[508.860s][info][gc,start       ] GC(1157) Pause Young (Concurrent Start) (G1 Humongous Allocation)
[508.860s][info][gc,task        ] GC(1157) Using 2 workers of 2 for evacuation
[508.962s][info][gc,phases      ] GC(1157)   Pre Evacuate Collection Set: 0.37ms
[508.962s][info][gc,phases      ] GC(1157)   Merge Heap Roots: 0.19ms
[508.962s][info][gc,phases      ] GC(1157)   Evacuate Collection Set: 100.88ms
[508.962s][info][gc,phases      ] GC(1157)   Post Evacuate Collection Set: 0.75ms
[508.962s][info][gc,phases      ] GC(1157)   Other: 0.23ms
[508.962s][info][gc,heap        ] GC(1157) Eden regions: 289->0(260)
[508.962s][info][gc,heap        ] GC(1157) Survivor regions: 25->47(47)
[508.962s][info][gc,heap        ] GC(1157) Old regions: 526->567
[508.962s][info][gc,heap        ] GC(1157) Humongous regions: 7->7
[508.962s][info][gc,metaspace   ] GC(1157) Metaspace: 19032K(19200K)->19032K(19200K) NonClass: 17202K(17344K)->17202K(17344K) Class: 1829K(1856K)->1829K(1856K)
[508.962s][info][gc             ] GC(1157) Pause Young (Concurrent Start) (G1 Humongous Allocation) 846M->620M(978M) 102.713ms
[508.962s][info][gc,cpu         ] GC(1157) User=0.21s Sys=0.00s Real=0.10s
[508.962s][info][gc             ] GC(1158) Concurrent Mark Cycle
[508.962s][info][gc,marking     ] GC(1158) Concurrent Scan Root Regions
[509.055s][info][gc,marking     ] GC(1158) Concurrent Scan Root Regions 92.947ms
[509.055s][info][gc,marking     ] GC(1158) Concurrent Mark
[509.055s][info][gc,marking     ] GC(1158) Concurrent Mark From Roots
[509.055s][info][gc,task        ] GC(1158) Using 1 workers of 1 for marking
[509.990s][info][gc,start       ] GC(1159) Pause Young (Normal) (G1 Evacuation Pause)
[509.990s][info][gc,task        ] GC(1159) Using 2 workers of 2 for evacuation
[510.060s][info][gc,phases      ] GC(1159)   Pre Evacuate Collection Set: 0.31ms
[510.060s][info][gc,phases      ] GC(1159)   Merge Heap Roots: 0.35ms
[510.060s][info][gc,phases      ] GC(1159)   Evacuate Collection Set: 68.25ms
[510.060s][info][gc,phases      ] GC(1159)   Post Evacuate Collection Set: 0.54ms
[510.060s][info][gc,phases      ] GC(1159)   Other: 0.09ms
[510.060s][info][gc,heap        ] GC(1159) Eden regions: 260->0(271)
[510.060s][info][gc,heap        ] GC(1159) Survivor regions: 47->7(39)
[510.060s][info][gc,heap        ] GC(1159) Old regions: 567->614
[510.060s][info][gc,heap        ] GC(1159) Humongous regions: 10->10
[510.060s][info][gc,metaspace   ] GC(1159) Metaspace: 19032K(19200K)->19032K(19200K) NonClass: 17202K(17344K)->17202K(17344K) Class: 1829K(1856K)->1829K(1856K)
[510.060s][info][gc             ] GC(1159) Pause Young (Normal) (G1 Evacuation Pause) 883M->630M(978M) 69.830ms
[510.060s][info][gc,cpu         ] GC(1159) User=0.14s Sys=0.00s Real=0.07s
[510.798s][info][gc,marking     ] GC(1158) Concurrent Mark From Roots 1742.346ms
[510.798s][info][gc,marking     ] GC(1158) Concurrent Preclean
[510.798s][info][gc,marking     ] GC(1158) Concurrent Preclean 0.064ms
[510.798s][info][gc,start       ] GC(1158) Pause Remark
[510.807s][info][gc             ] GC(1158) Pause Remark 826M->826M(978M) 8.899ms
[510.807s][info][gc,cpu         ] GC(1158) User=0.02s Sys=0.00s Real=0.01s
[510.807s][info][gc,marking     ] GC(1158) Concurrent Mark 1751.647ms
[510.807s][info][gc,marking     ] GC(1158) Concurrent Rebuild Remembered Sets and Scrub Regions
[511.029s][info][gc,start       ] GC(1160) Pause Young (Normal) (G1 Evacuation Pause)
[511.029s][info][gc,task        ] GC(1160) Using 2 workers of 2 for evacuation
[511.042s][info][gc,phases      ] GC(1160)   Pre Evacuate Collection Set: 0.31ms
[511.042s][info][gc,phases      ] GC(1160)   Merge Heap Roots: 0.13ms
[511.042s][info][gc,phases      ] GC(1160)   Evacuate Collection Set: 11.61ms
[511.042s][info][gc,phases      ] GC(1160)   Post Evacuate Collection Set: 0.52ms
[511.042s][info][gc,phases      ] GC(1160)   Other: 0.11ms
[511.042s][info][gc,heap        ] GC(1160) Eden regions: 271->0(283)
[511.042s][info][gc,heap        ] GC(1160) Survivor regions: 7->7(35)
[511.042s][info][gc,heap        ] GC(1160) Old regions: 614->614
[511.042s][info][gc,heap        ] GC(1160) Humongous regions: 10->10
[511.042s][info][gc,metaspace   ] GC(1160) Metaspace: 19032K(19200K)->19032K(19200K) NonClass: 17202K(17344K)->17202K(17344K) Class: 1829K(1856K)->1829K(1856K)
[511.042s][info][gc             ] GC(1160) Pause Young (Normal) (G1 Evacuation Pause) 901M->630M(978M) 12.950ms
[511.042s][info][gc,cpu         ] GC(1160) User=0.02s Sys=0.00s Real=0.01s
[511.344s][info][gc,marking     ] GC(1158) Concurrent Rebuild Remembered Sets and Scrub Regions 537.234ms
[511.344s][info][gc,start       ] GC(1158) Pause Cleanup
[511.345s][info][gc             ] GC(1158) Pause Cleanup 739M->739M(978M) 0.121ms
[511.345s][info][gc,cpu         ] GC(1158) User=0.00s Sys=0.00s Real=0.00s
[511.345s][info][gc,marking     ] GC(1158) Concurrent Clear Claimed Marks
[511.345s][info][gc,marking     ] GC(1158) Concurrent Clear Claimed Marks 0.041ms
[511.345s][info][gc,marking     ] GC(1158) Concurrent Cleanup for Next Mark
[511.352s][info][gc,marking     ] GC(1158) Concurrent Cleanup for Next Mark 6.931ms
[511.352s][info][gc             ] GC(1158) Concurrent Mark Cycle 2390.027ms
[511.655s][info][gc,start       ] GC(1161) Pause Young (Prepare Mixed) (G1 Evacuation Pause)
[511.655s][info][gc,task        ] GC(1161) Using 2 workers of 2 for evacuation
[511.668s][info][gc,phases      ] GC(1161)   Pre Evacuate Collection Set: 0.33ms
[511.668s][info][gc,phases      ] GC(1161)   Merge Heap Roots: 0.12ms
[511.668s][info][gc,phases      ] GC(1161)   Evacuate Collection Set: 11.60ms
[511.668s][info][gc,phases      ] GC(1161)   Post Evacuate Collection Set: 0.58ms
[511.668s][info][gc,phases      ] GC(1161)   Other: 0.09ms
[511.668s][info][gc,heap        ] GC(1161) Eden regions: 283->0(290)
[511.668s][info][gc,heap        ] GC(1161) Survivor regions: 7->7(37)
[511.668s][info][gc,heap        ] GC(1161) Old regions: 614->614
[511.668s][info][gc,heap        ] GC(1161) Humongous regions: 10->10
[511.668s][info][gc,metaspace   ] GC(1161) Metaspace: 19032K(19200K)->19032K(19200K) NonClass: 17202K(17344K)->17202K(17344K) Class: 1829K(1856K)->1829K(1856K)
[511.668s][info][gc             ] GC(1161) Pause Young (Prepare Mixed) (G1 Evacuation Pause) 913M->630M(978M) 12.991ms
[511.668s][info][gc,cpu         ] GC(1161) User=0.03s Sys=0.01s Real=0.01s
[512.097s][info][gc,start       ] GC(1162) Pause Young (Mixed) (G1 Evacuation Pause)
[512.097s][info][gc,task        ] GC(1162) Using 2 workers of 2 for evacuation
[512.134s][info][gc,phases      ] GC(1162)   Pre Evacuate Collection Set: 0.33ms
[512.134s][info][gc,phases      ] GC(1162)   Merge Heap Roots: 0.25ms
[512.134s][info][gc,phases      ] GC(1162)   Evacuate Collection Set: 35.97ms
[512.134s][info][gc,phases      ] GC(1162)   Post Evacuate Collection Set: 0.57ms
[512.134s][info][gc,phases      ] GC(1162)   Other: 0.10ms
[512.134s][info][gc,heap        ] GC(1162) Eden regions: 290->0(267)
[512.134s][info][gc,heap        ] GC(1162) Survivor regions: 7->23(38)
[512.134s][info][gc,heap        ] GC(1162) Old regions: 614->605
[512.134s][info][gc,heap        ] GC(1162) Humongous regions: 10->10
[512.134s][info][gc,metaspace   ] GC(1162) Metaspace: 19032K(19200K)->19032K(19200K) NonClass: 17202K(17344K)->17202K(17344K) Class: 1829K(1856K)->1829K(1856K)
[512.134s][info][gc             ] GC(1162) Pause Young (Mixed) (G1 Evacuation Pause) 920M->637M(978M) 37.498ms
[512.134s][info][gc,cpu         ] GC(1162) User=0.08s Sys=0.00s Real=0.03s
[512.399s][info][gc,start       ] GC(1163) Pause Young (Concurrent Start) (G1 Evacuation Pause)
[512.399s][info][gc,task        ] GC(1163) Using 2 workers of 2 for evacuation
[512.447s][info][gc,phases      ] GC(1163)   Pre Evacuate Collection Set: 0.41ms
[512.447s][info][gc,phases      ] GC(1163)   Merge Heap Roots: 0.16ms
[512.447s][info][gc,phases      ] GC(1163)   Evacuate Collection Set: 46.43ms
[512.447s][info][gc,phases      ] GC(1163)   Post Evacuate Collection Set: 0.62ms
[512.447s][info][gc,phases      ] GC(1163)   Other: 0.12ms
[512.447s][info][gc,heap        ] GC(1163) Eden regions: 267->0(249)
[512.447s][info][gc,heap        ] GC(1163) Survivor regions: 23->29(37)
[512.447s][info][gc,heap        ] GC(1163) Old regions: 605->611
[512.447s][info][gc,heap        ] GC(1163) Humongous regions: 10->10
[512.447s][info][gc,metaspace   ] GC(1163) Metaspace: 19032K(19200K)->19032K(19200K) NonClass: 17202K(17344K)->17202K(17344K) Class: 1829K(1856K)->1829K(1856K)
[512.447s][info][gc             ] GC(1163) Pause Young (Concurrent Start) (G1 Evacuation Pause) 904M->649M(978M) 47.989ms
[512.447s][info][gc,cpu         ] GC(1163) User=0.09s Sys=0.00s Real=0.05s
[512.447s][info][gc             ] GC(1164) Concurrent Mark Cycle
[512.447s][info][gc,marking     ] GC(1164) Concurrent Scan Root Regions
[512.529s][info][gc,marking     ] GC(1164) Concurrent Scan Root Regions 82.086ms
[512.529s][info][gc,marking     ] GC(1164) Concurrent Mark
[512.529s][info][gc,marking     ] GC(1164) Concurrent Mark From Roots
[512.529s][info][gc,task        ] GC(1164) Using 1 workers of 1 for marking
[512.971s][info][gc,start       ] GC(1165) Pause Young (Normal) (G1 Evacuation Pause)
[512.971s][info][gc,task        ] GC(1165) Using 2 workers of 2 for evacuation
[513.014s][info][gc,phases      ] GC(1165)   Pre Evacuate Collection Set: 0.55ms
[513.014s][info][gc,phases      ] GC(1165)   Merge Heap Roots: 0.18ms
[513.014s][info][gc,phases      ] GC(1165)   Evacuate Collection Set: 41.36ms
[513.014s][info][gc,phases      ] GC(1165)   Post Evacuate Collection Set: 0.54ms
[513.014s][info][gc,phases      ] GC(1165)   Other: 0.10ms
[513.014s][info][gc,heap        ] GC(1165) Eden regions: 249->0(252)
[513.014s][info][gc,heap        ] GC(1165) Survivor regions: 29->19(35)
[513.014s][info][gc,heap        ] GC(1165) Old regions: 611->628
[513.014s][info][gc,heap        ] GC(1165) Humongous regions: 10->10
[513.014s][info][gc,metaspace   ] GC(1165) Metaspace: 19032K(19200K)->19032K(19200K) NonClass: 17202K(17344K)->17202K(17344K) Class: 1829K(1856K)->1829K(1856K)
[513.014s][info][gc             ] GC(1165) Pause Young (Normal) (G1 Evacuation Pause) 898M->656M(978M) 42.987ms
[513.014s][info][gc,cpu         ] GC(1165) User=0.09s Sys=0.00s Real=0.04s
[513.680s][info][gc,start       ] GC(1166) Pause Young (Normal) (G1 Evacuation Pause)
[513.680s][info][gc,task        ] GC(1166) Using 2 workers of 2 for evacuation
[513.749s][info][gc,phases      ] GC(1166)   Pre Evacuate Collection Set: 0.56ms
[513.749s][info][gc,phases      ] GC(1166)   Merge Heap Roots: 0.39ms
[513.749s][info][gc,phases      ] GC(1166)   Evacuate Collection Set: 67.33ms
[513.749s][info][gc,phases      ] GC(1166)   Post Evacuate Collection Set: 0.56ms
[513.749s][info][gc,phases      ] GC(1166)   Other: 0.10ms
[513.749s][info][gc,heap        ] GC(1166) Eden regions: 252->0(206)
[513.749s][info][gc,heap        ] GC(1166) Survivor regions: 19->34(34)
[513.749s][info][gc,heap        ] GC(1166) Old regions: 628->644
[513.749s][info][gc,heap        ] GC(1166) Humongous regions: 10->10
[513.749s][info][gc,metaspace   ] GC(1166) Metaspace: 19032K(19200K)->19032K(19200K) NonClass: 17202K(17344K)->17202K(17344K) Class: 1829K(1856K)->1829K(1856K)
[513.749s][info][gc             ] GC(1166) Pause Young (Normal) (G1 Evacuation Pause) 908M->687M(978M) 69.237ms
[513.749s][info][gc,cpu         ] GC(1166) User=0.14s Sys=0.00s Real=0.07s
[514.111s][info][gc,start       ] GC(1167) Pause Young (Normal) (G1 Evacuation Pause)
[514.111s][info][gc,task        ] GC(1167) Using 2 workers of 2 for evacuation
[514.203s][info][gc,phases      ] GC(1167)   Pre Evacuate Collection Set: 0.55ms
[514.203s][info][gc,phases      ] GC(1167)   Merge Heap Roots: 0.31ms
[514.203s][info][gc,phases      ] GC(1167)   Evacuate Collection Set: 89.73ms
[514.203s][info][gc,phases      ] GC(1167)   Post Evacuate Collection Set: 0.55ms
[514.203s][info][gc,phases      ] GC(1167)   Other: 0.11ms
[514.203s][info][gc,heap        ] GC(1167) Eden regions: 206->0(171)
[514.203s][info][gc,heap        ] GC(1167) Survivor regions: 34->30(30)
[514.203s][info][gc,heap        ] GC(1167) Old regions: 644->687
[514.203s][info][gc,heap        ] GC(1167) Humongous regions: 10->10
[514.203s][info][gc,metaspace   ] GC(1167) Metaspace: 19037K(19200K)->19037K(19200K) NonClass: 17208K(17344K)->17208K(17344K) Class: 1829K(1856K)->1829K(1856K)
[514.203s][info][gc             ] GC(1167) Pause Young (Normal) (G1 Evacuation Pause) 893M->726M(978M) 91.531ms
[514.203s][info][gc,cpu         ] GC(1167) User=0.18s Sys=0.00s Real=0.09s
[514.338s][info][gc,marking     ] GC(1164) Concurrent Mark From Roots 1808.600ms
[514.338s][info][gc,marking     ] GC(1164) Concurrent Preclean
[514.338s][info][gc,marking     ] GC(1164) Concurrent Preclean 0.050ms
[514.338s][info][gc,start       ] GC(1164) Pause Remark
[514.347s][info][gc             ] GC(1164) Pause Remark 791M->711M(978M) 8.841ms
[514.347s][info][gc,cpu         ] GC(1164) User=0.01s Sys=0.00s Real=0.01s
[514.348s][info][gc,marking     ] GC(1164) Concurrent Mark 1818.852ms
[514.348s][info][gc,marking     ] GC(1164) Concurrent Rebuild Remembered Sets and Scrub Regions
[514.508s][info][gc,start       ] GC(1168) Pause Young (Normal) (G1 Evacuation Pause)
[514.508s][info][gc,task        ] GC(1168) Using 2 workers of 2 for evacuation
[514.568s][info][gc,phases      ] GC(1168)   Pre Evacuate Collection Set: 0.30ms
[514.568s][info][gc,phases      ] GC(1168)   Merge Heap Roots: 0.28ms
[514.568s][info][gc,phases      ] GC(1168)   Evacuate Collection Set: 58.40ms
[514.568s][info][gc,phases      ] GC(1168)   Post Evacuate Collection Set: 0.49ms
[514.568s][info][gc,phases      ] GC(1168)   Other: 0.08ms
[514.568s][info][gc,heap        ] GC(1168) Eden regions: 171->0(236)
[514.568s][info][gc,heap        ] GC(1168) Survivor regions: 30->15(26)
[514.568s][info][gc,heap        ] GC(1168) Old regions: 610->640
[514.568s][info][gc,heap        ] GC(1168) Humongous regions: 7->7
[514.568s][info][gc,metaspace   ] GC(1168) Metaspace: 19037K(19200K)->19037K(19200K) NonClass: 17208K(17344K)->17208K(17344K) Class: 1829K(1856K)->1829K(1856K)
[514.568s][info][gc             ] GC(1168) Pause Young (Normal) (G1 Evacuation Pause) 817M->661M(978M) 59.805ms
[514.568s][info][gc,cpu         ] GC(1168) User=0.12s Sys=0.00s Real=0.06s
[514.911s][info][gc,start       ] GC(1169) Pause Young (Normal) (G1 Evacuation Pause)
[514.911s][info][gc,task        ] GC(1169) Using 2 workers of 2 for evacuation
[514.947s][info][gc,phases      ] GC(1169)   Pre Evacuate Collection Set: 0.33ms
[514.947s][info][gc,phases      ] GC(1169)   Merge Heap Roots: 0.41ms
[514.947s][info][gc,phases      ] GC(1169)   Evacuate Collection Set: 34.35ms
[514.947s][info][gc,phases      ] GC(1169)   Post Evacuate Collection Set: 0.52ms
[514.947s][info][gc,phases      ] GC(1169)   Other: 0.10ms
[514.947s][info][gc,heap        ] GC(1169) Eden regions: 236->0(243)
[514.947s][info][gc,heap        ] GC(1169) Survivor regions: 15->19(32)
[514.947s][info][gc,heap        ] GC(1169) Old regions: 640->640
[514.947s][info][gc,heap        ] GC(1169) Humongous regions: 7->7
[514.947s][info][gc,metaspace   ] GC(1169) Metaspace: 19037K(19200K)->19037K(19200K) NonClass: 17208K(17344K)->17208K(17344K) Class: 1829K(1856K)->1829K(1856K)
[514.947s][info][gc             ] GC(1169) Pause Young (Normal) (G1 Evacuation Pause) 897M->665M(978M) 36.013ms
[514.947s][info][gc,cpu         ] GC(1169) User=0.07s Sys=0.00s Real=0.04s
[515.011s][info][gc,marking     ] GC(1164) Concurrent Rebuild Remembered Sets and Scrub Regions 662.738ms
[515.011s][info][gc,start       ] GC(1164) Pause Cleanup
[515.011s][info][gc             ] GC(1164) Pause Cleanup 693M->693M(978M) 0.180ms
[515.011s][info][gc,cpu         ] GC(1164) User=0.00s Sys=0.00s Real=0.00s
[515.012s][info][gc,marking     ] GC(1164) Concurrent Clear Claimed Marks
[515.012s][info][gc,marking     ] GC(1164) Concurrent Clear Claimed Marks 0.057ms
[515.012s][info][gc,marking     ] GC(1164) Concurrent Cleanup for Next Mark
[515.019s][info][gc,marking     ] GC(1164) Concurrent Cleanup for Next Mark 6.831ms
[515.019s][info][gc             ] GC(1164) Concurrent Mark Cycle 2572.154ms
[515.236s][info][gc,start       ] GC(1170) Pause Young (Prepare Mixed) (G1 Evacuation Pause)
[515.236s][info][gc,task        ] GC(1170) Using 2 workers of 2 for evacuation
[515.299s][info][gc,phases      ] GC(1170)   Pre Evacuate Collection Set: 0.54ms
[515.299s][info][gc,phases      ] GC(1170)   Merge Heap Roots: 0.61ms
[515.299s][info][gc,phases      ] GC(1170)   Evacuate Collection Set: 61.02ms
[515.299s][info][gc,phases      ] GC(1170)   Post Evacuate Collection Set: 0.62ms
[515.299s][info][gc,phases      ] GC(1170)   Other: 0.09ms
[515.299s][info][gc,heap        ] GC(1170) Eden regions: 243->0(214)
[515.299s][info][gc,heap        ] GC(1170) Survivor regions: 19->26(33)
[515.299s][info][gc,heap        ] GC(1170) Old regions: 640->655
[515.299s][info][gc,heap        ] GC(1170) Humongous regions: 7->7
[515.299s][info][gc,metaspace   ] GC(1170) Metaspace: 19038K(19200K)->19038K(19200K) NonClass: 17208K(17344K)->17208K(17344K) Class: 1829K(1856K)->1829K(1856K)
[515.299s][info][gc             ] GC(1170) Pause Young (Prepare Mixed) (G1 Evacuation Pause) 908M->687M(978M) 63.138ms
[515.299s][info][gc,cpu         ] GC(1170) User=0.13s Sys=0.00s Real=0.06s
[515.428s][info][gc,start       ] GC(1171) Pause Young (Mixed) (G1 Evacuation Pause)
[515.428s][info][gc,task        ] GC(1171) Using 2 workers of 2 for evacuation
[515.570s][info][gc,phases      ] GC(1171)   Pre Evacuate Collection Set: 0.38ms
[515.570s][info][gc,phases      ] GC(1171)   Merge Heap Roots: 0.67ms
[515.570s][info][gc,phases      ] GC(1171)   Evacuate Collection Set: 137.19ms
[515.570s][info][gc,phases      ] GC(1171)   Post Evacuate Collection Set: 2.89ms
[515.570s][info][gc,phases      ] GC(1171)   Other: 0.11ms
[515.570s][info][gc,heap        ] GC(1171) Eden regions: 214->0(182)
[515.570s][info][gc,heap        ] GC(1171) Survivor regions: 26->30(30)
[515.570s][info][gc,heap        ] GC(1171) Old regions: 655->679
[515.570s][info][gc,heap        ] GC(1171) Humongous regions: 7->7
[515.570s][info][gc,metaspace   ] GC(1171) Metaspace: 19039K(19200K)->19039K(19200K) NonClass: 17210K(17344K)->17210K(17344K) Class: 1829K(1856K)->1829K(1856K)
[515.570s][info][gc             ] GC(1171) Pause Young (Mixed) (G1 Evacuation Pause) (Evacuation Failure: Allocation) 901M->715M(978M) 141.491ms
[515.570s][info][gc,cpu         ] GC(1171) User=0.28s Sys=0.00s Real=0.14s
[515.781s][info][gc,start       ] GC(1172) Pause Young (Concurrent Start) (G1 Evacuation Pause)
[515.782s][info][gc,task        ] GC(1172) Using 2 workers of 2 for evacuation
[515.836s][info][gc,phases      ] GC(1172)   Pre Evacuate Collection Set: 0.43ms
[515.836s][info][gc,phases      ] GC(1172)   Merge Heap Roots: 0.37ms
[515.836s][info][gc,phases      ] GC(1172)   Evacuate Collection Set: 52.95ms
[515.836s][info][gc,phases      ] GC(1172)   Post Evacuate Collection Set: 0.60ms
[515.836s][info][gc,phases      ] GC(1172)   Other: 0.14ms
[515.836s][info][gc,heap        ] GC(1172) Eden regions: 182->0(199)
[515.836s][info][gc,heap        ] GC(1172) Survivor regions: 30->14(27)
[515.836s][info][gc,heap        ] GC(1172) Old regions: 679->684
[515.836s][info][gc,heap        ] GC(1172) Humongous regions: 7->7
[515.836s][info][gc,metaspace   ] GC(1172) Metaspace: 19040K(19200K)->19040K(19200K) NonClass: 17210K(17344K)->17210K(17344K) Class: 1829K(1856K)->1829K(1856K)
[515.836s][info][gc             ] GC(1172) Pause Young (Concurrent Start) (G1 Evacuation Pause) 897M->704M(978M) 54.809ms
[515.836s][info][gc             ] GC(1173) Concurrent Mark Cycle
[515.836s][info][gc,marking     ] GC(1173) Concurrent Scan Root Regions
[515.836s][info][gc,cpu         ] GC(1172) User=0.11s Sys=0.00s Real=0.06s
[515.894s][info][gc,marking     ] GC(1173) Concurrent Scan Root Regions 57.343ms
[515.894s][info][gc,marking     ] GC(1173) Concurrent Mark
[515.894s][info][gc,marking     ] GC(1173) Concurrent Mark From Roots
[515.894s][info][gc,task        ] GC(1173) Using 1 workers of 1 for marking
[516.342s][info][gc,start       ] GC(1174) Pause Young (Normal) (G1 Evacuation Pause)
[516.342s][info][gc,task        ] GC(1174) Using 2 workers of 2 for evacuation
[516.379s][info][gc,phases      ] GC(1174)   Pre Evacuate Collection Set: 0.30ms
[516.379s][info][gc,phases      ] GC(1174)   Merge Heap Roots: 0.20ms
[516.379s][info][gc,phases      ] GC(1174)   Evacuate Collection Set: 35.10ms
[516.379s][info][gc,phases      ] GC(1174)   Post Evacuate Collection Set: 0.48ms
[516.379s][info][gc,phases      ] GC(1174)   Other: 0.10ms
[516.379s][info][gc,heap        ] GC(1174) Eden regions: 199->0(189)
[516.379s][info][gc,heap        ] GC(1174) Survivor regions: 14->17(27)
[516.379s][info][gc,heap        ] GC(1174) Old regions: 684->698
[516.379s][info][gc,heap        ] GC(1174) Humongous regions: 7->7
[516.379s][info][gc,metaspace   ] GC(1174) Metaspace: 19040K(19200K)->19040K(19200K) NonClass: 17210K(17344K)->17210K(17344K) Class: 1829K(1856K)->1829K(1856K)
[516.379s][info][gc             ] GC(1174) Pause Young (Normal) (G1 Evacuation Pause) 903M->721M(978M) 36.425ms
[516.379s][info][gc,cpu         ] GC(1174) User=0.07s Sys=0.00s Real=0.04s
[516.756s][info][gc,start       ] GC(1175) Pause Young (Normal) (G1 Evacuation Pause)
[516.756s][info][gc,task        ] GC(1175) Using 2 workers of 2 for evacuation
[516.789s][info][gc,phases      ] GC(1175)   Pre Evacuate Collection Set: 0.32ms
[516.789s][info][gc,phases      ] GC(1175)   Merge Heap Roots: 0.17ms
[516.789s][info][gc,phases      ] GC(1175)   Evacuate Collection Set: 31.75ms
[516.789s][info][gc,phases      ] GC(1175)   Post Evacuate Collection Set: 0.46ms
[516.789s][info][gc,phases      ] GC(1175)   Other: 0.12ms
[516.789s][info][gc,heap        ] GC(1175) Eden regions: 189->0(187)
[516.789s][info][gc,heap        ] GC(1175) Survivor regions: 17->9(26)
[516.789s][info][gc,heap        ] GC(1175) Old regions: 698->716
[516.789s][info][gc,heap        ] GC(1175) Humongous regions: 7->7
[516.789s][info][gc,metaspace   ] GC(1175) Metaspace: 19040K(19200K)->19040K(19200K) NonClass: 17210K(17344K)->17210K(17344K) Class: 1829K(1856K)->1829K(1856K)
[516.789s][info][gc             ] GC(1175) Pause Young (Normal) (G1 Evacuation Pause) 910M->731M(978M) 33.086ms
[516.789s][info][gc,cpu         ] GC(1175) User=0.06s Sys=0.00s Real=0.03s
[517.201s][info][gc,start       ] GC(1176) Pause Young (Normal) (G1 Evacuation Pause)
[517.201s][info][gc,task        ] GC(1176) Using 2 workers of 2 for evacuation
[517.217s][info][gc,phases      ] GC(1176)   Pre Evacuate Collection Set: 0.33ms
[517.217s][info][gc,phases      ] GC(1176)   Merge Heap Roots: 0.21ms
[517.217s][info][gc,phases      ] GC(1176)   Evacuate Collection Set: 15.03ms
[517.217s][info][gc,phases      ] GC(1176)   Post Evacuate Collection Set: 0.44ms
[517.217s][info][gc,phases      ] GC(1176)   Other: 0.13ms
[517.217s][info][gc,heap        ] GC(1176) Eden regions: 187->0(183)
[517.217s][info][gc,heap        ] GC(1176) Survivor regions: 9->11(25)
[517.217s][info][gc,heap        ] GC(1176) Old regions: 716->716
[517.217s][info][gc,heap        ] GC(1176) Humongous regions: 7->7
[517.217s][info][gc,metaspace   ] GC(1176) Metaspace: 19040K(19200K)->19040K(19200K) NonClass: 17210K(17344K)->17210K(17344K) Class: 1829K(1856K)->1829K(1856K)
[517.217s][info][gc             ] GC(1176) Pause Young (Normal) (G1 Evacuation Pause) 918M->732M(978M) 16.407ms
[517.217s][info][gc,cpu         ] GC(1176) User=0.03s Sys=0.00s Real=0.02s
[517.491s][info][gc,start       ] GC(1177) Pause Young (Normal) (G1 Evacuation Pause)
[517.491s][info][gc,task        ] GC(1177) Using 2 workers of 2 for evacuation
[517.511s][info][gc,phases      ] GC(1177)   Pre Evacuate Collection Set: 0.33ms
[517.511s][info][gc,phases      ] GC(1177)   Merge Heap Roots: 0.21ms
[517.511s][info][gc,phases      ] GC(1177)   Evacuate Collection Set: 18.13ms
[517.511s][info][gc,phases      ] GC(1177)   Post Evacuate Collection Set: 0.49ms
[517.511s][info][gc,phases      ] GC(1177)   Other: 0.08ms
[517.511s][info][gc,heap        ] GC(1177) Eden regions: 183->0(179)
[517.511s][info][gc,heap        ] GC(1177) Survivor regions: 11->13(25)
[517.511s][info][gc,heap        ] GC(1177) Old regions: 716->716
[517.511s][info][gc,heap        ] GC(1177) Humongous regions: 7->7
[517.511s][info][gc,metaspace   ] GC(1177) Metaspace: 19042K(19200K)->19042K(19200K) NonClass: 17212K(17344K)->17212K(17344K) Class: 1829K(1856K)->1829K(1856K)
[517.511s][info][gc             ] GC(1177) Pause Young (Normal) (G1 Evacuation Pause) 915M->735M(978M) 19.484ms
[517.511s][info][gc,cpu         ] GC(1177) User=0.04s Sys=0.00s Real=0.02s
[518.073s][info][gc,marking     ] GC(1173) Concurrent Mark From Roots 2179.450ms
[518.073s][info][gc,marking     ] GC(1173) Concurrent Preclean
[518.073s][info][gc,marking     ] GC(1173) Concurrent Preclean 0.056ms
[518.075s][info][gc,start       ] GC(1173) Pause Remark
[518.084s][info][gc             ] GC(1173) Pause Remark 870M->870M(978M) 8.868ms
[518.084s][info][gc,cpu         ] GC(1173) User=0.01s Sys=0.00s Real=0.01s
[518.084s][info][gc,marking     ] GC(1173) Concurrent Mark 2190.560ms
[518.084s][info][gc,marking     ] GC(1173) Concurrent Rebuild Remembered Sets and Scrub Regions
[518.224s][info][gc,start       ] GC(1178) Pause Young (Normal) (G1 Evacuation Pause)
[518.224s][info][gc,task        ] GC(1178) Using 2 workers of 2 for evacuation
[518.280s][info][gc,phases      ] GC(1178)   Pre Evacuate Collection Set: 0.32ms
[518.280s][info][gc,phases      ] GC(1178)   Merge Heap Roots: 0.45ms
[518.280s][info][gc,phases      ] GC(1178)   Evacuate Collection Set: 53.64ms
[518.280s][info][gc,phases      ] GC(1178)   Post Evacuate Collection Set: 0.58ms
[518.280s][info][gc,phases      ] GC(1178)   Other: 0.09ms
[518.280s][info][gc,heap        ] GC(1178) Eden regions: 179->0(152)
[518.280s][info][gc,heap        ] GC(1178) Survivor regions: 13->21(24)
[518.280s][info][gc,heap        ] GC(1178) Old regions: 716->724
[518.280s][info][gc,heap        ] GC(1178) Humongous regions: 10->10
[518.280s][info][gc,metaspace   ] GC(1178) Metaspace: 19042K(19200K)->19042K(19200K) NonClass: 17212K(17344K)->17212K(17344K) Class: 1829K(1856K)->1829K(1856K)
[518.280s][info][gc             ] GC(1178) Pause Young (Normal) (G1 Evacuation Pause) 917M->754M(978M) 55.328ms
[518.280s][info][gc,cpu         ] GC(1178) User=0.11s Sys=0.00s Real=0.05s
[518.649s][info][gc,start       ] GC(1179) Pause Young (Normal) (G1 Evacuation Pause)
[518.649s][info][gc,task        ] GC(1179) Using 2 workers of 2 for evacuation
[518.726s][info][gc,phases      ] GC(1179)   Pre Evacuate Collection Set: 0.33ms
[518.726s][info][gc,phases      ] GC(1179)   Merge Heap Roots: 0.56ms
[518.726s][info][gc,phases      ] GC(1179)   Evacuate Collection Set: 75.24ms
[518.726s][info][gc,phases      ] GC(1179)   Post Evacuate Collection Set: 0.50ms
[518.726s][info][gc,phases      ] GC(1179)   Other: 0.10ms
[518.726s][info][gc,heap        ] GC(1179) Eden regions: 152->0(126)
[518.726s][info][gc,heap        ] GC(1179) Survivor regions: 21->22(22)
[518.726s][info][gc,heap        ] GC(1179) Old regions: 724->748
[518.726s][info][gc,heap        ] GC(1179) Humongous regions: 10->10
[518.726s][info][gc,metaspace   ] GC(1179) Metaspace: 19042K(19200K)->19042K(19200K) NonClass: 17212K(17344K)->17212K(17344K) Class: 1829K(1856K)->1829K(1856K)
[518.726s][info][gc             ] GC(1179) Pause Young (Normal) (G1 Evacuation Pause) 906M->779M(978M) 77.015ms
[518.726s][info][gc,cpu         ] GC(1179) User=0.15s Sys=0.00s Real=0.08s
[518.931s][info][gc,start       ] GC(1180) Pause Young (Normal) (G1 Evacuation Pause)
[518.931s][info][gc,task        ] GC(1180) Using 2 workers of 2 for evacuation
[518.977s][info][gc,phases      ] GC(1180)   Pre Evacuate Collection Set: 0.32ms
[518.977s][info][gc,phases      ] GC(1180)   Merge Heap Roots: 0.27ms
[518.977s][info][gc,phases      ] GC(1180)   Evacuate Collection Set: 45.08ms
[518.977s][info][gc,phases      ] GC(1180)   Post Evacuate Collection Set: 0.51ms
[518.977s][info][gc,phases      ] GC(1180)   Other: 0.08ms
[518.977s][info][gc,heap        ] GC(1180) Eden regions: 126->0(122)
[518.977s][info][gc,heap        ] GC(1180) Survivor regions: 22->13(19)
[518.977s][info][gc,heap        ] GC(1180) Old regions: 748->770
[518.977s][info][gc,heap        ] GC(1180) Humongous regions: 10->10
[518.977s][info][gc,metaspace   ] GC(1180) Metaspace: 19042K(19200K)->19042K(19200K) NonClass: 17212K(17344K)->17212K(17344K) Class: 1829K(1856K)->1829K(1856K)
[518.977s][info][gc             ] GC(1180) Pause Young (Normal) (G1 Evacuation Pause) 905M->792M(978M) 46.510ms
[518.977s][info][gc,cpu         ] GC(1180) User=0.09s Sys=0.00s Real=0.05s
[519.146s][info][gc,marking     ] GC(1173) Concurrent Rebuild Remembered Sets and Scrub Regions 1061.404ms
[519.147s][info][gc,start       ] GC(1173) Pause Cleanup
[519.147s][info][gc             ] GC(1173) Pause Cleanup 909M->909M(978M) 0.151ms
[519.147s][info][gc,cpu         ] GC(1173) User=0.00s Sys=0.00s Real=0.00s
[519.147s][info][gc,marking     ] GC(1173) Concurrent Clear Claimed Marks
[519.147s][info][gc,marking     ] GC(1173) Concurrent Clear Claimed Marks 0.034ms
[519.147s][info][gc,marking     ] GC(1173) Concurrent Cleanup for Next Mark
[519.154s][info][gc,marking     ] GC(1173) Concurrent Cleanup for Next Mark 6.957ms
[519.154s][info][gc             ] GC(1173) Concurrent Mark Cycle 3317.692ms
[519.156s][info][gc,start       ] GC(1181) Pause Young (Prepare Mixed) (G1 Evacuation Pause)
[519.156s][info][gc,task        ] GC(1181) Using 2 workers of 2 for evacuation
[519.184s][info][gc,phases      ] GC(1181)   Pre Evacuate Collection Set: 0.30ms
[519.185s][info][gc,phases      ] GC(1181)   Merge Heap Roots: 0.30ms
[519.185s][info][gc,phases      ] GC(1181)   Evacuate Collection Set: 26.94ms
[519.185s][info][gc,phases      ] GC(1181)   Post Evacuate Collection Set: 0.51ms
[519.185s][info][gc,phases      ] GC(1181)   Other: 0.12ms
[519.185s][info][gc,heap        ] GC(1181) Eden regions: 122->0(129)
[519.185s][info][gc,heap        ] GC(1181) Survivor regions: 13->3(17)
[519.185s][info][gc,heap        ] GC(1181) Old regions: 770->783
[519.185s][info][gc,heap        ] GC(1181) Humongous regions: 10->10
[519.185s][info][gc,metaspace   ] GC(1181) Metaspace: 19043K(19200K)->19043K(19200K) NonClass: 17213K(17344K)->17213K(17344K) Class: 1829K(1856K)->1829K(1856K)
[519.185s][info][gc             ] GC(1181) Pause Young (Prepare Mixed) (G1 Evacuation Pause) 914M->795M(978M) 28.362ms
[519.185s][info][gc,cpu         ] GC(1181) User=0.05s Sys=0.00s Real=0.03s
[519.379s][info][gc,start       ] GC(1182) Pause Young (Mixed) (G1 Evacuation Pause)
[519.379s][info][gc,task        ] GC(1182) Using 2 workers of 2 for evacuation
[519.488s][info][gc,phases      ] GC(1182)   Pre Evacuate Collection Set: 0.57ms
[519.488s][info][gc,phases      ] GC(1182)   Merge Heap Roots: 1.49ms
[519.489s][info][gc,phases      ] GC(1182)   Evacuate Collection Set: 106.95ms
[519.489s][info][gc,phases      ] GC(1182)   Post Evacuate Collection Set: 0.51ms
[519.489s][info][gc,phases      ] GC(1182)   Other: 0.10ms
[519.489s][info][gc,heap        ] GC(1182) Eden regions: 129->0(130)
[519.489s][info][gc,heap        ] GC(1182) Survivor regions: 3->7(17)
[519.489s][info][gc,heap        ] GC(1182) Old regions: 783->774
[519.489s][info][gc,heap        ] GC(1182) Humongous regions: 10->10
[519.489s][info][gc,metaspace   ] GC(1182) Metaspace: 19045K(19200K)->19045K(19200K) NonClass: 17216K(17344K)->17216K(17344K) Class: 1829K(1856K)->1829K(1856K)
[519.489s][info][gc             ] GC(1182) Pause Young (Mixed) (G1 Evacuation Pause) 924M->790M(978M) 109.909ms
[519.489s][info][gc,cpu         ] GC(1182) User=0.21s Sys=0.00s Real=0.11s
[519.625s][info][gc,start       ] GC(1183) Pause Young (Concurrent Start) (G1 Evacuation Pause)
[519.625s][info][gc,task        ] GC(1183) Using 2 workers of 2 for evacuation
[519.635s][info][gc,phases      ] GC(1183)   Pre Evacuate Collection Set: 0.35ms
[519.635s][info][gc,phases      ] GC(1183)   Merge Heap Roots: 0.15ms
[519.635s][info][gc,phases      ] GC(1183)   Evacuate Collection Set: 9.34ms
[519.635s][info][gc,phases      ] GC(1183)   Post Evacuate Collection Set: 0.47ms
[519.635s][info][gc,phases      ] GC(1183)   Other: 0.16ms
[519.635s][info][gc,heap        ] GC(1183) Eden regions: 130->0(132)
[519.635s][info][gc,heap        ] GC(1183) Survivor regions: 7->6(18)
[519.635s][info][gc,heap        ] GC(1183) Old regions: 774->774
[519.635s][info][gc,heap        ] GC(1183) Humongous regions: 10->10
[519.635s][info][gc,metaspace   ] GC(1183) Metaspace: 19045K(19200K)->19045K(19200K) NonClass: 17216K(17344K)->17216K(17344K) Class: 1829K(1856K)->1829K(1856K)
[519.635s][info][gc             ] GC(1183) Pause Young (Concurrent Start) (G1 Evacuation Pause) 920M->789M(978M) 10.701ms
[519.635s][info][gc             ] GC(1184) Concurrent Mark Cycle
[519.635s][info][gc,marking     ] GC(1184) Concurrent Scan Root Regions
[519.637s][info][gc,cpu         ] GC(1183) User=0.03s Sys=0.00s Real=0.01s
[519.651s][info][gc,marking     ] GC(1184) Concurrent Scan Root Regions 15.330ms
[519.651s][info][gc,marking     ] GC(1184) Concurrent Mark
[519.651s][info][gc,marking     ] GC(1184) Concurrent Mark From Roots
[519.651s][info][gc,task        ] GC(1184) Using 1 workers of 1 for marking
[519.835s][info][gc,start       ] GC(1185) Pause Young (Normal) (G1 Evacuation Pause)
[519.835s][info][gc,task        ] GC(1185) Using 2 workers of 2 for evacuation
[519.847s][info][gc,phases      ] GC(1185)   Pre Evacuate Collection Set: 0.72ms
[519.847s][info][gc,phases      ] GC(1185)   Merge Heap Roots: 0.16ms
[519.847s][info][gc,phases      ] GC(1185)   Evacuate Collection Set: 10.51ms
[519.847s][info][gc,phases      ] GC(1185)   Post Evacuate Collection Set: 0.41ms
[519.847s][info][gc,phases      ] GC(1185)   Other: 0.10ms
[519.847s][info][gc,heap        ] GC(1185) Eden regions: 132->0(132)
[519.847s][info][gc,heap        ] GC(1185) Survivor regions: 6->6(18)
[519.847s][info][gc,heap        ] GC(1185) Old regions: 774->774
[519.847s][info][gc,heap        ] GC(1185) Humongous regions: 10->10
[519.847s][info][gc,metaspace   ] GC(1185) Metaspace: 19045K(19200K)->19045K(19200K) NonClass: 17216K(17344K)->17216K(17344K) Class: 1829K(1856K)->1829K(1856K)
[519.847s][info][gc             ] GC(1185) Pause Young (Normal) (G1 Evacuation Pause) 921M->789M(978M) 12.146ms
[519.847s][info][gc,cpu         ] GC(1185) User=0.02s Sys=0.00s Real=0.01s
[520.217s][info][gc,start       ] GC(1186) Pause Young (Normal) (G1 Evacuation Pause)
[520.217s][info][gc,task        ] GC(1186) Using 2 workers of 2 for evacuation
[520.238s][info][gc,phases      ] GC(1186)   Pre Evacuate Collection Set: 0.30ms
[520.238s][info][gc,phases      ] GC(1186)   Merge Heap Roots: 0.24ms
[520.238s][info][gc,phases      ] GC(1186)   Evacuate Collection Set: 19.17ms
[520.238s][info][gc,phases      ] GC(1186)   Post Evacuate Collection Set: 0.45ms
[520.238s][info][gc,phases      ] GC(1186)   Other: 0.11ms
[520.238s][info][gc,heap        ] GC(1186) Eden regions: 132->0(118)
[520.238s][info][gc,heap        ] GC(1186) Survivor regions: 6->13(18)
[520.238s][info][gc,heap        ] GC(1186) Old regions: 774->774
[520.238s][info][gc,heap        ] GC(1186) Humongous regions: 10->10
[520.238s][info][gc,metaspace   ] GC(1186) Metaspace: 19045K(19200K)->19045K(19200K) NonClass: 17216K(17344K)->17216K(17344K) Class: 1829K(1856K)->1829K(1856K)
[520.238s][info][gc             ] GC(1186) Pause Young (Normal) (G1 Evacuation Pause) 921M->796M(978M) 20.560ms
[520.238s][info][gc,cpu         ] GC(1186) User=0.04s Sys=0.00s Real=0.02s
[520.469s][info][gc,start       ] GC(1187) Pause Young (Normal) (G1 Evacuation Pause)
[520.469s][info][gc,task        ] GC(1187) Using 2 workers of 2 for evacuation
[520.489s][info][gc,phases      ] GC(1187)   Pre Evacuate Collection Set: 0.30ms
[520.489s][info][gc,phases      ] GC(1187)   Merge Heap Roots: 0.20ms
[520.489s][info][gc,phases      ] GC(1187)   Evacuate Collection Set: 19.15ms
[520.489s][info][gc,phases      ] GC(1187)   Post Evacuate Collection Set: 0.40ms
[520.489s][info][gc,phases      ] GC(1187)   Other: 0.11ms
[520.490s][info][gc,heap        ] GC(1187) Eden regions: 118->0(120)
[520.490s][info][gc,heap        ] GC(1187) Survivor regions: 13->9(17)
[520.490s][info][gc,heap        ] GC(1187) Old regions: 774->780
[520.490s][info][gc,heap        ] GC(1187) Humongous regions: 10->10
[520.490s][info][gc,metaspace   ] GC(1187) Metaspace: 19045K(19200K)->19045K(19200K) NonClass: 17216K(17344K)->17216K(17344K) Class: 1829K(1856K)->1829K(1856K)
[520.490s][info][gc             ] GC(1187) Pause Young (Normal) (G1 Evacuation Pause) 914M->798M(978M) 20.455ms
[520.490s][info][gc,cpu         ] GC(1187) User=0.04s Sys=0.00s Real=0.02s
[521.137s][info][gc,start       ] GC(1188) Pause Young (Normal) (G1 Evacuation Pause)
[521.137s][info][gc,task        ] GC(1188) Using 2 workers of 2 for evacuation
[521.150s][info][gc,phases      ] GC(1188)   Pre Evacuate Collection Set: 0.54ms
[521.150s][info][gc,phases      ] GC(1188)   Merge Heap Roots: 0.15ms
[521.150s][info][gc,phases      ] GC(1188)   Evacuate Collection Set: 11.61ms
[521.150s][info][gc,phases      ] GC(1188)   Post Evacuate Collection Set: 0.39ms
[521.150s][info][gc,phases      ] GC(1188)   Other: 0.08ms
[521.150s][info][gc,heap        ] GC(1188) Eden regions: 120->0(120)
[521.150s][info][gc,heap        ] GC(1188) Survivor regions: 9->9(17)
[521.150s][info][gc,heap        ] GC(1188) Old regions: 780->780
[521.150s][info][gc,heap        ] GC(1188) Humongous regions: 10->10
[521.150s][info][gc,metaspace   ] GC(1188) Metaspace: 19046K(19200K)->19046K(19200K) NonClass: 17216K(17344K)->17216K(17344K) Class: 1829K(1856K)->1829K(1856K)
[521.150s][info][gc             ] GC(1188) Pause Young (Normal) (G1 Evacuation Pause) 918M->798M(978M) 13.023ms
[521.150s][info][gc,cpu         ] GC(1188) User=0.02s Sys=0.00s Real=0.01s
[521.610s][info][gc,start       ] GC(1189) Pause Young (Normal) (G1 Evacuation Pause)
[521.610s][info][gc,task        ] GC(1189) Using 2 workers of 2 for evacuation
[521.630s][info][gc,phases      ] GC(1189)   Pre Evacuate Collection Set: 0.33ms
[521.630s][info][gc,phases      ] GC(1189)   Merge Heap Roots: 0.25ms
[521.630s][info][gc,phases      ] GC(1189)   Evacuate Collection Set: 18.39ms
[521.630s][info][gc,phases      ] GC(1189)   Post Evacuate Collection Set: 0.41ms
[521.630s][info][gc,phases      ] GC(1189)   Other: 0.08ms
[521.630s][info][gc,heap        ] GC(1189) Eden regions: 120->0(110)
[521.630s][info][gc,heap        ] GC(1189) Survivor regions: 9->14(17)
[521.630s][info][gc,heap        ] GC(1189) Old regions: 780->780
[521.630s][info][gc,heap        ] GC(1189) Humongous regions: 10->10
[521.630s][info][gc,metaspace   ] GC(1189) Metaspace: 19046K(19200K)->19046K(19200K) NonClass: 17217K(17344K)->17217K(17344K) Class: 1829K(1856K)->1829K(1856K)
[521.630s][info][gc             ] GC(1189) Pause Young (Normal) (G1 Evacuation Pause) 918M->803M(978M) 19.726ms
[521.630s][info][gc,cpu         ] GC(1189) User=0.04s Sys=0.00s Real=0.02s
[522.024s][info][gc,start       ] GC(1190) Pause Young (Normal) (G1 Evacuation Pause)
[522.024s][info][gc,task        ] GC(1190) Using 2 workers of 2 for evacuation
[522.063s][info][gc,phases      ] GC(1190)   Pre Evacuate Collection Set: 0.34ms
[522.063s][info][gc,phases      ] GC(1190)   Merge Heap Roots: 0.20ms
[522.063s][info][gc,phases      ] GC(1190)   Evacuate Collection Set: 37.63ms
[522.063s][info][gc,phases      ] GC(1190)   Post Evacuate Collection Set: 0.40ms
[522.063s][info][gc,phases      ] GC(1190)   Other: 0.11ms
[522.063s][info][gc,heap        ] GC(1190) Eden regions: 110->0(91)
[522.063s][info][gc,heap        ] GC(1190) Survivor regions: 14->16(16)
[522.063s][info][gc,heap        ] GC(1190) Old regions: 780->795
[522.063s][info][gc,heap        ] GC(1190) Humongous regions: 10->10
[522.063s][info][gc,metaspace   ] GC(1190) Metaspace: 19046K(19200K)->19046K(19200K) NonClass: 17217K(17344K)->17217K(17344K) Class: 1829K(1856K)->1829K(1856K)
[522.063s][info][gc             ] GC(1190) Pause Young (Normal) (G1 Evacuation Pause) 913M->820M(978M) 38.950ms
[522.063s][info][gc,cpu         ] GC(1190) User=0.08s Sys=0.00s Real=0.04s
[522.463s][info][gc,marking     ] GC(1184) Concurrent Mark From Roots 2812.406ms
[522.463s][info][gc,marking     ] GC(1184) Concurrent Preclean
[522.463s][info][gc,marking     ] GC(1184) Concurrent Preclean 0.060ms
[522.465s][info][gc,start       ] GC(1184) Pause Remark
[522.474s][info][gc             ] GC(1184) Pause Remark 882M->881M(978M) 8.767ms
[522.474s][info][gc,cpu         ] GC(1184) User=0.02s Sys=0.00s Real=0.00s
[522.474s][info][gc,marking     ] GC(1184) Concurrent Mark 2823.324ms
[522.474s][info][gc,marking     ] GC(1184) Concurrent Rebuild Remembered Sets and Scrub Regions
[522.626s][info][gc,start       ] GC(1191) Pause Young (Normal) (G1 Evacuation Pause)
[522.627s][info][gc,task        ] GC(1191) Using 2 workers of 2 for evacuation
[522.647s][info][gc,phases      ] GC(1191)   Pre Evacuate Collection Set: 0.34ms
[522.647s][info][gc,phases      ] GC(1191)   Merge Heap Roots: 0.14ms
[522.647s][info][gc,phases      ] GC(1191)   Evacuate Collection Set: 19.86ms
[522.647s][info][gc,phases      ] GC(1191)   Post Evacuate Collection Set: 0.36ms
[522.647s][info][gc,phases      ] GC(1191)   Other: 0.08ms
[522.647s][info][gc,heap        ] GC(1191) Eden regions: 91->0(105)
[522.647s][info][gc,heap        ] GC(1191) Survivor regions: 16->1(14)
[522.647s][info][gc,heap        ] GC(1191) Old regions: 795->812
[522.647s][info][gc,heap        ] GC(1191) Humongous regions: 9->9
[522.647s][info][gc,metaspace   ] GC(1191) Metaspace: 19046K(19200K)->19046K(19200K) NonClass: 17217K(17344K)->17217K(17344K) Class: 1829K(1856K)->1829K(1856K)
[522.647s][info][gc             ] GC(1191) Pause Young (Normal) (G1 Evacuation Pause) 910M->821M(978M) 21.017ms
[522.647s][info][gc,cpu         ] GC(1191) User=0.04s Sys=0.00s Real=0.02s
[522.989s][info][gc,start       ] GC(1192) Pause Young (Normal) (G1 Evacuation Pause)
[522.989s][info][gc,task        ] GC(1192) Using 2 workers of 2 for evacuation
[522.991s][info][gc,phases      ] GC(1192)   Pre Evacuate Collection Set: 0.29ms
[522.991s][info][gc,phases      ] GC(1192)   Merge Heap Roots: 0.08ms
[522.991s][info][gc,phases      ] GC(1192)   Evacuate Collection Set: 0.35ms
[522.991s][info][gc,phases      ] GC(1192)   Post Evacuate Collection Set: 0.29ms
[522.991s][info][gc,phases      ] GC(1192)   Other: 0.11ms
[522.991s][info][gc,heap        ] GC(1192) Eden regions: 105->0(105)
[522.991s][info][gc,heap        ] GC(1192) Survivor regions: 1->1(14)
[522.991s][info][gc,heap        ] GC(1192) Old regions: 812->812
[522.991s][info][gc,heap        ] GC(1192) Humongous regions: 9->9
[522.991s][info][gc,metaspace   ] GC(1192) Metaspace: 19046K(19200K)->19046K(19200K) NonClass: 17217K(17344K)->17217K(17344K) Class: 1829K(1856K)->1829K(1856K)
[522.991s][info][gc             ] GC(1192) Pause Young (Normal) (G1 Evacuation Pause) 926M->821M(978M) 1.325ms
[522.991s][info][gc,cpu         ] GC(1192) User=0.01s Sys=0.00s Real=0.00s
[523.322s][info][gc,marking     ] GC(1184) Concurrent Rebuild Remembered Sets and Scrub Regions 847.884ms
[523.322s][info][gc,start       ] GC(1184) Pause Cleanup
[523.322s][info][gc             ] GC(1184) Pause Cleanup 909M->909M(978M) 0.134ms
[523.323s][info][gc,cpu         ] GC(1184) User=0.00s Sys=0.00s Real=0.00s
[523.323s][info][gc,marking     ] GC(1184) Concurrent Clear Claimed Marks
[523.323s][info][gc,marking     ] GC(1184) Concurrent Clear Claimed Marks 0.035ms
[523.323s][info][gc,marking     ] GC(1184) Concurrent Cleanup for Next Mark
[523.326s][info][gc,marking     ] GC(1184) Concurrent Cleanup for Next Mark 2.998ms
[523.326s][info][gc             ] GC(1184) Concurrent Mark Cycle 3690.188ms
[523.648s][info][gc,start       ] GC(1193) Pause Young (Prepare Mixed) (G1 Evacuation Pause)
[523.648s][info][gc,task        ] GC(1193) Using 2 workers of 2 for evacuation
[523.650s][info][gc,phases      ] GC(1193)   Pre Evacuate Collection Set: 0.33ms
[523.650s][info][gc,phases      ] GC(1193)   Merge Heap Roots: 0.09ms
[523.650s][info][gc,phases      ] GC(1193)   Evacuate Collection Set: 0.98ms
[523.650s][info][gc,phases      ] GC(1193)   Post Evacuate Collection Set: 0.38ms
[523.650s][info][gc,phases      ] GC(1193)   Other: 0.08ms
[523.650s][info][gc,heap        ] GC(1193) Eden regions: 105->0(105)
[523.650s][info][gc,heap        ] GC(1193) Survivor regions: 1->1(14)
[523.650s][info][gc,heap        ] GC(1193) Old regions: 812->812
[523.650s][info][gc,heap        ] GC(1193) Humongous regions: 9->9
[523.650s][info][gc,metaspace   ] GC(1193) Metaspace: 19046K(19200K)->19046K(19200K) NonClass: 17217K(17344K)->17217K(17344K) Class: 1829K(1856K)->1829K(1856K)
[523.650s][info][gc             ] GC(1193) Pause Young (Prepare Mixed) (G1 Evacuation Pause) 926M->820M(978M) 2.087ms
[523.650s][info][gc,cpu         ] GC(1193) User=0.00s Sys=0.00s Real=0.00s
[524.258s][info][gc,start       ] GC(1194) Pause Young (Mixed) (G1 Evacuation Pause)
[524.258s][info][gc,task        ] GC(1194) Using 2 workers of 2 for evacuation
[524.273s][info][gc,phases      ] GC(1194)   Pre Evacuate Collection Set: 0.57ms
[524.273s][info][gc,phases      ] GC(1194)   Merge Heap Roots: 0.30ms
[524.273s][info][gc,phases      ] GC(1194)   Evacuate Collection Set: 13.58ms
[524.273s][info][gc,phases      ] GC(1194)   Post Evacuate Collection Set: 0.41ms
[524.273s][info][gc,phases      ] GC(1194)   Other: 0.08ms
[524.273s][info][gc,heap        ] GC(1194) Eden regions: 105->0(112)
[524.273s][info][gc,heap        ] GC(1194) Survivor regions: 1->1(14)
[524.273s][info][gc,heap        ] GC(1194) Old regions: 812->805
[524.273s][info][gc,heap        ] GC(1194) Humongous regions: 9->9
[524.273s][info][gc,metaspace   ] GC(1194) Metaspace: 19049K(19200K)->19049K(19200K) NonClass: 17219K(17344K)->17219K(17344K) Class: 1829K(1856K)->1829K(1856K)
[524.273s][info][gc             ] GC(1194) Pause Young (Mixed) (G1 Evacuation Pause) 925M->814M(978M) 15.206ms
[524.273s][info][gc,cpu         ] GC(1194) User=0.03s Sys=0.00s Real=0.01s
[524.882s][info][gc,start       ] GC(1195) Pause Young (Concurrent Start) (G1 Evacuation Pause)
[524.882s][info][gc,task        ] GC(1195) Using 2 workers of 2 for evacuation
[524.887s][info][gc,phases      ] GC(1195)   Pre Evacuate Collection Set: 0.35ms
[524.887s][info][gc,phases      ] GC(1195)   Merge Heap Roots: 0.11ms
[524.887s][info][gc,phases      ] GC(1195)   Evacuate Collection Set: 3.48ms
[524.887s][info][gc,phases      ] GC(1195)   Post Evacuate Collection Set: 0.39ms
[524.887s][info][gc,phases      ] GC(1195)   Other: 0.16ms
[524.887s][info][gc,heap        ] GC(1195) Eden regions: 112->0(110)
[524.887s][info][gc,heap        ] GC(1195) Survivor regions: 1->2(15)
[524.887s][info][gc,heap        ] GC(1195) Old regions: 805->805
[524.887s][info][gc,heap        ] GC(1195) Humongous regions: 9->9
[524.887s][info][gc,metaspace   ] GC(1195) Metaspace: 19049K(19200K)->19049K(19200K) NonClass: 17219K(17344K)->17219K(17344K) Class: 1829K(1856K)->1829K(1856K)
[524.887s][info][gc             ] GC(1195) Pause Young (Concurrent Start) (G1 Evacuation Pause) 926M->815M(978M) 4.732ms
[524.887s][info][gc,cpu         ] GC(1195) User=0.01s Sys=0.00s Real=0.01s
[524.887s][info][gc             ] GC(1196) Concurrent Mark Cycle
[524.887s][info][gc,marking     ] GC(1196) Concurrent Scan Root Regions
[524.891s][info][gc,marking     ] GC(1196) Concurrent Scan Root Regions 4.305ms
[524.891s][info][gc,marking     ] GC(1196) Concurrent Mark
[524.891s][info][gc,marking     ] GC(1196) Concurrent Mark From Roots
[524.891s][info][gc,task        ] GC(1196) Using 1 workers of 1 for marking
[525.601s][info][gc,start       ] GC(1197) Pause Young (Normal) (G1 Evacuation Pause)
[525.601s][info][gc,task        ] GC(1197) Using 2 workers of 2 for evacuation
[525.606s][info][gc,phases      ] GC(1197)   Pre Evacuate Collection Set: 0.55ms
[525.606s][info][gc,phases      ] GC(1197)   Merge Heap Roots: 0.11ms
[525.606s][info][gc,phases      ] GC(1197)   Evacuate Collection Set: 3.93ms
[525.607s][info][gc,phases      ] GC(1197)   Post Evacuate Collection Set: 0.38ms
[525.607s][info][gc,phases      ] GC(1197)   Other: 0.08ms
[525.607s][info][gc,heap        ] GC(1197) Eden regions: 110->0(108)
[525.607s][info][gc,heap        ] GC(1197) Survivor regions: 2->3(14)
[525.607s][info][gc,heap        ] GC(1197) Old regions: 805->805
[525.607s][info][gc,heap        ] GC(1197) Humongous regions: 9->9
[525.607s][info][gc,metaspace   ] GC(1197) Metaspace: 19057K(19200K)->19057K(19200K) NonClass: 17227K(17344K)->17227K(17344K) Class: 1829K(1856K)->1829K(1856K)
[525.607s][info][gc             ] GC(1197) Pause Young (Normal) (G1 Evacuation Pause) 925M->816M(978M) 5.253ms
[525.607s][info][gc,cpu         ] GC(1197) User=0.01s Sys=0.00s Real=0.01s
[525.922s][info][gc,start       ] GC(1198) Pause Young (Normal) (G1 Evacuation Pause)
[525.922s][info][gc,task        ] GC(1198) Using 2 workers of 2 for evacuation
[525.927s][info][gc,phases      ] GC(1198)   Pre Evacuate Collection Set: 0.54ms
[525.927s][info][gc,phases      ] GC(1198)   Merge Heap Roots: 0.12ms
[525.927s][info][gc,phases      ] GC(1198)   Evacuate Collection Set: 4.13ms
[525.927s][info][gc,phases      ] GC(1198)   Post Evacuate Collection Set: 0.35ms
[525.927s][info][gc,phases      ] GC(1198)   Other: 0.08ms
[525.927s][info][gc,heap        ] GC(1198) Eden regions: 108->0(106)
[525.927s][info][gc,heap        ] GC(1198) Survivor regions: 3->4(14)
[525.927s][info][gc,heap        ] GC(1198) Old regions: 805->805
[525.927s][info][gc,heap        ] GC(1198) Humongous regions: 9->9
[525.927s][info][gc,metaspace   ] GC(1198) Metaspace: 19057K(19200K)->19057K(19200K) NonClass: 17227K(17344K)->17227K(17344K) Class: 1829K(1856K)->1829K(1856K)
[525.927s][info][gc             ] GC(1198) Pause Young (Normal) (G1 Evacuation Pause) 924M->816M(978M) 5.444ms
[525.927s][info][gc,cpu         ] GC(1198) User=0.01s Sys=0.00s Real=0.01s
[526.051s][info][gc,marking     ] GC(1196) Concurrent Mark From Roots 1160.237ms
[526.052s][info][gc,marking     ] GC(1196) Concurrent Preclean
[526.052s][info][gc,marking     ] GC(1196) Concurrent Preclean 0.048ms
[526.052s][info][gc,start       ] GC(1196) Pause Remark
[526.061s][info][gc             ] GC(1196) Pause Remark 865M->621M(978M) 8.906ms
[526.061s][info][gc,cpu         ] GC(1196) User=0.01s Sys=0.00s Real=0.01s
[526.061s][info][gc,marking     ] GC(1196) Concurrent Mark 1169.479ms
[526.061s][info][gc,marking     ] GC(1196) Concurrent Rebuild Remembered Sets and Scrub Regions
[526.270s][info][gc,start       ] GC(1199) Pause Young (Normal) (G1 Evacuation Pause)
[526.270s][info][gc,task        ] GC(1199) Using 2 workers of 2 for evacuation
[526.274s][info][gc,phases      ] GC(1199)   Pre Evacuate Collection Set: 0.30ms
[526.274s][info][gc,phases      ] GC(1199)   Merge Heap Roots: 0.11ms
[526.274s][info][gc,phases      ] GC(1199)   Evacuate Collection Set: 4.02ms
[526.274s][info][gc,phases      ] GC(1199)   Post Evacuate Collection Set: 0.36ms
[526.274s][info][gc,phases      ] GC(1199)   Other: 0.07ms
[526.275s][info][gc,heap        ] GC(1199) Eden regions: 106->0(352)
[526.275s][info][gc,heap        ] GC(1199) Survivor regions: 4->3(14)
[526.275s][info][gc,heap        ] GC(1199) Old regions: 565->565
[526.275s][info][gc,heap        ] GC(1199) Humongous regions: 5->5
[526.275s][info][gc,metaspace   ] GC(1199) Metaspace: 19058K(19200K)->19058K(19200K) NonClass: 17228K(17344K)->17228K(17344K) Class: 1829K(1856K)->1829K(1856K)
[526.275s][info][gc             ] GC(1199) Pause Young (Normal) (G1 Evacuation Pause) 678M->572M(978M) 5.089ms
[526.275s][info][gc,cpu         ] GC(1199) User=0.01s Sys=0.00s Real=0.01s
[526.431s][info][gc,marking     ] GC(1196) Concurrent Rebuild Remembered Sets and Scrub Regions 370.241ms
[526.431s][info][gc,start       ] GC(1196) Pause Cleanup
[526.431s][info][gc             ] GC(1196) Pause Cleanup 635M->635M(978M) 0.143ms
[526.431s][info][gc,cpu         ] GC(1196) User=0.00s Sys=0.00s Real=0.00s
[526.431s][info][gc,marking     ] GC(1196) Concurrent Clear Claimed Marks
[526.431s][info][gc,marking     ] GC(1196) Concurrent Clear Claimed Marks 0.032ms
[526.431s][info][gc,marking     ] GC(1196) Concurrent Cleanup for Next Mark
[526.434s][info][gc,marking     ] GC(1196) Concurrent Cleanup for Next Mark 2.924ms
[526.434s][info][gc             ] GC(1196) Concurrent Mark Cycle 1547.463ms
[526.754s][info][gc,start       ] GC(1200) Pause Young (Prepare Mixed) (G1 Evacuation Pause)
[526.754s][info][gc,task        ] GC(1200) Using 2 workers of 2 for evacuation
[526.880s][info][gc,phases      ] GC(1200)   Pre Evacuate Collection Set: 0.57ms
[526.880s][info][gc,phases      ] GC(1200)   Merge Heap Roots: 0.17ms
[526.880s][info][gc,phases      ] GC(1200)   Evacuate Collection Set: 107.32ms
[526.880s][info][gc,phases      ] GC(1200)   Post Evacuate Collection Set: 18.25ms
[526.880s][info][gc,phases      ] GC(1200)   Other: 0.10ms
[526.880s][info][gc,heap        ] GC(1200) Eden regions: 352->0(80)
[526.880s][info][gc,heap        ] GC(1200) Survivor regions: 3->45(45)
[526.880s][info][gc,heap        ] GC(1200) Old regions: 565->753
[526.880s][info][gc,heap        ] GC(1200) Humongous regions: 5->5
[526.880s][info][gc,metaspace   ] GC(1200) Metaspace: 19065K(19200K)->19065K(19200K) NonClass: 17236K(17344K)->17236K(17344K) Class: 1829K(1856K)->1829K(1856K)
[526.880s][info][gc             ] GC(1200) Pause Young (Prepare Mixed) (G1 Evacuation Pause) (Evacuation Failure: Allocation) 924M->802M(978M) 126.671ms
[526.880s][info][gc,cpu         ] GC(1200) User=0.25s Sys=0.00s Real=0.13s
[526.983s][info][gc,start       ] GC(1201) Pause Young (Mixed) (G1 Evacuation Pause)
[526.983s][info][gc,task        ] GC(1201) Using 2 workers of 2 for evacuation
[527.097s][info][gc,phases      ] GC(1201)   Pre Evacuate Collection Set: 0.46ms
[527.097s][info][gc,phases      ] GC(1201)   Merge Heap Roots: 0.58ms
[527.097s][info][gc,phases      ] GC(1201)   Evacuate Collection Set: 108.58ms
[527.097s][info][gc,phases      ] GC(1201)   Post Evacuate Collection Set: 4.61ms
[527.097s][info][gc,phases      ] GC(1201)   Other: 0.09ms
[527.097s][info][gc,heap        ] GC(1201) Eden regions: 80->0(156)
[527.097s][info][gc,heap        ] GC(1201) Survivor regions: 45->16(16)
[527.097s][info][gc,heap        ] GC(1201) Old regions: 753->735
[527.097s][info][gc,heap        ] GC(1201) Humongous regions: 5->5
[527.097s][info][gc,metaspace   ] GC(1201) Metaspace: 19065K(19200K)->19065K(19200K) NonClass: 17236K(17344K)->17236K(17344K) Class: 1829K(1856K)->1829K(1856K)
[527.097s][info][gc             ] GC(1201) Pause Young (Mixed) (G1 Evacuation Pause) (Evacuation Failure: Allocation) 882M->755M(978M) 114.611ms
[527.097s][info][gc,cpu         ] GC(1201) User=0.23s Sys=0.00s Real=0.12s
[527.340s][info][gc,start       ] GC(1202) Pause Young (Concurrent Start) (G1 Humongous Allocation)
[527.341s][info][gc,task        ] GC(1202) Using 2 workers of 2 for evacuation
[527.453s][info][gc,phases      ] GC(1202)   Pre Evacuate Collection Set: 0.44ms
[527.453s][info][gc,phases      ] GC(1202)   Merge Heap Roots: 0.32ms
[527.453s][info][gc,phases      ] GC(1202)   Evacuate Collection Set: 104.90ms
[527.453s][info][gc,phases      ] GC(1202)   Post Evacuate Collection Set: 6.71ms
[527.453s][info][gc,phases      ] GC(1202)   Other: 0.23ms
[527.453s][info][gc,heap        ] GC(1202) Eden regions: 143->0(109)
[527.453s][info][gc,heap        ] GC(1202) Survivor regions: 16->22(22)
[527.453s][info][gc,heap        ] GC(1202) Old regions: 735->770
[527.453s][info][gc,heap        ] GC(1202) Humongous regions: 5->5
[527.453s][info][gc,metaspace   ] GC(1202) Metaspace: 19065K(19200K)->19065K(19200K) NonClass: 17236K(17344K)->17236K(17344K) Class: 1829K(1856K)->1829K(1856K)
[527.453s][info][gc             ] GC(1202) Pause Young (Concurrent Start) (G1 Humongous Allocation) (Evacuation Failure: Allocation) 898M->796M(978M) 112.903ms
[527.453s][info][gc,cpu         ] GC(1202) User=0.22s Sys=0.00s Real=0.11s
[527.453s][info][gc             ] GC(1203) Concurrent Mark Cycle
[527.453s][info][gc,marking     ] GC(1203) Concurrent Scan Root Regions
[527.573s][info][gc,marking     ] GC(1203) Concurrent Scan Root Regions 119.975ms
[527.574s][info][gc,marking     ] GC(1203) Concurrent Mark
[527.574s][info][gc,marking     ] GC(1203) Concurrent Mark From Roots
[527.574s][info][gc,task        ] GC(1203) Using 1 workers of 1 for marking
[527.739s][info][gc,start       ] GC(1204) Pause Young (Normal) (G1 Evacuation Pause)
[527.739s][info][gc,task        ] GC(1204) Using 2 workers of 2 for evacuation
[527.835s][info][gc,phases      ] GC(1204)   Pre Evacuate Collection Set: 0.38ms
[527.835s][info][gc,phases      ] GC(1204)   Merge Heap Roots: 0.87ms
[527.835s][info][gc,phases      ] GC(1204)   Evacuate Collection Set: 93.64ms
[527.835s][info][gc,phases      ] GC(1204)   Post Evacuate Collection Set: 0.95ms
[527.835s][info][gc,phases      ] GC(1204)   Other: 0.08ms
[527.835s][info][gc,heap        ] GC(1204) Eden regions: 109->0(180)
[527.835s][info][gc,heap        ] GC(1204) Survivor regions: 22->12(17)
[527.835s][info][gc,heap        ] GC(1204) Old regions: 770->699
[527.835s][info][gc,heap        ] GC(1204) Humongous regions: 6->6
[527.835s][info][gc,metaspace   ] GC(1204) Metaspace: 19066K(19200K)->19066K(19200K) NonClass: 17237K(17344K)->17237K(17344K) Class: 1829K(1856K)->1829K(1856K)
[527.835s][info][gc             ] GC(1204) Pause Young (Normal) (G1 Evacuation Pause) 906M->716M(978M) 96.192ms
[527.835s][info][gc,cpu         ] GC(1204) User=0.19s Sys=0.00s Real=0.10s
[528.044s][info][gc,marking     ] GC(1203) Concurrent Mark From Roots 470.128ms
[528.044s][info][gc,marking     ] GC(1203) Concurrent Preclean
[528.044s][info][gc,marking     ] GC(1203) Concurrent Preclean 0.052ms
[528.044s][info][gc,start       ] GC(1203) Pause Remark
[528.053s][info][gc             ] GC(1203) Pause Remark 822M->326M(747M) 9.311ms
[528.053s][info][gc,cpu         ] GC(1203) User=0.02s Sys=0.00s Real=0.01s
[528.054s][info][gc,marking     ] GC(1203) Concurrent Mark 480.756ms
[528.054s][info][gc,marking     ] GC(1203) Concurrent Rebuild Remembered Sets and Scrub Regions
[528.238s][info][gc,start       ] GC(1205) Pause Young (Normal) (G1 Evacuation Pause)
[528.238s][info][gc,task        ] GC(1205) Using 2 workers of 2 for evacuation
[528.340s][info][gc,phases      ] GC(1205)   Pre Evacuate Collection Set: 0.42ms
[528.340s][info][gc,phases      ] GC(1205)   Merge Heap Roots: 1.08ms
[528.340s][info][gc,phases      ] GC(1205)   Evacuate Collection Set: 99.07ms
[528.340s][info][gc,phases      ] GC(1205)   Post Evacuate Collection Set: 0.66ms
[528.340s][info][gc,phases      ] GC(1205)   Other: 0.10ms
[528.340s][info][gc,heap        ] GC(1205) Eden regions: 180->0(334)
[528.340s][info][gc,heap        ] GC(1205) Survivor regions: 12->24(24)
[528.340s][info][gc,heap        ] GC(1205) Old regions: 208->229
[528.340s][info][gc,heap        ] GC(1205) Humongous regions: 4->4
[528.340s][info][gc,metaspace   ] GC(1205) Metaspace: 19067K(19200K)->19067K(19200K) NonClass: 17237K(17344K)->17237K(17344K) Class: 1829K(1856K)->1829K(1856K)
[528.340s][info][gc             ] GC(1205) Pause Young (Normal) (G1 Evacuation Pause) 403M->256M(747M) 101.599ms
[528.340s][info][gc,cpu         ] GC(1205) User=0.20s Sys=0.00s Real=0.10s
[528.461s][info][gc,marking     ] GC(1203) Concurrent Rebuild Remembered Sets and Scrub Regions 406.286ms
[528.461s][info][gc,start       ] GC(1203) Pause Cleanup
[528.461s][info][gc             ] GC(1203) Pause Cleanup 339M->339M(747M) 0.106ms
[528.461s][info][gc,cpu         ] GC(1203) User=0.00s Sys=0.00s Real=0.00s
[528.461s][info][gc,marking     ] GC(1203) Concurrent Clear Claimed Marks
[528.461s][info][gc,marking     ] GC(1203) Concurrent Clear Claimed Marks 0.036ms
[528.461s][info][gc,marking     ] GC(1203) Concurrent Cleanup for Next Mark
[528.463s][info][gc,marking     ] GC(1203) Concurrent Cleanup for Next Mark 2.258ms
[528.463s][info][gc             ] GC(1203) Concurrent Mark Cycle 1009.914ms
[528.721s][info][gc,start       ] GC(1206) Pause Young (Prepare Mixed) (G1 Evacuation Pause)
[528.721s][info][gc,task        ] GC(1206) Using 2 workers of 2 for evacuation
[528.785s][info][gc,phases      ] GC(1206)   Pre Evacuate Collection Set: 0.28ms
[528.785s][info][gc,phases      ] GC(1206)   Merge Heap Roots: 0.55ms
[528.785s][info][gc,phases      ] GC(1206)   Evacuate Collection Set: 61.75ms
[528.785s][info][gc,phases      ] GC(1206)   Post Evacuate Collection Set: 0.71ms
[528.785s][info][gc,phases      ] GC(1206)   Other: 0.11ms
[528.785s][info][gc,heap        ] GC(1206) Eden regions: 334->0(344)
[528.785s][info][gc,heap        ] GC(1206) Survivor regions: 24->28(45)
[528.785s][info][gc,heap        ] GC(1206) Old regions: 229->238
[528.785s][info][gc,heap        ] GC(1206) Humongous regions: 4->4
[528.785s][info][gc,metaspace   ] GC(1206) Metaspace: 19067K(19200K)->19067K(19200K) NonClass: 17237K(17344K)->17237K(17344K) Class: 1829K(1856K)->1829K(1856K)
[528.785s][info][gc             ] GC(1206) Pause Young (Prepare Mixed) (G1 Evacuation Pause) 590M->269M(747M) 63.667ms
[528.785s][info][gc,cpu         ] GC(1206) User=0.13s Sys=0.00s Real=0.07s
[529.076s][info][gc,start       ] GC(1207) Pause Young (Mixed) (G1 Evacuation Pause)
[529.076s][info][gc,task        ] GC(1207) Using 2 workers of 2 for evacuation
[529.162s][info][gc,phases      ] GC(1207)   Pre Evacuate Collection Set: 0.46ms
[529.162s][info][gc,phases      ] GC(1207)   Merge Heap Roots: 0.36ms
[529.162s][info][gc,phases      ] GC(1207)   Evacuate Collection Set: 83.77ms
[529.162s][info][gc,phases      ] GC(1207)   Post Evacuate Collection Set: 0.73ms
[529.162s][info][gc,phases      ] GC(1207)   Other: 0.09ms
[529.162s][info][gc,heap        ] GC(1207) Eden regions: 344->0(319)
[529.162s][info][gc,heap        ] GC(1207) Survivor regions: 28->47(47)
[529.162s][info][gc,heap        ] GC(1207) Old regions: 238->251
[529.162s][info][gc,heap        ] GC(1207) Humongous regions: 4->4
[529.162s][info][gc,metaspace   ] GC(1207) Metaspace: 19071K(19200K)->19071K(19200K) NonClass: 17242K(17344K)->17242K(17344K) Class: 1829K(1856K)->1829K(1856K)
[529.162s][info][gc             ] GC(1207) Pause Young (Mixed) (G1 Evacuation Pause) 613M->301M(747M) 85.678ms
[529.162s][info][gc,cpu         ] GC(1207) User=0.17s Sys=0.00s Real=0.08s
[529.331s][info][gc,start       ] GC(1208) Pause Young (Concurrent Start) (G1 Humongous Allocation)
[529.331s][info][gc,task        ] GC(1208) Using 2 workers of 2 for evacuation
[529.425s][info][gc,phases      ] GC(1208)   Pre Evacuate Collection Set: 0.30ms
[529.425s][info][gc,phases      ] GC(1208)   Merge Heap Roots: 0.23ms
[529.425s][info][gc,phases      ] GC(1208)   Evacuate Collection Set: 92.99ms
[529.425s][info][gc,phases      ] GC(1208)   Post Evacuate Collection Set: 0.57ms
[529.425s][info][gc,phases      ] GC(1208)   Other: 0.20ms
[529.425s][info][gc,heap        ] GC(1208) Eden regions: 146->0(274)
[529.425s][info][gc,heap        ] GC(1208) Survivor regions: 47->33(46)
[529.425s][info][gc,heap        ] GC(1208) Old regions: 251->298
[529.425s][info][gc,heap        ] GC(1208) Humongous regions: 4->4
[529.425s][info][gc,metaspace   ] GC(1208) Metaspace: 19071K(19200K)->19071K(19200K) NonClass: 17242K(17344K)->17242K(17344K) Class: 1829K(1856K)->1829K(1856K)
[529.425s][info][gc             ] GC(1208) Pause Young (Concurrent Start) (G1 Humongous Allocation) 447M->334M(747M) 94.523ms
[529.426s][info][gc,cpu         ] GC(1208) User=0.18s Sys=0.00s Real=0.10s
[529.426s][info][gc             ] GC(1209) Concurrent Mark Cycle
[529.426s][info][gc,marking     ] GC(1209) Concurrent Scan Root Regions
[529.533s][info][gc,marking     ] GC(1209) Concurrent Scan Root Regions 107.272ms
[529.533s][info][gc,marking     ] GC(1209) Concurrent Mark
[529.533s][info][gc,marking     ] GC(1209) Concurrent Mark From Roots
[529.533s][info][gc,task        ] GC(1209) Using 1 workers of 1 for marking
[529.772s][info][gc,start       ] GC(1210) Pause Young (Normal) (G1 Evacuation Pause)
[529.772s][info][gc,task        ] GC(1210) Using 2 workers of 2 for evacuation
[529.832s][info][gc,phases      ] GC(1210)   Pre Evacuate Collection Set: 0.43ms
[529.832s][info][gc,phases      ] GC(1210)   Merge Heap Roots: 0.26ms
[529.832s][info][gc,phases      ] GC(1210)   Evacuate Collection Set: 58.51ms
[529.832s][info][gc,phases      ] GC(1210)   Post Evacuate Collection Set: 0.58ms
[529.832s][info][gc,phases      ] GC(1210)   Other: 0.12ms
[529.832s][info][gc,heap        ] GC(1210) Eden regions: 274->0(277)
[529.832s][info][gc,heap        ] GC(1210) Survivor regions: 33->15(39)
[529.832s][info][gc,heap        ] GC(1210) Old regions: 298->331
[529.832s][info][gc,heap        ] GC(1210) Humongous regions: 5->5
[529.832s][info][gc,metaspace   ] GC(1210) Metaspace: 19071K(19200K)->19071K(19200K) NonClass: 17242K(17344K)->17242K(17344K) Class: 1829K(1856K)->1829K(1856K)
[529.832s][info][gc             ] GC(1210) Pause Young (Normal) (G1 Evacuation Pause) 609M->350M(747M) 60.149ms
[529.832s][info][gc,cpu         ] GC(1210) User=0.11s Sys=0.00s Real=0.06s
[530.172s][info][gc,marking     ] GC(1209) Concurrent Mark From Roots 639.086ms
[530.172s][info][gc,marking     ] GC(1209) Concurrent Preclean
[530.172s][info][gc,marking     ] GC(1209) Concurrent Preclean 0.051ms
[530.172s][info][gc,start       ] GC(1209) Pause Remark
[530.181s][info][gc             ] GC(1209) Pause Remark 490M->483M(747M) 9.043ms
[530.181s][info][gc,cpu         ] GC(1209) User=0.02s Sys=0.00s Real=0.01s
[530.181s][info][gc,marking     ] GC(1209) Concurrent Mark 648.534ms
[530.182s][info][gc,marking     ] GC(1209) Concurrent Rebuild Remembered Sets and Scrub Regions
[530.527s][info][gc,marking     ] GC(1209) Concurrent Rebuild Remembered Sets and Scrub Regions 345.420ms
[530.528s][info][gc,start       ] GC(1209) Pause Cleanup
[530.528s][info][gc             ] GC(1209) Pause Cleanup 547M->547M(747M) 0.120ms
[530.528s][info][gc,cpu         ] GC(1209) User=0.00s Sys=0.00s Real=0.00s
[530.528s][info][gc,marking     ] GC(1209) Concurrent Clear Claimed Marks
[530.529s][info][gc,marking     ] GC(1209) Concurrent Clear Claimed Marks 0.055ms
[530.529s][info][gc,marking     ] GC(1209) Concurrent Cleanup for Next Mark
[530.533s][info][gc,marking     ] GC(1209) Concurrent Cleanup for Next Mark 4.303ms
[530.533s][info][gc             ] GC(1209) Concurrent Mark Cycle 1107.385ms
[530.682s][info][gc,start       ] GC(1211) Pause Young (Prepare Mixed) (G1 Evacuation Pause)
[530.682s][info][gc,task        ] GC(1211) Using 2 workers of 2 for evacuation
[530.708s][info][gc,phases      ] GC(1211)   Pre Evacuate Collection Set: 0.29ms
[530.708s][info][gc,phases      ] GC(1211)   Merge Heap Roots: 0.28ms
[530.708s][info][gc,phases      ] GC(1211)   Evacuate Collection Set: 24.42ms
[530.708s][info][gc,phases      ] GC(1211)   Post Evacuate Collection Set: 0.58ms
[530.708s][info][gc,phases      ] GC(1211)   Other: 0.10ms
[530.708s][info][gc,heap        ] GC(1211) Eden regions: 277->0(298)
[530.708s][info][gc,heap        ] GC(1211) Survivor regions: 15->18(37)
[530.708s][info][gc,heap        ] GC(1211) Old regions: 325->325
[530.708s][info][gc,heap        ] GC(1211) Humongous regions: 4->4
[530.708s][info][gc,metaspace   ] GC(1211) Metaspace: 19072K(19200K)->19072K(19200K) NonClass: 17242K(17344K)->17242K(17344K) Class: 1829K(1856K)->1829K(1856K)
[530.708s][info][gc             ] GC(1211) Pause Young (Prepare Mixed) (G1 Evacuation Pause) 620M->346M(747M) 25.938ms
[530.708s][info][gc,cpu         ] GC(1211) User=0.05s Sys=0.00s Real=0.03s
[531.166s][info][gc,start       ] GC(1212) Pause Young (Mixed) (G1 Evacuation Pause)
[531.167s][info][gc,task        ] GC(1212) Using 2 workers of 2 for evacuation
[531.292s][info][gc,phases      ] GC(1212)   Pre Evacuate Collection Set: 0.48ms
[531.292s][info][gc,phases      ] GC(1212)   Merge Heap Roots: 0.41ms
[531.292s][info][gc,phases      ] GC(1212)   Evacuate Collection Set: 123.12ms
[531.292s][info][gc,phases      ] GC(1212)   Post Evacuate Collection Set: 1.21ms
[531.292s][info][gc,phases      ] GC(1212)   Other: 0.11ms
[531.292s][info][gc,heap        ] GC(1212) Eden regions: 298->0(263)
[531.292s][info][gc,heap        ] GC(1212) Survivor regions: 18->40(40)
[531.292s][info][gc,heap        ] GC(1212) Old regions: 325->366
[531.292s][info][gc,heap        ] GC(1212) Humongous regions: 4->4
[531.292s][info][gc,metaspace   ] GC(1212) Metaspace: 19074K(19200K)->19074K(19200K) NonClass: 17245K(17344K)->17245K(17344K) Class: 1829K(1856K)->1829K(1856K)
[531.292s][info][gc             ] GC(1212) Pause Young (Mixed) (G1 Evacuation Pause) 644M->409M(805M) 125.577ms
[531.292s][info][gc,cpu         ] GC(1212) User=0.25s Sys=0.00s Real=0.12s
[531.319s][info][gc,start       ] GC(1213) Pause Young (Concurrent Start) (G1 Humongous Allocation)
[531.319s][info][gc,task        ] GC(1213) Using 2 workers of 2 for evacuation
[531.370s][info][gc,phases      ] GC(1213)   Pre Evacuate Collection Set: 0.31ms
[531.370s][info][gc,phases      ] GC(1213)   Merge Heap Roots: 0.17ms
[531.370s][info][gc,phases      ] GC(1213)   Evacuate Collection Set: 49.74ms
[531.370s][info][gc,phases      ] GC(1213)   Post Evacuate Collection Set: 0.40ms
[531.370s][info][gc,phases      ] GC(1213)   Other: 0.13ms
[531.370s][info][gc,heap        ] GC(1213) Eden regions: 12->0(272)
[531.370s][info][gc,heap        ] GC(1213) Survivor regions: 40->6(38)
[531.370s][info][gc,heap        ] GC(1213) Old regions: 366->406
[531.370s][info][gc,heap        ] GC(1213) Humongous regions: 4->4
[531.370s][info][gc,metaspace   ] GC(1213) Metaspace: 19074K(19200K)->19074K(19200K) NonClass: 17245K(17344K)->17245K(17344K) Class: 1829K(1856K)->1829K(1856K)
[531.370s][info][gc             ] GC(1213) Pause Young (Concurrent Start) (G1 Humongous Allocation) 421M->415M(805M) 50.984ms
[531.370s][info][gc,cpu         ] GC(1213) User=0.10s Sys=0.00s Real=0.05s
[531.370s][info][gc             ] GC(1214) Concurrent Mark Cycle
[531.370s][info][gc,marking     ] GC(1214) Concurrent Scan Root Regions
[531.431s][info][gc,marking     ] GC(1214) Concurrent Scan Root Regions 60.448ms
[531.431s][info][gc,marking     ] GC(1214) Concurrent Mark
[531.431s][info][gc,marking     ] GC(1214) Concurrent Mark From Roots
[531.431s][info][gc,task        ] GC(1214) Using 1 workers of 1 for marking
[531.888s][info][gc,start       ] GC(1215) Pause Young (Normal) (G1 Evacuation Pause)
[531.888s][info][gc,task        ] GC(1215) Using 2 workers of 2 for evacuation
[531.914s][info][gc,phases      ] GC(1215)   Pre Evacuate Collection Set: 0.29ms
[531.914s][info][gc,phases      ] GC(1215)   Merge Heap Roots: 0.21ms
[531.914s][info][gc,phases      ] GC(1215)   Evacuate Collection Set: 25.50ms
[531.914s][info][gc,phases      ] GC(1215)   Post Evacuate Collection Set: 0.55ms
[531.914s][info][gc,phases      ] GC(1215)   Other: 0.08ms
[531.914s][info][gc,heap        ] GC(1215) Eden regions: 272->0(277)
[531.914s][info][gc,heap        ] GC(1215) Survivor regions: 6->16(35)
[531.914s][info][gc,heap        ] GC(1215) Old regions: 406->406
[531.914s][info][gc,heap        ] GC(1215) Humongous regions: 5->5
[531.914s][info][gc,metaspace   ] GC(1215) Metaspace: 19074K(19200K)->19074K(19200K) NonClass: 17245K(17344K)->17245K(17344K) Class: 1829K(1856K)->1829K(1856K)
[531.914s][info][gc             ] GC(1215) Pause Young (Normal) (G1 Evacuation Pause) 688M->426M(805M) 26.886ms
[531.914s][info][gc,cpu         ] GC(1215) User=0.05s Sys=0.00s Real=0.03s
[532.370s][info][gc,marking     ] GC(1214) Concurrent Mark From Roots 939.353ms
[532.370s][info][gc,marking     ] GC(1214) Concurrent Preclean
[532.370s][info][gc,marking     ] GC(1214) Concurrent Preclean 0.048ms
[532.370s][info][gc,start       ] GC(1214) Pause Remark
[532.379s][info][gc             ] GC(1214) Pause Remark 555M->533M(805M) 8.947ms
[532.379s][info][gc,cpu         ] GC(1214) User=0.02s Sys=0.00s Real=0.01s
[532.381s][info][gc,marking     ] GC(1214) Concurrent Mark 950.611ms
[532.381s][info][gc,marking     ] GC(1214) Concurrent Rebuild Remembered Sets and Scrub Regions
[532.660s][info][gc,start       ] GC(1216) Pause Young (Normal) (G1 Evacuation Pause)
[532.660s][info][gc,task        ] GC(1216) Using 2 workers of 2 for evacuation
[532.776s][info][gc,phases      ] GC(1216)   Pre Evacuate Collection Set: 0.47ms
[532.776s][info][gc,phases      ] GC(1216)   Merge Heap Roots: 0.49ms
[532.776s][info][gc,phases      ] GC(1216)   Evacuate Collection Set: 113.57ms
[532.776s][info][gc,phases      ] GC(1216)   Post Evacuate Collection Set: 0.66ms
[532.776s][info][gc,phases      ] GC(1216)   Other: 0.11ms
[532.776s][info][gc,heap        ] GC(1216) Eden regions: 277->0(194)
[532.776s][info][gc,heap        ] GC(1216) Survivor regions: 16->37(37)
[532.776s][info][gc,heap        ] GC(1216) Old regions: 385->442
[532.776s][info][gc,heap        ] GC(1216) Humongous regions: 4->4
[532.776s][info][gc,metaspace   ] GC(1216) Metaspace: 19074K(19200K)->19074K(19200K) NonClass: 17245K(17344K)->17245K(17344K) Class: 1829K(1856K)->1829K(1856K)
[532.776s][info][gc             ] GC(1216) Pause Young (Normal) (G1 Evacuation Pause) 681M->482M(805M) 115.602ms
[532.776s][info][gc,cpu         ] GC(1216) User=0.23s Sys=0.00s Real=0.12s
[532.799s][info][gc,marking     ] GC(1214) Concurrent Rebuild Remembered Sets and Scrub Regions 417.259ms
[532.799s][info][gc,start       ] GC(1214) Pause Cleanup
[532.799s][info][gc             ] GC(1214) Pause Cleanup 496M->496M(805M) 0.112ms
[532.799s][info][gc,cpu         ] GC(1214) User=0.00s Sys=0.00s Real=0.00s
[532.801s][info][gc,marking     ] GC(1214) Concurrent Clear Claimed Marks
[532.801s][info][gc,marking     ] GC(1214) Concurrent Clear Claimed Marks 0.054ms
[532.801s][info][gc,marking     ] GC(1214) Concurrent Cleanup for Next Mark
[532.804s][info][gc,marking     ] GC(1214) Concurrent Cleanup for Next Mark 3.324ms
[532.804s][info][gc             ] GC(1214) Concurrent Mark Cycle 1433.961ms
[533.042s][info][gc,start       ] GC(1217) Pause Young (Prepare Mixed) (G1 Evacuation Pause)
[533.042s][info][gc,task        ] GC(1217) Using 2 workers of 2 for evacuation
[533.180s][info][gc,phases      ] GC(1217)   Pre Evacuate Collection Set: 0.48ms
[533.180s][info][gc,phases      ] GC(1217)   Merge Heap Roots: 0.33ms
[533.180s][info][gc,phases      ] GC(1217)   Evacuate Collection Set: 135.83ms
[533.180s][info][gc,phases      ] GC(1217)   Post Evacuate Collection Set: 0.97ms
[533.180s][info][gc,phases      ] GC(1217)   Other: 0.17ms
[533.180s][info][gc,heap        ] GC(1217) Eden regions: 194->0(126)
[533.180s][info][gc,heap        ] GC(1217) Survivor regions: 37->29(29)
[533.180s][info][gc,heap        ] GC(1217) Old regions: 442->523
[533.180s][info][gc,heap        ] GC(1217) Humongous regions: 4->4
[533.180s][info][gc,metaspace   ] GC(1217) Metaspace: 19076K(19200K)->19076K(19200K) NonClass: 17246K(17344K)->17246K(17344K) Class: 1829K(1856K)->1829K(1856K)
[533.180s][info][gc             ] GC(1217) Pause Young (Prepare Mixed) (G1 Evacuation Pause) 676M->555M(805M) 138.097ms
[533.180s][info][gc,cpu         ] GC(1217) User=0.27s Sys=0.00s Real=0.14s
[533.341s][info][gc,start       ] GC(1218) Pause Young (Mixed) (G1 Evacuation Pause)
[533.341s][info][gc,task        ] GC(1218) Using 2 workers of 2 for evacuation
[533.465s][info][gc,phases      ] GC(1218)   Pre Evacuate Collection Set: 0.31ms
[533.465s][info][gc,phases      ] GC(1218)   Merge Heap Roots: 1.24ms
[533.465s][info][gc,phases      ] GC(1218)   Evacuate Collection Set: 121.37ms
[533.465s][info][gc,phases      ] GC(1218)   Post Evacuate Collection Set: 0.75ms
[533.465s][info][gc,phases      ] GC(1218)   Other: 0.12ms
[533.465s][info][gc,heap        ] GC(1218) Eden regions: 126->0(139)
[533.465s][info][gc,heap        ] GC(1218) Survivor regions: 29->20(20)
[533.465s][info][gc,heap        ] GC(1218) Old regions: 523->524
[533.465s][info][gc,heap        ] GC(1218) Humongous regions: 4->4
[533.465s][info][gc,metaspace   ] GC(1218) Metaspace: 19077K(19264K)->19077K(19264K) NonClass: 17248K(17408K)->17248K(17408K) Class: 1829K(1856K)->1829K(1856K)
[533.465s][info][gc             ] GC(1218) Pause Young (Mixed) (G1 Evacuation Pause) 681M->547M(805M) 124.082ms
[533.465s][info][gc,cpu         ] GC(1218) User=0.24s Sys=0.00s Real=0.13s
[533.472s][info][gc,start       ] GC(1219) Pause Young (Concurrent Start) (G1 Humongous Allocation)
[533.472s][info][gc,task        ] GC(1219) Using 2 workers of 2 for evacuation
[533.502s][info][gc,phases      ] GC(1219)   Pre Evacuate Collection Set: 0.31ms
[533.502s][info][gc,phases      ] GC(1219)   Merge Heap Roots: 0.21ms
[533.502s][info][gc,phases      ] GC(1219)   Evacuate Collection Set: 27.71ms
[533.502s][info][gc,phases      ] GC(1219)   Post Evacuate Collection Set: 0.94ms
[533.502s][info][gc,phases      ] GC(1219)   Other: 0.22ms
[533.502s][info][gc,heap        ] GC(1219) Eden regions: 7->0(168)
[533.502s][info][gc,heap        ] GC(1219) Survivor regions: 20->2(20)
[533.502s][info][gc,heap        ] GC(1219) Old regions: 524->544
[533.502s][info][gc,heap        ] GC(1219) Humongous regions: 4->4
[533.502s][info][gc,metaspace   ] GC(1219) Metaspace: 19077K(19264K)->19077K(19264K) NonClass: 17248K(17408K)->17248K(17408K) Class: 1829K(1856K)->1829K(1856K)
[533.502s][info][gc             ] GC(1219) Pause Young (Concurrent Start) (G1 Humongous Allocation) 554M->549M(875M) 29.629ms
[533.502s][info][gc,cpu         ] GC(1219) User=0.06s Sys=0.00s Real=0.03s
[533.502s][info][gc             ] GC(1220) Concurrent Mark Cycle
[533.502s][info][gc,marking     ] GC(1220) Concurrent Scan Root Regions
[533.531s][info][gc,marking     ] GC(1220) Concurrent Scan Root Regions 29.162ms
[533.531s][info][gc,marking     ] GC(1220) Concurrent Mark
[533.531s][info][gc,marking     ] GC(1220) Concurrent Mark From Roots
[533.531s][info][gc,task        ] GC(1220) Using 1 workers of 1 for marking
[533.759s][info][gc,start       ] GC(1221) Pause Young (Normal) (G1 Evacuation Pause)
[533.759s][info][gc,task        ] GC(1221) Using 2 workers of 2 for evacuation
[533.791s][info][gc,phases      ] GC(1221)   Pre Evacuate Collection Set: 0.36ms
[533.791s][info][gc,phases      ] GC(1221)   Merge Heap Roots: 0.13ms
[533.791s][info][gc,phases      ] GC(1221)   Evacuate Collection Set: 30.37ms
[533.791s][info][gc,phases      ] GC(1221)   Post Evacuate Collection Set: 0.56ms
[533.791s][info][gc,phases      ] GC(1221)   Other: 0.08ms
[533.791s][info][gc,heap        ] GC(1221) Eden regions: 168->0(174)
[533.791s][info][gc,heap        ] GC(1221) Survivor regions: 2->15(22)
[533.791s][info][gc,heap        ] GC(1221) Old regions: 544->544
[533.791s][info][gc,heap        ] GC(1221) Humongous regions: 5->5
[533.791s][info][gc,metaspace   ] GC(1221) Metaspace: 19080K(19264K)->19080K(19264K) NonClass: 17251K(17408K)->17251K(17408K) Class: 1829K(1856K)->1829K(1856K)
[533.791s][info][gc             ] GC(1221) Pause Young (Normal) (G1 Evacuation Pause) 718M->563M(875M) 31.748ms
[533.791s][info][gc,cpu         ] GC(1221) User=0.04s Sys=0.01s Real=0.03s
[533.802s][info][gc,marking     ] GC(1220) Concurrent Mark From Roots 270.701ms
[533.802s][info][gc,marking     ] GC(1220) Concurrent Preclean
[533.802s][info][gc,marking     ] GC(1220) Concurrent Preclean 0.055ms
[533.802s][info][gc,start       ] GC(1220) Pause Remark
[533.812s][info][gc             ] GC(1220) Pause Remark 573M->206M(657M) 9.488ms
[533.812s][info][gc,cpu         ] GC(1220) User=0.02s Sys=0.00s Real=0.01s
[533.812s][info][gc,marking     ] GC(1220) Concurrent Mark 280.868ms
[533.812s][info][gc,marking     ] GC(1220) Concurrent Rebuild Remembered Sets and Scrub Regions
[533.929s][info][gc,marking     ] GC(1220) Concurrent Rebuild Remembered Sets and Scrub Regions 117.056ms
[533.936s][info][gc,start       ] GC(1220) Pause Cleanup
[533.936s][info][gc             ] GC(1220) Pause Cleanup 307M->307M(657M) 0.187ms
[533.936s][info][gc,cpu         ] GC(1220) User=0.00s Sys=0.00s Real=0.00s
[533.936s][info][gc,marking     ] GC(1220) Concurrent Clear Claimed Marks
[533.936s][info][gc,marking     ] GC(1220) Concurrent Clear Claimed Marks 0.037ms
[533.936s][info][gc,marking     ] GC(1220) Concurrent Cleanup for Next Mark
[533.938s][info][gc,marking     ] GC(1220) Concurrent Cleanup for Next Mark 2.406ms
[533.938s][info][gc             ] GC(1220) Concurrent Mark Cycle 436.451ms
[533.997s][info][gc,start       ] GC(1222) Pause Young (Prepare Mixed) (G1 Evacuation Pause)
[533.997s][info][gc,task        ] GC(1222) Using 2 workers of 2 for evacuation
[534.021s][info][gc,phases      ] GC(1222)   Pre Evacuate Collection Set: 0.29ms
[534.021s][info][gc,phases      ] GC(1222)   Merge Heap Roots: 0.11ms
[534.021s][info][gc,phases      ] GC(1222)   Evacuate Collection Set: 22.71ms
[534.021s][info][gc,phases      ] GC(1222)   Post Evacuate Collection Set: 0.48ms
[534.021s][info][gc,phases      ] GC(1222)   Other: 0.09ms
[534.021s][info][gc,heap        ] GC(1222) Eden regions: 174->0(275)
[534.021s][info][gc,heap        ] GC(1222) Survivor regions: 15->4(24)
[534.021s][info][gc,heap        ] GC(1222) Old regions: 181->196
[534.021s][info][gc,heap        ] GC(1222) Humongous regions: 1->1
[534.021s][info][gc,metaspace   ] GC(1222) Metaspace: 19080K(19264K)->19080K(19264K) NonClass: 17251K(17408K)->17251K(17408K) Class: 1829K(1856K)->1829K(1856K)
[534.021s][info][gc             ] GC(1222) Pause Young (Prepare Mixed) (G1 Evacuation Pause) 370M->200M(657M) 23.936ms
[534.021s][info][gc,cpu         ] GC(1222) User=0.04s Sys=0.00s Real=0.02s
[534.360s][info][gc,start       ] GC(1223) Pause Young (Mixed) (G1 Evacuation Pause)
[534.361s][info][gc,task        ] GC(1223) Using 2 workers of 2 for evacuation
[534.437s][info][gc,phases      ] GC(1223)   Pre Evacuate Collection Set: 0.31ms
[534.437s][info][gc,phases      ] GC(1223)   Merge Heap Roots: 0.15ms
[534.437s][info][gc,phases      ] GC(1223)   Evacuate Collection Set: 74.65ms
[534.437s][info][gc,phases      ] GC(1223)   Post Evacuate Collection Set: 0.90ms
[534.437s][info][gc,phases      ] GC(1223)   Other: 0.10ms
[534.437s][info][gc,heap        ] GC(1223) Eden regions: 275->0(268)
[534.437s][info][gc,heap        ] GC(1223) Survivor regions: 4->35(35)
[534.437s][info][gc,heap        ] GC(1223) Old regions: 196->168
[534.437s][info][gc,heap        ] GC(1223) Humongous regions: 1->1
[534.437s][info][gc,metaspace   ] GC(1223) Metaspace: 19082K(19264K)->19082K(19264K) NonClass: 17252K(17408K)->17252K(17408K) Class: 1829K(1856K)->1829K(1856K)
[534.437s][info][gc             ] GC(1223) Pause Young (Mixed) (G1 Evacuation Pause) 475M->203M(657M) 76.406ms
[534.437s][info][gc,cpu         ] GC(1223) User=0.15s Sys=0.00s Real=0.08s
[534.759s][info][gc,start       ] GC(1224) Pause Young (Mixed) (G1 Evacuation Pause)
[534.759s][info][gc,task        ] GC(1224) Using 2 workers of 2 for evacuation
[534.920s][info][gc,phases      ] GC(1224)   Pre Evacuate Collection Set: 0.31ms
[534.920s][info][gc,phases      ] GC(1224)   Merge Heap Roots: 0.40ms
[534.920s][info][gc,phases      ] GC(1224)   Evacuate Collection Set: 159.18ms
[534.920s][info][gc,phases      ] GC(1224)   Post Evacuate Collection Set: 0.69ms
[534.920s][info][gc,phases      ] GC(1224)   Other: 0.10ms
[534.920s][info][gc,heap        ] GC(1224) Eden regions: 268->0(202)
[534.920s][info][gc,heap        ] GC(1224) Survivor regions: 35->38(38)
[534.920s][info][gc,heap        ] GC(1224) Old regions: 168->243
[534.920s][info][gc,heap        ] GC(1224) Humongous regions: 4->4
[534.920s][info][gc,metaspace   ] GC(1224) Metaspace: 19083K(19264K)->19083K(19264K) NonClass: 17253K(17408K)->17253K(17408K) Class: 1829K(1856K)->1829K(1856K)
[534.920s][info][gc             ] GC(1224) Pause Young (Mixed) (G1 Evacuation Pause) 474M->284M(657M) 160.961ms
[534.920s][info][gc,cpu         ] GC(1224) User=0.32s Sys=0.00s Real=0.16s
[535.040s][info][gc,start       ] GC(1225) Pause Young (Concurrent Start) (G1 Evacuation Pause)
[535.040s][info][gc,task        ] GC(1225) Using 2 workers of 2 for evacuation
[535.165s][info][gc,phases      ] GC(1225)   Pre Evacuate Collection Set: 0.32ms
[535.165s][info][gc,phases      ] GC(1225)   Merge Heap Roots: 0.42ms
[535.165s][info][gc,phases      ] GC(1225)   Evacuate Collection Set: 121.93ms
[535.165s][info][gc,phases      ] GC(1225)   Post Evacuate Collection Set: 2.09ms
[535.165s][info][gc,phases      ] GC(1225)   Other: 0.16ms
[535.165s][info][gc,heap        ] GC(1225) Eden regions: 202->0(244)
[535.165s][info][gc,heap        ] GC(1225) Survivor regions: 38->30(30)
[535.165s][info][gc,heap        ] GC(1225) Old regions: 243->316
[535.165s][info][gc,heap        ] GC(1225) Humongous regions: 4->4
[535.165s][info][gc,metaspace   ] GC(1225) Metaspace: 19083K(19264K)->19083K(19264K) NonClass: 17253K(17408K)->17253K(17408K) Class: 1829K(1856K)->1829K(1856K)
[535.165s][info][gc             ] GC(1225) Pause Young (Concurrent Start) (G1 Evacuation Pause) 486M->349M(786M) 125.214ms
[535.165s][info][gc,cpu         ] GC(1225) User=0.24s Sys=0.00s Real=0.13s
[535.165s][info][gc             ] GC(1226) Concurrent Mark Cycle
[535.165s][info][gc,marking     ] GC(1226) Concurrent Scan Root Regions
[535.328s][info][gc,marking     ] GC(1226) Concurrent Scan Root Regions 162.896ms
[535.328s][info][gc,marking     ] GC(1226) Concurrent Mark
[535.328s][info][gc,marking     ] GC(1226) Concurrent Mark From Roots
[535.328s][info][gc,task        ] GC(1226) Using 1 workers of 1 for marking
[535.565s][info][gc,start       ] GC(1227) Pause Young (Normal) (G1 Evacuation Pause)
[535.565s][info][gc,task        ] GC(1227) Using 2 workers of 2 for evacuation
[535.644s][info][gc,phases      ] GC(1227)   Pre Evacuate Collection Set: 0.47ms
[535.644s][info][gc,phases      ] GC(1227)   Merge Heap Roots: 0.51ms
[535.644s][info][gc,phases      ] GC(1227)   Evacuate Collection Set: 77.65ms
[535.644s][info][gc,phases      ] GC(1227)   Post Evacuate Collection Set: 0.57ms
[535.644s][info][gc,phases      ] GC(1227)   Other: 0.11ms
[535.644s][info][gc,heap        ] GC(1227) Eden regions: 244->0(237)
[535.644s][info][gc,heap        ] GC(1227) Survivor regions: 30->30(35)
[535.644s][info][gc,heap        ] GC(1227) Old regions: 316->347
[535.644s][info][gc,heap        ] GC(1227) Humongous regions: 4->4
[535.644s][info][gc,metaspace   ] GC(1227) Metaspace: 19083K(19264K)->19083K(19264K) NonClass: 17253K(17408K)->17253K(17408K) Class: 1829K(1856K)->1829K(1856K)
[535.644s][info][gc             ] GC(1227) Pause Young (Normal) (G1 Evacuation Pause) 593M->379M(786M) 79.585ms
[535.644s][info][gc,cpu         ] GC(1227) User=0.16s Sys=0.00s Real=0.08s
[535.995s][info][gc,start       ] GC(1228) Pause Young (Normal) (G1 Evacuation Pause)
[535.995s][info][gc,task        ] GC(1228) Using 2 workers of 2 for evacuation
[536.077s][info][gc,phases      ] GC(1228)   Pre Evacuate Collection Set: 0.31ms
[536.077s][info][gc,phases      ] GC(1228)   Merge Heap Roots: 0.46ms
[536.077s][info][gc,phases      ] GC(1228)   Evacuate Collection Set: 80.57ms
[536.077s][info][gc,phases      ] GC(1228)   Post Evacuate Collection Set: 0.72ms
[536.077s][info][gc,phases      ] GC(1228)   Other: 0.13ms
[536.077s][info][gc,heap        ] GC(1228) Eden regions: 237->0(234)
[536.077s][info][gc,heap        ] GC(1228) Survivor regions: 30->23(34)
[536.077s][info][gc,heap        ] GC(1228) Old regions: 347->376
[536.077s][info][gc,heap        ] GC(1228) Humongous regions: 7->7
[536.077s][info][gc,metaspace   ] GC(1228) Metaspace: 19083K(19264K)->19083K(19264K) NonClass: 17253K(17408K)->17253K(17408K) Class: 1829K(1856K)->1829K(1856K)
[536.077s][info][gc             ] GC(1228) Pause Young (Normal) (G1 Evacuation Pause) 619M->405M(786M) 82.483ms
[536.077s][info][gc,cpu         ] GC(1228) User=0.17s Sys=0.00s Real=0.08s
[536.229s][info][gc,marking     ] GC(1226) Concurrent Mark From Roots 900.387ms
[536.229s][info][gc,marking     ] GC(1226) Concurrent Preclean
[536.229s][info][gc,marking     ] GC(1226) Concurrent Preclean 0.045ms
[536.229s][info][gc,start       ] GC(1226) Pause Remark
[536.238s][info][gc             ] GC(1226) Pause Remark 494M->491M(786M) 9.024ms
[536.238s][info][gc,cpu         ] GC(1226) User=0.01s Sys=0.00s Real=0.01s
[536.239s][info][gc,marking     ] GC(1226) Concurrent Mark 910.736ms
[536.239s][info][gc,marking     ] GC(1226) Concurrent Rebuild Remembered Sets and Scrub Regions
[536.461s][info][gc,start       ] GC(1229) Pause Young (Normal) (G1 Evacuation Pause)
[536.462s][info][gc,task        ] GC(1229) Using 2 workers of 2 for evacuation
[536.548s][info][gc,phases      ] GC(1229)   Pre Evacuate Collection Set: 0.46ms
[536.549s][info][gc,phases      ] GC(1229)   Merge Heap Roots: 0.53ms
[536.549s][info][gc,phases      ] GC(1229)   Evacuate Collection Set: 85.22ms
[536.549s][info][gc,phases      ] GC(1229)   Post Evacuate Collection Set: 0.58ms
[536.549s][info][gc,phases      ] GC(1229)   Other: 0.12ms
[536.549s][info][gc,heap        ] GC(1229) Eden regions: 234->0(221)
[536.549s][info][gc,heap        ] GC(1229) Survivor regions: 23->33(33)
[536.549s][info][gc,heap        ] GC(1229) Old regions: 374->397
[536.549s][info][gc,heap        ] GC(1229) Humongous regions: 6->6
[536.549s][info][gc,metaspace   ] GC(1229) Metaspace: 19083K(19264K)->19083K(19264K) NonClass: 17253K(17408K)->17253K(17408K) Class: 1829K(1856K)->1829K(1856K)
[536.549s][info][gc             ] GC(1229) Pause Young (Normal) (G1 Evacuation Pause) 636M->435M(786M) 87.185ms
[536.549s][info][gc,cpu         ] GC(1229) User=0.17s Sys=0.00s Real=0.09s
[536.670s][info][gc,marking     ] GC(1226) Concurrent Rebuild Remembered Sets and Scrub Regions 431.152ms
[536.670s][info][gc,start       ] GC(1226) Pause Cleanup
[536.671s][info][gc             ] GC(1226) Pause Cleanup 540M->540M(786M) 0.103ms
[536.671s][info][gc,cpu         ] GC(1226) User=0.00s Sys=0.00s Real=0.00s
[536.671s][info][gc,marking     ] GC(1226) Concurrent Clear Claimed Marks
[536.671s][info][gc,marking     ] GC(1226) Concurrent Clear Claimed Marks 0.056ms
[536.671s][info][gc,marking     ] GC(1226) Concurrent Cleanup for Next Mark
[536.681s][info][gc,marking     ] GC(1226) Concurrent Cleanup for Next Mark 9.098ms
[536.681s][info][gc             ] GC(1226) Concurrent Mark Cycle 1515.334ms
[536.768s][info][gc,start       ] GC(1230) Pause Young (Prepare Mixed) (G1 Evacuation Pause)
[536.768s][info][gc,task        ] GC(1230) Using 2 workers of 2 for evacuation
[536.842s][info][gc,phases      ] GC(1230)   Pre Evacuate Collection Set: 0.28ms
[536.842s][info][gc,phases      ] GC(1230)   Merge Heap Roots: 0.34ms
[536.842s][info][gc,phases      ] GC(1230)   Evacuate Collection Set: 72.37ms
[536.842s][info][gc,phases      ] GC(1230)   Post Evacuate Collection Set: 0.55ms
[536.842s][info][gc,phases      ] GC(1230)   Other: 0.10ms
[536.842s][info][gc,heap        ] GC(1230) Eden regions: 221->0(212)
[536.842s][info][gc,heap        ] GC(1230) Survivor regions: 33->25(32)
[536.842s][info][gc,heap        ] GC(1230) Old regions: 397->430
[536.842s][info][gc,heap        ] GC(1230) Humongous regions: 6->6
[536.842s][info][gc,metaspace   ] GC(1230) Metaspace: 19083K(19264K)->19083K(19264K) NonClass: 17253K(17408K)->17253K(17408K) Class: 1829K(1856K)->1829K(1856K)
[536.842s][info][gc             ] GC(1230) Pause Young (Prepare Mixed) (G1 Evacuation Pause) 656M->459M(786M) 73.930ms
[536.842s][info][gc,cpu         ] GC(1230) User=0.15s Sys=0.00s Real=0.07s
[537.127s][info][gc,start       ] GC(1231) Pause Young (Mixed) (G1 Evacuation Pause)
[537.127s][info][gc,task        ] GC(1231) Using 2 workers of 2 for evacuation
[537.174s][info][gc,phases      ] GC(1231)   Pre Evacuate Collection Set: 0.46ms
[537.174s][info][gc,phases      ] GC(1231)   Merge Heap Roots: 0.31ms
[537.174s][info][gc,phases      ] GC(1231)   Evacuate Collection Set: 44.97ms
[537.174s][info][gc,phases      ] GC(1231)   Post Evacuate Collection Set: 0.59ms
[537.174s][info][gc,phases      ] GC(1231)   Other: 0.09ms
[537.174s][info][gc,heap        ] GC(1231) Eden regions: 212->0(233)
[537.174s][info][gc,heap        ] GC(1231) Survivor regions: 25->4(30)
[537.174s][info][gc,heap        ] GC(1231) Old regions: 430->441
[537.174s][info][gc,heap        ] GC(1231) Humongous regions: 6->6
[537.174s][info][gc,metaspace   ] GC(1231) Metaspace: 19083K(19264K)->19083K(19264K) NonClass: 17253K(17408K)->17253K(17408K) Class: 1829K(1856K)->1829K(1856K)
[537.174s][info][gc             ] GC(1231) Pause Young (Mixed) (G1 Evacuation Pause) 671M->450M(786M) 46.678ms
[537.174s][info][gc,cpu         ] GC(1231) User=0.09s Sys=0.00s Real=0.04s
[537.700s][info][gc,start       ] GC(1232) Pause Young (Concurrent Start) (G1 Evacuation Pause)
[537.700s][info][gc,task        ] GC(1232) Using 2 workers of 2 for evacuation
[537.740s][info][gc,phases      ] GC(1232)   Pre Evacuate Collection Set: 0.33ms
[537.740s][info][gc,phases      ] GC(1232)   Merge Heap Roots: 0.25ms
[537.740s][info][gc,phases      ] GC(1232)   Evacuate Collection Set: 37.73ms
[537.740s][info][gc,phases      ] GC(1232)   Post Evacuate Collection Set: 1.31ms
[537.740s][info][gc,phases      ] GC(1232)   Other: 0.14ms
[537.740s][info][gc,heap        ] GC(1232) Eden regions: 233->0(270)
[537.740s][info][gc,heap        ] GC(1232) Survivor regions: 4->27(30)
[537.740s][info][gc,heap        ] GC(1232) Old regions: 441->441
[537.740s][info][gc,heap        ] GC(1232) Humongous regions: 6->6
[537.740s][info][gc,metaspace   ] GC(1232) Metaspace: 19083K(19264K)->19083K(19264K) NonClass: 17253K(17408K)->17253K(17408K) Class: 1829K(1856K)->1829K(1856K)
[537.740s][info][gc             ] GC(1232) Pause Young (Concurrent Start) (G1 Evacuation Pause) 683M->473M(855M) 40.013ms
[537.740s][info][gc,cpu         ] GC(1232) User=0.08s Sys=0.00s Real=0.04s
[537.740s][info][gc             ] GC(1233) Concurrent Mark Cycle
[537.740s][info][gc,marking     ] GC(1233) Concurrent Scan Root Regions
[537.798s][info][gc,marking     ] GC(1233) Concurrent Scan Root Regions 58.436ms
[537.798s][info][gc,marking     ] GC(1233) Concurrent Mark
[537.798s][info][gc,marking     ] GC(1233) Concurrent Mark From Roots
[537.798s][info][gc,task        ] GC(1233) Using 1 workers of 1 for marking
[538.834s][info][gc,marking     ] GC(1233) Concurrent Mark From Roots 1035.449ms
[538.834s][info][gc,marking     ] GC(1233) Concurrent Preclean
[538.834s][info][gc,marking     ] GC(1233) Concurrent Preclean 0.057ms
[538.834s][info][gc,start       ] GC(1233) Pause Remark
[538.843s][info][gc             ] GC(1233) Pause Remark 711M->628M(855M) 8.949ms
[538.843s][info][gc,cpu         ] GC(1233) User=0.02s Sys=0.00s Real=0.01s
[538.843s][info][gc,marking     ] GC(1233) Concurrent Mark 1044.802ms
[538.843s][info][gc,marking     ] GC(1233) Concurrent Rebuild Remembered Sets and Scrub Regions
[538.949s][info][gc,start       ] GC(1234) Pause Young (Normal) (G1 Evacuation Pause)
[538.949s][info][gc,task        ] GC(1234) Using 2 workers of 2 for evacuation
[538.985s][info][gc,phases      ] GC(1234)   Pre Evacuate Collection Set: 0.30ms
[538.985s][info][gc,phases      ] GC(1234)   Merge Heap Roots: 0.24ms
[538.985s][info][gc,phases      ] GC(1234)   Evacuate Collection Set: 33.96ms
[538.985s][info][gc,phases      ] GC(1234)   Post Evacuate Collection Set: 0.52ms
[538.985s][info][gc,phases      ] GC(1234)   Other: 0.09ms
[538.985s][info][gc,heap        ] GC(1234) Eden regions: 270->0(347)
[538.985s][info][gc,heap        ] GC(1234) Survivor regions: 27->1(38)
[538.985s][info][gc,heap        ] GC(1234) Old regions: 360->386
[538.985s][info][gc,heap        ] GC(1234) Humongous regions: 4->4
[538.985s][info][gc,metaspace   ] GC(1234) Metaspace: 19083K(19264K)->19083K(19264K) NonClass: 17253K(17408K)->17253K(17408K) Class: 1829K(1856K)->1829K(1856K)
[538.985s][info][gc             ] GC(1234) Pause Young (Normal) (G1 Evacuation Pause) 660M->390M(855M) 35.364ms
[538.985s][info][gc,cpu         ] GC(1234) User=0.07s Sys=0.00s Real=0.04s
[539.267s][info][gc,marking     ] GC(1233) Concurrent Rebuild Remembered Sets and Scrub Regions 423.561ms
[539.267s][info][gc,start       ] GC(1233) Pause Cleanup
[539.267s][info][gc             ] GC(1233) Pause Cleanup 469M->469M(855M) 0.101ms
[539.267s][info][gc,cpu         ] GC(1233) User=0.00s Sys=0.00s Real=0.00s
[539.267s][info][gc,marking     ] GC(1233) Concurrent Clear Claimed Marks
[539.267s][info][gc,marking     ] GC(1233) Concurrent Clear Claimed Marks 0.036ms
[539.267s][info][gc,marking     ] GC(1233) Concurrent Cleanup for Next Mark
[539.271s][info][gc,marking     ] GC(1233) Concurrent Cleanup for Next Mark 3.448ms
[539.271s][info][gc             ] GC(1233) Concurrent Mark Cycle 1530.875ms
[539.733s][info][gc,start       ] GC(1235) Pause Young (Prepare Mixed) (G1 Evacuation Pause)
[539.733s][info][gc,task        ] GC(1235) Using 2 workers of 2 for evacuation
[539.803s][info][gc,phases      ] GC(1235)   Pre Evacuate Collection Set: 0.55ms
[539.803s][info][gc,phases      ] GC(1235)   Merge Heap Roots: 0.44ms
[539.803s][info][gc,phases      ] GC(1235)   Evacuate Collection Set: 67.97ms
[539.803s][info][gc,phases      ] GC(1235)   Post Evacuate Collection Set: 0.78ms
[539.803s][info][gc,phases      ] GC(1235)   Other: 0.14ms
[539.803s][info][gc,heap        ] GC(1235) Eden regions: 347->0(302)
[539.803s][info][gc,heap        ] GC(1235) Survivor regions: 1->44(44)
[539.803s][info][gc,heap        ] GC(1235) Old regions: 386->389
[539.803s][info][gc,heap        ] GC(1235) Humongous regions: 4->4
[539.803s][info][gc,metaspace   ] GC(1235) Metaspace: 19083K(19264K)->19083K(19264K) NonClass: 17253K(17408K)->17253K(17408K) Class: 1829K(1856K)->1829K(1856K)
[539.803s][info][gc             ] GC(1235) Pause Young (Prepare Mixed) (G1 Evacuation Pause) 737M->436M(855M) 70.160ms
[539.803s][info][gc,cpu         ] GC(1235) User=0.13s Sys=0.00s Real=0.07s
[540.417s][info][gc,start       ] GC(1236) Pause Young (Mixed) (G1 Evacuation Pause)
[540.417s][info][gc,task        ] GC(1236) Using 2 workers of 2 for evacuation
[540.527s][info][gc,phases      ] GC(1236)   Pre Evacuate Collection Set: 0.32ms
[540.528s][info][gc,phases      ] GC(1236)   Merge Heap Roots: 0.54ms
[540.528s][info][gc,phases      ] GC(1236)   Evacuate Collection Set: 108.38ms
[540.528s][info][gc,phases      ] GC(1236)   Post Evacuate Collection Set: 0.80ms
[540.528s][info][gc,phases      ] GC(1236)   Other: 0.11ms
[540.528s][info][gc,heap        ] GC(1236) Eden regions: 302->0(284)
[540.528s][info][gc,heap        ] GC(1236) Survivor regions: 44->38(44)
[540.528s][info][gc,heap        ] GC(1236) Old regions: 389->415
[540.528s][info][gc,heap        ] GC(1236) Humongous regions: 4->4
[540.528s][info][gc,metaspace   ] GC(1236) Metaspace: 19083K(19264K)->19083K(19264K) NonClass: 17253K(17408K)->17253K(17408K) Class: 1829K(1856K)->1829K(1856K)
[540.528s][info][gc             ] GC(1236) Pause Young (Mixed) (G1 Evacuation Pause) 738M->456M(855M) 110.424ms
[540.528s][info][gc,cpu         ] GC(1236) User=0.22s Sys=0.00s Real=0.11s
[540.537s][info][gc,start       ] GC(1237) Pause Young (Concurrent Start) (G1 Humongous Allocation)
[540.537s][info][gc,task        ] GC(1237) Using 2 workers of 2 for evacuation
[540.596s][info][gc,phases      ] GC(1237)   Pre Evacuate Collection Set: 0.38ms
[540.596s][info][gc,phases      ] GC(1237)   Merge Heap Roots: 0.28ms
[540.596s][info][gc,phases      ] GC(1237)   Evacuate Collection Set: 58.03ms
[540.596s][info][gc,phases      ] GC(1237)   Post Evacuate Collection Set: 0.45ms
[540.596s][info][gc,phases      ] GC(1237)   Other: 0.13ms
[540.596s][info][gc,heap        ] GC(1237) Eden regions: 6->0(195)
[540.596s][info][gc,heap        ] GC(1237) Survivor regions: 38->4(41)
[540.596s][info][gc,heap        ] GC(1237) Old regions: 415->453
[540.596s][info][gc,heap        ] GC(1237) Humongous regions: 4->4
[540.596s][info][gc,metaspace   ] GC(1237) Metaspace: 19083K(19264K)->19083K(19264K) NonClass: 17253K(17408K)->17253K(17408K) Class: 1829K(1856K)->1829K(1856K)
[540.596s][info][gc             ] GC(1237) Pause Young (Concurrent Start) (G1 Humongous Allocation) 462M->460M(855M) 59.507ms
[540.596s][info][gc,cpu         ] GC(1237) User=0.11s Sys=0.00s Real=0.06s
[540.596s][info][gc             ] GC(1238) Concurrent Mark Cycle
[540.596s][info][gc,marking     ] GC(1238) Concurrent Scan Root Regions
[540.638s][info][gc,marking     ] GC(1238) Concurrent Scan Root Regions 41.484ms
[540.638s][info][gc,marking     ] GC(1238) Concurrent Mark
[540.638s][info][gc,marking     ] GC(1238) Concurrent Mark From Roots
[540.638s][info][gc,task        ] GC(1238) Using 1 workers of 1 for marking
[541.200s][info][gc,start       ] GC(1239) Pause Young (Normal) (G1 Evacuation Pause)
[541.200s][info][gc,task        ] GC(1239) Using 2 workers of 2 for evacuation
[541.261s][info][gc,phases      ] GC(1239)   Pre Evacuate Collection Set: 0.30ms
[541.261s][info][gc,phases      ] GC(1239)   Merge Heap Roots: 0.24ms
[541.261s][info][gc,phases      ] GC(1239)   Evacuate Collection Set: 60.22ms
[541.261s][info][gc,phases      ] GC(1239)   Post Evacuate Collection Set: 0.49ms
[541.261s][info][gc,phases      ] GC(1239)   Other: 0.10ms
[541.261s][info][gc,heap        ] GC(1239) Eden regions: 195->0(185)
[541.261s][info][gc,heap        ] GC(1239) Survivor regions: 4->25(25)
[541.261s][info][gc,heap        ] GC(1239) Old regions: 453->471
[541.261s][info][gc,heap        ] GC(1239) Humongous regions: 7->7
[541.261s][info][gc,metaspace   ] GC(1239) Metaspace: 19083K(19264K)->19083K(19264K) NonClass: 17253K(17408K)->17253K(17408K) Class: 1829K(1856K)->1829K(1856K)
[541.261s][info][gc             ] GC(1239) Pause Young (Normal) (G1 Evacuation Pause) 658M->502M(855M) 61.599ms
[541.261s][info][gc,cpu         ] GC(1239) User=0.12s Sys=0.00s Real=0.06s
[541.516s][info][gc,start       ] GC(1240) Pause Young (Normal) (G1 Evacuation Pause)
[541.516s][info][gc,task        ] GC(1240) Using 2 workers of 2 for evacuation
[541.596s][info][gc,phases      ] GC(1240)   Pre Evacuate Collection Set: 0.29ms
[541.596s][info][gc,phases      ] GC(1240)   Merge Heap Roots: 0.19ms
[541.596s][info][gc,phases      ] GC(1240)   Evacuate Collection Set: 78.60ms
[541.596s][info][gc,phases      ] GC(1240)   Post Evacuate Collection Set: 1.07ms
[541.596s][info][gc,phases      ] GC(1240)   Other: 0.11ms
[541.596s][info][gc,heap        ] GC(1240) Eden regions: 185->0(192)
[541.596s][info][gc,heap        ] GC(1240) Survivor regions: 25->27(27)
[541.596s][info][gc,heap        ] GC(1240) Old regions: 471->509
[541.596s][info][gc,heap        ] GC(1240) Humongous regions: 7->7
[541.596s][info][gc,metaspace   ] GC(1240) Metaspace: 19083K(19264K)->19083K(19264K) NonClass: 17253K(17408K)->17253K(17408K) Class: 1829K(1856K)->1829K(1856K)
[541.596s][info][gc             ] GC(1240) Pause Young (Normal) (G1 Evacuation Pause) 687M->542M(899M) 80.506ms
[541.596s][info][gc,cpu         ] GC(1240) User=0.16s Sys=0.00s Real=0.08s
[541.828s][info][gc,start       ] GC(1241) Pause Young (Normal) (G1 Evacuation Pause)
[541.828s][info][gc,task        ] GC(1241) Using 2 workers of 2 for evacuation
[541.884s][info][gc,phases      ] GC(1241)   Pre Evacuate Collection Set: 0.51ms
[541.884s][info][gc,phases      ] GC(1241)   Merge Heap Roots: 0.34ms
[541.884s][info][gc,phases      ] GC(1241)   Evacuate Collection Set: 54.44ms
[541.884s][info][gc,phases      ] GC(1241)   Post Evacuate Collection Set: 0.49ms
[541.884s][info][gc,phases      ] GC(1241)   Other: 0.09ms
[541.884s][info][gc,heap        ] GC(1241) Eden regions: 192->0(195)
[541.884s][info][gc,heap        ] GC(1241) Survivor regions: 27->18(28)
[541.884s][info][gc,heap        ] GC(1241) Old regions: 509->537
[541.884s][info][gc,heap        ] GC(1241) Humongous regions: 7->7
[541.884s][info][gc,metaspace   ] GC(1241) Metaspace: 19083K(19264K)->19083K(19264K) NonClass: 17253K(17408K)->17253K(17408K) Class: 1829K(1856K)->1829K(1856K)
[541.884s][info][gc             ] GC(1241) Pause Young (Normal) (G1 Evacuation Pause) 734M->561M(899M) 56.128ms
[541.884s][info][gc,cpu         ] GC(1241) User=0.11s Sys=0.00s Real=0.05s
[542.058s][info][gc,start       ] GC(1242) Pause Young (Normal) (G1 Evacuation Pause)
[542.058s][info][gc,task        ] GC(1242) Using 2 workers of 2 for evacuation
[542.083s][info][gc,phases      ] GC(1242)   Pre Evacuate Collection Set: 0.28ms
[542.083s][info][gc,phases      ] GC(1242)   Merge Heap Roots: 0.23ms
[542.083s][info][gc,phases      ] GC(1242)   Evacuate Collection Set: 24.03ms
[542.083s][info][gc,phases      ] GC(1242)   Post Evacuate Collection Set: 0.45ms
[542.083s][info][gc,phases      ] GC(1242)   Other: 0.10ms
[542.083s][info][gc,heap        ] GC(1242) Eden regions: 195->0(209)
[542.083s][info][gc,heap        ] GC(1242) Survivor regions: 18->2(27)
[542.083s][info][gc,heap        ] GC(1242) Old regions: 537->555
[542.083s][info][gc,heap        ] GC(1242) Humongous regions: 7->7
[542.084s][info][gc,metaspace   ] GC(1242) Metaspace: 19083K(19264K)->19083K(19264K) NonClass: 17253K(17408K)->17253K(17408K) Class: 1829K(1856K)->1829K(1856K)
[542.084s][info][gc             ] GC(1242) Pause Young (Normal) (G1 Evacuation Pause) 756M->562M(899M) 25.389ms
[542.084s][info][gc,cpu         ] GC(1242) User=0.05s Sys=0.00s Real=0.02s
[542.290s][info][gc,marking     ] GC(1238) Concurrent Mark From Roots 1652.201ms
[542.290s][info][gc,marking     ] GC(1238) Concurrent Preclean
[542.290s][info][gc,marking     ] GC(1238) Concurrent Preclean 0.056ms
[542.290s][info][gc,start       ] GC(1238) Pause Remark
[542.300s][info][gc             ] GC(1238) Pause Remark 716M->707M(927M) 9.075ms
[542.300s][info][gc,cpu         ] GC(1238) User=0.01s Sys=0.00s Real=0.01s
[542.300s][info][gc,marking     ] GC(1238) Concurrent Mark 1662.223ms
[542.300s][info][gc,marking     ] GC(1238) Concurrent Rebuild Remembered Sets and Scrub Regions
[542.396s][info][gc,start       ] GC(1243) Pause Young (Normal) (G1 Evacuation Pause)
[542.396s][info][gc,task        ] GC(1243) Using 2 workers of 2 for evacuation
[542.438s][info][gc,phases      ] GC(1243)   Pre Evacuate Collection Set: 0.31ms
[542.438s][info][gc,phases      ] GC(1243)   Merge Heap Roots: 0.31ms
[542.438s][info][gc,phases      ] GC(1243)   Evacuate Collection Set: 40.48ms
[542.438s][info][gc,phases      ] GC(1243)   Post Evacuate Collection Set: 0.56ms
[542.438s][info][gc,phases      ] GC(1243)   Other: 0.11ms
[542.438s][info][gc,heap        ] GC(1243) Eden regions: 209->0(222)
[542.438s][info][gc,heap        ] GC(1243) Survivor regions: 2->23(27)
[542.438s][info][gc,heap        ] GC(1243) Old regions: 546->546
[542.438s][info][gc,heap        ] GC(1243) Humongous regions: 8->8
[542.438s][info][gc,metaspace   ] GC(1243) Metaspace: 19083K(19264K)->19083K(19264K) NonClass: 17253K(17408K)->17253K(17408K) Class: 1829K(1856K)->1829K(1856K)
[542.438s][info][gc             ] GC(1243) Pause Young (Normal) (G1 Evacuation Pause) 763M->576M(927M) 42.032ms
[542.438s][info][gc,cpu         ] GC(1243) User=0.08s Sys=0.00s Real=0.04s
[542.711s][info][gc,start       ] GC(1244) Pause Young (Normal) (G1 Evacuation Pause)
[542.711s][info][gc,task        ] GC(1244) Using 2 workers of 2 for evacuation
[542.787s][info][gc,phases      ] GC(1244)   Pre Evacuate Collection Set: 0.40ms
[542.787s][info][gc,phases      ] GC(1244)   Merge Heap Roots: 0.27ms
[542.787s][info][gc,phases      ] GC(1244)   Evacuate Collection Set: 74.54ms
[542.787s][info][gc,phases      ] GC(1244)   Post Evacuate Collection Set: 0.65ms
[542.788s][info][gc,phases      ] GC(1244)   Other: 0.12ms
[542.788s][info][gc,heap        ] GC(1244) Eden regions: 222->0(216)
[542.788s][info][gc,heap        ] GC(1244) Survivor regions: 23->23(31)
[542.788s][info][gc,heap        ] GC(1244) Old regions: 546->569
[542.788s][info][gc,heap        ] GC(1244) Humongous regions: 8->8
[542.788s][info][gc,metaspace   ] GC(1244) Metaspace: 19083K(19264K)->19083K(19264K) NonClass: 17253K(17408K)->17253K(17408K) Class: 1829K(1856K)->1829K(1856K)
[542.788s][info][gc             ] GC(1244) Pause Young (Normal) (G1 Evacuation Pause) 798M->598M(927M) 76.372ms
[542.788s][info][gc,cpu         ] GC(1244) User=0.15s Sys=0.00s Real=0.08s
[543.148s][info][gc,marking     ] GC(1238) Concurrent Rebuild Remembered Sets and Scrub Regions 847.818ms
[543.150s][info][gc,start       ] GC(1238) Pause Cleanup
[543.150s][info][gc             ] GC(1238) Pause Cleanup 773M->773M(927M) 0.151ms
[543.150s][info][gc,cpu         ] GC(1238) User=0.00s Sys=0.00s Real=0.00s
[543.151s][info][gc,marking     ] GC(1238) Concurrent Clear Claimed Marks
[543.151s][info][gc,marking     ] GC(1238) Concurrent Clear Claimed Marks 0.060ms
[543.151s][info][gc,marking     ] GC(1238) Concurrent Cleanup for Next Mark
[543.158s][info][gc,marking     ] GC(1238) Concurrent Cleanup for Next Mark 7.762ms
[543.158s][info][gc             ] GC(1238) Concurrent Mark Cycle 2562.002ms
[543.394s][info][gc,start       ] GC(1245) Pause Young (Prepare Mixed) (G1 Evacuation Pause)
[543.394s][info][gc,task        ] GC(1245) Using 2 workers of 2 for evacuation
[543.450s][info][gc,phases      ] GC(1245)   Pre Evacuate Collection Set: 0.50ms
[543.450s][info][gc,phases      ] GC(1245)   Merge Heap Roots: 0.34ms
[543.450s][info][gc,phases      ] GC(1245)   Evacuate Collection Set: 54.28ms
[543.450s][info][gc,phases      ] GC(1245)   Post Evacuate Collection Set: 0.61ms
[543.450s][info][gc,phases      ] GC(1245)   Other: 0.11ms
[543.450s][info][gc,heap        ] GC(1245) Eden regions: 216->0(213)
[543.450s][info][gc,heap        ] GC(1245) Survivor regions: 23->19(30)
[543.450s][info][gc,heap        ] GC(1245) Old regions: 569->591
[543.450s][info][gc,heap        ] GC(1245) Humongous regions: 8->8
[543.450s][info][gc,metaspace   ] GC(1245) Metaspace: 19083K(19264K)->19083K(19264K) NonClass: 17253K(17408K)->17253K(17408K) Class: 1829K(1856K)->1829K(1856K)
[543.450s][info][gc             ] GC(1245) Pause Young (Prepare Mixed) (G1 Evacuation Pause) 814M->617M(927M) 56.144ms
[543.450s][info][gc,cpu         ] GC(1245) User=0.11s Sys=0.00s Real=0.06s
[544.017s][info][gc,start       ] GC(1246) Pause Young (Mixed) (G1 Evacuation Pause)
[544.017s][info][gc,task        ] GC(1246) Using 2 workers of 2 for evacuation
[544.098s][info][gc,phases      ] GC(1246)   Pre Evacuate Collection Set: 0.31ms
[544.098s][info][gc,phases      ] GC(1246)   Merge Heap Roots: 0.72ms
[544.098s][info][gc,phases      ] GC(1246)   Evacuate Collection Set: 79.60ms
[544.098s][info][gc,phases      ] GC(1246)   Post Evacuate Collection Set: 0.69ms
[544.098s][info][gc,phases      ] GC(1246)   Other: 0.11ms
[544.098s][info][gc,heap        ] GC(1246) Eden regions: 213->0(228)
[544.098s][info][gc,heap        ] GC(1246) Survivor regions: 19->8(29)
[544.098s][info][gc,heap        ] GC(1246) Old regions: 591->601
[544.098s][info][gc,heap        ] GC(1246) Humongous regions: 8->8
[544.098s][info][gc,metaspace   ] GC(1246) Metaspace: 19083K(19264K)->19083K(19264K) NonClass: 17253K(17408K)->17253K(17408K) Class: 1829K(1856K)->1829K(1856K)
[544.098s][info][gc             ] GC(1246) Pause Young (Mixed) (G1 Evacuation Pause) 830M->616M(940M) 81.685ms
[544.098s][info][gc,cpu         ] GC(1246) User=0.15s Sys=0.00s Real=0.08s
[544.437s][info][gc,start       ] GC(1247) Pause Young (Concurrent Start) (G1 Evacuation Pause)
[544.438s][info][gc,task        ] GC(1247) Using 2 workers of 2 for evacuation
[544.467s][info][gc,phases      ] GC(1247)   Pre Evacuate Collection Set: 0.32ms
[544.467s][info][gc,phases      ] GC(1247)   Merge Heap Roots: 0.12ms
[544.467s][info][gc,phases      ] GC(1247)   Evacuate Collection Set: 28.14ms
[544.467s][info][gc,phases      ] GC(1247)   Post Evacuate Collection Set: 0.55ms
[544.467s][info][gc,phases      ] GC(1247)   Other: 0.13ms
[544.467s][info][gc,heap        ] GC(1247) Eden regions: 228->0(225)
[544.467s][info][gc,heap        ] GC(1247) Survivor regions: 8->24(30)
[544.467s][info][gc,heap        ] GC(1247) Old regions: 601->601
[544.467s][info][gc,heap        ] GC(1247) Humongous regions: 8->8
[544.467s][info][gc,metaspace   ] GC(1247) Metaspace: 19083K(19264K)->19083K(19264K) NonClass: 17253K(17408K)->17253K(17408K) Class: 1829K(1856K)->1829K(1856K)
[544.467s][info][gc             ] GC(1247) Pause Young (Concurrent Start) (G1 Evacuation Pause) 844M->632M(940M) 29.524ms
[544.467s][info][gc             ] GC(1248) Concurrent Mark Cycle
[544.467s][info][gc,marking     ] GC(1248) Concurrent Scan Root Regions
[544.468s][info][gc,cpu         ] GC(1247) User=0.06s Sys=0.00s Real=0.03s
[544.505s][info][gc,marking     ] GC(1248) Concurrent Scan Root Regions 37.753ms
[544.505s][info][gc,marking     ] GC(1248) Concurrent Mark
[544.505s][info][gc,marking     ] GC(1248) Concurrent Mark From Roots
[544.505s][info][gc,task        ] GC(1248) Using 1 workers of 1 for marking
[544.815s][info][gc,start       ] GC(1249) Pause Young (Normal) (G1 Evacuation Pause)
[544.815s][info][gc,task        ] GC(1249) Using 2 workers of 2 for evacuation
[544.923s][info][gc,phases      ] GC(1249)   Pre Evacuate Collection Set: 0.33ms
[544.923s][info][gc,phases      ] GC(1249)   Merge Heap Roots: 0.12ms
[544.923s][info][gc,phases      ] GC(1249)   Evacuate Collection Set: 105.95ms
[544.923s][info][gc,phases      ] GC(1249)   Post Evacuate Collection Set: 0.77ms
[544.923s][info][gc,phases      ] GC(1249)   Other: 0.09ms
[544.923s][info][gc,heap        ] GC(1249) Eden regions: 225->0(164)
[544.923s][info][gc,heap        ] GC(1249) Survivor regions: 24->32(32)
[544.923s][info][gc,heap        ] GC(1249) Old regions: 601->666
[544.923s][info][gc,heap        ] GC(1249) Humongous regions: 8->8
[544.923s][info][gc,metaspace   ] GC(1249) Metaspace: 19083K(19264K)->19083K(19264K) NonClass: 17253K(17408K)->17253K(17408K) Class: 1829K(1856K)->1829K(1856K)
[544.923s][info][gc             ] GC(1249) Pause Young (Normal) (G1 Evacuation Pause) 857M->705M(955M) 107.528ms
[544.923s][info][gc,cpu         ] GC(1249) User=0.20s Sys=0.01s Real=0.10s
[545.421s][info][gc,start       ] GC(1250) Pause Young (Normal) (G1 Evacuation Pause)
[545.421s][info][gc,task        ] GC(1250) Using 2 workers of 2 for evacuation
[545.478s][info][gc,phases      ] GC(1250)   Pre Evacuate Collection Set: 0.56ms
[545.478s][info][gc,phases      ] GC(1250)   Merge Heap Roots: 0.43ms
[545.478s][info][gc,phases      ] GC(1250)   Evacuate Collection Set: 55.01ms
[545.478s][info][gc,phases      ] GC(1250)   Post Evacuate Collection Set: 0.59ms
[545.478s][info][gc,phases      ] GC(1250)   Other: 0.09ms
[545.478s][info][gc,heap        ] GC(1250) Eden regions: 164->0(169)
[545.478s][info][gc,heap        ] GC(1250) Survivor regions: 32->7(25)
[545.478s][info][gc,heap        ] GC(1250) Old regions: 666->699
[545.478s][info][gc,heap        ] GC(1250) Humongous regions: 8->8
[545.478s][info][gc,metaspace   ] GC(1250) Metaspace: 19083K(19264K)->19083K(19264K) NonClass: 17253K(17408K)->17253K(17408K) Class: 1829K(1856K)->1829K(1856K)
[545.478s][info][gc             ] GC(1250) Pause Young (Normal) (G1 Evacuation Pause) 869M->712M(955M) 56.992ms
[545.478s][info][gc,cpu         ] GC(1250) User=0.11s Sys=0.01s Real=0.06s
[545.898s][info][gc,start       ] GC(1251) Pause Young (Normal) (G1 Evacuation Pause)
[545.898s][info][gc,task        ] GC(1251) Using 2 workers of 2 for evacuation
[545.994s][info][gc,phases      ] GC(1251)   Pre Evacuate Collection Set: 0.31ms
[545.994s][info][gc,phases      ] GC(1251)   Merge Heap Roots: 0.79ms
[545.994s][info][gc,phases      ] GC(1251)   Evacuate Collection Set: 93.21ms
[545.994s][info][gc,phases      ] GC(1251)   Post Evacuate Collection Set: 0.74ms
[545.994s][info][gc,phases      ] GC(1251)   Other: 0.08ms
[545.994s][info][gc,heap        ] GC(1251) Eden regions: 169->0(128)
[545.994s][info][gc,heap        ] GC(1251) Survivor regions: 7->22(22)
[545.994s][info][gc,heap        ] GC(1251) Old regions: 699->727
[545.994s][info][gc,heap        ] GC(1251) Humongous regions: 11->11
[545.994s][info][gc,metaspace   ] GC(1251) Metaspace: 19083K(19264K)->19083K(19264K) NonClass: 17253K(17408K)->17253K(17408K) Class: 1829K(1856K)->1829K(1856K)
[545.994s][info][gc             ] GC(1251) Pause Young (Normal) (G1 Evacuation Pause) 884M->759M(959M) 95.376ms
[545.994s][info][gc,cpu         ] GC(1251) User=0.19s Sys=0.00s Real=0.09s
[546.117s][info][gc,marking     ] GC(1248) Concurrent Mark From Roots 1612.321ms
[546.117s][info][gc,marking     ] GC(1248) Concurrent Preclean
[546.117s][info][gc,marking     ] GC(1248) Concurrent Preclean 0.052ms
[546.117s][info][gc,start       ] GC(1248) Pause Remark
[546.127s][info][gc             ] GC(1248) Pause Remark 803M->707M(978M) 9.293ms
[546.127s][info][gc,cpu         ] GC(1248) User=0.02s Sys=0.00s Real=0.01s
[546.127s][info][gc,marking     ] GC(1248) Concurrent Mark 1622.019ms
[546.127s][info][gc,marking     ] GC(1248) Concurrent Rebuild Remembered Sets and Scrub Regions
[546.250s][info][gc,start       ] GC(1252) Pause Young (Normal) (G1 Evacuation Pause)
[546.250s][info][gc,task        ] GC(1252) Using 2 workers of 2 for evacuation
[546.319s][info][gc,phases      ] GC(1252)   Pre Evacuate Collection Set: 0.35ms
[546.319s][info][gc,phases      ] GC(1252)   Merge Heap Roots: 0.39ms
[546.319s][info][gc,phases      ] GC(1252)   Evacuate Collection Set: 67.89ms
[546.319s][info][gc,phases      ] GC(1252)   Post Evacuate Collection Set: 0.46ms
[546.319s][info][gc,phases      ] GC(1252)   Other: 0.09ms
[546.319s][info][gc,heap        ] GC(1252) Eden regions: 127->0(189)
[546.319s][info][gc,heap        ] GC(1252) Survivor regions: 22->19(19)
[546.319s][info][gc,heap        ] GC(1252) Old regions: 634->657
[546.319s][info][gc,heap        ] GC(1252) Humongous regions: 8->8
[546.319s][info][gc,metaspace   ] GC(1252) Metaspace: 19083K(19264K)->19083K(19264K) NonClass: 17253K(17408K)->17253K(17408K) Class: 1829K(1856K)->1829K(1856K)
[546.319s][info][gc             ] GC(1252) Pause Young (Normal) (G1 Evacuation Pause) 790M->683M(978M) 69.514ms
[546.319s][info][gc,cpu         ] GC(1252) User=0.14s Sys=0.01s Real=0.07s
[546.569s][info][gc,start       ] GC(1253) Pause Young (Normal) (G1 Evacuation Pause)
[546.570s][info][gc,task        ] GC(1253) Using 2 workers of 2 for evacuation
[546.604s][info][gc,phases      ] GC(1253)   Pre Evacuate Collection Set: 0.32ms
[546.604s][info][gc,phases      ] GC(1253)   Merge Heap Roots: 0.24ms
[546.604s][info][gc,phases      ] GC(1253)   Evacuate Collection Set: 32.96ms
[546.604s][info][gc,phases      ] GC(1253)   Post Evacuate Collection Set: 0.56ms
[546.604s][info][gc,phases      ] GC(1253)   Other: 0.13ms
[546.604s][info][gc,heap        ] GC(1253) Eden regions: 189->0(196)
[546.604s][info][gc,heap        ] GC(1253) Survivor regions: 19->5(26)
[546.604s][info][gc,heap        ] GC(1253) Old regions: 657->677
[546.604s][info][gc,heap        ] GC(1253) Humongous regions: 8->8
[546.604s][info][gc,metaspace   ] GC(1253) Metaspace: 19083K(19264K)->19083K(19264K) NonClass: 17253K(17408K)->17253K(17408K) Class: 1829K(1856K)->1829K(1856K)
[546.604s][info][gc             ] GC(1253) Pause Young (Normal) (G1 Evacuation Pause) 872M->689M(978M) 34.446ms
[546.604s][info][gc,cpu         ] GC(1253) User=0.07s Sys=0.00s Real=0.03s
[546.742s][info][gc,start       ] GC(1254) Pause Young (Normal) (G1 Evacuation Pause)
[546.742s][info][gc,task        ] GC(1254) Using 2 workers of 2 for evacuation
[546.815s][info][gc,phases      ] GC(1254)   Pre Evacuate Collection Set: 0.35ms
[546.815s][info][gc,phases      ] GC(1254)   Merge Heap Roots: 0.28ms
[546.815s][info][gc,phases      ] GC(1254)   Evacuate Collection Set: 71.71ms
[546.815s][info][gc,phases      ] GC(1254)   Post Evacuate Collection Set: 0.87ms
[546.815s][info][gc,phases      ] GC(1254)   Other: 0.12ms
[546.815s][info][gc,heap        ] GC(1254) Eden regions: 196->0(147)
[546.815s][info][gc,heap        ] GC(1254) Survivor regions: 5->26(26)
[546.815s][info][gc,heap        ] GC(1254) Old regions: 677->713
[546.815s][info][gc,heap        ] GC(1254) Humongous regions: 8->8
[546.815s][info][gc,metaspace   ] GC(1254) Metaspace: 19083K(19264K)->19083K(19264K) NonClass: 17253K(17408K)->17253K(17408K) Class: 1829K(1856K)->1829K(1856K)
[546.815s][info][gc             ] GC(1254) Pause Young (Normal) (G1 Evacuation Pause) 885M->746M(978M) 73.572ms
[546.815s][info][gc,cpu         ] GC(1254) User=0.14s Sys=0.00s Real=0.08s
[547.078s][info][gc,marking     ] GC(1248) Concurrent Rebuild Remembered Sets and Scrub Regions 951.168ms
[547.080s][info][gc,start       ] GC(1248) Pause Cleanup
[547.080s][info][gc             ] GC(1248) Pause Cleanup 876M->876M(978M) 0.306ms
[547.080s][info][gc,cpu         ] GC(1248) User=0.00s Sys=0.00s Real=0.00s
[547.080s][info][gc,marking     ] GC(1248) Concurrent Clear Claimed Marks
[547.080s][info][gc,marking     ] GC(1248) Concurrent Clear Claimed Marks 0.067ms
[547.080s][info][gc,marking     ] GC(1248) Concurrent Cleanup for Next Mark
[547.084s][info][gc,marking     ] GC(1248) Concurrent Cleanup for Next Mark 3.630ms
[547.084s][info][gc             ] GC(1248) Concurrent Mark Cycle 2617.178ms
[547.140s][info][gc,start       ] GC(1255) Pause Young (Prepare Mixed) (G1 Evacuation Pause)
[547.140s][info][gc,task        ] GC(1255) Using 2 workers of 2 for evacuation
[547.215s][info][gc,phases      ] GC(1255)   Pre Evacuate Collection Set: 0.38ms
[547.215s][info][gc,phases      ] GC(1255)   Merge Heap Roots: 0.60ms
[547.215s][info][gc,phases      ] GC(1255)   Evacuate Collection Set: 72.58ms
[547.215s][info][gc,phases      ] GC(1255)   Post Evacuate Collection Set: 0.62ms
[547.215s][info][gc,phases      ] GC(1255)   Other: 0.14ms
[547.215s][info][gc,heap        ] GC(1255) Eden regions: 147->0(138)
[547.215s][info][gc,heap        ] GC(1255) Survivor regions: 26->20(22)
[547.215s][info][gc,heap        ] GC(1255) Old regions: 713->740
[547.215s][info][gc,heap        ] GC(1255) Humongous regions: 8->8
[547.215s][info][gc,metaspace   ] GC(1255) Metaspace: 19083K(19264K)->19083K(19264K) NonClass: 17253K(17408K)->17253K(17408K) Class: 1829K(1856K)->1829K(1856K)
[547.215s][info][gc             ] GC(1255) Pause Young (Prepare Mixed) (G1 Evacuation Pause) 893M->766M(978M) 74.626ms
[547.215s][info][gc,cpu         ] GC(1255) User=0.14s Sys=0.00s Real=0.08s
[547.365s][info][gc,start       ] GC(1256) Pause Young (Mixed) (G1 Evacuation Pause)
[547.365s][info][gc,task        ] GC(1256) Using 2 workers of 2 for evacuation
[547.484s][info][gc,phases      ] GC(1256)   Pre Evacuate Collection Set: 0.51ms
[547.484s][info][gc,phases      ] GC(1256)   Merge Heap Roots: 1.62ms
[547.484s][info][gc,phases      ] GC(1256)   Evacuate Collection Set: 116.17ms
[547.484s][info][gc,phases      ] GC(1256)   Post Evacuate Collection Set: 0.73ms
[547.484s][info][gc,phases      ] GC(1256)   Other: 0.13ms
[547.484s][info][gc,heap        ] GC(1256) Eden regions: 138->0(175)
[547.484s][info][gc,heap        ] GC(1256) Survivor regions: 20->13(20)
[547.484s][info][gc,heap        ] GC(1256) Old regions: 740->694
[547.484s][info][gc,heap        ] GC(1256) Humongous regions: 8->8
[547.484s][info][gc,metaspace   ] GC(1256) Metaspace: 19083K(19264K)->19083K(19264K) NonClass: 17253K(17408K)->17253K(17408K) Class: 1829K(1856K)->1829K(1856K)
[547.484s][info][gc             ] GC(1256) Pause Young (Mixed) (G1 Evacuation Pause) 904M->714M(978M) 119.458ms
[547.484s][info][gc,cpu         ] GC(1256) User=0.23s Sys=0.00s Real=0.12s
[547.571s][info][gc,start       ] GC(1257) Pause Young (Concurrent Start) (G1 Humongous Allocation)
[547.571s][info][gc,task        ] GC(1257) Using 2 workers of 2 for evacuation
[547.627s][info][gc,phases      ] GC(1257)   Pre Evacuate Collection Set: 0.40ms
[547.627s][info][gc,phases      ] GC(1257)   Merge Heap Roots: 0.39ms
[547.627s][info][gc,phases      ] GC(1257)   Evacuate Collection Set: 54.80ms
[547.627s][info][gc,phases      ] GC(1257)   Post Evacuate Collection Set: 0.47ms
[547.627s][info][gc,phases      ] GC(1257)   Other: 0.12ms
[547.628s][info][gc,heap        ] GC(1257) Eden regions: 47->0(168)
[547.628s][info][gc,heap        ] GC(1257) Survivor regions: 13->14(24)
[547.628s][info][gc,heap        ] GC(1257) Old regions: 694->707
[547.628s][info][gc,heap        ] GC(1257) Humongous regions: 8->8
[547.628s][info][gc,metaspace   ] GC(1257) Metaspace: 19083K(19264K)->19083K(19264K) NonClass: 17253K(17408K)->17253K(17408K) Class: 1829K(1856K)->1829K(1856K)
[547.628s][info][gc             ] GC(1257) Pause Young (Concurrent Start) (G1 Humongous Allocation) 761M->728M(978M) 56.446ms
[547.628s][info][gc,cpu         ] GC(1257) User=0.11s Sys=0.00s Real=0.06s
[547.628s][info][gc             ] GC(1258) Concurrent Mark Cycle
[547.628s][info][gc,marking     ] GC(1258) Concurrent Scan Root Regions
[547.700s][info][gc,marking     ] GC(1258) Concurrent Scan Root Regions 72.463ms
[547.700s][info][gc,marking     ] GC(1258) Concurrent Mark
[547.700s][info][gc,marking     ] GC(1258) Concurrent Mark From Roots
[547.700s][info][gc,task        ] GC(1258) Using 1 workers of 1 for marking
[548.040s][info][gc,start       ] GC(1259) Pause Young (Normal) (G1 Evacuation Pause)
[548.040s][info][gc,task        ] GC(1259) Using 2 workers of 2 for evacuation
[548.125s][info][gc,phases      ] GC(1259)   Pre Evacuate Collection Set: 0.55ms
[548.125s][info][gc,phases      ] GC(1259)   Merge Heap Roots: 0.32ms
[548.126s][info][gc,phases      ] GC(1259)   Evacuate Collection Set: 83.51ms
[548.126s][info][gc,phases      ] GC(1259)   Post Evacuate Collection Set: 0.52ms
[548.126s][info][gc,phases      ] GC(1259)   Other: 0.10ms
[548.126s][info][gc,heap        ] GC(1259) Eden regions: 168->0(130)
[548.126s][info][gc,heap        ] GC(1259) Survivor regions: 14->23(23)
[548.126s][info][gc,heap        ] GC(1259) Old regions: 707->741
[548.126s][info][gc,heap        ] GC(1259) Humongous regions: 11->11
[548.126s][info][gc,metaspace   ] GC(1259) Metaspace: 19083K(19264K)->19083K(19264K) NonClass: 17253K(17408K)->17253K(17408K) Class: 1829K(1856K)->1829K(1856K)
[548.126s][info][gc             ] GC(1259) Pause Young (Normal) (G1 Evacuation Pause) 899M->774M(978M) 85.296ms
[548.126s][info][gc,cpu         ] GC(1259) User=0.17s Sys=0.00s Real=0.09s
[548.463s][info][gc,start       ] GC(1260) Pause Young (Normal) (G1 Evacuation Pause)
[548.463s][info][gc,task        ] GC(1260) Using 2 workers of 2 for evacuation
[548.520s][info][gc,phases      ] GC(1260)   Pre Evacuate Collection Set: 0.48ms
[548.520s][info][gc,phases      ] GC(1260)   Merge Heap Roots: 0.25ms
[548.520s][info][gc,phases      ] GC(1260)   Evacuate Collection Set: 55.86ms
[548.520s][info][gc,phases      ] GC(1260)   Post Evacuate Collection Set: 0.42ms
[548.520s][info][gc,phases      ] GC(1260)   Other: 0.10ms
[548.520s][info][gc,heap        ] GC(1260) Eden regions: 130->0(112)
[548.520s][info][gc,heap        ] GC(1260) Survivor regions: 23->20(20)
[548.520s][info][gc,heap        ] GC(1260) Old regions: 741->765
[548.520s][info][gc,heap        ] GC(1260) Humongous regions: 11->11
[548.520s][info][gc,metaspace   ] GC(1260) Metaspace: 19083K(19264K)->19083K(19264K) NonClass: 17253K(17408K)->17253K(17408K) Class: 1829K(1856K)->1829K(1856K)
[548.520s][info][gc             ] GC(1260) Pause Young (Normal) (G1 Evacuation Pause) 904M->795M(978M) 57.382ms
[548.520s][info][gc,cpu         ] GC(1260) User=0.11s Sys=0.00s Real=0.06s
[548.677s][info][gc,start       ] GC(1261) Pause Young (Normal) (G1 Evacuation Pause)
[548.677s][info][gc,task        ] GC(1261) Using 2 workers of 2 for evacuation
[548.703s][info][gc,phases      ] GC(1261)   Pre Evacuate Collection Set: 0.45ms
[548.703s][info][gc,phases      ] GC(1261)   Merge Heap Roots: 0.17ms
[548.703s][info][gc,phases      ] GC(1261)   Evacuate Collection Set: 24.90ms
[548.703s][info][gc,phases      ] GC(1261)   Post Evacuate Collection Set: 0.38ms
[548.703s][info][gc,phases      ] GC(1261)   Other: 0.15ms
[548.703s][info][gc,heap        ] GC(1261) Eden regions: 112->0(127)
[548.703s][info][gc,heap        ] GC(1261) Survivor regions: 20->1(17)
[548.703s][info][gc,heap        ] GC(1261) Old regions: 765->785
[548.703s][info][gc,heap        ] GC(1261) Humongous regions: 11->11
[548.703s][info][gc,metaspace   ] GC(1261) Metaspace: 19083K(19264K)->19083K(19264K) NonClass: 17253K(17408K)->17253K(17408K) Class: 1829K(1856K)->1829K(1856K)
[548.703s][info][gc             ] GC(1261) Pause Young (Normal) (G1 Evacuation Pause) 907M->796M(978M) 26.336ms
[548.703s][info][gc,cpu         ] GC(1261) User=0.06s Sys=0.00s Real=0.02s
[548.952s][info][gc,start       ] GC(1262) Pause Young (Normal) (G1 Evacuation Pause)
[548.953s][info][gc,task        ] GC(1262) Using 2 workers of 2 for evacuation
[548.963s][info][gc,phases      ] GC(1262)   Pre Evacuate Collection Set: 0.45ms
[548.963s][info][gc,phases      ] GC(1262)   Merge Heap Roots: 0.25ms
[548.963s][info][gc,phases      ] GC(1262)   Evacuate Collection Set: 9.46ms
[548.963s][info][gc,phases      ] GC(1262)   Post Evacuate Collection Set: 0.44ms
[548.963s][info][gc,phases      ] GC(1262)   Other: 0.15ms
[548.963s][info][gc,heap        ] GC(1262) Eden regions: 127->0(128)
[548.963s][info][gc,heap        ] GC(1262) Survivor regions: 1->2(16)
[548.963s][info][gc,heap        ] GC(1262) Old regions: 785->785
[548.963s][info][gc,heap        ] GC(1262) Humongous regions: 11->11
[548.963s][info][gc,metaspace   ] GC(1262) Metaspace: 19083K(19264K)->19083K(19264K) NonClass: 17253K(17408K)->17253K(17408K) Class: 1829K(1856K)->1829K(1856K)
[548.963s][info][gc             ] GC(1262) Pause Young (Normal) (G1 Evacuation Pause) 923M->796M(978M) 11.102ms
[548.964s][info][gc,cpu         ] GC(1262) User=0.02s Sys=0.00s Real=0.01s
[549.225s][info][gc,start       ] GC(1263) Pause Young (Normal) (G1 Evacuation Pause)
[549.225s][info][gc,task        ] GC(1263) Using 2 workers of 2 for evacuation
[549.238s][info][gc,phases      ] GC(1263)   Pre Evacuate Collection Set: 0.59ms
[549.239s][info][gc,phases      ] GC(1263)   Merge Heap Roots: 0.16ms
[549.239s][info][gc,phases      ] GC(1263)   Evacuate Collection Set: 12.16ms
[549.239s][info][gc,phases      ] GC(1263)   Post Evacuate Collection Set: 0.48ms
[549.239s][info][gc,phases      ] GC(1263)   Other: 0.11ms
[549.239s][info][gc,heap        ] GC(1263) Eden regions: 128->0(120)
[549.239s][info][gc,heap        ] GC(1263) Survivor regions: 2->6(17)
[549.239s][info][gc,heap        ] GC(1263) Old regions: 785->785
[549.239s][info][gc,heap        ] GC(1263) Humongous regions: 11->11
[549.239s][info][gc,metaspace   ] GC(1263) Metaspace: 19083K(19264K)->19083K(19264K) NonClass: 17253K(17408K)->17253K(17408K) Class: 1829K(1856K)->1829K(1856K)
[549.239s][info][gc             ] GC(1263) Pause Young (Normal) (G1 Evacuation Pause) 924M->801M(978M) 13.753ms
[549.239s][info][gc,cpu         ] GC(1263) User=0.02s Sys=0.00s Real=0.01s
[549.538s][info][gc,marking     ] GC(1258) Concurrent Mark From Roots 1837.293ms
[549.538s][info][gc,marking     ] GC(1258) Concurrent Preclean
[549.538s][info][gc,marking     ] GC(1258) Concurrent Preclean 0.055ms
[549.538s][info][gc,start       ] GC(1258) Pause Remark
[549.548s][info][gc             ] GC(1258) Pause Remark 889M->699M(978M) 10.145ms
[549.548s][info][gc,cpu         ] GC(1258) User=0.02s Sys=0.00s Real=0.01s
[549.548s][info][gc,marking     ] GC(1258) Concurrent Mark 1847.887ms
[549.548s][info][gc,marking     ] GC(1258) Concurrent Rebuild Remembered Sets and Scrub Regions
[549.737s][info][gc,start       ] GC(1264) Pause Young (Normal) (G1 Evacuation Pause)
[549.737s][info][gc,task        ] GC(1264) Using 2 workers of 2 for evacuation
[549.762s][info][gc,phases      ] GC(1264)   Pre Evacuate Collection Set: 0.34ms
[549.762s][info][gc,phases      ] GC(1264)   Merge Heap Roots: 0.18ms
[549.762s][info][gc,phases      ] GC(1264)   Evacuate Collection Set: 24.14ms
[549.762s][info][gc,phases      ] GC(1264)   Post Evacuate Collection Set: 0.39ms
[549.762s][info][gc,phases      ] GC(1264)   Other: 0.08ms
[549.762s][info][gc,heap        ] GC(1264) Eden regions: 120->0(243)
[549.762s][info][gc,heap        ] GC(1264) Survivor regions: 6->16(16)
[549.762s][info][gc,heap        ] GC(1264) Old regions: 599->601
[549.762s][info][gc,heap        ] GC(1264) Humongous regions: 7->7
[549.762s][info][gc,metaspace   ] GC(1264) Metaspace: 19083K(19264K)->19083K(19264K) NonClass: 17253K(17408K)->17253K(17408K) Class: 1829K(1856K)->1829K(1856K)
[549.762s][info][gc             ] GC(1264) Pause Young (Normal) (G1 Evacuation Pause) 731M->623M(978M) 25.409ms
[549.762s][info][gc,cpu         ] GC(1264) User=0.05s Sys=0.00s Real=0.02s
[550.220s][info][gc,marking     ] GC(1258) Concurrent Rebuild Remembered Sets and Scrub Regions 671.353ms
[550.220s][info][gc,start       ] GC(1258) Pause Cleanup
[550.220s][info][gc             ] GC(1258) Pause Cleanup 782M->782M(978M) 0.170ms
[550.220s][info][gc,cpu         ] GC(1258) User=0.00s Sys=0.00s Real=0.00s
[550.220s][info][gc,marking     ] GC(1258) Concurrent Clear Claimed Marks
[550.220s][info][gc,marking     ] GC(1258) Concurrent Clear Claimed Marks 0.042ms
[550.220s][info][gc,marking     ] GC(1258) Concurrent Cleanup for Next Mark
[550.223s][info][gc,marking     ] GC(1258) Concurrent Cleanup for Next Mark 3.087ms
[550.223s][info][gc             ] GC(1258) Concurrent Mark Cycle 2595.638ms
[550.538s][info][gc,start       ] GC(1265) Pause Young (Prepare Mixed) (G1 Evacuation Pause)
[550.538s][info][gc,task        ] GC(1265) Using 2 workers of 2 for evacuation
[550.583s][info][gc,phases      ] GC(1265)   Pre Evacuate Collection Set: 0.33ms
[550.583s][info][gc,phases      ] GC(1265)   Merge Heap Roots: 0.34ms
[550.583s][info][gc,phases      ] GC(1265)   Evacuate Collection Set: 43.86ms
[550.583s][info][gc,phases      ] GC(1265)   Post Evacuate Collection Set: 0.56ms
[550.583s][info][gc,phases      ] GC(1265)   Other: 0.10ms
[550.583s][info][gc,heap        ] GC(1265) Eden regions: 243->0(242)
[550.583s][info][gc,heap        ] GC(1265) Survivor regions: 16->32(33)
[550.583s][info][gc,heap        ] GC(1265) Old regions: 601->601
[550.583s][info][gc,heap        ] GC(1265) Humongous regions: 7->7
[550.583s][info][gc,metaspace   ] GC(1265) Metaspace: 19083K(19264K)->19083K(19264K) NonClass: 17253K(17408K)->17253K(17408K) Class: 1829K(1856K)->1829K(1856K)
[550.583s][info][gc             ] GC(1265) Pause Young (Prepare Mixed) (G1 Evacuation Pause) 866M->638M(978M) 45.464ms
[550.583s][info][gc,cpu         ] GC(1265) User=0.09s Sys=0.00s Real=0.04s
[551.205s][info][gc,start       ] GC(1266) Pause Young (Mixed) (G1 Evacuation Pause)
[551.206s][info][gc,task        ] GC(1266) Using 2 workers of 2 for evacuation
[551.247s][info][gc,phases      ] GC(1266)   Pre Evacuate Collection Set: 0.59ms
[551.247s][info][gc,phases      ] GC(1266)   Merge Heap Roots: 0.29ms
[551.247s][info][gc,phases      ] GC(1266)   Evacuate Collection Set: 39.43ms
[551.247s][info][gc,phases      ] GC(1266)   Post Evacuate Collection Set: 0.61ms
[551.247s][info][gc,phases      ] GC(1266)   Other: 0.11ms
[551.247s][info][gc,heap        ] GC(1266) Eden regions: 242->0(281)
[551.247s][info][gc,heap        ] GC(1266) Survivor regions: 32->16(35)
[551.247s][info][gc,heap        ] GC(1266) Old regions: 601->576
[551.247s][info][gc,heap        ] GC(1266) Humongous regions: 7->7
[551.247s][info][gc,metaspace   ] GC(1266) Metaspace: 19083K(19264K)->19083K(19264K) NonClass: 17253K(17408K)->17253K(17408K) Class: 1829K(1856K)->1829K(1856K)
[551.247s][info][gc             ] GC(1266) Pause Young (Mixed) (G1 Evacuation Pause) 880M->598M(978M) 41.276ms
[551.247s][info][gc,cpu         ] GC(1266) User=0.08s Sys=0.00s Real=0.04s
[551.935s][info][gc,start       ] GC(1267) Pause Young (Concurrent Start) (G1 Evacuation Pause)
[551.935s][info][gc,task        ] GC(1267) Using 2 workers of 2 for evacuation
[551.967s][info][gc,phases      ] GC(1267)   Pre Evacuate Collection Set: 0.32ms
[551.967s][info][gc,phases      ] GC(1267)   Merge Heap Roots: 0.45ms
[551.967s][info][gc,phases      ] GC(1267)   Evacuate Collection Set: 29.87ms
[551.967s][info][gc,phases      ] GC(1267)   Post Evacuate Collection Set: 0.59ms
[551.967s][info][gc,phases      ] GC(1267)   Other: 0.12ms
[551.967s][info][gc,heap        ] GC(1267) Eden regions: 281->0(296)
[551.967s][info][gc,heap        ] GC(1267) Survivor regions: 16->16(38)
[551.967s][info][gc,heap        ] GC(1267) Old regions: 576->576
[551.967s][info][gc,heap        ] GC(1267) Humongous regions: 7->7
[551.967s][info][gc,metaspace   ] GC(1267) Metaspace: 19083K(19264K)->19083K(19264K) NonClass: 17253K(17408K)->17253K(17408K) Class: 1829K(1856K)->1829K(1856K)
[551.967s][info][gc             ] GC(1267) Pause Young (Concurrent Start) (G1 Evacuation Pause) 879M->598M(978M) 31.603ms
[551.967s][info][gc,cpu         ] GC(1267) User=0.06s Sys=0.00s Real=0.03s
[551.967s][info][gc             ] GC(1268) Concurrent Mark Cycle
[551.971s][info][gc,marking     ] GC(1268) Concurrent Scan Root Regions
[552.005s][info][gc,marking     ] GC(1268) Concurrent Scan Root Regions 33.324ms
[552.005s][info][gc,marking     ] GC(1268) Concurrent Mark
[552.005s][info][gc,marking     ] GC(1268) Concurrent Mark From Roots
[552.005s][info][gc,task        ] GC(1268) Using 1 workers of 1 for marking
[552.752s][info][gc,start       ] GC(1269) Pause Young (Normal) (G1 Evacuation Pause)
[552.752s][info][gc,task        ] GC(1269) Using 2 workers of 2 for evacuation
[552.840s][info][gc,phases      ] GC(1269)   Pre Evacuate Collection Set: 0.33ms
[552.840s][info][gc,phases      ] GC(1269)   Merge Heap Roots: 0.19ms
[552.840s][info][gc,phases      ] GC(1269)   Evacuate Collection Set: 85.72ms
[552.840s][info][gc,phases      ] GC(1269)   Post Evacuate Collection Set: 1.33ms
[552.840s][info][gc,phases      ] GC(1269)   Other: 0.09ms
[552.840s][info][gc,heap        ] GC(1269) Eden regions: 296->0(210)
[552.840s][info][gc,heap        ] GC(1269) Survivor regions: 16->39(39)
[552.840s][info][gc,heap        ] GC(1269) Old regions: 576->626
[552.840s][info][gc,heap        ] GC(1269) Humongous regions: 7->7
[552.840s][info][gc,metaspace   ] GC(1269) Metaspace: 19084K(19264K)->19084K(19264K) NonClass: 17255K(17408K)->17255K(17408K) Class: 1829K(1856K)->1829K(1856K)
[552.840s][info][gc             ] GC(1269) Pause Young (Normal) (G1 Evacuation Pause) (Evacuation Failure: Allocation) 894M->671M(978M) 87.953ms
[552.840s][info][gc,cpu         ] GC(1269) User=0.17s Sys=0.00s Real=0.09s
[553.501s][info][gc,start       ] GC(1270) Pause Young (Normal) (G1 Evacuation Pause)
[553.501s][info][gc,task        ] GC(1270) Using 2 workers of 2 for evacuation
[553.577s][info][gc,phases      ] GC(1270)   Pre Evacuate Collection Set: 0.56ms
[553.577s][info][gc,phases      ] GC(1270)   Merge Heap Roots: 0.56ms
[553.577s][info][gc,phases      ] GC(1270)   Evacuate Collection Set: 73.19ms
[553.577s][info][gc,phases      ] GC(1270)   Post Evacuate Collection Set: 0.67ms
[553.577s][info][gc,phases      ] GC(1270)   Other: 0.09ms
[553.577s][info][gc,heap        ] GC(1270) Eden regions: 210->0(216)
[553.577s][info][gc,heap        ] GC(1270) Survivor regions: 39->10(32)
[553.577s][info][gc,heap        ] GC(1270) Old regions: 626->661
[553.577s][info][gc,heap        ] GC(1270) Humongous regions: 7->7
[553.577s][info][gc,metaspace   ] GC(1270) Metaspace: 19084K(19264K)->19084K(19264K) NonClass: 17255K(17408K)->17255K(17408K) Class: 1829K(1856K)->1829K(1856K)
[553.577s][info][gc             ] GC(1270) Pause Young (Normal) (G1 Evacuation Pause) 881M->677M(978M) 75.352ms
[553.577s][info][gc,cpu         ] GC(1270) User=0.15s Sys=0.00s Real=0.08s
[553.811s][info][gc,marking     ] GC(1268) Concurrent Mark From Roots 1806.073ms
[553.811s][info][gc,marking     ] GC(1268) Concurrent Preclean
[553.811s][info][gc,marking     ] GC(1268) Concurrent Preclean 0.066ms
[553.811s][info][gc,start       ] GC(1268) Pause Remark
[553.820s][info][gc             ] GC(1268) Pause Remark 759M->741M(978M) 8.826ms
[553.820s][info][gc,cpu         ] GC(1268) User=0.02s Sys=0.00s Real=0.01s
[553.821s][info][gc,marking     ] GC(1268) Concurrent Mark 1816.273ms
[553.821s][info][gc,marking     ] GC(1268) Concurrent Rebuild Remembered Sets and Scrub Regions
[554.045s][info][gc,start       ] GC(1271) Pause Young (Normal) (G1 Evacuation Pause)
[554.045s][info][gc,task        ] GC(1271) Using 2 workers of 2 for evacuation
[554.144s][info][gc,phases      ] GC(1271)   Pre Evacuate Collection Set: 0.31ms
[554.144s][info][gc,phases      ] GC(1271)   Merge Heap Roots: 0.75ms
[554.144s][info][gc,phases      ] GC(1271)   Evacuate Collection Set: 96.49ms
[554.144s][info][gc,phases      ] GC(1271)   Post Evacuate Collection Set: 0.67ms
[554.144s][info][gc,phases      ] GC(1271)   Other: 0.11ms
[554.144s][info][gc,heap        ] GC(1271) Eden regions: 216->0(187)
[554.144s][info][gc,heap        ] GC(1271) Survivor regions: 10->29(29)
[554.144s][info][gc,heap        ] GC(1271) Old regions: 644->670
[554.144s][info][gc,heap        ] GC(1271) Humongous regions: 9->9
[554.144s][info][gc,metaspace   ] GC(1271) Metaspace: 19084K(19264K)->19084K(19264K) NonClass: 17255K(17408K)->17255K(17408K) Class: 1829K(1856K)->1829K(1856K)
[554.144s][info][gc             ] GC(1271) Pause Young (Normal) (G1 Evacuation Pause) 878M->707M(978M) 98.619ms
[554.144s][info][gc,cpu         ] GC(1271) User=0.19s Sys=0.00s Real=0.09s
[554.445s][info][gc,start       ] GC(1272) Pause Young (Normal) (G1 Evacuation Pause)
[554.445s][info][gc,task        ] GC(1272) Using 2 workers of 2 for evacuation
[554.522s][info][gc,phases      ] GC(1272)   Pre Evacuate Collection Set: 0.53ms
[554.522s][info][gc,phases      ] GC(1272)   Merge Heap Roots: 0.56ms
[554.522s][info][gc,phases      ] GC(1272)   Evacuate Collection Set: 75.27ms
[554.522s][info][gc,phases      ] GC(1272)   Post Evacuate Collection Set: 0.50ms
[554.522s][info][gc,phases      ] GC(1272)   Other: 0.11ms
[554.522s][info][gc,heap        ] GC(1272) Eden regions: 187->0(177)
[554.522s][info][gc,heap        ] GC(1272) Survivor regions: 29->20(27)
[554.522s][info][gc,heap        ] GC(1272) Old regions: 670->699
[554.522s][info][gc,heap        ] GC(1272) Humongous regions: 9->9
[554.523s][info][gc,metaspace   ] GC(1272) Metaspace: 19084K(19264K)->19084K(19264K) NonClass: 17255K(17408K)->17255K(17408K) Class: 1829K(1856K)->1829K(1856K)
[554.523s][info][gc             ] GC(1272) Pause Young (Normal) (G1 Evacuation Pause) 894M->727M(978M) 77.266ms
[554.523s][info][gc,cpu         ] GC(1272) User=0.15s Sys=0.01s Real=0.07s
[554.674s][info][gc,marking     ] GC(1268) Concurrent Rebuild Remembered Sets and Scrub Regions 853.369ms
[554.675s][info][gc,start       ] GC(1268) Pause Cleanup
[554.675s][info][gc             ] GC(1268) Pause Cleanup 845M->845M(978M) 0.125ms
[554.675s][info][gc,cpu         ] GC(1268) User=0.00s Sys=0.00s Real=0.00s
[554.675s][info][gc,marking     ] GC(1268) Concurrent Clear Claimed Marks
[554.675s][info][gc,marking     ] GC(1268) Concurrent Clear Claimed Marks 0.034ms
[554.675s][info][gc,marking     ] GC(1268) Concurrent Cleanup for Next Mark
[554.678s][info][gc,marking     ] GC(1268) Concurrent Cleanup for Next Mark 3.021ms
[554.678s][info][gc             ] GC(1268) Concurrent Mark Cycle 2710.931ms
[554.724s][info][gc,start       ] GC(1273) Pause Young (Prepare Mixed) (G1 Evacuation Pause)
[554.724s][info][gc,task        ] GC(1273) Using 2 workers of 2 for evacuation
[554.765s][info][gc,phases      ] GC(1273)   Pre Evacuate Collection Set: 0.34ms
[554.765s][info][gc,phases      ] GC(1273)   Merge Heap Roots: 0.24ms
[554.765s][info][gc,phases      ] GC(1273)   Evacuate Collection Set: 39.35ms
[554.765s][info][gc,phases      ] GC(1273)   Post Evacuate Collection Set: 0.49ms
[554.765s][info][gc,phases      ] GC(1273)   Other: 0.09ms
[554.765s][info][gc,heap        ] GC(1273) Eden regions: 177->0(175)
[554.765s][info][gc,heap        ] GC(1273) Survivor regions: 20->11(25)
[554.765s][info][gc,heap        ] GC(1273) Old regions: 699->719
[554.765s][info][gc,heap        ] GC(1273) Humongous regions: 9->9
[554.765s][info][gc,metaspace   ] GC(1273) Metaspace: 19084K(19264K)->19084K(19264K) NonClass: 17255K(17408K)->17255K(17408K) Class: 1829K(1856K)->1829K(1856K)
[554.765s][info][gc             ] GC(1273) Pause Young (Prepare Mixed) (G1 Evacuation Pause) 904M->738M(978M) 40.760ms
[554.765s][info][gc,cpu         ] GC(1273) User=0.08s Sys=0.00s Real=0.04s
[554.910s][info][gc,start       ] GC(1274) Pause Young (Mixed) (G1 Evacuation Pause)
[554.910s][info][gc,task        ] GC(1274) Using 2 workers of 2 for evacuation
[554.929s][info][gc,phases      ] GC(1274)   Pre Evacuate Collection Set: 0.36ms
[554.930s][info][gc,phases      ] GC(1274)   Merge Heap Roots: 0.25ms
[554.930s][info][gc,phases      ] GC(1274)   Evacuate Collection Set: 18.62ms
[554.930s][info][gc,phases      ] GC(1274)   Post Evacuate Collection Set: 0.48ms
[554.930s][info][gc,phases      ] GC(1274)   Other: 0.09ms
[554.930s][info][gc,heap        ] GC(1274) Eden regions: 175->0(188)
[554.930s][info][gc,heap        ] GC(1274) Survivor regions: 11->10(24)
[554.930s][info][gc,heap        ] GC(1274) Old regions: 719->707
[554.930s][info][gc,heap        ] GC(1274) Humongous regions: 9->9
[554.930s][info][gc,metaspace   ] GC(1274) Metaspace: 19089K(19264K)->19089K(19264K) NonClass: 17260K(17408K)->17260K(17408K) Class: 1829K(1856K)->1829K(1856K)
[554.930s][info][gc             ] GC(1274) Pause Young (Mixed) (G1 Evacuation Pause) 913M->725M(978M) 20.035ms
[554.930s][info][gc,cpu         ] GC(1274) User=0.04s Sys=0.00s Real=0.02s
[555.090s][info][gc,start       ] GC(1275) Pause Young (Concurrent Start) (G1 Evacuation Pause)
[555.090s][info][gc,task        ] GC(1275) Using 2 workers of 2 for evacuation
[555.137s][info][gc,phases      ] GC(1275)   Pre Evacuate Collection Set: 0.40ms
[555.137s][info][gc,phases      ] GC(1275)   Merge Heap Roots: 0.17ms
[555.137s][info][gc,phases      ] GC(1275)   Evacuate Collection Set: 46.31ms
[555.138s][info][gc,phases      ] GC(1275)   Post Evacuate Collection Set: 0.65ms
[555.138s][info][gc,phases      ] GC(1275)   Other: 0.14ms
[555.138s][info][gc,heap        ] GC(1275) Eden regions: 188->0(147)
[555.138s][info][gc,heap        ] GC(1275) Survivor regions: 10->25(25)
[555.138s][info][gc,heap        ] GC(1275) Old regions: 707->722
[555.138s][info][gc,heap        ] GC(1275) Humongous regions: 9->9
[555.138s][info][gc,metaspace   ] GC(1275) Metaspace: 19089K(19264K)->19089K(19264K) NonClass: 17260K(17408K)->17260K(17408K) Class: 1829K(1856K)->1829K(1856K)
[555.138s][info][gc             ] GC(1275) Pause Young (Concurrent Start) (G1 Evacuation Pause) 913M->755M(978M) 47.967ms
[555.138s][info][gc             ] GC(1276) Concurrent Mark Cycle
[555.138s][info][gc,marking     ] GC(1276) Concurrent Scan Root Regions
[555.138s][info][gc,cpu         ] GC(1275) User=0.10s Sys=0.00s Real=0.05s
[555.198s][info][gc,marking     ] GC(1276) Concurrent Scan Root Regions 60.564ms
[555.198s][info][gc,marking     ] GC(1276) Concurrent Mark
[555.198s][info][gc,marking     ] GC(1276) Concurrent Mark From Roots
[555.198s][info][gc,task        ] GC(1276) Using 1 workers of 1 for marking
[555.363s][info][gc,start       ] GC(1277) Pause Young (Normal) (G1 Evacuation Pause)
[555.363s][info][gc,task        ] GC(1277) Using 2 workers of 2 for evacuation
[555.425s][info][gc,phases      ] GC(1277)   Pre Evacuate Collection Set: 0.55ms
[555.425s][info][gc,phases      ] GC(1277)   Merge Heap Roots: 0.34ms
[555.425s][info][gc,phases      ] GC(1277)   Evacuate Collection Set: 60.09ms
[555.425s][info][gc,phases      ] GC(1277)   Post Evacuate Collection Set: 0.51ms
[555.425s][info][gc,phases      ] GC(1277)   Other: 0.10ms
[555.425s][info][gc,heap        ] GC(1277) Eden regions: 147->0(131)
[555.425s][info][gc,heap        ] GC(1277) Survivor regions: 25->22(22)
[555.425s][info][gc,heap        ] GC(1277) Old regions: 722->744
[555.425s][info][gc,heap        ] GC(1277) Humongous regions: 9->9
[555.425s][info][gc,metaspace   ] GC(1277) Metaspace: 19090K(19264K)->19090K(19264K) NonClass: 17260K(17408K)->17260K(17408K) Class: 1829K(1856K)->1829K(1856K)
[555.425s][info][gc             ] GC(1277) Pause Young (Normal) (G1 Evacuation Pause) 902M->774M(978M) 61.834ms
[555.425s][info][gc,cpu         ] GC(1277) User=0.13s Sys=0.00s Real=0.07s
[555.716s][info][gc,start       ] GC(1278) Pause Young (Normal) (G1 Evacuation Pause)
[555.717s][info][gc,task        ] GC(1278) Using 2 workers of 2 for evacuation
[555.765s][info][gc,phases      ] GC(1278)   Pre Evacuate Collection Set: 0.34ms
[555.765s][info][gc,phases      ] GC(1278)   Merge Heap Roots: 0.33ms
[555.765s][info][gc,phases      ] GC(1278)   Evacuate Collection Set: 47.65ms
[555.765s][info][gc,phases      ] GC(1278)   Post Evacuate Collection Set: 0.46ms
[555.765s][info][gc,phases      ] GC(1278)   Other: 0.10ms
[555.765s][info][gc,heap        ] GC(1278) Eden regions: 131->0(127)
[555.766s][info][gc,heap        ] GC(1278) Survivor regions: 22->13(20)
[555.766s][info][gc,heap        ] GC(1278) Old regions: 744->766
[555.766s][info][gc,heap        ] GC(1278) Humongous regions: 9->9
[555.766s][info][gc,metaspace   ] GC(1278) Metaspace: 19090K(19264K)->19090K(19264K) NonClass: 17260K(17408K)->17260K(17408K) Class: 1829K(1856K)->1829K(1856K)
[555.766s][info][gc             ] GC(1278) Pause Young (Normal) (G1 Evacuation Pause) 905M->787M(978M) 49.153ms
[555.766s][info][gc,cpu         ] GC(1278) User=0.10s Sys=0.00s Real=0.05s
[556.373s][info][gc,marking     ] GC(1276) Concurrent Mark From Roots 1174.469ms
[556.373s][info][gc,marking     ] GC(1276) Concurrent Preclean
[556.373s][info][gc,marking     ] GC(1276) Concurrent Preclean 0.062ms
[556.373s][info][gc,start       ] GC(1276) Pause Remark
[556.382s][info][gc             ] GC(1276) Pause Remark 902M->683M(978M) 9.264ms
[556.382s][info][gc,cpu         ] GC(1276) User=0.01s Sys=0.00s Real=0.01s
[556.383s][info][gc,marking     ] GC(1276) Concurrent Mark 1184.996ms
[556.383s][info][gc,marking     ] GC(1276) Concurrent Rebuild Remembered Sets and Scrub Regions
[556.433s][info][gc,start       ] GC(1279) Pause Young (Normal) (G1 Evacuation Pause)
[556.433s][info][gc,task        ] GC(1279) Using 2 workers of 2 for evacuation
[556.453s][info][gc,phases      ] GC(1279)   Pre Evacuate Collection Set: 0.32ms
[556.453s][info][gc,phases      ] GC(1279)   Merge Heap Roots: 0.16ms
[556.453s][info][gc,phases      ] GC(1279)   Evacuate Collection Set: 18.76ms
[556.453s][info][gc,phases      ] GC(1279)   Post Evacuate Collection Set: 0.39ms
[556.453s][info][gc,phases      ] GC(1279)   Other: 0.08ms
[556.453s][info][gc,heap        ] GC(1279) Eden regions: 127->0(308)
[556.453s][info][gc,heap        ] GC(1279) Survivor regions: 13->3(18)
[556.453s][info][gc,heap        ] GC(1279) Old regions: 552->565
[556.453s][info][gc,heap        ] GC(1279) Humongous regions: 4->4
[556.453s][info][gc,metaspace   ] GC(1279) Metaspace: 19090K(19264K)->19090K(19264K) NonClass: 17260K(17408K)->17260K(17408K) Class: 1829K(1856K)->1829K(1856K)
[556.453s][info][gc             ] GC(1279) Pause Young (Normal) (G1 Evacuation Pause) 695M->570M(978M) 19.975ms
[556.453s][info][gc,cpu         ] GC(1279) User=0.04s Sys=0.00s Real=0.02s
[556.808s][info][gc,marking     ] GC(1276) Concurrent Rebuild Remembered Sets and Scrub Regions 424.909ms
[556.808s][info][gc,start       ] GC(1276) Pause Cleanup
[556.809s][info][gc             ] GC(1276) Pause Cleanup 688M->688M(978M) 0.170ms
[556.809s][info][gc,cpu         ] GC(1276) User=0.00s Sys=0.00s Real=0.00s
[556.810s][info][gc,marking     ] GC(1276) Concurrent Clear Claimed Marks
[556.810s][info][gc,marking     ] GC(1276) Concurrent Clear Claimed Marks 0.052ms
[556.810s][info][gc,marking     ] GC(1276) Concurrent Cleanup for Next Mark
[556.817s][info][gc,marking     ] GC(1276) Concurrent Cleanup for Next Mark 7.678ms
[556.817s][info][gc             ] GC(1276) Concurrent Mark Cycle 1679.673ms
[557.070s][info][gc,start       ] GC(1280) Pause Young (Prepare Mixed) (G1 Evacuation Pause)
[557.070s][info][gc,task        ] GC(1280) Using 2 workers of 2 for evacuation
[557.109s][info][gc,phases      ] GC(1280)   Pre Evacuate Collection Set: 0.32ms
[557.109s][info][gc,phases      ] GC(1280)   Merge Heap Roots: 0.18ms
[557.109s][info][gc,phases      ] GC(1280)   Evacuate Collection Set: 37.72ms
[557.109s][info][gc,phases      ] GC(1280)   Post Evacuate Collection Set: 0.59ms
[557.109s][info][gc,phases      ] GC(1280)   Other: 0.11ms
[557.109s][info][gc,heap        ] GC(1280) Eden regions: 308->0(275)
[557.109s][info][gc,heap        ] GC(1280) Survivor regions: 3->35(39)
[557.109s][info][gc,heap        ] GC(1280) Old regions: 565->565
[557.109s][info][gc,heap        ] GC(1280) Humongous regions: 4->4
[557.109s][info][gc,metaspace   ] GC(1280) Metaspace: 19090K(19264K)->19090K(19264K) NonClass: 17261K(17408K)->17261K(17408K) Class: 1829K(1856K)->1829K(1856K)
[557.109s][info][gc             ] GC(1280) Pause Young (Prepare Mixed) (G1 Evacuation Pause) 878M->602M(978M) 39.148ms
[557.109s][info][gc,cpu         ] GC(1280) User=0.07s Sys=0.00s Real=0.04s
[557.420s][info][gc,start       ] GC(1281) Pause Young (Mixed) (G1 Evacuation Pause)
[557.420s][info][gc,task        ] GC(1281) Using 2 workers of 2 for evacuation
[557.519s][info][gc,phases      ] GC(1281)   Pre Evacuate Collection Set: 0.37ms
[557.519s][info][gc,phases      ] GC(1281)   Merge Heap Roots: 0.23ms
[557.519s][info][gc,phases      ] GC(1281)   Evacuate Collection Set: 97.13ms
[557.519s][info][gc,phases      ] GC(1281)   Post Evacuate Collection Set: 0.86ms
[557.519s][info][gc,phases      ] GC(1281)   Other: 0.13ms
[557.519s][info][gc,heap        ] GC(1281) Eden regions: 275->0(282)
[557.519s][info][gc,heap        ] GC(1281) Survivor regions: 35->39(39)
[557.519s][info][gc,heap        ] GC(1281) Old regions: 565->524
[557.519s][info][gc,heap        ] GC(1281) Humongous regions: 4->4
[557.519s][info][gc,metaspace   ] GC(1281) Metaspace: 19090K(19264K)->19090K(19264K) NonClass: 17261K(17408K)->17261K(17408K) Class: 1829K(1856K)->1829K(1856K)
[557.519s][info][gc             ] GC(1281) Pause Young (Mixed) (G1 Evacuation Pause) 877M->566M(978M) 99.006ms
[557.519s][info][gc,cpu         ] GC(1281) User=0.19s Sys=0.00s Real=0.10s
[557.901s][info][gc,start       ] GC(1282) Pause Young (Mixed) (G1 Evacuation Pause)
[557.901s][info][gc,task        ] GC(1282) Using 2 workers of 2 for evacuation
[558.028s][info][gc,phases      ] GC(1282)   Pre Evacuate Collection Set: 0.55ms
[558.028s][info][gc,phases      ] GC(1282)   Merge Heap Roots: 0.40ms
[558.028s][info][gc,phases      ] GC(1282)   Evacuate Collection Set: 125.14ms
[558.028s][info][gc,phases      ] GC(1282)   Post Evacuate Collection Set: 0.76ms
[558.028s][info][gc,phases      ] GC(1282)   Other: 0.11ms
[558.028s][info][gc,heap        ] GC(1282) Eden regions: 282->0(237)
[558.028s][info][gc,heap        ] GC(1282) Survivor regions: 39->41(41)
[558.028s][info][gc,heap        ] GC(1282) Old regions: 524->564
[558.028s][info][gc,heap        ] GC(1282) Humongous regions: 7->7
[558.028s][info][gc,metaspace   ] GC(1282) Metaspace: 19090K(19264K)->19090K(19264K) NonClass: 17261K(17408K)->17261K(17408K) Class: 1829K(1856K)->1829K(1856K)
[558.028s][info][gc             ] GC(1282) Pause Young (Mixed) (G1 Evacuation Pause) 851M->611M(978M) 127.229ms
[558.028s][info][gc,cpu         ] GC(1282) User=0.25s Sys=0.00s Real=0.13s
[558.268s][info][gc,start       ] GC(1283) Pause Young (Concurrent Start) (G1 Evacuation Pause)
[558.269s][info][gc,task        ] GC(1283) Using 2 workers of 2 for evacuation
[558.338s][info][gc,phases      ] GC(1283)   Pre Evacuate Collection Set: 0.34ms
[558.338s][info][gc,phases      ] GC(1283)   Merge Heap Roots: 0.44ms
[558.338s][info][gc,phases      ] GC(1283)   Evacuate Collection Set: 67.59ms
[558.338s][info][gc,phases      ] GC(1283)   Post Evacuate Collection Set: 0.56ms
[558.338s][info][gc,phases      ] GC(1283)   Other: 0.13ms
[558.338s][info][gc,heap        ] GC(1283) Eden regions: 237->0(252)
[558.338s][info][gc,heap        ] GC(1283) Survivor regions: 41->5(35)
[558.338s][info][gc,heap        ] GC(1283) Old regions: 564->605
[558.338s][info][gc,heap        ] GC(1283) Humongous regions: 7->7
[558.338s][info][gc,metaspace   ] GC(1283) Metaspace: 19090K(19264K)->19090K(19264K) NonClass: 17261K(17408K)->17261K(17408K) Class: 1829K(1856K)->1829K(1856K)
[558.338s][info][gc             ] GC(1283) Pause Young (Concurrent Start) (G1 Evacuation Pause) 848M->616M(978M) 69.298ms
[558.338s][info][gc,cpu         ] GC(1283) User=0.14s Sys=0.00s Real=0.07s
[558.338s][info][gc             ] GC(1284) Concurrent Mark Cycle
[558.340s][info][gc,marking     ] GC(1284) Concurrent Scan Root Regions
[558.433s][info][gc,marking     ] GC(1284) Concurrent Scan Root Regions 92.627ms
[558.433s][info][gc,marking     ] GC(1284) Concurrent Mark
[558.433s][info][gc,marking     ] GC(1284) Concurrent Mark From Roots
[558.433s][info][gc,task        ] GC(1284) Using 1 workers of 1 for marking
[558.828s][info][gc,start       ] GC(1285) Pause Young (Normal) (G1 Evacuation Pause)
[558.828s][info][gc,task        ] GC(1285) Using 2 workers of 2 for evacuation
[558.859s][info][gc,phases      ] GC(1285)   Pre Evacuate Collection Set: 0.33ms
[558.859s][info][gc,phases      ] GC(1285)   Merge Heap Roots: 0.27ms
[558.859s][info][gc,phases      ] GC(1285)   Evacuate Collection Set: 29.56ms
[558.859s][info][gc,phases      ] GC(1285)   Post Evacuate Collection Set: 0.50ms
[558.859s][info][gc,phases      ] GC(1285)   Other: 0.10ms
[558.859s][info][gc,heap        ] GC(1285) Eden regions: 252->0(253)
[558.859s][info][gc,heap        ] GC(1285) Survivor regions: 5->18(33)
[558.859s][info][gc,heap        ] GC(1285) Old regions: 605->605
[558.859s][info][gc,heap        ] GC(1285) Humongous regions: 7->7
[558.859s][info][gc,metaspace   ] GC(1285) Metaspace: 19090K(19264K)->19090K(19264K) NonClass: 17261K(17408K)->17261K(17408K) Class: 1829K(1856K)->1829K(1856K)
[558.859s][info][gc             ] GC(1285) Pause Young (Normal) (G1 Evacuation Pause) 868M->629M(978M) 31.015ms
[558.859s][info][gc,cpu         ] GC(1285) User=0.06s Sys=0.00s Real=0.03s
[559.830s][info][gc,start       ] GC(1286) Pause Young (Normal) (G1 Evacuation Pause)
[559.831s][info][gc,task        ] GC(1286) Using 2 workers of 2 for evacuation
[559.892s][info][gc,phases      ] GC(1286)   Pre Evacuate Collection Set: 0.56ms
[559.892s][info][gc,phases      ] GC(1286)   Merge Heap Roots: 0.59ms
[559.892s][info][gc,phases      ] GC(1286)   Evacuate Collection Set: 59.60ms
[559.892s][info][gc,phases      ] GC(1286)   Post Evacuate Collection Set: 0.53ms
[559.892s][info][gc,phases      ] GC(1286)   Other: 0.11ms
[559.892s][info][gc,heap        ] GC(1286) Eden regions: 253->0(243)
[559.892s][info][gc,heap        ] GC(1286) Survivor regions: 18->33(34)
[559.892s][info][gc,heap        ] GC(1286) Old regions: 605->610
[559.892s][info][gc,heap        ] GC(1286) Humongous regions: 7->7
[559.892s][info][gc,metaspace   ] GC(1286) Metaspace: 19090K(19264K)->19090K(19264K) NonClass: 17261K(17408K)->17261K(17408K) Class: 1829K(1856K)->1829K(1856K)
[559.892s][info][gc             ] GC(1286) Pause Young (Normal) (G1 Evacuation Pause) 882M->649M(978M) 61.658ms
[559.892s][info][gc,cpu         ] GC(1286) User=0.12s Sys=0.00s Real=0.06s
[559.900s][info][gc,marking     ] GC(1284) Concurrent Mark From Roots 1467.328ms
[559.900s][info][gc,marking     ] GC(1284) Concurrent Preclean
[559.900s][info][gc,marking     ] GC(1284) Concurrent Preclean 0.049ms
[559.900s][info][gc,start       ] GC(1284) Pause Remark
[559.909s][info][gc             ] GC(1284) Pause Remark 651M->611M(978M) 8.728ms
[559.909s][info][gc,cpu         ] GC(1284) User=0.01s Sys=0.00s Real=0.01s
[559.909s][info][gc,marking     ] GC(1284) Concurrent Mark 1476.400ms
[559.909s][info][gc,marking     ] GC(1284) Concurrent Rebuild Remembered Sets and Scrub Regions
[560.428s][info][gc,marking     ] GC(1284) Concurrent Rebuild Remembered Sets and Scrub Regions 518.211ms
[560.428s][info][gc,start       ] GC(1284) Pause Cleanup
[560.428s][info][gc             ] GC(1284) Pause Cleanup 761M->761M(978M) 0.124ms
[560.428s][info][gc,cpu         ] GC(1284) User=0.00s Sys=0.00s Real=0.00s
[560.428s][info][gc,marking     ] GC(1284) Concurrent Clear Claimed Marks
[560.428s][info][gc,marking     ] GC(1284) Concurrent Clear Claimed Marks 0.033ms
[560.428s][info][gc,marking     ] GC(1284) Concurrent Cleanup for Next Mark
[560.431s][info][gc,marking     ] GC(1284) Concurrent Cleanup for Next Mark 2.981ms
[560.431s][info][gc             ] GC(1284) Concurrent Mark Cycle 2093.169ms
[560.563s][info][gc,start       ] GC(1287) Pause Young (Prepare Mixed) (G1 Evacuation Pause)
[560.563s][info][gc,task        ] GC(1287) Using 2 workers of 2 for evacuation
[560.632s][info][gc,phases      ] GC(1287)   Pre Evacuate Collection Set: 0.55ms
[560.632s][info][gc,phases      ] GC(1287)   Merge Heap Roots: 0.30ms
[560.632s][info][gc,phases      ] GC(1287)   Evacuate Collection Set: 67.84ms
[560.632s][info][gc,phases      ] GC(1287)   Post Evacuate Collection Set: 0.58ms
[560.632s][info][gc,phases      ] GC(1287)   Other: 0.09ms
[560.632s][info][gc,heap        ] GC(1287) Eden regions: 243->0(245)
[560.632s][info][gc,heap        ] GC(1287) Survivor regions: 33->30(35)
[560.632s][info][gc,heap        ] GC(1287) Old regions: 571->604
[560.632s][info][gc,heap        ] GC(1287) Humongous regions: 6->6
[560.632s][info][gc,metaspace   ] GC(1287) Metaspace: 19096K(19264K)->19096K(19264K) NonClass: 17267K(17408K)->17267K(17408K) Class: 1829K(1856K)->1829K(1856K)
[560.632s][info][gc             ] GC(1287) Pause Young (Prepare Mixed) (G1 Evacuation Pause) 852M->639M(978M) 69.622ms
[560.632s][info][gc,cpu         ] GC(1287) User=0.14s Sys=0.00s Real=0.07s
[560.996s][info][gc,start       ] GC(1288) Pause Young (Mixed) (G1 Evacuation Pause)
[560.996s][info][gc,task        ] GC(1288) Using 2 workers of 2 for evacuation
[561.065s][info][gc,phases      ] GC(1288)   Pre Evacuate Collection Set: 0.57ms
[561.065s][info][gc,phases      ] GC(1288)   Merge Heap Roots: 0.22ms
[561.065s][info][gc,phases      ] GC(1288)   Evacuate Collection Set: 67.68ms
[561.065s][info][gc,phases      ] GC(1288)   Post Evacuate Collection Set: 0.59ms
[561.065s][info][gc,phases      ] GC(1288)   Other: 0.11ms
[561.065s][info][gc,heap        ] GC(1288) Eden regions: 245->0(241)
[561.065s][info][gc,heap        ] GC(1288) Survivor regions: 30->25(35)
[561.065s][info][gc,heap        ] GC(1288) Old regions: 604->612
[561.065s][info][gc,heap        ] GC(1288) Humongous regions: 7->7
[561.065s][info][gc,metaspace   ] GC(1288) Metaspace: 19096K(19264K)->19096K(19264K) NonClass: 17267K(17408K)->17267K(17408K) Class: 1829K(1856K)->1829K(1856K)
[561.065s][info][gc             ] GC(1288) Pause Young (Mixed) (G1 Evacuation Pause) 885M->642M(978M) 69.495ms
[561.065s][info][gc,cpu         ] GC(1288) User=0.13s Sys=0.00s Real=0.07s
[561.432s][info][gc,start       ] GC(1289) Pause Young (Concurrent Start) (G1 Evacuation Pause)
[561.432s][info][gc,task        ] GC(1289) Using 2 workers of 2 for evacuation
[561.493s][info][gc,phases      ] GC(1289)   Pre Evacuate Collection Set: 0.34ms
[561.493s][info][gc,phases      ] GC(1289)   Merge Heap Roots: 0.21ms
[561.494s][info][gc,phases      ] GC(1289)   Evacuate Collection Set: 60.07ms
[561.494s][info][gc,phases      ] GC(1289)   Post Evacuate Collection Set: 0.59ms
[561.494s][info][gc,phases      ] GC(1289)   Other: 0.12ms
[561.494s][info][gc,heap        ] GC(1289) Eden regions: 241->0(227)
[561.494s][info][gc,heap        ] GC(1289) Survivor regions: 25->22(34)
[561.494s][info][gc,heap        ] GC(1289) Old regions: 612->636
[561.494s][info][gc,heap        ] GC(1289) Humongous regions: 7->7
[561.494s][info][gc,metaspace   ] GC(1289) Metaspace: 19096K(19264K)->19096K(19264K) NonClass: 17267K(17408K)->17267K(17408K) Class: 1829K(1856K)->1829K(1856K)
[561.494s][info][gc             ] GC(1289) Pause Young (Concurrent Start) (G1 Evacuation Pause) 883M->664M(978M) 61.598ms
[561.494s][info][gc,cpu         ] GC(1289) User=0.12s Sys=0.00s Real=0.06s
[561.494s][info][gc             ] GC(1290) Concurrent Mark Cycle
[561.494s][info][gc,marking     ] GC(1290) Concurrent Scan Root Regions
[561.582s][info][gc,marking     ] GC(1290) Concurrent Scan Root Regions 88.519ms
[561.582s][info][gc,marking     ] GC(1290) Concurrent Mark
[561.582s][info][gc,marking     ] GC(1290) Concurrent Mark From Roots
[561.582s][info][gc,task        ] GC(1290) Using 1 workers of 1 for marking
[561.844s][info][gc,start       ] GC(1291) Pause Young (Normal) (G1 Evacuation Pause)
[561.844s][info][gc,task        ] GC(1291) Using 2 workers of 2 for evacuation
[561.874s][info][gc,phases      ] GC(1291)   Pre Evacuate Collection Set: 0.55ms
[561.874s][info][gc,phases      ] GC(1291)   Merge Heap Roots: 0.17ms
[561.874s][info][gc,phases      ] GC(1291)   Evacuate Collection Set: 29.49ms
[561.874s][info][gc,phases      ] GC(1291)   Post Evacuate Collection Set: 0.50ms
[561.874s][info][gc,phases      ] GC(1291)   Other: 0.10ms
[561.874s][info][gc,heap        ] GC(1291) Eden regions: 227->0(236)
[561.875s][info][gc,heap        ] GC(1291) Survivor regions: 22->4(32)
[561.875s][info][gc,heap        ] GC(1291) Old regions: 636->658
[561.875s][info][gc,heap        ] GC(1291) Humongous regions: 7->7
[561.875s][info][gc,metaspace   ] GC(1291) Metaspace: 19096K(19264K)->19096K(19264K) NonClass: 17267K(17408K)->17267K(17408K) Class: 1829K(1856K)->1829K(1856K)
[561.875s][info][gc             ] GC(1291) Pause Young (Normal) (G1 Evacuation Pause) 891M->668M(978M) 31.044ms
[561.875s][info][gc,cpu         ] GC(1291) User=0.06s Sys=0.00s Real=0.04s
[562.636s][info][gc,start       ] GC(1292) Pause Young (Normal) (G1 Evacuation Pause)
[562.637s][info][gc,task        ] GC(1292) Using 2 workers of 2 for evacuation
[562.663s][info][gc,phases      ] GC(1292)   Pre Evacuate Collection Set: 0.55ms
[562.663s][info][gc,phases      ] GC(1292)   Merge Heap Roots: 0.21ms
[562.663s][info][gc,phases      ] GC(1292)   Evacuate Collection Set: 24.65ms
[562.663s][info][gc,phases      ] GC(1292)   Post Evacuate Collection Set: 0.51ms
[562.663s][info][gc,phases      ] GC(1292)   Other: 0.09ms
[562.663s][info][gc,heap        ] GC(1292) Eden regions: 236->0(225)
[562.663s][info][gc,heap        ] GC(1292) Survivor regions: 4->19(30)
[562.663s][info][gc,heap        ] GC(1292) Old regions: 658->658
[562.663s][info][gc,heap        ] GC(1292) Humongous regions: 7->7
[562.663s][info][gc,metaspace   ] GC(1292) Metaspace: 19096K(19264K)->19096K(19264K) NonClass: 17267K(17408K)->17267K(17408K) Class: 1829K(1856K)->1829K(1856K)
[562.663s][info][gc             ] GC(1292) Pause Young (Normal) (G1 Evacuation Pause) 904M->683M(978M) 26.276ms
[562.663s][info][gc,cpu         ] GC(1292) User=0.05s Sys=0.00s Real=0.02s
[563.020s][info][gc,marking     ] GC(1290) Concurrent Mark From Roots 1437.881ms
[563.020s][info][gc,marking     ] GC(1290) Concurrent Preclean
[563.020s][info][gc,marking     ] GC(1290) Concurrent Preclean 0.056ms
[563.020s][info][gc,start       ] GC(1290) Pause Remark
[563.029s][info][gc             ] GC(1290) Pause Remark 772M->616M(978M) 8.984ms
[563.030s][info][gc,cpu         ] GC(1290) User=0.01s Sys=0.00s Real=0.01s
[563.030s][info][gc,marking     ] GC(1290) Concurrent Mark 1447.967ms
[563.030s][info][gc,marking     ] GC(1290) Concurrent Rebuild Remembered Sets and Scrub Regions
[563.551s][info][gc,start       ] GC(1293) Pause Young (Normal) (G1 Evacuation Pause)
[563.552s][info][gc,task        ] GC(1293) Using 2 workers of 2 for evacuation
[563.590s][info][gc,phases      ] GC(1293)   Pre Evacuate Collection Set: 0.53ms
[563.590s][info][gc,phases      ] GC(1293)   Merge Heap Roots: 0.83ms
[563.590s][info][gc,phases      ] GC(1293)   Evacuate Collection Set: 36.44ms
[563.590s][info][gc,phases      ] GC(1293)   Post Evacuate Collection Set: 0.52ms
[563.590s][info][gc,phases      ] GC(1293)   Other: 0.09ms
[563.590s][info][gc,heap        ] GC(1293) Eden regions: 225->0(374)
[563.590s][info][gc,heap        ] GC(1293) Survivor regions: 19->16(31)
[563.590s][info][gc,heap        ] GC(1293) Old regions: 504->508
[563.590s][info][gc,heap        ] GC(1293) Humongous regions: 5->5
[563.590s][info][gc,metaspace   ] GC(1293) Metaspace: 19096K(19264K)->19096K(19264K) NonClass: 17267K(17408K)->17267K(17408K) Class: 1829K(1856K)->1829K(1856K)
[563.590s][info][gc             ] GC(1293) Pause Young (Normal) (G1 Evacuation Pause) 752M->528M(978M) 38.661ms
[563.590s][info][gc,cpu         ] GC(1293) User=0.07s Sys=0.00s Real=0.04s
[563.609s][info][gc,marking     ] GC(1290) Concurrent Rebuild Remembered Sets and Scrub Regions 578.461ms
[563.609s][info][gc,start       ] GC(1290) Pause Cleanup
[563.609s][info][gc             ] GC(1290) Pause Cleanup 532M->532M(978M) 0.099ms
[563.609s][info][gc,cpu         ] GC(1290) User=0.01s Sys=0.00s Real=0.00s
[563.609s][info][gc,marking     ] GC(1290) Concurrent Clear Claimed Marks
[563.609s][info][gc,marking     ] GC(1290) Concurrent Clear Claimed Marks 0.032ms
[563.609s][info][gc,marking     ] GC(1290) Concurrent Cleanup for Next Mark
[563.612s][info][gc,marking     ] GC(1290) Concurrent Cleanup for Next Mark 2.982ms
[563.612s][info][gc             ] GC(1290) Concurrent Mark Cycle 2118.505ms
[564.015s][info][gc,start       ] GC(1294) Pause Young (Prepare Mixed) (G1 Evacuation Pause)
[564.015s][info][gc,task        ] GC(1294) Using 2 workers of 2 for evacuation
[564.166s][info][gc,phases      ] GC(1294)   Pre Evacuate Collection Set: 0.33ms
[564.166s][info][gc,phases      ] GC(1294)   Merge Heap Roots: 0.37ms
[564.166s][info][gc,phases      ] GC(1294)   Evacuate Collection Set: 133.84ms
[564.166s][info][gc,phases      ] GC(1294)   Post Evacuate Collection Set: 15.86ms
[564.166s][info][gc,phases      ] GC(1294)   Other: 0.11ms
[564.166s][info][gc,heap        ] GC(1294) Eden regions: 374->0(92)
[564.166s][info][gc,heap        ] GC(1294) Survivor regions: 16->49(49)
[564.166s][info][gc,heap        ] GC(1294) Old regions: 508->733
[564.166s][info][gc,heap        ] GC(1294) Humongous regions: 5->5
[564.166s][info][gc,metaspace   ] GC(1294) Metaspace: 19100K(19264K)->19100K(19264K) NonClass: 17270K(17408K)->17270K(17408K) Class: 1829K(1856K)->1829K(1856K)
[564.166s][info][gc             ] GC(1294) Pause Young (Prepare Mixed) (G1 Evacuation Pause) (Evacuation Failure: Allocation) 902M->786M(978M) 150.736ms
[564.166s][info][gc,cpu         ] GC(1294) User=0.30s Sys=0.00s Real=0.15s
[564.292s][info][gc,start       ] GC(1295) Pause Young (Mixed) (G1 Evacuation Pause)
[564.292s][info][gc,task        ] GC(1295) Using 2 workers of 2 for evacuation
[564.434s][info][gc,phases      ] GC(1295)   Pre Evacuate Collection Set: 0.61ms
[564.434s][info][gc,phases      ] GC(1295)   Merge Heap Roots: 0.65ms
[564.434s][info][gc,phases      ] GC(1295)   Evacuate Collection Set: 129.53ms
[564.434s][info][gc,phases      ] GC(1295)   Post Evacuate Collection Set: 10.83ms
[564.434s][info][gc,phases      ] GC(1295)   Other: 0.08ms
[564.434s][info][gc,heap        ] GC(1295) Eden regions: 92->0(30)
[564.434s][info][gc,heap        ] GC(1295) Survivor regions: 49->18(18)
[564.434s][info][gc,heap        ] GC(1295) Old regions: 733->880
[564.434s][info][gc,heap        ] GC(1295) Humongous regions: 5->5
[564.434s][info][gc,metaspace   ] GC(1295) Metaspace: 19100K(19264K)->19100K(19264K) NonClass: 17270K(17408K)->17270K(17408K) Class: 1829K(1856K)->1829K(1856K)
[564.434s][info][gc             ] GC(1295) Pause Young (Mixed) (G1 Evacuation Pause) (Evacuation Failure: Allocation) 878M->902M(978M) 141.951ms
[564.434s][info][gc,cpu         ] GC(1295) User=0.27s Sys=0.00s Real=0.15s
[564.506s][info][gc,start       ] GC(1296) Pause Young (Concurrent Start) (G1 Evacuation Pause)
[564.506s][info][gc,task        ] GC(1296) Using 2 workers of 2 for evacuation
[564.568s][info][gc,phases      ] GC(1296)   Pre Evacuate Collection Set: 0.51ms
[564.568s][info][gc,phases      ] GC(1296)   Merge Heap Roots: 0.44ms
[564.568s][info][gc,phases      ] GC(1296)   Evacuate Collection Set: 52.39ms
[564.568s][info][gc,phases      ] GC(1296)   Post Evacuate Collection Set: 7.93ms
[564.568s][info][gc,phases      ] GC(1296)   Other: 0.12ms
[564.568s][info][gc,heap        ] GC(1296) Eden regions: 30->0(43)
[564.568s][info][gc,heap        ] GC(1296) Survivor regions: 18->3(6)
[564.568s][info][gc,heap        ] GC(1296) Old regions: 880->924
[564.568s][info][gc,heap        ] GC(1296) Humongous regions: 5->5
[564.568s][info][gc,metaspace   ] GC(1296) Metaspace: 19100K(19264K)->19100K(19264K) NonClass: 17270K(17408K)->17270K(17408K) Class: 1829K(1856K)->1829K(1856K)
[564.568s][info][gc             ] GC(1296) Pause Young (Concurrent Start) (G1 Evacuation Pause) (Evacuation Failure: Allocation) 932M->931M(978M) 61.680ms
[564.568s][info][gc,cpu         ] GC(1296) User=0.12s Sys=0.00s Real=0.06s
[564.568s][info][gc             ] GC(1297) Concurrent Mark Cycle
[564.568s][info][gc,marking     ] GC(1297) Concurrent Scan Root Regions
[564.612s][info][gc,start       ] GC(1298) Pause Young (Normal) (G1 Evacuation Pause)
[564.612s][info][gc,task        ] GC(1298) Using 2 workers of 2 for evacuation
[564.623s][info][gc,marking     ] GC(1297) Concurrent Scan Root Regions 55.179ms
[564.623s][info][gc,marking     ] GC(1297) Concurrent Mark
[564.623s][info][gc,marking     ] GC(1297) Concurrent Mark From Roots
[564.623s][info][gc,task        ] GC(1297) Using 1 workers of 1 for marking
[564.650s][info][gc,phases      ] GC(1298)   Pre Evacuate Collection Set: 0.47ms
[564.650s][info][gc,phases      ] GC(1298)   Merge Heap Roots: 0.24ms
[564.650s][info][gc,phases      ] GC(1298)   Evacuate Collection Set: 17.00ms
[564.650s][info][gc,phases      ] GC(1298)   Post Evacuate Collection Set: 8.82ms
[564.650s][info][gc,phases      ] GC(1298)   Other: 0.10ms
[564.650s][info][gc,heap        ] GC(1298) Eden regions: 43->0(17)
[564.650s][info][gc,heap        ] GC(1298) Survivor regions: 3->2(3)
[564.650s][info][gc,heap        ] GC(1298) Old regions: 924->952
[564.650s][info][gc,heap        ] GC(1298) Humongous regions: 5->5
[564.650s][info][gc,metaspace   ] GC(1298) Metaspace: 19100K(19264K)->19100K(19264K) NonClass: 17270K(17408K)->17270K(17408K) Class: 1829K(1856K)->1829K(1856K)
[564.650s][info][gc             ] GC(1298) Pause Young (Normal) (G1 Evacuation Pause) (Evacuation Failure: Allocation) 974M->958M(978M) 38.286ms
[564.650s][info][gc,cpu         ] GC(1298) User=0.07s Sys=0.00s Real=0.04s
[564.680s][info][gc,start       ] GC(1299) Pause Young (Normal) (G1 Evacuation Pause)
[564.680s][info][gc,task        ] GC(1299) Using 2 workers of 2 for evacuation
[564.713s][info][gc,phases      ] GC(1299)   Pre Evacuate Collection Set: 0.44ms
[564.713s][info][gc,phases      ] GC(1299)   Merge Heap Roots: 0.25ms
[564.713s][info][gc,phases      ] GC(1299)   Evacuate Collection Set: 18.98ms
[564.713s][info][gc,phases      ] GC(1299)   Post Evacuate Collection Set: 13.07ms
[564.713s][info][gc,phases      ] GC(1299)   Other: 0.13ms
[564.713s][info][gc,heap        ] GC(1299) Eden regions: 17->0(3)
[564.713s][info][gc,heap        ] GC(1299) Survivor regions: 2->1(2)
[564.713s][info][gc,heap        ] GC(1299) Old regions: 952->968
[564.713s][info][gc,heap        ] GC(1299) Humongous regions: 5->5
[564.713s][info][gc,metaspace   ] GC(1299) Metaspace: 19100K(19264K)->19100K(19264K) NonClass: 17270K(17408K)->17270K(17408K) Class: 1829K(1856K)->1829K(1856K)
[564.713s][info][gc             ] GC(1299) Pause Young (Normal) (G1 Evacuation Pause) (Evacuation Failure: Allocation) 975M->973M(978M) 33.208ms
[564.713s][info][gc,cpu         ] GC(1299) User=0.06s Sys=0.00s Real=0.03s
[564.721s][info][gc,start       ] GC(1300) Pause Young (Normal) (G1 Evacuation Pause)
[564.721s][info][gc,task        ] GC(1300) Using 2 workers of 2 for evacuation
[564.749s][info][gc,phases      ] GC(1300)   Pre Evacuate Collection Set: 0.66ms
[564.749s][info][gc,phases      ] GC(1300)   Merge Heap Roots: 0.30ms
[564.749s][info][gc,phases      ] GC(1300)   Evacuate Collection Set: 17.34ms
[564.749s][info][gc,phases      ] GC(1300)   Post Evacuate Collection Set: 9.70ms
[564.749s][info][gc,phases      ] GC(1300)   Other: 0.14ms
[564.749s][info][gc,heap        ] GC(1300) Eden regions: 3->0(2)
[564.749s][info][gc,heap        ] GC(1300) Survivor regions: 1->1(1)
[564.749s][info][gc,heap        ] GC(1300) Old regions: 968->969
[564.749s][info][gc,heap        ] GC(1300) Humongous regions: 5->5
[564.749s][info][gc,metaspace   ] GC(1300) Metaspace: 19100K(19264K)->19100K(19264K) NonClass: 17270K(17408K)->17270K(17408K) Class: 1829K(1856K)->1829K(1856K)
[564.749s][info][gc             ] GC(1300) Pause Young (Normal) (G1 Evacuation Pause) (Evacuation Failure: Allocation) 976M->974M(978M) 28.354ms
[564.749s][info][gc,cpu         ] GC(1300) User=0.06s Sys=0.00s Real=0.03s
[564.756s][info][gc,start       ] GC(1301) Pause Young (Normal) (G1 Evacuation Pause)
[564.756s][info][gc,task        ] GC(1301) Using 2 workers of 2 for evacuation
[564.780s][info][gc,phases      ] GC(1301)   Pre Evacuate Collection Set: 0.52ms
[564.780s][info][gc,phases      ] GC(1301)   Merge Heap Roots: 0.20ms
[564.780s][info][gc,phases      ] GC(1301)   Evacuate Collection Set: 13.61ms
[564.780s][info][gc,phases      ] GC(1301)   Post Evacuate Collection Set: 9.19ms
[564.780s][info][gc,phases      ] GC(1301)   Other: 0.10ms
[564.780s][info][gc,heap        ] GC(1301) Eden regions: 2->0(2)
[564.780s][info][gc,heap        ] GC(1301) Survivor regions: 1->1(1)
[564.780s][info][gc,heap        ] GC(1301) Old regions: 969->969
[564.780s][info][gc,heap        ] GC(1301) Humongous regions: 5->5
[564.780s][info][gc,metaspace   ] GC(1301) Metaspace: 19100K(19264K)->19100K(19264K) NonClass: 17270K(17408K)->17270K(17408K) Class: 1829K(1856K)->1829K(1856K)
[564.780s][info][gc             ] GC(1301) Pause Young (Normal) (G1 Evacuation Pause) (Evacuation Failure: Allocation) 976M->974M(978M) 23.835ms
[564.780s][info][gc,cpu         ] GC(1301) User=0.05s Sys=0.00s Real=0.02s
[564.785s][info][gc,start       ] GC(1302) Pause Young (Normal) (G1 Evacuation Pause)
[564.785s][info][gc,task        ] GC(1302) Using 2 workers of 2 for evacuation
[564.810s][info][gc,phases      ] GC(1302)   Pre Evacuate Collection Set: 0.37ms
[564.810s][info][gc,phases      ] GC(1302)   Merge Heap Roots: 0.19ms
[564.810s][info][gc,phases      ] GC(1302)   Evacuate Collection Set: 14.76ms
[564.810s][info][gc,phases      ] GC(1302)   Post Evacuate Collection Set: 9.60ms
[564.810s][info][gc,phases      ] GC(1302)   Other: 0.07ms
[564.810s][info][gc,heap        ] GC(1302) Eden regions: 2->0(2)
[564.810s][info][gc,heap        ] GC(1302) Survivor regions: 1->1(1)
[564.810s][info][gc,heap        ] GC(1302) Old regions: 969->969
[564.810s][info][gc,heap        ] GC(1302) Humongous regions: 5->5
[564.810s][info][gc,metaspace   ] GC(1302) Metaspace: 19100K(19264K)->19100K(19264K) NonClass: 17270K(17408K)->17270K(17408K) Class: 1829K(1856K)->1829K(1856K)
[564.810s][info][gc             ] GC(1302) Pause Young (Normal) (G1 Evacuation Pause) (Evacuation Failure: Allocation) 976M->974M(978M) 25.232ms
[564.810s][info][gc,cpu         ] GC(1302) User=0.05s Sys=0.00s Real=0.02s
[564.814s][info][gc,start       ] GC(1303) Pause Young (Normal) (G1 Evacuation Pause)
[564.814s][info][gc,task        ] GC(1303) Using 2 workers of 2 for evacuation
[564.839s][info][gc,phases      ] GC(1303)   Pre Evacuate Collection Set: 0.38ms
[564.839s][info][gc,phases      ] GC(1303)   Merge Heap Roots: 0.22ms
[564.839s][info][gc,phases      ] GC(1303)   Evacuate Collection Set: 15.06ms
[564.839s][info][gc,phases      ] GC(1303)   Post Evacuate Collection Set: 9.57ms
[564.839s][info][gc,phases      ] GC(1303)   Other: 0.09ms
[564.839s][info][gc,heap        ] GC(1303) Eden regions: 2->0(2)
[564.839s][info][gc,heap        ] GC(1303) Survivor regions: 1->1(1)
[564.839s][info][gc,heap        ] GC(1303) Old regions: 969->969
[564.839s][info][gc,heap        ] GC(1303) Humongous regions: 5->5
[564.839s][info][gc,metaspace   ] GC(1303) Metaspace: 19100K(19264K)->19100K(19264K) NonClass: 17270K(17408K)->17270K(17408K) Class: 1829K(1856K)->1829K(1856K)
[564.839s][info][gc             ] GC(1303) Pause Young (Normal) (G1 Evacuation Pause) (Evacuation Failure: Allocation) 976M->974M(978M) 25.506ms
[564.839s][info][gc,cpu         ] GC(1303) User=0.05s Sys=0.00s Real=0.03s
[564.843s][info][gc,start       ] GC(1304) Pause Young (Normal) (G1 Evacuation Pause)
[564.843s][info][gc,task        ] GC(1304) Using 2 workers of 2 for evacuation
[564.868s][info][gc,phases      ] GC(1304)   Pre Evacuate Collection Set: 0.39ms
[564.868s][info][gc,phases      ] GC(1304)   Merge Heap Roots: 0.21ms
[564.868s][info][gc,phases      ] GC(1304)   Evacuate Collection Set: 15.19ms
[564.868s][info][gc,phases      ] GC(1304)   Post Evacuate Collection Set: 9.48ms
[564.868s][info][gc,phases      ] GC(1304)   Other: 0.08ms
[564.868s][info][gc,heap        ] GC(1304) Eden regions: 2->0(2)
[564.868s][info][gc,heap        ] GC(1304) Survivor regions: 1->1(1)
[564.868s][info][gc,heap        ] GC(1304) Old regions: 969->969
[564.868s][info][gc,heap        ] GC(1304) Humongous regions: 5->5
[564.868s][info][gc,metaspace   ] GC(1304) Metaspace: 19100K(19264K)->19100K(19264K) NonClass: 17270K(17408K)->17270K(17408K) Class: 1829K(1856K)->1829K(1856K)
[564.868s][info][gc             ] GC(1304) Pause Young (Normal) (G1 Evacuation Pause) (Evacuation Failure: Allocation) 976M->974M(978M) 25.533ms
[564.868s][info][gc,cpu         ] GC(1304) User=0.05s Sys=0.00s Real=0.03s
[564.872s][info][gc,start       ] GC(1305) Pause Young (Normal) (G1 Evacuation Pause)
[564.872s][info][gc,task        ] GC(1305) Using 2 workers of 2 for evacuation
[564.897s][info][gc,phases      ] GC(1305)   Pre Evacuate Collection Set: 0.38ms
[564.897s][info][gc,phases      ] GC(1305)   Merge Heap Roots: 0.21ms
[564.897s][info][gc,phases      ] GC(1305)   Evacuate Collection Set: 15.39ms
[564.897s][info][gc,phases      ] GC(1305)   Post Evacuate Collection Set: 9.60ms
[564.897s][info][gc,phases      ] GC(1305)   Other: 0.08ms
[564.897s][info][gc,heap        ] GC(1305) Eden regions: 2->0(2)
[564.897s][info][gc,heap        ] GC(1305) Survivor regions: 1->1(1)
[564.897s][info][gc,heap        ] GC(1305) Old regions: 969->969
[564.897s][info][gc,heap        ] GC(1305) Humongous regions: 5->5
[564.897s][info][gc,metaspace   ] GC(1305) Metaspace: 19100K(19264K)->19100K(19264K) NonClass: 17270K(17408K)->17270K(17408K) Class: 1829K(1856K)->1829K(1856K)
[564.898s][info][gc             ] GC(1305) Pause Young (Normal) (G1 Evacuation Pause) (Evacuation Failure: Allocation) 976M->974M(978M) 25.891ms
[564.898s][info][gc,cpu         ] GC(1305) User=0.05s Sys=0.00s Real=0.03s
[564.901s][info][gc,start       ] GC(1306) Pause Young (Normal) (G1 Evacuation Pause)
[564.901s][info][gc,task        ] GC(1306) Using 2 workers of 2 for evacuation
[564.926s][info][gc,phases      ] GC(1306)   Pre Evacuate Collection Set: 0.38ms
[564.926s][info][gc,phases      ] GC(1306)   Merge Heap Roots: 0.20ms
[564.926s][info][gc,phases      ] GC(1306)   Evacuate Collection Set: 15.47ms
[564.926s][info][gc,phases      ] GC(1306)   Post Evacuate Collection Set: 9.41ms
[564.926s][info][gc,phases      ] GC(1306)   Other: 0.08ms
[564.926s][info][gc,heap        ] GC(1306) Eden regions: 2->0(2)
[564.926s][info][gc,heap        ] GC(1306) Survivor regions: 1->1(1)
[564.926s][info][gc,heap        ] GC(1306) Old regions: 969->969
[564.926s][info][gc,heap        ] GC(1306) Humongous regions: 5->5
[564.926s][info][gc,metaspace   ] GC(1306) Metaspace: 19100K(19264K)->19100K(19264K) NonClass: 17270K(17408K)->17270K(17408K) Class: 1829K(1856K)->1829K(1856K)
[564.926s][info][gc             ] GC(1306) Pause Young (Normal) (G1 Evacuation Pause) (Evacuation Failure: Allocation) 976M->974M(978M) 25.755ms
[564.926s][info][gc,cpu         ] GC(1306) User=0.05s Sys=0.00s Real=0.03s
[564.930s][info][gc,start       ] GC(1307) Pause Young (Normal) (G1 Evacuation Pause)
[564.930s][info][gc,task        ] GC(1307) Using 2 workers of 2 for evacuation
[564.955s][info][gc,phases      ] GC(1307)   Pre Evacuate Collection Set: 0.38ms
[564.956s][info][gc,phases      ] GC(1307)   Merge Heap Roots: 0.22ms
[564.956s][info][gc,phases      ] GC(1307)   Evacuate Collection Set: 15.55ms
[564.956s][info][gc,phases      ] GC(1307)   Post Evacuate Collection Set: 9.61ms
[564.956s][info][gc,phases      ] GC(1307)   Other: 0.10ms
[564.956s][info][gc,heap        ] GC(1307) Eden regions: 2->0(1)
[564.956s][info][gc,heap        ] GC(1307) Survivor regions: 1->1(1)
[564.956s][info][gc,heap        ] GC(1307) Old regions: 969->970
[564.956s][info][gc,heap        ] GC(1307) Humongous regions: 5->5
[564.956s][info][gc,metaspace   ] GC(1307) Metaspace: 19100K(19264K)->19100K(19264K) NonClass: 17270K(17408K)->17270K(17408K) Class: 1829K(1856K)->1829K(1856K)
[564.956s][info][gc             ] GC(1307) Pause Young (Normal) (G1 Evacuation Pause) (Evacuation Failure: Allocation) 976M->975M(978M) 26.032ms
[564.956s][info][gc,cpu         ] GC(1307) User=0.05s Sys=0.00s Real=0.03s
[564.959s][info][gc,start       ] GC(1308) Pause Young (Normal) (G1 Evacuation Pause)
[564.959s][info][gc,task        ] GC(1308) Using 2 workers of 2 for evacuation
[564.986s][info][gc,phases      ] GC(1308)   Pre Evacuate Collection Set: 0.54ms
[564.986s][info][gc,phases      ] GC(1308)   Merge Heap Roots: 0.34ms
[564.986s][info][gc,phases      ] GC(1308)   Evacuate Collection Set: 16.33ms
[564.986s][info][gc,phases      ] GC(1308)   Post Evacuate Collection Set: 9.48ms
[564.986s][info][gc,phases      ] GC(1308)   Other: 0.10ms
[564.986s][info][gc,heap        ] GC(1308) Eden regions: 1->0(1)
[564.986s][info][gc,heap        ] GC(1308) Survivor regions: 1->1(1)
[564.986s][info][gc,heap        ] GC(1308) Old regions: 970->970
[564.986s][info][gc,heap        ] GC(1308) Humongous regions: 5->5
[564.986s][info][gc,metaspace   ] GC(1308) Metaspace: 19100K(19264K)->19100K(19264K) NonClass: 17270K(17408K)->17270K(17408K) Class: 1829K(1856K)->1829K(1856K)
[564.986s][info][gc             ] GC(1308) Pause Young (Normal) (G1 Evacuation Pause) (Evacuation Failure: Allocation) 976M->975M(978M) 26.978ms
[564.986s][info][gc,cpu         ] GC(1308) User=0.05s Sys=0.00s Real=0.03s
[564.989s][info][gc,start       ] GC(1309) Pause Young (Normal) (G1 Evacuation Pause)
[564.989s][info][gc,task        ] GC(1309) Using 2 workers of 2 for evacuation
[565.015s][info][gc,phases      ] GC(1309)   Pre Evacuate Collection Set: 0.38ms
[565.015s][info][gc,phases      ] GC(1309)   Merge Heap Roots: 0.20ms
[565.015s][info][gc,phases      ] GC(1309)   Evacuate Collection Set: 16.07ms
[565.015s][info][gc,phases      ] GC(1309)   Post Evacuate Collection Set: 9.66ms
[565.015s][info][gc,phases      ] GC(1309)   Other: 0.11ms
[565.015s][info][gc,heap        ] GC(1309) Eden regions: 1->0(0)
[565.016s][info][gc,heap        ] GC(1309) Survivor regions: 1->1(1)
[565.016s][info][gc,heap        ] GC(1309) Old regions: 970->971
[565.016s][info][gc,heap        ] GC(1309) Humongous regions: 5->5
[565.016s][info][gc,metaspace   ] GC(1309) Metaspace: 19100K(19264K)->19100K(19264K) NonClass: 17270K(17408K)->17270K(17408K) Class: 1829K(1856K)->1829K(1856K)
[565.016s][info][gc             ] GC(1309) Pause Young (Normal) (G1 Evacuation Pause) (Evacuation Failure: Allocation) 976M->975M(978M) 26.661ms
[565.016s][info][gc,cpu         ] GC(1309) User=0.05s Sys=0.00s Real=0.03s
[565.016s][info][gc,ergo        ] Attempting full compaction
[565.016s][info][gc,start       ] GC(1310) Pause Full (G1 Compaction Pause)
[565.016s][info][gc,task        ] GC(1310) Using 2 workers of 2 for full compaction
[565.017s][info][gc,phases,start] GC(1310) Phase 1: Mark live objects
[565.381s][info][metaspace      ] ChkMgr @0x00007f9cbc15e5a0 (non-class-space): : reclaiming memory...
[565.381s][info][metaspace      ] ChkMgr @0x00007f9cbc15e5a0 (non-class-space): nothing reclaimed.
[565.381s][info][metaspace      ] ChkMgr @0x00007f9cbc15c6b0 (class-space): : reclaiming memory...
[565.381s][info][metaspace      ] ChkMgr @0x00007f9cbc15c6b0 (class-space): nothing reclaimed.
[565.381s][info][gc,phases      ] GC(1310) Phase 1: Mark live objects 363.571ms
[565.381s][info][gc,phases,start] GC(1310) Phase 2: Prepare compaction
[565.391s][info][gc,phases      ] GC(1310) Phase 2: Prepare compaction 10.474ms
[565.391s][info][gc,phases,start] GC(1310) Phase 3: Adjust pointers
[565.529s][info][gc,phases      ] GC(1310) Phase 3: Adjust pointers 137.639ms
[565.529s][info][gc,phases,start] GC(1310) Phase 4: Compact heap
[565.542s][info][gc,phases      ] GC(1310) Phase 4: Compact heap 12.951ms
[565.542s][info][gc,phases,start] GC(1310) Phase 5: Reset Metadata
[565.618s][info][gc,phases      ] GC(1310) Phase 5: Reset Metadata 75.526ms
[565.627s][info][gc,heap        ] GC(1310) Eden regions: 0->0(387)
[565.627s][info][gc,heap        ] GC(1310) Survivor regions: 1->0(1)
[565.627s][info][gc,heap        ] GC(1310) Old regions: 971->430
[565.627s][info][gc,heap        ] GC(1310) Humongous regions: 5->3
[565.627s][info][gc,metaspace   ] GC(1310) Metaspace: 19100K(19264K)->19075K(19264K) NonClass: 17270K(17408K)->17245K(17408K) Class: 1829K(1856K)->1829K(1856K)
[565.627s][info][gc             ] GC(1310) Pause Full (G1 Compaction Pause) 975M->431M(978M) 611.163ms
[565.627s][info][gc,cpu         ] GC(1310) User=1.20s Sys=0.00s Real=0.61s
[565.630s][info][gc,marking     ] GC(1297) Concurrent Mark From Roots 1006.992ms
[565.630s][info][gc,marking     ] GC(1297) Concurrent Mark Abort
[565.630s][info][gc             ] GC(1297) Concurrent Mark Cycle 1062.377ms
[565.760s][info][gc,start       ] GC(1311) Pause Young (Concurrent Start) (G1 Humongous Allocation)
[565.760s][info][gc,task        ] GC(1311) Using 2 workers of 2 for evacuation
[565.789s][info][gc,phases      ] GC(1311)   Pre Evacuate Collection Set: 0.36ms
[565.789s][info][gc,phases      ] GC(1311)   Merge Heap Roots: 0.42ms
[565.789s][info][gc,phases      ] GC(1311)   Evacuate Collection Set: 27.61ms
[565.789s][info][gc,phases      ] GC(1311)   Post Evacuate Collection Set: 0.59ms
[565.789s][info][gc,phases      ] GC(1311)   Other: 0.24ms
[565.789s][info][gc,heap        ] GC(1311) Eden regions: 146->0(400)
[565.789s][info][gc,heap        ] GC(1311) Survivor regions: 0->9(49)
[565.789s][info][gc,heap        ] GC(1311) Old regions: 430->430
[565.789s][info][gc,heap        ] GC(1311) Humongous regions: 3->3
[565.789s][info][gc,metaspace   ] GC(1311) Metaspace: 19075K(19264K)->19075K(19264K) NonClass: 17245K(17408K)->17245K(17408K) Class: 1829K(1856K)->1829K(1856K)
[565.789s][info][gc             ] GC(1311) Pause Young (Concurrent Start) (G1 Humongous Allocation) 577M->440M(978M) 29.429ms
[565.790s][info][gc,cpu         ] GC(1311) User=0.06s Sys=0.00s Real=0.03s
[565.790s][info][gc             ] GC(1312) Concurrent Mark Cycle
[565.790s][info][gc,marking     ] GC(1312) Concurrent Scan Root Regions
[565.821s][info][gc,marking     ] GC(1312) Concurrent Scan Root Regions 31.641ms
[565.821s][info][gc,marking     ] GC(1312) Concurrent Mark
[565.821s][info][gc,marking     ] GC(1312) Concurrent Mark From Roots
[565.821s][info][gc,task        ] GC(1312) Using 1 workers of 1 for marking
[567.044s][info][gc,start       ] GC(1313) Pause Young (Normal) (G1 Evacuation Pause)
[567.044s][info][gc,task        ] GC(1313) Using 2 workers of 2 for evacuation
[567.123s][info][gc,phases      ] GC(1313)   Pre Evacuate Collection Set: 0.32ms
[567.123s][info][gc,phases      ] GC(1313)   Merge Heap Roots: 0.62ms
[567.123s][info][gc,phases      ] GC(1313)   Evacuate Collection Set: 76.89ms
[567.123s][info][gc,phases      ] GC(1313)   Post Evacuate Collection Set: 0.88ms
[567.123s][info][gc,phases      ] GC(1313)   Other: 0.11ms
[567.123s][info][gc,heap        ] GC(1313) Eden regions: 400->0(378)
[567.123s][info][gc,heap        ] GC(1313) Survivor regions: 9->38(52)
[567.123s][info][gc,heap        ] GC(1313) Old regions: 430->430
[567.123s][info][gc,heap        ] GC(1313) Humongous regions: 9->9
[567.123s][info][gc,metaspace   ] GC(1313) Metaspace: 19075K(19264K)->19075K(19264K) NonClass: 17245K(17408K)->17245K(17408K) Class: 1829K(1856K)->1829K(1856K)
[567.123s][info][gc             ] GC(1313) Pause Young (Normal) (G1 Evacuation Pause) 846M->475M(978M) 79.105ms
[567.123s][info][gc,cpu         ] GC(1313) User=0.15s Sys=0.00s Real=0.07s
[567.192s][info][gc,marking     ] GC(1312) Concurrent Mark From Roots 1371.027ms
[567.192s][info][gc,marking     ] GC(1312) Concurrent Preclean
[567.192s][info][gc,marking     ] GC(1312) Concurrent Preclean 0.056ms
[567.193s][info][gc,start       ] GC(1312) Pause Remark
[567.201s][info][gc             ] GC(1312) Pause Remark 490M->490M(978M) 8.768ms
[567.201s][info][gc,cpu         ] GC(1312) User=0.01s Sys=0.00s Real=0.01s
[567.201s][info][gc,marking     ] GC(1312) Concurrent Mark 1380.172ms
[567.201s][info][gc,marking     ] GC(1312) Concurrent Rebuild Remembered Sets and Scrub Regions
[567.719s][info][gc,marking     ] GC(1312) Concurrent Rebuild Remembered Sets and Scrub Regions 517.539ms
[567.720s][info][gc,start       ] GC(1312) Pause Cleanup
[567.720s][info][gc             ] GC(1312) Pause Cleanup 711M->711M(978M) 0.109ms
[567.720s][info][gc,cpu         ] GC(1312) User=0.00s Sys=0.00s Real=0.00s
[567.720s][info][gc,marking     ] GC(1312) Concurrent Clear Claimed Marks
[567.720s][info][gc,marking     ] GC(1312) Concurrent Clear Claimed Marks 0.032ms
[567.720s][info][gc,marking     ] GC(1312) Concurrent Cleanup for Next Mark
[567.727s][info][gc,marking     ] GC(1312) Concurrent Cleanup for Next Mark 7.223ms
[567.727s][info][gc             ] GC(1312) Concurrent Mark Cycle 1937.700ms
[567.948s][info][gc,start       ] GC(1314) Pause Young (Prepare Mixed) (G1 Evacuation Pause)
[567.948s][info][gc,task        ] GC(1314) Using 2 workers of 2 for evacuation
[568.024s][info][gc,phases      ] GC(1314)   Pre Evacuate Collection Set: 0.34ms
[568.024s][info][gc,phases      ] GC(1314)   Merge Heap Roots: 0.91ms
[568.024s][info][gc,phases      ] GC(1314)   Evacuate Collection Set: 74.49ms
[568.024s][info][gc,phases      ] GC(1314)   Post Evacuate Collection Set: 0.64ms
[568.024s][info][gc,phases      ] GC(1314)   Other: 0.09ms
[568.024s][info][gc,heap        ] GC(1314) Eden regions: 378->0(395)
[568.024s][info][gc,heap        ] GC(1314) Survivor regions: 38->1(52)
[568.024s][info][gc,heap        ] GC(1314) Old regions: 430->469
[568.024s][info][gc,heap        ] GC(1314) Humongous regions: 9->9
[568.024s][info][gc,metaspace   ] GC(1314) Metaspace: 19075K(19264K)->19075K(19264K) NonClass: 17245K(17408K)->17245K(17408K) Class: 1829K(1856K)->1829K(1856K)
[568.024s][info][gc             ] GC(1314) Pause Young (Prepare Mixed) (G1 Evacuation Pause) 853M->477M(978M) 76.771ms
[568.024s][info][gc,cpu         ] GC(1314) User=0.15s Sys=0.00s Real=0.08s
[568.654s][info][gc,start       ] GC(1315) Pause Young (Mixed) (G1 Evacuation Pause)
[568.654s][info][gc,task        ] GC(1315) Using 2 workers of 2 for evacuation
[568.656s][info][gc,phases      ] GC(1315)   Pre Evacuate Collection Set: 0.36ms
[568.656s][info][gc,phases      ] GC(1315)   Merge Heap Roots: 0.13ms
[568.656s][info][gc,phases      ] GC(1315)   Evacuate Collection Set: 0.43ms
[568.656s][info][gc,phases      ] GC(1315)   Post Evacuate Collection Set: 0.55ms
[568.656s][info][gc,phases      ] GC(1315)   Other: 0.13ms
[568.656s][info][gc,heap        ] GC(1315) Eden regions: 395->0(413)
[568.656s][info][gc,heap        ] GC(1315) Survivor regions: 1->1(50)
[568.656s][info][gc,heap        ] GC(1315) Old regions: 469->469
[568.656s][info][gc,heap        ] GC(1315) Humongous regions: 9->9
[568.656s][info][gc,metaspace   ] GC(1315) Metaspace: 19075K(19264K)->19075K(19264K) NonClass: 17245K(17408K)->17245K(17408K) Class: 1829K(1856K)->1829K(1856K)
[568.656s][info][gc             ] GC(1315) Pause Young (Mixed) (G1 Evacuation Pause) 872M->478M(978M) 1.815ms
[568.656s][info][gc,cpu         ] GC(1315) User=0.00s Sys=0.00s Real=0.01s
[569.269s][info][gc,start       ] GC(1316) Pause Young (Concurrent Start) (G1 Evacuation Pause)
[569.269s][info][gc,task        ] GC(1316) Using 2 workers of 2 for evacuation
[569.291s][info][gc,phases      ] GC(1316)   Pre Evacuate Collection Set: 0.37ms
[569.291s][info][gc,phases      ] GC(1316)   Merge Heap Roots: 0.18ms
[569.291s][info][gc,phases      ] GC(1316)   Evacuate Collection Set: 20.37ms
[569.291s][info][gc,phases      ] GC(1316)   Post Evacuate Collection Set: 0.67ms
[569.291s][info][gc,phases      ] GC(1316)   Other: 0.22ms
[569.291s][info][gc,heap        ] GC(1316) Eden regions: 413->0(405)
[569.291s][info][gc,heap        ] GC(1316) Survivor regions: 1->15(52)
[569.291s][info][gc,heap        ] GC(1316) Old regions: 469->469
[569.291s][info][gc,heap        ] GC(1316) Humongous regions: 9->9
[569.291s][info][gc,metaspace   ] GC(1316) Metaspace: 19075K(19264K)->19075K(19264K) NonClass: 17245K(17408K)->17245K(17408K) Class: 1829K(1856K)->1829K(1856K)
[569.291s][info][gc             ] GC(1316) Pause Young (Concurrent Start) (G1 Evacuation Pause) 891M->492M(978M) 22.042ms
[569.291s][info][gc,cpu         ] GC(1316) User=0.04s Sys=0.00s Real=0.02s
[569.291s][info][gc             ] GC(1317) Concurrent Mark Cycle
[569.291s][info][gc,marking     ] GC(1317) Concurrent Scan Root Regions
[569.324s][info][gc,marking     ] GC(1317) Concurrent Scan Root Regions 33.292ms
[569.324s][info][gc,marking     ] GC(1317) Concurrent Mark
[569.324s][info][gc,marking     ] GC(1317) Concurrent Mark From Roots
[569.324s][info][gc,task        ] GC(1317) Using 1 workers of 1 for marking
[569.844s][info][gc,start       ] GC(1318) Pause Young (Normal) (G1 Evacuation Pause)
[569.844s][info][gc,task        ] GC(1318) Using 2 workers of 2 for evacuation
[569.934s][info][gc,phases      ] GC(1318)   Pre Evacuate Collection Set: 0.32ms
[569.934s][info][gc,phases      ] GC(1318)   Merge Heap Roots: 0.32ms
[569.934s][info][gc,phases      ] GC(1318)   Evacuate Collection Set: 88.38ms
[569.934s][info][gc,phases      ] GC(1318)   Post Evacuate Collection Set: 0.72ms
[569.934s][info][gc,phases      ] GC(1318)   Other: 0.13ms
[569.934s][info][gc,heap        ] GC(1318) Eden regions: 405->0(326)
[569.934s][info][gc,heap        ] GC(1318) Survivor regions: 15->53(53)
[569.934s][info][gc,heap        ] GC(1318) Old regions: 469->487
[569.934s][info][gc,heap        ] GC(1318) Humongous regions: 9->9
[569.934s][info][gc,metaspace   ] GC(1318) Metaspace: 19075K(19264K)->19075K(19264K) NonClass: 17245K(17408K)->17245K(17408K) Class: 1829K(1856K)->1829K(1856K)
[569.934s][info][gc             ] GC(1318) Pause Young (Normal) (G1 Evacuation Pause) 897M->548M(978M) 90.144ms
[569.934s][info][gc,cpu         ] GC(1318) User=0.18s Sys=0.00s Real=0.09s
[570.337s][info][gc,start       ] GC(1319) Pause Young (Normal) (G1 Evacuation Pause)
[570.337s][info][gc,task        ] GC(1319) Using 2 workers of 2 for evacuation
[570.414s][info][gc,phases      ] GC(1319)   Pre Evacuate Collection Set: 0.35ms
[570.414s][info][gc,phases      ] GC(1319)   Merge Heap Roots: 0.32ms
[570.414s][info][gc,phases      ] GC(1319)   Evacuate Collection Set: 75.02ms
[570.414s][info][gc,phases      ] GC(1319)   Post Evacuate Collection Set: 0.64ms
[570.414s][info][gc,phases      ] GC(1319)   Other: 0.09ms
[570.414s][info][gc,heap        ] GC(1319) Eden regions: 326->0(338)
[570.414s][info][gc,heap        ] GC(1319) Survivor regions: 53->10(48)
[570.414s][info][gc,heap        ] GC(1319) Old regions: 487->541
[570.414s][info][gc,heap        ] GC(1319) Humongous regions: 9->9
[570.414s][info][gc,metaspace   ] GC(1319) Metaspace: 19075K(19264K)->19075K(19264K) NonClass: 17245K(17408K)->17245K(17408K) Class: 1829K(1856K)->1829K(1856K)
[570.414s][info][gc             ] GC(1319) Pause Young (Normal) (G1 Evacuation Pause) 874M->558M(978M) 76.709ms
[570.414s][info][gc,cpu         ] GC(1319) User=0.15s Sys=0.00s Real=0.07s
[570.891s][info][gc,start       ] GC(1320) Pause Young (Normal) (G1 Evacuation Pause)
[570.891s][info][gc,task        ] GC(1320) Using 2 workers of 2 for evacuation
[570.938s][info][gc,phases      ] GC(1320)   Pre Evacuate Collection Set: 0.33ms
[570.938s][info][gc,phases      ] GC(1320)   Merge Heap Roots: 0.35ms
[570.938s][info][gc,phases      ] GC(1320)   Evacuate Collection Set: 45.70ms
[570.938s][info][gc,phases      ] GC(1320)   Post Evacuate Collection Set: 0.64ms
[570.938s][info][gc,phases      ] GC(1320)   Other: 0.11ms
[570.938s][info][gc,heap        ] GC(1320) Eden regions: 338->0(314)
[570.938s][info][gc,heap        ] GC(1320) Survivor regions: 10->32(44)
[570.938s][info][gc,heap        ] GC(1320) Old regions: 541->541
[570.938s][info][gc,heap        ] GC(1320) Humongous regions: 9->9
[570.938s][info][gc,metaspace   ] GC(1320) Metaspace: 19075K(19264K)->19075K(19264K) NonClass: 17245K(17408K)->17245K(17408K) Class: 1829K(1856K)->1829K(1856K)
[570.938s][info][gc             ] GC(1320) Pause Young (Normal) (G1 Evacuation Pause) 896M->581M(978M) 47.397ms
[570.938s][info][gc,cpu         ] GC(1320) User=0.10s Sys=0.00s Real=0.05s
[571.036s][info][gc,marking     ] GC(1317) Concurrent Mark From Roots 1711.709ms
[571.036s][info][gc,marking     ] GC(1317) Concurrent Preclean
[571.036s][info][gc,marking     ] GC(1317) Concurrent Preclean 0.055ms
[571.036s][info][gc,start       ] GC(1317) Pause Remark
[571.045s][info][gc             ] GC(1317) Pause Remark 657M->655M(978M) 8.659ms
[571.045s][info][gc,cpu         ] GC(1317) User=0.02s Sys=0.00s Real=0.01s
[571.046s][info][gc,marking     ] GC(1317) Concurrent Mark 1721.393ms
[571.046s][info][gc,marking     ] GC(1317) Concurrent Rebuild Remembered Sets and Scrub Regions
[571.675s][info][gc,marking     ] GC(1317) Concurrent Rebuild Remembered Sets and Scrub Regions 629.365ms
[571.675s][info][gc,start       ] GC(1317) Pause Cleanup
[571.675s][info][gc             ] GC(1317) Pause Cleanup 869M->869M(978M) 0.108ms
[571.675s][info][gc,cpu         ] GC(1317) User=0.00s Sys=0.00s Real=0.00s
[571.676s][info][gc,marking     ] GC(1317) Concurrent Clear Claimed Marks
[571.677s][info][gc,marking     ] GC(1317) Concurrent Clear Claimed Marks 0.050ms
[571.677s][info][gc,marking     ] GC(1317) Concurrent Cleanup for Next Mark
[571.683s][info][gc,marking     ] GC(1317) Concurrent Cleanup for Next Mark 6.656ms
[571.683s][info][gc             ] GC(1317) Concurrent Mark Cycle 2392.427ms
[571.775s][info][gc,start       ] GC(1321) Pause Young (Prepare Mixed) (G1 Evacuation Pause)
[571.775s][info][gc,task        ] GC(1321) Using 2 workers of 2 for evacuation
[571.857s][info][gc,phases      ] GC(1321)   Pre Evacuate Collection Set: 0.57ms
[571.857s][info][gc,phases      ] GC(1321)   Merge Heap Roots: 0.62ms
[571.857s][info][gc,phases      ] GC(1321)   Evacuate Collection Set: 80.18ms
[571.857s][info][gc,phases      ] GC(1321)   Post Evacuate Collection Set: 0.67ms
[571.857s][info][gc,phases      ] GC(1321)   Other: 0.13ms
[571.857s][info][gc,heap        ] GC(1321) Eden regions: 314->0(286)
[571.857s][info][gc,heap        ] GC(1321) Survivor regions: 32->31(44)
[571.857s][info][gc,heap        ] GC(1321) Old regions: 541->573
[571.857s][info][gc,heap        ] GC(1321) Humongous regions: 7->7
[571.857s][info][gc,metaspace   ] GC(1321) Metaspace: 19075K(19264K)->19075K(19264K) NonClass: 17245K(17408K)->17245K(17408K) Class: 1829K(1856K)->1829K(1856K)
[571.857s][info][gc             ] GC(1321) Pause Young (Prepare Mixed) (G1 Evacuation Pause) 893M->610M(978M) 82.460ms
[571.857s][info][gc,cpu         ] GC(1321) User=0.16s Sys=0.00s Real=0.08s
[572.639s][info][gc,start       ] GC(1322) Pause Young (Mixed) (G1 Evacuation Pause)
[572.639s][info][gc,task        ] GC(1322) Using 2 workers of 2 for evacuation
[572.676s][info][gc,phases      ] GC(1322)   Pre Evacuate Collection Set: 0.35ms
[572.676s][info][gc,phases      ] GC(1322)   Merge Heap Roots: 0.23ms
[572.676s][info][gc,phases      ] GC(1322)   Evacuate Collection Set: 36.07ms
[572.676s][info][gc,phases      ] GC(1322)   Post Evacuate Collection Set: 0.56ms
[572.676s][info][gc,phases      ] GC(1322)   Other: 0.09ms
[572.676s][info][gc,heap        ] GC(1322) Eden regions: 286->0(301)
[572.676s][info][gc,heap        ] GC(1322) Survivor regions: 31->1(40)
[572.676s][info][gc,heap        ] GC(1322) Old regions: 573->603
[572.676s][info][gc,heap        ] GC(1322) Humongous regions: 7->7
[572.676s][info][gc,metaspace   ] GC(1322) Metaspace: 19077K(19264K)->19077K(19264K) NonClass: 17248K(17408K)->17248K(17408K) Class: 1829K(1856K)->1829K(1856K)
[572.676s][info][gc             ] GC(1322) Pause Young (Mixed) (G1 Evacuation Pause) 896M->610M(978M) 37.574ms
[572.676s][info][gc,cpu         ] GC(1322) User=0.07s Sys=0.00s Real=0.04s
[573.397s][info][gc,start       ] GC(1323) Pause Young (Concurrent Start) (G1 Evacuation Pause)
[573.397s][info][gc,task        ] GC(1323) Using 2 workers of 2 for evacuation
[573.399s][info][gc,phases      ] GC(1323)   Pre Evacuate Collection Set: 0.37ms
[573.399s][info][gc,phases      ] GC(1323)   Merge Heap Roots: 0.12ms
[573.399s][info][gc,phases      ] GC(1323)   Evacuate Collection Set: 1.24ms
[573.399s][info][gc,phases      ] GC(1323)   Post Evacuate Collection Set: 0.49ms
[573.399s][info][gc,phases      ] GC(1323)   Other: 0.24ms
[573.399s][info][gc,heap        ] GC(1323) Eden regions: 301->0(313)
[573.399s][info][gc,heap        ] GC(1323) Survivor regions: 1->1(38)
[573.399s][info][gc,heap        ] GC(1323) Old regions: 603->603
[573.399s][info][gc,heap        ] GC(1323) Humongous regions: 7->7
[573.400s][info][gc,metaspace   ] GC(1323) Metaspace: 19077K(19264K)->19077K(19264K) NonClass: 17248K(17408K)->17248K(17408K) Class: 1829K(1856K)->1829K(1856K)
[573.400s][info][gc             ] GC(1323) Pause Young (Concurrent Start) (G1 Evacuation Pause) 911M->610M(978M) 2.673ms
[573.400s][info][gc,cpu         ] GC(1323) User=0.01s Sys=0.00s Real=0.00s
[573.400s][info][gc             ] GC(1324) Concurrent Mark Cycle
[573.400s][info][gc,marking     ] GC(1324) Concurrent Scan Root Regions
[573.400s][info][gc,marking     ] GC(1324) Concurrent Scan Root Regions 0.603ms
[573.400s][info][gc,marking     ] GC(1324) Concurrent Mark
[573.400s][info][gc,marking     ] GC(1324) Concurrent Mark From Roots
[573.400s][info][gc,task        ] GC(1324) Using 1 workers of 1 for marking
[574.786s][info][gc,start       ] GC(1325) Pause Young (Normal) (G1 Evacuation Pause)
[574.786s][info][gc,task        ] GC(1325) Using 2 workers of 2 for evacuation
[574.789s][info][gc,phases      ] GC(1325)   Pre Evacuate Collection Set: 0.31ms
[574.789s][info][gc,phases      ] GC(1325)   Merge Heap Roots: 0.20ms
[574.789s][info][gc,phases      ] GC(1325)   Evacuate Collection Set: 2.22ms
[574.789s][info][gc,phases      ] GC(1325)   Post Evacuate Collection Set: 0.49ms
[574.789s][info][gc,phases      ] GC(1325)   Other: 0.11ms
[574.789s][info][gc,heap        ] GC(1325) Eden regions: 313->0(316)
[574.789s][info][gc,heap        ] GC(1325) Survivor regions: 1->1(40)
[574.789s][info][gc,heap        ] GC(1325) Old regions: 603->603
[574.789s][info][gc,heap        ] GC(1325) Humongous regions: 7->7
[574.789s][info][gc,metaspace   ] GC(1325) Metaspace: 19077K(19264K)->19077K(19264K) NonClass: 17248K(17408K)->17248K(17408K) Class: 1829K(1856K)->1829K(1856K)
[574.789s][info][gc             ] GC(1325) Pause Young (Normal) (G1 Evacuation Pause) 923M->610M(978M) 3.568ms
[574.789s][info][gc,cpu         ] GC(1325) User=0.00s Sys=0.00s Real=0.00s
[575.480s][info][gc,marking     ] GC(1324) Concurrent Mark From Roots 2079.340ms
[575.480s][info][gc,marking     ] GC(1324) Concurrent Preclean
[575.480s][info][gc,marking     ] GC(1324) Concurrent Preclean 0.056ms
[575.480s][info][gc,start       ] GC(1324) Pause Remark
[575.489s][info][gc             ] GC(1324) Pause Remark 866M->866M(978M) 8.756ms
[575.489s][info][gc,cpu         ] GC(1324) User=0.02s Sys=0.00s Real=0.01s
[575.489s][info][gc,marking     ] GC(1324) Concurrent Mark 2089.024ms
[575.489s][info][gc,marking     ] GC(1324) Concurrent Rebuild Remembered Sets and Scrub Regions
[575.556s][info][gc,start       ] GC(1326) Pause Young (Normal) (G1 Evacuation Pause)
[575.556s][info][gc,task        ] GC(1326) Using 2 workers of 2 for evacuation
[575.651s][info][gc,phases      ] GC(1326)   Pre Evacuate Collection Set: 0.33ms
[575.651s][info][gc,phases      ] GC(1326)   Merge Heap Roots: 0.18ms
[575.651s][info][gc,phases      ] GC(1326)   Evacuate Collection Set: 85.28ms
[575.651s][info][gc,phases      ] GC(1326)   Post Evacuate Collection Set: 9.54ms
[575.651s][info][gc,phases      ] GC(1326)   Other: 0.10ms
[575.651s][info][gc,heap        ] GC(1326) Eden regions: 316->0(136)
[575.651s][info][gc,heap        ] GC(1326) Survivor regions: 1->40(40)
[575.651s][info][gc,heap        ] GC(1326) Old regions: 603->705
[575.651s][info][gc,heap        ] GC(1326) Humongous regions: 7->7
[575.651s][info][gc,metaspace   ] GC(1326) Metaspace: 19078K(19264K)->19078K(19264K) NonClass: 17248K(17408K)->17248K(17408K) Class: 1829K(1856K)->1829K(1856K)
[575.651s][info][gc             ] GC(1326) Pause Young (Normal) (G1 Evacuation Pause) (Evacuation Failure: Allocation) 926M->751M(978M) 95.652ms
[575.651s][info][gc,cpu         ] GC(1326) User=0.18s Sys=0.00s Real=0.09s
[575.852s][info][gc,start       ] GC(1327) Pause Young (Normal) (G1 Evacuation Pause)
[575.853s][info][gc,task        ] GC(1327) Using 2 workers of 2 for evacuation
[575.980s][info][gc,phases      ] GC(1327)   Pre Evacuate Collection Set: 0.37ms
[575.980s][info][gc,phases      ] GC(1327)   Merge Heap Roots: 0.36ms
[575.980s][info][gc,phases      ] GC(1327)   Evacuate Collection Set: 117.21ms
[575.980s][info][gc,phases      ] GC(1327)   Post Evacuate Collection Set: 9.80ms
[575.981s][info][gc,phases      ] GC(1327)   Other: 0.09ms
[575.981s][info][gc,heap        ] GC(1327) Eden regions: 136->0(92)
[575.981s][info][gc,heap        ] GC(1327) Survivor regions: 40->21(22)
[575.981s][info][gc,heap        ] GC(1327) Old regions: 705->787
[575.981s][info][gc,heap        ] GC(1327) Humongous regions: 7->7
[575.981s][info][gc,metaspace   ] GC(1327) Metaspace: 19078K(19264K)->19078K(19264K) NonClass: 17248K(17408K)->17248K(17408K) Class: 1829K(1856K)->1829K(1856K)
[575.981s][info][gc             ] GC(1327) Pause Young (Normal) (G1 Evacuation Pause) (Evacuation Failure: Allocation) 887M->814M(978M) 128.101ms
[575.981s][info][gc,cpu         ] GC(1327) User=0.26s Sys=0.00s Real=0.13s
[576.065s][info][gc,start       ] GC(1328) Pause Young (Normal) (G1 Evacuation Pause)
[576.065s][info][gc,task        ] GC(1328) Using 2 workers of 2 for evacuation
[576.127s][info][gc,phases      ] GC(1328)   Pre Evacuate Collection Set: 0.61ms
[576.127s][info][gc,phases      ] GC(1328)   Merge Heap Roots: 0.36ms
[576.127s][info][gc,phases      ] GC(1328)   Evacuate Collection Set: 60.93ms
[576.127s][info][gc,phases      ] GC(1328)   Post Evacuate Collection Set: 0.51ms
[576.127s][info][gc,phases      ] GC(1328)   Other: 0.09ms
[576.127s][info][gc,heap        ] GC(1328) Eden regions: 92->0(157)
[576.127s][info][gc,heap        ] GC(1328) Survivor regions: 21->15(15)
[576.127s][info][gc,heap        ] GC(1328) Old regions: 787->734
[576.127s][info][gc,heap        ] GC(1328) Humongous regions: 7->7
[576.127s][info][gc,metaspace   ] GC(1328) Metaspace: 19078K(19264K)->19078K(19264K) NonClass: 17248K(17408K)->17248K(17408K) Class: 1829K(1856K)->1829K(1856K)
[576.127s][info][gc             ] GC(1328) Pause Young (Normal) (G1 Evacuation Pause) 906M->755M(978M) 62.787ms
[576.127s][info][gc,cpu         ] GC(1328) User=0.13s Sys=0.00s Real=0.06s
[576.395s][info][gc,start       ] GC(1329) Pause Young (Normal) (G1 Evacuation Pause)
[576.395s][info][gc,task        ] GC(1329) Using 2 workers of 2 for evacuation
[576.462s][info][gc,phases      ] GC(1329)   Pre Evacuate Collection Set: 0.33ms
[576.462s][info][gc,phases      ] GC(1329)   Merge Heap Roots: 0.38ms
[576.462s][info][gc,phases      ] GC(1329)   Evacuate Collection Set: 64.83ms
[576.462s][info][gc,phases      ] GC(1329)   Post Evacuate Collection Set: 0.60ms
[576.462s][info][gc,phases      ] GC(1329)   Other: 0.11ms
[576.462s][info][gc,heap        ] GC(1329) Eden regions: 157->0(116)
[576.462s][info][gc,heap        ] GC(1329) Survivor regions: 15->22(22)
[576.462s][info][gc,heap        ] GC(1329) Old regions: 734->758
[576.462s][info][gc,heap        ] GC(1329) Humongous regions: 10->10
[576.462s][info][gc,metaspace   ] GC(1329) Metaspace: 19078K(19264K)->19078K(19264K) NonClass: 17249K(17408K)->17249K(17408K) Class: 1829K(1856K)->1829K(1856K)
[576.462s][info][gc             ] GC(1329) Pause Young (Normal) (G1 Evacuation Pause) 915M->789M(978M) 66.518ms
[576.462s][info][gc,cpu         ] GC(1329) User=0.13s Sys=0.00s Real=0.06s
[576.648s][info][gc,start       ] GC(1330) Pause Young (Normal) (G1 Evacuation Pause)
[576.648s][info][gc,task        ] GC(1330) Using 2 workers of 2 for evacuation
[576.686s][info][gc,phases      ] GC(1330)   Pre Evacuate Collection Set: 0.35ms
[576.687s][info][gc,phases      ] GC(1330)   Merge Heap Roots: 0.38ms
[576.687s][info][gc,phases      ] GC(1330)   Evacuate Collection Set: 37.51ms
[576.687s][info][gc,phases      ] GC(1330)   Post Evacuate Collection Set: 0.41ms
[576.687s][info][gc,phases      ] GC(1330)   Other: 0.11ms
[576.687s][info][gc,heap        ] GC(1330) Eden regions: 116->0(133)
[576.687s][info][gc,heap        ] GC(1330) Survivor regions: 22->1(18)
[576.687s][info][gc,heap        ] GC(1330) Old regions: 758->781
[576.687s][info][gc,heap        ] GC(1330) Humongous regions: 10->10
[576.687s][info][gc,metaspace   ] GC(1330) Metaspace: 19078K(19264K)->19078K(19264K) NonClass: 17249K(17408K)->17249K(17408K) Class: 1829K(1856K)->1829K(1856K)
[576.687s][info][gc             ] GC(1330) Pause Young (Normal) (G1 Evacuation Pause) 905M->791M(978M) 39.005ms
[576.687s][info][gc,cpu         ] GC(1330) User=0.08s Sys=0.00s Real=0.04s
[576.742s][info][gc,marking     ] GC(1324) Concurrent Rebuild Remembered Sets and Scrub Regions 1252.507ms
[576.742s][info][gc,start       ] GC(1324) Pause Cleanup
[576.742s][info][gc             ] GC(1324) Pause Cleanup 828M->828M(978M) 0.121ms
[576.742s][info][gc,cpu         ] GC(1324) User=0.00s Sys=0.00s Real=0.00s
[576.743s][info][gc,marking     ] GC(1324) Concurrent Clear Claimed Marks
[576.743s][info][gc,marking     ] GC(1324) Concurrent Clear Claimed Marks 0.052ms
[576.743s][info][gc,marking     ] GC(1324) Concurrent Cleanup for Next Mark
[576.748s][info][gc,marking     ] GC(1324) Concurrent Cleanup for Next Mark 5.027ms
[576.748s][info][gc             ] GC(1324) Concurrent Mark Cycle 3348.837ms
[576.858s][info][gc,start       ] GC(1331) Pause Young (Prepare Mixed) (G1 Evacuation Pause)
[576.858s][info][gc,task        ] GC(1331) Using 2 workers of 2 for evacuation
[576.860s][info][gc,phases      ] GC(1331)   Pre Evacuate Collection Set: 0.31ms
[576.860s][info][gc,phases      ] GC(1331)   Merge Heap Roots: 0.08ms
[576.860s][info][gc,phases      ] GC(1331)   Evacuate Collection Set: 1.15ms
[576.860s][info][gc,phases      ] GC(1331)   Post Evacuate Collection Set: 0.41ms
[576.860s][info][gc,phases      ] GC(1331)   Other: 0.13ms
[576.860s][info][gc,heap        ] GC(1331) Eden regions: 133->0(135)
[576.860s][info][gc,heap        ] GC(1331) Survivor regions: 1->1(17)
[576.860s][info][gc,heap        ] GC(1331) Old regions: 781->781
[576.860s][info][gc,heap        ] GC(1331) Humongous regions: 10->10
[576.860s][info][gc,metaspace   ] GC(1331) Metaspace: 19078K(19264K)->19078K(19264K) NonClass: 17249K(17408K)->17249K(17408K) Class: 1829K(1856K)->1829K(1856K)
[576.860s][info][gc             ] GC(1331) Pause Young (Prepare Mixed) (G1 Evacuation Pause) 924M->791M(978M) 2.322ms
[576.860s][info][gc,cpu         ] GC(1331) User=0.00s Sys=0.01s Real=0.00s
[577.025s][info][gc,start       ] GC(1332) Pause Young (Mixed) (G1 Evacuation Pause)
[577.025s][info][gc,task        ] GC(1332) Using 2 workers of 2 for evacuation
[577.028s][info][gc,phases      ] GC(1332)   Pre Evacuate Collection Set: 0.33ms
[577.028s][info][gc,phases      ] GC(1332)   Merge Heap Roots: 0.09ms
[577.028s][info][gc,phases      ] GC(1332)   Evacuate Collection Set: 1.78ms
[577.028s][info][gc,phases      ] GC(1332)   Post Evacuate Collection Set: 0.36ms
[577.028s][info][gc,phases      ] GC(1332)   Other: 0.10ms
[577.028s][info][gc,heap        ] GC(1332) Eden regions: 135->0(135)
[577.028s][info][gc,heap        ] GC(1332) Survivor regions: 1->1(17)
[577.028s][info][gc,heap        ] GC(1332) Old regions: 781->781
[577.028s][info][gc,heap        ] GC(1332) Humongous regions: 10->10
[577.028s][info][gc,metaspace   ] GC(1332) Metaspace: 19078K(19264K)->19078K(19264K) NonClass: 17249K(17408K)->17249K(17408K) Class: 1829K(1856K)->1829K(1856K)
[577.028s][info][gc             ] GC(1332) Pause Young (Mixed) (G1 Evacuation Pause) 926M->790M(978M) 2.899ms
[577.028s][info][gc,cpu         ] GC(1332) User=0.00s Sys=0.00s Real=0.00s
[577.193s][info][gc,start       ] GC(1333) Pause Young (Concurrent Start) (G1 Evacuation Pause)
[577.193s][info][gc,task        ] GC(1333) Using 2 workers of 2 for evacuation
[577.196s][info][gc,phases      ] GC(1333)   Pre Evacuate Collection Set: 0.34ms
[577.196s][info][gc,phases      ] GC(1333)   Merge Heap Roots: 0.08ms
[577.196s][info][gc,phases      ] GC(1333)   Evacuate Collection Set: 1.46ms
[577.196s][info][gc,phases      ] GC(1333)   Post Evacuate Collection Set: 0.39ms
[577.196s][info][gc,phases      ] GC(1333)   Other: 0.11ms
[577.196s][info][gc,heap        ] GC(1333) Eden regions: 135->0(135)
[577.196s][info][gc,heap        ] GC(1333) Survivor regions: 1->1(17)
[577.196s][info][gc,heap        ] GC(1333) Old regions: 781->781
[577.196s][info][gc,heap        ] GC(1333) Humongous regions: 10->10
[577.196s][info][gc,metaspace   ] GC(1333) Metaspace: 19078K(19264K)->19078K(19264K) NonClass: 17249K(17408K)->17249K(17408K) Class: 1829K(1856K)->1829K(1856K)
[577.196s][info][gc             ] GC(1333) Pause Young (Concurrent Start) (G1 Evacuation Pause) 925M->790M(978M) 2.593ms
[577.196s][info][gc,cpu         ] GC(1333) User=0.00s Sys=0.00s Real=0.01s
[577.196s][info][gc             ] GC(1334) Concurrent Mark Cycle
[577.196s][info][gc,marking     ] GC(1334) Concurrent Scan Root Regions
[577.200s][info][gc,marking     ] GC(1334) Concurrent Scan Root Regions 3.821ms
[577.200s][info][gc,marking     ] GC(1334) Concurrent Mark
[577.200s][info][gc,marking     ] GC(1334) Concurrent Mark From Roots
[577.200s][info][gc,task        ] GC(1334) Using 1 workers of 1 for marking
[577.506s][info][gc,start       ] GC(1335) Pause Young (Normal) (G1 Evacuation Pause)
[577.506s][info][gc,task        ] GC(1335) Using 2 workers of 2 for evacuation
[577.509s][info][gc,phases      ] GC(1335)   Pre Evacuate Collection Set: 0.30ms
[577.509s][info][gc,phases      ] GC(1335)   Merge Heap Roots: 0.09ms
[577.509s][info][gc,phases      ] GC(1335)   Evacuate Collection Set: 1.66ms
[577.509s][info][gc,phases      ] GC(1335)   Post Evacuate Collection Set: 0.37ms
[577.509s][info][gc,phases      ] GC(1335)   Other: 0.08ms
[577.509s][info][gc,heap        ] GC(1335) Eden regions: 135->0(135)
[577.509s][info][gc,heap        ] GC(1335) Survivor regions: 1->1(17)
[577.509s][info][gc,heap        ] GC(1335) Old regions: 781->781
[577.509s][info][gc,heap        ] GC(1335) Humongous regions: 10->10
[577.509s][info][gc,metaspace   ] GC(1335) Metaspace: 19078K(19264K)->19078K(19264K) NonClass: 17249K(17408K)->17249K(17408K) Class: 1829K(1856K)->1829K(1856K)
[577.509s][info][gc             ] GC(1335) Pause Young (Normal) (G1 Evacuation Pause) 925M->791M(978M) 2.731ms
[577.509s][info][gc,cpu         ] GC(1335) User=0.00s Sys=0.00s Real=0.00s
[577.812s][info][gc,start       ] GC(1336) Pause Young (Normal) (G1 Evacuation Pause)
[577.812s][info][gc,task        ] GC(1336) Using 2 workers of 2 for evacuation
[577.818s][info][gc,phases      ] GC(1336)   Pre Evacuate Collection Set: 0.55ms
[577.818s][info][gc,phases      ] GC(1336)   Merge Heap Roots: 0.10ms
[577.818s][info][gc,phases      ] GC(1336)   Evacuate Collection Set: 4.33ms
[577.818s][info][gc,phases      ] GC(1336)   Post Evacuate Collection Set: 0.35ms
[577.818s][info][gc,phases      ] GC(1336)   Other: 0.08ms
[577.818s][info][gc,heap        ] GC(1336) Eden regions: 135->0(135)
[577.818s][info][gc,heap        ] GC(1336) Survivor regions: 1->1(17)
[577.818s][info][gc,heap        ] GC(1336) Old regions: 781->781
[577.818s][info][gc,heap        ] GC(1336) Humongous regions: 10->10
[577.818s][info][gc,metaspace   ] GC(1336) Metaspace: 19078K(19264K)->19078K(19264K) NonClass: 17249K(17408K)->17249K(17408K) Class: 1829K(1856K)->1829K(1856K)
[577.818s][info][gc             ] GC(1336) Pause Young (Normal) (G1 Evacuation Pause) 926M->791M(978M) 5.635ms
[577.818s][info][gc,cpu         ] GC(1336) User=0.00s Sys=0.00s Real=0.01s
[578.112s][info][gc,start       ] GC(1337) Pause Young (Normal) (G1 Evacuation Pause)
[578.112s][info][gc,task        ] GC(1337) Using 2 workers of 2 for evacuation
[578.126s][info][gc,phases      ] GC(1337)   Pre Evacuate Collection Set: 0.32ms
[578.126s][info][gc,phases      ] GC(1337)   Merge Heap Roots: 0.22ms
[578.126s][info][gc,phases      ] GC(1337)   Evacuate Collection Set: 12.38ms
[578.126s][info][gc,phases      ] GC(1337)   Post Evacuate Collection Set: 0.42ms
[578.126s][info][gc,phases      ] GC(1337)   Other: 0.12ms
[578.126s][info][gc,heap        ] GC(1337) Eden regions: 135->0(127)
[578.126s][info][gc,heap        ] GC(1337) Survivor regions: 1->5(17)
[578.126s][info][gc,heap        ] GC(1337) Old regions: 781->781
[578.126s][info][gc,heap        ] GC(1337) Humongous regions: 10->10
[578.126s][info][gc,metaspace   ] GC(1337) Metaspace: 19078K(19264K)->19078K(19264K) NonClass: 17249K(17408K)->17249K(17408K) Class: 1829K(1856K)->1829K(1856K)
[578.126s][info][gc             ] GC(1337) Pause Young (Normal) (G1 Evacuation Pause) 926M->794M(978M) 13.697ms
[578.126s][info][gc,cpu         ] GC(1337) User=0.03s Sys=0.00s Real=0.02s
[578.275s][info][gc,marking     ] GC(1334) Concurrent Mark From Roots 1074.878ms
[578.275s][info][gc,marking     ] GC(1334) Concurrent Preclean
[578.275s][info][gc,marking     ] GC(1334) Concurrent Preclean 0.051ms
[578.275s][info][gc,start       ] GC(1334) Pause Remark
[578.284s][info][gc             ] GC(1334) Pause Remark 840M->614M(978M) 9.191ms
[578.284s][info][gc,cpu         ] GC(1334) User=0.01s Sys=0.00s Real=0.00s
[578.285s][info][gc,marking     ] GC(1334) Concurrent Mark 1085.590ms
[578.285s][info][gc,marking     ] GC(1334) Concurrent Rebuild Remembered Sets and Scrub Regions
[578.489s][info][gc,start       ] GC(1338) Pause Young (Normal) (G1 Evacuation Pause)
[578.489s][info][gc,task        ] GC(1338) Using 2 workers of 2 for evacuation
[578.537s][info][gc,phases      ] GC(1338)   Pre Evacuate Collection Set: 0.32ms
[578.537s][info][gc,phases      ] GC(1338)   Merge Heap Roots: 0.39ms
[578.537s][info][gc,phases      ] GC(1338)   Evacuate Collection Set: 46.30ms
[578.537s][info][gc,phases      ] GC(1338)   Post Evacuate Collection Set: 0.61ms
[578.537s][info][gc,phases      ] GC(1338)   Other: 0.12ms
[578.537s][info][gc,heap        ] GC(1338) Eden regions: 127->0(323)
[578.537s][info][gc,heap        ] GC(1338) Survivor regions: 5->17(17)
[578.537s][info][gc,heap        ] GC(1338) Old regions: 561->564
[578.537s][info][gc,heap        ] GC(1338) Humongous regions: 7->7
[578.537s][info][gc,metaspace   ] GC(1338) Metaspace: 19078K(19264K)->19078K(19264K) NonClass: 17249K(17408K)->17249K(17408K) Class: 1829K(1856K)->1829K(1856K)
[578.537s][info][gc             ] GC(1338) Pause Young (Normal) (G1 Evacuation Pause) 698M->587M(978M) 48.020ms
[578.537s][info][gc,cpu         ] GC(1338) User=0.09s Sys=0.00s Real=0.05s
[578.857s][info][gc,marking     ] GC(1334) Concurrent Rebuild Remembered Sets and Scrub Regions 571.463ms
[578.857s][info][gc,start       ] GC(1334) Pause Cleanup
[578.857s][info][gc             ] GC(1334) Pause Cleanup 725M->725M(978M) 0.272ms
[578.857s][info][gc,cpu         ] GC(1334) User=0.00s Sys=0.00s Real=0.00s
[578.857s][info][gc,marking     ] GC(1334) Concurrent Clear Claimed Marks
[578.857s][info][gc,marking     ] GC(1334) Concurrent Clear Claimed Marks 0.038ms
[578.857s][info][gc,marking     ] GC(1334) Concurrent Cleanup for Next Mark
[578.862s][info][gc,marking     ] GC(1334) Concurrent Cleanup for Next Mark 4.914ms
[578.862s][info][gc             ] GC(1334) Concurrent Mark Cycle 1666.552ms
[579.144s][info][gc,start       ] GC(1339) Pause Young (Prepare Mixed) (G1 Evacuation Pause)
[579.144s][info][gc,task        ] GC(1339) Using 2 workers of 2 for evacuation
[579.184s][info][gc,phases      ] GC(1339)   Pre Evacuate Collection Set: 0.34ms
[579.184s][info][gc,phases      ] GC(1339)   Merge Heap Roots: 0.66ms
[579.184s][info][gc,phases      ] GC(1339)   Evacuate Collection Set: 38.16ms
[579.184s][info][gc,phases      ] GC(1339)   Post Evacuate Collection Set: 0.73ms
[579.184s][info][gc,phases      ] GC(1339)   Other: 0.10ms
[579.184s][info][gc,heap        ] GC(1339) Eden regions: 323->0(321)
[579.184s][info][gc,heap        ] GC(1339) Survivor regions: 17->18(43)
[579.184s][info][gc,heap        ] GC(1339) Old regions: 564->564
[579.184s][info][gc,heap        ] GC(1339) Humongous regions: 7->7
[579.184s][info][gc,metaspace   ] GC(1339) Metaspace: 19078K(19264K)->19078K(19264K) NonClass: 17249K(17408K)->17249K(17408K) Class: 1829K(1856K)->1829K(1856K)
[579.185s][info][gc             ] GC(1339) Pause Young (Prepare Mixed) (G1 Evacuation Pause) 910M->588M(978M) 40.247ms
[579.185s][info][gc,cpu         ] GC(1339) User=0.08s Sys=0.00s Real=0.04s
[579.681s][info][gc,start       ] GC(1340) Pause Young (Mixed) (G1 Evacuation Pause)
[579.681s][info][gc,task        ] GC(1340) Using 2 workers of 2 for evacuation
[579.734s][info][gc,phases      ] GC(1340)   Pre Evacuate Collection Set: 0.57ms
[579.734s][info][gc,phases      ] GC(1340)   Merge Heap Roots: 1.10ms
[579.734s][info][gc,phases      ] GC(1340)   Evacuate Collection Set: 50.35ms
[579.734s][info][gc,phases      ] GC(1340)   Post Evacuate Collection Set: 0.89ms
[579.734s][info][gc,phases      ] GC(1340)   Other: 0.15ms
[579.734s][info][gc,heap        ] GC(1340) Eden regions: 321->0(412)
[579.734s][info][gc,heap        ] GC(1340) Survivor regions: 18->18(43)
[579.734s][info][gc,heap        ] GC(1340) Old regions: 564->473
[579.734s][info][gc,heap        ] GC(1340) Humongous regions: 7->7
[579.734s][info][gc,metaspace   ] GC(1340) Metaspace: 19078K(19264K)->19078K(19264K) NonClass: 17249K(17408K)->17249K(17408K) Class: 1829K(1856K)->1829K(1856K)
[579.734s][info][gc             ] GC(1340) Pause Young (Mixed) (G1 Evacuation Pause) 909M->497M(978M) 53.307ms
[579.734s][info][gc,cpu         ] GC(1340) User=0.10s Sys=0.00s Real=0.06s
[580.295s][info][gc,start       ] GC(1341) Pause Young (Mixed) (G1 Evacuation Pause)
[580.295s][info][gc,task        ] GC(1341) Using 2 workers of 2 for evacuation
[580.427s][info][gc,phases      ] GC(1341)   Pre Evacuate Collection Set: 0.60ms
[580.427s][info][gc,phases      ] GC(1341)   Merge Heap Roots: 1.61ms
[580.427s][info][gc,phases      ] GC(1341)   Evacuate Collection Set: 125.94ms
[580.427s][info][gc,phases      ] GC(1341)   Post Evacuate Collection Set: 3.61ms
[580.427s][info][gc,phases      ] GC(1341)   Other: 0.12ms
[580.427s][info][gc,heap        ] GC(1341) Eden regions: 412->0(374)
[580.427s][info][gc,heap        ] GC(1341) Survivor regions: 18->36(54)
[580.427s][info][gc,heap        ] GC(1341) Old regions: 473->475
[580.427s][info][gc,heap        ] GC(1341) Humongous regions: 7->7
[580.427s][info][gc,metaspace   ] GC(1341) Metaspace: 19078K(19264K)->19078K(19264K) NonClass: 17249K(17408K)->17249K(17408K) Class: 1829K(1856K)->1829K(1856K)
[580.428s][info][gc             ] GC(1341) Pause Young (Mixed) (G1 Evacuation Pause) (Evacuation Failure: Allocation) 909M->517M(978M) 132.158ms
[580.428s][info][gc,cpu         ] GC(1341) User=0.26s Sys=0.00s Real=0.13s
[580.670s][info][gc,start       ] GC(1342) Pause Young (Mixed) (G1 Evacuation Pause)
[580.670s][info][gc,task        ] GC(1342) Using 2 workers of 2 for evacuation
[580.815s][info][gc,phases      ] GC(1342)   Pre Evacuate Collection Set: 0.33ms
[580.815s][info][gc,phases      ] GC(1342)   Merge Heap Roots: 1.62ms
[580.816s][info][gc,phases      ] GC(1342)   Evacuate Collection Set: 135.93ms
[580.816s][info][gc,phases      ] GC(1342)   Merge Optional Heap Roots: 0.16ms
[580.816s][info][gc,phases      ] GC(1342)   Evacuate Optional Collection Set: 6.74ms
[580.816s][info][gc,phases      ] GC(1342)   Post Evacuate Collection Set: 0.92ms
[580.816s][info][gc,phases      ] GC(1342)   Other: 0.14ms
[580.816s][info][gc,heap        ] GC(1342) Eden regions: 226->0(421)
[580.816s][info][gc,heap        ] GC(1342) Survivor regions: 36->24(33)
[580.816s][info][gc,heap        ] GC(1342) Old regions: 475->452
[580.816s][info][gc,heap        ] GC(1342) Humongous regions: 7->7
[580.816s][info][gc,metaspace   ] GC(1342) Metaspace: 19079K(19264K)->19079K(19264K) NonClass: 17250K(17408K)->17250K(17408K) Class: 1829K(1856K)->1829K(1856K)
[580.816s][info][gc             ] GC(1342) Pause Young (Mixed) (G1 Evacuation Pause) 743M->482M(978M) 146.115ms
[580.816s][info][gc,cpu         ] GC(1342) User=0.28s Sys=0.00s Real=0.15s
[581.128s][info][gc,start       ] GC(1343) Pause Young (Mixed) (G1 Evacuation Pause)
[581.128s][info][gc,task        ] GC(1343) Using 2 workers of 2 for evacuation
[581.237s][info][gc,phases      ] GC(1343)   Pre Evacuate Collection Set: 0.33ms
[581.237s][info][gc,phases      ] GC(1343)   Merge Heap Roots: 0.76ms
[581.237s][info][gc,phases      ] GC(1343)   Evacuate Collection Set: 106.97ms
[581.237s][info][gc,phases      ] GC(1343)   Post Evacuate Collection Set: 0.73ms
[581.237s][info][gc,phases      ] GC(1343)   Other: 0.10ms
[581.237s][info][gc,heap        ] GC(1343) Eden regions: 421->0(352)
[581.237s][info][gc,heap        ] GC(1343) Survivor regions: 24->56(56)
[581.237s][info][gc,heap        ] GC(1343) Old regions: 452->457
[581.237s][info][gc,heap        ] GC(1343) Humongous regions: 7->7
[581.237s][info][gc,metaspace   ] GC(1343) Metaspace: 19079K(19264K)->19079K(19264K) NonClass: 17250K(17408K)->17250K(17408K) Class: 1829K(1856K)->1829K(1856K)
[581.237s][info][gc             ] GC(1343) Pause Young (Mixed) (G1 Evacuation Pause) 903M->519M(978M) 109.152ms
[581.237s][info][gc,cpu         ] GC(1343) User=0.22s Sys=0.00s Real=0.11s
[581.527s][info][gc,start       ] GC(1344) Pause Young (Concurrent Start) (G1 Evacuation Pause)
[581.527s][info][gc,task        ] GC(1344) Using 2 workers of 2 for evacuation
[581.616s][info][gc,phases      ] GC(1344)   Pre Evacuate Collection Set: 0.33ms
[581.616s][info][gc,phases      ] GC(1344)   Merge Heap Roots: 0.31ms
[581.616s][info][gc,phases      ] GC(1344)   Evacuate Collection Set: 87.24ms
[581.616s][info][gc,phases      ] GC(1344)   Post Evacuate Collection Set: 0.69ms
[581.616s][info][gc,phases      ] GC(1344)   Other: 0.13ms
[581.616s][info][gc,heap        ] GC(1344) Eden regions: 352->0(357)
[581.616s][info][gc,heap        ] GC(1344) Survivor regions: 56->20(51)
[581.616s][info][gc,heap        ] GC(1344) Old regions: 457->514
[581.616s][info][gc,heap        ] GC(1344) Humongous regions: 7->7
[581.616s][info][gc,metaspace   ] GC(1344) Metaspace: 19079K(19264K)->19079K(19264K) NonClass: 17250K(17408K)->17250K(17408K) Class: 1829K(1856K)->1829K(1856K)
[581.616s][info][gc             ] GC(1344) Pause Young (Concurrent Start) (G1 Evacuation Pause) 871M->539M(978M) 88.987ms
[581.616s][info][gc             ] GC(1345) Concurrent Mark Cycle
[581.616s][info][gc,marking     ] GC(1345) Concurrent Scan Root Regions
[581.616s][info][gc,cpu         ] GC(1344) User=0.18s Sys=0.00s Real=0.09s
[581.735s][info][gc,marking     ] GC(1345) Concurrent Scan Root Regions 118.670ms
[581.735s][info][gc,marking     ] GC(1345) Concurrent Mark
[581.735s][info][gc,marking     ] GC(1345) Concurrent Mark From Roots
[581.735s][info][gc,task        ] GC(1345) Using 1 workers of 1 for marking
[582.145s][info][gc,start       ] GC(1346) Pause Young (Normal) (G1 Evacuation Pause)
[582.146s][info][gc,task        ] GC(1346) Using 2 workers of 2 for evacuation
[582.198s][info][gc,phases      ] GC(1346)   Pre Evacuate Collection Set: 0.55ms
[582.198s][info][gc,phases      ] GC(1346)   Merge Heap Roots: 0.33ms
[582.198s][info][gc,phases      ] GC(1346)   Evacuate Collection Set: 50.90ms
[582.198s][info][gc,phases      ] GC(1346)   Post Evacuate Collection Set: 0.67ms
[582.198s][info][gc,phases      ] GC(1346)   Other: 0.09ms
[582.198s][info][gc,heap        ] GC(1346) Eden regions: 357->0(329)
[582.198s][info][gc,heap        ] GC(1346) Survivor regions: 20->39(48)
[582.198s][info][gc,heap        ] GC(1346) Old regions: 514->514
[582.198s][info][gc,heap        ] GC(1346) Humongous regions: 7->7
[582.198s][info][gc,metaspace   ] GC(1346) Metaspace: 19079K(19264K)->19079K(19264K) NonClass: 17250K(17408K)->17250K(17408K) Class: 1829K(1856K)->1829K(1856K)
[582.198s][info][gc             ] GC(1346) Pause Young (Normal) (G1 Evacuation Pause) 896M->559M(978M) 52.833ms
[582.198s][info][gc,cpu         ] GC(1346) User=0.10s Sys=0.00s Real=0.05s
[582.576s][info][gc,marking     ] GC(1345) Concurrent Mark From Roots 841.564ms
[582.576s][info][gc,marking     ] GC(1345) Concurrent Preclean
[582.577s][info][gc,marking     ] GC(1345) Concurrent Preclean 0.050ms
[582.577s][info][gc,start       ] GC(1345) Pause Remark
[582.585s][info][gc             ] GC(1345) Pause Remark 680M->553M(978M) 8.824ms
[582.586s][info][gc,cpu         ] GC(1345) User=0.02s Sys=0.00s Real=0.01s
[582.586s][info][gc,marking     ] GC(1345) Concurrent Mark 850.768ms
[582.586s][info][gc,marking     ] GC(1345) Concurrent Rebuild Remembered Sets and Scrub Regions
[582.923s][info][gc,marking     ] GC(1345) Concurrent Rebuild Remembered Sets and Scrub Regions 337.627ms
[582.923s][info][gc,start       ] GC(1345) Pause Cleanup
[582.924s][info][gc             ] GC(1345) Pause Cleanup 622M->622M(978M) 0.120ms
[582.924s][info][gc,cpu         ] GC(1345) User=0.00s Sys=0.00s Real=0.00s
[582.925s][info][gc,marking     ] GC(1345) Concurrent Clear Claimed Marks
[582.925s][info][gc,marking     ] GC(1345) Concurrent Clear Claimed Marks 0.052ms
[582.925s][info][gc,marking     ] GC(1345) Concurrent Cleanup for Next Mark
[582.930s][info][gc,marking     ] GC(1345) Concurrent Cleanup for Next Mark 4.980ms
[582.930s][info][gc             ] GC(1345) Concurrent Mark Cycle 1314.256ms
[583.336s][info][gc,start       ] GC(1347) Pause Young (Prepare Mixed) (G1 Evacuation Pause)
[583.336s][info][gc,task        ] GC(1347) Using 2 workers of 2 for evacuation
[583.397s][info][gc,phases      ] GC(1347)   Pre Evacuate Collection Set: 0.35ms
[583.397s][info][gc,phases      ] GC(1347)   Merge Heap Roots: 0.44ms
[583.397s][info][gc,phases      ] GC(1347)   Evacuate Collection Set: 59.47ms
[583.397s][info][gc,phases      ] GC(1347)   Post Evacuate Collection Set: 0.66ms
[583.397s][info][gc,phases      ] GC(1347)   Other: 0.10ms
[583.397s][info][gc,heap        ] GC(1347) Eden regions: 329->0(454)
[583.397s][info][gc,heap        ] GC(1347) Survivor regions: 39->30(46)
[583.397s][info][gc,heap        ] GC(1347) Old regions: 390->410
[583.397s][info][gc,heap        ] GC(1347) Humongous regions: 4->4
[583.397s][info][gc,metaspace   ] GC(1347) Metaspace: 19079K(19264K)->19079K(19264K) NonClass: 17250K(17408K)->17250K(17408K) Class: 1829K(1856K)->1829K(1856K)
[583.397s][info][gc             ] GC(1347) Pause Young (Prepare Mixed) (G1 Evacuation Pause) 761M->442M(978M) 61.266ms
[583.397s][info][gc,cpu         ] GC(1347) User=0.12s Sys=0.00s Real=0.06s
[584.486s][info][gc,start       ] GC(1348) Pause Young (Mixed) (G1 Evacuation Pause)
[584.486s][info][gc,task        ] GC(1348) Using 2 workers of 2 for evacuation
[584.533s][info][gc,phases      ] GC(1348)   Pre Evacuate Collection Set: 0.37ms
[584.533s][info][gc,phases      ] GC(1348)   Merge Heap Roots: 0.30ms
[584.533s][info][gc,phases      ] GC(1348)   Evacuate Collection Set: 45.30ms
[584.533s][info][gc,phases      ] GC(1348)   Post Evacuate Collection Set: 0.79ms
[584.533s][info][gc,phases      ] GC(1348)   Other: 0.10ms
[584.533s][info][gc,heap        ] GC(1348) Eden regions: 454->0(482)
[584.533s][info][gc,heap        ] GC(1348) Survivor regions: 30->35(61)
[584.533s][info][gc,heap        ] GC(1348) Old regions: 410->372
[584.533s][info][gc,heap        ] GC(1348) Humongous regions: 4->4
[584.533s][info][gc,metaspace   ] GC(1348) Metaspace: 19079K(19264K)->19079K(19264K) NonClass: 17250K(17408K)->17250K(17408K) Class: 1829K(1856K)->1829K(1856K)
[584.533s][info][gc             ] GC(1348) Pause Young (Mixed) (G1 Evacuation Pause) 896M->410M(978M) 47.102ms
[584.533s][info][gc,cpu         ] GC(1348) User=0.09s Sys=0.00s Real=0.04s
[585.265s][info][gc,start       ] GC(1349) Pause Young (Concurrent Start) (G1 Evacuation Pause)
[585.265s][info][gc,task        ] GC(1349) Using 2 workers of 2 for evacuation
[585.485s][info][gc,mmu         ] GC(1349) MMU target violated: 201.0ms (200.0ms/201.0ms)
[585.485s][info][gc,phases      ] GC(1349)   Pre Evacuate Collection Set: 0.30ms
[585.485s][info][gc,phases      ] GC(1349)   Merge Heap Roots: 0.29ms
[585.485s][info][gc,phases      ] GC(1349)   Evacuate Collection Set: 187.66ms
[585.485s][info][gc,phases      ] GC(1349)   Post Evacuate Collection Set: 31.62ms
[585.485s][info][gc,phases      ] GC(1349)   Other: 0.24ms
[585.485s][info][gc,heap        ] GC(1349) Eden regions: 482->0(64)
[585.485s][info][gc,heap        ] GC(1349) Survivor regions: 35->65(65)
[585.485s][info][gc,heap        ] GC(1349) Old regions: 372->730
[585.485s][info][gc,heap        ] GC(1349) Humongous regions: 4->4
[585.485s][info][gc,metaspace   ] GC(1349) Metaspace: 19096K(19264K)->19096K(19264K) NonClass: 17266K(17408K)->17266K(17408K) Class: 1829K(1856K)->1829K(1856K)
[585.485s][info][gc             ] GC(1349) Pause Young (Concurrent Start) (G1 Evacuation Pause) (Evacuation Failure: Allocation) 892M->798M(978M) 220.327ms
[585.485s][info][gc,cpu         ] GC(1349) User=0.44s Sys=0.00s Real=0.22s
[585.486s][info][gc             ] GC(1350) Concurrent Mark Cycle
[585.486s][info][gc,marking     ] GC(1350) Concurrent Scan Root Regions
[585.741s][info][gc,marking     ] GC(1350) Concurrent Scan Root Regions 255.722ms
[585.741s][info][gc,marking     ] GC(1350) Concurrent Mark
[585.741s][info][gc,marking     ] GC(1350) Concurrent Mark From Roots
[585.741s][info][gc,task        ] GC(1350) Using 1 workers of 1 for marking
[585.814s][info][gc,start       ] GC(1351) Pause Young (Normal) (G1 Evacuation Pause)
[585.814s][info][gc,task        ] GC(1351) Using 2 workers of 2 for evacuation
[585.937s][info][gc,phases      ] GC(1351)   Pre Evacuate Collection Set: 0.45ms
[585.937s][info][gc,phases      ] GC(1351)   Merge Heap Roots: 1.34ms
[585.937s][info][gc,phases      ] GC(1351)   Evacuate Collection Set: 119.78ms
[585.937s][info][gc,phases      ] GC(1351)   Post Evacuate Collection Set: 0.63ms
[585.937s][info][gc,phases      ] GC(1351)   Other: 0.12ms
[585.937s][info][gc,heap        ] GC(1351) Eden regions: 64->0(265)
[585.937s][info][gc,heap        ] GC(1351) Survivor regions: 65->4(17)
[585.937s][info][gc,heap        ] GC(1351) Old regions: 730->645
[585.937s][info][gc,heap        ] GC(1351) Humongous regions: 4->4
[585.937s][info][gc,metaspace   ] GC(1351) Metaspace: 19100K(19264K)->19100K(19264K) NonClass: 17271K(17408K)->17271K(17408K) Class: 1829K(1856K)->1829K(1856K)
[585.937s][info][gc             ] GC(1351) Pause Young (Normal) (G1 Evacuation Pause) 862M->652M(978M) 122.611ms
[585.937s][info][gc,cpu         ] GC(1351) User=0.24s Sys=0.00s Real=0.13s
[586.596s][info][gc,start       ] GC(1352) Pause Young (Normal) (G1 Evacuation Pause)
[586.597s][info][gc,task        ] GC(1352) Using 2 workers of 2 for evacuation
[586.782s][info][gc,phases      ] GC(1352)   Pre Evacuate Collection Set: 0.45ms
[586.782s][info][gc,phases      ] GC(1352)   Merge Heap Roots: 1.18ms
[586.782s][info][gc,phases      ] GC(1352)   Evacuate Collection Set: 166.63ms
[586.782s][info][gc,phases      ] GC(1352)   Post Evacuate Collection Set: 17.33ms
[586.782s][info][gc,phases      ] GC(1352)   Other: 0.13ms
[586.782s][info][gc,heap        ] GC(1352) Eden regions: 265->0(170)
[586.782s][info][gc,heap        ] GC(1352) Survivor regions: 4->21(34)
[586.782s][info][gc,heap        ] GC(1352) Old regions: 645->706
[586.782s][info][gc,heap        ] GC(1352) Humongous regions: 10->10
[586.782s][info][gc,metaspace   ] GC(1352) Metaspace: 19114K(19264K)->19114K(19264K) NonClass: 17284K(17408K)->17284K(17408K) Class: 1829K(1856K)->1829K(1856K)
[586.782s][info][gc             ] GC(1352) Pause Young (Normal) (G1 Evacuation Pause) (Evacuation Failure: Allocation) 923M->736M(978M) 186.025ms
[586.782s][info][gc,cpu         ] GC(1352) User=0.37s Sys=0.00s Real=0.18s
[586.822s][info][gc,start       ] GC(1353) Pause Young (Normal) (G1 Evacuation Pause)
[586.822s][info][gc,task        ] GC(1353) Using 2 workers of 2 for evacuation
[586.956s][info][gc,phases      ] GC(1353)   Pre Evacuate Collection Set: 0.41ms
[586.956s][info][gc,phases      ] GC(1353)   Merge Heap Roots: 3.81ms
[586.956s][info][gc,phases      ] GC(1353)   Evacuate Collection Set: 88.27ms
[586.956s][info][gc,phases      ] GC(1353)   Merge Optional Heap Roots: 0.17ms
[586.956s][info][gc,phases      ] GC(1353)   Evacuate Optional Collection Set: 39.90ms
[586.956s][info][gc,phases      ] GC(1353)   Post Evacuate Collection Set: 1.01ms
[586.956s][info][gc,phases      ] GC(1353)   Other: 0.17ms
[586.956s][info][gc,heap        ] GC(1353) Eden regions: 27->0(248)
[586.956s][info][gc,heap        ] GC(1353) Survivor regions: 21->6(6)
[586.956s][info][gc,heap        ] GC(1353) Old regions: 706->649
[586.956s][info][gc,heap        ] GC(1353) Humongous regions: 10->10
[586.956s][info][gc,metaspace   ] GC(1353) Metaspace: 19114K(19264K)->19114K(19264K) NonClass: 17284K(17408K)->17284K(17408K) Class: 1829K(1856K)->1829K(1856K)
[586.956s][info][gc             ] GC(1353) Pause Young (Normal) (G1 Evacuation Pause) 763M->664M(978M) 134.013ms
[586.956s][info][gc,cpu         ] GC(1353) User=0.26s Sys=0.00s Real=0.14s
[587.355s][info][gc,marking     ] GC(1350) Concurrent Mark From Roots 1613.560ms
[587.355s][info][gc,marking     ] GC(1350) Concurrent Preclean
[587.355s][info][gc,marking     ] GC(1350) Concurrent Preclean 0.054ms
[587.355s][info][gc,start       ] GC(1350) Pause Remark
[587.364s][info][gc             ] GC(1350) Pause Remark 815M->815M(978M) 8.580ms
[587.364s][info][gc,cpu         ] GC(1350) User=0.02s Sys=0.00s Real=0.00s
[587.364s][info][gc,marking     ] GC(1350) Concurrent Mark 1622.581ms
[587.364s][info][gc,marking     ] GC(1350) Concurrent Rebuild Remembered Sets and Scrub Regions
[587.618s][info][gc,start       ] GC(1354) Pause Young (Normal) (G1 Evacuation Pause)
[587.618s][info][gc,task        ] GC(1354) Using 2 workers of 2 for evacuation
[587.719s][info][gc,phases      ] GC(1354)   Pre Evacuate Collection Set: 0.37ms
[587.719s][info][gc,phases      ] GC(1354)   Merge Heap Roots: 0.91ms
[587.719s][info][gc,phases      ] GC(1354)   Evacuate Collection Set: 96.12ms
[587.719s][info][gc,phases      ] GC(1354)   Post Evacuate Collection Set: 2.79ms
[587.719s][info][gc,phases      ] GC(1354)   Other: 0.12ms
[587.719s][info][gc,heap        ] GC(1354) Eden regions: 248->0(199)
[587.719s][info][gc,heap        ] GC(1354) Survivor regions: 6->32(32)
[587.719s][info][gc,heap        ] GC(1354) Old regions: 649->652
[587.719s][info][gc,heap        ] GC(1354) Humongous regions: 13->13
[587.719s][info][gc,metaspace   ] GC(1354) Metaspace: 19114K(19264K)->19114K(19264K) NonClass: 17284K(17408K)->17284K(17408K) Class: 1829K(1856K)->1829K(1856K)
[587.719s][info][gc             ] GC(1354) Pause Young (Normal) (G1 Evacuation Pause) (Evacuation Failure: Allocation) 915M->696M(978M) 100.599ms
[587.719s][info][gc,cpu         ] GC(1354) User=0.20s Sys=0.00s Real=0.10s
[587.994s][info][gc,marking     ] GC(1350) Concurrent Rebuild Remembered Sets and Scrub Regions 629.949ms
[587.994s][info][gc,start       ] GC(1350) Pause Cleanup
[587.994s][info][gc             ] GC(1350) Pause Cleanup 803M->803M(978M) 0.144ms
[587.994s][info][gc,cpu         ] GC(1350) User=0.00s Sys=0.00s Real=0.01s
[587.994s][info][gc,marking     ] GC(1350) Concurrent Clear Claimed Marks
[587.994s][info][gc,marking     ] GC(1350) Concurrent Clear Claimed Marks 0.029ms
[587.994s][info][gc,marking     ] GC(1350) Concurrent Cleanup for Next Mark
[587.997s][info][gc,marking     ] GC(1350) Concurrent Cleanup for Next Mark 2.954ms
[587.997s][info][gc             ] GC(1350) Concurrent Mark Cycle 2511.862ms
[588.148s][info][gc,start       ] GC(1355) Pause Young (Prepare Mixed) (G1 Evacuation Pause)
[588.148s][info][gc,task        ] GC(1355) Using 2 workers of 2 for evacuation
[588.192s][info][gc,phases      ] GC(1355)   Pre Evacuate Collection Set: 0.32ms
[588.192s][info][gc,phases      ] GC(1355)   Merge Heap Roots: 0.54ms
[588.192s][info][gc,phases      ] GC(1355)   Evacuate Collection Set: 42.44ms
[588.192s][info][gc,phases      ] GC(1355)   Post Evacuate Collection Set: 0.52ms
[588.192s][info][gc,phases      ] GC(1355)   Other: 0.11ms
[588.192s][info][gc,heap        ] GC(1355) Eden regions: 199->0(245)
[588.192s][info][gc,heap        ] GC(1355) Survivor regions: 32->1(29)
[588.192s][info][gc,heap        ] GC(1355) Old regions: 652->657
[588.192s][info][gc,heap        ] GC(1355) Humongous regions: 13->13
[588.192s][info][gc,metaspace   ] GC(1355) Metaspace: 19114K(19264K)->19114K(19264K) NonClass: 17284K(17408K)->17284K(17408K) Class: 1829K(1856K)->1829K(1856K)
[588.192s][info][gc             ] GC(1355) Pause Young (Prepare Mixed) (G1 Evacuation Pause) 895M->670M(978M) 44.217ms
[588.192s][info][gc,cpu         ] GC(1355) User=0.09s Sys=0.00s Real=0.04s
[588.589s][info][gc,start       ] GC(1356) Pause Young (Mixed) (G1 Evacuation Pause)
[588.590s][info][gc,task        ] GC(1356) Using 2 workers of 2 for evacuation
[588.591s][info][gc,phases      ] GC(1356)   Pre Evacuate Collection Set: 0.56ms
[588.591s][info][gc,phases      ] GC(1356)   Merge Heap Roots: 0.13ms
[588.591s][info][gc,phases      ] GC(1356)   Evacuate Collection Set: 0.38ms
[588.591s][info][gc,phases      ] GC(1356)   Post Evacuate Collection Set: 0.46ms
[588.591s][info][gc,phases      ] GC(1356)   Other: 0.09ms
[588.591s][info][gc,heap        ] GC(1356) Eden regions: 245->0(263)
[588.591s][info][gc,heap        ] GC(1356) Survivor regions: 1->1(31)
[588.591s][info][gc,heap        ] GC(1356) Old regions: 657->648
[588.591s][info][gc,heap        ] GC(1356) Humongous regions: 13->13
[588.591s][info][gc,metaspace   ] GC(1356) Metaspace: 19114K(19264K)->19114K(19264K) NonClass: 17284K(17408K)->17284K(17408K) Class: 1829K(1856K)->1829K(1856K)
[588.591s][info][gc             ] GC(1356) Pause Young (Mixed) (G1 Evacuation Pause) 915M->661M(978M) 1.854ms
[588.591s][info][gc,cpu         ] GC(1356) User=0.00s Sys=0.00s Real=0.00s
[589.013s][info][gc,start       ] GC(1357) Pause Young (Concurrent Start) (G1 Evacuation Pause)
[589.013s][info][gc,task        ] GC(1357) Using 2 workers of 2 for evacuation
[589.015s][info][gc,phases      ] GC(1357)   Pre Evacuate Collection Set: 0.37ms
[589.015s][info][gc,phases      ] GC(1357)   Merge Heap Roots: 0.08ms
[589.015s][info][gc,phases      ] GC(1357)   Evacuate Collection Set: 0.49ms
[589.015s][info][gc,phases      ] GC(1357)   Post Evacuate Collection Set: 0.44ms
[589.015s][info][gc,phases      ] GC(1357)   Other: 0.22ms
[589.015s][info][gc,heap        ] GC(1357) Eden regions: 263->0(265)
[589.015s][info][gc,heap        ] GC(1357) Survivor regions: 1->1(33)
[589.015s][info][gc,heap        ] GC(1357) Old regions: 648->648
[589.015s][info][gc,heap        ] GC(1357) Humongous regions: 13->13
[589.015s][info][gc,metaspace   ] GC(1357) Metaspace: 19114K(19264K)->19114K(19264K) NonClass: 17284K(17408K)->17284K(17408K) Class: 1829K(1856K)->1829K(1856K)
[589.015s][info][gc             ] GC(1357) Pause Young (Concurrent Start) (G1 Evacuation Pause) 924M->660M(978M) 1.792ms
[589.015s][info][gc,cpu         ] GC(1357) User=0.00s Sys=0.00s Real=0.01s
[589.015s][info][gc             ] GC(1358) Concurrent Mark Cycle
[589.015s][info][gc,marking     ] GC(1358) Concurrent Scan Root Regions
[589.017s][info][gc,marking     ] GC(1358) Concurrent Scan Root Regions 2.473ms
[589.017s][info][gc,marking     ] GC(1358) Concurrent Mark
[589.017s][info][gc,marking     ] GC(1358) Concurrent Mark From Roots
[589.017s][info][gc,task        ] GC(1358) Using 1 workers of 1 for marking
[590.063s][info][gc,start       ] GC(1359) Pause Young (Normal) (G1 Evacuation Pause)
[590.063s][info][gc,task        ] GC(1359) Using 2 workers of 2 for evacuation
[590.064s][info][gc,phases      ] GC(1359)   Pre Evacuate Collection Set: 0.30ms
[590.064s][info][gc,phases      ] GC(1359)   Merge Heap Roots: 0.10ms
[590.065s][info][gc,phases      ] GC(1359)   Evacuate Collection Set: 0.33ms
[590.065s][info][gc,phases      ] GC(1359)   Post Evacuate Collection Set: 0.40ms
[590.065s][info][gc,phases      ] GC(1359)   Other: 0.11ms
[590.065s][info][gc,heap        ] GC(1359) Eden regions: 265->0(265)
[590.065s][info][gc,heap        ] GC(1359) Survivor regions: 1->1(34)
[590.065s][info][gc,heap        ] GC(1359) Old regions: 648->648
[590.065s][info][gc,heap        ] GC(1359) Humongous regions: 13->13
[590.065s][info][gc,metaspace   ] GC(1359) Metaspace: 19114K(19264K)->19114K(19264K) NonClass: 17284K(17408K)->17284K(17408K) Class: 1829K(1856K)->1829K(1856K)
[590.065s][info][gc             ] GC(1359) Pause Young (Normal) (G1 Evacuation Pause) 925M->660M(978M) 1.472ms
[590.065s][info][gc,cpu         ] GC(1359) User=0.00s Sys=0.00s Real=0.01s
[590.631s][info][gc,marking     ] GC(1358) Concurrent Mark From Roots 1613.575ms
[590.631s][info][gc,marking     ] GC(1358) Concurrent Preclean
[590.631s][info][gc,marking     ] GC(1358) Concurrent Preclean 0.049ms
[590.631s][info][gc,start       ] GC(1358) Pause Remark
[590.640s][info][gc             ] GC(1358) Pause Remark 799M->736M(978M) 8.837ms
[590.640s][info][gc,cpu         ] GC(1358) User=0.01s Sys=0.00s Real=0.01s
[590.642s][info][gc,marking     ] GC(1358) Concurrent Mark 1624.325ms
[590.642s][info][gc,marking     ] GC(1358) Concurrent Rebuild Remembered Sets and Scrub Regions
[590.915s][info][gc,start       ] GC(1360) Pause Young (Normal) (G1 Evacuation Pause)
[590.915s][info][gc,task        ] GC(1360) Using 2 workers of 2 for evacuation
[590.929s][info][gc,phases      ] GC(1360)   Pre Evacuate Collection Set: 0.32ms
[590.929s][info][gc,phases      ] GC(1360)   Merge Heap Roots: 0.17ms
[590.929s][info][gc,phases      ] GC(1360)   Evacuate Collection Set: 12.69ms
[590.929s][info][gc,phases      ] GC(1360)   Post Evacuate Collection Set: 0.51ms
[590.929s][info][gc,phases      ] GC(1360)   Other: 0.13ms
[590.929s][info][gc,heap        ] GC(1360) Eden regions: 265->0(312)
[590.929s][info][gc,heap        ] GC(1360) Survivor regions: 1->9(34)
[590.929s][info][gc,heap        ] GC(1360) Old regions: 591->591
[590.929s][info][gc,heap        ] GC(1360) Humongous regions: 7->7
[590.929s][info][gc,metaspace   ] GC(1360) Metaspace: 19114K(19264K)->19114K(19264K) NonClass: 17284K(17408K)->17284K(17408K) Class: 1829K(1856K)->1829K(1856K)
[590.929s][info][gc             ] GC(1360) Pause Young (Normal) (G1 Evacuation Pause) 862M->606M(978M) 14.062ms
[590.929s][info][gc,cpu         ] GC(1360) User=0.03s Sys=0.00s Real=0.01s
[591.160s][info][gc,marking     ] GC(1358) Concurrent Rebuild Remembered Sets and Scrub Regions 518.406ms
[591.160s][info][gc,start       ] GC(1358) Pause Cleanup
[591.160s][info][gc             ] GC(1358) Pause Cleanup 739M->739M(978M) 0.167ms
[591.160s][info][gc,cpu         ] GC(1358) User=0.00s Sys=0.00s Real=0.00s
[591.161s][info][gc,marking     ] GC(1358) Concurrent Clear Claimed Marks
[591.161s][info][gc,marking     ] GC(1358) Concurrent Clear Claimed Marks 0.043ms
[591.161s][info][gc,marking     ] GC(1358) Concurrent Cleanup for Next Mark
[591.167s][info][gc,marking     ] GC(1358) Concurrent Cleanup for Next Mark 5.798ms
[591.167s][info][gc             ] GC(1358) Concurrent Mark Cycle 2152.566ms
[591.325s][info][gc,start       ] GC(1361) Pause Young (Prepare Mixed) (G1 Evacuation Pause)
[591.325s][info][gc,task        ] GC(1361) Using 2 workers of 2 for evacuation
[591.365s][info][gc,phases      ] GC(1361)   Pre Evacuate Collection Set: 0.33ms
[591.366s][info][gc,phases      ] GC(1361)   Merge Heap Roots: 0.19ms
[591.366s][info][gc,phases      ] GC(1361)   Evacuate Collection Set: 39.30ms
[591.366s][info][gc,phases      ] GC(1361)   Post Evacuate Collection Set: 0.58ms
[591.366s][info][gc,phases      ] GC(1361)   Other: 0.13ms
[591.366s][info][gc,heap        ] GC(1361) Eden regions: 312->0(264)
[591.366s][info][gc,heap        ] GC(1361) Survivor regions: 9->33(41)
[591.366s][info][gc,heap        ] GC(1361) Old regions: 591->591
[591.366s][info][gc,heap        ] GC(1361) Humongous regions: 7->7
[591.366s][info][gc,metaspace   ] GC(1361) Metaspace: 19115K(19264K)->19115K(19264K) NonClass: 17285K(17408K)->17285K(17408K) Class: 1829K(1856K)->1829K(1856K)
[591.366s][info][gc             ] GC(1361) Pause Young (Prepare Mixed) (G1 Evacuation Pause) 918M->630M(978M) 40.752ms
[591.366s][info][gc,cpu         ] GC(1361) User=0.08s Sys=0.00s Real=0.04s
[591.634s][info][gc,start       ] GC(1362) Pause Young (Mixed) (G1 Evacuation Pause)
[591.634s][info][gc,task        ] GC(1362) Using 2 workers of 2 for evacuation
[591.685s][info][gc,phases      ] GC(1362)   Pre Evacuate Collection Set: 0.37ms
[591.685s][info][gc,phases      ] GC(1362)   Merge Heap Roots: 0.42ms
[591.685s][info][gc,phases      ] GC(1362)   Evacuate Collection Set: 49.45ms
[591.685s][info][gc,phases      ] GC(1362)   Post Evacuate Collection Set: 0.68ms
[591.685s][info][gc,phases      ] GC(1362)   Other: 0.15ms
[591.685s][info][gc,heap        ] GC(1362) Eden regions: 264->0(385)
[591.685s][info][gc,heap        ] GC(1362) Survivor regions: 33->3(38)
[591.685s][info][gc,heap        ] GC(1362) Old regions: 591->530
[591.685s][info][gc,heap        ] GC(1362) Humongous regions: 7->7
[591.685s][info][gc,metaspace   ] GC(1362) Metaspace: 19115K(19264K)->19115K(19264K) NonClass: 17286K(17408K)->17286K(17408K) Class: 1829K(1856K)->1829K(1856K)
[591.685s][info][gc             ] GC(1362) Pause Young (Mixed) (G1 Evacuation Pause) 894M->539M(978M) 51.320ms
[591.685s][info][gc,cpu         ] GC(1362) User=0.10s Sys=0.00s Real=0.06s
[592.372s][info][gc,start       ] GC(1363) Pause Young (Mixed) (G1 Evacuation Pause)
[592.372s][info][gc,task        ] GC(1363) Using 2 workers of 2 for evacuation
[592.416s][info][gc,phases      ] GC(1363)   Pre Evacuate Collection Set: 0.34ms
[592.416s][info][gc,phases      ] GC(1363)   Merge Heap Roots: 0.45ms
[592.416s][info][gc,phases      ] GC(1363)   Evacuate Collection Set: 42.89ms
[592.416s][info][gc,phases      ] GC(1363)   Post Evacuate Collection Set: 0.65ms
[592.416s][info][gc,phases      ] GC(1363)   Other: 0.10ms
[592.416s][info][gc,heap        ] GC(1363) Eden regions: 385->0(371)
[592.416s][info][gc,heap        ] GC(1363) Survivor regions: 3->11(49)
[592.416s][info][gc,heap        ] GC(1363) Old regions: 530->528
[592.416s][info][gc,heap        ] GC(1363) Humongous regions: 7->7
[592.416s][info][gc,metaspace   ] GC(1363) Metaspace: 19121K(19264K)->19121K(19264K) NonClass: 17292K(17408K)->17292K(17408K) Class: 1829K(1856K)->1829K(1856K)
[592.416s][info][gc             ] GC(1363) Pause Young (Mixed) (G1 Evacuation Pause) 924M->545M(978M) 44.700ms
[592.416s][info][gc,cpu         ] GC(1363) User=0.08s Sys=0.00s Real=0.05s
[593.078s][info][gc,start       ] GC(1364) Pause Young (Concurrent Start) (G1 Evacuation Pause)
[593.079s][info][gc,task        ] GC(1364) Using 2 workers of 2 for evacuation
[593.111s][info][gc,phases      ] GC(1364)   Pre Evacuate Collection Set: 0.34ms
[593.111s][info][gc,phases      ] GC(1364)   Merge Heap Roots: 0.24ms
[593.111s][info][gc,phases      ] GC(1364)   Evacuate Collection Set: 30.67ms
[593.111s][info][gc,phases      ] GC(1364)   Post Evacuate Collection Set: 0.67ms
[593.111s][info][gc,phases      ] GC(1364)   Other: 0.12ms
[593.111s][info][gc,heap        ] GC(1364) Eden regions: 371->0(343)
[593.111s][info][gc,heap        ] GC(1364) Survivor regions: 11->25(48)
[593.111s][info][gc,heap        ] GC(1364) Old regions: 528->528
[593.111s][info][gc,heap        ] GC(1364) Humongous regions: 7->7
[593.111s][info][gc,metaspace   ] GC(1364) Metaspace: 19130K(19264K)->19130K(19264K) NonClass: 17301K(17408K)->17301K(17408K) Class: 1829K(1856K)->1829K(1856K)
[593.111s][info][gc             ] GC(1364) Pause Young (Concurrent Start) (G1 Evacuation Pause) 916M->558M(978M) 32.307ms
[593.111s][info][gc,cpu         ] GC(1364) User=0.06s Sys=0.00s Real=0.03s
[593.111s][info][gc             ] GC(1365) Concurrent Mark Cycle
[593.111s][info][gc,marking     ] GC(1365) Concurrent Scan Root Regions
[593.163s][info][gc,marking     ] GC(1365) Concurrent Scan Root Regions 52.342ms
[593.163s][info][gc,marking     ] GC(1365) Concurrent Mark
[593.163s][info][gc,marking     ] GC(1365) Concurrent Mark From Roots
[593.163s][info][gc,task        ] GC(1365) Using 1 workers of 1 for marking
[594.111s][info][gc,start       ] GC(1366) Pause Young (Normal) (G1 Evacuation Pause)
[594.111s][info][gc,task        ] GC(1366) Using 2 workers of 2 for evacuation
[594.198s][info][gc,phases      ] GC(1366)   Pre Evacuate Collection Set: 0.34ms
[594.198s][info][gc,phases      ] GC(1366)   Merge Heap Roots: 0.22ms
[594.198s][info][gc,phases      ] GC(1366)   Evacuate Collection Set: 83.28ms
[594.198s][info][gc,phases      ] GC(1366)   Post Evacuate Collection Set: 3.13ms
[594.198s][info][gc,phases      ] GC(1366)   Other: 0.11ms
[594.198s][info][gc,heap        ] GC(1366) Eden regions: 343->0(218)
[594.198s][info][gc,heap        ] GC(1366) Survivor regions: 25->46(46)
[594.198s][info][gc,heap        ] GC(1366) Old regions: 528->611
[594.198s][info][gc,heap        ] GC(1366) Humongous regions: 7->7
[594.198s][info][gc,metaspace   ] GC(1366) Metaspace: 19135K(19264K)->19135K(19264K) NonClass: 17305K(17408K)->17305K(17408K) Class: 1829K(1856K)->1829K(1856K)
[594.198s][info][gc             ] GC(1366) Pause Young (Normal) (G1 Evacuation Pause) (Evacuation Failure: Allocation) 901M->663M(978M) 87.346ms
[594.198s][info][gc,cpu         ] GC(1366) User=0.17s Sys=0.00s Real=0.09s
[594.824s][info][gc,marking     ] GC(1365) Concurrent Mark From Roots 1660.384ms
[594.824s][info][gc,marking     ] GC(1365) Concurrent Preclean
[594.824s][info][gc,marking     ] GC(1365) Concurrent Preclean 0.054ms
[594.824s][info][gc,start       ] GC(1365) Pause Remark
[594.833s][info][gc             ] GC(1365) Pause Remark 834M->834M(978M) 8.945ms
[594.833s][info][gc,cpu         ] GC(1365) User=0.02s Sys=0.00s Real=0.01s
[594.833s][info][gc,marking     ] GC(1365) Concurrent Mark 1669.714ms
[594.833s][info][gc,marking     ] GC(1365) Concurrent Rebuild Remembered Sets and Scrub Regions
[594.936s][info][gc,start       ] GC(1367) Pause Young (Normal) (G1 Evacuation Pause)
[594.936s][info][gc,task        ] GC(1367) Using 2 workers of 2 for evacuation
[595.023s][info][gc,phases      ] GC(1367)   Pre Evacuate Collection Set: 0.34ms
[595.023s][info][gc,phases      ] GC(1367)   Merge Heap Roots: 0.48ms
[595.023s][info][gc,phases      ] GC(1367)   Evacuate Collection Set: 84.57ms
[595.023s][info][gc,phases      ] GC(1367)   Post Evacuate Collection Set: 0.71ms
[595.023s][info][gc,phases      ] GC(1367)   Other: 0.11ms
[595.023s][info][gc,heap        ] GC(1367) Eden regions: 218->0(271)
[595.023s][info][gc,heap        ] GC(1367) Survivor regions: 46->14(33)
[595.023s][info][gc,heap        ] GC(1367) Old regions: 611->608
[595.023s][info][gc,heap        ] GC(1367) Humongous regions: 10->10
[595.023s][info][gc,metaspace   ] GC(1367) Metaspace: 19135K(19264K)->19135K(19264K) NonClass: 17305K(17408K)->17305K(17408K) Class: 1829K(1856K)->1829K(1856K)
[595.023s][info][gc             ] GC(1367) Pause Young (Normal) (G1 Evacuation Pause) 884M->631M(978M) 86.486ms
[595.023s][info][gc,cpu         ] GC(1367) User=0.17s Sys=0.00s Real=0.08s
[595.614s][info][gc,start       ] GC(1368) Pause Young (Normal) (G1 Evacuation Pause)
[595.614s][info][gc,task        ] GC(1368) Using 2 workers of 2 for evacuation
[595.646s][info][gc,phases      ] GC(1368)   Pre Evacuate Collection Set: 0.56ms
[595.646s][info][gc,phases      ] GC(1368)   Merge Heap Roots: 0.37ms
[595.646s][info][gc,phases      ] GC(1368)   Evacuate Collection Set: 30.08ms
[595.646s][info][gc,phases      ] GC(1368)   Post Evacuate Collection Set: 0.62ms
[595.646s][info][gc,phases      ] GC(1368)   Other: 0.11ms
[595.646s][info][gc,heap        ] GC(1368) Eden regions: 271->0(282)
[595.646s][info][gc,heap        ] GC(1368) Survivor regions: 14->14(36)
[595.646s][info][gc,heap        ] GC(1368) Old regions: 608->608
[595.646s][info][gc,heap        ] GC(1368) Humongous regions: 10->10
[595.646s][info][gc,metaspace   ] GC(1368) Metaspace: 19135K(19264K)->19135K(19264K) NonClass: 17305K(17408K)->17305K(17408K) Class: 1829K(1856K)->1829K(1856K)
[595.646s][info][gc             ] GC(1368) Pause Young (Normal) (G1 Evacuation Pause) 902M->631M(978M) 32.007ms
[595.646s][info][gc,cpu         ] GC(1368) User=0.06s Sys=0.00s Real=0.04s
[595.681s][info][gc,marking     ] GC(1365) Concurrent Rebuild Remembered Sets and Scrub Regions 848.205ms
[595.681s][info][gc,start       ] GC(1365) Pause Cleanup
[595.682s][info][gc             ] GC(1365) Pause Cleanup 642M->642M(978M) 0.113ms
[595.682s][info][gc,cpu         ] GC(1365) User=0.00s Sys=0.00s Real=0.00s
[595.682s][info][gc,marking     ] GC(1365) Concurrent Clear Claimed Marks
[595.682s][info][gc,marking     ] GC(1365) Concurrent Clear Claimed Marks 0.031ms
[595.682s][info][gc,marking     ] GC(1365) Concurrent Cleanup for Next Mark
[595.685s][info][gc,marking     ] GC(1365) Concurrent Cleanup for Next Mark 2.930ms
[595.685s][info][gc             ] GC(1365) Concurrent Mark Cycle 2573.754ms
[596.120s][info][gc,start       ] GC(1369) Pause Young (Prepare Mixed) (G1 Evacuation Pause)
[596.121s][info][gc,task        ] GC(1369) Using 2 workers of 2 for evacuation
[596.152s][info][gc,phases      ] GC(1369)   Pre Evacuate Collection Set: 0.56ms
[596.152s][info][gc,phases      ] GC(1369)   Merge Heap Roots: 0.34ms
[596.152s][info][gc,phases      ] GC(1369)   Evacuate Collection Set: 29.42ms
[596.152s][info][gc,phases      ] GC(1369)   Post Evacuate Collection Set: 0.65ms
[596.152s][info][gc,phases      ] GC(1369)   Other: 0.13ms
[596.152s][info][gc,heap        ] GC(1369) Eden regions: 282->0(282)
[596.152s][info][gc,heap        ] GC(1369) Survivor regions: 14->14(37)
[596.152s][info][gc,heap        ] GC(1369) Old regions: 608->608
[596.152s][info][gc,heap        ] GC(1369) Humongous regions: 10->10
[596.152s][info][gc,metaspace   ] GC(1369) Metaspace: 19135K(19264K)->19135K(19264K) NonClass: 17305K(17408K)->17305K(17408K) Class: 1829K(1856K)->1829K(1856K)
[596.152s][info][gc             ] GC(1369) Pause Young (Prepare Mixed) (G1 Evacuation Pause) 913M->631M(978M) 31.356ms
[596.152s][info][gc,cpu         ] GC(1369) User=0.07s Sys=0.00s Real=0.03s
[596.549s][info][gc,start       ] GC(1370) Pause Young (Mixed) (G1 Evacuation Pause)
[596.549s][info][gc,task        ] GC(1370) Using 2 workers of 2 for evacuation
[596.634s][info][gc,phases      ] GC(1370)   Pre Evacuate Collection Set: 0.36ms
[596.634s][info][gc,phases      ] GC(1370)   Merge Heap Roots: 0.69ms
[596.634s][info][gc,phases      ] GC(1370)   Evacuate Collection Set: 83.35ms
[596.634s][info][gc,phases      ] GC(1370)   Post Evacuate Collection Set: 0.71ms
[596.634s][info][gc,phases      ] GC(1370)   Other: 0.09ms
[596.634s][info][gc,heap        ] GC(1370) Eden regions: 282->0(244)
[596.634s][info][gc,heap        ] GC(1370) Survivor regions: 14->37(37)
[596.634s][info][gc,heap        ] GC(1370) Old regions: 608->600
[596.634s][info][gc,heap        ] GC(1370) Humongous regions: 10->10
[596.634s][info][gc,metaspace   ] GC(1370) Metaspace: 19135K(19264K)->19135K(19264K) NonClass: 17305K(17408K)->17305K(17408K) Class: 1829K(1856K)->1829K(1856K)
[596.634s][info][gc             ] GC(1370) Pause Young (Mixed) (G1 Evacuation Pause) 913M->646M(978M) 85.477ms
[596.634s][info][gc,cpu         ] GC(1370) User=0.17s Sys=0.00s Real=0.08s
[596.865s][info][gc,start       ] GC(1371) Pause Young (Concurrent Start) (G1 Evacuation Pause)
[596.865s][info][gc,task        ] GC(1371) Using 2 workers of 2 for evacuation
[596.972s][info][gc,phases      ] GC(1371)   Pre Evacuate Collection Set: 0.37ms
[596.973s][info][gc,phases      ] GC(1371)   Merge Heap Roots: 0.46ms
[596.973s][info][gc,phases      ] GC(1371)   Evacuate Collection Set: 105.30ms
[596.973s][info][gc,phases      ] GC(1371)   Post Evacuate Collection Set: 0.63ms
[596.973s][info][gc,phases      ] GC(1371)   Other: 0.21ms
[596.973s][info][gc,heap        ] GC(1371) Eden regions: 244->0(208)
[596.973s][info][gc,heap        ] GC(1371) Survivor regions: 37->36(36)
[596.973s][info][gc,heap        ] GC(1371) Old regions: 600->638
[596.973s][info][gc,heap        ] GC(1371) Humongous regions: 10->10
[596.973s][info][gc,metaspace   ] GC(1371) Metaspace: 19135K(19264K)->19135K(19264K) NonClass: 17305K(17408K)->17305K(17408K) Class: 1829K(1856K)->1829K(1856K)
[596.973s][info][gc             ] GC(1371) Pause Young (Concurrent Start) (G1 Evacuation Pause) 890M->683M(978M) 107.277ms
[596.973s][info][gc             ] GC(1372) Concurrent Mark Cycle
[596.973s][info][gc,marking     ] GC(1372) Concurrent Scan Root Regions
[596.973s][info][gc,cpu         ] GC(1371) User=0.21s Sys=0.00s Real=0.10s
[597.104s][info][gc,marking     ] GC(1372) Concurrent Scan Root Regions 131.087ms
[597.104s][info][gc,marking     ] GC(1372) Concurrent Mark
[597.104s][info][gc,marking     ] GC(1372) Concurrent Mark From Roots
[597.104s][info][gc,task        ] GC(1372) Using 1 workers of 1 for marking
[597.281s][info][gc,start       ] GC(1373) Pause Young (Normal) (G1 Evacuation Pause)
[597.282s][info][gc,task        ] GC(1373) Using 2 workers of 2 for evacuation
[597.376s][info][gc,phases      ] GC(1373)   Pre Evacuate Collection Set: 0.31ms
[597.376s][info][gc,phases      ] GC(1373)   Merge Heap Roots: 0.33ms
[597.376s][info][gc,phases      ] GC(1373)   Evacuate Collection Set: 92.92ms
[597.376s][info][gc,phases      ] GC(1373)   Post Evacuate Collection Set: 0.53ms
[597.376s][info][gc,phases      ] GC(1373)   Other: 0.09ms
[597.376s][info][gc,heap        ] GC(1373) Eden regions: 208->0(173)
[597.376s][info][gc,heap        ] GC(1373) Survivor regions: 36->31(31)
[597.376s][info][gc,heap        ] GC(1373) Old regions: 638->683
[597.376s][info][gc,heap        ] GC(1373) Humongous regions: 10->10
[597.376s][info][gc,metaspace   ] GC(1373) Metaspace: 19135K(19264K)->19135K(19264K) NonClass: 17305K(17408K)->17305K(17408K) Class: 1829K(1856K)->1829K(1856K)
[597.376s][info][gc             ] GC(1373) Pause Young (Normal) (G1 Evacuation Pause) 891M->723M(978M) 94.467ms
[597.376s][info][gc,cpu         ] GC(1373) User=0.18s Sys=0.01s Real=0.10s
[597.519s][info][gc,start       ] GC(1374) Pause Young (Normal) (G1 Evacuation Pause)
[597.519s][info][gc,task        ] GC(1374) Using 2 workers of 2 for evacuation
[597.567s][info][gc,phases      ] GC(1374)   Pre Evacuate Collection Set: 0.60ms
[597.567s][info][gc,phases      ] GC(1374)   Merge Heap Roots: 0.24ms
[597.567s][info][gc,phases      ] GC(1374)   Evacuate Collection Set: 46.42ms
[597.567s][info][gc,phases      ] GC(1374)   Post Evacuate Collection Set: 0.48ms
[597.567s][info][gc,phases      ] GC(1374)   Other: 0.11ms
[597.567s][info][gc,heap        ] GC(1374) Eden regions: 173->0(183)
[597.567s][info][gc,heap        ] GC(1374) Survivor regions: 31->8(26)
[597.567s][info][gc,heap        ] GC(1374) Old regions: 683->714
[597.567s][info][gc,heap        ] GC(1374) Humongous regions: 10->10
[597.567s][info][gc,metaspace   ] GC(1374) Metaspace: 19135K(19264K)->19135K(19264K) NonClass: 17305K(17408K)->17305K(17408K) Class: 1829K(1856K)->1829K(1856K)
[597.567s][info][gc             ] GC(1374) Pause Young (Normal) (G1 Evacuation Pause) 896M->731M(978M) 48.125ms
[597.568s][info][gc,cpu         ] GC(1374) User=0.10s Sys=0.00s Real=0.05s
[597.764s][info][gc,start       ] GC(1375) Pause Young (Normal) (G1 Evacuation Pause)
[597.764s][info][gc,task        ] GC(1375) Using 2 workers of 2 for evacuation
[597.789s][info][gc,phases      ] GC(1375)   Pre Evacuate Collection Set: 0.30ms
[597.789s][info][gc,phases      ] GC(1375)   Merge Heap Roots: 0.47ms
[597.789s][info][gc,phases      ] GC(1375)   Evacuate Collection Set: 23.73ms
[597.789s][info][gc,phases      ] GC(1375)   Post Evacuate Collection Set: 0.47ms
[597.789s][info][gc,phases      ] GC(1375)   Other: 0.10ms
[597.790s][info][gc,heap        ] GC(1375) Eden regions: 183->0(178)
[597.790s][info][gc,heap        ] GC(1375) Survivor regions: 8->13(24)
[597.790s][info][gc,heap        ] GC(1375) Old regions: 714->714
[597.790s][info][gc,heap        ] GC(1375) Humongous regions: 10->10
[597.790s][info][gc,metaspace   ] GC(1375) Metaspace: 19135K(19264K)->19135K(19264K) NonClass: 17305K(17408K)->17305K(17408K) Class: 1829K(1856K)->1829K(1856K)
[597.790s][info][gc             ] GC(1375) Pause Young (Normal) (G1 Evacuation Pause) 914M->736M(978M) 25.338ms
[597.790s][info][gc,cpu         ] GC(1375) User=0.05s Sys=0.00s Real=0.02s
[598.027s][info][gc,start       ] GC(1376) Pause Young (Normal) (G1 Evacuation Pause)
[598.027s][info][gc,task        ] GC(1376) Using 2 workers of 2 for evacuation
[598.055s][info][gc,phases      ] GC(1376)   Pre Evacuate Collection Set: 0.31ms
[598.055s][info][gc,phases      ] GC(1376)   Merge Heap Roots: 0.33ms
[598.055s][info][gc,phases      ] GC(1376)   Evacuate Collection Set: 26.58ms
[598.055s][info][gc,phases      ] GC(1376)   Post Evacuate Collection Set: 0.47ms
[598.055s][info][gc,phases      ] GC(1376)   Other: 0.08ms
[598.055s][info][gc,heap        ] GC(1376) Eden regions: 178->0(176)
[598.055s][info][gc,heap        ] GC(1376) Survivor regions: 13->14(24)
[598.055s][info][gc,heap        ] GC(1376) Old regions: 714->714
[598.055s][info][gc,heap        ] GC(1376) Humongous regions: 10->10
[598.055s][info][gc,metaspace   ] GC(1376) Metaspace: 19135K(19264K)->19135K(19264K) NonClass: 17305K(17408K)->17305K(17408K) Class: 1829K(1856K)->1829K(1856K)
[598.055s][info][gc             ] GC(1376) Pause Young (Normal) (G1 Evacuation Pause) 914M->737M(978M) 28.049ms
[598.055s][info][gc,cpu         ] GC(1376) User=0.05s Sys=0.00s Real=0.03s
[598.237s][info][gc,start       ] GC(1377) Pause Young (Normal) (G1 Evacuation Pause)
[598.237s][info][gc,task        ] GC(1377) Using 2 workers of 2 for evacuation
[598.274s][info][gc,phases      ] GC(1377)   Pre Evacuate Collection Set: 0.30ms
[598.274s][info][gc,phases      ] GC(1377)   Merge Heap Roots: 0.33ms
[598.274s][info][gc,phases      ] GC(1377)   Evacuate Collection Set: 34.99ms
[598.274s][info][gc,phases      ] GC(1377)   Post Evacuate Collection Set: 0.48ms
[598.274s][info][gc,phases      ] GC(1377)   Other: 0.08ms
[598.274s][info][gc,heap        ] GC(1377) Eden regions: 176->0(169)
[598.274s][info][gc,heap        ] GC(1377) Survivor regions: 14->14(24)
[598.274s][info][gc,heap        ] GC(1377) Old regions: 714->721
[598.274s][info][gc,heap        ] GC(1377) Humongous regions: 10->10
[598.274s][info][gc,metaspace   ] GC(1377) Metaspace: 19135K(19264K)->19135K(19264K) NonClass: 17305K(17408K)->17305K(17408K) Class: 1829K(1856K)->1829K(1856K)
[598.274s][info][gc             ] GC(1377) Pause Young (Normal) (G1 Evacuation Pause) 913M->744M(978M) 36.437ms
[598.274s][info][gc,cpu         ] GC(1377) User=0.07s Sys=0.00s Real=0.03s
[598.464s][info][gc,start       ] GC(1378) Pause Young (Normal) (G1 Evacuation Pause)
[598.464s][info][gc,task        ] GC(1378) Using 2 workers of 2 for evacuation
[598.493s][info][gc,phases      ] GC(1378)   Pre Evacuate Collection Set: 0.56ms
[598.493s][info][gc,phases      ] GC(1378)   Merge Heap Roots: 0.24ms
[598.493s][info][gc,phases      ] GC(1378)   Evacuate Collection Set: 27.58ms
[598.493s][info][gc,phases      ] GC(1378)   Post Evacuate Collection Set: 0.47ms
[598.493s][info][gc,phases      ] GC(1378)   Other: 0.10ms
[598.494s][info][gc,heap        ] GC(1378) Eden regions: 169->0(158)
[598.494s][info][gc,heap        ] GC(1378) Survivor regions: 14->17(23)
[598.494s][info][gc,heap        ] GC(1378) Old regions: 721->726
[598.494s][info][gc,heap        ] GC(1378) Humongous regions: 10->10
[598.494s][info][gc,metaspace   ] GC(1378) Metaspace: 19135K(19264K)->19135K(19264K) NonClass: 17305K(17408K)->17305K(17408K) Class: 1829K(1856K)->1829K(1856K)
[598.494s][info][gc             ] GC(1378) Pause Young (Normal) (G1 Evacuation Pause) 913M->752M(978M) 29.214ms
[598.494s][info][gc,cpu         ] GC(1378) User=0.05s Sys=0.00s Real=0.02s
[598.844s][info][gc,start       ] GC(1379) Pause Young (Normal) (G1 Evacuation Pause)
[598.844s][info][gc,task        ] GC(1379) Using 2 workers of 2 for evacuation
[598.880s][info][gc,phases      ] GC(1379)   Pre Evacuate Collection Set: 0.32ms
[598.880s][info][gc,phases      ] GC(1379)   Merge Heap Roots: 0.33ms
[598.880s][info][gc,phases      ] GC(1379)   Evacuate Collection Set: 34.07ms
[598.880s][info][gc,phases      ] GC(1379)   Post Evacuate Collection Set: 0.45ms
[598.880s][info][gc,phases      ] GC(1379)   Other: 0.08ms
[598.880s][info][gc,heap        ] GC(1379) Eden regions: 158->0(146)
[598.880s][info][gc,heap        ] GC(1379) Survivor regions: 17->18(22)
[598.880s][info][gc,heap        ] GC(1379) Old regions: 726->736
[598.880s][info][gc,heap        ] GC(1379) Humongous regions: 10->10
[598.880s][info][gc,metaspace   ] GC(1379) Metaspace: 19135K(19264K)->19135K(19264K) NonClass: 17305K(17408K)->17305K(17408K) Class: 1829K(1856K)->1829K(1856K)
[598.880s][info][gc             ] GC(1379) Pause Young (Normal) (G1 Evacuation Pause) 910M->762M(978M) 35.497ms
[598.880s][info][gc,cpu         ] GC(1379) User=0.07s Sys=0.00s Real=0.03s
[598.994s][info][gc,marking     ] GC(1372) Concurrent Mark From Roots 1889.879ms
[598.994s][info][gc,marking     ] GC(1372) Concurrent Preclean
[598.994s][info][gc,marking     ] GC(1372) Concurrent Preclean 0.057ms
[598.994s][info][gc,start       ] GC(1372) Pause Remark
[599.003s][info][gc             ] GC(1372) Pause Remark 816M->742M(978M) 8.923ms
[599.003s][info][gc,cpu         ] GC(1372) User=0.01s Sys=0.00s Real=0.01s
[599.003s][info][gc,marking     ] GC(1372) Concurrent Mark 1899.167ms
[599.003s][info][gc,marking     ] GC(1372) Concurrent Rebuild Remembered Sets and Scrub Regions
[599.474s][info][gc,start       ] GC(1380) Pause Young (Normal) (G1 Evacuation Pause)
[599.474s][info][gc,task        ] GC(1380) Using 2 workers of 2 for evacuation
[599.505s][info][gc,phases      ] GC(1380)   Pre Evacuate Collection Set: 0.32ms
[599.505s][info][gc,phases      ] GC(1380)   Merge Heap Roots: 0.24ms
[599.505s][info][gc,phases      ] GC(1380)   Evacuate Collection Set: 29.74ms
[599.505s][info][gc,phases      ] GC(1380)   Post Evacuate Collection Set: 0.44ms
[599.505s][info][gc,phases      ] GC(1380)   Other: 0.10ms
[599.505s][info][gc,heap        ] GC(1380) Eden regions: 146->0(213)
[599.505s][info][gc,heap        ] GC(1380) Survivor regions: 18->18(21)
[599.505s][info][gc,heap        ] GC(1380) Old regions: 665->672
[599.505s][info][gc,heap        ] GC(1380) Humongous regions: 7->7
[599.505s][info][gc,metaspace   ] GC(1380) Metaspace: 19135K(19264K)->19135K(19264K) NonClass: 17305K(17408K)->17305K(17408K) Class: 1829K(1856K)->1829K(1856K)
[599.505s][info][gc             ] GC(1380) Pause Young (Normal) (G1 Evacuation Pause) 834M->696M(978M) 31.093ms
[599.505s][info][gc,cpu         ] GC(1380) User=0.06s Sys=0.00s Real=0.04s
[599.715s][info][gc,marking     ] GC(1372) Concurrent Rebuild Remembered Sets and Scrub Regions 712.178ms
[599.715s][info][gc,start       ] GC(1372) Pause Cleanup
[599.716s][info][gc             ] GC(1372) Pause Cleanup 786M->786M(978M) 0.155ms
[599.716s][info][gc,cpu         ] GC(1372) User=0.00s Sys=0.00s Real=0.00s
[599.716s][info][gc,marking     ] GC(1372) Concurrent Clear Claimed Marks
[599.716s][info][gc,marking     ] GC(1372) Concurrent Clear Claimed Marks 0.036ms
[599.716s][info][gc,marking     ] GC(1372) Concurrent Cleanup for Next Mark
[599.721s][info][gc,marking     ] GC(1372) Concurrent Cleanup for Next Mark 5.006ms
[599.721s][info][gc             ] GC(1372) Concurrent Mark Cycle 2748.248ms
[599.944s][info][gc,start       ] GC(1381) Pause Young (Prepare Mixed) (G1 Evacuation Pause)
[599.944s][info][gc,task        ] GC(1381) Using 2 workers of 2 for evacuation
[599.981s][info][gc,phases      ] GC(1381)   Pre Evacuate Collection Set: 0.31ms
[599.981s][info][gc,phases      ] GC(1381)   Merge Heap Roots: 0.27ms
[599.981s][info][gc,phases      ] GC(1381)   Evacuate Collection Set: 34.88ms
[599.981s][info][gc,phases      ] GC(1381)   Post Evacuate Collection Set: 0.54ms
[599.981s][info][gc,phases      ] GC(1381)   Other: 0.12ms
[599.981s][info][gc,heap        ] GC(1381) Eden regions: 213->0(205)
[599.981s][info][gc,heap        ] GC(1381) Survivor regions: 18->17(29)
[599.981s][info][gc,heap        ] GC(1381) Old regions: 672->682
[599.981s][info][gc,heap        ] GC(1381) Humongous regions: 7->7
[599.981s][info][gc,metaspace   ] GC(1381) Metaspace: 19135K(19264K)->19135K(19264K) NonClass: 17305K(17408K)->17305K(17408K) Class: 1829K(1856K)->1829K(1856K)
[599.981s][info][gc             ] GC(1381) Pause Young (Prepare Mixed) (G1 Evacuation Pause) 909M->705M(978M) 36.433ms
[599.981s][info][gc,cpu         ] GC(1381) User=0.08s Sys=0.00s Real=0.03s
[600.285s][info][gc,start       ] GC(1382) Pause Young (Mixed) (G1 Evacuation Pause)
[600.285s][info][gc,task        ] GC(1382) Using 2 workers of 2 for evacuation
[600.444s][info][gc,phases      ] GC(1382)   Pre Evacuate Collection Set: 0.39ms
[600.444s][info][gc,phases      ] GC(1382)   Merge Heap Roots: 1.09ms
[600.444s][info][gc,phases      ] GC(1382)   Evacuate Collection Set: 144.31ms
[600.444s][info][gc,phases      ] GC(1382)   Post Evacuate Collection Set: 13.23ms
[600.444s][info][gc,phases      ] GC(1382)   Other: 0.12ms
[600.444s][info][gc,heap        ] GC(1382) Eden regions: 205->0(92)
[600.444s][info][gc,heap        ] GC(1382) Survivor regions: 17->28(28)
[600.444s][info][gc,heap        ] GC(1382) Old regions: 682->773
[600.444s][info][gc,heap        ] GC(1382) Humongous regions: 7->7
[600.444s][info][gc,metaspace   ] GC(1382) Metaspace: 19135K(19264K)->19135K(19264K) NonClass: 17305K(17408K)->17305K(17408K) Class: 1829K(1856K)->1829K(1856K)
[600.444s][info][gc             ] GC(1382) Pause Young (Mixed) (G1 Evacuation Pause) (Evacuation Failure: Allocation) 910M->807M(978M) 159.444ms
[600.444s][info][gc,cpu         ] GC(1382) User=0.32s Sys=0.00s Real=0.15s
[600.635s][info][gc,start       ] GC(1383) Pause Young (Concurrent Start) (G1 Evacuation Pause)
[600.635s][info][gc,task        ] GC(1383) Using 2 workers of 2 for evacuation
[600.718s][info][gc,phases      ] GC(1383)   Pre Evacuate Collection Set: 0.41ms
[600.718s][info][gc,phases      ] GC(1383)   Merge Heap Roots: 0.40ms
[600.718s][info][gc,phases      ] GC(1383)   Evacuate Collection Set: 80.76ms
[600.718s][info][gc,phases      ] GC(1383)   Post Evacuate Collection Set: 0.61ms
[600.718s][info][gc,phases      ] GC(1383)   Other: 0.14ms
[600.718s][info][gc,heap        ] GC(1383) Eden regions: 92->0(169)
[600.718s][info][gc,heap        ] GC(1383) Survivor regions: 28->15(15)
[600.718s][info][gc,heap        ] GC(1383) Old regions: 773->710
[600.718s][info][gc,heap        ] GC(1383) Humongous regions: 7->7
[600.718s][info][gc,metaspace   ] GC(1383) Metaspace: 19135K(19264K)->19135K(19264K) NonClass: 17305K(17408K)->17305K(17408K) Class: 1829K(1856K)->1829K(1856K)
[600.718s][info][gc             ] GC(1383) Pause Young (Concurrent Start) (G1 Evacuation Pause) 899M->731M(978M) 82.631ms
[600.718s][info][gc             ] GC(1384) Concurrent Mark Cycle
[600.718s][info][gc,marking     ] GC(1384) Concurrent Scan Root Regions
[600.718s][info][gc,cpu         ] GC(1383) User=0.16s Sys=0.00s Real=0.08s
[600.825s][info][gc,marking     ] GC(1384) Concurrent Scan Root Regions 107.557ms
[600.825s][info][gc,marking     ] GC(1384) Concurrent Mark
[600.825s][info][gc,marking     ] GC(1384) Concurrent Mark From Roots
[600.825s][info][gc,task        ] GC(1384) Using 1 workers of 1 for marking
[601.135s][info][gc,start       ] GC(1385) Pause Young (Normal) (G1 Evacuation Pause)
[601.135s][info][gc,task        ] GC(1385) Using 2 workers of 2 for evacuation
[601.153s][info][gc,phases      ] GC(1385)   Pre Evacuate Collection Set: 0.35ms
[601.153s][info][gc,phases      ] GC(1385)   Merge Heap Roots: 0.21ms
[601.153s][info][gc,phases      ] GC(1385)   Evacuate Collection Set: 16.85ms
[601.153s][info][gc,phases      ] GC(1385)   Post Evacuate Collection Set: 0.46ms
[601.153s][info][gc,phases      ] GC(1385)   Other: 0.10ms
[601.153s][info][gc,heap        ] GC(1385) Eden regions: 169->0(177)
[601.153s][info][gc,heap        ] GC(1385) Survivor regions: 15->1(23)
[601.153s][info][gc,heap        ] GC(1385) Old regions: 710->725
[601.153s][info][gc,heap        ] GC(1385) Humongous regions: 7->7
[601.153s][info][gc,metaspace   ] GC(1385) Metaspace: 19135K(19264K)->19135K(19264K) NonClass: 17305K(17408K)->17305K(17408K) Class: 1829K(1856K)->1829K(1856K)
[601.153s][info][gc             ] GC(1385) Pause Young (Normal) (G1 Evacuation Pause) 900M->732M(978M) 18.255ms
[601.153s][info][gc,cpu         ] GC(1385) User=0.03s Sys=0.00s Real=0.01s
[601.699s][info][gc,start       ] GC(1386) Pause Young (Normal) (G1 Evacuation Pause)
[601.699s][info][gc,task        ] GC(1386) Using 2 workers of 2 for evacuation
[601.704s][info][gc,phases      ] GC(1386)   Pre Evacuate Collection Set: 0.56ms
[601.704s][info][gc,phases      ] GC(1386)   Merge Heap Roots: 0.15ms
[601.704s][info][gc,phases      ] GC(1386)   Evacuate Collection Set: 4.36ms
[601.704s][info][gc,phases      ] GC(1386)   Post Evacuate Collection Set: 0.46ms
[601.705s][info][gc,phases      ] GC(1386)   Other: 0.12ms
[601.705s][info][gc,heap        ] GC(1386) Eden regions: 177->0(184)
[601.705s][info][gc,heap        ] GC(1386) Survivor regions: 1->2(23)
[601.705s][info][gc,heap        ] GC(1386) Old regions: 725->725
[601.705s][info][gc,heap        ] GC(1386) Humongous regions: 7->7
[601.705s][info][gc,metaspace   ] GC(1386) Metaspace: 19135K(19264K)->19135K(19264K) NonClass: 17305K(17408K)->17305K(17408K) Class: 1829K(1856K)->1829K(1856K)
[601.705s][info][gc             ] GC(1386) Pause Young (Normal) (G1 Evacuation Pause) 909M->733M(978M) 5.901ms
[601.705s][info][gc,cpu         ] GC(1386) User=0.01s Sys=0.00s Real=0.01s
[602.125s][info][gc,start       ] GC(1387) Pause Young (Normal) (G1 Evacuation Pause)
[602.125s][info][gc,task        ] GC(1387) Using 2 workers of 2 for evacuation
[602.133s][info][gc,phases      ] GC(1387)   Pre Evacuate Collection Set: 0.36ms
[602.133s][info][gc,phases      ] GC(1387)   Merge Heap Roots: 0.16ms
[602.133s][info][gc,phases      ] GC(1387)   Evacuate Collection Set: 6.75ms
[602.133s][info][gc,phases      ] GC(1387)   Post Evacuate Collection Set: 0.47ms
[602.133s][info][gc,phases      ] GC(1387)   Other: 0.09ms
[602.133s][info][gc,heap        ] GC(1387) Eden regions: 184->0(190)
[602.133s][info][gc,heap        ] GC(1387) Survivor regions: 2->3(24)
[602.133s][info][gc,heap        ] GC(1387) Old regions: 725->725
[602.133s][info][gc,heap        ] GC(1387) Humongous regions: 7->7
[602.133s][info][gc,metaspace   ] GC(1387) Metaspace: 19135K(19264K)->19135K(19264K) NonClass: 17306K(17408K)->17306K(17408K) Class: 1829K(1856K)->1829K(1856K)
[602.133s][info][gc             ] GC(1387) Pause Young (Normal) (G1 Evacuation Pause) 917M->734M(978M) 8.151ms
[602.133s][info][gc,cpu         ] GC(1387) User=0.01s Sys=0.00s Real=0.00s
[602.398s][info][gc,start       ] GC(1388) Pause Young (Normal) (G1 Evacuation Pause)
[602.398s][info][gc,task        ] GC(1388) Using 2 workers of 2 for evacuation
[602.411s][info][gc,phases      ] GC(1388)   Pre Evacuate Collection Set: 0.58ms
[602.411s][info][gc,phases      ] GC(1388)   Merge Heap Roots: 0.24ms
[602.411s][info][gc,phases      ] GC(1388)   Evacuate Collection Set: 11.53ms
[602.411s][info][gc,phases      ] GC(1388)   Post Evacuate Collection Set: 0.55ms
[602.411s][info][gc,phases      ] GC(1388)   Other: 0.12ms
[602.411s][info][gc,heap        ] GC(1388) Eden regions: 190->0(188)
[602.411s][info][gc,heap        ] GC(1388) Survivor regions: 3->4(25)
[602.411s][info][gc,heap        ] GC(1388) Old regions: 725->725
[602.411s][info][gc,heap        ] GC(1388) Humongous regions: 7->7
[602.411s][info][gc,metaspace   ] GC(1388) Metaspace: 19135K(19264K)->19135K(19264K) NonClass: 17306K(17408K)->17306K(17408K) Class: 1829K(1856K)->1829K(1856K)
[602.411s][info][gc             ] GC(1388) Pause Young (Normal) (G1 Evacuation Pause) 924M->735M(978M) 13.286ms
[602.411s][info][gc,cpu         ] GC(1388) User=0.02s Sys=0.00s Real=0.01s
[603.084s][info][gc,marking     ] GC(1384) Concurrent Mark From Roots 2258.696ms
[603.084s][info][gc,marking     ] GC(1384) Concurrent Preclean
[603.084s][info][gc,marking     ] GC(1384) Concurrent Preclean 0.060ms
[603.084s][info][gc,start       ] GC(1384) Pause Remark
[603.094s][info][gc             ] GC(1384) Pause Remark 911M->911M(978M) 9.081ms
[603.094s][info][gc,cpu         ] GC(1384) User=0.01s Sys=0.00s Real=0.00s
[603.094s][info][gc,marking     ] GC(1384) Concurrent Mark 2268.783ms
[603.094s][info][gc,marking     ] GC(1384) Concurrent Rebuild Remembered Sets and Scrub Regions
[603.155s][info][gc,start       ] GC(1389) Pause Young (Normal) (G1 Evacuation Pause)
[603.155s][info][gc,task        ] GC(1389) Using 2 workers of 2 for evacuation
[603.202s][info][gc,phases      ] GC(1389)   Pre Evacuate Collection Set: 0.58ms
[603.202s][info][gc,phases      ] GC(1389)   Merge Heap Roots: 0.48ms
[603.202s][info][gc,phases      ] GC(1389)   Evacuate Collection Set: 45.15ms
[603.202s][info][gc,phases      ] GC(1389)   Post Evacuate Collection Set: 0.58ms
[603.202s][info][gc,phases      ] GC(1389)   Other: 0.08ms
[603.202s][info][gc,heap        ] GC(1389) Eden regions: 188->0(153)
[603.202s][info][gc,heap        ] GC(1389) Survivor regions: 4->20(24)
[603.202s][info][gc,heap        ] GC(1389) Old regions: 725->725
[603.202s][info][gc,heap        ] GC(1389) Humongous regions: 10->10
[603.202s][info][gc,metaspace   ] GC(1389) Metaspace: 19135K(19264K)->19135K(19264K) NonClass: 17306K(17408K)->17306K(17408K) Class: 1829K(1856K)->1829K(1856K)
[603.202s][info][gc             ] GC(1389) Pause Young (Normal) (G1 Evacuation Pause) 926M->754M(978M) 47.110ms
[603.202s][info][gc,cpu         ] GC(1389) User=0.10s Sys=0.00s Real=0.04s
[603.506s][info][gc,start       ] GC(1390) Pause Young (Normal) (G1 Evacuation Pause)
[603.506s][info][gc,task        ] GC(1390) Using 2 workers of 2 for evacuation
[603.580s][info][gc,phases      ] GC(1390)   Pre Evacuate Collection Set: 0.31ms
[603.580s][info][gc,phases      ] GC(1390)   Merge Heap Roots: 0.43ms
[603.580s][info][gc,phases      ] GC(1390)   Evacuate Collection Set: 72.46ms
[603.580s][info][gc,phases      ] GC(1390)   Post Evacuate Collection Set: 0.52ms
[603.580s][info][gc,phases      ] GC(1390)   Other: 0.09ms
[603.580s][info][gc,heap        ] GC(1390) Eden regions: 153->0(126)
[603.580s][info][gc,heap        ] GC(1390) Survivor regions: 20->22(22)
[603.580s][info][gc,heap        ] GC(1390) Old regions: 725->748
[603.580s][info][gc,heap        ] GC(1390) Humongous regions: 10->10
[603.580s][info][gc,metaspace   ] GC(1390) Metaspace: 19135K(19264K)->19135K(19264K) NonClass: 17306K(17408K)->17306K(17408K) Class: 1829K(1856K)->1829K(1856K)
[603.580s][info][gc             ] GC(1390) Pause Young (Normal) (G1 Evacuation Pause) 907M->779M(978M) 74.104ms
[603.580s][info][gc,cpu         ] GC(1390) User=0.14s Sys=0.00s Real=0.07s
[603.859s][info][gc,start       ] GC(1391) Pause Young (Normal) (G1 Evacuation Pause)
[603.859s][info][gc,task        ] GC(1391) Using 2 workers of 2 for evacuation
[603.904s][info][gc,phases      ] GC(1391)   Pre Evacuate Collection Set: 0.58ms
[603.904s][info][gc,phases      ] GC(1391)   Merge Heap Roots: 0.18ms
[603.904s][info][gc,phases      ] GC(1391)   Evacuate Collection Set: 43.84ms
[603.904s][info][gc,phases      ] GC(1391)   Post Evacuate Collection Set: 0.42ms
[603.904s][info][gc,phases      ] GC(1391)   Other: 0.11ms
[603.904s][info][gc,heap        ] GC(1391) Eden regions: 126->0(122)
[603.904s][info][gc,heap        ] GC(1391) Survivor regions: 22->13(19)
[603.904s][info][gc,heap        ] GC(1391) Old regions: 748->770
[603.904s][info][gc,heap        ] GC(1391) Humongous regions: 10->10
[603.904s][info][gc,metaspace   ] GC(1391) Metaspace: 19135K(19264K)->19135K(19264K) NonClass: 17306K(17408K)->17306K(17408K) Class: 1829K(1856K)->1829K(1856K)
[603.904s][info][gc             ] GC(1391) Pause Young (Normal) (G1 Evacuation Pause) 905M->792M(978M) 45.415ms
[603.904s][info][gc,cpu         ] GC(1391) User=0.09s Sys=0.01s Real=0.04s
[604.106s][info][gc,start       ] GC(1392) Pause Young (Normal) (G1 Evacuation Pause)
[604.106s][info][gc,task        ] GC(1392) Using 2 workers of 2 for evacuation
[604.131s][info][gc,phases      ] GC(1392)   Pre Evacuate Collection Set: 0.32ms
[604.131s][info][gc,phases      ] GC(1392)   Merge Heap Roots: 0.24ms
[604.131s][info][gc,phases      ] GC(1392)   Evacuate Collection Set: 23.71ms
[604.131s][info][gc,phases      ] GC(1392)   Post Evacuate Collection Set: 0.42ms
[604.131s][info][gc,phases      ] GC(1392)   Other: 0.08ms
[604.131s][info][gc,heap        ] GC(1392) Eden regions: 122->0(129)
[604.131s][info][gc,heap        ] GC(1392) Survivor regions: 13->3(17)
[604.131s][info][gc,heap        ] GC(1392) Old regions: 770->783
[604.131s][info][gc,heap        ] GC(1392) Humongous regions: 10->10
[604.131s][info][gc,metaspace   ] GC(1392) Metaspace: 19135K(19264K)->19135K(19264K) NonClass: 17306K(17408K)->17306K(17408K) Class: 1829K(1856K)->1829K(1856K)
[604.131s][info][gc             ] GC(1392) Pause Young (Normal) (G1 Evacuation Pause) 914M->795M(978M) 25.056ms
[604.131s][info][gc,cpu         ] GC(1392) User=0.05s Sys=0.00s Real=0.02s
[604.161s][info][gc,marking     ] GC(1384) Concurrent Rebuild Remembered Sets and Scrub Regions 1066.947ms
[604.161s][info][gc,start       ] GC(1384) Pause Cleanup
[604.162s][info][gc             ] GC(1384) Pause Cleanup 817M->817M(978M) 0.148ms
[604.162s][info][gc,cpu         ] GC(1384) User=0.00s Sys=0.00s Real=0.00s
[604.162s][info][gc,marking     ] GC(1384) Concurrent Clear Claimed Marks
[604.162s][info][gc,marking     ] GC(1384) Concurrent Clear Claimed Marks 0.039ms
[604.162s][info][gc,marking     ] GC(1384) Concurrent Cleanup for Next Mark
[604.169s][info][gc,marking     ] GC(1384) Concurrent Cleanup for Next Mark 7.026ms
[604.169s][info][gc             ] GC(1384) Concurrent Mark Cycle 3450.981ms
[604.306s][info][gc,start       ] GC(1393) Pause Young (Prepare Mixed) (G1 Evacuation Pause)
[604.306s][info][gc,task        ] GC(1393) Using 2 workers of 2 for evacuation
[604.321s][info][gc,phases      ] GC(1393)   Pre Evacuate Collection Set: 0.57ms
[604.321s][info][gc,phases      ] GC(1393)   Merge Heap Roots: 0.20ms
[604.321s][info][gc,phases      ] GC(1393)   Evacuate Collection Set: 13.81ms
[604.321s][info][gc,phases      ] GC(1393)   Post Evacuate Collection Set: 0.44ms
[604.321s][info][gc,phases      ] GC(1393)   Other: 0.11ms
[604.321s][info][gc,heap        ] GC(1393) Eden regions: 129->0(123)
[604.321s][info][gc,heap        ] GC(1393) Survivor regions: 3->6(17)
[604.321s][info][gc,heap        ] GC(1393) Old regions: 783->783
[604.321s][info][gc,heap        ] GC(1393) Humongous regions: 10->10
[604.321s][info][gc,metaspace   ] GC(1393) Metaspace: 19135K(19264K)->19135K(19264K) NonClass: 17306K(17408K)->17306K(17408K) Class: 1829K(1856K)->1829K(1856K)
[604.321s][info][gc             ] GC(1393) Pause Young (Prepare Mixed) (G1 Evacuation Pause) 924M->798M(978M) 15.413ms
[604.321s][info][gc,cpu         ] GC(1393) User=0.03s Sys=0.00s Real=0.01s
[604.424s][info][gc,start       ] GC(1394) Pause Young (Mixed) (G1 Evacuation Pause)
[604.424s][info][gc,task        ] GC(1394) Using 2 workers of 2 for evacuation
[604.475s][info][gc,phases      ] GC(1394)   Pre Evacuate Collection Set: 0.59ms
[604.475s][info][gc,phases      ] GC(1394)   Merge Heap Roots: 0.37ms
[604.475s][info][gc,phases      ] GC(1394)   Evacuate Collection Set: 50.13ms
[604.475s][info][gc,phases      ] GC(1394)   Post Evacuate Collection Set: 0.50ms
[604.475s][info][gc,phases      ] GC(1394)   Other: 0.08ms
[604.475s][info][gc,heap        ] GC(1394) Eden regions: 123->0(129)
[604.475s][info][gc,heap        ] GC(1394) Survivor regions: 6->7(17)
[604.476s][info][gc,heap        ] GC(1394) Old regions: 783->775
[604.476s][info][gc,heap        ] GC(1394) Humongous regions: 10->10
[604.476s][info][gc,metaspace   ] GC(1394) Metaspace: 19135K(19264K)->19135K(19264K) NonClass: 17306K(17408K)->17306K(17408K) Class: 1829K(1856K)->1829K(1856K)
[604.476s][info][gc             ] GC(1394) Pause Young (Mixed) (G1 Evacuation Pause) 921M->791M(978M) 51.925ms
[604.476s][info][gc,cpu         ] GC(1394) User=0.10s Sys=0.00s Real=0.06s
[604.553s][info][gc,start       ] GC(1395) Pause Young (Concurrent Start) (G1 Evacuation Pause)
[604.554s][info][gc,task        ] GC(1395) Using 2 workers of 2 for evacuation
[604.589s][info][gc,phases      ] GC(1395)   Pre Evacuate Collection Set: 0.44ms
[604.589s][info][gc,phases      ] GC(1395)   Merge Heap Roots: 0.17ms
[604.589s][info][gc,phases      ] GC(1395)   Evacuate Collection Set: 34.28ms
[604.589s][info][gc,phases      ] GC(1395)   Post Evacuate Collection Set: 0.49ms
[604.589s][info][gc,phases      ] GC(1395)   Other: 0.30ms
[604.589s][info][gc,heap        ] GC(1395) Eden regions: 129->0(100)
[604.589s][info][gc,heap        ] GC(1395) Survivor regions: 7->17(17)
[604.589s][info][gc,heap        ] GC(1395) Old regions: 775->784
[604.589s][info][gc,heap        ] GC(1395) Humongous regions: 10->10
[604.589s][info][gc,metaspace   ] GC(1395) Metaspace: 19135K(19264K)->19135K(19264K) NonClass: 17306K(17408K)->17306K(17408K) Class: 1829K(1856K)->1829K(1856K)
[604.589s][info][gc             ] GC(1395) Pause Young (Concurrent Start) (G1 Evacuation Pause) 920M->810M(978M) 35.936ms
[604.589s][info][gc,cpu         ] GC(1395) User=0.07s Sys=0.00s Real=0.04s
[604.589s][info][gc             ] GC(1396) Concurrent Mark Cycle
[604.589s][info][gc,marking     ] GC(1396) Concurrent Scan Root Regions
[604.651s][info][gc,marking     ] GC(1396) Concurrent Scan Root Regions 61.367ms
[604.651s][info][gc,marking     ] GC(1396) Concurrent Mark
[604.651s][info][gc,marking     ] GC(1396) Concurrent Mark From Roots
[604.651s][info][gc,task        ] GC(1396) Using 1 workers of 1 for marking
[604.800s][info][gc,start       ] GC(1397) Pause Young (Normal) (G1 Evacuation Pause)
[604.800s][info][gc,task        ] GC(1397) Using 2 workers of 2 for evacuation
[604.833s][info][gc,phases      ] GC(1397)   Pre Evacuate Collection Set: 0.57ms
[604.833s][info][gc,phases      ] GC(1397)   Merge Heap Roots: 0.17ms
[604.833s][info][gc,phases      ] GC(1397)   Evacuate Collection Set: 32.05ms
[604.833s][info][gc,phases      ] GC(1397)   Post Evacuate Collection Set: 0.38ms
[604.833s][info][gc,phases      ] GC(1397)   Other: 0.10ms
[604.833s][info][gc,heap        ] GC(1397) Eden regions: 100->0(100)
[604.833s][info][gc,heap        ] GC(1397) Survivor regions: 17->8(15)
[604.833s][info][gc,heap        ] GC(1397) Old regions: 784->802
[604.833s][info][gc,heap        ] GC(1397) Humongous regions: 10->10
[604.833s][info][gc,metaspace   ] GC(1397) Metaspace: 19135K(19264K)->19135K(19264K) NonClass: 17306K(17408K)->17306K(17408K) Class: 1829K(1856K)->1829K(1856K)
[604.833s][info][gc             ] GC(1397) Pause Young (Normal) (G1 Evacuation Pause) 910M->818M(978M) 33.558ms
[604.833s][info][gc,cpu         ] GC(1397) User=0.06s Sys=0.00s Real=0.03s
[605.117s][info][gc,start       ] GC(1398) Pause Young (Normal) (G1 Evacuation Pause)
[605.117s][info][gc,task        ] GC(1398) Using 2 workers of 2 for evacuation
[605.131s][info][gc,phases      ] GC(1398)   Pre Evacuate Collection Set: 0.62ms
[605.131s][info][gc,phases      ] GC(1398)   Merge Heap Roots: 0.10ms
[605.131s][info][gc,phases      ] GC(1398)   Evacuate Collection Set: 12.66ms
[605.131s][info][gc,phases      ] GC(1398)   Post Evacuate Collection Set: 0.41ms
[605.131s][info][gc,phases      ] GC(1398)   Other: 0.10ms
[605.131s][info][gc,heap        ] GC(1398) Eden regions: 100->0(101)
[605.131s][info][gc,heap        ] GC(1398) Survivor regions: 8->4(14)
[605.131s][info][gc,heap        ] GC(1398) Old regions: 802->809
[605.131s][info][gc,heap        ] GC(1398) Humongous regions: 10->10
[605.131s][info][gc,metaspace   ] GC(1398) Metaspace: 19135K(19264K)->19135K(19264K) NonClass: 17306K(17408K)->17306K(17408K) Class: 1829K(1856K)->1829K(1856K)
[605.131s][info][gc             ] GC(1398) Pause Young (Normal) (G1 Evacuation Pause) 918M->822M(978M) 14.146ms
[605.131s][info][gc,cpu         ] GC(1398) User=0.03s Sys=0.00s Real=0.01s
[605.392s][info][gc,start       ] GC(1399) Pause Young (Normal) (G1 Evacuation Pause)
[605.392s][info][gc,task        ] GC(1399) Using 2 workers of 2 for evacuation
[605.399s][info][gc,phases      ] GC(1399)   Pre Evacuate Collection Set: 0.31ms
[605.399s][info][gc,phases      ] GC(1399)   Merge Heap Roots: 0.13ms
[605.399s][info][gc,phases      ] GC(1399)   Evacuate Collection Set: 6.05ms
[605.399s][info][gc,phases      ] GC(1399)   Post Evacuate Collection Set: 0.38ms
[605.399s][info][gc,phases      ] GC(1399)   Other: 0.12ms
[605.400s][info][gc,heap        ] GC(1399) Eden regions: 101->0(101)
[605.400s][info][gc,heap        ] GC(1399) Survivor regions: 4->4(14)
[605.400s][info][gc,heap        ] GC(1399) Old regions: 809->809
[605.400s][info][gc,heap        ] GC(1399) Humongous regions: 10->10
[605.400s][info][gc,metaspace   ] GC(1399) Metaspace: 19135K(19264K)->19135K(19264K) NonClass: 17306K(17408K)->17306K(17408K) Class: 1829K(1856K)->1829K(1856K)
[605.400s][info][gc             ] GC(1399) Pause Young (Normal) (G1 Evacuation Pause) 923M->822M(978M) 7.232ms
[605.400s][info][gc,cpu         ] GC(1399) User=0.02s Sys=0.01s Real=0.01s
[605.878s][info][gc,start       ] GC(1400) Pause Young (Normal) (G1 Evacuation Pause)
[605.878s][info][gc,task        ] GC(1400) Using 2 workers of 2 for evacuation
[605.884s][info][gc,phases      ] GC(1400)   Pre Evacuate Collection Set: 0.32ms
[605.884s][info][gc,phases      ] GC(1400)   Merge Heap Roots: 0.10ms
[605.884s][info][gc,phases      ] GC(1400)   Evacuate Collection Set: 4.22ms
[605.884s][info][gc,phases      ] GC(1400)   Post Evacuate Collection Set: 0.37ms
[605.884s][info][gc,phases      ] GC(1400)   Other: 0.11ms
[605.884s][info][gc,heap        ] GC(1400) Eden regions: 101->0(101)
[605.884s][info][gc,heap        ] GC(1400) Survivor regions: 4->4(14)
[605.884s][info][gc,heap        ] GC(1400) Old regions: 809->809
[605.884s][info][gc,heap        ] GC(1400) Humongous regions: 10->10
[605.884s][info][gc,metaspace   ] GC(1400) Metaspace: 19138K(19264K)->19138K(19264K) NonClass: 17309K(17408K)->17309K(17408K) Class: 1829K(1856K)->1829K(1856K)
[605.884s][info][gc             ] GC(1400) Pause Young (Normal) (G1 Evacuation Pause) 923M->822M(978M) 5.413ms
[605.884s][info][gc,cpu         ] GC(1400) User=0.01s Sys=0.00s Real=0.00s
[606.269s][info][gc,start       ] GC(1401) Pause Young (Normal) (G1 Evacuation Pause)
[606.269s][info][gc,task        ] GC(1401) Using 2 workers of 2 for evacuation
[606.274s][info][gc,phases      ] GC(1401)   Pre Evacuate Collection Set: 0.58ms
[606.274s][info][gc,phases      ] GC(1401)   Merge Heap Roots: 0.10ms
[606.274s][info][gc,phases      ] GC(1401)   Evacuate Collection Set: 4.19ms
[606.274s][info][gc,phases      ] GC(1401)   Post Evacuate Collection Set: 0.38ms
[606.274s][info][gc,phases      ] GC(1401)   Other: 0.10ms
[606.274s][info][gc,heap        ] GC(1401) Eden regions: 101->0(101)
[606.274s][info][gc,heap        ] GC(1401) Survivor regions: 4->4(14)
[606.274s][info][gc,heap        ] GC(1401) Old regions: 809->809
[606.274s][info][gc,heap        ] GC(1401) Humongous regions: 10->10
[606.274s][info][gc,metaspace   ] GC(1401) Metaspace: 19138K(19264K)->19138K(19264K) NonClass: 17309K(17408K)->17309K(17408K) Class: 1829K(1856K)->1829K(1856K)
[606.274s][info][gc             ] GC(1401) Pause Young (Normal) (G1 Evacuation Pause) 923M->822M(978M) 5.601ms
[606.274s][info][gc,cpu         ] GC(1401) User=0.01s Sys=0.00s Real=0.00s
[606.614s][info][gc,start       ] GC(1402) Pause Young (Normal) (G1 Evacuation Pause)
[606.614s][info][gc,task        ] GC(1402) Using 2 workers of 2 for evacuation
[606.619s][info][gc,phases      ] GC(1402)   Pre Evacuate Collection Set: 0.32ms
[606.619s][info][gc,phases      ] GC(1402)   Merge Heap Roots: 0.10ms
[606.619s][info][gc,phases      ] GC(1402)   Evacuate Collection Set: 4.25ms
[606.619s][info][gc,phases      ] GC(1402)   Post Evacuate Collection Set: 0.39ms
[606.619s][info][gc,phases      ] GC(1402)   Other: 0.13ms
[606.619s][info][gc,heap        ] GC(1402) Eden regions: 101->0(101)
[606.619s][info][gc,heap        ] GC(1402) Survivor regions: 4->4(14)
[606.619s][info][gc,heap        ] GC(1402) Old regions: 809->809
[606.619s][info][gc,heap        ] GC(1402) Humongous regions: 10->10
[606.619s][info][gc,metaspace   ] GC(1402) Metaspace: 19138K(19264K)->19138K(19264K) NonClass: 17309K(17408K)->17309K(17408K) Class: 1829K(1856K)->1829K(1856K)
[606.619s][info][gc             ] GC(1402) Pause Young (Normal) (G1 Evacuation Pause) 923M->822M(978M) 5.460ms
[606.619s][info][gc,cpu         ] GC(1402) User=0.01s Sys=0.00s Real=0.01s
[606.839s][info][gc,marking     ] GC(1396) Concurrent Mark From Roots 2188.458ms
[606.839s][info][gc,marking     ] GC(1396) Concurrent Preclean
[606.840s][info][gc,marking     ] GC(1396) Concurrent Preclean 0.054ms
[606.840s][info][gc,start       ] GC(1396) Pause Remark
[606.849s][info][gc             ] GC(1396) Pause Remark 854M->712M(978M) 9.261ms
[606.849s][info][gc,cpu         ] GC(1396) User=0.02s Sys=0.00s Real=0.01s
[606.849s][info][gc,marking     ] GC(1396) Concurrent Mark 2198.115ms
[606.849s][info][gc,marking     ] GC(1396) Concurrent Rebuild Remembered Sets and Scrub Regions
[607.403s][info][gc,marking     ] GC(1396) Concurrent Rebuild Remembered Sets and Scrub Regions 553.552ms
[607.403s][info][gc,start       ] GC(1396) Pause Cleanup
[607.403s][info][gc             ] GC(1396) Pause Cleanup 739M->739M(978M) 0.142ms
[607.403s][info][gc,cpu         ] GC(1396) User=0.00s Sys=0.00s Real=0.00s
[607.404s][info][gc,marking     ] GC(1396) Concurrent Clear Claimed Marks
[607.404s][info][gc,marking     ] GC(1396) Concurrent Clear Claimed Marks 0.036ms
[607.404s][info][gc,marking     ] GC(1396) Concurrent Cleanup for Next Mark
[607.410s][info][gc,marking     ] GC(1396) Concurrent Cleanup for Next Mark 5.948ms
[607.410s][info][gc             ] GC(1396) Concurrent Mark Cycle 2820.871ms
[608.277s][info][gc,start       ] GC(1403) Pause Young (Prepare Mixed) (G1 Evacuation Pause)
[608.277s][info][gc,task        ] GC(1403) Using 2 workers of 2 for evacuation
[608.283s][info][gc,phases      ] GC(1403)   Pre Evacuate Collection Set: 0.34ms
[608.283s][info][gc,phases      ] GC(1403)   Merge Heap Roots: 0.11ms
[608.283s][info][gc,phases      ] GC(1403)   Evacuate Collection Set: 4.93ms
[608.283s][info][gc,phases      ] GC(1403)   Post Evacuate Collection Set: 0.41ms
[608.283s][info][gc,phases      ] GC(1403)   Other: 0.10ms
[608.283s][info][gc,heap        ] GC(1403) Eden regions: 101->0(236)
[608.283s][info][gc,heap        ] GC(1403) Survivor regions: 4->4(14)
[608.283s][info][gc,heap        ] GC(1403) Old regions: 670->670
[608.283s][info][gc,heap        ] GC(1403) Humongous regions: 7->7
[608.283s][info][gc,metaspace   ] GC(1403) Metaspace: 19138K(19264K)->19138K(19264K) NonClass: 17309K(17408K)->17309K(17408K) Class: 1829K(1856K)->1829K(1856K)
[608.283s][info][gc             ] GC(1403) Pause Young (Prepare Mixed) (G1 Evacuation Pause) 781M->680M(978M) 6.229ms
[608.283s][info][gc,cpu         ] GC(1403) User=0.01s Sys=0.00s Real=0.00s
[609.732s][info][gc,start       ] GC(1404) Pause Young (Mixed) (G1 Evacuation Pause)
[609.732s][info][gc,task        ] GC(1404) Using 2 workers of 2 for evacuation
[609.744s][info][gc,phases      ] GC(1404)   Pre Evacuate Collection Set: 0.37ms
[609.744s][info][gc,phases      ] GC(1404)   Merge Heap Roots: 0.25ms
[609.744s][info][gc,phases      ] GC(1404)   Evacuate Collection Set: 10.40ms
[609.744s][info][gc,phases      ] GC(1404)   Post Evacuate Collection Set: 0.57ms
[609.744s][info][gc,phases      ] GC(1404)   Other: 0.09ms
[609.744s][info][gc,heap        ] GC(1404) Eden regions: 236->0(263)
[609.744s][info][gc,heap        ] GC(1404) Survivor regions: 4->6(30)
[609.744s][info][gc,heap        ] GC(1404) Old regions: 670->641
[609.744s][info][gc,heap        ] GC(1404) Humongous regions: 7->7
[609.744s][info][gc,metaspace   ] GC(1404) Metaspace: 19139K(19264K)->19139K(19264K) NonClass: 17310K(17408K)->17310K(17408K) Class: 1829K(1856K)->1829K(1856K)
[609.744s][info][gc             ] GC(1404) Pause Young (Mixed) (G1 Evacuation Pause) 916M->653M(978M) 11.937ms
[609.744s][info][gc,cpu         ] GC(1404) User=0.02s Sys=0.00s Real=0.01s
[610.623s][info][gc,start       ] GC(1405) Pause Young (Concurrent Start) (G1 Evacuation Pause)
[610.623s][info][gc,task        ] GC(1405) Using 2 workers of 2 for evacuation
[610.633s][info][gc,phases      ] GC(1405)   Pre Evacuate Collection Set: 0.34ms
[610.633s][info][gc,phases      ] GC(1405)   Merge Heap Roots: 0.14ms
[610.633s][info][gc,phases      ] GC(1405)   Evacuate Collection Set: 8.05ms
[610.633s][info][gc,phases      ] GC(1405)   Post Evacuate Collection Set: 0.61ms
[610.633s][info][gc,phases      ] GC(1405)   Other: 0.11ms
[610.633s][info][gc,heap        ] GC(1405) Eden regions: 263->0(266)
[610.633s][info][gc,heap        ] GC(1405) Survivor regions: 6->7(34)
[610.633s][info][gc,heap        ] GC(1405) Old regions: 641->641
[610.633s][info][gc,heap        ] GC(1405) Humongous regions: 7->7
[610.633s][info][gc,metaspace   ] GC(1405) Metaspace: 19178K(19264K)->19178K(19264K) NonClass: 17348K(17408K)->17348K(17408K) Class: 1829K(1856K)->1829K(1856K)
[610.633s][info][gc             ] GC(1405) Pause Young (Concurrent Start) (G1 Evacuation Pause) 916M->653M(978M) 9.514ms
[610.633s][info][gc             ] GC(1406) Concurrent Mark Cycle
[610.633s][info][gc,marking     ] GC(1406) Concurrent Scan Root Regions
[610.635s][info][gc,cpu         ] GC(1405) User=0.02s Sys=0.00s Real=0.02s
[610.640s][info][gc,marking     ] GC(1406) Concurrent Scan Root Regions 7.123ms
[610.640s][info][gc,marking     ] GC(1406) Concurrent Mark
[610.640s][info][gc,marking     ] GC(1406) Concurrent Mark From Roots
[610.640s][info][gc,task        ] GC(1406) Using 1 workers of 1 for marking
[611.219s][info][gc,start       ] GC(1407) Pause Young (Normal) (G1 Evacuation Pause)
[611.219s][info][gc,task        ] GC(1407) Using 2 workers of 2 for evacuation
[611.289s][info][gc,phases      ] GC(1407)   Pre Evacuate Collection Set: 0.32ms
[611.289s][info][gc,phases      ] GC(1407)   Merge Heap Roots: 0.14ms
[611.289s][info][gc,phases      ] GC(1407)   Evacuate Collection Set: 67.11ms
[611.289s][info][gc,phases      ] GC(1407)   Post Evacuate Collection Set: 2.12ms
[611.289s][info][gc,phases      ] GC(1407)   Other: 0.09ms
[611.289s][info][gc,heap        ] GC(1407) Eden regions: 266->0(169)
[611.289s][info][gc,heap        ] GC(1407) Survivor regions: 7->35(35)
[611.289s][info][gc,heap        ] GC(1407) Old regions: 641->682
[611.289s][info][gc,heap        ] GC(1407) Humongous regions: 7->7
[611.289s][info][gc,metaspace   ] GC(1407) Metaspace: 19211K(19392K)->19211K(19392K) NonClass: 17382K(17536K)->17382K(17536K) Class: 1829K(1856K)->1829K(1856K)
[611.289s][info][gc             ] GC(1407) Pause Young (Normal) (G1 Evacuation Pause) (Evacuation Failure: Allocation) 919M->723M(978M) 70.072ms
[611.289s][info][gc,cpu         ] GC(1407) User=0.13s Sys=0.01s Real=0.07s
[611.573s][info][gc,start       ] GC(1408) Pause Young (Normal) (G1 Evacuation Pause)
[611.573s][info][gc,task        ] GC(1408) Using 2 workers of 2 for evacuation
[611.686s][info][gc,phases      ] GC(1408)   Pre Evacuate Collection Set: 0.36ms
[611.686s][info][gc,phases      ] GC(1408)   Merge Heap Roots: 0.32ms
[611.687s][info][gc,phases      ] GC(1408)   Evacuate Collection Set: 107.28ms
[611.687s][info][gc,phases      ] GC(1408)   Post Evacuate Collection Set: 5.39ms
[611.687s][info][gc,phases      ] GC(1408)   Other: 0.10ms
[611.687s][info][gc,heap        ] GC(1408) Eden regions: 169->0(99)
[611.687s][info][gc,heap        ] GC(1408) Survivor regions: 35->26(26)
[611.687s][info][gc,heap        ] GC(1408) Old regions: 682->770
[611.687s][info][gc,heap        ] GC(1408) Humongous regions: 7->7
[611.687s][info][gc,metaspace   ] GC(1408) Metaspace: 19211K(19392K)->19211K(19392K) NonClass: 17382K(17536K)->17382K(17536K) Class: 1829K(1856K)->1829K(1856K)
[611.687s][info][gc             ] GC(1408) Pause Young (Normal) (G1 Evacuation Pause) (Evacuation Failure: Allocation) 892M->802M(978M) 113.684ms
[611.687s][info][gc,cpu         ] GC(1408) User=0.23s Sys=0.00s Real=0.12s
[611.815s][info][gc,start       ] GC(1409) Pause Young (Normal) (G1 Evacuation Pause)
[611.815s][info][gc,task        ] GC(1409) Using 2 workers of 2 for evacuation
[611.907s][info][gc,phases      ] GC(1409)   Pre Evacuate Collection Set: 0.33ms
[611.907s][info][gc,phases      ] GC(1409)   Merge Heap Roots: 0.43ms
[611.907s][info][gc,phases      ] GC(1409)   Evacuate Collection Set: 87.68ms
[611.907s][info][gc,phases      ] GC(1409)   Post Evacuate Collection Set: 3.09ms
[611.907s][info][gc,phases      ] GC(1409)   Other: 0.08ms
[611.907s][info][gc,heap        ] GC(1409) Eden regions: 99->0(78)
[611.907s][info][gc,heap        ] GC(1409) Survivor regions: 26->16(16)
[611.907s][info][gc,heap        ] GC(1409) Old regions: 770->811
[611.907s][info][gc,heap        ] GC(1409) Humongous regions: 7->7
[611.907s][info][gc,metaspace   ] GC(1409) Metaspace: 19211K(19392K)->19211K(19392K) NonClass: 17382K(17536K)->17382K(17536K) Class: 1829K(1856K)->1829K(1856K)
[611.907s][info][gc             ] GC(1409) Pause Young (Normal) (G1 Evacuation Pause) (Evacuation Failure: Allocation) 901M->833M(978M) 91.922ms
[611.907s][info][gc,cpu         ] GC(1409) User=0.18s Sys=0.00s Real=0.09s
[612.198s][info][gc,start       ] GC(1410) Pause Young (Normal) (G1 Evacuation Pause)
[612.199s][info][gc,task        ] GC(1410) Using 2 workers of 2 for evacuation
[612.264s][info][gc,phases      ] GC(1410)   Pre Evacuate Collection Set: 0.63ms
[612.264s][info][gc,phases      ] GC(1410)   Merge Heap Roots: 0.50ms
[612.264s][info][gc,phases      ] GC(1410)   Evacuate Collection Set: 63.49ms
[612.264s][info][gc,phases      ] GC(1410)   Post Evacuate Collection Set: 0.47ms
[612.264s][info][gc,phases      ] GC(1410)   Other: 0.08ms
[612.264s][info][gc,heap        ] GC(1410) Eden regions: 78->0(83)
[612.264s][info][gc,heap        ] GC(1410) Survivor regions: 16->12(12)
[612.264s][info][gc,heap        ] GC(1410) Old regions: 811->813
[612.264s][info][gc,heap        ] GC(1410) Humongous regions: 8->8
[612.264s][info][gc,metaspace   ] GC(1410) Metaspace: 19213K(19392K)->19213K(19392K) NonClass: 17384K(17536K)->17384K(17536K) Class: 1829K(1856K)->1829K(1856K)
[612.264s][info][gc             ] GC(1410) Pause Young (Normal) (G1 Evacuation Pause) 912M->832M(978M) 65.456ms
[612.264s][info][gc,cpu         ] GC(1410) User=0.13s Sys=0.00s Real=0.06s
[612.429s][info][gc,start       ] GC(1411) Pause Young (Normal) (G1 Evacuation Pause)
[612.429s][info][gc,task        ] GC(1411) Using 2 workers of 2 for evacuation
[612.476s][info][gc,phases      ] GC(1411)   Pre Evacuate Collection Set: 0.59ms
[612.476s][info][gc,phases      ] GC(1411)   Merge Heap Roots: 1.09ms
[612.476s][info][gc,phases      ] GC(1411)   Evacuate Collection Set: 44.61ms
[612.476s][info][gc,phases      ] GC(1411)   Post Evacuate Collection Set: 0.64ms
[612.476s][info][gc,phases      ] GC(1411)   Other: 0.08ms
[612.476s][info][gc,heap        ] GC(1411) Eden regions: 83->0(78)
[612.476s][info][gc,heap        ] GC(1411) Survivor regions: 12->8(12)
[612.476s][info][gc,heap        ] GC(1411) Old regions: 813->826
[612.476s][info][gc,heap        ] GC(1411) Humongous regions: 8->8
[612.476s][info][gc,metaspace   ] GC(1411) Metaspace: 19213K(19392K)->19213K(19392K) NonClass: 17384K(17536K)->17384K(17536K) Class: 1829K(1856K)->1829K(1856K)
[612.476s][info][gc             ] GC(1411) Pause Young (Normal) (G1 Evacuation Pause) 915M->840M(978M) 47.284ms
[612.476s][info][gc,cpu         ] GC(1411) User=0.10s Sys=0.00s Real=0.05s
[612.632s][info][gc,marking     ] GC(1406) Concurrent Mark From Roots 1992.080ms
[612.632s][info][gc,marking     ] GC(1406) Concurrent Preclean
[612.632s][info][gc,marking     ] GC(1406) Concurrent Preclean 0.051ms
[612.634s][info][gc,start       ] GC(1406) Pause Remark
[612.647s][info][metaspace      ] ChkMgr @0x00007f9cbc15e5a0 (non-class-space): : reclaiming memory...
[612.647s][info][metaspace      ] ChkMgr @0x00007f9cbc15e5a0 (non-class-space): nothing reclaimed.
[612.647s][info][metaspace      ] ChkMgr @0x00007f9cbc15c6b0 (class-space): : reclaiming memory...
[612.647s][info][metaspace      ] ChkMgr @0x00007f9cbc15c6b0 (class-space): nothing reclaimed.
[612.648s][info][gc             ] GC(1406) Pause Remark 917M->856M(978M) 13.282ms
[612.648s][info][gc,cpu         ] GC(1406) User=0.03s Sys=0.00s Real=0.01s
[612.650s][info][gc,marking     ] GC(1406) Concurrent Mark 2009.930ms
[612.650s][info][gc,marking     ] GC(1406) Concurrent Rebuild Remembered Sets and Scrub Regions
[612.656s][info][gc,start       ] GC(1412) Pause Young (Normal) (G1 Evacuation Pause)
[612.656s][info][gc,task        ] GC(1412) Using 2 workers of 2 for evacuation
[612.696s][info][gc,phases      ] GC(1412)   Pre Evacuate Collection Set: 0.50ms
[612.696s][info][gc,phases      ] GC(1412)   Merge Heap Roots: 0.76ms
[612.696s][info][gc,phases      ] GC(1412)   Evacuate Collection Set: 38.02ms
[612.696s][info][gc,phases      ] GC(1412)   Post Evacuate Collection Set: 0.53ms
[612.696s][info][gc,phases      ] GC(1412)   Other: 0.12ms
[612.696s][info][gc,heap        ] GC(1412) Eden regions: 78->0(126)
[612.696s][info][gc,heap        ] GC(1412) Survivor regions: 8->3(11)
[612.696s][info][gc,heap        ] GC(1412) Old regions: 767->774
[612.696s][info][gc,heap        ] GC(1412) Humongous regions: 6->6
[612.696s][info][gc,metaspace   ] GC(1412) Metaspace: 19208K(19392K)->19208K(19392K) NonClass: 17378K(17536K)->17378K(17536K) Class: 1829K(1856K)->1829K(1856K)
[612.696s][info][gc             ] GC(1412) Pause Young (Normal) (G1 Evacuation Pause) 857M->782M(978M) 40.138ms
[612.696s][info][gc,cpu         ] GC(1412) User=0.08s Sys=0.01s Real=0.04s
[613.052s][info][gc,start       ] GC(1413) Pause Young (Normal) (G1 Evacuation Pause)
[613.052s][info][gc,task        ] GC(1413) Using 2 workers of 2 for evacuation
[613.121s][info][gc,phases      ] GC(1413)   Pre Evacuate Collection Set: 0.58ms
[613.121s][info][gc,phases      ] GC(1413)   Merge Heap Roots: 0.60ms
[613.121s][info][gc,phases      ] GC(1413)   Evacuate Collection Set: 66.97ms
[613.121s][info][gc,phases      ] GC(1413)   Post Evacuate Collection Set: 0.51ms
[613.121s][info][gc,phases      ] GC(1413)   Other: 0.09ms
[613.121s][info][gc,heap        ] GC(1413) Eden regions: 126->0(95)
[613.121s][info][gc,heap        ] GC(1413) Survivor regions: 3->17(17)
[613.121s][info][gc,heap        ] GC(1413) Old regions: 774->790
[613.121s][info][gc,heap        ] GC(1413) Humongous regions: 9->9
[613.121s][info][gc,metaspace   ] GC(1413) Metaspace: 19213K(19392K)->19213K(19392K) NonClass: 17384K(17536K)->17384K(17536K) Class: 1829K(1856K)->1829K(1856K)
[613.121s][info][gc             ] GC(1413) Pause Young (Normal) (G1 Evacuation Pause) 911M->815M(978M) 69.030ms
[613.121s][info][gc,cpu         ] GC(1413) User=0.14s Sys=0.00s Real=0.07s
[613.322s][info][gc,start       ] GC(1414) Pause Young (Normal) (G1 Evacuation Pause)
[613.322s][info][gc,task        ] GC(1414) Using 2 workers of 2 for evacuation
[613.360s][info][gc,phases      ] GC(1414)   Pre Evacuate Collection Set: 0.35ms
[613.360s][info][gc,phases      ] GC(1414)   Merge Heap Roots: 0.25ms
[613.360s][info][gc,phases      ] GC(1414)   Evacuate Collection Set: 36.75ms
[613.360s][info][gc,phases      ] GC(1414)   Post Evacuate Collection Set: 0.42ms
[613.360s][info][gc,phases      ] GC(1414)   Other: 0.11ms
[613.360s][info][gc,heap        ] GC(1414) Eden regions: 95->0(101)
[613.360s][info][gc,heap        ] GC(1414) Survivor regions: 17->4(14)
[613.360s][info][gc,heap        ] GC(1414) Old regions: 790->808
[613.360s][info][gc,heap        ] GC(1414) Humongous regions: 9->9
[613.361s][info][gc,metaspace   ] GC(1414) Metaspace: 19213K(19392K)->19213K(19392K) NonClass: 17384K(17536K)->17384K(17536K) Class: 1829K(1856K)->1829K(1856K)
[613.361s][info][gc             ] GC(1414) Pause Young (Normal) (G1 Evacuation Pause) 910M->819M(978M) 38.149ms
[613.361s][info][gc,cpu         ] GC(1414) User=0.07s Sys=0.00s Real=0.04s
[613.487s][info][gc,start       ] GC(1415) Pause Young (Normal) (G1 Evacuation Pause)
[613.487s][info][gc,task        ] GC(1415) Using 2 workers of 2 for evacuation
[613.507s][info][gc,phases      ] GC(1415)   Pre Evacuate Collection Set: 0.32ms
[613.507s][info][gc,phases      ] GC(1415)   Merge Heap Roots: 0.19ms
[613.507s][info][gc,phases      ] GC(1415)   Evacuate Collection Set: 19.03ms
[613.507s][info][gc,phases      ] GC(1415)   Post Evacuate Collection Set: 0.43ms
[613.507s][info][gc,phases      ] GC(1415)   Other: 0.12ms
[613.507s][info][gc,heap        ] GC(1415) Eden regions: 101->0(87)
[613.507s][info][gc,heap        ] GC(1415) Survivor regions: 4->12(14)
[613.507s][info][gc,heap        ] GC(1415) Old regions: 808->808
[613.507s][info][gc,heap        ] GC(1415) Humongous regions: 9->9
[613.507s][info][gc,metaspace   ] GC(1415) Metaspace: 19213K(19392K)->19213K(19392K) NonClass: 17384K(17536K)->17384K(17536K) Class: 1829K(1856K)->1829K(1856K)
[613.508s][info][gc             ] GC(1415) Pause Young (Normal) (G1 Evacuation Pause) 920M->827M(978M) 20.393ms
[613.508s][info][gc,cpu         ] GC(1415) User=0.04s Sys=0.00s Real=0.02s
[613.655s][info][gc,start       ] GC(1416) Pause Young (Normal) (G1 Evacuation Pause)
[613.656s][info][gc,task        ] GC(1416) Using 2 workers of 2 for evacuation
[613.679s][info][gc,phases      ] GC(1416)   Pre Evacuate Collection Set: 0.31ms
[613.679s][info][gc,phases      ] GC(1416)   Merge Heap Roots: 0.22ms
[613.679s][info][gc,phases      ] GC(1416)   Evacuate Collection Set: 22.32ms
[613.679s][info][gc,phases      ] GC(1416)   Post Evacuate Collection Set: 0.44ms
[613.679s][info][gc,phases      ] GC(1416)   Other: 0.10ms
[613.679s][info][gc,heap        ] GC(1416) Eden regions: 87->0(92)
[613.679s][info][gc,heap        ] GC(1416) Survivor regions: 12->4(13)
[613.679s][info][gc,heap        ] GC(1416) Old regions: 808->819
[613.679s][info][gc,heap        ] GC(1416) Humongous regions: 9->9
[613.679s][info][gc,metaspace   ] GC(1416) Metaspace: 19213K(19392K)->19213K(19392K) NonClass: 17384K(17536K)->17384K(17536K) Class: 1829K(1856K)->1829K(1856K)
[613.679s][info][gc             ] GC(1416) Pause Young (Normal) (G1 Evacuation Pause) 914M->831M(978M) 23.669ms
[613.679s][info][gc,cpu         ] GC(1416) User=0.04s Sys=0.00s Real=0.02s
[613.769s][info][gc,marking     ] GC(1406) Concurrent Rebuild Remembered Sets and Scrub Regions 1119.244ms
[613.770s][info][gc,start       ] GC(1406) Pause Cleanup
[613.770s][info][gc             ] GC(1406) Pause Cleanup 896M->896M(978M) 0.175ms
[613.770s][info][gc,cpu         ] GC(1406) User=0.00s Sys=0.00s Real=0.00s
[613.770s][info][gc,marking     ] GC(1406) Concurrent Clear Claimed Marks
[613.770s][info][gc,marking     ] GC(1406) Concurrent Clear Claimed Marks 0.035ms
[613.770s][info][gc,marking     ] GC(1406) Concurrent Cleanup for Next Mark
[613.773s][info][gc,marking     ] GC(1406) Concurrent Cleanup for Next Mark 3.135ms
[613.773s][info][gc             ] GC(1406) Concurrent Mark Cycle 3140.059ms
[613.820s][info][gc,start       ] GC(1417) Pause Young (Prepare Mixed) (G1 Evacuation Pause)
[613.820s][info][gc,task        ] GC(1417) Using 2 workers of 2 for evacuation
[613.835s][info][gc,phases      ] GC(1417)   Pre Evacuate Collection Set: 0.41ms
[613.835s][info][gc,phases      ] GC(1417)   Merge Heap Roots: 0.27ms
[613.835s][info][gc,phases      ] GC(1417)   Evacuate Collection Set: 14.03ms
[613.835s][info][gc,phases      ] GC(1417)   Post Evacuate Collection Set: 0.53ms
[613.835s][info][gc,phases      ] GC(1417)   Other: 0.13ms
[613.836s][info][gc,heap        ] GC(1417) Eden regions: 92->0(92)
[613.836s][info][gc,heap        ] GC(1417) Survivor regions: 4->4(12)
[613.836s][info][gc,heap        ] GC(1417) Old regions: 819->819
[613.836s][info][gc,heap        ] GC(1417) Humongous regions: 9->9
[613.836s][info][gc,metaspace   ] GC(1417) Metaspace: 19213K(19392K)->19213K(19392K) NonClass: 17384K(17536K)->17384K(17536K) Class: 1829K(1856K)->1829K(1856K)
[613.836s][info][gc             ] GC(1417) Pause Young (Prepare Mixed) (G1 Evacuation Pause) 923M->831M(978M) 15.687ms
[613.836s][info][gc,cpu         ] GC(1417) User=0.03s Sys=0.00s Real=0.02s
[613.916s][info][gc,start       ] GC(1418) Pause Young (Mixed) (G1 Evacuation Pause)
[613.916s][info][gc,task        ] GC(1418) Using 2 workers of 2 for evacuation
[614.037s][info][gc,phases      ] GC(1418)   Pre Evacuate Collection Set: 0.57ms
[614.037s][info][gc,phases      ] GC(1418)   Merge Heap Roots: 1.75ms
[614.037s][info][gc,phases      ] GC(1418)   Evacuate Collection Set: 117.97ms
[614.037s][info][gc,phases      ] GC(1418)   Post Evacuate Collection Set: 0.56ms
[614.037s][info][gc,phases      ] GC(1418)   Other: 0.10ms
[614.037s][info][gc,heap        ] GC(1418) Eden regions: 92->0(131)
[614.037s][info][gc,heap        ] GC(1418) Survivor regions: 4->12(12)
[614.037s][info][gc,heap        ] GC(1418) Old regions: 819->764
[614.037s][info][gc,heap        ] GC(1418) Humongous regions: 9->9
[614.037s][info][gc,metaspace   ] GC(1418) Metaspace: 19213K(19392K)->19213K(19392K) NonClass: 17384K(17536K)->17384K(17536K) Class: 1829K(1856K)->1829K(1856K)
[614.037s][info][gc             ] GC(1418) Pause Young (Mixed) (G1 Evacuation Pause) 923M->784M(978M) 121.280ms
[614.037s][info][gc,cpu         ] GC(1418) User=0.23s Sys=0.00s Real=0.12s
[614.131s][info][gc,start       ] GC(1419) Pause Young (Concurrent Start) (G1 Evacuation Pause)
[614.131s][info][gc,task        ] GC(1419) Using 2 workers of 2 for evacuation
[614.183s][info][gc,phases      ] GC(1419)   Pre Evacuate Collection Set: 0.41ms
[614.183s][info][gc,phases      ] GC(1419)   Merge Heap Roots: 0.15ms
[614.183s][info][gc,phases      ] GC(1419)   Evacuate Collection Set: 50.62ms
[614.183s][info][gc,phases      ] GC(1419)   Post Evacuate Collection Set: 0.62ms
[614.183s][info][gc,phases      ] GC(1419)   Other: 0.33ms
[614.183s][info][gc,heap        ] GC(1419) Eden regions: 131->0(92)
[614.183s][info][gc,heap        ] GC(1419) Survivor regions: 12->18(18)
[614.183s][info][gc,heap        ] GC(1419) Old regions: 764->791
[614.183s][info][gc,heap        ] GC(1419) Humongous regions: 9->9
[614.183s][info][gc,metaspace   ] GC(1419) Metaspace: 19213K(19392K)->19213K(19392K) NonClass: 17384K(17536K)->17384K(17536K) Class: 1829K(1856K)->1829K(1856K)
[614.183s][info][gc             ] GC(1419) Pause Young (Concurrent Start) (G1 Evacuation Pause) 915M->817M(978M) 52.384ms
[614.183s][info][gc,cpu         ] GC(1419) User=0.10s Sys=0.00s Real=0.05s
[614.183s][info][gc             ] GC(1420) Concurrent Mark Cycle
[614.183s][info][gc,marking     ] GC(1420) Concurrent Scan Root Regions
[614.245s][info][gc,marking     ] GC(1420) Concurrent Scan Root Regions 62.156ms
[614.245s][info][gc,marking     ] GC(1420) Concurrent Mark
[614.245s][info][gc,marking     ] GC(1420) Concurrent Mark From Roots
[614.245s][info][gc,task        ] GC(1420) Using 1 workers of 1 for marking
[614.317s][info][gc,start       ] GC(1421) Pause Young (Normal) (G1 Evacuation Pause)
[614.318s][info][gc,task        ] GC(1421) Using 2 workers of 2 for evacuation
[614.364s][info][gc,phases      ] GC(1421)   Pre Evacuate Collection Set: 0.56ms
[614.364s][info][gc,phases      ] GC(1421)   Merge Heap Roots: 0.33ms
[614.364s][info][gc,phases      ] GC(1421)   Evacuate Collection Set: 45.21ms
[614.364s][info][gc,phases      ] GC(1421)   Post Evacuate Collection Set: 0.48ms
[614.364s][info][gc,phases      ] GC(1421)   Other: 0.10ms
[614.364s][info][gc,heap        ] GC(1421) Eden regions: 92->0(79)
[614.364s][info][gc,heap        ] GC(1421) Survivor regions: 18->14(14)
[614.364s][info][gc,heap        ] GC(1421) Old regions: 791->811
[614.364s][info][gc,heap        ] GC(1421) Humongous regions: 10->10
[614.364s][info][gc,metaspace   ] GC(1421) Metaspace: 19213K(19392K)->19213K(19392K) NonClass: 17384K(17536K)->17384K(17536K) Class: 1829K(1856K)->1829K(1856K)
[614.364s][info][gc             ] GC(1421) Pause Young (Normal) (G1 Evacuation Pause) 910M->834M(978M) 46.947ms
[614.364s][info][gc,cpu         ] GC(1421) User=0.10s Sys=0.00s Real=0.05s
[614.470s][info][gc,start       ] GC(1422) Pause Young (Normal) (G1 Evacuation Pause)
[614.470s][info][gc,task        ] GC(1422) Using 2 workers of 2 for evacuation
[614.503s][info][gc,phases      ] GC(1422)   Pre Evacuate Collection Set: 0.32ms
[614.503s][info][gc,phases      ] GC(1422)   Merge Heap Roots: 0.30ms
[614.503s][info][gc,phases      ] GC(1422)   Evacuate Collection Set: 31.46ms
[614.503s][info][gc,phases      ] GC(1422)   Post Evacuate Collection Set: 0.37ms
[614.503s][info][gc,phases      ] GC(1422)   Other: 0.10ms
[614.503s][info][gc,heap        ] GC(1422) Eden regions: 79->0(80)
[614.503s][info][gc,heap        ] GC(1422) Survivor regions: 14->6(12)
[614.503s][info][gc,heap        ] GC(1422) Old regions: 811->826
[614.503s][info][gc,heap        ] GC(1422) Humongous regions: 10->10
[614.503s][info][gc,metaspace   ] GC(1422) Metaspace: 19213K(19392K)->19213K(19392K) NonClass: 17384K(17536K)->17384K(17536K) Class: 1829K(1856K)->1829K(1856K)
[614.503s][info][gc             ] GC(1422) Pause Young (Normal) (G1 Evacuation Pause) 913M->840M(978M) 32.871ms
[614.503s][info][gc,cpu         ] GC(1422) User=0.07s Sys=0.00s Real=0.03s
[614.597s][info][gc,start       ] GC(1423) Pause Young (Normal) (G1 Evacuation Pause)
[614.597s][info][gc,task        ] GC(1423) Using 2 workers of 2 for evacuation
[614.611s][info][gc,phases      ] GC(1423)   Pre Evacuate Collection Set: 0.31ms
[614.611s][info][gc,phases      ] GC(1423)   Merge Heap Roots: 0.10ms
[614.611s][info][gc,phases      ] GC(1423)   Evacuate Collection Set: 12.92ms
[614.611s][info][gc,phases      ] GC(1423)   Post Evacuate Collection Set: 0.38ms
[614.611s][info][gc,phases      ] GC(1423)   Other: 0.08ms
[614.611s][info][gc,heap        ] GC(1423) Eden regions: 80->0(72)
[614.611s][info][gc,heap        ] GC(1423) Survivor regions: 6->10(11)
[614.611s][info][gc,heap        ] GC(1423) Old regions: 826->826
[614.611s][info][gc,heap        ] GC(1423) Humongous regions: 10->10
[614.611s][info][gc,metaspace   ] GC(1423) Metaspace: 19213K(19392K)->19213K(19392K) NonClass: 17384K(17536K)->17384K(17536K) Class: 1829K(1856K)->1829K(1856K)
[614.611s][info][gc             ] GC(1423) Pause Young (Normal) (G1 Evacuation Pause) 920M->844M(978M) 14.060ms
[614.611s][info][gc,cpu         ] GC(1423) User=0.03s Sys=0.01s Real=0.01s
[614.727s][info][gc,start       ] GC(1424) Pause Young (Normal) (G1 Evacuation Pause)
[614.727s][info][gc,task        ] GC(1424) Using 2 workers of 2 for evacuation
[614.744s][info][gc,phases      ] GC(1424)   Pre Evacuate Collection Set: 0.42ms
[614.744s][info][gc,phases      ] GC(1424)   Merge Heap Roots: 0.15ms
[614.744s][info][gc,phases      ] GC(1424)   Evacuate Collection Set: 15.68ms
[614.744s][info][gc,phases      ] GC(1424)   Post Evacuate Collection Set: 0.36ms
[614.744s][info][gc,phases      ] GC(1424)   Other: 0.14ms
[614.744s][info][gc,heap        ] GC(1424) Eden regions: 72->0(77)
[614.744s][info][gc,heap        ] GC(1424) Survivor regions: 10->5(11)
[614.744s][info][gc,heap        ] GC(1424) Old regions: 826->831
[614.744s][info][gc,heap        ] GC(1424) Humongous regions: 10->10
[614.744s][info][gc,metaspace   ] GC(1424) Metaspace: 19213K(19392K)->19213K(19392K) NonClass: 17384K(17536K)->17384K(17536K) Class: 1829K(1856K)->1829K(1856K)
[614.744s][info][gc             ] GC(1424) Pause Young (Normal) (G1 Evacuation Pause) 916M->845M(978M) 17.038ms
[614.744s][info][gc,cpu         ] GC(1424) User=0.04s Sys=0.00s Real=0.01s
[614.837s][info][gc,start       ] GC(1425) Pause Young (Normal) (G1 Evacuation Pause)
[614.837s][info][gc,task        ] GC(1425) Using 2 workers of 2 for evacuation
[614.847s][info][gc,phases      ] GC(1425)   Pre Evacuate Collection Set: 0.35ms
[614.848s][info][gc,phases      ] GC(1425)   Merge Heap Roots: 0.12ms
[614.848s][info][gc,phases      ] GC(1425)   Evacuate Collection Set: 9.85ms
[614.848s][info][gc,phases      ] GC(1425)   Post Evacuate Collection Set: 0.36ms
[614.848s][info][gc,phases      ] GC(1425)   Other: 0.08ms
[614.848s][info][gc,heap        ] GC(1425) Eden regions: 77->0(71)
[614.848s][info][gc,heap        ] GC(1425) Survivor regions: 5->8(11)
[614.848s][info][gc,heap        ] GC(1425) Old regions: 831->831
[614.848s][info][gc,heap        ] GC(1425) Humongous regions: 10->10
[614.848s][info][gc,metaspace   ] GC(1425) Metaspace: 19213K(19392K)->19213K(19392K) NonClass: 17384K(17536K)->17384K(17536K) Class: 1829K(1856K)->1829K(1856K)
[614.848s][info][gc             ] GC(1425) Pause Young (Normal) (G1 Evacuation Pause) 922M->848M(978M) 11.015ms
[614.848s][info][gc,cpu         ] GC(1425) User=0.02s Sys=0.00s Real=0.01s
[614.908s][info][gc,start       ] GC(1426) Pause Young (Normal) (G1 Evacuation Pause)
[614.908s][info][gc,task        ] GC(1426) Using 2 workers of 2 for evacuation
[614.921s][info][gc,phases      ] GC(1426)   Pre Evacuate Collection Set: 0.57ms
[614.921s][info][gc,phases      ] GC(1426)   Merge Heap Roots: 0.12ms
[614.921s][info][gc,phases      ] GC(1426)   Evacuate Collection Set: 11.25ms
[614.921s][info][gc,phases      ] GC(1426)   Post Evacuate Collection Set: 0.36ms
[614.921s][info][gc,phases      ] GC(1426)   Other: 0.10ms
[614.921s][info][gc,heap        ] GC(1426) Eden regions: 71->0(73)
[614.921s][info][gc,heap        ] GC(1426) Survivor regions: 8->5(10)
[614.921s][info][gc,heap        ] GC(1426) Old regions: 831->835
[614.921s][info][gc,heap        ] GC(1426) Humongous regions: 10->10
[614.921s][info][gc,metaspace   ] GC(1426) Metaspace: 19213K(19392K)->19213K(19392K) NonClass: 17384K(17536K)->17384K(17536K) Class: 1829K(1856K)->1829K(1856K)
[614.921s][info][gc             ] GC(1426) Pause Young (Normal) (G1 Evacuation Pause) 919M->849M(978M) 12.685ms
[614.921s][info][gc,cpu         ] GC(1426) User=0.03s Sys=0.00s Real=0.01s
[615.021s][info][gc,start       ] GC(1427) Pause Young (Normal) (G1 Evacuation Pause)
[615.021s][info][gc,task        ] GC(1427) Using 2 workers of 2 for evacuation
[615.030s][info][gc,phases      ] GC(1427)   Pre Evacuate Collection Set: 0.34ms
[615.030s][info][gc,phases      ] GC(1427)   Merge Heap Roots: 0.12ms
[615.030s][info][gc,phases      ] GC(1427)   Evacuate Collection Set: 8.43ms
[615.030s][info][gc,phases      ] GC(1427)   Post Evacuate Collection Set: 0.39ms
[615.030s][info][gc,phases      ] GC(1427)   Other: 0.08ms
[615.030s][info][gc,heap        ] GC(1427) Eden regions: 73->0(71)
[615.030s][info][gc,heap        ] GC(1427) Survivor regions: 5->6(10)
[615.030s][info][gc,heap        ] GC(1427) Old regions: 835->835
[615.030s][info][gc,heap        ] GC(1427) Humongous regions: 10->10
[615.030s][info][gc,metaspace   ] GC(1427) Metaspace: 19213K(19392K)->19213K(19392K) NonClass: 17384K(17536K)->17384K(17536K) Class: 1829K(1856K)->1829K(1856K)
[615.030s][info][gc             ] GC(1427) Pause Young (Normal) (G1 Evacuation Pause) 922M->850M(978M) 9.624ms
[615.030s][info][gc,cpu         ] GC(1427) User=0.02s Sys=0.00s Real=0.01s
[615.206s][info][gc,start       ] GC(1428) Pause Young (Normal) (G1 Evacuation Pause)
[615.206s][info][gc,task        ] GC(1428) Using 2 workers of 2 for evacuation
[615.217s][info][gc,phases      ] GC(1428)   Pre Evacuate Collection Set: 0.56ms
[615.217s][info][gc,phases      ] GC(1428)   Merge Heap Roots: 0.11ms
[615.217s][info][gc,phases      ] GC(1428)   Evacuate Collection Set: 9.68ms
[615.217s][info][gc,phases      ] GC(1428)   Post Evacuate Collection Set: 0.35ms
[615.217s][info][gc,phases      ] GC(1428)   Other: 0.08ms
[615.217s][info][gc,heap        ] GC(1428) Eden regions: 71->0(70)
[615.217s][info][gc,heap        ] GC(1428) Survivor regions: 6->5(10)
[615.217s][info][gc,heap        ] GC(1428) Old regions: 835->838
[615.217s][info][gc,heap        ] GC(1428) Humongous regions: 10->10
[615.217s][info][gc,metaspace   ] GC(1428) Metaspace: 19213K(19392K)->19213K(19392K) NonClass: 17384K(17536K)->17384K(17536K) Class: 1829K(1856K)->1829K(1856K)
[615.217s][info][gc             ] GC(1428) Pause Young (Normal) (G1 Evacuation Pause) 921M->852M(978M) 11.036ms
[615.217s][info][gc,cpu         ] GC(1428) User=0.02s Sys=0.00s Real=0.01s
[615.402s][info][gc,marking     ] GC(1420) Concurrent Mark From Roots 1157.008ms
[615.403s][info][gc,marking     ] GC(1420) Concurrent Preclean
[615.403s][info][gc,marking     ] GC(1420) Concurrent Preclean 0.057ms
[615.403s][info][gc,start       ] GC(1420) Pause Remark
[615.416s][info][metaspace      ] ChkMgr @0x00007f9cbc15e5a0 (non-class-space): : reclaiming memory...
[615.416s][info][metaspace      ] ChkMgr @0x00007f9cbc15e5a0 (non-class-space): nothing reclaimed.
[615.416s][info][metaspace      ] ChkMgr @0x00007f9cbc15c6b0 (class-space): : reclaiming memory...
[615.416s][info][metaspace      ] ChkMgr @0x00007f9cbc15c6b0 (class-space): nothing reclaimed.
[615.416s][info][gc             ] GC(1420) Pause Remark 876M->391M(978M) 13.738ms
[615.417s][info][gc,cpu         ] GC(1420) User=0.03s Sys=0.00s Real=0.02s
[615.420s][info][gc,marking     ] GC(1420) Concurrent Mark 1174.822ms
[615.420s][info][gc,marking     ] GC(1420) Concurrent Rebuild Remembered Sets and Scrub Regions
[615.629s][info][gc,start       ] GC(1429) Pause Young (Normal) (G1 Evacuation Pause)
[615.629s][info][gc,task        ] GC(1429) Using 2 workers of 2 for evacuation
[615.638s][info][gc,phases      ] GC(1429)   Pre Evacuate Collection Set: 0.56ms
[615.638s][info][gc,phases      ] GC(1429)   Merge Heap Roots: 0.16ms
[615.638s][info][gc,phases      ] GC(1429)   Evacuate Collection Set: 7.76ms
[615.638s][info][gc,phases      ] GC(1429)   Post Evacuate Collection Set: 0.38ms
[615.638s][info][gc,phases      ] GC(1429)   Other: 0.08ms
[615.638s][info][gc,heap        ] GC(1429) Eden regions: 70->0(498)
[615.638s][info][gc,heap        ] GC(1429) Survivor regions: 5->6(10)
[615.638s][info][gc,heap        ] GC(1429) Old regions: 359->359
[615.638s][info][gc,heap        ] GC(1429) Humongous regions: 4->4
[615.638s][info][gc,metaspace   ] GC(1429) Metaspace: 19207K(19392K)->19207K(19392K) NonClass: 17378K(17536K)->17378K(17536K) Class: 1829K(1856K)->1829K(1856K)
[615.638s][info][gc             ] GC(1429) Pause Young (Normal) (G1 Evacuation Pause) 437M->368M(978M) 9.172ms
[615.638s][info][gc,cpu         ] GC(1429) User=0.01s Sys=0.00s Real=0.01s
[615.873s][info][gc,marking     ] GC(1420) Concurrent Rebuild Remembered Sets and Scrub Regions 452.349ms
[615.874s][info][gc,start       ] GC(1420) Pause Cleanup
[615.874s][info][gc             ] GC(1420) Pause Cleanup 435M->435M(978M) 0.136ms
[615.874s][info][gc,cpu         ] GC(1420) User=0.00s Sys=0.00s Real=0.00s
[615.875s][info][gc,marking     ] GC(1420) Concurrent Clear Claimed Marks
[615.875s][info][gc,marking     ] GC(1420) Concurrent Clear Claimed Marks 0.059ms
[615.875s][info][gc,marking     ] GC(1420) Concurrent Cleanup for Next Mark
[615.880s][info][gc,marking     ] GC(1420) Concurrent Cleanup for Next Mark 5.030ms
[615.880s][info][gc             ] GC(1420) Concurrent Mark Cycle 1696.524ms
[616.481s][info][gc,start       ] GC(1430) Pause Young (Prepare Mixed) (G1 Evacuation Pause)
[616.481s][info][gc,task        ] GC(1430) Using 2 workers of 2 for evacuation
[616.597s][info][gc,phases      ] GC(1430)   Pre Evacuate Collection Set: 0.35ms
[616.597s][info][gc,phases      ] GC(1430)   Merge Heap Roots: 0.32ms
[616.597s][info][gc,phases      ] GC(1430)   Evacuate Collection Set: 114.41ms
[616.597s][info][gc,phases      ] GC(1430)   Post Evacuate Collection Set: 0.81ms
[616.597s][info][gc,phases      ] GC(1430)   Other: 0.12ms
[616.597s][info][gc,heap        ] GC(1430) Eden regions: 498->0(378)
[616.597s][info][gc,heap        ] GC(1430) Survivor regions: 6->63(63)
[616.597s][info][gc,heap        ] GC(1430) Old regions: 359->386
[616.597s][info][gc,heap        ] GC(1430) Humongous regions: 5->5
[616.597s][info][gc,metaspace   ] GC(1430) Metaspace: 19207K(19392K)->19207K(19392K) NonClass: 17378K(17536K)->17378K(17536K) Class: 1829K(1856K)->1829K(1856K)
[616.597s][info][gc             ] GC(1430) Pause Young (Prepare Mixed) (G1 Evacuation Pause) 867M->453M(978M) 116.277ms
[616.597s][info][gc,cpu         ] GC(1430) User=0.23s Sys=0.00s Real=0.12s
[617.276s][info][gc,start       ] GC(1431) Pause Young (Mixed) (G1 Evacuation Pause)
[617.276s][info][gc,task        ] GC(1431) Using 2 workers of 2 for evacuation
[617.365s][info][gc,phases      ] GC(1431)   Pre Evacuate Collection Set: 0.57ms
[617.365s][info][gc,phases      ] GC(1431)   Merge Heap Roots: 0.61ms
[617.365s][info][gc,phases      ] GC(1431)   Evacuate Collection Set: 86.54ms
[617.365s][info][gc,phases      ] GC(1431)   Post Evacuate Collection Set: 0.75ms
[617.365s][info][gc,phases      ] GC(1431)   Other: 0.12ms
[617.365s][info][gc,heap        ] GC(1431) Eden regions: 378->0(386)
[617.365s][info][gc,heap        ] GC(1431) Survivor regions: 63->15(56)
[617.365s][info][gc,heap        ] GC(1431) Old regions: 386->439
[617.365s][info][gc,heap        ] GC(1431) Humongous regions: 5->5
[617.365s][info][gc,metaspace   ] GC(1431) Metaspace: 19207K(19392K)->19207K(19392K) NonClass: 17378K(17536K)->17378K(17536K) Class: 1829K(1856K)->1829K(1856K)
[617.365s][info][gc             ] GC(1431) Pause Young (Mixed) (G1 Evacuation Pause) 831M->457M(978M) 88.884ms
[617.365s][info][gc,cpu         ] GC(1431) User=0.18s Sys=0.00s Real=0.09s
[617.780s][info][gc,start       ] GC(1432) Pause Young (Concurrent Start) (G1 Humongous Allocation)
[617.780s][info][gc,task        ] GC(1432) Using 2 workers of 2 for evacuation
[618.029s][info][gc,mmu         ] GC(1432) MMU target violated: 201.0ms (200.0ms/201.0ms)
[618.029s][info][gc,phases      ] GC(1432)   Pre Evacuate Collection Set: 0.36ms
[618.029s][info][gc,phases      ] GC(1432)   Merge Heap Roots: 0.33ms
[618.029s][info][gc,phases      ] GC(1432)   Evacuate Collection Set: 231.90ms
[618.029s][info][gc,phases      ] GC(1432)   Post Evacuate Collection Set: 15.90ms
[618.029s][info][gc,phases      ] GC(1432)   Other: 0.32ms
[618.029s][info][gc,heap        ] GC(1432) Eden regions: 379->0(94)
[618.029s][info][gc,heap        ] GC(1432) Survivor regions: 15->51(51)
[618.029s][info][gc,heap        ] GC(1432) Old regions: 439->727
[618.029s][info][gc,heap        ] GC(1432) Humongous regions: 5->5
[618.029s][info][gc,metaspace   ] GC(1432) Metaspace: 19207K(19392K)->19207K(19392K) NonClass: 17378K(17536K)->17378K(17536K) Class: 1829K(1856K)->1829K(1856K)
[618.029s][info][gc             ] GC(1432) Pause Young (Concurrent Start) (G1 Humongous Allocation) (Evacuation Failure: Allocation) 836M->782M(978M) 249.004ms
[618.029s][info][gc,cpu         ] GC(1432) User=0.48s Sys=0.00s Real=0.25s
[618.029s][info][gc             ] GC(1433) Concurrent Mark Cycle
[618.029s][info][gc,marking     ] GC(1433) Concurrent Scan Root Regions
[618.227s][info][gc,start       ] GC(1434) Pause Young (Normal) (G1 Evacuation Pause)
[618.227s][info][gc,task        ] GC(1434) Using 2 workers of 2 for evacuation
[618.241s][info][gc,marking     ] GC(1433) Concurrent Scan Root Regions 211.767ms
[618.241s][info][gc,marking     ] GC(1433) Concurrent Mark
[618.241s][info][gc,marking     ] GC(1433) Concurrent Mark From Roots
[618.241s][info][gc,task        ] GC(1433) Using 1 workers of 1 for marking
[618.354s][info][gc,phases      ] GC(1434)   Pre Evacuate Collection Set: 0.69ms
[618.354s][info][gc,phases      ] GC(1434)   Merge Heap Roots: 0.48ms
[618.354s][info][gc,phases      ] GC(1434)   Evacuate Collection Set: 111.02ms
[618.354s][info][gc,phases      ] GC(1434)   Post Evacuate Collection Set: 0.68ms
[618.354s][info][gc,phases      ] GC(1434)   Other: 0.12ms
[618.354s][info][gc,heap        ] GC(1434) Eden regions: 94->0(238)
[618.354s][info][gc,heap        ] GC(1434) Survivor regions: 51->10(19)
[618.354s][info][gc,heap        ] GC(1434) Old regions: 727->623
[618.354s][info][gc,heap        ] GC(1434) Humongous regions: 6->6
[618.354s][info][gc,metaspace   ] GC(1434) Metaspace: 19207K(19392K)->19207K(19392K) NonClass: 17378K(17536K)->17378K(17536K) Class: 1829K(1856K)->1829K(1856K)
[618.354s][info][gc             ] GC(1434) Pause Young (Normal) (G1 Evacuation Pause) 877M->637M(978M) 127.141ms
[618.354s][info][gc,cpu         ] GC(1434) User=0.24s Sys=0.01s Real=0.12s
[618.709s][info][gc,start       ] GC(1435) Pause Young (Normal) (G1 Evacuation Pause)
[618.710s][info][gc,task        ] GC(1435) Using 2 workers of 2 for evacuation
[618.750s][info][gc,phases      ] GC(1435)   Pre Evacuate Collection Set: 0.36ms
[618.750s][info][gc,phases      ] GC(1435)   Merge Heap Roots: 0.18ms
[618.750s][info][gc,phases      ] GC(1435)   Evacuate Collection Set: 39.17ms
[618.750s][info][gc,phases      ] GC(1435)   Post Evacuate Collection Set: 0.57ms
[618.750s][info][gc,phases      ] GC(1435)   Other: 0.09ms
[618.750s][info][gc,heap        ] GC(1435) Eden regions: 238->0(229)
[618.750s][info][gc,heap        ] GC(1435) Survivor regions: 10->31(31)
[618.750s][info][gc,heap        ] GC(1435) Old regions: 623->622
[618.750s][info][gc,heap        ] GC(1435) Humongous regions: 6->6
[618.750s][info][gc,metaspace   ] GC(1435) Metaspace: 19207K(19392K)->19207K(19392K) NonClass: 17378K(17536K)->17378K(17536K) Class: 1829K(1856K)->1829K(1856K)
[618.750s][info][gc             ] GC(1435) Pause Young (Normal) (G1 Evacuation Pause) 875M->657M(978M) 40.645ms
[618.750s][info][gc,cpu         ] GC(1435) User=0.08s Sys=0.00s Real=0.04s
[619.140s][info][gc,start       ] GC(1436) Pause Young (Normal) (G1 Evacuation Pause)
[619.141s][info][gc,task        ] GC(1436) Using 2 workers of 2 for evacuation
[619.228s][info][gc,phases      ] GC(1436)   Pre Evacuate Collection Set: 0.56ms
[619.228s][info][gc,phases      ] GC(1436)   Merge Heap Roots: 0.14ms
[619.228s][info][gc,phases      ] GC(1436)   Evacuate Collection Set: 86.20ms
[619.228s][info][gc,phases      ] GC(1436)   Post Evacuate Collection Set: 0.67ms
[619.228s][info][gc,phases      ] GC(1436)   Other: 0.11ms
[619.228s][info][gc,heap        ] GC(1436) Eden regions: 229->0(176)
[619.228s][info][gc,heap        ] GC(1436) Survivor regions: 31->33(33)
[619.228s][info][gc,heap        ] GC(1436) Old regions: 622->674
[619.228s][info][gc,heap        ] GC(1436) Humongous regions: 6->6
[619.228s][info][gc,metaspace   ] GC(1436) Metaspace: 19207K(19392K)->19207K(19392K) NonClass: 17378K(17536K)->17378K(17536K) Class: 1829K(1856K)->1829K(1856K)
[619.228s][info][gc             ] GC(1436) Pause Young (Normal) (G1 Evacuation Pause) 886M->712M(978M) 87.935ms
[619.228s][info][gc,cpu         ] GC(1436) User=0.17s Sys=0.00s Real=0.09s
[619.431s][info][gc,marking     ] GC(1433) Concurrent Mark From Roots 1190.260ms
[619.431s][info][gc,marking     ] GC(1433) Concurrent Preclean
[619.431s][info][gc,marking     ] GC(1433) Concurrent Preclean 0.049ms
[619.432s][info][gc,start       ] GC(1433) Pause Remark
[619.441s][info][gc             ] GC(1433) Pause Remark 852M->759M(978M) 9.240ms
[619.441s][info][gc,cpu         ] GC(1433) User=0.02s Sys=0.00s Real=0.01s
[619.443s][info][gc,marking     ] GC(1433) Concurrent Mark 1201.886ms
[619.443s][info][gc,marking     ] GC(1433) Concurrent Rebuild Remembered Sets and Scrub Regions
[619.554s][info][gc,start       ] GC(1437) Pause Young (Normal) (G1 Evacuation Pause)
[619.554s][info][gc,task        ] GC(1437) Using 2 workers of 2 for evacuation
[619.625s][info][gc,phases      ] GC(1437)   Pre Evacuate Collection Set: 0.33ms
[619.625s][info][gc,phases      ] GC(1437)   Merge Heap Roots: 0.39ms
[619.625s][info][gc,phases      ] GC(1437)   Evacuate Collection Set: 69.77ms
[619.625s][info][gc,phases      ] GC(1437)   Post Evacuate Collection Set: 0.58ms
[619.625s][info][gc,phases      ] GC(1437)   Other: 0.11ms
[619.625s][info][gc,heap        ] GC(1437) Eden regions: 176->0(228)
[619.625s][info][gc,heap        ] GC(1437) Survivor regions: 33->17(27)
[619.625s][info][gc,heap        ] GC(1437) Old regions: 583->616
[619.625s][info][gc,heap        ] GC(1437) Humongous regions: 7->7
[619.625s][info][gc,metaspace   ] GC(1437) Metaspace: 19207K(19392K)->19207K(19392K) NonClass: 17378K(17536K)->17378K(17536K) Class: 1829K(1856K)->1829K(1856K)
[619.625s][info][gc             ] GC(1437) Pause Young (Normal) (G1 Evacuation Pause) 798M->639M(978M) 71.468ms
[619.625s][info][gc,cpu         ] GC(1437) User=0.14s Sys=0.00s Real=0.08s
[620.000s][info][gc,start       ] GC(1438) Pause Young (Normal) (G1 Evacuation Pause)
[620.000s][info][gc,task        ] GC(1438) Using 2 workers of 2 for evacuation
[620.131s][info][gc,phases      ] GC(1438)   Pre Evacuate Collection Set: 0.54ms
[620.131s][info][gc,phases      ] GC(1438)   Merge Heap Roots: 0.54ms
[620.131s][info][gc,phases      ] GC(1438)   Evacuate Collection Set: 129.03ms
[620.131s][info][gc,phases      ] GC(1438)   Post Evacuate Collection Set: 0.80ms
[620.131s][info][gc,phases      ] GC(1438)   Other: 0.12ms
[620.131s][info][gc,heap        ] GC(1438) Eden regions: 228->0(149)
[620.131s][info][gc,heap        ] GC(1438) Survivor regions: 17->31(31)
[620.131s][info][gc,heap        ] GC(1438) Old regions: 616->683
[620.131s][info][gc,heap        ] GC(1438) Humongous regions: 7->7
[620.131s][info][gc,metaspace   ] GC(1438) Metaspace: 19207K(19392K)->19207K(19392K) NonClass: 17378K(17536K)->17378K(17536K) Class: 1829K(1856K)->1829K(1856K)
[620.131s][info][gc             ] GC(1438) Pause Young (Normal) (G1 Evacuation Pause) 867M->720M(978M) 131.353ms
[620.131s][info][gc,cpu         ] GC(1438) User=0.25s Sys=0.00s Real=0.13s
[620.263s][info][gc,start       ] GC(1439) Pause Young (Normal) (G1 Evacuation Pause)
[620.264s][info][gc,task        ] GC(1439) Using 2 workers of 2 for evacuation
[620.358s][info][gc,phases      ] GC(1439)   Pre Evacuate Collection Set: 0.56ms
[620.358s][info][gc,phases      ] GC(1439)   Merge Heap Roots: 0.80ms
[620.358s][info][gc,phases      ] GC(1439)   Evacuate Collection Set: 92.43ms
[620.358s][info][gc,phases      ] GC(1439)   Post Evacuate Collection Set: 0.85ms
[620.358s][info][gc,phases      ] GC(1439)   Other: 0.09ms
[620.358s][info][gc,heap        ] GC(1439) Eden regions: 149->0(127)
[620.358s][info][gc,heap        ] GC(1439) Survivor regions: 31->23(23)
[620.358s][info][gc,heap        ] GC(1439) Old regions: 683->730
[620.358s][info][gc,heap        ] GC(1439) Humongous regions: 7->7
[620.358s][info][gc,metaspace   ] GC(1439) Metaspace: 19207K(19392K)->19207K(19392K) NonClass: 17378K(17536K)->17378K(17536K) Class: 1829K(1856K)->1829K(1856K)
[620.358s][info][gc             ] GC(1439) Pause Young (Normal) (G1 Evacuation Pause) 869M->759M(978M) 95.005ms
[620.358s][info][gc,cpu         ] GC(1439) User=0.18s Sys=0.00s Real=0.10s
[620.471s][info][gc,start       ] GC(1440) Pause Young (Normal) (G1 Evacuation Pause)
[620.472s][info][gc,task        ] GC(1440) Using 2 workers of 2 for evacuation
[620.547s][info][gc,phases      ] GC(1440)   Pre Evacuate Collection Set: 0.58ms
[620.547s][info][gc,phases      ] GC(1440)   Merge Heap Roots: 0.48ms
[620.547s][info][gc,phases      ] GC(1440)   Evacuate Collection Set: 73.24ms
[620.547s][info][gc,phases      ] GC(1440)   Post Evacuate Collection Set: 0.66ms
[620.547s][info][gc,phases      ] GC(1440)   Other: 0.11ms
[620.547s][info][gc,heap        ] GC(1440) Eden regions: 127->0(112)
[620.547s][info][gc,heap        ] GC(1440) Survivor regions: 23->19(19)
[620.547s][info][gc,heap        ] GC(1440) Old regions: 730->763
[620.547s][info][gc,heap        ] GC(1440) Humongous regions: 7->7
[620.547s][info][gc,metaspace   ] GC(1440) Metaspace: 19207K(19392K)->19207K(19392K) NonClass: 17378K(17536K)->17378K(17536K) Class: 1829K(1856K)->1829K(1856K)
[620.547s][info][gc             ] GC(1440) Pause Young (Normal) (G1 Evacuation Pause) 886M->788M(978M) 75.344ms
[620.547s][info][gc,cpu         ] GC(1440) User=0.15s Sys=0.00s Real=0.08s
[620.547s][info][gc,marking     ] GC(1433) Concurrent Rebuild Remembered Sets and Scrub Regions 1104.510ms
[620.550s][info][gc,start       ] GC(1433) Pause Cleanup
[620.550s][info][gc             ] GC(1433) Pause Cleanup 790M->790M(978M) 0.178ms
[620.550s][info][gc,cpu         ] GC(1433) User=0.00s Sys=0.00s Real=0.00s
[620.550s][info][gc,marking     ] GC(1433) Concurrent Clear Claimed Marks
[620.550s][info][gc,marking     ] GC(1433) Concurrent Clear Claimed Marks 0.032ms
[620.550s][info][gc,marking     ] GC(1433) Concurrent Cleanup for Next Mark
[620.557s][info][gc,marking     ] GC(1433) Concurrent Cleanup for Next Mark 6.810ms
[620.557s][info][gc             ] GC(1433) Concurrent Mark Cycle 2528.117ms
[620.677s][info][gc,start       ] GC(1441) Pause Young (Prepare Mixed) (G1 Evacuation Pause)
[620.677s][info][gc,task        ] GC(1441) Using 2 workers of 2 for evacuation
[620.731s][info][gc,phases      ] GC(1441)   Pre Evacuate Collection Set: 0.56ms
[620.731s][info][gc,phases      ] GC(1441)   Merge Heap Roots: 0.52ms
[620.731s][info][gc,phases      ] GC(1441)   Evacuate Collection Set: 51.73ms
[620.731s][info][gc,phases      ] GC(1441)   Post Evacuate Collection Set: 0.68ms
[620.731s][info][gc,phases      ] GC(1441)   Other: 0.09ms
[620.731s][info][gc,heap        ] GC(1441) Eden regions: 112->0(111)
[620.731s][info][gc,heap        ] GC(1441) Survivor regions: 19->12(17)
[620.731s][info][gc,heap        ] GC(1441) Old regions: 763->782
[620.731s][info][gc,heap        ] GC(1441) Humongous regions: 7->7
[620.731s][info][gc,metaspace   ] GC(1441) Metaspace: 19207K(19392K)->19207K(19392K) NonClass: 17378K(17536K)->17378K(17536K) Class: 1829K(1856K)->1829K(1856K)
[620.731s][info][gc             ] GC(1441) Pause Young (Prepare Mixed) (G1 Evacuation Pause) 900M->800M(978M) 53.838ms
[620.731s][info][gc,cpu         ] GC(1441) User=0.11s Sys=0.00s Real=0.05s
[620.814s][info][gc,start       ] GC(1442) Pause Young (Mixed) (G1 Evacuation Pause)
[620.814s][info][gc,task        ] GC(1442) Using 2 workers of 2 for evacuation
[620.908s][info][gc,phases      ] GC(1442)   Pre Evacuate Collection Set: 0.60ms
[620.908s][info][gc,phases      ] GC(1442)   Merge Heap Roots: 1.49ms
[620.908s][info][gc,phases      ] GC(1442)   Evacuate Collection Set: 91.23ms
[620.908s][info][gc,phases      ] GC(1442)   Post Evacuate Collection Set: 0.98ms
[620.908s][info][gc,phases      ] GC(1442)   Other: 0.11ms
[620.908s][info][gc,heap        ] GC(1442) Eden regions: 111->0(153)
[620.908s][info][gc,heap        ] GC(1442) Survivor regions: 12->6(16)
[620.908s][info][gc,heap        ] GC(1442) Old regions: 782->730
[620.908s][info][gc,heap        ] GC(1442) Humongous regions: 7->7
[620.908s][info][gc,metaspace   ] GC(1442) Metaspace: 19207K(19392K)->19207K(19392K) NonClass: 17378K(17536K)->17378K(17536K) Class: 1829K(1856K)->1829K(1856K)
[620.908s][info][gc             ] GC(1442) Pause Young (Mixed) (G1 Evacuation Pause) 911M->742M(978M) 94.697ms
[620.908s][info][gc,cpu         ] GC(1442) User=0.19s Sys=0.00s Real=0.10s
[621.009s][info][gc,start       ] GC(1443) Pause Young (Mixed) (G1 Evacuation Pause)
[621.009s][info][gc,task        ] GC(1443) Using 2 workers of 2 for evacuation
[621.150s][info][gc,phases      ] GC(1443)   Pre Evacuate Collection Set: 0.60ms
[621.151s][info][gc,phases      ] GC(1443)   Merge Heap Roots: 0.86ms
[621.151s][info][gc,phases      ] GC(1443)   Evacuate Collection Set: 139.63ms
[621.151s][info][gc,phases      ] GC(1443)   Post Evacuate Collection Set: 0.47ms
[621.151s][info][gc,phases      ] GC(1443)   Other: 0.08ms
[621.151s][info][gc,heap        ] GC(1443) Eden regions: 98->0(158)
[621.151s][info][gc,heap        ] GC(1443) Survivor regions: 6->7(13)
[621.151s][info][gc,heap        ] GC(1443) Old regions: 730->730
[621.151s][info][gc,heap        ] GC(1443) Humongous regions: 7->7
[621.151s][info][gc,metaspace   ] GC(1443) Metaspace: 19207K(19392K)->19207K(19392K) NonClass: 17378K(17536K)->17378K(17536K) Class: 1829K(1856K)->1829K(1856K)
[621.151s][info][gc             ] GC(1443) Pause Young (Mixed) (G1 Evacuation Pause) 840M->743M(978M) 141.914ms
[621.151s][info][gc,cpu         ] GC(1443) User=0.28s Sys=0.00s Real=0.14s
[621.230s][info][gc,start       ] GC(1444) Pause Young (Concurrent Start) (G1 Humongous Allocation)
[621.230s][info][gc,task        ] GC(1444) Using 2 workers of 2 for evacuation
[621.259s][info][gc,phases      ] GC(1444)   Pre Evacuate Collection Set: 0.34ms
[621.259s][info][gc,phases      ] GC(1444)   Merge Heap Roots: 0.32ms
[621.259s][info][gc,phases      ] GC(1444)   Evacuate Collection Set: 27.78ms
[621.259s][info][gc,phases      ] GC(1444)   Post Evacuate Collection Set: 0.57ms
[621.259s][info][gc,phases      ] GC(1444)   Other: 0.10ms
[621.260s][info][gc,heap        ] GC(1444) Eden regions: 55->0(161)
[621.260s][info][gc,heap        ] GC(1444) Survivor regions: 7->13(21)
[621.260s][info][gc,heap        ] GC(1444) Old regions: 730->730
[621.260s][info][gc,heap        ] GC(1444) Humongous regions: 7->7
[621.260s][info][gc,metaspace   ] GC(1444) Metaspace: 19207K(19392K)->19207K(19392K) NonClass: 17378K(17536K)->17378K(17536K) Class: 1829K(1856K)->1829K(1856K)
[621.260s][info][gc             ] GC(1444) Pause Young (Concurrent Start) (G1 Humongous Allocation) 797M->749M(978M) 29.347ms
[621.260s][info][gc             ] GC(1445) Concurrent Mark Cycle
[621.260s][info][gc,marking     ] GC(1445) Concurrent Scan Root Regions
[621.261s][info][gc,cpu         ] GC(1444) User=0.06s Sys=0.00s Real=0.03s
[621.304s][info][gc,marking     ] GC(1445) Concurrent Scan Root Regions 44.521ms
[621.304s][info][gc,marking     ] GC(1445) Concurrent Mark
[621.304s][info][gc,marking     ] GC(1445) Concurrent Mark From Roots
[621.304s][info][gc,task        ] GC(1445) Using 1 workers of 1 for marking
[621.589s][info][gc,start       ] GC(1446) Pause Young (Normal) (G1 Evacuation Pause)
[621.589s][info][gc,task        ] GC(1446) Using 2 workers of 2 for evacuation
[621.674s][info][gc,phases      ] GC(1446)   Pre Evacuate Collection Set: 0.56ms
[621.674s][info][gc,phases      ] GC(1446)   Merge Heap Roots: 0.42ms
[621.674s][info][gc,phases      ] GC(1446)   Evacuate Collection Set: 83.20ms
[621.674s][info][gc,phases      ] GC(1446)   Post Evacuate Collection Set: 0.59ms
[621.674s][info][gc,phases      ] GC(1446)   Other: 0.10ms
[621.674s][info][gc,heap        ] GC(1446) Eden regions: 161->0(112)
[621.674s][info][gc,heap        ] GC(1446) Survivor regions: 13->22(22)
[621.674s][info][gc,heap        ] GC(1446) Old regions: 730->762
[621.674s][info][gc,heap        ] GC(1446) Humongous regions: 10->10
[621.674s][info][gc,metaspace   ] GC(1446) Metaspace: 19207K(19392K)->19207K(19392K) NonClass: 17378K(17536K)->17378K(17536K) Class: 1829K(1856K)->1829K(1856K)
[621.674s][info][gc             ] GC(1446) Pause Young (Normal) (G1 Evacuation Pause) 913M->793M(978M) 85.116ms
[621.674s][info][gc,cpu         ] GC(1446) User=0.17s Sys=0.00s Real=0.08s
[621.878s][info][gc,start       ] GC(1447) Pause Young (Normal) (G1 Evacuation Pause)
[621.879s][info][gc,task        ] GC(1447) Using 2 workers of 2 for evacuation
[621.938s][info][gc,phases      ] GC(1447)   Pre Evacuate Collection Set: 0.55ms
[621.938s][info][gc,phases      ] GC(1447)   Merge Heap Roots: 0.43ms
[621.938s][info][gc,phases      ] GC(1447)   Evacuate Collection Set: 57.65ms
[621.938s][info][gc,phases      ] GC(1447)   Post Evacuate Collection Set: 0.44ms
[621.938s][info][gc,phases      ] GC(1447)   Other: 0.08ms
[621.938s][info][gc,heap        ] GC(1447) Eden regions: 112->0(103)
[621.938s][info][gc,heap        ] GC(1447) Survivor regions: 22->15(17)
[621.938s][info][gc,heap        ] GC(1447) Old regions: 762->785
[621.938s][info][gc,heap        ] GC(1447) Humongous regions: 10->10
[621.938s][info][gc,metaspace   ] GC(1447) Metaspace: 19207K(19392K)->19207K(19392K) NonClass: 17378K(17536K)->17378K(17536K) Class: 1829K(1856K)->1829K(1856K)
[621.938s][info][gc             ] GC(1447) Pause Young (Normal) (G1 Evacuation Pause) 905M->808M(978M) 59.435ms
[621.938s][info][gc,cpu         ] GC(1447) User=0.11s Sys=0.00s Real=0.06s
[622.125s][info][gc,marking     ] GC(1445) Concurrent Mark From Roots 820.677ms
[622.125s][info][gc,marking     ] GC(1445) Concurrent Preclean
[622.125s][info][gc,marking     ] GC(1445) Concurrent Preclean 0.052ms
[622.125s][info][gc,start       ] GC(1445) Pause Remark
[622.135s][info][gc             ] GC(1445) Pause Remark 887M->485M(978M) 9.346ms
[622.135s][info][gc,cpu         ] GC(1445) User=0.02s Sys=0.00s Real=0.01s
[622.135s][info][gc,marking     ] GC(1445) Concurrent Mark 830.424ms
[622.135s][info][gc,marking     ] GC(1445) Concurrent Rebuild Remembered Sets and Scrub Regions
[622.172s][info][gc,start       ] GC(1448) Pause Young (Normal) (G1 Evacuation Pause)
[622.172s][info][gc,task        ] GC(1448) Using 2 workers of 2 for evacuation
[622.206s][info][gc,phases      ] GC(1448)   Pre Evacuate Collection Set: 0.54ms
[622.206s][info][gc,phases      ] GC(1448)   Merge Heap Roots: 0.20ms
[622.206s][info][gc,phases      ] GC(1448)   Evacuate Collection Set: 33.02ms
[622.206s][info][gc,phases      ] GC(1448)   Post Evacuate Collection Set: 0.40ms
[622.206s][info][gc,phases      ] GC(1448)   Other: 0.09ms
[622.206s][info][gc,heap        ] GC(1448) Eden regions: 103->0(375)
[622.206s][info][gc,heap        ] GC(1448) Survivor regions: 15->12(15)
[622.206s][info][gc,heap        ] GC(1448) Old regions: 388->402
[622.206s][info][gc,heap        ] GC(1448) Humongous regions: 5->5
[622.206s][info][gc,metaspace   ] GC(1448) Metaspace: 19207K(19392K)->19207K(19392K) NonClass: 17378K(17536K)->17378K(17536K) Class: 1829K(1856K)->1829K(1856K)
[622.206s][info][gc             ] GC(1448) Pause Young (Normal) (G1 Evacuation Pause) 509M->418M(978M) 34.528ms
[622.206s][info][gc,cpu         ] GC(1448) User=0.07s Sys=0.00s Real=0.04s
[622.422s][info][gc,marking     ] GC(1445) Concurrent Rebuild Remembered Sets and Scrub Regions 287.370ms
[622.422s][info][gc,start       ] GC(1445) Pause Cleanup
[622.422s][info][gc             ] GC(1445) Pause Cleanup 540M->540M(978M) 0.128ms
[622.422s][info][gc,cpu         ] GC(1445) User=0.00s Sys=0.00s Real=0.00s
[622.422s][info][gc,marking     ] GC(1445) Concurrent Clear Claimed Marks
[622.422s][info][gc,marking     ] GC(1445) Concurrent Clear Claimed Marks 0.034ms
[622.422s][info][gc,marking     ] GC(1445) Concurrent Cleanup for Next Mark
[622.425s][info][gc,marking     ] GC(1445) Concurrent Cleanup for Next Mark 2.939ms
[622.425s][info][gc             ] GC(1445) Concurrent Mark Cycle 1165.849ms
[622.772s][info][gc,start       ] GC(1449) Pause Young (Prepare Mixed) (G1 Evacuation Pause)
[622.772s][info][gc,task        ] GC(1449) Using 2 workers of 2 for evacuation
[622.809s][info][gc,phases      ] GC(1449)   Pre Evacuate Collection Set: 0.32ms
[622.809s][info][gc,phases      ] GC(1449)   Merge Heap Roots: 0.32ms
[622.809s][info][gc,phases      ] GC(1449)   Evacuate Collection Set: 35.05ms
[622.809s][info][gc,phases      ] GC(1449)   Post Evacuate Collection Set: 0.67ms
[622.809s][info][gc,phases      ] GC(1449)   Other: 0.09ms
[622.809s][info][gc,heap        ] GC(1449) Eden regions: 375->0(133)
[622.809s][info][gc,heap        ] GC(1449) Survivor regions: 12->25(49)
[622.809s][info][gc,heap        ] GC(1449) Old regions: 402->402
[622.809s][info][gc,heap        ] GC(1449) Humongous regions: 5->5
[622.809s][info][gc,metaspace   ] GC(1449) Metaspace: 19207K(19392K)->19207K(19392K) NonClass: 17378K(17536K)->17378K(17536K) Class: 1829K(1856K)->1829K(1856K)
[622.809s][info][gc             ] GC(1449) Pause Young (Prepare Mixed) (G1 Evacuation Pause) 793M->431M(978M) 36.743ms
[622.809s][info][gc,cpu         ] GC(1449) User=0.07s Sys=0.00s Real=0.04s
[623.103s][info][gc,start       ] GC(1450) Pause Young (Mixed) (G1 Evacuation Pause)
[623.103s][info][gc,task        ] GC(1450) Using 2 workers of 2 for evacuation
[623.153s][info][gc,phases      ] GC(1450)   Pre Evacuate Collection Set: 0.36ms
[623.153s][info][gc,phases      ] GC(1450)   Merge Heap Roots: 0.29ms
[623.153s][info][gc,phases      ] GC(1450)   Evacuate Collection Set: 49.14ms
[623.153s][info][gc,phases      ] GC(1450)   Post Evacuate Collection Set: 0.47ms
[623.153s][info][gc,phases      ] GC(1450)   Other: 0.09ms
[623.153s][info][gc,heap        ] GC(1450) Eden regions: 147->0(244)
[623.153s][info][gc,heap        ] GC(1450) Survivor regions: 25->15(22)
[623.153s][info][gc,heap        ] GC(1450) Old regions: 402->418
[623.153s][info][gc,heap        ] GC(1450) Humongous regions: 5->5
[623.153s][info][gc,metaspace   ] GC(1450) Metaspace: 19207K(19392K)->19207K(19392K) NonClass: 17378K(17536K)->17378K(17536K) Class: 1829K(1856K)->1829K(1856K)
[623.153s][info][gc             ] GC(1450) Pause Young (Mixed) (G1 Evacuation Pause) 578M->436M(978M) 50.622ms
[623.153s][info][gc,cpu         ] GC(1450) User=0.10s Sys=0.00s Real=0.05s
[623.879s][info][gc,start       ] GC(1451) Pause Young (Mixed) (G1 Evacuation Pause)
[623.879s][info][gc,task        ] GC(1451) Using 2 workers of 2 for evacuation
[623.903s][info][gc,phases      ] GC(1451)   Pre Evacuate Collection Set: 0.30ms
[623.903s][info][gc,phases      ] GC(1451)   Merge Heap Roots: 0.29ms
[623.903s][info][gc,phases      ] GC(1451)   Evacuate Collection Set: 22.12ms
[623.903s][info][gc,phases      ] GC(1451)   Post Evacuate Collection Set: 0.57ms
[623.903s][info][gc,phases      ] GC(1451)   Other: 0.12ms
[623.903s][info][gc,heap        ] GC(1451) Eden regions: 267->0(363)
[623.903s][info][gc,heap        ] GC(1451) Survivor regions: 15->15(36)
[623.903s][info][gc,heap        ] GC(1451) Old regions: 418->409
[623.903s][info][gc,heap        ] GC(1451) Humongous regions: 5->5
[623.903s][info][gc,metaspace   ] GC(1451) Metaspace: 19207K(19392K)->19207K(19392K) NonClass: 17378K(17536K)->17378K(17536K) Class: 1829K(1856K)->1829K(1856K)
[623.903s][info][gc             ] GC(1451) Pause Young (Mixed) (G1 Evacuation Pause) 703M->428M(978M) 23.676ms
[623.903s][info][gc,cpu         ] GC(1451) User=0.05s Sys=0.00s Real=0.02s
[624.422s][info][gc,start       ] GC(1452) Pause Young (Mixed) (G1 Evacuation Pause)
[624.422s][info][gc,task        ] GC(1452) Using 2 workers of 2 for evacuation
[624.528s][info][gc,phases      ] GC(1452)   Pre Evacuate Collection Set: 0.31ms
[624.528s][info][gc,phases      ] GC(1452)   Merge Heap Roots: 0.49ms
[624.528s][info][gc,phases      ] GC(1452)   Evacuate Collection Set: 103.72ms
[624.528s][info][gc,phases      ] GC(1452)   Post Evacuate Collection Set: 0.98ms
[624.528s][info][gc,phases      ] GC(1452)   Other: 0.14ms
[624.528s][info][gc,heap        ] GC(1452) Eden regions: 357->0(135)
[624.528s][info][gc,heap        ] GC(1452) Survivor regions: 15->47(47)
[624.528s][info][gc,heap        ] GC(1452) Old regions: 409->444
[624.528s][info][gc,heap        ] GC(1452) Humongous regions: 5->5
[624.528s][info][gc,metaspace   ] GC(1452) Metaspace: 19207K(19392K)->19207K(19392K) NonClass: 17378K(17536K)->17378K(17536K) Class: 1829K(1856K)->1829K(1856K)
[624.528s][info][gc             ] GC(1452) Pause Young (Mixed) (G1 Evacuation Pause) 785M->495M(978M) 105.902ms
[624.528s][info][gc,cpu         ] GC(1452) User=0.21s Sys=0.00s Real=0.11s
[624.718s][info][gc,start       ] GC(1453) Pause Young (Mixed) (G1 Evacuation Pause)
[624.718s][info][gc,task        ] GC(1453) Using 2 workers of 2 for evacuation
[624.787s][info][gc,phases      ] GC(1453)   Pre Evacuate Collection Set: 0.57ms
[624.787s][info][gc,phases      ] GC(1453)   Merge Heap Roots: 0.60ms
[624.787s][info][gc,phases      ] GC(1453)   Evacuate Collection Set: 66.96ms
[624.787s][info][gc,phases      ] GC(1453)   Post Evacuate Collection Set: 0.49ms
[624.787s][info][gc,phases      ] GC(1453)   Other: 0.12ms
[624.787s][info][gc,heap        ] GC(1453) Eden regions: 114->0(346)
[624.787s][info][gc,heap        ] GC(1453) Survivor regions: 47->3(21)
[624.787s][info][gc,heap        ] GC(1453) Old regions: 444->482
[624.787s][info][gc,heap        ] GC(1453) Humongous regions: 5->5
[624.787s][info][gc,metaspace   ] GC(1453) Metaspace: 19207K(19392K)->19207K(19392K) NonClass: 17378K(17536K)->17378K(17536K) Class: 1829K(1856K)->1829K(1856K)
[624.787s][info][gc             ] GC(1453) Pause Young (Mixed) (G1 Evacuation Pause) 609M->489M(978M) 68.986ms
[624.787s][info][gc,cpu         ] GC(1453) User=0.14s Sys=0.00s Real=0.07s
[625.296s][info][gc,start       ] GC(1454) Pause Young (Mixed) (G1 Evacuation Pause)
[625.296s][info][gc,task        ] GC(1454) Using 2 workers of 2 for evacuation
[625.395s][info][gc,phases      ] GC(1454)   Pre Evacuate Collection Set: 0.55ms
[625.395s][info][gc,phases      ] GC(1454)   Merge Heap Roots: 0.94ms
[625.395s][info][gc,phases      ] GC(1454)   Evacuate Collection Set: 96.39ms
[625.395s][info][gc,phases      ] GC(1454)   Post Evacuate Collection Set: 0.81ms
[625.395s][info][gc,phases      ] GC(1454)   Other: 0.12ms
[625.395s][info][gc,heap        ] GC(1454) Eden regions: 346->0(325)
[625.395s][info][gc,heap        ] GC(1454) Survivor regions: 3->44(44)
[625.395s][info][gc,heap        ] GC(1454) Old regions: 482->459
[625.395s][info][gc,heap        ] GC(1454) Humongous regions: 8->8
[625.395s][info][gc,metaspace   ] GC(1454) Metaspace: 19207K(19392K)->19207K(19392K) NonClass: 17378K(17536K)->17378K(17536K) Class: 1829K(1856K)->1829K(1856K)
[625.395s][info][gc             ] GC(1454) Pause Young (Mixed) (G1 Evacuation Pause) 838M->510M(978M) 99.054ms
[625.395s][info][gc,cpu         ] GC(1454) User=0.20s Sys=0.00s Real=0.10s
[625.615s][info][gc,start       ] GC(1455) Pause Young (Concurrent Start) (G1 Evacuation Pause)
[625.615s][info][gc,task        ] GC(1455) Using 2 workers of 2 for evacuation
[625.751s][info][gc,phases      ] GC(1455)   Pre Evacuate Collection Set: 0.34ms
[625.752s][info][gc,phases      ] GC(1455)   Merge Heap Roots: 0.41ms
[625.752s][info][gc,phases      ] GC(1455)   Evacuate Collection Set: 134.71ms
[625.752s][info][gc,phases      ] GC(1455)   Post Evacuate Collection Set: 0.80ms
[625.752s][info][gc,phases      ] GC(1455)   Other: 0.11ms
[625.752s][info][gc,heap        ] GC(1455) Eden regions: 325->0(278)
[625.752s][info][gc,heap        ] GC(1455) Survivor regions: 44->47(47)
[625.752s][info][gc,heap        ] GC(1455) Old regions: 459->513
[625.752s][info][gc,heap        ] GC(1455) Humongous regions: 8->8
[625.752s][info][gc,metaspace   ] GC(1455) Metaspace: 19210K(19392K)->19210K(19392K) NonClass: 17380K(17536K)->17380K(17536K) Class: 1829K(1856K)->1829K(1856K)
[625.752s][info][gc             ] GC(1455) Pause Young (Concurrent Start) (G1 Evacuation Pause) 835M->567M(978M) 136.651ms
[625.752s][info][gc             ] GC(1456) Concurrent Mark Cycle
[625.752s][info][gc,marking     ] GC(1456) Concurrent Scan Root Regions
[625.754s][info][gc,cpu         ] GC(1455) User=0.27s Sys=0.01s Real=0.14s
[625.882s][info][gc,marking     ] GC(1456) Concurrent Scan Root Regions 130.086ms
[625.882s][info][gc,marking     ] GC(1456) Concurrent Mark
[625.882s][info][gc,marking     ] GC(1456) Concurrent Mark From Roots
[625.882s][info][gc,task        ] GC(1456) Using 1 workers of 1 for marking
[626.093s][info][gc,start       ] GC(1457) Pause Young (Normal) (G1 Evacuation Pause)
[626.093s][info][gc,task        ] GC(1457) Using 2 workers of 2 for evacuation
[626.158s][info][gc,phases      ] GC(1457)   Pre Evacuate Collection Set: 0.35ms
[626.158s][info][gc,phases      ] GC(1457)   Merge Heap Roots: 0.38ms
[626.158s][info][gc,phases      ] GC(1457)   Evacuate Collection Set: 63.40ms
[626.158s][info][gc,phases      ] GC(1457)   Post Evacuate Collection Set: 0.61ms
[626.158s][info][gc,phases      ] GC(1457)   Other: 0.11ms
[626.158s][info][gc,heap        ] GC(1457) Eden regions: 278->0(292)
[626.158s][info][gc,heap        ] GC(1457) Survivor regions: 47->6(41)
[626.158s][info][gc,heap        ] GC(1457) Old regions: 513->561
[626.158s][info][gc,heap        ] GC(1457) Humongous regions: 8->8
[626.158s][info][gc,metaspace   ] GC(1457) Metaspace: 19210K(19392K)->19210K(19392K) NonClass: 17380K(17536K)->17380K(17536K) Class: 1829K(1856K)->1829K(1856K)
[626.158s][info][gc             ] GC(1457) Pause Young (Normal) (G1 Evacuation Pause) 845M->574M(978M) 65.115ms
[626.158s][info][gc,cpu         ] GC(1457) User=0.13s Sys=0.00s Real=0.07s
[626.596s][info][gc,start       ] GC(1458) Pause Young (Normal) (G1 Evacuation Pause)
[626.596s][info][gc,task        ] GC(1458) Using 2 workers of 2 for evacuation
[626.665s][info][gc,phases      ] GC(1458)   Pre Evacuate Collection Set: 0.29ms
[626.665s][info][gc,phases      ] GC(1458)   Merge Heap Roots: 0.35ms
[626.665s][info][gc,phases      ] GC(1458)   Evacuate Collection Set: 66.95ms
[626.665s][info][gc,phases      ] GC(1458)   Post Evacuate Collection Set: 0.58ms
[626.665s][info][gc,phases      ] GC(1458)   Other: 0.11ms
[626.665s][info][gc,heap        ] GC(1458) Eden regions: 292->0(253)
[626.665s][info][gc,heap        ] GC(1458) Survivor regions: 6->38(38)
[626.665s][info][gc,heap        ] GC(1458) Old regions: 561->569
[626.665s][info][gc,heap        ] GC(1458) Humongous regions: 9->9
[626.665s][info][gc,metaspace   ] GC(1458) Metaspace: 19210K(19392K)->19210K(19392K) NonClass: 17380K(17536K)->17380K(17536K) Class: 1829K(1856K)->1829K(1856K)
[626.665s][info][gc             ] GC(1458) Pause Young (Normal) (G1 Evacuation Pause) 867M->615M(978M) 68.526ms
[626.665s][info][gc,cpu         ] GC(1458) User=0.14s Sys=0.00s Real=0.07s
[626.852s][info][gc,marking     ] GC(1456) Concurrent Mark From Roots 970.529ms
[626.853s][info][gc,marking     ] GC(1456) Concurrent Preclean
[626.853s][info][gc,marking     ] GC(1456) Concurrent Preclean 0.051ms
[626.853s][info][gc,start       ] GC(1456) Pause Remark
[626.862s][info][gc             ] GC(1456) Pause Remark 763M->667M(978M) 9.028ms
[626.862s][info][gc,cpu         ] GC(1456) User=0.02s Sys=0.00s Real=0.01s
[626.862s][info][gc,marking     ] GC(1456) Concurrent Mark 979.960ms
[626.862s][info][gc,marking     ] GC(1456) Concurrent Rebuild Remembered Sets and Scrub Regions
[627.066s][info][gc,start       ] GC(1459) Pause Young (Normal) (G1 Evacuation Pause)
[627.066s][info][gc,task        ] GC(1459) Using 2 workers of 2 for evacuation
[627.143s][info][gc,phases      ] GC(1459)   Pre Evacuate Collection Set: 0.56ms
[627.143s][info][gc,phases      ] GC(1459)   Merge Heap Roots: 0.43ms
[627.143s][info][gc,phases      ] GC(1459)   Evacuate Collection Set: 74.99ms
[627.143s][info][gc,phases      ] GC(1459)   Post Evacuate Collection Set: 0.59ms
[627.143s][info][gc,phases      ] GC(1459)   Other: 0.11ms
[627.143s][info][gc,heap        ] GC(1459) Eden regions: 253->0(316)
[627.143s][info][gc,heap        ] GC(1459) Survivor regions: 38->18(37)
[627.143s][info][gc,heap        ] GC(1459) Old regions: 477->516
[627.143s][info][gc,heap        ] GC(1459) Humongous regions: 5->5
[627.143s][info][gc,metaspace   ] GC(1459) Metaspace: 19210K(19392K)->19210K(19392K) NonClass: 17380K(17536K)->17380K(17536K) Class: 1829K(1856K)->1829K(1856K)
[627.143s][info][gc             ] GC(1459) Pause Young (Normal) (G1 Evacuation Pause) 772M->537M(978M) 76.968ms
[627.143s][info][gc,cpu         ] GC(1459) User=0.15s Sys=0.00s Real=0.07s
[627.330s][info][gc,marking     ] GC(1456) Concurrent Rebuild Remembered Sets and Scrub Regions 467.772ms
[627.330s][info][gc,start       ] GC(1456) Pause Cleanup
[627.330s][info][gc             ] GC(1456) Pause Cleanup 563M->563M(978M) 0.156ms
[627.330s][info][gc,cpu         ] GC(1456) User=0.00s Sys=0.00s Real=0.00s
[627.330s][info][gc,marking     ] GC(1456) Concurrent Clear Claimed Marks
[627.330s][info][gc,marking     ] GC(1456) Concurrent Clear Claimed Marks 0.034ms
[627.330s][info][gc,marking     ] GC(1456) Concurrent Cleanup for Next Mark
[627.333s][info][gc,marking     ] GC(1456) Concurrent Cleanup for Next Mark 2.982ms
[627.333s][info][gc             ] GC(1456) Concurrent Mark Cycle 1581.430ms
[628.045s][info][gc,start       ] GC(1460) Pause Young (Prepare Mixed) (G1 Evacuation Pause)
[628.045s][info][gc,task        ] GC(1460) Using 2 workers of 2 for evacuation
[628.098s][info][gc,phases      ] GC(1460)   Pre Evacuate Collection Set: 0.55ms
[628.098s][info][gc,phases      ] GC(1460)   Merge Heap Roots: 0.48ms
[628.098s][info][gc,phases      ] GC(1460)   Evacuate Collection Set: 50.99ms
[628.098s][info][gc,phases      ] GC(1460)   Post Evacuate Collection Set: 0.72ms
[628.098s][info][gc,phases      ] GC(1460)   Other: 0.12ms
[628.098s][info][gc,heap        ] GC(1460) Eden regions: 316->0(315)
[628.098s][info][gc,heap        ] GC(1460) Survivor regions: 18->34(42)
[628.098s][info][gc,heap        ] GC(1460) Old regions: 516->516
[628.098s][info][gc,heap        ] GC(1460) Humongous regions: 5->5
[628.098s][info][gc,metaspace   ] GC(1460) Metaspace: 19210K(19392K)->19210K(19392K) NonClass: 17380K(17536K)->17380K(17536K) Class: 1829K(1856K)->1829K(1856K)
[628.098s][info][gc             ] GC(1460) Pause Young (Prepare Mixed) (G1 Evacuation Pause) 853M->554M(978M) 53.108ms
[628.098s][info][gc,cpu         ] GC(1460) User=0.10s Sys=0.00s Real=0.05s
[628.476s][info][gc,start       ] GC(1461) Pause Young (Mixed) (G1 Evacuation Pause)
[628.476s][info][gc,task        ] GC(1461) Using 2 workers of 2 for evacuation
[628.597s][info][gc,phases      ] GC(1461)   Pre Evacuate Collection Set: 0.59ms
[628.597s][info][gc,phases      ] GC(1461)   Merge Heap Roots: 0.65ms
[628.597s][info][gc,phases      ] GC(1461)   Evacuate Collection Set: 118.78ms
[628.597s][info][gc,phases      ] GC(1461)   Post Evacuate Collection Set: 1.01ms
[628.597s][info][gc,phases      ] GC(1461)   Other: 0.11ms
[628.597s][info][gc,heap        ] GC(1461) Eden regions: 315->0(230)
[628.597s][info][gc,heap        ] GC(1461) Survivor regions: 34->44(44)
[628.597s][info][gc,heap        ] GC(1461) Old regions: 516->482
[628.597s][info][gc,heap        ] GC(1461) Humongous regions: 5->5
[628.597s][info][gc,metaspace   ] GC(1461) Metaspace: 19210K(19392K)->19210K(19392K) NonClass: 17380K(17536K)->17380K(17536K) Class: 1829K(1856K)->1829K(1856K)
[628.597s][info][gc             ] GC(1461) Pause Young (Mixed) (G1 Evacuation Pause) 869M->530M(978M) 121.392ms
[628.597s][info][gc,cpu         ] GC(1461) User=0.24s Sys=0.00s Real=0.12s
[628.958s][info][gc,start       ] GC(1462) Pause Young (Mixed) (G1 Evacuation Pause)
[628.958s][info][gc,task        ] GC(1462) Using 2 workers of 2 for evacuation
[629.066s][info][gc,phases      ] GC(1462)   Pre Evacuate Collection Set: 0.34ms
[629.066s][info][gc,phases      ] GC(1462)   Merge Heap Roots: 0.85ms
[629.066s][info][gc,phases      ] GC(1462)   Evacuate Collection Set: 106.51ms
[629.066s][info][gc,phases      ] GC(1462)   Post Evacuate Collection Set: 0.64ms
[629.066s][info][gc,phases      ] GC(1462)   Other: 0.14ms
[629.066s][info][gc,heap        ] GC(1462) Eden regions: 267->0(287)
[629.066s][info][gc,heap        ] GC(1462) Survivor regions: 44->37(39)
[629.066s][info][gc,heap        ] GC(1462) Old regions: 482->526
[629.066s][info][gc,heap        ] GC(1462) Humongous regions: 5->5
[629.066s][info][gc,metaspace   ] GC(1462) Metaspace: 19210K(19392K)->19210K(19392K) NonClass: 17380K(17536K)->17380K(17536K) Class: 1829K(1856K)->1829K(1856K)
[629.066s][info][gc             ] GC(1462) Pause Young (Mixed) (G1 Evacuation Pause) 797M->567M(978M) 108.751ms
[629.066s][info][gc,cpu         ] GC(1462) User=0.22s Sys=0.00s Real=0.11s
[629.100s][info][gc,start       ] GC(1463) Pause Young (Concurrent Start) (G1 Humongous Allocation)
[629.100s][info][gc,task        ] GC(1463) Using 2 workers of 2 for evacuation
[629.149s][info][gc,phases      ] GC(1463)   Pre Evacuate Collection Set: 0.39ms
[629.149s][info][gc,phases      ] GC(1463)   Merge Heap Roots: 0.24ms
[629.149s][info][gc,phases      ] GC(1463)   Evacuate Collection Set: 47.78ms
[629.149s][info][gc,phases      ] GC(1463)   Post Evacuate Collection Set: 0.38ms
[629.149s][info][gc,phases      ] GC(1463)   Other: 0.23ms
[629.149s][info][gc,heap        ] GC(1463) Eden regions: 15->0(301)
[629.149s][info][gc,heap        ] GC(1463) Survivor regions: 37->6(41)
[629.149s][info][gc,heap        ] GC(1463) Old regions: 526->562
[629.149s][info][gc,heap        ] GC(1463) Humongous regions: 5->5
[629.149s][info][gc,metaspace   ] GC(1463) Metaspace: 19210K(19392K)->19210K(19392K) NonClass: 17380K(17536K)->17380K(17536K) Class: 1829K(1856K)->1829K(1856K)
[629.149s][info][gc             ] GC(1463) Pause Young (Concurrent Start) (G1 Humongous Allocation) 582M->572M(978M) 49.264ms
[629.149s][info][gc,cpu         ] GC(1463) User=0.10s Sys=0.00s Real=0.05s
[629.149s][info][gc             ] GC(1464) Concurrent Mark Cycle
[629.151s][info][gc,marking     ] GC(1464) Concurrent Scan Root Regions
[629.216s][info][gc,marking     ] GC(1464) Concurrent Scan Root Regions 64.292ms
[629.216s][info][gc,marking     ] GC(1464) Concurrent Mark
[629.216s][info][gc,marking     ] GC(1464) Concurrent Mark From Roots
[629.216s][info][gc,task        ] GC(1464) Using 1 workers of 1 for marking
[629.711s][info][gc,start       ] GC(1465) Pause Young (Normal) (G1 Evacuation Pause)
[629.711s][info][gc,task        ] GC(1465) Using 2 workers of 2 for evacuation
[629.814s][info][gc,phases      ] GC(1465)   Pre Evacuate Collection Set: 0.33ms
[629.814s][info][gc,phases      ] GC(1465)   Merge Heap Roots: 0.56ms
[629.814s][info][gc,phases      ] GC(1465)   Evacuate Collection Set: 100.75ms
[629.814s][info][gc,phases      ] GC(1465)   Post Evacuate Collection Set: 0.63ms
[629.814s][info][gc,phases      ] GC(1465)   Other: 0.11ms
[629.814s][info][gc,heap        ] GC(1465) Eden regions: 301->0(245)
[629.814s][info][gc,heap        ] GC(1465) Survivor regions: 6->39(39)
[629.814s][info][gc,heap        ] GC(1465) Old regions: 562->588
[629.814s][info][gc,heap        ] GC(1465) Humongous regions: 8->8
[629.814s][info][gc,metaspace   ] GC(1465) Metaspace: 19210K(19392K)->19210K(19392K) NonClass: 17380K(17536K)->17380K(17536K) Class: 1829K(1856K)->1829K(1856K)
[629.814s][info][gc             ] GC(1465) Pause Young (Normal) (G1 Evacuation Pause) 876M->634M(978M) 102.664ms
[629.814s][info][gc,cpu         ] GC(1465) User=0.20s Sys=0.00s Real=0.10s
[630.253s][info][gc,start       ] GC(1466) Pause Young (Normal) (G1 Evacuation Pause)
[630.253s][info][gc,task        ] GC(1466) Using 2 workers of 2 for evacuation
[630.347s][info][gc,phases      ] GC(1466)   Pre Evacuate Collection Set: 0.59ms
[630.347s][info][gc,phases      ] GC(1466)   Merge Heap Roots: 0.33ms
[630.347s][info][gc,phases      ] GC(1466)   Evacuate Collection Set: 92.55ms
[630.347s][info][gc,phases      ] GC(1466)   Post Evacuate Collection Set: 0.65ms
[630.347s][info][gc,phases      ] GC(1466)   Other: 0.10ms
[630.347s][info][gc,heap        ] GC(1466) Eden regions: 245->0(241)
[630.347s][info][gc,heap        ] GC(1466) Survivor regions: 39->16(36)
[630.347s][info][gc,heap        ] GC(1466) Old regions: 588->627
[630.347s][info][gc,heap        ] GC(1466) Humongous regions: 8->8
[630.347s][info][gc,metaspace   ] GC(1466) Metaspace: 19210K(19392K)->19210K(19392K) NonClass: 17380K(17536K)->17380K(17536K) Class: 1829K(1856K)->1829K(1856K)
[630.347s][info][gc             ] GC(1466) Pause Young (Normal) (G1 Evacuation Pause) 879M->650M(978M) 94.495ms
[630.347s][info][gc,cpu         ] GC(1466) User=0.18s Sys=0.00s Real=0.10s
[630.778s][info][gc,start       ] GC(1467) Pause Young (Normal) (G1 Evacuation Pause)
[630.778s][info][gc,task        ] GC(1467) Using 2 workers of 2 for evacuation
[630.859s][info][gc,phases      ] GC(1467)   Pre Evacuate Collection Set: 0.33ms
[630.859s][info][gc,phases      ] GC(1467)   Merge Heap Roots: 0.15ms
[630.859s][info][gc,phases      ] GC(1467)   Evacuate Collection Set: 79.04ms
[630.859s][info][gc,phases      ] GC(1467)   Post Evacuate Collection Set: 0.87ms
[630.859s][info][gc,phases      ] GC(1467)   Other: 0.12ms
[630.859s][info][gc,heap        ] GC(1467) Eden regions: 241->0(181)
[630.859s][info][gc,heap        ] GC(1467) Survivor regions: 16->33(33)
[630.859s][info][gc,heap        ] GC(1467) Old regions: 627->672
[630.859s][info][gc,heap        ] GC(1467) Humongous regions: 8->8
[630.859s][info][gc,metaspace   ] GC(1467) Metaspace: 19210K(19392K)->19210K(19392K) NonClass: 17380K(17536K)->17380K(17536K) Class: 1829K(1856K)->1829K(1856K)
[630.859s][info][gc             ] GC(1467) Pause Young (Normal) (G1 Evacuation Pause) 891M->712M(978M) 80.816ms
[630.859s][info][gc,cpu         ] GC(1467) User=0.16s Sys=0.00s Real=0.08s
[630.873s][info][gc,marking     ] GC(1464) Concurrent Mark From Roots 1657.831ms
[630.873s][info][gc,marking     ] GC(1464) Concurrent Preclean
[630.874s][info][gc,marking     ] GC(1464) Concurrent Preclean 0.051ms
[630.874s][info][gc,start       ] GC(1464) Pause Remark
[630.883s][info][gc             ] GC(1464) Pause Remark 719M->673M(978M) 9.275ms
[630.883s][info][gc,cpu         ] GC(1464) User=0.01s Sys=0.00s Real=0.01s
[630.883s][info][gc,marking     ] GC(1464) Concurrent Mark 1667.541ms
[630.883s][info][gc,marking     ] GC(1464) Concurrent Rebuild Remembered Sets and Scrub Regions
[631.282s][info][gc,start       ] GC(1468) Pause Young (Normal) (G1 Evacuation Pause)
[631.282s][info][gc,task        ] GC(1468) Using 2 workers of 2 for evacuation
[631.362s][info][gc,phases      ] GC(1468)   Pre Evacuate Collection Set: 0.56ms
[631.362s][info][gc,phases      ] GC(1468)   Merge Heap Roots: 0.80ms
[631.362s][info][gc,phases      ] GC(1468)   Evacuate Collection Set: 78.24ms
[631.362s][info][gc,phases      ] GC(1468)   Post Evacuate Collection Set: 0.65ms
[631.362s][info][gc,phases      ] GC(1468)   Other: 0.10ms
[631.362s][info][gc,heap        ] GC(1468) Eden regions: 181->0(199)
[631.362s][info][gc,heap        ] GC(1468) Survivor regions: 33->22(27)
[631.362s][info][gc,heap        ] GC(1468) Old regions: 627->660
[631.362s][info][gc,heap        ] GC(1468) Humongous regions: 7->7
[631.362s][info][gc,metaspace   ] GC(1468) Metaspace: 19210K(19392K)->19210K(19392K) NonClass: 17380K(17536K)->17380K(17536K) Class: 1829K(1856K)->1829K(1856K)
[631.362s][info][gc             ] GC(1468) Pause Young (Normal) (G1 Evacuation Pause) 847M->688M(978M) 80.647ms
[631.362s][info][gc,cpu         ] GC(1468) User=0.16s Sys=0.00s Real=0.08s
[631.677s][info][gc,marking     ] GC(1464) Concurrent Rebuild Remembered Sets and Scrub Regions 793.442ms
[631.677s][info][gc,start       ] GC(1464) Pause Cleanup
[631.677s][info][gc             ] GC(1464) Pause Cleanup 839M->839M(978M) 0.139ms
[631.677s][info][gc,cpu         ] GC(1464) User=0.00s Sys=0.00s Real=0.00s
[631.678s][info][gc,marking     ] GC(1464) Concurrent Clear Claimed Marks
[631.678s][info][gc,marking     ] GC(1464) Concurrent Clear Claimed Marks 0.043ms
[631.678s][info][gc,marking     ] GC(1464) Concurrent Cleanup for Next Mark
[631.685s][info][gc,marking     ] GC(1464) Concurrent Cleanup for Next Mark 7.008ms
[631.685s][info][gc             ] GC(1464) Concurrent Mark Cycle 2535.833ms
[631.779s][info][gc,start       ] GC(1469) Pause Young (Prepare Mixed) (G1 Evacuation Pause)
[631.779s][info][gc,task        ] GC(1469) Using 2 workers of 2 for evacuation
[631.902s][info][gc,phases      ] GC(1469)   Pre Evacuate Collection Set: 0.44ms
[631.903s][info][gc,phases      ] GC(1469)   Merge Heap Roots: 1.01ms
[631.903s][info][gc,phases      ] GC(1469)   Evacuate Collection Set: 121.25ms
[631.903s][info][gc,phases      ] GC(1469)   Post Evacuate Collection Set: 0.67ms
[631.903s][info][gc,phases      ] GC(1469)   Other: 0.11ms
[631.903s][info][gc,heap        ] GC(1469) Eden regions: 199->0(151)
[631.903s][info][gc,heap        ] GC(1469) Survivor regions: 22->28(28)
[631.903s][info][gc,heap        ] GC(1469) Old regions: 660->707
[631.903s][info][gc,heap        ] GC(1469) Humongous regions: 10->10
[631.903s][info][gc,metaspace   ] GC(1469) Metaspace: 19210K(19392K)->19210K(19392K) NonClass: 17380K(17536K)->17380K(17536K) Class: 1829K(1856K)->1829K(1856K)
[631.903s][info][gc             ] GC(1469) Pause Young (Prepare Mixed) (G1 Evacuation Pause) 890M->744M(978M) 123.777ms
[631.903s][info][gc,cpu         ] GC(1469) User=0.25s Sys=0.00s Real=0.12s
[632.095s][info][gc,start       ] GC(1470) Pause Young (Mixed) (G1 Evacuation Pause)
[632.095s][info][gc,task        ] GC(1470) Using 2 workers of 2 for evacuation
[632.220s][info][gc,phases      ] GC(1470)   Pre Evacuate Collection Set: 0.58ms
[632.220s][info][gc,phases      ] GC(1470)   Merge Heap Roots: 1.20ms
[632.220s][info][gc,phases      ] GC(1470)   Evacuate Collection Set: 121.92ms
[632.220s][info][gc,phases      ] GC(1470)   Post Evacuate Collection Set: 0.68ms
[632.220s][info][gc,phases      ] GC(1470)   Other: 0.09ms
[632.220s][info][gc,heap        ] GC(1470) Eden regions: 151->0(165)
[632.220s][info][gc,heap        ] GC(1470) Survivor regions: 28->20(23)
[632.220s][info][gc,heap        ] GC(1470) Old regions: 707->695
[632.220s][info][gc,heap        ] GC(1470) Humongous regions: 10->10
[632.220s][info][gc,metaspace   ] GC(1470) Metaspace: 19210K(19392K)->19210K(19392K) NonClass: 17380K(17536K)->17380K(17536K) Class: 1829K(1856K)->1829K(1856K)
[632.220s][info][gc             ] GC(1470) Pause Young (Mixed) (G1 Evacuation Pause) 895M->724M(978M) 124.750ms
[632.220s][info][gc,cpu         ] GC(1470) User=0.25s Sys=0.00s Real=0.12s
[632.385s][info][gc,start       ] GC(1471) Pause Young (Concurrent Start) (G1 Evacuation Pause)
[632.385s][info][gc,task        ] GC(1471) Using 2 workers of 2 for evacuation
[632.414s][info][gc,phases      ] GC(1471)   Pre Evacuate Collection Set: 0.39ms
[632.414s][info][gc,phases      ] GC(1471)   Merge Heap Roots: 0.23ms
[632.414s][info][gc,phases      ] GC(1471)   Evacuate Collection Set: 27.73ms
[632.414s][info][gc,phases      ] GC(1471)   Post Evacuate Collection Set: 0.49ms
[632.414s][info][gc,phases      ] GC(1471)   Other: 0.24ms
[632.414s][info][gc,heap        ] GC(1471) Eden regions: 165->0(177)
[632.414s][info][gc,heap        ] GC(1471) Survivor regions: 20->1(24)
[632.414s][info][gc,heap        ] GC(1471) Old regions: 695->714
[632.414s][info][gc,heap        ] GC(1471) Humongous regions: 10->10
[632.414s][info][gc,metaspace   ] GC(1471) Metaspace: 19210K(19392K)->19210K(19392K) NonClass: 17380K(17536K)->17380K(17536K) Class: 1829K(1856K)->1829K(1856K)
[632.414s][info][gc             ] GC(1471) Pause Young (Concurrent Start) (G1 Evacuation Pause) 889M->724M(978M) 29.383ms
[632.414s][info][gc             ] GC(1472) Concurrent Mark Cycle
[632.414s][info][gc,marking     ] GC(1472) Concurrent Scan Root Regions
[632.415s][info][gc,cpu         ] GC(1471) User=0.06s Sys=0.00s Real=0.03s
[632.456s][info][gc,marking     ] GC(1472) Concurrent Scan Root Regions 41.219ms
[632.456s][info][gc,marking     ] GC(1472) Concurrent Mark
[632.456s][info][gc,marking     ] GC(1472) Concurrent Mark From Roots
[632.456s][info][gc,task        ] GC(1472) Using 1 workers of 1 for marking
[632.793s][info][gc,start       ] GC(1473) Pause Young (Normal) (G1 Evacuation Pause)
[632.793s][info][gc,task        ] GC(1473) Using 2 workers of 2 for evacuation
[632.808s][info][gc,phases      ] GC(1473)   Pre Evacuate Collection Set: 0.56ms
[632.808s][info][gc,phases      ] GC(1473)   Merge Heap Roots: 0.21ms
[632.808s][info][gc,phases      ] GC(1473)   Evacuate Collection Set: 13.68ms
[632.808s][info][gc,phases      ] GC(1473)   Post Evacuate Collection Set: 0.45ms
[632.808s][info][gc,phases      ] GC(1473)   Other: 0.09ms
[632.808s][info][gc,heap        ] GC(1473) Eden regions: 177->0(183)
[632.808s][info][gc,heap        ] GC(1473) Survivor regions: 1->5(23)
[632.808s][info][gc,heap        ] GC(1473) Old regions: 714->714
[632.808s][info][gc,heap        ] GC(1473) Humongous regions: 10->10
[632.808s][info][gc,metaspace   ] GC(1473) Metaspace: 19210K(19392K)->19210K(19392K) NonClass: 17380K(17536K)->17380K(17536K) Class: 1829K(1856K)->1829K(1856K)
[632.808s][info][gc             ] GC(1473) Pause Young (Normal) (G1 Evacuation Pause) 901M->728M(978M) 15.267ms
[632.808s][info][gc,cpu         ] GC(1473) User=0.03s Sys=0.00s Real=0.02s
[633.358s][info][gc,start       ] GC(1474) Pause Young (Normal) (G1 Evacuation Pause)
[633.358s][info][gc,task        ] GC(1474) Using 2 workers of 2 for evacuation
[633.388s][info][gc,phases      ] GC(1474)   Pre Evacuate Collection Set: 0.35ms
[633.388s][info][gc,phases      ] GC(1474)   Merge Heap Roots: 0.20ms
[633.388s][info][gc,phases      ] GC(1474)   Evacuate Collection Set: 28.44ms
[633.388s][info][gc,phases      ] GC(1474)   Post Evacuate Collection Set: 0.50ms
[633.388s][info][gc,phases      ] GC(1474)   Other: 0.09ms
[633.388s][info][gc,heap        ] GC(1474) Eden regions: 183->0(162)
[633.388s][info][gc,heap        ] GC(1474) Survivor regions: 5->21(24)
[633.388s][info][gc,heap        ] GC(1474) Old regions: 714->714
[633.388s][info][gc,heap        ] GC(1474) Humongous regions: 10->10
[633.388s][info][gc,metaspace   ] GC(1474) Metaspace: 19210K(19392K)->19210K(19392K) NonClass: 17380K(17536K)->17380K(17536K) Class: 1829K(1856K)->1829K(1856K)
[633.388s][info][gc             ] GC(1474) Pause Young (Normal) (G1 Evacuation Pause) 911M->744M(978M) 29.895ms
[633.388s][info][gc,cpu         ] GC(1474) User=0.06s Sys=0.00s Real=0.03s
[633.998s][info][gc,start       ] GC(1475) Pause Young (Normal) (G1 Evacuation Pause)
[633.998s][info][gc,task        ] GC(1475) Using 2 workers of 2 for evacuation
[634.044s][info][gc,phases      ] GC(1475)   Pre Evacuate Collection Set: 0.32ms
[634.044s][info][gc,phases      ] GC(1475)   Merge Heap Roots: 0.29ms
[634.044s][info][gc,phases      ] GC(1475)   Evacuate Collection Set: 44.51ms
[634.044s][info][gc,phases      ] GC(1475)   Post Evacuate Collection Set: 0.49ms
[634.044s][info][gc,phases      ] GC(1475)   Other: 0.11ms
[634.044s][info][gc,heap        ] GC(1475) Eden regions: 162->0(157)
[634.044s][info][gc,heap        ] GC(1475) Survivor regions: 21->13(23)
[634.044s][info][gc,heap        ] GC(1475) Old regions: 714->735
[634.044s][info][gc,heap        ] GC(1475) Humongous regions: 10->10
[634.044s][info][gc,metaspace   ] GC(1475) Metaspace: 19210K(19392K)->19210K(19392K) NonClass: 17380K(17536K)->17380K(17536K) Class: 1829K(1856K)->1829K(1856K)
[634.044s][info][gc             ] GC(1475) Pause Young (Normal) (G1 Evacuation Pause) 906M->757M(978M) 45.994ms
[634.044s][info][gc,cpu         ] GC(1475) User=0.09s Sys=0.00s Real=0.05s
[634.381s][info][gc,marking     ] GC(1472) Concurrent Mark From Roots 1925.042ms
[634.381s][info][gc,marking     ] GC(1472) Concurrent Preclean
[634.381s][info][gc,marking     ] GC(1472) Concurrent Preclean 0.056ms
[634.381s][info][gc,start       ] GC(1472) Pause Remark
[634.390s][info][gc             ] GC(1472) Pause Remark 835M->693M(978M) 9.217ms
[634.390s][info][gc,cpu         ] GC(1472) User=0.02s Sys=0.00s Real=0.01s
[634.390s][info][gc,marking     ] GC(1472) Concurrent Mark 1934.708ms
[634.390s][info][gc,marking     ] GC(1472) Concurrent Rebuild Remembered Sets and Scrub Regions
[634.673s][info][gc,start       ] GC(1476) Pause Young (Normal) (G1 Evacuation Pause)
[634.674s][info][gc,task        ] GC(1476) Using 2 workers of 2 for evacuation
[634.690s][info][gc,phases      ] GC(1476)   Pre Evacuate Collection Set: 0.34ms
[634.690s][info][gc,phases      ] GC(1476)   Merge Heap Roots: 0.14ms
[634.690s][info][gc,phases      ] GC(1476)   Evacuate Collection Set: 15.38ms
[634.690s][info][gc,phases      ] GC(1476)   Post Evacuate Collection Set: 0.45ms
[634.690s][info][gc,phases      ] GC(1476)   Other: 0.09ms
[634.690s][info][gc,heap        ] GC(1476) Eden regions: 157->0(268)
[634.690s][info][gc,heap        ] GC(1476) Survivor regions: 13->1(22)
[634.690s][info][gc,heap        ] GC(1476) Old regions: 597->610
[634.690s][info][gc,heap        ] GC(1476) Humongous regions: 6->6
[634.690s][info][gc,metaspace   ] GC(1476) Metaspace: 19210K(19392K)->19210K(19392K) NonClass: 17380K(17536K)->17380K(17536K) Class: 1829K(1856K)->1829K(1856K)
[634.690s][info][gc             ] GC(1476) Pause Young (Normal) (G1 Evacuation Pause) 772M->616M(978M) 16.669ms
[634.690s][info][gc,cpu         ] GC(1476) User=0.03s Sys=0.00s Real=0.02s
[635.161s][info][gc,marking     ] GC(1472) Concurrent Rebuild Remembered Sets and Scrub Regions 771.056ms
[635.162s][info][gc,start       ] GC(1472) Pause Cleanup
[635.162s][info][gc             ] GC(1472) Pause Cleanup 749M->749M(978M) 0.144ms
[635.162s][info][gc,cpu         ] GC(1472) User=0.00s Sys=0.00s Real=0.00s
[635.164s][info][gc,marking     ] GC(1472) Concurrent Clear Claimed Marks
[635.164s][info][gc,marking     ] GC(1472) Concurrent Clear Claimed Marks 0.060ms
[635.164s][info][gc,marking     ] GC(1472) Concurrent Cleanup for Next Mark
[635.169s][info][gc,marking     ] GC(1472) Concurrent Cleanup for Next Mark 5.041ms
[635.169s][info][gc             ] GC(1472) Concurrent Mark Cycle 2755.112ms
[635.525s][info][gc,start       ] GC(1477) Pause Young (Prepare Mixed) (G1 Evacuation Pause)
[635.525s][info][gc,task        ] GC(1477) Using 2 workers of 2 for evacuation
[635.536s][info][gc,phases      ] GC(1477)   Pre Evacuate Collection Set: 0.33ms
[635.536s][info][gc,phases      ] GC(1477)   Merge Heap Roots: 0.35ms
[635.536s][info][gc,phases      ] GC(1477)   Evacuate Collection Set: 10.18ms
[635.536s][info][gc,phases      ] GC(1477)   Post Evacuate Collection Set: 0.53ms
[635.536s][info][gc,phases      ] GC(1477)   Other: 0.13ms
[635.536s][info][gc,heap        ] GC(1477) Eden regions: 268->0(284)
[635.536s][info][gc,heap        ] GC(1477) Survivor regions: 1->1(34)
[635.536s][info][gc,heap        ] GC(1477) Old regions: 610->610
[635.536s][info][gc,heap        ] GC(1477) Humongous regions: 6->6
[635.536s][info][gc,metaspace   ] GC(1477) Metaspace: 19210K(19392K)->19210K(19392K) NonClass: 17380K(17536K)->17380K(17536K) Class: 1829K(1856K)->1829K(1856K)
[635.536s][info][gc             ] GC(1477) Pause Young (Prepare Mixed) (G1 Evacuation Pause) 884M->616M(978M) 11.772ms
[635.536s][info][gc,cpu         ] GC(1477) User=0.02s Sys=0.00s Real=0.01s
[635.972s][info][gc,start       ] GC(1478) Pause Young (Mixed) (G1 Evacuation Pause)
[635.972s][info][gc,task        ] GC(1478) Using 2 workers of 2 for evacuation
[636.029s][info][gc,phases      ] GC(1478)   Pre Evacuate Collection Set: 0.32ms
[636.029s][info][gc,phases      ] GC(1478)   Merge Heap Roots: 0.16ms
[636.029s][info][gc,phases      ] GC(1478)   Evacuate Collection Set: 54.80ms
[636.029s][info][gc,phases      ] GC(1478)   Post Evacuate Collection Set: 0.78ms
[636.029s][info][gc,phases      ] GC(1478)   Other: 0.09ms
[636.029s][info][gc,heap        ] GC(1478) Eden regions: 284->0(228)
[636.029s][info][gc,heap        ] GC(1478) Survivor regions: 1->36(36)
[636.029s][info][gc,heap        ] GC(1478) Old regions: 610->612
[636.029s][info][gc,heap        ] GC(1478) Humongous regions: 6->6
[636.029s][info][gc,metaspace   ] GC(1478) Metaspace: 19210K(19392K)->19210K(19392K) NonClass: 17380K(17536K)->17380K(17536K) Class: 1829K(1856K)->1829K(1856K)
[636.029s][info][gc             ] GC(1478) Pause Young (Mixed) (G1 Evacuation Pause) 900M->653M(978M) 56.428ms
[636.029s][info][gc,cpu         ] GC(1478) User=0.11s Sys=0.00s Real=0.06s
[636.399s][info][gc,start       ] GC(1479) Pause Young (Concurrent Start) (G1 Evacuation Pause)
[636.399s][info][gc,task        ] GC(1479) Using 2 workers of 2 for evacuation
[636.467s][info][gc,phases      ] GC(1479)   Pre Evacuate Collection Set: 0.39ms
[636.467s][info][gc,phases      ] GC(1479)   Merge Heap Roots: 0.40ms
[636.467s][info][gc,phases      ] GC(1479)   Evacuate Collection Set: 65.56ms
[636.467s][info][gc,phases      ] GC(1479)   Post Evacuate Collection Set: 0.64ms
[636.467s][info][gc,phases      ] GC(1479)   Other: 0.22ms
[636.467s][info][gc,heap        ] GC(1479) Eden regions: 228->0(215)
[636.467s][info][gc,heap        ] GC(1479) Survivor regions: 36->23(33)
[636.467s][info][gc,heap        ] GC(1479) Old regions: 612->648
[636.467s][info][gc,heap        ] GC(1479) Humongous regions: 6->6
[636.467s][info][gc,metaspace   ] GC(1479) Metaspace: 19210K(19392K)->19210K(19392K) NonClass: 17380K(17536K)->17380K(17536K) Class: 1829K(1856K)->1829K(1856K)
[636.467s][info][gc             ] GC(1479) Pause Young (Concurrent Start) (G1 Evacuation Pause) 881M->676M(978M) 67.503ms
[636.467s][info][gc,cpu         ] GC(1479) User=0.13s Sys=0.00s Real=0.07s
[636.467s][info][gc             ] GC(1480) Concurrent Mark Cycle
[636.467s][info][gc,marking     ] GC(1480) Concurrent Scan Root Regions
[636.530s][info][gc,marking     ] GC(1480) Concurrent Scan Root Regions 63.208ms
[636.530s][info][gc,marking     ] GC(1480) Concurrent Mark
[636.530s][info][gc,marking     ] GC(1480) Concurrent Mark From Roots
[636.530s][info][gc,task        ] GC(1480) Using 1 workers of 1 for marking
[636.978s][info][gc,start       ] GC(1481) Pause Young (Normal) (G1 Evacuation Pause)
[636.978s][info][gc,task        ] GC(1481) Using 2 workers of 2 for evacuation
[637.075s][info][gc,phases      ] GC(1481)   Pre Evacuate Collection Set: 0.33ms
[637.075s][info][gc,phases      ] GC(1481)   Merge Heap Roots: 0.35ms
[637.075s][info][gc,phases      ] GC(1481)   Evacuate Collection Set: 94.83ms
[637.075s][info][gc,phases      ] GC(1481)   Post Evacuate Collection Set: 0.53ms
[637.075s][info][gc,phases      ] GC(1481)   Other: 0.09ms
[637.075s][info][gc,heap        ] GC(1481) Eden regions: 215->0(174)
[637.075s][info][gc,heap        ] GC(1481) Survivor regions: 23->30(30)
[637.075s][info][gc,heap        ] GC(1481) Old regions: 648->685
[637.075s][info][gc,heap        ] GC(1481) Humongous regions: 9->9
[637.075s][info][gc,metaspace   ] GC(1481) Metaspace: 19210K(19392K)->19210K(19392K) NonClass: 17380K(17536K)->17380K(17536K) Class: 1829K(1856K)->1829K(1856K)
[637.075s][info][gc             ] GC(1481) Pause Young (Normal) (G1 Evacuation Pause) 894M->723M(978M) 96.398ms
[637.075s][info][gc,cpu         ] GC(1481) User=0.19s Sys=0.00s Real=0.10s
[637.438s][info][gc,start       ] GC(1482) Pause Young (Normal) (G1 Evacuation Pause)
[637.438s][info][gc,task        ] GC(1482) Using 2 workers of 2 for evacuation
[637.504s][info][gc,phases      ] GC(1482)   Pre Evacuate Collection Set: 0.29ms
[637.504s][info][gc,phases      ] GC(1482)   Merge Heap Roots: 0.32ms
[637.504s][info][gc,phases      ] GC(1482)   Evacuate Collection Set: 64.16ms
[637.504s][info][gc,phases      ] GC(1482)   Post Evacuate Collection Set: 0.47ms
[637.504s][info][gc,phases      ] GC(1482)   Other: 0.08ms
[637.504s][info][gc,heap        ] GC(1482) Eden regions: 174->0(169)
[637.504s][info][gc,heap        ] GC(1482) Survivor regions: 30->16(26)
[637.504s][info][gc,heap        ] GC(1482) Old regions: 685->716
[637.504s][info][gc,heap        ] GC(1482) Humongous regions: 9->9
[637.504s][info][gc,metaspace   ] GC(1482) Metaspace: 19210K(19392K)->19210K(19392K) NonClass: 17380K(17536K)->17380K(17536K) Class: 1829K(1856K)->1829K(1856K)
[637.504s][info][gc             ] GC(1482) Pause Young (Normal) (G1 Evacuation Pause) 897M->739M(978M) 65.640ms
[637.504s][info][gc,cpu         ] GC(1482) User=0.13s Sys=0.00s Real=0.06s
[637.855s][info][gc,start       ] GC(1483) Pause Young (Normal) (G1 Evacuation Pause)
[637.855s][info][gc,task        ] GC(1483) Using 2 workers of 2 for evacuation
[637.892s][info][gc,phases      ] GC(1483)   Pre Evacuate Collection Set: 0.30ms
[637.893s][info][gc,phases      ] GC(1483)   Merge Heap Roots: 0.50ms
[637.893s][info][gc,phases      ] GC(1483)   Evacuate Collection Set: 35.84ms
[637.893s][info][gc,phases      ] GC(1483)   Post Evacuate Collection Set: 0.44ms
[637.893s][info][gc,phases      ] GC(1483)   Other: 0.11ms
[637.893s][info][gc,heap        ] GC(1483) Eden regions: 169->0(179)
[637.893s][info][gc,heap        ] GC(1483) Survivor regions: 16->2(24)
[637.893s][info][gc,heap        ] GC(1483) Old regions: 716->731
[637.893s][info][gc,heap        ] GC(1483) Humongous regions: 9->9
[637.893s][info][gc,metaspace   ] GC(1483) Metaspace: 19210K(19392K)->19210K(19392K) NonClass: 17380K(17536K)->17380K(17536K) Class: 1829K(1856K)->1829K(1856K)
[637.893s][info][gc             ] GC(1483) Pause Young (Normal) (G1 Evacuation Pause) 908M->741M(978M) 37.455ms
[637.893s][info][gc,cpu         ] GC(1483) User=0.07s Sys=0.00s Real=0.03s
[638.001s][info][gc,marking     ] GC(1480) Concurrent Mark From Roots 1470.409ms
[638.001s][info][gc,marking     ] GC(1480) Concurrent Preclean
[638.001s][info][gc,marking     ] GC(1480) Concurrent Preclean 0.053ms
[638.001s][info][gc,start       ] GC(1480) Pause Remark
[638.182s][info][gc             ] GC(1480) Pause Remark 797M->793M(978M) 180.814ms
[638.182s][info][gc,cpu         ] GC(1480) User=0.36s Sys=0.00s Real=0.18s
[638.185s][info][gc,marking     ] GC(1480) Concurrent Mark 1654.929ms
[638.185s][info][gc,marking     ] GC(1480) Concurrent Rebuild Remembered Sets and Scrub Regions
[638.439s][info][gc,start       ] GC(1484) Pause Young (Normal) (G1 Evacuation Pause)
[638.439s][info][gc,task        ] GC(1484) Using 2 workers of 2 for evacuation
[638.455s][info][gc,phases      ] GC(1484)   Pre Evacuate Collection Set: 0.55ms
[638.455s][info][gc,phases      ] GC(1484)   Merge Heap Roots: 0.26ms
[638.455s][info][gc,phases      ] GC(1484)   Evacuate Collection Set: 14.32ms
[638.455s][info][gc,phases      ] GC(1484)   Post Evacuate Collection Set: 0.45ms
[638.455s][info][gc,phases      ] GC(1484)   Other: 0.08ms
[638.455s][info][gc,heap        ] GC(1484) Eden regions: 179->0(174)
[638.455s][info][gc,heap        ] GC(1484) Survivor regions: 2->9(23)
[638.455s][info][gc,heap        ] GC(1484) Old regions: 727->727
[638.455s][info][gc,heap        ] GC(1484) Humongous regions: 9->9
[638.455s][info][gc,metaspace   ] GC(1484) Metaspace: 19210K(19392K)->19210K(19392K) NonClass: 17380K(17536K)->17380K(17536K) Class: 1829K(1856K)->1829K(1856K)
[638.455s][info][gc             ] GC(1484) Pause Young (Normal) (G1 Evacuation Pause) 916M->744M(978M) 15.902ms
[638.455s][info][gc,cpu         ] GC(1484) User=0.03s Sys=0.00s Real=0.02s
[638.788s][info][gc,start       ] GC(1485) Pause Young (Normal) (G1 Evacuation Pause)
[638.788s][info][gc,task        ] GC(1485) Using 2 workers of 2 for evacuation
[638.846s][info][gc,phases      ] GC(1485)   Pre Evacuate Collection Set: 0.59ms
[638.846s][info][gc,phases      ] GC(1485)   Merge Heap Roots: 0.21ms
[638.846s][info][gc,phases      ] GC(1485)   Evacuate Collection Set: 57.09ms
[638.846s][info][gc,phases      ] GC(1485)   Post Evacuate Collection Set: 0.58ms
[638.846s][info][gc,phases      ] GC(1485)   Other: 0.11ms
[638.846s][info][gc,heap        ] GC(1485) Eden regions: 174->0(124)
[638.846s][info][gc,heap        ] GC(1485) Survivor regions: 9->23(23)
[638.846s][info][gc,heap        ] GC(1485) Old regions: 727->749
[638.846s][info][gc,heap        ] GC(1485) Humongous regions: 9->9
[638.846s][info][gc,metaspace   ] GC(1485) Metaspace: 19210K(19392K)->19210K(19392K) NonClass: 17380K(17536K)->17380K(17536K) Class: 1829K(1856K)->1829K(1856K)
[638.847s][info][gc             ] GC(1485) Pause Young (Normal) (G1 Evacuation Pause) 918M->780M(978M) 58.885ms
[638.847s][info][gc,cpu         ] GC(1485) User=0.11s Sys=0.00s Real=0.06s
[638.991s][info][gc,marking     ] GC(1480) Concurrent Rebuild Remembered Sets and Scrub Regions 805.985ms
[638.991s][info][gc,start       ] GC(1480) Pause Cleanup
[638.992s][info][gc             ] GC(1480) Pause Cleanup 842M->842M(978M) 0.134ms
[638.992s][info][gc,cpu         ] GC(1480) User=0.00s Sys=0.00s Real=0.00s
[638.992s][info][gc,marking     ] GC(1480) Concurrent Clear Claimed Marks
[638.992s][info][gc,marking     ] GC(1480) Concurrent Clear Claimed Marks 0.034ms
[638.992s][info][gc,marking     ] GC(1480) Concurrent Cleanup for Next Mark
[638.995s][info][gc,marking     ] GC(1480) Concurrent Cleanup for Next Mark 3.020ms
[638.995s][info][gc             ] GC(1480) Concurrent Mark Cycle 2527.790ms
[639.078s][info][gc,start       ] GC(1486) Pause Young (Prepare Mixed) (G1 Evacuation Pause)
[639.078s][info][gc,task        ] GC(1486) Using 2 workers of 2 for evacuation
[639.127s][info][gc,phases      ] GC(1486)   Pre Evacuate Collection Set: 0.34ms
[639.127s][info][gc,phases      ] GC(1486)   Merge Heap Roots: 0.38ms
[639.127s][info][gc,phases      ] GC(1486)   Evacuate Collection Set: 48.10ms
[639.127s][info][gc,phases      ] GC(1486)   Post Evacuate Collection Set: 0.62ms
[639.127s][info][gc,phases      ] GC(1486)   Other: 0.11ms
[639.127s][info][gc,heap        ] GC(1486) Eden regions: 124->0(126)
[639.127s][info][gc,heap        ] GC(1486) Survivor regions: 23->10(19)
[639.127s][info][gc,heap        ] GC(1486) Old regions: 749->773
[639.127s][info][gc,heap        ] GC(1486) Humongous regions: 9->9
[639.127s][info][gc,metaspace   ] GC(1486) Metaspace: 19210K(19392K)->19210K(19392K) NonClass: 17380K(17536K)->17380K(17536K) Class: 1829K(1856K)->1829K(1856K)
[639.127s][info][gc             ] GC(1486) Pause Young (Prepare Mixed) (G1 Evacuation Pause) 904M->791M(978M) 49.800ms
[639.127s][info][gc,cpu         ] GC(1486) User=0.09s Sys=0.00s Real=0.05s
[639.318s][info][gc,start       ] GC(1487) Pause Young (Mixed) (G1 Evacuation Pause)
[639.318s][info][gc,task        ] GC(1487) Using 2 workers of 2 for evacuation
[639.410s][info][gc,phases      ] GC(1487)   Pre Evacuate Collection Set: 0.60ms
[639.410s][info][gc,phases      ] GC(1487)   Merge Heap Roots: 0.82ms
[639.410s][info][gc,phases      ] GC(1487)   Evacuate Collection Set: 89.69ms
[639.410s][info][gc,phases      ] GC(1487)   Post Evacuate Collection Set: 0.53ms
[639.410s][info][gc,phases      ] GC(1487)   Other: 0.11ms
[639.410s][info][gc,heap        ] GC(1487) Eden regions: 126->0(117)
[639.410s][info][gc,heap        ] GC(1487) Survivor regions: 10->17(17)
[639.410s][info][gc,heap        ] GC(1487) Old regions: 773->768
[639.410s][info][gc,heap        ] GC(1487) Humongous regions: 9->9
[639.410s][info][gc,metaspace   ] GC(1487) Metaspace: 19210K(19392K)->19210K(19392K) NonClass: 17380K(17536K)->17380K(17536K) Class: 1829K(1856K)->1829K(1856K)
[639.410s][info][gc             ] GC(1487) Pause Young (Mixed) (G1 Evacuation Pause) 917M->793M(978M) 92.040ms
[639.410s][info][gc,cpu         ] GC(1487) User=0.18s Sys=0.00s Real=0.09s
[639.558s][info][gc,start       ] GC(1488) Pause Young (Concurrent Start) (G1 Evacuation Pause)
[639.558s][info][gc,task        ] GC(1488) Using 2 workers of 2 for evacuation
[639.595s][info][gc,phases      ] GC(1488)   Pre Evacuate Collection Set: 0.42ms
[639.595s][info][gc,phases      ] GC(1488)   Merge Heap Roots: 0.20ms
[639.595s][info][gc,phases      ] GC(1488)   Evacuate Collection Set: 35.54ms
[639.595s][info][gc,phases      ] GC(1488)   Post Evacuate Collection Set: 0.54ms
[639.595s][info][gc,phases      ] GC(1488)   Other: 0.26ms
[639.595s][info][gc,heap        ] GC(1488) Eden regions: 117->0(109)
[639.595s][info][gc,heap        ] GC(1488) Survivor regions: 17->16(17)
[639.595s][info][gc,heap        ] GC(1488) Old regions: 768->778
[639.595s][info][gc,heap        ] GC(1488) Humongous regions: 9->9
[639.595s][info][gc,metaspace   ] GC(1488) Metaspace: 19210K(19392K)->19210K(19392K) NonClass: 17380K(17536K)->17380K(17536K) Class: 1829K(1856K)->1829K(1856K)
[639.595s][info][gc             ] GC(1488) Pause Young (Concurrent Start) (G1 Evacuation Pause) 910M->802M(978M) 37.257ms
[639.596s][info][gc             ] GC(1489) Concurrent Mark Cycle
[639.596s][info][gc,marking     ] GC(1489) Concurrent Scan Root Regions
[639.596s][info][gc,cpu         ] GC(1488) User=0.07s Sys=0.00s Real=0.04s
[639.636s][info][gc,marking     ] GC(1489) Concurrent Scan Root Regions 40.897ms
[639.636s][info][gc,marking     ] GC(1489) Concurrent Mark
[639.636s][info][gc,marking     ] GC(1489) Concurrent Mark From Roots
[639.636s][info][gc,task        ] GC(1489) Using 1 workers of 1 for marking
[639.812s][info][gc,start       ] GC(1490) Pause Young (Normal) (G1 Evacuation Pause)
[639.813s][info][gc,task        ] GC(1490) Using 2 workers of 2 for evacuation
[639.838s][info][gc,phases      ] GC(1490)   Pre Evacuate Collection Set: 0.35ms
[639.838s][info][gc,phases      ] GC(1490)   Merge Heap Roots: 0.18ms
[639.838s][info][gc,phases      ] GC(1490)   Evacuate Collection Set: 24.46ms
[639.838s][info][gc,phases      ] GC(1490)   Post Evacuate Collection Set: 0.44ms
[639.838s][info][gc,phases      ] GC(1490)   Other: 0.12ms
[639.838s][info][gc,heap        ] GC(1490) Eden regions: 109->0(121)
[639.838s][info][gc,heap        ] GC(1490) Survivor regions: 16->2(16)
[639.838s][info][gc,heap        ] GC(1490) Old regions: 778->794
[639.838s][info][gc,heap        ] GC(1490) Humongous regions: 9->9
[639.838s][info][gc,metaspace   ] GC(1490) Metaspace: 19210K(19392K)->19210K(19392K) NonClass: 17380K(17536K)->17380K(17536K) Class: 1829K(1856K)->1829K(1856K)
[639.838s][info][gc             ] GC(1490) Pause Young (Normal) (G1 Evacuation Pause) 911M->804M(978M) 25.819ms
[639.838s][info][gc,cpu         ] GC(1490) User=0.05s Sys=0.00s Real=0.03s
[640.383s][info][gc,start       ] GC(1491) Pause Young (Normal) (G1 Evacuation Pause)
[640.383s][info][gc,task        ] GC(1491) Using 2 workers of 2 for evacuation
[640.392s][info][gc,phases      ] GC(1491)   Pre Evacuate Collection Set: 0.55ms
[640.392s][info][gc,phases      ] GC(1491)   Merge Heap Roots: 0.12ms
[640.392s][info][gc,phases      ] GC(1491)   Evacuate Collection Set: 7.37ms
[640.392s][info][gc,phases      ] GC(1491)   Post Evacuate Collection Set: 0.40ms
[640.392s][info][gc,phases      ] GC(1491)   Other: 0.10ms
[640.392s][info][gc,heap        ] GC(1491) Eden regions: 121->0(115)
[640.392s][info][gc,heap        ] GC(1491) Survivor regions: 2->5(16)
[640.392s][info][gc,heap        ] GC(1491) Old regions: 794->794
[640.392s][info][gc,heap        ] GC(1491) Humongous regions: 9->9
[640.392s][info][gc,metaspace   ] GC(1491) Metaspace: 19210K(19392K)->19210K(19392K) NonClass: 17380K(17536K)->17380K(17536K) Class: 1829K(1856K)->1829K(1856K)
[640.392s][info][gc             ] GC(1491) Pause Young (Normal) (G1 Evacuation Pause) 925M->807M(978M) 8.782ms
[640.392s][info][gc,cpu         ] GC(1491) User=0.01s Sys=0.01s Real=0.01s
[640.847s][info][gc,start       ] GC(1492) Pause Young (Normal) (G1 Evacuation Pause)
[640.848s][info][gc,task        ] GC(1492) Using 2 workers of 2 for evacuation
[640.857s][info][gc,phases      ] GC(1492)   Pre Evacuate Collection Set: 0.35ms
[640.857s][info][gc,phases      ] GC(1492)   Merge Heap Roots: 0.16ms
[640.857s][info][gc,phases      ] GC(1492)   Evacuate Collection Set: 8.89ms
[640.857s][info][gc,phases      ] GC(1492)   Post Evacuate Collection Set: 0.39ms
[640.857s][info][gc,phases      ] GC(1492)   Other: 0.10ms
[640.857s][info][gc,heap        ] GC(1492) Eden regions: 115->0(113)
[640.857s][info][gc,heap        ] GC(1492) Survivor regions: 5->6(15)
[640.857s][info][gc,heap        ] GC(1492) Old regions: 794->794
[640.857s][info][gc,heap        ] GC(1492) Humongous regions: 9->9
[640.858s][info][gc,metaspace   ] GC(1492) Metaspace: 19210K(19392K)->19210K(19392K) NonClass: 17380K(17536K)->17380K(17536K) Class: 1829K(1856K)->1829K(1856K)
[640.858s][info][gc             ] GC(1492) Pause Young (Normal) (G1 Evacuation Pause) 922M->808M(978M) 10.126ms
[640.858s][info][gc,cpu         ] GC(1492) User=0.01s Sys=0.00s Real=0.01s
[640.987s][info][gc,marking     ] GC(1489) Concurrent Mark From Roots 1350.089ms
[640.987s][info][gc,marking     ] GC(1489) Concurrent Preclean
[640.987s][info][gc,marking     ] GC(1489) Concurrent Preclean 0.054ms
[640.987s][info][gc,start       ] GC(1489) Pause Remark
[640.996s][info][gc             ] GC(1489) Pause Remark 841M->566M(978M) 9.460ms
[640.996s][info][gc,cpu         ] GC(1489) User=0.02s Sys=0.00s Real=0.01s
[640.996s][info][gc,marking     ] GC(1489) Concurrent Mark 1359.980ms
[640.996s][info][gc,marking     ] GC(1489) Concurrent Rebuild Remembered Sets and Scrub Regions
[641.212s][info][gc,start       ] GC(1493) Pause Young (Normal) (G1 Evacuation Pause)
[641.212s][info][gc,task        ] GC(1493) Using 2 workers of 2 for evacuation
[641.236s][info][gc,phases      ] GC(1493)   Pre Evacuate Collection Set: 0.34ms
[641.236s][info][gc,phases      ] GC(1493)   Merge Heap Roots: 0.13ms
[641.236s][info][gc,phases      ] GC(1493)   Evacuate Collection Set: 22.66ms
[641.236s][info][gc,phases      ] GC(1493)   Post Evacuate Collection Set: 0.44ms
[641.236s][info][gc,phases      ] GC(1493)   Other: 0.11ms
[641.236s][info][gc,heap        ] GC(1493) Eden regions: 113->0(315)
[641.236s][info][gc,heap        ] GC(1493) Survivor regions: 6->15(15)
[641.236s][info][gc,heap        ] GC(1493) Old regions: 524->527
[641.236s][info][gc,heap        ] GC(1493) Humongous regions: 4->4
[641.236s][info][gc,metaspace   ] GC(1493) Metaspace: 19210K(19392K)->19210K(19392K) NonClass: 17380K(17536K)->17380K(17536K) Class: 1829K(1856K)->1829K(1856K)
[641.236s][info][gc             ] GC(1493) Pause Young (Normal) (G1 Evacuation Pause) 646M->545M(978M) 23.934ms
[641.236s][info][gc,cpu         ] GC(1493) User=0.04s Sys=0.00s Real=0.03s
[641.425s][info][gc,marking     ] GC(1489) Concurrent Rebuild Remembered Sets and Scrub Regions 428.086ms
[641.425s][info][gc,start       ] GC(1489) Pause Cleanup
[641.425s][info][gc             ] GC(1489) Pause Cleanup 625M->625M(978M) 0.191ms
[641.425s][info][gc,cpu         ] GC(1489) User=0.00s Sys=0.00s Real=0.00s
[641.427s][info][gc,marking     ] GC(1489) Concurrent Clear Claimed Marks
[641.427s][info][gc,marking     ] GC(1489) Concurrent Clear Claimed Marks 0.064ms
[641.427s][info][gc,marking     ] GC(1489) Concurrent Cleanup for Next Mark
[641.430s][info][gc,marking     ] GC(1489) Concurrent Cleanup for Next Mark 3.021ms
[641.430s][info][gc             ] GC(1489) Concurrent Mark Cycle 1834.972ms
[641.656s][info][gc,start       ] GC(1494) Pause Young (Prepare Mixed) (G1 Evacuation Pause)
[641.656s][info][gc,task        ] GC(1494) Using 2 workers of 2 for evacuation
[641.748s][info][gc,phases      ] GC(1494)   Pre Evacuate Collection Set: 0.33ms
[641.748s][info][gc,phases      ] GC(1494)   Merge Heap Roots: 0.22ms
[641.748s][info][gc,phases      ] GC(1494)   Evacuate Collection Set: 89.66ms
[641.748s][info][gc,phases      ] GC(1494)   Post Evacuate Collection Set: 0.99ms
[641.748s][info][gc,phases      ] GC(1494)   Other: 0.12ms
[641.748s][info][gc,heap        ] GC(1494) Eden regions: 315->0(237)
[641.748s][info][gc,heap        ] GC(1494) Survivor regions: 15->42(42)
[641.748s][info][gc,heap        ] GC(1494) Old regions: 527->570
[641.748s][info][gc,heap        ] GC(1494) Humongous regions: 4->4
[641.748s][info][gc,metaspace   ] GC(1494) Metaspace: 19210K(19392K)->19210K(19392K) NonClass: 17380K(17536K)->17380K(17536K) Class: 1829K(1856K)->1829K(1856K)
[641.748s][info][gc             ] GC(1494) Pause Young (Prepare Mixed) (G1 Evacuation Pause) 860M->615M(978M) 91.564ms
[641.748s][info][gc,cpu         ] GC(1494) User=0.18s Sys=0.00s Real=0.09s
[642.190s][info][gc,start       ] GC(1495) Pause Young (Mixed) (G1 Evacuation Pause)
[642.190s][info][gc,task        ] GC(1495) Using 2 workers of 2 for evacuation
[642.312s][info][gc,phases      ] GC(1495)   Pre Evacuate Collection Set: 0.57ms
[642.312s][info][gc,phases      ] GC(1495)   Merge Heap Roots: 0.69ms
[642.312s][info][gc,phases      ] GC(1495)   Evacuate Collection Set: 117.07ms
[642.312s][info][gc,phases      ] GC(1495)   Merge Optional Heap Roots: 0.09ms
[642.312s][info][gc,phases      ] GC(1495)   Evacuate Optional Collection Set: 2.61ms
[642.312s][info][gc,phases      ] GC(1495)   Post Evacuate Collection Set: 0.96ms
[642.312s][info][gc,phases      ] GC(1495)   Other: 0.13ms
[642.312s][info][gc,heap        ] GC(1495) Eden regions: 237->0(275)
[642.312s][info][gc,heap        ] GC(1495) Survivor regions: 42->29(35)
[642.312s][info][gc,heap        ] GC(1495) Old regions: 570->535
[642.312s][info][gc,heap        ] GC(1495) Humongous regions: 7->7
[642.312s][info][gc,metaspace   ] GC(1495) Metaspace: 19210K(19392K)->19210K(19392K) NonClass: 17380K(17536K)->17380K(17536K) Class: 1829K(1856K)->1829K(1856K)
[642.312s][info][gc             ] GC(1495) Pause Young (Mixed) (G1 Evacuation Pause) 855M->570M(978M) 122.395ms
[642.312s][info][gc,cpu         ] GC(1495) User=0.25s Sys=0.00s Real=0.12s
[642.637s][info][gc,start       ] GC(1496) Pause Young (Mixed) (G1 Evacuation Pause)
[642.637s][info][gc,task        ] GC(1496) Using 2 workers of 2 for evacuation
[642.769s][info][gc,phases      ] GC(1496)   Pre Evacuate Collection Set: 0.35ms
[642.770s][info][gc,phases      ] GC(1496)   Merge Heap Roots: 0.83ms
[642.770s][info][gc,phases      ] GC(1496)   Evacuate Collection Set: 130.81ms
[642.770s][info][gc,phases      ] GC(1496)   Post Evacuate Collection Set: 0.63ms
[642.770s][info][gc,phases      ] GC(1496)   Other: 0.09ms
[642.770s][info][gc,heap        ] GC(1496) Eden regions: 275->0(244)
[642.770s][info][gc,heap        ] GC(1496) Survivor regions: 29->38(38)
[642.770s][info][gc,heap        ] GC(1496) Old regions: 535->567
[642.770s][info][gc,heap        ] GC(1496) Humongous regions: 7->7
[642.770s][info][gc,metaspace   ] GC(1496) Metaspace: 19210K(19392K)->19210K(19392K) NonClass: 17380K(17536K)->17380K(17536K) Class: 1829K(1856K)->1829K(1856K)
[642.770s][info][gc             ] GC(1496) Pause Young (Mixed) (G1 Evacuation Pause) 845M->611M(978M) 132.995ms
[642.770s][info][gc,cpu         ] GC(1496) User=0.27s Sys=0.00s Real=0.13s
[643.025s][info][gc,start       ] GC(1497) Pause Young (Concurrent Start) (G1 Evacuation Pause)
[643.025s][info][gc,task        ] GC(1497) Using 2 workers of 2 for evacuation
[643.091s][info][gc,phases      ] GC(1497)   Pre Evacuate Collection Set: 0.37ms
[643.091s][info][gc,phases      ] GC(1497)   Merge Heap Roots: 0.62ms
[643.091s][info][gc,phases      ] GC(1497)   Evacuate Collection Set: 63.73ms
[643.091s][info][gc,phases      ] GC(1497)   Post Evacuate Collection Set: 0.60ms
[643.091s][info][gc,phases      ] GC(1497)   Other: 0.23ms
[643.091s][info][gc,heap        ] GC(1497) Eden regions: 244->0(260)
[643.091s][info][gc,heap        ] GC(1497) Survivor regions: 38->2(36)
[643.091s][info][gc,heap        ] GC(1497) Old regions: 567->605
[643.091s][info][gc,heap        ] GC(1497) Humongous regions: 7->7
[643.091s][info][gc,metaspace   ] GC(1497) Metaspace: 19210K(19392K)->19210K(19392K) NonClass: 17380K(17536K)->17380K(17536K) Class: 1829K(1856K)->1829K(1856K)
[643.091s][info][gc             ] GC(1497) Pause Young (Concurrent Start) (G1 Evacuation Pause) 855M->613M(978M) 65.822ms
[643.091s][info][gc,cpu         ] GC(1497) User=0.13s Sys=0.00s Real=0.06s
[643.091s][info][gc             ] GC(1498) Concurrent Mark Cycle
[643.091s][info][gc,marking     ] GC(1498) Concurrent Scan Root Regions
[643.179s][info][gc,marking     ] GC(1498) Concurrent Scan Root Regions 88.187ms
[643.179s][info][gc,marking     ] GC(1498) Concurrent Mark
[643.179s][info][gc,marking     ] GC(1498) Concurrent Mark From Roots
[643.179s][info][gc,task        ] GC(1498) Using 1 workers of 1 for marking
[643.732s][info][gc,start       ] GC(1499) Pause Young (Normal) (G1 Evacuation Pause)
[643.732s][info][gc,task        ] GC(1499) Using 2 workers of 2 for evacuation
[643.765s][info][gc,phases      ] GC(1499)   Pre Evacuate Collection Set: 0.58ms
[643.766s][info][gc,phases      ] GC(1499)   Merge Heap Roots: 0.21ms
[643.766s][info][gc,phases      ] GC(1499)   Evacuate Collection Set: 31.56ms
[643.766s][info][gc,phases      ] GC(1499)   Post Evacuate Collection Set: 0.57ms
[643.766s][info][gc,phases      ] GC(1499)   Other: 0.09ms
[643.766s][info][gc,heap        ] GC(1499) Eden regions: 260->0(249)
[643.766s][info][gc,heap        ] GC(1499) Survivor regions: 2->24(33)
[643.766s][info][gc,heap        ] GC(1499) Old regions: 605->605
[643.766s][info][gc,heap        ] GC(1499) Humongous regions: 7->7
[643.766s][info][gc,metaspace   ] GC(1499) Metaspace: 19210K(19392K)->19210K(19392K) NonClass: 17380K(17536K)->17380K(17536K) Class: 1829K(1856K)->1829K(1856K)
[643.766s][info][gc             ] GC(1499) Pause Young (Normal) (G1 Evacuation Pause) 873M->635M(978M) 33.290ms
[643.766s][info][gc,cpu         ] GC(1499) User=0.06s Sys=0.00s Real=0.04s
[644.288s][info][gc,marking     ] GC(1498) Concurrent Mark From Roots 1108.255ms
[644.288s][info][gc,marking     ] GC(1498) Concurrent Preclean
[644.288s][info][gc,marking     ] GC(1498) Concurrent Preclean 0.053ms
[644.288s][info][gc,start       ] GC(1498) Pause Remark
[644.297s][info][gc             ] GC(1498) Pause Remark 846M->643M(978M) 9.276ms
[644.297s][info][gc,cpu         ] GC(1498) User=0.02s Sys=0.00s Real=0.01s
[644.300s][info][gc,marking     ] GC(1498) Concurrent Mark 1120.935ms
[644.300s][info][gc,marking     ] GC(1498) Concurrent Rebuild Remembered Sets and Scrub Regions
[644.428s][info][gc,start       ] GC(1500) Pause Young (Normal) (G1 Evacuation Pause)
[644.428s][info][gc,task        ] GC(1500) Using 2 workers of 2 for evacuation
[644.519s][info][gc,phases      ] GC(1500)   Pre Evacuate Collection Set: 0.58ms
[644.519s][info][gc,phases      ] GC(1500)   Merge Heap Roots: 0.39ms
[644.519s][info][gc,phases      ] GC(1500)   Evacuate Collection Set: 89.41ms
[644.519s][info][gc,phases      ] GC(1500)   Post Evacuate Collection Set: 0.67ms
[644.519s][info][gc,phases      ] GC(1500)   Other: 0.10ms
[644.519s][info][gc,heap        ] GC(1500) Eden regions: 249->0(347)
[644.519s][info][gc,heap        ] GC(1500) Survivor regions: 24->35(35)
[644.519s][info][gc,heap        ] GC(1500) Old regions: 405->449
[644.519s][info][gc,heap        ] GC(1500) Humongous regions: 4->4
[644.519s][info][gc,metaspace   ] GC(1500) Metaspace: 19210K(19392K)->19210K(19392K) NonClass: 17380K(17536K)->17380K(17536K) Class: 1829K(1856K)->1829K(1856K)
[644.519s][info][gc             ] GC(1500) Pause Young (Normal) (G1 Evacuation Pause) 681M->487M(978M) 91.428ms
[644.519s][info][gc,cpu         ] GC(1500) User=0.18s Sys=0.00s Real=0.09s
[644.709s][info][gc,marking     ] GC(1498) Concurrent Rebuild Remembered Sets and Scrub Regions 408.392ms
[644.709s][info][gc,start       ] GC(1498) Pause Cleanup
[644.709s][info][gc             ] GC(1498) Pause Cleanup 550M->550M(978M) 0.118ms
[644.709s][info][gc,cpu         ] GC(1498) User=0.00s Sys=0.00s Real=0.00s
[644.709s][info][gc,marking     ] GC(1498) Concurrent Clear Claimed Marks
[644.709s][info][gc,marking     ] GC(1498) Concurrent Clear Claimed Marks 0.034ms
[644.709s][info][gc,marking     ] GC(1498) Concurrent Cleanup for Next Mark
[644.712s][info][gc,marking     ] GC(1498) Concurrent Cleanup for Next Mark 2.989ms
[644.712s][info][gc             ] GC(1498) Concurrent Mark Cycle 1621.154ms
[645.162s][info][gc,start       ] GC(1501) Pause Young (Prepare Mixed) (G1 Evacuation Pause)
[645.162s][info][gc,task        ] GC(1501) Using 2 workers of 2 for evacuation
[645.248s][info][gc,phases      ] GC(1501)   Pre Evacuate Collection Set: 0.33ms
[645.248s][info][gc,phases      ] GC(1501)   Merge Heap Roots: 0.34ms
[645.248s][info][gc,phases      ] GC(1501)   Evacuate Collection Set: 84.35ms
[645.248s][info][gc,phases      ] GC(1501)   Post Evacuate Collection Set: 0.65ms
[645.248s][info][gc,phases      ] GC(1501)   Other: 0.12ms
[645.248s][info][gc,heap        ] GC(1501) Eden regions: 347->0(331)
[645.248s][info][gc,heap        ] GC(1501) Survivor regions: 35->31(48)
[645.248s][info][gc,heap        ] GC(1501) Old regions: 449->484
[645.248s][info][gc,heap        ] GC(1501) Humongous regions: 5->5
[645.248s][info][gc,metaspace   ] GC(1501) Metaspace: 19210K(19392K)->19210K(19392K) NonClass: 17380K(17536K)->17380K(17536K) Class: 1829K(1856K)->1829K(1856K)
[645.248s][info][gc             ] GC(1501) Pause Young (Prepare Mixed) (G1 Evacuation Pause) 835M->519M(978M) 86.059ms
[645.248s][info][gc,cpu         ] GC(1501) User=0.17s Sys=0.00s Real=0.09s
[645.683s][info][gc,start       ] GC(1502) Pause Young (Mixed) (G1 Evacuation Pause)
[645.683s][info][gc,task        ] GC(1502) Using 2 workers of 2 for evacuation
[645.748s][info][gc,phases      ] GC(1502)   Pre Evacuate Collection Set: 0.33ms
[645.748s][info][gc,phases      ] GC(1502)   Merge Heap Roots: 0.24ms
[645.748s][info][gc,phases      ] GC(1502)   Evacuate Collection Set: 63.06ms
[645.748s][info][gc,phases      ] GC(1502)   Post Evacuate Collection Set: 0.68ms
[645.748s][info][gc,phases      ] GC(1502)   Other: 0.09ms
[645.748s][info][gc,heap        ] GC(1502) Eden regions: 331->0(344)
[645.748s][info][gc,heap        ] GC(1502) Survivor regions: 31->19(46)
[645.748s][info][gc,heap        ] GC(1502) Old regions: 484->488
[645.748s][info][gc,heap        ] GC(1502) Humongous regions: 5->5
[645.748s][info][gc,metaspace   ] GC(1502) Metaspace: 19210K(19392K)->19210K(19392K) NonClass: 17380K(17536K)->17380K(17536K) Class: 1829K(1856K)->1829K(1856K)
[645.748s][info][gc             ] GC(1502) Pause Young (Mixed) (G1 Evacuation Pause) 850M->511M(978M) 64.666ms
[645.748s][info][gc,cpu         ] GC(1502) User=0.13s Sys=0.00s Real=0.07s
[646.674s][info][gc,start       ] GC(1503) Pause Young (Concurrent Start) (G1 Evacuation Pause)
[646.674s][info][gc,task        ] GC(1503) Using 2 workers of 2 for evacuation
[646.702s][info][gc,phases      ] GC(1503)   Pre Evacuate Collection Set: 0.38ms
[646.702s][info][gc,phases      ] GC(1503)   Merge Heap Roots: 0.18ms
[646.702s][info][gc,phases      ] GC(1503)   Evacuate Collection Set: 26.34ms
[646.702s][info][gc,phases      ] GC(1503)   Post Evacuate Collection Set: 0.71ms
[646.702s][info][gc,phases      ] GC(1503)   Other: 0.28ms
[646.702s][info][gc,heap        ] GC(1503) Eden regions: 344->0(361)
[646.702s][info][gc,heap        ] GC(1503) Survivor regions: 19->19(46)
[646.702s][info][gc,heap        ] GC(1503) Old regions: 488->488
[646.702s][info][gc,heap        ] GC(1503) Humongous regions: 5->5
[646.702s][info][gc,metaspace   ] GC(1503) Metaspace: 19210K(19392K)->19210K(19392K) NonClass: 17380K(17536K)->17380K(17536K) Class: 1829K(1856K)->1829K(1856K)
[646.702s][info][gc             ] GC(1503) Pause Young (Concurrent Start) (G1 Evacuation Pause) 855M->511M(978M) 28.219ms
[646.702s][info][gc,cpu         ] GC(1503) User=0.06s Sys=0.00s Real=0.03s
[646.702s][info][gc             ] GC(1504) Concurrent Mark Cycle
[646.702s][info][gc,marking     ] GC(1504) Concurrent Scan Root Regions
[646.742s][info][gc,marking     ] GC(1504) Concurrent Scan Root Regions 39.978ms
[646.742s][info][gc,marking     ] GC(1504) Concurrent Mark
[646.742s][info][gc,marking     ] GC(1504) Concurrent Mark From Roots
[646.742s][info][gc,task        ] GC(1504) Using 1 workers of 1 for marking
[647.821s][info][gc,start       ] GC(1505) Pause Young (Normal) (G1 Evacuation Pause)
[647.821s][info][gc,task        ] GC(1505) Using 2 workers of 2 for evacuation
[647.914s][info][gc,phases      ] GC(1505)   Pre Evacuate Collection Set: 0.31ms
[647.914s][info][gc,phases      ] GC(1505)   Merge Heap Roots: 0.48ms
[647.914s][info][gc,phases      ] GC(1505)   Evacuate Collection Set: 90.57ms
[647.914s][info][gc,phases      ] GC(1505)   Post Evacuate Collection Set: 0.89ms
[647.914s][info][gc,phases      ] GC(1505)   Other: 0.12ms
[647.914s][info][gc,heap        ] GC(1505) Eden regions: 361->0(298)
[647.914s][info][gc,heap        ] GC(1505) Survivor regions: 19->48(48)
[647.914s][info][gc,heap        ] GC(1505) Old regions: 488->515
[647.914s][info][gc,heap        ] GC(1505) Humongous regions: 5->5
[647.914s][info][gc,metaspace   ] GC(1505) Metaspace: 19210K(19392K)->19210K(19392K) NonClass: 17380K(17536K)->17380K(17536K) Class: 1829K(1856K)->1829K(1856K)
[647.914s][info][gc             ] GC(1505) Pause Young (Normal) (G1 Evacuation Pause) 872M->567M(978M) 92.675ms
[647.914s][info][gc,cpu         ] GC(1505) User=0.18s Sys=0.00s Real=0.09s
[648.445s][info][gc,marking     ] GC(1504) Concurrent Mark From Roots 1702.624ms
[648.445s][info][gc,marking     ] GC(1504) Concurrent Preclean
[648.445s][info][gc,marking     ] GC(1504) Concurrent Preclean 0.058ms
[648.445s][info][gc,start       ] GC(1504) Pause Remark
[648.455s][info][gc             ] GC(1504) Pause Remark 814M->814M(978M) 9.344ms
[648.455s][info][gc,cpu         ] GC(1504) User=0.02s Sys=0.00s Real=0.01s
[648.455s][info][gc,marking     ] GC(1504) Concurrent Mark 1712.377ms
[648.455s][info][gc,marking     ] GC(1504) Concurrent Rebuild Remembered Sets and Scrub Regions
[648.533s][info][gc,start       ] GC(1506) Pause Young (Normal) (G1 Evacuation Pause)
[648.533s][info][gc,task        ] GC(1506) Using 2 workers of 2 for evacuation
[648.655s][info][gc,phases      ] GC(1506)   Pre Evacuate Collection Set: 0.35ms
[648.655s][info][gc,phases      ] GC(1506)   Merge Heap Roots: 0.49ms
[648.655s][info][gc,phases      ] GC(1506)   Evacuate Collection Set: 120.63ms
[648.655s][info][gc,phases      ] GC(1506)   Post Evacuate Collection Set: 0.89ms
[648.655s][info][gc,phases      ] GC(1506)   Other: 0.10ms
[648.655s][info][gc,heap        ] GC(1506) Eden regions: 298->0(234)
[648.655s][info][gc,heap        ] GC(1506) Survivor regions: 48->44(44)
[648.655s][info][gc,heap        ] GC(1506) Old regions: 515->581
[648.655s][info][gc,heap        ] GC(1506) Humongous regions: 5->5
[648.655s][info][gc,metaspace   ] GC(1506) Metaspace: 19210K(19392K)->19210K(19392K) NonClass: 17380K(17536K)->17380K(17536K) Class: 1829K(1856K)->1829K(1856K)
[648.655s][info][gc             ] GC(1506) Pause Young (Normal) (G1 Evacuation Pause) 865M->629M(978M) 122.717ms
[648.655s][info][gc,cpu         ] GC(1506) User=0.24s Sys=0.00s Real=0.13s
[649.045s][info][gc,marking     ] GC(1504) Concurrent Rebuild Remembered Sets and Scrub Regions 590.223ms
[649.045s][info][gc,start       ] GC(1504) Pause Cleanup
[649.045s][info][gc             ] GC(1504) Pause Cleanup 847M->847M(978M) 0.140ms
[649.045s][info][gc,cpu         ] GC(1504) User=0.00s Sys=0.00s Real=0.00s
[649.045s][info][gc,marking     ] GC(1504) Concurrent Clear Claimed Marks
[649.045s][info][gc,marking     ] GC(1504) Concurrent Clear Claimed Marks 0.033ms
[649.045s][info][gc,marking     ] GC(1504) Concurrent Cleanup for Next Mark
[649.048s][info][gc,marking     ] GC(1504) Concurrent Cleanup for Next Mark 2.976ms
[649.048s][info][gc             ] GC(1504) Concurrent Mark Cycle 2346.193ms
[649.068s][info][gc,start       ] GC(1507) Pause Young (Prepare Mixed) (G1 Evacuation Pause)
[649.068s][info][gc,task        ] GC(1507) Using 2 workers of 2 for evacuation
[649.183s][info][gc,phases      ] GC(1507)   Pre Evacuate Collection Set: 0.33ms
[649.183s][info][gc,phases      ] GC(1507)   Merge Heap Roots: 0.63ms
[649.183s][info][gc,phases      ] GC(1507)   Evacuate Collection Set: 113.26ms
[649.183s][info][gc,phases      ] GC(1507)   Post Evacuate Collection Set: 0.63ms
[649.183s][info][gc,phases      ] GC(1507)   Other: 0.11ms
[649.183s][info][gc,heap        ] GC(1507) Eden regions: 234->0(188)
[649.183s][info][gc,heap        ] GC(1507) Survivor regions: 44->35(35)
[649.183s][info][gc,heap        ] GC(1507) Old regions: 581->638
[649.183s][info][gc,heap        ] GC(1507) Humongous regions: 8->8
[649.183s][info][gc,metaspace   ] GC(1507) Metaspace: 19210K(19392K)->19210K(19392K) NonClass: 17380K(17536K)->17380K(17536K) Class: 1829K(1856K)->1829K(1856K)
[649.183s][info][gc             ] GC(1507) Pause Young (Prepare Mixed) (G1 Evacuation Pause) 866M->680M(978M) 115.220ms
[649.183s][info][gc,cpu         ] GC(1507) User=0.23s Sys=0.00s Real=0.11s
[649.471s][info][gc,start       ] GC(1508) Pause Young (Mixed) (G1 Evacuation Pause)
[649.471s][info][gc,task        ] GC(1508) Using 2 workers of 2 for evacuation
[649.552s][info][gc,phases      ] GC(1508)   Pre Evacuate Collection Set: 0.59ms
[649.552s][info][gc,phases      ] GC(1508)   Merge Heap Roots: 0.39ms
[649.552s][info][gc,phases      ] GC(1508)   Evacuate Collection Set: 79.46ms
[649.552s][info][gc,phases      ] GC(1508)   Post Evacuate Collection Set: 0.61ms
[649.552s][info][gc,phases      ] GC(1508)   Other: 0.11ms
[649.552s][info][gc,heap        ] GC(1508) Eden regions: 188->0(187)
[649.552s][info][gc,heap        ] GC(1508) Survivor regions: 35->19(28)
[649.552s][info][gc,heap        ] GC(1508) Old regions: 638->663
[649.552s][info][gc,heap        ] GC(1508) Humongous regions: 11->11
[649.552s][info][gc,metaspace   ] GC(1508) Metaspace: 19210K(19392K)->19210K(19392K) NonClass: 17380K(17536K)->17380K(17536K) Class: 1829K(1856K)->1829K(1856K)
[649.552s][info][gc             ] GC(1508) Pause Young (Mixed) (G1 Evacuation Pause) 871M->692M(978M) 81.480ms
[649.552s][info][gc,cpu         ] GC(1508) User=0.16s Sys=0.00s Real=0.08s
[649.863s][info][gc,start       ] GC(1509) Pause Young (Concurrent Start) (G1 Evacuation Pause)
[649.863s][info][gc,task        ] GC(1509) Using 2 workers of 2 for evacuation
[649.903s][info][gc,phases      ] GC(1509)   Pre Evacuate Collection Set: 0.39ms
[649.903s][info][gc,phases      ] GC(1509)   Merge Heap Roots: 0.30ms
[649.903s][info][gc,phases      ] GC(1509)   Evacuate Collection Set: 37.86ms
[649.903s][info][gc,phases      ] GC(1509)   Post Evacuate Collection Set: 0.52ms
[649.903s][info][gc,phases      ] GC(1509)   Other: 0.24ms
[649.903s][info][gc,heap        ] GC(1509) Eden regions: 187->0(200)
[649.903s][info][gc,heap        ] GC(1509) Survivor regions: 19->1(26)
[649.903s][info][gc,heap        ] GC(1509) Old regions: 663->682
[649.903s][info][gc,heap        ] GC(1509) Humongous regions: 11->11
[649.903s][info][gc,metaspace   ] GC(1509) Metaspace: 19210K(19392K)->19210K(19392K) NonClass: 17380K(17536K)->17380K(17536K) Class: 1829K(1856K)->1829K(1856K)
[649.903s][info][gc             ] GC(1509) Pause Young (Concurrent Start) (G1 Evacuation Pause) 879M->693M(978M) 39.588ms
[649.903s][info][gc,cpu         ] GC(1509) User=0.07s Sys=0.00s Real=0.04s
[649.903s][info][gc             ] GC(1510) Concurrent Mark Cycle
[649.905s][info][gc,marking     ] GC(1510) Concurrent Scan Root Regions
[649.970s][info][gc,marking     ] GC(1510) Concurrent Scan Root Regions 64.902ms
[649.970s][info][gc,marking     ] GC(1510) Concurrent Mark
[649.970s][info][gc,marking     ] GC(1510) Concurrent Mark From Roots
[649.970s][info][gc,task        ] GC(1510) Using 1 workers of 1 for marking
[650.717s][info][gc,start       ] GC(1511) Pause Young (Normal) (G1 Evacuation Pause)
[650.717s][info][gc,task        ] GC(1511) Using 2 workers of 2 for evacuation
[650.718s][info][gc,phases      ] GC(1511)   Pre Evacuate Collection Set: 0.57ms
[650.718s][info][gc,phases      ] GC(1511)   Merge Heap Roots: 0.09ms
[650.718s][info][gc,phases      ] GC(1511)   Evacuate Collection Set: 0.35ms
[650.718s][info][gc,phases      ] GC(1511)   Post Evacuate Collection Set: 0.40ms
[650.718s][info][gc,phases      ] GC(1511)   Other: 0.10ms
[650.718s][info][gc,heap        ] GC(1511) Eden regions: 200->0(214)
[650.718s][info][gc,heap        ] GC(1511) Survivor regions: 1->1(26)
[650.719s][info][gc,heap        ] GC(1511) Old regions: 682->682
[650.719s][info][gc,heap        ] GC(1511) Humongous regions: 11->11
[650.719s][info][gc,metaspace   ] GC(1511) Metaspace: 19210K(19392K)->19210K(19392K) NonClass: 17380K(17536K)->17380K(17536K) Class: 1829K(1856K)->1829K(1856K)
[650.719s][info][gc             ] GC(1511) Pause Young (Normal) (G1 Evacuation Pause) 893M->693M(978M) 1.745ms
[650.719s][info][gc,cpu         ] GC(1511) User=0.00s Sys=0.01s Real=0.00s
[651.376s][info][gc,marking     ] GC(1510) Concurrent Mark From Roots 1406.175ms
[651.377s][info][gc,marking     ] GC(1510) Concurrent Preclean
[651.377s][info][gc,marking     ] GC(1510) Concurrent Preclean 0.053ms
[651.377s][info][gc,start       ] GC(1510) Pause Remark
[651.386s][info][gc             ] GC(1510) Pause Remark 872M->734M(978M) 9.167ms
[651.386s][info][gc,cpu         ] GC(1510) User=0.02s Sys=0.00s Real=0.01s
[651.388s][info][gc,marking     ] GC(1510) Concurrent Mark 1417.979ms
[651.388s][info][gc,marking     ] GC(1510) Concurrent Rebuild Remembered Sets and Scrub Regions
[651.490s][info][gc,start       ] GC(1512) Pause Young (Normal) (G1 Evacuation Pause)
[651.490s][info][gc,task        ] GC(1512) Using 2 workers of 2 for evacuation
[651.492s][info][gc,phases      ] GC(1512)   Pre Evacuate Collection Set: 0.31ms
[651.492s][info][gc,phases      ] GC(1512)   Merge Heap Roots: 0.09ms
[651.492s][info][gc,phases      ] GC(1512)   Evacuate Collection Set: 0.22ms
[651.492s][info][gc,phases      ] GC(1512)   Post Evacuate Collection Set: 0.39ms
[651.492s][info][gc,phases      ] GC(1512)   Other: 0.10ms
[651.492s][info][gc,heap        ] GC(1512) Eden regions: 214->0(320)
[651.492s][info][gc,heap        ] GC(1512) Survivor regions: 1->1(27)
[651.492s][info][gc,heap        ] GC(1512) Old regions: 548->548
[651.492s][info][gc,heap        ] GC(1512) Humongous regions: 7->7
[651.492s][info][gc,metaspace   ] GC(1512) Metaspace: 19210K(19392K)->19210K(19392K) NonClass: 17380K(17536K)->17380K(17536K) Class: 1829K(1856K)->1829K(1856K)
[651.492s][info][gc             ] GC(1512) Pause Young (Normal) (G1 Evacuation Pause) 769M->554M(978M) 1.335ms
[651.492s][info][gc,cpu         ] GC(1512) User=0.01s Sys=0.00s Real=0.00s
[651.909s][info][gc,marking     ] GC(1510) Concurrent Rebuild Remembered Sets and Scrub Regions 520.918ms
[651.909s][info][gc,start       ] GC(1510) Pause Cleanup
[651.910s][info][gc             ] GC(1510) Pause Cleanup 731M->731M(978M) 0.125ms
[651.910s][info][gc,cpu         ] GC(1510) User=0.00s Sys=0.00s Real=0.00s
[651.910s][info][gc,marking     ] GC(1510) Concurrent Clear Claimed Marks
[651.910s][info][gc,marking     ] GC(1510) Concurrent Clear Claimed Marks 0.036ms
[651.910s][info][gc,marking     ] GC(1510) Concurrent Cleanup for Next Mark
[651.913s][info][gc,marking     ] GC(1510) Concurrent Cleanup for Next Mark 2.977ms
[651.913s][info][gc             ] GC(1510) Concurrent Mark Cycle 2009.691ms
[652.146s][info][gc,start       ] GC(1513) Pause Young (Prepare Mixed) (G1 Evacuation Pause)
[652.146s][info][gc,task        ] GC(1513) Using 2 workers of 2 for evacuation
[652.148s][info][gc,phases      ] GC(1513)   Pre Evacuate Collection Set: 0.31ms
[652.148s][info][gc,phases      ] GC(1513)   Merge Heap Roots: 0.11ms
[652.148s][info][gc,phases      ] GC(1513)   Evacuate Collection Set: 0.23ms
[652.148s][info][gc,phases      ] GC(1513)   Post Evacuate Collection Set: 0.51ms
[652.148s][info][gc,phases      ] GC(1513)   Other: 0.08ms
[652.148s][info][gc,heap        ] GC(1513) Eden regions: 320->0(336)
[652.148s][info][gc,heap        ] GC(1513) Survivor regions: 1->1(41)
[652.148s][info][gc,heap        ] GC(1513) Old regions: 548->548
[652.148s][info][gc,heap        ] GC(1513) Humongous regions: 7->7
[652.148s][info][gc,metaspace   ] GC(1513) Metaspace: 19210K(19392K)->19210K(19392K) NonClass: 17380K(17536K)->17380K(17536K) Class: 1829K(1856K)->1829K(1856K)
[652.148s][info][gc             ] GC(1513) Pause Young (Prepare Mixed) (G1 Evacuation Pause) 874M->554M(978M) 1.458ms
[652.148s][info][gc,cpu         ] GC(1513) User=0.00s Sys=0.00s Real=0.00s
[652.693s][info][gc,start       ] GC(1514) Pause Young (Mixed) (G1 Evacuation Pause)
[652.693s][info][gc,task        ] GC(1514) Using 2 workers of 2 for evacuation
[652.695s][info][gc,phases      ] GC(1514)   Pre Evacuate Collection Set: 0.59ms
[652.695s][info][gc,phases      ] GC(1514)   Merge Heap Roots: 0.15ms
[652.695s][info][gc,phases      ] GC(1514)   Evacuate Collection Set: 0.85ms
[652.695s][info][gc,phases      ] GC(1514)   Post Evacuate Collection Set: 0.53ms
[652.695s][info][gc,phases      ] GC(1514)   Other: 0.10ms
[652.695s][info][gc,heap        ] GC(1514) Eden regions: 336->0(371)
[652.695s][info][gc,heap        ] GC(1514) Survivor regions: 1->1(43)
[652.695s][info][gc,heap        ] GC(1514) Old regions: 548->517
[652.695s][info][gc,heap        ] GC(1514) Humongous regions: 7->7
[652.695s][info][gc,metaspace   ] GC(1514) Metaspace: 19210K(19392K)->19210K(19392K) NonClass: 17380K(17536K)->17380K(17536K) Class: 1829K(1856K)->1829K(1856K)
[652.695s][info][gc             ] GC(1514) Pause Young (Mixed) (G1 Evacuation Pause) 890M->523M(978M) 2.492ms
[652.695s][info][gc,cpu         ] GC(1514) User=0.01s Sys=0.00s Real=0.01s
[653.034s][info][gc,start       ] GC(1515) Pause Young (Concurrent Start) (G1 Evacuation Pause)
[653.034s][info][gc,task        ] GC(1515) Using 2 workers of 2 for evacuation
[653.102s][info][gc,phases      ] GC(1515)   Pre Evacuate Collection Set: 0.37ms
[653.102s][info][gc,phases      ] GC(1515)   Merge Heap Roots: 0.28ms
[653.102s][info][gc,phases      ] GC(1515)   Evacuate Collection Set: 66.74ms
[653.102s][info][gc,phases      ] GC(1515)   Post Evacuate Collection Set: 0.73ms
[653.102s][info][gc,phases      ] GC(1515)   Other: 0.23ms
[653.102s][info][gc,heap        ] GC(1515) Eden regions: 371->0(307)
[653.103s][info][gc,heap        ] GC(1515) Survivor regions: 1->47(47)
[653.103s][info][gc,heap        ] GC(1515) Old regions: 517->520
[653.103s][info][gc,heap        ] GC(1515) Humongous regions: 7->7
[653.103s][info][gc,metaspace   ] GC(1515) Metaspace: 19210K(19392K)->19210K(19392K) NonClass: 17380K(17536K)->17380K(17536K) Class: 1829K(1856K)->1829K(1856K)
[653.103s][info][gc             ] GC(1515) Pause Young (Concurrent Start) (G1 Evacuation Pause) 894M->573M(978M) 68.616ms
[653.103s][info][gc             ] GC(1516) Concurrent Mark Cycle
[653.103s][info][gc,marking     ] GC(1516) Concurrent Scan Root Regions
[653.103s][info][gc,cpu         ] GC(1515) User=0.14s Sys=0.00s Real=0.07s
[653.210s][info][gc,marking     ] GC(1516) Concurrent Scan Root Regions 107.758ms
[653.210s][info][gc,marking     ] GC(1516) Concurrent Mark
[653.210s][info][gc,marking     ] GC(1516) Concurrent Mark From Roots
[653.210s][info][gc,task        ] GC(1516) Using 1 workers of 1 for marking
[653.518s][info][gc,start       ] GC(1517) Pause Young (Normal) (G1 Evacuation Pause)
[653.518s][info][gc,task        ] GC(1517) Using 2 workers of 2 for evacuation
[653.612s][info][gc,phases      ] GC(1517)   Pre Evacuate Collection Set: 0.33ms
[653.612s][info][gc,phases      ] GC(1517)   Merge Heap Roots: 0.52ms
[653.612s][info][gc,phases      ] GC(1517)   Evacuate Collection Set: 92.63ms
[653.612s][info][gc,phases      ] GC(1517)   Post Evacuate Collection Set: 0.67ms
[653.612s][info][gc,phases      ] GC(1517)   Other: 0.12ms
[653.612s][info][gc,heap        ] GC(1517) Eden regions: 307->0(291)
[653.612s][info][gc,heap        ] GC(1517) Survivor regions: 47->30(45)
[653.612s][info][gc,heap        ] GC(1517) Old regions: 520->567
[653.612s][info][gc,heap        ] GC(1517) Humongous regions: 7->7
[653.612s][info][gc,metaspace   ] GC(1517) Metaspace: 19210K(19392K)->19210K(19392K) NonClass: 17380K(17536K)->17380K(17536K) Class: 1829K(1856K)->1829K(1856K)
[653.612s][info][gc             ] GC(1517) Pause Young (Normal) (G1 Evacuation Pause) 880M->603M(978M) 94.541ms
[653.612s][info][gc,cpu         ] GC(1517) User=0.19s Sys=0.00s Real=0.09s
[653.956s][info][gc,start       ] GC(1518) Pause Young (Normal) (G1 Evacuation Pause)
[653.956s][info][gc,task        ] GC(1518) Using 2 workers of 2 for evacuation
[654.006s][info][gc,phases      ] GC(1518)   Pre Evacuate Collection Set: 0.35ms
[654.007s][info][gc,phases      ] GC(1518)   Merge Heap Roots: 0.27ms
[654.007s][info][gc,phases      ] GC(1518)   Evacuate Collection Set: 49.04ms
[654.007s][info][gc,phases      ] GC(1518)   Post Evacuate Collection Set: 0.60ms
[654.007s][info][gc,phases      ] GC(1518)   Other: 0.09ms
[654.007s][info][gc,heap        ] GC(1518) Eden regions: 291->0(289)
[654.007s][info][gc,heap        ] GC(1518) Survivor regions: 30->11(41)
[654.007s][info][gc,heap        ] GC(1518) Old regions: 567->597
[654.007s][info][gc,heap        ] GC(1518) Humongous regions: 7->7
[654.007s][info][gc,metaspace   ] GC(1518) Metaspace: 19210K(19392K)->19210K(19392K) NonClass: 17380K(17536K)->17380K(17536K) Class: 1829K(1856K)->1829K(1856K)
[654.007s][info][gc             ] GC(1518) Pause Young (Normal) (G1 Evacuation Pause) 894M->614M(978M) 50.605ms
[654.007s][info][gc,cpu         ] GC(1518) User=0.10s Sys=0.00s Real=0.05s
[654.383s][info][gc,start       ] GC(1519) Pause Young (Normal) (G1 Evacuation Pause)
[654.383s][info][gc,task        ] GC(1519) Using 2 workers of 2 for evacuation
[654.428s][info][gc,phases      ] GC(1519)   Pre Evacuate Collection Set: 0.57ms
[654.428s][info][gc,phases      ] GC(1519)   Merge Heap Roots: 0.32ms
[654.428s][info][gc,phases      ] GC(1519)   Evacuate Collection Set: 43.95ms
[654.428s][info][gc,phases      ] GC(1519)   Post Evacuate Collection Set: 0.63ms
[654.428s][info][gc,phases      ] GC(1519)   Other: 0.12ms
[654.428s][info][gc,heap        ] GC(1519) Eden regions: 289->0(264)
[654.428s][info][gc,heap        ] GC(1519) Survivor regions: 11->30(38)
[654.428s][info][gc,heap        ] GC(1519) Old regions: 597->597
[654.428s][info][gc,heap        ] GC(1519) Humongous regions: 7->7
[654.428s][info][gc,metaspace   ] GC(1519) Metaspace: 19210K(19392K)->19210K(19392K) NonClass: 17380K(17536K)->17380K(17536K) Class: 1829K(1856K)->1829K(1856K)
[654.428s][info][gc             ] GC(1519) Pause Young (Normal) (G1 Evacuation Pause) 903M->633M(978M) 45.837ms
[654.428s][info][gc,cpu         ] GC(1519) User=0.09s Sys=0.00s Real=0.05s
[655.045s][info][gc,marking     ] GC(1516) Concurrent Mark From Roots 1834.508ms
[655.045s][info][gc,marking     ] GC(1516) Concurrent Preclean
[655.045s][info][gc,marking     ] GC(1516) Concurrent Preclean 0.054ms
[655.045s][info][gc,start       ] GC(1516) Pause Remark
[655.054s][info][gc             ] GC(1516) Pause Remark 834M->834M(978M) 8.917ms
[655.054s][info][gc,cpu         ] GC(1516) User=0.02s Sys=0.00s Real=0.01s
[655.054s][info][gc,marking     ] GC(1516) Concurrent Mark 1843.848ms
[655.054s][info][gc,marking     ] GC(1516) Concurrent Rebuild Remembered Sets and Scrub Regions
[655.437s][info][gc,start       ] GC(1520) Pause Young (Normal) (G1 Evacuation Pause)
[655.437s][info][gc,task        ] GC(1520) Using 2 workers of 2 for evacuation
[655.508s][info][gc,phases      ] GC(1520)   Pre Evacuate Collection Set: 0.35ms
[655.508s][info][gc,phases      ] GC(1520)   Merge Heap Roots: 0.36ms
[655.508s][info][gc,phases      ] GC(1520)   Evacuate Collection Set: 69.41ms
[655.508s][info][gc,phases      ] GC(1520)   Post Evacuate Collection Set: 0.60ms
[655.508s][info][gc,phases      ] GC(1520)   Other: 0.09ms
[655.508s][info][gc,heap        ] GC(1520) Eden regions: 264->0(244)
[655.508s][info][gc,heap        ] GC(1520) Survivor regions: 30->25(37)
[655.508s][info][gc,heap        ] GC(1520) Old regions: 597->627
[655.508s][info][gc,heap        ] GC(1520) Humongous regions: 7->7
[655.508s][info][gc,metaspace   ] GC(1520) Metaspace: 19210K(19392K)->19210K(19392K) NonClass: 17380K(17536K)->17380K(17536K) Class: 1829K(1856K)->1829K(1856K)
[655.508s][info][gc             ] GC(1520) Pause Young (Normal) (G1 Evacuation Pause) 897M->658M(978M) 71.090ms
[655.508s][info][gc,cpu         ] GC(1520) User=0.14s Sys=0.00s Real=0.07s
[655.868s][info][gc,marking     ] GC(1516) Concurrent Rebuild Remembered Sets and Scrub Regions 813.927ms
[655.868s][info][gc,start       ] GC(1516) Pause Cleanup
[655.869s][info][gc             ] GC(1516) Pause Cleanup 754M->754M(978M) 0.104ms
[655.869s][info][gc,cpu         ] GC(1516) User=0.00s Sys=0.00s Real=0.00s
[655.869s][info][gc,marking     ] GC(1516) Concurrent Clear Claimed Marks
[655.869s][info][gc,marking     ] GC(1516) Concurrent Clear Claimed Marks 0.048ms
[655.869s][info][gc,marking     ] GC(1516) Concurrent Cleanup for Next Mark
[655.875s][info][gc,marking     ] GC(1516) Concurrent Cleanup for Next Mark 6.014ms
[655.875s][info][gc             ] GC(1516) Concurrent Mark Cycle 2772.813ms
[656.275s][info][gc,start       ] GC(1521) Pause Young (Prepare Mixed) (G1 Evacuation Pause)
[656.275s][info][gc,task        ] GC(1521) Using 2 workers of 2 for evacuation
[656.307s][info][gc,phases      ] GC(1521)   Pre Evacuate Collection Set: 0.57ms
[656.307s][info][gc,phases      ] GC(1521)   Merge Heap Roots: 0.24ms
[656.307s][info][gc,phases      ] GC(1521)   Evacuate Collection Set: 30.06ms
[656.307s][info][gc,phases      ] GC(1521)   Post Evacuate Collection Set: 0.58ms
[656.307s][info][gc,phases      ] GC(1521)   Other: 0.09ms
[656.307s][info][gc,heap        ] GC(1521) Eden regions: 244->0(259)
[656.307s][info][gc,heap        ] GC(1521) Survivor regions: 25->1(34)
[656.307s][info][gc,heap        ] GC(1521) Old regions: 627->653
[656.307s][info][gc,heap        ] GC(1521) Humongous regions: 7->7
[656.307s][info][gc,metaspace   ] GC(1521) Metaspace: 19210K(19392K)->19210K(19392K) NonClass: 17380K(17536K)->17380K(17536K) Class: 1829K(1856K)->1829K(1856K)
[656.307s][info][gc             ] GC(1521) Pause Young (Prepare Mixed) (G1 Evacuation Pause) 902M->660M(978M) 31.821ms
[656.307s][info][gc,cpu         ] GC(1521) User=0.06s Sys=0.00s Real=0.03s
[656.957s][info][gc,start       ] GC(1522) Pause Young (Mixed) (G1 Evacuation Pause)
[656.957s][info][gc,task        ] GC(1522) Using 2 workers of 2 for evacuation
[656.960s][info][gc,phases      ] GC(1522)   Pre Evacuate Collection Set: 0.57ms
[656.960s][info][gc,phases      ] GC(1522)   Merge Heap Roots: 0.14ms
[656.960s][info][gc,phases      ] GC(1522)   Evacuate Collection Set: 1.48ms
[656.960s][info][gc,phases      ] GC(1522)   Post Evacuate Collection Set: 0.48ms
[656.960s][info][gc,phases      ] GC(1522)   Other: 0.08ms
[656.960s][info][gc,heap        ] GC(1522) Eden regions: 259->0(274)
[656.960s][info][gc,heap        ] GC(1522) Survivor regions: 1->1(33)
[656.960s][info][gc,heap        ] GC(1522) Old regions: 653->645
[656.960s][info][gc,heap        ] GC(1522) Humongous regions: 7->7
[656.960s][info][gc,metaspace   ] GC(1522) Metaspace: 19210K(19392K)->19210K(19392K) NonClass: 17380K(17536K)->17380K(17536K) Class: 1829K(1856K)->1829K(1856K)
[656.960s][info][gc             ] GC(1522) Pause Young (Mixed) (G1 Evacuation Pause) 919M->652M(978M) 2.998ms
[656.960s][info][gc,cpu         ] GC(1522) User=0.01s Sys=0.00s Real=0.00s
[657.688s][info][gc,start       ] GC(1523) Pause Young (Concurrent Start) (G1 Evacuation Pause)
[657.688s][info][gc,task        ] GC(1523) Using 2 workers of 2 for evacuation
[657.691s][info][gc,phases      ] GC(1523)   Pre Evacuate Collection Set: 0.39ms
[657.691s][info][gc,phases      ] GC(1523)   Merge Heap Roots: 0.13ms
[657.691s][info][gc,phases      ] GC(1523)   Evacuate Collection Set: 1.65ms
[657.691s][info][gc,phases      ] GC(1523)   Post Evacuate Collection Set: 0.49ms
[657.691s][info][gc,phases      ] GC(1523)   Other: 0.22ms
[657.691s][info][gc,heap        ] GC(1523) Eden regions: 274->0(274)
[657.691s][info][gc,heap        ] GC(1523) Survivor regions: 1->1(35)
[657.691s][info][gc,heap        ] GC(1523) Old regions: 645->645
[657.691s][info][gc,heap        ] GC(1523) Humongous regions: 7->7
[657.691s][info][gc,metaspace   ] GC(1523) Metaspace: 19210K(19392K)->19210K(19392K) NonClass: 17380K(17536K)->17380K(17536K) Class: 1829K(1856K)->1829K(1856K)
[657.691s][info][gc             ] GC(1523) Pause Young (Concurrent Start) (G1 Evacuation Pause) 926M->651M(978M) 3.109ms
[657.691s][info][gc             ] GC(1524) Concurrent Mark Cycle
[657.691s][info][gc,marking     ] GC(1524) Concurrent Scan Root Regions
[657.691s][info][gc,marking     ] GC(1524) Concurrent Scan Root Regions 0.641ms
[657.692s][info][gc,marking     ] GC(1524) Concurrent Mark
[657.692s][info][gc,marking     ] GC(1524) Concurrent Mark From Roots
[657.692s][info][gc,task        ] GC(1524) Using 1 workers of 1 for marking
[657.692s][info][gc,cpu         ] GC(1523) User=0.01s Sys=0.00s Real=0.00s
[658.404s][info][gc,start       ] GC(1525) Pause Young (Normal) (G1 Evacuation Pause)
[658.404s][info][gc,task        ] GC(1525) Using 2 workers of 2 for evacuation
[658.469s][info][gc,phases      ] GC(1525)   Pre Evacuate Collection Set: 0.55ms
[658.469s][info][gc,phases      ] GC(1525)   Merge Heap Roots: 0.17ms
[658.469s][info][gc,phases      ] GC(1525)   Evacuate Collection Set: 60.37ms
[658.469s][info][gc,phases      ] GC(1525)   Post Evacuate Collection Set: 3.11ms
[658.469s][info][gc,phases      ] GC(1525)   Other: 0.09ms
[658.469s][info][gc,heap        ] GC(1525) Eden regions: 274->0(163)
[658.469s][info][gc,heap        ] GC(1525) Survivor regions: 1->35(35)
[658.469s][info][gc,heap        ] GC(1525) Old regions: 645->688
[658.469s][info][gc,heap        ] GC(1525) Humongous regions: 7->7
[658.469s][info][gc,metaspace   ] GC(1525) Metaspace: 19210K(19392K)->19210K(19392K) NonClass: 17380K(17536K)->17380K(17536K) Class: 1829K(1856K)->1829K(1856K)
[658.469s][info][gc             ] GC(1525) Pause Young (Normal) (G1 Evacuation Pause) (Evacuation Failure: Allocation) 925M->729M(978M) 64.574ms
[658.469s][info][gc,cpu         ] GC(1525) User=0.12s Sys=0.00s Real=0.06s
[658.820s][info][gc,start       ] GC(1526) Pause Young (Normal) (G1 Evacuation Pause)
[658.821s][info][gc,task        ] GC(1526) Using 2 workers of 2 for evacuation
[658.886s][info][gc,phases      ] GC(1526)   Pre Evacuate Collection Set: 0.57ms
[658.886s][info][gc,phases      ] GC(1526)   Merge Heap Roots: 0.36ms
[658.886s][info][gc,phases      ] GC(1526)   Evacuate Collection Set: 64.13ms
[658.886s][info][gc,phases      ] GC(1526)   Post Evacuate Collection Set: 0.57ms
[658.886s][info][gc,phases      ] GC(1526)   Other: 0.09ms
[658.886s][info][gc,heap        ] GC(1526) Eden regions: 163->0(180)
[658.886s][info][gc,heap        ] GC(1526) Survivor regions: 35->18(25)
[658.886s][info][gc,heap        ] GC(1526) Old regions: 688->705
[658.886s][info][gc,heap        ] GC(1526) Humongous regions: 7->7
[658.886s][info][gc,metaspace   ] GC(1526) Metaspace: 19210K(19392K)->19210K(19392K) NonClass: 17380K(17536K)->17380K(17536K) Class: 1829K(1856K)->1829K(1856K)
[658.886s][info][gc             ] GC(1526) Pause Young (Normal) (G1 Evacuation Pause) 892M->729M(978M) 65.965ms
[658.886s][info][gc,cpu         ] GC(1526) User=0.13s Sys=0.00s Real=0.07s
[659.300s][info][gc,start       ] GC(1527) Pause Young (Normal) (G1 Evacuation Pause)
[659.300s][info][gc,task        ] GC(1527) Using 2 workers of 2 for evacuation
[659.390s][info][gc,phases      ] GC(1527)   Pre Evacuate Collection Set: 0.34ms
[659.390s][info][gc,phases      ] GC(1527)   Merge Heap Roots: 0.35ms
[659.390s][info][gc,phases      ] GC(1527)   Evacuate Collection Set: 87.30ms
[659.390s][info][gc,phases      ] GC(1527)   Post Evacuate Collection Set: 1.05ms
[659.390s][info][gc,phases      ] GC(1527)   Other: 0.10ms
[659.390s][info][gc,heap        ] GC(1527) Eden regions: 180->0(118)
[659.390s][info][gc,heap        ] GC(1527) Survivor regions: 18->25(25)
[659.390s][info][gc,heap        ] GC(1527) Old regions: 705->750
[659.390s][info][gc,heap        ] GC(1527) Humongous regions: 10->10
[659.390s][info][gc,metaspace   ] GC(1527) Metaspace: 19217K(19392K)->19217K(19392K) NonClass: 17388K(17536K)->17388K(17536K) Class: 1829K(1856K)->1829K(1856K)
[659.390s][info][gc             ] GC(1527) Pause Young (Normal) (G1 Evacuation Pause) (Evacuation Failure: Allocation) 912M->784M(978M) 89.423ms
[659.390s][info][gc,cpu         ] GC(1527) User=0.18s Sys=0.00s Real=0.09s
[659.585s][info][gc,start       ] GC(1528) Pause Young (Normal) (G1 Evacuation Pause)
[659.586s][info][gc,task        ] GC(1528) Using 2 workers of 2 for evacuation
[659.682s][info][gc,phases      ] GC(1528)   Pre Evacuate Collection Set: 0.35ms
[659.682s][info][gc,phases      ] GC(1528)   Merge Heap Roots: 0.46ms
[659.682s][info][gc,phases      ] GC(1528)   Evacuate Collection Set: 94.84ms
[659.682s][info][gc,phases      ] GC(1528)   Post Evacuate Collection Set: 0.58ms
[659.682s][info][gc,phases      ] GC(1528)   Other: 0.09ms
[659.682s][info][gc,heap        ] GC(1528) Eden regions: 118->0(88)
[659.682s][info][gc,heap        ] GC(1528) Survivor regions: 25->18(18)
[659.682s][info][gc,heap        ] GC(1528) Old regions: 750->794
[659.682s][info][gc,heap        ] GC(1528) Humongous regions: 10->10
[659.682s][info][gc,metaspace   ] GC(1528) Metaspace: 19217K(19392K)->19217K(19392K) NonClass: 17388K(17536K)->17388K(17536K) Class: 1829K(1856K)->1829K(1856K)
[659.682s][info][gc             ] GC(1528) Pause Young (Normal) (G1 Evacuation Pause) 902M->821M(978M) 96.593ms
[659.682s][info][gc,cpu         ] GC(1528) User=0.19s Sys=0.00s Real=0.09s
[659.922s][info][gc,start       ] GC(1529) Pause Young (Normal) (G1 Evacuation Pause)
[659.922s][info][gc,task        ] GC(1529) Using 2 workers of 2 for evacuation
[659.959s][info][gc,phases      ] GC(1529)   Pre Evacuate Collection Set: 0.32ms
[659.959s][info][gc,phases      ] GC(1529)   Merge Heap Roots: 0.34ms
[659.959s][info][gc,phases      ] GC(1529)   Evacuate Collection Set: 35.48ms
[659.959s][info][gc,phases      ] GC(1529)   Post Evacuate Collection Set: 0.41ms
[659.959s][info][gc,phases      ] GC(1529)   Other: 0.08ms
[659.959s][info][gc,heap        ] GC(1529) Eden regions: 88->0(84)
[659.959s][info][gc,heap        ] GC(1529) Survivor regions: 18->11(14)
[659.959s][info][gc,heap        ] GC(1529) Old regions: 794->812
[659.959s][info][gc,heap        ] GC(1529) Humongous regions: 10->10
[659.959s][info][gc,metaspace   ] GC(1529) Metaspace: 19217K(19392K)->19217K(19392K) NonClass: 17388K(17536K)->17388K(17536K) Class: 1829K(1856K)->1829K(1856K)
[659.959s][info][gc             ] GC(1529) Pause Young (Normal) (G1 Evacuation Pause) 909M->832M(978M) 36.952ms
[659.959s][info][gc,cpu         ] GC(1529) User=0.07s Sys=0.00s Real=0.04s
[659.967s][info][gc,marking     ] GC(1524) Concurrent Mark From Roots 2275.453ms
[659.967s][info][gc,marking     ] GC(1524) Concurrent Preclean
[659.967s][info][gc,marking     ] GC(1524) Concurrent Preclean 0.052ms
[659.968s][info][gc,start       ] GC(1524) Pause Remark
[659.977s][info][gc             ] GC(1524) Pause Remark 835M->785M(978M) 8.936ms
[659.977s][info][gc,cpu         ] GC(1524) User=0.02s Sys=0.00s Real=0.01s
[659.978s][info][gc,marking     ] GC(1524) Concurrent Mark 2286.732ms
[659.978s][info][gc,marking     ] GC(1524) Concurrent Rebuild Remembered Sets and Scrub Regions
[660.138s][info][gc,start       ] GC(1530) Pause Young (Normal) (G1 Evacuation Pause)
[660.138s][info][gc,task        ] GC(1530) Using 2 workers of 2 for evacuation
[660.150s][info][gc,phases      ] GC(1530)   Pre Evacuate Collection Set: 0.54ms
[660.150s][info][gc,phases      ] GC(1530)   Merge Heap Roots: 0.12ms
[660.150s][info][gc,phases      ] GC(1530)   Evacuate Collection Set: 11.07ms
[660.150s][info][gc,phases      ] GC(1530)   Post Evacuate Collection Set: 0.36ms
[660.150s][info][gc,phases      ] GC(1530)   Other: 0.12ms
[660.150s][info][gc,heap        ] GC(1530) Eden regions: 84->0(126)
[660.150s][info][gc,heap        ] GC(1530) Survivor regions: 11->1(12)
[660.150s][info][gc,heap        ] GC(1530) Old regions: 763->774
[660.150s][info][gc,heap        ] GC(1530) Humongous regions: 9->9
[660.150s][info][gc,metaspace   ] GC(1530) Metaspace: 19217K(19392K)->19217K(19392K) NonClass: 17388K(17536K)->17388K(17536K) Class: 1829K(1856K)->1829K(1856K)
[660.150s][info][gc             ] GC(1530) Pause Young (Normal) (G1 Evacuation Pause) 866M->783M(978M) 12.450ms
[660.150s][info][gc,cpu         ] GC(1530) User=0.03s Sys=0.00s Real=0.01s
[660.394s][info][gc,start       ] GC(1531) Pause Young (Normal) (G1 Evacuation Pause)
[660.394s][info][gc,task        ] GC(1531) Using 2 workers of 2 for evacuation
[660.396s][info][gc,phases      ] GC(1531)   Pre Evacuate Collection Set: 0.55ms
[660.396s][info][gc,phases      ] GC(1531)   Merge Heap Roots: 0.08ms
[660.396s][info][gc,phases      ] GC(1531)   Evacuate Collection Set: 0.88ms
[660.396s][info][gc,phases      ] GC(1531)   Post Evacuate Collection Set: 0.35ms
[660.396s][info][gc,phases      ] GC(1531)   Other: 0.10ms
[660.396s][info][gc,heap        ] GC(1531) Eden regions: 126->0(136)
[660.397s][info][gc,heap        ] GC(1531) Survivor regions: 1->1(16)
[660.397s][info][gc,heap        ] GC(1531) Old regions: 774->774
[660.397s][info][gc,heap        ] GC(1531) Humongous regions: 9->9
[660.397s][info][gc,metaspace   ] GC(1531) Metaspace: 19217K(19392K)->19217K(19392K) NonClass: 17388K(17536K)->17388K(17536K) Class: 1829K(1856K)->1829K(1856K)
[660.397s][info][gc             ] GC(1531) Pause Young (Normal) (G1 Evacuation Pause) 909M->783M(978M) 2.185ms
[660.397s][info][gc,cpu         ] GC(1531) User=0.00s Sys=0.00s Real=0.00s
[660.647s][info][gc,start       ] GC(1532) Pause Young (Normal) (G1 Evacuation Pause)
[660.647s][info][gc,task        ] GC(1532) Using 2 workers of 2 for evacuation
[660.649s][info][gc,phases      ] GC(1532)   Pre Evacuate Collection Set: 0.56ms
[660.649s][info][gc,phases      ] GC(1532)   Merge Heap Roots: 0.08ms
[660.649s][info][gc,phases      ] GC(1532)   Evacuate Collection Set: 1.21ms
[660.649s][info][gc,phases      ] GC(1532)   Post Evacuate Collection Set: 0.38ms
[660.649s][info][gc,phases      ] GC(1532)   Other: 0.11ms
[660.649s][info][gc,heap        ] GC(1532) Eden regions: 136->0(143)
[660.649s][info][gc,heap        ] GC(1532) Survivor regions: 1->1(18)
[660.649s][info][gc,heap        ] GC(1532) Old regions: 774->774
[660.649s][info][gc,heap        ] GC(1532) Humongous regions: 9->9
[660.650s][info][gc,metaspace   ] GC(1532) Metaspace: 19217K(19392K)->19217K(19392K) NonClass: 17388K(17536K)->17388K(17536K) Class: 1829K(1856K)->1829K(1856K)
[660.650s][info][gc             ] GC(1532) Pause Young (Normal) (G1 Evacuation Pause) 919M->783M(978M) 2.544ms
[660.650s][info][gc,cpu         ] GC(1532) User=0.00s Sys=0.00s Real=0.00s
[660.707s][info][gc,marking     ] GC(1524) Concurrent Rebuild Remembered Sets and Scrub Regions 728.495ms
[660.707s][info][gc,start       ] GC(1524) Pause Cleanup
[660.707s][info][gc             ] GC(1524) Pause Cleanup 805M->805M(978M) 0.141ms
[660.707s][info][gc,cpu         ] GC(1524) User=0.00s Sys=0.00s Real=0.00s
[660.707s][info][gc,marking     ] GC(1524) Concurrent Clear Claimed Marks
[660.707s][info][gc,marking     ] GC(1524) Concurrent Clear Claimed Marks 0.048ms
[660.707s][info][gc,marking     ] GC(1524) Concurrent Cleanup for Next Mark
[660.710s][info][gc,marking     ] GC(1524) Concurrent Cleanup for Next Mark 2.987ms
[660.710s][info][gc             ] GC(1524) Concurrent Mark Cycle 3019.418ms
[660.866s][info][gc,start       ] GC(1533) Pause Young (Prepare Mixed) (G1 Evacuation Pause)
[660.866s][info][gc,task        ] GC(1533) Using 2 workers of 2 for evacuation
[660.868s][info][gc,phases      ] GC(1533)   Pre Evacuate Collection Set: 0.34ms
[660.868s][info][gc,phases      ] GC(1533)   Merge Heap Roots: 0.09ms
[660.868s][info][gc,phases      ] GC(1533)   Evacuate Collection Set: 1.22ms
[660.868s][info][gc,phases      ] GC(1533)   Post Evacuate Collection Set: 0.40ms
[660.868s][info][gc,phases      ] GC(1533)   Other: 0.13ms
[660.868s][info][gc,heap        ] GC(1533) Eden regions: 143->0(143)
[660.868s][info][gc,heap        ] GC(1533) Survivor regions: 1->1(18)
[660.868s][info][gc,heap        ] GC(1533) Old regions: 774->774
[660.868s][info][gc,heap        ] GC(1533) Humongous regions: 9->9
[660.868s][info][gc,metaspace   ] GC(1533) Metaspace: 19217K(19392K)->19217K(19392K) NonClass: 17388K(17536K)->17388K(17536K) Class: 1829K(1856K)->1829K(1856K)
[660.868s][info][gc             ] GC(1533) Pause Young (Prepare Mixed) (G1 Evacuation Pause) 926M->783M(978M) 2.407ms
[660.868s][info][gc,cpu         ] GC(1533) User=0.01s Sys=0.00s Real=0.00s
[661.064s][info][gc,start       ] GC(1534) Pause Young (Mixed) (G1 Evacuation Pause)
[661.064s][info][gc,task        ] GC(1534) Using 2 workers of 2 for evacuation
[661.070s][info][gc,phases      ] GC(1534)   Pre Evacuate Collection Set: 0.37ms
[661.070s][info][gc,phases      ] GC(1534)   Merge Heap Roots: 0.16ms
[661.070s][info][gc,phases      ] GC(1534)   Evacuate Collection Set: 4.79ms
[661.070s][info][gc,phases      ] GC(1534)   Post Evacuate Collection Set: 0.44ms
[661.070s][info][gc,phases      ] GC(1534)   Other: 0.09ms
[661.070s][info][gc,heap        ] GC(1534) Eden regions: 143->0(181)
[661.070s][info][gc,heap        ] GC(1534) Survivor regions: 1->1(18)
[661.070s][info][gc,heap        ] GC(1534) Old regions: 774->736
[661.070s][info][gc,heap        ] GC(1534) Humongous regions: 9->9
[661.070s][info][gc,metaspace   ] GC(1534) Metaspace: 19217K(19392K)->19217K(19392K) NonClass: 17388K(17536K)->17388K(17536K) Class: 1829K(1856K)->1829K(1856K)
[661.070s][info][gc             ] GC(1534) Pause Young (Mixed) (G1 Evacuation Pause) 926M->745M(978M) 6.095ms
[661.070s][info][gc,cpu         ] GC(1534) User=0.01s Sys=0.00s Real=0.00s
[661.290s][info][gc,start       ] GC(1535) Pause Young (Concurrent Start) (G1 Evacuation Pause)
[661.290s][info][gc,task        ] GC(1535) Using 2 workers of 2 for evacuation
[661.293s][info][gc,phases      ] GC(1535)   Pre Evacuate Collection Set: 0.40ms
[661.293s][info][gc,phases      ] GC(1535)   Merge Heap Roots: 0.10ms
[661.293s][info][gc,phases      ] GC(1535)   Evacuate Collection Set: 1.96ms
[661.293s][info][gc,phases      ] GC(1535)   Post Evacuate Collection Set: 0.45ms
[661.293s][info][gc,phases      ] GC(1535)   Other: 0.14ms
[661.293s][info][gc,heap        ] GC(1535) Eden regions: 181->0(181)
[661.293s][info][gc,heap        ] GC(1535) Survivor regions: 1->1(23)
[661.293s][info][gc,heap        ] GC(1535) Old regions: 736->736
[661.293s][info][gc,heap        ] GC(1535) Humongous regions: 9->9
[661.293s][info][gc,metaspace   ] GC(1535) Metaspace: 19217K(19392K)->19217K(19392K) NonClass: 17388K(17536K)->17388K(17536K) Class: 1829K(1856K)->1829K(1856K)
[661.293s][info][gc             ] GC(1535) Pause Young (Concurrent Start) (G1 Evacuation Pause) 926M->745M(978M) 3.314ms
[661.293s][info][gc,cpu         ] GC(1535) User=0.01s Sys=0.00s Real=0.00s
[661.293s][info][gc             ] GC(1536) Concurrent Mark Cycle
[661.293s][info][gc,marking     ] GC(1536) Concurrent Scan Root Regions
[661.299s][info][gc,marking     ] GC(1536) Concurrent Scan Root Regions 5.878ms
[661.299s][info][gc,marking     ] GC(1536) Concurrent Mark
[661.299s][info][gc,marking     ] GC(1536) Concurrent Mark From Roots
[661.299s][info][gc,task        ] GC(1536) Using 1 workers of 1 for marking
[661.700s][info][gc,start       ] GC(1537) Pause Young (Normal) (G1 Evacuation Pause)
[661.700s][info][gc,task        ] GC(1537) Using 2 workers of 2 for evacuation
[661.713s][info][gc,phases      ] GC(1537)   Pre Evacuate Collection Set: 0.57ms
[661.713s][info][gc,phases      ] GC(1537)   Merge Heap Roots: 0.20ms
[661.713s][info][gc,phases      ] GC(1537)   Evacuate Collection Set: 11.58ms
[661.713s][info][gc,phases      ] GC(1537)   Post Evacuate Collection Set: 0.50ms
[661.713s][info][gc,phases      ] GC(1537)   Other: 0.10ms
[661.713s][info][gc,heap        ] GC(1537) Eden regions: 181->0(173)
[661.713s][info][gc,heap        ] GC(1537) Survivor regions: 1->5(23)
[661.713s][info][gc,heap        ] GC(1537) Old regions: 736->736
[661.713s][info][gc,heap        ] GC(1537) Humongous regions: 9->9
[661.713s][info][gc,metaspace   ] GC(1537) Metaspace: 19220K(19392K)->19220K(19392K) NonClass: 17390K(17536K)->17390K(17536K) Class: 1829K(1856K)->1829K(1856K)
[661.713s][info][gc             ] GC(1537) Pause Young (Normal) (G1 Evacuation Pause) 926M->749M(978M) 13.191ms
[661.713s][info][gc,cpu         ] GC(1537) User=0.02s Sys=0.00s Real=0.01s
[662.220s][info][gc,start       ] GC(1538) Pause Young (Normal) (G1 Evacuation Pause)
[662.220s][info][gc,task        ] GC(1538) Using 2 workers of 2 for evacuation
[662.268s][info][gc,phases      ] GC(1538)   Pre Evacuate Collection Set: 0.56ms
[662.268s][info][gc,phases      ] GC(1538)   Merge Heap Roots: 0.40ms
[662.268s][info][gc,phases      ] GC(1538)   Evacuate Collection Set: 46.06ms
[662.268s][info][gc,phases      ] GC(1538)   Post Evacuate Collection Set: 0.58ms
[662.268s][info][gc,phases      ] GC(1538)   Other: 0.11ms
[662.268s][info][gc,heap        ] GC(1538) Eden regions: 173->0(138)
[662.268s][info][gc,heap        ] GC(1538) Survivor regions: 5->21(23)
[662.268s][info][gc,heap        ] GC(1538) Old regions: 736->736
[662.268s][info][gc,heap        ] GC(1538) Humongous regions: 12->12
[662.268s][info][gc,metaspace   ] GC(1538) Metaspace: 19220K(19392K)->19220K(19392K) NonClass: 17390K(17536K)->17390K(17536K) Class: 1829K(1856K)->1829K(1856K)
[662.268s][info][gc             ] GC(1538) Pause Young (Normal) (G1 Evacuation Pause) 925M->768M(978M) 48.016ms
[662.268s][info][gc,cpu         ] GC(1538) User=0.10s Sys=0.00s Real=0.05s
[662.542s][info][gc,marking     ] GC(1536) Concurrent Mark From Roots 1242.478ms
[662.542s][info][gc,marking     ] GC(1536) Concurrent Preclean
[662.542s][info][gc,marking     ] GC(1536) Concurrent Preclean 0.067ms
[662.542s][info][gc,start       ] GC(1536) Pause Remark
[662.551s][info][gc             ] GC(1536) Pause Remark 851M->602M(978M) 9.269ms
[662.551s][info][gc,cpu         ] GC(1536) User=0.02s Sys=0.00s Real=0.01s
[662.551s][info][gc,marking     ] GC(1536) Concurrent Mark 1252.204ms
[662.551s][info][gc,marking     ] GC(1536) Concurrent Rebuild Remembered Sets and Scrub Regions
[662.679s][info][gc,start       ] GC(1539) Pause Young (Normal) (G1 Evacuation Pause)
[662.679s][info][gc,task        ] GC(1539) Using 2 workers of 2 for evacuation
[662.725s][info][gc,phases      ] GC(1539)   Pre Evacuate Collection Set: 0.34ms
[662.725s][info][gc,phases      ] GC(1539)   Merge Heap Roots: 0.37ms
[662.725s][info][gc,phases      ] GC(1539)   Evacuate Collection Set: 44.53ms
[662.725s][info][gc,phases      ] GC(1539)   Post Evacuate Collection Set: 0.40ms
[662.725s][info][gc,phases      ] GC(1539)   Other: 0.09ms
[662.725s][info][gc,heap        ] GC(1539) Eden regions: 138->0(397)
[662.725s][info][gc,heap        ] GC(1539) Survivor regions: 21->1(20)
[662.725s][info][gc,heap        ] GC(1539) Old regions: 492->512
[662.725s][info][gc,heap        ] GC(1539) Humongous regions: 7->7
[662.725s][info][gc,metaspace   ] GC(1539) Metaspace: 19220K(19392K)->19220K(19392K) NonClass: 17390K(17536K)->17390K(17536K) Class: 1829K(1856K)->1829K(1856K)
[662.725s][info][gc             ] GC(1539) Pause Young (Normal) (G1 Evacuation Pause) 657M->519M(978M) 45.987ms
[662.725s][info][gc,cpu         ] GC(1539) User=0.09s Sys=0.00s Real=0.05s
[663.036s][info][gc,marking     ] GC(1536) Concurrent Rebuild Remembered Sets and Scrub Regions 484.906ms
[663.037s][info][gc,start       ] GC(1536) Pause Cleanup
[663.037s][info][gc             ] GC(1536) Pause Cleanup 657M->657M(978M) 0.162ms
[663.037s][info][gc,cpu         ] GC(1536) User=0.00s Sys=0.00s Real=0.00s
[663.038s][info][gc,marking     ] GC(1536) Concurrent Clear Claimed Marks
[663.038s][info][gc,marking     ] GC(1536) Concurrent Clear Claimed Marks 0.042ms
[663.038s][info][gc,marking     ] GC(1536) Concurrent Cleanup for Next Mark
[663.045s][info][gc,marking     ] GC(1536) Concurrent Cleanup for Next Mark 7.042ms
[663.045s][info][gc             ] GC(1536) Concurrent Mark Cycle 1751.614ms
[663.440s][info][gc,start       ] GC(1540) Pause Young (Prepare Mixed) (G1 Evacuation Pause)
[663.440s][info][gc,task        ] GC(1540) Using 2 workers of 2 for evacuation
[663.442s][info][gc,phases      ] GC(1540)   Pre Evacuate Collection Set: 0.57ms
[663.442s][info][gc,phases      ] GC(1540)   Merge Heap Roots: 0.17ms
[663.442s][info][gc,phases      ] GC(1540)   Evacuate Collection Set: 0.60ms
[663.442s][info][gc,phases      ] GC(1540)   Post Evacuate Collection Set: 0.60ms
[663.442s][info][gc,phases      ] GC(1540)   Other: 0.11ms
[663.442s][info][gc,heap        ] GC(1540) Eden regions: 397->0(407)
[663.442s][info][gc,heap        ] GC(1540) Survivor regions: 1->1(50)
[663.442s][info][gc,heap        ] GC(1540) Old regions: 512->512
[663.442s][info][gc,heap        ] GC(1540) Humongous regions: 7->7
[663.443s][info][gc,metaspace   ] GC(1540) Metaspace: 19220K(19392K)->19220K(19392K) NonClass: 17390K(17536K)->17390K(17536K) Class: 1829K(1856K)->1829K(1856K)
[663.443s][info][gc             ] GC(1540) Pause Young (Prepare Mixed) (G1 Evacuation Pause) 916M->519M(978M) 2.285ms
[663.443s][info][gc,cpu         ] GC(1540) User=0.01s Sys=0.00s Real=0.00s
[663.959s][info][gc,start       ] GC(1541) Pause Young (Mixed) (G1 Evacuation Pause)
[663.959s][info][gc,task        ] GC(1541) Using 2 workers of 2 for evacuation
[664.039s][info][gc,phases      ] GC(1541)   Pre Evacuate Collection Set: 0.37ms
[664.039s][info][gc,phases      ] GC(1541)   Merge Heap Roots: 0.83ms
[664.039s][info][gc,phases      ] GC(1541)   Evacuate Collection Set: 77.16ms
[664.039s][info][gc,phases      ] GC(1541)   Post Evacuate Collection Set: 0.91ms
[664.039s][info][gc,phases      ] GC(1541)   Other: 0.15ms
[664.039s][info][gc,heap        ] GC(1541) Eden regions: 407->0(424)
[664.039s][info][gc,heap        ] GC(1541) Survivor regions: 1->35(51)
[664.039s][info][gc,heap        ] GC(1541) Old regions: 512->427
[664.039s][info][gc,heap        ] GC(1541) Humongous regions: 7->7
[664.039s][info][gc,metaspace   ] GC(1541) Metaspace: 19222K(19392K)->19222K(19392K) NonClass: 17392K(17536K)->17392K(17536K) Class: 1829K(1856K)->1829K(1856K)
[664.039s][info][gc             ] GC(1541) Pause Young (Mixed) (G1 Evacuation Pause) 926M->468M(978M) 79.718ms
[664.039s][info][gc,cpu         ] GC(1541) User=0.16s Sys=0.00s Real=0.08s
[664.388s][info][gc,start       ] GC(1542) Pause Young (Concurrent Start) (G1 Evacuation Pause)
[664.388s][info][gc,task        ] GC(1542) Using 2 workers of 2 for evacuation
[664.474s][info][gc,phases      ] GC(1542)   Pre Evacuate Collection Set: 0.37ms
[664.474s][info][gc,phases      ] GC(1542)   Merge Heap Roots: 0.41ms
[664.474s][info][gc,phases      ] GC(1542)   Evacuate Collection Set: 84.07ms
[664.474s][info][gc,phases      ] GC(1542)   Post Evacuate Collection Set: 0.78ms
[664.474s][info][gc,phases      ] GC(1542)   Other: 0.23ms
[664.474s][info][gc,heap        ] GC(1542) Eden regions: 424->0(396)
[664.474s][info][gc,heap        ] GC(1542) Survivor regions: 35->31(58)
[664.474s][info][gc,heap        ] GC(1542) Old regions: 427->462
[664.474s][info][gc,heap        ] GC(1542) Humongous regions: 7->7
[664.474s][info][gc,metaspace   ] GC(1542) Metaspace: 19222K(19392K)->19222K(19392K) NonClass: 17392K(17536K)->17392K(17536K) Class: 1829K(1856K)->1829K(1856K)
[664.474s][info][gc             ] GC(1542) Pause Young (Concurrent Start) (G1 Evacuation Pause) 892M->499M(978M) 86.126ms
[664.474s][info][gc,cpu         ] GC(1542) User=0.17s Sys=0.00s Real=0.08s
[664.474s][info][gc             ] GC(1543) Concurrent Mark Cycle
[664.474s][info][gc,marking     ] GC(1543) Concurrent Scan Root Regions
[664.591s][info][gc,marking     ] GC(1543) Concurrent Scan Root Regions 116.872ms
[664.591s][info][gc,marking     ] GC(1543) Concurrent Mark
[664.591s][info][gc,marking     ] GC(1543) Concurrent Mark From Roots
[664.591s][info][gc,task        ] GC(1543) Using 1 workers of 1 for marking
[665.016s][info][gc,start       ] GC(1544) Pause Young (Normal) (G1 Evacuation Pause)
[665.016s][info][gc,task        ] GC(1544) Using 2 workers of 2 for evacuation
[665.104s][info][gc,phases      ] GC(1544)   Pre Evacuate Collection Set: 0.35ms
[665.104s][info][gc,phases      ] GC(1544)   Merge Heap Roots: 0.30ms
[665.104s][info][gc,phases      ] GC(1544)   Evacuate Collection Set: 86.95ms
[665.104s][info][gc,phases      ] GC(1544)   Post Evacuate Collection Set: 0.69ms
[665.104s][info][gc,phases      ] GC(1544)   Other: 0.11ms
[665.104s][info][gc,heap        ] GC(1544) Eden regions: 396->0(346)
[665.104s][info][gc,heap        ] GC(1544) Survivor regions: 31->40(54)
[665.104s][info][gc,heap        ] GC(1544) Old regions: 462->493
[665.104s][info][gc,heap        ] GC(1544) Humongous regions: 7->7
[665.104s][info][gc,metaspace   ] GC(1544) Metaspace: 19222K(19392K)->19222K(19392K) NonClass: 17392K(17536K)->17392K(17536K) Class: 1829K(1856K)->1829K(1856K)
[665.104s][info][gc             ] GC(1544) Pause Young (Normal) (G1 Evacuation Pause) 895M->539M(978M) 88.689ms
[665.104s][info][gc,cpu         ] GC(1544) User=0.17s Sys=0.00s Real=0.09s
[665.286s][info][gc,marking     ] GC(1543) Concurrent Mark From Roots 695.006ms
[665.286s][info][gc,marking     ] GC(1543) Concurrent Preclean
[665.286s][info][gc,marking     ] GC(1543) Concurrent Preclean 0.068ms
[665.286s][info][gc,start       ] GC(1543) Pause Remark
[665.296s][info][gc             ] GC(1543) Pause Remark 653M->533M(978M) 9.131ms
[665.296s][info][gc,cpu         ] GC(1543) User=0.01s Sys=0.00s Real=0.01s
[665.296s][info][gc,marking     ] GC(1543) Concurrent Mark 704.558ms
[665.296s][info][gc,marking     ] GC(1543) Concurrent Rebuild Remembered Sets and Scrub Regions
[665.597s][info][gc,marking     ] GC(1543) Concurrent Rebuild Remembered Sets and Scrub Regions 300.880ms
[665.597s][info][gc,start       ] GC(1543) Pause Cleanup
[665.597s][info][gc             ] GC(1543) Pause Cleanup 676M->676M(978M) 0.139ms
[665.597s][info][gc,cpu         ] GC(1543) User=0.00s Sys=0.00s Real=0.00s
[665.598s][info][gc,marking     ] GC(1543) Concurrent Clear Claimed Marks
[665.598s][info][gc,marking     ] GC(1543) Concurrent Clear Claimed Marks 0.078ms
[665.598s][info][gc,marking     ] GC(1543) Concurrent Cleanup for Next Mark
[665.604s][info][gc,marking     ] GC(1543) Concurrent Cleanup for Next Mark 6.566ms
[665.605s][info][gc             ] GC(1543) Concurrent Mark Cycle 1130.497ms
[665.721s][info][gc,start       ] GC(1545) Pause Young (Prepare Mixed) (G1 Evacuation Pause)
[665.721s][info][gc,task        ] GC(1545) Using 2 workers of 2 for evacuation
[665.793s][info][gc,phases      ] GC(1545)   Pre Evacuate Collection Set: 0.58ms
[665.793s][info][gc,phases      ] GC(1545)   Merge Heap Roots: 0.52ms
[665.793s][info][gc,phases      ] GC(1545)   Evacuate Collection Set: 70.19ms
[665.793s][info][gc,phases      ] GC(1545)   Post Evacuate Collection Set: 0.67ms
[665.793s][info][gc,phases      ] GC(1545)   Other: 0.10ms
[665.793s][info][gc,heap        ] GC(1545) Eden regions: 346->0(436)
[665.793s][info][gc,heap        ] GC(1545) Survivor regions: 40->14(49)
[665.793s][info][gc,heap        ] GC(1545) Old regions: 376->416
[665.793s][info][gc,heap        ] GC(1545) Humongous regions: 4->4
[665.793s][info][gc,metaspace   ] GC(1545) Metaspace: 19222K(19392K)->19222K(19392K) NonClass: 17392K(17536K)->17392K(17536K) Class: 1829K(1856K)->1829K(1856K)
[665.793s][info][gc             ] GC(1545) Pause Young (Prepare Mixed) (G1 Evacuation Pause) 765M->433M(978M) 72.345ms
[665.793s][info][gc,cpu         ] GC(1545) User=0.14s Sys=0.00s Real=0.07s
[666.582s][info][gc,start       ] GC(1546) Pause Young (Mixed) (G1 Evacuation Pause)
[666.583s][info][gc,task        ] GC(1546) Using 2 workers of 2 for evacuation
[666.625s][info][gc,phases      ] GC(1546)   Pre Evacuate Collection Set: 0.35ms
[666.625s][info][gc,phases      ] GC(1546)   Merge Heap Roots: 0.33ms
[666.625s][info][gc,phases      ] GC(1546)   Evacuate Collection Set: 40.88ms
[666.625s][info][gc,phases      ] GC(1546)   Post Evacuate Collection Set: 0.79ms
[666.625s][info][gc,phases      ] GC(1546)   Other: 0.10ms
[666.625s][info][gc,heap        ] GC(1546) Eden regions: 436->0(463)
[666.625s][info][gc,heap        ] GC(1546) Survivor regions: 14->30(57)
[666.625s][info][gc,heap        ] GC(1546) Old regions: 416->373
[666.625s][info][gc,heap        ] GC(1546) Humongous regions: 4->4
[666.625s][info][gc,metaspace   ] GC(1546) Metaspace: 19222K(19392K)->19222K(19392K) NonClass: 17392K(17536K)->17392K(17536K) Class: 1829K(1856K)->1829K(1856K)
[666.625s][info][gc             ] GC(1546) Pause Young (Mixed) (G1 Evacuation Pause) 869M->406M(978M) 42.706ms
[666.625s][info][gc,cpu         ] GC(1546) User=0.09s Sys=0.00s Real=0.05s
[667.857s][info][gc,start       ] GC(1547) Pause Young (Concurrent Start) (G1 Evacuation Pause)
[667.857s][info][gc,task        ] GC(1547) Using 2 workers of 2 for evacuation
[667.897s][info][gc,phases      ] GC(1547)   Pre Evacuate Collection Set: 0.31ms
[667.897s][info][gc,phases      ] GC(1547)   Merge Heap Roots: 0.28ms
[667.897s][info][gc,phases      ] GC(1547)   Evacuate Collection Set: 37.88ms
[667.897s][info][gc,phases      ] GC(1547)   Post Evacuate Collection Set: 0.81ms
[667.897s][info][gc,phases      ] GC(1547)   Other: 0.17ms
[667.897s][info][gc,heap        ] GC(1547) Eden regions: 463->0(481)
[667.897s][info][gc,heap        ] GC(1547) Survivor regions: 30->31(62)
[667.897s][info][gc,heap        ] GC(1547) Old regions: 373->373
[667.897s][info][gc,heap        ] GC(1547) Humongous regions: 4->4
[667.897s][info][gc,metaspace   ] GC(1547) Metaspace: 19222K(19392K)->19222K(19392K) NonClass: 17392K(17536K)->17392K(17536K) Class: 1829K(1856K)->1829K(1856K)
[667.897s][info][gc             ] GC(1547) Pause Young (Concurrent Start) (G1 Evacuation Pause) 869M->407M(978M) 39.699ms
[667.897s][info][gc,cpu         ] GC(1547) User=0.08s Sys=0.00s Real=0.04s
[667.897s][info][gc             ] GC(1548) Concurrent Mark Cycle
[667.899s][info][gc,marking     ] GC(1548) Concurrent Scan Root Regions
[667.964s][info][gc,marking     ] GC(1548) Concurrent Scan Root Regions 64.384ms
[667.964s][info][gc,marking     ] GC(1548) Concurrent Mark
[667.964s][info][gc,marking     ] GC(1548) Concurrent Mark From Roots
[667.964s][info][gc,task        ] GC(1548) Using 1 workers of 1 for marking
[669.051s][info][gc,marking     ] GC(1548) Concurrent Mark From Roots 1087.173ms
[669.051s][info][gc,marking     ] GC(1548) Concurrent Preclean
[669.051s][info][gc,marking     ] GC(1548) Concurrent Preclean 0.053ms
[669.052s][info][gc,start       ] GC(1548) Pause Remark
[669.061s][info][gc             ] GC(1548) Pause Remark 826M->826M(978M) 9.063ms
[669.061s][info][gc,cpu         ] GC(1548) User=0.02s Sys=0.00s Real=0.01s
[669.061s][info][gc,marking     ] GC(1548) Concurrent Mark 1097.411ms
[669.061s][info][gc,marking     ] GC(1548) Concurrent Rebuild Remembered Sets and Scrub Regions
[669.129s][info][gc,start       ] GC(1549) Pause Young (Normal) (G1 Evacuation Pause)
[669.129s][info][gc,task        ] GC(1549) Using 2 workers of 2 for evacuation
[669.318s][info][gc,phases      ] GC(1549)   Pre Evacuate Collection Set: 0.33ms
[669.318s][info][gc,phases      ] GC(1549)   Merge Heap Roots: 0.36ms
[669.318s][info][gc,phases      ] GC(1549)   Evacuate Collection Set: 166.65ms
[669.318s][info][gc,phases      ] GC(1549)   Post Evacuate Collection Set: 21.22ms
[669.318s][info][gc,phases      ] GC(1549)   Other: 0.11ms
[669.318s][info][gc,heap        ] GC(1549) Eden regions: 481->0(164)
[669.318s][info][gc,heap        ] GC(1549) Survivor regions: 31->64(64)
[669.318s][info][gc,heap        ] GC(1549) Old regions: 373->632
[669.318s][info][gc,heap        ] GC(1549) Humongous regions: 4->4
[669.318s][info][gc,metaspace   ] GC(1549) Metaspace: 19222K(19392K)->19222K(19392K) NonClass: 17392K(17536K)->17392K(17536K) Class: 1829K(1856K)->1829K(1856K)
[669.318s][info][gc             ] GC(1549) Pause Young (Normal) (G1 Evacuation Pause) (Evacuation Failure: Allocation) 888M->699M(978M) 189.000ms
[669.318s][info][gc,cpu         ] GC(1549) User=0.38s Sys=0.00s Real=0.19s
[669.646s][info][gc,start       ] GC(1550) Pause Young (Normal) (G1 Evacuation Pause)
[669.646s][info][gc,task        ] GC(1550) Using 2 workers of 2 for evacuation
[669.859s][info][gc,mmu         ] GC(1550) MMU target violated: 201.0ms (200.0ms/201.0ms)
[669.859s][info][gc,phases      ] GC(1550)   Pre Evacuate Collection Set: 0.43ms
[669.859s][info][gc,phases      ] GC(1550)   Merge Heap Roots: 1.15ms
[669.859s][info][gc,phases      ] GC(1550)   Evacuate Collection Set: 193.47ms
[669.859s][info][gc,phases      ] GC(1550)   Post Evacuate Collection Set: 17.33ms
[669.859s][info][gc,phases      ] GC(1550)   Other: 0.22ms
[669.859s][info][gc,heap        ] GC(1550) Eden regions: 164->0(89)
[669.859s][info][gc,heap        ] GC(1550) Survivor regions: 64->29(29)
[669.859s][info][gc,heap        ] GC(1550) Old regions: 632->777
[669.859s][info][gc,heap        ] GC(1550) Humongous regions: 4->4
[669.859s][info][gc,metaspace   ] GC(1550) Metaspace: 19222K(19392K)->19222K(19392K) NonClass: 17392K(17536K)->17392K(17536K) Class: 1829K(1856K)->1829K(1856K)
[669.859s][info][gc             ] GC(1550) Pause Young (Normal) (G1 Evacuation Pause) (Evacuation Failure: Allocation) 863M->809M(978M) 212.813ms
[669.859s][info][gc,cpu         ] GC(1550) User=0.42s Sys=0.00s Real=0.21s
[669.968s][info][gc,marking     ] GC(1548) Concurrent Rebuild Remembered Sets and Scrub Regions 906.467ms
[669.968s][info][gc,start       ] GC(1548) Pause Cleanup
[669.968s][info][gc             ] GC(1548) Pause Cleanup 857M->857M(978M) 0.136ms
[669.968s][info][gc,cpu         ] GC(1548) User=0.00s Sys=0.00s Real=0.00s
[669.970s][info][gc,marking     ] GC(1548) Concurrent Clear Claimed Marks
[669.970s][info][gc,marking     ] GC(1548) Concurrent Clear Claimed Marks 0.058ms
[669.970s][info][gc,marking     ] GC(1548) Concurrent Cleanup for Next Mark
[669.975s][info][gc,marking     ] GC(1548) Concurrent Cleanup for Next Mark 5.047ms
[669.975s][info][gc             ] GC(1548) Concurrent Mark Cycle 2078.072ms
[670.093s][info][gc,start       ] GC(1551) Pause Young (Prepare Mixed) (G1 Evacuation Pause)
[670.093s][info][gc,task        ] GC(1551) Using 2 workers of 2 for evacuation
[670.179s][info][gc,phases      ] GC(1551)   Pre Evacuate Collection Set: 0.44ms
[670.179s][info][gc,phases      ] GC(1551)   Merge Heap Roots: 0.69ms
[670.179s][info][gc,phases      ] GC(1551)   Evacuate Collection Set: 84.57ms
[670.179s][info][gc,phases      ] GC(1551)   Post Evacuate Collection Set: 0.66ms
[670.179s][info][gc,phases      ] GC(1551)   Other: 0.16ms
[670.179s][info][gc,heap        ] GC(1551) Eden regions: 89->0(189)
[670.179s][info][gc,heap        ] GC(1551) Survivor regions: 29->15(15)
[670.179s][info][gc,heap        ] GC(1551) Old regions: 777->689
[670.179s][info][gc,heap        ] GC(1551) Humongous regions: 4->4
[670.179s][info][gc,metaspace   ] GC(1551) Metaspace: 19222K(19392K)->19222K(19392K) NonClass: 17392K(17536K)->17392K(17536K) Class: 1829K(1856K)->1829K(1856K)
[670.179s][info][gc             ] GC(1551) Pause Young (Prepare Mixed) (G1 Evacuation Pause) 898M->707M(978M) 86.857ms
[670.179s][info][gc,cpu         ] GC(1551) User=0.18s Sys=0.00s Real=0.09s
[670.452s][info][gc,start       ] GC(1552) Pause Young (Mixed) (G1 Evacuation Pause)
[670.452s][info][gc,task        ] GC(1552) Using 2 workers of 2 for evacuation
[670.533s][info][gc,phases      ] GC(1552)   Pre Evacuate Collection Set: 0.58ms
[670.533s][info][gc,phases      ] GC(1552)   Merge Heap Roots: 0.65ms
[670.533s][info][gc,phases      ] GC(1552)   Evacuate Collection Set: 78.27ms
[670.533s][info][gc,phases      ] GC(1552)   Post Evacuate Collection Set: 0.83ms
[670.533s][info][gc,phases      ] GC(1552)   Other: 0.14ms
[670.533s][info][gc,heap        ] GC(1552) Eden regions: 189->0(215)
[670.533s][info][gc,heap        ] GC(1552) Survivor regions: 15->18(26)
[670.533s][info][gc,heap        ] GC(1552) Old regions: 689->652
[670.533s][info][gc,heap        ] GC(1552) Humongous regions: 7->7
[670.533s][info][gc,metaspace   ] GC(1552) Metaspace: 19222K(19392K)->19222K(19392K) NonClass: 17392K(17536K)->17392K(17536K) Class: 1829K(1856K)->1829K(1856K)
[670.533s][info][gc             ] GC(1552) Pause Young (Mixed) (G1 Evacuation Pause) 899M->675M(978M) 80.771ms
[670.533s][info][gc,cpu         ] GC(1552) User=0.16s Sys=0.00s Real=0.08s
[670.703s][info][gc,start       ] GC(1553) Pause Young (Concurrent Start) (G1 Humongous Allocation)
[670.703s][info][gc,task        ] GC(1553) Using 2 workers of 2 for evacuation
[670.795s][info][gc,phases      ] GC(1553)   Pre Evacuate Collection Set: 0.39ms
[670.795s][info][gc,phases      ] GC(1553)   Merge Heap Roots: 0.97ms
[670.795s][info][gc,phases      ] GC(1553)   Evacuate Collection Set: 89.17ms
[670.795s][info][gc,phases      ] GC(1553)   Post Evacuate Collection Set: 0.83ms
[670.795s][info][gc,phases      ] GC(1553)   Other: 0.12ms
[670.795s][info][gc,heap        ] GC(1553) Eden regions: 111->0(257)
[670.795s][info][gc,heap        ] GC(1553) Survivor regions: 18->7(30)
[670.795s][info][gc,heap        ] GC(1553) Old regions: 652->620
[670.795s][info][gc,heap        ] GC(1553) Humongous regions: 7->7
[670.795s][info][gc,metaspace   ] GC(1553) Metaspace: 19222K(19392K)->19222K(19392K) NonClass: 17392K(17536K)->17392K(17536K) Class: 1829K(1856K)->1829K(1856K)
[670.795s][info][gc             ] GC(1553) Pause Young (Concurrent Start) (G1 Humongous Allocation) 786M->633M(978M) 91.761ms
[670.795s][info][gc,cpu         ] GC(1553) User=0.19s Sys=0.00s Real=0.10s
[670.795s][info][gc             ] GC(1554) Concurrent Mark Cycle
[670.795s][info][gc,marking     ] GC(1554) Concurrent Scan Root Regions
[670.890s][info][gc,marking     ] GC(1554) Concurrent Scan Root Regions 94.464ms
[670.890s][info][gc,marking     ] GC(1554) Concurrent Mark
[670.890s][info][gc,marking     ] GC(1554) Concurrent Mark From Roots
[670.890s][info][gc,task        ] GC(1554) Using 1 workers of 1 for marking
[671.715s][info][gc,start       ] GC(1555) Pause Young (Normal) (G1 Evacuation Pause)
[671.715s][info][gc,task        ] GC(1555) Using 2 workers of 2 for evacuation
[671.787s][info][gc,phases      ] GC(1555)   Pre Evacuate Collection Set: 0.59ms
[671.787s][info][gc,phases      ] GC(1555)   Merge Heap Roots: 0.76ms
[671.787s][info][gc,phases      ] GC(1555)   Evacuate Collection Set: 69.85ms
[671.787s][info][gc,phases      ] GC(1555)   Post Evacuate Collection Set: 0.79ms
[671.787s][info][gc,phases      ] GC(1555)   Other: 0.10ms
[671.787s][info][gc,heap        ] GC(1555) Eden regions: 257->0(237)
[671.787s][info][gc,heap        ] GC(1555) Survivor regions: 7->29(33)
[671.787s][info][gc,heap        ] GC(1555) Old regions: 620->620
[671.787s][info][gc,heap        ] GC(1555) Humongous regions: 13->13
[671.787s][info][gc,metaspace   ] GC(1555) Metaspace: 19222K(19392K)->19222K(19392K) NonClass: 17392K(17536K)->17392K(17536K) Class: 1829K(1856K)->1829K(1856K)
[671.787s][info][gc             ] GC(1555) Pause Young (Normal) (G1 Evacuation Pause) 896M->660M(978M) 72.375ms
[671.787s][info][gc,cpu         ] GC(1555) User=0.14s Sys=0.00s Real=0.07s
[672.149s][info][gc,marking     ] GC(1554) Concurrent Mark From Roots 1259.487ms
[672.149s][info][gc,marking     ] GC(1554) Concurrent Preclean
[672.149s][info][gc,marking     ] GC(1554) Concurrent Preclean 0.057ms
[672.151s][info][gc,start       ] GC(1554) Pause Remark
[672.161s][info][gc             ] GC(1554) Pause Remark 763M->680M(978M) 9.278ms
[672.161s][info][gc,cpu         ] GC(1554) User=0.02s Sys=0.00s Real=0.01s
[672.161s][info][gc,marking     ] GC(1554) Concurrent Mark 1271.086ms
[672.161s][info][gc,marking     ] GC(1554) Concurrent Rebuild Remembered Sets and Scrub Regions
[672.528s][info][gc,start       ] GC(1556) Pause Young (Normal) (G1 Evacuation Pause)
[672.528s][info][gc,task        ] GC(1556) Using 2 workers of 2 for evacuation
[672.599s][info][gc,phases      ] GC(1556)   Pre Evacuate Collection Set: 0.56ms
[672.599s][info][gc,phases      ] GC(1556)   Merge Heap Roots: 1.03ms
[672.599s][info][gc,phases      ] GC(1556)   Evacuate Collection Set: 68.08ms
[672.599s][info][gc,phases      ] GC(1556)   Post Evacuate Collection Set: 0.52ms
[672.599s][info][gc,phases      ] GC(1556)   Other: 0.12ms
[672.599s][info][gc,heap        ] GC(1556) Eden regions: 237->0(306)
[672.599s][info][gc,heap        ] GC(1556) Survivor regions: 29->1(34)
[672.599s][info][gc,heap        ] GC(1556) Old regions: 540->568
[672.599s][info][gc,heap        ] GC(1556) Humongous regions: 10->10
[672.599s][info][gc,metaspace   ] GC(1556) Metaspace: 19222K(19392K)->19222K(19392K) NonClass: 17392K(17536K)->17392K(17536K) Class: 1829K(1856K)->1829K(1856K)
[672.599s][info][gc             ] GC(1556) Pause Young (Normal) (G1 Evacuation Pause) 814M->578M(978M) 70.597ms
[672.599s][info][gc,cpu         ] GC(1556) User=0.14s Sys=0.00s Real=0.07s
[672.639s][info][gc,marking     ] GC(1554) Concurrent Rebuild Remembered Sets and Scrub Regions 478.323ms
[672.639s][info][gc,start       ] GC(1554) Pause Cleanup
[672.640s][info][gc             ] GC(1554) Pause Cleanup 590M->590M(978M) 0.180ms
[672.640s][info][gc,cpu         ] GC(1554) User=0.00s Sys=0.00s Real=0.00s
[672.641s][info][gc,marking     ] GC(1554) Concurrent Clear Claimed Marks
[672.641s][info][gc,marking     ] GC(1554) Concurrent Clear Claimed Marks 0.045ms
[672.641s][info][gc,marking     ] GC(1554) Concurrent Cleanup for Next Mark
[672.644s][info][gc,marking     ] GC(1554) Concurrent Cleanup for Next Mark 3.075ms
[672.644s][info][gc             ] GC(1554) Concurrent Mark Cycle 1849.031ms
[673.143s][info][gc,start       ] GC(1557) Pause Young (Prepare Mixed) (G1 Evacuation Pause)
[673.143s][info][gc,task        ] GC(1557) Using 2 workers of 2 for evacuation
[673.144s][info][gc,phases      ] GC(1557)   Pre Evacuate Collection Set: 0.57ms
[673.144s][info][gc,phases      ] GC(1557)   Merge Heap Roots: 0.12ms
[673.144s][info][gc,phases      ] GC(1557)   Evacuate Collection Set: 0.49ms
[673.144s][info][gc,phases      ] GC(1557)   Post Evacuate Collection Set: 0.53ms
[673.144s][info][gc,phases      ] GC(1557)   Other: 0.11ms
[673.144s][info][gc,heap        ] GC(1557) Eden regions: 306->0(320)
[673.144s][info][gc,heap        ] GC(1557) Survivor regions: 1->1(39)
[673.145s][info][gc,heap        ] GC(1557) Old regions: 568->568
[673.145s][info][gc,heap        ] GC(1557) Humongous regions: 10->10
[673.145s][info][gc,metaspace   ] GC(1557) Metaspace: 19222K(19392K)->19222K(19392K) NonClass: 17392K(17536K)->17392K(17536K) Class: 1829K(1856K)->1829K(1856K)
[673.145s][info][gc             ] GC(1557) Pause Young (Prepare Mixed) (G1 Evacuation Pause) 884M->578M(978M) 2.074ms
[673.145s][info][gc,cpu         ] GC(1557) User=0.00s Sys=0.00s Real=0.01s
[673.686s][info][gc,start       ] GC(1558) Pause Young (Mixed) (G1 Evacuation Pause)
[673.686s][info][gc,task        ] GC(1558) Using 2 workers of 2 for evacuation
[673.691s][info][gc,phases      ] GC(1558)   Pre Evacuate Collection Set: 0.55ms
[673.691s][info][gc,phases      ] GC(1558)   Merge Heap Roots: 0.20ms
[673.691s][info][gc,phases      ] GC(1558)   Evacuate Collection Set: 3.82ms
[673.691s][info][gc,phases      ] GC(1558)   Post Evacuate Collection Set: 0.61ms
[673.691s][info][gc,phases      ] GC(1558)   Other: 0.12ms
[673.691s][info][gc,heap        ] GC(1558) Eden regions: 320->0(394)
[673.691s][info][gc,heap        ] GC(1558) Survivor regions: 1->1(41)
[673.691s][info][gc,heap        ] GC(1558) Old regions: 568->494
[673.691s][info][gc,heap        ] GC(1558) Humongous regions: 10->10
[673.691s][info][gc,metaspace   ] GC(1558) Metaspace: 19222K(19392K)->19222K(19392K) NonClass: 17392K(17536K)->17392K(17536K) Class: 1829K(1856K)->1829K(1856K)
[673.691s][info][gc             ] GC(1558) Pause Young (Mixed) (G1 Evacuation Pause) 898M->504M(978M) 5.563ms
[673.691s][info][gc,cpu         ] GC(1558) User=0.01s Sys=0.00s Real=0.00s
[674.101s][info][gc,start       ] GC(1559) Pause Young (Concurrent Start) (G1 Evacuation Pause)
[674.102s][info][gc,task        ] GC(1559) Using 2 workers of 2 for evacuation
[674.146s][info][gc,phases      ] GC(1559)   Pre Evacuate Collection Set: 0.33ms
[674.146s][info][gc,phases      ] GC(1559)   Merge Heap Roots: 0.22ms
[674.146s][info][gc,phases      ] GC(1559)   Evacuate Collection Set: 43.48ms
[674.146s][info][gc,phases      ] GC(1559)   Post Evacuate Collection Set: 0.70ms
[674.146s][info][gc,phases      ] GC(1559)   Other: 0.14ms
[674.146s][info][gc,heap        ] GC(1559) Eden regions: 394->0(356)
[674.147s][info][gc,heap        ] GC(1559) Survivor regions: 1->34(50)
[674.147s][info][gc,heap        ] GC(1559) Old regions: 494->494
[674.147s][info][gc,heap        ] GC(1559) Humongous regions: 10->10
[674.147s][info][gc,metaspace   ] GC(1559) Metaspace: 19222K(19392K)->19222K(19392K) NonClass: 17392K(17536K)->17392K(17536K) Class: 1829K(1856K)->1829K(1856K)
[674.147s][info][gc             ] GC(1559) Pause Young (Concurrent Start) (G1 Evacuation Pause) 898M->537M(978M) 45.114ms
[674.147s][info][gc,cpu         ] GC(1559) User=0.09s Sys=0.00s Real=0.05s
[674.147s][info][gc             ] GC(1560) Concurrent Mark Cycle
[674.147s][info][gc,marking     ] GC(1560) Concurrent Scan Root Regions
[674.220s][info][gc,marking     ] GC(1560) Concurrent Scan Root Regions 73.551ms
[674.220s][info][gc,marking     ] GC(1560) Concurrent Mark
[674.220s][info][gc,marking     ] GC(1560) Concurrent Mark From Roots
[674.220s][info][gc,task        ] GC(1560) Using 1 workers of 1 for marking
[675.078s][info][gc,start       ] GC(1561) Pause Young (Normal) (G1 Evacuation Pause)
[675.078s][info][gc,task        ] GC(1561) Using 2 workers of 2 for evacuation
[675.131s][info][gc,phases      ] GC(1561)   Pre Evacuate Collection Set: 0.55ms
[675.131s][info][gc,phases      ] GC(1561)   Merge Heap Roots: 0.25ms
[675.131s][info][gc,phases      ] GC(1561)   Evacuate Collection Set: 50.70ms
[675.131s][info][gc,phases      ] GC(1561)   Post Evacuate Collection Set: 0.67ms
[675.131s][info][gc,phases      ] GC(1561)   Other: 0.12ms
[675.131s][info][gc,heap        ] GC(1561) Eden regions: 356->0(358)
[675.131s][info][gc,heap        ] GC(1561) Survivor regions: 34->11(49)
[675.131s][info][gc,heap        ] GC(1561) Old regions: 494->528
[675.131s][info][gc,heap        ] GC(1561) Humongous regions: 10->10
[675.131s][info][gc,metaspace   ] GC(1561) Metaspace: 19222K(19392K)->19222K(19392K) NonClass: 17392K(17536K)->17392K(17536K) Class: 1829K(1856K)->1829K(1856K)
[675.131s][info][gc             ] GC(1561) Pause Young (Normal) (G1 Evacuation Pause) 893M->547M(978M) 52.583ms
[675.131s][info][gc,cpu         ] GC(1561) User=0.10s Sys=0.00s Real=0.05s
[675.775s][info][gc,marking     ] GC(1560) Concurrent Mark From Roots 1555.127ms
[675.776s][info][gc,marking     ] GC(1560) Concurrent Preclean
[675.776s][info][gc,marking     ] GC(1560) Concurrent Preclean 0.055ms
[675.777s][info][gc,start       ] GC(1560) Pause Remark
[675.786s][info][gc             ] GC(1560) Pause Remark 679M->676M(978M) 9.112ms
[675.786s][info][gc,cpu         ] GC(1560) User=0.02s Sys=0.00s Real=0.01s
[675.786s][info][gc,marking     ] GC(1560) Concurrent Mark 1565.709ms
[675.786s][info][gc,marking     ] GC(1560) Concurrent Rebuild Remembered Sets and Scrub Regions
[676.311s][info][gc,marking     ] GC(1560) Concurrent Rebuild Remembered Sets and Scrub Regions 525.049ms
[676.311s][info][gc,start       ] GC(1560) Pause Cleanup
[676.311s][info][gc             ] GC(1560) Pause Cleanup 845M->845M(978M) 0.119ms
[676.311s][info][gc,cpu         ] GC(1560) User=0.00s Sys=0.00s Real=0.00s
[676.312s][info][gc,marking     ] GC(1560) Concurrent Clear Claimed Marks
[676.312s][info][gc,marking     ] GC(1560) Concurrent Clear Claimed Marks 0.055ms
[676.312s][info][gc,marking     ] GC(1560) Concurrent Cleanup for Next Mark
[676.318s][info][gc,marking     ] GC(1560) Concurrent Cleanup for Next Mark 6.035ms
[676.318s][info][gc             ] GC(1560) Concurrent Mark Cycle 2171.822ms
[676.452s][info][gc,start       ] GC(1562) Pause Young (Prepare Mixed) (G1 Evacuation Pause)
[676.452s][info][gc,task        ] GC(1562) Using 2 workers of 2 for evacuation
[676.468s][info][gc,phases      ] GC(1562)   Pre Evacuate Collection Set: 0.59ms
[676.468s][info][gc,phases      ] GC(1562)   Merge Heap Roots: 0.26ms
[676.468s][info][gc,phases      ] GC(1562)   Evacuate Collection Set: 14.10ms
[676.468s][info][gc,phases      ] GC(1562)   Post Evacuate Collection Set: 0.67ms
[676.468s][info][gc,phases      ] GC(1562)   Other: 0.13ms
[676.468s][info][gc,heap        ] GC(1562) Eden regions: 358->0(371)
[676.468s][info][gc,heap        ] GC(1562) Survivor regions: 11->11(47)
[676.468s][info][gc,heap        ] GC(1562) Old regions: 528->528
[676.468s][info][gc,heap        ] GC(1562) Humongous regions: 7->7
[676.468s][info][gc,metaspace   ] GC(1562) Metaspace: 19222K(19392K)->19222K(19392K) NonClass: 17392K(17536K)->17392K(17536K) Class: 1829K(1856K)->1829K(1856K)
[676.468s][info][gc             ] GC(1562) Pause Young (Prepare Mixed) (G1 Evacuation Pause) 902M->544M(978M) 16.035ms
[676.468s][info][gc,cpu         ] GC(1562) User=0.03s Sys=0.00s Real=0.02s
[676.951s][info][gc,start       ] GC(1563) Pause Young (Mixed) (G1 Evacuation Pause)
[676.951s][info][gc,task        ] GC(1563) Using 2 workers of 2 for evacuation
[677.021s][info][gc,phases      ] GC(1563)   Pre Evacuate Collection Set: 0.31ms
[677.021s][info][gc,phases      ] GC(1563)   Merge Heap Roots: 0.32ms
[677.021s][info][gc,phases      ] GC(1563)   Evacuate Collection Set: 67.98ms
[677.021s][info][gc,phases      ] GC(1563)   Post Evacuate Collection Set: 0.83ms
[677.021s][info][gc,phases      ] GC(1563)   Other: 0.10ms
[677.021s][info][gc,heap        ] GC(1563) Eden regions: 371->0(298)
[677.021s][info][gc,heap        ] GC(1563) Survivor regions: 11->48(48)
[677.021s][info][gc,heap        ] GC(1563) Old regions: 528->527
[677.021s][info][gc,heap        ] GC(1563) Humongous regions: 7->7
[677.021s][info][gc,metaspace   ] GC(1563) Metaspace: 19222K(19392K)->19222K(19392K) NonClass: 17392K(17536K)->17392K(17536K) Class: 1829K(1856K)->1829K(1856K)
[677.021s][info][gc             ] GC(1563) Pause Young (Mixed) (G1 Evacuation Pause) 915M->581M(978M) 69.827ms
[677.021s][info][gc,cpu         ] GC(1563) User=0.14s Sys=0.00s Real=0.07s
[677.305s][info][gc,start       ] GC(1564) Pause Young (Concurrent Start) (G1 Humongous Allocation)
[677.305s][info][gc,task        ] GC(1564) Using 2 workers of 2 for evacuation
[677.394s][info][gc,phases      ] GC(1564)   Pre Evacuate Collection Set: 0.36ms
[677.394s][info][gc,phases      ] GC(1564)   Merge Heap Roots: 0.30ms
[677.394s][info][gc,phases      ] GC(1564)   Evacuate Collection Set: 86.90ms
[677.394s][info][gc,phases      ] GC(1564)   Post Evacuate Collection Set: 0.63ms
[677.394s][info][gc,phases      ] GC(1564)   Other: 0.21ms
[677.394s][info][gc,heap        ] GC(1564) Eden regions: 184->0(269)
[677.394s][info][gc,heap        ] GC(1564) Survivor regions: 48->31(44)
[677.394s][info][gc,heap        ] GC(1564) Old regions: 527->575
[677.394s][info][gc,heap        ] GC(1564) Humongous regions: 7->7
[677.394s][info][gc,metaspace   ] GC(1564) Metaspace: 19222K(19392K)->19222K(19392K) NonClass: 17392K(17536K)->17392K(17536K) Class: 1829K(1856K)->1829K(1856K)
[677.394s][info][gc             ] GC(1564) Pause Young (Concurrent Start) (G1 Humongous Allocation) 764M->612M(978M) 88.708ms
[677.394s][info][gc             ] GC(1565) Concurrent Mark Cycle
[677.394s][info][gc,marking     ] GC(1565) Concurrent Scan Root Regions
[677.395s][info][gc,cpu         ] GC(1564) User=0.18s Sys=0.00s Real=0.09s
[677.498s][info][gc,marking     ] GC(1565) Concurrent Scan Root Regions 103.823ms
[677.498s][info][gc,marking     ] GC(1565) Concurrent Mark
[677.498s][info][gc,marking     ] GC(1565) Concurrent Mark From Roots
[677.498s][info][gc,task        ] GC(1565) Using 1 workers of 1 for marking
[678.439s][info][gc,start       ] GC(1566) Pause Young (Normal) (G1 Evacuation Pause)
[678.439s][info][gc,task        ] GC(1566) Using 2 workers of 2 for evacuation
[678.491s][info][gc,phases      ] GC(1566)   Pre Evacuate Collection Set: 0.37ms
[678.491s][info][gc,phases      ] GC(1566)   Merge Heap Roots: 0.29ms
[678.491s][info][gc,phases      ] GC(1566)   Evacuate Collection Set: 49.72ms
[678.491s][info][gc,phases      ] GC(1566)   Post Evacuate Collection Set: 0.60ms
[678.491s][info][gc,phases      ] GC(1566)   Other: 0.12ms
[678.491s][info][gc,heap        ] GC(1566) Eden regions: 269->0(274)
[678.491s][info][gc,heap        ] GC(1566) Survivor regions: 31->7(38)
[678.491s][info][gc,heap        ] GC(1566) Old regions: 575->605
[678.491s][info][gc,heap        ] GC(1566) Humongous regions: 10->10
[678.491s][info][gc,metaspace   ] GC(1566) Metaspace: 19222K(19392K)->19222K(19392K) NonClass: 17392K(17536K)->17392K(17536K) Class: 1829K(1856K)->1829K(1856K)
[678.491s][info][gc             ] GC(1566) Pause Young (Normal) (G1 Evacuation Pause) 884M->621M(978M) 51.411ms
[678.491s][info][gc,cpu         ] GC(1566) User=0.10s Sys=0.00s Real=0.05s
[679.149s][info][gc,marking     ] GC(1565) Concurrent Mark From Roots 1651.202ms
[679.149s][info][gc,marking     ] GC(1565) Concurrent Preclean
[679.149s][info][gc,marking     ] GC(1565) Concurrent Preclean 0.053ms
[679.149s][info][gc,start       ] GC(1565) Pause Remark
[679.159s][info][gc             ] GC(1565) Pause Remark 787M->787M(978M) 9.082ms
[679.159s][info][gc,cpu         ] GC(1565) User=0.01s Sys=0.00s Real=0.01s
[679.159s][info][gc,marking     ] GC(1565) Concurrent Mark 1660.718ms
[679.159s][info][gc,marking     ] GC(1565) Concurrent Rebuild Remembered Sets and Scrub Regions
[679.461s][info][gc,start       ] GC(1567) Pause Young (Normal) (G1 Evacuation Pause)
[679.461s][info][gc,task        ] GC(1567) Using 2 workers of 2 for evacuation
[679.474s][info][gc,phases      ] GC(1567)   Pre Evacuate Collection Set: 0.32ms
[679.474s][info][gc,phases      ] GC(1567)   Merge Heap Roots: 0.45ms
[679.474s][info][gc,phases      ] GC(1567)   Evacuate Collection Set: 11.32ms
[679.474s][info][gc,phases      ] GC(1567)   Post Evacuate Collection Set: 0.52ms
[679.474s][info][gc,phases      ] GC(1567)   Other: 0.14ms
[679.474s][info][gc,heap        ] GC(1567) Eden regions: 274->0(287)
[679.474s][info][gc,heap        ] GC(1567) Survivor regions: 7->7(36)
[679.474s][info][gc,heap        ] GC(1567) Old regions: 605->605
[679.474s][info][gc,heap        ] GC(1567) Humongous regions: 10->10
[679.474s][info][gc,metaspace   ] GC(1567) Metaspace: 19222K(19392K)->19222K(19392K) NonClass: 17392K(17536K)->17392K(17536K) Class: 1829K(1856K)->1829K(1856K)
[679.474s][info][gc             ] GC(1567) Pause Young (Normal) (G1 Evacuation Pause) 895M->621M(978M) 13.084ms
[679.474s][info][gc,cpu         ] GC(1567) User=0.03s Sys=0.00s Real=0.02s
[679.715s][info][gc,marking     ] GC(1565) Concurrent Rebuild Remembered Sets and Scrub Regions 556.552ms
[679.715s][info][gc,start       ] GC(1565) Pause Cleanup
[679.716s][info][gc             ] GC(1565) Pause Cleanup 712M->712M(978M) 0.120ms
[679.716s][info][gc,cpu         ] GC(1565) User=0.00s Sys=0.00s Real=0.00s
[679.716s][info][gc,marking     ] GC(1565) Concurrent Clear Claimed Marks
[679.716s][info][gc,marking     ] GC(1565) Concurrent Clear Claimed Marks 0.040ms
[679.716s][info][gc,marking     ] GC(1565) Concurrent Cleanup for Next Mark
[679.721s][info][gc,marking     ] GC(1565) Concurrent Cleanup for Next Mark 5.005ms
[679.721s][info][gc             ] GC(1565) Concurrent Mark Cycle 2327.357ms
[680.041s][info][gc,start       ] GC(1568) Pause Young (Prepare Mixed) (G1 Evacuation Pause)
[680.041s][info][gc,task        ] GC(1568) Using 2 workers of 2 for evacuation
[680.053s][info][gc,phases      ] GC(1568)   Pre Evacuate Collection Set: 0.33ms
[680.054s][info][gc,phases      ] GC(1568)   Merge Heap Roots: 0.12ms
[680.054s][info][gc,phases      ] GC(1568)   Evacuate Collection Set: 10.97ms
[680.054s][info][gc,phases      ] GC(1568)   Post Evacuate Collection Set: 0.59ms
[680.054s][info][gc,phases      ] GC(1568)   Other: 0.12ms
[680.054s][info][gc,heap        ] GC(1568) Eden regions: 287->0(298)
[680.054s][info][gc,heap        ] GC(1568) Survivor regions: 7->7(37)
[680.054s][info][gc,heap        ] GC(1568) Old regions: 605->605
[680.054s][info][gc,heap        ] GC(1568) Humongous regions: 10->10
[680.054s][info][gc,metaspace   ] GC(1568) Metaspace: 19222K(19392K)->19222K(19392K) NonClass: 17392K(17536K)->17392K(17536K) Class: 1829K(1856K)->1829K(1856K)
[680.054s][info][gc             ] GC(1568) Pause Young (Prepare Mixed) (G1 Evacuation Pause) 908M->621M(978M) 12.406ms
[680.054s][info][gc,cpu         ] GC(1568) User=0.03s Sys=0.00s Real=0.01s
[680.515s][info][gc,start       ] GC(1569) Pause Young (Mixed) (G1 Evacuation Pause)
[680.515s][info][gc,task        ] GC(1569) Using 2 workers of 2 for evacuation
[680.552s][info][gc,phases      ] GC(1569)   Pre Evacuate Collection Set: 0.32ms
[680.552s][info][gc,phases      ] GC(1569)   Merge Heap Roots: 0.30ms
[680.552s][info][gc,phases      ] GC(1569)   Evacuate Collection Set: 35.01ms
[680.552s][info][gc,phases      ] GC(1569)   Post Evacuate Collection Set: 0.60ms
[680.552s][info][gc,phases      ] GC(1569)   Other: 0.09ms
[680.552s][info][gc,heap        ] GC(1569) Eden regions: 298->0(282)
[680.552s][info][gc,heap        ] GC(1569) Survivor regions: 7->19(39)
[680.552s][info][gc,heap        ] GC(1569) Old regions: 605->598
[680.552s][info][gc,heap        ] GC(1569) Humongous regions: 10->10
[680.552s][info][gc,metaspace   ] GC(1569) Metaspace: 19222K(19392K)->19222K(19392K) NonClass: 17392K(17536K)->17392K(17536K) Class: 1829K(1856K)->1829K(1856K)
[680.552s][info][gc             ] GC(1569) Pause Young (Mixed) (G1 Evacuation Pause) 919M->626M(978M) 36.611ms
[680.552s][info][gc,cpu         ] GC(1569) User=0.07s Sys=0.00s Real=0.03s
[680.831s][info][gc,start       ] GC(1570) Pause Young (Concurrent Start) (G1 Evacuation Pause)
[680.831s][info][gc,task        ] GC(1570) Using 2 workers of 2 for evacuation
[680.878s][info][gc,phases      ] GC(1570)   Pre Evacuate Collection Set: 0.38ms
[680.878s][info][gc,phases      ] GC(1570)   Merge Heap Roots: 0.17ms
[680.878s][info][gc,phases      ] GC(1570)   Evacuate Collection Set: 46.09ms
[680.878s][info][gc,phases      ] GC(1570)   Post Evacuate Collection Set: 0.62ms
[680.878s][info][gc,phases      ] GC(1570)   Other: 0.13ms
[680.878s][info][gc,heap        ] GC(1570) Eden regions: 282->0(250)
[680.878s][info][gc,heap        ] GC(1570) Survivor regions: 19->35(38)
[680.878s][info][gc,heap        ] GC(1570) Old regions: 598->598
[680.878s][info][gc,heap        ] GC(1570) Humongous regions: 10->10
[680.878s][info][gc,metaspace   ] GC(1570) Metaspace: 19222K(19392K)->19222K(19392K) NonClass: 17392K(17536K)->17392K(17536K) Class: 1829K(1856K)->1829K(1856K)
[680.878s][info][gc             ] GC(1570) Pause Young (Concurrent Start) (G1 Evacuation Pause) 908M->642M(978M) 47.754ms
[680.878s][info][gc,cpu         ] GC(1570) User=0.09s Sys=0.00s Real=0.05s
[680.878s][info][gc             ] GC(1571) Concurrent Mark Cycle
[680.879s][info][gc,marking     ] GC(1571) Concurrent Scan Root Regions
[680.960s][info][gc,marking     ] GC(1571) Concurrent Scan Root Regions 81.711ms
[680.960s][info][gc,marking     ] GC(1571) Concurrent Mark
[680.960s][info][gc,marking     ] GC(1571) Concurrent Mark From Roots
[680.960s][info][gc,task        ] GC(1571) Using 1 workers of 1 for marking
[681.369s][info][gc,start       ] GC(1572) Pause Young (Normal) (G1 Evacuation Pause)
[681.370s][info][gc,task        ] GC(1572) Using 2 workers of 2 for evacuation
[681.423s][info][gc,phases      ] GC(1572)   Pre Evacuate Collection Set: 0.55ms
[681.423s][info][gc,phases      ] GC(1572)   Merge Heap Roots: 0.17ms
[681.423s][info][gc,phases      ] GC(1572)   Evacuate Collection Set: 51.74ms
[681.423s][info][gc,phases      ] GC(1572)   Post Evacuate Collection Set: 0.60ms
[681.423s][info][gc,phases      ] GC(1572)   Other: 0.11ms
[681.423s][info][gc,heap        ] GC(1572) Eden regions: 250->0(256)
[681.423s][info][gc,heap        ] GC(1572) Survivor regions: 35->23(36)
[681.423s][info][gc,heap        ] GC(1572) Old regions: 598->616
[681.423s][info][gc,heap        ] GC(1572) Humongous regions: 10->10
[681.423s][info][gc,metaspace   ] GC(1572) Metaspace: 19222K(19392K)->19222K(19392K) NonClass: 17392K(17536K)->17392K(17536K) Class: 1829K(1856K)->1829K(1856K)
[681.423s][info][gc             ] GC(1572) Pause Young (Normal) (G1 Evacuation Pause) 892M->648M(978M) 53.435ms
[681.423s][info][gc,cpu         ] GC(1572) User=0.11s Sys=0.00s Real=0.05s
[682.006s][info][gc,start       ] GC(1573) Pause Young (Normal) (G1 Evacuation Pause)
[682.006s][info][gc,task        ] GC(1573) Using 2 workers of 2 for evacuation
[682.095s][info][gc,phases      ] GC(1573)   Pre Evacuate Collection Set: 0.54ms
[682.095s][info][gc,phases      ] GC(1573)   Merge Heap Roots: 0.48ms
[682.095s][info][gc,phases      ] GC(1573)   Evacuate Collection Set: 87.01ms
[682.095s][info][gc,phases      ] GC(1573)   Post Evacuate Collection Set: 0.59ms
[682.095s][info][gc,phases      ] GC(1573)   Other: 0.12ms
[682.095s][info][gc,heap        ] GC(1573) Eden regions: 256->0(201)
[682.095s][info][gc,heap        ] GC(1573) Survivor regions: 23->35(35)
[682.095s][info][gc,heap        ] GC(1573) Old regions: 616->647
[682.095s][info][gc,heap        ] GC(1573) Humongous regions: 10->10
[682.095s][info][gc,metaspace   ] GC(1573) Metaspace: 19222K(19392K)->19222K(19392K) NonClass: 17392K(17536K)->17392K(17536K) Class: 1829K(1856K)->1829K(1856K)
[682.095s][info][gc             ] GC(1573) Pause Young (Normal) (G1 Evacuation Pause) 904M->691M(978M) 88.999ms
[682.095s][info][gc,cpu         ] GC(1573) User=0.18s Sys=0.00s Real=0.09s
[682.499s][info][gc,start       ] GC(1574) Pause Young (Normal) (G1 Evacuation Pause)
[682.500s][info][gc,task        ] GC(1574) Using 2 workers of 2 for evacuation
[682.581s][info][gc,phases      ] GC(1574)   Pre Evacuate Collection Set: 0.35ms
[682.581s][info][gc,phases      ] GC(1574)   Merge Heap Roots: 0.33ms
[682.581s][info][gc,phases      ] GC(1574)   Evacuate Collection Set: 80.27ms
[682.581s][info][gc,phases      ] GC(1574)   Post Evacuate Collection Set: 0.56ms
[682.581s][info][gc,phases      ] GC(1574)   Other: 0.10ms
[682.581s][info][gc,heap        ] GC(1574) Eden regions: 201->0(176)
[682.581s][info][gc,heap        ] GC(1574) Survivor regions: 35->30(30)
[682.581s][info][gc,heap        ] GC(1574) Old regions: 647->682
[682.581s][info][gc,heap        ] GC(1574) Humongous regions: 10->10
[682.581s][info][gc,metaspace   ] GC(1574) Metaspace: 19222K(19392K)->19222K(19392K) NonClass: 17392K(17536K)->17392K(17536K) Class: 1829K(1856K)->1829K(1856K)
[682.581s][info][gc             ] GC(1574) Pause Young (Normal) (G1 Evacuation Pause) 892M->721M(978M) 81.942ms
[682.581s][info][gc,cpu         ] GC(1574) User=0.16s Sys=0.00s Real=0.08s
[682.651s][info][gc,marking     ] GC(1571) Concurrent Mark From Roots 1690.281ms
[682.651s][info][gc,marking     ] GC(1571) Concurrent Preclean
[682.651s][info][gc,marking     ] GC(1571) Concurrent Preclean 0.052ms
[682.651s][info][gc,start       ] GC(1571) Pause Remark
[682.660s][info][gc             ] GC(1571) Pause Remark 769M->696M(978M) 9.259ms
[682.660s][info][gc,cpu         ] GC(1571) User=0.02s Sys=0.00s Real=0.01s
[682.663s][info][gc,marking     ] GC(1571) Concurrent Mark 1702.937ms
[682.663s][info][gc,marking     ] GC(1571) Concurrent Rebuild Remembered Sets and Scrub Regions
[682.760s][info][gc,start       ] GC(1575) Pause Young (Normal) (G1 Evacuation Pause)
[682.760s][info][gc,task        ] GC(1575) Using 2 workers of 2 for evacuation
[682.816s][info][gc,phases      ] GC(1575)   Pre Evacuate Collection Set: 0.33ms
[682.816s][info][gc,phases      ] GC(1575)   Merge Heap Roots: 0.32ms
[682.816s][info][gc,phases      ] GC(1575)   Evacuate Collection Set: 54.66ms
[682.816s][info][gc,phases      ] GC(1575)   Post Evacuate Collection Set: 0.52ms
[682.816s][info][gc,phases      ] GC(1575)   Other: 0.12ms
[682.816s][info][gc,heap        ] GC(1575) Eden regions: 176->0(233)
[682.816s][info][gc,heap        ] GC(1575) Survivor regions: 30->16(26)
[682.816s][info][gc,heap        ] GC(1575) Old regions: 612->642
[682.816s][info][gc,heap        ] GC(1575) Humongous regions: 7->7
[682.816s][info][gc,metaspace   ] GC(1575) Metaspace: 19222K(19392K)->19222K(19392K) NonClass: 17392K(17536K)->17392K(17536K) Class: 1829K(1856K)->1829K(1856K)
[682.816s][info][gc             ] GC(1575) Pause Young (Normal) (G1 Evacuation Pause) 824M->664M(978M) 56.258ms
[682.816s][info][gc,cpu         ] GC(1575) User=0.11s Sys=0.00s Real=0.06s
[683.228s][info][gc,start       ] GC(1576) Pause Young (Normal) (G1 Evacuation Pause)
[683.228s][info][gc,task        ] GC(1576) Using 2 workers of 2 for evacuation
[683.264s][info][gc,phases      ] GC(1576)   Pre Evacuate Collection Set: 0.56ms
[683.264s][info][gc,phases      ] GC(1576)   Merge Heap Roots: 0.38ms
[683.264s][info][gc,phases      ] GC(1576)   Evacuate Collection Set: 34.48ms
[683.264s][info][gc,phases      ] GC(1576)   Post Evacuate Collection Set: 0.57ms
[683.264s][info][gc,phases      ] GC(1576)   Other: 0.12ms
[683.264s][info][gc,heap        ] GC(1576) Eden regions: 233->0(241)
[683.264s][info][gc,heap        ] GC(1576) Survivor regions: 16->19(32)
[683.264s][info][gc,heap        ] GC(1576) Old regions: 642->642
[683.264s][info][gc,heap        ] GC(1576) Humongous regions: 7->7
[683.264s][info][gc,metaspace   ] GC(1576) Metaspace: 19222K(19392K)->19222K(19392K) NonClass: 17392K(17536K)->17392K(17536K) Class: 1829K(1856K)->1829K(1856K)
[683.264s][info][gc             ] GC(1576) Pause Young (Normal) (G1 Evacuation Pause) 897M->666M(978M) 36.390ms
[683.264s][info][gc,cpu         ] GC(1576) User=0.07s Sys=0.00s Real=0.03s
[683.280s][info][gc,marking     ] GC(1571) Concurrent Rebuild Remembered Sets and Scrub Regions 616.723ms
[683.280s][info][gc,start       ] GC(1571) Pause Cleanup
[683.280s][info][gc             ] GC(1571) Pause Cleanup 679M->679M(978M) 0.167ms
[683.280s][info][gc,cpu         ] GC(1571) User=0.00s Sys=0.00s Real=0.00s
[683.281s][info][gc,marking     ] GC(1571) Concurrent Clear Claimed Marks
[683.281s][info][gc,marking     ] GC(1571) Concurrent Clear Claimed Marks 0.041ms
[683.281s][info][gc,marking     ] GC(1571) Concurrent Cleanup for Next Mark
[683.287s][info][gc,marking     ] GC(1571) Concurrent Cleanup for Next Mark 6.002ms
[683.287s][info][gc             ] GC(1571) Concurrent Mark Cycle 2408.677ms
[683.550s][info][gc,start       ] GC(1577) Pause Young (Prepare Mixed) (G1 Evacuation Pause)
[683.551s][info][gc,task        ] GC(1577) Using 2 workers of 2 for evacuation
[683.598s][info][gc,phases      ] GC(1577)   Pre Evacuate Collection Set: 0.60ms
[683.598s][info][gc,phases      ] GC(1577)   Merge Heap Roots: 0.42ms
[683.598s][info][gc,phases      ] GC(1577)   Evacuate Collection Set: 45.19ms
[683.598s][info][gc,phases      ] GC(1577)   Post Evacuate Collection Set: 0.65ms
[683.598s][info][gc,phases      ] GC(1577)   Other: 0.13ms
[683.598s][info][gc,heap        ] GC(1577) Eden regions: 241->0(251)
[683.598s][info][gc,heap        ] GC(1577) Survivor regions: 19->6(33)
[683.598s][info][gc,heap        ] GC(1577) Old regions: 642->658
[683.598s][info][gc,heap        ] GC(1577) Humongous regions: 7->7
[683.598s][info][gc,metaspace   ] GC(1577) Metaspace: 19222K(19392K)->19222K(19392K) NonClass: 17392K(17536K)->17392K(17536K) Class: 1829K(1856K)->1829K(1856K)
[683.598s][info][gc             ] GC(1577) Pause Young (Prepare Mixed) (G1 Evacuation Pause) 907M->670M(978M) 47.352ms
[683.598s][info][gc,cpu         ] GC(1577) User=0.09s Sys=0.00s Real=0.05s
[683.944s][info][gc,start       ] GC(1578) Pause Young (Mixed) (G1 Evacuation Pause)
[683.944s][info][gc,task        ] GC(1578) Using 2 workers of 2 for evacuation
[684.054s][info][gc,phases      ] GC(1578)   Pre Evacuate Collection Set: 0.44ms
[684.054s][info][gc,phases      ] GC(1578)   Merge Heap Roots: 1.16ms
[684.054s][info][gc,phases      ] GC(1578)   Evacuate Collection Set: 106.92ms
[684.054s][info][gc,phases      ] GC(1578)   Post Evacuate Collection Set: 0.88ms
[684.054s][info][gc,phases      ] GC(1578)   Other: 0.11ms
[684.054s][info][gc,heap        ] GC(1578) Eden regions: 251->0(235)
[684.054s][info][gc,heap        ] GC(1578) Survivor regions: 6->33(33)
[684.054s][info][gc,heap        ] GC(1578) Old regions: 658->620
[684.054s][info][gc,heap        ] GC(1578) Humongous regions: 7->7
[684.054s][info][gc,metaspace   ] GC(1578) Metaspace: 19222K(19392K)->19222K(19392K) NonClass: 17392K(17536K)->17392K(17536K) Class: 1829K(1856K)->1829K(1856K)
[684.054s][info][gc             ] GC(1578) Pause Young (Mixed) (G1 Evacuation Pause) 921M->659M(978M) 109.750ms
[684.054s][info][gc,cpu         ] GC(1578) User=0.22s Sys=0.00s Real=0.11s
[684.429s][info][gc,start       ] GC(1579) Pause Young (Concurrent Start) (G1 Evacuation Pause)
[684.429s][info][gc,task        ] GC(1579) Using 2 workers of 2 for evacuation
[684.543s][info][gc,phases      ] GC(1579)   Pre Evacuate Collection Set: 0.37ms
[684.543s][info][gc,phases      ] GC(1579)   Merge Heap Roots: 0.29ms
[684.543s][info][gc,phases      ] GC(1579)   Evacuate Collection Set: 106.98ms
[684.543s][info][gc,phases      ] GC(1579)   Post Evacuate Collection Set: 5.58ms
[684.543s][info][gc,phases      ] GC(1579)   Other: 0.25ms
[684.543s][info][gc,heap        ] GC(1579) Eden regions: 235->0(92)
[684.543s][info][gc,heap        ] GC(1579) Survivor regions: 33->34(34)
[684.543s][info][gc,heap        ] GC(1579) Old regions: 620->761
[684.543s][info][gc,heap        ] GC(1579) Humongous regions: 7->7
[684.543s][info][gc,metaspace   ] GC(1579) Metaspace: 19222K(19392K)->19222K(19392K) NonClass: 17392K(17536K)->17392K(17536K) Class: 1829K(1856K)->1829K(1856K)
[684.543s][info][gc             ] GC(1579) Pause Young (Concurrent Start) (G1 Evacuation Pause) (Evacuation Failure: Allocation) 894M->801M(978M) 113.788ms
[684.543s][info][gc             ] GC(1580) Concurrent Mark Cycle
[684.543s][info][gc,marking     ] GC(1580) Concurrent Scan Root Regions
[684.545s][info][gc,cpu         ] GC(1579) User=0.22s Sys=0.00s Real=0.12s
[684.619s][info][gc,marking     ] GC(1580) Concurrent Scan Root Regions 76.171ms
[684.619s][info][gc,marking     ] GC(1580) Concurrent Mark
[684.619s][info][gc,marking     ] GC(1580) Concurrent Mark From Roots
[684.619s][info][gc,task        ] GC(1580) Using 1 workers of 1 for marking
[684.709s][info][gc,start       ] GC(1581) Pause Young (Normal) (G1 Evacuation Pause)
[684.709s][info][gc,task        ] GC(1581) Using 2 workers of 2 for evacuation
[684.762s][info][gc,phases      ] GC(1581)   Pre Evacuate Collection Set: 0.57ms
[684.762s][info][gc,phases      ] GC(1581)   Merge Heap Roots: 0.46ms
[684.762s][info][gc,phases      ] GC(1581)   Evacuate Collection Set: 51.28ms
[684.762s][info][gc,phases      ] GC(1581)   Post Evacuate Collection Set: 0.54ms
[684.762s][info][gc,phases      ] GC(1581)   Other: 0.11ms
[684.762s][info][gc,heap        ] GC(1581) Eden regions: 92->0(170)
[684.762s][info][gc,heap        ] GC(1581) Survivor regions: 34->7(16)
[684.762s][info][gc,heap        ] GC(1581) Old regions: 761->716
[684.762s][info][gc,heap        ] GC(1581) Humongous regions: 7->7
[684.762s][info][gc,metaspace   ] GC(1581) Metaspace: 19222K(19392K)->19222K(19392K) NonClass: 17392K(17536K)->17392K(17536K) Class: 1829K(1856K)->1829K(1856K)
[684.762s][info][gc             ] GC(1581) Pause Young (Normal) (G1 Evacuation Pause) 893M->729M(978M) 53.277ms
[684.762s][info][gc,cpu         ] GC(1581) User=0.11s Sys=0.00s Real=0.05s
[685.031s][info][gc,start       ] GC(1582) Pause Young (Normal) (G1 Evacuation Pause)
[685.031s][info][gc,task        ] GC(1582) Using 2 workers of 2 for evacuation
[685.045s][info][gc,phases      ] GC(1582)   Pre Evacuate Collection Set: 0.35ms
[685.046s][info][gc,phases      ] GC(1582)   Merge Heap Roots: 0.19ms
[685.046s][info][gc,phases      ] GC(1582)   Evacuate Collection Set: 13.62ms
[685.046s][info][gc,phases      ] GC(1582)   Post Evacuate Collection Set: 0.47ms
[685.046s][info][gc,phases      ] GC(1582)   Other: 0.10ms
[685.046s][info][gc,heap        ] GC(1582) Eden regions: 170->0(177)
[685.046s][info][gc,heap        ] GC(1582) Survivor regions: 7->10(23)
[685.046s][info][gc,heap        ] GC(1582) Old regions: 716->716
[685.046s][info][gc,heap        ] GC(1582) Humongous regions: 7->7
[685.046s][info][gc,metaspace   ] GC(1582) Metaspace: 19222K(19392K)->19222K(19392K) NonClass: 17392K(17536K)->17392K(17536K) Class: 1829K(1856K)->1829K(1856K)
[685.046s][info][gc             ] GC(1582) Pause Young (Normal) (G1 Evacuation Pause) 899M->732M(978M) 14.976ms
[685.046s][info][gc,cpu         ] GC(1582) User=0.03s Sys=0.00s Real=0.02s
[685.517s][info][gc,start       ] GC(1583) Pause Young (Normal) (G1 Evacuation Pause)
[685.517s][info][gc,task        ] GC(1583) Using 2 workers of 2 for evacuation
[685.532s][info][gc,phases      ] GC(1583)   Pre Evacuate Collection Set: 0.59ms
[685.532s][info][gc,phases      ] GC(1583)   Merge Heap Roots: 0.18ms
[685.532s][info][gc,phases      ] GC(1583)   Evacuate Collection Set: 14.03ms
[685.532s][info][gc,phases      ] GC(1583)   Post Evacuate Collection Set: 0.49ms
[685.532s][info][gc,phases      ] GC(1583)   Other: 0.10ms
[685.532s][info][gc,heap        ] GC(1583) Eden regions: 177->0(183)
[685.532s][info][gc,heap        ] GC(1583) Survivor regions: 10->11(24)
[685.532s][info][gc,heap        ] GC(1583) Old regions: 716->716
[685.532s][info][gc,heap        ] GC(1583) Humongous regions: 7->7
[685.532s][info][gc,metaspace   ] GC(1583) Metaspace: 19222K(19392K)->19222K(19392K) NonClass: 17392K(17536K)->17392K(17536K) Class: 1829K(1856K)->1829K(1856K)
[685.532s][info][gc             ] GC(1583) Pause Young (Normal) (G1 Evacuation Pause) 909M->733M(978M) 15.663ms
[685.532s][info][gc,cpu         ] GC(1583) User=0.03s Sys=0.00s Real=0.01s
[685.862s][info][gc,start       ] GC(1584) Pause Young (Normal) (G1 Evacuation Pause)
[685.862s][info][gc,task        ] GC(1584) Using 2 workers of 2 for evacuation
[685.882s][info][gc,phases      ] GC(1584)   Pre Evacuate Collection Set: 0.37ms
[685.882s][info][gc,phases      ] GC(1584)   Merge Heap Roots: 0.23ms
[685.882s][info][gc,phases      ] GC(1584)   Evacuate Collection Set: 18.50ms
[685.882s][info][gc,phases      ] GC(1584)   Post Evacuate Collection Set: 0.53ms
[685.882s][info][gc,phases      ] GC(1584)   Other: 0.11ms
[685.882s][info][gc,heap        ] GC(1584) Eden regions: 183->0(181)
[685.882s][info][gc,heap        ] GC(1584) Survivor regions: 11->12(25)
[685.882s][info][gc,heap        ] GC(1584) Old regions: 716->716
[685.882s][info][gc,heap        ] GC(1584) Humongous regions: 7->7
[685.882s][info][gc,metaspace   ] GC(1584) Metaspace: 19222K(19392K)->19222K(19392K) NonClass: 17392K(17536K)->17392K(17536K) Class: 1829K(1856K)->1829K(1856K)
[685.882s][info][gc             ] GC(1584) Pause Young (Normal) (G1 Evacuation Pause) 916M->734M(978M) 20.024ms
[685.882s][info][gc,cpu         ] GC(1584) User=0.03s Sys=0.00s Real=0.02s
[686.483s][info][gc,start       ] GC(1585) Pause Young (Normal) (G1 Evacuation Pause)
[686.483s][info][gc,task        ] GC(1585) Using 2 workers of 2 for evacuation
[686.539s][info][gc,phases      ] GC(1585)   Pre Evacuate Collection Set: 0.32ms
[686.539s][info][gc,phases      ] GC(1585)   Merge Heap Roots: 0.46ms
[686.539s][info][gc,phases      ] GC(1585)   Evacuate Collection Set: 53.89ms
[686.539s][info][gc,phases      ] GC(1585)   Post Evacuate Collection Set: 0.64ms
[686.539s][info][gc,phases      ] GC(1585)   Other: 0.10ms
[686.539s][info][gc,heap        ] GC(1585) Eden regions: 181->0(149)
[686.539s][info][gc,heap        ] GC(1585) Survivor regions: 12->25(25)
[686.539s][info][gc,heap        ] GC(1585) Old regions: 716->719
[686.539s][info][gc,heap        ] GC(1585) Humongous regions: 10->10
[686.539s][info][gc,metaspace   ] GC(1585) Metaspace: 19224K(19392K)->19224K(19392K) NonClass: 17395K(17536K)->17395K(17536K) Class: 1829K(1856K)->1829K(1856K)
[686.539s][info][gc             ] GC(1585) Pause Young (Normal) (G1 Evacuation Pause) 918M->753M(978M) 55.712ms
[686.539s][info][gc,cpu         ] GC(1585) User=0.11s Sys=0.00s Real=0.06s
[686.958s][info][gc,marking     ] GC(1580) Concurrent Mark From Roots 2338.694ms
[686.958s][info][gc,marking     ] GC(1580) Concurrent Preclean
[686.958s][info][gc,marking     ] GC(1580) Concurrent Preclean 0.057ms
[686.958s][info][gc,start       ] GC(1580) Pause Remark
[686.967s][info][gc             ] GC(1580) Pause Remark 858M->858M(978M) 9.204ms
[686.967s][info][gc,cpu         ] GC(1580) User=0.02s Sys=0.00s Real=0.01s
[686.968s][info][gc,marking     ] GC(1580) Concurrent Mark 2348.361ms
[686.968s][info][gc,marking     ] GC(1580) Concurrent Rebuild Remembered Sets and Scrub Regions
[687.060s][info][gc,start       ] GC(1586) Pause Young (Normal) (G1 Evacuation Pause)
[687.060s][info][gc,task        ] GC(1586) Using 2 workers of 2 for evacuation
[687.127s][info][gc,phases      ] GC(1586)   Pre Evacuate Collection Set: 0.32ms
[687.127s][info][gc,phases      ] GC(1586)   Merge Heap Roots: 0.44ms
[687.127s][info][gc,phases      ] GC(1586)   Evacuate Collection Set: 65.91ms
[687.127s][info][gc,phases      ] GC(1586)   Post Evacuate Collection Set: 0.47ms
[687.127s][info][gc,phases      ] GC(1586)   Other: 0.11ms
[687.127s][info][gc,heap        ] GC(1586) Eden regions: 149->0(139)
[687.127s][info][gc,heap        ] GC(1586) Survivor regions: 25->17(22)
[687.127s][info][gc,heap        ] GC(1586) Old regions: 719->745
[687.127s][info][gc,heap        ] GC(1586) Humongous regions: 10->10
[687.127s][info][gc,metaspace   ] GC(1586) Metaspace: 19224K(19392K)->19224K(19392K) NonClass: 17395K(17536K)->17395K(17536K) Class: 1829K(1856K)->1829K(1856K)
[687.127s][info][gc             ] GC(1586) Pause Young (Normal) (G1 Evacuation Pause) 902M->771M(978M) 67.539ms
[687.127s][info][gc,cpu         ] GC(1586) User=0.13s Sys=0.00s Real=0.07s
[687.433s][info][gc,start       ] GC(1587) Pause Young (Normal) (G1 Evacuation Pause)
[687.433s][info][gc,task        ] GC(1587) Using 2 workers of 2 for evacuation
[687.476s][info][gc,phases      ] GC(1587)   Pre Evacuate Collection Set: 0.36ms
[687.476s][info][gc,phases      ] GC(1587)   Merge Heap Roots: 0.20ms
[687.476s][info][gc,phases      ] GC(1587)   Evacuate Collection Set: 42.51ms
[687.476s][info][gc,phases      ] GC(1587)   Post Evacuate Collection Set: 0.50ms
[687.476s][info][gc,phases      ] GC(1587)   Other: 0.11ms
[687.476s][info][gc,heap        ] GC(1587) Eden regions: 139->0(119)
[687.476s][info][gc,heap        ] GC(1587) Survivor regions: 17->19(20)
[687.476s][info][gc,heap        ] GC(1587) Old regions: 745->761
[687.476s][info][gc,heap        ] GC(1587) Humongous regions: 10->10
[687.477s][info][gc,metaspace   ] GC(1587) Metaspace: 19224K(19392K)->19224K(19392K) NonClass: 17395K(17536K)->17395K(17536K) Class: 1829K(1856K)->1829K(1856K)
[687.477s][info][gc             ] GC(1587) Pause Young (Normal) (G1 Evacuation Pause) 910M->789M(978M) 43.939ms
[687.477s][info][gc,cpu         ] GC(1587) User=0.08s Sys=0.00s Real=0.05s
[687.654s][info][gc,start       ] GC(1588) Pause Young (Normal) (G1 Evacuation Pause)
[687.654s][info][gc,task        ] GC(1588) Using 2 workers of 2 for evacuation
[687.685s][info][gc,phases      ] GC(1588)   Pre Evacuate Collection Set: 0.57ms
[687.685s][info][gc,phases      ] GC(1588)   Merge Heap Roots: 0.20ms
[687.685s][info][gc,phases      ] GC(1588)   Evacuate Collection Set: 29.89ms
[687.685s][info][gc,phases      ] GC(1588)   Post Evacuate Collection Set: 0.45ms
[687.685s][info][gc,phases      ] GC(1588)   Other: 0.11ms
[687.685s][info][gc,heap        ] GC(1588) Eden regions: 119->0(126)
[687.685s][info][gc,heap        ] GC(1588) Survivor regions: 19->6(18)
[687.685s][info][gc,heap        ] GC(1588) Old regions: 761->780
[687.685s][info][gc,heap        ] GC(1588) Humongous regions: 10->10
[687.685s][info][gc,metaspace   ] GC(1588) Metaspace: 19224K(19392K)->19224K(19392K) NonClass: 17395K(17536K)->17395K(17536K) Class: 1829K(1856K)->1829K(1856K)
[687.685s][info][gc             ] GC(1588) Pause Young (Normal) (G1 Evacuation Pause) 908M->795M(978M) 31.503ms
[687.685s][info][gc,cpu         ] GC(1588) User=0.07s Sys=0.00s Real=0.04s
[687.872s][info][gc,marking     ] GC(1580) Concurrent Rebuild Remembered Sets and Scrub Regions 904.445ms
[687.872s][info][gc,start       ] GC(1580) Pause Cleanup
[687.872s][info][gc             ] GC(1580) Pause Cleanup 911M->911M(978M) 0.128ms
[687.872s][info][gc,cpu         ] GC(1580) User=0.00s Sys=0.00s Real=0.00s
[687.872s][info][gc,marking     ] GC(1580) Concurrent Clear Claimed Marks
[687.872s][info][gc,marking     ] GC(1580) Concurrent Clear Claimed Marks 0.034ms
[687.872s][info][gc,marking     ] GC(1580) Concurrent Cleanup for Next Mark
[687.875s][info][gc,marking     ] GC(1580) Concurrent Cleanup for Next Mark 2.975ms
[687.875s][info][gc             ] GC(1580) Concurrent Mark Cycle 3332.563ms
[687.887s][info][gc,start       ] GC(1589) Pause Young (Prepare Mixed) (G1 Evacuation Pause)
[687.887s][info][gc,task        ] GC(1589) Using 2 workers of 2 for evacuation
[687.903s][info][gc,phases      ] GC(1589)   Pre Evacuate Collection Set: 0.55ms
[687.903s][info][gc,phases      ] GC(1589)   Merge Heap Roots: 0.26ms
[687.903s][info][gc,phases      ] GC(1589)   Evacuate Collection Set: 14.39ms
[687.903s][info][gc,phases      ] GC(1589)   Post Evacuate Collection Set: 0.47ms
[687.903s][info][gc,phases      ] GC(1589)   Other: 0.12ms
[687.903s][info][gc,heap        ] GC(1589) Eden regions: 126->0(126)
[687.903s][info][gc,heap        ] GC(1589) Survivor regions: 6->6(17)
[687.903s][info][gc,heap        ] GC(1589) Old regions: 780->780
[687.903s][info][gc,heap        ] GC(1589) Humongous regions: 10->10
[687.903s][info][gc,metaspace   ] GC(1589) Metaspace: 19224K(19392K)->19224K(19392K) NonClass: 17395K(17536K)->17395K(17536K) Class: 1829K(1856K)->1829K(1856K)
[687.903s][info][gc             ] GC(1589) Pause Young (Prepare Mixed) (G1 Evacuation Pause) 921M->795M(978M) 15.999ms
[687.903s][info][gc,cpu         ] GC(1589) User=0.03s Sys=0.00s Real=0.01s
[688.112s][info][gc,start       ] GC(1590) Pause Young (Mixed) (G1 Evacuation Pause)
[688.112s][info][gc,task        ] GC(1590) Using 2 workers of 2 for evacuation
[688.144s][info][gc,phases      ] GC(1590)   Pre Evacuate Collection Set: 0.59ms
[688.144s][info][gc,phases      ] GC(1590)   Merge Heap Roots: 0.57ms
[688.144s][info][gc,phases      ] GC(1590)   Evacuate Collection Set: 30.83ms
[688.144s][info][gc,phases      ] GC(1590)   Post Evacuate Collection Set: 0.45ms
[688.144s][info][gc,phases      ] GC(1590)   Other: 0.10ms
[688.144s][info][gc,heap        ] GC(1590) Eden regions: 126->0(128)
[688.144s][info][gc,heap        ] GC(1590) Survivor regions: 6->9(17)
[688.144s][info][gc,heap        ] GC(1590) Old regions: 780->772
[688.144s][info][gc,heap        ] GC(1590) Humongous regions: 10->10
[688.144s][info][gc,metaspace   ] GC(1590) Metaspace: 19225K(19392K)->19225K(19392K) NonClass: 17396K(17536K)->17396K(17536K) Class: 1829K(1856K)->1829K(1856K)
[688.144s][info][gc             ] GC(1590) Pause Young (Mixed) (G1 Evacuation Pause) 921M->790M(978M) 32.813ms
[688.144s][info][gc,cpu         ] GC(1590) User=0.06s Sys=0.01s Real=0.04s
[688.233s][info][gc,start       ] GC(1591) Pause Young (Concurrent Start) (G1 Evacuation Pause)
[688.233s][info][gc,task        ] GC(1591) Using 2 workers of 2 for evacuation
[688.249s][info][gc,phases      ] GC(1591)   Pre Evacuate Collection Set: 0.40ms
[688.249s][info][gc,phases      ] GC(1591)   Merge Heap Roots: 0.21ms
[688.249s][info][gc,phases      ] GC(1591)   Evacuate Collection Set: 14.70ms
[688.249s][info][gc,phases      ] GC(1591)   Post Evacuate Collection Set: 0.48ms
[688.249s][info][gc,phases      ] GC(1591)   Other: 0.15ms
[688.249s][info][gc,heap        ] GC(1591) Eden regions: 128->0(126)
[688.249s][info][gc,heap        ] GC(1591) Survivor regions: 9->10(18)
[688.249s][info][gc,heap        ] GC(1591) Old regions: 772->772
[688.249s][info][gc,heap        ] GC(1591) Humongous regions: 10->10
[688.249s][info][gc,metaspace   ] GC(1591) Metaspace: 19225K(19392K)->19225K(19392K) NonClass: 17396K(17536K)->17396K(17536K) Class: 1829K(1856K)->1829K(1856K)
[688.249s][info][gc             ] GC(1591) Pause Young (Concurrent Start) (G1 Evacuation Pause) 918M->791M(978M) 16.218ms
[688.250s][info][gc,cpu         ] GC(1591) User=0.03s Sys=0.00s Real=0.02s
[688.250s][info][gc             ] GC(1592) Concurrent Mark Cycle
[688.250s][info][gc,marking     ] GC(1592) Concurrent Scan Root Regions
[688.272s][info][gc,marking     ] GC(1592) Concurrent Scan Root Regions 22.880ms
[688.273s][info][gc,marking     ] GC(1592) Concurrent Mark
[688.273s][info][gc,marking     ] GC(1592) Concurrent Mark From Roots
[688.273s][info][gc,task        ] GC(1592) Using 1 workers of 1 for marking
[688.420s][info][gc,start       ] GC(1593) Pause Young (Normal) (G1 Evacuation Pause)
[688.420s][info][gc,task        ] GC(1593) Using 2 workers of 2 for evacuation
[688.437s][info][gc,phases      ] GC(1593)   Pre Evacuate Collection Set: 0.35ms
[688.437s][info][gc,phases      ] GC(1593)   Merge Heap Roots: 0.18ms
[688.437s][info][gc,phases      ] GC(1593)   Evacuate Collection Set: 15.30ms
[688.437s][info][gc,phases      ] GC(1593)   Post Evacuate Collection Set: 0.43ms
[688.437s][info][gc,phases      ] GC(1593)   Other: 0.11ms
[688.437s][info][gc,heap        ] GC(1593) Eden regions: 126->0(128)
[688.437s][info][gc,heap        ] GC(1593) Survivor regions: 10->6(17)
[688.437s][info][gc,heap        ] GC(1593) Old regions: 772->778
[688.437s][info][gc,heap        ] GC(1593) Humongous regions: 10->10
[688.437s][info][gc,metaspace   ] GC(1593) Metaspace: 19225K(19392K)->19225K(19392K) NonClass: 17396K(17536K)->17396K(17536K) Class: 1829K(1856K)->1829K(1856K)
[688.437s][info][gc             ] GC(1593) Pause Young (Normal) (G1 Evacuation Pause) 917M->793M(978M) 16.671ms
[688.437s][info][gc,cpu         ] GC(1593) User=0.03s Sys=0.00s Real=0.02s
[688.830s][info][gc,start       ] GC(1594) Pause Young (Normal) (G1 Evacuation Pause)
[688.830s][info][gc,task        ] GC(1594) Using 2 workers of 2 for evacuation
[688.848s][info][gc,phases      ] GC(1594)   Pre Evacuate Collection Set: 0.35ms
[688.848s][info][gc,phases      ] GC(1594)   Merge Heap Roots: 0.19ms
[688.848s][info][gc,phases      ] GC(1594)   Evacuate Collection Set: 16.46ms
[688.848s][info][gc,phases      ] GC(1594)   Post Evacuate Collection Set: 0.41ms
[688.848s][info][gc,phases      ] GC(1594)   Other: 0.09ms
[688.848s][info][gc,heap        ] GC(1594) Eden regions: 128->0(116)
[688.848s][info][gc,heap        ] GC(1594) Survivor regions: 6->12(17)
[688.848s][info][gc,heap        ] GC(1594) Old regions: 778->778
[688.848s][info][gc,heap        ] GC(1594) Humongous regions: 10->10
[688.848s][info][gc,metaspace   ] GC(1594) Metaspace: 19225K(19392K)->19225K(19392K) NonClass: 17396K(17536K)->17396K(17536K) Class: 1829K(1856K)->1829K(1856K)
[688.848s][info][gc             ] GC(1594) Pause Young (Normal) (G1 Evacuation Pause) 921M->798M(978M) 17.770ms
[688.848s][info][gc,cpu         ] GC(1594) User=0.04s Sys=0.00s Real=0.02s
[689.216s][info][gc,start       ] GC(1595) Pause Young (Normal) (G1 Evacuation Pause)
[689.216s][info][gc,task        ] GC(1595) Using 2 workers of 2 for evacuation
[689.234s][info][gc,phases      ] GC(1595)   Pre Evacuate Collection Set: 0.33ms
[689.234s][info][gc,phases      ] GC(1595)   Merge Heap Roots: 0.36ms
[689.234s][info][gc,phases      ] GC(1595)   Evacuate Collection Set: 16.35ms
[689.234s][info][gc,phases      ] GC(1595)   Post Evacuate Collection Set: 0.41ms
[689.234s][info][gc,phases      ] GC(1595)   Other: 0.16ms
[689.234s][info][gc,heap        ] GC(1595) Eden regions: 116->0(119)
[689.234s][info][gc,heap        ] GC(1595) Survivor regions: 12->9(16)
[689.234s][info][gc,heap        ] GC(1595) Old regions: 778->781
[689.234s][info][gc,heap        ] GC(1595) Humongous regions: 10->10
[689.234s][info][gc,metaspace   ] GC(1595) Metaspace: 19225K(19392K)->19225K(19392K) NonClass: 17396K(17536K)->17396K(17536K) Class: 1829K(1856K)->1829K(1856K)
[689.234s][info][gc             ] GC(1595) Pause Young (Normal) (G1 Evacuation Pause) 914M->799M(978M) 17.853ms
[689.234s][info][gc,cpu         ] GC(1595) User=0.03s Sys=0.00s Real=0.01s
[689.852s][info][gc,start       ] GC(1596) Pause Young (Normal) (G1 Evacuation Pause)
[689.852s][info][gc,task        ] GC(1596) Using 2 workers of 2 for evacuation
[689.877s][info][gc,phases      ] GC(1596)   Pre Evacuate Collection Set: 0.34ms
[689.878s][info][gc,phases      ] GC(1596)   Merge Heap Roots: 0.18ms
[689.878s][info][gc,phases      ] GC(1596)   Evacuate Collection Set: 24.02ms
[689.878s][info][gc,phases      ] GC(1596)   Post Evacuate Collection Set: 0.43ms
[689.878s][info][gc,phases      ] GC(1596)   Other: 0.10ms
[689.878s][info][gc,heap        ] GC(1596) Eden regions: 119->0(102)
[689.878s][info][gc,heap        ] GC(1596) Survivor regions: 9->16(16)
[689.878s][info][gc,heap        ] GC(1596) Old regions: 781->784
[689.878s][info][gc,heap        ] GC(1596) Humongous regions: 10->10
[689.878s][info][gc,metaspace   ] GC(1596) Metaspace: 19225K(19392K)->19225K(19392K) NonClass: 17396K(17536K)->17396K(17536K) Class: 1829K(1856K)->1829K(1856K)
[689.878s][info][gc             ] GC(1596) Pause Young (Normal) (G1 Evacuation Pause) 918M->809M(978M) 25.344ms
[689.878s][info][gc,cpu         ] GC(1596) User=0.05s Sys=0.00s Real=0.03s
[690.185s][info][gc,start       ] GC(1597) Pause Young (Normal) (G1 Evacuation Pause)
[690.185s][info][gc,task        ] GC(1597) Using 2 workers of 2 for evacuation
[690.220s][info][gc,phases      ] GC(1597)   Pre Evacuate Collection Set: 0.34ms
[690.220s][info][gc,phases      ] GC(1597)   Merge Heap Roots: 0.20ms
[690.220s][info][gc,phases      ] GC(1597)   Evacuate Collection Set: 33.74ms
[690.220s][info][gc,phases      ] GC(1597)   Post Evacuate Collection Set: 0.40ms
[690.220s][info][gc,phases      ] GC(1597)   Other: 0.13ms
[690.220s][info][gc,heap        ] GC(1597) Eden regions: 102->0(91)
[690.220s][info][gc,heap        ] GC(1597) Survivor regions: 16->13(15)
[690.220s][info][gc,heap        ] GC(1597) Old regions: 784->801
[690.220s][info][gc,heap        ] GC(1597) Humongous regions: 10->10
[690.220s][info][gc,metaspace   ] GC(1597) Metaspace: 19225K(19392K)->19225K(19392K) NonClass: 17396K(17536K)->17396K(17536K) Class: 1829K(1856K)->1829K(1856K)
[690.220s][info][gc             ] GC(1597) Pause Young (Normal) (G1 Evacuation Pause) 911M->822M(978M) 35.117ms
[690.220s][info][gc,cpu         ] GC(1597) User=0.07s Sys=0.00s Real=0.03s
[690.645s][info][gc,start       ] GC(1598) Pause Young (Normal) (G1 Evacuation Pause)
[690.646s][info][gc,task        ] GC(1598) Using 2 workers of 2 for evacuation
[690.660s][info][gc,phases      ] GC(1598)   Pre Evacuate Collection Set: 0.37ms
[690.660s][info][gc,phases      ] GC(1598)   Merge Heap Roots: 0.12ms
[690.660s][info][gc,phases      ] GC(1598)   Evacuate Collection Set: 13.68ms
[690.660s][info][gc,phases      ] GC(1598)   Post Evacuate Collection Set: 0.40ms
[690.660s][info][gc,phases      ] GC(1598)   Other: 0.09ms
[690.660s][info][gc,heap        ] GC(1598) Eden regions: 91->0(103)
[690.660s][info][gc,heap        ] GC(1598) Survivor regions: 13->1(13)
[690.660s][info][gc,heap        ] GC(1598) Old regions: 801->813
[690.660s][info][gc,heap        ] GC(1598) Humongous regions: 10->10
[690.660s][info][gc,metaspace   ] GC(1598) Metaspace: 19225K(19392K)->19225K(19392K) NonClass: 17396K(17536K)->17396K(17536K) Class: 1829K(1856K)->1829K(1856K)
[690.660s][info][gc             ] GC(1598) Pause Young (Normal) (G1 Evacuation Pause) 913M->823M(978M) 14.968ms
[690.660s][info][gc,cpu         ] GC(1598) User=0.03s Sys=0.00s Real=0.01s
[691.066s][info][gc,marking     ] GC(1592) Concurrent Mark From Roots 2793.082ms
[691.066s][info][gc,marking     ] GC(1592) Concurrent Preclean
[691.066s][info][gc,marking     ] GC(1592) Concurrent Preclean 0.058ms
[691.068s][info][gc,start       ] GC(1592) Pause Remark
[691.077s][info][gc             ] GC(1592) Pause Remark 891M->890M(978M) 9.213ms
[691.077s][info][gc,cpu         ] GC(1592) User=0.02s Sys=0.00s Real=0.01s
[691.077s][info][gc,marking     ] GC(1592) Concurrent Mark 2804.315ms
[691.077s][info][gc,marking     ] GC(1592) Concurrent Rebuild Remembered Sets and Scrub Regions
[691.223s][info][gc,start       ] GC(1599) Pause Young (Normal) (G1 Evacuation Pause)
[691.224s][info][gc,task        ] GC(1599) Using 2 workers of 2 for evacuation
[691.225s][info][gc,phases      ] GC(1599)   Pre Evacuate Collection Set: 0.34ms
[691.225s][info][gc,phases      ] GC(1599)   Merge Heap Roots: 0.07ms
[691.225s][info][gc,phases      ] GC(1599)   Evacuate Collection Set: 0.30ms
[691.225s][info][gc,phases      ] GC(1599)   Post Evacuate Collection Set: 0.30ms
[691.225s][info][gc,phases      ] GC(1599)   Other: 0.11ms
[691.225s][info][gc,heap        ] GC(1599) Eden regions: 103->0(104)
[691.225s][info][gc,heap        ] GC(1599) Survivor regions: 1->1(13)
[691.225s][info][gc,heap        ] GC(1599) Old regions: 813->813
[691.225s][info][gc,heap        ] GC(1599) Humongous regions: 9->9
[691.225s][info][gc,metaspace   ] GC(1599) Metaspace: 19225K(19392K)->19225K(19392K) NonClass: 17396K(17536K)->17396K(17536K) Class: 1829K(1856K)->1829K(1856K)
[691.225s][info][gc             ] GC(1599) Pause Young (Normal) (G1 Evacuation Pause) 925M->822M(978M) 1.323ms
[691.225s][info][gc,cpu         ] GC(1599) User=0.00s Sys=0.00s Real=0.01s
[691.554s][info][gc,start       ] GC(1600) Pause Young (Normal) (G1 Evacuation Pause)
[691.554s][info][gc,task        ] GC(1600) Using 2 workers of 2 for evacuation
[691.555s][info][gc,phases      ] GC(1600)   Pre Evacuate Collection Set: 0.57ms
[691.555s][info][gc,phases      ] GC(1600)   Merge Heap Roots: 0.08ms
[691.555s][info][gc,phases      ] GC(1600)   Evacuate Collection Set: 0.33ms
[691.555s][info][gc,phases      ] GC(1600)   Post Evacuate Collection Set: 0.31ms
[691.555s][info][gc,phases      ] GC(1600)   Other: 0.11ms
[691.555s][info][gc,heap        ] GC(1600) Eden regions: 104->0(104)
[691.555s][info][gc,heap        ] GC(1600) Survivor regions: 1->1(14)
[691.555s][info][gc,heap        ] GC(1600) Old regions: 813->813
[691.555s][info][gc,heap        ] GC(1600) Humongous regions: 9->9
[691.555s][info][gc,metaspace   ] GC(1600) Metaspace: 19225K(19392K)->19225K(19392K) NonClass: 17396K(17536K)->17396K(17536K) Class: 1829K(1856K)->1829K(1856K)
[691.555s][info][gc             ] GC(1600) Pause Young (Normal) (G1 Evacuation Pause) 926M->821M(978M) 1.621ms
[691.555s][info][gc,cpu         ] GC(1600) User=0.00s Sys=0.00s Real=0.01s
[691.950s][info][gc,marking     ] GC(1592) Concurrent Rebuild Remembered Sets and Scrub Regions 873.216ms
[691.950s][info][gc,start       ] GC(1592) Pause Cleanup
[691.950s][info][gc             ] GC(1592) Pause Cleanup 853M->853M(978M) 0.133ms
[691.950s][info][gc,cpu         ] GC(1592) User=0.00s Sys=0.00s Real=0.00s
[691.950s][info][gc,marking     ] GC(1592) Concurrent Clear Claimed Marks
[691.951s][info][gc,marking     ] GC(1592) Concurrent Clear Claimed Marks 0.035ms
[691.951s][info][gc,marking     ] GC(1592) Concurrent Cleanup for Next Mark
[691.954s][info][gc,marking     ] GC(1592) Concurrent Cleanup for Next Mark 3.037ms
[691.954s][info][gc             ] GC(1592) Concurrent Mark Cycle 3704.100ms
[692.521s][info][gc,start       ] GC(1601) Pause Young (Prepare Mixed) (G1 Evacuation Pause)
[692.521s][info][gc,task        ] GC(1601) Using 2 workers of 2 for evacuation
[692.524s][info][gc,phases      ] GC(1601)   Pre Evacuate Collection Set: 0.32ms
[692.524s][info][gc,phases      ] GC(1601)   Merge Heap Roots: 0.10ms
[692.524s][info][gc,phases      ] GC(1601)   Evacuate Collection Set: 1.39ms
[692.524s][info][gc,phases      ] GC(1601)   Post Evacuate Collection Set: 0.37ms
[692.524s][info][gc,phases      ] GC(1601)   Other: 0.10ms
[692.524s][info][gc,heap        ] GC(1601) Eden regions: 104->0(104)
[692.524s][info][gc,heap        ] GC(1601) Survivor regions: 1->1(14)
[692.524s][info][gc,heap        ] GC(1601) Old regions: 813->813
[692.524s][info][gc,heap        ] GC(1601) Humongous regions: 9->9
[692.524s][info][gc,metaspace   ] GC(1601) Metaspace: 19225K(19392K)->19225K(19392K) NonClass: 17396K(17536K)->17396K(17536K) Class: 1829K(1856K)->1829K(1856K)
[692.524s][info][gc             ] GC(1601) Pause Young (Prepare Mixed) (G1 Evacuation Pause) 925M->822M(978M) 2.549ms
[692.524s][info][gc,cpu         ] GC(1601) User=0.01s Sys=0.00s Real=0.00s
[693.194s][info][gc,start       ] GC(1602) Pause Young (Mixed) (G1 Evacuation Pause)
[693.194s][info][gc,task        ] GC(1602) Using 2 workers of 2 for evacuation
[693.236s][info][gc,phases      ] GC(1602)   Pre Evacuate Collection Set: 0.57ms
[693.236s][info][gc,phases      ] GC(1602)   Merge Heap Roots: 0.36ms
[693.236s][info][gc,phases      ] GC(1602)   Evacuate Collection Set: 40.94ms
[693.236s][info][gc,phases      ] GC(1602)   Post Evacuate Collection Set: 0.42ms
[693.236s][info][gc,phases      ] GC(1602)   Other: 0.08ms
[693.236s][info][gc,heap        ] GC(1602) Eden regions: 104->0(111)
[693.236s][info][gc,heap        ] GC(1602) Survivor regions: 1->1(14)
[693.236s][info][gc,heap        ] GC(1602) Old regions: 813->806
[693.236s][info][gc,heap        ] GC(1602) Humongous regions: 9->9
[693.236s][info][gc,metaspace   ] GC(1602) Metaspace: 19225K(19392K)->19225K(19392K) NonClass: 17396K(17536K)->17396K(17536K) Class: 1829K(1856K)->1829K(1856K)
[693.236s][info][gc             ] GC(1602) Pause Young (Mixed) (G1 Evacuation Pause) 926M->815M(978M) 42.620ms
[693.236s][info][gc,cpu         ] GC(1602) User=0.09s Sys=0.00s Real=0.05s
[693.881s][info][gc,start       ] GC(1603) Pause Young (Concurrent Start) (G1 Evacuation Pause)
[693.882s][info][gc,task        ] GC(1603) Using 2 workers of 2 for evacuation
[693.887s][info][gc,phases      ] GC(1603)   Pre Evacuate Collection Set: 0.44ms
[693.887s][info][gc,phases      ] GC(1603)   Merge Heap Roots: 0.12ms
[693.887s][info][gc,phases      ] GC(1603)   Evacuate Collection Set: 3.98ms
[693.887s][info][gc,phases      ] GC(1603)   Post Evacuate Collection Set: 0.43ms
[693.887s][info][gc,phases      ] GC(1603)   Other: 0.11ms
[693.887s][info][gc,heap        ] GC(1603) Eden regions: 111->0(107)
[693.887s][info][gc,heap        ] GC(1603) Survivor regions: 1->3(14)
[693.887s][info][gc,heap        ] GC(1603) Old regions: 806->806
[693.887s][info][gc,heap        ] GC(1603) Humongous regions: 9->9
[693.887s][info][gc,metaspace   ] GC(1603) Metaspace: 19226K(19392K)->19226K(19392K) NonClass: 17397K(17536K)->17397K(17536K) Class: 1829K(1856K)->1829K(1856K)
[693.887s][info][gc             ] GC(1603) Pause Young (Concurrent Start) (G1 Evacuation Pause) 926M->816M(978M) 5.320ms
[693.887s][info][gc             ] GC(1604) Concurrent Mark Cycle
[693.887s][info][gc,marking     ] GC(1604) Concurrent Scan Root Regions
[693.889s][info][gc,cpu         ] GC(1603) User=0.02s Sys=0.00s Real=0.01s
[693.890s][info][gc,marking     ] GC(1604) Concurrent Scan Root Regions 3.578ms
[693.890s][info][gc,marking     ] GC(1604) Concurrent Mark
[693.890s][info][gc,marking     ] GC(1604) Concurrent Mark From Roots
[693.890s][info][gc,task        ] GC(1604) Using 1 workers of 1 for marking
[694.226s][info][gc,start       ] GC(1605) Pause Young (Normal) (G1 Evacuation Pause)
[694.226s][info][gc,task        ] GC(1605) Using 2 workers of 2 for evacuation
[694.232s][info][gc,phases      ] GC(1605)   Pre Evacuate Collection Set: 0.33ms
[694.232s][info][gc,phases      ] GC(1605)   Merge Heap Roots: 0.20ms
[694.232s][info][gc,phases      ] GC(1605)   Evacuate Collection Set: 5.07ms
[694.232s][info][gc,phases      ] GC(1605)   Post Evacuate Collection Set: 0.40ms
[694.232s][info][gc,phases      ] GC(1605)   Other: 0.08ms
[694.232s][info][gc,heap        ] GC(1605) Eden regions: 107->0(107)
[694.232s][info][gc,heap        ] GC(1605) Survivor regions: 3->3(14)
[694.232s][info][gc,heap        ] GC(1605) Old regions: 806->806
[694.232s][info][gc,heap        ] GC(1605) Humongous regions: 9->9
[694.232s][info][gc,metaspace   ] GC(1605) Metaspace: 19233K(19392K)->19233K(19392K) NonClass: 17403K(17536K)->17403K(17536K) Class: 1829K(1856K)->1829K(1856K)
[694.232s][info][gc             ] GC(1605) Pause Young (Normal) (G1 Evacuation Pause) 923M->817M(978M) 6.350ms
[694.232s][info][gc,cpu         ] GC(1605) User=0.01s Sys=0.00s Real=0.00s
[694.555s][info][gc,start       ] GC(1606) Pause Young (Normal) (G1 Evacuation Pause)
[694.555s][info][gc,task        ] GC(1606) Using 2 workers of 2 for evacuation
[694.561s][info][gc,phases      ] GC(1606)   Pre Evacuate Collection Set: 0.61ms
[694.561s][info][gc,phases      ] GC(1606)   Merge Heap Roots: 0.11ms
[694.561s][info][gc,phases      ] GC(1606)   Evacuate Collection Set: 4.88ms
[694.561s][info][gc,phases      ] GC(1606)   Post Evacuate Collection Set: 0.43ms
[694.561s][info][gc,phases      ] GC(1606)   Other: 0.08ms
[694.561s][info][gc,heap        ] GC(1606) Eden regions: 107->0(107)
[694.561s][info][gc,heap        ] GC(1606) Survivor regions: 3->3(14)
[694.561s][info][gc,heap        ] GC(1606) Old regions: 806->806
[694.561s][info][gc,heap        ] GC(1606) Humongous regions: 9->9
[694.561s][info][gc,metaspace   ] GC(1606) Metaspace: 19233K(19392K)->19233K(19392K) NonClass: 17403K(17536K)->17403K(17536K) Class: 1829K(1856K)->1829K(1856K)
[694.561s][info][gc             ] GC(1606) Pause Young (Normal) (G1 Evacuation Pause) 924M->817M(978M) 6.350ms
[694.561s][info][gc,cpu         ] GC(1606) User=0.01s Sys=0.00s Real=0.00s
[694.879s][info][gc,start       ] GC(1607) Pause Young (Normal) (G1 Evacuation Pause)
[694.879s][info][gc,task        ] GC(1607) Using 2 workers of 2 for evacuation
[694.885s][info][gc,phases      ] GC(1607)   Pre Evacuate Collection Set: 0.56ms
[694.885s][info][gc,phases      ] GC(1607)   Merge Heap Roots: 0.11ms
[694.885s][info][gc,phases      ] GC(1607)   Evacuate Collection Set: 4.16ms
[694.885s][info][gc,phases      ] GC(1607)   Post Evacuate Collection Set: 0.42ms
[694.885s][info][gc,phases      ] GC(1607)   Other: 0.08ms
[694.885s][info][gc,heap        ] GC(1607) Eden regions: 107->0(107)
[694.885s][info][gc,heap        ] GC(1607) Survivor regions: 3->3(14)
[694.885s][info][gc,heap        ] GC(1607) Old regions: 806->806
[694.885s][info][gc,heap        ] GC(1607) Humongous regions: 9->9
[694.885s][info][gc,metaspace   ] GC(1607) Metaspace: 19233K(19392K)->19233K(19392K) NonClass: 17403K(17536K)->17403K(17536K) Class: 1829K(1856K)->1829K(1856K)
[694.885s][info][gc             ] GC(1607) Pause Young (Normal) (G1 Evacuation Pause) 924M->817M(978M) 5.552ms
[694.885s][info][gc,cpu         ] GC(1607) User=0.01s Sys=0.00s Real=0.01s
[695.174s][info][gc,start       ] GC(1608) Pause Young (Normal) (G1 Evacuation Pause)
[695.174s][info][gc,task        ] GC(1608) Using 2 workers of 2 for evacuation
[695.215s][info][gc,phases      ] GC(1608)   Pre Evacuate Collection Set: 0.32ms
[695.215s][info][gc,phases      ] GC(1608)   Merge Heap Roots: 0.11ms
[695.215s][info][gc,phases      ] GC(1608)   Evacuate Collection Set: 40.02ms
[695.215s][info][gc,phases      ] GC(1608)   Post Evacuate Collection Set: 0.51ms
[695.216s][info][gc,phases      ] GC(1608)   Other: 0.08ms
[695.216s][info][gc,heap        ] GC(1608) Eden regions: 107->0(68)
[695.216s][info][gc,heap        ] GC(1608) Survivor regions: 3->14(14)
[695.216s][info][gc,heap        ] GC(1608) Old regions: 806->823
[695.216s][info][gc,heap        ] GC(1608) Humongous regions: 9->9
[695.216s][info][gc,metaspace   ] GC(1608) Metaspace: 19236K(19392K)->19236K(19392K) NonClass: 17407K(17536K)->17407K(17536K) Class: 1829K(1856K)->1829K(1856K)
[695.216s][info][gc             ] GC(1608) Pause Young (Normal) (G1 Evacuation Pause) 924M->845M(978M) 41.341ms
[695.216s][info][gc,cpu         ] GC(1608) User=0.08s Sys=0.00s Real=0.04s
[695.294s][info][gc,start       ] GC(1609) Pause Young (Normal) (G1 Evacuation Pause)
[695.294s][info][gc,task        ] GC(1609) Using 2 workers of 2 for evacuation
[695.335s][info][gc,phases      ] GC(1609)   Pre Evacuate Collection Set: 0.44ms
[695.335s][info][gc,phases      ] GC(1609)   Merge Heap Roots: 0.26ms
[695.335s][info][gc,phases      ] GC(1609)   Evacuate Collection Set: 39.38ms
[695.335s][info][gc,phases      ] GC(1609)   Post Evacuate Collection Set: 0.49ms
[695.335s][info][gc,phases      ] GC(1609)   Other: 0.11ms
[695.335s][info][gc,heap        ] GC(1609) Eden regions: 68->0(58)
[695.335s][info][gc,heap        ] GC(1609) Survivor regions: 14->11(11)
[695.335s][info][gc,heap        ] GC(1609) Old regions: 823->839
[695.335s][info][gc,heap        ] GC(1609) Humongous regions: 9->9
[695.335s][info][gc,metaspace   ] GC(1609) Metaspace: 19236K(19392K)->19236K(19392K) NonClass: 17407K(17536K)->17407K(17536K) Class: 1829K(1856K)->1829K(1856K)
[695.335s][info][gc             ] GC(1609) Pause Young (Normal) (G1 Evacuation Pause) 913M->858M(978M) 41.134ms
[695.335s][info][gc,cpu         ] GC(1609) User=0.08s Sys=0.00s Real=0.05s
[695.419s][info][gc,start       ] GC(1610) Pause Young (Normal) (G1 Evacuation Pause)
[695.419s][info][gc,task        ] GC(1610) Using 2 workers of 2 for evacuation
[695.456s][info][gc,phases      ] GC(1610)   Pre Evacuate Collection Set: 0.59ms
[695.456s][info][gc,phases      ] GC(1610)   Merge Heap Roots: 0.15ms
[695.456s][info][gc,phases      ] GC(1610)   Evacuate Collection Set: 35.44ms
[695.456s][info][gc,phases      ] GC(1610)   Post Evacuate Collection Set: 0.48ms
[695.456s][info][gc,phases      ] GC(1610)   Other: 0.09ms
[695.456s][info][gc,heap        ] GC(1610) Eden regions: 58->0(39)
[695.456s][info][gc,heap        ] GC(1610) Survivor regions: 11->9(9)
[695.456s][info][gc,heap        ] GC(1610) Old regions: 839->863
[695.456s][info][gc,heap        ] GC(1610) Humongous regions: 9->9
[695.456s][info][gc,metaspace   ] GC(1610) Metaspace: 19236K(19392K)->19236K(19392K) NonClass: 17407K(17536K)->17407K(17536K) Class: 1829K(1856K)->1829K(1856K)
[695.456s][info][gc             ] GC(1610) Pause Young (Normal) (G1 Evacuation Pause) 916M->880M(978M) 37.075ms
[695.456s][info][gc,cpu         ] GC(1610) User=0.07s Sys=0.00s Real=0.04s
[695.539s][info][gc,start       ] GC(1611) Pause Young (Normal) (G1 Evacuation Pause)
[695.539s][info][gc,task        ] GC(1611) Using 2 workers of 2 for evacuation
[695.564s][info][gc,phases      ] GC(1611)   Pre Evacuate Collection Set: 0.37ms
[695.564s][info][gc,phases      ] GC(1611)   Merge Heap Roots: 0.21ms
[695.564s][info][gc,phases      ] GC(1611)   Evacuate Collection Set: 23.73ms
[695.564s][info][gc,phases      ] GC(1611)   Post Evacuate Collection Set: 0.37ms
[695.564s][info][gc,phases      ] GC(1611)   Other: 0.11ms
[695.564s][info][gc,heap        ] GC(1611) Eden regions: 39->0(42)
[695.564s][info][gc,heap        ] GC(1611) Survivor regions: 9->6(6)
[695.564s][info][gc,heap        ] GC(1611) Old regions: 863->876
[695.564s][info][gc,heap        ] GC(1611) Humongous regions: 9->9
[695.564s][info][gc,metaspace   ] GC(1611) Metaspace: 19236K(19392K)->19236K(19392K) NonClass: 17407K(17536K)->17407K(17536K) Class: 1829K(1856K)->1829K(1856K)
[695.564s][info][gc             ] GC(1611) Pause Young (Normal) (G1 Evacuation Pause) 919M->890M(978M) 25.070ms
[695.564s][info][gc,cpu         ] GC(1611) User=0.04s Sys=0.00s Real=0.02s
[695.630s][info][gc,start       ] GC(1612) Pause Young (Normal) (G1 Evacuation Pause)
[695.630s][info][gc,task        ] GC(1612) Using 2 workers of 2 for evacuation
[695.653s][info][gc,phases      ] GC(1612)   Pre Evacuate Collection Set: 0.56ms
[695.653s][info][gc,phases      ] GC(1612)   Merge Heap Roots: 0.13ms
[695.653s][info][gc,phases      ] GC(1612)   Evacuate Collection Set: 22.01ms
[695.653s][info][gc,phases      ] GC(1612)   Post Evacuate Collection Set: 0.40ms
[695.653s][info][gc,phases      ] GC(1612)   Other: 0.14ms
[695.653s][info][gc,heap        ] GC(1612) Eden regions: 42->0(42)
[695.653s][info][gc,heap        ] GC(1612) Survivor regions: 6->6(6)
[695.653s][info][gc,heap        ] GC(1612) Old regions: 876->892
[695.653s][info][gc,heap        ] GC(1612) Humongous regions: 9->9
[695.653s][info][gc,metaspace   ] GC(1612) Metaspace: 19236K(19392K)->19236K(19392K) NonClass: 17407K(17536K)->17407K(17536K) Class: 1829K(1856K)->1829K(1856K)
[695.653s][info][gc             ] GC(1612) Pause Young (Normal) (G1 Evacuation Pause) 932M->906M(978M) 23.492ms
[695.653s][info][gc,cpu         ] GC(1612) User=0.04s Sys=0.00s Real=0.02s
[695.691s][info][gc,marking     ] GC(1604) Concurrent Mark From Roots 1800.825ms
[695.691s][info][gc,marking     ] GC(1604) Concurrent Preclean
[695.691s][info][gc,marking     ] GC(1604) Concurrent Preclean 0.056ms
[695.691s][info][gc,start       ] GC(1604) Pause Remark
[695.701s][info][gc             ] GC(1604) Pause Remark 930M->693M(978M) 9.337ms
[695.701s][info][gc,cpu         ] GC(1604) User=0.02s Sys=0.00s Real=0.01s
[695.702s][info][gc,marking     ] GC(1604) Concurrent Mark 1811.516ms
[695.702s][info][gc,marking     ] GC(1604) Concurrent Rebuild Remembered Sets and Scrub Regions
[695.720s][info][gc,start       ] GC(1613) Pause Young (Normal) (G1 Evacuation Pause)
[695.720s][info][gc,task        ] GC(1613) Using 2 workers of 2 for evacuation
[695.751s][info][gc,phases      ] GC(1613)   Pre Evacuate Collection Set: 0.34ms
[695.751s][info][gc,phases      ] GC(1613)   Merge Heap Roots: 0.16ms
[695.751s][info][gc,phases      ] GC(1613)   Evacuate Collection Set: 29.80ms
[695.751s][info][gc,phases      ] GC(1613)   Post Evacuate Collection Set: 0.46ms
[695.751s][info][gc,phases      ] GC(1613)   Other: 0.09ms
[695.751s][info][gc,heap        ] GC(1613) Eden regions: 42->0(213)
[695.751s][info][gc,heap        ] GC(1613) Survivor regions: 6->6(6)
[695.751s][info][gc,heap        ] GC(1613) Old regions: 659->680
[695.751s][info][gc,heap        ] GC(1613) Humongous regions: 5->5
[695.751s][info][gc,metaspace   ] GC(1613) Metaspace: 19236K(19392K)->19236K(19392K) NonClass: 17407K(17536K)->17407K(17536K) Class: 1829K(1856K)->1829K(1856K)
[695.751s][info][gc             ] GC(1613) Pause Young (Normal) (G1 Evacuation Pause) 711M->690M(978M) 31.118ms
[695.751s][info][gc,cpu         ] GC(1613) User=0.06s Sys=0.00s Real=0.03s
[696.122s][info][gc,start       ] GC(1614) Pause Young (Normal) (G1 Evacuation Pause)
[696.122s][info][gc,task        ] GC(1614) Using 2 workers of 2 for evacuation
[696.227s][info][gc,phases      ] GC(1614)   Pre Evacuate Collection Set: 0.57ms
[696.227s][info][gc,phases      ] GC(1614)   Merge Heap Roots: 0.36ms
[696.227s][info][gc,phases      ] GC(1614)   Evacuate Collection Set: 99.95ms
[696.227s][info][gc,phases      ] GC(1614)   Post Evacuate Collection Set: 3.77ms
[696.227s][info][gc,phases      ] GC(1614)   Other: 0.08ms
[696.227s][info][gc,heap        ] GC(1614) Eden regions: 213->0(107)
[696.227s][info][gc,heap        ] GC(1614) Survivor regions: 6->28(28)
[696.227s][info][gc,heap        ] GC(1614) Old regions: 680->759
[696.227s][info][gc,heap        ] GC(1614) Humongous regions: 6->6
[696.227s][info][gc,metaspace   ] GC(1614) Metaspace: 19236K(19392K)->19236K(19392K) NonClass: 17407K(17536K)->17407K(17536K) Class: 1829K(1856K)->1829K(1856K)
[696.227s][info][gc             ] GC(1614) Pause Young (Normal) (G1 Evacuation Pause) (Evacuation Failure: Allocation) 904M->792M(978M) 105.001ms
[696.227s][info][gc,cpu         ] GC(1614) User=0.20s Sys=0.01s Real=0.11s
[696.462s][info][gc,start       ] GC(1615) Pause Young (Normal) (G1 Evacuation Pause)
[696.462s][info][gc,task        ] GC(1615) Using 2 workers of 2 for evacuation
[696.517s][info][gc,phases      ] GC(1615)   Pre Evacuate Collection Set: 0.58ms
[696.517s][info][gc,phases      ] GC(1615)   Merge Heap Roots: 0.54ms
[696.517s][info][gc,phases      ] GC(1615)   Evacuate Collection Set: 53.44ms
[696.517s][info][gc,phases      ] GC(1615)   Post Evacuate Collection Set: 0.45ms
[696.517s][info][gc,phases      ] GC(1615)   Other: 0.09ms
[696.517s][info][gc,heap        ] GC(1615) Eden regions: 107->0(138)
[696.517s][info][gc,heap        ] GC(1615) Survivor regions: 28->4(17)
[696.517s][info][gc,heap        ] GC(1615) Old regions: 759->760
[696.517s][info][gc,heap        ] GC(1615) Humongous regions: 6->6
[696.517s][info][gc,metaspace   ] GC(1615) Metaspace: 19236K(19392K)->19236K(19392K) NonClass: 17407K(17536K)->17407K(17536K) Class: 1829K(1856K)->1829K(1856K)
[696.517s][info][gc             ] GC(1615) Pause Young (Normal) (G1 Evacuation Pause) 899M->768M(978M) 55.387ms
[696.517s][info][gc,cpu         ] GC(1615) User=0.11s Sys=0.00s Real=0.06s
[696.684s][info][gc,marking     ] GC(1604) Concurrent Rebuild Remembered Sets and Scrub Regions 981.684ms
[696.684s][info][gc,start       ] GC(1604) Pause Cleanup
[696.684s][info][gc             ] GC(1604) Pause Cleanup 840M->840M(978M) 0.170ms
[696.684s][info][gc,cpu         ] GC(1604) User=0.00s Sys=0.00s Real=0.00s
[696.687s][info][gc,marking     ] GC(1604) Concurrent Clear Claimed Marks
[696.687s][info][gc,marking     ] GC(1604) Concurrent Clear Claimed Marks 0.075ms
[696.687s][info][gc,marking     ] GC(1604) Concurrent Cleanup for Next Mark
[696.694s][info][gc,marking     ] GC(1604) Concurrent Cleanup for Next Mark 6.900ms
[696.694s][info][gc             ] GC(1604) Concurrent Mark Cycle 2807.520ms
[696.958s][info][gc,start       ] GC(1616) Pause Young (Prepare Mixed) (G1 Evacuation Pause)
[696.958s][info][gc,task        ] GC(1616) Using 2 workers of 2 for evacuation
[697.041s][info][gc,phases      ] GC(1616)   Pre Evacuate Collection Set: 0.56ms
[697.041s][info][gc,phases      ] GC(1616)   Merge Heap Roots: 0.91ms
[697.041s][info][gc,phases      ] GC(1616)   Evacuate Collection Set: 80.98ms
[697.041s][info][gc,phases      ] GC(1616)   Post Evacuate Collection Set: 0.89ms
[697.041s][info][gc,phases      ] GC(1616)   Other: 0.09ms
[697.041s][info][gc,heap        ] GC(1616) Eden regions: 138->0(113)
[697.041s][info][gc,heap        ] GC(1616) Survivor regions: 4->18(18)
[697.041s][info][gc,heap        ] GC(1616) Old regions: 760->770
[697.041s][info][gc,heap        ] GC(1616) Humongous regions: 9->9
[697.041s][info][gc,metaspace   ] GC(1616) Metaspace: 19237K(19392K)->19237K(19392K) NonClass: 17407K(17536K)->17407K(17536K) Class: 1829K(1856K)->1829K(1856K)
[697.041s][info][gc             ] GC(1616) Pause Young (Prepare Mixed) (G1 Evacuation Pause) 909M->796M(978M) 83.699ms
[697.041s][info][gc,cpu         ] GC(1616) User=0.16s Sys=0.00s Real=0.08s
[697.240s][info][gc,start       ] GC(1617) Pause Young (Mixed) (G1 Evacuation Pause)
[697.241s][info][gc,task        ] GC(1617) Using 2 workers of 2 for evacuation
[697.321s][info][gc,phases      ] GC(1617)   Pre Evacuate Collection Set: 0.38ms
[697.321s][info][gc,phases      ] GC(1617)   Merge Heap Roots: 1.01ms
[697.321s][info][gc,phases      ] GC(1617)   Evacuate Collection Set: 78.13ms
[697.321s][info][gc,phases      ] GC(1617)   Post Evacuate Collection Set: 0.51ms
[697.321s][info][gc,phases      ] GC(1617)   Other: 0.09ms
[697.321s][info][gc,heap        ] GC(1617) Eden regions: 113->0(150)
[697.321s][info][gc,heap        ] GC(1617) Survivor regions: 18->12(17)
[697.321s][info][gc,heap        ] GC(1617) Old regions: 770->732
[697.321s][info][gc,heap        ] GC(1617) Humongous regions: 9->9
[697.321s][info][gc,metaspace   ] GC(1617) Metaspace: 19237K(19392K)->19237K(19392K) NonClass: 17407K(17536K)->17407K(17536K) Class: 1829K(1856K)->1829K(1856K)
[697.321s][info][gc             ] GC(1617) Pause Young (Mixed) (G1 Evacuation Pause) 909M->752M(978M) 80.417ms
[697.321s][info][gc,cpu         ] GC(1617) User=0.16s Sys=0.00s Real=0.08s
[697.466s][info][gc,start       ] GC(1618) Pause Young (Concurrent Start) (G1 Evacuation Pause)
[697.467s][info][gc,task        ] GC(1618) Using 2 workers of 2 for evacuation
[697.514s][info][gc,phases      ] GC(1618)   Pre Evacuate Collection Set: 0.37ms
[697.514s][info][gc,phases      ] GC(1618)   Merge Heap Roots: 0.17ms
[697.514s][info][gc,phases      ] GC(1618)   Evacuate Collection Set: 46.07ms
[697.514s][info][gc,phases      ] GC(1618)   Post Evacuate Collection Set: 0.49ms
[697.514s][info][gc,phases      ] GC(1618)   Other: 0.12ms
[697.514s][info][gc,heap        ] GC(1618) Eden regions: 150->0(127)
[697.514s][info][gc,heap        ] GC(1618) Survivor regions: 12->21(21)
[697.514s][info][gc,heap        ] GC(1618) Old regions: 732->750
[697.514s][info][gc,heap        ] GC(1618) Humongous regions: 9->9
[697.514s][info][gc,metaspace   ] GC(1618) Metaspace: 19237K(19392K)->19237K(19392K) NonClass: 17407K(17536K)->17407K(17536K) Class: 1829K(1856K)->1829K(1856K)
[697.514s][info][gc             ] GC(1618) Pause Young (Concurrent Start) (G1 Evacuation Pause) 902M->779M(978M) 47.563ms
[697.514s][info][gc,cpu         ] GC(1618) User=0.10s Sys=0.00s Real=0.04s
[697.514s][info][gc             ] GC(1619) Concurrent Mark Cycle
[697.516s][info][gc,marking     ] GC(1619) Concurrent Scan Root Regions
[697.597s][info][gc,marking     ] GC(1619) Concurrent Scan Root Regions 80.919ms
[697.597s][info][gc,marking     ] GC(1619) Concurrent Mark
[697.597s][info][gc,marking     ] GC(1619) Concurrent Mark From Roots
[697.597s][info][gc,task        ] GC(1619) Using 1 workers of 1 for marking
[697.683s][info][gc,start       ] GC(1620) Pause Young (Normal) (G1 Evacuation Pause)
[697.684s][info][gc,task        ] GC(1620) Using 2 workers of 2 for evacuation
[697.738s][info][gc,phases      ] GC(1620)   Pre Evacuate Collection Set: 0.35ms
[697.738s][info][gc,phases      ] GC(1620)   Merge Heap Roots: 0.27ms
[697.738s][info][gc,phases      ] GC(1620)   Evacuate Collection Set: 52.76ms
[697.738s][info][gc,phases      ] GC(1620)   Post Evacuate Collection Set: 0.54ms
[697.738s][info][gc,phases      ] GC(1620)   Other: 0.09ms
[697.738s][info][gc,heap        ] GC(1620) Eden regions: 127->0(103)
[697.738s][info][gc,heap        ] GC(1620) Survivor regions: 21->19(19)
[697.738s][info][gc,heap        ] GC(1620) Old regions: 750->778
[697.738s][info][gc,heap        ] GC(1620) Humongous regions: 9->9
[697.738s][info][gc,metaspace   ] GC(1620) Metaspace: 19237K(19392K)->19237K(19392K) NonClass: 17407K(17536K)->17407K(17536K) Class: 1829K(1856K)->1829K(1856K)
[697.738s][info][gc             ] GC(1620) Pause Young (Normal) (G1 Evacuation Pause) 906M->805M(978M) 54.279ms
[697.738s][info][gc,cpu         ] GC(1620) User=0.10s Sys=0.00s Real=0.06s
[697.846s][info][gc,start       ] GC(1621) Pause Young (Normal) (G1 Evacuation Pause)
[697.846s][info][gc,task        ] GC(1621) Using 2 workers of 2 for evacuation
[697.886s][info][gc,phases      ] GC(1621)   Pre Evacuate Collection Set: 0.56ms
[697.886s][info][gc,phases      ] GC(1621)   Merge Heap Roots: 0.18ms
[697.886s][info][gc,phases      ] GC(1621)   Evacuate Collection Set: 39.16ms
[697.886s][info][gc,phases      ] GC(1621)   Post Evacuate Collection Set: 0.43ms
[697.887s][info][gc,phases      ] GC(1621)   Other: 0.10ms
[697.887s][info][gc,heap        ] GC(1621) Eden regions: 103->0(89)
[697.887s][info][gc,heap        ] GC(1621) Survivor regions: 19->16(16)
[697.887s][info][gc,heap        ] GC(1621) Old regions: 778->798
[697.887s][info][gc,heap        ] GC(1621) Humongous regions: 9->9
[697.887s][info][gc,metaspace   ] GC(1621) Metaspace: 19237K(19392K)->19237K(19392K) NonClass: 17407K(17536K)->17407K(17536K) Class: 1829K(1856K)->1829K(1856K)
[697.887s][info][gc             ] GC(1621) Pause Young (Normal) (G1 Evacuation Pause) 908M->822M(978M) 40.681ms
[697.887s][info][gc,cpu         ] GC(1621) User=0.07s Sys=0.00s Real=0.04s
[698.026s][info][gc,start       ] GC(1622) Pause Young (Normal) (G1 Evacuation Pause)
[698.026s][info][gc,task        ] GC(1622) Using 2 workers of 2 for evacuation
[698.056s][info][gc,phases      ] GC(1622)   Pre Evacuate Collection Set: 0.31ms
[698.056s][info][gc,phases      ] GC(1622)   Merge Heap Roots: 0.21ms
[698.056s][info][gc,phases      ] GC(1622)   Evacuate Collection Set: 28.50ms
[698.056s][info][gc,phases      ] GC(1622)   Post Evacuate Collection Set: 0.50ms
[698.056s][info][gc,phases      ] GC(1622)   Other: 0.08ms
[698.056s][info][gc,heap        ] GC(1622) Eden regions: 89->0(90)
[698.056s][info][gc,heap        ] GC(1622) Survivor regions: 16->7(14)
[698.056s][info][gc,heap        ] GC(1622) Old regions: 798->815
[698.056s][info][gc,heap        ] GC(1622) Humongous regions: 9->9
[698.056s][info][gc,metaspace   ] GC(1622) Metaspace: 19237K(19392K)->19237K(19392K) NonClass: 17407K(17536K)->17407K(17536K) Class: 1829K(1856K)->1829K(1856K)
[698.056s][info][gc             ] GC(1622) Pause Young (Normal) (G1 Evacuation Pause) 911M->829M(978M) 29.910ms
[698.056s][info][gc,cpu         ] GC(1622) User=0.06s Sys=0.00s Real=0.03s
[698.171s][info][gc,start       ] GC(1623) Pause Young (Normal) (G1 Evacuation Pause)
[698.172s][info][gc,task        ] GC(1623) Using 2 workers of 2 for evacuation
[698.206s][info][gc,phases      ] GC(1623)   Pre Evacuate Collection Set: 0.35ms
[698.206s][info][gc,phases      ] GC(1623)   Merge Heap Roots: 0.38ms
[698.206s][info][gc,phases      ] GC(1623)   Evacuate Collection Set: 33.12ms
[698.206s][info][gc,phases      ] GC(1623)   Post Evacuate Collection Set: 0.54ms
[698.206s][info][gc,phases      ] GC(1623)   Other: 0.10ms
[698.206s][info][gc,heap        ] GC(1623) Eden regions: 90->0(74)
[698.206s][info][gc,heap        ] GC(1623) Survivor regions: 7->13(13)
[698.206s][info][gc,heap        ] GC(1623) Old regions: 815->818
[698.206s][info][gc,heap        ] GC(1623) Humongous regions: 10->10
[698.206s][info][gc,metaspace   ] GC(1623) Metaspace: 19237K(19392K)->19237K(19392K) NonClass: 17407K(17536K)->17407K(17536K) Class: 1829K(1856K)->1829K(1856K)
[698.206s][info][gc             ] GC(1623) Pause Young (Normal) (G1 Evacuation Pause) 920M->840M(978M) 34.755ms
[698.206s][info][gc,cpu         ] GC(1623) User=0.07s Sys=0.00s Real=0.04s
[698.285s][info][gc,start       ] GC(1624) Pause Young (Normal) (G1 Evacuation Pause)
[698.285s][info][gc,task        ] GC(1624) Using 2 workers of 2 for evacuation
[698.315s][info][gc,phases      ] GC(1624)   Pre Evacuate Collection Set: 0.35ms
[698.315s][info][gc,phases      ] GC(1624)   Merge Heap Roots: 0.31ms
[698.315s][info][gc,phases      ] GC(1624)   Evacuate Collection Set: 28.65ms
[698.315s][info][gc,phases      ] GC(1624)   Post Evacuate Collection Set: 0.34ms
[698.315s][info][gc,phases      ] GC(1624)   Other: 0.10ms
[698.315s][info][gc,heap        ] GC(1624) Eden regions: 74->0(82)
[698.315s][info][gc,heap        ] GC(1624) Survivor regions: 13->2(11)
[698.315s][info][gc,heap        ] GC(1624) Old regions: 818->832
[698.315s][info][gc,heap        ] GC(1624) Humongous regions: 10->10
[698.315s][info][gc,metaspace   ] GC(1624) Metaspace: 19237K(19392K)->19237K(19392K) NonClass: 17407K(17536K)->17407K(17536K) Class: 1829K(1856K)->1829K(1856K)
[698.315s][info][gc             ] GC(1624) Pause Young (Normal) (G1 Evacuation Pause) 914M->843M(978M) 30.045ms
[698.315s][info][gc,cpu         ] GC(1624) User=0.06s Sys=0.00s Real=0.03s
[698.383s][info][gc,start       ] GC(1625) Pause Young (Normal) (G1 Evacuation Pause)
[698.383s][info][gc,task        ] GC(1625) Using 2 workers of 2 for evacuation
[698.391s][info][gc,phases      ] GC(1625)   Pre Evacuate Collection Set: 0.31ms
[698.391s][info][gc,phases      ] GC(1625)   Merge Heap Roots: 0.08ms
[698.391s][info][gc,phases      ] GC(1625)   Evacuate Collection Set: 6.48ms
[698.391s][info][gc,phases      ] GC(1625)   Post Evacuate Collection Set: 0.39ms
[698.391s][info][gc,phases      ] GC(1625)   Other: 0.10ms
[698.391s][info][gc,heap        ] GC(1625) Eden regions: 82->0(76)
[698.391s][info][gc,heap        ] GC(1625) Survivor regions: 2->5(11)
[698.391s][info][gc,heap        ] GC(1625) Old regions: 832->832
[698.391s][info][gc,heap        ] GC(1625) Humongous regions: 10->10
[698.391s][info][gc,metaspace   ] GC(1625) Metaspace: 19237K(19392K)->19237K(19392K) NonClass: 17407K(17536K)->17407K(17536K) Class: 1829K(1856K)->1829K(1856K)
[698.391s][info][gc             ] GC(1625) Pause Young (Normal) (G1 Evacuation Pause) 925M->846M(978M) 7.617ms
[698.391s][info][gc,cpu         ] GC(1625) User=0.01s Sys=0.00s Real=0.01s
[698.488s][info][gc,start       ] GC(1626) Pause Young (Normal) (G1 Evacuation Pause)
[698.488s][info][gc,task        ] GC(1626) Using 2 workers of 2 for evacuation
[698.496s][info][gc,phases      ] GC(1626)   Pre Evacuate Collection Set: 0.58ms
[698.496s][info][gc,phases      ] GC(1626)   Merge Heap Roots: 0.09ms
[698.496s][info][gc,phases      ] GC(1626)   Evacuate Collection Set: 6.26ms
[698.496s][info][gc,phases      ] GC(1626)   Post Evacuate Collection Set: 0.37ms
[698.496s][info][gc,phases      ] GC(1626)   Other: 0.08ms
[698.496s][info][gc,heap        ] GC(1626) Eden regions: 76->0(76)
[698.496s][info][gc,heap        ] GC(1626) Survivor regions: 5->5(11)
[698.496s][info][gc,heap        ] GC(1626) Old regions: 832->832
[698.496s][info][gc,heap        ] GC(1626) Humongous regions: 10->10
[698.496s][info][gc,metaspace   ] GC(1626) Metaspace: 19237K(19392K)->19237K(19392K) NonClass: 17407K(17536K)->17407K(17536K) Class: 1829K(1856K)->1829K(1856K)
[698.496s][info][gc             ] GC(1626) Pause Young (Normal) (G1 Evacuation Pause) 922M->846M(978M) 7.636ms
[698.496s][info][gc,cpu         ] GC(1626) User=0.01s Sys=0.00s Real=0.01s
[698.591s][info][gc,start       ] GC(1627) Pause Young (Normal) (G1 Evacuation Pause)
[698.591s][info][gc,task        ] GC(1627) Using 2 workers of 2 for evacuation
[698.601s][info][gc,phases      ] GC(1627)   Pre Evacuate Collection Set: 0.58ms
[698.601s][info][gc,phases      ] GC(1627)   Merge Heap Roots: 0.12ms
[698.601s][info][gc,phases      ] GC(1627)   Evacuate Collection Set: 8.50ms
[698.601s][info][gc,phases      ] GC(1627)   Post Evacuate Collection Set: 0.37ms
[698.601s][info][gc,phases      ] GC(1627)   Other: 0.08ms
[698.601s][info][gc,heap        ] GC(1627) Eden regions: 76->0(74)
[698.601s][info][gc,heap        ] GC(1627) Survivor regions: 5->6(11)
[698.601s][info][gc,heap        ] GC(1627) Old regions: 832->832
[698.601s][info][gc,heap        ] GC(1627) Humongous regions: 10->10
[698.601s][info][gc,metaspace   ] GC(1627) Metaspace: 19237K(19392K)->19237K(19392K) NonClass: 17407K(17536K)->17407K(17536K) Class: 1829K(1856K)->1829K(1856K)
[698.601s][info][gc             ] GC(1627) Pause Young (Normal) (G1 Evacuation Pause) 922M->847M(978M) 9.895ms
[698.601s][info][gc,cpu         ] GC(1627) User=0.02s Sys=0.00s Real=0.01s
[698.695s][info][gc,marking     ] GC(1619) Concurrent Mark From Roots 1097.342ms
[698.695s][info][gc,marking     ] GC(1619) Concurrent Preclean
[698.695s][info][gc,marking     ] GC(1619) Concurrent Preclean 0.052ms
[698.695s][info][gc,start       ] GC(1619) Pause Remark
[698.704s][info][gc             ] GC(1619) Pause Remark 918M->420M(978M) 9.495ms
[698.704s][info][gc,cpu         ] GC(1619) User=0.02s Sys=0.00s Real=0.01s
[698.706s][info][gc,marking     ] GC(1619) Concurrent Mark 1109.006ms
[698.706s][info][gc,marking     ] GC(1619) Concurrent Rebuild Remembered Sets and Scrub Regions
[698.719s][info][gc,start       ] GC(1628) Pause Young (Normal) (G1 Evacuation Pause)
[698.719s][info][gc,task        ] GC(1628) Using 2 workers of 2 for evacuation
[698.731s][info][gc,phases      ] GC(1628)   Pre Evacuate Collection Set: 0.51ms
[698.731s][info][gc,phases      ] GC(1628)   Merge Heap Roots: 0.15ms
[698.731s][info][gc,phases      ] GC(1628)   Evacuate Collection Set: 10.29ms
[698.731s][info][gc,phases      ] GC(1628)   Post Evacuate Collection Set: 0.38ms
[698.731s][info][gc,phases      ] GC(1628)   Other: 0.10ms
[698.731s][info][gc,heap        ] GC(1628) Eden regions: 74->0(502)
[698.731s][info][gc,heap        ] GC(1628) Survivor regions: 6->5(10)
[698.731s][info][gc,heap        ] GC(1628) Old regions: 340->342
[698.731s][info][gc,heap        ] GC(1628) Humongous regions: 4->4
[698.731s][info][gc,metaspace   ] GC(1628) Metaspace: 19237K(19392K)->19237K(19392K) NonClass: 17407K(17536K)->17407K(17536K) Class: 1829K(1856K)->1829K(1856K)
[698.731s][info][gc             ] GC(1628) Pause Young (Normal) (G1 Evacuation Pause) 423M->350M(978M) 11.662ms
[698.731s][info][gc,cpu         ] GC(1628) User=0.01s Sys=0.00s Real=0.01s
[698.977s][info][gc,marking     ] GC(1619) Concurrent Rebuild Remembered Sets and Scrub Regions 271.029ms
[698.978s][info][gc,start       ] GC(1619) Pause Cleanup
[698.978s][info][gc             ] GC(1619) Pause Cleanup 512M->512M(978M) 0.137ms
[698.978s][info][gc,cpu         ] GC(1619) User=0.00s Sys=0.00s Real=0.00s
[698.978s][info][gc,marking     ] GC(1619) Concurrent Clear Claimed Marks
[698.978s][info][gc,marking     ] GC(1619) Concurrent Clear Claimed Marks 0.042ms
[698.978s][info][gc,marking     ] GC(1619) Concurrent Cleanup for Next Mark
[698.983s][info][gc,marking     ] GC(1619) Concurrent Cleanup for Next Mark 5.018ms
[698.983s][info][gc             ] GC(1619) Concurrent Mark Cycle 1468.838ms
[699.684s][info][gc,start       ] GC(1629) Pause Young (Prepare Mixed) (G1 Evacuation Pause)
[699.684s][info][gc,task        ] GC(1629) Using 2 workers of 2 for evacuation
[699.775s][info][gc,phases      ] GC(1629)   Pre Evacuate Collection Set: 0.57ms
[699.775s][info][gc,phases      ] GC(1629)   Merge Heap Roots: 0.32ms
[699.775s][info][gc,phases      ] GC(1629)   Evacuate Collection Set: 89.20ms
[699.775s][info][gc,phases      ] GC(1629)   Post Evacuate Collection Set: 1.02ms
[699.775s][info][gc,phases      ] GC(1629)   Other: 0.10ms
[699.775s][info][gc,heap        ] GC(1629) Eden regions: 502->0(407)
[699.775s][info][gc,heap        ] GC(1629) Survivor regions: 5->64(64)
[699.775s][info][gc,heap        ] GC(1629) Old regions: 342->356
[699.775s][info][gc,heap        ] GC(1629) Humongous regions: 4->4
[699.775s][info][gc,metaspace   ] GC(1629) Metaspace: 19237K(19392K)->19237K(19392K) NonClass: 17407K(17536K)->17407K(17536K) Class: 1829K(1856K)->1829K(1856K)
[699.775s][info][gc             ] GC(1629) Pause Young (Prepare Mixed) (G1 Evacuation Pause) 852M->423M(978M) 91.475ms
[699.775s][info][gc,cpu         ] GC(1629) User=0.18s Sys=0.00s Real=0.10s
[700.249s][info][gc,start       ] GC(1630) Pause Young (Mixed) (G1 Evacuation Pause)
[700.249s][info][gc,task        ] GC(1630) Using 2 workers of 2 for evacuation
[700.364s][info][gc,phases      ] GC(1630)   Pre Evacuate Collection Set: 0.57ms
[700.364s][info][gc,phases      ] GC(1630)   Merge Heap Roots: 0.51ms
[700.364s][info][gc,phases      ] GC(1630)   Evacuate Collection Set: 103.07ms
[700.364s][info][gc,phases      ] GC(1630)   Merge Optional Heap Roots: 0.11ms
[700.364s][info][gc,phases      ] GC(1630)   Evacuate Optional Collection Set: 9.67ms
[700.364s][info][gc,phases      ] GC(1630)   Post Evacuate Collection Set: 0.96ms
[700.364s][info][gc,phases      ] GC(1630)   Other: 0.11ms
[700.364s][info][gc,heap        ] GC(1630) Eden regions: 407->0(408)
[700.364s][info][gc,heap        ] GC(1630) Survivor regions: 64->20(59)
[700.364s][info][gc,heap        ] GC(1630) Old regions: 356->413
[700.364s][info][gc,heap        ] GC(1630) Humongous regions: 5->5
[700.364s][info][gc,metaspace   ] GC(1630) Metaspace: 19237K(19392K)->19237K(19392K) NonClass: 17407K(17536K)->17407K(17536K) Class: 1829K(1856K)->1829K(1856K)
[700.365s][info][gc             ] GC(1630) Pause Young (Mixed) (G1 Evacuation Pause) 831M->436M(978M) 115.302ms
[700.365s][info][gc,cpu         ] GC(1630) User=0.23s Sys=0.00s Real=0.12s
[701.094s][info][gc,start       ] GC(1631) Pause Young (Concurrent Start) (G1 Evacuation Pause)
[701.094s][info][gc,task        ] GC(1631) Using 2 workers of 2 for evacuation
[701.306s][info][gc,mmu         ] GC(1631) MMU target violated: 201.0ms (200.0ms/201.0ms)
[701.306s][info][gc,phases      ] GC(1631)   Pre Evacuate Collection Set: 0.38ms
[701.306s][info][gc,phases      ] GC(1631)   Merge Heap Roots: 0.54ms
[701.306s][info][gc,phases      ] GC(1631)   Evacuate Collection Set: 201.96ms
[701.306s][info][gc,phases      ] GC(1631)   Post Evacuate Collection Set: 9.16ms
[701.306s][info][gc,phases      ] GC(1631)   Other: 0.32ms
[701.306s][info][gc,heap        ] GC(1631) Eden regions: 408->0(195)
[701.306s][info][gc,heap        ] GC(1631) Survivor regions: 20->54(54)
[701.306s][info][gc,heap        ] GC(1631) Old regions: 413->557
[701.306s][info][gc,heap        ] GC(1631) Humongous regions: 5->5
[701.306s][info][gc,metaspace   ] GC(1631) Metaspace: 19237K(19392K)->19237K(19392K) NonClass: 17407K(17536K)->17407K(17536K) Class: 1829K(1856K)->1829K(1856K)
[701.306s][info][gc             ] GC(1631) Pause Young (Concurrent Start) (G1 Evacuation Pause) (Evacuation Failure: Allocation) 844M->615M(978M) 212.611ms
[701.306s][info][gc,cpu         ] GC(1631) User=0.42s Sys=0.00s Real=0.22s
[701.306s][info][gc             ] GC(1632) Concurrent Mark Cycle
[701.308s][info][gc,marking     ] GC(1632) Concurrent Scan Root Regions
[701.558s][info][gc,marking     ] GC(1632) Concurrent Scan Root Regions 249.981ms
[701.558s][info][gc,marking     ] GC(1632) Concurrent Mark
[701.558s][info][gc,marking     ] GC(1632) Concurrent Mark From Roots
[701.558s][info][gc,task        ] GC(1632) Using 1 workers of 1 for marking
[701.794s][info][gc,start       ] GC(1633) Pause Young (Normal) (G1 Evacuation Pause)
[701.794s][info][gc,task        ] GC(1633) Using 2 workers of 2 for evacuation
[701.942s][info][gc,phases      ] GC(1633)   Pre Evacuate Collection Set: 0.35ms
[701.943s][info][gc,phases      ] GC(1633)   Merge Heap Roots: 0.56ms
[701.943s][info][gc,phases      ] GC(1633)   Evacuate Collection Set: 139.02ms
[701.943s][info][gc,phases      ] GC(1633)   Merge Optional Heap Roots: 0.08ms
[701.943s][info][gc,phases      ] GC(1633)   Evacuate Optional Collection Set: 7.21ms
[701.943s][info][gc,phases      ] GC(1633)   Post Evacuate Collection Set: 0.82ms
[701.943s][info][gc,phases      ] GC(1633)   Other: 0.11ms
[701.943s][info][gc,heap        ] GC(1633) Eden regions: 195->0(205)
[701.943s][info][gc,heap        ] GC(1633) Survivor regions: 54->32(32)
[701.943s][info][gc,heap        ] GC(1633) Old regions: 557->576
[701.943s][info][gc,heap        ] GC(1633) Humongous regions: 6->6
[701.943s][info][gc,metaspace   ] GC(1633) Metaspace: 19237K(19392K)->19237K(19392K) NonClass: 17407K(17536K)->17407K(17536K) Class: 1829K(1856K)->1829K(1856K)
[701.943s][info][gc             ] GC(1633) Pause Young (Normal) (G1 Evacuation Pause) 811M->613M(978M) 148.405ms
[701.943s][info][gc,cpu         ] GC(1633) User=0.30s Sys=0.00s Real=0.14s
[702.274s][info][gc,start       ] GC(1634) Pause Young (Normal) (G1 Evacuation Pause)
[702.274s][info][gc,task        ] GC(1634) Using 2 workers of 2 for evacuation
[702.329s][info][gc,phases      ] GC(1634)   Pre Evacuate Collection Set: 0.32ms
[702.329s][info][gc,phases      ] GC(1634)   Merge Heap Roots: 0.25ms
[702.329s][info][gc,phases      ] GC(1634)   Evacuate Collection Set: 53.69ms
[702.329s][info][gc,phases      ] GC(1634)   Post Evacuate Collection Set: 0.54ms
[702.329s][info][gc,phases      ] GC(1634)   Other: 0.09ms
[702.329s][info][gc,heap        ] GC(1634) Eden regions: 205->0(211)
[702.329s][info][gc,heap        ] GC(1634) Survivor regions: 32->16(30)
[702.329s][info][gc,heap        ] GC(1634) Old regions: 576->609
[702.329s][info][gc,heap        ] GC(1634) Humongous regions: 6->6
[702.329s][info][gc,metaspace   ] GC(1634) Metaspace: 19240K(19392K)->19240K(19392K) NonClass: 17410K(17536K)->17410K(17536K) Class: 1829K(1856K)->1829K(1856K)
[702.329s][info][gc             ] GC(1634) Pause Young (Normal) (G1 Evacuation Pause) 818M->629M(978M) 55.179ms
[702.329s][info][gc,cpu         ] GC(1634) User=0.11s Sys=0.00s Real=0.06s
[702.510s][info][gc,marking     ] GC(1632) Concurrent Mark From Roots 951.733ms
[702.510s][info][gc,marking     ] GC(1632) Concurrent Preclean
[702.510s][info][gc,marking     ] GC(1632) Concurrent Preclean 0.051ms
[702.510s][info][gc,start       ] GC(1632) Pause Remark
[702.520s][info][gc             ] GC(1632) Pause Remark 739M->658M(978M) 9.356ms
[702.520s][info][gc,cpu         ] GC(1632) User=0.02s Sys=0.00s Real=0.01s
[702.522s][info][gc,marking     ] GC(1632) Concurrent Mark 963.906ms
[702.522s][info][gc,marking     ] GC(1632) Concurrent Rebuild Remembered Sets and Scrub Regions
[702.702s][info][gc,start       ] GC(1635) Pause Young (Normal) (G1 Evacuation Pause)
[702.702s][info][gc,task        ] GC(1635) Using 2 workers of 2 for evacuation
[702.759s][info][gc,phases      ] GC(1635)   Pre Evacuate Collection Set: 0.35ms
[702.759s][info][gc,phases      ] GC(1635)   Merge Heap Roots: 0.10ms
[702.760s][info][gc,phases      ] GC(1635)   Evacuate Collection Set: 56.55ms
[702.760s][info][gc,phases      ] GC(1635)   Post Evacuate Collection Set: 0.66ms
[702.760s][info][gc,phases      ] GC(1635)   Other: 0.13ms
[702.760s][info][gc,heap        ] GC(1635) Eden regions: 211->0(250)
[702.760s][info][gc,heap        ] GC(1635) Survivor regions: 16->29(29)
[702.760s][info][gc,heap        ] GC(1635) Old regions: 530->555
[702.760s][info][gc,heap        ] GC(1635) Humongous regions: 4->4
[702.760s][info][gc,metaspace   ] GC(1635) Metaspace: 19240K(19392K)->19240K(19392K) NonClass: 17410K(17536K)->17410K(17536K) Class: 1829K(1856K)->1829K(1856K)
[702.760s][info][gc             ] GC(1635) Pause Young (Normal) (G1 Evacuation Pause) 759M->587M(978M) 58.105ms
[702.760s][info][gc,cpu         ] GC(1635) User=0.11s Sys=0.00s Real=0.06s
[703.148s][info][gc,start       ] GC(1636) Pause Young (Normal) (G1 Evacuation Pause)
[703.148s][info][gc,task        ] GC(1636) Using 2 workers of 2 for evacuation
[703.222s][info][gc,phases      ] GC(1636)   Pre Evacuate Collection Set: 0.32ms
[703.222s][info][gc,phases      ] GC(1636)   Merge Heap Roots: 0.28ms
[703.222s][info][gc,phases      ] GC(1636)   Evacuate Collection Set: 72.56ms
[703.222s][info][gc,phases      ] GC(1636)   Post Evacuate Collection Set: 0.70ms
[703.222s][info][gc,phases      ] GC(1636)   Other: 0.13ms
[703.222s][info][gc,heap        ] GC(1636) Eden regions: 250->0(222)
[703.222s][info][gc,heap        ] GC(1636) Survivor regions: 29->35(35)
[703.222s][info][gc,heap        ] GC(1636) Old regions: 555->588
[703.223s][info][gc,heap        ] GC(1636) Humongous regions: 4->4
[703.223s][info][gc,metaspace   ] GC(1636) Metaspace: 19240K(19392K)->19240K(19392K) NonClass: 17410K(17536K)->17410K(17536K) Class: 1829K(1856K)->1829K(1856K)
[703.223s][info][gc             ] GC(1636) Pause Young (Normal) (G1 Evacuation Pause) 837M->626M(978M) 74.295ms
[703.223s][info][gc,cpu         ] GC(1636) User=0.14s Sys=0.00s Real=0.07s
[703.261s][info][gc,marking     ] GC(1632) Concurrent Rebuild Remembered Sets and Scrub Regions 739.195ms
[703.262s][info][gc,start       ] GC(1632) Pause Cleanup
[703.262s][info][gc             ] GC(1632) Pause Cleanup 637M->637M(978M) 0.167ms
[703.262s][info][gc,cpu         ] GC(1632) User=0.00s Sys=0.00s Real=0.00s
[703.262s][info][gc,marking     ] GC(1632) Concurrent Clear Claimed Marks
[703.262s][info][gc,marking     ] GC(1632) Concurrent Clear Claimed Marks 0.033ms
[703.262s][info][gc,marking     ] GC(1632) Concurrent Cleanup for Next Mark
[703.267s][info][gc,marking     ] GC(1632) Concurrent Cleanup for Next Mark 4.992ms
[703.268s][info][gc             ] GC(1632) Concurrent Mark Cycle 1961.146ms
[703.528s][info][gc,start       ] GC(1637) Pause Young (Prepare Mixed) (G1 Evacuation Pause)
[703.528s][info][gc,task        ] GC(1637) Using 2 workers of 2 for evacuation
[703.673s][info][gc,phases      ] GC(1637)   Pre Evacuate Collection Set: 0.35ms
[703.673s][info][gc,phases      ] GC(1637)   Merge Heap Roots: 0.37ms
[703.673s][info][gc,phases      ] GC(1637)   Evacuate Collection Set: 143.06ms
[703.673s][info][gc,phases      ] GC(1637)   Post Evacuate Collection Set: 0.87ms
[703.673s][info][gc,phases      ] GC(1637)   Other: 0.09ms
[703.673s][info][gc,heap        ] GC(1637) Eden regions: 222->0(157)
[703.673s][info][gc,heap        ] GC(1637) Survivor regions: 35->33(33)
[703.673s][info][gc,heap        ] GC(1637) Old regions: 588->666
[703.673s][info][gc,heap        ] GC(1637) Humongous regions: 7->7
[703.673s][info][gc,metaspace   ] GC(1637) Metaspace: 19243K(19392K)->19243K(19392K) NonClass: 17413K(17536K)->17413K(17536K) Class: 1829K(1856K)->1829K(1856K)
[703.673s][info][gc             ] GC(1637) Pause Young (Prepare Mixed) (G1 Evacuation Pause) 851M->705M(978M) 145.017ms
[703.673s][info][gc,cpu         ] GC(1637) User=0.29s Sys=0.00s Real=0.14s
[703.821s][info][gc,start       ] GC(1638) Pause Young (Mixed) (G1 Evacuation Pause)
[703.821s][info][gc,task        ] GC(1638) Using 2 workers of 2 for evacuation
[703.986s][info][gc,phases      ] GC(1638)   Pre Evacuate Collection Set: 0.58ms
[703.986s][info][gc,phases      ] GC(1638)   Merge Heap Roots: 0.77ms
[703.986s][info][gc,phases      ] GC(1638)   Evacuate Collection Set: 132.50ms
[703.986s][info][gc,phases      ] GC(1638)   Merge Optional Heap Roots: 0.26ms
[703.986s][info][gc,phases      ] GC(1638)   Evacuate Optional Collection Set: 29.81ms
[703.986s][info][gc,phases      ] GC(1638)   Post Evacuate Collection Set: 1.26ms
[703.986s][info][gc,phases      ] GC(1638)   Other: 0.14ms
[703.986s][info][gc,heap        ] GC(1638) Eden regions: 157->0(109)
[703.986s][info][gc,heap        ] GC(1638) Survivor regions: 33->24(24)
[703.986s][info][gc,heap        ] GC(1638) Old regions: 666->659
[703.986s][info][gc,heap        ] GC(1638) Humongous regions: 7->7
[703.987s][info][gc,metaspace   ] GC(1638) Metaspace: 19243K(19392K)->19243K(19392K) NonClass: 17413K(17536K)->17413K(17536K) Class: 1829K(1856K)->1829K(1856K)
[703.987s][info][gc             ] GC(1638) Pause Young (Mixed) (G1 Evacuation Pause) 862M->689M(978M) 165.583ms
[703.987s][info][gc,cpu         ] GC(1638) User=0.33s Sys=0.00s Real=0.17s
[704.047s][info][gc,start       ] GC(1639) Pause Young (Mixed) (G1 Evacuation Pause)
[704.047s][info][gc,task        ] GC(1639) Using 2 workers of 2 for evacuation
[704.268s][info][gc,mmu         ] GC(1639) MMU target violated: 201.0ms (200.0ms/201.0ms)
[704.268s][info][gc,phases      ] GC(1639)   Pre Evacuate Collection Set: 0.32ms
[704.268s][info][gc,phases      ] GC(1639)   Merge Heap Roots: 1.94ms
[704.268s][info][gc,phases      ] GC(1639)   Evacuate Collection Set: 217.45ms
[704.268s][info][gc,phases      ] GC(1639)   Post Evacuate Collection Set: 0.53ms
[704.268s][info][gc,phases      ] GC(1639)   Other: 0.15ms
[704.268s][info][gc,heap        ] GC(1639) Eden regions: 70->0(145)
[704.268s][info][gc,heap        ] GC(1639) Survivor regions: 24->12(12)
[704.268s][info][gc,heap        ] GC(1639) Old regions: 659->697
[704.268s][info][gc,heap        ] GC(1639) Humongous regions: 7->7
[704.268s][info][gc,metaspace   ] GC(1639) Metaspace: 19243K(19392K)->19243K(19392K) NonClass: 17413K(17536K)->17413K(17536K) Class: 1829K(1856K)->1829K(1856K)
[704.268s][info][gc             ] GC(1639) Pause Young (Mixed) (G1 Evacuation Pause) 759M->715M(978M) 220.590ms
[704.268s][info][gc,cpu         ] GC(1639) User=0.43s Sys=0.00s Real=0.22s
[704.365s][info][gc,start       ] GC(1640) Pause Young (Concurrent Start) (G1 Evacuation Pause)
[704.365s][info][gc,task        ] GC(1640) Using 2 workers of 2 for evacuation
[704.404s][info][gc,phases      ] GC(1640)   Pre Evacuate Collection Set: 0.40ms
[704.404s][info][gc,phases      ] GC(1640)   Merge Heap Roots: 0.25ms
[704.404s][info][gc,phases      ] GC(1640)   Evacuate Collection Set: 36.97ms
[704.404s][info][gc,phases      ] GC(1640)   Post Evacuate Collection Set: 0.47ms
[704.404s][info][gc,phases      ] GC(1640)   Other: 0.22ms
[704.404s][info][gc,heap        ] GC(1640) Eden regions: 145->0(140)
[704.404s][info][gc,heap        ] GC(1640) Survivor regions: 12->20(20)
[704.404s][info][gc,heap        ] GC(1640) Old regions: 697->711
[704.404s][info][gc,heap        ] GC(1640) Humongous regions: 7->7
[704.404s][info][gc,metaspace   ] GC(1640) Metaspace: 19243K(19392K)->19243K(19392K) NonClass: 17413K(17536K)->17413K(17536K) Class: 1829K(1856K)->1829K(1856K)
[704.404s][info][gc             ] GC(1640) Pause Young (Concurrent Start) (G1 Evacuation Pause) 860M->737M(978M) 38.572ms
[704.404s][info][gc             ] GC(1641) Concurrent Mark Cycle
[704.404s][info][gc,marking     ] GC(1641) Concurrent Scan Root Regions
[704.406s][info][gc,cpu         ] GC(1640) User=0.07s Sys=0.00s Real=0.04s
[704.440s][info][gc,marking     ] GC(1641) Concurrent Scan Root Regions 35.584ms
[704.440s][info][gc,marking     ] GC(1641) Concurrent Mark
[704.440s][info][gc,marking     ] GC(1641) Concurrent Mark From Roots
[704.440s][info][gc,task        ] GC(1641) Using 1 workers of 1 for marking
[704.623s][info][gc,start       ] GC(1642) Pause Young (Normal) (G1 Evacuation Pause)
[704.623s][info][gc,task        ] GC(1642) Using 2 workers of 2 for evacuation
[704.652s][info][gc,phases      ] GC(1642)   Pre Evacuate Collection Set: 0.56ms
[704.652s][info][gc,phases      ] GC(1642)   Merge Heap Roots: 0.21ms
[704.652s][info][gc,phases      ] GC(1642)   Evacuate Collection Set: 27.48ms
[704.652s][info][gc,phases      ] GC(1642)   Post Evacuate Collection Set: 0.45ms
[704.652s][info][gc,phases      ] GC(1642)   Other: 0.10ms
[704.652s][info][gc,heap        ] GC(1642) Eden regions: 140->0(151)
[704.652s][info][gc,heap        ] GC(1642) Survivor regions: 20->2(20)
[704.652s][info][gc,heap        ] GC(1642) Old regions: 711->731
[704.652s][info][gc,heap        ] GC(1642) Humongous regions: 7->7
[704.652s][info][gc,metaspace   ] GC(1642) Metaspace: 19243K(19392K)->19243K(19392K) NonClass: 17413K(17536K)->17413K(17536K) Class: 1829K(1856K)->1829K(1856K)
[704.652s][info][gc             ] GC(1642) Pause Young (Normal) (G1 Evacuation Pause) 877M->739M(978M) 29.124ms
[704.652s][info][gc,cpu         ] GC(1642) User=0.05s Sys=0.00s Real=0.03s
[704.845s][info][gc,start       ] GC(1643) Pause Young (Normal) (G1 Evacuation Pause)
[704.845s][info][gc,task        ] GC(1643) Using 2 workers of 2 for evacuation
[704.863s][info][gc,phases      ] GC(1643)   Pre Evacuate Collection Set: 0.58ms
[704.863s][info][gc,phases      ] GC(1643)   Merge Heap Roots: 0.25ms
[704.863s][info][gc,phases      ] GC(1643)   Evacuate Collection Set: 17.04ms
[704.863s][info][gc,phases      ] GC(1643)   Post Evacuate Collection Set: 0.48ms
[704.863s][info][gc,phases      ] GC(1643)   Other: 0.08ms
[704.863s][info][gc,heap        ] GC(1643) Eden regions: 151->0(157)
[704.863s][info][gc,heap        ] GC(1643) Survivor regions: 2->7(20)
[704.863s][info][gc,heap        ] GC(1643) Old regions: 731->731
[704.863s][info][gc,heap        ] GC(1643) Humongous regions: 7->7
[704.863s][info][gc,metaspace   ] GC(1643) Metaspace: 19243K(19392K)->19243K(19392K) NonClass: 17413K(17536K)->17413K(17536K) Class: 1829K(1856K)->1829K(1856K)
[704.863s][info][gc             ] GC(1643) Pause Young (Normal) (G1 Evacuation Pause) 890M->744M(978M) 18.701ms
[704.863s][info][gc,cpu         ] GC(1643) User=0.04s Sys=0.00s Real=0.01s
[705.215s][info][gc,start       ] GC(1644) Pause Young (Normal) (G1 Evacuation Pause)
[705.215s][info][gc,task        ] GC(1644) Using 2 workers of 2 for evacuation
[705.289s][info][gc,phases      ] GC(1644)   Pre Evacuate Collection Set: 0.56ms
[705.289s][info][gc,phases      ] GC(1644)   Merge Heap Roots: 0.41ms
[705.289s][info][gc,phases      ] GC(1644)   Evacuate Collection Set: 71.86ms
[705.289s][info][gc,phases      ] GC(1644)   Post Evacuate Collection Set: 0.62ms
[705.289s][info][gc,phases      ] GC(1644)   Other: 0.09ms
[705.289s][info][gc,heap        ] GC(1644) Eden regions: 157->0(122)
[705.289s][info][gc,heap        ] GC(1644) Survivor regions: 7->21(21)
[705.289s][info][gc,heap        ] GC(1644) Old regions: 731->753
[705.289s][info][gc,heap        ] GC(1644) Humongous regions: 10->10
[705.289s][info][gc,metaspace   ] GC(1644) Metaspace: 19243K(19392K)->19243K(19392K) NonClass: 17413K(17536K)->17413K(17536K) Class: 1829K(1856K)->1829K(1856K)
[705.289s][info][gc             ] GC(1644) Pause Young (Normal) (G1 Evacuation Pause) 904M->783M(978M) 73.788ms
[705.289s][info][gc,cpu         ] GC(1644) User=0.14s Sys=0.00s Real=0.07s
[705.483s][info][gc,start       ] GC(1645) Pause Young (Normal) (G1 Evacuation Pause)
[705.483s][info][gc,task        ] GC(1645) Using 2 workers of 2 for evacuation
[705.556s][info][gc,phases      ] GC(1645)   Pre Evacuate Collection Set: 0.36ms
[705.556s][info][gc,phases      ] GC(1645)   Merge Heap Roots: 0.49ms
[705.556s][info][gc,phases      ] GC(1645)   Evacuate Collection Set: 71.67ms
[705.556s][info][gc,phases      ] GC(1645)   Post Evacuate Collection Set: 0.44ms
[705.556s][info][gc,phases      ] GC(1645)   Other: 0.11ms
[705.556s][info][gc,heap        ] GC(1645) Eden regions: 122->0(103)
[705.556s][info][gc,heap        ] GC(1645) Survivor regions: 21->18(18)
[705.556s][info][gc,heap        ] GC(1645) Old regions: 753->779
[705.556s][info][gc,heap        ] GC(1645) Humongous regions: 10->10
[705.556s][info][gc,metaspace   ] GC(1645) Metaspace: 19243K(19392K)->19243K(19392K) NonClass: 17413K(17536K)->17413K(17536K) Class: 1829K(1856K)->1829K(1856K)
[705.556s][info][gc             ] GC(1645) Pause Young (Normal) (G1 Evacuation Pause) 905M->806M(978M) 73.436ms
[705.556s][info][gc,cpu         ] GC(1645) User=0.14s Sys=0.00s Real=0.08s
[705.632s][info][gc,marking     ] GC(1641) Concurrent Mark From Roots 1192.545ms
[705.632s][info][gc,marking     ] GC(1641) Concurrent Preclean
[705.632s][info][gc,marking     ] GC(1641) Concurrent Preclean 0.057ms
[705.633s][info][gc,start       ] GC(1641) Pause Remark
[705.642s][info][gc             ] GC(1641) Pause Remark 846M->526M(978M) 9.455ms
[705.642s][info][gc,cpu         ] GC(1641) User=0.02s Sys=0.00s Real=0.01s
[705.642s][info][gc,marking     ] GC(1641) Concurrent Mark 1202.433ms
[705.642s][info][gc,marking     ] GC(1641) Concurrent Rebuild Remembered Sets and Scrub Regions
[705.739s][info][gc,start       ] GC(1646) Pause Young (Normal) (G1 Evacuation Pause)
[705.739s][info][gc,task        ] GC(1646) Using 2 workers of 2 for evacuation
[705.782s][info][gc,phases      ] GC(1646)   Pre Evacuate Collection Set: 0.34ms
[705.782s][info][gc,phases      ] GC(1646)   Merge Heap Roots: 0.20ms
[705.782s][info][gc,phases      ] GC(1646)   Evacuate Collection Set: 41.77ms
[705.782s][info][gc,phases      ] GC(1646)   Post Evacuate Collection Set: 0.41ms
[705.782s][info][gc,phases      ] GC(1646)   Other: 0.12ms
[705.782s][info][gc,heap        ] GC(1646) Eden regions: 103->0(312)
[705.782s][info][gc,heap        ] GC(1646) Survivor regions: 18->15(16)
[705.782s][info][gc,heap        ] GC(1646) Old regions: 463->482
[705.782s][info][gc,heap        ] GC(1646) Humongous regions: 6->6
[705.782s][info][gc,metaspace   ] GC(1646) Metaspace: 19243K(19392K)->19243K(19392K) NonClass: 17413K(17536K)->17413K(17536K) Class: 1829K(1856K)->1829K(1856K)
[705.782s][info][gc             ] GC(1646) Pause Young (Normal) (G1 Evacuation Pause) 589M->502M(978M) 43.107ms
[705.782s][info][gc,cpu         ] GC(1646) User=0.08s Sys=0.00s Real=0.04s
[706.126s][info][gc,marking     ] GC(1641) Concurrent Rebuild Remembered Sets and Scrub Regions 484.261ms
[706.127s][info][gc,start       ] GC(1641) Pause Cleanup
[706.127s][info][gc             ] GC(1641) Pause Cleanup 687M->687M(978M) 0.138ms
[706.127s][info][gc,cpu         ] GC(1641) User=0.00s Sys=0.00s Real=0.00s
[706.127s][info][gc,marking     ] GC(1641) Concurrent Clear Claimed Marks
[706.127s][info][gc,marking     ] GC(1641) Concurrent Clear Claimed Marks 0.050ms
[706.127s][info][gc,marking     ] GC(1641) Concurrent Cleanup for Next Mark
[706.134s][info][gc,marking     ] GC(1641) Concurrent Cleanup for Next Mark 6.994ms
[706.134s][info][gc             ] GC(1641) Concurrent Mark Cycle 1729.962ms
[706.267s][info][gc,start       ] GC(1647) Pause Young (Prepare Mixed) (G1 Evacuation Pause)
[706.267s][info][gc,task        ] GC(1647) Using 2 workers of 2 for evacuation
[706.298s][info][gc,phases      ] GC(1647)   Pre Evacuate Collection Set: 0.57ms
[706.298s][info][gc,phases      ] GC(1647)   Merge Heap Roots: 0.31ms
[706.298s][info][gc,phases      ] GC(1647)   Evacuate Collection Set: 28.70ms
[706.298s][info][gc,phases      ] GC(1647)   Post Evacuate Collection Set: 0.65ms
[706.298s][info][gc,phases      ] GC(1647)   Other: 0.09ms
[706.298s][info][gc,heap        ] GC(1647) Eden regions: 312->0(334)
[706.298s][info][gc,heap        ] GC(1647) Survivor regions: 15->20(41)
[706.298s][info][gc,heap        ] GC(1647) Old regions: 482->482
[706.298s][info][gc,heap        ] GC(1647) Humongous regions: 6->6
[706.298s][info][gc,metaspace   ] GC(1647) Metaspace: 19243K(19392K)->19243K(19392K) NonClass: 17413K(17536K)->17413K(17536K) Class: 1829K(1856K)->1829K(1856K)
[706.298s][info][gc             ] GC(1647) Pause Young (Prepare Mixed) (G1 Evacuation Pause) 814M->507M(978M) 30.580ms
[706.298s][info][gc,cpu         ] GC(1647) User=0.05s Sys=0.00s Real=0.03s
[707.027s][info][gc,start       ] GC(1648) Pause Young (Mixed) (G1 Evacuation Pause)
[707.027s][info][gc,task        ] GC(1648) Using 2 workers of 2 for evacuation
[707.084s][info][gc,phases      ] GC(1648)   Pre Evacuate Collection Set: 0.40ms
[707.084s][info][gc,phases      ] GC(1648)   Merge Heap Roots: 0.34ms
[707.084s][info][gc,phases      ] GC(1648)   Evacuate Collection Set: 55.86ms
[707.084s][info][gc,phases      ] GC(1648)   Post Evacuate Collection Set: 0.74ms
[707.085s][info][gc,phases      ] GC(1648)   Other: 0.13ms
[707.085s][info][gc,heap        ] GC(1648) Eden regions: 334->0(363)
[707.085s][info][gc,heap        ] GC(1648) Survivor regions: 20->43(45)
[707.085s][info][gc,heap        ] GC(1648) Old regions: 482->435
[707.085s][info][gc,heap        ] GC(1648) Humongous regions: 6->6
[707.085s][info][gc,metaspace   ] GC(1648) Metaspace: 19243K(19392K)->19243K(19392K) NonClass: 17413K(17536K)->17413K(17536K) Class: 1829K(1856K)->1829K(1856K)
[707.085s][info][gc             ] GC(1648) Pause Young (Mixed) (G1 Evacuation Pause) 841M->483M(978M) 57.827ms
[707.085s][info][gc,cpu         ] GC(1648) User=0.11s Sys=0.00s Real=0.06s
